07-11 18:27:35.024 32741 32741 I @@@BBPLOG: Info T430164F8 CPlayMain L250 The DataLog BUVID: XY2D9B72F2546DEAAD7E5CFE9D2961F9CF2FF
07-11 18:27:35.024 32741 32741 I @@@BBPLOG: Info T430164F8 CPlayMain L264 The DataLog AppVer: 5.6.9
07-11 18:27:35.024 32741 32741 I @@@BBPLOG: Info T430164F8 CPlayMain L284 The DataLog app type:   6
07-11 18:27:35.024 32741 32741 I @@@BBPLOG: Info T430164f8 BBPFuncLog L123 ----CIPMng::Clear Value is 00000000 start.
07-11 18:27:35.024 32741 32741 I @@@BBPLOG: Info T430164f8 BBPFuncLog L142 ----CIPMng::Clear leave! no return. Ussed Time: 0
07-11 18:27:35.024 32741 32741 I @@@BBPLOG: Info T430164F8 CPlayMain L272 The DataLog net type: 3
07-11 18:27:35.024 32741 32741 I @@@BBPLOG: Info T430164F8 CPlayMain L312 Set cronet engine: 0x709ec7d140
07-11 18:27:35.024 32741 32741 I @@@BBPLOG: Info T430164F8 CPlayMain L257 The Session UUID: 6b12de3d-2832-4eae-9474-2ad6270c2d07
07-11 18:27:35.025 32741 32741 I Player.Aidl.core0: [main] createPlayerCore
07-11 18:27:35.025 32741 32741 I Player.Aidl.core0: [main] initPlayerCore
07-11 18:27:35.028 32741 32741 D Player.BBPlayer: [main] event(1342177297): msg_log_cb, arg1: 0, arg2: 0, any: Info T430164F8 CPlayMain L257 The Session UUID: 6b12de3d-2832-4eae-9474-2ad6270c2d07
07-11 18:27:35.028 32741 32741 D Player.BBPlayer:
07-11 18:27:35.029 32741 32741 I Player.BBPlayer: [main] msg_log_cb, Info T430164F8 CPlayMain L257 The Session UUID: 6b12de3d-2832-4eae-9474-2ad6270c2d07
07-11 18:27:35.029 32741 32741 I Player.BBPlayer:
07-11 18:27:35.040  1077  1193 I neuron.producer: [thread_report] Producer init with sn=2.
07-11 18:27:35.040  7393 20676 W MediaProvider: Forgot to handle a top level directory in getContentUriForFile?
07-11 18:27:35.051 32567 32567 W MainActivityViewModel: [main] DownloadFileResolver, Start process local downloaded files!!!
07-11 18:27:35.057  1077  1193 I neuron.statistics: [thread_report] Statistics init mobile stats ts=0, bytes=0.
07-11 18:27:35.058 32567 32626 I DownloadFileResolver: [DefaultDispatcher-worker-1] Found downloaded files: 0
07-11 18:27:35.062  7393  7598 W MediaProvider: Failed to update quota for uri: content://media/external_primary/file/128153
07-11 18:27:35.062  7393  7598 W MediaProvider: java.io.FileNotFoundException: No item at content://media/external_primary/file/128153
07-11 18:27:35.062  7393  7598 W MediaProvider: 	at com.android.providers.media.MediaProvider.queryForSingleItem(MediaProvider.java:6502)
07-11 18:27:35.062  7393  7598 W MediaProvider: 	at com.android.providers.media.MediaProvider.queryForDataFile(MediaProvider.java:6464)
07-11 18:27:35.062  7393  7598 W MediaProvider: 	at com.android.providers.media.MediaProvider.queryForDataFile(MediaProvider.java:6456)
07-11 18:27:35.062  7393  7598 W MediaProvider: 	at com.android.providers.media.MediaProvider.updateQuotaTypeForUri(MediaProvider.java:608)
07-11 18:27:35.062  7393  7598 W MediaProvider: 	at com.android.providers.media.MediaProvider.access$900(MediaProvider.java:243)
07-11 18:27:35.062  7393  7598 W MediaProvider: 	at com.android.providers.media.MediaProvider$3.lambda$onUpdate$1(MediaProvider.java:695)
07-11 18:27:35.062  7393  7598 W MediaProvider: 	at com.android.providers.media.MediaProvider$3.lambda$onUpdate$1$MediaProvider$3(Unknown Source:0)
07-11 18:27:35.062  7393  7598 W MediaProvider: 	at com.android.providers.media.-$$Lambda$MediaProvider$3$WJkiC6ajEYmAPvc5_niXuh2KmrI.run(Unknown Source:8)
07-11 18:27:35.062  7393  7598 W MediaProvider: 	at android.os.Handler.handleCallback(Handler.java:938)
07-11 18:27:35.062  7393  7598 W MediaProvider: 	at android.os.Handler.dispatchMessage(Handler.java:99)
07-11 18:27:35.062  7393  7598 W MediaProvider: 	at android.os.Looper.loop(Looper.java:236)
07-11 18:27:35.062  7393  7598 W MediaProvider: 	at android.os.HandlerThread.run(HandlerThread.java:67)
07-11 18:27:35.062  1077  1193 I neuron.traffic: [thread_report] Traffic policy initial interval=3000, batchSize=120
07-11 18:27:35.089 32567 32692 I awcn.HttpDispatcher:  sendAmdcRequest hosts:[amdcopen.m.taobao.com]
07-11 18:27:35.089 32567 32692 I awcn.AmdcThreadPoolExecutor:  merge amdc request delay:4099
07-11 18:27:35.090 32567 32692 D getConnStrategyListByHost: |[seq:host] amdcopen.m.taobao.com:result []
07-11 18:27:35.090 32567 32692 I awcn.DispatchCore: |[seq:AMDC1] send amdc request url:https://amdcopen.m.taobao.com/amdc/mobileDispatch?appkey=umeng%3A546d7dd7fd98c58fc800082c&platform=android&v=5.0
07-11 18:27:35.090 32567 32692 I awcn.DispatchCore: host:umengacs.m.taobao.com
07-11 18:27:35.091 32567 32692 D awcn.DispatchCore: |[seq:AMDC1] amdc request. headers:{Accept-Encoding=[gzip], Connection=[close], Host=[amdcopen.m.taobao.com]}
07-11 18:27:35.094  2988 11409 W TelephonyPermissions: reportAccessDeniedToReadIdentifiers:cn.missevan.coexist:getDeviceId:-1
07-11 18:27:35.097  2988 11409 E PhoneInterfaceManager: [PhoneIntfMgr] getCarrierPrivilegeStatusForUid: No UICC
07-11 18:27:35.098  2988 11409 W TelephonyPermissions: reportAccessDeniedToReadIdentifiers:cn.missevan.coexist:getSubscriberId:4
07-11 18:27:35.101  1077  1175 W NAccs.ACCSMgrImpl_default:  bindApp only allow in main process
07-11 18:27:35.162 32567   770 D CronetEngine: [thread_background]
07-11 18:27:35.162 32567   770 D CronetEngine: url: https://static.maoercdn.com/app/privacy/privacy-20211209.json
07-11 18:27:35.162 32567   770 D CronetEngine:  ip: 182.40.51.242
07-11 18:27:35.162 32567   770 D CronetEngine:  hostResolverProvider: ali
07-11 18:27:35.162 32567   770 D CronetEngine:  hostResolveIps: ["182.40.51.242","182.40.51.240","182.40.51.241","182.40.51.239","182.40.51.244","182.40.51.238","182.40.51.248","182.40.51.243"]
07-11 18:27:35.162 32567   770 D CronetEngine: exception: null
07-11 18:27:35.163 32567 32710 I BLOG    : [RxCachedThreadScheduler-4] HTTP request: [2022-07-11T10:27:35.048Z] GET https://static.maoercdn.com/app/privacy/privacy-20211209.json 200 111ms 0
07-11 18:27:35.195   910  2332 E CamX    : [ERROR][NCS    ] camxncsservice.cpp:594 EnqueueJob() Can not enqueue jobs when thread is stopped
07-11 18:27:35.195   910  2332 W CamX    : [ WARN][NCS    ] camxncsintfqsee.cpp:2263 FillSensorData() Buffer queue for sensor 7 has been freed: bufh=0x0, bufsize=1248, stride=4
07-11 18:27:35.196   969  1771 D DisplayFeatureHal: HandleSunlightScreen enter modeId 0, cookie = 0
07-11 18:27:35.196   969  1771 D DisplayFeatureHal: HandleSunlightScreen exit ret -1
07-11 18:27:35.241 32567   770 D CronetEngine: [thread_background]
07-11 18:27:35.241 32567   770 D CronetEngine: url: https://app.missevan.com/discovery/hot-search
07-11 18:27:35.241 32567   770 D CronetEngine:  ip: 120.55.150.164
07-11 18:27:35.241 32567   770 D CronetEngine:  hostResolverProvider:
07-11 18:27:35.241 32567   770 D CronetEngine:  hostResolveIps: []
07-11 18:27:35.241 32567   770 D CronetEngine: exception: null
07-11 18:27:35.243 32567   421 I BLOG    : [RxCachedThreadScheduler-7] HTTP request: [2022-07-11T10:27:35.202Z] GET https://app.missevan.com/discovery/hot-search 200 38ms 0
07-11 18:27:35.251 21615 21615 D TouchAssistant: AssistantWindowHelper handleAutoSlideAway, forceSlideAway()
07-11 18:27:35.251 21615 21615 D TouchAssistant: AssistantWindowHelper forceSlideAway()
07-11 18:27:35.251 21615 21615 D TouchAssistant: AssistantWindowHelper onAutoSlideAway() mIsAutoSliding: false, mIsAutoSliding: false
07-11 18:27:35.260 32567 32692 D awcn.DispatchCore: |[seq:AMDC1] amdc response. code: 200
07-11 18:27:35.260 32567 32692 D awcn.DispatchCore: headers:{null=[HTTP/1.1 200 OK], Cache-Control=[no-cache], Connection=[close], Content-Encoding=[gzip], Content-Type=[application/json;charset=UTF-8], Date=[Mon, 11 Jul 2022 10:27:34 GMT], pragma=[no-cache], Server=[Tengine], Transfer-Encoding=[chunked], Vary=[Accept-Encoding], x-am-code=[1000], x-am-id=[amdc033044231128.center.na620_1657535254788_136033725], x-am-sign=[c732ead243bf1eee9eba17c188745d6c030a3425f7914e52a82ae4bcf9e81eb2], X-Android-Received-Millis=[1657535255259], X-Android-Response-Source=[NETWORK 200], X-Android-Selected-Protocol=[http/1.1], X-Android-Sent-Millis=[1657535255223]}
07-11 18:27:35.261 32567 32692 D awcn.DispatchCore: |[seq:AMDC1] amdc response body
07-11 18:27:35.261 32567 32692 D awcn.DispatchCore: body:{"accessPoint":"100017_310000_4","carrier":"电信","clientIsp":"100017","code":1000,"cv":0,"dns":[{"aisles":[{"cto":10000,"heartbeat":45000,"port":443,"protocol":"http2","publickey":"acs","retry":1,"rto":10000,"rtt":"0rtt"},{"cto":10000,"heartbeat":45000,"port":80,"protocol":"http2","publickey":"acs","retry":1,"rto":10000,"rtt":"0rtt"},{"cto":10000,"heartbeat":45000,"port":443,"protocol":"spdy","publickey":"acs","retry":1,"rto":10000,"rtt":"0rtt"},{"cto":10000,"heartbeat":45000,"port":80,"protocol":"spdy","publickey":"acs","retry":1,"rto":10000,"rtt":"0rtt"},{"cto":10000,"heartbeat":0,"port":443,"protocol":"https","retry":1,"rto":10000}],"host":"umengacs.m.taobao.com","ips":["203.119.128.124","203.119.215.109"],"isHot":1,"safeAisles":"https","strategies":[],"ttl":3600,"version":"863"}],"ip":"114.88.134.137"}
07-11 18:27:35.263 32567 32692 D awcn.StrategyCenter:  receive amdc event
07-11 18:27:35.263 32567 32692 I awcn.StrategyTable: |[seq:WIFI$d41d8cd98f00b204e9800998ecf8427e] update strategyTable with httpDns response
07-11 18:27:35.264 32567 32692 D awcn.StrategyTable:  uniqueId : WIFI$d41d8cd98f00b204e9800998ecf8427e
07-11 18:27:35.264 32567 32692 D awcn.StrategyTable: -------------------------domains:------------------------------------
07-11 18:27:35.264 32567 32692 D awcn.StrategyTable:  amdcopen.m.taobao.com =
07-11 18:27:35.264 32567 32692 D awcn.StrategyTable: StrategyList = 1657535285089[]
07-11 18:27:35.264 32567 32692 D awcn.StrategyTable:  umengacs.m.taobao.com =
07-11 18:27:35.264 32567 32692 D awcn.StrategyTable: StrategyList = 1657538855263[{203.119.128.124 443 http2_0rtt_acs}, {203.119.215.109 443 http2_0rtt_acs}, {203.119.128.124 80 http2_0rtt_acs}, {203.119.215.109 80 http2_0rtt_acs}, {203.119.128.124 443 spdy_0rtt_acs}, {203.119.215.109 443 spdy_0rtt_acs}, {203.119.128.124 80 spdy_0rtt_acs}, {203.119.215.109 80 spdy_0rtt_acs}, {203.119.128.124 443 https}, {203.119.215.109 443 https}]
07-11 18:27:35.264 32567 32692 D awcn.StrategyConfig:   SchemeMap:{umengacs.m.taobao.com=https}
07-11 18:27:35.264 32567 32692 D awcn.StrategyConfig:   UnitMap:{}
07-11 18:27:35.264 32567 32692 I awcn.StrategyCenter:  saveData
07-11 18:27:35.265 32567 32692 I anet.HorseRaceDetector:  onStrategyUpdated
07-11 18:27:35.265 32567 32692 D awcn.StrategyCenter:  getSchemeByHost host:umengacs.m.taobao.com scheme:https
07-11 18:27:35.265 32567 32692 D awcn.SessionCenter: |[seq:umeng:546d7dd7fd98c58fc800082c] getInternal u:https://umengacs.m.taobao.com sessionType:LongLink timeout:0
07-11 18:27:35.265 32567 32692 D awcn.StrategyCenter:  getSchemeByHost host:umengacs.m.taobao.com scheme:https
07-11 18:27:35.265 32567 32692 D awcn.SessionCenter: |[seq:umeng:546d7dd7fd98c58fc800082c] get internal hit cache session session:Session@[umeng:546d7dd7fd98c58fc800082c.AWCN1_1|http2_0rtt_open]
07-11 18:27:35.307 32567   770 D CronetEngine: [thread_background]
07-11 18:27:35.307 32567   770 D CronetEngine: url: https://app.missevan.com/person/homepage-icons
07-11 18:27:35.307 32567   770 D CronetEngine:  ip: 120.55.150.164
07-11 18:27:35.307 32567   770 D CronetEngine:  hostResolverProvider:
07-11 18:27:35.307 32567   770 D CronetEngine:  hostResolveIps: []
07-11 18:27:35.307 32567   770 D CronetEngine: exception: null
07-11 18:27:35.309 32567 32678 I BLOG    : [RxCachedThreadScheduler-1] HTTP request: [2022-07-11T10:27:35.258Z] GET https://app.missevan.com/person/homepage-icons 200 47ms 0
07-11 18:27:35.313   908 12402 I vendor.qti.bluetooth@1.0-ibs_handler: ProcessIbsCmd: Received IBS_WAKE_IND: 0xFD
07-11 18:27:35.313   908 12402 D vendor.qti.bluetooth@1.0-ibs_handler: SerialClockVote: vote for UART CLK ON
07-11 18:27:35.313   908 12402 D vendor.qti.bluetooth@1.0-wake_lock: Acquire wakelock is acquired
07-11 18:27:35.313   908 12402 I vendor.qti.bluetooth@1.0-ibs_handler: ProcessIbsCmd: Writing IBS_WAKE_ACK
07-11 18:27:35.314 12146 12405 V bt_stack: [VERBOSE1:btm_ble_gap.cc(1924)] btm_ble_process_ext_adv_pkt: bda=7c:25:da:a1:a6:8e
07-11 18:27:35.315 12146 12405 V bt_stack: [VERBOSE1:btm_ble_gap.cc(1848)] btm_ble_process_adv_addr: bda=7c:25:da:a1:a6:8e
07-11 18:27:35.315 12146 12405 V bt_stack: [VERBOSE1:btm_inq.cc(1019)] BTM_InqDbRead: bd addr 7c:25:da:a1:a6:8e
07-11 18:27:35.315 12146 12405 V bt_stack: [VERBOSE1:btm_ble_gap.cc(1924)] btm_ble_process_ext_adv_pkt: bda=65:58:f5:46:37:f5
07-11 18:27:35.315 12146 12405 V bt_stack: [VERBOSE1:btm_ble_gap.cc(1848)] btm_ble_process_adv_addr: bda=65:58:f5:46:37:f5
07-11 18:27:35.315 12146 12405 V bt_stack: [VERBOSE1:btm_ble_gap.cc(2058)]  Waiting for scan response 65:58:f5:46:37:f5
07-11 18:27:35.315 12146 12405 V bt_stack: [VERBOSE1:btm_ble_gap.cc(1924)] btm_ble_process_ext_adv_pkt: bda=65:58:f5:46:37:f5
07-11 18:27:35.315 12146 12405 V bt_stack: [VERBOSE1:btm_ble_gap.cc(1848)] btm_ble_process_adv_addr: bda=65:58:f5:46:37:f5
07-11 18:27:35.315 12146 12405 V bt_stack: [VERBOSE1:btm_inq.cc(1019)] BTM_InqDbRead: bd addr 65:58:f5:46:37:f5
07-11 18:27:35.316  3576 12463 E MiuiFastConnectService: check adv data not fast connect
07-11 18:27:35.325 12146 12405 V bt_stack: [VERBOSE1:btm_ble_gap.cc(1924)] btm_ble_process_ext_adv_pkt: bda=65:58:f5:46:37:f5
07-11 18:27:35.325 12146 12405 V bt_stack: [VERBOSE1:btm_ble_gap.cc(1848)] btm_ble_process_adv_addr: bda=65:58:f5:46:37:f5
07-11 18:27:35.325 12146 12405 V bt_stack: [VERBOSE1:btm_ble_gap.cc(2058)]  Waiting for scan response 65:58:f5:46:37:f5
07-11 18:27:35.342 32567 32567 D LiveRecommendNavigatorAdapter: [main] size: 55
07-11 18:27:35.354 32567  1169 D skia    : --- Failed to create image decoder with message 'unimplemented'
07-11 18:27:35.356 32567  1169 I chatty  : uid=10841(cn.missevan.coexist) glide-source-th identical 2 lines
07-11 18:27:35.356 32567  1169 D skia    : --- Failed to create image decoder with message 'unimplemented'
07-11 18:27:35.405   908 12402 I vendor.qti.bluetooth@1.0-ibs_handler: ProcessIbsCmd: Received IBS_SLEEP_IND: 0xFE
07-11 18:27:35.405   908 12402 D vendor.qti.bluetooth@1.0-ibs_handler: SerialClockVote: vote for UART CLK OFF
07-11 18:27:35.489 32567 32567 I UGCRecommendPageFragment: [main] initView
07-11 18:27:35.519 32567   770 D CronetEngine: [thread_background]
07-11 18:27:35.519 32567   770 D CronetEngine: url: https://fm.missevan.com/api/v2/meta/data
07-11 18:27:35.519 32567   770 D CronetEngine:  ip: 118.31.132.182
07-11 18:27:35.519 32567   770 D CronetEngine:  hostResolverProvider:
07-11 18:27:35.519 32567   770 D CronetEngine:  hostResolveIps: []
07-11 18:27:35.519 32567   770 D CronetEngine: exception: null
07-11 18:27:35.520 32567   770 D CronetEngine: [thread_background]
07-11 18:27:35.520 32567   770 D CronetEngine: url: https://fm.missevan.com/api/v2/meta/banner
07-11 18:27:35.520 32567   770 D CronetEngine:  ip: 118.31.132.182
07-11 18:27:35.520 32567   770 D CronetEngine:  hostResolverProvider:
07-11 18:27:35.520 32567   770 D CronetEngine:  hostResolveIps: []
07-11 18:27:35.520 32567   770 D CronetEngine: exception: null
07-11 18:27:35.521 32567 32711 I BLOG    : [RxCachedThreadScheduler-5] HTTP request: [2022-07-11T10:27:35.475Z] GET https://fm.missevan.com/api/v2/meta/banner 200 40ms 0
07-11 18:27:35.521  1331  2606 D BufferPoolAccessor2.0: evictor expired: 1, evicted: 0
07-11 18:27:35.522 32567 32688 I BLOG    : [RxCachedThreadScheduler-3] HTTP request: [2022-07-11T10:27:35.473Z] GET https://fm.missevan.com/api/v2/meta/data 200 44ms 0
07-11 18:27:35.527 32567   770 D CronetEngine: [thread_background]
07-11 18:27:35.527 32567   770 D CronetEngine: url: https://fm.missevan.com/api/v2/user/rank/top
07-11 18:27:35.527 32567   770 D CronetEngine:  ip: 118.31.132.182
07-11 18:27:35.527 32567   770 D CronetEngine:  hostResolverProvider:
07-11 18:27:35.527 32567   770 D CronetEngine:  hostResolveIps: []
07-11 18:27:35.527 32567   770 D CronetEngine: exception: null
07-11 18:27:35.529 32567 32684 I BLOG    : [RxCachedThreadScheduler-2] HTTP request: [2022-07-11T10:27:35.475Z] GET https://fm.missevan.com/api/v2/user/rank/top 200 51ms 0
07-11 18:27:35.548 32567 32585 W System  : A resource failed to call close.
07-11 18:27:35.549 32567 32585 W System  : A resource failed to call end.
07-11 18:27:35.555   908 12312 D vendor.qti.bluetooth@1.0-wake_lock: Release wakelock is released
07-11 18:27:35.557 32567   770 D CronetEngine: [thread_background]
07-11 18:27:35.557 32567   770 D CronetEngine: url: https://fm.missevan.com/api/v2/chatroom/open/list?p=1&type=0
07-11 18:27:35.557 32567   770 D CronetEngine:  ip: 118.31.132.182
07-11 18:27:35.557 32567   770 D CronetEngine:  hostResolverProvider:
07-11 18:27:35.557 32567   770 D CronetEngine:  hostResolveIps: []
07-11 18:27:35.557 32567   770 D CronetEngine: exception: null
07-11 18:27:35.560 32567 32710 I BLOG    : [RxCachedThreadScheduler-4] HTTP request: [2022-07-11T10:27:35.476Z] GET https://fm.missevan.com/api/v2/chatroom/open/list?p=1&type=0 200 80ms 0
07-11 18:27:35.563 21615 21615 D TouchAssistant: updateAll and mViewAdded = true
07-11 18:27:35.563 32567 32567 D DecorView[MainActivity]: getWindowModeFromSystem  windowmode is 1
07-11 18:27:35.580 32567   770 D CronetEngine: [thread_background]
07-11 18:27:35.580 32567   770 D CronetEngine: url: https://app.missevan.com/site/editor-choice
07-11 18:27:35.580 32567   770 D CronetEngine:  ip: 182.40.51.242
07-11 18:27:35.580 32567   770 D CronetEngine:  hostResolverProvider:
07-11 18:27:35.580 32567   770 D CronetEngine:  hostResolveIps: []
07-11 18:27:35.580 32567   770 D CronetEngine: exception: null
07-11 18:27:35.581 32567 32678 I BLOG    : [RxCachedThreadScheduler-1] HTTP request: [2022-07-11T10:27:35.508Z] GET https://app.missevan.com/site/editor-choice 200 71ms 0
07-11 18:27:35.595  2687  2687 D StatusBar: disable<e i a s b h r c s > disable2<q i n >
07-11 18:27:35.596 32567   770 D CronetEngine: [thread_background]
07-11 18:27:35.596 32567   770 D CronetEngine: url: https://app.missevan.com/site/catalog-root
07-11 18:27:35.596 32567   770 D CronetEngine:  ip: 120.55.150.164
07-11 18:27:35.596 32567   770 D CronetEngine:  hostResolverProvider:
07-11 18:27:35.596 32567   770 D CronetEngine:  hostResolveIps: []
07-11 18:27:35.596 32567   770 D CronetEngine: exception: null
07-11 18:27:35.597 32567   421 I BLOG    : [RxCachedThreadScheduler-7] HTTP request: [2022-07-11T10:27:35.505Z] GET https://app.missevan.com/site/catalog-root 200 89ms 0
07-11 18:27:35.607 32567   770 D CronetEngine: [thread_background]
07-11 18:27:35.607 32567   770 D CronetEngine: url: https://app.missevan.com/site/editor-catalog
07-11 18:27:35.607 32567   770 D CronetEngine:  ip: 182.40.51.242
07-11 18:27:35.607 32567   770 D CronetEngine:  hostResolverProvider:
07-11 18:27:35.607 32567   770 D CronetEngine:  hostResolveIps: []
07-11 18:27:35.607 32567   770 D CronetEngine: exception: null
07-11 18:27:35.609 32567  1214 I BLOG    : [RxCachedThreadScheduler-8] HTTP request: [2022-07-11T10:27:35.511Z] GET https://app.missevan.com/site/editor-catalog 200 94ms 0
07-11 18:27:35.637 32567 32567 W RecyclerView: No adapter attached; skipping layout
07-11 18:27:35.649 32567 32567 W Looper  : PerfMonitor doFrame : time=385ms vsyncFrame=0 latency=293ms procState=2 historyMsgCount=6 (msgIndex=4 wall=290ms seq=606 running=247ms runnable=5ms io=3ms late=6ms h=android.os.Handler c=androidx.fragment.app.FragmentManager$4)
07-11 18:27:35.650 32567 32567 I SplashFragment: [main] Delay times up, mHasRunLaunchMain: true
07-11 18:27:35.664 32567 32567 D String  : [main] current shown dialog count: 1
07-11 18:27:35.674 32567 32567 D DecorView: createDecorCaptionView windowingMode:1 mWindowMode 1 isFullscreen: true
07-11 18:27:35.692  2687  2687 D StatusBar: disable<e i a s b h r c s > disable2<q i n >
07-11 18:27:35.692  2687  2687 D StatusBar: disable<e i a s b h r c s > disable2<q i n >
07-11 18:27:35.712  1969  7079 I chatty  : uid=1000(system) Binder:1969_11 expire 1 line
07-11 18:27:35.714 32567 32567 I Choreographer: Skipped 39 frames!  The application may be doing too much work on its main thread.
07-11 18:27:35.720  2687  2687 D StatusBar: disable<e i a s b h r c s > disable2<q i n >
07-11 18:27:35.755 32567 32567 W Looper  : PerfMonitor doFrame : time=41ms vsyncFrame=0 latency=443ms procState=2 historyMsgCount=61 (msgIndex=1 wall=385ms seq=609 running=333ms runnable=8ms late=293ms h=android.view.Choreographer$FrameHandler c=android.view.Choreographer$FrameDisplayEventReceiver)
07-11 18:27:35.763  2687  2687 D StatusBar: disable<e i a s b h r c s > disable2<q i n >
07-11 18:27:35.768  1969  3096 I chatty  : uid=1000(system) Binder:1969_8 expire 1 line
07-11 18:27:35.773 32567 32691 I awcn.SerializeHelper:  persist end. file:/data/user/0/cn.missevan.coexist/files/awcn_strategy/WIFI$d41d8cd98f00b204e9800998ecf8427e size:3169 cost:8
07-11 18:27:35.775 32567 32691 I awcn.SerializeHelper:  persist end. file:/data/user/0/cn.missevan.coexist/files/awcn_strategy/StrategyConfig size:1356 cost:2
07-11 18:27:35.850 32567 32567 W ViewPager2Helper: [main] ReplaceSnapHelper success
07-11 18:27:35.853 32567 32567 I Banner  : [main] banner resume loop
07-11 18:27:35.855 32567 32567 I chatty  : uid=10841(cn.missevan.coexist) identical 14 lines
07-11 18:27:35.855 32567 32567 I Banner  : [main] banner resume loop
07-11 18:27:35.868 32567   770 D CronetEngine: [thread_background]
07-11 18:27:35.868 32567   770 D CronetEngine: url: https://fm.missevan.com/api/v2/user/rank/top
07-11 18:27:35.868 32567   770 D CronetEngine:  ip: 118.31.132.182
07-11 18:27:35.868 32567   770 D CronetEngine:  hostResolverProvider:
07-11 18:27:35.868 32567   770 D CronetEngine:  hostResolveIps: []
07-11 18:27:35.868 32567   770 D CronetEngine: exception: null
07-11 18:27:35.869 32567 32711 I BLOG    : [RxCachedThreadScheduler-5] HTTP request: [2022-07-11T10:27:35.822Z] GET https://fm.missevan.com/api/v2/user/rank/top 200 43ms 0
07-11 18:27:35.873 32567   770 D CronetEngine: [thread_background]
07-11 18:27:35.873 32567   770 D CronetEngine: url: https://fm.missevan.com/api/v2/recommended/top
07-11 18:27:35.873 32567   770 D CronetEngine:  ip: 118.31.132.182
07-11 18:27:35.873 32567   770 D CronetEngine:  hostResolverProvider:
07-11 18:27:35.873 32567   770 D CronetEngine:  hostResolveIps: []
07-11 18:27:35.873 32567   770 D CronetEngine: exception: null
07-11 18:27:35.874 32567 32678 I BLOG    : [RxCachedThreadScheduler-1] HTTP request: [2022-07-11T10:27:35.816Z] GET https://fm.missevan.com/api/v2/recommended/top 200 54ms 0
07-11 18:27:35.894 32567 32567 W ViewPager2Helper: [main] ReplaceSnapHelper success
07-11 18:27:35.896 32567 32567 I Banner  : [main] banner resume loop
07-11 18:27:35.898 32567 32567 I Banner  : [main] banner resume loop
07-11 18:27:35.902 32567   770 D CronetEngine: [thread_background]
07-11 18:27:35.902 32567   770 D CronetEngine: url: https://fm.missevan.com/api/v2/recommended/homepage?persona_id=2
07-11 18:27:35.902 32567   770 D CronetEngine:  ip: 118.31.132.182
07-11 18:27:35.902 32567   770 D CronetEngine:  hostResolverProvider:
07-11 18:27:35.902 32567   770 D CronetEngine:  hostResolveIps: []
07-11 18:27:35.902 32567   770 D CronetEngine: exception: null
07-11 18:27:35.903 32567  1214 I BLOG    : [RxCachedThreadScheduler-8] HTTP request: [2022-07-11T10:27:35.817Z] GET https://fm.missevan.com/api/v2/recommended/homepage?persona_id=2 200 84ms 0
07-11 18:27:35.945 32567 32567 W ViewPager2Helper: [main] ReplaceSnapHelper success
07-11 18:27:35.947 32567   770 D CronetEngine: [thread_background]
07-11 18:27:35.947 32567   770 D CronetEngine: url: https://app.missevan.com/site/tab-icons?tab_id=102
07-11 18:27:35.947 32567   770 D CronetEngine:  ip: 120.55.150.164
07-11 18:27:35.947 32567   770 D CronetEngine:  hostResolverProvider:
07-11 18:27:35.947 32567   770 D CronetEngine:  hostResolveIps: []
07-11 18:27:35.947 32567   770 D CronetEngine: exception: null
07-11 18:27:35.948 32567 32567 I Banner  : [main] banner resume loop
07-11 18:27:35.949 32567 32567 I Banner  : [main] banner resume loop
07-11 18:27:35.950 32567  1231 I BLOG    : [RxCachedThreadScheduler-13] HTTP request: [2022-07-11T10:27:35.840Z] GET https://app.missevan.com/site/tab-icons?tab_id=102 200 105ms 0
07-11 18:27:35.956 32567   770 D CronetEngine: [thread_background]
07-11 18:27:35.956 32567   770 D CronetEngine: url: https://app.missevan.com/you-might-like/my-favors?persona_id=2
07-11 18:27:35.956 32567   770 D CronetEngine:  ip: 120.55.150.164
07-11 18:27:35.956 32567   770 D CronetEngine:  hostResolverProvider:
07-11 18:27:35.956 32567   770 D CronetEngine:  hostResolveIps: []
07-11 18:27:35.956 32567   770 D CronetEngine: exception: null
07-11 18:27:35.957   908 12402 I vendor.qti.bluetooth@1.0-ibs_handler: ProcessIbsCmd: Received IBS_WAKE_IND: 0xFD
07-11 18:27:35.957   908 12402 D vendor.qti.bluetooth@1.0-ibs_handler: SerialClockVote: vote for UART CLK ON
07-11 18:27:35.957   908 12402 D vendor.qti.bluetooth@1.0-wake_lock: Acquire wakelock is acquired
07-11 18:27:35.957   908 12402 I vendor.qti.bluetooth@1.0-ibs_handler: ProcessIbsCmd: Writing IBS_WAKE_ACK
07-11 18:27:35.958 32567   300 I BLOG    : [RxCachedThreadScheduler-6] HTTP request: [2022-07-11T10:27:35.816Z] GET https://app.missevan.com/you-might-like/my-favors?persona_id=2 200 132ms 0
07-11 18:27:35.958 12146 12405 V bt_stack: [VERBOSE1:btm_ble_gap.cc(1924)] btm_ble_process_ext_adv_pkt: bda=65:58:f5:46:37:f5
07-11 18:27:35.958 12146 12405 V bt_stack: [VERBOSE1:btm_ble_gap.cc(1848)] btm_ble_process_adv_addr: bda=65:58:f5:46:37:f5
07-11 18:27:35.958 12146 12405 V bt_stack: [VERBOSE1:btm_ble_gap.cc(2058)]  Waiting for scan response 65:58:f5:46:37:f5
07-11 18:27:35.959 12146 12405 V bt_stack: [VERBOSE1:btm_ble_gap.cc(1924)] btm_ble_process_ext_adv_pkt: bda=65:58:f5:46:37:f5
07-11 18:27:35.959 12146 12405 V bt_stack: [VERBOSE1:btm_ble_gap.cc(1848)] btm_ble_process_adv_addr: bda=65:58:f5:46:37:f5
07-11 18:27:35.959 12146 12405 V bt_stack: [VERBOSE1:btm_ble_gap.cc(2058)]  Waiting for scan response 65:58:f5:46:37:f5
07-11 18:27:35.959 12146 12405 V bt_stack: [VERBOSE1:btm_ble_gap.cc(1924)] btm_ble_process_ext_adv_pkt: bda=65:58:f5:46:37:f5
07-11 18:27:35.959 12146 12405 V bt_stack: [VERBOSE1:btm_ble_gap.cc(1848)] btm_ble_process_adv_addr: bda=65:58:f5:46:37:f5
07-11 18:27:35.959 12146 12405 V bt_stack: [VERBOSE1:btm_inq.cc(1019)] BTM_InqDbRead: bd addr 65:58:f5:46:37:f5
07-11 18:27:35.959 12146 12405 V bt_stack: [VERBOSE1:btm_ble_gap.cc(1924)] btm_ble_process_ext_adv_pkt: bda=65:58:f5:46:37:f5
07-11 18:27:35.959 12146 12405 V bt_stack: [VERBOSE1:btm_ble_gap.cc(1848)] btm_ble_process_adv_addr: bda=65:58:f5:46:37:f5
07-11 18:27:35.959 12146 12405 V bt_stack: [VERBOSE1:btm_ble_gap.cc(2058)]  Waiting for scan response 65:58:f5:46:37:f5
07-11 18:27:35.959 12146 12405 V bt_stack: [VERBOSE1:btm_ble_gap.cc(1924)] btm_ble_process_ext_adv_pkt: bda=65:58:f5:46:37:f5
07-11 18:27:35.959 12146 12405 V bt_stack: [VERBOSE1:btm_ble_gap.cc(1848)] btm_ble_process_adv_addr: bda=65:58:f5:46:37:f5
07-11 18:27:35.959 12146 12405 V bt_stack: [VERBOSE1:btm_inq.cc(1019)] BTM_InqDbRead: bd addr 65:58:f5:46:37:f5
07-11 18:27:35.977 32567   770 D CronetEngine: [thread_background]
07-11 18:27:35.977 32567   770 D CronetEngine: url: https://app.missevan.com/drama/tag
07-11 18:27:35.977 32567   770 D CronetEngine:  ip: 120.55.150.164
07-11 18:27:35.977 32567   770 D CronetEngine:  hostResolverProvider:
07-11 18:27:35.977 32567   770 D CronetEngine:  hostResolveIps: []
07-11 18:27:35.977 32567   770 D CronetEngine: exception: null
07-11 18:27:35.979 32567  1228 I BLOG    : [RxCachedThreadScheduler-12] HTTP request: [2022-07-11T10:27:35.837Z] GET https://app.missevan.com/drama/tag 200 139ms 0
07-11 18:27:35.990 32567   770 D CronetEngine: [thread_background]
07-11 18:27:35.990 32567   770 D CronetEngine: url: https://app.missevan.com/drama/recommend-modules?catalog_id=89
07-11 18:27:35.990 32567   770 D CronetEngine:  ip: 120.55.150.164
07-11 18:27:35.990 32567   770 D CronetEngine:  hostResolverProvider:
07-11 18:27:35.990 32567   770 D CronetEngine:  hostResolveIps: []
07-11 18:27:35.990 32567   770 D CronetEngine: exception: null
07-11 18:27:35.992 32567  1230 I BLOG    : [RxCachedThreadScheduler-11] HTTP request: [2022-07-11T10:27:35.840Z] GET https://app.missevan.com/drama/recommend-modules?catalog_id=89 200 140ms 0
07-11 18:27:36.006 32567 32567 W ViewPager2Helper: [main] ReplaceSnapHelper success
07-11 18:27:36.007 32567   770 D CronetEngine: [thread_background]
07-11 18:27:36.007 32567   770 D CronetEngine: url: https://app.missevan.com/catalog/recommend-modules?catalog_id=108
07-11 18:27:36.007 32567   770 D CronetEngine:  ip: 120.55.150.164
07-11 18:27:36.007 32567   770 D CronetEngine:  hostResolverProvider:
07-11 18:27:36.007 32567   770 D CronetEngine:  hostResolveIps: []
07-11 18:27:36.007 32567   770 D CronetEngine: exception: null
07-11 18:27:36.008 32567   770 D CronetEngine: [thread_background]
07-11 18:27:36.008 32567   770 D CronetEngine: url: https://app.missevan.com/site/get-top?persona_id=2
07-11 18:27:36.008 32567   770 D CronetEngine:  ip: 120.55.150.164
07-11 18:27:36.008 32567   770 D CronetEngine:  hostResolverProvider:
07-11 18:27:36.008 32567   770 D CronetEngine:  hostResolveIps: []
07-11 18:27:36.008 32567   770 D CronetEngine: exception: null
07-11 18:27:36.009 32567 32567 I Banner  : [main] banner resume loop
07-11 18:27:36.009 32567 32684 I BLOG    : [RxCachedThreadScheduler-2] HTTP request: [2022-07-11T10:27:35.815Z] GET https://app.missevan.com/site/get-top?persona_id=2 200 187ms 0
07-11 18:27:36.009 32567 32567 I Banner  : [main] banner resume loop
07-11 18:27:36.010 32567 32567 I Banner  : [main] banner resume loop
07-11 18:27:36.010 32567  1224 I BLOG    : [RxCachedThreadScheduler-9] HTTP request: [2022-07-11T10:27:35.853Z] GET https://app.missevan.com/site/tab-icons?tab_id=101 200 171ms 0
07-11 18:27:36.010 32567  1253 I BLOG    : [RxCachedThreadScheduler-15] HTTP request: [2022-07-11T10:27:35.853Z] GET https://app.missevan.com/catalog/recommend-modules?catalog_id=108 200 142ms 0
07-11 18:27:36.013 32567   770 D CronetEngine: [thread_background]
07-11 18:27:36.013 32567   770 D CronetEngine: url: https://app.missevan.com/site/tab-icons?tab_id=101
07-11 18:27:36.013 32567   770 D CronetEngine:  ip: 120.55.150.164
07-11 18:27:36.013 32567   770 D CronetEngine:  hostResolverProvider:
07-11 18:27:36.013 32567   770 D CronetEngine:  hostResolveIps: []
07-11 18:27:36.013 32567   770 D CronetEngine: exception: null
07-11 18:27:36.013 32567  1254 I BLOG    : [RxCachedThreadScheduler-16] HTTP request: [2022-07-11T10:27:35.846Z] GET https://app.missevan.com/catalog/get-hot-sounds?catalog_id=108&page=1&page_size=18 200 163ms 0
07-11 18:27:36.013 32567   770 D CronetEngine: [thread_background]
07-11 18:27:36.013 32567   770 D CronetEngine: url: https://app.missevan.com/site/icons
07-11 18:27:36.013 32567   770 D CronetEngine:  ip: 120.55.150.164
07-11 18:27:36.013 32567   770 D CronetEngine:  hostResolverProvider:
07-11 18:27:36.013 32567   770 D CronetEngine:  hostResolveIps: []
07-11 18:27:36.013 32567   770 D CronetEngine: exception: null
07-11 18:27:36.014 32567 32710 I BLOG    : [RxCachedThreadScheduler-4] HTTP request: [2022-07-11T10:27:35.816Z] GET https://app.missevan.com/site/icons 200 189ms 0
07-11 18:27:36.014 32567   770 D CronetEngine: [thread_background]
07-11 18:27:36.014 32567   770 D CronetEngine: url: https://app.missevan.com/you-might-like/get-recommends?persona_id=2&boot=1
07-11 18:27:36.014 32567   770 D CronetEngine:  ip: 120.55.150.164
07-11 18:27:36.014 32567   770 D CronetEngine:  hostResolverProvider:
07-11 18:27:36.014 32567   770 D CronetEngine:  hostResolveIps: []
07-11 18:27:36.014 32567   770 D CronetEngine: exception: null
07-11 18:27:36.014 32567   421 I BLOG    : [RxCachedThreadScheduler-7] HTTP request: [2022-07-11T10:27:35.815Z] GET https://app.missevan.com/you-might-like/get-recommends?persona_id=2&boot=1 200 190ms 0
07-11 18:27:36.014 32567   770 D CronetEngine: [thread_background]
07-11 18:27:36.014 32567   770 D CronetEngine: url: https://app.missevan.com/catalog/get-hot-sounds?catalog_id=108&page=1&page_size=18
07-11 18:27:36.014 32567   770 D CronetEngine:  ip: 120.55.150.164
07-11 18:27:36.014 32567   770 D CronetEngine:  hostResolverProvider:
07-11 18:27:36.014 32567   770 D CronetEngine:  hostResolveIps: []
07-11 18:27:36.014 32567   770 D CronetEngine: exception: null
07-11 18:27:36.019 32567   434 E chromium: [0711/182736.019538:ERROR:request.cc(346)] Error net::ERR_CONNECTION_RESET on chromium request: http://203.107.1.34/191607/resolve?host=static-test.maoercdn.com&query=4
07-11 18:27:36.019 32567   433 E chromium: [0711/182736.019646:ERROR:response_handler.cc(47)] OnFailed net::ERR_CONNECTION_RESET
07-11 18:27:36.020 32567   770 D CronetEngine: [thread_background]
07-11 18:27:36.020 32567   770 D CronetEngine: url: https://app.missevan.com/drama/catalog-homepage?catalog_id=89
07-11 18:27:36.020 32567   770 D CronetEngine:  ip: 120.55.150.164
07-11 18:27:36.020 32567   770 D CronetEngine:  hostResolverProvider:
07-11 18:27:36.020 32567   770 D CronetEngine:  hostResolveIps: []
07-11 18:27:36.020 32567   770 D CronetEngine: exception: null
07-11 18:27:36.022 32567  1227 I BLOG    : [RxCachedThreadScheduler-10] HTTP request: [2022-07-11T10:27:35.834Z] GET https://app.missevan.com/drama/catalog-homepage?catalog_id=89 200 185ms 0
07-11 18:27:36.037 32567 32567 W ViewPager2Helper: [main] ReplaceSnapHelper success
07-11 18:27:36.038   908 12402 I vendor.qti.bluetooth@1.0-ibs_handler: ProcessIbsCmd: Received IBS_SLEEP_IND: 0xFE
07-11 18:27:36.038   908 12402 D vendor.qti.bluetooth@1.0-ibs_handler: SerialClockVote: vote for UART CLK OFF
07-11 18:27:36.038 32567 32567 I Banner  : [main] banner resume loop
07-11 18:27:36.039 32567 32567 I Banner  : [main] banner resume loop
07-11 18:27:36.063 32567 32567 I Banner  : [main] banner pause loop
07-11 18:27:36.064 32567 32567 I Banner  : [main] banner pause loop
07-11 18:27:36.065 32567 32567 I ViewTarget: Glide treats LayoutParams.WRAP_CONTENT as a request for an image the size of this device's screen dimensions. If you want to load the original image and are ok with the corresponding memory cost and OOMs (depending on the input size), use override(Target.SIZE_ORIGINAL). Otherwise, use LayoutParams.MATCH_PARENT, set layout_width and layout_height to fixed dimension, or use .override() with fixed dimensions.
07-11 18:27:36.065 32567 32567 I ViewTarget: Glide treats LayoutParams.WRAP_CONTENT as a request for an image the size of this device's screen dimensions. If you want to load the original image and are ok with the corresponding memory cost and OOMs (depending on the input size), use override(Target.SIZE_ORIGINAL). Otherwise, use LayoutParams.MATCH_PARENT, set layout_width and layout_height to fixed dimension, or use .override() with fixed dimensions.
07-11 18:27:36.067 32567   770 D CronetEngine: [thread_background]
07-11 18:27:36.067 32567   770 D CronetEngine: url: https://app.missevan.com/discovery/list
07-11 18:27:36.067 32567   770 D CronetEngine:  ip: 120.55.150.164
07-11 18:27:36.067 32567   770 D CronetEngine:  hostResolverProvider:
07-11 18:27:36.067 32567   770 D CronetEngine:  hostResolveIps: []
07-11 18:27:36.067 32567   770 D CronetEngine: exception: null
07-11 18:27:36.069 32567 32688 I BLOG    : [RxCachedThreadScheduler-3] HTTP request: [2022-07-11T10:27:35.994Z] GET https://app.missevan.com/discovery/list 200 70ms 0
07-11 18:27:36.089 32567  1262 D webpbug : [io-pool-1-thread-0] Thread[io-pool-1-thread-0,5,main]
07-11 18:27:36.102 32567   770 D CronetEngine: [thread_background]
07-11 18:27:36.102 32567   770 D CronetEngine: url: http://static-test.maoercdn.com/coversmini/201409/13/caf7eedaeec9504142ed04a28e085b64164513.jpg?x-oss-process=image/resize,w_310/format,webp
07-11 18:27:36.102 32567   770 D CronetEngine:  ip: 150.139.243.248
07-11 18:27:36.102 32567   770 D CronetEngine:  hostResolverProvider: system
07-11 18:27:36.102 32567   770 D CronetEngine:  hostResolveIps: ["150.139.243.248","150.139.243.239","150.139.243.242","150.139.243.241","150.139.243.238","150.139.243.240","150.139.243.237","150.139.243.236"]
07-11 18:27:36.102 32567   770 D CronetEngine: exception: null
07-11 18:27:36.139 32567   770 D CronetEngine: [thread_background]
07-11 18:27:36.139 32567   770 D CronetEngine: url: https://app.missevan.com/catalog/sound-homepage?catalog_id=108
07-11 18:27:36.139 32567   770 D CronetEngine:  ip: 120.55.150.164
07-11 18:27:36.139 32567   770 D CronetEngine:  hostResolverProvider:
07-11 18:27:36.139 32567   770 D CronetEngine:  hostResolveIps: []
07-11 18:27:36.139 32567   770 D CronetEngine: exception: null
07-11 18:27:36.142 32567  1242 I BLOG    : [RxCachedThreadScheduler-14] HTTP request: [2022-07-11T10:27:35.845Z] GET https://app.missevan.com/catalog/sound-homepage?catalog_id=108 200 293ms 0
07-11 18:27:36.159 32567   770 D CronetEngine: [thread_background]
07-11 18:27:36.159 32567   770 D CronetEngine: url: http://static.maoercdn.com/live/catalog/icon/105.png?x-oss-process=image/resize,w_55/format,webp
07-11 18:27:36.159 32567   770 D CronetEngine:  ip: 182.40.51.241
07-11 18:27:36.159 32567   770 D CronetEngine:  hostResolverProvider:
07-11 18:27:36.159 32567   770 D CronetEngine:  hostResolveIps: []
07-11 18:27:36.159 32567   770 D CronetEngine: exception: null
07-11 18:27:36.184 32567   770 D CronetEngine: [thread_background]
07-11 18:27:36.184 32567   770 D CronetEngine: url: http://static-test.maoercdn.com/coversmini/201409/13/c0f14cde5ce8dc0d6b89b3d15cbfe801182705.jpg?x-oss-process=image/resize,w_310/format,webp
07-11 18:27:36.184 32567   770 D CronetEngine:  ip: 150.139.243.248
07-11 18:27:36.184 32567   770 D CronetEngine:  hostResolverProvider: system
07-11 18:27:36.184 32567   770 D CronetEngine:  hostResolveIps: ["150.139.243.248","150.139.243.239","150.139.243.242","150.139.243.241","150.139.243.238","150.139.243.240","150.139.243.237","150.139.243.236"]
07-11 18:27:36.184 32567   770 D CronetEngine: exception: null
07-11 18:27:36.184 32567   770 D CronetEngine: [thread_background]
07-11 18:27:36.184 32567   770 D CronetEngine: url: http://static.maoercdn.com/live/catalog/icon/116.png?x-oss-process=image/resize,w_55/format,webp
07-11 18:27:36.184 32567   770 D CronetEngine:  ip: 182.40.51.242
07-11 18:27:36.184 32567   770 D CronetEngine:  hostResolverProvider:
07-11 18:27:36.184 32567   770 D CronetEngine:  hostResolveIps: []
07-11 18:27:36.184 32567   770 D CronetEngine: exception: null
07-11 18:27:36.185 32567   770 D CronetEngine: [thread_background]
07-11 18:27:36.185 32567   770 D CronetEngine: url: http://static.maoercdn.com/live/catalog/icon/104.png?x-oss-process=image/resize,w_55/format,webp
07-11 18:27:36.185 32567   770 D CronetEngine:  ip: 182.40.51.242
07-11 18:27:36.185 32567   770 D CronetEngine:  hostResolverProvider:
07-11 18:27:36.185 32567   770 D CronetEngine:  hostResolveIps: []
07-11 18:27:36.185 32567   770 D CronetEngine: exception: null
07-11 18:27:36.188   908 12312 D vendor.qti.bluetooth@1.0-wake_lock: Release wakelock is released
07-11 18:27:36.191 32567   770 D CronetEngine: [thread_background]
07-11 18:27:36.191 32567   770 D CronetEngine: url: http://static.maoercdn.com/live/catalog/icon/115.png?x-oss-process=image/resize,w_55/format,webp
07-11 18:27:36.191 32567   770 D CronetEngine:  ip: 182.40.51.241
07-11 18:27:36.191 32567   770 D CronetEngine:  hostResolverProvider:
07-11 18:27:36.191 32567   770 D CronetEngine:  hostResolveIps: []
07-11 18:27:36.191 32567   770 D CronetEngine: exception: null
07-11 18:27:36.220 32567   770 D CronetEngine: [thread_background]
07-11 18:27:36.220 32567   770 D CronetEngine: url: http://static.maoercdn.com/avatars/202203/27/64561abca7710a31856668ad4c2e5492234533.png?x-oss-process=image/resize,w_95/format,webp
07-11 18:27:36.220 32567   770 D CronetEngine:  ip: 182.40.51.242
07-11 18:27:36.220 32567   770 D CronetEngine:  hostResolverProvider:
07-11 18:27:36.220 32567   770 D CronetEngine:  hostResolveIps: []
07-11 18:27:36.220 32567   770 D CronetEngine: exception: null
07-11 18:27:36.221 32567   770 D CronetEngine: [thread_background]
07-11 18:27:36.221 32567   770 D CronetEngine: url: http://static.maoercdn.com/live/catalog/icon/122.png?x-oss-process=image/resize,w_55/format,webp
07-11 18:27:36.221 32567   770 D CronetEngine:  ip: 182.40.51.242
07-11 18:27:36.221 32567   770 D CronetEngine:  hostResolverProvider: ali
07-11 18:27:36.221 32567   770 D CronetEngine:  hostResolveIps: ["182.40.51.242","182.40.51.240","182.40.51.241","182.40.51.239","182.40.51.244","182.40.51.238","182.40.51.248","182.40.51.243"]
07-11 18:27:36.221 32567   770 D CronetEngine: exception: null
07-11 18:27:36.221 32567   770 D CronetEngine: [thread_background]
07-11 18:27:36.221 32567   770 D CronetEngine: url: http://static.maoercdn.com/avatars/202206/18/9fb5c7e14f2eb99f1a6944184c8b7cac151058.png?x-oss-process=image/resize,w_95/format,webp
07-11 18:27:36.221 32567   770 D CronetEngine:  ip: 182.40.51.242
07-11 18:27:36.221 32567   770 D CronetEngine:  hostResolverProvider:
07-11 18:27:36.221 32567   770 D CronetEngine:  hostResolveIps: []
07-11 18:27:36.221 32567   770 D CronetEngine: exception: null
07-11 18:27:36.222 32567   770 D CronetEngine: [thread_background]
07-11 18:27:36.222 32567   770 D CronetEngine: url: http://static.maoercdn.com/avatars/202112/29/52e439d70b3e25c4a9fb611f313a5936024432.png?x-oss-process=image/resize,w_95/format,webp
07-11 18:27:36.222 32567   770 D CronetEngine:  ip: 182.40.51.241
07-11 18:27:36.222 32567   770 D CronetEngine:  hostResolverProvider:
07-11 18:27:36.222 32567   770 D CronetEngine:  hostResolveIps: []
07-11 18:27:36.222 32567   770 D CronetEngine: exception: null
07-11 18:27:36.224 32567   770 D CronetEngine: [thread_background]
07-11 18:27:36.224 32567   770 D CronetEngine: url: http://static.maoercdn.com/live/tags/icon/001_20210322112121.png?x-oss-process=image/resize,w_55/format,webp
07-11 18:27:36.224 32567   770 D CronetEngine:  ip: 182.40.51.242
07-11 18:27:36.224 32567   770 D CronetEngine:  hostResolverProvider: ali
07-11 18:27:36.224 32567   770 D CronetEngine:  hostResolveIps: ["182.40.51.242","182.40.51.240","182.40.51.241","182.40.51.239","182.40.51.244","182.40.51.238","182.40.51.248","182.40.51.243"]
07-11 18:27:36.224 32567   770 D CronetEngine: exception: null
07-11 18:27:36.255 32567   770 D CronetEngine: [thread_background]
07-11 18:27:36.255 32567   770 D CronetEngine: url: http://static.maoercdn.com/avatars/202205/12/7ce6d188b0eea0c5dcdf6130ae4c2c80234804.jpg?x-oss-process=image/resize,w_95/format,webp
07-11 18:27:36.255 32567   770 D CronetEngine:  ip: 182.40.51.242
07-11 18:27:36.255 32567   770 D CronetEngine:  hostResolverProvider:
07-11 18:27:36.255 32567   770 D CronetEngine:  hostResolveIps: []
07-11 18:27:36.255 32567   770 D CronetEngine: exception: null
07-11 18:27:36.257 32567   770 D CronetEngine: [thread_background]
07-11 18:27:36.257 32567   770 D CronetEngine: url: http://static.maoercdn.com/avatars/202206/02/5822bfc313696a55985ff1b82eaab184112115.png?x-oss-process=image/resize,w_95/format,webp
07-11 18:27:36.257 32567   770 D CronetEngine:  ip: 182.40.51.242
07-11 18:27:36.257 32567   770 D CronetEngine:  hostResolverProvider:
07-11 18:27:36.257 32567   770 D CronetEngine:  hostResolveIps: []
07-11 18:27:36.257 32567   770 D CronetEngine: exception: null
07-11 18:27:36.257 32567   770 D CronetEngine: [thread_background]
07-11 18:27:36.257 32567   770 D CronetEngine: url: http://static.maoercdn.com/avatars/202206/30/611036dc905452806f2fa885ffa61bb9233655.jpg?x-oss-process=image/resize,w_95/format,webp
07-11 18:27:36.257 32567   770 D CronetEngine:  ip: 182.40.51.241
07-11 18:27:36.257 32567   770 D CronetEngine:  hostResolverProvider:
07-11 18:27:36.257 32567   770 D CronetEngine:  hostResolveIps: []
07-11 18:27:36.257 32567   770 D CronetEngine: exception: null
07-11 18:27:36.258 32567   770 D CronetEngine: [thread_background]
07-11 18:27:36.258 32567   770 D CronetEngine: url: http://static.maoercdn.com/avatars/202204/13/af6d0ebd08dec045ddd785b728d8aaff230629.png?x-oss-process=image/resize,w_95/format,webp
07-11 18:27:36.258 32567   770 D CronetEngine:  ip: 182.40.51.242
07-11 18:27:36.258 32567   770 D CronetEngine:  hostResolverProvider:
07-11 18:27:36.258 32567   770 D CronetEngine:  hostResolveIps: []
07-11 18:27:36.258 32567   770 D CronetEngine: exception: null
07-11 18:27:36.261 32567   770 D CronetEngine: [thread_background]
07-11 18:27:36.261 32567   770 D CronetEngine: url: http://static.maoercdn.com/avatars/202203/04/ceb1d53e5d6cb896e51d0f64333bcaf4202218.png?x-oss-process=image/resize,w_95/format,webp
07-11 18:27:36.261 32567   770 D CronetEngine:  ip: 182.40.51.242
07-11 18:27:36.261 32567   770 D CronetEngine:  hostResolverProvider:
07-11 18:27:36.261 32567   770 D CronetEngine:  hostResolveIps: []
07-11 18:27:36.261 32567   770 D CronetEngine: exception: null
07-11 18:27:36.265   910  2332 E CamX    : [ERROR][NCS    ] camxncsservice.cpp:594 EnqueueJob() Can not enqueue jobs when thread is stopped
07-11 18:27:36.265   910  2332 W CamX    : [ WARN][NCS    ] camxncsintfqsee.cpp:2263 FillSensorData() Buffer queue for sensor 7 has been freed: bufh=0x0, bufsize=1248, stride=4
07-11 18:27:36.266   969  1771 D DisplayFeatureHal: HandleSunlightScreen enter modeId 0, cookie = 0
07-11 18:27:36.267   969  1771 D DisplayFeatureHal: HandleSunlightScreen exit ret -1
07-11 18:27:36.278 32567   770 D CronetEngine: [thread_background]
07-11 18:27:36.278 32567   770 D CronetEngine: url: http://static-test.missevan.com/dramacoversmini/201604/15/640fbc61fb1529e1cce932ba6dcce023065146.jpg?x-oss-process=image/resize,w_314/format,webp
07-11 18:27:36.278 32567   770 D CronetEngine:  ip: 140.249.40.209
07-11 18:27:36.278 32567   770 D CronetEngine:  hostResolverProvider: system
07-11 18:27:36.278 32567   770 D CronetEngine:  hostResolveIps: ["140.249.40.209","140.249.40.204","140.249.40.206","140.249.40.203","140.249.40.205","140.249.40.207","140.249.40.202","140.249.40.208"]
07-11 18:27:36.278 32567   770 D CronetEngine: exception: null
07-11 18:27:36.303 32567   770 D CronetEngine: [thread_background]
07-11 18:27:36.303 32567   770 D CronetEngine: url: http://static.maoercdn.com/avatars/202204/06/76ebba00934dcb741131c255cd02e328182909.png?x-oss-process=image/resize,w_33/format,webp
07-11 18:27:36.303 32567   770 D CronetEngine:  ip: 182.40.51.242
07-11 18:27:36.303 32567   770 D CronetEngine:  hostResolverProvider:
07-11 18:27:36.303 32567   770 D CronetEngine:  hostResolveIps: []
07-11 18:27:36.303 32567   770 D CronetEngine: exception: null
07-11 18:27:36.304 32567   770 D CronetEngine: [thread_background]
07-11 18:27:36.304 32567   770 D CronetEngine: url: http://static.maoercdn.com/avatars/202107/16/69bfcf5e2f0491f25056eff28ba4eb68032136.png?x-oss-process=image/resize,w_33/format,webp
07-11 18:27:36.304 32567   770 D CronetEngine:  ip: 182.40.51.242
07-11 18:27:36.304 32567   770 D CronetEngine:  hostResolverProvider:
07-11 18:27:36.304 32567   770 D CronetEngine:  hostResolveIps: []
07-11 18:27:36.304 32567   770 D CronetEngine: exception: null
07-11 18:27:36.323 32567   770 D CronetEngine: [thread_background]
07-11 18:27:36.323 32567   770 D CronetEngine: url: http://static.maoercdn.com/avatars/202206/28/95b8aace34c35aacaa45a2a39f67f134161835.jpg?x-oss-process=image/resize,w_33/format,webp
07-11 18:27:36.323 32567   770 D CronetEngine:  ip: 182.40.51.241
07-11 18:27:36.323 32567   770 D CronetEngine:  hostResolverProvider:
07-11 18:27:36.323 32567   770 D CronetEngine:  hostResolveIps: []
07-11 18:27:36.323 32567   770 D CronetEngine: exception: null
07-11 18:27:36.331 32567   770 D CronetEngine: [thread_background]
07-11 18:27:36.331 32567   770 D CronetEngine: url: http://static-test.missevan.com/dramacoversmini/201604/15/5dad1ca4203f2ab76762669c57e8e3fe063859.jpg?x-oss-process=image/resize,w_314/format,webp
07-11 18:27:36.331 32567   770 D CronetEngine:  ip: 140.249.40.209
07-11 18:27:36.331 32567   770 D CronetEngine:  hostResolverProvider: system
07-11 18:27:36.331 32567   770 D CronetEngine:  hostResolveIps: ["140.249.40.209","140.249.40.204","140.249.40.206","140.249.40.203","140.249.40.205","140.249.40.207","140.249.40.202","140.249.40.208"]
07-11 18:27:36.331 32567   770 D CronetEngine: exception: null
07-11 18:27:36.339 32567   770 D CronetEngine: [thread_background]
07-11 18:27:36.339 32567   770 D CronetEngine: url: http://static.maoercdn.com/avatars/202206/02/5822bfc313696a55985ff1b82eaab184112115.png?x-oss-process=image/resize,w_33/format,webp
07-11 18:27:36.339 32567   770 D CronetEngine:  ip: 182.40.51.242
07-11 18:27:36.339 32567   770 D CronetEngine:  hostResolverProvider:
07-11 18:27:36.339 32567   770 D CronetEngine:  hostResolveIps: []
07-11 18:27:36.339 32567   770 D CronetEngine: exception: null
07-11 18:27:36.339 32567   770 D CronetEngine: [thread_background]
07-11 18:27:36.339 32567   770 D CronetEngine: url: http://static.maoercdn.com/avatars/202207/06/7f8cb20858111ba2416ca6d376334997161629.png?x-oss-process=image/resize,w_33/format,webp
07-11 18:27:36.339 32567   770 D CronetEngine:  ip: 182.40.51.242
07-11 18:27:36.339 32567   770 D CronetEngine:  hostResolverProvider:
07-11 18:27:36.339 32567   770 D CronetEngine:  hostResolveIps: []
07-11 18:27:36.339 32567   770 D CronetEngine: exception: null
07-11 18:27:36.349 32567   770 D CronetEngine: [thread_background]
07-11 18:27:36.349 32567   770 D CronetEngine: url: http://static-test.missevan.com/dramacoversmini/201809/19/a9259b768717e5ebb39c7b4193d12f9a104537.png?x-oss-process=image/resize,w_314/format,webp
07-11 18:27:36.349 32567   770 D CronetEngine:  ip: 140.249.40.209
