07-12 11:03:52.608  3471  3587 E MiuiFastConnectService: check adv data not fast connect
07-12 11:03:52.680   904  3454 I vendor.qti.bluetooth@1.0-ibs_handler: ProcessIbsCmd: Received IBS_SLEEP_IND: 0xFE
07-12 11:03:52.680   904  3454 D vendor.qti.bluetooth@1.0-ibs_handler: SerialClockVote: vote for UART CLK OFF
07-12 11:03:52.831   904  3130 D vendor.qti.bluetooth@1.0-wake_lock: Release wakelock is released
07-12 11:03:53.144  2829  2829 D QtiCarrierConfigHelper: WARNING, no carrier configs on phone Id: 0
07-12 11:03:53.144  2565  2565 D KeyguardUpdateMonitor: received broadcast android.intent.action.BATTERY_CHANGED
07-12 11:03:53.144  2565  2565 D BatteryController: onReceive: Intent = Intent { act=android.intent.action.BATTERY_CHANGED flg=0x60000010 (has extras) } action = android.intent.action.BATTERY_CHANGED
07-12 11:03:53.145  4928  4928 I BatteryInfoReceiver: ACTION_BATTERY_CHANGED
07-12 11:03:53.146  5492  5492 D VA_UploadVoiceJobService: uploadVoiceDatas onReceive time cost : 0
07-12 11:03:53.148  2963  2963 D NetworkSpeedTracker: receive actionandroid.intent.action.BATTERY_CHANGED
07-12 11:03:53.148  2963  2963 D NetworkSpeedTracker: onReceive ACTION_BATTERY_CHANGED mBatteryLevel = 100;mIsCharging =true
07-12 11:03:53.148  6407  7011 D PowerCheckerService: onBatteryChanged, mBatteryLevel = 100, status = 5, level = 100, plug = 2, scale = 100
07-12 11:03:53.148  6407  6935 D PowerKeeper.FrozenApp: onBatteryChanged plug=true mBatteryPlugged=2
07-12 11:03:53.148  4928  7112 I android_os_HwBinder: HwBinder: Starting thread pool for getting: vendor.xiaomi.hardware.micharge@1.0::IMiCharge/default
07-12 11:03:53.149   968  5232 I vendor.xiaomi.hardware.micharge@1.0-service: ReadFilePathValue path = /sys/class/power_supply/battery/night_charging value = 0
07-12 11:03:53.149  4928  7112 I ChargeProtectionUtils: getNightChargingState: 0
07-12 11:03:53.150  5492  6796 D VA_UploadVoiceJobService: needUploadVoice timeSinceLastUpload = 4828958
07-12 11:03:53.152  2906  2906 D DeviceStatisticsService: chargerType=2 batteryLevel=100 totalBatteryCapacity=4297000
07-12 11:03:53.152  2906  2906 D DeviceInfoHidlClient: isPowerInfoNeverSent()=true
07-12 11:03:53.152  2906  2906 D DeviceInfoHidlClient: getPowerInfoSupportStatus()=-1
07-12 11:03:53.356   904  3454 I vendor.qti.bluetooth@1.0-ibs_handler: ProcessIbsCmd: Received IBS_WAKE_IND: 0xFD
07-12 11:03:53.356   904  3454 D vendor.qti.bluetooth@1.0-ibs_handler: SerialClockVote: vote for UART CLK ON
07-12 11:03:53.357   904  3454 D vendor.qti.bluetooth@1.0-wake_lock: Acquire wakelock is acquired
07-12 11:03:53.357   904  3454 I vendor.qti.bluetooth@1.0-ibs_handler: ProcessIbsCmd: Writing IBS_WAKE_ACK
07-12 11:03:53.360  2502  3457 V bt_stack: [VERBOSE1:btm_ble_gap.cc(1924)] btm_ble_process_ext_adv_pkt: bda=d4:5e:ec:42:d1:94
07-12 11:03:53.360  2502  3457 V bt_stack: [VERBOSE1:btm_ble_gap.cc(1848)] btm_ble_process_adv_addr: bda=d4:5e:ec:42:d1:94
07-12 11:03:53.360  2502  3457 V bt_stack: [VERBOSE1:btm_ble_gap.cc(2058)]  Waiting for scan response d4:5e:ec:42:d1:94
07-12 11:03:53.361  2502  3457 V bt_stack: [VERBOSE1:btm_ble_gap.cc(1924)] btm_ble_process_ext_adv_pkt: bda=d4:5e:ec:42:d1:94
07-12 11:03:53.361  2502  3457 V bt_stack: [VERBOSE1:btm_ble_gap.cc(1848)] btm_ble_process_adv_addr: bda=d4:5e:ec:42:d1:94
07-12 11:03:53.361  2502  3457 V bt_stack: [VERBOSE1:btm_inq.cc(1019)] BTM_InqDbRead: bd addr d4:5e:ec:42:d1:94
07-12 11:03:53.373  3471  3587 D MiuiMiHomeConnectController: getDeviceTimes
07-12 11:03:53.374  3471  3587 D MiuiMiHomeConnectController: result.getRssi = -6300:00:00:42:D1:94
07-12 11:03:53.376  3471  3587 D MiuiMiHomeDownloadManager: check local file : null
07-12 11:03:53.376  3471  3587 D MiuiMiHomeDownloadManager: device: 41646    return rssiNum: -50
07-12 11:03:53.376  3471  3587 D MiuiMiHomeConnectController: rssi num is not fit cloud data
07-12 11:03:53.427  6407  6778 D UidObserver: onUidIdle uid=10839 uidstate=100
07-12 11:03:53.439   904  3454 I vendor.qti.bluetooth@1.0-ibs_handler: ProcessIbsCmd: Received IBS_SLEEP_IND: 0xFE
07-12 11:03:53.439   904  3454 D vendor.qti.bluetooth@1.0-ibs_handler: SerialClockVote: vote for UART CLK OFF
07-12 11:03:53.590   904  3130 D vendor.qti.bluetooth@1.0-wake_lock: Release wakelock is released
07-12 11:03:53.925   904  3454 I vendor.qti.bluetooth@1.0-ibs_handler: ProcessIbsCmd: Received IBS_WAKE_IND: 0xFD
07-12 11:03:53.925   904  3454 D vendor.qti.bluetooth@1.0-ibs_handler: SerialClockVote: vote for UART CLK ON
07-12 11:03:53.926   904  3454 D vendor.qti.bluetooth@1.0-wake_lock: Acquire wakelock is acquired
07-12 11:03:53.926   904  3454 I vendor.qti.bluetooth@1.0-ibs_handler: ProcessIbsCmd: Writing IBS_WAKE_ACK
07-12 11:03:53.927  2502  3457 V bt_stack: [VERBOSE1:btm_ble_gap.cc(1924)] btm_ble_process_ext_adv_pkt: bda=10:7e:28:70:fe:5d
07-12 11:03:53.927  2502  3457 V bt_stack: [VERBOSE1:btm_ble_gap.cc(1848)] btm_ble_process_adv_addr: bda=10:7e:28:70:fe:5d
07-12 11:03:53.927  2502  3457 V bt_stack: [VERBOSE1:btm_inq.cc(1019)] BTM_InqDbRead: bd addr 10:7e:28:70:fe:5d
07-12 11:03:53.978   995   995 I chatty  : uid=1000(system) /system/bin/surfaceflinger expire 30 lines
07-12 11:03:54.006   904  3454 I vendor.qti.bluetooth@1.0-ibs_handler: ProcessIbsCmd: Received IBS_SLEEP_IND: 0xFE
07-12 11:03:54.006   904  3454 D vendor.qti.bluetooth@1.0-ibs_handler: SerialClockVote: vote for UART CLK OFF
07-12 11:03:54.157   904  3130 D vendor.qti.bluetooth@1.0-wake_lock: Release wakelock is released
07-12 11:03:55.095  1894  1906 I chatty  : uid=1000(system) FinalizerDaemon expire 16 lines
07-12 11:03:55.285   904  3454 I vendor.qti.bluetooth@1.0-ibs_handler: ProcessIbsCmd: Received IBS_WAKE_IND: 0xFD
07-12 11:03:55.286   904  3454 D vendor.qti.bluetooth@1.0-ibs_handler: SerialClockVote: vote for UART CLK ON
07-12 11:03:55.286   904  3454 D vendor.qti.bluetooth@1.0-wake_lock: Acquire wakelock is acquired
07-12 11:03:55.286   904  3454 I vendor.qti.bluetooth@1.0-ibs_handler: ProcessIbsCmd: Writing IBS_WAKE_ACK
07-12 11:03:55.288  2502  3457 V bt_stack: [VERBOSE1:btm_ble_gap.cc(1924)] btm_ble_process_ext_adv_pkt: bda=c8:28:32:16:78:36
07-12 11:03:55.288  2502  3457 V bt_stack: [VERBOSE1:btm_ble_gap.cc(1848)] btm_ble_process_adv_addr: bda=c8:28:32:16:78:36
07-12 11:03:55.288  2502  3457 V bt_stack: [VERBOSE1:btm_inq.cc(1019)] BTM_InqDbRead: bd addr c8:28:32:16:78:36
07-12 11:03:55.291  3471  3587 E MiuiFastConnectService: check adv data not fast connect
07-12 11:03:55.368   904  3454 I vendor.qti.bluetooth@1.0-ibs_handler: ProcessIbsCmd: Received IBS_SLEEP_IND: 0xFE
07-12 11:03:55.368   904  3454 D vendor.qti.bluetooth@1.0-ibs_handler: SerialClockVote: vote for UART CLK OFF
07-12 11:03:55.519   904  3130 D vendor.qti.bluetooth@1.0-wake_lock: Release wakelock is released
07-12 11:03:55.688   601   601 I servicemanager: Notifying apexservice they have clients: 0
07-12 11:03:55.690   601   601 I BpBinder: onLastStrongRef automatically unlinking death recipients: <uncached descriptor>
07-12 11:03:58.240  2963  2963 D NetworkSpeedTracker: receive actionandroid.intent.action.BATTERY_CHANGED
07-12 11:03:58.241  2963  2963 D NetworkSpeedTracker: onReceive ACTION_BATTERY_CHANGED mBatteryLevel = 100;mIsCharging =true
07-12 11:03:58.241  2829  2829 D QtiCarrierConfigHelper: WARNING, no carrier configs on phone Id: 0
07-12 11:03:58.241  2565  2565 D KeyguardUpdateMonitor: received broadcast android.intent.action.BATTERY_CHANGED
07-12 11:03:58.241  2565  2565 D BatteryController: onReceive: Intent = Intent { act=android.intent.action.BATTERY_CHANGED flg=0x60000010 (has extras) } action = android.intent.action.BATTERY_CHANGED
07-12 11:03:58.245  4928  4928 I BatteryInfoReceiver: ACTION_BATTERY_CHANGED
07-12 11:03:58.246  5492  5492 D VA_UploadVoiceJobService: uploadVoiceDatas onReceive time cost : 0
07-12 11:03:58.249  6407  6935 D PowerKeeper.FrozenApp: onBatteryChanged plug=true mBatteryPlugged=2
07-12 11:03:58.249  5492  6796 D VA_UploadVoiceJobService: needUploadVoice timeSinceLastUpload = 4834057
07-12 11:03:58.250  6407  7011 D PowerCheckerService: onBatteryChanged, mBatteryLevel = 100, status = 5, level = 100, plug = 2, scale = 100
07-12 11:03:58.250  4928  8197 I android_os_HwBinder: HwBinder: Starting thread pool for getting: vendor.xiaomi.hardware.micharge@1.0::IMiCharge/default
07-12 11:03:58.251   968  5232 I vendor.xiaomi.hardware.micharge@1.0-service: ReadFilePathValue path = /sys/class/power_supply/battery/night_charging value = 0
07-12 11:03:58.251  4928  8197 I ChargeProtectionUtils: getNightChargingState: 0
07-12 11:03:58.254  2906  2906 D DeviceStatisticsService: chargerType=2 batteryLevel=100 totalBatteryCapacity=4296900
07-12 11:03:58.255  2906  2906 D DeviceInfoHidlClient: getPowerInfoSupportStatus()=-1
07-12 11:03:58.609   904  3454 I vendor.qti.bluetooth@1.0-ibs_handler: ProcessIbsCmd: Received IBS_WAKE_IND: 0xFD
07-12 11:03:58.610   904  3454 D vendor.qti.bluetooth@1.0-ibs_handler: SerialClockVote: vote for UART CLK ON
07-12 11:03:58.610   904  3454 D vendor.qti.bluetooth@1.0-wake_lock: Acquire wakelock is acquired
07-12 11:03:58.610   904  3454 I vendor.qti.bluetooth@1.0-ibs_handler: ProcessIbsCmd: Writing IBS_WAKE_ACK
07-12 11:03:58.612  2502  3457 V bt_stack: [VERBOSE1:btm_ble_gap.cc(1924)] btm_ble_process_ext_adv_pkt: bda=10:7e:28:70:fe:5d
07-12 11:03:58.612  2502  3457 V bt_stack: [VERBOSE1:btm_ble_gap.cc(1848)] btm_ble_process_adv_addr: bda=10:7e:28:70:fe:5d
07-12 11:03:58.613  2502  3457 V bt_stack: [VERBOSE1:btm_inq.cc(1019)] BTM_InqDbRead: bd addr 10:7e:28:70:fe:5d
07-12 11:03:58.613  2502  3457 V bt_stack: [VERBOSE1:btm_ble_gap.cc(1924)] btm_ble_process_ext_adv_pkt: bda=7c:25:da:a1:a6:8e
07-12 11:03:58.613  2502  3457 V bt_stack: [VERBOSE1:btm_ble_gap.cc(1848)] btm_ble_process_adv_addr: bda=7c:25:da:a1:a6:8e
07-12 11:03:58.613  2502  3457 V bt_stack: [VERBOSE1:btm_inq.cc(1019)] BTM_InqDbRead: bd addr 7c:25:da:a1:a6:8e
07-12 11:03:58.620  3471  3587 E MiuiFastConnectService: check adv data not fast connect
07-12 11:03:58.692   904  3454 I vendor.qti.bluetooth@1.0-ibs_handler: ProcessIbsCmd: Received IBS_SLEEP_IND: 0xFE
07-12 11:03:58.692   904  3454 D vendor.qti.bluetooth@1.0-ibs_handler: SerialClockVote: vote for UART CLK OFF
07-12 11:03:58.843   904  3130 D vendor.qti.bluetooth@1.0-wake_lock: Release wakelock is released
07-12 11:03:59.241   904  3454 I vendor.qti.bluetooth@1.0-ibs_handler: ProcessIbsCmd: Received IBS_WAKE_IND: 0xFD
07-12 11:03:59.241   904  3454 D vendor.qti.bluetooth@1.0-ibs_handler: SerialClockVote: vote for UART CLK ON
07-12 11:03:59.242   904  3454 D vendor.qti.bluetooth@1.0-wake_lock: Acquire wakelock is acquired
07-12 11:03:59.242   904  3454 I vendor.qti.bluetooth@1.0-ibs_handler: ProcessIbsCmd: Writing IBS_WAKE_ACK
07-12 11:03:59.244  2502  3457 V bt_stack: [VERBOSE1:btm_ble_gap.cc(1924)] btm_ble_process_ext_adv_pkt: bda=7c:25:da:a1:a6:8e
07-12 11:03:59.245  2502  3457 V bt_stack: [VERBOSE1:btm_ble_gap.cc(1848)] btm_ble_process_adv_addr: bda=7c:25:da:a1:a6:8e
07-12 11:03:59.245  2502  3457 V bt_stack: [VERBOSE1:btm_inq.cc(1019)] BTM_InqDbRead: bd addr 7c:25:da:a1:a6:8e
07-12 11:03:59.249  3471  3587 E MiuiFastConnectService: check adv data not fast connect
07-12 11:03:59.323   904  3454 I vendor.qti.bluetooth@1.0-ibs_handler: ProcessIbsCmd: Received IBS_SLEEP_IND: 0xFE
07-12 11:03:59.323   904  3454 D vendor.qti.bluetooth@1.0-ibs_handler: SerialClockVote: vote for UART CLK OFF
07-12 11:03:59.473   904  3130 D vendor.qti.bluetooth@1.0-wake_lock: Release wakelock is released
07-12 11:03:59.852   904  3454 I vendor.qti.bluetooth@1.0-ibs_handler: ProcessIbsCmd: Received IBS_WAKE_IND: 0xFD
07-12 11:03:59.852   904  3454 D vendor.qti.bluetooth@1.0-ibs_handler: SerialClockVote: vote for UART CLK ON
07-12 11:03:59.853   904  3454 D vendor.qti.bluetooth@1.0-wake_lock: Acquire wakelock is acquired
07-12 11:03:59.853   904  3454 I vendor.qti.bluetooth@1.0-ibs_handler: ProcessIbsCmd: Writing IBS_WAKE_ACK
07-12 11:03:59.855  2502  3457 V bt_stack: [VERBOSE1:btm_ble_gap.cc(1924)] btm_ble_process_ext_adv_pkt: bda=7c:25:da:a1:a6:8e
07-12 11:03:59.855  2502  3457 V bt_stack: [VERBOSE1:btm_ble_gap.cc(1848)] btm_ble_process_adv_addr: bda=7c:25:da:a1:a6:8e
07-12 11:03:59.855  2502  3457 V bt_stack: [VERBOSE1:btm_inq.cc(1019)] BTM_InqDbRead: bd addr 7c:25:da:a1:a6:8e
07-12 11:03:59.860  3471  3587 E MiuiFastConnectService: check adv data not fast connect
07-12 11:03:59.934   904  3454 I vendor.qti.bluetooth@1.0-ibs_handler: ProcessIbsCmd: Received IBS_SLEEP_IND: 0xFE
07-12 11:03:59.934   904  3454 D vendor.qti.bluetooth@1.0-ibs_handler: SerialClockVote: vote for UART CLK OFF
07-12 11:04:00.002  2565  2565 D KeyguardUpdateMonitor: received broadcast android.intent.action.TIME_TICK
07-12 11:04:00.003  2565  2565 D KeyguardUpdateMonitor: handleTimeUpdate
07-12 11:04:00.049  8102  8283 D MemoryCeilingMonitor: [handleMemoryCalculate]
07-12 11:04:00.049  8102  8283 D MemoryCeilingMonitor: [calculate] tot: 4046442, max: 268435456, free: 536474, heap: 3509968, per: 0.013075649738311768
07-12 11:04:00.084   904  3130 D vendor.qti.bluetooth@1.0-wake_lock: Release wakelock is released
07-12 11:04:00.511   904  3454 I vendor.qti.bluetooth@1.0-ibs_handler: ProcessIbsCmd: Received IBS_WAKE_IND: 0xFD
07-12 11:04:00.511   904  3454 D vendor.qti.bluetooth@1.0-ibs_handler: SerialClockVote: vote for UART CLK ON
07-12 11:04:00.512   904  3454 D vendor.qti.bluetooth@1.0-wake_lock: Acquire wakelock is acquired
07-12 11:04:00.512   904  3454 I vendor.qti.bluetooth@1.0-ibs_handler: ProcessIbsCmd: Writing IBS_WAKE_ACK
07-12 11:04:00.514  2502  3457 V bt_stack: [VERBOSE1:btm_ble_gap.cc(1924)] btm_ble_process_ext_adv_pkt: bda=d4:5e:ec:42:d1:94
07-12 11:04:00.514  2502  3457 V bt_stack: [VERBOSE1:btm_ble_gap.cc(1848)] btm_ble_process_adv_addr: bda=d4:5e:ec:42:d1:94
07-12 11:04:00.515  2502  3457 V bt_stack: [VERBOSE1:btm_ble_gap.cc(2058)]  Waiting for scan response d4:5e:ec:42:d1:94
07-12 11:04:00.515  2502  3457 V bt_stack: [VERBOSE1:btm_ble_gap.cc(1924)] btm_ble_process_ext_adv_pkt: bda=d4:5e:ec:42:d1:94
07-12 11:04:00.515  2502  3457 V bt_stack: [VERBOSE1:btm_ble_gap.cc(1848)] btm_ble_process_adv_addr: bda=d4:5e:ec:42:d1:94
07-12 11:04:00.515  2502  3457 V bt_stack: [VERBOSE1:btm_inq.cc(1019)] BTM_InqDbRead: bd addr d4:5e:ec:42:d1:94
07-12 11:04:00.523  3471  3587 D MiuiMiHomeConnectController: getDeviceTimes
07-12 11:04:00.524  3471  3587 D MiuiMiHomeConnectController: result.getRssi = -6500:00:00:42:D1:94
07-12 11:04:00.527  3471  3587 D MiuiMiHomeDownloadManager: check local file : null
07-12 11:04:00.527  3471  3587 D MiuiMiHomeDownloadManager: device: 41646    return rssiNum: -50
07-12 11:04:00.527  3471  3587 D MiuiMiHomeConnectController: rssi num is not fit cloud data
07-12 11:04:00.593   904  3454 I vendor.qti.bluetooth@1.0-ibs_handler: ProcessIbsCmd: Received IBS_SLEEP_IND: 0xFE
07-12 11:04:00.594   904  3454 D vendor.qti.bluetooth@1.0-ibs_handler: SerialClockVote: vote for UART CLK OFF
07-12 11:04:00.698  1894  2363 I chatty  : uid=1000(system) MiuiNetworkPoli expire 16 lines
07-12 11:04:00.744   904  3130 D vendor.qti.bluetooth@1.0-wake_lock: Release wakelock is released
07-12 11:04:01.327  2963  2963 D NetworkSpeedTracker: receive actionandroid.intent.action.BATTERY_CHANGED
07-12 11:04:01.328  2963  2963 D NetworkSpeedTracker: onReceive ACTION_BATTERY_CHANGED mBatteryLevel = 100;mIsCharging =true
07-12 11:04:01.329  2829  2829 D QtiCarrierConfigHelper: WARNING, no carrier configs on phone Id: 0
07-12 11:04:01.330  2565  2565 D KeyguardUpdateMonitor: received broadcast android.intent.action.BATTERY_CHANGED
07-12 11:04:01.330  2565  2565 D BatteryController: onReceive: Intent = Intent { act=android.intent.action.BATTERY_CHANGED flg=0x60000010 (has extras) } action = android.intent.action.BATTERY_CHANGED
07-12 11:04:01.331  4928  4928 I BatteryInfoReceiver: ACTION_BATTERY_CHANGED
07-12 11:04:01.333  5492  5492 D VA_UploadVoiceJobService: uploadVoiceDatas onReceive time cost : 0
07-12 11:04:01.334  4928  8376 I android_os_HwBinder: HwBinder: Starting thread pool for getting: vendor.xiaomi.hardware.micharge@1.0::IMiCharge/default
07-12 11:04:01.334  6407  6935 D PowerKeeper.FrozenApp: onBatteryChanged plug=true mBatteryPlugged=2
07-12 11:04:01.334   968  5232 I vendor.xiaomi.hardware.micharge@1.0-service: ReadFilePathValue path = /sys/class/power_supply/battery/night_charging value = 0
07-12 11:04:01.334  4928  8376 I ChargeProtectionUtils: getNightChargingState: 0
07-12 11:04:01.334  6407  7011 D PowerCheckerService: onBatteryChanged, mBatteryLevel = 100, status = 5, level = 100, plug = 2, scale = 100
07-12 11:04:01.336  2906  2906 D DeviceStatisticsService: chargerType=2 batteryLevel=100 totalBatteryCapacity=4297000
07-12 11:04:01.336  2906  2906 D DeviceInfoHidlClient: getPowerInfoSupportStatus()=-1
07-12 11:04:01.336  5492  6796 D VA_UploadVoiceJobService: needUploadVoice timeSinceLastUpload = 4837144
07-12 11:04:01.905   904  3454 I vendor.qti.bluetooth@1.0-ibs_handler: ProcessIbsCmd: Received IBS_WAKE_IND: 0xFD
07-12 11:04:01.905   904  3454 D vendor.qti.bluetooth@1.0-ibs_handler: SerialClockVote: vote for UART CLK ON
07-12 11:04:01.906   904  3454 D vendor.qti.bluetooth@1.0-wake_lock: Acquire wakelock is acquired
07-12 11:04:01.906   904  3454 I vendor.qti.bluetooth@1.0-ibs_handler: ProcessIbsCmd: Writing IBS_WAKE_ACK
07-12 11:04:01.909  2502  3457 V bt_stack: [VERBOSE1:btm_ble_gap.cc(1924)] btm_ble_process_ext_adv_pkt: bda=7c:25:da:a1:a6:8e
07-12 11:04:01.909  2502  3457 V bt_stack: [VERBOSE1:btm_ble_gap.cc(1848)] btm_ble_process_adv_addr: bda=7c:25:da:a1:a6:8e
07-12 11:04:01.910  2502  3457 V bt_stack: [VERBOSE1:btm_inq.cc(1019)] BTM_InqDbRead: bd addr 7c:25:da:a1:a6:8e
07-12 11:04:01.913  3471  3587 E MiuiFastConnectService: check adv data not fast connect
07-12 11:04:01.988   904  3454 I vendor.qti.bluetooth@1.0-ibs_handler: ProcessIbsCmd: Received IBS_SLEEP_IND: 0xFE
07-12 11:04:01.988   904  3454 D vendor.qti.bluetooth@1.0-ibs_handler: SerialClockVote: vote for UART CLK OFF
07-12 11:04:02.139   904  3130 D vendor.qti.bluetooth@1.0-wake_lock: Release wakelock is released
07-12 11:04:02.170  5340  5340 I MiPlayAudioService: onTick:489s
07-12 11:04:02.512   904  3454 I vendor.qti.bluetooth@1.0-ibs_handler: ProcessIbsCmd: Received IBS_WAKE_IND: 0xFD
07-12 11:04:02.512   904  3454 D vendor.qti.bluetooth@1.0-ibs_handler: SerialClockVote: vote for UART CLK ON
07-12 11:04:02.513   904  3454 D vendor.qti.bluetooth@1.0-wake_lock: Acquire wakelock is acquired
07-12 11:04:02.513   904  3454 I vendor.qti.bluetooth@1.0-ibs_handler: ProcessIbsCmd: Writing IBS_WAKE_ACK
07-12 11:04:02.516  2502  3457 V bt_stack: [VERBOSE1:btm_ble_gap.cc(1924)] btm_ble_process_ext_adv_pkt: bda=7c:25:da:a1:a6:8e
07-12 11:04:02.516  2502  3457 V bt_stack: [VERBOSE1:btm_ble_gap.cc(1848)] btm_ble_process_adv_addr: bda=7c:25:da:a1:a6:8e
07-12 11:04:02.516  2502  3457 V bt_stack: [VERBOSE1:btm_inq.cc(1019)] BTM_InqDbRead: bd addr 7c:25:da:a1:a6:8e
07-12 11:04:02.521  3471  3587 E MiuiFastConnectService: check adv data not fast connect
07-12 11:04:02.596   904  3454 I vendor.qti.bluetooth@1.0-ibs_handler: ProcessIbsCmd: Received IBS_SLEEP_IND: 0xFE
07-12 11:04:02.596   904  3454 D vendor.qti.bluetooth@1.0-ibs_handler: SerialClockVote: vote for UART CLK OFF
07-12 11:04:02.746   904  3130 D vendor.qti.bluetooth@1.0-wake_lock: Release wakelock is released
07-12 11:04:03.128   904  3454 I vendor.qti.bluetooth@1.0-ibs_handler: ProcessIbsCmd: Received IBS_WAKE_IND: 0xFD
07-12 11:04:03.128   904  3454 D vendor.qti.bluetooth@1.0-ibs_handler: SerialClockVote: vote for UART CLK ON
07-12 11:04:03.128   904  3454 D vendor.qti.bluetooth@1.0-wake_lock: Acquire wakelock is acquired
07-12 11:04:03.128   904  3454 I vendor.qti.bluetooth@1.0-ibs_handler: ProcessIbsCmd: Writing IBS_WAKE_ACK
07-12 11:04:03.130  2502  3457 V bt_stack: [VERBOSE1:btm_ble_gap.cc(1924)] btm_ble_process_ext_adv_pkt: bda=7c:25:da:a1:a6:8e
07-12 11:04:03.130  2502  3457 V bt_stack: [VERBOSE1:btm_ble_gap.cc(1848)] btm_ble_process_adv_addr: bda=7c:25:da:a1:a6:8e
07-12 11:04:03.130  2502  3457 V bt_stack: [VERBOSE1:btm_inq.cc(1019)] BTM_InqDbRead: bd addr 7c:25:da:a1:a6:8e
07-12 11:04:03.135  3471  3587 E MiuiFastConnectService: check adv data not fast connect
07-12 11:04:03.140  2502  3457 V bt_stack: [VERBOSE1:btm_ble_gap.cc(1924)] btm_ble_process_ext_adv_pkt: bda=c8:28:32:16:78:36
07-12 11:04:03.140  2502  3457 V bt_stack: [VERBOSE1:btm_ble_gap.cc(1848)] btm_ble_process_adv_addr: bda=c8:28:32:16:78:36
07-12 11:04:03.140  2502  3457 V bt_stack: [VERBOSE1:btm_ble_gap.cc(2058)]  Waiting for scan response c8:28:32:16:78:36
07-12 11:04:03.141  2502  3457 V bt_stack: [VERBOSE1:btm_ble_gap.cc(1924)] btm_ble_process_ext_adv_pkt: bda=c8:28:32:16:78:36
07-12 11:04:03.141  2502  3457 V bt_stack: [VERBOSE1:btm_ble_gap.cc(1848)] btm_ble_process_adv_addr: bda=c8:28:32:16:78:36
07-12 11:04:03.141  2502  3457 V bt_stack: [VERBOSE1:btm_inq.cc(1019)] BTM_InqDbRead: bd addr c8:28:32:16:78:36
07-12 11:04:03.144  3471  3587 E MiuiFastConnectService: check adv data not fast connect
07-12 11:04:03.144  3471  3587 D MiuiNearbyService: getNearbyService() - returning com.android.bluetooth.ble.app.MiuiNearbyService@32df939
07-12 11:04:03.145  5834  6616 E IDM-BleBackGround: MiConnect EndPoint found
07-12 11:04:03.220   904  3454 I vendor.qti.bluetooth@1.0-ibs_handler: ProcessIbsCmd: Received IBS_SLEEP_IND: 0xFE
07-12 11:04:03.221   904  3454 D vendor.qti.bluetooth@1.0-ibs_handler: SerialClockVote: vote for UART CLK OFF
07-12 11:04:03.372   904  3130 D vendor.qti.bluetooth@1.0-wake_lock: Release wakelock is released
07-12 11:04:03.807   904  3454 I vendor.qti.bluetooth@1.0-ibs_handler: ProcessIbsCmd: Received IBS_WAKE_IND: 0xFD
07-12 11:04:03.808   904  3454 D vendor.qti.bluetooth@1.0-ibs_handler: SerialClockVote: vote for UART CLK ON
07-12 11:04:03.808   904  3454 D vendor.qti.bluetooth@1.0-wake_lock: Acquire wakelock is acquired
07-12 11:04:03.808   904  3454 I vendor.qti.bluetooth@1.0-ibs_handler: ProcessIbsCmd: Writing IBS_WAKE_ACK
07-12 11:04:03.811  2502  3457 V bt_stack: [VERBOSE1:btm_ble_gap.cc(1924)] btm_ble_process_ext_adv_pkt: bda=d4:5e:ec:42:d1:94
07-12 11:04:03.811  2502  3457 V bt_stack: [VERBOSE1:btm_ble_gap.cc(1848)] btm_ble_process_adv_addr: bda=d4:5e:ec:42:d1:94
07-12 11:04:03.811  2502  3457 V bt_stack: [VERBOSE1:btm_ble_gap.cc(2058)]  Waiting for scan response d4:5e:ec:42:d1:94
07-12 11:04:03.891   904  3454 I vendor.qti.bluetooth@1.0-ibs_handler: ProcessIbsCmd: Received IBS_SLEEP_IND: 0xFE
07-12 11:04:03.891   904  3454 D vendor.qti.bluetooth@1.0-ibs_handler: SerialClockVote: vote for UART CLK OFF
07-12 11:04:04.041   904  3130 D vendor.qti.bluetooth@1.0-wake_lock: Release wakelock is released
07-12 11:04:06.117   995   995 I chatty  : uid=1000(system) /system/bin/surfaceflinger expire 18 lines
07-12 11:04:06.541   904  3454 I vendor.qti.bluetooth@1.0-ibs_handler: ProcessIbsCmd: Received IBS_WAKE_IND: 0xFD
07-12 11:04:06.541   904  3454 D vendor.qti.bluetooth@1.0-ibs_handler: SerialClockVote: vote for UART CLK ON
07-12 11:04:06.542   904  3454 D vendor.qti.bluetooth@1.0-wake_lock: Acquire wakelock is acquired
07-12 11:04:06.542   904  3454 I vendor.qti.bluetooth@1.0-ibs_handler: ProcessIbsCmd: Writing IBS_WAKE_ACK
07-12 11:04:06.545  2502  3457 V bt_stack: [VERBOSE1:btm_ble_gap.cc(1924)] btm_ble_process_ext_adv_pkt: bda=c8:28:32:16:78:36
07-12 11:04:06.545  2502  3457 V bt_stack: [VERBOSE1:btm_ble_gap.cc(1848)] btm_ble_process_adv_addr: bda=c8:28:32:16:78:36
07-12 11:04:06.545  2502  3457 V bt_stack: [VERBOSE1:btm_inq.cc(1019)] BTM_InqDbRead: bd addr c8:28:32:16:78:36
07-12 11:04:06.549  3471  3587 E MiuiFastConnectService: check adv data not fast connect
07-12 11:04:06.623   904  3454 I vendor.qti.bluetooth@1.0-ibs_handler: ProcessIbsCmd: Received IBS_SLEEP_IND: 0xFE
07-12 11:04:06.623   904  3454 D vendor.qti.bluetooth@1.0-ibs_handler: SerialClockVote: vote for UART CLK OFF
07-12 11:04:06.773   904  3130 D vendor.qti.bluetooth@1.0-wake_lock: Release wakelock is released
07-12 11:04:08.216  3471  3587 D MiuiFastConnectService: stopBleScan: scanning: true
07-12 11:04:08.221  3471  3587 D BluetoothAdapter: isLeEnabled(): ON
07-12 11:04:08.222  2502  2519 D BtGatt.GattService: stopScan() - queue size =1
07-12 11:04:08.226  2502  3118 I BtGatt.ScanManager: msg.what = 1
07-12 11:04:08.226  2502  3118 D BtGatt.ScanManager: stop scan
07-12 11:04:08.226  2502  2519 D BtGatt.GattService: unregisterScanner() - scannerId=6
07-12 11:04:08.227  2502  3457 V bt_stack: [VERBOSE1:gatt_api.cc(1002)] GATT_Deregister gatt_if=6
07-12 11:04:08.227  2502  3457 V bt_stack: [VERBOSE1:connection_manager.cc(161)] on_app_deregistered : app_id 0x06
07-12 11:04:08.227   904   904 D vendor.qti.bluetooth@1.0-ibs_handler: SerialClockVote: vote for UART CLK ON
07-12 11:04:08.227   904   904 D vendor.qti.bluetooth@1.0-wake_lock: Acquire wakelock is acquired
07-12 11:04:08.227   904   904 I vendor.qti.bluetooth@1.0-ibs_handler: DeviceWakeUp: Writing IBS_WAKE_IND
07-12 11:04:08.233   904  3454 I vendor.qti.bluetooth@1.0-ibs_handler: ProcessIbsCmd: Received IBS_WAKE_ACK: 0xFC
07-12 11:04:08.234   904  3454 I vendor.qti.bluetooth@1.0-ibs_handler: ProcessIbsCmd: Received IBS_WAKE_IND: 0xFD
07-12 11:04:08.234   904  3454 I vendor.qti.bluetooth@1.0-ibs_handler: ProcessIbsCmd: Writing IBS_WAKE_ACK
07-12 11:04:08.236  2502  2692 D BtGatt.GattService: onScanFilterParamsConfigured() - clientIf=6, status=0, action=1, availableSpace=27
07-12 11:04:08.236  2502  2692 D BtGatt.ScanManager: callback done for scannerId - 6 status - 0
07-12 11:04:08.240  2502  2692 D BtGatt.GattService: onScanFilterParamsConfigured() - clientIf=6, status=0, action=1, availableSpace=28
07-12 11:04:08.240  2502  2692 D BtGatt.ScanManager: callback done for scannerId - 6 status - 0
07-12 11:04:08.241  2502  2692 D BtGatt.GattService: onScanFilterParamsConfigured() - clientIf=6, status=0, action=1, availableSpace=29
07-12 11:04:08.241  2502  2692 D BtGatt.ScanManager: callback done for scannerId - 6 status - 0
07-12 11:04:08.243  2502  2692 D BtGatt.GattService: onScanFilterParamsConfigured() - clientIf=6, status=0, action=1, availableSpace=30
07-12 11:04:08.243  2502  2692 D BtGatt.ScanManager: callback done for scannerId - 6 status - 0
07-12 11:04:08.245  2502  2692 D BtGatt.GattService: onScanFilterParamsConfigured() - clientIf=6, status=0, action=1, availableSpace=31
07-12 11:04:08.245  2502  2692 D BtGatt.ScanManager: callback done for scannerId - 6 status - 0
07-12 11:04:08.247  2502  2692 D BtGatt.GattService: onScanFilterParamsConfigured() - clientIf=6, status=0, action=1, availableSpace=32
07-12 11:04:08.247  2502  2692 D BtGatt.ScanManager: callback done for scannerId - 6 status - 0
07-12 11:04:08.247  2502  3118 D BtGatt.ScanManager: configureRegularScanParams() - queue=0
07-12 11:04:08.247  3471  3587 D MiuiFastConnectService: handleMessage: MSG_START_BLE_SCAN
07-12 11:04:08.247  2502  3118 D BtGatt.ScanManager: configureRegularScanParams() - ScanSetting LE 1M Scan mode=-2147483648ScanSetting LE Coded Scan mode=-2147483648 mLastConfiguredScanSettingLE1M=0 mLastConfiguredScanSettingLECoded=0scanPhy=1
07-12 11:04:08.247  2502  3118 D BtGatt.ScanManager: configureRegularScanParams() - queue emtpy, scan stopped
07-12 11:04:08.247  2502  3118 D BtGatt.ScanManager: configureRegularScanParams() - queue emtpy, scan stopped
07-12 11:04:08.248  3471  3587 D BluetoothAdapter: isLeEnabled(): ON
07-12 11:04:08.249  2502  2519 D BtGatt.GattService: registerScanner() - UUID=c4700af6-2bfa-403f-91ad-19dee1e22ebf
07-12 11:04:08.249  2502  3457 V bt_stack: [VERBOSE1:bta_gattc_act.cc(200)] bta_gattc_register: state:2
07-12 11:04:08.249  2502  3457 I bt_stack: [INFO:gatt_api.cc(959)] GATT_Register 12223012-1c71-e0d4-f727-0710c029724d
07-12 11:04:08.250  2502  3457 I bt_stack: [INFO:gatt_api.cc(979)] allocated gatt_if=6
07-12 11:04:08.250  2502  3457 V bt_stack: [VERBOSE1:gatt_api.cc(1089)] GATT_StartIf gatt_if=6
07-12 11:04:08.250  2502  2692 D BtGatt.GattService: onScannerRegistered() - UUID=c4700af6-2bfa-403f-91ad-19dee1e22ebf, scannerId=6, status=0
07-12 11:04:08.250  2502  3457 V bt_stack: [VERBOSE1:gatt_utils.cc(254)] gatt_find_the_connected_bda start_idx=0
07-12 11:04:08.250  2502  3457 V bt_stack: [VERBOSE1:gatt_utils.cc(266)]  found=0 found_idx=10
07-12 11:04:08.250  3471  8250 D BluetoothLeScanner: onScannerRegistered() - status=0 scannerId=6 mScannerId=0
07-12 11:04:08.253  2502  2519 D BtGatt.GattService: start scan with filters. callingPackage: com.xiaomi.bluetooth
07-12 11:04:08.257  2502  2519 E BtGatt.GattService:  [Landroid.content.pm.ServiceInfo;@f47f872
07-12 11:04:08.260  2502  3118 I BtGatt.ScanManager: msg.what = 0
07-12 11:04:08.260  2502  3118 D BtGatt.ScanManager: handling starting scan
07-12 11:04:08.261  2502  3118 D BtGatt.ScanManager: isAptXLowLatencyModeEnabled: false
07-12 11:04:08.262  2502  2692 D BtGatt.GattService: onScanFilterEnableDisabled() - clientIf=6, status=0, action=1
07-12 11:04:08.262  2502  2692 D BtGatt.ScanManager: callback done for scannerId - 6 status - 0
07-12 11:04:08.262  2502  3118 D BtGatt.ScanManager: Available Filter size: 29
07-12 11:04:08.263  2502  2692 D BtGatt.GattService: onScanFilterConfig() - clientIf=6, action = 0 status = 0, filterType=0, availableSpace=0
07-12 11:04:08.263  2502  2692 D BtGatt.ScanManager: callback done for scannerId - 6 status - 0
07-12 11:04:08.263  2502  3118 D BtGatt.ScanManager: configureFilterParamter 500 10000 1 0, deliveryMode=0
07-12 11:04:08.265  2502  2692 D BtGatt.GattService: onScanFilterParamsConfigured() - clientIf=6, status=0, action=0, availableSpace=31
07-12 11:04:08.265  2502  2692 D BtGatt.ScanManager: callback done for scannerId - 6 status - 0
07-12 11:04:08.265  2502  2692 D BtGatt.GattService: onScanFilterConfig() - clientIf=6, action = 0 status = 0, filterType=0, availableSpace=0
07-12 11:04:08.265  2502  2692 D BtGatt.ScanManager: callback done for scannerId - 6 status - 0
07-12 11:04:08.266  2502  3118 D BtGatt.ScanManager: configureFilterParamter 500 10000 1 0, deliveryMode=0
07-12 11:04:08.267  2502  2692 D BtGatt.GattService: onScanFilterParamsConfigured() - clientIf=6, status=0, action=0, availableSpace=30
07-12 11:04:08.267  2502  2692 D BtGatt.ScanManager: callback done for scannerId - 6 status - 0
07-12 11:04:08.268  2502  2692 D BtGatt.GattService: onScanFilterConfig() - clientIf=6, action = 0 status = 0, filterType=0, availableSpace=0
07-12 11:04:08.268  2502  2692 D BtGatt.ScanManager: callback done for scannerId - 6 status - 0
07-12 11:04:08.268  2502  3118 D BtGatt.ScanManager: configureFilterParamter 500 10000 1 0, deliveryMode=0
07-12 11:04:08.271  2502  2692 D BtGatt.GattService: onScanFilterParamsConfigured() - clientIf=6, status=0, action=0, availableSpace=29
07-12 11:04:08.271  2502  2692 D BtGatt.ScanManager: callback done for scannerId - 6 status - 0
07-12 11:04:08.271  2502  2692 D BtGatt.GattService: onScanFilterConfig() - clientIf=6, action = 0 status = 0, filterType=0, availableSpace=0
07-12 11:04:08.271  2502  2692 D BtGatt.ScanManager: callback done for scannerId - 6 status - 0
07-12 11:04:08.271  2502  3118 D BtGatt.ScanManager: configureFilterParamter 500 10000 1 0, deliveryMode=0
07-12 11:04:08.273  2502  2692 D BtGatt.GattService: onScanFilterParamsConfigured() - clientIf=6, status=0, action=0, availableSpace=28
07-12 11:04:08.273  2502  2692 D BtGatt.ScanManager: callback done for scannerId - 6 status - 0
07-12 11:04:08.273  2502  2692 D BtGatt.GattService: onScanFilterConfig() - clientIf=6, action = 0 status = 0, filterType=0, availableSpace=0
07-12 11:04:08.273  2502  2692 D BtGatt.ScanManager: callback done for scannerId - 6 status - 0
07-12 11:04:08.273  2502  3118 D BtGatt.ScanManager: configureFilterParamter 500 10000 1 0, deliveryMode=0
07-12 11:04:08.276  2502  2692 D BtGatt.GattService: onScanFilterParamsConfigured() - clientIf=6, status=0, action=0, availableSpace=27
07-12 11:04:08.276  2502  2692 D BtGatt.ScanManager: callback done for scannerId - 6 status - 0
07-12 11:04:08.276  2502  2692 D BtGatt.GattService: onScanFilterConfig() - clientIf=6, action = 0 status = 0, filterType=0, availableSpace=0
07-12 11:04:08.276  2502  2692 D BtGatt.ScanManager: callback done for scannerId - 6 status - 0
07-12 11:04:08.276  2502  3118 D BtGatt.ScanManager: configureFilterParamter 500 10000 1 0, deliveryMode=0
07-12 11:04:08.278  2502  2692 D BtGatt.GattService: onScanFilterParamsConfigured() - clientIf=6, status=0, action=0, availableSpace=26
07-12 11:04:08.278  2502  2692 D BtGatt.ScanManager: callback done for scannerId - 6 status - 0
07-12 11:04:08.278  2502  3118 D BtGatt.ScanManager: configureRegularScanParams() - queue=1
07-12 11:04:08.278  2502  3118 D BtGatt.ScanManager: configureRegularScanParams() - ScanSetting LE 1M Scan mode=0ScanSetting LE Coded Scan mode=0 mLastConfiguredScanSettingLE1M=-2147483648 mLastConfiguredScanSettingLECoded=-2147483648scanPhy=255
07-12 11:04:08.280  2502  3118 D BtGatt.ScanManager: configureRegularScanParams - scanInterval LE 1M = 660configureRegularScanParams - scanWindow LE 1M= 66configureRegularScanParams - scanInterval LE Coded= 660configureRegularScanParams - scanWindow LE Coded= 66
07-12 11:04:08.280  2502  2692 D BtGatt.GattService: onScanParamSetupCompleted : 0
07-12 11:04:08.364   904  3454 I vendor.qti.bluetooth@1.0-ibs_handler: ProcessIbsCmd: Received IBS_SLEEP_IND: 0xFE
07-12 11:04:09.006   904  3454 I vendor.qti.bluetooth@1.0-ibs_handler: ProcessIbsCmd: Received IBS_WAKE_IND: 0xFD
07-12 11:04:09.006   904  3454 I vendor.qti.bluetooth@1.0-ibs_handler: ProcessIbsCmd: Writing IBS_WAKE_ACK
07-12 11:04:09.009  2502  3457 V bt_stack: [VERBOSE1:btm_ble_gap.cc(1924)] btm_ble_process_ext_adv_pkt: bda=7c:25:da:a1:a6:8e
07-12 11:04:09.010  2502  3457 V bt_stack: [VERBOSE1:btm_ble_gap.cc(1848)] btm_ble_process_adv_addr: bda=7c:25:da:a1:a6:8e
07-12 11:04:09.010  2502  3457 V bt_stack: [VERBOSE1:btm_inq.cc(1019)] BTM_InqDbRead: bd addr 7c:25:da:a1:a6:8e
07-12 11:04:09.013  3471  3587 E MiuiFastConnectService: check adv data not fast connect
07-12 11:04:09.087   904  3454 I vendor.qti.bluetooth@1.0-ibs_handler: ProcessIbsCmd: Received IBS_SLEEP_IND: 0xFE
07-12 11:04:09.282   904  3460 I vendor.qti.bluetooth@1.0-ibs_handler: DeviceSleep: TX Awake, Sending SLEEP_IND
07-12 11:04:09.283   904  3460 D vendor.qti.bluetooth@1.0-ibs_handler: SerialClockVote: vote for UART CLK OFF
07-12 11:04:09.433   904  3130 D vendor.qti.bluetooth@1.0-wake_lock: Release wakelock is released
07-12 11:04:09.511  2829  2829 D QtiCarrierConfigHelper: WARNING, no carrier configs on phone Id: 0
07-12 11:04:09.511  2963  2963 D NetworkSpeedTracker: receive actionandroid.intent.action.BATTERY_CHANGED
07-12 11:04:09.512  2963  2963 D NetworkSpeedTracker: onReceive ACTION_BATTERY_CHANGED mBatteryLevel = 100;mIsCharging =true
07-12 11:04:09.513  5492  5492 D VA_UploadVoiceJobService: uploadVoiceDatas onReceive time cost : 0
07-12 11:04:09.513  2565  2565 D KeyguardUpdateMonitor: received broadcast android.intent.action.BATTERY_CHANGED
07-12 11:04:09.514  2565  2565 D BatteryController: onReceive: Intent = Intent { act=android.intent.action.BATTERY_CHANGED flg=0x60000010 (has extras) } action = android.intent.action.BATTERY_CHANGED
07-12 11:04:09.515  4928  4928 I BatteryInfoReceiver: ACTION_BATTERY_CHANGED
07-12 11:04:09.515  5492  6796 D VA_UploadVoiceJobService: needUploadVoice timeSinceLastUpload = 4845323
07-12 11:04:09.517  6407  6935 D PowerKeeper.FrozenApp: onBatteryChanged plug=true mBatteryPlugged=2
07-12 11:04:09.517  6407  7011 D PowerCheckerService: onBatteryChanged, mBatteryLevel = 100, status = 5, level = 100, plug = 2, scale = 100
07-12 11:04:09.517  2906  2906 D DeviceStatisticsService: chargerType=2 batteryLevel=100 totalBatteryCapacity=4297000
07-12 11:04:09.517  2906  2906 D DeviceInfoHidlClient: isPowerInfoNeverSent()=true
07-12 11:04:09.517  2906  2906 D DeviceInfoHidlClient: getPowerInfoSupportStatus()=-1
07-12 11:04:09.517  4928  8506 I android_os_HwBinder: HwBinder: Starting thread pool for getting: vendor.xiaomi.hardware.micharge@1.0::IMiCharge/default
07-12 11:04:09.518   968  5232 I vendor.xiaomi.hardware.micharge@1.0-service: ReadFilePathValue path = /sys/class/power_supply/battery/night_charging value = 0
07-12 11:04:09.518  4928  8506 I ChargeProtectionUtils: getNightChargingState: 0
07-12 11:04:09.719   904  3454 I vendor.qti.bluetooth@1.0-ibs_handler: ProcessIbsCmd: Received IBS_WAKE_IND: 0xFD
07-12 11:04:09.719   904  3454 D vendor.qti.bluetooth@1.0-ibs_handler: SerialClockVote: vote for UART CLK ON
07-12 11:04:09.719   904  3454 D vendor.qti.bluetooth@1.0-wake_lock: Acquire wakelock is acquired
07-12 11:04:09.719   904  3454 I vendor.qti.bluetooth@1.0-ibs_handler: ProcessIbsCmd: Writing IBS_WAKE_ACK
07-12 11:04:09.721  2502  3457 V bt_stack: [VERBOSE1:btm_ble_gap.cc(1924)] btm_ble_process_ext_adv_pkt: bda=d4:5e:ec:42:d1:94
07-12 11:04:09.722  2502  3457 V bt_stack: [VERBOSE1:btm_ble_gap.cc(1848)] btm_ble_process_adv_addr: bda=d4:5e:ec:42:d1:94
07-12 11:04:09.722  2502  3457 V bt_stack: [VERBOSE1:btm_ble_gap.cc(2058)]  Waiting for scan response d4:5e:ec:42:d1:94
07-12 11:04:09.722  2502  3457 V bt_stack: [VERBOSE1:btm_ble_gap.cc(1924)] btm_ble_process_ext_adv_pkt: bda=d4:5e:ec:42:d1:94
07-12 11:04:09.722  2502  3457 V bt_stack: [VERBOSE1:btm_ble_gap.cc(1848)] btm_ble_process_adv_addr: bda=d4:5e:ec:42:d1:94
07-12 11:04:09.722  2502  3457 V bt_stack: [VERBOSE1:btm_inq.cc(1019)] BTM_InqDbRead: bd addr d4:5e:ec:42:d1:94
07-12 11:04:09.731  3471  3587 D MiuiMiHomeConnectController: getDeviceTimes
07-12 11:04:09.732  3471  3587 D MiuiMiHomeConnectController: result.getRssi = -6200:00:00:42:D1:94
07-12 11:04:09.735  3471  3587 D MiuiMiHomeDownloadManager: check local file : null
07-12 11:04:09.735  3471  3587 D MiuiMiHomeDownloadManager: device: 41646    return rssiNum: -50
07-12 11:04:09.735  3471  3587 D MiuiMiHomeConnectController: rssi num is not fit cloud data
07-12 11:04:09.802   904  3454 I vendor.qti.bluetooth@1.0-ibs_handler: ProcessIbsCmd: Received IBS_SLEEP_IND: 0xFE
07-12 11:04:09.802   904  3454 D vendor.qti.bluetooth@1.0-ibs_handler: SerialClockVote: vote for UART CLK OFF
07-12 11:04:09.953   904  3130 D vendor.qti.bluetooth@1.0-wake_lock: Release wakelock is released
07-12 11:04:10.091  8102  8283 D MemoryCeilingMonitor: [handleMemoryCalculate]
07-12 11:04:10.092  8102  8283 D MemoryCeilingMonitor: [calculate] tot: 4046442, max: 268435456, free: 503706, heap: 3542736, per: 0.013197720050811768
07-12 11:04:11.097   904  3454 I vendor.qti.bluetooth@1.0-ibs_handler: ProcessIbsCmd: Received IBS_WAKE_IND: 0xFD
07-12 11:04:11.097   904  3454 D vendor.qti.bluetooth@1.0-ibs_handler: SerialClockVote: vote for UART CLK ON
07-12 11:04:11.098   904  3454 D vendor.qti.bluetooth@1.0-wake_lock: Acquire wakelock is acquired
07-12 11:04:11.098   904  3454 I vendor.qti.bluetooth@1.0-ibs_handler: ProcessIbsCmd: Writing IBS_WAKE_ACK
07-12 11:04:11.100  2502  3457 V bt_stack: [VERBOSE1:btm_ble_gap.cc(1924)] btm_ble_process_ext_adv_pkt: bda=7c:25:da:a1:a6:8e
07-12 11:04:11.100  2502  3457 V bt_stack: [VERBOSE1:btm_ble_gap.cc(1848)] btm_ble_process_adv_addr: bda=7c:25:da:a1:a6:8e
07-12 11:04:11.100  2502  3457 V bt_stack: [VERBOSE1:btm_inq.cc(1019)] BTM_InqDbRead: bd addr 7c:25:da:a1:a6:8e
07-12 11:04:11.106  3471  3587 E MiuiFastConnectService: check adv data not fast connect
07-12 11:04:11.180   904  3454 I vendor.qti.bluetooth@1.0-ibs_handler: ProcessIbsCmd: Received IBS_SLEEP_IND: 0xFE
07-12 11:04:11.180   904  3454 D vendor.qti.bluetooth@1.0-ibs_handler: SerialClockVote: vote for UART CLK OFF
07-12 11:04:11.332   904  3130 D vendor.qti.bluetooth@1.0-wake_lock: Release wakelock is released
07-12 11:04:11.710   904  3454 I vendor.qti.bluetooth@1.0-ibs_handler: ProcessIbsCmd: Received IBS_WAKE_IND: 0xFD
07-12 11:04:11.710   904  3454 D vendor.qti.bluetooth@1.0-ibs_handler: SerialClockVote: vote for UART CLK ON
07-12 11:04:11.711   904  3454 D vendor.qti.bluetooth@1.0-wake_lock: Acquire wakelock is acquired
07-12 11:04:11.711   904  3454 I vendor.qti.bluetooth@1.0-ibs_handler: ProcessIbsCmd: Writing IBS_WAKE_ACK
07-12 11:04:11.713  2502  3457 V bt_stack: [VERBOSE1:btm_ble_gap.cc(1924)] btm_ble_process_ext_adv_pkt: bda=7c:25:da:a1:a6:8e
07-12 11:04:11.713  2502  3457 V bt_stack: [VERBOSE1:btm_ble_gap.cc(1848)] btm_ble_process_adv_addr: bda=7c:25:da:a1:a6:8e
07-12 11:04:11.714  2502  3457 V bt_stack: [VERBOSE1:btm_inq.cc(1019)] BTM_InqDbRead: bd addr 7c:25:da:a1:a6:8e
07-12 11:04:11.719  3471  3587 E MiuiFastConnectService: check adv data not fast connect
07-12 11:04:11.793   904  3454 I vendor.qti.bluetooth@1.0-ibs_handler: ProcessIbsCmd: Received IBS_SLEEP_IND: 0xFE
07-12 11:04:11.794   904  3454 D vendor.qti.bluetooth@1.0-ibs_handler: SerialClockVote: vote for UART CLK OFF
07-12 11:04:11.944   904  3130 D vendor.qti.bluetooth@1.0-wake_lock: Release wakelock is released
07-12 11:04:12.181  5340  5340 I MiPlayAudioService: onTick:479s
07-12 11:04:13.002   904  3454 I vendor.qti.bluetooth@1.0-ibs_handler: ProcessIbsCmd: Received IBS_WAKE_IND: 0xFD
07-12 11:04:13.002   904  3454 D vendor.qti.bluetooth@1.0-ibs_handler: SerialClockVote: vote for UART CLK ON
07-12 11:04:13.003   904  3454 D vendor.qti.bluetooth@1.0-wake_lock: Acquire wakelock is acquired
07-12 11:04:13.003   904  3454 I vendor.qti.bluetooth@1.0-ibs_handler: ProcessIbsCmd: Writing IBS_WAKE_ACK
07-12 11:04:13.005  2502  3457 V bt_stack: [VERBOSE1:btm_ble_gap.cc(1924)] btm_ble_process_ext_adv_pkt: bda=d4:5e:ec:42:d1:94
07-12 11:04:13.005  2502  3457 V bt_stack: [VERBOSE1:btm_ble_gap.cc(1848)] btm_ble_process_adv_addr: bda=d4:5e:ec:42:d1:94
07-12 11:04:13.005  2502  3457 V bt_stack: [VERBOSE1:btm_ble_gap.cc(2058)]  Waiting for scan response d4:5e:ec:42:d1:94
07-12 11:04:13.085   904  3454 I vendor.qti.bluetooth@1.0-ibs_handler: ProcessIbsCmd: Received IBS_SLEEP_IND: 0xFE
07-12 11:04:13.086   904  3454 D vendor.qti.bluetooth@1.0-ibs_handler: SerialClockVote: vote for UART CLK OFF
07-12 11:04:13.236   904  3130 D vendor.qti.bluetooth@1.0-wake_lock: Release wakelock is released
07-12 11:04:15.165  1894  2393 I chatty  : uid=1000(system) WifiHandlerThre expire 10 lines
07-12 11:04:15.692   904  3454 I vendor.qti.bluetooth@1.0-ibs_handler: ProcessIbsCmd: Received IBS_WAKE_IND: 0xFD
07-12 11:04:15.692   904  3454 D vendor.qti.bluetooth@1.0-ibs_handler: SerialClockVote: vote for UART CLK ON
07-12 11:04:15.692   904  3454 D vendor.qti.bluetooth@1.0-wake_lock: Acquire wakelock is acquired
07-12 11:04:15.692   904  3454 I vendor.qti.bluetooth@1.0-ibs_handler: ProcessIbsCmd: Writing IBS_WAKE_ACK
07-12 11:04:15.694  2502  3457 V bt_stack: [VERBOSE1:btm_ble_gap.cc(1924)] btm_ble_process_ext_adv_pkt: bda=10:7e:28:70:fe:5d
07-12 11:04:15.694  2502  3457 V bt_stack: [VERBOSE1:btm_ble_gap.cc(1848)] btm_ble_process_adv_addr: bda=10:7e:28:70:fe:5d
07-12 11:04:15.694  2502  3457 V bt_stack: [VERBOSE1:btm_inq.cc(1019)] BTM_InqDbRead: bd addr 10:7e:28:70:fe:5d
07-12 11:04:15.774   904  3454 I vendor.qti.bluetooth@1.0-ibs_handler: ProcessIbsCmd: Received IBS_SLEEP_IND: 0xFE
07-12 11:04:15.774   904  3454 D vendor.qti.bluetooth@1.0-ibs_handler: SerialClockVote: vote for UART CLK OFF
07-12 11:04:15.924   904  3130 D vendor.qti.bluetooth@1.0-wake_lock: Release wakelock is released
07-12 11:04:16.394   904  3454 I vendor.qti.bluetooth@1.0-ibs_handler: ProcessIbsCmd: Received IBS_WAKE_IND: 0xFD
07-12 11:04:16.394   904  3454 D vendor.qti.bluetooth@1.0-ibs_handler: SerialClockVote: vote for UART CLK ON
07-12 11:04:16.394   904  3454 D vendor.qti.bluetooth@1.0-wake_lock: Acquire wakelock is acquired
07-12 11:04:16.394   904  3454 I vendor.qti.bluetooth@1.0-ibs_handler: ProcessIbsCmd: Writing IBS_WAKE_ACK
07-12 11:04:16.396  2502  3457 V bt_stack: [VERBOSE1:btm_ble_gap.cc(1924)] btm_ble_process_ext_adv_pkt: bda=d4:5e:ec:42:d1:94
07-12 11:04:16.396  2502  3457 V bt_stack: [VERBOSE1:btm_ble_gap.cc(1848)] btm_ble_process_adv_addr: bda=d4:5e:ec:42:d1:94
07-12 11:04:16.396  2502  3457 V bt_stack: [VERBOSE1:btm_ble_gap.cc(2058)]  Waiting for scan response d4:5e:ec:42:d1:94
07-12 11:04:16.396  2502  3457 V bt_stack: [VERBOSE1:btm_ble_gap.cc(1924)] btm_ble_process_ext_adv_pkt: bda=d4:5e:ec:42:d1:94
07-12 11:04:16.396  2502  3457 V bt_stack: [VERBOSE1:btm_ble_gap.cc(1848)] btm_ble_process_adv_addr: bda=d4:5e:ec:42:d1:94
07-12 11:04:16.396  2502  3457 V bt_stack: [VERBOSE1:btm_inq.cc(1019)] BTM_InqDbRead: bd addr d4:5e:ec:42:d1:94
07-12 11:04:16.396  2502  3457 V bt_stack: [VERBOSE1:btm_ble_gap.cc(1924)] btm_ble_process_ext_adv_pkt: bda=7c:25:da:a1:a6:8e
07-12 11:04:16.397  2502  3457 V bt_stack: [VERBOSE1:btm_ble_gap.cc(1848)] btm_ble_process_adv_addr: bda=7c:25:da:a1:a6:8e
07-12 11:04:16.397  2502  3457 V bt_stack: [VERBOSE1:btm_inq.cc(1019)] BTM_InqDbRead: bd addr 7c:25:da:a1:a6:8e
07-12 11:04:16.475   904  3454 I vendor.qti.bluetooth@1.0-ibs_handler: ProcessIbsCmd: Received IBS_SLEEP_IND: 0xFE
07-12 11:04:16.475   904  3454 D vendor.qti.bluetooth@1.0-ibs_handler: SerialClockVote: vote for UART CLK OFF
07-12 11:04:16.626   904  3130 D vendor.qti.bluetooth@1.0-wake_lock: Release wakelock is released
07-12 11:04:16.826  1894  1904 I chatty  : uid=1000(system) HeapTaskDaemon expire 1 line
07-12 11:04:16.838  1894  1906 I chatty  : uid=1000(system) FinalizerDaemon expire 1 line
07-12 11:04:16.908  1894  2360 I chatty  : uid=1000(system) NetworkStats expire 1 line
07-12 11:04:16.909  3471  3587 W BpBinder: Slow Binder: BpBinder transact took 507ms, interface=android.content.IContentProvider, code=21 oneway=false
07-12 11:04:16.909  3471  3587 D MiuiMiHomeConnectController: getDeviceTimes
07-12 11:04:16.910  3471  3587 D MiuiMiHomeConnectController: result.getRssi = -6400:00:00:42:D1:94
07-12 11:04:16.911  3471  3587 D MiuiMiHomeDownloadManager: check local file : null
07-12 11:04:16.911  3471  3587 D MiuiMiHomeDownloadManager: device: 41646    return rssiNum: -50
07-12 11:04:16.911  3471  3587 D MiuiMiHomeConnectController: rssi num is not fit cloud data
07-12 11:04:16.911  3471  3587 E MiuiFastConnectService: check adv data not fast connect
07-12 11:04:16.954   904  3454 I vendor.qti.bluetooth@1.0-ibs_handler: ProcessIbsCmd: Received IBS_WAKE_IND: 0xFD
07-12 11:04:16.954   904  3454 D vendor.qti.bluetooth@1.0-ibs_handler: SerialClockVote: vote for UART CLK ON
07-12 11:04:16.955   904  3454 D vendor.qti.bluetooth@1.0-wake_lock: Acquire wakelock is acquired
07-12 11:04:16.955   904  3454 I vendor.qti.bluetooth@1.0-ibs_handler: ProcessIbsCmd: Writing IBS_WAKE_ACK
07-12 11:04:16.956  2502  3457 V bt_stack: [VERBOSE1:btm_ble_gap.cc(1924)] btm_ble_process_ext_adv_pkt: bda=c8:28:32:16:78:36
07-12 11:04:16.956  2502  3457 V bt_stack: [VERBOSE1:btm_ble_gap.cc(1848)] btm_ble_process_adv_addr: bda=c8:28:32:16:78:36
07-12 11:04:16.956  2502  3457 V bt_stack: [VERBOSE1:btm_inq.cc(1019)] BTM_InqDbRead: bd addr c8:28:32:16:78:36
07-12 11:04:16.957  3471  3587 E MiuiFastConnectService: check adv data not fast connect
07-12 11:04:17.036   904  3454 I vendor.qti.bluetooth@1.0-ibs_handler: ProcessIbsCmd: Received IBS_SLEEP_IND: 0xFE
07-12 11:04:17.036   904  3454 D vendor.qti.bluetooth@1.0-ibs_handler: SerialClockVote: vote for UART CLK OFF
07-12 11:04:17.188   904  3130 D vendor.qti.bluetooth@1.0-wake_lock: Release wakelock is released
07-12 11:04:17.597   904  3454 I vendor.qti.bluetooth@1.0-ibs_handler: ProcessIbsCmd: Received IBS_WAKE_IND: 0xFD
07-12 11:04:17.597   904  3454 D vendor.qti.bluetooth@1.0-ibs_handler: SerialClockVote: vote for UART CLK ON
07-12 11:04:17.598   904  3454 D vendor.qti.bluetooth@1.0-wake_lock: Acquire wakelock is acquired
07-12 11:04:17.598   904  3454 I vendor.qti.bluetooth@1.0-ibs_handler: ProcessIbsCmd: Writing IBS_WAKE_ACK
07-12 11:04:17.601  2502  3457 V bt_stack: [VERBOSE1:btm_ble_gap.cc(1924)] btm_ble_process_ext_adv_pkt: bda=d4:5e:ec:42:d1:94
07-12 11:04:17.601  2502  3457 V bt_stack: [VERBOSE1:btm_ble_gap.cc(1848)] btm_ble_process_adv_addr: bda=d4:5e:ec:42:d1:94
07-12 11:04:17.601  2502  3457 V bt_stack: [VERBOSE1:btm_ble_gap.cc(2058)]  Waiting for scan response d4:5e:ec:42:d1:94
07-12 11:04:17.602  2502  3457 V bt_stack: [VERBOSE1:btm_ble_gap.cc(1924)] btm_ble_process_ext_adv_pkt: bda=d4:5e:ec:42:d1:94
07-12 11:04:17.602  2502  3457 V bt_stack: [VERBOSE1:btm_ble_gap.cc(1848)] btm_ble_process_adv_addr: bda=d4:5e:ec:42:d1:94
07-12 11:04:17.602  2502  3457 V bt_stack: [VERBOSE1:btm_inq.cc(1019)] BTM_InqDbRead: bd addr d4:5e:ec:42:d1:94
07-12 11:04:17.602  2502  3457 V bt_stack: [VERBOSE1:btm_ble_gap.cc(1924)] btm_ble_process_ext_adv_pkt: bda=10:7e:28:70:fe:5d
07-12 11:04:17.602  2502  3457 V bt_stack: [VERBOSE1:btm_ble_gap.cc(1848)] btm_ble_process_adv_addr: bda=10:7e:28:70:fe:5d
07-12 11:04:17.602  2502  3457 V bt_stack: [VERBOSE1:btm_inq.cc(1019)] BTM_InqDbRead: bd addr 10:7e:28:70:fe:5d
07-12 11:04:17.608  3471  3587 E MiuiFastConnectService: check adv data not fast connect
07-12 11:04:17.608  3471  3587 D MiuiNearbyService: getNearbyService() - returning com.android.bluetooth.ble.app.MiuiNearbyService@32df939
07-12 11:04:17.609  5834  6616 E IDM-BleBackGround: MiConnect EndPoint found
07-12 11:04:17.611  2502  3457 V bt_stack: [VERBOSE1:btm_ble_gap.cc(1924)] btm_ble_process_ext_adv_pkt: bda=7c:25:da:a1:a6:8e
07-12 11:04:17.611  2502  3457 V bt_stack: [VERBOSE1:btm_ble_gap.cc(1848)] btm_ble_process_adv_addr: bda=7c:25:da:a1:a6:8e
07-12 11:04:17.611  2502  3457 V bt_stack: [VERBOSE1:btm_inq.cc(1019)] BTM_InqDbRead: bd addr 7c:25:da:a1:a6:8e
07-12 11:04:17.613  3471  3587 E MiuiFastConnectService: check adv data not fast connect
07-12 11:04:17.690   904  3454 I vendor.qti.bluetooth@1.0-ibs_handler: ProcessIbsCmd: Received IBS_SLEEP_IND: 0xFE
07-12 11:04:17.690   904  3454 D vendor.qti.bluetooth@1.0-ibs_handler: SerialClockVote: vote for UART CLK OFF
07-12 11:04:17.702  2565  2565 D KeyguardUpdateMonitor: received broadcast android.intent.action.BATTERY_CHANGED
