07-07 14:58:51.906 14438 14526 D DexLoader: WebCoreClassLoader - loadClass(com.tencent.tbs.common.MTT.AesEncryptReq,false)...
07-07 14:58:51.906 14438 14526 D DexLoader: WebCoreClassLoader - loadClass(com.tencent.tbs.tbsshell.partner.reader.service.q$2,false)...
07-07 14:58:51.906 14438 14574 D DexLoader: WebCoreClassLoader - loadClass(org.chromium.ui.gfx.ViewConfigurationHelper,false)...
07-07 14:58:51.906 14438 14526 D DexLoader: WebCoreClassLoader - loadClass(com.tencent.tbs.tbsshell.partner.reader.service.q$3,false)...
07-07 14:58:51.906 14438 14573 D DexLoader: WebCoreClassLoader - loadClass(org.chromium.tencent.ui.a.a,false)...
07-07 14:58:51.906 14438 14574 D DexLoader: WebCoreClassLoader - loadClass(org.chromium.ui.gfx.ViewConfigurationHelper$1,false)...
07-07 14:58:51.906 14438 14574 D DexLoader: WebCoreClassLoader - loadClass(org.chromium.ui.gfx.b,false)...
07-07 14:58:51.906 14438 14574 D DexLoader: WebCoreClassLoader - loadClass(org.chromium.ui.gfx.ViewConfigurationHelper$a,false)...
07-07 14:58:51.906 14438 14573 D DexLoader: WebCoreClassLoader - loadClass(org.chromium.content_public.browser.e,false)...
07-07 14:58:51.907 14438 14573 D DexLoader: WebCoreClassLoader - loadClass(org.chromium.content_public.browser.g,false)...
07-07 14:58:51.907 14438 14573 D DexLoader: WebCoreClassLoader - loadClass(org.chromium.components.policy.CombinedPolicyProvider,false)...
07-07 14:58:51.907 14438 14573 D DexLoader: WebCoreClassLoader - loadClass(org.chromium.android_webview.b.a,false)...
07-07 14:58:51.907 14438 14573 D DexLoader: WebCoreClassLoader - loadClass(org.chromium.components.policy.b,false)...
07-07 14:58:51.907 14438 14526 D DexLoader: WebCoreClassLoader - loadClass(com.tencent.tbs.common.baseinfo.PreferenceManager,false)...
07-07 14:58:51.907 14438 14573 D DexLoader: WebCoreClassLoader - loadClass(org.chromium.components.policy.a,false)...
07-07 14:58:51.907 14438 14526 D DexLoader: WebCoreClassLoader - loadClass(com.tencent.tbs.tbsshell.partner.reader.service.a,false)...
07-07 14:58:51.907 14438 14573 D DexLoader: WebCoreClassLoader - loadClass(org.chromium.components.policy.f,false)...
07-07 14:58:51.908 14438 14574 D DexLoader: WebCoreClassLoader - loadClass(org.chromium.ui.events.devices.InputDeviceObserver$1,false)...
07-07 14:58:51.908 14438 14574 D DexLoader: WebCoreClassLoader - loadClass(org.chromium.ui.events.devices.InputDeviceObserver,false)...
07-07 14:58:51.908 14438 14574 D DexLoader: WebCoreClassLoader - loadClass(org.chromium.ui.events.devices.a,false)...
07-07 14:58:51.908 14438 14574 D DexLoader: WebCoreClassLoader - loadClass(org.chromium.ui.events.devices.InputDeviceObserver$a,false)...
07-07 14:58:51.909 14438 14574 D DexLoader: WebCoreClassLoader - loadClass(org.chromium.components.viz.service.frame_sinks.ExternalBeginFrameSourceAndroid,false)...
07-07 14:58:51.909 14438 14574 D DexLoader: WebCoreClassLoader - loadClass(org.chromium.components.viz.service.frame_sinks.ExternalBeginFrameSourceAndroid$1,false)...
07-07 14:58:51.909 14438 14574 D DexLoader: WebCoreClassLoader - loadClass(org.chromium.ui.q$a,false)...
07-07 14:58:51.909 14438 14574 D DexLoader: WebCoreClassLoader - loadClass(org.chromium.ui.q,false)...
07-07 14:58:51.910 14438 14574 D DexLoader: WebCoreClassLoader - loadClass(org.chromium.components.viz.service.frame_sinks.a,false)...
07-07 14:58:51.910 14438 14574 D DexLoader: WebCoreClassLoader - loadClass(org.chromium.components.viz.service.frame_sinks.ExternalBeginFrameSourceAndroid$a,false)...
07-07 14:58:51.910 14438 14574 D DexLoader: WebCoreClassLoader - loadClass(org.chromium.ui.q$1,false)...
07-07 14:58:51.910 14438 14573 D DexLoader: WebCoreClassLoader - loadClass(org.chromium.content_public.browser.b$-CC,false)...
07-07 14:58:51.910 14438 14573 D DexLoader: WebCoreClassLoader - loadClass(org.chromium.content_public.browser.b,false)...
07-07 14:58:51.911 14438 14573 D DexLoader: WebCoreClassLoader - loadClass(org.chromium.base.PowerMonitor,false)...
07-07 14:58:51.911 14438 14526 D DexLoader: WebCoreClassLoader - loadClass(com.tencent.tbs.reader.ug.IUgActive,false)...
07-07 14:58:51.911 14438 14526 D DexLoader: WebCoreClassLoader - loadClass(com.tencent.tbs.tbsshell.partner.reader.a.f,false)...
07-07 14:58:51.911 14438 14573 D DexLoader: WebCoreClassLoader - loadClass(org.chromium.base.library_loader.a,false)...
07-07 14:58:51.911 14438 14526 D DexLoader: WebCoreClassLoader - loadClass(com.tencent.tbs.common.ugInterface.DefaultActiver,false)...
07-07 14:58:51.911 14438 14526 D DexLoader: WebCoreClassLoader - loadClass(com.tencent.tbs.common.ugInterface.IActive,false)...
07-07 14:58:51.911 14438 14574 D DexLoader: WebCoreClassLoader - loadClass(org.chromium.ui.q$2,false)...
07-07 14:58:51.911 14438 14526 D DexLoader: WebCoreClassLoader - loadClass(com.tencent.tbs.reader.download.IUgDownloader,false)...
07-07 14:58:51.911 14438 14526 D DexLoader: WebCoreClassLoader - loadClass(com.tencent.tbs.tbsshell.partner.reader.a.h,false)...
07-07 14:58:51.911 14438 14526 D DexLoader: WebCoreClassLoader - loadClass(com.tencent.tbs.common.ugInterface.DefaultDownloader,false)...
07-07 14:58:51.911 14438 14526 D DexLoader: WebCoreClassLoader - loadClass(com.tencent.tbs.common.ugInterface.IDownloader,false)...
07-07 14:58:51.911 14438 14574 D DexLoader: WebCoreClassLoader - loadClass(org.chromium.android_webview.gfx.RootBeginFrameSourceWebView,false)...
07-07 14:58:51.911 14438 14526 D DexLoader: WebCoreClassLoader - loadClass(com.tencent.tbs.reader.ug.IUgEncourageWindowHelper,false)...
07-07 14:58:51.911 14438 14526 D DexLoader: WebCoreClassLoader - loadClass(com.tencent.tbs.tbsshell.partner.reader.a.i,false)...
07-07 14:58:51.911 14438 14526 D DexLoader: WebCoreClassLoader - loadClass(com.tencent.tbs.common.ugInterface.DefaultEncourageWindowHelper,false)...
07-07 14:58:51.911 14438 14573 D DexLoader: WebCoreClassLoader - loadClass(org.chromium.android_webview.common.g,false)...
07-07 14:58:51.911 14438 14526 D DexLoader: WebCoreClassLoader - loadClass(com.tencent.tbs.common.ugInterface.IEncourageWindowHelper,false)...
07-07 14:58:51.912 14438 14573 D DexLoader: WebCoreClassLoader - loadClass(org.chromium.android_webview.-$$Lambda$AwBrowserProcess$i0w2et5liCy-CIwkBSNz8b9zAS0,false)...
07-07 14:58:51.912 14438 14526 D DexLoader: WebCoreClassLoader - loadClass(com.tencent.tbs.reader.ug.IUgInstaller,false)...
07-07 14:58:51.912 14438 14573 D DexLoader: WebCoreClassLoader - loadClass(org.chromium.android_webview.a.a,false)...
07-07 14:58:51.912 14438 14526 D DexLoader: WebCoreClassLoader - loadClass(com.tencent.tbs.tbsshell.partner.reader.a.j,false)...
07-07 14:58:51.912 14438 14526 D DexLoader: WebCoreClassLoader - loadClass(com.tencent.tbs.common.ugInterface.DefaultInstaller,false)...
07-07 14:58:51.912 14438 14573 D DexLoader: WebCoreClassLoader - loadClass(org.chromium.android_webview.common.a.a,false)...
07-07 14:58:51.912 14438 14526 D DexLoader: WebCoreClassLoader - loadClass(com.tencent.tbs.common.ugInterface.IInstaller,false)...
07-07 14:58:51.912 14438 14526 D DexLoader: WebCoreClassLoader - loadClass(com.tencent.tbs.reader.ug.IUgOpener,false)...
07-07 14:58:51.912 14438 14613 D DexLoader: WebCoreClassLoader - loadClass(com.tencent.common.utils.FileUtils$2,false)...
07-07 14:58:51.912 14438 14526 D DexLoader: WebCoreClassLoader - loadClass(com.tencent.tbs.tbsshell.partner.reader.a.k,false)...
07-07 14:58:51.912 14438 14526 D DexLoader: WebCoreClassLoader - loadClass(com.tencent.tbs.common.ugInterface.DefaultOpener,false)...
07-07 14:58:51.912 14438 14613 D DexLoader: WebCoreClassLoader - loadClass(com.tencent.mtt.browser.engine.AppBroadcastObserver,false)...
07-07 14:58:51.912 14438 14526 D DexLoader: WebCoreClassLoader - loadClass(com.tencent.tbs.common.ugInterface.IOpener,false)...
07-07 14:58:51.912 14438 14526 D DexLoader: WebCoreClassLoader - loadClass(com.tencent.tbs.common.ugInterface.CommonNewProvider,false)...
07-07 14:58:51.913 14438 14526 D DexLoader: WebCoreClassLoader - loadClass(com.tencent.tbs.tbsshell.partner.reader.a.l,false)...
07-07 14:58:51.913 14438 14526 D DexLoader: WebCoreClassLoader - loadClass(com.tencent.tbs.reader.service.ITbsBaseTask$INetworkTask,false)...
07-07 14:58:51.913 14438 14526 D DexLoader: WebCoreClassLoader - loadClass(com.tencent.mtt.base.task.NetworkTask,false)...
07-07 14:58:51.913 14438 14574 D DexLoader: WebCoreClassLoader - loadClass(org.chromium.android_webview.gfx.h,false)...
07-07 14:58:51.913 14438 14574 D DexLoader: WebCoreClassLoader - loadClass(org.chromium.android_webview.gfx.RootBeginFrameSourceWebView$a,false)...
07-07 14:58:51.913 14438 14574 D DexLoader: WebCoreClassLoader - loadClass(org.chromium.android_webview.gfx.h$1,false)...
07-07 14:58:51.913 14438 14574 D DexLoader: WebCoreClassLoader - loadClass(org.chromium.net.q$1,false)...
07-07 14:58:51.913 14438 14526 D DexLoader: WebCoreClassLoader - loadClass(com.tencent.tbs.reader.TbsReader,false)...
07-07 14:58:51.913 14438 14574 D DexLoader: WebCoreClassLoader - loadClass(org.chromium.net.NetworkChangeNotifier$b,false)...
07-07 14:58:51.913 14438 14573 D DexLoader: WebCoreClassLoader - loadClass(org.chromium.android_webview.f,false)...
07-07 14:58:51.913 14438 14573 D DexLoader: WebCoreClassLoader - loadClass(org.chromium.android_webview.AwBrowserProcess$a,false)...
07-07 14:58:51.913 14438 14573 D DexLoader: WebCoreClassLoader - loadClass(org.chromium.android_webview.o,false)...
07-07 14:58:51.913 14438 14573 D DexLoader: WebCoreClassLoader - loadClass(org.chromium.android_webview.-$$Lambda$AwBrowserProcess$zBQlsOkN6B00MALQF45VLOHB7eo,false)...
07-07 14:58:51.913 14438 14505 D UMLog   : : 90 https://developer.umeng.com/docs/66632/detail/66976?um_channel=sdk
07-07 14:58:51.914 14438 14526 D DexLoader: WebCoreClassLoader - loadClass(com.tencent.tbs.reader.service.IDexLoaderProvider,false)...
07-07 14:58:51.914 14438 14573 D DexLoader: WebCoreClassLoader - loadClass(org.chromium.android_webview.AwBrowserProcess$1,false)...
07-07 14:58:51.914 14438 14526 D DexLoader: WebCoreClassLoader - loadClass(com.tencent.tbs.tbsshell.partner.reader.e,false)...
07-07 14:58:51.914 14438 14574 D DexLoader: WebCoreClassLoader - loadClass(org.chromium.net.q,false)...
07-07 14:58:51.914 14438 14574 D DexLoader: WebCoreClassLoader - loadClass(org.chromium.net.NetworkChangeNotifier,false)...
07-07 14:58:51.914 14438 14574 D DexLoader: WebCoreClassLoader - loadClass(org.chromium.content.browser.framehost.NavigationControllerImpl,false)...
07-07 14:58:51.914 14438 14526 D DexLoader: WebCoreClassLoader - loadClass(com.tencent.tbs.reader.TbsReader$1,false)...
07-07 14:58:51.914 14438 14574 D DexLoader: WebCoreClassLoader - loadClass(org.chromium.content_public.browser.NavigationController,false)...
07-07 14:58:51.914 14438 14613 D DexLoader: WebCoreClassLoader - loadClass(com.tencent.common.http.ContentType,false)...
07-07 14:58:51.915 14438 14573 D DexLoader: WebCoreClassLoader - loadClass(org.chromium.base.w,false)...
07-07 14:58:51.915 14438 14526 D DexLoader: WebCoreClassLoader - loadClass(com.tencent.mtt.external.reader.MttPluginCheck,false)...
07-07 14:58:51.915 14438 14573 D DexLoader: WebCoreClassLoader - loadClass(org.chromium.android_webview.AwTracingController,false)...
07-07 14:58:51.915 14438 14574 D DexLoader: WebCoreClassLoader - loadClass(org.chromium.content_public.browser.ab,false)...
07-07 14:58:51.915 14438 14573 D DexLoader: WebCoreClassLoader - loadClass(org.chromium.android_webview.ae,false)...
07-07 14:58:51.915 14438 14526 D DexLoader: WebCoreClassLoader - loadClass(com.tencent.tbs.tbsshell.partner.reader.c,false)...
07-07 14:58:51.915 14438 14573 D DexLoader: WebCoreClassLoader - loadClass(org.chromium.android_webview.AwContentsLifecycleNotifier$a,false)...
07-07 14:58:51.915 14438 14613 D DexLoader: WebCoreClassLoader - loadClass(com.tencent.common.utils.FileUtils$1,false)...
07-07 14:58:51.916 14438 14613 D DexLoader: WebCoreClassLoader - loadClass(com.tencent.common.utils.SdCardInfo$Utils,false)...
07-07 14:58:51.916 14438 14573 D DexLoader: WebCoreClassLoader - loadClass(org.chromium.android_webview.bh,false)...
07-07 14:58:51.916 14438 14613 D DexLoader: WebCoreClassLoader - loadClass(com.tencent.common.utils.SdCardInfo,false)...
07-07 14:58:51.916 14438 14613 D DexLoader: WebCoreClassLoader - loadClass(com.tencent.common.utils.StorageInfo,false)...
07-07 14:58:51.916 14438 14574 D DexLoader: WebCoreClassLoader - loadClass(org.chromium.content_public.browser.NavigationEntry,false)...
07-07 14:58:51.916 14438 14574 D DexLoader: WebCoreClassLoader - loadClass(org.chromium.content.browser.framehost.a,false)...
07-07 14:58:51.916 14438 14574 D DexLoader: WebCoreClassLoader - loadClass(org.chromium.content.browser.framehost.NavigationControllerImpl$a,false)...
07-07 14:58:51.916 14438 14613 D DexLoader: WebCoreClassLoader - loadClass(com.tencent.mtt.browser.engine.AppBroadcastReceiver,false)...
07-07 14:58:51.916 14438 14573 D DexLoader: WebCoreClassLoader - loadClass(org.chromium.android_webview.AwProxyController,false)...
07-07 14:58:51.916 14438 14526 D DexLoader: WebCoreClassLoader - loadClass(com.tencent.mtt.external.reader.MttFileReaderWrapper,false)...
07-07 14:58:51.916 14438 14574 D DexLoader: WebCoreClassLoader - loadClass(org.chromium.content_public.browser.v,false)...
07-07 14:58:51.916 14438 14574 D DexLoader: WebCoreClassLoader - loadClass(org.chromium.content_public.common.f,false)...
07-07 14:58:51.916 14438 14573 D DexLoader: WebCoreClassLoader - loadClass(org.chromium.base.JNIUtils,false)...
07-07 14:58:51.916 14438 14573 D DexLoader: WebCoreClassLoader - loadClass(org.chromium.android_webview.ad,false)...
07-07 14:58:51.917 14438 14573 D DexLoader: WebCoreClassLoader - loadClass(org.chromium.ui.base.ResourceBundle,false)...
07-07 14:58:51.917 14438 14526 D DexLoader: WebCoreClassLoader - loadClass(com.tencent.tbs.tbsshell.partner.reader.g,false)...
07-07 14:58:51.917 14438 14574 D DexLoader: WebCoreClassLoader - loadClass(org.chromium.content.browser.webcontents.WebContentsImpl$1,false)...
07-07 14:58:51.917 14438 14573 D DexLoader: WebCoreClassLoader - loadClass(org.chromium.base.BundleUtils,false)...
07-07 14:58:51.917 14438 14526 D DexLoader: WebCoreClassLoader - loadClass(com.tencent.mtt.external.reader.export.IReaderProxy,false)...
07-07 14:58:51.917 14438 14573 D DexLoader: WebCoreClassLoader - loadClass(org.chromium.base.ap,false)...
07-07 14:58:51.917 14438 14574 D DexLoader: WebCoreClassLoader - loadClass(org.chromium.content.browser.webcontents.a,false)...
07-07 14:58:51.917 14438 14574 D DexLoader: WebCoreClassLoader - loadClass(org.chromium.content.browser.webcontents.WebContentsImpl$a,false)...
07-07 14:58:51.917 14438 14526 D DexLoader: WebCoreClassLoader - loadClass(com.tencent.mtt.external.reader.export.IReaderEventProxy,false)...
07-07 14:58:51.917 14438 14574 D DexLoader: WebCoreClassLoader - loadClass(org.chromium.content_public.browser.AccessibilitySnapshotNode,false)...
07-07 14:58:51.917 14438 14573 D DexLoader: WebCoreClassLoader - loadClass(org.chromium.android_webview.z,false)...
07-07 14:58:51.917 14438 14574 D DexLoader: WebCoreClassLoader - loadClass(org.chromium.content_public.browser.RenderFrameHost,false)...
07-07 14:58:51.917 14438 14574 D DexLoader: WebCoreClassLoader - loadClass(org.chromium.content_public.browser.WebContents$a,false)...
07-07 14:58:51.917 14438 14574 D DexLoader: WebCoreClassLoader - loadClass(org.chromium.base.be,false)...
07-07 14:58:51.917 14438 14574 D DexLoader: WebCoreClassLoader - loadClass(org.chromium.content_public.browser.ap,false)...
07-07 14:58:51.917 14438 14574 D DexLoader: WebCoreClassLoader - loadClass(org.chromium.content.browser.webcontents.WebContentsImpl$c,false)...
07-07 14:58:51.917 14438 14574 D DexLoader: WebCoreClassLoader - loadClass(org.chromium.content.browser.webcontents.WebContentsObserverProxy,false)...
07-07 14:58:51.917 14438 14613 D DexLoader: WebCoreClassLoader - loadClass(com.tencent.common.utils.LogUtils,false)...
07-07 14:58:51.917 14438 14574 D DexLoader: WebCoreClassLoader - loadClass(org.chromium.content_public.browser.aq,false)...
07-07 14:58:51.917 14438 14573 D DexLoader: WebCoreClassLoader - loadClass(org.chromium.android_webview.AwQuotaManagerBridge,false)...
07-07 14:58:51.917 14438 14573 D DexLoader: WebCoreClassLoader - loadClass(org.chromium.android_webview.ao,false)...
07-07 14:58:51.918 14438 14526 D DexLoader: WebCoreClassLoader - loadClass(com.tencent.tbs.tbsshell.partner.reader.i,false)...
07-07 14:58:51.918 14438 14573 D DexLoader: WebCoreClassLoader - loadClass(org.chromium.base.h,false)...
07-07 14:58:51.918 14438 14526 D DexLoader: WebCoreClassLoader - loadClass(com.tencent.tbs.tbsshell.partner.reader.e$1,false)...
07-07 14:58:51.918 14438 14573 D DexLoader: WebCoreClassLoader - loadClass(org.chromium.android_webview.m,false)...
07-07 14:58:51.919 14438 14573 D DexLoader: WebCoreClassLoader - loadClass(com.tencent.smtt.webkit.o,false)...
07-07 14:58:51.919 14438 14613 D DexLoader: WebCoreClassLoader - loadClass(com.tencent.common.utils.FileUtils$b,false)...
07-07 14:58:51.919 14438 14613 D DexLoader: WebCoreClassLoader - loadClass(com.tencent.common.utils.FileUtils$a,false)...
07-07 14:58:51.919 14438 14573 D DexLoader: WebCoreClassLoader - loadClass(org.chromium.device.geolocation.a,false)...
07-07 14:58:51.919 14438 14573 D DexLoader: WebCoreClassLoader - loadClass(org.chromium.device.geolocation.LocationProviderFactory,false)...
07-07 14:58:51.919 14438 14573 D DexLoader: WebCoreClassLoader - loadClass(com.tencent.smtt.util.a,false)...
07-07 14:58:51.919 14438 14573 D DexLoader: WebCoreClassLoader - loadClass(org.chromium.content.browser.TracingControllerAndroidImpl,false)...
07-07 14:58:51.919 14438 14573 D DexLoader: WebCoreClassLoader - loadClass(org.chromium.content_public.browser.ak,false)...
07-07 14:58:51.919 14438 14526 D DexLoader: WebCoreClassLoader - loadClass(com.tencent.mtt.external.reader.export.IReaderWebViewProxy,false)...
07-07 14:58:51.919 14438 14526 D DexLoader: WebCoreClassLoader - loadClass(com.tencent.tbs.tbsshell.partner.reader.e$2,false)...
07-07 14:58:51.919 14438 14526 D DexLoader: WebCoreClassLoader - loadClass(com.tencent.mtt.external.reader.export.IReaderWebViewClient,false)...
07-07 14:58:51.920 14438 14573 D DexLoader: WebCoreClassLoader - loadClass(org.chromium.components.embedder_support.a.a$a,false)...
07-07 14:58:51.920 14438 14573 D DexLoader: WebCoreClassLoader - loadClass(org.chromium.components.embedder_support.a.a$a$1,false)...
07-07 14:58:51.921 14438 14573 D DexLoader: WebCoreClassLoader - loadClass(org.chromium.base.p$a,false)...
07-07 14:58:51.921 14438 14438 I BLOG    : [main] onActivityStared: cn.missevan.activity.MainActivity@8210707
07-07 14:58:51.921 14438 14573 D DexLoader: WebCoreClassLoader - loadClass(org.chromium.base.b,false)...
07-07 14:58:51.921 14438 14574 D DexLoader: WebCoreClassLoader - loadClass(org.chromium.content_public.browser.AccessibilitySnapshotCallback,false)...
07-07 14:58:51.921 14438 14596 D DexLoader: WebCoreClassLoader - loadClass(com.tencent.common.utils.HexUtil,false)...
07-07 14:58:51.921 14438 14574 D DexLoader: WebCoreClassLoader - loadClass(org.chromium.content_public.browser.ImageDownloadCallback,false)...
07-07 14:58:51.921 14438 14574 D DexLoader: WebCoreClassLoader - loadClass(org.chromium.content_public.browser.JavaScriptCallback,false)...
07-07 14:58:51.921 14438 14574 D DexLoader: WebCoreClassLoader - loadClass(org.chromium.content.browser.webcontents.WebContentsImpl$SmartClipCallback,false)...
07-07 14:58:51.921 14438 14526 D DexLoader: WebCoreClassLoader - loadClass(com.tencent.tbs.reader.service.ITbsBroadcast$BroadcastObserver,false)...
07-07 14:58:51.921 14438 14573 D DexLoader: WebCoreClassLoader - loadClass(org.chromium.base.a.a,false)...
07-07 14:58:51.921 14438 14574 D DexLoader: WebCoreClassLoader - loadClass(org.chromium.content.browser.MediaSessionImpl,false)...
07-07 14:58:51.921 14438 14526 D DexLoader: WebCoreClassLoader - loadClass(com.tencent.tbs.tbsshell.partner.reader.service.f$1,false)...
07-07 14:58:51.921 14438 14574 D DexLoader: WebCoreClassLoader - loadClass(org.chromium.content_public.browser.x,false)...
07-07 14:58:51.922 14438 14574 D DexLoader: WebCoreClassLoader - loadClass(org.chromium.content.browser.accessibility.WebContentsAccessibilityImpl,false)...
07-07 14:58:51.922 14438 14438 I Player.SinglePlayerConnection: [main] updateAllConfig
07-07 14:58:51.922 14438 14574 D DexLoader: WebCoreClassLoader - loadClass(org.chromium.content.browser.AppWebMessagePort,false)...
07-07 14:58:51.922 14438 14574 D DexLoader: WebCoreClassLoader - loadClass(org.chromium.content_public.browser.MessagePort,false)...
07-07 14:58:51.922 14438 14596 D DexLoader: WebCoreClassLoader - loadClass(com.tencent.tbs.common.baseinfo.TBSBroadcastReceiver$c,false)...
07-07 14:58:51.922 14438 14596 D DexLoader: WebCoreClassLoader - loadClass(com.tencent.tbs.common.baseinfo.TBSBroadcastReceiver$1,false)...
07-07 14:58:51.922 14438 14574 D DexLoader: WebCoreClassLoader - loadClass(org.chromium.content.browser.webcontents.WebContentsImpl$b,false)...
07-07 14:58:51.922 14438 14438 W Player.SinglePlayerConnection: [main] mService is null, bindService
07-07 14:58:51.922 14438 14596 D DexLoader: WebCoreClassLoader - loadClass(com.tencent.tbs.common.baseinfo.TBSBroadcastReceiver$d,false)...
07-07 14:58:51.922 14438 14574 D DexLoader: WebCoreClassLoader - loadClass(org.chromium.content.browser.ao$-CC,false)...
07-07 14:58:51.922 14438 14596 D DexLoader: WebCoreClassLoader - loadClass(com.tencent.tbs.common.baseinfo.TBSBroadcastReceiver$b,false)...
07-07 14:58:51.922 14438 14596 D DexLoader: WebCoreClassLoader - loadClass(com.tencent.tbs.common.baseinfo.TBSBroadcastReceiver$a,false)...
07-07 14:58:51.922 14438 14574 D DexLoader: WebCoreClassLoader - loadClass(org.chromium.ui.base.ViewAndroidDelegate,false)...
07-07 14:58:51.922 14438 14574 D DexLoader: WebCoreClassLoader - loadClass(org.chromium.content.browser.an,false)...
07-07 14:58:51.922 14438 14438 I Player.SinglePlayerConnection: [main] bindService, service is connecting: false
07-07 14:58:51.923 14438 14574 D DexLoader: WebCoreClassLoader - loadClass(org.chromium.ui.base.WindowAndroid$a,false)...
07-07 14:58:51.923 14438 14574 D DexLoader: WebCoreClassLoader - loadClass(org.chromium.content.browser.framehost.RenderFrameHostImpl,false)...
07-07 14:58:51.923 14438 14526 D DexLoader: WebCoreClassLoader - loadClass(com.tencent.tbs.tbsshell.partner.ug.TbsServiceImpl$4,false)...
07-07 14:58:51.923 14438 14573 D DexLoader: WebCoreClassLoader - loadClass(org.chromium.base.BuildInfo$1,false)...
07-07 14:58:51.923 14438 14574 D DexLoader: WebCoreClassLoader - loadClass(org.chromium.ui.OverscrollRefreshHandler,false)...
07-07 14:58:51.923 14438 14573 D DexLoader: WebCoreClassLoader - loadClass(org.chromium.base.BuildInfo$a,false)...
07-07 14:58:51.923 14438 14573 D DexLoader: WebCoreClassLoader - loadClass(org.chromium.base.a.e,false)...
07-07 14:58:51.923 14438 14574 D DexLoader: WebCoreClassLoader - loadClass(org.chromium.content.browser.RenderWidgetHostViewImpl,false)...
07-07 14:58:51.923 14438 14574 D DexLoader: WebCoreClassLoader - loadClass(org.chromium.content_public.browser.ad,false)...
07-07 14:58:51.923 14438 14574 D DexLoader: WebCoreClassLoader - loadClass(org.chromium.content.browser.ap,false)...
07-07 14:58:51.923 14438 14573 D DexLoader: WebCoreClassLoader - loadClass(org.chromium.base.l$1,false)...
07-07 14:58:51.924 14438 14526 D DexLoader: WebCoreClassLoader - loadClass(com.tencent.tbs.tbsshell.partner.ug.TbsServiceImpl$1,false)...
07-07 14:58:51.924 14438 14526 D DexLoader: WebCoreClassLoader - loadClass(com.tencent.tbs.tbsshell.partner.ug.TbsServiceImpl$2,false)...
07-07 14:58:51.924 14438 14574 D DexLoader: WebCoreClassLoader - loadClass(org.chromium.ui.base.l,false)...
07-07 14:58:51.924 14438 14573 D DexLoader: WebCoreClassLoader - loadClass(org.chromium.base.l$a,false)...
07-07 14:58:51.924 14438 14574 D DexLoader: WebCoreClassLoader - loadClass(org.chromium.ui.k,false)...
07-07 14:58:51.924 14438 14573 D DexLoader: WebCoreClassLoader - loadClass(org.chromium.base.l$b,false)...
07-07 14:58:51.924 14438 14574 D DexLoader: WebCoreClassLoader - loadClass(org.chromium.ui.base.f,false)...
07-07 14:58:51.924 14438 14574 D DexLoader: WebCoreClassLoader - loadClass(org.chromium.base.b.d,false)...
07-07 14:58:51.925 14438 14574 D DexLoader: WebCoreClassLoader - loadClass(org.chromium.base.b.c,false)...
07-07 14:58:51.925 14438 14573 D DexLoader: WebCoreClassLoader - loadClass(org.chromium.base.am,false)...
07-07 14:58:51.925 14438 14574 D DexLoader: WebCoreClassLoader - loadClass(org.chromium.base.b.h,false)...
07-07 14:58:51.925 14438 14573 D DexLoader: WebCoreClassLoader - loadClass(org.chromium.android_webview.-$$Lambda$AwContents$ud4GmUJeibjU8kmT_1FDfVpg44w,false)...
07-07 14:58:51.925 14438 14574 D DexLoader: WebCoreClassLoader - loadClass(org.chromium.base.bb,false)...
07-07 14:58:51.925 14438 14573 D DexLoader: WebCoreClassLoader - loadClass(org.chromium.android_webview.-$$Lambda$AwContents$2O75Bi-su4o3xYK-lFlgtkCWfEc,false)...
07-07 14:58:51.925 14438 14574 D DexLoader: WebCoreClassLoader - loadClass(org.chromium.base.LifetimeAssert,false)...
07-07 14:58:51.926 14438 14526 D DexLoader: WebCoreClassLoader - loadClass(com.tencent.tbs.tbsshell.partner.ug.TbsServiceImpl$3,false)...
07-07 14:58:51.926 14438 14574 D DexLoader: WebCoreClassLoader - loadClass(org.chromium.base.a.c,false)...
07-07 14:58:51.926 14438 14574 D DexLoader: WebCoreClassLoader - loadClass(org.chromium.base.a.d,false)...
07-07 14:58:51.926   910  2332 E CamX    : [ERROR][NCS    ] camxncsservice.cpp:594 EnqueueJob() Can not enqueue jobs when thread is stopped
07-07 14:58:51.926   910  2332 W CamX    : [ WARN][NCS    ] camxncsintfqsee.cpp:2263 FillSensorData() Buffer queue for sensor 7 has been freed: bufh=0x0, bufsize=1248, stride=4
07-07 14:58:51.927 14438 14574 D DexLoader: WebCoreClassLoader - loadClass(org.chromium.ui.base.z,false)...
07-07 14:58:51.927 14438 14526 D DexLoader: WebCoreClassLoader - loadClass(com.tencent.tbs.tbsshell.partner.ug.TbsPluginLoader$1,false)...
07-07 14:58:51.927 14438 14526 D DexLoader: WebCoreClassLoader - loadClass(com.tencent.tbs.common.plugin.TBSPluginCallback$LoadCallback,false)...
07-07 14:58:51.928 14438 14526 D DexLoader: WebCoreClassLoader - loadClass(com.tencent.tbs.tbsshell.partner.ug.TBSUgApkHelper$1,false)...
07-07 14:58:51.928 14438 14573 D DexLoader: WebCoreClassLoader - loadClass(org.chromium.android_webview.-$$Lambda$AwContents$qSlzRAHfZ8iM5HObuzA0LLBHi2w,false)...
07-07 14:58:51.928 14438 14526 D DexLoader: WebCoreClassLoader - loadClass(com.tencent.tbs.common.plugin.impl.ZipPluginHelperImpl,false)...
07-07 14:58:51.928 14438 14526 D DexLoader: WebCoreClassLoader - loadClass(com.tencent.tbs.common.plugin.impl.JarPluginHelperImpl,false)...
07-07 14:58:51.928 14438 14573 D DexLoader: WebCoreClassLoader - loadClass(org.chromium.ui.base.c,false)...
07-07 14:58:51.929 14438 14573 D DexLoader: WebCoreClassLoader - loadClass(org.chromium.ui.base.m,false)...
07-07 14:58:51.929 14438 14526 D DexLoader: WebCoreClassLoader - loadClass(com.tencent.tbs.common.plugin.TBSPluginHelper$4,false)...
07-07 14:58:51.929 14438 14573 D DexLoader: WebCoreClassLoader - loadClass(org.chromium.base.ApplicationStatus$b,false)...
07-07 14:58:51.929 14438 14526 D DexLoader: WebCoreClassLoader - loadClass(com.tencent.tbs.common.plugin.TBSPluginHelper$2,false)...
07-07 14:58:51.929 14438 14526 D DexLoader: WebCoreClassLoader - loadClass(com.tencent.tbs.common.plugin.TBSPluginHelper$3,false)...
07-07 14:58:51.929 14438 14526 D DexLoader: WebCoreClassLoader - loadClass(com.tencent.tbs.common.plugin.TBSPluginHelper$1,false)...
07-07 14:58:51.929 14438 14611 D UPush.MsgLogStore: appLaunchAt=1657175790865
07-07 14:58:51.929 14438 14573 D DexLoader: WebCoreClassLoader - loadClass(org.chromium.android_webview.AwContents$VisualStateCallback,false)...
07-07 14:58:51.929 14438 14573 D DexLoader: WebCoreClassLoader - loadClass(org.chromium.android_webview.AwContents$u,false)...
07-07 14:58:51.929 14438 14573 D DexLoader: WebCoreClassLoader - loadClass(org.chromium.content_public.browser.am$-CC,false)...
07-07 14:58:51.929 14438 14526 D DexLoader: WebCoreClassLoader - loadClass(com.tencent.tbs.common.plugin.ConfigFileUtil,false)...
07-07 14:58:51.929 14438 14573 D DexLoader: WebCoreClassLoader - loadClass(org.chromium.content_public.browser.ai$-CC,false)...
07-07 14:58:51.929 14438 14573 D DexLoader: WebCoreClassLoader - loadClass(org.chromium.android_webview.c,false)...
07-07 14:58:51.929 14438 14526 D DexLoader: WebCoreClassLoader - loadClass(com.tencent.tbs.common.plugin.impl.JarPluginHelperImpl$1,false)...
07-07 14:58:51.929 14438 14573 D DexLoader: WebCoreClassLoader - loadClass(org.chromium.components.autofill.a,false)...
07-07 14:58:51.930 14438 14573 D DexLoader: WebCoreClassLoader - loadClass(org.chromium.content_public.browser.ag$-CC,false)...
07-07 14:58:51.930 14438 14611 D UPush.UTrack: appCachedPushLog start
07-07 14:58:51.931 14438 14526 D DexLoader: WebCoreClassLoader - loadClass(com.tencent.tbs.common.settings.TbsEPCallBack,false)...
07-07 14:58:51.931 14438 14526 D DexLoader: WebCoreClassLoader - loadClass(com.tencent.tbs.tbsshell.partner.b.c,false)...
07-07 14:58:51.931 14438 14526 D DexLoader: WebCoreClassLoader - loadClass(com.tencent.tbs.tbsshell.partner.b.b$3,false)...
07-07 14:58:51.931   969  1771 D DisplayFeatureHal: HandleSunlightScreen enter modeId 0, cookie = 0
07-07 14:58:51.931   969  1771 D DisplayFeatureHal: HandleSunlightScreen exit ret -1
07-07 14:58:51.932 14438 14526 D DexLoader: WebCoreClassLoader - loadClass(com.tencent.tbs.tbsshell.partner.b.a,false)...
07-07 14:58:51.932 14438 14526 D DexLoader: WebCoreClassLoader - loadClass(com.tencent.tbs.tbsshell.partner.b.b$1,false)...
07-07 14:58:51.932 14438 14605 D DexLoader: WebCoreClassLoader - loadClass(com.tencent.common.plugin.exports.IGetPluginInfoCallback$Stub$a,false)...
07-07 14:58:51.932 14438 14574 D DexLoader: WebCoreClassLoader - loadClass(org.chromium.ui.base.WindowAndroid$c,false)...
07-07 14:58:51.932 14438 14526 D DexLoader: WebCoreClassLoader - loadClass(com.tencent.tbs.tbsshell.partner.b.b$2,false)...
07-07 14:58:51.932 14438 14573 D DexLoader: WebCoreClassLoader - loadClass(org.chromium.content_public.browser.ag,false)...
07-07 14:58:51.932 14438 14574 D DexLoader: WebCoreClassLoader - loadClass(org.chromium.ui.base.WindowAndroid$e,false)...
07-07 14:58:51.933 14438 14605 D DexLoader: WebCoreClassLoader - loadClass(com.tencent.common.plugin.impl.DBHelper,false)...
07-07 14:58:51.933 14438 14526 D DexLoader: WebCoreClassLoader - loadClass(com.tencent.tbs.tbsshell.partner.b.c$a,false)...
07-07 14:58:51.933 14438 14605 D DexLoader: WebCoreClassLoader - loadClass(com.tencent.common.plugin.impl.QBPluginDBHelper$PluginComparator,false)...
07-07 14:58:51.933 14438 14573 D DexLoader: WebCoreClassLoader - loadClass(org.chromium.android_webview.AwContents$3,false)...
07-07 14:58:51.933 14438 14605 D DexLoader: WebCoreClassLoader - loadClass(com.tencent.tbs.common.MTT.PluginItem,false)...
07-07 14:58:51.933 14438 14573 D DexLoader: WebCoreClassLoader - loadClass(org.chromium.android_webview.-$$Lambda$AwContents$jjS_oT5t88URq0hQFSBDryb0r8c,false)...
07-07 14:58:51.933 14438 14574 D DexLoader: WebCoreClassLoader - loadClass(org.chromium.ui.base.WindowAndroid$b,false)...
07-07 14:58:51.933 14438 14574 D DexLoader: WebCoreClassLoader - loadClass(org.chromium.ui.base.WindowAndroid$1,false)...
07-07 14:58:51.933 14438 14573 D DexLoader: WebCoreClassLoader - loadClass(org.chromium.android_webview.ay,false)...
07-07 14:58:51.934 14438 14573 D DexLoader: WebCoreClassLoader - loadClass(org.chromium.android_webview.-$$Lambda$AwContents$QPUPBJRrhKGAFZT-nefNkiCdRQk,false)...
07-07 14:58:51.934 14438 14605 D DexLoader: WebCoreClassLoader - loadClass(com.tencent.common.plugin.impl.QBPluginDBHelper$2,false)...
07-07 14:58:51.934 14438 14573 D DexLoader: WebCoreClassLoader - loadClass(org.chromium.android_webview.AwContents$f,false)...
07-07 14:58:51.934 14438 14526 D DexLoader: WebCoreClassLoader - loadClass(com.tencent.tbs.tbsshell.partner.b.c$1,false)...
07-07 14:58:51.934 14438 14605 D DexLoader: WebCoreClassLoader - loadClass(com.tencent.common.plugin.impl.QBPluginDBHelper$1,false)...
07-07 14:58:51.934 14438 14574 D DexLoader: WebCoreClassLoader - loadClass(org.chromium.ui.base.WindowAndroid$f,false)...
07-07 14:58:51.934 14438 14573 D DexLoader: WebCoreClassLoader - loadClass(org.chromium.content_public.browser.l$-CC,false)...
07-07 14:58:51.934 14438 14574 D DexLoader: WebCoreClassLoader - loadClass(org.chromium.ui.widget.c,false)...
07-07 14:58:51.934 14438 14574 D DexLoader: WebCoreClassLoader - loadClass(org.chromium.ui.base.WindowAndroid$d,false)...
07-07 14:58:51.934 14438 14573 D DexLoader: WebCoreClassLoader - loadClass(org.chromium.components.content_capture.a,false)...
07-07 14:58:51.934 14438 14573 D DexLoader: WebCoreClassLoader - loadClass(org.chromium.content_public.browser.t,false)...
07-07 14:58:51.934 14438 14573 D DexLoader: WebCoreClassLoader - loadClass(org.chromium.android_webview.ba,false)...
07-07 14:58:51.934 14438 14574 D DexLoader: WebCoreClassLoader - loadClass(org.chromium.ui.base.q,false)...
07-07 14:58:51.934 14438 14526 D DexLoader: WebCoreClassLoader - loadClass(com.tencent.tbs.tbsshell.partner.b.a$1,false)...
07-07 14:58:51.935 14438 14574 D DexLoader: WebCoreClassLoader - loadClass(org.chromium.base.an,false)...
07-07 14:58:51.935 14438 14573 D DexLoader: WebCoreClassLoader - loadClass(org.chromium.android_webview.au,false)...
07-07 14:58:51.935 14438 14574 D DexLoader: WebCoreClassLoader - loadClass(org.chromium.ui.a.b,false)...
07-07 14:58:51.935 14438 14573 D DexLoader: WebCoreClassLoader - loadClass(org.chromium.android_webview.AwContents$d,false)...
07-07 14:58:51.935 14438 14573 D DexLoader: WebCoreClassLoader - loadClass(org.chromium.content_public.browser.m,false)...
07-07 14:58:51.936 14438 14605 D DexLoader: WebCoreClassLoader - loadClass(com.tencent.common.plugin.impl.DBHelper$SQLiteOpenHelperListener,false)...
07-07 14:58:51.936 14438 14605 D DexLoader: WebCoreClassLoader - loadClass(com.tencent.common.plugin.impl.DBHelper$1,false)...
07-07 14:58:51.936 14438 14574 D DexLoader: WebCoreClassLoader - loadClass(org.chromium.base.ApplicationStatus,false)...
07-07 14:58:51.936 14438 14605 D DexLoader: WebCoreClassLoader - loadClass(com.tencent.common.utils.DataChangedListener,false)...
07-07 14:58:51.936 14438 14574 D DexLoader: WebCoreClassLoader - loadClass(org.chromium.ui.base.b,false)...
07-07 14:58:51.936 14438 14526 D DexLoader: WebCoreClassLoader - loadClass(com.tencent.tbs.jsapi.export.ITbsJsApi,false)...
07-07 14:58:51.937 14438 14526 D DexLoader: WebCoreClassLoader - loadClass(com.tencent.tbs.jsapi.export.ITbsService,false)...
07-07 14:58:51.937 14438 14605 D DexLoader: WebCoreClassLoader - loadClass(com.tencent.common.plugin.impl.DBHelper$c,false)...
07-07 14:58:51.937 14438 14526 D DexLoader: WebCoreClassLoader - loadClass(com.tencent.tbs.tbsshell.partner.jsapi.c,false)...
07-07 14:58:51.937 14438 14526 D DexLoader: WebCoreClassLoader - loadClass(com.tencent.tbs.tbsshell.partner.jsapi.OpenJsApiBridge,false)...
07-07 14:58:51.937 14438 14605 D DexLoader: WebCoreClassLoader - loadClass(com.tencent.common.plugin.impl.DBHelper$a,false)...
07-07 14:58:51.937 14438 14526 D DexLoader: WebCoreClassLoader - loadClass(com.tencent.tbs.tbsshell.partner.jsapi.b$3,false)...
07-07 14:58:51.937 14438 14605 D DexLoader: WebCoreClassLoader - loadClass(com.tencent.common.plugin.impl.DBHelper$b,false)...
07-07 14:58:51.937 14438 14526 D DexLoader: WebCoreClassLoader - loadClass(com.tencent.tbs.tbsshell.partner.jsapi.OpenJsApiBridge$a,false)...
07-07 14:58:51.937 14438 14526 D DexLoader: WebCoreClassLoader - loadClass(com.tencent.tbs.tbsshell.partner.jsapi.JsExtensions,false)...
07-07 14:58:51.938 14438 14526 D DexLoader: WebCoreClassLoader - loadClass(com.tencent.tbs.tbsshell.partner.jsapi.d,false)...
07-07 14:58:51.938 14438 14526 D DexLoader: WebCoreClassLoader - loadClass(com.tencent.tbs.tbsshell.partner.jsapi.b$2,false)...
07-07 14:58:51.938 14438 14526 D DexLoader: WebCoreClassLoader - loadClass(com.tencent.tbs.tbsshell.partner.jsapi.b$1,false)...
07-07 14:58:51.938 14438 14573 D DexLoader: WebCoreClassLoader - loadClass(org.chromium.android_webview.AwContents$b,false)...
07-07 14:58:51.938 14438 14573 D DexLoader: WebCoreClassLoader - loadClass(org.chromium.android_webview.-$$Lambda$AwContents$k9GAfnEBW-CEH995dcZli3SCP-k,false)...
07-07 14:58:51.939 14438 14574 D DexLoader: WebCoreClassLoader - loadClass(org.chromium.ui.base.a,false)...
07-07 14:58:51.939 14438 14574 D DexLoader: WebCoreClassLoader - loadClass(org.chromium.ui.base.e,false)...
07-07 14:58:51.939 14438 14573 D DexLoader: WebCoreClassLoader - loadClass(org.chromium.android_webview.PopupTouchHandleDrawable,false)...
07-07 14:58:51.939 14438 14573 D DexLoader: WebCoreClassLoader - loadClass(org.chromium.android_webview.permission.a,false)...
07-07 14:58:51.939 14438 14573 D DexLoader: WebCoreClassLoader - loadClass(org.chromium.android_webview.-$$Lambda$AwContents$SlaKRjZB3QlIB2c2ZdWgT5qAICU,false)...
07-07 14:58:51.939 14438 14573 D DexLoader: WebCoreClassLoader - loadClass(org.chromium.android_webview.-$$Lambda$AwContents$BplldSN5TsW7Z6IbaHk_Yxik0-A,false)...
07-07 14:58:51.940 14438 14573 D DexLoader: WebCoreClassLoader - loadClass(org.chromium.content_public.browser.i,false)...
07-07 14:58:51.940 14438 14573 D DexLoader: WebCoreClassLoader - loadClass(org.chromium.android_webview.br,false)...
07-07 14:58:51.940 14438 14573 D DexLoader: WebCoreClassLoader - loadClass(org.chromium.android_webview.WebMessageListenerInfo,false)...
07-07 14:58:51.940 14438 14526 D DexLoader: WebCoreClassLoader - loadClass(com.tencent.tbs.tbsshell.partner.jsapi.c$1,false)...
07-07 14:58:51.940 14438 14573 D DexLoader: WebCoreClassLoader - loadClass(org.chromium.android_webview.WebMessageListenerHolder,false)...
07-07 14:58:51.940 14438 14573 D DexLoader: WebCoreClassLoader - loadClass(org.chromium.android_webview.bv,false)...
07-07 14:58:51.940 14438 14573 D DexLoader: WebCoreClassLoader - loadClass(org.chromium.android_webview.AwPdfExporter,false)...
07-07 14:58:51.940 14438 14573 D DexLoader: WebCoreClassLoader - loadClass(org.chromium.android_webview.-$$Lambda$AwContents$22odt3BbgRgtfVJhLnDijUMPA-A,false)...
07-07 14:58:51.940 14438 14573 D DexLoader: WebCoreClassLoader - loadClass(org.chromium.android_webview.-$$Lambda$AwContents$cxtyzj3RMYvvFhxWKWuqC-6b3cs,false)...
07-07 14:58:51.941 14438 14573 D DexLoader: WebCoreClassLoader - loadClass(org.chromium.android_webview.AwContents$4,false)...
07-07 14:58:51.941 14438 14573 D DexLoader: WebCoreClassLoader - loadClass(org.chromium.base.task.a,false)...
07-07 14:58:51.941 14438 14573 D DexLoader: WebCoreClassLoader - loadClass(org.chromium.components.d.b,false)...
07-07 14:58:51.941 14438 14573 D DexLoader: WebCoreClassLoader - loadClass(org.chromium.android_webview.-$$Lambda$AwContents$7arV3_fKyhtyXlEuGkj-k3fOYBs,false)...
07-07 14:58:51.941   787   787 D Zygote  : Forked child process 14617
07-07 14:58:51.941 14438 14573 D DexLoader: WebCoreClassLoader - loadClass(org.chromium.content_public.browser.MessagePort$-CC,false)...
07-07 14:58:51.942 14438 14573 D DexLoader: WebCoreClassLoader - loadClass(org.chromium.content_public.browser.ao$-CC,false)...
07-07 14:58:51.942 14438 14573 D DexLoader: WebCoreClassLoader - loadClass(org.chromium.android_webview.bm,false)...
07-07 14:58:51.942 14438 14573 D DexLoader: WebCoreClassLoader - loadClass(org.chromium.android_webview.bg$a,false)...
07-07 14:58:51.942 14438 14573 D DexLoader: WebCoreClassLoader - loadClass(org.chromium.android_webview.-$$Lambda$AwContents$Rv0OERms063MEiVASZIy9rQU5Rk,false)...
07-07 14:58:51.942 14438 14573 D DexLoader: WebCoreClassLoader - loadClass(org.chromium.base.LocaleUtils,false)...
07-07 14:58:51.942 14438 14573 D DexLoader: WebCoreClassLoader - loadClass(org.chromium.content_public.browser.t$-CC,false)...
07-07 14:58:51.943 14438 14573 D DexLoader: WebCoreClassLoader - loadClass(org.chromium.android_webview.-$$Lambda$AwContents$EtCBG-ANaOYYmoYVUVJMru6Lh6A,false)...
07-07 14:58:51.943 14438 14573 D DexLoader: WebCoreClassLoader - loadClass(org.chromium.android_webview.-$$Lambda$AwContents$TGsvoorAgBaPg5o3DwRJELZWWlU,false)...
07-07 14:58:51.943 14438 14574 D DexLoader: WebCoreClassLoader - loadClass(org.chromium.ui.k$1,false)...
07-07 14:58:51.943 14438 14574 D DexLoader: WebCoreClassLoader - loadClass(org.chromium.ui.k$a,false)...
07-07 14:58:51.944 14438 14574 D DexLoader: WebCoreClassLoader - loadClass(org.chromium.base.am$a,false)...
07-07 14:58:51.944 14438 14574 D DexLoader: WebCoreClassLoader - loadClass(org.chromium.base.am$b,false)...
07-07 14:58:51.944 14438 14574 D DexLoader: WebCoreClassLoader - loadClass(org.chromium.base.am$1,false)...
07-07 14:58:51.944 14438 14574 D DexLoader: WebCoreClassLoader - loadClass(org.chromium.base.b.-$$Lambda$d$AVWtMQkHcw4PEHURuF2wFfX9Onw,false)...
07-07 14:58:51.944 14438 14574 D DexLoader: WebCoreClassLoader - loadClass(org.chromium.ui.base.-$$Lambda$f$XeY-Vmwfh45-kxv25zohW9WL0yI,false)...
07-07 14:58:51.944 14438 14574 D DexLoader: WebCoreClassLoader - loadClass(org.chromium.base.ThreadUtils$a,false)...
07-07 14:58:51.944 14438 14574 D DexLoader: WebCoreClassLoader - loadClass(org.chromium.base.ba,false)...
07-07 14:58:51.944 14438 14574 D DexLoader: WebCoreClassLoader - loadClass(org.chromium.base.bc,false)...
07-07 14:58:51.945 14438 14574 D DexLoader: WebCoreClassLoader - loadClass(org.chromium.base.-$$Lambda$bb$ESoP1Gmr6oXEKgeGYVVjnfcyfjQ,false)...
07-07 14:58:51.945 14438 14574 D DexLoader: WebCoreClassLoader - loadClass(org.chromium.base.LifetimeAssert$b,false)...
07-07 14:58:51.945 14438 14573 D DexLoader: WebCoreClassLoader - loadClass(org.chromium.android_webview.gfx.e,false)...
07-07 14:58:51.945 14438 14574 D DexLoader: WebCoreClassLoader - loadClass(org.chromium.base.LifetimeAssert$CreationException,false)...
07-07 14:58:51.945 14438 14574 D DexLoader: WebCoreClassLoader - loadClass(org.chromium.base.LifetimeAssert$LifetimeAssertException,false)...
07-07 14:58:51.946 14438 14573 D DexLoader: WebCoreClassLoader - loadClass(org.chromium.tencent.ui.gfx.DeviceDisplayInfo,false)...
07-07 14:58:51.946 14438 14573 D DexLoader: WebCoreClassLoader - loadClass(org.chromium.tencent.TencentAwContent$1,false)...
07-07 14:58:51.946 14438 14573 D DexLoader: WebCoreClassLoader - loadClass(org.chromium.tencent.TencentAwContent$2,false)...
07-07 14:58:51.946 14438 14573 D DexLoader: WebCoreClassLoader - loadClass(org.chromium.tencent.TencentAwContent$3,false)...
07-07 14:58:51.946 14617 14617 W Zygote  : Unable to open libbeluga.so: dlopen failed: library "libbeluga.so" not found.
07-07 14:58:51.947 14438 14574 D DexLoader: WebCoreClassLoader - loadClass(org.chromium.ui.base.e$1,false)...
07-07 14:58:51.948 14438 14574 D DexLoader: WebCoreClassLoader - loadClass(org.chromium.android_webview.AwContents$v$a,false)...
07-07 14:58:51.948 14438 14605 D DexLoader: WebCoreClassLoader - loadClass(com.tencent.common.plugin.exports.QBPluginItemInfo$1,false)...
07-07 14:58:51.948 14438 14574 D DexLoader: WebCoreClassLoader - loadClass(org.chromium.android_webview.ba$1,false)...
07-07 14:58:51.948 14438 14574 D DexLoader: WebCoreClassLoader - loadClass(org.chromium.android_webview.ba$a,false)...
07-07 14:58:51.948 14438 14573 D DexLoader: WebCoreClassLoader - loadClass(org.chromium.base.metrics.g,false)...
07-07 14:58:51.948 14438 14573 D DexLoader: WebCoreClassLoader - loadClass(org.chromium.base.metrics.f$a,false)...
07-07 14:58:51.949 14438 14505 D MobclickAgent:  : ReportByInterval
07-07 14:58:51.949 14438 14573 D DexLoader: WebCoreClassLoader - loadClass(org.chromium.base.metrics.m,false)...
07-07 14:58:51.949 14438 14573 D DexLoader: WebCoreClassLoader - loadClass(org.chromium.base.metrics.l,false)...
07-07 14:58:51.949 14438 14505 D UMLog   : : 90 https://developer.umeng.com/docs/66632/detail/66976?um_channel=sdk
07-07 14:58:51.949 14438 14573 D DexLoader: WebCoreClassLoader - loadClass(org.chromium.base.metrics.a,false)...
07-07 14:58:51.949 14438 14573 D DexLoader: WebCoreClassLoader - loadClass(org.chromium.base.metrics.a$b,false)...
07-07 14:58:51.949 14438 14573 D DexLoader: WebCoreClassLoader - loadClass(org.chromium.base.metrics.a$a,false)...
07-07 14:58:51.949 14438 14573 D DexLoader: WebCoreClassLoader - loadClass(org.chromium.base.metrics.c,false)...
07-07 14:58:51.949 14617 14617 I libc    : SetHeapTaggingLevel: tag level set to 0
07-07 14:58:51.950 14438 14574 D DexLoader: WebCoreClassLoader - loadClass(org.chromium.ui.base.y,false)...
07-07 14:58:51.950 14438 14526 D DexLoader: WebCoreClassLoader - loadClass(com.tencent.tbs.common.baseinfo.EmergenceMsgPublisher$Command,false)...
07-07 14:58:51.950 14438 14526 D DexLoader: WebCoreClassLoader - loadClass(com.tencent.tbs.common.baseinfo.EmergenceMsgPublisher$Callback,false)...
07-07 14:58:51.950 14438 14573 D DexLoader: WebCoreClassLoader - loadClass(org.chromium.base.library_loader.a$a,false)...
07-07 14:58:51.950 14438 14573 D DexLoader: WebCoreClassLoader - loadClass(org.chromium.base.library_loader.Linker,false)...
07-07 14:58:51.950 14438 14574 D DexLoader: WebCoreClassLoader - loadClass(org.chromium.base.a.b,false)...
07-07 14:58:51.950 14438 14573 D DexLoader: WebCoreClassLoader - loadClass(org.chromium.base.library_loader.h,false)...
07-07 14:58:51.950 14438 14573 D DexLoader: WebCoreClassLoader - loadClass(org.chromium.base.library_loader.ModernLinker,false)...
07-07 14:58:51.951 14438 14573 D DexLoader: WebCoreClassLoader - loadClass(org.chromium.base.library_loader.LegacyLinker,false)...
07-07 14:58:51.951 14438 14573 D DexLoader: WebCoreClassLoader - loadClass(org.chromium.base.library_loader.b,false)...
07-07 14:58:51.951 14438 14573 D DexLoader: WebCoreClassLoader - loadClass(org.chromium.base.library_loader.a$b,false)...
07-07 14:58:51.951 14438 14574 D DexLoader: WebCoreClassLoader - loadClass(org.chromium.android_webview.au$a,false)...
07-07 14:58:51.952 14438 14573 D DexLoader: WebCoreClassLoader - loadClass(org.chromium.base.library_loader.ProcessInitException,false)...
07-07 14:58:51.954 14438 14574 D DexLoader: WebCoreClassLoader - loadClass(org.chromium.content.browser.webcontents.a$1,false)...
07-07 14:58:51.955 14438 14574 D DexLoader: WebCoreClassLoader - loadClass(org.chromium.ui.base.z$1,false)...
07-07 14:58:51.955 14617 14617 I n:player.singl: Late-enabling -Xcheck:jni
07-07 14:58:51.955 14438 14605 D DexLoader: WebCoreClassLoader - loadClass(com.tencent.common.plugin.impl.g$1,false)...
07-07 14:58:51.955 14438 14605 D DexLoader: WebCoreClassLoader - loadClass(com.tencent.common.utils.ZipUtils,false)...
07-07 14:58:51.955 14438 14574 D DexLoader: WebCoreClassLoader - loadClass(org.chromium.content.browser.ap$1,false)...
07-07 14:58:51.956 14438 14574 D DexLoader: WebCoreClassLoader - loadClass(org.chromium.content.browser.ap$a,false)...
07-07 14:58:51.956 14438 14574 D DexLoader: WebCoreClassLoader - loadClass(org.chromium.base.bd$-CC,false)...
07-07 14:58:51.956 14438 14605 D DexLoader: WebCoreClassLoader - loadClass(com.tencent.common.utils.QuaExtendInfo,false)...
07-07 14:58:51.956 14438 14574 D DexLoader: WebCoreClassLoader - loadClass(org.chromium.content.browser.an$a,false)...
07-07 14:58:51.957 14438 14574 D DexLoader: WebCoreClassLoader - loadClass(org.chromium.content.browser.ContentUiEventHandler,false)...
07-07 14:58:51.957 14438 14601 D DexLoader: WebCoreClassLoader - loadClass(com.tencent.common.utils.QSize,false)...
07-07 14:58:51.957 14438 14574 D DexLoader: WebCoreClassLoader - loadClass(org.chromium.content.browser.v,false)...
07-07 14:58:51.957 14438 14574 D DexLoader: WebCoreClassLoader - loadClass(org.chromium.content.browser.GestureListenerManagerImpl$b,false)...
07-07 14:58:51.958 14438 14574 D DexLoader: WebCoreClassLoader - loadClass(org.chromium.content.browser.GestureListenerManagerImpl$c,false)...
07-07 14:58:51.958 14438 14574 D DexLoader: WebCoreClassLoader - loadClass(org.chromium.content_public.browser.n,false)...
07-07 14:58:51.959 14438 14574 D DexLoader: WebCoreClassLoader - loadClass(org.chromium.content.browser.ae,false)...
07-07 14:58:51.959 14438 14526 D DexLoader: WebCoreClassLoader - loadClass(com.tencent.smtt.webkit.ScaleManager,false)...
07-07 14:58:51.959 14438 14526 D DexLoader: WebCoreClassLoader - loadClass(com.tencent.smtt.export.external.interfaces.UrlRequest$Callback,false)...
07-07 14:58:51.959 14438 14526 D DexLoader: WebCoreClassLoader - loadClass(com.tencent.smtt.net.X5UrlRequestProvider,false)...
07-07 14:58:51.959 14438 14526 D DexLoader: WebCoreClassLoader - loadClass(com.tencent.smtt.export.external.interfaces.UrlRequest,false)...
07-07 14:58:51.959 14438 14526 D DexLoader: WebCoreClassLoader - loadClass(com.tencent.smtt.jscore.compat.X5JsCoreCompat,false)...
07-07 14:58:51.959 14438 14526 D DexLoader: WebCoreClassLoader - loadClass(com.tencent.smtt.webkit.SMTTCookieManager,false)...
07-07 14:58:51.960 14438 14526 D DexLoader: WebCoreClassLoader - loadClass(com.tencent.smtt.webkit.AdInfoManager,false)...
07-07 14:58:51.960 14438 14526 D DexLoader: WebCoreClassLoader - loadClass(com.tencent.smtt.webkit.SmttPermanentPermissions,false)...
07-07 14:58:51.960 14438 14574 D DexLoader: WebCoreClassLoader - loadClass(org.chromium.content.browser.GestureListenerManagerImpl$a,false)...
07-07 14:58:51.960 14438 14526 D DexLoader: WebCoreClassLoader - loadClass(com.tencent.tbs.core.webkit.tencent.TencentDateSorter,false)...
07-07 14:58:51.960 14438 14526 D DexLoader: WebCoreClassLoader - loadClass(com.tencent.smtt.export.external.interfaces.IX5DateSorter,false)...
