07-12 10:45:35.552  5637  5804 D DexLoader: WebCoreClassLoader - loadClass(org.chromium.content_public.browser.u,false)...
07-12 10:45:35.552  5637  5804 D DexLoader: WebCoreClassLoader - loadClass(com.tencent.tbs.core.webkit.am,false)...
07-12 10:45:35.552  5637  5870 D DexLoader: WebCoreClassLoader - loadClass(com.tencent.common.plugin.exports.QBPluginItemInfo$1,false)...
07-12 10:45:35.552  5637  5804 D DexLoader: WebCoreClassLoader - loadClass(com.tencent.tbs.core.webkit.GeolocationPermissions,false)...
07-12 10:45:35.552  5637  5804 D DexLoader: WebCoreClassLoader - loadClass(com.tencent.tbs.core.webkit.t,false)...
07-12 10:45:35.552  5637  5804 D DexLoader: WebCoreClassLoader - loadClass(com.tencent.tbs.core.webkit.w,false)...
07-12 10:45:35.553  5637  5804 D DexLoader: WebCoreClassLoader - loadClass(com.tencent.tbs.core.webkit.ae,false)...
07-12 10:45:35.553  5637  5804 D DexLoader: WebCoreClassLoader - loadClass(com.tencent.tbs.core.webkit.WebStorage,false)...
07-12 10:45:35.553  5637  5804 D DexLoader: WebCoreClassLoader - loadClass(com.tencent.tbs.core.webkit.y,false)...
07-12 10:45:35.553  5637  5805 D DexLoader: WebCoreClassLoader - loadClass(org.chromium.base.LifetimeAssert$b,false)...
07-12 10:45:35.553  5637  5805 D DexLoader: WebCoreClassLoader - loadClass(org.chromium.base.h,false)...
07-12 10:45:35.554  5637  5804 D DexLoader: WebCoreClassLoader - loadClass(com.tencent.tbs.core.webkit.k,false)...
07-12 10:45:35.554  5637  5805 D DexLoader: WebCoreClassLoader - loadClass(org.chromium.base.LifetimeAssert$CreationException,false)...
07-12 10:45:35.554  5637  5805 D DexLoader: WebCoreClassLoader - loadClass(org.chromium.base.LifetimeAssert$LifetimeAssertException,false)...
07-12 10:45:35.554  5637  5804 D DexLoader: WebCoreClassLoader - loadClass(org.chromium.content_public.common.b,false)...
07-12 10:45:35.556  5637  5804 D DexLoader: WebCoreClassLoader - loadClass(org.chromium.components.a,false)...
07-12 10:45:35.556  5637  5805 D DexLoader: WebCoreClassLoader - loadClass(org.chromium.ui.base.e$1,false)...
07-12 10:45:35.556  5637  5805 D DexLoader: WebCoreClassLoader - loadClass(org.chromium.base.a.a,false)...
07-12 10:45:35.556  5637  5804 D DexLoader: WebCoreClassLoader - loadClass(org.chromium.net.n,false)...
07-12 10:45:35.556  5637  5805 D DexLoader: WebCoreClassLoader - loadClass(org.chromium.android_webview.ba,false)...
07-12 10:45:35.556  5637  5805 D DexLoader: WebCoreClassLoader - loadClass(org.chromium.android_webview.AwContents$v$a,false)...
07-12 10:45:35.557  5637  5805 D DexLoader: WebCoreClassLoader - loadClass(org.chromium.android_webview.ba$1,false)...
07-12 10:45:35.557  5637  5805 D DexLoader: WebCoreClassLoader - loadClass(org.chromium.android_webview.ba$a,false)...
07-12 10:45:35.557  5637  5804 D DexLoader: WebCoreClassLoader - loadClass(com.tencent.tbs.core.webkit.tencent.TencentWebViewProxy$InnerWebView$PrivateAccess,false)...
07-12 10:45:35.557  5637  5805 D DexLoader: WebCoreClassLoader - loadClass(org.chromium.ui.base.y,false)...
07-12 10:45:35.558  5637  5805 D DexLoader: WebCoreClassLoader - loadClass(org.chromium.base.a.b,false)...
07-12 10:45:35.558  5637  5805 D DexLoader: WebCoreClassLoader - loadClass(org.chromium.android_webview.au,false)...
07-12 10:45:35.558  5637  5805 D DexLoader: WebCoreClassLoader - loadClass(org.chromium.android_webview.au$a,false)...
07-12 10:45:35.559  5637  5804 D DexLoader: WebCoreClassLoader - loadClass(com.tencent.tbs.core.webkit.i,false)...
07-12 10:45:35.559  5637  5805 D DexLoader: WebCoreClassLoader - loadClass(org.chromium.android_webview.AwContents$u,false)...
07-12 10:45:35.559  5637  5804 D DexLoader: WebCoreClassLoader - loadClass(com.tencent.smtt.os.a,false)...
07-12 10:45:35.559  5637  5804 D DexLoader: WebCoreClassLoader - loadClass(com.tencent.smtt.d.a,false)...
07-12 10:45:35.559  5637  5805 D DexLoader: WebCoreClassLoader - loadClass(org.chromium.content.browser.webcontents.a$1,false)...
07-12 10:45:35.560  5637  5804 D DexLoader: WebCoreClassLoader - loadClass(org.chromium.android_webview.-$$Lambda$bw$rB1jkOWmY-RirXAMjsJIu1SLl1w,false)...
07-12 10:45:35.560  5637  5726 I cr_BiliCrLibraryLoader: BiliCr version: 88.0.4324.188, arch: armv8l
07-12 10:45:35.561  5637  5805 D DexLoader: WebCoreClassLoader - loadClass(org.chromium.ui.base.z$1,false)...
07-12 10:45:35.561  5637  5804 D DexLoader: WebCoreClassLoader - loadClass(org.chromium.android_webview.AwAutofillClient,false)...
07-12 10:45:35.561  5637  5804 D DexLoader: WebCoreClassLoader - loadClass(org.chromium.components.autofill.b,false)...
07-12 10:45:35.561  5637  5804 D DexLoader: WebCoreClassLoader - loadClass(org.chromium.components.autofill.g,false)...
07-12 10:45:35.561  5637  5804 D DexLoader: WebCoreClassLoader - loadClass(org.chromium.ui.f,false)...
07-12 10:45:35.561  5637  5804 D DexLoader: WebCoreClassLoader - loadClass(org.chromium.components.autofill.d$b,false)...
07-12 10:45:35.562  5637  5804 D DexLoader: WebCoreClassLoader - loadClass(org.chromium.components.autofill.h,false)...
07-12 10:45:35.562  5637  5804 D DexLoader: WebCoreClassLoader - loadClass(org.chromium.tencent.h,false)...
07-12 10:45:35.562  5637  5804 D DexLoader: WebCoreClassLoader - loadClass(org.chromium.tencent.a.a,false)...
07-12 10:45:35.562  5637  5804 D DexLoader: WebCoreClassLoader - loadClass(org.chromium.tencent.a.a.b,false)...
07-12 10:45:35.562  5637  5805 D DexLoader: WebCoreClassLoader - loadClass(org.chromium.content.browser.ap$1,false)...
07-12 10:45:35.563  5637  5805 D DexLoader: WebCoreClassLoader - loadClass(org.chromium.content.browser.ap$a,false)...
07-12 10:45:35.563  5637  5804 D DexLoader: WebCoreClassLoader - loadClass(org.chromium.tencent.p,false)...
07-12 10:45:35.563  5637  5804 D DexLoader: WebCoreClassLoader - loadClass(org.chromium.tencent.s,false)...
07-12 10:45:35.563  5637  5805 D DexLoader: WebCoreClassLoader - loadClass(org.chromium.base.bd$-CC,false)...
07-12 10:45:35.563  5637  5805 D DexLoader: WebCoreClassLoader - loadClass(org.chromium.content.browser.an$a,false)...
07-12 10:45:35.563  5637  5805 D DexLoader: WebCoreClassLoader - loadClass(org.chromium.content.browser.GestureListenerManagerImpl,false)...
07-12 10:45:35.563  5637  5804 D DexLoader: WebCoreClassLoader - loadClass(org.chromium.base.process_launcher.c,false)...
07-12 10:45:35.563  5637  5805 D DexLoader: WebCoreClassLoader - loadClass(org.chromium.content_public.browser.l,false)...
07-12 10:45:35.563  5637  5805 D DexLoader: WebCoreClassLoader - loadClass(org.chromium.content.browser.ContentUiEventHandler,false)...
07-12 10:45:35.564  5637  5804 D DexLoader: WebCoreClassLoader - loadClass(com.tencent.tbs.core.webkit.j,false)...
07-12 10:45:35.564  5637  5805 D DexLoader: WebCoreClassLoader - loadClass(org.chromium.content.browser.v,false)...
07-12 10:45:35.564  5637  5805 D DexLoader: WebCoreClassLoader - loadClass(org.chromium.content.browser.GestureListenerManagerImpl$b,false)...
07-12 10:45:35.564  5637  5805 D DexLoader: WebCoreClassLoader - loadClass(org.chromium.content.browser.GestureListenerManagerImpl$c,false)...
07-12 10:45:35.564  5637  5805 D DexLoader: WebCoreClassLoader - loadClass(org.chromium.content_public.browser.m,false)...
07-12 10:45:35.564  5637  5804 D DexLoader: WebCoreClassLoader - loadClass(org.chromium.content.browser.input.SelectPopup,false)...
07-12 10:45:35.564  5637  5805 D DexLoader: WebCoreClassLoader - loadClass(org.chromium.content_public.browser.n,false)...
07-12 10:45:35.564  5637  5804 D DexLoader: WebCoreClassLoader - loadClass(org.chromium.content.browser.picker.f$a,false)...
07-12 10:45:35.564  5637  5804 D DexLoader: WebCoreClassLoader - loadClass(org.chromium.content.browser.picker.e,false)...
07-12 10:45:35.564  5637  5805 D DexLoader: WebCoreClassLoader - loadClass(org.chromium.content.browser.ae,false)...
07-12 10:45:35.564  5637  5804 D DexLoader: WebCoreClassLoader - loadClass(org.chromium.content.browser.picker.f,false)...
07-12 10:45:35.564  5637  5805 D DexLoader: WebCoreClassLoader - loadClass(org.chromium.content.browser.input.ImeAdapterImpl,false)...
07-12 10:45:35.565  5637  5805 D DexLoader: WebCoreClassLoader - loadClass(org.chromium.content_public.browser.q$a,false)...
07-12 10:45:35.565  5637  5804 D DexLoader: WebCoreClassLoader - loadClass(org.chromium.tencent.n,false)...
07-12 10:45:35.565  5637  5804 D DexLoader: WebCoreClassLoader - loadClass(org.chromium.tencent.t,false)...
07-12 10:45:35.565  5637  5805 D DexLoader: WebCoreClassLoader - loadClass(org.chromium.content.browser.GestureListenerManagerImpl$a,false)...
07-12 10:45:35.565  5637  5805 D DexLoader: WebCoreClassLoader - loadClass(org.chromium.content.browser.GestureListenerManagerImpl$1,false)...
07-12 10:45:35.565  5637  5804 D DexLoader: WebCoreClassLoader - loadClass(org.chromium.tencent.content.browser.TencentGestureListenerManagerImpl,false)...
07-12 10:45:35.565  5637  5805 D DexLoader: WebCoreClassLoader - loadClass(org.chromium.tencent.content.browser.TencentGestureListenerManagerImpl,false)...
07-12 10:45:35.565  5637  5805 D DexLoader: WebCoreClassLoader - loadClass(org.chromium.tencent.content.browser.TencentSelectionPopupControllerImpl,false)...
07-12 10:45:35.565  5637  5804 D DexLoader: WebCoreClassLoader - loadClass(org.chromium.tencent.content.browser.a.a,false)...
07-12 10:45:35.565  5637  5805 D DexLoader: WebCoreClassLoader - loadClass(org.chromium.tencent.d,false)...
07-12 10:45:35.566  5637  5805 D DexLoader: WebCoreClassLoader - loadClass(org.chromium.content.browser.v$1,false)...
07-12 10:45:35.566  5637  5804 D DexLoader: WebCoreClassLoader - loadClass(org.chromium.components.embedder_support.delegate.e,false)...
07-12 10:45:35.566  5637  5804 D DexLoader: WebCoreClassLoader - loadClass(org.chromium.components.embedder_support.delegate.ColorSuggestion,false)...
07-12 10:45:35.566  5637  5805 D DexLoader: WebCoreClassLoader - loadClass(org.chromium.content.browser.p,false)...
07-12 10:45:35.566  5637  5804 D DexLoader: WebCoreClassLoader - loadClass(org.chromium.components.embedder_support.delegate.c,false)...
07-12 10:45:35.566  5637  5805 D DexLoader: WebCoreClassLoader - loadClass(org.chromium.content.browser.ContentUiEventHandler$a,false)...
07-12 10:45:35.566  5637  5805 D DexLoader: WebCoreClassLoader - loadClass(org.chromium.content.browser.ContentUiEventHandler$b,false)...
07-12 10:45:35.566  5637  5805 D DexLoader: WebCoreClassLoader - loadClass(org.chromium.content.browser.u,false)...
07-12 10:45:35.566  5637  5804 D DexLoader: WebCoreClassLoader - loadClass(org.chromium.tencent.q,false)...
07-12 10:45:35.566  5637  5805 D DexLoader: WebCoreClassLoader - loadClass(org.chromium.content.browser.aa,false)...
07-12 10:45:35.567  5637  5805 D DexLoader: WebCoreClassLoader - loadClass(org.chromium.content.browser.p$1,false)...
07-12 10:45:35.567  5637  5804 D DexLoader: WebCoreClassLoader - loadClass(org.chromium.net.NetworkChangeNotifierAutoDetect$f,false)...
07-12 10:45:35.567  5637  5804 D DexLoader: WebCoreClassLoader - loadClass(org.chromium.net.NetworkChangeNotifierAutoDetect$g,false)...
07-12 10:45:35.567  5637  5870 D DexLoader: WebCoreClassLoader - loadClass(com.tencent.common.plugin.impl.g$1,false)...
07-12 10:45:35.567  5637  5804 D DexLoader: WebCoreClassLoader - loadClass(org.chromium.net.NetworkChangeNotifierAutoDetect,false)...
07-12 10:45:35.567  5637  5805 D DexLoader: WebCoreClassLoader - loadClass(org.chromium.content_public.browser.a$a,false)...
07-12 10:45:35.567  5637  5805 D DexLoader: WebCoreClassLoader - loadClass(org.chromium.content_public.browser.a$1,false)...
07-12 10:45:35.567  5637  5870 D DexLoader: WebCoreClassLoader - loadClass(com.tencent.common.utils.ZipUtils,false)...
07-12 10:45:35.567  5637  5805 D DexLoader: WebCoreClassLoader - loadClass(org.chromium.content.browser.selection.SelectionPopupControllerImpl$1,false)...
07-12 10:45:35.568  5637  5805 D DexLoader: WebCoreClassLoader - loadClass(org.chromium.content.browser.selection.m,false)...
07-12 10:45:35.568  5637  5805 D DexLoader: WebCoreClassLoader - loadClass(org.chromium.content.browser.selection.SelectionPopupControllerImpl$b,false)...
07-12 10:45:35.568  5637  5805 D DexLoader: WebCoreClassLoader - loadClass(org.chromium.content.browser.selection.SelectionPopupControllerImpl$d,false)...
07-12 10:45:35.568  5637  5805 D DexLoader: WebCoreClassLoader - loadClass(org.chromium.content_public.browser.ag$b,false)...
07-12 10:45:35.568  5637  5805 D DexLoader: WebCoreClassLoader - loadClass(org.chromium.content.browser.m,false)...
07-12 10:45:35.568  5637  5805 D DexLoader: WebCoreClassLoader - loadClass(org.chromium.content.browser.selection.a,false)...
07-12 10:45:35.568  5637  5805 D DexLoader: WebCoreClassLoader - loadClass(org.chromium.content.browser.k,false)...
07-12 10:45:35.568  5637  5804 D DexLoader: WebCoreClassLoader - loadClass(org.chromium.tencent.net.TencentNetworkChangeNotifierAutoDetect,false)...
07-12 10:45:35.568  5637  5805 D DexLoader: WebCoreClassLoader - loadClass(org.chromium.content.browser.selection.SelectionPopupControllerImpl$2,false)...
07-12 10:45:35.568  5637  5805 D DexLoader: WebCoreClassLoader - loadClass(org.chromium.content.browser.selection.j$a,false)...
07-12 10:45:35.568  5637  5805 D DexLoader: WebCoreClassLoader - loadClass(org.chromium.content.browser.selection.d,false)...
07-12 10:45:35.568  5637  5805 D DexLoader: WebCoreClassLoader - loadClass(org.chromium.content.browser.selection.j,false)...
07-12 10:45:35.568  5637  5805 D DexLoader: WebCoreClassLoader - loadClass(org.chromium.content.browser.selection.f,false)...
07-12 10:45:35.569  5637  5805 D DexLoader: WebCoreClassLoader - loadClass(org.chromium.content.browser.selection.SelectionPopupControllerImpl$e,false)...
07-12 10:45:35.569  5637  5805 D DexLoader: WebCoreClassLoader - loadClass(org.chromium.content_public.browser.ag$a,false)...
07-12 10:45:35.569  5637  5870 D DexLoader: WebCoreClassLoader - loadClass(com.tencent.common.utils.QuaExtendInfo,false)...
07-12 10:45:35.569  5637  5805 D DexLoader: WebCoreClassLoader - loadClass(org.chromium.content.R$menu,false)...
07-12 10:45:35.569  5637  5805 I chatty  : uid=10837(cn.missevan) TP-IoBound-2 identical 5 lines
07-12 10:45:35.569  5637  5805 D DexLoader: WebCoreClassLoader - loadClass(org.chromium.content.R$menu,false)...
07-12 10:45:35.570  5637  5805 D DexLoader: WebCoreClassLoader - loadClass(org.chromium.base.metrics.RecordUserAction,false)...
07-12 10:45:35.570  5637  5805 D DexLoader: WebCoreClassLoader - loadClass(org.chromium.content.browser.selection.SelectionPopupControllerImpl$3,false)...
07-12 10:45:35.570  5637  5805 D DexLoader: WebCoreClassLoader - loadClass(org.chromium.content.R$id,false)...
07-12 10:45:35.570  5637  5805 D DexLoader: WebCoreClassLoader - loadClass(org.chromium.content.R$id,false)...
07-12 10:45:35.571  5637  5804 D DexLoader: WebCoreClassLoader - loadClass(org.chromium.tencent.ui.a.a,false)...
07-12 10:45:35.571  5637  5805 D DexLoader: WebCoreClassLoader - loadClass(org.chromium.content.browser.selection.-$$Lambda$SelectionPopupControllerImpl$hxv5vSHmqZ8gZBI5fiAJSUN8k30,false)...
07-12 10:45:35.571  5637  5805 D DexLoader: WebCoreClassLoader - loadClass(org.chromium.content.browser.selection.SelectionPopupControllerImpl$c,false)...
07-12 10:45:35.571  5637  5805 D DexLoader: WebCoreClassLoader - loadClass(org.chromium.content.browser.selection.l,false)...
07-12 10:45:35.571  5637  5805 D DexLoader: WebCoreClassLoader - loadClass(org.chromium.content.R$id,false)...
07-12 10:45:35.571  5637  5804 D DexLoader: WebCoreClassLoader - loadClass(org.chromium.content_public.browser.e,false)...
07-12 10:45:35.571  5637  5805 D DexLoader: WebCoreClassLoader - loadClass(org.chromium.content.R$id,false)...
07-12 10:45:35.571  5637  5804 D DexLoader: WebCoreClassLoader - loadClass(org.chromium.content_public.browser.g,false)...
07-12 10:45:35.571  5637  5804 D DexLoader: WebCoreClassLoader - loadClass(org.chromium.components.policy.CombinedPolicyProvider,false)...
07-12 10:45:35.571  5637  5804 D DexLoader: WebCoreClassLoader - loadClass(org.chromium.android_webview.b.a,false)...
07-12 10:45:35.571  5637  5804 D DexLoader: WebCoreClassLoader - loadClass(org.chromium.components.policy.b,false)...
07-12 10:45:35.571  5637  5804 D DexLoader: WebCoreClassLoader - loadClass(org.chromium.components.policy.a,false)...
07-12 10:45:35.571  5637  5804 D DexLoader: WebCoreClassLoader - loadClass(org.chromium.components.policy.f,false)...
07-12 10:45:35.571  5637  5805 D DexLoader: WebCoreClassLoader - loadClass(org.chromium.content.R$id,false)...
07-12 10:45:35.571  5637  5804 D DexLoader: WebCoreClassLoader - loadClass(org.chromium.content_public.browser.b$-CC,false)...
07-12 10:45:35.572  5637  5804 D DexLoader: WebCoreClassLoader - loadClass(org.chromium.content_public.browser.b,false)...
07-12 10:45:35.572  5637  5804 D DexLoader: WebCoreClassLoader - loadClass(org.chromium.base.PowerMonitor,false)...
07-12 10:45:35.572  5637  5805 D DexLoader: WebCoreClassLoader - loadClass(org.chromium.content.R$id,false)...
07-12 10:45:35.572  5637  5804 D DexLoader: WebCoreClassLoader - loadClass(org.chromium.base.library_loader.a,false)...
07-12 10:45:35.572  5637  5804 D DexLoader: WebCoreClassLoader - loadClass(org.chromium.android_webview.common.g,false)...
07-12 10:45:35.572  5637  5804 D DexLoader: WebCoreClassLoader - loadClass(org.chromium.android_webview.-$$Lambda$AwBrowserProcess$i0w2et5liCy-CIwkBSNz8b9zAS0,false)...
07-12 10:45:35.572  5637  5804 D DexLoader: WebCoreClassLoader - loadClass(org.chromium.android_webview.a.a,false)...
07-12 10:45:35.572  5637  5804 D DexLoader: WebCoreClassLoader - loadClass(org.chromium.android_webview.common.a.a,false)...
07-12 10:45:35.572  5637  5804 D DexLoader: WebCoreClassLoader - loadClass(org.chromium.android_webview.f,false)...
07-12 10:45:35.572  5637  5805 D DexLoader: WebCoreClassLoader - loadClass(org.chromium.content.R$id,false)...
07-12 10:45:35.574  5637  5805 D DexLoader: WebCoreClassLoader - loadClass(org.chromium.content.R$id,false)...
07-12 10:45:35.574  5637  5804 D DexLoader: WebCoreClassLoader - loadClass(org.chromium.android_webview.AwBrowserProcess$a,false)...
07-12 10:45:35.574  5637  5804 D DexLoader: WebCoreClassLoader - loadClass(org.chromium.android_webview.o,false)...
07-12 10:45:35.574  5637  5804 D DexLoader: WebCoreClassLoader - loadClass(org.chromium.android_webview.-$$Lambda$AwBrowserProcess$zBQlsOkN6B00MALQF45VLOHB7eo,false)...
07-12 10:45:35.574  5637  5804 D DexLoader: WebCoreClassLoader - loadClass(org.chromium.android_webview.AwBrowserProcess$1,false)...
07-12 10:45:35.574  5637  5804 D DexLoader: WebCoreClassLoader - loadClass(org.chromium.base.w,false)...
07-12 10:45:35.574  5637  5804 D DexLoader: WebCoreClassLoader - loadClass(org.chromium.android_webview.AwTracingController,false)...
07-12 10:45:35.575  5637  5804 D DexLoader: WebCoreClassLoader - loadClass(org.chromium.android_webview.ae,false)...
07-12 10:45:35.575  5637  5804 D DexLoader: WebCoreClassLoader - loadClass(org.chromium.android_webview.AwContentsLifecycleNotifier$a,false)...
07-12 10:45:35.575  5637  5804 D DexLoader: WebCoreClassLoader - loadClass(org.chromium.android_webview.bh,false)...
07-12 10:45:35.575  5637  5804 D DexLoader: WebCoreClassLoader - loadClass(org.chromium.android_webview.AwProxyController,false)...
07-12 10:45:35.575  5637  5870 D DexLoader: WebCoreClassLoader - loadClass(com.tencent.tbs.common.service.QBSmttServiceProxy$1,false)...
07-12 10:45:35.575  5637  5804 D DexLoader: WebCoreClassLoader - loadClass(org.chromium.base.JNIUtils,false)...
07-12 10:45:35.575  5637  5870 D DexLoader: WebCoreClassLoader - loadClass(com.tencent.tbs.common.service.QBSmttServiceProxy$a,false)...
07-12 10:45:35.575  5637  5804 D DexLoader: WebCoreClassLoader - loadClass(org.chromium.android_webview.ad,false)...
07-12 10:45:35.576  5637  5804 D DexLoader: WebCoreClassLoader - loadClass(org.chromium.ui.base.ResourceBundle,false)...
07-12 10:45:35.576  5637  5804 D DexLoader: WebCoreClassLoader - loadClass(org.chromium.base.BundleUtils,false)...
07-12 10:45:35.576  5637  5804 D DexLoader: WebCoreClassLoader - loadClass(org.chromium.base.ap,false)...
07-12 10:45:35.576  5637  5804 D DexLoader: WebCoreClassLoader - loadClass(org.chromium.android_webview.z,false)...
07-12 10:45:35.576  5637  5804 D DexLoader: WebCoreClassLoader - loadClass(org.chromium.android_webview.AwQuotaManagerBridge,false)...
07-12 10:45:35.576  5637  5804 D DexLoader: WebCoreClassLoader - loadClass(org.chromium.android_webview.ao,false)...
07-12 10:45:35.576  5637  5870 D DexLoader: WebCoreClassLoader - loadClass(com.tencent.common.plugin.external.IPluginUseMPX$1,false)...
07-12 10:45:35.577  5637  5805 D DexLoader: WebCoreClassLoader - loadClass(org.chromium.content.R$id,false)...
07-12 10:45:35.578  5637  5805 D DexLoader: WebCoreClassLoader - loadClass(org.chromium.content.R$id,false)...
07-12 10:45:35.578  5637  5805 D DexLoader: WebCoreClassLoader - loadClass(org.chromium.content.browser.selection.o,false)...
07-12 10:45:35.578  5637  5805 D DexLoader: WebCoreClassLoader - loadClass(org.chromium.content_public.browser.ah,false)...
07-12 10:45:35.578  5637  5805 D DexLoader: WebCoreClassLoader - loadClass(org.chromium.content_public.browser.ag,false)...
07-12 10:45:35.578  5637  5805 D DexLoader: WebCoreClassLoader - loadClass(org.chromium.content_public.browser.p$-CC,false)...
07-12 10:45:35.578  5637  5804 D DexLoader: WebCoreClassLoader - loadClass(org.chromium.android_webview.m,false)...
07-12 10:45:35.578  5637  5805 D DexLoader: WebCoreClassLoader - loadClass(org.chromium.content.R$id,false)...
07-12 10:45:35.579  5637  5805 D DexLoader: WebCoreClassLoader - loadClass(org.chromium.content.R$id,false)...
07-12 10:45:35.579  5637  5805 D DexLoader: WebCoreClassLoader - loadClass(org.chromium.ui.base.DeviceFormFactor,false)...
07-12 10:45:35.579  5637  5805 D DexLoader: WebCoreClassLoader - loadClass(org.chromium.content.R$string,false)...
07-12 10:45:35.579  5637  5805 D DexLoader: WebCoreClassLoader - loadClass(org.chromium.content.R$string,false)...
07-12 10:45:35.579  5637  5804 D DexLoader: WebCoreClassLoader - loadClass(com.tencent.smtt.webkit.o,false)...
07-12 10:45:35.580  5637  5804 D DexLoader: WebCoreClassLoader - loadClass(org.chromium.device.geolocation.a,false)...
07-12 10:45:35.580  5637  5804 D DexLoader: WebCoreClassLoader - loadClass(org.chromium.device.geolocation.LocationProviderFactory,false)...
07-12 10:45:35.580  5637  5805 D DexLoader: WebCoreClassLoader - loadClass(org.chromium.content.R$id,false)...
07-12 10:45:35.580  5637  5804 D DexLoader: WebCoreClassLoader - loadClass(com.tencent.smtt.util.a,false)...
07-12 10:45:35.580  5637  5919 D DexLoader: WebCoreClassLoader - loadClass(com.tencent.tbsbeacon.event.UserAction,false)...
07-12 10:45:35.580  5637  5805 D DexLoader: WebCoreClassLoader - loadClass(org.chromium.content.R$id,false)...
07-12 10:45:35.580  5637  5919 D DexLoader: WebCoreClassLoader - loadClass(com.tencent.tbs.thirdparty.a.a$1,false)...
07-12 10:45:35.580  5637  5919 D DexLoader: WebCoreClassLoader - loadClass(com.tencent.tbsbeacon.qimei.IAsyncQimeiListener,false)...
07-12 10:45:35.580  5637  5919 D DexLoader: WebCoreClassLoader - loadClass(com.tencent.tbsbeacon.event.open.BeaconReport,false)...
07-12 10:45:35.580  5637  5919 D DexLoader: WebCoreClassLoader - loadClass(com.tencent.tbsbeacon.event.open.BeaconConfig,false)...
07-12 10:45:35.580  5637  5805 D DexLoader: WebCoreClassLoader - loadClass(org.chromium.content.R$id,false)...
07-12 10:45:35.580  5637  5919 D DexLoader: WebCoreClassLoader - loadClass(com.tencent.tbsbeacon.event.open.BeaconConfig$Builder,false)...
07-12 10:45:35.581  5637  5805 D DexLoader: WebCoreClassLoader - loadClass(org.chromium.content.R$id,false)...
07-12 10:45:35.581  5637  5919 D DexLoader: WebCoreClassLoader - loadClass(com.tencent.tbsbeacon.base.util.c,false)...
07-12 10:45:35.581  5637  5919 D DexLoader: WebCoreClassLoader - loadClass(com.tencent.tbsbeacon.base.net.c.b,false)...
07-12 10:45:35.581  5637  5805 D DexLoader: WebCoreClassLoader - loadClass(org.chromium.content.R$id,false)...
07-12 10:45:35.581  5637  5919 D DexLoader: WebCoreClassLoader - loadClass(com.tencent.tbsbeacon.a.c.c,false)...
07-12 10:45:35.581  5637  5919 D DexLoader: WebCoreClassLoader - loadClass(com.tencent.tbsbeacon.base.net.d,false)...
07-12 10:45:35.581  5637  5919 D DexLoader: WebCoreClassLoader - loadClass(com.tencent.tbsbeacon.base.net.c.e$a,false)...
07-12 10:45:35.581  5637  5919 D DexLoader: WebCoreClassLoader - loadClass(com.tencent.tbsbeacon.base.net.f,false)...
07-12 10:45:35.581  5637  5919 D DexLoader: WebCoreClassLoader - loadClass(com.tencent.tbsbeacon.base.net.adapter.a,false)...
07-12 10:45:35.581  5637  5805 D DexLoader: WebCoreClassLoader - loadClass(org.chromium.content.R$id,false)...
07-12 10:45:35.581  5637  5919 D DexLoader: WebCoreClassLoader - loadClass(com.tencent.tbsbeacon.a.d.a,false)...
07-12 10:45:35.581  5637  5919 D DexLoader: WebCoreClassLoader - loadClass(com.tencent.tbsbeacon.a.c.b,false)...
07-12 10:45:35.581  5637  5919 D DexLoader: WebCoreClassLoader - loadClass(com.tencent.tbsbeacon.a.c.e,false)...
07-12 10:45:35.581  5637  5919 D DexLoader: WebCoreClassLoader - loadClass(com.tencent.tbsbeacon.a.c.f,false)...
07-12 10:45:35.581  5637  5919 D DexLoader: WebCoreClassLoader - loadClass(com.tencent.tbsbeacon.qimei.QimeiSDK,false)...
07-12 10:45:35.581  5637  5919 D DexLoader: WebCoreClassLoader - loadClass(com.tencent.tbsbeacon.a.a.d,false)...
07-12 10:45:35.581  5637  5805 D DexLoader: WebCoreClassLoader - loadClass(org.chromium.content.browser.selection.e,false)...
07-12 10:45:35.581  5637  5919 D DexLoader: WebCoreClassLoader - loadClass(com.tencent.tbsbeacon.module.ModuleName,false)...
07-12 10:45:35.581  5637  5919 D DexLoader: WebCoreClassLoader - loadClass(com.tencent.tbsbeacon.event.c.c,false)...
07-12 10:45:35.581  5637  5919 D DexLoader: WebCoreClassLoader - loadClass(com.tencent.tbsbeacon.module.BeaconModule,false)...
07-12 10:45:35.582  5637  5919 D DexLoader: WebCoreClassLoader - loadClass(com.tencent.tbsbeacon.a.a.c,false)...
07-12 10:45:35.582  5637  5919 D DexLoader: WebCoreClassLoader - loadClass(com.tencent.tbsbeacon.a.a.b,false)...
07-12 10:45:35.582  5637  5919 D DexLoader: WebCoreClassLoader - loadClass(com.tencent.tbsbeacon.core.info.BeaconPubParams,false)...
07-12 10:45:35.582  5637  5919 D DexLoader: WebCoreClassLoader - loadClass(com.tencent.tbsbeacon.qimei.Qimei,false)...
07-12 10:45:35.582  5637  5919 D DexLoader: WebCoreClassLoader - loadClass(com.tencent.tbsbeacon.event.open.BeaconEvent,false)...
07-12 10:45:35.582  5637  5805 D DexLoader: WebCoreClassLoader - loadClass(org.chromium.content.R$string,false)...
07-12 10:45:35.582  5637  5919 D DexLoader: WebCoreClassLoader - loadClass(com.tencent.tbsbeacon.event.open.EventResult$a,false)...
07-12 10:45:35.582  5637  5919 D DexLoader: WebCoreClassLoader - loadClass(com.tencent.tbsbeacon.event.open.EventResult,false)...
07-12 10:45:35.582  5637  5919 D DexLoader: WebCoreClassLoader - loadClass(com.tencent.tbsbeacon.event.open.BeaconEvent$Builder,false)...
07-12 10:45:35.582  5637  5919 D DexLoader: WebCoreClassLoader - loadClass(com.tencent.tbsbeacon.module.EventModule,false)...
07-12 10:45:35.582  5637  5919 D DexLoader: WebCoreClassLoader - loadClass(com.tencent.tbsbeacon.a.b.d,false)...
07-12 10:45:35.582  5637  5805 D DexLoader: WebCoreClassLoader - loadClass(org.chromium.content.R$string,false)...
07-12 10:45:35.582  5637  5919 D DexLoader: WebCoreClassLoader - loadClass(com.tencent.tbsbeacon.a.b.a,false)...
07-12 10:45:35.582  5637  5919 D DexLoader: WebCoreClassLoader - loadClass(com.tencent.tbsbeacon.e.b,false)...
07-12 10:45:35.582  5637  5919 D DexLoader: WebCoreClassLoader - loadClass(com.tencent.tbsbeacon.base.util.BeaconLogger,false)...
07-12 10:45:35.582  5637  5919 D DexLoader: WebCoreClassLoader - loadClass(com.tencent.tbsbeacon.base.util.e,false)...
07-12 10:45:35.583  5637  5919 D DexLoader: WebCoreClassLoader - loadClass(com.tencent.tbsbeacon.b.b,false)...
07-12 10:45:35.583  5637  5919 D DexLoader: WebCoreClassLoader - loadClass(com.tencent.tbsbeacon.event.open.b,false)...
07-12 10:45:35.583  5637  5919 D DexLoader: WebCoreClassLoader - loadClass(com.tencent.tbsbeacon.base.util.b,false)...
07-12 10:45:35.584  5637  5919 D DexLoader: WebCoreClassLoader - loadClass(com.tencent.tbsbeacon.a.a.a,false)...
07-12 10:45:35.584  5637  5919 D DexLoader: WebCoreClassLoader - loadClass(com.tencent.tbsbeacon.qimei.a,false)...
07-12 10:45:35.584  5637  5919 D DexLoader: WebCoreClassLoader - loadClass(com.tencent.tbsbeacon.upload.InitHandleListener,false)...
07-12 10:45:35.584  5637  5919 D DexLoader: WebCoreClassLoader - loadClass(com.tencent.tbsbeacon.upload.UploadHandleListener,false)...
07-12 10:45:35.584  5637  5919 D DexLoader: WebCoreClassLoader - loadClass(com.tencent.tbsbeacon.d.a,false)...
07-12 10:45:35.584  5637  5919 D DexLoader: WebCoreClassLoader - loadClass(com.tencent.tbsbeacon.event.open.EventType,false)...
07-12 10:45:35.584  5637  5919 D DexLoader: WebCoreClassLoader - loadClass(com.tencent.tbsbeacon.upload.TunnelInfo,false)...
07-12 10:45:35.585  5637  5805 D DexLoader: WebCoreClassLoader - loadClass(org.chromium.content.browser.selection.SelectionPopupControllerImpl$a,false)...
07-12 10:45:35.585  5637  5804 D DexLoader: WebCoreClassLoader - loadClass(org.chromium.content.browser.TracingControllerAndroidImpl,false)...
07-12 10:45:35.585  5637  5804 D DexLoader: WebCoreClassLoader - loadClass(org.chromium.content_public.browser.ak,false)...
07-12 10:45:35.585  5637  5805 D DexLoader: WebCoreClassLoader - loadClass(org.chromium.tencent.f,false)...
07-12 10:45:35.585  5637  5805 D DexLoader: WebCoreClassLoader - loadClass(org.chromium.content.browser.selection.m$1,false)...
07-12 10:45:35.585  5637  5805 D DexLoader: WebCoreClassLoader - loadClass(org.chromium.content_public.browser.q,false)...
07-12 10:45:35.586  5637  5805 D DexLoader: WebCoreClassLoader - loadClass(org.chromium.content.browser.input.ImeAdapterImpl$1,false)...
07-12 10:45:35.586  5637  5726 W chromium: [0712/104535.586341:WARNING:httpdns_adapter.cc(290)] HttpDns init
07-12 10:45:35.587  5637  5805 D DexLoader: WebCoreClassLoader - loadClass(org.chromium.content.browser.input.b$a,false)...
07-12 10:45:35.587  5637  5919 D DexLoader: WebCoreClassLoader - loadClass(com.tencent.tbsbeacon.a.c.a,false)...
07-12 10:45:35.587  5637  5805 D DexLoader: WebCoreClassLoader - loadClass(org.chromium.content.browser.input.b,false)...
07-12 10:45:35.587  5637  5805 D DexLoader: WebCoreClassLoader - loadClass(org.chromium.content.browser.input.d,false)...
07-12 10:45:35.587  5637  5805 D DexLoader: WebCoreClassLoader - loadClass(org.chromium.content.browser.input.ImeAdapterImpl$b,false)...
07-12 10:45:35.587  5637  5804 D DexLoader: WebCoreClassLoader - loadClass(org.chromium.components.embedder_support.a.a$a,false)...
07-12 10:45:35.587  5637  5919 D DexLoader: WebCoreClassLoader - loadClass(com.tencent.tbsbeacon.base.util.a,false)...
07-12 10:45:35.587  5637  5805 D DexLoader: WebCoreClassLoader - loadClass(org.chromium.content.browser.input.a,false)...
07-12 10:45:35.587  5637  5919 D DexLoader: WebCoreClassLoader - loadClass(com.tencent.tbsbeacon.a.d.a$a,false)...
07-12 10:45:35.588  5637  5805 D DexLoader: WebCoreClassLoader - loadClass(org.chromium.content.browser.input.ImeAdapterImpl$c,false)...
07-12 10:45:35.588  5637  5804 D DexLoader: WebCoreClassLoader - loadClass(org.chromium.components.embedder_support.a.a$a$1,false)...
07-12 10:45:35.588  5637  5805 D DexLoader: WebCoreClassLoader - loadClass(org.chromium.content.browser.input.f,false)...
07-12 10:45:35.588  5637  5804 D DexLoader: WebCoreClassLoader - loadClass(org.chromium.base.p$a,false)...
07-12 10:45:35.588  5637  5919 D DexLoader: WebCoreClassLoader - loadClass(com.tencent.tbsbeacon.a.b.b,false)...
07-12 10:45:35.588  5637  5919 D DexLoader: WebCoreClassLoader - loadClass(com.tencent.tbsbeacon.base.net.a.b,false)...
07-12 10:45:35.588  5637  5805 D DexLoader: WebCoreClassLoader - loadClass(org.chromium.content.browser.input.a$a,false)...
07-12 10:45:35.588  5637  5919 D DexLoader: WebCoreClassLoader - loadClass(com.tencent.tbsbeacon.a.b.c,false)...
07-12 10:45:35.588  5637  5805 D DexLoader: WebCoreClassLoader - loadClass(org.chromium.content.browser.input.t,false)...
07-12 10:45:35.588  5637  5805 D DexLoader: WebCoreClassLoader - loadClass(org.chromium.content.browser.input.-$$Lambda$ImeAdapterImpl$WANXxZbu3npeEIAjwSIRaqRSlUc,false)...
07-12 10:45:35.588  5637  5919 D DexLoader: WebCoreClassLoader - loadClass(com.tencent.tbsbeacon.a.b.f,false)...
07-12 10:45:35.588  5637  5804 D DexLoader: WebCoreClassLoader - loadClass(org.chromium.base.BuildInfo$1,false)...
07-12 10:45:35.588  5637  5804 D DexLoader: WebCoreClassLoader - loadClass(org.chromium.base.BuildInfo$a,false)...
07-12 10:45:35.589  5637  5919 D DexLoader: WebCoreClassLoader - loadClass(com.tencent.tbsbeacon.a.b.g,false)...
07-12 10:45:35.589  5637  5804 D DexLoader: WebCoreClassLoader - loadClass(org.chromium.base.a.e,false)...
07-12 10:45:35.589  5637  5919 D DexLoader: WebCoreClassLoader - loadClass(com.tencent.tbsbeacon.a.b.e,false)...
07-12 10:45:35.589  5637  5919 D DexLoader: WebCoreClassLoader - loadClass(com.tencent.tbsbeacon.a.b.f$a,false)...
07-12 10:45:35.589  5637  5804 D DexLoader: WebCoreClassLoader - loadClass(org.chromium.base.l$1,false)...
07-12 10:45:35.589  5637  5739 W cn.missevan: Long monitor contention with owner RxCachedThreadScheduler-1 (5726) at org.chromium.net.ExperimentalCronetEngine cn.missevan.library.api.cronet.internal.engine.CronetEngine.engine(android.content.Context)(SourceFile:29) waiters=0 in org.chromium.net.ExperimentalCronetEngine cn.missevan.library.api.cronet.internal.engine.CronetEngine.engine(android.content.Context) for 267ms
07-12 10:45:35.589  5637  5919 D DexLoader: WebCoreClassLoader - loadClass(com.tencent.tbs.common.baseinfo.GuidLoader,false)...
07-12 10:45:35.589  5637  5919 D DexLoader: WebCoreClassLoader - loadClass(com.tencent.tbs.common.baseinfo.GUIDFactory$a,false)...
07-12 10:45:35.589  5637  5919 D DexLoader: WebCoreClassLoader - loadClass(com.tencent.tbs.common.MTT.GuidRsp,false)...
07-12 10:45:35.590  5637  5919 D DexLoader: WebCoreClassLoader - loadClass(com.tencent.tbs.common.baseinfo.GUIDFactory$3,false)...
07-12 10:45:35.590  5637  5919 D DexLoader: WebCoreClassLoader - loadClass(com.tencent.tbs.common.MTT.GuidReq,false)...
07-12 10:45:35.590  5637  5919 D DexLoader: WebCoreClassLoader - loadClass(com.tencent.tbs.common.baseinfo.GUIDFactory$2,false)...
07-12 10:45:35.590  5637  5919 D DexLoader: WebCoreClassLoader - loadClass(com.tencent.tbs.common.baseinfo.IRequestGuidCallBack,false)...
07-12 10:45:35.590  5637  5805 D DexLoader: WebCoreClassLoader - loadClass(org.chromium.content.browser.input.ImeAdapterImpl$ShowKeyboardResultReceiver,false)...
07-12 10:45:35.590  5637  5747 W cn.missevan: Long monitor contention with owner RxCachedThreadScheduler-1 (5726) at org.chromium.net.ExperimentalCronetEngine cn.missevan.library.api.cronet.internal.engine.CronetEngine.engine(android.content.Context)(SourceFile:29) waiters=1 in org.chromium.net.ExperimentalCronetEngine cn.missevan.library.api.cronet.internal.engine.CronetEngine.engine(android.content.Context) for 230ms
07-12 10:45:35.590  5637  5919 D DexLoader: WebCoreClassLoader - loadClass(com.tencent.common.utils.DesUtils,false)...
07-12 10:45:35.590  5637  5919 D DexLoader: WebCoreClassLoader - loadClass(com.tencent.tbs.common.wup.WUPTaskProxy,false)...
07-12 10:45:35.590  5637  5805 D DexLoader: WebCoreClassLoader - loadClass(org.chromium.content.browser.input.ImeAdapterImpl$a,false)...
07-12 10:45:35.590  5637  5919 D DexLoader: WebCoreClassLoader - loadClass(com.tencent.tbs.common.baseinfo.GUIDFactory$1,false)...
07-12 10:45:35.590  5637  5805 D DexLoader: WebCoreClassLoader - loadClass(org.chromium.tencent.ContentViewClientExtension,false)...
07-12 10:45:35.591  5637  5919 D DexLoader: WebCoreClassLoader - loadClass(com.tencent.tbs.common.push.PushDataParserUtils,false)...
07-12 10:45:35.591  5637  5805 D DexLoader: WebCoreClassLoader - loadClass(org.chromium.content.browser.input.-$$Lambda$f$X0VqumErdjb-c_EIYl88qCoyqhc,false)...
07-12 10:45:35.591  5637  5805 D DexLoader: WebCoreClassLoader - loadClass(org.chromium.content.browser.input.-$$Lambda$f$CZPKRzjWB3XGlLMMfXq3FI69dn0,false)...
07-12 10:45:35.591  5637  5805 D DexLoader: WebCoreClassLoader - loadClass(org.chromium.content.browser.input.b$b,false)...
07-12 10:45:35.591  5637  5805 D DexLoader: WebCoreClassLoader - loadClass(org.chromium.content.browser.input.b$1,false)...
07-12 10:45:35.591  5637  5805 D DexLoader: WebCoreClassLoader - loadClass(org.chromium.content.browser.input.d$1,false)...
07-12 10:45:35.592  5637  5805 D DexLoader: WebCoreClassLoader - loadClass(org.chromium.content.browser.selection.g,false)...
07-12 10:45:35.592  5637  5805 D DexLoader: WebCoreClassLoader - loadClass(org.chromium.content.browser.selection.i,false)...
07-12 10:45:35.592  5637  5805 D DexLoader: WebCoreClassLoader - loadClass(org.chromium.content.browser.selection.h,false)...
07-12 10:45:35.592  5880  5880 I Perf    : Connecting to perf service.
07-12 10:45:35.592  5637  5805 D DexLoader: WebCoreClassLoader - loadClass(org.chromium.content.browser.selection.b,false)...
07-12 10:45:35.592  5637  5919 D DexLoader: WebCoreClassLoader - loadClass(com.tencent.tbs.common.baseinfo.GuidLoader$2,false)...
07-12 10:45:35.593  5637  5805 D DexLoader: WebCoreClassLoader - loadClass(org.chromium.content.browser.selection.-$$Lambda$g$d0HlSeBR-Swcc9mEyl9YatnfVs4,false)...
07-12 10:45:35.593  5637  5919 D DexLoader: WebCoreClassLoader - loadClass(com.tencent.tbs.common.baseinfo.GuidLoader$1,false)...
07-12 10:45:35.593  5637  5805 D DexLoader: WebCoreClassLoader - loadClass(org.chromium.content.browser.selection.-$$Lambda$b$tVBYPfhKHGhz-2W9x6b6K83LczM,false)...
07-12 10:45:35.593  5637  5919 D DexLoader: WebCoreClassLoader - loadClass(com.taf.JceSynchronizedPool,false)...
07-12 10:45:35.593  5637  5919 D DexLoader: WebCoreClassLoader - loadClass(com.taf.JceOutputStream,false)...
07-12 10:45:35.593  5637  5919 D DexLoader: WebCoreClassLoader - loadClass(com.taf.JceInputStream,false)...
07-12 10:45:35.593  5637  5919 D DexLoader: WebCoreClassLoader - loadClass(com.tencent.tbs.common.task.TaskManager,false)...
07-12 10:45:35.593  5637  5748 W cn.missevan: Long monitor contention with owner RxCachedThreadScheduler-1 (5726) at org.chromium.net.ExperimentalCronetEngine cn.missevan.library.api.cronet.internal.engine.CronetEngine.engine(android.content.Context)(SourceFile:29) waiters=3 in org.chromium.net.ExperimentalCronetEngine cn.missevan.library.api.cronet.internal.engine.CronetEngine.engine(android.content.Context) for 145ms
07-12 10:45:35.593  5637  5919 D DexLoader: WebCoreClassLoader - loadClass(com.tencent.tbs.common.task.Task,false)...
07-12 10:45:35.594  5637  5913 D DexLoader: WebCoreClassLoader - loadClass(com.tencent.tbs.common.baseinfo.IWupTaskPreferencesCallback,false)...
07-12 10:45:35.595  5637  5805 D DexLoader: WebCoreClassLoader - loadClass(org.chromium.content.browser.ae$1,false)...
07-12 10:45:35.595  5637  5827 D DexLoader: WebCoreClassLoader - loadClass(com.tencent.common.utils.HexUtil,false)...
07-12 10:45:35.595  5637  5805 D DexLoader: WebCoreClassLoader - loadClass(org.chromium.content.browser.ae$b,false)...
07-12 10:45:35.595  5637  5913 D DexLoader: WebCoreClassLoader - loadClass(com.tencent.tbs.common.MTT.PreferencesRsp,false)...
07-12 10:45:35.595  5637  5913 D DexLoader: WebCoreClassLoader - loadClass(com.tencent.tbs.common.MTT.PreferencesKeyValue,false)...
07-12 10:45:35.595  5637  5805 D DexLoader: WebCoreClassLoader - loadClass(org.chromium.android_webview.c,false)...
07-12 10:45:35.595  5637  5805 D DexLoader: WebCoreClassLoader - loadClass(org.chromium.content_public.browser.ai$-CC,false)...
07-12 10:45:35.595  5637  5805 D DexLoader: WebCoreClassLoader - loadClass(org.chromium.content.R$id,false)...
07-12 10:45:35.596  5637  5805 D DexLoader: WebCoreClassLoader - loadClass(org.chromium.content.R$id,false)...
07-12 10:45:35.596  5637  5913 D DexLoader: WebCoreClassLoader - loadClass(com.tencent.tbs.common.baseinfo.TbsWupManager$1,false)...
07-12 10:45:35.596  5637  5804 D DexLoader: WebCoreClassLoader - loadClass(org.chromium.base.l$a,false)...
07-12 10:45:35.596  5637  5913 D DexLoader: WebCoreClassLoader - loadClass(com.tencent.tbs.common.wup.MultiWUPRequest,false)...
07-12 10:45:35.596  5637  5805 D DexLoader: WebCoreClassLoader - loadClass(org.chromium.content.browser.selection.SmartSelectionClient,false)...
07-12 10:45:35.596  5637  5805 D DexLoader: WebCoreClassLoader - loadClass(org.chromium.content.browser.selection.p,false)...
07-12 10:45:35.596  5637  5805 D DexLoader: WebCoreClassLoader - loadClass(org.chromium.content.browser.selection.n,false)...
07-12 10:45:35.596  5637  5805 D DexLoader: WebCoreClassLoader - loadClass(org.chromium.content.browser.selection.SmartSelectionClient$a,false)...
07-12 10:45:35.596  5637  5913 D DexLoader: WebCoreClassLoader - loadClass(com.tencent.common.wup.MultiWUPRequestBase,false)...
07-12 10:45:35.597  5637  5804 D DexLoader: WebCoreClassLoader - loadClass(org.chromium.base.l$b,false)...
07-12 10:45:35.597  5637  5805 D DexLoader: WebCoreClassLoader - loadClass(org.chromium.content.browser.selection.p$1,false)...
07-12 10:45:35.597  5637  5805 D DexLoader: WebCoreClassLoader - loadClass(org.chromium.content.browser.selection.p$2,false)...
07-12 10:45:35.597  5637  5805 D DexLoader: WebCoreClassLoader - loadClass(org.chromium.content.browser.selection.p$a,false)...
07-12 10:45:35.597  5637  5805 D DexLoader: WebCoreClassLoader - loadClass(org.chromium.base.task.a,false)...
07-12 10:45:35.597  5637  5805 D DexLoader: WebCoreClassLoader - loadClass(org.chromium.content.browser.selection.o$1,false)...
07-12 10:45:35.597  5637  5913 D DexLoader: WebCoreClassLoader - loadClass(com.tencent.tbs.common.baseinfo.TbsDomainWhiteListManager,false)...
07-12 10:45:35.597  5637  5805 D DexLoader: WebCoreClassLoader - loadClass(org.chromium.content.browser.selection.k,false)...
07-12 10:45:35.598  5637  5805 D DexLoader: WebCoreClassLoader - loadClass(org.chromium.content.browser.selection.n$1,false)...
07-12 10:45:35.598  5637  5805 D DexLoader: WebCoreClassLoader - loadClass(org.chromium.android_webview.AwContents$3,false)...
07-12 10:45:35.598  5637  5805 D DexLoader: WebCoreClassLoader - loadClass(org.chromium.android_webview.AwContents$d,false)...
07-12 10:45:35.598  5637  5805 D DexLoader: WebCoreClassLoader - loadClass(org.chromium.content_public.browser.m$-CC,false)...
07-12 10:45:35.598  5637  5913 D DexLoader: WebCoreClassLoader - loadClass(com.tencent.tbs.common.baseinfo.TbsWupManager$2,false)...
07-12 10:45:35.598  5637  5926 D DexLoader: WebCoreClassLoader - loadClass(com.tencent.tbsbeacon.qimei.e,false)...
07-12 10:45:35.598  5637  5805 D DexLoader: WebCoreClassLoader - loadClass(org.chromium.android_webview.ay,false)...
07-12 10:45:35.598  5637  5805 D DexLoader: WebCoreClassLoader - loadClass(org.chromium.android_webview.ay$1,false)...
07-12 10:45:35.598  5637  5805 D DexLoader: WebCoreClassLoader - loadClass(org.chromium.android_webview.AwContents$VisualStateCallback,false)...
07-12 10:45:35.599  5637  5722 D DexLoader: WebCoreClassLoader - loadClass(org.chromium.android_webview.common.CommandLineUtilInternal,false)...
07-12 10:45:35.599  5637  5805 D DexLoader: WebCoreClassLoader - loadClass(org.chromium.android_webview.-$$Lambda$ay$kLmaAV-tQwUjUvlenJbu6I2B8Dc,false)...
07-12 10:45:35.599  5637  5913 D DexLoader: WebCoreClassLoader - loadClass(com.tencent.common.serverconfig.WupServerConfigsWrapper,false)...
07-12 10:45:35.599  5637  5805 D DexLoader: WebCoreClassLoader - loadClass(org.chromium.content.browser.webcontents.b,false)...
07-12 10:45:35.599  5637  5804 D DexLoader: WebCoreClassLoader - loadClass(org.chromium.android_webview.-$$Lambda$AwContents$ud4GmUJeibjU8kmT_1FDfVpg44w,false)...
07-12 10:45:35.599  5637  5805 D DexLoader: WebCoreClassLoader - loadClass(org.chromium.content.browser.webcontents.WebContentsObserverProxy$a,false)...
07-12 10:45:35.599  5637  5805 D DexLoader: WebCoreClassLoader - loadClass(org.chromium.content.browser.webcontents.b$1,false)...
07-12 10:45:35.599  5637  5926 D DexLoader: WebCoreClassLoader - loadClass(com.tencent.tbsbeacon.b.a,false)...
07-12 10:45:35.599  5637  5926 D DexLoader: WebCoreClassLoader - loadClass(com.tencent.tbsbeacon.qimei.d,false)...
07-12 10:45:35.600  5637  5926 D DexLoader: WebCoreClassLoader - loadClass(com.tencent.tbsbeacon.qimei.c,false)...
07-12 10:45:35.600  5637  5805 D DexLoader: WebCoreClassLoader - loadClass(org.chromium.ui.base.TouchDevice,false)...
07-12 10:45:35.600  5637  5805 D DexLoader: WebCoreClassLoader - loadClass(org.chromium.ui.gfx.Animation,false)...
07-12 10:45:35.600  5637  5913 D DexLoader: WebCoreClassLoader - loadClass(com.tencent.tbs.common.MTT.PreferencesReq,false)...
07-12 10:45:35.600  5637  5804 D DexLoader: WebCoreClassLoader - loadClass(org.chromium.android_webview.-$$Lambda$AwContents$2O75Bi-su4o3xYK-lFlgtkCWfEc,false)...
07-12 10:45:35.600  5637  5804 D DexLoader: WebCoreClassLoader - loadClass(org.chromium.android_webview.-$$Lambda$AwContents$qSlzRAHfZ8iM5HObuzA0LLBHi2w,false)...
07-12 10:45:35.600  5637  5926 D DexLoader: WebCoreClassLoader - loadClass(com.tencent.tbsbeacon.base.net.a.f,false)...
07-12 10:45:35.600  5637  5926 D DexLoader: WebCoreClassLoader - loadClass(com.tencent.tbsbeacon.base.net.a.d,false)...
07-12 10:45:35.600  5637  5926 D DexLoader: WebCoreClassLoader - loadClass(com.tencent.tbsbeacon.base.net.a.a,false)...
07-12 10:45:35.600  5637  5926 D DexLoader: WebCoreClassLoader - loadClass(com.tencent.tbsbeacon.base.net.a.k,false)...
07-12 10:45:35.601  5637  5926 D DexLoader: WebCoreClassLoader - loadClass(com.tencent.tbsbeacon.base.net.a.i,false)...
07-12 10:45:35.601  5637  5804 D DexLoader: WebCoreClassLoader - loadClass(org.chromium.content_public.browser.am$-CC,false)...
07-12 10:45:35.601  5637  5926 D DexLoader: WebCoreClassLoader - loadClass(com.tencent.tbsbeacon.base.net.adapter.c,false)...
07-12 10:45:35.601  5637  5805 D DexLoader: WebCoreClassLoader - loadClass(org.chromium.components.autofill.AutofillSuggestion,false)...
07-12 10:45:35.601  5637  5805 D DexLoader: WebCoreClassLoader - loadClass(org.chromium.ui.e,false)...
07-12 10:45:35.601  5637  5805 D DexLoader: WebCoreClassLoader - loadClass(org.chromium.ui.d,false)...
07-12 10:45:35.601  5637  5926 D DexLoader: WebCoreClassLoader - loadClass(com.tencent.tbsbeacon.base.net.adapter.g,false)...
07-12 10:45:35.601  5637  5926 D DexLoader: WebCoreClassLoader - loadClass(com.tencent.tbsbeacon.base.net.b.a,false)...
07-12 10:45:35.601  5637  5926 D DexLoader: WebCoreClassLoader - loadClass(com.tencent.tbsbeacon.base.net.b.c$a,false)...
07-12 10:45:35.601  5637  5926 D DexLoader: WebCoreClassLoader - loadClass(com.tencent.tbsbeacon.base.net.b.b,false)...
07-12 10:45:35.601  5637  5926 D DexLoader: WebCoreClassLoader - loadClass(com.tencent.tbsbeacon.base.net.c.e,false)...
07-12 10:45:35.601  5637  5913 D DexLoader: WebCoreClassLoader - loadClass(com.tencent.tbs.common.baseinfo.TargetAdapter,false)...
07-12 10:45:35.601  5637  5804 D DexLoader: WebCoreClassLoader - loadClass(org.chromium.components.autofill.a,false)...
07-12 10:45:35.602  5637  5804 D DexLoader: WebCoreClassLoader - loadClass(org.chromium.content_public.browser.ag$-CC,false)...
07-12 10:45:35.602  5637  5926 D DexLoader: WebCoreClassLoader - loadClass(com.tencent.tbsbeacon.base.net.e,false)...
07-12 10:45:35.602  5637  5804 D DexLoader: WebCoreClassLoader - loadClass(org.chromium.android_webview.-$$Lambda$AwContents$jjS_oT5t88URq0hQFSBDryb0r8c,false)...
07-12 10:45:35.602  5637  5926 D DexLoader: WebCoreClassLoader - loadClass(com.tencent.tbsbeacon.base.net.c,false)...
07-12 10:45:35.602  5637  5926 D DexLoader: WebCoreClassLoader - loadClass(com.tencent.tbsbeacon.base.net.RequestType,false)...
07-12 10:45:35.602  5637  5926 D DexLoader: WebCoreClassLoader - loadClass(com.tencent.tbsbeacon.base.net.b,false)...
07-12 10:45:35.602  5637  5926 D DexLoader: WebCoreClassLoader - loadClass(com.tencent.tbsbeacon.base.net.a,false)...
07-12 10:45:35.602  5637  5804 D DexLoader: WebCoreClassLoader - loadClass(org.chromium.android_webview.-$$Lambda$AwContents$QPUPBJRrhKGAFZT-nefNkiCdRQk,false)...
07-12 10:45:35.602  5637  5926 D DexLoader: WebCoreClassLoader - loadClass(com.tencent.tbsbeacon.base.net.adapter.b,false)...
07-12 10:45:35.602  5637  5804 D DexLoader: WebCoreClassLoader - loadClass(org.chromium.android_webview.AwContents$f,false)...
07-12 10:45:35.602  5637  5926 D DexLoader: WebCoreClassLoader - loadClass(com.tencent.tbsbeacon.base.net.BodyType,false)...
07-12 10:45:35.602  5637  5926 D DexLoader: WebCoreClassLoader - loadClass(com.tencent.tbsbeacon.base.net.c.d,false)...
07-12 10:45:35.602  5637  5926 D DexLoader: WebCoreClassLoader - loadClass(com.tencent.tbsbeacon.base.net.HttpMethod,false)...
07-12 10:45:35.603  5637  5926 D DexLoader: WebCoreClassLoader - loadClass(com.tencent.tbsbeacon.base.net.b.e,false)...
07-12 10:45:35.603  5637  5926 D DexLoader: WebCoreClassLoader - loadClass(com.tencent.tbsbeacon.base.net.b.c,false)...
07-12 10:45:35.603  5637  5926 D DexLoader: WebCoreClassLoader - loadClass(com.tencent.tbsbeacon.base.net.b.d,false)...
07-12 10:45:35.603  5637  5926 D DexLoader: WebCoreClassLoader - loadClass(com.tencent.tbsbeacon.pack.SocketResponsePackage,false)...
07-12 10:45:35.603  5637  5926 D DexLoader: WebCoreClassLoader - loadClass(com.tencent.tbsbeacon.pack.AbstractJceStruct,false)...
07-12 10:45:35.603  5637  5805 D DexLoader: WebCoreClassLoader - loadClass(org.chromium.android_webview.d,false)...
