07-11 19:03:21.158  8272  8306 I appium  : [534392820 (success)] Synthesized: MotionEvent { action=ACTION_MOVE, actionButton=0, id[0]=0, x[0]=820.38464, y[0]=1103.0, toolType[0]=TOOL_TYPE_FINGER, buttonState=0, classification=NONE, metaState=0, flags=0x0, edgeFlags=0x0, pointerCount=1, historySize=0, eventTime=534392820, downTime=534391799, deviceId=0, source=0x1002, displayId=0 }
07-11 19:03:21.164  1969  2373 W InputDispatcher: checkSynergyInfo mode:0 info:0 0, id:-1
07-11 19:03:21.179  8272  8306 I appium  : [534392840 (success)] Synthesized: MotionEvent { action=ACTION_MOVE, actionButton=0, id[0]=0, x[0]=758.0769, y[0]=1103.0, toolType[0]=TOOL_TYPE_FINGER, buttonState=0, classification=NONE, metaState=0, flags=0x0, edgeFlags=0x0, pointerCount=1, historySize=0, eventTime=534392840, downTime=534391799, deviceId=0, source=0x1002, displayId=0 }
07-11 19:03:21.184  1969  2373 W InputDispatcher: checkSynergyInfo mode:0 info:0 0, id:-1
07-11 19:03:21.189  8272  8306 I appium  : [534392860 (success)] Synthesized: MotionEvent { action=ACTION_MOVE, actionButton=0, id[0]=0, x[0]=695.7692, y[0]=1103.0, toolType[0]=TOOL_TYPE_FINGER, buttonState=0, classification=NONE, metaState=0, flags=0x0, edgeFlags=0x0, pointerCount=1, historySize=0, eventTime=534392860, downTime=534391799, deviceId=0, source=0x1002, displayId=0 }
07-11 19:03:21.204  1969  2373 W InputDispatcher: checkSynergyInfo mode:0 info:0 0, id:-1
07-11 19:03:21.212  8272  8306 I appium  : [534392880 (success)] Synthesized: MotionEvent { action=ACTION_MOVE, actionButton=0, id[0]=0, x[0]=633.46155, y[0]=1103.0, toolType[0]=TOOL_TYPE_FINGER, buttonState=0, classification=NONE, metaState=0, flags=0x0, edgeFlags=0x0, pointerCount=1, historySize=0, eventTime=534392880, downTime=534391799, deviceId=0, source=0x1002, displayId=0 }
07-11 19:03:21.223  1969  2373 W InputDispatcher: checkSynergyInfo mode:0 info:0 0, id:-1
07-11 19:03:21.235  8272  8306 I appium  : [534392899 (success)] Synthesized: MotionEvent { action=ACTION_MOVE, actionButton=0, id[0]=0, x[0]=571.1538, y[0]=1103.0, toolType[0]=TOOL_TYPE_FINGER, buttonState=0, classification=NONE, metaState=0, flags=0x0, edgeFlags=0x0, pointerCount=1, historySize=0, eventTime=534392899, downTime=534391799, deviceId=0, source=0x1002, displayId=0 }
07-11 19:03:21.239   908 12402 I vendor.qti.bluetooth@1.0-ibs_handler: ProcessIbsCmd: Received IBS_WAKE_IND: 0xFD
07-11 19:03:21.240   908 12402 D vendor.qti.bluetooth@1.0-ibs_handler: SerialClockVote: vote for UART CLK ON
07-11 19:03:21.240   908 12402 D vendor.qti.bluetooth@1.0-wake_lock: Acquire wakelock is acquired
07-11 19:03:21.240   908 12402 I vendor.qti.bluetooth@1.0-ibs_handler: ProcessIbsCmd: Writing IBS_WAKE_ACK
07-11 19:03:21.242 12146 12405 V bt_stack: [VERBOSE1:btm_ble_gap.cc(1924)] btm_ble_process_ext_adv_pkt: bda=c8:28:32:16:78:36
07-11 19:03:21.242 12146 12405 V bt_stack: [VERBOSE1:btm_ble_gap.cc(1848)] btm_ble_process_adv_addr: bda=c8:28:32:16:78:36
07-11 19:03:21.242 12146 12405 V bt_stack: [VERBOSE1:btm_inq.cc(1019)] BTM_InqDbRead: bd addr c8:28:32:16:78:36
07-11 19:03:21.243  1969  2373 W InputDispatcher: checkSynergyInfo mode:0 info:0 0, id:-1
07-11 19:03:21.244  3576 12463 E MiuiFastConnectService: check adv data not fast connect
07-11 19:03:21.257  8272  8306 I appium  : [534392919 (success)] Synthesized: MotionEvent { action=ACTION_MOVE, actionButton=0, id[0]=0, x[0]=508.84613, y[0]=1103.0, toolType[0]=TOOL_TYPE_FINGER, buttonState=0, classification=NONE, metaState=0, flags=0x0, edgeFlags=0x0, pointerCount=1, historySize=0, eventTime=534392919, downTime=534391799, deviceId=0, source=0x1002, displayId=0 }
07-11 19:03:21.265  1969  2373 W InputDispatcher: checkSynergyInfo mode:0 info:0 0, id:-1
07-11 19:03:21.278  8272  8306 I appium  : [534392940 (success)] Synthesized: MotionEvent { action=ACTION_MOVE, actionButton=0, id[0]=0, x[0]=446.53845, y[0]=1103.0, toolType[0]=TOOL_TYPE_FINGER, buttonState=0, classification=NONE, metaState=0, flags=0x0, edgeFlags=0x0, pointerCount=1, historySize=0, eventTime=534392940, downTime=534391799, deviceId=0, source=0x1002, displayId=0 }
07-11 19:03:21.284  1969  2373 W InputDispatcher: checkSynergyInfo mode:0 info:0 0, id:-1
07-11 19:03:21.289  8272  8306 I appium  : [534392960 (success)] Synthesized: MotionEvent { action=ACTION_MOVE, actionButton=0, id[0]=0, x[0]=384.23077, y[0]=1103.0, toolType[0]=TOOL_TYPE_FINGER, buttonState=0, classification=NONE, metaState=0, flags=0x0, edgeFlags=0x0, pointerCount=1, historySize=0, eventTime=534392960, downTime=534391799, deviceId=0, source=0x1002, displayId=0 }
07-11 19:03:21.304  1969  2373 W InputDispatcher: checkSynergyInfo mode:0 info:0 0, id:-1
07-11 19:03:21.304  8173  8268 I tnet-jni: 1112 -  create new session: 203.119.205.127:80
07-11 19:03:21.311  8272  8306 I appium  : [534392980 (success)] Synthesized: MotionEvent { action=ACTION_MOVE, actionButton=0, id[0]=0, x[0]=321.9231, y[0]=1103.0, toolType[0]=TOOL_TYPE_FINGER, buttonState=0, classification=NONE, metaState=0, flags=0x0, edgeFlags=0x0, pointerCount=1, historySize=0, eventTime=534392980, downTime=534391799, deviceId=0, source=0x1002, displayId=0 }
07-11 19:03:21.321   908 12402 I vendor.qti.bluetooth@1.0-ibs_handler: ProcessIbsCmd: Received IBS_SLEEP_IND: 0xFE
07-11 19:03:21.321   908 12402 D vendor.qti.bluetooth@1.0-ibs_handler: SerialClockVote: vote for UART CLK OFF
07-11 19:03:21.325  1969  2373 W InputDispatcher: checkSynergyInfo mode:0 info:0 0, id:-1
07-11 19:03:21.334  8272  8306 I appium  : [534393001 (success)] Synthesized: MotionEvent { action=ACTION_MOVE, actionButton=0, id[0]=0, x[0]=259.61536, y[0]=1103.0, toolType[0]=TOOL_TYPE_FINGER, buttonState=0, classification=NONE, metaState=0, flags=0x0, edgeFlags=0x0, pointerCount=1, historySize=0, eventTime=534393001, downTime=534391799, deviceId=0, source=0x1002, displayId=0 }
07-11 19:03:21.340   599   599 E SELinux : avc:  denied  { find } for pid=7093 uid=10181 name=tethering scontext=u:r:vendor_systemhelper_app:s0:c512,c768 tcontext=u:object_r:tethering_service:s0 tclass=service_manager permissive=0
07-11 19:03:21.344  1969  2373 W InputDispatcher: checkSynergyInfo mode:0 info:0 0, id:-1
07-11 19:03:21.350  8173  8247 I tnet-jni: 1105 - [SpdySessionCallBack.getSSLMeta] - org.android.spdy.SpdySession@4e4ae99
07-11 19:03:21.350  8173  8247 I tnet-jni: 1105 - [spdySessionConnectCB] -
07-11 19:03:21.350  8173  8247 I tnet-jni: 1105 - [SpdySessionCallBack.spdySessionConnectCB] - org.android.spdy.SpdySession@4e4ae99
07-11 19:03:21.357  8173  8247 I tnet-jni: 1105 - index=1  starttime=1657537401357
07-11 19:03:21.357  8173  8247 I tnet-jni: 1105 - index=1   calltime=1657537401357
07-11 19:03:21.358  8272  8306 I appium  : [534393020 (success)] Synthesized: MotionEvent { action=ACTION_MOVE, actionButton=0, id[0]=0, x[0]=197.30768, y[0]=1103.0, toolType[0]=TOOL_TYPE_FINGER, buttonState=0, classification=NONE, metaState=0, flags=0x0, edgeFlags=0x0, pointerCount=1, historySize=0, eventTime=534393020, downTime=534391799, deviceId=0, source=0x1002, displayId=0 }
07-11 19:03:21.364  1969  2373 W InputDispatcher: checkSynergyInfo mode:0 info:0 0, id:-1
07-11 19:03:21.379  8272  8306 I appium  : [534393040 (success)] Synthesized: MotionEvent { action=ACTION_MOVE, actionButton=0, id[0]=0, x[0]=135.0, y[0]=1103.0, toolType[0]=TOOL_TYPE_FINGER, buttonState=0, classification=NONE, metaState=0, flags=0x0, edgeFlags=0x0, pointerCount=1, historySize=0, eventTime=534393040, downTime=534391799, deviceId=0, source=0x1002, displayId=0 }
07-11 19:03:21.383  1969  2373 W InputDispatcher: checkSynergyInfo mode:0 info:0 0, id:-1
07-11 19:03:21.384  1969  2373 D MIUIInput: [MotionEvent] publisher action=0x1, 534393060, channel 'a666a8b cn.missevan/cn.missevan.activity.MainActivity (server)'
07-11 19:03:21.384  7217  7217 D MIUIInput: [MotionEvent] ViewRootImpl { action=ACTION_UP, id[0]=0, pointerCount=1, eventTime=534393060, downTime=534391799 } moveCount:13
07-11 19:03:21.397  1000  1000 D CompositionEngine: writeOutputDependentGeometryStateToHWC layer[cn.missevan/cn.missevan.activity.MainActivity#0] set Z 134217728 miFodLayer 134217728
07-11 19:03:21.398  1000  1000 D CompositionEngine: writeOutputDependentGeometryStateToHWC layer[StatusBar#0] set Z 134217729 miFodLayer 134217728
07-11 19:03:21.398  1000  1000 D CompositionEngine: writeOutputDependentGeometryStateToHWC layer[RoundCorner#0] set Z 134217730 miFodLayer 134217728
07-11 19:03:21.398  1000  1000 D CompositionEngine: writeOutputDependentGeometryStateToHWC layer[RoundCorner#1] set Z 134217731 miFodLayer 134217728
07-11 19:03:21.399  8272  8306 I appium  : [534393060 (success)] Synthesized: MotionEvent { action=ACTION_UP, actionButton=0, id[0]=0, x[0]=135.0, y[0]=1103.0, toolType[0]=TOOL_TYPE_FINGER, buttonState=0, classification=NONE, metaState=0, flags=0x0, edgeFlags=0x0, pointerCount=1, historySize=0, eventTime=534393060, downTime=534391799, deviceId=0, source=0x1002, displayId=0 }
07-11 19:03:21.405  8173  8247 I tnet-jni: 1105 - [SpdySessionCallBack.putSSLMeta] - org.android.spdy.SpdySession@4e4ae99
07-11 19:03:21.406  8173  8247 I tnet-jni: 1105 - [spdyStreamResponseRecv] -
07-11 19:03:21.406  8173  8247 I tnet-jni: 1105 - [SpdySessionCallBack.spdyOnStreamResponse] - org.android.spdy.SpdySession@4e4ae99
07-11 19:03:21.407  8272  8306 I appium  : AppiumResponse: {"sessionId":"5e044f32-e40a-4544-ab9e-51d6ec27d520","value":null}
07-11 19:03:21.422  8173  8247 I tnet-jni: 1105 - [spdyStreamCloseCallback] -
07-11 19:03:21.422  8173  8247 I tnet-jni: 1105 - [SpdySessionCallBack.spdyStreamCloseCallback] - org.android.spdy.SpdySession@4e4ae99
07-11 19:03:21.422  8173  8247 I tnet-jni: 1105 - index=1    endtime=1657537401422
07-11 19:03:21.471   908 12312 D vendor.qti.bluetooth@1.0-wake_lock: Release wakelock is released
07-11 19:03:21.475  2878  2878 D QtiCarrierConfigHelper: WARNING, no carrier configs on phone Id: 0
07-11 19:03:21.475  2988  2988 D NetworkSpeedTracker: receive actionandroid.intent.action.BATTERY_CHANGED
07-11 19:03:21.475  2988  2988 D NetworkSpeedTracker: onReceive ACTION_BATTERY_CHANGED mBatteryLevel = 100;mIsCharging =true
07-11 19:03:21.477  7437  7437 I BatteryInfoReceiver: ACTION_BATTERY_CHANGED
07-11 19:03:21.478  6950  6950 D VA_UploadVoiceJobService: uploadVoiceDatas onReceive time cost : 1
07-11 19:03:21.478  7687  7759 D PowerCheckerService: onBatteryChanged, mBatteryLevel = 100, status = 5, level = 100, plug = 2, scale = 100
07-11 19:03:21.478  7687  7722 D PowerKeeper.FrozenApp: onBatteryChanged plug=true mBatteryPlugged=2
07-11 19:03:21.479  2687  2687 D KeyguardUpdateMonitor: received broadcast android.intent.action.BATTERY_CHANGED
07-11 19:03:21.479  2687  2687 D BatteryController: onReceive: Intent = Intent { act=android.intent.action.BATTERY_CHANGED flg=0x60000010 (has extras) } action = android.intent.action.BATTERY_CHANGED
07-11 19:03:21.481  2951  2951 D DeviceStatisticsService: chargerType=2 batteryLevel=100 totalBatteryCapacity=4297000
07-11 19:03:21.481  2951  2951 D DeviceInfoHidlClient: isPowerInfoNeverSent()=true
07-11 19:03:21.481  2951  2951 D DeviceInfoHidlClient: getPowerInfoSupportStatus()=-1
07-11 19:03:21.481  1969  2384 I android_os_HwBinder: HwBinder: Starting thread pool for getting: vendor.xiaomi.hardware.micharge@1.0::IMiCharge/default
07-11 19:03:21.481   971  7810 I vendor.xiaomi.hardware.micharge@1.0-service: ReadFilePathValue path = /sys/class/power_supply/wireless/reverse_chg_mode value = 0
07-11 19:03:21.482  1969  2384 I android_os_HwBinder: HwBinder: Starting thread pool for getting: vendor.xiaomi.hardware.micharge@1.0::IMiCharge/default
07-11 19:03:21.483   971  7810 I vendor.xiaomi.hardware.micharge@1.0-service: ReadFilePathValue path = /sys/class/power_supply/bms/fastcharge_mode value = 0
07-11 19:03:21.484  6950  7153 D VA_UploadVoiceJobService: needUploadVoice timeSinceLastUpload = 1275078
07-11 19:03:21.541   599   599 E SELinux : avc:  denied  { find } for pid=7093 uid=10181 name=tethering scontext=u:r:vendor_systemhelper_app:s0:c512,c768 tcontext=u:object_r:tethering_service:s0 tclass=service_manager permissive=0
07-11 19:03:21.727  1969  2406 D SlaveWifiManager: getWifiSlaveConnectionInfo
07-11 19:03:21.728  1969  2406 D SlaveWifiManager: getWifiSlaveConnectionInfo
07-11 19:03:21.730  2963  4300 D QCNEJ/WlanStaInfoRelay: Received action: android.net.wifi.RSSI_CHANGED
07-11 19:03:21.730  2687  2867 D NetworkController: onReceive: intent=Intent { act=android.net.wifi.RSSI_CHANGED flg=0x4000010 (has extras) }
07-11 19:03:21.732  1969  2395 D WifiScoreReportInjector: Fast switch not enabled
07-11 19:03:21.734  6950  7008 D VA_NetworkStateReceiver: sWifiStrengthLevel = 4
07-11 19:03:21.740  7150 12368 I SLAService: onCapabilitiesChanged name : WIFI
07-11 19:03:21.742   599   599 E SELinux : avc:  denied  { find } for pid=7093 uid=10181 name=tethering scontext=u:r:vendor_systemhelper_app:s0:c512,c768 tcontext=u:object_r:tethering_service:s0 tclass=service_manager permissive=0
07-11 19:03:21.749  1969  2393 I MiuiNetworkPolicy: bandwidth: 4 KB/s, Max bandwidth: 4357 KB/s
07-11 19:03:21.773  1000  1000 D CompositionEngine: writeOutputDependentGeometryStateToHWC layer[cn.missevan/cn.missevan.activity.MainActivity#0] set Z 134217728 miFodLayer 134217728
07-11 19:03:21.773  1000  1000 D CompositionEngine: writeOutputDependentGeometryStateToHWC layer[StatusBar#0] set Z 134217729 miFodLayer 134217728
07-11 19:03:21.773  1000  1000 D CompositionEngine: writeOutputDependentGeometryStateToHWC layer[RoundCorner#0] set Z 134217730 miFodLayer 134217728
07-11 19:03:21.773  1000  1000 D CompositionEngine: writeOutputDependentGeometryStateToHWC layer[RoundCorner#1] set Z 134217731 miFodLayer 134217728
07-11 19:03:21.804   908 12402 I vendor.qti.bluetooth@1.0-ibs_handler: ProcessIbsCmd: Received IBS_WAKE_IND: 0xFD
07-11 19:03:21.804   908 12402 D vendor.qti.bluetooth@1.0-ibs_handler: SerialClockVote: vote for UART CLK ON
07-11 19:03:21.805   908 12402 D vendor.qti.bluetooth@1.0-wake_lock: Acquire wakelock is acquired
07-11 19:03:21.805   908 12402 I vendor.qti.bluetooth@1.0-ibs_handler: ProcessIbsCmd: Writing IBS_WAKE_ACK
07-11 19:03:21.808 12146 12405 V bt_stack: [VERBOSE1:btm_ble_gap.cc(1924)] btm_ble_process_ext_adv_pkt: bda=d4:5e:ec:42:d1:94
07-11 19:03:21.808 12146 12405 V bt_stack: [VERBOSE1:btm_ble_gap.cc(1848)] btm_ble_process_adv_addr: bda=d4:5e:ec:42:d1:94
07-11 19:03:21.808 12146 12405 V bt_stack: [VERBOSE1:btm_ble_gap.cc(2058)]  Waiting for scan response d4:5e:ec:42:d1:94
07-11 19:03:21.886   908 12402 I vendor.qti.bluetooth@1.0-ibs_handler: ProcessIbsCmd: Received IBS_SLEEP_IND: 0xFE
07-11 19:03:21.886   908 12402 D vendor.qti.bluetooth@1.0-ibs_handler: SerialClockVote: vote for UART CLK OFF
07-11 19:03:21.944   599   599 E SELinux : avc:  denied  { find } for pid=7093 uid=10181 name=tethering scontext=u:r:vendor_systemhelper_app:s0:c512,c768 tcontext=u:object_r:tethering_service:s0 tclass=service_manager permissive=0
07-11 19:03:22.019 19301 19355 D WorkerThreadMonitor: Kill MSF check result[ senderSize:0,sendInterval:9157450,receiveInterval=8256409,addCmdCount=24
07-11 19:03:22.036   908 12312 D vendor.qti.bluetooth@1.0-wake_lock: Release wakelock is released
07-11 19:03:22.145   599   599 E SELinux : avc:  denied  { find } for pid=7093 uid=10181 name=tethering scontext=u:r:vendor_systemhelper_app:s0:c512,c768 tcontext=u:object_r:tethering_service:s0 tclass=service_manager permissive=0
07-11 19:03:22.346   599   599 I chatty  : uid=1000(system) /system/bin/servicemanager identical 1 line
07-11 19:03:22.547   599   599 E SELinux : avc:  denied  { find } for pid=7093 uid=10181 name=tethering scontext=u:r:vendor_systemhelper_app:s0:c512,c768 tcontext=u:object_r:tethering_service:s0 tclass=service_manager permissive=0
07-11 19:03:22.559   908 12402 I vendor.qti.bluetooth@1.0-ibs_handler: ProcessIbsCmd: Received IBS_WAKE_IND: 0xFD
07-11 19:03:22.559   908 12402 D vendor.qti.bluetooth@1.0-ibs_handler: SerialClockVote: vote for UART CLK ON
07-11 19:03:22.560   908 12402 D vendor.qti.bluetooth@1.0-wake_lock: Acquire wakelock is acquired
07-11 19:03:22.560   908 12402 I vendor.qti.bluetooth@1.0-ibs_handler: ProcessIbsCmd: Writing IBS_WAKE_ACK
07-11 19:03:22.562 12146 12405 V bt_stack: [VERBOSE1:btm_ble_gap.cc(1924)] btm_ble_process_ext_adv_pkt: bda=29:ee:55:83:ec:67
07-11 19:03:22.562 12146 12405 V bt_stack: [VERBOSE1:btm_ble_gap.cc(1848)] btm_ble_process_adv_addr: bda=29:ee:55:83:ec:67
07-11 19:03:22.562 12146 12405 V bt_stack: [VERBOSE1:btm_inq.cc(1019)] BTM_InqDbRead: bd addr 29:ee:55:83:ec:67
07-11 19:03:22.640   908 12402 I vendor.qti.bluetooth@1.0-ibs_handler: ProcessIbsCmd: Received IBS_SLEEP_IND: 0xFE
07-11 19:03:22.641   908 12402 D vendor.qti.bluetooth@1.0-ibs_handler: SerialClockVote: vote for UART CLK OFF
07-11 19:03:22.749   599   599 E SELinux : avc:  denied  { find } for pid=7093 uid=10181 name=tethering scontext=u:r:vendor_systemhelper_app:s0:c512,c768 tcontext=u:object_r:tethering_service:s0 tclass=service_manager permissive=0
07-11 19:03:22.791   908 12312 D vendor.qti.bluetooth@1.0-wake_lock: Release wakelock is released
07-11 19:03:22.877  1969  2166 D CompatibilityInfo: mCompatibilityFlags - 0
07-11 19:03:22.877  1969  2166 D CompatibilityInfo: applicationDensity - 440
07-11 19:03:22.877  1969  2166 D CompatibilityInfo: applicationScale - 1.0
07-11 19:03:22.950   599   599 E SELinux : avc:  denied  { find } for pid=7093 uid=10181 name=tethering scontext=u:r:vendor_systemhelper_app:s0:c512,c768 tcontext=u:object_r:tethering_service:s0 tclass=service_manager permissive=0
07-11 19:03:23.152   599   599 E SELinux : avc:  denied  { find } for pid=7093 uid=10181 name=tethering scontext=u:r:vendor_systemhelper_app:s0:c512,c768 tcontext=u:object_r:tethering_service:s0 tclass=service_manager permissive=0
07-11 19:03:23.205   908 12402 I vendor.qti.bluetooth@1.0-ibs_handler: ProcessIbsCmd: Received IBS_WAKE_IND: 0xFD
07-11 19:03:23.205   908 12402 D vendor.qti.bluetooth@1.0-ibs_handler: SerialClockVote: vote for UART CLK ON
07-11 19:03:23.206   908 12402 D vendor.qti.bluetooth@1.0-wake_lock: Acquire wakelock is acquired
07-11 19:03:23.206   908 12402 I vendor.qti.bluetooth@1.0-ibs_handler: ProcessIbsCmd: Writing IBS_WAKE_ACK
07-11 19:03:23.207 12146 12405 V bt_stack: [VERBOSE1:btm_ble_gap.cc(1924)] btm_ble_process_ext_adv_pkt: bda=7c:25:da:a1:a6:8e
07-11 19:03:23.208 12146 12405 V bt_stack: [VERBOSE1:btm_ble_gap.cc(1848)] btm_ble_process_adv_addr: bda=7c:25:da:a1:a6:8e
07-11 19:03:23.208 12146 12405 V bt_stack: [VERBOSE1:btm_inq.cc(1019)] BTM_InqDbRead: bd addr 7c:25:da:a1:a6:8e
07-11 19:03:23.215  3576 12463 E MiuiFastConnectService: check adv data not fast connect
07-11 19:03:23.286   908 12402 I vendor.qti.bluetooth@1.0-ibs_handler: ProcessIbsCmd: Received IBS_SLEEP_IND: 0xFE
07-11 19:03:23.287   908 12402 D vendor.qti.bluetooth@1.0-ibs_handler: SerialClockVote: vote for UART CLK OFF
07-11 19:03:23.353   599   599 E SELinux : avc:  denied  { find } for pid=7093 uid=10181 name=tethering scontext=u:r:vendor_systemhelper_app:s0:c512,c768 tcontext=u:object_r:tethering_service:s0 tclass=service_manager permissive=0
07-11 19:03:23.437   908 12312 D vendor.qti.bluetooth@1.0-wake_lock: Release wakelock is released
07-11 19:03:23.490  8272  8306 I appium  : channel read: POST /wd/hub/session/5e044f32-e40a-4544-ab9e-51d6ec27d520/element
07-11 19:03:23.492  8272  8306 I appium  : FindElement command
07-11 19:03:23.496  8272  8306 I appium  : method: 'id', selector: 'cn.missevan:id/title'
07-11 19:03:23.499  8272  8306 I appium  : Waiting up to 10000ms for the device to idle
07-11 19:03:23.554   599   599 E SELinux : avc:  denied  { find } for pid=7093 uid=10181 name=tethering scontext=u:r:vendor_systemhelper_app:s0:c512,c768 tcontext=u:object_r:tethering_service:s0 tclass=service_manager permissive=0
07-11 19:03:23.614  8272  8306 W tomator2.serve: Accessing hidden field Landroid/view/accessibility/AccessibilityNodeInfo;->mSourceNodeId:J (greylist, reflection, allowed)
07-11 19:03:23.622  8272  8306 I appium  : AppiumResponse: {"sessionId":"5e044f32-e40a-4544-ab9e-51d6ec27d520","value":{"ELEMENT":"00000000-0000-10c2-ffff-ffff000003aa","element-6066-11e4-a52e-4f735466cecf":"00000000-0000-10c2-ffff-ffff000003aa"}}
07-11 19:03:23.663  8272  8306 I appium  : channel read: POST /wd/hub/session/5e044f32-e40a-4544-ab9e-51d6ec27d520/element/00000000-0000-10c2-ffff-ffff000003aa/click
07-11 19:03:23.666  8272  8306 I appium  : Click command
07-11 19:03:23.698  1000  1000 D CompositionEngine: writeOutputDependentGeometryStateToHWC layer[cn.missevan/cn.missevan.activity.MainActivity#0] set Z 134217728 miFodLayer 134217728
07-11 19:03:23.698  1000  1000 D CompositionEngine: writeOutputDependentGeometryStateToHWC layer[StatusBar#0] set Z 134217729 miFodLayer 134217728
07-11 19:03:23.698  1000  1000 D CompositionEngine: writeOutputDependentGeometryStateToHWC layer[RoundCorner#0] set Z 134217730 miFodLayer 134217728
07-11 19:03:23.698  1000  1000 D CompositionEngine: writeOutputDependentGeometryStateToHWC layer[RoundCorner#1] set Z 134217731 miFodLayer 134217728
07-11 19:03:23.698  1969  2373 W InputDispatcher: checkSynergyInfo mode:0 info:0 0, id:-1
07-11 19:03:23.699  1969  2373 D MIUIInput: [MotionEvent] publisher action=0x0, 534395367, channel 'a666a8b cn.missevan/cn.missevan.activity.MainActivity (server)'
07-11 19:03:23.700  7217  7217 D MIUIInput: [MotionEvent] ViewRootImpl { action=ACTION_DOWN, id[0]=0, pointerCount=1, eventTime=534395367, downTime=534395366 } moveCount:0
07-11 19:03:23.705  1969  2373 W InputDispatcher: checkSynergyInfo mode:0 info:0 0, id:-1
07-11 19:03:23.705  1969  2373 D MIUIInput: [MotionEvent] publisher action=0x1, 534395367, channel 'a666a8b cn.missevan/cn.missevan.activity.MainActivity (server)'
07-11 19:03:23.712  7217  7217 D MIUIInput: [MotionEvent] ViewRootImpl { action=ACTION_UP, id[0]=0, pointerCount=1, eventTime=534395367, downTime=534395366 } moveCount:0
07-11 19:03:23.729  1000  1000 D CompositionEngine: writeOutputDependentGeometryStateToHWC layer[cn.missevan/cn.missevan.activity.MainActivity#0] set Z 134217728 miFodLayer 134217728
07-11 19:03:23.729  1000  1000 D CompositionEngine: writeOutputDependentGeometryStateToHWC layer[StatusBar#0] set Z 134217729 miFodLayer 134217728
07-11 19:03:23.729  1000  1000 D CompositionEngine: writeOutputDependentGeometryStateToHWC layer[RoundCorner#0] set Z 134217730 miFodLayer 134217728
07-11 19:03:23.729  1000  1000 D CompositionEngine: writeOutputDependentGeometryStateToHWC layer[RoundCorner#1] set Z 134217731 miFodLayer 134217728
07-11 19:03:23.731  8272  8306 I appium  : Waiting up to 10000ms for the device to idle
07-11 19:03:23.755   599   599 E SELinux : avc:  denied  { find } for pid=7093 uid=10181 name=tethering scontext=u:r:vendor_systemhelper_app:s0:c512,c768 tcontext=u:object_r:tethering_service:s0 tclass=service_manager permissive=0
07-11 19:03:23.797  7217  7217 D DecorView[MainActivity]: getWindowModeFromSystem  windowmode is 1
07-11 19:03:23.799  2687  2687 D StatusBar: disable<e i a s b h r c s > disable2<q i n >
07-11 19:03:23.800  2687  2687 D StatusBar: disable<e i a s b h r c s > disable2<q i n >
07-11 19:03:23.802  7217  7217 W RecyclerView: No adapter attached; skipping layout
07-11 19:03:23.818  1000  1000 D CompositionEngine: writeOutputDependentGeometryStateToHWC layer[cn.missevan/cn.missevan.activity.MainActivity#0] set Z 134217728 miFodLayer 134217728
07-11 19:03:23.818  1000  1000 D CompositionEngine: writeOutputDependentGeometryStateToHWC layer[StatusBar#0] set Z 134217729 miFodLayer 134217728
07-11 19:03:23.818  1000  1000 D CompositionEngine: writeOutputDependentGeometryStateToHWC layer[RoundCorner#0] set Z 134217730 miFodLayer 134217728
07-11 19:03:23.818  1000  1000 D CompositionEngine: writeOutputDependentGeometryStateToHWC layer[RoundCorner#1] set Z 134217731 miFodLayer 134217728
07-11 19:03:23.822   908 12402 I vendor.qti.bluetooth@1.0-ibs_handler: ProcessIbsCmd: Received IBS_WAKE_IND: 0xFD
07-11 19:03:23.822   908 12402 D vendor.qti.bluetooth@1.0-ibs_handler: SerialClockVote: vote for UART CLK ON
07-11 19:03:23.823   908 12402 D vendor.qti.bluetooth@1.0-wake_lock: Acquire wakelock is acquired
07-11 19:03:23.823   908 12402 I vendor.qti.bluetooth@1.0-ibs_handler: ProcessIbsCmd: Writing IBS_WAKE_ACK
07-11 19:03:23.824 12146 12405 V bt_stack: [VERBOSE1:btm_ble_gap.cc(1924)] btm_ble_process_ext_adv_pkt: bda=7c:25:da:a1:a6:8e
07-11 19:03:23.824 12146 12405 V bt_stack: [VERBOSE1:btm_ble_gap.cc(1848)] btm_ble_process_adv_addr: bda=7c:25:da:a1:a6:8e
07-11 19:03:23.824 12146 12405 V bt_stack: [VERBOSE1:btm_inq.cc(1019)] BTM_InqDbRead: bd addr 7c:25:da:a1:a6:8e
07-11 19:03:23.825  3576 12463 E MiuiFastConnectService: check adv data not fast connect
07-11 19:03:23.903   908 12402 I vendor.qti.bluetooth@1.0-ibs_handler: ProcessIbsCmd: Received IBS_SLEEP_IND: 0xFE
07-11 19:03:23.904   908 12402 D vendor.qti.bluetooth@1.0-ibs_handler: SerialClockVote: vote for UART CLK OFF
07-11 19:03:23.956   599   599 E SELinux : avc:  denied  { find } for pid=7093 uid=10181 name=tethering scontext=u:r:vendor_systemhelper_app:s0:c512,c768 tcontext=u:object_r:tethering_service:s0 tclass=service_manager permissive=0
07-11 19:03:24.054   908 12312 D vendor.qti.bluetooth@1.0-wake_lock: Release wakelock is released
07-11 19:03:24.142  7687  7687 I PowerKeeperBackgroundService: onStartCommand()
07-11 19:03:24.142  7687  7687 I PowerKeeperService: onAlarm
07-11 19:03:24.150  1288  1288 E wificond: Skip scan ssid for single scan: {}
07-11 19:03:24.150  1288  1288 E wificond: scan() freq: {}
07-11 19:03:24.150  1288  1288 E wificond: scan() ssid:
07-11 19:03:24.150  1288  1288 E wificond: scan() type: 2, random_mac: 0
07-11 19:03:24.157   599   599 E SELinux : avc:  denied  { find } for pid=7093 uid=10181 name=tethering scontext=u:r:vendor_systemhelper_app:s0:c512,c768 tcontext=u:object_r:tethering_service:s0 tclass=service_manager permissive=0
07-11 19:03:24.181  7217  7217 W RecyclerView: RecyclerView does not support scrolling to an absolute position. Use scrollToPosition instead
07-11 19:03:24.182  7217  7818 D RenderScript HIDL Adaptation: IRenderScriptDevice::getService()
07-11 19:03:24.183   600   600 I hwservicemanager: getTransport: Cannot find entry android.hardware.renderscript@1.0::IDevice/default in either framework or device manifest.
07-11 19:03:24.183  7217  7818 D RenderScript HIDL Adaptation: IRenderScriptDevice::getService() returned 0x0
07-11 19:03:24.183  7217  7818 D RenderScript HIDL Adaptation: Using Fallback Path.
07-11 19:03:24.189  7217  7818 D cn.missevan: Successfully queried cache dir: /data/user_de/0/cn.missevan/code_cache
07-11 19:03:24.189  7217  7818 D RenderScript: Setting cache dir: /data/user_de/0/cn.missevan/code_cache
07-11 19:03:24.357   599   599 E SELinux : avc:  denied  { find } for pid=7093 uid=10181 name=tethering scontext=u:r:vendor_systemhelper_app:s0:c512,c768 tcontext=u:object_r:tethering_service:s0 tclass=service_manager permissive=0
07-11 19:03:24.490   908 12402 I vendor.qti.bluetooth@1.0-ibs_handler: ProcessIbsCmd: Received IBS_WAKE_IND: 0xFD
07-11 19:03:24.490   908 12402 D vendor.qti.bluetooth@1.0-ibs_handler: SerialClockVote: vote for UART CLK ON
07-11 19:03:24.491   908 12402 D vendor.qti.bluetooth@1.0-wake_lock: Acquire wakelock is acquired
07-11 19:03:24.491   908 12402 I vendor.qti.bluetooth@1.0-ibs_handler: ProcessIbsCmd: Writing IBS_WAKE_ACK
07-11 19:03:24.492 12146 12405 V bt_stack: [VERBOSE1:btm_ble_gap.cc(1924)] btm_ble_process_ext_adv_pkt: bda=30:c3:07:39:04:0f
07-11 19:03:24.492 12146 12405 V bt_stack: [VERBOSE1:btm_ble_gap.cc(1848)] btm_ble_process_adv_addr: bda=30:c3:07:39:04:0f
07-11 19:03:24.492 12146 12405 V bt_stack: [VERBOSE1:btm_inq.cc(1019)] BTM_InqDbRead: bd addr 30:c3:07:39:04:0f
07-11 19:03:24.492 12146 12405 V bt_stack: [VERBOSE1:btm_ble_gap.cc(1924)] btm_ble_process_ext_adv_pkt: bda=c8:28:32:16:78:36
07-11 19:03:24.492 12146 12405 V bt_stack: [VERBOSE1:btm_ble_gap.cc(1848)] btm_ble_process_adv_addr: bda=c8:28:32:16:78:36
07-11 19:03:24.492 12146 12405 V bt_stack: [VERBOSE1:btm_inq.cc(1019)] BTM_InqDbRead: bd addr c8:28:32:16:78:36
07-11 19:03:24.498  3576 12463 E MiuiFastConnectService: check adv data not fast connect
07-11 19:03:24.527  2687  2687 D KeyguardUpdateMonitor: received broadcast android.intent.action.BATTERY_CHANGED
07-11 19:03:24.527  2687  2687 D BatteryController: onReceive: Intent = Intent { act=android.intent.action.BATTERY_CHANGED flg=0x60000010 (has extras) } action = android.intent.action.BATTERY_CHANGED
07-11 19:03:24.528  2878  2878 D QtiCarrierConfigHelper: WARNING, no carrier configs on phone Id: 0
07-11 19:03:24.528  2988  2988 D NetworkSpeedTracker: receive actionandroid.intent.action.BATTERY_CHANGED
07-11 19:03:24.528  2988  2988 D NetworkSpeedTracker: onReceive ACTION_BATTERY_CHANGED mBatteryLevel = 100;mIsCharging =true
07-11 19:03:24.529  7437  7437 I BatteryInfoReceiver: ACTION_BATTERY_CHANGED
07-11 19:03:24.533  6950  6950 D VA_UploadVoiceJobService: uploadVoiceDatas onReceive time cost : 0
07-11 19:03:24.533  7687  7759 D PowerCheckerService: onBatteryChanged, mBatteryLevel = 100, status = 5, level = 100, plug = 2, scale = 100
07-11 19:03:24.533  7687  7722 D PowerKeeper.FrozenApp: onBatteryChanged plug=true mBatteryPlugged=2
07-11 19:03:24.534  6950  7153 D VA_UploadVoiceJobService: needUploadVoice timeSinceLastUpload = 1278128
07-11 19:03:24.534  2951  2951 D DeviceStatisticsService: chargerType=2 batteryLevel=100 totalBatteryCapacity=4296900
07-11 19:03:24.534  2951  2951 D DeviceInfoHidlClient: getPowerInfoSupportStatus()=-1
07-11 19:03:24.559   599   599 E SELinux : avc:  denied  { find } for pid=7093 uid=10181 name=tethering scontext=u:r:vendor_systemhelper_app:s0:c512,c768 tcontext=u:object_r:tethering_service:s0 tclass=service_manager permissive=0
07-11 19:03:24.571   908 12402 I vendor.qti.bluetooth@1.0-ibs_handler: ProcessIbsCmd: Received IBS_SLEEP_IND: 0xFE
07-11 19:03:24.571   908 12402 D vendor.qti.bluetooth@1.0-ibs_handler: SerialClockVote: vote for UART CLK OFF
07-11 19:03:24.706   910  2332 E CamX    : [ERROR][NCS    ] camxncsservice.cpp:594 EnqueueJob() Can not enqueue jobs when thread is stopped
07-11 19:03:24.706   910  2332 W CamX    : [ WARN][NCS    ] camxncsintfqsee.cpp:2263 FillSensorData() Buffer queue for sensor 7 has been freed: bufh=0x0, bufsize=1248, stride=4
07-11 19:03:24.708   969  1771 D DisplayFeatureHal: HandleSunlightScreen enter modeId 0, cookie = 0
07-11 19:03:24.708   969  1771 D DisplayFeatureHal: HandleSunlightScreen exit ret -1
07-11 19:03:24.722   908 12312 D vendor.qti.bluetooth@1.0-wake_lock: Release wakelock is released
07-11 19:03:24.742  1969  2395 D WifiScoreReportInjector: Fast switch not enabled
07-11 19:03:24.752  1969  2393 I MiuiNetworkPolicy: bandwidth: 4 KB/s, Max bandwidth: 4357 KB/s
07-11 19:03:24.753  8272  8306 I appium  : AppiumResponse: {"sessionId":"5e044f32-e40a-4544-ab9e-51d6ec27d520","value":null}
07-11 19:03:24.760   599   599 E SELinux : avc:  denied  { find } for pid=7093 uid=10181 name=tethering scontext=u:r:vendor_systemhelper_app:s0:c512,c768 tcontext=u:object_r:tethering_service:s0 tclass=service_manager permissive=0
07-11 19:03:24.838  8272  8306 I appium  : channel read: POST /wd/hub/session/5e044f32-e40a-4544-ab9e-51d6ec27d520/element
07-11 19:03:24.840  8272  8306 I appium  : FindElement command
07-11 19:03:24.843  8272  8306 I appium  : method: 'id', selector: 'cn.missevan:id/title'
07-11 19:03:24.843  8272  8306 I appium  : Waiting up to 10000ms for the device to idle
07-11 19:03:24.901  8272  8306 I appium  : AppiumResponse: {"sessionId":"5e044f32-e40a-4544-ab9e-51d6ec27d520","value":{"ELEMENT":"00000000-0000-10c2-ffff-ffff00000612","element-6066-11e4-a52e-4f735466cecf":"00000000-0000-10c2-ffff-ffff00000612"}}
07-11 19:03:24.942  8272  8306 I appium  : channel read: GET /wd/hub/session/5e044f32-e40a-4544-ab9e-51d6ec27d520/element/00000000-0000-10c2-ffff-ffff00000612/text
07-11 19:03:24.944  8272  8306 I appium  : GetText command
07-11 19:03:24.956  8272  8306 I appium  : AppiumResponse: {"sessionId":"5e044f32-e40a-4544-ab9e-51d6ec27d520","value":"已完结"}
07-11 19:03:24.961   599   599 E SELinux : avc:  denied  { find } for pid=7093 uid=10181 name=tethering scontext=u:r:vendor_systemhelper_app:s0:c512,c768 tcontext=u:object_r:tethering_service:s0 tclass=service_manager permissive=0
07-11 19:03:24.973  8272  8306 I appium  : channel read: GET /wd/hub/session/5e044f32-e40a-4544-ab9e-51d6ec27d520/screenshot
07-11 19:03:24.976  8272  8306 I appium  : CaptureScreenshot command
07-11 19:03:25.162   599   599 E SELinux : avc:  denied  { find } for pid=7093 uid=10181 name=tethering scontext=u:r:vendor_systemhelper_app:s0:c512,c768 tcontext=u:object_r:tethering_service:s0 tclass=service_manager permissive=0
07-11 19:03:25.338  8272  8306 I appium  : AppiumResponse: {"sessionId":"5e044f32-e40a-4544-ab9e-51d6ec27d520","value":"iVBORw0KGgoAAAANSUhEUgAABDgAAAkkCAYAAAD508+vAAAAAXNSR0IArs4c6QAAAARzQklUCAgI\nCHwIZIgAACAASURBVHic7F13YBzFvf7mrHaSqyRjXCRR3CuuuGLTDaEHY4LBNoTQAgk1/ZG8JI+8\nQIIhj2KSAKYbMAZMMdgUG3cb3Jvkbknuki3bKla5fX/s7d2WmZ2yeyeJ7JcY3e7+ysyWKd/8Zoas\n2fmdB…
07-11 19:03:25.363   599   599 E SELinux : avc:  denied  { find } for pid=7093 uid=10181 name=tethering scontext=u:r:vendor_systemhelper_app:s0:c512,c768 tcontext=u:object_r:tethering_service:s0 tclass=service_manager permissive=0
07-11 19:03:25.565   599   599 E SELinux : avc:  denied  { find } for pid=7093 uid=10181 name=tethering scontext=u:r:vendor_systemhelper_app:s0:c512,c768 tcontext=u:object_r:tethering_service:s0 tclass=service_manager permissive=0
07-11 19:03:25.632  1969  8379 D WifiNl80211Manager: Scan result ready event
07-11 19:03:25.632  1969  8379 D WifiNative: Scan result ready event
07-11 19:03:25.635  1456 28561 I LOWI-9.0.0.55: [LOWI-Scan] lowi_close_record:Scan done in 1048923123ms, 45 APs in scan results
07-11 19:03:25.669  1969  8379 E WifiService: Permission violation - getScanResults not allowed for uid=10074, packageName=com.miui.personalassistant, reason=java.lang.SecurityException: UID 10074 has no location permission
07-11 19:03:25.669 28706 28762 W WifiMonitor: available wifis has none
07-11 19:03:25.669 28706 28762 W WifiMonitor: getScanResults has none
07-11 19:03:25.706  1969  2517 E AppScanObserverService: Result available, null observers for user: 0
07-11 19:03:25.767   599   599 E SELinux : avc:  denied  { find } for pid=7093 uid=10181 name=tethering scontext=u:r:vendor_systemhelper_app:s0:c512,c768 tcontext=u:object_r:tethering_service:s0 tclass=service_manager permissive=0
07-11 19:03:25.866   908 12402 I vendor.qti.bluetooth@1.0-ibs_handler: ProcessIbsCmd: Received IBS_WAKE_IND: 0xFD
07-11 19:03:25.866   908 12402 D vendor.qti.bluetooth@1.0-ibs_handler: SerialClockVote: vote for UART CLK ON
07-11 19:03:25.867   908 12402 D vendor.qti.bluetooth@1.0-wake_lock: Acquire wakelock is acquired
07-11 19:03:25.867   908 12402 I vendor.qti.bluetooth@1.0-ibs_handler: ProcessIbsCmd: Writing IBS_WAKE_ACK
07-11 19:03:25.869 12146 12405 V bt_stack: [VERBOSE1:btm_ble_gap.cc(1924)] btm_ble_process_ext_adv_pkt: bda=7c:25:da:a1:a6:8e
07-11 19:03:25.870 12146 12405 V bt_stack: [VERBOSE1:btm_ble_gap.cc(1848)] btm_ble_process_adv_addr: bda=7c:25:da:a1:a6:8e
07-11 19:03:25.870 12146 12405 V bt_stack: [VERBOSE1:btm_inq.cc(1019)] BTM_InqDbRead: bd addr 7c:25:da:a1:a6:8e
07-11 19:03:25.870 12146 12405 V bt_stack: [VERBOSE1:btm_ble_gap.cc(1924)] btm_ble_process_ext_adv_pkt: bda=30:c3:07:39:04:0f
07-11 19:03:25.870 12146 12405 V bt_stack: [VERBOSE1:btm_ble_gap.cc(1848)] btm_ble_process_adv_addr: bda=30:c3:07:39:04:0f
07-11 19:03:25.870 12146 12405 V bt_stack: [VERBOSE1:btm_inq.cc(1019)] BTM_InqDbRead: bd addr 30:c3:07:39:04:0f
07-11 19:03:25.871 12146 12405 V bt_stack: [VERBOSE1:btm_ble_gap.cc(1924)] btm_ble_process_ext_adv_pkt: bda=d4:5e:ec:42:d1:94
07-11 19:03:25.871 12146 12405 V bt_stack: [VERBOSE1:btm_ble_gap.cc(1848)] btm_ble_process_adv_addr: bda=d4:5e:ec:42:d1:94
07-11 19:03:25.871 12146 12405 V bt_stack: [VERBOSE1:btm_ble_gap.cc(2058)]  Waiting for scan response d4:5e:ec:42:d1:94
07-11 19:03:25.871 12146 12405 V bt_stack: [VERBOSE1:btm_ble_gap.cc(1924)] btm_ble_process_ext_adv_pkt: bda=d4:5e:ec:42:d1:94
07-11 19:03:25.871 12146 12405 V bt_stack: [VERBOSE1:btm_ble_gap.cc(1848)] btm_ble_process_adv_addr: bda=d4:5e:ec:42:d1:94
07-11 19:03:25.871 12146 12405 V bt_stack: [VERBOSE1:btm_inq.cc(1019)] BTM_InqDbRead: bd addr d4:5e:ec:42:d1:94
07-11 19:03:25.871 12146 12405 V bt_stack: [VERBOSE1:btm_ble_gap.cc(1924)] btm_ble_process_ext_adv_pkt: bda=d4:5e:ec:42:d1:94
07-11 19:03:25.871 12146 12405 V bt_stack: [VERBOSE1:btm_ble_gap.cc(1848)] btm_ble_process_adv_addr: bda=d4:5e:ec:42:d1:94
07-11 19:03:25.871 12146 12405 V bt_stack: [VERBOSE1:btm_ble_gap.cc(2058)]  Waiting for scan response d4:5e:ec:42:d1:94
07-11 19:03:25.871 12146 12405 V bt_stack: [VERBOSE1:btm_ble_gap.cc(1924)] btm_ble_process_ext_adv_pkt: bda=d4:5e:ec:42:d1:94
07-11 19:03:25.871 12146 12405 V bt_stack: [VERBOSE1:btm_ble_gap.cc(1848)] btm_ble_process_adv_addr: bda=d4:5e:ec:42:d1:94
07-11 19:03:25.871 12146 12405 V bt_stack: [VERBOSE1:btm_inq.cc(1019)] BTM_InqDbRead: bd addr d4:5e:ec:42:d1:94
07-11 19:03:25.875  3576 12463 E MiuiFastConnectService: check adv data not fast connect
07-11 19:03:25.879  3576 12463 E MiuiFastConnectService: check adv data not fast connect
07-11 19:03:25.879  3576 12463 D MiuiNearbyService: getNearbyService() - returning com.android.bluetooth.ble.app.MiuiNearbyService@99639a
07-11 19:03:25.880  8006  8935 E IDM-BleBackGround: MiConnect EndPoint found
07-11 19:03:25.884  3576 12463 D MiuiMiHomeConnectController: getDeviceTimes
07-11 19:03:25.885  3576 12463 D MiuiMiHomeConnectController: result.getRssi = -6900:00:00:42:D1:94
07-11 19:03:25.888  3576 12463 D MiuiMiHomeDownloadManager: check local file : null
07-11 19:03:25.888  3576 12463 D MiuiMiHomeDownloadManager: device: 41646    return rssiNum: -50
07-11 19:03:25.888  3576 12463 D MiuiMiHomeConnectController: rssi num is not fit cloud data
07-11 19:03:25.949   908 12402 I vendor.qti.bluetooth@1.0-ibs_handler: ProcessIbsCmd: Received IBS_SLEEP_IND: 0xFE
07-11 19:03:25.949   908 12402 D vendor.qti.bluetooth@1.0-ibs_handler: SerialClockVote: vote for UART CLK OFF
07-11 19:03:25.968   599   599 E SELinux : avc:  denied  { find } for pid=7093 uid=10181 name=tethering scontext=u:r:vendor_systemhelper_app:s0:c512,c768 tcontext=u:object_r:tethering_service:s0 tclass=service_manager permissive=0
07-11 19:03:26.048 19301 19499 I SocketReaderNewtrue: SocketReader(12480) continue
07-11 19:03:26.048 19301 19499 D MSF.C.NetConnTag.true: MsfCoreSocketReaderNew closeConn socketEngineID: 0 socket hashcode: 0 for reason: readError
07-11 19:03:26.049 19301 19499 E MSF.C.NetConnTag.true: conn is already closed on readError closeConn socketEngineID: 0 socket hashcode: 0java.lang.Throwable
07-11 19:03:26.049 19301 19499 E MSF.C.NetConnTag.true: 	at com.tencent.mobileqq.msf.core.net.m.b(P:27)
07-11 19:03:26.049 19301 19499 E MSF.C.NetConnTag.true: 	at com.tencent.mobileqq.msf.core.net.m$b.run(P:24)
07-11 19:03:26.049 19301 19499 E SocketReaderNewtrue: socketEngine: 0socket hashCode: 0SocketReader(12480) errorjava.net.SocketException: Socket is closed
07-11 19:03:26.049 19301 19499 I SocketReaderNewtrue: SocketReader(12480) wait
07-11 19:03:26.099   908 12312 D vendor.qti.bluetooth@1.0-wake_lock: Release wakelock is released
07-11 19:03:26.169   599   599 E SELinux : avc:  denied  { find } for pid=7093 uid=10181 name=tethering scontext=u:r:vendor_systemhelper_app:s0:c512,c768 tcontext=u:object_r:tethering_service:s0 tclass=service_manager permissive=0
07-11 19:03:26.370   599   599 E SELinux : avc:  denied  { find } for pid=7093 uid=10181 name=tethering scontext=u:r:vendor_systemhelper_app:s0:c512,c768 tcontext=u:object_r:tethering_service:s0 tclass=service_manager permissive=0
07-11 19:03:26.424   908 12402 I vendor.qti.bluetooth@1.0-ibs_handler: ProcessIbsCmd: Received IBS_WAKE_IND: 0xFD
07-11 19:03:26.424   908 12402 D vendor.qti.bluetooth@1.0-ibs_handler: SerialClockVote: vote for UART CLK ON
07-11 19:03:26.425   908 12402 D vendor.qti.bluetooth@1.0-wake_lock: Acquire wakelock is acquired
07-11 19:03:26.425   908 12402 I vendor.qti.bluetooth@1.0-ibs_handler: ProcessIbsCmd: Writing IBS_WAKE_ACK
07-11 19:03:26.428 12146 12405 V bt_stack: [VERBOSE1:btm_ble_gap.cc(1924)] btm_ble_process_ext_adv_pkt: bda=30:c3:07:39:04:0f
07-11 19:03:26.428 12146 12405 V bt_stack: [VERBOSE1:btm_ble_gap.cc(1848)] btm_ble_process_adv_addr: bda=30:c3:07:39:04:0f
07-11 19:03:26.428 12146 12405 V bt_stack: [VERBOSE1:btm_inq.cc(1019)] BTM_InqDbRead: bd addr 30:c3:07:39:04:0f
07-11 19:03:26.428 12146 12405 V bt_stack: [VERBOSE1:btm_ble_gap.cc(1924)] btm_ble_process_ext_adv_pkt: bda=d4:5e:ec:42:d1:94
07-11 19:03:26.428 12146 12405 V bt_stack: [VERBOSE1:btm_ble_gap.cc(1848)] btm_ble_process_adv_addr: bda=d4:5e:ec:42:d1:94
07-11 19:03:26.428 12146 12405 V bt_stack: [VERBOSE1:btm_ble_gap.cc(2058)]  Waiting for scan response d4:5e:ec:42:d1:94
07-11 19:03:26.428 12146 12405 V bt_stack: [VERBOSE1:btm_ble_gap.cc(1924)] btm_ble_process_ext_adv_pkt: bda=d4:5e:ec:42:d1:94
07-11 19:03:26.428 12146 12405 V bt_stack: [VERBOSE1:btm_ble_gap.cc(1848)] btm_ble_process_adv_addr: bda=d4:5e:ec:42:d1:94
07-11 19:03:26.428 12146 12405 V bt_stack: [VERBOSE1:btm_inq.cc(1019)] BTM_InqDbRead: bd addr d4:5e:ec:42:d1:94
07-11 19:03:26.431 12146 12405 V bt_stack: [VERBOSE1:btm_ble_gap.cc(1924)] btm_ble_process_ext_adv_pkt: bda=c8:28:32:16:78:36
07-11 19:03:26.431 12146 12405 V bt_stack: [VERBOSE1:btm_ble_gap.cc(1848)] btm_ble_process_adv_addr: bda=c8:28:32:16:78:36
07-11 19:03:26.432 12146 12405 V bt_stack: [VERBOSE1:btm_ble_gap.cc(2058)]  Waiting for scan response c8:28:32:16:78:36
07-11 19:03:26.432 12146 12405 V bt_stack: [VERBOSE1:btm_ble_gap.cc(1924)] btm_ble_process_ext_adv_pkt: bda=c8:28:32:16:78:36
07-11 19:03:26.432 12146 12405 V bt_stack: [VERBOSE1:btm_ble_gap.cc(1848)] btm_ble_process_adv_addr: bda=c8:28:32:16:78:36
07-11 19:03:26.432 12146 12405 V bt_stack: [VERBOSE1:btm_inq.cc(1019)] BTM_InqDbRead: bd addr c8:28:32:16:78:36
07-11 19:03:26.439  3576 12463 D MiuiMiHomeConnectController: getDeviceTimes
07-11 19:03:26.440  3576 12463 D MiuiMiHomeConnectController: result.getRssi = -7100:00:00:42:D1:94
07-11 19:03:26.442  3576 12463 D MiuiMiHomeDownloadManager: check local file : null
07-11 19:03:26.442  3576 12463 D MiuiMiHomeDownloadManager: device: 41646    return rssiNum: -50
07-11 19:03:26.442  3576 12463 D MiuiMiHomeConnectController: rssi num is not fit cloud data
07-11 19:03:26.442  3576 12463 E MiuiFastConnectService: check adv data not fast connect
07-11 19:03:26.442  3576 12463 D MiuiNearbyService: getNearbyService() - returning com.android.bluetooth.ble.app.MiuiNearbyService@99639a
07-11 19:03:26.444  8006  8935 E IDM-BleBackGround: MiConnect EndPoint found
07-11 19:03:26.507   908 12402 I vendor.qti.bluetooth@1.0-ibs_handler: ProcessIbsCmd: Received IBS_SLEEP_IND: 0xFE
07-11 19:03:26.507   908 12402 D vendor.qti.bluetooth@1.0-ibs_handler: SerialClockVote: vote for UART CLK OFF
07-11 19:03:26.571   599   599 E SELinux : avc:  denied  { find } for pid=7093 uid=10181 name=tethering scontext=u:r:vendor_systemhelper_app:s0:c512,c768 tcontext=u:object_r:tethering_service:s0 tclass=service_manager permissive=0
07-11 19:03:26.657   908 12312 D vendor.qti.bluetooth@1.0-wake_lock: Release wakelock is released
07-11 19:03:26.772   599   599 E SELinux : avc:  denied  { find } for pid=7093 uid=10181 name=tethering scontext=u:r:vendor_systemhelper_app:s0:c512,c768 tcontext=u:object_r:tethering_service:s0 tclass=service_manager permissive=0
07-11 19:03:27.374   599   599 I chatty  : uid=1000(system) /system/bin/servicemanager identical 3 lines
07-11 19:03:27.575   599   599 E SELinux : avc:  denied  { find } for pid=7093 uid=10181 name=tethering scontext=u:r:vendor_systemhelper_app:s0:c512,c768 tcontext=u:object_r:tethering_service:s0 tclass=service_manager permissive=0
07-11 19:03:27.756  1969  2393 I MiuiNetworkPolicy: bandwidth: 5 KB/s, Max bandwidth: 4357 KB/s
07-11 19:03:27.757  1969  2406 D SlaveWifiManager: getWifiSlaveConnectionInfo
07-11 19:03:27.757  1969  2406 D SlaveWifiManager: getWifiSlaveConnectionInfo
07-11 19:03:27.758  1969  2395 D WifiScoreReportInjector: Fast switch not enabled
07-11 19:03:27.763  2963  4300 D QCNEJ/WlanStaInfoRelay: Received action: android.net.wifi.RSSI_CHANGED
07-11 19:03:27.765  2687  2867 D NetworkController: onReceive: intent=Intent { act=android.net.wifi.RSSI_CHANGED flg=0x4000010 (has extras) }
07-11 19:03:27.771  6950  7008 D VA_NetworkStateReceiver: sWifiStrengthLevel = 3
07-11 19:03:27.774  7150 12368 I SLAService: onCapabilitiesChanged name : WIFI
07-11 19:03:27.776   599   599 E SELinux : avc:  denied  { find } for pid=7093 uid=10181 name=tethering scontext=u:r:vendor_systemhelper_app:s0:c512,c768 tcontext=u:object_r:tethering_service:s0 tclass=service_manager permissive=0
07-11 19:03:27.808  1000  1000 D CompositionEngine: writeOutputDependentGeometryStateToHWC layer[cn.missevan/cn.missevan.activity.MainActivity#0] set Z 134217728 miFodLayer 134217728
07-11 19:03:27.808  1000  1000 D CompositionEngine: writeOutputDependentGeometryStateToHWC layer[StatusBar#0] set Z 134217729 miFodLayer 134217728
07-11 19:03:27.808  1000  1000 D CompositionEngine: writeOutputDependentGeometryStateToHWC layer[RoundCorner#0] set Z 134217730 miFodLayer 134217728
07-11 19:03:27.808  1000  1000 D CompositionEngine: writeOutputDependentGeometryStateToHWC layer[RoundCorner#1] set Z 134217731 miFodLayer 134217728
07-11 19:03:27.826   910  2332 E CamX    : [ERROR][NCS    ] camxncsservice.cpp:594 EnqueueJob() Can not enqueue jobs when thread is stopped
07-11 19:03:27.826   910  2332 W CamX    : [ WARN][NCS    ] camxncsintfqsee.cpp:2263 FillSensorData() Buffer queue for sensor 7 has been freed: bufh=0x0, bufsize=1248, stride=4
07-11 19:03:27.828   969  1771 D DisplayFeatureHal: HandleSunlightScreen enter modeId 0, cookie = 0
07-11 19:03:27.828   969  1771 D DisplayFeatureHal: HandleSunlightScreen exit ret -1
07-11 19:03:27.977   599   599 E SELinux : avc:  denied  { find } for pid=7093 uid=10181 name=tethering scontext=u:r:vendor_systemhelper_app:s0:c512,c768 tcontext=u:object_r:tethering_service:s0 tclass=service_manager permissive=0
07-11 19:03:28.036   910  2332 E CamX    : [ERROR][NCS    ] camxncsservice.cpp:594 EnqueueJob() Can not enqueue jobs when thread is stopped
07-11 19:03:28.036   910  2332 W CamX    : [ WARN][NCS    ] camxncsintfqsee.cpp:2263 FillSensorData() Buffer queue for sensor 7 has been freed: bufh=0x0, bufsize=1248, stride=4
07-11 19:03:28.038   969  1771 D DisplayFeatureHal: HandleSunlightScreen enter modeId 0, cookie = 0
07-11 19:03:28.038   969  1771 D DisplayFeatureHal: HandleSunlightScreen exit ret -1
07-11 19:03:28.178   599   599 E SELinux : avc:  denied  { find } for pid=7093 uid=10181 name=tethering scontext=u:r:vendor_systemhelper_app:s0:c512,c768 tcontext=u:object_r:tethering_service:s0 tclass=service_manager permissive=0
07-11 19:03:28.380   599   599 E SELinux : avc:  denied  { find } for pid=7093 uid=10181 name=tethering scontext=u:r:vendor_systemhelper_app:s0:c512,c768 tcontext=u:object_r:tethering_service:s0 tclass=service_manager permissive=0
07-11 19:03:28.531   908 12402 I vendor.qti.bluetooth@1.0-ibs_handler: ProcessIbsCmd: Received IBS_WAKE_IND: 0xFD
07-11 19:03:28.532   908 12402 D vendor.qti.bluetooth@1.0-ibs_handler: SerialClockVote: vote for UART CLK ON
07-11 19:03:28.532   908 12402 D vendor.qti.bluetooth@1.0-wake_lock: Acquire wakelock is acquired
07-11 19:03:28.532   908 12402 I vendor.qti.bluetooth@1.0-ibs_handler: ProcessIbsCmd: Writing IBS_WAKE_ACK
07-11 19:03:28.534 12146 12405 V bt_stack: [VERBOSE1:btm_ble_gap.cc(1924)] btm_ble_process_ext_adv_pkt: bda=7c:25:da:a1:a6:8e
07-11 19:03:28.534 12146 12405 V bt_stack: [VERBOSE1:btm_ble_gap.cc(1848)] btm_ble_process_adv_addr: bda=7c:25:da:a1:a6:8e
07-11 19:03:28.534 12146 12405 V bt_stack: [VERBOSE1:btm_inq.cc(1019)] BTM_InqDbRead: bd addr 7c:25:da:a1:a6:8e
07-11 19:03:28.538  3576 12463 E MiuiFastConnectService: check adv data not fast connect
07-11 19:03:28.581   599   599 E SELinux : avc:  denied  { find } for pid=7093 uid=10181 name=tethering scontext=u:r:vendor_systemhelper_app:s0:c512,c768 tcontext=u:object_r:tethering_service:s0 tclass=service_manager permissive=0
07-11 19:03:28.613   908 12402 I vendor.qti.bluetooth@1.0-ibs_handler: ProcessIbsCmd: Received IBS_SLEEP_IND: 0xFE
07-11 19:03:28.613   908 12402 D vendor.qti.bluetooth@1.0-ibs_handler: SerialClockVote: vote for UART CLK OFF
07-11 19:03:28.764   908 12312 D vendor.qti.bluetooth@1.0-wake_lock: Release wakelock is released
07-11 19:03:28.782   599   599 E SELinux : avc:  denied  { find } for pid=7093 uid=10181 name=tethering scontext=u:r:vendor_systemhelper_app:s0:c512,c768 tcontext=u:object_r:tethering_service:s0 tclass=service_manager permissive=0
07-11 19:03:28.983   599   599 E SELinux : avc:  denied  { find } for pid=7093 uid=10181 name=tethering scontext=u:r:vendor_systemhelper_app:s0:c512,c768 tcontext=u:object_r:tethering_service:s0 tclass=service_manager permissive=0
07-11 19:03:29.070 19301 19341 D MemoryCeilingMonitor: [handleMemoryCalculate]
07-11 19:03:29.070 19301 19341 D MemoryCeilingMonitor: [calculate] tot: 4463349, max: 268435456, free: 689485, heap: 3773864, per: 0.014058738946914673
07-11 19:03:29.184   599   599 E SELinux : avc:  denied  { find } for pid=7093 uid=10181 name=tethering scontext=u:r:vendor_systemhelper_app:s0:c512,c768 tcontext=u:object_r:tethering_service:s0 tclass=service_manager permissive=0
07-11 19:03:29.385   599   599 I chatty  : uid=1000(system) /system/bin/servicemanager identical 1 line
