08-29 19:06:06.522  9519  9519 D TouchAssistant: onAnimationComplete Runnable hideImmediately
08-29 19:06:06.522  9519  9519 D TouchAssistant: hideImmediately, removeView() force: true, mEnabled: true
08-29 19:06:06.523  2525  2639 D ImageWallpaperRenderer: OFFSET  x: 1.0  y: 0.0
08-29 19:06:06.526  4765  5028 I chromium: [0829/190606.526023:INFO:httpdns.cc(234)] OnEffectiveConnectionTypeChanged called by httpdns context networks 5
08-29 19:06:06.526  2567  2567 D StatusBar: disable<e i a s b h r c s > disable2<q i n >
08-29 19:06:06.535  2525  2639 D ImageWallpaperRenderer: OFFSET  x: 1.0  y: 0.0
08-29 19:06:06.536  4228 13804 W MediaProvider: Forgot to handle a top level directory in getContentUriForFile?
08-29 19:06:06.544  4228  4456 W MediaProvider: Failed to update quota for uri: content://media/external_primary/file/130008
08-29 19:06:06.544  4228  4456 W MediaProvider: java.io.FileNotFoundException: No item at content://media/external_primary/file/130008
08-29 19:06:06.544  4228  4456 W MediaProvider: 	at com.android.providers.media.MediaProvider.queryForSingleItem(MediaProvider.java:6502)
08-29 19:06:06.544  4228  4456 W MediaProvider: 	at com.android.providers.media.MediaProvider.queryForDataFile(MediaProvider.java:6464)
08-29 19:06:06.544  4228  4456 W MediaProvider: 	at com.android.providers.media.MediaProvider.queryForDataFile(MediaProvider.java:6456)
08-29 19:06:06.544  4228  4456 W MediaProvider: 	at com.android.providers.media.MediaProvider.updateQuotaTypeForUri(MediaProvider.java:608)
08-29 19:06:06.544  4228  4456 W MediaProvider: 	at com.android.providers.media.MediaProvider.access$900(MediaProvider.java:243)
08-29 19:06:06.544  4228  4456 W MediaProvider: 	at com.android.providers.media.MediaProvider$3.lambda$onUpdate$1(MediaProvider.java:695)
08-29 19:06:06.544  4228  4456 W MediaProvider: 	at com.android.providers.media.MediaProvider$3.lambda$onUpdate$1$MediaProvider$3(Unknown Source:0)
08-29 19:06:06.544  4228  4456 W MediaProvider: 	at com.android.providers.media.-$$Lambda$MediaProvider$3$WJkiC6ajEYmAPvc5_niXuh2KmrI.run(Unknown Source:8)
08-29 19:06:06.544  4228  4456 W MediaProvider: 	at android.os.Handler.handleCallback(Handler.java:938)
08-29 19:06:06.544  4228  4456 W MediaProvider: 	at android.os.Handler.dispatchMessage(Handler.java:99)
08-29 19:06:06.544  4228  4456 W MediaProvider: 	at android.os.Looper.loop(Looper.java:236)
08-29 19:06:06.544  4228  4456 W MediaProvider: 	at android.os.HandlerThread.run(HandlerThread.java:67)
08-29 19:06:06.546  2525  2639 D ImageWallpaperRenderer: OFFSET  x: 1.0  y: 0.0
08-29 19:06:06.551  5036  5036 D ApplicationLoaders: Returning zygote-cached class loader: /system/framework/android.test.base.jar
08-29 19:06:06.552   910  3453 I vendor.qti.bluetooth@1.0-ibs_handler: ProcessIbsCmd: Received IBS_WAKE_IND: 0xFD
08-29 19:06:06.552   910  3453 D vendor.qti.bluetooth@1.0-ibs_handler: SerialClockVote: vote for UART CLK ON
08-29 19:06:06.552   910  3453 D vendor.qti.bluetooth@1.0-wake_lock: Acquire wakelock is acquired
08-29 19:06:06.552   910  3453 I vendor.qti.bluetooth@1.0-ibs_handler: ProcessIbsCmd: Writing IBS_WAKE_ACK
08-29 19:06:06.554   953   953 I ANDR-PERF-LM: LMPerfGlue: perfmodule_submit_request() 132: perfmodule_submit_request()
08-29 19:06:06.554   953   953 I ANDR-PERF-LM: Core: getInstance() 84: LM getInstance
08-29 19:06:06.554   953   953 I ANDR-PERF-LM: WQ: push() 59: LMTriggerQ push() size=0
08-29 19:06:06.554   953   953 I ANDR-PERF-LM: WQ: push() 61: LMTriggerQ push() done size=1
08-29 19:06:06.555   953  1242 I ANDR-PERF-LM: WQ: pop() 42: LMTriggerQ pop() done size=0
08-29 19:06:06.555   953  1242 I ANDR-PERF-LM: Core: lmMain() 373: Waiting on trigger Queue
08-29 19:06:06.555   953  1242 I ANDR-PERF-LM: WQ: pop() 31: LMTriggerQ pop() size=0
08-29 19:06:06.557  2504  3456 V bt_stack: [VERBOSE1:btm_ble_gap.cc(1924)] btm_ble_process_ext_adv_pkt: bda=24:18:c6:83:6e:f0
08-29 19:06:06.557  2504  3456 V bt_stack: [VERBOSE1:btm_ble_gap.cc(1848)] btm_ble_process_adv_addr: bda=24:18:c6:83:6e:f0
08-29 19:06:06.557  2504  3456 V bt_stack: [VERBOSE1:btm_inq.cc(1019)] BTM_InqDbRead: bd addr 24:18:c6:83:6e:f0
08-29 19:06:06.557  2504  3456 V bt_stack: [VERBOSE1:btm_ble_gap.cc(1924)] btm_ble_process_ext_adv_pkt: bda=08:1e:5f:e9:30:55
08-29 19:06:06.557  2504  3456 V bt_stack: [VERBOSE1:btm_ble_gap.cc(1848)] btm_ble_process_adv_addr: bda=08:1e:5f:e9:30:55
08-29 19:06:06.557  2504  3456 V bt_stack: [VERBOSE1:btm_inq.cc(1019)] BTM_InqDbRead: bd addr 08:1e:5f:e9:30:55
08-29 19:06:06.561  2525  2639 D ImageWallpaperRenderer: OFFSET  x: 1.0  y: 0.0
08-29 19:06:06.562  3465  3557 E MiuiFastConnectService: check adv data not fast connect
08-29 19:06:06.567   953   953 I ANDR-PERF-LM: LMPerfGlue: perfmodule_submit_request() 132: perfmodule_submit_request()
08-29 19:06:06.567   953   953 I ANDR-PERF-LM: Core: getInstance() 84: LM getInstance
08-29 19:06:06.568   953   953 D ANDR-PERF-LM: Feature: lookup() 101: Feature Name = AppClassifier, total featuers = 3, featureFound = 1
08-29 19:06:06.568   953   953 D ANDR-PERF-LM: Feature: getData() 112: data.data = 1
08-29 19:06:06.568   953   953 I ANDR-PERF-LM: FeedbackAPI: getFeedback() 60: app:cn.missevan feature:AppClassifier feedback = 1
08-29 19:06:06.580  2525  2639 D ImageWallpaperRenderer: OFFSET  x: 1.0  y: 0.0
08-29 19:06:06.581  2525  2639 D ImageWallpaperRenderer: OFFSET  x: 1.0  y: 0.0
08-29 19:06:06.582 25051 25051 I UnicodeIME: onFinishInput:
08-29 19:06:06.583 25051 25051 I UnicodeIME: onStartInput
08-29 19:06:06.587  5036  5036 I Perf    : Connecting to perf service.
08-29 19:06:06.588  4987  5100 I TetheringManager: registerTetheringEventCallback:cn.missevan
08-29 19:06:06.588  4987  4987 D CompatibilityChangeReporter: Compat change id reported: 147600208; UID 10910; state: DISABLED
08-29 19:06:06.589  2978  3128 W DimLayer: removeDimLayer
08-29 19:06:06.590  2978  2978 E BlurUtils: fastBlur ratio=0.0   withAnim=false   sBlurRatioValue=1.0
08-29 19:06:06.590  2978  2978 E BlurUtils: fastBlurDirectly ratio=0.0   win=com.android.internal.policy.MiuiPhoneWindow@3f635cf
08-29 19:06:06.591  2965  2994 W TelephonyPermissions: reportAccessDeniedToReadIdentifiers:cn.missevan:getDeviceId:-1
08-29 19:06:06.592  2525  2639 D ImageWallpaperRenderer: OFFSET  x: 1.0  y: 0.0
08-29 19:06:06.598  2965  2994 W TelephonyPermissions: reportAccessDeniedToReadIdentifiers:cn.missevan:getSubscriberId:-1
08-29 19:06:06.598  6933  7263 I DisplayFrameSetting: homeToAppEnd pkg=cn.missevan
08-29 19:06:06.599  4765  4765 W cn.missevan: Accessing hidden field Landroid/view/inputmethod/InputMethodManager;->mCurRootView:Landroid/view/ViewRootImpl; (blacklist, reflection, denied)
08-29 19:06:06.601  2978  2978 E LauncherAnimationRunner: finish: mFinishRunnable.run
08-29 19:06:06.603  5036  5036 D NetworkSecurityConfig: Using Network Security Config from resource d debugBuild: false
08-29 19:06:06.603  1853  4787 I Timeline: Timeline: Activity_windows_visible id: ActivityRecord{f12cd09 u0 cn.missevan/.activity.MainActivity t3077} time:456534721
08-29 19:06:06.603  1853  4787 I Timeline: Timeline: App_transition_stopped time:456534721
08-29 19:06:06.603  5036  5036 D NetworkSecurityConfig: Using Network Security Config from resource d debugBuild: false
08-29 19:06:06.604  5036  5036 D Tinker.TinkerLoader: tryLoad test test
08-29 19:06:06.606 15410 15410 I AssistHolderView.Content: forceFitSystemWindows pb = 0
08-29 19:06:06.607 15410 15410 E RecyclerView: No adapter attached; skipping layout
08-29 19:06:06.607 15410 15410 W AssistHolderView.Content: scrollAssistBgViewWithRecyclerScroll: display or shortcuts not prepared
08-29 19:06:06.616  5036  5036 W Tinker.TinkerLoader: tryLoadPatchFiles:patch dir not exist:/data/user/0/cn.missevan/tinker
08-29 19:06:06.617  2978  2978 D Launcher.Lifecycle: onStop:UserHandle{0},4f98e4d,false
08-29 19:06:06.619 15410 15428 D LauncherOverlay: setActivityState:0
08-29 19:06:06.619 15410 15410 D LauncherOverlay.Window: onStop
08-29 19:06:06.620   723  1040 D LauncherOverlay: setActivityState:0
08-29 19:06:06.620  2978  2978 W Launcher.Workspace: MiuiHome:onSaveInstanceState
08-29 19:06:06.620  2978  2978 W ScreenView_Workspace: MiuiHome:onSaveInstanceState
08-29 19:06:06.620   723   723 D LauncherOverlay.Window: onStop
08-29 19:06:06.620  5139  5328 D IdProviderImpl: getOAID
08-29 19:06:06.620  5036  5036 D Tinker.DefaultAppLike: onBaseContextAttached:
08-29 19:06:06.621  2978  2978 W ScreenView_HotSeats: MiuiHome:onSaveInstanceState
08-29 19:06:06.621  2978  2978 W ScreenView_RecommendAppsThumbnailView: MiuiHome:onSaveInstanceState
08-29 19:06:06.621  2978  2978 W ScreenView_WorkspaceThumbnailView: MiuiHome:onSaveInstanceState
08-29 19:06:06.621  2978  2978 W ScreenView_EditingEntryThumbnailView: MiuiHome:onSaveInstanceState
08-29 19:06:06.621  2978  2978 W ViewPager: MiuiHome:onSaveInstanceState
08-29 19:06:06.621  5036  5036 I MultiDex: VM with version 2.1.0 has multidex support
08-29 19:06:06.621  2978  2978 W ScreenView_DeleteIconContainer: MiuiHome:onSaveInstanceState
08-29 19:06:06.621  5036  5036 I MultiDex: Installing application
08-29 19:06:06.621  5036  5036 I MultiDex: VM has multidex support, MultiDex support library is disabled.
08-29 19:06:06.624  1853  4926 W ActivityManager: Unable to start service Intent { act=com.google.android.gms.ads.identifier.service.START pkg=com.google.android.gms } U=0: not found
08-29 19:06:06.630  5036  5036 D Tinker.DefaultAppLike: onCreate
08-29 19:06:06.633   910  3453 I vendor.qti.bluetooth@1.0-ibs_handler: ProcessIbsCmd: Received IBS_SLEEP_IND: 0xFE
08-29 19:06:06.633   910  3453 D vendor.qti.bluetooth@1.0-ibs_handler: SerialClockVote: vote for UART CLK OFF
08-29 19:06:06.643  9519  9519 D TouchAssistant: topActivity.getPackageName(),packageName:cn.missevan
08-29 19:06:06.643  9519  9519 D TouchAssistant: onTopAppChanged packageName:cn.missevan
08-29 19:06:06.644  2768  3005 D VA_ActivityUtils: packageName:ComponentInfo{cn.missevan/cn.missevan.activity.MainActivity}
08-29 19:06:06.644  2768  3005 D VA_AppChangedListener: get package name by top component:cn.missevan
08-29 19:06:06.644  2768  3005 D VA_AppChangedListener: packageName:cn.missevan,current:cn.missevan
08-29 19:06:06.658  4987  5112 D IdProviderImpl: getOAID
08-29 19:06:06.660  4765  4860 W SQLiteLog: (28) double-quoted string literal: "1BDFB6C4B087DBED2F83EE5ACF57F1AF"
08-29 19:06:06.660  4765  4860 W SQLiteLog: (28) double-quoted string literal: ""
08-29 19:06:06.660  4765  4860 W SQLiteLog: (28) double-quoted string literal: "1BDFB6C4B087DBED2F83EE5ACF57F1AF"
08-29 19:06:06.660  4765  4860 W SQLiteLog: (28) double-quoted string literal: "-1"
08-29 19:06:06.682  4987  4987 D BLOG-EVENT-Network: network changed: 3=>1
08-29 19:06:06.690   953   953 I ANDR-PERF-LM: LMPerfGlue: perfmodule_submit_request() 132: perfmodule_submit_request()
08-29 19:06:06.690   953   953 I ANDR-PERF-LM: Core: getInstance() 84: LM getInstance
08-29 19:06:06.690   953   953 D ANDR-PERF-LM: Feature: lookup() 101: Feature Name = AppClassifier, total featuers = 3, featureFound = 1
08-29 19:06:06.690   953   953 D ANDR-PERF-LM: Feature: getData() 112: data.data = 1
08-29 19:06:06.690   953   953 I ANDR-PERF-LM: FeedbackAPI: getFeedback() 60: app:cn.missevan feature:AppClassifier feedback = 1
08-29 19:06:06.701  9519  9519 D TouchAssistant: updateAll and mViewAdded = false
08-29 19:06:06.703  5036  5148 I TetheringManager: registerTetheringEventCallback:cn.missevan
08-29 19:06:06.706   914  2400 E CamX    : [ERROR][NCS    ] camxncsservice.cpp:594 EnqueueJob() Can not enqueue jobs when thread is stopped
08-29 19:06:06.707   914  2400 W CamX    : [ WARN][NCS    ] camxncsintfqsee.cpp:2263 FillSensorData() Buffer queue for sensor 10 has been freed: bufh=0x0, bufsize=360, stride=4
08-29 19:06:06.709  4987  4987 I @@@BBPLOG: Info T965C34F8 CPlayMain L94 BPSDK 3.0.0.216, 12:43:35 Jul 18 2022. CPU: ARMV8. OS
08-29 19:06:06.709  5036  5036 D CompatibilityChangeReporter: Compat change id reported: 147600208; UID 10910; state: DISABLED
08-29 19:06:06.742  2567  3070 D CommandQueue: setStatus: setStatus: what = 0, action = upate_specail_mode, ext = Bundle[mParcelledData.dataSize=88][pkg = cn.missevan[enable_config = true
08-29 19:06:06.765  5036  5179 D IdProviderImpl: getOAID
08-29 19:06:06.777  4987  4987 I cr_BiliCrLibraryLoader: BiliCr version: 88.0.4324.188, arch: aarch64
08-29 19:06:06.777  4987  4987 W chromium: [0829/190606.777239:WARNING:httpdns_adapter.cc(290)] HttpDns init
08-29 19:06:06.778  4987  4987 I @@@BBPLOG: Info T965C34F8 CPlayMain L243 The DataLog UserID: 0X0
08-29 19:06:06.779  4987  4987 I @@@BBPLOG: Info T965C34F8 CPlayMain L250 The DataLog BUVID: XY2D9B72F2546DEAAD7E5CFE9D2961F9CF2FF
08-29 19:06:06.779  4987  4987 I @@@BBPLOG: Info T965C34F8 CPlayMain L264 The DataLog AppVer: 5.7.2
08-29 19:06:06.779  4987  4987 I @@@BBPLOG: Info T965C34F8 CPlayMain L284 The DataLog app type:   6
08-29 19:06:06.779  4987  4987 I @@@BBPLOG: Info T965c34f8 BBPFuncLog L123 ----CIPMng::Clear Value is 00000000 start.
08-29 19:06:06.779  4987  4987 I @@@BBPLOG: Info T965c34f8 BBPFuncLog L142 ----CIPMng::Clear leave! no return. Ussed Time: 0
08-29 19:06:06.779  4987  4987 I @@@BBPLOG: Info T965C34F8 CPlayMain L272 The DataLog net type: 3
08-29 19:06:06.779  4987  4987 I @@@BBPLOG: Info T965C34F8 CPlayMain L312 Set cronet engine: 0x70f237c0c0
08-29 19:06:06.779   914  2400 E CamX    : [ERROR][NCS    ] camxncsservice.cpp:594 EnqueueJob() Can not enqueue jobs when thread is stopped
08-29 19:06:06.780   914  2400 W CamX    : [ WARN][NCS    ] camxncsintfqsee.cpp:2263 FillSensorData() Buffer queue for sensor 7 has been freed: bufh=0x0, bufsize=1248, stride=4
08-29 19:06:06.781   972  1777 D DisplayFeatureHal: HandleSunlightScreen enter modeId 0, cookie = 0
08-29 19:06:06.781   972  1777 D DisplayFeatureHal: HandleSunlightScreen exit ret -1
08-29 19:06:06.783   910  3082 D vendor.qti.bluetooth@1.0-wake_lock: Release wakelock is released
08-29 19:06:06.786  4987  4987 I @@@BBPLOG: Info T965C34F8 CPlayMain L243 The DataLog UserID: 0X0
08-29 19:06:06.786  4987  4987 I @@@BBPLOG: Info T965C34F8 CPlayMain L264 The DataLog AppVer: 5.7.2
08-29 19:06:06.787  4987  4987 I @@@BBPLOG: Info T965C34F8 CPlayMain L250 The DataLog BUVID: XY2D9B72F2546DEAAD7E5CFE9D2961F9CF2FF
08-29 19:06:06.790  2965  2965 D PhoneSwitcherNetworkRequstListener: got request NetworkRequest [ TRACK_DEFAULT id=1381, [ Capabilities: INTERNET&NOT_RESTRICTED&TRUSTED Uid: 10910 AdministratorUids: [] RequestorUid: 10910 RequestorPackageName: cn.missevan] ] with score 60 and providerId 6
08-29 19:06:06.799  1853  1864 I chatty  : uid=1000(system) FinalizerDaemon expire 3 lines
08-29 19:06:06.801  4987  5185 I chromium: [0829/190606.801102:INFO:httpdns.cc(234)] OnEffectiveConnectionTypeChanged called by httpdns context networks 5
08-29 19:06:06.804  5036  5036 D BLOG-EVENT-Network: network changed: 3=>1
08-29 19:06:06.807   914  2400 E CamX    : [ERROR][NCS    ] camxncsservice.cpp:594 EnqueueJob() Can not enqueue jobs when thread is stopped
08-29 19:06:06.807   914  2400 W CamX    : [ WARN][NCS    ] camxncsintfqsee.cpp:2263 FillSensorData() Buffer queue for sensor 10 has been freed: bufh=0x0, bufsize=360, stride=4
08-29 19:06:06.816   953   953 I ANDR-PERF-LM: LMPerfGlue: perfmodule_submit_request() 132: perfmodule_submit_request()
08-29 19:06:06.816   953   953 I ANDR-PERF-LM: Core: getInstance() 84: LM getInstance
08-29 19:06:06.816   953   953 D ANDR-PERF-LM: Feature: lookup() 101: Feature Name = AppClassifier, total featuers = 3, featureFound = 1
08-29 19:06:06.816   953   953 D ANDR-PERF-LM: Feature: getData() 112: data.data = 1
08-29 19:06:06.816   953   953 I ANDR-PERF-LM: FeedbackAPI: getFeedback() 60: app:cn.missevan feature:AppClassifier feedback = 1
08-29 19:06:06.826  1853  4926 I chatty  : uid=1000(system) Binder:1853_1B expire 3 lines
08-29 19:06:06.827  2504  3473 V Avrcp_ext: updateCurrentMediaState: mMediaController: null
08-29 19:06:06.827  2504  2504 I Avrcp_ext: onMediaKeyEventSessionChanged: token=cn.missevan
08-29 19:06:06.827  2504  3473 V Avrcp_ext: isMusicActive: false getBluetoothPlayState: 2
08-29 19:06:06.827  2504  3473 V Avrcp_ext: updateCurrentMediaState: isPlaying = false
08-29 19:06:06.827  2504  3473 V Avrcp_ext: Media update: id -1➡-1? [MediaAttributes: none] : [MediaAttributes: none]
08-29 19:06:06.827  2504  3473 D Avrcp_ext: isPackageNameValid: browsedPackage = cn.missevanisValid = true
08-29 19:06:06.827  2504  3473 V Avrcp_ext: isBrowseSupported for cn.missevan: false
08-29 19:06:06.827  2504  3473 V Avrcp_ext: newPlayStatus:2mReportedPlayStatus:-1
08-29 19:06:06.827  2504  3473 V Avrcp_ext: updatePlaybackState, state: PlaybackState {state=2, position=-1, buffered position=0, speed=0.0, updated=457806095, actions=0, custom actions=[], active item id=-1, error=null} device: null
08-29 19:06:06.827  2504  3473 V Avrcp_ext: Device: no name:
08-29 19:06:06.827  2504  3473 I chatty  : uid=1002(bluetooth) BluetoothAvrcpH identical 671 lines
08-29 19:06:06.833   998  6304 I AudioFlinger: setGameParameters keyvalue: xlog.volume.music.speaker=0
08-29 19:06:06.833   907  1077 D audio_hw_primary: adev_set_parameters: enter: xlog.volume.music.speaker=0
08-29 19:06:06.833   907  1077 V msm8974_platform: platform_set_parameters: enter: xlog.volume.music.speaker=0
08-29 19:06:06.833   907  1077 D audio_hw_hfp: hfp_set_parameters: enter
08-29 19:06:06.833   907  1077 D audio_hw_hfp: hfp_set_parameters: enter
08-29 19:06:06.833   907  1077 D audio_hw_cspl_cal: cirrus_cal_setparameters: enter 0xf5743600
08-29 19:06:06.833   907  1077 D audio_hw_cspl_cal: cirrus_cal_setparameters: enter 0xf5743600
08-29 19:06:06.833   907  1077 D audio_hw_extn: audio_extn_fm_set_parameters: Enter
08-29 19:06:06.833   907  1077 D audio_hw_hfp: hfp_set_parameters: enter
08-29 19:06:06.833   907  1077 D audio_hw_primary: adev_set_parameters: exit with code(0)
08-29 19:06:06.835  5014  5014 I MiPlayAudioService: onActiveSessionChange:
08-29 19:06:06.835  4765  5211 I cn.missevan: Thread[102,tid=5211,Native,Thread*=0x704c720000,peer=0x153c4510,"glide-source-thread-0"] recursive attempt to load library "/data/app/~~DDCq-6nVJ7x-McIQejKfHw==/cn.missevan-x7jvm-vCEHqB3PnbOmBYdQ==/lib/arm64/libglide-webp.so"
08-29 19:06:06.836  2504  2504 I chatty  : uid=1002(bluetooth) com.android.bluetooth expire 1 line
08-29 19:06:06.837   998  6304 I AudioFlinger: setGameParameters keyvalue: xlog.volume.music.speaker=0
08-29 19:06:06.837   907  1077 D audio_hw_primary: adev_set_parameters: enter: xlog.volume.music.speaker=0
08-29 19:06:06.837   907  1077 V msm8974_platform: platform_set_parameters: enter: xlog.volume.music.speaker=0
08-29 19:06:06.837   907  1077 D audio_hw_hfp: hfp_set_parameters: enter
08-29 19:06:06.837   907  1077 D audio_hw_hfp: hfp_set_parameters: enter
08-29 19:06:06.837   907  1077 D audio_hw_cspl_cal: cirrus_cal_setparameters: enter 0xf5743600
08-29 19:06:06.837   907  1077 D audio_hw_cspl_cal: cirrus_cal_setparameters: enter 0xf5743600
08-29 19:06:06.837   907  1077 D audio_hw_extn: audio_extn_fm_set_parameters: Enter
08-29 19:06:06.837   907  1077 D audio_hw_hfp: hfp_set_parameters: enter
08-29 19:06:06.837   907  1077 D audio_hw_primary: adev_set_parameters: exit with code(0)
08-29 19:06:06.867  2978  3020 W System  : A resource failed to call release.
08-29 19:06:06.867  2978  3020 I chatty  : uid=10092(com.miui.home) FinalizerDaemon identical 8 lines
08-29 19:06:06.867  2978  3020 W System  : A resource failed to call release.
08-29 19:06:06.875  5036  5036 I ExoPlayerImpl: Init 4090bf4 [ExoPlayerLib/2.17.1] [umi, Mi 10, Xiaomi, 30]
08-29 19:06:06.882  4765  4765 I ExoPlayerImpl: Init 4c3814a [ExoPlayerLib/2.17.1] [umi, Mi 10, Xiaomi, 30]
08-29 19:06:06.884  5036  5036 I DefaultRenderersFactory: Loaded FfmpegAudioRenderer.
08-29 19:06:06.890   998  1990 D AudioFlinger: updateWakeLockUids_l AudioOut_1D uids:
08-29 19:06:06.890   998  2005 D AudioFlinger: updateWakeLockUids_l AudioOut_4D uids:
08-29 19:06:06.891   998  2001 D AudioFlinger: updateWakeLockUids_l AudioOut_3D uids:
08-29 19:06:06.891   998  1988 D AudioFlinger: updateWakeLockUids_l AudioOut_15 uids:
08-29 19:06:06.891   998  1983 D AudioFlinger: updateWakeLockUids_l AudioOut_D uids:
08-29 19:06:06.891   998  6304 I AudioFlinger: setGameParameters keyvalue: xlog.volume.music.speaker=0
08-29 19:06:06.891   907 30493 D audio_hw_primary: adev_set_parameters: enter: xlog.volume.music.speaker=0
08-29 19:06:06.891   907 30493 V msm8974_platform: platform_set_parameters: enter: xlog.volume.music.speaker=0
08-29 19:06:06.892   907 30493 D audio_hw_hfp: hfp_set_parameters: enter
08-29 19:06:06.892   907 30493 D audio_hw_hfp: hfp_set_parameters: enter
08-29 19:06:06.892   907 30493 D audio_hw_cspl_cal: cirrus_cal_setparameters: enter 0xf5743600
08-29 19:06:06.892   907 30493 D audio_hw_cspl_cal: cirrus_cal_setparameters: enter 0xf5743600
08-29 19:06:06.892   907 30493 D audio_hw_extn: audio_extn_fm_set_parameters: Enter
08-29 19:06:06.892   907 30493 D audio_hw_hfp: hfp_set_parameters: enter
08-29 19:06:06.892   907 30493 D audio_hw_primary: adev_set_parameters: exit with code(0)
08-29 19:06:06.893  5036  5036 E libc    : Access denied finding property "ro.vendor.df.effect.conflict"
08-29 19:06:06.893  5036  5036 E libc    : Access denied finding property "ro.vendor.knock.type"
08-29 19:06:06.896   998  2432 I AudioFlinger: setGameParameters keyvalue: xlog.volume.music.speaker=0
08-29 19:06:06.896   907  1984 D audio_hw_primary: adev_set_parameters: enter: xlog.volume.music.speaker=0
08-29 19:06:06.896   907  1984 V msm8974_platform: platform_set_parameters: enter: xlog.volume.music.speaker=0
08-29 19:06:06.896   907  1984 D audio_hw_hfp: hfp_set_parameters: enter
08-29 19:06:06.896   907  1984 D audio_hw_hfp: hfp_set_parameters: enter
08-29 19:06:06.896   907  1984 D audio_hw_cspl_cal: cirrus_cal_setparameters: enter 0xf5743600
08-29 19:06:06.896   907  1984 D audio_hw_cspl_cal: cirrus_cal_setparameters: enter 0xf5743600
08-29 19:06:06.896   907  1984 D audio_hw_extn: audio_extn_fm_set_parameters: Enter
08-29 19:06:06.896   907  1984 D audio_hw_hfp: hfp_set_parameters: enter
08-29 19:06:06.896   907  1984 D audio_hw_primary: adev_set_parameters: exit with code(0)
08-29 19:06:06.898  4765  4765 E libc    : Access denied finding property "ro.vendor.df.effect.conflict"
08-29 19:06:06.898  4765  4765 E libc    : Access denied finding property "ro.vendor.knock.type"
08-29 19:06:06.901  4765  4765 W AudioManager: Use of stream types is deprecated for operations other than volume control
08-29 19:06:06.901  4765  4765 W AudioManager: See the documentation of requestAudioFocus() for what to use instead with android.media.AudioAttributes to qualify your playback use case
08-29 19:06:06.902  5014  5014 I ActiveSessionRecord: onPlaybackStateChanged: PlaybackState {state=0, position=0, buffered position=0, speed=0.0, updated=457806169, actions=101376, custom actions=[], active item id=-1, error=null}
08-29 19:06:06.902  1337  2290 D MediaMetricsService: submitInternal: isTrusted:1 given uid 10910; sanitized uid: 10910 sanitized pkg: 10910 sanitized pkg version: 0
08-29 19:06:06.902  1337  2290 D MediaMetricsService: submitInternal: item->getKey().c_str() = audio.service.focus
08-29 19:06:06.902  1337  2290 D MediaMetricsService: submitInternal: item->getCString(kCodecPackageName, &msg_send->packgeName) = 0
08-29 19:06:06.902  1337  2290 D MediaMetricsService: submitInternal: item->getInt32(kCodecHdrInfo, &msg_send->hdr) = 0
08-29 19:06:06.902  1337  2290 D MediaMetricsService: submitInternal: item->getInt32(kCodecFrameRateCal, &msg_send->frameRateCal) = 0
08-29 19:06:06.902  1337  2290 D MediaMetricsService: submitInternal: msg_send->frameRateCal = 1953721961
08-29 19:06:06.903  1337  2290 D MediaMetricsService: submitInternal: isTrusted:1 given uid 10910; sanitized uid: 10910 sanitized pkg: 10910 sanitized pkg version: 0
08-29 19:06:06.903  1337  2290 D MediaMetricsService: submitInternal: item->getKey().c_str() = audio.focus
08-29 19:06:06.903  1337  2290 D MediaMetricsService: submitInternal: item->getCString(kCodecPackageName, &msg_send->packgeName) = 0
08-29 19:06:06.903  1337  2290 D MediaMetricsService: submitInternal: item->getInt32(kCodecHdrInfo, &msg_send->hdr) = 0
08-29 19:06:06.903  1337  2290 D MediaMetricsService: submitInternal: item->getInt32(kCodecFrameRateCal, &msg_send->frameRateCal) = 0
08-29 19:06:06.903  1337  2290 D MediaMetricsService: submitInternal: msg_send->frameRateCal = 1953721961
08-29 19:06:06.903  5014  5014 I ActiveSessionRecord: onPlaybackStateChanged.
08-29 19:06:06.904  5014  5014 I MiPlayAudioService: dispatchPlaybackStateChange:0
08-29 19:06:06.904  5014  5014 I ActiveSessionRecord: onPlaybackStateChanged: PlaybackState {state=0, position=0, buffered position=0, speed=0.0, updated=457806170, actions=2461191, custom actions=[], active item id=-1, error=null}
08-29 19:06:06.905  5014  5014 I ActiveSessionRecord: onPlaybackStateChanged.
08-29 19:06:06.906  5014  5014 I MiPlayAudioService: dispatchPlaybackStateChange:0
08-29 19:06:06.906  5014  5014 I ActiveSessionRecord: dispatch meta change, MediaMetaData{mArtist='null', mAlbum='null', mTitle='null', mArt=null, mDuration=0, mLrc='null'}
08-29 19:06:06.906  5014  5014 I MiPlayAudioService: dispatchMetaChange:cn.missevan  ActiveSsionPackageName:cn.missevan
08-29 19:06:06.906  5014 19756 I MiPlayAudioService: dispatchMetaChange:MediaMetaData{mArtist='null', mAlbum='null', mTitle='null', mArt=null, mDuration=0, mLrc='null'}
08-29 19:06:06.906  5014 19756 I MetaInfoManager: setMetadata.
08-29 19:06:06.913  5014  5014 I ActiveSessionRecord: dispatch meta change, MediaMetaData{mArtist='', mAlbum='null', mTitle='', mArt=null, mDuration=0, mLrc='null'}
08-29 19:06:06.913  5014  5014 I MiPlayAudioService: dispatchMetaChange:cn.missevan  ActiveSsionPackageName:cn.missevan
08-29 19:06:06.913  5014 19756 I MiPlayAudioService: dispatchMetaChange:MediaMetaData{mArtist='', mAlbum='null', mTitle='', mArt=null, mDuration=0, mLrc='null'}
08-29 19:06:06.913  5014 19756 I MetaInfoManager: setMetadata.
08-29 19:06:06.946   953  3991 E ANDR-PERF-LM: VmRssMeter:: start() 400: Could not find pid, can not collect vmrss data
08-29 19:06:06.946   953  3991 D ANDR-PERF-LM: MetaMeter: notifyReceiver() 141: AdaptLaunch : (Id : total,started,returned) = (1,1,1,1)
08-29 19:06:06.946   953  3991 E ANDR-PERF-LM: AdaptiveLaunch: writeToDataBase() 63: Meter aborted or could not get meter data for this run
08-29 19:06:06.946   953  3991 I ANDR-PERF-LM: Meter: asyncTriggerUpdate() 55:  stop notification on VmRss
08-29 19:06:06.946   953  3991 D ANDR-PERF-LM: MetaMeter: notifyReceiver() 162: AdaptLaunch : (Id : total,started,returned,state) = (1,1,0,0,0)
08-29 19:06:06.946   953  3991 D ANDR-PERF-LM: ThreadHelper: thread_callback() 162: Returned from Start:(Meter,Helper,Name,pending)=(0xb400007e739a41c0,0xb400007e73834040,AdaptLaunch VmRss,0)
08-29 19:06:06.946   953  3991 D ANDR-PERF-LM: ThreadHelper: thread_callback() 134: Waiting:(Meter,Helper,Name,pending)=(0xb400007e739a41c0,0xb400007e73834040,AdaptLaunch VmRss,0)
08-29 19:06:06.950   953  3990 E ANDR-PERF-LM: VmRssMeter:: start() 400: Could not find pid, can not collect vmrss data
08-29 19:06:06.950   953  3990 D ANDR-PERF-LM: MetaMeter: notifyReceiver() 141: AdaptLaunch : (Id : total,started,returned) = (0,1,1,1)
08-29 19:06:06.950   953  3990 I ANDR-PERF-LM: Meter: asyncTriggerUpdate() 55:  stop notification on VmRss
08-29 19:06:06.950   953  3990 D ANDR-PERF-LM: MetaMeter: notifyReceiver() 148: AdaptLaunch : (Id : total,started,returned,state) = (0,1,0,0,0)
08-29 19:06:06.950   953  3990 D ANDR-PERF-LM: ThreadHelper: thread_callback() 162: Returned from Start:(Meter,Helper,Name,pending)=(0xb400007e739a4000,0xb400007e73833f00,AdaptLaunch VmRss,0)
08-29 19:06:06.950   953  3990 D ANDR-PERF-LM: ThreadHelper: thread_callback() 134: Waiting:(Meter,Helper,Name,pending)=(0xb400007e739a4000,0xb400007e73833f00,AdaptLaunch VmRss,0)
08-29 19:06:06.981  4765  5227 W VideoCapabilities: Unsupported mime image/vnd.android.heic
08-29 19:06:06.982  4765  5227 W VideoCapabilities: Unrecognized profile/level 0/3 for video/mpeg2
08-29 19:06:06.982  4765  5227 W VideoCapabilities: Unrecognized profile/level 0/3 for video/mpeg2
08-29 19:06:06.989   914  2400 E CamX    : [ERROR][NCS    ] camxncsservice.cpp:594 EnqueueJob() Can not enqueue jobs when thread is stopped
08-29 19:06:06.989   914  2400 W CamX    : [ WARN][NCS    ] camxncsintfqsee.cpp:2263 FillSensorData() Buffer queue for sensor 7 has been freed: bufh=0x0, bufsize=1248, stride=4
08-29 19:06:06.989   972  1777 D DisplayFeatureHal: HandleSunlightScreen enter modeId 0, cookie = 0
08-29 19:06:06.990   972  1777 D DisplayFeatureHal: HandleSunlightScreen exit ret -1
08-29 19:06:06.995  4765  5241 D CCodec  : allocate(c2.android.mp3.decoder)
08-29 19:06:06.996  4765  5241 I Codec2Client: Available Codec2 services: "default" "software"
08-29 19:06:06.997  4765  5241 I CCodec  : setting up 'default' as default (vendor) store
08-29 19:06:07.000  4765  5241 I CCodec  : Created component [c2.android.mp3.decoder]
08-29 19:06:07.000  4765  5241 D CCodecConfig: read media type: audio/mpeg
08-29 19:06:07.001  4765  5241 D ReflectedParamUpdater: extent() != 1 for single value type: algo.buffers.max-count.values
08-29 19:06:07.001  4765  5241 D ReflectedParamUpdater: extent() != 1 for single value type: output.subscribed-indices.values
08-29 19:06:07.002  4765  5241 D ReflectedParamUpdater: extent() != 1 for single value type: input.buffers.allocator-ids.values
08-29 19:06:07.002  4765  5241 D ReflectedParamUpdater: extent() != 1 for single value type: output.buffers.allocator-ids.values
08-29 19:06:07.002  4765  5241 D ReflectedParamUpdater: extent() != 1 for single value type: algo.buffers.allocator-ids.values
08-29 19:06:07.002  4765  5241 D ReflectedParamUpdater: extent() != 1 for single value type: output.buffers.pool-ids.values
08-29 19:06:07.002  4765  5241 D ReflectedParamUpdater: extent() != 1 for single value type: algo.buffers.pool-ids.values
08-29 19:06:07.003  4765  5241 I CCodecConfig: query failed after returning 7 values (BAD_INDEX)
08-29 19:06:07.003  4765  5241 D CCodecConfig: c2 config diff is Dict {
08-29 19:06:07.003  4765  5241 D CCodecConfig:   c2::u32 coded.bitrate.value = 64000
08-29 19:06:07.003  4765  5241 D CCodecConfig:   c2::u32 input.buffers.max-size.value = 8192
08-29 19:06:07.003  4765  5241 D CCodecConfig:   c2::u32 input.delay.value = 0
08-29 19:06:07.003  4765  5241 D CCodecConfig:   string input.media-type.value = "audio/mpeg"
08-29 19:06:07.003  4765  5241 D CCodecConfig:   string output.media-type.value = "audio/raw"
08-29 19:06:07.003  4765  5241 D CCodecConfig:   c2::u32 raw.channel-count.value = 2
08-29 19:06:07.003  4765  5241 D CCodecConfig:   c2::u32 raw.sample-rate.value = 44100
08-29 19:06:07.003  4765  5241 D CCodecConfig: }
08-29 19:06:07.003  4765  5241 D CCodec  : [c2.android.mp3.decoder] buffers are bound to CCodec for this session
08-29 19:06:07.003  4765  5241 D CCodecConfig: no c2 equivalents for flags
08-29 19:06:07.003  4765  5241 D CCodecConfig: config failed => CORRUPTED
08-29 19:06:07.003  4765  5241 W Codec2Client: query -- param skipped: index = 1107298332.
08-29 19:06:07.004  4765  5241 D CCodec  : client requested max input size 4096, which is smaller than what component recommended (8192); overriding with component recommendation.
08-29 19:06:07.004  4765  5241 W CCodec  : This behavior is subject to change. It is recommended that app developers double check whether the requested max input size is in reasonable range.
08-29 19:06:07.004  4765  5241 D CCodec  : setup formats input: AMessage(what = 0x00000000) = {
08-29 19:06:07.004  4765  5241 D CCodec  :   int32_t channel-count = 2
08-29 19:06:07.004  4765  5241 D CCodec  :   int32_t max-input-size = 8192
08-29 19:06:07.004  4765  5241 D CCodec  :   string mime = "audio/mpeg"
08-29 19:06:07.004  4765  5241 D CCodec  :   int32_t sample-rate = 44100
08-29 19:06:07.004  4765  5241 D CCodec  : } and output: AMessage(what = 0x00000000) = {
08-29 19:06:07.004  4765  5241 D CCodec  :   int32_t channel-count = 2
08-29 19:06:07.004  4765  5241 D CCodec  :   string mime = "audio/raw"
08-29 19:06:07.004  4765  5241 D CCodec  :   int32_t sample-rate = 44100
08-29 19:06:07.004  4765  5241 D CCodec  : }
08-29 19:06:07.004  4765  5241 W Codec2Client: query -- param skipped: index = 1342179345.
08-29 19:06:07.004  4765  5241 W Codec2Client: query -- param skipped: index = 2415921170.
08-29 19:06:07.004  4765  5241 E FMQ     : grantorIdx must be less than 3
08-29 19:06:07.005  4765  5241 E FMQ     : grantorIdx must be less than 3
08-29 19:06:07.005  4765  5241 D CCodecBufferChannel: [c2.android.mp3.decoder#36] Created input block pool with allocatorID 16 => poolID 17 - OK (0)
08-29 19:06:07.005  1502   626 E FMQ     : grantorIdx must be less than 3
08-29 19:06:07.005  1502   626 E FMQ     : grantorIdx must be less than 3
08-29 19:06:07.005  1502   626 D BufferPoolAccessor2.0: bufferpool2 0xb40000776db6fe28 : 0(0 size) total buffers - 0(0 size) used buffers - 0/0 (recycle/alloc) - 0/0 (fetch/transfer)
08-29 19:06:07.005  1502   626 D BufferPoolAccessor2.0: bufferpool2 0xb40000776dbaec28 : 0(0 size) total buffers - 0(0 size) used buffers - 0/0 (recycle/alloc) - 0/0 (fetch/transfer)
08-29 19:06:07.006  4765  5241 I CCodecBufferChannel: [c2.android.mp3.decoder#36] Created output block pool with allocatorID 16 => poolID 373 - OK
08-29 19:06:07.006  4765  5241 D CCodecBufferChannel: [c2.android.mp3.decoder#36] Configured output block pool ids 373 => OK
08-29 19:06:07.007   914  2400 E CamX    : [ERROR][NCS    ] camxncsservice.cpp:594 EnqueueJob() Can not enqueue jobs when thread is stopped
08-29 19:06:07.007   914  2400 W CamX    : [ WARN][NCS    ] camxncsintfqsee.cpp:2263 FillSensorData() Buffer queue for sensor 10 has been freed: bufh=0x0, bufsize=360, stride=4
08-29 19:06:07.007  4765  5241 D CCodecBufferChannel: [c2.android.mp3.decoder#36] start: updating output delay 0
08-29 19:06:07.007  4765  5241 E ion     : ioctl c0044901 failed with code -1: Inappropriate ioctl for device
08-29 19:06:07.008  1502  5246 D SimpleC2Component: Using output block pool with poolID 373 => got 373 - 0
08-29 19:06:07.009  4765  5241 E FMQ     : grantorIdx must be less than 3
08-29 19:06:07.009  1502   626 E FMQ     : grantorIdx must be less than 3
08-29 19:06:07.010  1502  5246 I C2SoftMp3Dec: Reconfiguring decoder: 0->44100 Hz, 0->2 channels
08-29 19:06:07.010  1502  5246 E FMQ     : grantorIdx must be less than 3
08-29 19:06:07.012  4765  5245 E FMQ     : grantorIdx must be less than 3
08-29 19:06:07.016  4765  5227 I cn.missevan: getDeviceIsSupportElevoc() The device is not support elevoc
08-29 19:06:07.016  4765  5227 D AudioTrack: set(sessionId=3809)
08-29 19:06:07.016  4765  5227 D AudioTrack: set(): streamType -1, sampleRate 44100, format 0x1, channelMask 0x3, frameCount 14144, flags #0, notificationFrames 0, sessionId 3809, transferType 3, uid -1, pid -1
08-29 19:06:07.016   907  1984 D audio_hw_primary: adev_get_parameters:audio_game_sound_volume_gap_switch
08-29 19:06:07.017   907  1984 D soundtrigger: audio_extn_sound_trigger_get_parameters input string<audio_game_sound_volume_gap_switch=>
08-29 19:06:07.017   907  1984 D soundtrigger: extract_sm_handle input string <audio_game_sound_volume_gap_switch=> param string <audio_game_sound_volume_gap_switch=>
08-29 19:06:07.017   907  1984 D audio_hw_extn: audio_extn_fm_get_parameters: Enter
08-29 19:06:07.017   907  1984 D audio_hw_extn: audio_extn_get_parameters: returns
08-29 19:06:07.017   907  1984 V msm8974_platform: platform_get_parameters: exit: returns - audio_game_sound_volume_gap_switch=off
08-29 19:06:07.017   907  1984 D audio_hw_primary: adev_get_parameters: exit: returns - audio_game_sound_volume_gap_switch=off
08-29 19:06:07.017   998  7636 I hash_map_utils: key: 'audio_game_sound_volume_gap_switch' value: ''
08-29 19:06:07.018   998  7636 D APM_AudioPolicyManager: getOutputForAttrInt()+ attributes={ Content type: AUDIO_CONTENT_TYPE_MUSIC Usage: AUDIO_USAGE_MEDIA Source: -1 Flags: 0xe00 Tags:  } stream=AUDIO_STREAM_MUSIC session 3809 output 0 selectedDeviceId 0 device AUDIO_DEVICE_NONE sampling rate 44100 format 0x1channel mask 0x3 flags 0x8 stream AUDIO_STREAM_MUSIC uid 10910
08-29 19:06:07.018   907  1077 D audio_hw_primary: adev_get_parameters:vr_audio_mode_on
08-29 19:06:07.018   907  1077 I audio_hw_primary: getting vr mode to 0
08-29 19:06:07.018   907  1077 D audio_hw_primary: adev_get_parameters: exit: returns - vr_audio_mode_on=false
08-29 19:06:07.018   998  7636 I hash_map_utils: key: 'vr_audio_mode_on' value: ''
08-29 19:06:07.018   998  7636 I AudioPolicyManagerCustom: VR mode is 0, switch to primary output if request is for fast|raw
08-29 19:06:07.018   998  7636 D AudioPolicyManagerCustom: getOutputForDevice() returns output 29
08-29 19:06:07.018   998  7636 D APM_AudioPolicyManager: getOutputForAttrInt()- attributes={ Content type: AUDIO_CONTENT_TYPE_MUSIC Usage: AUDIO_USAGE_MEDIA Source: -1 Flags: 0xe00 Tags:  } stream=AUDIO_STREAM_MUSIC session 3809 output 29 selectedDeviceId 0 device {type:0x2,@:} sampling rate 44100 format 0x1channel mask 0x3 flags 0x8 stream AUDIO_STREAM_MUSIC uid 10910
08-29 19:06:07.018   998  7636 D APM_AudioPolicyManager: getOutputForAttr() returns output 29 requestedPortId 0 selectedDeviceId 3 for port ID 733
08-29 19:06:07.019   998  7636 I AudioFlinger: create audiotrack for cn.missevan  uid 10910
08-29 19:06:07.019   998  7636 D AudioFlinger: Client defaulted notificationFrames to 7072 for frameCount 14144
08-29 19:06:07.019   998  7636 D AF::TrackHandle: OpPlayAudio: track:667 usage:1 not muted
08-29 19:06:07.020  1337  2290 D MediaMetricsService: submitInternal: isTrusted:1 given uid 10910; sanitized uid: 10910 sanitized pkg: 10910 sanitized pkg version: 0
08-29 19:06:07.020  1337  2290 D MediaMetricsService: submitInternal: item->getKey().c_str() = audio.track.733
08-29 19:06:07.020  1337  2290 D MediaMetricsService: submitInternal: item->getCString(kCodecPackageName, &msg_send->packgeName) = 0
08-29 19:06:07.020  1337  2290 D MediaMetricsService: submitInternal: item->getInt32(kCodecHdrInfo, &msg_send->hdr) = 0
08-29 19:06:07.020  1337  2290 D MediaMetricsService: submitInternal: item->getInt32(kCodecFrameRateCal, &msg_send->frameRateCal) = 0
08-29 19:06:07.020  1337  2290 D MediaMetricsService: submitInternal: msg_send->frameRateCal = 1953721961
08-29 19:06:07.021  1337  2290 D MediaMetricsService: submitInternal: isTrusted:0 given uid -1; sanitized uid: 10910 sanitized pkg: 10910 sanitized pkg version: 0
08-29 19:06:07.021  1337  2290 D MediaMetricsService: submitInternal: item->getKey().c_str() = audio.track.733
08-29 19:06:07.021  1337  2290 D MediaMetricsService: submitInternal: item->getCString(kCodecPackageName, &msg_send->packgeName) = 0
08-29 19:06:07.021  1337  2290 D MediaMetricsService: submitInternal: item->getInt32(kCodecHdrInfo, &msg_send->hdr) = 0
08-29 19:06:07.021  1337  2290 D MediaMetricsService: submitInternal: item->getInt32(kCodecFrameRateCal, &msg_send->frameRateCal) = 0
08-29 19:06:07.021  1337  2290 D MediaMetricsService: submitInternal: msg_send->frameRateCal = 1953721961
08-29 19:06:07.022  4765  5227 D AudioTrack: setVolume: left = 1.000000 right = 1.000000
08-29 19:06:07.022  1337  2290 D MediaMetricsService: submitInternal: isTrusted:0 given uid -1; sanitized uid: 10910 sanitized pkg: 10910 sanitized pkg version: 0
08-29 19:06:07.022  1337  2290 D MediaMetricsService: submitInternal: item->getKey().c_str() = audio.track.733
08-29 19:06:07.022  1337  2290 D MediaMetricsService: submitInternal: item->getCString(kCodecPackageName, &msg_send->packgeName) = 0
08-29 19:06:07.022  1337  2290 D MediaMetricsService: submitInternal: item->getInt32(kCodecHdrInfo, &msg_send->hdr) = 0
08-29 19:06:07.022  1337  2290 D MediaMetricsService: submitInternal: item->getInt32(kCodecFrameRateCal, &msg_send->frameRateCal) = 0
08-29 19:06:07.022  1337  2290 D MediaMetricsService: submitInternal: msg_send->frameRateCal = 1953721961
08-29 19:06:07.029   907  1984 I EffectsFactory: EffectCreate() create_effect
08-29 19:06:07.029   998  1542 D APM_AudioPolicyManager: notification filter: startOutput muteMaskInt=3
08-29 19:06:07.030   907  1984 D audio_hw_primary: out_set_parameters: enter: usecase(0: deep-buffer-playback) kvpairs: appname=+cn.missevan
08-29 19:06:07.030   998  1542 D APM_AudioPolicyManager: startOutput() output 29, stream 3, session 3809 appname cn.missevan uid 10910
08-29 19:06:07.031   907  1984 V EffectMiSound: MiSound_command() start, cmdCode=20
08-29 19:06:07.031   907  1984 V EffectMiSound: MiSound_Command EFFECT_CMD_OFFLOAD
08-29 19:06:07.031   907  1984 V EffectMiSound: MiSound_command() start, cmdCode=1
08-29 19:06:07.031   907  1984 V EffectMiSound: MiSound_setConfig start
08-29 19:06:07.031   907  1984 I EffectMiSound: MiSound_updateState(), enable=0, hifi=0, device=0x2, headset=0, samplingRate=48000
08-29 19:06:07.031   907  1984 I EffectMiSound: MiSound_updateState(), mode=0, music=0, movie=0, reset=0
08-29 19:06:07.031   907  1984 D EffectMiSound: MiSound_updateShareParam enter
08-29 19:06:07.031   907  1984 I EffectMiSound: MiSound_updateState(), Speaker Dual Mode is not supported. Stop update state.
08-29 19:06:07.031   907  1077 V EffectMiSound: MiSound_command() start, cmdCode=9
08-29 19:06:07.031   907  1077 V EffectMiSound: MiSound_Command EFFECT_CMD_SET_DEVICE: 0x00000002
08-29 19:06:07.031   907  1984 V EffectMiSound: MiSound_command() start, cmdCode=11
08-29 19:06:07.031   907  1984 V EffectMiSound: MiSound_Command EFFECT_CMD_SET_AUDIO_MODE: 0
08-29 19:06:07.031   998  1542 D APM_AudioPolicyManager: getNewOutputDevices selected devices {type:0x2,@:}
08-29 19:06:07.031   998  1542 D APM_AudioPolicyManager: setOutputDevices device {type:0x2,@:} delayMs 0 force 0
08-29 19:06:07.031   998  1542 D APM_AudioPolicyManager: setOutputDevices setting same device {type:0x2,@:} or null device, force=0, patch handle=8
08-29 19:06:07.031   998  1542 D AudioPolicyManagerCustom: checkAndSetVolume() set volumeSource 4 volume index 0 for device 0x2, volumeDb=-758.000000
08-29 19:06:07.032   998  1541 I AudioFlinger: setGameParameters keyvalue: volume_change=0;flags=8
08-29 19:06:07.032   907  1984 D audio_hw_primary: adev_set_parameters: enter: flags=8;volume_change=0
08-29 19:06:07.032   907  1984 V msm8974_platform: platform_set_parameters: enter: flags=8;volume_change=0
08-29 19:06:07.032   907  1984 D audio_hw_hfp: hfp_set_parameters: enter
08-29 19:06:07.032   907  1984 D audio_hw_hfp: hfp_set_parameters: enter
08-29 19:06:07.032   907  1984 D audio_hw_cspl_cal: cirrus_cal_setparameters: enter 0xf5743600
08-29 19:06:07.032   907  1984 D audio_hw_cspl_cal: cirrus_cal_setparameters: enter 0xf5743600
08-29 19:06:07.032   907  1984 D audio_hw_extn: audio_extn_fm_set_parameters: Enter
08-29 19:06:07.032   907  1984 D audio_hw_hfp: hfp_set_parameters: enter
08-29 19:06:07.032   907  1984 D audio_hw_primary: adev_set_parameters: exit with code(0)
08-29 19:06:07.032   998  1542 W APM::AudioPolicyEngine: getDevicesForStrategy() unknown strategy: -1
08-29 19:06:07.032   998  1542 W APM::AudioPolicyEngine: getDevicesForStrategy() unknown strategy: -1
08-29 19:06:07.033   998  7636 E AudioFlinger: open /proc/4765/cmdline error
08-29 19:06:07.033   998  7636 I AudioFlinger: setAppName(), name=[], active=[1]
08-29 19:06:07.033  1337  2290 D MediaMetricsService: submitInternal: isTrusted:1 given uid -1; sanitized uid: 1041 sanitized pkg: audioserver sanitized pkg version: 0
08-29 19:06:07.033  1337  2290 D MediaMetricsService: submitInternal: item->getKey().c_str() = audio.track.733
08-29 19:06:07.033  1337  2290 D MediaMetricsService: submitInternal: item->getCString(kCodecPackageName, &msg_send->packgeName) = 0
08-29 19:06:07.033  1337  2290 D MediaMetricsService: submitInternal: item->getInt32(kCodecHdrInfo, &msg_send->hdr) = 0
08-29 19:06:07.033  1337  2290 D MediaMetricsService: submitInternal: item->getInt32(kCodecFrameRateCal, &msg_send->frameRateCal) = 0
08-29 19:06:07.033  1337  2290 D MediaMetricsService: submitInternal: msg_send->frameRateCal = 1312903764
08-29 19:06:07.033   907  1984 V EffectMiSound: MiSound_command() start, cmdCode=24
08-29 19:06:07.033   907  1984 V EffectMiSound: MiSound_Command EFFECT_CMD_SET_APP_NAME: stream=3, name=+
08-29 19:06:07.033   998  1990 D AudioFlinger: updateWakeLockUids_l AudioOut_1D uids:10910
08-29 19:06:07.033  1337  2290 D MediaMetricsService: submitInternal: isTrusted:0 given uid -1; sanitized uid: 10910 sanitized pkg: 10910 sanitized pkg version: 0
08-29 19:06:07.033  1337  2290 D MediaMetricsService: submitInternal: item->getKey().c_str() = audio.track.733
08-29 19:06:07.033  1337  2290 D MediaMetricsService: submitInternal: item->getCString(kCodecPackageName, &msg_send->packgeName) = 0
08-29 19:06:07.033  1337  2290 D MediaMetricsService: submitInternal: item->getInt32(kCodecHdrInfo, &msg_send->hdr) = 0
08-29 19:06:07.033  1337  2290 D MediaMetricsService: submitInternal: item->getInt32(kCodecFrameRateCal, &msg_send->frameRateCal) = 0
08-29 19:06:07.033  1337  2290 D MediaMetricsService: submitInternal: msg_send->frameRateCal = 1953721961
08-29 19:06:07.033  6933  7827 I PowerCheckerService: uid:10910 change to active
08-29 19:06:07.034  6933  7109 I AppActiveChecker: uid:10910 change to active
08-29 19:06:07.034   907  8461 D audio_hw_primary: start_output_stream: enter: stream(0xf47c6000)usecase(0: deep-buffer-playback) devices(0x2) is_haptic_usecase(0)
08-29 19:06:07.035   907  8461 D audio_hw_primary: select_devices for use case (deep-buffer-playback in:0 out:0 device:2)
08-29 19:06:07.035   907  8461 D ultrasound_extn: ultrasound_select_devices_pre ultrasound_enabled:0 usecase(deep-buffer-playback), devices:2 in_snd_device(0, ), out_snd_device(2, speaker)
08-29 19:06:07.035   907  8461 D ultrasound_extn: dump_usecase_list: start ======================================
08-29 19:06:07.035   907  8461 D ultrasound_extn: dump_usecase_list: enter sensor_activated:0 hw_port_enabled:0 suspended:0
08-29 19:06:07.035   907  8461 D ultrasound_extn: dump_usecase_list: select_devices_pre usecase[#0]:(0, deep-buffer-playback) in_dev:(0, ) out_dv:(0, )
08-29 19:06:07.035   907  8461 D ultrasound_extn: dump_usecase_list: end ======================================
08-29 19:06:07.035   907  8461 I msm8974_platform: platform_check_and_set_codec_backend_cfg:becf: afe: bitwidth 24, samplerate 48000 channels 2, backend_idx 1 usecase = 0 device (speaker)
08-29 19:06:07.035   907  8461 D msm8974_platform: platform_split_snd_device: snd_device(2) num devices(1) new_snd_devices(0)
08-29 19:06:07.035   907  8461 I msm8974_platform: platform_check_and_set_codec_backend_cfg: new_snd_devices[0] is 2
08-29 19:06:07.035   907  8461 I msm8974_platform: platform_check_codec_backend_cfg:becf: afe: bitwidth 24, samplerate 48000 channels 2, backend_idx 1 usecase = 0 device (speaker)
08-29 19:06:07.035   907  8461 D audio_hw_extn: audio_extn_enable_hifi_filter: mixer_value set 0
08-29 19:06:07.035   907  8461 D msm8974_platform: platform_check_codec_backend_cfg:becf: updated afe: bitwidth 24, samplerate 48000 channels 2,backend_idx 1 usecase = 0 device (speaker)
08-29 19:06:07.035   907  8461 D msm8974_platform: platform_check_codec_backend_cfg:becf: afe: playback on codec device not supporting native playback set default Sample Rate(48k)
08-29 19:06:07.035   907  8461 D ultrasound_extn: ultrasound_check_and_set_codec_backend_cfg check use case (deep-buffer-playback), snd_device(2, speaker)
08-29 19:06:07.035   907  8461 D ultrasound_extn: ultrasound_check_and_set_codec_backend_cfg  do not change BE setting for speaker
08-29 19:06:07.035   907  8461 I msm8974_platform: platform_check_codec_backend_cfg:becf: afe: Codec selected backend: 1 updated bit width: 24 and sample rate: 48000
08-29 19:06:07.035   907  8461 D audio_hw_primary: check_usecases_codec_backend:becf: force routing 0
08-29 19:06:07.035   907  8461 E msm8974_platform: platform_check_backends_match: Invalid snd_device =
08-29 19:06:07.035   907  8461 D audio_hw_primary: check_usecases_codec_backend:becf: (100) check_usecases curr device: speaker, usecase device: backends match 0
08-29 19:06:07.035   907  8461 D audio_hw_primary: @@: usecase[0xf47aa4a0]=deep-buffer-playback, uc_info[0xf47aa4a0]=deep-buffer-playback
08-29 19:06:07.035   907  8461 D audio_hw_primary: check_usecases_codec_backend:becf: check_usecases num.of Usecases to switch 0
08-29 19:06:07.035   907  8461 D hardware_info: hw_info_append_hw_type : device_name = speaker
08-29 19:06:07.035   907  8461 D msm8974_platform: platform_split_snd_device: snd_device(2) num devices(0) new_snd_devices(0)
08-29 19:06:07.035   907  8461 D audio_hw_primary: enable_snd_device: snd_device(2: speaker)[SND_DEVICE_OUT_SPEAKER]
08-29 19:06:07.035   907  8461 D msm8974_platform: platform_get_island_cfg_on_device:island cfg status on snd_device = (speaker 0)
08-29 19:06:07.035   907  8461 I soundtrigger: audio_extn_sound_trigger_update_device_status: device 0x2 of type 0 for Event 1, with Raise=0
08-29 19:06:07.035   907  8461 D audio_route: Apply path: speaker
08-29 19:06:07.035   907  8461 E audio_route: Path: speaker, length: 10
08-29 19:06:07.035   907  8461 E audio_route:   id=0: ctl=TERT_MI2S_RX Channels
08-29 19:06:07.035   907  8461 E audio_route:     id=0 value=1
08-29 19:06:07.035   907  8461 E audio_route:   id=1: ctl=TERT_MI2S_RX Format
08-29 19:06:07.035   907  8461 E audio_route:     id=0 value=1
08-29 19:06:07.035   907  8461 E audio_route:   id=2: ctl=ASP TX2 Source
08-29 19:06:07.035   907  8461 E audio_route:     id=0 value=6
08-29 19:06:07.035   907  8461 E audio_route:   id=3: ctl=DSP RX1 Source
