08-29 18:57:21.617  1002  1002 D CompositionEngine: writeOutputDependentGeometryStateToHWC layer[RoundCorner#0] set Z 134217731 miFodLayer 134217728
08-29 18:57:21.617  1002  1002 D CompositionEngine: writeOutputDependentGeometryStateToHWC layer[RoundCorner#1] set Z 134217732 miFodLayer 134217728
08-29 18:57:21.633   910  3453 I vendor.qti.bluetooth@1.0-ibs_handler: ProcessIbsCmd: Received IBS_WAKE_IND: 0xFD
08-29 18:57:21.633   910  3453 D vendor.qti.bluetooth@1.0-ibs_handler: SerialClockVote: vote for UART CLK ON
08-29 18:57:21.633   910  3453 D vendor.qti.bluetooth@1.0-wake_lock: Acquire wakelock is acquired
08-29 18:57:21.633   910  3453 I vendor.qti.bluetooth@1.0-ibs_handler: ProcessIbsCmd: Writing IBS_WAKE_ACK
08-29 18:57:21.634  2504  3456 V bt_stack: [VERBOSE1:btm_ble_gap.cc(1924)] btm_ble_process_ext_adv_pkt: bda=6c:d3:ee:41:41:7b
08-29 18:57:21.635  2504  3456 V bt_stack: [VERBOSE1:btm_ble_gap.cc(1848)] btm_ble_process_adv_addr: bda=6c:d3:ee:41:41:7b
08-29 18:57:21.635  2504  3456 V bt_stack: [VERBOSE1:btm_ble_gap.cc(2058)]  Waiting for scan response 6c:d3:ee:41:41:7b
08-29 18:57:21.635  2504  3456 V bt_stack: [VERBOSE1:btm_ble_gap.cc(1924)] btm_ble_process_ext_adv_pkt: bda=d4:5e:ec:42:d1:94
08-29 18:57:21.635  2504  3456 V bt_stack: [VERBOSE1:btm_ble_gap.cc(1848)] btm_ble_process_adv_addr: bda=d4:5e:ec:42:d1:94
08-29 18:57:21.635  2504  3456 V bt_stack: [VERBOSE1:btm_ble_gap.cc(2058)]  Waiting for scan response d4:5e:ec:42:d1:94
08-29 18:57:21.650  1002  1002 D CompositionEngine: writeOutputDependentGeometryStateToHWC layer[cn.missevan/cn.missevan.activity.MainActivity#0] set Z 134217728 miFodLayer 134217728
08-29 18:57:21.650  1002  1002 D CompositionEngine: writeOutputDependentGeometryStateToHWC layer[PopupWindow:f798e37#0] set Z 134217729 miFodLayer 134217728
08-29 18:57:21.651  1002  1002 D CompositionEngine: writeOutputDependentGeometryStateToHWC layer[StatusBar#0] set Z 134217730 miFodLayer 134217728
08-29 18:57:21.651  1002  1002 D CompositionEngine: writeOutputDependentGeometryStateToHWC layer[RoundCorner#0] set Z 134217731 miFodLayer 134217728
08-29 18:57:21.651  1002  1002 D CompositionEngine: writeOutputDependentGeometryStateToHWC layer[RoundCorner#1] set Z 134217732 miFodLayer 134217728
08-29 18:57:21.683  1002  1002 D CompositionEngine: writeOutputDependentGeometryStateToHWC layer[cn.missevan/cn.missevan.activity.MainActivity#0] set Z 134217728 miFodLayer 134217728
08-29 18:57:21.683  1002  1002 D CompositionEngine: writeOutputDependentGeometryStateToHWC layer[PopupWindow:f798e37#0] set Z 134217729 miFodLayer 134217728
08-29 18:57:21.684  1002  1002 D CompositionEngine: writeOutputDependentGeometryStateToHWC layer[StatusBar#0] set Z 134217730 miFodLayer 134217728
08-29 18:57:21.684  1002  1002 D CompositionEngine: writeOutputDependentGeometryStateToHWC layer[RoundCorner#0] set Z 134217731 miFodLayer 134217728
08-29 18:57:21.684  1002  1002 D CompositionEngine: writeOutputDependentGeometryStateToHWC layer[RoundCorner#1] set Z 134217732 miFodLayer 134217728
08-29 18:57:21.714   910  3453 I vendor.qti.bluetooth@1.0-ibs_handler: ProcessIbsCmd: Received IBS_SLEEP_IND: 0xFE
08-29 18:57:21.714   910  3453 D vendor.qti.bluetooth@1.0-ibs_handler: SerialClockVote: vote for UART CLK OFF
08-29 18:57:21.717  1002  1002 D CompositionEngine: writeOutputDependentGeometryStateToHWC layer[cn.missevan/cn.missevan.activity.MainActivity#0] set Z 134217728 miFodLayer 134217728
08-29 18:57:21.717  1002  1002 D CompositionEngine: writeOutputDependentGeometryStateToHWC layer[PopupWindow:f798e37#0] set Z 134217729 miFodLayer 134217728
08-29 18:57:21.717  1002  1002 D CompositionEngine: writeOutputDependentGeometryStateToHWC layer[StatusBar#0] set Z 134217730 miFodLayer 134217728
08-29 18:57:21.717  1002  1002 D CompositionEngine: writeOutputDependentGeometryStateToHWC layer[RoundCorner#0] set Z 134217731 miFodLayer 134217728
08-29 18:57:21.717  1002  1002 D CompositionEngine: writeOutputDependentGeometryStateToHWC layer[RoundCorner#1] set Z 134217732 miFodLayer 134217728
08-29 18:57:21.744   602   602 E SELinux : avc:  denied  { find } for pid=4489 uid=10181 name=tethering scontext=u:r:vendor_systemhelper_app:s0:c512,c768 tcontext=u:object_r:tethering_service:s0 tclass=service_manager permissive=0
08-29 18:57:21.751  1002  1002 D CompositionEngine: writeOutputDependentGeometryStateToHWC layer[cn.missevan/cn.missevan.activity.MainActivity#0] set Z 134217728 miFodLayer 134217728
08-29 18:57:21.751  1002  1002 D CompositionEngine: writeOutputDependentGeometryStateToHWC layer[PopupWindow:f798e37#0] set Z 134217729 miFodLayer 134217728
08-29 18:57:21.751  1002  1002 D CompositionEngine: writeOutputDependentGeometryStateToHWC layer[StatusBar#0] set Z 134217730 miFodLayer 134217728
08-29 18:57:21.751  1002  1002 D CompositionEngine: writeOutputDependentGeometryStateToHWC layer[RoundCorner#0] set Z 134217731 miFodLayer 134217728
08-29 18:57:21.751  1002  1002 D CompositionEngine: writeOutputDependentGeometryStateToHWC layer[RoundCorner#1] set Z 134217732 miFodLayer 134217728
08-29 18:57:21.783  1002  1002 D CompositionEngine: writeOutputDependentGeometryStateToHWC layer[cn.missevan/cn.missevan.activity.MainActivity#0] set Z 134217728 miFodLayer 134217728
08-29 18:57:21.784  1002  1002 D CompositionEngine: writeOutputDependentGeometryStateToHWC layer[PopupWindow:f798e37#0] set Z 134217729 miFodLayer 134217728
08-29 18:57:21.784  1002  1002 D CompositionEngine: writeOutputDependentGeometryStateToHWC layer[StatusBar#0] set Z 134217730 miFodLayer 134217728
08-29 18:57:21.784  1002  1002 D CompositionEngine: writeOutputDependentGeometryStateToHWC layer[RoundCorner#0] set Z 134217731 miFodLayer 134217728
08-29 18:57:21.784  1002  1002 D CompositionEngine: writeOutputDependentGeometryStateToHWC layer[RoundCorner#1] set Z 134217732 miFodLayer 134217728
08-29 18:57:21.817  1002  1002 D CompositionEngine: writeOutputDependentGeometryStateToHWC layer[cn.missevan/cn.missevan.activity.MainActivity#0] set Z 134217728 miFodLayer 134217728
08-29 18:57:21.817  1002  1002 D CompositionEngine: writeOutputDependentGeometryStateToHWC layer[PopupWindow:f798e37#0] set Z 134217729 miFodLayer 134217728
08-29 18:57:21.817  1002  1002 D CompositionEngine: writeOutputDependentGeometryStateToHWC layer[StatusBar#0] set Z 134217730 miFodLayer 134217728
08-29 18:57:21.817  1002  1002 D CompositionEngine: writeOutputDependentGeometryStateToHWC layer[RoundCorner#0] set Z 134217731 miFodLayer 134217728
08-29 18:57:21.817  1002  1002 D CompositionEngine: writeOutputDependentGeometryStateToHWC layer[RoundCorner#1] set Z 134217732 miFodLayer 134217728
08-29 18:57:21.832 30734 31227 D CCodecBuffers: [c2.android.aac.decoder#670:1D-Input.Impl[N]] codec released a buffer owned by client (index 0)
08-29 18:57:21.839  1002  1002 D CompositionEngine: writeOutputDependentGeometryStateToHWC layer[cn.missevan/cn.missevan.activity.MainActivity#0] set Z 134217728 miFodLayer 134217728
08-29 18:57:21.839  1002  1002 D CompositionEngine: writeOutputDependentGeometryStateToHWC layer[PopupWindow:f798e37#0] set Z 134217729 miFodLayer 134217728
08-29 18:57:21.839  1002  1002 D CompositionEngine: writeOutputDependentGeometryStateToHWC layer[StatusBar#0] set Z 134217730 miFodLayer 134217728
08-29 18:57:21.839  1002  1002 D CompositionEngine: writeOutputDependentGeometryStateToHWC layer[RoundCorner#0] set Z 134217731 miFodLayer 134217728
08-29 18:57:21.839  1002  1002 D CompositionEngine: writeOutputDependentGeometryStateToHWC layer[RoundCorner#1] set Z 134217732 miFodLayer 134217728
08-29 18:57:21.864   910  3082 D vendor.qti.bluetooth@1.0-wake_lock: Release wakelock is released
08-29 18:57:21.872  1002  1002 D CompositionEngine: writeOutputDependentGeometryStateToHWC layer[cn.missevan/cn.missevan.activity.MainActivity#0] set Z 134217728 miFodLayer 134217728
08-29 18:57:21.872  1002  1002 D CompositionEngine: writeOutputDependentGeometryStateToHWC layer[PopupWindow:f798e37#0] set Z 134217729 miFodLayer 134217728
08-29 18:57:21.872  1002  1002 D CompositionEngine: writeOutputDependentGeometryStateToHWC layer[StatusBar#0] set Z 134217730 miFodLayer 134217728
08-29 18:57:21.872  1002  1002 D CompositionEngine: writeOutputDependentGeometryStateToHWC layer[RoundCorner#0] set Z 134217731 miFodLayer 134217728
08-29 18:57:21.872  1002  1002 D CompositionEngine: writeOutputDependentGeometryStateToHWC layer[RoundCorner#1] set Z 134217732 miFodLayer 134217728
08-29 18:57:21.906  1002  1002 D CompositionEngine: writeOutputDependentGeometryStateToHWC layer[cn.missevan/cn.missevan.activity.MainActivity#0] set Z 134217728 miFodLayer 134217728
08-29 18:57:21.906  1002  1002 D CompositionEngine: writeOutputDependentGeometryStateToHWC layer[PopupWindow:f798e37#0] set Z 134217729 miFodLayer 134217728
08-29 18:57:21.906  1002  1002 D CompositionEngine: writeOutputDependentGeometryStateToHWC layer[StatusBar#0] set Z 134217730 miFodLayer 134217728
08-29 18:57:21.906  1002  1002 D CompositionEngine: writeOutputDependentGeometryStateToHWC layer[RoundCorner#0] set Z 134217731 miFodLayer 134217728
08-29 18:57:21.906  1002  1002 D CompositionEngine: writeOutputDependentGeometryStateToHWC layer[RoundCorner#1] set Z 134217732 miFodLayer 134217728
08-29 18:57:21.939  1002  1002 D CompositionEngine: writeOutputDependentGeometryStateToHWC layer[cn.missevan/cn.missevan.activity.MainActivity#0] set Z 134217728 miFodLayer 134217728
08-29 18:57:21.940  1002  1002 D CompositionEngine: writeOutputDependentGeometryStateToHWC layer[PopupWindow:f798e37#0] set Z 134217729 miFodLayer 134217728
08-29 18:57:21.940  1002  1002 D CompositionEngine: writeOutputDependentGeometryStateToHWC layer[StatusBar#0] set Z 134217730 miFodLayer 134217728
08-29 18:57:21.940  1002  1002 D CompositionEngine: writeOutputDependentGeometryStateToHWC layer[RoundCorner#0] set Z 134217731 miFodLayer 134217728
08-29 18:57:21.940  1002  1002 D CompositionEngine: writeOutputDependentGeometryStateToHWC layer[RoundCorner#1] set Z 134217732 miFodLayer 134217728
08-29 18:57:21.945   602   602 E SELinux : avc:  denied  { find } for pid=4489 uid=10181 name=tethering scontext=u:r:vendor_systemhelper_app:s0:c512,c768 tcontext=u:object_r:tethering_service:s0 tclass=service_manager permissive=0
08-29 18:57:21.965  2965  3367 D FiveGDataOptimize: TxRx: 0, Tx: 0, Rx: 0, Hit: 0
08-29 18:57:21.973  1002  1002 D CompositionEngine: writeOutputDependentGeometryStateToHWC layer[cn.missevan/cn.missevan.activity.MainActivity#0] set Z 134217728 miFodLayer 134217728
08-29 18:57:21.973  1002  1002 D CompositionEngine: writeOutputDependentGeometryStateToHWC layer[PopupWindow:f798e37#0] set Z 134217729 miFodLayer 134217728
08-29 18:57:21.973  1002  1002 D CompositionEngine: writeOutputDependentGeometryStateToHWC layer[StatusBar#0] set Z 134217730 miFodLayer 134217728
08-29 18:57:21.973  1002  1002 D CompositionEngine: writeOutputDependentGeometryStateToHWC layer[RoundCorner#0] set Z 134217731 miFodLayer 134217728
08-29 18:57:21.973  1002  1002 D CompositionEngine: writeOutputDependentGeometryStateToHWC layer[RoundCorner#1] set Z 134217732 miFodLayer 134217728
08-29 18:57:22.006  1002  1002 D CompositionEngine: writeOutputDependentGeometryStateToHWC layer[cn.missevan/cn.missevan.activity.MainActivity#0] set Z 134217728 miFodLayer 134217728
08-29 18:57:22.006  1002  1002 D CompositionEngine: writeOutputDependentGeometryStateToHWC layer[PopupWindow:f798e37#0] set Z 134217729 miFodLayer 134217728
08-29 18:57:22.006  1002  1002 D CompositionEngine: writeOutputDependentGeometryStateToHWC layer[StatusBar#0] set Z 134217730 miFodLayer 134217728
08-29 18:57:22.006  1002  1002 D CompositionEngine: writeOutputDependentGeometryStateToHWC layer[RoundCorner#0] set Z 134217731 miFodLayer 134217728
08-29 18:57:22.006  1002  1002 D CompositionEngine: writeOutputDependentGeometryStateToHWC layer[RoundCorner#1] set Z 134217732 miFodLayer 134217728
08-29 18:57:22.039  1002  1002 D CompositionEngine: writeOutputDependentGeometryStateToHWC layer[cn.missevan/cn.missevan.activity.MainActivity#0] set Z 134217728 miFodLayer 134217728
08-29 18:57:22.039  1002  1002 D CompositionEngine: writeOutputDependentGeometryStateToHWC layer[PopupWindow:f798e37#0] set Z 134217729 miFodLayer 134217728
08-29 18:57:22.039  1002  1002 D CompositionEngine: writeOutputDependentGeometryStateToHWC layer[StatusBar#0] set Z 134217730 miFodLayer 134217728
08-29 18:57:22.040  1002  1002 D CompositionEngine: writeOutputDependentGeometryStateToHWC layer[RoundCorner#0] set Z 134217731 miFodLayer 134217728
08-29 18:57:22.040  1002  1002 D CompositionEngine: writeOutputDependentGeometryStateToHWC layer[RoundCorner#1] set Z 134217732 miFodLayer 134217728
08-29 18:57:22.051 27847 17931 I TeaLog  : p worked:true 60000
08-29 18:57:22.053 27847 17931 I TeaLog  : s0 0
08-29 18:57:22.053 27847 17931 I TeaLog  : s worked:true 60000
08-29 18:57:22.073  1002  1002 D CompositionEngine: writeOutputDependentGeometryStateToHWC layer[cn.missevan/cn.missevan.activity.MainActivity#0] set Z 134217728 miFodLayer 134217728
08-29 18:57:22.073  1002  1002 D CompositionEngine: writeOutputDependentGeometryStateToHWC layer[PopupWindow:f798e37#0] set Z 134217729 miFodLayer 134217728
08-29 18:57:22.073  1002  1002 D CompositionEngine: writeOutputDependentGeometryStateToHWC layer[StatusBar#0] set Z 134217730 miFodLayer 134217728
08-29 18:57:22.073  1002  1002 D CompositionEngine: writeOutputDependentGeometryStateToHWC layer[RoundCorner#0] set Z 134217731 miFodLayer 134217728
08-29 18:57:22.073  1002  1002 D CompositionEngine: writeOutputDependentGeometryStateToHWC layer[RoundCorner#1] set Z 134217732 miFodLayer 134217728
08-29 18:57:22.090  5014 30858 I SafeBinderCall: onPositionChange binder cost:1
08-29 18:57:22.090  2567  2567 D MiPlayDetailViewModel: onPositionChange(): position = 2104
08-29 18:57:22.095  1002  1002 D CompositionEngine: writeOutputDependentGeometryStateToHWC layer[cn.missevan/cn.missevan.activity.MainActivity#0] set Z 134217728 miFodLayer 134217728
08-29 18:57:22.095  1002  1002 D CompositionEngine: writeOutputDependentGeometryStateToHWC layer[PopupWindow:f798e37#0] set Z 134217729 miFodLayer 134217728
08-29 18:57:22.095  1002  1002 D CompositionEngine: writeOutputDependentGeometryStateToHWC layer[StatusBar#0] set Z 134217730 miFodLayer 134217728
08-29 18:57:22.095  1002  1002 D CompositionEngine: writeOutputDependentGeometryStateToHWC layer[RoundCorner#0] set Z 134217731 miFodLayer 134217728
08-29 18:57:22.095  1002  1002 D CompositionEngine: writeOutputDependentGeometryStateToHWC layer[RoundCorner#1] set Z 134217732 miFodLayer 134217728
08-29 18:57:22.128  1002  1002 D CompositionEngine: writeOutputDependentGeometryStateToHWC layer[cn.missevan/cn.missevan.activity.MainActivity#0] set Z 134217728 miFodLayer 134217728
08-29 18:57:22.128  1002  1002 D CompositionEngine: writeOutputDependentGeometryStateToHWC layer[PopupWindow:f798e37#0] set Z 134217729 miFodLayer 134217728
08-29 18:57:22.128  1002  1002 D CompositionEngine: writeOutputDependentGeometryStateToHWC layer[StatusBar#0] set Z 134217730 miFodLayer 134217728
08-29 18:57:22.128  1002  1002 D CompositionEngine: writeOutputDependentGeometryStateToHWC layer[RoundCorner#0] set Z 134217731 miFodLayer 134217728
08-29 18:57:22.128  1002  1002 D CompositionEngine: writeOutputDependentGeometryStateToHWC layer[RoundCorner#1] set Z 134217732 miFodLayer 134217728
08-29 18:57:22.146   602   602 E SELinux : avc:  denied  { find } for pid=4489 uid=10181 name=tethering scontext=u:r:vendor_systemhelper_app:s0:c512,c768 tcontext=u:object_r:tethering_service:s0 tclass=service_manager permissive=0
08-29 18:57:22.161  1002  1002 D CompositionEngine: writeOutputDependentGeometryStateToHWC layer[cn.missevan/cn.missevan.activity.MainActivity#0] set Z 134217728 miFodLayer 134217728
08-29 18:57:22.162  1002  1002 D CompositionEngine: writeOutputDependentGeometryStateToHWC layer[PopupWindow:f798e37#0] set Z 134217729 miFodLayer 134217728
08-29 18:57:22.162  1002  1002 D CompositionEngine: writeOutputDependentGeometryStateToHWC layer[StatusBar#0] set Z 134217730 miFodLayer 134217728
08-29 18:57:22.162  1002  1002 D CompositionEngine: writeOutputDependentGeometryStateToHWC layer[RoundCorner#0] set Z 134217731 miFodLayer 134217728
08-29 18:57:22.162  1002  1002 D CompositionEngine: writeOutputDependentGeometryStateToHWC layer[RoundCorner#1] set Z 134217732 miFodLayer 134217728
08-29 18:57:22.195  1002  1002 D CompositionEngine: writeOutputDependentGeometryStateToHWC layer[cn.missevan/cn.missevan.activity.MainActivity#0] set Z 134217728 miFodLayer 134217728
08-29 18:57:22.195  1002  1002 D CompositionEngine: writeOutputDependentGeometryStateToHWC layer[PopupWindow:f798e37#0] set Z 134217729 miFodLayer 134217728
08-29 18:57:22.195  1002  1002 D CompositionEngine: writeOutputDependentGeometryStateToHWC layer[StatusBar#0] set Z 134217730 miFodLayer 134217728
08-29 18:57:22.195  1002  1002 D CompositionEngine: writeOutputDependentGeometryStateToHWC layer[RoundCorner#0] set Z 134217731 miFodLayer 134217728
08-29 18:57:22.195  1002  1002 D CompositionEngine: writeOutputDependentGeometryStateToHWC layer[RoundCorner#1] set Z 134217732 miFodLayer 134217728
08-29 18:57:22.229  1002  1002 D CompositionEngine: writeOutputDependentGeometryStateToHWC layer[cn.missevan/cn.missevan.activity.MainActivity#0] set Z 134217728 miFodLayer 134217728
08-29 18:57:22.229  1002  1002 D CompositionEngine: writeOutputDependentGeometryStateToHWC layer[PopupWindow:f798e37#0] set Z 134217729 miFodLayer 134217728
08-29 18:57:22.229  1002  1002 D CompositionEngine: writeOutputDependentGeometryStateToHWC layer[StatusBar#0] set Z 134217730 miFodLayer 134217728
08-29 18:57:22.229  1002  1002 D CompositionEngine: writeOutputDependentGeometryStateToHWC layer[RoundCorner#0] set Z 134217731 miFodLayer 134217728
08-29 18:57:22.229  1002  1002 D CompositionEngine: writeOutputDependentGeometryStateToHWC layer[RoundCorner#1] set Z 134217732 miFodLayer 134217728
08-29 18:57:22.262  1002  1002 D CompositionEngine: writeOutputDependentGeometryStateToHWC layer[cn.missevan/cn.missevan.activity.MainActivity#0] set Z 134217728 miFodLayer 134217728
08-29 18:57:22.262  1002  1002 D CompositionEngine: writeOutputDependentGeometryStateToHWC layer[PopupWindow:f798e37#0] set Z 134217729 miFodLayer 134217728
08-29 18:57:22.262  1002  1002 D CompositionEngine: writeOutputDependentGeometryStateToHWC layer[StatusBar#0] set Z 134217730 miFodLayer 134217728
08-29 18:57:22.262  1002  1002 D CompositionEngine: writeOutputDependentGeometryStateToHWC layer[RoundCorner#0] set Z 134217731 miFodLayer 134217728
08-29 18:57:22.262  1002  1002 D CompositionEngine: writeOutputDependentGeometryStateToHWC layer[RoundCorner#1] set Z 134217732 miFodLayer 134217728
08-29 18:57:22.295  1002  1002 D CompositionEngine: writeOutputDependentGeometryStateToHWC layer[cn.missevan/cn.missevan.activity.MainActivity#0] set Z 134217728 miFodLayer 134217728
08-29 18:57:22.295  1002  1002 D CompositionEngine: writeOutputDependentGeometryStateToHWC layer[PopupWindow:f798e37#0] set Z 134217729 miFodLayer 134217728
08-29 18:57:22.295  1002  1002 D CompositionEngine: writeOutputDependentGeometryStateToHWC layer[StatusBar#0] set Z 134217730 miFodLayer 134217728
08-29 18:57:22.295  1002  1002 D CompositionEngine: writeOutputDependentGeometryStateToHWC layer[RoundCorner#0] set Z 134217731 miFodLayer 134217728
08-29 18:57:22.295  1002  1002 D CompositionEngine: writeOutputDependentGeometryStateToHWC layer[RoundCorner#1] set Z 134217732 miFodLayer 134217728
08-29 18:57:22.328  1002  1002 D CompositionEngine: writeOutputDependentGeometryStateToHWC layer[cn.missevan/cn.missevan.activity.MainActivity#0] set Z 134217728 miFodLayer 134217728
08-29 18:57:22.328  1002  1002 D CompositionEngine: writeOutputDependentGeometryStateToHWC layer[PopupWindow:f798e37#0] set Z 134217729 miFodLayer 134217728
08-29 18:57:22.329  1002  1002 D CompositionEngine: writeOutputDependentGeometryStateToHWC layer[StatusBar#0] set Z 134217730 miFodLayer 134217728
08-29 18:57:22.329  1002  1002 D CompositionEngine: writeOutputDependentGeometryStateToHWC layer[RoundCorner#0] set Z 134217731 miFodLayer 134217728
08-29 18:57:22.329  1002  1002 D CompositionEngine: writeOutputDependentGeometryStateToHWC layer[RoundCorner#1] set Z 134217732 miFodLayer 134217728
08-29 18:57:22.347   602   602 E SELinux : avc:  denied  { find } for pid=4489 uid=10181 name=tethering scontext=u:r:vendor_systemhelper_app:s0:c512,c768 tcontext=u:object_r:tethering_service:s0 tclass=service_manager permissive=0
08-29 18:57:22.362  1002  1002 D CompositionEngine: writeOutputDependentGeometryStateToHWC layer[cn.missevan/cn.missevan.activity.MainActivity#0] set Z 134217728 miFodLayer 134217728
08-29 18:57:22.362  1002  1002 D CompositionEngine: writeOutputDependentGeometryStateToHWC layer[PopupWindow:f798e37#0] set Z 134217729 miFodLayer 134217728
08-29 18:57:22.362  1002  1002 D CompositionEngine: writeOutputDependentGeometryStateToHWC layer[StatusBar#0] set Z 134217730 miFodLayer 134217728
08-29 18:57:22.362  1002  1002 D CompositionEngine: writeOutputDependentGeometryStateToHWC layer[RoundCorner#0] set Z 134217731 miFodLayer 134217728
08-29 18:57:22.362  1002  1002 D CompositionEngine: writeOutputDependentGeometryStateToHWC layer[RoundCorner#1] set Z 134217732 miFodLayer 134217728
08-29 18:57:22.395  1002  1002 D CompositionEngine: writeOutputDependentGeometryStateToHWC layer[cn.missevan/cn.missevan.activity.MainActivity#0] set Z 134217728 miFodLayer 134217728
08-29 18:57:22.396  1002  1002 D CompositionEngine: writeOutputDependentGeometryStateToHWC layer[PopupWindow:f798e37#0] set Z 134217729 miFodLayer 134217728
08-29 18:57:22.396  1002  1002 D CompositionEngine: writeOutputDependentGeometryStateToHWC layer[StatusBar#0] set Z 134217730 miFodLayer 134217728
08-29 18:57:22.396  1002  1002 D CompositionEngine: writeOutputDependentGeometryStateToHWC layer[RoundCorner#0] set Z 134217731 miFodLayer 134217728
08-29 18:57:22.396  1002  1002 D CompositionEngine: writeOutputDependentGeometryStateToHWC layer[RoundCorner#1] set Z 134217732 miFodLayer 134217728
08-29 18:57:22.429  1002  1002 D CompositionEngine: writeOutputDependentGeometryStateToHWC layer[cn.missevan/cn.missevan.activity.MainActivity#0] set Z 134217728 miFodLayer 134217728
08-29 18:57:22.429  1002  1002 D CompositionEngine: writeOutputDependentGeometryStateToHWC layer[PopupWindow:f798e37#0] set Z 134217729 miFodLayer 134217728
08-29 18:57:22.429  1002  1002 D CompositionEngine: writeOutputDependentGeometryStateToHWC layer[StatusBar#0] set Z 134217730 miFodLayer 134217728
08-29 18:57:22.429  1002  1002 D CompositionEngine: writeOutputDependentGeometryStateToHWC layer[RoundCorner#0] set Z 134217731 miFodLayer 134217728
08-29 18:57:22.429  1002  1002 D CompositionEngine: writeOutputDependentGeometryStateToHWC layer[RoundCorner#1] set Z 134217732 miFodLayer 134217728
08-29 18:57:22.462  1002  1002 D CompositionEngine: writeOutputDependentGeometryStateToHWC layer[cn.missevan/cn.missevan.activity.MainActivity#0] set Z 134217728 miFodLayer 134217728
08-29 18:57:22.462  1002  1002 D CompositionEngine: writeOutputDependentGeometryStateToHWC layer[PopupWindow:f798e37#0] set Z 134217729 miFodLayer 134217728
08-29 18:57:22.462  1002  1002 D CompositionEngine: writeOutputDependentGeometryStateToHWC layer[StatusBar#0] set Z 134217730 miFodLayer 134217728
08-29 18:57:22.462  1002  1002 D CompositionEngine: writeOutputDependentGeometryStateToHWC layer[RoundCorner#0] set Z 134217731 miFodLayer 134217728
08-29 18:57:22.462  1002  1002 D CompositionEngine: writeOutputDependentGeometryStateToHWC layer[RoundCorner#1] set Z 134217732 miFodLayer 134217728
08-29 18:57:22.495  1002  1002 D CompositionEngine: writeOutputDependentGeometryStateToHWC layer[cn.missevan/cn.missevan.activity.MainActivity#0] set Z 134217728 miFodLayer 134217728
08-29 18:57:22.495  1002  1002 D CompositionEngine: writeOutputDependentGeometryStateToHWC layer[PopupWindow:f798e37#0] set Z 134217729 miFodLayer 134217728
08-29 18:57:22.495  1002  1002 D CompositionEngine: writeOutputDependentGeometryStateToHWC layer[StatusBar#0] set Z 134217730 miFodLayer 134217728
08-29 18:57:22.495  1002  1002 D CompositionEngine: writeOutputDependentGeometryStateToHWC layer[RoundCorner#0] set Z 134217731 miFodLayer 134217728
08-29 18:57:22.495  1002  1002 D CompositionEngine: writeOutputDependentGeometryStateToHWC layer[RoundCorner#1] set Z 134217732 miFodLayer 134217728
08-29 18:57:22.507   914  2400 E CamX    : [ERROR][NCS    ] camxncsservice.cpp:594 EnqueueJob() Can not enqueue jobs when thread is stopped
08-29 18:57:22.507   914  2400 W CamX    : [ WARN][NCS    ] camxncsintfqsee.cpp:2263 FillSensorData() Buffer queue for sensor 10 has been freed: bufh=0x0, bufsize=360, stride=4
08-29 18:57:22.518  1002  1002 D CompositionEngine: writeOutputDependentGeometryStateToHWC layer[cn.missevan/cn.missevan.activity.MainActivity#0] set Z 134217728 miFodLayer 134217728
08-29 18:57:22.518  1002  1002 D CompositionEngine: writeOutputDependentGeometryStateToHWC layer[PopupWindow:f798e37#0] set Z 134217729 miFodLayer 134217728
08-29 18:57:22.518  1002  1002 D CompositionEngine: writeOutputDependentGeometryStateToHWC layer[StatusBar#0] set Z 134217730 miFodLayer 134217728
08-29 18:57:22.518  1002  1002 D CompositionEngine: writeOutputDependentGeometryStateToHWC layer[RoundCorner#0] set Z 134217731 miFodLayer 134217728
08-29 18:57:22.518  1002  1002 D CompositionEngine: writeOutputDependentGeometryStateToHWC layer[RoundCorner#1] set Z 134217732 miFodLayer 134217728
08-29 18:57:22.548   602   602 E SELinux : avc:  denied  { find } for pid=4489 uid=10181 name=tethering scontext=u:r:vendor_systemhelper_app:s0:c512,c768 tcontext=u:object_r:tethering_service:s0 tclass=service_manager permissive=0
08-29 18:57:22.551  1002  1002 D CompositionEngine: writeOutputDependentGeometryStateToHWC layer[cn.missevan/cn.missevan.activity.MainActivity#0] set Z 134217728 miFodLayer 134217728
08-29 18:57:22.552  1002  1002 D CompositionEngine: writeOutputDependentGeometryStateToHWC layer[PopupWindow:f798e37#0] set Z 134217729 miFodLayer 134217728
08-29 18:57:22.552  1002  1002 D CompositionEngine: writeOutputDependentGeometryStateToHWC layer[StatusBar#0] set Z 134217730 miFodLayer 134217728
08-29 18:57:22.552  1002  1002 D CompositionEngine: writeOutputDependentGeometryStateToHWC layer[RoundCorner#0] set Z 134217731 miFodLayer 134217728
08-29 18:57:22.552  1002  1002 D CompositionEngine: writeOutputDependentGeometryStateToHWC layer[RoundCorner#1] set Z 134217732 miFodLayer 134217728
08-29 18:57:22.584  1002  1002 D CompositionEngine: writeOutputDependentGeometryStateToHWC layer[cn.missevan/cn.missevan.activity.MainActivity#0] set Z 134217728 miFodLayer 134217728
08-29 18:57:22.584  1002  1002 D CompositionEngine: writeOutputDependentGeometryStateToHWC layer[PopupWindow:f798e37#0] set Z 134217729 miFodLayer 134217728
08-29 18:57:22.584  1002  1002 D CompositionEngine: writeOutputDependentGeometryStateToHWC layer[StatusBar#0] set Z 134217730 miFodLayer 134217728
08-29 18:57:22.584  1002  1002 D CompositionEngine: writeOutputDependentGeometryStateToHWC layer[RoundCorner#0] set Z 134217731 miFodLayer 134217728
08-29 18:57:22.584  1002  1002 D CompositionEngine: writeOutputDependentGeometryStateToHWC layer[RoundCorner#1] set Z 134217732 miFodLayer 134217728
08-29 18:57:22.618  1002  1002 D CompositionEngine: writeOutputDependentGeometryStateToHWC layer[cn.missevan/cn.missevan.activity.MainActivity#0] set Z 134217728 miFodLayer 134217728
08-29 18:57:22.618  1002  1002 D CompositionEngine: writeOutputDependentGeometryStateToHWC layer[PopupWindow:f798e37#0] set Z 134217729 miFodLayer 134217728
08-29 18:57:22.618  1002  1002 D CompositionEngine: writeOutputDependentGeometryStateToHWC layer[StatusBar#0] set Z 134217730 miFodLayer 134217728
08-29 18:57:22.618  1002  1002 D CompositionEngine: writeOutputDependentGeometryStateToHWC layer[RoundCorner#0] set Z 134217731 miFodLayer 134217728
08-29 18:57:22.618  1002  1002 D CompositionEngine: writeOutputDependentGeometryStateToHWC layer[RoundCorner#1] set Z 134217732 miFodLayer 134217728
08-29 18:57:22.652  1002  1002 D CompositionEngine: writeOutputDependentGeometryStateToHWC layer[cn.missevan/cn.missevan.activity.MainActivity#0] set Z 134217728 miFodLayer 134217728
08-29 18:57:22.652  1002  1002 D CompositionEngine: writeOutputDependentGeometryStateToHWC layer[PopupWindow:f798e37#0] set Z 134217729 miFodLayer 134217728
08-29 18:57:22.652  1002  1002 D CompositionEngine: writeOutputDependentGeometryStateToHWC layer[StatusBar#0] set Z 134217730 miFodLayer 134217728
08-29 18:57:22.652  1002  1002 D CompositionEngine: writeOutputDependentGeometryStateToHWC layer[RoundCorner#0] set Z 134217731 miFodLayer 134217728
08-29 18:57:22.652  1002  1002 D CompositionEngine: writeOutputDependentGeometryStateToHWC layer[RoundCorner#1] set Z 134217732 miFodLayer 134217728
08-29 18:57:22.685  1002  1002 D CompositionEngine: writeOutputDependentGeometryStateToHWC layer[cn.missevan/cn.missevan.activity.MainActivity#0] set Z 134217728 miFodLayer 134217728
08-29 18:57:22.685  1002  1002 D CompositionEngine: writeOutputDependentGeometryStateToHWC layer[PopupWindow:f798e37#0] set Z 134217729 miFodLayer 134217728
08-29 18:57:22.685  1002  1002 D CompositionEngine: writeOutputDependentGeometryStateToHWC layer[StatusBar#0] set Z 134217730 miFodLayer 134217728
08-29 18:57:22.685  1002  1002 D CompositionEngine: writeOutputDependentGeometryStateToHWC layer[RoundCorner#0] set Z 134217731 miFodLayer 134217728
08-29 18:57:22.685  1002  1002 D CompositionEngine: writeOutputDependentGeometryStateToHWC layer[RoundCorner#1] set Z 134217732 miFodLayer 134217728
08-29 18:57:22.718  1002  1002 D CompositionEngine: writeOutputDependentGeometryStateToHWC layer[cn.missevan/cn.missevan.activity.MainActivity#0] set Z 134217728 miFodLayer 134217728
08-29 18:57:22.718  1002  1002 D CompositionEngine: writeOutputDependentGeometryStateToHWC layer[PopupWindow:f798e37#0] set Z 134217729 miFodLayer 134217728
08-29 18:57:22.718  1002  1002 D CompositionEngine: writeOutputDependentGeometryStateToHWC layer[StatusBar#0] set Z 134217730 miFodLayer 134217728
08-29 18:57:22.718  1002  1002 D CompositionEngine: writeOutputDependentGeometryStateToHWC layer[RoundCorner#0] set Z 134217731 miFodLayer 134217728
08-29 18:57:22.718  1002  1002 D CompositionEngine: writeOutputDependentGeometryStateToHWC layer[RoundCorner#1] set Z 134217732 miFodLayer 134217728
08-29 18:57:22.741  1002  1002 D CompositionEngine: writeOutputDependentGeometryStateToHWC layer[cn.missevan/cn.missevan.activity.MainActivity#0] set Z 134217728 miFodLayer 134217728
08-29 18:57:22.741  1002  1002 D CompositionEngine: writeOutputDependentGeometryStateToHWC layer[PopupWindow:f798e37#0] set Z 134217729 miFodLayer 134217728
08-29 18:57:22.741  1002  1002 D CompositionEngine: writeOutputDependentGeometryStateToHWC layer[StatusBar#0] set Z 134217730 miFodLayer 134217728
08-29 18:57:22.741  1002  1002 D CompositionEngine: writeOutputDependentGeometryStateToHWC layer[RoundCorner#0] set Z 134217731 miFodLayer 134217728
08-29 18:57:22.741  1002  1002 D CompositionEngine: writeOutputDependentGeometryStateToHWC layer[RoundCorner#1] set Z 134217732 miFodLayer 134217728
08-29 18:57:22.749   602   602 E SELinux : avc:  denied  { find } for pid=4489 uid=10181 name=tethering scontext=u:r:vendor_systemhelper_app:s0:c512,c768 tcontext=u:object_r:tethering_service:s0 tclass=service_manager permissive=0
08-29 18:57:22.773  1002  1002 D CompositionEngine: writeOutputDependentGeometryStateToHWC layer[cn.missevan/cn.missevan.activity.MainActivity#0] set Z 134217728 miFodLayer 134217728
08-29 18:57:22.773  1002  1002 D CompositionEngine: writeOutputDependentGeometryStateToHWC layer[PopupWindow:f798e37#0] set Z 134217729 miFodLayer 134217728
08-29 18:57:22.773  1002  1002 D CompositionEngine: writeOutputDependentGeometryStateToHWC layer[StatusBar#0] set Z 134217730 miFodLayer 134217728
08-29 18:57:22.773  1002  1002 D CompositionEngine: writeOutputDependentGeometryStateToHWC layer[RoundCorner#0] set Z 134217731 miFodLayer 134217728
08-29 18:57:22.773  1002  1002 D CompositionEngine: writeOutputDependentGeometryStateToHWC layer[RoundCorner#1] set Z 134217732 miFodLayer 134217728
08-29 18:57:22.807  1002  1002 D CompositionEngine: writeOutputDependentGeometryStateToHWC layer[cn.missevan/cn.missevan.activity.MainActivity#0] set Z 134217728 miFodLayer 134217728
08-29 18:57:22.807  1002  1002 D CompositionEngine: writeOutputDependentGeometryStateToHWC layer[PopupWindow:f798e37#0] set Z 134217729 miFodLayer 134217728
08-29 18:57:22.807  1002  1002 D CompositionEngine: writeOutputDependentGeometryStateToHWC layer[StatusBar#0] set Z 134217730 miFodLayer 134217728
08-29 18:57:22.807  1002  1002 D CompositionEngine: writeOutputDependentGeometryStateToHWC layer[RoundCorner#0] set Z 134217731 miFodLayer 134217728
08-29 18:57:22.807  1002  1002 D CompositionEngine: writeOutputDependentGeometryStateToHWC layer[RoundCorner#1] set Z 134217732 miFodLayer 134217728
08-29 18:57:22.840  1002  1002 D CompositionEngine: writeOutputDependentGeometryStateToHWC layer[cn.missevan/cn.missevan.activity.MainActivity#0] set Z 134217728 miFodLayer 134217728
08-29 18:57:22.840  1002  1002 D CompositionEngine: writeOutputDependentGeometryStateToHWC layer[PopupWindow:f798e37#0] set Z 134217729 miFodLayer 134217728
08-29 18:57:22.840  1002  1002 D CompositionEngine: writeOutputDependentGeometryStateToHWC layer[StatusBar#0] set Z 134217730 miFodLayer 134217728
08-29 18:57:22.840  1002  1002 D CompositionEngine: writeOutputDependentGeometryStateToHWC layer[RoundCorner#0] set Z 134217731 miFodLayer 134217728
08-29 18:57:22.840  1002  1002 D CompositionEngine: writeOutputDependentGeometryStateToHWC layer[RoundCorner#1] set Z 134217732 miFodLayer 134217728
08-29 18:57:22.874  1002  1002 D CompositionEngine: writeOutputDependentGeometryStateToHWC layer[cn.missevan/cn.missevan.activity.MainActivity#0] set Z 134217728 miFodLayer 134217728
08-29 18:57:22.874  1002  1002 D CompositionEngine: writeOutputDependentGeometryStateToHWC layer[PopupWindow:f798e37#0] set Z 134217729 miFodLayer 134217728
08-29 18:57:22.874  1002  1002 D CompositionEngine: writeOutputDependentGeometryStateToHWC layer[StatusBar#0] set Z 134217730 miFodLayer 134217728
08-29 18:57:22.874  1002  1002 D CompositionEngine: writeOutputDependentGeometryStateToHWC layer[RoundCorner#0] set Z 134217731 miFodLayer 134217728
08-29 18:57:22.874  1002  1002 D CompositionEngine: writeOutputDependentGeometryStateToHWC layer[RoundCorner#1] set Z 134217732 miFodLayer 134217728
08-29 18:57:22.907  1002  1002 D CompositionEngine: writeOutputDependentGeometryStateToHWC layer[cn.missevan/cn.missevan.activity.MainActivity#0] set Z 134217728 miFodLayer 134217728
08-29 18:57:22.907  1002  1002 D CompositionEngine: writeOutputDependentGeometryStateToHWC layer[PopupWindow:f798e37#0] set Z 134217729 miFodLayer 134217728
08-29 18:57:22.907  1002  1002 D CompositionEngine: writeOutputDependentGeometryStateToHWC layer[StatusBar#0] set Z 134217730 miFodLayer 134217728
08-29 18:57:22.907  1002  1002 D CompositionEngine: writeOutputDependentGeometryStateToHWC layer[RoundCorner#0] set Z 134217731 miFodLayer 134217728
08-29 18:57:22.907  1002  1002 D CompositionEngine: writeOutputDependentGeometryStateToHWC layer[RoundCorner#1] set Z 134217732 miFodLayer 134217728
08-29 18:57:22.926   910  3453 I vendor.qti.bluetooth@1.0-ibs_handler: ProcessIbsCmd: Received IBS_WAKE_IND: 0xFD
08-29 18:57:22.926   910  3453 D vendor.qti.bluetooth@1.0-ibs_handler: SerialClockVote: vote for UART CLK ON
08-29 18:57:22.926   910  3453 D vendor.qti.bluetooth@1.0-wake_lock: Acquire wakelock is acquired
08-29 18:57:22.926   910  3453 I vendor.qti.bluetooth@1.0-ibs_handler: ProcessIbsCmd: Writing IBS_WAKE_ACK
08-29 18:57:22.927  2504  3456 V bt_stack: [VERBOSE1:btm_ble_gap.cc(1924)] btm_ble_process_ext_adv_pkt: bda=1d:e0:2c:90:73:dc
08-29 18:57:22.928  2504  3456 V bt_stack: [VERBOSE1:btm_ble_gap.cc(1848)] btm_ble_process_adv_addr: bda=1d:e0:2c:90:73:dc
08-29 18:57:22.928  2504  3456 V bt_stack: [VERBOSE1:btm_inq.cc(1019)] BTM_InqDbRead: bd addr 1d:e0:2c:90:73:dc
08-29 18:57:22.934 31241 31243 I cmd     : oneway function results will be dropped but finished with status OK and parcel size 4
08-29 18:57:22.940  1002  1002 D CompositionEngine: writeOutputDependentGeometryStateToHWC layer[cn.missevan/cn.missevan.activity.MainActivity#0] set Z 134217728 miFodLayer 134217728
08-29 18:57:22.940  1002  1002 D CompositionEngine: writeOutputDependentGeometryStateToHWC layer[PopupWindow:f798e37#0] set Z 134217729 miFodLayer 134217728
08-29 18:57:22.940  1002  1002 D CompositionEngine: writeOutputDependentGeometryStateToHWC layer[StatusBar#0] set Z 134217730 miFodLayer 134217728
08-29 18:57:22.940  1002  1002 D CompositionEngine: writeOutputDependentGeometryStateToHWC layer[RoundCorner#0] set Z 134217731 miFodLayer 134217728
08-29 18:57:22.940  1002  1002 D CompositionEngine: writeOutputDependentGeometryStateToHWC layer[RoundCorner#1] set Z 134217732 miFodLayer 134217728
08-29 18:57:22.947 30734 31227 D CCodecBuffers: [c2.android.aac.decoder#670:1D-Input.Impl[N]] codec released a buffer owned by client (index 0)
08-29 18:57:22.949   602   602 E SELinux : avc:  denied  { find } for pid=4489 uid=10181 name=tethering scontext=u:r:vendor_systemhelper_app:s0:c512,c768 tcontext=u:object_r:tethering_service:s0 tclass=service_manager permissive=0
08-29 18:57:22.967 31246 31248 I cmd     : oneway function results will be dropped but finished with status OK and parcel size 4
08-29 18:57:22.974  1002  1002 D CompositionEngine: writeOutputDependentGeometryStateToHWC layer[cn.missevan/cn.missevan.activity.MainActivity#0] set Z 134217728 miFodLayer 134217728
08-29 18:57:22.974  1002  1002 D CompositionEngine: writeOutputDependentGeometryStateToHWC layer[PopupWindow:f798e37#0] set Z 134217729 miFodLayer 134217728
08-29 18:57:22.974  1002  1002 D CompositionEngine: writeOutputDependentGeometryStateToHWC layer[StatusBar#0] set Z 134217730 miFodLayer 134217728
08-29 18:57:22.974  1002  1002 D CompositionEngine: writeOutputDependentGeometryStateToHWC layer[RoundCorner#0] set Z 134217731 miFodLayer 134217728
08-29 18:57:22.974  1002  1002 D CompositionEngine: writeOutputDependentGeometryStateToHWC layer[RoundCorner#1] set Z 134217732 miFodLayer 134217728
08-29 18:57:23.004 31251 31253 I cmd     : oneway function results will be dropped but finished with status OK and parcel size 4
08-29 18:57:23.007  1002  1002 D CompositionEngine: writeOutputDependentGeometryStateToHWC layer[cn.missevan/cn.missevan.activity.MainActivity#0] set Z 134217728 miFodLayer 134217728
08-29 18:57:23.007  1002  1002 D CompositionEngine: writeOutputDependentGeometryStateToHWC layer[PopupWindow:f798e37#0] set Z 134217729 miFodLayer 134217728
08-29 18:57:23.007  1002  1002 D CompositionEngine: writeOutputDependentGeometryStateToHWC layer[StatusBar#0] set Z 134217730 miFodLayer 134217728
08-29 18:57:23.007  1002  1002 D CompositionEngine: writeOutputDependentGeometryStateToHWC layer[RoundCorner#0] set Z 134217731 miFodLayer 134217728
08-29 18:57:23.007  1002  1002 D CompositionEngine: writeOutputDependentGeometryStateToHWC layer[RoundCorner#1] set Z 134217732 miFodLayer 134217728
08-29 18:57:23.008   910  3453 I vendor.qti.bluetooth@1.0-ibs_handler: ProcessIbsCmd: Received IBS_SLEEP_IND: 0xFE
08-29 18:57:23.008   910  3453 D vendor.qti.bluetooth@1.0-ibs_handler: SerialClockVote: vote for UART CLK OFF
08-29 18:57:23.030   914  2400 E CamX    : [ERROR][NCS    ] camxncsservice.cpp:594 EnqueueJob() Can not enqueue jobs when thread is stopped
08-29 18:57:23.030   914  2400 W CamX    : [ WARN][NCS    ] camxncsintfqsee.cpp:2263 FillSensorData() Buffer queue for sensor 7 has been freed: bufh=0x0, bufsize=1248, stride=4
08-29 18:57:23.030   972  1777 D DisplayFeatureHal: HandleSunlightScreen enter modeId 0, cookie = 0
08-29 18:57:23.030   972  1777 D DisplayFeatureHal: HandleSunlightScreen exit ret -1
08-29 18:57:23.040  1002  1002 D CompositionEngine: writeOutputDependentGeometryStateToHWC layer[cn.missevan/cn.missevan.activity.MainActivity#0] set Z 134217728 miFodLayer 134217728
08-29 18:57:23.040  1002  1002 D CompositionEngine: writeOutputDependentGeometryStateToHWC layer[PopupWindow:f798e37#0] set Z 134217729 miFodLayer 134217728
08-29 18:57:23.041  1002  1002 D CompositionEngine: writeOutputDependentGeometryStateToHWC layer[StatusBar#0] set Z 134217730 miFodLayer 134217728
08-29 18:57:23.041  1002  1002 D CompositionEngine: writeOutputDependentGeometryStateToHWC layer[RoundCorner#0] set Z 134217731 miFodLayer 134217728
08-29 18:57:23.041  1002  1002 D CompositionEngine: writeOutputDependentGeometryStateToHWC layer[RoundCorner#1] set Z 134217732 miFodLayer 134217728
08-29 18:57:23.063  1002  1002 D CompositionEngine: writeOutputDependentGeometryStateToHWC layer[cn.missevan/cn.missevan.activity.MainActivity#0] set Z 134217728 miFodLayer 134217728
08-29 18:57:23.063  1002  1002 D CompositionEngine: writeOutputDependentGeometryStateToHWC layer[PopupWindow:f798e37#0] set Z 134217729 miFodLayer 134217728
08-29 18:57:23.063  1002  1002 D CompositionEngine: writeOutputDependentGeometryStateToHWC layer[StatusBar#0] set Z 134217730 miFodLayer 134217728
08-29 18:57:23.063  1002  1002 D CompositionEngine: writeOutputDependentGeometryStateToHWC layer[RoundCorner#0] set Z 134217731 miFodLayer 134217728
08-29 18:57:23.063  1002  1002 D CompositionEngine: writeOutputDependentGeometryStateToHWC layer[RoundCorner#1] set Z 134217732 miFodLayer 134217728
08-29 18:57:23.090  5014 30858 I SafeBinderCall: onPositionChange binder cost:0
08-29 18:57:23.090  2567  2567 D MiPlayDetailViewModel: onPositionChange(): position = 3105
08-29 18:57:23.096  1002  1002 D CompositionEngine: writeOutputDependentGeometryStateToHWC layer[cn.missevan/cn.missevan.activity.MainActivity#0] set Z 134217728 miFodLayer 134217728
08-29 18:57:23.096  1002  1002 D CompositionEngine: writeOutputDependentGeometryStateToHWC layer[PopupWindow:f798e37#0] set Z 134217729 miFodLayer 134217728
08-29 18:57:23.096  1002  1002 D CompositionEngine: writeOutputDependentGeometryStateToHWC layer[StatusBar#0] set Z 134217730 miFodLayer 134217728
08-29 18:57:23.096  1002  1002 D CompositionEngine: writeOutputDependentGeometryStateToHWC layer[RoundCorner#0] set Z 134217731 miFodLayer 134217728
08-29 18:57:23.096  1002  1002 D CompositionEngine: writeOutputDependentGeometryStateToHWC layer[RoundCorner#1] set Z 134217732 miFodLayer 134217728
08-29 18:57:23.129   914  2400 E CamX    : [ERROR][NCS    ] camxncsservice.cpp:594 EnqueueJob() Can not enqueue jobs when thread is stopped
08-29 18:57:23.129   914  2400 W CamX    : [ WARN][NCS    ] camxncsintfqsee.cpp:2263 FillSensorData() Buffer queue for sensor 7 has been freed: bufh=0x0, bufsize=1248, stride=4
08-29 18:57:23.129  1002  1002 D CompositionEngine: writeOutputDependentGeometryStateToHWC layer[cn.missevan/cn.missevan.activity.MainActivity#0] set Z 134217728 miFodLayer 134217728
08-29 18:57:23.129  1002  1002 D CompositionEngine: writeOutputDependentGeometryStateToHWC layer[PopupWindow:f798e37#0] set Z 134217729 miFodLayer 134217728
08-29 18:57:23.129  1002  1002 D CompositionEngine: writeOutputDependentGeometryStateToHWC layer[StatusBar#0] set Z 134217730 miFodLayer 134217728
08-29 18:57:23.129  1002  1002 D CompositionEngine: writeOutputDependentGeometryStateToHWC layer[RoundCorner#0] set Z 134217731 miFodLayer 134217728
08-29 18:57:23.129  1002  1002 D CompositionEngine: writeOutputDependentGeometryStateToHWC layer[RoundCorner#1] set Z 134217732 miFodLayer 134217728
08-29 18:57:23.131   972  1777 D DisplayFeatureHal: HandleSunlightScreen enter modeId 0, cookie = 0
08-29 18:57:23.131   972  1777 D DisplayFeatureHal: HandleSunlightScreen exit ret -1
08-29 18:57:23.142  1853  2364 D WifiScoreReportInjector: Fast switch not enabled
08-29 18:57:23.153   602   602 E SELinux : avc:  denied  { find } for pid=4489 uid=10181 name=tethering scontext=u:r:vendor_systemhelper_app:s0:c512,c768 tcontext=u:object_r:tethering_service:s0 tclass=service_manager permissive=0
08-29 18:57:23.159   910  3082 D vendor.qti.bluetooth@1.0-wake_lock: Release wakelock is released
08-29 18:57:23.163  1002  1002 D CompositionEngine: writeOutputDependentGeometryStateToHWC layer[cn.missevan/cn.missevan.activity.MainActivity#0] set Z 134217728 miFodLayer 134217728
08-29 18:57:23.163  1002  1002 D CompositionEngine: writeOutputDependentGeometryStateToHWC layer[PopupWindow:f798e37#0] set Z 134217729 miFodLayer 134217728
08-29 18:57:23.163  1002  1002 D CompositionEngine: writeOutputDependentGeometryStateToHWC layer[StatusBar#0] set Z 134217730 miFodLayer 134217728
08-29 18:57:23.163  1002  1002 D CompositionEngine: writeOutputDependentGeometryStateToHWC layer[RoundCorner#0] set Z 134217731 miFodLayer 134217728
08-29 18:57:23.163  1002  1002 D CompositionEngine: writeOutputDependentGeometryStateToHWC layer[RoundCorner#1] set Z 134217732 miFodLayer 134217728
08-29 18:57:23.169  1853  2644 E PackageParserInjector: dump dex file error ,file message: base.odex: 48Kb
08-29 18:57:23.169  1853  2644 E PackageParserInjector: dump dex file error ,file message: base.odex: 48Kb base.vdex: 2000Kb
08-29 18:57:23.169   602   602 I servicemanager: Since 'apexservice' could not be found, trying to start it as a lazy AIDL service
08-29 18:57:23.205   602   602 I BpBinder: onLastStrongRef automatically unlinking death recipients: <uncached descriptor>
08-29 18:57:23.206   602   602 I servicemanager: Tried to unregister apexservice, but there is about to be a client.
08-29 18:57:23.207 30734 31224 D CCodecBufferChannel: [c2.android.aac.decoder#670] DEBUG: elapsed: n=6 [in=0 pipeline=0 out=2 smoothness=4]
08-29 18:57:23.207 30734 31224 D PipelineWatcher: DEBUG: elapsed 2 / 6
08-29 18:57:23.207  1002  1002 D CompositionEngine: writeOutputDependentGeometryStateToHWC layer[cn.missevan/cn.missevan.activity.MainActivity#0] set Z 134217728 miFodLayer 134217728
08-29 18:57:23.207  1002  1002 D CompositionEngine: writeOutputDependentGeometryStateToHWC layer[PopupWindow:f798e37#0] set Z 134217729 miFodLayer 134217728
08-29 18:57:23.207  1002  1002 D CompositionEngine: writeOutputDependentGeometryStateToHWC layer[StatusBar#0] set Z 134217730 miFodLayer 134217728
08-29 18:57:23.207  1002  1002 D CompositionEngine: writeOutputDependentGeometryStateToHWC layer[RoundCorner#0] set Z 134217731 miFodLayer 134217728
08-29 18:57:23.207  1002  1002 D CompositionEngine: writeOutputDependentGeometryStateToHWC layer[RoundCorner#1] set Z 134217732 miFodLayer 134217728
08-29 18:57:23.230  1002  1002 D CompositionEngine: writeOutputDependentGeometryStateToHWC layer[cn.missevan/cn.missevan.activity.MainActivity#0] set Z 134217728 miFodLayer 134217728
08-29 18:57:23.230  1002  1002 D CompositionEngine: writeOutputDependentGeometryStateToHWC layer[PopupWindow:f798e37#0] set Z 134217729 miFodLayer 134217728
08-29 18:57:23.230  1002  1002 D CompositionEngine: writeOutputDependentGeometryStateToHWC layer[StatusBar#0] set Z 134217730 miFodLayer 134217728
08-29 18:57:23.230  1002  1002 D CompositionEngine: writeOutputDependentGeometryStateToHWC layer[RoundCorner#0] set Z 134217731 miFodLayer 134217728
08-29 18:57:23.230  1002  1002 D CompositionEngine: writeOutputDependentGeometryStateToHWC layer[RoundCorner#1] set Z 134217732 miFodLayer 134217728
08-29 18:57:23.263  1002  1002 D CompositionEngine: writeOutputDependentGeometryStateToHWC layer[cn.missevan/cn.missevan.activity.MainActivity#0] set Z 134217728 miFodLayer 134217728
08-29 18:57:23.263  1002  1002 D CompositionEngine: writeOutputDependentGeometryStateToHWC layer[PopupWindow:f798e37#0] set Z 134217729 miFodLayer 134217728
08-29 18:57:23.263  1002  1002 D CompositionEngine: writeOutputDependentGeometryStateToHWC layer[StatusBar#0] set Z 134217730 miFodLayer 134217728
08-29 18:57:23.263  1002  1002 D CompositionEngine: writeOutputDependentGeometryStateToHWC layer[RoundCorner#0] set Z 134217731 miFodLayer 134217728
08-29 18:57:23.263  1002  1002 D CompositionEngine: writeOutputDependentGeometryStateToHWC layer[RoundCorner#1] set Z 134217732 miFodLayer 134217728
08-29 18:57:23.276  1853  2643 E PackageParserInjector: dump dex file error ,file message: base.odex: 48Kb
08-29 18:57:23.276  1853  2643 E PackageParserInjector: dump dex file error ,file message: base.odex: 48Kb base.vdex: 2000Kb
08-29 18:57:23.296  1002  1002 D CompositionEngine: writeOutputDependentGeometryStateToHWC layer[cn.missevan/cn.missevan.activity.MainActivity#0] set Z 134217728 miFodLayer 134217728
08-29 18:57:23.296  1002  1002 D CompositionEngine: writeOutputDependentGeometryStateToHWC layer[PopupWindow:f798e37#0] set Z 134217729 miFodLayer 134217728
08-29 18:57:23.296  1002  1002 D CompositionEngine: writeOutputDependentGeometryStateToHWC layer[StatusBar#0] set Z 134217730 miFodLayer 134217728
08-29 18:57:23.296  1002  1002 D CompositionEngine: writeOutputDependentGeometryStateToHWC layer[RoundCorner#0] set Z 134217731 miFodLayer 134217728
08-29 18:57:23.296  1002  1002 D CompositionEngine: writeOutputDependentGeometryStateToHWC layer[RoundCorner#1] set Z 134217732 miFodLayer 134217728
08-29 18:57:23.318  1002  1002 D CompositionEngine: writeOutputDependentGeometryStateToHWC layer[cn.missevan/cn.missevan.activity.MainActivity#0] set Z 134217728 miFodLayer 134217728
08-29 18:57:23.319  1002  1002 D CompositionEngine: writeOutputDependentGeometryStateToHWC layer[PopupWindow:f798e37#0] set Z 134217729 miFodLayer 134217728
08-29 18:57:23.319  1002  1002 D CompositionEngine: writeOutputDependentGeometryStateToHWC layer[StatusBar#0] set Z 134217730 miFodLayer 134217728
08-29 18:57:23.319  1002  1002 D CompositionEngine: writeOutputDependentGeometryStateToHWC layer[RoundCorner#0] set Z 134217731 miFodLayer 134217728
