08-29 18:57:23.319  1002  1002 D CompositionEngine: writeOutputDependentGeometryStateToHWC layer[RoundCorner#1] set Z 134217732 miFodLayer 134217728
08-29 18:57:23.352  1002  1002 D CompositionEngine: writeOutputDependentGeometryStateToHWC layer[cn.missevan/cn.missevan.activity.MainActivity#0] set Z 134217728 miFodLayer 134217728
08-29 18:57:23.352  1002  1002 D CompositionEngine: writeOutputDependentGeometryStateToHWC layer[PopupWindow:f798e37#0] set Z 134217729 miFodLayer 134217728
08-29 18:57:23.352  1002  1002 D CompositionEngine: writeOutputDependentGeometryStateToHWC layer[StatusBar#0] set Z 134217730 miFodLayer 134217728
08-29 18:57:23.352  1002  1002 D CompositionEngine: writeOutputDependentGeometryStateToHWC layer[RoundCorner#0] set Z 134217731 miFodLayer 134217728
08-29 18:57:23.352  1002  1002 D CompositionEngine: writeOutputDependentGeometryStateToHWC layer[RoundCorner#1] set Z 134217732 miFodLayer 134217728
08-29 18:57:23.355   602   602 E SELinux : avc:  denied  { find } for pid=4489 uid=10181 name=tethering scontext=u:r:vendor_systemhelper_app:s0:c512,c768 tcontext=u:object_r:tethering_service:s0 tclass=service_manager permissive=0
08-29 18:57:23.385  1002  1002 D CompositionEngine: writeOutputDependentGeometryStateToHWC layer[cn.missevan/cn.missevan.activity.MainActivity#0] set Z 134217728 miFodLayer 134217728
08-29 18:57:23.386  1002  1002 D CompositionEngine: writeOutputDependentGeometryStateToHWC layer[PopupWindow:f798e37#0] set Z 134217729 miFodLayer 134217728
08-29 18:57:23.386  1002  1002 D CompositionEngine: writeOutputDependentGeometryStateToHWC layer[StatusBar#0] set Z 134217730 miFodLayer 134217728
08-29 18:57:23.386  1002  1002 D CompositionEngine: writeOutputDependentGeometryStateToHWC layer[RoundCorner#0] set Z 134217731 miFodLayer 134217728
08-29 18:57:23.386  1002  1002 D CompositionEngine: writeOutputDependentGeometryStateToHWC layer[RoundCorner#1] set Z 134217732 miFodLayer 134217728
08-29 18:57:23.419  1002  1002 D CompositionEngine: writeOutputDependentGeometryStateToHWC layer[cn.missevan/cn.missevan.activity.MainActivity#0] set Z 134217728 miFodLayer 134217728
08-29 18:57:23.420  1002  1002 D CompositionEngine: writeOutputDependentGeometryStateToHWC layer[PopupWindow:f798e37#0] set Z 134217729 miFodLayer 134217728
08-29 18:57:23.420  1002  1002 D CompositionEngine: writeOutputDependentGeometryStateToHWC layer[StatusBar#0] set Z 134217730 miFodLayer 134217728
08-29 18:57:23.420  1002  1002 D CompositionEngine: writeOutputDependentGeometryStateToHWC layer[RoundCorner#0] set Z 134217731 miFodLayer 134217728
08-29 18:57:23.420  1002  1002 D CompositionEngine: writeOutputDependentGeometryStateToHWC layer[RoundCorner#1] set Z 134217732 miFodLayer 134217728
08-29 18:57:23.452  1002  1002 D CompositionEngine: writeOutputDependentGeometryStateToHWC layer[cn.missevan/cn.missevan.activity.MainActivity#0] set Z 134217728 miFodLayer 134217728
08-29 18:57:23.452  1002  1002 D CompositionEngine: writeOutputDependentGeometryStateToHWC layer[PopupWindow:f798e37#0] set Z 134217729 miFodLayer 134217728
08-29 18:57:23.452  1002  1002 D CompositionEngine: writeOutputDependentGeometryStateToHWC layer[StatusBar#0] set Z 134217730 miFodLayer 134217728
08-29 18:57:23.452  1002  1002 D CompositionEngine: writeOutputDependentGeometryStateToHWC layer[RoundCorner#0] set Z 134217731 miFodLayer 134217728
08-29 18:57:23.452  1002  1002 D CompositionEngine: writeOutputDependentGeometryStateToHWC layer[RoundCorner#1] set Z 134217732 miFodLayer 134217728
08-29 18:57:23.486  1002  1002 D CompositionEngine: writeOutputDependentGeometryStateToHWC layer[cn.missevan/cn.missevan.activity.MainActivity#0] set Z 134217728 miFodLayer 134217728
08-29 18:57:23.486  1002  1002 D CompositionEngine: writeOutputDependentGeometryStateToHWC layer[PopupWindow:f798e37#0] set Z 134217729 miFodLayer 134217728
08-29 18:57:23.486  1002  1002 D CompositionEngine: writeOutputDependentGeometryStateToHWC layer[StatusBar#0] set Z 134217730 miFodLayer 134217728
08-29 18:57:23.486  1002  1002 D CompositionEngine: writeOutputDependentGeometryStateToHWC layer[RoundCorner#0] set Z 134217731 miFodLayer 134217728
08-29 18:57:23.486  1002  1002 D CompositionEngine: writeOutputDependentGeometryStateToHWC layer[RoundCorner#1] set Z 134217732 miFodLayer 134217728
08-29 18:57:23.507   914  2400 E CamX    : [ERROR][NCS    ] camxncsservice.cpp:594 EnqueueJob() Can not enqueue jobs when thread is stopped
08-29 18:57:23.507   914  2400 W CamX    : [ WARN][NCS    ] camxncsintfqsee.cpp:2263 FillSensorData() Buffer queue for sensor 10 has been freed: bufh=0x0, bufsize=360, stride=4
08-29 18:57:23.519  1002  1002 D CompositionEngine: writeOutputDependentGeometryStateToHWC layer[cn.missevan/cn.missevan.activity.MainActivity#0] set Z 134217728 miFodLayer 134217728
08-29 18:57:23.519  1002  1002 D CompositionEngine: writeOutputDependentGeometryStateToHWC layer[PopupWindow:f798e37#0] set Z 134217729 miFodLayer 134217728
08-29 18:57:23.519  1002  1002 D CompositionEngine: writeOutputDependentGeometryStateToHWC layer[StatusBar#0] set Z 134217730 miFodLayer 134217728
08-29 18:57:23.519  1002  1002 D CompositionEngine: writeOutputDependentGeometryStateToHWC layer[RoundCorner#0] set Z 134217731 miFodLayer 134217728
08-29 18:57:23.519  1002  1002 D CompositionEngine: writeOutputDependentGeometryStateToHWC layer[RoundCorner#1] set Z 134217732 miFodLayer 134217728
08-29 18:57:23.552  1002  1002 D CompositionEngine: writeOutputDependentGeometryStateToHWC layer[cn.missevan/cn.missevan.activity.MainActivity#0] set Z 134217728 miFodLayer 134217728
08-29 18:57:23.552  1002  1002 D CompositionEngine: writeOutputDependentGeometryStateToHWC layer[PopupWindow:f798e37#0] set Z 134217729 miFodLayer 134217728
08-29 18:57:23.552  1002  1002 D CompositionEngine: writeOutputDependentGeometryStateToHWC layer[StatusBar#0] set Z 134217730 miFodLayer 134217728
08-29 18:57:23.552  1002  1002 D CompositionEngine: writeOutputDependentGeometryStateToHWC layer[RoundCorner#0] set Z 134217731 miFodLayer 134217728
08-29 18:57:23.552  1002  1002 D CompositionEngine: writeOutputDependentGeometryStateToHWC layer[RoundCorner#1] set Z 134217732 miFodLayer 134217728
08-29 18:57:23.556   602   602 E SELinux : avc:  denied  { find } for pid=4489 uid=10181 name=tethering scontext=u:r:vendor_systemhelper_app:s0:c512,c768 tcontext=u:object_r:tethering_service:s0 tclass=service_manager permissive=0
08-29 18:57:23.585  1002  1002 D CompositionEngine: writeOutputDependentGeometryStateToHWC layer[cn.missevan/cn.missevan.activity.MainActivity#0] set Z 134217728 miFodLayer 134217728
08-29 18:57:23.586  1002  1002 D CompositionEngine: writeOutputDependentGeometryStateToHWC layer[PopupWindow:f798e37#0] set Z 134217729 miFodLayer 134217728
08-29 18:57:23.586  1002  1002 D CompositionEngine: writeOutputDependentGeometryStateToHWC layer[StatusBar#0] set Z 134217730 miFodLayer 134217728
08-29 18:57:23.586  1002  1002 D CompositionEngine: writeOutputDependentGeometryStateToHWC layer[RoundCorner#0] set Z 134217731 miFodLayer 134217728
08-29 18:57:23.586  1002  1002 D CompositionEngine: writeOutputDependentGeometryStateToHWC layer[RoundCorner#1] set Z 134217732 miFodLayer 134217728
08-29 18:57:23.619  1002  1002 D CompositionEngine: writeOutputDependentGeometryStateToHWC layer[cn.missevan/cn.missevan.activity.MainActivity#0] set Z 134217728 miFodLayer 134217728
08-29 18:57:23.619  1002  1002 D CompositionEngine: writeOutputDependentGeometryStateToHWC layer[PopupWindow:f798e37#0] set Z 134217729 miFodLayer 134217728
08-29 18:57:23.619  1002  1002 D CompositionEngine: writeOutputDependentGeometryStateToHWC layer[StatusBar#0] set Z 134217730 miFodLayer 134217728
08-29 18:57:23.619  1002  1002 D CompositionEngine: writeOutputDependentGeometryStateToHWC layer[RoundCorner#0] set Z 134217731 miFodLayer 134217728
08-29 18:57:23.619  1002  1002 D CompositionEngine: writeOutputDependentGeometryStateToHWC layer[RoundCorner#1] set Z 134217732 miFodLayer 134217728
08-29 18:57:23.636 19656 19656 E adbd    : failed to connect to socket 'tcp:6790': Connection refused
08-29 18:57:23.638 19656 19656 I chatty  : uid=2000(shell) /apex/com.android.adbd/bin/adbd identical 1 line
08-29 18:57:23.639 19656 19656 E adbd    : failed to connect to socket 'tcp:6790': Connection refused
08-29 18:57:23.641  1002  1002 D CompositionEngine: writeOutputDependentGeometryStateToHWC layer[cn.missevan/cn.missevan.activity.MainActivity#0] set Z 134217728 miFodLayer 134217728
08-29 18:57:23.641  1002  1002 D CompositionEngine: writeOutputDependentGeometryStateToHWC layer[PopupWindow:f798e37#0] set Z 134217729 miFodLayer 134217728
08-29 18:57:23.641  1002  1002 D CompositionEngine: writeOutputDependentGeometryStateToHWC layer[StatusBar#0] set Z 134217730 miFodLayer 134217728
08-29 18:57:23.641  1002  1002 D CompositionEngine: writeOutputDependentGeometryStateToHWC layer[RoundCorner#0] set Z 134217731 miFodLayer 134217728
08-29 18:57:23.641  1002  1002 D CompositionEngine: writeOutputDependentGeometryStateToHWC layer[RoundCorner#1] set Z 134217732 miFodLayer 134217728
08-29 18:57:23.669   910  3453 I vendor.qti.bluetooth@1.0-ibs_handler: ProcessIbsCmd: Received IBS_WAKE_IND: 0xFD
08-29 18:57:23.669   914  2400 E CamX    : [ERROR][NCS    ] camxncsservice.cpp:594 EnqueueJob() Can not enqueue jobs when thread is stopped
08-29 18:57:23.669   914  2400 W CamX    : [ WARN][NCS    ] camxncsintfqsee.cpp:2263 FillSensorData() Buffer queue for sensor 7 has been freed: bufh=0x0, bufsize=1248, stride=4
08-29 18:57:23.670   910  3453 D vendor.qti.bluetooth@1.0-ibs_handler: SerialClockVote: vote for UART CLK ON
08-29 18:57:23.671   972  1777 D DisplayFeatureHal: HandleSunlightScreen enter modeId 0, cookie = 0
08-29 18:57:23.671   972  1777 D DisplayFeatureHal: HandleSunlightScreen exit ret -1
08-29 18:57:23.671   910  3453 D vendor.qti.bluetooth@1.0-wake_lock: Acquire wakelock is acquired
08-29 18:57:23.671   910  3453 I vendor.qti.bluetooth@1.0-ibs_handler: ProcessIbsCmd: Writing IBS_WAKE_ACK
08-29 18:57:23.672  2504  3456 V bt_stack: [VERBOSE1:btm_ble_gap.cc(1924)] btm_ble_process_ext_adv_pkt: bda=6c:d3:ee:41:41:7b
08-29 18:57:23.672  2504  3456 V bt_stack: [VERBOSE1:btm_ble_gap.cc(1848)] btm_ble_process_adv_addr: bda=6c:d3:ee:41:41:7b
08-29 18:57:23.672  2504  3456 V bt_stack: [VERBOSE1:btm_ble_gap.cc(2058)]  Waiting for scan response 6c:d3:ee:41:41:7b
08-29 18:57:23.672  2504  3456 V bt_stack: [VERBOSE1:btm_ble_gap.cc(1924)] btm_ble_process_ext_adv_pkt: bda=6c:d3:ee:41:41:7b
08-29 18:57:23.672  2504  3456 V bt_stack: [VERBOSE1:btm_ble_gap.cc(1848)] btm_ble_process_adv_addr: bda=6c:d3:ee:41:41:7b
08-29 18:57:23.672  2504  3456 V bt_stack: [VERBOSE1:btm_inq.cc(1019)] BTM_InqDbRead: bd addr 6c:d3:ee:41:41:7b
08-29 18:57:23.674  1002  1002 D CompositionEngine: writeOutputDependentGeometryStateToHWC layer[cn.missevan/cn.missevan.activity.MainActivity#0] set Z 134217728 miFodLayer 134217728
08-29 18:57:23.674  1002  1002 D CompositionEngine: writeOutputDependentGeometryStateToHWC layer[PopupWindow:f798e37#0] set Z 134217729 miFodLayer 134217728
08-29 18:57:23.674  1002  1002 D CompositionEngine: writeOutputDependentGeometryStateToHWC layer[StatusBar#0] set Z 134217730 miFodLayer 134217728
08-29 18:57:23.674  1002  1002 D CompositionEngine: writeOutputDependentGeometryStateToHWC layer[RoundCorner#0] set Z 134217731 miFodLayer 134217728
08-29 18:57:23.674  1002  1002 D CompositionEngine: writeOutputDependentGeometryStateToHWC layer[RoundCorner#1] set Z 134217732 miFodLayer 134217728
08-29 18:57:23.675  3465  3557 D MiuiFastConnectService: current device: 00:00:00:41:41:7B, peer device: 00:00:00:40:CC:1F, connect able device: 00:00:00:00:00:00
08-29 18:57:23.675  3465  3557 D MiuiFastConnectService: scanCallback: data=[16,01,09,8C,2E,00,58,05,F7,CF,89,D3,6C,EE,7B,41,41,D8,D3,6C,EE,1F,CC,40,00,00,00,], rssi: -69
08-29 18:57:23.677  3465  3557 E MiuiFastConnectService: Pre check headset connected
08-29 18:57:23.677  3465  3557 E MiuiFastConnectService: Clear Current Device All Info
08-29 18:57:23.708  1002  1002 D CompositionEngine: writeOutputDependentGeometryStateToHWC layer[cn.missevan/cn.missevan.activity.MainActivity#0] set Z 134217728 miFodLayer 134217728
08-29 18:57:23.708  1002  1002 D CompositionEngine: writeOutputDependentGeometryStateToHWC layer[PopupWindow:f798e37#0] set Z 134217729 miFodLayer 134217728
08-29 18:57:23.708  1002  1002 D CompositionEngine: writeOutputDependentGeometryStateToHWC layer[StatusBar#0] set Z 134217730 miFodLayer 134217728
08-29 18:57:23.708  1002  1002 D CompositionEngine: writeOutputDependentGeometryStateToHWC layer[RoundCorner#0] set Z 134217731 miFodLayer 134217728
08-29 18:57:23.708  1002  1002 D CompositionEngine: writeOutputDependentGeometryStateToHWC layer[RoundCorner#1] set Z 134217732 miFodLayer 134217728
08-29 18:57:23.732  1853  2643 E PackageParserInjector: dump dex file error ,file message: base.odex: 166Kb
08-29 18:57:23.733  1853  2643 E PackageParserInjector: dump dex file error ,file message: base.odex: 166Kb base.vdex: 7638Kb
08-29 18:57:23.741  1002  1002 D CompositionEngine: writeOutputDependentGeometryStateToHWC layer[cn.missevan/cn.missevan.activity.MainActivity#0] set Z 134217728 miFodLayer 134217728
08-29 18:57:23.741  1002  1002 D CompositionEngine: writeOutputDependentGeometryStateToHWC layer[PopupWindow:f798e37#0] set Z 134217729 miFodLayer 134217728
08-29 18:57:23.741  1002  1002 D CompositionEngine: writeOutputDependentGeometryStateToHWC layer[StatusBar#0] set Z 134217730 miFodLayer 134217728
08-29 18:57:23.741  1002  1002 D CompositionEngine: writeOutputDependentGeometryStateToHWC layer[RoundCorner#0] set Z 134217731 miFodLayer 134217728
08-29 18:57:23.741  1002  1002 D CompositionEngine: writeOutputDependentGeometryStateToHWC layer[RoundCorner#1] set Z 134217732 miFodLayer 134217728
08-29 18:57:23.751   910  3453 I vendor.qti.bluetooth@1.0-ibs_handler: ProcessIbsCmd: Received IBS_SLEEP_IND: 0xFE
08-29 18:57:23.751   910  3453 D vendor.qti.bluetooth@1.0-ibs_handler: SerialClockVote: vote for UART CLK OFF
08-29 18:57:23.757   602   602 E SELinux : avc:  denied  { find } for pid=4489 uid=10181 name=tethering scontext=u:r:vendor_systemhelper_app:s0:c512,c768 tcontext=u:object_r:tethering_service:s0 tclass=service_manager permissive=0
08-29 18:57:23.774  1002  1002 D CompositionEngine: writeOutputDependentGeometryStateToHWC layer[cn.missevan/cn.missevan.activity.MainActivity#0] set Z 134217728 miFodLayer 134217728
08-29 18:57:23.774  1002  1002 D CompositionEngine: writeOutputDependentGeometryStateToHWC layer[PopupWindow:f798e37#0] set Z 134217729 miFodLayer 134217728
08-29 18:57:23.774  1002  1002 D CompositionEngine: writeOutputDependentGeometryStateToHWC layer[StatusBar#0] set Z 134217730 miFodLayer 134217728
08-29 18:57:23.774  1002  1002 D CompositionEngine: writeOutputDependentGeometryStateToHWC layer[RoundCorner#0] set Z 134217731 miFodLayer 134217728
08-29 18:57:23.774  1002  1002 D CompositionEngine: writeOutputDependentGeometryStateToHWC layer[RoundCorner#1] set Z 134217732 miFodLayer 134217728
08-29 18:57:23.789 30734 31227 D CCodecBuffers: [c2.android.aac.decoder#670:1D-Input.Impl[N]] codec released a buffer owned by client (index 0)
08-29 18:57:23.805  1853  2643 E PackageParserInjector: dump dex file error ,file message: base.odex: 166Kb
08-29 18:57:23.805  1853  2643 E PackageParserInjector: dump dex file error ,file message: base.odex: 166Kb base.vdex: 7638Kb
08-29 18:57:23.808  1002  1002 D CompositionEngine: writeOutputDependentGeometryStateToHWC layer[cn.missevan/cn.missevan.activity.MainActivity#0] set Z 134217728 miFodLayer 134217728
08-29 18:57:23.808  1002  1002 D CompositionEngine: writeOutputDependentGeometryStateToHWC layer[PopupWindow:f798e37#0] set Z 134217729 miFodLayer 134217728
08-29 18:57:23.808  1002  1002 D CompositionEngine: writeOutputDependentGeometryStateToHWC layer[StatusBar#0] set Z 134217730 miFodLayer 134217728
08-29 18:57:23.808  1002  1002 D CompositionEngine: writeOutputDependentGeometryStateToHWC layer[RoundCorner#0] set Z 134217731 miFodLayer 134217728
08-29 18:57:23.808  1002  1002 D CompositionEngine: writeOutputDependentGeometryStateToHWC layer[RoundCorner#1] set Z 134217732 miFodLayer 134217728
08-29 18:57:23.841  1002  1002 D CompositionEngine: writeOutputDependentGeometryStateToHWC layer[cn.missevan/cn.missevan.activity.MainActivity#0] set Z 134217728 miFodLayer 134217728
08-29 18:57:23.841  1002  1002 D CompositionEngine: writeOutputDependentGeometryStateToHWC layer[PopupWindow:f798e37#0] set Z 134217729 miFodLayer 134217728
08-29 18:57:23.841  1002  1002 D CompositionEngine: writeOutputDependentGeometryStateToHWC layer[StatusBar#0] set Z 134217730 miFodLayer 134217728
08-29 18:57:23.841  1002  1002 D CompositionEngine: writeOutputDependentGeometryStateToHWC layer[RoundCorner#0] set Z 134217731 miFodLayer 134217728
08-29 18:57:23.841  1002  1002 D CompositionEngine: writeOutputDependentGeometryStateToHWC layer[RoundCorner#1] set Z 134217732 miFodLayer 134217728
08-29 18:57:23.863  1002  1002 D CompositionEngine: writeOutputDependentGeometryStateToHWC layer[cn.missevan/cn.missevan.activity.MainActivity#0] set Z 134217728 miFodLayer 134217728
08-29 18:57:23.863  1002  1002 D CompositionEngine: writeOutputDependentGeometryStateToHWC layer[PopupWindow:f798e37#0] set Z 134217729 miFodLayer 134217728
08-29 18:57:23.863  1002  1002 D CompositionEngine: writeOutputDependentGeometryStateToHWC layer[StatusBar#0] set Z 134217730 miFodLayer 134217728
08-29 18:57:23.863  1002  1002 D CompositionEngine: writeOutputDependentGeometryStateToHWC layer[RoundCorner#0] set Z 134217731 miFodLayer 134217728
08-29 18:57:23.863  1002  1002 D CompositionEngine: writeOutputDependentGeometryStateToHWC layer[RoundCorner#1] set Z 134217732 miFodLayer 134217728
08-29 18:57:23.896  1002  1002 D CompositionEngine: writeOutputDependentGeometryStateToHWC layer[cn.missevan/cn.missevan.activity.MainActivity#0] set Z 134217728 miFodLayer 134217728
08-29 18:57:23.896  1002  1002 D CompositionEngine: writeOutputDependentGeometryStateToHWC layer[PopupWindow:f798e37#0] set Z 134217729 miFodLayer 134217728
08-29 18:57:23.896  1002  1002 D CompositionEngine: writeOutputDependentGeometryStateToHWC layer[StatusBar#0] set Z 134217730 miFodLayer 134217728
08-29 18:57:23.896  1002  1002 D CompositionEngine: writeOutputDependentGeometryStateToHWC layer[RoundCorner#0] set Z 134217731 miFodLayer 134217728
08-29 18:57:23.896  1002  1002 D CompositionEngine: writeOutputDependentGeometryStateToHWC layer[RoundCorner#1] set Z 134217732 miFodLayer 134217728
08-29 18:57:23.902   910  3082 D vendor.qti.bluetooth@1.0-wake_lock: Release wakelock is released
08-29 18:57:23.930  1002  1002 D CompositionEngine: writeOutputDependentGeometryStateToHWC layer[cn.missevan/cn.missevan.activity.MainActivity#0] set Z 134217728 miFodLayer 134217728
08-29 18:57:23.930  1002  1002 D CompositionEngine: writeOutputDependentGeometryStateToHWC layer[PopupWindow:f798e37#0] set Z 134217729 miFodLayer 134217728
08-29 18:57:23.930  1002  1002 D CompositionEngine: writeOutputDependentGeometryStateToHWC layer[StatusBar#0] set Z 134217730 miFodLayer 134217728
08-29 18:57:23.930  1002  1002 D CompositionEngine: writeOutputDependentGeometryStateToHWC layer[RoundCorner#0] set Z 134217731 miFodLayer 134217728
08-29 18:57:23.930  1002  1002 D CompositionEngine: writeOutputDependentGeometryStateToHWC layer[RoundCorner#1] set Z 134217732 miFodLayer 134217728
08-29 18:57:23.957   602   602 E SELinux : avc:  denied  { find } for pid=4489 uid=10181 name=tethering scontext=u:r:vendor_systemhelper_app:s0:c512,c768 tcontext=u:object_r:tethering_service:s0 tclass=service_manager permissive=0
08-29 18:57:23.963  1002  1002 D CompositionEngine: writeOutputDependentGeometryStateToHWC layer[cn.missevan/cn.missevan.activity.MainActivity#0] set Z 134217728 miFodLayer 134217728
08-29 18:57:23.963  1002  1002 D CompositionEngine: writeOutputDependentGeometryStateToHWC layer[PopupWindow:f798e37#0] set Z 134217729 miFodLayer 134217728
08-29 18:57:23.963  1002  1002 D CompositionEngine: writeOutputDependentGeometryStateToHWC layer[StatusBar#0] set Z 134217730 miFodLayer 134217728
08-29 18:57:23.963  1002  1002 D CompositionEngine: writeOutputDependentGeometryStateToHWC layer[RoundCorner#0] set Z 134217731 miFodLayer 134217728
08-29 18:57:23.963  1002  1002 D CompositionEngine: writeOutputDependentGeometryStateToHWC layer[RoundCorner#1] set Z 134217732 miFodLayer 134217728
08-29 18:57:23.997  1002  1002 D CompositionEngine: writeOutputDependentGeometryStateToHWC layer[cn.missevan/cn.missevan.activity.MainActivity#0] set Z 134217728 miFodLayer 134217728
08-29 18:57:23.997  1002  1002 D CompositionEngine: writeOutputDependentGeometryStateToHWC layer[PopupWindow:f798e37#0] set Z 134217729 miFodLayer 134217728
08-29 18:57:23.997  1002  1002 D CompositionEngine: writeOutputDependentGeometryStateToHWC layer[StatusBar#0] set Z 134217730 miFodLayer 134217728
08-29 18:57:23.997  1002  1002 D CompositionEngine: writeOutputDependentGeometryStateToHWC layer[RoundCorner#0] set Z 134217731 miFodLayer 134217728
08-29 18:57:23.997  1002  1002 D CompositionEngine: writeOutputDependentGeometryStateToHWC layer[RoundCorner#1] set Z 134217732 miFodLayer 134217728
08-29 18:57:24.030  1002  1002 D CompositionEngine: writeOutputDependentGeometryStateToHWC layer[cn.missevan/cn.missevan.activity.MainActivity#0] set Z 134217728 miFodLayer 134217728
08-29 18:57:24.030  1002  1002 D CompositionEngine: writeOutputDependentGeometryStateToHWC layer[PopupWindow:f798e37#0] set Z 134217729 miFodLayer 134217728
08-29 18:57:24.030  1002  1002 D CompositionEngine: writeOutputDependentGeometryStateToHWC layer[StatusBar#0] set Z 134217730 miFodLayer 134217728
08-29 18:57:24.030  1002  1002 D CompositionEngine: writeOutputDependentGeometryStateToHWC layer[RoundCorner#0] set Z 134217731 miFodLayer 134217728
08-29 18:57:24.030  1002  1002 D CompositionEngine: writeOutputDependentGeometryStateToHWC layer[RoundCorner#1] set Z 134217732 miFodLayer 134217728
08-29 18:57:24.052  1002  1002 D CompositionEngine: writeOutputDependentGeometryStateToHWC layer[cn.missevan/cn.missevan.activity.MainActivity#0] set Z 134217728 miFodLayer 134217728
08-29 18:57:24.053  1002  1002 D CompositionEngine: writeOutputDependentGeometryStateToHWC layer[PopupWindow:f798e37#0] set Z 134217729 miFodLayer 134217728
08-29 18:57:24.053  1002  1002 D CompositionEngine: writeOutputDependentGeometryStateToHWC layer[StatusBar#0] set Z 134217730 miFodLayer 134217728
08-29 18:57:24.053  1002  1002 D CompositionEngine: writeOutputDependentGeometryStateToHWC layer[RoundCorner#0] set Z 134217731 miFodLayer 134217728
08-29 18:57:24.053  1002  1002 D CompositionEngine: writeOutputDependentGeometryStateToHWC layer[RoundCorner#1] set Z 134217732 miFodLayer 134217728
08-29 18:57:24.086  1002  1002 D CompositionEngine: writeOutputDependentGeometryStateToHWC layer[cn.missevan/cn.missevan.activity.MainActivity#0] set Z 134217728 miFodLayer 134217728
08-29 18:57:24.086  1002  1002 D CompositionEngine: writeOutputDependentGeometryStateToHWC layer[PopupWindow:f798e37#0] set Z 134217729 miFodLayer 134217728
08-29 18:57:24.086  1002  1002 D CompositionEngine: writeOutputDependentGeometryStateToHWC layer[StatusBar#0] set Z 134217730 miFodLayer 134217728
08-29 18:57:24.086  1002  1002 D CompositionEngine: writeOutputDependentGeometryStateToHWC layer[RoundCorner#0] set Z 134217731 miFodLayer 134217728
08-29 18:57:24.086  1002  1002 D CompositionEngine: writeOutputDependentGeometryStateToHWC layer[RoundCorner#1] set Z 134217732 miFodLayer 134217728
08-29 18:57:24.091  5014 30858 I SafeBinderCall: onPositionChange binder cost:1
08-29 18:57:24.091  2567  2567 D MiPlayDetailViewModel: onPositionChange(): position = 4105
08-29 18:57:24.119  1002  1002 D CompositionEngine: writeOutputDependentGeometryStateToHWC layer[cn.missevan/cn.missevan.activity.MainActivity#0] set Z 134217728 miFodLayer 134217728
08-29 18:57:24.119  1002  1002 D CompositionEngine: writeOutputDependentGeometryStateToHWC layer[PopupWindow:f798e37#0] set Z 134217729 miFodLayer 134217728
08-29 18:57:24.119  1002  1002 D CompositionEngine: writeOutputDependentGeometryStateToHWC layer[StatusBar#0] set Z 134217730 miFodLayer 134217728
08-29 18:57:24.119  1002  1002 D CompositionEngine: writeOutputDependentGeometryStateToHWC layer[RoundCorner#0] set Z 134217731 miFodLayer 134217728
08-29 18:57:24.119  1002  1002 D CompositionEngine: writeOutputDependentGeometryStateToHWC layer[RoundCorner#1] set Z 134217732 miFodLayer 134217728
08-29 18:57:24.132  1853  5409 E PackageParserInjector: dump dex file error ,file message: base.odex: 44Kb
08-29 18:57:24.132  1853  5409 E PackageParserInjector: dump dex file error ,file message: base.odex: 44Kb base.vdex: 1727Kb
08-29 18:57:24.152  1002  1002 D CompositionEngine: writeOutputDependentGeometryStateToHWC layer[cn.missevan/cn.missevan.activity.MainActivity#0] set Z 134217728 miFodLayer 134217728
08-29 18:57:24.153  1002  1002 D CompositionEngine: writeOutputDependentGeometryStateToHWC layer[PopupWindow:f798e37#0] set Z 134217729 miFodLayer 134217728
08-29 18:57:24.153  1002  1002 D CompositionEngine: writeOutputDependentGeometryStateToHWC layer[StatusBar#0] set Z 134217730 miFodLayer 134217728
08-29 18:57:24.153  1002  1002 D CompositionEngine: writeOutputDependentGeometryStateToHWC layer[RoundCorner#0] set Z 134217731 miFodLayer 134217728
08-29 18:57:24.153  1002  1002 D CompositionEngine: writeOutputDependentGeometryStateToHWC layer[RoundCorner#1] set Z 134217732 miFodLayer 134217728
08-29 18:57:24.158   602   602 E SELinux : avc:  denied  { find } for pid=4489 uid=10181 name=tethering scontext=u:r:vendor_systemhelper_app:s0:c512,c768 tcontext=u:object_r:tethering_service:s0 tclass=service_manager permissive=0
08-29 18:57:24.186  1002  1002 D CompositionEngine: writeOutputDependentGeometryStateToHWC layer[cn.missevan/cn.missevan.activity.MainActivity#0] set Z 134217728 miFodLayer 134217728
08-29 18:57:24.186  1002  1002 D CompositionEngine: writeOutputDependentGeometryStateToHWC layer[PopupWindow:f798e37#0] set Z 134217729 miFodLayer 134217728
08-29 18:57:24.186  1002  1002 D CompositionEngine: writeOutputDependentGeometryStateToHWC layer[StatusBar#0] set Z 134217730 miFodLayer 134217728
08-29 18:57:24.186  1002  1002 D CompositionEngine: writeOutputDependentGeometryStateToHWC layer[RoundCorner#0] set Z 134217731 miFodLayer 134217728
08-29 18:57:24.186  1002  1002 D CompositionEngine: writeOutputDependentGeometryStateToHWC layer[RoundCorner#1] set Z 134217732 miFodLayer 134217728
08-29 18:57:24.208  1002  1002 D CompositionEngine: writeOutputDependentGeometryStateToHWC layer[cn.missevan/cn.missevan.activity.MainActivity#0] set Z 134217728 miFodLayer 134217728
08-29 18:57:24.208  1002  1002 D CompositionEngine: writeOutputDependentGeometryStateToHWC layer[PopupWindow:f798e37#0] set Z 134217729 miFodLayer 134217728
08-29 18:57:24.208  1002  1002 D CompositionEngine: writeOutputDependentGeometryStateToHWC layer[StatusBar#0] set Z 134217730 miFodLayer 134217728
08-29 18:57:24.208  1002  1002 D CompositionEngine: writeOutputDependentGeometryStateToHWC layer[RoundCorner#0] set Z 134217731 miFodLayer 134217728
08-29 18:57:24.208  1002  1002 D CompositionEngine: writeOutputDependentGeometryStateToHWC layer[RoundCorner#1] set Z 134217732 miFodLayer 134217728
08-29 18:57:24.241  1002  1002 D CompositionEngine: writeOutputDependentGeometryStateToHWC layer[cn.missevan/cn.missevan.activity.MainActivity#0] set Z 134217728 miFodLayer 134217728
08-29 18:57:24.242  1002  1002 D CompositionEngine: writeOutputDependentGeometryStateToHWC layer[PopupWindow:f798e37#0] set Z 134217729 miFodLayer 134217728
08-29 18:57:24.242  1002  1002 D CompositionEngine: writeOutputDependentGeometryStateToHWC layer[StatusBar#0] set Z 134217730 miFodLayer 134217728
08-29 18:57:24.242  1002  1002 D CompositionEngine: writeOutputDependentGeometryStateToHWC layer[RoundCorner#0] set Z 134217731 miFodLayer 134217728
08-29 18:57:24.242  1002  1002 D CompositionEngine: writeOutputDependentGeometryStateToHWC layer[RoundCorner#1] set Z 134217732 miFodLayer 134217728
08-29 18:57:24.275  1002  1002 D CompositionEngine: writeOutputDependentGeometryStateToHWC layer[cn.missevan/cn.missevan.activity.MainActivity#0] set Z 134217728 miFodLayer 134217728
08-29 18:57:24.275  1002  1002 D CompositionEngine: writeOutputDependentGeometryStateToHWC layer[PopupWindow:f798e37#0] set Z 134217729 miFodLayer 134217728
08-29 18:57:24.275  1002  1002 D CompositionEngine: writeOutputDependentGeometryStateToHWC layer[StatusBar#0] set Z 134217730 miFodLayer 134217728
08-29 18:57:24.275  1002  1002 D CompositionEngine: writeOutputDependentGeometryStateToHWC layer[RoundCorner#0] set Z 134217731 miFodLayer 134217728
08-29 18:57:24.275  1002  1002 D CompositionEngine: writeOutputDependentGeometryStateToHWC layer[RoundCorner#1] set Z 134217732 miFodLayer 134217728
08-29 18:57:24.298  1853  2360 I MiuiNetworkPolicy: bandwidth: 10 KB/s, Max bandwidth: 9910 KB/s
08-29 18:57:24.308  1002  1002 D CompositionEngine: writeOutputDependentGeometryStateToHWC layer[cn.missevan/cn.missevan.activity.MainActivity#0] set Z 134217728 miFodLayer 134217728
08-29 18:57:24.308  1002  1002 D CompositionEngine: writeOutputDependentGeometryStateToHWC layer[PopupWindow:f798e37#0] set Z 134217729 miFodLayer 134217728
08-29 18:57:24.308  1002  1002 D CompositionEngine: writeOutputDependentGeometryStateToHWC layer[StatusBar#0] set Z 134217730 miFodLayer 134217728
08-29 18:57:24.308  1002  1002 D CompositionEngine: writeOutputDependentGeometryStateToHWC layer[RoundCorner#0] set Z 134217731 miFodLayer 134217728
08-29 18:57:24.308  1002  1002 D CompositionEngine: writeOutputDependentGeometryStateToHWC layer[RoundCorner#1] set Z 134217732 miFodLayer 134217728
08-29 18:57:24.342  1002  1002 D CompositionEngine: writeOutputDependentGeometryStateToHWC layer[cn.missevan/cn.missevan.activity.MainActivity#0] set Z 134217728 miFodLayer 134217728
08-29 18:57:24.342  1002  1002 D CompositionEngine: writeOutputDependentGeometryStateToHWC layer[PopupWindow:f798e37#0] set Z 134217729 miFodLayer 134217728
08-29 18:57:24.342  1002  1002 D CompositionEngine: writeOutputDependentGeometryStateToHWC layer[StatusBar#0] set Z 134217730 miFodLayer 134217728
08-29 18:57:24.342  1002  1002 D CompositionEngine: writeOutputDependentGeometryStateToHWC layer[RoundCorner#0] set Z 134217731 miFodLayer 134217728
08-29 18:57:24.342  1002  1002 D CompositionEngine: writeOutputDependentGeometryStateToHWC layer[RoundCorner#1] set Z 134217732 miFodLayer 134217728
08-29 18:57:24.359   602   602 E SELinux : avc:  denied  { find } for pid=4489 uid=10181 name=tethering scontext=u:r:vendor_systemhelper_app:s0:c512,c768 tcontext=u:object_r:tethering_service:s0 tclass=service_manager permissive=0
08-29 18:57:24.364 19656 19656 E adbd    : failed to connect to socket 'tcp:6790': Connection refused
08-29 18:57:24.386  1002  1002 D CompositionEngine: writeOutputDependentGeometryStateToHWC layer[cn.missevan/cn.missevan.activity.MainActivity#0] set Z 134217728 miFodLayer 134217728
08-29 18:57:24.387  1002  1002 D CompositionEngine: writeOutputDependentGeometryStateToHWC layer[PopupWindow:f798e37#0] set Z 134217729 miFodLayer 134217728
08-29 18:57:24.387  1002  1002 D CompositionEngine: writeOutputDependentGeometryStateToHWC layer[StatusBar#0] set Z 134217730 miFodLayer 134217728
08-29 18:57:24.387  1002  1002 D CompositionEngine: writeOutputDependentGeometryStateToHWC layer[RoundCorner#0] set Z 134217731 miFodLayer 134217728
08-29 18:57:24.387  1002  1002 D CompositionEngine: writeOutputDependentGeometryStateToHWC layer[RoundCorner#1] set Z 134217732 miFodLayer 134217728
08-29 18:57:24.409  1002  1002 D CompositionEngine: writeOutputDependentGeometryStateToHWC layer[cn.missevan/cn.missevan.activity.MainActivity#0] set Z 134217728 miFodLayer 134217728
08-29 18:57:24.409  1002  1002 D CompositionEngine: writeOutputDependentGeometryStateToHWC layer[PopupWindow:f798e37#0] set Z 134217729 miFodLayer 134217728
08-29 18:57:24.409  1002  1002 D CompositionEngine: writeOutputDependentGeometryStateToHWC layer[StatusBar#0] set Z 134217730 miFodLayer 134217728
08-29 18:57:24.409  1002  1002 D CompositionEngine: writeOutputDependentGeometryStateToHWC layer[RoundCorner#0] set Z 134217731 miFodLayer 134217728
08-29 18:57:24.409  1002  1002 D CompositionEngine: writeOutputDependentGeometryStateToHWC layer[RoundCorner#1] set Z 134217732 miFodLayer 134217728
08-29 18:57:24.442  1002  1002 D CompositionEngine: writeOutputDependentGeometryStateToHWC layer[cn.missevan/cn.missevan.activity.MainActivity#0] set Z 134217728 miFodLayer 134217728
08-29 18:57:24.442  1002  1002 D CompositionEngine: writeOutputDependentGeometryStateToHWC layer[PopupWindow:f798e37#0] set Z 134217729 miFodLayer 134217728
08-29 18:57:24.442  1002  1002 D CompositionEngine: writeOutputDependentGeometryStateToHWC layer[StatusBar#0] set Z 134217730 miFodLayer 134217728
08-29 18:57:24.442  1002  1002 D CompositionEngine: writeOutputDependentGeometryStateToHWC layer[RoundCorner#0] set Z 134217731 miFodLayer 134217728
08-29 18:57:24.442  1002  1002 D CompositionEngine: writeOutputDependentGeometryStateToHWC layer[RoundCorner#1] set Z 134217732 miFodLayer 134217728
08-29 18:57:24.448  1853  5409 I ActivityManager: Force stopping io.appium.uiautomator2.server.test appid=10840 user=0: from process:31308
08-29 18:57:24.456 31308 31310 I cmd     : oneway function results will be dropped but finished with status OK and parcel size 4
08-29 18:57:24.456  1853  1896 W FieldClassificationStrategy: No valid components found.
08-29 18:57:24.458  5063  5063 D AggregateListener: notifyAction action:android.intent.action.PACKAGE_RESTARTED
08-29 18:57:24.458  5063  5063 D AggregateListener: onPackageRestarted packageName:io.appium.uiautomator2.server.test
08-29 18:57:24.458  4260  4937 D MyLog   : -->log(0): [Tid:184] pcc handle intent in sjm android.intent.action.PACKAGE_RESTARTED
08-29 18:57:24.462  2965  2965 E PhoneInterfaceManager: [PhoneIntfMgr] getCarrierPackageNamesForIntentAndPhone: No UICC
08-29 18:57:24.462  2965  2965 D CarrierSvcBindHelper: No carrier app for: 0
08-29 18:57:24.463  2965  2965 E PhoneInterfaceManager: [PhoneIntfMgr] getCarrierPackageNamesForIntentAndPhone: No UICC
08-29 18:57:24.463  2965  2965 D CarrierSvcBindHelper: No carrier app for: 1
08-29 18:57:24.464  1002  1002 D CompositionEngine: writeOutputDependentGeometryStateToHWC layer[cn.missevan/cn.missevan.activity.MainActivity#0] set Z 134217728 miFodLayer 134217728
08-29 18:57:24.464  1002  1002 D CompositionEngine: writeOutputDependentGeometryStateToHWC layer[PopupWindow:f798e37#0] set Z 134217729 miFodLayer 134217728
08-29 18:57:24.464  1002  1002 D CompositionEngine: writeOutputDependentGeometryStateToHWC layer[StatusBar#0] set Z 134217730 miFodLayer 134217728
08-29 18:57:24.464  1002  1002 D CompositionEngine: writeOutputDependentGeometryStateToHWC layer[RoundCorner#0] set Z 134217731 miFodLayer 134217728
08-29 18:57:24.464  1002  1002 D CompositionEngine: writeOutputDependentGeometryStateToHWC layer[RoundCorner#1] set Z 134217732 miFodLayer 134217728
08-29 18:57:24.466  4433  4433 D RegisteredServicesCache:  Reading service state data always from file
08-29 18:57:24.467  4433  4433 D RegisteredServicesCache: ServiceStateFileVersion=1.0
08-29 18:57:24.467  4433  4433 E RegisteredServicesCache: Next Tag=services
08-29 18:57:24.468  4433  4433 E RegisteredServicesCache: 1invalidateCache:WriteServiceStateToFile
08-29 18:57:24.468  4433  4433 E RegisteredServicesCache:  Writing service state Data Always
08-29 18:57:24.472  4433  4433 D RegisteredNfcFServicesCache: Service unchanged, not updating
08-29 18:57:24.497  1002  1002 D CompositionEngine: writeOutputDependentGeometryStateToHWC layer[cn.missevan/cn.missevan.activity.MainActivity#0] set Z 134217728 miFodLayer 134217728
08-29 18:57:24.498  1002  1002 D CompositionEngine: writeOutputDependentGeometryStateToHWC layer[PopupWindow:f798e37#0] set Z 134217729 miFodLayer 134217728
08-29 18:57:24.498  1002  1002 D CompositionEngine: writeOutputDependentGeometryStateToHWC layer[StatusBar#0] set Z 134217730 miFodLayer 134217728
08-29 18:57:24.498  1002  1002 D CompositionEngine: writeOutputDependentGeometryStateToHWC layer[RoundCorner#0] set Z 134217731 miFodLayer 134217728
08-29 18:57:24.498  1002  1002 D CompositionEngine: writeOutputDependentGeometryStateToHWC layer[RoundCorner#1] set Z 134217732 miFodLayer 134217728
08-29 18:57:24.507 19656 19656 E adbd    : failed to connect to socket 'tcp:6790': Connection refused
08-29 18:57:24.542  1002  1002 D CompositionEngine: writeOutputDependentGeometryStateToHWC layer[cn.missevan/cn.missevan.activity.MainActivity#0] set Z 134217728 miFodLayer 134217728
08-29 18:57:24.542  1002  1002 D CompositionEngine: writeOutputDependentGeometryStateToHWC layer[PopupWindow:f798e37#0] set Z 134217729 miFodLayer 134217728
08-29 18:57:24.542  1002  1002 D CompositionEngine: writeOutputDependentGeometryStateToHWC layer[StatusBar#0] set Z 134217730 miFodLayer 134217728
08-29 18:57:24.542  1002  1002 D CompositionEngine: writeOutputDependentGeometryStateToHWC layer[RoundCorner#0] set Z 134217731 miFodLayer 134217728
08-29 18:57:24.542  1002  1002 D CompositionEngine: writeOutputDependentGeometryStateToHWC layer[RoundCorner#1] set Z 134217732 miFodLayer 134217728
08-29 18:57:24.559   602   602 E SELinux : avc:  denied  { find } for pid=4489 uid=10181 name=tethering scontext=u:r:vendor_systemhelper_app:s0:c512,c768 tcontext=u:object_r:tethering_service:s0 tclass=service_manager permissive=0
08-29 18:57:24.564  1002  1002 D CompositionEngine: writeOutputDependentGeometryStateToHWC layer[cn.missevan/cn.missevan.activity.MainActivity#0] set Z 134217728 miFodLayer 134217728
08-29 18:57:24.564  1002  1002 D CompositionEngine: writeOutputDependentGeometryStateToHWC layer[PopupWindow:f798e37#0] set Z 134217729 miFodLayer 134217728
08-29 18:57:24.564  1002  1002 D CompositionEngine: writeOutputDependentGeometryStateToHWC layer[StatusBar#0] set Z 134217730 miFodLayer 134217728
08-29 18:57:24.564  1002  1002 D CompositionEngine: writeOutputDependentGeometryStateToHWC layer[RoundCorner#0] set Z 134217731 miFodLayer 134217728
08-29 18:57:24.564  1002  1002 D CompositionEngine: writeOutputDependentGeometryStateToHWC layer[RoundCorner#1] set Z 134217732 miFodLayer 134217728
08-29 18:57:24.575 31311 31311 D AndroidRuntime: >>>>>> START com.android.internal.os.RuntimeInit uid 2000 <<<<<<
08-29 18:57:24.577 31311 31311 E libc    : Access denied finding property "persist.device_config.runtime_native_boot.profilebootclasspath"
08-29 18:57:24.577 31311 31311 E libc    : Access denied finding property "persist.device_config.runtime_native_boot.enable_apex_image"
08-29 18:57:24.577 31311 31311 I AndroidRuntime: Using default boot image
08-29 18:57:24.571 31311 31311 W app_process: type=1400 audit(0.0:1463491): avc: denied { read } for name="u:object_r:device_config_runtime_native_boot_prop:s0" dev="tmpfs" ino=19698 scontext=u:r:shell:s0 tcontext=u:object_r:device_config_runtime_native_boot_prop:s0 tclass=file permissive=0
08-29 18:57:24.577 31311 31311 E libc    : Access denied finding property "persist.device_config.runtime_native_boot.disable_lock_profiling"
08-29 18:57:24.571 31311 31311 W app_process: type=1400 audit(0.0:1463492): avc: denied { read } for name="u:object_r:device_config_runtime_native_boot_prop:s0" dev="tmpfs" ino=19698 scontext=u:r:shell:s0 tcontext=u:object_r:device_config_runtime_native_boot_prop:s0 tclass=file permissive=0
08-29 18:57:24.577 31311 31311 I AndroidRuntime: Leaving lock profiling enabled
08-29 18:57:24.577 31311 31311 E libc    : Access denied finding property "persist.device_config.runtime_native_boot.enable_generational_cc"
08-29 18:57:24.571 31311 31311 W app_process: type=1400 audit(0.0:1463493): avc: denied { read } for name="u:object_r:device_config_runtime_native_boot_prop:s0" dev="tmpfs" ino=19698 scontext=u:r:shell:s0 tcontext=u:object_r:device_config_runtime_native_boot_prop:s0 tclass=file permissive=0
08-29 18:57:24.571 31311 31311 W app_process: type=1400 audit(0.0:1463494): avc: denied { read } for name="u:object_r:device_config_runtime_native_boot_prop:s0" dev="tmpfs" ino=19698 scontext=u:r:shell:s0 tcontext=u:object_r:device_config_runtime_native_boot_prop:s0 tclass=file permissive=0
08-29 18:57:24.599  1002  1002 D CompositionEngine: writeOutputDependentGeometryStateToHWC layer[cn.missevan/cn.missevan.activity.MainActivity#0] set Z 134217728 miFodLayer 134217728
08-29 18:57:24.599  1002  1002 D CompositionEngine: writeOutputDependentGeometryStateToHWC layer[PopupWindow:f798e37#0] set Z 134217729 miFodLayer 134217728
08-29 18:57:24.599  1002  1002 D CompositionEngine: writeOutputDependentGeometryStateToHWC layer[StatusBar#0] set Z 134217730 miFodLayer 134217728
08-29 18:57:24.599  1002  1002 D CompositionEngine: writeOutputDependentGeometryStateToHWC layer[RoundCorner#0] set Z 134217731 miFodLayer 134217728
08-29 18:57:24.599  1002  1002 D CompositionEngine: writeOutputDependentGeometryStateToHWC layer[RoundCorner#1] set Z 134217732 miFodLayer 134217728
08-29 18:57:24.630 31311 31311 D app_process: Time zone APEX ICU file found: /apex/com.android.tzdata/etc/icu/icu_tzdata.dat
08-29 18:57:24.630 31311 31311 D app_process: I18n APEX ICU file found: /apex/com.android.i18n/etc/icu/icudt66l.dat
08-29 18:57:24.631  1002  1002 D CompositionEngine: writeOutputDependentGeometryStateToHWC layer[cn.missevan/cn.missevan.activity.MainActivity#0] set Z 134217728 miFodLayer 134217728
08-29 18:57:24.631  1002  1002 D CompositionEngine: writeOutputDependentGeometryStateToHWC layer[PopupWindow:f798e37#0] set Z 134217729 miFodLayer 134217728
08-29 18:57:24.631  1002  1002 D CompositionEngine: writeOutputDependentGeometryStateToHWC layer[StatusBar#0] set Z 134217730 miFodLayer 134217728
08-29 18:57:24.631  1002  1002 D CompositionEngine: writeOutputDependentGeometryStateToHWC layer[RoundCorner#0] set Z 134217731 miFodLayer 134217728
08-29 18:57:24.631  1002  1002 D CompositionEngine: writeOutputDependentGeometryStateToHWC layer[RoundCorner#1] set Z 134217732 miFodLayer 134217728
08-29 18:57:24.646 31311 31311 W app_process: JNI RegisterNativeMethods: attempt to register 0 native methods for android.media.AudioAttributes
08-29 18:57:24.650 31311 31311 D AndroidRuntime: Calling main entry com.android.commands.am.Am
08-29 18:57:24.657  1853  2643 I ActivityManager: Force stopping io.appium.uiautomator2.server appid=10839 user=0: start instr
08-29 18:57:24.662  1853  2360 I MiuiNetworkPolicy: updateUidState uid = 10839, uidState = 19
08-29 18:57:24.664  1002  1002 D CompositionEngine: writeOutputDependentGeometryStateToHWC layer[cn.missevan/cn.missevan.activity.MainActivity#0] set Z 134217728 miFodLayer 134217728
08-29 18:57:24.664  1002  1002 D CompositionEngine: writeOutputDependentGeometryStateToHWC layer[PopupWindow:f798e37#0] set Z 134217729 miFodLayer 134217728
08-29 18:57:24.664  1002  1002 D CompositionEngine: writeOutputDependentGeometryStateToHWC layer[StatusBar#0] set Z 134217730 miFodLayer 134217728
08-29 18:57:24.664  1002  1002 D CompositionEngine: writeOutputDependentGeometryStateToHWC layer[RoundCorner#0] set Z 134217731 miFodLayer 134217728
08-29 18:57:24.664  1002  1002 D CompositionEngine: writeOutputDependentGeometryStateToHWC layer[RoundCorner#1] set Z 134217732 miFodLayer 134217728
08-29 18:57:24.671   787   787 D Zygote  : Forked child process 31326
08-29 18:57:24.673 31326 31326 W Zygote  : Unable to open libbeluga.so: dlopen failed: library "libbeluga.so" not found.
08-29 18:57:24.673  1853  1898 I ActivityManager: Start proc 31326:io.appium.uiautomator2.server/u0a839 for added application io.appium.uiautomator2.server caller=android
08-29 18:57:24.680 31326 31326 I tomator2.serve: Late-enabling -Xcheck:jni
08-29 18:57:24.696 31326 31326 I tomator2.serve: Unquickening 20 vdex files!
08-29 18:57:24.697  1002  1002 D CompositionEngine: writeOutputDependentGeometryStateToHWC layer[cn.missevan/cn.missevan.activity.MainActivity#0] set Z 134217728 miFodLayer 134217728
08-29 18:57:24.698  1002  1002 D CompositionEngine: writeOutputDependentGeometryStateToHWC layer[PopupWindow:f798e37#0] set Z 134217729 miFodLayer 134217728
08-29 18:57:24.698  1002  1002 D CompositionEngine: writeOutputDependentGeometryStateToHWC layer[StatusBar#0] set Z 134217730 miFodLayer 134217728
08-29 18:57:24.698  1002  1002 D CompositionEngine: writeOutputDependentGeometryStateToHWC layer[RoundCorner#0] set Z 134217731 miFodLayer 134217728
08-29 18:57:24.698  1002  1002 D CompositionEngine: writeOutputDependentGeometryStateToHWC layer[RoundCorner#1] set Z 134217732 miFodLayer 134217728
08-29 18:57:24.705 19656 19660 I adbd    : jdwp connection from 31326
08-29 18:57:24.711  1853  2643 D CompatibilityInfo: mCompatibilityFlags - 0
08-29 18:57:24.711  1853  2643 D CompatibilityInfo: applicationDensity - 440
08-29 18:57:24.711  1853  2643 D CompatibilityInfo: applicationScale - 1.0
08-29 18:57:24.712  1853  2360 I MiuiNetworkPolicy: updateUidState uid = 10839, uidState = 4
08-29 18:57:24.713  1853  2360 I MiuiNetworkPolicyTrafficLimit: updateWhiteListUidForMobileTraffic uid=10839,add=true
08-29 18:57:24.713  1853  2360 D MiuiNetworkPolicyTrafficLimit: updateWhiteListUidForMobileTraffic rst=true
08-29 18:57:24.720  1002  1002 D CompositionEngine: writeOutputDependentGeometryStateToHWC layer[cn.missevan/cn.missevan.activity.MainActivity#0] set Z 134217728 miFodLayer 134217728
08-29 18:57:24.720  1002  1002 D CompositionEngine: writeOutputDependentGeometryStateToHWC layer[PopupWindow:f798e37#0] set Z 134217729 miFodLayer 134217728
08-29 18:57:24.720  1002  1002 D CompositionEngine: writeOutputDependentGeometryStateToHWC layer[StatusBar#0] set Z 134217730 miFodLayer 134217728
08-29 18:57:24.720  1002  1002 D CompositionEngine: writeOutputDependentGeometryStateToHWC layer[RoundCorner#0] set Z 134217731 miFodLayer 134217728
08-29 18:57:24.720  1002  1002 D CompositionEngine: writeOutputDependentGeometryStateToHWC layer[RoundCorner#1] set Z 134217732 miFodLayer 134217728
08-29 18:57:24.728 31326 31326 W tomator2.serve: ClassLoaderContext classpath size mismatch. expected=0, found=3 (PCL[]{PCL[/system/framework/android.test.base.jar*2798937298]#PCL[/system/framework/android.test.mock.jar*3443045930]{PCL[/system/framework/android.test.base.jar*2798937298]}#PCL[/system/framework/android.test.runner.jar*594874720]{PCL[/system/framework/android.test.base.jar*2798937298]#PCL[/system/framework/android.test.mock.jar*3443045930]{PCL[/system/framework/android.test.base.jar*2798937298]}}} | PCL[/system/framework/android.test.runner.jar*594874720:/system/framework/android.test.mock.jar*3443045930:/system/framework/android.test.base.jar*2798937298])
08-29 18:57:24.730 31326 31326 W tomator2.serve: ClassLoaderContext classpath size mismatch. expected=0, found=7 (PCL[] | PCL[/system/framework/android.test.runner.jar*594874720:/system/framework/android.test.mock.jar*3443045930:/system/framework/android.test.base.jar*2798937298:/data/app/~~-Nr70RM8ei0GSU1QmkNQJQ==/io.appium.uiautomator2.server.test-QOBBWuWfvFsBZdTG_3Se0A==/base.apk*2420800719:/data/app/~~-Nr70RM8ei0GSU1QmkNQJQ==/io.appium.uiautomator2.server.test-QOBBWuWfvFsBZdTG_3Se0A==/base.apk!classes2.dex*3565191145:/data/app/~~-Nr70RM8ei0GSU1QmkNQJQ==/io.appium.uiautomator2.server.test-QOBBWuWfvFsBZdTG_3Se0A==/base.apk!classes3.dex*2088283515:/data/app/~~-Nr70RM8ei0GSU1QmkNQJQ==/io.appium.uiautomator2.server.test-QOBBWuWfvFsBZdTG_3Se0A==/base.apk!classes4.dex*767698402])
08-29 18:57:24.730 31326 31326 W tomator2.serve: Found duplicate classes, falling back to extracting from APK : /data/app/~~XOib3JeNFaBhO3kIfS5bYg==/io.appium.uiautomator2.server-KkiR7i2FHu_oLGEgzGOm9A==/base.apk
08-29 18:57:24.730 31326 31326 W tomator2.serve: NOTE: This wastes RAM and hurts startup performance.
08-29 18:57:24.730 31326 31326 W tomator2.serve: Found duplicated class when checking oat files: 'Ljunit/framework/Assert;' in /system/framework/android.test.base.jar and /data/app/~~XOib3JeNFaBhO3kIfS5bYg==/io.appium.uiautomator2.server-KkiR7i2FHu_oLGEgzGOm9A==/base.apk
08-29 18:57:24.753  1002  1002 D CompositionEngine: writeOutputDependentGeometryStateToHWC layer[cn.missevan/cn.missevan.activity.MainActivity#0] set Z 134217728 miFodLayer 134217728
08-29 18:57:24.753  1002  1002 D CompositionEngine: writeOutputDependentGeometryStateToHWC layer[PopupWindow:f798e37#0] set Z 134217729 miFodLayer 134217728
08-29 18:57:24.753  1002  1002 D CompositionEngine: writeOutputDependentGeometryStateToHWC layer[StatusBar#0] set Z 134217730 miFodLayer 134217728
08-29 18:57:24.753  1002  1002 D CompositionEngine: writeOutputDependentGeometryStateToHWC layer[RoundCorner#0] set Z 134217731 miFodLayer 134217728
08-29 18:57:24.753  1002  1002 D CompositionEngine: writeOutputDependentGeometryStateToHWC layer[RoundCorner#1] set Z 134217732 miFodLayer 134217728
08-29 18:57:24.760   602   602 E SELinux : avc:  denied  { find } for pid=4489 uid=10181 name=tethering scontext=u:r:vendor_systemhelper_app:s0:c512,c768 tcontext=u:object_r:tethering_service:s0 tclass=service_manager permissive=0
08-29 18:57:24.787  1002  1002 D CompositionEngine: writeOutputDependentGeometryStateToHWC layer[cn.missevan/cn.missevan.activity.MainActivity#0] set Z 134217728 miFodLayer 134217728
08-29 18:57:24.787  1002  1002 D CompositionEngine: writeOutputDependentGeometryStateToHWC layer[PopupWindow:f798e37#0] set Z 134217729 miFodLayer 134217728
08-29 18:57:24.787  1002  1002 D CompositionEngine: writeOutputDependentGeometryStateToHWC layer[StatusBar#0] set Z 134217730 miFodLayer 134217728
08-29 18:57:24.787  1002  1002 D CompositionEngine: writeOutputDependentGeometryStateToHWC layer[RoundCorner#0] set Z 134217731 miFodLayer 134217728
