07-08 18:37:58.029 20988 21079 D NAccs.MsgRecv_default:  message file not exist
07-08 18:37:58.029 20988 21079 D NAccs.InAppConn_default:  new connection
07-08 18:37:58.029  1000  1000 D CompositionEngine: writeOutputDependentGeometryStateToHWC layer[com.miui.miwallpaper.wallpaperservice.ImageWallpaper#0] set Z 134217728 miFodLayer 134217728
07-08 18:37:58.029  1000  1000 D CompositionEngine: writeOutputDependentGeometryStateToHWC layer[com.miui.home/com.miui.home.launcher.Launcher#0] set Z 134217729 miFodLayer 134217728
07-08 18:37:58.029  1000  1000 D CompositionEngine: writeOutputDependentGeometryStateToHWC layer[Splash Screen cn.missevan#0] set Z 134217730 miFodLayer 134217728
07-08 18:37:58.029  1000  1000 D CompositionEngine: writeOutputDependentGeometryStateToHWC layer[#1] set Z 134217731 miFodLayer 134217728
07-08 18:37:58.029  1000  1000 D CompositionEngine: writeOutputDependentGeometryStateToHWC layer[StatusBar#0] set Z 134217732 miFodLayer 134217728
07-08 18:37:58.029  1000  1000 D CompositionEngine: writeOutputDependentGeometryStateToHWC layer[RoundCorner#0] set Z 134217733 miFodLayer 134217728
07-08 18:37:58.029  1000  1000 D CompositionEngine: writeOutputDependentGeometryStateToHWC layer[RoundCorner#1] set Z 134217734 miFodLayer 134217728
07-08 18:37:58.030 20988 21079 I NAccs.Utils:  isMainProcess result:true
07-08 18:37:58.030  2988  3766 W TelephonyPermissions: reportAccessDeniedToReadIdentifiers:cn.missevan:getImeiForSlot:-1
07-08 18:37:58.030 20988 21079 I NAccs.ACCSMgrImpl_default:  bindApp appKey:umeng:546d7dd7fd98c58fc800082c
07-08 18:37:58.031 20988 21079 D NAccs.UtilityImpl:  enableService comptName:ComponentInfo{cn.missevan/com.taobao.accs.ChannelService}
07-08 18:37:58.031  2988  3766 W TelephonyPermissions: reportAccessDeniedToReadIdentifiers:cn.missevan:getDeviceId:-1
07-08 18:37:58.032 20988 21077 W cn.missevan: Accessing hidden method Landroid/os/Build;->getString(Ljava/lang/String;)Ljava/lang/String; (greylist, reflection, allowed)
07-08 18:37:58.036 20988 21082 D NAccs.FileCheckUtils:  st.getAvailableBlocks()=16866603,st.getAvailableBlocks() * blockSize=69085605888
07-08 18:37:58.036  1969  3096 W ActivityManager: Unable to start service Intent { act=com.google.android.gms.ads.identifier.service.START pkg=com.google.android.gms } U=0: not found
07-08 18:37:58.038  2988  3766 E PhoneInterfaceManager: [PhoneIntfMgr] getCarrierPrivilegeStatusForUid: No UICC
07-08 18:37:58.039  2988  3766 W TelephonyPermissions: reportAccessDeniedToReadIdentifiers:cn.missevan:getSubscriberId:4
07-08 18:37:58.040  2988  3766 E PhoneInterfaceManager: [PhoneIntfMgr] getCarrierPrivilegeStatusForUid: No UICC
07-08 18:37:58.041  1000  1000 D CompositionEngine: writeOutputDependentGeometryStateToHWC layer[com.miui.miwallpaper.wallpaperservice.ImageWallpaper#0] set Z 134217728 miFodLayer 134217728
07-08 18:37:58.041  1000  1000 D CompositionEngine: writeOutputDependentGeometryStateToHWC layer[com.miui.home/com.miui.home.launcher.Launcher#0] set Z 134217729 miFodLayer 134217728
07-08 18:37:58.041  1000  1000 D CompositionEngine: writeOutputDependentGeometryStateToHWC layer[Splash Screen cn.missevan#0] set Z 134217730 miFodLayer 134217728
07-08 18:37:58.041  1000  1000 D CompositionEngine: writeOutputDependentGeometryStateToHWC layer[#1] set Z 134217731 miFodLayer 134217728
07-08 18:37:58.041  1000  1000 D CompositionEngine: writeOutputDependentGeometryStateToHWC layer[StatusBar#0] set Z 134217732 miFodLayer 134217728
07-08 18:37:58.041  1000  1000 D CompositionEngine: writeOutputDependentGeometryStateToHWC layer[RoundCorner#0] set Z 134217733 miFodLayer 134217728
07-08 18:37:58.041  1000  1000 D CompositionEngine: writeOutputDependentGeometryStateToHWC layer[RoundCorner#1] set Z 134217734 miFodLayer 134217728
07-08 18:37:58.041  2988  3766 W TelephonyPermissions: reportAccessDeniedToReadIdentifiers:cn.missevan:getIccSerialNumber:4
07-08 18:37:58.043  2988  3766 W TelephonyPermissions: reportAccessDeniedToReadIdentifiers:cn.missevan:getDeviceId:-1
07-08 18:37:58.043  3005  3005 D Launcher_UnlockAnimationStateMachine: mResetIdleStateRunnable
07-08 18:37:58.049 20988 20988 W cn.missevan: Accessing hidden method Ldalvik/system/CloseGuard;->get()Ldalvik/system/CloseGuard; (greylist,core-platform-api, reflection, allowed)
07-08 18:37:58.049 20988 20988 W cn.missevan: Accessing hidden method Ldalvik/system/CloseGuard;->open(Ljava/lang/String;)V (greylist,core-platform-api, reflection, allowed)
07-08 18:37:58.049 20988 20988 W cn.missevan: Accessing hidden method Ldalvik/system/CloseGuard;->warnIfOpen()V (greylist,core-platform-api, reflection, allowed)
07-08 18:37:58.050  7393 14203 W MediaProvider: Forgot to handle a top level directory in getContentUriForFile?
07-08 18:37:58.051 20988 20988 W cn.missevan: Accessing hidden field Landroid/app/ActivityThread;->sCurrentActivityThread:Landroid/app/ActivityThread; (greylist, reflection, allowed)
07-08 18:37:58.051 20988 20988 W cn.missevan: Accessing hidden method Landroid/app/ActivityThread;->getApplication()Landroid/app/Application; (greylist, reflection, allowed)
07-08 18:37:58.051 20988 21066 I UMLog   : SDK: 9.4.7
07-08 18:37:58.051 20988 21066 I UMLog   : ZID SDK: 1.6.0
07-08 18:37:58.051  1000  1000 D CompositionEngine: writeOutputDependentGeometryStateToHWC layer[com.miui.miwallpaper.wallpaperservice.ImageWallpaper#0] set Z 134217728 miFodLayer 134217728
07-08 18:37:58.051  1000  1000 D CompositionEngine: writeOutputDependentGeometryStateToHWC layer[com.miui.home/com.miui.home.launcher.Launcher#0] set Z 134217729 miFodLayer 134217728
07-08 18:37:58.051  1000  1000 D CompositionEngine: writeOutputDependentGeometryStateToHWC layer[Splash Screen cn.missevan#0] set Z 134217730 miFodLayer 134217728
07-08 18:37:58.052  1000  1000 D CompositionEngine: writeOutputDependentGeometryStateToHWC layer[#1] set Z 134217731 miFodLayer 134217728
07-08 18:37:58.052  1000  1000 D CompositionEngine: writeOutputDependentGeometryStateToHWC layer[StatusBar#0] set Z 134217732 miFodLayer 134217728
07-08 18:37:58.052  1000  1000 D CompositionEngine: writeOutputDependentGeometryStateToHWC layer[RoundCorner#0] set Z 134217733 miFodLayer 134217728
07-08 18:37:58.052  1000  1000 D CompositionEngine: writeOutputDependentGeometryStateToHWC layer[RoundCorner#1] set Z 134217734 miFodLayer 134217728
07-08 18:37:58.052 20988 21066 I UMLog   : SDK: 6.5.1
07-08 18:37:58.052 20988 21066 I UMLog   : SDK: 1.0
07-08 18:37:58.052 20988 20988 I Utils   : cn.missevan reflect app success.
07-08 18:37:58.054 20988 21066 I MobclickAgent: module init:apszion
07-08 18:37:58.055  7393  7598 W MediaProvider: Failed to update quota for uri: content://media/external_primary/file/128142
07-08 18:37:58.055  7393  7598 W MediaProvider: java.io.FileNotFoundException: No item at content://media/external_primary/file/128142
07-08 18:37:58.055  7393  7598 W MediaProvider: 	at com.android.providers.media.MediaProvider.queryForSingleItem(MediaProvider.java:6502)
07-08 18:37:58.055  7393  7598 W MediaProvider: 	at com.android.providers.media.MediaProvider.queryForDataFile(MediaProvider.java:6464)
07-08 18:37:58.055  7393  7598 W MediaProvider: 	at com.android.providers.media.MediaProvider.queryForDataFile(MediaProvider.java:6456)
07-08 18:37:58.055  7393  7598 W MediaProvider: 	at com.android.providers.media.MediaProvider.updateQuotaTypeForUri(MediaProvider.java:608)
07-08 18:37:58.055  7393  7598 W MediaProvider: 	at com.android.providers.media.MediaProvider.access$900(MediaProvider.java:243)
07-08 18:37:58.055  7393  7598 W MediaProvider: 	at com.android.providers.media.MediaProvider$3.lambda$onUpdate$1(MediaProvider.java:695)
07-08 18:37:58.055  7393  7598 W MediaProvider: 	at com.android.providers.media.MediaProvider$3.lambda$onUpdate$1$MediaProvider$3(Unknown Source:0)
07-08 18:37:58.055  7393  7598 W MediaProvider: 	at com.android.providers.media.-$$Lambda$MediaProvider$3$WJkiC6ajEYmAPvc5_niXuh2KmrI.run(Unknown Source:8)
07-08 18:37:58.055  7393  7598 W MediaProvider: 	at android.os.Handler.handleCallback(Handler.java:938)
07-08 18:37:58.055  7393  7598 W MediaProvider: 	at android.os.Handler.dispatchMessage(Handler.java:99)
07-08 18:37:58.055  7393  7598 W MediaProvider: 	at android.os.Looper.loop(Looper.java:236)
07-08 18:37:58.055  7393  7598 W MediaProvider: 	at android.os.HandlerThread.run(HandlerThread.java:67)
07-08 18:37:58.062 20988 21066 E cn.missevan: Invalid ID 0x00000000.
07-08 18:37:58.063  1000  1000 D CompositionEngine: writeOutputDependentGeometryStateToHWC layer[com.miui.miwallpaper.wallpaperservice.ImageWallpaper#0] set Z 134217728 miFodLayer 134217728
07-08 18:37:58.063  1000  1000 D CompositionEngine: writeOutputDependentGeometryStateToHWC layer[com.miui.home/com.miui.home.launcher.Launcher#0] set Z 134217729 miFodLayer 134217728
07-08 18:37:58.063  1000  1000 D CompositionEngine: writeOutputDependentGeometryStateToHWC layer[Splash Screen cn.missevan#0] set Z 134217730 miFodLayer 134217728
07-08 18:37:58.063  1000  1000 D CompositionEngine: writeOutputDependentGeometryStateToHWC layer[#1] set Z 134217731 miFodLayer 134217728
07-08 18:37:58.063  1000  1000 D CompositionEngine: writeOutputDependentGeometryStateToHWC layer[StatusBar#0] set Z 134217732 miFodLayer 134217728
07-08 18:37:58.063  1000  1000 D CompositionEngine: writeOutputDependentGeometryStateToHWC layer[RoundCorner#0] set Z 134217733 miFodLayer 134217728
07-08 18:37:58.063  1000  1000 D CompositionEngine: writeOutputDependentGeometryStateToHWC layer[RoundCorner#1] set Z 134217734 miFodLayer 134217728
07-08 18:37:58.074  1000  1000 D CompositionEngine: writeOutputDependentGeometryStateToHWC layer[com.miui.miwallpaper.wallpaperservice.ImageWallpaper#0] set Z 134217728 miFodLayer 134217728
07-08 18:37:58.074  1000  1000 D CompositionEngine: writeOutputDependentGeometryStateToHWC layer[com.miui.home/com.miui.home.launcher.Launcher#0] set Z 134217729 miFodLayer 134217728
07-08 18:37:58.074  1000  1000 D CompositionEngine: writeOutputDependentGeometryStateToHWC layer[Splash Screen cn.missevan#0] set Z 134217730 miFodLayer 134217728
07-08 18:37:58.074  1000  1000 D CompositionEngine: writeOutputDependentGeometryStateToHWC layer[#1] set Z 134217731 miFodLayer 134217728
07-08 18:37:58.074  1000  1000 D CompositionEngine: writeOutputDependentGeometryStateToHWC layer[StatusBar#0] set Z 134217732 miFodLayer 134217728
07-08 18:37:58.074  1000  1000 D CompositionEngine: writeOutputDependentGeometryStateToHWC layer[RoundCorner#0] set Z 134217733 miFodLayer 134217728
07-08 18:37:58.074  1000  1000 D CompositionEngine: writeOutputDependentGeometryStateToHWC layer[RoundCorner#1] set Z 134217734 miFodLayer 134217728
07-08 18:37:58.077  1969  2395 D WifiScoreReportInjector: Fast switch not enabled
07-08 18:37:58.082  7393 20673 W MediaProvider: Forgot to handle a top level directory in getContentUriForFile?
07-08 18:37:58.085  1000  1000 D CompositionEngine: writeOutputDependentGeometryStateToHWC layer[com.miui.miwallpaper.wallpaperservice.ImageWallpaper#0] set Z 134217728 miFodLayer 134217728
07-08 18:37:58.085  1000  1000 D CompositionEngine: writeOutputDependentGeometryStateToHWC layer[com.miui.home/com.miui.home.launcher.Launcher#0] set Z 134217729 miFodLayer 134217728
07-08 18:37:58.085  1000  1000 D CompositionEngine: writeOutputDependentGeometryStateToHWC layer[Splash Screen cn.missevan#0] set Z 134217730 miFodLayer 134217728
07-08 18:37:58.085  1000  1000 D CompositionEngine: writeOutputDependentGeometryStateToHWC layer[#1] set Z 134217731 miFodLayer 134217728
07-08 18:37:58.085  1000  1000 D CompositionEngine: writeOutputDependentGeometryStateToHWC layer[StatusBar#0] set Z 134217732 miFodLayer 134217728
07-08 18:37:58.085  1000  1000 D CompositionEngine: writeOutputDependentGeometryStateToHWC layer[RoundCorner#0] set Z 134217733 miFodLayer 134217728
07-08 18:37:58.085  1000  1000 D CompositionEngine: writeOutputDependentGeometryStateToHWC layer[RoundCorner#1] set Z 134217734 miFodLayer 134217728
07-08 18:37:58.091  7393  7598 W MediaProvider: Failed to update quota for uri: content://media/external_primary/file/128143
07-08 18:37:58.091  7393  7598 W MediaProvider: java.io.FileNotFoundException: No item at content://media/external_primary/file/128143
07-08 18:37:58.091  7393  7598 W MediaProvider: 	at com.android.providers.media.MediaProvider.queryForSingleItem(MediaProvider.java:6502)
07-08 18:37:58.091  7393  7598 W MediaProvider: 	at com.android.providers.media.MediaProvider.queryForDataFile(MediaProvider.java:6464)
07-08 18:37:58.091  7393  7598 W MediaProvider: 	at com.android.providers.media.MediaProvider.queryForDataFile(MediaProvider.java:6456)
07-08 18:37:58.091  7393  7598 W MediaProvider: 	at com.android.providers.media.MediaProvider.updateQuotaTypeForUri(MediaProvider.java:608)
07-08 18:37:58.091  7393  7598 W MediaProvider: 	at com.android.providers.media.MediaProvider.access$900(MediaProvider.java:243)
07-08 18:37:58.091  7393  7598 W MediaProvider: 	at com.android.providers.media.MediaProvider$3.lambda$onUpdate$1(MediaProvider.java:695)
07-08 18:37:58.091  7393  7598 W MediaProvider: 	at com.android.providers.media.MediaProvider$3.lambda$onUpdate$1$MediaProvider$3(Unknown Source:0)
07-08 18:37:58.091  7393  7598 W MediaProvider: 	at com.android.providers.media.-$$Lambda$MediaProvider$3$WJkiC6ajEYmAPvc5_niXuh2KmrI.run(Unknown Source:8)
07-08 18:37:58.091  7393  7598 W MediaProvider: 	at android.os.Handler.handleCallback(Handler.java:938)
07-08 18:37:58.091  7393  7598 W MediaProvider: 	at android.os.Handler.dispatchMessage(Handler.java:99)
07-08 18:37:58.091  7393  7598 W MediaProvider: 	at android.os.Looper.loop(Looper.java:236)
07-08 18:37:58.091  7393  7598 W MediaProvider: 	at android.os.HandlerThread.run(HandlerThread.java:67)
07-08 18:37:58.092 20988 20988 D LeakCanary: Updated LeakCanary.config: Config(iCU=cn.missevan.utils.MemoryLeakReporter@c3a54f6)
07-08 18:37:58.092  2687  3329 D CommandQueue: setStatus: setStatus: what = 0, action = upate_specail_mode, ext = Bundle[mParcelledData.dataSize=88][pkg = cn.missevan[enable_config = false
07-08 18:37:58.094  2687  2687 D StatusBar: disable<e i a s b h r c s > disable2<q i n >
07-08 18:37:58.096  1000  1000 D CompositionEngine: writeOutputDependentGeometryStateToHWC layer[com.miui.miwallpaper.wallpaperservice.ImageWallpaper#0] set Z 134217728 miFodLayer 134217728
07-08 18:37:58.096  1000  1000 D CompositionEngine: writeOutputDependentGeometryStateToHWC layer[com.miui.home/com.miui.home.launcher.Launcher#0] set Z 134217729 miFodLayer 134217728
07-08 18:37:58.096  1000  1000 D CompositionEngine: writeOutputDependentGeometryStateToHWC layer[Splash Screen cn.missevan#0] set Z 134217730 miFodLayer 134217728
07-08 18:37:58.096  1000  1000 D CompositionEngine: writeOutputDependentGeometryStateToHWC layer[#1] set Z 134217731 miFodLayer 134217728
07-08 18:37:58.096  1000  1000 D CompositionEngine: writeOutputDependentGeometryStateToHWC layer[StatusBar#0] set Z 134217732 miFodLayer 134217728
07-08 18:37:58.096  1000  1000 D CompositionEngine: writeOutputDependentGeometryStateToHWC layer[RoundCorner#0] set Z 134217733 miFodLayer 134217728
07-08 18:37:58.096  1000  1000 D CompositionEngine: writeOutputDependentGeometryStateToHWC layer[RoundCorner#1] set Z 134217734 miFodLayer 134217728
07-08 18:37:58.097 20988 20988 D PlayApplication: [main] PlayApplication onCreate.
07-08 18:37:58.104 20988 20988 I MissEvanApplication: [main] current process: cn.missevan
07-08 18:37:58.106 20988 20988 D BLOG-EVENT-Network: network changed: 3=>1
07-08 18:37:58.107  1000  1000 D CompositionEngine: writeOutputDependentGeometryStateToHWC layer[com.miui.miwallpaper.wallpaperservice.ImageWallpaper#0] set Z 134217728 miFodLayer 134217728
07-08 18:37:58.107  1000  1000 D CompositionEngine: writeOutputDependentGeometryStateToHWC layer[com.miui.home/com.miui.home.launcher.Launcher#0] set Z 134217729 miFodLayer 134217728
07-08 18:37:58.107  1000  1000 D CompositionEngine: writeOutputDependentGeometryStateToHWC layer[Splash Screen cn.missevan#0] set Z 134217730 miFodLayer 134217728
07-08 18:37:58.107  1000  1000 D CompositionEngine: writeOutputDependentGeometryStateToHWC layer[#1] set Z 134217731 miFodLayer 134217728
07-08 18:37:58.107  1000  1000 D CompositionEngine: writeOutputDependentGeometryStateToHWC layer[StatusBar#0] set Z 134217732 miFodLayer 134217728
07-08 18:37:58.107  1000  1000 D CompositionEngine: writeOutputDependentGeometryStateToHWC layer[RoundCorner#0] set Z 134217733 miFodLayer 134217728
07-08 18:37:58.107  1000  1000 D CompositionEngine: writeOutputDependentGeometryStateToHWC layer[RoundCorner#1] set Z 134217734 miFodLayer 134217728
07-08 18:37:58.108 20988 20988 W LaserActionExecutor: [main] actionClass map is null
07-08 18:37:58.110  2988  3766 W TelephonyPermissions: reportAccessDeniedToReadIdentifiers:cn.missevan:getDeviceId:-1
07-08 18:37:58.111  2988  3766 E PhoneInterfaceManager: [PhoneIntfMgr] getCarrierPrivilegeStatusForUid: No UICC
07-08 18:37:58.111 20988 20988 V HotfixPatchListener: [main] application maxMemory:256
07-08 18:37:58.112  2988  3766 W TelephonyPermissions: reportAccessDeniedToReadIdentifiers:cn.missevan:getSubscriberId:4
07-08 18:37:58.113 20988 20988 W Tinker.Tinker: [main] tinker patch directory: /data/user/0/cn.missevan/tinker
07-08 18:37:58.114 20988 20988 I Tinker.Tinker: [main] try to install tinker, isEnable: true, version: 1.9.14.10.4
07-08 18:37:58.115 20988 20988 I Tinker.TinkerLoadResult: [main] parseTinkerResult loadCode:-2, process name:cn.missevan, main process:true, systemOTA:false, fingerPrint:Xiaomi/umi/umi:11/RKQ1.200826.002/V12.5.10.0.RJBCNXM:user/release-keys, oatDir:null, useInterpretMode:false
07-08 18:37:58.115 20988 20988 W Tinker.TinkerLoadResult: [main] can't find patch file, is ok, just return
07-08 18:37:58.116 20988 21079 D NAccs.UtilityImpl:  getEmuiVersion result:
07-08 18:37:58.116 20988 20988 I Tinker.DefaultLoadReporter: [main] patch loadReporter onLoadResult: patch load result, path:/data/user/0/cn.missevan/tinker, code: -2, cost: 1ms
07-08 18:37:58.116  1969  8372 W ActivityManager: Unable to start service Intent { act=com.google.android.gms.ads.identifier.service.START pkg=com.google.android.gms } U=0: not found
07-08 18:37:58.116 20988 20988 W Tinker.Tinker: [main] tinker load fail!
07-08 18:37:58.117 20988 21079 D NAccs.InAppConn_default:  start
07-08 18:37:58.118  1969  8372 W TelephonyPermissions: reportAccessDeniedToReadIdentifiers:cn.missevan:getSerial:-1
07-08 18:37:58.118  1000  1000 D CompositionEngine: writeOutputDependentGeometryStateToHWC layer[com.miui.miwallpaper.wallpaperservice.ImageWallpaper#0] set Z 134217728 miFodLayer 134217728
07-08 18:37:58.118  1000  1000 D CompositionEngine: writeOutputDependentGeometryStateToHWC layer[com.miui.home/com.miui.home.launcher.Launcher#0] set Z 134217729 miFodLayer 134217728
07-08 18:37:58.118  1000  1000 D CompositionEngine: writeOutputDependentGeometryStateToHWC layer[Splash Screen cn.missevan#0] set Z 134217730 miFodLayer 134217728
07-08 18:37:58.118  1000  1000 D CompositionEngine: writeOutputDependentGeometryStateToHWC layer[#1] set Z 134217731 miFodLayer 134217728
07-08 18:37:58.118  1000  1000 D CompositionEngine: writeOutputDependentGeometryStateToHWC layer[StatusBar#0] set Z 134217732 miFodLayer 134217728
07-08 18:37:58.118  1000  1000 D CompositionEngine: writeOutputDependentGeometryStateToHWC layer[RoundCorner#0] set Z 134217733 miFodLayer 134217728
07-08 18:37:58.118  1000  1000 D CompositionEngine: writeOutputDependentGeometryStateToHWC layer[RoundCorner#1] set Z 134217734 miFodLayer 134217728
07-08 18:37:58.127 20988 21079 E awcn.GlobalAppRuntimeInfo:   CurrentProcess:cn.missevan TargetProcess:cn.missevan
07-08 18:37:58.127 20988 21079 E awcn.StrategyCenter:  registerListener listener:[]
07-08 18:37:58.129 20988 21079 D awcn.NetworkStatusMonitor:  [checkNetworkStatus]
07-08 18:37:58.129  1000  1000 D CompositionEngine: writeOutputDependentGeometryStateToHWC layer[com.miui.miwallpaper.wallpaperservice.ImageWallpaper#0] set Z 134217728 miFodLayer 134217728
07-08 18:37:58.129  1000  1000 D CompositionEngine: writeOutputDependentGeometryStateToHWC layer[com.miui.home/com.miui.home.launcher.Launcher#0] set Z 134217729 miFodLayer 134217728
07-08 18:37:58.129  1000  1000 D CompositionEngine: writeOutputDependentGeometryStateToHWC layer[Splash Screen cn.missevan#0] set Z 134217730 miFodLayer 134217728
07-08 18:37:58.129  1000  1000 D CompositionEngine: writeOutputDependentGeometryStateToHWC layer[#1] set Z 134217731 miFodLayer 134217728
07-08 18:37:58.129  1000  1000 D CompositionEngine: writeOutputDependentGeometryStateToHWC layer[StatusBar#0] set Z 134217732 miFodLayer 134217728
07-08 18:37:58.129  1000  1000 D CompositionEngine: writeOutputDependentGeometryStateToHWC layer[RoundCorner#0] set Z 134217733 miFodLayer 134217728
07-08 18:37:58.129  1000  1000 D CompositionEngine: writeOutputDependentGeometryStateToHWC layer[RoundCorner#1] set Z 134217734 miFodLayer 134217728
07-08 18:37:58.130 20988 21079 I awcn.NetworkStatusMonitor:  checkNetworkStatus info.isConnected:true info.isAvailable:true info.getType:1
07-08 18:37:58.133 20988 21079 E awcn.Inet64Util:  startIpStackDetect ip stack:1 detectType:udp_connect
07-08 18:37:58.134 20988 21079 I awcn.NetworkStatusHelper:
07-08 18:37:58.134 20988 21079 I awcn.NetworkStatusHelper: Network detail*******************************
07-08 18:37:58.134 20988 21079 I awcn.NetworkStatusHelper: Status: WIFI
07-08 18:37:58.134 20988 21079 I awcn.NetworkStatusHelper: Subtype: wifi
07-08 18:37:58.134 20988 21079 I awcn.NetworkStatusHelper: BSSID:
07-08 18:37:58.134 20988 21079 I awcn.NetworkStatusHelper: SSID:
07-08 18:37:58.134 20988 21079 I awcn.NetworkStatusHelper: *********************************************
07-08 18:37:58.136 20988 21079 I awcn.ThreadPoolExecutorFactory:  thread created! name:AWCN Scheduler1
07-08 18:37:58.137 20988 21111 E awcn.SessionCenter: |[seq:[default]] onNetworkStatusChanged. networkStatus:WIFI
07-08 18:37:58.139  1969  2406 D SlaveWifiManager: getWifiSlaveConnectionInfo
07-08 18:37:58.140  1969  2406 I chatty  : uid=1000(system) ConnectivitySer identical 6 lines
07-08 18:37:58.140  1969  2406 D SlaveWifiManager: getWifiSlaveConnectionInfo
07-08 18:37:58.140 20988 21079 I awcn.StrategyCenter:  StrategyCenter initialize started.
07-08 18:37:58.140  1969  2406 D SlaveWifiManager: getWifiSlaveConnectionInfo
07-08 18:37:58.140  1969  2406 I chatty  : uid=1000(system) ConnectivitySer identical 13 lines
07-08 18:37:58.140  1969  2406 D SlaveWifiManager: getWifiSlaveConnectionInfo
07-08 18:37:58.140 20988 21079 I awcn.StrategySerializeHelper:  StrateyFolder path:/data/user/0/cn.missevan/files/awcn_strategy
07-08 18:37:58.140  1969  2395 D WifiNetworkFactory: got request NetworkRequest [ TRACK_DEFAULT id=1272, [ Capabilities: INTERNET&NOT_RESTRICTED&TRUSTED Uid: 10837 AdministratorUids: [] RequestorUid: 10837 RequestorPackageName: cn.missevan] ] with score 60 and providerId 6
07-08 18:37:58.140  1969  2395 D UntrustedWifiNetworkFactory: got request NetworkRequest [ TRACK_DEFAULT id=1272, [ Capabilities: INTERNET&NOT_RESTRICTED&TRUSTED Uid: 10837 AdministratorUids: [] RequestorUid: 10837 RequestorPackageName: cn.missevan] ] with score 60 and providerId 6
07-08 18:37:58.140  1969  2395 D UntrustedWifiNetworkFactory: got request NetworkRequest [ TRACK_DEFAULT id=1272, [ Capabilities: INTERNET&NOT_RESTRICTED&TRUSTED Uid: 10837 AdministratorUids: [] RequestorUid: 10837 RequestorPackageName: cn.missevan] ] with score 60 and providerId 6
07-08 18:37:58.140  1969  2395 D WifiSlaveNetworkFactory: got request NetworkRequest [ TRACK_DEFAULT id=1272, [ Capabilities: INTERNET&NOT_RESTRICTED&TRUSTED Uid: 10837 AdministratorUids: [] RequestorUid: 10837 RequestorPackageName: cn.missevan] ] with score 60 and providerId 6
07-08 18:37:58.140  1000  1000 D CompositionEngine: writeOutputDependentGeometryStateToHWC layer[com.miui.miwallpaper.wallpaperservice.ImageWallpaper#0] set Z 134217728 miFodLayer 134217728
07-08 18:37:58.140  1000  1000 D CompositionEngine: writeOutputDependentGeometryStateToHWC layer[com.miui.home/com.miui.home.launcher.Launcher#0] set Z 134217729 miFodLayer 134217728
07-08 18:37:58.140  1000  1000 D CompositionEngine: writeOutputDependentGeometryStateToHWC layer[Splash Screen cn.missevan#0] set Z 134217730 miFodLayer 134217728
07-08 18:37:58.140  1000  1000 D CompositionEngine: writeOutputDependentGeometryStateToHWC layer[#1] set Z 134217731 miFodLayer 134217728
07-08 18:37:58.140  1000  1000 D CompositionEngine: writeOutputDependentGeometryStateToHWC layer[StatusBar#0] set Z 134217732 miFodLayer 134217728
07-08 18:37:58.140  1000  1000 D CompositionEngine: writeOutputDependentGeometryStateToHWC layer[RoundCorner#0] set Z 134217733 miFodLayer 134217728
07-08 18:37:58.140  1000  1000 D CompositionEngine: writeOutputDependentGeometryStateToHWC layer[RoundCorner#1] set Z 134217734 miFodLayer 134217728
07-08 18:37:58.140  1969  2513 D Ethernet: got request NetworkRequest [ TRACK_DEFAULT id=1272, [ Capabilities: INTERNET&NOT_RESTRICTED&TRUSTED Uid: 10837 AdministratorUids: [] RequestorUid: 10837 RequestorPackageName: cn.missevan] ] with score 60 and providerId 6
07-08 18:37:58.141  1969  2508 D WIFI_AWARE_FACTORY: got request NetworkRequest [ TRACK_DEFAULT id=1272, [ Capabilities: INTERNET&NOT_RESTRICTED&TRUSTED Uid: 10837 AdministratorUids: [] RequestorUid: 10837 RequestorPackageName: cn.missevan] ] with score 60 and providerId 6
07-08 18:37:58.141  2988  2988 D PhoneSwitcherNetworkRequstListener: got request NetworkRequest [ TRACK_DEFAULT id=1272, [ Capabilities: INTERNET&NOT_RESTRICTED&TRUSTED Uid: 10837 AdministratorUids: [] RequestorUid: 10837 RequestorPackageName: cn.missevan] ] with score 60 and providerId 6
07-08 18:37:58.141 20988 21112 I awcn.NetworkStatusMonitor:  network onAvailable
07-08 18:37:58.142 20988 21079 I awcn.StrategyTable:  strategy map size:1
07-08 18:37:58.144 20988 21079 I awcn.StrategyInfoHolder:  restore
07-08 18:37:58.144 20988 20988 D WebViewCookieHelper: [main] ssoToken: 62c8064fa1b659ff4796e654|44983418136a8636|1657275983|ea24c0be87aabed6
07-08 18:37:58.149 20988 20988 I WebViewFactory: Loading com.google.android.webview version 90.0.4430.210 (code 443021033)
07-08 18:37:58.152  1000  1000 D CompositionEngine: writeOutputDependentGeometryStateToHWC layer[com.miui.miwallpaper.wallpaperservice.ImageWallpaper#0] set Z 134217728 miFodLayer 134217728
07-08 18:37:58.152  1000  1000 D CompositionEngine: writeOutputDependentGeometryStateToHWC layer[com.miui.home/com.miui.home.launcher.Launcher#0] set Z 134217729 miFodLayer 134217728
07-08 18:37:58.152  1000  1000 D CompositionEngine: writeOutputDependentGeometryStateToHWC layer[Splash Screen cn.missevan#0] set Z 134217730 miFodLayer 134217728
07-08 18:37:58.152  1000  1000 D CompositionEngine: writeOutputDependentGeometryStateToHWC layer[#1] set Z 134217731 miFodLayer 134217728
07-08 18:37:58.152  1000  1000 D CompositionEngine: writeOutputDependentGeometryStateToHWC layer[StatusBar#0] set Z 134217732 miFodLayer 134217728
07-08 18:37:58.152  1000  1000 D CompositionEngine: writeOutputDependentGeometryStateToHWC layer[RoundCorner#0] set Z 134217733 miFodLayer 134217728
07-08 18:37:58.152  1000  1000 D CompositionEngine: writeOutputDependentGeometryStateToHWC layer[RoundCorner#1] set Z 134217734 miFodLayer 134217728
07-08 18:37:58.163  1000  1000 D CompositionEngine: writeOutputDependentGeometryStateToHWC layer[com.miui.miwallpaper.wallpaperservice.ImageWallpaper#0] set Z 134217728 miFodLayer 134217728
07-08 18:37:58.163  1000  1000 D CompositionEngine: writeOutputDependentGeometryStateToHWC layer[com.miui.home/com.miui.home.launcher.Launcher#0] set Z 134217729 miFodLayer 134217728
07-08 18:37:58.163  1000  1000 D CompositionEngine: writeOutputDependentGeometryStateToHWC layer[Splash Screen cn.missevan#0] set Z 134217730 miFodLayer 134217728
07-08 18:37:58.163  1000  1000 D CompositionEngine: writeOutputDependentGeometryStateToHWC layer[#1] set Z 134217731 miFodLayer 134217728
07-08 18:37:58.163  1000  1000 D CompositionEngine: writeOutputDependentGeometryStateToHWC layer[StatusBar#0] set Z 134217732 miFodLayer 134217728
07-08 18:37:58.163  1000  1000 D CompositionEngine: writeOutputDependentGeometryStateToHWC layer[RoundCorner#0] set Z 134217733 miFodLayer 134217728
07-08 18:37:58.163  1000  1000 D CompositionEngine: writeOutputDependentGeometryStateToHWC layer[RoundCorner#1] set Z 134217734 miFodLayer 134217728
07-08 18:37:58.174  1000  1000 D CompositionEngine: writeOutputDependentGeometryStateToHWC layer[com.miui.miwallpaper.wallpaperservice.ImageWallpaper#0] set Z 134217728 miFodLayer 134217728
07-08 18:37:58.174  1000  1000 D CompositionEngine: writeOutputDependentGeometryStateToHWC layer[com.miui.home/com.miui.home.launcher.Launcher#0] set Z 134217729 miFodLayer 134217728
07-08 18:37:58.174  1000  1000 D CompositionEngine: writeOutputDependentGeometryStateToHWC layer[Splash Screen cn.missevan#0] set Z 134217730 miFodLayer 134217728
07-08 18:37:58.174  1000  1000 D CompositionEngine: writeOutputDependentGeometryStateToHWC layer[#1] set Z 134217731 miFodLayer 134217728
07-08 18:37:58.174  1000  1000 D CompositionEngine: writeOutputDependentGeometryStateToHWC layer[StatusBar#0] set Z 134217732 miFodLayer 134217728
07-08 18:37:58.174  1000  1000 D CompositionEngine: writeOutputDependentGeometryStateToHWC layer[RoundCorner#0] set Z 134217733 miFodLayer 134217728
07-08 18:37:58.174  1000  1000 D CompositionEngine: writeOutputDependentGeometryStateToHWC layer[RoundCorner#1] set Z 134217734 miFodLayer 134217728
07-08 18:37:58.178   908 12312 D vendor.qti.bluetooth@1.0-wake_lock: Release wakelock is released
07-08 18:37:58.180 20988 21079 I awcn.SerializeHelper:  restore end. file:/data/user/0/cn.missevan/files/awcn_strategy/WIFI$d41d8cd98f00b204e9800998ecf8427e size:3169 cost:36
07-08 18:37:58.180 20988 21079 I awcn.StrategyTable:  strategy map size:2
07-08 18:37:58.182   599   599 E SELinux : avc:  denied  { find } for pid=7093 uid=10181 name=tethering scontext=u:r:vendor_systemhelper_app:s0:c512,c768 tcontext=u:object_r:tethering_service:s0 tclass=service_manager permissive=0
07-08 18:37:58.185 20988 21079 I awcn.SerializeHelper:  restore end. file:/data/user/0/cn.missevan/files/awcn_strategy/StrategyConfig size:1356 cost:4
07-08 18:37:58.185 20988 21079 I awcn.AmdcThreadPoolExecutor:  thread created! name:AMDC1
07-08 18:37:58.185  1000  1000 D CompositionEngine: writeOutputDependentGeometryStateToHWC layer[com.miui.miwallpaper.wallpaperservice.ImageWallpaper#0] set Z 134217728 miFodLayer 134217728
07-08 18:37:58.185  1000  1000 D CompositionEngine: writeOutputDependentGeometryStateToHWC layer[com.miui.home/com.miui.home.launcher.Launcher#0] set Z 134217729 miFodLayer 134217728
07-08 18:37:58.185  1000  1000 D CompositionEngine: writeOutputDependentGeometryStateToHWC layer[Splash Screen cn.missevan#0] set Z 134217730 miFodLayer 134217728
07-08 18:37:58.185  1000  1000 D CompositionEngine: writeOutputDependentGeometryStateToHWC layer[#1] set Z 134217731 miFodLayer 134217728
07-08 18:37:58.185  1000  1000 D CompositionEngine: writeOutputDependentGeometryStateToHWC layer[StatusBar#0] set Z 134217732 miFodLayer 134217728
07-08 18:37:58.185  1000  1000 D CompositionEngine: writeOutputDependentGeometryStateToHWC layer[RoundCorner#0] set Z 134217733 miFodLayer 134217728
07-08 18:37:58.185  1000  1000 D CompositionEngine: writeOutputDependentGeometryStateToHWC layer[RoundCorner#1] set Z 134217734 miFodLayer 134217728
07-08 18:37:58.185 20988 21079 I awcn.StrategyTable:  strategy map size:2
07-08 18:37:58.185 20988 21079 I awcn.StrategyCenter:  StrategyCenter initialize finished.
07-08 18:37:58.186 20988 21079 I awcn.NetworkDetector:  registerListener
07-08 18:37:58.186 20988 21079 E awcn.StrategyCenter:  registerListener listener:[anet.channel.SessionCenter$a@9754255]
07-08 18:37:58.187 20988 21118 I awcn.StrategyInfoHolder:  start loading strategy files
07-08 18:37:58.188 20988 20988 I cr_LibraryLoader: Loaded native library version number "90.0.4430.210"
07-08 18:37:58.188 20988 20988 I cr_CachingUmaRecorder: Flushed 4 samples from 4 histograms.
07-08 18:37:58.189 20988 21118 I awcn.StrategyInfoHolder:  end loading strategy files total cost:2
07-08 18:37:58.190 20988 21079 E awcn.Http3ConnDetector:  registerListener http3Enable:false
07-08 18:37:58.190 20988 21079 I awcn.Http3ConnDetector:  startDetect http3 global config close.
07-08 18:37:58.190 20988 21079 E awcn.StrategyCenter:  registerListener listener:[anet.channel.SessionCenter$a@9754255, anet.channel.detect.e@2a56d5b]
07-08 18:37:58.190 20988 21079 E awcn.StrategyCenter:  registerListener listener:[anet.channel.SessionCenter$a@9754255, anet.channel.detect.e@2a56d5b, anet.channel.e.c@714aed1]
07-08 18:37:58.190 20988 21079 I NAccs.InAppConn_default:  init awcn register new conn protocol host: umengacs.m.taobao.com
07-08 18:37:58.191 20988 21079 D NAccs.OrangeAdapter:  isConnectStateListenerEnable result:true
07-08 18:37:58.192 20988 21079 D awcn.StrategyCenter:  getSchemeByHost host:umengacs.m.taobao.com scheme:https
07-08 18:37:58.192 20988 21079 D awcn.SessionCenter: |[seq:umeng:546d7dd7fd98c58fc800082c] getInternal u:https://umengacs.m.taobao.com sessionType:LongLink timeout:0
07-08 18:37:58.192 20988 21079 D awcn.StrategyCenter:  getSchemeByHost host:umengacs.m.taobao.com scheme:https
07-08 18:37:58.193 20988 21079 D awcn.SessionRequest: |[seq:umeng:546d7dd7fd98c58fc800082c.AWCN1] SessionRequest start host:https://umengacs.m.taobao.com type:1
07-08 18:37:58.193 20988 21079 D getConnStrategyListByHost: |[seq:host] umengacs.m.taobao.com:result [{203.119.128.124 443 http2_0rtt_acs}, {203.119.205.114 443 http2_0rtt_acs}, {203.119.128.124 80 http2_0rtt_acs}, {203.119.205.114 80 http2_0rtt_acs}, {203.119.128.124 443 spdy_0rtt_acs}, {203.119.205.114 443 spdy_0rtt_acs}, {203.119.128.124 80 spdy_0rtt_acs}, {203.119.205.114 80 spdy_0rtt_acs}, {203.119.128.124 443 https}, {203.119.205.114 443 https}]
07-08 18:37:58.193 20988 21079 D awcn.SessionRequest: |[seq:umeng:546d7dd7fd98c58fc800082c.AWCN1] [getAvailStrategy] strategies:[{203.119.128.124 443 http2_0rtt_acs}, {203.119.205.114 443 http2_0rtt_acs}, {203.119.128.124 80 http2_0rtt_acs}, {203.119.205.114 80 http2_0rtt_acs}, {203.119.128.124 443 spdy_0rtt_acs}, {203.119.205.114 443 spdy_0rtt_acs}, {203.119.128.124 80 spdy_0rtt_acs}, {203.119.205.114 80 spdy_0rtt_acs}]
07-08 18:37:58.196 20988 21079 I awcn.SessionRequest: |[seq:umeng:546d7dd7fd98c58fc800082c.AWCN1_1] create connection... Host:https://umengacs.m.taobao.com Type:http2_0rtt_acs IP:203.119.128.124 Port:443 heartbeat:45000 session:Session@[umeng:546d7dd7fd98c58fc800082c.AWCN1_1|http2_0rtt_acs]
07-08 18:37:58.196 20988 21079 E awcn.TnetSpdySession: |[seq:umeng:546d7dd7fd98c58fc800082c.AWCN1_1] connect host:https://umengacs.m.taobao.com ip:203.119.128.124 port:443 sessionId:1657276678196 SpdyProtocol,:http2_0rtt_acs proxyIp,: proxyPort,:0
07-08 18:37:58.196  1000  1000 D CompositionEngine: writeOutputDependentGeometryStateToHWC layer[com.miui.miwallpaper.wallpaperservice.ImageWallpaper#0] set Z 134217728 miFodLayer 134217728
07-08 18:37:58.196  1000  1000 D CompositionEngine: writeOutputDependentGeometryStateToHWC layer[com.miui.home/com.miui.home.launcher.Launcher#0] set Z 134217729 miFodLayer 134217728
07-08 18:37:58.196  1000  1000 D CompositionEngine: writeOutputDependentGeometryStateToHWC layer[Splash Screen cn.missevan#0] set Z 134217730 miFodLayer 134217728
07-08 18:37:58.196  1000  1000 D CompositionEngine: writeOutputDependentGeometryStateToHWC layer[#1] set Z 134217731 miFodLayer 134217728
07-08 18:37:58.196  1000  1000 D CompositionEngine: writeOutputDependentGeometryStateToHWC layer[StatusBar#0] set Z 134217732 miFodLayer 134217728
07-08 18:37:58.196  1000  1000 D CompositionEngine: writeOutputDependentGeometryStateToHWC layer[RoundCorner#0] set Z 134217733 miFodLayer 134217728
07-08 18:37:58.196  1000  1000 D CompositionEngine: writeOutputDependentGeometryStateToHWC layer[RoundCorner#1] set Z 134217734 miFodLayer 134217728
07-08 18:37:58.197 20988 21079 E awcn.Session: |[seq:umeng:546d7dd7fd98c58fc800082c.AWCN1_1] notifyStatus status:CONNECTING
07-08 18:37:58.197 20988 21079 I NAccs.InAppConn_default:  registerSessionInfo host:umengacs.m.taobao.com
07-08 18:37:58.197 20988 21079 I NAccs.InAppConn_default:  initAwcn success!
07-08 18:37:58.197 20988 21079 D NAccs.InAppConn_default:  new ClientManager configTag:default
07-08 18:37:58.201 20988 21079 I NAccs.ClientManager_default:  restoreClients success mBindStatus:{cn.missevan=2}
07-08 18:37:58.201 20988 21079 I NAccs.ClientManager_default:  isAppBinded appStatus:2 mBindStatus:{cn.missevan=2}
07-08 18:37:58.201 20988 21079 I NAccs.ACCSMgrImpl_default:  isAppBinded package:cn.missevan
07-08 18:37:58.201 20988 21079 D NAccs.MsgRecv_default:  onResult command:1 erorcode:200
07-08 18:37:58.201 20988 21079 E NAccs.MsgDistribute:  distribute ready action:com.taobao.accs.intent.action.RECEIVE dataId: serviceId:
07-08 18:37:58.202 20988 21079 D NAccs.MsgDistribute:  distribute start appkey:umeng:546d7dd7fd98c58fc800082c config:default
07-08 18:37:58.202 20988 21079 D NAccs.MsgDistribute:  handleControlMsg configTag:default dataId: serviceId: command:1 errorCode:200 appReceiver:
07-08 18:37:58.203 20988 21079 D NAccs.Config:  getAgooAppKey appkey:umeng:546d7dd7fd98c58fc800082c
07-08 18:37:58.207 20988 21079 D NAccs.MsgDistribute:  handleControlMsg agoo receiver onBindApp
07-08 18:37:58.207 20988 21079 I NAccs.TaobaoRegister:  onBindApp errorCode:200
07-08 18:37:58.208  1000  1000 D CompositionEngine: writeOutputDependentGeometryStateToHWC layer[Splash Screen cn.missevan#0] set Z 134217728 miFodLayer 134217728
07-08 18:37:58.208  1000  1000 D CompositionEngine: writeOutputDependentGeometryStateToHWC layer[#1] set Z 134217729 miFodLayer 134217728
07-08 18:37:58.208  1000  1000 D CompositionEngine: writeOutputDependentGeometryStateToHWC layer[StatusBar#0] set Z 134217730 miFodLayer 134217728
07-08 18:37:58.208  1000  1000 D CompositionEngine: writeOutputDependentGeometryStateToHWC layer[RoundCorner#0] set Z 134217731 miFodLayer 134217728
07-08 18:37:58.208  1000  1000 D CompositionEngine: writeOutputDependentGeometryStateToHWC layer[RoundCorner#1] set Z 134217732 miFodLayer 134217728
07-08 18:37:58.214 20988 20988 E YZSDK   : ----->isDebug = false
07-08 18:37:58.214 20988 21079 I NAccs.AgooBindCache:  restoreAgooClients mAgooBindStatus:{cn.missevan=2}
07-08 18:37:58.214 20988 21079 I NAccs.AgooBindCache:  isAgooRegistered packageName:cn.missevan appStatus:2 agooBindStatus:{cn.missevan=2}
07-08 18:37:58.217 20988 21079 I NAccs.TaobaoRegister:  agoo already Registered return
07-08 18:37:58.218 20988 21079 I NAccs.Config:  getDeviceToken token:AhY_Xs4igbrTAT1f1S6h62LZ_ebbJd-ChgFZXcvB0c8c
07-08 18:37:58.218 20988 21079 I UPush   : register success. deviceToken:AhY_Xs4igbrTAT1f1S6h62LZ_ebbJd-ChgFZXcvB0c8c
07-08 18:37:58.218  1000  1000 D CompositionEngine: writeOutputDependentGeometryStateToHWC layer[Splash Screen cn.missevan#0] set Z 134217728 miFodLayer 134217728
07-08 18:37:58.218  1000  1000 D CompositionEngine: writeOutputDependentGeometryStateToHWC layer[#1] set Z 134217729 miFodLayer 134217728
07-08 18:37:58.218  1000  1000 D CompositionEngine: writeOutputDependentGeometryStateToHWC layer[StatusBar#0] set Z 134217730 miFodLayer 134217728
07-08 18:37:58.218  1000  1000 D CompositionEngine: writeOutputDependentGeometryStateToHWC layer[RoundCorner#0] set Z 134217731 miFodLayer 134217728
07-08 18:37:58.218  1000  1000 D CompositionEngine: writeOutputDependentGeometryStateToHWC layer[RoundCorner#1] set Z 134217732 miFodLayer 134217728
07-08 18:37:58.219 20988 20988 I MissEvanApplication: [main] init You Zan x5 webview
07-08 18:37:58.219 20988 21079 I UPush.UMJobIntentService: --->>> enqueueWork, cls is com.umeng.message.UmengMessageCallbackHandlerService
07-08 18:37:58.219 20988 21079 I UPush.UMJobIntentService: cls jobId is 21000
07-08 18:37:58.223  1969  8493 D CompatibilityInfo: mCompatibilityFlags - 0
07-08 18:37:58.223  1969  8493 D CompatibilityInfo: applicationDensity - 440
07-08 18:37:58.223  1969  8493 D CompatibilityInfo: applicationScale - 1.0
07-08 18:37:58.224 20988 21079 E NAccs.MsgDistribute:  handBroadCastMsg command:1
07-08 18:37:58.224 20988 21079 W NAccs.MsgDistribute:  handBroadCastMsg not handled command
07-08 18:37:58.230  1000  1000 D CompositionEngine: writeOutputDependentGeometryStateToHWC layer[Splash Screen cn.missevan#0] set Z 134217728 miFodLayer 134217728
07-08 18:37:58.230  1000  1000 D CompositionEngine: writeOutputDependentGeometryStateToHWC layer[#1] set Z 134217729 miFodLayer 134217728
07-08 18:37:58.230  1000  1000 D CompositionEngine: writeOutputDependentGeometryStateToHWC layer[StatusBar#0] set Z 134217730 miFodLayer 134217728
07-08 18:37:58.230  1000  1000 D CompositionEngine: writeOutputDependentGeometryStateToHWC layer[RoundCorner#0] set Z 134217731 miFodLayer 134217728
07-08 18:37:58.230  1000  1000 D CompositionEngine: writeOutputDependentGeometryStateToHWC layer[RoundCorner#1] set Z 134217732 miFodLayer 134217728
07-08 18:37:58.236 20988 21110 E awcn.Session: |[seq:umeng:546d7dd7fd98c58fc800082c.AWCN1_1] notifyStatus status:CONNECTED
07-08 18:37:58.236 20988 21110 E NAccs.InAppConn_default:  auth URL:https://umengacs.m.taobao.com/accs/auth?1=YBDcoH9kD04DAL3KyNHgNEPF&2=6887e25545f63ef542cdf5ff9197bc076d4329a396ddf2c1c5048c8b1ec15361&3=umeng:546d7dd7fd98c58fc800082c&5=1&6=wifi&7=null&8=1.1.2&9=1657276678192&10=1&11=30&12=cn.missevan&13=5.7.0&14=android@umeng&15=Mi+10&16=Xiaomi&17=221&19=0&20=
07-08 18:37:58.237 20988 20988 I MissEvanApplication: [main] initPlayer
07-08 18:37:58.237 20988 21110 I awcn.TnetSpdySession:   request URL:https://umengacs.m.taobao.com/accs/auth?1=YBDcoH9kD04DAL3KyNHgNEPF&2=6887e25545f63ef542cdf5ff9197bc076d4329a396ddf2c1c5048c8b1ec15361&3=umeng:546d7dd7fd98c58fc800082c&5=1&6=wifi&7=null&8=1.1.2&9=1657276678192&10=1&11=30&12=cn.missevan&13=5.7.0&14=android@umeng&15=Mi+10&16=Xiaomi&17=221&19=0&20=
07-08 18:37:58.237 20988 21110 I awcn.TnetSpdySession:   request Method:GET
07-08 18:37:58.237 20988 21110 I awcn.TnetSpdySession:   request headers:{}
07-08 18:37:58.238 20988 21110 D awcn.TnetSpdySession:   streamId:1
07-08 18:37:58.238 20988 21110 E awcn.TnetSpdySession: |[seq:umeng:546d7dd7fd98c58fc800082c.AWCN1_1] spdySessionConnectCB connect connectTime:38 sslTime:0
07-08 18:37:58.239 20988 20988 I Player.SinglePlayerConnection: [main] init
07-08 18:37:58.240   953   953 I ANDR-PERF-LM: LMPerfGlue: perfmodule_submit_request() 132: perfmodule_submit_request()
07-08 18:37:58.240   953   953 I ANDR-PERF-LM: Core: getInstance() 84: LM getInstance
07-08 18:37:58.240   953   953 D ANDR-PERF-LM: Feature: lookup() 101: Feature Name = AppClassifier, total featuers = 3, featureFound = 1
07-08 18:37:58.240   953   953 D ANDR-PERF-LM: Feature: getData() 112: data.data = 1
07-08 18:37:58.240   953   953 I ANDR-PERF-LM: FeedbackAPI: getFeedback() 60: app:cn.missevan feature:AppClassifier feedback = 1
07-08 18:37:58.240  1000  1000 D CompositionEngine: writeOutputDependentGeometryStateToHWC layer[Splash Screen cn.missevan#0] set Z 134217728 miFodLayer 134217728
07-08 18:37:58.240  1000  1000 D CompositionEngine: writeOutputDependentGeometryStateToHWC layer[#1] set Z 134217729 miFodLayer 134217728
07-08 18:37:58.240  1000  1000 D CompositionEngine: writeOutputDependentGeometryStateToHWC layer[StatusBar#0] set Z 134217730 miFodLayer 134217728
07-08 18:37:58.240  1000  1000 D CompositionEngine: writeOutputDependentGeometryStateToHWC layer[RoundCorner#0] set Z 134217731 miFodLayer 134217728
07-08 18:37:58.240  1000  1000 D CompositionEngine: writeOutputDependentGeometryStateToHWC layer[RoundCorner#1] set Z 134217732 miFodLayer 134217728
07-08 18:37:58.247  1000  1237 W DisplayIdentification: Invalid EDID: falling back to serial number due to missing display name.
07-08 18:37:58.247  1000  1237 W DisplayIdentification: Invalid EDID: falling back to ASCII text due to missing serial number.
07-08 18:37:58.251 20988 20988 E AdaptScreenUtils: [main] no field of mTmpMetrics in resources.
07-08 18:37:58.252  1000  1000 D CompositionEngine: writeOutputDependentGeometryStateToHWC layer[Splash Screen cn.missevan#0] set Z 134217728 miFodLayer 134217728
07-08 18:37:58.252  1000  1000 D CompositionEngine: writeOutputDependentGeometryStateToHWC layer[#1] set Z 134217729 miFodLayer 134217728
07-08 18:37:58.252  1000  1000 D CompositionEngine: writeOutputDependentGeometryStateToHWC layer[StatusBar#0] set Z 134217730 miFodLayer 134217728
07-08 18:37:58.252  1000  1000 D CompositionEngine: writeOutputDependentGeometryStateToHWC layer[RoundCorner#0] set Z 134217731 miFodLayer 134217728
07-08 18:37:58.252  1000  1000 D CompositionEngine: writeOutputDependentGeometryStateToHWC layer[RoundCorner#1] set Z 134217732 miFodLayer 134217728
07-08 18:37:58.262  1000  1000 D CompositionEngine: writeOutputDependentGeometryStateToHWC layer[Splash Screen cn.missevan#0] set Z 134217728 miFodLayer 134217728
07-08 18:37:58.262  1000  1000 D CompositionEngine: writeOutputDependentGeometryStateToHWC layer[#1] set Z 134217729 miFodLayer 134217728
07-08 18:37:58.263  1000  1000 D CompositionEngine: writeOutputDependentGeometryStateToHWC layer[StatusBar#0] set Z 134217730 miFodLayer 134217728
07-08 18:37:58.263  1000  1000 D CompositionEngine: writeOutputDependentGeometryStateToHWC layer[RoundCorner#0] set Z 134217731 miFodLayer 134217728
07-08 18:37:58.263  1000  1000 D CompositionEngine: writeOutputDependentGeometryStateToHWC layer[RoundCorner#1] set Z 134217732 miFodLayer 134217728
07-08 18:37:58.274  1000  1000 D CompositionEngine: writeOutputDependentGeometryStateToHWC layer[Splash Screen cn.missevan#0] set Z 134217728 miFodLayer 134217728
07-08 18:37:58.274  1000  1000 D CompositionEngine: writeOutputDependentGeometryStateToHWC layer[#1] set Z 134217729 miFodLayer 134217728
07-08 18:37:58.274  1000  1000 D CompositionEngine: writeOutputDependentGeometryStateToHWC layer[StatusBar#0] set Z 134217730 miFodLayer 134217728
07-08 18:37:58.274  1000  1000 D CompositionEngine: writeOutputDependentGeometryStateToHWC layer[RoundCorner#0] set Z 134217731 miFodLayer 134217728
07-08 18:37:58.274  1000  1000 D CompositionEngine: writeOutputDependentGeometryStateToHWC layer[RoundCorner#1] set Z 134217732 miFodLayer 134217728
07-08 18:37:58.279 20988 21110 I awcn.TnetSpdySession:   statusCode:200
07-08 18:37:58.280 20988 20988 D DecorView[]: getWindowModeFromSystem  windowmode is 1
07-08 18:37:58.280 20988 20988 D DecorView: createDecorCaptionView windowingMode:1 mWindowMode 1 isFullscreen: true
07-08 18:37:58.280 20988 21110 I awcn.TnetSpdySession:   response headers:{date=[Fri, 08 Jul 2022 10:37:57 GMT], server=[Tengine/Aserver/3.2.48_20220621115549], content-length=[0], s-accs-retcode=[SUCCESS], :status=[200], x-workerid=[1513210574493205529], x-at=[YBDcoH9kD04DAL3KyNHgNEPFumeng:546d7dd7fd98c58fc800082c1657291077]}
07-08 18:37:58.280 20988 21110 E NAccs.InAppConn_default:  auth httpStatusCode:200
07-08 18:37:58.280 20988 21110 E awcn.Session: |[seq:umeng:546d7dd7fd98c58fc800082c.AWCN1_1] notifyStatus status:AUTH_SUCC
07-08 18:37:58.280 20988 21134 D awcn.SessionRequest: |[seq:umeng:546d7dd7fd98c58fc800082c.AWCN1_1] Session:Session@[umeng:546d7dd7fd98c58fc800082c.AWCN1_1|http2_0rtt_acs] EventType:512 Event:
07-08 18:37:58.280 20988 21134 E awcn.SessionRequest:  sendConnectInfoToAccsByService
07-08 18:37:58.281 20988 21110 D awcn.TnetSpdySession: |[seq:umeng:546d7dd7fd98c58fc800082c.AWCN1_1] ping host:https://umengacs.m.taobao.com thread:spdy-0
07-08 18:37:58.281 20988 21110 D awcn.TnetSpdySession: |[seq:umeng:546d7dd7fd98c58fc800082c.AWCN1_1] https://umengacs.m.taobao.com submit ping ms:1 force:true
07-08 18:37:58.281 20988 21110 D awcn.TnetSpdySession: |[seq:umeng:546d7dd7fd98c58fc800082c.AWCN1_1] spdyOnStreamResponse authTime:0
07-08 18:37:58.281 20988 21110 D NAccs.InAppConn_default:  auth header:{date=Fri, 08 Jul 2022 10:37:57 GMT, server=Tengine/Aserver/3.2.48_20220621115549, content-length=0, s-accs-retcode=SUCCESS, :status=200, x-workerid=1513210574493205529, x-at=YBDcoH9kD04DAL3KyNHgNEPFumeng:546d7dd7fd98c58fc800082c1657291077}
07-08 18:37:58.282 20988 21110 D awcn.TnetSpdySession:  spdyStreamCloseCallback streamId:1 errorCode:0
07-08 18:37:58.283  1969  8372 D CompatibilityInfo: mCompatibilityFlags - 0
07-08 18:37:58.283  1969  8372 D CompatibilityInfo: applicationDensity - 440
07-08 18:37:58.283  1969  8372 D CompatibilityInfo: applicationScale - 1.0
07-08 18:37:58.284 20988 21134 E awcn.SessionRequest:  sendConnectInfoToAccsByCallBack
07-08 18:37:58.285 20988 21134 D awcn.SessionRequest: |[seq:umeng:546d7dd7fd98c58fc800082c.AWCN1_1] Connect Success session:Session@[umeng:546d7dd7fd98c58fc800082c.AWCN1_1|http2_0rtt_acs] host:https://umengacs.m.taobao.com
07-08 18:37:58.285 20988 21134 D awcn.SessionRequest:  Receive session event eventType:512
07-08 18:37:58.285 20988 21134 D awcn.StrategyTable:  [notifyConnEvent] Host:umengacs.m.taobao.com IConnStrategy:{203.119.128.124 443 http2_0rtt_acs} ConnEvent:ConnEvent#Success
07-08 18:37:58.285 20988 21111 E NAccs.InAppConn_default:  onConnectionChanged currentHost:https://umengacs.m.taobao.com changeHost:https://umengacs.m.taobao.com state:true
07-08 18:37:58.286 20988 21111 I NAccs.HeartbeatManager:  hb use job
07-08 18:37:58.286  1000  1000 D CompositionEngine: writeOutputDependentGeometryStateToHWC layer[Splash Screen cn.missevan#0] set Z 134217728 miFodLayer 134217728
07-08 18:37:58.286 20988 21111 D NAccs.OrangeAdapter:  isSmartHb result:true
07-08 18:37:58.286  1000  1000 D CompositionEngine: writeOutputDependentGeometryStateToHWC layer[#1] set Z 134217729 miFodLayer 134217728
07-08 18:37:58.286 20988 21111 D NAccs.OrangeAdapter:  isSmartHb result:true
