06-08 18:07:57.105  1977  2997 I libsensor-displayalgo: the value of  getChannelDataCalibrated188.560035,59.959021,111.913424,35.729273
06-08 18:07:57.105  1977  2997 I libsensor-displayalgo: the value of  REAL LUX235.865906
06-08 18:07:57.105  1977  2997 I libsensor-displayalgo: the value of  CAL REAL LUX235.865906
06-08 18:07:57.274 21969 22284 D WorkerThreadMonitor: Kill MSF check result[ senderSize:0,sendInterval:7442,receiveInterval=7377,addCmdCount=164
06-08 18:07:57.356  1245  2285 I vendor.qti.hardware.display.composer-service: FrameNotifyProcess Sensor: notify citsensorservice to trigger cwb
06-08 18:07:57.357  1977  2106 I libcitsensorservice@2.0-impl: msg_transfer
06-08 18:07:57.359  1977  2987 D vendor.xiaomi.sensor.citsensorservice@2.0-service: handle id:8 wxh:1280x2400 uwxuh:1080x2400 size: 9216000 fd:15 fd_meta:16 flags:0x4000228 usage:0x33  format:0x3 layer_count: 1
06-08 18:07:57.360  1245  1846 I SDM     : HWCSession::SetCWBOutputBuffer: CWB config passed by cwb_client : tappoint 1  CWB_ROI : (829.000000 4.000000 915.000000 90.000000)
06-08 18:07:57.361  1245 22032 I SDM     : HWCSession::ProcessRequests: Successfully configured CWB buffer.
06-08 18:07:57.366  1245 22032 I SDM     : HWCSession::ProcessRequests: Pushing release fence in fenece wait queue.
06-08 18:07:57.366  1245 22032 I SDM     : HWCSession::ProcessRequests: Creating AsyncFenceWaits async thread.
06-08 18:07:57.366  1245 22032 I SDM     : HWCSession::ProcessRequests: Remove current CWB request from the pending request queue.
06-08 18:07:57.366  1245 22032 I SDM     : HWCSession::ProcessRequests: No pending cwb requests found in the queue.
06-08 18:07:57.372  1245  1464 I SDM     : HWDeviceDRM::SetupConcurrentWriteback: Tear down the Concurrent Writeback topology
06-08 18:07:57.379  1245 22033 I SDM     : HWCSession::NotifyCWBStatus: Notify the client about buffer status 0.
06-08 18:07:57.379  1245 22033 I SDM     : HWCSession::PerformFenceWaits: Remove current release fence from the pending fence wait queue.
06-08 18:07:57.379  1245 22033 I SDM     : HWCSession::PerformFenceWaits: CWB fence queue is empty. No pending release fence to wait on.
06-08 18:07:57.404  1977  2997 D libsensor-displayalgo: the value of  brightness:400.000000,R:5839427.745025,G:5838004.606291,B:5844250.476950,EVENT_C:4068.000000,EVENT_R:1694.500000,EVENT_G:1961.000000,EVENT_B:808.500000
06-08 18:07:57.404  1977  2997 I libsensor-displayalgo: the value of  Coef1:1107.681000,Coef4:2.383000, scale1:0.935522, scale4:0.923264
06-08 18:07:57.404  1977  2997 E libsensor-displayalgo: RGB_black_white_scenario_0822!
06-08 18:07:57.405  1977  2997 I libsensor-displayalgo: the value of  RESULT180.445235,64.704759,96.719156,32.964019
06-08 18:07:57.405  1977  2997 I libsensor-displayalgo: the value of  getChannelDataCalibrated188.560035,59.959021,111.913424,35.729273
06-08 18:07:57.405  1977  2997 I libsensor-displayalgo: the value of  REAL LUX233.522171
06-08 18:07:57.405  1977  2997 I libsensor-displayalgo: the value of  CAL REAL LUX233.522171
06-08 18:07:57.551  2403  3057 D MiuiNetworkPolicy: updateLimit mLimitEnabled=false,enabled=true,mNetworkPriorityMode=1
06-08 18:07:57.670  1245  2285 I vendor.qti.hardware.display.composer-service: FrameNotifyProcess Sensor: notify citsensorservice to trigger cwb
06-08 18:07:57.671  1977  2106 I libcitsensorservice@2.0-impl: msg_transfer
06-08 18:07:57.672  1977  2987 D vendor.xiaomi.sensor.citsensorservice@2.0-service: handle id:8 wxh:1280x2400 uwxuh:1080x2400 size: 9216000 fd:15 fd_meta:16 flags:0x4000228 usage:0x33  format:0x3 layer_count: 1
06-08 18:07:57.672  1245  1846 I SDM     : HWCSession::SetCWBOutputBuffer: CWB config passed by cwb_client : tappoint 1  CWB_ROI : (829.000000 4.000000 915.000000 90.000000)
06-08 18:07:57.673  1245 22037 I SDM     : HWCSession::ProcessRequests: Successfully configured CWB buffer.
06-08 18:07:57.679  1245 22037 I SDM     : HWCSession::ProcessRequests: Pushing release fence in fenece wait queue.
06-08 18:07:57.679  1245 22037 I SDM     : HWCSession::ProcessRequests: Creating AsyncFenceWaits async thread.
06-08 18:07:57.680  1245 22037 I SDM     : HWCSession::ProcessRequests: Remove current CWB request from the pending request queue.
06-08 18:07:57.680  1245 22037 I SDM     : HWCSession::ProcessRequests: No pending cwb requests found in the queue.
06-08 18:07:57.685  1245  1464 I SDM     : HWDeviceDRM::SetupConcurrentWriteback: Tear down the Concurrent Writeback topology
06-08 18:07:57.692  1245 22038 I SDM     : HWCSession::NotifyCWBStatus: Notify the client about buffer status 0.
06-08 18:07:57.692  1245 22038 I SDM     : HWCSession::PerformFenceWaits: Remove current release fence from the pending fence wait queue.
06-08 18:07:57.692  1245 22038 I SDM     : HWCSession::PerformFenceWaits: CWB fence queue is empty. No pending release fence to wait on.
06-08 18:07:57.703  1977  2997 D libsensor-displayalgo: the value of  brightness:400.000000,R:5839427.745025,G:5838004.606291,B:5844250.476950,EVENT_C:4081.000000,EVENT_R:1701.000000,EVENT_G:1969.500000,EVENT_B:811.000000
06-08 18:07:57.704  1977  2997 I libsensor-displayalgo: the value of  Coef1:1107.681000,Coef4:2.383000, scale1:0.935522, scale4:0.923264
06-08 18:07:57.704  1977  2997 E libsensor-displayalgo: RGB_black_white_scenario_0822!
06-08 18:07:57.704  1977  2997 I libsensor-displayalgo: the value of  RESULT180.445235,64.704759,96.719156,32.964019
06-08 18:07:57.704  1977  2997 I libsensor-displayalgo: the value of  getChannelDataCalibrated188.560035,59.959021,111.913424,35.729273
06-08 18:07:57.704  1977  2997 I libsensor-displayalgo: the value of  REAL LUX234.378235
06-08 18:07:57.704  1977  2997 I libsensor-displayalgo: the value of  CAL REAL LUX234.378235
06-08 18:07:57.760  6952 20004 I SafeBinderCall: onPositionChange binder cost:1
06-08 18:07:57.760  4164  4164 D MiPlayDetailViewModel: onPositionChange(): position = 108804
06-08 18:07:57.974  1245  2285 I vendor.qti.hardware.display.composer-service: FrameNotifyProcess Sensor: notify citsensorservice to trigger cwb
06-08 18:07:57.975  1977 18363 I libcitsensorservice@2.0-impl: msg_transfer
06-08 18:07:57.977  1977  2987 D vendor.xiaomi.sensor.citsensorservice@2.0-service: handle id:8 wxh:1280x2400 uwxuh:1080x2400 size: 9216000 fd:15 fd_meta:16 flags:0x4000228 usage:0x33  format:0x3 layer_count: 1
06-08 18:07:57.977  1245  1846 I SDM     : HWCSession::SetCWBOutputBuffer: CWB config passed by cwb_client : tappoint 1  CWB_ROI : (829.000000 4.000000 915.000000 90.000000)
06-08 18:07:57.978  1245 22042 I SDM     : HWCSession::ProcessRequests: Successfully configured CWB buffer.
06-08 18:07:57.983  1245 22042 I SDM     : HWCSession::ProcessRequests: Pushing release fence in fenece wait queue.
06-08 18:07:57.984  1245 22042 I SDM     : HWCSession::ProcessRequests: Creating AsyncFenceWaits async thread.
06-08 18:07:57.984  1245 22042 I SDM     : HWCSession::ProcessRequests: Remove current CWB request from the pending request queue.
06-08 18:07:57.984  1245 22042 I SDM     : HWCSession::ProcessRequests: No pending cwb requests found in the queue.
06-08 18:07:57.989  1245  1464 I SDM     : HWDeviceDRM::SetupConcurrentWriteback: Tear down the Concurrent Writeback topology
06-08 18:07:57.996  1245 22044 I SDM     : HWCSession::NotifyCWBStatus: Notify the client about buffer status 0.
06-08 18:07:57.996  1245 22044 I SDM     : HWCSession::PerformFenceWaits: Remove current release fence from the pending fence wait queue.
06-08 18:07:57.996  1245 22044 I SDM     : HWCSession::PerformFenceWaits: CWB fence queue is empty. No pending release fence to wait on.
06-08 18:07:58.003  1977  2997 D libsensor-displayalgo: the value of  brightness:400.000000,R:5839427.745025,G:5838004.606291,B:5844250.476950,EVENT_C:4094.000000,EVENT_R:1705.000000,EVENT_G:1975.000000,EVENT_B:814.000000
06-08 18:07:58.003  1977  2997 I libsensor-displayalgo: the value of  Coef1:1107.681000,Coef4:2.383000, scale1:0.935522, scale4:0.923264
06-08 18:07:58.003  1977  2997 E libsensor-displayalgo: RGB_black_white_scenario_0822!
06-08 18:07:58.003  1977  2997 I libsensor-displayalgo: the value of  RESULT180.445235,64.704759,96.719156,32.964019
06-08 18:07:58.003  1977  2997 I libsensor-displayalgo: the value of  getChannelDataCalibrated188.560035,59.959021,111.913424,35.729273
06-08 18:07:58.003  1977  2997 I libsensor-displayalgo: the value of  REAL LUX235.151459
06-08 18:07:58.003  1977  2997 I libsensor-displayalgo: the value of  CAL REAL LUX235.151459
06-08 18:07:58.287  1245  2285 I vendor.qti.hardware.display.composer-service: FrameNotifyProcess Sensor: notify citsensorservice to trigger cwb
06-08 18:07:58.288  1977  3798 I libcitsensorservice@2.0-impl: msg_transfer
06-08 18:07:58.288  1977  2987 D vendor.xiaomi.sensor.citsensorservice@2.0-service: handle id:8 wxh:1280x2400 uwxuh:1080x2400 size: 9216000 fd:15 fd_meta:16 flags:0x4000228 usage:0x33  format:0x3 layer_count: 1
06-08 18:07:58.289  1245  1846 I SDM     : HWCSession::SetCWBOutputBuffer: CWB config passed by cwb_client : tappoint 1  CWB_ROI : (829.000000 4.000000 915.000000 90.000000)
06-08 18:07:58.291  1245 22049 I SDM     : HWCSession::ProcessRequests: Successfully configured CWB buffer.
06-08 18:07:58.297  1245 22049 I SDM     : HWCSession::ProcessRequests: Pushing release fence in fenece wait queue.
06-08 18:07:58.297  1245 22049 I SDM     : HWCSession::ProcessRequests: Creating AsyncFenceWaits async thread.
06-08 18:07:58.298  1245 22049 I SDM     : HWCSession::ProcessRequests: Remove current CWB request from the pending request queue.
06-08 18:07:58.298  1245 22049 I SDM     : HWCSession::ProcessRequests: No pending cwb requests found in the queue.
06-08 18:07:58.304  1245  1464 I SDM     : HWDeviceDRM::SetupConcurrentWriteback: Tear down the Concurrent Writeback topology
06-08 18:07:58.309  1245 22050 I SDM     : HWCSession::NotifyCWBStatus: Notify the client about buffer status 0.
06-08 18:07:58.309  1245 22050 I SDM     : HWCSession::PerformFenceWaits: Remove current release fence from the pending fence wait queue.
06-08 18:07:58.309  1245 22050 I SDM     : HWCSession::PerformFenceWaits: CWB fence queue is empty. No pending release fence to wait on.
06-08 18:07:58.405  1977  2997 D libsensor-displayalgo: the value of  brightness:400.000000,R:5839427.745025,G:5838004.606291,B:5844250.476950,EVENT_C:4108.000000,EVENT_R:1708.000000,EVENT_G:1984.500000,EVENT_B:820.500000
06-08 18:07:58.405  1977  2997 I libsensor-displayalgo: the value of  Coef1:1107.681000,Coef4:2.383000, scale1:0.935522, scale4:0.923264
06-08 18:07:58.405  1977  2997 E libsensor-displayalgo: RGB_black_white_scenario_0822!
06-08 18:07:58.405  1977  2997 I libsensor-displayalgo: the value of  RESULT180.445235,64.704759,96.719156,32.964019
06-08 18:07:58.405  1977  2997 I libsensor-displayalgo: the value of  getChannelDataCalibrated188.560035,59.959021,111.913424,35.729273
06-08 18:07:58.405  1977  2997 I libsensor-displayalgo: the value of  REAL LUX235.930603
06-08 18:07:58.405  1977  2997 I libsensor-displayalgo: the value of  CAL REAL LUX235.930603
06-08 18:07:58.483 21735 21760 W encent.mobileq: Profile data size exceeds 500000 bytes. It has 632860 bytes.
06-08 18:07:58.537 21735 21760 I encent.mobileq: ProcessProfilingInfo new_methods=0 is saved saved_to_disk=0 resolve_classes_delay=8000
06-08 18:07:58.592  1245  2285 I vendor.qti.hardware.display.composer-service: FrameNotifyProcess Sensor: notify citsensorservice to trigger cwb
06-08 18:07:58.594  1977  3798 I libcitsensorservice@2.0-impl: msg_transfer
06-08 18:07:58.595  1977  2987 D vendor.xiaomi.sensor.citsensorservice@2.0-service: handle id:8 wxh:1280x2400 uwxuh:1080x2400 size: 9216000 fd:15 fd_meta:16 flags:0x4000228 usage:0x33  format:0x3 layer_count: 1
06-08 18:07:58.595  1245  1846 I SDM     : HWCSession::SetCWBOutputBuffer: CWB config passed by cwb_client : tappoint 1  CWB_ROI : (829.000000 4.000000 915.000000 90.000000)
06-08 18:07:58.597  1245 22054 I SDM     : HWCSession::ProcessRequests: Successfully configured CWB buffer.
06-08 18:07:58.608  1245 22054 I SDM     : HWCSession::ProcessRequests: Pushing release fence in fenece wait queue.
06-08 18:07:58.608  1245 22054 I SDM     : HWCSession::ProcessRequests: Creating AsyncFenceWaits async thread.
06-08 18:07:58.608  1245 22054 I SDM     : HWCSession::ProcessRequests: Remove current CWB request from the pending request queue.
06-08 18:07:58.608  1245 22054 I SDM     : HWCSession::ProcessRequests: No pending cwb requests found in the queue.
06-08 18:07:58.615  1245  1464 I SDM     : HWDeviceDRM::SetupConcurrentWriteback: Tear down the Concurrent Writeback topology
06-08 18:07:58.622  1245 22055 I SDM     : HWCSession::NotifyCWBStatus: Notify the client about buffer status 0.
06-08 18:07:58.622  1245 22055 I SDM     : HWCSession::PerformFenceWaits: Remove current release fence from the pending fence wait queue.
06-08 18:07:58.622  1245 22055 I SDM     : HWCSession::PerformFenceWaits: CWB fence queue is empty. No pending release fence to wait on.
06-08 18:07:58.704  1977  2997 D libsensor-displayalgo: the value of  brightness:400.000000,R:5839427.745025,G:5838004.606291,B:5844250.476950,EVENT_C:4072.500000,EVENT_R:1700.000000,EVENT_G:1962.000000,EVENT_B:809.500000
06-08 18:07:58.704  1977  2997 I libsensor-displayalgo: the value of  Coef1:1107.681000,Coef4:2.383000, scale1:0.935522, scale4:0.923264
06-08 18:07:58.704  1977  2997 E libsensor-displayalgo: RGB_black_white_scenario_0822!
06-08 18:07:58.704  1977  2997 I libsensor-displayalgo: the value of  RESULT180.445235,64.704759,96.719156,32.964019
06-08 18:07:58.704  1977  2997 I libsensor-displayalgo: the value of  getChannelDataCalibrated188.560035,59.959021,111.913424,35.729273
06-08 18:07:58.704  1977  2997 I libsensor-displayalgo: the value of  REAL LUX233.596664
06-08 18:07:58.704  1977  2997 I libsensor-displayalgo: the value of  CAL REAL LUX233.596664
06-08 18:07:58.760  4164  4164 D MiPlayDetailViewModel: onPositionChange(): position = 109804
06-08 18:07:58.760  6952 20004 I SafeBinderCall: onPositionChange binder cost:1
06-08 18:07:58.898  1245  2285 I vendor.qti.hardware.display.composer-service: FrameNotifyProcess Sensor: notify citsensorservice to trigger cwb
06-08 18:07:58.899  1977  2106 I libcitsensorservice@2.0-impl: msg_transfer
06-08 18:07:58.902  1977  2987 D vendor.xiaomi.sensor.citsensorservice@2.0-service: handle id:8 wxh:1280x2400 uwxuh:1080x2400 size: 9216000 fd:15 fd_meta:16 flags:0x4000228 usage:0x33  format:0x3 layer_count: 1
06-08 18:07:58.902  1245  1846 I SDM     : HWCSession::SetCWBOutputBuffer: CWB config passed by cwb_client : tappoint 1  CWB_ROI : (829.000000 4.000000 915.000000 90.000000)
06-08 18:07:58.903  1245 22058 I SDM     : HWCSession::ProcessRequests: Successfully configured CWB buffer.
06-08 18:07:58.912  1245 22058 I SDM     : HWCSession::ProcessRequests: Pushing release fence in fenece wait queue.
06-08 18:07:58.913  1245 22058 I SDM     : HWCSession::ProcessRequests: Creating AsyncFenceWaits async thread.
06-08 18:07:58.913  1245 22058 I SDM     : HWCSession::ProcessRequests: Remove current CWB request from the pending request queue.
06-08 18:07:58.913  1245 22058 I SDM     : HWCSession::ProcessRequests: No pending cwb requests found in the queue.
06-08 18:07:58.919  1245  1464 I SDM     : HWDeviceDRM::SetupConcurrentWriteback: Tear down the Concurrent Writeback topology
06-08 18:07:58.926  1245 22059 I SDM     : HWCSession::NotifyCWBStatus: Notify the client about buffer status 0.
06-08 18:07:58.927  1245 22059 I SDM     : HWCSession::PerformFenceWaits: Remove current release fence from the pending fence wait queue.
06-08 18:07:58.927  1245 22059 I SDM     : HWCSession::PerformFenceWaits: CWB fence queue is empty. No pending release fence to wait on.
06-08 18:07:59.004  1977  2997 D libsensor-displayalgo: the value of  brightness:400.000000,R:5839427.745025,G:5838004.606291,B:5844250.476950,EVENT_C:4092.000000,EVENT_R:1703.500000,EVENT_G:1975.000000,EVENT_B:814.000000
06-08 18:07:59.005  1977  2997 I libsensor-displayalgo: the value of  Coef1:1107.681000,Coef4:2.383000, scale1:0.935522, scale4:0.923264
06-08 18:07:59.005  1977  2997 E libsensor-displayalgo: RGB_black_white_scenario_0822!
06-08 18:07:59.005  1977  2997 I libsensor-displayalgo: the value of  RESULT180.445235,64.704759,96.719156,32.964019
06-08 18:07:59.005  1977  2997 I libsensor-displayalgo: the value of  getChannelDataCalibrated188.560035,59.959021,111.913424,35.729273
06-08 18:07:59.005  1977  2997 I libsensor-displayalgo: the value of  REAL LUX235.066879
06-08 18:07:59.005  1977  2997 I libsensor-displayalgo: the value of  CAL REAL LUX235.066879
06-08 18:07:59.209  1245  2285 I vendor.qti.hardware.display.composer-service: FrameNotifyProcess Sensor: notify citsensorservice to trigger cwb
06-08 18:07:59.210  1977  3798 I libcitsensorservice@2.0-impl: msg_transfer
06-08 18:07:59.211  1977  2987 D vendor.xiaomi.sensor.citsensorservice@2.0-service: handle id:8 wxh:1280x2400 uwxuh:1080x2400 size: 9216000 fd:15 fd_meta:16 flags:0x4000228 usage:0x33  format:0x3 layer_count: 1
06-08 18:07:59.212  1245  1846 I SDM     : HWCSession::SetCWBOutputBuffer: CWB config passed by cwb_client : tappoint 1  CWB_ROI : (829.000000 4.000000 915.000000 90.000000)
06-08 18:07:59.213  1245 22063 I SDM     : HWCSession::ProcessRequests: Successfully configured CWB buffer.
06-08 18:07:59.221  1245 22063 I SDM     : HWCSession::ProcessRequests: Pushing release fence in fenece wait queue.
06-08 18:07:59.221  1245 22063 I SDM     : HWCSession::ProcessRequests: Creating AsyncFenceWaits async thread.
06-08 18:07:59.222  1245 22063 I SDM     : HWCSession::ProcessRequests: Remove current CWB request from the pending request queue.
06-08 18:07:59.222  1245 22063 I SDM     : HWCSession::ProcessRequests: No pending cwb requests found in the queue.
06-08 18:07:59.225  1245  1464 I SDM     : HWDeviceDRM::SetupConcurrentWriteback: Tear down the Concurrent Writeback topology
06-08 18:07:59.231  1245 22064 I SDM     : HWCSession::NotifyCWBStatus: Notify the client about buffer status 0.
06-08 18:07:59.231  1245 22064 I SDM     : HWCSession::PerformFenceWaits: Remove current release fence from the pending fence wait queue.
06-08 18:07:59.231  1245 22064 I SDM     : HWCSession::PerformFenceWaits: CWB fence queue is empty. No pending release fence to wait on.
06-08 18:07:59.304  1977  2997 D libsensor-displayalgo: the value of  brightness:400.000000,R:5839427.745025,G:5838004.606291,B:5844250.476950,EVENT_C:4097.500000,EVENT_R:1707.500000,EVENT_G:1979.000000,EVENT_B:817.000000
06-08 18:07:59.304  1977  2997 I libsensor-displayalgo: the value of  Coef1:1107.681000,Coef4:2.383000, scale1:0.935522, scale4:0.923264
06-08 18:07:59.304  1977  2997 E libsensor-displayalgo: RGB_black_white_scenario_0822!
06-08 18:07:59.304  1977  2997 I libsensor-displayalgo: the value of  RESULT180.445235,64.704759,96.719156,32.964019
06-08 18:07:59.304  1977  2997 I libsensor-displayalgo: the value of  getChannelDataCalibrated188.560035,59.959021,111.913424,35.729273
06-08 18:07:59.304  1977  2997 I libsensor-displayalgo: the value of  REAL LUX235.242523
06-08 18:07:59.304  1977  2997 I libsensor-displayalgo: the value of  CAL REAL LUX235.242523
06-08 18:07:59.457 18647 19599 D AudioTrack: [audioTrackData][fine] 30s(f:30001 m:1791 s:282 k:0) : pid 18647 uid 10462 sessionId 9321 sr 44100 ch 2 fmt 1
06-08 18:07:59.513  1245  2285 I vendor.qti.hardware.display.composer-service: FrameNotifyProcess Sensor: notify citsensorservice to trigger cwb
06-08 18:07:59.515  1977  3798 I libcitsensorservice@2.0-impl: msg_transfer
06-08 18:07:59.515  1977  2987 D vendor.xiaomi.sensor.citsensorservice@2.0-service: handle id:8 wxh:1280x2400 uwxuh:1080x2400 size: 9216000 fd:15 fd_meta:16 flags:0x4000228 usage:0x33  format:0x3 layer_count: 1
06-08 18:07:59.516  1245  1846 I SDM     : HWCSession::SetCWBOutputBuffer: CWB config passed by cwb_client : tappoint 1  CWB_ROI : (829.000000 4.000000 915.000000 90.000000)
06-08 18:07:59.518  1245 22068 I SDM     : HWCSession::ProcessRequests: Successfully configured CWB buffer.
06-08 18:07:59.520  5452  9748 D SLM-SRV-SLAService: checktemp temperature = 37167 temperature_average = 37222 isPerformanceMode = false thermal_enable_slm = true
06-08 18:07:59.529  1245 22068 I SDM     : HWCSession::ProcessRequests: Pushing release fence in fenece wait queue.
06-08 18:07:59.529  1245 22068 I SDM     : HWCSession::ProcessRequests: Creating AsyncFenceWaits async thread.
06-08 18:07:59.530  1245 22068 I SDM     : HWCSession::ProcessRequests: Remove current CWB request from the pending request queue.
06-08 18:07:59.530  1245 22068 I SDM     : HWCSession::ProcessRequests: No pending cwb requests found in the queue.
06-08 18:07:59.536  1245  1464 I SDM     : HWDeviceDRM::SetupConcurrentWriteback: Tear down the Concurrent Writeback topology
06-08 18:07:59.543  1245 22069 I SDM     : HWCSession::NotifyCWBStatus: Notify the client about buffer status 0.
06-08 18:07:59.544  1245 22069 I SDM     : HWCSession::PerformFenceWaits: Remove current release fence from the pending fence wait queue.
06-08 18:07:59.544  1245 22069 I SDM     : HWCSession::PerformFenceWaits: CWB fence queue is empty. No pending release fence to wait on.
06-08 18:07:59.605  1977  2997 D libsensor-displayalgo: the value of  brightness:400.000000,R:5839427.745025,G:5838004.606291,B:5844250.476950,EVENT_C:4109.000000,EVENT_R:1706.500000,EVENT_G:1986.000000,EVENT_B:820.000000
06-08 18:07:59.605  1977  2997 I libsensor-displayalgo: the value of  Coef1:1107.681000,Coef4:2.383000, scale1:0.935522, scale4:0.923264
06-08 18:07:59.605  1977  2997 E libsensor-displayalgo: RGB_black_white_scenario_0822!
06-08 18:07:59.605  1977  2997 I libsensor-displayalgo: the value of  RESULT180.445235,64.704759,96.719156,32.964019
06-08 18:07:59.605  1977  2997 I libsensor-displayalgo: the value of  getChannelDataCalibrated188.560035,59.959021,111.913424,35.729273
06-08 18:07:59.605  1977  2997 I libsensor-displayalgo: the value of  REAL LUX236.166595
06-08 18:07:59.605  1977  2997 I libsensor-displayalgo: the value of  CAL REAL LUX236.166595
06-08 18:07:59.761  6952 20004 I SafeBinderCall: onPositionChange binder cost:1
06-08 18:07:59.761  4164  4164 D MiPlayDetailViewModel: onPositionChange(): position = 110805
06-08 18:07:59.827  1245  2285 I vendor.qti.hardware.display.composer-service: FrameNotifyProcess Sensor: notify citsensorservice to trigger cwb
06-08 18:07:59.829  1977 18363 I libcitsensorservice@2.0-impl: msg_transfer
06-08 18:07:59.829  1977  2987 D vendor.xiaomi.sensor.citsensorservice@2.0-service: handle id:8 wxh:1280x2400 uwxuh:1080x2400 size: 9216000 fd:15 fd_meta:16 flags:0x4000228 usage:0x33  format:0x3 layer_count: 1
06-08 18:07:59.829  1906  1953 I mstatdaemon: Entering time loop
06-08 18:07:59.830  1906  1953 I mstatdaemon: t = 1686218879
06-08 18:07:59.830  1906  1953 I mstatdaemon: translated_t = 1370228879
06-08 18:07:59.830  1906  1953 I mstat_log: mstatcommitLog log_alloc() failed
06-08 18:07:59.830  1245  1846 I SDM     : HWCSession::SetCWBOutputBuffer: CWB config passed by cwb_client : tappoint 1  CWB_ROI : (829.000000 4.000000 915.000000 90.000000)
06-08 18:07:59.834  1245 22074 I SDM     : HWCSession::ProcessRequests: Successfully configured CWB buffer.
06-08 18:07:59.842  1245 22074 I SDM     : HWCSession::ProcessRequests: Pushing release fence in fenece wait queue.
06-08 18:07:59.842  1245 22074 I SDM     : HWCSession::ProcessRequests: Creating AsyncFenceWaits async thread.
06-08 18:07:59.843  1245 22074 I SDM     : HWCSession::ProcessRequests: Remove current CWB request from the pending request queue.
06-08 18:07:59.843  1245 22074 I SDM     : HWCSession::ProcessRequests: No pending cwb requests found in the queue.
06-08 18:07:59.849  1245  1464 I SDM     : HWDeviceDRM::SetupConcurrentWriteback: Tear down the Concurrent Writeback topology
06-08 18:07:59.856  1245 22084 I SDM     : HWCSession::NotifyCWBStatus: Notify the client about buffer status 0.
06-08 18:07:59.856  1245 22084 I SDM     : HWCSession::PerformFenceWaits: Remove current release fence from the pending fence wait queue.
06-08 18:07:59.856  1245 22084 I SDM     : HWCSession::PerformFenceWaits: CWB fence queue is empty. No pending release fence to wait on.
06-08 18:07:59.904  1977  2997 D libsensor-displayalgo: the value of  brightness:400.000000,R:5839427.745025,G:5838004.606291,B:5844250.476950,EVENT_C:4078.500000,EVENT_R:1700.500000,EVENT_G:1968.000000,EVENT_B:812.500000
06-08 18:07:59.904  1977  2997 I libsensor-displayalgo: the value of  Coef1:1107.681000,Coef4:2.383000, scale1:0.935522, scale4:0.923264
06-08 18:07:59.904  1977  2997 E libsensor-displayalgo: RGB_black_white_scenario_0822!
06-08 18:07:59.905  1977  2997 I libsensor-displayalgo: the value of  RESULT180.445235,64.704759,96.719156,32.964019
06-08 18:07:59.905  1977  2997 I libsensor-displayalgo: the value of  getChannelDataCalibrated188.560035,59.959021,111.913424,35.729273
06-08 18:07:59.905  1977  2997 I libsensor-displayalgo: the value of  REAL LUX234.030548
06-08 18:07:59.905  1977  2997 I libsensor-displayalgo: the value of  CAL REAL LUX234.030548
06-08 18:08:00.003  4164  4164 D KeyguardUpdateMonitor: received broadcast android.intent.action.TIME_TICK
06-08 18:08:00.010  4164  4164 D KeyguardUpdateMonitor: handleTimeUpdate
06-08 18:08:00.131  1245  2285 I vendor.qti.hardware.display.composer-service: FrameNotifyProcess Sensor: notify citsensorservice to trigger cwb
06-08 18:08:00.133  1977  3798 I libcitsensorservice@2.0-impl: msg_transfer
06-08 18:08:00.133  1977  2987 D vendor.xiaomi.sensor.citsensorservice@2.0-service: handle id:8 wxh:1280x2400 uwxuh:1080x2400 size: 9216000 fd:15 fd_meta:16 flags:0x4000228 usage:0x33  format:0x3 layer_count: 1
06-08 18:08:00.134  1245  1846 I SDM     : HWCSession::SetCWBOutputBuffer: CWB config passed by cwb_client : tappoint 1  CWB_ROI : (829.000000 4.000000 915.000000 90.000000)
06-08 18:08:00.135  1245 22088 I SDM     : HWCSession::ProcessRequests: Successfully configured CWB buffer.
06-08 18:08:00.140  1245 22088 I SDM     : HWCSession::ProcessRequests: Pushing release fence in fenece wait queue.
06-08 18:08:00.140  1245 22088 I SDM     : HWCSession::ProcessRequests: Creating AsyncFenceWaits async thread.
06-08 18:08:00.141  1245 22088 I SDM     : HWCSession::ProcessRequests: Remove current CWB request from the pending request queue.
06-08 18:08:00.141  1245 22088 I SDM     : HWCSession::ProcessRequests: No pending cwb requests found in the queue.
06-08 18:08:00.145  1245  1464 I SDM     : HWDeviceDRM::SetupConcurrentWriteback: Tear down the Concurrent Writeback topology
06-08 18:08:00.152  1245 22090 I SDM     : HWCSession::NotifyCWBStatus: Notify the client about buffer status 0.
06-08 18:08:00.153  1245 22090 I SDM     : HWCSession::PerformFenceWaits: Remove current release fence from the pending fence wait queue.
06-08 18:08:00.153  1245 22090 I SDM     : HWCSession::PerformFenceWaits: CWB fence queue is empty. No pending release fence to wait on.
06-08 18:08:00.305  1977  2997 D libsensor-displayalgo: the value of  brightness:400.000000,R:5839427.745025,G:5838004.606291,B:5844250.476950,EVENT_C:4104.500000,EVENT_R:1709.000000,EVENT_G:1982.000000,EVENT_B:818.500000
06-08 18:08:00.305  1977  2997 I libsensor-displayalgo: the value of  Coef1:1107.681000,Coef4:2.383000, scale1:0.935522, scale4:0.923264
06-08 18:08:00.305  1977  2997 E libsensor-displayalgo: RGB_black_white_scenario_0822!
06-08 18:08:00.305  1977  2997 I libsensor-displayalgo: the value of  RESULT180.445235,64.704759,96.719156,32.964019
06-08 18:08:00.306  1977  2997 I libsensor-displayalgo: the value of  getChannelDataCalibrated188.560035,59.959021,111.913424,35.729273
06-08 18:08:00.306  1977  2997 I libsensor-displayalgo: the value of  REAL LUX235.694626
06-08 18:08:00.306  1977  2997 I libsensor-displayalgo: the value of  CAL REAL LUX235.694626
06-08 18:08:00.444  1245  2285 I vendor.qti.hardware.display.composer-service: FrameNotifyProcess Sensor: notify citsensorservice to trigger cwb
06-08 18:08:00.446  1977  2106 I libcitsensorservice@2.0-impl: msg_transfer
06-08 18:08:00.446  1977  2987 D vendor.xiaomi.sensor.citsensorservice@2.0-service: handle id:8 wxh:1280x2400 uwxuh:1080x2400 size: 9216000 fd:15 fd_meta:16 flags:0x4000228 usage:0x33  format:0x3 layer_count: 1
06-08 18:08:00.446  1245  1846 I SDM     : HWCSession::SetCWBOutputBuffer: CWB config passed by cwb_client : tappoint 1  CWB_ROI : (829.000000 4.000000 915.000000 90.000000)
06-08 18:08:00.448  1245 22094 I SDM     : HWCSession::ProcessRequests: Successfully configured CWB buffer.
06-08 18:08:00.453  1245 22094 I SDM     : HWCSession::ProcessRequests: Pushing release fence in fenece wait queue.
06-08 18:08:00.453  1245 22094 I SDM     : HWCSession::ProcessRequests: Creating AsyncFenceWaits async thread.
06-08 18:08:00.453  1245 22094 I SDM     : HWCSession::ProcessRequests: Remove current CWB request from the pending request queue.
06-08 18:08:00.454  1245 22094 I SDM     : HWCSession::ProcessRequests: No pending cwb requests found in the queue.
06-08 18:08:00.458  1245  1464 I SDM     : HWDeviceDRM::SetupConcurrentWriteback: Tear down the Concurrent Writeback topology
06-08 18:08:00.465  1245 22095 I SDM     : HWCSession::NotifyCWBStatus: Notify the client about buffer status 0.
06-08 18:08:00.466  1245 22095 I SDM     : HWCSession::PerformFenceWaits: Remove current release fence from the pending fence wait queue.
06-08 18:08:00.467  1245 22095 I SDM     : HWCSession::PerformFenceWaits: CWB fence queue is empty. No pending release fence to wait on.
06-08 18:08:00.603  1977  2997 D libsensor-displayalgo: the value of  brightness:400.000000,R:5839427.745025,G:5838004.606291,B:5844250.476950,EVENT_C:4104.500000,EVENT_R:1706.000000,EVENT_G:1983.500000,EVENT_B:819.500000
06-08 18:08:00.604  1977  2997 I libsensor-displayalgo: the value of  Coef1:1107.681000,Coef4:2.383000, scale1:0.935522, scale4:0.923264
06-08 18:08:00.604  1977  2997 E libsensor-displayalgo: RGB_black_white_scenario_0822!
06-08 18:08:00.604  1977  2997 I libsensor-displayalgo: the value of  RESULT180.445235,64.704759,96.719156,32.964019
06-08 18:08:00.604  1977  2997 I libsensor-displayalgo: the value of  getChannelDataCalibrated188.560035,59.959021,111.913424,35.729273
06-08 18:08:00.604  1977  2997 I libsensor-displayalgo: the value of  REAL LUX235.794769
06-08 18:08:00.604  1977  2997 I libsensor-displayalgo: the value of  CAL REAL LUX235.794769
06-08 18:08:00.682 21735 22099 D PadUtil : isSplitSwitchOn = true
06-08 18:08:00.683 21735 22099 D XiaomiDeviceType: muiltDisplayType = 0
06-08 18:08:00.683 21735 22099 D XiaomiDeviceType: characteristics = nosdcard
06-08 18:08:00.683 21735 22099 D PadUtil : initDeviceType type = PHONE
06-08 18:08:00.693 21735 22114 D StorageFileMonitor: onFileOperate runtime not ready
06-08 18:08:00.695 21735 22099 I MsfServiceSdk:  create isUseNewProxy=false randomInt=39
06-08 18:08:00.749  1245  2285 I vendor.qti.hardware.display.composer-service: FrameNotifyProcess Sensor: notify citsensorservice to trigger cwb
06-08 18:08:00.752  1977  2106 I libcitsensorservice@2.0-impl: msg_transfer
06-08 18:08:00.752  1977  2987 D vendor.xiaomi.sensor.citsensorservice@2.0-service: handle id:8 wxh:1280x2400 uwxuh:1080x2400 size: 9216000 fd:15 fd_meta:16 flags:0x4000228 usage:0x33  format:0x3 layer_count: 1
06-08 18:08:00.753  1245  1846 I SDM     : HWCSession::SetCWBOutputBuffer: CWB config passed by cwb_client : tappoint 1  CWB_ROI : (829.000000 4.000000 915.000000 90.000000)
06-08 18:08:00.755  1245 22118 I SDM     : HWCSession::ProcessRequests: Successfully configured CWB buffer.
06-08 18:08:00.760  4164  4164 D MiPlayDetailViewModel: onPositionChange(): position = 111805
06-08 18:08:00.760  6952 20004 I SafeBinderCall: onPositionChange binder cost:0
06-08 18:08:00.764  1245 22118 I SDM     : HWCSession::ProcessRequests: Pushing release fence in fenece wait queue.
06-08 18:08:00.764  1245 22118 I SDM     : HWCSession::ProcessRequests: Creating AsyncFenceWaits async thread.
06-08 18:08:00.764  1245 22118 I SDM     : HWCSession::ProcessRequests: Remove current CWB request from the pending request queue.
06-08 18:08:00.765  1245 22118 I SDM     : HWCSession::ProcessRequests: No pending cwb requests found in the queue.
06-08 18:08:00.771  1245  1464 I SDM     : HWDeviceDRM::SetupConcurrentWriteback: Tear down the Concurrent Writeback topology
06-08 18:08:00.778  1245 22119 I SDM     : HWCSession::NotifyCWBStatus: Notify the client about buffer status 0.
06-08 18:08:00.778  1245 22119 I SDM     : HWCSession::PerformFenceWaits: Remove current release fence from the pending fence wait queue.
06-08 18:08:00.778  1245 22119 I SDM     : HWCSession::PerformFenceWaits: CWB fence queue is empty. No pending release fence to wait on.
06-08 18:08:00.820 21969 22263 D MemoryCeilingMonitor: [handleMemoryCalculate]
06-08 18:08:00.821 21969 22263 D MemoryCeilingMonitor: [calculate] tot: 5893928, max: 268435456, free: 1769120, heap: 4124808, per: 0.01536610722541809
06-08 18:08:00.904  1977  2997 D libsensor-displayalgo: the value of  brightness:400.000000,R:5839427.745025,G:5838004.606291,B:5844250.476950,EVENT_C:4057.000000,EVENT_R:1696.000000,EVENT_G:1957.500000,EVENT_B:806.000000
06-08 18:08:00.904  1977  2997 I libsensor-displayalgo: the value of  Coef1:1107.681000,Coef4:2.383000, scale1:0.935522, scale4:0.923264
06-08 18:08:00.904  1977  2997 E libsensor-displayalgo: RGB_black_white_scenario_0822!
06-08 18:08:00.904  1977  2997 I libsensor-displayalgo: the value of  RESULT180.445235,64.704759,96.719156,32.964019
06-08 18:08:00.904  1977  2997 I libsensor-displayalgo: the value of  getChannelDataCalibrated188.560035,59.959021,111.913424,35.729273
06-08 18:08:00.904  1977  2997 I libsensor-displayalgo: the value of  REAL LUX232.733139
06-08 18:08:00.904  1977  2997 I libsensor-displayalgo: the value of  CAL REAL LUX232.733139
06-08 18:08:01.052  1245  2285 I vendor.qti.hardware.display.composer-service: FrameNotifyProcess Sensor: notify citsensorservice to trigger cwb
06-08 18:08:01.053  1977 18363 I libcitsensorservice@2.0-impl: msg_transfer
06-08 18:08:01.058  1977  2987 D vendor.xiaomi.sensor.citsensorservice@2.0-service: handle id:8 wxh:1280x2400 uwxuh:1080x2400 size: 9216000 fd:15 fd_meta:16 flags:0x4000228 usage:0x33  format:0x3 layer_count: 1
06-08 18:08:01.058  1245  1846 I SDM     : HWCSession::SetCWBOutputBuffer: CWB config passed by cwb_client : tappoint 1  CWB_ROI : (829.000000 4.000000 915.000000 90.000000)
06-08 18:08:01.061  1245 22122 I SDM     : HWCSession::ProcessRequests: Successfully configured CWB buffer.
06-08 18:08:01.069  1245 22122 I SDM     : HWCSession::ProcessRequests: Pushing release fence in fenece wait queue.
06-08 18:08:01.069  1245 22122 I SDM     : HWCSession::ProcessRequests: Creating AsyncFenceWaits async thread.
06-08 18:08:01.069  1245 22122 I SDM     : HWCSession::ProcessRequests: Remove current CWB request from the pending request queue.
06-08 18:08:01.069  1245 22122 I SDM     : HWCSession::ProcessRequests: No pending cwb requests found in the queue.
06-08 18:08:01.076  1245  1464 I SDM     : HWDeviceDRM::SetupConcurrentWriteback: Tear down the Concurrent Writeback topology
06-08 18:08:01.082  1245 22123 I SDM     : HWCSession::NotifyCWBStatus: Notify the client about buffer status 0.
06-08 18:08:01.083  1245 22123 I SDM     : HWCSession::PerformFenceWaits: Remove current release fence from the pending fence wait queue.
06-08 18:08:01.083  1245 22123 I SDM     : HWCSession::PerformFenceWaits: CWB fence queue is empty. No pending release fence to wait on.
06-08 18:08:01.204  1977  2997 D libsensor-displayalgo: the value of  brightness:400.000000,R:5839427.745025,G:5838004.606291,B:5844250.476950,EVENT_C:4068.500000,EVENT_R:1700.000000,EVENT_G:1963.500000,EVENT_B:809.000000
06-08 18:08:01.204  1977  2997 I libsensor-displayalgo: the value of  Coef1:1107.681000,Coef4:2.383000, scale1:0.935522, scale4:0.923264
06-08 18:08:01.204  1977  2997 E libsensor-displayalgo: RGB_black_white_scenario_0822!
06-08 18:08:01.205  1977  2997 I libsensor-displayalgo: the value of  RESULT180.445235,64.704759,96.719156,32.964019
06-08 18:08:01.205  1977  2997 I libsensor-displayalgo: the value of  getChannelDataCalibrated188.560035,59.959021,111.913424,35.729273
06-08 18:08:01.205  1977  2997 I libsensor-displayalgo: the value of  REAL LUX233.423218
06-08 18:08:01.205  1977  2997 I libsensor-displayalgo: the value of  CAL REAL LUX233.423218
06-08 18:08:01.356  1245  2285 I vendor.qti.hardware.display.composer-service: FrameNotifyProcess Sensor: notify citsensorservice to trigger cwb
06-08 18:08:01.356  1977  2106 I libcitsensorservice@2.0-impl: msg_transfer
06-08 18:08:01.357  1977  2987 D vendor.xiaomi.sensor.citsensorservice@2.0-service: handle id:8 wxh:1280x2400 uwxuh:1080x2400 size: 9216000 fd:15 fd_meta:16 flags:0x4000228 usage:0x33  format:0x3 layer_count: 1
06-08 18:08:01.357  1245  1846 I SDM     : HWCSession::SetCWBOutputBuffer: CWB config passed by cwb_client : tappoint 1  CWB_ROI : (829.000000 4.000000 915.000000 90.000000)
06-08 18:08:01.359  1245 22126 I SDM     : HWCSession::ProcessRequests: Successfully configured CWB buffer.
06-08 18:08:01.365  1245 22126 I SDM     : HWCSession::ProcessRequests: Pushing release fence in fenece wait queue.
06-08 18:08:01.365  1245 22126 I SDM     : HWCSession::ProcessRequests: Creating AsyncFenceWaits async thread.
06-08 18:08:01.366  1245 22126 I SDM     : HWCSession::ProcessRequests: Remove current CWB request from the pending request queue.
06-08 18:08:01.366  1245 22126 I SDM     : HWCSession::ProcessRequests: No pending cwb requests found in the queue.
06-08 18:08:01.371  1245  1464 I SDM     : HWDeviceDRM::SetupConcurrentWriteback: Tear down the Concurrent Writeback topology
06-08 18:08:01.379  1245 22127 I SDM     : HWCSession::NotifyCWBStatus: Notify the client about buffer status 0.
06-08 18:08:01.379  1245 22127 I SDM     : HWCSession::PerformFenceWaits: Remove current release fence from the pending fence wait queue.
06-08 18:08:01.379  1245 22127 I SDM     : HWCSession::PerformFenceWaits: CWB fence queue is empty. No pending release fence to wait on.
06-08 18:08:01.505  1977  2997 D libsensor-displayalgo: the value of  brightness:400.000000,R:5839427.745025,G:5838004.606291,B:5844250.476950,EVENT_C:4112.500000,EVENT_R:1710.000000,EVENT_G:1990.500000,EVENT_B:822.000000
06-08 18:08:01.505  1977  2997 I libsensor-displayalgo: the value of  Coef1:1107.681000,Coef4:2.383000, scale1:0.935522, scale4:0.923264
06-08 18:08:01.505  1977  2997 E libsensor-displayalgo: RGB_black_white_scenario_0822!
06-08 18:08:01.505  1977  2997 I libsensor-displayalgo: the value of  RESULT180.445235,64.704759,96.719156,32.964019
06-08 18:08:01.505  1977  2997 I libsensor-displayalgo: the value of  getChannelDataCalibrated188.560035,59.959021,111.913424,35.729273
06-08 18:08:01.505  1977  2997 I libsensor-displayalgo: the value of  REAL LUX236.323929
06-08 18:08:01.505  1977  2997 I libsensor-displayalgo: the value of  CAL REAL LUX236.323929
06-08 18:08:01.661  1245  2285 I vendor.qti.hardware.display.composer-service: FrameNotifyProcess Sensor: notify citsensorservice to trigger cwb
06-08 18:08:01.661  1977  2106 I libcitsensorservice@2.0-impl: msg_transfer
06-08 18:08:01.661  1977  2987 D vendor.xiaomi.sensor.citsensorservice@2.0-service: handle id:8 wxh:1280x2400 uwxuh:1080x2400 size: 9216000 fd:15 fd_meta:16 flags:0x4000228 usage:0x33  format:0x3 layer_count: 1
06-08 18:08:01.662  1245  1846 I SDM     : HWCSession::SetCWBOutputBuffer: CWB config passed by cwb_client : tappoint 1  CWB_ROI : (829.000000 4.000000 915.000000 90.000000)
06-08 18:08:01.663  1245 22131 I SDM     : HWCSession::ProcessRequests: Successfully configured CWB buffer.
06-08 18:08:01.670  1245 22131 I SDM     : HWCSession::ProcessRequests: Pushing release fence in fenece wait queue.
06-08 18:08:01.670  1245 22131 I SDM     : HWCSession::ProcessRequests: Creating AsyncFenceWaits async thread.
06-08 18:08:01.670  1245 22131 I SDM     : HWCSession::ProcessRequests: Remove current CWB request from the pending request queue.
06-08 18:08:01.670  1245 22131 I SDM     : HWCSession::ProcessRequests: No pending cwb requests found in the queue.
06-08 18:08:01.676  1245  1464 I SDM     : HWDeviceDRM::SetupConcurrentWriteback: Tear down the Concurrent Writeback topology
06-08 18:08:01.683  1245 22132 I SDM     : HWCSession::NotifyCWBStatus: Notify the client about buffer status 0.
06-08 18:08:01.684  1245 22132 I SDM     : HWCSession::PerformFenceWaits: Remove current release fence from the pending fence wait queue.
06-08 18:08:01.684  1245 22132 I SDM     : HWCSession::PerformFenceWaits: CWB fence queue is empty. No pending release fence to wait on.
06-08 18:08:01.760  6952 20004 I SafeBinderCall: onPositionChange binder cost:0
06-08 18:08:01.761  4164  4164 D MiPlayDetailViewModel: onPositionChange(): position = 112804
06-08 18:08:01.904  1977  2997 D libsensor-displayalgo: the value of  brightness:400.000000,R:5839427.745025,G:5838004.606291,B:5844250.476950,EVENT_C:4056.500000,EVENT_R:1694.000000,EVENT_G:1957.000000,EVENT_B:805.000000
06-08 18:08:01.904  1977  2997 I libsensor-displayalgo: the value of  Coef1:1107.681000,Coef4:2.383000, scale1:0.935522, scale4:0.923264
06-08 18:08:01.904  1977  2997 E libsensor-displayalgo: RGB_black_white_scenario_0822!
06-08 18:08:01.904  1977  2997 I libsensor-displayalgo: the value of  RESULT180.445235,64.704759,96.719156,32.964019
06-08 18:08:01.904  1977  2997 I libsensor-displayalgo: the value of  getChannelDataCalibrated188.560035,59.959021,111.913424,35.729273
06-08 18:08:01.904  1977  2997 I libsensor-displayalgo: the value of  REAL LUX232.831741
06-08 18:08:01.905  1977  2997 I libsensor-displayalgo: the value of  CAL REAL LUX232.831741
06-08 18:08:01.973  1245  2285 I vendor.qti.hardware.display.composer-service: FrameNotifyProcess Sensor: notify citsensorservice to trigger cwb
06-08 18:08:01.976  1977  2106 I libcitsensorservice@2.0-impl: msg_transfer
06-08 18:08:01.976  1977  2987 D vendor.xiaomi.sensor.citsensorservice@2.0-service: handle id:8 wxh:1280x2400 uwxuh:1080x2400 size: 9216000 fd:15 fd_meta:16 flags:0x4000228 usage:0x33  format:0x3 layer_count: 1
06-08 18:08:01.976  1245  1846 I SDM     : HWCSession::SetCWBOutputBuffer: CWB config passed by cwb_client : tappoint 1  CWB_ROI : (829.000000 4.000000 915.000000 90.000000)
06-08 18:08:01.979  1245 22136 I SDM     : HWCSession::ProcessRequests: Successfully configured CWB buffer.
06-08 18:08:01.990  1245 22136 I SDM     : HWCSession::ProcessRequests: Pushing release fence in fenece wait queue.
06-08 18:08:01.990  1245 22136 I SDM     : HWCSession::ProcessRequests: Creating AsyncFenceWaits async thread.
06-08 18:08:01.991  1245 22136 I SDM     : HWCSession::ProcessRequests: Remove current CWB request from the pending request queue.
06-08 18:08:01.991  1245 22136 I SDM     : HWCSession::ProcessRequests: No pending cwb requests found in the queue.
06-08 18:08:01.997  1245  1464 I SDM     : HWDeviceDRM::SetupConcurrentWriteback: Tear down the Concurrent Writeback topology
06-08 18:08:02.004  1245 22138 I SDM     : HWCSession::NotifyCWBStatus: Notify the client about buffer status 0.
06-08 18:08:02.005  1245 22138 I SDM     : HWCSession::PerformFenceWaits: Remove current release fence from the pending fence wait queue.
06-08 18:08:02.005  1245 22138 I SDM     : HWCSession::PerformFenceWaits: CWB fence queue is empty. No pending release fence to wait on.
06-08 18:08:02.205  1977  2997 D libsensor-displayalgo: the value of  brightness:400.000000,R:5839427.745025,G:5838004.606291,B:5844250.476950,EVENT_C:4055.500000,EVENT_R:1694.500000,EVENT_G:1957.000000,EVENT_B:806.000000
06-08 18:08:02.205  1977  2997 I libsensor-displayalgo: the value of  Coef1:1107.681000,Coef4:2.383000, scale1:0.935522, scale4:0.923264
06-08 18:08:02.205  1977  2997 E libsensor-displayalgo: RGB_black_white_scenario_0822!
06-08 18:08:02.205  1977  2997 I libsensor-displayalgo: the value of  RESULT180.445235,64.704759,96.719156,32.964019
06-08 18:08:02.205  1977  2997 I libsensor-displayalgo: the value of  getChannelDataCalibrated188.560035,59.959021,111.913424,35.729273
06-08 18:08:02.205  1977  2997 I libsensor-displayalgo: the value of  REAL LUX232.661072
06-08 18:08:02.205  1977  2997 I libsensor-displayalgo: the value of  CAL REAL LUX232.661072
06-08 18:08:02.278  1245  2285 I vendor.qti.hardware.display.composer-service: FrameNotifyProcess Sensor: notify citsensorservice to trigger cwb
06-08 18:08:02.280  1977  3798 I libcitsensorservice@2.0-impl: msg_transfer
06-08 18:08:02.280  1977  2987 D vendor.xiaomi.sensor.citsensorservice@2.0-service: handle id:8 wxh:1280x2400 uwxuh:1080x2400 size: 9216000 fd:15 fd_meta:16 flags:0x4000228 usage:0x33  format:0x3 layer_count: 1
06-08 18:08:02.281  1245  1846 I SDM     : HWCSession::SetCWBOutputBuffer: CWB config passed by cwb_client : tappoint 1  CWB_ROI : (829.000000 4.000000 915.000000 90.000000)
06-08 18:08:02.283  1245 22141 I SDM     : HWCSession::ProcessRequests: Successfully configured CWB buffer.
06-08 18:08:02.294  1245 22141 I SDM     : HWCSession::ProcessRequests: Pushing release fence in fenece wait queue.
06-08 18:08:02.294  1245 22141 I SDM     : HWCSession::ProcessRequests: Creating AsyncFenceWaits async thread.
06-08 18:08:02.296  1245 22141 I SDM     : HWCSession::ProcessRequests: Remove current CWB request from the pending request queue.
06-08 18:08:02.296  1245 22141 I SDM     : HWCSession::ProcessRequests: No pending cwb requests found in the queue.
06-08 18:08:02.302  1245  1464 I SDM     : HWDeviceDRM::SetupConcurrentWriteback: Tear down the Concurrent Writeback topology
06-08 18:08:02.308  1245 22142 I SDM     : HWCSession::NotifyCWBStatus: Notify the client about buffer status 0.
06-08 18:08:02.309  1245 22142 I SDM     : HWCSession::PerformFenceWaits: Remove current release fence from the pending fence wait queue.
06-08 18:08:02.309  1245 22142 I SDM     : HWCSession::PerformFenceWaits: CWB fence queue is empty. No pending release fence to wait on.
06-08 18:08:02.504  1977  2997 D libsensor-displayalgo: the value of  brightness:400.000000,R:5839427.745025,G:5838004.606291,B:5844250.476950,EVENT_C:4077.000000,EVENT_R:1703.500000,EVENT_G:1968.500000,EVENT_B:812.000000
06-08 18:08:02.504  1977  2997 I libsensor-displayalgo: the value of  Coef1:1107.681000,Coef4:2.383000, scale1:0.935522, scale4:0.923264
06-08 18:08:02.504  1977  2997 E libsensor-displayalgo: RGB_black_white_scenario_0822!
06-08 18:08:02.504  1977  2997 I libsensor-displayalgo: the value of  RESULT180.445235,64.704759,96.719156,32.964019
06-08 18:08:02.504  1977  2997 I libsensor-displayalgo: the value of  getChannelDataCalibrated188.560035,59.959021,111.913424,35.729273
06-08 18:08:02.504  1977  2997 I libsensor-displayalgo: the value of  REAL LUX233.874939
06-08 18:08:02.504  1977  2997 I libsensor-displayalgo: the value of  CAL REAL LUX233.874939
06-08 18:08:02.591  1245  2285 I vendor.qti.hardware.display.composer-service: FrameNotifyProcess Sensor: notify citsensorservice to trigger cwb
06-08 18:08:02.592  1977  3798 I libcitsensorservice@2.0-impl: msg_transfer
06-08 18:08:02.593  1977  2987 D vendor.xiaomi.sensor.citsensorservice@2.0-service: handle id:8 wxh:1280x2400 uwxuh:1080x2400 size: 9216000 fd:15 fd_meta:16 flags:0x4000228 usage:0x33  format:0x3 layer_count: 1
06-08 18:08:02.593  1245  1846 I SDM     : HWCSession::SetCWBOutputBuffer: CWB config passed by cwb_client : tappoint 1  CWB_ROI : (829.000000 4.000000 915.000000 90.000000)
06-08 18:08:02.596  1245 22146 I SDM     : HWCSession::ProcessRequests: Successfully configured CWB buffer.
06-08 18:08:02.607  1245 22146 I SDM     : HWCSession::ProcessRequests: Pushing release fence in fenece wait queue.
06-08 18:08:02.608  1245 22146 I SDM     : HWCSession::ProcessRequests: Creating AsyncFenceWaits async thread.
06-08 18:08:02.608  1245 22146 I SDM     : HWCSession::ProcessRequests: Remove current CWB request from the pending request queue.
06-08 18:08:02.608  1245 22146 I SDM     : HWCSession::ProcessRequests: No pending cwb requests found in the queue.
06-08 18:08:02.614  1245  1464 I SDM     : HWDeviceDRM::SetupConcurrentWriteback: Tear down the Concurrent Writeback topology
06-08 18:08:02.621  1245 22147 I SDM     : HWCSession::NotifyCWBStatus: Notify the client about buffer status 0.
06-08 18:08:02.621  1245 22147 I SDM     : HWCSession::PerformFenceWaits: Remove current release fence from the pending fence wait queue.
06-08 18:08:02.621  1245 22147 I SDM     : HWCSession::PerformFenceWaits: CWB fence queue is empty. No pending release fence to wait on.
06-08 18:08:02.759  4164  4164 D MiPlayDetailViewModel: onPositionChange(): position = 113804
06-08 18:08:02.759  6952 20004 I SafeBinderCall: onPositionChange binder cost:1
06-08 18:08:02.804  1977  2997 D libsensor-displayalgo: the value of  brightness:400.000000,R:5839427.745025,G:5838004.606291,B:5844250.476950,EVENT_C:4118.500000,EVENT_R:1712.000000,EVENT_G:1991.000000,EVENT_B:825.000000
06-08 18:08:02.804  1977  2997 I libsensor-displayalgo: the value of  Coef1:1107.681000,Coef4:2.383000, scale1:0.935522, scale4:0.923264
06-08 18:08:02.804  1977  2997 E libsensor-displayalgo: RGB_black_white_scenario_0822!
06-08 18:08:02.805  1977  2997 I libsensor-displayalgo: the value of  RESULT180.445235,64.704759,96.719156,32.964019
06-08 18:08:02.805  1977  2997 I libsensor-displayalgo: the value of  getChannelDataCalibrated188.560035,59.959021,111.913424,35.729273
06-08 18:08:02.805  1977  2997 I libsensor-displayalgo: the value of  REAL LUX236.451019
06-08 18:08:02.805  1977  2997 I libsensor-displayalgo: the value of  CAL REAL LUX236.451019
06-08 18:08:02.894  1245  2285 I vendor.qti.hardware.display.composer-service: FrameNotifyProcess Sensor: notify citsensorservice to trigger cwb
