06-08 18:07:49.404  1977  2997 I libsensor-displayalgo: the value of  RESULT180.445235,64.704759,96.719156,32.964019
06-08 18:07:49.404  1977  2997 I libsensor-displayalgo: the value of  getChannelDataCalibrated188.560035,59.959021,111.913424,35.729273
06-08 18:07:49.404  1977  2997 I libsensor-displayalgo: the value of  REAL LUX232.559967
06-08 18:07:49.404  1977  2997 I libsensor-displayalgo: the value of  CAL REAL LUX232.559967
06-08 18:07:49.456 18647 19599 D AudioTrack: [audioTrackData][fine] 20s(f:20000 m:1791 s:282 k:0) : pid 18647 uid 10462 sessionId 9321 sr 44100 ch 2 fmt 1
06-08 18:07:49.516  5452  9748 D SLM-SRV-SLAService: checktemp temperature = 37153 temperature_average = 37268 isPerformanceMode = false thermal_enable_slm = true
06-08 18:07:49.576 21969 22284 D MSF.C.WTLoginCenter: changeTokenAfterLogin checkIsNeedLoginWithPasswd 1 process: cmd:login.chgTok_WEBVIEW_KEY
06-08 18:07:49.578 21969 22284 D MSF.C.TokenChecker: refresh webKey indeed
06-08 18:07:49.598 21969 21969 W Wtlogin_GetStWi: type=1400 audit(0.0:273182): avc: denied { read } for name="version" dev="proc" ino=4026532016 scontext=u:r:untrusted_app_27:s0:c512,c768 tcontext=u:object_r:proc_version:s0 tclass=file permissive=0 app=com.tencent.mobileqq
06-08 18:07:49.630 21969 21718 D MSF.C.StatReport: setUserId = *8419
06-08 18:07:49.631 21969 22314 D MSF.C.NetConnTag.true: use full head for uin:*8419
06-08 18:07:49.631 21969 22314 D MSF.C.NetConnTag.true: msf can not get ssid
06-08 18:07:49.631 21969 22314 I [FEKit_]: qq_sign.h:145 [GetSign] cmd:wtlogin.exchange_emp
06-08 18:07:49.632 21969 22314 D MSF.C.NetConnTag.true: msf can not get ssid
06-08 18:07:49.632 21969 22314 I [FEKit_]: qq_sign.h:145 [GetSign] cmd:wtlogin.exchange_emp
06-08 18:07:49.632 21969 22314 D MSF.C.NetConnTag.true: encodeRequest cmd: wtlogin.exchange_emp, with version = 10, AppId = 537142041
06-08 18:07:49.632 21969 22314 D MSF.C.NetConnTag.true: pa ok: 63038
06-08 18:07:49.633 21969 22314 D MSF.C.NetConnTag.DualConnContext.true: tryDualConn
06-08 18:07:49.633 21969 22314 D MSF.C.NetConnTag.true: netSend ssoSeq:63038 uin:*8419 cmd:PTc8Oz0xK3QvOzM8OzYiPxUmPSQ 64938 4d67563 socketEngineID: 0 socket: 81163619
06-08 18:07:49.705  1977  2997 D libsensor-displayalgo: the value of  brightness:400.000000,R:5839427.745025,G:5838004.606291,B:5844250.476950,EVENT_C:4085.000000,EVENT_R:1701.000000,EVENT_G:1971.000000,EVENT_B:813.500000
06-08 18:07:49.705  1977  2997 I libsensor-displayalgo: the value of  Coef1:1107.681000,Coef4:2.383000, scale1:0.935522, scale4:0.923264
06-08 18:07:49.705  1977  2997 E libsensor-displayalgo: RGB_black_white_scenario_0822!
06-08 18:07:49.705  1977  2997 I libsensor-displayalgo: the value of  RESULT180.445235,64.704759,96.719156,32.964019
06-08 18:07:49.705  1977  2997 I libsensor-displayalgo: the value of  getChannelDataCalibrated188.560035,59.959021,111.913424,35.729273
06-08 18:07:49.705  1977  2997 I libsensor-displayalgo: the value of  REAL LUX234.525681
06-08 18:07:49.705  1977  2997 I libsensor-displayalgo: the value of  CAL REAL LUX234.525681
06-08 18:07:49.756 21969 22355 D MSF.C.NetConnTag.true: netRecv ssoSeq:63038 uin:*8419 cmd:PTc8Oz0xK3QvOzM8OzYiPxUmPSQ 65190 cross:0 socketEngineID: 0 socket: 81163619
06-08 18:07:49.757 21969 22355 D MSF.C.WTLoginCenter.MsfProvider: onRecvData find wtloginMsfListener for 63038
06-08 18:07:49.761  6952 20004 I SafeBinderCall: onPositionChange binder cost:2
06-08 18:07:49.761  4164  4164 D MiPlayDetailViewModel: onPositionChange(): position = 100804
06-08 18:07:49.775  1245  2285 I vendor.qti.hardware.display.composer-service: FrameNotifyProcess Sensor: notify citsensorservice to trigger cwb
06-08 18:07:49.776  1977 18363 I libcitsensorservice@2.0-impl: msg_transfer
06-08 18:07:49.776  1977  2987 D vendor.xiaomi.sensor.citsensorservice@2.0-service: handle id:8 wxh:1280x2400 uwxuh:1080x2400 size: 9216000 fd:15 fd_meta:16 flags:0x4000228 usage:0x33  format:0x3 layer_count: 1
06-08 18:07:49.776  1245  1846 I SDM     : HWCSession::SetCWBOutputBuffer: CWB config passed by cwb_client : tappoint 1  CWB_ROI : (829.000000 4.000000 915.000000 90.000000)
06-08 18:07:49.777  1245 21728 I SDM     : HWCSession::ProcessRequests: Successfully configured CWB buffer.
06-08 18:07:49.787  1245 21728 I SDM     : HWCSession::ProcessRequests: Pushing release fence in fenece wait queue.
06-08 18:07:49.787  1245 21728 I SDM     : HWCSession::ProcessRequests: Creating AsyncFenceWaits async thread.
06-08 18:07:49.787  1245 21728 I SDM     : HWCSession::ProcessRequests: Remove current CWB request from the pending request queue.
06-08 18:07:49.788  1245 21728 I SDM     : HWCSession::ProcessRequests: No pending cwb requests found in the queue.
06-08 18:07:49.790  1245  1464 I SDM     : HWDeviceDRM::SetupConcurrentWriteback: Tear down the Concurrent Writeback topology
06-08 18:07:49.798  1245 21730 I SDM     : HWCSession::NotifyCWBStatus: Notify the client about buffer status 0.
06-08 18:07:49.798  1245 21730 I SDM     : HWCSession::PerformFenceWaits: Remove current release fence from the pending fence wait queue.
06-08 18:07:49.798  1245 21730 I SDM     : HWCSession::PerformFenceWaits: CWB fence queue is empty. No pending release fence to wait on.
06-08 18:07:49.818 21969 21969 D MSF.C.WTLoginCenter.MsfProvider: 63038 serviceCmd=login.chgTok_WEBVIEW_KEY OnGetStWithoutPasswd2 succ, dwMainSigMap=34607328, dwDstSubAppid.length=1, st.length=0
06-08 18:07:49.822 21969 22334 I MSF.S.AppProcessManager: SendToApp PUSH process:com.tencent.mobileqq fromServiceMsg: FromServiceMsg msName:onTicketChanged ssoSeq:63039 serviceCmd:msf.ticketchanged appSeq:-1 failCode:1000 cost = 0 needBoot=false from.len = 0
06-08 18:07:49.824 21969 21969 D MSF.C.TokenChecker: RENEW webview key succ for *8419
06-08 18:07:49.824 21969 21969 D WtLoginDeviceToken: MSF save device token success, uin=*8419
06-08 18:07:49.824 21969 21969 D MSF.C.WTLoginCenter.MsfProvider: OnGetStWithoutPasswd2 MByD kG-S 6241ffffffc0ffffffae *
06-08 18:07:49.824 21969 22334 D MSF.S.AppProcessInfo: setAppDisConnected appProcessName = com.tencent.mobileqq, isAppConnected = false, halfCloseStatus = false, keepProcessAlive = false, preCallback = a29d690
06-08 18:07:49.825 21969 22334 W MSF.S.AppProcessManager: DeadObjectException process=com.tencent.mobileqq cost=3, isBinderConnectOptEnable = falseandroid.os.DeadObjectException
06-08 18:07:49.825 21969 22334 W MSF.S.AppProcessManager: 	at android.os.BinderProxy.transactNative(Native Method)
06-08 18:07:49.825 21969 22334 W MSF.S.AppProcessManager: 	at android.os.BinderProxy.transact(BinderProxy.java:629)
06-08 18:07:49.825 21969 22334 W MSF.S.AppProcessManager: 	at com.tencent.qphone.base.remote.IMsfServiceCallbacker$Stub$Proxy.onReceivePushResp(P:7)
06-08 18:07:49.825 21969 22334 W MSF.S.AppProcessManager: 	at com.tencent.mobileqq.msf.service.c.a(P:109)
06-08 18:07:49.825 21969 22334 W MSF.S.AppProcessManager: 	at com.tencent.mobileqq.msf.service.c.a(P:99)
06-08 18:07:49.825 21969 22334 W MSF.S.AppProcessManager: 	at com.tencent.mobileqq.msf.service.c.a(P:48)
06-08 18:07:49.825 21969 22334 W MSF.S.AppProcessManager: 	at com.tencent.mobileqq.msf.service.c.run(P:9)
06-08 18:07:49.825 21969 22314 D MSF.C.NetConnTag.true: use full head for uin:*8419
06-08 18:07:49.825 21969 22314 D MSF.C.NetConnTag.true: msf can not get ssid
06-08 18:07:49.826 21969 22314 I [FEKit_]: qq_sign.h:145 [GetSign] cmd:wtlogin.trans_emp
06-08 18:07:49.826 21969 22314 D MSF.C.NetConnTag.true: msf can not get ssid
06-08 18:07:49.826 21969 22314 I [FEKit_]: qq_sign.h:145 [GetSign] cmd:wtlogin.trans_emp
06-08 18:07:49.826 21969 22314 D MSF.C.NetConnTag.true: encodeRequest cmd: wtlogin.trans_emp, with version = 10, AppId = 537142041
06-08 18:07:49.827 21969 22314 D MSF.C.NetConnTag.true: pa ok: 63040
06-08 18:07:49.827 21969 22314 D MSF.C.NetConnTag.DualConnContext.true: tryDualConn
06-08 18:07:49.828  1906  1953 I mstatdaemon: Entering time loop
06-08 18:07:49.828  1906  1953 I mstatdaemon: t = 1686218869
06-08 18:07:49.828  1906  1953 I mstatdaemon: translated_t = 1370228869
06-08 18:07:49.828  1906  1953 I mstat_log: mstatcommitLog log_alloc() failed
06-08 18:07:49.831 21969 22314 D MSF.C.NetConnTag.true: netSend ssoSeq:63040 uin:*8419 cmd:PTc8Oz0xK3Q+MTE6KQcgNzo 64076 4d67563 socketEngineID: 0 socket: 81163619
06-08 18:07:49.832  1104  1104 D Zygote  : Forked child process 21735
06-08 18:07:49.836  2403  2618 I ActivityManager: Start proc 21735:com.tencent.mobileqq/u0a250 for content provider {com.tencent.mobileqq/com.tencent.mqq.shared_file_accessor.ContentProviderImpl} caller=com.tencent.mobileqq
06-08 18:07:49.837 21969 22274 I SharedPreferencesProxy: create new ContentProviderClient: mark_time_com.tencent.mobileqq:MSF_1e7189502a0130b416b3ba2e5d043c78
06-08 18:07:49.840 21735 21735 I libc    : SetHeapTaggingLevel: tag level set to 0
06-08 18:07:49.850 21735 21735 E encent.mobileq: Not starting debugger since process cannot load the jdwp agent.
06-08 18:07:49.857 21735 21735 I MessageMonitor: Load libmiui_runtime
06-08 18:07:49.863  2403  5811 D SymlinkUtils: attachApplication file op go pass: 1 ms
06-08 18:07:49.864  2403  5811 I SmartPower.com.tencent.mobileqq/10250(21735): died->background(292233ms) R(process start ) adj=-10000.
06-08 18:07:49.867  2403  3429 I SmartPower: com.tencent.mobileqq/10250 state=inactive adj=925 proc size=5 move to background process start
06-08 18:07:49.875  2403  3429 I SmartPower: com.tencent.mobileqq/10250 state=background adj=925 proc size=5 move to inactive adj below visible
06-08 18:07:49.879  5373  8501 W MQSService: CallerName:com.tencent.mobileqq,calling Uid:10250
06-08 18:07:49.879  5373  8501 D MQSService: registerApplicationScoutThread pid = 21735, packageName = com.tencent.mobileqq
06-08 18:07:49.886 21735 21735 D CompatibilityChangeReporter: Compat change id reported: 171979766; UID 10250; state: DISABLED
06-08 18:07:49.896 21969 22355 D MSF.C.NetConnTag.true: netRecv ssoSeq:63040 uin:*8419 cmd:PTc8Oz0xK3Q+MTE6KQcgNzo 63192 cross:0 socketEngineID: 0 socket: 81163619
06-08 18:07:49.896 21969 22355 D MSF.C.WTLoginCenter.MsfProvider: onRecvData find wtloginMsfListener for 63040
06-08 18:07:49.911 21735 21735 D ApplicationLoaders: Returning zygote-cached class loader: /system/framework/android.test.base.jar
06-08 18:07:49.982 21969 21977 I nt.mobileqq:MS: This is non sticky GC, maxfree is 8388608 minfree is 2097152
06-08 18:07:49.984 21969 21979 I PERF_LOG: GC.happened gc!!!!!!!!!
06-08 18:07:50.004  1977  2997 D libsensor-displayalgo: the value of  brightness:400.000000,R:5839427.745025,G:5838004.606291,B:5844250.476950,EVENT_C:4111.500000,EVENT_R:1707.000000,EVENT_G:1987.000000,EVENT_B:822.000000
06-08 18:07:50.004  1977  2997 I libsensor-displayalgo: the value of  Coef1:1107.681000,Coef4:2.383000, scale1:0.935522, scale4:0.923264
06-08 18:07:50.004  1977  2997 E libsensor-displayalgo: RGB_black_white_scenario_0822!
06-08 18:07:50.004  1977  2997 I libsensor-displayalgo: the value of  RESULT180.445235,64.704759,96.719156,32.964019
06-08 18:07:50.004  1977  2997 I libsensor-displayalgo: the value of  getChannelDataCalibrated188.560035,59.959021,111.913424,35.729273
06-08 18:07:50.004  1977  2997 I libsensor-displayalgo: the value of  REAL LUX236.207214
06-08 18:07:50.004  1977  2997 I libsensor-displayalgo: the value of  CAL REAL LUX236.207214
06-08 18:07:50.079  1245  2285 I vendor.qti.hardware.display.composer-service: FrameNotifyProcess Sensor: notify citsensorservice to trigger cwb
06-08 18:07:50.081  1977  3798 I libcitsensorservice@2.0-impl: msg_transfer
06-08 18:07:50.081  1977  2987 D vendor.xiaomi.sensor.citsensorservice@2.0-service: handle id:8 wxh:1280x2400 uwxuh:1080x2400 size: 9216000 fd:15 fd_meta:16 flags:0x4000228 usage:0x33  format:0x3 layer_count: 1
06-08 18:07:50.082  1245  1846 I SDM     : HWCSession::SetCWBOutputBuffer: CWB config passed by cwb_client : tappoint 1  CWB_ROI : (829.000000 4.000000 915.000000 90.000000)
06-08 18:07:50.083  1245 21753 I SDM     : HWCSession::ProcessRequests: Successfully configured CWB buffer.
06-08 18:07:50.089  1245 21753 I SDM     : HWCSession::ProcessRequests: Pushing release fence in fenece wait queue.
06-08 18:07:50.089  1245 21753 I SDM     : HWCSession::ProcessRequests: Creating AsyncFenceWaits async thread.
06-08 18:07:50.089  1245 21753 I SDM     : HWCSession::ProcessRequests: Remove current CWB request from the pending request queue.
06-08 18:07:50.089  1245 21753 I SDM     : HWCSession::ProcessRequests: No pending cwb requests found in the queue.
06-08 18:07:50.095  1245  1464 I SDM     : HWDeviceDRM::SetupConcurrentWriteback: Tear down the Concurrent Writeback topology
06-08 18:07:50.102  1245 21754 I SDM     : HWCSession::NotifyCWBStatus: Notify the client about buffer status 0.
06-08 18:07:50.103  1245 21754 I SDM     : HWCSession::PerformFenceWaits: Remove current release fence from the pending fence wait queue.
06-08 18:07:50.103  1245 21754 I SDM     : HWCSession::PerformFenceWaits: CWB fence queue is empty. No pending release fence to wait on.
06-08 18:07:50.386  1245  2285 I vendor.qti.hardware.display.composer-service: FrameNotifyProcess Sensor: notify citsensorservice to trigger cwb
06-08 18:07:50.387  1977  3798 I libcitsensorservice@2.0-impl: msg_transfer
06-08 18:07:50.387  1977  2987 D vendor.xiaomi.sensor.citsensorservice@2.0-service: handle id:8 wxh:1280x2400 uwxuh:1080x2400 size: 9216000 fd:15 fd_meta:16 flags:0x4000228 usage:0x33  format:0x3 layer_count: 1
06-08 18:07:50.387  1245  1846 I SDM     : HWCSession::SetCWBOutputBuffer: CWB config passed by cwb_client : tappoint 1  CWB_ROI : (829.000000 4.000000 915.000000 90.000000)
06-08 18:07:50.388  1245 21758 I SDM     : HWCSession::ProcessRequests: Successfully configured CWB buffer.
06-08 18:07:50.393  1245 21758 I SDM     : HWCSession::ProcessRequests: Pushing release fence in fenece wait queue.
06-08 18:07:50.393  1245 21758 I SDM     : HWCSession::ProcessRequests: Creating AsyncFenceWaits async thread.
06-08 18:07:50.393  1245 21758 I SDM     : HWCSession::ProcessRequests: Remove current CWB request from the pending request queue.
06-08 18:07:50.393  1245 21758 I SDM     : HWCSession::ProcessRequests: No pending cwb requests found in the queue.
06-08 18:07:50.400  1245  1464 I SDM     : HWDeviceDRM::SetupConcurrentWriteback: Tear down the Concurrent Writeback topology
06-08 18:07:50.403  1977  2997 D libsensor-displayalgo: the value of  brightness:400.000000,R:5839427.745025,G:5838004.606291,B:5844250.476950,EVENT_C:4089.500000,EVENT_R:1704.000000,EVENT_G:1974.500000,EVENT_B:815.500000
06-08 18:07:50.403  1977  2997 I libsensor-displayalgo: the value of  Coef1:1107.681000,Coef4:2.383000, scale1:0.935522, scale4:0.923264
06-08 18:07:50.403  1977  2997 E libsensor-displayalgo: RGB_black_white_scenario_0822!
06-08 18:07:50.403  1977  2997 I libsensor-displayalgo: the value of  RESULT180.445235,64.704759,96.719156,32.964019
06-08 18:07:50.403  1977  2997 I libsensor-displayalgo: the value of  getChannelDataCalibrated188.560035,59.959021,111.913424,35.729273
06-08 18:07:50.403  1977  2997 I libsensor-displayalgo: the value of  REAL LUX234.726974
06-08 18:07:50.403  1977  2997 I libsensor-displayalgo: the value of  CAL REAL LUX234.726974
06-08 18:07:50.407  1245 21759 I SDM     : HWCSession::NotifyCWBStatus: Notify the client about buffer status 0.
06-08 18:07:50.407  1245 21759 I SDM     : HWCSession::PerformFenceWaits: Remove current release fence from the pending fence wait queue.
06-08 18:07:50.407  1245 21759 I SDM     : HWCSession::PerformFenceWaits: CWB fence queue is empty. No pending release fence to wait on.
06-08 18:07:50.453 21735 21735 V GraphicsEnvironment: ANGLE Developer option for 'com.tencent.mobileqq' set to: 'default'
06-08 18:07:50.455 21735 21735 V GraphicsEnvironment: ANGLE GameManagerService for com.tencent.mobileqq: false
06-08 18:07:50.456 21735 21735 V GraphicsEnvironment: Updatable production driver is not supported on the device.
06-08 18:07:50.464 21735 21735 I ForceDarkHelperStubImpl: initialize for com.tencent.mobileqq , ForceDarkOrigin
06-08 18:07:50.469 21735 21735 D OpenGLRenderer: JNI_OnLoad success
06-08 18:07:50.470 21735 21735 I MiuiForceDarkConfig: setConfig density:2.750000, mainRule:0, secondaryRule:0, tertiaryRule:0
06-08 18:07:50.474 21735 21735 I LoadedApk: No resource references to update in package com.tencent.mobileqq.qqguild_df_impl
06-08 18:07:50.476 21735 21735 I LoadedApk: No resource references to update in package com.tencent.mobileqq.qzone_df_impl
06-08 18:07:50.477 21735 21735 I LoadedApk: No resource references to update in package com.tencent.mobileqq.qqecommerce_shell_impl
06-08 18:07:50.477 21735 21735 I LoadedApk: No resource references to update in package com.tencent.mobileqq.qqecommerce_impl
06-08 18:07:50.478 21735 21735 I LoadedApk: No resource references to update in package com.tencent.mobileqq.qq_winkpublish_impl
06-08 18:07:50.479 21735 21735 I LoadedApk: No resource references to update in package com.tencent.mobileqq.matchfriend_impl
06-08 18:07:50.479 21735 21735 I LoadedApk: No resource references to update in package com.tencent.mobileqq.party_room_impl
06-08 18:07:50.480 21735 21735 I LoadedApk: No resource references to update in package com.tencent.mobileqq.profilecard_feature_impl
06-08 18:07:50.480 21735 21735 I LoadedApk: No resource references to update in package com.tencent.mobileqq.wxmini_impl
06-08 18:07:50.481 21735 21735 I LoadedApk: No resource references to update in package com.tencent.mobileqq.qqexpand_impl
06-08 18:07:50.482 21735 21735 I LoadedApk: No resource references to update in package com.tencent.mobileqq.qqweishi_impl
06-08 18:07:50.483 21735 21735 I LoadedApk: No resource references to update in package com.tencent.mobileqq.qqnearby_impl
06-08 18:07:50.485 21735 21735 I LoadedApk: No resource references to update in package com.tencent.mobileqq.qqpubaccount_impl
06-08 18:07:50.486 21735 21735 I LoadedApk: No resource references to update in package com.tencent.mobileqq.qqavgame_impl
06-08 18:07:50.486 21735 21735 I LoadedApk: No resource references to update in package com.tencent.mobileqq.webview_impl
06-08 18:07:50.487 21735 21735 I LoadedApk: No resource references to update in package com.tencent.mobileqq.zplan_impl
06-08 18:07:50.488 21735 21735 I LoadedApk: No resource references to update in package com.tencent.mobileqq.cmshow_impl
06-08 18:07:50.488 21735 21735 I LoadedApk: No resource references to update in package com.tencent.mobileqq.qq_comic_impl
06-08 18:07:50.489 21735 21735 I LoadedApk: No resource references to update in package com.tencent.mobileqq.qqrtc_feature_impl
06-08 18:07:50.489 21735 21735 I LoadedApk: No resource references to update in package com.tencent.mobileqq.qqmini_impl
06-08 18:07:50.490 21735 21735 I LoadedApk: No resource references to update in package com.tencent.mobileqq.qqpay_temp_impl
06-08 18:07:50.490 21735 21735 I LoadedApk: No resource references to update in package com.tencent.mobileqq.aelight_impl
06-08 18:07:50.491 21735 21735 I LoadedApk: No resource references to update in package com.tencent.mobileqq.kandian_feature_impl
06-08 18:07:50.491 21735 21735 D NetworkSecurityConfig: Using Network Security Config from resource f debugBuild: false
06-08 18:07:50.494 21735 21735 D NetworkSecurityConfig: Using Network Security Config from resource f debugBuild: false
06-08 18:07:50.497 21735 21735 D AS      : AutoMonitor, onAppAttachBaseContext, sAttachBaseContextTime = 2077093953
06-08 18:07:50.503 21735 21735 I MMKV    : Disable checkProcessMode()
06-08 18:07:50.508 21735 21735 I MMKV    : <native-bridge.cpp:104::JNI_OnLoad> current API level = 31, libc++_shared=0
06-08 18:07:50.508 21735 21735 I MMKV    : <MMKV.cpp:165::initialize> version v1.2.12, page size 4096, arch arm64-v8a
06-08 18:07:50.508 21735 21735 I MMKV    : <MMKV.cpp:176::initialize> armv8 AES instructions is supported
06-08 18:07:50.508 21735 21735 I MMKV    : <MMKV.cpp:184::initialize> armv8 CRC32 instructions is supported
06-08 18:07:50.509 21735 21735 I MMKV    : <MMKV.cpp:207::initializeMMKV> root dir: /data/user/0/com.tencent.mobileqq/files/mmkv
06-08 18:07:50.518 21735 21735 D QMMKV   : initMMKV at:/data/user/0/com.tencent.mobileqq/files/mmkv
06-08 18:07:50.521 21735 21735 D AppSetting: QQPerf AppSetting Inject is init.
06-08 18:07:50.535 21735 21735 D QLog    : [init] setDebugMode call.  UIN_REPORTLOG_LEVEL: 1 _DEFAULT_REPORTLOG_LEVEL: 1 debug: false
06-08 18:07:50.535 21735 21735 D QLog    : [init] setPublishMode call. isPublish=true
06-08 18:07:50.537 21735 21735 D LocaleManager: initializeAppLocale, sCurrentLocaleId:0
06-08 18:07:50.541 21735 21735 D LocaleManager: initializeAppLocale, localeIdStr:2052
06-08 18:07:50.551 21735 21735 D LocaleManager: initializeAppLocale, HwEngine.localeId:2052
06-08 18:07:50.552 21735 21735 D LocaleManager: tryApplyLocaleIfNeeded, resLocale:zh_CN
06-08 18:07:50.552 21735 21735 D LocaleManager: queryCurrentLocale, currentLocale:zh_CN
06-08 18:07:50.553 21735 21735 D MultiLanguageEngine: initAndDelegate:false, context:android.app.ContextImpl@d95fb9
06-08 18:07:50.557 21735 21735 I GlobalDisplayMetricsManager: getDeviceWidth mode is {id=2, width=1080, height=2400, fps=120.00001, alternativeRefreshRates=[60.000004, 90.0]}
06-08 18:07:50.557 21735 21735 D GlobalDisplayMetricsManager: sDeviceWidth is 1080
06-08 18:07:50.557 21735 21735 D GlobalDisplayMetricsManager.Toggle: readToggleOnce com.tencent.mobileqq 1 102
06-08 18:07:50.557 21735 21735 D DisplayMetricsUtil: update toggle : true
06-08 18:07:50.558 21735 21735 D GlobalDisplayMetricsManager: defaultMode is {id=1, width=1080, height=2400, fps=60.000004, alternativeRefreshRates=[90.0, 120.00001]}
06-08 18:07:50.558 21735 21735 I GlobalDisplayMetricsManager: default width is 1080 currentWidth is 1080
06-08 18:07:50.563 21735 21735 I GlobalDisplayMetricsManager: sysCurDensityDpi is 440 sysDefultDensityDpi is 440
06-08 18:07:50.564 21735 21735 I GlobalDisplayMetricsManager: before displayMetrics is DisplayMetrics{density=2.75, width=1080, height=2256, scaledDensity=2.75, xdpi=401.639, ydpi=401.845}
06-08 18:07:50.564 21735 21735 I GlobalDisplayMetricsManager: after displayMetrics is DisplayMetrics{density=2.7, width=1080, height=2256, scaledDensity=2.7, xdpi=401.639, ydpi=401.845} hashCode is 164515838
06-08 18:07:50.565 21735 21735 D FontSettingManager: currentDm: 2.7, 2.7, 432
06-08 18:07:50.565 21735 21735 I Utils   : current process name: com.tencent.mobileqq
06-08 18:07:50.583 21735 21735 W HMSSDK_PushPreferences: get new sharedPreferences failed,start to get from context.
06-08 18:07:50.599 21735 21735 D [DynamicFeature] LoadCompactDynamicFeature: [compact] load: invoked.  BuildConfig.IS_QRUN_COMPACT: false AppSetting.isQRunCompact(): false
06-08 18:07:50.610 21735 21735 I UIRoute : Load RouterInitializer com.tencent.mobileqq.qroute.route.generated.AQQLiteApp_RouterInitializer
06-08 18:07:50.612 21735 21735 I UIRoute : Load RouterInitializer com.tencent.mobileqq.qroute.route.generated.kandian_feature_impl_RouterInitializer
06-08 18:07:50.612 21735 21735 I UIRoute : Load RouterInitializer com.tencent.mobileqq.qroute.route.generated.aelight_impl_RouterInitializer
06-08 18:07:50.612 21735 21735 I UIRoute : Load RouterInitializer com.tencent.mobileqq.qroute.route.generated.qqpay_temp_impl_RouterInitializer
06-08 18:07:50.612 21735 21735 I UIRoute : Load RouterInitializer com.tencent.mobileqq.qroute.route.generated.qqmini_impl_RouterInitializer
06-08 18:07:50.612 21735 21735 I UIRoute : Load RouterInitializer com.tencent.mobileqq.qroute.route.generated.qqrtc_feature_impl_RouterInitializer
06-08 18:07:50.612 21735 21735 I UIRoute : Load RouterInitializer com.tencent.mobileqq.qroute.route.generated.qq_comic_impl_RouterInitializer
06-08 18:07:50.612 21735 21735 I UIRoute : Load RouterInitializer com.tencent.mobileqq.qroute.route.generated.cmshow_impl_RouterInitializer
06-08 18:07:50.613 21735 21735 I UIRoute : Load RouterInitializer com.tencent.mobileqq.qroute.route.generated.zplan_impl_RouterInitializer
06-08 18:07:50.613 21735 21735 I UIRoute : Load RouterInitializer com.tencent.mobileqq.qroute.route.generated.webview_impl_RouterInitializer
06-08 18:07:50.613 21735 21735 I UIRoute : Load RouterInitializer com.tencent.mobileqq.qroute.route.generated.qqavgame_impl_RouterInitializer
06-08 18:07:50.613 21735 21735 I UIRoute : Load RouterInitializer com.tencent.mobileqq.qroute.route.generated.qqpubaccount_impl_RouterInitializer
06-08 18:07:50.613 21735 21735 I UIRoute : Load RouterInitializer com.tencent.mobileqq.qroute.route.generated.qqnearby_impl_RouterInitializer
06-08 18:07:50.613 21735 21735 I UIRoute : Load RouterInitializer com.tencent.mobileqq.qroute.route.generated.qqweishi_impl_RouterInitializer
06-08 18:07:50.613 21735 21735 I UIRoute : Load RouterInitializer com.tencent.mobileqq.qroute.route.generated.qqexpand_impl_RouterInitializer
06-08 18:07:50.613 21735 21735 I UIRoute : Load RouterInitializer com.tencent.mobileqq.qroute.route.generated.wxmini_impl_RouterInitializer
06-08 18:07:50.613 21735 21735 I UIRoute : Load RouterInitializer com.tencent.mobileqq.qroute.route.generated.profilecard_feature_impl_RouterInitializer
06-08 18:07:50.613 21735 21735 I UIRoute : Load RouterInitializer com.tencent.mobileqq.qroute.route.generated.party_room_impl_RouterInitializer
06-08 18:07:50.614 21735 21735 I UIRoute : Load RouterInitializer com.tencent.mobileqq.qroute.route.generated.matchfriend_impl_RouterInitializer
06-08 18:07:50.614 21735 21735 I UIRoute : Load RouterInitializer com.tencent.mobileqq.qroute.route.generated.qq_winkpublish_impl_RouterInitializer
06-08 18:07:50.614 21735 21735 I UIRoute : Load RouterInitializer com.tencent.mobileqq.qroute.route.generated.qqecommerce_impl_RouterInitializer
06-08 18:07:50.614 21735 21735 I UIRoute : Load RouterInitializer com.tencent.mobileqq.qroute.route.generated.qqecommerce_shell_impl_RouterInitializer
06-08 18:07:50.614 21735 21735 I UIRoute : Load RouterInitializer com.tencent.mobileqq.qroute.route.generated.qzone_df_impl_RouterInitializer
06-08 18:07:50.614 21735 21735 I UIRoute : Load RouterInitializer com.tencent.mobileqq.qroute.route.generated.qqguild_df_impl_RouterInitializer
06-08 18:07:50.614 21735 21735 I UIRoute : checkTime init route cost: 4
06-08 18:07:50.632 21735 21735 D AutoMonitor: mCurState = -1, next = 0
06-08 18:07:50.642 21735 21735 D PatchLogTag: DexPatchInstaller checkDexPatchConfigAndStatus patch config is null
06-08 18:07:50.642 21735 21735 D PatchLogTag: DexPatchInstaller installDexPatch Not inject patch, status=0
06-08 18:07:50.656 21735 21735 D VFSRegisterProxy: initConfig start!
06-08 18:07:50.662 21735 21735 D VFSRegisterProxy: initConfig checkSP is called, return val = false
06-08 18:07:50.662 21735 21735 D VFSRegisterProxy: initConfig end!
06-08 18:07:50.662 21735 21735 I MMKV    : Disable checkProcessMode()
06-08 18:07:50.663 21735 21735 D PandoraExConfigMMKV: initMMKV at: /data/user/0/com.tencent.mobileqq/files/mmkv
06-08 18:07:50.666 21735 21735 D PandoraEx.ActivityMonitor: ActivityMonitor init success
06-08 18:07:50.667 21735 21735 D PandoraEx.Utils: convertAndUpdateConfig: Config{module[default_module], systemApi[null], rules[{}], specialPage[null], isBanAccess[false], isBanBackgroundAccess[false], isReportRealTime[false], reportSampleRate[1], configHighFrequency[null}
06-08 18:07:50.669 21735 21735 E PandoraEx.ConfigManager: initDefaultConfig initLevel is defaultConfig
06-08 18:07:50.669 21735 21735 D PandoraEx.Utils: convertAndUpdateConfig: Config{module[default_module], systemApi[null], rules[{back=Rule{scene[back], strategy[cache_only], highFreq[null], cacheTime[0], silenceTime[0], reportRate[0], legalPage[[]], illegalPage[[]]}, before=Rule{scene[before], strategy[ban], highFreq[null], cacheTime[0], silenceTime[0], reportRate[0], legalPage[[]], illegalPage[[]]}}], specialPage[null], isBanAccess[false], isBanBackgroundAccess[false], isReportRealTime[false], reportSampleRate[1], configHighFrequency[null}
06-08 18:07:50.670 21735 21735 D PandoraEx.Utils: convertAndUpdateConfig: Config{module[clipboard], systemApi[null], rules[{high_freq=Rule{scene[high_freq], strategy[normal], highFreq[ConfigHighFrequency{count[10], durationMillSecond[10000], actualDuration[0]}], cacheTime[0], silenceTime[0], reportRate[0], legalPage[[]], illegalPage[[]]}}], specialPage[null], isBanAccess[false], isBanBackgroundAccess[false], isReportRealTime[false], reportSampleRate[1], configHighFrequency[ConfigHighFrequency{count[10], durationMillSecond[10000], actualDuration[0]}}
06-08 18:07:50.670 21735 21735 D PandoraEx.Utils: convertAndUpdateConfig: Config{module[contact], systemApi[null], rules[{back=Rule{scene[back], strategy[cache_only], highFreq[null], cacheTime[0], silenceTime[0], reportRate[0], legalPage[[]], illegalPage[[]]}}], specialPage[null], isBanAccess[false], isBanBackgroundAccess[true], isReportRealTime[false], reportSampleRate[1], configHighFrequency[null}
06-08 18:07:50.670 21735 21735 D PandoraEx.Utils: convertAndUpdateConfig: Config{module[location], systemApi[null], rules[{back=Rule{scene[back], strategy[cache_only], highFreq[null], cacheTime[0], silenceTime[0], reportRate[0], legalPage[[]], illegalPage[[]]}}], specialPage[null], isBanAccess[false], isBanBackgroundAccess[true], isReportRealTime[false], reportSampleRate[1], configHighFrequency[null}
06-08 18:07:50.670 21735 21735 D PandoraEx.Utils: convertAndUpdateConfig: Config{module[device], systemApi[null], rules[{normal=Rule{scene[normal], strategy[storage], highFreq[null], cacheTime[0], silenceTime[0], reportRate[0], legalPage[[]], illegalPage[[]]}}], specialPage[null], isBanAccess[false], isBanBackgroundAccess[false], isReportRealTime[false], reportSampleRate[1], configHighFrequency[null}
06-08 18:07:50.670 21735 21735 D PandoraEx.Utils: convertAndUpdateConfig: Config{module[network], systemApi[WI#G_MA_ADDR], rules[{normal=Rule{scene[normal], strategy[storage], highFreq[null], cacheTime[0], silenceTime[0], reportRate[0], legalPage[[]], illegalPage[[]]}}], specialPage[null], isBanAccess[false], isBanBackgroundAccess[false], isReportRealTime[false], reportSampleRate[1], configHighFrequency[null}
06-08 18:07:50.670 21735 21735 D PandoraEx.Utils: convertAndUpdateConfig: Config{module[network], systemApi[NI#G_HW_ADDR], rules[{normal=Rule{scene[normal], strategy[storage], highFreq[null], cacheTime[0], silenceTime[0], reportRate[0], legalPage[[]], illegalPage[[]]}}], specialPage[null], isBanAccess[false], isBanBackgroundAccess[false], isReportRealTime[false], reportSampleRate[1], configHighFrequency[null}
06-08 18:07:50.670 21735 21735 D PandoraEx.Utils: convertAndUpdateConfig: Config{module[device], systemApi[TM#G_LI_NUM], rules[{normal=Rule{scene[normal], strategy[normal], highFreq[null], cacheTime[10000], silenceTime[0], reportRate[0], legalPage[[]], illegalPage[[]]}}], specialPage[null], isBanAccess[false], isBanBackgroundAccess[false], isReportRealTime[false], reportSampleRate[1], configHighFrequency[null}
06-08 18:07:50.670 21735 21735 D PandoraEx.Utils: convertAndUpdateConfig: Config{module[device], systemApi[TM#G_SIM_OP], rules[{normal=Rule{scene[normal], strategy[normal], highFreq[null], cacheTime[10000], silenceTime[0], reportRate[0], legalPage[[]], illegalPage[[]]}}], specialPage[null], isBanAccess[false], isBanBackgroundAccess[false], isReportRealTime[false], reportSampleRate[1], configHighFrequency[null}
06-08 18:07:50.670 21735 21735 D PandoraEx.Utils: convertAndUpdateConfig: Config{module[device], systemApi[TM#G_SIM_SE_NUM], rules[{normal=Rule{scene[normal], strategy[normal], highFreq[null], cacheTime[10000], silenceTime[0], reportRate[0], legalPage[[]], illegalPage[[]]}}], specialPage[null], isBanAccess[false], isBanBackgroundAccess[false], isReportRealTime[false], reportSampleRate[1], configHighFrequency[null}
06-08 18:07:50.670 21735 21735 D PandoraEx.Utils: convertAndUpdateConfig: Config{module[sensor], systemApi[null], rules[{back=Rule{scene[back], strategy[normal], highFreq[null], cacheTime[0], silenceTime[0], reportRate[0], legalPage[[]], illegalPage[[]]}}], specialPage[null], isBanAccess[false], isBanBackgroundAccess[false], isReportRealTime[false], reportSampleRate[1], configHighFrequency[null}
06-08 18:07:50.670 21735 21735 D TraceUtil: config cost = 4.061406
06-08 18:07:50.671 21735 21735 D PandoraEx.Utils: convertAndUpdateConfig: Config{module[network], systemApi[WI#G_MA_ADDR], rules[{}], specialPage[null], isBanAccess[false], isBanBackgroundAccess[false], isReportRealTime[false], reportSampleRate[100000], configHighFrequency[null}
06-08 18:07:50.671 21735 21735 D PandoraEx.Utils: convertAndUpdateConfig: Config{module[network], systemApi[NI#G_HW_ADDR], rules[{}], specialPage[null], isBanAccess[false], isBanBackgroundAccess[false], isReportRealTime[false], reportSampleRate[100000], configHighFrequency[null}
06-08 18:07:50.671 21735 21735 D PandoraEx.Utils: convertAndUpdateConfig: Config{module[network], systemApi[NC#HAS_TRANS], rules[{normal=Rule{scene[normal], strategy[normal], highFreq[null], cacheTime[0], silenceTime[0], reportRate[0], legalPage[[]], illegalPage[[]]}, before=Rule{scene[before], strategy[ban], highFreq[null], cacheTime[0], silenceTime[0], reportRate[0], legalPage[[]], illegalPage[[]]}, back=Rule{scene[back], strategy[ban], highFreq[null], cacheTime[0], silenceTime[0], reportRate[0], legalPage[[]], illegalPage[[]]}}], specialPage[null], isBanAccess[false], isBanBackgroundAccess[false], isReportRealTime[false], reportSampleRate[100000], configHighFrequency[null}
06-08 18:07:50.671 21735 21735 D PandoraEx.Utils: convertAndUpdateConfig: Config{module[default_module], systemApi[null], rules[{}], specialPage[null], isBanAccess[false], isBanBackgroundAccess[false], isReportRealTime[false], reportSampleRate[100000], configHighFrequency[null}
06-08 18:07:50.671 21735 21735 D PandoraEx.Utils: convertAndUpdateConfig: Config{module[device], systemApi[null], rules[{}], specialPage[null], isBanAccess[false], isBanBackgroundAccess[false], isReportRealTime[false], reportSampleRate[100000], configHighFrequency[null}
06-08 18:07:50.671 21735 21735 D PandoraEx.Utils: convertAndUpdateConfig: Config{module[device], systemApi[TM#G_LI_NUM], rules[{}], specialPage[null], isBanAccess[false], isBanBackgroundAccess[false], isReportRealTime[false], reportSampleRate[100000], configHighFrequency[null}
06-08 18:07:50.671 21735 21735 D PandoraEx.Utils: convertAndUpdateConfig: Config{module[device], systemApi[TM#G_SIM_OP], rules[{}], specialPage[null], isBanAccess[false], isBanBackgroundAccess[false], isReportRealTime[false], reportSampleRate[100000], configHighFrequency[null}
06-08 18:07:50.671 21735 21735 D PandoraEx.Utils: convertAndUpdateConfig: Config{module[device], systemApi[TM#G_SIM_SE_NUM], rules[{}], specialPage[null], isBanAccess[false], isBanBackgroundAccess[false], isReportRealTime[false], reportSampleRate[100000], configHighFrequency[null}
06-08 18:07:50.672 21735 21735 D PandoraEx.Utils: convertAndUpdateConfig: Config{module[recorder], systemApi[null], rules[{normal=Rule{scene[normal], strategy[normal], highFreq[null], cacheTime[0], silenceTime[0], reportRate[0], legalPage[[]], illegalPage[[]]}, before=Rule{scene[before], strategy[ban], highFreq[null], cacheTime[0], silenceTime[0], reportRate[0], legalPage[[]], illegalPage[[]]}, back=Rule{scene[back], strategy[normal], highFreq[null], cacheTime[0], silenceTime[0], reportRate[0], legalPage[[]], illegalPage[[]]}}], specialPage[null], isBanAccess[false], isBanBackgroundAccess[false], isReportRealTime[false], reportSampleRate[10], configHighFrequency[null}
06-08 18:07:50.672 21735 21735 D PandoraEx.Utils: convertAndUpdateConfig: Config{module[camera], systemApi[null], rules[{normal=Rule{scene[normal], strategy[normal], highFreq[null], cacheTime[0], silenceTime[0], reportRate[0], legalPage[[]], illegalPage[[]]}, before=Rule{scene[before], strategy[ban], highFreq[null], cacheTime[0], silenceTime[0], reportRate[0], legalPage[[]], illegalPage[[]]}, back=Rule{scene[back], strategy[normal], highFreq[null], cacheTime[0], silenceTime[0], reportRate[0], legalPage[[]], illegalPage[[]]}}], specialPage[null], isBanAccess[false], isBanBackgroundAccess[false], isReportRealTime[false], reportSampleRate[10], configHighFrequency[null}
06-08 18:07:50.672 21735 21735 D PandoraEx.Utils: convertAndUpdateConfig: Config{module[contact], systemApi[null], rules[{normal=Rule{scene[normal], strategy[normal], highFreq[null], cacheTime[0], silenceTime[0], reportRate[0], legalPage[[]], illegalPage[[]]}, before=Rule{scene[before], strategy[ban], highFreq[null], cacheTime[0], silenceTime[0], reportRate[0], legalPage[[]], illegalPage[[]]}, back=Rule{scene[back], strategy[cache_only], highFreq[null], cacheTime[0], silenceTime[0], reportRate[0], legalPage[[]], illegalPage[[]]}}], specialPage[null], isBanAccess[false], isBanBackgroundAccess[false], isReportRealTime[false], reportSampleRate[100000], configHighFrequency[null}
06-08 18:07:50.672 21735 21735 D PandoraEx.Utils: convertAndUpdateConfig: Config{module[location], systemApi[null], rules[{normal=Rule{scene[normal], strategy[normal], highFreq[null], cacheTime[0], silenceTime[0], reportRate[0], legalPage[[]], illegalPage[[]]}, before=Rule{scene[before], strategy[ban], highFreq[null], cacheTime[0], silenceTime[0], reportRate[0], legalPage[[]], illegalPage[[]]}, back=Rule{scene[back], strategy[cache_only], highFreq[null], cacheTime[0], silenceTime[0], reportRate[0], legalPage[[]], illegalPage[[]]}}], specialPage[null], isBanAccess[false], isBanBackgroundAccess[false], isReportRealTime[false], reportSampleRate[100000], configHighFrequency[null}
06-08 18:07:50.672 21735 21735 D PandoraEx.Utils: convertAndUpdateConfig: Config{module[location], systemApi[WM#G_CON_INFO], rules[{normal=Rule{scene[normal], strategy[normal], highFreq[null], cacheTime[0], silenceTime[0], reportRate[0], legalPage[[]], illegalPage[[]]}, before=Rule{scene[before], strategy[ban], highFreq[null], cacheTime[0], silenceTime[0], reportRate[0], legalPage[[]], illegalPage[[]]}, back=Rule{scene[back], strategy[cache_only], highFreq[null], cacheTime[0], silenceTime[0], reportRate[0], legalPage[[]], illegalPage[[]]}}], specialPage[null], isBanAccess[false], isBanBackgroundAccess[false], isReportRealTime[false], reportSampleRate[300000], configHighFrequency[null}
06-08 18:07:50.672 21735 21735 D PandoraEx.Utils: convertAndUpdateConfig: Config{module[location], systemApi[TM#REQ_NW_SC#REC], rules[{normal=Rule{scene[normal], strategy[normal], highFreq[null], cacheTime[0], silenceTime[0], reportRate[0], legalPage[[]], illegalPage[[]]}, before=Rule{scene[before], strategy[ban], highFreq[null], cacheTime[0], silenceTime[0], reportRate[0], legalPage[[]], illegalPage[[]]}, back=Rule{scene[back], strategy[normal], highFreq[null], cacheTime[0], silenceTime[0], reportRate[0], legalPage[[]], illegalPage[[]]}}], specialPage[null], isBanAccess[false], isBanBackgroundAccess[false], isReportRealTime[false], reportSampleRate[100000], configHighFrequency[null}
06-08 18:07:50.672 21735 21735 D PandoraEx.Utils: convertAndUpdateConfig: Config{module[location], systemApi[BLS#STRT_SC#S], rules[{normal=Rule{scene[normal], strategy[normal], highFreq[null], cacheTime[0], silenceTime[0], reportRate[0], legalPage[[]], illegalPage[[]]}, before=Rule{scene[before], strategy[ban], highFreq[null], cacheTime[0], silenceTime[0], reportRate[0], legalPage[[]], illegalPage[[]]}, back=Rule{scene[back], strategy[normal], highFreq[null], cacheTime[0], silenceTime[0], reportRate[0], legalPage[[]], illegalPage[[]]}}], specialPage[null], isBanAccess[false], isBanBackgroundAccess[false], isReportRealTime[false], reportSampleRate[100000], configHighFrequency[null}
06-08 18:07:50.673 21735 21735 D PandoraEx.Utils: convertAndUpdateConfig: Config{module[location], systemApi[BLS#STRT_SC#LSS], rules[{normal=Rule{scene[normal], strategy[normal], highFreq[null], cacheTime[0], silenceTime[0], reportRate[0], legalPage[[]], illegalPage[[]]}, before=Rule{scene[before], strategy[ban], highFreq[null], cacheTime[0], silenceTime[0], reportRate[0], legalPage[[]], illegalPage[[]]}, back=Rule{scene[back], strategy[normal], highFreq[null], cacheTime[0], silenceTime[0], reportRate[0], legalPage[[]], illegalPage[[]]}}], specialPage[null], isBanAccess[false], isBanBackgroundAccess[false], isReportRealTime[false], reportSampleRate[100000], configHighFrequency[null}
06-08 18:07:50.673 21735 21735 D PandoraEx.Utils: convertAndUpdateConfig: Config{module[location], systemApi[BLS#STRT_SC#LSP], rules[{normal=Rule{scene[normal], strategy[normal], highFreq[null], cacheTime[0], silenceTime[0], reportRate[0], legalPage[[]], illegalPage[[]]}, before=Rule{scene[before], strategy[ban], highFreq[null], cacheTime[0], silenceTime[0], reportRate[0], legalPage[[]], illegalPage[[]]}, back=Rule{scene[back], strategy[normal], highFreq[null], cacheTime[0], silenceTime[0], reportRate[0], legalPage[[]], illegalPage[[]]}}], specialPage[null], isBanAccess[false], isBanBackgroundAccess[false], isReportRealTime[false], reportSampleRate[100000], configHighFrequency[null}
06-08 18:07:50.673 21735 21735 D PandoraEx.Utils: convertAndUpdateConfig: Config{module[location], systemApi[BA#STRT_DIS_COV], rules[{normal=Rule{scene[normal], strategy[normal], highFreq[null], cacheTime[0], silenceTime[0], reportRate[0], legalPage[[]], illegalPage[[]]}, before=Rule{scene[before], strategy[ban], highFreq[null], cacheTime[0], silenceTime[0], reportRate[0], legalPage[[]], illegalPage[[]]}, back=Rule{scene[back], strategy[normal], highFreq[null], cacheTime[0], silenceTime[0], reportRate[0], legalPage[[]], illegalPage[[]]}}], specialPage[null], isBanAccess[false], isBanBackgroundAccess[false], isReportRealTime[false], reportSampleRate[100000], configHighFrequency[null}
06-08 18:07:50.673 21735 21735 D PandoraEx.Utils: convertAndUpdateConfig: Config{module[location], systemApi[BA#STRT_LE_SC#L], rules[{normal=Rule{scene[normal], strategy[normal], highFreq[null], cacheTime[0], silenceTime[0], reportRate[0], legalPage[[]], illegalPage[[]]}, before=Rule{scene[before], strategy[ban], highFreq[null], cacheTime[0], silenceTime[0], reportRate[0], legalPage[[]], illegalPage[[]]}, back=Rule{scene[back], strategy[normal], highFreq[null], cacheTime[0], silenceTime[0], reportRate[0], legalPage[[]], illegalPage[[]]}}], specialPage[null], isBanAccess[false], isBanBackgroundAccess[false], isReportRealTime[false], reportSampleRate[100000], configHighFrequency[null}
06-08 18:07:50.673 21735 21735 D PandoraEx.Utils: convertAndUpdateConfig: Config{module[location], systemApi[BA#STRT_LE_SC#UL], rules[{normal=Rule{scene[normal], strategy[normal], highFreq[null], cacheTime[0], silenceTime[0], reportRate[0], legalPage[[]], illegalPage[[]]}, before=Rule{scene[before], strategy[ban], highFreq[null], cacheTime[0], silenceTime[0], reportRate[0], legalPage[[]], illegalPage[[]]}, back=Rule{scene[back], strategy[normal], highFreq[null], cacheTime[0], silenceTime[0], reportRate[0], legalPage[[]], illegalPage[[]]}}], specialPage[null], isBanAccess[false], isBanBackgroundAccess[false], isReportRealTime[false], reportSampleRate[100000], configHighFrequency[null}
06-08 18:07:50.673 21735 21735 D PandoraEx.Utils: convertAndUpdateConfig: Config{module[location], systemApi[TM#G_SER_STATE], rules[{normal=Rule{scene[normal], strategy[normal], highFreq[null], cacheTime[0], silenceTime[0], reportRate[0], legalPage[[]], illegalPage[[]]}, before=Rule{scene[before], strategy[ban], highFreq[null], cacheTime[0], silenceTime[0], reportRate[0], legalPage[[]], illegalPage[[]]}, back=Rule{scene[back], strategy[normal], highFreq[null], cacheTime[0], silenceTime[0], reportRate[0], legalPage[[]], illegalPage[[]]}}], specialPage[null], isBanAccess[false], isBanBackgroundAccess[false], isReportRealTime[false], reportSampleRate[100000], configHighFrequency[null}
06-08 18:07:50.673 21735 21735 D PandoraEx.Utils: convertAndUpdateConfig: Config{module[location], systemApi[TM#LIS#PI], rules[{normal=Rule{scene[normal], strategy[normal], highFreq[null], cacheTime[0], silenceTime[0], reportRate[0], legalPage[[]], illegalPage[[]]}, before=Rule{scene[before], strategy[ban], highFreq[null], cacheTime[0], silenceTime[0], reportRate[0], legalPage[[]], illegalPage[[]]}, back=Rule{scene[back], strategy[normal], highFreq[null], cacheTime[0], silenceTime[0], reportRate[0], legalPage[[]], illegalPage[[]]}}], specialPage[null], isBanAccess[false], isBanBackgroundAccess[false], isReportRealTime[false], reportSampleRate[100000], configHighFrequency[null}
06-08 18:07:50.673 21735 21735 D PandoraEx.Utils: convertAndUpdateConfig: Config{module[network], systemApi[null], rules[{normal=Rule{scene[normal], strategy[normal], highFreq[null], cacheTime[0], silenceTime[0], reportRate[0], legalPage[[]], illegalPage[[]]}, before=Rule{scene[before], strategy[ban], highFreq[null], cacheTime[0], silenceTime[0], reportRate[0], legalPage[[]], illegalPage[[]]}, back=Rule{scene[back], strategy[normal], highFreq[null], cacheTime[0], silenceTime[0], reportRate[0], legalPage[[]], illegalPage[[]]}}], specialPage[null], isBanAccess[false], isBanBackgroundAccess[false], isReportRealTime[false], reportSampleRate[100000], configHighFrequency[null}
06-08 18:07:50.673 21735 21735 D PandoraEx.Utils: convertAndUpdateConfig: Config{module[network], systemApi[WI#G_BSSID], rules[{normal=Rule{scene[normal], strategy[normal], highFreq[null], cacheTime[0], silenceTime[0], reportRate[0], legalPage[[]], illegalPage[[]]}, before=Rule{scene[before], strategy[ban], highFreq[null], cacheTime[0], silenceTime[0], reportRate[0], legalPage[[]], illegalPage[[]]}, back=Rule{scene[back], strategy[cache_only], highFreq[null], cacheTime[0], silenceTime[0], reportRate[0], legalPage[[]], illegalPage[[]]}}], specialPage[null], isBanAccess[false], isBanBackgroundAccess[false], isReportRealTime[false], reportSampleRate[100000], configHighFrequency[null}
06-08 18:07:50.674 21735 21735 D PandoraEx.Utils: convertAndUpdateConfig: Config{module[network], systemApi[WI#G_SSID], rules[{normal=Rule{scene[normal], strategy[normal], highFreq[null], cacheTime[0], silenceTime[0], reportRate[0], legalPage[[]], illegalPage[[]]}, before=Rule{scene[before], strategy[ban], highFreq[null], cacheTime[0], silenceTime[0], reportRate[0], legalPage[[]], illegalPage[[]]}, back=Rule{scene[back], strategy[cache_only], highFreq[null], cacheTime[0], silenceTime[0], reportRate[0], legalPage[[]], illegalPage[[]]}}], specialPage[null], isBanAccess[false], isBanBackgroundAccess[false], isReportRealTime[false], reportSampleRate[100000], configHighFrequency[null}
06-08 18:07:50.674 21735 21735 D PandoraEx.Utils: convertAndUpdateConfig: Config{module[network], systemApi[NI#G_TYPE], rules[{normal=Rule{scene[normal], strategy[normal], highFreq[null], cacheTime[0], silenceTime[0], reportRate[0], legalPage[[]], illegalPage[[]]}, before=Rule{scene[before], strategy[ban], highFreq[null], cacheTime[0], silenceTime[0], reportRate[0], legalPage[[]], illegalPage[[]]}, back=Rule{scene[back], strategy[normal], highFreq[null], cacheTime[0], silenceTime[0], reportRate[0], legalPage[[]], illegalPage[[]]}}], specialPage[null], isBanAccess[false], isBanBackgroundAccess[false], isReportRealTime[false], reportSampleRate[5000000], configHighFrequency[null}
06-08 18:07:50.674 21735 21735 D PandoraEx.Utils: convertAndUpdateConfig: Config{module[clipboard], systemApi[CM#G_PRI_CLIP_DESC], rules[{normal=Rule{scene[normal], strategy[normal], highFreq[null], cacheTime[0], silenceTime[0], reportRate[0], legalPage[[]], illegalPage[[]]}, before=Rule{scene[before], strategy[ban], highFreq[null], cacheTime[0], silenceTime[0], reportRate[0], legalPage[[]], illegalPage[[]]}, back=Rule{scene[back], strategy[cache_only], highFreq[null], cacheTime[0], silenceTime[0], reportRate[0], legalPage[[]], illegalPage[[]]}}], specialPage[null], isBanAccess[false], isBanBackgroundAccess[false], isReportRealTime[false], reportSampleRate[10000000], configHighFrequency[null}
06-08 18:07:50.674 21735 21735 D PandoraEx.Utils: convertAndUpdateConfig: Config{module[clipboard], systemApi[CM#HAS_PRI_CLIP], rules[{normal=Rule{scene[normal], strategy[normal], highFreq[null], cacheTime[0], silenceTime[0], reportRate[0], legalPage[[]], illegalPage[[]]}, before=Rule{scene[before], strategy[ban], highFreq[null], cacheTime[0], silenceTime[0], reportRate[0], legalPage[[]], illegalPage[[]]}, back=Rule{scene[back], strategy[cache_only], highFreq[null], cacheTime[0], silenceTime[0], reportRate[0], legalPage[[]], illegalPage[[]]}}], specialPage[null], isBanAccess[false], isBanBackgroundAccess[false], isReportRealTime[false], reportSampleRate[5000000], configHighFrequency[null}
06-08 18:07:50.674 21735 21735 D PandoraEx.Utils: convertAndUpdateConfig: Config{module[sensor], systemApi[null], rules[{normal=Rule{scene[normal], strategy[normal], highFreq[null], cacheTime[0], silenceTime[0], reportRate[0], legalPage[[]], illegalPage[[]]}, before=Rule{scene[before], strategy[ban], highFreq[null], cacheTime[0], silenceTime[0], reportRate[0], legalPage[[]], illegalPage[[]]}, back=Rule{scene[back], strategy[normal], highFreq[null], cacheTime[0], silenceTime[0], reportRate[0], legalPage[[]], illegalPage[[]]}}], specialPage[null], isBanAccess[false], isBanBackgroundAccess[false], isReportRealTime[false], reportSampleRate[100000], configHighFrequency[null}
