06-19 15:31:03.473  2018  3127 I libsensor-displayalgo: the value of  getChannelDataCalibrated1157.527377,398.619316,652.109412,208.353992
06-19 15:31:03.473  2018  3127 I libsensor-displayalgo: the value of  REAL LUX151.512878
06-19 15:31:03.473  2018  3127 I libsensor-displayalgo: the value of  CAL REAL LUX151.512878
06-19 15:31:03.474 18549 19441 I @@@BBPLOG: Info TAE9B1CB0 CRndNDK L129 First Frame: 61 ms, dns: 0 ms, req: 0 ms, rsp: 0 ms, dat: 0 ms
06-19 15:31:03.500  2431  5845 I MediaFocusControl: requestAudioFocus() from uid/pid 10494/18549 AA=USAGE_MEDIA/CONTENT_TYPE_MUSIC clientId=android.media.AudioManager@a7fa006cn.missevan.lib.utils.AudioFocusManager@5bd26c7 callingPack=cn.missevan req=1 flags=0x1 sdk=28
06-19 15:31:03.502  2431  5845 I AudioService.FadeOutManager: unfadeOutUid() uid:10494
06-19 15:31:03.515  2431  5845 I WindowManagerService: Physical orientation applied, rotation=0 sfOrientation=ORIENTATION_0
06-19 15:31:03.515  8770  8973 V Avrcp_ext: onMetadataChanged
06-19 15:31:03.518  5809  5809 I MiPlayProxyDeviceManager: onTopActiveSessionChange, cn.missevan
06-19 15:31:03.518  8770  8973 V Avrcp_ext: updateCurrentMediaState: mMediaController: MediaController (cn.missevan@68d546b)  | , null, null
06-19 15:31:03.518  8770  8973 V Avrcp_ext: updateCurrentMediaState: isPlaying = false
06-19 15:31:03.518  8770  8973 W Avrcp_ext: isMusicActive: true getBluetoothPlayState: 1 A2dp State: 11 mAudioPlaybackIsActive: true
06-19 15:31:03.518  4233  4233 V MediaTimeout: processState 0|cn.missevan|1500|null|10494: PlaybackState {state=3, position=26, buffered position=0, speed=1.0, updated=448437107, actions=894, custom actions=[], active item id=-1, error=null}
06-19 15:31:03.519  5809  5809 I SafeBinderCall: onTopActiveSessionChange binder cost:0
06-19 15:31:03.519  8770  8973 D Avrcp_ext: isMusicActive = true mAudioPlaybackIsActive = true player state = PlaybackState {state=3, position=41, buffered position=0, speed=1.0, updated=448437122, actions=894, custom actions=[], active item id=-1, error=null}
06-19 15:31:03.519  5809  6131 I SafeBinderCall: onActiveAudioSessionChange binder cost:0
06-19 15:31:03.519  4233  4233 D MiPlayDetailViewModel: onActiveAudioSessionChange(): audioSessionList?.size = 1
06-19 15:31:03.520  5809  5809 I SafeBinderCall: onMediaMetaChange binder cost:1
06-19 15:31:03.520  8770  8973 D Avrcp_ext: overwrite album_artist :if album is blank
06-19 15:31:03.524  4233  4233 I SafeBinderCall: call getMediaMetaData binder cost:4
06-19 15:31:03.524  5809  5809 I Cir_Miplay_ActiveAudioSessionManager: dispatchTopActiveSessionChangeCallbackLocked, size:1
06-19 15:31:03.525  5809  5809 I Cir_Miplay_MiPlayAudioService: onTopActiveSessionChange, cn.missevan
06-19 15:31:03.525  5809  5809 I Cir_Miplay_MiPlayAudioService: topActiveSessionChange appId:cn.missevan
06-19 15:31:03.525  5809  5809 I Cir_Miplay_MiPlayAudioStatUtils: recordPackageName:cn.missevan
06-19 15:31:03.525  5809  5809 I Cir_Miplay_MiPlayAudioStatUtils: packageNameEquals.
06-19 15:31:03.525  5809  5809 I Cir_Miplay_ActiveSessionRecord: dispatch meta change, MediaMetaData{mArtist='null', mAlbum='null', mTitle=' | ', mArt=valid, mDuration=2968630, mLrc='null'}
06-19 15:31:03.526  5809  5809 I Cir_Miplay_MiPlayAudioService: dispatchMetaChange:cn.missevan  ActiveSsionPackageName:cn.missevan
06-19 15:31:03.526  5809  5809 I ActiveSessionRecord: onPlaybackStateChanged: PlaybackState {state=3, position=26, buffered position=0, speed=1.0, updated=448437107, actions=894, custom actions=[], active item id=-1, error=null}
06-19 15:31:03.526  4233  4233 I SafeBinderCall: call getPosition binder cost:1
06-19 15:31:03.527  4233  4233 I SafeBinderCall: call getPlaybackState binder cost:1
06-19 15:31:03.528  8770  8973 V Avrcp_ext: Media update: id -1-1? [MediaAttributes:  -  by  (2968630 0/0) - ] : [MediaAttributes:  -  by  (2968630 0/0) - ]
06-19 15:31:03.528  8770  8973 D Avrcp_ext: isPackageNameValid: browsedPackage = cn.missevanisValid = true
06-19 15:31:03.528  8770  8973 V Avrcp_ext: isBrowseSupported for cn.missevan: false
06-19 15:31:03.528  8770  8973 V Avrcp_ext: updatePlaybackState, state: PlaybackState {state=3, position=41, buffered position=0, speed=1.0, updated=448437122, actions=894, custom actions=[], active item id=-1, error=null} device: null
06-19 15:31:03.528  8770  8973 V Avrcp_ext: Device: no name:
06-19 15:31:03.528  8770  8973 V Avrcp_ext: Device: no name:
06-19 15:31:03.528  8770  8973 V Avrcp_ext: Device: no name:
06-19 15:31:03.528  8770  8973 V Avrcp_ext: Device: no name:
06-19 15:31:03.528  8770  8973 V Avrcp_ext: Device: no name:
06-19 15:31:03.528  8770  8973 V Avrcp_ext: updatePlayerStateAndPosition, old=PlaybackState {state=3, position=7431, buffered position=0, speed=1.0, updated=448437025, actions=894, custom actions=[], active item id=-1, error=null}, state=PlaybackState {state=3, position=41, buffered position=0, speed=1.0, updated=448437122, actions=894, custom actions=[], active item id=-1, error=null}
06-19 15:31:03.528  8770  8973 V Avrcp_ext: old state = PlaybackState {state=3, position=7431, buffered position=0, speed=1.0, updated=448437025, actions=894, custom actions=[], active item id=-1, error=null}, new state= PlaybackState {state=3, position=41, buffered position=0, speed=1.0, updated=448437122, actions=894, custom actions=[], active item id=-1, error=null}
06-19 15:31:03.528  8770  8973 D HeadsetService: getHeadsetService(): returning com.android.bluetooth.hfp.HeadsetService@7e2faf
06-19 15:31:03.528  8770  8973 D HeadsetService:  isAudioOn: The number of audio connected devices 0
06-19 15:31:03.528  8770  8973 D HeadsetService: isScoOrCallActive(): Call Active:falseCall is Ringing:falseSCO is Active:false
06-19 15:31:03.528  8770  8973 D HeadsetService:  isAudioOn: The number of audio connected devices 0
06-19 15:31:03.528  8770  8973 V Avrcp_ext: isPlayStateTobeUpdated: device: null
06-19 15:31:03.528  8770  8973 V Avrcp_ext: Single connection exists
06-19 15:31:03.528  8770  8973 D HeadsetService:  isAudioOn: The number of audio connected devices 0
06-19 15:31:03.528  8770  8973 D HeadsetService: isScoOrCallActive(): Call Active:falseCall is Ringing:falseSCO is Active:false
06-19 15:31:03.528  8770  8973 D HeadsetService:  isAudioOn: The number of audio connected devices 0
06-19 15:31:03.528  8770  8973 V Avrcp_ext: isPlayStateTobeUpdated: device: null
06-19 15:31:03.528  8770  8973 V Avrcp_ext: Single connection exists
06-19 15:31:03.528  8770  8973 D HeadsetService:  isAudioOn: The number of audio connected devices 0
06-19 15:31:03.528  8770  8973 D HeadsetService: isScoOrCallActive(): Call Active:falseCall is Ringing:falseSCO is Active:false
06-19 15:31:03.528  8770  8973 D HeadsetService:  isAudioOn: The number of audio connected devices 0
06-19 15:31:03.528  8770  8973 V Avrcp_ext: isPlayStateTobeUpdated: device: null
06-19 15:31:03.528  8770  8973 V Avrcp_ext: Single connection exists
06-19 15:31:03.528  8770  8973 D HeadsetService:  isAudioOn: The number of audio connected devices 0
06-19 15:31:03.528  8770  8973 D HeadsetService: isScoOrCallActive(): Call Active:falseCall is Ringing:falseSCO is Active:false
06-19 15:31:03.528  8770  8973 D HeadsetService:  isAudioOn: The number of audio connected devices 0
06-19 15:31:03.528  8770  8973 V Avrcp_ext: isPlayStateTobeUpdated: device: null
06-19 15:31:03.528  8770  8973 V Avrcp_ext: Single connection exists
06-19 15:31:03.528  8770  8973 D HeadsetService:  isAudioOn: The number of audio connected devices 0
06-19 15:31:03.528  8770  8973 D HeadsetService: isScoOrCallActive(): Call Active:falseCall is Ringing:falseSCO is Active:false
06-19 15:31:03.528  8770  8973 D HeadsetService:  isAudioOn: The number of audio connected devices 0
06-19 15:31:03.528  8770  8973 V Avrcp_ext: isPlayStateTobeUpdated: device: null
06-19 15:31:03.528  8770  8973 V Avrcp_ext: Single connection exists
06-19 15:31:03.528  8770  8973 D Avrcp_ext: Enter sendPlayPosNotificationRsp
06-19 15:31:03.528  8770  8973 D Avrcp_ext: sendPlayPosNotificationRsp: Not registered or requesting.
06-19 15:31:03.528  8770  8973 D Avrcp_ext: Enter sendPlayPosNotificationRsp
06-19 15:31:03.528  8770  8973 D Avrcp_ext: sendPlayPosNotificationRsp: Not registered or requesting.
06-19 15:31:03.528  8770  8973 D Avrcp_ext: Enter sendPlayPosNotificationRsp
06-19 15:31:03.528  8770  8973 D Avrcp_ext: sendPlayPosNotificationRsp: Not registered or requesting.
06-19 15:31:03.528  8770  8973 D Avrcp_ext: Enter sendPlayPosNotificationRsp
06-19 15:31:03.528  8770  8973 D Avrcp_ext: sendPlayPosNotificationRsp: Not registered or requesting.
06-19 15:31:03.528  8770  8973 D Avrcp_ext: Enter sendPlayPosNotificationRsp
06-19 15:31:03.528  8770  8973 D Avrcp_ext: sendPlayPosNotificationRsp: Not registered or requesting.
06-19 15:31:03.528  8770  8973 V Avrcp_ext: Exit updatePlayerStateAndPosition
06-19 15:31:03.528  8770  8973 V Avrcp_ext: onPlaybackStateChanged: state PlaybackState {state=3, position=26, buffered position=0, speed=1.0, updated=448437107, actions=894, custom actions=[], active item id=-1, error=null}
06-19 15:31:03.531  8770  8973 V Avrcp_ext: updateCurrentMediaState: mMediaController: MediaController (cn.missevan@68d546b)  | , null, null
06-19 15:31:03.531  8770  8973 V Avrcp_ext: updateCurrentMediaState: isPlaying = false
06-19 15:31:03.531  8770  8973 W Avrcp_ext: isMusicActive: true getBluetoothPlayState: 1 A2dp State: 11 mAudioPlaybackIsActive: true
06-19 15:31:03.532  5809 14611 I Cir_Miplay_MiPlayAudioService: dispatchMetaChange:MediaMetaData{mArtist='null', mAlbum='null', mTitle=' | ', mArt=valid, mDuration=2968630, mLrc='null'}
06-19 15:31:03.532  5809 14611 I Cir_Miplay_MetaInfoManager: setMetadata.
06-19 15:31:03.533  8770  8973 D Avrcp_ext: isMusicActive = true mAudioPlaybackIsActive = true player state = PlaybackState {state=3, position=53, buffered position=0, speed=1.0, updated=448437134, actions=894, custom actions=[], active item id=-1, error=null}
06-19 15:31:03.533  5809  5809 I ActiveAudioSessionManager: startPositionCallbackTask
06-19 15:31:03.533  2431  5950 I WindowManagerService: Physical orientation applied, rotation=0 sfOrientation=ORIENTATION_0
06-19 15:31:03.535  5809  5809 I SafeBinderCall: onPlaybackStateChange binder cost:2
06-19 15:31:03.536  5809  5809 I Cir_Miplay_ActiveSessionRecord: onPlaybackStateChanged:3
06-19 15:31:03.536  5809  5809 I Cir_Miplay_ActiveSessionRecordStack: onPlaybackStateChange.
06-19 15:31:03.539  4233  4233 D MiPlayDetailViewModel: onPlaybackStateChange(): state = 3
06-19 15:31:03.545  8770  8973 D Avrcp_ext: overwrite album_artist :if album is blank
06-19 15:31:03.546  8770  8973 V Avrcp_ext: Media update: id -1-1? [MediaAttributes:  -  by  (2968630 0/0) - ] : [MediaAttributes:  -  by  (2968630 0/0) - ]
06-19 15:31:03.546  8770  8973 D Avrcp_ext: isPackageNameValid: browsedPackage = cn.missevanisValid = true
06-19 15:31:03.546  8770  8973 V Avrcp_ext: isBrowseSupported for cn.missevan: false
06-19 15:31:03.546  8770  8973 V Avrcp_ext: updatePlaybackState, state: PlaybackState {state=3, position=53, buffered position=0, speed=1.0, updated=448437134, actions=894, custom actions=[], active item id=-1, error=null} device: null
06-19 15:31:03.546  8770  8973 V Avrcp_ext: Device: no name:
06-19 15:31:03.546  8770  8973 V Avrcp_ext: Device: no name:
06-19 15:31:03.546  8770  8973 V Avrcp_ext: Device: no name:
06-19 15:31:03.546  8770  8973 V Avrcp_ext: Device: no name:
06-19 15:31:03.546  8770  8973 V Avrcp_ext: Device: no name:
06-19 15:31:03.546  8770  8973 V Avrcp_ext: updatePlayerStateAndPosition, old=PlaybackState {state=3, position=41, buffered position=0, speed=1.0, updated=448437122, actions=894, custom actions=[], active item id=-1, error=null}, state=PlaybackState {state=3, position=53, buffered position=0, speed=1.0, updated=448437134, actions=894, custom actions=[], active item id=-1, error=null}
06-19 15:31:03.546  8770  8973 V Avrcp_ext: old state = PlaybackState {state=3, position=41, buffered position=0, speed=1.0, updated=448437122, actions=894, custom actions=[], active item id=-1, error=null}, new state= PlaybackState {state=3, position=53, buffered position=0, speed=1.0, updated=448437134, actions=894, custom actions=[], active item id=-1, error=null}
06-19 15:31:03.546  8770  8973 D HeadsetService: getHeadsetService(): returning com.android.bluetooth.hfp.HeadsetService@7e2faf
06-19 15:31:03.546  8770  8973 D HeadsetService:  isAudioOn: The number of audio connected devices 0
06-19 15:31:03.546  8770  8973 D HeadsetService: isScoOrCallActive(): Call Active:falseCall is Ringing:falseSCO is Active:false
06-19 15:31:03.546  8770  8973 D HeadsetService:  isAudioOn: The number of audio connected devices 0
06-19 15:31:03.546  8770  8973 V Avrcp_ext: isPlayStateTobeUpdated: device: null
06-19 15:31:03.546  8770  8973 V Avrcp_ext: Single connection exists
06-19 15:31:03.546  8770  8973 D HeadsetService:  isAudioOn: The number of audio connected devices 0
06-19 15:31:03.546  8770  8973 D HeadsetService: isScoOrCallActive(): Call Active:falseCall is Ringing:falseSCO is Active:false
06-19 15:31:03.546  8770  8973 D HeadsetService:  isAudioOn: The number of audio connected devices 0
06-19 15:31:03.546  8770  8973 V Avrcp_ext: isPlayStateTobeUpdated: device: null
06-19 15:31:03.546  8770  8973 V Avrcp_ext: Single connection exists
06-19 15:31:03.546  8770  8973 D HeadsetService:  isAudioOn: The number of audio connected devices 0
06-19 15:31:03.546  8770  8973 D HeadsetService: isScoOrCallActive(): Call Active:falseCall is Ringing:falseSCO is Active:false
06-19 15:31:03.546  8770  8973 D HeadsetService:  isAudioOn: The number of audio connected devices 0
06-19 15:31:03.546  8770  8973 V Avrcp_ext: isPlayStateTobeUpdated: device: null
06-19 15:31:03.546  8770  8973 V Avrcp_ext: Single connection exists
06-19 15:31:03.546  8770  8973 D HeadsetService:  isAudioOn: The number of audio connected devices 0
06-19 15:31:03.546  8770  8973 D HeadsetService: isScoOrCallActive(): Call Active:falseCall is Ringing:falseSCO is Active:false
06-19 15:31:03.546  8770  8973 D HeadsetService:  isAudioOn: The number of audio connected devices 0
06-19 15:31:03.546  8770  8973 V Avrcp_ext: isPlayStateTobeUpdated: device: null
06-19 15:31:03.546  8770  8973 V Avrcp_ext: Single connection exists
06-19 15:31:03.546  8770  8973 D HeadsetService:  isAudioOn: The number of audio connected devices 0
06-19 15:31:03.546  8770  8973 D HeadsetService: isScoOrCallActive(): Call Active:falseCall is Ringing:falseSCO is Active:false
06-19 15:31:03.546  8770  8973 D HeadsetService:  isAudioOn: The number of audio connected devices 0
06-19 15:31:03.546  8770  8973 V Avrcp_ext: isPlayStateTobeUpdated: device: null
06-19 15:31:03.546  8770  8973 V Avrcp_ext: Single connection exists
06-19 15:31:03.546  8770  8973 D Avrcp_ext: Enter sendPlayPosNotificationRsp
06-19 15:31:03.546  8770  8973 D Avrcp_ext: sendPlayPosNotificationRsp: Not registered or requesting.
06-19 15:31:03.546  8770  8973 D Avrcp_ext: Enter sendPlayPosNotificationRsp
06-19 15:31:03.546  8770  8973 D Avrcp_ext: sendPlayPosNotificationRsp: Not registered or requesting.
06-19 15:31:03.546  8770  8973 D Avrcp_ext: Enter sendPlayPosNotificationRsp
06-19 15:31:03.546  8770  8973 D Avrcp_ext: sendPlayPosNotificationRsp: Not registered or requesting.
06-19 15:31:03.546  8770  8973 D Avrcp_ext: Enter sendPlayPosNotificationRsp
06-19 15:31:03.546  8770  8973 D Avrcp_ext: sendPlayPosNotificationRsp: Not registered or requesting.
06-19 15:31:03.546  8770  8973 D Avrcp_ext: Enter sendPlayPosNotificationRsp
06-19 15:31:03.546  8770  8973 D Avrcp_ext: sendPlayPosNotificationRsp: Not registered or requesting.
06-19 15:31:03.546  8770  8973 V Avrcp_ext: Exit updatePlayerStateAndPosition
06-19 15:31:03.546  8770  8973 V Avrcp_ext:  Exit onPlaybackStateChanged
06-19 15:31:03.547  5809  5809 I Cir_Miplay_ActiveAudioSessionManager: TopAudioSession play change
06-19 15:31:03.547  5809  5809 I Cir_Miplay_MiPlayAudioService: dispatchPlaybackStateChange:3
06-19 15:31:03.547  5809  5809 I Cir_Miplay_MiPlayAudioService: localPlayStateChange state:3
06-19 15:31:03.547  5809  5809 I Cir_Miplay_MiPlayAudioService: playStateNotify state:3  ,id:,uuid:local_device_id
06-19 15:31:03.547  5809  5809 I MiPlayClientSDK: =======================================================================
06-19 15:31:03.547  5809  5809 I MiPlayClientSDK: onMediaInfoChange start
06-19 15:31:03.547  5809  5809 I MiPlayClientSDK: local_device_id, MediaMetaData{mArtist='null', mAlbum='null', mTitle=' | ', mDuration=2968630, mId='', mCoverUrl='', mStatus=0, mVolume=0, mArt=android.graphics.Bitmap@236b34b, mPosition=0, mLrc='null', mPackgeName='cn.missevan', mSourceName='2738969101Xiaomi Civi 2', mDeviceState=2}
06-19 15:31:03.547  5809  5809 I MiPlayClientSDK: onMediaInfoChange end
06-19 15:31:03.547  5809  5809 I MiPlayClientSDK: =======================================================================
06-19 15:31:03.547  5809  5809 I MiPlayProxyDeviceManager: onMediaInfoChange
06-19 15:31:03.547  5809  5809 I MiPlay  : onMediaMetaChanged,local_device_id, meta:MediaMetaData{mArtist='null', mAlbum='null', mTitle=' | ', mDuration=2968630, art:valid}
06-19 15:31:03.547  5809  5809 I MiPlayClientSDK: =======================================================================
06-19 15:31:03.547  5809  5809 I MiPlayClientSDK: onPlayStateChange start
06-19 15:31:03.547  5809  5809 I MiPlayClientSDK: local_device_id, state:3
06-19 15:31:03.547  5809  5809 I MiPlayClientSDK: onPlayStateChange end
06-19 15:31:03.547  5809  5809 I MiPlayClientSDK: =======================================================================
06-19 15:31:03.547  5809  5809 I MiPlayProxyDeviceManager: onPlayStateChange
06-19 15:31:03.547  5809  5809 I MiPlay  : onPlaybackStateChanged,local_device_id, state:pause
06-19 15:31:03.625  1265  2358 I vendor.qti.hardware.display.composer-service: FrameNotifyProcess Sensor: notify citsensorservice to trigger cwb
06-19 15:31:03.625  2018  2108 I libcitsensorservice@2.0-impl: msg_transfer
06-19 15:31:03.625  2018  3098 D vendor.xiaomi.sensor.citsensorservice@2.0-service: handle id:9 wxh:1280x2400 uwxuh:1080x2400 size: 9216000 fd:15 fd_meta:16 flags:0x4000228 usage:0x33  format:0x3 layer_count: 1
06-19 15:31:03.625  1265  1887 I SDM     : HWCSession::SetCWBOutputBuffer: CWB config passed by cwb_client : tappoint 1  CWB_ROI : (829.000000 4.000000 915.000000 90.000000)
06-19 15:31:03.635  1265 19703 I SDM     : HWCSession::ProcessRequests: Successfully configured CWB buffer.
06-19 15:31:03.643  1265 19703 I SDM     : HWCSession::ProcessRequests: Pushing release fence in fenece wait queue.
06-19 15:31:03.643  1265 19703 I SDM     : HWCSession::ProcessRequests: Creating AsyncFenceWaits async thread.
06-19 15:31:03.644  1265 19703 I SDM     : HWCSession::ProcessRequests: Remove current CWB request from the pending request queue.
06-19 15:31:03.644  1265 19703 I SDM     : HWCSession::ProcessRequests: No pending cwb requests found in the queue.
06-19 15:31:03.651  1265  1584 I SDM     : HWDeviceDRM::SetupConcurrentWriteback: Tear down the Concurrent Writeback topology
06-19 15:31:03.655  2431  5693 I WindowManagerService: Physical orientation applied, rotation=0 sfOrientation=ORIENTATION_0
06-19 15:31:03.658  1265 19704 I SDM     : HWCSession::NotifyCWBStatus: Notify the client about buffer status 0.
06-19 15:31:03.660  1265 19704 I SDM     : HWCSession::PerformFenceWaits: Remove current release fence from the pending fence wait queue.
06-19 15:31:03.660  1265 19704 I SDM     : HWCSession::PerformFenceWaits: CWB fence queue is empty. No pending release fence to wait on.
06-19 15:31:03.710  5405  9716 D SLM-SRV-SLAService: checktemp temperature = 37151 temperature_average = 36981 isPerformanceMode = false thermal_enable_slm = true
06-19 15:31:03.753  1930  1967 I mstatdaemon: Entering time loop
06-19 15:31:03.753  2431  5693 I WindowManagerService: Physical orientation applied, rotation=0 sfOrientation=ORIENTATION_0
06-19 15:31:03.753  1930  1967 I mstatdaemon: t = 1687159863
06-19 15:31:03.753  1930  1967 I mstatdaemon: translated_t = 1371169863
06-19 15:31:03.753  1930  1967 I mstat_log: mstatcommitLog log_alloc() failed
06-19 15:31:03.761  5735 13658 W Parcel  : **** enforceInterface() expected 'com.miui.gamebooster.service.ISecurityCenterNotificationListener' but read 'android.service.notification.INotificationListener'
06-19 15:31:03.762  5285  5285 D MiBarrage: No barrage: not in game scene or in video scene
06-19 15:31:03.762  5735 13658 W Binder  : Caught a RuntimeException from the binder stub implementation.
06-19 15:31:03.762  5735 13658 W Binder  : java.lang.SecurityException: Binder invocation to an incorrect interface
06-19 15:31:03.762  5735 13658 W Binder  : 	at android.os.Parcel.nativeEnforceInterface(Native Method)
06-19 15:31:03.762  5735 13658 W Binder  : 	at android.os.Parcel.enforceInterface(Parcel.java:699)
06-19 15:31:03.762  5735 13658 W Binder  : 	at com.miui.gamebooster.service.ISecurityCenterNotificationListener$Stub.onTransact(Unknown Source:18)
06-19 15:31:03.762  5735 13658 W Binder  : 	at android.os.Binder.execTransactInternal(Binder.java:1190)
06-19 15:31:03.762  5735 13658 W Binder  : 	at android.os.Binder.execTransact(Binder.java:1149)
06-19 15:31:03.765  5735  8037 V onNotificationPostedCallBack: flags=98
06-19 15:31:03.768  5285  5285 D MiBarrage: No barrage: not in game scene or in video scene
06-19 15:31:03.769  5735 13658 W Parcel  : **** enforceInterface() expected 'com.miui.gamebooster.service.ISecurityCenterNotificationListener' but read 'android.service.notification.INotificationListener'
06-19 15:31:03.769  5735 13658 W Binder  : Caught a RuntimeException from the binder stub implementation.
06-19 15:31:03.769  5735 13658 W Binder  : java.lang.SecurityException: Binder invocation to an incorrect interface
06-19 15:31:03.769  5735 13658 W Binder  : 	at android.os.Parcel.nativeEnforceInterface(Native Method)
06-19 15:31:03.769  5735 13658 W Binder  : 	at android.os.Parcel.enforceInterface(Parcel.java:699)
06-19 15:31:03.769  5735 13658 W Binder  : 	at com.miui.gamebooster.service.ISecurityCenterNotificationListener$Stub.onTransact(Unknown Source:18)
06-19 15:31:03.769  5735 13658 W Binder  : 	at android.os.Binder.execTransactInternal(Binder.java:1190)
06-19 15:31:03.769  5735 13658 W Binder  : 	at android.os.Binder.execTransact(Binder.java:1149)
06-19 15:31:03.769  5735  8037 V m       : ret=0
06-19 15:31:03.773  5735  8037 V onNotificationPostedCallBack: flags=98
06-19 15:31:03.774  2018  3127 D libsensor-displayalgo: the value of  brightness:438.000000,R:17429364.019903,G:16721541.913035,B:17551049.920084,EVENT_C:3746.000000,EVENT_R:1509.000000,EVENT_G:1862.500000,EVENT_B:747.500000
06-19 15:31:03.774  2018  3127 I libsensor-displayalgo: the value of  Coef1:1107.681000,Coef4:2.383000, scale1:0.935522, scale4:0.923264
06-19 15:31:03.774  2018  3127 E libsensor-displayalgo: RGB_test_0407_400_oldzy!
06-19 15:31:03.775  2018  3127 I libsensor-displayalgo: the value of  RESULT1104.041629,430.384838,561.048841,190.899531
06-19 15:31:03.775  2018  3127 I libsensor-displayalgo: the value of  getChannelDataCalibrated1157.527377,398.619316,652.109412,208.353992
06-19 15:31:03.775  2018  3127 I libsensor-displayalgo: the value of  REAL LUX152.092270
06-19 15:31:03.775  2018  3127 I libsensor-displayalgo: the value of  CAL REAL LUX152.092270
06-19 15:31:03.776  5735  8037 V m       : ret=0
06-19 15:31:03.781  4233  4233 D InterruptionStateProvider: No alerting: filtered notification: 0|cn.missevan|1500|null|10494
06-19 15:31:03.783  4233  4233 D InterruptionStateProvider: No alerting: filtered notification: 0|cn.missevan|1500|null|10494
06-19 15:31:03.790  4233  4475 D PeopleSpaceWidgetMgr: Sbn doesn't contain valid PeopleTileKey: null/0/cn.missevan
06-19 15:31:03.794  4233  4233 D InterruptionStateProvider: No alerting: filtered notification: 0|cn.missevan|1500|null|10494
06-19 15:31:03.795  4233  4233 D InterruptionStateProvider: No alerting: filtered notification: 0|cn.missevan|1500|null|10494
06-19 15:31:03.798  4233  4233 I MediaCarouselController: media_data_arrive: addOrUpdatePlayer
06-19 15:31:03.798  4233  4233 I MiuiMediaControlPanel: media_data_arrive: bindPlayer: mPlayerViewHolder=com.android.systemui.media.PlayerViewHolder@1ce47d7
06-19 15:31:03.798  4233  4233 I MiuiMediaControlPanel: media_data_arrive: bindPlayer: FM,  | , Megrezz
06-19 15:31:03.798  4233  4233 I MiuiMediaControlPanel: MediaAction: contentDesc=; MediaAction: contentDesc=; MediaAction: contentDesc=; MediaAction: contentDesc=; MediaAction: contentDesc=;
06-19 15:31:03.799  4233  4475 D PeopleSpaceWidgetMgr: Sbn doesn't contain valid PeopleTileKey: null/0/cn.missevan
06-19 15:31:03.800  4233  4233 D MiuiMediaControlPanel: setArtwork---ProcessArtworkTask
06-19 15:31:03.811 18314 18346 I appium  : channel read: POST /wd/hub/session/8633e78e-8843-4302-b64a-1114a55d82dc/appium/device/press_keycode
06-19 15:31:03.811  4233  4233 I MediaCarouselController: media_data_arrive: addOrUpdatePlayer
06-19 15:31:03.811  4233  4233 I MiuiMediaControlPanel: media_data_arrive: bindPlayer: mPlayerViewHolder=com.android.systemui.media.PlayerViewHolder@1ce47d7
06-19 15:31:03.811  4233  4233 I MiuiMediaControlPanel: media_data_arrive: bindPlayer: FM,  | , Megrezz
06-19 15:31:03.811  4233  4233 I MiuiMediaControlPanel: MediaAction: contentDesc=; MediaAction: contentDesc=; MediaAction: contentDesc=; MediaAction: contentDesc=; MediaAction: contentDesc=;
06-19 15:31:03.813 18314 18346 I appium  : PressKeyCode command
06-19 15:31:03.813 18314 18346 I appium  : Calling PressKeyCode...
06-19 15:31:03.823  2431  6205 W MiuiInputKeyEventLog: keyCode:4 down:true eventTime:352848415 downTime:352848415 policyFlags:2b000000 flags:0 metaState:0 deviceId:-1 isScreenOn:true keyguardActive:false repeatCount:0
06-19 15:31:03.824  2431  6205 D WindowManager: interceptKeyTq keycode=4 interactive=true keyguardActive=false policyFlags=2b000000
06-19 15:31:03.825  2431  2635 W ActivityManager: Sending non-protected broadcast miui.intent.KEYCODE_BACK from system 2431:system/1000 pkg android. Callers=com.android.server.am.ActivityManagerService.broadcastIntentLocked:13794 com.android.server.am.ActivityManagerService.broadcastIntentLocked:13204 com.android.server.am.ActivityManagerService.broadcastIntentWithFeature:14053 android.app.ContextImpl.sendBroadcastAsUser:1400 com.android.server.policy.BaseMiuiPhoneWindowManager$16.run:2837
06-19 15:31:03.825  2431  2635 W ActivityManager: Sending non-protected broadcast miui.intent.KEYCODE_BACK from system 2431:system/1000 pkg android. Callers=com.android.server.am.ActivityManagerService.broadcastIntentLocked:13893 com.android.server.am.ActivityManagerService.broadcastIntentLocked:13204 com.android.server.am.ActivityManagerService.broadcastIntentWithFeature:14053 android.app.ContextImpl.sendBroadcastAsUser:1400 com.android.server.policy.BaseMiuiPhoneWindowManager$16.run:2837
06-19 15:31:03.825  2431  6205 D MIUIInput: Input event injection from pid 18299, KeyEvent:DOWN, keycode:4
06-19 15:31:03.826  2431  2938 D WindowManager: interceptKeyTi keyCode=4 down=true repeatCount=0 keyguardOn=false canceled=false
06-19 15:31:03.827  2431  2938 D MIUIInput: [KeyEvent] publisher action:0x0,  keyCode:4 , 352848415,channel '9980501 cn.missevan/cn.missevan.activity.MainActivity (server)'
06-19 15:31:03.828 18375 18375 D MIUIInput: [KeyEvent] ViewRootImpl windowName 'cn.missevan/cn.missevan.activity.MainActivity', KeyEvent { action=ACTION_DOWN, keyCode=KEYCODE_BACK, scanCode=0, metaState=0, flags=0x0, repeatCount=0, eventTime=352848415, downTime=352848415, deviceId=-1, source=0x101, displayId=-1 }, phoneEventTime=15:31:03.814
06-19 15:31:03.830 30661 30744 D IdProviderImpl: getOAID from com.miui.analytics
06-19 15:31:03.835  2431  3921 W MiuiInputKeyEventLog: keyCode:4 down:false eventTime:352848415 downTime:352848415 policyFlags:2b000000 flags:0 metaState:0 deviceId:-1 isScreenOn:true keyguardActive:false repeatCount:0
06-19 15:31:03.837  2431  3921 D WindowManager: interceptKeyTq keycode=4 interactive=true keyguardActive=false policyFlags=2b000000
06-19 15:31:03.838  2431  3921 D MIUIInput: Input event injection from pid 18299, KeyEvent:UP, keycode:4
06-19 15:31:03.838  2431  2938 D WindowManager: interceptKeyTi keyCode=4 down=false repeatCount=0 keyguardOn=false canceled=false
06-19 15:31:03.838  2431  2635 W ActivityManager: Sending non-protected broadcast miui.intent.KEYCODE_BACK from system 2431:system/1000 pkg android. Callers=com.android.server.am.ActivityManagerService.broadcastIntentLocked:13794 com.android.server.am.ActivityManagerService.broadcastIntentLocked:13204 com.android.server.am.ActivityManagerService.broadcastIntentWithFeature:14053 android.app.ContextImpl.sendBroadcastAsUser:1400 com.android.server.policy.BaseMiuiPhoneWindowManager$16.run:2837
06-19 15:31:03.839  2431  2635 W ActivityManager: Sending non-protected broadcast miui.intent.KEYCODE_BACK from system 2431:system/1000 pkg android. Callers=com.android.server.am.ActivityManagerService.broadcastIntentLocked:13893 com.android.server.am.ActivityManagerService.broadcastIntentLocked:13204 com.android.server.am.ActivityManagerService.broadcastIntentWithFeature:14053 android.app.ContextImpl.sendBroadcastAsUser:1400 com.android.server.policy.BaseMiuiPhoneWindowManager$16.run:2837
06-19 15:31:03.839  2431  2938 D MIUIInput: [KeyEvent] publisher action:0x1,  keyCode:4 , 352848415,channel '9980501 cn.missevan/cn.missevan.activity.MainActivity (server)'
06-19 15:31:03.839 18375 18375 D MIUIInput: [KeyEvent] ViewRootImpl windowName 'cn.missevan/cn.missevan.activity.MainActivity', KeyEvent { action=ACTION_UP, keyCode=KEYCODE_BACK, scanCode=0, metaState=0, flags=0x0, repeatCount=0, eventTime=352848415, downTime=352848415, deviceId=-1, source=0x101, displayId=-1 }, phoneEventTime=15:31:03.815
06-19 15:31:03.842 30661 30744 D IdProviderImpl: getOAID from com.miui.analytics
06-19 15:31:03.844  2431  6205 W InputManager-JNI: Input channel object '9980501 cn.missevan/cn.missevan.activity.MainActivity (client)' was disposed without first being removed with the input manager!
06-19 15:31:03.856 18375 18375 W InputEventReceiver: Attempted to finish an input event but the input event receiver has already been disposed.
06-19 15:31:03.867  2431  6205 I WindowManagerService: Physical orientation applied, rotation=0 sfOrientation=ORIENTATION_0
06-19 15:31:03.877 18375 18375 D DecorView[MainActivity]: onWindowFocusChanged hasWindowFocus true
06-19 15:31:03.879 18375 18375 I HandWritingStubImpl: isKeyboardTypeChanged: false
06-19 15:31:03.879 18375 18375 I HandWritingStubImpl: refreshLastKeyboardType: 1
06-19 15:31:03.879 18375 18375 I HandWritingStubImpl: getCurrentKeyboardType: 1
06-19 15:31:03.883 13581 13581 E BaseInputMethodService: onFinishInput
06-19 15:31:03.884 13581 13581 E BaseInputMethodService: onStartInput
06-19 15:31:03.884 18375 18375 I HandWritingStubImpl: isKeyboardTypeChanged: false
06-19 15:31:03.933  1265  2358 I vendor.qti.hardware.display.composer-service: FrameNotifyProcess Sensor: notify citsensorservice to trigger cwb
06-19 15:31:03.934  2018  2111 I libcitsensorservice@2.0-impl: msg_transfer
06-19 15:31:03.935  2018  3098 D vendor.xiaomi.sensor.citsensorservice@2.0-service: handle id:9 wxh:1280x2400 uwxuh:1080x2400 size: 9216000 fd:15 fd_meta:16 flags:0x4000228 usage:0x33  format:0x3 layer_count: 1
06-19 15:31:03.935  1265  1887 I SDM     : HWCSession::SetCWBOutputBuffer: CWB config passed by cwb_client : tappoint 1  CWB_ROI : (829.000000 4.000000 915.000000 90.000000)
06-19 15:31:03.938  1265 19705 I SDM     : HWCSession::ProcessRequests: Successfully configured CWB buffer.
06-19 15:31:03.945  1265 19705 I SDM     : HWCSession::ProcessRequests: Pushing release fence in fenece wait queue.
06-19 15:31:03.946  1265 19705 I SDM     : HWCSession::ProcessRequests: Creating AsyncFenceWaits async thread.
06-19 15:31:03.947  1265 19705 I SDM     : HWCSession::ProcessRequests: Remove current CWB request from the pending request queue.
06-19 15:31:03.947  1265 19705 I SDM     : HWCSession::ProcessRequests: No pending cwb requests found in the queue.
06-19 15:31:03.948  1265  1584 I SDM     : HWDeviceDRM::SetupConcurrentWriteback: Tear down the Concurrent Writeback topology
06-19 15:31:03.954  1265 19706 I SDM     : HWCSession::NotifyCWBStatus: Notify the client about buffer status 0.
06-19 15:31:03.957  1265 19706 I SDM     : HWCSession::PerformFenceWaits: Remove current release fence from the pending fence wait queue.
06-19 15:31:03.957  1265 19706 I SDM     : HWCSession::PerformFenceWaits: CWB fence queue is empty. No pending release fence to wait on.
06-19 15:31:03.959  2431  5693 I WindowManagerService: Physical orientation applied, rotation=0 sfOrientation=ORIENTATION_0
06-19 15:31:04.036 18299 18313 W BpBinder: PerfMonitor binderTransact :  time=206ms interface=android.view.IWindowManager code=102
06-19 15:31:04.037 18314 18346 W BpBinder: PerfMonitor binderTransact :  time=206ms interface=android.app.IUiAutomationConnection code=3
06-19 15:31:04.039 18314 18346 I appium  : AppiumResponse: {"sessionId":"8633e78e-8843-4302-b64a-1114a55d82dc","value":null}
06-19 15:31:04.047 18549 19442 I @@@BBPLOG: Info TAE98BCB0 CTCPSocket L69 Connect server: data.bilibili.com, port: 443, enable ssl: 1
06-19 15:31:04.058  2431  3921 I WindowManagerService: Physical orientation applied, rotation=0 sfOrientation=ORIENTATION_0
06-19 15:31:04.061 18549 19442 I @@@BBPLOG: Info TAE98BCB0 CMbedSSL L29 Create SSL: CMbedSSL
06-19 15:31:04.070  5809 19469 I SafeBinderCall: onPositionChange binder cost:1
06-19 15:31:04.070  4233  4233 D MiPlayDetailViewModel: onPositionChange(): position = 591
06-19 15:31:04.073  2018  3127 D libsensor-displayalgo: the value of  brightness:438.000000,R:36949055.374447,G:34906792.603615,B:37170019.561940,EVENT_C:3871.500000,EVENT_R:1554.000000,EVENT_G:1931.500000,EVENT_B:773.000000
06-19 15:31:04.073  2018  3127 I libsensor-displayalgo: the value of  Coef1:1107.681000,Coef4:2.383000, scale1:0.935522, scale4:0.923264
06-19 15:31:04.073  2018  3127 E libsensor-displayalgo: RGB_test_0407_400_oldzy!
06-19 15:31:04.073  2018  3127 I libsensor-displayalgo: the value of  RESULT1829.438808,721.639134,910.147102,323.051883
06-19 15:31:04.073  2018  3127 I libsensor-displayalgo: the value of  getChannelDataCalibrated1918.066719,668.376933,1057.867781,352.589391
06-19 15:31:04.073  2018  3127 I libsensor-displayalgo: the value of  REAL LUX110.071297
06-19 15:31:04.073  2018  3127 I libsensor-displayalgo: the value of  CAL REAL LUX110.071297
06-19 15:31:04.154 18549 19442 I @@@BBPLOG: Info TAE98BCB0 CDataLogSender L88 Send log data 712 and response code is 200
06-19 15:31:04.154 18549 19442 I @@@BBPLOG: Info TAE98BCB0 CDataLogMng L341 Delete log file 1687159862229.ovw
06-19 15:31:04.157  2431  5693 I WindowManagerService: Physical orientation applied, rotation=0 sfOrientation=ORIENTATION_0
06-19 15:31:04.188  2431  2440 I system_server: This is sticky GC, maxfree is 8388608 minfree is 2097152
06-19 15:31:04.235  1265  2358 I vendor.qti.hardware.display.composer-service: FrameNotifyProcess Sensor: notify citsensorservice to trigger cwb
06-19 15:31:04.236  2018  2108 I libcitsensorservice@2.0-impl: msg_transfer
06-19 15:31:04.236  2018  3098 D vendor.xiaomi.sensor.citsensorservice@2.0-service: handle id:9 wxh:1280x2400 uwxuh:1080x2400 size: 9216000 fd:15 fd_meta:16 flags:0x4000228 usage:0x33  format:0x3 layer_count: 1
06-19 15:31:04.237  1265  1887 I SDM     : HWCSession::SetCWBOutputBuffer: CWB config passed by cwb_client : tappoint 1  CWB_ROI : (829.000000 4.000000 915.000000 90.000000)
06-19 15:31:04.237  1265 19707 I SDM     : HWCSession::ProcessRequests: Successfully configured CWB buffer.
06-19 15:31:04.247  1265 19707 I SDM     : HWCSession::ProcessRequests: Pushing release fence in fenece wait queue.
06-19 15:31:04.248  1265 19707 I SDM     : HWCSession::ProcessRequests: Creating AsyncFenceWaits async thread.
06-19 15:31:04.248  1265 19707 I SDM     : HWCSession::ProcessRequests: Remove current CWB request from the pending request queue.
06-19 15:31:04.248  1265 19707 I SDM     : HWCSession::ProcessRequests: No pending cwb requests found in the queue.
06-19 15:31:04.252  1265  1584 I SDM     : HWDeviceDRM::SetupConcurrentWriteback: Tear down the Concurrent Writeback topology
06-19 15:31:04.258  1265 19708 I SDM     : HWCSession::NotifyCWBStatus: Notify the client about buffer status 0.
06-19 15:31:04.258  1265 19708 I SDM     : HWCSession::PerformFenceWaits: Remove current release fence from the pending fence wait queue.
06-19 15:31:04.258  1265 19708 I SDM     : HWCSession::PerformFenceWaits: CWB fence queue is empty. No pending release fence to wait on.
06-19 15:31:04.264  2431  5693 I WindowManagerService: Physical orientation applied, rotation=0 sfOrientation=ORIENTATION_0
06-19 15:31:04.370  2431  5693 I WindowManagerService: Physical orientation applied, rotation=0 sfOrientation=ORIENTATION_0
06-19 15:31:04.374  2018  3127 D libsensor-displayalgo: the value of  brightness:438.000000,R:70661428.765898,G:66703006.973680,B:70960480.615001,EVENT_C:5518.500000,EVENT_R:2117.500000,EVENT_G:2821.000000,EVENT_B:1116.500000
06-19 15:31:04.376  2018  3127 I libsensor-displayalgo: the value of  Coef1:1107.681000,Coef4:2.383000, scale1:0.935522, scale4:0.923264
06-19 15:31:04.376  2018  3127 E libsensor-displayalgo: RGB_test_0407_400_oldzy!
06-19 15:31:04.376  2018  3127 I libsensor-displayalgo: the value of  RESULT2856.492168,1140.106958,1378.733501,515.836671
06-19 15:31:04.376  2018  3127 I libsensor-displayalgo: the value of  getChannelDataCalibrated2994.876098,1055.958797,1602.507710,563.001015
06-19 15:31:04.376  2018  3127 I libsensor-displayalgo: the value of  REAL LUX148.559631
06-19 15:31:04.376  2018  3127 I libsensor-displayalgo: the value of  CAL REAL LUX148.559631
06-19 15:31:04.466  2431  5693 I WindowManagerService: Physical orientation applied, rotation=0 sfOrientation=ORIENTATION_0
06-19 15:31:04.538  1265  2358 I vendor.qti.hardware.display.composer-service: FrameNotifyProcess Sensor: notify citsensorservice to trigger cwb
06-19 15:31:04.539  2018  2111 I libcitsensorservice@2.0-impl: msg_transfer
06-19 15:31:04.539  2018  3098 D vendor.xiaomi.sensor.citsensorservice@2.0-service: handle id:9 wxh:1280x2400 uwxuh:1080x2400 size: 9216000 fd:15 fd_meta:16 flags:0x4000228 usage:0x33  format:0x3 layer_count: 1
06-19 15:31:04.541  1265  1887 I SDM     : HWCSession::SetCWBOutputBuffer: CWB config passed by cwb_client : tappoint 1  CWB_ROI : (829.000000 4.000000 915.000000 90.000000)
06-19 15:31:04.542  1265 19709 I SDM     : HWCSession::ProcessRequests: Successfully configured CWB buffer.
06-19 15:31:04.551  1265 19709 I SDM     : HWCSession::ProcessRequests: Pushing release fence in fenece wait queue.
06-19 15:31:04.551  1265 19709 I SDM     : HWCSession::ProcessRequests: Creating AsyncFenceWaits async thread.
06-19 15:31:04.551  1265 19709 I SDM     : HWCSession::ProcessRequests: Remove current CWB request from the pending request queue.
06-19 15:31:04.551  1265 19709 I SDM     : HWCSession::ProcessRequests: No pending cwb requests found in the queue.
06-19 15:31:04.555  1265  1584 I SDM     : HWDeviceDRM::SetupConcurrentWriteback: Tear down the Concurrent Writeback topology
06-19 15:31:04.563  1265 19710 I SDM     : HWCSession::NotifyCWBStatus: Notify the client about buffer status 0.
06-19 15:31:04.563  1265 19710 I SDM     : HWCSession::PerformFenceWaits: Remove current release fence from the pending fence wait queue.
06-19 15:31:04.563  1265 19710 I SDM     : HWCSession::PerformFenceWaits: CWB fence queue is empty. No pending release fence to wait on.
06-19 15:31:04.568  2431  3921 I WindowManagerService: Physical orientation applied, rotation=0 sfOrientation=ORIENTATION_0
06-19 15:31:04.672  2431  3921 I WindowManagerService: Physical orientation applied, rotation=0 sfOrientation=ORIENTATION_0
06-19 15:31:04.674  2018  3127 D libsensor-displayalgo: the value of  brightness:438.000000,R:70661428.765898,G:66703006.973680,B:70960480.615001,EVENT_C:5510.000000,EVENT_R:2114.000000,EVENT_G:2812.000000,EVENT_B:1114.000000
06-19 15:31:04.674  2018  3127 I libsensor-displayalgo: the value of  Coef1:1107.681000,Coef4:2.383000, scale1:0.935522, scale4:0.923264
06-19 15:31:04.674  2018  3127 E libsensor-displayalgo: RGB_test_0407_400_oldzy!
06-19 15:31:04.674  2018  3127 I libsensor-displayalgo: the value of  RESULT2856.492168,1140.106958,1378.733501,515.836671
06-19 15:31:04.674  2018  3127 I libsensor-displayalgo: the value of  getChannelDataCalibrated2994.876098,1055.958797,1602.507710,563.001015
06-19 15:31:04.674  2018  3127 I libsensor-displayalgo: the value of  REAL LUX147.885284
06-19 15:31:04.674  2018  3127 I libsensor-displayalgo: the value of  CAL REAL LUX147.885284
06-19 15:31:04.772  2431  3921 I WindowManagerService: Physical orientation applied, rotation=0 sfOrientation=ORIENTATION_0
06-19 15:31:04.844  1265  2358 I vendor.qti.hardware.display.composer-service: FrameNotifyProcess Sensor: notify citsensorservice to trigger cwb
06-19 15:31:04.844  2018  2108 I libcitsensorservice@2.0-impl: msg_transfer
06-19 15:31:04.845  2018  3098 D vendor.xiaomi.sensor.citsensorservice@2.0-service: handle id:9 wxh:1280x2400 uwxuh:1080x2400 size: 9216000 fd:15 fd_meta:16 flags:0x4000228 usage:0x33  format:0x3 layer_count: 1
06-19 15:31:04.845  1265  1887 I SDM     : HWCSession::SetCWBOutputBuffer: CWB config passed by cwb_client : tappoint 1  CWB_ROI : (829.000000 4.000000 915.000000 90.000000)
06-19 15:31:04.846  1265 19711 I SDM     : HWCSession::ProcessRequests: Successfully configured CWB buffer.
06-19 15:31:04.855  1265 19711 I SDM     : HWCSession::ProcessRequests: Pushing release fence in fenece wait queue.
06-19 15:31:04.855  1265 19711 I SDM     : HWCSession::ProcessRequests: Creating AsyncFenceWaits async thread.
06-19 15:31:04.856  1265 19711 I SDM     : HWCSession::ProcessRequests: Remove current CWB request from the pending request queue.
06-19 15:31:04.856  1265 19711 I SDM     : HWCSession::ProcessRequests: No pending cwb requests found in the queue.
06-19 15:31:04.860  1265  1584 I SDM     : HWDeviceDRM::SetupConcurrentWriteback: Tear down the Concurrent Writeback topology
06-19 15:31:04.867  1265 19712 I SDM     : HWCSession::NotifyCWBStatus: Notify the client about buffer status 0.
06-19 15:31:04.867  1265 19712 I SDM     : HWCSession::PerformFenceWaits: Remove current release fence from the pending fence wait queue.
06-19 15:31:04.867  1265 19712 I SDM     : HWCSession::PerformFenceWaits: CWB fence queue is empty. No pending release fence to wait on.
06-19 15:31:04.872  2431  3921 I WindowManagerService: Physical orientation applied, rotation=0 sfOrientation=ORIENTATION_0
06-19 15:31:04.973  2431  3921 I WindowManagerService: Physical orientation applied, rotation=0 sfOrientation=ORIENTATION_0
06-19 15:31:04.974  2018  3127 D libsensor-displayalgo: the value of  brightness:438.000000,R:70661428.765898,G:66703006.973680,B:70960480.615001,EVENT_C:5516.500000,EVENT_R:2116.500000,EVENT_G:2814.500000,EVENT_B:1114.500000
06-19 15:31:04.974  2018  3127 I libsensor-displayalgo: the value of  Coef1:1107.681000,Coef4:2.383000, scale1:0.935522, scale4:0.923264
06-19 15:31:04.974  2018  3127 E libsensor-displayalgo: RGB_test_0407_400_oldzy!
06-19 15:31:04.975  2018  3127 I libsensor-displayalgo: the value of  RESULT2856.492168,1140.106958,1378.733501,515.836671
06-19 15:31:04.975  2018  3127 I libsensor-displayalgo: the value of  getChannelDataCalibrated2994.876098,1055.958797,1602.507710,563.001015
06-19 15:31:04.975  2018  3127 I libsensor-displayalgo: the value of  REAL LUX148.322906
06-19 15:31:04.975  2018  3127 I libsensor-displayalgo: the value of  CAL REAL LUX148.322906
06-19 15:31:05.069  5809 19469 I SafeBinderCall: onPositionChange binder cost:0
06-19 15:31:05.070  4233  4233 D MiPlayDetailViewModel: onPositionChange(): position = 1591
06-19 15:31:05.072  2431  5693 I WindowManagerService: Physical orientation applied, rotation=0 sfOrientation=ORIENTATION_0
06-19 15:31:05.103 18314 18346 I appium  : channel read: POST /wd/hub/session/8633e78e-8843-4302-b64a-1114a55d82dc/actions
06-19 15:31:05.103 18314 18346 I appium  : W3CActions command
06-19 15:31:05.149  1265  2358 I vendor.qti.hardware.display.composer-service: FrameNotifyProcess Sensor: notify citsensorservice to trigger cwb
06-19 15:31:05.149  2018  2108 I libcitsensorservice@2.0-impl: msg_transfer
06-19 15:31:05.150  2018  3098 D vendor.xiaomi.sensor.citsensorservice@2.0-service: handle id:9 wxh:1280x2400 uwxuh:1080x2400 size: 9216000 fd:15 fd_meta:16 flags:0x4000228 usage:0x33  format:0x3 layer_count: 1
06-19 15:31:05.150  1265  1887 I SDM     : HWCSession::SetCWBOutputBuffer: CWB config passed by cwb_client : tappoint 1  CWB_ROI : (829.000000 4.000000 915.000000 90.000000)
06-19 15:31:05.152  1265 19713 I SDM     : HWCSession::ProcessRequests: Successfully configured CWB buffer.
06-19 15:31:05.160  1265 19713 I SDM     : HWCSession::ProcessRequests: Pushing release fence in fenece wait queue.
06-19 15:31:05.160  1265 19713 I SDM     : HWCSession::ProcessRequests: Creating AsyncFenceWaits async thread.
06-19 15:31:05.161  1265 19713 I SDM     : HWCSession::ProcessRequests: Remove current CWB request from the pending request queue.
06-19 15:31:05.161  1265 19713 I SDM     : HWCSession::ProcessRequests: No pending cwb requests found in the queue.
06-19 15:31:05.165  1265  1584 I SDM     : HWDeviceDRM::SetupConcurrentWriteback: Tear down the Concurrent Writeback topology
06-19 15:31:05.172  1265 19714 I SDM     : HWCSession::NotifyCWBStatus: Notify the client about buffer status 0.
06-19 15:31:05.172  1265 19714 I SDM     : HWCSession::PerformFenceWaits: Remove current release fence from the pending fence wait queue.
06-19 15:31:05.172  1265 19714 I SDM     : HWCSession::PerformFenceWaits: CWB fence queue is empty. No pending release fence to wait on.
06-19 15:31:05.177  2431  5693 I WindowManagerService: Physical orientation applied, rotation=0 sfOrientation=ORIENTATION_0
06-19 15:31:05.275  2018  3127 D libsensor-displayalgo: the value of  brightness:438.000000,R:70661428.765898,G:66703006.973680,B:70960480.615001,EVENT_C:5514.500000,EVENT_R:2116.000000,EVENT_G:2814.000000,EVENT_B:1114.000000
06-19 15:31:05.275  2018  3127 I libsensor-displayalgo: the value of  Coef1:1107.681000,Coef4:2.383000, scale1:0.935522, scale4:0.923264
06-19 15:31:05.275  2018  3127 E libsensor-displayalgo: RGB_test_0407_400_oldzy!
06-19 15:31:05.276  2018  3127 I libsensor-displayalgo: the value of  RESULT2856.492168,1140.106958,1378.733501,515.836671
06-19 15:31:05.276  2018  3127 I libsensor-displayalgo: the value of  getChannelDataCalibrated2994.876098,1055.958797,1602.507710,563.001015
06-19 15:31:05.276  2018  3127 I libsensor-displayalgo: the value of  REAL LUX148.218460
06-19 15:31:05.276  2018  3127 I libsensor-displayalgo: the value of  CAL REAL LUX148.218460
06-19 15:31:05.279  2431  5693 I WindowManagerService: Physical orientation applied, rotation=0 sfOrientation=ORIENTATION_0
06-19 15:31:05.385  2431  3921 I WindowManagerService: Physical orientation applied, rotation=0 sfOrientation=ORIENTATION_0
06-19 15:31:05.385  2431  5693 D MIUIInput: Input event injection from pid 18299, MotionEvent: DOWN
06-19 15:31:05.386  2431  2938 D MIUIInput: [MotionEvent] publisher action=0x4, 352849977, channel '7c87e50 NavigationBar0 (server)'
06-19 15:31:05.386  2431  2938 D MIUIInput: [MotionEvent] publisher action=0x0, 352849977, channel '5cbb1a1 cn.missevan/cn.missevan.activity.MainActivity (server)'
06-19 15:31:05.391 18375 18375 D MIUIInput: [MotionEvent] ViewRootImpl windowName 'cn.missevan/cn.missevan.activity.MainActivity', { action=ACTION_DOWN, id[0]=0, pointerCount=1, eventTime=352849977, downTime=352849976, phoneEventTime=15:31:05.376 } moveCount:0
06-19 15:31:05.394 18314 18346 I appium  : [352849977 (success)] Synthesized: MotionEvent { action=ACTION_DOWN, actionButton=0, id[0]=0, x[0]=540.0, y[0]=1692.0, toolType[0]=TOOL_TYPE_FINGER, buttonState=0, classification=NONE, metaState=0, flags=0x0, edgeFlags=0x0, pointerCount=1, historySize=0, eventTime=352849977, downTime=352849976, deviceId=0, source=0x1002, displayId=0, eventId=-211762669 }
06-19 15:31:05.452  1265  2358 I vendor.qti.hardware.display.composer-service: FrameNotifyProcess Sensor: notify citsensorservice to trigger cwb
06-19 15:31:05.453  2018  2018 I libcitsensorservice@2.0-impl: msg_transfer
06-19 15:31:05.453  2018  3098 D vendor.xiaomi.sensor.citsensorservice@2.0-service: handle id:9 wxh:1280x2400 uwxuh:1080x2400 size: 9216000 fd:15 fd_meta:16 flags:0x4000228 usage:0x33  format:0x3 layer_count: 1
06-19 15:31:05.454  1265  1887 I SDM     : HWCSession::SetCWBOutputBuffer: CWB config passed by cwb_client : tappoint 1  CWB_ROI : (829.000000 4.000000 915.000000 90.000000)
06-19 15:31:05.455  1265 19715 I SDM     : HWCSession::ProcessRequests: Successfully configured CWB buffer.
06-19 15:31:05.464  1265 19715 I SDM     : HWCSession::ProcessRequests: Pushing release fence in fenece wait queue.
06-19 15:31:05.464  1265 19715 I SDM     : HWCSession::ProcessRequests: Creating AsyncFenceWaits async thread.
06-19 15:31:05.465  1265 19715 I SDM     : HWCSession::ProcessRequests: Remove current CWB request from the pending request queue.
06-19 15:31:05.469  1265  1584 I SDM     : HWDeviceDRM::SetupConcurrentWriteback: Tear down the Concurrent Writeback topology
06-19 15:31:05.465  1265 19715 I SDM     : HWCSession::ProcessRequests: No pending cwb requests found in the queue.
06-19 15:31:05.476  1265 19716 I SDM     : HWCSession::NotifyCWBStatus: Notify the client about buffer status 0.
