06-19 15:30:52.212 18314 18346 I appium  : [352836801 (success)] Synthesized: MotionEvent { action=ACTION_MOVE, actionButton=0, id[0]=0, x[0]=540.0, y[0]=997.8461, toolType[0]=TOOL_TYPE_FINGER, buttonState=0, classification=NONE, metaState=0, flags=0x0, edgeFlags=0x0, pointerCount=1, historySize=0, eventTime=352836801, downTime=352835656, deviceId=0, source=0x1002, displayId=0, eventId=-501335019 }
06-19 15:30:52.226 18314 18346 I appium  : [352836817 (success)] Synthesized: MotionEvent { action=ACTION_MOVE, actionButton=0, id[0]=0, x[0]=540.0, y[0]=911.0769, toolType[0]=TOOL_TYPE_FINGER, buttonState=0, classification=NONE, metaState=0, flags=0x0, edgeFlags=0x0, pointerCount=1, historySize=0, eventTime=352836817, downTime=352835656, deviceId=0, source=0x1002, displayId=0, eventId=-193863418 }
06-19 15:30:52.252 18314 18346 I appium  : [352836837 (success)] Synthesized: MotionEvent { action=ACTION_MOVE, actionButton=0, id[0]=0, x[0]=540.0, y[0]=824.3077, toolType[0]=TOOL_TYPE_FINGER, buttonState=0, classification=NONE, metaState=0, flags=0x0, edgeFlags=0x0, pointerCount=1, historySize=0, eventTime=352836837, downTime=352835656, deviceId=0, source=0x1002, displayId=0, eventId=-782227157 }
06-19 15:30:52.267 18314 18346 I appium  : [352836858 (success)] Synthesized: MotionEvent { action=ACTION_MOVE, actionButton=0, id[0]=0, x[0]=540.0, y[0]=737.53845, toolType[0]=TOOL_TYPE_FINGER, buttonState=0, classification=NONE, metaState=0, flags=0x0, edgeFlags=0x0, pointerCount=1, historySize=0, eventTime=352836858, downTime=352835656, deviceId=0, source=0x1002, displayId=0, eventId=-139660390 }
06-19 15:30:52.292 18314 18346 I appium  : [352836877 (success)] Synthesized: MotionEvent { action=ACTION_MOVE, actionButton=0, id[0]=0, x[0]=540.0, y[0]=650.76917, toolType[0]=TOOL_TYPE_FINGER, buttonState=0, classification=NONE, metaState=0, flags=0x0, edgeFlags=0x0, pointerCount=1, historySize=0, eventTime=352836877, downTime=352835656, deviceId=0, source=0x1002, displayId=0, eventId=-101377919 }
06-19 15:30:52.307  2431  3921 I WindowManagerService: Physical orientation applied, rotation=0 sfOrientation=ORIENTATION_0
06-19 15:30:52.313 18314 18346 I appium  : [352836899 (success)] Synthesized: MotionEvent { action=ACTION_MOVE, actionButton=0, id[0]=0, x[0]=540.0, y[0]=564.0, toolType[0]=TOOL_TYPE_FINGER, buttonState=0, classification=NONE, metaState=0, flags=0x0, edgeFlags=0x0, pointerCount=1, historySize=0, eventTime=352836899, downTime=352835656, deviceId=0, source=0x1002, displayId=0, eventId=-493352654 }
06-19 15:30:52.318  2431  2893 D MIUIInput: Input event injection from pid 18299, MotionEvent: UP
06-19 15:30:52.319  2431  2938 D MIUIInput: [MotionEvent] publisher action=0x1, 352836917, channel '5cbb1a1 cn.missevan/cn.missevan.activity.MainActivity (server)'
06-19 15:30:52.322 18375 18375 D MIUIInput: [MotionEvent] ViewRootImpl windowName 'cn.missevan/cn.missevan.activity.MainActivity', { action=ACTION_UP, id[0]=0, pointerCount=1, eventTime=352836917, downTime=352835656, phoneEventTime=15:30:52.316 } moveCount:13
06-19 15:30:52.337 18314 18346 I appium  : [352836917 (success)] Synthesized: MotionEvent { action=ACTION_UP, actionButton=0, id[0]=0, x[0]=540.0, y[0]=564.0, toolType[0]=TOOL_TYPE_FINGER, buttonState=0, classification=NONE, metaState=0, flags=0x0, edgeFlags=0x0, pointerCount=1, historySize=0, eventTime=352836917, downTime=352835656, deviceId=0, source=0x1002, displayId=0, eventId=-113338033 }
06-19 15:30:52.340 18314 18346 I appium  : AppiumResponse: {"sessionId":"8633e78e-8843-4302-b64a-1114a55d82dc","value":null}
06-19 15:30:52.352  5858  6965 D MilletUtils: changeFrozenState change uid =10494 state=1
06-19 15:30:52.352  1265  2358 I vendor.qti.hardware.display.composer-service: FrameNotifyProcess Sensor: notify citsensorservice to trigger cwb
06-19 15:30:52.352  2018  2018 I libcitsensorservice@2.0-impl: msg_transfer
06-19 15:30:52.353  2018  3098 D vendor.xiaomi.sensor.citsensorservice@2.0-service: handle id:9 wxh:1280x2400 uwxuh:1080x2400 size: 9216000 fd:15 fd_meta:16 flags:0x4000228 usage:0x33  format:0x3 layer_count: 1
06-19 15:30:52.353  1265  1887 I SDM     : HWCSession::SetCWBOutputBuffer: CWB config passed by cwb_client : tappoint 1  CWB_ROI : (829.000000 4.000000 915.000000 90.000000)
06-19 15:30:52.353  1265 19618 I SDM     : HWCSession::ProcessRequests: Successfully configured CWB buffer.
06-19 15:30:52.362  1265 19618 I SDM     : HWCSession::ProcessRequests: Pushing release fence in fenece wait queue.
06-19 15:30:52.362  1265 19618 I SDM     : HWCSession::ProcessRequests: Creating AsyncFenceWaits async thread.
06-19 15:30:52.362  1265 19618 I SDM     : HWCSession::ProcessRequests: Remove current CWB request from the pending request queue.
06-19 15:30:52.363  1265 19618 I SDM     : HWCSession::ProcessRequests: No pending cwb requests found in the queue.
06-19 15:30:52.369  1265  1584 I SDM     : HWDeviceDRM::SetupConcurrentWriteback: Tear down the Concurrent Writeback topology
06-19 15:30:52.373  2018  3127 D libsensor-displayalgo: the value of  brightness:438.000000,R:70661428.765898,G:66703006.973680,B:70960480.615001,EVENT_C:5509.500000,EVENT_R:2113.000000,EVENT_G:2810.500000,EVENT_B:1113.500000
06-19 15:30:52.373  2018  3127 I libsensor-displayalgo: the value of  Coef1:1107.681000,Coef4:2.383000, scale1:0.935522, scale4:0.923264
06-19 15:30:52.373  2018  3127 E libsensor-displayalgo: RGB_test_0407_400_oldzy!
06-19 15:30:52.373  2018  3127 I libsensor-displayalgo: the value of  RESULT2856.492168,1140.106958,1378.733501,515.836671
06-19 15:30:52.373  2018  3127 I libsensor-displayalgo: the value of  getChannelDataCalibrated2994.876098,1055.958797,1602.507710,563.001015
06-19 15:30:52.373  2018  3127 I libsensor-displayalgo: the value of  REAL LUX147.860046
06-19 15:30:52.373  2018  3127 I libsensor-displayalgo: the value of  CAL REAL LUX147.860046
06-19 15:30:52.377  1265 19619 I SDM     : HWCSession::NotifyCWBStatus: Notify the client about buffer status 0.
06-19 15:30:52.377  1265 19619 I SDM     : HWCSession::PerformFenceWaits: Remove current release fence from the pending fence wait queue.
06-19 15:30:52.377  1265 19619 I SDM     : HWCSession::PerformFenceWaits: CWB fence queue is empty. No pending release fence to wait on.
06-19 15:30:52.413  2431  3921 I WindowManagerService: Physical orientation applied, rotation=0 sfOrientation=ORIENTATION_0
06-19 15:30:52.514  2431  2893 I WindowManagerService: Physical orientation applied, rotation=0 sfOrientation=ORIENTATION_0
06-19 15:30:52.623  2431  2893 I WindowManagerService: Physical orientation applied, rotation=0 sfOrientation=ORIENTATION_0
06-19 15:30:52.650  2431  2893 I WindowManagerService: Physical orientation applied, rotation=0 sfOrientation=ORIENTATION_0
06-19 15:30:52.656  1265  2358 I vendor.qti.hardware.display.composer-service: FrameNotifyProcess Sensor: notify citsensorservice to trigger cwb
06-19 15:30:52.657  2018  2108 I libcitsensorservice@2.0-impl: msg_transfer
06-19 15:30:52.657  2018  3098 D vendor.xiaomi.sensor.citsensorservice@2.0-service: handle id:9 wxh:1280x2400 uwxuh:1080x2400 size: 9216000 fd:15 fd_meta:16 flags:0x4000228 usage:0x33  format:0x3 layer_count: 1
06-19 15:30:52.657  1265  1887 I SDM     : HWCSession::SetCWBOutputBuffer: CWB config passed by cwb_client : tappoint 1  CWB_ROI : (829.000000 4.000000 915.000000 90.000000)
06-19 15:30:52.658  1265 19620 I SDM     : HWCSession::ProcessRequests: Successfully configured CWB buffer.
06-19 15:30:52.667  1265 19620 I SDM     : HWCSession::ProcessRequests: Pushing release fence in fenece wait queue.
06-19 15:30:52.667  1265 19620 I SDM     : HWCSession::ProcessRequests: Creating AsyncFenceWaits async thread.
06-19 15:30:52.667  1265 19620 I SDM     : HWCSession::ProcessRequests: Remove current CWB request from the pending request queue.
06-19 15:30:52.668  1265 19620 I SDM     : HWCSession::ProcessRequests: No pending cwb requests found in the queue.
06-19 15:30:52.673  2018  3127 D libsensor-displayalgo: the value of  brightness:438.000000,R:82341356.333179,G:81958003.906288,B:82146120.171619,EVENT_C:5883.000000,EVENT_R:2228.500000,EVENT_G:3027.000000,EVENT_B:1194.500000
06-19 15:30:52.673  1265  1584 I SDM     : HWDeviceDRM::SetupConcurrentWriteback: Tear down the Concurrent Writeback topology
06-19 15:30:52.674  2018  3127 I libsensor-displayalgo: the value of  Coef1:1107.681000,Coef4:2.383000, scale1:0.935522, scale4:0.923264
06-19 15:30:52.674  2018  3127 E libsensor-displayalgo: RGB_test_0407_400_oldzy!
06-19 15:30:52.674  2018  3127 I libsensor-displayalgo: the value of  RESULT3244.949392,1281.019895,1566.552456,588.810700
06-19 15:30:52.674  2018  3127 I libsensor-displayalgo: the value of  getChannelDataCalibrated3402.152291,1186.471337,1820.810466,642.647257
06-19 15:30:52.674  2018  3127 I libsensor-displayalgo: the value of  REAL LUX145.850327
06-19 15:30:52.674  2018  3127 I libsensor-displayalgo: the value of  CAL REAL LUX145.850327
06-19 15:30:52.681  1265 19621 I SDM     : HWCSession::NotifyCWBStatus: Notify the client about buffer status 0.
06-19 15:30:52.682  1265 19621 I SDM     : HWCSession::PerformFenceWaits: Remove current release fence from the pending fence wait queue.
06-19 15:30:52.682  1265 19621 I SDM     : HWCSession::PerformFenceWaits: CWB fence queue is empty. No pending release fence to wait on.
06-19 15:30:52.701  2431  3921 I WindowManagerService: Physical orientation applied, rotation=0 sfOrientation=ORIENTATION_0
06-19 15:30:52.724  2431  2893 I WindowManagerService: Physical orientation applied, rotation=0 sfOrientation=ORIENTATION_0
06-19 15:30:52.833  2431  3921 I WindowManagerService: Physical orientation applied, rotation=0 sfOrientation=ORIENTATION_0
06-19 15:30:52.942  2431  2893 I WindowManagerService: Physical orientation applied, rotation=0 sfOrientation=ORIENTATION_0
06-19 15:30:52.962  1265  2358 I vendor.qti.hardware.display.composer-service: FrameNotifyProcess Sensor: notify citsensorservice to trigger cwb
06-19 15:30:52.962  2018  3874 I libcitsensorservice@2.0-impl: msg_transfer
06-19 15:30:52.962  2018  3098 D vendor.xiaomi.sensor.citsensorservice@2.0-service: handle id:9 wxh:1280x2400 uwxuh:1080x2400 size: 9216000 fd:15 fd_meta:16 flags:0x4000228 usage:0x33  format:0x3 layer_count: 1
06-19 15:30:52.963  1265  1887 I SDM     : HWCSession::SetCWBOutputBuffer: CWB config passed by cwb_client : tappoint 1  CWB_ROI : (829.000000 4.000000 915.000000 90.000000)
06-19 15:30:52.967  1265 19622 I SDM     : HWCSession::ProcessRequests: Successfully configured CWB buffer.
06-19 15:30:52.973  2018  3127 D libsensor-displayalgo: the value of  brightness:438.000000,R:83162080.520815,G:83162080.520815,B:83162080.520815,EVENT_C:5977.500000,EVENT_R:2250.500000,EVENT_G:3078.500000,EVENT_B:1215.500000
06-19 15:30:52.973  2018  3127 I libsensor-displayalgo: the value of  Coef1:1107.681000,Coef4:2.383000, scale1:0.935522, scale4:0.923264
06-19 15:30:52.973  2018  3127 E libsensor-displayalgo: RGB_test_0407_400_oldzy!
06-19 15:30:52.974  1265 19622 I SDM     : HWCSession::ProcessRequests: Pushing release fence in fenece wait queue.
06-19 15:30:52.974  1265 19622 I SDM     : HWCSession::ProcessRequests: Creating AsyncFenceWaits async thread.
06-19 15:30:52.974  1265 19622 I SDM     : HWCSession::ProcessRequests: Remove current CWB request from the pending request queue.
06-19 15:30:52.974  1265 19622 I SDM     : HWCSession::ProcessRequests: No pending cwb requests found in the queue.
06-19 15:30:52.978  1265  1584 I SDM     : HWDeviceDRM::SetupConcurrentWriteback: Tear down the Concurrent Writeback topology
06-19 15:30:52.977  2018  3127 I libsensor-displayalgo: the value of  RESULT3273.645540,1289.341055,1580.360370,594.091267
06-19 15:30:52.982  2018  3127 I libsensor-displayalgo: the value of  getChannelDataCalibrated3432.238635,1194.178335,1836.859462,648.410640
06-19 15:30:52.982  2018  3127 I libsensor-displayalgo: the value of  REAL LUX150.232727
06-19 15:30:52.982  2018  3127 I libsensor-displayalgo: the value of  CAL REAL LUX150.232727
06-19 15:30:52.985  1265 19623 I SDM     : HWCSession::NotifyCWBStatus: Notify the client about buffer status 0.
06-19 15:30:52.986  1265 19623 I SDM     : HWCSession::PerformFenceWaits: Remove current release fence from the pending fence wait queue.
06-19 15:30:52.987  1265 19623 I SDM     : HWCSession::PerformFenceWaits: CWB fence queue is empty. No pending release fence to wait on.
06-19 15:30:53.046  2431  2893 I WindowManagerService: Physical orientation applied, rotation=0 sfOrientation=ORIENTATION_0
06-19 15:30:53.070  4233  4233 D MiPlayDetailViewModel: onPositionChange(): position = 3147
06-19 15:30:53.070  5809 19469 I SafeBinderCall: onPositionChange binder cost:1
06-19 15:30:53.146  2431  3921 I WindowManagerService: Physical orientation applied, rotation=0 sfOrientation=ORIENTATION_0
06-19 15:30:53.255  2431  3921 I WindowManagerService: Physical orientation applied, rotation=0 sfOrientation=ORIENTATION_0
06-19 15:30:53.265  1265  2358 I vendor.qti.hardware.display.composer-service: FrameNotifyProcess Sensor: notify citsensorservice to trigger cwb
06-19 15:30:53.267  2018  2018 I libcitsensorservice@2.0-impl: msg_transfer
06-19 15:30:53.268  2018  3098 D vendor.xiaomi.sensor.citsensorservice@2.0-service: handle id:9 wxh:1280x2400 uwxuh:1080x2400 size: 9216000 fd:15 fd_meta:16 flags:0x4000228 usage:0x33  format:0x3 layer_count: 1
06-19 15:30:53.269  1265  1887 I SDM     : HWCSession::SetCWBOutputBuffer: CWB config passed by cwb_client : tappoint 1  CWB_ROI : (829.000000 4.000000 915.000000 90.000000)
06-19 15:30:53.269  1265 19624 I SDM     : HWCSession::ProcessRequests: Successfully configured CWB buffer.
06-19 15:30:53.274  2018  3127 D libsensor-displayalgo: the value of  brightness:438.000000,R:83162080.520815,G:83162080.520815,B:83162080.520815,EVENT_C:5971.000000,EVENT_R:2250.500000,EVENT_G:3076.000000,EVENT_B:1215.500000
06-19 15:30:53.274  2018  3127 I libsensor-displayalgo: the value of  Coef1:1107.681000,Coef4:2.383000, scale1:0.935522, scale4:0.923264
06-19 15:30:53.274  2018  3127 E libsensor-displayalgo: RGB_test_0407_400_oldzy!
06-19 15:30:53.274  2018  3127 I libsensor-displayalgo: the value of  RESULT3273.645540,1289.341055,1580.360370,594.091267
06-19 15:30:53.274  2018  3127 I libsensor-displayalgo: the value of  getChannelDataCalibrated3432.238635,1194.178335,1836.859462,648.410640
06-19 15:30:53.274  2018  3127 I libsensor-displayalgo: the value of  REAL LUX149.660233
06-19 15:30:53.274  2018  3127 I libsensor-displayalgo: the value of  CAL REAL LUX149.660233
06-19 15:30:53.284  1265 19624 I SDM     : HWCSession::ProcessRequests: Pushing release fence in fenece wait queue.
06-19 15:30:53.284  1265 19624 I SDM     : HWCSession::ProcessRequests: Creating AsyncFenceWaits async thread.
06-19 15:30:53.284  1265 19624 I SDM     : HWCSession::ProcessRequests: Remove current CWB request from the pending request queue.
06-19 15:30:53.284  1265 19624 I SDM     : HWCSession::ProcessRequests: No pending cwb requests found in the queue.
06-19 15:30:53.290  1265  1584 I SDM     : HWDeviceDRM::SetupConcurrentWriteback: Tear down the Concurrent Writeback topology
06-19 15:30:53.292  1265 19626 I SDM     : HWCSession::NotifyCWBStatus: Notify the client about buffer status 0.
06-19 15:30:53.292  1265 19626 I SDM     : HWCSession::PerformFenceWaits: Remove current release fence from the pending fence wait queue.
06-19 15:30:53.293  1265 19626 I SDM     : HWCSession::PerformFenceWaits: CWB fence queue is empty. No pending release fence to wait on.
06-19 15:30:53.360  2431  2893 I WindowManagerService: Physical orientation applied, rotation=0 sfOrientation=ORIENTATION_0
06-19 15:30:53.384 29212 29398 D MemoryCeilingMonitor: [handleMemoryCalculate]
06-19 15:30:53.385 29212 29398 D MemoryCeilingMonitor: [calculate] tot: 6305856, max: 268435456, free: 1638400, heap: 4667456, per: 0.01738762855529785
06-19 15:30:53.459  2431  3921 I WindowManagerService: Physical orientation applied, rotation=0 sfOrientation=ORIENTATION_0
06-19 15:30:53.566  2431  2893 I WindowManagerService: Physical orientation applied, rotation=0 sfOrientation=ORIENTATION_0
06-19 15:30:53.572  1265  2358 I vendor.qti.hardware.display.composer-service: FrameNotifyProcess Sensor: notify citsensorservice to trigger cwb
06-19 15:30:53.574  2018  3874 I libcitsensorservice@2.0-impl: msg_transfer
06-19 15:30:53.574  2018  3098 D vendor.xiaomi.sensor.citsensorservice@2.0-service: handle id:9 wxh:1280x2400 uwxuh:1080x2400 size: 9216000 fd:15 fd_meta:16 flags:0x4000228 usage:0x33  format:0x3 layer_count: 1
06-19 15:30:53.575  1265  1887 I SDM     : HWCSession::SetCWBOutputBuffer: CWB config passed by cwb_client : tappoint 1  CWB_ROI : (829.000000 4.000000 915.000000 90.000000)
06-19 15:30:53.576  2018  3127 D libsensor-displayalgo: the value of  brightness:438.000000,R:83162080.520815,G:83162080.520815,B:83162080.520815,EVENT_C:5977.000000,EVENT_R:2253.500000,EVENT_G:3078.500000,EVENT_B:1216.000000
06-19 15:30:53.576  2018  3127 I libsensor-displayalgo: the value of  Coef1:1107.681000,Coef4:2.383000, scale1:0.935522, scale4:0.923264
06-19 15:30:53.576  2018  3127 E libsensor-displayalgo: RGB_test_0407_400_oldzy!
06-19 15:30:53.576  2018  3127 I libsensor-displayalgo: the value of  RESULT3273.645540,1289.341055,1580.360370,594.091267
06-19 15:30:53.576  2018  3127 I libsensor-displayalgo: the value of  getChannelDataCalibrated3432.238635,1194.178335,1836.859462,648.410640
06-19 15:30:53.576  2018  3127 I libsensor-displayalgo: the value of  REAL LUX150.043686
06-19 15:30:53.576  2018  3127 I libsensor-displayalgo: the value of  CAL REAL LUX150.043686
06-19 15:30:53.580  1265 19627 I SDM     : HWCSession::ProcessRequests: Successfully configured CWB buffer.
06-19 15:30:53.604  1265 19627 I SDM     : HWCSession::ProcessRequests: Pushing release fence in fenece wait queue.
06-19 15:30:53.604  1265 19627 I SDM     : HWCSession::ProcessRequests: Creating AsyncFenceWaits async thread.
06-19 15:30:53.605  1265 19627 I SDM     : HWCSession::ProcessRequests: Remove current CWB request from the pending request queue.
06-19 15:30:53.605  1265 19627 I SDM     : HWCSession::ProcessRequests: No pending cwb requests found in the queue.
06-19 15:30:53.606  1265  1584 I SDM     : HWDeviceDRM::SetupConcurrentWriteback: Tear down the Concurrent Writeback topology
06-19 15:30:53.614  1265 19628 I SDM     : HWCSession::NotifyCWBStatus: Notify the client about buffer status 0.
06-19 15:30:53.614  1265 19628 I SDM     : HWCSession::PerformFenceWaits: Remove current release fence from the pending fence wait queue.
06-19 15:30:53.614  1265 19628 I SDM     : HWCSession::PerformFenceWaits: CWB fence queue is empty. No pending release fence to wait on.
06-19 15:30:53.667  2431  2893 I WindowManagerService: Physical orientation applied, rotation=0 sfOrientation=ORIENTATION_0
06-19 15:30:53.709  5405  9716 D SLM-SRV-SLAService: checktemp temperature = 37085 temperature_average = 36923 isPerformanceMode = false thermal_enable_slm = true
06-19 15:30:53.752  1930  1967 I mstatdaemon: Entering time loop
06-19 15:30:53.753  1930  1967 I mstatdaemon: t = 1687159853
06-19 15:30:53.753  1930  1967 I mstatdaemon: translated_t = 1371169853
06-19 15:30:53.753  1930  1967 I mstat_log: mstatcommitLog log_alloc() failed
06-19 15:30:53.767  2431  3921 I WindowManagerService: Physical orientation applied, rotation=0 sfOrientation=ORIENTATION_0
06-19 15:30:53.873  2431  2893 I WindowManagerService: Physical orientation applied, rotation=0 sfOrientation=ORIENTATION_0
06-19 15:30:53.874  2018  3127 D libsensor-displayalgo: the value of  brightness:438.000000,R:83162080.520815,G:83162080.520815,B:83162080.520815,EVENT_C:5958.500000,EVENT_R:2247.000000,EVENT_G:3069.000000,EVENT_B:1211.500000
06-19 15:30:53.874  2018  3127 I libsensor-displayalgo: the value of  Coef1:1107.681000,Coef4:2.383000, scale1:0.935522, scale4:0.923264
06-19 15:30:53.874  2018  3127 E libsensor-displayalgo: RGB_test_0407_400_oldzy!
06-19 15:30:53.875  2018  3127 I libsensor-displayalgo: the value of  RESULT3273.645540,1289.341055,1580.360370,594.091267
06-19 15:30:53.875  2018  3127 I libsensor-displayalgo: the value of  getChannelDataCalibrated3432.238635,1194.178335,1836.859462,648.410640
06-19 15:30:53.875  2018  3127 I libsensor-displayalgo: the value of  REAL LUX148.916428
06-19 15:30:53.875  2018  3127 I libsensor-displayalgo: the value of  CAL REAL LUX148.916428
06-19 15:30:53.878  1265  2358 I vendor.qti.hardware.display.composer-service: FrameNotifyProcess Sensor: notify citsensorservice to trigger cwb
06-19 15:30:53.878  2018  2111 I libcitsensorservice@2.0-impl: msg_transfer
06-19 15:30:53.878  2018  3098 D vendor.xiaomi.sensor.citsensorservice@2.0-service: handle id:9 wxh:1280x2400 uwxuh:1080x2400 size: 9216000 fd:15 fd_meta:16 flags:0x4000228 usage:0x33  format:0x3 layer_count: 1
06-19 15:30:53.879  1265  1887 I SDM     : HWCSession::SetCWBOutputBuffer: CWB config passed by cwb_client : tappoint 1  CWB_ROI : (829.000000 4.000000 915.000000 90.000000)
06-19 15:30:53.885  1265 19629 I SDM     : HWCSession::ProcessRequests: Successfully configured CWB buffer.
06-19 15:30:53.892  1265 19629 I SDM     : HWCSession::ProcessRequests: Pushing release fence in fenece wait queue.
06-19 15:30:53.892  1265 19629 I SDM     : HWCSession::ProcessRequests: Creating AsyncFenceWaits async thread.
06-19 15:30:53.894  1265  1584 I SDM     : HWDeviceDRM::SetupConcurrentWriteback: Tear down the Concurrent Writeback topology
06-19 15:30:53.894  1265 19629 I SDM     : HWCSession::ProcessRequests: Remove current CWB request from the pending request queue.
06-19 15:30:53.894  1265 19629 I SDM     : HWCSession::ProcessRequests: No pending cwb requests found in the queue.
06-19 15:30:53.907  1265 19630 I SDM     : HWCSession::NotifyCWBStatus: Notify the client about buffer status 0.
06-19 15:30:53.907  1265 19630 I SDM     : HWCSession::PerformFenceWaits: Remove current release fence from the pending fence wait queue.
06-19 15:30:53.907  1265 19630 I SDM     : HWCSession::PerformFenceWaits: CWB fence queue is empty. No pending release fence to wait on.
06-19 15:30:53.971  2431  2893 I WindowManagerService: Physical orientation applied, rotation=0 sfOrientation=ORIENTATION_0
06-19 15:30:54.070  5809 19469 I SafeBinderCall: onPositionChange binder cost:1
06-19 15:30:54.070  4233  4233 D MiPlayDetailViewModel: onPositionChange(): position = 4147
06-19 15:30:54.082  2431  2893 I WindowManagerService: Physical orientation applied, rotation=0 sfOrientation=ORIENTATION_0
06-19 15:30:54.175  2018  3127 D libsensor-displayalgo: the value of  brightness:438.000000,R:83162080.520815,G:83162080.520815,B:83162080.520815,EVENT_C:5977.500000,EVENT_R:2252.500000,EVENT_G:3080.500000,EVENT_B:1215.500000
06-19 15:30:54.175  2018  3127 I libsensor-displayalgo: the value of  Coef1:1107.681000,Coef4:2.383000, scale1:0.935522, scale4:0.923264
06-19 15:30:54.175  2018  3127 E libsensor-displayalgo: RGB_test_0407_400_oldzy!
06-19 15:30:54.176  2018  3127 I libsensor-displayalgo: the value of  RESULT3273.645540,1289.341055,1580.360370,594.091267
06-19 15:30:54.176  2018  3127 I libsensor-displayalgo: the value of  getChannelDataCalibrated3432.238635,1194.178335,1836.859462,648.410640
06-19 15:30:54.176  2018  3127 I libsensor-displayalgo: the value of  REAL LUX150.248291
06-19 15:30:54.176  2018  3127 I libsensor-displayalgo: the value of  CAL REAL LUX150.248291
06-19 15:30:54.182  1265  2358 I vendor.qti.hardware.display.composer-service: FrameNotifyProcess Sensor: notify citsensorservice to trigger cwb
06-19 15:30:54.182  2018  2108 I libcitsensorservice@2.0-impl: msg_transfer
06-19 15:30:54.183  2018  3098 D vendor.xiaomi.sensor.citsensorservice@2.0-service: handle id:9 wxh:1280x2400 uwxuh:1080x2400 size: 9216000 fd:15 fd_meta:16 flags:0x4000228 usage:0x33  format:0x3 layer_count: 1
06-19 15:30:54.183  1265  1887 I SDM     : HWCSession::SetCWBOutputBuffer: CWB config passed by cwb_client : tappoint 1  CWB_ROI : (829.000000 4.000000 915.000000 90.000000)
06-19 15:30:54.185  2431  3921 I WindowManagerService: Physical orientation applied, rotation=0 sfOrientation=ORIENTATION_0
06-19 15:30:54.190  1265 19631 I SDM     : HWCSession::ProcessRequests: Successfully configured CWB buffer.
06-19 15:30:54.197  1265 19631 I SDM     : HWCSession::ProcessRequests: Pushing release fence in fenece wait queue.
06-19 15:30:54.197  1265 19631 I SDM     : HWCSession::ProcessRequests: Creating AsyncFenceWaits async thread.
06-19 15:30:54.198  1265  1584 I SDM     : HWDeviceDRM::SetupConcurrentWriteback: Tear down the Concurrent Writeback topology
06-19 15:30:54.199  1265 19631 I SDM     : HWCSession::ProcessRequests: Remove current CWB request from the pending request queue.
06-19 15:30:54.199  1265 19631 I SDM     : HWCSession::ProcessRequests: No pending cwb requests found in the queue.
06-19 15:30:54.212  1265 19632 I SDM     : HWCSession::NotifyCWBStatus: Notify the client about buffer status 0.
06-19 15:30:54.212  1265 19632 I SDM     : HWCSession::PerformFenceWaits: Remove current release fence from the pending fence wait queue.
06-19 15:30:54.212  1265 19632 I SDM     : HWCSession::PerformFenceWaits: CWB fence queue is empty. No pending release fence to wait on.
06-19 15:30:54.230  5858  6965 D UidObserver: onUidIdle uid=10259 uidstate=100
06-19 15:30:54.284  2431  3921 I WindowManagerService: Physical orientation applied, rotation=0 sfOrientation=ORIENTATION_0
06-19 15:30:54.391  2431  2893 I WindowManagerService: Physical orientation applied, rotation=0 sfOrientation=ORIENTATION_0
06-19 15:30:54.437 18314 18346 I appium  : channel read: POST /wd/hub/session/8633e78e-8843-4302-b64a-1114a55d82dc/element
06-19 15:30:54.440 18314 18346 I appium  : FindElement command
06-19 15:30:54.448 18314 18346 I appium  : method: 'id', selector: 'cn.missevan:id/sound_title'
06-19 15:30:54.449 18314 18346 I appium  : Waiting up to 100ms for the device to idle
06-19 15:30:54.474  2018  3127 D libsensor-displayalgo: the value of  brightness:438.000000,R:83162080.520815,G:83162080.520815,B:83162080.520815,EVENT_C:5970.500000,EVENT_R:2251.000000,EVENT_G:3074.000000,EVENT_B:1215.000000
06-19 15:30:54.474  2018  3127 I libsensor-displayalgo: the value of  Coef1:1107.681000,Coef4:2.383000, scale1:0.935522, scale4:0.923264
06-19 15:30:54.474  2018  3127 E libsensor-displayalgo: RGB_test_0407_400_oldzy!
06-19 15:30:54.474  2018  3127 I libsensor-displayalgo: the value of  RESULT3273.645540,1289.341055,1580.360370,594.091267
06-19 15:30:54.474  2018  3127 I libsensor-displayalgo: the value of  getChannelDataCalibrated3432.238635,1194.178335,1836.859462,648.410640
06-19 15:30:54.474  2018  3127 I libsensor-displayalgo: the value of  REAL LUX149.555679
06-19 15:30:54.474  2018  3127 I libsensor-displayalgo: the value of  CAL REAL LUX149.555679
06-19 15:30:54.486  1265  2358 I vendor.qti.hardware.display.composer-service: FrameNotifyProcess Sensor: notify citsensorservice to trigger cwb
06-19 15:30:54.486  2018  2018 I libcitsensorservice@2.0-impl: msg_transfer
06-19 15:30:54.486  2018  3098 D vendor.xiaomi.sensor.citsensorservice@2.0-service: handle id:9 wxh:1280x2400 uwxuh:1080x2400 size: 9216000 fd:15 fd_meta:16 flags:0x4000228 usage:0x33  format:0x3 layer_count: 1
06-19 15:30:54.486  1265  1887 I SDM     : HWCSession::SetCWBOutputBuffer: CWB config passed by cwb_client : tappoint 1  CWB_ROI : (829.000000 4.000000 915.000000 90.000000)
06-19 15:30:54.493  1265 19633 I SDM     : HWCSession::ProcessRequests: Successfully configured CWB buffer.
06-19 15:30:54.495  2431  2893 I WindowManagerService: Physical orientation applied, rotation=0 sfOrientation=ORIENTATION_0
06-19 15:30:54.501  1265 19633 I SDM     : HWCSession::ProcessRequests: Pushing release fence in fenece wait queue.
06-19 15:30:54.501  1265 19633 I SDM     : HWCSession::ProcessRequests: Creating AsyncFenceWaits async thread.
06-19 15:30:54.502  1265 19633 I SDM     : HWCSession::ProcessRequests: Remove current CWB request from the pending request queue.
06-19 15:30:54.502  1265 19633 I SDM     : HWCSession::ProcessRequests: No pending cwb requests found in the queue.
06-19 15:30:54.503  1265  1584 I SDM     : HWDeviceDRM::SetupConcurrentWriteback: Tear down the Concurrent Writeback topology
06-19 15:30:54.516  1265 19634 I SDM     : HWCSession::NotifyCWBStatus: Notify the client about buffer status 0.
06-19 15:30:54.516  1265 19634 I SDM     : HWCSession::PerformFenceWaits: Remove current release fence from the pending fence wait queue.
06-19 15:30:54.516  1265 19634 I SDM     : HWCSession::PerformFenceWaits: CWB fence queue is empty. No pending release fence to wait on.
06-19 15:30:54.563 18314 18346 W QueryController: Could not detect idle state.
06-19 15:30:54.597  2431  2893 I WindowManagerService: Physical orientation applied, rotation=0 sfOrientation=ORIENTATION_0
06-19 15:30:54.700  2431  2893 I WindowManagerService: Physical orientation applied, rotation=0 sfOrientation=ORIENTATION_0
06-19 15:30:54.736 18314 18346 I appium  : AppiumResponse: {"sessionId":"8633e78e-8843-4302-b64a-1114a55d82dc","value":{"ELEMENT":"00000000-0000-055d-ffff-ffff00000cb4","element-6066-11e4-a52e-4f735466cecf":"00000000-0000-055d-ffff-ffff00000cb4"}}
06-19 15:30:54.776  2018  3127 D libsensor-displayalgo: the value of  brightness:438.000000,R:83162080.520815,G:83162080.520815,B:83162080.520815,EVENT_C:5983.500000,EVENT_R:2255.500000,EVENT_G:3084.000000,EVENT_B:1217.000000
06-19 15:30:54.777  2018  3127 I libsensor-displayalgo: the value of  Coef1:1107.681000,Coef4:2.383000, scale1:0.935522, scale4:0.923264
06-19 15:30:54.777  2018  3127 E libsensor-displayalgo: RGB_test_0407_400_oldzy!
06-19 15:30:54.777  2018  3127 I libsensor-displayalgo: the value of  RESULT3273.645540,1289.341055,1580.360370,594.091267
06-19 15:30:54.777  2018  3127 I libsensor-displayalgo: the value of  getChannelDataCalibrated3432.238635,1194.178335,1836.859462,648.410640
06-19 15:30:54.777  2018  3127 I libsensor-displayalgo: the value of  REAL LUX150.596039
06-19 15:30:54.777  2018  3127 I libsensor-displayalgo: the value of  CAL REAL LUX150.596039
06-19 15:30:54.781 18314 18346 I appium  : channel read: GET /wd/hub/session/8633e78e-8843-4302-b64a-1114a55d82dc/element/00000000-0000-055d-ffff-ffff00000cb4/text
06-19 15:30:54.786 18314 18346 I appium  : GetText command
06-19 15:30:54.790  1265  2358 I vendor.qti.hardware.display.composer-service: FrameNotifyProcess Sensor: notify citsensorservice to trigger cwb
06-19 15:30:54.791  2018  2111 I libcitsensorservice@2.0-impl: msg_transfer
06-19 15:30:54.791  2018  3098 D vendor.xiaomi.sensor.citsensorservice@2.0-service: handle id:9 wxh:1280x2400 uwxuh:1080x2400 size: 9216000 fd:15 fd_meta:16 flags:0x4000228 usage:0x33  format:0x3 layer_count: 1
06-19 15:30:54.791  1265  1887 I SDM     : HWCSession::SetCWBOutputBuffer: CWB config passed by cwb_client : tappoint 1  CWB_ROI : (829.000000 4.000000 915.000000 90.000000)
06-19 15:30:54.797  1265 19635 I SDM     : HWCSession::ProcessRequests: Successfully configured CWB buffer.
06-19 15:30:54.800  2431  2893 I WindowManagerService: Physical orientation applied, rotation=0 sfOrientation=ORIENTATION_0
06-19 15:30:54.806  1265 19635 I SDM     : HWCSession::ProcessRequests: Pushing release fence in fenece wait queue.
06-19 15:30:54.806  1265 19635 I SDM     : HWCSession::ProcessRequests: Creating AsyncFenceWaits async thread.
06-19 15:30:54.806  1265 19635 I SDM     : HWCSession::ProcessRequests: Remove current CWB request from the pending request queue.
06-19 15:30:54.806  1265 19635 I SDM     : HWCSession::ProcessRequests: No pending cwb requests found in the queue.
06-19 15:30:54.807  1265  1584 I SDM     : HWDeviceDRM::SetupConcurrentWriteback: Tear down the Concurrent Writeback topology
06-19 15:30:54.820  1265 19636 I SDM     : HWCSession::NotifyCWBStatus: Notify the client about buffer status 0.
06-19 15:30:54.821  1265 19636 I SDM     : HWCSession::PerformFenceWaits: Remove current release fence from the pending fence wait queue.
06-19 15:30:54.821  1265 19636 I SDM     : HWCSession::PerformFenceWaits: CWB fence queue is empty. No pending release fence to wait on.
06-19 15:30:54.910  2431  2893 I WindowManagerService: Physical orientation applied, rotation=0 sfOrientation=ORIENTATION_0
06-19 15:30:54.974 18314 18346 W QueryController: Could not detect idle state.
06-19 15:30:55.008  2431  2893 I WindowManagerService: Physical orientation applied, rotation=0 sfOrientation=ORIENTATION_0
06-19 15:30:55.070  4233  4233 D MiPlayDetailViewModel: onPositionChange(): position = 5147
06-19 15:30:55.070  5809 19469 I SafeBinderCall: onPositionChange binder cost:1
06-19 15:30:55.075  2018  3127 D libsensor-displayalgo: the value of  brightness:438.000000,R:83162080.520815,G:83162080.520815,B:83162080.520815,EVENT_C:5968.500000,EVENT_R:2253.000000,EVENT_G:3075.500000,EVENT_B:1214.500000
06-19 15:30:55.075  2018  3127 I libsensor-displayalgo: the value of  Coef1:1107.681000,Coef4:2.383000, scale1:0.935522, scale4:0.923264
06-19 15:30:55.075  2018  3127 E libsensor-displayalgo: RGB_test_0407_400_oldzy!
06-19 15:30:55.075  2018  3127 I libsensor-displayalgo: the value of  RESULT3273.645540,1289.341055,1580.360370,594.091267
06-19 15:30:55.075  2018  3127 I libsensor-displayalgo: the value of  getChannelDataCalibrated3432.238635,1194.178335,1836.859462,648.410640
06-19 15:30:55.075  2018  3127 I libsensor-displayalgo: the value of  REAL LUX149.447983
06-19 15:30:55.075  2018  3127 I libsensor-displayalgo: the value of  CAL REAL LUX149.447983
06-19 15:30:55.085 18314 18346 W QueryController: Could not detect idle state.
06-19 15:30:55.093 18314 18346 I appium  : AppiumResponse: {"sessionId":"8633e78e-8843-4302-b64a-1114a55d82dc","value":" "}
06-19 15:30:55.094  1265  2358 I vendor.qti.hardware.display.composer-service: FrameNotifyProcess Sensor: notify citsensorservice to trigger cwb
06-19 15:30:55.095  2018  2018 I libcitsensorservice@2.0-impl: msg_transfer
06-19 15:30:55.095  2018  3098 D vendor.xiaomi.sensor.citsensorservice@2.0-service: handle id:9 wxh:1280x2400 uwxuh:1080x2400 size: 9216000 fd:15 fd_meta:16 flags:0x4000228 usage:0x33  format:0x3 layer_count: 1
06-19 15:30:55.096  1265  1887 I SDM     : HWCSession::SetCWBOutputBuffer: CWB config passed by cwb_client : tappoint 1  CWB_ROI : (829.000000 4.000000 915.000000 90.000000)
06-19 15:30:55.106  2431  2893 I WindowManagerService: Physical orientation applied, rotation=0 sfOrientation=ORIENTATION_0
06-19 15:30:55.110 18314 18346 I appium  : channel read: POST /wd/hub/session/8633e78e-8843-4302-b64a-1114a55d82dc/element
06-19 15:30:55.110 18314 18346 I appium  : FindElement command
06-19 15:30:55.110  1265 19637 I SDM     : HWCSession::ProcessRequests: Successfully configured CWB buffer.
06-19 15:30:55.112 18314 18346 I appium  : method: 'id', selector: 'cn.missevan:id/previous'
06-19 15:30:55.112 18314 18346 I appium  : Waiting up to 100ms for the device to idle
06-19 15:30:55.121  2431  2893 I WindowManagerService: Physical orientation applied, rotation=0 sfOrientation=ORIENTATION_0
06-19 15:30:55.126  1265 19637 I SDM     : HWCSession::ProcessRequests: Pushing release fence in fenece wait queue.
06-19 15:30:55.126  1265 19637 I SDM     : HWCSession::ProcessRequests: Creating AsyncFenceWaits async thread.
06-19 15:30:55.127  1265 19637 I SDM     : HWCSession::ProcessRequests: Remove current CWB request from the pending request queue.
06-19 15:30:55.127  1265 19637 I SDM     : HWCSession::ProcessRequests: No pending cwb requests found in the queue.
06-19 15:30:55.128  1265  1584 I SDM     : HWDeviceDRM::SetupConcurrentWriteback: Tear down the Concurrent Writeback topology
06-19 15:30:55.136  1265 19638 I SDM     : HWCSession::NotifyCWBStatus: Notify the client about buffer status 0.
06-19 15:30:55.136  1265 19638 I SDM     : HWCSession::PerformFenceWaits: Remove current release fence from the pending fence wait queue.
06-19 15:30:55.136  1265 19638 I SDM     : HWCSession::PerformFenceWaits: CWB fence queue is empty. No pending release fence to wait on.
06-19 15:30:55.217  2431  2893 I WindowManagerService: Physical orientation applied, rotation=0 sfOrientation=ORIENTATION_0
06-19 15:30:55.276 18314 18346 W QueryController: Could not detect idle state.
06-19 15:30:55.312  2431  2893 I WindowManagerService: Physical orientation applied, rotation=0 sfOrientation=ORIENTATION_0
06-19 15:30:55.376  2018  3127 D libsensor-displayalgo: the value of  brightness:438.000000,R:83162080.520815,G:83162080.520815,B:83162080.520815,EVENT_C:5979.000000,EVENT_R:2255.500000,EVENT_G:3079.000000,EVENT_B:1217.000000
06-19 15:30:55.376  2018  3127 I libsensor-displayalgo: the value of  Coef1:1107.681000,Coef4:2.383000, scale1:0.935522, scale4:0.923264
06-19 15:30:55.376  2018  3127 E libsensor-displayalgo: RGB_test_0407_400_oldzy!
06-19 15:30:55.376  2018  3127 I libsensor-displayalgo: the value of  RESULT3273.645540,1289.341055,1580.360370,594.091267
06-19 15:30:55.376  2018  3127 I libsensor-displayalgo: the value of  getChannelDataCalibrated3432.238635,1194.178335,1836.859462,648.410640
06-19 15:30:55.376  2018  3127 I libsensor-displayalgo: the value of  REAL LUX150.050964
06-19 15:30:55.376  2018  3127 I libsensor-displayalgo: the value of  CAL REAL LUX150.050964
06-19 15:30:55.396  1265  2358 I vendor.qti.hardware.display.composer-service: FrameNotifyProcess Sensor: notify citsensorservice to trigger cwb
06-19 15:30:55.397  2018  2108 I libcitsensorservice@2.0-impl: msg_transfer
06-19 15:30:55.397  2018  3098 D vendor.xiaomi.sensor.citsensorservice@2.0-service: handle id:9 wxh:1280x2400 uwxuh:1080x2400 size: 9216000 fd:15 fd_meta:16 flags:0x4000228 usage:0x33  format:0x3 layer_count: 1
06-19 15:30:55.397  1265  1887 I SDM     : HWCSession::SetCWBOutputBuffer: CWB config passed by cwb_client : tappoint 1  CWB_ROI : (829.000000 4.000000 915.000000 90.000000)
06-19 15:30:55.399  1265 19639 I SDM     : HWCSession::ProcessRequests: Successfully configured CWB buffer.
06-19 15:30:55.408  1265 19639 I SDM     : HWCSession::ProcessRequests: Pushing release fence in fenece wait queue.
06-19 15:30:55.409  1265 19639 I SDM     : HWCSession::ProcessRequests: Creating AsyncFenceWaits async thread.
06-19 15:30:55.409  1265 19639 I SDM     : HWCSession::ProcessRequests: Remove current CWB request from the pending request queue.
06-19 15:30:55.409  1265 19639 I SDM     : HWCSession::ProcessRequests: No pending cwb requests found in the queue.
06-19 15:30:55.410  2431  3921 I WindowManagerService: Physical orientation applied, rotation=0 sfOrientation=ORIENTATION_0
06-19 15:30:55.414  1265  1584 I SDM     : HWDeviceDRM::SetupConcurrentWriteback: Tear down the Concurrent Writeback topology
06-19 15:30:55.421  1265 19640 I SDM     : HWCSession::NotifyCWBStatus: Notify the client about buffer status 0.
06-19 15:30:55.421  1265 19640 I SDM     : HWCSession::PerformFenceWaits: Remove current release fence from the pending fence wait queue.
06-19 15:30:55.421  1265 19640 I SDM     : HWCSession::PerformFenceWaits: CWB fence queue is empty. No pending release fence to wait on.
06-19 15:30:55.517  2431  2893 I WindowManagerService: Physical orientation applied, rotation=0 sfOrientation=ORIENTATION_0
06-19 15:30:55.525 18314 18346 I appium  : AppiumResponse: {"sessionId":"8633e78e-8843-4302-b64a-1114a55d82dc","value":{"ELEMENT":"00000000-0000-055d-ffff-ffff00000d30","element-6066-11e4-a52e-4f735466cecf":"00000000-0000-055d-ffff-ffff00000d30"}}
06-19 15:30:55.551 18314 18346 I appium  : channel read: POST /wd/hub/session/8633e78e-8843-4302-b64a-1114a55d82dc/element/00000000-0000-055d-ffff-ffff00000d30/click
06-19 15:30:55.554 18314 18346 I appium  : Click command
06-19 15:30:55.620  2431  2893 I WindowManagerService: Physical orientation applied, rotation=0 sfOrientation=ORIENTATION_0
06-19 15:30:55.668 18549 19468 D AudioTrack: [audioTrackData][fine] 20s(f:20042 m:231 s:159 k:0) : pid 18549 uid 10494 sessionId 1441 sr 44100 ch 2 fmt 1
06-19 15:30:55.674  2018  3127 D libsensor-displayalgo: the value of  brightness:438.000000,R:83162080.520815,G:83162080.520815,B:83162080.520815,EVENT_C:5972.500000,EVENT_R:2252.500000,EVENT_G:3078.500000,EVENT_B:1215.500000
06-19 15:30:55.674  2018  3127 I libsensor-displayalgo: the value of  Coef1:1107.681000,Coef4:2.383000, scale1:0.935522, scale4:0.923264
06-19 15:30:55.674  2018  3127 E libsensor-displayalgo: RGB_test_0407_400_oldzy!
06-19 15:30:55.674  2018  3127 I libsensor-displayalgo: the value of  RESULT3273.645540,1289.341055,1580.360370,594.091267
06-19 15:30:55.674  2018  3127 I libsensor-displayalgo: the value of  getChannelDataCalibrated3432.238635,1194.178335,1836.859462,648.410640
06-19 15:30:55.674  2018  3127 I libsensor-displayalgo: the value of  REAL LUX149.804398
06-19 15:30:55.674  2018  3127 I libsensor-displayalgo: the value of  CAL REAL LUX149.804398
06-19 15:30:55.686 18314 18346 W QueryController: Could not detect idle state.
06-19 15:30:55.701  1265  2358 I vendor.qti.hardware.display.composer-service: FrameNotifyProcess Sensor: notify citsensorservice to trigger cwb
06-19 15:30:55.701  2018  2111 I libcitsensorservice@2.0-impl: msg_transfer
06-19 15:30:55.702  2018  3098 D vendor.xiaomi.sensor.citsensorservice@2.0-service: handle id:9 wxh:1280x2400 uwxuh:1080x2400 size: 9216000 fd:15 fd_meta:16 flags:0x4000228 usage:0x33  format:0x3 layer_count: 1
06-19 15:30:55.703  1265  1887 I SDM     : HWCSession::SetCWBOutputBuffer: CWB config passed by cwb_client : tappoint 1  CWB_ROI : (829.000000 4.000000 915.000000 90.000000)
06-19 15:30:55.709  1265 19641 I SDM     : HWCSession::ProcessRequests: Successfully configured CWB buffer.
06-19 15:30:55.714  1265 19641 I SDM     : HWCSession::ProcessRequests: Pushing release fence in fenece wait queue.
06-19 15:30:55.714  1265 19641 I SDM     : HWCSession::ProcessRequests: Creating AsyncFenceWaits async thread.
06-19 15:30:55.715  1265 19641 I SDM     : HWCSession::ProcessRequests: Remove current CWB request from the pending request queue.
06-19 15:30:55.715  1265 19641 I SDM     : HWCSession::ProcessRequests: No pending cwb requests found in the queue.
06-19 15:30:55.717  2431  3921 I WindowManagerService: Physical orientation applied, rotation=0 sfOrientation=ORIENTATION_0
06-19 15:30:55.719  1265  1584 I SDM     : HWDeviceDRM::SetupConcurrentWriteback: Tear down the Concurrent Writeback topology
06-19 15:30:55.725  1265 19642 I SDM     : HWCSession::NotifyCWBStatus: Notify the client about buffer status 0.
06-19 15:30:55.726  1265 19642 I SDM     : HWCSession::PerformFenceWaits: Remove current release fence from the pending fence wait queue.
06-19 15:30:55.726  1265 19642 I SDM     : HWCSession::PerformFenceWaits: CWB fence queue is empty. No pending release fence to wait on.
06-19 15:30:55.826  2431  3921 I WindowManagerService: Physical orientation applied, rotation=0 sfOrientation=ORIENTATION_0
06-19 15:30:55.878 18314 18346 W QueryController: Could not detect idle state.
06-19 15:30:55.907  2431  3921 D MIUIInput: Input event injection from pid 18299, MotionEvent: DOWN
06-19 15:30:55.908  2431  2938 D MIUIInput: [MotionEvent] publisher action=0x4, 352840499, channel '7c87e50 NavigationBar0 (server)'
06-19 15:30:55.909  2431  2938 D MIUIInput: [MotionEvent] publisher action=0x0, 352840499, channel '5cbb1a1 cn.missevan/cn.missevan.activity.MainActivity (server)'
06-19 15:30:55.909  1408  2343 D RefreshRateConfigs: TouchBoost - choose 120.00fps
06-19 15:30:55.914 18375 18375 D MIUIInput: [MotionEvent] ViewRootImpl windowName 'cn.missevan/cn.missevan.activity.MainActivity', { action=ACTION_DOWN, id[0]=0, pointerCount=1, eventTime=352840499, downTime=352840498, phoneEventTime=15:30:55.899 } moveCount:0
06-19 15:30:55.922  2431  2893 I WindowManagerService: Physical orientation applied, rotation=0 sfOrientation=ORIENTATION_0
06-19 15:30:55.924  2431  3921 D MIUIInput: Input event injection from pid 18299, MotionEvent: UP
06-19 15:30:55.925  2431  2938 D MIUIInput: [MotionEvent] publisher action=0x1, 352840499, channel '5cbb1a1 cn.missevan/cn.missevan.activity.MainActivity (server)'
06-19 15:30:55.927 18375 18375 D MIUIInput: [MotionEvent] ViewRootImpl windowName 'cn.missevan/cn.missevan.activity.MainActivity', { action=ACTION_UP, id[0]=0, pointerCount=1, eventTime=352840499, downTime=352840498, phoneEventTime=15:30:55.899 } moveCount:0
06-19 15:30:55.937  2431  2893 I MediaFocusControl: abandonAudioFocus() from uid/pid 10494/18549 clientId=android.media.AudioManager@a7fa006cn.missevan.lib.utils.AudioFocusManager@5bd26c7
06-19 15:30:55.939 18549 18549 I @@@BBPLOG: Info T847DE4F8 CPlayMain L367 Set audio track usage: 2
06-19 15:30:55.940 18314 18346 I appium  : Waiting up to 100ms for the device to idle
06-19 15:30:55.941  2431  3921 W InputManager-JNI: Input channel object '71d8035 PopupWindow:8b83a15 (client)' was disposed without first being removed with the input manager!
06-19 15:30:55.946 18549 18549 I @@@BBPLOG: Info T847DE4F8 CDataLog L134 CreateOverview, play total time: 6107
06-19 15:30:55.973  2018  3127 D libsensor-displayalgo: the value of  brightness:438.000000,R:83162080.520815,G:83162080.520815,B:83162080.520815,EVENT_C:5981.500000,EVENT_R:2258.500000,EVENT_G:3081.000000,EVENT_B:1217.500000
06-19 15:30:55.973  2018  3127 I libsensor-displayalgo: the value of  Coef1:1107.681000,Coef4:2.383000, scale1:0.935522, scale4:0.923264
06-19 15:30:55.974  2018  3127 E libsensor-displayalgo: RGB_test_0407_400_oldzy!
06-19 15:30:55.974  2018  3127 I libsensor-displayalgo: the value of  RESULT3273.645540,1289.341055,1580.360370,594.091267
06-19 15:30:55.974  2018  3127 I libsensor-displayalgo: the value of  getChannelDataCalibrated3432.238635,1194.178335,1836.859462,648.410640
06-19 15:30:55.974  2018  3127 I libsensor-displayalgo: the value of  REAL LUX150.164642
06-19 15:30:55.974  2018  3127 I libsensor-displayalgo: the value of  CAL REAL LUX150.164642
06-19 15:30:56.000 18549 18549 I @@@BBPLOG: Info T847DE4F8 CPlayMain L283 The Session UUID: 439aa7c0-0185-492f-aa0e-fdf3a2583c7e
06-19 15:30:56.001 18549 18549 I @@@BBPLOG: Info T847DE4F8 bbPlayer L143 Open source: http://cn-hbyc-ct-02-02.bilivideo.com/mefmxcodeboss/aod/202011/07/749a44ed0e4b2c0ccb9c960e94035c5a104613-128k.m4a?e=ig8euxZM2rNcNbdlhoNvNC8BqJIzNbfqXBvEuENvNC8aNEVEtEvE9IMvXBvE2ENvNCImNEVEIj0Y2J_aug859r1qXg8xNEVE5XREto8GuFGv2U7SuxI72X6fTr859IB_&uipk=5&nbs=1&deadline=1687167041&gen=playurlv2&os=bcache&oi=3729190097&trid=0000429c0a6c40df489bbbb788369cb188b1B&mid=0&platform=android&upsig=4cb1c5c7b6bef399560b1da8cfc2965a&uparams=e,uipk,nbs,deadline,gen,os,oi,trid,mid,platform&cdnid=7270&bvc=vod&nettype=0&orderid=0,1&logo=00000000
06-19 15:30:56.007  1265  2358 I vendor.qti.hardware.display.composer-service: FrameNotifyProcess Sensor: notify citsensorservice to trigger cwb
06-19 15:30:56.008  2018  2018 I libcitsensorservice@2.0-impl: msg_transfer
06-19 15:30:56.008  2018  3098 D vendor.xiaomi.sensor.citsensorservice@2.0-service: handle id:9 wxh:1280x2400 uwxuh:1080x2400 size: 9216000 fd:15 fd_meta:16 flags:0x4000228 usage:0x33  format:0x3 layer_count: 1
06-19 15:30:56.009  1265  1887 I SDM     : HWCSession::SetCWBOutputBuffer: CWB config passed by cwb_client : tappoint 1  CWB_ROI : (829.000000 4.000000 915.000000 90.000000)
06-19 15:30:56.009 18549 18745 I @@@BBPLOG: Info TAA2D1CB0 CPlayMain L707 Open task cache enable
06-19 15:30:56.009  1265 19643 I SDM     : HWCSession::ProcessRequests: Successfully configured CWB buffer.
06-19 15:30:56.016  1265 19643 I SDM     : HWCSession::ProcessRequests: Pushing release fence in fenece wait queue.
06-19 15:30:56.018  1265 19643 I SDM     : HWCSession::ProcessRequests: Creating AsyncFenceWaits async thread.
06-19 15:30:56.018  8770  8973 V Avrcp_ext: onMetadataChanged
06-19 15:30:56.019  1265 19643 I SDM     : HWCSession::ProcessRequests: Remove current CWB request from the pending request queue.
06-19 15:30:56.019  1265 19643 I SDM     : HWCSession::ProcessRequests: No pending cwb requests found in the queue.
06-19 15:30:56.020  8770  8973 V Avrcp_ext: updateCurrentMediaState: mMediaController: MediaController (cn.missevan@68d546b)  | , null, null
06-19 15:30:56.020  8770  8973 V Avrcp_ext: updateCurrentMediaState: isPlaying = false
06-19 15:30:56.020  8770  8973 W Avrcp_ext: isMusicActive: true getBluetoothPlayState: 1 A2dp State: 11 mAudioPlaybackIsActive: true
06-19 15:30:56.020  5809  5809 I Cir_Miplay_ActiveAudioSessionManager: dispatchTopActiveSessionChangeCallbackLocked, size:1
06-19 15:30:56.021 18549 18745 I @@@BBPLOG: Info TAA2D1CB0 CFileSrc L53 Open url: http://cn-hbyc-ct-02-02.bilivideo.com/mefmxcodeboss/aod/202011/07/749a44ed0e4b2c0ccb9c960e94035c5a104613-128k.m4a?e=ig8euxZM2rNcNbdlhoNvNC8BqJIzNbfqXBvEuENvNC8aNEVEtEvE9IMvXBvE2ENvNCImNEVEIj0Y2J_aug859r1qXg8xNEVE5XREto8GuFGv2U7SuxI72X6fTr859IB_&uipk=5&nbs=1&deadline=1687167041&gen=playurlv2&os=bcache&oi=3729190097&trid=0000429c0a6c40df489bbbb788369cb188b1B&mid=0&platform=android&upsig=4cb1c5c7b6bef399560b1da8cfc2965a&uparams=e,uipk,nbs,deadline,gen,os,oi,trid,mid,platform&cdnid=7270&bvc=vod&nettype=0&orderid=0,1&logo=00000000, flag: 0x1000
06-19 15:30:56.022  8770  8973 D Avrcp_ext: isMusicActive = true mAudioPlaybackIsActive = true player state = PlaybackState {state=3, position=6099, buffered position=0, speed=1.0, updated=448429624, actions=894, custom actions=[], active item id=-1, error=null}
06-19 15:30:56.022  5809  5809 I Cir_Miplay_MiPlayAudioService: onTopActiveSessionChange, cn.missevan
06-19 15:30:56.022  5809  5809 I Cir_Miplay_MiPlayAudioService: topActiveSessionChange appId:cn.missevan
06-19 15:30:56.022  5809  5809 I Cir_Miplay_MiPlayAudioStatUtils: recordPackageName:cn.missevan
06-19 15:30:56.022  5809  5809 I Cir_Miplay_MiPlayAudioStatUtils: packageNameEquals.
