06-19 16:12:14.162  1265 29887 I SDM     : HWCSession::ProcessRequests: Remove current CWB request from the pending request queue.
06-19 16:12:14.163  1265 29887 I SDM     : HWCSession::ProcessRequests: No pending cwb requests found in the queue.
06-19 16:12:14.164  1265  1584 I SDM     : HWDeviceDRM::SetupConcurrentWriteback: Tear down the Concurrent Writeback topology
06-19 16:12:14.170  1265 29888 I SDM     : HWCSession::NotifyCWBStatus: Notify the client about buffer status 0.
06-19 16:12:14.171  2431  3921 W InputManager-JNI: Input channel object '6285641 cn.missevan/cn.missevan.activity.MainActivity (client)' was disposed without first being removed with the input manager!
06-19 16:12:14.172  1309  1309 D SRE     : sensorCallback mDisplayId = 0 dataCallback value=< 141.6825, 163.6600, 438.0000>,time=450907773586826, sensor=5, temperature(K)= 163.6600
06-19 16:12:14.173  1309  1309 D SRE     : setSREStrength mDisplayId = 0, mLastLux = 113, lux = 141, mSREEnabled = 1, mLastFreezeStatus = 0, freeze = 0
06-19 16:12:14.177  1265 29888 I SDM     : HWCSession::PerformFenceWaits: Remove current release fence from the pending fence wait queue.
06-19 16:12:14.177  1265 29888 I SDM     : HWCSession::PerformFenceWaits: CWB fence queue is empty. No pending release fence to wait on.
06-19 16:12:14.193 28036 28074 W QueryController: Could not detect idle state.
06-19 16:12:14.194 28036 28074 I appium  : The following attributes will be included to the page source: [class]
06-19 16:12:14.226  2431  3921 I WindowManagerService: Physical orientation applied, rotation=0 sfOrientation=ORIENTATION_0
06-19 16:12:14.242 28105 28105 D DecorView[MainActivity]: onWindowFocusChanged hasWindowFocus true
06-19 16:12:14.243 28105 28105 I HandWritingStubImpl: isKeyboardTypeChanged: false
06-19 16:12:14.243 28105 28105 I HandWritingStubImpl: refreshLastKeyboardType: 1
06-19 16:12:14.243 28105 28105 I HandWritingStubImpl: getCurrentKeyboardType: 1
06-19 16:12:14.250 13581 13581 E BaseInputMethodService: onFinishInput
06-19 16:12:14.250 13581 13581 E BaseInputMethodService: onStartInput
06-19 16:12:14.254 28105 28105 I HandWritingStubImpl: isKeyboardTypeChanged: false
06-19 16:12:14.266 28036 28074 I appium  : The child node #1 of android.view.accessibility.AccessibilityNodeInfo@2ceb07; boundsInParent: Rect(0, 0 - 1080, 956); boundsInScreen: Rect(0, 220 - 1080, 1176); packageName: cn.missevan; className: android.widget.FrameLayout; text: null; error: null; maxTextLength: -1; stateDescription: null; contentDescription: null; tooltipText: null; viewIdResName: cn.missevan:id/danmakuView; checkable: false; checked: false; focusable: false; focused: false; selected: false; clickable: false; longClickable: false; contextClickable: false; enabled: true; password: false; scrollable: false; importantForAccessibility: false; visible: true; actions: [AccessibilityAction: ACTION_SELECT - null, AccessibilityAction: ACTION_CLEAR_SELECTION - null, AccessibilityAction: ACTION_ACCESSIBILITY_FOCUS - null, AccessibilityAction: ACTION_SHOW_ON_SCREEN - null] is null
06-19 16:12:14.322  4233  4233 D MiPlayDetailViewModel: onPositionChange(): position = 18796
06-19 16:12:14.322  5809 29737 I SafeBinderCall: onPositionChange binder cost:1
06-19 16:12:14.372 28036 28074 I appium  : Adding toast message to root: 收藏音频成功
06-19 16:12:14.374  2018  3127 D libsensor-displayalgo: the value of  brightness:438.000000,R:9985268.124722,G:9750670.247830,B:11968995.685125,EVENT_C:2639.500000,EVENT_R:992.500000,EVENT_G:1345.000000,EVENT_B:534.000000
06-19 16:12:14.374  2018  3127 I libsensor-displayalgo: the value of  Coef1:1107.681000,Coef4:2.383000, scale1:0.935522, scale4:0.923264
06-19 16:12:14.374  2018  3127 E libsensor-displayalgo: RGB_black_white_scenario_0822!
06-19 16:12:14.374  2018  3127 I libsensor-displayalgo: the value of  RESULT352.224704,138.408410,179.200572,66.649211
06-19 16:12:14.374  2018  3127 I libsensor-displayalgo: the value of  getChannelDataCalibrated369.288374,128.192866,208.285573,72.743129
06-19 16:12:14.374  2018  3127 I libsensor-displayalgo: the value of  REAL LUX141.883743
06-19 16:12:14.374  2018  3127 I libsensor-displayalgo: the value of  CAL REAL LUX141.883743
06-19 16:12:14.408 28036 28074 I appium  : Took 0ms to retrieve 1 matches for '//*[@class="android.widget.Toast"]' XPath query
06-19 16:12:14.410 28036 28074 I appium  : AppiumResponse: {"sessionId":"54a9a095-7cb6-43d8-b4cf-aa8cde2a1e91","value":{"ELEMENT":"5871ccee-4db4-4356-a76f-5d3844e5fadf","element-6066-11e4-a52e-4f735466cecf":"5871ccee-4db4-4356-a76f-5d3844e5fadf"}}
06-19 16:12:14.453  1265  2358 I vendor.qti.hardware.display.composer-service: FrameNotifyProcess Sensor: notify citsensorservice to trigger cwb
06-19 16:12:14.454  2018  7182 I libcitsensorservice@2.0-impl: msg_transfer
06-19 16:12:14.455  2018  3098 D vendor.xiaomi.sensor.citsensorservice@2.0-service: handle id:9 wxh:1280x2400 uwxuh:1080x2400 size: 9216000 fd:15 fd_meta:16 flags:0x4000228 usage:0x33  format:0x3 layer_count: 1
06-19 16:12:14.456  1265  1887 I SDM     : HWCSession::SetCWBOutputBuffer: CWB config passed by cwb_client : tappoint 1  CWB_ROI : (829.000000 4.000000 915.000000 90.000000)
06-19 16:12:14.456  1265 29890 I SDM     : HWCSession::ProcessRequests: Successfully configured CWB buffer.
06-19 16:12:14.464  1265 29890 I SDM     : HWCSession::ProcessRequests: Pushing release fence in fenece wait queue.
06-19 16:12:14.464  1265 29890 I SDM     : HWCSession::ProcessRequests: Creating AsyncFenceWaits async thread.
06-19 16:12:14.464  1265 29890 I SDM     : HWCSession::ProcessRequests: Remove current CWB request from the pending request queue.
06-19 16:12:14.465  1265 29890 I SDM     : HWCSession::ProcessRequests: No pending cwb requests found in the queue.
06-19 16:12:14.469  1265  1584 I SDM     : HWDeviceDRM::SetupConcurrentWriteback: Tear down the Concurrent Writeback topology
06-19 16:12:14.475 28036 28074 I appium  : channel read: GET /wd/hub/session/54a9a095-7cb6-43d8-b4cf-aa8cde2a1e91/element/5871ccee-4db4-4356-a76f-5d3844e5fadf/attribute/text
06-19 16:12:14.475 28036 28074 I appium  : GetElementAttribute command
06-19 16:12:14.476  1265 29891 I SDM     : HWCSession::NotifyCWBStatus: Notify the client about buffer status 0.
06-19 16:12:14.477  1265 29891 I SDM     : HWCSession::PerformFenceWaits: Remove current release fence from the pending fence wait queue.
06-19 16:12:14.477  1265 29891 I SDM     : HWCSession::PerformFenceWaits: CWB fence queue is empty. No pending release fence to wait on.
06-19 16:12:14.650 28036 28074 W QueryController: Could not detect idle state.
06-19 16:12:14.651 28036 28074 I appium  : The element identified by '5871ccee-4db4-4356-a76f-5d3844e5fadf' has been reported as stale (null). Trying to restore it
06-19 16:12:14.653 28036 28074 I appium  : The following attributes will be included to the page source: [class]
06-19 16:12:14.674  2018  3127 D libsensor-displayalgo: the value of  brightness:438.000000,R:18781811.588660,G:16635044.097718,B:32526411.313589,EVENT_C:3068.000000,EVENT_R:1148.000000,EVENT_G:1566.500000,EVENT_B:623.000000
06-19 16:12:14.674  2018  3127 I libsensor-displayalgo: the value of  Coef1:1107.681000,Coef4:2.383000, scale1:0.935522, scale4:0.923264
06-19 16:12:14.674  2018  3127 E libsensor-displayalgo: RGB_test_0407_400_oldzy!
06-19 16:12:14.674  2018  3127 I libsensor-displayalgo: the value of  RESULT1138.417400,439.291038,569.676580,209.138012
06-19 16:12:14.674  2018  3127 I libsensor-displayalgo: the value of  getChannelDataCalibrated1193.568497,406.868173,662.137470,228.260066
06-19 16:12:14.674  2018  3127 I libsensor-displayalgo: the value of  REAL LUX113.427071
06-19 16:12:14.674  2018  3127 I libsensor-displayalgo: the value of  CAL REAL LUX113.427071
06-19 16:12:14.690 28036 28074 I appium  : The child node #1 of android.view.accessibility.AccessibilityNodeInfo@2ceb07; boundsInParent: Rect(0, 0 - 1080, 956); boundsInScreen: Rect(0, 220 - 1080, 1176); packageName: cn.missevan; className: android.widget.FrameLayout; text: null; error: null; maxTextLength: -1; stateDescription: null; contentDescription: null; tooltipText: null; viewIdResName: cn.missevan:id/danmakuView; checkable: false; checked: false; focusable: false; focused: false; selected: false; clickable: false; longClickable: false; contextClickable: false; enabled: true; password: false; scrollable: false; importantForAccessibility: false; visible: true; actions: [AccessibilityAction: ACTION_SELECT - null, AccessibilityAction: ACTION_CLEAR_SELECTION - null, AccessibilityAction: ACTION_ACCESSIBILITY_FOCUS - null, AccessibilityAction: ACTION_SHOW_ON_SCREEN - null] is null
06-19 16:12:14.733 28036 28074 I appium  : Adding toast message to root: 收藏音频成功
06-19 16:12:14.756  1265  2358 I vendor.qti.hardware.display.composer-service: FrameNotifyProcess Sensor: notify citsensorservice to trigger cwb
06-19 16:12:14.757  2018  2111 I libcitsensorservice@2.0-impl: msg_transfer
06-19 16:12:14.757  2018  3098 D vendor.xiaomi.sensor.citsensorservice@2.0-service: handle id:9 wxh:1280x2400 uwxuh:1080x2400 size: 9216000 fd:15 fd_meta:16 flags:0x4000228 usage:0x33  format:0x3 layer_count: 1
06-19 16:12:14.758  1265  1887 I SDM     : HWCSession::SetCWBOutputBuffer: CWB config passed by cwb_client : tappoint 1  CWB_ROI : (829.000000 4.000000 915.000000 90.000000)
06-19 16:12:14.759  1265 29892 I SDM     : HWCSession::ProcessRequests: Successfully configured CWB buffer.
06-19 16:12:14.767  1265 29892 I SDM     : HWCSession::ProcessRequests: Pushing release fence in fenece wait queue.
06-19 16:12:14.768  1265 29892 I SDM     : HWCSession::ProcessRequests: Creating AsyncFenceWaits async thread.
06-19 16:12:14.770  1265 29892 I SDM     : HWCSession::ProcessRequests: Remove current CWB request from the pending request queue.
06-19 16:12:14.770 28036 28074 I appium  : Took 0ms to retrieve 1 matches for '//*[@class="android.widget.Toast"]' XPath query
06-19 16:12:14.770  1265 29892 I SDM     : HWCSession::ProcessRequests: No pending cwb requests found in the queue.
06-19 16:12:14.771 28036 28074 I appium  : AppiumResponse: {"sessionId":"54a9a095-7cb6-43d8-b4cf-aa8cde2a1e91","value":"收藏音频成功"}
06-19 16:12:14.773  1265  1584 I SDM     : HWDeviceDRM::SetupConcurrentWriteback: Tear down the Concurrent Writeback topology
06-19 16:12:14.788  1265 29893 I SDM     : HWCSession::NotifyCWBStatus: Notify the client about buffer status 0.
06-19 16:12:14.788  1265 29893 I SDM     : HWCSession::PerformFenceWaits: Remove current release fence from the pending fence wait queue.
06-19 16:12:14.788  1265 29893 I SDM     : HWCSession::PerformFenceWaits: CWB fence queue is empty. No pending release fence to wait on.
06-19 16:12:14.800 28036 28074 I appium  : channel read: POST /wd/hub/session/54a9a095-7cb6-43d8-b4cf-aa8cde2a1e91/element
06-19 16:12:14.801 28036 28074 I appium  : FindElement command
06-19 16:12:14.802 28036 28074 I appium  : method: 'id', selector: 'cn.missevan:id/collect'
06-19 16:12:14.803 28036 28074 I appium  : Waiting up to 100ms for the device to idle
06-19 16:12:14.964 28036 28074 W QueryController: Could not detect idle state.
06-19 16:12:14.974  2018  3127 D libsensor-displayalgo: the value of  brightness:438.000000,R:18781811.588660,G:16635044.097718,B:32526411.313589,EVENT_C:3064.500000,EVENT_R:1146.000000,EVENT_G:1564.000000,EVENT_B:621.500000
06-19 16:12:14.974  2018  3127 I libsensor-displayalgo: the value of  Coef1:1107.681000,Coef4:2.383000, scale1:0.935522, scale4:0.923264
06-19 16:12:14.974  2018  3127 E libsensor-displayalgo: RGB_test_0407_400_oldzy!
06-19 16:12:14.974  2018  3127 I libsensor-displayalgo: the value of  RESULT1138.417400,439.291038,569.676580,209.138012
06-19 16:12:14.974  2018  3127 I libsensor-displayalgo: the value of  getChannelDataCalibrated1193.568497,406.868173,662.137470,228.260066
06-19 16:12:14.974  2018  3127 I libsensor-displayalgo: the value of  REAL LUX113.263565
06-19 16:12:14.974  2018  3127 I libsensor-displayalgo: the value of  CAL REAL LUX113.263565
06-19 16:12:14.984 28036 28074 W ByMatcher: Node returned null child: android.view.accessibility.AccessibilityNodeInfo@2ceb07; boundsInParent: Rect(0, 0 - 1080, 956); boundsInScreen: Rect(0, 220 - 1080, 1176); packageName: cn.missevan; className: android.widget.FrameLayout; text: null; error: null; maxTextLength: -1; stateDescription: null; contentDescription: null; tooltipText: null; viewIdResName: cn.missevan:id/danmakuView; checkable: false; checked: false; focusable: false; focused: false; selected: false; clickable: false; longClickable: false; contextClickable: false; enabled: true; password: false; scrollable: false; importantForAccessibility: false; visible: true; actions: [AccessibilityAction: ACTION_SELECT - null, AccessibilityAction: ACTION_CLEAR_SELECTION - null, AccessibilityAction: ACTION_ACCESSIBILITY_FOCUS - null, AccessibilityAction: ACTION_SHOW_ON_SCREEN - null]
06-19 16:12:14.984 28036 28074 W ByMatcher: Skipping null child (1 of 2)
06-19 16:12:15.002 28036 28074 I appium  : AppiumResponse: {"sessionId":"54a9a095-7cb6-43d8-b4cf-aa8cde2a1e91","value":{"ELEMENT":"00000000-0000-0871-ffff-ffff00000bee","element-6066-11e4-a52e-4f735466cecf":"00000000-0000-0871-ffff-ffff00000bee"}}
06-19 16:12:15.020 28036 28074 I appium  : channel read: POST /wd/hub/session/54a9a095-7cb6-43d8-b4cf-aa8cde2a1e91/element/00000000-0000-0871-ffff-ffff00000bee/click
06-19 16:12:15.021 28036 28074 I appium  : Click command
06-19 16:12:15.061  1265  2358 I vendor.qti.hardware.display.composer-service: FrameNotifyProcess Sensor: notify citsensorservice to trigger cwb
06-19 16:12:15.061  2018  2111 I libcitsensorservice@2.0-impl: msg_transfer
06-19 16:12:15.062  2018  3098 D vendor.xiaomi.sensor.citsensorservice@2.0-service: handle id:9 wxh:1280x2400 uwxuh:1080x2400 size: 9216000 fd:15 fd_meta:16 flags:0x4000228 usage:0x33  format:0x3 layer_count: 1
06-19 16:12:15.063  1265  1887 I SDM     : HWCSession::SetCWBOutputBuffer: CWB config passed by cwb_client : tappoint 1  CWB_ROI : (829.000000 4.000000 915.000000 90.000000)
06-19 16:12:15.064  1265 29894 I SDM     : HWCSession::ProcessRequests: Successfully configured CWB buffer.
06-19 16:12:15.073  1265 29894 I SDM     : HWCSession::ProcessRequests: Pushing release fence in fenece wait queue.
06-19 16:12:15.073  1265 29894 I SDM     : HWCSession::ProcessRequests: Creating AsyncFenceWaits async thread.
06-19 16:12:15.073  1265 29894 I SDM     : HWCSession::ProcessRequests: Remove current CWB request from the pending request queue.
06-19 16:12:15.074  1265 29894 I SDM     : HWCSession::ProcessRequests: No pending cwb requests found in the queue.
06-19 16:12:15.077  1265  1584 I SDM     : HWDeviceDRM::SetupConcurrentWriteback: Tear down the Concurrent Writeback topology
06-19 16:12:15.088  1265 29895 I SDM     : HWCSession::NotifyCWBStatus: Notify the client about buffer status 0.
06-19 16:12:15.088  1265 29895 I SDM     : HWCSession::PerformFenceWaits: Remove current release fence from the pending fence wait queue.
06-19 16:12:15.088  1265 29895 I SDM     : HWCSession::PerformFenceWaits: CWB fence queue is empty. No pending release fence to wait on.
06-19 16:12:15.175 28036 28074 W QueryController: Could not detect idle state.
06-19 16:12:15.276  2018  3127 D libsensor-displayalgo: the value of  brightness:438.000000,R:18781811.588660,G:16635044.097718,B:32526411.313589,EVENT_C:3069.500000,EVENT_R:1147.000000,EVENT_G:1562.500000,EVENT_B:622.000000
06-19 16:12:15.276  2018  3127 I libsensor-displayalgo: the value of  Coef1:1107.681000,Coef4:2.383000, scale1:0.935522, scale4:0.923264
06-19 16:12:15.276  2018  3127 E libsensor-displayalgo: RGB_test_0407_400_oldzy!
06-19 16:12:15.277  2018  3127 I libsensor-displayalgo: the value of  RESULT1138.417400,439.291038,569.676580,209.138012
06-19 16:12:15.277  2018  3127 I libsensor-displayalgo: the value of  getChannelDataCalibrated1193.568497,406.868173,662.137470,228.260066
06-19 16:12:15.277  2018  3127 I libsensor-displayalgo: the value of  REAL LUX113.469872
06-19 16:12:15.277  2018  3127 I libsensor-displayalgo: the value of  CAL REAL LUX113.469872
06-19 16:12:15.277  2018  3127 I libsensor-ssccalapi: value of set_lux: 113.469872
06-19 16:12:15.323  4233  4233 D MiPlayDetailViewModel: onPositionChange(): position = 19797
06-19 16:12:15.323  5809 29737 I SafeBinderCall: onPositionChange binder cost:1
06-19 16:12:15.366  1265  2358 I vendor.qti.hardware.display.composer-service: FrameNotifyProcess Sensor: notify citsensorservice to trigger cwb
06-19 16:12:15.368  2018  7182 I libcitsensorservice@2.0-impl: msg_transfer
06-19 16:12:15.368  2018  3098 D vendor.xiaomi.sensor.citsensorservice@2.0-service: handle id:9 wxh:1280x2400 uwxuh:1080x2400 size: 9216000 fd:15 fd_meta:16 flags:0x4000228 usage:0x33  format:0x3 layer_count: 1
06-19 16:12:15.368  1265  1887 I SDM     : HWCSession::SetCWBOutputBuffer: CWB config passed by cwb_client : tappoint 1  CWB_ROI : (829.000000 4.000000 915.000000 90.000000)
06-19 16:12:15.369  1265 29898 I SDM     : HWCSession::ProcessRequests: Successfully configured CWB buffer.
06-19 16:12:15.373  1309  1309 D SRE     : sensorCallback mDisplayId = 0 dataCallback value=< 113.4700, 190.8031, 438.0000>,time=450908973603858, sensor=5, temperature(K)= 190.8031
06-19 16:12:15.373  1309  1309 D SRE     : setSREStrength mDisplayId = 0, mLastLux = 141, lux = 113, mSREEnabled = 1, mLastFreezeStatus = 0, freeze = 0
06-19 16:12:15.387 28036 28074 W QueryController: Could not detect idle state.
06-19 16:12:15.390  1265 29898 I SDM     : HWCSession::ProcessRequests: Pushing release fence in fenece wait queue.
06-19 16:12:15.390  1265 29898 I SDM     : HWCSession::ProcessRequests: Creating AsyncFenceWaits async thread.
06-19 16:12:15.390  1265 29898 I SDM     : HWCSession::ProcessRequests: Remove current CWB request from the pending request queue.
06-19 16:12:15.391  1265 29898 I SDM     : HWCSession::ProcessRequests: No pending cwb requests found in the queue.
06-19 16:12:15.396  2431  4484 D MIUIInput: Input event injection from pid 28021, MotionEvent: DOWN
06-19 16:12:15.397  2431  2938 D MIUIInput: [MotionEvent] publisher action=0x4, 355319993, channel '7c87e50 NavigationBar0 (server)'
06-19 16:12:15.397  2431  2938 D MIUIInput: [MotionEvent] publisher action=0x0, 355319993, channel '7619516 cn.missevan/cn.missevan.activity.MainActivity (server)'
06-19 16:12:15.398  1265  1584 I SDM     : HWDeviceDRM::SetupConcurrentWriteback: Tear down the Concurrent Writeback topology
06-19 16:12:15.398 28105 28105 D MIUIInput: [MotionEvent] ViewRootImpl windowName 'cn.missevan/cn.missevan.activity.MainActivity', { action=ACTION_DOWN, id[0]=0, pointerCount=1, eventTime=355319993, downTime=355319992, phoneEventTime=16:12:15.392 } moveCount:0
06-19 16:12:15.400  1265 29899 I SDM     : HWCSession::NotifyCWBStatus: Notify the client about buffer status 0.
06-19 16:12:15.400  1265 29899 I SDM     : HWCSession::PerformFenceWaits: Remove current release fence from the pending fence wait queue.
06-19 16:12:15.400  1265 29899 I SDM     : HWCSession::PerformFenceWaits: CWB fence queue is empty. No pending release fence to wait on.
06-19 16:12:15.400  2431  2444 D MIUIInput: Input event injection from pid 28021, MotionEvent: UP
06-19 16:12:15.400  2431  2938 D MIUIInput: [MotionEvent] publisher action=0x1, 355319993, channel '7619516 cn.missevan/cn.missevan.activity.MainActivity (server)'
06-19 16:12:15.401 28105 28105 D MIUIInput: [MotionEvent] ViewRootImpl windowName 'cn.missevan/cn.missevan.activity.MainActivity', { action=ACTION_UP, id[0]=0, pointerCount=1, eventTime=355319993, downTime=355319992, phoneEventTime=16:12:15.393 } moveCount:0
06-19 16:12:15.408 28105 28105 D IS_CTS_MODE: true
06-19 16:12:15.408 28105 28105 D MULTI_WINDOW_SWITCH_ENABLED: false
06-19 16:12:15.413 28105 28105 D DecorView[]: updateDecorCaptionStatus displayWindowDecor is false
06-19 16:12:15.414 28036 28074 I appium  : Waiting up to 100ms for the device to idle
06-19 16:12:15.438  2431  2444 I WindowManagerService: Physical orientation applied, rotation=0 sfOrientation=ORIENTATION_0
06-19 16:12:15.472 28105 28105 D DecorView[MainActivity]: onWindowFocusChanged hasWindowFocus false
06-19 16:12:15.480 28105 28105 D DecorView[]: onWindowFocusChanged hasWindowFocus true
06-19 16:12:15.480 28105 28105 I HandWritingStubImpl: refreshLastKeyboardType: 1
06-19 16:12:15.480 28105 28105 I HandWritingStubImpl: getCurrentKeyboardType: 1
06-19 16:12:15.483 28105 28105 I HandWritingStubImpl: isKeyboardTypeChanged: false
06-19 16:12:15.484 13581 13581 E BaseInputMethodService: onFinishInput
06-19 16:12:15.484 13581 13581 E BaseInputMethodService: onStartInput
06-19 16:12:15.501  2431  2637 W WindowManager: Unable to start animation, surface is null or no children.
06-19 16:12:15.574  2018  3127 D libsensor-displayalgo: the value of  brightness:438.000000,R:18781811.588660,G:16635044.097718,B:32526411.313589,EVENT_C:3067.000000,EVENT_R:1146.000000,EVENT_G:1567.000000,EVENT_B:622.500000
06-19 16:12:15.575  2018  3127 I libsensor-displayalgo: the value of  Coef1:1107.681000,Coef4:2.383000, scale1:0.935522, scale4:0.923264
06-19 16:12:15.575  2018  3127 E libsensor-displayalgo: RGB_test_0407_400_oldzy!
06-19 16:12:15.575  2018  3127 I libsensor-displayalgo: the value of  RESULT1138.417400,439.291038,569.676580,209.138012
06-19 16:12:15.575  2018  3127 I libsensor-displayalgo: the value of  getChannelDataCalibrated1193.568497,406.868173,662.137470,228.260066
06-19 16:12:15.575  2018  3127 I libsensor-displayalgo: the value of  REAL LUX113.495270
06-19 16:12:15.575  2018  3127 I libsensor-displayalgo: the value of  CAL REAL LUX113.495270
06-19 16:12:15.670  1265  2358 I vendor.qti.hardware.display.composer-service: FrameNotifyProcess Sensor: notify citsensorservice to trigger cwb
06-19 16:12:15.671  2018  7182 I libcitsensorservice@2.0-impl: msg_transfer
06-19 16:12:15.673  2018  3098 D vendor.xiaomi.sensor.citsensorservice@2.0-service: handle id:9 wxh:1280x2400 uwxuh:1080x2400 size: 9216000 fd:15 fd_meta:16 flags:0x4000228 usage:0x33  format:0x3 layer_count: 1
06-19 16:12:15.673  1265  1887 I SDM     : HWCSession::SetCWBOutputBuffer: CWB config passed by cwb_client : tappoint 1  CWB_ROI : (829.000000 4.000000 915.000000 90.000000)
06-19 16:12:15.674  1265 29901 I SDM     : HWCSession::ProcessRequests: Successfully configured CWB buffer.
06-19 16:12:15.689  1265 29901 I SDM     : HWCSession::ProcessRequests: Pushing release fence in fenece wait queue.
06-19 16:12:15.689  1265 29901 I SDM     : HWCSession::ProcessRequests: Creating AsyncFenceWaits async thread.
06-19 16:12:15.689  1265 29901 I SDM     : HWCSession::ProcessRequests: Remove current CWB request from the pending request queue.
06-19 16:12:15.690  1265 29901 I SDM     : HWCSession::ProcessRequests: No pending cwb requests found in the queue.
06-19 16:12:15.695  1265  1584 I SDM     : HWDeviceDRM::SetupConcurrentWriteback: Tear down the Concurrent Writeback topology
06-19 16:12:15.696  1265 29902 I SDM     : HWCSession::NotifyCWBStatus: Notify the client about buffer status 0.
06-19 16:12:15.696  1265 29902 I SDM     : HWCSession::PerformFenceWaits: Remove current release fence from the pending fence wait queue.
06-19 16:12:15.696  1265 29902 I SDM     : HWCSession::PerformFenceWaits: CWB fence queue is empty. No pending release fence to wait on.
06-19 16:12:15.698 28036 28074 W QueryController: Could not detect idle state.
06-19 16:12:15.699 28036 28074 I appium  : AppiumResponse: {"sessionId":"54a9a095-7cb6-43d8-b4cf-aa8cde2a1e91","value":null}
06-19 16:12:15.712 28036 28074 I appium  : channel read: POST /wd/hub/session/54a9a095-7cb6-43d8-b4cf-aa8cde2a1e91/element
06-19 16:12:15.712 28036 28074 I appium  : FindElement command
06-19 16:12:15.713 28036 28074 I appium  : method: 'id', selector: 'cn.missevan:id/album_name_text_view'
06-19 16:12:15.714 28036 28074 I appium  : Waiting up to 100ms for the device to idle
06-19 16:12:15.825 28036 28074 W QueryController: Could not detect idle state.
06-19 16:12:15.844 28036 28074 I appium  : AppiumResponse: {"sessionId":"54a9a095-7cb6-43d8-b4cf-aa8cde2a1e91","value":{"ELEMENT":"00000000-0000-088b-ffff-ffff00000e6b","element-6066-11e4-a52e-4f735466cecf":"00000000-0000-088b-ffff-ffff00000e6b"}}
06-19 16:12:15.854 28036 28074 I appium  : channel read: POST /wd/hub/session/54a9a095-7cb6-43d8-b4cf-aa8cde2a1e91/element/00000000-0000-088b-ffff-ffff00000e6b/click
06-19 16:12:15.855 28036 28074 I appium  : Click command
06-19 16:12:15.873  2018  3127 D libsensor-displayalgo: the value of  brightness:438.000000,R:9985268.124722,G:9750670.247830,B:11968995.685125,EVENT_C:2649.000000,EVENT_R:996.500000,EVENT_G:1350.500000,EVENT_B:536.500000
06-19 16:12:15.873  2018  3127 I libsensor-displayalgo: the value of  Coef1:1107.681000,Coef4:2.383000, scale1:0.935522, scale4:0.923264
06-19 16:12:15.873  2018  3127 E libsensor-displayalgo: RGB_black_white_scenario_0822!
06-19 16:12:15.873  2018  3127 I libsensor-displayalgo: the value of  RESULT352.224704,138.408410,179.200572,66.649211
06-19 16:12:15.873  2018  3127 I libsensor-displayalgo: the value of  getChannelDataCalibrated369.288374,128.192866,208.285573,72.743129
06-19 16:12:15.873  2018  3127 I libsensor-displayalgo: the value of  REAL LUX142.450531
06-19 16:12:15.873  2018  3127 I libsensor-displayalgo: the value of  CAL REAL LUX142.450531
06-19 16:12:15.974  1265  2358 I vendor.qti.hardware.display.composer-service: FrameNotifyProcess Sensor: notify citsensorservice to trigger cwb
06-19 16:12:15.974  2018  3874 I libcitsensorservice@2.0-impl: msg_transfer
06-19 16:12:15.975  2018  3098 D vendor.xiaomi.sensor.citsensorservice@2.0-service: handle id:9 wxh:1280x2400 uwxuh:1080x2400 size: 9216000 fd:15 fd_meta:16 flags:0x4000228 usage:0x33  format:0x3 layer_count: 1
06-19 16:12:15.976  1265  1887 I SDM     : HWCSession::SetCWBOutputBuffer: CWB config passed by cwb_client : tappoint 1  CWB_ROI : (829.000000 4.000000 915.000000 90.000000)
06-19 16:12:15.976  1265 29905 I SDM     : HWCSession::ProcessRequests: Successfully configured CWB buffer.
06-19 16:12:15.985  1265 29905 I SDM     : HWCSession::ProcessRequests: Pushing release fence in fenece wait queue.
06-19 16:12:15.985  1265 29905 I SDM     : HWCSession::ProcessRequests: Creating AsyncFenceWaits async thread.
06-19 16:12:15.985  1265 29905 I SDM     : HWCSession::ProcessRequests: Remove current CWB request from the pending request queue.
06-19 16:12:15.986  1265 29905 I SDM     : HWCSession::ProcessRequests: No pending cwb requests found in the queue.
06-19 16:12:15.992  1265  1584 I SDM     : HWDeviceDRM::SetupConcurrentWriteback: Tear down the Concurrent Writeback topology
06-19 16:12:15.998  1265 29906 I SDM     : HWCSession::NotifyCWBStatus: Notify the client about buffer status 0.
06-19 16:12:15.998  1265 29906 I SDM     : HWCSession::PerformFenceWaits: Remove current release fence from the pending fence wait queue.
06-19 16:12:15.998  1265 29906 I SDM     : HWCSession::PerformFenceWaits: CWB fence queue is empty. No pending release fence to wait on.
06-19 16:12:16.020  2431  2431 W WindowManager: removeWindowToken: Attempted to remove non-existing token: android.os.Binder@6f6c116
06-19 16:12:16.173  2018  3127 D libsensor-displayalgo: the value of  brightness:438.000000,R:9985268.124722,G:9750670.247830,B:11968995.685125,EVENT_C:2639.500000,EVENT_R:993.000000,EVENT_G:1346.000000,EVENT_B:534.500000
06-19 16:12:16.173  2018  3127 I libsensor-displayalgo: the value of  Coef1:1107.681000,Coef4:2.383000, scale1:0.935522, scale4:0.923264
06-19 16:12:16.173  2018  3127 E libsensor-displayalgo: RGB_black_white_scenario_0822!
06-19 16:12:16.173  2018  3127 I libsensor-displayalgo: the value of  RESULT352.224704,138.408410,179.200572,66.649211
06-19 16:12:16.173  2018  3127 I libsensor-displayalgo: the value of  getChannelDataCalibrated369.288374,128.192866,208.285573,72.743129
06-19 16:12:16.173  2018  3127 I libsensor-displayalgo: the value of  REAL LUX141.869751
06-19 16:12:16.173  2018  3127 I libsensor-displayalgo: the value of  CAL REAL LUX141.869751
06-19 16:12:16.208  2431  4484 W InputManager-JNI: Input channel object '8b9bb59 Toast (client)' was disposed without first being removed with the input manager!
06-19 16:12:16.214  2431  4484 W NotificationService: Toast already killed. pkg=cn.missevan token=android.os.BinderProxy@cde3ee1
06-19 16:12:16.282  1265  2358 I vendor.qti.hardware.display.composer-service: FrameNotifyProcess Sensor: notify citsensorservice to trigger cwb
06-19 16:12:16.282  2018  3874 I libcitsensorservice@2.0-impl: msg_transfer
06-19 16:12:16.282  2018  3098 D vendor.xiaomi.sensor.citsensorservice@2.0-service: handle id:9 wxh:1280x2400 uwxuh:1080x2400 size: 9216000 fd:15 fd_meta:16 flags:0x4000228 usage:0x33  format:0x3 layer_count: 1
06-19 16:12:16.283  1265  1887 I SDM     : HWCSession::SetCWBOutputBuffer: CWB config passed by cwb_client : tappoint 1  CWB_ROI : (829.000000 4.000000 915.000000 90.000000)
06-19 16:12:16.284  1265 29907 I SDM     : HWCSession::ProcessRequests: Successfully configured CWB buffer.
06-19 16:12:16.292  1265 29907 I SDM     : HWCSession::ProcessRequests: Pushing release fence in fenece wait queue.
06-19 16:12:16.293  1265 29907 I SDM     : HWCSession::ProcessRequests: Creating AsyncFenceWaits async thread.
06-19 16:12:16.293  1265 29907 I SDM     : HWCSession::ProcessRequests: Remove current CWB request from the pending request queue.
06-19 16:12:16.294  1265 29907 I SDM     : HWCSession::ProcessRequests: No pending cwb requests found in the queue.
06-19 16:12:16.297  1265  1584 I SDM     : HWDeviceDRM::SetupConcurrentWriteback: Tear down the Concurrent Writeback topology
06-19 16:12:16.307  1265 29908 I SDM     : HWCSession::NotifyCWBStatus: Notify the client about buffer status 0.
06-19 16:12:16.307  1265 29908 I SDM     : HWCSession::PerformFenceWaits: Remove current release fence from the pending fence wait queue.
06-19 16:12:16.307  1265 29908 I SDM     : HWCSession::PerformFenceWaits: CWB fence queue is empty. No pending release fence to wait on.
06-19 16:12:16.322 28036 28074 W QueryController: Could not detect idle state.
06-19 16:12:16.323  4233  4233 D MiPlayDetailViewModel: onPositionChange(): position = 20797
06-19 16:12:16.323  5809 29737 I SafeBinderCall: onPositionChange binder cost:1
06-19 16:12:16.450 28105 28105 E DownloadReceiver: [main] --------DOWNLOAD_FIRE_JOB-----------
06-19 16:12:16.450 28105 28105 E DownloadReceiver: [main] type = 1	failedCount = 1
06-19 16:12:16.461  2431  4484 E NotificationVibratorHelper: Error creating vibration waveform with pattern: [0]
06-19 16:12:16.473  2018  3127 D libsensor-displayalgo: the value of  brightness:438.000000,R:9985268.124722,G:9750670.247830,B:11968995.685125,EVENT_C:2638.000000,EVENT_R:991.500000,EVENT_G:1342.500000,EVENT_B:533.000000
06-19 16:12:16.473  2018  3127 I libsensor-displayalgo: the value of  Coef1:1107.681000,Coef4:2.383000, scale1:0.935522, scale4:0.923264
06-19 16:12:16.473  2018  3127 E libsensor-displayalgo: RGB_black_white_scenario_0822!
06-19 16:12:16.474  2018  3127 I libsensor-displayalgo: the value of  RESULT352.224704,138.408410,179.200572,66.649211
06-19 16:12:16.474  2018  3127 I libsensor-displayalgo: the value of  getChannelDataCalibrated369.288374,128.192866,208.285573,72.743129
06-19 16:12:16.474  2018  3127 I libsensor-displayalgo: the value of  REAL LUX141.783066
06-19 16:12:16.474  2018  3127 I libsensor-displayalgo: the value of  CAL REAL LUX141.783066
06-19 16:12:16.474  2018  3127 I libsensor-ssccalapi: value of set_lux: 141.783066
06-19 16:12:16.536  2431  3921 D MIUIInput: Input event injection from pid 28021, MotionEvent: DOWN
06-19 16:12:16.537  2431  2938 D MIUIInput: [MotionEvent] publisher action=0x4, 355320930, channel '7c87e50 NavigationBar0 (server)'
06-19 16:12:16.537  2431  2938 D MIUIInput: [MotionEvent] publisher action=0x0, 355320930, channel '2b3ce7 cn.missevan/cn.missevan.activity.MainActivity (server)'
06-19 16:12:16.538 28105 28105 D MIUIInput: [MotionEvent] ViewRootImpl windowName 'cn.missevan/cn.missevan.activity.MainActivity', { action=ACTION_DOWN, id[0]=0, pointerCount=1, eventTime=355320930, downTime=355320929, phoneEventTime=16:12:16.329 } moveCount:0
06-19 16:12:16.541 28021 28035 W BpBinder: PerfMonitor binderTransact :  time=211ms interface=android.view.IWindowManager code=102
06-19 16:12:16.541 28036 28074 W BpBinder: PerfMonitor binderTransact :  time=211ms interface=android.app.IUiAutomationConnection code=3
06-19 16:12:16.542  2431  3921 D MIUIInput: Input event injection from pid 28021, MotionEvent: UP
06-19 16:12:16.542  2431  2938 D MIUIInput: [MotionEvent] publisher action=0x1, 355320930, channel '2b3ce7 cn.missevan/cn.missevan.activity.MainActivity (server)'
06-19 16:12:16.544 28105 28105 D MIUIInput: [MotionEvent] ViewRootImpl windowName 'cn.missevan/cn.missevan.activity.MainActivity', { action=ACTION_UP, id[0]=0, pointerCount=1, eventTime=355320930, downTime=355320929, phoneEventTime=16:12:16.330 } moveCount:0
06-19 16:12:16.558 28036 28074 I appium  : Waiting up to 100ms for the device to idle
06-19 16:12:16.573  1309  1309 D SRE     : sensorCallback mDisplayId = 0 dataCallback value=< 141.7825, 163.7493, 438.0000>,time=450910173584118, sensor=5, temperature(K)= 163.7493
06-19 16:12:16.573  1309  1309 D SRE     : setSREStrength mDisplayId = 0, mLastLux = 113, lux = 141, mSREEnabled = 1, mLastFreezeStatus = 0, freeze = 0
06-19 16:12:16.583  1265  2358 I vendor.qti.hardware.display.composer-service: FrameNotifyProcess Sensor: notify citsensorservice to trigger cwb
06-19 16:12:16.584  2018  3874 I libcitsensorservice@2.0-impl: msg_transfer
06-19 16:12:16.584  2018  3098 D vendor.xiaomi.sensor.citsensorservice@2.0-service: handle id:9 wxh:1280x2400 uwxuh:1080x2400 size: 9216000 fd:15 fd_meta:16 flags:0x4000228 usage:0x33  format:0x3 layer_count: 1
06-19 16:12:16.584  1265  1887 I SDM     : HWCSession::SetCWBOutputBuffer: CWB config passed by cwb_client : tappoint 1  CWB_ROI : (829.000000 4.000000 915.000000 90.000000)
06-19 16:12:16.596  1265 29909 I SDM     : HWCSession::ProcessRequests: Successfully configured CWB buffer.
06-19 16:12:16.600  1265 29909 I SDM     : HWCSession::ProcessRequests: Pushing release fence in fenece wait queue.
06-19 16:12:16.600  1265 29909 I SDM     : HWCSession::ProcessRequests: Creating AsyncFenceWaits async thread.
06-19 16:12:16.601  1265  1584 I SDM     : HWDeviceDRM::SetupConcurrentWriteback: Tear down the Concurrent Writeback topology
06-19 16:12:16.602  1265 29909 I SDM     : HWCSession::ProcessRequests: Remove current CWB request from the pending request queue.
06-19 16:12:16.602  1265 29909 I SDM     : HWCSession::ProcessRequests: No pending cwb requests found in the queue.
06-19 16:12:16.615  1265 29910 I SDM     : HWCSession::NotifyCWBStatus: Notify the client about buffer status 0.
06-19 16:12:16.616  1265 29910 I SDM     : HWCSession::PerformFenceWaits: Remove current release fence from the pending fence wait queue.
06-19 16:12:16.616  1265 29910 I SDM     : HWCSession::PerformFenceWaits: CWB fence queue is empty. No pending release fence to wait on.
06-19 16:12:16.670  2431  2431 W NotificationHistory: Attempted to add notif for locked/gone/disabled user 0
06-19 16:12:16.674  5285  5285 D MiBarrage: No barrage: not in game scene or in video scene
06-19 16:12:16.678  5735 14259 W Parcel  : **** enforceInterface() expected 'com.miui.gamebooster.service.ISecurityCenterNotificationListener' but read 'android.service.notification.INotificationListener'
06-19 16:12:16.678  5735 14259 W Binder  : Caught a RuntimeException from the binder stub implementation.
06-19 16:12:16.678  5735 14259 W Binder  : java.lang.SecurityException: Binder invocation to an incorrect interface
06-19 16:12:16.678  5735 14259 W Binder  : 	at android.os.Parcel.nativeEnforceInterface(Native Method)
06-19 16:12:16.678  5735 14259 W Binder  : 	at android.os.Parcel.enforceInterface(Parcel.java:699)
06-19 16:12:16.678  5735 14259 W Binder  : 	at com.miui.gamebooster.service.ISecurityCenterNotificationListener$Stub.onTransact(Unknown Source:18)
06-19 16:12:16.678  5735 14259 W Binder  : 	at android.os.Binder.execTransactInternal(Binder.java:1190)
06-19 16:12:16.678  5735 14259 W Binder  : 	at android.os.Binder.execTransact(Binder.java:1149)
06-19 16:12:16.679  5735  8037 V onNotificationPostedCallBack: flags=0
06-19 16:12:16.684  4233  4233 D InterruptionStateProvider: No bubble up: not allowed to bubble: 0|cn.missevan|4658|null|10494
06-19 16:12:16.704 28036 28074 W QueryController: Could not detect idle state.
06-19 16:12:16.704  4233  4475 D PeopleSpaceWidgetMgr: Sbn doesn't contain valid PeopleTileKey: null/0/cn.missevan
06-19 16:12:16.707 28036 28074 I appium  : AppiumResponse: {"sessionId":"54a9a095-7cb6-43d8-b4cf-aa8cde2a1e91","value":null}
06-19 16:12:16.711  2431  4793 W InputManager-JNI: Input channel object '2b3ce7 cn.missevan/cn.missevan.activity.MainActivity (client)' was disposed without first being removed with the input manager!
06-19 16:12:16.711 28278 29174 D AudioTrack: [audioTrackData][fine] 5s(f:5039 m:1107 s:241 k:0) : pid 28278 uid 10494 sessionId 1625 sr 44100 ch 2 fmt 1
06-19 16:12:16.718 28036 28074 I appium  : channel read: POST /wd/hub/session/54a9a095-7cb6-43d8-b4cf-aa8cde2a1e91/element
06-19 16:12:16.718 28036 28074 I appium  : FindElement command
06-19 16:12:16.720 28036 28074 I appium  : method: 'xpath', selector: '//*[@class="android.widget.Toast"]'
06-19 16:12:16.720 28036 28074 I appium  : Waiting up to 100ms for the device to idle
06-19 16:12:16.734 30661 30744 D IdProviderImpl: getOAID from com.miui.analytics
06-19 16:12:16.765  2431  2444 I WindowManagerService: Physical orientation applied, rotation=0 sfOrientation=ORIENTATION_0
06-19 16:12:16.773  2018  3127 D libsensor-displayalgo: the value of  brightness:438.000000,R:9985268.124722,G:9750670.247830,B:11968995.685125,EVENT_C:2642.000000,EVENT_R:993.000000,EVENT_G:1346.000000,EVENT_B:534.000000
06-19 16:12:16.773  2018  3127 I libsensor-displayalgo: the value of  Coef1:1107.681000,Coef4:2.383000, scale1:0.935522, scale4:0.923264
06-19 16:12:16.773  2018  3127 E libsensor-displayalgo: RGB_black_white_scenario_0822!
06-19 16:12:16.773  2018  3127 I libsensor-displayalgo: the value of  RESULT352.224704,138.408410,179.200572,66.649211
06-19 16:12:16.773  2018  3127 I libsensor-displayalgo: the value of  getChannelDataCalibrated369.288374,128.192866,208.285573,72.743129
06-19 16:12:16.773  2018  3127 I libsensor-displayalgo: the value of  REAL LUX142.086823
06-19 16:12:16.773  2018  3127 I libsensor-displayalgo: the value of  CAL REAL LUX142.086823
06-19 16:12:16.774 28105 28105 D DecorView[MainActivity]: onWindowFocusChanged hasWindowFocus true
06-19 16:12:16.776 28105 28105 I HandWritingStubImpl: isKeyboardTypeChanged: false
06-19 16:12:16.776 28105 28105 I HandWritingStubImpl: refreshLastKeyboardType: 1
06-19 16:12:16.776 28105 28105 I HandWritingStubImpl: getCurrentKeyboardType: 1
06-19 16:12:16.784 13581 13581 E BaseInputMethodService: onFinishInput
06-19 16:12:16.785 13581 13581 E BaseInputMethodService: onStartInput
06-19 16:12:16.787 28105 28105 I HandWritingStubImpl: isKeyboardTypeChanged: false
06-19 16:12:16.887 28036 28074 W QueryController: Could not detect idle state.
06-19 16:12:16.893  1265  2358 I vendor.qti.hardware.display.composer-service: FrameNotifyProcess Sensor: notify citsensorservice to trigger cwb
06-19 16:12:16.894  2018  3874 I libcitsensorservice@2.0-impl: msg_transfer
06-19 16:12:16.894  2018  3098 D vendor.xiaomi.sensor.citsensorservice@2.0-service: handle id:9 wxh:1280x2400 uwxuh:1080x2400 size: 9216000 fd:15 fd_meta:16 flags:0x4000228 usage:0x33  format:0x3 layer_count: 1
06-19 16:12:16.894  1265  1887 I SDM     : HWCSession::SetCWBOutputBuffer: CWB config passed by cwb_client : tappoint 1  CWB_ROI : (829.000000 4.000000 915.000000 90.000000)
06-19 16:12:16.897 28036 28074 I appium  : The following attributes will be included to the page source: [class]
06-19 16:12:16.908  1265 29912 I SDM     : HWCSession::ProcessRequests: Successfully configured CWB buffer.
06-19 16:12:16.914  1265 29912 I SDM     : HWCSession::ProcessRequests: Pushing release fence in fenece wait queue.
06-19 16:12:16.914  1265 29912 I SDM     : HWCSession::ProcessRequests: Creating AsyncFenceWaits async thread.
06-19 16:12:16.915  1265 29912 I SDM     : HWCSession::ProcessRequests: Remove current CWB request from the pending request queue.
06-19 16:12:16.915  1265 29912 I SDM     : HWCSession::ProcessRequests: No pending cwb requests found in the queue.
06-19 16:12:16.916  1265  1584 I SDM     : HWDeviceDRM::SetupConcurrentWriteback: Tear down the Concurrent Writeback topology
06-19 16:12:16.929  1265 29914 I SDM     : HWCSession::NotifyCWBStatus: Notify the client about buffer status 0.
06-19 16:12:16.929  1265 29914 I SDM     : HWCSession::PerformFenceWaits: Remove current release fence from the pending fence wait queue.
06-19 16:12:16.929  1265 29914 I SDM     : HWCSession::PerformFenceWaits: CWB fence queue is empty. No pending release fence to wait on.
06-19 16:12:16.944 28036 28074 I appium  : The child node #1 of android.view.accessibility.AccessibilityNodeInfo@2ceb07; boundsInParent: Rect(0, 0 - 1080, 956); boundsInScreen: Rect(0, 220 - 1080, 1176); packageName: cn.missevan; className: android.widget.FrameLayout; text: null; error: null; maxTextLength: -1; stateDescription: null; contentDescription: null; tooltipText: null; viewIdResName: cn.missevan:id/danmakuView; checkable: false; checked: false; focusable: false; focused: false; selected: false; clickable: false; longClickable: false; contextClickable: false; enabled: true; password: false; scrollable: false; importantForAccessibility: false; visible: true; actions: [AccessibilityAction: ACTION_SELECT - null, AccessibilityAction: ACTION_CLEAR_SELECTION - null, AccessibilityAction: ACTION_ACCESSIBILITY_FOCUS - null, AccessibilityAction: ACTION_SHOW_ON_SCREEN - null] is null
06-19 16:12:17.076  2018  3127 D libsensor-displayalgo: the value of  brightness:438.000000,R:18781811.588660,G:16635044.097718,B:32526411.313589,EVENT_C:2920.000000,EVENT_R:1094.000000,EVENT_G:1488.500000,EVENT_B:592.000000
06-19 16:12:17.076  2018  3127 I libsensor-displayalgo: the value of  Coef1:1107.681000,Coef4:2.383000, scale1:0.935522, scale4:0.923264
06-19 16:12:17.076  2018  3127 E libsensor-displayalgo: RGB_test_0407_400_oldzy!
06-19 16:12:17.076  2018  3127 I libsensor-displayalgo: the value of  RESULT1138.417400,439.291038,569.676580,209.138012
06-19 16:12:17.076  2018  3127 I libsensor-displayalgo: the value of  getChannelDataCalibrated1193.568497,406.868173,662.137470,228.260066
06-19 16:12:17.076  2018  3127 I libsensor-displayalgo: the value of  REAL LUX103.987206
06-19 16:12:17.076  2018  3127 I libsensor-displayalgo: the value of  CAL REAL LUX103.987206
06-19 16:12:17.084 28036 28074 I appium  : Adding toast message to root: 取消收藏音频成功
06-19 16:12:17.122 28036 28074 I appium  : Took 0ms to retrieve 1 matches for '//*[@class="android.widget.Toast"]' XPath query
06-19 16:12:17.124 28036 28074 I appium  : AppiumResponse: {"sessionId":"54a9a095-7cb6-43d8-b4cf-aa8cde2a1e91","value":{"ELEMENT":"2aece37c-a5e1-4739-9868-151987281b31","element-6066-11e4-a52e-4f735466cecf":"2aece37c-a5e1-4739-9868-151987281b31"}}
06-19 16:12:17.189 28036 28074 I appium  : channel read: GET /wd/hub/session/54a9a095-7cb6-43d8-b4cf-aa8cde2a1e91/element/2aece37c-a5e1-4739-9868-151987281b31/attribute/text
06-19 16:12:17.190 28036 28074 I appium  : GetElementAttribute command
06-19 16:12:17.196  1265  2358 I vendor.qti.hardware.display.composer-service: FrameNotifyProcess Sensor: notify citsensorservice to trigger cwb
06-19 16:12:17.198  2018  7182 I libcitsensorservice@2.0-impl: msg_transfer
06-19 16:12:17.199  2018  3098 D vendor.xiaomi.sensor.citsensorservice@2.0-service: handle id:9 wxh:1280x2400 uwxuh:1080x2400 size: 9216000 fd:15 fd_meta:16 flags:0x4000228 usage:0x33  format:0x3 layer_count: 1
06-19 16:12:17.203  1265  1887 I SDM     : HWCSession::SetCWBOutputBuffer: CWB config passed by cwb_client : tappoint 1  CWB_ROI : (829.000000 4.000000 915.000000 90.000000)
06-19 16:12:17.227  1265 29915 I SDM     : HWCSession::ProcessRequests: Successfully configured CWB buffer.
06-19 16:12:17.235  1265 29915 I SDM     : HWCSession::ProcessRequests: Pushing release fence in fenece wait queue.
06-19 16:12:17.235  1265 29915 I SDM     : HWCSession::ProcessRequests: Creating AsyncFenceWaits async thread.
06-19 16:12:17.236  1265 29915 I SDM     : HWCSession::ProcessRequests: Remove current CWB request from the pending request queue.
06-19 16:12:17.236  1265 29915 I SDM     : HWCSession::ProcessRequests: No pending cwb requests found in the queue.
06-19 16:12:17.237  1265  1584 I SDM     : HWDeviceDRM::SetupConcurrentWriteback: Tear down the Concurrent Writeback topology
06-19 16:12:17.249  1265 29917 I SDM     : HWCSession::NotifyCWBStatus: Notify the client about buffer status 0.
06-19 16:12:17.250  1265 29917 I SDM     : HWCSession::PerformFenceWaits: Remove current release fence from the pending fence wait queue.
06-19 16:12:17.250  1265 29917 I SDM     : HWCSession::PerformFenceWaits: CWB fence queue is empty. No pending release fence to wait on.
06-19 16:12:17.295 28036 28074 W QueryController: Could not detect idle state.
06-19 16:12:17.298 28036 28074 I appium  : The element identified by '2aece37c-a5e1-4739-9868-151987281b31' has been reported as stale (null). Trying to restore it
06-19 16:12:17.298 28036 28074 I appium  : The following attributes will be included to the page source: [class]
06-19 16:12:17.320 28036 28074 I appium  : The child node #1 of android.view.accessibility.AccessibilityNodeInfo@2ceb07; boundsInParent: Rect(0, 0 - 1080, 956); boundsInScreen: Rect(0, 220 - 1080, 1176); packageName: cn.missevan; className: android.widget.FrameLayout; text: null; error: null; maxTextLength: -1; stateDescription: null; contentDescription: null; tooltipText: null; viewIdResName: cn.missevan:id/danmakuView; checkable: false; checked: false; focusable: false; focused: false; selected: false; clickable: false; longClickable: false; contextClickable: false; enabled: true; password: false; scrollable: false; importantForAccessibility: false; visible: true; actions: [AccessibilityAction: ACTION_SELECT - null, AccessibilityAction: ACTION_CLEAR_SELECTION - null, AccessibilityAction: ACTION_ACCESSIBILITY_FOCUS - null, AccessibilityAction: ACTION_SHOW_ON_SCREEN - null] is null
06-19 16:12:17.321 28036 28074 I appium  : Adding toast message to root: 取消收藏音频成功
06-19 16:12:17.323  4233  4233 D MiPlayDetailViewModel: onPositionChange(): position = 21796
06-19 16:12:17.323  5809 29737 I SafeBinderCall: onPositionChange binder cost:1
06-19 16:12:17.338 28036 28046 I tomator2.serve: This is sticky GC, maxfree is 8388608 minfree is 2097152
06-19 16:12:17.350 28036 28074 I appium  : Took 0ms to retrieve 1 matches for '//*[@class="android.widget.Toast"]' XPath query
06-19 16:12:17.352 28036 28074 I appium  : AppiumResponse: {"sessionId":"54a9a095-7cb6-43d8-b4cf-aa8cde2a1e91","value":"取消收藏音频成功"}
06-19 16:12:17.373  2018  3127 D libsensor-displayalgo: the value of  brightness:438.000000,R:18781811.588660,G:16635044.097718,B:32526411.313589,EVENT_C:3065.000000,EVENT_R:1147.500000,EVENT_G:1565.000000,EVENT_B:621.500000
06-19 16:12:17.373  2018  3127 I libsensor-displayalgo: the value of  Coef1:1107.681000,Coef4:2.383000, scale1:0.935522, scale4:0.923264
06-19 16:12:17.373  2018  3127 E libsensor-displayalgo: RGB_test_0407_400_oldzy!
06-19 16:12:17.373  2018  3127 I libsensor-displayalgo: the value of  RESULT1138.417400,439.291038,569.676580,209.138012
06-19 16:12:17.373  2018  3127 I libsensor-displayalgo: the value of  getChannelDataCalibrated1193.568497,406.868173,662.137470,228.260066
06-19 16:12:17.373  2018  3127 I libsensor-displayalgo: the value of  REAL LUX113.287811
06-19 16:12:17.373  2018  3127 I libsensor-displayalgo: the value of  CAL REAL LUX113.287811
06-19 16:12:17.500  1265  2358 I vendor.qti.hardware.display.composer-service: FrameNotifyProcess Sensor: notify citsensorservice to trigger cwb
06-19 16:12:17.500  2018  7182 I libcitsensorservice@2.0-impl: msg_transfer
06-19 16:12:17.502  2018  3098 D vendor.xiaomi.sensor.citsensorservice@2.0-service: handle id:9 wxh:1280x2400 uwxuh:1080x2400 size: 9216000 fd:15 fd_meta:16 flags:0x4000228 usage:0x33  format:0x3 layer_count: 1
06-19 16:12:17.508  1265  1889 I SDM     : HWCSession::SetCWBOutputBuffer: CWB config passed by cwb_client : tappoint 1  CWB_ROI : (829.000000 4.000000 915.000000 90.000000)
06-19 16:12:17.520  1265 29918 I SDM     : HWCSession::ProcessRequests: Successfully configured CWB buffer.
06-19 16:12:17.532  1265 29918 I SDM     : HWCSession::ProcessRequests: Pushing release fence in fenece wait queue.
06-19 16:12:17.532  1265 29918 I SDM     : HWCSession::ProcessRequests: Creating AsyncFenceWaits async thread.
06-19 16:12:17.533  1265 29918 I SDM     : HWCSession::ProcessRequests: Remove current CWB request from the pending request queue.
06-19 16:12:17.533  1265 29918 I SDM     : HWCSession::ProcessRequests: No pending cwb requests found in the queue.
06-19 16:12:17.534  1265  1584 I SDM     : HWDeviceDRM::SetupConcurrentWriteback: Tear down the Concurrent Writeback topology
06-19 16:12:17.548  1265 29920 I SDM     : HWCSession::NotifyCWBStatus: Notify the client about buffer status 0.
06-19 16:12:17.549  1265 29920 I SDM     : HWCSession::PerformFenceWaits: Remove current release fence from the pending fence wait queue.
06-19 16:12:17.549  1265 29920 I SDM     : HWCSession::PerformFenceWaits: CWB fence queue is empty. No pending release fence to wait on.
