06-19 16:12:03.521 13581 29798 W System.err: 	at java.lang.Thread.run(Thread.java:920)
06-19 16:12:03.573  2018  3127 D libsensor-displayalgo: the value of  brightness:438.000000,R:18781811.588660,G:16635044.097718,B:32526411.313589,EVENT_C:3060.000000,EVENT_R:1142.500000,EVENT_G:1563.000000,EVENT_B:620.500000
06-19 16:12:03.574  2018  3127 I libsensor-displayalgo: the value of  Coef1:1107.681000,Coef4:2.383000, scale1:0.935522, scale4:0.923264
06-19 16:12:03.574  2018  3127 E libsensor-displayalgo: RGB_test_0407_400_oldzy!
06-19 16:12:03.574  2018  3127 I libsensor-displayalgo: the value of  RESULT1138.417400,439.291038,569.676580,209.138012
06-19 16:12:03.574  2018  3127 I libsensor-displayalgo: the value of  getChannelDataCalibrated1193.568497,406.868173,662.137470,228.260066
06-19 16:12:03.574  2018  3127 I libsensor-displayalgo: the value of  REAL LUX113.113678
06-19 16:12:03.574  2018  3127 I libsensor-displayalgo: the value of  CAL REAL LUX113.113678
06-19 16:12:03.575  1175  8886 D vendor.qti.bluetooth@1.0-wake_lock: Release wakelock is released
06-19 16:12:03.788  1265  2358 I vendor.qti.hardware.display.composer-service: FrameNotifyProcess Sensor: notify citsensorservice to trigger cwb
06-19 16:12:03.790  2018  7182 I libcitsensorservice@2.0-impl: msg_transfer
06-19 16:12:03.790  2018  3098 D vendor.xiaomi.sensor.citsensorservice@2.0-service: handle id:9 wxh:1280x2400 uwxuh:1080x2400 size: 9216000 fd:15 fd_meta:16 flags:0x4000228 usage:0x33  format:0x3 layer_count: 1
06-19 16:12:03.791  1265  1887 I SDM     : HWCSession::SetCWBOutputBuffer: CWB config passed by cwb_client : tappoint 1  CWB_ROI : (829.000000 4.000000 915.000000 90.000000)
06-19 16:12:03.792  1265 29800 I SDM     : HWCSession::ProcessRequests: Successfully configured CWB buffer.
06-19 16:12:03.802  1265 29800 I SDM     : HWCSession::ProcessRequests: Pushing release fence in fenece wait queue.
06-19 16:12:03.802  1265 29800 I SDM     : HWCSession::ProcessRequests: Creating AsyncFenceWaits async thread.
06-19 16:12:03.803  1265 29800 I SDM     : HWCSession::ProcessRequests: Remove current CWB request from the pending request queue.
06-19 16:12:03.804  5405  9716 D SLM-SRV-SLAService: checktemp temperature = 39817 temperature_average = 39613 isPerformanceMode = false thermal_enable_slm = true
06-19 16:12:03.805  1265  1584 I SDM     : HWDeviceDRM::SetupConcurrentWriteback: Tear down the Concurrent Writeback topology
06-19 16:12:03.803  1265 29800 I SDM     : HWCSession::ProcessRequests: No pending cwb requests found in the queue.
06-19 16:12:03.812  1265 29801 I SDM     : HWCSession::NotifyCWBStatus: Notify the client about buffer status 0.
06-19 16:12:03.812  1265 29801 I SDM     : HWCSession::PerformFenceWaits: Remove current release fence from the pending fence wait queue.
06-19 16:12:03.812  1265 29801 I SDM     : HWCSession::PerformFenceWaits: CWB fence queue is empty. No pending release fence to wait on.
06-19 16:12:03.873  2018  3127 D libsensor-displayalgo: the value of  brightness:438.000000,R:18781811.588660,G:16635044.097718,B:32526411.313589,EVENT_C:3060.000000,EVENT_R:1145.500000,EVENT_G:1563.500000,EVENT_B:621.000000
06-19 16:12:03.873  2018  3127 I libsensor-displayalgo: the value of  Coef1:1107.681000,Coef4:2.383000, scale1:0.935522, scale4:0.923264
06-19 16:12:03.873  2018  3127 E libsensor-displayalgo: RGB_test_0407_400_oldzy!
06-19 16:12:03.874  2018  3127 I libsensor-displayalgo: the value of  RESULT1138.417400,439.291038,569.676580,209.138012
06-19 16:12:03.874  2018  3127 I libsensor-displayalgo: the value of  getChannelDataCalibrated1193.568497,406.868173,662.137470,228.260066
06-19 16:12:03.874  2018  3127 I libsensor-displayalgo: the value of  REAL LUX112.982697
06-19 16:12:03.874  2018  3127 I libsensor-displayalgo: the value of  CAL REAL LUX112.982697
06-19 16:12:03.899  1930  1967 I mstatdaemon: Entering time loop
06-19 16:12:03.899  1930  1967 I mstatdaemon: t = 1687162323
06-19 16:12:03.899  1930  1967 I mstatdaemon: translated_t = 1371172323
06-19 16:12:03.899  1930  1967 I mstat_log: mstatcommitLog log_alloc() failed
06-19 16:12:04.093  1265  2358 I vendor.qti.hardware.display.composer-service: FrameNotifyProcess Sensor: notify citsensorservice to trigger cwb
06-19 16:12:04.094  2018  3874 I libcitsensorservice@2.0-impl: msg_transfer
06-19 16:12:04.095  2018  3098 D vendor.xiaomi.sensor.citsensorservice@2.0-service: handle id:9 wxh:1280x2400 uwxuh:1080x2400 size: 9216000 fd:15 fd_meta:16 flags:0x4000228 usage:0x33  format:0x3 layer_count: 1
06-19 16:12:04.095  1265  1887 I SDM     : HWCSession::SetCWBOutputBuffer: CWB config passed by cwb_client : tappoint 1  CWB_ROI : (829.000000 4.000000 915.000000 90.000000)
06-19 16:12:04.096  1265 29802 I SDM     : HWCSession::ProcessRequests: Successfully configured CWB buffer.
06-19 16:12:04.113  1265 29802 I SDM     : HWCSession::ProcessRequests: Pushing release fence in fenece wait queue.
06-19 16:12:04.113  1265 29802 I SDM     : HWCSession::ProcessRequests: Creating AsyncFenceWaits async thread.
06-19 16:12:04.113  1265 29802 I SDM     : HWCSession::ProcessRequests: Remove current CWB request from the pending request queue.
06-19 16:12:04.114  1265 29802 I SDM     : HWCSession::ProcessRequests: No pending cwb requests found in the queue.
06-19 16:12:04.117  1265  1584 I SDM     : HWDeviceDRM::SetupConcurrentWriteback: Tear down the Concurrent Writeback topology
06-19 16:12:04.120  1265 29803 I SDM     : HWCSession::NotifyCWBStatus: Notify the client about buffer status 0.
06-19 16:12:04.122  1265 29803 I SDM     : HWCSession::PerformFenceWaits: Remove current release fence from the pending fence wait queue.
06-19 16:12:04.122  1265 29803 I SDM     : HWCSession::PerformFenceWaits: CWB fence queue is empty. No pending release fence to wait on.
06-19 16:12:04.174  2018  3127 D libsensor-displayalgo: the value of  brightness:438.000000,R:18781811.588660,G:16635044.097718,B:32526411.313589,EVENT_C:3060.500000,EVENT_R:1145.000000,EVENT_G:1563.000000,EVENT_B:620.500000
06-19 16:12:04.174  2018  3127 I libsensor-displayalgo: the value of  Coef1:1107.681000,Coef4:2.383000, scale1:0.935522, scale4:0.923264
06-19 16:12:04.174  2018  3127 E libsensor-displayalgo: RGB_test_0407_400_oldzy!
06-19 16:12:04.175  2018  3127 I libsensor-displayalgo: the value of  RESULT1138.417400,439.291038,569.676580,209.138012
06-19 16:12:04.176  2018  3127 I libsensor-displayalgo: the value of  getChannelDataCalibrated1193.568497,406.868173,662.137470,228.260066
06-19 16:12:04.176  2018  3127 I libsensor-displayalgo: the value of  REAL LUX113.054695
06-19 16:12:04.176  2018  3127 I libsensor-displayalgo: the value of  CAL REAL LUX113.054695
06-19 16:12:04.324  5809 29737 I SafeBinderCall: onPositionChange binder cost:0
06-19 16:12:04.324  4233  4233 D MiPlayDetailViewModel: onPositionChange(): position = 8797
06-19 16:12:04.336  5858  5858 D MilletUtils: checkDownload uid =10494 per=0 delTime=4005 delByte=549nowByte=664721072 before=664720523
06-19 16:12:04.336  5858  5858 D MilletUtils: broadcastMsg uid =10494 val=false delete
06-19 16:12:04.398  1265  2358 I vendor.qti.hardware.display.composer-service: FrameNotifyProcess Sensor: notify citsensorservice to trigger cwb
06-19 16:12:04.398  2018  3874 I libcitsensorservice@2.0-impl: msg_transfer
06-19 16:12:04.399  2018  3098 D vendor.xiaomi.sensor.citsensorservice@2.0-service: handle id:9 wxh:1280x2400 uwxuh:1080x2400 size: 9216000 fd:15 fd_meta:16 flags:0x4000228 usage:0x33  format:0x3 layer_count: 1
06-19 16:12:04.400  1265  1887 I SDM     : HWCSession::SetCWBOutputBuffer: CWB config passed by cwb_client : tappoint 1  CWB_ROI : (829.000000 4.000000 915.000000 90.000000)
06-19 16:12:04.401  1265 29804 I SDM     : HWCSession::ProcessRequests: Successfully configured CWB buffer.
06-19 16:12:04.408  1265 29804 I SDM     : HWCSession::ProcessRequests: Pushing release fence in fenece wait queue.
06-19 16:12:04.409  1265 29804 I SDM     : HWCSession::ProcessRequests: Creating AsyncFenceWaits async thread.
06-19 16:12:04.412  1265 29804 I SDM     : HWCSession::ProcessRequests: Remove current CWB request from the pending request queue.
06-19 16:12:04.412  1265 29804 I SDM     : HWCSession::ProcessRequests: No pending cwb requests found in the queue.
06-19 16:12:04.414  1265  1584 I SDM     : HWDeviceDRM::SetupConcurrentWriteback: Tear down the Concurrent Writeback topology
06-19 16:12:04.428  1265 29805 I SDM     : HWCSession::NotifyCWBStatus: Notify the client about buffer status 0.
06-19 16:12:04.428  1265 29805 I SDM     : HWCSession::PerformFenceWaits: Remove current release fence from the pending fence wait queue.
06-19 16:12:04.428  1265 29805 I SDM     : HWCSession::PerformFenceWaits: CWB fence queue is empty. No pending release fence to wait on.
06-19 16:12:04.474  2018  3127 D libsensor-displayalgo: the value of  brightness:438.000000,R:18781811.588660,G:16635044.097718,B:32526411.313589,EVENT_C:3056.500000,EVENT_R:1143.000000,EVENT_G:1562.000000,EVENT_B:620.500000
06-19 16:12:04.474  2018  3127 I libsensor-displayalgo: the value of  Coef1:1107.681000,Coef4:2.383000, scale1:0.935522, scale4:0.923264
06-19 16:12:04.474  2018  3127 E libsensor-displayalgo: RGB_test_0407_400_oldzy!
06-19 16:12:04.475  2018  3127 I libsensor-displayalgo: the value of  RESULT1138.417400,439.291038,569.676580,209.138012
06-19 16:12:04.475  2018  3127 I libsensor-displayalgo: the value of  getChannelDataCalibrated1193.568497,406.868173,662.137470,228.260066
06-19 16:12:04.475  2018  3127 I libsensor-displayalgo: the value of  REAL LUX112.802315
06-19 16:12:04.475  2018  3127 I libsensor-displayalgo: the value of  CAL REAL LUX112.802315
06-19 16:12:04.701  1265  2358 I vendor.qti.hardware.display.composer-service: FrameNotifyProcess Sensor: notify citsensorservice to trigger cwb
06-19 16:12:04.702  2018  2111 I libcitsensorservice@2.0-impl: msg_transfer
06-19 16:12:04.702  2018  3098 D vendor.xiaomi.sensor.citsensorservice@2.0-service: handle id:9 wxh:1280x2400 uwxuh:1080x2400 size: 9216000 fd:15 fd_meta:16 flags:0x4000228 usage:0x33  format:0x3 layer_count: 1
06-19 16:12:04.702  1265  1887 I SDM     : HWCSession::SetCWBOutputBuffer: CWB config passed by cwb_client : tappoint 1  CWB_ROI : (829.000000 4.000000 915.000000 90.000000)
06-19 16:12:04.703  1265 29807 I SDM     : HWCSession::ProcessRequests: Successfully configured CWB buffer.
06-19 16:12:04.712  1265 29807 I SDM     : HWCSession::ProcessRequests: Pushing release fence in fenece wait queue.
06-19 16:12:04.712  1265 29807 I SDM     : HWCSession::ProcessRequests: Creating AsyncFenceWaits async thread.
06-19 16:12:04.713  1265 29807 I SDM     : HWCSession::ProcessRequests: Remove current CWB request from the pending request queue.
06-19 16:12:04.713  1265 29807 I SDM     : HWCSession::ProcessRequests: No pending cwb requests found in the queue.
06-19 16:12:04.719  1265  1584 I SDM     : HWDeviceDRM::SetupConcurrentWriteback: Tear down the Concurrent Writeback topology
06-19 16:12:04.726  1265 29808 I SDM     : HWCSession::NotifyCWBStatus: Notify the client about buffer status 0.
06-19 16:12:04.726  1265 29808 I SDM     : HWCSession::PerformFenceWaits: Remove current release fence from the pending fence wait queue.
06-19 16:12:04.726  1265 29808 I SDM     : HWCSession::PerformFenceWaits: CWB fence queue is empty. No pending release fence to wait on.
06-19 16:12:04.774  2018  3127 D libsensor-displayalgo: the value of  brightness:438.000000,R:18781811.588660,G:16635044.097718,B:32526411.313589,EVENT_C:3058.500000,EVENT_R:1143.000000,EVENT_G:1562.500000,EVENT_B:621.000000
06-19 16:12:04.774  2018  3127 I libsensor-displayalgo: the value of  Coef1:1107.681000,Coef4:2.383000, scale1:0.935522, scale4:0.923264
06-19 16:12:04.774  2018  3127 E libsensor-displayalgo: RGB_test_0407_400_oldzy!
06-19 16:12:04.775  2018  3127 I libsensor-displayalgo: the value of  RESULT1138.417400,439.291038,569.676580,209.138012
06-19 16:12:04.775  2018  3127 I libsensor-displayalgo: the value of  getChannelDataCalibrated1193.568497,406.868173,662.137470,228.260066
06-19 16:12:04.775  2018  3127 I libsensor-displayalgo: the value of  REAL LUX112.925606
06-19 16:12:04.775  2018  3127 I libsensor-displayalgo: the value of  CAL REAL LUX112.925606
06-19 16:12:05.007  1265  2358 I vendor.qti.hardware.display.composer-service: FrameNotifyProcess Sensor: notify citsensorservice to trigger cwb
06-19 16:12:05.008  2018  7182 I libcitsensorservice@2.0-impl: msg_transfer
06-19 16:12:05.009  2018  3098 D vendor.xiaomi.sensor.citsensorservice@2.0-service: handle id:9 wxh:1280x2400 uwxuh:1080x2400 size: 9216000 fd:15 fd_meta:16 flags:0x4000228 usage:0x33  format:0x3 layer_count: 1
06-19 16:12:05.009  1265  1887 I SDM     : HWCSession::SetCWBOutputBuffer: CWB config passed by cwb_client : tappoint 1  CWB_ROI : (829.000000 4.000000 915.000000 90.000000)
06-19 16:12:05.010  1265 29809 I SDM     : HWCSession::ProcessRequests: Successfully configured CWB buffer.
06-19 16:12:05.020  2431  2637 W WindowManager: Unable to start animation, surface is null or no children.
06-19 16:12:05.021  1265 29809 I SDM     : HWCSession::ProcessRequests: Pushing release fence in fenece wait queue.
06-19 16:12:05.022  1265 29809 I SDM     : HWCSession::ProcessRequests: Creating AsyncFenceWaits async thread.
06-19 16:12:05.025  2431  2444 W InputManager-JNI: Input channel object '8aec58f Toast (client)' was disposed without first being removed with the input manager!
06-19 16:12:05.032  2431  3390 W NotificationService: Toast already killed. pkg=cn.missevan token=android.os.BinderProxy@d3f884c
06-19 16:12:05.034  1265 29809 I SDM     : HWCSession::ProcessRequests: Remove current CWB request from the pending request queue.
06-19 16:12:05.034  1265 29809 I SDM     : HWCSession::ProcessRequests: No pending cwb requests found in the queue.
06-19 16:12:05.035  1265  1584 I SDM     : HWDeviceDRM::SetupConcurrentWriteback: Tear down the Concurrent Writeback topology
06-19 16:12:05.049  1265 29811 I SDM     : HWCSession::NotifyCWBStatus: Notify the client about buffer status 0.
06-19 16:12:05.050  1265 29811 I SDM     : HWCSession::PerformFenceWaits: Remove current release fence from the pending fence wait queue.
06-19 16:12:05.050  1265 29811 I SDM     : HWCSession::PerformFenceWaits: CWB fence queue is empty. No pending release fence to wait on.
06-19 16:12:05.073  2018  3127 D libsensor-displayalgo: the value of  brightness:438.000000,R:18778880.130699,G:16632026.803731,B:32524032.680662,EVENT_C:3059.000000,EVENT_R:1144.000000,EVENT_G:1564.000000,EVENT_B:621.000000
06-19 16:12:05.073  2018  3127 I libsensor-displayalgo: the value of  Coef1:1107.681000,Coef4:2.383000, scale1:0.935522, scale4:0.923264
06-19 16:12:05.073  2018  3127 E libsensor-displayalgo: RGB_test_0407_400_oldzy!
06-19 16:12:05.074  2018  3127 I libsensor-displayalgo: the value of  RESULT1138.289238,439.241162,569.612010,209.116279
06-19 16:12:05.074  2018  3127 I libsensor-displayalgo: the value of  getChannelDataCalibrated1193.434125,406.821979,662.062420,228.236347
06-19 16:12:05.074  2018  3127 I libsensor-displayalgo: the value of  REAL LUX113.000664
06-19 16:12:05.074  2018  3127 I libsensor-displayalgo: the value of  CAL REAL LUX113.000664
06-19 16:12:05.313  1265  2358 I vendor.qti.hardware.display.composer-service: FrameNotifyProcess Sensor: notify citsensorservice to trigger cwb
06-19 16:12:05.313  2018  7182 I libcitsensorservice@2.0-impl: msg_transfer
06-19 16:12:05.314  2018  3098 D vendor.xiaomi.sensor.citsensorservice@2.0-service: handle id:9 wxh:1280x2400 uwxuh:1080x2400 size: 9216000 fd:15 fd_meta:16 flags:0x4000228 usage:0x33  format:0x3 layer_count: 1
06-19 16:12:05.314  1265  1887 I SDM     : HWCSession::SetCWBOutputBuffer: CWB config passed by cwb_client : tappoint 1  CWB_ROI : (829.000000 4.000000 915.000000 90.000000)
06-19 16:12:05.321  1265 29815 I SDM     : HWCSession::ProcessRequests: Successfully configured CWB buffer.
06-19 16:12:05.323  5809 29737 I SafeBinderCall: onPositionChange binder cost:0
06-19 16:12:05.325  4233  4233 D MiPlayDetailViewModel: onPositionChange(): position = 9797
06-19 16:12:05.337  1265 29815 I SDM     : HWCSession::ProcessRequests: Pushing release fence in fenece wait queue.
06-19 16:12:05.337  1265 29815 I SDM     : HWCSession::ProcessRequests: Creating AsyncFenceWaits async thread.
06-19 16:12:05.338  1265  1584 I SDM     : HWDeviceDRM::SetupConcurrentWriteback: Tear down the Concurrent Writeback topology
06-19 16:12:05.338  1265 29815 I SDM     : HWCSession::ProcessRequests: Remove current CWB request from the pending request queue.
06-19 16:12:05.338  1265 29815 I SDM     : HWCSession::ProcessRequests: No pending cwb requests found in the queue.
06-19 16:12:05.345  1265 29816 I SDM     : HWCSession::NotifyCWBStatus: Notify the client about buffer status 0.
06-19 16:12:05.347  1265 29816 I SDM     : HWCSession::PerformFenceWaits: Remove current release fence from the pending fence wait queue.
06-19 16:12:05.347  1265 29816 I SDM     : HWCSession::PerformFenceWaits: CWB fence queue is empty. No pending release fence to wait on.
06-19 16:12:05.373  2018  3127 D libsensor-displayalgo: the value of  brightness:438.000000,R:18778880.130699,G:16632026.803731,B:32524032.680662,EVENT_C:3055.000000,EVENT_R:1145.000000,EVENT_G:1563.000000,EVENT_B:622.000000
06-19 16:12:05.373  2018  3127 I libsensor-displayalgo: the value of  Coef1:1107.681000,Coef4:2.383000, scale1:0.935522, scale4:0.923264
06-19 16:12:05.373  2018  3127 E libsensor-displayalgo: RGB_test_0407_400_oldzy!
06-19 16:12:05.374  2018  3127 I libsensor-displayalgo: the value of  RESULT1138.289238,439.241162,569.612010,209.116279
06-19 16:12:05.374  2018  3127 I libsensor-displayalgo: the value of  getChannelDataCalibrated1193.434125,406.821979,662.062420,228.236347
06-19 16:12:05.374  2018  3127 I libsensor-displayalgo: the value of  REAL LUX112.553925
06-19 16:12:05.374  2018  3127 I libsensor-displayalgo: the value of  CAL REAL LUX112.553925
06-19 16:12:05.437  1175  8918 I vendor.qti.bluetooth@1.0-ibs_handler: ProcessIbsCmd: Received IBS_WAKE_IND: 0xFD
06-19 16:12:05.437  1175  8918 D vendor.qti.bluetooth@1.0-ibs_handler: SerialClockVote: vote for UART CLK ON
06-19 16:12:05.437  1175  8918 D vendor.qti.bluetooth@1.0-wake_lock: Acquire wakelock is acquired
06-19 16:12:05.437  1175  8918 I vendor.qti.bluetooth@1.0-ibs_handler: ProcessIbsCmd: Writing IBS_WAKE_ACK
06-19 16:12:05.444  5433  9212 E MiuiFastConnectService: check adv data not fast connect
06-19 16:12:05.478  1175  8918 I vendor.qti.bluetooth@1.0-ibs_handler: ProcessIbsCmd: Received IBS_SLEEP_IND: 0xFE
06-19 16:12:05.478  1175  8918 D vendor.qti.bluetooth@1.0-ibs_handler: SerialClockVote: vote for UART CLK OFF
06-19 16:12:05.496 28036 28074 I appium  : channel read: POST /wd/hub/session/54a9a095-7cb6-43d8-b4cf-aa8cde2a1e91/element
06-19 16:12:05.497 28036 28074 I appium  : FindElement command
06-19 16:12:05.500 28036 28074 I appium  : method: 'id', selector: 'cn.missevan:id/like'
06-19 16:12:05.500 28036 28074 I appium  : Waiting up to 100ms for the device to idle
06-19 16:12:05.606 28036 28074 W QueryController: Could not detect idle state.
06-19 16:12:05.617  1265  2358 I vendor.qti.hardware.display.composer-service: FrameNotifyProcess Sensor: notify citsensorservice to trigger cwb
06-19 16:12:05.617  2018  7182 I libcitsensorservice@2.0-impl: msg_transfer
06-19 16:12:05.618  2018  3098 D vendor.xiaomi.sensor.citsensorservice@2.0-service: handle id:9 wxh:1280x2400 uwxuh:1080x2400 size: 9216000 fd:15 fd_meta:16 flags:0x4000228 usage:0x33  format:0x3 layer_count: 1
06-19 16:12:05.618  1265  1887 I SDM     : HWCSession::SetCWBOutputBuffer: CWB config passed by cwb_client : tappoint 1  CWB_ROI : (829.000000 4.000000 915.000000 90.000000)
06-19 16:12:05.622  1265 29817 I SDM     : HWCSession::ProcessRequests: Successfully configured CWB buffer.
06-19 16:12:05.629  1175  8886 D vendor.qti.bluetooth@1.0-wake_lock: Release wakelock is released
06-19 16:12:05.633 28036 28074 W ByMatcher: Node returned null child: android.view.accessibility.AccessibilityNodeInfo@2ceb07; boundsInParent: Rect(0, 0 - 1080, 956); boundsInScreen: Rect(0, 220 - 1080, 1176); packageName: cn.missevan; className: android.widget.FrameLayout; text: null; error: null; maxTextLength: -1; stateDescription: null; contentDescription: null; tooltipText: null; viewIdResName: cn.missevan:id/danmakuView; checkable: false; checked: false; focusable: false; focused: false; selected: false; clickable: false; longClickable: false; contextClickable: false; enabled: true; password: false; scrollable: false; importantForAccessibility: false; visible: true; actions: [AccessibilityAction: ACTION_SELECT - null, AccessibilityAction: ACTION_CLEAR_SELECTION - null, AccessibilityAction: ACTION_ACCESSIBILITY_FOCUS - null, AccessibilityAction: ACTION_SHOW_ON_SCREEN - null]
06-19 16:12:05.633 28036 28074 W ByMatcher: Skipping null child (1 of 2)
06-19 16:12:05.634  1265 29817 I SDM     : HWCSession::ProcessRequests: Pushing release fence in fenece wait queue.
06-19 16:12:05.634  1265 29817 I SDM     : HWCSession::ProcessRequests: Creating AsyncFenceWaits async thread.
06-19 16:12:05.634  1265 29817 I SDM     : HWCSession::ProcessRequests: Remove current CWB request from the pending request queue.
06-19 16:12:05.634  1265 29817 I SDM     : HWCSession::ProcessRequests: No pending cwb requests found in the queue.
06-19 16:12:05.641 28036 28074 I appium  : AppiumResponse: {"sessionId":"54a9a095-7cb6-43d8-b4cf-aa8cde2a1e91","value":{"ELEMENT":"00000000-0000-0871-ffff-ffff00000bea","element-6066-11e4-a52e-4f735466cecf":"00000000-0000-0871-ffff-ffff00000bea"}}
06-19 16:12:05.641  1265  1584 I SDM     : HWDeviceDRM::SetupConcurrentWriteback: Tear down the Concurrent Writeback topology
06-19 16:12:05.655  1265 29818 I SDM     : HWCSession::NotifyCWBStatus: Notify the client about buffer status 0.
06-19 16:12:05.655 28036 28074 I appium  : channel read: POST /wd/hub/session/54a9a095-7cb6-43d8-b4cf-aa8cde2a1e91/element/00000000-0000-0871-ffff-ffff00000bea/click
06-19 16:12:05.655 28036 28074 I appium  : Click command
06-19 16:12:05.656  1265 29818 I SDM     : HWCSession::PerformFenceWaits: Remove current release fence from the pending fence wait queue.
06-19 16:12:05.656  1265 29818 I SDM     : HWCSession::PerformFenceWaits: CWB fence queue is empty. No pending release fence to wait on.
06-19 16:12:05.673  2018  3127 D libsensor-displayalgo: the value of  brightness:438.000000,R:18778880.130699,G:16632026.803731,B:32524032.680662,EVENT_C:3055.500000,EVENT_R:1143.000000,EVENT_G:1561.500000,EVENT_B:620.000000
06-19 16:12:05.673  2018  3127 I libsensor-displayalgo: the value of  Coef1:1107.681000,Coef4:2.383000, scale1:0.935522, scale4:0.923264
06-19 16:12:05.673  2018  3127 E libsensor-displayalgo: RGB_test_0407_400_oldzy!
06-19 16:12:05.673  2018  3127 I libsensor-displayalgo: the value of  RESULT1138.289238,439.241162,569.612010,209.116279
06-19 16:12:05.673  2018  3127 I libsensor-displayalgo: the value of  getChannelDataCalibrated1193.434125,406.821979,662.062420,228.236347
06-19 16:12:05.673  2018  3127 I libsensor-displayalgo: the value of  REAL LUX112.758850
06-19 16:12:05.673  2018  3127 I libsensor-displayalgo: the value of  CAL REAL LUX112.758850
06-19 16:12:05.806 28036 28074 W QueryController: Could not detect idle state.
06-19 16:12:05.911 28036 28074 W QueryController: Could not detect idle state.
06-19 16:12:05.921  1265  2358 I vendor.qti.hardware.display.composer-service: FrameNotifyProcess Sensor: notify citsensorservice to trigger cwb
06-19 16:12:05.922  2018  2111 I libcitsensorservice@2.0-impl: msg_transfer
06-19 16:12:05.922  2018  3098 D vendor.xiaomi.sensor.citsensorservice@2.0-service: handle id:9 wxh:1280x2400 uwxuh:1080x2400 size: 9216000 fd:15 fd_meta:16 flags:0x4000228 usage:0x33  format:0x3 layer_count: 1
06-19 16:12:05.923  1265  1887 I SDM     : HWCSession::SetCWBOutputBuffer: CWB config passed by cwb_client : tappoint 1  CWB_ROI : (829.000000 4.000000 915.000000 90.000000)
06-19 16:12:05.923  1265 29819 I SDM     : HWCSession::ProcessRequests: Successfully configured CWB buffer.
06-19 16:12:05.930  1265 29819 I SDM     : HWCSession::ProcessRequests: Pushing release fence in fenece wait queue.
06-19 16:12:05.931  1265 29819 I SDM     : HWCSession::ProcessRequests: Creating AsyncFenceWaits async thread.
06-19 16:12:05.931  1265 29819 I SDM     : HWCSession::ProcessRequests: Remove current CWB request from the pending request queue.
06-19 16:12:05.931  1265 29819 I SDM     : HWCSession::ProcessRequests: No pending cwb requests found in the queue.
06-19 16:12:05.936  2431  3921 D MIUIInput: Input event injection from pid 28021, MotionEvent: DOWN
06-19 16:12:05.937  1265  1584 I SDM     : HWDeviceDRM::SetupConcurrentWriteback: Tear down the Concurrent Writeback topology
06-19 16:12:05.937  2431  2938 D MIUIInput: [MotionEvent] publisher action=0x4, 355310527, channel '7c87e50 NavigationBar0 (server)'
06-19 16:12:05.937  2431  2938 D MIUIInput: [MotionEvent] publisher action=0x0, 355310527, channel '7619516 cn.missevan/cn.missevan.activity.MainActivity (server)'
06-19 16:12:05.938 28105 28105 D MIUIInput: [MotionEvent] ViewRootImpl windowName 'cn.missevan/cn.missevan.activity.MainActivity', { action=ACTION_DOWN, id[0]=0, pointerCount=1, eventTime=355310527, downTime=355310526, phoneEventTime=16:12:05.926 } moveCount:0
06-19 16:12:05.940  2431  4484 D MIUIInput: Input event injection from pid 28021, MotionEvent: UP
06-19 16:12:05.940  2431  2938 D MIUIInput: [MotionEvent] publisher action=0x1, 355310527, channel '7619516 cn.missevan/cn.missevan.activity.MainActivity (server)'
06-19 16:12:05.941 28105 28105 D MIUIInput: [MotionEvent] ViewRootImpl windowName 'cn.missevan/cn.missevan.activity.MainActivity', { action=ACTION_UP, id[0]=0, pointerCount=1, eventTime=355310527, downTime=355310526, phoneEventTime=16:12:05.927 } moveCount:0
06-19 16:12:05.944  1265 29820 I SDM     : HWCSession::NotifyCWBStatus: Notify the client about buffer status 0.
06-19 16:12:05.945  1265 29820 I SDM     : HWCSession::PerformFenceWaits: Remove current release fence from the pending fence wait queue.
06-19 16:12:05.945  1265 29820 I SDM     : HWCSession::PerformFenceWaits: CWB fence queue is empty. No pending release fence to wait on.
06-19 16:12:05.954 28036 28074 I appium  : Waiting up to 100ms for the device to idle
06-19 16:12:05.973  2018  3127 D libsensor-displayalgo: the value of  brightness:438.000000,R:18778880.130699,G:16632026.803731,B:32524032.680662,EVENT_C:3060.000000,EVENT_R:1143.500000,EVENT_G:1564.500000,EVENT_B:621.500000
06-19 16:12:05.973  2018  3127 I libsensor-displayalgo: the value of  Coef1:1107.681000,Coef4:2.383000, scale1:0.935522, scale4:0.923264
06-19 16:12:05.973  2018  3127 E libsensor-displayalgo: RGB_test_0407_400_oldzy!
06-19 16:12:05.973  2018  3127 I libsensor-displayalgo: the value of  RESULT1138.289238,439.241162,569.612010,209.116279
06-19 16:12:05.973  2018  3127 I libsensor-displayalgo: the value of  getChannelDataCalibrated1193.434125,406.821979,662.062420,228.236347
06-19 16:12:05.973  2018  3127 I libsensor-displayalgo: the value of  REAL LUX113.072227
06-19 16:12:05.973  2018  3127 I libsensor-displayalgo: the value of  CAL REAL LUX113.072227
06-19 16:12:06.118 28036 28074 W QueryController: Could not detect idle state.
06-19 16:12:06.122 28036 28074 I appium  : AppiumResponse: {"sessionId":"54a9a095-7cb6-43d8-b4cf-aa8cde2a1e91","value":null}
06-19 16:12:06.135 28036 28074 I appium  : channel read: POST /wd/hub/session/54a9a095-7cb6-43d8-b4cf-aa8cde2a1e91/element
06-19 16:12:06.136 28036 28074 I appium  : FindElement command
06-19 16:12:06.137 28036 28074 I appium  : method: 'xpath', selector: '//*[@class="android.widget.Toast"]'
06-19 16:12:06.137 28036 28074 I appium  : Waiting up to 100ms for the device to idle
06-19 16:12:06.147  5809  5809 I MiPlayProxyDeviceManager: onTopActiveSessionChange, cn.missevan
06-19 16:12:06.149  5809  5809 I SafeBinderCall: onTopActiveSessionChange binder cost:0
06-19 16:12:06.151  5809  5809 I SafeBinderCall: onMediaMetaChange binder cost:1
06-19 16:12:06.153  5809  6131 I SafeBinderCall: onActiveAudioSessionChange binder cost:4
06-19 16:12:06.156  5809  5809 I Cir_Miplay_ActiveAudioSessionManager: dispatchTopActiveSessionChangeCallbackLocked, size:1
06-19 16:12:06.157  5809  5809 I Cir_Miplay_MiPlayAudioService: onTopActiveSessionChange, cn.missevan
06-19 16:12:06.157  5809  5809 I Cir_Miplay_MiPlayAudioService: topActiveSessionChange appId:cn.missevan
06-19 16:12:06.157  5809  5809 I Cir_Miplay_MiPlayAudioStatUtils: recordPackageName:cn.missevan
06-19 16:12:06.157  5809  5809 I Cir_Miplay_MiPlayAudioStatUtils: packageNameEquals.
06-19 16:12:06.158  5809  5809 I Cir_Miplay_ActiveSessionRecord: dispatch meta change, MediaMetaData{mArtist='null', mAlbum='null', mTitle='他似晨风起 | 第一期ED 《我爱你的四种写法》', mArt=valid, mDuration=198997, mLrc='null'}
06-19 16:12:06.158  5809  5809 I Cir_Miplay_MiPlayAudioService: dispatchMetaChange:cn.missevan  ActiveSsionPackageName:cn.missevan
06-19 16:12:06.162  5809 14611 I Cir_Miplay_MiPlayAudioService: dispatchMetaChange:MediaMetaData{mArtist='null', mAlbum='null', mTitle='他似晨风起 | 第一期ED 《我爱你的四种写法》', mArt=valid, mDuration=198997, mLrc='null'}
06-19 16:12:06.163  5809 14611 I Cir_Miplay_MetaInfoManager: setMetadata.
06-19 16:12:06.162  4233  4233 D MiPlayDetailViewModel: onMediaMetaChange(): metaData.title = 他似晨风起 | 第一期ED 《我爱你的四种写法》
06-19 16:12:06.163  8770  8973 V Avrcp_ext: onMetadataChanged
06-19 16:12:06.163  4233  4233 D MiPlayDetailViewModel: onActiveAudioSessionChange(): audioSessionList?.size = 1
06-19 16:12:06.164  5809  5809 I MiPlayClientSDK: =======================================================================
06-19 16:12:06.164  5809  5809 I MiPlayClientSDK: onMediaInfoChange start
06-19 16:12:06.164  5809  5809 I MiPlayClientSDK: local_device_id, MediaMetaData{mArtist='null', mAlbum='null', mTitle='他似晨风起 | 第一期ED 《我爱你的四种写法》', mDuration=198997, mId='', mCoverUrl='', mStatus=0, mVolume=0, mArt=android.graphics.Bitmap@2b755ef, mPosition=0, mLrc='null', mPackgeName='cn.missevan', mSourceName='2738969101的Xiaomi Civi 2', mDeviceState=2}
06-19 16:12:06.164  5809  5809 I MiPlayClientSDK: onMediaInfoChange end
06-19 16:12:06.164  5809  5809 I MiPlayClientSDK: =======================================================================
06-19 16:12:06.164  5809  5809 I MiPlayProxyDeviceManager: onMediaInfoChange
06-19 16:12:06.164  5809  5809 I MiPlay  : onMediaMetaChanged,local_device_id, meta:MediaMetaData{mArtist='null', mAlbum='null', mTitle='他似晨风起 | 第一期ED 《我爱你的四种写法》', mDuration=198997, art:valid}
06-19 16:12:06.168  8770  8973 V Avrcp_ext: updateCurrentMediaState: mMediaController: MediaController (cn.missevan@ce952d) 他似晨风起 | 第一期ED 《我爱你的四种写法》, null, null
06-19 16:12:06.168  8770  8973 V Avrcp_ext: updateCurrentMediaState: isPlaying = false
06-19 16:12:06.168  8770  8973 W Avrcp_ext: isMusicActive: true getBluetoothPlayState: 1 A2dp State: 11 mAudioPlaybackIsActive: true
06-19 16:12:06.168  8770  8973 D Avrcp_ext: isMusicActive = true mAudioPlaybackIsActive = true player state = PlaybackState {state=3, position=10642, buffered position=0, speed=1.0, updated=450899771, actions=894, custom actions=[], active item id=-1, error=null}
06-19 16:12:06.169  8770  8973 D Avrcp_ext: overwrite album_artist :if album is blank
06-19 16:12:06.170  8770  8973 V Avrcp_ext: Media update: id -1➡-1? [MediaAttributes: 他⋯》 -  by  (198997 0/0) - ] : [MediaAttributes: 他⋯》 -  by  (198997 0/0) - ]
06-19 16:12:06.170  8770  8973 D Avrcp_ext: isPackageNameValid: browsedPackage = cn.missevanisValid = true
06-19 16:12:06.170  8770  8973 V Avrcp_ext: isBrowseSupported for cn.missevan: false
06-19 16:12:06.170  8770  8973 V Avrcp_ext: updatePlaybackState, state: PlaybackState {state=3, position=10642, buffered position=0, speed=1.0, updated=450899771, actions=894, custom actions=[], active item id=-1, error=null} device: null
06-19 16:12:06.170  8770  8973 V Avrcp_ext: Device: no name:
06-19 16:12:06.170  8770  8973 V Avrcp_ext: Device: no name:
06-19 16:12:06.170  8770  8973 V Avrcp_ext: Device: no name:
06-19 16:12:06.170  8770  8973 V Avrcp_ext: Device: no name:
06-19 16:12:06.170  8770  8973 V Avrcp_ext: Device: no name:
06-19 16:12:06.170  8770  8973 V Avrcp_ext: updatePlayerStateAndPosition, old=PlaybackState {state=3, position=798, buffered position=0, speed=1.0, updated=450889927, actions=894, custom actions=[], active item id=-1, error=null}, state=PlaybackState {state=3, position=10642, buffered position=0, speed=1.0, updated=450899771, actions=894, custom actions=[], active item id=-1, error=null}
06-19 16:12:06.170  8770  8973 V Avrcp_ext: old state = PlaybackState {state=3, position=798, buffered position=0, speed=1.0, updated=450889927, actions=894, custom actions=[], active item id=-1, error=null}, new state= PlaybackState {state=3, position=10642, buffered position=0, speed=1.0, updated=450899771, actions=894, custom actions=[], active item id=-1, error=null}
06-19 16:12:06.170  8770  8973 D HeadsetService: getHeadsetService(): returning com.android.bluetooth.hfp.HeadsetService@7e2faf
06-19 16:12:06.170  8770  8973 D HeadsetService:  isAudioOn: The number of audio connected devices 0
06-19 16:12:06.170  8770  8973 D HeadsetService: isScoOrCallActive(): Call Active:falseCall is Ringing:falseSCO is Active:false
06-19 16:12:06.170  8770  8973 D HeadsetService:  isAudioOn: The number of audio connected devices 0
06-19 16:12:06.170  8770  8973 V Avrcp_ext: isPlayStateTobeUpdated: device: null
06-19 16:12:06.170  8770  8973 V Avrcp_ext: Single connection exists
06-19 16:12:06.170  8770  8973 D HeadsetService:  isAudioOn: The number of audio connected devices 0
06-19 16:12:06.170  8770  8973 D HeadsetService: isScoOrCallActive(): Call Active:falseCall is Ringing:falseSCO is Active:false
06-19 16:12:06.170  8770  8973 D HeadsetService:  isAudioOn: The number of audio connected devices 0
06-19 16:12:06.171  8770  8973 V Avrcp_ext: isPlayStateTobeUpdated: device: null
06-19 16:12:06.171  8770  8973 V Avrcp_ext: Single connection exists
06-19 16:12:06.171  8770  8973 D HeadsetService:  isAudioOn: The number of audio connected devices 0
06-19 16:12:06.171  8770  8973 D HeadsetService: isScoOrCallActive(): Call Active:falseCall is Ringing:falseSCO is Active:false
06-19 16:12:06.171  8770  8973 D HeadsetService:  isAudioOn: The number of audio connected devices 0
06-19 16:12:06.171  8770  8973 V Avrcp_ext: isPlayStateTobeUpdated: device: null
06-19 16:12:06.171  8770  8973 V Avrcp_ext: Single connection exists
06-19 16:12:06.171  8770  8973 D HeadsetService:  isAudioOn: The number of audio connected devices 0
06-19 16:12:06.171  8770  8973 D HeadsetService: isScoOrCallActive(): Call Active:falseCall is Ringing:falseSCO is Active:false
06-19 16:12:06.171  8770  8973 D HeadsetService:  isAudioOn: The number of audio connected devices 0
06-19 16:12:06.171  8770  8973 V Avrcp_ext: isPlayStateTobeUpdated: device: null
06-19 16:12:06.171  8770  8973 V Avrcp_ext: Single connection exists
06-19 16:12:06.171  8770  8973 D HeadsetService:  isAudioOn: The number of audio connected devices 0
06-19 16:12:06.171  8770  8973 D HeadsetService: isScoOrCallActive(): Call Active:falseCall is Ringing:falseSCO is Active:false
06-19 16:12:06.171  8770  8973 D HeadsetService:  isAudioOn: The number of audio connected devices 0
06-19 16:12:06.171  8770  8973 V Avrcp_ext: isPlayStateTobeUpdated: device: null
06-19 16:12:06.171  8770  8973 V Avrcp_ext: Single connection exists
06-19 16:12:06.171  8770  8973 D Avrcp_ext: Enter sendPlayPosNotificationRsp
06-19 16:12:06.171  8770  8973 D Avrcp_ext: sendPlayPosNotificationRsp: Not registered or requesting.
06-19 16:12:06.171  8770  8973 D Avrcp_ext: Enter sendPlayPosNotificationRsp
06-19 16:12:06.171  8770  8973 D Avrcp_ext: sendPlayPosNotificationRsp: Not registered or requesting.
06-19 16:12:06.171  8770  8973 D Avrcp_ext: Enter sendPlayPosNotificationRsp
06-19 16:12:06.171  8770  8973 D Avrcp_ext: sendPlayPosNotificationRsp: Not registered or requesting.
06-19 16:12:06.171  8770  8973 D Avrcp_ext: Enter sendPlayPosNotificationRsp
06-19 16:12:06.171  8770  8973 D Avrcp_ext: sendPlayPosNotificationRsp: Not registered or requesting.
06-19 16:12:06.171  8770  8973 D Avrcp_ext: Enter sendPlayPosNotificationRsp
06-19 16:12:06.171  8770  8973 D Avrcp_ext: sendPlayPosNotificationRsp: Not registered or requesting.
06-19 16:12:06.171  8770  8973 V Avrcp_ext: Exit updatePlayerStateAndPosition
06-19 16:12:06.178  4233  4233 I SafeBinderCall: call getMediaMetaData binder cost:2
06-19 16:12:06.179  4233  4233 I SafeBinderCall: call getPosition binder cost:1
06-19 16:12:06.180  4233  4233 I SafeBinderCall: call getPlaybackState binder cost:1
06-19 16:12:06.188  2431  4925 I WindowManagerService: Physical orientation applied, rotation=0 sfOrientation=ORIENTATION_0
06-19 16:12:06.205 28105 28125 I cn.missevan: This is sticky GC, maxfree is 8388608 minfree is 2097152
06-19 16:12:06.226  1265  2358 I vendor.qti.hardware.display.composer-service: FrameNotifyProcess Sensor: notify citsensorservice to trigger cwb
06-19 16:12:06.226  2018  3874 I libcitsensorservice@2.0-impl: msg_transfer
06-19 16:12:06.226  2018  3098 D vendor.xiaomi.sensor.citsensorservice@2.0-service: handle id:9 wxh:1280x2400 uwxuh:1080x2400 size: 9216000 fd:15 fd_meta:16 flags:0x4000228 usage:0x33  format:0x3 layer_count: 1
06-19 16:12:06.227  1265  1887 I SDM     : HWCSession::SetCWBOutputBuffer: CWB config passed by cwb_client : tappoint 1  CWB_ROI : (829.000000 4.000000 915.000000 90.000000)
06-19 16:12:06.262  1265 29822 I SDM     : HWCSession::ProcessRequests: Successfully configured CWB buffer.
06-19 16:12:06.269  1265 29822 I SDM     : HWCSession::ProcessRequests: Pushing release fence in fenece wait queue.
06-19 16:12:06.269  1265 29822 I SDM     : HWCSession::ProcessRequests: Creating AsyncFenceWaits async thread.
06-19 16:12:06.273  2018  3127 D libsensor-displayalgo: the value of  brightness:438.000000,R:18778880.130699,G:16632026.803731,B:32524032.680662,EVENT_C:3060.000000,EVENT_R:1143.500000,EVENT_G:1564.500000,EVENT_B:621.500000
06-19 16:12:06.273  2018  3127 I libsensor-displayalgo: the value of  Coef1:1107.681000,Coef4:2.383000, scale1:0.935522, scale4:0.923264
06-19 16:12:06.273  2018  3127 E libsensor-displayalgo: RGB_test_0407_400_oldzy!
06-19 16:12:06.273  2018  3127 I libsensor-displayalgo: the value of  RESULT1138.289238,439.241162,569.612010,209.116279
06-19 16:12:06.273  2018  3127 I libsensor-displayalgo: the value of  getChannelDataCalibrated1193.434125,406.821979,662.062420,228.236347
06-19 16:12:06.273  2018  3127 I libsensor-displayalgo: the value of  REAL LUX113.072227
06-19 16:12:06.273  2018  3127 I libsensor-displayalgo: the value of  CAL REAL LUX113.072227
06-19 16:12:06.278  1265 29822 I SDM     : HWCSession::ProcessRequests: Remove current CWB request from the pending request queue.
06-19 16:12:06.280  1265  1584 I SDM     : HWDeviceDRM::SetupConcurrentWriteback: Tear down the Concurrent Writeback topology
06-19 16:12:06.281  1265 29822 I SDM     : HWCSession::ProcessRequests: No pending cwb requests found in the queue.
06-19 16:12:06.290  1265 29823 I SDM     : HWCSession::NotifyCWBStatus: Notify the client about buffer status 0.
06-19 16:12:06.290  1265 29823 I SDM     : HWCSession::PerformFenceWaits: Remove current release fence from the pending fence wait queue.
06-19 16:12:06.290  1265 29823 I SDM     : HWCSession::PerformFenceWaits: CWB fence queue is empty. No pending release fence to wait on.
06-19 16:12:06.318 28036 28074 W QueryController: Could not detect idle state.
06-19 16:12:06.320 28036 28074 I appium  : The following attributes will be included to the page source: [class]
06-19 16:12:06.324  4233  4233 D MiPlayDetailViewModel: onPositionChange(): position = 10798
06-19 16:12:06.324  5809 29737 I SafeBinderCall: onPositionChange binder cost:0
06-19 16:12:06.361 28036 28074 I appium  : The child node #1 of android.view.accessibility.AccessibilityNodeInfo@2ceb07; boundsInParent: Rect(0, 0 - 1080, 956); boundsInScreen: Rect(0, 220 - 1080, 1176); packageName: cn.missevan; className: android.widget.FrameLayout; text: null; error: null; maxTextLength: -1; stateDescription: null; contentDescription: null; tooltipText: null; viewIdResName: cn.missevan:id/danmakuView; checkable: false; checked: false; focusable: false; focused: false; selected: false; clickable: false; longClickable: false; contextClickable: false; enabled: true; password: false; scrollable: false; importantForAccessibility: false; visible: true; actions: [AccessibilityAction: ACTION_SELECT - null, AccessibilityAction: ACTION_CLEAR_SELECTION - null, AccessibilityAction: ACTION_ACCESSIBILITY_FOCUS - null, AccessibilityAction: ACTION_SHOW_ON_SCREEN - null] is null
06-19 16:12:06.404  5294 11203 W MiuiPerfServiceClient: interceptAndQueuing:28105|cn.missevan|97|55|355310817108155|Slow handle traversal|3
06-19 16:12:06.482 28036 28074 I appium  : Adding toast message to root: 成功添加到喜欢
06-19 16:12:06.532  1265  2358 I vendor.qti.hardware.display.composer-service: FrameNotifyProcess Sensor: notify citsensorservice to trigger cwb
06-19 16:12:06.533  2018  2111 I libcitsensorservice@2.0-impl: msg_transfer
06-19 16:12:06.534  2018  3098 D vendor.xiaomi.sensor.citsensorservice@2.0-service: handle id:9 wxh:1280x2400 uwxuh:1080x2400 size: 9216000 fd:15 fd_meta:16 flags:0x4000228 usage:0x33  format:0x3 layer_count: 1
06-19 16:12:06.534  1265  1887 I SDM     : HWCSession::SetCWBOutputBuffer: CWB config passed by cwb_client : tappoint 1  CWB_ROI : (829.000000 4.000000 915.000000 90.000000)
06-19 16:12:06.534  1265 29824 I SDM     : HWCSession::ProcessRequests: Successfully configured CWB buffer.
06-19 16:12:06.545  1265 29824 I SDM     : HWCSession::ProcessRequests: Pushing release fence in fenece wait queue.
06-19 16:12:06.545  1265 29824 I SDM     : HWCSession::ProcessRequests: Creating AsyncFenceWaits async thread.
06-19 16:12:06.545  1265 29824 I SDM     : HWCSession::ProcessRequests: Remove current CWB request from the pending request queue.
06-19 16:12:06.546  1265 29824 I SDM     : HWCSession::ProcessRequests: No pending cwb requests found in the queue.
06-19 16:12:06.548  1265  1584 I SDM     : HWDeviceDRM::SetupConcurrentWriteback: Tear down the Concurrent Writeback topology
06-19 16:12:06.554 28036 28074 I appium  : Took 0ms to retrieve 1 matches for '//*[@class="android.widget.Toast"]' XPath query
06-19 16:12:06.556 28036 28074 I appium  : AppiumResponse: {"sessionId":"54a9a095-7cb6-43d8-b4cf-aa8cde2a1e91","value":{"ELEMENT":"e1f3347f-c742-473f-9dee-1d0550bc18b8","element-6066-11e4-a52e-4f735466cecf":"e1f3347f-c742-473f-9dee-1d0550bc18b8"}}
06-19 16:12:06.565  1265 29825 I SDM     : HWCSession::NotifyCWBStatus: Notify the client about buffer status 0.
06-19 16:12:06.565  1265 29825 I SDM     : HWCSession::PerformFenceWaits: Remove current release fence from the pending fence wait queue.
06-19 16:12:06.565  1265 29825 I SDM     : HWCSession::PerformFenceWaits: CWB fence queue is empty. No pending release fence to wait on.
06-19 16:12:06.570 28036 28074 I appium  : channel read: GET /wd/hub/session/54a9a095-7cb6-43d8-b4cf-aa8cde2a1e91/element/e1f3347f-c742-473f-9dee-1d0550bc18b8/attribute/text
06-19 16:12:06.571 28036 28074 I appium  : GetElementAttribute command
06-19 16:12:06.573  2018  3127 D libsensor-displayalgo: the value of  brightness:438.000000,R:18778880.130699,G:16632026.803731,B:32524032.680662,EVENT_C:3060.500000,EVENT_R:1144.500000,EVENT_G:1562.500000,EVENT_B:621.000000
06-19 16:12:06.573  2018  3127 I libsensor-displayalgo: the value of  Coef1:1107.681000,Coef4:2.383000, scale1:0.935522, scale4:0.923264
06-19 16:12:06.573  2018  3127 E libsensor-displayalgo: RGB_test_0407_400_oldzy!
06-19 16:12:06.574  2018  3127 I libsensor-displayalgo: the value of  RESULT1138.289238,439.241162,569.612010,209.116279
06-19 16:12:06.574  2018  3127 I libsensor-displayalgo: the value of  getChannelDataCalibrated1193.434125,406.821979,662.062420,228.236347
06-19 16:12:06.574  2018  3127 I libsensor-displayalgo: the value of  REAL LUX113.019417
06-19 16:12:06.574  2018  3127 I libsensor-displayalgo: the value of  CAL REAL LUX113.019417
06-19 16:12:06.632 28278 29174 D AudioTrack: [audioTrackData][fine] 55s(f:55028 m:1107 s:241 k:0) : pid 28278 uid 10494 sessionId 1625 sr 44100 ch 2 fmt 1
06-19 16:12:06.737 28036 28074 W QueryController: Could not detect idle state.
06-19 16:12:06.737 28036 28074 I appium  : The element identified by 'e1f3347f-c742-473f-9dee-1d0550bc18b8' has been reported as stale (null). Trying to restore it
06-19 16:12:06.738 28036 28074 I appium  : The following attributes will be included to the page source: [class]
06-19 16:12:06.756 28036 28074 I appium  : The child node #1 of android.view.accessibility.AccessibilityNodeInfo@2ceb07; boundsInParent: Rect(0, 0 - 1080, 956); boundsInScreen: Rect(0, 220 - 1080, 1176); packageName: cn.missevan; className: android.widget.FrameLayout; text: null; error: null; maxTextLength: -1; stateDescription: null; contentDescription: null; tooltipText: null; viewIdResName: cn.missevan:id/danmakuView; checkable: false; checked: false; focusable: false; focused: false; selected: false; clickable: false; longClickable: false; contextClickable: false; enabled: true; password: false; scrollable: false; importantForAccessibility: false; visible: true; actions: [AccessibilityAction: ACTION_SELECT - null, AccessibilityAction: ACTION_CLEAR_SELECTION - null, AccessibilityAction: ACTION_ACCESSIBILITY_FOCUS - null, AccessibilityAction: ACTION_SHOW_ON_SCREEN - null] is null
06-19 16:12:06.758 28036 28074 I appium  : Adding toast message to root: 成功添加到喜欢
06-19 16:12:06.814 28036 28074 I appium  : Took 0ms to retrieve 1 matches for '//*[@class="android.widget.Toast"]' XPath query
06-19 16:12:06.816 28036 28074 I appium  : AppiumResponse: {"sessionId":"54a9a095-7cb6-43d8-b4cf-aa8cde2a1e91","value":"成功添加到喜欢"}
06-19 16:12:06.836  1265  2358 I vendor.qti.hardware.display.composer-service: FrameNotifyProcess Sensor: notify citsensorservice to trigger cwb
06-19 16:12:06.836  2018  7182 I libcitsensorservice@2.0-impl: msg_transfer
06-19 16:12:06.836  2018  3098 D vendor.xiaomi.sensor.citsensorservice@2.0-service: handle id:9 wxh:1280x2400 uwxuh:1080x2400 size: 9216000 fd:15 fd_meta:16 flags:0x4000228 usage:0x33  format:0x3 layer_count: 1
06-19 16:12:06.837  1265  1887 I SDM     : HWCSession::SetCWBOutputBuffer: CWB config passed by cwb_client : tappoint 1  CWB_ROI : (829.000000 4.000000 915.000000 90.000000)
06-19 16:12:06.838  1265 29826 I SDM     : HWCSession::ProcessRequests: Successfully configured CWB buffer.
06-19 16:12:06.845  1265 29826 I SDM     : HWCSession::ProcessRequests: Pushing release fence in fenece wait queue.
06-19 16:12:06.845  1265 29826 I SDM     : HWCSession::ProcessRequests: Creating AsyncFenceWaits async thread.
06-19 16:12:06.845  1265 29826 I SDM     : HWCSession::ProcessRequests: Remove current CWB request from the pending request queue.
06-19 16:12:06.846  1265 29826 I SDM     : HWCSession::ProcessRequests: No pending cwb requests found in the queue.
06-19 16:12:06.851  1265  1584 I SDM     : HWDeviceDRM::SetupConcurrentWriteback: Tear down the Concurrent Writeback topology
06-19 16:12:06.859  1265 29827 I SDM     : HWCSession::NotifyCWBStatus: Notify the client about buffer status 0.
06-19 16:12:06.860  1265 29827 I SDM     : HWCSession::PerformFenceWaits: Remove current release fence from the pending fence wait queue.
06-19 16:12:06.860  1265 29827 I SDM     : HWCSession::PerformFenceWaits: CWB fence queue is empty. No pending release fence to wait on.
06-19 16:12:06.873  2018  3127 D libsensor-displayalgo: the value of  brightness:438.000000,R:18778880.130699,G:16632026.803731,B:32524032.680662,EVENT_C:3060.000000,EVENT_R:1145.000000,EVENT_G:1563.000000,EVENT_B:621.000000
06-19 16:12:06.873  2018  3127 I libsensor-displayalgo: the value of  Coef1:1107.681000,Coef4:2.383000, scale1:0.935522, scale4:0.923264
06-19 16:12:06.873  2018  3127 E libsensor-displayalgo: RGB_test_0407_400_oldzy!
06-19 16:12:06.874  2018  3127 I libsensor-displayalgo: the value of  RESULT1138.289238,439.241162,569.612010,209.116279
06-19 16:12:06.874  2018  3127 I libsensor-displayalgo: the value of  getChannelDataCalibrated1193.434125,406.821979,662.062420,228.236347
06-19 16:12:06.874  2018  3127 I libsensor-displayalgo: the value of  REAL LUX112.988045
06-19 16:12:06.874  2018  3127 I libsensor-displayalgo: the value of  CAL REAL LUX112.988045
06-19 16:12:07.021  2431  2637 W WindowManager: Unable to start animation, surface is null or no children.
06-19 16:12:07.140  1265  2358 I vendor.qti.hardware.display.composer-service: FrameNotifyProcess Sensor: notify citsensorservice to trigger cwb
06-19 16:12:07.142  2018  7182 I libcitsensorservice@2.0-impl: msg_transfer
06-19 16:12:07.143  2018  3098 D vendor.xiaomi.sensor.citsensorservice@2.0-service: handle id:9 wxh:1280x2400 uwxuh:1080x2400 size: 9216000 fd:15 fd_meta:16 flags:0x4000228 usage:0x33  format:0x3 layer_count: 1
06-19 16:12:07.144  1265  1887 I SDM     : HWCSession::SetCWBOutputBuffer: CWB config passed by cwb_client : tappoint 1  CWB_ROI : (829.000000 4.000000 915.000000 90.000000)
06-19 16:12:07.153  1265 29829 I SDM     : HWCSession::ProcessRequests: Successfully configured CWB buffer.
06-19 16:12:07.160  1265 29829 I SDM     : HWCSession::ProcessRequests: Pushing release fence in fenece wait queue.
06-19 16:12:07.160  1265 29829 I SDM     : HWCSession::ProcessRequests: Creating AsyncFenceWaits async thread.
06-19 16:12:07.160  1265 29829 I SDM     : HWCSession::ProcessRequests: Remove current CWB request from the pending request queue.
06-19 16:12:07.160  1265 29829 I SDM     : HWCSession::ProcessRequests: No pending cwb requests found in the queue.
