07-12 11:01:17.639  6407  7011 D PowerCheckerService: onBatteryChanged, mBatteryLevel = 100, status = 2, level = 100, plug = 2, scale = 100
07-12 11:01:17.639  6407  6935 D PowerKeeper.FrozenApp: onBatteryChanged plug=true mBatteryPlugged=2
07-12 11:01:17.639  2906  2906 D DeviceStatisticsService: chargerType=2 batteryLevel=100 totalBatteryCapacity=4260400
07-12 11:01:17.639  2906  2906 D DeviceInfoHidlClient: getPowerInfoSupportStatus()=-1
07-12 11:01:17.640  5492  6796 D VA_UploadVoiceJobService: needUploadVoice timeSinceLastUpload = 4673447
07-12 11:01:17.640  4928  7112 I android_os_HwBinder: HwBinder: Starting thread pool for getting: vendor.xiaomi.hardware.micharge@1.0::IMiCharge/default
07-12 11:01:17.640   968  5232 I vendor.xiaomi.hardware.micharge@1.0-service: ReadFilePathValue path = /sys/class/power_supply/battery/night_charging value = 0
07-12 11:01:17.640  4928  7112 I ChargeProtectionUtils: getNightChargingState: 0
07-12 11:01:17.651   904  3454 I vendor.qti.bluetooth@1.0-ibs_handler: ProcessIbsCmd: Received IBS_SLEEP_IND: 0xFE
07-12 11:01:17.651   904  3454 D vendor.qti.bluetooth@1.0-ibs_handler: SerialClockVote: vote for UART CLK OFF
07-12 11:01:17.801   904  3130 D vendor.qti.bluetooth@1.0-wake_lock: Release wakelock is released
07-12 11:01:18.294   904  3454 I vendor.qti.bluetooth@1.0-ibs_handler: ProcessIbsCmd: Received IBS_WAKE_IND: 0xFD
07-12 11:01:18.294   904  3454 D vendor.qti.bluetooth@1.0-ibs_handler: SerialClockVote: vote for UART CLK ON
07-12 11:01:18.295   904  3454 D vendor.qti.bluetooth@1.0-wake_lock: Acquire wakelock is acquired
07-12 11:01:18.295   904  3454 I vendor.qti.bluetooth@1.0-ibs_handler: ProcessIbsCmd: Writing IBS_WAKE_ACK
07-12 11:01:18.296  2502  3457 V bt_stack: [VERBOSE1:btm_ble_gap.cc(1924)] btm_ble_process_ext_adv_pkt: bda=7c:25:da:a1:a6:8e
07-12 11:01:18.297  2502  3457 V bt_stack: [VERBOSE1:btm_ble_gap.cc(1848)] btm_ble_process_adv_addr: bda=7c:25:da:a1:a6:8e
07-12 11:01:18.297  2502  3457 V bt_stack: [VERBOSE1:btm_inq.cc(1019)] BTM_InqDbRead: bd addr 7c:25:da:a1:a6:8e
07-12 11:01:18.302  3471  3587 E MiuiFastConnectService: check adv data not fast connect
07-12 11:01:18.377   904  3454 I vendor.qti.bluetooth@1.0-ibs_handler: ProcessIbsCmd: Received IBS_SLEEP_IND: 0xFE
07-12 11:01:18.377   904  3454 D vendor.qti.bluetooth@1.0-ibs_handler: SerialClockVote: vote for UART CLK OFF
07-12 11:01:18.497  1894  2363 I MiuiNetworkPolicy: bandwidth: 2 KB/s, Max bandwidth: 1170 KB/s
07-12 11:01:18.528   904  3130 D vendor.qti.bluetooth@1.0-wake_lock: Release wakelock is released
07-12 11:01:18.866   904  3454 I vendor.qti.bluetooth@1.0-ibs_handler: ProcessIbsCmd: Received IBS_WAKE_IND: 0xFD
07-12 11:01:18.866   904  3454 D vendor.qti.bluetooth@1.0-ibs_handler: SerialClockVote: vote for UART CLK ON
07-12 11:01:18.867   904  3454 D vendor.qti.bluetooth@1.0-wake_lock: Acquire wakelock is acquired
07-12 11:01:18.867   904  3454 I vendor.qti.bluetooth@1.0-ibs_handler: ProcessIbsCmd: Writing IBS_WAKE_ACK
07-12 11:01:18.869  2502  3457 V bt_stack: [VERBOSE1:btm_ble_gap.cc(1924)] btm_ble_process_ext_adv_pkt: bda=c8:28:32:16:78:36
07-12 11:01:18.869  2502  3457 V bt_stack: [VERBOSE1:btm_ble_gap.cc(1848)] btm_ble_process_adv_addr: bda=c8:28:32:16:78:36
07-12 11:01:18.869  2502  3457 V bt_stack: [VERBOSE1:btm_inq.cc(1019)] BTM_InqDbRead: bd addr c8:28:32:16:78:36
07-12 11:01:18.874  3471  3587 E MiuiFastConnectService: check adv data not fast connect
07-12 11:01:18.948   904  3454 I vendor.qti.bluetooth@1.0-ibs_handler: ProcessIbsCmd: Received IBS_SLEEP_IND: 0xFE
07-12 11:01:18.948   904  3454 D vendor.qti.bluetooth@1.0-ibs_handler: SerialClockVote: vote for UART CLK OFF
07-12 11:01:19.099   904  3130 D vendor.qti.bluetooth@1.0-wake_lock: Release wakelock is released
07-12 11:01:19.512   904  3454 I vendor.qti.bluetooth@1.0-ibs_handler: ProcessIbsCmd: Received IBS_WAKE_IND: 0xFD
07-12 11:01:19.512   904  3454 D vendor.qti.bluetooth@1.0-ibs_handler: SerialClockVote: vote for UART CLK ON
07-12 11:01:19.512   904  3454 D vendor.qti.bluetooth@1.0-wake_lock: Acquire wakelock is acquired
07-12 11:01:19.513   904  3454 I vendor.qti.bluetooth@1.0-ibs_handler: ProcessIbsCmd: Writing IBS_WAKE_ACK
07-12 11:01:19.517  2502  3457 V bt_stack: [VERBOSE1:btm_ble_gap.cc(1924)] btm_ble_process_ext_adv_pkt: bda=d4:5e:ec:42:d1:94
07-12 11:01:19.517  2502  3457 V bt_stack: [VERBOSE1:btm_ble_gap.cc(1848)] btm_ble_process_adv_addr: bda=d4:5e:ec:42:d1:94
07-12 11:01:19.517  2502  3457 V bt_stack: [VERBOSE1:btm_ble_gap.cc(2058)]  Waiting for scan response d4:5e:ec:42:d1:94
07-12 11:01:19.517  2502  3457 V bt_stack: [VERBOSE1:btm_ble_gap.cc(1924)] btm_ble_process_ext_adv_pkt: bda=d4:5e:ec:42:d1:94
07-12 11:01:19.517  2502  3457 V bt_stack: [VERBOSE1:btm_ble_gap.cc(1848)] btm_ble_process_adv_addr: bda=d4:5e:ec:42:d1:94
07-12 11:01:19.517  2502  3457 V bt_stack: [VERBOSE1:btm_inq.cc(1019)] BTM_InqDbRead: bd addr d4:5e:ec:42:d1:94
07-12 11:01:19.518  2502  3457 V bt_stack: [VERBOSE1:btm_ble_gap.cc(1924)] btm_ble_process_ext_adv_pkt: bda=7c:25:da:a1:a6:8e
07-12 11:01:19.518  2502  3457 V bt_stack: [VERBOSE1:btm_ble_gap.cc(1848)] btm_ble_process_adv_addr: bda=7c:25:da:a1:a6:8e
07-12 11:01:19.518  2502  3457 V bt_stack: [VERBOSE1:btm_inq.cc(1019)] BTM_InqDbRead: bd addr 7c:25:da:a1:a6:8e
07-12 11:01:19.518  2502  3457 V bt_stack: [VERBOSE1:btm_ble_gap.cc(1924)] btm_ble_process_ext_adv_pkt: bda=10:7e:28:70:fe:5d
07-12 11:01:19.518  2502  3457 V bt_stack: [VERBOSE1:btm_ble_gap.cc(1848)] btm_ble_process_adv_addr: bda=10:7e:28:70:fe:5d
07-12 11:01:19.519  2502  3457 V bt_stack: [VERBOSE1:btm_inq.cc(1019)] BTM_InqDbRead: bd addr 10:7e:28:70:fe:5d
07-12 11:01:19.530  3471  3587 D MiuiMiHomeConnectController: getDeviceTimes
07-12 11:01:19.531  3471  3587 D MiuiMiHomeConnectController: result.getRssi = -6100:00:00:42:D1:94
07-12 11:01:19.536  3471  3587 D MiuiMiHomeDownloadManager: check local file : null
07-12 11:01:19.536  3471  3587 D MiuiMiHomeDownloadManager: device: 41646    return rssiNum: -50
07-12 11:01:19.536  3471  3587 D MiuiMiHomeConnectController: rssi num is not fit cloud data
07-12 11:01:19.536  3471  3587 E MiuiFastConnectService: check adv data not fast connect
07-12 11:01:19.594   904  3454 I vendor.qti.bluetooth@1.0-ibs_handler: ProcessIbsCmd: Received IBS_SLEEP_IND: 0xFE
07-12 11:01:19.594   904  3454 D vendor.qti.bluetooth@1.0-ibs_handler: SerialClockVote: vote for UART CLK OFF
07-12 11:01:19.599  8102  8283 D MemoryCeilingMonitor: [handleMemoryCalculate]
07-12 11:01:19.600  8102  8283 D MemoryCeilingMonitor: [calculate] tot: 4046442, max: 268435456, free: 847770, heap: 3198672, per: 0.011915981769561768
07-12 11:01:19.625  1894  2393 D WifiScoreReportInjector: Fast switch not enabled
07-12 11:01:19.745   904  3130 D vendor.qti.bluetooth@1.0-wake_lock: Release wakelock is released
07-12 11:01:20.915   904  3454 I vendor.qti.bluetooth@1.0-ibs_handler: ProcessIbsCmd: Received IBS_WAKE_IND: 0xFD
07-12 11:01:20.915   904  3454 D vendor.qti.bluetooth@1.0-ibs_handler: SerialClockVote: vote for UART CLK ON
07-12 11:01:20.916   904  3454 D vendor.qti.bluetooth@1.0-wake_lock: Acquire wakelock is acquired
07-12 11:01:20.916   904  3454 I vendor.qti.bluetooth@1.0-ibs_handler: ProcessIbsCmd: Writing IBS_WAKE_ACK
07-12 11:01:20.918  2502  3457 V bt_stack: [VERBOSE1:btm_ble_gap.cc(1924)] btm_ble_process_ext_adv_pkt: bda=10:7e:28:70:fe:5d
07-12 11:01:20.919  2502  3457 V bt_stack: [VERBOSE1:btm_ble_gap.cc(1848)] btm_ble_process_adv_addr: bda=10:7e:28:70:fe:5d
07-12 11:01:20.919  2502  3457 V bt_stack: [VERBOSE1:btm_inq.cc(1019)] BTM_InqDbRead: bd addr 10:7e:28:70:fe:5d
07-12 11:01:20.919  2502  3457 V bt_stack: [VERBOSE1:btm_ble_gap.cc(1924)] btm_ble_process_ext_adv_pkt: bda=c8:28:32:16:78:36
07-12 11:01:20.919  2502  3457 V bt_stack: [VERBOSE1:btm_ble_gap.cc(1848)] btm_ble_process_adv_addr: bda=c8:28:32:16:78:36
07-12 11:01:20.919  2502  3457 V bt_stack: [VERBOSE1:btm_inq.cc(1019)] BTM_InqDbRead: bd addr c8:28:32:16:78:36
07-12 11:01:20.925  3471  3587 E MiuiFastConnectService: check adv data not fast connect
07-12 11:01:20.998   904  3454 I vendor.qti.bluetooth@1.0-ibs_handler: ProcessIbsCmd: Received IBS_SLEEP_IND: 0xFE
07-12 11:01:20.998   904  3454 D vendor.qti.bluetooth@1.0-ibs_handler: SerialClockVote: vote for UART CLK OFF
07-12 11:01:21.148   904  3130 D vendor.qti.bluetooth@1.0-wake_lock: Release wakelock is released
07-12 11:01:21.502  1894  2363 I MiuiNetworkPolicy: bandwidth: 3 KB/s, Max bandwidth: 1170 KB/s
07-12 11:01:21.552   904  3454 I vendor.qti.bluetooth@1.0-ibs_handler: ProcessIbsCmd: Received IBS_WAKE_IND: 0xFD
07-12 11:01:21.552   904  3454 D vendor.qti.bluetooth@1.0-ibs_handler: SerialClockVote: vote for UART CLK ON
07-12 11:01:21.553   904  3454 D vendor.qti.bluetooth@1.0-wake_lock: Acquire wakelock is acquired
07-12 11:01:21.553   904  3454 I vendor.qti.bluetooth@1.0-ibs_handler: ProcessIbsCmd: Writing IBS_WAKE_ACK
07-12 11:01:21.557  2502  3457 V bt_stack: [VERBOSE1:btm_ble_gap.cc(1924)] btm_ble_process_ext_adv_pkt: bda=d4:5e:ec:42:d1:94
07-12 11:01:21.557  2502  3457 V bt_stack: [VERBOSE1:btm_ble_gap.cc(1848)] btm_ble_process_adv_addr: bda=d4:5e:ec:42:d1:94
07-12 11:01:21.557  2502  3457 V bt_stack: [VERBOSE1:btm_ble_gap.cc(2058)]  Waiting for scan response d4:5e:ec:42:d1:94
07-12 11:01:21.557  2502  3457 V bt_stack: [VERBOSE1:btm_ble_gap.cc(1924)] btm_ble_process_ext_adv_pkt: bda=d4:5e:ec:42:d1:94
07-12 11:01:21.557  2502  3457 V bt_stack: [VERBOSE1:btm_ble_gap.cc(1848)] btm_ble_process_adv_addr: bda=d4:5e:ec:42:d1:94
07-12 11:01:21.557  2502  3457 V bt_stack: [VERBOSE1:btm_inq.cc(1019)] BTM_InqDbRead: bd addr d4:5e:ec:42:d1:94
07-12 11:01:21.557  2502  3457 V bt_stack: [VERBOSE1:btm_ble_gap.cc(1924)] btm_ble_process_ext_adv_pkt: bda=7c:25:da:a1:a6:8e
07-12 11:01:21.557  2502  3457 V bt_stack: [VERBOSE1:btm_ble_gap.cc(1848)] btm_ble_process_adv_addr: bda=7c:25:da:a1:a6:8e
07-12 11:01:21.558  2502  3457 V bt_stack: [VERBOSE1:btm_inq.cc(1019)] BTM_InqDbRead: bd addr 7c:25:da:a1:a6:8e
07-12 11:01:21.570  3471  3587 D MiuiMiHomeConnectController: getDeviceTimes
07-12 11:01:21.571  3471  3587 D MiuiMiHomeConnectController: result.getRssi = -6200:00:00:42:D1:94
07-12 11:01:21.577  3471  3587 D MiuiMiHomeDownloadManager: check local file : null
07-12 11:01:21.577  3471  3587 D MiuiMiHomeDownloadManager: device: 41646    return rssiNum: -50
07-12 11:01:21.578  3471  3587 D MiuiMiHomeConnectController: rssi num is not fit cloud data
07-12 11:01:21.578  3471  3587 E MiuiFastConnectService: check adv data not fast connect
07-12 11:01:21.635   904  3454 I vendor.qti.bluetooth@1.0-ibs_handler: ProcessIbsCmd: Received IBS_SLEEP_IND: 0xFE
07-12 11:01:21.635   904  3454 D vendor.qti.bluetooth@1.0-ibs_handler: SerialClockVote: vote for UART CLK OFF
07-12 11:01:21.785   904  3130 D vendor.qti.bluetooth@1.0-wake_lock: Release wakelock is released
07-12 11:01:22.175   904  3454 I vendor.qti.bluetooth@1.0-ibs_handler: ProcessIbsCmd: Received IBS_WAKE_IND: 0xFD
07-12 11:01:22.175   904  3454 D vendor.qti.bluetooth@1.0-ibs_handler: SerialClockVote: vote for UART CLK ON
07-12 11:01:22.176   904  3454 D vendor.qti.bluetooth@1.0-wake_lock: Acquire wakelock is acquired
07-12 11:01:22.176   904  3454 I vendor.qti.bluetooth@1.0-ibs_handler: ProcessIbsCmd: Writing IBS_WAKE_ACK
07-12 11:01:22.178  2502  3457 V bt_stack: [VERBOSE1:btm_ble_gap.cc(1924)] btm_ble_process_ext_adv_pkt: bda=7c:25:da:a1:a6:8e
07-12 11:01:22.178  2502  3457 V bt_stack: [VERBOSE1:btm_ble_gap.cc(1848)] btm_ble_process_adv_addr: bda=7c:25:da:a1:a6:8e
07-12 11:01:22.178  2502  3457 V bt_stack: [VERBOSE1:btm_inq.cc(1019)] BTM_InqDbRead: bd addr 7c:25:da:a1:a6:8e
07-12 11:01:22.183  3471  3587 E MiuiFastConnectService: check adv data not fast connect
07-12 11:01:22.258   904  3454 I vendor.qti.bluetooth@1.0-ibs_handler: ProcessIbsCmd: Received IBS_SLEEP_IND: 0xFE
07-12 11:01:22.258   904  3454 D vendor.qti.bluetooth@1.0-ibs_handler: SerialClockVote: vote for UART CLK OFF
07-12 11:01:22.409   904  3130 D vendor.qti.bluetooth@1.0-wake_lock: Release wakelock is released
07-12 11:01:22.658  1894  2393 D WifiScoreReportInjector: Fast switch not enabled
07-12 11:01:22.792   904  3454 I vendor.qti.bluetooth@1.0-ibs_handler: ProcessIbsCmd: Received IBS_WAKE_IND: 0xFD
07-12 11:01:22.792   904  3454 D vendor.qti.bluetooth@1.0-ibs_handler: SerialClockVote: vote for UART CLK ON
07-12 11:01:22.793   904  3454 D vendor.qti.bluetooth@1.0-wake_lock: Acquire wakelock is acquired
07-12 11:01:22.793   904  3454 I vendor.qti.bluetooth@1.0-ibs_handler: ProcessIbsCmd: Writing IBS_WAKE_ACK
07-12 11:01:22.796  2502  3457 V bt_stack: [VERBOSE1:btm_ble_gap.cc(1924)] btm_ble_process_ext_adv_pkt: bda=7c:25:da:a1:a6:8e
07-12 11:01:22.796  2502  3457 V bt_stack: [VERBOSE1:btm_ble_gap.cc(1848)] btm_ble_process_adv_addr: bda=7c:25:da:a1:a6:8e
07-12 11:01:22.796  2502  3457 V bt_stack: [VERBOSE1:btm_inq.cc(1019)] BTM_InqDbRead: bd addr 7c:25:da:a1:a6:8e
07-12 11:01:22.801  3471  3587 E MiuiFastConnectService: check adv data not fast connect
07-12 11:01:22.876   904  3454 I vendor.qti.bluetooth@1.0-ibs_handler: ProcessIbsCmd: Received IBS_SLEEP_IND: 0xFE
07-12 11:01:22.876   904  3454 D vendor.qti.bluetooth@1.0-ibs_handler: SerialClockVote: vote for UART CLK OFF
07-12 11:01:23.027   904  3130 D vendor.qti.bluetooth@1.0-wake_lock: Release wakelock is released
07-12 11:01:24.200   904  3454 I vendor.qti.bluetooth@1.0-ibs_handler: ProcessIbsCmd: Received IBS_WAKE_IND: 0xFD
07-12 11:01:24.200   904  3454 D vendor.qti.bluetooth@1.0-ibs_handler: SerialClockVote: vote for UART CLK ON
07-12 11:01:24.201   904  3454 D vendor.qti.bluetooth@1.0-wake_lock: Acquire wakelock is acquired
07-12 11:01:24.201   904  3454 I vendor.qti.bluetooth@1.0-ibs_handler: ProcessIbsCmd: Writing IBS_WAKE_ACK
07-12 11:01:24.204  2502  3457 V bt_stack: [VERBOSE1:btm_ble_gap.cc(1924)] btm_ble_process_ext_adv_pkt: bda=7c:25:da:a1:a6:8e
07-12 11:01:24.204  2502  3457 V bt_stack: [VERBOSE1:btm_ble_gap.cc(1848)] btm_ble_process_adv_addr: bda=7c:25:da:a1:a6:8e
07-12 11:01:24.204  2502  3457 V bt_stack: [VERBOSE1:btm_inq.cc(1019)] BTM_InqDbRead: bd addr 7c:25:da:a1:a6:8e
07-12 11:01:24.204  2502  3457 V bt_stack: [VERBOSE1:btm_ble_gap.cc(1924)] btm_ble_process_ext_adv_pkt: bda=10:7e:28:70:fe:5d
07-12 11:01:24.204  2502  3457 V bt_stack: [VERBOSE1:btm_ble_gap.cc(1848)] btm_ble_process_adv_addr: bda=10:7e:28:70:fe:5d
07-12 11:01:24.204  2502  3457 V bt_stack: [VERBOSE1:btm_inq.cc(1019)] BTM_InqDbRead: bd addr 10:7e:28:70:fe:5d
07-12 11:01:24.208  3471  3587 E MiuiFastConnectService: check adv data not fast connect
07-12 11:01:24.282   904  3454 I vendor.qti.bluetooth@1.0-ibs_handler: ProcessIbsCmd: Received IBS_SLEEP_IND: 0xFE
07-12 11:01:24.282   904  3454 D vendor.qti.bluetooth@1.0-ibs_handler: SerialClockVote: vote for UART CLK OFF
07-12 11:01:24.433   904  3130 D vendor.qti.bluetooth@1.0-wake_lock: Release wakelock is released
07-12 11:01:24.507  1894  2363 I MiuiNetworkPolicy: bandwidth: 4 KB/s, Max bandwidth: 1170 KB/s
07-12 11:01:25.493  2829  2829 D QtiCarrierConfigHelper: WARNING, no carrier configs on phone Id: 0
07-12 11:01:25.493  2565  2565 D KeyguardUpdateMonitor: received broadcast android.intent.action.BATTERY_CHANGED
07-12 11:01:25.493  2565  2565 D BatteryController: onReceive: Intent = Intent { act=android.intent.action.BATTERY_CHANGED flg=0x60000010 (has extras) } action = android.intent.action.BATTERY_CHANGED
07-12 11:01:25.494  4928  4928 I BatteryInfoReceiver: ACTION_BATTERY_CHANGED
07-12 11:01:25.495  2963  2963 D NetworkSpeedTracker: receive actionandroid.intent.action.BATTERY_CHANGED
07-12 11:01:25.495  2963  2963 D NetworkSpeedTracker: onReceive ACTION_BATTERY_CHANGED mBatteryLevel = 100;mIsCharging =true
07-12 11:01:25.495  5492  5492 D VA_UploadVoiceJobService: uploadVoiceDatas onReceive time cost : 0
07-12 11:01:25.497  6407  7011 D PowerCheckerService: onBatteryChanged, mBatteryLevel = 100, status = 2, level = 100, plug = 2, scale = 100
07-12 11:01:25.497  6407  6935 D PowerKeeper.FrozenApp: onBatteryChanged plug=true mBatteryPlugged=2
07-12 11:01:25.499  5492  6796 D VA_UploadVoiceJobService: needUploadVoice timeSinceLastUpload = 4681307
07-12 11:01:25.499  2906  2906 D DeviceStatisticsService: chargerType=2 batteryLevel=100 totalBatteryCapacity=4260800
07-12 11:01:25.499  2906  2906 D DeviceInfoHidlClient: getPowerInfoSupportStatus()=-1
07-12 11:01:25.500  4928  8197 I android_os_HwBinder: HwBinder: Starting thread pool for getting: vendor.xiaomi.hardware.micharge@1.0::IMiCharge/default
07-12 11:01:25.500   968  5232 I vendor.xiaomi.hardware.micharge@1.0-service: ReadFilePathValue path = /sys/class/power_supply/battery/night_charging value = 0
07-12 11:01:25.500  4928  8197 I ChargeProtectionUtils: getNightChargingState: 0
07-12 11:01:25.596  8102  8307 D WorkerThreadMonitor: Kill MSF check result[ senderSize:0,sendInterval:720879,receiveInterval=720877,addCmdCount=0
07-12 11:01:25.688  1894  2393 D WifiScoreReportInjector: Fast switch not enabled
07-12 11:01:26.152   904  3454 I vendor.qti.bluetooth@1.0-ibs_handler: ProcessIbsCmd: Received IBS_WAKE_IND: 0xFD
07-12 11:01:26.152   904  3454 D vendor.qti.bluetooth@1.0-ibs_handler: SerialClockVote: vote for UART CLK ON
07-12 11:01:26.153   904  3454 D vendor.qti.bluetooth@1.0-wake_lock: Acquire wakelock is acquired
07-12 11:01:26.153   904  3454 I vendor.qti.bluetooth@1.0-ibs_handler: ProcessIbsCmd: Writing IBS_WAKE_ACK
07-12 11:01:26.156  2502  3457 V bt_stack: [VERBOSE1:btm_ble_gap.cc(1924)] btm_ble_process_ext_adv_pkt: bda=d4:5e:ec:42:d1:94
07-12 11:01:26.156  2502  3457 V bt_stack: [VERBOSE1:btm_ble_gap.cc(1848)] btm_ble_process_adv_addr: bda=d4:5e:ec:42:d1:94
07-12 11:01:26.156  2502  3457 V bt_stack: [VERBOSE1:btm_ble_gap.cc(2058)]  Waiting for scan response d4:5e:ec:42:d1:94
07-12 11:01:26.156  2502  3457 V bt_stack: [VERBOSE1:btm_ble_gap.cc(1924)] btm_ble_process_ext_adv_pkt: bda=d4:5e:ec:42:d1:94
07-12 11:01:26.156  2502  3457 V bt_stack: [VERBOSE1:btm_ble_gap.cc(1848)] btm_ble_process_adv_addr: bda=d4:5e:ec:42:d1:94
07-12 11:01:26.156  2502  3457 V bt_stack: [VERBOSE1:btm_inq.cc(1019)] BTM_InqDbRead: bd addr d4:5e:ec:42:d1:94
07-12 11:01:26.165  3471  3587 D MiuiMiHomeConnectController: getDeviceTimes
07-12 11:01:26.166  3471  3587 D MiuiMiHomeConnectController: result.getRssi = -6300:00:00:42:D1:94
07-12 11:01:26.168  3471  3587 D MiuiMiHomeDownloadManager: check local file : null
07-12 11:01:26.168  3471  3587 D MiuiMiHomeDownloadManager: device: 41646    return rssiNum: -50
07-12 11:01:26.168  3471  3587 D MiuiMiHomeConnectController: rssi num is not fit cloud data
07-12 11:01:26.235   904  3454 I vendor.qti.bluetooth@1.0-ibs_handler: ProcessIbsCmd: Received IBS_SLEEP_IND: 0xFE
07-12 11:01:26.235   904  3454 D vendor.qti.bluetooth@1.0-ibs_handler: SerialClockVote: vote for UART CLK OFF
07-12 11:01:26.386   904  3130 D vendor.qti.bluetooth@1.0-wake_lock: Release wakelock is released
07-12 11:01:26.866   904  3454 I vendor.qti.bluetooth@1.0-ibs_handler: ProcessIbsCmd: Received IBS_WAKE_IND: 0xFD
07-12 11:01:26.866   904  3454 D vendor.qti.bluetooth@1.0-ibs_handler: SerialClockVote: vote for UART CLK ON
07-12 11:01:26.866   904  3454 D vendor.qti.bluetooth@1.0-wake_lock: Acquire wakelock is acquired
07-12 11:01:26.866   904  3454 I vendor.qti.bluetooth@1.0-ibs_handler: ProcessIbsCmd: Writing IBS_WAKE_ACK
07-12 11:01:26.869  2502  3457 V bt_stack: [VERBOSE1:btm_ble_gap.cc(1924)] btm_ble_process_ext_adv_pkt: bda=c8:28:32:16:78:36
07-12 11:01:26.869  2502  3457 V bt_stack: [VERBOSE1:btm_ble_gap.cc(1848)] btm_ble_process_adv_addr: bda=c8:28:32:16:78:36
07-12 11:01:26.869  2502  3457 V bt_stack: [VERBOSE1:btm_inq.cc(1019)] BTM_InqDbRead: bd addr c8:28:32:16:78:36
07-12 11:01:26.874  3471  3587 E MiuiFastConnectService: check adv data not fast connect
07-12 11:01:26.949   904  3454 I vendor.qti.bluetooth@1.0-ibs_handler: ProcessIbsCmd: Received IBS_SLEEP_IND: 0xFE
07-12 11:01:26.949   904  3454 D vendor.qti.bluetooth@1.0-ibs_handler: SerialClockVote: vote for UART CLK OFF
07-12 11:01:27.099   904  3130 D vendor.qti.bluetooth@1.0-wake_lock: Release wakelock is released
07-12 11:01:27.462   904  3454 I vendor.qti.bluetooth@1.0-ibs_handler: ProcessIbsCmd: Received IBS_WAKE_IND: 0xFD
07-12 11:01:27.462   904  3454 D vendor.qti.bluetooth@1.0-ibs_handler: SerialClockVote: vote for UART CLK ON
07-12 11:01:27.463   904  3454 D vendor.qti.bluetooth@1.0-wake_lock: Acquire wakelock is acquired
07-12 11:01:27.463   904  3454 I vendor.qti.bluetooth@1.0-ibs_handler: ProcessIbsCmd: Writing IBS_WAKE_ACK
07-12 11:01:27.466  2502  3457 V bt_stack: [VERBOSE1:btm_ble_gap.cc(1924)] btm_ble_process_ext_adv_pkt: bda=7e:f7:16:c1:c7:92
07-12 11:01:27.467  2502  3457 V bt_stack: [VERBOSE1:btm_ble_gap.cc(1848)] btm_ble_process_adv_addr: bda=7e:f7:16:c1:c7:92
07-12 11:01:27.467  2502  3457 V bt_stack: [VERBOSE1:btm_ble_gap.cc(2058)]  Waiting for scan response 7e:f7:16:c1:c7:92
07-12 11:01:27.467  2502  3457 V bt_stack: [VERBOSE1:btm_ble_gap.cc(1924)] btm_ble_process_ext_adv_pkt: bda=7e:f7:16:c1:c7:92
07-12 11:01:27.467  2502  3457 V bt_stack: [VERBOSE1:btm_ble_gap.cc(1848)] btm_ble_process_adv_addr: bda=7e:f7:16:c1:c7:92
07-12 11:01:27.467  2502  3457 V bt_stack: [VERBOSE1:btm_inq.cc(1019)] BTM_InqDbRead: bd addr 7e:f7:16:c1:c7:92
07-12 11:01:27.467  2502  3457 V bt_stack: [VERBOSE1:btm_ble_gap.cc(1924)] btm_ble_process_ext_adv_pkt: bda=7c:25:da:a1:a6:8e
07-12 11:01:27.468  2502  3457 V bt_stack: [VERBOSE1:btm_ble_gap.cc(1848)] btm_ble_process_adv_addr: bda=7c:25:da:a1:a6:8e
07-12 11:01:27.468  2502  3457 V bt_stack: [VERBOSE1:btm_inq.cc(1019)] BTM_InqDbRead: bd addr 7c:25:da:a1:a6:8e
07-12 11:01:27.468  2502  3457 V bt_stack: [VERBOSE1:btm_ble_gap.cc(1924)] btm_ble_process_ext_adv_pkt: bda=c8:28:32:16:78:36
07-12 11:01:27.468  2502  3457 V bt_stack: [VERBOSE1:btm_ble_gap.cc(1848)] btm_ble_process_adv_addr: bda=c8:28:32:16:78:36
07-12 11:01:27.468  2502  3457 V bt_stack: [VERBOSE1:btm_inq.cc(1019)] BTM_InqDbRead: bd addr c8:28:32:16:78:36
07-12 11:01:27.468  2502  3457 V bt_stack: [VERBOSE1:btm_ble_gap.cc(1924)] btm_ble_process_ext_adv_pkt: bda=7e:f7:16:c1:c7:92
07-12 11:01:27.468  2502  3457 V bt_stack: [VERBOSE1:btm_ble_gap.cc(1848)] btm_ble_process_adv_addr: bda=7e:f7:16:c1:c7:92
07-12 11:01:27.468  2502  3457 V bt_stack: [VERBOSE1:btm_ble_gap.cc(2058)]  Waiting for scan response 7e:f7:16:c1:c7:92
07-12 11:01:27.468  2502  3457 V bt_stack: [VERBOSE1:btm_ble_gap.cc(1924)] btm_ble_process_ext_adv_pkt: bda=7e:f7:16:c1:c7:92
07-12 11:01:27.468  2502  3457 V bt_stack: [VERBOSE1:btm_ble_gap.cc(1848)] btm_ble_process_adv_addr: bda=7e:f7:16:c1:c7:92
07-12 11:01:27.468  2502  3457 V bt_stack: [VERBOSE1:btm_inq.cc(1019)] BTM_InqDbRead: bd addr 7e:f7:16:c1:c7:92
07-12 11:01:27.473  3471  3587 E MiuiFastConnectService: check adv data not fast connect
07-12 11:01:27.473  2502  3457 V bt_stack: [VERBOSE1:btm_ble_gap.cc(1924)] btm_ble_process_ext_adv_pkt: bda=10:7e:28:70:fe:5d
07-12 11:01:27.474  2502  3457 V bt_stack: [VERBOSE1:btm_ble_gap.cc(1848)] btm_ble_process_adv_addr: bda=10:7e:28:70:fe:5d
07-12 11:01:27.474  2502  3457 V bt_stack: [VERBOSE1:btm_inq.cc(1019)] BTM_InqDbRead: bd addr 10:7e:28:70:fe:5d
07-12 11:01:27.476  3471  3587 E MiuiFastConnectService: check adv data not fast connect
07-12 11:01:27.512  1894  2363 I MiuiNetworkPolicy: bandwidth: 2 KB/s, Max bandwidth: 1170 KB/s
07-12 11:01:27.554   904  3454 I vendor.qti.bluetooth@1.0-ibs_handler: ProcessIbsCmd: Received IBS_SLEEP_IND: 0xFE
07-12 11:01:27.554   904  3454 D vendor.qti.bluetooth@1.0-ibs_handler: SerialClockVote: vote for UART CLK OFF
07-12 11:01:27.704   904  3130 D vendor.qti.bluetooth@1.0-wake_lock: Release wakelock is released
07-12 11:01:28.068   904  3454 I vendor.qti.bluetooth@1.0-ibs_handler: ProcessIbsCmd: Received IBS_WAKE_IND: 0xFD
07-12 11:01:28.069   904  3454 D vendor.qti.bluetooth@1.0-ibs_handler: SerialClockVote: vote for UART CLK ON
07-12 11:01:28.069   904  3454 D vendor.qti.bluetooth@1.0-wake_lock: Acquire wakelock is acquired
07-12 11:01:28.069   904  3454 I vendor.qti.bluetooth@1.0-ibs_handler: ProcessIbsCmd: Writing IBS_WAKE_ACK
07-12 11:01:28.073  2502  3457 V bt_stack: [VERBOSE1:btm_ble_gap.cc(1924)] btm_ble_process_ext_adv_pkt: bda=7e:f7:16:c1:c7:92
07-12 11:01:28.073  2502  3457 V bt_stack: [VERBOSE1:btm_ble_gap.cc(1848)] btm_ble_process_adv_addr: bda=7e:f7:16:c1:c7:92
07-12 11:01:28.073  2502  3457 V bt_stack: [VERBOSE1:btm_ble_gap.cc(2058)]  Waiting for scan response 7e:f7:16:c1:c7:92
07-12 11:01:28.074  2502  3457 V bt_stack: [VERBOSE1:btm_ble_gap.cc(1924)] btm_ble_process_ext_adv_pkt: bda=7e:f7:16:c1:c7:92
07-12 11:01:28.074  2502  3457 V bt_stack: [VERBOSE1:btm_ble_gap.cc(1848)] btm_ble_process_adv_addr: bda=7e:f7:16:c1:c7:92
07-12 11:01:28.074  2502  3457 V bt_stack: [VERBOSE1:btm_inq.cc(1019)] BTM_InqDbRead: bd addr 7e:f7:16:c1:c7:92
07-12 11:01:28.074  2502  3457 V bt_stack: [VERBOSE1:btm_ble_gap.cc(1924)] btm_ble_process_ext_adv_pkt: bda=10:7e:28:70:fe:5d
07-12 11:01:28.074  2502  3457 V bt_stack: [VERBOSE1:btm_ble_gap.cc(1848)] btm_ble_process_adv_addr: bda=10:7e:28:70:fe:5d
07-12 11:01:28.074  2502  3457 V bt_stack: [VERBOSE1:btm_inq.cc(1019)] BTM_InqDbRead: bd addr 10:7e:28:70:fe:5d
07-12 11:01:28.074  2502  3457 V bt_stack: [VERBOSE1:btm_ble_gap.cc(1924)] btm_ble_process_ext_adv_pkt: bda=7c:25:da:a1:a6:8e
07-12 11:01:28.074  2502  3457 V bt_stack: [VERBOSE1:btm_ble_gap.cc(1848)] btm_ble_process_adv_addr: bda=7c:25:da:a1:a6:8e
07-12 11:01:28.074  2502  3457 V bt_stack: [VERBOSE1:btm_inq.cc(1019)] BTM_InqDbRead: bd addr 7c:25:da:a1:a6:8e
07-12 11:01:28.075  2502  3457 V bt_stack: [VERBOSE1:btm_ble_gap.cc(1924)] btm_ble_process_ext_adv_pkt: bda=7e:f7:16:c1:c7:92
07-12 11:01:28.075  2502  3457 V bt_stack: [VERBOSE1:btm_ble_gap.cc(1848)] btm_ble_process_adv_addr: bda=7e:f7:16:c1:c7:92
07-12 11:01:28.075  2502  3457 V bt_stack: [VERBOSE1:btm_ble_gap.cc(2058)]  Waiting for scan response 7e:f7:16:c1:c7:92
07-12 11:01:28.075  2502  3457 V bt_stack: [VERBOSE1:btm_ble_gap.cc(1924)] btm_ble_process_ext_adv_pkt: bda=7e:f7:16:c1:c7:92
07-12 11:01:28.075  2502  3457 V bt_stack: [VERBOSE1:btm_ble_gap.cc(1848)] btm_ble_process_adv_addr: bda=7e:f7:16:c1:c7:92
07-12 11:01:28.075  2502  3457 V bt_stack: [VERBOSE1:btm_inq.cc(1019)] BTM_InqDbRead: bd addr 7e:f7:16:c1:c7:92
07-12 11:01:28.080  3471  3587 E MiuiFastConnectService: check adv data not fast connect
07-12 11:01:28.152   904  3454 I vendor.qti.bluetooth@1.0-ibs_handler: ProcessIbsCmd: Received IBS_SLEEP_IND: 0xFE
07-12 11:01:28.153   904  3454 D vendor.qti.bluetooth@1.0-ibs_handler: SerialClockVote: vote for UART CLK OFF
07-12 11:01:28.303   904  3130 D vendor.qti.bluetooth@1.0-wake_lock: Release wakelock is released
07-12 11:01:28.719  1894  2393 D WifiScoreReportInjector: Fast switch not enabled
07-12 11:01:28.775   904  3454 I vendor.qti.bluetooth@1.0-ibs_handler: ProcessIbsCmd: Received IBS_WAKE_IND: 0xFD
07-12 11:01:28.775   904  3454 D vendor.qti.bluetooth@1.0-ibs_handler: SerialClockVote: vote for UART CLK ON
07-12 11:01:28.776   904  3454 D vendor.qti.bluetooth@1.0-wake_lock: Acquire wakelock is acquired
07-12 11:01:28.776   904  3454 I vendor.qti.bluetooth@1.0-ibs_handler: ProcessIbsCmd: Writing IBS_WAKE_ACK
07-12 11:01:28.779  2502  3457 V bt_stack: [VERBOSE1:btm_ble_gap.cc(1924)] btm_ble_process_ext_adv_pkt: bda=7e:f7:16:c1:c7:92
07-12 11:01:28.779  2502  3457 V bt_stack: [VERBOSE1:btm_ble_gap.cc(1848)] btm_ble_process_adv_addr: bda=7e:f7:16:c1:c7:92
07-12 11:01:28.779  2502  3457 V bt_stack: [VERBOSE1:btm_ble_gap.cc(2058)]  Waiting for scan response 7e:f7:16:c1:c7:92
07-12 11:01:28.780  2502  3457 V bt_stack: [VERBOSE1:btm_ble_gap.cc(1924)] btm_ble_process_ext_adv_pkt: bda=7e:f7:16:c1:c7:92
07-12 11:01:28.780  2502  3457 V bt_stack: [VERBOSE1:btm_ble_gap.cc(1848)] btm_ble_process_adv_addr: bda=7e:f7:16:c1:c7:92
07-12 11:01:28.780  2502  3457 V bt_stack: [VERBOSE1:btm_inq.cc(1019)] BTM_InqDbRead: bd addr 7e:f7:16:c1:c7:92
07-12 11:01:28.780  2502  3457 V bt_stack: [VERBOSE1:btm_ble_gap.cc(1924)] btm_ble_process_ext_adv_pkt: bda=7e:f7:16:c1:c7:92
07-12 11:01:28.780  2502  3457 V bt_stack: [VERBOSE1:btm_ble_gap.cc(1848)] btm_ble_process_adv_addr: bda=7e:f7:16:c1:c7:92
07-12 11:01:28.780  2502  3457 V bt_stack: [VERBOSE1:btm_ble_gap.cc(2058)]  Waiting for scan response 7e:f7:16:c1:c7:92
07-12 11:01:28.780  2502  3457 V bt_stack: [VERBOSE1:btm_ble_gap.cc(1924)] btm_ble_process_ext_adv_pkt: bda=7e:f7:16:c1:c7:92
07-12 11:01:28.780  2502  3457 V bt_stack: [VERBOSE1:btm_ble_gap.cc(1848)] btm_ble_process_adv_addr: bda=7e:f7:16:c1:c7:92
07-12 11:01:28.780  2502  3457 V bt_stack: [VERBOSE1:btm_inq.cc(1019)] BTM_InqDbRead: bd addr 7e:f7:16:c1:c7:92
07-12 11:01:28.858   904  3454 I vendor.qti.bluetooth@1.0-ibs_handler: ProcessIbsCmd: Received IBS_SLEEP_IND: 0xFE
07-12 11:01:28.858   904  3454 D vendor.qti.bluetooth@1.0-ibs_handler: SerialClockVote: vote for UART CLK OFF
07-12 11:01:29.008   904  3130 D vendor.qti.bluetooth@1.0-wake_lock: Release wakelock is released
07-12 11:01:29.364   904  3454 I vendor.qti.bluetooth@1.0-ibs_handler: ProcessIbsCmd: Received IBS_WAKE_IND: 0xFD
07-12 11:01:29.364   904  3454 D vendor.qti.bluetooth@1.0-ibs_handler: SerialClockVote: vote for UART CLK ON
07-12 11:01:29.364   904  3454 D vendor.qti.bluetooth@1.0-wake_lock: Acquire wakelock is acquired
07-12 11:01:29.364   904  3454 I vendor.qti.bluetooth@1.0-ibs_handler: ProcessIbsCmd: Writing IBS_WAKE_ACK
07-12 11:01:29.366  2502  3457 V bt_stack: [VERBOSE1:btm_ble_gap.cc(1924)] btm_ble_process_ext_adv_pkt: bda=7e:f7:16:c1:c7:92
07-12 11:01:29.366  2502  3457 V bt_stack: [VERBOSE1:btm_ble_gap.cc(1848)] btm_ble_process_adv_addr: bda=7e:f7:16:c1:c7:92
07-12 11:01:29.366  2502  3457 V bt_stack: [VERBOSE1:btm_ble_gap.cc(2058)]  Waiting for scan response 7e:f7:16:c1:c7:92
07-12 11:01:29.367  2502  3457 V bt_stack: [VERBOSE1:btm_ble_gap.cc(1924)] btm_ble_process_ext_adv_pkt: bda=7e:f7:16:c1:c7:92
07-12 11:01:29.367  2502  3457 V bt_stack: [VERBOSE1:btm_ble_gap.cc(1848)] btm_ble_process_adv_addr: bda=7e:f7:16:c1:c7:92
07-12 11:01:29.367  2502  3457 V bt_stack: [VERBOSE1:btm_inq.cc(1019)] BTM_InqDbRead: bd addr 7e:f7:16:c1:c7:92
07-12 11:01:29.367  2502  3457 V bt_stack: [VERBOSE1:btm_ble_gap.cc(1924)] btm_ble_process_ext_adv_pkt: bda=7e:f7:16:c1:c7:92
07-12 11:01:29.367  2502  3457 V bt_stack: [VERBOSE1:btm_ble_gap.cc(1848)] btm_ble_process_adv_addr: bda=7e:f7:16:c1:c7:92
07-12 11:01:29.367  2502  3457 V bt_stack: [VERBOSE1:btm_ble_gap.cc(2058)]  Waiting for scan response 7e:f7:16:c1:c7:92
07-12 11:01:29.367  2502  3457 V bt_stack: [VERBOSE1:btm_ble_gap.cc(1924)] btm_ble_process_ext_adv_pkt: bda=7e:f7:16:c1:c7:92
07-12 11:01:29.367  2502  3457 V bt_stack: [VERBOSE1:btm_ble_gap.cc(1848)] btm_ble_process_adv_addr: bda=7e:f7:16:c1:c7:92
07-12 11:01:29.368  2502  3457 V bt_stack: [VERBOSE1:btm_inq.cc(1019)] BTM_InqDbRead: bd addr 7e:f7:16:c1:c7:92
07-12 11:01:29.447   904  3454 I vendor.qti.bluetooth@1.0-ibs_handler: ProcessIbsCmd: Received IBS_SLEEP_IND: 0xFE
07-12 11:01:29.447   904  3454 D vendor.qti.bluetooth@1.0-ibs_handler: SerialClockVote: vote for UART CLK OFF
07-12 11:01:29.597   904  3130 D vendor.qti.bluetooth@1.0-wake_lock: Release wakelock is released
07-12 11:01:29.641  8102  8283 D MemoryCeilingMonitor: [handleMemoryCalculate]
07-12 11:01:29.641  8102  8283 D MemoryCeilingMonitor: [calculate] tot: 4046442, max: 268435456, free: 831386, heap: 3215056, per: 0.011977016925811768
07-12 11:01:30.133   904  3454 I vendor.qti.bluetooth@1.0-ibs_handler: ProcessIbsCmd: Received IBS_WAKE_IND: 0xFD
07-12 11:01:30.133   904  3454 D vendor.qti.bluetooth@1.0-ibs_handler: SerialClockVote: vote for UART CLK ON
07-12 11:01:30.134   904  3454 D vendor.qti.bluetooth@1.0-wake_lock: Acquire wakelock is acquired
07-12 11:01:30.134   904  3454 I vendor.qti.bluetooth@1.0-ibs_handler: ProcessIbsCmd: Writing IBS_WAKE_ACK
07-12 11:01:30.137  2502  3457 V bt_stack: [VERBOSE1:btm_ble_gap.cc(1924)] btm_ble_process_ext_adv_pkt: bda=7c:25:da:a1:a6:8e
07-12 11:01:30.137  2502  3457 V bt_stack: [VERBOSE1:btm_ble_gap.cc(1848)] btm_ble_process_adv_addr: bda=7c:25:da:a1:a6:8e
07-12 11:01:30.137  2502  3457 V bt_stack: [VERBOSE1:btm_inq.cc(1019)] BTM_InqDbRead: bd addr 7c:25:da:a1:a6:8e
07-12 11:01:30.137  2502  3457 V bt_stack: [VERBOSE1:btm_ble_gap.cc(1924)] btm_ble_process_ext_adv_pkt: bda=7e:f7:16:c1:c7:92
07-12 11:01:30.137  2502  3457 V bt_stack: [VERBOSE1:btm_ble_gap.cc(1848)] btm_ble_process_adv_addr: bda=7e:f7:16:c1:c7:92
07-12 11:01:30.137  2502  3457 V bt_stack: [VERBOSE1:btm_ble_gap.cc(2058)]  Waiting for scan response 7e:f7:16:c1:c7:92
07-12 11:01:30.138  2502  3457 V bt_stack: [VERBOSE1:btm_ble_gap.cc(1924)] btm_ble_process_ext_adv_pkt: bda=7e:f7:16:c1:c7:92
07-12 11:01:30.138  2502  3457 V bt_stack: [VERBOSE1:btm_ble_gap.cc(1848)] btm_ble_process_adv_addr: bda=7e:f7:16:c1:c7:92
07-12 11:01:30.138  2502  3457 V bt_stack: [VERBOSE1:btm_inq.cc(1019)] BTM_InqDbRead: bd addr 7e:f7:16:c1:c7:92
07-12 11:01:30.142  3471  3587 E MiuiFastConnectService: check adv data not fast connect
07-12 11:01:30.216   904  3454 I vendor.qti.bluetooth@1.0-ibs_handler: ProcessIbsCmd: Received IBS_SLEEP_IND: 0xFE
07-12 11:01:30.217   904  3454 D vendor.qti.bluetooth@1.0-ibs_handler: SerialClockVote: vote for UART CLK OFF
07-12 11:01:30.367   904  3130 D vendor.qti.bluetooth@1.0-wake_lock: Release wakelock is released
07-12 11:01:30.518  1894  2363 I MiuiNetworkPolicy: bandwidth: 2 KB/s, Max bandwidth: 1170 KB/s
07-12 11:01:30.766   904  3454 I vendor.qti.bluetooth@1.0-ibs_handler: ProcessIbsCmd: Received IBS_WAKE_IND: 0xFD
07-12 11:01:30.766   904  3454 D vendor.qti.bluetooth@1.0-ibs_handler: SerialClockVote: vote for UART CLK ON
07-12 11:01:30.766   904  3454 D vendor.qti.bluetooth@1.0-wake_lock: Acquire wakelock is acquired
07-12 11:01:30.767   904  3454 I vendor.qti.bluetooth@1.0-ibs_handler: ProcessIbsCmd: Writing IBS_WAKE_ACK
07-12 11:01:30.770  2502  3457 V bt_stack: [VERBOSE1:btm_ble_gap.cc(1924)] btm_ble_process_ext_adv_pkt: bda=7e:f7:16:c1:c7:92
07-12 11:01:30.770  2502  3457 V bt_stack: [VERBOSE1:btm_ble_gap.cc(1848)] btm_ble_process_adv_addr: bda=7e:f7:16:c1:c7:92
07-12 11:01:30.770  2502  3457 V bt_stack: [VERBOSE1:btm_ble_gap.cc(2058)]  Waiting for scan response 7e:f7:16:c1:c7:92
07-12 11:01:30.770  2502  3457 V bt_stack: [VERBOSE1:btm_ble_gap.cc(1924)] btm_ble_process_ext_adv_pkt: bda=7e:f7:16:c1:c7:92
07-12 11:01:30.770  2502  3457 V bt_stack: [VERBOSE1:btm_ble_gap.cc(1848)] btm_ble_process_adv_addr: bda=7e:f7:16:c1:c7:92
07-12 11:01:30.770  2502  3457 V bt_stack: [VERBOSE1:btm_inq.cc(1019)] BTM_InqDbRead: bd addr 7e:f7:16:c1:c7:92
07-12 11:01:30.770  2502  3457 V bt_stack: [VERBOSE1:btm_ble_gap.cc(1924)] btm_ble_process_ext_adv_pkt: bda=c8:28:32:16:78:36
07-12 11:01:30.770  2502  3457 V bt_stack: [VERBOSE1:btm_ble_gap.cc(1848)] btm_ble_process_adv_addr: bda=c8:28:32:16:78:36
07-12 11:01:30.771  2502  3457 V bt_stack: [VERBOSE1:btm_inq.cc(1019)] BTM_InqDbRead: bd addr c8:28:32:16:78:36
07-12 11:01:30.771  2502  3457 V bt_stack: [VERBOSE1:btm_ble_gap.cc(1924)] btm_ble_process_ext_adv_pkt: bda=7e:f7:16:c1:c7:92
07-12 11:01:30.771  2502  3457 V bt_stack: [VERBOSE1:btm_ble_gap.cc(1848)] btm_ble_process_adv_addr: bda=7e:f7:16:c1:c7:92
07-12 11:01:30.771  2502  3457 V bt_stack: [VERBOSE1:btm_ble_gap.cc(2058)]  Waiting for scan response 7e:f7:16:c1:c7:92
07-12 11:01:30.771  2502  3457 V bt_stack: [VERBOSE1:btm_ble_gap.cc(1924)] btm_ble_process_ext_adv_pkt: bda=7e:f7:16:c1:c7:92
07-12 11:01:30.772  2502  3457 V bt_stack: [VERBOSE1:btm_ble_gap.cc(1848)] btm_ble_process_adv_addr: bda=7e:f7:16:c1:c7:92
07-12 11:01:30.772  2502  3457 V bt_stack: [VERBOSE1:btm_inq.cc(1019)] BTM_InqDbRead: bd addr 7e:f7:16:c1:c7:92
07-12 11:01:30.776  3471  3587 E MiuiFastConnectService: check adv data not fast connect
07-12 11:01:30.777  2502  3457 V bt_stack: [VERBOSE1:btm_ble_gap.cc(1924)] btm_ble_process_ext_adv_pkt: bda=10:7e:28:70:fe:5d
07-12 11:01:30.777  2502  3457 V bt_stack: [VERBOSE1:btm_ble_gap.cc(1848)] btm_ble_process_adv_addr: bda=10:7e:28:70:fe:5d
07-12 11:01:30.777  2502  3457 V bt_stack: [VERBOSE1:btm_inq.cc(1019)] BTM_InqDbRead: bd addr 10:7e:28:70:fe:5d
07-12 11:01:30.856   904  3454 I vendor.qti.bluetooth@1.0-ibs_handler: ProcessIbsCmd: Received IBS_SLEEP_IND: 0xFE
07-12 11:01:30.856   904  3454 D vendor.qti.bluetooth@1.0-ibs_handler: SerialClockVote: vote for UART CLK OFF
07-12 11:01:31.007   904  3130 D vendor.qti.bluetooth@1.0-wake_lock: Release wakelock is released
07-12 11:01:31.398   904  3454 I vendor.qti.bluetooth@1.0-ibs_handler: ProcessIbsCmd: Received IBS_WAKE_IND: 0xFD
07-12 11:01:31.398   904  3454 D vendor.qti.bluetooth@1.0-ibs_handler: SerialClockVote: vote for UART CLK ON
07-12 11:01:31.399   904  3454 D vendor.qti.bluetooth@1.0-wake_lock: Acquire wakelock is acquired
07-12 11:01:31.399   904  3454 I vendor.qti.bluetooth@1.0-ibs_handler: ProcessIbsCmd: Writing IBS_WAKE_ACK
07-12 11:01:31.402  2502  3457 V bt_stack: [VERBOSE1:btm_ble_gap.cc(1924)] btm_ble_process_ext_adv_pkt: bda=c8:28:32:16:78:36
07-12 11:01:31.402  2502  3457 V bt_stack: [VERBOSE1:btm_ble_gap.cc(1848)] btm_ble_process_adv_addr: bda=c8:28:32:16:78:36
07-12 11:01:31.402  2502  3457 V bt_stack: [VERBOSE1:btm_inq.cc(1019)] BTM_InqDbRead: bd addr c8:28:32:16:78:36
07-12 11:01:31.402  2502  3457 V bt_stack: [VERBOSE1:btm_ble_gap.cc(1924)] btm_ble_process_ext_adv_pkt: bda=7e:f7:16:c1:c7:92
07-12 11:01:31.402  2502  3457 V bt_stack: [VERBOSE1:btm_ble_gap.cc(1848)] btm_ble_process_adv_addr: bda=7e:f7:16:c1:c7:92
07-12 11:01:31.402  2502  3457 V bt_stack: [VERBOSE1:btm_ble_gap.cc(2058)]  Waiting for scan response 7e:f7:16:c1:c7:92
07-12 11:01:31.402  2502  3457 V bt_stack: [VERBOSE1:btm_ble_gap.cc(1924)] btm_ble_process_ext_adv_pkt: bda=7e:f7:16:c1:c7:92
07-12 11:01:31.403  2502  3457 V bt_stack: [VERBOSE1:btm_ble_gap.cc(1848)] btm_ble_process_adv_addr: bda=7e:f7:16:c1:c7:92
07-12 11:01:31.403  2502  3457 V bt_stack: [VERBOSE1:btm_inq.cc(1019)] BTM_InqDbRead: bd addr 7e:f7:16:c1:c7:92
07-12 11:01:31.407  3471  3587 E MiuiFastConnectService: check adv data not fast connect
07-12 11:01:31.482   904  3454 I vendor.qti.bluetooth@1.0-ibs_handler: ProcessIbsCmd: Received IBS_SLEEP_IND: 0xFE
07-12 11:01:31.482   904  3454 D vendor.qti.bluetooth@1.0-ibs_handler: SerialClockVote: vote for UART CLK OFF
07-12 11:01:31.633   904  3130 D vendor.qti.bluetooth@1.0-wake_lock: Release wakelock is released
07-12 11:01:31.755  1894  2393 D WifiScoreReportInjector: Fast switch not enabled
07-12 11:01:32.015   904  3454 I vendor.qti.bluetooth@1.0-ibs_handler: ProcessIbsCmd: Received IBS_WAKE_IND: 0xFD
07-12 11:01:32.015   904  3454 D vendor.qti.bluetooth@1.0-ibs_handler: SerialClockVote: vote for UART CLK ON
07-12 11:01:32.016   904  3454 D vendor.qti.bluetooth@1.0-wake_lock: Acquire wakelock is acquired
07-12 11:01:32.016   904  3454 I vendor.qti.bluetooth@1.0-ibs_handler: ProcessIbsCmd: Writing IBS_WAKE_ACK
07-12 11:01:32.019  2502  3457 V bt_stack: [VERBOSE1:btm_ble_gap.cc(1924)] btm_ble_process_ext_adv_pkt: bda=c8:28:32:16:78:36
07-12 11:01:32.020  2502  3457 V bt_stack: [VERBOSE1:btm_ble_gap.cc(1848)] btm_ble_process_adv_addr: bda=c8:28:32:16:78:36
07-12 11:01:32.020  2502  3457 V bt_stack: [VERBOSE1:btm_inq.cc(1019)] BTM_InqDbRead: bd addr c8:28:32:16:78:36
07-12 11:01:32.020  2502  3457 V bt_stack: [VERBOSE1:btm_ble_gap.cc(1924)] btm_ble_process_ext_adv_pkt: bda=52:01:eb:6a:b6:c4
07-12 11:01:32.020  2502  3457 V bt_stack: [VERBOSE1:btm_ble_gap.cc(1848)] btm_ble_process_adv_addr: bda=52:01:eb:6a:b6:c4
07-12 11:01:32.020  2502  3457 V bt_stack: [VERBOSE1:btm_ble_gap.cc(2058)]  Waiting for scan response 52:01:eb:6a:b6:c4
07-12 11:01:32.020  2502  3457 V bt_stack: [VERBOSE1:btm_ble_gap.cc(1924)] btm_ble_process_ext_adv_pkt: bda=7e:f7:16:c1:c7:92
07-12 11:01:32.020  2502  3457 V bt_stack: [VERBOSE1:btm_ble_gap.cc(1848)] btm_ble_process_adv_addr: bda=7e:f7:16:c1:c7:92
07-12 11:01:32.020  2502  3457 V bt_stack: [VERBOSE1:btm_ble_gap.cc(2058)]  Waiting for scan response 7e:f7:16:c1:c7:92
07-12 11:01:32.021  2502  3457 V bt_stack: [VERBOSE1:btm_ble_gap.cc(1924)] btm_ble_process_ext_adv_pkt: bda=7e:f7:16:c1:c7:92
07-12 11:01:32.021  2502  3457 V bt_stack: [VERBOSE1:btm_ble_gap.cc(1848)] btm_ble_process_adv_addr: bda=7e:f7:16:c1:c7:92
07-12 11:01:32.021  2502  3457 V bt_stack: [VERBOSE1:btm_inq.cc(1019)] BTM_InqDbRead: bd addr 7e:f7:16:c1:c7:92
07-12 11:01:32.021  2502  3457 V bt_stack: [VERBOSE1:btm_ble_gap.cc(1924)] btm_ble_process_ext_adv_pkt: bda=7e:f7:16:c1:c7:92
07-12 11:01:32.021  2502  3457 V bt_stack: [VERBOSE1:btm_ble_gap.cc(1848)] btm_ble_process_adv_addr: bda=7e:f7:16:c1:c7:92
07-12 11:01:32.021  2502  3457 V bt_stack: [VERBOSE1:btm_ble_gap.cc(2058)]  Waiting for scan response 7e:f7:16:c1:c7:92
07-12 11:01:32.021  2502  3457 V bt_stack: [VERBOSE1:btm_ble_gap.cc(1924)] btm_ble_process_ext_adv_pkt: bda=7e:f7:16:c1:c7:92
07-12 11:01:32.021  2502  3457 V bt_stack: [VERBOSE1:btm_ble_gap.cc(1848)] btm_ble_process_adv_addr: bda=7e:f7:16:c1:c7:92
07-12 11:01:32.021  2502  3457 V bt_stack: [VERBOSE1:btm_inq.cc(1019)] BTM_InqDbRead: bd addr 7e:f7:16:c1:c7:92
07-12 11:01:32.024  3471  3587 E MiuiFastConnectService: check adv data not fast connect
07-12 11:01:32.099   904  3454 I vendor.qti.bluetooth@1.0-ibs_handler: ProcessIbsCmd: Received IBS_SLEEP_IND: 0xFE
07-12 11:01:32.099   904  3454 D vendor.qti.bluetooth@1.0-ibs_handler: SerialClockVote: vote for UART CLK OFF
07-12 11:01:32.250   904  3130 D vendor.qti.bluetooth@1.0-wake_lock: Release wakelock is released
07-12 11:01:32.743   904  3454 I vendor.qti.bluetooth@1.0-ibs_handler: ProcessIbsCmd: Received IBS_WAKE_IND: 0xFD
07-12 11:01:32.743   904  3454 D vendor.qti.bluetooth@1.0-ibs_handler: SerialClockVote: vote for UART CLK ON
07-12 11:01:32.744   904  3454 D vendor.qti.bluetooth@1.0-wake_lock: Acquire wakelock is acquired
07-12 11:01:32.744   904  3454 I vendor.qti.bluetooth@1.0-ibs_handler: ProcessIbsCmd: Writing IBS_WAKE_ACK
07-12 11:01:32.747  2502  3457 V bt_stack: [VERBOSE1:btm_ble_gap.cc(1924)] btm_ble_process_ext_adv_pkt: bda=7e:f7:16:c1:c7:92
07-12 11:01:32.748  2502  3457 V bt_stack: [VERBOSE1:btm_ble_gap.cc(1848)] btm_ble_process_adv_addr: bda=7e:f7:16:c1:c7:92
07-12 11:01:32.748  2502  3457 V bt_stack: [VERBOSE1:btm_ble_gap.cc(2058)]  Waiting for scan response 7e:f7:16:c1:c7:92
07-12 11:01:32.748  2502  3457 V bt_stack: [VERBOSE1:btm_ble_gap.cc(1924)] btm_ble_process_ext_adv_pkt: bda=7e:f7:16:c1:c7:92
07-12 11:01:32.748  2502  3457 V bt_stack: [VERBOSE1:btm_ble_gap.cc(1848)] btm_ble_process_adv_addr: bda=7e:f7:16:c1:c7:92
07-12 11:01:32.748  2502  3457 V bt_stack: [VERBOSE1:btm_inq.cc(1019)] BTM_InqDbRead: bd addr 7e:f7:16:c1:c7:92
07-12 11:01:32.748  2502  3457 V bt_stack: [VERBOSE1:btm_ble_gap.cc(1924)] btm_ble_process_ext_adv_pkt: bda=7e:f7:16:c1:c7:92
07-12 11:01:32.748  2502  3457 V bt_stack: [VERBOSE1:btm_ble_gap.cc(1848)] btm_ble_process_adv_addr: bda=7e:f7:16:c1:c7:92
07-12 11:01:32.748  2502  3457 V bt_stack: [VERBOSE1:btm_ble_gap.cc(2058)]  Waiting for scan response 7e:f7:16:c1:c7:92
07-12 11:01:32.749  2502  3457 V bt_stack: [VERBOSE1:btm_ble_gap.cc(1924)] btm_ble_process_ext_adv_pkt: bda=7e:f7:16:c1:c7:92
07-12 11:01:32.749  2502  3457 V bt_stack: [VERBOSE1:btm_ble_gap.cc(1848)] btm_ble_process_adv_addr: bda=7e:f7:16:c1:c7:92
07-12 11:01:32.749  2502  3457 V bt_stack: [VERBOSE1:btm_inq.cc(1019)] BTM_InqDbRead: bd addr 7e:f7:16:c1:c7:92
07-12 11:01:32.749  2502  3457 V bt_stack: [VERBOSE1:btm_ble_gap.cc(1924)] btm_ble_process_ext_adv_pkt: bda=7e:f7:16:c1:c7:92
07-12 11:01:32.749  2502  3457 V bt_stack: [VERBOSE1:btm_ble_gap.cc(1848)] btm_ble_process_adv_addr: bda=7e:f7:16:c1:c7:92
07-12 11:01:32.749  2502  3457 V bt_stack: [VERBOSE1:btm_ble_gap.cc(2058)]  Waiting for scan response 7e:f7:16:c1:c7:92
07-12 11:01:32.749  2502  3457 V bt_stack: [VERBOSE1:btm_ble_gap.cc(1924)] btm_ble_process_ext_adv_pkt: bda=7e:f7:16:c1:c7:92
07-12 11:01:32.749  2502  3457 V bt_stack: [VERBOSE1:btm_ble_gap.cc(1848)] btm_ble_process_adv_addr: bda=7e:f7:16:c1:c7:92
07-12 11:01:32.749  2502  3457 V bt_stack: [VERBOSE1:btm_inq.cc(1019)] BTM_InqDbRead: bd addr 7e:f7:16:c1:c7:92
07-12 11:01:32.762  2502  3457 V bt_stack: [VERBOSE1:btm_ble_gap.cc(1924)] btm_ble_process_ext_adv_pkt: bda=d4:5e:ec:42:d1:94
07-12 11:01:32.762  2502  3457 V bt_stack: [VERBOSE1:btm_ble_gap.cc(1848)] btm_ble_process_adv_addr: bda=d4:5e:ec:42:d1:94
07-12 11:01:32.762  2502  3457 V bt_stack: [VERBOSE1:btm_ble_gap.cc(2058)]  Waiting for scan response d4:5e:ec:42:d1:94
07-12 11:01:32.762  2502  3457 V bt_stack: [VERBOSE1:btm_ble_gap.cc(1924)] btm_ble_process_ext_adv_pkt: bda=d4:5e:ec:42:d1:94
07-12 11:01:32.762  2502  3457 V bt_stack: [VERBOSE1:btm_ble_gap.cc(1848)] btm_ble_process_adv_addr: bda=d4:5e:ec:42:d1:94
07-12 11:01:32.762  2502  3457 V bt_stack: [VERBOSE1:btm_inq.cc(1019)] BTM_InqDbRead: bd addr d4:5e:ec:42:d1:94
07-12 11:01:32.775  3471  3587 D MiuiMiHomeConnectController: getDeviceTimes
07-12 11:01:32.777  3471  3587 D MiuiMiHomeConnectController: result.getRssi = -6500:00:00:42:D1:94
07-12 11:01:32.781  3471  3587 D MiuiMiHomeDownloadManager: check local file : null
07-12 11:01:32.781  3471  3587 D MiuiMiHomeDownloadManager: device: 41646    return rssiNum: -50
07-12 11:01:32.781  3471  3587 D MiuiMiHomeConnectController: rssi num is not fit cloud data
07-12 11:01:32.842   904  3454 I vendor.qti.bluetooth@1.0-ibs_handler: ProcessIbsCmd: Received IBS_SLEEP_IND: 0xFE
07-12 11:01:32.842   904  3454 D vendor.qti.bluetooth@1.0-ibs_handler: SerialClockVote: vote for UART CLK OFF
07-12 11:01:32.992   904  3130 D vendor.qti.bluetooth@1.0-wake_lock: Release wakelock is released
07-12 11:01:33.425   904  3454 I vendor.qti.bluetooth@1.0-ibs_handler: ProcessIbsCmd: Received IBS_WAKE_IND: 0xFD
07-12 11:01:33.425   904  3454 D vendor.qti.bluetooth@1.0-ibs_handler: SerialClockVote: vote for UART CLK ON
07-12 11:01:33.427   904  3454 D vendor.qti.bluetooth@1.0-wake_lock: Acquire wakelock is acquired
07-12 11:01:33.427   904  3454 I vendor.qti.bluetooth@1.0-ibs_handler: ProcessIbsCmd: Writing IBS_WAKE_ACK
07-12 11:01:33.429  2502  3457 V bt_stack: [VERBOSE1:btm_ble_gap.cc(1924)] btm_ble_process_ext_adv_pkt: bda=80:30:49:4a:b5:7e
07-12 11:01:33.430  2502  3457 V bt_stack: [VERBOSE1:btm_ble_gap.cc(1848)] btm_ble_process_adv_addr: bda=80:30:49:4a:b5:7e
07-12 11:01:33.430  2502  3457 V bt_stack: [VERBOSE1:btm_ble_gap.cc(2058)]  Waiting for scan response 80:30:49:4a:b5:7e
07-12 11:01:33.430  2502  3457 V bt_stack: [VERBOSE1:btm_ble_gap.cc(1924)] btm_ble_process_ext_adv_pkt: bda=7e:f7:16:c1:c7:92
07-12 11:01:33.430  2502  3457 V bt_stack: [VERBOSE1:btm_ble_gap.cc(1848)] btm_ble_process_adv_addr: bda=7e:f7:16:c1:c7:92
07-12 11:01:33.430  2502  3457 V bt_stack: [VERBOSE1:btm_ble_gap.cc(2058)]  Waiting for scan response 7e:f7:16:c1:c7:92
07-12 11:01:33.430  2502  3457 V bt_stack: [VERBOSE1:btm_ble_gap.cc(1924)] btm_ble_process_ext_adv_pkt: bda=7e:f7:16:c1:c7:92
07-12 11:01:33.430  2502  3457 V bt_stack: [VERBOSE1:btm_ble_gap.cc(1848)] btm_ble_process_adv_addr: bda=7e:f7:16:c1:c7:92
07-12 11:01:33.430  2502  3457 V bt_stack: [VERBOSE1:btm_ble_gap.cc(2058)]  Waiting for scan response 7e:f7:16:c1:c7:92
07-12 11:01:33.430  2502  3457 V bt_stack: [VERBOSE1:btm_ble_gap.cc(1924)] btm_ble_process_ext_adv_pkt: bda=7e:f7:16:c1:c7:92
07-12 11:01:33.431  2502  3457 V bt_stack: [VERBOSE1:btm_ble_gap.cc(1848)] btm_ble_process_adv_addr: bda=7e:f7:16:c1:c7:92
07-12 11:01:33.431  2502  3457 V bt_stack: [VERBOSE1:btm_inq.cc(1019)] BTM_InqDbRead: bd addr 7e:f7:16:c1:c7:92
07-12 11:01:33.508   904  3454 I vendor.qti.bluetooth@1.0-ibs_handler: ProcessIbsCmd: Received IBS_SLEEP_IND: 0xFE
07-12 11:01:33.508   904  3454 D vendor.qti.bluetooth@1.0-ibs_handler: SerialClockVote: vote for UART CLK OFF
07-12 11:01:33.524  1894  2363 I MiuiNetworkPolicy: bandwidth: 3 KB/s, Max bandwidth: 1170 KB/s
07-12 11:01:33.659   904  3130 D vendor.qti.bluetooth@1.0-wake_lock: Release wakelock is released
07-12 11:01:34.006  2963  2963 D NetworkSpeedTracker: receive actionandroid.intent.action.BATTERY_CHANGED
07-12 11:01:34.006  2963  2963 D NetworkSpeedTracker: onReceive ACTION_BATTERY_CHANGED mBatteryLevel = 100;mIsCharging =true
07-12 11:01:34.007  2829  2829 D QtiCarrierConfigHelper: WARNING, no carrier configs on phone Id: 0
07-12 11:01:34.009  4928  4928 I BatteryInfoReceiver: ACTION_BATTERY_CHANGED
07-12 11:01:34.010  5492  5492 D VA_UploadVoiceJobService: uploadVoiceDatas onReceive time cost : 0
07-12 11:01:34.011  5492  6796 D VA_UploadVoiceJobService: needUploadVoice timeSinceLastUpload = 4689819
07-12 11:01:34.012  2565  2565 D KeyguardUpdateMonitor: received broadcast android.intent.action.BATTERY_CHANGED
07-12 11:01:34.012  2565  2565 D BatteryController: onReceive: Intent = Intent { act=android.intent.action.BATTERY_CHANGED flg=0x60000010 (has extras) } action = android.intent.action.BATTERY_CHANGED
07-12 11:01:34.013  6407  7011 D PowerCheckerService: onBatteryChanged, mBatteryLevel = 100, status = 2, level = 100, plug = 2, scale = 100
07-12 11:01:34.013  2906  2906 D DeviceStatisticsService: chargerType=2 batteryLevel=100 totalBatteryCapacity=4261200
07-12 11:01:34.013  2906  2906 D DeviceInfoHidlClient: getPowerInfoSupportStatus()=-1
07-12 11:01:34.014  4928  8376 I android_os_HwBinder: HwBinder: Starting thread pool for getting: vendor.xiaomi.hardware.micharge@1.0::IMiCharge/default
07-12 11:01:34.014  6407  6935 D PowerKeeper.FrozenApp: onBatteryChanged plug=true mBatteryPlugged=2
07-12 11:01:34.014   968  5232 I vendor.xiaomi.hardware.micharge@1.0-service: ReadFilePathValue path = /sys/class/power_supply/battery/night_charging value = 0
07-12 11:01:34.014  4928  8376 I ChargeProtectionUtils: getNightChargingState: 0
07-12 11:01:34.027   904  3454 I vendor.qti.bluetooth@1.0-ibs_handler: ProcessIbsCmd: Received IBS_WAKE_IND: 0xFD
07-12 11:01:34.028   904  3454 D vendor.qti.bluetooth@1.0-ibs_handler: SerialClockVote: vote for UART CLK ON
