06-20 16:56:11.783  2018  3127 D libsensor-displayalgo: the value of  brightness:438.000000,R:77296384.557271,G:77297133.237939,B:77313059.061408,EVENT_C:7077.500000,EVENT_R:2742.000000,EVENT_G:3588.000000,EVENT_B:1431.500000
06-20 16:56:11.783  2018  3127 I libsensor-displayalgo: the value of  Coef1:1107.681000,Coef4:2.383000, scale1:0.935522, scale4:0.923264
06-20 16:56:11.783  2018  3127 E libsensor-displayalgo: RGB_test_0407_400_oldzy!
06-20 16:56:11.783  2018  3127 I libsensor-displayalgo: the value of  RESULT3116.697536,1231.266004,1510.266625,565.233393
06-20 16:56:11.783  2018  3127 I libsensor-displayalgo: the value of  getChannelDataCalibrated3267.687221,1140.389644,1755.389210,616.914213
06-20 16:56:11.783  2018  3127 I libsensor-displayalgo: the value of  REAL LUX225.703308
06-20 16:56:11.783  2018  3127 I libsensor-displayalgo: the value of  CAL REAL LUX225.703308
06-20 16:56:12.082  2018  3127 D libsensor-displayalgo: the value of  brightness:438.000000,R:77296384.557271,G:77297133.237939,B:77313059.061408,EVENT_C:7078.500000,EVENT_R:2745.000000,EVENT_G:3587.000000,EVENT_B:1432.500000
06-20 16:56:12.082  2018  3127 I libsensor-displayalgo: the value of  Coef1:1107.681000,Coef4:2.383000, scale1:0.935522, scale4:0.923264
06-20 16:56:12.082  2018  3127 E libsensor-displayalgo: RGB_test_0407_400_oldzy!
06-20 16:56:12.083  2018  3127 I libsensor-displayalgo: the value of  RESULT3116.697536,1231.266004,1510.266625,565.233393
06-20 16:56:12.083  2018  3127 I libsensor-displayalgo: the value of  getChannelDataCalibrated3267.687221,1140.389644,1755.389210,616.914213
06-20 16:56:12.083  2018  3127 I libsensor-displayalgo: the value of  REAL LUX225.534042
06-20 16:56:12.083  2018  3127 I libsensor-displayalgo: the value of  CAL REAL LUX225.534042
06-20 16:56:12.299 31630 31630 I HandWritingStubImpl: isKeyboardTypeChanged: false
06-20 16:56:12.313  1930  1967 I mstatdaemon: Entering time loop
06-20 16:56:12.313  1930  1967 I mstatdaemon: t = 1687251372
06-20 16:56:12.313  1930  1967 I mstatdaemon: translated_t = 1371261372
06-20 16:56:12.313  1930  1967 I mstat_log: mstatcommitLog log_alloc() failed
06-20 16:56:12.368  4233  4233 D MiPlayDetailViewModel: onPositionChange(): position = 151044
06-20 16:56:12.368  5809 17624 I SafeBinderCall: onPositionChange binder cost:1
06-20 16:56:12.384  2018  3127 D libsensor-displayalgo: the value of  brightness:438.000000,R:77296384.557271,G:77297133.237939,B:77313059.061408,EVENT_C:7048.500000,EVENT_R:2732.500000,EVENT_G:3570.000000,EVENT_B:1425.000000
06-20 16:56:12.384  2018  3127 I libsensor-displayalgo: the value of  Coef1:1107.681000,Coef4:2.383000, scale1:0.935522, scale4:0.923264
06-20 16:56:12.384  2018  3127 E libsensor-displayalgo: RGB_test_0407_400_oldzy!
06-20 16:56:12.385  2018  3127 I libsensor-displayalgo: the value of  RESULT3116.697536,1231.266004,1510.266625,565.233393
06-20 16:56:12.385  2018  3127 I libsensor-displayalgo: the value of  getChannelDataCalibrated3267.687221,1140.389644,1755.389210,616.914213
06-20 16:56:12.385  2018  3127 I libsensor-displayalgo: the value of  REAL LUX223.723831
06-20 16:56:12.385  2018  3127 I libsensor-displayalgo: the value of  CAL REAL LUX223.723831
06-20 16:56:12.584 16265 17621 D AudioTrack: [audioTrackData][fine] 30s(f:30001 m:960 s:80 k:0) : pid 16265 uid 10498 sessionId 2753 sr 48000 ch 2 fmt 1
06-20 16:56:12.682  2018  3127 D libsensor-displayalgo: the value of  brightness:438.000000,R:77296384.557271,G:77297133.237939,B:77313059.061408,EVENT_C:6959.500000,EVENT_R:2703.000000,EVENT_G:3521.000000,EVENT_B:1406.500000
06-20 16:56:12.683  2018  3127 I libsensor-displayalgo: the value of  Coef1:1107.681000,Coef4:2.383000, scale1:0.935522, scale4:0.923264
06-20 16:56:12.683  2018  3127 E libsensor-displayalgo: RGB_test_0407_400_oldzy!
06-20 16:56:12.684  2018  3127 I libsensor-displayalgo: the value of  RESULT3116.697536,1231.266004,1510.266625,565.233393
06-20 16:56:12.684  2018  3127 I libsensor-displayalgo: the value of  getChannelDataCalibrated3267.687221,1140.389644,1755.389210,616.914213
06-20 16:56:12.684  2018  3127 I libsensor-displayalgo: the value of  REAL LUX217.828247
06-20 16:56:12.684  2018  3127 I libsensor-displayalgo: the value of  CAL REAL LUX217.828247
06-20 16:56:12.841 31630 31630 I HandWritingStubImpl: isKeyboardTypeChanged: false
06-20 16:56:12.982  2018  3127 D libsensor-displayalgo: the value of  brightness:438.000000,R:77296384.557271,G:77297133.237939,B:77313059.061408,EVENT_C:6912.000000,EVENT_R:2690.500000,EVENT_G:3499.000000,EVENT_B:1399.000000
06-20 16:56:12.982  2018  3127 I libsensor-displayalgo: the value of  Coef1:1107.681000,Coef4:2.383000, scale1:0.935522, scale4:0.923264
06-20 16:56:12.982  2018  3127 E libsensor-displayalgo: RGB_test_0407_400_oldzy!
06-20 16:56:12.984  2018  3127 I libsensor-displayalgo: the value of  RESULT3116.697536,1231.266004,1510.266625,565.233393
06-20 16:56:12.984  2018  3127 I libsensor-displayalgo: the value of  getChannelDataCalibrated3267.687221,1140.389644,1755.389210,616.914213
06-20 16:56:12.984  2018  3127 I libsensor-displayalgo: the value of  REAL LUX214.555466
06-20 16:56:12.984  2018  3127 I libsensor-displayalgo: the value of  CAL REAL LUX214.555466
06-20 16:56:13.164 10693 10749 D TAB.TabMonitorGroup: monitorGroup is null or content is empty!
06-20 16:56:13.164 10693 10749 D TAB.TabReportImpl: reportWithEventCode -> monitorDataMap is empty and ignore this monitor report!
06-20 16:56:13.164 10693 10749 D TAB.TabMonitorGroup: monitorGroup is null or content is empty!
06-20 16:56:13.164 10693 10749 D TAB.TabReportImpl: reportWithEventCode -> monitorDataMap is empty and ignore this monitor report!
06-20 16:56:13.165 10693 10749 D TAB.TabMonitorGroup: monitorGroup is null or content is empty!
06-20 16:56:13.165 10693 10749 D TAB.TabReportImpl: reportWithEventCode -> monitorDataMap is empty and ignore this monitor report!
06-20 16:56:13.282  2018  3127 D libsensor-displayalgo: the value of  brightness:438.000000,R:77296384.557271,G:77297133.237939,B:77313059.061408,EVENT_C:6910.000000,EVENT_R:2684.500000,EVENT_G:3494.500000,EVENT_B:1398.000000
06-20 16:56:13.282  2018  3127 I libsensor-displayalgo: the value of  Coef1:1107.681000,Coef4:2.383000, scale1:0.935522, scale4:0.923264
06-20 16:56:13.282  2018  3127 E libsensor-displayalgo: RGB_test_0407_400_oldzy!
06-20 16:56:13.283  2018  3127 I libsensor-displayalgo: the value of  RESULT3116.697536,1231.266004,1510.266625,565.233393
06-20 16:56:13.283  2018  3127 I libsensor-displayalgo: the value of  getChannelDataCalibrated3267.687221,1140.389644,1755.389210,616.914213
06-20 16:56:13.283  2018  3127 I libsensor-displayalgo: the value of  REAL LUX214.517044
06-20 16:56:13.283  2018  3127 I libsensor-displayalgo: the value of  CAL REAL LUX214.517044
06-20 16:56:13.368  5809 17624 I SafeBinderCall: onPositionChange binder cost:1
06-20 16:56:13.368  4233  4233 D MiPlayDetailViewModel: onPositionChange(): position = 152044
06-20 16:56:13.368 31630 31630 I HandWritingStubImpl: isKeyboardTypeChanged: false
06-20 16:56:13.583  2018  3127 D libsensor-displayalgo: the value of  brightness:438.000000,R:77296384.557271,G:77297133.237939,B:77313059.061408,EVENT_C:6937.500000,EVENT_R:2696.500000,EVENT_G:3510.500000,EVENT_B:1403.000000
06-20 16:56:13.583  2018  3127 I libsensor-displayalgo: the value of  Coef1:1107.681000,Coef4:2.383000, scale1:0.935522, scale4:0.923264
06-20 16:56:13.583  2018  3127 E libsensor-displayalgo: RGB_test_0407_400_oldzy!
06-20 16:56:13.584  2018  3127 I libsensor-displayalgo: the value of  RESULT3116.697536,1231.266004,1510.266625,565.233393
06-20 16:56:13.584  2018  3127 I libsensor-displayalgo: the value of  getChannelDataCalibrated3267.687221,1140.389644,1755.389210,616.914213
06-20 16:56:13.584  2018  3127 I libsensor-displayalgo: the value of  REAL LUX216.327194
06-20 16:56:13.584  2018  3127 I libsensor-displayalgo: the value of  CAL REAL LUX216.327194
06-20 16:56:13.863 31630 31630 I HandWritingStubImpl: isKeyboardTypeChanged: false
06-20 16:56:13.882  2018  3127 D libsensor-displayalgo: the value of  brightness:438.000000,R:77296384.557271,G:77297133.237939,B:77313059.061408,EVENT_C:6954.500000,EVENT_R:2699.500000,EVENT_G:3521.000000,EVENT_B:1407.000000
06-20 16:56:13.882  2018  3127 I libsensor-displayalgo: the value of  Coef1:1107.681000,Coef4:2.383000, scale1:0.935522, scale4:0.923264
06-20 16:56:13.882  2018  3127 E libsensor-displayalgo: RGB_test_0407_400_oldzy!
06-20 16:56:13.883  2018  3127 I libsensor-displayalgo: the value of  RESULT3116.697536,1231.266004,1510.266625,565.233393
06-20 16:56:13.883  2018  3127 I libsensor-displayalgo: the value of  getChannelDataCalibrated3267.687221,1140.389644,1755.389210,616.914213
06-20 16:56:13.883  2018  3127 I libsensor-displayalgo: the value of  REAL LUX217.566666
06-20 16:56:13.883  2018  3127 I libsensor-displayalgo: the value of  CAL REAL LUX217.566666
06-20 16:56:14.182  2018  3127 D libsensor-displayalgo: the value of  brightness:438.000000,R:77296384.557271,G:77297133.237939,B:77313059.061408,EVENT_C:6984.500000,EVENT_R:2711.000000,EVENT_G:3533.500000,EVENT_B:1414.500000
06-20 16:56:14.183  2018  3127 I libsensor-displayalgo: the value of  Coef1:1107.681000,Coef4:2.383000, scale1:0.935522, scale4:0.923264
06-20 16:56:14.183  2018  3127 E libsensor-displayalgo: RGB_test_0407_400_oldzy!
06-20 16:56:14.184  2018  3127 I libsensor-displayalgo: the value of  RESULT3116.697536,1231.266004,1510.266625,565.233393
06-20 16:56:14.184  2018  3127 I libsensor-displayalgo: the value of  getChannelDataCalibrated3267.687221,1140.389644,1755.389210,616.914213
06-20 16:56:14.184  2018  3127 I libsensor-displayalgo: the value of  REAL LUX219.209869
06-20 16:56:14.184  2018  3127 I libsensor-displayalgo: the value of  CAL REAL LUX219.209869
06-20 16:56:14.276 10662 10818 D WorkerThreadMonitor: Kill MSF check result[ senderSize:0,sendInterval:87990,receiveInterval=27867,addCmdCount=160
06-20 16:56:14.369  4233  4233 D MiPlayDetailViewModel: onPositionChange(): position = 153045
06-20 16:56:14.369  5809 17624 I SafeBinderCall: onPositionChange binder cost:1
06-20 16:56:14.407 31630 31630 I HandWritingStubImpl: isKeyboardTypeChanged: false
06-20 16:56:14.482  2018  3127 D libsensor-displayalgo: the value of  brightness:438.000000,R:77296384.557271,G:77297133.237939,B:77313059.061408,EVENT_C:7065.500000,EVENT_R:2736.000000,EVENT_G:3575.500000,EVENT_B:1428.500000
06-20 16:56:14.482  2018  3127 I libsensor-displayalgo: the value of  Coef1:1107.681000,Coef4:2.383000, scale1:0.935522, scale4:0.923264
06-20 16:56:14.482  2018  3127 E libsensor-displayalgo: RGB_test_0407_400_oldzy!
06-20 16:56:14.483  2018  3127 I libsensor-displayalgo: the value of  RESULT3116.697536,1231.266004,1510.266625,565.233393
06-20 16:56:14.483  2018  3127 I libsensor-displayalgo: the value of  getChannelDataCalibrated3267.687221,1140.389644,1755.389210,616.914213
06-20 16:56:14.483  2018  3127 I libsensor-displayalgo: the value of  REAL LUX224.757584
06-20 16:56:14.483  2018  3127 I libsensor-displayalgo: the value of  CAL REAL LUX224.757584
06-20 16:56:14.782  2018  3127 D libsensor-displayalgo: the value of  brightness:438.000000,R:77296384.557271,G:77297133.237939,B:77313059.061408,EVENT_C:7010.000000,EVENT_R:2718.000000,EVENT_G:3544.500000,EVENT_B:1417.000000
06-20 16:56:14.783  2018  3127 I libsensor-displayalgo: the value of  Coef1:1107.681000,Coef4:2.383000, scale1:0.935522, scale4:0.923264
06-20 16:56:14.783  2018  3127 E libsensor-displayalgo: RGB_test_0407_400_oldzy!
06-20 16:56:14.784  2018  3127 I libsensor-displayalgo: the value of  RESULT3116.697536,1231.266004,1510.266625,565.233393
06-20 16:56:14.784  2018  3127 I libsensor-displayalgo: the value of  getChannelDataCalibrated3267.687221,1140.389644,1755.389210,616.914213
06-20 16:56:14.784  2018  3127 I libsensor-displayalgo: the value of  REAL LUX221.043015
06-20 16:56:14.784  2018  3127 I libsensor-displayalgo: the value of  CAL REAL LUX221.043015
06-20 16:56:14.951 31630 31630 I HandWritingStubImpl: isKeyboardTypeChanged: false
06-20 16:56:15.082  2018  3127 D libsensor-displayalgo: the value of  brightness:438.000000,R:77296384.557271,G:77297133.237939,B:77313059.061408,EVENT_C:7060.500000,EVENT_R:2736.000000,EVENT_G:3571.000000,EVENT_B:1427.500000
06-20 16:56:15.082  2018  3127 I libsensor-displayalgo: the value of  Coef1:1107.681000,Coef4:2.383000, scale1:0.935522, scale4:0.923264
06-20 16:56:15.082  2018  3127 E libsensor-displayalgo: RGB_test_0407_400_oldzy!
06-20 16:56:15.083  2018  3127 I libsensor-displayalgo: the value of  RESULT3116.697536,1231.266004,1510.266625,565.233393
06-20 16:56:15.083  2018  3127 I libsensor-displayalgo: the value of  getChannelDataCalibrated3267.687221,1140.389644,1755.389210,616.914213
06-20 16:56:15.083  2018  3127 I libsensor-displayalgo: the value of  REAL LUX224.281189
06-20 16:56:15.083  2018  3127 I libsensor-displayalgo: the value of  CAL REAL LUX224.281189
06-20 16:56:15.368  4233  4233 D MiPlayDetailViewModel: onPositionChange(): position = 154044
06-20 16:56:15.368  5809 17624 I SafeBinderCall: onPositionChange binder cost:1
06-20 16:56:15.383  2018  3127 D libsensor-displayalgo: the value of  brightness:438.000000,R:77296384.557271,G:77297133.237939,B:77313059.061408,EVENT_C:7063.500000,EVENT_R:2736.000000,EVENT_G:3574.500000,EVENT_B:1425.500000
06-20 16:56:15.383  2018  3127 I libsensor-displayalgo: the value of  Coef1:1107.681000,Coef4:2.383000, scale1:0.935522, scale4:0.923264
06-20 16:56:15.383  2018  3127 E libsensor-displayalgo: RGB_test_0407_400_oldzy!
06-20 16:56:15.384  2018  3127 I libsensor-displayalgo: the value of  RESULT3116.697536,1231.266004,1510.266625,565.233393
06-20 16:56:15.384  2018  3127 I libsensor-displayalgo: the value of  getChannelDataCalibrated3267.687221,1140.389644,1755.389210,616.914213
06-20 16:56:15.384  2018  3127 I libsensor-displayalgo: the value of  REAL LUX224.814636
06-20 16:56:15.384  2018  3127 I libsensor-displayalgo: the value of  CAL REAL LUX224.814636
06-20 16:56:15.479 31630 31630 I HandWritingStubImpl: isKeyboardTypeChanged: false
06-20 16:56:15.682  2018  3127 D libsensor-displayalgo: the value of  brightness:438.000000,R:77296384.557271,G:77297133.237939,B:77313059.061408,EVENT_C:7053.000000,EVENT_R:2734.500000,EVENT_G:3573.000000,EVENT_B:1426.000000
06-20 16:56:15.682  2018  3127 I libsensor-displayalgo: the value of  Coef1:1107.681000,Coef4:2.383000, scale1:0.935522, scale4:0.923264
06-20 16:56:15.682  2018  3127 E libsensor-displayalgo: RGB_test_0407_400_oldzy!
06-20 16:56:15.683  2018  3127 I libsensor-displayalgo: the value of  RESULT3116.697536,1231.266004,1510.266625,565.233393
06-20 16:56:15.683  2018  3127 I libsensor-displayalgo: the value of  getChannelDataCalibrated3267.687221,1140.389644,1755.389210,616.914213
06-20 16:56:15.683  2018  3127 I libsensor-displayalgo: the value of  REAL LUX224.021271
06-20 16:56:15.683  2018  3127 I libsensor-displayalgo: the value of  CAL REAL LUX224.021271
06-20 16:56:15.983  2018  3127 D libsensor-displayalgo: the value of  brightness:438.000000,R:77296384.557271,G:77297133.237939,B:77313059.061408,EVENT_C:7068.000000,EVENT_R:2737.500000,EVENT_G:3579.500000,EVENT_B:1429.000000
06-20 16:56:15.983  2018  3127 I libsensor-displayalgo: the value of  Coef1:1107.681000,Coef4:2.383000, scale1:0.935522, scale4:0.923264
06-20 16:56:15.983  2018  3127 E libsensor-displayalgo: RGB_test_0407_400_oldzy!
06-20 16:56:15.983  2018  3127 I libsensor-displayalgo: the value of  RESULT3116.697536,1231.266004,1510.266625,565.233393
06-20 16:56:15.984  2018  3127 I libsensor-displayalgo: the value of  getChannelDataCalibrated3267.687221,1140.389644,1755.389210,616.914213
06-20 16:56:15.984  2018  3127 I libsensor-displayalgo: the value of  REAL LUX225.018845
06-20 16:56:15.984  2018  3127 I libsensor-displayalgo: the value of  CAL REAL LUX225.018845
06-20 16:56:16.023 31630 31630 I HandWritingStubImpl: isKeyboardTypeChanged: false
06-20 16:56:16.282  2018  3127 D libsensor-displayalgo: the value of  brightness:438.000000,R:77296384.557271,G:77297133.237939,B:77313059.061408,EVENT_C:7053.000000,EVENT_R:2732.000000,EVENT_G:3571.500000,EVENT_B:1425.500000
06-20 16:56:16.283  2018  3127 I libsensor-displayalgo: the value of  Coef1:1107.681000,Coef4:2.383000, scale1:0.935522, scale4:0.923264
06-20 16:56:16.283  2018  3127 E libsensor-displayalgo: RGB_test_0407_400_oldzy!
06-20 16:56:16.283  2018  3127 I libsensor-displayalgo: the value of  RESULT3116.697536,1231.266004,1510.266625,565.233393
06-20 16:56:16.283  2018  3127 I libsensor-displayalgo: the value of  getChannelDataCalibrated3267.687221,1140.389644,1755.389210,616.914213
06-20 16:56:16.283  2018  3127 I libsensor-displayalgo: the value of  REAL LUX224.087891
06-20 16:56:16.283  2018  3127 I libsensor-displayalgo: the value of  CAL REAL LUX224.087891
06-20 16:56:16.368  4233  4233 D MiPlayDetailViewModel: onPositionChange(): position = 155044
06-20 16:56:16.368  5809 17624 I SafeBinderCall: onPositionChange binder cost:1
06-20 16:56:16.567 31630 31630 I HandWritingStubImpl: isKeyboardTypeChanged: false
06-20 16:56:16.583  2018  3127 D libsensor-displayalgo: the value of  brightness:438.000000,R:77296384.557271,G:77297133.237939,B:77313059.061408,EVENT_C:7062.000000,EVENT_R:2735.000000,EVENT_G:3575.500000,EVENT_B:1428.500000
06-20 16:56:16.583  2018  3127 I libsensor-displayalgo: the value of  Coef1:1107.681000,Coef4:2.383000, scale1:0.935522, scale4:0.923264
06-20 16:56:16.583  2018  3127 E libsensor-displayalgo: RGB_test_0407_400_oldzy!
06-20 16:56:16.585  2018  3127 I libsensor-displayalgo: the value of  RESULT3116.697536,1231.266004,1510.266625,565.233393
06-20 16:56:16.585  2018  3127 I libsensor-displayalgo: the value of  getChannelDataCalibrated3267.687221,1140.389644,1755.389210,616.914213
06-20 16:56:16.585  2018  3127 I libsensor-displayalgo: the value of  REAL LUX224.548248
06-20 16:56:16.585  2018  3127 I libsensor-displayalgo: the value of  CAL REAL LUX224.548248
06-20 16:56:16.883  2018  3127 D libsensor-displayalgo: the value of  brightness:438.000000,R:77296384.557271,G:77297133.237939,B:77313059.061408,EVENT_C:7058.500000,EVENT_R:2733.000000,EVENT_G:3572.500000,EVENT_B:1428.000000
06-20 16:56:16.883  2018  3127 I libsensor-displayalgo: the value of  Coef1:1107.681000,Coef4:2.383000, scale1:0.935522, scale4:0.923264
06-20 16:56:16.883  2018  3127 E libsensor-displayalgo: RGB_test_0407_400_oldzy!
06-20 16:56:16.884  2018  3127 I libsensor-displayalgo: the value of  RESULT3116.697536,1231.266004,1510.266625,565.233393
06-20 16:56:16.884  2018  3127 I libsensor-displayalgo: the value of  getChannelDataCalibrated3267.687221,1140.389644,1755.389210,616.914213
06-20 16:56:16.884  2018  3127 I libsensor-displayalgo: the value of  REAL LUX224.280777
06-20 16:56:16.884  2018  3127 I libsensor-displayalgo: the value of  CAL REAL LUX224.280777
06-20 16:56:17.062 31630 31630 I HandWritingStubImpl: isKeyboardTypeChanged: false
06-20 16:56:17.183  2018  3127 D libsensor-displayalgo: the value of  brightness:438.000000,R:77296384.557271,G:77297133.237939,B:77313059.061408,EVENT_C:7052.000000,EVENT_R:2732.500000,EVENT_G:3572.500000,EVENT_B:1428.000000
06-20 16:56:17.183  2018  3127 I libsensor-displayalgo: the value of  Coef1:1107.681000,Coef4:2.383000, scale1:0.935522, scale4:0.923264
06-20 16:56:17.184  2018  3127 E libsensor-displayalgo: RGB_test_0407_400_oldzy!
06-20 16:56:17.185  2018  3127 I libsensor-displayalgo: the value of  RESULT3116.697536,1231.266004,1510.266625,565.233393
06-20 16:56:17.185  2018  3127 I libsensor-displayalgo: the value of  getChannelDataCalibrated3267.687221,1140.389644,1755.389210,616.914213
06-20 16:56:17.185  2018  3127 I libsensor-displayalgo: the value of  REAL LUX223.840897
06-20 16:56:17.185  2018  3127 I libsensor-displayalgo: the value of  CAL REAL LUX223.840897
06-20 16:56:17.196  1265  2358 I vendor.qti.hardware.display.composer-service: FrameNotifyProcess Sensor: notify citsensorservice to trigger cwb
06-20 16:56:17.196  2018  2018 I libcitsensorservice@2.0-impl: msg_transfer
06-20 16:56:17.197  2018  3098 D vendor.xiaomi.sensor.citsensorservice@2.0-service: handle id:9 wxh:1280x2400 uwxuh:1080x2400 size: 9216000 fd:15 fd_meta:16 flags:0x4000228 usage:0x33  format:0x3 layer_count: 1
06-20 16:56:17.198  1265  1887 I SDM     : HWCSession::SetCWBOutputBuffer: CWB config passed by cwb_client : tappoint 1  CWB_ROI : (829.000000 4.000000 915.000000 90.000000)
06-20 16:56:17.198  1265 18240 I SDM     : HWCSession::ProcessRequests: Successfully configured CWB buffer.
06-20 16:56:17.216  1265  1887 I SDM     : HWCDisplay::SetActiveConfigWithConstraints: config: 1, WxH 1080x2400, fps 120
06-20 16:56:17.216  1265  1887 W SDM     : HWDeviceDRM::GetSupportedBitClkRate: Requested rate not supported: 831000000
06-20 16:56:17.216  1265  1887 I SDM     : HWDeviceDRM::UpdateMixerAttributes: Mixer WxH 1080x2400-0 for Peripheral
06-20 16:56:17.218  1265  1887 I SDM     : HWCDisplay::SubmitDisplayConfig: Active configuration changed from config 0 to 1
06-20 16:56:17.218  1265  1887 I SDM     : HWCDisplay::SubmitDisplayConfig: Active WxH 1080x2400 fps 120
06-20 16:56:17.220  1265  1584 I SDM     : HWDeviceDRM::SetupAtomic: Setting mode: WxH: 1080x2400, vrefresh: 120, hskew: 0
06-20 16:56:17.222  1265 18240 I SDM     : HWCSession::ProcessRequests: Pushing release fence in fenece wait queue.
06-20 16:56:17.222  1265 18240 I SDM     : HWCSession::ProcessRequests: Creating AsyncFenceWaits async thread.
06-20 16:56:17.222  1265 18240 I SDM     : HWCSession::ProcessRequests: Remove current CWB request from the pending request queue.
06-20 16:56:17.223  1265 18240 I SDM     : HWCSession::ProcessRequests: No pending cwb requests found in the queue.
06-20 16:56:17.225  2018  3099 I libsensor-displayalgo: displayInfoCallback::display info won't handle!!!
06-20 16:56:17.223  1309  1914 D FPSMonitor: threadFuncFpsMonitor display 0, fps 120
06-20 16:56:17.259  1265  1584 I SDM     : HWDeviceDRM::SetupConcurrentWriteback: Tear down the Concurrent Writeback topology
06-20 16:56:17.266  1265 18242 I SDM     : HWCSession::NotifyCWBStatus: Notify the client about buffer status 0.
06-20 16:56:17.267  1265 18242 I SDM     : HWCSession::PerformFenceWaits: Remove current release fence from the pending fence wait queue.
06-20 16:56:17.267  1265 18242 I SDM     : HWCSession::PerformFenceWaits: CWB fence queue is empty. No pending release fence to wait on.
06-20 16:56:17.369  4233  4233 D MiPlayDetailViewModel: onPositionChange(): position = 156045
06-20 16:56:17.369  5809 17624 I SafeBinderCall: onPositionChange binder cost:1
06-20 16:56:17.482  2018  3127 D libsensor-displayalgo: the value of  brightness:438.000000,R:77377048.549670,G:77377477.358127,B:77392598.475746,EVENT_C:7074.000000,EVENT_R:2742.000000,EVENT_G:3581.500000,EVENT_B:1432.000000
06-20 16:56:17.482  2018  3127 I libsensor-displayalgo: the value of  Coef1:1107.681000,Coef4:2.383000, scale1:0.935522, scale4:0.923264
06-20 16:56:17.482  2018  3127 E libsensor-displayalgo: RGB_test_0407_400_oldzy!
06-20 16:56:17.483  2018  3127 I libsensor-displayalgo: the value of  RESULT3118.873771,1232.129671,1511.248270,565.644019
06-20 16:56:17.483  2018  3127 I libsensor-displayalgo: the value of  getChannelDataCalibrated3269.968885,1141.189566,1756.530180,617.362384
06-20 16:56:17.483  2018  3127 I libsensor-displayalgo: the value of  REAL LUX224.973557
06-20 16:56:17.483  2018  3127 I libsensor-displayalgo: the value of  CAL REAL LUX224.973557
06-20 16:56:17.590 31630 31630 I HandWritingStubImpl: isKeyboardTypeChanged: false
06-20 16:56:17.623 16265 17621 D AudioTrack: [audioTrackData][fine] 35s(f:35040 m:960 s:80 k:0) : pid 16265 uid 10498 sessionId 2753 sr 48000 ch 2 fmt 1
06-20 16:56:17.782  2018  3127 D libsensor-displayalgo: the value of  brightness:438.000000,R:77377048.549670,G:77377477.358127,B:77392598.475746,EVENT_C:7074.000000,EVENT_R:2742.000000,EVENT_G:3581.500000,EVENT_B:1432.000000
06-20 16:56:17.783  2018  3127 I libsensor-displayalgo: the value of  Coef1:1107.681000,Coef4:2.383000, scale1:0.935522, scale4:0.923264
06-20 16:56:17.783  2018  3127 E libsensor-displayalgo: RGB_test_0407_400_oldzy!
06-20 16:56:17.783  2018  3127 I libsensor-displayalgo: the value of  RESULT3118.873771,1232.129671,1511.248270,565.644019
06-20 16:56:17.783  2018  3127 I libsensor-displayalgo: the value of  getChannelDataCalibrated3269.968885,1141.189566,1756.530180,617.362384
06-20 16:56:17.783  2018  3127 I libsensor-displayalgo: the value of  REAL LUX224.973557
06-20 16:56:17.783  2018  3127 I libsensor-displayalgo: the value of  CAL REAL LUX224.973557
06-20 16:56:18.082  2018  3127 D libsensor-displayalgo: the value of  brightness:438.000000,R:77377048.549670,G:77377477.358127,B:77392598.475746,EVENT_C:7074.000000,EVENT_R:2742.000000,EVENT_G:3581.500000,EVENT_B:1432.000000
06-20 16:56:18.082  2018  3127 I libsensor-displayalgo: the value of  Coef1:1107.681000,Coef4:2.383000, scale1:0.935522, scale4:0.923264
06-20 16:56:18.082  2018  3127 E libsensor-displayalgo: RGB_test_0407_400_oldzy!
06-20 16:56:18.083  2018  3127 I libsensor-displayalgo: the value of  RESULT3118.873771,1232.129671,1511.248270,565.644019
06-20 16:56:18.083  2018  3127 I libsensor-displayalgo: the value of  getChannelDataCalibrated3269.968885,1141.189566,1756.530180,617.362384
06-20 16:56:18.083  2018  3127 I libsensor-displayalgo: the value of  REAL LUX224.973557
06-20 16:56:18.083  2018  3127 I libsensor-displayalgo: the value of  CAL REAL LUX224.973557
06-20 16:56:18.134 31630 31630 I HandWritingStubImpl: isKeyboardTypeChanged: false
06-20 16:56:18.297  1265  1887 I SDM     : HWCDisplay::SetActiveConfigWithConstraints: config: 0, WxH 1080x2400, fps 60
06-20 16:56:18.298  1265  1887 W SDM     : HWDeviceDRM::GetSupportedBitClkRate: Requested rate not supported: 831000000
06-20 16:56:18.298  1265  1887 I SDM     : HWDeviceDRM::UpdateMixerAttributes: Mixer WxH 1080x2400-0 for Peripheral
06-20 16:56:18.299  1265  1887 I SDM     : HWCDisplay::SubmitDisplayConfig: Active configuration changed from config 1 to 0
06-20 16:56:18.299  1265  1887 I SDM     : HWCDisplay::SubmitDisplayConfig: Active WxH 1080x2400 fps 60
06-20 16:56:18.301  1265  1584 I SDM     : HWDeviceDRM::SetupAtomic: Setting mode: WxH: 1080x2400, vrefresh: 60, hskew: 0
06-20 16:56:18.302  1265  2358 I vendor.qti.hardware.display.composer-service: FrameNotifyProcess Sensor: notify citsensorservice to trigger cwb
06-20 16:56:18.302  2018  2018 I libcitsensorservice@2.0-impl: msg_transfer
06-20 16:56:18.303  2018  3098 D vendor.xiaomi.sensor.citsensorservice@2.0-service: handle id:9 wxh:1280x2400 uwxuh:1080x2400 size: 9216000 fd:15 fd_meta:16 flags:0x4000228 usage:0x33  format:0x3 layer_count: 1
06-20 16:56:18.303  1265  1887 I SDM     : HWCSession::SetCWBOutputBuffer: CWB config passed by cwb_client : tappoint 1  CWB_ROI : (829.000000 4.000000 915.000000 90.000000)
06-20 16:56:18.305  1265 18246 I SDM     : HWCSession::ProcessRequests: Successfully configured CWB buffer.
06-20 16:56:18.306  1309  1914 D FPSMonitor: threadFuncFpsMonitor display 0, fps 60
06-20 16:56:18.306  2018  3099 I libsensor-displayalgo: displayInfoCallback::display info won't handle!!!
06-20 16:56:18.334  1265 18246 I SDM     : HWCSession::ProcessRequests: Pushing release fence in fenece wait queue.
06-20 16:56:18.334  1265 18246 I SDM     : HWCSession::ProcessRequests: Creating AsyncFenceWaits async thread.
06-20 16:56:18.335  1265 18246 I SDM     : HWCSession::ProcessRequests: Remove current CWB request from the pending request queue.
06-20 16:56:18.335  1265 18246 I SDM     : HWCSession::ProcessRequests: No pending cwb requests found in the queue.
06-20 16:56:18.350  1265 18248 I SDM     : HWCSession::NotifyCWBStatus: Notify the client about buffer status 0.
06-20 16:56:18.350  1265 18248 I SDM     : HWCSession::PerformFenceWaits: Remove current release fence from the pending fence wait queue.
06-20 16:56:18.350  1265 18248 I SDM     : HWCSession::PerformFenceWaits: CWB fence queue is empty. No pending release fence to wait on.
06-20 16:56:18.350  1265  1584 I SDM     : HWDeviceDRM::SetupConcurrentWriteback: Tear down the Concurrent Writeback topology
06-20 16:56:18.367  4233  4233 D MiPlayDetailViewModel: onPositionChange(): position = 157044
06-20 16:56:18.368  5809 17624 I SafeBinderCall: onPositionChange binder cost:1
06-20 16:56:18.382  2018  3127 D libsensor-displayalgo: the value of  brightness:438.000000,R:77377048.549670,G:77377477.358127,B:77392598.475746,EVENT_C:7093.000000,EVENT_R:2747.000000,EVENT_G:3592.500000,EVENT_B:1432.500000
06-20 16:56:18.382  2018  3127 I libsensor-displayalgo: the value of  Coef1:1107.681000,Coef4:2.383000, scale1:0.935522, scale4:0.923264
06-20 16:56:18.382  2018  3127 E libsensor-displayalgo: RGB_test_0407_400_oldzy!
06-20 16:56:18.383  2018  3127 I libsensor-displayalgo: the value of  RESULT3118.873771,1232.129671,1511.248270,565.644019
06-20 16:56:18.383  2018  3127 I libsensor-displayalgo: the value of  getChannelDataCalibrated3269.968885,1141.189566,1756.530180,617.362384
06-20 16:56:18.383  2018  3127 I libsensor-displayalgo: the value of  REAL LUX226.585846
06-20 16:56:18.383  2018  3127 I libsensor-displayalgo: the value of  CAL REAL LUX226.585846
06-20 16:56:18.672 31630 31630 I HandWritingStubImpl: isKeyboardTypeChanged: false
06-20 16:56:18.681  2018  3127 D libsensor-displayalgo: the value of  brightness:438.000000,R:77377048.549670,G:77377477.358127,B:77392598.475746,EVENT_C:7093.000000,EVENT_R:2747.000000,EVENT_G:3592.500000,EVENT_B:1432.500000
06-20 16:56:18.681  2018  3127 I libsensor-displayalgo: the value of  Coef1:1107.681000,Coef4:2.383000, scale1:0.935522, scale4:0.923264
06-20 16:56:18.681  2018  3127 E libsensor-displayalgo: RGB_test_0407_400_oldzy!
06-20 16:56:18.682  2018  3127 I libsensor-displayalgo: the value of  RESULT3118.873771,1232.129671,1511.248270,565.644019
06-20 16:56:18.682  2018  3127 I libsensor-displayalgo: the value of  getChannelDataCalibrated3269.968885,1141.189566,1756.530180,617.362384
06-20 16:56:18.682  2018  3127 I libsensor-displayalgo: the value of  REAL LUX226.585846
06-20 16:56:18.682  2018  3127 I libsensor-displayalgo: the value of  CAL REAL LUX226.585846
06-20 16:56:18.983  2018  3127 D libsensor-displayalgo: the value of  brightness:438.000000,R:77377048.549670,G:77377477.358127,B:77392598.475746,EVENT_C:7093.000000,EVENT_R:2747.000000,EVENT_G:3592.500000,EVENT_B:1432.500000
06-20 16:56:18.983  2018  3127 I libsensor-displayalgo: the value of  Coef1:1107.681000,Coef4:2.383000, scale1:0.935522, scale4:0.923264
06-20 16:56:18.983  2018  3127 E libsensor-displayalgo: RGB_test_0407_400_oldzy!
06-20 16:56:18.984  2018  3127 I libsensor-displayalgo: the value of  RESULT3118.873771,1232.129671,1511.248270,565.644019
06-20 16:56:18.984  2018  3127 I libsensor-displayalgo: the value of  getChannelDataCalibrated3269.968885,1141.189566,1756.530180,617.362384
06-20 16:56:18.984  2018  3127 I libsensor-displayalgo: the value of  REAL LUX226.585846
06-20 16:56:18.984  2018  3127 I libsensor-displayalgo: the value of  CAL REAL LUX226.585846
06-20 16:56:19.172 31630 31630 I HandWritingStubImpl: isKeyboardTypeChanged: false
06-20 16:56:19.282  2018  3127 D libsensor-displayalgo: the value of  brightness:438.000000,R:77377048.549670,G:77377477.358127,B:77392598.475746,EVENT_C:7093.000000,EVENT_R:2747.000000,EVENT_G:3592.500000,EVENT_B:1432.500000
06-20 16:56:19.282  2018  3127 I libsensor-displayalgo: the value of  Coef1:1107.681000,Coef4:2.383000, scale1:0.935522, scale4:0.923264
06-20 16:56:19.282  2018  3127 E libsensor-displayalgo: RGB_test_0407_400_oldzy!
06-20 16:56:19.283  2018  3127 I libsensor-displayalgo: the value of  RESULT3118.873771,1232.129671,1511.248270,565.644019
06-20 16:56:19.283  2018  3127 I libsensor-displayalgo: the value of  getChannelDataCalibrated3269.968885,1141.189566,1756.530180,617.362384
06-20 16:56:19.283  2018  3127 I libsensor-displayalgo: the value of  REAL LUX226.585846
06-20 16:56:19.283  2018  3127 I libsensor-displayalgo: the value of  CAL REAL LUX226.585846
06-20 16:56:19.359  2431  3286 D MiuiNetworkPolicy: updateLimit mLimitEnabled=true,enabled=false,mNetworkPriorityMode=1
06-20 16:56:19.369  5809 17624 I SafeBinderCall: onPositionChange binder cost:1
06-20 16:56:19.369  4233  4233 D MiPlayDetailViewModel: onPositionChange(): position = 158045
06-20 16:56:19.582  2018  3127 D libsensor-displayalgo: the value of  brightness:438.000000,R:77377048.549670,G:77377477.358127,B:77392598.475746,EVENT_C:7099.500000,EVENT_R:2751.500000,EVENT_G:3593.000000,EVENT_B:1432.500000
06-20 16:56:19.583  2018  3127 I libsensor-displayalgo: the value of  Coef1:1107.681000,Coef4:2.383000, scale1:0.935522, scale4:0.923264
06-20 16:56:19.583  2018  3127 E libsensor-displayalgo: RGB_test_0407_400_oldzy!
06-20 16:56:19.583  2018  3127 I libsensor-displayalgo: the value of  RESULT3118.873771,1232.129671,1511.248270,565.644019
06-20 16:56:19.583  2018  3127 I libsensor-displayalgo: the value of  getChannelDataCalibrated3269.968885,1141.189566,1756.530180,617.362384
06-20 16:56:19.583  2018  3127 I libsensor-displayalgo: the value of  REAL LUX226.897675
06-20 16:56:19.583  2018  3127 I libsensor-displayalgo: the value of  CAL REAL LUX226.897675
06-20 16:56:19.689 31630 31630 I HandWritingStubImpl: isKeyboardTypeChanged: false
06-20 16:56:19.882  2018  3127 D libsensor-displayalgo: the value of  brightness:438.000000,R:77377048.549670,G:77377477.358127,B:77392598.475746,EVENT_C:7096.500000,EVENT_R:2751.000000,EVENT_G:3591.500000,EVENT_B:1430.500000
06-20 16:56:19.882  2018  3127 I libsensor-displayalgo: the value of  Coef1:1107.681000,Coef4:2.383000, scale1:0.935522, scale4:0.923264
06-20 16:56:19.882  2018  3127 E libsensor-displayalgo: RGB_test_0407_400_oldzy!
06-20 16:56:19.883  2018  3127 I libsensor-displayalgo: the value of  RESULT3118.873771,1232.129671,1511.248270,565.644019
06-20 16:56:19.883  2018  3127 I libsensor-displayalgo: the value of  getChannelDataCalibrated3269.968885,1141.189566,1756.530180,617.362384
06-20 16:56:19.883  2018  3127 I libsensor-displayalgo: the value of  REAL LUX226.799011
06-20 16:56:19.883  2018  3127 I libsensor-displayalgo: the value of  CAL REAL LUX226.799011
06-20 16:56:20.182  2018  3127 D libsensor-displayalgo: the value of  brightness:438.000000,R:77377048.549670,G:77377477.358127,B:77392598.475746,EVENT_C:7086.500000,EVENT_R:2747.000000,EVENT_G:3588.000000,EVENT_B:1429.500000
06-20 16:56:20.183  2018  3127 I libsensor-displayalgo: the value of  Coef1:1107.681000,Coef4:2.383000, scale1:0.935522, scale4:0.923264
06-20 16:56:20.183  2018  3127 E libsensor-displayalgo: RGB_test_0407_400_oldzy!
06-20 16:56:20.183  2018  3127 I libsensor-displayalgo: the value of  RESULT3118.873771,1232.129671,1511.248270,565.644019
06-20 16:56:20.183  2018  3127 I libsensor-displayalgo: the value of  getChannelDataCalibrated3269.968885,1141.189566,1756.530180,617.362384
06-20 16:56:20.183  2018  3127 I libsensor-displayalgo: the value of  REAL LUX226.166061
06-20 16:56:20.183  2018  3127 I libsensor-displayalgo: the value of  CAL REAL LUX226.166061
06-20 16:56:20.206 31630 31630 I HandWritingStubImpl: isKeyboardTypeChanged: false
06-20 16:56:20.239 10693 11291 I QzoneConfig: key = qzonesetting secondaryKey= qzone_lastgetfeedtime value= null
06-20 16:56:20.368  4233  4233 D MiPlayDetailViewModel: onPositionChange(): position = 159044
06-20 16:56:20.368  5809 17624 I SafeBinderCall: onPositionChange binder cost:1
06-20 16:56:20.482  2018  3127 D libsensor-displayalgo: the value of  brightness:438.000000,R:77377048.549670,G:77377477.358127,B:77392598.475746,EVENT_C:7093.500000,EVENT_R:2749.000000,EVENT_G:3592.500000,EVENT_B:1433.500000
06-20 16:56:20.482  2018  3127 I libsensor-displayalgo: the value of  Coef1:1107.681000,Coef4:2.383000, scale1:0.935522, scale4:0.923264
06-20 16:56:20.482  2018  3127 E libsensor-displayalgo: RGB_test_0407_400_oldzy!
06-20 16:56:20.483  2018  3127 I libsensor-displayalgo: the value of  RESULT3118.873771,1232.129671,1511.248270,565.644019
06-20 16:56:20.483  2018  3127 I libsensor-displayalgo: the value of  getChannelDataCalibrated3269.968885,1141.189566,1756.530180,617.362384
06-20 16:56:20.483  2018  3127 I libsensor-displayalgo: the value of  REAL LUX226.464493
06-20 16:56:20.483  2018  3127 I libsensor-displayalgo: the value of  CAL REAL LUX226.464493
06-20 16:56:20.756 31630 31630 I HandWritingStubImpl: isKeyboardTypeChanged: false
06-20 16:56:20.783  2018  3127 D libsensor-displayalgo: the value of  brightness:438.000000,R:77377048.549670,G:77377477.358127,B:77392598.475746,EVENT_C:7093.000000,EVENT_R:2752.000000,EVENT_G:3593.000000,EVENT_B:1433.000000
06-20 16:56:20.783  2018  3127 I libsensor-displayalgo: the value of  Coef1:1107.681000,Coef4:2.383000, scale1:0.935522, scale4:0.923264
06-20 16:56:20.783  2018  3127 E libsensor-displayalgo: RGB_test_0407_400_oldzy!
06-20 16:56:20.784  2018  3127 I libsensor-displayalgo: the value of  RESULT3118.873771,1232.129671,1511.248270,565.644019
06-20 16:56:20.784  2018  3127 I libsensor-displayalgo: the value of  getChannelDataCalibrated3269.968885,1141.189566,1756.530180,617.362384
06-20 16:56:20.784  2018  3127 I libsensor-displayalgo: the value of  REAL LUX226.379471
06-20 16:56:20.784  2018  3127 I libsensor-displayalgo: the value of  CAL REAL LUX226.379471
06-20 16:56:21.082  2018  3127 D libsensor-displayalgo: the value of  brightness:438.000000,R:77377048.549670,G:77377477.358127,B:77392598.475746,EVENT_C:7102.500000,EVENT_R:2753.000000,EVENT_G:3597.500000,EVENT_B:1433.500000
06-20 16:56:21.082  2018  3127 I libsensor-displayalgo: the value of  Coef1:1107.681000,Coef4:2.383000, scale1:0.935522, scale4:0.923264
06-20 16:56:21.082  2018  3127 E libsensor-displayalgo: RGB_test_0407_400_oldzy!
06-20 16:56:21.083  2018  3127 I libsensor-displayalgo: the value of  RESULT3118.873771,1232.129671,1511.248270,565.644019
06-20 16:56:21.083  2018  3127 I libsensor-displayalgo: the value of  getChannelDataCalibrated3269.968885,1141.189566,1756.530180,617.362384
06-20 16:56:21.083  2018  3127 I libsensor-displayalgo: the value of  REAL LUX227.176346
06-20 16:56:21.083  2018  3127 I libsensor-displayalgo: the value of  CAL REAL LUX227.176346
06-20 16:56:21.229  5405  9716 D SLM-SRV-SLAService: checktemp temperature = 34504 temperature_average = 34496 isPerformanceMode = false thermal_enable_slm = true
06-20 16:56:21.290 31630 31630 I HandWritingStubImpl: isKeyboardTypeChanged: false
06-20 16:56:21.368  4233  4233 D MiPlayDetailViewModel: onPositionChange(): position = 160044
06-20 16:56:21.368  5809 17624 I SafeBinderCall: onPositionChange binder cost:1
06-20 16:56:21.382  2018  3127 D libsensor-displayalgo: the value of  brightness:438.000000,R:77377048.549670,G:77377477.358127,B:77392598.475746,EVENT_C:7102.500000,EVENT_R:2752.500000,EVENT_G:3594.500000,EVENT_B:1433.500000
06-20 16:56:21.382  2018  3127 I libsensor-displayalgo: the value of  Coef1:1107.681000,Coef4:2.383000, scale1:0.935522, scale4:0.923264
06-20 16:56:21.382  2018  3127 E libsensor-displayalgo: RGB_test_0407_400_oldzy!
06-20 16:56:21.382  2018  3127 I libsensor-displayalgo: the value of  RESULT3118.873771,1232.129671,1511.248270,565.644019
06-20 16:56:21.383  2018  3127 I libsensor-displayalgo: the value of  getChannelDataCalibrated3269.968885,1141.189566,1756.530180,617.362384
06-20 16:56:21.383  2018  3127 I libsensor-displayalgo: the value of  REAL LUX227.058685
06-20 16:56:21.383  2018  3127 I libsensor-displayalgo: the value of  CAL REAL LUX227.058685
06-20 16:56:21.682  2018  3127 D libsensor-displayalgo: the value of  brightness:438.000000,R:77377048.549670,G:77377477.358127,B:77392598.475746,EVENT_C:7105.500000,EVENT_R:2749.500000,EVENT_G:3595.500000,EVENT_B:1433.500000
06-20 16:56:21.682  2018  3127 I libsensor-displayalgo: the value of  Coef1:1107.681000,Coef4:2.383000, scale1:0.935522, scale4:0.923264
06-20 16:56:21.682  2018  3127 E libsensor-displayalgo: RGB_test_0407_400_oldzy!
06-20 16:56:21.683  2018  3127 I libsensor-displayalgo: the value of  RESULT3118.873771,1232.129671,1511.248270,565.644019
06-20 16:56:21.683  2018  3127 I libsensor-displayalgo: the value of  getChannelDataCalibrated3269.968885,1141.189566,1756.530180,617.362384
06-20 16:56:21.683  2018  3127 I libsensor-displayalgo: the value of  REAL LUX227.429047
06-20 16:56:21.683  2018  3127 I libsensor-displayalgo: the value of  CAL REAL LUX227.429047
06-20 16:56:21.723 10662 10806 D MemoryCeilingMonitor: [handleMemoryCalculate]
06-20 16:56:21.723 10662 10806 D MemoryCeilingMonitor: [calculate] tot: 5952416, max: 268435456, free: 484752, heap: 5467664, per: 0.020368635654449463
06-20 16:56:21.811  2431  3377 W NsdServiceInfo: Key lengths > 9 are discouraged: commonData
06-20 16:56:21.813  1112  1142 W netd    : dnssd_clientstub DNSServiceProcessResult called with NULL DNSServiceRef
06-20 16:56:21.823  1112  1142 W netd    : dnssd_clientstub DNSServiceProcessResult called with NULL DNSServiceRef
06-20 16:56:21.824 31630 31630 I HandWritingStubImpl: isKeyboardTypeChanged: false
06-20 16:56:21.826  2431  3377 E NsdService: id 1853 for SERVICE_GET_ADDR_SUCCESS has no client mapping
06-20 16:56:21.827  2431  3377 E NsdService: Unhandled { when=-8ms what=393242 obj=com.android.server.NsdService$NativeEvent@2eaeab2 target=com.android.internal.util.StateMachine$SmHandler }
06-20 16:56:21.830  6504  8546 W IDM-BonjourGovernor: apps is null
06-20 16:56:21.982  2018  3127 D libsensor-displayalgo: the value of  brightness:438.000000,R:77377048.549670,G:77377477.358127,B:77392598.475746,EVENT_C:7098.000000,EVENT_R:2750.000000,EVENT_G:3593.500000,EVENT_B:1434.500000
06-20 16:56:21.983  2018  3127 I libsensor-displayalgo: the value of  Coef1:1107.681000,Coef4:2.383000, scale1:0.935522, scale4:0.923264
06-20 16:56:21.983  2018  3127 E libsensor-displayalgo: RGB_test_0407_400_oldzy!
06-20 16:56:21.983  2018  3127 I libsensor-displayalgo: the value of  RESULT3118.873771,1232.129671,1511.248270,565.644019
06-20 16:56:21.983  2018  3127 I libsensor-displayalgo: the value of  getChannelDataCalibrated3269.968885,1141.189566,1756.530180,617.362384
06-20 16:56:21.983  2018  3127 I libsensor-displayalgo: the value of  REAL LUX226.708618
06-20 16:56:21.983  2018  3127 I libsensor-displayalgo: the value of  CAL REAL LUX226.708618
06-20 16:56:22.282  2018  3127 D libsensor-displayalgo: the value of  brightness:438.000000,R:77377048.549670,G:77377477.358127,B:77392598.475746,EVENT_C:7109.500000,EVENT_R:2754.000000,EVENT_G:3598.500000,EVENT_B:1435.000000
06-20 16:56:22.282  2018  3127 I libsensor-displayalgo: the value of  Coef1:1107.681000,Coef4:2.383000, scale1:0.935522, scale4:0.923264
06-20 16:56:22.282  2018  3127 E libsensor-displayalgo: RGB_test_0407_400_oldzy!
06-20 16:56:22.283  2018  3127 I libsensor-displayalgo: the value of  RESULT3118.873771,1232.129671,1511.248270,565.644019
06-20 16:56:22.283  2018  3127 I libsensor-displayalgo: the value of  getChannelDataCalibrated3269.968885,1141.189566,1756.530180,617.362384
06-20 16:56:22.283  2018  3127 I libsensor-displayalgo: the value of  REAL LUX227.556305
06-20 16:56:22.283  2018  3127 I libsensor-displayalgo: the value of  CAL REAL LUX227.556305
06-20 16:56:22.313  1930  1967 I mstatdaemon: Entering time loop
06-20 16:56:22.314  1930  1967 I mstatdaemon: t = 1687251382
06-20 16:56:22.314  1930  1967 I mstatdaemon: translated_t = 1371261382
06-20 16:56:22.314  1930  1967 I mstat_log: mstatcommitLog log_alloc() failed
06-20 16:56:22.339 31630 31630 I HandWritingStubImpl: isKeyboardTypeChanged: false
06-20 16:56:22.370  4233  4233 D MiPlayDetailViewModel: onPositionChange(): position = 161045
06-20 16:56:22.370  5809 17624 I SafeBinderCall: onPositionChange binder cost:1
06-20 16:56:22.583  2018  3127 D libsensor-displayalgo: the value of  brightness:438.000000,R:77377048.549670,G:77377477.358127,B:77392598.475746,EVENT_C:7115.000000,EVENT_R:2759.000000,EVENT_G:3604.000000,EVENT_B:1438.000000
06-20 16:56:22.583  2018  3127 I libsensor-displayalgo: the value of  Coef1:1107.681000,Coef4:2.383000, scale1:0.935522, scale4:0.923264
06-20 16:56:22.583  2018  3127 E libsensor-displayalgo: RGB_test_0407_400_oldzy!
06-20 16:56:22.584  2018  3127 I libsensor-displayalgo: the value of  RESULT3118.873771,1232.129671,1511.248270,565.644019
06-20 16:56:22.584  2018  3127 I libsensor-displayalgo: the value of  getChannelDataCalibrated3269.968885,1141.189566,1756.530180,617.362384
06-20 16:56:22.584  2018  3127 I libsensor-displayalgo: the value of  REAL LUX227.762512
06-20 16:56:22.584  2018  3127 I libsensor-displayalgo: the value of  CAL REAL LUX227.762512
06-20 16:56:22.583 16265 17621 D AudioTrack: [audioTrackData][fine] 40s(f:40001 m:960 s:80 k:0) : pid 16265 uid 10498 sessionId 2753 sr 48000 ch 2 fmt 1
06-20 16:56:22.664  1175  4320 I vendor.qti.bluetooth@1.0-ibs_handler: ProcessIbsCmd: Received IBS_WAKE_IND: 0xFD
06-20 16:56:22.665  1175  4320 D vendor.qti.bluetooth@1.0-ibs_handler: SerialClockVote: vote for UART CLK ON
06-20 16:56:22.665  1175  4320 D vendor.qti.bluetooth@1.0-wake_lock: Acquire wakelock is acquired
06-20 16:56:22.665  1175  4320 I vendor.qti.bluetooth@1.0-ibs_handler: ProcessIbsCmd: Writing IBS_WAKE_ACK
06-20 16:56:22.673 10074  4831 E MiuiFastConnectService: check adv data not fast connect
06-20 16:56:22.706  1175  4320 I vendor.qti.bluetooth@1.0-ibs_handler: ProcessIbsCmd: Received IBS_SLEEP_IND: 0xFE
06-20 16:56:22.706  1175  4320 D vendor.qti.bluetooth@1.0-ibs_handler: SerialClockVote: vote for UART CLK OFF
06-20 16:56:22.792  1265  2358 I vendor.qti.hardware.display.composer-service: FrameNotifyProcess Sensor: notify citsensorservice to trigger cwb
06-20 16:56:22.793  2018  2018 I libcitsensorservice@2.0-impl: msg_transfer
06-20 16:56:22.795  2018  3098 D vendor.xiaomi.sensor.citsensorservice@2.0-service: handle id:9 wxh:1280x2400 uwxuh:1080x2400 size: 9216000 fd:15 fd_meta:16 flags:0x4000228 usage:0x33  format:0x3 layer_count: 1
06-20 16:56:22.796  1265  1887 I SDM     : HWCSession::SetCWBOutputBuffer: CWB config passed by cwb_client : tappoint 1  CWB_ROI : (829.000000 4.000000 915.000000 90.000000)
06-20 16:56:22.798  1265 18250 I SDM     : HWCSession::ProcessRequests: Successfully configured CWB buffer.
06-20 16:56:22.811  1265 18250 I SDM     : HWCSession::ProcessRequests: Pushing release fence in fenece wait queue.
06-20 16:56:22.811  1265 18250 I SDM     : HWCSession::ProcessRequests: Creating AsyncFenceWaits async thread.
06-20 16:56:22.812  1265 18250 I SDM     : HWCSession::ProcessRequests: Remove current CWB request from the pending request queue.
06-20 16:56:22.812  1265 18250 I SDM     : HWCSession::ProcessRequests: No pending cwb requests found in the queue.
06-20 16:56:22.824  1265  1584 I SDM     : HWDeviceDRM::SetupConcurrentWriteback: Tear down the Concurrent Writeback topology
06-20 16:56:22.840  1265 18251 I SDM     : HWCSession::NotifyCWBStatus: Notify the client about buffer status 0.
06-20 16:56:22.841  1265 18251 I SDM     : HWCSession::PerformFenceWaits: Remove current release fence from the pending fence wait queue.
06-20 16:56:22.841  1265 18251 I SDM     : HWCSession::PerformFenceWaits: CWB fence queue is empty. No pending release fence to wait on.
06-20 16:56:22.856  1175  4241 D vendor.qti.bluetooth@1.0-wake_lock: Release wakelock is released
06-20 16:56:22.878 31630 31630 I HandWritingStubImpl: isKeyboardTypeChanged: false
06-20 16:56:22.883  2018  3127 D libsensor-displayalgo: the value of  brightness:438.000000,R:77376421.591702,G:77376854.683036,B:77391975.239180,EVENT_C:7122.000000,EVENT_R:2762.500000,EVENT_G:3607.500000,EVENT_B:1437.000000
06-20 16:56:22.883  2018  3127 I libsensor-displayalgo: the value of  Coef1:1107.681000,Coef4:2.383000, scale1:0.935522, scale4:0.923264
06-20 16:56:22.883  2018  3127 E libsensor-displayalgo: RGB_test_0407_400_oldzy!
06-20 16:56:22.883  2018  3127 I libsensor-displayalgo: the value of  RESULT3118.856887,1232.122968,1511.240663,565.640829
06-20 16:56:22.884  2018  3127 I libsensor-displayalgo: the value of  getChannelDataCalibrated3269.951183,1141.183358,1756.521338,617.358902
06-20 16:56:22.884  2018  3127 I libsensor-displayalgo: the value of  REAL LUX228.366196
06-20 16:56:22.884  2018  3127 I libsensor-displayalgo: the value of  CAL REAL LUX228.366196
06-20 16:56:22.997 31630 31640 I m.xiaomi.marke: This is sticky GC, maxfree is 8388608 minfree is 2097152
06-20 16:56:22.997 31630 31640 W m.xiaomi.marke: Reducing the number of considered missed Gc histogram windows from 125 to 100
06-20 16:56:23.182  2018  3127 D libsensor-displayalgo: the value of  brightness:438.000000,R:77376421.591702,G:77376854.683036,B:77391975.239180,EVENT_C:7122.000000,EVENT_R:2762.500000,EVENT_G:3607.500000,EVENT_B:1437.000000
06-20 16:56:23.182  2018  3127 I libsensor-displayalgo: the value of  Coef1:1107.681000,Coef4:2.383000, scale1:0.935522, scale4:0.923264
06-20 16:56:23.183  2018  3127 E libsensor-displayalgo: RGB_test_0407_400_oldzy!
06-20 16:56:23.183  2018  3127 I libsensor-displayalgo: the value of  RESULT3118.856887,1232.122968,1511.240663,565.640829
06-20 16:56:23.183  2018  3127 I libsensor-displayalgo: the value of  getChannelDataCalibrated3269.951183,1141.183358,1756.521338,617.358902
06-20 16:56:23.183  2018  3127 I libsensor-displayalgo: the value of  REAL LUX228.366196
06-20 16:56:23.183  2018  3127 I libsensor-displayalgo: the value of  CAL REAL LUX228.366196
06-20 16:56:23.369  4233  4233 D MiPlayDetailViewModel: onPositionChange(): position = 162044
06-20 16:56:23.369  5809 17624 I SafeBinderCall: onPositionChange binder cost:1
06-20 16:56:23.406 31630 31630 I HandWritingStubImpl: isKeyboardTypeChanged: false
06-20 16:56:23.482  2018  3127 D libsensor-displayalgo: the value of  brightness:438.000000,R:77376421.591702,G:77376854.683036,B:77391975.239180,EVENT_C:7122.000000,EVENT_R:2762.500000,EVENT_G:3607.500000,EVENT_B:1437.000000
