12-22 11:35:49.844  1251  2448 I vendor.qti.hardware.display.composer-service: FrameNotifyProcess Sensor: notify citsensorservice to trigger cwb
12-22 11:35:49.844  2027  2096 I libcitsensorservice@2.0-impl: msg_transfer
12-22 11:35:49.844  2027  3266 D vendor.xiaomi.sensor.citsensorservice@2.0-service: handle id:10 wxh:1280x2400 uwxuh:1080x2400 size: 9216000 fd:15 fd_meta:16 flags:0x4000228 usage:0x33  format:0x3 layer_count: 1
12-22 11:35:49.845  1251  2216 I SDM     : HWCSession::SetCWBOutputBuffer: CWB config passed by cwb_client : tappoint 1  CWB_ROI : (829.000000 4.000000 915.000000 90.000000)
12-22 11:35:49.851  1251 17850 I SDM     : HWCSession::ProcessRequests: Successfully configured CWB buffer.
12-22 11:35:49.856  1251 17850 I SDM     : HWCSession::ProcessRequests: Pushing release fence in fenece wait queue.
12-22 11:35:49.856  1251 17850 I SDM     : HWCSession::ProcessRequests: Creating AsyncFenceWaits async thread.
12-22 11:35:49.857  1251 17850 I SDM     : HWCSession::ProcessRequests: Remove current CWB request from the pending request queue.
12-22 11:35:49.857  1251 17850 I SDM     : HWCSession::ProcessRequests: No pending cwb requests found in the queue.
12-22 11:35:49.861  1251  1467 I SDM     : HWDeviceDRM::SetupConcurrentWriteback: Tear down the Concurrent Writeback topology
12-22 11:35:49.868  1251 17851 I SDM     : HWCSession::NotifyCWBStatus: Notify the client about buffer status 0.
12-22 11:35:49.869  1251 17851 I SDM     : HWCSession::PerformFenceWaits: Remove current release fence from the pending fence wait queue.
12-22 11:35:49.869  1251 17851 I SDM     : HWCSession::PerformFenceWaits: CWB fence queue is empty. No pending release fence to wait on.
12-22 11:35:49.881  2027  3285 D libsensor-displayalgo: the value of  brightness:369.000000,R:72582652.408584,G:60567176.134303,B:51681938.341832,EVENT_C:3170.000000,EVENT_R:1290.000000,EVENT_G:1681.500000,EVENT_B:666.500000
12-22 11:35:49.881  2027  3285 I libsensor-displayalgo: the value of  Coef1:1107.681000,Coef4:2.383000, scale1:0.935522, scale4:0.923264
12-22 11:35:49.881  2027  3285 E libsensor-displayalgo: RGB_test_0407_400_oldzy!
12-22 11:35:49.881  2027  3285 I libsensor-displayalgo: the value of  RESULT2445.476920,1012.785956,1172.412811,421.354737
12-22 11:35:49.881  2027  3285 I libsensor-displayalgo: the value of  getChannelDataCalibrated2552.063074,939.870262,1352.131593,456.105945
12-22 11:35:49.881  2027  3285 I libsensor-displayalgo: the value of  REAL LUX28.304924
12-22 11:35:49.881  2027  3285 I libsensor-displayalgo: the value of  CAL REAL LUX28.304924
12-22 11:35:49.889 10640 11203 I CCodecBufferChannel: pipelineRoom(2) is <= numClientBuffers(2). Not signalling any more buffers to client
12-22 11:35:49.980 10640 11203 I CCodecBufferChannel: pipelineRoom(2) is <= numClientBuffers(3). Not signalling any more buffers to client
12-22 11:35:49.981 10640 17346 I CCodecBufferChannel: pipelineRoom(2) is <= numClientBuffers(2). Not signalling any more buffers to client
12-22 11:35:50.086 10640 11203 I CCodecBufferChannel: pipelineRoom(2) is <= numClientBuffers(3). Not signalling any more buffers to client
12-22 11:35:50.086 10640 17346 I CCodecBufferChannel: pipelineRoom(2) is <= numClientBuffers(2). Not signalling any more buffers to client
12-22 11:35:50.111  4371  5534 D QCNEJ/NativeHalConnector: -> SND notifyDefaultNetworkChanged(1)
12-22 11:35:50.116  5773  8961 I SLM-SRV-SLAService: onCapabilitiesChanged WIFI master
12-22 11:35:50.129  2475  2475 W WindowManager: removeWindowToken: Attempted to remove non-existing token: android.os.Binder@3ed7077
12-22 11:35:50.149  1251  2448 I vendor.qti.hardware.display.composer-service: FrameNotifyProcess Sensor: notify citsensorservice to trigger cwb
12-22 11:35:50.149  2027  2096 I libcitsensorservice@2.0-impl: msg_transfer
12-22 11:35:50.149  2027  3266 D vendor.xiaomi.sensor.citsensorservice@2.0-service: handle id:10 wxh:1280x2400 uwxuh:1080x2400 size: 9216000 fd:15 fd_meta:16 flags:0x4000228 usage:0x33  format:0x3 layer_count: 1
12-22 11:35:50.149  1251  2216 I SDM     : HWCSession::SetCWBOutputBuffer: CWB config passed by cwb_client : tappoint 1  CWB_ROI : (829.000000 4.000000 915.000000 90.000000)
12-22 11:35:50.150  1251 17852 I SDM     : HWCSession::ProcessRequests: Successfully configured CWB buffer.
12-22 11:35:50.161  1251 17852 I SDM     : HWCSession::ProcessRequests: Pushing release fence in fenece wait queue.
12-22 11:35:50.161  1251 17852 I SDM     : HWCSession::ProcessRequests: Creating AsyncFenceWaits async thread.
12-22 11:35:50.161  1251 17852 I SDM     : HWCSession::ProcessRequests: Remove current CWB request from the pending request queue.
12-22 11:35:50.162  1251 17852 I SDM     : HWCSession::ProcessRequests: No pending cwb requests found in the queue.
12-22 11:35:50.166  1251  1467 I SDM     : HWDeviceDRM::SetupConcurrentWriteback: Tear down the Concurrent Writeback topology
12-22 11:35:50.173  1251 17853 I SDM     : HWCSession::NotifyCWBStatus: Notify the client about buffer status 0.
12-22 11:35:50.173  1251 17853 I SDM     : HWCSession::PerformFenceWaits: Remove current release fence from the pending fence wait queue.
12-22 11:35:50.173  1251 17853 I SDM     : HWCSession::PerformFenceWaits: CWB fence queue is empty. No pending release fence to wait on.
12-22 11:35:50.181  2027  3285 D libsensor-displayalgo: the value of  brightness:369.000000,R:72582652.408584,G:60567176.134303,B:51681938.341832,EVENT_C:3164.500000,EVENT_R:1286.000000,EVENT_G:1675.000000,EVENT_B:665.000000
12-22 11:35:50.181  2027  3285 I libsensor-displayalgo: the value of  Coef1:1107.681000,Coef4:2.383000, scale1:0.935522, scale4:0.923264
12-22 11:35:50.181  2027  3285 E libsensor-displayalgo: RGB_test_0407_400_oldzy!
12-22 11:35:50.181  2027  3285 I libsensor-displayalgo: the value of  RESULT2445.476920,1012.785956,1172.412811,421.354737
12-22 11:35:50.181  2027  3285 I libsensor-displayalgo: the value of  getChannelDataCalibrated2552.063074,939.870262,1352.131593,456.105945
12-22 11:35:50.181  2027  3285 I libsensor-displayalgo: the value of  REAL LUX27.893675
12-22 11:35:50.181  2027  3285 I libsensor-displayalgo: the value of  CAL REAL LUX27.893675
12-22 11:35:50.208 10640 11203 I CCodecBufferChannel: pipelineRoom(2) is <= numClientBuffers(3). Not signalling any more buffers to client
12-22 11:35:50.209 10640 17346 I CCodecBufferChannel: pipelineRoom(2) is <= numClientBuffers(2). Not signalling any more buffers to client
12-22 11:35:50.210 10640 11203 I CCodecBufferChannel: pipelineRoom(2) is <= numClientBuffers(3). Not signalling any more buffers to client
12-22 11:35:50.210 10640 17346 I CCodecBufferChannel: pipelineRoom(2) is <= numClientBuffers(2). Not signalling any more buffers to client
12-22 11:35:50.250  4496  4496 D MiPlayDetailViewModel: onPositionChange(): position = 47979
12-22 11:35:50.250  9768 17350 I SafeBinderCall: onPositionChange binder cost:0
12-22 11:35:50.324  1973 17347 D BufferPoolAccessor2.0: bufferpool2 0xb4000079cde10228 : 4(16384 size) total buffers - 1(4096 size) used buffers - 2078/2082 (recycle/alloc) - 7/2081 (fetch/transfer)
12-22 11:35:50.325 10640 11203 I CCodecBufferChannel: pipelineRoom(2) is <= numClientBuffers(3). Not signalling any more buffers to client
12-22 11:35:50.326 10640 17346 I CCodecBufferChannel: pipelineRoom(2) is <= numClientBuffers(2). Not signalling any more buffers to client
12-22 11:35:50.335 10640 11203 I CCodecBufferChannel: pipelineRoom(2) is <= numClientBuffers(3). Not signalling any more buffers to client
12-22 11:35:50.340 10640 17346 I CCodecBufferChannel: pipelineRoom(2) is <= numClientBuffers(2). Not signalling any more buffers to client
12-22 11:35:50.340 10640 11203 I CCodecBufferChannel: pipelineRoom(2) is <= numClientBuffers(2). Not signalling any more buffers to client
12-22 11:35:50.418 10640 11203 I CCodecBufferChannel: pipelineRoom(1) is <= numClientBuffers(2). Not signalling any more buffers to client
12-22 11:35:50.418 10640 17346 I CCodecBufferChannel: pipelineRoom(1) is <= numClientBuffers(1). Not signalling any more buffers to client
12-22 11:35:50.455  1251  2448 I vendor.qti.hardware.display.composer-service: FrameNotifyProcess Sensor: notify citsensorservice to trigger cwb
12-22 11:35:50.456  2027  4130 I libcitsensorservice@2.0-impl: msg_transfer
12-22 11:35:50.456  2027  3266 D vendor.xiaomi.sensor.citsensorservice@2.0-service: handle id:10 wxh:1280x2400 uwxuh:1080x2400 size: 9216000 fd:15 fd_meta:16 flags:0x4000228 usage:0x33  format:0x3 layer_count: 1
12-22 11:35:50.457  1251  2216 I SDM     : HWCSession::SetCWBOutputBuffer: CWB config passed by cwb_client : tappoint 1  CWB_ROI : (829.000000 4.000000 915.000000 90.000000)
12-22 11:35:50.458  1251 17854 I SDM     : HWCSession::ProcessRequests: Successfully configured CWB buffer.
12-22 11:35:50.472  1251 17854 I SDM     : HWCSession::ProcessRequests: Pushing release fence in fenece wait queue.
12-22 11:35:50.472  1251 17854 I SDM     : HWCSession::ProcessRequests: Creating AsyncFenceWaits async thread.
12-22 11:35:50.472  1251 17854 I SDM     : HWCSession::ProcessRequests: Remove current CWB request from the pending request queue.
12-22 11:35:50.473  1251 17854 I SDM     : HWCSession::ProcessRequests: No pending cwb requests found in the queue.
12-22 11:35:50.479  1251  1467 I SDM     : HWDeviceDRM::SetupConcurrentWriteback: Tear down the Concurrent Writeback topology
12-22 11:35:50.481  2027  3285 D libsensor-displayalgo: the value of  brightness:369.000000,R:72582652.408584,G:60567176.134303,B:51681938.341832,EVENT_C:3164.500000,EVENT_R:1286.000000,EVENT_G:1675.000000,EVENT_B:665.000000
12-22 11:35:50.481  2027  3285 I libsensor-displayalgo: the value of  Coef1:1107.681000,Coef4:2.383000, scale1:0.935522, scale4:0.923264
12-22 11:35:50.481  2027  3285 E libsensor-displayalgo: RGB_test_0407_400_oldzy!
12-22 11:35:50.481  2027  3285 I libsensor-displayalgo: the value of  RESULT2445.476920,1012.785956,1172.412811,421.354737
12-22 11:35:50.481  2027  3285 I libsensor-displayalgo: the value of  getChannelDataCalibrated2552.063074,939.870262,1352.131593,456.105945
12-22 11:35:50.481  2027  3285 I libsensor-displayalgo: the value of  REAL LUX27.893675
12-22 11:35:50.481  2027  3285 I libsensor-displayalgo: the value of  CAL REAL LUX27.893675
12-22 11:35:50.483  1251 17855 I SDM     : HWCSession::NotifyCWBStatus: Notify the client about buffer status 0.
12-22 11:35:50.484  1251 17855 I SDM     : HWCSession::PerformFenceWaits: Remove current release fence from the pending fence wait queue.
12-22 11:35:50.484  1251 17855 I SDM     : HWCSession::PerformFenceWaits: CWB fence queue is empty. No pending release fence to wait on.
12-22 11:35:50.530 10640 11203 I CCodecBufferChannel: pipelineRoom(2) is <= numClientBuffers(3). Not signalling any more buffers to client
12-22 11:35:50.530 10640 17346 I CCodecBufferChannel: pipelineRoom(2) is <= numClientBuffers(2). Not signalling any more buffers to client
12-22 11:35:50.532 10640 11203 I CCodecBufferChannel: pipelineRoom(2) is <= numClientBuffers(3). Not signalling any more buffers to client
12-22 11:35:50.535 10640 17346 I CCodecBufferChannel: pipelineRoom(2) is <= numClientBuffers(2). Not signalling any more buffers to client
12-22 11:35:50.538 10640 11203 I CCodecBufferChannel: pipelineRoom(2) is <= numClientBuffers(2). Not signalling any more buffers to client
12-22 11:35:50.654 10640 11203 I CCodecBufferChannel: pipelineRoom(2) is <= numClientBuffers(3). Not signalling any more buffers to client
12-22 11:35:50.655 10640 17346 I CCodecBufferChannel: pipelineRoom(2) is <= numClientBuffers(2). Not signalling any more buffers to client
12-22 11:35:50.658 10640 17346 I CCodecBufferChannel: pipelineRoom(3) is <= numClientBuffers(3). Not signalling any more buffers to client
12-22 11:35:50.658 10640 11203 I CCodecBufferChannel: pipelineRoom(3) is <= numClientBuffers(3). Not signalling any more buffers to client
12-22 11:35:50.663 10640 17346 I CCodecBufferChannel: pipelineRoom(2) is <= numClientBuffers(2). Not signalling any more buffers to client
12-22 11:35:50.664 10640 11203 I CCodecBufferChannel: pipelineRoom(2) is <= numClientBuffers(2). Not signalling any more buffers to client
12-22 11:35:50.759  1251  2448 I vendor.qti.hardware.display.composer-service: FrameNotifyProcess Sensor: notify citsensorservice to trigger cwb
12-22 11:35:50.760  2027  4130 I libcitsensorservice@2.0-impl: msg_transfer
12-22 11:35:50.760  2027  3266 D vendor.xiaomi.sensor.citsensorservice@2.0-service: handle id:10 wxh:1280x2400 uwxuh:1080x2400 size: 9216000 fd:15 fd_meta:16 flags:0x4000228 usage:0x33  format:0x3 layer_count: 1
12-22 11:35:50.761  1251  2216 I SDM     : HWCSession::SetCWBOutputBuffer: CWB config passed by cwb_client : tappoint 1  CWB_ROI : (829.000000 4.000000 915.000000 90.000000)
12-22 11:35:50.764 10640 11203 I CCodecBufferChannel: pipelineRoom(3) is <= numClientBuffers(3). Not signalling any more buffers to client
12-22 11:35:50.765  1251 17856 I SDM     : HWCSession::ProcessRequests: Successfully configured CWB buffer.
12-22 11:35:50.767 10640 11203 I CCodecBufferChannel: pipelineRoom(2) is <= numClientBuffers(3). Not signalling any more buffers to client
12-22 11:35:50.767 10640 17346 I CCodecBufferChannel: pipelineRoom(2) is <= numClientBuffers(2). Not signalling any more buffers to client
12-22 11:35:50.770  1251 17856 I SDM     : HWCSession::ProcessRequests: Pushing release fence in fenece wait queue.
12-22 11:35:50.770  1251 17856 I SDM     : HWCSession::ProcessRequests: Creating AsyncFenceWaits async thread.
12-22 11:35:50.779  1251 17856 I SDM     : HWCSession::ProcessRequests: Remove current CWB request from the pending request queue.
12-22 11:35:50.780  1251 17856 I SDM     : HWCSession::ProcessRequests: No pending cwb requests found in the queue.
12-22 11:35:50.781  1251  1467 I SDM     : HWDeviceDRM::SetupConcurrentWriteback: Tear down the Concurrent Writeback topology
12-22 11:35:50.781  2027  3285 D libsensor-displayalgo: the value of  brightness:369.000000,R:72139295.232748,G:60230234.690517,B:51364915.831820,EVENT_C:3143.000000,EVENT_R:1279.500000,EVENT_G:1666.500000,EVENT_B:660.000000
12-22 11:35:50.781  2027  3285 I libsensor-displayalgo: the value of  Coef1:1107.681000,Coef4:2.383000, scale1:0.935522, scale4:0.923264
12-22 11:35:50.781  2027  3285 E libsensor-displayalgo: RGB_test_0407_400_oldzy!
12-22 11:35:50.782  2027  3285 I libsensor-displayalgo: the value of  RESULT2436.782994,1008.835659,1168.719268,419.766158
12-22 11:35:50.782  2027  3285 I libsensor-displayalgo: the value of  getChannelDataCalibrated2542.990223,936.204367,1347.871867,454.386348
12-22 11:35:50.782  2027  3285 I libsensor-displayalgo: the value of  REAL LUX27.197033
12-22 11:35:50.782  2027  3285 I libsensor-displayalgo: the value of  CAL REAL LUX27.197033
12-22 11:35:50.786  1251 17857 I SDM     : HWCSession::NotifyCWBStatus: Notify the client about buffer status 0.
12-22 11:35:50.786  1251 17857 I SDM     : HWCSession::PerformFenceWaits: Remove current release fence from the pending fence wait queue.
12-22 11:35:50.786  1251 17857 I SDM     : HWCSession::PerformFenceWaits: CWB fence queue is empty. No pending release fence to wait on.
12-22 11:35:50.884 10640 17346 D BufferPoolAccessor2.0: bufferpool2 0x79dc7a0028 : 5(40960 size) total buffers - 1(8192 size) used buffers - 2105/2110 (recycle/alloc) - 6/2109 (fetch/transfer)
12-22 11:35:50.896 10640 17346 I CCodecBufferChannel: pipelineRoom(2) is <= numClientBuffers(2). Not signalling any more buffers to client
12-22 11:35:50.896 10640 11203 I CCodecBufferChannel: pipelineRoom(2) is <= numClientBuffers(2). Not signalling any more buffers to client
12-22 11:35:50.971 10640 11203 I CCodecBufferChannel: pipelineRoom(2) is <= numClientBuffers(3). Not signalling any more buffers to client
12-22 11:35:50.971 10640 17346 I CCodecBufferChannel: pipelineRoom(2) is <= numClientBuffers(2). Not signalling any more buffers to client
12-22 11:35:51.064  1251  2448 I vendor.qti.hardware.display.composer-service: FrameNotifyProcess Sensor: notify citsensorservice to trigger cwb
12-22 11:35:51.065  2027  4130 I libcitsensorservice@2.0-impl: msg_transfer
12-22 11:35:51.065  2027  3266 D vendor.xiaomi.sensor.citsensorservice@2.0-service: handle id:10 wxh:1280x2400 uwxuh:1080x2400 size: 9216000 fd:15 fd_meta:16 flags:0x4000228 usage:0x33  format:0x3 layer_count: 1
12-22 11:35:51.066  1251  2216 I SDM     : HWCSession::SetCWBOutputBuffer: CWB config passed by cwb_client : tappoint 1  CWB_ROI : (829.000000 4.000000 915.000000 90.000000)
12-22 11:35:51.069  1251 17858 I SDM     : HWCSession::ProcessRequests: Successfully configured CWB buffer.
12-22 11:35:51.075  1251 17858 I SDM     : HWCSession::ProcessRequests: Pushing release fence in fenece wait queue.
12-22 11:35:51.075  1251 17858 I SDM     : HWCSession::ProcessRequests: Creating AsyncFenceWaits async thread.
12-22 11:35:51.076  1251 17858 I SDM     : HWCSession::ProcessRequests: Remove current CWB request from the pending request queue.
12-22 11:35:51.076  1251 17858 I SDM     : HWCSession::ProcessRequests: No pending cwb requests found in the queue.
12-22 11:35:51.080  1251  1467 I SDM     : HWDeviceDRM::SetupConcurrentWriteback: Tear down the Concurrent Writeback topology
12-22 11:35:51.081  2027  3285 D libsensor-displayalgo: the value of  brightness:369.000000,R:71848933.863189,G:60015938.232085,B:51156778.468755,EVENT_C:3152.500000,EVENT_R:1283.500000,EVENT_G:1673.000000,EVENT_B:663.000000
12-22 11:35:51.081  2027  3285 I libsensor-displayalgo: the value of  Coef1:1107.681000,Coef4:2.383000, scale1:0.935522, scale4:0.923264
12-22 11:35:51.081  2027  3285 E libsensor-displayalgo: RGB_test_0407_400_oldzy!
12-22 11:35:51.082  2027  3285 I libsensor-displayalgo: the value of  RESULT2431.188925,1006.269886,1166.365240,418.743911
12-22 11:35:51.082  2027  3285 I libsensor-displayalgo: the value of  getChannelDataCalibrated2537.152337,933.823317,1345.156991,453.279792
12-22 11:35:51.082  2027  3285 I libsensor-displayalgo: the value of  REAL LUX28.124601
12-22 11:35:51.082  2027  3285 I libsensor-displayalgo: the value of  CAL REAL LUX28.124601
12-22 11:35:51.088  1251 17859 I SDM     : HWCSession::NotifyCWBStatus: Notify the client about buffer status 0.
12-22 11:35:51.089  1251 17859 I SDM     : HWCSession::PerformFenceWaits: Remove current release fence from the pending fence wait queue.
12-22 11:35:51.089  1251 17859 I SDM     : HWCSession::PerformFenceWaits: CWB fence queue is empty. No pending release fence to wait on.
12-22 11:35:51.092 10640 11203 I CCodecBufferChannel: pipelineRoom(2) is <= numClientBuffers(3). Not signalling any more buffers to client
12-22 11:35:51.092 10640 17346 I CCodecBufferChannel: pipelineRoom(2) is <= numClientBuffers(2). Not signalling any more buffers to client
12-22 11:35:51.250  4496  4496 D MiPlayDetailViewModel: onPositionChange(): position = 48978
12-22 11:35:51.250  9768 17350 I SafeBinderCall: onPositionChange binder cost:1
12-22 11:35:51.343 10640 11203 I CCodecBufferChannel: pipelineRoom(2) is <= numClientBuffers(2). Not signalling any more buffers to client
12-22 11:35:51.346 10640 17346 I CCodecBufferChannel: pipelineRoom(1) is <= numClientBuffers(1). Not signalling any more buffers to client
12-22 11:35:51.346 10640 11203 I CCodecBufferChannel: pipelineRoom(1) is <= numClientBuffers(1). Not signalling any more buffers to client
12-22 11:35:51.351 10640 11203 I CCodecBufferChannel: pipelineRoom(2) is <= numClientBuffers(2). Not signalling any more buffers to client
12-22 11:35:51.351 10640 17346 I CCodecBufferChannel: pipelineRoom(2) is <= numClientBuffers(2). Not signalling any more buffers to client
12-22 11:35:51.367  1251  2448 I vendor.qti.hardware.display.composer-service: FrameNotifyProcess Sensor: notify citsensorservice to trigger cwb
12-22 11:35:51.367  2027  4130 I libcitsensorservice@2.0-impl: msg_transfer
12-22 11:35:51.368  2027  3266 D vendor.xiaomi.sensor.citsensorservice@2.0-service: handle id:10 wxh:1280x2400 uwxuh:1080x2400 size: 9216000 fd:15 fd_meta:16 flags:0x4000228 usage:0x33  format:0x3 layer_count: 1
12-22 11:35:51.368  1251  2216 I SDM     : HWCSession::SetCWBOutputBuffer: CWB config passed by cwb_client : tappoint 1  CWB_ROI : (829.000000 4.000000 915.000000 90.000000)
12-22 11:35:51.369  1251 17860 I SDM     : HWCSession::ProcessRequests: Successfully configured CWB buffer.
12-22 11:35:51.379  1251 17860 I SDM     : HWCSession::ProcessRequests: Pushing release fence in fenece wait queue.
12-22 11:35:51.379  1251 17860 I SDM     : HWCSession::ProcessRequests: Creating AsyncFenceWaits async thread.
12-22 11:35:51.379  1251 17860 I SDM     : HWCSession::ProcessRequests: Remove current CWB request from the pending request queue.
12-22 11:35:51.380  1251 17860 I SDM     : HWCSession::ProcessRequests: No pending cwb requests found in the queue.
12-22 11:35:51.385  1251  1467 I SDM     : HWDeviceDRM::SetupConcurrentWriteback: Tear down the Concurrent Writeback topology
12-22 11:35:51.392  1251 17861 I SDM     : HWCSession::NotifyCWBStatus: Notify the client about buffer status 0.
12-22 11:35:51.392  1251 17861 I SDM     : HWCSession::PerformFenceWaits: Remove current release fence from the pending fence wait queue.
12-22 11:35:51.392  1251 17861 I SDM     : HWCSession::PerformFenceWaits: CWB fence queue is empty. No pending release fence to wait on.
12-22 11:35:51.411 10640 11203 I CCodecBufferChannel: pipelineRoom(1) is <= numClientBuffers(2). Not signalling any more buffers to client
12-22 11:35:51.412 10640 17346 I CCodecBufferChannel: pipelineRoom(1) is <= numClientBuffers(1). Not signalling any more buffers to client
12-22 11:35:51.481  2027  3285 D libsensor-displayalgo: the value of  brightness:369.000000,R:69533241.693958,G:58290701.264229,B:49496676.900029,EVENT_C:3132.500000,EVENT_R:1273.500000,EVENT_G:1660.000000,EVENT_B:656.500000
12-22 11:35:51.481  2027  3285 I libsensor-displayalgo: the value of  Coef1:1107.681000,Coef4:2.383000, scale1:0.935522, scale4:0.923264
12-22 11:35:51.481  2027  3285 E libsensor-displayalgo: RGB_test_0407_400_oldzy!
12-22 11:35:51.482  2027  3285 I libsensor-displayalgo: the value of  RESULT2386.001830,985.617769,1147.279318,410.490609
12-22 11:35:51.482  2027  3285 I libsensor-displayalgo: the value of  getChannelDataCalibrated2489.995761,914.658053,1323.145394,444.345799
12-22 11:35:51.482  2027  3285 I libsensor-displayalgo: the value of  REAL LUX29.907927
12-22 11:35:51.482  2027  3285 I libsensor-displayalgo: the value of  CAL REAL LUX29.907927
12-22 11:35:51.531 10640 11203 I CCodecBufferChannel: pipelineRoom(2) is <= numClientBuffers(2). Not signalling any more buffers to client
12-22 11:35:51.653 10640 11203 I CCodecBufferChannel: pipelineRoom(2) is <= numClientBuffers(3). Not signalling any more buffers to client
12-22 11:35:51.653 10640 17346 I CCodecBufferChannel: pipelineRoom(2) is <= numClientBuffers(2). Not signalling any more buffers to client
12-22 11:35:51.654 10640 11203 I CCodecBufferChannel: pipelineRoom(3) is <= numClientBuffers(3). Not signalling any more buffers to client
12-22 11:35:51.655 10640 17346 I CCodecBufferChannel: pipelineRoom(3) is <= numClientBuffers(3). Not signalling any more buffers to client
12-22 11:35:51.672  1251  2448 I vendor.qti.hardware.display.composer-service: FrameNotifyProcess Sensor: notify citsensorservice to trigger cwb
12-22 11:35:51.672  2027  4130 I libcitsensorservice@2.0-impl: msg_transfer
12-22 11:35:51.672  2027  3266 D vendor.xiaomi.sensor.citsensorservice@2.0-service: handle id:10 wxh:1280x2400 uwxuh:1080x2400 size: 9216000 fd:15 fd_meta:16 flags:0x4000228 usage:0x33  format:0x3 layer_count: 1
12-22 11:35:51.672  1251  2216 I SDM     : HWCSession::SetCWBOutputBuffer: CWB config passed by cwb_client : tappoint 1  CWB_ROI : (829.000000 4.000000 915.000000 90.000000)
12-22 11:35:51.673  1251 17862 I SDM     : HWCSession::ProcessRequests: Successfully configured CWB buffer.
12-22 11:35:51.682  1251 17862 I SDM     : HWCSession::ProcessRequests: Pushing release fence in fenece wait queue.
12-22 11:35:51.682  1251 17862 I SDM     : HWCSession::ProcessRequests: Creating AsyncFenceWaits async thread.
12-22 11:35:51.683  1251 17862 I SDM     : HWCSession::ProcessRequests: Remove current CWB request from the pending request queue.
12-22 11:35:51.683  1251 17862 I SDM     : HWCSession::ProcessRequests: No pending cwb requests found in the queue.
12-22 11:35:51.689  1251  1467 I SDM     : HWDeviceDRM::SetupConcurrentWriteback: Tear down the Concurrent Writeback topology
12-22 11:35:51.696  1251 17863 I SDM     : HWCSession::NotifyCWBStatus: Notify the client about buffer status 0.
12-22 11:35:51.696  1251 17863 I SDM     : HWCSession::PerformFenceWaits: Remove current release fence from the pending fence wait queue.
12-22 11:35:51.696  1251 17863 I SDM     : HWCSession::PerformFenceWaits: CWB fence queue is empty. No pending release fence to wait on.
12-22 11:35:51.764 10640 11203 I CCodecBufferChannel: pipelineRoom(2) is <= numClientBuffers(3). Not signalling any more buffers to client
12-22 11:35:51.765 10640 17346 I CCodecBufferChannel: pipelineRoom(2) is <= numClientBuffers(2). Not signalling any more buffers to client
12-22 11:35:51.767 10640 11203 I CCodecBufferChannel: pipelineRoom(2) is <= numClientBuffers(3). Not signalling any more buffers to client
12-22 11:35:51.768 10640 17346 I CCodecBufferChannel: pipelineRoom(2) is <= numClientBuffers(2). Not signalling any more buffers to client
12-22 11:35:51.781  2027  3285 D libsensor-displayalgo: the value of  brightness:369.000000,R:67331542.723528,G:56778578.865532,B:47922641.577593,EVENT_C:3013.500000,EVENT_R:1232.000000,EVENT_G:1590.000000,EVENT_B:632.500000
12-22 11:35:51.781  2027  3285 I libsensor-displayalgo: the value of  Coef1:1107.681000,Coef4:2.383000, scale1:0.935522, scale4:0.923264
12-22 11:35:51.781  2027  3285 E libsensor-displayalgo: RGB_test_0407_400_oldzy!
12-22 11:35:51.781  2027  3285 I libsensor-displayalgo: the value of  RESULT2341.852955,965.461462,1128.753347,402.494372
12-22 11:35:51.781  2027  3285 I libsensor-displayalgo: the value of  getChannelDataCalibrated2443.922657,895.952902,1301.779583,435.690073
12-22 11:35:51.781  2027  3285 I libsensor-displayalgo: the value of  REAL LUX24.654169
12-22 11:35:51.781  2027  3285 I libsensor-displayalgo: the value of  CAL REAL LUX24.654169
12-22 11:35:51.846 10640 11203 I CCodecBufferChannel: pipelineRoom(3) is <= numClientBuffers(3). Not signalling any more buffers to client
12-22 11:35:51.974 10640 11203 I CCodecBufferChannel: pipelineRoom(3) is <= numClientBuffers(3). Not signalling any more buffers to client
12-22 11:35:51.979  1251  2448 I vendor.qti.hardware.display.composer-service: FrameNotifyProcess Sensor: notify citsensorservice to trigger cwb
12-22 11:35:51.979  2027  4130 I libcitsensorservice@2.0-impl: msg_transfer
12-22 11:35:51.979  2027  3266 D vendor.xiaomi.sensor.citsensorservice@2.0-service: handle id:10 wxh:1280x2400 uwxuh:1080x2400 size: 9216000 fd:15 fd_meta:16 flags:0x4000228 usage:0x33  format:0x3 layer_count: 1
12-22 11:35:51.980 10640 11203 I CCodecBufferChannel: pipelineRoom(2) is <= numClientBuffers(2). Not signalling any more buffers to client
12-22 11:35:51.980  1251  2216 I SDM     : HWCSession::SetCWBOutputBuffer: CWB config passed by cwb_client : tappoint 1  CWB_ROI : (829.000000 4.000000 915.000000 90.000000)
12-22 11:35:51.988  1251 17864 I SDM     : HWCSession::ProcessRequests: Successfully configured CWB buffer.
12-22 11:35:51.994  1251 17864 I SDM     : HWCSession::ProcessRequests: Pushing release fence in fenece wait queue.
12-22 11:35:51.994  1251 17864 I SDM     : HWCSession::ProcessRequests: Creating AsyncFenceWaits async thread.
12-22 11:35:51.994  1251 17864 I SDM     : HWCSession::ProcessRequests: Remove current CWB request from the pending request queue.
12-22 11:35:51.995  1251 17864 I SDM     : HWCSession::ProcessRequests: No pending cwb requests found in the queue.
12-22 11:35:51.996  1251  1467 I SDM     : HWDeviceDRM::SetupConcurrentWriteback: Tear down the Concurrent Writeback topology
12-22 11:35:52.009  1251 17865 I SDM     : HWCSession::NotifyCWBStatus: Notify the client about buffer status 0.
12-22 11:35:52.009  1251 17865 I SDM     : HWCSession::PerformFenceWaits: Remove current release fence from the pending fence wait queue.
12-22 11:35:52.009  1251 17865 I SDM     : HWCSession::PerformFenceWaits: CWB fence queue is empty. No pending release fence to wait on.
12-22 11:35:52.082  2027  3285 D libsensor-displayalgo: the value of  brightness:369.000000,R:67435375.677437,G:56805882.666947,B:47998678.565091,EVENT_C:3041.000000,EVENT_R:1241.500000,EVENT_G:1609.000000,EVENT_B:637.500000
12-22 11:35:52.082  2027  3285 I libsensor-displayalgo: the value of  Coef1:1107.681000,Coef4:2.383000, scale1:0.935522, scale4:0.923264
12-22 11:35:52.082  2027  3285 E libsensor-displayalgo: RGB_test_0407_400_oldzy!
12-22 11:35:52.082  2027  3285 I libsensor-displayalgo: the value of  RESULT2343.209380,966.248102,1129.159942,402.738223
12-22 11:35:52.083  2027  3285 I libsensor-displayalgo: the value of  getChannelDataCalibrated2445.338202,896.682908,1302.248505,435.954036
12-22 11:35:52.083  2027  3285 I libsensor-displayalgo: the value of  REAL LUX26.622864
12-22 11:35:52.083  2027  3285 I libsensor-displayalgo: the value of  CAL REAL LUX26.622864
12-22 11:35:52.092 10640 11203 I CCodecBufferChannel: pipelineRoom(3) is <= numClientBuffers(3). Not signalling any more buffers to client
12-22 11:35:52.208 10640 11203 I CCodecBufferChannel: pipelineRoom(2) is <= numClientBuffers(3). Not signalling any more buffers to client
12-22 11:35:52.214 10640 11203 I CCodecBufferChannel: pipelineRoom(2) is <= numClientBuffers(3). Not signalling any more buffers to client
12-22 11:35:52.217 10640 17346 I CCodecBufferChannel: pipelineRoom(2) is <= numClientBuffers(2). Not signalling any more buffers to client
12-22 11:35:52.218 10640 17346 I CCodecBufferChannel: pipelineRoom(3) is <= numClientBuffers(3). Not signalling any more buffers to client
12-22 11:35:52.249  4496  4496 D MiPlayDetailViewModel: onPositionChange(): position = 49978
12-22 11:35:52.249  9768 17350 I SafeBinderCall: onPositionChange binder cost:0
12-22 11:35:52.283  1251  2448 I vendor.qti.hardware.display.composer-service: FrameNotifyProcess Sensor: notify citsensorservice to trigger cwb
12-22 11:35:52.283  2027  2027 I libcitsensorservice@2.0-impl: msg_transfer
12-22 11:35:52.284  2027  3266 D vendor.xiaomi.sensor.citsensorservice@2.0-service: handle id:10 wxh:1280x2400 uwxuh:1080x2400 size: 9216000 fd:15 fd_meta:16 flags:0x4000228 usage:0x33  format:0x3 layer_count: 1
12-22 11:35:52.284  1251  2216 I SDM     : HWCSession::SetCWBOutputBuffer: CWB config passed by cwb_client : tappoint 1  CWB_ROI : (829.000000 4.000000 915.000000 90.000000)
12-22 11:35:52.293  1251 17866 I SDM     : HWCSession::ProcessRequests: Successfully configured CWB buffer.
12-22 11:35:52.307  1251 17866 I SDM     : HWCSession::ProcessRequests: Pushing release fence in fenece wait queue.
12-22 11:35:52.307  1251 17866 I SDM     : HWCSession::ProcessRequests: Creating AsyncFenceWaits async thread.
12-22 11:35:52.308  1251 17866 I SDM     : HWCSession::ProcessRequests: Remove current CWB request from the pending request queue.
12-22 11:35:52.308  1251 17866 I SDM     : HWCSession::ProcessRequests: No pending cwb requests found in the queue.
12-22 11:35:52.309  1251  1467 I SDM     : HWDeviceDRM::SetupConcurrentWriteback: Tear down the Concurrent Writeback topology
12-22 11:35:52.319  1251 17868 I SDM     : HWCSession::NotifyCWBStatus: Notify the client about buffer status 0.
12-22 11:35:52.320  1251 17868 I SDM     : HWCSession::PerformFenceWaits: Remove current release fence from the pending fence wait queue.
12-22 11:35:52.320  1251 17868 I SDM     : HWCSession::PerformFenceWaits: CWB fence queue is empty. No pending release fence to wait on.
12-22 11:35:52.333 10640 11203 I CCodecBufferChannel: pipelineRoom(1) is <= numClientBuffers(2). Not signalling any more buffers to client
12-22 11:35:52.333 10640 17346 I CCodecBufferChannel: pipelineRoom(1) is <= numClientBuffers(1). Not signalling any more buffers to client
12-22 11:35:52.383  2027  3285 D libsensor-displayalgo: the value of  brightness:369.000000,R:70546402.336226,G:58980148.288604,B:50226770.248875,EVENT_C:3070.000000,EVENT_R:1253.000000,EVENT_G:1626.000000,EVENT_B:645.000000
12-22 11:35:52.383  2027  3285 I libsensor-displayalgo: the value of  Coef1:1107.681000,Coef4:2.383000, scale1:0.935522, scale4:0.923264
12-22 11:35:52.383  2027  3285 E libsensor-displayalgo: RGB_test_0407_400_oldzy!
12-22 11:35:52.384  2027  3285 I libsensor-displayalgo: the value of  RESULT2404.698828,994.416307,1154.938181,413.905547
12-22 11:35:52.384  2027  3285 I libsensor-displayalgo: the value of  getChannelDataCalibrated2509.507668,922.823139,1331.978282,448.042384
12-22 11:35:52.384  2027  3285 I libsensor-displayalgo: the value of  REAL LUX24.486284
12-22 11:35:52.384  2027  3285 I libsensor-displayalgo: the value of  CAL REAL LUX24.486284
12-22 11:35:52.527 10640 11203 I CCodecBufferChannel: pipelineRoom(2) is <= numClientBuffers(2). Not signalling any more buffers to client
12-22 11:35:52.528 10640 11203 I CCodecBufferChannel: pipelineRoom(2) is <= numClientBuffers(2). Not signalling any more buffers to client
12-22 11:35:52.588  1251  2448 I vendor.qti.hardware.display.composer-service: FrameNotifyProcess Sensor: notify citsensorservice to trigger cwb
12-22 11:35:52.588  2027  2027 I libcitsensorservice@2.0-impl: msg_transfer
12-22 11:35:52.589  2027  3266 D vendor.xiaomi.sensor.citsensorservice@2.0-service: handle id:10 wxh:1280x2400 uwxuh:1080x2400 size: 9216000 fd:15 fd_meta:16 flags:0x4000228 usage:0x33  format:0x3 layer_count: 1
12-22 11:35:52.589  1251  2216 I SDM     : HWCSession::SetCWBOutputBuffer: CWB config passed by cwb_client : tappoint 1  CWB_ROI : (829.000000 4.000000 915.000000 90.000000)
12-22 11:35:52.596  1251 17869 I SDM     : HWCSession::ProcessRequests: Successfully configured CWB buffer.
12-22 11:35:52.604  1251 17869 I SDM     : HWCSession::ProcessRequests: Pushing release fence in fenece wait queue.
12-22 11:35:52.604  1251 17869 I SDM     : HWCSession::ProcessRequests: Creating AsyncFenceWaits async thread.
12-22 11:35:52.604  1251 17869 I SDM     : HWCSession::ProcessRequests: Remove current CWB request from the pending request queue.
12-22 11:35:52.604  1251 17869 I SDM     : HWCSession::ProcessRequests: No pending cwb requests found in the queue.
12-22 11:35:52.606  1251  1467 I SDM     : HWDeviceDRM::SetupConcurrentWriteback: Tear down the Concurrent Writeback topology
12-22 11:35:52.618  1251 17870 I SDM     : HWCSession::NotifyCWBStatus: Notify the client about buffer status 0.
12-22 11:35:52.618  1251 17870 I SDM     : HWCSession::PerformFenceWaits: Remove current release fence from the pending fence wait queue.
12-22 11:35:52.618  1251 17870 I SDM     : HWCSession::PerformFenceWaits: CWB fence queue is empty. No pending release fence to wait on.
12-22 11:35:52.631 10640 11199 D CCodecBufferChannel: [c2.android.aac.decoder#824] DEBUG: elapsed: n=6 [in=0 pipeline=0 out=2]
12-22 11:35:52.631 10640 11199 D PipelineWatcher: DEBUG: elapsed 2 / 6
12-22 11:35:52.649 10640 17346 I CCodecBufferChannel: pipelineRoom(1) is <= numClientBuffers(1). Not signalling any more buffers to client
12-22 11:35:52.649 10640 11203 I CCodecBufferChannel: pipelineRoom(1) is <= numClientBuffers(1). Not signalling any more buffers to client
12-22 11:35:52.682  2027  3285 D libsensor-displayalgo: the value of  brightness:369.000000,R:67043390.468385,G:56629020.189636,B:47713290.474527,EVENT_C:3019.500000,EVENT_R:1233.500000,EVENT_G:1598.000000,EVENT_B:633.500000
12-22 11:35:52.682  2027  3285 I libsensor-displayalgo: the value of  Coef1:1107.681000,Coef4:2.383000, scale1:0.935522, scale4:0.923264
12-22 11:35:52.682  2027  3285 E libsensor-displayalgo: RGB_test_0407_400_oldzy!
12-22 11:35:52.682  2027  3285 I libsensor-displayalgo: the value of  RESULT2336.702308,962.952860,1126.753727,401.564515
12-22 11:35:52.682  2027  3285 I libsensor-displayalgo: the value of  getChannelDataCalibrated2438.547519,893.624908,1299.473442,434.683526
12-22 11:35:52.682  2027  3285 I libsensor-displayalgo: the value of  REAL LUX25.618572
12-22 11:35:52.682  2027  3285 I libsensor-displayalgo: the value of  CAL REAL LUX25.618572
12-22 11:35:52.697  2475  2475 W WindowManager: removeWindowToken: Attempted to remove non-existing token: android.os.Binder@1680d99
12-22 11:35:52.769 10640 10840 D AudioTrack: [audioTrackData][fine] 50s(f:50008 m:46 s:311 k:0) : pid 10640 uid 10269 sessionId 7289 sr 44100 ch 2 fmt 1
12-22 11:35:52.773 10640 11203 I CCodecBufferChannel: pipelineRoom(2) is <= numClientBuffers(3). Not signalling any more buffers to client
12-22 11:35:52.775 10640 17346 I CCodecBufferChannel: pipelineRoom(2) is <= numClientBuffers(2). Not signalling any more buffers to client
12-22 11:35:52.776 10640 11203 I CCodecBufferChannel: pipelineRoom(3) is <= numClientBuffers(3). Not signalling any more buffers to client
12-22 11:35:52.776 10640 17346 I CCodecBufferChannel: pipelineRoom(3) is <= numClientBuffers(3). Not signalling any more buffers to client
12-22 11:35:52.892  1251  2448 I vendor.qti.hardware.display.composer-service: FrameNotifyProcess Sensor: notify citsensorservice to trigger cwb
12-22 11:35:52.892  2027  2096 I libcitsensorservice@2.0-impl: msg_transfer
12-22 11:35:52.893  2027  3266 D vendor.xiaomi.sensor.citsensorservice@2.0-service: handle id:10 wxh:1280x2400 uwxuh:1080x2400 size: 9216000 fd:15 fd_meta:16 flags:0x4000228 usage:0x33  format:0x3 layer_count: 1
12-22 11:35:52.893  1251  2216 I SDM     : HWCSession::SetCWBOutputBuffer: CWB config passed by cwb_client : tappoint 1  CWB_ROI : (829.000000 4.000000 915.000000 90.000000)
12-22 11:35:52.894  1251 17871 I SDM     : HWCSession::ProcessRequests: Successfully configured CWB buffer.
12-22 11:35:52.902  1251 17871 I SDM     : HWCSession::ProcessRequests: Pushing release fence in fenece wait queue.
12-22 11:35:52.902  1251 17871 I SDM     : HWCSession::ProcessRequests: Creating AsyncFenceWaits async thread.
12-22 11:35:52.903  1251 17871 I SDM     : HWCSession::ProcessRequests: Remove current CWB request from the pending request queue.
12-22 11:35:52.904  1251 17871 I SDM     : HWCSession::ProcessRequests: No pending cwb requests found in the queue.
12-22 11:35:52.908  1251  1467 I SDM     : HWDeviceDRM::SetupConcurrentWriteback: Tear down the Concurrent Writeback topology
12-22 11:35:52.914  1251 17872 I SDM     : HWCSession::NotifyCWBStatus: Notify the client about buffer status 0.
12-22 11:35:52.915  1251 17872 I SDM     : HWCSession::PerformFenceWaits: Remove current release fence from the pending fence wait queue.
12-22 11:35:52.915  1251 17872 I SDM     : HWCSession::PerformFenceWaits: CWB fence queue is empty. No pending release fence to wait on.
12-22 11:35:53.082  2027  3285 D libsensor-displayalgo: the value of  brightness:369.000000,R:67321892.696192,G:56719628.133796,B:47912340.840293,EVENT_C:3004.500000,EVENT_R:1229.000000,EVENT_G:1587.500000,EVENT_B:631.000000
12-22 11:35:53.082  2027  3285 I libsensor-displayalgo: the value of  Coef1:1107.681000,Coef4:2.383000, scale1:0.935522, scale4:0.923264
12-22 11:35:53.082  2027  3285 E libsensor-displayalgo: RGB_test_0407_400_oldzy!
12-22 11:35:53.084  2027  3285 I libsensor-displayalgo: the value of  RESULT2340.662784,965.141268,1128.048559,402.272345
12-22 11:35:53.084  2027  3285 I libsensor-displayalgo: the value of  getChannelDataCalibrated2442.680613,895.655761,1300.966759,435.449734
12-22 11:35:53.084  2027  3285 I libsensor-displayalgo: the value of  REAL LUX24.234121
12-22 11:35:53.084  2027  3285 I libsensor-displayalgo: the value of  CAL REAL LUX24.234121
12-22 11:35:53.084 10640 11203 I CCodecBufferChannel: pipelineRoom(2) is <= numClientBuffers(3). Not signalling any more buffers to client
12-22 11:35:53.084 10640 17346 I CCodecBufferChannel: pipelineRoom(2) is <= numClientBuffers(2). Not signalling any more buffers to client
12-22 11:35:53.086 10640 11203 I CCodecBufferChannel: pipelineRoom(3) is <= numClientBuffers(3). Not signalling any more buffers to client
12-22 11:35:53.127  4371  5534 D QCNEJ/NativeHalConnector: -> SND notifyDefaultNetworkChanged(1)
12-22 11:35:53.138  5773  8961 I SLM-SRV-SLAService: onCapabilitiesChanged WIFI master
12-22 11:35:53.196  1251  2448 I vendor.qti.hardware.display.composer-service: FrameNotifyProcess Sensor: notify citsensorservice to trigger cwb
12-22 11:35:53.197  2027  2096 I libcitsensorservice@2.0-impl: msg_transfer
12-22 11:35:53.198  2027  3266 D vendor.xiaomi.sensor.citsensorservice@2.0-service: handle id:10 wxh:1280x2400 uwxuh:1080x2400 size: 9216000 fd:15 fd_meta:16 flags:0x4000228 usage:0x33  format:0x3 layer_count: 1
12-22 11:35:53.198  1251  2216 I SDM     : HWCSession::SetCWBOutputBuffer: CWB config passed by cwb_client : tappoint 1  CWB_ROI : (829.000000 4.000000 915.000000 90.000000)
12-22 11:35:53.200  1251 17873 I SDM     : HWCSession::ProcessRequests: Successfully configured CWB buffer.
12-22 11:35:53.211  1251 17873 I SDM     : HWCSession::ProcessRequests: Pushing release fence in fenece wait queue.
12-22 11:35:53.211  1251 17873 I SDM     : HWCSession::ProcessRequests: Creating AsyncFenceWaits async thread.
12-22 11:35:53.213  1251 17873 I SDM     : HWCSession::ProcessRequests: Remove current CWB request from the pending request queue.
12-22 11:35:53.213  1251 17873 I SDM     : HWCSession::ProcessRequests: No pending cwb requests found in the queue.
12-22 11:35:53.214  1251  1467 I SDM     : HWDeviceDRM::SetupConcurrentWriteback: Tear down the Concurrent Writeback topology
12-22 11:35:53.220  1251 17874 I SDM     : HWCSession::NotifyCWBStatus: Notify the client about buffer status 0.
12-22 11:35:53.220  1251 17874 I SDM     : HWCSession::PerformFenceWaits: Remove current release fence from the pending fence wait queue.
12-22 11:35:53.220  1251 17874 I SDM     : HWCSession::PerformFenceWaits: CWB fence queue is empty. No pending release fence to wait on.
12-22 11:35:53.233 10640 11203 I CCodecBufferChannel: pipelineRoom(2) is <= numClientBuffers(3). Not signalling any more buffers to client
12-22 11:35:53.234 10640 17346 I CCodecBufferChannel: pipelineRoom(2) is <= numClientBuffers(2). Not signalling any more buffers to client
12-22 11:35:53.250  4496  4496 D MiPlayDetailViewModel: onPositionChange(): position = 50979
12-22 11:35:53.250  9768 17350 I SafeBinderCall: onPositionChange binder cost:1
12-22 11:35:53.382  2027  3285 D libsensor-displayalgo: the value of  brightness:369.000000,R:72544709.750461,G:60539569.435484,B:51654713.489935,EVENT_C:3157.500000,EVENT_R:1284.500000,EVENT_G:1673.000000,EVENT_B:663.000000
12-22 11:35:53.382  2027  3285 I libsensor-displayalgo: the value of  Coef1:1107.681000,Coef4:2.383000, scale1:0.935522, scale4:0.923264
12-22 11:35:53.382  2027  3285 E libsensor-displayalgo: RGB_test_0407_400_oldzy!
12-22 11:35:53.383  2027  3285 I libsensor-displayalgo: the value of  RESULT2444.754813,1012.453146,1172.110479,421.222735
12-22 11:35:53.383  2027  3285 I libsensor-displayalgo: the value of  getChannelDataCalibrated2551.309493,939.561412,1351.782916,455.963057
12-22 11:35:53.383  2027  3285 I libsensor-displayalgo: the value of  REAL LUX27.573469
12-22 11:35:53.383  2027  3285 I libsensor-displayalgo: the value of  CAL REAL LUX27.573469
12-22 11:35:53.410 10640 11203 I CCodecBufferChannel: pipelineRoom(2) is <= numClientBuffers(3). Not signalling any more buffers to client
12-22 11:35:53.410 10640 17346 I CCodecBufferChannel: pipelineRoom(2) is <= numClientBuffers(2). Not signalling any more buffers to client
12-22 11:35:53.500  1251  2448 I vendor.qti.hardware.display.composer-service: FrameNotifyProcess Sensor: notify citsensorservice to trigger cwb
12-22 11:35:53.501  2027  2096 I libcitsensorservice@2.0-impl: msg_transfer
12-22 11:35:53.502  2027  3266 D vendor.xiaomi.sensor.citsensorservice@2.0-service: handle id:10 wxh:1280x2400 uwxuh:1080x2400 size: 9216000 fd:15 fd_meta:16 flags:0x4000228 usage:0x33  format:0x3 layer_count: 1
12-22 11:35:53.502  1251  2216 I SDM     : HWCSession::SetCWBOutputBuffer: CWB config passed by cwb_client : tappoint 1  CWB_ROI : (829.000000 4.000000 915.000000 90.000000)
12-22 11:35:53.503  1251 17875 I SDM     : HWCSession::ProcessRequests: Successfully configured CWB buffer.
12-22 11:35:53.514  1251 17875 I SDM     : HWCSession::ProcessRequests: Pushing release fence in fenece wait queue.
12-22 11:35:53.514  1251 17875 I SDM     : HWCSession::ProcessRequests: Creating AsyncFenceWaits async thread.
12-22 11:35:53.515  1251 17875 I SDM     : HWCSession::ProcessRequests: Remove current CWB request from the pending request queue.
12-22 11:35:53.515  1251 17875 I SDM     : HWCSession::ProcessRequests: No pending cwb requests found in the queue.
12-22 11:35:53.517  1251  1467 I SDM     : HWDeviceDRM::SetupConcurrentWriteback: Tear down the Concurrent Writeback topology
12-22 11:35:53.524  1251 17876 I SDM     : HWCSession::NotifyCWBStatus: Notify the client about buffer status 0.
12-22 11:35:53.524  1251 17876 I SDM     : HWCSession::PerformFenceWaits: Remove current release fence from the pending fence wait queue.
12-22 11:35:53.524  1251 17876 I SDM     : HWCSession::PerformFenceWaits: CWB fence queue is empty. No pending release fence to wait on.
12-22 11:35:53.645 10640 11203 I CCodecBufferChannel: pipelineRoom(2) is <= numClientBuffers(2). Not signalling any more buffers to client
12-22 11:35:53.646 10640 11203 I CCodecBufferChannel: pipelineRoom(2) is <= numClientBuffers(3). Not signalling any more buffers to client
12-22 11:35:53.647 10640 17346 I CCodecBufferChannel: pipelineRoom(2) is <= numClientBuffers(2). Not signalling any more buffers to client
12-22 11:35:53.682  2027  3285 D libsensor-displayalgo: the value of  brightness:369.000000,R:72582652.408584,G:60567176.134303,B:51681938.341832,EVENT_C:3169.500000,EVENT_R:1287.500000,EVENT_G:1678.500000,EVENT_B:666.500000
12-22 11:35:53.682  2027  3285 I libsensor-displayalgo: the value of  Coef1:1107.681000,Coef4:2.383000, scale1:0.935522, scale4:0.923264
12-22 11:35:53.682  2027  3285 E libsensor-displayalgo: RGB_test_0407_400_oldzy!
12-22 11:35:53.682  2027  3285 I libsensor-displayalgo: the value of  RESULT2445.476920,1012.785956,1172.412811,421.354737
12-22 11:35:53.683  2027  3285 I libsensor-displayalgo: the value of  getChannelDataCalibrated2552.063074,939.870262,1352.131593,456.105945
12-22 11:35:53.683  2027  3285 I libsensor-displayalgo: the value of  REAL LUX28.227392
12-22 11:35:53.683  2027  3285 I libsensor-displayalgo: the value of  CAL REAL LUX28.227392
12-22 11:35:53.770 10640 11203 I CCodecBufferChannel: pipelineRoom(2) is <= numClientBuffers(2). Not signalling any more buffers to client
12-22 11:35:53.773 10640 11203 I CCodecBufferChannel: pipelineRoom(3) is <= numClientBuffers(3). Not signalling any more buffers to client
12-22 11:35:53.774 10640 17346 I CCodecBufferChannel: pipelineRoom(2) is <= numClientBuffers(2). Not signalling any more buffers to client
12-22 11:35:53.804  1251  2448 I vendor.qti.hardware.display.composer-service: FrameNotifyProcess Sensor: notify citsensorservice to trigger cwb
12-22 11:35:53.805  2027  4130 I libcitsensorservice@2.0-impl: msg_transfer
12-22 11:35:53.805  2027  3266 D vendor.xiaomi.sensor.citsensorservice@2.0-service: handle id:10 wxh:1280x2400 uwxuh:1080x2400 size: 9216000 fd:15 fd_meta:16 flags:0x4000228 usage:0x33  format:0x3 layer_count: 1
12-22 11:35:53.806  1251  2216 I SDM     : HWCSession::SetCWBOutputBuffer: CWB config passed by cwb_client : tappoint 1  CWB_ROI : (829.000000 4.000000 915.000000 90.000000)
12-22 11:35:53.807  1251 17877 I SDM     : HWCSession::ProcessRequests: Successfully configured CWB buffer.
12-22 11:35:53.817  1251 17877 I SDM     : HWCSession::ProcessRequests: Pushing release fence in fenece wait queue.
12-22 11:35:53.817  1251 17877 I SDM     : HWCSession::ProcessRequests: Creating AsyncFenceWaits async thread.
12-22 11:35:53.817  1251 17877 I SDM     : HWCSession::ProcessRequests: Remove current CWB request from the pending request queue.
12-22 11:35:53.817  1251 17877 I SDM     : HWCSession::ProcessRequests: No pending cwb requests found in the queue.
12-22 11:35:53.820  1251  1467 I SDM     : HWDeviceDRM::SetupConcurrentWriteback: Tear down the Concurrent Writeback topology
12-22 11:35:53.828  1251 17878 I SDM     : HWCSession::NotifyCWBStatus: Notify the client about buffer status 0.
12-22 11:35:53.828  1251 17878 I SDM     : HWCSession::PerformFenceWaits: Remove current release fence from the pending fence wait queue.
12-22 11:35:53.828  1251 17878 I SDM     : HWCSession::PerformFenceWaits: CWB fence queue is empty. No pending release fence to wait on.
12-22 11:35:53.851 10640 10655 I missevan:playe: This is non sticky GC, maxfree is 8388608 minfree is 2097152
12-22 11:35:53.981  2027  3285 D libsensor-displayalgo: the value of  brightness:369.000000,R:72582652.408584,G:60567176.134303,B:51681938.341832,EVENT_C:3174.500000,EVENT_R:1291.000000,EVENT_G:1682.500000,EVENT_B:667.000000
12-22 11:35:53.981  2027  3285 I libsensor-displayalgo: the value of  Coef1:1107.681000,Coef4:2.383000, scale1:0.935522, scale4:0.923264
12-22 11:35:53.981  2027  3285 E libsensor-displayalgo: RGB_test_0407_400_oldzy!
12-22 11:35:53.982  2027  3285 I libsensor-displayalgo: the value of  RESULT2445.476920,1012.785956,1172.412811,421.354737
12-22 11:35:53.982  2027  3285 I libsensor-displayalgo: the value of  getChannelDataCalibrated2552.063074,939.870262,1352.131593,456.105945
12-22 11:35:53.982  2027  3285 I libsensor-displayalgo: the value of  REAL LUX28.589687
12-22 11:35:53.982  2027  3285 I libsensor-displayalgo: the value of  CAL REAL LUX28.589687
