12-22 11:42:49.192  8079 11222 V Avrcp_ext: isBrowseSupported for cn.missevan: false
12-22 11:42:49.192  8079 11222 V Avrcp_ext: Send track changed
12-22 11:42:49.192  8079 11222 V Avrcp_ext: updatePlaybackState, state: PlaybackState {state=3, position=0, buffered position=22105, speed=1.0, updated=1413419660, actions=2363190, custom actions=[], active item id=-1, error=null} device: null
12-22 11:42:49.193  8079 11222 V Avrcp_ext: Device: no name:
12-22 11:42:49.193  8079 11222 V Avrcp_ext: Device: no name:
12-22 11:42:49.193  9768  9768 I SafeBinderCall: onPlaybackStateChange binder cost:3
12-22 11:42:49.193  8079 11222 V Avrcp_ext: Device: no name:
12-22 11:42:49.193  8079 11222 V Avrcp_ext: Device: no name:
12-22 11:42:49.193  8079 11222 V Avrcp_ext: Device: no name:
12-22 11:42:49.193  8079 11222 V Avrcp_ext: updatePlayerStateAndPosition, old=PlaybackState {state=6, position=0, buffered position=0, speed=1.0, updated=1413419193, actions=2363190, custom actions=[], active item id=-1, error=null}, state=PlaybackState {state=3, position=0, buffered position=22105, speed=1.0, updated=1413419660, actions=2363190, custom actions=[], active item id=-1, error=null}
12-22 11:42:49.193  8079 11222 V Avrcp_ext: old state = PlaybackState {state=6, position=0, buffered position=0, speed=1.0, updated=1413419193, actions=2363190, custom actions=[], active item id=-1, error=null}, new state= PlaybackState {state=3, position=0, buffered position=22105, speed=1.0, updated=1413419660, actions=2363190, custom actions=[], active item id=-1, error=null}
12-22 11:42:49.193  8079 11222 D HeadsetService: getHeadsetService(): returning com.android.bluetooth.hfp.HeadsetService@edaeae5
12-22 11:42:49.193  8079 11222 D HeadsetService:  isAudioOn: The number of audio connected devices 0
12-22 11:42:49.193  8079 11222 D HeadsetService: isScoOrCallActive(): Call Active:falseCall is Ringing:falseSCO is Active:false
12-22 11:42:49.193  8079 11222 D HeadsetService:  isAudioOn: The number of audio connected devices 0
12-22 11:42:49.193  9768  9768 I Cir_Miplay_ActiveSessionRecord: onPlaybackStateChanged:3
12-22 11:42:49.193  8079 11222 V Avrcp_ext: isPlayStateTobeUpdated: device: null
12-22 11:42:49.193  8079 11222 V Avrcp_ext: Single connection exists
12-22 11:42:49.193  8079 11222 D HeadsetService:  isAudioOn: The number of audio connected devices 0
12-22 11:42:49.193  8079 11222 D HeadsetService: isScoOrCallActive(): Call Active:falseCall is Ringing:falseSCO is Active:false
12-22 11:42:49.193  8079 11222 D HeadsetService:  isAudioOn: The number of audio connected devices 0
12-22 11:42:49.193  8079 11222 V Avrcp_ext: isPlayStateTobeUpdated: device: null
12-22 11:42:49.193  8079 11222 V Avrcp_ext: Single connection exists
12-22 11:42:49.193  8079 11222 D HeadsetService:  isAudioOn: The number of audio connected devices 0
12-22 11:42:49.193  8079 11222 D HeadsetService: isScoOrCallActive(): Call Active:falseCall is Ringing:falseSCO is Active:false
12-22 11:42:49.193  8079 11222 D HeadsetService:  isAudioOn: The number of audio connected devices 0
12-22 11:42:49.193  8079 11222 V Avrcp_ext: isPlayStateTobeUpdated: device: null
12-22 11:42:49.193  9768  9768 I Cir_Miplay_ActiveSessionRecordStack: onPlaybackStateChange.
12-22 11:42:49.193  8079 11222 V Avrcp_ext: Single connection exists
12-22 11:42:49.193  8079 11222 D HeadsetService:  isAudioOn: The number of audio connected devices 0
12-22 11:42:49.193  8079 11222 D HeadsetService: isScoOrCallActive(): Call Active:falseCall is Ringing:falseSCO is Active:false
12-22 11:42:49.193  8079 11222 D HeadsetService:  isAudioOn: The number of audio connected devices 0
12-22 11:42:49.193  8079 11222 V Avrcp_ext: isPlayStateTobeUpdated: device: null
12-22 11:42:49.193  8079 11222 V Avrcp_ext: Single connection exists
12-22 11:42:49.193  8079 11222 D HeadsetService:  isAudioOn: The number of audio connected devices 0
12-22 11:42:49.193  8079 11222 D HeadsetService: isScoOrCallActive(): Call Active:falseCall is Ringing:falseSCO is Active:false
12-22 11:42:49.193  8079 11222 D HeadsetService:  isAudioOn: The number of audio connected devices 0
12-22 11:42:49.193  8079 11222 V Avrcp_ext: isPlayStateTobeUpdated: device: null
12-22 11:42:49.193  8079 11222 V Avrcp_ext: Single connection exists
12-22 11:42:49.193  8079 11222 I Avrcp_ext: No active device found, update playstate to stack
12-22 11:42:49.193  8079 11222 E BluetoothAvrcpServiceJni: updatePlayStatusToStack
12-22 11:42:49.193  8079 11222 E bt_btif : update_play_status_to_stack:invalid index,remote suspend not set
12-22 11:42:49.193  8079 11222 E BluetoothAvrcpServiceJni: updatePlayStatusToStack: status: 1
12-22 11:42:49.193  8079 11222 D Avrcp_ext: Enter sendPlayPosNotificationRsp
12-22 11:42:49.193  8079 11222 D Avrcp_ext: sendPlayPosNotificationRsp: Not registered or requesting.
12-22 11:42:49.193  8079 11222 D Avrcp_ext: Enter sendPlayPosNotificationRsp
12-22 11:42:49.193  8079 11222 D Avrcp_ext: sendPlayPosNotificationRsp: Not registered or requesting.
12-22 11:42:49.193  8079 11222 D Avrcp_ext: Enter sendPlayPosNotificationRsp
12-22 11:42:49.193  8079 11222 D Avrcp_ext: sendPlayPosNotificationRsp: Not registered or requesting.
12-22 11:42:49.193  8079 11222 D Avrcp_ext: Enter sendPlayPosNotificationRsp
12-22 11:42:49.193  8079 11222 D Avrcp_ext: sendPlayPosNotificationRsp: Not registered or requesting.
12-22 11:42:49.193  8079 11222 D Avrcp_ext: Enter sendPlayPosNotificationRsp
12-22 11:42:49.193  8079 11222 D Avrcp_ext: sendPlayPosNotificationRsp: Not registered or requesting.
12-22 11:42:49.193  8079 11222 V Avrcp_ext: Exit updatePlayerStateAndPosition
12-22 11:42:49.193  8079 11222 V Avrcp_ext:  Exit onPlaybackStateChanged
12-22 11:42:49.196  4496  4496 V MediaTimeout: processState 0|cn.missevan|1500|null|10269: PlaybackState {state=3, position=0, buffered position=22105, speed=1.0, updated=1413419650, actions=2363190, custom actions=[], active item id=-1, error=null}
12-22 11:42:49.196  4496  4496 D MiPlayDetailViewModel: onPlaybackStateChange(): state = 3
12-22 11:42:49.198  9768  9768 I Cir_Miplay_ActiveAudioSessionManager: TopAudioSession play change
12-22 11:42:49.199  9768  9768 I Cir_Miplay_MiPlayAudioService: dispatchPlaybackStateChange:3
12-22 11:42:49.199  9768  9768 I Cir_Miplay_MiPlayAudioService: localPlayStateChange state:3
12-22 11:42:49.199  9768  9768 I Cir_Miplay_MiPlayAudioService: playStateNotify state:3  ,id:,uuid:local_device_id
12-22 11:42:49.199  9768  9768 I Cir_Miplay_MiPlayAudioService: cancleDownTimer.
12-22 11:42:49.201  9768  9768 I MiPlayClientSDK: =======================================================================
12-22 11:42:49.201  9768  9768 I MiPlayClientSDK: onPlayStateChange start
12-22 11:42:49.201  9768  9768 I MiPlayClientSDK: local_device_id, state:3
12-22 11:42:49.201  9768  9768 I MiPlayClientSDK: onPlayStateChange end
12-22 11:42:49.201  9768  9768 I MiPlayClientSDK: =======================================================================
12-22 11:42:49.201  9768  9768 I MiPlayProxyDeviceManager: onPlayStateChange
12-22 11:42:49.201  9768  9768 I MiPlay  : onPlaybackStateChanged,local_device_id, state:pause
12-22 11:42:49.203  1300  2866 I QC2CompStore: Setting heap usage to system
12-22 11:42:49.205 24917 25902 I CCodecBufferChannel: pipelineRoom(3) is <= numClientBuffers(3). Not signalling any more buffers to client
12-22 11:42:49.208 24917 26077 I CCodecBufferChannel: pipelineRoom(2) is <= numClientBuffers(2). Not signalling any more buffers to client
12-22 11:42:49.209  8079 11222 V Avrcp_ext: onMetadataChanged
12-22 11:42:49.210  8079 11222 V Avrcp_ext: updateCurrentMediaState: mMediaController: MediaController (cn.missevan@b22fd2b) 他似晨风起 | 预告, null, null
12-22 11:42:49.210  8079 11222 V Avrcp_ext: updateCurrentMediaState: isPlaying = false
12-22 11:42:49.210  8079 11222 W Avrcp_ext: isMusicActive: false getBluetoothPlayState: 1 A2dp State: 11 mAudioPlaybackIsActive: false
12-22 11:42:49.211  8079 11222 D Avrcp_ext: isMusicActive = false mAudioPlaybackIsActive = false player state = PlaybackState {state=3, position=29, buffered position=22105, speed=1.0, updated=1413419679, actions=2363190, custom actions=[], active item id=-1, error=null}
12-22 11:42:49.211  8079 11222 D Avrcp_ext: overwrite album_artist :if album is blank
12-22 11:42:49.211  8079 11222 V Avrcp_ext: Media update: id -1➡-1? [MediaAttributes: 他⋯告 -  by  (90094 0/0) - ] : [MediaAttributes: 他⋯》 -  by  (0 0/0) - ]
12-22 11:42:49.211  8079 11222 D Avrcp_ext: isPackageNameValid: browsedPackage = cn.missevanisValid = true
12-22 11:42:49.211  8079 11222 V Avrcp_ext: isBrowseSupported for cn.missevan: false
12-22 11:42:49.211  8079 11222 V Avrcp_ext: Send track changed
12-22 11:42:49.211  8079 11222 V Avrcp_ext: updatePlaybackState, state: PlaybackState {state=3, position=29, buffered position=22105, speed=1.0, updated=1413419679, actions=2363190, custom actions=[], active item id=-1, error=null} device: null
12-22 11:42:49.211  8079 11222 V Avrcp_ext: Device: no name:
12-22 11:42:49.211  8079 11222 V Avrcp_ext: Device: no name:
12-22 11:42:49.211  8079 11222 V Avrcp_ext: Device: no name:
12-22 11:42:49.211  8079 11222 V Avrcp_ext: Device: no name:
12-22 11:42:49.211  8079 11222 V Avrcp_ext: Device: no name:
12-22 11:42:49.211  8079 11222 V Avrcp_ext: updatePlayerStateAndPosition, old=PlaybackState {state=3, position=0, buffered position=22105, speed=1.0, updated=1413419660, actions=2363190, custom actions=[], active item id=-1, error=null}, state=PlaybackState {state=3, position=29, buffered position=22105, speed=1.0, updated=1413419679, actions=2363190, custom actions=[], active item id=-1, error=null}
12-22 11:42:49.211  8079 11222 V Avrcp_ext: old state = PlaybackState {state=3, position=0, buffered position=22105, speed=1.0, updated=1413419660, actions=2363190, custom actions=[], active item id=-1, error=null}, new state= PlaybackState {state=3, position=29, buffered position=22105, speed=1.0, updated=1413419679, actions=2363190, custom actions=[], active item id=-1, error=null}
12-22 11:42:49.211  8079 11222 D HeadsetService: getHeadsetService(): returning com.android.bluetooth.hfp.HeadsetService@edaeae5
12-22 11:42:49.212  8079 11222 D HeadsetService:  isAudioOn: The number of audio connected devices 0
12-22 11:42:49.212  8079 11222 D HeadsetService: isScoOrCallActive(): Call Active:falseCall is Ringing:falseSCO is Active:false
12-22 11:42:49.212  8079 11222 D HeadsetService:  isAudioOn: The number of audio connected devices 0
12-22 11:42:49.212  8079 11222 V Avrcp_ext: isPlayStateTobeUpdated: device: null
12-22 11:42:49.212  8079 11222 V Avrcp_ext: Single connection exists
12-22 11:42:49.212  8079 11222 D HeadsetService:  isAudioOn: The number of audio connected devices 0
12-22 11:42:49.212  8079 11222 D HeadsetService: isScoOrCallActive(): Call Active:falseCall is Ringing:falseSCO is Active:false
12-22 11:42:49.212  8079 11222 D HeadsetService:  isAudioOn: The number of audio connected devices 0
12-22 11:42:49.212  8079 11222 V Avrcp_ext: isPlayStateTobeUpdated: device: null
12-22 11:42:49.212  8079 11222 V Avrcp_ext: Single connection exists
12-22 11:42:49.212  8079 11222 D HeadsetService:  isAudioOn: The number of audio connected devices 0
12-22 11:42:49.212  8079 11222 D HeadsetService: isScoOrCallActive(): Call Active:falseCall is Ringing:falseSCO is Active:false
12-22 11:42:49.212  8079 11222 D HeadsetService:  isAudioOn: The number of audio connected devices 0
12-22 11:42:49.212  8079 11222 V Avrcp_ext: isPlayStateTobeUpdated: device: null
12-22 11:42:49.212  8079 11222 V Avrcp_ext: Single connection exists
12-22 11:42:49.212  8079 11222 D HeadsetService:  isAudioOn: The number of audio connected devices 0
12-22 11:42:49.212  8079 11222 D HeadsetService: isScoOrCallActive(): Call Active:falseCall is Ringing:falseSCO is Active:false
12-22 11:42:49.212  8079 11222 D HeadsetService:  isAudioOn: The number of audio connected devices 0
12-22 11:42:49.212  8079 11222 V Avrcp_ext: isPlayStateTobeUpdated: device: null
12-22 11:42:49.212  8079 11222 V Avrcp_ext: Single connection exists
12-22 11:42:49.212  8079 11222 D HeadsetService:  isAudioOn: The number of audio connected devices 0
12-22 11:42:49.212  8079 11222 D HeadsetService: isScoOrCallActive(): Call Active:falseCall is Ringing:falseSCO is Active:false
12-22 11:42:49.212  8079 11222 D HeadsetService:  isAudioOn: The number of audio connected devices 0
12-22 11:42:49.212  8079 11222 V Avrcp_ext: isPlayStateTobeUpdated: device: null
12-22 11:42:49.212  8079 11222 V Avrcp_ext: Single connection exists
12-22 11:42:49.212  8079 11222 D Avrcp_ext: Enter sendPlayPosNotificationRsp
12-22 11:42:49.212  8079 11222 D Avrcp_ext: sendPlayPosNotificationRsp: Not registered or requesting.
12-22 11:42:49.212  8079 11222 D Avrcp_ext: Enter sendPlayPosNotificationRsp
12-22 11:42:49.212  8079 11222 D Avrcp_ext: sendPlayPosNotificationRsp: Not registered or requesting.
12-22 11:42:49.212  8079 11222 D Avrcp_ext: Enter sendPlayPosNotificationRsp
12-22 11:42:49.212  8079 11222 D Avrcp_ext: sendPlayPosNotificationRsp: Not registered or requesting.
12-22 11:42:49.212  8079 11222 D Avrcp_ext: Enter sendPlayPosNotificationRsp
12-22 11:42:49.212  8079 11222 D Avrcp_ext: sendPlayPosNotificationRsp: Not registered or requesting.
12-22 11:42:49.212  8079 11222 D Avrcp_ext: Enter sendPlayPosNotificationRsp
12-22 11:42:49.212  8079 11222 D Avrcp_ext: sendPlayPosNotificationRsp: Not registered or requesting.
12-22 11:42:49.212  8079 11222 V Avrcp_ext: Exit updatePlayerStateAndPosition
12-22 11:42:49.212  8079 11222 V Avrcp_ext: AvrcpMessageHandler: received message=29
12-22 11:42:49.212  2475  5716 I MediaFocusControl: requestAudioFocus() from uid/pid 10269/24917 AA=USAGE_MEDIA/CONTENT_TYPE_MUSIC clientId=android.media.AudioManager@bbc619ecn.missevan.lib.utils.AudioUtils@327e47f callingPack=cn.missevan req=1 flags=0x1 sdk=28
12-22 11:42:49.213  2475  5716 I AudioService.FadeOutManager: unfadeOutUid() uid:10269
12-22 11:42:49.213  9768  9768 I MiPlayProxyDeviceManager: onTopActiveSessionChange, cn.missevan
12-22 11:42:49.213  9768  9768 I SafeBinderCall: onTopActiveSessionChange binder cost:0
12-22 11:42:49.214  9768  9768 I SafeBinderCall: onMediaMetaChange binder cost:1
12-22 11:42:49.215  9768  9889 I SafeBinderCall: onActiveAudioSessionChange binder cost:1
12-22 11:42:49.215  9768  9768 I MiPlayProxyDeviceManager: onTopActiveSessionChange, cn.missevan
12-22 11:42:49.218  9768  9889 I SafeBinderCall: onActiveAudioSessionChange binder cost:0
12-22 11:42:49.219  9768  9768 I SafeBinderCall: onTopActiveSessionChange binder cost:3
12-22 11:42:49.224  1411  2176 D APM_AudioPolicyManager: selectOutput flags 8
12-22 11:42:49.225  1411 22240 D APM_AudioPolicyManager: selectOutput flags 8
12-22 11:42:49.226  1411  1411 D APM_AudioPolicyManager: selectOutput flags 8
12-22 11:42:49.226  9768 26090 I SafeBinderCall: onPositionChange binder cost:1
12-22 11:42:49.227  9768  9768 I SafeBinderCall: onMediaMetaChange binder cost:8
12-22 11:42:49.227 24917 25131 D AudioTrack: set(sessionId=7337)
12-22 11:42:49.227 24917 25131 D AudioTrack: set(): streamType -1, sampleRate 44100, format 0x1, channelMask 0x3, frameCount 14144, flags #0, notificationFrames 0, sessionId 7337, transferType 3, uid 10269(cn.missevan), pid 24917
12-22 11:42:49.233  8079 11222 V Avrcp_ext: updateCurrentMediaState: mMediaController: MediaController (cn.missevan@b22fd2b) 他似晨风起 | 预告, null, null
12-22 11:42:49.233  8079 11222 V Avrcp_ext: updateCurrentMediaState: isPlaying = false
12-22 11:42:49.233  8079 11222 W Avrcp_ext: isMusicActive: false getBluetoothPlayState: 1 A2dp State: 11 mAudioPlaybackIsActive: false
12-22 11:42:49.233  2475  6403 I WindowManagerService: Physical orientation applied, rotation=0 sfOrientation=ORIENTATION_0
12-22 11:42:49.238  1411  1411 D MediaImpl: setPlaybackCaptureAllowed: playbackCaptureAllowed 0
12-22 11:42:49.238  2475  5745 E NotificationVibratorHelper: Error creating vibration waveform with pattern: [0]
12-22 11:42:49.239  1411  1411 D APM_AudioPolicyManager: getOutputForAttrInt()+ attributes={ Content type: AUDIO_CONTENT_TYPE_MUSIC Usage: AUDIO_USAGE_MEDIA Source: AUDIO_SOURCE_INVALID Flags: 0xe00 Tags:  } stream=AUDIO_STREAM_MUSIC session 7337 output 0 selectedDeviceId 0 device AUDIO_DEVICE_NONE sampling rate 44100 format 0x1channel mask 0x3 flags 0x8 stream AUDIO_STREAM_MUSIC uid 10269
12-22 11:42:49.239  1411  1411 D APM_AudioPolicyManager: getOutputForAttrInt() device {type:0x2,@:}, sampling rate 44100, format 0x1, channel mask 0x3, flags 0x8 stream AUDIO_STREAM_MUSIC
12-22 11:42:49.243  8079 11222 D Avrcp_ext: isMusicActive = false mAudioPlaybackIsActive = false player state = PlaybackState {state=3, position=13, buffered position=35619, speed=1.0, updated=1413419702, actions=2363190, custom actions=[], active item id=-1, error=null}
12-22 11:42:49.243  8079 11222 D Avrcp_ext: overwrite album_artist :if album is blank
12-22 11:42:49.245  8079 11222 V Avrcp_ext: Media update: id -1➡-1? [MediaAttributes: 他⋯告 -  by  (90094 0/0) - ] : [MediaAttributes: 他⋯告 -  by  (90094 0/0) - ]
12-22 11:42:49.245  8079 11222 D Avrcp_ext: isPackageNameValid: browsedPackage = cn.missevanisValid = true
12-22 11:42:49.245  8079 11222 V Avrcp_ext: isBrowseSupported for cn.missevan: false
12-22 11:42:49.245  8079 11222 V Avrcp_ext: updatePlaybackState, state: PlaybackState {state=3, position=13, buffered position=35619, speed=1.0, updated=1413419702, actions=2363190, custom actions=[], active item id=-1, error=null} device: null
12-22 11:42:49.245  8079 11222 V Avrcp_ext: Device: no name:
12-22 11:42:49.245  8079 11222 V Avrcp_ext: Device: no name:
12-22 11:42:49.245  8079 11222 V Avrcp_ext: Device: no name:
12-22 11:42:49.245  8079 11222 V Avrcp_ext: Device: no name:
12-22 11:42:49.245  8079 11222 V Avrcp_ext: Device: no name:
12-22 11:42:49.245  8079 11222 V Avrcp_ext: updatePlayerStateAndPosition, old=PlaybackState {state=3, position=29, buffered position=22105, speed=1.0, updated=1413419679, actions=2363190, custom actions=[], active item id=-1, error=null}, state=PlaybackState {state=3, position=13, buffered position=35619, speed=1.0, updated=1413419702, actions=2363190, custom actions=[], active item id=-1, error=null}
12-22 11:42:49.245  8079 11222 V Avrcp_ext: old state = PlaybackState {state=3, position=29, buffered position=22105, speed=1.0, updated=1413419679, actions=2363190, custom actions=[], active item id=-1, error=null}, new state= PlaybackState {state=3, position=13, buffered position=35619, speed=1.0, updated=1413419702, actions=2363190, custom actions=[], active item id=-1, error=null}
12-22 11:42:49.245  8079 11222 D HeadsetService: getHeadsetService(): returning com.android.bluetooth.hfp.HeadsetService@edaeae5
12-22 11:42:49.245  8079 11222 D HeadsetService:  isAudioOn: The number of audio connected devices 0
12-22 11:42:49.245  8079 11222 D HeadsetService: isScoOrCallActive(): Call Active:falseCall is Ringing:falseSCO is Active:false
12-22 11:42:49.245  8079 11222 D HeadsetService:  isAudioOn: The number of audio connected devices 0
12-22 11:42:49.245  8079 11222 V Avrcp_ext: isPlayStateTobeUpdated: device: null
12-22 11:42:49.245  8079 11222 V Avrcp_ext: Single connection exists
12-22 11:42:49.245  8079 11222 D HeadsetService:  isAudioOn: The number of audio connected devices 0
12-22 11:42:49.245  8079 11222 D HeadsetService: isScoOrCallActive(): Call Active:falseCall is Ringing:falseSCO is Active:false
12-22 11:42:49.245  8079 11222 D HeadsetService:  isAudioOn: The number of audio connected devices 0
12-22 11:42:49.245  8079 11222 V Avrcp_ext: isPlayStateTobeUpdated: device: null
12-22 11:42:49.245  8079 11222 V Avrcp_ext: Single connection exists
12-22 11:42:49.245  8079 11222 D HeadsetService:  isAudioOn: The number of audio connected devices 0
12-22 11:42:49.245  8079 11222 D HeadsetService: isScoOrCallActive(): Call Active:falseCall is Ringing:falseSCO is Active:false
12-22 11:42:49.245  8079 11222 D HeadsetService:  isAudioOn: The number of audio connected devices 0
12-22 11:42:49.245  8079 11222 V Avrcp_ext: isPlayStateTobeUpdated: device: null
12-22 11:42:49.245  8079 11222 V Avrcp_ext: Single connection exists
12-22 11:42:49.245  8079 11222 D HeadsetService:  isAudioOn: The number of audio connected devices 0
12-22 11:42:49.245  8079 11222 D HeadsetService: isScoOrCallActive(): Call Active:falseCall is Ringing:falseSCO is Active:false
12-22 11:42:49.245  8079 11222 D HeadsetService:  isAudioOn: The number of audio connected devices 0
12-22 11:42:49.245  8079 11222 V Avrcp_ext: isPlayStateTobeUpdated: device: null
12-22 11:42:49.245  8079 11222 V Avrcp_ext: Single connection exists
12-22 11:42:49.245  8079 11222 D HeadsetService:  isAudioOn: The number of audio connected devices 0
12-22 11:42:49.245  8079 11222 D HeadsetService: isScoOrCallActive(): Call Active:falseCall is Ringing:falseSCO is Active:false
12-22 11:42:49.245  8079 11222 D HeadsetService:  isAudioOn: The number of audio connected devices 0
12-22 11:42:49.245  8079 11222 V Avrcp_ext: isPlayStateTobeUpdated: device: null
12-22 11:42:49.245  8079 11222 V Avrcp_ext: Single connection exists
12-22 11:42:49.245  8079 11222 D Avrcp_ext: Enter sendPlayPosNotificationRsp
12-22 11:42:49.245  8079 11222 D Avrcp_ext: sendPlayPosNotificationRsp: Not registered or requesting.
12-22 11:42:49.245  8079 11222 D Avrcp_ext: Enter sendPlayPosNotificationRsp
12-22 11:42:49.245  8079 11222 D Avrcp_ext: sendPlayPosNotificationRsp: Not registered or requesting.
12-22 11:42:49.245  8079 11222 D Avrcp_ext: Enter sendPlayPosNotificationRsp
12-22 11:42:49.245  8079 11222 D Avrcp_ext: sendPlayPosNotificationRsp: Not registered or requesting.
12-22 11:42:49.245  8079 11222 D Avrcp_ext: Enter sendPlayPosNotificationRsp
12-22 11:42:49.245  8079 11222 D Avrcp_ext: sendPlayPosNotificationRsp: Not registered or requesting.
12-22 11:42:49.245  8079 11222 D Avrcp_ext: Enter sendPlayPosNotificationRsp
12-22 11:42:49.245  8079 11222 D Avrcp_ext: sendPlayPosNotificationRsp: Not registered or requesting.
12-22 11:42:49.245  8079 11222 V Avrcp_ext: Exit updatePlayerStateAndPosition
12-22 11:42:49.245  8079 11222 V Avrcp_ext: Exit handleMessage
12-22 11:42:49.245  8079 11222 V Avrcp_ext: onMetadataChanged
12-22 11:42:49.250 20304 20444 D IdProviderImpl: getOAID from com.miui.analytics
12-22 11:42:49.259  9768  9768 I Cir_Miplay_ActiveAudioSessionManager: dispatchTopActiveSessionChangeCallbackLocked, size:1
12-22 11:42:49.260  9768  9768 I Cir_Miplay_MiPlayAudioService: onTopActiveSessionChange, cn.missevan
12-22 11:42:49.260  9768  9768 I Cir_Miplay_MiPlayAudioService: topActiveSessionChange appId:cn.missevan
12-22 11:42:49.260  9768  9768 I Cir_Miplay_MiPlayAudioStatUtils: recordPackageName:cn.missevan
12-22 11:42:49.260  9768  9768 I Cir_Miplay_MiPlayAudioStatUtils: packageNameEquals.
12-22 11:42:49.260  9768  9768 I Cir_Miplay_ActiveSessionRecord: dispatch meta change, MediaMetaData{mArtist='null', mAlbum='null', mTitle='他似晨风起 | 预告', mArt=null, mDuration=0, mLrc='null'}
12-22 11:42:49.260  9768  9768 I Cir_Miplay_MiPlayAudioService: dispatchMetaChange:cn.missevan  ActiveSsionPackageName:cn.missevan
12-22 11:42:49.261  9768  9768 I Cir_Miplay_ActiveAudioSessionManager: dispatchTopActiveSessionChangeCallbackLocked, size:1
12-22 11:42:49.261  9768  9768 I Cir_Miplay_MiPlayAudioService: onTopActiveSessionChange, cn.missevan
12-22 11:42:49.261  9768  9768 I Cir_Miplay_MiPlayAudioService: topActiveSessionChange appId:cn.missevan
12-22 11:42:49.261  9768  9768 I Cir_Miplay_MiPlayAudioStatUtils: recordPackageName:cn.missevan
12-22 11:42:49.261  9768  9768 I Cir_Miplay_MiPlayAudioStatUtils: packageNameEquals.
12-22 11:42:49.261  9768  9768 I Cir_Miplay_ActiveSessionRecord: dispatch meta change, MediaMetaData{mArtist='null', mAlbum='null', mTitle='他似晨风起 | 预告', mArt=null, mDuration=90094, mLrc='null'}
12-22 11:42:49.261  9768  9768 I Cir_Miplay_MiPlayAudioService: dispatchMetaChange:cn.missevan  ActiveSsionPackageName:cn.missevan
12-22 11:42:49.261  9768  9768 I ActiveSessionRecord: onPlaybackStateChanged: PlaybackState {state=3, position=0, buffered position=35619, speed=1.0, updated=1413419689, actions=2363190, custom actions=[], active item id=-1, error=null}
12-22 11:42:49.261  9768  9768 I ActiveAudioSessionManager: startPositionCallbackTask
12-22 11:42:49.262  9768  9768 I SafeBinderCall: onPlaybackStateChange binder cost:0
12-22 11:42:49.262  9768  9768 I Cir_Miplay_ActiveSessionRecord: onPlaybackStateChanged:3
12-22 11:42:49.262  9768  9768 I Cir_Miplay_ActiveSessionRecordStack: onPlaybackStateChange.
12-22 11:42:49.262  4496  4496 D MiPlayDetailViewModel: onMediaMetaChange(): metaData.title = 他似晨风起 | 预告
12-22 11:42:49.263  4496  4496 D MiPlayDetailViewModel: onActiveAudioSessionChange(): audioSessionList?.size = 1
12-22 11:42:49.263  2475  2691 E NotificationVibratorHelper: Error creating vibration waveform with pattern: [0]
12-22 11:42:49.264 20304 20444 D IdProviderImpl: getOAID from com.miui.analytics
12-22 11:42:49.264  1191  2217 D AHAL: FM: fm_get_parameters: 232: enter
12-22 11:42:49.264  1191  2217 D AHAL: FM: fm_get_parameters: 239: exit
12-22 11:42:49.264  1191  2217 D AHAL: Loopback_karaoke: karaoke_get_parameters: Enter
12-22 11:42:49.264  1191  2217 D AHAL: Loopback_karaoke: karaoke_get_parameters: Exit
12-22 11:42:49.265  1191  2217 D AHAL: FM: fm_get_parameters: 232: enter
12-22 11:42:49.265  1191  2217 D AHAL: FM: fm_get_parameters: 239: exit
12-22 11:42:49.265  1191  2217 D AHAL: Loopback_karaoke: karaoke_get_parameters: Enter
12-22 11:42:49.265  1191  2217 D AHAL: Loopback_karaoke: karaoke_get_parameters: Exit
12-22 11:42:49.267  1411  1411 D APM_AudioPolicyManager: selectOutput flags 8
12-22 11:42:49.267  1411  1411 V AudioPolicyManagerCustom: getOutputForDevice() returns output 37
12-22 11:42:49.267  1411  1411 D APM_AudioPolicyManager: getOutputForAttrInt()- attributes={ Content type: AUDIO_CONTENT_TYPE_MUSIC Usage: AUDIO_USAGE_MEDIA Source: AUDIO_SOURCE_INVALID Flags: 0xe00 Tags:  } stream=AUDIO_STREAM_MUSIC session 7337 output 37 selectedDeviceId 0 device {type:0x2,@:} sampling rate 44100 format 0x1channel mask 0x3 flags 0x8 stream AUDIO_STREAM_MUSIC uid 10269
12-22 11:42:49.267  1411  1411 D APM_AudioPolicyManager: getOutputForAttr() returns output 37 requestedPortId 0 selectedDeviceId 3 for port ID 939
12-22 11:42:49.268  8079 11222 V Avrcp_ext: updateCurrentMediaState: mMediaController: MediaController (cn.missevan@b22fd2b) 他似晨风起 | 预告, null, null
12-22 11:42:49.268  8079 11222 V Avrcp_ext: updateCurrentMediaState: isPlaying = false
12-22 11:42:49.268  8079 11222 W Avrcp_ext: isMusicActive: false getBluetoothPlayState: 1 A2dp State: 11 mAudioPlaybackIsActive: false
12-22 11:42:49.268  8079 11222 D Avrcp_ext: isMusicActive = false mAudioPlaybackIsActive = false player state = PlaybackState {state=3, position=48, buffered position=35619, speed=1.0, updated=1413419737, actions=2363190, custom actions=[], active item id=-1, error=null}
12-22 11:42:49.268  8079 11222 D Avrcp_ext: overwrite album_artist :if album is blank
12-22 11:42:49.269  8079 11222 V Avrcp_ext: Media update: id -1➡-1? [MediaAttributes: 他⋯告 -  by  (90094 0/0) - ] : [MediaAttributes: 他⋯告 -  by  (90094 0/0) - ]
12-22 11:42:49.269  8079 11222 D Avrcp_ext: isPackageNameValid: browsedPackage = cn.missevanisValid = true
12-22 11:42:49.269  8079 11222 V Avrcp_ext: isBrowseSupported for cn.missevan: false
12-22 11:42:49.269  8079 11222 V Avrcp_ext: updatePlaybackState, state: PlaybackState {state=3, position=48, buffered position=35619, speed=1.0, updated=1413419737, actions=2363190, custom actions=[], active item id=-1, error=null} device: null
12-22 11:42:49.269  8079 11222 V Avrcp_ext: Device: no name:
12-22 11:42:49.269  8079 11222 V Avrcp_ext: Device: no name:
12-22 11:42:49.269  8079 11222 V Avrcp_ext: Device: no name:
12-22 11:42:49.269  8079 11222 V Avrcp_ext: Device: no name:
12-22 11:42:49.269  8079 11222 V Avrcp_ext: Device: no name:
12-22 11:42:49.269  8079 11222 V Avrcp_ext: updatePlayerStateAndPosition, old=PlaybackState {state=3, position=13, buffered position=35619, speed=1.0, updated=1413419702, actions=2363190, custom actions=[], active item id=-1, error=null}, state=PlaybackState {state=3, position=48, buffered position=35619, speed=1.0, updated=1413419737, actions=2363190, custom actions=[], active item id=-1, error=null}
12-22 11:42:49.269  8079 11222 V Avrcp_ext: old state = PlaybackState {state=3, position=13, buffered position=35619, speed=1.0, updated=1413419702, actions=2363190, custom actions=[], active item id=-1, error=null}, new state= PlaybackState {state=3, position=48, buffered position=35619, speed=1.0, updated=1413419737, actions=2363190, custom actions=[], active item id=-1, error=null}
12-22 11:42:49.269  8079 11222 D HeadsetService: getHeadsetService(): returning com.android.bluetooth.hfp.HeadsetService@edaeae5
12-22 11:42:49.269  8079 11222 D HeadsetService:  isAudioOn: The number of audio connected devices 0
12-22 11:42:49.269  8079 11222 D HeadsetService: isScoOrCallActive(): Call Active:falseCall is Ringing:falseSCO is Active:false
12-22 11:42:49.269  8079 11222 D HeadsetService:  isAudioOn: The number of audio connected devices 0
12-22 11:42:49.269  8079 11222 V Avrcp_ext: isPlayStateTobeUpdated: device: null
12-22 11:42:49.269  8079 11222 V Avrcp_ext: Single connection exists
12-22 11:42:49.269  8079 11222 D HeadsetService:  isAudioOn: The number of audio connected devices 0
12-22 11:42:49.269  8079 11222 D HeadsetService: isScoOrCallActive(): Call Active:falseCall is Ringing:falseSCO is Active:false
12-22 11:42:49.269  8079 11222 D HeadsetService:  isAudioOn: The number of audio connected devices 0
12-22 11:42:49.269  8079 11222 V Avrcp_ext: isPlayStateTobeUpdated: device: null
12-22 11:42:49.269  8079 11222 V Avrcp_ext: Single connection exists
12-22 11:42:49.269  8079 11222 D HeadsetService:  isAudioOn: The number of audio connected devices 0
12-22 11:42:49.269  8079 11222 D HeadsetService: isScoOrCallActive(): Call Active:falseCall is Ringing:falseSCO is Active:false
12-22 11:42:49.269  8079 11222 D HeadsetService:  isAudioOn: The number of audio connected devices 0
12-22 11:42:49.269  8079 11222 V Avrcp_ext: isPlayStateTobeUpdated: device: null
12-22 11:42:49.269  8079 11222 V Avrcp_ext: Single connection exists
12-22 11:42:49.269  8079 11222 D HeadsetService:  isAudioOn: The number of audio connected devices 0
12-22 11:42:49.269  8079 11222 D HeadsetService: isScoOrCallActive(): Call Active:falseCall is Ringing:falseSCO is Active:false
12-22 11:42:49.269  8079 11222 D HeadsetService:  isAudioOn: The number of audio connected devices 0
12-22 11:42:49.269  8079 11222 V Avrcp_ext: isPlayStateTobeUpdated: device: null
12-22 11:42:49.269  8079 11222 V Avrcp_ext: Single connection exists
12-22 11:42:49.269  8079 11222 D HeadsetService:  isAudioOn: The number of audio connected devices 0
12-22 11:42:49.269  8079 11222 D HeadsetService: isScoOrCallActive(): Call Active:falseCall is Ringing:falseSCO is Active:false
12-22 11:42:49.269  8079 11222 D HeadsetService:  isAudioOn: The number of audio connected devices 0
12-22 11:42:49.269  8079 11222 V Avrcp_ext: isPlayStateTobeUpdated: device: null
12-22 11:42:49.269  8079 11222 V Avrcp_ext: Single connection exists
12-22 11:42:49.269  8079 11222 D Avrcp_ext: Enter sendPlayPosNotificationRsp
12-22 11:42:49.269  8079 11222 D Avrcp_ext: sendPlayPosNotificationRsp: Not registered or requesting.
12-22 11:42:49.269  8079 11222 D Avrcp_ext: Enter sendPlayPosNotificationRsp
12-22 11:42:49.269  8079 11222 D Avrcp_ext: sendPlayPosNotificationRsp: Not registered or requesting.
12-22 11:42:49.269  8079 11222 D Avrcp_ext: Enter sendPlayPosNotificationRsp
12-22 11:42:49.269  8079 11222 D Avrcp_ext: sendPlayPosNotificationRsp: Not registered or requesting.
12-22 11:42:49.269  8079 11222 D Avrcp_ext: Enter sendPlayPosNotificationRsp
12-22 11:42:49.269  8079 11222 D Avrcp_ext: sendPlayPosNotificationRsp: Not registered or requesting.
12-22 11:42:49.269  8079 11222 D Avrcp_ext: Enter sendPlayPosNotificationRsp
12-22 11:42:49.269  8079 11222 D Avrcp_ext: sendPlayPosNotificationRsp: Not registered or requesting.
12-22 11:42:49.269  8079 11222 V Avrcp_ext: Exit updatePlayerStateAndPosition
12-22 11:42:49.269  8079 11222 V Avrcp_ext: onPlaybackStateChanged: state PlaybackState {state=3, position=0, buffered position=35619, speed=1.0, updated=1413419689, actions=2363190, custom actions=[], active item id=-1, error=null}
12-22 11:42:49.271  2475  2488 I WindowManagerService: Physical orientation applied, rotation=0 sfOrientation=ORIENTATION_0
12-22 11:42:49.272  8079 11222 V Avrcp_ext: updateCurrentMediaState: mMediaController: MediaController (cn.missevan@b22fd2b) 他似晨风起 | 预告, null, null
12-22 11:42:49.272  8079 11222 V Avrcp_ext: updateCurrentMediaState: isPlaying = false
12-22 11:42:49.272  8079 11222 W Avrcp_ext: isMusicActive: false getBluetoothPlayState: 1 A2dp State: 11 mAudioPlaybackIsActive: false
12-22 11:42:49.272 20304 20444 D IdProviderImpl: getOAID from com.miui.analytics
12-22 11:42:49.274  8079 11222 D Avrcp_ext: isMusicActive = false mAudioPlaybackIsActive = false player state = PlaybackState {state=3, position=52, buffered position=35619, speed=1.0, updated=1413419741, actions=2363190, custom actions=[], active item id=-1, error=null}
12-22 11:42:49.274  1411  1411 I AudioFlinger: create audiotrack for cn.missevan  uid 10269
12-22 11:42:49.274  1411  1411 D AudioFlinger: Client defaulted notificationFrames to 7072 for frameCount 14144
12-22 11:42:49.274  8079 11222 D Avrcp_ext: overwrite album_artist :if album is blank
12-22 11:42:49.275  8079 11222 V Avrcp_ext: Media update: id -1➡-1? [MediaAttributes: 他⋯告 -  by  (90094 0/0) - ] : [MediaAttributes: 他⋯告 -  by  (90094 0/0) - ]
12-22 11:42:49.276  1411  1411 D AF::TrackHandle: OpPlayAudio: track:811 usage:1 not muted
12-22 11:42:49.283  8079 11222 D Avrcp_ext: isPackageNameValid: browsedPackage = cn.missevanisValid = true
12-22 11:42:49.283  8079 11222 V Avrcp_ext: isBrowseSupported for cn.missevan: false
12-22 11:42:49.283  8079 11222 V Avrcp_ext: updatePlaybackState, state: PlaybackState {state=3, position=52, buffered position=35619, speed=1.0, updated=1413419741, actions=2363190, custom actions=[], active item id=-1, error=null} device: null
12-22 11:42:49.283  8079 11222 V Avrcp_ext: Device: no name:
12-22 11:42:49.283  8079 11222 V Avrcp_ext: Device: no name:
12-22 11:42:49.283  8079 11222 V Avrcp_ext: Device: no name:
12-22 11:42:49.283  8079 11222 V Avrcp_ext: Device: no name:
12-22 11:42:49.283  8079 11222 V Avrcp_ext: Device: no name:
12-22 11:42:49.283  8079 11222 V Avrcp_ext: updatePlayerStateAndPosition, old=PlaybackState {state=3, position=48, buffered position=35619, speed=1.0, updated=1413419737, actions=2363190, custom actions=[], active item id=-1, error=null}, state=PlaybackState {state=3, position=52, buffered position=35619, speed=1.0, updated=1413419741, actions=2363190, custom actions=[], active item id=-1, error=null}
12-22 11:42:49.283  8079 11222 V Avrcp_ext: old state = PlaybackState {state=3, position=48, buffered position=35619, speed=1.0, updated=1413419737, actions=2363190, custom actions=[], active item id=-1, error=null}, new state= PlaybackState {state=3, position=52, buffered position=35619, speed=1.0, updated=1413419741, actions=2363190, custom actions=[], active item id=-1, error=null}
12-22 11:42:49.283  8079 11222 D HeadsetService: getHeadsetService(): returning com.android.bluetooth.hfp.HeadsetService@edaeae5
12-22 11:42:49.283  8079 11222 D HeadsetService:  isAudioOn: The number of audio connected devices 0
12-22 11:42:49.283  8079 11222 D HeadsetService: isScoOrCallActive(): Call Active:falseCall is Ringing:falseSCO is Active:false
12-22 11:42:49.283  8079 11222 D HeadsetService:  isAudioOn: The number of audio connected devices 0
12-22 11:42:49.284  1411  1411 I AudioFlinger: create audiotrack for cn.missevan  uid 10269
12-22 11:42:49.284  1411  1411 I AF::Track: isInWhiteList curPkgName cn.missevan  uid 10269
12-22 11:42:49.284  1411  1411 D AF::Track: Track(811): usage = 1 mbIsAttrNeedFade = 0
12-22 11:42:49.284  1411  1411 D AudioFlinger: before exit flags=0x8
12-22 11:42:49.284  1411  1411 D AudioFlinger: [APM] reScheduleCpu()  audioCpuSet = 0xf8
12-22 11:42:49.285  1191  2217 D AHAL: AudioStream: astream_out_get_parameters: 839: enter
12-22 11:42:49.285  1191  2217 D AHAL: AudioStream: astream_out_get_parameters: 861: keys: is_direct_pcm_track
12-22 11:42:49.285  1191  2217 D AHAL: AudioStream: astream_out_get_parameters: 898: exit: returns - is_direct_pcm_track=false
12-22 11:42:49.286  9768 12089 I Cir_Miplay_MiPlayAudioService: dispatchMetaChange:MediaMetaData{mArtist='null', mAlbum='null', mTitle='他似晨风起 | 预告', mArt=null, mDuration=0, mLrc='null'}
12-22 11:42:49.287  9768 12089 I Cir_Miplay_MetaInfoManager: setMetadata.
12-22 11:42:49.291  9768 12089 I Cir_Miplay_MiPlayAudioService: dispatchMetaChange:MediaMetaData{mArtist='null', mAlbum='null', mTitle='他似晨风起 | 预告', mArt=null, mDuration=90094, mLrc='null'}
12-22 11:42:49.291  9768 12089 I Cir_Miplay_MetaInfoManager: setMetadata.
12-22 11:42:49.292  2475  4722 I WindowManagerService: Physical orientation applied, rotation=0 sfOrientation=ORIENTATION_0
12-22 11:42:49.298 24917 25131 D AudioTrack: isWhiteListPackage() Uid 10269, package name cn.missevan
12-22 11:42:49.298 24917 25131 D AudioTrack: [APM]-AT reScheduleCpu() cpuSet=248 tid=26091
12-22 11:42:49.299 24917 25131 E libprocessgroup: set_timerslack_ns write failed: Operation not permitted
12-22 11:42:49.302 24917 25131 I AudioTrack: AudioTrack::setVolume L:1.000000 R:1.000000 and the pakage is cn.missevan
12-22 11:42:49.302  1411  2246 D AudioFlinger: PlaybackThread::ioConfigChanged, thread 0xb40000730b386740, event 0
12-22 11:42:49.302  1411  2267 D AudioFlinger: PlaybackThread::ioConfigChanged, thread 0xb40000725b79d180, event 0
12-22 11:42:49.302  1411  2273 D AudioFlinger: PlaybackThread::ioConfigChanged, thread 0xb40000725b83ffc0, event 0
12-22 11:42:49.302  1411  2278 D AudioFlinger: PlaybackThread::ioConfigChanged, thread 0xb40000725b931b80, event 0
12-22 11:42:49.303  1411  2289 D AudioFlinger: PlaybackThread::ioConfigChanged, thread 0xb400007255fa7480, event 0
12-22 11:42:49.303  1411  2293 D AudioFlinger: PlaybackThread::ioConfigChanged, thread 0xb400007255ff8d00, event 0
12-22 11:42:49.305 24917 25131 D AudioTrack: start(939): prior state:STATE_STOPPED
12-22 11:42:49.305  2475  3673 D AudioServiceStubImpl: disableBTSpatialAudio enter listAudioPorts
12-22 11:42:49.306  2475  3673 D AudioServiceStubImpl: disableBTSpatialAudio listAudioPorts return 0
12-22 11:42:49.307  1411 22240 D AF::Track: setFadeType isFadeNeeded = 0 type = 1 mFadeType = 0
12-22 11:42:49.308  2475  5745 E NotificationVibratorHelper: Error creating vibration waveform with pattern: [0]
12-22 11:42:49.308  8079 11222 V Avrcp_ext: isPlayStateTobeUpdated: device: null
12-22 11:42:49.308  8079 11222 V Avrcp_ext: Single connection exists
12-22 11:42:49.308  8079 11222 D HeadsetService:  isAudioOn: The number of audio connected devices 0
12-22 11:42:49.308  8079 11222 D HeadsetService: isScoOrCallActive(): Call Active:falseCall is Ringing:falseSCO is Active:false
12-22 11:42:49.308  8079 11222 D HeadsetService:  isAudioOn: The number of audio connected devices 0
12-22 11:42:49.308  8079 11222 V Avrcp_ext: isPlayStateTobeUpdated: device: null
12-22 11:42:49.308  8079 11222 V Avrcp_ext: Single connection exists
12-22 11:42:49.308  8079 11222 D HeadsetService:  isAudioOn: The number of audio connected devices 0
12-22 11:42:49.308  8079 11222 D HeadsetService: isScoOrCallActive(): Call Active:falseCall is Ringing:falseSCO is Active:false
12-22 11:42:49.308  8079 11222 D HeadsetService:  isAudioOn: The number of audio connected devices 0
12-22 11:42:49.308  8079 11222 V Avrcp_ext: isPlayStateTobeUpdated: device: null
12-22 11:42:49.308  8079 11222 V Avrcp_ext: Single connection exists
12-22 11:42:49.308  8079 11222 D HeadsetService:  isAudioOn: The number of audio connected devices 0
12-22 11:42:49.308  8079 11222 D HeadsetService: isScoOrCallActive(): Call Active:falseCall is Ringing:falseSCO is Active:false
12-22 11:42:49.308  8079 11222 D HeadsetService:  isAudioOn: The number of audio connected devices 0
12-22 11:42:49.308  8079 11222 V Avrcp_ext: isPlayStateTobeUpdated: device: null
12-22 11:42:49.308  8079 11222 V Avrcp_ext: Single connection exists
12-22 11:42:49.308  8079 11222 D HeadsetService:  isAudioOn: The number of audio connected devices 0
12-22 11:42:49.308  8079 11222 D HeadsetService: isScoOrCallActive(): Call Active:falseCall is Ringing:falseSCO is Active:false
12-22 11:42:49.308  8079 11222 D HeadsetService:  isAudioOn: The number of audio connected devices 0
12-22 11:42:49.308  8079 11222 V Avrcp_ext: isPlayStateTobeUpdated: device: null
12-22 11:42:49.308  8079 11222 V Avrcp_ext: Single connection exists
12-22 11:42:49.308  8079 11222 D Avrcp_ext: Enter sendPlayPosNotificationRsp
12-22 11:42:49.308  8079 11222 D Avrcp_ext: sendPlayPosNotificationRsp: Not registered or requesting.
12-22 11:42:49.308  8079 11222 D Avrcp_ext: Enter sendPlayPosNotificationRsp
12-22 11:42:49.308  8079 11222 D Avrcp_ext: sendPlayPosNotificationRsp: Not registered or requesting.
12-22 11:42:49.308  8079 11222 D Avrcp_ext: Enter sendPlayPosNotificationRsp
12-22 11:42:49.308  8079 11222 D Avrcp_ext: sendPlayPosNotificationRsp: Not registered or requesting.
12-22 11:42:49.308  8079 11222 D Avrcp_ext: Enter sendPlayPosNotificationRsp
12-22 11:42:49.308  8079 11222 D Avrcp_ext: sendPlayPosNotificationRsp: Not registered or requesting.
12-22 11:42:49.308  8079 11222 D Avrcp_ext: Enter sendPlayPosNotificationRsp
12-22 11:42:49.308  8079 11222 D Avrcp_ext: sendPlayPosNotificationRsp: Not registered or requesting.
12-22 11:42:49.308  8079 11222 V Avrcp_ext: Exit updatePlayerStateAndPosition
12-22 11:42:49.308  8079 11222 V Avrcp_ext:  Exit onPlaybackStateChanged
12-22 11:42:49.308  8079 11222 D Avrcp_ext: AudioManager Player: AudioPlaybackConfiguration piid:6183 deviceId:0 type:android.media.AudioTrack u/pid:10269/24917 state:started attr:AudioAttributes: usage=USAGE_MEDIA content=CONTENT_TYPE_MUSIC flags=0xA00 tags= bundle=null sessionId:7337
12-22 11:42:49.309  4496  4496 I SafeBinderCall: call getMediaMetaData binder cost:34
12-22 11:42:49.310  4496  4496 I SafeBinderCall: call getPosition binder cost:1
12-22 11:42:49.310  4496  4496 I SafeBinderCall: call getPlaybackState binder cost:0
12-22 11:42:49.311  4496  4496 D MiPlayDetailViewModel: onActiveAudioSessionChange(): audioSessionList?.size = 1
12-22 11:42:49.312  4496  4496 I SafeBinderCall: call getMediaMetaData binder cost:1
12-22 11:42:49.312  4496  4496 I SafeBinderCall: call getPosition binder cost:0
12-22 11:42:49.313  9768  9768 I Cir_Miplay_ActiveAudioSessionManager: TopAudioSession play change
12-22 11:42:49.313  9768  9768 I Cir_Miplay_MiPlayAudioService: dispatchPlaybackStateChange:3
12-22 11:42:49.313  9768  9768 I Cir_Miplay_MiPlayAudioService: localPlayStateChange state:3
12-22 11:42:49.313  9768  9768 I Cir_Miplay_MiPlayAudioService: playStateNotify state:3  ,id:,uuid:local_device_id
12-22 11:42:49.313  9768  9768 I MiPlayClientSDK: =======================================================================
12-22 11:42:49.313  9768  9768 I MiPlayClientSDK: onMediaInfoChange start
12-22 11:42:49.314  9768  9768 I MiPlayClientSDK: local_device_id, MediaMetaData{mArtist='null', mAlbum='null', mTitle='他似晨风起 | 预告', mDuration=0, mId='', mCoverUrl='', mStatus=0, mVolume=0, mArt=null, mPosition=0, mLrc='null', mPackgeName='cn.missevan', mSourceName='2738969101的Xiaomi Civi 2', mDeviceState=2}
12-22 11:42:49.314  9768  9768 I MiPlayClientSDK: onMediaInfoChange end
12-22 11:42:49.314  9768  9768 I MiPlayClientSDK: =======================================================================
12-22 11:42:49.314  9768  9768 I MiPlayProxyDeviceManager: onMediaInfoChange
12-22 11:42:49.314  9768  9768 I MiPlay  : onMediaMetaChanged,local_device_id, meta:MediaMetaData{mArtist='null', mAlbum='null', mTitle='他似晨风起 | 预告', mDuration=0, art:null}
12-22 11:42:49.314  9768  9768 I MiPlayClientSDK: =======================================================================
12-22 11:42:49.314  9768  9768 I MiPlayClientSDK: onMediaInfoChange start
12-22 11:42:49.314  9768  9768 I MiPlayClientSDK: local_device_id, MediaMetaData{mArtist='null', mAlbum='null', mTitle='他似晨风起 | 预告', mDuration=90094, mId='', mCoverUrl='', mStatus=0, mVolume=0, mArt=null, mPosition=0, mLrc='null', mPackgeName='cn.missevan', mSourceName='2738969101的Xiaomi Civi 2', mDeviceState=2}
12-22 11:42:49.314  9768  9768 I MiPlayClientSDK: onMediaInfoChange end
12-22 11:42:49.314  9768  9768 I MiPlayClientSDK: =======================================================================
12-22 11:42:49.314  9768  9768 I MiPlayProxyDeviceManager: onMediaInfoChange
12-22 11:42:49.314  9768  9768 I MiPlay  : onMediaMetaChanged,local_device_id, meta:MediaMetaData{mArtist='null', mAlbum='null', mTitle='他似晨风起 | 预告', mDuration=90094, art:null}
12-22 11:42:49.314  9768  9768 I MiPlayClientSDK: =======================================================================
12-22 11:42:49.314  9768  9768 I MiPlayClientSDK: onPlayStateChange start
12-22 11:42:49.314  9768  9768 I MiPlayClientSDK: local_device_id, state:3
12-22 11:42:49.314  9768  9768 I MiPlayClientSDK: onPlayStateChange end
12-22 11:42:49.314  9768  9768 I MiPlayClientSDK: =======================================================================
12-22 11:42:49.314  9768  9768 I MiPlayProxyDeviceManager: onPlayStateChange
12-22 11:42:49.314  9768  9768 I MiPlay  : onPlaybackStateChanged,local_device_id, state:pause
12-22 11:42:49.314  4496  4496 I SafeBinderCall: call getPlaybackState binder cost:2
12-22 11:42:49.316  4496  4496 V MediaTimeout: processState 0|cn.missevan|1500|null|10269: PlaybackState {state=3, position=0, buffered position=35619, speed=1.0, updated=1413419689, actions=2363190, custom actions=[], active item id=-1, error=null}
12-22 11:42:49.326  8079 11222 D Avrcp_ext: AudioManager Player in started state: cn.missevan
12-22 11:42:49.326  8079 11222 D Avrcp_ext: AudioManager Active Player: cn.missevan
12-22 11:42:49.326  8079 11222 D Avrcp_ext: AudioManager Player: AudioPlaybackConfiguration piid:111 deviceId:0 type:android.media.SoundPool u/pid:1000/4496 state:idle attr:AudioAttributes: usage=USAGE_ASSISTANCE_SONIFICATION content=CONTENT_TYPE_SONIFICATION flags=0x800 tags= bundle=null sessionId:0
12-22 11:42:49.326  8079 11222 D Avrcp_ext: AudioManager Player: AudioPlaybackConfiguration piid:1527 deviceId:0 type:android.media.SoundPool u/pid:10079/9868 state:idle attr:AudioAttributes: usage=USAGE_ASSISTANCE_SONIFICATION content=CONTENT_TYPE_SONIFICATION flags=0x800 tags= bundle=null sessionId:0
12-22 11:42:49.326  8079 11222 D Avrcp_ext: AudioManager Player: AudioPlaybackConfiguration piid:95 deviceId:0 type:android.media.SoundPool u/pid:1000/2475 state:idle attr:AudioAttributes: usage=USAGE_ASSISTANCE_SONIFICATION content=CONTENT_TYPE_SONIFICATION flags=0x800 tags= bundle=null sessionId:0
12-22 11:42:49.326  8079 11222 D Avrcp_ext: AudioManager Player: AudioPlaybackConfiguration piid:1535 deviceId:0 type:android.media.SoundPool u/pid:1027/9739 state:idle attr:AudioAttributes: usage=USAGE_ASSISTANCE_SONIFICATION content=CONTENT_TYPE_SONIFICATION flags=0x800 tags= bundle=null sessionId:0
12-22 11:42:49.327  8079 11222 D Avrcp_ext: AudioManager isPlaying: true, mAudioPlaybackIsActive: false, isMusiActive: false
12-22 11:42:49.327  8079 11222 V Avrcp_ext: updateCurrentMediaState: mMediaController: MediaController (cn.missevan@b22fd2b) 他似晨风起 | 预告, null, null
12-22 11:42:49.327  8079 11222 V Avrcp_ext: updateCurrentMediaState: isPlaying = false
12-22 11:42:49.327  8079 11222 W Avrcp_ext: isMusicActive: false getBluetoothPlayState: 1 A2dp State: 11 mAudioPlaybackIsActive: true
12-22 11:42:49.328  8079 11222 D Avrcp_ext: isMusicActive = false mAudioPlaybackIsActive = true player state = PlaybackState {state=3, position=108, buffered position=35619, speed=1.0, updated=1413419797, actions=2363190, custom actions=[], active item id=-1, error=null}
12-22 11:42:49.328  8079 11222 D Avrcp_ext: overwrite album_artist :if album is blank
12-22 11:42:49.328  8079 11222 V Avrcp_ext: Media update: id -1➡-1? [MediaAttributes: 他⋯告 -  by  (90094 0/0) - ] : [MediaAttributes: 他⋯告 -  by  (90094 0/0) - ]
12-22 11:42:49.328  8079 11222 D Avrcp_ext: isPackageNameValid: browsedPackage = cn.missevanisValid = true
12-22 11:42:49.328  8079 11222 V Avrcp_ext: isBrowseSupported for cn.missevan: false
12-22 11:42:49.328  8079 11222 V Avrcp_ext: updatePlaybackState, state: PlaybackState {state=3, position=108, buffered position=35619, speed=1.0, updated=1413419797, actions=2363190, custom actions=[], active item id=-1, error=null} device: null
12-22 11:42:49.328  8079 11222 V Avrcp_ext: Device: no name:
12-22 11:42:49.328  8079 11222 V Avrcp_ext: Device: no name:
12-22 11:42:49.328  8079 11222 V Avrcp_ext: Device: no name:
12-22 11:42:49.328  8079 11222 V Avrcp_ext: Device: no name:
12-22 11:42:49.328  8079 11222 V Avrcp_ext: Device: no name:
12-22 11:42:49.328  8079 11222 V Avrcp_ext: updatePlayerStateAndPosition, old=PlaybackState {state=3, position=52, buffered position=35619, speed=1.0, updated=1413419741, actions=2363190, custom actions=[], active item id=-1, error=null}, state=PlaybackState {state=3, position=108, buffered position=35619, speed=1.0, updated=1413419797, actions=2363190, custom actions=[], active item id=-1, error=null}
