06-19 15:07:31.436  1265  1889 I SDM     : HWCSession::SetCWBOutputBuffer: CWB config passed by cwb_client : tappoint 1  CWB_ROI : (829.000000 4.000000 915.000000 90.000000)
06-19 15:07:31.440  3566  3566 I HandWritingStubImpl: isKeyboardTypeChanged: false
06-19 15:07:31.440  1265  5321 I SDM     : HWCSession::ProcessRequests: Successfully configured CWB buffer.
06-19 15:07:31.448  1265  5321 I SDM     : HWCSession::ProcessRequests: Pushing release fence in fenece wait queue.
06-19 15:07:31.448  1265  5321 I SDM     : HWCSession::ProcessRequests: Creating AsyncFenceWaits async thread.
06-19 15:07:31.448  3566  3566 I HandWritingStubImpl: isKeyboardTypeChanged: false
06-19 15:07:31.448  1265  5321 I SDM     : HWCSession::ProcessRequests: Remove current CWB request from the pending request queue.
06-19 15:07:31.448  1265  5321 I SDM     : HWCSession::ProcessRequests: No pending cwb requests found in the queue.
06-19 15:07:31.452  1265  1584 I SDM     : HWDeviceDRM::SetupConcurrentWriteback: Tear down the Concurrent Writeback topology
06-19 15:07:31.455  3566  3566 I HandWritingStubImpl: isKeyboardTypeChanged: false
06-19 15:07:31.461  1265  5322 I SDM     : HWCSession::NotifyCWBStatus: Notify the client about buffer status 0.
06-19 15:07:31.461  1265  5322 I SDM     : HWCSession::PerformFenceWaits: Remove current release fence from the pending fence wait queue.
06-19 15:07:31.461  1265  5322 I SDM     : HWCSession::PerformFenceWaits: CWB fence queue is empty. No pending release fence to wait on.
06-19 15:07:31.464  3566  3566 I HandWritingStubImpl: isKeyboardTypeChanged: false
06-19 15:07:31.472  3566  3566 I HandWritingStubImpl: isKeyboardTypeChanged: false
06-19 15:07:31.480  3566  3566 I HandWritingStubImpl: isKeyboardTypeChanged: false
06-19 15:07:31.489  3566  3566 I HandWritingStubImpl: isKeyboardTypeChanged: false
06-19 15:07:31.497  3566  3566 I HandWritingStubImpl: isKeyboardTypeChanged: false
06-19 15:07:31.505  3566  3566 I HandWritingStubImpl: isKeyboardTypeChanged: false
06-19 15:07:31.514  3566  3566 I HandWritingStubImpl: isKeyboardTypeChanged: false
06-19 15:07:31.522  3566  3566 I HandWritingStubImpl: isKeyboardTypeChanged: false
06-19 15:07:31.522  3516  3548 W QueryController: Could not detect idle state.
06-19 15:07:31.530  3566  3566 I HandWritingStubImpl: isKeyboardTypeChanged: false
06-19 15:07:31.538  3566  3566 I HandWritingStubImpl: isKeyboardTypeChanged: false
06-19 15:07:31.546  3566  3566 I HandWritingStubImpl: isKeyboardTypeChanged: false
06-19 15:07:31.554  3566  3566 I HandWritingStubImpl: isKeyboardTypeChanged: false
06-19 15:07:31.563  3566  3566 I HandWritingStubImpl: isKeyboardTypeChanged: false
06-19 15:07:31.571  3566  3566 I HandWritingStubImpl: isKeyboardTypeChanged: false
06-19 15:07:31.579  3566  3566 I HandWritingStubImpl: isKeyboardTypeChanged: false
06-19 15:07:31.588  3566  3566 I HandWritingStubImpl: isKeyboardTypeChanged: false
06-19 15:07:31.596  3566  3566 I HandWritingStubImpl: isKeyboardTypeChanged: false
06-19 15:07:31.604  3566  3566 I HandWritingStubImpl: isKeyboardTypeChanged: false
06-19 15:07:31.612  3566  3566 I HandWritingStubImpl: isKeyboardTypeChanged: false
06-19 15:07:31.620  3566  3566 I HandWritingStubImpl: isKeyboardTypeChanged: false
06-19 15:07:31.629  3566  3566 I HandWritingStubImpl: isKeyboardTypeChanged: false
06-19 15:07:31.637  3566  3566 I HandWritingStubImpl: isKeyboardTypeChanged: false
06-19 15:07:31.645  3566  3566 I HandWritingStubImpl: isKeyboardTypeChanged: false
06-19 15:07:31.653  3566  3566 I HandWritingStubImpl: isKeyboardTypeChanged: false
06-19 15:07:31.661  3566  3566 I HandWritingStubImpl: isKeyboardTypeChanged: false
06-19 15:07:31.668  3566  3566 I HandWritingStubImpl: refreshLastKeyboardType: 1
06-19 15:07:31.669  3566  3566 I HandWritingStubImpl: isKeyboardTypeChanged: false
06-19 15:07:31.674  3566  3566 I HandWritingStubImpl: isKeyboardTypeChanged: false
06-19 15:07:31.675  2018  3127 D libsensor-displayalgo: the value of  brightness:438.000000,R:77375716.939127,G:77376143.464170,B:77391269.635761,EVENT_C:5472.500000,EVENT_R:2077.500000,EVENT_G:2813.000000,EVENT_B:1105.500000
06-19 15:07:31.675  2018  3127 I libsensor-displayalgo: the value of  Coef1:1107.681000,Coef4:2.383000, scale1:0.935522, scale4:0.923264
06-19 15:07:31.679  2018  3127 E libsensor-displayalgo: RGB_test_0407_400_oldzy!
06-19 15:07:31.679  3718  5175 D AudioTrack: [audioTrackData][fine] 5s(f:5037 m:269 s:163 k:0) : pid 3718 uid 10494 sessionId 1353 sr 44100 ch 2 fmt 1
06-19 15:07:31.683  2018  3127 I libsensor-displayalgo: the value of  RESULT3118.837702,1232.115395,1511.231984,565.637200
06-19 15:07:31.684  2018  3127 I libsensor-displayalgo: the value of  getChannelDataCalibrated3269.931069,1141.176343,1756.511250,617.354941
06-19 15:07:31.684  2018  3127 I libsensor-displayalgo: the value of  REAL LUX128.560074
06-19 15:07:31.684  2018  3127 I libsensor-displayalgo: the value of  CAL REAL LUX128.560074
06-19 15:07:31.779  5294 26774 W MiuiPerfServiceClient: interceptAndQueuing:3566|cn.missevan|70|34|351436019264581|Slow swap buffers|5
06-19 15:07:31.783  1265  2358 I vendor.qti.hardware.display.composer-service: FrameNotifyProcess Sensor: notify citsensorservice to trigger cwb
06-19 15:07:31.783  2018  2108 I libcitsensorservice@2.0-impl: msg_transfer
06-19 15:07:31.784  2018  3098 D vendor.xiaomi.sensor.citsensorservice@2.0-service: handle id:9 wxh:1280x2400 uwxuh:1080x2400 size: 9216000 fd:15 fd_meta:16 flags:0x4000228 usage:0x33  format:0x3 layer_count: 1
06-19 15:07:31.788  1265  1889 I SDM     : HWCSession::SetCWBOutputBuffer: CWB config passed by cwb_client : tappoint 1  CWB_ROI : (829.000000 4.000000 915.000000 90.000000)
06-19 15:07:31.789  1265  5324 I SDM     : HWCSession::ProcessRequests: Successfully configured CWB buffer.
06-19 15:07:31.801  1265  5324 I SDM     : HWCSession::ProcessRequests: Pushing release fence in fenece wait queue.
06-19 15:07:31.801  1265  5324 I SDM     : HWCSession::ProcessRequests: Creating AsyncFenceWaits async thread.
06-19 15:07:31.801  1265  5324 I SDM     : HWCSession::ProcessRequests: Remove current CWB request from the pending request queue.
06-19 15:07:31.802  1265  5324 I SDM     : HWCSession::ProcessRequests: No pending cwb requests found in the queue.
06-19 15:07:31.806  1265  1584 I SDM     : HWDeviceDRM::SetupConcurrentWriteback: Tear down the Concurrent Writeback topology
06-19 15:07:31.815  1265  5334 I SDM     : HWCSession::NotifyCWBStatus: Notify the client about buffer status 0.
06-19 15:07:31.815  1265  5334 I SDM     : HWCSession::PerformFenceWaits: Remove current release fence from the pending fence wait queue.
06-19 15:07:31.816  1265  5334 I SDM     : HWCSession::PerformFenceWaits: CWB fence queue is empty. No pending release fence to wait on.
06-19 15:07:31.975  2018  3127 D libsensor-displayalgo: the value of  brightness:438.000000,R:77375716.939127,G:77376143.464170,B:77391269.635761,EVENT_C:5482.500000,EVENT_R:2079.000000,EVENT_G:2821.500000,EVENT_B:1108.000000
06-19 15:07:31.975  2018  3127 I libsensor-displayalgo: the value of  Coef1:1107.681000,Coef4:2.383000, scale1:0.935522, scale4:0.923264
06-19 15:07:31.975  2018  3127 E libsensor-displayalgo: RGB_test_0407_400_oldzy!
06-19 15:07:31.975  2018  3127 I libsensor-displayalgo: the value of  RESULT3118.837702,1232.115395,1511.231984,565.637200
06-19 15:07:31.975  2018  3127 I libsensor-displayalgo: the value of  getChannelDataCalibrated3269.931069,1141.176343,1756.511250,617.354941
06-19 15:07:31.975  2018  3127 I libsensor-displayalgo: the value of  REAL LUX129.392929
06-19 15:07:31.975  2018  3127 I libsensor-displayalgo: the value of  CAL REAL LUX129.392929
06-19 15:07:32.095  1265  2358 I vendor.qti.hardware.display.composer-service: FrameNotifyProcess Sensor: notify citsensorservice to trigger cwb
06-19 15:07:32.096  2018  7182 I libcitsensorservice@2.0-impl: msg_transfer
06-19 15:07:32.098  2018  3098 D vendor.xiaomi.sensor.citsensorservice@2.0-service: handle id:9 wxh:1280x2400 uwxuh:1080x2400 size: 9216000 fd:15 fd_meta:16 flags:0x4000228 usage:0x33  format:0x3 layer_count: 1
06-19 15:07:32.100  1265  1889 I SDM     : HWCSession::SetCWBOutputBuffer: CWB config passed by cwb_client : tappoint 1  CWB_ROI : (829.000000 4.000000 915.000000 90.000000)
06-19 15:07:32.101  1265  5337 I SDM     : HWCSession::ProcessRequests: Successfully configured CWB buffer.
06-19 15:07:32.113  1265  5337 I SDM     : HWCSession::ProcessRequests: Pushing release fence in fenece wait queue.
06-19 15:07:32.114  1265  5337 I SDM     : HWCSession::ProcessRequests: Creating AsyncFenceWaits async thread.
06-19 15:07:32.115  1265  5337 I SDM     : HWCSession::ProcessRequests: Remove current CWB request from the pending request queue.
06-19 15:07:32.117  1265  5337 I SDM     : HWCSession::ProcessRequests: No pending cwb requests found in the queue.
06-19 15:07:32.119  1265  1584 I SDM     : HWDeviceDRM::SetupConcurrentWriteback: Tear down the Concurrent Writeback topology
06-19 15:07:32.128  1265  5338 I SDM     : HWCSession::NotifyCWBStatus: Notify the client about buffer status 0.
06-19 15:07:32.128  1265  5338 I SDM     : HWCSession::PerformFenceWaits: Remove current release fence from the pending fence wait queue.
06-19 15:07:32.128  1265  5338 I SDM     : HWCSession::PerformFenceWaits: CWB fence queue is empty. No pending release fence to wait on.
06-19 15:07:32.146  4233  4233 D MiPlayDetailViewModel: onPositionChange(): position = 6090
06-19 15:07:32.146  5809  5180 I SafeBinderCall: onPositionChange binder cost:1
06-19 15:07:32.190  3516  3548 I appium  : AppiumResponse: {"sessionId":"b735d707-720b-43fa-9eab-d335df2c07b4","value":{"ELEMENT":"00000000-0000-0401-ffff-ffff00000034","element-6066-11e4-a52e-4f735466cecf":"00000000-0000-0401-ffff-ffff00000034"}}
06-19 15:07:32.234  3516  3548 I appium  : channel read: POST /wd/hub/session/b735d707-720b-43fa-9eab-d335df2c07b4/actions
06-19 15:07:32.238  3516  3548 I appium  : W3CActions command
06-19 15:07:32.274  2018  3127 D libsensor-displayalgo: the value of  brightness:438.000000,R:77375716.939127,G:77376143.464170,B:77391269.635761,EVENT_C:5489.000000,EVENT_R:2081.000000,EVENT_G:2825.000000,EVENT_B:1108.000000
06-19 15:07:32.274  2018  3127 I libsensor-displayalgo: the value of  Coef1:1107.681000,Coef4:2.383000, scale1:0.935522, scale4:0.923264
06-19 15:07:32.274  2018  3127 E libsensor-displayalgo: RGB_test_0407_400_oldzy!
06-19 15:07:32.275  2018  3127 I libsensor-displayalgo: the value of  RESULT3118.837702,1232.115395,1511.231984,565.637200
06-19 15:07:32.275  2018  3127 I libsensor-displayalgo: the value of  getChannelDataCalibrated3269.931069,1141.176343,1756.511250,617.354941
06-19 15:07:32.275  2018  3127 I libsensor-displayalgo: the value of  REAL LUX129.935501
06-19 15:07:32.275  2018  3127 I libsensor-displayalgo: the value of  CAL REAL LUX129.935501
06-19 15:07:32.400  1265  2358 I vendor.qti.hardware.display.composer-service: FrameNotifyProcess Sensor: notify citsensorservice to trigger cwb
06-19 15:07:32.401  2018  7182 I libcitsensorservice@2.0-impl: msg_transfer
06-19 15:07:32.401  2018  3098 D vendor.xiaomi.sensor.citsensorservice@2.0-service: handle id:9 wxh:1280x2400 uwxuh:1080x2400 size: 9216000 fd:15 fd_meta:16 flags:0x4000228 usage:0x33  format:0x3 layer_count: 1
06-19 15:07:32.402  1265  1889 I SDM     : HWCSession::SetCWBOutputBuffer: CWB config passed by cwb_client : tappoint 1  CWB_ROI : (829.000000 4.000000 915.000000 90.000000)
06-19 15:07:32.403  1265  5352 I SDM     : HWCSession::ProcessRequests: Successfully configured CWB buffer.
06-19 15:07:32.409  1265  5352 I SDM     : HWCSession::ProcessRequests: Pushing release fence in fenece wait queue.
06-19 15:07:32.409  1265  5352 I SDM     : HWCSession::ProcessRequests: Creating AsyncFenceWaits async thread.
06-19 15:07:32.410  1265  5352 I SDM     : HWCSession::ProcessRequests: Remove current CWB request from the pending request queue.
06-19 15:07:32.410  1265  5352 I SDM     : HWCSession::ProcessRequests: No pending cwb requests found in the queue.
06-19 15:07:32.414  1265  1584 I SDM     : HWDeviceDRM::SetupConcurrentWriteback: Tear down the Concurrent Writeback topology
06-19 15:07:32.424  1265  5356 I SDM     : HWCSession::NotifyCWBStatus: Notify the client about buffer status 0.
06-19 15:07:32.424  1265  5356 I SDM     : HWCSession::PerformFenceWaits: Remove current release fence from the pending fence wait queue.
06-19 15:07:32.424  1265  5356 I SDM     : HWCSession::PerformFenceWaits: CWB fence queue is empty. No pending release fence to wait on.
06-19 15:07:32.528  2431  3919 D MIUIInput: Input event injection from pid 3499, MotionEvent: DOWN
06-19 15:07:32.530  2431  2938 D MIUIInput: [MotionEvent] publisher action=0x4, 351437114, channel '7c87e50 NavigationBar0 (server)'
06-19 15:07:32.530  2431  2938 D MIUIInput: [MotionEvent] publisher action=0x0, 351437114, channel 'f8822cd cn.missevan/cn.missevan.activity.MainActivity (server)'
06-19 15:07:32.532  3566  3566 D MIUIInput: [MotionEvent] ViewRootImpl windowName 'cn.missevan/cn.missevan.activity.MainActivity', { action=ACTION_DOWN, id[0]=0, pointerCount=1, eventTime=351437114, downTime=351437113, phoneEventTime=15:07:32.514 } moveCount:0
06-19 15:07:32.538  3516  3548 I appium  : [351437114 (success)] Synthesized: MotionEvent { action=ACTION_DOWN, actionButton=0, id[0]=0, x[0]=534.0, y[0]=2229.0, toolType[0]=TOOL_TYPE_FINGER, buttonState=0, classification=NONE, metaState=0, flags=0x0, edgeFlags=0x0, pointerCount=1, historySize=0, eventTime=351437114, downTime=351437113, deviceId=0, source=0x1002, displayId=0, eventId=-267645895 }
06-19 15:07:32.540  3516  3548 I appium  : The event has been delayed for 25ms
06-19 15:07:32.574  2018  3127 D libsensor-displayalgo: the value of  brightness:438.000000,R:77375716.939127,G:77376143.464170,B:77391269.635761,EVENT_C:5483.000000,EVENT_R:2079.000000,EVENT_G:2820.000000,EVENT_B:1108.000000
06-19 15:07:32.574  2018  3127 I libsensor-displayalgo: the value of  Coef1:1107.681000,Coef4:2.383000, scale1:0.935522, scale4:0.923264
06-19 15:07:32.574  2018  3127 E libsensor-displayalgo: RGB_test_0407_400_oldzy!
06-19 15:07:32.575  2018  3127 I libsensor-displayalgo: the value of  RESULT3118.837702,1232.115395,1511.231984,565.637200
06-19 15:07:32.575  2018  3127 I libsensor-displayalgo: the value of  getChannelDataCalibrated3269.931069,1141.176343,1756.511250,617.354941
06-19 15:07:32.575  2018  3127 I libsensor-displayalgo: the value of  REAL LUX129.359955
06-19 15:07:32.575  2018  3127 I libsensor-displayalgo: the value of  CAL REAL LUX129.359955
06-19 15:07:32.616  2431  3919 D MIUIInput: Input event injection from pid 3499, MotionEvent: UP
06-19 15:07:32.617  2431  2938 D MIUIInput: [MotionEvent] publisher action=0x1, 351437214, channel 'f8822cd cn.missevan/cn.missevan.activity.MainActivity (server)'
06-19 15:07:32.618  3566  3566 D MIUIInput: [MotionEvent] ViewRootImpl windowName 'cn.missevan/cn.missevan.activity.MainActivity', { action=ACTION_UP, id[0]=0, pointerCount=1, eventTime=351437214, downTime=351437113, phoneEventTime=15:07:32.613 } moveCount:0
06-19 15:07:32.632  3718  3718 I @@@BBPLOG: Info T847DE4F8 CPlayEngn L416 It will start resume
06-19 15:07:32.638  3516  3548 I appium  : [351437214 (success)] Synthesized: MotionEvent { action=ACTION_UP, actionButton=0, id[0]=0, x[0]=534.0, y[0]=2229.0, toolType[0]=TOOL_TYPE_FINGER, buttonState=0, classification=NONE, metaState=0, flags=0x0, edgeFlags=0x0, pointerCount=1, historySize=0, eventTime=351437214, downTime=351437113, deviceId=0, source=0x1002, displayId=0, eventId=-804748219 }
06-19 15:07:32.640  3516  3548 I appium  : The event has been delayed for 24ms
06-19 15:07:32.645  3516  3548 I appium  : AppiumResponse: {"sessionId":"b735d707-720b-43fa-9eab-d335df2c07b4","value":null}
06-19 15:07:32.657  3566  3566 I HandWritingStubImpl: isKeyboardTypeChanged: false
06-19 15:07:32.665  3516  3548 I appium  : channel read: POST /wd/hub/session/b735d707-720b-43fa-9eab-d335df2c07b4/element
06-19 15:07:32.667  3516  3548 I appium  : FindElement command
06-19 15:07:32.672  3516  3548 I appium  : method: 'id', selector: 'cn.missevan:id/playViewsContainer'
06-19 15:07:32.674  3516  3548 I appium  : Waiting up to 100ms for the device to idle
06-19 15:07:32.677  3566  3566 D DecorView[MainActivity]: getWindowModeFromSystem  windowmode is 1
06-19 15:07:32.677  3566  3566 D DecorView[MainActivity]: updateDecorCaptionStatus displayWindowDecor is false
06-19 15:07:32.681  2431  3919 I WindowManagerService: Physical orientation applied, rotation=0 sfOrientation=ORIENTATION_0
06-19 15:07:32.691  3566  3566 I HandWritingStubImpl: refreshLastKeyboardType: 1
06-19 15:07:32.692  3566  3566 I HandWritingStubImpl: getCurrentKeyboardType: 1
06-19 15:07:32.699 13581 13581 E BaseInputMethodService: onFinishInput
06-19 15:07:32.700 13581 13581 E BaseInputMethodService: onStartInput
06-19 15:07:32.702  1265  2358 I vendor.qti.hardware.display.composer-service: FrameNotifyProcess Sensor: notify citsensorservice to trigger cwb
06-19 15:07:32.702  2018  7182 I libcitsensorservice@2.0-impl: msg_transfer
06-19 15:07:32.703  2018  3098 D vendor.xiaomi.sensor.citsensorservice@2.0-service: handle id:9 wxh:1280x2400 uwxuh:1080x2400 size: 9216000 fd:15 fd_meta:16 flags:0x4000228 usage:0x33  format:0x3 layer_count: 1
06-19 15:07:32.704  1265  1889 I SDM     : HWCSession::SetCWBOutputBuffer: CWB config passed by cwb_client : tappoint 1  CWB_ROI : (829.000000 4.000000 915.000000 90.000000)
06-19 15:07:32.705  1265  5374 I SDM     : HWCSession::ProcessRequests: Successfully configured CWB buffer.
06-19 15:07:32.705 13581 13581 E BaseInputMethodService: onComputeInsets
06-19 15:07:32.714  1265  5374 I SDM     : HWCSession::ProcessRequests: Pushing release fence in fenece wait queue.
06-19 15:07:32.714  1265  5374 I SDM     : HWCSession::ProcessRequests: Creating AsyncFenceWaits async thread.
06-19 15:07:32.714  1265  5374 I SDM     : HWCSession::ProcessRequests: Remove current CWB request from the pending request queue.
06-19 15:07:32.714  1265  5374 I SDM     : HWCSession::ProcessRequests: No pending cwb requests found in the queue.
06-19 15:07:32.719  1265  1584 I SDM     : HWDeviceDRM::SetupConcurrentWriteback: Tear down the Concurrent Writeback topology
06-19 15:07:32.719 13581 13605 D BLASTBufferQueue: releaseBufferCallback ReleaseCallbackId: bufferId:58329950847460 framenumber:3
06-19 15:07:32.728  1265  5375 I SDM     : HWCSession::NotifyCWBStatus: Notify the client about buffer status 0.
06-19 15:07:32.728  1265  5375 I SDM     : HWCSession::PerformFenceWaits: Remove current release fence from the pending fence wait queue.
06-19 15:07:32.728  1265  5375 I SDM     : HWCSession::PerformFenceWaits: CWB fence queue is empty. No pending release fence to wait on.
06-19 15:07:32.787  3566  3566 I HandWritingStubImpl: refreshLastKeyboardType: 1
06-19 15:07:32.787  3566  3566 I HandWritingStubImpl: getCurrentKeyboardType: 1
06-19 15:07:32.789 13581 13581 E BaseInputMethodService: onFinishInput
06-19 15:07:32.789 13581 13581 E BaseInputMethodService: onStartInput
06-19 15:07:32.796 13581 13581 E BaseInputMethodService: onComputeInsets
06-19 15:07:32.800  3516  3548 W QueryController: Could not detect idle state.
06-19 15:07:32.809 13581 29828 D BLASTBufferQueue: releaseBufferCallback ReleaseCallbackId: bufferId:58329950847459 framenumber:4
06-19 15:07:32.860  3566  3575 I cn.missevan: This is non sticky GC, maxfree is 8388608 minfree is 2097152
06-19 15:07:32.860  3566  3575 I cn.missevan: NativeAlloc concurrent copying GC freed 269303(17MB) AllocSpace objects, 82(3708KB) LOS objects, 45% free, 28MB/52MB, paused 168us,67us total 155.318ms
06-19 15:07:32.874  2018  3127 D libsensor-displayalgo: the value of  brightness:438.000000,R:79934540.586613,G:79940203.431820,B:79954562.167828,EVENT_C:5486.500000,EVENT_R:2079.000000,EVENT_G:2821.500000,EVENT_B:1107.500000
06-19 15:07:32.874  2018  3127 I libsensor-displayalgo: the value of  Coef1:1107.681000,Coef4:2.383000, scale1:0.935522, scale4:0.923264
06-19 15:07:32.874  2018  3127 E libsensor-displayalgo: RGB_test_0407_400_oldzy!
06-19 15:07:32.874  2018  3127 I libsensor-displayalgo: the value of  RESULT3187.800818,1259.400716,1542.345206,578.688343
06-19 15:07:32.875  2018  3127 I libsensor-displayalgo: the value of  getChannelDataCalibrated3342.235131,1166.447810,1792.674279,631.599385
06-19 15:07:32.875  2018  3127 I libsensor-displayalgo: the value of  REAL LUX125.077530
06-19 15:07:32.875  2018  3127 I libsensor-displayalgo: the value of  CAL REAL LUX125.077530
06-19 15:07:33.007  1265  2358 I vendor.qti.hardware.display.composer-service: FrameNotifyProcess Sensor: notify citsensorservice to trigger cwb
06-19 15:07:33.008  2018  2111 I libcitsensorservice@2.0-impl: msg_transfer
06-19 15:07:33.009  2018  3098 D vendor.xiaomi.sensor.citsensorservice@2.0-service: handle id:9 wxh:1280x2400 uwxuh:1080x2400 size: 9216000 fd:15 fd_meta:16 flags:0x4000228 usage:0x33  format:0x3 layer_count: 1
06-19 15:07:33.009  1265  1889 I SDM     : HWCSession::SetCWBOutputBuffer: CWB config passed by cwb_client : tappoint 1  CWB_ROI : (829.000000 4.000000 915.000000 90.000000)
06-19 15:07:33.011  1265  5376 I SDM     : HWCSession::ProcessRequests: Successfully configured CWB buffer.
06-19 15:07:33.018  1265  5376 I SDM     : HWCSession::ProcessRequests: Pushing release fence in fenece wait queue.
06-19 15:07:33.018  1265  5376 I SDM     : HWCSession::ProcessRequests: Creating AsyncFenceWaits async thread.
06-19 15:07:33.019  1265  5376 I SDM     : HWCSession::ProcessRequests: Remove current CWB request from the pending request queue.
06-19 15:07:33.019  1265  5376 I SDM     : HWCSession::ProcessRequests: No pending cwb requests found in the queue.
06-19 15:07:33.023  1265  1584 I SDM     : HWDeviceDRM::SetupConcurrentWriteback: Tear down the Concurrent Writeback topology
06-19 15:07:33.033  1265  5377 I SDM     : HWCSession::NotifyCWBStatus: Notify the client about buffer status 0.
06-19 15:07:33.033  1265  5377 I SDM     : HWCSession::PerformFenceWaits: Remove current release fence from the pending fence wait queue.
06-19 15:07:33.033  1265  5377 I SDM     : HWCSession::PerformFenceWaits: CWB fence queue is empty. No pending release fence to wait on.
06-19 15:07:33.034  8770  8973 V Avrcp_ext: onMetadataChanged
06-19 15:07:33.037  5809  5809 I MiPlayProxyDeviceManager: onTopActiveSessionChange, cn.missevan
06-19 15:07:33.037  8770  8973 V Avrcp_ext: updateCurrentMediaState: mMediaController: MediaController (cn.missevan@e87af1b) 他似晨风起 | 预告, null, null
06-19 15:07:33.037  8770  8973 V Avrcp_ext: updateCurrentMediaState: isPlaying = false
06-19 15:07:33.037  5809  5809 I SafeBinderCall: onTopActiveSessionChange binder cost:0
06-19 15:07:33.037  8770  8973 W Avrcp_ext: isMusicActive: true getBluetoothPlayState: 1 A2dp State: 11 mAudioPlaybackIsActive: true
06-19 15:07:33.038  8770  8973 D Avrcp_ext: isMusicActive = true mAudioPlaybackIsActive = true player state = PlaybackState {state=3, position=6983, buffered position=0, speed=1.0, updated=447026641, actions=894, custom actions=[], active item id=-1, error=null}
06-19 15:07:33.039  8770  8973 D Avrcp_ext: overwrite album_artist :if album is blank
06-19 15:07:33.039  5809  5809 I SafeBinderCall: onMediaMetaChange binder cost:1
06-19 15:07:33.040  8770  8973 V Avrcp_ext: Media update: id -1➡-1? [MediaAttributes: 他⋯告 -  by  (90093 0/0) - ] : [MediaAttributes: 他⋯告 -  by  (90093 0/0) - ]
06-19 15:07:33.040  5809  5809 I Cir_Miplay_ActiveAudioSessionManager: dispatchTopActiveSessionChangeCallbackLocked, size:1
06-19 15:07:33.040  8770  8973 D Avrcp_ext: isPackageNameValid: browsedPackage = cn.missevanisValid = true
06-19 15:07:33.040  8770  8973 V Avrcp_ext: isBrowseSupported for cn.missevan: false
06-19 15:07:33.040  8770  8973 V Avrcp_ext: updatePlaybackState, state: PlaybackState {state=3, position=6983, buffered position=0, speed=1.0, updated=447026641, actions=894, custom actions=[], active item id=-1, error=null} device: null
06-19 15:07:33.040  8770  8973 V Avrcp_ext: Device: no name:
06-19 15:07:33.040  8770  8973 V Avrcp_ext: Device: no name:
06-19 15:07:33.040  8770  8973 V Avrcp_ext: Device: no name:
06-19 15:07:33.040  8770  8973 V Avrcp_ext: Device: no name:
06-19 15:07:33.040  8770  8973 V Avrcp_ext: Device: no name:
06-19 15:07:33.040  8770  8973 V Avrcp_ext: updatePlayerStateAndPosition, old=PlaybackState {state=3, position=638, buffered position=0, speed=1.0, updated=447020296, actions=894, custom actions=[], active item id=-1, error=null}, state=PlaybackState {state=3, position=6983, buffered position=0, speed=1.0, updated=447026641, actions=894, custom actions=[], active item id=-1, error=null}
06-19 15:07:33.040  8770  8973 V Avrcp_ext: old state = PlaybackState {state=3, position=638, buffered position=0, speed=1.0, updated=447020296, actions=894, custom actions=[], active item id=-1, error=null}, new state= PlaybackState {state=3, position=6983, buffered position=0, speed=1.0, updated=447026641, actions=894, custom actions=[], active item id=-1, error=null}
06-19 15:07:33.040  8770  8973 D HeadsetService: getHeadsetService(): returning com.android.bluetooth.hfp.HeadsetService@7e2faf
06-19 15:07:33.040  8770  8973 D HeadsetService:  isAudioOn: The number of audio connected devices 0
06-19 15:07:33.040  8770  8973 D HeadsetService: isScoOrCallActive(): Call Active:falseCall is Ringing:falseSCO is Active:false
06-19 15:07:33.040  8770  8973 D HeadsetService:  isAudioOn: The number of audio connected devices 0
06-19 15:07:33.040  8770  8973 V Avrcp_ext: isPlayStateTobeUpdated: device: null
06-19 15:07:33.040  8770  8973 V Avrcp_ext: Single connection exists
06-19 15:07:33.040  8770  8973 D HeadsetService:  isAudioOn: The number of audio connected devices 0
06-19 15:07:33.040  8770  8973 D HeadsetService: isScoOrCallActive(): Call Active:falseCall is Ringing:falseSCO is Active:false
06-19 15:07:33.040  8770  8973 D HeadsetService:  isAudioOn: The number of audio connected devices 0
06-19 15:07:33.040  8770  8973 V Avrcp_ext: isPlayStateTobeUpdated: device: null
06-19 15:07:33.040  8770  8973 V Avrcp_ext: Single connection exists
06-19 15:07:33.040  8770  8973 D HeadsetService:  isAudioOn: The number of audio connected devices 0
06-19 15:07:33.040  8770  8973 D HeadsetService: isScoOrCallActive(): Call Active:falseCall is Ringing:falseSCO is Active:false
06-19 15:07:33.040  8770  8973 D HeadsetService:  isAudioOn: The number of audio connected devices 0
06-19 15:07:33.040  8770  8973 V Avrcp_ext: isPlayStateTobeUpdated: device: null
06-19 15:07:33.040  8770  8973 V Avrcp_ext: Single connection exists
06-19 15:07:33.040  8770  8973 D HeadsetService:  isAudioOn: The number of audio connected devices 0
06-19 15:07:33.040  8770  8973 D HeadsetService: isScoOrCallActive(): Call Active:falseCall is Ringing:falseSCO is Active:false
06-19 15:07:33.040  8770  8973 D HeadsetService:  isAudioOn: The number of audio connected devices 0
06-19 15:07:33.040  8770  8973 V Avrcp_ext: isPlayStateTobeUpdated: device: null
06-19 15:07:33.040  8770  8973 V Avrcp_ext: Single connection exists
06-19 15:07:33.040  8770  8973 D HeadsetService:  isAudioOn: The number of audio connected devices 0
06-19 15:07:33.040  8770  8973 D HeadsetService: isScoOrCallActive(): Call Active:falseCall is Ringing:falseSCO is Active:false
06-19 15:07:33.040  8770  8973 D HeadsetService:  isAudioOn: The number of audio connected devices 0
06-19 15:07:33.040  8770  8973 V Avrcp_ext: isPlayStateTobeUpdated: device: null
06-19 15:07:33.040  8770  8973 V Avrcp_ext: Single connection exists
06-19 15:07:33.040  8770  8973 D Avrcp_ext: Enter sendPlayPosNotificationRsp
06-19 15:07:33.040  8770  8973 D Avrcp_ext: sendPlayPosNotificationRsp: Not registered or requesting.
06-19 15:07:33.040  8770  8973 D Avrcp_ext: Enter sendPlayPosNotificationRsp
06-19 15:07:33.040  8770  8973 D Avrcp_ext: sendPlayPosNotificationRsp: Not registered or requesting.
06-19 15:07:33.040  8770  8973 D Avrcp_ext: Enter sendPlayPosNotificationRsp
06-19 15:07:33.040  8770  8973 D Avrcp_ext: sendPlayPosNotificationRsp: Not registered or requesting.
06-19 15:07:33.040  8770  8973 D Avrcp_ext: Enter sendPlayPosNotificationRsp
06-19 15:07:33.040  8770  8973 D Avrcp_ext: sendPlayPosNotificationRsp: Not registered or requesting.
06-19 15:07:33.040  8770  8973 D Avrcp_ext: Enter sendPlayPosNotificationRsp
06-19 15:07:33.040  8770  8973 D Avrcp_ext: sendPlayPosNotificationRsp: Not registered or requesting.
06-19 15:07:33.040  8770  8973 V Avrcp_ext: Exit updatePlayerStateAndPosition
06-19 15:07:33.041  4233  4233 D MiPlayDetailViewModel: onMediaMetaChange(): metaData.title = 他似晨风起 | 预告
06-19 15:07:33.041  5809  5809 I Cir_Miplay_MiPlayAudioService: onTopActiveSessionChange, cn.missevan
06-19 15:07:33.041  5809  5809 I Cir_Miplay_MiPlayAudioService: topActiveSessionChange appId:cn.missevan
06-19 15:07:33.041  5809  5809 I Cir_Miplay_MiPlayAudioStatUtils: recordPackageName:cn.missevan
06-19 15:07:33.041  5809  5809 I Cir_Miplay_MiPlayAudioStatUtils: packageNameEquals.
06-19 15:07:33.041  5809  5809 I Cir_Miplay_ActiveSessionRecord: dispatch meta change, MediaMetaData{mArtist='null', mAlbum='null', mTitle='他似晨风起 | 预告', mArt=valid, mDuration=90093, mLrc='null'}
06-19 15:07:33.041  5809  5809 I Cir_Miplay_MiPlayAudioService: dispatchMetaChange:cn.missevan  ActiveSsionPackageName:cn.missevan
06-19 15:07:33.045  4233  4233 D MiPlayDetailViewModel: onActiveAudioSessionChange(): audioSessionList?.size = 1
06-19 15:07:33.046  5809 14611 I Cir_Miplay_MiPlayAudioService: dispatchMetaChange:MediaMetaData{mArtist='null', mAlbum='null', mTitle='他似晨风起 | 预告', mArt=valid, mDuration=90093, mLrc='null'}
06-19 15:07:33.046  5809 14611 I Cir_Miplay_MetaInfoManager: setMetadata.
06-19 15:07:33.046  5809  6131 I SafeBinderCall: onActiveAudioSessionChange binder cost:6
06-19 15:07:33.046  5809  5809 I MiPlayClientSDK: =======================================================================
06-19 15:07:33.047  5809  5809 I MiPlayClientSDK: onMediaInfoChange start
06-19 15:07:33.047  5809  5809 I MiPlayClientSDK: local_device_id, MediaMetaData{mArtist='null', mAlbum='null', mTitle='他似晨风起 | 预告', mDuration=90093, mId='', mCoverUrl='', mStatus=0, mVolume=0, mArt=android.graphics.Bitmap@82e681c, mPosition=0, mLrc='null', mPackgeName='cn.missevan', mSourceName='2738969101的Xiaomi Civi 2', mDeviceState=2}
06-19 15:07:33.047  5809  5809 I MiPlayClientSDK: onMediaInfoChange end
06-19 15:07:33.047  5809  5809 I MiPlayClientSDK: =======================================================================
06-19 15:07:33.047  5809  5809 I MiPlayProxyDeviceManager: onMediaInfoChange
06-19 15:07:33.047  5809  5809 I MiPlay  : onMediaMetaChanged,local_device_id, meta:MediaMetaData{mArtist='null', mAlbum='null', mTitle='他似晨风起 | 预告', mDuration=90093, art:valid}
06-19 15:07:33.050  4233  4233 I SafeBinderCall: call getMediaMetaData binder cost:1
06-19 15:07:33.051  4233  4233 I SafeBinderCall: call getPosition binder cost:1
06-19 15:07:33.051  4233  4233 I SafeBinderCall: call getPlaybackState binder cost:0
06-19 15:07:33.093  3516  3548 I appium  : AppiumResponse: {"sessionId":"b735d707-720b-43fa-9eab-d335df2c07b4","value":{"ELEMENT":"00000000-0000-0401-ffff-ffff00000bf5","element-6066-11e4-a52e-4f735466cecf":"00000000-0000-0401-ffff-ffff00000bf5"}}
06-19 15:07:33.146  4233  4233 D MiPlayDetailViewModel: onPositionChange(): position = 7091
06-19 15:07:33.146  5809  5180 I SafeBinderCall: onPositionChange binder cost:0
06-19 15:07:33.174  2018  3127 D libsensor-displayalgo: the value of  brightness:438.000000,R:69587043.191068,G:65526517.975381,B:69895336.507280,EVENT_C:5505.500000,EVENT_R:2087.500000,EVENT_G:2834.500000,EVENT_B:1117.500000
06-19 15:07:33.174  2018  3127 I libsensor-displayalgo: the value of  Coef1:1107.681000,Coef4:2.383000, scale1:0.935522, scale4:0.923264
06-19 15:07:33.175  2018  3127 E libsensor-displayalgo: RGB_test_0407_400_oldzy!
06-19 15:07:33.175  2018  3127 I libsensor-displayalgo: the value of  RESULT2823.388905,1127.139545,1363.270181,509.570346
06-19 15:07:33.175  2018  3127 I libsensor-displayalgo: the value of  getChannelDataCalibrated2960.169134,1043.948473,1584.534629,556.161743
06-19 15:07:33.175  2018  3127 I libsensor-displayalgo: the value of  REAL LUX151.565063
06-19 15:07:33.175  2018  3127 I libsensor-displayalgo: the value of  CAL REAL LUX151.565063
06-19 15:07:33.320  1265  2358 I vendor.qti.hardware.display.composer-service: FrameNotifyProcess Sensor: notify citsensorservice to trigger cwb
06-19 15:07:33.320  2018  2111 I libcitsensorservice@2.0-impl: msg_transfer
06-19 15:07:33.321  2018  3098 D vendor.xiaomi.sensor.citsensorservice@2.0-service: handle id:9 wxh:1280x2400 uwxuh:1080x2400 size: 9216000 fd:15 fd_meta:16 flags:0x4000228 usage:0x33  format:0x3 layer_count: 1
06-19 15:07:33.321  1265  1889 I SDM     : HWCSession::SetCWBOutputBuffer: CWB config passed by cwb_client : tappoint 1  CWB_ROI : (829.000000 4.000000 915.000000 90.000000)
06-19 15:07:33.324  1265  5382 I SDM     : HWCSession::ProcessRequests: Successfully configured CWB buffer.
06-19 15:07:33.331  1265  5382 I SDM     : HWCSession::ProcessRequests: Pushing release fence in fenece wait queue.
06-19 15:07:33.331  1265  5382 I SDM     : HWCSession::ProcessRequests: Creating AsyncFenceWaits async thread.
06-19 15:07:33.332  1265  5382 I SDM     : HWCSession::ProcessRequests: Remove current CWB request from the pending request queue.
06-19 15:07:33.333  1265  5382 I SDM     : HWCSession::ProcessRequests: No pending cwb requests found in the queue.
06-19 15:07:33.336  1265  1584 I SDM     : HWDeviceDRM::SetupConcurrentWriteback: Tear down the Concurrent Writeback topology
06-19 15:07:33.345  1265  5384 I SDM     : HWCSession::NotifyCWBStatus: Notify the client about buffer status 0.
06-19 15:07:33.346  1265  5384 I SDM     : HWCSession::PerformFenceWaits: Remove current release fence from the pending fence wait queue.
06-19 15:07:33.346  1265  5384 I SDM     : HWCSession::PerformFenceWaits: CWB fence queue is empty. No pending release fence to wait on.
06-19 15:07:33.473  2018  3127 D libsensor-displayalgo: the value of  brightness:438.000000,R:69587043.191068,G:65526517.975381,B:69895336.507280,EVENT_C:5171.500000,EVENT_R:1987.000000,EVENT_G:2646.000000,EVENT_B:1043.000000
06-19 15:07:33.474  2018  3127 I libsensor-displayalgo: the value of  Coef1:1107.681000,Coef4:2.383000, scale1:0.935522, scale4:0.923264
06-19 15:07:33.474  2018  3127 E libsensor-displayalgo: RGB_test_0407_400_oldzy!
06-19 15:07:33.474  2018  3127 I libsensor-displayalgo: the value of  RESULT2823.388905,1127.139545,1363.270181,509.570346
06-19 15:07:33.474  2018  3127 I libsensor-displayalgo: the value of  getChannelDataCalibrated2960.169134,1043.948473,1584.534629,556.161743
06-19 15:07:33.474  2018  3127 I libsensor-displayalgo: the value of  REAL LUX129.257370
06-19 15:07:33.474  2018  3127 I libsensor-displayalgo: the value of  CAL REAL LUX129.257370
06-19 15:07:33.624  1265  2358 I vendor.qti.hardware.display.composer-service: FrameNotifyProcess Sensor: notify citsensorservice to trigger cwb
06-19 15:07:33.625  2018  2111 I libcitsensorservice@2.0-impl: msg_transfer
06-19 15:07:33.625  2018  3098 D vendor.xiaomi.sensor.citsensorservice@2.0-service: handle id:9 wxh:1280x2400 uwxuh:1080x2400 size: 9216000 fd:15 fd_meta:16 flags:0x4000228 usage:0x33  format:0x3 layer_count: 1
06-19 15:07:33.625  1265  1889 I SDM     : HWCSession::SetCWBOutputBuffer: CWB config passed by cwb_client : tappoint 1  CWB_ROI : (829.000000 4.000000 915.000000 90.000000)
06-19 15:07:33.630  1265  5392 I SDM     : HWCSession::ProcessRequests: Successfully configured CWB buffer.
06-19 15:07:33.637  1265  5392 I SDM     : HWCSession::ProcessRequests: Pushing release fence in fenece wait queue.
06-19 15:07:33.637  1265  5392 I SDM     : HWCSession::ProcessRequests: Creating AsyncFenceWaits async thread.
06-19 15:07:33.637  1265  5392 I SDM     : HWCSession::ProcessRequests: Remove current CWB request from the pending request queue.
06-19 15:07:33.638  1265  5392 I SDM     : HWCSession::ProcessRequests: No pending cwb requests found in the queue.
06-19 15:07:33.640  1265  1584 I SDM     : HWDeviceDRM::SetupConcurrentWriteback: Tear down the Concurrent Writeback topology
06-19 15:07:33.650  1265  5395 I SDM     : HWCSession::NotifyCWBStatus: Notify the client about buffer status 0.
06-19 15:07:33.650  1265  5395 I SDM     : HWCSession::PerformFenceWaits: Remove current release fence from the pending fence wait queue.
06-19 15:07:33.651  1265  5395 I SDM     : HWCSession::PerformFenceWaits: CWB fence queue is empty. No pending release fence to wait on.
06-19 15:07:33.656  5405  9716 D SLM-SRV-SLAService: checktemp temperature = 35981 temperature_average = 36015 isPerformanceMode = false thermal_enable_slm = true
06-19 15:07:33.672  1930  1967 I mstatdaemon: Entering time loop
06-19 15:07:33.672  1930  1967 I mstatdaemon: t = 1687158453
06-19 15:07:33.672  1930  1967 I mstatdaemon: translated_t = 1371168453
06-19 15:07:33.672  1930  1967 I mstat_log: mstatcommitLog log_alloc() failed
06-19 15:07:33.774  2018  3127 D libsensor-displayalgo: the value of  brightness:438.000000,R:69587043.191068,G:65526517.975381,B:69895336.507280,EVENT_C:5170.000000,EVENT_R:1988.500000,EVENT_G:2646.000000,EVENT_B:1043.000000
06-19 15:07:33.774  2018  3127 I libsensor-displayalgo: the value of  Coef1:1107.681000,Coef4:2.383000, scale1:0.935522, scale4:0.923264
06-19 15:07:33.774  2018  3127 E libsensor-displayalgo: RGB_test_0407_400_oldzy!
06-19 15:07:33.775  2018  3127 I libsensor-displayalgo: the value of  RESULT2823.388905,1127.139545,1363.270181,509.570346
06-19 15:07:33.775  2018  3127 I libsensor-displayalgo: the value of  getChannelDataCalibrated2960.169134,1043.948473,1584.534629,556.161743
06-19 15:07:33.775  2018  3127 I libsensor-displayalgo: the value of  REAL LUX129.094971
06-19 15:07:33.775  2018  3127 I libsensor-displayalgo: the value of  CAL REAL LUX129.094971
06-19 15:07:33.945  1265  2358 I vendor.qti.hardware.display.composer-service: FrameNotifyProcess Sensor: notify citsensorservice to trigger cwb
06-19 15:07:33.946  2018  2111 I libcitsensorservice@2.0-impl: msg_transfer
06-19 15:07:33.946  2018  3098 D vendor.xiaomi.sensor.citsensorservice@2.0-service: handle id:9 wxh:1280x2400 uwxuh:1080x2400 size: 9216000 fd:15 fd_meta:16 flags:0x4000228 usage:0x33  format:0x3 layer_count: 1
06-19 15:07:33.946  1265  1889 I SDM     : HWCSession::SetCWBOutputBuffer: CWB config passed by cwb_client : tappoint 1  CWB_ROI : (829.000000 4.000000 915.000000 90.000000)
06-19 15:07:33.950  1265  5397 I SDM     : HWCSession::ProcessRequests: Successfully configured CWB buffer.
06-19 15:07:33.957  1265  5397 I SDM     : HWCSession::ProcessRequests: Pushing release fence in fenece wait queue.
06-19 15:07:33.957  1265  5397 I SDM     : HWCSession::ProcessRequests: Creating AsyncFenceWaits async thread.
06-19 15:07:33.957  1265  5397 I SDM     : HWCSession::ProcessRequests: Remove current CWB request from the pending request queue.
06-19 15:07:33.957  1265  5397 I SDM     : HWCSession::ProcessRequests: No pending cwb requests found in the queue.
06-19 15:07:33.962  1265  1584 I SDM     : HWDeviceDRM::SetupConcurrentWriteback: Tear down the Concurrent Writeback topology
06-19 15:07:33.971  1265  5398 I SDM     : HWCSession::NotifyCWBStatus: Notify the client about buffer status 0.
06-19 15:07:33.972  1265  5398 I SDM     : HWCSession::PerformFenceWaits: Remove current release fence from the pending fence wait queue.
06-19 15:07:33.972  1265  5398 I SDM     : HWCSession::PerformFenceWaits: CWB fence queue is empty. No pending release fence to wait on.
06-19 15:07:34.074  2018  3127 D libsensor-displayalgo: the value of  brightness:438.000000,R:69587043.191068,G:65526517.975381,B:69895336.507280,EVENT_C:5172.000000,EVENT_R:1988.500000,EVENT_G:2643.000000,EVENT_B:1044.000000
06-19 15:07:34.074  2018  3127 I libsensor-displayalgo: the value of  Coef1:1107.681000,Coef4:2.383000, scale1:0.935522, scale4:0.923264
06-19 15:07:34.074  2018  3127 E libsensor-displayalgo: RGB_test_0407_400_oldzy!
06-19 15:07:34.075  2018  3127 I libsensor-displayalgo: the value of  RESULT2823.388905,1127.139545,1363.270181,509.570346
06-19 15:07:34.075  2018  3127 I libsensor-displayalgo: the value of  getChannelDataCalibrated2960.169134,1043.948473,1584.534629,556.161743
06-19 15:07:34.075  2018  3127 I libsensor-displayalgo: the value of  REAL LUX129.018387
06-19 15:07:34.075  2018  3127 I libsensor-displayalgo: the value of  CAL REAL LUX129.018387
06-19 15:07:34.146  4233  4233 D MiPlayDetailViewModel: onPositionChange(): position = 8091
06-19 15:07:34.146  5809  5180 I SafeBinderCall: onPositionChange binder cost:0
06-19 15:07:34.170  3516  3548 I appium  : channel read: POST /wd/hub/session/b735d707-720b-43fa-9eab-d335df2c07b4/actions
06-19 15:07:34.173  3516  3548 I appium  : W3CActions command
06-19 15:07:34.250  1265  2358 I vendor.qti.hardware.display.composer-service: FrameNotifyProcess Sensor: notify citsensorservice to trigger cwb
06-19 15:07:34.250  2018  2111 I libcitsensorservice@2.0-impl: msg_transfer
06-19 15:07:34.251  2018  3098 D vendor.xiaomi.sensor.citsensorservice@2.0-service: handle id:9 wxh:1280x2400 uwxuh:1080x2400 size: 9216000 fd:15 fd_meta:16 flags:0x4000228 usage:0x33  format:0x3 layer_count: 1
06-19 15:07:34.252  1265  1889 I SDM     : HWCSession::SetCWBOutputBuffer: CWB config passed by cwb_client : tappoint 1  CWB_ROI : (829.000000 4.000000 915.000000 90.000000)
06-19 15:07:34.253  1265  5404 I SDM     : HWCSession::ProcessRequests: Successfully configured CWB buffer.
06-19 15:07:34.262  1265  5404 I SDM     : HWCSession::ProcessRequests: Pushing release fence in fenece wait queue.
06-19 15:07:34.262  1265  5404 I SDM     : HWCSession::ProcessRequests: Creating AsyncFenceWaits async thread.
06-19 15:07:34.263  1265  5404 I SDM     : HWCSession::ProcessRequests: Remove current CWB request from the pending request queue.
06-19 15:07:34.263  1265  5404 I SDM     : HWCSession::ProcessRequests: No pending cwb requests found in the queue.
06-19 15:07:34.268  1265  1584 I SDM     : HWDeviceDRM::SetupConcurrentWriteback: Tear down the Concurrent Writeback topology
06-19 15:07:34.276  1265  5407 I SDM     : HWCSession::NotifyCWBStatus: Notify the client about buffer status 0.
06-19 15:07:34.276  1265  5407 I SDM     : HWCSession::PerformFenceWaits: Remove current release fence from the pending fence wait queue.
06-19 15:07:34.276  1265  5407 I SDM     : HWCSession::PerformFenceWaits: CWB fence queue is empty. No pending release fence to wait on.
06-19 15:07:34.374  2018  3127 D libsensor-displayalgo: the value of  brightness:438.000000,R:69587043.191068,G:65526517.975381,B:69895336.507280,EVENT_C:5160.000000,EVENT_R:1982.000000,EVENT_G:2638.000000,EVENT_B:1040.500000
06-19 15:07:34.374  2018  3127 I libsensor-displayalgo: the value of  Coef1:1107.681000,Coef4:2.383000, scale1:0.935522, scale4:0.923264
06-19 15:07:34.374  2018  3127 E libsensor-displayalgo: RGB_test_0407_400_oldzy!
06-19 15:07:34.375  2018  3127 I libsensor-displayalgo: the value of  RESULT2823.388905,1127.139545,1363.270181,509.570346
06-19 15:07:34.375  2018  3127 I libsensor-displayalgo: the value of  getChannelDataCalibrated2960.169134,1043.948473,1584.534629,556.161743
06-19 15:07:34.375  2018  3127 I libsensor-displayalgo: the value of  REAL LUX128.473373
06-19 15:07:34.375  2018  3127 I libsensor-displayalgo: the value of  CAL REAL LUX128.473373
06-19 15:07:34.396  5858  5858 D MilletUtils: checkDownload uid =10494 per=19 delTime=4005 delByte=80119nowByte=130485106 before=130404987
06-19 15:07:34.396  5858  5858 D MilletUtils: broadcastMsg uid =10494 val=false delete
06-19 15:07:34.463  2431  2445 D MIUIInput: Input event injection from pid 3499, MotionEvent: DOWN
06-19 15:07:34.464  2431  2938 D MIUIInput: [MotionEvent] publisher action=0x4, 351439053, channel '7c87e50 NavigationBar0 (server)'
06-19 15:07:34.465  2431  2938 D MIUIInput: [MotionEvent] publisher action=0x0, 351439053, channel 'f8822cd cn.missevan/cn.missevan.activity.MainActivity (server)'
06-19 15:07:34.466  3566  3566 D MIUIInput: [MotionEvent] ViewRootImpl windowName 'cn.missevan/cn.missevan.activity.MainActivity', { action=ACTION_DOWN, id[0]=0, pointerCount=1, eventTime=351439053, downTime=351439052, phoneEventTime=15:07:34.453 } moveCount:0
06-19 15:07:34.469  3516  3548 I appium  : [351439053 (success)] Synthesized: MotionEvent { action=ACTION_DOWN, actionButton=0, id[0]=0, x[0]=540.0, y[0]=1692.0, toolType[0]=TOOL_TYPE_FINGER, buttonState=0, classification=NONE, metaState=0, flags=0x0, edgeFlags=0x0, pointerCount=1, historySize=0, eventTime=351439053, downTime=351439052, deviceId=0, source=0x1002, displayId=0, eventId=-505032011 }
06-19 15:07:34.481  5294 26774 W MiuiPerfServiceClient: interceptAndQueuing:3566|cn.missevan|174|95|351437406645622|Slow main thread|4
06-19 15:07:34.554  1265  2358 I vendor.qti.hardware.display.composer-service: FrameNotifyProcess Sensor: notify citsensorservice to trigger cwb
06-19 15:07:34.555  2018  2108 I libcitsensorservice@2.0-impl: msg_transfer
06-19 15:07:34.555  2018  3098 D vendor.xiaomi.sensor.citsensorservice@2.0-service: handle id:9 wxh:1280x2400 uwxuh:1080x2400 size: 9216000 fd:15 fd_meta:16 flags:0x4000228 usage:0x33  format:0x3 layer_count: 1
06-19 15:07:34.556  1265  1889 I SDM     : HWCSession::SetCWBOutputBuffer: CWB config passed by cwb_client : tappoint 1  CWB_ROI : (829.000000 4.000000 915.000000 90.000000)
06-19 15:07:34.561  1265  5410 I SDM     : HWCSession::ProcessRequests: Successfully configured CWB buffer.
06-19 15:07:34.574  1265  5410 I SDM     : HWCSession::ProcessRequests: Pushing release fence in fenece wait queue.
06-19 15:07:34.574  1265  5410 I SDM     : HWCSession::ProcessRequests: Creating AsyncFenceWaits async thread.
06-19 15:07:34.574  1265  5410 I SDM     : HWCSession::ProcessRequests: Remove current CWB request from the pending request queue.
06-19 15:07:34.574  1265  5410 I SDM     : HWCSession::ProcessRequests: No pending cwb requests found in the queue.
06-19 15:07:34.579  1265  1584 I SDM     : HWDeviceDRM::SetupConcurrentWriteback: Tear down the Concurrent Writeback topology
06-19 15:07:34.583  1265  5420 I SDM     : HWCSession::NotifyCWBStatus: Notify the client about buffer status 0.
06-19 15:07:34.583  1265  5420 I SDM     : HWCSession::PerformFenceWaits: Remove current release fence from the pending fence wait queue.
06-19 15:07:34.583  1265  5420 I SDM     : HWCSession::PerformFenceWaits: CWB fence queue is empty. No pending release fence to wait on.
06-19 15:07:34.629  2431  2945 I BatteryService: current mPlugType2current mHealthInfo.batteryLevel100current mHealthInfo.batteryTemperature350
06-19 15:07:34.635  5858  7526 D ThermalIECHandler: storeDataStyle: thermal_iec_monitor_persistence_data_style_iec_state; startIECTime: -1; IECScreenOffOverPeriodTime: 197512392
06-19 15:07:34.636  4190  4190 D DynamicService:  ACTION_BATTERY_CHANGED change,USB plug = 2
06-19 15:07:34.638  4145  4145 D QtiCarrierConfigHelper: WARNING, no carrier configs on phone Id: 1
06-19 15:07:34.642  2431  2647 I android_os_HwBinder: HwBinder: Starting thread pool for getting: vendor.xiaomi.hardware.micharge@1.0::IMiCharge/default
06-19 15:07:34.643  1322 19976 E vendor.xiaomi.hardware.micharge@1.0-service: Failed to open node /sys/class/qcom-battery/reverse_chg_mode
06-19 15:07:34.643  1322 19976 I vendor.xiaomi.hardware.micharge@1.0-service: ReadFilePathValue path = /sys/class/qcom-battery/reverse_chg_mode value =
06-19 15:07:34.643  5858  7218 D PowerCheckerService: onBatteryChanged, mBatteryLevel = 100, status = 2, level = 100, plug = 2, scale = 100
06-19 15:07:34.646  5735  5735 I BatteryInfoReceiver: ACTION_BATTERY_CHANGED
06-19 15:07:34.647  5735  5735 I PowerNoticeUI: handleBatteryChanged oldPlugType 2 mPlugType 2 oldBatteryLevel 100 mBatteryLevel 100 temperature 350
06-19 15:07:34.647  5858  7667 D PowerKeeper.Thermal: mBatteryTemperature: 35
06-19 15:07:34.650  4176  4176 V DeviceStatisticsService: chargerType=2 batteryLevel=100 totalBatteryCapacity=4173000
06-19 15:07:34.650  5858  6736 D PowerKeeper.FrozenApp: onBatteryChanged plug=true mBatteryPlugged=2
06-19 15:07:34.651  5735 10484 I android_os_HwBinder: HwBinder: Starting thread pool for getting: vendor.xiaomi.hardware.micharge@1.0::IMiCharge/default
06-19 15:07:34.652  1322 19976 I vendor.xiaomi.hardware.micharge@1.0-service: ReadFilePathValue path = /sys/class/qcom-battery/night_charging value = 0
06-19 15:07:34.652  5735 10484 I ChargeProtectionUtils: getNightChargingState: 0
06-19 15:07:34.657  2431  2647 I android_os_HwBinder: HwBinder: Starting thread pool for getting: vendor.xiaomi.hardware.micharge@1.0::IMiCharge/default
06-19 15:07:34.657  1322 19976 I vendor.xiaomi.hardware.micharge@1.0-service: ReadFilePathValue path = /sys/class/qcom-battery/fastchg_mode value = 0
06-19 15:07:34.674  2018  3127 D libsensor-displayalgo: the value of  brightness:438.000000,R:69587043.191068,G:65526517.975381,B:69895336.507280,EVENT_C:5167.000000,EVENT_R:1985.500000,EVENT_G:2642.000000,EVENT_B:1042.000000
06-19 15:07:34.674  2018  3127 I libsensor-displayalgo: the value of  Coef1:1107.681000,Coef4:2.383000, scale1:0.935522, scale4:0.923264
06-19 15:07:34.674  2018  3127 E libsensor-displayalgo: RGB_test_0407_400_oldzy!
06-19 15:07:34.675  2018  3127 I libsensor-displayalgo: the value of  RESULT2823.388905,1127.139545,1363.270181,509.570346
06-19 15:07:34.675  2018  3127 I libsensor-displayalgo: the value of  getChannelDataCalibrated2960.169134,1043.948473,1584.534629,556.161743
06-19 15:07:34.675  2018  3127 I libsensor-displayalgo: the value of  REAL LUX128.895569
06-19 15:07:34.675  2018  3127 I libsensor-displayalgo: the value of  CAL REAL LUX128.895569
