07-12 11:30:09.063  2502  3457 V bt_stack: [VERBOSE1:btm_ble_gap.cc(1848)] btm_ble_process_adv_addr: bda=3a:79:18:03:3e:f3
07-12 11:30:09.063  2502  3457 V bt_stack: [VERBOSE1:btm_inq.cc(1019)] BTM_InqDbRead: bd addr 3a:79:18:03:3e:f3
07-12 11:30:09.143   904  3454 I vendor.qti.bluetooth@1.0-ibs_handler: ProcessIbsCmd: Received IBS_SLEEP_IND: 0xFE
07-12 11:30:09.319 19017 19622 D CCodecBuffers: [c2.android.aac.decoder#295:1D-Input.Impl[N]] codec released a buffer owned by client (index 0)
07-12 11:30:09.701  5340 19139 I SafeBinderCall: onPositionChange binder cost:1
07-12 11:30:09.778   904  3454 I vendor.qti.bluetooth@1.0-ibs_handler: ProcessIbsCmd: Received IBS_WAKE_IND: 0xFD
07-12 11:30:09.778   904  3454 I vendor.qti.bluetooth@1.0-ibs_handler: ProcessIbsCmd: Writing IBS_WAKE_ACK
07-12 11:30:09.780  2502  3457 V bt_stack: [VERBOSE1:btm_ble_gap.cc(1924)] btm_ble_process_ext_adv_pkt: bda=0b:97:52:fd:81:3d
07-12 11:30:09.780  2502  3457 V bt_stack: [VERBOSE1:btm_ble_gap.cc(1848)] btm_ble_process_adv_addr: bda=0b:97:52:fd:81:3d
07-12 11:30:09.780  2502  3457 V bt_stack: [VERBOSE1:btm_inq.cc(1019)] BTM_InqDbRead: bd addr 0b:97:52:fd:81:3d
07-12 11:30:09.850 19017 19622 D CCodecBuffers: [c2.android.aac.decoder#295:1D-Input.Impl[N]] codec released a buffer owned by client (index 1)
07-12 11:30:09.859   904  3454 I vendor.qti.bluetooth@1.0-ibs_handler: ProcessIbsCmd: Received IBS_SLEEP_IND: 0xFE
07-12 11:30:10.058   904  3460 I vendor.qti.bluetooth@1.0-ibs_handler: DeviceSleep: TX Awake, Sending SLEEP_IND
07-12 11:30:10.058   904  3460 D vendor.qti.bluetooth@1.0-ibs_handler: SerialClockVote: vote for UART CLK OFF
07-12 11:30:10.208   904  3130 D vendor.qti.bluetooth@1.0-wake_lock: Release wakelock is released
07-12 11:30:10.701  5340 19139 I SafeBinderCall: onPositionChange binder cost:1
07-12 11:30:10.811 20445 20475 W QueryController: Could not detect idle state.
07-12 11:30:10.852 20445 20475 W ByMatcher: Node returned null child: android.view.accessibility.AccessibilityNodeInfo@4d61d2; boundsInParent: Rect(0, 0 - 1080, 941); boundsInScreen: Rect(0, 220 - 1080, 1161); packageName: cn.missevan; className: android.widget.FrameLayout; text: null; error: null; maxTextLength: -1; stateDescription: null; contentDescription: null; tooltipText: null; viewIdResName: cn.missevan:id/danmakuView; checkable: false; checked: false; focusable: false; focused: false; selected: false; clickable: false; longClickable: false; contextClickable: false; enabled: true; password: false; scrollable: false; importantForAccessibility: false; visible: true; actions: [AccessibilityAction: ACTION_SELECT - null, AccessibilityAction: ACTION_CLEAR_SELECTION - null, AccessibilityAction: ACTION_ACCESSIBILITY_FOCUS - null, AccessibilityAction: ACTION_SHOW_ON_SCREEN - null]
07-12 11:30:10.853 20445 20475 W ByMatcher: Skipping null child (1 of 2)
07-12 11:30:10.880 20445 20475 I appium  : AppiumResponse: {"sessionId":"5a52aa9d-3d89-4420-8d71-9f37d45d203f","value":{"ELEMENT":"00000000-0000-0094-ffff-ffff00001477","element-6066-11e4-a52e-4f735466cecf":"00000000-0000-0094-ffff-ffff00001477"}}
07-12 11:30:11.017 19017 19637 D CCodecBufferChannel: [c2.android.aac.decoder#295] DEBUG: elapsed: n=6 [in=0 pipeline=0 out=2 smoothness=4]
07-12 11:30:11.017 19017 19637 D PipelineWatcher: DEBUG: elapsed 2 / 6
07-12 11:30:11.118   904  3454 I vendor.qti.bluetooth@1.0-ibs_handler: ProcessIbsCmd: Received IBS_WAKE_IND: 0xFD
07-12 11:30:11.118   904  3454 D vendor.qti.bluetooth@1.0-ibs_handler: SerialClockVote: vote for UART CLK ON
07-12 11:30:11.118   904  3454 D vendor.qti.bluetooth@1.0-wake_lock: Acquire wakelock is acquired
07-12 11:30:11.118   904  3454 I vendor.qti.bluetooth@1.0-ibs_handler: ProcessIbsCmd: Writing IBS_WAKE_ACK
07-12 11:30:11.120  2502  3457 V bt_stack: [VERBOSE1:btm_ble_gap.cc(1924)] btm_ble_process_ext_adv_pkt: bda=82:77:16:df:41:1c
07-12 11:30:11.120  2502  3457 V bt_stack: [VERBOSE1:btm_ble_gap.cc(1848)] btm_ble_process_adv_addr: bda=82:77:16:df:41:1c
07-12 11:30:11.120  2502  3457 V bt_stack: [VERBOSE1:btm_ble_gap.cc(2058)]  Waiting for scan response 82:77:16:df:41:1c
07-12 11:30:11.120  2502  3457 V bt_stack: [VERBOSE1:btm_ble_gap.cc(1924)] btm_ble_process_ext_adv_pkt: bda=82:77:16:df:41:1c
07-12 11:30:11.120  2502  3457 V bt_stack: [VERBOSE1:btm_ble_gap.cc(1848)] btm_ble_process_adv_addr: bda=82:77:16:df:41:1c
07-12 11:30:11.120  2502  3457 V bt_stack: [VERBOSE1:btm_inq.cc(1019)] BTM_InqDbRead: bd addr 82:77:16:df:41:1c
07-12 11:30:11.130  3471  3587 D MiuiMiHomeConnectController: getDeviceTimes
07-12 11:30:11.131  3471  3587 D MiuiMiHomeConnectController: result.getRssi = -6700:00:00:DF:41:1C
07-12 11:30:11.134  3471  3587 D MiuiMiHomeDownloadManager: check local file : null
07-12 11:30:11.134  3471  3587 D MiuiMiHomeDownloadManager: device: 5306    return rssiNum: -50
07-12 11:30:11.134  3471  3587 D MiuiMiHomeConnectController: rssi num is not fit cloud data
07-12 11:30:11.199   904  3454 I vendor.qti.bluetooth@1.0-ibs_handler: ProcessIbsCmd: Received IBS_SLEEP_IND: 0xFE
07-12 11:30:11.199   904  3454 D vendor.qti.bluetooth@1.0-ibs_handler: SerialClockVote: vote for UART CLK OFF
07-12 11:30:11.350   904  3130 D vendor.qti.bluetooth@1.0-wake_lock: Release wakelock is released
07-12 11:30:11.701  5340 19139 I SafeBinderCall: onPositionChange binder cost:1
07-12 11:30:11.718  1452 20529 D BufferPoolAccessor2.0: bufferpool2 0xb40000737b6ee028 : 5(20480 size) total buffers - 1(4096 size) used buffers - 471/476 (recycle/alloc) - 5/475 (fetch/transfer)
07-12 11:30:11.829   904  3454 I vendor.qti.bluetooth@1.0-ibs_handler: ProcessIbsCmd: Received IBS_WAKE_IND: 0xFD
07-12 11:30:11.829   904  3454 D vendor.qti.bluetooth@1.0-ibs_handler: SerialClockVote: vote for UART CLK ON
07-12 11:30:11.830   904  3454 D vendor.qti.bluetooth@1.0-wake_lock: Acquire wakelock is acquired
07-12 11:30:11.830   904  3454 I vendor.qti.bluetooth@1.0-ibs_handler: ProcessIbsCmd: Writing IBS_WAKE_ACK
07-12 11:30:11.831  2502  3457 V bt_stack: [VERBOSE1:btm_ble_gap.cc(1924)] btm_ble_process_ext_adv_pkt: bda=7c:25:da:a1:a6:8e
07-12 11:30:11.831  2502  3457 V bt_stack: [VERBOSE1:btm_ble_gap.cc(1848)] btm_ble_process_adv_addr: bda=7c:25:da:a1:a6:8e
07-12 11:30:11.831  2502  3457 V bt_stack: [VERBOSE1:btm_inq.cc(1019)] BTM_InqDbRead: bd addr 7c:25:da:a1:a6:8e
07-12 11:30:11.831  2502  3457 V bt_stack: [VERBOSE1:btm_ble_gap.cc(1924)] btm_ble_process_ext_adv_pkt: bda=c8:28:32:16:78:36
07-12 11:30:11.831  2502  3457 V bt_stack: [VERBOSE1:btm_ble_gap.cc(1848)] btm_ble_process_adv_addr: bda=c8:28:32:16:78:36
07-12 11:30:11.831  2502  3457 V bt_stack: [VERBOSE1:btm_inq.cc(1019)] BTM_InqDbRead: bd addr c8:28:32:16:78:36
07-12 11:30:11.831  2502  3457 V bt_stack: [VERBOSE1:btm_ble_gap.cc(1924)] btm_ble_process_ext_adv_pkt: bda=3a:79:18:03:3e:f3
07-12 11:30:11.832  2502  3457 V bt_stack: [VERBOSE1:btm_ble_gap.cc(1848)] btm_ble_process_adv_addr: bda=3a:79:18:03:3e:f3
07-12 11:30:11.832  2502  3457 V bt_stack: [VERBOSE1:btm_inq.cc(1019)] BTM_InqDbRead: bd addr 3a:79:18:03:3e:f3
07-12 11:30:11.832  2502  3457 V bt_stack: [VERBOSE1:btm_ble_gap.cc(1924)] btm_ble_process_ext_adv_pkt: bda=c8:28:32:16:78:36
07-12 11:30:11.832  2502  3457 V bt_stack: [VERBOSE1:btm_ble_gap.cc(1848)] btm_ble_process_adv_addr: bda=c8:28:32:16:78:36
07-12 11:30:11.832  2502  3457 V bt_stack: [VERBOSE1:btm_ble_gap.cc(2058)]  Waiting for scan response c8:28:32:16:78:36
07-12 11:30:11.835  3471  3587 E MiuiFastConnectService: check adv data not fast connect
07-12 11:30:11.836  3471  3587 E MiuiFastConnectService: check adv data not fast connect
07-12 11:30:11.911   904  3454 I vendor.qti.bluetooth@1.0-ibs_handler: ProcessIbsCmd: Received IBS_SLEEP_IND: 0xFE
07-12 11:30:11.911   904  3454 D vendor.qti.bluetooth@1.0-ibs_handler: SerialClockVote: vote for UART CLK OFF
07-12 11:30:12.002 19017 20528 D BufferPoolAccessor2.0: bufferpool2 0xb40c2e58 : 5(40960 size) total buffers - 5(40960 size) used buffers - 1/7 (recycle/alloc) - 6/491 (fetch/transfer)
07-12 11:30:12.062   904  3130 D vendor.qti.bluetooth@1.0-wake_lock: Release wakelock is released
07-12 11:30:12.319 19017 19622 D CCodecBuffers: [c2.android.aac.decoder#295:1D-Input.Impl[N]] codec released a buffer owned by client (index 0)
07-12 11:30:12.702  5340 19139 I SafeBinderCall: onPositionChange binder cost:2
07-12 11:30:12.702  2565  2565 I chatty  : uid=1000(system) com.android.systemui expire 23 lines
07-12 11:30:12.826  2963  2963 D NetworkSpeedTracker: receive actionandroid.intent.action.BATTERY_CHANGED
07-12 11:30:12.827  2963  2963 D NetworkSpeedTracker: onReceive ACTION_BATTERY_CHANGED mBatteryLevel = 100;mIsCharging =true
07-12 11:30:12.827  2829  2829 D QtiCarrierConfigHelper: WARNING, no carrier configs on phone Id: 0
07-12 11:30:12.829  4928  4928 I BatteryInfoReceiver: ACTION_BATTERY_CHANGED
07-12 11:30:12.830  6407  6935 D PowerKeeper.FrozenApp: onBatteryChanged plug=true mBatteryPlugged=2
07-12 11:30:12.830  6407  7011 D PowerCheckerService: onBatteryChanged, mBatteryLevel = 100, status = 5, level = 100, plug = 2, scale = 100
07-12 11:30:12.833  4928  6995 I android_os_HwBinder: HwBinder: Starting thread pool for getting: vendor.xiaomi.hardware.micharge@1.0::IMiCharge/default
07-12 11:30:12.834   968   968 I vendor.xiaomi.hardware.micharge@1.0-service: ReadFilePathValue path = /sys/class/power_supply/battery/night_charging value = 0
07-12 11:30:12.835  2906  2906 D DeviceStatisticsService: chargerType=2 batteryLevel=100 totalBatteryCapacity=4297000
07-12 11:30:12.835  2906  2906 D DeviceInfoHidlClient: isPowerInfoNeverSent()=true
07-12 11:30:12.835  2906  2906 D DeviceInfoHidlClient: getPowerInfoSupportStatus()=-1
07-12 11:30:12.835  4928  6995 I ChargeProtectionUtils: getNightChargingState: 0
07-12 11:30:12.863  1894  2393 I chatty  : uid=1000(system) WifiHandlerThre expire 9 lines
07-12 11:30:13.701  5340 19139 I SafeBinderCall: onPositionChange binder cost:1
07-12 11:30:13.772   904  3454 I vendor.qti.bluetooth@1.0-ibs_handler: ProcessIbsCmd: Received IBS_WAKE_IND: 0xFD
07-12 11:30:13.772   904  3454 D vendor.qti.bluetooth@1.0-ibs_handler: SerialClockVote: vote for UART CLK ON
07-12 11:30:13.772   904  3454 D vendor.qti.bluetooth@1.0-wake_lock: Acquire wakelock is acquired
07-12 11:30:13.772   904  3454 I vendor.qti.bluetooth@1.0-ibs_handler: ProcessIbsCmd: Writing IBS_WAKE_ACK
07-12 11:30:13.773  2502  3457 V bt_stack: [VERBOSE1:btm_ble_gap.cc(1924)] btm_ble_process_ext_adv_pkt: bda=3a:79:18:03:3e:f3
07-12 11:30:13.773  2502  3457 V bt_stack: [VERBOSE1:btm_ble_gap.cc(1848)] btm_ble_process_adv_addr: bda=3a:79:18:03:3e:f3
07-12 11:30:13.773  2502  3457 V bt_stack: [VERBOSE1:btm_inq.cc(1019)] BTM_InqDbRead: bd addr 3a:79:18:03:3e:f3
07-12 11:30:13.853   904  3454 I vendor.qti.bluetooth@1.0-ibs_handler: ProcessIbsCmd: Received IBS_SLEEP_IND: 0xFE
07-12 11:30:13.853   904  3454 D vendor.qti.bluetooth@1.0-ibs_handler: SerialClockVote: vote for UART CLK OFF
07-12 11:30:14.003   904  3130 D vendor.qti.bluetooth@1.0-wake_lock: Release wakelock is released
07-12 11:30:14.194 19422 19476 I tnet-jni: 408 - [spdyPingRecvCallback] -
07-12 11:30:14.194 19422 19476 I tnet-jni: 408 - [SpdySessionCallBack.spdyPingRecvCallback] - org.android.spdy.SpdySession@599dd87
07-12 11:30:14.339 19017 19637 D CCodecBufferChannel: [c2.android.aac.decoder#295] DEBUG: elapsed: n=6 [in=0 pipeline=0 out=2 smoothness=4]
07-12 11:30:14.339 19017 19637 D PipelineWatcher: DEBUG: elapsed 2 / 6
07-12 11:30:14.492   904  3454 I vendor.qti.bluetooth@1.0-ibs_handler: ProcessIbsCmd: Received IBS_WAKE_IND: 0xFD
07-12 11:30:14.492   904  3454 D vendor.qti.bluetooth@1.0-ibs_handler: SerialClockVote: vote for UART CLK ON
07-12 11:30:14.492   904  3454 D vendor.qti.bluetooth@1.0-wake_lock: Acquire wakelock is acquired
07-12 11:30:14.492   904  3454 I vendor.qti.bluetooth@1.0-ibs_handler: ProcessIbsCmd: Writing IBS_WAKE_ACK
07-12 11:30:14.494  2502  3457 V bt_stack: [VERBOSE1:btm_ble_gap.cc(1924)] btm_ble_process_ext_adv_pkt: bda=7c:25:da:a1:a6:8e
07-12 11:30:14.494  2502  3457 V bt_stack: [VERBOSE1:btm_ble_gap.cc(1848)] btm_ble_process_adv_addr: bda=7c:25:da:a1:a6:8e
07-12 11:30:14.494  2502  3457 V bt_stack: [VERBOSE1:btm_inq.cc(1019)] BTM_InqDbRead: bd addr 7c:25:da:a1:a6:8e
07-12 11:30:14.495  2502  3457 V bt_stack: [VERBOSE1:btm_ble_gap.cc(1924)] btm_ble_process_ext_adv_pkt: bda=c8:28:32:16:78:36
07-12 11:30:14.495  2502  3457 V bt_stack: [VERBOSE1:btm_ble_gap.cc(1848)] btm_ble_process_adv_addr: bda=c8:28:32:16:78:36
07-12 11:30:14.495  2502  3457 V bt_stack: [VERBOSE1:btm_inq.cc(1019)] BTM_InqDbRead: bd addr c8:28:32:16:78:36
07-12 11:30:14.497  3471  3587 E MiuiFastConnectService: check adv data not fast connect
07-12 11:30:14.498  3471  3587 E MiuiFastConnectService: check adv data not fast connect
07-12 11:30:14.573   904  3454 I vendor.qti.bluetooth@1.0-ibs_handler: ProcessIbsCmd: Received IBS_SLEEP_IND: 0xFE
07-12 11:30:14.573   904  3454 D vendor.qti.bluetooth@1.0-ibs_handler: SerialClockVote: vote for UART CLK OFF
07-12 11:30:14.701  5340 19139 I SafeBinderCall: onPositionChange binder cost:1
07-12 11:30:14.724   904  3130 D vendor.qti.bluetooth@1.0-wake_lock: Release wakelock is released
07-12 11:30:15.109   904  3454 I vendor.qti.bluetooth@1.0-ibs_handler: ProcessIbsCmd: Received IBS_WAKE_IND: 0xFD
07-12 11:30:15.109   904  3454 D vendor.qti.bluetooth@1.0-ibs_handler: SerialClockVote: vote for UART CLK ON
07-12 11:30:15.110   904  3454 D vendor.qti.bluetooth@1.0-wake_lock: Acquire wakelock is acquired
07-12 11:30:15.110   904  3454 I vendor.qti.bluetooth@1.0-ibs_handler: ProcessIbsCmd: Writing IBS_WAKE_ACK
07-12 11:30:15.112  2502  3457 V bt_stack: [VERBOSE1:btm_ble_gap.cc(1924)] btm_ble_process_ext_adv_pkt: bda=7c:25:da:a1:a6:8e
07-12 11:30:15.112  2502  3457 V bt_stack: [VERBOSE1:btm_ble_gap.cc(1848)] btm_ble_process_adv_addr: bda=7c:25:da:a1:a6:8e
07-12 11:30:15.112  2502  3457 V bt_stack: [VERBOSE1:btm_inq.cc(1019)] BTM_InqDbRead: bd addr 7c:25:da:a1:a6:8e
07-12 11:30:15.113  2502  3457 V bt_stack: [VERBOSE1:btm_ble_gap.cc(1924)] btm_ble_process_ext_adv_pkt: bda=d4:5e:ec:42:d1:94
07-12 11:30:15.113  2502  3457 V bt_stack: [VERBOSE1:btm_ble_gap.cc(1848)] btm_ble_process_adv_addr: bda=d4:5e:ec:42:d1:94
07-12 11:30:15.113  2502  3457 V bt_stack: [VERBOSE1:btm_ble_gap.cc(2058)]  Waiting for scan response d4:5e:ec:42:d1:94
07-12 11:30:15.113  2502  3457 V bt_stack: [VERBOSE1:btm_ble_gap.cc(1924)] btm_ble_process_ext_adv_pkt: bda=d4:5e:ec:42:d1:94
07-12 11:30:15.113  2502  3457 V bt_stack: [VERBOSE1:btm_ble_gap.cc(1848)] btm_ble_process_adv_addr: bda=d4:5e:ec:42:d1:94
07-12 11:30:15.113  2502  3457 V bt_stack: [VERBOSE1:btm_inq.cc(1019)] BTM_InqDbRead: bd addr d4:5e:ec:42:d1:94
07-12 11:30:15.118  3471  3587 E MiuiFastConnectService: check adv data not fast connect
07-12 11:30:15.126  3471  3587 D MiuiMiHomeConnectController: getDeviceTimes
07-12 11:30:15.127  3471  3587 D MiuiMiHomeConnectController: result.getRssi = -6700:00:00:42:D1:94
07-12 11:30:15.128  3471  3587 D MiuiMiHomeDownloadManager: check local file : null
07-12 11:30:15.128  3471  3587 D MiuiMiHomeDownloadManager: device: 41646    return rssiNum: -50
07-12 11:30:15.128  3471  3587 D MiuiMiHomeConnectController: rssi num is not fit cloud data
07-12 11:30:15.191   904  3454 I vendor.qti.bluetooth@1.0-ibs_handler: ProcessIbsCmd: Received IBS_SLEEP_IND: 0xFE
07-12 11:30:15.191   904  3454 D vendor.qti.bluetooth@1.0-ibs_handler: SerialClockVote: vote for UART CLK OFF
07-12 11:30:15.341   904  3130 D vendor.qti.bluetooth@1.0-wake_lock: Release wakelock is released
07-12 11:30:15.701  5340 19139 I SafeBinderCall: onPositionChange binder cost:1
07-12 11:30:16.477   904  3454 I vendor.qti.bluetooth@1.0-ibs_handler: ProcessIbsCmd: Received IBS_WAKE_IND: 0xFD
07-12 11:30:16.477   904  3454 D vendor.qti.bluetooth@1.0-ibs_handler: SerialClockVote: vote for UART CLK ON
07-12 11:30:16.477   904  3454 D vendor.qti.bluetooth@1.0-wake_lock: Acquire wakelock is acquired
07-12 11:30:16.477   904  3454 I vendor.qti.bluetooth@1.0-ibs_handler: ProcessIbsCmd: Writing IBS_WAKE_ACK
07-12 11:30:16.479  2502  3457 V bt_stack: [VERBOSE1:btm_ble_gap.cc(1924)] btm_ble_process_ext_adv_pkt: bda=c8:28:32:16:78:36
07-12 11:30:16.479  2502  3457 V bt_stack: [VERBOSE1:btm_ble_gap.cc(1848)] btm_ble_process_adv_addr: bda=c8:28:32:16:78:36
07-12 11:30:16.479  2502  3457 V bt_stack: [VERBOSE1:btm_ble_gap.cc(2058)]  Waiting for scan response c8:28:32:16:78:36
07-12 11:30:16.479  2502  3457 V bt_stack: [VERBOSE1:btm_ble_gap.cc(1924)] btm_ble_process_ext_adv_pkt: bda=c8:28:32:16:78:36
07-12 11:30:16.479  2502  3457 V bt_stack: [VERBOSE1:btm_ble_gap.cc(1848)] btm_ble_process_adv_addr: bda=c8:28:32:16:78:36
07-12 11:30:16.479  2502  3457 V bt_stack: [VERBOSE1:btm_inq.cc(1019)] BTM_InqDbRead: bd addr c8:28:32:16:78:36
07-12 11:30:16.484  3471  3587 E MiuiFastConnectService: check adv data not fast connect
07-12 11:30:16.484  3471  3587 D MiuiNearbyService: getNearbyService() - returning com.android.bluetooth.ble.app.MiuiNearbyService@32df939
07-12 11:30:16.487  5834  6616 E IDM-BleBackGround: MiConnect EndPoint found
07-12 11:30:16.558   904  3454 I vendor.qti.bluetooth@1.0-ibs_handler: ProcessIbsCmd: Received IBS_SLEEP_IND: 0xFE
07-12 11:30:16.558   904  3454 D vendor.qti.bluetooth@1.0-ibs_handler: SerialClockVote: vote for UART CLK OFF
07-12 11:30:16.560  8102  8283 D MemoryCeilingMonitor: [handleMemoryCalculate]
07-12 11:30:16.560  8102  8283 D MemoryCeilingMonitor: [calculate] tot: 4037823, max: 268435456, free: 681775, heap: 3356048, per: 0.01250225305557251
07-12 11:30:16.701  5340 19139 I SafeBinderCall: onPositionChange binder cost:1
07-12 11:30:16.708   904  3130 D vendor.qti.bluetooth@1.0-wake_lock: Release wakelock is released
07-12 11:30:16.806  1452 20529 D BufferPoolAccessor2.0: bufferpool2 0xb40000737b6ee028 : 5(20480 size) total buffers - 1(4096 size) used buffers - 689/694 (recycle/alloc) - 5/693 (fetch/transfer)
07-12 11:30:17.080 19017 20528 D BufferPoolAccessor2.0: bufferpool2 0xb40c2e58 : 5(40960 size) total buffers - 5(40960 size) used buffers - 1/7 (recycle/alloc) - 6/710 (fetch/transfer)
07-12 11:30:17.700  5340 19139 I SafeBinderCall: onPositionChange binder cost:0
07-12 11:30:17.741 19017 19637 D CCodecBufferChannel: [c2.android.aac.decoder#295] DEBUG: elapsed: n=6 [in=0 pipeline=0 out=2 smoothness=4]
07-12 11:30:17.741 19017 19637 D PipelineWatcher: DEBUG: elapsed 2 / 6
07-12 11:30:17.786   904  3454 I vendor.qti.bluetooth@1.0-ibs_handler: ProcessIbsCmd: Received IBS_WAKE_IND: 0xFD
07-12 11:30:17.786   904  3454 D vendor.qti.bluetooth@1.0-ibs_handler: SerialClockVote: vote for UART CLK ON
07-12 11:30:17.786   904  3454 D vendor.qti.bluetooth@1.0-wake_lock: Acquire wakelock is acquired
07-12 11:30:17.786   904  3454 I vendor.qti.bluetooth@1.0-ibs_handler: ProcessIbsCmd: Writing IBS_WAKE_ACK
07-12 11:30:17.788  2502  3457 V bt_stack: [VERBOSE1:btm_ble_gap.cc(1924)] btm_ble_process_ext_adv_pkt: bda=0b:97:52:fd:81:3d
07-12 11:30:17.788  2502  3457 V bt_stack: [VERBOSE1:btm_ble_gap.cc(1848)] btm_ble_process_adv_addr: bda=0b:97:52:fd:81:3d
07-12 11:30:17.788  2502  3457 V bt_stack: [VERBOSE1:btm_inq.cc(1019)] BTM_InqDbRead: bd addr 0b:97:52:fd:81:3d
07-12 11:30:17.788  2502  3457 V bt_stack: [VERBOSE1:btm_ble_gap.cc(1924)] btm_ble_process_ext_adv_pkt: bda=c8:28:32:16:78:36
07-12 11:30:17.788  2502  3457 V bt_stack: [VERBOSE1:btm_ble_gap.cc(1848)] btm_ble_process_adv_addr: bda=c8:28:32:16:78:36
07-12 11:30:17.788  2502  3457 V bt_stack: [VERBOSE1:btm_inq.cc(1019)] BTM_InqDbRead: bd addr c8:28:32:16:78:36
07-12 11:30:17.792  3471  3587 E MiuiFastConnectService: check adv data not fast connect
07-12 11:30:17.867   904  3454 I vendor.qti.bluetooth@1.0-ibs_handler: ProcessIbsCmd: Received IBS_SLEEP_IND: 0xFE
07-12 11:30:17.867   904  3454 D vendor.qti.bluetooth@1.0-ibs_handler: SerialClockVote: vote for UART CLK OFF
07-12 11:30:18.018   904  3130 D vendor.qti.bluetooth@1.0-wake_lock: Release wakelock is released
07-12 11:30:18.552   995   995 I chatty  : uid=1000(system) /system/bin/surfaceflinger expire 12 lines
07-12 11:30:18.576  2565  2828 I chatty  : uid=1000(system) SysUiBg expire 3 lines
07-12 11:30:18.577   968   968 I vendor.xiaomi.hardware.micharge@1.0-service: ReadFilePathValue path = /sys/class/power_supply/wireless/reverse_chg_mode value = 0
07-12 11:30:18.581   968   968 I vendor.xiaomi.hardware.micharge@1.0-service: ReadFilePathValue path = /sys/class/power_supply/wireless/reverse_chg_mode value = 0
07-12 11:30:18.584   968   968 I vendor.xiaomi.hardware.micharge@1.0-service: ReadFilePathValue path = /sys/class/power_supply/wireless/reverse_chg_mode value = 0
07-12 11:30:18.701  5340 19139 I SafeBinderCall: onPositionChange binder cost:1
07-12 11:30:19.701  5340 19139 I SafeBinderCall: onPositionChange binder cost:1
07-12 11:30:20.702  5340 19139 I SafeBinderCall: onPositionChange binder cost:1
07-12 11:30:21.098 19017 19637 D CCodecBufferChannel: [c2.android.aac.decoder#295] DEBUG: elapsed: n=6 [in=0 pipeline=0 out=2 smoothness=4]
07-12 11:30:21.098 19017 19637 D PipelineWatcher: DEBUG: elapsed 2 / 6
07-12 11:30:21.700  5340 19139 I SafeBinderCall: onPositionChange binder cost:0
07-12 11:30:21.768   904  3454 I vendor.qti.bluetooth@1.0-ibs_handler: ProcessIbsCmd: Received IBS_WAKE_IND: 0xFD
07-12 11:30:21.768   904  3454 D vendor.qti.bluetooth@1.0-ibs_handler: SerialClockVote: vote for UART CLK ON
07-12 11:30:21.769   904  3454 D vendor.qti.bluetooth@1.0-wake_lock: Acquire wakelock is acquired
07-12 11:30:21.769   904  3454 I vendor.qti.bluetooth@1.0-ibs_handler: ProcessIbsCmd: Writing IBS_WAKE_ACK
07-12 11:30:21.769  2502  3457 V bt_stack: [VERBOSE1:btm_ble_gap.cc(1924)] btm_ble_process_ext_adv_pkt: bda=3a:79:18:03:3e:f3
07-12 11:30:21.770  2502  3457 V bt_stack: [VERBOSE1:btm_ble_gap.cc(1848)] btm_ble_process_adv_addr: bda=3a:79:18:03:3e:f3
07-12 11:30:21.770  2502  3457 V bt_stack: [VERBOSE1:btm_inq.cc(1019)] BTM_InqDbRead: bd addr 3a:79:18:03:3e:f3
07-12 11:30:21.849   904  3454 I vendor.qti.bluetooth@1.0-ibs_handler: ProcessIbsCmd: Received IBS_SLEEP_IND: 0xFE
07-12 11:30:21.849   904  3454 D vendor.qti.bluetooth@1.0-ibs_handler: SerialClockVote: vote for UART CLK OFF
07-12 11:30:21.919  1452 20529 D BufferPoolAccessor2.0: bufferpool2 0xb40000737b6ee028 : 5(20480 size) total buffers - 1(4096 size) used buffers - 910/915 (recycle/alloc) - 5/914 (fetch/transfer)
07-12 11:30:22.000   904  3130 D vendor.qti.bluetooth@1.0-wake_lock: Release wakelock is released
07-12 11:30:22.165 19017 20528 D BufferPoolAccessor2.0: bufferpool2 0xb40c2e58 : 5(40960 size) total buffers - 5(40960 size) used buffers - 1/7 (recycle/alloc) - 6/929 (fetch/transfer)
07-12 11:30:22.476   904  3454 I vendor.qti.bluetooth@1.0-ibs_handler: ProcessIbsCmd: Received IBS_WAKE_IND: 0xFD
07-12 11:30:22.477   904  3454 D vendor.qti.bluetooth@1.0-ibs_handler: SerialClockVote: vote for UART CLK ON
07-12 11:30:22.479   904  3454 D vendor.qti.bluetooth@1.0-wake_lock: Acquire wakelock is acquired
07-12 11:30:22.479   904  3454 I vendor.qti.bluetooth@1.0-ibs_handler: ProcessIbsCmd: Writing IBS_WAKE_ACK
07-12 11:30:22.481  2502  3457 V bt_stack: [VERBOSE1:btm_ble_gap.cc(1924)] btm_ble_process_ext_adv_pkt: bda=7c:25:da:a1:a6:8e
07-12 11:30:22.481  2502  3457 V bt_stack: [VERBOSE1:btm_ble_gap.cc(1848)] btm_ble_process_adv_addr: bda=7c:25:da:a1:a6:8e
07-12 11:30:22.481  2502  3457 V bt_stack: [VERBOSE1:btm_inq.cc(1019)] BTM_InqDbRead: bd addr 7c:25:da:a1:a6:8e
07-12 11:30:22.486  3471  3587 E MiuiFastConnectService: check adv data not fast connect
07-12 11:30:22.560   904  3454 I vendor.qti.bluetooth@1.0-ibs_handler: ProcessIbsCmd: Received IBS_SLEEP_IND: 0xFE
07-12 11:30:22.560   904  3454 D vendor.qti.bluetooth@1.0-ibs_handler: SerialClockVote: vote for UART CLK OFF
07-12 11:30:22.701  5340 19139 I SafeBinderCall: onPositionChange binder cost:0
07-12 11:30:22.710   904  3130 D vendor.qti.bluetooth@1.0-wake_lock: Release wakelock is released
07-12 11:30:23.701  5340 19139 I SafeBinderCall: onPositionChange binder cost:1
07-12 11:30:23.708   904  3454 I vendor.qti.bluetooth@1.0-ibs_handler: ProcessIbsCmd: Received IBS_WAKE_IND: 0xFD
07-12 11:30:23.708   904  3454 D vendor.qti.bluetooth@1.0-ibs_handler: SerialClockVote: vote for UART CLK ON
07-12 11:30:23.708   904  3454 D vendor.qti.bluetooth@1.0-wake_lock: Acquire wakelock is acquired
07-12 11:30:23.708   904  3454 I vendor.qti.bluetooth@1.0-ibs_handler: ProcessIbsCmd: Writing IBS_WAKE_ACK
07-12 11:30:23.710  2502  3457 V bt_stack: [VERBOSE1:btm_ble_gap.cc(1924)] btm_ble_process_ext_adv_pkt: bda=7c:25:da:a1:a6:8e
07-12 11:30:23.710  2502  3457 V bt_stack: [VERBOSE1:btm_ble_gap.cc(1848)] btm_ble_process_adv_addr: bda=7c:25:da:a1:a6:8e
07-12 11:30:23.710  2502  3457 V bt_stack: [VERBOSE1:btm_inq.cc(1019)] BTM_InqDbRead: bd addr 7c:25:da:a1:a6:8e
07-12 11:30:23.711  2502  3457 V bt_stack: [VERBOSE1:btm_ble_gap.cc(1924)] btm_ble_process_ext_adv_pkt: bda=c8:28:32:16:78:36
07-12 11:30:23.711  2502  3457 V bt_stack: [VERBOSE1:btm_ble_gap.cc(1848)] btm_ble_process_adv_addr: bda=c8:28:32:16:78:36
07-12 11:30:23.711  2502  3457 V bt_stack: [VERBOSE1:btm_inq.cc(1019)] BTM_InqDbRead: bd addr c8:28:32:16:78:36
07-12 11:30:23.714  3471  3587 E MiuiFastConnectService: check adv data not fast connect
07-12 11:30:23.715  3471  3587 E MiuiFastConnectService: check adv data not fast connect
07-12 11:30:23.789   904  3454 I vendor.qti.bluetooth@1.0-ibs_handler: ProcessIbsCmd: Received IBS_SLEEP_IND: 0xFE
07-12 11:30:23.789   904  3454 D vendor.qti.bluetooth@1.0-ibs_handler: SerialClockVote: vote for UART CLK OFF
07-12 11:30:23.939   904  3130 D vendor.qti.bluetooth@1.0-wake_lock: Release wakelock is released
07-12 11:30:24.321   904  3454 I vendor.qti.bluetooth@1.0-ibs_handler: ProcessIbsCmd: Received IBS_WAKE_IND: 0xFD
07-12 11:30:24.321   904  3454 D vendor.qti.bluetooth@1.0-ibs_handler: SerialClockVote: vote for UART CLK ON
07-12 11:30:24.322   904  3454 D vendor.qti.bluetooth@1.0-wake_lock: Acquire wakelock is acquired
07-12 11:30:24.322   904  3454 I vendor.qti.bluetooth@1.0-ibs_handler: ProcessIbsCmd: Writing IBS_WAKE_ACK
07-12 11:30:24.325  2502  3457 V bt_stack: [VERBOSE1:btm_ble_gap.cc(1924)] btm_ble_process_ext_adv_pkt: bda=7c:25:da:a1:a6:8e
07-12 11:30:24.325  2502  3457 V bt_stack: [VERBOSE1:btm_ble_gap.cc(1848)] btm_ble_process_adv_addr: bda=7c:25:da:a1:a6:8e
07-12 11:30:24.325  2502  3457 V bt_stack: [VERBOSE1:btm_inq.cc(1019)] BTM_InqDbRead: bd addr 7c:25:da:a1:a6:8e
07-12 11:30:24.328  2502  3457 V bt_stack: [VERBOSE1:btm_ble_gap.cc(1924)] btm_ble_process_ext_adv_pkt: bda=c8:28:32:16:78:36
07-12 11:30:24.328  2502  3457 V bt_stack: [VERBOSE1:btm_ble_gap.cc(1848)] btm_ble_process_adv_addr: bda=c8:28:32:16:78:36
07-12 11:30:24.328  2502  3457 V bt_stack: [VERBOSE1:btm_inq.cc(1019)] BTM_InqDbRead: bd addr c8:28:32:16:78:36
07-12 11:30:24.335  3471  3587 E MiuiFastConnectService: check adv data not fast connect
07-12 11:30:24.335  3471  3587 E MiuiFastConnectService: check adv data not fast connect
07-12 11:30:24.406   904  3454 I vendor.qti.bluetooth@1.0-ibs_handler: ProcessIbsCmd: Received IBS_SLEEP_IND: 0xFE
07-12 11:30:24.406   904  3454 D vendor.qti.bluetooth@1.0-ibs_handler: SerialClockVote: vote for UART CLK OFF
07-12 11:30:24.419 19017 19637 D CCodecBufferChannel: [c2.android.aac.decoder#295] DEBUG: elapsed: n=6 [in=0 pipeline=0 out=2 smoothness=4]
07-12 11:30:24.419 19017 19637 D PipelineWatcher: DEBUG: elapsed 2 / 6
07-12 11:30:24.556   904  3130 D vendor.qti.bluetooth@1.0-wake_lock: Release wakelock is released
07-12 11:30:24.701  5340 19139 I SafeBinderCall: onPositionChange binder cost:1
07-12 11:30:25.701  5340 19139 I SafeBinderCall: onPositionChange binder cost:1
07-12 11:30:26.583  8102  8283 D MemoryCeilingMonitor: [handleMemoryCalculate]
07-12 11:30:26.584  8102  8283 D MemoryCeilingMonitor: [calculate] tot: 4037823, max: 268435456, free: 649007, heap: 3388816, per: 0.01262432336807251
07-12 11:30:26.700  5340 19139 I SafeBinderCall: onPositionChange binder cost:0
07-12 11:30:26.840 19017 19622 D CCodecBuffers: [c2.android.aac.decoder#295:1D-Input.Impl[N]] codec released a buffer owned by client (index 0)
07-12 11:30:26.961  1452 20529 D BufferPoolAccessor2.0: bufferpool2 0xb40000737b6ee028 : 6(24576 size) total buffers - 1(4096 size) used buffers - 1126/1132 (recycle/alloc) - 6/1131 (fetch/transfer)
07-12 11:30:26.964   904  3454 I vendor.qti.bluetooth@1.0-ibs_handler: ProcessIbsCmd: Received IBS_WAKE_IND: 0xFD
07-12 11:30:26.964   904  3454 D vendor.qti.bluetooth@1.0-ibs_handler: SerialClockVote: vote for UART CLK ON
07-12 11:30:26.964   904  3454 D vendor.qti.bluetooth@1.0-wake_lock: Acquire wakelock is acquired
07-12 11:30:26.964   904  3454 I vendor.qti.bluetooth@1.0-ibs_handler: ProcessIbsCmd: Writing IBS_WAKE_ACK
07-12 11:30:26.967  2502  3457 V bt_stack: [VERBOSE1:btm_ble_gap.cc(1924)] btm_ble_process_ext_adv_pkt: bda=7c:25:da:a1:a6:8e
07-12 11:30:26.967  2502  3457 V bt_stack: [VERBOSE1:btm_ble_gap.cc(1848)] btm_ble_process_adv_addr: bda=7c:25:da:a1:a6:8e
07-12 11:30:26.967  2502  3457 V bt_stack: [VERBOSE1:btm_inq.cc(1019)] BTM_InqDbRead: bd addr 7c:25:da:a1:a6:8e
07-12 11:30:26.967  2502  3457 V bt_stack: [VERBOSE1:btm_ble_gap.cc(1924)] btm_ble_process_ext_adv_pkt: bda=3a:79:18:03:3e:f3
07-12 11:30:26.967  2502  3457 V bt_stack: [VERBOSE1:btm_ble_gap.cc(1848)] btm_ble_process_adv_addr: bda=3a:79:18:03:3e:f3
07-12 11:30:26.967  2502  3457 V bt_stack: [VERBOSE1:btm_inq.cc(1019)] BTM_InqDbRead: bd addr 3a:79:18:03:3e:f3
07-12 11:30:26.971  3471  3587 E MiuiFastConnectService: check adv data not fast connect
07-12 11:30:27.030  8102  8307 D WorkerThreadMonitor: Kill MSF check result[ senderSize:0,sendInterval:2462314,receiveInterval=2462312,addCmdCount=0
07-12 11:30:27.045   904  3454 I vendor.qti.bluetooth@1.0-ibs_handler: ProcessIbsCmd: Received IBS_SLEEP_IND: 0xFE
07-12 11:30:27.045   904  3454 D vendor.qti.bluetooth@1.0-ibs_handler: SerialClockVote: vote for UART CLK OFF
07-12 11:30:27.195   904  3130 D vendor.qti.bluetooth@1.0-wake_lock: Release wakelock is released
07-12 11:30:27.236 19017 20528 D BufferPoolAccessor2.0: bufferpool2 0xb40c2e58 : 5(40960 size) total buffers - 5(40960 size) used buffers - 1/7 (recycle/alloc) - 6/1147 (fetch/transfer)
07-12 11:30:27.484   966  1761 D DisplayFeatureHal: HandleSunlightScreen enter modeId 0, cookie = 0
07-12 11:30:27.484   966  1761 D DisplayFeatureHal: HandleSunlightScreen exit ret -1
07-12 11:30:27.659   904  3454 I vendor.qti.bluetooth@1.0-ibs_handler: ProcessIbsCmd: Received IBS_WAKE_IND: 0xFD
07-12 11:30:27.659   904  3454 D vendor.qti.bluetooth@1.0-ibs_handler: SerialClockVote: vote for UART CLK ON
07-12 11:30:27.660   904  3454 D vendor.qti.bluetooth@1.0-wake_lock: Acquire wakelock is acquired
07-12 11:30:27.660   904  3454 I vendor.qti.bluetooth@1.0-ibs_handler: ProcessIbsCmd: Writing IBS_WAKE_ACK
07-12 11:30:27.662  2502  3457 V bt_stack: [VERBOSE1:btm_ble_gap.cc(1924)] btm_ble_process_ext_adv_pkt: bda=c8:28:32:16:78:36
07-12 11:30:27.662  2502  3457 V bt_stack: [VERBOSE1:btm_ble_gap.cc(1848)] btm_ble_process_adv_addr: bda=c8:28:32:16:78:36
07-12 11:30:27.662  2502  3457 V bt_stack: [VERBOSE1:btm_inq.cc(1019)] BTM_InqDbRead: bd addr c8:28:32:16:78:36
07-12 11:30:27.666  3471  3587 E MiuiFastConnectService: check adv data not fast connect
07-12 11:30:27.679 19017 19622 D CCodecBuffers: [c2.android.aac.decoder#295:1D-Input.Impl[N]] codec released a buffer owned by client (index 0)
07-12 11:30:27.700  5340 19139 I SafeBinderCall: onPositionChange binder cost:1
07-12 11:30:27.740   904  3454 I vendor.qti.bluetooth@1.0-ibs_handler: ProcessIbsCmd: Received IBS_SLEEP_IND: 0xFE
07-12 11:30:27.740   904  3454 D vendor.qti.bluetooth@1.0-ibs_handler: SerialClockVote: vote for UART CLK OFF
07-12 11:30:27.741 19017 19637 D CCodecBufferChannel: [c2.android.aac.decoder#295] DEBUG: elapsed: n=6 [in=0 pipeline=0 out=2 smoothness=4]
07-12 11:30:27.741 19017 19637 D PipelineWatcher: DEBUG: elapsed 2 / 6
07-12 11:30:27.891   904  3130 D vendor.qti.bluetooth@1.0-wake_lock: Release wakelock is released
07-12 11:30:28.105   966  1761 D DisplayFeatureHal: HandleSunlightScreen enter modeId 0, cookie = 0
07-12 11:30:28.105   966  1761 D DisplayFeatureHal: HandleSunlightScreen exit ret -1
07-12 11:30:28.701  5340 19139 I SafeBinderCall: onPositionChange binder cost:1
07-12 11:30:28.989   904  3454 I vendor.qti.bluetooth@1.0-ibs_handler: ProcessIbsCmd: Received IBS_WAKE_IND: 0xFD
07-12 11:30:28.989   904  3454 D vendor.qti.bluetooth@1.0-ibs_handler: SerialClockVote: vote for UART CLK ON
07-12 11:30:28.989   904  3454 D vendor.qti.bluetooth@1.0-wake_lock: Acquire wakelock is acquired
07-12 11:30:28.989   904  3454 I vendor.qti.bluetooth@1.0-ibs_handler: ProcessIbsCmd: Writing IBS_WAKE_ACK
07-12 11:30:28.991  2502  3457 V bt_stack: [VERBOSE1:btm_ble_gap.cc(1924)] btm_ble_process_ext_adv_pkt: bda=d4:5e:ec:42:d1:94
07-12 11:30:28.991  2502  3457 V bt_stack: [VERBOSE1:btm_ble_gap.cc(1848)] btm_ble_process_adv_addr: bda=d4:5e:ec:42:d1:94
07-12 11:30:28.991  2502  3457 V bt_stack: [VERBOSE1:btm_ble_gap.cc(2058)]  Waiting for scan response d4:5e:ec:42:d1:94
07-12 11:30:28.991  2502  3457 V bt_stack: [VERBOSE1:btm_ble_gap.cc(1924)] btm_ble_process_ext_adv_pkt: bda=d4:5e:ec:42:d1:94
07-12 11:30:28.992  2502  3457 V bt_stack: [VERBOSE1:btm_ble_gap.cc(1848)] btm_ble_process_adv_addr: bda=d4:5e:ec:42:d1:94
07-12 11:30:28.992  2502  3457 V bt_stack: [VERBOSE1:btm_inq.cc(1019)] BTM_InqDbRead: bd addr d4:5e:ec:42:d1:94
07-12 11:30:28.997  2502  3457 V bt_stack: [VERBOSE1:btm_ble_gap.cc(1924)] btm_ble_process_ext_adv_pkt: bda=7c:25:da:a1:a6:8e
07-12 11:30:28.997  2502  3457 V bt_stack: [VERBOSE1:btm_ble_gap.cc(1848)] btm_ble_process_adv_addr: bda=7c:25:da:a1:a6:8e
07-12 11:30:28.997  2502  3457 V bt_stack: [VERBOSE1:btm_inq.cc(1019)] BTM_InqDbRead: bd addr 7c:25:da:a1:a6:8e
07-12 11:30:28.998  3471  3587 E MiuiFastConnectService: check adv data not fast connect
07-12 11:30:28.998  3471  3587 D MiuiNearbyService: getNearbyService() - returning com.android.bluetooth.ble.app.MiuiNearbyService@32df939
07-12 11:30:29.001  5834  6616 E IDM-BleBackGround: MiConnect EndPoint found
07-12 11:30:29.002  3471  3587 E MiuiFastConnectService: check adv data not fast connect
07-12 11:30:29.070   904  3454 I vendor.qti.bluetooth@1.0-ibs_handler: ProcessIbsCmd: Received IBS_SLEEP_IND: 0xFE
07-12 11:30:29.070   904  3454 D vendor.qti.bluetooth@1.0-ibs_handler: SerialClockVote: vote for UART CLK OFF
07-12 11:30:29.220   904  3130 D vendor.qti.bluetooth@1.0-wake_lock: Release wakelock is released
07-12 11:30:29.504  1894  2363 I chatty  : uid=1000(system) MiuiNetworkPoli expire 4 lines
07-12 11:30:29.555   966  1761 D DisplayFeatureHal: HandleSunlightScreen enter modeId 0, cookie = 0
07-12 11:30:29.555   966  1761 D DisplayFeatureHal: HandleSunlightScreen exit ret -1
07-12 11:30:29.701  2565  2565 I chatty  : uid=1000(system) com.android.systemui expire 13 lines
07-12 11:30:29.701  5340 19139 I SafeBinderCall: onPositionChange binder cost:1
07-12 11:30:30.266   904  3454 I vendor.qti.bluetooth@1.0-ibs_handler: ProcessIbsCmd: Received IBS_WAKE_IND: 0xFD
07-12 11:30:30.266   904  3454 D vendor.qti.bluetooth@1.0-ibs_handler: SerialClockVote: vote for UART CLK ON
07-12 11:30:30.267   904  3454 D vendor.qti.bluetooth@1.0-wake_lock: Acquire wakelock is acquired
07-12 11:30:30.267   904  3454 I vendor.qti.bluetooth@1.0-ibs_handler: ProcessIbsCmd: Writing IBS_WAKE_ACK
07-12 11:30:30.269  2502  3457 V bt_stack: [VERBOSE1:btm_ble_gap.cc(1924)] btm_ble_process_ext_adv_pkt: bda=c8:28:32:16:78:36
07-12 11:30:30.269  2502  3457 V bt_stack: [VERBOSE1:btm_ble_gap.cc(1848)] btm_ble_process_adv_addr: bda=c8:28:32:16:78:36
07-12 11:30:30.270  2502  3457 V bt_stack: [VERBOSE1:btm_ble_gap.cc(2058)]  Waiting for scan response c8:28:32:16:78:36
07-12 11:30:30.270  2502  3457 V bt_stack: [VERBOSE1:btm_ble_gap.cc(1924)] btm_ble_process_ext_adv_pkt: bda=3a:79:18:03:3e:f3
07-12 11:30:30.270  2502  3457 V bt_stack: [VERBOSE1:btm_ble_gap.cc(1848)] btm_ble_process_adv_addr: bda=3a:79:18:03:3e:f3
07-12 11:30:30.270  2502  3457 V bt_stack: [VERBOSE1:btm_inq.cc(1019)] BTM_InqDbRead: bd addr 3a:79:18:03:3e:f3
07-12 11:30:30.348   904  3454 I vendor.qti.bluetooth@1.0-ibs_handler: ProcessIbsCmd: Received IBS_SLEEP_IND: 0xFE
07-12 11:30:30.348   904  3454 D vendor.qti.bluetooth@1.0-ibs_handler: SerialClockVote: vote for UART CLK OFF
07-12 11:30:30.498   904  3130 D vendor.qti.bluetooth@1.0-wake_lock: Release wakelock is released
07-12 11:30:30.701  5340 19139 I SafeBinderCall: onPositionChange binder cost:1
07-12 11:30:31.102 19017 19637 D CCodecBufferChannel: [c2.android.aac.decoder#295] DEBUG: elapsed: n=6 [in=0 pipeline=0 out=2 smoothness=4]
07-12 11:30:31.102 19017 19637 D PipelineWatcher: DEBUG: elapsed 2 / 6
07-12 11:30:31.701  5340 19139 I SafeBinderCall: onPositionChange binder cost:0
07-12 11:30:32.484  1452 20529 D BufferPoolAccessor2.0: bufferpool2 0xb40000737b6ee028 : 6(24576 size) total buffers - 1(4096 size) used buffers - 1364/1370 (recycle/alloc) - 6/1369 (fetch/transfer)
07-12 11:30:32.701  5340 19139 I SafeBinderCall: onPositionChange binder cost:0
07-12 11:30:32.755 19017 20528 D BufferPoolAccessor2.0: bufferpool2 0xb40c2e58 : 5(40960 size) total buffers - 5(40960 size) used buffers - 1/7 (recycle/alloc) - 6/1386 (fetch/transfer)
07-12 11:30:32.908   904  3454 I vendor.qti.bluetooth@1.0-ibs_handler: ProcessIbsCmd: Received IBS_WAKE_IND: 0xFD
07-12 11:30:32.908   904  3454 D vendor.qti.bluetooth@1.0-ibs_handler: SerialClockVote: vote for UART CLK ON
07-12 11:30:32.908   904  3454 D vendor.qti.bluetooth@1.0-wake_lock: Acquire wakelock is acquired
07-12 11:30:32.908   904  3454 I vendor.qti.bluetooth@1.0-ibs_handler: ProcessIbsCmd: Writing IBS_WAKE_ACK
07-12 11:30:32.910  2502  3457 V bt_stack: [VERBOSE1:btm_ble_gap.cc(1924)] btm_ble_process_ext_adv_pkt: bda=7c:25:da:a1:a6:8e
07-12 11:30:32.910  2502  3457 V bt_stack: [VERBOSE1:btm_ble_gap.cc(1848)] btm_ble_process_adv_addr: bda=7c:25:da:a1:a6:8e
07-12 11:30:32.910  2502  3457 V bt_stack: [VERBOSE1:btm_inq.cc(1019)] BTM_InqDbRead: bd addr 7c:25:da:a1:a6:8e
07-12 11:30:32.911  2502  3457 V bt_stack: [VERBOSE1:btm_ble_gap.cc(1924)] btm_ble_process_ext_adv_pkt: bda=0b:97:52:fd:81:3d
07-12 11:30:32.911  2502  3457 V bt_stack: [VERBOSE1:btm_ble_gap.cc(1848)] btm_ble_process_adv_addr: bda=0b:97:52:fd:81:3d
07-12 11:30:32.911  2502  3457 V bt_stack: [VERBOSE1:btm_inq.cc(1019)] BTM_InqDbRead: bd addr 0b:97:52:fd:81:3d
07-12 11:30:32.916  3471  3587 E MiuiFastConnectService: check adv data not fast connect
07-12 11:30:32.989   904  3454 I vendor.qti.bluetooth@1.0-ibs_handler: ProcessIbsCmd: Received IBS_SLEEP_IND: 0xFE
07-12 11:30:32.989   904  3454 D vendor.qti.bluetooth@1.0-ibs_handler: SerialClockVote: vote for UART CLK OFF
07-12 11:30:33.140   904  3130 D vendor.qti.bluetooth@1.0-wake_lock: Release wakelock is released
07-12 11:30:33.614   904  3454 I vendor.qti.bluetooth@1.0-ibs_handler: ProcessIbsCmd: Received IBS_WAKE_IND: 0xFD
07-12 11:30:33.614   904  3454 D vendor.qti.bluetooth@1.0-ibs_handler: SerialClockVote: vote for UART CLK ON
07-12 11:30:33.614   904  3454 D vendor.qti.bluetooth@1.0-wake_lock: Acquire wakelock is acquired
07-12 11:30:33.614   904  3454 I vendor.qti.bluetooth@1.0-ibs_handler: ProcessIbsCmd: Writing IBS_WAKE_ACK
07-12 11:30:33.616  2502  3457 V bt_stack: [VERBOSE1:btm_ble_gap.cc(1924)] btm_ble_process_ext_adv_pkt: bda=c8:28:32:16:78:36
07-12 11:30:33.616  2502  3457 V bt_stack: [VERBOSE1:btm_ble_gap.cc(1848)] btm_ble_process_adv_addr: bda=c8:28:32:16:78:36
07-12 11:30:33.616  2502  3457 V bt_stack: [VERBOSE1:btm_inq.cc(1019)] BTM_InqDbRead: bd addr c8:28:32:16:78:36
07-12 11:30:33.622  3471  3587 E MiuiFastConnectService: check adv data not fast connect
07-12 11:30:33.695   904  3454 I vendor.qti.bluetooth@1.0-ibs_handler: ProcessIbsCmd: Received IBS_SLEEP_IND: 0xFE
07-12 11:30:33.695   904  3454 D vendor.qti.bluetooth@1.0-ibs_handler: SerialClockVote: vote for UART CLK OFF
07-12 11:30:33.701  5340 19139 I SafeBinderCall: onPositionChange binder cost:1
07-12 11:30:33.845   904  3130 D vendor.qti.bluetooth@1.0-wake_lock: Release wakelock is released
07-12 11:30:34.093  1894  1906 I chatty  : uid=1000(system) FinalizerDaemon expire 34 lines
07-12 11:30:34.100   995   995 I chatty  : uid=1000(system) /system/bin/surfaceflinger expire 12 lines
07-12 11:30:34.420 19017 19637 D CCodecBufferChannel: [c2.android.aac.decoder#295] DEBUG: elapsed: n=6 [in=0 pipeline=0 out=2 smoothness=4]
07-12 11:30:34.420 19017 19637 D PipelineWatcher: DEBUG: elapsed 2 / 6
07-12 11:30:34.701  5340 19139 I SafeBinderCall: onPositionChange binder cost:0
07-12 11:30:34.955   904  3454 I vendor.qti.bluetooth@1.0-ibs_handler: ProcessIbsCmd: Received IBS_WAKE_IND: 0xFD
07-12 11:30:34.955   904  3454 D vendor.qti.bluetooth@1.0-ibs_handler: SerialClockVote: vote for UART CLK ON
07-12 11:30:34.956   904  3454 D vendor.qti.bluetooth@1.0-wake_lock: Acquire wakelock is acquired
07-12 11:30:34.956   904  3454 I vendor.qti.bluetooth@1.0-ibs_handler: ProcessIbsCmd: Writing IBS_WAKE_ACK
07-12 11:30:34.957  2502  3457 V bt_stack: [VERBOSE1:btm_ble_gap.cc(1924)] btm_ble_process_ext_adv_pkt: bda=7c:25:da:a1:a6:8e
07-12 11:30:34.957  2502  3457 V bt_stack: [VERBOSE1:btm_ble_gap.cc(1848)] btm_ble_process_adv_addr: bda=7c:25:da:a1:a6:8e
07-12 11:30:34.958  2502  3457 V bt_stack: [VERBOSE1:btm_inq.cc(1019)] BTM_InqDbRead: bd addr 7c:25:da:a1:a6:8e
07-12 11:30:34.962  3471  3587 E MiuiFastConnectService: check adv data not fast connect
07-12 11:30:35.036   904  3454 I vendor.qti.bluetooth@1.0-ibs_handler: ProcessIbsCmd: Received IBS_SLEEP_IND: 0xFE
07-12 11:30:35.037   904  3454 D vendor.qti.bluetooth@1.0-ibs_handler: SerialClockVote: vote for UART CLK OFF
07-12 11:30:35.120 19017 19622 D CCodecBuffers: [c2.android.aac.decoder#295:1D-Input.Impl[N]] codec released a buffer owned by client (index 0)
07-12 11:30:35.187   904  3130 D vendor.qti.bluetooth@1.0-wake_lock: Release wakelock is released
07-12 11:30:35.515   904  3454 I vendor.qti.bluetooth@1.0-ibs_handler: ProcessIbsCmd: Received IBS_WAKE_IND: 0xFD
07-12 11:30:35.515   904  3454 D vendor.qti.bluetooth@1.0-ibs_handler: SerialClockVote: vote for UART CLK ON
07-12 11:30:35.515   904  3454 D vendor.qti.bluetooth@1.0-wake_lock: Acquire wakelock is acquired
07-12 11:30:35.515   904  3454 I vendor.qti.bluetooth@1.0-ibs_handler: ProcessIbsCmd: Writing IBS_WAKE_ACK
07-12 11:30:35.517  2502  3457 V bt_stack: [VERBOSE1:btm_ble_gap.cc(1924)] btm_ble_process_ext_adv_pkt: bda=3a:79:18:03:3e:f3
07-12 11:30:35.517  2502  3457 V bt_stack: [VERBOSE1:btm_ble_gap.cc(1848)] btm_ble_process_adv_addr: bda=3a:79:18:03:3e:f3
07-12 11:30:35.517  2502  3457 V bt_stack: [VERBOSE1:btm_inq.cc(1019)] BTM_InqDbRead: bd addr 3a:79:18:03:3e:f3
07-12 11:30:35.517  2502  3457 V bt_stack: [VERBOSE1:btm_ble_gap.cc(1924)] btm_ble_process_ext_adv_pkt: bda=d4:5e:ec:42:d1:94
07-12 11:30:35.518  2502  3457 V bt_stack: [VERBOSE1:btm_ble_gap.cc(1848)] btm_ble_process_adv_addr: bda=d4:5e:ec:42:d1:94
07-12 11:30:35.518  2502  3457 V bt_stack: [VERBOSE1:btm_ble_gap.cc(2058)]  Waiting for scan response d4:5e:ec:42:d1:94
07-12 11:30:35.518  2502  3457 V bt_stack: [VERBOSE1:btm_ble_gap.cc(1924)] btm_ble_process_ext_adv_pkt: bda=d4:5e:ec:42:d1:94
07-12 11:30:35.518  2502  3457 V bt_stack: [VERBOSE1:btm_ble_gap.cc(1848)] btm_ble_process_adv_addr: bda=d4:5e:ec:42:d1:94
07-12 11:30:35.518  2502  3457 V bt_stack: [VERBOSE1:btm_inq.cc(1019)] BTM_InqDbRead: bd addr d4:5e:ec:42:d1:94
07-12 11:30:35.532  2502  3457 V bt_stack: [VERBOSE1:btm_ble_gap.cc(1924)] btm_ble_process_ext_adv_pkt: bda=7c:25:da:a1:a6:8e
07-12 11:30:35.532  3471  3587 D MiuiMiHomeConnectController: getDeviceTimes
07-12 11:30:35.532  2502  3457 V bt_stack: [VERBOSE1:btm_ble_gap.cc(1848)] btm_ble_process_adv_addr: bda=7c:25:da:a1:a6:8e
07-12 11:30:35.532  2502  3457 V bt_stack: [VERBOSE1:btm_inq.cc(1019)] BTM_InqDbRead: bd addr 7c:25:da:a1:a6:8e
07-12 11:30:35.533  3471  3587 D MiuiMiHomeConnectController: result.getRssi = -6400:00:00:42:D1:94
07-12 11:30:35.538  3471  3587 D MiuiMiHomeDownloadManager: check local file : null
07-12 11:30:35.538  3471  3587 D MiuiMiHomeDownloadManager: device: 41646    return rssiNum: -50
07-12 11:30:35.539  3471  3587 D MiuiMiHomeConnectController: rssi num is not fit cloud data
07-12 11:30:35.539  3471  3587 E MiuiFastConnectService: check adv data not fast connect
07-12 11:30:35.611   904  3454 I vendor.qti.bluetooth@1.0-ibs_handler: ProcessIbsCmd: Received IBS_SLEEP_IND: 0xFE
07-12 11:30:35.611   904  3454 D vendor.qti.bluetooth@1.0-ibs_handler: SerialClockVote: vote for UART CLK OFF
07-12 11:30:35.688   601   601 I servicemanager: Notifying apexservice they have clients: 0
07-12 11:30:35.688   601   601 I BpBinder: onLastStrongRef automatically unlinking death recipients: <uncached descriptor>
07-12 11:30:35.700  5340 19139 I SafeBinderCall: onPositionChange binder cost:1
07-12 11:30:35.762   904  3130 D vendor.qti.bluetooth@1.0-wake_lock: Release wakelock is released
07-12 11:30:36.624  8102  8283 D MemoryCeilingMonitor: [handleMemoryCalculate]
07-12 11:30:36.624  8102  8283 D MemoryCeilingMonitor: [calculate] tot: 4037823, max: 268435456, free: 616239, heap: 3421584, per: 0.01274639368057251
07-12 11:30:36.702  5340 19139 I SafeBinderCall: onPositionChange binder cost:1
07-12 11:30:36.898   904  3454 I vendor.qti.bluetooth@1.0-ibs_handler: ProcessIbsCmd: Received IBS_WAKE_IND: 0xFD
07-12 11:30:36.898   904  3454 D vendor.qti.bluetooth@1.0-ibs_handler: SerialClockVote: vote for UART CLK ON
07-12 11:30:36.898   904  3454 D vendor.qti.bluetooth@1.0-wake_lock: Acquire wakelock is acquired
07-12 11:30:36.898   904  3454 I vendor.qti.bluetooth@1.0-ibs_handler: ProcessIbsCmd: Writing IBS_WAKE_ACK
07-12 11:30:36.899  2502  3457 V bt_stack: [VERBOSE1:btm_ble_gap.cc(1924)] btm_ble_process_ext_adv_pkt: bda=3a:79:18:03:3e:f3
07-12 11:30:36.899  2502  3457 V bt_stack: [VERBOSE1:btm_ble_gap.cc(1848)] btm_ble_process_adv_addr: bda=3a:79:18:03:3e:f3
07-12 11:30:36.899  2502  3457 V bt_stack: [VERBOSE1:btm_inq.cc(1019)] BTM_InqDbRead: bd addr 3a:79:18:03:3e:f3
07-12 11:30:36.979   904  3454 I vendor.qti.bluetooth@1.0-ibs_handler: ProcessIbsCmd: Received IBS_SLEEP_IND: 0xFE
07-12 11:30:36.979   904  3454 D vendor.qti.bluetooth@1.0-ibs_handler: SerialClockVote: vote for UART CLK OFF
07-12 11:30:37.130   904  3130 D vendor.qti.bluetooth@1.0-wake_lock: Release wakelock is released
07-12 11:30:37.384  2963  2963 D NetworkSpeedTracker: receive actionandroid.intent.action.BATTERY_CHANGED
07-12 11:30:37.384  2963  2963 D NetworkSpeedTracker: onReceive ACTION_BATTERY_CHANGED mBatteryLevel = 100;mIsCharging =true
07-12 11:30:37.385  2829  2829 D QtiCarrierConfigHelper: WARNING, no carrier configs on phone Id: 0
07-12 11:30:37.386  4928  4928 I BatteryInfoReceiver: ACTION_BATTERY_CHANGED
07-12 11:30:37.387  6407  7011 D PowerCheckerService: onBatteryChanged, mBatteryLevel = 100, status = 5, level = 100, plug = 2, scale = 100
07-12 11:30:37.387  2906  2906 D DeviceStatisticsService: chargerType=2 batteryLevel=100 totalBatteryCapacity=4297000
07-12 11:30:37.388  2906  2906 D DeviceInfoHidlClient: isPowerInfoNeverSent()=true
07-12 11:30:37.388  2906  2906 D DeviceInfoHidlClient: getPowerInfoSupportStatus()=-1
07-12 11:30:37.388  6407  6935 D PowerKeeper.FrozenApp: onBatteryChanged plug=true mBatteryPlugged=2
07-12 11:30:37.390  4928  7112 I android_os_HwBinder: HwBinder: Starting thread pool for getting: vendor.xiaomi.hardware.micharge@1.0::IMiCharge/default
07-12 11:30:37.391   968   968 I vendor.xiaomi.hardware.micharge@1.0-service: ReadFilePathValue path = /sys/class/power_supply/battery/night_charging value = 0
07-12 11:30:37.391  4928  7112 I ChargeProtectionUtils: getNightChargingState: 0
07-12 11:30:37.679  1452 20529 D BufferPoolAccessor2.0: bufferpool2 0xb40000737b6ee028 : 6(24576 size) total buffers - 1(4096 size) used buffers - 1587/1593 (recycle/alloc) - 6/1592 (fetch/transfer)
07-12 11:30:37.700  5340 19139 I SafeBinderCall: onPositionChange binder cost:1
07-12 11:30:37.819 19017 19637 D CCodecBufferChannel: [c2.android.aac.decoder#295] DEBUG: elapsed: n=6 [in=0 pipeline=0 out=2 smoothness=4]
07-12 11:30:37.819 19017 19637 D PipelineWatcher: DEBUG: elapsed 2 / 6
07-12 11:30:37.965 19017 20528 D BufferPoolAccessor2.0: bufferpool2 0xb40c2e58 : 5(40960 size) total buffers - 5(40960 size) used buffers - 1/7 (recycle/alloc) - 6/1610 (fetch/transfer)
07-12 11:30:38.514  1894  2363 I MiuiNetworkPolicy: bandwidth: 1 KB/s, Max bandwidth: 11956 KB/s
07-12 11:30:38.702  5340 19139 I SafeBinderCall: onPositionChange binder cost:1
07-12 11:30:38.853   904  3454 I vendor.qti.bluetooth@1.0-ibs_handler: ProcessIbsCmd: Received IBS_WAKE_IND: 0xFD
07-12 11:30:38.853   904  3454 D vendor.qti.bluetooth@1.0-ibs_handler: SerialClockVote: vote for UART CLK ON
07-12 11:30:38.854   904  3454 D vendor.qti.bluetooth@1.0-wake_lock: Acquire wakelock is acquired
07-12 11:30:38.854   904  3454 I vendor.qti.bluetooth@1.0-ibs_handler: ProcessIbsCmd: Writing IBS_WAKE_ACK
07-12 11:30:38.855  2502  3457 V bt_stack: [VERBOSE1:btm_ble_gap.cc(1924)] btm_ble_process_ext_adv_pkt: bda=7c:25:da:a1:a6:8e
07-12 11:30:38.855  2502  3457 V bt_stack: [VERBOSE1:btm_ble_gap.cc(1848)] btm_ble_process_adv_addr: bda=7c:25:da:a1:a6:8e
07-12 11:30:38.855  2502  3457 V bt_stack: [VERBOSE1:btm_inq.cc(1019)] BTM_InqDbRead: bd addr 7c:25:da:a1:a6:8e
07-12 11:30:38.859  3471  3587 E MiuiFastConnectService: check adv data not fast connect
07-12 11:30:38.934   904  3454 I vendor.qti.bluetooth@1.0-ibs_handler: ProcessIbsCmd: Received IBS_SLEEP_IND: 0xFE
07-12 11:30:38.934   904  3454 D vendor.qti.bluetooth@1.0-ibs_handler: SerialClockVote: vote for UART CLK OFF
07-12 11:30:39.085   904  3130 D vendor.qti.bluetooth@1.0-wake_lock: Release wakelock is released
07-12 11:30:39.701  5340 19139 I SafeBinderCall: onPositionChange binder cost:1
