07-12 11:29:44.791  1295  1427 D MediaMetricsService: submitInternal: item->getCString(kCodecPackageName, &msg_send->packgeName) = 0
07-12 11:29:44.791  1295  1427 D MediaMetricsService: submitInternal: item->getInt32(kCodecHdrInfo, &msg_send->hdr) = 0
07-12 11:29:44.791  1295  1427 D MediaMetricsService: submitInternal: item->getInt32(kCodecFrameRateCal, &msg_send->frameRateCal) = 0
07-12 11:29:44.791  1295  1427 D MediaMetricsService: submitInternal: msg_send->frameRateCal = 0
07-12 11:29:44.791   901  2169 V EffectMiSound: MiSound_command() start, cmdCode=24
07-12 11:29:44.791   901  2169 V EffectMiSound: MiSound_Command EFFECT_CMD_SET_APP_NAME: stream=3, name=+
07-12 11:29:44.791  1295  1427 D MediaMetricsService: submitInternal: isTrusted:0 given uid -1; sanitized uid: 10837 sanitized pkg: 10837 sanitized pkg version: 0
07-12 11:29:44.791  1295  1427 D MediaMetricsService: submitInternal: item->getKey().c_str() = audio.track.52
07-12 11:29:44.791  1295  1427 D MediaMetricsService: submitInternal: item->getCString(kCodecPackageName, &msg_send->packgeName) = 0
07-12 11:29:44.791  1295  1427 D MediaMetricsService: submitInternal: item->getInt32(kCodecHdrInfo, &msg_send->hdr) = 0
07-12 11:29:44.791  1295  1427 D MediaMetricsService: submitInternal: item->getInt32(kCodecFrameRateCal, &msg_send->frameRateCal) = 0
07-12 11:29:44.791  1295  1427 D MediaMetricsService: submitInternal: msg_send->frameRateCal = 0
07-12 11:29:44.791  6407  6946 I PowerCheckerService: uid:10837 change to active
07-12 11:29:44.791  6407  6680 I AppActiveChecker: uid:10837 change to active
07-12 11:29:44.792   991  2189 D AudioFlinger: updateWakeLockUids_l AudioOut_1D uids:10837
07-12 11:29:44.792  1894  5217 I chatty  : uid=1000(system) Binder:1894_17 expire 1 line
07-12 11:29:44.793   901   901 E volume_listener: check_and_set_gain_dep_cal: Failed to set gain dep cal level
07-12 11:29:44.793   901  7752 D audio_hw_primary: start_output_stream: enter: stream(0xe9ae5800)usecase(0: deep-buffer-playback) devices(0x2) is_haptic_usecase(0)
07-12 11:29:44.793   901  7752 D audio_hw_primary: select_devices for use case (deep-buffer-playback in:0 out:0 device:2)
07-12 11:29:44.793   901  7752 D ultrasound_extn: ultrasound_select_devices_pre ultrasound_enabled:0 usecase(deep-buffer-playback), devices:2 in_snd_device(0, ), out_snd_device(2, speaker)
07-12 11:29:44.793   901  7752 D ultrasound_extn: dump_usecase_list: start ======================================
07-12 11:29:44.793   901  7752 D ultrasound_extn: dump_usecase_list: enter sensor_activated:0 hw_port_enabled:0 suspended:0
07-12 11:29:44.793   901  7752 D ultrasound_extn: dump_usecase_list: select_devices_pre usecase[#0]:(0, deep-buffer-playback) in_dev:(0, ) out_dv:(0, )
07-12 11:29:44.793   901  7752 D ultrasound_extn: dump_usecase_list: end ======================================
07-12 11:29:44.793   901  7752 I msm8974_platform: platform_check_and_set_codec_backend_cfg:becf: afe: bitwidth 24, samplerate 48000 channels 2, backend_idx 1 usecase = 0 device (speaker)
07-12 11:29:44.793   901  7752 D msm8974_platform: platform_split_snd_device: snd_device(2) num devices(1) new_snd_devices(0)
07-12 11:29:44.793   901  7752 I msm8974_platform: platform_check_and_set_codec_backend_cfg: new_snd_devices[0] is 2
07-12 11:29:44.793   901  7752 I msm8974_platform: platform_check_codec_backend_cfg:becf: afe: bitwidth 24, samplerate 48000 channels 2, backend_idx 1 usecase = 0 device (speaker)
07-12 11:29:44.794  2502  3492 V Avrcp_ext: onPlaybackStateChanged: state PlaybackState {state=3, position=0, buffered position=23730, speed=1.0, updated=2453121, actions=2461535, custom actions=[], active item id=0, error=null}
07-12 11:29:44.794  5340  5340 I ActiveSessionRecord: onPlaybackStateChanged: PlaybackState {state=3, position=0, buffered position=23730, speed=1.0, updated=2453121, actions=2461535, custom actions=[], active item id=0, error=null}
07-12 11:29:44.795  2502  3492 V Avrcp_ext: updateCurrentMediaState: mMediaController: MediaController (cn.missevan@e9bd7ea) 《偷偷藏不住》春节小剧场, 三米造事务所, <p>晋江文学城竹已原著，猫耳FM、三糙文化联合出品。</p><p>2021年2月起，猫耳FM，全网独播，每周更新。</p><br /><p>前线联络员桑稚为您带来春节神秘祝福</p><br /><p>桑稚：浮梦若薇@浮梦若薇</p><p>段嘉许：轩ZONE@轩ZONE</p><p> </p><p>——本作品为付费内容，禁止无偿分享、二次修改上传及一切商用行为——</p><br />
07-12 11:29:44.795   901  7752 D audio_hw_extn: audio_extn_enable_hifi_filter: mixer_value set 0
07-12 11:29:44.795   901  7752 D msm8974_platform: platform_check_codec_backend_cfg:becf: updated afe: bitwidth 24, samplerate 48000 channels 2,backend_idx 1 usecase = 0 device (speaker)
07-12 11:29:44.795   901  7752 D msm8974_platform: platform_check_codec_backend_cfg:becf: afe: playback on codec device not supporting native playback set default Sample Rate(48k)
07-12 11:29:44.795   901  7752 D ultrasound_extn: ultrasound_check_and_set_codec_backend_cfg check use case (deep-buffer-playback), snd_device(2, speaker)
07-12 11:29:44.795   901  7752 D ultrasound_extn: ultrasound_check_and_set_codec_backend_cfg  do not change BE setting for speaker
07-12 11:29:44.795   901  7752 I msm8974_platform: platform_check_codec_backend_cfg:becf: afe: Codec selected backend: 1 updated bit width: 24 and sample rate: 48000
07-12 11:29:44.795   901  7752 D audio_hw_primary: check_usecases_codec_backend:becf: force routing 0
07-12 11:29:44.795   901  7752 E msm8974_platform: platform_check_backends_match: Invalid snd_device =
07-12 11:29:44.795   901  7752 D audio_hw_primary: check_usecases_codec_backend:becf: (100) check_usecases curr device: speaker, usecase device: backends match 0
07-12 11:29:44.795   901  7752 D audio_hw_primary: @@: usecase[0xeacbdfe0]=deep-buffer-playback, uc_info[0xeacbdfe0]=deep-buffer-playback
07-12 11:29:44.795   901  7752 D audio_hw_primary: check_usecases_codec_backend:becf: check_usecases num.of Usecases to switch 0
07-12 11:29:44.795   901  7752 D hardware_info: hw_info_append_hw_type : device_name = speaker
07-12 11:29:44.795   901  7752 D msm8974_platform: platform_split_snd_device: snd_device(2) num devices(0) new_snd_devices(0)
07-12 11:29:44.795  2502  3492 V Avrcp_ext: isMusicActive: true getBluetoothPlayState: 0
07-12 11:29:44.795   901  7752 D audio_hw_primary: enable_snd_device: snd_device(2: speaker)[SND_DEVICE_OUT_SPEAKER]
07-12 11:29:44.795   901  7752 D msm8974_platform: platform_get_island_cfg_on_device:island cfg status on snd_device = (speaker 0)
07-12 11:29:44.795   901  7752 I soundtrigger: audio_extn_sound_trigger_update_device_status: device 0x2 of type 0 for Event 1, with Raise=0
07-12 11:29:44.795  2502  3492 V Avrcp_ext: updateCurrentMediaState: isPlaying = false
07-12 11:29:44.795   901  7752 D audio_route: Apply path: speaker
07-12 11:29:44.795   901  7752 E audio_route: Path: speaker, length: 10
07-12 11:29:44.795   901  7752 E audio_route:   id=0: ctl=TERT_MI2S_RX Channels
07-12 11:29:44.795   901  7752 E audio_route:     id=0 value=1
07-12 11:29:44.795   901  7752 E audio_route:   id=1: ctl=TERT_MI2S_RX Format
07-12 11:29:44.795   901  7752 E audio_route:     id=0 value=1
07-12 11:29:44.795   901  7752 E audio_route:   id=2: ctl=ASP TX2 Source
07-12 11:29:44.795   901  7752 E audio_route:     id=0 value=6
07-12 11:29:44.795   901  7752 E audio_route:   id=3: ctl=DSP RX1 Source
07-12 11:29:44.795   901  7752 E audio_route:     id=0 value=1
07-12 11:29:44.795   901  7752 E audio_route:   id=4: ctl=DSP RX2 Source
07-12 11:29:44.795   901  7752 E audio_route:     id=0 value=1
07-12 11:29:44.795   901  7752 E audio_route:   id=5: ctl=ASPTX Ref
07-12 11:29:44.795   901  7752 E audio_route:     id=0 value=1
07-12 11:29:44.795   901  7752 E audio_route:   id=6: ctl=RCV DSP RX1 Source
07-12 11:29:44.795   901  7752 E audio_route:     id=0 value=1
07-12 11:29:44.795   901  7752 E audio_route:   id=7: ctl=RCV DSP RX2 Source
07-12 11:29:44.795   901  7752 E audio_route:     id=0 value=1
07-12 11:29:44.795   901  7752 E audio_route:   id=8: ctl=RCV ASP TX1 Source
07-12 11:29:44.795   901  7752 E audio_route:     id=0 value=6
07-12 11:29:44.795   901  7752 E audio_route:   id=9: ctl=RCV ASPTX Ref
07-12 11:29:44.795   901  7752 E audio_route:     id=0 value=1
07-12 11:29:44.795   901  7752 D audio_route: audio_route_apply_and_update_path name speaker
07-12 11:29:44.796  2502  3492 V Avrcp_ext: updateCurrentMediaState: get media attributes:
07-12 11:29:44.796  5340  5340 I SafeBinderCall: onPlaybackStateChange binder cost:1
07-12 11:29:44.796  5340  5340 I ActiveSessionRecord: onPlaybackStateChanged.
07-12 11:29:44.796  2502  3492 D Avrcp_ext: overwrite album_artist :if album is blank
07-12 11:29:44.797  2502  3492 D Avrcp_ext:  albumName : device :null
07-12 11:29:44.797  5340  5340 I MiPlayAudioService: dispatchPlaybackStateChange:3
07-12 11:29:44.797  5340  5340 I MiPlayAudioService: cancleDownTimer.
07-12 11:29:44.797  2502  3492 V Avrcp_ext: Media update: id 0➡0? [MediaAttributes: 《⋯场 -  by 三⋯所 (152393 0/0) ] : [MediaAttributes: 《⋯告 -  by 三⋯所 (45099 0/0) ]
07-12 11:29:44.797  2502  3492 D Avrcp_ext: isPackageNameValid: browsedPackage = cn.missevanisValid = true
07-12 11:29:44.797  2502  3492 V Avrcp_ext: isBrowseSupported for cn.missevan: false
07-12 11:29:44.797  2502  3492 V Avrcp_ext: newPlayStatus:1mReportedPlayStatus:-1
07-12 11:29:44.797  2502  3492 V Avrcp_ext: updatePlaybackState, state: PlaybackState {state=3, position=3, buffered position=23730, speed=1.0, updated=2453124, actions=2461535, custom actions=[], active item id=0, error=null} device: null
07-12 11:29:44.797  2502  3492 V Avrcp_ext: Device: no name:
07-12 11:29:44.798  2502  3492 V Avrcp_ext: Device: no name:
07-12 11:29:44.798  2502  3492 V Avrcp_ext: updatePlayerStateAndPosition, old=PlaybackState {state=6, position=0, buffered position=0, speed=0.0, updated=2452994, actions=2461535, custom actions=[], active item id=0, error=null}, state=PlaybackState {state=3, position=3, buffered position=23730, speed=1.0, updated=2453124, actions=2461535, custom actions=[], active item id=0, error=null}
07-12 11:29:44.798  2502  3492 V Avrcp_ext: old state = PlaybackState {state=6, position=0, buffered position=0, speed=0.0, updated=2452994, actions=2461535, custom actions=[], active item id=0, error=null}, new state= PlaybackState {state=3, position=3, buffered position=23730, speed=1.0, updated=2453124, actions=2461535, custom actions=[], active item id=0, error=null}
07-12 11:29:44.798  2502  3492 D HeadsetService: getHeadsetService(): returning com.android.bluetooth.hfp.HeadsetService@4392678
07-12 11:29:44.798  2502  3492 D HeadsetService:  isAudioOn: The number of audio connected devices 0
07-12 11:29:44.798  2502  3492 D HeadsetService: isScoOrCallActive(): Call Active:falseCall is Ringing:falseSCO is Active:false
07-12 11:29:44.798  2502  3492 D HeadsetService:  isAudioOn: The number of audio connected devices 0
07-12 11:29:44.798  2502  3492 V Avrcp_ext: isPlayStateTobeUpdated: device: null
07-12 11:29:44.798  2502  3492 V Avrcp_ext: Single connection exists
07-12 11:29:44.798  2502  3492 D HeadsetService:  isAudioOn: The number of audio connected devices 0
07-12 11:29:44.798  2502  3492 D HeadsetService: isScoOrCallActive(): Call Active:falseCall is Ringing:falseSCO is Active:false
07-12 11:29:44.798  2502  3492 D HeadsetService:  isAudioOn: The number of audio connected devices 0
07-12 11:29:44.798  2502  3492 V Avrcp_ext: isPlayStateTobeUpdated: device: null
07-12 11:29:44.798  2502  3492 V Avrcp_ext: Single connection exists
07-12 11:29:44.798  2502  3492 D HeadsetService:  isAudioOn: The number of audio connected devices 0
07-12 11:29:44.798  2502  3492 D HeadsetService: isScoOrCallActive(): Call Active:falseCall is Ringing:falseSCO is Active:false
07-12 11:29:44.798  2502  3492 D HeadsetService:  isAudioOn: The number of audio connected devices 0
07-12 11:29:44.798  2502  3492 V Avrcp_ext: isPlayStateTobeUpdated: device: null
07-12 11:29:44.798  2502  3492 V Avrcp_ext: Single connection exists
07-12 11:29:44.798  2502  3492 D HeadsetService:  isAudioOn: The number of audio connected devices 0
07-12 11:29:44.798  2502  3492 D HeadsetService: isScoOrCallActive(): Call Active:falseCall is Ringing:falseSCO is Active:false
07-12 11:29:44.798  2502  3492 D HeadsetService:  isAudioOn: The number of audio connected devices 0
07-12 11:29:44.798  2502  3492 V Avrcp_ext: isPlayStateTobeUpdated: device: null
07-12 11:29:44.798  2502  3492 V Avrcp_ext: Single connection exists
07-12 11:29:44.798  2502  3492 D HeadsetService:  isAudioOn: The number of audio connected devices 0
07-12 11:29:44.798  2502  3492 D HeadsetService: isScoOrCallActive(): Call Active:falseCall is Ringing:falseSCO is Active:false
07-12 11:29:44.798  2502  3492 D HeadsetService:  isAudioOn: The number of audio connected devices 0
07-12 11:29:44.798  2502  3492 V Avrcp_ext: isPlayStateTobeUpdated: device: null
07-12 11:29:44.798  2502  3492 V Avrcp_ext: Single connection exists
07-12 11:29:44.798  2502  3492 I Avrcp_ext: No active device found, update playstate to stack
07-12 11:29:44.798  2502  3492 E BluetoothAvrcpServiceJni: updatePlayStatusToStack
07-12 11:29:44.798  2502  3492 E bt_btif : update_play_status_to_stack:invalid index,remote suspend not set
07-12 11:29:44.798  2502  3492 E BluetoothAvrcpServiceJni: updatePlayStatusToStack: status: 1
07-12 11:29:44.798  2502  3492 D Avrcp_ext: Enter sendPlayPosNotificationRsp
07-12 11:29:44.798  2502  3492 D Avrcp_ext: sendPlayPosNotificationRsp: Not registered or requesting.
07-12 11:29:44.798  2502  3492 D Avrcp_ext: Enter sendPlayPosNotificationRsp
07-12 11:29:44.798  2502  3492 D Avrcp_ext: sendPlayPosNotificationRsp: Not registered or requesting.
07-12 11:29:44.798  2502  3492 D Avrcp_ext: Enter sendPlayPosNotificationRsp
07-12 11:29:44.798  2502  3492 D Avrcp_ext: sendPlayPosNotificationRsp: Not registered or requesting.
07-12 11:29:44.798  2502  3492 D Avrcp_ext: Enter sendPlayPosNotificationRsp
07-12 11:29:44.798  2502  3492 D Avrcp_ext: sendPlayPosNotificationRsp: Not registered or requesting.
07-12 11:29:44.798  2502  3492 D Avrcp_ext: Enter sendPlayPosNotificationRsp
07-12 11:29:44.798  2502  3492 D Avrcp_ext: sendPlayPosNotificationRsp: Not registered or requesting.
07-12 11:29:44.798  2502  3492 V Avrcp_ext: Exit updatePlayerStateAndPosition
07-12 11:29:44.798  2502  3492 V Avrcp_ext:  Exit onPlaybackStateChanged
07-12 11:29:44.798 19017 19622 D CCodecBuffers: [c2.android.aac.decoder#870:1D-Input.Impl[N]] codec released a buffer owned by client (index 0)
07-12 11:29:44.806   901  7752 I audio_hw_utils: audio_extn_utils_update_stream_output_app_type_cfg Allowing 24 and above bits playback on speaker ONLY at default sampling rate
07-12 11:29:44.806   901  7752 E soundtrigger: audio_extn_sound_trigger_update_stream_status: invalid input device 0x0, for event 3
07-12 11:29:44.806   901  7752 D soundtrigger: audio_extn_sound_trigger_update_stream_status: uc_info->id 0 of type 0 for Event 3, with Raise=1
07-12 11:29:44.806   901  7752 I sound_trigger_platform: platform_stdev_check_and_update_concurrency: Received STREAM event, event type 3, usecase type 0
07-12 11:29:44.806   901  7752 D sound_trigger_platform: platform_stdev_get_capture_device: Device = 0x80000004
07-12 11:29:44.806   901  7752 D sound_trigger_platform: platform_stdev_get_capture_device: Available device = 0x80000004
07-12 11:29:44.806   901  7752 D sound_trigger_platform: platform_stdev_check_and_update_concurrency: dedicated path 0, reset backend 1, tx 0, rx 1, concurrency session allowed
07-12 11:29:44.806   901  7752 D audio_hw_utils: audio_extn_utils_send_app_type_cfg: usecase->out_snd_device speaker
07-12 11:29:44.806   901  7752 D msm8974_platform: platform_split_snd_device: snd_device(2) num devices(0) new_snd_devices(0)
07-12 11:29:44.806   901  7752 D audio_hw_utils: audio_extn_btsco_get_sample_rate:Not a BT SCO device, need not update sampling rate
07-12 11:29:44.806   901  7752 I audio_hw_utils: send_app_type_cfg_for_device PLAYBACK app_type 69940, acdb_dev_id 10011, sample_rate 48000, snd_device_be_idx 45
07-12 11:29:44.806   901  7752 D msm8974_platform: platform_split_snd_device: snd_device(2) num devices(1) new_snd_devices(0)
07-12 11:29:44.806   901  7752 D audio_hw_utils: audio_extn_btsco_get_sample_rate:Not a BT SCO device, need not update sampling rate
07-12 11:29:44.806   901  7752 D ACDB-LOADER: ACDB -> send_audio_cal, acdb_id = 10011, path = 0, app id = 0x11134, sample rate = 48000, afe_sample_rate = 48000
07-12 11:29:44.806   901  7752 D ACDB-LOADER: ACDB -> send_asm_topology
07-12 11:29:44.806   901  7752 D ACDB-LOADER: ACDB -> ACDB_CMD_GET_AUDPROC_STREAM_TOPOLOGY_ID
07-12 11:29:44.806   901  7752 D ACDB-LOADER: ACDB -> send_adm_topology
07-12 11:29:44.806   901  7752 D ACDB-LOADER: ACDB -> ACDB_CMD_GET_AUDPROC_COMMON_TOPOLOGY_ID
07-12 11:29:44.806   901  7752 D ACDB-LOADER: ACDB -> send_audtable
07-12 11:29:44.806   901  7752 D ACDB-LOADER: ACDB -> ACDB_CMD_GET_AUDPROC_INSTANCE_COMMON_TABLE_SIZE
07-12 11:29:44.806   901  7752 D ACDB-LOADER: ACDB -> ACDB_CMD_GET_AUDPROC_INSTANCE_COMMON_TABLE
07-12 11:29:44.807   901  7752 D ACDB-LOADER: ACDB -> AUDIO_SET_AUDPROC_CAL cal_type[11] acdb_id[10011] app_type[69940]
07-12 11:29:44.807   901  7752 D ACDB-LOADER: ACDB -> send_audvoltable
07-12 11:29:44.807   901  7752 D ACDB-LOADER: ACDB -> ACDB_CMD_GET_AUDPROC_INSTANCE_GAIN_DEP_STEP_TABLE_SIZE
07-12 11:29:44.807   901  7752 D android.hardware.audio.service: Failed to fetch the lookup information of the device 0000271B
07-12 11:29:44.807   901  7752 D ACDB-LOADER: Error: ACDB_CMD_GET_AUDPROC_INSTANCE_GAIN_DEP_STEP_TABLE_SIZE Returned = -19
07-12 11:29:44.807   901  7752 D ACDB-LOADER: ACDB -> ACDB_CMD_GET_AUDPROC_INSTANCE_GAIN_DEP_STEP_TABLE, vol index 0
07-12 11:29:44.807   901  7752 D android.hardware.audio.service: Failed to fetch the lookup information of the device 0000271B
07-12 11:29:44.807   901  7752 D ACDB-LOADER: Error: ACDB AudProc vol returned = -19
07-12 11:29:44.807   901  7752 D ACDB-LOADER: ACDB -> AUDIO_SET_VOL_CAL cal type = 12
07-12 11:29:44.807   901  7752 D ACDB-LOADER: ACDB -> ACDB_CMD_GET_AUDPROC_INSTANCE_STREAM_TABLE_SIZE
07-12 11:29:44.807   901  7752 D ACDB-LOADER: ACDB -> send_audstrmtable
07-12 11:29:44.807   901  7752 D ACDB-LOADER: ACDB -> ACDB_CMD_GET_AUDPROC_INSTANCE_STREAM_TABLE
07-12 11:29:44.807   901  7752 D ACDB-LOADER: ACDB -> audstrm_cal->cal_type.cal_data.cal_size = 20
07-12 11:29:44.807   901  7752 D ACDB-LOADER: ACDB -> send_afe_topology
07-12 11:29:44.807   901  7752 D ACDB-LOADER: ACDB -> ACDB_CMD_GET_AFE_TOPOLOGY_ID
07-12 11:29:44.807   901  7752 D ACDB-LOADER: ACDB -> GET_AFE_TOPOLOGY_ID for adcd_id 10011, Topology Id 112fc
07-12 11:29:44.807   901  7752 D ACDB-LOADER: ACDB -> send_afe_cal
07-12 11:29:44.807   901  7752 D ACDB-LOADER: ACDB -> ACDB_CMD_GET_AFE_INSTANCE_COMMON_TABLE_SIZE
07-12 11:29:44.807   901  7752 D android.hardware.audio.service: Failed to fetch the lookup information of the device 0000271B
07-12 11:29:44.807   901  7752 D ACDB-LOADER: Error: ACDB_CMD_GET_AFE_INSTANCE_COMMON_TABLE_SIZE Returned = -19
07-12 11:29:44.807   901  7752 D ACDB-LOADER: ACDB -> ACDB_CMD_GET_AFE_INSTANCE_COMMON_TABLE
07-12 11:29:44.807   901  7752 D android.hardware.audio.service: Failed to fetch the lookup information of the device 0000271B
07-12 11:29:44.807   901  7752 D ACDB-LOADER: Error: ACDB AFE returned = -19
07-12 11:29:44.807   901  7752 D ACDB-LOADER: ACDB -> AUDIO_SET_AFE_CAL cal_type[16] acdb_id[10011]
07-12 11:29:44.807   901  7752 D ACDB-LOADER: ACDB -> send_hw_delay : acdb_id = 10011 path = 0
07-12 11:29:44.807   901  7752 D ACDB-LOADER: ACDB -> ACDB_AVSYNC_INFO: ACDB_CMD_GET_DEVICE_PROPERTY
07-12 11:29:44.807   901  7752 D msm8974_platform: platform_split_snd_device: snd_device(2) num devices(0) new_snd_devices(0)
07-12 11:29:44.807   901  7752 I msm8974_platform: platform_get_custom_mtmx_params: no matching param with id 0 ip_ch 2 op_ch 2 uc_id 0 snd_dev 2
07-12 11:29:44.807   901  7752 D audio_hw_primary: enable_audio_route: apply mixer and update path: deep-buffer-playback speaker
07-12 11:29:44.807   901  7752 D audio_route: Apply path: deep-buffer-playback speaker
07-12 11:29:44.807   901  7752 E audio_route: Path: deep-buffer-playback speaker, length: 1
07-12 11:29:44.807   901  7752 E audio_route:   id=0: ctl=TERT_MI2S_RX Audio Mixer MultiMedia1
07-12 11:29:44.807   901  7752 E audio_route:     id=0 value=1
07-12 11:29:44.807   901  7752 E audio_route:     id=1 value=1
07-12 11:29:44.807   901  7752 D audio_route: audio_route_apply_and_update_path name deep-buffer-playback speaker
07-12 11:29:44.807   901  7752 D audio_hw_primary: [force reset] create deep-buffer-playback speaker 1
07-12 11:29:44.807   901  7752 D ultrasound_extn: ultrasound_select_devices_post: enter: engine_suspended: 0
07-12 11:29:44.807   901  7752 D ultrasound_extn: dump_usecase_list: start ======================================
07-12 11:29:44.807   901  7752 D ultrasound_extn: dump_usecase_list: enter sensor_activated:0 hw_port_enabled:0 suspended:0
07-12 11:29:44.807   901  7752 D ultrasound_extn: dump_usecase_list: select_devices_post usecase[#0]:(0, deep-buffer-playback) in_dev:(0, ) out_dv:(2, speaker)
07-12 11:29:44.807   901  7752 D ultrasound_extn: dump_usecase_list: RX_CDC_DMA_RX_0 SampleRate		 KHZ_48
07-12 11:29:44.807   901  7752 D ultrasound_extn: dump_usecase_list: RX_CDC_DMA_RX_0 Format		 S16_LE
07-12 11:29:44.808   901  7752 D ultrasound_extn: dump_usecase_list: RX_CDC_DMA_RX_0 Channels		 One
07-12 11:29:44.808   901  7752 D ultrasound_extn: dump_usecase_list: RX_CDC_DMA_RX_1 SampleRate		 KHZ_48
07-12 11:29:44.808   901  7752 D ultrasound_extn: dump_usecase_list: RX_CDC_DMA_RX_1 Format		 S16_LE
07-12 11:29:44.808   901  7752 D ultrasound_extn: dump_usecase_list: RX_CDC_DMA_RX_1 Channels		 One
07-12 11:29:44.808   901  7752 D ultrasound_extn: dump_usecase_list: end ======================================
07-12 11:29:44.808   901  7752 D audio_hw_primary: select_devices: done
07-12 11:29:44.856   904  3454 I vendor.qti.bluetooth@1.0-ibs_handler: ProcessIbsCmd: Received IBS_SLEEP_IND: 0xFE
07-12 11:29:44.856   904  3454 D vendor.qti.bluetooth@1.0-ibs_handler: SerialClockVote: vote for UART CLK OFF
07-12 11:29:44.884   901  7752 D msm8974_platform: platform_set_channel_map mixer_ctl_name:Playback Channel Map0
07-12 11:29:44.884   901  7752 D msm8974_platform: platform_set_channel_map: set mapping(1 2 0 0 0 0 0 0) for channel:2
07-12 11:29:44.885   901  7752 D audio_hw_primary: check_and_set_karaok_parameters: is karaok rx device 0, is karaok tx device 0
07-12 11:29:44.885   901  7752 D audio_hw_primary: start_output_stream: exit
07-12 11:29:44.885   901  7752 D msm8974_platform: try to update scenario for acdb 10011
07-12 11:29:44.885   901  7752 D adsp_utils: devices 2, samplerate 48000,
07-12 11:29:44.885   901  7752 D adsp_utils: app_name cn.missevan, scenario is 1
07-12 11:29:44.885   901  7752 D adsp_utils: set scenario mode 1, devices 2, samplerate 48000, persist 0
07-12 11:29:44.885   901  7752 V msm8974_platform: platform_set_parameters: enter: cal_persist=0;cal_devid=2;cal_moduleid=0x1000a100;cal_caltype=0;cal_instanceid=0x0;cal_apptype=69940;cal_paramid=0x1000a113;cal_topoid=0x1000a100;cal_samplerate=48000;cal_data=AQAAAA==
07-12 11:29:44.886  4928  5157 W Parcel  : **** enforceInterface() expected 'com.miui.gamebooster.service.ISecurityCenterNotificationListener' but read 'android.service.notification.INotificationListener'
07-12 11:29:44.886   901  7752 D msm8974_platform: Setting audio calibration for snd_device(2) acdb_id(10011)
07-12 11:29:44.886  4928  5157 W Binder  : Caught a RuntimeException from the binder stub implementation.
07-12 11:29:44.886  4928  5157 W Binder  : java.lang.SecurityException: Binder invocation to an incorrect interface
07-12 11:29:44.886  4928  5157 W Binder  : 	at android.os.Parcel.nativeEnforceInterface(Native Method)
07-12 11:29:44.886  4928  5157 W Binder  : 	at android.os.Parcel.enforceInterface(Parcel.java:653)
07-12 11:29:44.886  4928  5157 W Binder  : 	at com.miui.gamebooster.service.ISecurityCenterNotificationListener$Stub.onTransact(Unknown Source:18)
07-12 11:29:44.886  4928  5157 W Binder  : 	at android.os.Binder.execTransactInternal(Binder.java:1159)
07-12 11:29:44.886  4928  5157 W Binder  : 	at android.os.Binder.execTransact(Binder.java:1123)
07-12 11:29:44.887   901  7752 D audio_hw_hfp: hfp_set_parameters: enter
07-12 11:29:44.888   901  7752 V msm8974_platform: platform_set_parameters: enter: cal_persist=0;cal_devid=2;cal_moduleid=0x1000a100;cal_caltype=0;cal_instanceid=0x0;cal_apptype=69940;cal_paramid=0x1000a110;cal_topoid=0x1000a100;cal_samplerate=48000;cal_data=AAAAAA==
07-12 11:29:44.888   901  7752 D msm8974_platform: Setting audio calibration for snd_device(2) acdb_id(10011)
07-12 11:29:44.888   901  7752 D audio_hw_hfp: hfp_set_parameters: enter
07-12 11:29:44.888   901  7752 V msm8974_platform: platform_set_parameters: enter: cal_persist=0;cal_devid=2;cal_moduleid=0x1000a100;cal_caltype=0;cal_instanceid=0x0;cal_apptype=69940;cal_paramid=0x1000a110;cal_topoid=0x1000a106;cal_samplerate=48000;cal_data=AAAAAA==
07-12 11:29:44.888   901  7752 D msm8974_platform: Setting audio calibration for snd_device(2) acdb_id(10011)
07-12 11:29:44.888   901  7752 E ACDB-LOADER: [acdb_loader_adsp_set_audio_cal] active device/stream not found (result=-100) for topology 0x1000a106 and apptype 0x11134
07-12 11:29:44.888   901  7752 E ACDB-LOADER: [acdb_loader_adsp_set_audio_cal] set parameters failed with status -100
07-12 11:29:44.888   901  7752 D audio_hw_hfp: hfp_set_parameters: enter
07-12 11:29:44.888   901  7752 V msm8974_platform: platform_set_parameters: enter: cal_persist=0;cal_devid=2;cal_moduleid=0x1000a100;cal_caltype=0;cal_instanceid=0x0;cal_apptype=69937;cal_paramid=0x1000a110;cal_topoid=0x1000a106;cal_samplerate=48000;cal_data=AAAAAA==
07-12 11:29:44.888   901  7752 D msm8974_platform: Setting audio calibration for snd_device(2) acdb_id(10011)
07-12 11:29:44.888   901  7752 E ACDB-LOADER: [acdb_loader_adsp_set_audio_cal] active device/stream not found (result=-100) for topology 0x1000a106 and apptype 0x11131
07-12 11:29:44.888   901  7752 E ACDB-LOADER: [acdb_loader_adsp_set_audio_cal] set parameters failed with status -100
07-12 11:29:44.888   901  7752 D audio_hw_hfp: hfp_set_parameters: enter
07-12 11:29:44.888   901  7752 V msm8974_platform: platform_set_parameters: enter: cal_persist=0;cal_devid=2;cal_moduleid=0x1000a100;cal_caltype=0;cal_instanceid=0x0;cal_apptype=69940;cal_paramid=0x1000a114;cal_topoid=0x1000a100;cal_samplerate=48000;cal_data=AAAAAA==
07-12 11:29:44.888   901  7752 D msm8974_platform: Setting audio calibration for snd_device(2) acdb_id(10011)
07-12 11:29:44.889   901  7752 D audio_hw_hfp: hfp_set_parameters: enter
07-12 11:29:44.889   901  7752 D audio_hw_primary: check_and_set_karaok_parameters: is karaok rx device 0, is karaok tx device 0
07-12 11:29:44.889   901  7752 V send_data_to_xlog: getCurrentDate
07-12 11:29:44.889   901  7752 V send_data_to_xlog: current time is : 2022 year, 7 month, 12 daty
07-12 11:29:44.889   901  7752 V send_data_to_xlog: do not need to seed data to xlog
07-12 11:29:44.889   901  7752 V send_data_to_xlog: send_EarsCompensation_dailyuse_to_xlog
07-12 11:29:44.889   901  7752 E send_data_to_xlog: get_int_by_key: unable to get property persist.vendor.audio.scenario
07-12 11:29:44.889   901  7752 I send_data_to_xlog: get property key: persist.vendor.audio.ears.compensation.state, value: 0
07-12 11:29:44.889   901  7752 E send_data_to_xlog: the EarsCompensation is closed
07-12 11:29:44.889   901  7752 I send_data_to_xlog: get_headset_type the type is speaker
07-12 11:29:44.889   901  7752 D send_data_to_xlog: send_misound_dailyuse_to_xlog, the headset type is speaker
07-12 11:29:44.889   901  7752 D send_data_to_xlog:  send_misound_dailyuse_to_xlog: misound without usb
07-12 11:29:44.889   901  7752 D audio_hw_primary: out_write: retry previous failed cal level set
07-12 11:29:44.889   901  7752 D msm8974_platform: platform_split_snd_device: snd_device(2) num devices(1) new_snd_devices(0)
07-12 11:29:44.889   901  7752 D ACDB-LOADER: ACDB -> send_audvoltable
07-12 11:29:44.889   901  7752 D ACDB-LOADER: ACDB -> ACDB_CMD_GET_AUDPROC_INSTANCE_GAIN_DEP_STEP_TABLE_SIZE
07-12 11:29:44.889   901  7752 D android.hardware.audio.service: Failed to fetch the lookup information of the device 0000271B
07-12 11:29:44.889   901  7752 D ACDB-LOADER: Error: ACDB_CMD_GET_AUDPROC_INSTANCE_GAIN_DEP_STEP_TABLE_SIZE Returned = -19
07-12 11:29:44.889   901  7752 D ACDB-LOADER: ACDB -> ACDB_CMD_GET_AUDPROC_INSTANCE_GAIN_DEP_STEP_TABLE, vol index 5
07-12 11:29:44.889   901  7752 D android.hardware.audio.service: Failed to fetch the lookup information of the device 0000271B
07-12 11:29:44.889   901  7752 D ACDB-LOADER: Error: ACDB AudProc vol returned = -19
07-12 11:29:44.889   901  7752 D ACDB-LOADER: ACDB -> AUDIO_SET_VOL_CAL cal type = 40
07-12 11:29:44.889  4928  4928 V onNotificationPostedCallBack: flags=98
07-12 11:29:44.890  4928  4928 V j       : ret=0
07-12 11:29:44.890   901  2169 D msm8974_platform: platform_split_snd_device: snd_device(2) num devices(1) new_snd_devices(0)
07-12 11:29:44.893  1295  1427 D MediaMetricsService: submitInternal: isTrusted:1 given uid -1; sanitized uid: 1041 sanitized pkg: audioserver sanitized pkg version: 0
07-12 11:29:44.893  1295  1427 D MediaMetricsService: submitInternal: item->getKey().c_str() = audio.thread.29
07-12 11:29:44.893  1295  1427 D MediaMetricsService: submitInternal: item->getCString(kCodecPackageName, &msg_send->packgeName) = 0
07-12 11:29:44.893  1295  1427 D MediaMetricsService: submitInternal: item->getInt32(kCodecHdrInfo, &msg_send->hdr) = 0
07-12 11:29:44.893  1295  1427 D MediaMetricsService: submitInternal: item->getInt32(kCodecFrameRateCal, &msg_send->frameRateCal) = 0
07-12 11:29:44.893  1295  1427 D MediaMetricsService: submitInternal: msg_send->frameRateCal = 0
07-12 11:29:44.901 19017 19148 D AudioTrack: getTimestamp_l(52): device stall time corrected using current time 2453229882656
07-12 11:29:44.912  1295  1427 D MediaMetricsService: submitInternal: isTrusted:1 given uid -1; sanitized uid: 1041 sanitized pkg: audioserver sanitized pkg version: 0
07-12 11:29:44.912  1295  1427 D MediaMetricsService: submitInternal: item->getKey().c_str() = audio.thread.29
07-12 11:29:44.912  1295  1427 D MediaMetricsService: submitInternal: item->getCString(kCodecPackageName, &msg_send->packgeName) = 0
07-12 11:29:44.912  1295  1427 D MediaMetricsService: submitInternal: item->getInt32(kCodecHdrInfo, &msg_send->hdr) = 0
07-12 11:29:44.912  1295  1427 D MediaMetricsService: submitInternal: item->getInt32(kCodecFrameRateCal, &msg_send->frameRateCal) = 0
07-12 11:29:44.912  1295  1427 D MediaMetricsService: submitInternal: msg_send->frameRateCal = 0
07-12 11:29:44.942  1295  1427 D MediaMetricsService: submitInternal: isTrusted:1 given uid -1; sanitized uid: 1041 sanitized pkg: audioserver sanitized pkg version: 0
07-12 11:29:44.942  1295  1427 D MediaMetricsService: submitInternal: item->getKey().c_str() = audio.thread.29
07-12 11:29:44.942  1295  1427 D MediaMetricsService: submitInternal: item->getCString(kCodecPackageName, &msg_send->packgeName) = 0
07-12 11:29:44.942  1295  1427 D MediaMetricsService: submitInternal: item->getInt32(kCodecHdrInfo, &msg_send->hdr) = 0
07-12 11:29:44.942  1295  1427 D MediaMetricsService: submitInternal: item->getInt32(kCodecFrameRateCal, &msg_send->frameRateCal) = 0
07-12 11:29:44.942  1295  1427 D MediaMetricsService: submitInternal: msg_send->frameRateCal = 0
07-12 11:29:44.982   991  2189 D AudioFlinger: mixer(0xb400007069e3db00) throttle end: throttle time(46)
07-12 11:29:45.007   904  3130 D vendor.qti.bluetooth@1.0-wake_lock: Release wakelock is released
07-12 11:29:45.009  4928  5157 W Parcel  : **** enforceInterface() expected 'com.miui.gamebooster.service.ISecurityCenterNotificationListener' but read 'android.service.notification.INotificationListener'
07-12 11:29:45.009  4928  5157 W Binder  : Caught a RuntimeException from the binder stub implementation.
07-12 11:29:45.009  4928  5157 W Binder  : java.lang.SecurityException: Binder invocation to an incorrect interface
07-12 11:29:45.009  4928  5157 W Binder  : 	at android.os.Parcel.nativeEnforceInterface(Native Method)
07-12 11:29:45.009  4928  5157 W Binder  : 	at android.os.Parcel.enforceInterface(Parcel.java:653)
07-12 11:29:45.009  4928  5157 W Binder  : 	at com.miui.gamebooster.service.ISecurityCenterNotificationListener$Stub.onTransact(Unknown Source:18)
07-12 11:29:45.009  4928  5157 W Binder  : 	at android.os.Binder.execTransactInternal(Binder.java:1159)
07-12 11:29:45.009  4928  5157 W Binder  : 	at android.os.Binder.execTransact(Binder.java:1123)
07-12 11:29:45.010  4928  4928 V onNotificationPostedCallBack: flags=98
07-12 11:29:45.011  4928  4928 V j       : ret=0
07-12 11:29:45.282  2502  3492 V Avrcp_ext: AvrcpMessageHandler: received message=29
07-12 11:29:45.283  2502  3492 V Avrcp_ext: updateCurrentMediaState: mMediaController: MediaController (cn.missevan@e9bd7ea) 《偷偷藏不住》春节小剧场, 三米造事务所, <p>晋江文学城竹已原著，猫耳FM、三糙文化联合出品。</p><p>2021年2月起，猫耳FM，全网独播，每周更新。</p><br /><p>前线联络员桑稚为您带来春节神秘祝福</p><br /><p>桑稚：浮梦若薇@浮梦若薇</p><p>段嘉许：轩ZONE@轩ZONE</p><p> </p><p>——本作品为付费内容，禁止无偿分享、二次修改上传及一切商用行为——</p><br />
07-12 11:29:45.283  2502  3492 V Avrcp_ext: isMusicActive: true getBluetoothPlayState: 1
07-12 11:29:45.283  2502  3492 V Avrcp_ext: updateCurrentMediaState: isPlaying = false
07-12 11:29:45.284  2502  3492 V Avrcp_ext: updateCurrentMediaState: get media attributes:
07-12 11:29:45.284  2502  3492 D Avrcp_ext: overwrite album_artist :if album is blank
07-12 11:29:45.284  2502  3492 D Avrcp_ext:  albumName : device :null
07-12 11:29:45.284  2502  3492 V Avrcp_ext: Media update: id 0➡0? [MediaAttributes: 《⋯场 -  by 三⋯所 (152393 0/0) ] : [MediaAttributes: 《⋯告 -  by 三⋯所 (45099 0/0) ]
07-12 11:29:45.285  2502  3492 D Avrcp_ext: isPackageNameValid: browsedPackage = cn.missevanisValid = true
07-12 11:29:45.285  2502  3492 V Avrcp_ext: isBrowseSupported for cn.missevan: false
07-12 11:29:45.285  2502  3492 V Avrcp_ext: newPlayStatus:1mReportedPlayStatus:-1
07-12 11:29:45.285  2502  3492 V Avrcp_ext: updatePlaybackState, state: PlaybackState {state=3, position=491, buffered position=23730, speed=1.0, updated=2453612, actions=2461535, custom actions=[], active item id=0, error=null} device: null
07-12 11:29:45.285  2502  3492 V Avrcp_ext: Device: no name:
07-12 11:29:45.285  2502  3492 V Avrcp_ext: Device: no name:
07-12 11:29:45.285  2502  3492 V Avrcp_ext: updatePlayerStateAndPosition, old=PlaybackState {state=3, position=3, buffered position=23730, speed=1.0, updated=2453124, actions=2461535, custom actions=[], active item id=0, error=null}, state=PlaybackState {state=3, position=491, buffered position=23730, speed=1.0, updated=2453612, actions=2461535, custom actions=[], active item id=0, error=null}
07-12 11:29:45.285  2502  3492 V Avrcp_ext: old state = PlaybackState {state=3, position=3, buffered position=23730, speed=1.0, updated=2453124, actions=2461535, custom actions=[], active item id=0, error=null}, new state= PlaybackState {state=3, position=491, buffered position=23730, speed=1.0, updated=2453612, actions=2461535, custom actions=[], active item id=0, error=null}
07-12 11:29:45.285  2502  3492 D HeadsetService: getHeadsetService(): returning com.android.bluetooth.hfp.HeadsetService@4392678
07-12 11:29:45.285  2502  3492 D HeadsetService:  isAudioOn: The number of audio connected devices 0
07-12 11:29:45.285  2502  3492 D HeadsetService: isScoOrCallActive(): Call Active:falseCall is Ringing:falseSCO is Active:false
07-12 11:29:45.285  2502  3492 D HeadsetService:  isAudioOn: The number of audio connected devices 0
07-12 11:29:45.285  2502  3492 V Avrcp_ext: isPlayStateTobeUpdated: device: null
07-12 11:29:45.285  2502  3492 V Avrcp_ext: Single connection exists
07-12 11:29:45.285  2502  3492 D HeadsetService:  isAudioOn: The number of audio connected devices 0
07-12 11:29:45.285  2502  3492 D HeadsetService: isScoOrCallActive(): Call Active:falseCall is Ringing:falseSCO is Active:false
07-12 11:29:45.285  2502  3492 D HeadsetService:  isAudioOn: The number of audio connected devices 0
07-12 11:29:45.285  2502  3492 V Avrcp_ext: isPlayStateTobeUpdated: device: null
07-12 11:29:45.285  2502  3492 V Avrcp_ext: Single connection exists
07-12 11:29:45.285  2502  3492 D HeadsetService:  isAudioOn: The number of audio connected devices 0
07-12 11:29:45.285  2502  3492 D HeadsetService: isScoOrCallActive(): Call Active:falseCall is Ringing:falseSCO is Active:false
07-12 11:29:45.285  2502  3492 D HeadsetService:  isAudioOn: The number of audio connected devices 0
07-12 11:29:45.285  2502  3492 V Avrcp_ext: isPlayStateTobeUpdated: device: null
07-12 11:29:45.285  2502  3492 V Avrcp_ext: Single connection exists
07-12 11:29:45.285  2502  3492 D HeadsetService:  isAudioOn: The number of audio connected devices 0
07-12 11:29:45.285  2502  3492 D HeadsetService: isScoOrCallActive(): Call Active:falseCall is Ringing:falseSCO is Active:false
07-12 11:29:45.285  2502  3492 D HeadsetService:  isAudioOn: The number of audio connected devices 0
07-12 11:29:45.285  2502  3492 V Avrcp_ext: isPlayStateTobeUpdated: device: null
07-12 11:29:45.285  2502  3492 V Avrcp_ext: Single connection exists
07-12 11:29:45.285  2502  3492 D HeadsetService:  isAudioOn: The number of audio connected devices 0
07-12 11:29:45.285  2502  3492 D HeadsetService: isScoOrCallActive(): Call Active:falseCall is Ringing:falseSCO is Active:false
07-12 11:29:45.286  2502  3492 D HeadsetService:  isAudioOn: The number of audio connected devices 0
07-12 11:29:45.286  2502  3492 V Avrcp_ext: isPlayStateTobeUpdated: device: null
07-12 11:29:45.286  2502  3492 V Avrcp_ext: Single connection exists
07-12 11:29:45.286  2502  3492 D Avrcp_ext: Enter sendPlayPosNotificationRsp
07-12 11:29:45.286  2502  3492 D Avrcp_ext: sendPlayPosNotificationRsp: Not registered or requesting.
07-12 11:29:45.286  2502  3492 D Avrcp_ext: Enter sendPlayPosNotificationRsp
07-12 11:29:45.286  2502  3492 D Avrcp_ext: sendPlayPosNotificationRsp: Not registered or requesting.
07-12 11:29:45.286  2502  3492 D Avrcp_ext: Enter sendPlayPosNotificationRsp
07-12 11:29:45.286  2502  3492 D Avrcp_ext: sendPlayPosNotificationRsp: Not registered or requesting.
07-12 11:29:45.286  2502  3492 D Avrcp_ext: Enter sendPlayPosNotificationRsp
07-12 11:29:45.286  2502  3492 D Avrcp_ext: sendPlayPosNotificationRsp: Not registered or requesting.
07-12 11:29:45.286  2502  3492 D Avrcp_ext: Enter sendPlayPosNotificationRsp
07-12 11:29:45.286  2502  3492 D Avrcp_ext: sendPlayPosNotificationRsp: Not registered or requesting.
07-12 11:29:45.286  2502  3492 V Avrcp_ext: Exit updatePlayerStateAndPosition
07-12 11:29:45.286  2502  3492 V Avrcp_ext: Exit handleMessage
07-12 11:29:45.384  1295  1427 D MediaMetricsService: submitInternal: isTrusted:1 given uid -1; sanitized uid: 1041 sanitized pkg: audioserver sanitized pkg version: 0
07-12 11:29:45.384  1295  1427 D MediaMetricsService: submitInternal: item->getKey().c_str() = audio.track.52
07-12 11:29:45.384  1295  1427 D MediaMetricsService: submitInternal: item->getCString(kCodecPackageName, &msg_send->packgeName) = 0
07-12 11:29:45.384  1295  1427 D MediaMetricsService: submitInternal: item->getInt32(kCodecHdrInfo, &msg_send->hdr) = 0
07-12 11:29:45.384  1295  1427 D MediaMetricsService: submitInternal: item->getInt32(kCodecFrameRateCal, &msg_send->frameRateCal) = 0
07-12 11:29:45.384  1295  1427 D MediaMetricsService: submitInternal: msg_send->frameRateCal = 0
07-12 11:29:45.402   904  3454 I vendor.qti.bluetooth@1.0-ibs_handler: ProcessIbsCmd: Received IBS_WAKE_IND: 0xFD
07-12 11:29:45.402   904  3454 D vendor.qti.bluetooth@1.0-ibs_handler: SerialClockVote: vote for UART CLK ON
07-12 11:29:45.403   904  3454 D vendor.qti.bluetooth@1.0-wake_lock: Acquire wakelock is acquired
07-12 11:29:45.403   904  3454 I vendor.qti.bluetooth@1.0-ibs_handler: ProcessIbsCmd: Writing IBS_WAKE_ACK
07-12 11:29:45.405  2502  3457 V bt_stack: [VERBOSE1:btm_ble_gap.cc(1924)] btm_ble_process_ext_adv_pkt: bda=c8:28:32:16:78:36
07-12 11:29:45.405  2502  3457 V bt_stack: [VERBOSE1:btm_ble_gap.cc(1848)] btm_ble_process_adv_addr: bda=c8:28:32:16:78:36
07-12 11:29:45.405  2502  3457 V bt_stack: [VERBOSE1:btm_inq.cc(1019)] BTM_InqDbRead: bd addr c8:28:32:16:78:36
07-12 11:29:45.407  3471  3587 E MiuiFastConnectService: check adv data not fast connect
07-12 11:29:45.433 19017 19622 D CCodecBuffers: [c2.android.aac.decoder#870:1D-Input.Impl[N]] codec released a buffer owned by client (index 0)
07-12 11:29:45.484   904  3454 I vendor.qti.bluetooth@1.0-ibs_handler: ProcessIbsCmd: Received IBS_SLEEP_IND: 0xFE
07-12 11:29:45.484   904  3454 D vendor.qti.bluetooth@1.0-ibs_handler: SerialClockVote: vote for UART CLK OFF
07-12 11:29:45.494 20445 20475 I appium  : channel read: POST /wd/hub/session/5a52aa9d-3d89-4420-8d71-9f37d45d203f/appium/device/press_keycode
07-12 11:29:45.494 20445 20475 I appium  : PressKeyCode command
07-12 11:29:45.494 20445 20475 I appium  : Calling PressKeyCode...
07-12 11:29:45.634   904  3130 D vendor.qti.bluetooth@1.0-wake_lock: Release wakelock is released
07-12 11:29:45.701  5340 19139 I SafeBinderCall: onPositionChange binder cost:1
07-12 11:29:45.915  4431  8251 W MiuiPerfServiceClient: interceptAndQueuing:18809|cn.missevan|337|148|unknown|null|cn.missevan/cn.missevan.activity.MainActivity|2452906960156|Slow main thread|9
07-12 11:29:45.916  4431  8251 I com.miui.daemo: oneway function results will be dropped but finished with status OK and parcel size 4
07-12 11:29:45.916  4431  8251 W MiuiPerfServiceClient: interceptAndQueuing:18809|cn.missevan|100|63|unknown|null|cn.missevan/cn.missevan.activity.MainActivity|2453170086250|Slow handle traversal|4
07-12 11:29:45.916  4431  8251 I com.miui.daemo: oneway function results will be dropped but finished with status OK and parcel size 4
07-12 11:29:46.100   904  3454 I vendor.qti.bluetooth@1.0-ibs_handler: ProcessIbsCmd: Received IBS_WAKE_IND: 0xFD
07-12 11:29:46.100   904  3454 D vendor.qti.bluetooth@1.0-ibs_handler: SerialClockVote: vote for UART CLK ON
07-12 11:29:46.101   904  3454 D vendor.qti.bluetooth@1.0-wake_lock: Acquire wakelock is acquired
07-12 11:29:46.101   904  3454 I vendor.qti.bluetooth@1.0-ibs_handler: ProcessIbsCmd: Writing IBS_WAKE_ACK
07-12 11:29:46.102  2502  3457 V bt_stack: [VERBOSE1:btm_ble_gap.cc(1924)] btm_ble_process_ext_adv_pkt: bda=66:42:c0:3b:40:87
07-12 11:29:46.103  2502  3457 V bt_stack: [VERBOSE1:btm_ble_gap.cc(1848)] btm_ble_process_adv_addr: bda=66:42:c0:3b:40:87
07-12 11:29:46.103  2502  3457 V bt_stack: [VERBOSE1:btm_inq.cc(1019)] BTM_InqDbRead: bd addr 66:42:c0:3b:40:87
07-12 11:29:46.103  2502  3457 V bt_stack: [VERBOSE1:btm_ble_gap.cc(1924)] btm_ble_process_ext_adv_pkt: bda=3a:79:18:03:3e:f3
07-12 11:29:46.103  2502  3457 V bt_stack: [VERBOSE1:btm_ble_gap.cc(1848)] btm_ble_process_adv_addr: bda=3a:79:18:03:3e:f3
07-12 11:29:46.103  2502  3457 V bt_stack: [VERBOSE1:btm_inq.cc(1019)] BTM_InqDbRead: bd addr 3a:79:18:03:3e:f3
07-12 11:29:46.182   904  3454 I vendor.qti.bluetooth@1.0-ibs_handler: ProcessIbsCmd: Received IBS_SLEEP_IND: 0xFE
07-12 11:29:46.182   904  3454 D vendor.qti.bluetooth@1.0-ibs_handler: SerialClockVote: vote for UART CLK OFF
07-12 11:29:46.332   904  3130 D vendor.qti.bluetooth@1.0-wake_lock: Release wakelock is released
07-12 11:29:46.451  8102  8283 D MemoryCeilingMonitor: [handleMemoryCalculate]
07-12 11:29:46.452  8102  8283 D MemoryCeilingMonitor: [calculate] tot: 4037823, max: 268435456, free: 763695, heap: 3274128, per: 0.01219707727432251
07-12 11:29:46.700  5340 19139 I SafeBinderCall: onPositionChange binder cost:1
07-12 11:29:46.790   904  3454 I vendor.qti.bluetooth@1.0-ibs_handler: ProcessIbsCmd: Received IBS_WAKE_IND: 0xFD
07-12 11:29:46.790   904  3454 D vendor.qti.bluetooth@1.0-ibs_handler: SerialClockVote: vote for UART CLK ON
07-12 11:29:46.791   904  3454 D vendor.qti.bluetooth@1.0-wake_lock: Acquire wakelock is acquired
07-12 11:29:46.791   904  3454 I vendor.qti.bluetooth@1.0-ibs_handler: ProcessIbsCmd: Writing IBS_WAKE_ACK
07-12 11:29:46.792  2502  3457 V bt_stack: [VERBOSE1:btm_ble_gap.cc(1924)] btm_ble_process_ext_adv_pkt: bda=c8:28:32:16:78:36
07-12 11:29:46.792  2502  3457 V bt_stack: [VERBOSE1:btm_ble_gap.cc(1848)] btm_ble_process_adv_addr: bda=c8:28:32:16:78:36
07-12 11:29:46.792  2502  3457 V bt_stack: [VERBOSE1:btm_ble_gap.cc(2058)]  Waiting for scan response c8:28:32:16:78:36
07-12 11:29:46.872   904  3454 I vendor.qti.bluetooth@1.0-ibs_handler: ProcessIbsCmd: Received IBS_SLEEP_IND: 0xFE
07-12 11:29:46.872   904  3454 D vendor.qti.bluetooth@1.0-ibs_handler: SerialClockVote: vote for UART CLK OFF
07-12 11:29:47.022   904  3130 D vendor.qti.bluetooth@1.0-wake_lock: Release wakelock is released
07-12 11:29:47.700  5340 19139 I SafeBinderCall: onPositionChange binder cost:0
07-12 11:29:47.722 19017 19637 D CCodecBufferChannel: [c2.android.aac.decoder#870] DEBUG: elapsed: n=6 [in=0 pipeline=0 out=2 smoothness=4]
07-12 11:29:47.722 19017 19637 D PipelineWatcher: DEBUG: elapsed 2 / 6
07-12 11:29:48.263  2963  2963 D NetworkSpeedTracker: receive actionandroid.intent.action.BATTERY_CHANGED
07-12 11:29:48.264  2963  2963 D NetworkSpeedTracker: onReceive ACTION_BATTERY_CHANGED mBatteryLevel = 100;mIsCharging =true
07-12 11:29:48.264  2829  2829 D QtiCarrierConfigHelper: WARNING, no carrier configs on phone Id: 0
07-12 11:29:48.265  4928  4928 I BatteryInfoReceiver: ACTION_BATTERY_CHANGED
07-12 11:29:48.267  6407  6935 D PowerKeeper.FrozenApp: onBatteryChanged plug=true mBatteryPlugged=2
07-12 11:29:48.268  6407  7011 D PowerCheckerService: onBatteryChanged, mBatteryLevel = 100, status = 5, level = 100, plug = 2, scale = 100
07-12 11:29:48.269  2906  2906 D DeviceStatisticsService: chargerType=2 batteryLevel=100 totalBatteryCapacity=4297000
07-12 11:29:48.269  2906  2906 D DeviceInfoHidlClient: isPowerInfoNeverSent()=true
07-12 11:29:48.269  2906  2906 D DeviceInfoHidlClient: getPowerInfoSupportStatus()=-1
07-12 11:29:48.269  4928  8376 I android_os_HwBinder: HwBinder: Starting thread pool for getting: vendor.xiaomi.hardware.micharge@1.0::IMiCharge/default
07-12 11:29:48.270   968   968 I vendor.xiaomi.hardware.micharge@1.0-service: ReadFilePathValue path = /sys/class/power_supply/battery/night_charging value = 0
07-12 11:29:48.270  4928  8376 I ChargeProtectionUtils: getNightChargingState: 0
07-12 11:29:48.701  5340 19139 I SafeBinderCall: onPositionChange binder cost:1
07-12 11:29:48.842 18809 18809 E HttpException: [main] retrofit2.adapter.rxjava2.HttpException: HTTP 502
07-12 11:29:48.842 18809 18809 E HttpException: 	at retrofit2.adapter.rxjava2.BodyObservable$BodyObserver.onNext(SourceFile:54)
07-12 11:29:48.842 18809 18809 E HttpException: 	at retrofit2.adapter.rxjava2.BodyObservable$BodyObserver.onNext(SourceFile:37)
07-12 11:29:48.842 18809 18809 E HttpException: 	at retrofit2.adapter.rxjava2.CallExecuteObservable.subscribeActual(SourceFile:44)
07-12 11:29:48.842 18809 18809 E HttpException: 	at io.a.ab.subscribe(SourceFile:12246)
07-12 11:29:48.842 18809 18809 E HttpException: 	at retrofit2.adapter.rxjava2.BodyObservable.subscribeActual(SourceFile:34)
07-12 11:29:48.842 18809 18809 E HttpException: 	at io.a.ab.subscribe(SourceFile:12246)
07-12 11:29:48.842 18809 18809 E HttpException: 	at io.a.g.e.e.cu$a.ccq(SourceFile:151)
07-12 11:29:48.842 18809 18809 E HttpException: 	at io.a.g.e.e.cu.subscribeActual(SourceFile:60)
07-12 11:29:48.842 18809 18809 E HttpException: 	at io.a.ab.subscribe(SourceFile:12246)
07-12 11:29:48.842 18809 18809 E HttpException: 	at io.a.g.e.e.dk$b.run(SourceFile:96)
07-12 11:29:48.842 18809 18809 E HttpException: 	at io.a.aj$a.run(SourceFile:578)
07-12 11:29:48.842 18809 18809 E HttpException: 	at io.a.g.g.n.run(SourceFile:66)
07-12 11:29:48.842 18809 18809 E HttpException: 	at io.a.g.g.n.call(SourceFile:57)
07-12 11:29:48.842 18809 18809 E HttpException: 	at java.util.concurrent.FutureTask.run(FutureTask.java:266)
07-12 11:29:48.842 18809 18809 E HttpException: 	at java.util.concurrent.ScheduledThreadPoolExecutor$ScheduledFutureTask.run(ScheduledThreadPoolExecutor.java:301)
07-12 11:29:48.842 18809 18809 E HttpException: 	at java.util.concurrent.ThreadPoolExecutor.runWorker(ThreadPoolExecutor.java:1167)
07-12 11:29:48.842 18809 18809 E HttpException: 	at java.util.concurrent.ThreadPoolExecutor$Worker.run(ThreadPoolExecutor.java:641)
07-12 11:29:48.842 18809 18809 E HttpException: 	at java.lang.Thread.run(Thread.java:923)
07-12 11:29:48.842 18809 18809 E HttpException:
07-12 11:29:48.861 18809 18809 E ErrorBeforeSend: [main] buvid: XY2D9B72F2546DEAAD7E5CFE9D2961F9CF2FF, msgInfo: io.sentry.protocol.Message@562003b, error: , process: cn.missevan, x5CrashMsgsystem webview get nothing...
07-12 11:29:48.861 18809 18809 E ErrorBeforeSend: tbs_core_version:0;tbs_sdk_version:44199;
07-12 11:29:48.862 18809 18809 E JSONException: [main] com.alibaba.fastjson.JSONException: syntax error, pos 1, json : <!DOCTYPE HTML PUBLIC "-//IETF//DTD HTML 2.0//EN">
07-12 11:29:48.862 18809 18809 E JSONException: <html>
07-12 11:29:48.862 18809 18809 E JSONException: <head><title>502 Bad Gateway</title></head>
07-12 11:29:48.862 18809 18809 E JSONException: <body>
07-12 11:29:48.862 18809 18809 E JSONException: <center><h1>502 Bad Gateway</h1></center>
07-12 11:29:48.862 18809 18809 E JSONException:  Sorry for the inconvenience.<br/>
07-12 11:29:48.862 18809 18809 E JSONException: Please report this message and include the following information to us.<br/>
07-12 11:29:48.862 18809 18809 E JSONException: Thank you very much!</p>
07-12 11:29:48.862 18809 18809 E JSONException: <table>
07-12 11:29:48.862 18809 18809 E JSONException: <tr>
07-12 11:29:48.862 18809 18809 E JSONException: <td>URL:</td>
