06-14 17:19:20.456  8810  8844 W QueryController: Could not detect idle state.
06-14 17:19:20.458  1175  4556 I vendor.qti.bluetooth@1.0-ibs_handler: DeviceSleep: TX Awake, Sending SLEEP_IND
06-14 17:19:20.458  1175  4556 D vendor.qti.bluetooth@1.0-ibs_handler: SerialClockVote: vote for UART CLK OFF
06-14 17:19:20.463  1265 10712 I SDM     : HWCSession::ProcessRequests: Pushing release fence in fenece wait queue.
06-14 17:19:20.463  1265 10712 I SDM     : HWCSession::ProcessRequests: Creating AsyncFenceWaits async thread.
06-14 17:19:20.463  1265 10712 I SDM     : HWCSession::ProcessRequests: Remove current CWB request from the pending request queue.
06-14 17:19:20.464  1265 10712 I SDM     : HWCSession::ProcessRequests: No pending cwb requests found in the queue.
06-14 17:19:20.469  1265  1584 I SDM     : HWDeviceDRM::SetupConcurrentWriteback: Tear down the Concurrent Writeback topology
06-14 17:19:20.476  1265 10713 I SDM     : HWCSession::NotifyCWBStatus: Notify the client about buffer status 0.
06-14 17:19:20.477  1265 10713 I SDM     : HWCSession::PerformFenceWaits: Remove current release fence from the pending fence wait queue.
06-14 17:19:20.477  1265 10713 I SDM     : HWCSession::PerformFenceWaits: CWB fence queue is empty. No pending release fence to wait on.
06-14 17:19:20.484  2431  6360 D MIUIInput: Input event injection from pid 8785, MotionEvent: DOWN
06-14 17:19:20.485  2431  2938 D MIUIInput: [MotionEvent] publisher action=0x4, 13847313, channel '7c87e50 NavigationBar0 (server)'
06-14 17:19:20.485  2431  2938 D MIUIInput: [MotionEvent] publisher action=0x0, 13847313, channel '5f2d6b7 cn.missevan/cn.missevan.activity.MainActivity (server)'
06-14 17:19:20.486  8868  8868 D MIUIInput: [MotionEvent] ViewRootImpl windowName 'cn.missevan/cn.missevan.activity.MainActivity', { action=ACTION_DOWN, id[0]=0, pointerCount=1, eventTime=13847313, downTime=13847312, phoneEventTime=17:19:20.474 } moveCount:0
06-14 17:19:20.488  2431  6360 D MIUIInput: Input event injection from pid 8785, MotionEvent: UP
06-14 17:19:20.488  2431  2938 D MIUIInput: [MotionEvent] publisher action=0x1, 13847313, channel '5f2d6b7 cn.missevan/cn.missevan.activity.MainActivity (server)'
06-14 17:19:20.489  8868  8868 D MIUIInput: [MotionEvent] ViewRootImpl windowName 'cn.missevan/cn.missevan.activity.MainActivity', { action=ACTION_UP, id[0]=0, pointerCount=1, eventTime=13847313, downTime=13847312, phoneEventTime=17:19:20.475 } moveCount:0
06-14 17:19:20.490  8868  8868 E cn.missevan: No package ID ff found for ID 0xffffffff.
06-14 17:19:20.497  2018  3127 D libsensor-displayalgo: the value of  brightness:438.000000,R:83161860.091973,G:83161860.091973,B:83161860.091973,EVENT_C:7278.000000,EVENT_R:2775.500000,EVENT_G:3722.000000,EVENT_B:1474.000000
06-14 17:19:20.497  2018  3127 I libsensor-displayalgo: the value of  Coef1:1107.681000,Coef4:2.383000, scale1:0.935522, scale4:0.923264
06-14 17:19:20.497  2018  3127 E libsensor-displayalgo: RGB_test_0407_400_oldzy!
06-14 17:19:20.497  2018  3127 I libsensor-displayalgo: the value of  RESULT3273.639703,1289.339135,1580.357804,594.090241
06-14 17:19:20.498  2018  3127 I libsensor-displayalgo: the value of  getChannelDataCalibrated3432.232516,1194.176557,1836.856480,648.409521
06-14 17:19:20.498  2018  3127 I libsensor-displayalgo: the value of  REAL LUX230.501968
06-14 17:19:20.498  2018  3127 I libsensor-displayalgo: the value of  CAL REAL LUX230.501968
06-14 17:19:20.499  8868  8868 I HandWritingStubImpl: isKeyboardTypeChanged: false
06-14 17:19:20.500  8868  8868 I HandWritingStubImpl: isKeyboardTypeChanged: false
06-14 17:19:20.500  8868  8868 I HandWritingStubImpl: isKeyboardTypeChanged: false
06-14 17:19:20.500  8868  8868 I HandWritingStubImpl: isKeyboardTypeChanged: false
06-14 17:19:20.502  8810  8844 I appium  : Waiting up to 100ms for the device to idle
06-14 17:19:20.503  8868  8868 D IS_CTS_MODE: true
06-14 17:19:20.503  8868  8868 D MULTI_WINDOW_SWITCH_ENABLED: false
06-14 17:19:20.511  8868  8868 I HandWritingStubImpl: isKeyboardTypeChanged: false
06-14 17:19:20.512  8868  8868 I HandWritingStubImpl: isKeyboardTypeChanged: false
06-14 17:19:20.512  8868  8868 I HandWritingStubImpl: isKeyboardTypeChanged: false
06-14 17:19:20.528  2431  5698 I WindowManagerService: Physical orientation applied, rotation=0 sfOrientation=ORIENTATION_0
06-14 17:19:20.542  1408  1931 I BpBinder: onLastStrongRef automatically unlinking death recipients: <uncached descriptor>
06-14 17:19:20.543  2431  6360 I WindowManagerService: Physical orientation applied, rotation=0 sfOrientation=ORIENTATION_0
06-14 17:19:20.572  8868  8868 D DecorView[MainActivity]: onWindowFocusChanged hasWindowFocus false
06-14 17:19:20.575  8868  8868 D DecorView[]: onWindowFocusChanged hasWindowFocus true
06-14 17:19:20.575  8868  8868 I HandWritingStubImpl: refreshLastKeyboardType: 1
06-14 17:19:20.575  8868  8868 I HandWritingStubImpl: getCurrentKeyboardType: 1
06-14 17:19:20.577  8868  8868 I HandWritingStubImpl: isKeyboardTypeChanged: false
06-14 17:19:20.577 13581 13581 E BaseInputMethodService: onFinishInput
06-14 17:19:20.578 13581 13581 E BaseInputMethodService: onStartInput
06-14 17:19:20.578  8868 10454 D BLASTBufferQueue: releaseBufferCallback ReleaseCallbackId: bufferId:38087769981009 framenumber:1
06-14 17:19:20.608  1175  4347 D vendor.qti.bluetooth@1.0-wake_lock: Release wakelock is released
06-14 17:19:20.698  8868  8868 I HandWritingStubImpl: refreshLastKeyboardType: 1
06-14 17:19:20.699  8868  8868 I HandWritingStubImpl: getCurrentKeyboardType: 1
06-14 17:19:20.703  8868  8868 D InputMethodManager: showSoftInput() view=cn.missevan.emote.input.view.SelectionListenableEditText{fe94971 VFED..CL. .F....ID 44,22-815,121 #7f0b0413 app:id/edit_view aid=1073742015} flags=0 reason=SHOW_SOFT_INPUT
06-14 17:19:20.703 13581 13581 E BaseInputMethodService: onFinishInput
06-14 17:19:20.704 13581 13581 E BaseInputMethodService: onStartInput
06-14 17:19:20.705  2431  4484 I InputMethodManagerService: IMMS.showSoftInput(), client = com.android.internal.view.IInputMethodClient$Stub$Proxy@32f14d6
06-14 17:19:20.705  2431  4484 I InputMethodManagerService: IMMS.showCurrentInputLocked(), curMethod = com.android.internal.view.IInputMethod$Stub$Proxy@4e10d99, flags = 0
06-14 17:19:20.705  2431  4484 I SmartPower.com.sohu.inputmethod.sogou.xiaomi:scrashly/10132(13802): background->visible(57634ms) R(show input method) adj=925.
06-14 17:19:20.705  2431  4484 I SmartPower.com.sohu.inputmethod.sogou.xiaomi/10132(13581): background->visible(57635ms) R(show input method) adj=100.
06-14 17:19:20.706  2431  4484 I InputMethodManagerService: IMMS.showCurrentInputLocked request ims to show inputMethod.
06-14 17:19:20.706  2431  3472 I SmartPower: com.sohu.inputmethod.sogou.xiaomi/10132 state=inactive adj=100 proc size=2 move to foreground show input method
06-14 17:19:20.707  5858  8057 D MirrorManager:  sendAcceptInput 1 0
06-14 17:19:20.708 13581 13581 V InputMethod: IMS.showSoftInput()
06-14 17:19:20.708 13581 13581 E BaseInputMethodService: onConfigureWindow
06-14 17:19:20.710 13581 13581 E BaseInputMethodService: onStartInputView
06-14 17:19:20.711 13581 13581 I InputMethodService: customizeBottomViewColor, isCustom : true
06-14 17:19:20.711 13581 13581 I IMEBottomManager: customizeBottomViewColor, isCustom : true
06-14 17:19:20.712  8868  8868 I HandWritingStubImpl: isKeyboardTypeChanged: false
06-14 17:19:20.713  8868  8868 D InputMethodManager: showSoftInput() view=cn.missevan.emote.input.view.SelectionListenableEditText{fe94971 VFED..CL. .F....ID 44,22-815,121 #7f0b0413 app:id/edit_view aid=1073742015} flags=0 reason=SHOW_SOFT_INPUT
06-14 17:19:20.713 13581 13581 W System.err: android.content.pm.PackageManager$NameNotFoundException: com.huawei.hwid
06-14 17:19:20.713 13581 13581 W System.err: 	at android.app.ApplicationPackageManager.getPackageInfoAsUser(ApplicationPackageManager.java:243)
06-14 17:19:20.713 13581 13581 W System.err: 	at android.app.ApplicationPackageManager.getPackageInfo(ApplicationPackageManager.java:215)
06-14 17:19:20.713 13581 13581 W System.err: 	at bdo.v(SogouSource:832)
06-14 17:19:20.713  8810  8844 W QueryController: Could not detect idle state.
06-14 17:19:20.713 13581 13581 W System.err: 	at bdo.p(SogouSource:791)
06-14 17:19:20.713 13581 13581 W System.err: 	at com.sohu.inputmethod.sogou.fh.a(SogouSource:520)
06-14 17:19:20.713 13581 13581 W System.err: 	at com.sohu.inputmethod.sogou.MainImeServiceDel.j(SogouSource:3372)
06-14 17:19:20.713 13581 13581 W System.err: 	at com.sohu.inputmethod.sogou.MainImeServiceDel.c(SogouSource:3253)
06-14 17:19:20.713 13581 13581 W System.err: 	at com.sohu.inputmethod.sogou.MainImeServiceDel.d(SogouSource:5285)
06-14 17:19:20.713 13581 13581 W System.err: 	at com.sohu.inputmethod.sogou.MainImeServiceDel.c(SogouSource:4925)
06-14 17:19:20.713 13581 13581 W System.err: 	at com.sohu.inputmethod.sogou.SogouIME.b(SogouSource:312)
06-14 17:19:20.713 13581 13581 W System.err: 	at com.sohu.inputmethod.sogou.iw.a(SogouSource:1)
06-14 17:19:20.713 13581 13581 W System.err: 	at eeo.j(SogouSource:149)
06-14 17:19:20.713 13581 13581 W System.err: 	at ard.c(SogouSource:43)
06-14 17:19:20.713 13581 13581 W System.err: 	at com.sohu.inputmethod.sogou.SogouIME.onStartInputView(SogouSource:301)
06-14 17:19:20.713 13581 13581 W System.err: 	at android.inputmethodservice.InputMethodService.startViews(InputMethodService.java:2344)
06-14 17:19:20.713 13581 13581 W System.err: 	at android.inputmethodservice.InputMethodService.showWindow(InputMethodService.java:2290)
06-14 17:19:20.713 13581 13581 W System.err: 	at com.sohu.inputmethod.sogou.SogouIME.showWindow(SogouSource:1049)
06-14 17:19:20.713 13581 13581 W System.err: 	at android.inputmethodservice.InputMethodService$InputMethodImpl.showSoftInput(InputMethodService.java:837)
06-14 17:19:20.713 13581 13581 W System.err: 	at android.inputmethodservice.InputMethodService$InputMethodImpl.showSoftInputWithToken(InputMethodService.java:801)
06-14 17:19:20.713 13581 13581 W System.err: 	at android.inputmethodservice.IInputMethodWrapper.executeMessage(IInputMethodWrapper.java:225)
06-14 17:19:20.713 13581 13581 W System.err: 	at com.android.internal.os.HandlerCaller$MyHandler.handleMessage(HandlerCaller.java:44)
06-14 17:19:20.713 13581 13581 W System.err: 	at android.os.Handler.dispatchMessage(Handler.java:106)
06-14 17:19:20.713 13581 13581 W System.err: 	at android.os.Looper.loopOnce(Looper.java:211)
06-14 17:19:20.713 13581 13581 W System.err: 	at android.os.Looper.loop(Looper.java:300)
06-14 17:19:20.713 13581 13581 W System.err: 	at android.app.ActivityThread.main(ActivityThread.java:8258)
06-14 17:19:20.713 13581 13581 W System.err: 	at java.lang.reflect.Method.invoke(Native Method)
06-14 17:19:20.713 13581 13581 W System.err: 	at com.android.internal.os.RuntimeInit$MethodAndArgsCaller.run(RuntimeInit.java:556)
06-14 17:19:20.713 13581 13581 W System.err: 	at com.android.internal.os.ZygoteInit.main(ZygoteInit.java:1049)
06-14 17:19:20.714 13581 13581 W System.err: android.content.pm.PackageManager$NameNotFoundException: com.miui.core
06-14 17:19:20.714 13581 13581 W System.err: 	at android.app.ApplicationPackageManager.getPackageInfoAsUser(ApplicationPackageManager.java:243)
06-14 17:19:20.714 13581 13581 W System.err: 	at android.app.ApplicationPackageManager.getPackageInfo(ApplicationPackageManager.java:215)
06-14 17:19:20.714 13581 13581 W System.err: 	at bdo.u(SogouSource:812)
06-14 17:19:20.714 13581 13581 W System.err: 	at bdo.p(SogouSource:795)
06-14 17:19:20.714 13581 13581 W System.err: 	at com.sohu.inputmethod.sogou.fh.a(SogouSource:520)
06-14 17:19:20.714 13581 13581 W System.err: 	at com.sohu.inputmethod.sogou.MainImeServiceDel.j(SogouSource:3372)
06-14 17:19:20.714 13581 13581 W System.err: 	at com.sohu.inputmethod.sogou.MainImeServiceDel.c(SogouSource:3253)
06-14 17:19:20.714 13581 13581 W System.err: 	at com.sohu.inputmethod.sogou.MainImeServiceDel.d(SogouSource:5285)
06-14 17:19:20.714 13581 13581 W System.err: 	at com.sohu.inputmethod.sogou.MainImeServiceDel.c(SogouSource:4925)
06-14 17:19:20.714 13581 13581 W System.err: 	at com.sohu.inputmethod.sogou.SogouIME.b(SogouSource:312)
06-14 17:19:20.714 13581 13581 W System.err: 	at com.sohu.inputmethod.sogou.iw.a(SogouSource:1)
06-14 17:19:20.714 13581 13581 W System.err: 	at eeo.j(SogouSource:149)
06-14 17:19:20.714 13581 13581 W System.err: 	at ard.c(SogouSource:43)
06-14 17:19:20.714 13581 13581 W System.err: 	at com.sohu.inputmethod.sogou.SogouIME.onStartInputView(SogouSource:301)
06-14 17:19:20.714 13581 13581 W System.err: 	at android.inputmethodservice.InputMethodService.startViews(InputMethodService.java:2344)
06-14 17:19:20.714 13581 13581 W System.err: 	at android.inputmethodservice.InputMethodService.showWindow(InputMethodService.java:2290)
06-14 17:19:20.714 13581 13581 W System.err: 	at com.sohu.inputmethod.sogou.SogouIME.showWindow(SogouSource:1049)
06-14 17:19:20.714 13581 13581 W System.err: 	at android.inputmethodservice.InputMethodService$InputMethodImpl.showSoftInput(InputMethodService.java:837)
06-14 17:19:20.714 13581 13581 W System.err: 	at android.inputmethodservice.InputMethodService$InputMethodImpl.showSoftInputWithToken(InputMethodService.java:801)
06-14 17:19:20.714 13581 13581 W System.err: 	at android.inputmethodservice.IInputMethodWrapper.executeMessage(IInputMethodWrapper.java:225)
06-14 17:19:20.714 13581 13581 W System.err: 	at com.android.internal.os.HandlerCaller$MyHandler.handleMessage(HandlerCaller.java:44)
06-14 17:19:20.714 13581 13581 W System.err: 	at android.os.Handler.dispatchMessage(Handler.java:106)
06-14 17:19:20.714 13581 13581 W System.err: 	at android.os.Looper.loopOnce(Looper.java:211)
06-14 17:19:20.714 13581 13581 W System.err: 	at android.os.Looper.loop(Looper.java:300)
06-14 17:19:20.714 13581 13581 W System.err: 	at android.app.ActivityThread.main(ActivityThread.java:8258)
06-14 17:19:20.714 13581 13581 W System.err: 	at java.lang.reflect.Method.invoke(Native Method)
06-14 17:19:20.714 13581 13581 W System.err: 	at com.android.internal.os.RuntimeInit$MethodAndArgsCaller.run(RuntimeInit.java:556)
06-14 17:19:20.714 13581 13581 W System.err: 	at com.android.internal.os.ZygoteInit.main(ZygoteInit.java:1049)
06-14 17:19:20.715  8810  8844 I appium  : AppiumResponse: {"sessionId":"a5be06cb-718f-411e-aa3f-a3a993998b7b","value":null}
06-14 17:19:20.716 13581 13581 I RichImeStatus: onConfigImeType:[curLanId: 0, imeType: 2]
06-14 17:19:20.719  2431  6149 I InputMethodManagerService: IMMS.showSoftInput(), client = com.android.internal.view.IInputMethodClient$Stub$Proxy@8dfa862
06-14 17:19:20.719  2431  6149 I InputMethodManagerService: IMMS.showCurrentInputLocked(), curMethod = com.android.internal.view.IInputMethod$Stub$Proxy@4e10d99, flags = 0
06-14 17:19:20.719  2431  6149 I InputMethodManagerService: IMMS.showCurrentInputLocked request ims to show inputMethod.
06-14 17:19:20.719  5858  8057 D MirrorManager:  sendAcceptInput 1 0
06-14 17:19:20.719  8868  8868 I HandWritingStubImpl: isKeyboardTypeChanged: false
06-14 17:19:20.719  8868  8868 D InputMethodManager: showSoftInput() view=cn.missevan.emote.input.view.SelectionListenableEditText{fe94971 VFED..CL. .F....ID 44,22-815,121 #7f0b0413 app:id/edit_view aid=1073742015} flags=2 reason=SHOW_TOGGLE_SOFT_INPUT
06-14 17:19:20.720  2431  6360 I InputMethodManagerService: IMMS.showSoftInput(), client = com.android.internal.view.IInputMethodClient$Stub$Proxy@4e71ab0
06-14 17:19:20.720  2431  6360 I InputMethodManagerService: IMMS.showCurrentInputLocked(), curMethod = com.android.internal.view.IInputMethod$Stub$Proxy@4e10d99, flags = 2
06-14 17:19:20.720  2431  6360 I InputMethodManagerService: IMMS.showCurrentInputLocked request ims to show inputMethod.
06-14 17:19:20.720  8868  8868 I HandWritingStubImpl: isKeyboardTypeChanged: false
06-14 17:19:20.721  8868  8868 I HandWritingStubImpl: isKeyboardTypeChanged: false
06-14 17:19:20.721 13581 10717 W System.err: java.lang.SecurityException: getDataNetworkTypeForSubscriber
06-14 17:19:20.721 13581 10717 W System.err: 	at android.os.Parcel.createExceptionOrNull(Parcel.java:2426)
06-14 17:19:20.721 13581 10717 W System.err: 	at android.os.Parcel.createException(Parcel.java:2410)
06-14 17:19:20.721 13581 10717 W System.err: 	at android.os.Parcel.readException(Parcel.java:2393)
06-14 17:19:20.721 13581 10717 W System.err: 	at android.os.Parcel.readException(Parcel.java:2335)
06-14 17:19:20.721 13581 10717 W System.err: 	at com.android.internal.telephony.ITelephony$Stub$Proxy.getNetworkTypeForSubscriber(ITelephony.java:9323)
06-14 17:19:20.721 13581 10717 W System.err: 	at android.telephony.TelephonyManager.getNetworkType(TelephonyManager.java:2971)
06-14 17:19:20.721 13581 10717 W System.err: 	at android.telephony.TelephonyManager.getNetworkType(TelephonyManager.java:2935)
06-14 17:19:20.721 13581 10717 W System.err: 	at com.sogou.bu.basic.util.InfoManager.t(SogouSource:468)
06-14 17:19:20.721 13581 10717 W System.err: 	at com.sohu.inputmethod.flx.b.n(SogouSource:203)
06-14 17:19:20.721 13581 10717 W System.err: 	at cnh$j.a(SogouSource:750)
06-14 17:19:20.721 13581 10717 W System.err: 	at cnh.a(SogouSource:1931)
06-14 17:19:20.721 13581 10717 W System.err: 	at cnl.a(SogouSource:562)
06-14 17:19:20.721 13581 10717 W System.err: 	at com.sohu.inputmethod.sogou.MainImeServiceDel.hQ(SogouSource:9765)
06-14 17:19:20.721 13581 10717 W System.err: 	at com.sohu.inputmethod.sogou.MainImeServiceDel.lambda$hDNuEpXxMoRkwa0gwYA6-uVthVo(Unknown Source:0)
06-14 17:19:20.721 13581 10717 W System.err: 	at com.sohu.inputmethod.sogou.-$$Lambda$MainImeServiceDel$hDNuEpXxMoRkwa0gwYA6-uVthVo.call(Unknown Source:2)
06-14 17:19:20.721 13581 10717 W System.err: 	at bad.call(SogouSource:82)
06-14 17:19:20.721 13581 10717 W System.err: 	at bab.a(SogouSource:143)
06-14 17:19:20.721 13581 10717 W System.err: 	at bab.a(SogouSource:128)
06-14 17:19:20.721 13581 10717 W System.err: 	at bay$a.run(SogouSource:77)
06-14 17:19:20.721 13581 10717 W System.err: 	at bbd.run(SogouSource:70)
06-14 17:19:20.721 13581 10717 W System.err: 	at java.util.concurrent.ThreadPoolExecutor.runWorker(ThreadPoolExecutor.java:1167)
06-14 17:19:20.721  8868  8868 V TextView: sendCursorInfo support:true
06-14 17:19:20.721 13581 10717 W System.err: 	at java.util.concurrent.ThreadPoolExecutor$Worker.run(ThreadPoolExecutor.java:641)
06-14 17:19:20.721 13581 10717 W System.err: 	at java.lang.Thread.run(Thread.java:920)
06-14 17:19:20.722  8868  8868 I HandWritingStubImpl: isKeyboardTypeChanged: false
06-14 17:19:20.724  8868  8868 I HandWritingStubImpl: isKeyboardTypeChanged: false
06-14 17:19:20.724  5858  8057 D MirrorManager:  sendAcceptInput 1 0
06-14 17:19:20.726  4824  5896 W Binder  : Caught a RuntimeException from the binder stub implementation.
06-14 17:19:20.726  4824  5896 W Binder  : java.lang.SecurityException: Permission denial
06-14 17:19:20.726  4824  5896 W Binder  : 	at com.xiaomi.mirror.MirrorAppService.enforceSignature(MirrorAppService.java:30)
06-14 17:19:20.726  4824  5896 W Binder  : 	at com.xiaomi.mirror.MirrorAppService.isWorking(MirrorAppService.java:35)
06-14 17:19:20.726  4824  5896 W Binder  : 	at com.xiaomi.mirror.MirrorAppService.notifyInputTypeAndPos(MirrorAppService.java:88)
06-14 17:19:20.726  4824  5896 W Binder  : 	at com.xiaomi.mirror.IMirrorAppService$Stub.onTransact(IMirrorAppService.java:135)
06-14 17:19:20.726  4824  5896 W Binder  : 	at android.os.Binder.execTransactInternal(Binder.java:1190)
06-14 17:19:20.726  4824  5896 W Binder  : 	at android.os.Binder.execTransact(Binder.java:1149)
06-14 17:19:20.727  2431  6149 I InputMethodManagerService: IMMS.applyImeVisibility(), setVisible = true, mCurclient = ClientState{61545c6 uid=10486 pid=8868 displayId=0}
06-14 17:19:20.727  2431  6149 I WindowManager: WMS.showImePostLayout(), imeTarget = Window{2c2e5a u0 cn.missevan/cn.missevan.activity.MainActivity}
06-14 17:19:20.730  2431  6360 I SmartPower.com.sohu.inputmethod.sogou.xiaomi:scrashly/10132(13802): visible->invisible(26ms) R(become invisible) adj=925.
06-14 17:19:20.737  2431  6360 I WindowManagerService: Physical orientation applied, rotation=0 sfOrientation=ORIENTATION_0
06-14 17:19:20.739 13581 13581 E BaseInputMethodService: onComputeInsets
06-14 17:19:20.747  8868  8868 I AssistStructure: Flattened final assist data: 25540 bytes, containing 2 windows, 239 views
06-14 17:19:20.749  1265  2358 I vendor.qti.hardware.display.composer-service: FrameNotifyProcess Sensor: notify citsensorservice to trigger cwb
06-14 17:19:20.749  2018  2108 I libcitsensorservice@2.0-impl: msg_transfer
06-14 17:19:20.750  2018  3098 D vendor.xiaomi.sensor.citsensorservice@2.0-service: handle id:9 wxh:1280x2400 uwxuh:1080x2400 size: 9216000 fd:15 fd_meta:16 flags:0x4000228 usage:0x33  format:0x3 layer_count: 1
06-14 17:19:20.750  1265  1890 I SDM     : HWCSession::SetCWBOutputBuffer: CWB config passed by cwb_client : tappoint 1  CWB_ROI : (829.000000 4.000000 915.000000 90.000000)
06-14 17:19:20.754  1265 10720 I SDM     : HWCSession::ProcessRequests: Successfully configured CWB buffer.
06-14 17:19:20.754 13581 13581 V InputMethod: IMS.showSoftInput()
06-14 17:19:20.755 13581 13581 V InputMethod: IMS.showSoftInput()
06-14 17:19:20.756  2431  2638 I ImeInsetsSourceProvider: ImeInsetsSourceProvider.scheduleShowImePostLayout() Run showImeRunner.
06-14 17:19:20.756  2431  2638 I ImeInsetsSourceProvider: ImeInsetsSourceProvider.scheduleShowImePostLayout() isReadyToShowIme.
06-14 17:19:20.757  2431  4484 I InputMethodManagerService: IMMS.applyImeVisibility(), setVisible = true, mCurclient = ClientState{61545c6 uid=10486 pid=8868 displayId=0}
06-14 17:19:20.757 13581 13581 E BaseInputMethodService: onComputeInsets
06-14 17:19:20.758  8868  8868 D InsetsController: show(ime(), fromIme=true)
06-14 17:19:20.760  2431  4484 I WindowManager: WMS.showImePostLayout(), imeTarget = Window{2c2e5a u0 cn.missevan/cn.missevan.activity.MainActivity}
06-14 17:19:20.761  2431  2638 I ImeInsetsSourceProvider: ImeInsetsSourceProvider.scheduleShowImePostLayout() Run showImeRunner.
06-14 17:19:20.761  2431  2638 I ImeInsetsSourceProvider: ImeInsetsSourceProvider.scheduleShowImePostLayout() isReadyToShowIme.
06-14 17:19:20.762  1265 10720 I SDM     : HWCSession::ProcessRequests: Pushing release fence in fenece wait queue.
06-14 17:19:20.762  1265 10720 I SDM     : HWCSession::ProcessRequests: Creating AsyncFenceWaits async thread.
06-14 17:19:20.762  1265 10720 I SDM     : HWCSession::ProcessRequests: Remove current CWB request from the pending request queue.
06-14 17:19:20.762  1265 10720 I SDM     : HWCSession::ProcessRequests: No pending cwb requests found in the queue.
06-14 17:19:20.763  8810  8844 I appium  : channel read: POST /wd/hub/session/a5be06cb-718f-411e-aa3f-a3a993998b7b/element
06-14 17:19:20.764  8810  8844 I appium  : FindElement command
06-14 17:19:20.766  1265  1584 I SDM     : HWDeviceDRM::SetupConcurrentWriteback: Tear down the Concurrent Writeback topology
06-14 17:19:20.766  8810  8844 I appium  : method: 'id', selector: 'cn.missevan:id/edit_view'
06-14 17:19:20.766  8810  8844 I appium  : Waiting up to 100ms for the device to idle
06-14 17:19:20.767  2431  2637 I WindowManager: input method visible height changed 885
06-14 17:19:20.769  5735  5735 I f       : startRecord newCounts: 37
06-14 17:19:20.773  1265 10721 I SDM     : HWCSession::NotifyCWBStatus: Notify the client about buffer status 0.
06-14 17:19:20.773  1265 10721 I SDM     : HWCSession::PerformFenceWaits: Remove current release fence from the pending fence wait queue.
06-14 17:19:20.773  1265 10721 I SDM     : HWCSession::PerformFenceWaits: CWB fence queue is empty. No pending release fence to wait on.
06-14 17:19:20.774  2431  4484 I InputMethodManagerService: IMMS.applyImeVisibility(), setVisible = true, mCurclient = ClientState{61545c6 uid=10486 pid=8868 displayId=0}
06-14 17:19:20.776  2431  4484 I WindowManager: WMS.showImePostLayout(), imeTarget = Window{2c2e5a u0 cn.missevan/cn.missevan.activity.MainActivity}
06-14 17:19:20.776  8868  8868 I HandWritingStubImpl: isKeyboardTypeChanged: false
06-14 17:19:20.777  8868  8868 I HandWritingStubImpl: isKeyboardTypeChanged: false
06-14 17:19:20.778  2431  2638 I ImeInsetsSourceProvider: ImeInsetsSourceProvider.scheduleShowImePostLayout() Run showImeRunner.
06-14 17:19:20.778  2431  2638 I ImeInsetsSourceProvider: ImeInsetsSourceProvider.scheduleShowImePostLayout() isReadyToShowIme.
06-14 17:19:20.778  8868  8868 D InsetsController: show(ime(), fromIme=true)
06-14 17:19:20.779 16540 16540 D SharedPrefs_TAG: requestSync:
06-14 17:19:20.784  2431  6149 I AssistStructure: Flattened final assist data: 25288 bytes, containing 2 windows, 239 views
06-14 17:19:20.789 16444 16444 V InlineSuggestionRenderService: handleDestroySuggestionViews called for 0:1099673552
06-14 17:19:20.795  2018  3127 D libsensor-displayalgo: the value of  brightness:438.000000,R:5927063.520181,G:5925481.281693,B:5934418.046828,EVENT_C:4743.500000,EVENT_R:1924.000000,EVENT_G:2342.000000,EVENT_B:948.500000
06-14 17:19:20.795  2018  3127 I libsensor-displayalgo: the value of  Coef1:1107.681000,Coef4:2.383000, scale1:0.935522, scale4:0.923264
06-14 17:19:20.795  2018  3127 E libsensor-displayalgo: RGB_black_white_scenario_0822!
06-14 17:19:20.795  2018  3127 I libsensor-displayalgo: the value of  RESULT190.666725,67.067571,102.508749,34.253359
06-14 17:19:20.795  2018  3127 I libsensor-displayalgo: the value of  getChannelDataCalibrated199.903652,62.117498,119.146347,37.385236
06-14 17:19:20.795  2018  3127 I libsensor-displayalgo: the value of  REAL LUX277.591644
06-14 17:19:20.795  2018  3127 I libsensor-displayalgo: the value of  CAL REAL LUX277.591644
06-14 17:19:20.800  8868  8868 D InsetsController: show(ime(), fromIme=true)
06-14 17:19:20.805  2431  4484 I WindowManagerService: Physical orientation applied, rotation=0 sfOrientation=ORIENTATION_0
06-14 17:19:20.806  8868  8868 I HandWritingStubImpl: isKeyboardTypeChanged: false
06-14 17:19:20.806  8868  8868 I HandWritingStubImpl: isKeyboardTypeChanged: false
06-14 17:19:20.809  2431  2431 W WindowManager: removeWindowToken: Attempted to remove non-existing token: android.os.Binder@b938571
06-14 17:19:20.814 16540 10722 D MiCloudSyncAdapterBase: check_sync_error_refactor
06-14 17:19:20.814 16540 10722 D MiCloudSyncAdapterBase: onPerformSync: ---sync start---
06-14 17:19:20.814 16540 10722 D MiCloudSyncAdapterBase: authority: miui.autofill, extras: Bundle[{ignore_settings=true, force=true, ignore_backoff=true}]
06-14 17:19:20.814 16540 10722 D SyncStatUtil: performSyncPhoneState:
06-14 17:19:20.821 15767 20113 D OpenApiStatProvider: insert:
06-14 17:19:20.823  4233  4233 I OneHandedController: stopOneHanded mState=STATE_NONE, uiEvent=ONE_HANDED_TRIGGER_POP_IME_OUT
06-14 17:19:20.827 15767 20113 D StatHelper: com.miui.cloudservice.stat.m::a@SourceFile:13, thread:66--eventName=category_single_sync_start_phone_state_key_single_sync_force, eventGroup=category_single_sync_start_phone_state, params={param_storage_low=value_negative, param_wifi=value_positive, param_screen_on=value_positive, param_battery_low=value_negative, param_battery_charging=value_positive}, tip=null
06-14 17:19:20.832 16540 10722 I SyncLogSender: Create sync log sender: file.
06-14 17:19:20.834 16571 16597 I [miui.autofill,16540]:SyncLog[miui.autofill]: Start Sync:{authority:miui.autofill, start:2023-06-14 17:19:20, extras:{micloud_force=false,force=true,ignore_backoff=true,upload=false}}
06-14 17:19:20.834 16571 16597 I [miui.autofill,16540]:SyncLog[miui.autofill]: Before Sync: SyncDataInfo[miui.autofill]  {synced count:null, unsynced count:null, unsynced secret count:null, unsynced wifi only count:null}
06-14 17:19:20.836 16540 10722 E MiCloudSyncAdapterBase: onPerformSync: sync switch off. do not sync!!
06-14 17:19:20.836 16571 16597 I [miui.autofill,16540]:SyncLog[miui.autofill]: After Sync: SyncDataInfo[miui.autofill]  {synced count:null, unsynced count:null, unsynced secret count:null, unsynced wifi only count:null}
06-14 17:19:20.837 12128 12208 D IdProviderImpl: getOAID from com.miui.analytics
06-14 17:19:20.838 16571 16597 I [miui.autofill,16540]:SyncLog[miui.autofill]: Error:{authority:miui.autofill, start:2023-06-14 17:19:20, end:2023-06-14 17:19:20, delta:0, error:switch_off}
06-14 17:19:20.838 16540 10722 D SyncStatUtil: performSyncTimeStat:
06-14 17:19:20.841 15767 20113 D OpenApiStatProvider: insert:
06-14 17:19:20.842 15767 20113 D StatHelper: com.miui.cloudservice.stat.m::a@SourceFile:13, thread:66--eventName=category_single_sync_result_key_sync_error_time_consume, eventGroup=category_single_sync_result, params={time_start=17, time_end=17, time_consume=22}, tip=null
06-14 17:19:20.844 16540 10722 D SyncStatUtil: performSyncResultStat:
06-14 17:19:20.845 15767 15988 D OpenApiStatProvider: insert:
06-14 17:19:20.847 15767 15988 D StatHelper: com.miui.cloudservice.stat.m::a@SourceFile:13, thread:61--eventName=category_single_sync_result_key_single_sync_force, eventGroup=category_single_sync_result, params={param_authority=miui.autofill, param_ignore_wifi_settings=value_negative, param_is_successful=value_negative, param_sync_reason=switch_off, param_unsynced_count_after_sync=-2, param_ignore_battery_low=value_negative, param_unsynced_count_before_sync=-2}, tip=null
06-14 17:19:20.847 12128 12208 D IdProviderImpl: getOAID from com.miui.analytics
06-14 17:19:20.851 16540 10722 D SyncStatUtil: performSyncPhoneState:
06-14 17:19:20.852 15767 20113 D OpenApiStatProvider: insert:
06-14 17:19:20.854 12128 12208 D IdProviderImpl: getOAID from com.miui.analytics
06-14 17:19:20.861 15767 20113 D StatHelper: com.miui.cloudservice.stat.m::a@SourceFile:13, thread:66--eventName=category_single_sync_end_phone_state_key_single_sync_force, eventGroup=category_single_sync_end_phone_state, params={param_storage_low=value_negative, param_wifi=value_positive, param_screen_on=value_positive, param_battery_low=value_negative, param_battery_charging=value_positive}, tip=null
06-14 17:19:20.862 16540 10722 D SyncContentUtils: recordSyncResult: authority: miui.autofill, code: -1
06-14 17:19:20.864  2431  2637 W WindowManager: Unable to start animation, surface is null or no children.
06-14 17:19:20.865 15767 20113 D MiCloudProvider: update sync result
06-14 17:19:20.867 12128 12208 D IdProviderImpl: getOAID from com.miui.analytics
06-14 17:19:20.869  8810  8844 W QueryController: Could not detect idle state.
06-14 17:19:20.880  8810  8844 I appium  : AppiumResponse: {"sessionId":"a5be06cb-718f-411e-aa3f-a3a993998b7b","value":{"ELEMENT":"00000000-0000-0211-ffff-ffff00000fce","element-6066-11e4-a52e-4f735466cecf":"00000000-0000-0211-ffff-ffff00000fce"}}
06-14 17:19:20.885  2431  3843 W SyncManager: failed sync operation JobId=100044 ***/com.xiaomi u0 [miui.autofill] USER ExpectedIn=0s STANDBY-EXEMPTED(TOP) Reason=1000, SyncResult: stats [ numConflictDetectedExceptions: 1] miSyncResult:  resultMessageswitch_off
06-14 17:19:20.885  2431  3843 E SyncManager: not retrying sync operation because the error is a hard error: JobId=100044 ***/com.xiaomi u0 [miui.autofill] USER ExpectedIn=0s STANDBY-EXEMPTED(TOP) Reason=1000 Retries=1
06-14 17:19:20.899  8810  8844 I appium  : channel read: POST /wd/hub/session/a5be06cb-718f-411e-aa3f-a3a993998b7b/element/00000000-0000-0211-ffff-ffff00000fce/click
06-14 17:19:20.899  8810  8844 I appium  : Click command
06-14 17:19:21.096  2018  3127 D libsensor-displayalgo: the value of  brightness:438.000000,R:5927063.520181,G:5925481.281693,B:5934418.046828,EVENT_C:4743.500000,EVENT_R:1924.000000,EVENT_G:2342.000000,EVENT_B:948.500000
06-14 17:19:21.096  2018  3127 I libsensor-displayalgo: the value of  Coef1:1107.681000,Coef4:2.383000, scale1:0.935522, scale4:0.923264
06-14 17:19:21.096  2018  3127 E libsensor-displayalgo: RGB_black_white_scenario_0822!
06-14 17:19:21.096  2018  3127 I libsensor-displayalgo: the value of  RESULT190.666725,67.067571,102.508749,34.253359
06-14 17:19:21.096  2018  3127 I libsensor-displayalgo: the value of  getChannelDataCalibrated199.903652,62.117498,119.146347,37.385236
06-14 17:19:21.096  2018  3127 I libsensor-displayalgo: the value of  REAL LUX277.591644
06-14 17:19:21.096  2018  3127 I libsensor-displayalgo: the value of  CAL REAL LUX277.591644
06-14 17:19:21.096  1265  2358 I vendor.qti.hardware.display.composer-service: FrameNotifyProcess Sensor: notify citsensorservice to trigger cwb
06-14 17:19:21.096  2018  2108 I libcitsensorservice@2.0-impl: msg_transfer
06-14 17:19:21.097  2018  3098 D vendor.xiaomi.sensor.citsensorservice@2.0-service: handle id:9 wxh:1280x2400 uwxuh:1080x2400 size: 9216000 fd:15 fd_meta:16 flags:0x4000228 usage:0x33  format:0x3 layer_count: 1
06-14 17:19:21.098  1265  1890 I SDM     : HWCSession::SetCWBOutputBuffer: CWB config passed by cwb_client : tappoint 1  CWB_ROI : (829.000000 4.000000 915.000000 90.000000)
06-14 17:19:21.098  1265 10725 I SDM     : HWCSession::ProcessRequests: Successfully configured CWB buffer.
06-14 17:19:21.106  1265 10725 I SDM     : HWCSession::ProcessRequests: Pushing release fence in fenece wait queue.
06-14 17:19:21.106  1265 10725 I SDM     : HWCSession::ProcessRequests: Creating AsyncFenceWaits async thread.
06-14 17:19:21.108  1265 10725 I SDM     : HWCSession::ProcessRequests: Remove current CWB request from the pending request queue.
06-14 17:19:21.109  1265 10725 I SDM     : HWCSession::ProcessRequests: No pending cwb requests found in the queue.
06-14 17:19:21.112  1265  1584 I SDM     : HWDeviceDRM::SetupConcurrentWriteback: Tear down the Concurrent Writeback topology
06-14 17:19:21.118  1265 10726 I SDM     : HWCSession::NotifyCWBStatus: Notify the client about buffer status 0.
06-14 17:19:21.118  1265 10726 I SDM     : HWCSession::PerformFenceWaits: Remove current release fence from the pending fence wait queue.
06-14 17:19:21.118  1265 10726 I SDM     : HWCSession::PerformFenceWaits: CWB fence queue is empty. No pending release fence to wait on.
06-14 17:19:21.203  8868  8868 I HandWritingStubImpl: isKeyboardTypeChanged: false
06-14 17:19:21.204  8868  8868 I HandWritingStubImpl: isKeyboardTypeChanged: false
06-14 17:19:21.369  8810  8844 W QueryController: Could not detect idle state.
06-14 17:19:21.397  2018  3127 D libsensor-displayalgo: the value of  brightness:438.000000,R:5839427.745025,G:5838004.606291,B:5844250.476950,EVENT_C:4382.000000,EVENT_R:1796.000000,EVENT_G:2145.000000,EVENT_B:882.000000
06-14 17:19:21.397  2018  3127 I libsensor-displayalgo: the value of  Coef1:1107.681000,Coef4:2.383000, scale1:0.935522, scale4:0.923264
06-14 17:19:21.397  2018  3127 E libsensor-displayalgo: RGB_black_white_scenario_0822!
06-14 17:19:21.397  2018  3127 I libsensor-displayalgo: the value of  RESULT187.441018,65.845872,100.816915,33.677715
06-14 17:19:21.397  2018  3127 I libsensor-displayalgo: the value of  getChannelDataCalibrated196.521674,60.985969,117.179922,36.756960
06-14 17:19:21.397  2018  3127 I libsensor-displayalgo: the value of  REAL LUX253.577789
06-14 17:19:21.397  2018  3127 I libsensor-displayalgo: the value of  CAL REAL LUX253.577789
06-14 17:19:21.404  1265  2358 I vendor.qti.hardware.display.composer-service: FrameNotifyProcess Sensor: notify citsensorservice to trigger cwb
06-14 17:19:21.404  2018  3874 I libcitsensorservice@2.0-impl: msg_transfer
06-14 17:19:21.404  2018  3098 D vendor.xiaomi.sensor.citsensorservice@2.0-service: handle id:9 wxh:1280x2400 uwxuh:1080x2400 size: 9216000 fd:15 fd_meta:16 flags:0x4000228 usage:0x33  format:0x3 layer_count: 1
06-14 17:19:21.405  1265  1890 I SDM     : HWCSession::SetCWBOutputBuffer: CWB config passed by cwb_client : tappoint 1  CWB_ROI : (829.000000 4.000000 915.000000 90.000000)
06-14 17:19:21.406  2431  4484 D MIUIInput: Input event injection from pid 8785, MotionEvent: DOWN
06-14 17:19:21.407  2431  2938 D MIUIInput: [MotionEvent] publisher action=0x4, 13848238, channel '7c87e50 NavigationBar0 (server)'
06-14 17:19:21.407  2431  2938 D MIUIInput: [MotionEvent] publisher action=0x0, 13848238, channel '2c2e5a cn.missevan/cn.missevan.activity.MainActivity (server)'
06-14 17:19:21.408  8868  8868 D MIUIInput: [MotionEvent] ViewRootImpl windowName 'cn.missevan/cn.missevan.activity.MainActivity', { action=ACTION_DOWN, id[0]=0, pointerCount=1, eventTime=13848238, downTime=13848237, phoneEventTime=17:19:21.400 } moveCount:0
06-14 17:19:21.408  1265 10736 I SDM     : HWCSession::ProcessRequests: Successfully configured CWB buffer.
06-14 17:19:21.412  2431  4484 D MIUIInput: Input event injection from pid 8785, MotionEvent: UP
06-14 17:19:21.413  2431  2938 D MIUIInput: [MotionEvent] publisher action=0x1, 13848238, channel '2c2e5a cn.missevan/cn.missevan.activity.MainActivity (server)'
06-14 17:19:21.414  8868  8868 D MIUIInput: [MotionEvent] ViewRootImpl windowName 'cn.missevan/cn.missevan.activity.MainActivity', { action=ACTION_UP, id[0]=0, pointerCount=1, eventTime=13848238, downTime=13848237, phoneEventTime=17:19:21.399 } moveCount:0
06-14 17:19:21.414  8868  8868 I HandWritingStubImpl: isKeyboardTypeChanged: false
06-14 17:19:21.415  8868  8868 I HandWritingStubImpl: isKeyboardTypeChanged: false
06-14 17:19:21.415  8868  8868 D InputMethodManager: showSoftInput() view=cn.missevan.emote.input.view.SelectionListenableEditText{fe94971 VFED..CL. .F.P.... 44,22-815,121 #7f0b0413 app:id/edit_view aid=1073742015} flags=0 reason=SHOW_SOFT_INPUT
06-14 17:19:21.415 13581 13581 E BaseInputMethodService: onViewClicked:false
06-14 17:19:21.415  2431  5951 I InputMethodManagerService: IMMS.showSoftInput(), client = com.android.internal.view.IInputMethodClient$Stub$Proxy@e369228
06-14 17:19:21.415  2431  5951 I InputMethodManagerService: IMMS.showCurrentInputLocked(), curMethod = com.android.internal.view.IInputMethod$Stub$Proxy@4e10d99, flags = 0
06-14 17:19:21.415  2431  5951 I SmartPower.com.sohu.inputmethod.sogou.xiaomi:scrashly/10132(13802): invisible->visible(685ms) R(show input method) adj=925.
06-14 17:19:21.415  2431  5951 I InputMethodManagerService: IMMS.showCurrentInputLocked request ims to show inputMethod.
06-14 17:19:21.416  5858  8057 D MirrorManager:  sendAcceptInput 1 0
06-14 17:19:21.418 13581 13581 V InputMethod: IMS.showSoftInput()
06-14 17:19:21.419  2431  5951 I InputMethodManagerService: IMMS.applyImeVisibility(), setVisible = true, mCurclient = ClientState{61545c6 uid=10486 pid=8868 displayId=0}
06-14 17:19:21.420  2431  5951 I WindowManager: WMS.showImePostLayout(), imeTarget = Window{2c2e5a u0 cn.missevan/cn.missevan.activity.MainActivity}
06-14 17:19:21.420  1265 10736 I SDM     : HWCSession::ProcessRequests: Pushing release fence in fenece wait queue.
06-14 17:19:21.420  1265 10736 I SDM     : HWCSession::ProcessRequests: Creating AsyncFenceWaits async thread.
06-14 17:19:21.420  1265 10736 I SDM     : HWCSession::ProcessRequests: Remove current CWB request from the pending request queue.
06-14 17:19:21.420  1265 10736 I SDM     : HWCSession::ProcessRequests: No pending cwb requests found in the queue.
06-14 17:19:21.422  2431  2638 I ImeInsetsSourceProvider: ImeInsetsSourceProvider.scheduleShowImePostLayout() Run showImeRunner.
06-14 17:19:21.422  2431  2638 I ImeInsetsSourceProvider: ImeInsetsSourceProvider.scheduleShowImePostLayout() isReadyToShowIme.
06-14 17:19:21.423  1265  1584 I SDM     : HWDeviceDRM::SetupConcurrentWriteback: Tear down the Concurrent Writeback topology
06-14 17:19:21.424  8868  8868 D InsetsController: show(ime(), fromIme=true)
06-14 17:19:21.425  8810  8844 I appium  : Waiting up to 100ms for the device to idle
06-14 17:19:21.430  4233  4233 I OneHandedController: stopOneHanded mState=STATE_NONE, uiEvent=ONE_HANDED_TRIGGER_POP_IME_OUT
06-14 17:19:21.431  1265 10737 I SDM     : HWCSession::NotifyCWBStatus: Notify the client about buffer status 0.
06-14 17:19:21.431  1265 10737 I SDM     : HWCSession::PerformFenceWaits: Remove current release fence from the pending fence wait queue.
06-14 17:19:21.431  1265 10737 I SDM     : HWCSession::PerformFenceWaits: CWB fence queue is empty. No pending release fence to wait on.
06-14 17:19:21.444  5809 10441 I SafeBinderCall: onPositionChange binder cost:1
06-14 17:19:21.444  4233  4233 D MiPlayDetailViewModel: onPositionChange(): position = 25895
06-14 17:19:21.470  9052 10073 D AudioTrack: [audioTrackData][fine] 5s(f:5080 m:1452 s:320 k:0) : pid 9052 uid 10486 sessionId 577 sr 44100 ch 2 fmt 1
06-14 17:19:21.475 13581 13581 E BaseInputMethodService: onComputeInsets
06-14 17:19:21.609  2431  3408 I BatteryService: current mPlugType2current mHealthInfo.batteryLevel100current mHealthInfo.batteryTemperature315
06-14 17:19:21.612  5858  7526 D ThermalIECHandler: storeDataStyle: thermal_iec_monitor_persistence_data_style_iec_state; startIECTime: -1; IECScreenOffOverPeriodTime: 15568078
06-14 17:19:21.614  4145  4145 D QtiCarrierConfigHelper: WARNING, no carrier configs on phone Id: 1
06-14 17:19:21.617  5735  5735 I BatteryInfoReceiver: ACTION_BATTERY_CHANGED
06-14 17:19:21.617  5735  5735 I PowerNoticeUI: handleBatteryChanged oldPlugType 2 mPlugType 2 oldBatteryLevel 100 mBatteryLevel 100 temperature 315
06-14 17:19:21.616  4190  4190 D DynamicService:  ACTION_BATTERY_CHANGED change,USB plug = 2
06-14 17:19:21.620  5858  6736 D PowerKeeper.FrozenApp: onBatteryChanged plug=true mBatteryPlugged=2
06-14 17:19:21.621  5858  7218 D PowerCheckerService: onBatteryChanged, mBatteryLevel = 100, status = 5, level = 100, plug = 2, scale = 100
06-14 17:19:21.621  4176  4176 V DeviceStatisticsService: chargerType=2 batteryLevel=100 totalBatteryCapacity=4275000
06-14 17:19:21.621  5858  7667 D PowerKeeper.Thermal: mBatteryTemperature: 31
06-14 17:19:21.626  2431  2647 I android_os_HwBinder: HwBinder: Starting thread pool for getting: vendor.xiaomi.hardware.micharge@1.0::IMiCharge/default
06-14 17:19:21.627  1322  1322 E vendor.xiaomi.hardware.micharge@1.0-service: Failed to open node /sys/class/qcom-battery/reverse_chg_mode
06-14 17:19:21.627  1322  1322 I vendor.xiaomi.hardware.micharge@1.0-service: ReadFilePathValue path = /sys/class/qcom-battery/reverse_chg_mode value =
06-14 17:19:21.632  2431  2647 I android_os_HwBinder: HwBinder: Starting thread pool for getting: vendor.xiaomi.hardware.micharge@1.0::IMiCharge/default
06-14 17:19:21.633  1322  1322 I vendor.xiaomi.hardware.micharge@1.0-service: ReadFilePathValue path = /sys/class/qcom-battery/fastchg_mode value = 0
06-14 17:19:21.696  2018  3127 D libsensor-displayalgo: the value of  brightness:438.000000,R:5839427.745025,G:5838004.606291,B:5844250.476950,EVENT_C:4381.500000,EVENT_R:1797.000000,EVENT_G:2148.000000,EVENT_B:883.500000
06-14 17:19:21.696  2018  3127 I libsensor-displayalgo: the value of  Coef1:1107.681000,Coef4:2.383000, scale1:0.935522, scale4:0.923264
06-14 17:19:21.696  2018  3127 E libsensor-displayalgo: RGB_black_white_scenario_0822!
06-14 17:19:21.696  2018  3127 I libsensor-displayalgo: the value of  RESULT187.441018,65.845872,100.816915,33.677715
06-14 17:19:21.697  2018  3127 I libsensor-displayalgo: the value of  getChannelDataCalibrated196.521674,60.985969,117.179922,36.756960
06-14 17:19:21.697  2018  3127 I libsensor-displayalgo: the value of  REAL LUX253.519440
06-14 17:19:21.697  2018  3127 I libsensor-displayalgo: the value of  CAL REAL LUX253.519440
06-14 17:19:21.699 13036 13188 D MemoryCeilingMonitor: [handleMemoryCalculate]
06-14 17:19:21.700 13036 13188 D MemoryCeilingMonitor: [calculate] tot: 5793656, max: 268435456, free: 1179648, heap: 4614008, per: 0.01718851923942566
06-14 17:19:21.712  1265  2358 I vendor.qti.hardware.display.composer-service: FrameNotifyProcess Sensor: notify citsensorservice to trigger cwb
06-14 17:19:21.713  2018  3874 I libcitsensorservice@2.0-impl: msg_transfer
06-14 17:19:21.713  8868  8868 I HandWritingStubImpl: isKeyboardTypeChanged: false
06-14 17:19:21.713  2018  3098 D vendor.xiaomi.sensor.citsensorservice@2.0-service: handle id:9 wxh:1280x2400 uwxuh:1080x2400 size: 9216000 fd:15 fd_meta:16 flags:0x4000228 usage:0x33  format:0x3 layer_count: 1
06-14 17:19:21.713  8868  8868 I HandWritingStubImpl: isKeyboardTypeChanged: false
06-14 17:19:21.713  1265  1890 I SDM     : HWCSession::SetCWBOutputBuffer: CWB config passed by cwb_client : tappoint 1  CWB_ROI : (829.000000 4.000000 915.000000 90.000000)
06-14 17:19:21.717  1265 10740 I SDM     : HWCSession::ProcessRequests: Successfully configured CWB buffer.
06-14 17:19:21.721  1265 10740 I SDM     : HWCSession::ProcessRequests: Pushing release fence in fenece wait queue.
06-14 17:19:21.721  1265 10740 I SDM     : HWCSession::ProcessRequests: Creating AsyncFenceWaits async thread.
06-14 17:19:21.722  1265 10740 I SDM     : HWCSession::ProcessRequests: Remove current CWB request from the pending request queue.
06-14 17:19:21.722  1265 10740 I SDM     : HWCSession::ProcessRequests: No pending cwb requests found in the queue.
06-14 17:19:21.728  1265  1584 I SDM     : HWDeviceDRM::SetupConcurrentWriteback: Tear down the Concurrent Writeback topology
06-14 17:19:21.735  1265 10743 I SDM     : HWCSession::NotifyCWBStatus: Notify the client about buffer status 0.
06-14 17:19:21.736  1265 10743 I SDM     : HWCSession::PerformFenceWaits: Remove current release fence from the pending fence wait queue.
06-14 17:19:21.736  1265 10743 I SDM     : HWCSession::PerformFenceWaits: CWB fence queue is empty. No pending release fence to wait on.
06-14 17:19:21.919  8810  8844 W QueryController: Could not detect idle state.
06-14 17:19:21.922  8810  8844 I appium  : AppiumResponse: {"sessionId":"a5be06cb-718f-411e-aa3f-a3a993998b7b","value":null}
06-14 17:19:21.957  8810  8844 I appium  : channel read: POST /wd/hub/session/a5be06cb-718f-411e-aa3f-a3a993998b7b/element
06-14 17:19:21.958  8810  8844 I appium  : FindElement command
06-14 17:19:21.961  8810  8844 I appium  : method: 'id', selector: 'cn.missevan:id/edit_view'
06-14 17:19:21.962  8810  8844 I appium  : Waiting up to 100ms for the device to idle
06-14 17:19:21.974  8810  8844 I appium  : AppiumResponse: {"sessionId":"a5be06cb-718f-411e-aa3f-a3a993998b7b","value":{"ELEMENT":"00000000-0000-0211-ffff-ffff00000fce","element-6066-11e4-a52e-4f735466cecf":"00000000-0000-0211-ffff-ffff00000fce"}}
06-14 17:19:21.996  2018  3127 D libsensor-displayalgo: the value of  brightness:438.000000,R:5839427.745025,G:5838004.606291,B:5844250.476950,EVENT_C:4380.000000,EVENT_R:1796.000000,EVENT_G:2146.000000,EVENT_B:882.500000
06-14 17:19:21.996  2018  3127 I libsensor-displayalgo: the value of  Coef1:1107.681000,Coef4:2.383000, scale1:0.935522, scale4:0.923264
06-14 17:19:21.996  2018  3127 E libsensor-displayalgo: RGB_black_white_scenario_0822!
06-14 17:19:21.997  2018  3127 I libsensor-displayalgo: the value of  RESULT187.441018,65.845872,100.816915,33.677715
06-14 17:19:21.997  2018  3127 I libsensor-displayalgo: the value of  getChannelDataCalibrated196.521674,60.985969,117.179922,36.756960
06-14 17:19:21.997  2018  3127 I libsensor-displayalgo: the value of  REAL LUX253.441528
06-14 17:19:21.997  2018  3127 I libsensor-displayalgo: the value of  CAL REAL LUX253.441528
06-14 17:19:22.012  8810  8844 I appium  : channel read: POST /wd/hub/session/a5be06cb-718f-411e-aa3f-a3a993998b7b/element/00000000-0000-0211-ffff-ffff00000fce/value
06-14 17:19:22.012  8810  8844 I appium  : SendKeysToElement command
06-14 17:19:22.025  1265  2358 I vendor.qti.hardware.display.composer-service: FrameNotifyProcess Sensor: notify citsensorservice to trigger cwb
06-14 17:19:22.025  2018  3874 I libcitsensorservice@2.0-impl: msg_transfer
06-14 17:19:22.025  2018  3098 D vendor.xiaomi.sensor.citsensorservice@2.0-service: handle id:9 wxh:1280x2400 uwxuh:1080x2400 size: 9216000 fd:15 fd_meta:16 flags:0x4000228 usage:0x33  format:0x3 layer_count: 1
06-14 17:19:22.025  1265  1890 I SDM     : HWCSession::SetCWBOutputBuffer: CWB config passed by cwb_client : tappoint 1  CWB_ROI : (829.000000 4.000000 915.000000 90.000000)
06-14 17:19:22.026  1265 10750 I SDM     : HWCSession::ProcessRequests: Successfully configured CWB buffer.
06-14 17:19:22.034  1265 10750 I SDM     : HWCSession::ProcessRequests: Pushing release fence in fenece wait queue.
06-14 17:19:22.036  1265 10750 I SDM     : HWCSession::ProcessRequests: Creating AsyncFenceWaits async thread.
06-14 17:19:22.037  1265 10750 I SDM     : HWCSession::ProcessRequests: Remove current CWB request from the pending request queue.
06-14 17:19:22.037  1265 10750 I SDM     : HWCSession::ProcessRequests: No pending cwb requests found in the queue.
06-14 17:19:22.040  8868  8868 I HandWritingAllyKeyboardTypeStubImpl: isInterceptPerformAccessibilityActionUiThread gesture type: 0
06-14 17:19:22.041  1265  1584 I SDM     : HWDeviceDRM::SetupConcurrentWriteback: Tear down the Concurrent Writeback topology
06-14 17:19:22.042  8868  8868 I HandWritingStubImpl: isKeyboardTypeChanged: false
06-14 17:19:22.042  8868  8868 I HandWritingStubImpl: getCurrentKeyboardType: 1
06-14 17:19:22.044  2431  5951 I InputMethodManagerService: IMMS.showCurrentInputLocked(), curMethod = com.android.internal.view.IInputMethod$Stub$Proxy@4e10d99, flags = 2
06-14 17:19:22.044  2431  5951 I InputMethodManagerService: IMMS.showCurrentInputLocked request ims to show inputMethod.
06-14 17:19:22.044 13581 13581 E BaseInputMethodService: onStartInput
06-14 17:19:22.045  5858  8057 D MirrorManager:  sendAcceptInput 1 0
06-14 17:19:22.045  8868  8868 I HandWritingStubImpl: isKeyboardTypeChanged: false
06-14 17:19:22.046  8868  8868 I HandWritingStubImpl: isKeyboardTypeChanged: false
06-14 17:19:22.048  1265 10751 I SDM     : HWCSession::NotifyCWBStatus: Notify the client about buffer status 0.
06-14 17:19:22.050  1265 10751 I SDM     : HWCSession::PerformFenceWaits: Remove current release fence from the pending fence wait queue.
06-14 17:19:22.050  1265 10751 I SDM     : HWCSession::PerformFenceWaits: CWB fence queue is empty. No pending release fence to wait on.
