06-20 11:22:22.964  5146  5146 E adbd    : failed to connect to socket 'tcp:6790': Connection refused
06-20 11:22:23.002 10241 12244 I CCodecBufferChannel: pipelineRoom(2) is <= numClientBuffers(3). Not signalling any more buffers to client
06-20 11:22:23.003 10241 21155 I CCodecBufferChannel: pipelineRoom(2) is <= numClientBuffers(2). Not signalling any more buffers to client
06-20 11:22:23.125 20333 20465 D MemoryCeilingMonitor: [handleMemoryCalculate]
06-20 11:22:23.126 20333 20465 D MemoryCeilingMonitor: [calculate] tot: 6033712, max: 268435456, free: 429000, heap: 5604712, per: 0.02087917923927307
06-20 11:22:23.131  1265  2358 I vendor.qti.hardware.display.composer-service: FrameNotifyProcess Sensor: notify citsensorservice to trigger cwb
06-20 11:22:23.131  2018  2111 I libcitsensorservice@2.0-impl: msg_transfer
06-20 11:22:23.132  2018  3098 D vendor.xiaomi.sensor.citsensorservice@2.0-service: handle id:9 wxh:1280x2400 uwxuh:1080x2400 size: 9216000 fd:15 fd_meta:16 flags:0x4000228 usage:0x33  format:0x3 layer_count: 1
06-20 11:22:23.133  1265  1887 I SDM     : HWCSession::SetCWBOutputBuffer: CWB config passed by cwb_client : tappoint 1  CWB_ROI : (829.000000 4.000000 915.000000 90.000000)
06-20 11:22:23.134  1265 21436 I SDM     : HWCSession::ProcessRequests: Successfully configured CWB buffer.
06-20 11:22:23.139  1265 21436 I SDM     : HWCSession::ProcessRequests: Pushing release fence in fenece wait queue.
06-20 11:22:23.140  1265 21436 I SDM     : HWCSession::ProcessRequests: Creating AsyncFenceWaits async thread.
06-20 11:22:23.142  1265 21436 I SDM     : HWCSession::ProcessRequests: Remove current CWB request from the pending request queue.
06-20 11:22:23.142  1265 21436 I SDM     : HWCSession::ProcessRequests: No pending cwb requests found in the queue.
06-20 11:22:23.145 10241 12244 I CCodecBufferChannel: pipelineRoom(2) is <= numClientBuffers(2). Not signalling any more buffers to client
06-20 11:22:23.145  1265  1584 I SDM     : HWDeviceDRM::SetupConcurrentWriteback: Tear down the Concurrent Writeback topology
06-20 11:22:23.145 10241 21155 I CCodecBufferChannel: pipelineRoom(1) is <= numClientBuffers(1). Not signalling any more buffers to client
06-20 11:22:23.148  1265 21437 I SDM     : HWCSession::NotifyCWBStatus: Notify the client about buffer status 0.
06-20 11:22:23.149  1265 21437 I SDM     : HWCSession::PerformFenceWaits: Remove current release fence from the pending fence wait queue.
06-20 11:22:23.149  1265 21437 I SDM     : HWCSession::PerformFenceWaits: CWB fence queue is empty. No pending release fence to wait on.
06-20 11:22:23.158   680   680 I servicemanager: Notifying apexservice they have clients: 1
06-20 11:22:23.189  2018  3127 D libsensor-displayalgo: the value of  brightness:438.000000,R:77376421.591702,G:77376854.683036,B:77391975.239180,EVENT_C:7576.500000,EVENT_R:2939.000000,EVENT_G:3825.000000,EVENT_B:1542.500000
06-20 11:22:23.189  2018  3127 I libsensor-displayalgo: the value of  Coef1:1107.681000,Coef4:2.383000, scale1:0.935522, scale4:0.923264
06-20 11:22:23.189  2018  3127 E libsensor-displayalgo: RGB_test_0407_400_oldzy!
06-20 11:22:23.189  2018  3127 I libsensor-displayalgo: the value of  RESULT3118.856887,1232.122968,1511.240663,565.640829
06-20 11:22:23.189  2018  3127 I libsensor-displayalgo: the value of  getChannelDataCalibrated3269.951183,1141.183358,1756.521338,617.358902
06-20 11:22:23.189  2018  3127 I libsensor-displayalgo: the value of  REAL LUX255.113953
06-20 11:22:23.189  2018  3127 I libsensor-displayalgo: the value of  CAL REAL LUX255.113953
06-20 11:22:23.193 31630 31630 I HandWritingStubImpl: isKeyboardTypeChanged: false
06-20 11:22:23.242 10241 12244 I CCodecBufferChannel: pipelineRoom(1) is <= numClientBuffers(2). Not signalling any more buffers to client
06-20 11:22:23.243 10241 21155 I CCodecBufferChannel: pipelineRoom(1) is <= numClientBuffers(1). Not signalling any more buffers to client
06-20 11:22:23.247 10241 12244 I CCodecBufferChannel: pipelineRoom(1) is <= numClientBuffers(2). Not signalling any more buffers to client
06-20 11:22:23.247 10241 21155 I CCodecBufferChannel: pipelineRoom(1) is <= numClientBuffers(1). Not signalling any more buffers to client
06-20 11:22:23.334 10241 12244 I CCodecBufferChannel: pipelineRoom(2) is <= numClientBuffers(3). Not signalling any more buffers to client
06-20 11:22:23.335 10241 21155 I CCodecBufferChannel: pipelineRoom(2) is <= numClientBuffers(2). Not signalling any more buffers to client
06-20 11:22:23.429  4233  4233 D MiPlayDetailViewModel: onPositionChange(): position = 16992
06-20 11:22:23.429  5809 21159 I SafeBinderCall: onPositionChange binder cost:1
06-20 11:22:23.442 10241 12244 I CCodecBufferChannel: pipelineRoom(1) is <= numClientBuffers(2). Not signalling any more buffers to client
06-20 11:22:23.442 10241 21155 I CCodecBufferChannel: pipelineRoom(1) is <= numClientBuffers(1). Not signalling any more buffers to client
06-20 11:22:23.446  1265  2358 I vendor.qti.hardware.display.composer-service: FrameNotifyProcess Sensor: notify citsensorservice to trigger cwb
06-20 11:22:23.446  2018  2018 I libcitsensorservice@2.0-impl: msg_transfer
06-20 11:22:23.447  2018  3098 D vendor.xiaomi.sensor.citsensorservice@2.0-service: handle id:9 wxh:1280x2400 uwxuh:1080x2400 size: 9216000 fd:15 fd_meta:16 flags:0x4000228 usage:0x33  format:0x3 layer_count: 1
06-20 11:22:23.447  1265  1887 I SDM     : HWCSession::SetCWBOutputBuffer: CWB config passed by cwb_client : tappoint 1  CWB_ROI : (829.000000 4.000000 915.000000 90.000000)
06-20 11:22:23.450  1265 21439 I SDM     : HWCSession::ProcessRequests: Successfully configured CWB buffer.
06-20 11:22:23.463  1265 21439 I SDM     : HWCSession::ProcessRequests: Pushing release fence in fenece wait queue.
06-20 11:22:23.463  1265 21439 I SDM     : HWCSession::ProcessRequests: Creating AsyncFenceWaits async thread.
06-20 11:22:23.463  1265 21439 I SDM     : HWCSession::ProcessRequests: Remove current CWB request from the pending request queue.
06-20 11:22:23.463  1265 21439 I SDM     : HWCSession::ProcessRequests: No pending cwb requests found in the queue.
06-20 11:22:23.470  1265  1584 I SDM     : HWDeviceDRM::SetupConcurrentWriteback: Tear down the Concurrent Writeback topology
06-20 11:22:23.477  1265 21440 I SDM     : HWCSession::NotifyCWBStatus: Notify the client about buffer status 0.
06-20 11:22:23.477  1265 21440 I SDM     : HWCSession::PerformFenceWaits: Remove current release fence from the pending fence wait queue.
06-20 11:22:23.477  1265 21440 I SDM     : HWCSession::PerformFenceWaits: CWB fence queue is empty. No pending release fence to wait on.
06-20 11:22:23.488  2018  3127 D libsensor-displayalgo: the value of  brightness:438.000000,R:77376421.591702,G:77376854.683036,B:77391975.239180,EVENT_C:7586.000000,EVENT_R:2942.500000,EVENT_G:3828.500000,EVENT_B:1544.000000
06-20 11:22:23.488  2018  3127 I libsensor-displayalgo: the value of  Coef1:1107.681000,Coef4:2.383000, scale1:0.935522, scale4:0.923264
06-20 11:22:23.488  2018  3127 E libsensor-displayalgo: RGB_test_0407_400_oldzy!
06-20 11:22:23.488  2018  3127 I libsensor-displayalgo: the value of  RESULT3118.856887,1232.122968,1511.240663,565.640829
06-20 11:22:23.488  2018  3127 I libsensor-displayalgo: the value of  getChannelDataCalibrated3269.951183,1141.183358,1756.521338,617.358902
06-20 11:22:23.488  2018  3127 I libsensor-displayalgo: the value of  REAL LUX255.689850
06-20 11:22:23.488  2018  3127 I libsensor-displayalgo: the value of  CAL REAL LUX255.689850
06-20 11:22:23.563 10241 12244 I CCodecBufferChannel: pipelineRoom(2) is <= numClientBuffers(3). Not signalling any more buffers to client
06-20 11:22:23.563 10241 21155 I CCodecBufferChannel: pipelineRoom(2) is <= numClientBuffers(2). Not signalling any more buffers to client
06-20 11:22:23.689 10241 12244 I CCodecBufferChannel: pipelineRoom(3) is <= numClientBuffers(3). Not signalling any more buffers to client
06-20 11:22:23.694 10241 12244 I CCodecBufferChannel: pipelineRoom(1) is <= numClientBuffers(2). Not signalling any more buffers to client
06-20 11:22:23.695 10241 21155 I CCodecBufferChannel: pipelineRoom(1) is <= numClientBuffers(1). Not signalling any more buffers to client
06-20 11:22:23.696 10241 12244 I CCodecBufferChannel: pipelineRoom(1) is <= numClientBuffers(1). Not signalling any more buffers to client
06-20 11:22:23.696 10241 12244 I CCodecBufferChannel: pipelineRoom(1) is <= numClientBuffers(1). Not signalling any more buffers to client
06-20 11:22:23.727 31630 31630 I HandWritingStubImpl: isKeyboardTypeChanged: false
06-20 11:22:23.753 21413 21430 I appium  : Starting MJPEG Server
06-20 11:22:23.765  1265  2358 I vendor.qti.hardware.display.composer-service: FrameNotifyProcess Sensor: notify citsensorservice to trigger cwb
06-20 11:22:23.766  2018  2111 I libcitsensorservice@2.0-impl: msg_transfer
06-20 11:22:23.766  2018  3098 D vendor.xiaomi.sensor.citsensorservice@2.0-service: handle id:9 wxh:1280x2400 uwxuh:1080x2400 size: 9216000 fd:15 fd_meta:16 flags:0x4000228 usage:0x33  format:0x3 layer_count: 1
06-20 11:22:23.767  1265  1887 I SDM     : HWCSession::SetCWBOutputBuffer: CWB config passed by cwb_client : tappoint 1  CWB_ROI : (829.000000 4.000000 915.000000 90.000000)
06-20 11:22:23.767  1265 21446 I SDM     : HWCSession::ProcessRequests: Successfully configured CWB buffer.
06-20 11:22:23.777  1265 21446 I SDM     : HWCSession::ProcessRequests: Pushing release fence in fenece wait queue.
06-20 11:22:23.777  1265 21446 I SDM     : HWCSession::ProcessRequests: Creating AsyncFenceWaits async thread.
06-20 11:22:23.778  1265 21446 I SDM     : HWCSession::ProcessRequests: Remove current CWB request from the pending request queue.
06-20 11:22:23.778  1265 21446 I SDM     : HWCSession::ProcessRequests: No pending cwb requests found in the queue.
06-20 11:22:23.779 10241 12244 I CCodecBufferChannel: pipelineRoom(2) is <= numClientBuffers(3). Not signalling any more buffers to client
06-20 11:22:23.780 10241 21155 I CCodecBufferChannel: pipelineRoom(2) is <= numClientBuffers(2). Not signalling any more buffers to client
06-20 11:22:23.783  1265  1584 I SDM     : HWDeviceDRM::SetupConcurrentWriteback: Tear down the Concurrent Writeback topology
06-20 11:22:23.786 20333 20487 D MSF.C.NetConnTag.: netRecv ssoSeq:26269 uin:*7991 cmd:PjEgN3QpND8yMzE6PnYgND4xMTo5PWspPCB+Mz8s costTime:30000 SignalStrengths wifi:0 gsm:-3 cdma:2147483647 net:2 code:1002 failMsg:wait serverResp timeout
06-20 11:22:23.788  2018  3127 D libsensor-displayalgo: the value of  brightness:438.000000,R:77376421.591702,G:77376854.683036,B:77391975.239180,EVENT_C:7586.000000,EVENT_R:2942.500000,EVENT_G:3828.500000,EVENT_B:1544.000000
06-20 11:22:23.788  2018  3127 I libsensor-displayalgo: the value of  Coef1:1107.681000,Coef4:2.383000, scale1:0.935522, scale4:0.923264
06-20 11:22:23.789  2018  3127 E libsensor-displayalgo: RGB_test_0407_400_oldzy!
06-20 11:22:23.789  2018  3127 I libsensor-displayalgo: the value of  RESULT3118.856887,1232.122968,1511.240663,565.640829
06-20 11:22:23.789  2018  3127 I libsensor-displayalgo: the value of  getChannelDataCalibrated3269.951183,1141.183358,1756.521338,617.358902
06-20 11:22:23.789  2018  3127 I libsensor-displayalgo: the value of  REAL LUX255.689850
06-20 11:22:23.789  2018  3127 I libsensor-displayalgo: the value of  CAL REAL LUX255.689850
06-20 11:22:23.790  1265 21447 I SDM     : HWCSession::NotifyCWBStatus: Notify the client about buffer status 0.
06-20 11:22:23.790 20333 20487 D MSF.C.NetConnTag.true: found timeout msg check time: timenow = 1687231343789 firstSendHeartBeatTime = 1687231333786 ConfigManager.getHeartBeatTimeInterval() = 60000
06-20 11:22:23.790  1265 21447 I SDM     : HWCSession::PerformFenceWaits: Remove current release fence from the pending fence wait queue.
06-20 11:22:23.790  1265 21447 I SDM     : HWCSession::PerformFenceWaits: CWB fence queue is empty. No pending release fence to wait on.
06-20 11:22:23.792 20333 20532 I MSF.S.AppProcessManager: SendToApp process:com.tencent.mobileqq fromServiceMsg: FromServiceMsg msName:unknown ssoSeq:26269 serviceCmd:trpc.qqexpand.entrance.svc.get appSeq:5 failCode:1002 cos t =0 needBoot=false to.len = 14 from.len = 0
06-20 11:22:23.792 20333 20487 D MSF.C.NetConnTag.: netRecv ssoSeq:26270 uin:*7991 cmd:GxIVLCo5Kz5kFiMxKBErPCVtFzEuDTY/OBAkNS4tNg costTime:30000 SignalStrengths wifi:0 gsm:-3 cdma:2147483647 net:2 code:1002 failMsg:wait serverResp timeout
06-20 11:22:23.792 20333 20487 D MSF.C.NetConnTag.true: found timeout msg check time: timenow = 1687231343792 firstSendHeartBeatTime = 1687231333786 ConfigManager.getHeartBeatTimeInterval() = 60000
06-20 11:22:23.798 20352 20367 D MSF.D.Proxy: onReceiveResp, fromServiceMsg = trpc.qqexpand.entrance.svc.get, ssoSeq = 26269, length = 0
06-20 11:22:23.799 20333 20532 I MSF.S.AppProcessManager: SendToApp process:com.tencent.mobileqq fromServiceMsg: FromServiceMsg msName:unknown ssoSeq:26270 serviceCmd:QQExpand.UserInfo.GetUserStatus appSeq:6 failCode:1002 cos t =0 needBoot=false to.len = 16 from.len = 0
06-20 11:22:23.800 20352 20775 D MSF.D.Proxy: onReceiveResp, fromServiceMsg = QQExpand.UserInfo.GetUserStatus, ssoSeq = 26270, length = 0
06-20 11:22:23.808 21413 21430 I appium  : MJPEG Server started
06-20 11:22:23.808 20352 20603 E ExpandFriendChatUtil: requestContactsEntranceInfo error
06-20 11:22:23.809 20352 20603 W expand.config.ExpandConfigManager: getUserCategory. ErrorInfo errorCode:1002 errorMsg:wait serverResp timeout
06-20 11:22:23.811 21413 21448 I appium  : ServerSocket created on port 7810
06-20 11:22:23.817 21413 21430 I appium  : AndroidServer created on port 6790
06-20 11:22:23.818 21413 21430 I appium  : io.appium.uiautomator2.server started:
06-20 11:22:23.824  2431  5724 W WindowManager: Cannot find window which accessibility connection is added to
06-20 11:22:23.826  2431  2431 D AS.AudioService: Accessibility volume enabled = false
06-20 11:22:23.826 21413 21450 I appium  : Started UiAutomator2 io.appium.uiautomator2.http io.appium.uiautomator2.server on port 6790
06-20 11:22:23.834  2431  6360 W WindowManager: Cannot find window which accessibility connection is added to
06-20 11:22:23.837 21413 21451 W tomator2.serve: Accessing hidden method Lsun/misc/VM;->maxDirectMemory()J (unsupported, reflection, allowed)
06-20 11:22:23.843 21413 21451 W tomator2.serve: Accessing hidden field Lsun/nio/ch/SelectorImpl;->selectedKeys:Ljava/util/Set; (unsupported, reflection, allowed)
06-20 11:22:23.843 21413 21451 W tomator2.serve: Accessing hidden field Lsun/nio/ch/SelectorImpl;->publicSelectedKeys:Ljava/util/Set; (unsupported, reflection, allowed)
06-20 11:22:23.851 21413 21413 W Thread-5: type=1400 audit(0.0:61563): avc: denied { read } for name="somaxconn" dev="proc" ino=11248561 scontext=u:r:untrusted_app:s0:c3,c257,c512,c768 tcontext=u:object_r:proc_net:s0 tclass=file permissive=0 app=io.appium.uiautomator2.server
06-20 11:22:23.882 10241 12244 I CCodecBufferChannel: pipelineRoom(1) is <= numClientBuffers(2). Not signalling any more buffers to client
06-20 11:22:23.883 10241 21155 I CCodecBufferChannel: pipelineRoom(1) is <= numClientBuffers(1). Not signalling any more buffers to client
06-20 11:22:23.883 10241 12244 I CCodecBufferChannel: pipelineRoom(1) is <= numClientBuffers(2). Not signalling any more buffers to client
06-20 11:22:23.884 10241 12244 I CCodecBufferChannel: pipelineRoom(1) is <= numClientBuffers(2). Not signalling any more buffers to client
06-20 11:22:23.884 10241 21155 I CCodecBufferChannel: pipelineRoom(1) is <= numClientBuffers(1). Not signalling any more buffers to client
06-20 11:22:24.001 10241 12244 I CCodecBufferChannel: pipelineRoom(3) is <= numClientBuffers(3). Not signalling any more buffers to client
06-20 11:22:24.017 21413 21453 I appium  : channel read: GET /wd/hub/status
06-20 11:22:24.018 21413 21453 I appium  : Status command
06-20 11:22:24.029 21413 21453 I appium  : AppiumResponse: {"sessionId":"None","value":{"message":"UiAutomator2 Server is ready to accept commands","ready":true}}
06-20 11:22:24.062 21413 21453 I appium  : channel read: POST /wd/hub/session
06-20 11:22:24.063 21413 21453 I appium  : NewSession command
06-20 11:22:24.070  1265  2358 I vendor.qti.hardware.display.composer-service: FrameNotifyProcess Sensor: notify citsensorservice to trigger cwb
06-20 11:22:24.070  2018  2111 I libcitsensorservice@2.0-impl: msg_transfer
06-20 11:22:24.070 21413 21453 W tomator2.serve: Accessing hidden field Landroid/app/UiAutomation;->mOnAccessibilityEventListener:Landroid/app/UiAutomation$OnAccessibilityEventListener; (max-target-o, reflection, allowed)
06-20 11:22:24.070  2018  3098 D vendor.xiaomi.sensor.citsensorservice@2.0-service: handle id:9 wxh:1280x2400 uwxuh:1080x2400 size: 9216000 fd:15 fd_meta:16 flags:0x4000228 usage:0x33  format:0x3 layer_count: 1
06-20 11:22:24.071  1265  1887 I SDM     : HWCSession::SetCWBOutputBuffer: CWB config passed by cwb_client : tappoint 1  CWB_ROI : (829.000000 4.000000 915.000000 90.000000)
06-20 11:22:24.071 21413 21453 I appium  : Created the new session with id f1009a28-7331-4606-bf40-0f0254b8f4c3 and capabilities {appPackage=cn.missevan, networkConnectionEnabled=true, noReset=true, warnings={}, databaseEnabled=false, deviceName=b8fc130c, fullReset=false, platform=LINUX, deviceUDID=b8fc130c, appActivity=.activity.MainActivity, desired={platformName=Android, appActivity=.activity.MainActivity, appPackage=cn.missevan, autoGrantPermissions=true, autoLaunch=false, automationName=UiAutomator2, deviceName=b8fc130c, noReset=true, fullReset=false, platformVersion=12, newCommandTimeout=30000.0, waitForIdleTimeout=100.0, udid=b8fc130c}, autoLaunch=false, newCommandTimeout=30000.0, platformVersion=12, webStorageEnabled=false, locationContextEnabled=false, automationName=UiAutomator2, takesScreenshot=true, autoGrantPermissions=true, javascriptEnabled=true, platformName=Android, udid=b8fc130c}
06-20 11:22:24.071  1265 21454 I SDM     : HWCSession::ProcessRequests: Successfully configured CWB buffer.
06-20 11:22:24.076 21413 21453 I appium  : AppiumResponse: {"sessionId":"f1009a28-7331-4606-bf40-0f0254b8f4c3","value":{"capabilities":{"firstMatch":[{"platform":"LINUX","webStorageEnabled":false,"takesScreenshot":true,"javascriptEnabled":true,"databaseEnabled":false,"networkConnectionEnabled":true,"locationContextEnabled":false,"warnings":{},"desired":{"pl…
06-20 11:22:24.080  1265 21454 I SDM     : HWCSession::ProcessRequests: Pushing release fence in fenece wait queue.
06-20 11:22:24.081  1265 21454 I SDM     : HWCSession::ProcessRequests: Creating AsyncFenceWaits async thread.
06-20 11:22:24.082  1265 21454 I SDM     : HWCSession::ProcessRequests: Remove current CWB request from the pending request queue.
06-20 11:22:24.083  1265 21454 I SDM     : HWCSession::ProcessRequests: No pending cwb requests found in the queue.
06-20 11:22:24.087  1265  1584 I SDM     : HWDeviceDRM::SetupConcurrentWriteback: Tear down the Concurrent Writeback topology
06-20 11:22:24.088  2018  3127 D libsensor-displayalgo: the value of  brightness:438.000000,R:77376421.591702,G:77376854.683036,B:77391975.239180,EVENT_C:7588.000000,EVENT_R:2942.000000,EVENT_G:3831.500000,EVENT_B:1545.000000
06-20 11:22:24.088  2018  3127 I libsensor-displayalgo: the value of  Coef1:1107.681000,Coef4:2.383000, scale1:0.935522, scale4:0.923264
06-20 11:22:24.088  2018  3127 E libsensor-displayalgo: RGB_test_0407_400_oldzy!
06-20 11:22:24.089  2018  3127 I libsensor-displayalgo: the value of  RESULT3118.856887,1232.122968,1511.240663,565.640829
06-20 11:22:24.089  2018  3127 I libsensor-displayalgo: the value of  getChannelDataCalibrated3269.951183,1141.183358,1756.521338,617.358902
06-20 11:22:24.089  2018  3127 I libsensor-displayalgo: the value of  REAL LUX255.905121
06-20 11:22:24.089  2018  3127 I libsensor-displayalgo: the value of  CAL REAL LUX255.905121
06-20 11:22:24.094  1265 21455 I SDM     : HWCSession::NotifyCWBStatus: Notify the client about buffer status 0.
06-20 11:22:24.096  1265 21455 I SDM     : HWCSession::PerformFenceWaits: Remove current release fence from the pending fence wait queue.
06-20 11:22:24.097  1265 21455 I SDM     : HWCSession::PerformFenceWaits: CWB fence queue is empty. No pending release fence to wait on.
06-20 11:22:24.140 21413 21453 I appium  : channel read: GET /wd/hub/session/f1009a28-7331-4606-bf40-0f0254b8f4c3/appium/device/info
06-20 11:22:24.141 21413 21453 I appium  : GetDeviceInfo command
06-20 11:22:24.155 21413 21453 W tomator2.serve: Accessing hidden field Landroid/net/NetworkCapabilities;->mSignalStrength:I (max-target-p, reflection, allowed)
06-20 11:22:24.155 21413 21453 W tomator2.serve: Accessing hidden field Landroid/net/NetworkCapabilities;->mSSID:Ljava/lang/String; (max-target-o, reflection, allowed)
06-20 11:22:24.168 21413 21453 I appium  : AppiumResponse: {"sessionId":"f1009a28-7331-4606-bf40-0f0254b8f4c3","value":{"androidId":"1c4d77ab270f7597","apiVersion":"31","bluetooth":{"state":"ON"},"brand":"Xiaomi","carrierName":"中国移动","displayDensity":440,"locale":"zh_CN","manufacturer":"Xiaomi","model":"2209129SC","networks":[{"capabilities":{"SSID":null,"l…
06-20 11:22:24.222 10241 12238 D CCodecBufferChannel: [c2.android.aac.decoder#164] DEBUG: elapsed: n=6 [in=0 pipeline=0 out=2]
06-20 11:22:24.222 10241 12238 D PipelineWatcher: DEBUG: elapsed 2 / 6
06-20 11:22:24.250 10241 12244 I CCodecBufferChannel: pipelineRoom(2) is <= numClientBuffers(2). Not signalling any more buffers to client
06-20 11:22:24.263 31630 31630 I HandWritingStubImpl: isKeyboardTypeChanged: false
06-20 11:22:24.276  2431  4483 D MessageMonitor: Dump Looper message took 0ms
06-20 11:22:24.281  2431  4483 D MessageMonitor: Dump Looper message took 1ms
06-20 11:22:24.330 21413 21453 I appium  : channel read: GET /wd/hub/session/f1009a28-7331-4606-bf40-0f0254b8f4c3/appium/device/pixel_ratio
06-20 11:22:24.331 21413 21453 I appium  : GetDevicePixelRatio command
06-20 11:22:24.334 21413 21453 I appium  : AppiumResponse: {"sessionId":"f1009a28-7331-4606-bf40-0f0254b8f4c3","value":2.75}
06-20 11:22:24.342 21413 21453 I appium  : channel read: GET /wd/hub/session/f1009a28-7331-4606-bf40-0f0254b8f4c3/appium/device/system_bars
06-20 11:22:24.343 21413 21453 I appium  : GetSystemBars command
06-20 11:22:24.346 21413 21453 I appium  : AppiumResponse: {"sessionId":"f1009a28-7331-4606-bf40-0f0254b8f4c3","value":{"statusBar":104}}
06-20 11:22:24.353 21413 21453 I appium  : channel read: GET /wd/hub/session/f1009a28-7331-4606-bf40-0f0254b8f4c3/window/current/size
06-20 11:22:24.355 21413 21453 I appium  : GetDeviceSize command
06-20 11:22:24.355 21413 21453 I appium  : Get window size of the device
06-20 11:22:24.359 21413 21453 I appium  : AppiumResponse: {"sessionId":"f1009a28-7331-4606-bf40-0f0254b8f4c3","value":{"height":2256,"width":1080}}
06-20 11:22:24.383  1265  2358 I vendor.qti.hardware.display.composer-service: FrameNotifyProcess Sensor: notify citsensorservice to trigger cwb
06-20 11:22:24.383  2018  2111 I libcitsensorservice@2.0-impl: msg_transfer
06-20 11:22:24.384  2018  3098 D vendor.xiaomi.sensor.citsensorservice@2.0-service: handle id:9 wxh:1280x2400 uwxuh:1080x2400 size: 9216000 fd:15 fd_meta:16 flags:0x4000228 usage:0x33  format:0x3 layer_count: 1
06-20 11:22:24.384  1265  1887 I SDM     : HWCSession::SetCWBOutputBuffer: CWB config passed by cwb_client : tappoint 1  CWB_ROI : (829.000000 4.000000 915.000000 90.000000)
06-20 11:22:24.386  1265 21459 I SDM     : HWCSession::ProcessRequests: Successfully configured CWB buffer.
06-20 11:22:24.389  2018  3127 D libsensor-displayalgo: the value of  brightness:438.000000,R:77376421.591702,G:77376854.683036,B:77391975.239180,EVENT_C:7587.500000,EVENT_R:2943.000000,EVENT_G:3832.500000,EVENT_B:1545.000000
06-20 11:22:24.390  2018  3127 I libsensor-displayalgo: the value of  Coef1:1107.681000,Coef4:2.383000, scale1:0.935522, scale4:0.923264
06-20 11:22:24.390  2018  3127 E libsensor-displayalgo: RGB_test_0407_400_oldzy!
06-20 11:22:24.390  2018  3127 I libsensor-displayalgo: the value of  RESULT3118.856887,1232.122968,1511.240663,565.640829
06-20 11:22:24.390  2018  3127 I libsensor-displayalgo: the value of  getChannelDataCalibrated3269.951183,1141.183358,1756.521338,617.358902
06-20 11:22:24.390  2018  3127 I libsensor-displayalgo: the value of  REAL LUX255.877655
06-20 11:22:24.390  2018  3127 I libsensor-displayalgo: the value of  CAL REAL LUX255.877655
06-20 11:22:24.395  1265 21459 I SDM     : HWCSession::ProcessRequests: Pushing release fence in fenece wait queue.
06-20 11:22:24.396  1265 21459 I SDM     : HWCSession::ProcessRequests: Creating AsyncFenceWaits async thread.
06-20 11:22:24.396 21413 21422 I tomator2.serve: This is sticky GC, maxfree is 8388608 minfree is 2097152
06-20 11:22:24.397  1265 21459 I SDM     : HWCSession::ProcessRequests: Remove current CWB request from the pending request queue.
06-20 11:22:24.397  1265 21459 I SDM     : HWCSession::ProcessRequests: No pending cwb requests found in the queue.
06-20 11:22:24.400  1265  1584 I SDM     : HWDeviceDRM::SetupConcurrentWriteback: Tear down the Concurrent Writeback topology
06-20 11:22:24.407  1265 21460 I SDM     : HWCSession::NotifyCWBStatus: Notify the client about buffer status 0.
06-20 11:22:24.408  1265 21460 I SDM     : HWCSession::PerformFenceWaits: Remove current release fence from the pending fence wait queue.
06-20 11:22:24.409  1265 21460 I SDM     : HWCSession::PerformFenceWaits: CWB fence queue is empty. No pending release fence to wait on.
06-20 11:22:24.429  5809 21159 I SafeBinderCall: onPositionChange binder cost:1
06-20 11:22:24.429  4233  4233 D MiPlayDetailViewModel: onPositionChange(): position = 17992
06-20 11:22:24.439 21413 21453 I appium  : channel read: GET /wd/hub/session/f1009a28-7331-4606-bf40-0f0254b8f4c3/window/current/size
06-20 11:22:24.440 21413 21453 I appium  : GetDeviceSize command
06-20 11:22:24.440 21413 21453 I appium  : Get window size of the device
06-20 11:22:24.443 21413 21453 I appium  : AppiumResponse: {"sessionId":"f1009a28-7331-4606-bf40-0f0254b8f4c3","value":{"height":2256,"width":1080}}
06-20 11:22:24.449 10241 12244 I CCodecBufferChannel: pipelineRoom(2) is <= numClientBuffers(3). Not signalling any more buffers to client
06-20 11:22:24.450 10241 21155 I CCodecBufferChannel: pipelineRoom(2) is <= numClientBuffers(2). Not signalling any more buffers to client
06-20 11:22:24.463 21413 21453 I appium  : channel read: GET /wd/hub/session/f1009a28-7331-4606-bf40-0f0254b8f4c3/window/current/size
06-20 11:22:24.464 21413 21453 I appium  : GetDeviceSize command
06-20 11:22:24.465 21413 21453 I appium  : Get window size of the device
06-20 11:22:24.468 21413 21453 I appium  : AppiumResponse: {"sessionId":"f1009a28-7331-4606-bf40-0f0254b8f4c3","value":{"height":2256,"width":1080}}
06-20 11:22:24.566 10241 12244 I CCodecBufferChannel: pipelineRoom(1) is <= numClientBuffers(2). Not signalling any more buffers to client
06-20 11:22:24.566 10241 21155 I CCodecBufferChannel: pipelineRoom(1) is <= numClientBuffers(1). Not signalling any more buffers to client
06-20 11:22:24.631 20352 21467 W SingletonPool: create com.tencent.qqprotect.xps.api.impl.QccApiImpl
06-20 11:22:24.632 20352 21467 W SingletonPool: create com.tencent.qqprotect.xps.api.impl.QccApiImpl cost:1
06-20 11:22:24.643 20352 21467 W SingletonPool: create com.tencent.qqprotect.xps.api.impl.QEstApiImpl
06-20 11:22:24.643 20352 21467 W SingletonPool: create com.tencent.qqprotect.xps.api.impl.QEstApiImpl cost:0
06-20 11:22:24.648 20352 21467 D DexMonitor: config: DexMonitorConfigBean{isOpenDexMonitor=false, reportSample=200, isNeedTransform=false, TransformList=[]}
06-20 11:22:24.648 20352 21467 W SingletonPool: create com.tencent.mobileqq.debug.api.impl.QQDebugApiImpl
06-20 11:22:24.649 20352 21467 W SingletonPool: build API fatal:IQQDebugApi java.lang.ClassNotFoundException: com.tencent.mobileqq.debug.api.impl.QQDebugApiImpljava.lang.ClassNotFoundException: com.tencent.mobileqq.debug.api.impl.QQDebugApiImpl
06-20 11:22:24.649 20352 21467 W SingletonPool: 	at java.lang.Class.classForName(Native Method)
06-20 11:22:24.649 20352 21467 W SingletonPool: 	at java.lang.Class.forName(Class.java:454)
06-20 11:22:24.649 20352 21467 W SingletonPool: 	at java.lang.Class.forName(Class.java:379)
06-20 11:22:24.649 20352 21467 W SingletonPool: 	at com.tencent.mobileqq.qroute.a.e(P:2)
06-20 11:22:24.649 20352 21467 W SingletonPool: 	at com.tencent.mobileqq.qroute.a.c(P:12)
06-20 11:22:24.649 20352 21467 W SingletonPool: 	at com.tencent.mobileqq.qroute.a.b(P:2)
06-20 11:22:24.649 20352 21467 W SingletonPool: 	at com.tencent.mobileqq.qroute.QRoute.apiImpl(P:7)
06-20 11:22:24.649 20352 21467 W SingletonPool: 	at com.tencent.mobileqq.qroute.QRoute.api(P:1)
06-20 11:22:24.649 20352 21467 W SingletonPool: 	at com.tencent.mobileqq.app.automator.step.PreloadBusinessTimerDelay$initStepDelay30s$1$2.invoke(P:2)
06-20 11:22:24.649 20352 21467 W SingletonPool: 	at com.tencent.mobileqq.app.automator.step.PreloadBusinessTimerDelay$initStepDelay30s$1$2.invoke(P:1)
06-20 11:22:24.649 20352 21467 W SingletonPool: 	at com.tencent.mobileqq.startup.control.MicroStep$run$1.doStep(P:1)
06-20 11:22:24.649 20352 21467 W SingletonPool: 	at com.tencent.mobileqq.app.automator.AsyncStep.run(P:8)
06-20 11:22:24.649 20352 21467 W SingletonPool: 	at com.tencent.mobileqq.app.automator.LinearGroup.doStep(P:3)
06-20 11:22:24.649 20352 21467 W SingletonPool: 	at com.tencent.mobileqq.app.automator.AsyncStep.run(P:8)
06-20 11:22:24.649 20352 21467 W SingletonPool: 	at com.tencent.mobileqq.app.automator.step.PreloadBusinessTimerDelay$TimerDelayTask.run(P:2)
06-20 11:22:24.649 20352 21467 W SingletonPool: 	at com.tencent.mobileqq.app.Job.run(P:3)
06-20 11:22:24.649 20352 21467 W SingletonPool: 	at java.util.concurrent.ThreadPoolExecutor.runWorker(ThreadPoolExecutor.java:1167)
06-20 11:22:24.649 20352 21467 W SingletonPool: 	at java.util.concurrent.ThreadPoolExecutor$Worker.run(ThreadPoolExecutor.java:641)
06-20 11:22:24.649 20352 21467 W SingletonPool: 	at java.lang.Thread.run(Thread.java:920)
06-20 11:22:24.649 20352 21467 W SingletonPool: Caused by: java.lang.ClassNotFoundException: com.tencent.mobileqq.debug.api.impl.QQDebugApiImpl
06-20 11:22:24.649 20352 21467 W SingletonPool: 	... 19 more
06-20 11:22:24.650 20352 21467 E QQInitHandler.AutomatorImpl: java.lang.IllegalStateException: build API fatal:IQQDebugApi java.lang.ClassNotFoundException: com.tencent.mobileqq.debug.api.impl.QQDebugApiImpl
06-20 11:22:24.650 20352 21467 E QQInitHandler.AutomatorImpl: 	at com.tencent.mobileqq.qroute.a.b(P:7)
06-20 11:22:24.650 20352 21467 E QQInitHandler.AutomatorImpl: 	at com.tencent.mobileqq.qroute.QRoute.apiImpl(P:7)
06-20 11:22:24.650 20352 21467 E QQInitHandler.AutomatorImpl: 	at com.tencent.mobileqq.qroute.QRoute.api(P:1)
06-20 11:22:24.650 20352 21467 E QQInitHandler.AutomatorImpl: 	at com.tencent.mobileqq.app.automator.step.PreloadBusinessTimerDelay$initStepDelay30s$1$2.invoke(P:2)
06-20 11:22:24.650 20352 21467 E QQInitHandler.AutomatorImpl: 	at com.tencent.mobileqq.app.automator.step.PreloadBusinessTimerDelay$initStepDelay30s$1$2.invoke(P:1)
06-20 11:22:24.650 20352 21467 E QQInitHandler.AutomatorImpl: 	at com.tencent.mobileqq.startup.control.MicroStep$run$1.doStep(P:1)
06-20 11:22:24.650 20352 21467 E QQInitHandler.AutomatorImpl: 	at com.tencent.mobileqq.app.automator.AsyncStep.run(P:8)
06-20 11:22:24.650 20352 21467 E QQInitHandler.AutomatorImpl: 	at com.tencent.mobileqq.app.automator.LinearGroup.doStep(P:3)
06-20 11:22:24.650 20352 21467 E QQInitHandler.AutomatorImpl: 	at com.tencent.mobileqq.app.automator.AsyncStep.run(P:8)
06-20 11:22:24.650 20352 21467 E QQInitHandler.AutomatorImpl: 	at com.tencent.mobileqq.app.automator.step.PreloadBusinessTimerDelay$TimerDelayTask.run(P:2)
06-20 11:22:24.650 20352 21467 E QQInitHandler.AutomatorImpl: 	at com.tencent.mobileqq.app.Job.run(P:3)
06-20 11:22:24.650 20352 21467 E QQInitHandler.AutomatorImpl: 	at java.util.concurrent.ThreadPoolExecutor.runWorker(ThreadPoolExecutor.java:1167)
06-20 11:22:24.650 20352 21467 E QQInitHandler.AutomatorImpl: 	at java.util.concurrent.ThreadPoolExecutor$Worker.run(ThreadPoolExecutor.java:641)
06-20 11:22:24.650 20352 21467 E QQInitHandler.AutomatorImpl: 	at java.lang.Thread.run(Thread.java:920)
06-20 11:22:24.650 20352 21467 E QQInitHandler.AutomatorImpl: Caused by: java.lang.ClassNotFoundException: com.tencent.mobileqq.debug.api.impl.QQDebugApiImpl
06-20 11:22:24.650 20352 21467 E QQInitHandler.AutomatorImpl: 	at java.lang.Class.classForName(Native Method)
06-20 11:22:24.650 20352 21467 E QQInitHandler.AutomatorImpl: 	at java.lang.Class.forName(Class.java:454)
06-20 11:22:24.650 20352 21467 E QQInitHandler.AutomatorImpl: 	at java.lang.Class.forName(Class.java:379)
06-20 11:22:24.650 20352 21467 E QQInitHandler.AutomatorImpl: 	at com.tencent.mobileqq.qroute.a.e(P:2)
06-20 11:22:24.650 20352 21467 E QQInitHandler.AutomatorImpl: 	at com.tencent.mobileqq.qroute.a.c(P:12)
06-20 11:22:24.650 20352 21467 E QQInitHandler.AutomatorImpl: 	at com.tencent.mobileqq.qroute.a.b(P:2)
06-20 11:22:24.650 20352 21467 E QQInitHandler.AutomatorImpl: 	... 13 more
06-20 11:22:24.650 20352 21467 E QQInitHandler.AutomatorImpl: Caused by: java.lang.ClassNotFoundException: com.tencent.mobileqq.debug.api.impl.QQDebugApiImpl
06-20 11:22:24.650 20352 21467 E QQInitHandler.AutomatorImpl: 	... 19 more
06-20 11:22:24.689  2018  3127 D libsensor-displayalgo: the value of  brightness:438.000000,R:77375716.939127,G:77376143.464170,B:77391269.635761,EVENT_C:7594.500000,EVENT_R:2941.500000,EVENT_G:3831.000000,EVENT_B:1546.000000
06-20 11:22:24.689  2018  3127 I libsensor-displayalgo: the value of  Coef1:1107.681000,Coef4:2.383000, scale1:0.935522, scale4:0.923264
06-20 11:22:24.689  2018  3127 E libsensor-displayalgo: RGB_test_0407_400_oldzy!
06-20 11:22:24.690  2018  3127 I libsensor-displayalgo: the value of  RESULT3118.837702,1232.115395,1511.231984,565.637200
06-20 11:22:24.690  2018  3127 I libsensor-displayalgo: the value of  getChannelDataCalibrated3269.931069,1141.176343,1756.511250,617.354941
06-20 11:22:24.690  2018  3127 I libsensor-displayalgo: the value of  REAL LUX256.279999
06-20 11:22:24.690  2018  3127 I libsensor-displayalgo: the value of  CAL REAL LUX256.279999
06-20 11:22:24.712  1265  2358 I vendor.qti.hardware.display.composer-service: FrameNotifyProcess Sensor: notify citsensorservice to trigger cwb
06-20 11:22:24.712  2018  2018 I libcitsensorservice@2.0-impl: msg_transfer
06-20 11:22:24.712  2018  3098 D vendor.xiaomi.sensor.citsensorservice@2.0-service: handle id:9 wxh:1280x2400 uwxuh:1080x2400 size: 9216000 fd:15 fd_meta:16 flags:0x4000228 usage:0x33  format:0x3 layer_count: 1
06-20 11:22:24.713  1265  1887 I SDM     : HWCSession::SetCWBOutputBuffer: CWB config passed by cwb_client : tappoint 1  CWB_ROI : (829.000000 4.000000 915.000000 90.000000)
06-20 11:22:24.715  1265 21468 I SDM     : HWCSession::ProcessRequests: Successfully configured CWB buffer.
06-20 11:22:24.722  1265 21468 I SDM     : HWCSession::ProcessRequests: Pushing release fence in fenece wait queue.
06-20 11:22:24.722  1265 21468 I SDM     : HWCSession::ProcessRequests: Creating AsyncFenceWaits async thread.
06-20 11:22:24.722  1265 21468 I SDM     : HWCSession::ProcessRequests: Remove current CWB request from the pending request queue.
06-20 11:22:24.722  1265 21468 I SDM     : HWCSession::ProcessRequests: No pending cwb requests found in the queue.
06-20 11:22:24.729  1265  1584 I SDM     : HWDeviceDRM::SetupConcurrentWriteback: Tear down the Concurrent Writeback topology
06-20 11:22:24.736  1265 21469 I SDM     : HWCSession::NotifyCWBStatus: Notify the client about buffer status 0.
06-20 11:22:24.736  1265 21469 I SDM     : HWCSession::PerformFenceWaits: Remove current release fence from the pending fence wait queue.
06-20 11:22:24.736  1265 21469 I SDM     : HWCSession::PerformFenceWaits: CWB fence queue is empty. No pending release fence to wait on.
06-20 11:22:24.778 10241 12244 I CCodecBufferChannel: pipelineRoom(1) is <= numClientBuffers(2). Not signalling any more buffers to client
06-20 11:22:24.778 10241 21155 I CCodecBufferChannel: pipelineRoom(1) is <= numClientBuffers(1). Not signalling any more buffers to client
06-20 11:22:24.805 31630 31630 I HandWritingStubImpl: isKeyboardTypeChanged: false
06-20 11:22:24.885 10241 12244 I CCodecBufferChannel: pipelineRoom(1) is <= numClientBuffers(2). Not signalling any more buffers to client
06-20 11:22:24.887 10241 21155 I CCodecBufferChannel: pipelineRoom(1) is <= numClientBuffers(1). Not signalling any more buffers to client
06-20 11:22:25.008 10241 12244 I CCodecBufferChannel: pipelineRoom(1) is <= numClientBuffers(2). Not signalling any more buffers to client
06-20 11:22:25.009 10241 21155 I CCodecBufferChannel: pipelineRoom(1) is <= numClientBuffers(1). Not signalling any more buffers to client
06-20 11:22:25.016  1265  2358 I vendor.qti.hardware.display.composer-service: FrameNotifyProcess Sensor: notify citsensorservice to trigger cwb
06-20 11:22:25.018  2018  2018 I libcitsensorservice@2.0-impl: msg_transfer
06-20 11:22:25.018  2018  3098 D vendor.xiaomi.sensor.citsensorservice@2.0-service: handle id:9 wxh:1280x2400 uwxuh:1080x2400 size: 9216000 fd:15 fd_meta:16 flags:0x4000228 usage:0x33  format:0x3 layer_count: 1
06-20 11:22:25.018  1265  1887 I SDM     : HWCSession::SetCWBOutputBuffer: CWB config passed by cwb_client : tappoint 1  CWB_ROI : (829.000000 4.000000 915.000000 90.000000)
06-20 11:22:25.019  1265 21474 I SDM     : HWCSession::ProcessRequests: Successfully configured CWB buffer.
06-20 11:22:25.026  1265 21474 I SDM     : HWCSession::ProcessRequests: Pushing release fence in fenece wait queue.
06-20 11:22:25.026  1265 21474 I SDM     : HWCSession::ProcessRequests: Creating AsyncFenceWaits async thread.
06-20 11:22:25.027  1265 21474 I SDM     : HWCSession::ProcessRequests: Remove current CWB request from the pending request queue.
06-20 11:22:25.028  1265 21474 I SDM     : HWCSession::ProcessRequests: No pending cwb requests found in the queue.
06-20 11:22:25.033  1265  1584 I SDM     : HWDeviceDRM::SetupConcurrentWriteback: Tear down the Concurrent Writeback topology
06-20 11:22:25.040  1265 21475 I SDM     : HWCSession::NotifyCWBStatus: Notify the client about buffer status 0.
06-20 11:22:25.041  1265 21475 I SDM     : HWCSession::PerformFenceWaits: Remove current release fence from the pending fence wait queue.
06-20 11:22:25.041  1265 21475 I SDM     : HWCSession::PerformFenceWaits: CWB fence queue is empty. No pending release fence to wait on.
06-20 11:22:25.131 10241 21155 I CCodecBufferChannel: pipelineRoom(1) is <= numClientBuffers(1). Not signalling any more buffers to client
06-20 11:22:25.134 10241 12244 I CCodecBufferChannel: pipelineRoom(1) is <= numClientBuffers(1). Not signalling any more buffers to client
06-20 11:22:25.189  2018  3127 D libsensor-displayalgo: the value of  brightness:438.000000,R:77375716.939127,G:77376143.464170,B:77391269.635761,EVENT_C:7589.500000,EVENT_R:2944.000000,EVENT_G:3831.000000,EVENT_B:1544.000000
06-20 11:22:25.189  2018  3127 I libsensor-displayalgo: the value of  Coef1:1107.681000,Coef4:2.383000, scale1:0.935522, scale4:0.923264
06-20 11:22:25.189  2018  3127 E libsensor-displayalgo: RGB_test_0407_400_oldzy!
06-20 11:22:25.190  2018  3127 I libsensor-displayalgo: the value of  RESULT3118.837702,1232.115395,1511.231984,565.637200
06-20 11:22:25.190  2018  3127 I libsensor-displayalgo: the value of  getChannelDataCalibrated3269.931069,1141.176343,1756.511250,617.354941
06-20 11:22:25.190  2018  3127 I libsensor-displayalgo: the value of  REAL LUX255.995377
06-20 11:22:25.190  2018  3127 I libsensor-displayalgo: the value of  CAL REAL LUX255.995377
06-20 11:22:25.214 10241 12244 I CCodecBufferChannel: pipelineRoom(2) is <= numClientBuffers(3). Not signalling any more buffers to client
06-20 11:22:25.214 10241 21155 I CCodecBufferChannel: pipelineRoom(2) is <= numClientBuffers(2). Not signalling any more buffers to client
06-20 11:22:25.321  1265  2358 I vendor.qti.hardware.display.composer-service: FrameNotifyProcess Sensor: notify citsensorservice to trigger cwb
06-20 11:22:25.321 10241 12244 I CCodecBufferChannel: pipelineRoom(2) is <= numClientBuffers(3). Not signalling any more buffers to client
06-20 11:22:25.321  2018  2018 I libcitsensorservice@2.0-impl: msg_transfer
06-20 11:22:25.321  2018  3098 D vendor.xiaomi.sensor.citsensorservice@2.0-service: handle id:9 wxh:1280x2400 uwxuh:1080x2400 size: 9216000 fd:15 fd_meta:16 flags:0x4000228 usage:0x33  format:0x3 layer_count: 1
06-20 11:22:25.322 10241 21155 I CCodecBufferChannel: pipelineRoom(2) is <= numClientBuffers(2). Not signalling any more buffers to client
06-20 11:22:25.322  1265  1887 I SDM     : HWCSession::SetCWBOutputBuffer: CWB config passed by cwb_client : tappoint 1  CWB_ROI : (829.000000 4.000000 915.000000 90.000000)
06-20 11:22:25.325  1265 21476 I SDM     : HWCSession::ProcessRequests: Successfully configured CWB buffer.
06-20 11:22:25.331  1265 21476 I SDM     : HWCSession::ProcessRequests: Pushing release fence in fenece wait queue.
06-20 11:22:25.331  1265 21476 I SDM     : HWCSession::ProcessRequests: Creating AsyncFenceWaits async thread.
06-20 11:22:25.331  1265 21476 I SDM     : HWCSession::ProcessRequests: Remove current CWB request from the pending request queue.
06-20 11:22:25.331  1265 21476 I SDM     : HWCSession::ProcessRequests: No pending cwb requests found in the queue.
06-20 11:22:25.338  1265  1584 I SDM     : HWDeviceDRM::SetupConcurrentWriteback: Tear down the Concurrent Writeback topology
06-20 11:22:25.345  1265 21477 I SDM     : HWCSession::NotifyCWBStatus: Notify the client about buffer status 0.
06-20 11:22:25.346  1265 21477 I SDM     : HWCSession::PerformFenceWaits: Remove current release fence from the pending fence wait queue.
06-20 11:22:25.346  1265 21477 I SDM     : HWCSession::PerformFenceWaits: CWB fence queue is empty. No pending release fence to wait on.
06-20 11:22:25.349 31630 31630 I HandWritingStubImpl: isKeyboardTypeChanged: false
06-20 11:22:25.404 21413 21453 I appium  : channel read: POST /wd/hub/session/f1009a28-7331-4606-bf40-0f0254b8f4c3/element
06-20 11:22:25.407 21413 21453 I appium  : FindElement command
06-20 11:22:25.410 21413 21453 I appium  : method: 'id', selector: 'cn.missevan:id/fl_search'
06-20 11:22:25.411 21413 21453 I appium  : Waiting up to 100ms for the device to idle
06-20 11:22:25.430  5809 21159 I SafeBinderCall: onPositionChange binder cost:1
06-20 11:22:25.430  4233  4233 D MiPlayDetailViewModel: onPositionChange(): position = 18993
06-20 11:22:25.448 10241 12244 I CCodecBufferChannel: pipelineRoom(2) is <= numClientBuffers(3). Not signalling any more buffers to client
06-20 11:22:25.450 10241 21155 I CCodecBufferChannel: pipelineRoom(2) is <= numClientBuffers(2). Not signalling any more buffers to client
06-20 11:22:25.455 10241 21155 I CCodecBufferChannel: pipelineRoom(3) is <= numClientBuffers(3). Not signalling any more buffers to client
06-20 11:22:25.455 10241 12244 I CCodecBufferChannel: pipelineRoom(3) is <= numClientBuffers(3). Not signalling any more buffers to client
06-20 11:22:25.457 10241 21155 I CCodecBufferChannel: pipelineRoom(2) is <= numClientBuffers(2). Not signalling any more buffers to client
06-20 11:22:25.460 21413 21453 W tomator2.serve: Accessing hidden field Landroid/view/accessibility/AccessibilityNodeInfo;->mSourceNodeId:J (unsupported, reflection, allowed)
06-20 11:22:25.467 21413 21453 I appium  : AppiumResponse: {"sessionId":"f1009a28-7331-4606-bf40-0f0254b8f4c3","value":{"ELEMENT":"00000000-0000-0a5b-ffff-ffff0000003b","element-6066-11e4-a52e-4f735466cecf":"00000000-0000-0a5b-ffff-ffff0000003b"}}
06-20 11:22:25.481 21413 21453 I appium  : channel read: POST /wd/hub/session/f1009a28-7331-4606-bf40-0f0254b8f4c3/element/00000000-0000-0a5b-ffff-ffff0000003b/click
06-20 11:22:25.483 21413 21453 I appium  : Click command
06-20 11:22:25.489  2018  3127 D libsensor-displayalgo: the value of  brightness:438.000000,R:77375716.939127,G:77376143.464170,B:77391269.635761,EVENT_C:7582.000000,EVENT_R:2940.500000,EVENT_G:3829.500000,EVENT_B:1542.500000
06-20 11:22:25.489  2018  3127 I libsensor-displayalgo: the value of  Coef1:1107.681000,Coef4:2.383000, scale1:0.935522, scale4:0.923264
06-20 11:22:25.489  2018  3127 E libsensor-displayalgo: RGB_test_0407_400_oldzy!
06-20 11:22:25.489  2018  3127 I libsensor-displayalgo: the value of  RESULT3118.837702,1232.115395,1511.231984,565.637200
06-20 11:22:25.489  2018  3127 I libsensor-displayalgo: the value of  getChannelDataCalibrated3269.931069,1141.176343,1756.511250,617.354941
06-20 11:22:25.489  2018  3127 I libsensor-displayalgo: the value of  REAL LUX255.651581
06-20 11:22:25.489  2018  3127 I libsensor-displayalgo: the value of  CAL REAL LUX255.651581
06-20 11:22:25.501  2431  4801 D MIUIInput: Input event injection from pid 21396, MotionEvent: DOWN
06-20 11:22:25.503  2431  2938 D MIUIInput: [MotionEvent] publisher action=0x4, 371334722, channel '7c87e50 NavigationBar0 (server)'
06-20 11:22:25.503  2431  2938 D MIUIInput: [MotionEvent] publisher action=0x0, 371334722, channel 'ac4ec2b cn.missevan/cn.missevan.activity.MainActivity (server)'
06-20 11:22:25.504  1408  2343 D RefreshRateConfigs: TouchBoost - choose 120.00fps
06-20 11:22:25.504 10027 10027 D MIUIInput: [MotionEvent] ViewRootImpl windowName 'cn.missevan/cn.missevan.activity.MainActivity', { action=ACTION_DOWN, id[0]=0, pointerCount=1, eventTime=371334722, downTime=371334721, phoneEventTime=11:22:25.494 } moveCount:0
06-20 11:22:25.507  2431  4801 D MIUIInput: Input event injection from pid 21396, MotionEvent: UP
06-20 11:22:25.507  2431  2938 D MIUIInput: [MotionEvent] publisher action=0x1, 371334722, channel 'ac4ec2b cn.missevan/cn.missevan.activity.MainActivity (server)'
06-20 11:22:25.508 10027 10027 D MIUIInput: [MotionEvent] ViewRootImpl windowName 'cn.missevan/cn.missevan.activity.MainActivity', { action=ACTION_UP, id[0]=0, pointerCount=1, eventTime=371334722, downTime=371334721, phoneEventTime=11:22:25.494 } moveCount:0
06-20 11:22:25.509 10027 10027 E cn.missevan: No package ID ff found for ID 0xffffffff.
06-20 11:22:25.520 21413 21453 I appium  : Waiting up to 100ms for the device to idle
06-20 11:22:25.523 10027 10027 I HandWritingStubImpl: isKeyboardTypeChanged: false
06-20 11:22:25.523 10027 10027 I HandWritingStubImpl: isKeyboardTypeChanged: false
06-20 11:22:25.524 10027 10027 I HandWritingStubImpl: isKeyboardTypeChanged: false
06-20 11:22:25.524 10027 10027 I HandWritingStubImpl: isKeyboardTypeChanged: false
06-20 11:22:25.525 10027 10027 I HandWritingStubImpl: isKeyboardTypeChanged: false
06-20 11:22:25.527 21413 21453 I appium  : AppiumResponse: {"sessionId":"f1009a28-7331-4606-bf40-0f0254b8f4c3","value":null}
06-20 11:22:25.542 21413 21453 I appium  : channel read: POST /wd/hub/session/f1009a28-7331-4606-bf40-0f0254b8f4c3/element
06-20 11:22:25.543 21413 21453 I appium  : FindElement command
06-20 11:22:25.545 21413 21453 I appium  : method: 'id', selector: 'cn.missevan:id/et_search'
06-20 11:22:25.546 21413 21453 I appium  : Waiting up to 100ms for the device to idle
06-20 11:22:25.547 10027 10027 I HandWritingStubImpl: refreshLastKeyboardType: 1
06-20 11:22:25.548 10027 10027 I HandWritingStubImpl: getCurrentKeyboardType: 1
06-20 11:22:25.551 13581 13581 E BaseInputMethodService: onFinishInput
06-20 11:22:25.552 13581 13581 E BaseInputMethodService: onStartInput
06-20 11:22:25.560 10027 10027 I HandWritingStubImpl: isKeyboardTypeChanged: false
06-20 11:22:25.561 10027 10027 V TextView: sendCursorInfo support:true
06-20 11:22:25.561 10027 10027 I HandWritingStubImpl: isKeyboardTypeChanged: false
06-20 11:22:25.562  4824  4837 W Binder  : Caught a RuntimeException from the binder stub implementation.
06-20 11:22:25.562  4824  4837 W Binder  : java.lang.SecurityException: Permission denial
06-20 11:22:25.562  4824  4837 W Binder  : 	at com.xiaomi.mirror.MirrorAppService.enforceSignature(MirrorAppService.java:30)
06-20 11:22:25.562  4824  4837 W Binder  : 	at com.xiaomi.mirror.MirrorAppService.isWorking(MirrorAppService.java:35)
06-20 11:22:25.562  4824  4837 W Binder  : 	at com.xiaomi.mirror.MirrorAppService.notifyInputTypeAndPos(MirrorAppService.java:88)
06-20 11:22:25.562  4824  4837 W Binder  : 	at com.xiaomi.mirror.IMirrorAppService$Stub.onTransact(IMirrorAppService.java:135)
06-20 11:22:25.562  4824  4837 W Binder  : 	at android.os.Binder.execTransactInternal(Binder.java:1190)
06-20 11:22:25.562  4824  4837 W Binder  : 	at android.os.Binder.execTransact(Binder.java:1149)
06-20 11:22:25.563 10027 10027 I HandWritingStubImpl: isKeyboardTypeChanged: false
06-20 11:22:25.567 10027 10027 I HandWritingStubImpl: isKeyboardTypeChanged: false
06-20 11:22:25.573  2431  6208 W AutofillSession: No current view id - session might have finished
06-20 11:22:25.578 10027 10027 I HandWritingStubImpl: isKeyboardTypeChanged: false
06-20 11:22:25.579 10027 10027 I HandWritingStubImpl: isKeyboardTypeChanged: false
06-20 11:22:25.580 10027 10027 I HandWritingStubImpl: isKeyboardTypeChanged: false
06-20 11:22:25.586 10027 10027 I HandWritingStubImpl: isKeyboardTypeChanged: false
06-20 11:22:25.587 10027 10027 I HandWritingStubImpl: isKeyboardTypeChanged: false
06-20 11:22:25.587 10027 10027 I HandWritingStubImpl: isKeyboardTypeChanged: false
06-20 11:22:25.587 21413 21453 I appium  : AppiumResponse: {"sessionId":"f1009a28-7331-4606-bf40-0f0254b8f4c3","value":{"ELEMENT":"00000000-0000-0a5b-ffff-ffff00001fa5","element-6066-11e4-a52e-4f735466cecf":"00000000-0000-0a5b-ffff-ffff00001fa5"}}
06-20 11:22:25.590 10027 10027 I AssistStructure: Flattened final assist data: 11740 bytes, containing 1 windows, 114 views
06-20 11:22:25.594 10027 10027 I HandWritingStubImpl: isKeyboardTypeChanged: false
