06-20 11:22:12.453 10241 12244 I CCodecBufferChannel: pipelineRoom(1) is <= numClientBuffers(2). Not signalling any more buffers to client
06-20 11:22:12.453 10241 21155 I CCodecBufferChannel: pipelineRoom(1) is <= numClientBuffers(1). Not signalling any more buffers to client
06-20 11:22:12.473  2431  2939 D MIUIInput: [MotionEvent] notifyMotion - eventTime=371321700426000, deviceId=8, source=0x1002, policyFlags=0x0, action=0x0, flags=0x0, downTime=371321700426000, moveCount:0
06-20 11:22:12.474  2431  2938 D MIUIInput: [MotionEvent] publisher action=0x4, 371321700, channel '7c87e50 NavigationBar0 (server)'
06-20 11:22:12.474  2431  2938 D MIUIInput: [MotionEvent] publisher action=0x0, 371321700, channel 'ac4ec2b cn.missevan/cn.missevan.activity.MainActivity (server)'
06-20 11:22:12.476 10027 10027 D MIUIInput: [MotionEvent] ViewRootImpl windowName 'cn.missevan/cn.missevan.activity.MainActivity', { action=ACTION_DOWN, id[0]=0, pointerCount=1, eventTime=371321700, downTime=371321700, phoneEventTime=11:22:12.473 } moveCount:0
06-20 11:22:12.529 31630 31630 I HandWritingStubImpl: isKeyboardTypeChanged: false
06-20 11:22:12.560  2431  2939 D MIUIInput: [MotionEvent] notifyMotion - eventTime=371321787458000, deviceId=8, source=0x1002, policyFlags=0x0, action=0x1, flags=0x0, downTime=371321700426000, moveCount:0
06-20 11:22:12.561  2431  2938 D MIUIInput: [MotionEvent] publisher action=0x1, 371321787, channel 'ac4ec2b cn.missevan/cn.missevan.activity.MainActivity (server)'
06-20 11:22:12.564 10027 10027 D MIUIInput: [MotionEvent] ViewRootImpl windowName 'cn.missevan/cn.missevan.activity.MainActivity', { action=ACTION_UP, id[0]=0, pointerCount=1, eventTime=371321787, downTime=371321700, phoneEventTime=11:22:12.560 } moveCount:0
06-20 11:22:12.565 10027 10027 E cn.missevan: No package ID ff found for ID 0xffffffff.
06-20 11:22:12.566 10241 12244 I CCodecBufferChannel: pipelineRoom(2) is <= numClientBuffers(3). Not signalling any more buffers to client
06-20 11:22:12.566 10241 21155 I CCodecBufferChannel: pipelineRoom(2) is <= numClientBuffers(2). Not signalling any more buffers to client
06-20 11:22:12.689  2018  3127 D libsensor-displayalgo: the value of  brightness:438.000000,R:74709709.431923,G:74827476.333381,B:74765208.103312,EVENT_C:6535.500000,EVENT_R:2459.000000,EVENT_G:3361.500000,EVENT_B:1347.000000
06-20 11:22:12.689  2018  3127 I libsensor-displayalgo: the value of  Coef1:1107.681000,Coef4:2.383000, scale1:0.935522, scale4:0.923264
06-20 11:22:12.689  2018  3127 E libsensor-displayalgo: RGB_test_0407_400_oldzy!
06-20 11:22:12.693  2018  3127 I libsensor-displayalgo: the value of  RESULT3048.451699,1203.822281,1479.818148,552.374915
06-20 11:22:12.693  2018  3127 I libsensor-displayalgo: the value of  getChannelDataCalibrated3196.135187,1114.971467,1719.998818,602.880049
06-20 11:22:12.693  2018  3127 I libsensor-displayalgo: the value of  REAL LUX199.241791
06-20 11:22:12.693  2018  3127 I libsensor-displayalgo: the value of  CAL REAL LUX199.241791
06-20 11:22:12.707  1265  2358 I vendor.qti.hardware.display.composer-service: FrameNotifyProcess Sensor: notify citsensorservice to trigger cwb
06-20 11:22:12.707  2018  7182 I libcitsensorservice@2.0-impl: msg_transfer
06-20 11:22:12.707  2018  3098 D vendor.xiaomi.sensor.citsensorservice@2.0-service: handle id:9 wxh:1280x2400 uwxuh:1080x2400 size: 9216000 fd:15 fd_meta:16 flags:0x4000228 usage:0x33  format:0x3 layer_count: 1
06-20 11:22:12.708  1265  1887 I SDM     : HWCSession::SetCWBOutputBuffer: CWB config passed by cwb_client : tappoint 1  CWB_ROI : (829.000000 4.000000 915.000000 90.000000)
06-20 11:22:12.709  1265 21232 I SDM     : HWCSession::ProcessRequests: Successfully configured CWB buffer.
06-20 11:22:12.717  1265 21232 I SDM     : HWCSession::ProcessRequests: Pushing release fence in fenece wait queue.
06-20 11:22:12.718  1265 21232 I SDM     : HWCSession::ProcessRequests: Creating AsyncFenceWaits async thread.
06-20 11:22:12.718  1265 21232 I SDM     : HWCSession::ProcessRequests: Remove current CWB request from the pending request queue.
06-20 11:22:12.719  1265 21232 I SDM     : HWCSession::ProcessRequests: No pending cwb requests found in the queue.
06-20 11:22:12.724  1265  1584 I SDM     : HWDeviceDRM::SetupConcurrentWriteback: Tear down the Concurrent Writeback topology
06-20 11:22:12.731  1265 21233 I SDM     : HWCSession::NotifyCWBStatus: Notify the client about buffer status 0.
06-20 11:22:12.731  1265 21233 I SDM     : HWCSession::PerformFenceWaits: Remove current release fence from the pending fence wait queue.
06-20 11:22:12.731  1265 21233 I SDM     : HWCSession::PerformFenceWaits: CWB fence queue is empty. No pending release fence to wait on.
06-20 11:22:12.764 10241 12244 I CCodecBufferChannel: pipelineRoom(1) is <= numClientBuffers(2). Not signalling any more buffers to client
06-20 11:22:12.765 10241 21155 I CCodecBufferChannel: pipelineRoom(1) is <= numClientBuffers(1). Not signalling any more buffers to client
06-20 11:22:12.769 10241 12244 I CCodecBufferChannel: pipelineRoom(2) is <= numClientBuffers(2). Not signalling any more buffers to client
06-20 11:22:12.769 10241 21155 I CCodecBufferChannel: pipelineRoom(2) is <= numClientBuffers(2). Not signalling any more buffers to client
06-20 11:22:12.889 10241 12244 I CCodecBufferChannel: pipelineRoom(2) is <= numClientBuffers(3). Not signalling any more buffers to client
06-20 11:22:12.890 10241 21155 I CCodecBufferChannel: pipelineRoom(2) is <= numClientBuffers(2). Not signalling any more buffers to client
06-20 11:22:12.989  2018  3127 D libsensor-displayalgo: the value of  brightness:438.000000,R:77375716.939127,G:77376143.464170,B:77391269.635761,EVENT_C:6553.500000,EVENT_R:2466.500000,EVENT_G:3371.000000,EVENT_B:1348.500000
06-20 11:22:12.989  2018  3127 I libsensor-displayalgo: the value of  Coef1:1107.681000,Coef4:2.383000, scale1:0.935522, scale4:0.923264
06-20 11:22:12.989  2018  3127 E libsensor-displayalgo: RGB_test_0407_400_oldzy!
06-20 11:22:12.990  2018  3127 I libsensor-displayalgo: the value of  RESULT3118.837702,1232.115395,1511.231984,565.637200
06-20 11:22:12.990  2018  3127 I libsensor-displayalgo: the value of  getChannelDataCalibrated3269.931069,1141.176343,1756.511250,617.354941
06-20 11:22:12.990  2018  3127 I libsensor-displayalgo: the value of  REAL LUX195.834167
06-20 11:22:12.990  2018  3127 I libsensor-displayalgo: the value of  CAL REAL LUX195.834167
06-20 11:22:13.004 10241 12244 I CCodecBufferChannel: pipelineRoom(2) is <= numClientBuffers(3). Not signalling any more buffers to client
06-20 11:22:13.004 10241 21155 I CCodecBufferChannel: pipelineRoom(2) is <= numClientBuffers(2). Not signalling any more buffers to client
06-20 11:22:13.011  1265  2358 I vendor.qti.hardware.display.composer-service: FrameNotifyProcess Sensor: notify citsensorservice to trigger cwb
06-20 11:22:13.011  2018  2111 I libcitsensorservice@2.0-impl: msg_transfer
06-20 11:22:13.012  2018  3098 D vendor.xiaomi.sensor.citsensorservice@2.0-service: handle id:9 wxh:1280x2400 uwxuh:1080x2400 size: 9216000 fd:15 fd_meta:16 flags:0x4000228 usage:0x33  format:0x3 layer_count: 1
06-20 11:22:13.013  1265  1887 I SDM     : HWCSession::SetCWBOutputBuffer: CWB config passed by cwb_client : tappoint 1  CWB_ROI : (829.000000 4.000000 915.000000 90.000000)
06-20 11:22:13.015  1265 21234 I SDM     : HWCSession::ProcessRequests: Successfully configured CWB buffer.
06-20 11:22:13.022  1265 21234 I SDM     : HWCSession::ProcessRequests: Pushing release fence in fenece wait queue.
06-20 11:22:13.022  1265 21234 I SDM     : HWCSession::ProcessRequests: Creating AsyncFenceWaits async thread.
06-20 11:22:13.022  1265 21234 I SDM     : HWCSession::ProcessRequests: Remove current CWB request from the pending request queue.
06-20 11:22:13.022  1265 21234 I SDM     : HWCSession::ProcessRequests: No pending cwb requests found in the queue.
06-20 11:22:13.028  1265  1584 I SDM     : HWDeviceDRM::SetupConcurrentWriteback: Tear down the Concurrent Writeback topology
06-20 11:22:13.035  1265 21235 I SDM     : HWCSession::NotifyCWBStatus: Notify the client about buffer status 0.
06-20 11:22:13.036  1265 21235 I SDM     : HWCSession::PerformFenceWaits: Remove current release fence from the pending fence wait queue.
06-20 11:22:13.038  1265 21235 I SDM     : HWCSession::PerformFenceWaits: CWB fence queue is empty. No pending release fence to wait on.
06-20 11:22:13.064 31630 31630 I HandWritingStubImpl: isKeyboardTypeChanged: false
06-20 11:22:13.086 20333 20465 D MemoryCeilingMonitor: [handleMemoryCalculate]
06-20 11:22:13.086 20333 20465 D MemoryCeilingMonitor: [calculate] tot: 6033712, max: 268435456, free: 518336, heap: 5515376, per: 0.020546376705169678
06-20 11:22:13.094 10241 12244 I CCodecBufferChannel: pipelineRoom(1) is <= numClientBuffers(2). Not signalling any more buffers to client
06-20 11:22:13.094 10241 21155 I CCodecBufferChannel: pipelineRoom(1) is <= numClientBuffers(1). Not signalling any more buffers to client
06-20 11:22:13.213 10241 12244 I CCodecBufferChannel: pipelineRoom(2) is <= numClientBuffers(3). Not signalling any more buffers to client
06-20 11:22:13.213 10241 21155 I CCodecBufferChannel: pipelineRoom(2) is <= numClientBuffers(2). Not signalling any more buffers to client
06-20 11:22:13.214 10241 12244 I CCodecBufferChannel: pipelineRoom(3) is <= numClientBuffers(3). Not signalling any more buffers to client
06-20 11:22:13.214 10241 21155 I CCodecBufferChannel: pipelineRoom(3) is <= numClientBuffers(3). Not signalling any more buffers to client
06-20 11:22:13.289  2018  3127 D libsensor-displayalgo: the value of  brightness:438.000000,R:77375716.939127,G:77376143.464170,B:77391269.635761,EVENT_C:6227.000000,EVENT_R:2346.000000,EVENT_G:3204.500000,EVENT_B:1272.500000
06-20 11:22:13.289  2018  3127 I libsensor-displayalgo: the value of  Coef1:1107.681000,Coef4:2.383000, scale1:0.935522, scale4:0.923264
06-20 11:22:13.289  2018  3127 E libsensor-displayalgo: RGB_test_0407_400_oldzy!
06-20 11:22:13.289  2018  3127 I libsensor-displayalgo: the value of  RESULT3118.837702,1232.115395,1511.231984,565.637200
06-20 11:22:13.289  2018  3127 I libsensor-displayalgo: the value of  getChannelDataCalibrated3269.931069,1141.176343,1756.511250,617.354941
06-20 11:22:13.289  2018  3127 I libsensor-displayalgo: the value of  REAL LUX175.932739
06-20 11:22:13.289  2018  3127 I libsensor-displayalgo: the value of  CAL REAL LUX175.932739
06-20 11:22:13.292  2431  2945 I BatteryService: current mPlugType2current mHealthInfo.batteryLevel91current mHealthInfo.batteryTemperature335
06-20 11:22:13.296 20333 20333 D MSF.BeforeInfoSyncCmdCollector: [setCollectCmdBeforeInfoSync] after 20000
06-20 11:22:13.297  5858  7526 D ThermalIECHandler: storeDataStyle: thermal_iec_monitor_persistence_data_style_iec_state; startIECTime: -1; IECScreenOffOverPeriodTime: 518734563
06-20 11:22:13.298  4190  4190 D DynamicService:  ACTION_BATTERY_CHANGED change,USB plug = 2
06-20 11:22:13.299  4145  4145 D QtiCarrierConfigHelper: WARNING, no carrier configs on phone Id: 1
06-20 11:22:13.301  5858  6736 D PowerKeeper.FrozenApp: onBatteryChanged plug=true mBatteryPlugged=2
06-20 11:22:13.302  5858  7667 D PowerKeeper.Thermal: mBatteryTemperature: 33
06-20 11:22:13.303  5858  7218 D PowerCheckerService: onBatteryChanged, mBatteryLevel = 91, status = 2, level = 91, plug = 2, scale = 100
06-20 11:22:13.304  2431  2647 I android_os_HwBinder: HwBinder: Starting thread pool for getting: vendor.xiaomi.hardware.micharge@1.0::IMiCharge/default
06-20 11:22:13.305  5735  5735 I BatteryInfoReceiver: ACTION_BATTERY_CHANGED
06-20 11:22:13.305  1322 19976 E vendor.xiaomi.hardware.micharge@1.0-service: Failed to open node /sys/class/qcom-battery/reverse_chg_mode
06-20 11:22:13.305  1322 19976 I vendor.xiaomi.hardware.micharge@1.0-service: ReadFilePathValue path = /sys/class/qcom-battery/reverse_chg_mode value =
06-20 11:22:13.306  5735  5735 I PowerNoticeUI: handleBatteryChanged oldPlugType 2 mPlugType 2 oldBatteryLevel 91 mBatteryLevel 91 temperature 335
06-20 11:22:13.309  4176  4176 V DeviceStatisticsService: chargerType=2 batteryLevel=91 totalBatteryCapacity=4121900
06-20 11:22:13.309  4176  4176 D DeviceInfoHidlClient: isRadioOn()=true
06-20 11:22:13.309  4176  4176 I DeviceInfoHidlClient: isPowerInfoNeverSent=false batteryLevel=91 batteryLevelIndex=6 chargingMode=2 totalCapacity=4121900 powerSaveMode=false
06-20 11:22:13.309  5735  8719 I android_os_HwBinder: HwBinder: Starting thread pool for getting: vendor.xiaomi.hardware.micharge@1.0::IMiCharge/default
06-20 11:22:13.310  1322 19976 I vendor.xiaomi.hardware.micharge@1.0-service: ReadFilePathValue path = /sys/class/qcom-battery/night_charging value = 0
06-20 11:22:13.312  5735  8719 I ChargeProtectionUtils: getNightChargingState: 0
06-20 11:22:13.314  2431  2647 I android_os_HwBinder: HwBinder: Starting thread pool for getting: vendor.xiaomi.hardware.micharge@1.0::IMiCharge/default
06-20 11:22:13.315  1322 19976 I vendor.xiaomi.hardware.micharge@1.0-service: ReadFilePathValue path = /sys/class/qcom-battery/fastchg_mode value = 0
06-20 11:22:13.318  1265  2358 I vendor.qti.hardware.display.composer-service: FrameNotifyProcess Sensor: notify citsensorservice to trigger cwb
06-20 11:22:13.319  2018  2111 I libcitsensorservice@2.0-impl: msg_transfer
06-20 11:22:13.319  2018  3098 D vendor.xiaomi.sensor.citsensorservice@2.0-service: handle id:9 wxh:1280x2400 uwxuh:1080x2400 size: 9216000 fd:15 fd_meta:16 flags:0x4000228 usage:0x33  format:0x3 layer_count: 1
06-20 11:22:13.319  1265  1887 I SDM     : HWCSession::SetCWBOutputBuffer: CWB config passed by cwb_client : tappoint 1  CWB_ROI : (829.000000 4.000000 915.000000 90.000000)
06-20 11:22:13.320  1265 21237 I SDM     : HWCSession::ProcessRequests: Successfully configured CWB buffer.
06-20 11:22:13.321 10241 12244 I CCodecBufferChannel: pipelineRoom(2) is <= numClientBuffers(3). Not signalling any more buffers to client
06-20 11:22:13.322 10241 21155 I CCodecBufferChannel: pipelineRoom(2) is <= numClientBuffers(2). Not signalling any more buffers to client
06-20 11:22:13.325  1265  2358 I vendor.qti.hardware.display.composer-service: FrameNotifyProcess Sensor: notify citsensorservice to trigger cwb
06-20 11:22:13.326  2018  2111 I libcitsensorservice@2.0-impl: msg_transfer
06-20 11:22:13.329  1265 21237 I SDM     : HWCSession::ProcessRequests: Pushing release fence in fenece wait queue.
06-20 11:22:13.329  1265 21237 I SDM     : HWCSession::ProcessRequests: Creating AsyncFenceWaits async thread.
06-20 11:22:13.329  1265 21237 I SDM     : HWCSession::ProcessRequests: Remove current CWB request from the pending request queue.
06-20 11:22:13.329  1265 21237 I SDM     : HWCSession::ProcessRequests: No pending cwb requests found in the queue.
06-20 11:22:13.330  2431  2939 D MIUIInput: [MotionEvent] notifyMotion - eventTime=371322557647000, deviceId=8, source=0x1002, policyFlags=0x0, action=0x0, flags=0x0, downTime=371322557647000, moveCount:0
06-20 11:22:13.331  2431  2938 D MIUIInput: [MotionEvent] publisher action=0x4, 371322557, channel '7c87e50 NavigationBar0 (server)'
06-20 11:22:13.331  2431  2938 D MIUIInput: [MotionEvent] publisher action=0x0, 371322557, channel 'ac4ec2b cn.missevan/cn.missevan.activity.MainActivity (server)'
06-20 11:22:13.332 10027 10027 D MIUIInput: [MotionEvent] ViewRootImpl windowName 'cn.missevan/cn.missevan.activity.MainActivity', { action=ACTION_DOWN, id[0]=0, pointerCount=1, eventTime=371322557, downTime=371322557, phoneEventTime=11:22:13.330 } moveCount:0
06-20 11:22:13.332  1265  1584 I SDM     : HWDeviceDRM::SetupConcurrentWriteback: Tear down the Concurrent Writeback topology
06-20 11:22:13.339  1265 21239 I SDM     : HWCSession::NotifyCWBStatus: Notify the client about buffer status 0.
06-20 11:22:13.340  1265 21239 I SDM     : HWCSession::PerformFenceWaits: Remove current release fence from the pending fence wait queue.
06-20 11:22:13.340  1265 21239 I SDM     : HWCSession::PerformFenceWaits: CWB fence queue is empty. No pending release fence to wait on.
06-20 11:22:13.363  2431  2939 D MIUIInput: [MotionEvent] notifyMotion - eventTime=371322590431000, deviceId=8, source=0x1002, policyFlags=0x0, action=0x1, flags=0x0, downTime=371322557647000, moveCount:0
06-20 11:22:13.363  2431  2938 D MIUIInput: [MotionEvent] publisher action=0x1, 371322590, channel 'ac4ec2b cn.missevan/cn.missevan.activity.MainActivity (server)'
06-20 11:22:13.365 10027 10027 D MIUIInput: [MotionEvent] ViewRootImpl windowName 'cn.missevan/cn.missevan.activity.MainActivity', { action=ACTION_UP, id[0]=0, pointerCount=1, eventTime=371322590, downTime=371322557, phoneEventTime=11:22:13.363 } moveCount:0
06-20 11:22:13.366 10027 10027 E cn.missevan: No package ID ff found for ID 0xffffffff.
06-20 11:22:13.428  4233  4233 D MiPlayDetailViewModel: onPositionChange(): position = 6992
06-20 11:22:13.428  5809 21159 I SafeBinderCall: onPositionChange binder cost:0
06-20 11:22:13.451 10241 12244 I CCodecBufferChannel: pipelineRoom(2) is <= numClientBuffers(3). Not signalling any more buffers to client
06-20 11:22:13.451 10241 21155 I CCodecBufferChannel: pipelineRoom(2) is <= numClientBuffers(2). Not signalling any more buffers to client
06-20 11:22:13.454 10241 12244 I CCodecBufferChannel: pipelineRoom(2) is <= numClientBuffers(3). Not signalling any more buffers to client
06-20 11:22:13.455 10241 21155 I CCodecBufferChannel: pipelineRoom(2) is <= numClientBuffers(2). Not signalling any more buffers to client
06-20 11:22:13.589  2018  3127 D libsensor-displayalgo: the value of  brightness:438.000000,R:77375716.939127,G:77376143.464170,B:77391269.635761,EVENT_C:6126.500000,EVENT_R:2302.000000,EVENT_G:3158.500000,EVENT_B:1252.000000
06-20 11:22:13.589  2018  3127 I libsensor-displayalgo: the value of  Coef1:1107.681000,Coef4:2.383000, scale1:0.935522, scale4:0.923264
06-20 11:22:13.589  2018  3127 E libsensor-displayalgo: RGB_test_0407_400_oldzy!
06-20 11:22:13.589  2018  3127 I libsensor-displayalgo: the value of  RESULT3118.837702,1232.115395,1511.231984,565.637200
06-20 11:22:13.589  2018  3127 I libsensor-displayalgo: the value of  getChannelDataCalibrated3269.931069,1141.176343,1756.511250,617.354941
06-20 11:22:13.589  2018  3127 I libsensor-displayalgo: the value of  REAL LUX170.071167
06-20 11:22:13.589  2018  3127 I libsensor-displayalgo: the value of  CAL REAL LUX170.071167
06-20 11:22:13.606 31630 31630 I HandWritingStubImpl: isKeyboardTypeChanged: false
06-20 11:22:13.650 10241 12244 I CCodecBufferChannel: pipelineRoom(1) is <= numClientBuffers(2). Not signalling any more buffers to client
06-20 11:22:13.651 10241 21155 I CCodecBufferChannel: pipelineRoom(1) is <= numClientBuffers(1). Not signalling any more buffers to client
06-20 11:22:13.652 10241 21155 I CCodecBufferChannel: pipelineRoom(2) is <= numClientBuffers(2). Not signalling any more buffers to client
06-20 11:22:13.652 10241 12244 I CCodecBufferChannel: pipelineRoom(2) is <= numClientBuffers(2). Not signalling any more buffers to client
06-20 11:22:13.746  1265  2358 I vendor.qti.hardware.display.composer-service: FrameNotifyProcess Sensor: notify citsensorservice to trigger cwb
06-20 11:22:13.746  2018  2111 I libcitsensorservice@2.0-impl: msg_transfer
06-20 11:22:13.747  2018  3098 D vendor.xiaomi.sensor.citsensorservice@2.0-service: handle id:9 wxh:1280x2400 uwxuh:1080x2400 size: 9216000 fd:15 fd_meta:16 flags:0x4000228 usage:0x33  format:0x3 layer_count: 1
06-20 11:22:13.747  1265  1887 I SDM     : HWCSession::SetCWBOutputBuffer: CWB config passed by cwb_client : tappoint 1  CWB_ROI : (829.000000 4.000000 915.000000 90.000000)
06-20 11:22:13.750  1265 21240 I SDM     : HWCSession::ProcessRequests: Successfully configured CWB buffer.
06-20 11:22:13.761  1265  2358 I vendor.qti.hardware.display.composer-service: FrameNotifyProcess Sensor: notify citsensorservice to trigger cwb
06-20 11:22:13.761  2018  2111 I libcitsensorservice@2.0-impl: msg_transfer
06-20 11:22:13.763  1265 21240 I SDM     : HWCSession::ProcessRequests: Pushing release fence in fenece wait queue.
06-20 11:22:13.763  1265 21240 I SDM     : HWCSession::ProcessRequests: Creating AsyncFenceWaits async thread.
06-20 11:22:13.763  1265 21240 I SDM     : HWCSession::ProcessRequests: Remove current CWB request from the pending request queue.
06-20 11:22:13.764  1265 21240 I SDM     : HWCSession::ProcessRequests: No pending cwb requests found in the queue.
06-20 11:22:13.769  1265  1584 I SDM     : HWDeviceDRM::SetupConcurrentWriteback: Tear down the Concurrent Writeback topology
06-20 11:22:13.771 10241 12244 I CCodecBufferChannel: pipelineRoom(2) is <= numClientBuffers(3). Not signalling any more buffers to client
06-20 11:22:13.771 10241 21155 I CCodecBufferChannel: pipelineRoom(2) is <= numClientBuffers(2). Not signalling any more buffers to client
06-20 11:22:13.774 10241 12244 I CCodecBufferChannel: pipelineRoom(2) is <= numClientBuffers(3). Not signalling any more buffers to client
06-20 11:22:13.775 10241 21155 I CCodecBufferChannel: pipelineRoom(2) is <= numClientBuffers(2). Not signalling any more buffers to client
06-20 11:22:13.776  1265 21243 I SDM     : HWCSession::NotifyCWBStatus: Notify the client about buffer status 0.
06-20 11:22:13.776  1265 21243 I SDM     : HWCSession::PerformFenceWaits: Remove current release fence from the pending fence wait queue.
06-20 11:22:13.776  1265 21243 I SDM     : HWCSession::PerformFenceWaits: CWB fence queue is empty. No pending release fence to wait on.
06-20 11:22:13.786 20333 20487 D MSF.C.NetConnTag.true: preDetectTimeoutMsg cmd:PjEgN3QpND8yMzE6PnYgND4xMTo5PWspPCB+Mz8s, ssoSeq:26269
06-20 11:22:13.786 20333 20511 D MSF.C.NetConnTag.true: msf can not get ssid
06-20 11:22:13.787 20333 20511 D MSF.C.NetConnTag.true: msf can not get ssid
06-20 11:22:13.787 20333 20511 D MSF.C.NetConnTag.true: encodeRequest cmd: Heartbeat.Alive, with version = 11, AppId = 537142041
06-20 11:22:13.787 20333 20511 D MSF.C.NetConnTag.true: pa ok: 26407
06-20 11:22:13.787 20333 20511 D MSF.C.NetConnTag.DualConnContext.true: tryDualConn
06-20 11:22:13.788 20333 20511 D MSF.C.NetConnTag.true: netSend ssoSeq:26407 uin:*7991 cmd:AiYxJi46IDs+bRE4My4g 26498 580078b socketEngineID: 0 socket: 92276619
06-20 11:22:13.812 20333 20555 D MSF.C.NetConnTag.true: netRecv ssoSeq:26407 uin:*7991 cmd:AiYxJi46IDs+bRE4My4g 26491 cross:0 socketEngineID: 0 socket: 92276619
06-20 11:22:13.813 20333 20555 E SocketRttMonitorReport: [statistics] ssoRout error, value = -1
06-20 11:22:13.889  2018  3127 D libsensor-displayalgo: the value of  brightness:438.000000,R:77375716.939127,G:77376143.464170,B:77391269.635761,EVENT_C:6483.000000,EVENT_R:2441.000000,EVENT_G:3335.000000,EVENT_B:1330.000000
06-20 11:22:13.890  2018  3127 I libsensor-displayalgo: the value of  Coef1:1107.681000,Coef4:2.383000, scale1:0.935522, scale4:0.923264
06-20 11:22:13.890  2018  3127 E libsensor-displayalgo: RGB_test_0407_400_oldzy!
06-20 11:22:13.890  2018  3127 I libsensor-displayalgo: the value of  RESULT3118.837702,1232.115395,1511.231984,565.637200
06-20 11:22:13.890  2018  3127 I libsensor-displayalgo: the value of  getChannelDataCalibrated3269.931069,1141.176343,1756.511250,617.354941
06-20 11:22:13.890  2018  3127 I libsensor-displayalgo: the value of  REAL LUX191.684875
06-20 11:22:13.890  2018  3127 I libsensor-displayalgo: the value of  CAL REAL LUX191.684875
06-20 11:22:13.894 10241 12244 I CCodecBufferChannel: pipelineRoom(2) is <= numClientBuffers(3). Not signalling any more buffers to client
06-20 11:22:13.894 10241 21155 I CCodecBufferChannel: pipelineRoom(2) is <= numClientBuffers(2). Not signalling any more buffers to client
06-20 11:22:14.005 10241 12244 I CCodecBufferChannel: pipelineRoom(2) is <= numClientBuffers(3). Not signalling any more buffers to client
06-20 11:22:14.005 10241 21155 I CCodecBufferChannel: pipelineRoom(2) is <= numClientBuffers(2). Not signalling any more buffers to client
06-20 11:22:14.007 10241 12244 I CCodecBufferChannel: pipelineRoom(2) is <= numClientBuffers(3). Not signalling any more buffers to client
06-20 11:22:14.008  2431  2939 D MIUIInput: [MotionEvent] notifyMotion - eventTime=371323235015000, deviceId=8, source=0x1002, policyFlags=0x0, action=0x0, flags=0x0, downTime=371323235015000, moveCount:0
06-20 11:22:14.008 10241 21155 I CCodecBufferChannel: pipelineRoom(2) is <= numClientBuffers(2). Not signalling any more buffers to client
06-20 11:22:14.009  2431  2938 D MIUIInput: [MotionEvent] publisher action=0x4, 371323235, channel '7c87e50 NavigationBar0 (server)'
06-20 11:22:14.009  2431  2938 D MIUIInput: [MotionEvent] publisher action=0x0, 371323235, channel 'ac4ec2b cn.missevan/cn.missevan.activity.MainActivity (server)'
06-20 11:22:14.011 10027 10027 D MIUIInput: [MotionEvent] ViewRootImpl windowName 'cn.missevan/cn.missevan.activity.MainActivity', { action=ACTION_DOWN, id[0]=0, pointerCount=1, eventTime=371323235, downTime=371323235, phoneEventTime=11:22:14.008 } moveCount:0
06-20 11:22:14.049  2431  2939 D MIUIInput: [MotionEvent] notifyMotion - eventTime=371323275768000, deviceId=8, source=0x1002, policyFlags=0x0, action=0x1, flags=0x0, downTime=371323235015000, moveCount:0
06-20 11:22:14.049  2431  2938 D MIUIInput: [MotionEvent] publisher action=0x1, 371323275, channel 'ac4ec2b cn.missevan/cn.missevan.activity.MainActivity (server)'
06-20 11:22:14.051 10027 10027 D MIUIInput: [MotionEvent] ViewRootImpl windowName 'cn.missevan/cn.missevan.activity.MainActivity', { action=ACTION_UP, id[0]=0, pointerCount=1, eventTime=371323275, downTime=371323235, phoneEventTime=11:22:14.048 } moveCount:0
06-20 11:22:14.052 10027 10027 E cn.missevan: No package ID ff found for ID 0xffffffff.
06-20 11:22:14.063 10027 10027 D IS_CTS_MODE: true
06-20 11:22:14.063 10027 10027 D MULTI_WINDOW_SWITCH_ENABLED: false
06-20 11:22:14.073  1265  2358 I vendor.qti.hardware.display.composer-service: FrameNotifyProcess Sensor: notify citsensorservice to trigger cwb
06-20 11:22:14.074  2018  7182 I libcitsensorservice@2.0-impl: msg_transfer
06-20 11:22:14.076  2018  3098 D vendor.xiaomi.sensor.citsensorservice@2.0-service: handle id:9 wxh:1280x2400 uwxuh:1080x2400 size: 9216000 fd:15 fd_meta:16 flags:0x4000228 usage:0x33  format:0x3 layer_count: 1
06-20 11:22:14.077  1265  1887 I SDM     : HWCSession::SetCWBOutputBuffer: CWB config passed by cwb_client : tappoint 1  CWB_ROI : (829.000000 4.000000 915.000000 90.000000)
06-20 11:22:14.078  1265 21245 I SDM     : HWCSession::ProcessRequests: Successfully configured CWB buffer.
06-20 11:22:14.082  1265 21245 I SDM     : HWCSession::ProcessRequests: Pushing release fence in fenece wait queue.
06-20 11:22:14.082  1265 21245 I SDM     : HWCSession::ProcessRequests: Creating AsyncFenceWaits async thread.
06-20 11:22:14.082  1265 21245 I SDM     : HWCSession::ProcessRequests: Remove current CWB request from the pending request queue.
06-20 11:22:14.083  1265 21245 I SDM     : HWCSession::ProcessRequests: No pending cwb requests found in the queue.
06-20 11:22:14.090  1265  1584 I SDM     : HWDeviceDRM::SetupConcurrentWriteback: Tear down the Concurrent Writeback topology
06-20 11:22:14.096  1265 21246 I SDM     : HWCSession::NotifyCWBStatus: Notify the client about buffer status 0.
06-20 11:22:14.097  1265 21246 I SDM     : HWCSession::PerformFenceWaits: Remove current release fence from the pending fence wait queue.
06-20 11:22:14.097  1265 21246 I SDM     : HWCSession::PerformFenceWaits: CWB fence queue is empty. No pending release fence to wait on.
06-20 11:22:14.115  2431  2893 I WindowManagerService: Physical orientation applied, rotation=0 sfOrientation=ORIENTATION_0
06-20 11:22:14.136  2431  2893 I WindowManagerService: Physical orientation applied, rotation=0 sfOrientation=ORIENTATION_0
06-20 11:22:14.139 10027 10027 D DecorView[MainActivity]: onWindowFocusChanged hasWindowFocus false
06-20 11:22:14.142 31630 31630 I HandWritingStubImpl: isKeyboardTypeChanged: false
06-20 11:22:14.143 10027 10027 D DecorView[]: onWindowFocusChanged hasWindowFocus true
06-20 11:22:14.188 10241 12238 D CCodecBufferChannel: [c2.android.aac.decoder#164] DEBUG: elapsed: n=6 [in=0 pipeline=0 out=2]
06-20 11:22:14.189  2018  3127 D libsensor-displayalgo: the value of  brightness:438.000000,R:77375716.939127,G:77376143.464170,B:77391269.635761,EVENT_C:6523.000000,EVENT_R:2453.500000,EVENT_G:3355.500000,EVENT_B:1342.000000
06-20 11:22:14.189  2018  3127 I libsensor-displayalgo: the value of  Coef1:1107.681000,Coef4:2.383000, scale1:0.935522, scale4:0.923264
06-20 11:22:14.189  2018  3127 E libsensor-displayalgo: RGB_test_0407_400_oldzy!
06-20 11:22:14.190 10241 12238 D PipelineWatcher: DEBUG: elapsed 2 / 6
06-20 11:22:14.191  2018  3127 I libsensor-displayalgo: the value of  RESULT3118.837702,1232.115395,1511.231984,565.637200
06-20 11:22:14.191  2018  3127 I libsensor-displayalgo: the value of  getChannelDataCalibrated3269.931069,1141.176343,1756.511250,617.354941
06-20 11:22:14.191  2018  3127 I libsensor-displayalgo: the value of  REAL LUX193.994537
06-20 11:22:14.191  2018  3127 I libsensor-displayalgo: the value of  CAL REAL LUX193.994537
06-20 11:22:14.211 10241 12244 I CCodecBufferChannel: pipelineRoom(2) is <= numClientBuffers(2). Not signalling any more buffers to client
06-20 11:22:14.324 10241 12244 I CCodecBufferChannel: pipelineRoom(2) is <= numClientBuffers(3). Not signalling any more buffers to client
06-20 11:22:14.325 10241 21155 I CCodecBufferChannel: pipelineRoom(2) is <= numClientBuffers(2). Not signalling any more buffers to client
06-20 11:22:14.377  1265  2358 I vendor.qti.hardware.display.composer-service: FrameNotifyProcess Sensor: notify citsensorservice to trigger cwb
06-20 11:22:14.378  2018  2111 I libcitsensorservice@2.0-impl: msg_transfer
06-20 11:22:14.378  2018  3098 D vendor.xiaomi.sensor.citsensorservice@2.0-service: handle id:9 wxh:1280x2400 uwxuh:1080x2400 size: 9216000 fd:15 fd_meta:16 flags:0x4000228 usage:0x33  format:0x3 layer_count: 1
06-20 11:22:14.378  1265  1887 I SDM     : HWCSession::SetCWBOutputBuffer: CWB config passed by cwb_client : tappoint 1  CWB_ROI : (829.000000 4.000000 915.000000 90.000000)
06-20 11:22:14.380  1265 21248 I SDM     : HWCSession::ProcessRequests: Successfully configured CWB buffer.
06-20 11:22:14.388  1265 21248 I SDM     : HWCSession::ProcessRequests: Pushing release fence in fenece wait queue.
06-20 11:22:14.388  1265 21248 I SDM     : HWCSession::ProcessRequests: Creating AsyncFenceWaits async thread.
06-20 11:22:14.389  1265 21248 I SDM     : HWCSession::ProcessRequests: Remove current CWB request from the pending request queue.
06-20 11:22:14.390  1265 21248 I SDM     : HWCSession::ProcessRequests: No pending cwb requests found in the queue.
06-20 11:22:14.394  1265  1584 I SDM     : HWDeviceDRM::SetupConcurrentWriteback: Tear down the Concurrent Writeback topology
06-20 11:22:14.400  1265 21249 I SDM     : HWCSession::NotifyCWBStatus: Notify the client about buffer status 0.
06-20 11:22:14.401  1265 21249 I SDM     : HWCSession::PerformFenceWaits: Remove current release fence from the pending fence wait queue.
06-20 11:22:14.401  1265 21249 I SDM     : HWCSession::PerformFenceWaits: CWB fence queue is empty. No pending release fence to wait on.
06-20 11:22:14.429  4233  4233 D MiPlayDetailViewModel: onPositionChange(): position = 7992
06-20 11:22:14.429  5809 21159 I SafeBinderCall: onPositionChange binder cost:1
06-20 11:22:14.449 10241 12244 I CCodecBufferChannel: pipelineRoom(2) is <= numClientBuffers(3). Not signalling any more buffers to client
06-20 11:22:14.449 10241 21155 I CCodecBufferChannel: pipelineRoom(2) is <= numClientBuffers(2). Not signalling any more buffers to client
06-20 11:22:14.489  2018  3127 D libsensor-displayalgo: the value of  brightness:438.000000,R:16911955.673378,G:16885079.376938,B:17058663.400509,EVENT_C:4522.500000,EVENT_R:1775.000000,EVENT_G:2276.500000,EVENT_B:930.000000
06-20 11:22:14.489  2018  3127 I libsensor-displayalgo: the value of  Coef1:1107.681000,Coef4:2.383000, scale1:0.935522, scale4:0.923264
06-20 11:22:14.489  2018  3127 E libsensor-displayalgo: RGB_test_0407_400_oldzy!
06-20 11:22:14.489  2018  3127 I libsensor-displayalgo: the value of  RESULT1102.508607,426.835687,562.317029,190.675062
06-20 11:22:14.490  2018  3127 I libsensor-displayalgo: the value of  getChannelDataCalibrated1155.920087,395.332118,653.583433,208.108999
06-20 11:22:14.490  2018  3127 I libsensor-displayalgo: the value of  REAL LUX200.778961
06-20 11:22:14.490  2018  3127 I libsensor-displayalgo: the value of  CAL REAL LUX200.778961
06-20 11:22:14.538 10241 12244 I CCodecBufferChannel: pipelineRoom(2) is <= numClientBuffers(2). Not signalling any more buffers to client
06-20 11:22:14.542 10241 12244 I CCodecBufferChannel: pipelineRoom(1) is <= numClientBuffers(2). Not signalling any more buffers to client
06-20 11:22:14.543 10241 21155 I CCodecBufferChannel: pipelineRoom(1) is <= numClientBuffers(1). Not signalling any more buffers to client
06-20 11:22:14.648 10241 12244 I CCodecBufferChannel: pipelineRoom(1) is <= numClientBuffers(2). Not signalling any more buffers to client
06-20 11:22:14.651 10241 21155 I CCodecBufferChannel: pipelineRoom(1) is <= numClientBuffers(1). Not signalling any more buffers to client
06-20 11:22:14.652 10241 12244 I CCodecBufferChannel: pipelineRoom(1) is <= numClientBuffers(1). Not signalling any more buffers to client
06-20 11:22:14.659  2431  2939 D MIUIInput: [MotionEvent] notifyMotion - eventTime=371323886346000, deviceId=8, source=0x1002, policyFlags=0x0, action=0x0, flags=0x0, downTime=371323886346000, moveCount:0
06-20 11:22:14.660  2431  2938 D MIUIInput: [MotionEvent] publisher action=0x4, 371323886, channel '7c87e50 NavigationBar0 (server)'
06-20 11:22:14.660  2431  2938 D MIUIInput: [MotionEvent] publisher action=0x0, 371323886, channel '5620d0a cn.missevan/cn.missevan.activity.MainActivity (server)'
06-20 11:22:14.662 10027 10027 D MIUIInput: [MotionEvent] ViewRootImpl windowName 'cn.missevan/cn.missevan.activity.MainActivity', { action=ACTION_DOWN, id[0]=0, pointerCount=1, eventTime=371323886, downTime=371323886, phoneEventTime=11:22:14.659 } moveCount:0
06-20 11:22:14.667 31630 31630 I HandWritingStubImpl: isKeyboardTypeChanged: false
06-20 11:22:14.682  1265  2358 I vendor.qti.hardware.display.composer-service: FrameNotifyProcess Sensor: notify citsensorservice to trigger cwb
06-20 11:22:14.684  2018  2018 I libcitsensorservice@2.0-impl: msg_transfer
06-20 11:22:14.685  2018  3098 D vendor.xiaomi.sensor.citsensorservice@2.0-service: handle id:9 wxh:1280x2400 uwxuh:1080x2400 size: 9216000 fd:15 fd_meta:16 flags:0x4000228 usage:0x33  format:0x3 layer_count: 1
06-20 11:22:14.686  1265  1887 I SDM     : HWCSession::SetCWBOutputBuffer: CWB config passed by cwb_client : tappoint 1  CWB_ROI : (829.000000 4.000000 915.000000 90.000000)
06-20 11:22:14.687  1265 21250 I SDM     : HWCSession::ProcessRequests: Successfully configured CWB buffer.
06-20 11:22:14.692  1265 21250 I SDM     : HWCSession::ProcessRequests: Pushing release fence in fenece wait queue.
06-20 11:22:14.692  1265 21250 I SDM     : HWCSession::ProcessRequests: Creating AsyncFenceWaits async thread.
06-20 11:22:14.693  1265 21250 I SDM     : HWCSession::ProcessRequests: Remove current CWB request from the pending request queue.
06-20 11:22:14.694  1265 21250 I SDM     : HWCSession::ProcessRequests: No pending cwb requests found in the queue.
06-20 11:22:14.698  1265  1584 I SDM     : HWDeviceDRM::SetupConcurrentWriteback: Tear down the Concurrent Writeback topology
06-20 11:22:14.700  2431  2939 D MIUIInput: [MotionEvent] notifyMotion - eventTime=371323927605000, deviceId=8, source=0x1002, policyFlags=0x0, action=0x1, flags=0x0, downTime=371323886346000, moveCount:0
06-20 11:22:14.701  2431  2938 D MIUIInput: [MotionEvent] publisher action=0x1, 371323927, channel '5620d0a cn.missevan/cn.missevan.activity.MainActivity (server)'
06-20 11:22:14.701 10027 10027 D MIUIInput: [MotionEvent] ViewRootImpl windowName 'cn.missevan/cn.missevan.activity.MainActivity', { action=ACTION_UP, id[0]=0, pointerCount=1, eventTime=371323927, downTime=371323886, phoneEventTime=11:22:14.700 } moveCount:0
06-20 11:22:14.705  1265 21251 I SDM     : HWCSession::NotifyCWBStatus: Notify the client about buffer status 0.
06-20 11:22:14.705  1265 21251 I SDM     : HWCSession::PerformFenceWaits: Remove current release fence from the pending fence wait queue.
06-20 11:22:14.705  1265 21251 I SDM     : HWCSession::PerformFenceWaits: CWB fence queue is empty. No pending release fence to wait on.
06-20 11:22:14.707  2431  4792 W InputManager-JNI: Input channel object '5620d0a cn.missevan/cn.missevan.activity.MainActivity (client)' was disposed without first being removed with the input manager!
06-20 11:22:14.741 10027 10027 D DecorView[MainActivity]: onWindowFocusChanged hasWindowFocus true
06-20 11:22:14.742 10027 10027 I HandWritingStubImpl: refreshLastKeyboardType: 1
06-20 11:22:14.742 10027 10027 I HandWritingStubImpl: getCurrentKeyboardType: 1
06-20 11:22:14.746 13581 13581 E BaseInputMethodService: onFinishInput
06-20 11:22:14.747 13581 13581 E BaseInputMethodService: onStartInput
06-20 11:22:14.750 10027 10027 I HandWritingStubImpl: isKeyboardTypeChanged: false
06-20 11:22:14.763 10241 12244 I CCodecBufferChannel: pipelineRoom(2) is <= numClientBuffers(3). Not signalling any more buffers to client
06-20 11:22:14.763 10241 21155 I CCodecBufferChannel: pipelineRoom(2) is <= numClientBuffers(2). Not signalling any more buffers to client
06-20 11:22:14.767 10241 12244 I CCodecBufferChannel: pipelineRoom(2) is <= numClientBuffers(3). Not signalling any more buffers to client
06-20 11:22:14.768 10241 21155 I CCodecBufferChannel: pipelineRoom(2) is <= numClientBuffers(2). Not signalling any more buffers to client
06-20 11:22:14.789  2018  3127 D libsensor-displayalgo: the value of  brightness:438.000000,R:16911955.673378,G:16885079.376938,B:17058663.400509,EVENT_C:4566.000000,EVENT_R:1789.000000,EVENT_G:2301.000000,EVENT_B:938.500000
06-20 11:22:14.789  2018  3127 I libsensor-displayalgo: the value of  Coef1:1107.681000,Coef4:2.383000, scale1:0.935522, scale4:0.923264
06-20 11:22:14.789  2018  3127 E libsensor-displayalgo: RGB_test_0407_400_oldzy!
06-20 11:22:14.789  2018  3127 I libsensor-displayalgo: the value of  RESULT1102.508607,426.835687,562.317029,190.675062
06-20 11:22:14.789  2018  3127 I libsensor-displayalgo: the value of  getChannelDataCalibrated1155.920087,395.332118,653.583433,208.108999
06-20 11:22:14.789  2018  3127 I libsensor-displayalgo: the value of  REAL LUX203.745377
06-20 11:22:14.790  2018  3127 I libsensor-displayalgo: the value of  CAL REAL LUX203.745377
06-20 11:22:14.890 10241 12244 I CCodecBufferChannel: pipelineRoom(2) is <= numClientBuffers(3). Not signalling any more buffers to client
06-20 11:22:14.890 10241 21155 I CCodecBufferChannel: pipelineRoom(2) is <= numClientBuffers(2). Not signalling any more buffers to client
06-20 11:22:14.971 10241 12244 I CCodecBufferChannel: pipelineRoom(2) is <= numClientBuffers(3). Not signalling any more buffers to client
06-20 11:22:14.972 10241 21155 I CCodecBufferChannel: pipelineRoom(2) is <= numClientBuffers(2). Not signalling any more buffers to client
06-20 11:22:14.986  1265  2358 I vendor.qti.hardware.display.composer-service: FrameNotifyProcess Sensor: notify citsensorservice to trigger cwb
06-20 11:22:14.986  2018  2018 I libcitsensorservice@2.0-impl: msg_transfer
06-20 11:22:14.987  2018  3098 D vendor.xiaomi.sensor.citsensorservice@2.0-service: handle id:9 wxh:1280x2400 uwxuh:1080x2400 size: 9216000 fd:15 fd_meta:16 flags:0x4000228 usage:0x33  format:0x3 layer_count: 1
06-20 11:22:14.988  1265  1887 I SDM     : HWCSession::SetCWBOutputBuffer: CWB config passed by cwb_client : tappoint 1  CWB_ROI : (829.000000 4.000000 915.000000 90.000000)
06-20 11:22:14.988  2431  2939 D MIUIInput: [MotionEvent] notifyMotion - eventTime=371324215112000, deviceId=8, source=0x1002, policyFlags=0x0, action=0x0, flags=0x0, downTime=371324215112000, moveCount:0
06-20 11:22:14.989  2431  2938 D MIUIInput: [MotionEvent] publisher action=0x4, 371324215, channel '7c87e50 NavigationBar0 (server)'
06-20 11:22:14.989  1265 21252 I SDM     : HWCSession::ProcessRequests: Successfully configured CWB buffer.
06-20 11:22:14.989  2431  2938 D MIUIInput: [MotionEvent] publisher action=0x0, 371324215, channel 'ac4ec2b cn.missevan/cn.missevan.activity.MainActivity (server)'
06-20 11:22:14.990 10027 10027 D MIUIInput: [MotionEvent] ViewRootImpl windowName 'cn.missevan/cn.missevan.activity.MainActivity', { action=ACTION_DOWN, id[0]=0, pointerCount=1, eventTime=371324215, downTime=371324215, phoneEventTime=11:22:14.987 } moveCount:0
06-20 11:22:14.999  1265 21252 I SDM     : HWCSession::ProcessRequests: Pushing release fence in fenece wait queue.
06-20 11:22:14.999  1265 21252 I SDM     : HWCSession::ProcessRequests: Creating AsyncFenceWaits async thread.
06-20 11:22:15.000  1265 21252 I SDM     : HWCSession::ProcessRequests: Remove current CWB request from the pending request queue.
06-20 11:22:15.001  1265 21252 I SDM     : HWCSession::ProcessRequests: No pending cwb requests found in the queue.
06-20 11:22:15.003  1265  1584 I SDM     : HWDeviceDRM::SetupConcurrentWriteback: Tear down the Concurrent Writeback topology
06-20 11:22:15.009  1265 21253 I SDM     : HWCSession::NotifyCWBStatus: Notify the client about buffer status 0.
06-20 11:22:15.010  1265 21253 I SDM     : HWCSession::PerformFenceWaits: Remove current release fence from the pending fence wait queue.
06-20 11:22:15.010  1265 21253 I SDM     : HWCSession::PerformFenceWaits: CWB fence queue is empty. No pending release fence to wait on.
06-20 11:22:15.083  2431  2939 D MIUIInput: [MotionEvent] notifyMotion - eventTime=371324310231000, deviceId=8, source=0x1002, policyFlags=0x0, action=0x1, flags=0x0, downTime=371324215112000, moveCount:0
06-20 11:22:15.084  2431  2938 D MIUIInput: [MotionEvent] publisher action=0x1, 371324310, channel 'ac4ec2b cn.missevan/cn.missevan.activity.MainActivity (server)'
06-20 11:22:15.086 10027 10027 D MIUIInput: [MotionEvent] ViewRootImpl windowName 'cn.missevan/cn.missevan.activity.MainActivity', { action=ACTION_UP, id[0]=0, pointerCount=1, eventTime=371324310, downTime=371324215, phoneEventTime=11:22:15.083 } moveCount:0
06-20 11:22:15.088 10027 10027 E cn.missevan: No package ID ff found for ID 0xffffffff.
06-20 11:22:15.089 10241 12244 I CCodecBufferChannel: pipelineRoom(2) is <= numClientBuffers(3). Not signalling any more buffers to client
06-20 11:22:15.089 10241 21155 I CCodecBufferChannel: pipelineRoom(2) is <= numClientBuffers(2). Not signalling any more buffers to client
06-20 11:22:15.090  2018  3127 D libsensor-displayalgo: the value of  brightness:438.000000,R:77375716.939127,G:77376143.464170,B:77391269.635761,EVENT_C:6593.000000,EVENT_R:2479.000000,EVENT_G:3393.000000,EVENT_B:1360.000000
06-20 11:22:15.090  2018  3127 I libsensor-displayalgo: the value of  Coef1:1107.681000,Coef4:2.383000, scale1:0.935522, scale4:0.923264
06-20 11:22:15.090  2018  3127 E libsensor-displayalgo: RGB_test_0407_400_oldzy!
06-20 11:22:15.090 10241 12244 I CCodecBufferChannel: pipelineRoom(2) is <= numClientBuffers(3). Not signalling any more buffers to client
06-20 11:22:15.091  2018  3127 I libsensor-displayalgo: the value of  RESULT3118.837702,1232.115395,1511.231984,565.637200
06-20 11:22:15.091  2018  3127 I libsensor-displayalgo: the value of  getChannelDataCalibrated3269.931069,1141.176343,1756.511250,617.354941
06-20 11:22:15.091  2018  3127 I libsensor-displayalgo: the value of  REAL LUX198.217377
06-20 11:22:15.091  2018  3127 I libsensor-displayalgo: the value of  CAL REAL LUX198.217377
06-20 11:22:15.092 10241 21155 I CCodecBufferChannel: pipelineRoom(2) is <= numClientBuffers(2). Not signalling any more buffers to client
06-20 11:22:15.097 10027 10027 I HandWritingStubImpl: isKeyboardTypeChanged: false
06-20 11:22:15.177 31630 31630 I HandWritingStubImpl: isKeyboardTypeChanged: false
06-20 11:22:15.213 10241 12244 I CCodecBufferChannel: pipelineRoom(2) is <= numClientBuffers(3). Not signalling any more buffers to client
06-20 11:22:15.214 10241 21155 I CCodecBufferChannel: pipelineRoom(2) is <= numClientBuffers(2). Not signalling any more buffers to client
06-20 11:22:15.217 10241 21155 I CCodecBufferChannel: pipelineRoom(3) is <= numClientBuffers(3). Not signalling any more buffers to client
06-20 11:22:15.218 10241 12244 I CCodecBufferChannel: pipelineRoom(3) is <= numClientBuffers(3). Not signalling any more buffers to client
06-20 11:22:15.290  1265  2358 I vendor.qti.hardware.display.composer-service: FrameNotifyProcess Sensor: notify citsensorservice to trigger cwb
06-20 11:22:15.290  2018  2111 I libcitsensorservice@2.0-impl: msg_transfer
06-20 11:22:15.291  2018  3098 D vendor.xiaomi.sensor.citsensorservice@2.0-service: handle id:9 wxh:1280x2400 uwxuh:1080x2400 size: 9216000 fd:15 fd_meta:16 flags:0x4000228 usage:0x33  format:0x3 layer_count: 1
06-20 11:22:15.291  1265  1887 I SDM     : HWCSession::SetCWBOutputBuffer: CWB config passed by cwb_client : tappoint 1  CWB_ROI : (829.000000 4.000000 915.000000 90.000000)
06-20 11:22:15.292  1265 21254 I SDM     : HWCSession::ProcessRequests: Successfully configured CWB buffer.
06-20 11:22:15.300  1265 21254 I SDM     : HWCSession::ProcessRequests: Pushing release fence in fenece wait queue.
06-20 11:22:15.300  1265 21254 I SDM     : HWCSession::ProcessRequests: Creating AsyncFenceWaits async thread.
06-20 11:22:15.302  1265 21254 I SDM     : HWCSession::ProcessRequests: Remove current CWB request from the pending request queue.
06-20 11:22:15.302  1265 21254 I SDM     : HWCSession::ProcessRequests: No pending cwb requests found in the queue.
06-20 11:22:15.307  1265  1584 I SDM     : HWDeviceDRM::SetupConcurrentWriteback: Tear down the Concurrent Writeback topology
06-20 11:22:15.314  1265 21255 I SDM     : HWCSession::NotifyCWBStatus: Notify the client about buffer status 0.
06-20 11:22:15.314  1265 21255 I SDM     : HWCSession::PerformFenceWaits: Remove current release fence from the pending fence wait queue.
06-20 11:22:15.314  1265 21255 I SDM     : HWCSession::PerformFenceWaits: CWB fence queue is empty. No pending release fence to wait on.
06-20 11:22:15.322  6318  5232 D MyLog   : -->log(1): [Tid:310] [Slim] Read {cmd=SECMSG;chid=5;len=1648}
06-20 11:22:15.324  6318  5232 D MyLog   : -->log(1): [Tid:310] [Slim] 11:22:15 上午 RCV  Blob [SECMSG,5,sdm622426872313353627g]
06-20 11:22:15.326 10241 12244 I CCodecBufferChannel: pipelineRoom(2) is <= numClientBuffers(2). Not signalling any more buffers to client
06-20 11:22:15.326  6318  6938 W PushService: [Tid:66] receive a message. appid=2882303761517136414, msgid= sdm622426872313353627g, action=SendMessage
06-20 11:22:15.338  6318 21256 W PushService: [Tid:314] Failed get online picture/icon resource cause picUrl is empty
06-20 11:22:15.339  6318  6938 W PushService: [Tid:66] failed to get small icon url:null
06-20 11:22:15.339  6318 21256 W PushService: [Tid:314] Failed get online picture/icon resource cause picUrl is empty
06-20 11:22:15.341  6318  6938 D MyLog   : -->log(1): [Tid:66] importance=3
06-20 11:22:15.345  6318  6938 W PushService: [Tid:66] HeadsUpTag not notify by headsup:-1107734523
06-20 11:22:15.345  6318  6938 W PushService: [Tid:66] HeadsUpTag dismiss -1107734523 not equals current null
06-20 11:22:15.346  6318  6938 W PushService: [Tid:66] notification: sdm622426872313353627g is notifyied
06-20 11:22:15.351  6318  6938 W PushService: [Tid:66] try send mi push message. packagename:tv.danmaku.bili action:AckMessage
06-20 11:22:15.352  6318  6938 D MyLog   : -->log(1): [Tid:66] [Slim] Wrote {cmd=SECMSG;chid=5;len=1385}
06-20 11:22:15.352  6318  6938 D MyLog   : -->log(1): [Tid:66] [Slim] 11:22:15 上午 Sent  Blob [SECMSG,5,Lnt7R-1502]
06-20 11:22:15.389  2018  3127 D libsensor-displayalgo: the value of  brightness:438.000000,R:77375716.939127,G:77376143.464170,B:77391269.635761,EVENT_C:6608.000000,EVENT_R:2480.000000,EVENT_G:3401.000000,EVENT_B:1363.500000
06-20 11:22:15.390  2018  3127 I libsensor-displayalgo: the value of  Coef1:1107.681000,Coef4:2.383000, scale1:0.935522, scale4:0.923264
06-20 11:22:15.390  2018  3127 E libsensor-displayalgo: RGB_test_0407_400_oldzy!
06-20 11:22:15.390  2018  3127 I libsensor-displayalgo: the value of  RESULT3118.837702,1232.115395,1511.231984,565.637200
06-20 11:22:15.390  2018  3127 I libsensor-displayalgo: the value of  getChannelDataCalibrated3269.931069,1141.176343,1756.511250,617.354941
06-20 11:22:15.391  2018  3127 I libsensor-displayalgo: the value of  REAL LUX199.317993
06-20 11:22:15.391  2018  3127 I libsensor-displayalgo: the value of  CAL REAL LUX199.317993
06-20 11:22:15.415 10027 10027 I HandWritingStubImpl: isKeyboardTypeChanged: false
06-20 11:22:15.429  4233  4233 D MiPlayDetailViewModel: onPositionChange(): position = 8992
06-20 11:22:15.429  5809 21159 I SafeBinderCall: onPositionChange binder cost:1
06-20 11:22:15.451 10241 12244 I CCodecBufferChannel: pipelineRoom(1) is <= numClientBuffers(2). Not signalling any more buffers to client
06-20 11:22:15.451 10241 21155 I CCodecBufferChannel: pipelineRoom(1) is <= numClientBuffers(1). Not signalling any more buffers to client
06-20 11:22:15.456 10241 12244 I CCodecBufferChannel: pipelineRoom(2) is <= numClientBuffers(2). Not signalling any more buffers to client
06-20 11:22:15.456 10241 12244 I CCodecBufferChannel: pipelineRoom(2) is <= numClientBuffers(2). Not signalling any more buffers to client
06-20 11:22:15.456 10241 21155 I CCodecBufferChannel: pipelineRoom(2) is <= numClientBuffers(2). Not signalling any more buffers to client
06-20 11:22:15.457 10241 21155 I CCodecBufferChannel: pipelineRoom(1) is <= numClientBuffers(1). Not signalling any more buffers to client
