06-19 15:11:35.275  2018  3127 I libsensor-displayalgo: the value of  CAL REAL LUX189.931580
06-19 15:11:35.277  5735  6461 W Parcel  : **** enforceInterface() expected 'com.miui.gamebooster.service.ISecurityCenterNotificationListener' but read 'android.service.notification.INotificationListener'
06-19 15:11:35.277  5735  6461 W Binder  : Caught a RuntimeException from the binder stub implementation.
06-19 15:11:35.277  5735  6461 W Binder  : java.lang.SecurityException: Binder invocation to an incorrect interface
06-19 15:11:35.277  5735  6461 W Binder  : 	at android.os.Parcel.nativeEnforceInterface(Native Method)
06-19 15:11:35.277  5735  6461 W Binder  : 	at android.os.Parcel.enforceInterface(Parcel.java:699)
06-19 15:11:35.277  5735  6461 W Binder  : 	at com.miui.gamebooster.service.ISecurityCenterNotificationListener$Stub.onTransact(Unknown Source:18)
06-19 15:11:35.277  5735  6461 W Binder  : 	at android.os.Binder.execTransactInternal(Binder.java:1190)
06-19 15:11:35.277  5735  6461 W Binder  : 	at android.os.Binder.execTransact(Binder.java:1149)
06-19 15:11:35.279  5735  8037 V onNotificationPostedCallBack: flags=98
06-19 15:11:35.280  5735  8037 V m       : ret=0
06-19 15:11:35.282  5285  5285 D MiBarrage: No barrage: not in game scene or in video scene
06-19 15:11:35.283  5735  6461 W Parcel  : **** enforceInterface() expected 'com.miui.gamebooster.service.ISecurityCenterNotificationListener' but read 'android.service.notification.INotificationListener'
06-19 15:11:35.283  5735  6461 W Binder  : Caught a RuntimeException from the binder stub implementation.
06-19 15:11:35.283  5735  6461 W Binder  : java.lang.SecurityException: Binder invocation to an incorrect interface
06-19 15:11:35.283  5735  6461 W Binder  : 	at android.os.Parcel.nativeEnforceInterface(Native Method)
06-19 15:11:35.283  5735  6461 W Binder  : 	at android.os.Parcel.enforceInterface(Parcel.java:699)
06-19 15:11:35.283  5735  6461 W Binder  : 	at com.miui.gamebooster.service.ISecurityCenterNotificationListener$Stub.onTransact(Unknown Source:18)
06-19 15:11:35.283  5735  6461 W Binder  : 	at android.os.Binder.execTransactInternal(Binder.java:1190)
06-19 15:11:35.283  5735  6461 W Binder  : 	at android.os.Binder.execTransact(Binder.java:1149)
06-19 15:11:35.285  5285  5285 D MiBarrage: No barrage: not in game scene or in video scene
06-19 15:11:35.290  5735  8037 V onNotificationPostedCallBack: flags=98
06-19 15:11:35.290  2431  4483 I WindowManagerService: Physical orientation applied, rotation=0 sfOrientation=ORIENTATION_0
06-19 15:11:35.291  5735  8037 V m       : ret=0
06-19 15:11:35.298  4233  4233 D InterruptionStateProvider: No alerting: filtered notification: 0|cn.missevan|1500|null|10494
06-19 15:11:35.299  4233  4233 D InterruptionStateProvider: No alerting: filtered notification: 0|cn.missevan|1500|null|10494
06-19 15:11:35.303  4233  4233 D InterruptionStateProvider: No alerting: filtered notification: 0|cn.missevan|1500|null|10494
06-19 15:11:35.303  4233  4233 D InterruptionStateProvider: No alerting: filtered notification: 0|cn.missevan|1500|null|10494
06-19 15:11:35.303  4233  4475 D PeopleSpaceWidgetMgr: Sbn doesn't contain valid PeopleTileKey: null/0/cn.missevan
06-19 15:11:35.307  4233  4475 D PeopleSpaceWidgetMgr: Sbn doesn't contain valid PeopleTileKey: null/0/cn.missevan
06-19 15:11:35.309  4233  4233 I MediaCarouselController: media_data_arrive: addOrUpdatePlayer
06-19 15:11:35.309  4233  4233 I MiuiMediaControlPanel: media_data_arrive: bindPlayer: mPlayerViewHolder=com.android.systemui.media.PlayerViewHolder@73cee64
06-19 15:11:35.309  4233  4233 I MiuiMediaControlPanel: media_data_arrive: bindPlayer: 猫耳FM, 小和尚 | 小和尚 | 全一期, 盲盒剧场
06-19 15:11:35.309  4233  4233 I MiuiMediaControlPanel: MediaAction: contentDesc=快退; MediaAction: contentDesc=上一首; MediaAction: contentDesc=暂停; MediaAction: contentDesc=下一首; MediaAction: contentDesc=快进;
06-19 15:11:35.314  4233  4233 I MediaCarouselController: media_data_arrive: addOrUpdatePlayer
06-19 15:11:35.314  4233  4233 I MiuiMediaControlPanel: media_data_arrive: bindPlayer: mPlayerViewHolder=com.android.systemui.media.PlayerViewHolder@73cee64
06-19 15:11:35.314  4233  4233 I MiuiMediaControlPanel: media_data_arrive: bindPlayer: 猫耳FM, 小和尚 | 小和尚 | 全一期, 盲盒剧场
06-19 15:11:35.314  4233  4233 I MiuiMediaControlPanel: MediaAction: contentDesc=快退; MediaAction: contentDesc=上一首; MediaAction: contentDesc=暂停; MediaAction: contentDesc=下一首; MediaAction: contentDesc=快进;
06-19 15:11:35.330 30661 30744 D IdProviderImpl: getOAID from com.miui.analytics
06-19 15:11:35.339 30661 30744 D IdProviderImpl: getOAID from com.miui.analytics
06-19 15:11:35.345  2431  4926 I WindowManagerService: Physical orientation applied, rotation=0 sfOrientation=ORIENTATION_0
06-19 15:11:35.356  1265  2358 I vendor.qti.hardware.display.composer-service: FrameNotifyProcess Sensor: notify citsensorservice to trigger cwb
06-19 15:11:35.357  2018  7182 I libcitsensorservice@2.0-impl: msg_transfer
06-19 15:11:35.357  2018  3098 D vendor.xiaomi.sensor.citsensorservice@2.0-service: handle id:9 wxh:1280x2400 uwxuh:1080x2400 size: 9216000 fd:15 fd_meta:16 flags:0x4000228 usage:0x33  format:0x3 layer_count: 1
06-19 15:11:35.357  1265  1887 I SDM     : HWCSession::SetCWBOutputBuffer: CWB config passed by cwb_client : tappoint 1  CWB_ROI : (829.000000 4.000000 915.000000 90.000000)
06-19 15:11:35.358  1265  9032 I SDM     : HWCSession::ProcessRequests: Successfully configured CWB buffer.
06-19 15:11:35.367  1265  9032 I SDM     : HWCSession::ProcessRequests: Pushing release fence in fenece wait queue.
06-19 15:11:35.367  1265  9032 I SDM     : HWCSession::ProcessRequests: Creating AsyncFenceWaits async thread.
06-19 15:11:35.367  1265  9032 I SDM     : HWCSession::ProcessRequests: Remove current CWB request from the pending request queue.
06-19 15:11:35.368  1265  9032 I SDM     : HWCSession::ProcessRequests: No pending cwb requests found in the queue.
06-19 15:11:35.373  1265  1584 I SDM     : HWDeviceDRM::SetupConcurrentWriteback: Tear down the Concurrent Writeback topology
06-19 15:11:35.381  1265  9033 I SDM     : HWCSession::NotifyCWBStatus: Notify the client about buffer status 0.
06-19 15:11:35.382  1265  9033 I SDM     : HWCSession::PerformFenceWaits: Remove current release fence from the pending fence wait queue.
06-19 15:11:35.384  1265  9033 I SDM     : HWCSession::PerformFenceWaits: CWB fence queue is empty. No pending release fence to wait on.
06-19 15:11:35.386  2431  4067 I WindowManagerService: Physical orientation applied, rotation=0 sfOrientation=ORIENTATION_0
06-19 15:11:35.427  2431  4926 I WindowManagerService: Physical orientation applied, rotation=0 sfOrientation=ORIENTATION_0
06-19 15:11:35.485  2431  4926 I WindowManagerService: Physical orientation applied, rotation=0 sfOrientation=ORIENTATION_0
06-19 15:11:35.536  5294 29648 W MiuiPerfServiceClient: interceptAndQueuing:8203|cn.missevan|460|420|351679687003395|Slow handle traversal|4
06-19 15:11:35.574  2018  3127 D libsensor-displayalgo: the value of  brightness:438.000000,R:83162179.015008,G:83162179.015008,B:83162179.015008,EVENT_C:6151.000000,EVENT_R:2310.500000,EVENT_G:3167.000000,EVENT_B:1248.500000
06-19 15:11:35.574  2018  3127 I libsensor-displayalgo: the value of  Coef1:1107.681000,Coef4:2.383000, scale1:0.935522, scale4:0.923264
06-19 15:11:35.574  2018  3127 E libsensor-displayalgo: RGB_test_0407_400_oldzy!
06-19 15:11:35.575  2018  3127 I libsensor-displayalgo: the value of  RESULT3273.648148,1289.341913,1580.361516,594.091725
06-19 15:11:35.575  2018  3127 I libsensor-displayalgo: the value of  getChannelDataCalibrated3432.241369,1194.179129,1836.860795,648.411140
06-19 15:11:35.575  2018  3127 I libsensor-displayalgo: the value of  REAL LUX161.561096
06-19 15:11:35.575  2018  3127 I libsensor-displayalgo: the value of  CAL REAL LUX161.561096
06-19 15:11:35.591  2431  4926 I WindowManagerService: Physical orientation applied, rotation=0 sfOrientation=ORIENTATION_0
06-19 15:11:35.617  1113  1113 D Zygote  : Forked child process 9036
06-19 15:11:35.618  2431  2651 I ActivityManager: Start proc 9036:cn.missevan:channel/u0a494 for service {cn.missevan/com.taobao.accs.ChannelService} caller=cn.missevan
06-19 15:11:35.625  9036  9036 I libc    : SetHeapTaggingLevel: tag level set to 0
06-19 15:11:35.635  9036  9036 E issevan:channe: Not starting debugger since process cannot load the jdwp agent.
06-19 15:11:35.642  9036  9036 I MessageMonitor: Load libmiui_runtime
06-19 15:11:35.647  2431  4926 D SymlinkUtils: attachApplication file op go pass: 0 ms
06-19 15:11:35.648  2431  4926 I SmartPower.cn.missevan:channel/10494(9036): died->invisible(10731ms) R(process start ) adj=-10000.
06-19 15:11:35.649  5809  9011 I SafeBinderCall: onPositionChange binder cost:0
06-19 15:11:35.649  4233  4233 D MiPlayDetailViewModel: onPositionChange(): position = 1037
06-19 15:11:35.659  9036  9036 D CompatibilityChangeReporter: Compat change id reported: 171979766; UID 10494; state: DISABLED
06-19 15:11:35.660  5294 29648 W MQSService: CallerName:cn.missevan,calling Uid:10494
06-19 15:11:35.661  5294 29648 D MQSService: registerApplicationScoutThread pid = 9036, packageName = cn.missevan
06-19 15:11:35.662  1265  2358 I vendor.qti.hardware.display.composer-service: FrameNotifyProcess Sensor: notify citsensorservice to trigger cwb
06-19 15:11:35.663  2018  7182 I libcitsensorservice@2.0-impl: msg_transfer
06-19 15:11:35.664  2018  3098 D vendor.xiaomi.sensor.citsensorservice@2.0-service: handle id:9 wxh:1280x2400 uwxuh:1080x2400 size: 9216000 fd:15 fd_meta:16 flags:0x4000228 usage:0x33  format:0x3 layer_count: 1
06-19 15:11:35.664  1265  1887 I SDM     : HWCSession::SetCWBOutputBuffer: CWB config passed by cwb_client : tappoint 1  CWB_ROI : (829.000000 4.000000 915.000000 90.000000)
06-19 15:11:35.665  1265  9052 I SDM     : HWCSession::ProcessRequests: Successfully configured CWB buffer.
06-19 15:11:35.668  9036  9036 D ApplicationLoaders: Returning zygote-cached class loader: /system/framework/android.test.base.jar
06-19 15:11:35.672  1265  9052 I SDM     : HWCSession::ProcessRequests: Pushing release fence in fenece wait queue.
06-19 15:11:35.672  1265  9052 I SDM     : HWCSession::ProcessRequests: Creating AsyncFenceWaits async thread.
06-19 15:11:35.672  1265  9052 I SDM     : HWCSession::ProcessRequests: Remove current CWB request from the pending request queue.
06-19 15:11:35.673  1265  9052 I SDM     : HWCSession::ProcessRequests: No pending cwb requests found in the queue.
06-19 15:11:35.679  1265  1584 I SDM     : HWDeviceDRM::SetupConcurrentWriteback: Tear down the Concurrent Writeback topology
06-19 15:11:35.685  1265  9053 I SDM     : HWCSession::NotifyCWBStatus: Notify the client about buffer status 0.
06-19 15:11:35.686  1265  9053 I SDM     : HWCSession::PerformFenceWaits: Remove current release fence from the pending fence wait queue.
06-19 15:11:35.686  1265  9053 I SDM     : HWCSession::PerformFenceWaits: CWB fence queue is empty. No pending release fence to wait on.
06-19 15:11:35.691  2431  4926 I WindowManagerService: Physical orientation applied, rotation=0 sfOrientation=ORIENTATION_0
06-19 15:11:35.705  9036  9036 V GraphicsEnvironment: ANGLE Developer option for 'cn.missevan' set to: 'default'
06-19 15:11:35.706  9036  9036 V GraphicsEnvironment: ANGLE GameManagerService for cn.missevan: false
06-19 15:11:35.706  9036  9036 V GraphicsEnvironment: Updatable production driver is not supported on the device.
06-19 15:11:35.709  9036  9036 I ForceDarkHelperStubImpl: initialize for cn.missevan , ForceDarkOrigin
06-19 15:11:35.711  9036  9036 D OpenGLRenderer: JNI_OnLoad success
06-19 15:11:35.711  9036  9036 I MiuiForceDarkConfig: setConfig density:2.750000, mainRule:0, secondaryRule:0, tertiaryRule:0
06-19 15:11:35.713  9036  9036 D NetworkSecurityConfig: Using Network Security Config from resource network_security_config debugBuild: false
06-19 15:11:35.713  9036  9036 D NetworkSecurityConfig: Using Network Security Config from resource network_security_config debugBuild: false
06-19 15:11:35.783  2431  4926 W ServiceManager: Permission failure: android.permission.HIGH_SAMPLING_RATE_SENSORS from uid=10494 pid=9036
06-19 15:11:35.781  9036  9036 W pool-3-thread-1: type=1400 audit(0.0:52798): avc: denied { read } for name="version" dev="proc" ino=4026532016 scontext=u:r:untrusted_app_27:s0:c238,c257,c512,c768 tcontext=u:object_r:proc_version:s0 tclass=file permissive=0 app=cn.missevan
06-19 15:11:35.789  2431  4926 I WindowManagerService: Physical orientation applied, rotation=0 sfOrientation=ORIENTATION_0
06-19 15:11:35.816  2431  4067 D ConnectivityService: requestNetwork for uid/pid:10494/9036 activeRequest: null callbackRequest: 2187 [NetworkRequest [ REQUEST id=2188, [ Capabilities: INTERNET&NOT_RESTRICTED&TRUSTED&NOT_VCN_MANAGED Uid: 10494 RequestorUid: 10494 RequestorPkg: cn.missevan] ]] callback flags: 0 priority: 2147483647
06-19 15:11:35.816  2431  3373 D ConnectivityService: NetReassign [2188 : null → 142]
06-19 15:11:35.818  2431  3346 D WifiNetworkFactory: got request NetworkRequest [ REQUEST id=2188, [ Capabilities: INTERNET&NOT_RESTRICTED&TRUSTED&NOT_VCN_MANAGED Uid: 10494 RequestorUid: 10494 RequestorPkg: cn.missevan] ]
06-19 15:11:35.820  2431  3346 D UntrustedWifiNetworkFactory: got request NetworkRequest [ REQUEST id=2188, [ Capabilities: INTERNET&NOT_RESTRICTED&TRUSTED&NOT_VCN_MANAGED Uid: 10494 RequestorUid: 10494 RequestorPkg: cn.missevan] ]
06-19 15:11:35.821  2431  3346 D OemPaidWifiNetworkFactory: got request NetworkRequest [ REQUEST id=2188, [ Capabilities: INTERNET&NOT_RESTRICTED&TRUSTED&NOT_VCN_MANAGED Uid: 10494 RequestorUid: 10494 RequestorPkg: cn.missevan] ]
06-19 15:11:35.823  9036  9082 D IdProviderImpl: getOAID from cn.missevan
06-19 15:11:35.833  9036  9083 D IdProviderImpl: getOAID from cn.missevan
06-19 15:11:35.873  2018  3127 D libsensor-displayalgo: the value of  brightness:438.000000,R:17567284.770460,G:15389338.922756,B:16794829.723552,EVENT_C:4315.000000,EVENT_R:1709.500000,EVENT_G:2156.500000,EVENT_B:857.000000
06-19 15:11:35.873  2018  3127 I libsensor-displayalgo: the value of  Coef1:1107.681000,Coef4:2.383000, scale1:0.935522, scale4:0.923264
06-19 15:11:35.873  2018  3127 E libsensor-displayalgo: RGB_test_0407_400_oldzy!
06-19 15:11:35.874  2018  3127 I libsensor-displayalgo: the value of  RESULT1060.451001,419.866706,534.973880,182.388053
06-19 15:11:35.874  2018  3127 I libsensor-displayalgo: the value of  getChannelDataCalibrated1111.824983,388.877499,621.802376,199.064287
06-19 15:11:35.874  2018  3127 I libsensor-displayalgo: the value of  REAL LUX192.654297
06-19 15:11:35.874  2018  3127 I libsensor-displayalgo: the value of  CAL REAL LUX192.654297
06-19 15:11:35.882  2431  2445 D ConnectivityService: requestNetwork for uid/pid:10494/9036 activeRequest: null callbackRequest: 2189 [NetworkRequest [ REQUEST id=2190, [ Capabilities: INTERNET&NOT_RESTRICTED&TRUSTED&NOT_VCN_MANAGED Uid: 10494 RequestorUid: 10494 RequestorPkg: cn.missevan] ]] callback flags: 0 priority: 2147483647
06-19 15:11:35.883  2431  3373 D ConnectivityService: NetReassign [2190 : null → 142]
06-19 15:11:35.886  2431  3346 D WifiNetworkFactory: got request NetworkRequest [ REQUEST id=2190, [ Capabilities: INTERNET&NOT_RESTRICTED&TRUSTED&NOT_VCN_MANAGED Uid: 10494 RequestorUid: 10494 RequestorPkg: cn.missevan] ]
06-19 15:11:35.886  2431  3346 D UntrustedWifiNetworkFactory: got request NetworkRequest [ REQUEST id=2190, [ Capabilities: INTERNET&NOT_RESTRICTED&TRUSTED&NOT_VCN_MANAGED Uid: 10494 RequestorUid: 10494 RequestorPkg: cn.missevan] ]
06-19 15:11:35.886  2431  3346 D OemPaidWifiNetworkFactory: got request NetworkRequest [ REQUEST id=2190, [ Capabilities: INTERNET&NOT_RESTRICTED&TRUSTED&NOT_VCN_MANAGED Uid: 10494 RequestorUid: 10494 RequestorPkg: cn.missevan] ]
06-19 15:11:35.896  2431  2445 I WindowManagerService: Physical orientation applied, rotation=0 sfOrientation=ORIENTATION_0
06-19 15:11:35.966  1265  2358 I vendor.qti.hardware.display.composer-service: FrameNotifyProcess Sensor: notify citsensorservice to trigger cwb
06-19 15:11:35.968  2018  3874 I libcitsensorservice@2.0-impl: msg_transfer
06-19 15:11:35.968  2018  3098 D vendor.xiaomi.sensor.citsensorservice@2.0-service: handle id:9 wxh:1280x2400 uwxuh:1080x2400 size: 9216000 fd:15 fd_meta:16 flags:0x4000228 usage:0x33  format:0x3 layer_count: 1
06-19 15:11:35.969  1265  1887 I SDM     : HWCSession::SetCWBOutputBuffer: CWB config passed by cwb_client : tappoint 1  CWB_ROI : (829.000000 4.000000 915.000000 90.000000)
06-19 15:11:35.971  1265  9105 I SDM     : HWCSession::ProcessRequests: Successfully configured CWB buffer.
06-19 15:11:35.977  1265  9105 I SDM     : HWCSession::ProcessRequests: Pushing release fence in fenece wait queue.
06-19 15:11:35.977  1265  9105 I SDM     : HWCSession::ProcessRequests: Creating AsyncFenceWaits async thread.
06-19 15:11:35.977  1265  9105 I SDM     : HWCSession::ProcessRequests: Remove current CWB request from the pending request queue.
06-19 15:11:35.978  1265  9105 I SDM     : HWCSession::ProcessRequests: No pending cwb requests found in the queue.
06-19 15:11:35.983  1265  1584 I SDM     : HWDeviceDRM::SetupConcurrentWriteback: Tear down the Concurrent Writeback topology
06-19 15:11:35.990  1265  9107 I SDM     : HWCSession::NotifyCWBStatus: Notify the client about buffer status 0.
06-19 15:11:35.990  1265  9107 I SDM     : HWCSession::PerformFenceWaits: Remove current release fence from the pending fence wait queue.
06-19 15:11:35.990  1265  9107 I SDM     : HWCSession::PerformFenceWaits: CWB fence queue is empty. No pending release fence to wait on.
06-19 15:11:35.995  2431  4926 I WindowManagerService: Physical orientation applied, rotation=0 sfOrientation=ORIENTATION_0
06-19 15:11:36.094  2431  4926 I WindowManagerService: Physical orientation applied, rotation=0 sfOrientation=ORIENTATION_0
06-19 15:11:36.174  2018  3127 D libsensor-displayalgo: the value of  brightness:438.000000,R:9257337.416282,G:8010836.415844,B:8712839.151549,EVENT_C:3462.000000,EVENT_R:1411.500000,EVENT_G:1697.500000,EVENT_B:692.000000
06-19 15:11:36.174  2018  3127 I libsensor-displayalgo: the value of  Coef1:1107.681000,Coef4:2.383000, scale1:0.935522, scale4:0.923264
06-19 15:11:36.174  2018  3127 E libsensor-displayalgo: RGB_black_white_scenario_0822!
06-19 15:11:36.174  2018  3127 I libsensor-displayalgo: the value of  RESULT289.138110,108.111655,148.343534,51.140830
06-19 15:11:36.174  2018  3127 I libsensor-displayalgo: the value of  getChannelDataCalibrated303.145524,100.132231,172.420309,55.816775
06-19 15:11:36.174  2018  3127 I libsensor-displayalgo: the value of  REAL LUX191.204773
06-19 15:11:36.174  2018  3127 I libsensor-displayalgo: the value of  CAL REAL LUX191.204773
06-19 15:11:36.192  2431  4926 I WindowManagerService: Physical orientation applied, rotation=0 sfOrientation=ORIENTATION_0
06-19 15:11:36.271  1265  2358 I vendor.qti.hardware.display.composer-service: FrameNotifyProcess Sensor: notify citsensorservice to trigger cwb
06-19 15:11:36.273  2018  2018 I libcitsensorservice@2.0-impl: msg_transfer
06-19 15:11:36.273  2018  3098 D vendor.xiaomi.sensor.citsensorservice@2.0-service: handle id:9 wxh:1280x2400 uwxuh:1080x2400 size: 9216000 fd:15 fd_meta:16 flags:0x4000228 usage:0x33  format:0x3 layer_count: 1
06-19 15:11:36.273  1265  1887 I SDM     : HWCSession::SetCWBOutputBuffer: CWB config passed by cwb_client : tappoint 1  CWB_ROI : (829.000000 4.000000 915.000000 90.000000)
06-19 15:11:36.275  1265  9109 I SDM     : HWCSession::ProcessRequests: Successfully configured CWB buffer.
06-19 15:11:36.282  1265  9109 I SDM     : HWCSession::ProcessRequests: Pushing release fence in fenece wait queue.
06-19 15:11:36.283  1265  9109 I SDM     : HWCSession::ProcessRequests: Creating AsyncFenceWaits async thread.
06-19 15:11:36.284  1265  9109 I SDM     : HWCSession::ProcessRequests: Remove current CWB request from the pending request queue.
06-19 15:11:36.284  1265  9109 I SDM     : HWCSession::ProcessRequests: No pending cwb requests found in the queue.
06-19 15:11:36.288  1265  1584 I SDM     : HWDeviceDRM::SetupConcurrentWriteback: Tear down the Concurrent Writeback topology
06-19 15:11:36.294  1265  9111 I SDM     : HWCSession::NotifyCWBStatus: Notify the client about buffer status 0.
06-19 15:11:36.297  1265  9111 I SDM     : HWCSession::PerformFenceWaits: Remove current release fence from the pending fence wait queue.
06-19 15:11:36.297  1265  9111 I SDM     : HWCSession::PerformFenceWaits: CWB fence queue is empty. No pending release fence to wait on.
06-19 15:11:36.299  2431  2445 I WindowManagerService: Physical orientation applied, rotation=0 sfOrientation=ORIENTATION_0
06-19 15:11:36.398  2431  4926 I WindowManagerService: Physical orientation applied, rotation=0 sfOrientation=ORIENTATION_0
06-19 15:11:36.473  2018  3127 D libsensor-displayalgo: the value of  brightness:438.000000,R:9257337.416282,G:8010836.415844,B:8712839.151549,EVENT_C:3459.500000,EVENT_R:1412.000000,EVENT_G:1696.500000,EVENT_B:691.500000
06-19 15:11:36.473  2018  3127 I libsensor-displayalgo: the value of  Coef1:1107.681000,Coef4:2.383000, scale1:0.935522, scale4:0.923264
06-19 15:11:36.473  2018  3127 E libsensor-displayalgo: RGB_black_white_scenario_0822!
06-19 15:11:36.473  2018  3127 I libsensor-displayalgo: the value of  RESULT289.138110,108.111655,148.343534,51.140830
06-19 15:11:36.473  2018  3127 I libsensor-displayalgo: the value of  getChannelDataCalibrated303.145524,100.132231,172.420309,55.816775
06-19 15:11:36.473  2018  3127 I libsensor-displayalgo: the value of  REAL LUX191.004578
06-19 15:11:36.473  2018  3127 I libsensor-displayalgo: the value of  CAL REAL LUX191.004578
06-19 15:11:36.497  2431  2445 I WindowManagerService: Physical orientation applied, rotation=0 sfOrientation=ORIENTATION_0
06-19 15:11:36.577  1265  2358 I vendor.qti.hardware.display.composer-service: FrameNotifyProcess Sensor: notify citsensorservice to trigger cwb
06-19 15:11:36.578  2018  2018 I libcitsensorservice@2.0-impl: msg_transfer
06-19 15:11:36.578  2018  3098 D vendor.xiaomi.sensor.citsensorservice@2.0-service: handle id:9 wxh:1280x2400 uwxuh:1080x2400 size: 9216000 fd:15 fd_meta:16 flags:0x4000228 usage:0x33  format:0x3 layer_count: 1
06-19 15:11:36.579  1265  1887 I SDM     : HWCSession::SetCWBOutputBuffer: CWB config passed by cwb_client : tappoint 1  CWB_ROI : (829.000000 4.000000 915.000000 90.000000)
06-19 15:11:36.580  1265  9112 I SDM     : HWCSession::ProcessRequests: Successfully configured CWB buffer.
06-19 15:11:36.588  1265  9112 I SDM     : HWCSession::ProcessRequests: Pushing release fence in fenece wait queue.
06-19 15:11:36.588  1265  9112 I SDM     : HWCSession::ProcessRequests: Creating AsyncFenceWaits async thread.
06-19 15:11:36.588  1265  9112 I SDM     : HWCSession::ProcessRequests: Remove current CWB request from the pending request queue.
06-19 15:11:36.588  1265  9112 I SDM     : HWCSession::ProcessRequests: No pending cwb requests found in the queue.
06-19 15:11:36.592  1265  1584 I SDM     : HWDeviceDRM::SetupConcurrentWriteback: Tear down the Concurrent Writeback topology
06-19 15:11:36.599  1265  9113 I SDM     : HWCSession::NotifyCWBStatus: Notify the client about buffer status 0.
06-19 15:11:36.600  1265  9113 I SDM     : HWCSession::PerformFenceWaits: Remove current release fence from the pending fence wait queue.
06-19 15:11:36.600  1265  9113 I SDM     : HWCSession::PerformFenceWaits: CWB fence queue is empty. No pending release fence to wait on.
06-19 15:11:36.605  2431  4067 I WindowManagerService: Physical orientation applied, rotation=0 sfOrientation=ORIENTATION_0
06-19 15:11:36.649  5809  9011 I SafeBinderCall: onPositionChange binder cost:0
06-19 15:11:36.653  4233  4233 D MiPlayDetailViewModel: onPositionChange(): position = 2037
06-19 15:11:36.684  8700  8747 I van:pushservic: ProcessProfilingInfo new_methods=0 is saved saved_to_disk=0 resolve_classes_delay=8000
06-19 15:11:36.703  2431  4067 I WindowManagerService: Physical orientation applied, rotation=0 sfOrientation=ORIENTATION_0
06-19 15:11:36.774  2018  3127 D libsensor-displayalgo: the value of  brightness:438.000000,R:9257337.416282,G:8010836.415844,B:8712839.151549,EVENT_C:3455.500000,EVENT_R:1409.000000,EVENT_G:1696.500000,EVENT_B:690.500000
06-19 15:11:36.777  2018  3127 I libsensor-displayalgo: the value of  Coef1:1107.681000,Coef4:2.383000, scale1:0.935522, scale4:0.923264
06-19 15:11:36.777  2018  3127 E libsensor-displayalgo: RGB_black_white_scenario_0822!
06-19 15:11:36.777  2018  3127 I libsensor-displayalgo: the value of  RESULT289.138110,108.111655,148.343534,51.140830
06-19 15:11:36.777  2018  3127 I libsensor-displayalgo: the value of  getChannelDataCalibrated303.145524,100.132231,172.420309,55.816775
06-19 15:11:36.777  2018  3127 I libsensor-displayalgo: the value of  REAL LUX190.916626
06-19 15:11:36.777  2018  3127 I libsensor-displayalgo: the value of  CAL REAL LUX190.916626
06-19 15:11:36.810  2431  4067 I WindowManagerService: Physical orientation applied, rotation=0 sfOrientation=ORIENTATION_0
06-19 15:11:36.879  1265  2358 I vendor.qti.hardware.display.composer-service: FrameNotifyProcess Sensor: notify citsensorservice to trigger cwb
06-19 15:11:36.880  2018  7182 I libcitsensorservice@2.0-impl: msg_transfer
06-19 15:11:36.880  2018  3098 D vendor.xiaomi.sensor.citsensorservice@2.0-service: handle id:9 wxh:1280x2400 uwxuh:1080x2400 size: 9216000 fd:15 fd_meta:16 flags:0x4000228 usage:0x33  format:0x3 layer_count: 1
06-19 15:11:36.881  1265  1887 I SDM     : HWCSession::SetCWBOutputBuffer: CWB config passed by cwb_client : tappoint 1  CWB_ROI : (829.000000 4.000000 915.000000 90.000000)
06-19 15:11:36.883  1265  9114 I SDM     : HWCSession::ProcessRequests: Successfully configured CWB buffer.
06-19 15:11:36.892  1265  9114 I SDM     : HWCSession::ProcessRequests: Pushing release fence in fenece wait queue.
06-19 15:11:36.893  1265  9114 I SDM     : HWCSession::ProcessRequests: Creating AsyncFenceWaits async thread.
06-19 15:11:36.894  1265  9114 I SDM     : HWCSession::ProcessRequests: Remove current CWB request from the pending request queue.
06-19 15:11:36.894  1265  9114 I SDM     : HWCSession::ProcessRequests: No pending cwb requests found in the queue.
06-19 15:11:36.897  1265  1584 I SDM     : HWDeviceDRM::SetupConcurrentWriteback: Tear down the Concurrent Writeback topology
06-19 15:11:36.904  1265  9115 I SDM     : HWCSession::NotifyCWBStatus: Notify the client about buffer status 0.
06-19 15:11:36.904  1265  9115 I SDM     : HWCSession::PerformFenceWaits: Remove current release fence from the pending fence wait queue.
06-19 15:11:36.904  1265  9115 I SDM     : HWCSession::PerformFenceWaits: CWB fence queue is empty. No pending release fence to wait on.
06-19 15:11:36.908  2431  4067 I WindowManagerService: Physical orientation applied, rotation=0 sfOrientation=ORIENTATION_0
06-19 15:11:37.008  2431  2445 I WindowManagerService: Physical orientation applied, rotation=0 sfOrientation=ORIENTATION_0
06-19 15:11:37.074  2018  3127 D libsensor-displayalgo: the value of  brightness:438.000000,R:9257337.416282,G:8010836.415844,B:8712839.151549,EVENT_C:3451.000000,EVENT_R:1408.500000,EVENT_G:1695.500000,EVENT_B:691.500000
06-19 15:11:37.074  2018  3127 I libsensor-displayalgo: the value of  Coef1:1107.681000,Coef4:2.383000, scale1:0.935522, scale4:0.923264
06-19 15:11:37.074  2018  3127 E libsensor-displayalgo: RGB_black_white_scenario_0822!
06-19 15:11:37.074  2018  3127 I libsensor-displayalgo: the value of  RESULT289.138110,108.111655,148.343534,51.140830
06-19 15:11:37.074  2018  3127 I libsensor-displayalgo: the value of  getChannelDataCalibrated303.145524,100.132231,172.420309,55.816775
06-19 15:11:37.074  2018  3127 I libsensor-displayalgo: the value of  REAL LUX190.491135
06-19 15:11:37.074  2018  3127 I libsensor-displayalgo: the value of  CAL REAL LUX190.491135
06-19 15:11:37.115  2431  2445 I WindowManagerService: Physical orientation applied, rotation=0 sfOrientation=ORIENTATION_0
06-19 15:11:37.185  1265  2358 I vendor.qti.hardware.display.composer-service: FrameNotifyProcess Sensor: notify citsensorservice to trigger cwb
06-19 15:11:37.186  2018  7182 I libcitsensorservice@2.0-impl: msg_transfer
06-19 15:11:37.187  2018  3098 D vendor.xiaomi.sensor.citsensorservice@2.0-service: handle id:9 wxh:1280x2400 uwxuh:1080x2400 size: 9216000 fd:15 fd_meta:16 flags:0x4000228 usage:0x33  format:0x3 layer_count: 1
06-19 15:11:37.187  1265  1887 I SDM     : HWCSession::SetCWBOutputBuffer: CWB config passed by cwb_client : tappoint 1  CWB_ROI : (829.000000 4.000000 915.000000 90.000000)
06-19 15:11:37.189  1265  9116 I SDM     : HWCSession::ProcessRequests: Successfully configured CWB buffer.
06-19 15:11:37.194  1265  9116 I SDM     : HWCSession::ProcessRequests: Pushing release fence in fenece wait queue.
06-19 15:11:37.195  1265  9116 I SDM     : HWCSession::ProcessRequests: Creating AsyncFenceWaits async thread.
06-19 15:11:37.195  1265  9116 I SDM     : HWCSession::ProcessRequests: Remove current CWB request from the pending request queue.
06-19 15:11:37.196  1265  9116 I SDM     : HWCSession::ProcessRequests: No pending cwb requests found in the queue.
06-19 15:11:37.201  1265  1584 I SDM     : HWDeviceDRM::SetupConcurrentWriteback: Tear down the Concurrent Writeback topology
06-19 15:11:37.208  1265  9117 I SDM     : HWCSession::NotifyCWBStatus: Notify the client about buffer status 0.
06-19 15:11:37.209  1265  9117 I SDM     : HWCSession::PerformFenceWaits: Remove current release fence from the pending fence wait queue.
06-19 15:11:37.209  1265  9117 I SDM     : HWCSession::PerformFenceWaits: CWB fence queue is empty. No pending release fence to wait on.
06-19 15:11:37.214  2431  2445 I WindowManagerService: Physical orientation applied, rotation=0 sfOrientation=ORIENTATION_0
06-19 15:11:37.238  8409  8589 I @@@BBPLOG: Info T205D8CB0 CCronetHttpIO L271 [0x71a0f56740] OnRequestFinished, connect time: 53, dns time: 17, remote ip: 42.101.85.196
06-19 15:11:37.238  8409  8589 I @@@BBPLOG: Info T205D8CB0 CCronetHttpIO L214 [0x71a0f56740] OnSucceeded
06-19 15:11:37.245  8409  9003 I @@@BBPLOG: Info TAED3BCB0 CBPMFileIO L326 Cache done!
06-19 15:11:37.245  8409  9003 I @@@BBPLOG: Info TAED3BCB0 CCacheIO L142 Finish cache, file name /data/user/0/cn.missevan/cache/bbp/player/main/c8fd34854232402d755f37df31f0713c.bpm
06-19 15:11:37.312  2431  4067 I WindowManagerService: Physical orientation applied, rotation=0 sfOrientation=ORIENTATION_0
06-19 15:11:37.374  2018  3127 D libsensor-displayalgo: the value of  brightness:438.000000,R:9257337.416282,G:8010836.415844,B:8712839.151549,EVENT_C:3455.000000,EVENT_R:1409.000000,EVENT_G:1695.500000,EVENT_B:691.500000
06-19 15:11:37.376  2018  3127 I libsensor-displayalgo: the value of  Coef1:1107.681000,Coef4:2.383000, scale1:0.935522, scale4:0.923264
06-19 15:11:37.376  2018  3127 E libsensor-displayalgo: RGB_black_white_scenario_0822!
06-19 15:11:37.376  2018  3127 I libsensor-displayalgo: the value of  RESULT289.138110,108.111655,148.343534,51.140830
06-19 15:11:37.376  2018  3127 I libsensor-displayalgo: the value of  getChannelDataCalibrated303.145524,100.132231,172.420309,55.816775
06-19 15:11:37.376  2018  3127 I libsensor-displayalgo: the value of  REAL LUX190.754593
06-19 15:11:37.376  2018  3127 I libsensor-displayalgo: the value of  CAL REAL LUX190.754593
06-19 15:11:37.419  2431  4926 I WindowManagerService: Physical orientation applied, rotation=0 sfOrientation=ORIENTATION_0
06-19 15:11:37.489  1265  2358 I vendor.qti.hardware.display.composer-service: FrameNotifyProcess Sensor: notify citsensorservice to trigger cwb
06-19 15:11:37.490  2018  2018 I libcitsensorservice@2.0-impl: msg_transfer
06-19 15:11:37.491  2018  3098 D vendor.xiaomi.sensor.citsensorservice@2.0-service: handle id:9 wxh:1280x2400 uwxuh:1080x2400 size: 9216000 fd:15 fd_meta:16 flags:0x4000228 usage:0x33  format:0x3 layer_count: 1
06-19 15:11:37.492  1265  1887 I SDM     : HWCSession::SetCWBOutputBuffer: CWB config passed by cwb_client : tappoint 1  CWB_ROI : (829.000000 4.000000 915.000000 90.000000)
06-19 15:11:37.493  1265  9118 I SDM     : HWCSession::ProcessRequests: Successfully configured CWB buffer.
06-19 15:11:37.500  1265  9118 I SDM     : HWCSession::ProcessRequests: Pushing release fence in fenece wait queue.
06-19 15:11:37.500  1265  9118 I SDM     : HWCSession::ProcessRequests: Creating AsyncFenceWaits async thread.
06-19 15:11:37.500  1265  9118 I SDM     : HWCSession::ProcessRequests: Remove current CWB request from the pending request queue.
06-19 15:11:37.500  1265  9118 I SDM     : HWCSession::ProcessRequests: No pending cwb requests found in the queue.
06-19 15:11:37.505  1265  1584 I SDM     : HWDeviceDRM::SetupConcurrentWriteback: Tear down the Concurrent Writeback topology
06-19 15:11:37.513  1265  9119 I SDM     : HWCSession::NotifyCWBStatus: Notify the client about buffer status 0.
06-19 15:11:37.513  1265  9119 I SDM     : HWCSession::PerformFenceWaits: Remove current release fence from the pending fence wait queue.
06-19 15:11:37.513  1265  9119 I SDM     : HWCSession::PerformFenceWaits: CWB fence queue is empty. No pending release fence to wait on.
06-19 15:11:37.517  2431  4926 I WindowManagerService: Physical orientation applied, rotation=0 sfOrientation=ORIENTATION_0
06-19 15:11:37.617  2431  4926 I WindowManagerService: Physical orientation applied, rotation=0 sfOrientation=ORIENTATION_0
06-19 15:11:37.650  4233  4233 D MiPlayDetailViewModel: onPositionChange(): position = 3037
06-19 15:11:37.650  5809  9011 I SafeBinderCall: onPositionChange binder cost:1
06-19 15:11:37.673  2018  3127 D libsensor-displayalgo: the value of  brightness:438.000000,R:9257337.416282,G:8010836.415844,B:8712839.151549,EVENT_C:3451.500000,EVENT_R:1408.000000,EVENT_G:1695.000000,EVENT_B:690.000000
06-19 15:11:37.673  2018  3127 I libsensor-displayalgo: the value of  Coef1:1107.681000,Coef4:2.383000, scale1:0.935522, scale4:0.923264
06-19 15:11:37.673  2018  3127 E libsensor-displayalgo: RGB_black_white_scenario_0822!
06-19 15:11:37.673  2018  3127 I libsensor-displayalgo: the value of  RESULT289.138110,108.111655,148.343534,51.140830
06-19 15:11:37.673  2018  3127 I libsensor-displayalgo: the value of  getChannelDataCalibrated303.145524,100.132231,172.420309,55.816775
06-19 15:11:37.673  2018  3127 I libsensor-displayalgo: the value of  REAL LUX190.644394
06-19 15:11:37.673  2018  3127 I libsensor-displayalgo: the value of  CAL REAL LUX190.644394
06-19 15:11:37.716  2431  4067 I WindowManagerService: Physical orientation applied, rotation=0 sfOrientation=ORIENTATION_0
06-19 15:11:37.748  9036  9044 I issevan:channe: This is sticky GC, maxfree is 8388608 minfree is 2097152
06-19 15:11:37.788  4109  8755 D QCNEJ/NativeHalConnector: -> SND notifyDefaultNetworkChanged(1)
06-19 15:11:37.793  5405  9708 I SLM-SRV-SLAService: onCapabilitiesChanged WIFI master
06-19 15:11:37.793  1265  2358 I vendor.qti.hardware.display.composer-service: FrameNotifyProcess Sensor: notify citsensorservice to trigger cwb
06-19 15:11:37.793  2018  7182 I libcitsensorservice@2.0-impl: msg_transfer
06-19 15:11:37.794  2018  3098 D vendor.xiaomi.sensor.citsensorservice@2.0-service: handle id:9 wxh:1280x2400 uwxuh:1080x2400 size: 9216000 fd:15 fd_meta:16 flags:0x4000228 usage:0x33  format:0x3 layer_count: 1
06-19 15:11:37.794  1265  1887 I SDM     : HWCSession::SetCWBOutputBuffer: CWB config passed by cwb_client : tappoint 1  CWB_ROI : (829.000000 4.000000 915.000000 90.000000)
06-19 15:11:37.798  1265  9120 I SDM     : HWCSession::ProcessRequests: Successfully configured CWB buffer.
06-19 15:11:37.803  1265  9120 I SDM     : HWCSession::ProcessRequests: Pushing release fence in fenece wait queue.
06-19 15:11:37.805  1265  9120 I SDM     : HWCSession::ProcessRequests: Creating AsyncFenceWaits async thread.
06-19 15:11:37.805  1265  9120 I SDM     : HWCSession::ProcessRequests: Remove current CWB request from the pending request queue.
06-19 15:11:37.805  1265  9120 I SDM     : HWCSession::ProcessRequests: No pending cwb requests found in the queue.
06-19 15:11:37.810  1265  1584 I SDM     : HWDeviceDRM::SetupConcurrentWriteback: Tear down the Concurrent Writeback topology
06-19 15:11:37.817  1265  9121 I SDM     : HWCSession::NotifyCWBStatus: Notify the client about buffer status 0.
06-19 15:11:37.817  1265  9121 I SDM     : HWCSession::PerformFenceWaits: Remove current release fence from the pending fence wait queue.
06-19 15:11:37.817  1265  9121 I SDM     : HWCSession::PerformFenceWaits: CWB fence queue is empty. No pending release fence to wait on.
06-19 15:11:37.822  2431  3388 I WindowManagerService: Physical orientation applied, rotation=0 sfOrientation=ORIENTATION_0
06-19 15:11:37.905  2431  4483 I WindowManagerService: Physical orientation applied, rotation=0 sfOrientation=ORIENTATION_0
06-19 15:11:37.921  2431  4483 I WindowManagerService: Physical orientation applied, rotation=0 sfOrientation=ORIENTATION_0
06-19 15:11:37.973  2018  3127 D libsensor-displayalgo: the value of  brightness:438.000000,R:9257337.416282,G:8010836.415844,B:8712839.151549,EVENT_C:3454.500000,EVENT_R:1409.000000,EVENT_G:1696.000000,EVENT_B:690.000000
06-19 15:11:37.974  2018  3127 I libsensor-displayalgo: the value of  Coef1:1107.681000,Coef4:2.383000, scale1:0.935522, scale4:0.923264
06-19 15:11:37.974  2018  3127 E libsensor-displayalgo: RGB_black_white_scenario_0822!
06-19 15:11:37.974  2018  3127 I libsensor-displayalgo: the value of  RESULT289.138110,108.111655,148.343534,51.140830
06-19 15:11:37.974  2018  3127 I libsensor-displayalgo: the value of  getChannelDataCalibrated303.145524,100.132231,172.420309,55.816775
06-19 15:11:37.974  2018  3127 I libsensor-displayalgo: the value of  REAL LUX190.863922
06-19 15:11:37.974  2018  3127 I libsensor-displayalgo: the value of  CAL REAL LUX190.863922
06-19 15:11:38.028  2431  4483 I WindowManagerService: Physical orientation applied, rotation=0 sfOrientation=ORIENTATION_0
06-19 15:11:38.033 24643 24760 W AdaptiveDiscoveryWorker: Exiting Adaptive Discovery. Current NetworkInfo is NULL.
06-19 15:11:38.097  1265  2358 I vendor.qti.hardware.display.composer-service: FrameNotifyProcess Sensor: notify citsensorservice to trigger cwb
06-19 15:11:38.099  2018  2018 I libcitsensorservice@2.0-impl: msg_transfer
06-19 15:11:38.102  2018  3098 D vendor.xiaomi.sensor.citsensorservice@2.0-service: handle id:9 wxh:1280x2400 uwxuh:1080x2400 size: 9216000 fd:15 fd_meta:16 flags:0x4000228 usage:0x33  format:0x3 layer_count: 1
06-19 15:11:38.103  1265  1887 I SDM     : HWCSession::SetCWBOutputBuffer: CWB config passed by cwb_client : tappoint 1  CWB_ROI : (829.000000 4.000000 915.000000 90.000000)
06-19 15:11:38.104  1265  9141 I SDM     : HWCSession::ProcessRequests: Successfully configured CWB buffer.
06-19 15:11:38.109  1265  9141 I SDM     : HWCSession::ProcessRequests: Pushing release fence in fenece wait queue.
06-19 15:11:38.109  1265  9141 I SDM     : HWCSession::ProcessRequests: Creating AsyncFenceWaits async thread.
06-19 15:11:38.109  1265  9141 I SDM     : HWCSession::ProcessRequests: Remove current CWB request from the pending request queue.
06-19 15:11:38.110  1265  9141 I SDM     : HWCSession::ProcessRequests: No pending cwb requests found in the queue.
06-19 15:11:38.115  1265  1584 I SDM     : HWDeviceDRM::SetupConcurrentWriteback: Tear down the Concurrent Writeback topology
06-19 15:11:38.122  1265  9142 I SDM     : HWCSession::NotifyCWBStatus: Notify the client about buffer status 0.
06-19 15:11:38.122  1265  9142 I SDM     : HWCSession::PerformFenceWaits: Remove current release fence from the pending fence wait queue.
06-19 15:11:38.122  1265  9142 I SDM     : HWCSession::PerformFenceWaits: CWB fence queue is empty. No pending release fence to wait on.
06-19 15:11:38.127  2431  4483 I WindowManagerService: Physical orientation applied, rotation=0 sfOrientation=ORIENTATION_0
06-19 15:11:38.226  2431  3388 I WindowManagerService: Physical orientation applied, rotation=0 sfOrientation=ORIENTATION_0
06-19 15:11:38.273  2018  3127 D libsensor-displayalgo: the value of  brightness:438.000000,R:9257337.416282,G:8010836.415844,B:8712839.151549,EVENT_C:3450.500000,EVENT_R:1408.000000,EVENT_G:1694.000000,EVENT_B:689.500000
06-19 15:11:38.274  2018  3127 I libsensor-displayalgo: the value of  Coef1:1107.681000,Coef4:2.383000, scale1:0.935522, scale4:0.923264
06-19 15:11:38.274  2018  3127 E libsensor-displayalgo: RGB_black_white_scenario_0822!
06-19 15:11:38.274  2018  3127 I libsensor-displayalgo: the value of  RESULT289.138110,108.111655,148.343534,51.140830
06-19 15:11:38.274  2018  3127 I libsensor-displayalgo: the value of  getChannelDataCalibrated303.145524,100.132231,172.420309,55.816775
06-19 15:11:38.274  2018  3127 I libsensor-displayalgo: the value of  REAL LUX190.568924
06-19 15:11:38.274  2018  3127 I libsensor-displayalgo: the value of  CAL REAL LUX190.568924
06-19 15:11:38.325  2431  3388 I WindowManagerService: Physical orientation applied, rotation=0 sfOrientation=ORIENTATION_0
06-19 15:11:38.339   680   680 I servicemanager: Since 'apexservice' could not be found, trying to start it as a lazy AIDL service
06-19 15:11:38.355  8680  8709 D com.milink.runtime:new_milink:MessengerService: tick for 10123-5809
06-19 15:11:38.357  8680  8709 D com.milink.runtime:new_milink:MessengerService: tick for 1000-4824
06-19 15:11:38.358  8680  8709 D com.milink.runtime:new_milink:MessengerService: tick for 10114-4681
06-19 15:11:38.359  8680  8709 D com.milink.runtime:new_milink:MessengerService: set next timeout check task
06-19 15:11:38.363  8680  8693 I com.milink.runtime:new_milink:DataContentProvider: Call content://provider.milink.mi.com/messenger#poll from com.xiaomi.mirror, content://provider.milink.mi.com/messenger#poll
06-19 15:11:38.365  4824  8722 I com.xiaomi.mirror:new_milink:MessengerClient: empty packet, skip it.
06-19 15:11:38.366  8680  8693 I com.milink.runtime:new_milink:DataContentProvider: Call content://provider.milink.mi.com/messenger#poll from com.milink.service, content://provider.milink.mi.com/messenger#poll
06-19 15:11:38.366  5809  8723 I com.milink.service:audio:new_milink:MessengerClient: empty packet, skip it.
06-19 15:11:38.376   680   680 I BpBinder: onLastStrongRef automatically unlinking death recipients: <uncached descriptor>
06-19 15:11:38.376   680   680 I servicemanager: Tried to unregister apexservice, but there is about to be a client.
06-19 15:11:38.402  1265  2358 I vendor.qti.hardware.display.composer-service: FrameNotifyProcess Sensor: notify citsensorservice to trigger cwb
06-19 15:11:38.403  2018  2018 I libcitsensorservice@2.0-impl: msg_transfer
06-19 15:11:38.404  2018  3098 D vendor.xiaomi.sensor.citsensorservice@2.0-service: handle id:9 wxh:1280x2400 uwxuh:1080x2400 size: 9216000 fd:15 fd_meta:16 flags:0x4000228 usage:0x33  format:0x3 layer_count: 1
06-19 15:11:38.404  1265  1887 I SDM     : HWCSession::SetCWBOutputBuffer: CWB config passed by cwb_client : tappoint 1  CWB_ROI : (829.000000 4.000000 915.000000 90.000000)
06-19 15:11:38.405  1265  9157 I SDM     : HWCSession::ProcessRequests: Successfully configured CWB buffer.
06-19 15:11:38.413  1265  9157 I SDM     : HWCSession::ProcessRequests: Pushing release fence in fenece wait queue.
06-19 15:11:38.413  1265  9157 I SDM     : HWCSession::ProcessRequests: Creating AsyncFenceWaits async thread.
06-19 15:11:38.414  1265  9157 I SDM     : HWCSession::ProcessRequests: Remove current CWB request from the pending request queue.
06-19 15:11:38.414  1265  9157 I SDM     : HWCSession::ProcessRequests: No pending cwb requests found in the queue.
06-19 15:11:38.419  1265  1584 I SDM     : HWDeviceDRM::SetupConcurrentWriteback: Tear down the Concurrent Writeback topology
06-19 15:11:38.426  1265  9158 I SDM     : HWCSession::NotifyCWBStatus: Notify the client about buffer status 0.
06-19 15:11:38.426  1265  9158 I SDM     : HWCSession::PerformFenceWaits: Remove current release fence from the pending fence wait queue.
06-19 15:11:38.426  1265  9158 I SDM     : HWCSession::PerformFenceWaits: CWB fence queue is empty. No pending release fence to wait on.
06-19 15:11:38.431  2431  4483 I WindowManagerService: Physical orientation applied, rotation=0 sfOrientation=ORIENTATION_0
06-19 15:11:38.532  2431  4483 I WindowManagerService: Physical orientation applied, rotation=0 sfOrientation=ORIENTATION_0
06-19 15:11:38.573  2018  3127 D libsensor-displayalgo: the value of  brightness:438.000000,R:9257337.416282,G:8010836.415844,B:8712839.151549,EVENT_C:3450.500000,EVENT_R:1409.500000,EVENT_G:1694.000000,EVENT_B:690.000000
06-19 15:11:38.573  2018  3127 I libsensor-displayalgo: the value of  Coef1:1107.681000,Coef4:2.383000, scale1:0.935522, scale4:0.923264
06-19 15:11:38.573  2018  3127 E libsensor-displayalgo: RGB_black_white_scenario_0822!
06-19 15:11:38.573  2018  3127 I libsensor-displayalgo: the value of  RESULT289.138110,108.111655,148.343534,51.140830
06-19 15:11:38.574  2018  3127 I libsensor-displayalgo: the value of  getChannelDataCalibrated303.145524,100.132231,172.420309,55.816775
06-19 15:11:38.574  2018  3127 I libsensor-displayalgo: the value of  REAL LUX190.471756
06-19 15:11:38.574  2018  3127 I libsensor-displayalgo: the value of  CAL REAL LUX190.471756
06-19 15:11:38.629  2431  4483 I WindowManagerService: Physical orientation applied, rotation=0 sfOrientation=ORIENTATION_0
06-19 15:11:38.651  5809  9011 I SafeBinderCall: onPositionChange binder cost:1
06-19 15:11:38.651  4233  4233 D MiPlayDetailViewModel: onPositionChange(): position = 4037
06-19 15:11:38.706  1265  2358 I vendor.qti.hardware.display.composer-service: FrameNotifyProcess Sensor: notify citsensorservice to trigger cwb
06-19 15:11:38.710  2018  3874 I libcitsensorservice@2.0-impl: msg_transfer
06-19 15:11:38.711  2018  3098 D vendor.xiaomi.sensor.citsensorservice@2.0-service: handle id:9 wxh:1280x2400 uwxuh:1080x2400 size: 9216000 fd:15 fd_meta:16 flags:0x4000228 usage:0x33  format:0x3 layer_count: 1
06-19 15:11:38.711  1265  1887 I SDM     : HWCSession::SetCWBOutputBuffer: CWB config passed by cwb_client : tappoint 1  CWB_ROI : (829.000000 4.000000 915.000000 90.000000)
06-19 15:11:38.712  1265  9169 I SDM     : HWCSession::ProcessRequests: Successfully configured CWB buffer.
06-19 15:11:38.718  1265  9169 I SDM     : HWCSession::ProcessRequests: Pushing release fence in fenece wait queue.
06-19 15:11:38.719  1265  9169 I SDM     : HWCSession::ProcessRequests: Creating AsyncFenceWaits async thread.
06-19 15:11:38.719  1265  9169 I SDM     : HWCSession::ProcessRequests: Remove current CWB request from the pending request queue.
06-19 15:11:38.719  1265  9169 I SDM     : HWCSession::ProcessRequests: No pending cwb requests found in the queue.
06-19 15:11:38.724  1265  1584 I SDM     : HWDeviceDRM::SetupConcurrentWriteback: Tear down the Concurrent Writeback topology
06-19 15:11:38.731  1265  9170 I SDM     : HWCSession::NotifyCWBStatus: Notify the client about buffer status 0.
06-19 15:11:38.732  1265  9170 I SDM     : HWCSession::PerformFenceWaits: Remove current release fence from the pending fence wait queue.
06-19 15:11:38.732  1265  9170 I SDM     : HWCSession::PerformFenceWaits: CWB fence queue is empty. No pending release fence to wait on.
06-19 15:11:38.737  2431  2445 I WindowManagerService: Physical orientation applied, rotation=0 sfOrientation=ORIENTATION_0
06-19 15:11:38.836  2431  2445 I WindowManagerService: Physical orientation applied, rotation=0 sfOrientation=ORIENTATION_0
06-19 15:11:38.876  2018  3127 D libsensor-displayalgo: the value of  brightness:438.000000,R:9257337.416282,G:8010836.415844,B:8712839.151549,EVENT_C:3452.000000,EVENT_R:1407.500000,EVENT_G:1694.000000,EVENT_B:690.500000
06-19 15:11:38.876  2018  3127 I libsensor-displayalgo: the value of  Coef1:1107.681000,Coef4:2.383000, scale1:0.935522, scale4:0.923264
06-19 15:11:38.876  2018  3127 E libsensor-displayalgo: RGB_black_white_scenario_0822!
06-19 15:11:38.876  2018  3127 I libsensor-displayalgo: the value of  RESULT289.138110,108.111655,148.343534,51.140830
06-19 15:11:38.876  2018  3127 I libsensor-displayalgo: the value of  getChannelDataCalibrated303.145524,100.132231,172.420309,55.816775
06-19 15:11:38.876  2018  3127 I libsensor-displayalgo: the value of  REAL LUX190.612396
06-19 15:11:38.876  2018  3127 I libsensor-displayalgo: the value of  CAL REAL LUX190.612396
06-19 15:11:38.933  2431  2445 I WindowManagerService: Physical orientation applied, rotation=0 sfOrientation=ORIENTATION_0
06-19 15:11:39.011  1265  2358 I vendor.qti.hardware.display.composer-service: FrameNotifyProcess Sensor: notify citsensorservice to trigger cwb
06-19 15:11:39.011  2018  3874 I libcitsensorservice@2.0-impl: msg_transfer
06-19 15:11:39.011  2018  3098 D vendor.xiaomi.sensor.citsensorservice@2.0-service: handle id:9 wxh:1280x2400 uwxuh:1080x2400 size: 9216000 fd:15 fd_meta:16 flags:0x4000228 usage:0x33  format:0x3 layer_count: 1
06-19 15:11:39.014  1265  1887 I SDM     : HWCSession::SetCWBOutputBuffer: CWB config passed by cwb_client : tappoint 1  CWB_ROI : (829.000000 4.000000 915.000000 90.000000)
06-19 15:11:39.015  1265  9193 I SDM     : HWCSession::ProcessRequests: Successfully configured CWB buffer.
06-19 15:11:39.022  1265  9193 I SDM     : HWCSession::ProcessRequests: Pushing release fence in fenece wait queue.
06-19 15:11:39.022  1265  9193 I SDM     : HWCSession::ProcessRequests: Creating AsyncFenceWaits async thread.
06-19 15:11:39.022  1265  9193 I SDM     : HWCSession::ProcessRequests: Remove current CWB request from the pending request queue.
06-19 15:11:39.022  1265  9193 I SDM     : HWCSession::ProcessRequests: No pending cwb requests found in the queue.
