06-08 15:49:53.030  1977  2987 D vendor.xiaomi.sensor.citsensorservice@2.0-service: handle id:8 wxh:1280x2400 uwxuh:1080x2400 size: 9216000 fd:15 fd_meta:16 flags:0x4000228 usage:0x33  format:0x3 layer_count: 1
06-08 15:49:53.030  1245  3014 I SDM     : HWCSession::SetCWBOutputBuffer: CWB config passed by cwb_client : tappoint 1  CWB_ROI : (829.000000 4.000000 915.000000 90.000000)
06-08 15:49:53.032  1245  7030 I SDM     : HWCSession::ProcessRequests: Successfully configured CWB buffer.
06-08 15:49:53.039  1245  7030 I SDM     : HWCSession::ProcessRequests: Pushing release fence in fenece wait queue.
06-08 15:49:53.040  1245  7030 I SDM     : HWCSession::ProcessRequests: Creating AsyncFenceWaits async thread.
06-08 15:49:53.040  1245  7030 I SDM     : HWCSession::ProcessRequests: Remove current CWB request from the pending request queue.
06-08 15:49:53.040  1245  7030 I SDM     : HWCSession::ProcessRequests: No pending cwb requests found in the queue.
06-08 15:49:53.046  1245  1464 I SDM     : HWDeviceDRM::SetupConcurrentWriteback: Tear down the Concurrent Writeback topology
06-08 15:49:53.053  1245  7031 I SDM     : HWCSession::NotifyCWBStatus: Notify the client about buffer status 0.
06-08 15:49:53.053  1245  7031 I SDM     : HWCSession::PerformFenceWaits: Remove current release fence from the pending fence wait queue.
06-08 15:49:53.053  1245  7031 I SDM     : HWCSession::PerformFenceWaits: CWB fence queue is empty. No pending release fence to wait on.
06-08 15:49:53.106  1977  2997 D libsensor-displayalgo: the value of  brightness:410.000000,R:77296384.557271,G:77297133.237939,B:77313059.061408,EVENT_C:6828.500000,EVENT_R:2642.500000,EVENT_G:3447.500000,EVENT_B:1395.500000
06-08 15:49:53.106  1977  2997 I libsensor-displayalgo: the value of  Coef1:1107.681000,Coef4:2.383000, scale1:0.935522, scale4:0.923264
06-08 15:49:53.106  1977  2997 E libsensor-displayalgo: RGB_test_0407_400_oldzy!
06-08 15:49:53.106  1977  2997 I libsensor-displayalgo: the value of  RESULT2996.964821,1184.130340,1455.730426,544.012232
06-08 15:49:53.107  1977  2997 I libsensor-displayalgo: the value of  getChannelDataCalibrated3134.585415,1097.131011,1686.489833,590.771633
06-08 15:49:53.107  1977  2997 I libsensor-displayalgo: the value of  REAL LUX217.187164
06-08 15:49:53.107  1977  2997 I libsensor-displayalgo: the value of  CAL REAL LUX217.187164
06-08 15:49:53.342  1245  2285 I vendor.qti.hardware.display.composer-service: FrameNotifyProcess Sensor: notify citsensorservice to trigger cwb
06-08 15:49:53.342  1977 18363 I libcitsensorservice@2.0-impl: msg_transfer
06-08 15:49:53.343  1977  2987 D vendor.xiaomi.sensor.citsensorservice@2.0-service: handle id:8 wxh:1280x2400 uwxuh:1080x2400 size: 9216000 fd:15 fd_meta:16 flags:0x4000228 usage:0x33  format:0x3 layer_count: 1
06-08 15:49:53.344  1245  3014 I SDM     : HWCSession::SetCWBOutputBuffer: CWB config passed by cwb_client : tappoint 1  CWB_ROI : (829.000000 4.000000 915.000000 90.000000)
06-08 15:49:53.346  1245  7032 I SDM     : HWCSession::ProcessRequests: Successfully configured CWB buffer.
06-08 15:49:53.353  1245  7032 I SDM     : HWCSession::ProcessRequests: Pushing release fence in fenece wait queue.
06-08 15:49:53.353  1245  7032 I SDM     : HWCSession::ProcessRequests: Creating AsyncFenceWaits async thread.
06-08 15:49:53.353  1245  7032 I SDM     : HWCSession::ProcessRequests: Remove current CWB request from the pending request queue.
06-08 15:49:53.353  1245  7032 I SDM     : HWCSession::ProcessRequests: No pending cwb requests found in the queue.
06-08 15:49:53.359  1245  1464 I SDM     : HWDeviceDRM::SetupConcurrentWriteback: Tear down the Concurrent Writeback topology
06-08 15:49:53.366  1245  7033 I SDM     : HWCSession::NotifyCWBStatus: Notify the client about buffer status 0.
06-08 15:49:53.367  1245  7033 I SDM     : HWCSession::PerformFenceWaits: Remove current release fence from the pending fence wait queue.
06-08 15:49:53.368  1245  7033 I SDM     : HWCSession::PerformFenceWaits: CWB fence queue is empty. No pending release fence to wait on.
06-08 15:49:53.400 21969 22284 D WorkerThreadMonitor: Kill MSF check result[ senderSize:0,sendInterval:293878,receiveInterval=23676,addCmdCount=118
06-08 15:49:53.504  1977  2997 D libsensor-displayalgo: the value of  brightness:410.000000,R:77296384.557271,G:77297133.237939,B:77313059.061408,EVENT_C:6802.500000,EVENT_R:2634.000000,EVENT_G:3435.000000,EVENT_B:1387.000000
06-08 15:49:53.505  1977  2997 I libsensor-displayalgo: the value of  Coef1:1107.681000,Coef4:2.383000, scale1:0.935522, scale4:0.923264
06-08 15:49:53.505  1977  2997 E libsensor-displayalgo: RGB_test_0407_400_oldzy!
06-08 15:49:53.505  1977  2997 I libsensor-displayalgo: the value of  RESULT2996.964821,1184.130340,1455.730426,544.012232
06-08 15:49:53.505  1977  2997 I libsensor-displayalgo: the value of  getChannelDataCalibrated3134.585415,1097.131011,1686.489833,590.771633
06-08 15:49:53.505  1977  2997 I libsensor-displayalgo: the value of  REAL LUX215.794449
06-08 15:49:53.505  1977  2997 I libsensor-displayalgo: the value of  CAL REAL LUX215.794449
06-08 15:49:53.672  1245  2285 I vendor.qti.hardware.display.composer-service: FrameNotifyProcess Sensor: notify citsensorservice to trigger cwb
06-08 15:49:53.672  1977 18363 I libcitsensorservice@2.0-impl: msg_transfer
06-08 15:49:53.672  1977  2987 D vendor.xiaomi.sensor.citsensorservice@2.0-service: handle id:8 wxh:1280x2400 uwxuh:1080x2400 size: 9216000 fd:15 fd_meta:16 flags:0x4000228 usage:0x33  format:0x3 layer_count: 1
06-08 15:49:53.673  1245  3014 I SDM     : HWCSession::SetCWBOutputBuffer: CWB config passed by cwb_client : tappoint 1  CWB_ROI : (829.000000 4.000000 915.000000 90.000000)
06-08 15:49:53.674  1245  7036 I SDM     : HWCSession::ProcessRequests: Successfully configured CWB buffer.
06-08 15:49:53.682  1245  7036 I SDM     : HWCSession::ProcessRequests: Pushing release fence in fenece wait queue.
06-08 15:49:53.682  1245  7036 I SDM     : HWCSession::ProcessRequests: Creating AsyncFenceWaits async thread.
06-08 15:49:53.683  1245  7036 I SDM     : HWCSession::ProcessRequests: Remove current CWB request from the pending request queue.
06-08 15:49:53.683  1245  7036 I SDM     : HWCSession::ProcessRequests: No pending cwb requests found in the queue.
06-08 15:49:53.689  1245  1464 I SDM     : HWDeviceDRM::SetupConcurrentWriteback: Tear down the Concurrent Writeback topology
06-08 15:49:53.695  1245  7040 I SDM     : HWCSession::NotifyCWBStatus: Notify the client about buffer status 0.
06-08 15:49:53.696  1245  7040 I SDM     : HWCSession::PerformFenceWaits: Remove current release fence from the pending fence wait queue.
06-08 15:49:53.696  1245  7040 I SDM     : HWCSession::PerformFenceWaits: CWB fence queue is empty. No pending release fence to wait on.
06-08 15:49:53.805  1977  2997 D libsensor-displayalgo: the value of  brightness:410.000000,R:77296384.557271,G:77297133.237939,B:77313059.061408,EVENT_C:6792.500000,EVENT_R:2633.000000,EVENT_G:3430.000000,EVENT_B:1384.500000
06-08 15:49:53.806  1977  2997 I libsensor-displayalgo: the value of  Coef1:1107.681000,Coef4:2.383000, scale1:0.935522, scale4:0.923264
06-08 15:49:53.806  1977  2997 E libsensor-displayalgo: RGB_test_0407_400_oldzy!
06-08 15:49:53.806  1977  2997 I libsensor-displayalgo: the value of  RESULT2996.964821,1184.130340,1455.730426,544.012232
06-08 15:49:53.806  1977  2997 I libsensor-displayalgo: the value of  getChannelDataCalibrated3134.585415,1097.131011,1686.489833,590.771633
06-08 15:49:53.806  1977  2997 I libsensor-displayalgo: the value of  REAL LUX215.101990
06-08 15:49:53.806  1977  2997 I libsensor-displayalgo: the value of  CAL REAL LUX215.101990
06-08 15:49:53.976  1245  2285 I vendor.qti.hardware.display.composer-service: FrameNotifyProcess Sensor: notify citsensorservice to trigger cwb
06-08 15:49:53.977  1977  2106 I libcitsensorservice@2.0-impl: msg_transfer
06-08 15:49:53.977  1977  2987 D vendor.xiaomi.sensor.citsensorservice@2.0-service: handle id:8 wxh:1280x2400 uwxuh:1080x2400 size: 9216000 fd:15 fd_meta:16 flags:0x4000228 usage:0x33  format:0x3 layer_count: 1
06-08 15:49:53.978  1245  3014 I SDM     : HWCSession::SetCWBOutputBuffer: CWB config passed by cwb_client : tappoint 1  CWB_ROI : (829.000000 4.000000 915.000000 90.000000)
06-08 15:49:53.979  1245  7041 I SDM     : HWCSession::ProcessRequests: Successfully configured CWB buffer.
06-08 15:49:53.987  1245  7041 I SDM     : HWCSession::ProcessRequests: Pushing release fence in fenece wait queue.
06-08 15:49:53.987  1245  7041 I SDM     : HWCSession::ProcessRequests: Creating AsyncFenceWaits async thread.
06-08 15:49:53.987  1245  7041 I SDM     : HWCSession::ProcessRequests: Remove current CWB request from the pending request queue.
06-08 15:49:53.988  1245  7041 I SDM     : HWCSession::ProcessRequests: No pending cwb requests found in the queue.
06-08 15:49:53.993  1245  1464 I SDM     : HWDeviceDRM::SetupConcurrentWriteback: Tear down the Concurrent Writeback topology
06-08 15:49:54.000  1245  7042 I SDM     : HWCSession::NotifyCWBStatus: Notify the client about buffer status 0.
06-08 15:49:54.000  1245  7042 I SDM     : HWCSession::PerformFenceWaits: Remove current release fence from the pending fence wait queue.
06-08 15:49:54.000  1245  7042 I SDM     : HWCSession::PerformFenceWaits: CWB fence queue is empty. No pending release fence to wait on.
06-08 15:49:54.105  1977  2997 D libsensor-displayalgo: the value of  brightness:410.000000,R:77296384.557271,G:77297133.237939,B:77313059.061408,EVENT_C:6811.000000,EVENT_R:2641.000000,EVENT_G:3438.000000,EVENT_B:1388.000000
06-08 15:49:54.105  1977  2997 I libsensor-displayalgo: the value of  Coef1:1107.681000,Coef4:2.383000, scale1:0.935522, scale4:0.923264
06-08 15:49:54.105  1977  2997 E libsensor-displayalgo: RGB_test_0407_400_oldzy!
06-08 15:49:54.106  1977  2997 I libsensor-displayalgo: the value of  RESULT2996.964821,1184.130340,1455.730426,544.012232
06-08 15:49:54.106  1977  2997 I libsensor-displayalgo: the value of  getChannelDataCalibrated3134.585415,1097.131011,1686.489833,590.771633
06-08 15:49:54.106  1977  2997 I libsensor-displayalgo: the value of  REAL LUX216.185669
06-08 15:49:54.106  1977  2997 I libsensor-displayalgo: the value of  CAL REAL LUX216.185669
06-08 15:49:54.280  1245  2285 I vendor.qti.hardware.display.composer-service: FrameNotifyProcess Sensor: notify citsensorservice to trigger cwb
06-08 15:49:54.282  1977  2106 I libcitsensorservice@2.0-impl: msg_transfer
06-08 15:49:54.283  1977  2987 D vendor.xiaomi.sensor.citsensorservice@2.0-service: handle id:8 wxh:1280x2400 uwxuh:1080x2400 size: 9216000 fd:15 fd_meta:16 flags:0x4000228 usage:0x33  format:0x3 layer_count: 1
06-08 15:49:54.283  1245  3014 I SDM     : HWCSession::SetCWBOutputBuffer: CWB config passed by cwb_client : tappoint 1  CWB_ROI : (829.000000 4.000000 915.000000 90.000000)
06-08 15:49:54.284  1245  7043 I SDM     : HWCSession::ProcessRequests: Successfully configured CWB buffer.
06-08 15:49:54.292  1245  7043 I SDM     : HWCSession::ProcessRequests: Pushing release fence in fenece wait queue.
06-08 15:49:54.292  1245  7043 I SDM     : HWCSession::ProcessRequests: Creating AsyncFenceWaits async thread.
06-08 15:49:54.293  1245  7043 I SDM     : HWCSession::ProcessRequests: Remove current CWB request from the pending request queue.
06-08 15:49:54.293  1245  7043 I SDM     : HWCSession::ProcessRequests: No pending cwb requests found in the queue.
06-08 15:49:54.297  1245  1464 I SDM     : HWDeviceDRM::SetupConcurrentWriteback: Tear down the Concurrent Writeback topology
06-08 15:49:54.304  1245  7044 I SDM     : HWCSession::NotifyCWBStatus: Notify the client about buffer status 0.
06-08 15:49:54.304  1245  7044 I SDM     : HWCSession::PerformFenceWaits: Remove current release fence from the pending fence wait queue.
06-08 15:49:54.304  1245  7044 I SDM     : HWCSession::PerformFenceWaits: CWB fence queue is empty. No pending release fence to wait on.
06-08 15:49:54.405  1977  2997 D libsensor-displayalgo: the value of  brightness:410.000000,R:77296384.557271,G:77297133.237939,B:77313059.061408,EVENT_C:6834.500000,EVENT_R:2648.000000,EVENT_G:3451.000000,EVENT_B:1396.500000
06-08 15:49:54.405  1977  2997 I libsensor-displayalgo: the value of  Coef1:1107.681000,Coef4:2.383000, scale1:0.935522, scale4:0.923264
06-08 15:49:54.405  1977  2997 E libsensor-displayalgo: RGB_test_0407_400_oldzy!
06-08 15:49:54.406  1977  2997 I libsensor-displayalgo: the value of  RESULT2996.964821,1184.130340,1455.730426,544.012232
06-08 15:49:54.406  1977  2997 I libsensor-displayalgo: the value of  getChannelDataCalibrated3134.585415,1097.131011,1686.489833,590.771633
06-08 15:49:54.406  1977  2997 I libsensor-displayalgo: the value of  REAL LUX217.481262
06-08 15:49:54.406  1977  2997 I libsensor-displayalgo: the value of  CAL REAL LUX217.481262
06-08 15:49:54.626  1245  2285 I vendor.qti.hardware.display.composer-service: FrameNotifyProcess Sensor: notify citsensorservice to trigger cwb
06-08 15:49:54.626  1977  3798 I libcitsensorservice@2.0-impl: msg_transfer
06-08 15:49:54.627  1977  2987 D vendor.xiaomi.sensor.citsensorservice@2.0-service: handle id:8 wxh:1280x2400 uwxuh:1080x2400 size: 9216000 fd:15 fd_meta:16 flags:0x4000228 usage:0x33  format:0x3 layer_count: 1
06-08 15:49:54.627  1245  3014 I SDM     : HWCSession::SetCWBOutputBuffer: CWB config passed by cwb_client : tappoint 1  CWB_ROI : (829.000000 4.000000 915.000000 90.000000)
06-08 15:49:54.629  1245  7053 I SDM     : HWCSession::ProcessRequests: Successfully configured CWB buffer.
06-08 15:49:54.637  1245  7053 I SDM     : HWCSession::ProcessRequests: Pushing release fence in fenece wait queue.
06-08 15:49:54.637  1245  7053 I SDM     : HWCSession::ProcessRequests: Creating AsyncFenceWaits async thread.
06-08 15:49:54.637  1245  7053 I SDM     : HWCSession::ProcessRequests: Remove current CWB request from the pending request queue.
06-08 15:49:54.637  1245  7053 I SDM     : HWCSession::ProcessRequests: No pending cwb requests found in the queue.
06-08 15:49:54.642  1245  1464 I SDM     : HWDeviceDRM::SetupConcurrentWriteback: Tear down the Concurrent Writeback topology
06-08 15:49:54.650  1245  7054 I SDM     : HWCSession::NotifyCWBStatus: Notify the client about buffer status 0.
06-08 15:49:54.650  1245  7054 I SDM     : HWCSession::PerformFenceWaits: Remove current release fence from the pending fence wait queue.
06-08 15:49:54.650  1245  7054 I SDM     : HWCSession::PerformFenceWaits: CWB fence queue is empty. No pending release fence to wait on.
06-08 15:49:54.705  1977  2997 D libsensor-displayalgo: the value of  brightness:410.000000,R:77296384.557271,G:77297133.237939,B:77313059.061408,EVENT_C:6836.500000,EVENT_R:2645.500000,EVENT_G:3454.500000,EVENT_B:1399.000000
06-08 15:49:54.705  1977  2997 I libsensor-displayalgo: the value of  Coef1:1107.681000,Coef4:2.383000, scale1:0.935522, scale4:0.923264
06-08 15:49:54.705  1977  2997 E libsensor-displayalgo: RGB_test_0407_400_oldzy!
06-08 15:49:54.706  1977  2997 I libsensor-displayalgo: the value of  RESULT2996.964821,1184.130340,1455.730426,544.012232
06-08 15:49:54.706  1977  2997 I libsensor-displayalgo: the value of  getChannelDataCalibrated3134.585415,1097.131011,1686.489833,590.771633
06-08 15:49:54.706  1977  2997 I libsensor-displayalgo: the value of  REAL LUX217.672852
06-08 15:49:54.706  1977  2997 I libsensor-displayalgo: the value of  CAL REAL LUX217.672852
06-08 15:49:54.939  1245  2285 I vendor.qti.hardware.display.composer-service: FrameNotifyProcess Sensor: notify citsensorservice to trigger cwb
06-08 15:49:54.939  1977  3798 I libcitsensorservice@2.0-impl: msg_transfer
06-08 15:49:54.941  1977  2987 D vendor.xiaomi.sensor.citsensorservice@2.0-service: handle id:8 wxh:1280x2400 uwxuh:1080x2400 size: 9216000 fd:15 fd_meta:16 flags:0x4000228 usage:0x33  format:0x3 layer_count: 1
06-08 15:49:54.942  1245  3014 I SDM     : HWCSession::SetCWBOutputBuffer: CWB config passed by cwb_client : tappoint 1  CWB_ROI : (829.000000 4.000000 915.000000 90.000000)
06-08 15:49:54.944  1245  7056 I SDM     : HWCSession::ProcessRequests: Successfully configured CWB buffer.
06-08 15:49:54.950  1245  7056 I SDM     : HWCSession::ProcessRequests: Pushing release fence in fenece wait queue.
06-08 15:49:54.950  1245  7056 I SDM     : HWCSession::ProcessRequests: Creating AsyncFenceWaits async thread.
06-08 15:49:54.951  1245  7056 I SDM     : HWCSession::ProcessRequests: Remove current CWB request from the pending request queue.
06-08 15:49:54.951  1245  7056 I SDM     : HWCSession::ProcessRequests: No pending cwb requests found in the queue.
06-08 15:49:54.956  1245  1464 I SDM     : HWDeviceDRM::SetupConcurrentWriteback: Tear down the Concurrent Writeback topology
06-08 15:49:54.963  1245  7057 I SDM     : HWCSession::NotifyCWBStatus: Notify the client about buffer status 0.
06-08 15:49:54.963  1245  7057 I SDM     : HWCSession::PerformFenceWaits: Remove current release fence from the pending fence wait queue.
06-08 15:49:54.963  1245  7057 I SDM     : HWCSession::PerformFenceWaits: CWB fence queue is empty. No pending release fence to wait on.
06-08 15:49:55.105  1977  2997 D libsensor-displayalgo: the value of  brightness:410.000000,R:77296384.557271,G:77297133.237939,B:77313059.061408,EVENT_C:6781.000000,EVENT_R:2632.500000,EVENT_G:3420.500000,EVENT_B:1383.500000
06-08 15:49:55.106  1977  2997 I libsensor-displayalgo: the value of  Coef1:1107.681000,Coef4:2.383000, scale1:0.935522, scale4:0.923264
06-08 15:49:55.106  1977  2997 E libsensor-displayalgo: RGB_test_0407_400_oldzy!
06-08 15:49:55.106  1977  2997 I libsensor-displayalgo: the value of  RESULT2996.964821,1184.130340,1455.730426,544.012232
06-08 15:49:55.106  1977  2997 I libsensor-displayalgo: the value of  getChannelDataCalibrated3134.585415,1097.131011,1686.489833,590.771633
06-08 15:49:55.106  1977  2997 I libsensor-displayalgo: the value of  REAL LUX213.958221
06-08 15:49:55.106  1977  2997 I libsensor-displayalgo: the value of  CAL REAL LUX213.958221
06-08 15:49:55.243  1245  2285 I vendor.qti.hardware.display.composer-service: FrameNotifyProcess Sensor: notify citsensorservice to trigger cwb
06-08 15:49:55.244  1977  3798 I libcitsensorservice@2.0-impl: msg_transfer
06-08 15:49:55.244  1977  2987 D vendor.xiaomi.sensor.citsensorservice@2.0-service: handle id:8 wxh:1280x2400 uwxuh:1080x2400 size: 9216000 fd:15 fd_meta:16 flags:0x4000228 usage:0x33  format:0x3 layer_count: 1
06-08 15:49:55.245  1245  3014 I SDM     : HWCSession::SetCWBOutputBuffer: CWB config passed by cwb_client : tappoint 1  CWB_ROI : (829.000000 4.000000 915.000000 90.000000)
06-08 15:49:55.245  1245  7058 I SDM     : HWCSession::ProcessRequests: Successfully configured CWB buffer.
06-08 15:49:55.254  1245  7058 I SDM     : HWCSession::ProcessRequests: Pushing release fence in fenece wait queue.
06-08 15:49:55.254  1245  7058 I SDM     : HWCSession::ProcessRequests: Creating AsyncFenceWaits async thread.
06-08 15:49:55.254  1245  7058 I SDM     : HWCSession::ProcessRequests: Remove current CWB request from the pending request queue.
06-08 15:49:55.254  1245  7058 I SDM     : HWCSession::ProcessRequests: No pending cwb requests found in the queue.
06-08 15:49:55.261  1245  1464 I SDM     : HWDeviceDRM::SetupConcurrentWriteback: Tear down the Concurrent Writeback topology
06-08 15:49:55.267  1245  7059 I SDM     : HWCSession::NotifyCWBStatus: Notify the client about buffer status 0.
06-08 15:49:55.268  1245  7059 I SDM     : HWCSession::PerformFenceWaits: Remove current release fence from the pending fence wait queue.
06-08 15:49:55.268  1245  7059 I SDM     : HWCSession::PerformFenceWaits: CWB fence queue is empty. No pending release fence to wait on.
06-08 15:49:55.405  1977  2997 D libsensor-displayalgo: the value of  brightness:410.000000,R:77296384.557271,G:77297133.237939,B:77313059.061408,EVENT_C:6804.000000,EVENT_R:2641.500000,EVENT_G:3434.000000,EVENT_B:1387.500000
06-08 15:49:55.405  1977  2997 I libsensor-displayalgo: the value of  Coef1:1107.681000,Coef4:2.383000, scale1:0.935522, scale4:0.923264
06-08 15:49:55.405  1977  2997 E libsensor-displayalgo: RGB_test_0407_400_oldzy!
06-08 15:49:55.406  1977  2997 I libsensor-displayalgo: the value of  RESULT2996.964821,1184.130340,1455.730426,544.012232
06-08 15:49:55.406  1977  2997 I libsensor-displayalgo: the value of  getChannelDataCalibrated3134.585415,1097.131011,1686.489833,590.771633
06-08 15:49:55.406  1977  2997 I libsensor-displayalgo: the value of  REAL LUX215.531403
06-08 15:49:55.406  1977  2997 I libsensor-displayalgo: the value of  CAL REAL LUX215.531403
06-08 15:49:55.457  2403  2605 W ActivityManager: Unable to start service Intent { cmp=com.miui.powerkeeper/.perfshielder.PerfShielderStatisticsService } U=0: not found
06-08 15:49:55.565  1245  2285 I vendor.qti.hardware.display.composer-service: FrameNotifyProcess Sensor: notify citsensorservice to trigger cwb
06-08 15:49:55.566  1977  3798 I libcitsensorservice@2.0-impl: msg_transfer
06-08 15:49:55.566  1977  2987 D vendor.xiaomi.sensor.citsensorservice@2.0-service: handle id:8 wxh:1280x2400 uwxuh:1080x2400 size: 9216000 fd:15 fd_meta:16 flags:0x4000228 usage:0x33  format:0x3 layer_count: 1
06-08 15:49:55.567  1245  3014 I SDM     : HWCSession::SetCWBOutputBuffer: CWB config passed by cwb_client : tappoint 1  CWB_ROI : (829.000000 4.000000 915.000000 90.000000)
06-08 15:49:55.569  1245  7060 I SDM     : HWCSession::ProcessRequests: Successfully configured CWB buffer.
06-08 15:49:55.576  1245  7060 I SDM     : HWCSession::ProcessRequests: Pushing release fence in fenece wait queue.
06-08 15:49:55.576  1245  7060 I SDM     : HWCSession::ProcessRequests: Creating AsyncFenceWaits async thread.
06-08 15:49:55.576  1245  7060 I SDM     : HWCSession::ProcessRequests: Remove current CWB request from the pending request queue.
06-08 15:49:55.576  1245  7060 I SDM     : HWCSession::ProcessRequests: No pending cwb requests found in the queue.
06-08 15:49:55.581  1245  1464 I SDM     : HWDeviceDRM::SetupConcurrentWriteback: Tear down the Concurrent Writeback topology
06-08 15:49:55.588  1245  7062 I SDM     : HWCSession::NotifyCWBStatus: Notify the client about buffer status 0.
06-08 15:49:55.589  1245  7062 I SDM     : HWCSession::PerformFenceWaits: Remove current release fence from the pending fence wait queue.
06-08 15:49:55.589  1245  7062 I SDM     : HWCSession::PerformFenceWaits: CWB fence queue is empty. No pending release fence to wait on.
06-08 15:49:55.705  1977  2997 D libsensor-displayalgo: the value of  brightness:410.000000,R:77296384.557271,G:77297133.237939,B:77313059.061408,EVENT_C:6855.500000,EVENT_R:2653.500000,EVENT_G:3462.500000,EVENT_B:1403.000000
06-08 15:49:55.705  1977  2997 I libsensor-displayalgo: the value of  Coef1:1107.681000,Coef4:2.383000, scale1:0.935522, scale4:0.923264
06-08 15:49:55.705  1977  2997 E libsensor-displayalgo: RGB_test_0407_400_oldzy!
06-08 15:49:55.705  1977  2997 I libsensor-displayalgo: the value of  RESULT2996.964821,1184.130340,1455.730426,544.012232
06-08 15:49:55.706  1977  2997 I libsensor-displayalgo: the value of  getChannelDataCalibrated3134.585415,1097.131011,1686.489833,590.771633
06-08 15:49:55.706  1977  2997 I libsensor-displayalgo: the value of  REAL LUX218.751205
06-08 15:49:55.706  1977  2997 I libsensor-displayalgo: the value of  CAL REAL LUX218.751205
06-08 15:49:55.877  1245  2285 I vendor.qti.hardware.display.composer-service: FrameNotifyProcess Sensor: notify citsensorservice to trigger cwb
06-08 15:49:55.878  1977  3798 I libcitsensorservice@2.0-impl: msg_transfer
06-08 15:49:55.878  1977  2987 D vendor.xiaomi.sensor.citsensorservice@2.0-service: handle id:8 wxh:1280x2400 uwxuh:1080x2400 size: 9216000 fd:15 fd_meta:16 flags:0x4000228 usage:0x33  format:0x3 layer_count: 1
06-08 15:49:55.878  1245  3014 I SDM     : HWCSession::SetCWBOutputBuffer: CWB config passed by cwb_client : tappoint 1  CWB_ROI : (829.000000 4.000000 915.000000 90.000000)
06-08 15:49:55.881  1245  7063 I SDM     : HWCSession::ProcessRequests: Successfully configured CWB buffer.
06-08 15:49:55.888  1245  7063 I SDM     : HWCSession::ProcessRequests: Pushing release fence in fenece wait queue.
06-08 15:49:55.888  1245  7063 I SDM     : HWCSession::ProcessRequests: Creating AsyncFenceWaits async thread.
06-08 15:49:55.888  1245  7063 I SDM     : HWCSession::ProcessRequests: Remove current CWB request from the pending request queue.
06-08 15:49:55.888  1245  7063 I SDM     : HWCSession::ProcessRequests: No pending cwb requests found in the queue.
06-08 15:49:55.894  1245  1464 I SDM     : HWDeviceDRM::SetupConcurrentWriteback: Tear down the Concurrent Writeback topology
06-08 15:49:55.901  1245  7066 I SDM     : HWCSession::NotifyCWBStatus: Notify the client about buffer status 0.
06-08 15:49:55.902  1245  7066 I SDM     : HWCSession::PerformFenceWaits: Remove current release fence from the pending fence wait queue.
06-08 15:49:55.902  1245  7066 I SDM     : HWCSession::PerformFenceWaits: CWB fence queue is empty. No pending release fence to wait on.
06-08 15:49:55.930  7735  7069 W libc    : Access denied finding property "net.dns1"
06-08 15:49:55.930  7735  7069 W libc    : Access denied finding property "net.dns2"
06-08 15:49:56.005  1977  2997 D libsensor-displayalgo: the value of  brightness:410.000000,R:77296384.557271,G:77297133.237939,B:77313059.061408,EVENT_C:6856.000000,EVENT_R:2653.500000,EVENT_G:3463.000000,EVENT_B:1403.000000
06-08 15:49:56.005  1977  2997 I libsensor-displayalgo: the value of  Coef1:1107.681000,Coef4:2.383000, scale1:0.935522, scale4:0.923264
06-08 15:49:56.005  1977  2997 E libsensor-displayalgo: RGB_test_0407_400_oldzy!
06-08 15:49:56.007  1977  2997 I libsensor-displayalgo: the value of  RESULT2996.964821,1184.130340,1455.730426,544.012232
06-08 15:49:56.007  1977  2997 I libsensor-displayalgo: the value of  getChannelDataCalibrated3134.585415,1097.131011,1686.489833,590.771633
06-08 15:49:56.007  1977  2997 I libsensor-displayalgo: the value of  REAL LUX218.809235
06-08 15:49:56.007  1977  2997 I libsensor-displayalgo: the value of  CAL REAL LUX218.809235
06-08 15:49:56.152 30732 30740 I com.tencent.mm: Method exceeds compiler instruction limit: 20877 in wl.d wl.j.a(java.lang.Class)
06-08 15:49:56.182  1245  2285 I vendor.qti.hardware.display.composer-service: FrameNotifyProcess Sensor: notify citsensorservice to trigger cwb
06-08 15:49:56.183  1977  2106 I libcitsensorservice@2.0-impl: msg_transfer
06-08 15:49:56.183  1977  2987 D vendor.xiaomi.sensor.citsensorservice@2.0-service: handle id:8 wxh:1280x2400 uwxuh:1080x2400 size: 9216000 fd:15 fd_meta:16 flags:0x4000228 usage:0x33  format:0x3 layer_count: 1
06-08 15:49:56.183  1245  3014 I SDM     : HWCSession::SetCWBOutputBuffer: CWB config passed by cwb_client : tappoint 1  CWB_ROI : (829.000000 4.000000 915.000000 90.000000)
06-08 15:49:56.184  1245  7074 I SDM     : HWCSession::ProcessRequests: Successfully configured CWB buffer.
06-08 15:49:56.193  1245  7074 I SDM     : HWCSession::ProcessRequests: Pushing release fence in fenece wait queue.
06-08 15:49:56.193  1245  7074 I SDM     : HWCSession::ProcessRequests: Creating AsyncFenceWaits async thread.
06-08 15:49:56.193  1245  7074 I SDM     : HWCSession::ProcessRequests: Remove current CWB request from the pending request queue.
06-08 15:49:56.193  1245  7074 I SDM     : HWCSession::ProcessRequests: No pending cwb requests found in the queue.
06-08 15:49:56.199  1245  1464 I SDM     : HWDeviceDRM::SetupConcurrentWriteback: Tear down the Concurrent Writeback topology
06-08 15:49:56.206  1245  7075 I SDM     : HWCSession::NotifyCWBStatus: Notify the client about buffer status 0.
06-08 15:49:56.206  1245  7075 I SDM     : HWCSession::PerformFenceWaits: Remove current release fence from the pending fence wait queue.
06-08 15:49:56.206  1245  7075 I SDM     : HWCSession::PerformFenceWaits: CWB fence queue is empty. No pending release fence to wait on.
06-08 15:49:56.304  1977  2997 D libsensor-displayalgo: the value of  brightness:410.000000,R:77296384.557271,G:77297133.237939,B:77313059.061408,EVENT_C:6830.000000,EVENT_R:2642.000000,EVENT_G:3448.500000,EVENT_B:1397.000000
06-08 15:49:56.305  1977  2997 I libsensor-displayalgo: the value of  Coef1:1107.681000,Coef4:2.383000, scale1:0.935522, scale4:0.923264
06-08 15:49:56.305  1977  2997 E libsensor-displayalgo: RGB_test_0407_400_oldzy!
06-08 15:49:56.305  1977  2997 I libsensor-displayalgo: the value of  RESULT2996.964821,1184.130340,1455.730426,544.012232
06-08 15:49:56.305  1977  2997 I libsensor-displayalgo: the value of  getChannelDataCalibrated3134.585415,1097.131011,1686.489833,590.771633
06-08 15:49:56.305  1977  2997 I libsensor-displayalgo: the value of  REAL LUX217.235550
06-08 15:49:56.305  1977  2997 I libsensor-displayalgo: the value of  CAL REAL LUX217.235550
06-08 15:49:56.315 32492 32502 I cn.missevan: This is non sticky GC, maxfree is 8388608 minfree is 2097152
06-08 15:49:56.315 32492 32502 I cn.missevan: Background concurrent copying GC freed 411716(17MB) AllocSpace objects, 21(516KB) LOS objects, 50% free, 18MB/37MB, paused 90us,63us total 106.040ms
06-08 15:49:56.487  1245  2285 I vendor.qti.hardware.display.composer-service: FrameNotifyProcess Sensor: notify citsensorservice to trigger cwb
06-08 15:49:56.487  1977  2106 I libcitsensorservice@2.0-impl: msg_transfer
06-08 15:49:56.488  1977  2987 D vendor.xiaomi.sensor.citsensorservice@2.0-service: handle id:8 wxh:1280x2400 uwxuh:1080x2400 size: 9216000 fd:15 fd_meta:16 flags:0x4000228 usage:0x33  format:0x3 layer_count: 1
06-08 15:49:56.488  1245  3014 I SDM     : HWCSession::SetCWBOutputBuffer: CWB config passed by cwb_client : tappoint 1  CWB_ROI : (829.000000 4.000000 915.000000 90.000000)
06-08 15:49:56.492  1245  7079 I SDM     : HWCSession::ProcessRequests: Successfully configured CWB buffer.
06-08 15:49:56.498  1245  7079 I SDM     : HWCSession::ProcessRequests: Pushing release fence in fenece wait queue.
06-08 15:49:56.499  1245  7079 I SDM     : HWCSession::ProcessRequests: Creating AsyncFenceWaits async thread.
06-08 15:49:56.500  1245  7079 I SDM     : HWCSession::ProcessRequests: Remove current CWB request from the pending request queue.
06-08 15:49:56.501  1245  7079 I SDM     : HWCSession::ProcessRequests: No pending cwb requests found in the queue.
06-08 15:49:56.504  1245  1464 I SDM     : HWDeviceDRM::SetupConcurrentWriteback: Tear down the Concurrent Writeback topology
06-08 15:49:56.511  1245  7080 I SDM     : HWCSession::NotifyCWBStatus: Notify the client about buffer status 0.
06-08 15:49:56.511  1245  7080 I SDM     : HWCSession::PerformFenceWaits: Remove current release fence from the pending fence wait queue.
06-08 15:49:56.512  1245  7080 I SDM     : HWCSession::PerformFenceWaits: CWB fence queue is empty. No pending release fence to wait on.
06-08 15:49:56.705  1977  2997 D libsensor-displayalgo: the value of  brightness:410.000000,R:77296384.557271,G:77297133.237939,B:77313059.061408,EVENT_C:6808.000000,EVENT_R:2636.500000,EVENT_G:3437.000000,EVENT_B:1389.500000
06-08 15:49:56.705  1977  2997 I libsensor-displayalgo: the value of  Coef1:1107.681000,Coef4:2.383000, scale1:0.935522, scale4:0.923264
06-08 15:49:56.705  1977  2997 E libsensor-displayalgo: RGB_test_0407_400_oldzy!
06-08 15:49:56.705  1977  2997 I libsensor-displayalgo: the value of  RESULT2996.964821,1184.130340,1455.730426,544.012232
06-08 15:49:56.705  1977  2997 I libsensor-displayalgo: the value of  getChannelDataCalibrated3134.585415,1097.131011,1686.489833,590.771633
06-08 15:49:56.705  1977  2997 I libsensor-displayalgo: the value of  REAL LUX215.976257
06-08 15:49:56.705  1977  2997 I libsensor-displayalgo: the value of  CAL REAL LUX215.976257
06-08 15:49:56.789  1245  2285 I vendor.qti.hardware.display.composer-service: FrameNotifyProcess Sensor: notify citsensorservice to trigger cwb
06-08 15:49:56.790  1977 18363 I libcitsensorservice@2.0-impl: msg_transfer
06-08 15:49:56.791  1977  2987 D vendor.xiaomi.sensor.citsensorservice@2.0-service: handle id:8 wxh:1280x2400 uwxuh:1080x2400 size: 9216000 fd:15 fd_meta:16 flags:0x4000228 usage:0x33  format:0x3 layer_count: 1
06-08 15:49:56.791  1245  3014 I SDM     : HWCSession::SetCWBOutputBuffer: CWB config passed by cwb_client : tappoint 1  CWB_ROI : (829.000000 4.000000 915.000000 90.000000)
06-08 15:49:56.796  1245  7081 I SDM     : HWCSession::ProcessRequests: Successfully configured CWB buffer.
06-08 15:49:56.810  1245  7081 I SDM     : HWCSession::ProcessRequests: Pushing release fence in fenece wait queue.
06-08 15:49:56.811  1245  7081 I SDM     : HWCSession::ProcessRequests: Creating AsyncFenceWaits async thread.
06-08 15:49:56.814  1245  7081 I SDM     : HWCSession::ProcessRequests: Remove current CWB request from the pending request queue.
06-08 15:49:56.814  1245  7081 I SDM     : HWCSession::ProcessRequests: No pending cwb requests found in the queue.
06-08 15:49:56.817  1245  1464 I SDM     : HWDeviceDRM::SetupConcurrentWriteback: Tear down the Concurrent Writeback topology
06-08 15:49:56.823  1245  7082 I SDM     : HWCSession::NotifyCWBStatus: Notify the client about buffer status 0.
06-08 15:49:56.824  1245  7082 I SDM     : HWCSession::PerformFenceWaits: Remove current release fence from the pending fence wait queue.
06-08 15:49:56.824  1245  7082 I SDM     : HWCSession::PerformFenceWaits: CWB fence queue is empty. No pending release fence to wait on.
06-08 15:49:57.005  1977  2997 D libsensor-displayalgo: the value of  brightness:410.000000,R:77296384.557271,G:77297133.237939,B:77313059.061408,EVENT_C:6833.500000,EVENT_R:2644.500000,EVENT_G:3448.500000,EVENT_B:1397.000000
06-08 15:49:57.005  1977  2997 I libsensor-displayalgo: the value of  Coef1:1107.681000,Coef4:2.383000, scale1:0.935522, scale4:0.923264
06-08 15:49:57.005  1977  2997 E libsensor-displayalgo: RGB_test_0407_400_oldzy!
06-08 15:49:57.008  1977  2997 I libsensor-displayalgo: the value of  RESULT2996.964821,1184.130340,1455.730426,544.012232
06-08 15:49:57.009  1977  2997 I libsensor-displayalgo: the value of  getChannelDataCalibrated3134.585415,1097.131011,1686.489833,590.771633
06-08 15:49:57.009  1977  2997 I libsensor-displayalgo: the value of  REAL LUX217.388321
06-08 15:49:57.009  1977  2997 I libsensor-displayalgo: the value of  CAL REAL LUX217.388321
06-08 15:49:57.085 21969 22263 D MemoryCeilingMonitor: [handleMemoryCalculate]
06-08 15:49:57.085 21969 22263 D MemoryCeilingMonitor: [calculate] tot: 5682720, max: 268435456, free: 1900544, heap: 3782176, per: 0.014089703559875488
06-08 15:49:57.095  1245  2285 I vendor.qti.hardware.display.composer-service: FrameNotifyProcess Sensor: notify citsensorservice to trigger cwb
06-08 15:49:57.096  1977  3798 I libcitsensorservice@2.0-impl: msg_transfer
06-08 15:49:57.096  1977  2987 D vendor.xiaomi.sensor.citsensorservice@2.0-service: handle id:8 wxh:1280x2400 uwxuh:1080x2400 size: 9216000 fd:15 fd_meta:16 flags:0x4000228 usage:0x33  format:0x3 layer_count: 1
06-08 15:49:57.096  1245  3014 I SDM     : HWCSession::SetCWBOutputBuffer: CWB config passed by cwb_client : tappoint 1  CWB_ROI : (829.000000 4.000000 915.000000 90.000000)
06-08 15:49:57.097  1245  7083 I SDM     : HWCSession::ProcessRequests: Successfully configured CWB buffer.
06-08 15:49:57.106  1245  7083 I SDM     : HWCSession::ProcessRequests: Pushing release fence in fenece wait queue.
06-08 15:49:57.106  1245  7083 I SDM     : HWCSession::ProcessRequests: Creating AsyncFenceWaits async thread.
06-08 15:49:57.106  1245  7083 I SDM     : HWCSession::ProcessRequests: Remove current CWB request from the pending request queue.
06-08 15:49:57.107  1245  7083 I SDM     : HWCSession::ProcessRequests: No pending cwb requests found in the queue.
06-08 15:49:57.113  1245  1464 I SDM     : HWDeviceDRM::SetupConcurrentWriteback: Tear down the Concurrent Writeback topology
06-08 15:49:57.120  1245  7084 I SDM     : HWCSession::NotifyCWBStatus: Notify the client about buffer status 0.
06-08 15:49:57.120  1245  7084 I SDM     : HWCSession::PerformFenceWaits: Remove current release fence from the pending fence wait queue.
06-08 15:49:57.120  1245  7084 I SDM     : HWCSession::PerformFenceWaits: CWB fence queue is empty. No pending release fence to wait on.
06-08 15:49:57.304  1977  2997 D libsensor-displayalgo: the value of  brightness:410.000000,R:77296384.557271,G:77297133.237939,B:77313059.061408,EVENT_C:6866.000000,EVENT_R:2655.000000,EVENT_G:3466.500000,EVENT_B:1403.500000
06-08 15:49:57.305  1977  2997 I libsensor-displayalgo: the value of  Coef1:1107.681000,Coef4:2.383000, scale1:0.935522, scale4:0.923264
06-08 15:49:57.305  1977  2997 E libsensor-displayalgo: RGB_test_0407_400_oldzy!
06-08 15:49:57.305  1977  2997 I libsensor-displayalgo: the value of  RESULT2996.964821,1184.130340,1455.730426,544.012232
06-08 15:49:57.305  1977  2997 I libsensor-displayalgo: the value of  getChannelDataCalibrated3134.585415,1097.131011,1686.489833,590.771633
06-08 15:49:57.305  1977  2997 I libsensor-displayalgo: the value of  REAL LUX219.577087
06-08 15:49:57.305  1977  2997 I libsensor-displayalgo: the value of  CAL REAL LUX219.577087
06-08 15:49:57.366 22052 22500 D Q.fts.BgCpu.Total: 2023-06-08 15:49:57 cpu:22 - wall:26  b transCount:0 transCost:0 transAvg:0.0 FTSTroopOperator transCount:0 transCost:0 transAvg:0.0
06-08 15:49:57.425  1245  2285 I vendor.qti.hardware.display.composer-service: FrameNotifyProcess Sensor: notify citsensorservice to trigger cwb
06-08 15:49:57.426  1977  3798 I libcitsensorservice@2.0-impl: msg_transfer
06-08 15:49:57.426  1977  2987 D vendor.xiaomi.sensor.citsensorservice@2.0-service: handle id:8 wxh:1280x2400 uwxuh:1080x2400 size: 9216000 fd:15 fd_meta:16 flags:0x4000228 usage:0x33  format:0x3 layer_count: 1
06-08 15:49:57.427  1245  3014 I SDM     : HWCSession::SetCWBOutputBuffer: CWB config passed by cwb_client : tappoint 1  CWB_ROI : (829.000000 4.000000 915.000000 90.000000)
06-08 15:49:57.429  1245  7085 I SDM     : HWCSession::ProcessRequests: Successfully configured CWB buffer.
06-08 15:49:57.435  1245  7085 I SDM     : HWCSession::ProcessRequests: Pushing release fence in fenece wait queue.
06-08 15:49:57.435  1245  7085 I SDM     : HWCSession::ProcessRequests: Creating AsyncFenceWaits async thread.
06-08 15:49:57.436  1245  7085 I SDM     : HWCSession::ProcessRequests: Remove current CWB request from the pending request queue.
06-08 15:49:57.437  1245  7085 I SDM     : HWCSession::ProcessRequests: No pending cwb requests found in the queue.
06-08 15:49:57.441  1245  1464 I SDM     : HWDeviceDRM::SetupConcurrentWriteback: Tear down the Concurrent Writeback topology
06-08 15:49:57.449  1245  7086 I SDM     : HWCSession::NotifyCWBStatus: Notify the client about buffer status 0.
06-08 15:49:57.449  1245  7086 I SDM     : HWCSession::PerformFenceWaits: Remove current release fence from the pending fence wait queue.
06-08 15:49:57.449  1245  7086 I SDM     : HWCSession::PerformFenceWaits: CWB fence queue is empty. No pending release fence to wait on.
06-08 15:49:57.606  1977  2997 D libsensor-displayalgo: the value of  brightness:410.000000,R:77296384.557271,G:77297133.237939,B:77313059.061408,EVENT_C:6824.500000,EVENT_R:2643.500000,EVENT_G:3444.000000,EVENT_B:1393.500000
06-08 15:49:57.606  1977  2997 I libsensor-displayalgo: the value of  Coef1:1107.681000,Coef4:2.383000, scale1:0.935522, scale4:0.923264
06-08 15:49:57.606  1977  2997 E libsensor-displayalgo: RGB_test_0407_400_oldzy!
06-08 15:49:57.607  1977  2997 I libsensor-displayalgo: the value of  RESULT2996.964821,1184.130340,1455.730426,544.012232
06-08 15:49:57.607  1977  2997 I libsensor-displayalgo: the value of  getChannelDataCalibrated3134.585415,1097.131011,1686.489833,590.771633
06-08 15:49:57.607  1977  2997 I libsensor-displayalgo: the value of  REAL LUX216.870392
06-08 15:49:57.608  1977  2997 I libsensor-displayalgo: the value of  CAL REAL LUX216.870392
06-08 15:49:57.729  1245  2285 I vendor.qti.hardware.display.composer-service: FrameNotifyProcess Sensor: notify citsensorservice to trigger cwb
06-08 15:49:57.729  1977  3798 I libcitsensorservice@2.0-impl: msg_transfer
06-08 15:49:57.729  1977  2987 D vendor.xiaomi.sensor.citsensorservice@2.0-service: handle id:8 wxh:1280x2400 uwxuh:1080x2400 size: 9216000 fd:15 fd_meta:16 flags:0x4000228 usage:0x33  format:0x3 layer_count: 1
06-08 15:49:57.730  1245  3014 I SDM     : HWCSession::SetCWBOutputBuffer: CWB config passed by cwb_client : tappoint 1  CWB_ROI : (829.000000 4.000000 915.000000 90.000000)
06-08 15:49:57.731  1245  7089 I SDM     : HWCSession::ProcessRequests: Successfully configured CWB buffer.
06-08 15:49:57.740  1245  7089 I SDM     : HWCSession::ProcessRequests: Pushing release fence in fenece wait queue.
06-08 15:49:57.740  1245  7089 I SDM     : HWCSession::ProcessRequests: Creating AsyncFenceWaits async thread.
06-08 15:49:57.740  1245  7089 I SDM     : HWCSession::ProcessRequests: Remove current CWB request from the pending request queue.
06-08 15:49:57.740  1245  7089 I SDM     : HWCSession::ProcessRequests: No pending cwb requests found in the queue.
06-08 15:49:57.746  1245  1464 I SDM     : HWDeviceDRM::SetupConcurrentWriteback: Tear down the Concurrent Writeback topology
06-08 15:49:57.753  1245  7090 I SDM     : HWCSession::NotifyCWBStatus: Notify the client about buffer status 0.
06-08 15:49:57.754  1245  7090 I SDM     : HWCSession::PerformFenceWaits: Remove current release fence from the pending fence wait queue.
06-08 15:49:57.755  1245  7090 I SDM     : HWCSession::PerformFenceWaits: CWB fence queue is empty. No pending release fence to wait on.
06-08 15:49:57.904  1977  2997 D libsensor-displayalgo: the value of  brightness:410.000000,R:77296384.557271,G:77297133.237939,B:77313059.061408,EVENT_C:6856.000000,EVENT_R:2654.500000,EVENT_G:3456.500000,EVENT_B:1397.000000
06-08 15:49:57.905  1977  2997 I libsensor-displayalgo: the value of  Coef1:1107.681000,Coef4:2.383000, scale1:0.935522, scale4:0.923264
06-08 15:49:57.905  1977  2997 E libsensor-displayalgo: RGB_test_0407_400_oldzy!
06-08 15:49:57.905  1977  2997 I libsensor-displayalgo: the value of  RESULT2996.964821,1184.130340,1455.730426,544.012232
06-08 15:49:57.905  1977  2997 I libsensor-displayalgo: the value of  getChannelDataCalibrated3134.585415,1097.131011,1686.489833,590.771633
06-08 15:49:57.905  1977  2997 I libsensor-displayalgo: the value of  REAL LUX218.963196
06-08 15:49:57.905  1977  2997 I libsensor-displayalgo: the value of  CAL REAL LUX218.963196
06-08 15:49:58.035  1245  2285 I vendor.qti.hardware.display.composer-service: FrameNotifyProcess Sensor: notify citsensorservice to trigger cwb
06-08 15:49:58.035  1977  3798 I libcitsensorservice@2.0-impl: msg_transfer
06-08 15:49:58.035  1977  2987 D vendor.xiaomi.sensor.citsensorservice@2.0-service: handle id:8 wxh:1280x2400 uwxuh:1080x2400 size: 9216000 fd:15 fd_meta:16 flags:0x4000228 usage:0x33  format:0x3 layer_count: 1
06-08 15:49:58.036  1245  3014 I SDM     : HWCSession::SetCWBOutputBuffer: CWB config passed by cwb_client : tappoint 1  CWB_ROI : (829.000000 4.000000 915.000000 90.000000)
06-08 15:49:58.038  1245  7091 I SDM     : HWCSession::ProcessRequests: Successfully configured CWB buffer.
06-08 15:49:58.044  1245  7091 I SDM     : HWCSession::ProcessRequests: Pushing release fence in fenece wait queue.
06-08 15:49:58.044  1245  7091 I SDM     : HWCSession::ProcessRequests: Creating AsyncFenceWaits async thread.
06-08 15:49:58.044  1245  7091 I SDM     : HWCSession::ProcessRequests: Remove current CWB request from the pending request queue.
06-08 15:49:58.044  1245  7091 I SDM     : HWCSession::ProcessRequests: No pending cwb requests found in the queue.
06-08 15:49:58.050  1245  1464 I SDM     : HWDeviceDRM::SetupConcurrentWriteback: Tear down the Concurrent Writeback topology
06-08 15:49:58.058  1245  7092 I SDM     : HWCSession::NotifyCWBStatus: Notify the client about buffer status 0.
06-08 15:49:58.058  1245  7092 I SDM     : HWCSession::PerformFenceWaits: Remove current release fence from the pending fence wait queue.
06-08 15:49:58.058  1245  7092 I SDM     : HWCSession::PerformFenceWaits: CWB fence queue is empty. No pending release fence to wait on.
06-08 15:49:58.305  1977  2997 D libsensor-displayalgo: the value of  brightness:410.000000,R:77296384.557271,G:77297133.237939,B:77313059.061408,EVENT_C:6873.500000,EVENT_R:2661.000000,EVENT_G:3467.000000,EVENT_B:1402.000000
06-08 15:49:58.306  1977  2997 I libsensor-displayalgo: the value of  Coef1:1107.681000,Coef4:2.383000, scale1:0.935522, scale4:0.923264
06-08 15:49:58.306  1977  2997 E libsensor-displayalgo: RGB_test_0407_400_oldzy!
06-08 15:49:58.306  1977  2997 I libsensor-displayalgo: the value of  RESULT2996.964821,1184.130340,1455.730426,544.012232
06-08 15:49:58.307  1977  2997 I libsensor-displayalgo: the value of  getChannelDataCalibrated3134.585415,1097.131011,1686.489833,590.771633
06-08 15:49:58.307  1977  2997 I libsensor-displayalgo: the value of  REAL LUX220.024750
06-08 15:49:58.307  1977  2997 I libsensor-displayalgo: the value of  CAL REAL LUX220.024750
06-08 15:49:58.349  1245  2285 I vendor.qti.hardware.display.composer-service: FrameNotifyProcess Sensor: notify citsensorservice to trigger cwb
06-08 15:49:58.351  1977 18363 I libcitsensorservice@2.0-impl: msg_transfer
06-08 15:49:58.352  1977  2987 D vendor.xiaomi.sensor.citsensorservice@2.0-service: handle id:8 wxh:1280x2400 uwxuh:1080x2400 size: 9216000 fd:15 fd_meta:16 flags:0x4000228 usage:0x33  format:0x3 layer_count: 1
06-08 15:49:58.352  1245  3014 I SDM     : HWCSession::SetCWBOutputBuffer: CWB config passed by cwb_client : tappoint 1  CWB_ROI : (829.000000 4.000000 915.000000 90.000000)
06-08 15:49:58.354  1245  7093 I SDM     : HWCSession::ProcessRequests: Successfully configured CWB buffer.
06-08 15:49:58.366  1245  7093 I SDM     : HWCSession::ProcessRequests: Pushing release fence in fenece wait queue.
06-08 15:49:58.366  1245  7093 I SDM     : HWCSession::ProcessRequests: Creating AsyncFenceWaits async thread.
06-08 15:49:58.367  1245  7093 I SDM     : HWCSession::ProcessRequests: Remove current CWB request from the pending request queue.
06-08 15:49:58.367  1245  7093 I SDM     : HWCSession::ProcessRequests: No pending cwb requests found in the queue.
06-08 15:49:58.372  1245  1464 I SDM     : HWDeviceDRM::SetupConcurrentWriteback: Tear down the Concurrent Writeback topology
06-08 15:49:58.379  1245  7094 I SDM     : HWCSession::NotifyCWBStatus: Notify the client about buffer status 0.
06-08 15:49:58.379  1245  7094 I SDM     : HWCSession::PerformFenceWaits: Remove current release fence from the pending fence wait queue.
06-08 15:49:58.379  1245  7094 I SDM     : HWCSession::PerformFenceWaits: CWB fence queue is empty. No pending release fence to wait on.
06-08 15:49:58.605  1977  2997 D libsensor-displayalgo: the value of  brightness:410.000000,R:77296384.557271,G:77297133.237939,B:77313059.061408,EVENT_C:6848.000000,EVENT_R:2651.500000,EVENT_G:3449.500000,EVENT_B:1394.500000
06-08 15:49:58.606  1977  2997 I libsensor-displayalgo: the value of  Coef1:1107.681000,Coef4:2.383000, scale1:0.935522, scale4:0.923264
06-08 15:49:58.606  1977  2997 E libsensor-displayalgo: RGB_test_0407_400_oldzy!
06-08 15:49:58.606  1977  2997 I libsensor-displayalgo: the value of  RESULT2996.964821,1184.130340,1455.730426,544.012232
06-08 15:49:58.606  1977  2997 I libsensor-displayalgo: the value of  getChannelDataCalibrated3134.585415,1097.131011,1686.489833,590.771633
06-08 15:49:58.606  1977  2997 I libsensor-displayalgo: the value of  REAL LUX218.396286
06-08 15:49:58.606  1977  2997 I libsensor-displayalgo: the value of  CAL REAL LUX218.396286
06-08 15:49:58.660  1245  2285 I vendor.qti.hardware.display.composer-service: FrameNotifyProcess Sensor: notify citsensorservice to trigger cwb
06-08 15:49:58.660  1977  3798 I libcitsensorservice@2.0-impl: msg_transfer
06-08 15:49:58.661  1977  2987 D vendor.xiaomi.sensor.citsensorservice@2.0-service: handle id:8 wxh:1280x2400 uwxuh:1080x2400 size: 9216000 fd:15 fd_meta:16 flags:0x4000228 usage:0x33  format:0x3 layer_count: 1
06-08 15:49:58.661  1245  3014 I SDM     : HWCSession::SetCWBOutputBuffer: CWB config passed by cwb_client : tappoint 1  CWB_ROI : (829.000000 4.000000 915.000000 90.000000)
06-08 15:49:58.662  1245  7095 I SDM     : HWCSession::ProcessRequests: Successfully configured CWB buffer.
06-08 15:49:58.670  1245  7095 I SDM     : HWCSession::ProcessRequests: Pushing release fence in fenece wait queue.
06-08 15:49:58.670  1245  7095 I SDM     : HWCSession::ProcessRequests: Creating AsyncFenceWaits async thread.
06-08 15:49:58.670  1245  7095 I SDM     : HWCSession::ProcessRequests: Remove current CWB request from the pending request queue.
06-08 15:49:58.670  1245  7095 I SDM     : HWCSession::ProcessRequests: No pending cwb requests found in the queue.
06-08 15:49:58.676  1245  1464 I SDM     : HWDeviceDRM::SetupConcurrentWriteback: Tear down the Concurrent Writeback topology
06-08 15:49:58.683  1245  7098 I SDM     : HWCSession::NotifyCWBStatus: Notify the client about buffer status 0.
06-08 15:49:58.684  1245  7098 I SDM     : HWCSession::PerformFenceWaits: Remove current release fence from the pending fence wait queue.
06-08 15:49:58.684  1245  7098 I SDM     : HWCSession::PerformFenceWaits: CWB fence queue is empty. No pending release fence to wait on.
06-08 15:49:58.905  1977  2997 D libsensor-displayalgo: the value of  brightness:410.000000,R:77296384.557271,G:77297133.237939,B:77313059.061408,EVENT_C:6823.000000,EVENT_R:2642.000000,EVENT_G:3440.000000,EVENT_B:1390.500000
06-08 15:49:58.905  1977  2997 I libsensor-displayalgo: the value of  Coef1:1107.681000,Coef4:2.383000, scale1:0.935522, scale4:0.923264
06-08 15:49:58.905  1977  2997 E libsensor-displayalgo: RGB_test_0407_400_oldzy!
