07-12 10:58:08.368  4465  4465 I libnfc_nci: [INFO:NativeNfcManager.cpp(2173)] nfcManager_getDefaultAidRoute: Default AID Route handle found 0x c0
07-12 10:58:08.368  4465  4465 I libnfc_nci: [INFO:NativeNfcManager.cpp(2186)] nfcManager_getDefaultAidRoute route = 1
07-12 10:58:08.368  4465  4465 D NfcService: defaultAidRoute : 315
07-12 10:58:08.368  4465  4465 D NfcService: GetDefaultRouteLoc  :1
07-12 10:58:08.368  4465  4465 E AidRoutingManager: Size of routing table970
07-12 10:58:08.368  4465  4465 D AidRoutingManager: configureRouting: seList: add 0
07-12 10:58:08.368  2502  3492 D HeadsetService:  isAudioOn: The number of audio connected devices 0
07-12 10:58:08.368  2502  3492 D HeadsetService: isScoOrCallActive(): Call Active:falseCall is Ringing:falseSCO is Active:false
07-12 10:58:08.368  2502  3492 D HeadsetService:  isAudioOn: The number of audio connected devices 0
07-12 10:58:08.368  2502  3492 I Avrcp_ext: updatePlayStatusForDevice: device: null
07-12 10:58:08.368  2502  3492 V Avrcp_ext: updatePlaybackState (1): old=PlaybackState {state=2, position=-1, buffered position=0, speed=0.0, updated=556678, actions=0, custom actions=[], active item id=-1, error=null}(2), new=PlaybackState {state=2, position=-1, buffered position=0, speed=0.0, updated=556691, actions=0, custom actions=[], active item id=-1, error=null}(2)
07-12 10:58:08.368  2502  3492 I Avrcp_ext: Exit updatePlayStatusForDevice
07-12 10:58:08.368  4465  4465 D RegisteredNfcFServicesCache: Service unchanged, not updating
07-12 10:58:08.368  2502  3492 D HeadsetService:  isAudioOn: The number of audio connected devices 0
07-12 10:58:08.368  2502  3492 D HeadsetService: isScoOrCallActive(): Call Active:falseCall is Ringing:falseSCO is Active:false
07-12 10:58:08.368  2502  3492 D HeadsetService:  isAudioOn: The number of audio connected devices 0
07-12 10:58:08.369  2502  3492 I Avrcp_ext: updatePlayStatusForDevice: device: null
07-12 10:58:08.369  2502  3492 V Avrcp_ext: updatePlaybackState (1): old=PlaybackState {state=2, position=-1, buffered position=0, speed=0.0, updated=556678, actions=0, custom actions=[], active item id=-1, error=null}(2), new=PlaybackState {state=2, position=-1, buffered position=0, speed=0.0, updated=556691, actions=0, custom actions=[], active item id=-1, error=null}(2)
07-12 10:58:08.369  2502  3492 I Avrcp_ext: Exit updatePlayStatusForDevice
07-12 10:58:08.369  2502  3492 D HeadsetService:  isAudioOn: The number of audio connected devices 0
07-12 10:58:08.369  2502  3492 D HeadsetService: isScoOrCallActive(): Call Active:falseCall is Ringing:falseSCO is Active:false
07-12 10:58:08.369  2502  3492 D HeadsetService:  isAudioOn: The number of audio connected devices 0
07-12 10:58:08.369  2502  3492 I Avrcp_ext: updatePlayStatusForDevice: device: null
07-12 10:58:08.369  2502  3492 V Avrcp_ext: updatePlaybackState (1): old=PlaybackState {state=2, position=-1, buffered position=0, speed=0.0, updated=556678, actions=0, custom actions=[], active item id=-1, error=null}(2), new=PlaybackState {state=2, position=-1, buffered position=0, speed=0.0, updated=556691, actions=0, custom actions=[], active item id=-1, error=null}(2)
07-12 10:58:08.369  2502  3492 I Avrcp_ext: Exit updatePlayStatusForDevice
07-12 10:58:08.369  2502  3492 D HeadsetService:  isAudioOn: The number of audio connected devices 0
07-12 10:58:08.369  2502  3492 D HeadsetService: isScoOrCallActive(): Call Active:falseCall is Ringing:falseSCO is Active:false
07-12 10:58:08.370  2502  3492 D HeadsetService:  isAudioOn: The number of audio connected devices 0
07-12 10:58:08.370  2502  3492 I Avrcp_ext: updatePlayStatusForDevice: device: null
07-12 10:58:08.370  2502  3492 V Avrcp_ext: updatePlaybackState (1): old=PlaybackState {state=2, position=-1, buffered position=0, speed=0.0, updated=556678, actions=0, custom actions=[], active item id=-1, error=null}(2), new=PlaybackState {state=2, position=-1, buffered position=0, speed=0.0, updated=556691, actions=0, custom actions=[], active item id=-1, error=null}(2)
07-12 10:58:08.370  2502  3492 I Avrcp_ext: Exit updatePlayStatusForDevice
07-12 10:58:08.370  2502  3492 D Avrcp_ext: Enter sendPlayPosNotificationRsp
07-12 10:58:08.370  2502  3492 D Avrcp_ext: sendPlayPosNotificationRsp: Not registered or requesting.
07-12 10:58:08.370  2502  3492 D Avrcp_ext: Enter sendPlayPosNotificationRsp
07-12 10:58:08.370  2502  3492 D Avrcp_ext: sendPlayPosNotificationRsp: Not registered or requesting.
07-12 10:58:08.370  2502  3492 D Avrcp_ext: Enter sendPlayPosNotificationRsp
07-12 10:58:08.370  2502  3492 D Avrcp_ext: sendPlayPosNotificationRsp: Not registered or requesting.
07-12 10:58:08.370  2502  3492 D Avrcp_ext: Enter sendPlayPosNotificationRsp
07-12 10:58:08.370  2502  3492 D Avrcp_ext: sendPlayPosNotificationRsp: Not registered or requesting.
07-12 10:58:08.370  2502  3492 D Avrcp_ext: Enter sendPlayPosNotificationRsp
07-12 10:58:08.370  2502  3492 D Avrcp_ext: sendPlayPosNotificationRsp: Not registered or requesting.
07-12 10:58:08.370  2502  3492 V Avrcp_ext: Exit updatePlayerStateAndPosition
07-12 10:58:08.372  5082  5216 D IdProviderImpl: getOAID
07-12 10:58:08.375  1894  1924 I Timeline: Timeline: App_transition_ready time:556703
07-12 10:58:08.376  2565  2565 D StatusBar: disable<e i a s b h r c s > disable2<q i n >
07-12 10:58:08.384  2988  2988 D RecentsImpl: mActivityStateObserver com.miui.home.launcher.Launcher
07-12 10:58:08.384  2988  2988 W RecentsImpl: onResumed className=com.miui.home.launcher.Launcher   mIsInAnotherPro=false   isKeyguardLocked=false
07-12 10:58:08.384  2988  2988 D Launcher: notifyBackGestureStatus
07-12 10:58:08.384  2988  3089 E Launcher: notifyBackGestureStatus:run usingFsGesture=true   show=true   focus=false   pause=false
07-12 10:58:08.384  2988  3089 D Launcher: notifyFsGestureHomeStatus    enableBackGesture=false   isSupportRecentsAndFsGesture=true
07-12 10:58:08.386   995  3271 I chatty  : uid=1000(system) Binder:995_4 expire 1 line
07-12 10:58:08.386  2988  2988 I RenderVsyncUpdater: All controllers paused.
07-12 10:58:08.386  2988  2988 D LauncherClient.Service: service already connected:com.miui.personalassistant
07-12 10:58:08.387  2988  3089 W RecentsImpl: updateFsgWindowVisibilityState   isEnter=false   typeFrom=typefrom_home   isOpen=true   mIsInAnotherPro=false   mIsStatusBarExpansion=false
07-12 10:58:08.387  2988  3089 W RecentsImpl: getTopActivity from observer.   cn=ComponentInfo{com.miui.home/com.miui.home.launcher.Launcher}
07-12 10:58:08.387  2988  3113 D RecentsImpl: showNavStubView
07-12 10:58:08.387  2988  3113 D NavStubView_Touch: setKeepHidden    old=false   new=false
07-12 10:58:08.387  2533  2712 D ImageWallpaperRenderer: OFFSET  x: 1.0  y: 0.0
07-12 10:58:08.387  2988  3111 D RecentsImpl: hideBackStubWindow
07-12 10:58:08.387  1894  1924 I Timeline: Timeline: App_transition_ready time:556716
07-12 10:58:08.388   995  4178 I chatty  : uid=1000(system) Binder:995_5 expire 1 line
07-12 10:58:08.390  2565  3055 D MiuiPhoneStatusBarPolicy: updateManagedProfile: secondSpace = false
07-12 10:58:08.392  8564  8564 D TouchAssistant: AssistantWindowHelper isWeltHidden
07-12 10:58:08.392  8564  8564 D TouchAssistant: AssistantWindowHelper forceSlideAway()
07-12 10:58:08.392  8564  8564 D TouchAssistant: AssistantWindowHelper onAutoSlideAway() mIsAutoSliding: false, mIsAutoSliding: false
07-12 10:58:08.392  8564  8564 D TouchAssistant: onReceive action: miui.intent.action.INPUT_METHOD_VISIBLE_HEIGHT_CHANGED
07-12 10:58:08.392  8564  8564 D TouchAssistant: onReceive action: miui.intent.action.INPUT_METHOD_VISIBLE_HEIGHT_CHANGED handle completed.
07-12 10:58:08.393  2565  3538 D CommandQueue: setStatus: setStatus: what = 0, action = upate_specail_mode, ext = Bundle[mParcelledData.dataSize=92][pkg = com.miui.home[enable_config = true
07-12 10:58:08.394  1894  2716 D MIUIInput: [FoucsChange]: Display  0 FocusedWindow From null(0,0)  to Window{434c676 mode=1 rootTaskId=1 u0 com.miui.home/com.miui.home.launcher.Launcher}(1,1)
07-12 10:58:08.398  2565  2565 D StatusBar: disable<e i a s b h r c s > disable2<q i n >
07-12 10:58:08.399  2988  2988 D Launcher.Lifecycle: onWindowFocusChanged:true,UserHandle{0},f589671,false
07-12 10:58:08.399  2988  2988 D Launcher_UnlockAnimationStateMachine: onWindowFocus:IDLE
07-12 10:58:08.404  1452  6103 D BufferPoolAccessor2.0: bufferpool2 0xb4000072f7a7d028 : 0(0 size) total buffers - 0(0 size) used buffers - 44/48 (recycle/alloc) - 4/48 (fetch/transfer)
07-12 10:58:08.405  1452  6103 D BufferPoolAccessor2.0: Destruction - bufferpool2 0xb4000072f7a7d028 cached: 0/0M, 0/0% in use; allocs: 48, 92% recycled; transfers: 48, 92% unfetched
07-12 10:58:08.407  4928  4928 I BatteryInfoReceiver: ACTION_BATTERY_CHANGED
07-12 10:58:08.407 12332 12332 I bdmiime : onStartInput called, com.miui.home
07-12 10:58:08.409 12332 12332 I bdmiime : super.onEvaluateInputViewShownModule called = -1
07-12 10:58:08.410 12332 12332 I bdmiime : super.onEvaluateInputViewShownModule called = -1
07-12 10:58:08.410 12332 12332 I bdmiime : onStartInputView called, com.miui.home
07-12 10:58:08.410  6407  6935 D PowerKeeper.FrozenApp: onBatteryChanged plug=true mBatteryPlugged=2
07-12 10:58:08.410  6407  7011 D PowerCheckerService: onBatteryChanged, mBatteryLevel = 100, status = 2, level = 100, plug = 2, scale = 100
07-12 10:58:08.405  2963  2963 D NetworkSpeedTracker: receive actionandroid.intent.action.BATTERY_CHANGED
07-12 10:58:08.411  2963  2963 D NetworkSpeedTracker: onReceive ACTION_BATTERY_CHANGED mBatteryLevel = 100;mIsCharging =true
07-12 10:58:08.420  1894  2363 I MiuiNetworkPolicy: updateUidState uid = 10127, uidState = 5
07-12 10:58:08.421  5492  5492 D VA_UploadVoiceJobService: uploadVoiceDatas onReceive time cost : 0
07-12 10:58:08.421  1894  2659 I MediaFocusControl: AudioFocus  removeFocusStackEntryOnDeath(): removing entry for android.os.BinderProxy@40cf527
07-12 10:58:08.421  1894  3415 W WindowManager: Cannot find window which accessibility connection is added to
07-12 10:58:08.422  1894  1923 W ActivityManager: setHasOverlayUi called on unknown pid: 11464
07-12 10:58:08.423  2565  2565 D NotifBadge: recevie broadbcast ACTION_APPLICATION_MESSAGE_QUERY, requestFirstTime=false
07-12 10:58:08.423  5492  6796 D VA_UploadVoiceJobService: needUploadVoice timeSinceLastUpload = 4484231
07-12 10:58:08.423   783   783 I Zygote  : Process 11464 exited due to signal 9 (Killed)
07-12 10:58:08.423  2565  2565 D KeyguardUpdateMonitor: received broadcast android.intent.action.BATTERY_CHANGED
07-12 10:58:08.423  2906  2906 D DeviceStatisticsService: chargerType=2 batteryLevel=100 totalBatteryCapacity=4251500
07-12 10:58:08.423  2565  2565 D BatteryController: onReceive: Intent = Intent { act=android.intent.action.BATTERY_CHANGED flg=0x60000010 (has extras) } action = android.intent.action.BATTERY_CHANGED
07-12 10:58:08.423  2906  2906 D DeviceInfoHidlClient: getPowerInfoSupportStatus()=-1
07-12 10:58:08.423  4928  6995 I android_os_HwBinder: HwBinder: Starting thread pool for getting: vendor.xiaomi.hardware.micharge@1.0::IMiCharge/default
07-12 10:58:08.424   968  5232 I vendor.xiaomi.hardware.micharge@1.0-service: ReadFilePathValue path = /sys/class/power_supply/battery/night_charging value = 0
07-12 10:58:08.424  4928  6995 I ChargeProtectionUtils: getNightChargingState: 0
07-12 10:58:08.424  2829  2829 D QtiCarrierConfigHelper: WARNING, no carrier configs on phone Id: 0
07-12 10:58:08.428 12332 12332 I InputMethodService: customizeBottomViewColor, isCustom : true
07-12 10:58:08.428 12332 12332 I IMEBottomManager: customizeBottomViewColor, isCustom : true
07-12 10:58:08.433  1894  5350 I WindowManager: input method visible height changed 936
07-12 10:58:08.434  2565  2565 D StatusBar: disable<e i a s b h r c s > disable2<q i n >
07-12 10:58:08.437  4928  4928 I c       : startRecord newCounts: 50
07-12 10:58:08.439 12332 12332 D IMEBottomManager: onGlobalLayout..
07-12 10:58:08.439 12332 12332 I IMEBottomManager: rootViewHeight : 2250 fullScreenHeight:1444 inputAreaHeight:642 miuiBottomHeight:164
07-12 10:58:08.439 12332 12332 I IMEBottomManager: heightLeftForMIUI 164
07-12 10:58:08.443  2988  2988 D RecentsContainer: onApplyWindowInsets, insets=WindowInsets{
07-12 10:58:08.443  2988  2988 D RecentsContainer:     statusBars=Insets{left=0, top=90, right=0, bottom=0} max=Insets{left=0, top=90, right=0, bottom=0} vis=true
07-12 10:58:08.443  2988  2988 D RecentsContainer:     navigationBars=Insets{left=0, top=0, right=0, bottom=0} max=null vis=false
07-12 10:58:08.443  2988  2988 D RecentsContainer:     =Insets{left=0, top=0, right=0, bottom=0} max=null vis=false
07-12 10:58:08.443  2988  2988 D RecentsContainer:     ime=Insets{left=0, top=0, right=0, bottom=936} max=null vis=true
07-12 10:58:08.443  2988  2988 D RecentsContainer:     systemGestures=Insets{left=0, top=90, right=0, bottom=0} max=Insets{left=0, top=90, right=0, bottom=0} vis=true
07-12 10:58:08.443  2988  2988 D RecentsContainer:     mandatorySystemGestures=Insets{left=0, top=90, right=0, bottom=0} max=Insets{left=0, top=90, right=0, bottom=0} vis=true
07-12 10:58:08.443  2988  2988 D RecentsContainer:     tappableElement=Insets{left=0, top=90, right=0, bottom=0} max=Insets{left=0, top=90, right=0, bottom=0} vis=true
07-12 10:58:08.443  2988  2988 D RecentsContainer:     displayCutout=Insets{left=0, top=90, right=0, bottom=0} max=Insets{left=0, top=90, right=0, bottom=0} vis=true
07-12 10:58:08.443  2988  2988 D RecentsContainer:     windowDecor=null max=null vis=false
07-12 10:58:08.443  2988  2988 D RecentsContainer:     cutout=DisplayCutout{insets=Rect(0, 90 - 0, 0) waterfall=Insets{left=0, top=0, right=0, bottom=0} boundingRect={Bounds=[Rect(0, 0 - 0, 0), Rect(0, 0 - 177, 90), Rect(0, 0 - 0, 0), Rect(0, 0 - 0, 0)]}}
07-12 10:58:08.443  2988  2988 D RecentsContainer:     }, rotation=0
07-12 10:58:08.446  2533  2712 D ImageWallpaperRenderer: OFFSET  x: 1.0  y: 0.0
07-12 10:58:08.446  2565  2565 D StatusBar: disable<e i a s b h r c s > disable2<q i n >
07-12 10:58:08.449  2988  3089 D StatusBarController: handleMessage: flag 800000  disable false
07-12 10:58:08.449  2988  2988 D Launcher_WallpaperUtils: changeStatusBarMode:false
07-12 10:58:08.452  2533  2533 D ImageWallpaperRenderer: OFFSET  x: 0.0  y: 0.0
07-12 10:58:08.453 12332 12332 D IMEBottomManager: onGlobalLayout..
07-12 10:58:08.453 12332 12332 I IMEBottomManager: rootViewHeight : 2250 fullScreenHeight:1444 inputAreaHeight:642 miuiBottomHeight:164
07-12 10:58:08.453 12332 12332 I IMEBottomManager: heightLeftForMIUI 164
07-12 10:58:08.456  8564  8564 D TouchAssistant: onReceive action: miui.intent.action.INPUT_METHOD_VISIBLE_HEIGHT_CHANGED
07-12 10:58:08.456  8564  8564 D TouchAssistant: onReceive action: miui.intent.action.INPUT_METHOD_VISIBLE_HEIGHT_CHANGED handle completed.
07-12 10:58:08.456 12871 12873 I cmd     : oneway function results will be dropped but finished with status OK and parcel size 4
07-12 10:58:08.465   783   783 I Zygote  : Process 11614 exited due to signal 9 (Killed)
07-12 10:58:08.482   995   995 I chatty  : uid=1000(system) /system/bin/surfaceflinger expire 346 lines
07-12 10:58:08.498   783   783 I Zygote  : Process 12032 exited due to signal 9 (Killed)
07-12 10:58:08.500 12881 12883 I cmd     : oneway function results will be dropped but finished with status OK and parcel size 4
07-12 10:58:08.501  1894  1934 I libprocessgroup: Successfully killed process cgroup uid 10837 pid 12032 in 151ms
07-12 10:58:08.501  1894  1934 I Process : PerfMonitor : current process killing process group. PID: 11904
07-12 10:58:08.509   783   783 I Zygote  : Process 11904 exited due to signal 9 (Killed)
07-12 10:58:08.512  1894  1934 I libprocessgroup: Successfully killed process cgroup uid 10837 pid 11904 in 10ms
07-12 10:58:08.512  1894  1934 I Process : PerfMonitor : current process killing process group. PID: 11464
07-12 10:58:08.512  1894  1934 I libprocessgroup: Successfully killed process cgroup uid 10837 pid 11464 in 0ms
07-12 10:58:08.513  1894  1934 I Process : PerfMonitor : current process killing process group. PID: 11614
07-12 10:58:08.513  1894  1934 I libprocessgroup: Successfully killed process cgroup uid 10837 pid 11614 in 0ms
07-12 10:58:08.517   950   950 W /vendor/bin/hw/vendor.qti.hardware.perf@2.2-service: type=1400 audit(0.0:46239): avc: denied { search } for comm=41646170744C61756E636820566D name="1894" dev="proc" ino=45873 scontext=u:r:vendor_hal_perf_default:s0 tcontext=u:r:system_server:s0 tclass=dir permissive=0
07-12 10:58:08.537  1894  1924 I Timeline: Timeline: Activity_windows_visible id: ActivityRecord{b4ae65c u0 com.miui.home/.launcher.Launcher t2} time:556866
07-12 10:58:08.539  2988  2988 E RotationHelper: setCurrentTransitionRequest: request=0
07-12 10:58:08.540  1894  1924 I Timeline: Timeline: App_transition_stopped time:556868
07-12 10:58:08.549  8564  8564 D TouchAssistant: updateAll and mViewAdded = true
07-12 10:58:08.555  2533  2712 D ImageWallpaperRenderer: OFFSET  x: 1.0  y: 0.0
07-12 10:58:08.559  1894  2363 I MiuiNetworkPolicy: updateUidState uid = 10063, uidState = 3
07-12 10:58:08.561  1894  2363 I MiuiNetworkPolicyTrafficLimit: updateWhiteListUidForMobileTraffic uid=10063,add=true
07-12 10:58:08.561  1894  2363 D MiuiNetworkPolicyTrafficLimit: updateWhiteListUidForMobileTraffic rst=true
07-12 10:58:08.562  2988  3253 D Launcher.Transfer: transfer:onResume, extra:null
07-12 10:58:08.568  2533  2712 D ImageWallpaperRenderer: OFFSET  x: 1.0  y: 0.0
07-12 10:58:08.576  8564  8564 D TouchAssistant: updateAll and mViewAdded = true
07-12 10:58:08.576  2533  2712 D ImageWallpaperRenderer: OFFSET  x: 1.0  y: 0.0
07-12 10:58:08.587  2533  2712 D ImageWallpaperRenderer: OFFSET  x: 1.0  y: 0.0
07-12 10:58:08.598  2533  2712 D ImageWallpaperRenderer: OFFSET  x: 1.0  y: 0.0
07-12 10:58:08.608  4928  4961 W Parcel  : **** enforceInterface() expected 'com.miui.gamebooster.service.ISecurityCenterNotificationListener' but read 'android.service.notification.INotificationListener'
07-12 10:58:08.609  4928  4961 W Binder  : Caught a RuntimeException from the binder stub implementation.
07-12 10:58:08.609  4928  4961 W Binder  : java.lang.SecurityException: Binder invocation to an incorrect interface
07-12 10:58:08.609  4928  4961 W Binder  : 	at android.os.Parcel.nativeEnforceInterface(Native Method)
07-12 10:58:08.609  4928  4961 W Binder  : 	at android.os.Parcel.enforceInterface(Parcel.java:653)
07-12 10:58:08.609  4928  4961 W Binder  : 	at com.miui.gamebooster.service.ISecurityCenterNotificationListener$Stub.onTransact(Unknown Source:18)
07-12 10:58:08.609  4928  4961 W Binder  : 	at android.os.Binder.execTransactInternal(Binder.java:1159)
07-12 10:58:08.609  4928  4961 W Binder  : 	at android.os.Binder.execTransact(Binder.java:1123)
07-12 10:58:08.610  2533  2712 D ImageWallpaperRenderer: OFFSET  x: 1.0  y: 0.0
07-12 10:58:08.611  4928  4974 I tycenter.remot: oneway function results will be dropped but finished with status UNKNOWN_TRANSACTION and parcel size 0
07-12 10:58:08.613  2565  2565 D InterruptionStateProvider: No bubble up: not allowed to bubble: -1|android|8|null|1000
07-12 10:58:08.614  2565  2565 D InterruptionStateProvider: no peek require miui permission -1|android|8|null|1000
07-12 10:58:08.621  2533  2712 D ImageWallpaperRenderer: OFFSET  x: 1.0  y: 0.0
07-12 10:58:08.621  2565  2565 D NotifBadge: update app badge num: android/,num=1,isAllowed=true,userId=-1
07-12 10:58:08.622  1894  1908 W ActivityManager: Sending non-protected broadcast android.intent.action.APPLICATION_MESSAGE_UPDATE from system 2565:com.android.systemui/1000 pkg com.android.systemui. Callers=
07-12 10:58:08.622  2988  3089 I Launcher.ApplicationsMessage: onReceive true
07-12 10:58:08.622  2988  3089 I Launcher.ApplicationsMessage: update android/ to 1
07-12 10:58:08.632  2533  2712 D ImageWallpaperRenderer: OFFSET  x: 1.0  y: 0.0
07-12 10:58:08.643  2533  2712 D ImageWallpaperRenderer: OFFSET  x: 1.0  y: 0.0
07-12 10:58:08.654  2533  2712 D ImageWallpaperRenderer: OFFSET  x: 1.0  y: 0.0
07-12 10:58:08.665  2533  2712 I chatty  : uid=10108(com.miui.miwallpaper) ImageWallpaper identical 24 lines
07-12 10:58:08.677  2533  2712 D ImageWallpaperRenderer: OFFSET  x: 1.0  y: 0.0
07-12 10:58:08.687  2988  3111 D GestureStubView_Touch: setKeepHidden    old=false   new=true
07-12 10:58:08.687  2988  3111 D GestureStubView_Touch: updateTouchable    old=false   new=true
07-12 10:58:08.687  2988  3111 D GestureStubView_Touch:   updateTouchable---requestApplyInsets
07-12 10:58:08.687  2988  3111 D GestureStubView_Touch: disableTouch    old=false   new=true
07-12 10:58:08.687  2988  3111 D GestureStubView_Touch: updateTouchable    old=true   new=true
07-12 10:58:08.687  2988  3111 D GestureStubView: hideGestureStub
07-12 10:58:08.688  2988  3111 D GestureStubView_Touch: setKeepHidden    old=false   new=true
07-12 10:58:08.688  2988  3111 D GestureStubView_Touch: updateTouchable    old=false   new=true
07-12 10:58:08.688  2988  3111 D GestureStubView_Touch:   updateTouchable---requestApplyInsets
07-12 10:58:08.688  2988  3111 D GestureStubView_Touch: disableTouch    old=false   new=true
07-12 10:58:08.688  2988  3111 D GestureStubView_Touch: updateTouchable    old=true   new=true
07-12 10:58:08.688  2988  3111 D GestureStubView: hideGestureStub
07-12 10:58:08.688  2533  2712 D ImageWallpaperRenderer: OFFSET  x: 1.0  y: 0.0
07-12 10:58:08.689  8564  8564 D TouchAssistant: updateAll and mViewAdded = true
07-12 10:58:08.699  1894  1894 W NotificationHistory: Attempted to add notif for locked/gone/disabled user 0
07-12 10:58:08.703  4928  4961 W Parcel  : **** enforceInterface() expected 'com.miui.gamebooster.service.ISecurityCenterNotificationListener' but read 'android.service.notification.INotificationListener'
07-12 10:58:08.704  2533  2712 D ImageWallpaperRenderer: OFFSET  x: 1.0  y: 0.0
07-12 10:58:08.706  4928  4961 W Binder  : Caught a RuntimeException from the binder stub implementation.
07-12 10:58:08.706  4928  4961 W Binder  : java.lang.SecurityException: Binder invocation to an incorrect interface
07-12 10:58:08.706  4928  4961 W Binder  : 	at android.os.Parcel.nativeEnforceInterface(Native Method)
07-12 10:58:08.706  4928  4961 W Binder  : 	at android.os.Parcel.enforceInterface(Parcel.java:653)
07-12 10:58:08.706  4928  4961 W Binder  : 	at com.miui.gamebooster.service.ISecurityCenterNotificationListener$Stub.onTransact(Unknown Source:18)
07-12 10:58:08.706  4928  4961 W Binder  : 	at android.os.Binder.execTransactInternal(Binder.java:1159)
07-12 10:58:08.706  4928  4961 W Binder  : 	at android.os.Binder.execTransact(Binder.java:1123)
07-12 10:58:08.710  2533  2712 D ImageWallpaperRenderer: OFFSET  x: 1.0  y: 0.0
07-12 10:58:08.711  2565  2565 D InterruptionStateProvider: No bubble up: not allowed to bubble: -1|android|8|null|1000
07-12 10:58:08.712  2565  2565 D InterruptionStateProvider: no peek require miui permission -1|android|8|null|1000
07-12 10:58:08.715  2565  3659 W AsyncLayoutInflater: Failed to inflate resource in the background! Retrying on the UI thread
07-12 10:58:08.715  2565  3659 W AsyncLayoutInflater: android.view.InflateException: Binary XML file line #3 in com.android.systemui:layout/status_bar_notification_row: Animators may only be run on Looper threads
07-12 10:58:08.715  2565  3659 W AsyncLayoutInflater: Caused by: android.util.AndroidRuntimeException: Animators may only be run on Looper threads
07-12 10:58:08.715  2565  3659 W AsyncLayoutInflater: 	at android.animation.AnimatorSet.start(AnimatorSet.java:705)
07-12 10:58:08.715  2565  3659 W AsyncLayoutInflater: 	at android.animation.AnimatorSet.start(AnimatorSet.java:684)
07-12 10:58:08.715  2565  3659 W AsyncLayoutInflater: 	at android.animation.StateListAnimator.start(StateListAnimator.java:188)
07-12 10:58:08.715  2565  3659 W AsyncLayoutInflater: 	at android.animation.StateListAnimator.setState(StateListAnimator.java:181)
07-12 10:58:08.715  2565  3659 W AsyncLayoutInflater: 	at android.view.View.drawableStateChanged(View.java:23479)
07-12 10:58:08.715  2565  3659 W AsyncLayoutInflater: 	at android.widget.TextView.drawableStateChanged(TextView.java:5856)
07-12 10:58:08.715  2565  3659 W AsyncLayoutInflater: 	at android.view.View.originalRefreshDrawableState(View.java:23552)
07-12 10:58:08.715  2565  3659 W AsyncLayoutInflater: 	at android.view.View$14.refreshDrawableState(View.java:30876)
07-12 10:58:08.715  2565  3659 W AsyncLayoutInflater: 	at com.miui.internal.variable.v21.Android_View_View_class.callOriginalRefreshDrawableState(Android_View_View_class.java:61)
07-12 10:58:08.715  2565  3659 W AsyncLayoutInflater: 	at com.miui.internal.variable.v16.Android_View_View_class_common.handleRefreshDrawableState(Android_View_View_class_common.java:90)
07-12 10:58:08.715  2565  3659 W AsyncLayoutInflater: 	at com.miui.internal.variable.v21.Android_View_View_class.access$000(Android_View_View_class.java:22)
07-12 10:58:08.715  2565  3659 W AsyncLayoutInflater: 	at com.miui.internal.variable.v21.Android_View_View_class$1.refreshDrawableState(Android_View_View_class.java:88)
07-12 10:58:08.715  2565  3659 W AsyncLayoutInflater: 	at android.view.View.refreshDrawableState(View.java:23543)
07-12 10:58:08.715  2565  3659 W AsyncLayoutInflater: 	at com.miui.internal.util.TaggingDrawableHelper.tagView(TaggingDrawableHelper.java:203)
07-12 10:58:08.715  2565  3659 W AsyncLayoutInflater: 	at com.miui.internal.util.TaggingDrawableHelper.tagChildSequenceState(TaggingDrawableHelper.java:59)
07-12 10:58:08.715  2565  3659 W AsyncLayoutInflater: 	at com.miui.internal.variable.v16.Android_View_ViewGroup_class.handleOnChildVisibilityChanged(Android_View_ViewGroup_class.java:144)
07-12 10:58:08.715  2565  3659 W AsyncLayoutInflater: 	at com.miui.internal.variable.v21.Android_View_ViewGroup_class.access$300(Android_View_ViewGroup_class.java:23)
07-12 10:58:08.715  2565  3659 W AsyncLayoutInflater: 	at com.miui.internal.variable.v21.Android_View_ViewGroup_class$1.onChildVisibilityChanged(Android_View_ViewGroup_class.java:186)
07-12 10:58:08.715  2565  3659 W AsyncLayoutInflater: 	at android.view.ViewGroup.onChildVisibilityChanged(ViewGroup.java:1585)
07-12 10:58:08.715  2565  3659 W AsyncLayoutInflater: 	at android.view.View.setFlags(View.java:16276)
07-12 10:58:08.715  2565  3659 W AsyncLayoutInflater: 	at android.view.View.setVisibility(View.java:11775)
07-12 10:58:08.715  2565  3659 W AsyncLayoutInflater: 	at com.android.systemui.statusbar.notification.row.ActivatableNotificationView.updateBackground(ActivatableNotificationView.java:598)
07-12 10:58:08.715  2565  3659 W AsyncLayoutInflater: 	at com.android.systemui.statusbar.notification.row.MiuiExpandableNotificationRow.updateBackground(MiuiExpandableNotificationRow.kt:62)
07-12 10:58:08.715  2565  3659 W AsyncLayoutInflater: 	at com.android.systemui.statusbar.notification.row.ActivatableNotificationView.onFinishInflate(ActivatableNotificationView.java:205)
07-12 10:58:08.715  2565  3659 W AsyncLayoutInflater: 	at com.android.systemui.statusbar.notification.row.ExpandableNotificationRow.onFinishInflate(ExpandableNotificationRow.java:1750)
07-12 10:58:08.715  2565  3659 W AsyncLayoutInflater: 	at com.android.systemui.statusbar.notification.row.MiuiExpandableNotificationRow.onFinishInflate(MiuiExpandableNotificationRow.kt:52)
07-12 10:58:08.715  2565  3659 W AsyncLayoutInflater: 	at android.view.LayoutInflater.rInflate(LayoutInflater.java:1138)
07-12 10:58:08.715  2565  3659 W AsyncLayoutInflater: 	at android.view.LayoutInflater.rInflateChildren(LayoutInflater.java:1086)
07-12 10:58:08.715  2565  3659 W AsyncLayoutInflater: 	at android.view.LayoutInflater.inflate(LayoutInflater.java:684)
07-12 10:58:08.715  2565  3659 W AsyncLayoutInflater: 	at android.view.LayoutInflater.inflate(LayoutInflater.java:536)
07-12 10:58:08.715  2565  3659 W AsyncLayoutInflater: 	at androidx.asynclayoutinflater.view.AsyncLayoutInflater$InflateThread.runInner(AsyncLayoutInflater.java:189)
07-12 10:58:08.715  2565  3659 W AsyncLayoutInflater: 	at androidx.asynclayoutinflater.view.AsyncLayoutInflater$InflateThread.run(AsyncLayoutInflater.java:203)
07-12 10:58:08.721  2533  2712 D ImageWallpaperRenderer: OFFSET  x: 1.0  y: 0.0
07-12 10:58:08.730  2565  2565 D NotifBadge: update app badge num: android/,num=1,isAllowed=true,userId=-1
07-12 10:58:08.730  1894  2352 W ActivityManager: Sending non-protected broadcast android.intent.action.APPLICATION_MESSAGE_UPDATE from system 2565:com.android.systemui/1000 pkg com.android.systemui. Callers=
07-12 10:58:08.732  2988  3089 I Launcher.ApplicationsMessage: onReceive true
07-12 10:58:08.732  2988  3089 I Launcher.ApplicationsMessage: update android/ to 1
07-12 10:58:08.733  2533  2712 D ImageWallpaperRenderer: OFFSET  x: 1.0  y: 0.0
07-12 10:58:08.743  2533  2712 D ImageWallpaperRenderer: OFFSET  x: 1.0  y: 0.0
07-12 10:58:08.821  2533  2712 D ImageWallpaperRenderer: OFFSET  x: 1.0  y: 0.0
07-12 10:58:08.827   904  3454 I vendor.qti.bluetooth@1.0-ibs_handler: ProcessIbsCmd: Received IBS_WAKE_IND: 0xFD
07-12 10:58:08.827   904  3454 I vendor.qti.bluetooth@1.0-ibs_handler: ProcessIbsCmd: Writing IBS_WAKE_ACK
07-12 10:58:08.829  2502  3457 V bt_stack: [VERBOSE1:btm_ble_gap.cc(1924)] btm_ble_process_ext_adv_pkt: bda=d4:5e:ec:42:d1:94
07-12 10:58:08.829  2502  3457 V bt_stack: [VERBOSE1:btm_ble_gap.cc(1848)] btm_ble_process_adv_addr: bda=d4:5e:ec:42:d1:94
07-12 10:58:08.829  2502  3457 V bt_stack: [VERBOSE1:btm_ble_gap.cc(2058)]  Waiting for scan response d4:5e:ec:42:d1:94
07-12 10:58:08.829  2502  3457 V bt_stack: [VERBOSE1:btm_ble_gap.cc(1924)] btm_ble_process_ext_adv_pkt: bda=d4:5e:ec:42:d1:94
07-12 10:58:08.830  2502  3457 V bt_stack: [VERBOSE1:btm_ble_gap.cc(1848)] btm_ble_process_adv_addr: bda=d4:5e:ec:42:d1:94
07-12 10:58:08.830  2502  3457 V bt_stack: [VERBOSE1:btm_inq.cc(1019)] BTM_InqDbRead: bd addr d4:5e:ec:42:d1:94
07-12 10:58:08.834  2533  2712 D ImageWallpaperRenderer: OFFSET  x: 1.0  y: 0.0
07-12 10:58:08.838  3471  3587 D MiuiMiHomeConnectController: getDeviceTimes
07-12 10:58:08.839  3471  3587 D MiuiMiHomeConnectController: result.getRssi = -6400:00:00:42:D1:94
07-12 10:58:08.842  3471  3587 D MiuiMiHomeDownloadManager: check local file : null
07-12 10:58:08.842  3471  3587 D MiuiMiHomeDownloadManager: device: 41646    return rssiNum: -50
07-12 10:58:08.842  3471  3587 D MiuiMiHomeConnectController: rssi num is not fit cloud data
07-12 10:58:08.844  2533  2712 D ImageWallpaperRenderer: OFFSET  x: 1.0  y: 0.0
07-12 10:58:08.877  2533  2712 D ImageWallpaperRenderer: OFFSET  x: 1.0  y: 0.0
07-12 10:58:08.878  1894  2393 D WifiScoreReportInjector: Fast switch not enabled
07-12 10:58:08.888  2533  2712 D ImageWallpaperRenderer: OFFSET  x: 1.0  y: 0.0
07-12 10:58:08.900  2533  2712 D ImageWallpaperRenderer: OFFSET  x: 1.0  y: 0.0
07-12 10:58:08.908   904  3454 I vendor.qti.bluetooth@1.0-ibs_handler: ProcessIbsCmd: Received IBS_SLEEP_IND: 0xFE
07-12 10:58:08.911  2533  2712 D ImageWallpaperRenderer: OFFSET  x: 1.0  y: 0.0
07-12 10:58:09.055  2533  2712 D ImageWallpaperRenderer: OFFSET  x: 1.0  y: 0.0
07-12 10:58:09.063  2963  2963 D NetworkSpeedTracker: receive actionandroid.intent.action.BATTERY_CHANGED
07-12 10:58:09.063  2963  2963 D NetworkSpeedTracker: onReceive ACTION_BATTERY_CHANGED mBatteryLevel = 100;mIsCharging =true
07-12 10:58:09.064  2829  2829 D QtiCarrierConfigHelper: WARNING, no carrier configs on phone Id: 0
07-12 10:58:09.066  2533  2712 D ImageWallpaperRenderer: OFFSET  x: 1.0  y: 0.0
07-12 10:58:09.066  4928  4928 I BatteryInfoReceiver: ACTION_BATTERY_CHANGED
07-12 10:58:09.067  5492  5492 D VA_UploadVoiceJobService: uploadVoiceDatas onReceive time cost : 0
07-12 10:58:09.068  6407  6935 D PowerKeeper.FrozenApp: onBatteryChanged plug=true mBatteryPlugged=2
07-12 10:58:09.069  6407  7011 D PowerCheckerService: onBatteryChanged, mBatteryLevel = 100, status = 2, level = 100, plug = 2, scale = 100
07-12 10:58:09.069  4928  7112 I android_os_HwBinder: HwBinder: Starting thread pool for getting: vendor.xiaomi.hardware.micharge@1.0::IMiCharge/default
07-12 10:58:09.069  5492  6796 D VA_UploadVoiceJobService: needUploadVoice timeSinceLastUpload = 4484877
07-12 10:58:09.069   968  5232 I vendor.xiaomi.hardware.micharge@1.0-service: ReadFilePathValue path = /sys/class/power_supply/battery/night_charging value = 0
07-12 10:58:09.071  4928  7112 I ChargeProtectionUtils: getNightChargingState: 0
07-12 10:58:09.071  2565  2565 D KeyguardUpdateMonitor: received broadcast android.intent.action.BATTERY_CHANGED
07-12 10:58:09.071  2565  2565 D BatteryController: onReceive: Intent = Intent { act=android.intent.action.BATTERY_CHANGED flg=0x60000010 (has extras) } action = android.intent.action.BATTERY_CHANGED
07-12 10:58:09.072  2906  2906 D DeviceStatisticsService: chargerType=2 batteryLevel=100 totalBatteryCapacity=4251500
07-12 10:58:09.072  2906  2906 D DeviceInfoHidlClient: isPowerInfoNeverSent()=true
07-12 10:58:09.072  2906  2906 D DeviceInfoHidlClient: getPowerInfoSupportStatus()=-1
07-12 10:58:09.076  2533  2712 D ImageWallpaperRenderer: OFFSET  x: 1.0  y: 0.0
07-12 10:58:09.110  2533  2712 D ImageWallpaperRenderer: OFFSET  x: 1.0  y: 0.0
07-12 10:58:09.121   904  3460 I vendor.qti.bluetooth@1.0-ibs_handler: DeviceSleep: TX Awake, Sending SLEEP_IND
07-12 10:58:09.121   904  3460 D vendor.qti.bluetooth@1.0-ibs_handler: SerialClockVote: vote for UART CLK OFF
07-12 10:58:09.121  2533  2712 D ImageWallpaperRenderer: OFFSET  x: 1.0  y: 0.0
07-12 10:58:09.133  2533  2712 D ImageWallpaperRenderer: OFFSET  x: 1.0  y: 0.0
07-12 10:58:09.271   904  3130 D vendor.qti.bluetooth@1.0-wake_lock: Release wakelock is released
07-12 10:58:09.284  1894  2363 I MiuiNetworkPolicy: bandwidth: 1 KB/s, Max bandwidth: 1170 KB/s
07-12 10:58:09.406  5082  5216 D IdProviderImpl: getOAID
07-12 10:58:09.405   950   950 W /vendor/bin/hw/vendor.qti.hardware.perf@2.2-service: type=1400 audit(0.0:47807): avc: denied { search } for comm=41646170744C61756E636820566D name="1894" dev="proc" ino=45873 scontext=u:r:vendor_hal_perf_default:s0 tcontext=u:r:system_server:s0 tclass=dir permissive=0
07-12 10:58:09.405   950   950 W /vendor/bin/hw/vendor.qti.hardware.perf@2.2-service: type=1400 audit(0.0:47808): avc: denied { search } for comm=41646170744C61756E636820566D name="1901" dev="proc" ino=396831 scontext=u:r:vendor_hal_perf_default:s0 tcontext=u:r:system_server:s0 tclass=dir permissive=0
07-12 10:58:09.405   950   950 W /vendor/bin/hw/vendor.qti.hardware.perf@2.2-service: type=1400 audit(0.0:47809): avc: denied { search } for comm=41646170744C61756E636820566D name="1902" dev="proc" ino=396832 scontext=u:r:vendor_hal_perf_default:s0 tcontext=u:r:system_server:s0 tclass=dir permissive=0
07-12 10:58:09.405   950   950 W /vendor/bin/hw/vendor.qti.hardware.perf@2.2-service: type=1400 audit(0.0:47810): avc: denied { search } for comm=41646170744C61756E636820566D name="1903" dev="proc" ino=396833 scontext=u:r:vendor_hal_perf_default:s0 tcontext=u:r:system_server:s0 tclass=dir permissive=0
07-12 10:58:09.405   950   950 W /vendor/bin/hw/vendor.qti.hardware.perf@2.2-service: type=1400 audit(0.0:47811): avc: denied { search } for comm=41646170744C61756E636820566D name="1904" dev="proc" ino=396834 scontext=u:r:vendor_hal_perf_default:s0 tcontext=u:r:system_server:s0 tclass=dir permissive=0
07-12 10:58:09.417  5082  5216 D IdProviderImpl: getOAID
07-12 10:58:09.425   950  4010 E ANDR-PERF-LM: VmRssMeter:: start() 400: Could not find pid, can not collect vmrss data
07-12 10:58:09.425   950  4011 E ANDR-PERF-LM: VmRssMeter:: start() 400: Could not find pid, can not collect vmrss data
07-12 10:58:09.425   950  4011 D ANDR-PERF-LM: MetaMeter: notifyReceiver() 141: AdaptLaunch : (Id : total,started,returned) = (1,1,1,1)
07-12 10:58:09.425   950  4010 D ANDR-PERF-LM: MetaMeter: notifyReceiver() 141: AdaptLaunch : (Id : total,started,returned) = (0,1,1,1)
07-12 10:58:09.425   950  4010 I ANDR-PERF-LM: Meter: asyncTriggerUpdate() 55:  stop notification on VmRss
07-12 10:58:09.425   950  4011 E ANDR-PERF-LM: AdaptiveLaunch: writeToDataBase() 63: Meter aborted or could not get meter data for this run
07-12 10:58:09.425   950  4010 D ANDR-PERF-LM: MetaMeter: notifyReceiver() 148: AdaptLaunch : (Id : total,started,returned,state) = (0,1,0,0,0)
07-12 10:58:09.425   950  4011 I ANDR-PERF-LM: Meter: asyncTriggerUpdate() 55:  stop notification on VmRss
07-12 10:58:09.425   950  4010 D ANDR-PERF-LM: ThreadHelper: thread_callback() 162: Returned from Start:(Meter,Helper,Name,pending)=(0xb4000076c702c700,0xb4000076c7067180,AdaptLaunch VmRss,0)
07-12 10:58:09.425   950  4011 D ANDR-PERF-LM: MetaMeter: notifyReceiver() 162: AdaptLaunch : (Id : total,started,returned,state) = (1,1,0,0,0)
07-12 10:58:09.425   950  4010 D ANDR-PERF-LM: ThreadHelper: thread_callback() 134: Waiting:(Meter,Helper,Name,pending)=(0xb4000076c702c700,0xb4000076c7067180,AdaptLaunch VmRss,0)
07-12 10:58:09.425   950  4011 D ANDR-PERF-LM: ThreadHelper: thread_callback() 162: Returned from Start:(Meter,Helper,Name,pending)=(0xb4000076c702c8c0,0xb4000076c70672c0,AdaptLaunch VmRss,0)
07-12 10:58:09.425   950  4011 D ANDR-PERF-LM: ThreadHelper: thread_callback() 134: Waiting:(Meter,Helper,Name,pending)=(0xb4000076c702c8c0,0xb4000076c70672c0,AdaptLaunch VmRss,0)
07-12 10:58:09.430  1894  2363 I MiuiNetworkPolicy: updateUidState uid = 10127, uidState = 15
07-12 10:58:09.569  1894  2363 I MiuiNetworkPolicy: updateUidState uid = 10063, uidState = 15
07-12 10:58:09.571  1894  2363 I MiuiNetworkPolicyTrafficLimit: updateWhiteListUidForMobileTraffic uid=10063,add=false
07-12 10:58:09.572  1894  2363 D MiuiNetworkPolicyTrafficLimit: updateWhiteListUidForMobileTraffic rst=true
07-12 10:58:09.594   904  3454 I vendor.qti.bluetooth@1.0-ibs_handler: ProcessIbsCmd: Received IBS_WAKE_IND: 0xFD
07-12 10:58:09.594   904  3454 D vendor.qti.bluetooth@1.0-ibs_handler: SerialClockVote: vote for UART CLK ON
07-12 10:58:09.595   904  3454 D vendor.qti.bluetooth@1.0-wake_lock: Acquire wakelock is acquired
07-12 10:58:09.595   904  3454 I vendor.qti.bluetooth@1.0-ibs_handler: ProcessIbsCmd: Writing IBS_WAKE_ACK
07-12 10:58:09.597  2502  3457 V bt_stack: [VERBOSE1:btm_ble_gap.cc(1924)] btm_ble_process_ext_adv_pkt: bda=7c:25:da:a1:a6:8e
07-12 10:58:09.597  2502  3457 V bt_stack: [VERBOSE1:btm_ble_gap.cc(1848)] btm_ble_process_adv_addr: bda=7c:25:da:a1:a6:8e
07-12 10:58:09.598  2502  3457 V bt_stack: [VERBOSE1:btm_inq.cc(1019)] BTM_InqDbRead: bd addr 7c:25:da:a1:a6:8e
07-12 10:58:09.601  3471  3587 E MiuiFastConnectService: check adv data not fast connect
07-12 10:58:09.612  2963  2963 D NetworkSpeedTracker: receive actionandroid.intent.action.BATTERY_CHANGED
07-12 10:58:09.612  2963  2963 D NetworkSpeedTracker: onReceive ACTION_BATTERY_CHANGED mBatteryLevel = 100;mIsCharging =true
07-12 10:58:09.612  2829  2829 D QtiCarrierConfigHelper: WARNING, no carrier configs on phone Id: 0
07-12 10:58:09.614  5492  5492 D VA_UploadVoiceJobService: uploadVoiceDatas onReceive time cost : 1
07-12 10:58:09.614  4928  4928 I BatteryInfoReceiver: ACTION_BATTERY_CHANGED
07-12 10:58:09.614  6407  7011 D PowerCheckerService: onBatteryChanged, mBatteryLevel = 100, status = 2, level = 100, plug = 2, scale = 100
07-12 10:58:09.614  6407  6935 D PowerKeeper.FrozenApp: onBatteryChanged plug=true mBatteryPlugged=2
07-12 10:58:09.615  2565  2565 D KeyguardUpdateMonitor: received broadcast android.intent.action.BATTERY_CHANGED
07-12 10:58:09.615  2565  2565 D BatteryController: onReceive: Intent = Intent { act=android.intent.action.BATTERY_CHANGED flg=0x60000010 (has extras) } action = android.intent.action.BATTERY_CHANGED
07-12 10:58:09.616  5492  6796 D VA_UploadVoiceJobService: needUploadVoice timeSinceLastUpload = 4485424
07-12 10:58:09.617  2906  2906 D DeviceStatisticsService: chargerType=2 batteryLevel=100 totalBatteryCapacity=4251600
07-12 10:58:09.617  2906  2906 D DeviceInfoHidlClient: getPowerInfoSupportStatus()=-1
07-12 10:58:09.618  4928  8197 I android_os_HwBinder: HwBinder: Starting thread pool for getting: vendor.xiaomi.hardware.micharge@1.0::IMiCharge/default
07-12 10:58:09.618   968  5232 I vendor.xiaomi.hardware.micharge@1.0-service: ReadFilePathValue path = /sys/class/power_supply/battery/night_charging value = 0
07-12 10:58:09.618  4928  8197 I ChargeProtectionUtils: getNightChargingState: 0
07-12 10:58:09.676   904  3454 I vendor.qti.bluetooth@1.0-ibs_handler: ProcessIbsCmd: Received IBS_SLEEP_IND: 0xFE
07-12 10:58:09.676   904  3454 D vendor.qti.bluetooth@1.0-ibs_handler: SerialClockVote: vote for UART CLK OFF
07-12 10:58:09.827   904  3130 D vendor.qti.bluetooth@1.0-wake_lock: Release wakelock is released
07-12 10:58:10.063  5340  5340 I MiPlayAudioService: onTick:69s
07-12 10:58:10.195   904  3454 I vendor.qti.bluetooth@1.0-ibs_handler: ProcessIbsCmd: Received IBS_WAKE_IND: 0xFD
07-12 10:58:10.195   904  3454 D vendor.qti.bluetooth@1.0-ibs_handler: SerialClockVote: vote for UART CLK ON
07-12 10:58:10.196   904  3454 D vendor.qti.bluetooth@1.0-wake_lock: Acquire wakelock is acquired
07-12 10:58:10.196   904  3454 I vendor.qti.bluetooth@1.0-ibs_handler: ProcessIbsCmd: Writing IBS_WAKE_ACK
07-12 10:58:10.198  2502  3457 V bt_stack: [VERBOSE1:btm_ble_gap.cc(1924)] btm_ble_process_ext_adv_pkt: bda=d4:5e:ec:42:d1:94
07-12 10:58:10.198  2502  3457 V bt_stack: [VERBOSE1:btm_ble_gap.cc(1848)] btm_ble_process_adv_addr: bda=d4:5e:ec:42:d1:94
07-12 10:58:10.198  2502  3457 V bt_stack: [VERBOSE1:btm_ble_gap.cc(2058)]  Waiting for scan response d4:5e:ec:42:d1:94
07-12 10:58:10.277   904  3454 I vendor.qti.bluetooth@1.0-ibs_handler: ProcessIbsCmd: Received IBS_SLEEP_IND: 0xFE
07-12 10:58:10.277   904  3454 D vendor.qti.bluetooth@1.0-ibs_handler: SerialClockVote: vote for UART CLK OFF
07-12 10:58:10.427   904  3130 D vendor.qti.bluetooth@1.0-wake_lock: Release wakelock is released
07-12 10:58:11.898  1894  2393 D WifiScoreReportInjector: Fast switch not enabled
07-12 10:58:12.100  1894  2363 D MiuiNetworkPolicy: updateLimit mLimitEnabled=false,enabled=true,mNetworkPriorityMode=1
07-12 10:58:12.235   904  3454 I vendor.qti.bluetooth@1.0-ibs_handler: ProcessIbsCmd: Received IBS_WAKE_IND: 0xFD
07-12 10:58:12.235   904  3454 D vendor.qti.bluetooth@1.0-ibs_handler: SerialClockVote: vote for UART CLK ON
07-12 10:58:12.236   904  3454 D vendor.qti.bluetooth@1.0-wake_lock: Acquire wakelock is acquired
07-12 10:58:12.236   904  3454 I vendor.qti.bluetooth@1.0-ibs_handler: ProcessIbsCmd: Writing IBS_WAKE_ACK
07-12 10:58:12.239  2502  3457 V bt_stack: [VERBOSE1:btm_ble_gap.cc(1924)] btm_ble_process_ext_adv_pkt: bda=d4:5e:ec:42:d1:94
07-12 10:58:12.239  2502  3457 V bt_stack: [VERBOSE1:btm_ble_gap.cc(1848)] btm_ble_process_adv_addr: bda=d4:5e:ec:42:d1:94
07-12 10:58:12.239  2502  3457 V bt_stack: [VERBOSE1:btm_ble_gap.cc(2058)]  Waiting for scan response d4:5e:ec:42:d1:94
07-12 10:58:12.239  2502  3457 V bt_stack: [VERBOSE1:btm_ble_gap.cc(1924)] btm_ble_process_ext_adv_pkt: bda=d4:5e:ec:42:d1:94
07-12 10:58:12.239  2502  3457 V bt_stack: [VERBOSE1:btm_ble_gap.cc(1848)] btm_ble_process_adv_addr: bda=d4:5e:ec:42:d1:94
07-12 10:58:12.239  2502  3457 V bt_stack: [VERBOSE1:btm_inq.cc(1019)] BTM_InqDbRead: bd addr d4:5e:ec:42:d1:94
07-12 10:58:12.240  2502  3457 V bt_stack: [VERBOSE1:btm_ble_gap.cc(1924)] btm_ble_process_ext_adv_pkt: bda=7c:25:da:a1:a6:8e
07-12 10:58:12.240  2502  3457 V bt_stack: [VERBOSE1:btm_ble_gap.cc(1848)] btm_ble_process_adv_addr: bda=7c:25:da:a1:a6:8e
07-12 10:58:12.240  2502  3457 V bt_stack: [VERBOSE1:btm_inq.cc(1019)] BTM_InqDbRead: bd addr 7c:25:da:a1:a6:8e
07-12 10:58:12.243  3471  3587 E MiuiFastConnectService: check adv data not fast connect
07-12 10:58:12.243  3471  3587 D MiuiNearbyService: getNearbyService() - returning com.android.bluetooth.ble.app.MiuiNearbyService@32df939
07-12 10:58:12.244  3471  3587 E MiuiFastConnectService: check adv data not fast connect
07-12 10:58:12.245  5834  6616 E IDM-BleBackGround: MiConnect EndPoint found
07-12 10:58:12.285  1894  2363 I MiuiNetworkPolicy: bandwidth: 3 KB/s, Max bandwidth: 1170 KB/s
07-12 10:58:12.317   904  3454 I vendor.qti.bluetooth@1.0-ibs_handler: ProcessIbsCmd: Received IBS_SLEEP_IND: 0xFE
07-12 10:58:12.317   904  3454 D vendor.qti.bluetooth@1.0-ibs_handler: SerialClockVote: vote for UART CLK OFF
07-12 10:58:12.469   904  3130 D vendor.qti.bluetooth@1.0-wake_lock: Release wakelock is released
07-12 10:58:13.408  1452  3059 D BufferPoolAccessor2.0: evictor expired: 1, evicted: 0
07-12 10:58:13.481   904  3454 I vendor.qti.bluetooth@1.0-ibs_handler: ProcessIbsCmd: Received IBS_WAKE_IND: 0xFD
07-12 10:58:13.481   904  3454 D vendor.qti.bluetooth@1.0-ibs_handler: SerialClockVote: vote for UART CLK ON
07-12 10:58:13.482   904  3454 D vendor.qti.bluetooth@1.0-wake_lock: Acquire wakelock is acquired
07-12 10:58:13.482   904  3454 I vendor.qti.bluetooth@1.0-ibs_handler: ProcessIbsCmd: Writing IBS_WAKE_ACK
07-12 10:58:13.485  2502  3457 V bt_stack: [VERBOSE1:btm_ble_gap.cc(1924)] btm_ble_process_ext_adv_pkt: bda=7c:25:da:a1:a6:8e
07-12 10:58:13.485  2502  3457 V bt_stack: [VERBOSE1:btm_ble_gap.cc(1848)] btm_ble_process_adv_addr: bda=7c:25:da:a1:a6:8e
07-12 10:58:13.485  2502  3457 V bt_stack: [VERBOSE1:btm_inq.cc(1019)] BTM_InqDbRead: bd addr 7c:25:da:a1:a6:8e
07-12 10:58:13.485  2502  3457 V bt_stack: [VERBOSE1:btm_ble_gap.cc(1924)] btm_ble_process_ext_adv_pkt: bda=d4:5e:ec:42:d1:94
07-12 10:58:13.485  2502  3457 V bt_stack: [VERBOSE1:btm_ble_gap.cc(1848)] btm_ble_process_adv_addr: bda=d4:5e:ec:42:d1:94
07-12 10:58:13.486  2502  3457 V bt_stack: [VERBOSE1:btm_ble_gap.cc(2058)]  Waiting for scan response d4:5e:ec:42:d1:94
07-12 10:58:13.486  2502  3457 V bt_stack: [VERBOSE1:btm_ble_gap.cc(1924)] btm_ble_process_ext_adv_pkt: bda=d4:5e:ec:42:d1:94
07-12 10:58:13.486  2502  3457 V bt_stack: [VERBOSE1:btm_ble_gap.cc(1848)] btm_ble_process_adv_addr: bda=d4:5e:ec:42:d1:94
07-12 10:58:13.486  2502  3457 V bt_stack: [VERBOSE1:btm_inq.cc(1019)] BTM_InqDbRead: bd addr d4:5e:ec:42:d1:94
07-12 10:58:13.490  3471  3587 E MiuiFastConnectService: check adv data not fast connect
07-12 10:58:13.499  3471  3587 D MiuiMiHomeConnectController: getDeviceTimes
07-12 10:58:13.501  3471  3587 D MiuiMiHomeConnectController: result.getRssi = -6200:00:00:42:D1:94
07-12 10:58:13.506  3471  3587 D MiuiMiHomeDownloadManager: check local file : null
07-12 10:58:13.506  3471  3587 D MiuiMiHomeDownloadManager: device: 41646    return rssiNum: -50
07-12 10:58:13.506  3471  3587 D MiuiMiHomeConnectController: rssi num is not fit cloud data
07-12 10:58:13.564   904  3454 I vendor.qti.bluetooth@1.0-ibs_handler: ProcessIbsCmd: Received IBS_SLEEP_IND: 0xFE
07-12 10:58:13.564   904  3454 D vendor.qti.bluetooth@1.0-ibs_handler: SerialClockVote: vote for UART CLK OFF
07-12 10:58:13.715   904  3130 D vendor.qti.bluetooth@1.0-wake_lock: Release wakelock is released
07-12 10:58:14.793   904  3454 I vendor.qti.bluetooth@1.0-ibs_handler: ProcessIbsCmd: Received IBS_WAKE_IND: 0xFD
07-12 10:58:14.793   904  3454 D vendor.qti.bluetooth@1.0-ibs_handler: SerialClockVote: vote for UART CLK ON
07-12 10:58:14.794   904  3454 D vendor.qti.bluetooth@1.0-wake_lock: Acquire wakelock is acquired
07-12 10:58:14.794   904  3454 I vendor.qti.bluetooth@1.0-ibs_handler: ProcessIbsCmd: Writing IBS_WAKE_ACK
07-12 10:58:14.796  2502  3457 V bt_stack: [VERBOSE1:btm_ble_gap.cc(1924)] btm_ble_process_ext_adv_pkt: bda=d4:5e:ec:42:d1:94
07-12 10:58:14.797  2502  3457 V bt_stack: [VERBOSE1:btm_ble_gap.cc(1848)] btm_ble_process_adv_addr: bda=d4:5e:ec:42:d1:94
07-12 10:58:14.797  2502  3457 V bt_stack: [VERBOSE1:btm_ble_gap.cc(2058)]  Waiting for scan response d4:5e:ec:42:d1:94
07-12 10:58:14.797  2502  3457 V bt_stack: [VERBOSE1:btm_ble_gap.cc(1924)] btm_ble_process_ext_adv_pkt: bda=d4:5e:ec:42:d1:94
07-12 10:58:14.797  2502  3457 V bt_stack: [VERBOSE1:btm_ble_gap.cc(1848)] btm_ble_process_adv_addr: bda=d4:5e:ec:42:d1:94
07-12 10:58:14.797  2502  3457 V bt_stack: [VERBOSE1:btm_inq.cc(1019)] BTM_InqDbRead: bd addr d4:5e:ec:42:d1:94
07-12 10:58:14.798  2502  3457 V bt_stack: [VERBOSE1:btm_ble_gap.cc(1924)] btm_ble_process_ext_adv_pkt: bda=c8:28:32:16:78:36
07-12 10:58:14.798  2502  3457 V bt_stack: [VERBOSE1:btm_ble_gap.cc(1848)] btm_ble_process_adv_addr: bda=c8:28:32:16:78:36
07-12 10:58:14.798  2502  3457 V bt_stack: [VERBOSE1:btm_inq.cc(1019)] BTM_InqDbRead: bd addr c8:28:32:16:78:36
07-12 10:58:14.802  3471  3587 E MiuiFastConnectService: check adv data not fast connect
07-12 10:58:14.802  3471  3587 D MiuiNearbyService: getNearbyService() - returning com.android.bluetooth.ble.app.MiuiNearbyService@32df939
07-12 10:58:14.804  5834  6616 E IDM-BleBackGround: MiConnect EndPoint found
07-12 10:58:14.806  3471  3587 E MiuiFastConnectService: check adv data not fast connect
07-12 10:58:14.876   904  3454 I vendor.qti.bluetooth@1.0-ibs_handler: ProcessIbsCmd: Received IBS_SLEEP_IND: 0xFE
07-12 10:58:14.877   904  3454 D vendor.qti.bluetooth@1.0-ibs_handler: SerialClockVote: vote for UART CLK OFF
07-12 10:58:14.926  1894  2393 D WifiScoreReportInjector: Fast switch not enabled
07-12 10:58:15.027   904  3130 D vendor.qti.bluetooth@1.0-wake_lock: Release wakelock is released
07-12 10:58:15.290  1894  2363 I MiuiNetworkPolicy: bandwidth: 2 KB/s, Max bandwidth: 1170 KB/s
07-12 10:58:15.513   904  3454 I vendor.qti.bluetooth@1.0-ibs_handler: ProcessIbsCmd: Received IBS_WAKE_IND: 0xFD
07-12 10:58:15.513   904  3454 D vendor.qti.bluetooth@1.0-ibs_handler: SerialClockVote: vote for UART CLK ON
07-12 10:58:15.514   904  3454 D vendor.qti.bluetooth@1.0-wake_lock: Acquire wakelock is acquired
07-12 10:58:15.514   904  3454 I vendor.qti.bluetooth@1.0-ibs_handler: ProcessIbsCmd: Writing IBS_WAKE_ACK
07-12 10:58:15.517  2502  3457 V bt_stack: [VERBOSE1:btm_ble_gap.cc(1924)] btm_ble_process_ext_adv_pkt: bda=d4:5e:ec:42:d1:94
07-12 10:58:15.517  2502  3457 V bt_stack: [VERBOSE1:btm_ble_gap.cc(1848)] btm_ble_process_adv_addr: bda=d4:5e:ec:42:d1:94
