07-12 10:58:15.517  2502  3457 V bt_stack: [VERBOSE1:btm_ble_gap.cc(2058)]  Waiting for scan response d4:5e:ec:42:d1:94
07-12 10:58:15.517  2502  3457 V bt_stack: [VERBOSE1:btm_ble_gap.cc(1924)] btm_ble_process_ext_adv_pkt: bda=d4:5e:ec:42:d1:94
07-12 10:58:15.518  2502  3457 V bt_stack: [VERBOSE1:btm_ble_gap.cc(1848)] btm_ble_process_adv_addr: bda=d4:5e:ec:42:d1:94
07-12 10:58:15.518  2502  3457 V bt_stack: [VERBOSE1:btm_inq.cc(1019)] BTM_InqDbRead: bd addr d4:5e:ec:42:d1:94
07-12 10:58:15.518  2502  3457 V bt_stack: [VERBOSE1:btm_ble_gap.cc(1924)] btm_ble_process_ext_adv_pkt: bda=7c:25:da:a1:a6:8e
07-12 10:58:15.518  2502  3457 V bt_stack: [VERBOSE1:btm_ble_gap.cc(1848)] btm_ble_process_adv_addr: bda=7c:25:da:a1:a6:8e
07-12 10:58:15.518  2502  3457 V bt_stack: [VERBOSE1:btm_inq.cc(1019)] BTM_InqDbRead: bd addr 7c:25:da:a1:a6:8e
07-12 10:58:15.532  3471  3587 D MiuiMiHomeConnectController: getDeviceTimes
07-12 10:58:15.534  3471  3587 D MiuiMiHomeConnectController: result.getRssi = -6200:00:00:42:D1:94
07-12 10:58:15.538  3471  3587 D MiuiMiHomeDownloadManager: check local file : null
07-12 10:58:15.538  3471  3587 D MiuiMiHomeDownloadManager: device: 41646    return rssiNum: -50
07-12 10:58:15.538  3471  3587 D MiuiMiHomeConnectController: rssi num is not fit cloud data
07-12 10:58:15.538  3471  3587 E MiuiFastConnectService: check adv data not fast connect
07-12 10:58:15.595   904  3454 I vendor.qti.bluetooth@1.0-ibs_handler: ProcessIbsCmd: Received IBS_SLEEP_IND: 0xFE
07-12 10:58:15.596   904  3454 D vendor.qti.bluetooth@1.0-ibs_handler: SerialClockVote: vote for UART CLK OFF
07-12 10:58:15.746   904  3130 D vendor.qti.bluetooth@1.0-wake_lock: Release wakelock is released
07-12 10:58:15.919  1894  2343 D MIUIInput: [MotionEvent] notifyMotion - eventTime=564245919000, deviceId=3, source=0x1002, policyFlags=0x0, action=0x0, flags=0x0, downTime=564245919000, moveCount:0
07-12 10:58:15.920  1894  2342 W InputDispatcher: checkSynergyInfo mode:0 info:0 0, id:-1
07-12 10:58:15.920  1894  2342 D MIUIInput: [MotionEvent] publisher action=0x0, 564245, channel '434c676 com.miui.home/com.miui.home.launcher.Launcher (server)'
07-12 10:58:15.920  1894  2342 D MIUIInput: [MotionEvent] publisher action=0x0, 564245, channel 'c77c903 com.miui.miwallpaper.wallpaperservice.MiuiKeyguardPictorialWallpaper (server)'
07-12 10:58:15.920  1894  2342 D MIUIInput: [MotionEvent] publisher action=0x0, 564245, channel 'b92fc24 com.miui.miwallpaper.wallpaperservice.ImageWallpaper (server)'
07-12 10:58:15.921  2988  2988 D MIUIInput: [MotionEvent] ViewRootImpl { action=ACTION_DOWN, id[0]=0, pointerCount=1, eventTime=564245, downTime=564245 } moveCount:0
07-12 10:58:15.922  2988  2988 D EventBus: No subscribers registered for event class com.miui.home.launcher.common.messages.EndSpringAnimatorMessage
07-12 10:58:15.922  2988  2988 D EventBus: No subscribers registered for event class org.greenrobot.eventbus.NoSubscriberEvent
07-12 10:58:15.922  2988  2988 D Launcher.Feed: touchState : 0 scrolling : false normalEditing : false WidgetThumbnailViewShowing : false UninstallDialogShowing : false isMinusScreenShowing: false
07-12 10:58:15.922  2988  2988 D Launcher.StatusBarController: try intercept touch, isProxySurvive=true
07-12 10:58:15.923  1894  1923 E PointerController: [doFadingAnimationLocked:632]
07-12 10:58:15.923  1894  1923 E PointerController: [updatePointerLocked:811] mLocked.pointerIconChanged = 0
07-12 10:58:15.923  1894  1923 E PointerController: [updatePointerLocked:812] mLocked.presentationChanged = 0
07-12 10:58:15.923  1894  1923 E PointerController: [updatePointerLocked:813] mLocked.presentation = 3
07-12 10:58:15.923  1894  1923 E PointerController: [updatePointerLocked:814] mLocked.requestedPointerType = 1000
07-12 10:58:15.923  1894  2450 W SchedBoost: SchedBoost begin: proc: 2988/3124, mode: 2 aff:[4, 5, 6]
07-12 10:58:15.924  2988  2988 D Launcher.Workspace: Workspace touch down
07-12 10:58:15.924  2988  2988 D ScreenView_Workspace: onIntercept:0.0
07-12 10:58:15.924  2988  2988 D ScreenView_Workspace: not intercept
07-12 10:58:15.924  2988  2988 D Launcher.CellLayout: touch item:ShortcutInfo, id=935, itemType=0, user=UserHandle{0}, mIconType=0, pkgName=cn.missevan, className=cn.missevan.activity.SplashActivity, screenId=3, container=-100, cellX=0, cellY=3, spanX=1, spanY=1
07-12 10:58:15.925  2988  2988 D Launcher.itemIcon: folmeDown
07-12 10:58:15.926  2988  4681 D Launcher.Boost: bindcore 200
07-12 10:58:15.955  1894  2343 D MIUIInput: [MotionEvent] notifyMotion - eventTime=564284137000, deviceId=3, source=0x1002, policyFlags=0x0, action=0x1, flags=0x0, downTime=564245919000, moveCount:0
07-12 10:58:15.956  1894  1923 E PointerController: [doFadingAnimationLocked:632]
07-12 10:58:15.956  1894  1923 E PointerController: [updatePointerLocked:811] mLocked.pointerIconChanged = 0
07-12 10:58:15.956  1894  1923 E PointerController: [updatePointerLocked:812] mLocked.presentationChanged = 0
07-12 10:58:15.956  1894  1923 E PointerController: [updatePointerLocked:813] mLocked.presentation = 3
07-12 10:58:15.956  1894  1923 E PointerController: [updatePointerLocked:814] mLocked.requestedPointerType = 1000
07-12 10:58:15.956  1894  2342 W InputDispatcher: checkSynergyInfo mode:0 info:0 0, id:-1
07-12 10:58:15.956  1894  2342 D MIUIInput: [MotionEvent] publisher action=0x1, 564284, channel '434c676 com.miui.home/com.miui.home.launcher.Launcher (server)'
07-12 10:58:15.956  1894  2342 D MIUIInput: [MotionEvent] publisher action=0x1, 564284, channel 'c77c903 com.miui.miwallpaper.wallpaperservice.MiuiKeyguardPictorialWallpaper (server)'
07-12 10:58:15.956  1894  2342 D MIUIInput: [MotionEvent] publisher action=0x1, 564284, channel 'b92fc24 com.miui.miwallpaper.wallpaperservice.ImageWallpaper (server)'
07-12 10:58:15.959  2988  2988 D MIUIInput: [MotionEvent] ViewRootImpl { action=ACTION_UP, id[0]=0, pointerCount=1, eventTime=564284, downTime=564245 } moveCount:0
07-12 10:58:15.960  2988  2988 D Launcher.Workspace: Workspace touch up or cancel
07-12 10:58:15.960  2988  2988 D ScreenView_Workspace: oninterceput up
07-12 10:58:15.960  2988  3414 I RenderThread: RenderThread resumed
07-12 10:58:15.960  2988  3414 I RenderThread: All controllers paused.
07-12 10:58:15.960  2988  3414 I RenderThread: RenderThread paused, waiting for signal
07-12 10:58:15.960  2988  2988 D Launcher.itemIcon: folmeUp
07-12 10:58:15.961  2988  2988 E QuickstepAppTransitionManagerImpl: getActivityLaunchOptions   iconLoc=Rect(76, 1025 - 248, 1197)
07-12 10:58:15.961  2988  2988 I Timeline: Timeline: Activity_launch_request time:564290
07-12 10:58:15.965  1894  1908 I ActivityTaskManager: START u0 {act=android.intent.action.MAIN cat=[android.intent.category.LAUNCHER] flg=0x10200000 cmp=cn.missevan/.activity.SplashActivity bnds=[76,1025][248,1197] (has extras)} from uid 10092
07-12 10:58:15.965  1894  1908 D MiuiMultiWindowAdapter: MiuiMultiWindowAdapter::getFreeformBlackList::sSmallWindowBlackList = [com.miui.securitycenter, com.miui.weather2, com.miui.miservice, com.android.calendar, com.xiaomi.calendar, com.android.contacts, com.miui.mishare.connectivity, com.android.settings, com.android.printspooler, com.miui.backup, com.miui.huanji, com.miui.calculator, com.android.deskclock, com.android.thememanager, com.mfashiongallery.emag, com.miui.virtualsim, com.miui.smarttravel, com.mi.health, com.android.camera, com.lbe.security.miui, com.miui.cleanmaster, com.miui.newhome, com.miui.voiceassist, com.android.phone, com.miui.yellowpage, com.android.updater, com.miui.tsmclient, com.miui.securitycore, com.xiaomi.account, com.xiaomi.shop, com.xiaomi.smarthome, com.mipay.wallet, com.xiaomi.youpin, com.xiaomi.hm.health, com.miui.bugreport, com.xiaomi.mibrain.speech, com.xiaomi.mimoji, com.xiaomi.scanner, com.duokan.phone.remotecontroller, com.miui.hybrid, com.android.incallui, com.miui.video, com.miui.videoplayer, com.miui.player, com.miui.fm, com.miui.packageinstaller, com.mi.android.globallauncher, com.mi.android.globallauncher-poco, com.google.android.dialer, com.google.android.apps.magazines, com.miui.compass, com.miui.greenguard, com.kiteguard, com.google.android.apps.prodcasts, com.google.ar.lens, com.xiangkan.android, com.android.bankabc, com.sohu.inputmethod.sogou, com.tencent.mtt, com.shyz.toutiao, com.netease.mc.mi, com.outfit7.talkingtomgoldrun.mi, com.doudz.mi, com.wepie.snake.new.mi, cn.jj, com.standddz002.mi, com.miHoYo.bh3.mi, com.qqgame.hlddz, com.happyelements.AndroidAnimal, com.minitech.miniworld.TMobile.mi, com.mfp.jelly.xiaomi, com.lilithgames.afk.mi, com.tencent.peng, com.teenpatti.hd.gold, blockpuzzle.jewelgames.jewelslegend, com.playgendary.tanks, com.chillingo.robberybobfree.android.row, com.episodeinteractive.android.catalog, com.playrix.township, com.ansangha.drdriving, com.google.android.youtube, com.gbits.atm.mi, com.tencent.tetris, com.sukhavati.gotoplaying.bubble.BubbleShooter.mint, com.block.puzzle.game.hippo.mi, com.youzu.bs.mi, com.appsomniacs.da2, com.miHoYo.Yuanshen, com.baidu.BaiduMap, com.google.android.googlequicksearchbox]
07-12 10:58:15.970   950   950 I ANDR-PERF-LM: LMPerfGlue: perfmodule_submit_request() 132: perfmodule_submit_request()
07-12 10:58:15.970   950   950 I ANDR-PERF-LM: Core: getInstance() 84: LM getInstance
07-12 10:58:15.970   950   950 I ANDR-PERF-LM: WQ: push() 59: LMTriggerQ push() size=0
07-12 10:58:15.970   950   950 I ANDR-PERF-LM: WQ: push() 61: LMTriggerQ push() done size=1
07-12 10:58:15.970   950  1712 I ANDR-PERF-LM: WQ: pop() 42: LMTriggerQ pop() done size=0
07-12 10:58:15.970   950  1712 I ANDR-PERF-LM: Core: lmMain() 381: Calling runAsync for AdaptLaunch
07-12 10:58:15.970   950  1712 D ANDR-PERF-LM: Feature: lookup() 101: Feature Name = AppClassifier, total featuers = 3, featureFound = 1
07-12 10:58:15.970   950   950 I ANDR-PERF-LM: LMPerfGlue: perfmodule_submit_request() 132: perfmodule_submit_request()
07-12 10:58:15.970   950   950 I ANDR-PERF-LM: Core: getInstance() 84: LM getInstance
07-12 10:58:15.970   950   950 I ANDR-PERF-LM: WQ: push() 59: LMTriggerQ push() size=0
07-12 10:58:15.970   950   950 I ANDR-PERF-LM: WQ: push() 61: LMTriggerQ push() done size=1
07-12 10:58:15.970   950  1712 D ANDR-PERF-LM: Feature: getData() 112: data.data = 1
07-12 10:58:15.970   950  1712 I ANDR-PERF-LM: Core: lmMain() 391: runAsync for AdaptLaunch returned
07-12 10:58:15.970   950  1712 I ANDR-PERF-LM: Core: lmMain() 373: Waiting on trigger Queue
07-12 10:58:15.970   950  1712 I ANDR-PERF-LM: WQ: pop() 31: LMTriggerQ pop() size=1
07-12 10:58:15.970   950  1712 I ANDR-PERF-LM: WQ: pop() 42: LMTriggerQ pop() done size=0
07-12 10:58:15.970   950  1712 I ANDR-PERF-LM: Core: lmMain() 381: Calling runAsync for AdaptLaunch
07-12 10:58:15.970   950  1712 I ANDR-PERF-LM: MetaMeter: isValidAsync() 194: AsyncInfo: hintID = 4225
07-12 10:58:15.970   950  1712 I ANDR-PERF-LM: hintType: 2
07-12 10:58:15.970   950  1712 I ANDR-PERF-LM: isPrimary = 0
07-12 10:58:15.970   950  1712 I ANDR-PERF-LM: MetaMeter: isValidAsync() 203: Invalid (hintID,hintType,appName,duration,appPID,appThreadTID) = (4225, 2,cn.missevan,-1,1894,1908)
07-12 10:58:15.970   950  1712 E ANDR-PERF-LM: MetaMeter: handleAsync() 164: AdaptLaunch Invalid Async
07-12 10:58:15.970   950  1712 I ANDR-PERF-LM: Core: lmMain() 391: runAsync for AdaptLaunch returned
07-12 10:58:15.970   950  1712 I ANDR-PERF-LM: Core: lmMain() 373: Waiting on trigger Queue
07-12 10:58:15.970   950  1712 I ANDR-PERF-LM: WQ: pop() 31: LMTriggerQ pop() size=0
07-12 10:58:15.971   950   950 I ANDR-PERF-LM: LMPerfGlue: perfmodule_submit_request() 132: perfmodule_submit_request()
07-12 10:58:15.971   950   950 I ANDR-PERF-LM: Core: getInstance() 84: LM getInstance
07-12 10:58:15.971   950   950 D ANDR-PERF-LM: Feature: lookup() 101: Feature Name = AppClassifier, total featuers = 3, featureFound = 1
07-12 10:58:15.971   950   950 D ANDR-PERF-LM: Feature: getData() 112: data.data = 1
07-12 10:58:15.971   950   950 I ANDR-PERF-LM: FeedbackAPI: getFeedback() 60: app:cn.missevan feature:AppClassifier feedback = 1
07-12 10:58:15.971   950   950 I ANDR-PERF-LM: LMPerfGlue: perfmodule_submit_request() 132: perfmodule_submit_request()
07-12 10:58:15.971   950   950 I ANDR-PERF-LM: Core: getInstance() 84: LM getInstance
07-12 10:58:15.971   950   950 I ANDR-PERF-LM: WQ: push() 59: LMTriggerQ push() size=0
07-12 10:58:15.971   950   950 I ANDR-PERF-LM: WQ: push() 61: LMTriggerQ push() done size=1
07-12 10:58:15.971  1894  1908 E ANDR-PERF-JNI: com_qualcomm_qtiperformance_native_perf_io_prefetch_start
07-12 10:58:15.971   950  1712 I ANDR-PERF-LM: WQ: pop() 42: LMTriggerQ pop() done size=0
07-12 10:58:15.971   950  1712 I ANDR-PERF-LM: Core: lmMain() 381: Calling runAsync for AdaptLaunch
07-12 10:58:15.971   950  1712 I ANDR-PERF-LM: MetaMeter: isValidAsync() 194: AsyncInfo: hintID = 4225
07-12 10:58:15.971   950  1712 I ANDR-PERF-LM: hintType: 3
07-12 10:58:15.971   950  1712 I ANDR-PERF-LM: isPrimary = 0
07-12 10:58:15.971   950  1712 I ANDR-PERF-LM: MetaMeter: isValidAsync() 203: Invalid (hintID,hintType,appName,duration,appPID,appThreadTID) = (4225, 3,cn.missevan,-1,1894,1908)
07-12 10:58:15.971   950  1712 E ANDR-PERF-LM: MetaMeter: handleAsync() 164: AdaptLaunch Invalid Async
07-12 10:58:15.971   950  1712 I ANDR-PERF-LM: Core: lmMain() 391: runAsync for AdaptLaunch returned
07-12 10:58:15.971   950  1712 I ANDR-PERF-LM: Core: lmMain() 373: Waiting on trigger Queue
07-12 10:58:15.971   950  1712 I ANDR-PERF-LM: WQ: pop() 31: LMTriggerQ pop() size=0
07-12 10:58:15.974   950   950 I ANDR-PERF-LM: LMPerfGlue: perfmodule_submit_request() 132: perfmodule_submit_request()
07-12 10:58:15.974   950   950 I ANDR-PERF-LM: Core: getInstance() 84: LM getInstance
07-12 10:58:15.974   950   950 I ANDR-PERF-LM: WQ: push() 59: LMTriggerQ push() size=0
07-12 10:58:15.974   950   950 I ANDR-PERF-LM: WQ: push() 61: LMTriggerQ push() done size=1
07-12 10:58:15.974   950  1712 I ANDR-PERF-LM: WQ: pop() 42: LMTriggerQ pop() done size=0
07-12 10:58:15.974   950  1712 I ANDR-PERF-LM: Core: lmMain() 381: Calling runAsync for AdaptLaunch
07-12 10:58:15.974   950  1712 I ANDR-PERF-LM: Core: lmMain() 391: runAsync for AdaptLaunch returned
07-12 10:58:15.974   950  1712 I ANDR-PERF-LM: Core: lmMain() 373: Waiting on trigger Queue
07-12 10:58:15.974   950  1712 I ANDR-PERF-LM: WQ: pop() 31: LMTriggerQ pop() size=0
07-12 10:58:15.974   950   950 I ANDR-PERF-LM: LMPerfGlue: perfmodule_submit_request() 132: perfmodule_submit_request()
07-12 10:58:15.974   950   950 I ANDR-PERF-LM: Core: getInstance() 84: LM getInstance
07-12 10:58:15.974   950   950 I ANDR-PERF-LM: WQ: push() 59: LMTriggerQ push() size=0
07-12 10:58:15.974   950   950 I ANDR-PERF-LM: WQ: push() 61: LMTriggerQ push() done size=1
07-12 10:58:15.974   950  1712 I ANDR-PERF-LM: WQ: pop() 42: LMTriggerQ pop() done size=0
07-12 10:58:15.974   950  1712 I ANDR-PERF-LM: Core: lmMain() 381: Calling runAsync for AdaptLaunch
07-12 10:58:15.974   950  1712 I ANDR-PERF-LM: Core: lmMain() 391: runAsync for AdaptLaunch returned
07-12 10:58:15.974   950  1712 I ANDR-PERF-LM: Core: lmMain() 373: Waiting on trigger Queue
07-12 10:58:15.974   950  1712 I ANDR-PERF-LM: WQ: pop() 31: LMTriggerQ pop() size=0
07-12 10:58:15.976  1894  1908 D CompatibilityInfo: mCompatibilityFlags - 0
07-12 10:58:15.976  1894  1908 D CompatibilityInfo: applicationDensity - 440
07-12 10:58:15.976  1894  1908 D CompatibilityInfo: applicationScale - 1.0
07-12 10:58:15.977   950   950 I ANDR-PERF-LM: LMPerfGlue: perfmodule_submit_request() 132: perfmodule_submit_request()
07-12 10:58:15.977   950   950 I ANDR-PERF-LM: Core: getInstance() 84: LM getInstance
07-12 10:58:15.977   950   950 I ANDR-PERF-LM: WQ: push() 59: LMTriggerQ push() size=0
07-12 10:58:15.977   950   950 I ANDR-PERF-LM: WQ: push() 61: LMTriggerQ push() done size=1
07-12 10:58:15.977   950  1712 I ANDR-PERF-LM: WQ: pop() 42: LMTriggerQ pop() done size=0
07-12 10:58:15.977   950  1712 I ANDR-PERF-LM: Core: lmMain() 381: Calling runAsync for GameOptimization
07-12 10:58:15.977   950  1712 D ANDR-PERF-LM: Feature: lookup() 101: Feature Name = AppClassifier, total featuers = 3, featureFound = 1
07-12 10:58:15.978   950  1712 D ANDR-PERF-LM: Feature: getData() 112: data.data = 1
07-12 10:58:15.978  1894  1908 D ActivityTrigger: ActivityTrigger activityPauseTrigger
07-12 10:58:15.978   950  1712 I ANDR-PERF-LM: Core: lmMain() 391: runAsync for GameOptimization returned
07-12 10:58:15.978   950  1712 I ANDR-PERF-LM: Core: lmMain() 381: Calling runAsync for AdaptLaunch
07-12 10:58:15.978   950  1712 I ANDR-PERF-LM: MetaMeter: isValidAsync() 194: AsyncInfo: hintID = 4098
07-12 10:58:15.978   950  1712 I ANDR-PERF-LM: hintType: -1
07-12 10:58:15.978   950  1712 I ANDR-PERF-LM: isPrimary = 0
07-12 10:58:15.978   950  1712 I ANDR-PERF-LM: MetaMeter: isValidAsync() 196: (hintID,hintType,Primary) = (4098, -1, 1)
07-12 10:58:15.978   950   950 I ANDR-PERF-LM: LMPerfGlue: perfmodule_submit_request() 132: perfmodule_submit_request()
07-12 10:58:15.978   950  1712 I ANDR-PERF-LM: MetaMeter: handleAsync() 173: AdaptLaunch MetaMeter handleAsync start() Entry
07-12 10:58:15.978   950  1712 I ANDR-PERF-LM: MetaMeter: isPrimaryASync() 185: (hintID,hintType,Primary) = (4098, -1, 1)
07-12 10:58:15.978   950   950 I ANDR-PERF-LM: Core: getInstance() 84: LM getInstance
07-12 10:58:15.978   950  1712 D ANDR-PERF-LM: MetaMeter: handlePrimaryAsync() 102: AdaptLaunch MeterMgr-0 oldState = 0, newState = 1, asyncId = 4098
07-12 10:58:15.978   950   950 I ANDR-PERF-LM: WQ: push() 59: LMTriggerQ push() size=0
07-12 10:58:15.978   950  1712 D ANDR-PERF-LM: MetaMeter: handlePrimaryAsync() 109: AdaptLaunch starting meters 0
07-12 10:58:15.978   950   950 I ANDR-PERF-LM: WQ: push() 61: LMTriggerQ push() done size=1
07-12 10:58:15.978   950  1712 I ANDR-PERF-LM: MetaMeter: startMeters() 221: AsyncInfo:(hintID,hintType,Primary,MeterHelper,started)=(4098,-1,1,0xb4000076c70670e0,0)
07-12 10:58:15.978   950  1712 I ANDR-PERF-LM: Meter: asyncTriggerUpdate() 63: (hintID,hintType,meterName) = (4098, -1,VmRss)
07-12 10:58:15.978   950  1712 D ANDR-PERF-LM: ThreadHelper: wakeUp() 103: (Meter,Helper,Name,pending)=(0xb4000076c702c700,0xb4000076c7067180,AdaptLaunch VmRss,1)
07-12 10:58:15.978   950  4010 D ANDR-PERF-LM: ThreadHelper: thread_callback() 149: Starting:(Meter,Helper,Name,pending)=(0xb4000076c702c700,0xb4000076c7067180,AdaptLaunch VmRss,0)
07-12 10:58:15.978   950  1712 I ANDR-PERF-LM: MetaMeter: handleAsync() 189: AdaptLaunch MetaMeter handleAsync End() Exit
07-12 10:58:15.978   950  1712 I ANDR-PERF-LM: MetaMeter: isValidAsync() 194: AsyncInfo: hintID = 4098
07-12 10:58:15.978   950  1712 I ANDR-PERF-LM: hintType: -1
07-12 10:58:15.978   950  1712 I ANDR-PERF-LM: isPrimary = 0
07-12 10:58:15.978   950  1712 I ANDR-PERF-LM: MetaMeter: isValidAsync() 196: (hintID,hintType,Primary) = (4098, -1, 1)
07-12 10:58:15.978   950  1712 I ANDR-PERF-LM: MetaMeter: handleAsync() 173: AdaptLaunch MetaMeter handleAsync start() Entry
07-12 10:58:15.978   950  1712 I ANDR-PERF-LM: MetaMeter: isPrimaryASync() 185: (hintID,hintType,Primary) = (4098, -1, 1)
07-12 10:58:15.978   950  1712 D ANDR-PERF-LM: MetaMeter: handlePrimaryAsync() 102: AdaptLaunch MeterMgr-1 oldState = 0, newState = 1, asyncId = 4098
07-12 10:58:15.978   950  1712 D ANDR-PERF-LM: MetaMeter: handlePrimaryAsync() 109: AdaptLaunch starting meters 1
07-12 10:58:15.978   950  1712 I ANDR-PERF-LM: MetaMeter: startMeters() 221: AsyncInfo:(hintID,hintType,Primary,MeterHelper,started)=(4098,-1,1,0xb4000076c7067220,0)
07-12 10:58:15.978   950  1712 I ANDR-PERF-LM: Meter: asyncTriggerUpdate() 63: (hintID,hintType,meterName) = (4098, -1,VmRss)
07-12 10:58:15.978   950  1712 D ANDR-PERF-LM: ThreadHelper: wakeUp() 103: (Meter,Helper,Name,pending)=(0xb4000076c702c8c0,0xb4000076c70672c0,AdaptLaunch VmRss,1)
07-12 10:58:15.978   950  1712 D ANDR-PERF-LM: MetaMeter: restoreMeterMgr() 66: AdaptLaunch Setting Stop Notification. (index,state)=(0,1)
07-12 10:58:15.978   950  1712 D ANDR-PERF-LM: MetaMeter: restoreMeterMgr() 68: AdaptLaunch Setting Stop Notification  (index,state)=(0,2)
07-12 10:58:15.978   950  1712 I ANDR-PERF-LM: Meter: asyncTriggerUpdate() 55:  stop notification on VmRss
07-12 10:58:15.978   950  1712 I ANDR-PERF-LM: MetaMeter: handleAsync() 189: AdaptLaunch MetaMeter handleAsync End() Exit
07-12 10:58:15.978   950  1712 I ANDR-PERF-LM: Core: lmMain() 391: runAsync for AdaptLaunch returned
07-12 10:58:15.978   950  1712 I ANDR-PERF-LM: Core: lmMain() 373: Waiting on trigger Queue
07-12 10:58:15.978   950  4011 D ANDR-PERF-LM: ThreadHelper: thread_callback() 149: Starting:(Meter,Helper,Name,pending)=(0xb4000076c702c8c0,0xb4000076c70672c0,AdaptLaunch VmRss,0)
07-12 10:58:15.978   950  1712 I ANDR-PERF-LM: WQ: pop() 31: LMTriggerQ pop() size=1
07-12 10:58:15.978   950  1712 I ANDR-PERF-LM: WQ: pop() 42: LMTriggerQ pop() done size=0
07-12 10:58:15.978   950  1712 I ANDR-PERF-LM: Core: lmMain() 381: Calling runAsync for GameOptimization
07-12 10:58:15.978   950  1712 D ANDR-PERF-LM: Feature: lookup() 101: Feature Name = AppClassifier, total featuers = 3, featureFound = 1
07-12 10:58:15.978   950  1712 D ANDR-PERF-LM: Feature: getData() 112: data.data = 1
07-12 10:58:15.978   950  1712 I ANDR-PERF-LM: Core: lmMain() 391: runAsync for GameOptimization returned
07-12 10:58:15.978   950  1712 I ANDR-PERF-LM: Core: lmMain() 381: Calling runAsync for AdaptLaunch
07-12 10:58:15.978   950  1712 I ANDR-PERF-LM: Core: lmMain() 391: runAsync for AdaptLaunch returned
07-12 10:58:15.978   950  1712 I ANDR-PERF-LM: Core: lmMain() 373: Waiting on trigger Queue
07-12 10:58:15.978   950  1712 I ANDR-PERF-LM: WQ: pop() 31: LMTriggerQ pop() size=0
07-12 10:58:15.981  2988  2988 D Launcher.Lifecycle: onPause:UserHandle{0},f589671,true
07-12 10:58:15.981  2988  2988 D Launcher_UnlockAnimationStateMachine: setState:PAUSE_WAIT
07-12 10:58:15.983   950   950 I ANDR-PERF-LM: LMPerfGlue: perfmodule_submit_request() 132: perfmodule_submit_request()
07-12 10:58:15.983   950   950 I ANDR-PERF-LM: Core: getInstance() 84: LM getInstance
07-12 10:58:15.983   950   950 I ANDR-PERF-LM: WQ: push() 59: LMTriggerQ push() size=0
07-12 10:58:15.983   950   950 I ANDR-PERF-LM: WQ: push() 61: LMTriggerQ push() done size=1
07-12 10:58:15.983  4274  4294 D LauncherOverlay: setActivityState:1
07-12 10:58:15.983  4274  4274 D LauncherOverlay.Window: onPause
07-12 10:58:15.984   950  1712 I ANDR-PERF-LM: WQ: pop() 42: LMTriggerQ pop() done size=0
07-12 10:58:15.984   950  1712 I ANDR-PERF-LM: Core: lmMain() 381: Calling runAsync for GameOptimization
07-12 10:58:15.984   950  1712 D ANDR-PERF-LM: Feature: lookup() 101: Feature Name = AppClassifier, total featuers = 3, featureFound = 1
07-12 10:58:15.984   950  1712 D ANDR-PERF-LM: Feature: getData() 112: data.data = 1
07-12 10:58:15.984   950  1712 I ANDR-PERF-LM: Core: lmMain() 391: runAsync for GameOptimization returned
07-12 10:58:15.984   950  1712 I ANDR-PERF-LM: Core: lmMain() 381: Calling runAsync for AdaptLaunch
07-12 10:58:15.984   950  1712 I ANDR-PERF-LM: MetaMeter: isValidAsync() 194: AsyncInfo: hintID = 4098
07-12 10:58:15.984   950  1712 I ANDR-PERF-LM: hintType: -1
07-12 10:58:15.984   950  1712 I ANDR-PERF-LM: isPrimary = 0
07-12 10:58:15.984   950  1712 I ANDR-PERF-LM: MetaMeter: isValidAsync() 196: (hintID,hintType,Primary) = (4098, -1, 1)
07-12 10:58:15.984   950  1712 I ANDR-PERF-LM: MetaMeter: handleAsync() 173: AdaptLaunch MetaMeter handleAsync start() Entry
07-12 10:58:15.984   950  1712 I ANDR-PERF-LM: MetaMeter: isPrimaryASync() 185: (hintID,hintType,Primary) = (4098, -1, 1)
07-12 10:58:15.984   950  1712 W ANDR-PERF-LM: MetaMeter: handlePrimaryAsync() 116: AdaptLaunch MetaMeter. No MeterMgr Available to handle this Primary Async. !!!!
07-12 10:58:15.984   950  1712 I ANDR-PERF-LM: MetaMeter: handleAsync() 189: AdaptLaunch MetaMeter handleAsync End() Exit
07-12 10:58:15.984   950  1712 I ANDR-PERF-LM: MetaMeter: isValidAsync() 194: AsyncInfo: hintID = 4098
07-12 10:58:15.984   950  1712 I ANDR-PERF-LM: hintType: -1
07-12 10:58:15.984   950  1712 I ANDR-PERF-LM: isPrimary = 0
07-12 10:58:15.984   950  1712 I ANDR-PERF-LM: MetaMeter: isValidAsync() 196: (hintID,hintType,Primary) = (4098, -1, 1)
07-12 10:58:15.984   950  1712 I ANDR-PERF-LM: MetaMeter: handleAsync() 173: AdaptLaunch MetaMeter handleAsync start() Entry
07-12 10:58:15.984   950  1712 I ANDR-PERF-LM: MetaMeter: isPrimaryASync() 185: (hintID,hintType,Primary) = (4098, -1, 1)
07-12 10:58:15.984   950  1712 W ANDR-PERF-LM: MetaMeter: handlePrimaryAsync() 116: AdaptLaunch MetaMeter. No MeterMgr Available to handle this Primary Async. !!!!
07-12 10:58:15.984   950  1712 I ANDR-PERF-LM: MetaMeter: handleAsync() 189: AdaptLaunch MetaMeter handleAsync End() Exit
07-12 10:58:15.984   950  1712 I ANDR-PERF-LM: Core: lmMain() 391: runAsync for AdaptLaunch returned
07-12 10:58:15.984   950  1712 I ANDR-PERF-LM: Core: lmMain() 373: Waiting on trigger Queue
07-12 10:58:15.984   950  1712 I ANDR-PERF-LM: WQ: pop() 31: LMTriggerQ pop() size=0
07-12 10:58:15.986   949  1235 E ANDR-IOP: io prefetch is disabled
07-12 10:58:15.987  1894  1924 D DecorView: createDecorCaptionView windowingMode:1 mWindowMode 1 isFullscreen: true
07-12 10:58:15.990  2988  2988 I RenderVsyncUpdater: All controllers paused.
07-12 10:58:15.993  5082  5216 D IdProviderImpl: getOAID
07-12 10:58:15.994  2533  2712 D ImageWallpaperRenderer: OFFSET  x: 1.0  y: 0.0
07-12 10:58:15.996  1894  5974 D MIUIInput: [FoucsChange]: Display  0 FocusedWindow From Window{434c676 mode=1 rootTaskId=1 u0 com.miui.home/com.miui.home.launcher.Launcher}(1,1)  to null(0,0)
07-12 10:58:16.001  2988  2988 D Launcher.Lifecycle: onWindowFocusChanged:false,UserHandle{0},f589671,true
07-12 10:58:16.002  2988  2988 I RenderVsyncUpdater: All controllers paused.
07-12 10:58:16.004  1894  2363 I MiuiNetworkPolicy: updateUidState uid = 10837, uidState = 19
07-12 10:58:16.004  2533  2712 D ImageWallpaperRenderer: OFFSET  x: 1.0  y: 0.0
07-12 10:58:16.006   783   783 D Zygote  : Forked child process 12892
07-12 10:58:16.008  1894  1933 I ActivityManager: Start proc 12892:cn.missevan/u0a837 for pre-top-activity {cn.missevan/cn.missevan.activity.SplashActivity} caller=com.miui.home
07-12 10:58:16.012 12892 12892 W Zygote  : Unable to open libbeluga.so: dlopen failed: library "libbeluga.so" not found.
07-12 10:58:16.013  2533  2712 D ImageWallpaperRenderer: OFFSET  x: 1.0  y: 0.0
07-12 10:58:16.021 12892 12892 E cn.missevan: Not starting debugger since process cannot load the jdwp agent.
07-12 10:58:16.024  2533  2712 D ImageWallpaperRenderer: OFFSET  x: 1.0  y: 0.0
07-12 10:58:16.026   950   950 I ANDR-PERF-LM: LMPerfGlue: perfmodule_submit_request() 132: perfmodule_submit_request()
07-12 10:58:16.026   950   950 I ANDR-PERF-LM: Core: getInstance() 84: LM getInstance
07-12 10:58:16.026   950   950 I ANDR-PERF-LM: WQ: push() 59: LMTriggerQ push() size=0
07-12 10:58:16.026   950   950 I ANDR-PERF-LM: WQ: push() 61: LMTriggerQ push() done size=1
07-12 10:58:16.026   950  1712 I ANDR-PERF-LM: WQ: pop() 42: LMTriggerQ pop() done size=0
07-12 10:58:16.026   950  1712 I ANDR-PERF-LM: Core: lmMain() 381: Calling runAsync for AdaptLaunch
07-12 10:58:16.027   950  1712 I ANDR-PERF-LM: MetaMeter: isValidAsync() 194: AsyncInfo: hintID = 4225
07-12 10:58:16.027   950  1712 I ANDR-PERF-LM: hintType: 103
07-12 10:58:16.027   950  1712 I ANDR-PERF-LM: isPrimary = 0
07-12 10:58:16.027   950  1712 I ANDR-PERF-LM: MetaMeter: isValidAsync() 203: Invalid (hintID,hintType,appName,duration,appPID,appThreadTID) = (4225, 103,cn.missevan,12892,1894,5910)
07-12 10:58:16.027   950  1712 E ANDR-PERF-LM: MetaMeter: handleAsync() 164: AdaptLaunch Invalid Async
07-12 10:58:16.027   950  1712 I ANDR-PERF-LM: Core: lmMain() 391: runAsync for AdaptLaunch returned
07-12 10:58:16.027   950  1712 I ANDR-PERF-LM: Core: lmMain() 373: Waiting on trigger Queue
07-12 10:58:16.027   950  1712 I ANDR-PERF-LM: WQ: pop() 31: LMTriggerQ pop() size=0
07-12 10:58:16.028  1894  5910 D CompatibilityInfo: mCompatibilityFlags - 0
07-12 10:58:16.028  1894  5910 D CompatibilityInfo: applicationDensity - 440
07-12 10:58:16.028  1894  5910 D CompatibilityInfo: applicationScale - 1.0
07-12 10:58:16.029  1894  5910 D CompatibilityInfo: mCompatibilityFlags - 0
07-12 10:58:16.029  1894  5910 D CompatibilityInfo: applicationDensity - 440
07-12 10:58:16.029  1894  5910 D CompatibilityInfo: applicationScale - 1.0
07-12 10:58:16.029  6407  8458 D PerfEngineController: ForegroundInfo{mForegroundPackageName='cn.missevan', mForegroundUid=10837, mForegroundPid=12892, mLastForegroundPackageName='com.miui.home', mLastForegroundUid=10092, mLastForegroundPid=2988, mMultiWindowForegroundPackageName='null', mMultiWindowForegroundUid=-1, mFlags=1}
07-12 10:58:16.029  4928  4974 I ProcessMonitor: onForegroundInfoChanged: ForegroundInfo{mForegroundPackageName='cn.missevan', mForegroundUid=10837, mForegroundPid=12892, mLastForegroundPackageName='com.miui.home', mLastForegroundUid=10092, mLastForegroundPid=2988, mMultiWindowForegroundPackageName='null', mMultiWindowForegroundUid=-1, mFlags=1}
07-12 10:58:16.029  6473  6757 I GST     : forePkg: cn.missevan, preForePkg: com.miui.home
07-12 10:58:16.030  9140  9195 D AutoInstallService: onForegroundInfoChanged: cn.missevan
07-12 10:58:16.031  2988  3026 D AppObserver: ForegroundInfo{mForegroundPackageName='cn.missevan', mForegroundUid=10837, mForegroundPid=12892, mLastForegroundPackageName='com.miui.home', mLastForegroundUid=10092, mLastForegroundPid=2988, mMultiWindowForegroundPackageName='null', mMultiWindowForegroundUid=-1, mFlags=1}
07-12 10:58:16.031  4928  4974 I GameBoosterService: onForegroundInfoChanged: Cur=cn.missevan	 last=com.miui.home
07-12 10:58:16.034  1894  2450 W SchedBoost: SchedBoost continue: proc: 2988/3124
07-12 10:58:16.035  1894  1924 I Timeline: Timeline: App_transition_ready time:564364
07-12 10:58:16.036 12892 12892 D ApplicationLoaders: Returning zygote-cached class loader: /system/framework/android.test.base.jar
07-12 10:58:16.037  2565  2565 D StatusBar: disable<e i a s b h r c s > disable2<q i n >
07-12 10:58:16.039  2988  3026 E LauncherAnimationRunner: onAnimationStart
07-12 10:58:16.040  2988  3026 E LauncherAnimationRunner: onAnimationStart:   mode=1   taskId=2   isTranslucent=false
07-12 10:58:16.040  2988  3026 E LauncherAnimationRunner: onAnimationStart:   mode=0   taskId=1905   isTranslucent=false
07-12 10:58:16.040  2988  2988 E QuickstepAppTransitionManagerImpl: startIconLaunchAnimator:launcherClosing=true   iconLoc=Rect(76, 1025 - 248, 1197)
07-12 10:58:16.040  2988  2988 E QuickstepAppTransitionManagerImpl: startOpeningWindowAnimators:iconLoc=Rect(76, 1025 - 248, 1197)
07-12 10:58:16.040  2988  2988 E ClipAnimationHelper: updateSourceStack  mSourceInsets=Rect(0, 0 - 0, 0), mSourceStackBounds=Rect(0, 0 - 1080, 2340)
07-12 10:58:16.040  2988  2988 E ClipAnimationHelper: updateHomeStack  mSourceInsets=Rect(0, 0 - 0, 0), mHomeStackBounds=Rect(0, 0 - 1080, 2340)
07-12 10:58:16.040  2988  2988 E ClipAnimationHelper: updateTargetRect  mSourceRect=RectF(0.0, 0.0, 1080.0, 2340.0)   mTargetRect=RectF(0.0, 0.0, 1080.0, 2340.0)   mSourceWindowClipInsets=RectF(0.0, 0.0, 0.0, 0.0)   mHomeStackBounds=Rect(0, 0 - 1080, 2340)   targetRect=Rect(0, 0 - 1080, 2340)
07-12 10:58:16.040  2988  2988 I QuickstepAppTransitionManagerImpl: startOpeningWindowAnimators, currentDisplayRotation=0, homeRotation=0, startRectF=RectF(82.0, 1031.0, 242.0, 1191.0), endRectF=RectF(0.0, 0.0, 1080.0, 2340.0), startRadius = 243.0, endRadius = 110.0, isUseTranslucentAnim = false
07-12 10:58:16.041  2988  2988 W DimLayer: createDimLayer
07-12 10:58:16.041  4928  4974 D GameBoosterService: onGameStatusChange foreground:ForegroundInfo{mForegroundPackageName='cn.missevan', mForegroundUid=10837, mForegroundPid=12892, mLastForegroundPackageName='com.miui.home', mLastForegroundUid=10092, mLastForegroundPid=2988, mMultiWindowForegroundPackageName='null', mMultiWindowForegroundUid=-1, mFlags=1}
07-12 10:58:16.041  2988  2988 E QuickstepAppTransitionManagerImpl: startLauncherContentAnimator:isAppOpening=true
07-12 10:58:16.041  4928  4974 I GameBoosterService: onForegroundInfoChanged: Exit
07-12 10:58:16.041  2988  2988 E BlurUtils: fastBlur ratio=1.0   withAnim=true   sBlurRatioValue=0.0
07-12 10:58:16.041  4928  4974 I VideoBoxUtils: isSupportVideoBox: true
07-12 10:58:16.041  4928  4974 I VideoToolBoxService: onForegroundInfoChanged: Exit Vtb
07-12 10:58:16.043  2988  7102 W FloatingIconLayer: getFloatingIconLayer
07-12 10:58:16.044  2533  2712 D ImageWallpaperRenderer: OFFSET  x: 1.0  y: 0.0
07-12 10:58:16.044  2988  7102 W FloatingIconLayer: drawIcon
07-12 10:58:16.045  2565  3055 D MiuiPhoneStatusBarPolicy: updateManagedProfile: secondSpace = false
07-12 10:58:16.045   995  1911 I chatty  : uid=1000(system) Binder:995_3 expire 11 lines
07-12 10:58:16.046  2533  2712 D ImageWallpaperRenderer: OFFSET  x: 1.0  y: 0.0
07-12 10:58:16.047  2988  3113 D NavStubView: gatherTransparentRegion: need render w:1080  h:35
07-12 10:58:16.047  2988  3113 W NavStubView_Touch: onComputeInternalInsets  bounds=Rect(0, 0 - 1080, 35)   mHideGestureLine=true   mIsShowNavBar=true   mKeepHidden=false   mDisableTouch=false   mUseEmptyTouchableRegion=false
07-12 10:58:16.047  2988  3113 W NavStubView_Touch:   onComputeInternalInsets  region=SkRegion((0,0,1080,35))
07-12 10:58:16.047  2565  2565 D StatusBar: disable<e i a s b h r c s > disable2<q i n >
07-12 10:58:16.048  2988  3113 D NavStubView_Touch: onSystemUiFlagsChanged  mIsShowStatusBar    old= true   new=false
07-12 10:58:16.048  2988  3113 D NavStubView_Touch: onSystemUiFlagsChanged  mIsShowNavBar    old= true   new=true
07-12 10:58:16.050  1894  2363 I MiuiNetworkPolicy: updateUidState uid = 10837, uidState = 2
07-12 10:58:16.051  1894  2363 I MiuiNetworkPolicyTrafficLimit: updateWhiteListUidForMobileTraffic uid=10837,add=true
07-12 10:58:16.051  1894  2363 D MiuiNetworkPolicyTrafficLimit: updateWhiteListUidForMobileTraffic rst=true
07-12 10:58:16.053  2565  3538 D CommandQueue: setStatus: setStatus: what = 0, action = upate_specail_mode, ext = Bundle[mParcelledData.dataSize=88][pkg = cn.missevan[enable_config = false
07-12 10:58:16.056  2988  2988 E BlurUtils: fastBlurDirectly ratio=0.0047692955   win=com.android.internal.policy.MiuiPhoneWindow@d1db99
07-12 10:58:16.057  2988  2988 D RecentsContainer: onApplyWindowInsets, insets=WindowInsets{
07-12 10:58:16.057  2988  2988 D RecentsContainer:     statusBars=Insets{left=0, top=0, right=0, bottom=0} max=Insets{left=0, top=90, right=0, bottom=0} vis=false
07-12 10:58:16.057  2988  2988 D RecentsContainer:     navigationBars=Insets{left=0, top=0, right=0, bottom=0} max=null vis=false
07-12 10:58:16.057  2988  2988 D RecentsContainer:     =Insets{left=0, top=0, right=0, bottom=0} max=null vis=false
07-12 10:58:16.057  2988  2988 D RecentsContainer:     ime=Insets{left=0, top=0, right=0, bottom=936} max=null vis=true
07-12 10:58:16.057  2988  2988 D RecentsContainer:     systemGestures=Insets{left=0, top=90, right=0, bottom=0} max=Insets{left=0, top=90, right=0, bottom=0} vis=true
07-12 10:58:16.057  2988  2988 D RecentsContainer:     mandatorySystemGestures=Insets{left=0, top=90, right=0, bottom=0} max=Insets{left=0, top=90, right=0, bottom=0} vis=true
07-12 10:58:16.057  2988  2988 D RecentsContainer:     tappableElement=Insets{left=0, top=90, right=0, bottom=0} max=Insets{left=0, top=90, right=0, bottom=0} vis=true
07-12 10:58:16.057  2988  2988 D RecentsContainer:     displayCutout=Insets{left=0, top=90, right=0, bottom=0} max=Insets{left=0, top=90, right=0, bottom=0} vis=true
07-12 10:58:16.057  2988  2988 D RecentsContainer:     windowDecor=null max=null vis=false
07-12 10:58:16.057  2988  2988 D RecentsContainer:     cutout=DisplayCutout{insets=Rect(0, 90 - 0, 0) waterfall=Insets{left=0, top=0, right=0, bottom=0} boundingRect={Bounds=[Rect(0, 0 - 0, 0), Rect(0, 0 - 177, 90), Rect(0, 0 - 0, 0), Rect(0, 0 - 0, 0)]}}
07-12 10:58:16.057  2988  2988 D RecentsContainer:     }, rotation=0
07-12 10:58:16.057 12332 12332 D IMEBottomManager: onGlobalLayout..
07-12 10:58:16.057  2565  2565 D StatusBar: disable<e i a s b h r c s > disable2<q i n >
07-12 10:58:16.057 12332 12332 I IMEBottomManager: rootViewHeight : 2250 fullScreenHeight:1444 inputAreaHeight:642 miuiBottomHeight:164
07-12 10:58:16.057 12332 12332 I IMEBottomManager: heightLeftForMIUI 164
07-12 10:58:16.058 12892 12892 I Perf    : Connecting to perf service.
07-12 10:58:16.058  2988  3111 D GestureStubView: gatherTransparentRegion: need render w:54  h:1404
07-12 10:58:16.059  1894  5910 W ActivityManager: Sending non-protected broadcast com.android.systemui.fullscreen.statechange from system 2565:com.android.systemui/1000 pkg com.android.systemui. Callers=
07-12 10:58:16.065  2533  2712 D ImageWallpaperRenderer: OFFSET  x: 1.0  y: 0.0
07-12 10:58:16.066  8564  8564 D TouchAssistant: getPackageNameFromPid packageName:cn.missevan
07-12 10:58:16.066  8564  8564 D TouchAssistant: onTopAppChanged packageName:cn.missevan
07-12 10:58:16.066  8564  8564 D TouchAssistant: onTopAppChanged hide
07-12 10:58:16.067   995  1245 I chatty  : uid=1000(system) Binder:995_2 expire 3 lines
07-12 10:58:16.067  2988  3111 D GestureStubView: gatherTransparentRegion: need render w:54  h:1404
07-12 10:58:16.069 12892 12892 D NetworkSecurityConfig: Using Network Security Config from resource d debugBuild: false
07-12 10:58:16.069 12892 12892 D NetworkSecurityConfig: Using Network Security Config from resource d debugBuild: false
07-12 10:58:16.070 12892 12892 D Tinker.TinkerLoader: tryLoad test test
07-12 10:58:16.071  2533  2712 D ImageWallpaperRenderer: OFFSET  x: 1.0  y: 0.0
07-12 10:58:16.071  2533  2712 D ImageWallpaperRenderer: OFFSET  x: 1.0  y: 0.0
07-12 10:58:16.071  2533  2533 D ImageWallpaperRenderer: OFFSET  x: 0.0  y: 0.0
07-12 10:58:16.073  5492  5492 D VA_AppChangedListener: get package name by pid:cn.missevan
07-12 10:58:16.073  5492  5492 D VA_AppChangedListener: packageName:cn.missevan,current:com.miui.home
07-12 10:58:16.073  5492  5492 D VA_AppChangedListener: onAppChanged...cn.missevan
07-12 10:58:16.073  5492  5492 D VA_AppChangedListener: onAppChanged notify listener:k
07-12 10:58:16.073  5492  5492 I VA_HybridLifecycleListener: onTopAppChanged: newApp=cn.missevan from=com.miui.home fromPkg=cn.missevan
07-12 10:58:16.074  5492  5492 D VA_AppChangedListener: onAppChanged notify listener:
07-12 10:58:16.074  5492  5492 D VA_AppChangedListener: onAppChanged notify listener:g
07-12 10:58:16.074  5492  5492 E VA_AppBackListener: onTopAppChanged newApp=cn.missevan,oldApp=com.miui.home,mPersistentApp=null,innerApp=false
07-12 10:58:16.074  5492  5492 W VA_LingXiViewManager: hide failed for LingXiView is null
07-12 10:58:16.075  2829  2829 D QtiCarrierConfigHelper: WARNING, no carrier configs on phone Id: 0
07-12 10:58:16.076  5492  5492 D VA_UploadVoiceJobService: uploadVoiceDatas onReceive time cost : 0
07-12 10:58:16.076  6407  6935 D PowerKeeper.FrozenApp: onBatteryChanged plug=true mBatteryPlugged=2
07-12 10:58:16.076  6407  7011 D PowerCheckerService: onBatteryChanged, mBatteryLevel = 100, status = 2, level = 100, plug = 2, scale = 100
07-12 10:58:16.076  2963  2963 D NetworkSpeedTracker: receive actionandroid.intent.action.BATTERY_CHANGED
07-12 10:58:16.076  2963  2963 D NetworkSpeedTracker: onReceive ACTION_BATTERY_CHANGED mBatteryLevel = 100;mIsCharging =true
07-12 10:58:16.077 12892 12892 W Tinker.TinkerLoader: tryLoadPatchFiles:patch dir not exist:/data/user/0/cn.missevan/tinker
07-12 10:58:16.077  4928  4928 I BatteryInfoReceiver: ACTION_BATTERY_CHANGED
07-12 10:58:16.077  2565  2565 D KeyguardUpdateMonitor: received broadcast android.intent.action.BATTERY_CHANGED
07-12 10:58:16.077  2565  2565 D BatteryController: onReceive: Intent = Intent { act=android.intent.action.BATTERY_CHANGED flg=0x60000010 (has extras) } action = android.intent.action.BATTERY_CHANGED
07-12 10:58:16.078  5082  5216 D IdProviderImpl: getOAID
07-12 10:58:16.078 12892 12892 D Tinker.DefaultAppLike: onBaseContextAttached:
07-12 10:58:16.078   995  4178 I chatty  : uid=1000(system) Binder:995_5 expire 7 lines
07-12 10:58:16.078  2988  2988 E BlurUtils: fastBlurDirectly ratio=0.04237941   win=com.android.internal.policy.MiuiPhoneWindow@d1db99
07-12 10:58:16.078 12892 12892 I MultiDex: VM with version 2.1.0 has multidex support
07-12 10:58:16.078 12892 12892 I MultiDex: Installing application
07-12 10:58:16.078 12892 12892 I MultiDex: VM has multidex support, MultiDex support library is disabled.
07-12 10:58:16.081  2533  2712 D ImageWallpaperRenderer: OFFSET  x: 1.0  y: 0.0
07-12 10:58:16.081  4928  8376 I android_os_HwBinder: HwBinder: Starting thread pool for getting: vendor.xiaomi.hardware.micharge@1.0::IMiCharge/default
07-12 10:58:16.081   968  5232 I vendor.xiaomi.hardware.micharge@1.0-service: ReadFilePathValue path = /sys/class/power_supply/battery/night_charging value = 0
07-12 10:58:16.081  4928  8376 I ChargeProtectionUtils: getNightChargingState: 0
07-12 10:58:16.082  5492  6796 D VA_UploadVoiceJobService: needUploadVoice timeSinceLastUpload = 4491890
07-12 10:58:16.085 12892 12892 W HMSSDK_PushPreferences: get new sharedPreferences failed,start to get from context.
07-12 10:58:16.085  2988  3026 D RecentsModel: onTaskStackChangedBackground
07-12 10:58:16.085  2988  3261 D RecentsModel: onTaskStackChangedBackground    MSG_TASK_STACK_CHANGE
07-12 10:58:16.085  2988  3261 D RecentsModel: preloadRecents
07-12 10:58:16.085  2988  3261 W RecentsModel: getRunningTask
07-12 10:58:16.085  2906  2906 D DeviceStatisticsService: chargerType=2 batteryLevel=100 totalBatteryCapacity=4252000
07-12 10:58:16.086  2906  2906 D DeviceInfoHidlClient: getPowerInfoSupportStatus()=-1
07-12 10:58:16.086  2988  3261 W RecentsModel: getRunningTask   taskInfo=TaskInfo{userId=0 pcFlags:0 stackId=1905 taskId=1905 displayId=0 isRunning=true baseIntent=Intent { act=android.intent.action.MAIN cat=[android.intent.category.LAUNCHER] flg=0x10200000 cmp=cn.missevan/.activity.SplashActivity } baseActivity=ComponentInfo{cn.missevan/cn.missevan.activity.SplashActivity} topActivity=ComponentInfo{cn.missevan/cn.missevan.activity.SplashActivity} origActivity=null realActivity=ComponentInfo{cn.missevan/cn.missevan.activity.SplashActivity} numActivities=1 lastActiveTime=564413 supportsSplitScreenMultiWindow=true resizeMode=1 isResizeable=true token=android.window.WindowContainerToken@5ad95ec topActivityType=1 pictureInPictureParams=null topActivityInfo=ActivityInfo{f1eedb5 cn.missevan.activity.SplashActivity}
07-12 10:58:16.086  2988  3261 W RecentsModel: getTaskInfoIgnoreHomeAndFreeform   taskInfo=ComponentInfo{cn.missevan/cn.missevan.activity.SplashActivity}
07-12 10:58:16.087  2988  3261 E ActivityManagerWrapper: get all recent tasks force including 1905
07-12 10:58:16.088  2988  3261 E ActivityManagerWrapper: getRecentTasks: size=11
07-12 10:58:16.088  2988  3261 E ActivityManagerWrapper: getRecentTasks: taskId=1905   userId=0   baseIntent=Intent { act=android.intent.action.MAIN cat=[android.intent.category.LAUNCHER] flg=0x10200000 cmp=cn.missevan/.activity.SplashActivity }
07-12 10:58:16.088  2988  3261 E ActivityManagerWrapper: getRecentTasks: taskId=1901   userId=0   baseIntent=Intent { act=android.intent.action.MAIN cat=[android.intent.category.LAUNCHER] flg=0x10200000 cmp=com.android.settings/.MainSettings }
07-12 10:58:16.088  2988  3261 E ActivityManagerWrapper: getRecentTasks: taskId=1899   userId=0   baseIntent=Intent { act=miui.intent.action.scanbarcode flg=0x10000000 cmp=com.xiaomi.scanner/.app.ScanActivity }
07-12 10:58:16.088  2988  3261 E ActivityManagerWrapper: getRecentTasks: taskId=1786   userId=0   baseIntent=Intent { act=com.android.camera.action.REVIEW dat=content://media/external/video/media/127931 flg=0x50000000 cmp=com.miui.gallery/.activity.ExternalPhotoPageActivity }
07-12 10:58:16.088  2988  3261 E ActivityManagerWrapper: getRecentTasks: taskId=1762   userId=0   baseIntent=Intent { act=android.intent.action.MAIN cat=[android.intent.category.LAUNCHER] flg=0x10200000 cmp=com.quark.browser/com.ucpro.MainActivity }
07-12 10:58:16.088  2988  3261 E ActivityManagerWrapper: getRecentTasks: taskId=1727   userId=0   baseIntent=Intent { act=android.intent.action.MAIN cat=[android.intent.category.LAUNCHER] flg=0x10200000 cmp=com.tencent.mm/.ui.LauncherUI }
07-12 10:58:16.088  2988  3261 E ActivityManagerWrapper: getRecentTasks: taskId=1732   userId=0   baseIntent=Intent { act=android.intent.action.VIEW dat=sinaweibo://gotohome?luicode=10000360&lfid=SDK&launchid=10000360-SDK&fromwbsdkapp=1791474917 flg=0x10000000 cmp=com.sina.weibo/.MainTabActivity }
07-12 10:58:16.088  2988  3261 E ActivityManagerWrapper: getRecentTasks: taskId=1531   userId=0   baseIntent=Intent { act=android.intent.action.VIEW dat=dydeeplink://platformapi/startApp?type=29&cate_id=350&cate_name=&is_face=0&evoke_chan=zwxiaomi40293 flg=0x10000000 cmp=air.tv.douyu.android/tv.douyu.view.activity.launcher.DYLauncherActivity }
07-12 10:58:16.088  2988  3261 E ActivityManagerWrapper: getRecentTasks: taskId=1437   userId=0   baseIntent=Intent { act=android.intent.action.MAIN cat=[android.intent.category.LAUNCHER] flg=0x10000000 cmp=com.miui.calculator/.cal.CalculatorActivity }
07-12 10:58:16.088  2988  3261 E ActivityManagerWrapper: getRecentTasks: taskId=1427   userId=0   baseIntent=Intent { act=android.intent.action.MAIN cat=[android.intent.category.LAUNCHER] flg=0x10200000 cmp=com.ss.android.ugc.aweme/.splash.SplashActivity }
07-12 10:58:16.088  2988  3261 E ActivityManagerWrapper: getRecentTasks: taskId=217   userId=0   baseIntent=Intent { act=android.intent.action.MAIN cat=[android.intent.category.LAUNCHER] flg=0x10100000 cmp=com.sangfor.vpn.client.phone/.WelcomeActivity }
07-12 10:58:16.090  2988  3089 D StatusBarController: handleMessage: flag 800000  disable false
07-12 10:58:16.090  2988  2988 D Launcher_WallpaperUtils: changeStatusBarMode:false
07-12 10:58:16.091  2533  2712 D ImageWallpaperRenderer: OFFSET  x: 1.0  y: 0.0
07-12 10:58:16.101  2988  2988 E BlurUtils: fastBlurDirectly ratio=0.11474341   win=com.android.internal.policy.MiuiPhoneWindow@d1db99
07-12 10:58:16.102  2533  2712 D ImageWallpaperRenderer: OFFSET  x: 1.0  y: 0.0
07-12 10:58:16.104 12892 12892 I AGConnectProvider: AGConnectInitializeProvider#onCreate
07-12 10:58:16.104 12892 12892 I AGConnectInstance: AGConnectInstance#initialize
07-12 10:58:16.104 12892 12892 I ServiceRegistrarParser: getServices
07-12 10:58:16.104 12892 12892 I ServiceRegistrarParser: services:0
07-12 10:58:16.105 12892 12923 E HMSSDK_HMSPackageManager: resolveInfoList is null or empty
07-12 10:58:16.106 12892 12923 E HMSSDK_HMSPackageManager: PackagePriorityInfo list is null
07-12 10:58:16.106 12892 12923 E HMSSDK_HMSPackageManager: <initHmsPackageInfoForMultiService> Failed to find HMS apk
07-12 10:58:16.112   995  1240 I chatty  : uid=1000(system) Binder:995_1 expire 9 lines
07-12 10:58:16.113  2533  2712 D ImageWallpaperRenderer: OFFSET  x: 1.0  y: 0.0
07-12 10:58:16.117 12892 12892 D Tinker.DefaultAppLike: onCreate
07-12 10:58:16.123  2988  2988 E BlurUtils: fastBlurDirectly ratio=0.21636549   win=com.android.internal.policy.MiuiPhoneWindow@d1db99
07-12 10:58:16.123  2533  2712 D ImageWallpaperRenderer: OFFSET  x: 1.0  y: 0.0
07-12 10:58:16.126  2988  4681 D Launcher.Boost: bindcore 35
07-12 10:58:16.136  2533  2712 D ImageWallpaperRenderer: OFFSET  x: 1.0  y: 0.0
07-12 10:58:16.136  2988  7102 W FloatingIconLayer: release
07-12 10:58:16.145  2988  2988 E BlurUtils: fastBlurDirectly ratio=0.34549147   win=com.android.internal.policy.MiuiPhoneWindow@d1db99
07-12 10:58:16.146  2533  2712 D ImageWallpaperRenderer: OFFSET  x: 1.0  y: 0.0
07-12 10:58:16.145 12892 12892 W pool-6-thread-1: type=1400 audit(0.0:48199): avc: denied { read } for name="version" dev="proc" ino=4026532262 scontext=u:r:untrusted_app_27:s0:c69,c259,c512,c768 tcontext=u:object_r:proc_version:s0 tclass=file permissive=0 app=cn.missevan
07-12 10:58:16.151 12892 12892 D CompatibilityChangeReporter: Compat change id reported: 147600208; UID 10837; state: DISABLED
07-12 10:58:16.157  2533  2712 D ImageWallpaperRenderer: OFFSET  x: 1.0  y: 0.0
07-12 10:58:16.167  2988  2988 E BlurUtils: fastBlurDirectly ratio=0.48115498   win=com.android.internal.policy.MiuiPhoneWindow@d1db99
07-12 10:58:16.168  2533  2712 D ImageWallpaperRenderer: OFFSET  x: 1.0  y: 0.0
07-12 10:58:16.174 12892 12940 I TetheringManager: registerTetheringEventCallback:cn.missevan
07-12 10:58:16.173   950   950 W /vendor/bin/hw/vendor.qti.hardware.perf@2.2-service: type=1400 audit(0.0:48200): avc: denied { search } for comm=41646170744C61756E636820566D name="1894" dev="proc" ino=45873 scontext=u:r:vendor_hal_perf_default:s0 tcontext=u:r:system_server:s0 tclass=dir permissive=0
07-12 10:58:16.173   950   950 W /vendor/bin/hw/vendor.qti.hardware.perf@2.2-service: type=1400 audit(0.0:48201): avc: denied { search } for comm=41646170744C61756E636820566D name="1901" dev="proc" ino=396831 scontext=u:r:vendor_hal_perf_default:s0 tcontext=u:r:system_server:s0 tclass=dir permissive=0
07-12 10:58:16.173   950   950 W /vendor/bin/hw/vendor.qti.hardware.perf@2.2-service: type=1400 audit(0.0:48202): avc: denied { search } for comm=41646170744C61756E636820566D name="1902" dev="proc" ino=396832 scontext=u:r:vendor_hal_perf_default:s0 tcontext=u:r:system_server:s0 tclass=dir permissive=0
07-12 10:58:16.173   950   950 W /vendor/bin/hw/vendor.qti.hardware.perf@2.2-service: type=1400 audit(0.0:48203): avc: denied { search } for comm=41646170744C61756E636820566D name="1903" dev="proc" ino=396833 scontext=u:r:vendor_hal_perf_default:s0 tcontext=u:r:system_server:s0 tclass=dir permissive=0
07-12 10:58:16.180 12892 12955 D IdProviderImpl: getOAID
07-12 10:58:16.185  1894  2363 I MiuiNetworkPolicy: updateUidState uid = 10063, uidState = 3
