06-21 15:53:48.874  1289 24671 I SDM     : HWCSession::ProcessRequests: Successfully configured CWB buffer.
06-21 15:53:48.879  1289 24671 I SDM     : HWCSession::ProcessRequests: Pushing release fence in fenece wait queue.
06-21 15:53:48.879  1289 24671 I SDM     : HWCSession::ProcessRequests: Creating AsyncFenceWaits async thread.
06-21 15:53:48.880  1289 24671 I SDM     : HWCSession::ProcessRequests: Remove current CWB request from the pending request queue.
06-21 15:53:48.880  1289 24671 I SDM     : HWCSession::ProcessRequests: No pending cwb requests found in the queue.
06-21 15:53:48.885  1308  1430 E ANDR-PERF-UTIL: Failed to update node /sys/class/kgsl/kgsl-3d0/idle_timer with value 32
06-21 15:53:48.885  1308  1430 E ANDR-PERF-UTIL: 0
06-21 15:53:48.885  1308  1430 E ANDR-PERF-RESOURCEQS: Failed to reset optimization [10, 11]
06-21 15:53:48.886  1289  1506 I SDM     : HWDeviceDRM::SetupConcurrentWriteback: Tear down the Concurrent Writeback topology
06-21 15:53:48.893  1289 24672 I SDM     : HWCSession::NotifyCWBStatus: Notify the client about buffer status 0.
06-21 15:53:48.895  1289 24672 I SDM     : HWCSession::PerformFenceWaits: Remove current release fence from the pending fence wait queue.
06-21 15:53:48.895  1289 24672 I SDM     : HWCSession::PerformFenceWaits: CWB fence queue is empty. No pending release fence to wait on.
06-21 15:53:49.059  2055  3327 D libsensor-displayalgo: the value of  brightness:438.000000,R:83162179.015008,G:83162179.015008,B:83162179.015008,EVENT_C:7279.000000,EVENT_R:2802.000000,EVENT_G:3695.500000,EVENT_B:1475.500000
06-21 15:53:49.060  2055  3327 I libsensor-displayalgo: the value of  Coef1:1107.681000,Coef4:2.383000, scale1:0.935522, scale4:0.923264
06-21 15:53:49.060  2055  3327 E libsensor-displayalgo: RGB_test_0407_400_oldzy!
06-21 15:53:49.060  2055  3327 I libsensor-displayalgo: the value of  RESULT3273.648148,1289.341913,1580.361516,594.091725
06-21 15:53:49.060  2055  3327 I libsensor-displayalgo: the value of  getChannelDataCalibrated3432.241369,1194.179129,1836.860795,648.411140
06-21 15:53:49.060  2055  3327 I libsensor-displayalgo: the value of  REAL LUX228.245193
06-21 15:53:49.060  2055  3327 I libsensor-displayalgo: the value of  CAL REAL LUX228.245193
06-21 15:53:49.070  1308  1430 E ANDR-PERF-UTIL: Failed to update node /sys/class/kgsl/kgsl-3d0/idle_timer with value 32
06-21 15:53:49.070  1308  1430 E ANDR-PERF-UTIL: 0
06-21 15:53:49.070  1308  1430 E ANDR-PERF-RESOURCEQS: Failed to reset optimization [10, 11]
06-21 15:53:49.134  1319  2824 I QC2CompStore: Setting heap usage to system
06-21 15:53:49.174  1308  1430 E ANDR-PERF-UTIL: Failed to update node /sys/class/kgsl/kgsl-3d0/idle_timer with value 32
06-21 15:53:49.174  1308  1430 E ANDR-PERF-UTIL: 0
06-21 15:53:49.174  1308  1430 E ANDR-PERF-RESOURCEQS: Failed to reset optimization [10, 11]
06-21 15:53:49.196 24180 24343 D AudioTrack: stop(sessionID=385)
06-21 15:53:49.196 24180 24343 D AudioTrack: stop(67): prior state:STATE_ACTIVE
06-21 15:53:49.196 24180 24343 D AudioTrack: stop(67): called with 54144 frames delivered
06-21 15:53:49.197  1429  2174 D AF::Track: setFadeType isFadeNeeded = 0 type = 2 mFadeType = 0
06-21 15:53:49.197  1429  2174 E AudioFlingerImpl: open /proc/24180/cmdline error
06-21 15:53:49.198  1429  2174 I AudioFlingerImpl: setAppName(), name=[], active=[0]
06-21 15:53:49.198  1189 14575 V EffectMiSound: MiSound_command() start, cmdCode=24
06-21 15:53:49.198  1189 14575 V EffectMiSound: MiSound_Command EFFECT_CMD_SET_APP_NAME: stream=3, name=-
06-21 15:53:49.199 24180 24343 D AudioTrack: [audioTrackData][ending](f:896 m:41 s:1 k:41) : pid 24180 uid 10499 sessionId 385 sr 44100 ch 2 fmt 1
06-21 15:53:49.203  3814  4695 D Avrcp_ext: AudioManager Player: AudioPlaybackConfiguration piid:55 deviceId:0 type:android.media.SoundPool u/pid:1000/2423 state:idle attr:AudioAttributes: usage=USAGE_ASSISTANCE_SONIFICATION content=CONTENT_TYPE_SONIFICATION flags=0x800 tags= bundle=null sessionId:0
06-21 15:53:49.203  3814  4695 D Avrcp_ext: AudioManager Player: AudioPlaybackConfiguration piid:71 deviceId:0 type:android.media.SoundPool u/pid:1000/4190 state:idle attr:AudioAttributes: usage=USAGE_ASSISTANCE_SONIFICATION content=CONTENT_TYPE_SONIFICATION flags=0x800 tags= bundle=null sessionId:0
06-21 15:53:49.203  3814  4695 D Avrcp_ext: AudioManager Player: AudioPlaybackConfiguration piid:87 deviceId:0 type:android.media.SoundPool u/pid:1027/5346 state:idle attr:AudioAttributes: usage=USAGE_ASSISTANCE_SONIFICATION content=CONTENT_TYPE_SONIFICATION flags=0x800 tags= bundle=null sessionId:0
06-21 15:53:49.203  3814  4695 D Avrcp_ext: AudioManager Player: AudioPlaybackConfiguration piid:79 deviceId:0 type:android.media.SoundPool u/pid:10079/4226 state:idle attr:AudioAttributes: usage=USAGE_ASSISTANCE_SONIFICATION content=CONTENT_TYPE_SONIFICATION flags=0x800 tags= bundle=null sessionId:0
06-21 15:53:49.203  3814  4695 D Avrcp_ext: AudioManager Player: AudioPlaybackConfiguration piid:431 deviceId:0 type:android.media.MediaPlayer u/pid:1000/5682 state:idle attr:AudioAttributes: usage=USAGE_ASSISTANCE_SONIFICATION content=CONTENT_TYPE_SONIFICATION flags=0x800 tags= bundle=null sessionId:0
06-21 15:53:49.203  3814  4695 D Avrcp_ext: AudioManager Player: AudioPlaybackConfiguration piid:447 deviceId:3 type:android.media.AudioTrack u/pid:10499/24180 state:stopped attr:AudioAttributes: usage=USAGE_MEDIA content=CONTENT_TYPE_MUSIC flags=0xA00 tags= bundle=null sessionId:385
06-21 15:53:49.204  3814  4695 D Avrcp_ext: AudioManager isPlaying: false, mAudioPlaybackIsActive: true, isMusiActive: true
06-21 15:53:49.204  3814  4695 D Avrcp_ext: AudioManager Reset Active Player
06-21 15:53:49.206  3814  4695 V Avrcp_ext: updateCurrentMediaState: mMediaController: MediaController (cn.missevan@72a8ff5) null
06-21 15:53:49.206  3814  4695 V Avrcp_ext: updateCurrentMediaState: isPlaying = false
06-21 15:53:49.206  3814  4695 W Avrcp_ext: isMusicActive: true getBluetoothPlayState: 0 A2dp State: 11 mAudioPlaybackIsActive: false
06-21 15:53:49.206  3814  4695 D Avrcp_ext: isMusicActive = true mAudioPlaybackIsActive = false player state = PlaybackState {state=0, position=0, buffered position=0, speed=0.0, updated=0, actions=894, custom actions=[], active item id=-1, error=null}
06-21 15:53:49.207  3814  4695 I Avrcp_ext: Skipping update due to invalid playback state
06-21 15:53:49.208  3814  4695 V Avrcp_ext: updatePlaybackState, state: PlaybackState {state=0, position=0, buffered position=0, speed=0.0, updated=0, actions=894, custom actions=[], active item id=-1, error=null} device: null
06-21 15:53:49.208  3814  4695 V Avrcp_ext: Device: no name:
06-21 15:53:49.208  3814  4695 V Avrcp_ext: Device: no name:
06-21 15:53:49.208  3814  4695 V Avrcp_ext: Device: no name:
06-21 15:53:49.208  3814  4695 V Avrcp_ext: Device: no name:
06-21 15:53:49.208  3814  4695 V Avrcp_ext: Device: no name:
06-21 15:53:49.208  3814  4695 V Avrcp_ext: updatePlayerStateAndPosition, old=PlaybackState {state=0, position=0, buffered position=0, speed=0.0, updated=0, actions=894, custom actions=[], active item id=-1, error=null}, state=PlaybackState {state=0, position=0, buffered position=0, speed=0.0, updated=0, actions=894, custom actions=[], active item id=-1, error=null}
06-21 15:53:49.208  3814  4695 V Avrcp_ext: old state = PlaybackState {state=0, position=0, buffered position=0, speed=0.0, updated=0, actions=894, custom actions=[], active item id=-1, error=null}, new state= PlaybackState {state=0, position=0, buffered position=0, speed=0.0, updated=0, actions=894, custom actions=[], active item id=-1, error=null}
06-21 15:53:49.208  3814  4695 D HeadsetService: getHeadsetService(): returning com.android.bluetooth.hfp.HeadsetService@cd6daf0
06-21 15:53:49.209  3814  4695 D HeadsetService:  isAudioOn: The number of audio connected devices 0
06-21 15:53:49.209  3814  4695 D HeadsetService: isScoOrCallActive(): Call Active:falseCall is Ringing:falseSCO is Active:false
06-21 15:53:49.209  3814  4695 D HeadsetService:  isAudioOn: The number of audio connected devices 0
06-21 15:53:49.209  3814  4695 I Avrcp_ext: updatePlayStatusForDevice: device: null
06-21 15:53:49.209  3814  4695 V Avrcp_ext: updatePlaybackState (1): old=PlaybackState {state=0, position=0, buffered position=0, speed=0.0, updated=0, actions=894, custom actions=[], active item id=-1, error=null}(0), new=PlaybackState {state=0, position=0, buffered position=0, speed=0.0, updated=0, actions=894, custom actions=[], active item id=-1, error=null}(0)
06-21 15:53:49.209  3814  4695 I Avrcp_ext: Exit updatePlayStatusForDevice
06-21 15:53:49.209  3814  4695 D HeadsetService:  isAudioOn: The number of audio connected devices 0
06-21 15:53:49.209  3814  4695 D HeadsetService: isScoOrCallActive(): Call Active:falseCall is Ringing:falseSCO is Active:false
06-21 15:53:49.209  3814  4695 D HeadsetService:  isAudioOn: The number of audio connected devices 0
06-21 15:53:49.209  3814  4695 I Avrcp_ext: updatePlayStatusForDevice: device: null
06-21 15:53:49.209  3814  4695 V Avrcp_ext: updatePlaybackState (1): old=PlaybackState {state=0, position=0, buffered position=0, speed=0.0, updated=0, actions=894, custom actions=[], active item id=-1, error=null}(0), new=PlaybackState {state=0, position=0, buffered position=0, speed=0.0, updated=0, actions=894, custom actions=[], active item id=-1, error=null}(0)
06-21 15:53:49.209  3814  4695 I Avrcp_ext: Exit updatePlayStatusForDevice
06-21 15:53:49.209  3814  4695 D HeadsetService:  isAudioOn: The number of audio connected devices 0
06-21 15:53:49.209  3814  4695 D HeadsetService: isScoOrCallActive(): Call Active:falseCall is Ringing:falseSCO is Active:false
06-21 15:53:49.209  3814  4695 D HeadsetService:  isAudioOn: The number of audio connected devices 0
06-21 15:53:49.209  3814  4695 I Avrcp_ext: updatePlayStatusForDevice: device: null
06-21 15:53:49.209  3814  4695 V Avrcp_ext: updatePlaybackState (1): old=PlaybackState {state=0, position=0, buffered position=0, speed=0.0, updated=0, actions=894, custom actions=[], active item id=-1, error=null}(0), new=PlaybackState {state=0, position=0, buffered position=0, speed=0.0, updated=0, actions=894, custom actions=[], active item id=-1, error=null}(0)
06-21 15:53:49.210  3814  4695 I Avrcp_ext: Exit updatePlayStatusForDevice
06-21 15:53:49.210  3814  4695 D HeadsetService:  isAudioOn: The number of audio connected devices 0
06-21 15:53:49.210  3814  4695 D HeadsetService: isScoOrCallActive(): Call Active:falseCall is Ringing:falseSCO is Active:false
06-21 15:53:49.210  3814  4695 D HeadsetService:  isAudioOn: The number of audio connected devices 0
06-21 15:53:49.210  3814  4695 I Avrcp_ext: updatePlayStatusForDevice: device: null
06-21 15:53:49.210  3814  4695 V Avrcp_ext: updatePlaybackState (1): old=PlaybackState {state=0, position=0, buffered position=0, speed=0.0, updated=0, actions=894, custom actions=[], active item id=-1, error=null}(0), new=PlaybackState {state=0, position=0, buffered position=0, speed=0.0, updated=0, actions=894, custom actions=[], active item id=-1, error=null}(0)
06-21 15:53:49.210  3814  4695 I Avrcp_ext: Exit updatePlayStatusForDevice
06-21 15:53:49.210  3814  4695 D HeadsetService:  isAudioOn: The number of audio connected devices 0
06-21 15:53:49.210  3814  4695 D HeadsetService: isScoOrCallActive(): Call Active:falseCall is Ringing:falseSCO is Active:false
06-21 15:53:49.210  3814  4695 D HeadsetService:  isAudioOn: The number of audio connected devices 0
06-21 15:53:49.210  3814  4695 I Avrcp_ext: updatePlayStatusForDevice: device: null
06-21 15:53:49.210  3814  4695 V Avrcp_ext: updatePlaybackState (1): old=PlaybackState {state=0, position=0, buffered position=0, speed=0.0, updated=0, actions=894, custom actions=[], active item id=-1, error=null}(0), new=PlaybackState {state=0, position=0, buffered position=0, speed=0.0, updated=0, actions=894, custom actions=[], active item id=-1, error=null}(0)
06-21 15:53:49.210  3814  4695 I Avrcp_ext: Exit updatePlayStatusForDevice
06-21 15:53:49.210  3814  4695 D Avrcp_ext: Enter sendPlayPosNotificationRsp
06-21 15:53:49.210  3814  4695 D Avrcp_ext: sendPlayPosNotificationRsp: Not registered or requesting.
06-21 15:53:49.210  3814  4695 D Avrcp_ext: Enter sendPlayPosNotificationRsp
06-21 15:53:49.210  3814  4695 D Avrcp_ext: sendPlayPosNotificationRsp: Not registered or requesting.
06-21 15:53:49.210  3814  4695 D Avrcp_ext: Enter sendPlayPosNotificationRsp
06-21 15:53:49.210  3814  4695 D Avrcp_ext: sendPlayPosNotificationRsp: Not registered or requesting.
06-21 15:53:49.210  3814  4695 D Avrcp_ext: Enter sendPlayPosNotificationRsp
06-21 15:53:49.210  3814  4695 D Avrcp_ext: sendPlayPosNotificationRsp: Not registered or requesting.
06-21 15:53:49.210  3814  4695 D Avrcp_ext: Enter sendPlayPosNotificationRsp
06-21 15:53:49.210  3814  4695 D Avrcp_ext: sendPlayPosNotificationRsp: Not registered or requesting.
06-21 15:53:49.210  3814  4695 V Avrcp_ext: Exit updatePlayerStateAndPosition
06-21 15:53:49.222 24117 24148 I appium  : channel read: POST /wd/hub/session/0c393214-9bb9-45b0-ae5a-5f538822ced0/element
06-21 15:53:49.223 24117 24148 I appium  : FindElement command
06-21 15:53:49.226 24117 24148 I appium  : method: 'id', selector: 'cn.missevan:id/nav_icon_mine'
06-21 15:53:49.227 24117 24148 I appium  : Waiting up to 100ms for the device to idle
06-21 15:53:49.248 24117 24148 I appium  : AppiumResponse: {"sessionId":"0c393214-9bb9-45b0-ae5a-5f538822ced0","value":{"error":"no such element","message":"An element could not be located on the page using the given search parameters","stacktrace":"io.appium.uiautomator2.common.exceptions.ElementNotFoundException: An element could not be located on the page using the given search parameters\n\tat io.appium.uiautomator2.handler.FindElement.safeHandle(FindElement.java:70)\n\tat io.appium.uiautomator2.handler.request.SafeRequestHandler.handle(SafeRequestHandler.java:59)\n\tat io.appium.uiautomator2.server.AppiumServlet.handleRequest(AppiumServlet.java:266)\n\tat io.appium.uiautomator2.server.AppiumServlet.handleHttpRequest(AppiumServlet.java:260)\n\tat io.appium.uiautomator2.http.ServerHandler.channelRead(ServerHandler.java:68)\n\tat io.netty.channel.AbstractChannelHandlerContext.invokeChannelRead(AbstractChannelHandlerContext.java:366)\n\tat io.netty.channel.AbstractChannelHandlerContext.invokeChannelRead(AbstractChannelHandlerContext.java:352)\n\tat io.netty.channel.AbstractChannelHandlerContext.fireChannelRead(AbstractChannelHandlerContext.java:345)\n\tat io.netty.handler.codec.MessageToMessageDecoder.channelRead(MessageToMessageDecoder.java:102)\n\tat io.netty.channel.AbstractChannelHandlerContext.invokeChannelRead(AbstractChannelHandlerContext.java:366)\n\tat io.netty.channel.AbstractChannelHandlerContext.invokeChannelRead(AbstractChannelHandlerContext.java:352)\n\tat io.netty.channel.AbstractChannelHandlerContext.fireChannelRead(AbstractChannelHandlerContext.java:345)\n\tat io.netty.channel.CombinedChannelDuplexHandler$DelegatingChannelHandlerContext.fireChannelRead(CombinedChannelDuplexHandler.java:435)\n\tat io.netty.handler.codec.ByteToMessageDecoder.fireChannelRead(ByteToMessageDecoder.java:293)\n\tat io.netty.handler.codec.ByteToMessageDecoder.channelRead(ByteToMessageDecoder.java:267)\n\tat io.netty.channel.CombinedChannelDuplexHandler.channelRead(CombinedChannelDuplexHandler.java:250)\n\tat io.netty.channel.AbstractChannelHandlerContext.invokeChannelRead(AbstractChannelHandlerContext.java:366)\n\tat io.netty.channel.AbstractChannelHandlerContext.invokeChannelRead(AbstractChannelHandlerContext.java:352)\n\tat io.netty.channel.AbstractChannelHandlerContext.fireChannelRead(AbstractChannelHandlerContext.java:345)\n\tat io.netty.handler.timeout.IdleStateHandler.channelRead(IdleStateHandler.java:266)\n\tat io.netty.channel.AbstractChannelHandlerContext.invokeChannelRead(AbstractChannelHandlerContext.java:366)\n\tat io.netty.channel.AbstractChannelHandlerContext.invokeChannelRead(AbstractChannelHandlerContext.java:352)\n\tat io.netty.channel.AbstractChannelHandlerContext.fireChannelRead(AbstractChannelHandlerContext.java:345)\n\tat io.netty.channel.DefaultChannelPipeline$HeadContext.channelRead(DefaultChannelPipeline.java:1294)\n\tat io.netty.channel.AbstractChannelHandlerContext.invokeChannelRead(AbstractChannelHandlerContext.java:366)\n\tat io.netty.channel.AbstractChannelHandlerContext.invokeChannelRead(AbstractChannelHandlerContext.java:352)\n\tat io.netty.channel.DefaultChannelPipeline.fireChannelRead(DefaultChannelPipeline.java:911)\n\tat io.netty.channel.nio.AbstractNioByteChannel$NioByteUnsafe.read(AbstractNioByteChannel.java:131)\n\tat io.netty.channel.nio.NioEventLoop.processSelectedKey(NioEventLoop.java:611)\n\tat io.netty.channel.nio.NioEventLoop.processSelectedKeysOptimized(NioEventLoop.java:552)\n\tat io.netty.channel.nio.NioEventLoop.processSelectedKeys(NioEventLoop.java:466)\n\tat io.netty.channel.nio.NioEventLoop.run(NioEventLoop.java:438)\n\tat io.netty.util.concurrent.SingleThreadEventExecutor$2.run(SingleThreadEventExecutor.java:140)\n\tat io.netty.util.concurrent.DefaultThreadFactory$DefaultRunnableDecorator.run(DefaultThreadFactory.java:144)\n\tat java.lang.Thread.run(Thread.java:920)\n"}}
06-21 15:53:49.274  1289  2256 I vendor.qti.hardware.display.composer-service: FrameNotifyProcess Sensor: notify citsensorservice to trigger cwb
06-21 15:53:49.274  1308  1430 E ANDR-PERF-UTIL: Failed to update node /sys/class/kgsl/kgsl-3d0/idle_timer with value 32
06-21 15:53:49.274  1308  1430 E ANDR-PERF-UTIL: 0
06-21 15:53:49.274  1308  1430 E ANDR-PERF-RESOURCEQS: Failed to reset optimization [10, 11]
06-21 15:53:49.275  2055 15083 I libcitsensorservice@2.0-impl: msg_transfer
06-21 15:53:49.275  2055  3319 D vendor.xiaomi.sensor.citsensorservice@2.0-service: handle id:11 wxh:1280x2400 uwxuh:1080x2400 size: 9216000 fd:15 fd_meta:16 flags:0x4000228 usage:0x33  format:0x3 layer_count: 1
06-21 15:53:49.276  1289  1864 I SDM     : HWCSession::SetCWBOutputBuffer: CWB config passed by cwb_client : tappoint 1  CWB_ROI : (829.000000 4.000000 915.000000 90.000000)
06-21 15:53:49.277  1289 24677 I SDM     : HWCSession::ProcessRequests: Successfully configured CWB buffer.
06-21 15:53:49.284  1289 24677 I SDM     : HWCSession::ProcessRequests: Pushing release fence in fenece wait queue.
06-21 15:53:49.284  1289 24677 I SDM     : HWCSession::ProcessRequests: Creating AsyncFenceWaits async thread.
06-21 15:53:49.284  1289 24677 I SDM     : HWCSession::ProcessRequests: Remove current CWB request from the pending request queue.
06-21 15:53:49.284  1289 24677 I SDM     : HWCSession::ProcessRequests: No pending cwb requests found in the queue.
06-21 15:53:49.289  1289  1506 I SDM     : HWDeviceDRM::SetupConcurrentWriteback: Tear down the Concurrent Writeback topology
06-21 15:53:49.297  1289 24678 I SDM     : HWCSession::NotifyCWBStatus: Notify the client about buffer status 0.
06-21 15:53:49.297  1289 24678 I SDM     : HWCSession::PerformFenceWaits: Remove current release fence from the pending fence wait queue.
06-21 15:53:49.297  1289 24678 I SDM     : HWCSession::PerformFenceWaits: CWB fence queue is empty. No pending release fence to wait on.
06-21 15:53:49.358  2055  3327 D libsensor-displayalgo: the value of  brightness:438.000000,R:83162179.015008,G:83162179.015008,B:83162179.015008,EVENT_C:7279.500000,EVENT_R:2802.500000,EVENT_G:3694.000000,EVENT_B:1477.000000
06-21 15:53:49.358  2055  3327 I libsensor-displayalgo: the value of  Coef1:1107.681000,Coef4:2.383000, scale1:0.935522, scale4:0.923264
06-21 15:53:49.358  2055  3327 E libsensor-displayalgo: RGB_test_0407_400_oldzy!
06-21 15:53:49.358  2055  3327 I libsensor-displayalgo: the value of  RESULT3273.648148,1289.341913,1580.361516,594.091725
06-21 15:53:49.358  2055  3327 I libsensor-displayalgo: the value of  getChannelDataCalibrated3432.241369,1194.179129,1836.860795,648.411140
06-21 15:53:49.358  2055  3327 I libsensor-displayalgo: the value of  REAL LUX228.071548
06-21 15:53:49.358  2055  3327 I libsensor-displayalgo: the value of  CAL REAL LUX228.071548
06-21 15:53:49.474  1308  1430 E ANDR-PERF-UTIL: Failed to update node /sys/class/kgsl/kgsl-3d0/idle_timer with value 32
06-21 15:53:49.474  1308  1430 E ANDR-PERF-UTIL: 0
06-21 15:53:49.474  1308  1430 E ANDR-PERF-RESOURCEQS: Failed to reset optimization [10, 11]
06-21 15:53:49.515 24180 24240 D IdProviderImpl: getOAID from cn.missevan
06-21 15:53:49.526  4162  4365 E PhoneInterfaceManager: [PhoneIntfMgr] getCarrierPrivilegeStatusForUid: No UICC
06-21 15:53:49.526  4162  4365 W TelephonyPermissions: reportAccessDeniedToReadIdentifiers:cn.missevan:getIccSerialNumber:1
06-21 15:53:49.573  1308  1430 E ANDR-PERF-UTIL: Failed to update node /sys/class/kgsl/kgsl-3d0/idle_timer with value 32
06-21 15:53:49.573  1308  1430 E ANDR-PERF-UTIL: 0
06-21 15:53:49.573  1308  1430 E ANDR-PERF-RESOURCEQS: Failed to reset optimization [10, 11]
06-21 15:53:49.649  2423  6080 I MediaFocusControl: abandonAudioFocus() from uid/pid 10499/24180 clientId=android.media.AudioManager@3bf4195cn.missevan.lib.utils.AudioFocusManager@ca882aa
06-21 15:53:49.653 24180 24180 E MainProcessPlayer: [main] The player core 0 is not exist
06-21 15:53:49.654 24180 24691 D AudioTrack: stop(sessionID=385)
06-21 15:53:49.654 24180 24691 D AudioTrack: stop(67): prior state:STATE_FLUSHED
06-21 15:53:49.655 24180 24343 D MediaCodec: keep callback message for reclaim
06-21 15:53:49.656 24180 24657 I CCodecConfig: query failed after returning 7 values (BAD_INDEX)
06-21 15:53:49.656 24180 24691 D AudioTrack: ~AudioTrack(sessionID=385)
06-21 15:53:49.657 24180 24691 D AudioTrack: stop(sessionID=385)
06-21 15:53:49.657 24180 24657 W Codec2Client: query -- param skipped: index = 1342179345.
06-21 15:53:49.657  3814  4695 D Avrcp_ext: AudioManager Player: AudioPlaybackConfiguration piid:55 deviceId:0 type:android.media.SoundPool u/pid:1000/2423 state:idle attr:AudioAttributes: usage=USAGE_ASSISTANCE_SONIFICATION content=CONTENT_TYPE_SONIFICATION flags=0x800 tags= bundle=null sessionId:0
06-21 15:53:49.657  3814  4695 D Avrcp_ext: AudioManager Player: AudioPlaybackConfiguration piid:71 deviceId:0 type:android.media.SoundPool u/pid:1000/4190 state:idle attr:AudioAttributes: usage=USAGE_ASSISTANCE_SONIFICATION content=CONTENT_TYPE_SONIFICATION flags=0x800 tags= bundle=null sessionId:0
06-21 15:53:49.657 24180 24657 W Codec2Client: query -- param skipped: index = 2415921170.
06-21 15:53:49.657  3814  4695 D Avrcp_ext: AudioManager Player: AudioPlaybackConfiguration piid:87 deviceId:0 type:android.media.SoundPool u/pid:1027/5346 state:idle attr:AudioAttributes: usage=USAGE_ASSISTANCE_SONIFICATION content=CONTENT_TYPE_SONIFICATION flags=0x800 tags= bundle=null sessionId:0
06-21 15:53:49.657  3814  4695 D Avrcp_ext: AudioManager Player: AudioPlaybackConfiguration piid:79 deviceId:0 type:android.media.SoundPool u/pid:10079/4226 state:idle attr:AudioAttributes: usage=USAGE_ASSISTANCE_SONIFICATION content=CONTENT_TYPE_SONIFICATION flags=0x800 tags= bundle=null sessionId:0
06-21 15:53:49.657 24180 24691 D AudioTrack: stop(67): prior state:STATE_FLUSHED
06-21 15:53:49.657  3814  4695 D Avrcp_ext: AudioManager Player: AudioPlaybackConfiguration piid:431 deviceId:0 type:android.media.MediaPlayer u/pid:1000/5682 state:idle attr:AudioAttributes: usage=USAGE_ASSISTANCE_SONIFICATION content=CONTENT_TYPE_SONIFICATION flags=0x800 tags= bundle=null sessionId:0
06-21 15:53:49.658 24180 24657 D CCodecBufferChannel: [c2.android.mp3.decoder#810] start: updating output delay 0
06-21 15:53:49.658  3814  4695 D Avrcp_ext: AudioManager isPlaying: false, mAudioPlaybackIsActive: false, isMusiActive: true
06-21 15:53:49.658  3814  4695 D Avrcp_ext: AudioManager Reset Active Player
06-21 15:53:49.658  2055  3327 D libsensor-displayalgo: the value of  brightness:438.000000,R:83162179.015008,G:83162179.015008,B:83162179.015008,EVENT_C:7279.500000,EVENT_R:2802.500000,EVENT_G:3694.000000,EVENT_B:1477.000000
06-21 15:53:49.658  2055  3327 I libsensor-displayalgo: the value of  Coef1:1107.681000,Coef4:2.383000, scale1:0.935522, scale4:0.923264
06-21 15:53:49.658  2055  3327 E libsensor-displayalgo: RGB_test_0407_400_oldzy!
06-21 15:53:49.659  2055  3327 I libsensor-displayalgo: the value of  RESULT3273.648148,1289.341913,1580.361516,594.091725
06-21 15:53:49.659  2055  3327 I libsensor-displayalgo: the value of  getChannelDataCalibrated3432.241369,1194.179129,1836.860795,648.411140
06-21 15:53:49.659  2055  3327 I libsensor-displayalgo: the value of  REAL LUX228.071548
06-21 15:53:49.659  2055  3327 I libsensor-displayalgo: the value of  CAL REAL LUX228.071548
06-21 15:53:49.659 24180 24657 I CCodecBufferChannel: pipelineRoom(3) is <= numClientBuffers(3). Not signalling any more buffers to client
06-21 15:53:49.661 24180 24657 D CCodecBufferChannel: [c2.android.mp3.decoder#810] MediaCodec discarded an unknown buffer
06-21 15:53:49.662 24180 24657 D CCodecBufferChannel: [c2.android.mp3.decoder#810] MediaCodec discarded an unknown buffer
06-21 15:53:49.662 24180 24657 D CCodecBufferChannel: [c2.android.mp3.decoder#810] MediaCodec discarded an unknown buffer
06-21 15:53:49.662 24180 24657 D CCodecBufferChannel: [c2.android.mp3.decoder#810] MediaCodec discarded an unknown buffer
06-21 15:53:49.663 24180 24692 I hw-BpHwBinder: onLastStrongRef automatically unlinking death recipients
06-21 15:53:49.663  1965 23098 I hw-BpHwBinder: onLastStrongRef automatically unlinking death recipients
06-21 15:53:49.665  1965 23098 V C2Store : in ~ComponentModule
06-21 15:53:49.665  1965 23098 V C2Store : unloading dll
06-21 15:53:49.666 24180 24657 D MediaCodec: kWhatReleaseCompleted
06-21 15:53:49.666  1429  2280 D AudioFlinger: updateWakeLockUids_l AudioOut_25 uids:
06-21 15:53:49.666  1429  1967 V APM::EffectDescriptor: setEffectEnabled(false) total CPU 0
06-21 15:53:49.666 24180 24657 D MediaImpl: FRC not support: valueSupport :
06-21 15:53:49.666 24180 24657 D MediaImpl: AIE not support: valueSupport :
06-21 15:53:49.666 24180 24657 D MediaImpl: AIS not support: valueSupport :
06-21 15:53:49.666 24180 24657 D MediaCodec: ~MediaCodec
06-21 15:53:49.665  5797  6615 I PowerCheckerService: uid:10499change to inactive
06-21 15:53:49.667  5797  6243 I a       : uid:10499change to inactive
06-21 15:53:49.668  1189 14575 D PAL: API: pal_set_param: 829: Enter: param id 27 (PAL_PARAM_ID_GAIN_LVL_CAL)
06-21 15:53:49.668  1189 14575 I PAL: ResourceManager: setParameter: 7783: Enter param id: 27 (PAL_PARAM_ID_GAIN_LVL_CAL)
06-21 15:53:49.668  1189 14575 D PAL: Stream: getAssociatedDevices: 492: no. of devices 1
06-21 15:53:49.668  1189 14575 D PAL: Stream: getAssociatedSession: 553: session 0xb4000076b01e3e00K
06-21 15:53:49.668  1189 14575 D PAL: SessionAlsaPcm: setConfig: 436: Enter tag: -1073741781
06-21 15:53:49.668  1189 14575 D PAL: Stream: getVolumeData: 574: num config 1
06-21 15:53:49.668  1282 15450 E ACDB    : AcdbComputeDeltaCKV:5762 Error[19]: No calibration data can be found. There is no difference between CKV[new] and CKV[old].
06-21 15:53:49.668  1282 15450 E ACDB    : AcdbCmdGetSubgraphCalDataNonPersist:5964 Error[19]: Failed to get the delta CKV
06-21 15:53:49.668  1282 15450 I gsl     : gsl_graph_send_persist_cal:857 Skipping persist cal for SG_ID -1342177278: already started
06-21 15:53:49.668  1282 15450 I gsl     : gsl_graph_send_persist_cal:857 Skipping persist cal for SG_ID -1342177272: already started
06-21 15:53:49.668  1282 15450 I gsl     : gsl_graph_send_persist_cal:857 Skipping persist cal for SG_ID -1342177252: already started
06-21 15:53:49.668  1282 15450 I gsl     : gsl_graph_send_persist_cal:857 Skipping persist cal for SG_ID -1342177279: already started
06-21 15:53:49.668  1189 14575 D PAL: SessionAlsaPcm: setConfig: 561: exit status: 0
06-21 15:53:49.668  1189 14575 D PAL: ResourceManager: setParameter: 8559: Exit status: 0
06-21 15:53:49.668  1189 14575 D PAL: API: pal_set_param: 844: Exit, status 0
06-21 15:53:49.668  1189 14575 D PAL: API: pal_set_param: 829: Enter: param id 27 (PAL_PARAM_ID_GAIN_LVL_CAL)
06-21 15:53:49.668  1189 14575 I PAL: ResourceManager: setParameter: 7783: Enter param id: 27 (PAL_PARAM_ID_GAIN_LVL_CAL)
06-21 15:53:49.668  1189 14575 D PAL: Stream: getAssociatedDevices: 492: no. of devices 1
06-21 15:53:49.668  1189 14575 D PAL: Stream: getAssociatedSession: 553: session 0xb4000076b01e3e00K
06-21 15:53:49.668  1189 14575 D PAL: SessionAlsaPcm: setConfig: 436: Enter tag: -1073741781
06-21 15:53:49.668  1189 14575 D PAL: Stream: getVolumeData: 574: num config 1
06-21 15:53:49.668  1282 15450 E ACDB    : AcdbComputeDeltaCKV:5762 Error[19]: No calibration data can be found. There is no difference between CKV[new] and CKV[old].
06-21 15:53:49.668  1282 15450 E ACDB    : AcdbCmdGetSubgraphCalDataNonPersist:5964 Error[19]: Failed to get the delta CKV
06-21 15:53:49.668  1282 15450 I gsl     : gsl_graph_send_persist_cal:857 Skipping persist cal for SG_ID -1342177278: already started
06-21 15:53:49.669  1282 15450 I gsl     : gsl_graph_send_persist_cal:857 Skipping persist cal for SG_ID -1342177272: already started
06-21 15:53:49.669  1282 15450 I gsl     : gsl_graph_send_persist_cal:857 Skipping persist cal for SG_ID -1342177252: already started
06-21 15:53:49.669  1282 15450 I gsl     : gsl_graph_send_persist_cal:857 Skipping persist cal for SG_ID -1342177279: already started
06-21 15:53:49.669  1189 14575 D PAL: SessionAlsaPcm: setConfig: 561: exit status: 0
06-21 15:53:49.669  1189 14575 D PAL: ResourceManager: setParameter: 8559: Exit status: 0
06-21 15:53:49.669  1189 14575 D PAL: API: pal_set_param: 844: Exit, status 0
06-21 15:53:49.669  1429  1967 V APM::EffectDescriptor: unregisterEffect() effect Volume listener for Music, ID 323, memory 1 total memory 1
06-21 15:53:49.669  1429  1967 D APM_AudioPolicyManager: stopOutput portId 67
06-21 15:53:49.669  1429  1967 D APM_AudioPolicyManager: stopOutput() output 37, stream 3, session 385
06-21 15:53:49.669  1429  1967 D APM_AudioPolicyManager: getNewOutputDevices selected devices AUDIO_DEVICE_NONE
06-21 15:53:49.669  1429  1967 D APM_AudioPolicyManager: setOutputDevices output 37 device AUDIO_DEVICE_NONE delayMs 218 force 0 requiresMuteCheck 1
06-21 15:53:49.669  1429  1967 D APM_AudioPolicyManager: setOutputDevices() prevDevice {type:0x2,@:}
06-21 15:53:49.674  1189  1228 V EffectMiSound: MiSound_command() start, cmdCode=20
06-21 15:53:49.674  1189  1228 V EffectMiSound: MiSound_Command EFFECT_CMD_OFFLOAD
06-21 15:53:49.674  1189 14575 V EffectMiSound: MiSound_command() start, cmdCode=1
06-21 15:53:49.674  1189 14575 V EffectMiSound: MiSound_setConfig start
06-21 15:53:49.674  1189  1228 V EffectMiSound: MiSound_command() start, cmdCode=9
06-21 15:53:49.674  1189  1228 V EffectMiSound: MiSound_Command EFFECT_CMD_SET_DEVICE: 0x00000002
06-21 15:53:49.674  1189  1228 D MiSoundQdspGefDriver: setDevice(device=0x00000002): old device 0x00000002
06-21 15:53:49.674  1189 14575 V EffectMiSound: MiSound_command() start, cmdCode=11
06-21 15:53:49.674  1189 14575 V EffectMiSound: MiSound_Command EFFECT_CMD_SET_AUDIO_MODE: 0
06-21 15:53:49.674  1189 14575 D DlbDlbEffect: effectCommand(handle=0xb4000076be76f0a0, cmdCode=5, cmdSize=20, pCmdData=0xb4000076b0267c80, replySize=4, pReplyData=0xb4000076b02335f0)
06-21 15:53:49.674  1189 14575 D DlbDlbEffect: handle_EFFECT_CMD_SET_PARAM()
06-21 15:53:49.674  1189 14575 V DlbDapEffectContext: setParam() received parameter EFFECT_PARAM_SKIP_HARD_BYPASS
06-21 15:53:49.674  1189 14575 V DlbEffectQdspDap: setPreferredOffType()
06-21 15:53:49.674  1189 14575 D DlbQdspGefDriver: setPreferredOffType(type=2)
06-21 15:53:49.674  1189 14575 D DlbDlbEffect: effectCommand(handle=0xb4000076be76f0a0, cmdCode=4, cmdSize=0, pCmdData=0x0, replySize=4, pReplyData=0xb4000076b0233500)
06-21 15:53:49.675  1189 14575 D DlbDlbEffect: handle_EFFECT_CMD_DISABLE()
06-21 15:53:49.675  1189 14575 V DlbEffectQdspDap: setEnabled()
06-21 15:53:49.675  1189 14575 V DlbEffectQdspDap: updateEnabled(enabled=0, bypassed=0)
06-21 15:53:49.675  1189 14575 D DlbQdspGefDriver: setEnabled(enable=0)
06-21 15:53:49.675  1189 14575 D DlbQdspGefDriver: setEnabled(): Skip the transient enabled state 0
06-21 15:53:49.675  1189 14575 D DlbDlbEffect: effectCommand(handle=0xb4000076be76f0a0, cmdCode=20, cmdSize=8, pCmdData=0xb4000076b02335f0, replySize=4, pReplyData=0xb4000076b0233500)
06-21 15:53:49.675  1189 14575 D DlbDlbEffect: handle_EFFECT_CMD_OFFLOAD(offload=0, ioHandle=13)
06-21 15:53:49.675  1189 14575 V EffectMiSound: MiSound_command() start, cmdCode=1
06-21 15:53:49.675  1189 14575 V EffectMiSound: MiSound_setConfig start
06-21 15:53:49.675  1189 14575 D DlbDlbEffect: effectCommand(handle=0xb4000076be76f0a0, cmdCode=1, cmdSize=112, pCmdData=0x76a7ab20a0, replySize=4, pReplyData=0x76a7ab211c)
06-21 15:53:49.675  1189 14575 D DlbDlbEffect: handle_EFFECT_CMD_SET_CONFIG()
06-21 15:53:49.675  1189 14575 D DlbDlbEffect: effectCommand(handle=0xb4000076be76f0a0, cmdCode=9, cmdSize=4, pCmdData=0xb4000076b02335f0, replySize=4, pReplyData=0xb4000076b0233500)
06-21 15:53:49.675  1189 14575 D DlbDlbEffect: handle_EFFECT_CMD_SET_DEVICE(device=0x00000002)
06-21 15:53:49.675  1189 14575 V DlbDapEffectContext: setDevice(00000002)
06-21 15:53:49.675  1189 14575 V DlbEffectQdspDap: setBypass(bypass = 0)
06-21 15:53:49.675  1189 14575 V DlbEffectQdspDap: setDevice()
06-21 15:53:49.675  1189 14575 D DlbQdspGefDriver: setDevice(device=0x00000002): old device 0x00000002
06-21 15:53:49.675  1260  1260 D DMSService: setActiveDevice called with device = 0x2 (original 0x2)
06-21 15:53:49.676  1189 14575 D DlbDlbEffect: effectCommand(handle=0xb4000076be76f0a0, cmdCode=11, cmdSize=4, pCmdData=0xb4000076b02335f0, replySize=4, pReplyData=0xb4000076b0233500)
06-21 15:53:49.676  1189 14575 V DlbDlbEffect: handle_EFFECT_CMD_SET_AUDIO_MODE(mode=0x00000000)
06-21 15:53:49.676  1189 14575 D DlbDlbEffect: effectCommand(handle=0xb4000076be76f0a0, cmdCode=20, cmdSize=8, pCmdData=0xb4000076b02335f0, replySize=4, pReplyData=0xb4000076b0233500)
06-21 15:53:49.676  1189 14575 D DlbDlbEffect: handle_EFFECT_CMD_OFFLOAD(offload=1, ioHandle=13)
06-21 15:53:49.676  1189  1228 D DlbDlbEffect: effectCommand(handle=0xb4000076be76f0a0, cmdCode=3, cmdSize=0, pCmdData=0x0, replySize=4, pReplyData=0xb4000076b02335a0)
06-21 15:53:49.676  1189  1228 D DlbDlbEffect: handle_EFFECT_CMD_ENABLE()
06-21 15:53:49.676  1189  1228 V DlbEffectQdspDap: setEnabled()
06-21 15:53:49.676  1189  1228 V DlbEffectQdspDap: updateEnabled(enabled=1, bypassed=0)
06-21 15:53:49.676  1189  1228 D DlbQdspGefDriver: setEnabled(enable=1)
06-21 15:53:49.676  1189  1228 D DlbQdspGefDriver: setEnabled(): the enabled state is already 1
06-21 15:53:49.676  1429  1967 V APM::EffectDescriptor: moveEffects session 0 srcOutput 37 dstOutput 13
06-21 15:53:49.677  1189  1228 D AHAL: AudioStream: astream_out_set_parameters: 808: enter: usecase(0: deep-buffer-playback) kvpairs: appname=-cn.missevan
06-21 15:53:49.677  1189  1228 D AHAL: AudioStreamCustom: SetParameters: 198: SetParameters(): set app name -cn.missevan
06-21 15:53:49.677  1189  1228 D AHAL: AudioStreamCustom: isSupportMisoundAsc mode is0
06-21 15:53:49.678  1189  1228 D AHAL: AudioStream: SetParameters: 2204: enter
06-21 15:53:49.678  1189  1228 I AHAL: AudioStream: SetParameters: 2213: ret 0, plugin device cont -1 stream -1
06-21 15:53:49.678  1189  1228 D AHAL: AudioStream: SetParameters: 2252: exit 0
06-21 15:53:49.678  1189  1228 D AHAL: AudioStream: astream_out_set_parameters: 825: Exit ret: 0
06-21 15:53:49.678  1429  1967 D APM_AudioPolicyManager: releaseOutput portId 67
06-21 15:53:49.678  1429  1967 D APM_AudioPolicyManager: releaseOutput() output 37, stream 3, session 385 [uid=10499]
06-21 15:53:49.681  1189  1228 D DlbDlbEffect: effectCommand(handle=0xb4000076be76f0a0, cmdCode=10, cmdSize=8, pCmdData=0xb4000076b0233520, replySize=0, pReplyData=0x0)
06-21 15:53:49.681  1189  1228 V DlbDlbEffect: handle_EFFECT_CMD_SET_VOLUME(vl=16777216, vr=16777216)
06-21 15:53:49.684  1289  2256 I vendor.qti.hardware.display.composer-service: FrameNotifyProcess Sensor: notify citsensorservice to trigger cwb
06-21 15:53:49.684  2055  2140 I libcitsensorservice@2.0-impl: msg_transfer
06-21 15:53:49.684  2055  3319 D vendor.xiaomi.sensor.citsensorservice@2.0-service: handle id:11 wxh:1280x2400 uwxuh:1080x2400 size: 9216000 fd:15 fd_meta:16 flags:0x4000228 usage:0x33  format:0x3 layer_count: 1
06-21 15:53:49.684  1289  1864 I SDM     : HWCSession::SetCWBOutputBuffer: CWB config passed by cwb_client : tappoint 1  CWB_ROI : (829.000000 4.000000 915.000000 90.000000)
06-21 15:53:49.685  1289 24694 I SDM     : HWCSession::ProcessRequests: Successfully configured CWB buffer.
06-21 15:53:49.693  1308  1430 E ANDR-PERF-UTIL: Failed to update node /sys/class/kgsl/kgsl-3d0/idle_timer with value 32
06-21 15:53:49.693  1308  1430 E ANDR-PERF-UTIL: 0
06-21 15:53:49.693  1308  1430 E ANDR-PERF-RESOURCEQS: Failed to reset optimization [10, 11]
06-21 15:53:49.694  1289 24694 I SDM     : HWCSession::ProcessRequests: Pushing release fence in fenece wait queue.
06-21 15:53:49.694  1289 24694 I SDM     : HWCSession::ProcessRequests: Creating AsyncFenceWaits async thread.
06-21 15:53:49.694  1289 24694 I SDM     : HWCSession::ProcessRequests: Remove current CWB request from the pending request queue.
06-21 15:53:49.695  1289 24694 I SDM     : HWCSession::ProcessRequests: No pending cwb requests found in the queue.
06-21 15:53:49.701  1289  1506 I SDM     : HWDeviceDRM::SetupConcurrentWriteback: Tear down the Concurrent Writeback topology
06-21 15:53:49.708  1289 24695 I SDM     : HWCSession::NotifyCWBStatus: Notify the client about buffer status 0.
06-21 15:53:49.709  1289 24695 I SDM     : HWCSession::PerformFenceWaits: Remove current release fence from the pending fence wait queue.
06-21 15:53:49.709  1289 24695 I SDM     : HWCSession::PerformFenceWaits: CWB fence queue is empty. No pending release fence to wait on.
06-21 15:53:49.710  3814  4695 V Avrcp_ext: AvrcpMessageHandler: received message=29
06-21 15:53:49.712  3814  4695 V Avrcp_ext: updateCurrentMediaState: mMediaController: MediaController (cn.missevan@72a8ff5) null
06-21 15:53:49.712  3814  4695 V Avrcp_ext: updateCurrentMediaState: isPlaying = false
06-21 15:53:49.712  3814  4695 W Avrcp_ext: isMusicActive: false getBluetoothPlayState: 0 A2dp State: 11 mAudioPlaybackIsActive: false
06-21 15:53:49.713  3814  4695 D Avrcp_ext: isMusicActive = false mAudioPlaybackIsActive = false player state = PlaybackState {state=0, position=0, buffered position=0, speed=0.0, updated=0, actions=894, custom actions=[], active item id=-1, error=null}
06-21 15:53:49.714  3814  4695 I Avrcp_ext: Skipping update due to invalid playback state
06-21 15:53:49.715  3814  4695 V Avrcp_ext: updatePlaybackState, state: PlaybackState {state=0, position=0, buffered position=0, speed=0.0, updated=0, actions=894, custom actions=[], active item id=-1, error=null} device: null
06-21 15:53:49.715  3814  4695 V Avrcp_ext: Device: no name:
06-21 15:53:49.715  3814  4695 V Avrcp_ext: Device: no name:
06-21 15:53:49.715  3814  4695 V Avrcp_ext: Device: no name:
06-21 15:53:49.715  3814  4695 V Avrcp_ext: Device: no name:
06-21 15:53:49.715  3814  4695 V Avrcp_ext: Device: no name:
06-21 15:53:49.715  3814  4695 V Avrcp_ext: updatePlayerStateAndPosition, old=PlaybackState {state=0, position=0, buffered position=0, speed=0.0, updated=0, actions=894, custom actions=[], active item id=-1, error=null}, state=PlaybackState {state=0, position=0, buffered position=0, speed=0.0, updated=0, actions=894, custom actions=[], active item id=-1, error=null}
06-21 15:53:49.715  3814  4695 V Avrcp_ext: old state = PlaybackState {state=0, position=0, buffered position=0, speed=0.0, updated=0, actions=894, custom actions=[], active item id=-1, error=null}, new state= PlaybackState {state=0, position=0, buffered position=0, speed=0.0, updated=0, actions=894, custom actions=[], active item id=-1, error=null}
06-21 15:53:49.715  3814  4695 D HeadsetService: getHeadsetService(): returning com.android.bluetooth.hfp.HeadsetService@cd6daf0
06-21 15:53:49.715  3814  4695 D HeadsetService:  isAudioOn: The number of audio connected devices 0
06-21 15:53:49.715  3814  4695 D HeadsetService: isScoOrCallActive(): Call Active:falseCall is Ringing:falseSCO is Active:false
06-21 15:53:49.715  3814  4695 D HeadsetService:  isAudioOn: The number of audio connected devices 0
06-21 15:53:49.715  3814  4695 I Avrcp_ext: updatePlayStatusForDevice: device: null
06-21 15:53:49.715  3814  4695 V Avrcp_ext: updatePlaybackState (1): old=PlaybackState {state=0, position=0, buffered position=0, speed=0.0, updated=0, actions=894, custom actions=[], active item id=-1, error=null}(0), new=PlaybackState {state=0, position=0, buffered position=0, speed=0.0, updated=0, actions=894, custom actions=[], active item id=-1, error=null}(0)
06-21 15:53:49.715  3814  4695 I Avrcp_ext: Exit updatePlayStatusForDevice
06-21 15:53:49.715  3814  4695 D HeadsetService:  isAudioOn: The number of audio connected devices 0
06-21 15:53:49.715  3814  4695 D HeadsetService: isScoOrCallActive(): Call Active:falseCall is Ringing:falseSCO is Active:false
06-21 15:53:49.715  3814  4695 D HeadsetService:  isAudioOn: The number of audio connected devices 0
06-21 15:53:49.716  3814  4695 I Avrcp_ext: updatePlayStatusForDevice: device: null
06-21 15:53:49.716  3814  4695 V Avrcp_ext: updatePlaybackState (1): old=PlaybackState {state=0, position=0, buffered position=0, speed=0.0, updated=0, actions=894, custom actions=[], active item id=-1, error=null}(0), new=PlaybackState {state=0, position=0, buffered position=0, speed=0.0, updated=0, actions=894, custom actions=[], active item id=-1, error=null}(0)
06-21 15:53:49.716  3814  4695 I Avrcp_ext: Exit updatePlayStatusForDevice
06-21 15:53:49.716  3814  4695 D HeadsetService:  isAudioOn: The number of audio connected devices 0
06-21 15:53:49.716  3814  4695 D HeadsetService: isScoOrCallActive(): Call Active:falseCall is Ringing:falseSCO is Active:false
06-21 15:53:49.716  3814  4695 D HeadsetService:  isAudioOn: The number of audio connected devices 0
06-21 15:53:49.716  3814  4695 I Avrcp_ext: updatePlayStatusForDevice: device: null
06-21 15:53:49.716  3814  4695 V Avrcp_ext: updatePlaybackState (1): old=PlaybackState {state=0, position=0, buffered position=0, speed=0.0, updated=0, actions=894, custom actions=[], active item id=-1, error=null}(0), new=PlaybackState {state=0, position=0, buffered position=0, speed=0.0, updated=0, actions=894, custom actions=[], active item id=-1, error=null}(0)
06-21 15:53:49.716  3814  4695 I Avrcp_ext: Exit updatePlayStatusForDevice
06-21 15:53:49.716  3814  4695 D HeadsetService:  isAudioOn: The number of audio connected devices 0
06-21 15:53:49.716  3814  4695 D HeadsetService: isScoOrCallActive(): Call Active:falseCall is Ringing:falseSCO is Active:false
06-21 15:53:49.716  3814  4695 D HeadsetService:  isAudioOn: The number of audio connected devices 0
06-21 15:53:49.716  3814  4695 I Avrcp_ext: updatePlayStatusForDevice: device: null
06-21 15:53:49.716  3814  4695 V Avrcp_ext: updatePlaybackState (1): old=PlaybackState {state=0, position=0, buffered position=0, speed=0.0, updated=0, actions=894, custom actions=[], active item id=-1, error=null}(0), new=PlaybackState {state=0, position=0, buffered position=0, speed=0.0, updated=0, actions=894, custom actions=[], active item id=-1, error=null}(0)
06-21 15:53:49.716  3814  4695 I Avrcp_ext: Exit updatePlayStatusForDevice
06-21 15:53:49.716  3814  4695 D HeadsetService:  isAudioOn: The number of audio connected devices 0
06-21 15:53:49.716  3814  4695 D HeadsetService: isScoOrCallActive(): Call Active:falseCall is Ringing:falseSCO is Active:false
06-21 15:53:49.717  3814  4695 D HeadsetService:  isAudioOn: The number of audio connected devices 0
06-21 15:53:49.717  3814  4695 I Avrcp_ext: updatePlayStatusForDevice: device: null
06-21 15:53:49.717  3814  4695 V Avrcp_ext: updatePlaybackState (1): old=PlaybackState {state=0, position=0, buffered position=0, speed=0.0, updated=0, actions=894, custom actions=[], active item id=-1, error=null}(0), new=PlaybackState {state=0, position=0, buffered position=0, speed=0.0, updated=0, actions=894, custom actions=[], active item id=-1, error=null}(0)
06-21 15:53:49.717  3814  4695 I Avrcp_ext: Exit updatePlayStatusForDevice
06-21 15:53:49.717  3814  4695 D Avrcp_ext: Enter sendPlayPosNotificationRsp
06-21 15:53:49.717  3814  4695 D Avrcp_ext: sendPlayPosNotificationRsp: Not registered or requesting.
06-21 15:53:49.717  3814  4695 D Avrcp_ext: Enter sendPlayPosNotificationRsp
06-21 15:53:49.717  3814  4695 D Avrcp_ext: sendPlayPosNotificationRsp: Not registered or requesting.
06-21 15:53:49.717  3814  4695 D Avrcp_ext: Enter sendPlayPosNotificationRsp
06-21 15:53:49.717  3814  4695 D Avrcp_ext: sendPlayPosNotificationRsp: Not registered or requesting.
06-21 15:53:49.717  3814  4695 D Avrcp_ext: Enter sendPlayPosNotificationRsp
06-21 15:53:49.717  3814  4695 D Avrcp_ext: sendPlayPosNotificationRsp: Not registered or requesting.
06-21 15:53:49.717  3814  4695 D Avrcp_ext: Enter sendPlayPosNotificationRsp
06-21 15:53:49.717  3814  4695 D Avrcp_ext: sendPlayPosNotificationRsp: Not registered or requesting.
06-21 15:53:49.717  3814  4695 V Avrcp_ext: Exit updatePlayerStateAndPosition
06-21 15:53:49.717  3814  4695 V Avrcp_ext: Exit handleMessage
06-21 15:53:49.773 24117 24148 I appium  : channel read: POST /wd/hub/session/0c393214-9bb9-45b0-ae5a-5f538822ced0/element
06-21 15:53:49.775 24117 24148 I appium  : FindElement command
06-21 15:53:49.781 24117 24148 I appium  : method: 'id', selector: 'cn.missevan:id/nav_icon_mine'
06-21 15:53:49.783 24117 24148 I appium  : Waiting up to 100ms for the device to idle
06-21 15:53:49.799  1308  1430 E ANDR-PERF-UTIL: Failed to update node /sys/class/kgsl/kgsl-3d0/idle_timer with value 32
06-21 15:53:49.799  1308  1430 E ANDR-PERF-UTIL: 0
06-21 15:53:49.799  1308  1430 E ANDR-PERF-RESOURCEQS: Failed to reset optimization [10, 11]
