06-21 15:53:51.587  1189  1228 D PAL: ResourceManager: isStreamActive: 2870: Exit, ret 1
06-21 15:53:51.587  1189  1228 D PAL: ResourceManager: HandleDetectionStreamAction: 4214: Exit, status 0
06-21 15:53:51.587  1189  1228 D PAL: ResourceManager: HandleConcurrencyForSoundTriggerStreams: 4484: Exit
06-21 15:53:51.587  1189  1228 D PAL: ResourceManager: deregisterStream: 2715: Enter. stream 0xb4000076be61ce00K
06-21 15:53:51.587  1189  1228 D PAL: Stream: getStreamType: 400: streamType - 2 (PAL_STREAM_DEEP_BUFFER)
06-21 15:53:51.587  1189  1228 I PAL: ResourceManager: deregisterStream: 2726: stream type 2 (PAL_STREAM_DEEP_BUFFER)
06-21 15:53:51.587  1189  1228 D PAL: ResourceManager: deregisterStream: 2854: Exit. ret 0
06-21 15:53:51.587  1189  1228 D PAL: ResourceManager: restoreDevice: 10753: Enter
06-21 15:53:51.587  1189  1228 I PAL: ResourceManager: getActiveStream_l: 4898: no active streams found for device 3 ret -2
06-21 15:53:51.587  1189  1228 D PAL: ResourceManager: getSharedBEActiveStreamDevs: 6012: got dev 3 (PAL_DEVICE_OUT_SPEAKER) active streams on dev is 0
06-21 15:53:51.587  1189  1228 D PAL: ResourceManager: restoreDevice: 10928: no active device, switch un-needed
06-21 15:53:51.587  1189  1228 D PAL: ResourceManager: restoreDevice: 10936: Exit
06-21 15:53:51.587  1189  1228 I PAL: API: pal_stream_close: 242: Exit. status 0
06-21 15:53:51.587  1189  1228 D AHAL: AudioStream: Standby: 2031: Exit ret: 0
06-21 15:53:51.587  1189  1228 D AHAL: AudioStream: astream_out_standby: 623: Exit ret: 0
06-21 15:53:51.639 24750 24750 W cat     : type=1400 audit(0.0:8703): avc: denied { search } for name="net" dev="sysfs" ino=46387 scontext=u:r:radio:s0 tcontext=u:object_r:sysfs_net:s0 tclass=dir permissive=0
06-21 15:53:51.676 24180 24190 I cn.missevan: This is non sticky GC, maxfree is 8388608 minfree is 2097152
06-21 15:53:51.676 24180 24190 I cn.missevan: NativeAlloc concurrent copying GC freed 216619(14MB) AllocSpace objects, 79(3308KB) LOS objects, 49% free, 24MB/48MB, paused 108us,121us total 115.760ms
06-21 15:53:51.759  2055  3327 D libsensor-displayalgo: the value of  brightness:438.000000,R:78288747.866619,G:78288943.845811,B:78301111.058432,EVENT_C:7079.000000,EVENT_R:2746.500000,EVENT_G:3582.500000,EVENT_B:1431.500000
06-21 15:53:51.759  2055  3327 I libsensor-displayalgo: the value of  Coef1:1107.681000,Coef4:2.383000, scale1:0.935522, scale4:0.923264
06-21 15:53:51.759  2055  3327 E libsensor-displayalgo: RGB_test_0407_400_oldzy!
06-21 15:53:51.759  2055  3327 I libsensor-displayalgo: the value of  RESULT3143.488055,1241.879062,1522.354140,570.296979
06-21 15:53:51.759  2055  3327 I libsensor-displayalgo: the value of  getChannelDataCalibrated3295.775618,1150.219382,1769.438579,622.440776
06-21 15:53:51.759  2055  3327 I libsensor-displayalgo: the value of  REAL LUX223.587219
06-21 15:53:51.759  2055  3327 I libsensor-displayalgo: the value of  CAL REAL LUX223.587219
06-21 15:53:51.890  1289  2256 I vendor.qti.hardware.display.composer-service: FrameNotifyProcess Sensor: notify citsensorservice to trigger cwb
06-21 15:53:51.890  2055  2140 I libcitsensorservice@2.0-impl: msg_transfer
06-21 15:53:51.891  2055  3319 D vendor.xiaomi.sensor.citsensorservice@2.0-service: handle id:11 wxh:1280x2400 uwxuh:1080x2400 size: 9216000 fd:15 fd_meta:16 flags:0x4000228 usage:0x33  format:0x3 layer_count: 1
06-21 15:53:51.891  1289  1864 I SDM     : HWCSession::SetCWBOutputBuffer: CWB config passed by cwb_client : tappoint 1  CWB_ROI : (829.000000 4.000000 915.000000 90.000000)
06-21 15:53:51.892  1289 24756 I SDM     : HWCSession::ProcessRequests: Successfully configured CWB buffer.
06-21 15:53:51.900  1289 24756 I SDM     : HWCSession::ProcessRequests: Pushing release fence in fenece wait queue.
06-21 15:53:51.900  1289 24756 I SDM     : HWCSession::ProcessRequests: Creating AsyncFenceWaits async thread.
06-21 15:53:51.900  1289 24756 I SDM     : HWCSession::ProcessRequests: Remove current CWB request from the pending request queue.
06-21 15:53:51.900  1289 24756 I SDM     : HWCSession::ProcessRequests: No pending cwb requests found in the queue.
06-21 15:53:51.906  1289  1506 I SDM     : HWDeviceDRM::SetupConcurrentWriteback: Tear down the Concurrent Writeback topology
06-21 15:53:51.914  1289 24757 I SDM     : HWCSession::NotifyCWBStatus: Notify the client about buffer status 0.
06-21 15:53:51.914  1289 24757 I SDM     : HWCSession::PerformFenceWaits: Remove current release fence from the pending fence wait queue.
06-21 15:53:51.914  1289 24757 I SDM     : HWCSession::PerformFenceWaits: CWB fence queue is empty. No pending release fence to wait on.
06-21 15:53:51.935 24180 24202 I cn.missevan: ProcessProfilingInfo new_methods=14 is saved saved_to_disk=1 resolve_classes_delay=8000
06-21 15:53:51.971 24117 24148 W tomator2.serve: Accessing hidden field Landroid/view/accessibility/AccessibilityNodeInfo;->mSourceNodeId:J (unsupported, reflection, allowed)
06-21 15:53:51.985 24117 24148 I appium  : AppiumResponse: {"sessionId":"0c393214-9bb9-45b0-ae5a-5f538822ced0","value":{"ELEMENT":"00000000-0000-026d-ffff-ffff00000031","element-6066-11e4-a52e-4f735466cecf":"00000000-0000-026d-ffff-ffff00000031"}}
06-21 15:53:52.003  6831  7071 D MemoryCeilingMonitor: [handleMemoryCalculate]
06-21 15:53:52.003  6831  7071 D MemoryCeilingMonitor: [calculate] tot: 5696984, max: 268435456, free: 884736, heap: 4812248, per: 0.01792702078819275
06-21 15:53:52.022 24117 24148 I appium  : channel read: POST /wd/hub/session/0c393214-9bb9-45b0-ae5a-5f538822ced0/element/00000000-0000-026d-ffff-ffff00000031/click
06-21 15:53:52.026 24117 24148 I appium  : Click command
06-21 15:53:52.059  2055  3327 D libsensor-displayalgo: the value of  brightness:438.000000,R:78288747.866619,G:78288943.845811,B:78301111.058432,EVENT_C:7114.500000,EVENT_R:2757.000000,EVENT_G:3601.000000,EVENT_B:1439.000000
06-21 15:53:52.059  2055  3327 I libsensor-displayalgo: the value of  Coef1:1107.681000,Coef4:2.383000, scale1:0.935522, scale4:0.923264
06-21 15:53:52.059  2055  3327 E libsensor-displayalgo: RGB_test_0407_400_oldzy!
06-21 15:53:52.060  2055  3327 I libsensor-displayalgo: the value of  RESULT3143.488055,1241.879062,1522.354140,570.296979
06-21 15:53:52.060  2055  3327 I libsensor-displayalgo: the value of  getChannelDataCalibrated3295.775618,1150.219382,1769.438579,622.440776
06-21 15:53:52.060  2055  3327 I libsensor-displayalgo: the value of  REAL LUX225.929260
06-21 15:53:52.060  2055  3327 I libsensor-displayalgo: the value of  CAL REAL LUX225.929260
06-21 15:53:52.157 24117 24148 W QueryController: Could not detect idle state.
06-21 15:53:52.194  1289  2256 I vendor.qti.hardware.display.composer-service: FrameNotifyProcess Sensor: notify citsensorservice to trigger cwb
06-21 15:53:52.195  2055  2140 I libcitsensorservice@2.0-impl: msg_transfer
06-21 15:53:52.195  2055  3319 D vendor.xiaomi.sensor.citsensorservice@2.0-service: handle id:11 wxh:1280x2400 uwxuh:1080x2400 size: 9216000 fd:15 fd_meta:16 flags:0x4000228 usage:0x33  format:0x3 layer_count: 1
06-21 15:53:52.195  1289  1864 I SDM     : HWCSession::SetCWBOutputBuffer: CWB config passed by cwb_client : tappoint 1  CWB_ROI : (829.000000 4.000000 915.000000 90.000000)
06-21 15:53:52.196  1289 24758 I SDM     : HWCSession::ProcessRequests: Successfully configured CWB buffer.
06-21 15:53:52.206  1289 24758 I SDM     : HWCSession::ProcessRequests: Pushing release fence in fenece wait queue.
06-21 15:53:52.206  1289 24758 I SDM     : HWCSession::ProcessRequests: Creating AsyncFenceWaits async thread.
06-21 15:53:52.207  1289 24758 I SDM     : HWCSession::ProcessRequests: Remove current CWB request from the pending request queue.
06-21 15:53:52.207  1289 24758 I SDM     : HWCSession::ProcessRequests: No pending cwb requests found in the queue.
06-21 15:53:52.212  1289  1506 I SDM     : HWDeviceDRM::SetupConcurrentWriteback: Tear down the Concurrent Writeback topology
06-21 15:53:52.219  1289 24759 I SDM     : HWCSession::NotifyCWBStatus: Notify the client about buffer status 0.
06-21 15:53:52.219  1289 24759 I SDM     : HWCSession::PerformFenceWaits: Remove current release fence from the pending fence wait queue.
06-21 15:53:52.219  1289 24759 I SDM     : HWCSession::PerformFenceWaits: CWB fence queue is empty. No pending release fence to wait on.
06-21 15:53:52.359  2055  3327 D libsensor-displayalgo: the value of  brightness:438.000000,R:78288747.866619,G:78288943.845811,B:78301111.058432,EVENT_C:7112.500000,EVENT_R:2752.500000,EVENT_G:3601.000000,EVENT_B:1438.000000
06-21 15:53:52.359  2055  3327 I libsensor-displayalgo: the value of  Coef1:1107.681000,Coef4:2.383000, scale1:0.935522, scale4:0.923264
06-21 15:53:52.359  2055  3327 E libsensor-displayalgo: RGB_test_0407_400_oldzy!
06-21 15:53:52.360  2055  3327 I libsensor-displayalgo: the value of  RESULT3143.488055,1241.879062,1522.354140,570.296979
06-21 15:53:52.360  2055  3327 I libsensor-displayalgo: the value of  getChannelDataCalibrated3295.775618,1150.219382,1769.438579,622.440776
06-21 15:53:52.360  2055  3327 I libsensor-displayalgo: the value of  REAL LUX226.038986
06-21 15:53:52.360  2055  3327 I libsensor-displayalgo: the value of  CAL REAL LUX226.038986
06-21 15:53:52.499  1289  2256 I vendor.qti.hardware.display.composer-service: FrameNotifyProcess Sensor: notify citsensorservice to trigger cwb
06-21 15:53:52.499  2055  3808 I libcitsensorservice@2.0-impl: msg_transfer
06-21 15:53:52.499  2055  3319 D vendor.xiaomi.sensor.citsensorservice@2.0-service: handle id:11 wxh:1280x2400 uwxuh:1080x2400 size: 9216000 fd:15 fd_meta:16 flags:0x4000228 usage:0x33  format:0x3 layer_count: 1
06-21 15:53:52.499  1289  1864 I SDM     : HWCSession::SetCWBOutputBuffer: CWB config passed by cwb_client : tappoint 1  CWB_ROI : (829.000000 4.000000 915.000000 90.000000)
06-21 15:53:52.500  1289 24760 I SDM     : HWCSession::ProcessRequests: Successfully configured CWB buffer.
06-21 15:53:52.509  1289 24760 I SDM     : HWCSession::ProcessRequests: Pushing release fence in fenece wait queue.
06-21 15:53:52.509  1289 24760 I SDM     : HWCSession::ProcessRequests: Creating AsyncFenceWaits async thread.
06-21 15:53:52.509  1289 24760 I SDM     : HWCSession::ProcessRequests: Remove current CWB request from the pending request queue.
06-21 15:53:52.510  1289 24760 I SDM     : HWCSession::ProcessRequests: No pending cwb requests found in the queue.
06-21 15:53:52.516  1289  1506 I SDM     : HWDeviceDRM::SetupConcurrentWriteback: Tear down the Concurrent Writeback topology
06-21 15:53:52.523  1289 24761 I SDM     : HWCSession::NotifyCWBStatus: Notify the client about buffer status 0.
06-21 15:53:52.524  1289 24761 I SDM     : HWCSession::PerformFenceWaits: Remove current release fence from the pending fence wait queue.
06-21 15:53:52.524  1289 24761 I SDM     : HWCSession::PerformFenceWaits: CWB fence queue is empty. No pending release fence to wait on.
06-21 15:53:52.656 24117 24148 W QueryController: Could not detect idle state.
06-21 15:53:52.660  2055  3327 D libsensor-displayalgo: the value of  brightness:438.000000,R:78288747.866619,G:78288943.845811,B:78301111.058432,EVENT_C:7111.000000,EVENT_R:2754.500000,EVENT_G:3599.000000,EVENT_B:1438.000000
06-21 15:53:52.660  2055  3327 I libsensor-displayalgo: the value of  Coef1:1107.681000,Coef4:2.383000, scale1:0.935522, scale4:0.923264
06-21 15:53:52.660  2055  3327 E libsensor-displayalgo: RGB_test_0407_400_oldzy!
06-21 15:53:52.661  2055  3327 I libsensor-displayalgo: the value of  RESULT3143.488055,1241.879062,1522.354140,570.296979
06-21 15:53:52.662  2055  3327 I libsensor-displayalgo: the value of  getChannelDataCalibrated3295.775618,1150.219382,1769.438579,622.440776
06-21 15:53:52.662  2055  3327 I libsensor-displayalgo: the value of  REAL LUX225.766724
06-21 15:53:52.662  2055  3327 I libsensor-displayalgo: the value of  CAL REAL LUX225.766724
06-21 15:53:52.713  2423  4339 D MIUIInput: Input event injection from pid 24102, MotionEvent: DOWN
06-21 15:53:52.714  2423  3213 D MIUIInput: [MotionEvent] publisher action=0x4, 74980398, channel 'f33ef00 NavigationBar0 (server)'
06-21 15:53:52.714  2423  3213 D MIUIInput: [MotionEvent] publisher action=0x0, 74980398, channel '74f283b cn.missevan/cn.missevan.activity.MainActivity (server)'
06-21 15:53:52.715  1447  2087 D RefreshRateConfigs: TouchBoost - choose 120.00fps
06-21 15:53:52.716 24180 24180 D MIUIInput: [MotionEvent] ViewRootImpl windowName 'cn.missevan/cn.missevan.activity.MainActivity', { action=ACTION_DOWN, id[0]=0, pointerCount=1, eventTime=74980398, downTime=74980397, phoneEventTime=15:53:52.692 } moveCount:0
06-21 15:53:52.725  2423  4339 D MIUIInput: Input event injection from pid 24102, MotionEvent: UP
06-21 15:53:52.726  2423  3213 D MIUIInput: [MotionEvent] publisher action=0x1, 74980398, channel '74f283b cn.missevan/cn.missevan.activity.MainActivity (server)'
06-21 15:53:52.726 24180 24180 D MIUIInput: [MotionEvent] ViewRootImpl windowName 'cn.missevan/cn.missevan.activity.MainActivity', { action=ACTION_UP, id[0]=0, pointerCount=1, eventTime=74980398, downTime=74980397, phoneEventTime=15:53:52.692 } moveCount:0
06-21 15:53:52.739 24117 24148 I appium  : Waiting up to 100ms for the device to idle
06-21 15:53:52.744 24117 24148 I appium  : AppiumResponse: {"sessionId":"0c393214-9bb9-45b0-ae5a-5f538822ced0","value":null}
06-21 15:53:52.771 24117 24148 I appium  : channel read: POST /wd/hub/session/0c393214-9bb9-45b0-ae5a-5f538822ced0/element
06-21 15:53:52.773 24117 24148 I appium  : FindElement command
06-21 15:53:52.778 24117 24148 I appium  : method: 'id', selector: 'cn.missevan:id/textView5'
06-21 15:53:52.779 24117 24148 I appium  : Waiting up to 100ms for the device to idle
06-21 15:53:52.803  1289  2256 I vendor.qti.hardware.display.composer-service: FrameNotifyProcess Sensor: notify citsensorservice to trigger cwb
06-21 15:53:52.804  2055 15083 I libcitsensorservice@2.0-impl: msg_transfer
06-21 15:53:52.804  2055  3319 D vendor.xiaomi.sensor.citsensorservice@2.0-service: handle id:11 wxh:1280x2400 uwxuh:1080x2400 size: 9216000 fd:15 fd_meta:16 flags:0x4000228 usage:0x33  format:0x3 layer_count: 1
06-21 15:53:52.804  1289  1864 I SDM     : HWCSession::SetCWBOutputBuffer: CWB config passed by cwb_client : tappoint 1  CWB_ROI : (829.000000 4.000000 915.000000 90.000000)
06-21 15:53:52.805  1289 24762 I SDM     : HWCSession::ProcessRequests: Successfully configured CWB buffer.
06-21 15:53:52.815  1289 24762 I SDM     : HWCSession::ProcessRequests: Pushing release fence in fenece wait queue.
06-21 15:53:52.815  1289 24762 I SDM     : HWCSession::ProcessRequests: Creating AsyncFenceWaits async thread.
06-21 15:53:52.815  1289 24762 I SDM     : HWCSession::ProcessRequests: Remove current CWB request from the pending request queue.
06-21 15:53:52.815  1289 24762 I SDM     : HWCSession::ProcessRequests: No pending cwb requests found in the queue.
06-21 15:53:52.821  1289  1506 I SDM     : HWDeviceDRM::SetupConcurrentWriteback: Tear down the Concurrent Writeback topology
06-21 15:53:52.828  1289 24763 I SDM     : HWCSession::NotifyCWBStatus: Notify the client about buffer status 0.
06-21 15:53:52.829  1289 24763 I SDM     : HWCSession::PerformFenceWaits: Remove current release fence from the pending fence wait queue.
06-21 15:53:52.829  1289 24763 I SDM     : HWCSession::PerformFenceWaits: CWB fence queue is empty. No pending release fence to wait on.
06-21 15:53:52.864  2423  3334 D MiuiNetworkPolicy: updateLimit mLimitEnabled=true,enabled=false,mNetworkPriorityMode=1
06-21 15:53:52.889 24117 24148 W QueryController: Could not detect idle state.
06-21 15:53:52.959  2055  3327 D libsensor-displayalgo: the value of  brightness:438.000000,R:75599397.800496,G:75716738.960583,B:75651232.366650,EVENT_C:7114.500000,EVENT_R:2754.000000,EVENT_G:3604.500000,EVENT_B:1438.500000
06-21 15:53:52.959  2055  3327 I libsensor-displayalgo: the value of  Coef1:1107.681000,Coef4:2.383000, scale1:0.935522, scale4:0.923264
06-21 15:53:52.959  2055  3327 E libsensor-displayalgo: RGB_test_0407_400_oldzy!
06-21 15:53:52.959  2055  3327 I libsensor-displayalgo: the value of  RESULT3072.737487,1213.443953,1490.791011,556.960859
06-21 15:53:52.960  2055  3327 I libsensor-displayalgo: the value of  getChannelDataCalibrated3221.597510,1123.882989,1732.752622,607.885298
06-21 15:53:52.960  2055  3327 I libsensor-displayalgo: the value of  REAL LUX230.971191
06-21 15:53:52.960  2055  3327 I libsensor-displayalgo: the value of  CAL REAL LUX230.971191
06-21 15:53:52.960 24117 24148 I appium  : AppiumResponse: {"sessionId":"0c393214-9bb9-45b0-ae5a-5f538822ced0","value":{"ELEMENT":"00000000-0000-026d-ffff-ffff0000008d","element-6066-11e4-a52e-4f735466cecf":"00000000-0000-026d-ffff-ffff0000008d"}}
06-21 15:53:52.988 24117 24148 I appium  : channel read: POST /wd/hub/session/0c393214-9bb9-45b0-ae5a-5f538822ced0/element/00000000-0000-026d-ffff-ffff0000008d/click
06-21 15:53:52.991 24117 24148 I appium  : Click command
06-21 15:53:53.108  1289  2256 I vendor.qti.hardware.display.composer-service: FrameNotifyProcess Sensor: notify citsensorservice to trigger cwb
06-21 15:53:53.108  2055 15083 I libcitsensorservice@2.0-impl: msg_transfer
06-21 15:53:53.109  2055  3319 D vendor.xiaomi.sensor.citsensorservice@2.0-service: handle id:11 wxh:1280x2400 uwxuh:1080x2400 size: 9216000 fd:15 fd_meta:16 flags:0x4000228 usage:0x33  format:0x3 layer_count: 1
06-21 15:53:53.109  1289  1864 I SDM     : HWCSession::SetCWBOutputBuffer: CWB config passed by cwb_client : tappoint 1  CWB_ROI : (829.000000 4.000000 915.000000 90.000000)
06-21 15:53:53.110  1289 24764 I SDM     : HWCSession::ProcessRequests: Successfully configured CWB buffer.
06-21 15:53:53.115 24400 24437 I missevan:playe: ProcessProfilingInfo new_methods=0 is saved saved_to_disk=0 resolve_classes_delay=8000
06-21 15:53:53.118  1289 24764 I SDM     : HWCSession::ProcessRequests: Pushing release fence in fenece wait queue.
06-21 15:53:53.118  1289 24764 I SDM     : HWCSession::ProcessRequests: Creating AsyncFenceWaits async thread.
06-21 15:53:53.118  1289 24764 I SDM     : HWCSession::ProcessRequests: Remove current CWB request from the pending request queue.
06-21 15:53:53.119  1289 24764 I SDM     : HWCSession::ProcessRequests: No pending cwb requests found in the queue.
06-21 15:53:53.125  1289  1506 I SDM     : HWDeviceDRM::SetupConcurrentWriteback: Tear down the Concurrent Writeback topology
06-21 15:53:53.132  1289 24765 I SDM     : HWCSession::NotifyCWBStatus: Notify the client about buffer status 0.
06-21 15:53:53.133  1289 24765 I SDM     : HWCSession::PerformFenceWaits: Remove current release fence from the pending fence wait queue.
06-21 15:53:53.133  1289 24765 I SDM     : HWCSession::PerformFenceWaits: CWB fence queue is empty. No pending release fence to wait on.
06-21 15:53:53.243  2423  4339 W ProcessStats: Tracking association SourceState{623b87c system/1000 BTopFgs #28017} whose proc state 2 is better than process ProcessState{b538505 com.google.android.gms.persistent/10158 pkg=com.google.android.gms} proc state 3 (139 skipped)
06-21 15:53:53.258  2055  3327 D libsensor-displayalgo: the value of  brightness:438.000000,R:75599397.800496,G:75716738.960583,B:75651232.366650,EVENT_C:7005.500000,EVENT_R:2719.000000,EVENT_G:3541.000000,EVENT_B:1414.000000
06-21 15:53:53.258  2055  3327 I libsensor-displayalgo: the value of  Coef1:1107.681000,Coef4:2.383000, scale1:0.935522, scale4:0.923264
06-21 15:53:53.258  2055  3327 E libsensor-displayalgo: RGB_test_0407_400_oldzy!
06-21 15:53:53.259  2055  3327 I libsensor-displayalgo: the value of  RESULT3072.737487,1213.443953,1490.791011,556.960859
06-21 15:53:53.259  2055  3327 I libsensor-displayalgo: the value of  getChannelDataCalibrated3221.597510,1123.882989,1732.752622,607.885298
06-21 15:53:53.259  2055  3327 I libsensor-displayalgo: the value of  REAL LUX223.699097
06-21 15:53:53.259  2055  3327 I libsensor-displayalgo: the value of  CAL REAL LUX223.699097
06-21 15:53:53.387 24117 24148 W QueryController: Could not detect idle state.
06-21 15:53:53.412  2423  5687 D MIUIInput: Input event injection from pid 24102, MotionEvent: DOWN
06-21 15:53:53.412  2423  3213 D MIUIInput: [MotionEvent] publisher action=0x4, 74981111, channel 'f33ef00 NavigationBar0 (server)'
06-21 15:53:53.413  1289  2256 I vendor.qti.hardware.display.composer-service: FrameNotifyProcess Sensor: notify citsensorservice to trigger cwb
06-21 15:53:53.413  2423  3213 D MIUIInput: [MotionEvent] publisher action=0x0, 74981111, channel '74f283b cn.missevan/cn.missevan.activity.MainActivity (server)'
06-21 15:53:53.413  2055 15083 I libcitsensorservice@2.0-impl: msg_transfer
06-21 15:53:53.413  2055  3319 D vendor.xiaomi.sensor.citsensorservice@2.0-service: handle id:11 wxh:1280x2400 uwxuh:1080x2400 size: 9216000 fd:15 fd_meta:16 flags:0x4000228 usage:0x33  format:0x3 layer_count: 1
06-21 15:53:53.413 24180 24180 D MIUIInput: [MotionEvent] ViewRootImpl windowName 'cn.missevan/cn.missevan.activity.MainActivity', { action=ACTION_DOWN, id[0]=0, pointerCount=1, eventTime=74981111, downTime=74981110, phoneEventTime=15:53:53.405 } moveCount:0
06-21 15:53:53.414  1289  1864 I SDM     : HWCSession::SetCWBOutputBuffer: CWB config passed by cwb_client : tappoint 1  CWB_ROI : (829.000000 4.000000 915.000000 90.000000)
06-21 15:53:53.415  1289 24766 I SDM     : HWCSession::ProcessRequests: Successfully configured CWB buffer.
06-21 15:53:53.416  2423  5687 D MIUIInput: Input event injection from pid 24102, MotionEvent: UP
06-21 15:53:53.416  2423  3213 D MIUIInput: [MotionEvent] publisher action=0x1, 74981111, channel '74f283b cn.missevan/cn.missevan.activity.MainActivity (server)'
06-21 15:53:53.417 24180 24180 D MIUIInput: [MotionEvent] ViewRootImpl windowName 'cn.missevan/cn.missevan.activity.MainActivity', { action=ACTION_UP, id[0]=0, pointerCount=1, eventTime=74981111, downTime=74981110, phoneEventTime=15:53:53.404 } moveCount:0
06-21 15:53:53.422  1289 24766 I SDM     : HWCSession::ProcessRequests: Pushing release fence in fenece wait queue.
06-21 15:53:53.422  1289 24766 I SDM     : HWCSession::ProcessRequests: Creating AsyncFenceWaits async thread.
06-21 15:53:53.423  1289 24766 I SDM     : HWCSession::ProcessRequests: Remove current CWB request from the pending request queue.
06-21 15:53:53.423  1289 24766 I SDM     : HWCSession::ProcessRequests: No pending cwb requests found in the queue.
06-21 15:53:53.429 24117 24148 I appium  : Waiting up to 100ms for the device to idle
06-21 15:53:53.429  1289  1506 I SDM     : HWDeviceDRM::SetupConcurrentWriteback: Tear down the Concurrent Writeback topology
06-21 15:53:53.430 24117 24148 I appium  : AppiumResponse: {"sessionId":"0c393214-9bb9-45b0-ae5a-5f538822ced0","value":null}
06-21 15:53:53.437  1289 24767 I SDM     : HWCSession::NotifyCWBStatus: Notify the client about buffer status 0.
06-21 15:53:53.437  1289 24767 I SDM     : HWCSession::PerformFenceWaits: Remove current release fence from the pending fence wait queue.
06-21 15:53:53.437  1289 24767 I SDM     : HWCSession::PerformFenceWaits: CWB fence queue is empty. No pending release fence to wait on.
06-21 15:53:53.445 24180 24482 D BufferPoolAccessor2.0: bufferpool2 0x70a0b36c28 : 0(0 size) total buffers - 0(0 size) used buffers - 16/21 (recycle/alloc) - 7/24 (fetch/transfer)
06-21 15:53:53.446 24180 24482 D BufferPoolAccessor2.0: evictor expired: 1, evicted: 1
06-21 15:53:53.446  1965  2823 D BufferPoolAccessor2.0: bufferpool2 0xb400007e65233028 : 0(0 size) total buffers - 0(0 size) used buffers - 9/12 (recycle/alloc) - 4/12 (fetch/transfer)
06-21 15:53:53.446  1965  2823 D BufferPoolAccessor2.0: evictor expired: 1, evicted: 1
06-21 15:53:53.447 24117 24148 I appium  : channel read: POST /wd/hub/session/0c393214-9bb9-45b0-ae5a-5f538822ced0/element
06-21 15:53:53.448 24117 24148 I appium  : FindElement command
06-21 15:53:53.449 24117 24148 I appium  : method: 'id', selector: 'cn.missevan:id/passwordLogin'
06-21 15:53:53.449 24117 24148 I appium  : Waiting up to 100ms for the device to idle
06-21 15:53:53.451 24180 24180 W cn.missevan: type=1400 audit(0.0:8704): avc: granted { nlmsg_readpriv } for scontext=u:r:untrusted_app_27:s0:c243,c257,c512,c768 tcontext=u:r:untrusted_app_27:s0:c243,c257,c512,c768 tclass=netlink_route_socket app=cn.missevan
06-21 15:53:53.461 24180 24768 D CompatibilityChangeReporter: Compat change id reported: 149924527; UID 10499; state: ENABLED
06-21 15:53:53.461 24180 24768 D CompatibilityChangeReporter: Compat change id reported: 132649864; UID 10499; state: DISABLED
06-21 15:53:53.462 24180 24774 D ConnectivityManager: getMobileDataEnabled()+ subId=1
06-21 15:53:53.466 24180 24774 D ConnectivityManager: getMobileDataEnabled()- subId=1 retVal=true
06-21 15:53:53.468 24180 24180 D IS_CTS_MODE: true
06-21 15:53:53.468 24180 24180 D MULTI_WINDOW_SWITCH_ENABLED: false
06-21 15:53:53.487  2423  2515 I system_server: This is sticky GC, maxfree is 8388608 minfree is 2097152
06-21 15:53:53.491  2423  2517 W System  : A resource failed to call release.
06-21 15:53:53.492  2423  2517 W System  : A resource failed to call close.
06-21 15:53:53.492  2423  2517 W System  : A resource failed to call release.
06-21 15:53:53.500  5194  5405 W MediaProvider: Forgot to handle a top level directory in getContentUriForFile?
06-21 15:53:53.514  5194  5321 W MediaProvider: Failed to update quota for uri: content://media/external_primary/file/2051
06-21 15:53:53.514  5194  5321 W MediaProvider: java.io.FileNotFoundException: No item at content://media/external_primary/file/2051
06-21 15:53:53.514  5194  5321 W MediaProvider: 	at com.android.providers.media.MediaProvider.queryForSingleItem(MediaProvider.java:7520)
06-21 15:53:53.514  5194  5321 W MediaProvider: 	at com.android.providers.media.MediaProvider.queryForDataFile(MediaProvider.java:7466)
06-21 15:53:53.514  5194  5321 W MediaProvider: 	at com.android.providers.media.MediaProvider.queryForDataFile(MediaProvider.java:7458)
06-21 15:53:53.514  5194  5321 W MediaProvider: 	at com.android.providers.media.MediaProvider.updateQuotaTypeForUri(MediaProvider.java:622)
06-21 15:53:53.514  5194  5321 W MediaProvider: 	at com.android.providers.media.MediaProvider.access$1000(MediaProvider.java:259)
06-21 15:53:53.514  5194  5321 W MediaProvider: 	at com.android.providers.media.MediaProvider$3.lambda$onUpdate$1(MediaProvider.java:709)
06-21 15:53:53.514  5194  5321 W MediaProvider: 	at com.android.providers.media.MediaProvider$3.$r8$lambda$ZdUE6FQqSMahblcS35StEQHJ7ww(Unknown Source:0)
06-21 15:53:53.514  5194  5321 W MediaProvider: 	at com.android.providers.media.MediaProvider$3$$ExternalSyntheticLambda1.run(Unknown Source:8)
06-21 15:53:53.514  5194  5321 W MediaProvider: 	at android.os.Handler.handleCallback(Handler.java:938)
06-21 15:53:53.514  5194  5321 W MediaProvider: 	at android.os.Handler.dispatchMessage(Handler.java:99)
06-21 15:53:53.514  5194  5321 W MediaProvider: 	at android.os.Looper.loopOnce(Looper.java:211)
06-21 15:53:53.514  5194  5321 W MediaProvider: 	at android.os.Looper.loop(Looper.java:300)
06-21 15:53:53.514  5194  5321 W MediaProvider: 	at android.os.HandlerThread.run(HandlerThread.java:67)
06-21 15:53:53.523  5194  5405 I MediaProvider: Deleted paths_hashcode::625847822/:625847822/762356268xml.bak items on external_primary due to cn.missevan
06-21 15:53:53.523  2423  4339 W InputManager-JNI: Input channel object '9b70ea1 cn.missevan/cn.missevan.activity.MainActivity (client)' was disposed without first being removed with the input manager!
06-21 15:53:53.544  5194 16280 W MediaProvider: Forgot to handle a top level directory in getContentUriForFile?
06-21 15:53:53.548  5194  5321 W MediaProvider: Failed to update quota for uri: content://media/external_primary/file/2052
06-21 15:53:53.548  5194  5321 W MediaProvider: java.io.FileNotFoundException: No item at content://media/external_primary/file/2052
06-21 15:53:53.548  5194  5321 W MediaProvider: 	at com.android.providers.media.MediaProvider.queryForSingleItem(MediaProvider.java:7520)
06-21 15:53:53.548  5194  5321 W MediaProvider: 	at com.android.providers.media.MediaProvider.queryForDataFile(MediaProvider.java:7466)
06-21 15:53:53.548  5194  5321 W MediaProvider: 	at com.android.providers.media.MediaProvider.queryForDataFile(MediaProvider.java:7458)
06-21 15:53:53.548  5194  5321 W MediaProvider: 	at com.android.providers.media.MediaProvider.updateQuotaTypeForUri(MediaProvider.java:622)
06-21 15:53:53.548  5194  5321 W MediaProvider: 	at com.android.providers.media.MediaProvider.access$1000(MediaProvider.java:259)
06-21 15:53:53.548  5194  5321 W MediaProvider: 	at com.android.providers.media.MediaProvider$3.lambda$onUpdate$1(MediaProvider.java:709)
06-21 15:53:53.548  5194  5321 W MediaProvider: 	at com.android.providers.media.MediaProvider$3.$r8$lambda$ZdUE6FQqSMahblcS35StEQHJ7ww(Unknown Source:0)
06-21 15:53:53.548  5194  5321 W MediaProvider: 	at com.android.providers.media.MediaProvider$3$$ExternalSyntheticLambda1.run(Unknown Source:8)
06-21 15:53:53.548  5194  5321 W MediaProvider: 	at android.os.Handler.handleCallback(Handler.java:938)
06-21 15:53:53.548  5194  5321 W MediaProvider: 	at android.os.Handler.dispatchMessage(Handler.java:99)
06-21 15:53:53.548  5194  5321 W MediaProvider: 	at android.os.Looper.loopOnce(Looper.java:211)
06-21 15:53:53.548  5194  5321 W MediaProvider: 	at android.os.Looper.loop(Looper.java:300)
06-21 15:53:53.548  5194  5321 W MediaProvider: 	at android.os.HandlerThread.run(HandlerThread.java:67)
06-21 15:53:53.549 24180 24180 D DecorView[]: updateDecorCaptionStatus displayWindowDecor is false
06-21 15:53:53.552  5194 16280 I MediaProvider: Deleted paths_hashcode::1374044221/:1374044221/1255762293xml.bak items on external_primary due to cn.missevan
06-21 15:53:53.558  2055  3327 D libsensor-displayalgo: the value of  brightness:438.000000,R:75599397.800496,G:75716738.960583,B:75651232.366650,EVENT_C:7011.500000,EVENT_R:2720.000000,EVENT_G:3543.500000,EVENT_B:1415.000000
06-21 15:53:53.558  2055  3327 I libsensor-displayalgo: the value of  Coef1:1107.681000,Coef4:2.383000, scale1:0.935522, scale4:0.923264
06-21 15:53:53.558  2055  3327 E libsensor-displayalgo: RGB_test_0407_400_oldzy!
06-21 15:53:53.558  2055  3327 I libsensor-displayalgo: the value of  RESULT3072.737487,1213.443953,1490.791011,556.960859
06-21 15:53:53.558  2055  3327 I libsensor-displayalgo: the value of  getChannelDataCalibrated3221.597510,1123.882989,1732.752622,607.885298
06-21 15:53:53.558  2055  3327 I libsensor-displayalgo: the value of  REAL LUX224.117371
06-21 15:53:53.559  2055  3327 I libsensor-displayalgo: the value of  CAL REAL LUX224.117371
06-21 15:53:53.566  4162  4980 W TelephonyPermissions: reportAccessDeniedToReadIdentifiers:cn.missevan:getDeviceId:-1
06-21 15:53:53.568  4162  4980 E PhoneInterfaceManager: [PhoneIntfMgr] getCarrierPrivilegeStatusForUid: No UICC
06-21 15:53:53.568  4162  4980 W TelephonyPermissions: reportAccessDeniedToReadIdentifiers:cn.missevan:getSubscriberIdForSubscriber:1
06-21 15:53:53.567 24180 24180 W nirvana_base_ex: type=1400 audit(0.0:8705): avc: granted { nlmsg_readpriv } for scontext=u:r:untrusted_app_27:s0:c243,c257,c512,c768 tcontext=u:r:untrusted_app_27:s0:c243,c257,c512,c768 tclass=netlink_route_socket app=cn.missevan
06-21 15:53:53.586 24180 24768 E AuthSDK : checkEnvAvailable errorCode = 600007; errorMsg = SIM
06-21 15:53:53.607  2423  6080 I WindowManagerService: Physical orientation applied, rotation=0 sfOrientation=ORIENTATION_0
06-21 15:53:53.623 24180 24180 E Umeng   : [main] umeng verify error: init error: {"carrierFailedResultData":"","code":"600007","msg":"SIM","requestCode":0,"requestId":"7333213b-464f-44ac-b41c-5d88370b2f93","vendorName":"unknown"}
06-21 15:53:53.626 24180 24180 D DecorView[MainActivity]: onWindowFocusChanged hasWindowFocus false
06-21 15:53:53.630  5322 25217 W MiuiPerfServiceClient: interceptAndQueuing:24180|cn.missevan|760|247|74979271441812|Slow handle traversal|18
06-21 15:53:53.631  5322  9959 W MiuiPerfServiceClient: interceptAndQueuing:24180|cn.missevan|112|79|74979479216031|Slow handle traversal|2
06-21 15:53:53.637 24180 24347 D BLASTBufferQueue: releaseBufferCallback ReleaseCallbackId: bufferId:103852309217285 framenumber:1
06-21 15:53:53.638 24180 24180 D DecorView[]: onWindowFocusChanged hasWindowFocus true
06-21 15:53:53.644 24180 24347 D BLASTBufferQueue: releaseBufferCallback ReleaseCallbackId: bufferId:103852309217287 framenumber:2
06-21 15:53:53.658  2423  5182 W InputManager-JNI: Input channel object 'aa736b0 cn.missevan/cn.missevan.activity.MainActivity (client)' was disposed without first being removed with the input manager!
06-21 15:53:53.696  2423  4028 D MiuiMultiWindowAdapter: MiuiMultiWindowAdapter::getFreeformIgnoreRequestOrientationList= [com.miui.player, com.sqw.setdl.mi, air.tv.douyu.android, com.youku.phone, com.tencent.gamehelper.smoba, com.taobao.litetao, com.live.shuoqiudi, com.baidu.homework, com.tencent.qqmusic, cn.xiaochuankeji.zuiyouLite, com.facebook.orca, com.android.browser, com.alibaba.android.rimet]
06-21 15:53:53.708 24180 24180 I HandWritingStubImpl: isKeyboardTypeChanged: false
06-21 15:53:53.708 24180 24180 I HandWritingStubImpl: isKeyboardTypeChanged: false
06-21 15:53:53.709 24180 24180 I HandWritingStubImpl: isKeyboardTypeChanged: false
06-21 15:53:53.710 24180 24180 I HandWritingStubImpl: isKeyboardTypeChanged: false
06-21 15:53:53.711 24180 24180 I HandWritingStubImpl: isKeyboardTypeChanged: false
06-21 15:53:53.711 24180 24180 I HandWritingStubImpl: isKeyboardTypeChanged: false
06-21 15:53:53.711 24180 24180 I HandWritingStubImpl: isKeyboardTypeChanged: false
06-21 15:53:53.712 24180 24180 I HandWritingStubImpl: isKeyboardTypeChanged: false
06-21 15:53:53.712 24180 24180 I HandWritingStubImpl: isKeyboardTypeChanged: false
06-21 15:53:53.714 24180 24180 I HandWritingStubImpl: isKeyboardTypeChanged: false
06-21 15:53:53.714 24180 24180 I HandWritingStubImpl: isKeyboardTypeChanged: false
06-21 15:53:53.714 24180 24180 I HandWritingStubImpl: isKeyboardTypeChanged: false
06-21 15:53:53.714 24180 24180 I HandWritingStubImpl: isKeyboardTypeChanged: false
06-21 15:53:53.714 24180 24180 I HandWritingStubImpl: isKeyboardTypeChanged: false
06-21 15:53:53.715 24180 24180 I HandWritingStubImpl: isKeyboardTypeChanged: false
06-21 15:53:53.717 24180 24180 I HandWritingStubImpl: isKeyboardTypeChanged: false
06-21 15:53:53.717 24180 24180 I HandWritingStubImpl: isKeyboardTypeChanged: false
06-21 15:53:53.717 24180 24180 I HandWritingStubImpl: isKeyboardTypeChanged: false
06-21 15:53:53.717 24180 24180 I HandWritingStubImpl: isKeyboardTypeChanged: false
06-21 15:53:53.718  1289  2256 I vendor.qti.hardware.display.composer-service: FrameNotifyProcess Sensor: notify citsensorservice to trigger cwb
06-21 15:53:53.718  2055 15083 I libcitsensorservice@2.0-impl: msg_transfer
06-21 15:53:53.718  2055  3319 D vendor.xiaomi.sensor.citsensorservice@2.0-service: handle id:11 wxh:1280x2400 uwxuh:1080x2400 size: 9216000 fd:15 fd_meta:16 flags:0x4000228 usage:0x33  format:0x3 layer_count: 1
06-21 15:53:53.719  1289  1864 I SDM     : HWCSession::SetCWBOutputBuffer: CWB config passed by cwb_client : tappoint 1  CWB_ROI : (829.000000 4.000000 915.000000 90.000000)
06-21 15:53:53.719 24180 24180 I HandWritingStubImpl: isKeyboardTypeChanged: false
06-21 15:53:53.719  1289 24793 I SDM     : HWCSession::ProcessRequests: Successfully configured CWB buffer.
06-21 15:53:53.728  1289 24793 I SDM     : HWCSession::ProcessRequests: Pushing release fence in fenece wait queue.
06-21 15:53:53.728  1289 24793 I SDM     : HWCSession::ProcessRequests: Creating AsyncFenceWaits async thread.
06-21 15:53:53.728  1289 24793 I SDM     : HWCSession::ProcessRequests: Remove current CWB request from the pending request queue.
06-21 15:53:53.728  1289 24793 I SDM     : HWCSession::ProcessRequests: No pending cwb requests found in the queue.
06-21 15:53:53.733 24180 24180 D IS_CTS_MODE: true
06-21 15:53:53.733 24180 24180 D MULTI_WINDOW_SWITCH_ENABLED: false
06-21 15:53:53.735  1289  1506 I SDM     : HWDeviceDRM::SetupConcurrentWriteback: Tear down the Concurrent Writeback topology
06-21 15:53:53.737 24503 24534 I van:pushservic: ProcessProfilingInfo new_methods=0 is saved saved_to_disk=0 resolve_classes_delay=8000
06-21 15:53:53.742  1289 24794 I SDM     : HWCSession::NotifyCWBStatus: Notify the client about buffer status 0.
06-21 15:53:53.742  1289 24794 I SDM     : HWCSession::PerformFenceWaits: Remove current release fence from the pending fence wait queue.
06-21 15:53:53.742  1289 24794 I SDM     : HWCSession::PerformFenceWaits: CWB fence queue is empty. No pending release fence to wait on.
06-21 15:53:53.759  2423  5182 W InputManager-JNI: Input channel object 'a0dd269 cn.missevan/cn.missevan.activity.MainActivity (client)' was disposed without first being removed with the input manager!
06-21 15:53:53.790 24180 24180 E UniAccount: 5.2.5AR02B0902 
06-21 15:53:53.791 24180 24768 E AuthSDK : getVendorList isUploadMode = false
06-21 15:53:53.809 24180 24180 V TextView: sendCursorInfo support:true
06-21 15:53:53.810  4746  4764 W Binder  : Caught a RuntimeException from the binder stub implementation.
06-21 15:53:53.810  4746  4764 W Binder  : java.lang.SecurityException: Permission denial
06-21 15:53:53.810  4746  4764 W Binder  : 	at com.xiaomi.mirror.MirrorAppService.enforceSignature(MirrorAppService.java:30)
06-21 15:53:53.810  4746  4764 W Binder  : 	at com.xiaomi.mirror.MirrorAppService.isWorking(MirrorAppService.java:35)
06-21 15:53:53.810  4746  4764 W Binder  : 	at com.xiaomi.mirror.MirrorAppService.notifyInputTypeAndPos(MirrorAppService.java:88)
06-21 15:53:53.810  4746  4764 W Binder  : 	at com.xiaomi.mirror.IMirrorAppService$Stub.onTransact(IMirrorAppService.java:135)
06-21 15:53:53.810  4746  4764 W Binder  : 	at android.os.Binder.execTransactInternal(Binder.java:1190)
06-21 15:53:53.810  4746  4764 W Binder  : 	at android.os.Binder.execTransact(Binder.java:1149)
06-21 15:53:53.814 24180 24180 D DecorView[MainActivity]: onWindowFocusChanged hasWindowFocus true
06-21 15:53:53.815 24180 24180 I HandWritingStubImpl: refreshLastKeyboardType: 1
06-21 15:53:53.816 24180 24180 I HandWritingStubImpl: getCurrentKeyboardType: 1
06-21 15:53:53.816 24117 24148 W ByMatcher: Node returned null child: android.view.accessibility.AccessibilityNodeInfo@c629a; boundsInParent: Rect(0, 0 - 332, 333); boundsInScreen: Rect(42, 536 - 374, 869); packageName: cn.missevan; className: android.widget.RelativeLayout; text: null; error: null; maxTextLength: -1; stateDescription: null; contentDescription: null; tooltipText: null; viewIdResName: cn.missevan:id/new_function_layout; checkable: false; checked: false; focusable: true; focused: false; selected: false; clickable: true; longClickable: false; contextClickable: false; enabled: true; password: false; scrollable: false; importantForAccessibility: true; visible: true; actions: [AccessibilityAction: ACTION_FOCUS - null, AccessibilityAction: ACTION_SELECT - null, AccessibilityAction: ACTION_CLEAR_SELECTION - null, AccessibilityAction: ACTION_CLICK - null, AccessibilityAction: ACTION_ACCESSIBILITY_FOCUS - null, AccessibilityAction: ACTION_SHOW_ON_SCREEN - null]
06-21 15:53:53.818 24117 24148 W ByMatcher: Skipping null child (1 of 3)
06-21 15:53:53.818 24180 24180 D CompatibilityChangeReporter: Compat change id reported: 163400105; UID 10499; state: DISABLED
06-21 15:53:53.818  7949  7949 E BaseInputMethodService: onFinishInput
06-21 15:53:53.819 24180 24180 I HandWritingStubImpl: isKeyboardTypeChanged: false
06-21 15:53:53.819  7949  7949 E BaseInputMethodService: onStartInput
06-21 15:53:53.825 24180 24180 I AssistStructure: Flattened final assist data: 13556 bytes, containing 1 windows, 120 views
06-21 15:53:53.826 24180 24180 I HandWritingStubImpl: isKeyboardTypeChanged: false
06-21 15:53:53.826 24180 24180 I HandWritingStubImpl: isKeyboardTypeChanged: false
06-21 15:53:53.828 24117 24148 W ByMatcher: Skipping null child (2 of 3)
06-21 15:53:53.834 24180 24180 I HandWritingStubImpl: isKeyboardTypeChanged: false
06-21 15:53:53.837 24117 24148 W ByMatcher: Node returned null child: android.view.accessibility.AccessibilityNodeInfo@2f898; boundsInParent: Rect(0, 0 - 1024, 1358); boundsInScreen: Rect(28, 525 - 1052, 1883); packageName: cn.missevan; className: android.widget.GridView; text: null; error: null; maxTextLength: -1; stateDescription: null; contentDescription: null; tooltipText: null; viewIdResName: cn.missevan:id/rv_profile_item; checkable: false; checked: false; focusable: true; focused: false; selected: false; clickable: false; longClickable: false; contextClickable: false; enabled: true; password: false; scrollable: false; importantForAccessibility: true; visible: true; actions: [AccessibilityAction: ACTION_FOCUS - null, AccessibilityAction: ACTION_SELECT - null, AccessibilityAction: ACTION_CLEAR_SELECTION - null, AccessibilityAction: ACTION_ACCESSIBILITY_FOCUS - null, AccessibilityAction: ACTION_SHOW_ON_SCREEN - null]
06-21 15:53:53.838 24117 24148 W ByMatcher: Skipping null child (1 of 12)
06-21 15:53:53.841 16352 16352 D SharedPrefs_TAG: requestSync:
06-21 15:53:53.843 24180 24180 I HandWritingStubImpl: isKeyboardTypeChanged: false
06-21 15:53:53.845  2423  4489 I AssistStructure: Flattened final assist data: 13164 bytes, containing 1 windows, 120 views
06-21 15:53:53.845 24117 24148 W ByMatcher: Skipping null child (2 of 12)
06-21 15:53:53.851 24180 24180 I HandWritingStubImpl: isKeyboardTypeChanged: false
06-21 15:53:53.854 24117 24148 W ByMatcher: Skipping null child (3 of 12)
06-21 15:53:53.859 24180 24180 I HandWritingStubImpl: isKeyboardTypeChanged: false
06-21 15:53:53.859  2055  3327 D libsensor-displayalgo: the value of  brightness:438.000000,R:42765535.208996,G:42997808.855228,B:43022815.386648,EVENT_C:6986.000000,EVENT_R:2713.000000,EVENT_G:3529.500000,EVENT_B:1410.500000
06-21 15:53:53.859  2055  3327 I libsensor-displayalgo: the value of  Coef1:1107.681000,Coef4:2.383000, scale1:0.935522, scale4:0.923264
06-21 15:53:53.859  2055  3327 E libsensor-displayalgo: RGB_test_0407_400_oldzy!
06-21 15:53:53.860  2055  3327 I libsensor-displayalgo: the value of  RESULT2081.163375,813.056637,1037.308340,370.166127
06-21 15:53:53.860  2055  3327 I libsensor-displayalgo: the value of  getChannelDataCalibrated2181.986185,753.047161,1205.667818,404.011418
06-21 15:53:53.860  2055  3327 I libsensor-displayalgo: the value of  REAL LUX289.119873
06-21 15:53:53.860  2055  3327 I libsensor-displayalgo: the value of  CAL REAL LUX289.119873
06-21 15:53:53.862 24117 24148 W ByMatcher: Skipping null child (4 of 12)
06-21 15:53:53.867 24180 24180 I HandWritingStubImpl: isKeyboardTypeChanged: false
06-21 15:53:53.870 24117 24148 W ByMatcher: Skipping null child (5 of 12)
06-21 15:53:53.872 16352 24795 D MiCloudSyncAdapterBase: check_sync_error_refactor
06-21 15:53:53.873 16352 24795 D MiCloudSyncAdapterBase: onPerformSync: ---sync start---
06-21 15:53:53.873 16352 24795 D MiCloudSyncAdapterBase: authority: miui.autofill, extras: Bundle[{ignore_settings=true, force=true, ignore_backoff=true}]
06-21 15:53:53.873 16352 24795 D SyncStatUtil: performSyncPhoneState:
06-21 15:53:53.876 24180 24180 I HandWritingStubImpl: isKeyboardTypeChanged: false
06-21 15:53:53.878 24117 24148 W ByMatcher: Skipping null child (6 of 12)
06-21 15:53:53.882 14099 14116 D OpenApiStatProvider: insert:
06-21 15:53:53.884 24180 24180 I HandWritingStubImpl: isKeyboardTypeChanged: false
06-21 15:53:53.886 24117 24148 W ByMatcher: Skipping null child (7 of 12)
06-21 15:53:53.888 14099 14116 D StatHelper: com.miui.cloudservice.stat.m::a@SourceFile:13, thread:41--eventName=category_single_sync_start_phone_state_key_single_sync_force, eventGroup=category_single_sync_start_phone_state, params={param_storage_low=value_negative, param_wifi=value_positive, param_screen_on=value_positive, param_battery_low=value_negative, param_battery_charging=value_positive}, tip=null
06-21 15:53:53.892 24180 24180 I HandWritingStubImpl: isKeyboardTypeChanged: false
06-21 15:53:53.895 24117 24148 W ByMatcher: Skipping null child (8 of 12)
06-21 15:53:53.897  6164  6320 D IdProviderImpl: getOAID from com.miui.analytics
06-21 15:53:53.900 24180 24180 I HandWritingStubImpl: isKeyboardTypeChanged: false
06-21 15:53:53.909 24180 24180 I HandWritingStubImpl: isKeyboardTypeChanged: false
06-21 15:53:53.915 16352 24795 I SyncLogSender: Create sync log sender: file.
06-21 15:53:53.917 24180 24180 I HandWritingStubImpl: isKeyboardTypeChanged: false
06-21 15:53:53.917 14131 14178 I [miui.autofill,16352]:SyncLog[miui.autofill]: Start Sync:{authority:miui.autofill, start:2023-06-21 15:53:53, extras:{micloud_force=false,force=true,ignore_backoff=true,upload=false}}
06-21 15:53:53.918 14131 14178 I [miui.autofill,16352]:SyncLog[miui.autofill]: Before Sync: SyncDataInfo[miui.autofill]  {synced count:null, unsynced count:null, unsynced secret count:null, unsynced wifi only count:null}
06-21 15:53:53.919 16352 24795 E MiCloudSyncAdapterBase: onPerformSync: sync switch off. do not sync!!
06-21 15:53:53.919 24117 24148 W ByMatcher: Skipping null child (9 of 12)
06-21 15:53:53.919 14131 14178 I [miui.autofill,16352]:SyncLog[miui.autofill]: After Sync: SyncDataInfo[miui.autofill]  {synced count:null, unsynced count:null, unsynced secret count:null, unsynced wifi only count:null}
06-21 15:53:53.920 14131 14178 I [miui.autofill,16352]:SyncLog[miui.autofill]: Error:{authority:miui.autofill, start:2023-06-21 15:53:53, end:2023-06-21 15:53:53, delta:0, error:switch_off}
06-21 15:53:53.921 16352 24795 D SyncStatUtil: performSyncTimeStat:
06-21 15:53:53.922 14099 14116 D OpenApiStatProvider: insert:
06-21 15:53:53.924 14099 14116 D StatHelper: com.miui.cloudservice.stat.m::a@SourceFile:13, thread:41--eventName=category_single_sync_result_key_sync_error_time_consume, eventGroup=category_single_sync_result, params={time_start=15, time_end=15, time_consume=47}, tip=null
06-21 15:53:53.925 24180 24180 I HandWritingStubImpl: isKeyboardTypeChanged: false
06-21 15:53:53.927 16352 24795 D SyncStatUtil: performSyncResultStat:
06-21 15:53:53.928 14099 14116 D OpenApiStatProvider: insert:
06-21 15:53:53.929  6164  6320 D IdProviderImpl: getOAID from com.miui.analytics
06-21 15:53:53.930 24117 24148 W ByMatcher: Skipping null child (10 of 12)
06-21 15:53:53.931 14099 14116 D StatHelper: com.miui.cloudservice.stat.m::a@SourceFile:13, thread:41--eventName=category_single_sync_result_key_single_sync_force, eventGroup=category_single_sync_result, params={param_authority=miui.autofill, param_ignore_wifi_settings=value_negative, param_is_successful=value_negative, param_sync_reason=switch_off, param_unsynced_count_after_sync=-2, param_ignore_battery_low=value_negative, param_unsynced_count_before_sync=-2}, tip=null
06-21 15:53:53.933 16352 24795 D SyncStatUtil: performSyncPhoneState:
06-21 15:53:53.933 24180 24180 I HandWritingStubImpl: isKeyboardTypeChanged: false
06-21 15:53:53.934 14099 14116 D OpenApiStatProvider: insert:
06-21 15:53:53.935  6164  6320 D IdProviderImpl: getOAID from com.miui.analytics
06-21 15:53:53.935 24117 24148 W ByMatcher: Skipping null child (11 of 12)
06-21 15:53:53.940 14099 14116 D StatHelper: com.miui.cloudservice.stat.m::a@SourceFile:13, thread:41--eventName=category_single_sync_end_phone_state_key_single_sync_force, eventGroup=category_single_sync_end_phone_state, params={param_storage_low=value_negative, param_wifi=value_positive, param_screen_on=value_positive, param_battery_low=value_negative, param_battery_charging=value_positive}, tip=null
06-21 15:53:53.942 24180 24180 I HandWritingStubImpl: isKeyboardTypeChanged: false
06-21 15:53:53.942 16352 24795 D SyncContentUtils: recordSyncResult: authority: miui.autofill, code: -1
06-21 15:53:53.943 24117 24148 W ByMatcher: Node returned null child: android.view.accessibility.AccessibilityNodeInfo@dfc9; boundsInParent: Rect(0, 0 - 1080, 2356); boundsInScreen: Rect(0, 0 - 1080, 2356); packageName: cn.missevan; className: android.widget.FrameLayout; text: null; error: null; maxTextLength: -1; stateDescription: null; contentDescription: null; tooltipText: null; viewIdResName: cn.missevan:id/fl_container; checkable: false; checked: false; focusable: true; focused: false; selected: false; clickable: true; longClickable: false; contextClickable: false; enabled: true; password: false; scrollable: false; importantForAccessibility: true; visible: true; actions: [AccessibilityAction: ACTION_FOCUS - null, AccessibilityAction: ACTION_SELECT - null, AccessibilityAction: ACTION_CLEAR_SELECTION - null, AccessibilityAction: ACTION_CLICK - null, AccessibilityAction: ACTION_ACCESSIBILITY_FOCUS - null, AccessibilityAction: ACTION_SHOW_ON_SCREEN - null]
06-21 15:53:53.943 24117 24148 W ByMatcher: Skipping null child (1 of 3)
06-21 15:53:53.946  6164  6320 D IdProviderImpl: getOAID from com.miui.analytics
06-21 15:53:53.946 14099 14116 D MiCloudProvider: update sync result
06-21 15:53:53.950 24180 24180 I HandWritingStubImpl: isKeyboardTypeChanged: false
06-21 15:53:53.952 24117 24148 W ByMatcher: Skipping null child (2 of 3)
06-21 15:53:53.958 24180 24180 I HandWritingStubImpl: isKeyboardTypeChanged: false
06-21 15:53:53.960  2423  3813 W SyncManager: failed sync operation JobId=100023 ***/com.xiaomi u0 [miui.autofill] USER ExpectedIn=0s STANDBY-EXEMPTED(TOP) Reason=1000, SyncResult: stats [ numConflictDetectedExceptions: 1] miSyncResult:  resultMessageswitch_off
06-21 15:53:53.960  2423  3813 E SyncManager: not retrying sync operation because the error is a hard error: JobId=100023 ***/com.xiaomi u0 [miui.autofill] USER ExpectedIn=0s STANDBY-EXEMPTED(TOP) Reason=1000 Retries=1
06-21 15:53:53.966 24180 24180 I HandWritingStubImpl: isKeyboardTypeChanged: false
06-21 15:53:53.974 24180 24180 I HandWritingStubImpl: isKeyboardTypeChanged: false
06-21 15:53:53.983 24180 24180 I HandWritingStubImpl: isKeyboardTypeChanged: false
