11-16 16:47:47.199 27356 27392 D mali_winsys: EGLint new_window_surface(egl_winsys_display *, void *, EGLSurface, EGLConfig, egl_winsys_surface **, EGLBoolean) returns 0x3000
11-16 16:47:47.202  2010  2621 D StatusBarManagerService: win:Window{13f8fad u0 SnapshotStartingWindow for taskId=127}mIsColorEnable:truelight:true
11-16 16:47:47.202  2010  2621 I StatusBarDisable: setFlags what=0 which=1 pkg=Window{13f8fad u0 SnapshotStartingWindow for taskId=127}
11-16 16:47:47.202  4088  6833 I HwCommandQueue: updateBarBgColor
11-16 16:47:47.202  4088  6833 D HwCommandQueue: CommandQueue, setBarBackgroundColor
11-16 16:47:47.203  4088  4773 D HwCommandQueue: CommandQueue, set Launcher StatusBar Color
11-16 16:47:47.207  2010  5176 I HwAudioService: now type = 28,reportForegroundAppType = 7systemload = 28VOIP_OPTIMIZE_IN_GAMEMODEfalse
11-16 16:47:47.208  2010  4177 V BroadcastQueue: Finished with ordered broadcast BroadcastRecord{13d61c3 u0 android.intent.action.INPUT_METHOD_CHANGED}
11-16 16:47:47.208  2010  2647 D ActivityManager: setPrivilegeType r: ServiceRecord{1033c09 u0 com.baidu.input_huawei/.ImeService}, interfaceDescriptor : com.android.internal.view.IInputMethod
11-16 16:47:47.208  2010  3879 I chatty  : uid=1000(system) WifiService expire 37 lines
11-16 16:47:47.209  2010  4177 I ActivityManager: App 10037/com.huawei.recsys targets O+, restricted
11-16 16:47:47.210  4667  4954 D DollieActivityManagerAdapter: [Resumed] bg:true pid:27356 uid:10231 ComponentInfo{cn.missevan/cn.missevan.activity.MainActivity}
11-16 16:47:47.210  4667  4954 E DollieAdapterService: notifyActivityState pkg:cn.missevan/cn.missevan.activity.MainActivity state:2 fg:true mUid:10231
11-16 16:47:47.210 16294 16294 I chatty  : uid=10037(com.huawei.recsys) expire 14 lines
11-16 16:47:47.211 16294 16424 I chatty  : uid=10037(com.huawei.recsys) pool-1-thread-6 expire 13 lines
11-16 16:47:47.211  4667  6426 I Hicom_Monitor: mActivityNotifierEx, className = cn.missevan.activity.MainActivity, uid = 10231
11-16 16:47:47.211  6950 16495 I CAWARENESS_AppUsageManager: onEvent, packageName=cn.missevan, activityName=cn.missevan.activity.MainActivity
11-16 16:47:47.211  4667  6426 I Hicom_MessageServ: sendMessageInternal: MESSAGE_FOREGROUND_ACTIVITY_CHANGED
11-16 16:47:47.212  4667  5324 I Hicom_MessageServ: handleMessage: MESSAGE_FOREGROUND_ACTIVITY_CHANGED, distributing for + 3 handlers
11-16 16:47:47.212  2010  5176 I HwNetworkPolicy: onTransact, code = 203
11-16 16:47:47.212  4439  5343 I HwNetworkPolicyManager: getHwUidPolicy uid = 10231 policy = 0
11-16 16:47:47.213  2010  4177 V BroadcastQueue: Finished with ordered broadcast BroadcastRecord{13d610d u0 com.huawei.recsys.awareness.listening}
11-16 16:47:47.213  2010  4177 I ActivityManager: App 10037/com.huawei.recsys targets O+, restricted
11-16 16:47:47.213  6950 16495 I CAWARENESS_AbilityContext: [1668588471890] publishing {dataId=100000006, mode=0}
11-16 16:47:47.214  6950 16495 I CAWARENESS_AbilityContext: [1668588471890] deliver {dataId=100000006, mode=0} to 8 receivers
11-16 16:47:47.214  6950 16495 I CAWARENESS_AbilityContext: [1668588471892] publishing {dataId=100000007, mode=0}
11-16 16:47:47.214  6950 16495 I CAWARENESS_AbilityContext: [1668588471892] deliver {dataId=100000007, mode=0} to 2 receivers
11-16 16:47:47.214  6950 28235 I CAWARENESS_RecentAppChangeFence: lastReportPackage is com.android.settings, packageName is cn.missevan
11-16 16:47:47.214  6950 28235 I CAWARENESS_FenceTrigger: fence trigger mode is 2
11-16 16:47:47.214  6950 28235 I CAWARENESS_FenceTrigger: trigger with PendingIntent, RecentAppChangeFence[filterNoIconApp=true]@c1447ae, CallerInfo [packageName=com.huawei.recsys, nameForUid=com.huawei.recsys]
11-16 16:47:47.215  6950 28236 I CAWARENESS_FenceTrigger: fence trigger mode is 2
11-16 16:47:47.215  6950 28236 I CAWARENESS_FenceTrigger: trigger with PendingIntent, AppLifecycleFence[action=exit, isWhiteList=false, packageList=]@f2e4f92, CallerInfo [packageName=com.huawei.recsys, nameForUid=com.huawei.recsys]
11-16 16:47:47.215  2010  6398 I ActivityManager: sendIntentSender target:PendingIntentRecord{100a209 com.huawei.recsys broadcastIntent}, intent:hwFlg=0x10
11-16 16:47:47.215  6950 28239 I CAWARENESS_FenceTrigger: fence trigger mode is 2
11-16 16:47:47.215  2010  5443 I ActivityManager: sendIntentSender target:PendingIntentRecord{10eeef9 com.huawei.recsys broadcastIntent}, intent:hwFlg=0x10
11-16 16:47:47.215  6950 28239 I CAWARENESS_FenceTrigger: trigger with PendingIntent, AppLifecycleFence[action=enter, isWhiteList=false, packageList=]@b5dd2de, CallerInfo [packageName=com.huawei.recsys, nameForUid=com.huawei.recsys]
11-16 16:47:47.215  4667  4954 E BoosterUtil: convertSubIdToSlotId failed, subId:0, slotId:-1
11-16 16:47:47.215  4667  4954 E BoosterUtil: getDefaultDataSlotId failed, invalid slotId:-1, subId:0
11-16 16:47:47.215   750   750 E hwvibrator@1.1-service: GetHapticsPara haptic.grade.value
11-16 16:47:47.215   750   750 I hwvibrator@1.1-service: GetHapticsPara: parse cmd error
11-16 16:47:47.215  4667  6060 D LteRecoveryEngine: UnRecoverState processMessage UPDATE_FOREGRAND_UID_VALUE
11-16 16:47:47.215  4667  6060 D LteRecoveryEngine: onForegroundAppChange uid:10231
11-16 16:47:47.215  4667  6060 D LteRecoveryEngine: setGameRttExperience:1
11-16 16:47:47.215 28292 28292 V AudioManager: getStreamMaxVolume  treamType: 2
11-16 16:47:47.216  2010  5176 I ActivityManager: sendIntentSender target:PendingIntentRecord{1401c2d com.huawei.recsys broadcastIntent}, intent:hwFlg=0x10
11-16 16:47:47.216 16294 16483 I chatty  : uid=10037(com.huawei.recsys) pool-1-thread-8 expire 8 lines
11-16 16:47:47.219 28292 28292 D InputEventReceiver: dispatchInputInterval 1000000
11-16 16:47:47.219   750   750 E hwvibrator@1.1-service: GetHapticsPara subVibratorInfoOnChip
11-16 16:47:47.219   750   750 E hwvibrator@1.1-service: GetSubVibratorInfoOnChip
11-16 16:47:47.222 28292 28390 I StubController: system app validUid:10074, isFriend:true
11-16 16:47:47.222  9372  9372 W InputMethodManager: startInputReason = 5
11-16 16:47:47.224  6950 28235 I CAWARENESS_FenceTrigger: fenceName recent_app_change_fence pid 6756 uid 10037
11-16 16:47:47.224  6950 28235 I CAWARENESS_CacheReportDataService: insertData
11-16 16:47:47.224  6950 28239 I CAWARENESS_FenceTrigger: fenceName app_lifecycle_fence pid 6756 uid 10037
11-16 16:47:47.225  6950 28239 I CAWARENESS_CacheReportDataService: insertData
11-16 16:47:47.225  6950 28239 W CAWARENESS_ThreadPool: thread pool CacheReportDataService(1) is busy 1/2
11-16 16:47:47.225  2010  4177 V BroadcastQueue: Finished with ordered broadcast BroadcastRecord{13d6009 u0 com.huawei.recsys.awareness.listening}
11-16 16:47:47.225  6950 28236 I CAWARENESS_FenceTrigger: fenceName app_lifecycle_fence pid 6756 uid 10037
11-16 16:47:47.225  6950 28236 I CAWARENESS_CacheReportDataService: insertData
11-16 16:47:47.225  6950 28236 W CAWARENESS_ThreadPool: thread pool CacheReportDataService(1) is busy 2/3
11-16 16:47:47.225  4667  4954 I UidCloseNrStateMachine: setConfigValue, appConfig is AppConfig packageName:None mPeriodM:5 mPeriodN:3 mThresholdX:32000 mThresholdY:56000 mTimerA:30 mTimerB:30 mCloseNrCount:7 mLteQoeTimerA:10 mLteQoeCloseNrCnt:4 mLteQoeOpenNrCnt:4
11-16 16:47:47.225  4667  4954 I UidCloseNrStateMachine: UID hot switch, uid:10231, pkgName:cn.missevan
11-16 16:47:47.225  4667  4954 I ConnCureStateMonitor: handleMessage: msg[2]
11-16 16:47:47.225  2010  4177 I ActivityManager: App 10037/com.huawei.recsys targets O+, restricted
11-16 16:47:47.225  4667  4954 I HwPacketFilterBypass: handleActivityUidStateChanged uid:10231 -1 foreground:1
11-16 16:47:47.225  4667  4954 I OllieMsgCenter: publishEvt=2135097351
11-16 16:47:47.225  4667  4954 I NetworkQoeChr: checkForegroundApp timer end
11-16 16:47:47.225  4667  4954 E Booster_NetworkQoe: [checkModemParaCollecEnable]sendModemParaCollecEnable invalid defaultDataSlotId=-1
11-16 16:47:47.226 16294 16418 I chatty  : uid=10037(com.huawei.recsys) pool-1-thread-2 expire 12 lines
11-16 16:47:47.227  6950 28235 I CAWARENESS_AwarenessSQLiteDatabase: insert recId is 38379
11-16 16:47:47.228  6950 28235 I CAWARENESS_CacheReportDataService: Current count 113
11-16 16:47:47.228  6950 28235 I CAWARENESS_AwarenessSQLiteDatabase: insert recId is 38380
11-16 16:47:47.228  6950 28235 I CAWARENESS_CacheReportDataService: Current count 114
11-16 16:47:47.230  6950 28235 I CAWARENESS_AwarenessSQLiteDatabase: insert recId is 38381
11-16 16:47:47.231  2010  2747 V BroadcastQueue: Finished with ordered broadcast BroadcastRecord{13d608b u0 com.huawei.recsys.awareness.listening}
11-16 16:47:47.231  2010  2747 I ActivityManager: App 10037/com.huawei.recsys targets O+, restricted
11-16 16:47:47.231  6950 28235 I CAWARENESS_CacheReportDataService: Current count 115
11-16 16:47:47.233 27356 27356 I HwViewRootImpl: removeInvalidNode all the node in jank list is out of time
11-16 16:47:47.234 27356 27356 D DecorView: showOrHideHighlightView: hasFocus=true; winMode=1; isMrgNull=true
11-16 16:47:47.234 16294 16422 I chatty  : uid=10037(com.huawei.recsys) pool-1-thread-4 expire 7 lines
11-16 16:47:47.234 27356 27356 W InputMethodManager: startInputReason = 1
11-16 16:47:47.235 27356 27356 W HwRemoteInputMethodManager: isCasting false because IHwDistributedWindowManager is invalid.
11-16 16:47:47.235  2010  5176 I chatty  : uid=1000(system) Binder:2010_10 expire 7 lines
11-16 16:47:47.236  4667  4954 D AppDynamicRtt: getAppRttSlowThreshold rtt sample not enought, uid:10231, sample:2478
11-16 16:47:47.236  4667  4954 I OllieMsgCenter: publishEvt=2130771969
11-16 16:47:47.236  4667  4954 I OllieMsgCenter: publishEvt=2130771985
11-16 16:47:47.236  2010  4177 I chatty  : uid=1000(system) Binder:2010_6 expire 1 line
11-16 16:47:47.236  4667  5956 I Collector: HandleRawWifiInfo: flag:0, netId:0!
11-16 16:47:47.236  4667  5956 I Collector: HandleRawWifiInfo: flag:0, netId:0!
11-16 16:47:47.237  4667  4954 E Booster_BroadcastProxy: [isDataOn]isDataOn failed, invalid slotId=-1
11-16 16:47:47.237  4667  4954 I SpeedTestNotifier: Speed test app is back Activity
11-16 16:47:47.238 16294 16416 I chatty  : uid=10037(com.huawei.recsys) pool-1-thread-1 expire 1 line
11-16 16:47:47.238  2010  5176 D HwInputMethodManagerService: isSecMethodUsing = false
11-16 16:47:47.239  2010  2747 V BroadcastQueue: Finished with ordered broadcast BroadcastRecord{13d615b u0 com.huawei.recsys.awareness.listening}
11-16 16:47:47.239  2010  2747 I ActivityManager: App 10037/com.huawei.recsys targets O+, restricted
11-16 16:47:47.240   681 15256 I netd    : trafficSwapActiveStatsMap() <0.45ms>
11-16 16:47:47.240  2010  2624 I WindowManager: removeIfPossible: Window{13f8fad u0 SnapshotStartingWindow for taskId=127} callers=com.android.server.wm.WindowState.removeIfPossible:5163788 com.android.server.wm.WindowManagerService.removeWindow:4766012 com.android.server.wm.TaskSnapshotSurface.remove:2656616 com.android.server.wm.AppWindowToken.lambda$removeStartingWindow$3$AppWindowToken:11028932 android.os.Handler.handleCallback:6136616
11-16 16:47:47.240  4667  4954 I SmartDualCardConfig: getAppType,pkgName=cn.missevan,appType=7
11-16 16:47:47.240  4667  4954 E SmartDualCardConfig: isAppInBlackList false,items==null
11-16 16:47:47.240  4667  4954 I BoosterProps: isCloudPropEnable, propName is:hw_sc.tx_power_ctrl, propValue is:false, default value is:false
11-16 16:47:47.240  4667  4954 I PowerMsgAdapter: UID hot switch, uid:10231, pkgName:cn.missevan
11-16 16:47:47.240  4667  4954 D ForegroundDataOpt: is APK changed:true uid:10231 mBgLimitLevel:0
11-16 16:47:47.241  4667  4954 E Booster_MatterAppRecommend: [isMatterPackage]invalid mMatterPackagesConfig
11-16 16:47:47.241  4667  4954 I OllieMsgCenter: publishEvt=2134966274
11-16 16:47:47.241  4667  4954 I OllieMsgCenter: publishEvt=2135097350
11-16 16:47:47.241  2010  2624 I WindowManager: Not removing Window{13f8fad u0 SnapshotStartingWindow for taskId=127 EXITING} due to exit animation
11-16 16:47:47.241  4667  4954 I ForegroundDataOpt: mCurUid changed to 10231
11-16 16:47:47.242  4667  4954 E BoosterUtil: convertSubIdToSlotId failed, subId:0, slotId:-1
11-16 16:47:47.242  4667  4954 E BoosterUtil: getDefaultDataSlotId failed, invalid slotId:-1, subId:0
11-16 16:47:47.242  4667  4954 D DsduChr : uid=10231, isTrafficFree=false, isUsingFreeTraffic=false
11-16 16:47:47.242  4667  4954 I BoosterProps: isCloudPropEnable, propName is:hw_sc.sa_4r_2r_handover, propValue is:true, default value is:false
11-16 16:47:47.242  4667  4954 I Power2r4rHandover: 4rTo2rCondition, usbStatus = true, foreGrountApp = cn.missevan, 4rTo2rCtrlRule = 1, is4rTo2rCheck = false, batteryMode = 1, mIs4r2rHandover = false
11-16 16:47:47.242   681 15256 I netd    : trafficSwapActiveStatsMap() <0.12ms>
11-16 16:47:47.247  2010  5443 V ActivityTaskManager: Activity idle: Token{105a636 ActivityRecord{e355c2 u0 cn.missevan/.activity.MainActivity t127}}
11-16 16:47:47.247 28292 28292 I ring_expand: floatImeState : false
11-16 16:47:47.247 28292 28292 I ring_expand: isLeftrightSplit : false
11-16 16:47:47.247 28292 28292 I ring_expand: is_compress : false
11-16 16:47:47.247 28292 28292 I ring_expand: final Global.screenW = 1176
11-16 16:47:47.247 28292 28292 I HuaweiIME: SysInfo.getSysParam: orientation=1||config d=3.0,w=1176,h=2328||metrics d=3.0,w=1176,h=2328||sdk=29,bar_h=72||appScale=3.3,sysScale=3.0||isMultiWin=false,isPadMode=false, boardw=1176, boardH=0, candH=0, boardL=0, boardR=0, ver=8.2.39.394, realW=1176, realH=2400, isInLargeWinMode=false, displayId=0, cuid=4C0287-GCECEG-98C264-297267-0814C4-7B
11-16 16:47:47.249  2010  5443 V ActivityTaskManager: Stopping ActivityRecord{1367cc6 u0 com.huawei.android.launcher/.unihome.UniHomeLauncher t1}: nowVisible=false animating=true finishing=false
11-16 16:47:47.249  2010  2653 I PowerManagerService: handleSandman: wakefulness: 1,startDreaming: false
11-16 16:47:47.252 28292 28292 I HuaweiIME: isPortrait-adjustOffset-r: 5
11-16 16:47:47.253  4297  4981 I ScenarioService: refresh visibleApp:[cn.missevan]
11-16 16:47:47.253  4297  4981 I PGServer: report state:14 event type:1 pid:-1 uid:-1 pkg:cn.missevan to pid: 4297
11-16 16:47:47.253  4297  4981 I ApsAppsTypeHandler: APS: APK: ApsAppsTypeHandler.getInstance, sInstance = com.huawei.android.hwaps.o@544e24c
11-16 16:47:47.253  4297  4981 I PF_API_JNI: ACCKIT_APS_NotifyInfo 3: cn.missevan
11-16 16:47:47.253   766   766 D ACCKIT_ : pack:"cn.missevan"
11-16 16:47:47.254 28292 28292 I HuaweiIME:  isNight : false
11-16 16:47:47.254  4297  5325 I PG_ash  : com.huawei.android.launcher become invisible
11-16 16:47:47.255  9372 18664 I HwLauncher: LocalTaskList loadTasksInBackground:3 numTasks:3 currentUserId:0
11-16 16:47:47.256  2010  2747 V BroadcastQueue: Finished with ordered broadcast BroadcastRecord{14066f3 u0 com.huawei.recsys.awareness.listening}
11-16 16:47:47.256  5992  6023 D ZrHung.AppEyeUiProbe: not watching, wait.
11-16 16:47:47.257 28292 28292 W InputAttributes: No editor info for this field. Bug?
11-16 16:47:47.275 28292 28386 I ImeNamedRunnable: Thread pool-6-thread-1, Runnable named igsm::onStartInput, use time 9ms
11-16 16:47:47.276 28292 28292 I KeymapLoader: releaseModIconImg() called
11-16 16:47:47.276 28292 28292 V AudioManager: getStreamMaxVolume  treamType: 2
11-16 16:47:47.277 28292 28292 I KeymapLoader: initMapScale: appScale=3.3 selfScale=3.3 tmpScale=0.0
11-16 16:47:47.278 28292 28292 D HwGalleryCacheManagerImpl: mIsEffect:false
11-16 16:47:47.278  1032  1688 E DE N ABT: mergeProcessorOperatingNormal:1523: COMPONENT_GMP already has data, can't add new data with MODE_COLOR_ENHANCE, mode:MODE_BROWSER|MODE_COLOR_ENHANCE|0x900->MODE_BROWSER|MODE_COLOR_ENHANCE|0x900
11-16 16:47:47.278  1032  1688 E DE N ABT: mergeProcessorOperatingNormal:1523: COMPONENT_GMP already has data, can't add new data with MODE_EYE_PROTECT, mode:MODE_BROWSER|MODE_COLOR_ENHANCE|MODE_EYE_PROTECT|0x900->MODE_BROWSER|MODE_COLOR_ENHANCE|MODE_EYE_PROTECT|0x900
11-16 16:47:47.278  1032  1688 E DE N ABT: mergeProcessorOperatingNormal:1523: COMPONENT_GMP already has data, can't add new data with MODE_COLOR_ENHANCE, mode:MODE_BROWSER|MODE_COLOR_ENHANCE|0x900->MODE_BROWSER|MODE_COLOR_ENHANCE|0x900
11-16 16:47:47.278  1032  1688 E DE N ABT: mergeProcessorOperatingNormal:1523: COMPONENT_GMP already has data, can't add new data with MODE_EYE_PROTECT, mode:MODE_BROWSER|MODE_COLOR_ENHANCE|MODE_EYE_PROTECT|0x900->MODE_BROWSER|MODE_COLOR_ENHANCE|MODE_EYE_PROTECT|0x900
11-16 16:47:47.278   744   744 E hisi_effect: getSupported:278: Unsupported display effect feature!!
11-16 16:47:47.279   744  1423 I hisi_effect: SetEffectInfo:367: modules=20 dispPanelId=0
11-16 16:47:47.281 28292 28292 I KeymapLoader: releaseModIconImg() called
11-16 16:47:47.283 28292 28292 I HuaweiIME: RootCssLoader.<init>: Global.portrait true, res orientation 1
11-16 16:47:47.296   744  1423 I hisi_effect: SetEffectInfo:367: modules=20 dispPanelId=0
11-16 16:47:47.346  2010  2624 I WindowManager: Exit animation finished in Window{13f8fad u0 SnapshotStartingWindow for taskId=127 EXITING}: remove=true
11-16 16:47:47.346  2010  2624 E WindowManager: win=Window{13f8fad u0 SnapshotStartingWindow for taskId=127 EXITING} destroySurfaces: appStopped=false win.mWindowRemovalAllowed=true win.mRemoveOnExit=true
11-16 16:47:47.347  2010  2624 I WindowManager: postWindowRemoveCleanupLocked: Window{13f8fad u0 SnapshotStartingWindow for taskId=127}
11-16 16:47:47.347  2010  2624 I WindowManager: Removing Window{13f8fad u0 SnapshotStartingWindow for taskId=127} from AppWindowToken{13a90b1 token=Token{105a636 ActivityRecord{e355c2 u0 cn.missevan/.activity.MainActivity t127}}}
11-16 16:47:47.346   744  1423 I chatty  : uid=1000(system) displayengine@1 identical 14 lines
11-16 16:47:47.363   744  1423 I hisi_effect: SetEffectInfo:367: modules=20 dispPanelId=0
11-16 16:47:47.372 28292 28292 W System.err: java.io.FileNotFoundException: 1080/port/up_char/palette.json: open failed: ENOENT (No such file or directory)
11-16 16:47:47.373 28292 28292 W System.err: 	at libcore.io.IoBridge.open(IoBridge.java:496)
11-16 16:47:47.373 28292 28292 W System.err: 	at java.io.FileInputStream.<init>(FileInputStream.java:159)
11-16 16:47:47.373 28292 28292 W System.err: 	at java.io.FileInputStream.<init>(FileInputStream.java:115)
11-16 16:47:47.373 28292 28292 W System.err: 	at java.io.FileReader.<init>(FileReader.java:58)
11-16 16:47:47.373 28292 28292 W System.err: 	at com.baidu.buw.init(Proguard:60)
11-16 16:47:47.373 28292 28292 W System.err: 	at com.baidu.buw.<init>(Proguard:49)
11-16 16:47:47.373 28292 28292 W System.err: 	at com.baidu.bur.aCW(Proguard:741)
11-16 16:47:47.373 28292 28292 W System.err: 	at com.baidu.bur.a(Proguard:3614)
11-16 16:47:47.373 28292 28292 W System.err: 	at com.baidu.bur.aDr(Proguard:3581)
11-16 16:47:47.373 28292 28292 W System.err: 	at com.baidu.bur.bk(Proguard:3823)
11-16 16:47:47.373 28292 28292 W System.err: 	at com.baidu.bur.aZ(Proguard:639)
11-16 16:47:47.373 28292 28292 W System.err: 	at com.baidu.bur.ba(Proguard:665)
11-16 16:47:47.373 28292 28292 W System.err: 	at com.baidu.input.initial.module.ImeKeyboardModule.loadFullSkin(Proguard:722)
11-16 16:47:47.373 28292 28292 W System.err: 	at com.baidu.input.initial.module.ImeKeyboardModule.loadSkin(Proguard:604)
11-16 16:47:47.373 28292 28292 W System.err: 	at com.baidu.input.initial.module.ImeKeyboardModule.loadSkin_aroundBody0(Proguard:162)
11-16 16:47:47.373 28292 28292 W System.err: 	at com.baidu.csv.run(Proguard:1)
11-16 16:47:47.373 28292 28292 W System.err: 	at com.baidu.gcg.cFN(Proguard:149)
11-16 16:47:47.373 28292 28292 W System.err: 	at com.baidu.czr.a(Proguard:13)
11-16 16:47:47.373 28292 28292 W System.err: 	at com.baidu.czu.i(Proguard:1)
11-16 16:47:47.373 28292 28292 W System.err: 	at com.baidu.czu.g(Proguard:85)
11-16 16:47:47.373 28292 28292 W System.err: 	at com.baidu.input.initial.module.ImeKeyboardModule.onStartInput(Proguard:162)
11-16 16:47:47.373 28292 28292 W System.err: 	at com.baidu.input.modular.ObservableImeService.onStartInputModule(Proguard:77)
11-16 16:47:47.373 28292 28292 W System.err: 	at com.baidu.input_huawei.ImeService.a(Proguard:1280)
11-16 16:47:47.373 28292 28292 W System.err: 	at com.baidu.dyj.run(Proguard:1)
11-16 16:47:47.374 28292 28292 W System.err: 	at com.baidu.gcg.cFN(Proguard:149)
11-16 16:47:47.374 28292 28292 W System.err: 	at com.baidu.czr.a(Proguard:13)
11-16 16:47:47.374 28292 28292 W System.err: 	at com.baidu.czu.i(Proguard:1)
11-16 16:47:47.374 28292 28292 W System.err: 	at com.baidu.czu.e(Proguard:27)
11-16 16:47:47.374 28292 28292 W System.err: 	at com.baidu.input_huawei.ImeService.onStartInput(Proguard:1274)
11-16 16:47:47.374 28292 28292 W System.err: 	at android.inputmethodservice.InputMethodService.doStartInput(InputMethodService.java:2408)
11-16 16:47:47.374 28292 28292 W System.err: 	at android.inputmethodservice.InputMethodService$InputMethodImpl.startInput(InputMethodService.java:697)
11-16 16:47:47.374 28292 28292 W System.err: 	at android.inputmethodservice.InputMethodService$InputMethodImpl.dispatchStartInputWithToken(InputMethodService.java:731)
11-16 16:47:47.374 28292 28292 W System.err: 	at android.inputmethodservice.IInputMethodWrapper.executeMessage(IInputMethodWrapper.java:194)
11-16 16:47:47.374 28292 28292 W System.err: 	at com.android.internal.os.HandlerCaller$MyHandler.handleMessage(HandlerCaller.java:44)
11-16 16:47:47.374 28292 28292 W System.err: 	at android.os.Handler.dispatchMessage(Handler.java:110)
11-16 16:47:47.374 28292 28292 W System.err: 	at android.os.Looper.loop(Looper.java:219)
11-16 16:47:47.374 28292 28292 W System.err: 	at android.app.ActivityThread.main(ActivityThread.java:8668)
11-16 16:47:47.374 28292 28292 W System.err: 	at java.lang.reflect.Method.invoke(Native Method)
11-16 16:47:47.374 28292 28292 W System.err: 	at com.android.internal.os.RuntimeInit$MethodAndArgsCaller.run(RuntimeInit.java:513)
11-16 16:47:47.374 28292 28292 W System.err: 	at com.android.internal.os.ZygoteInit.main(ZygoteInit.java:1109)
11-16 16:47:47.374 28292 28292 W System.err: Caused by: android.system.ErrnoException: open failed: ENOENT (No such file or directory)
11-16 16:47:47.374 28292 28292 W System.err: 	at libcore.io.Linux.open(Native Method)
11-16 16:47:47.374 28292 28292 W System.err: 	at libcore.io.ForwardingOs.open(ForwardingOs.java:167)
11-16 16:47:47.374 28292 28292 W System.err: 	at libcore.io.BlockGuardOs.open(BlockGuardOs.java:252)
11-16 16:47:47.374 28292 28292 W System.err: 	at libcore.io.ForwardingOs.open(ForwardingOs.java:167)
11-16 16:47:47.374 28292 28292 W System.err: 	at android.app.ActivityThread$AndroidOs.open(ActivityThread.java:8464)
11-16 16:47:47.374 28292 28292 W System.err: 	at libcore.io.IoBridge.open(IoBridge.java:482)
11-16 16:47:47.375 28292 28292 W System.err: 	... 39 more
11-16 16:47:47.379 28292 28292 I KeymapLoader: loadSkin(0), scaleW=1.0444444, scaleH=1.1, scaleRes=1.0
11-16 16:47:47.380   744  1423 I hisi_effect: SetEffectInfo:367: modules=20 dispPanelId=0
11-16 16:47:47.382 28292 28292 I HuaweiIME: load skin 107
11-16 16:47:47.386 28292 28292 I ring_expand: floatImeState : false
11-16 16:47:47.386 28292 28292 I ring_expand: isLeftrightSplit : false
11-16 16:47:47.386 28292 28292 I ring_expand: is_compress : false
11-16 16:47:47.386 28292 28292 I ring_expand: final Global.screenW = 1176
11-16 16:47:47.386 28292 28292 I HuaweiIME: SysInfo.getSysParam: orientation=1||config d=3.0,w=1176,h=2328||metrics d=3.0,w=1176,h=2328||sdk=29,bar_h=72||appScale=3.3,sysScale=3.0||isMultiWin=false,isPadMode=false, boardw=1176, boardH=0, candH=0, boardL=24, boardR=1152, ver=8.2.39.394, realW=1176, realH=2400, isInLargeWinMode=false, displayId=0, cuid=4C0287-GCECEG-98C264-297267-0814C4-7B
11-16 16:47:47.387 28292 28292 I HuaweiIME: isPortrait-adjustOffset-r: 5
11-16 16:47:47.387 28292 28292 I HuaweiIME:  isNight : false
11-16 16:47:47.395  2010  6398 I chatty  : uid=1000(system) Binder:2010_1B expire 6 lines
11-16 16:47:47.396   744  1423 I hisi_effect: SetEffectInfo:367: modules=20 dispPanelId=0
11-16 16:47:47.397 28292 28292 D InputEventReceiver: dispatchInputInterval 1000000
11-16 16:47:47.400 27356 27356 W InputMethodManager: startInputReason = 5
11-16 16:47:47.401 28292 28292 I guohongxin_haha: whiteList :1
11-16 16:47:47.401 28292 28292 I guohongxin_haha: intervalTime :3600000
11-16 16:47:47.402 28292 28386 I ImeNamedRunnable: Thread pool-6-thread-1, Runnable named igsm::onStartInput, use time 0ms
11-16 16:47:47.404 28292 28292 I ring_expand: floatImeState : false
11-16 16:47:47.404 28292 28292 I ring_expand: isLeftrightSplit : false
11-16 16:47:47.404 28292 28292 I ring_expand: is_compress : false
11-16 16:47:47.404 28292 28292 I ring_expand: final Global.screenW = 1176
11-16 16:47:47.405 28292 28292 I HuaweiIME: SysInfo.getSysParam: orientation=1||config d=3.0,w=1176,h=2328||metrics d=3.0,w=1176,h=2328||sdk=29,bar_h=72||appScale=3.3,sysScale=3.0||isMultiWin=false,isPadMode=false, boardw=1176, boardH=0, candH=0, boardL=24, boardR=1152, ver=8.2.39.394, realW=1176, realH=2400, isInLargeWinMode=false, displayId=0, cuid=4C0287-GCECEG-98C264-297267-0814C4-7B
11-16 16:47:47.405 28292 28292 I HuaweiIME: isPortrait-adjustOffset-r: 5
11-16 16:47:47.405 28292 28292 I HuaweiIME:  isNight : false
11-16 16:47:47.413   744  1423 I hisi_effect: SetEffectInfo:367: modules=20 dispPanelId=0
11-16 16:47:47.464   744  1423 I hisi_effect: SetEffectInfo:367: modules=20 dispPanelId=0
11-16 16:47:47.473 28292 28388 I ImeNamedRunnable: Thread pool-1-thread-1, Runnable named iinputm::afterOnCreate, use time 323ms
11-16 16:47:47.479 28292 28388 I ImeNamedRunnable: Thread pool-1-thread-1, Runnable named iinputm::onInitializeInterface, use time 5ms
11-16 16:47:47.481   744  1423 I hisi_effect: SetEffectInfo:367: modules=20 dispPanelId=0
11-16 16:47:47.485 28292 28388 I ImeNamedRunnable: Thread pool-1-thread-1, Runnable named notifyCandStateChanged, use time 6ms
11-16 16:47:47.486  2010  5549 I HwWindowManagerServiceEx: handleGestureActionForBlur category: exit_recent
11-16 16:47:47.486  9372 28231 I HwLauncher: GestureUtil MOTION_NOTIFICATION exit_recent sendBroadcast extra= category: exit_recent
11-16 16:47:47.487  2010  2010 I DE J DES: [effect] [MOTION_NOTIFICATION] extra:exit_recent
11-16 16:47:47.488  9372  9372 I SpringChain: addObject: listener=com.huawei.android.launcher.animutils.SpringTransition$2@657f5ff
11-16 16:47:47.488  9372  9372 I SpringChain: addObject: listener=com.huawei.android.launcher.animutils.SpringTransition$2@2a19fcc
11-16 16:47:47.488  9372  9372 I SpringChain: addObject: listener=com.huawei.android.launcher.animutils.SpringTransition$2@1496215
11-16 16:47:47.488  9372  9372 I SpringChain: addObject: listener=com.huawei.android.launcher.animutils.SpringTransition$2@95f592a
11-16 16:47:47.489  9372  9372 I Task    : Task recycle id=86 windowingMode=1 user=0 lastActiveTime=475222536
11-16 16:47:47.489  9372  9372 I Task    : Task recycle id=90 windowingMode=1 user=0 lastActiveTime=475570616
11-16 16:47:47.489  9372  9372 I Task    : Task recycle id=127 windowingMode=1 user=0 lastActiveTime=481588557
11-16 16:47:47.489  9372  9372 I Task    : Task recycle id=75 windowingMode=1 user=0 lastActiveTime=481590888
11-16 16:47:47.489  2010  5176 D RemoteAnimationController: app-onAnimationFinished(): mOuter=com.android.server.wm.RemoteAnimationController@10a59a7
11-16 16:47:47.489  2010  5176 D RemoteAnimationController: onAnimationFinished(): Notify animation finished:
11-16 16:47:47.489  2010  5176 I WindowManager: send SET_LAUNCHER_VISIBLE_IN_FINGER_BOOST visible: true,delay:0, handle:true, userId:0, callingPid: 2010
11-16 16:47:47.490  2010  2623 I WindowManager: handle SET_LAUNCHER_VISIBLE_IN_FINGER_BOOST visible:true handle:trueuserId:0, currentUserId:0
11-16 16:47:47.490  2010  5176 I WindowManager: onAnimationFinished task=127
11-16 16:47:47.490  2010  5176 I WindowManager: Animation done in AppWindowToken{1348121 token=Token{1303254 ActivityRecord{1367cc6 u0 com.huawei.android.launcher/.unihome.UniHomeLauncher t1}}} isHidden:true hiddenRequested:true
11-16 16:47:47.491  2010  2623 D WindowManager: setLauncherVisibleInFingerBoost record=ActivityRecord{1367cc6 u0 com.huawei.android.launcher/.unihome.UniHomeLauncher t1}
11-16 16:47:47.491  2010  2623 I WindowManager: setLauncherVisible setAlpha to 1.0
11-16 16:47:47.491  2010  2623 D WindowManager: setLauncherVisible wallpaperScale=false
11-16 16:47:47.491  2010  2623 D WindowManager: WS setWallpaperScale return, wallpaper no need to recover
11-16 16:47:47.491  2010  2624 I WindowManager: New wallpaper target: null prevTarget: Window{107e7ad u0 com.huawei.android.launcher/com.huawei.android.launcher.unihome.UniHomeLauncher}
11-16 16:47:47.493  4088  4088 D ImageWallpaper: wallpaper visibility changes to: false
11-16 16:47:47.494 28292 28388 I HwApiCacheMangerEx: apicache path=/storage/emulated/0 state=mounted key=com.baidu.input_huawei#10074#256
11-16 16:47:47.494 28292 28388 I HwApiCacheMangerEx: need clear apicache,because volumes changed,oldCnt=1 newCnt=1
11-16 16:47:47.495   769   966 D         : AnimationInfo Map Delete Surface(name=Task=127)/@0x108a463 - animation-leash#0
11-16 16:47:47.495 28292 28388 I HwApiCacheMangerEx: apicache path=/storage/emulated/0 state=mounted key=com.baidu.input_huawei#10074#0
11-16 16:47:47.495 28292 28388 I HwApiCacheMangerEx: need clear apicache,because volumes changed,oldCnt=1 newCnt=1
11-16 16:47:47.496 29411 29411 I HiBoard_13.0.1.317_Workspace: onWindowVisibilityChanged8 isOverlayClosed:true
11-16 16:47:47.498   744  1423 I hisi_effect: SetEffectInfo:367: modules=20 dispPanelId=0
11-16 16:47:47.501   769   966 W BufferQueueProducer: [com.huawei.intelligent.Workspace#0]:1390: disconnect: not connected (req=1)
11-16 16:47:47.501 29411 10908 W libEGL  : EGLNativeWindowType 0x7eda794910 disconnect failed
11-16 16:47:47.503  2010  2623 V ActivityTaskManager: Activity idle: null
11-16 16:47:47.505  2010  2623 V ActivityTaskManager: Stopping ActivityRecord{1367cc6 u0 com.huawei.android.launcher/.unihome.UniHomeLauncher t1}: nowVisible=true animating=true finishing=false
11-16 16:47:47.512  2010  2623 I WindowManager: Set home app runningRemoteAnimation state: false
11-16 16:47:47.512  2010  2623 I WindowManager: Animation done in AppWindowToken{1348121 token=Token{1303254 ActivityRecord{1367cc6 u0 com.huawei.android.launcher/.unihome.UniHomeLauncher t1}}} isHidden:true hiddenRequested:true
11-16 16:47:47.513  2010  2786 D HwActivityManagerServiceEx: notifyAppToTop pid:9372, enable:0
11-16 16:47:47.514 28292 28388 I ImeNamedRunnable: Thread pool-1-thread-1, Runnable named iinputm::onStartInput, use time 28ms
11-16 16:47:47.514 28292 28388 I ImeNamedRunnable: Thread pool-1-thread-1, Runnable named iinputm::onStartInput, use time 0ms
11-16 16:47:47.515   744  1423 I hisi_effect: SetEffectInfo:367: modules=20 dispPanelId=0
11-16 16:47:47.517  8392 27346 I NetworkKit_CountryCodeBean: pool-5-thread-125|null|com.huawei.hms.framework.network.grs.local.model.CountryCodeBean|getVendorCountryCode|39|countryCode by ro.hw.country is: cn
11-16 16:47:47.517  8392 27346 I NetworkKit_CountryCodeBean: pool-5-thread-125|null|com.huawei.hms.framework.network.grs.local.model.CountryCodeBean|init|18|get issue_country code from VENDOR_COUNTRY
11-16 16:47:47.518   769  1987 W BufferQueueProducer: [com.huawei.android.launcher/com.huawei.android.launcher.unihome.UniHomeLauncher#0]:1390: disconnect: not connected (req=1)
11-16 16:47:47.518  9372 18678 W libEGL  : EGLNativeWindowType 0x7ee5228310 disconnect failed
11-16 16:47:47.520 28292 28382 I ImeNamedRunnable: Thread pool-2-thread-1, Runnable named ikm::startImageLoader, use time 149ms
11-16 16:47:47.521 28292 28382 I ImeNamedRunnable: Thread pool-2-thread-1, Runnable named ikm::startLoadKeyboardImages:logo, use time 1ms
11-16 16:47:47.524  9372  9372 I RmeSchedManager: init Rme, version is: v1.0
11-16 16:47:47.526  2010  2623 V ActivityTaskManager: Activity idle: null
11-16 16:47:47.530  9372  9372 W HwLauncher: StateManager Launcher in state:NormalState{de4fa18 ordinal = 0,mContainerType = 1,mIsOverviewUi = false}, mConfig.mCurrentAnimationSet == null
11-16 16:47:47.531   744  1423 I hisi_effect: SetEffectInfo:367: modules=20 dispPanelId=0
11-16 16:47:47.532  9372  9372 I HwLauncher: Launcher Icon:41 Widget:1 Folder:3 Icon in folder:28, in drawer:0
11-16 16:47:47.532  9372  9560 I AbilityFormProxy-0731: disableFormUpdate come from aar
11-16 16:47:47.533  9372  9560 E AbilityFormViewRefreshUtils: stopListening [1ms]
11-16 16:47:47.534   765  4064 D AudioPolicyService: getUidState(10096) cacheIter->second.first, return cacheIter->second.second(2)
11-16 16:47:47.534   765  4064 D AudioPolicyService: getUidState(10048) cacheIter->second.first, return cacheIter->second.second(4)
11-16 16:47:47.534   765  4064 D AudioPolicyService: getUidState(10039) cacheIter->second.first, return cacheIter->second.second(4)
11-16 16:47:47.535  4667  4954 D DollieActivityManagerAdapter: [UidStateChanged]  uid:10096 uidState:6
11-16 16:47:47.535  4667  4954 E DollieAdapterService: notifyActivityState pkg:com.huawei.android.launcher/com.huawei.android.launcher.unihome.UniHomeLauncher state:6 fg:false mUid:10096
11-16 16:47:47.535  4667  4954 I OllieMsgCenter: publishEvt=2130771969
11-16 16:47:47.536  4667  4954 I SmartDualCardConfig: getAppType,pkgName=com.huawei.android.launcher,appType=28
11-16 16:47:47.536  4667  4954 E SmartDualCardConfig: isAppInBlackList false,items==null
11-16 16:47:47.536  4667  4954 E ScgQuickAddManager: uidInfo.isForeGroundUid() is false
11-16 16:47:47.536  4667  4954 I OllieMsgCenter: publishEvt=2134966274
11-16 16:47:47.538 28292 28382 I ImeNamedRunnable: Thread pool-2-thread-1, Runnable named ikm::startLoadKeyboardImages:mod, use time 16ms
11-16 16:47:47.542  2220  2220 W HIGNSS  : LS:[LSQ_SOLUTION] satellite num: 0 < 4
11-16 16:47:47.542  2220  2220 W HIGNSS  : CHR:[TCXO-BIAS-CHANGE] time: 92, cnt: 60, valid: 0, freq_bias:0.000000, tempr:0.000000, sats_num: 0, qop: 0
11-16 16:47:47.543  2220  2220 W HIGNSS  : FUS:fusion results invalid, flag = 0!
11-16 16:47:47.543  2220  2220 W HIGNSS  : PE_CDPP:[NORMAL]rcvr int time invalid or acc:60000184028 over 15s!
11-16 16:47:47.543  2220  2220 W HIGNSS  : PE_MSA:[MSA_SELECT]the num of sat can be reported is less than 4, report all valid data!
11-16 16:47:47.543  2220  2220 W HIGNSS  : PE_MSA:[MSA-DOPPLER]No location and no acq data, not do doppler consistence!
11-16 16:47:47.543  2220  2220 W HIGNSS  : PE_MSA:[MSA-REPORT] no gnss msr data to be report!
11-16 16:47:47.544  2220  2287 W HIGNSS  : CTL:can't find dst, 0x11110021
11-16 16:47:47.544   741  4520 D HIGNSS_ADAPTER: ProcessHignssMsg called, msg id: 00000006 PE_RPT_NMEA
11-16 16:47:47.544   741  4520 D HIGNSS_ADAPTER: ReportHignssNmea called.
11-16 16:47:47.545   741  4520 I HIGNSS_ADAPTER: ReportHignssNmea success, count: 32, length: 1639
11-16 16:47:47.545   741  4520 D HIGNSS_ADAPTER: ProcessHignssMsg called, msg id: 00000005 PE_RPT_POSITION
11-16 16:47:47.545   741  4520 D HIGNSS_ADAPTER: hisi_callback_report_sv_status, cbv: 2, count: 31
11-16 16:47:47.545   741  4520 D GnssHAL_GnssInterface: gnssSvStatusCb_2_0:gnssSvStatusCb_2_0 called
11-16 16:47:47.546   741  4520 I HIGNSS_ADAPTER: ReportHignssSvStatus success!
11-16 16:47:47.546   741  4520 D HIGNSS_ADAPTER: ProcessHignssMsg called, msg id: 00000007 PE_RPT_GNSS_MEAS
11-16 16:47:47.546   741  4520 D HIGNSS_ADAPTER: ReportHignssMeasurement called.
11-16 16:47:47.546   741  4520 W HIGNSS_ADAPTER: measurement callback is not inited!
11-16 16:47:47.546  2010  2653 I PowerManagerService: handleSandman: wakefulness: 1,startDreaming: false
11-16 16:47:47.548   744  1423 I hisi_effect: SetEffectInfo:367: modules=20 dispPanelId=0
11-16 16:47:47.549  2010  5176 I WindowManager: notifyAppStopped: AppWindowToken{1348121 token=Token{1303254 ActivityRecord{1367cc6 u0 com.huawei.android.launcher/.unihome.UniHomeLauncher t1}}}
11-16 16:47:47.549  2010  5176 E WindowManager: win=Window{1314305 u0 com.huawei.intelligent.Workspace} destroySurfaces: appStopped=true win.mWindowRemovalAllowed=false win.mRemoveOnExit=false
11-16 16:47:47.551  2010  5176 E WindowManager: win=Window{107e7ad u0 com.huawei.android.launcher/com.huawei.android.launcher.unihome.UniHomeLauncher} destroySurfaces: appStopped=true win.mWindowRemovalAllowed=false win.mRemoveOnExit=false
11-16 16:47:47.553  2010  2653 I PowerManagerService: handleSandman: wakefulness: 1,startDreaming: false
11-16 16:47:47.555 21552 21579 I HwLBSService.HwGnssListnerManager: onSatelliteStatusChanged, mGnssListeners size: 0
11-16 16:47:47.555 21552 21579 I HwLBSService.HwGnssManager: onSatelliteStatusChanged, mGnssListeners size: 1
11-16 16:47:47.557 21552 21579 I HwLBSService.HwGnssListnerManager: onSatelliteStatusChanged, mGnssListeners size: 0
11-16 16:47:47.557 21552 21579 I HwLBSService.HwGnssManager: onSatelliteStatusChanged, mGnssListeners size: 1
11-16 16:47:47.564  2010  3881 I WifiP2pService: InactiveState139358
11-16 16:47:47.565  2010  3881 I WifiP2pService: P2pEnabledState when=108534776 what=139358 arg1=0 arg2=1889
11-16 16:47:47.565  2010  3881 I WifiP2pService: DefaultStatewhen=108534776 what=139358 arg1=0 arg2=1889
11-16 16:47:47.565   744  1423 I hisi_effect: SetEffectInfo:367: modules=20 dispPanelId=0
11-16 16:47:47.683   744  1423 I hisi_effect: SetEffectInfo:367: modules=20 dispPanelId=0
11-16 16:47:47.695    54    54 W migration/7: type=1400 audit(0.0:82400): avc: granted { setsched } for pid=54 scontext=u:r:kernel:s0 tcontext=u:r:kernel:s0 tclass=process
11-16 16:47:47.695    48    48 W migration/6: type=1400 audit(0.0:82401): avc: granted { setsched } for pid=48 scontext=u:r:kernel:s0 tcontext=u:r:kernel:s0 tclass=process
11-16 16:47:47.701   744  1423 I hisi_effect: SetEffectInfo:367: modules=20 dispPanelId=0
11-16 16:47:47.702   882   882 I aptouch_daemon: print_log, touch:1, down:1 (+0)
11-16 16:47:47.712  2010  2653 I PowerManagerService: handleSandman: wakefulness: 1,startDreaming: false
11-16 16:47:47.718   744  1423 I hisi_effect: SetEffectInfo:367: modules=20 dispPanelId=0
11-16 16:47:47.750   744  1423 I hisi_effect: SetEffectInfo:367: modules=20 dispPanelId=0
11-16 16:47:47.755  1025  4364 I AGPService: aps-info: focus pkgName - cn.missevan, with 0 more apps
11-16 16:47:47.755  1025  4364 I AGPService: FrameRateManager: aps-info: new pkgName - cn.missevan, type - 7
11-16 16:47:47.756  1025  4364 I AGPService: GpuPolicyManager: m_currentPkgName - cn.missevan
11-16 16:47:47.760   882   882 I aptouch_daemon: print_log, touch:0, down:0
11-16 16:47:47.764 27356 27356 E cn.missevan: No package ID ff found for ID 0xffffffff.
11-16 16:47:47.764 27356 27356 I Resource: printErrorResource, maybe not an error because module has entative action to load resource.
11-16 16:47:47.765 27356 27356 I Resources_debug: The apk asset path = ApkAssets{path=/system/framework/framework-res.apk}
11-16 16:47:47.765 27356 27356 I Resources_debug: The apk asset path = ApkAssets{path=/system/framework/framework-res-hwext.apk}
11-16 16:47:47.765 27356 27356 I Resources_debug: The apk asset path = ApkAssets{path=/hw_product/overlay/frameworkResOverlay.apk}
11-16 16:47:47.765 27356 27356 I Resources_debug: The apk asset path = ApkAssets{path=/data/app/cn.missevan-FedeLrCpwXuVCodTxv8LaQ==/base.apk}
11-16 16:47:47.765 27356 27356 I Resources_debug: The apk asset path = ApkAssets{path=/data/app/com.huawei.webview-B0mYPuQe_TfsHqgHcGUBCA==/base.apk}
11-16 16:47:47.767   744  1423 I hisi_effect: SetEffectInfo:367: modules=20 dispPanelId=0
11-16 16:47:47.791  2010  2633 I HwActivityTaskManagerServiceEx: update recent status, exit_recent.
11-16 16:47:47.801   744  1423 I hisi_effect: SetEffectInfo:367: modules=20 dispPanelId=0
11-16 16:47:47.803  2010  3880 I chatty  : uid=1000(system) ClientModeImpl expire 6 lines
11-16 16:47:47.834   744  1423 I hisi_effect: SetEffectInfo:367: modules=20 dispPanelId=0
11-16 16:47:47.935   744  1423 I hisi_effect: SetEffectInfo:367: modules=20 dispPanelId=0
11-16 16:47:47.988  9372  9455 D ZrHung.AppEyeUiProbe: not watching, wait.
11-16 16:47:48.006  2010  3971 I chatty  : uid=1000(system) HuaweiWifiWatch expire 14 lines
11-16 16:47:48.008  2010  3974 I chatty  : uid=1000(system) HwDualBandState expire 2 lines
11-16 16:47:48.012  2010 11971 I chatty  : uid=1000(system) MobileQosDetect expire 3 lines
11-16 16:47:48.103 28292 28311 W System  : A resource failed to call close.
11-16 16:47:48.103 28292 28311 W System  : A resource failed to call close.
11-16 16:47:48.137   882   882 I aptouch_daemon: print_log, touch:1, down:1 (+0)
11-16 16:47:48.147  2010  2653 I PowerManagerService: handleSandman: wakefulness: 1,startDreaming: false
11-16 16:47:48.193   882   882 I aptouch_daemon: print_log, touch:0, down:0
11-16 16:47:48.197 27356 27356 E cn.missevan: No package ID ff found for ID 0xffffffff.
11-16 16:47:48.197 27356 27356 I Resource: printErrorResource, maybe not an error because module has entative action to load resource.
11-16 16:47:48.197 27356 27356 I Resources_debug: The apk asset path = ApkAssets{path=/system/framework/framework-res.apk}
11-16 16:47:48.197 27356 27356 I Resources_debug: The apk asset path = ApkAssets{path=/system/framework/framework-res-hwext.apk}
11-16 16:47:48.197 27356 27356 I Resources_debug: The apk asset path = ApkAssets{path=/hw_product/overlay/frameworkResOverlay.apk}
11-16 16:47:48.197 27356 27356 I Resources_debug: The apk asset path = ApkAssets{path=/data/app/cn.missevan-FedeLrCpwXuVCodTxv8LaQ==/base.apk}
11-16 16:47:48.197 27356 27356 I Resources_debug: The apk asset path = ApkAssets{path=/data/app/com.huawei.webview-B0mYPuQe_TfsHqgHcGUBCA==/base.apk}
11-16 16:47:48.199 27356 27356 I InputMethodManager: showSoftInput
11-16 16:47:48.201  2010  2747 V WindowManager: setImeHolder from Window{13ace5d u0 cn.missevan/cn.missevan.activity.MainActivity} to Window{14fbab1 u0 cn.missevan/cn.missevan.activity.MainActivity}
11-16 16:47:48.210  2010  2786 D HwActivityManagerServiceEx: notifyAppToTop pid:28292, enable:1
11-16 16:47:48.214 27356 27356 D HwAutofillHelper: recordCurrentInfo:0
11-16 16:47:48.214 27356 27356 D HwAutofillHelper: inputType = 2
11-16 16:47:48.214   765  6428 D AudioPolicyService: getUidState(10074) cacheIter->second.first, return cacheIter->second.second(8)
11-16 16:47:48.214 27356 27356 I RmeSchedManager: SetMarginData, input:3, animation:4, traversal:4, util:600, frameRate:60
11-16 16:47:48.215    48    48 W migration/6: type=1400 audit(0.0:82402): avc: granted { setsched } for pid=48 scontext=u:r:kernel:s0 tcontext=u:r:kernel:s0 tclass=process
11-16 16:47:48.215    54    54 W migration/7: type=1400 audit(0.0:82403): avc: granted { setsched } for pid=54 scontext=u:r:kernel:s0 tcontext=u:r:kernel:s0 tclass=process
11-16 16:47:48.224 28292 28292 I ring_expand: floatImeState : false
11-16 16:47:48.224 28292 28292 I ring_expand: isLeftrightSplit : false
11-16 16:47:48.224 28292 28292 I ring_expand: is_compress : false
11-16 16:47:48.224 28292 28292 I ring_expand: final Global.screenW = 1176
11-16 16:47:48.224 28292 28292 I HuaweiIME: SysInfo.getSysParam: orientation=1||config d=3.0,w=1176,h=2328||metrics d=3.0,w=1176,h=2328||sdk=29,bar_h=72||appScale=3.3,sysScale=3.0||isMultiWin=false,isPadMode=false, boardw=1176, boardH=0, candH=0, boardL=24, boardR=1152, ver=8.2.39.394, realW=1176, realH=2400, isInLargeWinMode=false, displayId=0, cuid=4C0287-GCECEG-98C264-297267-0814C4-7B
11-16 16:47:48.225  4667  4954 I HwPacketFilterBypass: isBypassAllowed not allowed reason: DATA_OFF
11-16 16:47:48.226  4667  4954 I HwPacketFilterBypass: kernelAddTrackUid uid:10231 allowed:false
11-16 16:47:48.227 28292 28388 I ImeNamedRunnable: Thread pool-1-thread-1, Runnable named CloudDataManager:clearItems, use time 1ms
11-16 16:47:48.229 28292 28292 I HuaweiIME: isFreeFormVisible : false
11-16 16:47:48.230 28292 28292 I KeymapLoader: initMapScale: appScale=3.3 selfScale=3.3 tmpScale=3.3
11-16 16:47:48.235 28292 28292 I KeymapLoader: loadSkin(8), scaleW=1.0444444, scaleH=1.1, scaleRes=1.0
11-16 16:47:48.237  4667  6060 D LteRecoveryEngine: UnRecoverState processMessage UPDATE_PS_SLOW_VALUE
11-16 16:47:48.238 28292 28292 I HuaweiIME: theme3 + candTextNm:-16777216candTextHL:-16098825candFirstTextNM:-16098825candFirstTextHL-16098825sp==null:false
11-16 16:47:48.238 28292 28292 I wangkang: loadMap cost: 6
11-16 16:47:48.240 28292 28292 W System.err: java.io.FileNotFoundException: /data/user/0/com.baidu.input_huawei/files/panel_banner_latest_show: open failed: ENOENT (No such file or directory)
11-16 16:47:48.240 28292 28292 W System.err: 	at libcore.io.IoBridge.open(IoBridge.java:496)
11-16 16:47:48.240 28292 28292 W System.err: 	at java.io.FileInputStream.<init>(FileInputStream.java:159)
11-16 16:47:48.240 28292 28292 W System.err: 	at com.baidu.ait.r(Proguard:867)
11-16 16:47:48.240 28292 28292 W System.err: 	at com.baidu.avx.Yk(Proguard:120)
11-16 16:47:48.240 28292 28292 W System.err: 	at com.baidu.avx.d(Proguard:112)
11-16 16:47:48.240 28292 28292 W System.err: 	at com.baidu.avw.c(Proguard:62)
11-16 16:47:48.240 28292 28292 W System.err: 	at com.baidu.avw.lambda$8fItEOem8PoZ6I4bdtx6dYkeQMk(Unknown Source:0)
11-16 16:47:48.240 28292 28292 W System.err: 	at com.baidu.-$$Lambda$avw$8fItEOem8PoZ6I4bdtx6dYkeQMk.run(Unknown Source:2)
11-16 16:47:48.240 28292 28292 W System.err: 	at com.baidu.avz.a(Proguard:45)
11-16 16:47:48.240 28292 28292 W System.err: 	at com.baidu.avw.<init>(Proguard:62)
11-16 16:47:48.240 28292 28292 W System.err: 	at com.baidu.avw.Yc(Proguard:69)
11-16 16:47:48.240 28292 28292 W System.err: 	at com.baidu.cgc$5.Yf(Proguard:164)
11-16 16:47:48.240 28292 28292 W System.err: 	at com.baidu.cgd.c(Proguard:204)
11-16 16:47:48.240 28292 28292 W System.err: 	at com.baidu.cgd.bdq(Proguard:310)
11-16 16:47:48.240 28292 28292 W System.err: 	at com.baidu.cgd.bdi(Proguard:240)
11-16 16:47:48.240 28292 28292 W System.err: 	at com.baidu.blf.jG(Proguard:330)
11-16 16:47:48.240 28292 28292 W System.err: 	at com.baidu.blf.w(Proguard:182)
11-16 16:47:48.240 28292 28292 W System.err: 	at com.baidu.blg.m(Proguard:264)
11-16 16:47:48.240 28292 28292 W System.err: 	at com.baidu.blf.l(Proguard:371)
11-16 16:47:48.240 28292 28292 W System.err: 	at com.baidu.input_huawei.ImeService.resetSysState(Proguard:5805)
11-16 16:47:48.240 28292 28292 W System.err: 	at com.baidu.input_huawei.ImeService.onStartInputViewInternal(Proguard:1856)
11-16 16:47:48.240 28292 28292 W System.err: 	at com.baidu.input.modular.ObservableImeService.onStartInputView(Proguard:88)
11-16 16:47:48.240 28292 28292 W System.err: 	at android.inputmethodservice.InputMethodService.startViews(InputMethodService.java:2254)
11-16 16:47:48.241 28292 28292 W System.err: 	at android.inputmethodservice.InputMethodService.showWindow(InputMethodService.java:2183)
11-16 16:47:48.241 28292 28292 W System.err: 	at android.inputmethodservice.InputMethodService$InputMethodImpl.showSoftInput(InputMethodService.java:787)
11-16 16:47:48.241 28292 28292 W System.err: 	at android.inputmethodservice.IInputMethodWrapper.executeMessage(IInputMethodWrapper.java:220)
11-16 16:47:48.241 28292 28292 W System.err: 	at com.android.internal.os.HandlerCaller$MyHandler.handleMessage(HandlerCaller.java:44)
11-16 16:47:48.241 28292 28292 W System.err: 	at android.os.Handler.dispatchMessage(Handler.java:110)
11-16 16:47:48.241 28292 28292 W System.err: 	at android.os.Looper.loop(Looper.java:219)
11-16 16:47:48.241 28292 28292 W System.err: 	at android.app.ActivityThread.main(ActivityThread.java:8668)
11-16 16:47:48.241 28292 28292 W System.err: 	at java.lang.reflect.Method.invoke(Native Method)
11-16 16:47:48.241 28292 28292 W System.err: 	at com.android.internal.os.RuntimeInit$MethodAndArgsCaller.run(RuntimeInit.java:513)
11-16 16:47:48.241 28292 28292 W System.err: 	at com.android.internal.os.ZygoteInit.main(ZygoteInit.java:1109)
11-16 16:47:48.241 28292 28292 W System.err: Caused by: android.system.ErrnoException: open failed: ENOENT (No such file or directory)
11-16 16:47:48.241 28292 28292 W System.err: 	at libcore.io.Linux.open(Native Method)
11-16 16:47:48.241 28292 28292 W System.err: 	at libcore.io.ForwardingOs.open(ForwardingOs.java:167)
11-16 16:47:48.241 28292 28292 W System.err: 	at libcore.io.BlockGuardOs.open(BlockGuardOs.java:252)
11-16 16:47:48.241 28292 28292 W System.err: 	at libcore.io.ForwardingOs.open(ForwardingOs.java:167)
11-16 16:47:48.241 28292 28292 W System.err: 	at android.app.ActivityThread$AndroidOs.open(ActivityThread.java:8464)
11-16 16:47:48.241 28292 28292 W System.err: 	at libcore.io.IoBridge.open(IoBridge.java:482)
11-16 16:47:48.241 28292 28292 W System.err: 	... 32 more
11-16 16:47:48.241 28292 28292 I HuaweiIME: InputBarView resetSysState false
11-16 16:47:48.241 28292 28292 I HwIME_Pro: ImeService>>>setCandidatesViewShown:true
11-16 16:47:48.241 28292 28292 I HwIME_Pro: java.lang.Throwable
11-16 16:47:48.241 28292 28292 I HwIME_Pro: 	at com.baidu.input_huawei.ImeService.setCandidatesViewShown(Proguard:6830)
11-16 16:47:48.241 28292 28292 I HwIME_Pro: 	at com.baidu.input_huawei.ImeService.changeCandState(Proguard:5742)
11-16 16:47:48.241 28292 28292 I HwIME_Pro: 	at com.baidu.input_huawei.ImeService.resetSysState(Proguard:5844)
11-16 16:47:48.241 28292 28292 I HwIME_Pro: 	at com.baidu.input_huawei.ImeService.onStartInputViewInternal(Proguard:1856)
11-16 16:47:48.241 28292 28292 I HwIME_Pro: 	at com.baidu.input.modular.ObservableImeService.onStartInputView(Proguard:88)
11-16 16:47:48.241 28292 28292 I HwIME_Pro: 	at android.inputmethodservice.InputMethodService.startViews(InputMethodService.java:2254)
11-16 16:47:48.241 28292 28292 I HwIME_Pro: 	at android.inputmethodservice.InputMethodService.showWindow(InputMethodService.java:2183)
