01-10 15:08:06.790 30900 30900 D ApplicationsState: The current packageName is: com.android.providers.settings  current info's userId is: 0
01-10 15:08:06.790 30900 30900 D ApplicationsState: The current packageName is: com.miui.vpnsdkmanager  current info's userId is: 0
01-10 15:08:06.790 30900 30900 D ApplicationsState: The current packageName is: com.android.sharedstoragebackup  current info's userId is: 0
01-10 15:08:06.790 30900 30900 D ApplicationsState: The current packageName is: com.xiaomi.location.fused  current info's userId is: 0
01-10 15:08:06.790 30900 30900 D ApplicationsState: The current packageName is: com.android.printspooler  current info's userId is: 0
01-10 15:08:06.790 30900 30900 D ApplicationsState: The current packageName is: com.miui.personalassistant  current info's userId is: 0
01-10 15:08:06.790 30900 30900 D ApplicationsState: The current packageName is: com.miui.misound  current info's userId is: 0
01-10 15:08:06.790 30900 30900 D ApplicationsState: The current packageName is: com.android.wifi.resources.overlay.common  current info's userId is: 0
01-10 15:08:06.790 30900 30900 D ApplicationsState: The current packageName is: org.ifaa.aidl.manager  current info's userId is: 0
01-10 15:08:06.790 30900 30900 D ApplicationsState: The current packageName is: com.android.dreams.basic  current info's userId is: 0
01-10 15:08:06.790 30900 30900 D ApplicationsState: The current packageName is: com.google.android.overlay.modules.ext.services  current info's userId is: 0
01-10 15:08:06.790 30900 30900 D ApplicationsState: The current packageName is: com.android.incallui  current info's userId is: 0
01-10 15:08:06.790 30900 30900 D ApplicationsState: The current packageName is: com.android.systemui.gesture.line.overlay  current info's userId is: 0
01-10 15:08:06.790 30900 30900 D ApplicationsState: The current packageName is: com.duokan.phone.remotecontroller  current info's userId is: 0
01-10 15:08:06.790 30900 30900 D ApplicationsState: The current packageName is: com.miui.bugreport  current info's userId is: 0
01-10 15:08:06.790 30900 30900 D ApplicationsState: The current packageName is: com.android.se  current info's userId is: 0
01-10 15:08:06.790 30900 30900 D ApplicationsState: The current packageName is: com.android.inputdevices  current info's userId is: 0
01-10 15:08:06.790 30900 30900 D ApplicationsState: The current packageName is: com.fido.asm  current info's userId is: 0
01-10 15:08:06.790 30900 30900 D ApplicationsState: The current packageName is: com.qti.slaservice  current info's userId is: 0
01-10 15:08:06.790 30900 30900 D ApplicationsState: The current packageName is: com.android.bips  current info's userId is: 0
01-10 15:08:06.790 30900 30900 D ApplicationsState: The current packageName is: com.qti.dpmserviceapp  current info's userId is: 0
01-10 15:08:06.790 30900 30900 D ApplicationsState: The current packageName is: com.xunmeng.pinduoduo  current info's userId is: 0
01-10 15:08:06.790 30900 30900 D ApplicationsState: The current packageName is: com.android.fileexplorer  current info's userId is: 0
01-10 15:08:06.790 30900 30900 D ApplicationsState: The current packageName is: com.qti.xdivert  current info's userId is: 0
01-10 15:08:06.790 30900 30900 D ApplicationsState: The current packageName is: com.miui.voicetrigger  current info's userId is: 0
01-10 15:08:06.790 30900 30900 D ApplicationsState: The current packageName is: com.xiaomi.macro  current info's userId is: 0
01-10 15:08:06.790 30900 30900 D ApplicationsState: The current packageName is: com.xiaomi.mircs  current info's userId is: 0
01-10 15:08:06.790 30900 30900 D ApplicationsState: The current packageName is: com.android.systemui.overlay.miui  current info's userId is: 0
01-10 15:08:06.790 30900 30900 D ApplicationsState: The current packageName is: com.android.settings.overlay.common  current info's userId is: 0
01-10 15:08:06.790 30900 30900 D ApplicationsState: The current packageName is: com.google.android.overlay.gmsconfig  current info's userId is: 0
01-10 15:08:06.790 30900 30900 D ApplicationsState: The current packageName is: com.miui.mediafeature  current info's userId is: 0
01-10 15:08:06.790 30900 30900 D ApplicationsState: The current packageName is: com.miui.cloudbackup  current info's userId is: 0
01-10 15:08:06.790 30900 30900 D ApplicationsState: The current packageName is: com.miui.face.overlay.miui  current info's userId is: 0
01-10 15:08:06.790 30900 30900 D ApplicationsState: The current packageName is: com.android.cellbroadcastreceiver  current info's userId is: 0
01-10 15:08:06.790 30900 30900 D ApplicationsState: The current packageName is: com.google.android.webview  current info's userId is: 0
01-10 15:08:06.790 30900 30900 D ApplicationsState: The current packageName is: com.google.android.overlay.modules.documentsui  current info's userId is: 0
01-10 15:08:06.790 30900 30900 D ApplicationsState: The current packageName is: com.mipay.wallet  current info's userId is: 0
01-10 15:08:06.790 30900 30900 D ApplicationsState: The current packageName is: com.ss.android.article.news  current info's userId is: 0
01-10 15:08:06.790 30900 30900 D ApplicationsState: The current packageName is: com.android.server.telecom  current info's userId is: 0
01-10 15:08:06.790 30900 30900 D ApplicationsState: The current packageName is: com.android.server.telecom.overlay.miui  current info's userId is: 0
01-10 15:08:06.790 30900 30900 D ApplicationsState: The current packageName is: com.google.android.syncadapters.contacts  current info's userId is: 0
01-10 15:08:06.790 30900 30900 D ApplicationsState: The current packageName is: com.android.cellbroadcastservice  current info's userId is: 0
01-10 15:08:06.790 30900 30900 D ApplicationsState: The current packageName is: com.android.keychain  current info's userId is: 0
01-10 15:08:06.790 30900 30900 D ApplicationsState: The current packageName is: com.qti.snapdragon.qdcm_ff  current info's userId is: 0
01-10 15:08:06.790 30900 30900 D ApplicationsState: The current packageName is: com.android.camera  current info's userId is: 0
01-10 15:08:06.790 30900 30900 D ApplicationsState: The current packageName is: com.UCMobile  current info's userId is: 0
01-10 15:08:06.790 30900 30900 D ApplicationsState: The current packageName is: com.xiaomi.shop  current info's userId is: 0
01-10 15:08:06.790 30900 30900 D ApplicationsState: The current packageName is: com.xiaomi.xmsf  current info's userId is: 0
01-10 15:08:06.790 30900 30900 D ApplicationsState: The current packageName is: com.miui.miwallpaper.wallpaperoverlay.config.overlay  current info's userId is: 0
01-10 15:08:06.790 30900 30900 D ApplicationsState: The current packageName is: com.ss.android.ugc.aweme  current info's userId is: 0
01-10 15:08:06.790 30900 30900 D ApplicationsState: The current packageName is: com.miui.mishare.connectivity  current info's userId is: 0
01-10 15:08:06.790 30900 30900 D ApplicationsState: The current packageName is: com.google.android.gms  current info's userId is: 0
01-10 15:08:06.790 30900 30900 D ApplicationsState: The current packageName is: com.google.android.gsf  current info's userId is: 0
01-10 15:08:06.790 30900 30900 D ApplicationsState: The current packageName is: com.google.android.tag  current info's userId is: 0
01-10 15:08:06.790 30900 30900 D ApplicationsState: The current packageName is: com.android.wifi.resources  current info's userId is: 0
01-10 15:08:06.790 30900 30900 D ApplicationsState: The current packageName is: com.android.phone.overlay.common  current info's userId is: 0
01-10 15:08:06.790 30900 30900 D ApplicationsState: The current packageName is: com.android.carrierconfig.overlay.common  current info's userId is: 0
01-10 15:08:06.790 30900 30900 D ApplicationsState: The current packageName is: com.android.calllogbackup  current info's userId is: 0
01-10 15:08:06.790 30900 30900 D ApplicationsState: The current packageName is: com.miui.freeform  current info's userId is: 0
01-10 15:08:06.790 30900 30900 D ApplicationsState: The current packageName is: android.aosp.overlay  current info's userId is: 0
01-10 15:08:06.790 30900 30900 D ApplicationsState: The current packageName is: com.android.systemui.overlay.common  current info's userId is: 0
01-10 15:08:06.790 30900 30900 D ApplicationsState: The current packageName is: com.tencent.mobileqq  current info's userId is: 0
01-10 15:08:06.790 30900 30900 D ApplicationsState: The current packageName is: com.android.cameraextensions  current info's userId is: 0
01-10 15:08:06.790 30900 30900 D ApplicationsState: The current packageName is: com.xiaomi.xmsfkeeper  current info's userId is: 0
01-10 15:08:06.790 30900 30900 D ApplicationsState: The current packageName is: com.android.server.telecom.overlay.common  current info's userId is: 0
01-10 15:08:06.790 30900 30900 D ApplicationsState: The current packageName is: com.android.localtransport  current info's userId is: 0
01-10 15:08:06.790 30900 30900 D ApplicationsState: The current packageName is: com.android.packageinstaller  current info's userId is: 0
01-10 15:08:06.790 30900 30900 D ApplicationsState: The current packageName is: com.android.carrierdefaultapp  current info's userId is: 0
01-10 15:08:06.790 30900 30900 D ApplicationsState: The current packageName is: com.miui.wallpaper.overlay.customize  current info's userId is: 0
01-10 15:08:06.790 30900 30900 D ApplicationsState: The current packageName is: com.qualcomm.qti.remoteSimlockAuth  current info's userId is: 0
01-10 15:08:06.791 30900 30900 D ApplicationsState: The current packageName is: com.xiaomi.finddevice  current info's userId is: 0
01-10 15:08:06.791 30900 30900 D ApplicationsState: The current packageName is: com.qualcomm.qti.devicestatisticsservice  current info's userId is: 0
01-10 15:08:06.791 30900 30900 D ApplicationsState: The current packageName is: com.android.theme.font.notoserifsource  current info's userId is: 0
01-10 15:08:06.791 30900 30900 D ApplicationsState: The current packageName is: com.android.proxyhandler  current info's userId is: 0
01-10 15:08:06.791 30900 30900 D ApplicationsState: The current packageName is: com.xiaomi.joyose  current info's userId is: 0
01-10 15:08:06.791 30900 30900 D ApplicationsState: The current packageName is: com.android.internal.display.cutout.emulation.waterfall  current info's userId is: 0
01-10 15:08:06.791 30900 30900 D ApplicationsState: The current packageName is: com.qualcomm.qti.workloadclassifier  current info's userId is: 0
01-10 15:08:06.791 30900 30900 D ApplicationsState: The current packageName is: com.iflytek.inputmethod.miui  current info's userId is: 0
01-10 15:08:06.791 30900 30900 D ApplicationsState: The current packageName is: com.rongcard.eidapi  current info's userId is: 0
01-10 15:08:06.791 30900 30900 D ApplicationsState: The current packageName is: com.miui.newhome  current info's userId is: 0
01-10 15:08:06.791 30900 30900 D ApplicationsState: The current packageName is: com.miui.nextpay  current info's userId is: 0
01-10 15:08:06.791 30900 30900 D ApplicationsState: The current packageName is: com.miui.notes  current info's userId is: 0
01-10 15:08:06.791 30900 30900 D ApplicationsState: The current packageName is: com.miui.video  current info's userId is: 0
01-10 15:08:06.791 30900 30900 D ApplicationsState: The current packageName is: com.miui.wmsvc  current info's userId is: 0
01-10 15:08:06.791 30900 30900 D ApplicationsState: The current packageName is: com.xiaomi.market  current info's userId is: 0
01-10 15:08:06.791 30900 30900 D ApplicationsState: The current packageName is: com.xiaomi.misettings  current info's userId is: 0
01-10 15:08:06.791 30900 30900 D ApplicationsState: The current packageName is: com.google.android.printservice.recommendation  current info's userId is: 0
01-10 15:08:06.791 30900 30900 D ApplicationsState: The current packageName is: com.xiaomi.mirror  current info's userId is: 0
01-10 15:08:06.791 30900 30900 D ApplicationsState: The current packageName is: com.miui.translationservice  current info's userId is: 0
01-10 15:08:06.791 30900 30900 D ApplicationsState: The current packageName is: com.miui.cloudservice  current info's userId is: 0
01-10 15:08:06.791 30900 30900 D ApplicationsState: The current packageName is: com.android.managedprovisioning  current info's userId is: 0
01-10 15:08:06.791 30900 30900 D ApplicationsState: The current packageName is: com.miui.hybrid.accessory  current info's userId is: 0
01-10 15:08:06.791 30900 30900 D ApplicationsState: The current packageName is: com.miui.core.internal.editor.services  current info's userId is: 0
01-10 15:08:06.791 30900 30900 D ApplicationsState: The current packageName is: com.android.soundpicker  current info's userId is: 0
01-10 15:08:06.791 30900 30900 D ApplicationsState: The current packageName is: com.tencent.soter.soterserver  current info's userId is: 0
01-10 15:08:06.791 30900 30900 D ApplicationsState: The current packageName is: com.google.android.documentsui  current info's userId is: 0
01-10 15:08:06.791 30900 30900 D ApplicationsState: The current packageName is: com.xiaomi.gnss.polaris  current info's userId is: 0
01-10 15:08:06.791 30900 30900 D ApplicationsState: The current packageName is: com.android.dreams.phototable  current info's userId is: 0
01-10 15:08:06.791 30900 30900 D ApplicationsState: The current packageName is: com.miui.audiomonitor  current info's userId is: 0
01-10 15:08:06.791 30900 30900 D ApplicationsState: The current packageName is: com.xiaomi.otrpbroker  current info's userId is: 0
01-10 15:08:06.791 30900 30900 D ApplicationsState: The current packageName is: com.miui.translation.xmcloud  current info's userId is: 0
01-10 15:08:06.791 30900 30900 D ApplicationsState: The current packageName is: com.goodix.fingerprint.setting  current info's userId is: 0
01-10 15:08:06.791 30900 30900 D ApplicationsState: The current packageName is: com.sohu.inputmethod.sogou.xiaomi  current info's userId is: 0
01-10 15:08:06.791 30900 30900 D ApplicationsState: The current packageName is: com.miui.touchassistant  current info's userId is: 0
01-10 15:08:06.791 30900 30900 D ApplicationsState: The current packageName is: com.xiaomi.aon  current info's userId is: 0
01-10 15:08:06.791 30900 30900 D ApplicationsState: The current packageName is: com.xiaomi.mtb  current info's userId is: 0
01-10 15:08:06.791 30900 30900 D ApplicationsState: The current packageName is: com.ximalaya.ting.android  current info's userId is: 0
01-10 15:08:06.791 30900 30900 D ApplicationsState: The current packageName is: io.appium.uiautomator2.server.test  current info's userId is: 0
01-10 15:08:06.791 30900 30900 D ApplicationsState: The current packageName is: com.baidu.BaiduMap  current info's userId is: 0
01-10 15:08:06.791 30900 30900 D ApplicationsState: The current packageName is: com.zhihu.android  current info's userId is: 0
01-10 15:08:06.791 30900 30900 D ApplicationsState: The current packageName is: com.android.smspush  current info's userId is: 0
01-10 15:08:06.791 30900 30900 D ApplicationsState: The current packageName is: com.miui.calculator  current info's userId is: 0
01-10 15:08:06.791 30900 30900 D ApplicationsState: The current packageName is: com.android.wallpaper.livepicker  current info's userId is: 0
01-10 15:08:06.791 30900 30900 D ApplicationsState: The current packageName is: com.miui.miwallpaper  current info's userId is: 0
01-10 15:08:06.791 30900 30900 D ApplicationsState: The current packageName is: com.xiaomi.youpin  current info's userId is: 0
01-10 15:08:06.791 30900 30900 D ApplicationsState: The current packageName is: com.miui.securityinputmethod  current info's userId is: 0
01-10 15:08:06.791 30900 30900 D ApplicationsState: The current packageName is: com.xiaomi.gamecenter  current info's userId is: 0
01-10 15:08:06.791 30900 30900 D ApplicationsState: The current packageName is: com.dragon.read  current info's userId is: 0
01-10 15:08:06.791 30900 30900 D ApplicationsState: The current packageName is: com.android.systemui.navigation.bar.overlay  current info's userId is: 0
01-10 15:08:06.791 30900 30900 D ApplicationsState: The current packageName is: com.Qunar  current info's userId is: 0
01-10 15:08:06.791 30900 30900 D ApplicationsState: The current packageName is: com.xiaomi.bluetooth  current info's userId is: 0
01-10 15:08:06.791 30900 30900 D ApplicationsState: The current packageName is: com.xiaomi.metoknlp  current info's userId is: 0
01-10 15:08:06.791 30900 30900 D ApplicationsState: The current packageName is: com.google.android.cellbroadcastservice.overlay.miui  current info's userId is: 0
01-10 15:08:06.791 30900 30900 D ApplicationsState: The current packageName is: com.android.storagemanager  current info's userId is: 0
01-10 15:08:06.791 30900 30900 D ApplicationsState: The current packageName is: com.miui.analytics  current info's userId is: 0
01-10 15:08:06.791 30900 30900 D ApplicationsState: The current packageName is: com.android.bookmarkprovider  current info's userId is: 0
01-10 15:08:06.791 30900 30900 D ApplicationsState: The current packageName is: com.android.settings  current info's userId is: 0
01-10 15:08:06.791 30900 30900 D ApplicationsState: The current packageName is: com.qualcomm.qti.cne  current info's userId is: 0
01-10 15:08:06.791 30900 30900 D ApplicationsState: The current packageName is: com.qualcomm.qti.lpa  current info's userId is: 0
01-10 15:08:06.791 30900 30900 D ApplicationsState: The current packageName is: com.qualcomm.qti.uim  current info's userId is: 0
01-10 15:08:06.791 30900 30900 D ApplicationsState: The current packageName is: com.miui.weather2  current info's userId is: 0
01-10 15:08:06.791 30900 30900 D ApplicationsState: The current packageName is: org.mipay.android.manager  current info's userId is: 0
01-10 15:08:06.791 30900 30900 D ApplicationsState: The current packageName is: com.android.networkstack.tethering.inprocess  current info's userId is: 0
01-10 15:08:06.791 30900 30900 D ApplicationsState: The current packageName is: com.android.networkstack.permissionconfig  current info's userId is: 0
01-10 15:08:06.791 30900 30900 D ApplicationsState: The current packageName is: com.modemdebug  current info's userId is: 0
01-10 15:08:06.791 30900 30900 D ApplicationsState: The current packageName is: com.qualcomm.location  current info's userId is: 0
01-10 15:08:06.791 30900 30900 D ApplicationsState: The current packageName is: com.xiaomi.scanner  current info's userId is: 0
01-10 15:08:06.791 30900 30900 D ApplicationsState: The current packageName is: com.duokan.reader  current info's userId is: 0
01-10 15:08:06.791 30900 30900 D ApplicationsState: The current packageName is: com.android.cts.ctsshim  current info's userId is: 0
01-10 15:08:06.791 30900 30900 D ApplicationsState: The current packageName is: com.miui.mediaeditor  current info's userId is: 0
01-10 15:08:06.791 30900 30900 D ApplicationsState: The current packageName is: com.miui.yellowpage  current info's userId is: 0
01-10 15:08:06.791 30900 30900 D ApplicationsState: The current packageName is: com.miui.accessibility  current info's userId is: 0
01-10 15:08:06.791 30900 30900 D ApplicationsState: The current packageName is: com.qualcomm.qti.uimGbaApp  current info's userId is: 0
01-10 15:08:06.791 30900 30900 D ApplicationsState: The current packageName is: com.miui.systemui.carriers.overlay  current info's userId is: 0
01-10 15:08:06.791 30900 30900 D ApplicationsState: The current packageName is: com.miui.systemui.overlay.devices.android  current info's userId is: 0
01-10 15:08:06.791 30900 30900 D ApplicationsState: The current packageName is: com.android.vpndialogs  current info's userId is: 0
01-10 15:08:06.791 30900 30900 D ApplicationsState: The current packageName is: com.android.email  current info's userId is: 0
01-10 15:08:06.791 30900 30900 D ApplicationsState: The current packageName is: com.miui.voiceassist  current info's userId is: 0
01-10 15:08:06.791 30900 30900 D ApplicationsState: The current packageName is: com.sina.weibo  current info's userId is: 0
01-10 15:08:06.791 30900 30900 D ApplicationsState: The current packageName is: com.android.phone  current info's userId is: 0
01-10 15:08:06.791 30900 30900 D ApplicationsState: The current packageName is: com.android.overlay.gmstelephony  current info's userId is: 0
01-10 15:08:06.791 30900 30900 D ApplicationsState: The current packageName is: com.android.shell  current info's userId is: 0
01-10 15:08:06.791 30900 30900 D ApplicationsState: The current packageName is: com.android.wallpaperbackup  current info's userId is: 0
01-10 15:08:06.791 30900 30900 D ApplicationsState: The current packageName is: com.android.providers.blockednumber  current info's userId is: 0
01-10 15:08:06.791 30900 30900 D ApplicationsState: The current packageName is: com.miui.screenshot  current info's userId is: 0
01-10 15:08:06.791 30900 30900 D ApplicationsState: The current packageName is: com.android.overlay.gmstelecomm  current info's userId is: 0
01-10 15:08:06.791 30900 30900 D ApplicationsState: The current packageName is: com.android.providers.userdictionary  current info's userId is: 0
01-10 15:08:06.791 30900 30900 D ApplicationsState: The current packageName is: com.android.providers.media.module  current info's userId is: 0
01-10 15:08:06.791 30900 30900 D ApplicationsState: The current packageName is: com.android.emergency  current info's userId is: 0
01-10 15:08:06.791 30900 30900 D ApplicationsState: The current packageName is: com.android.hotspot2.osulogin  current info's userId is: 0
01-10 15:08:06.791 30900 30900 D ApplicationsState: The current packageName is: com.qualcomm.qti.qdma  current info's userId is: 0
01-10 15:08:06.791 30900 30900 D ApplicationsState: The current packageName is: com.qualcomm.qti.xrcb  current info's userId is: 0
01-10 15:08:06.791 30900 30900 D ApplicationsState: The current packageName is: com.smile.gifmaker  current info's userId is: 0
01-10 15:08:06.791 30900 30900 D ApplicationsState: The current packageName is: com.android.internal.systemui.navbar.gestural  current info's userId is: 0
01-10 15:08:06.791 30900 30900 D ApplicationsState: The current packageName is: com.android.location.fused  current info's userId is: 0
01-10 15:08:06.791 30900 30900 D ApplicationsState: The current packageName is: com.android.deskclock  current info's userId is: 0
01-10 15:08:06.791 30900 30900 D ApplicationsState: The current packageName is: com.android.systemui  current info's userId is: 0
01-10 15:08:06.791 30900 30900 D ApplicationsState: The current packageName is: com.miui.core.internal.services  current info's userId is: 0
01-10 15:08:06.791 30900 30900 D ApplicationsState: The current packageName is: com.android.wifi.resources.xiaomi  current info's userId is: 0
01-10 15:08:06.791 30900 30900 D ApplicationsState: The current packageName is: com.android.bluetoothmidiservice  current info's userId is: 0
01-10 15:08:06.791 30900 30900 D ApplicationsState: The current packageName is: com.qualcomm.qti.poweroffalarm  current info's userId is: 0
01-10 15:08:06.791 30900 30900 D ApplicationsState: The current packageName is: com.google.android.cellbroadcastreceiver.overlay.miui  current info's userId is: 0
01-10 15:08:06.791 30900 30900 D ApplicationsState: The current packageName is: com.qti.phone  current info's userId is: 0
01-10 15:08:06.791 30900 30900 D ApplicationsState: The current packageName is: com.android.permissioncontroller  current info's userId is: 0
01-10 15:08:06.791 30900 30900 D ApplicationsState: The current packageName is: com.android.thememanager  current info's userId is: 0
01-10 15:08:06.791 30900 30900 D ApplicationsState: The current packageName is: com.android.traceur  current info's userId is: 0
01-10 15:08:06.791 30900 30900 D ApplicationsState: The current packageName is: com.miui.mediaviewer  current info's userId is: 0
01-10 15:08:06.791 30900 30900 D ApplicationsState: The current packageName is: com.taobao.taobao  current info's userId is: 0
01-10 15:08:06.791 30900 30900 D ApplicationsState: The current packageName is: com.xiaomi.security.onetrack  current info's userId is: 0
01-10 15:08:06.791 30900 30900 D ApplicationsState: The current packageName is: com.qualcomm.qti.qms.service.trustzoneaccess  current info's userId is: 0
01-10 15:08:06.791 30900 30900 D ApplicationsState: The current packageName is: com.xiaomi.smarthome  current info's userId is: 0
01-10 15:08:06.791 30900 30900 D ApplicationsState: The current packageName is: com.lbe.security.miui  current info's userId is: 0
01-10 15:08:06.791 30900 30900 D ApplicationsState: The current packageName is: com.qualcomm.qtil.btdsda  current info's userId is: 0
01-10 15:08:06.791 30900 30900 D ApplicationsState: The current packageName is: com.android.bluetooth  current info's userId is: 0
01-10 15:08:06.791 30900 30900 D ApplicationsState: The current packageName is: com.qualcomm.timeservice  current info's userId is: 0
01-10 15:08:06.791 30900 30900 D ApplicationsState: The current packageName is: com.miui.newmidrive  current info's userId is: 0
01-10 15:08:06.791 30900 30900 D ApplicationsState: The current packageName is: com.qualcomm.atfwd  current info's userId is: 0
01-10 15:08:06.791 30900 30900 D ApplicationsState: The current packageName is: com.qualcomm.embms  current info's userId is: 0
01-10 15:08:06.791 30900 30900 D ApplicationsState: The current packageName is: com.android.providers.contacts  current info's userId is: 0
01-10 15:08:06.791 30900 30900 D ApplicationsState: The current packageName is: vendor.qti.imsrcs  current info's userId is: 0
01-10 15:08:06.791 30900 30900 D ApplicationsState: The current packageName is: tv.danmaku.bili  current info's userId is: 0
01-10 15:08:06.791 30900 30900 D ApplicationsState: The current packageName is: com.android.captiveportallogin  current info's userId is: 0
01-10 15:08:06.791 30900 30900 D ApplicationsState: The current packageName is: com.android.internal.systemui.navbar.gestural_narrow_back  current info's userId is: 0
01-10 15:08:06.791 30900 30900 D ApplicationsState: The current packageName is: com.eg.android.AlipayGphone  current info's userId is: 0
01-10 15:08:06.791 30900 30900 D ApplicationsState: The current packageName is: com.android.cellbroadcastreceiver.overlay.common  current info's userId is: 0
01-10 15:08:06.791 30900 30900 D ApplicationsState: The current packageName is: cn.wps.moffice_eng  current info's userId is: 0
01-10 15:08:06.791 30900 30900 D ApplicationsState: The current packageName is: com.miui.core  current info's userId is: 0
01-10 15:08:06.791 30900 30900 D ApplicationsState: The current packageName is: com.miui.face  current info's userId is: 0
01-10 15:08:06.791 30900 30900 D ApplicationsState: The current packageName is: com.miui.home  current info's userId is: 0
01-10 15:08:06.791 30900 30900 D ApplicationsState: The current packageName is: com.xiaomi.aiasst.service  current info's userId is: 0
01-10 15:08:06.791 30900 30900 D ApplicationsState: The current packageName is: com.achievo.vipshop  current info's userId is: 0
01-10 15:08:06.791 30900 30900 D ApplicationsState: The current packageName is: com.xiaomi.digitalkey  current info's userId is: 0
01-10 15:08:06.791 30900 30900 D ApplicationsState: The current packageName is: com.miui.audioeffect  current info's userId is: 0
01-10 15:08:06.862  4209  4209 D Launcher_UnlockAnimationStateMachine: mResetIdleStateRunnable
01-10 15:08:06.895 30900 30900 W AppButtonsPrefCtl: App is not explicitly stopped
01-10 15:08:06.897 30900 30909 I ndroid.setting: This is non sticky GC, maxfree is 8388608 minfree is 2097152
01-10 15:08:06.903 30900 30900 D DecorView[]: getWindowModeFromSystem  windowmode is 1
01-10 15:08:06.903 30900 30900 D DecorView[]: updateDecorCaptionStatus displayWindowDecor is false
01-10 15:08:06.908 30900  9664 W TileUtils: Found com.android.settings.Settings$WifiDisplaySettingsActivity for intent Intent { act=com.android.settings.action.SETTINGS pkg=com.android.settings } missing metadata com.android.settings.category
01-10 15:08:06.917 30900 30900 W Looper  : PerfMonitor looperActivity : package=com.android.settings/.applications.InstalledAppDetails time=0ms latency=344ms running=1ms  procState=-1  historyMsgCount=4 (msgIndex=1 wall=59ms seq=2803 running=17ms runnable=2ms h=android.app.ActivityThread$H w=159) (msgIndex=4 wall=300ms seq=2806 running=119ms runnable=8ms late=43ms h=android.app.ActivityThread$H w=159)
01-10 15:08:06.919  4209  4209 D RecentsImpl: mActivityStateObserver com.android.settings.applications.InstalledAppDetailsTop
01-10 15:08:06.919  4209  4209 W RecentsImpl: onResumed className=com.android.settings.applications.InstalledAppDetailsTop   mIsInAnotherPro=false   isKeyguardLocked=false
01-10 15:08:06.919  4209  4209 D RecentsImpl: showNavStubView
01-10 15:08:06.919  4209  4369 W RecentsImpl: disableTouchBySwipeStatusBar    disable=false
01-10 15:08:06.919  4209  4209 D NavStubView_Touch: setKeepHidden    old=false   new=false
01-10 15:08:06.921  4209  4369 D GestureStubView_Touch: disableTouchBySwipeStatusBar    old=false   new=false
01-10 15:08:06.921  4209  4369 D GestureStubView_Touch: disableTouchBySwipeStatusBar    old=false   new=false
01-10 15:08:06.921  4209  4369 W RecentsImpl: disableBackStubWindow    disableTouch=false
01-10 15:08:06.921  4209  4369 D GestureStubView_Touch: disableTouch    old=true   new=false
01-10 15:08:06.921  4209  4369 D GestureStubView_Touch: updateTouchable    old=true   new=true
01-10 15:08:06.921  4209  4369 D GestureStubView_Touch: disableTouch    old=true   new=false
01-10 15:08:06.921  4209  4369 D GestureStubView_Touch: updateTouchable    old=true   new=true
01-10 15:08:06.921  4209  4369 D RecentsImpl: showBackStubWindow  hasNavigationBar=true
01-10 15:08:06.922  4209  4369 D GestureStubView_Touch: setKeepHidden    old=true   new=false
01-10 15:08:06.922  4209  4369 D GestureStubView_Touch: updateTouchable    old=true   new=false
01-10 15:08:06.922  4209  4369 D GestureStubView_Touch:   updateTouchable---requestApplyInsets
01-10 15:08:06.927  2419  3015 I MiuiNetworkPolicyTrafficLimit: updateWhiteListUidForMobileTraffic uid=10190,add=true
01-10 15:08:06.927  4209  4369 W GestureStubView: adaptRotation   currentRotation=0   mRotation=0
01-10 15:08:06.927  4209  4369 D GestureStubView: resetRenderProperty: showGestureStub   isLayoutParamChanged=false
01-10 15:08:06.927  4209  4369 D GestureStubView_Touch: disableTouch    old=false   new=false
01-10 15:08:06.927  4209  4369 D GestureStubView: showGestureStub
01-10 15:08:06.927  4209  4369 D GestureStubView_Touch: setKeepHidden    old=true   new=false
01-10 15:08:06.927  4209  4369 D GestureStubView_Touch: updateTouchable    old=true   new=false
01-10 15:08:06.927  4209  4369 D GestureStubView_Touch:   updateTouchable---requestApplyInsets
01-10 15:08:06.927  4209  4369 W GestureStubView: adaptRotation   currentRotation=0   mRotation=0
01-10 15:08:06.928  4209  4369 D GestureStubView: resetRenderProperty: showGestureStub   isLayoutParamChanged=false
01-10 15:08:06.928  4209  4369 D GestureStubView_Touch: disableTouch    old=false   new=false
01-10 15:08:06.928  4209  4369 D GestureStubView: showGestureStub
01-10 15:08:06.928  4209  4369 D GestureStubView: gatherTransparentRegion: need render w:54  h:1440
01-10 15:08:06.929  4209  4369 D GestureStubView: gatherTransparentRegion: need render w:54  h:1440
01-10 15:08:06.929  2419  3015 D MiuiNetworkPolicyTrafficLimit: updateWhiteListUidForMobileTraffic rst=true
01-10 15:08:06.942  1236  2048 I vendor.qti.hardware.display.composer-service: FrameNotifyProcess Sensor: notify citsensorservice to trigger cwb
01-10 15:08:06.942  2064  2504 I libcitsensorservice@2.0-impl: msg_transfer
01-10 15:08:06.942  2064  2998 D vendor.xiaomi.sensor.citsensorservice@2.0-service: handle id:8 wxh:1280x2400 uwxuh:1080x2400 size: 9216000 fd:15 fd_meta:16 flags:0x4000228 usage:0x33  format:0x3 layer_count: 1
01-10 15:08:06.943  1236  1800 I SDM     : HWCSession::SetCWBOutputBuffer: CWB config passed by cwb_client : tappoint 1  CWB_ROI : (829.000000 4.000000 915.000000 90.000000)
01-10 15:08:06.945  1236  9666 I SDM     : HWCSession::ProcessRequests: Successfully configured CWB buffer.
01-10 15:08:06.952  1236  9666 I SDM     : HWCSession::ProcessRequests: Pushing release fence in fenece wait queue.
01-10 15:08:06.953  1236  9666 I SDM     : HWCSession::ProcessRequests: Creating AsyncFenceWaits async thread.
01-10 15:08:06.953  1236  9666 I SDM     : HWCSession::ProcessRequests: Remove current CWB request from the pending request queue.
01-10 15:08:06.953  1236  9666 I SDM     : HWCSession::ProcessRequests: No pending cwb requests found in the queue.
01-10 15:08:06.959  1236  1352 I SDM     : HWDeviceDRM::SetupConcurrentWriteback: Tear down the Concurrent Writeback topology
01-10 15:08:06.967  1236  9667 I SDM     : HWCSession::NotifyCWBStatus: Notify the client about buffer status 0.
01-10 15:08:06.967  1236  9667 I SDM     : HWCSession::PerformFenceWaits: Remove current release fence from the pending fence wait queue.
01-10 15:08:06.967  1236  9667 I SDM     : HWCSession::PerformFenceWaits: CWB fence queue is empty. No pending release fence to wait on.
01-10 15:08:06.985  2064  3007 D libsensor-displayalgo: the value of  brightness:433.000000,R:72558795.322633,G:64875218.908964,B:51460004.681747,EVENT_C:5016.000000,EVENT_R:1835.000000,EVENT_G:2619.000000,EVENT_B:1015.000000
01-10 15:08:06.985  2064  3007 I libsensor-displayalgo: the value of  Coef1:1107.681000,Coef4:2.383000, scale1:0.935522, scale4:0.923264
01-10 15:08:06.985  2064  3007 E libsensor-displayalgo: RGB_test_0407_400_oldzy!
01-10 15:08:06.985  2064  3007 I libsensor-displayalgo: the value of  RESULT2787.521820,1138.783802,1341.917013,480.155259
01-10 15:08:06.985  2064  3007 I libsensor-displayalgo: the value of  getChannelDataCalibrated2921.345356,1054.799522,1558.835282,523.602371
01-10 15:08:06.985  2064  3007 I libsensor-displayalgo: the value of  REAL LUX126.733322
01-10 15:08:06.985  2064  3007 I libsensor-displayalgo: the value of  CAL REAL LUX126.733322
01-10 15:08:07.032  2419  3774 I SmartPower.com.miui.personalassistant/10068(5856): visible->invisible(3300ms) R(become invisible) adj=100.
01-10 15:08:07.032  2419  3774 I SmartPower.com.miui.personalassistant/10068(5856): invisible->background(0ms) R(become background) adj=100.
01-10 15:08:07.034  2419  3440 I SmartPower: com.miui.personalassistant/10068 state=foreground adj=100 proc size=1 move to inactive become background
01-10 15:08:07.043  2419  3774 I WindowManagerService: Physical orientation applied, rotation=0 sfOrientation=ORIENTATION_0
01-10 15:08:07.047  2419  3969 I WindowManagerService: Physical orientation applied, rotation=0 sfOrientation=ORIENTATION_0
01-10 15:08:07.105  2419  3969 I WindowManagerService: Physical orientation applied, rotation=0 sfOrientation=ORIENTATION_0
01-10 15:08:07.135 12176 12184 I aomi.misetting: This is non sticky GC, maxfree is 8388608 minfree is 2097152
01-10 15:08:07.136 12176 12184 W aomi.misetting: Reducing the number of considered missed Gc histogram windows from 182 to 100
01-10 15:08:07.173 30900 30900 W RenderThread: type=1400 audit(0.0:63238): avc: denied { read write } for name="metis" dev="tmpfs" ino=1128 scontext=u:r:system_app:s0 tcontext=u:object_r:migt_dev:s0 tclass=chr_file permissive=0
01-10 15:08:07.191  7429  7461 I Role    : cn.missevan not qualified for android.app.role.HOME due to missing RequiredComponent{mIntentFilterData=IntentFilterData{mAction='android.intent.action.MAIN', mCategories='[android.intent.category.HOME]', mDataScheme='null', mDataType='null'}, mPermission='null'}
01-10 15:08:07.197  2419  2623 D PerfImpl: perfFirstDrawBoost: com.android.settings, 30900, 1
01-10 15:08:07.199  1248  5308 E ANDR-PERF-LM: ThreadHelper: thread_callback() 145: More than one pending updates!!! This should not happen. MeterMgr should avoid this case.
01-10 15:08:07.206  7429  7461 I Role    : cn.missevan not qualified for android.app.role.DIALER due to missing RequiredComponent{mIntentFilterData=IntentFilterData{mAction='android.intent.action.DIAL', mCategories='[]', mDataScheme='null', mDataType='null'}, mPermission='null'}
01-10 15:08:07.209  2419  2883 I WindowManagerService: Physical orientation applied, rotation=0 sfOrientation=ORIENTATION_0
01-10 15:08:07.212  7429  7461 I Role    : cn.missevan not qualified for android.app.role.SMS due to missing RequiredComponent{mIntentFilterData=IntentFilterData{mAction='android.provider.Telephony.SMS_DELIVER', mCategories='[]', mDataScheme='null', mDataType='null'}, mPermission='android.permission.BROADCAST_SMS'}
01-10 15:08:07.216  2419  2619 I ActivityTaskManager: Displayed com.android.settings/.applications.InstalledAppDetails: +672ms
01-10 15:08:07.216  2419  2619 D PerfImpl: perfLockReleaseHandler: 40929
01-10 15:08:07.217  2419  2619 I ActivityTaskManager: Fully drawn com.android.settings/.applications.InstalledAppDetails: +672ms
01-10 15:08:07.232 30900 30909 I ndroid.setting: This is non sticky GC, maxfree is 8388608 minfree is 2097152
01-10 15:08:07.250  1236  2048 I vendor.qti.hardware.display.composer-service: FrameNotifyProcess Sensor: notify citsensorservice to trigger cwb
01-10 15:08:07.250  2064  2504 I libcitsensorservice@2.0-impl: msg_transfer
01-10 15:08:07.250  2064  2998 D vendor.xiaomi.sensor.citsensorservice@2.0-service: handle id:8 wxh:1280x2400 uwxuh:1080x2400 size: 9216000 fd:15 fd_meta:16 flags:0x4000228 usage:0x33  format:0x3 layer_count: 1
01-10 15:08:07.250  1236  1800 I SDM     : HWCSession::SetCWBOutputBuffer: CWB config passed by cwb_client : tappoint 1  CWB_ROI : (829.000000 4.000000 915.000000 90.000000)
01-10 15:08:07.253  1236  9673 I SDM     : HWCSession::ProcessRequests: Successfully configured CWB buffer.
01-10 15:08:07.258  1236  9673 I SDM     : HWCSession::ProcessRequests: Pushing release fence in fenece wait queue.
01-10 15:08:07.258  1236  9673 I SDM     : HWCSession::ProcessRequests: Creating AsyncFenceWaits async thread.
01-10 15:08:07.258  1236  9673 I SDM     : HWCSession::ProcessRequests: Remove current CWB request from the pending request queue.
01-10 15:08:07.259  1236  9673 I SDM     : HWCSession::ProcessRequests: No pending cwb requests found in the queue.
01-10 15:08:07.265  1236  1352 I SDM     : HWDeviceDRM::SetupConcurrentWriteback: Tear down the Concurrent Writeback topology
01-10 15:08:07.272  1236  9674 I SDM     : HWCSession::NotifyCWBStatus: Notify the client about buffer status 0.
01-10 15:08:07.272  1236  9674 I SDM     : HWCSession::PerformFenceWaits: Remove current release fence from the pending fence wait queue.
01-10 15:08:07.272  1236  9674 I SDM     : HWCSession::PerformFenceWaits: CWB fence queue is empty. No pending release fence to wait on.
01-10 15:08:07.280  2064  3007 D libsensor-displayalgo: the value of  brightness:433.000000,R:71906672.226857,G:64295842.438185,B:50994982.067587,EVENT_C:5317.500000,EVENT_R:1962.500000,EVENT_G:2762.500000,EVENT_B:1063.000000
01-10 15:08:07.280  2064  3007 I libsensor-displayalgo: the value of  Coef1:1107.681000,Coef4:2.383000, scale1:0.935522, scale4:0.923264
01-10 15:08:07.280  2064  3007 E libsensor-displayalgo: RGB_test_0407_400_oldzy!
01-10 15:08:07.280  2064  3007 I libsensor-displayalgo: the value of  RESULT2770.332375,1131.567538,1334.211820,477.040445
01-10 15:08:07.280  2064  3007 I libsensor-displayalgo: the value of  getChannelDataCalibrated2903.330679,1048.115451,1549.884559,520.205711
01-10 15:08:07.280  2064  3007 I libsensor-displayalgo: the value of  REAL LUX146.985260
01-10 15:08:07.280  2064  3007 I libsensor-displayalgo: the value of  CAL REAL LUX146.985260
01-10 15:08:07.344  2419  3015 I MiuiNetworkPolicyTrafficLimit: updateWhiteListUidForMobileTraffic uid=10238,add=false
01-10 15:08:07.344  2419  3015 D MiuiNetworkPolicyTrafficLimit: updateWhiteListUidForMobileTraffic rst=true
01-10 15:08:07.378 30900 30900 D DecorView[]: onWindowFocusChanged hasWindowFocus true
01-10 15:08:07.379 30900 30900 I HandWritingStubImpl: refreshLastKeyboardType: 1
01-10 15:08:07.379 30900 30900 I HandWritingStubImpl: getCurrentKeyboardType: 1
01-10 15:08:07.382 12076 12076 E BaseInputMethodService: onUnbindInput
01-10 15:08:07.385 12076 12076 E BaseInputMethodService: onBindInput
01-10 15:08:07.386 12076 12076 E BaseInputMethodService: onFinishInput
01-10 15:08:07.386 12076 12076 E BaseInputMethodService: onStartInput
01-10 15:08:07.391  2419  2622 W TaskSnapshot_CInjector: couldPersist()... false.
01-10 15:08:07.454 30900 30900 I HandWritingStubImpl: isKeyboardTypeChanged: false
01-10 15:08:07.454 30900 30900 I HandWritingStubImpl: isKeyboardTypeChanged: false
01-10 15:08:07.481  2419  3773 I WindowManagerService: Physical orientation applied, rotation=0 sfOrientation=ORIENTATION_0
01-10 15:08:07.486  2419  3298 W InputManager-JNI: Input channel object 'a71ad56 Splash Screen com.android.settings (client)' was disposed without first being removed with the input manager!
01-10 15:08:07.497  4209  4209 D Launcher.Lifecycle: onStop:UserHandle{0},beb3236,false
01-10 15:08:07.499  4209  4209 D LauncherClient.Service: service already disconnected:com.miui.newhome
01-10 15:08:07.499  4209  4209 W Launcher.Workspace: MiuiHome:onSaveInstanceState
01-10 15:08:07.499  4209  4209 W ScreenView_Workspace: MiuiHome:onSaveInstanceState
01-10 15:08:07.499  4209  4209 W ScreenView_HotSeats: MiuiHome:onSaveInstanceState
01-10 15:08:07.499  4209  4209 W ScreenView_RecommendAppsThumbnailView: MiuiHome:onSaveInstanceState
01-10 15:08:07.499  4209  4209 W ScreenView_WorkspaceThumbnailView: MiuiHome:onSaveInstanceState
01-10 15:08:07.499  4209  4209 W ScreenView_EditingEntryThumbnailView: MiuiHome:onSaveInstanceState
01-10 15:08:07.499  4209  4209 W ViewPager: MiuiHome:onSaveInstanceState
01-10 15:08:07.499  4209  4209 W ScreenView_DeleteIconContainer: MiuiHome:onSaveInstanceState
01-10 15:08:07.500  5856  6247 D LauncherOverlay: setActivityState:0
01-10 15:08:07.500  5856  5856 D LauncherOverlay.Window: onStop
01-10 15:08:07.509  2419  3774 W ActivityTaskManager: Skip mGoingToSleepWakeLock release for sleepingOrShuttingDown
01-10 15:08:07.512  1356  1356 D MI-SF   : Launcher Changed hasLauncher=0
01-10 15:08:07.521  2419  3015 I MiuiNetworkPolicyTrafficLimit: updateWhiteListUidForMobileTraffic uid=10119,add=false
01-10 15:08:07.522  1120 30891 E traffic : traffic monitor has been disabled or argment error.
01-10 15:08:07.535  2419  3015 I MiuiNetworkPolicyTrafficLimit: updateWhiteListUidForMobileTraffic uid=10079,add=false
01-10 15:08:07.543  2419  3015 I MiuiNetworkPolicyTrafficLimit: updateWhiteListUidForMobileTraffic uid=10068,add=false
01-10 15:08:07.545  2419  3015 D MiuiNetworkPolicyTrafficLimit: updateWhiteListUidForMobileTraffic rst=true
01-10 15:08:07.548  2419  3015 D MiuiNetworkPolicyTrafficLimit: updateWhiteListUidForMobileTraffic rst=true
01-10 15:08:07.548  2419  3015 D MiuiNetworkPolicyTrafficLimit: updateWhiteListUidForMobileTraffic rst=true
01-10 15:08:07.553  1236  2048 I vendor.qti.hardware.display.composer-service: FrameNotifyProcess Sensor: notify citsensorservice to trigger cwb
01-10 15:08:07.554  2064  2504 I libcitsensorservice@2.0-impl: msg_transfer
01-10 15:08:07.554  2064  2998 D vendor.xiaomi.sensor.citsensorservice@2.0-service: handle id:8 wxh:1280x2400 uwxuh:1080x2400 size: 9216000 fd:15 fd_meta:16 flags:0x4000228 usage:0x33  format:0x3 layer_count: 1
01-10 15:08:07.554  1236  1800 I SDM     : HWCSession::SetCWBOutputBuffer: CWB config passed by cwb_client : tappoint 1  CWB_ROI : (829.000000 4.000000 915.000000 90.000000)
01-10 15:08:07.558  1236  9675 I SDM     : HWCSession::ProcessRequests: Successfully configured CWB buffer.
01-10 15:08:07.568 30900 30909 I ndroid.setting: This is non sticky GC, maxfree is 8388608 minfree is 2097152
01-10 15:08:07.572  1236  9675 I SDM     : HWCSession::ProcessRequests: Pushing release fence in fenece wait queue.
01-10 15:08:07.572  1236  9675 I SDM     : HWCSession::ProcessRequests: Creating AsyncFenceWaits async thread.
01-10 15:08:07.573  1236  9675 I SDM     : HWCSession::ProcessRequests: Remove current CWB request from the pending request queue.
01-10 15:08:07.573  1236  9675 I SDM     : HWCSession::ProcessRequests: No pending cwb requests found in the queue.
01-10 15:08:07.577  1236  1352 I SDM     : HWDeviceDRM::SetupConcurrentWriteback: Tear down the Concurrent Writeback topology
01-10 15:08:07.580  2064  3007 D libsensor-displayalgo: the value of  brightness:433.000000,R:71906672.226857,G:64295842.438185,B:50994982.067587,EVENT_C:5317.500000,EVENT_R:1962.500000,EVENT_G:2762.500000,EVENT_B:1063.000000
01-10 15:08:07.581  2064  3007 I libsensor-displayalgo: the value of  Coef1:1107.681000,Coef4:2.383000, scale1:0.935522, scale4:0.923264
01-10 15:08:07.581  2064  3007 E libsensor-displayalgo: RGB_test_0407_400_oldzy!
01-10 15:08:07.581  2064  3007 I libsensor-displayalgo: the value of  RESULT2770.332375,1131.567538,1334.211820,477.040445
01-10 15:08:07.581  2064  3007 I libsensor-displayalgo: the value of  getChannelDataCalibrated2903.330679,1048.115451,1549.884559,520.205711
01-10 15:08:07.581  2064  3007 I libsensor-displayalgo: the value of  REAL LUX146.985260
01-10 15:08:07.581  2064  3007 I libsensor-displayalgo: the value of  CAL REAL LUX146.985260
01-10 15:08:07.581  2064  3007 I libsensor-ssccalapi: value of set_lux: 126.733322
01-10 15:08:07.580  1236  9678 I SDM     : HWCSession::NotifyCWBStatus: Notify the client about buffer status 0.
01-10 15:08:07.583  1236  9678 I SDM     : HWCSession::PerformFenceWaits: Remove current release fence from the pending fence wait queue.
01-10 15:08:07.583  1236  9678 I SDM     : HWCSession::PerformFenceWaits: CWB fence queue is empty. No pending release fence to wait on.
01-10 15:08:07.680  1277  1277 D SRE     : sensorCallback mDisplayId = 0 dataCallback value=< 126.7337, 337.8201, 433.0000>,time=1042312026270246, sensor=5, temperature(K)= 337.8201
01-10 15:08:07.680  1277  1277 D SRE     : setSREStrength mDisplayId = 0, mLastLux = 106, lux = 126, mSREEnabled = 1, mLastFreezeStatus = 0, freeze = 0
01-10 15:08:07.717 30900 30900 W AppButtonsPrefCtl: App is not explicitly stopped
01-10 15:08:07.717 30900 30900 D AppInfoDashboard: Package change irrelevant, skipping
01-10 15:08:07.721 30900 30900 D AppInfoDashboard: Package change irrelevant, skipping
01-10 15:08:07.721 30900 30900 D AppInfoDashboard: Package change irrelevant, skipping
01-10 15:08:07.721 30900 30900 D AppInfoDashboard: Package change irrelevant, skipping
01-10 15:08:07.721 30900 30900 D AppInfoDashboard: Package change irrelevant, skipping
01-10 15:08:07.721 30900 30900 D AppInfoDashboard: Package change irrelevant, skipping
01-10 15:08:07.725 30900 30900 D AppInfoDashboard: Package change irrelevant, skipping
01-10 15:08:07.727 30900 30900 D AppInfoDashboard: Package change irrelevant, skipping
01-10 15:08:07.733 30900 30900 D AppInfoDashboard: Package change irrelevant, skipping
01-10 15:08:07.742 30900 30900 D AppInfoDashboard: Package change irrelevant, skipping
01-10 15:08:07.744 30900 30900 D AppInfoDashboard: Package change irrelevant, skipping
01-10 15:08:07.746 30900 30900 D AppInfoDashboard: Package change irrelevant, skipping
01-10 15:08:07.751 30900 30900 D AppInfoDashboard: Package change irrelevant, skipping
01-10 15:08:07.755  9516  9535 I ctivate.servic: This is non sticky GC, maxfree is 8388608 minfree is 2097152
01-10 15:08:07.757 30900 30900 D AppInfoDashboard: Package change irrelevant, skipping
01-10 15:08:07.759 30900 30900 D AppInfoDashboard: Package change irrelevant, skipping
01-10 15:08:07.761 30900 30900 D AppInfoDashboard: Package change irrelevant, skipping
01-10 15:08:07.767 30900 30900 D AppInfoDashboard: Package change irrelevant, skipping
01-10 15:08:07.772 30900 30900 D AppInfoDashboard: Package change irrelevant, skipping
01-10 15:08:07.778 30900 30900 D AppInfoDashboard: Package change irrelevant, skipping
01-10 15:08:07.780 30900 30900 D AppInfoDashboard: Package change irrelevant, skipping
01-10 15:08:07.787 30900 30900 D AppInfoDashboard: Package change irrelevant, skipping
01-10 15:08:07.789  6005  8188 I DisplayFrameSetting: homeToAppEnd pkg=com.android.settings
01-10 15:08:07.789 30900 30900 D AppInfoDashboard: Package change irrelevant, skipping
01-10 15:08:07.790 30900 30900 D AppInfoDashboard: Package change irrelevant, skipping
01-10 15:08:07.792 30900 30900 D AppInfoDashboard: Package change irrelevant, skipping
01-10 15:08:07.799 30900 30900 D AppInfoDashboard: Package change irrelevant, skipping
01-10 15:08:07.801 30900 30900 D AppInfoDashboard: Package change irrelevant, skipping
01-10 15:08:07.804 30900 30900 D AppInfoDashboard: Package change irrelevant, skipping
01-10 15:08:07.806 30900 30900 D AppInfoDashboard: Package change irrelevant, skipping
01-10 15:08:07.811 30900 30900 D AppInfoDashboard: Package change irrelevant, skipping
01-10 15:08:07.814 30900 30900 D AppInfoDashboard: Package change irrelevant, skipping
01-10 15:08:07.822 30900 30900 D AppInfoDashboard: Package change irrelevant, skipping
01-10 15:08:07.830 10745 10797 D IdProviderImpl: getOAID from com.miui.analytics
01-10 15:08:07.831 30900 30900 D AppInfoDashboard: Package change irrelevant, skipping
01-10 15:08:07.834 10745  9679 D IdProviderImpl: getOAID from com.miui.analytics
01-10 15:08:07.837 30900 30900 D AppInfoDashboard: Package change irrelevant, skipping
01-10 15:08:07.839 30900 30900 D AppInfoDashboard: Package change irrelevant, skipping
01-10 15:08:07.844 30900 30900 D AppInfoDashboard: Package change irrelevant, skipping
01-10 15:08:07.846 30900 30900 D AppInfoDashboard: Package change irrelevant, skipping
01-10 15:08:07.851 10745 10764 I .miui.analytic: This is sticky GC, maxfree is 8388608 minfree is 2097152
