06-08 18:21:20.165  1245 30922 I SDM     : HWCSession::NotifyCWBStatus: Notify the client about buffer status 0.
06-08 18:21:20.165  1245 30922 I SDM     : HWCSession::PerformFenceWaits: Remove current release fence from the pending fence wait queue.
06-08 18:21:20.165  1245 30922 I SDM     : HWCSession::PerformFenceWaits: CWB fence queue is empty. No pending release fence to wait on.
06-08 18:21:20.190  2403  5876 I WindowManagerService: Physical orientation applied, rotation=0 sfOrientation=ORIENTATION_0
06-08 18:21:20.292  2403  3919 I WindowManagerService: Physical orientation applied, rotation=0 sfOrientation=ORIENTATION_0
06-08 18:21:20.305  1977  2997 D libsensor-displayalgo: the value of  brightness:400.000000,R:70036135.511953,G:66112248.481580,B:70333473.267046,EVENT_C:6050.500000,EVENT_R:2356.000000,EVENT_G:3048.500000,EVENT_B:1205.500000
06-08 18:21:20.305  1977  2997 I libsensor-displayalgo: the value of  Coef1:1107.681000,Coef4:2.383000, scale1:0.935522, scale4:0.923264
06-08 18:21:20.305  1977  2997 E libsensor-displayalgo: RGB_test_0407_400_oldzy!
06-08 18:21:20.306  1977  2997 I libsensor-displayalgo: the value of  RESULT2688.174222,1072.160916,1302.405259,485.801981
06-08 18:21:20.306  1977  2997 I libsensor-displayalgo: the value of  getChannelDataCalibrated2809.064069,993.523799,1507.008924,526.554473
06-08 18:21:20.306  1977  2997 I libsensor-displayalgo: the value of  REAL LUX192.378906
06-08 18:21:20.306  1977  2997 I libsensor-displayalgo: the value of  CAL REAL LUX192.378906
06-08 18:21:20.388  2403  3919 I WindowManagerService: Physical orientation applied, rotation=0 sfOrientation=ORIENTATION_0
06-08 18:21:20.445  1245  2285 I vendor.qti.hardware.display.composer-service: FrameNotifyProcess Sensor: notify citsensorservice to trigger cwb
06-08 18:21:20.446  1977  2106 I libcitsensorservice@2.0-impl: msg_transfer
06-08 18:21:20.446  1977  2987 D vendor.xiaomi.sensor.citsensorservice@2.0-service: handle id:8 wxh:1280x2400 uwxuh:1080x2400 size: 9216000 fd:15 fd_meta:16 flags:0x4000228 usage:0x33  format:0x3 layer_count: 1
06-08 18:21:20.447  1245  1846 I SDM     : HWCSession::SetCWBOutputBuffer: CWB config passed by cwb_client : tappoint 1  CWB_ROI : (829.000000 4.000000 915.000000 90.000000)
06-08 18:21:20.454  1245 30923 I SDM     : HWCSession::ProcessRequests: Successfully configured CWB buffer.
06-08 18:21:20.463  1245 30923 I SDM     : HWCSession::ProcessRequests: Pushing release fence in fenece wait queue.
06-08 18:21:20.466  1245 30923 I SDM     : HWCSession::ProcessRequests: Creating AsyncFenceWaits async thread.
06-08 18:21:20.467  1245 30923 I SDM     : HWCSession::ProcessRequests: Remove current CWB request from the pending request queue.
06-08 18:21:20.467  1245 30923 I SDM     : HWCSession::ProcessRequests: No pending cwb requests found in the queue.
06-08 18:21:20.468 29468 29501 I appium  : channel read: POST /wd/hub/session/cfd318ce-f210-4e8c-9683-1cb7f91149d1/element
06-08 18:21:20.468 29468 29501 I appium  : FindElement command
06-08 18:21:20.470  1245  1464 I SDM     : HWDeviceDRM::SetupConcurrentWriteback: Tear down the Concurrent Writeback topology
06-08 18:21:20.470  7735  8457 I mars::stn: [longlink_connect_monitor.cc:474, OnHeartbeatAlarmReceived]:longlink_progress on_heartbeat_alarm, time: 3046080763, is_noop_timeout:false
06-08 18:21:20.472 29468 29501 I appium  : method: 'id', selector: 'cn.missevan:id/next'
06-08 18:21:20.472 29468 29501 I appium  : Waiting up to 100ms for the device to idle
06-08 18:21:20.477  1245 30926 I SDM     : HWCSession::NotifyCWBStatus: Notify the client about buffer status 0.
06-08 18:21:20.479  1245 30926 I SDM     : HWCSession::PerformFenceWaits: Remove current release fence from the pending fence wait queue.
06-08 18:21:20.479  1245 30926 I SDM     : HWCSession::PerformFenceWaits: CWB fence queue is empty. No pending release fence to wait on.
06-08 18:21:20.487  2403  4296 I WindowManagerService: Physical orientation applied, rotation=0 sfOrientation=ORIENTATION_0
06-08 18:21:20.498  5373 11229 W MiuiPerfServiceClient: interceptAndQueuing:29523|cn.missevan|134|42|2077903320750777|Slow handle traversal|5
06-08 18:21:20.508  7735 30913 I mars::stn: [longlink_connect_monitor.cc:470, OnHeartbeatAlarmSet]:longlink_progress on_heartbeat_set, time: 3046080801, time interval:210000
06-08 18:21:20.518  7735 30913 I mars::stn: [longlink_connect_monitor.cc:470, OnHeartbeatAlarmSet]:longlink_progress on_heartbeat_set, time: 3046080810, time interval:210000
06-08 18:21:20.605  2403  4296 I WindowManagerService: Physical orientation applied, rotation=0 sfOrientation=ORIENTATION_0
06-08 18:21:20.619 29468 29501 W QueryController: Could not detect idle state.
06-08 18:21:20.656  1372  1398 I com.miui.phras: This is non sticky GC, maxfree is 8388608 minfree is 2097152
06-08 18:21:20.660 29468 29501 W ByMatcher: Node returned null child: android.view.accessibility.AccessibilityNodeInfo@307113; boundsInParent: Rect(0, 0 - 1080, 956); boundsInScreen: Rect(0, 220 - 1080, 1176); packageName: cn.missevan; className: android.widget.FrameLayout; text: null; error: null; maxTextLength: -1; stateDescription: null; contentDescription: null; tooltipText: null; viewIdResName: cn.missevan:id/danmakuView; checkable: false; checked: false; focusable: false; focused: false; selected: false; clickable: false; longClickable: false; contextClickable: false; enabled: true; password: false; scrollable: false; importantForAccessibility: false; visible: true; actions: [AccessibilityAction: ACTION_SELECT - null, AccessibilityAction: ACTION_CLEAR_SELECTION - null, AccessibilityAction: ACTION_ACCESSIBILITY_FOCUS - null, AccessibilityAction: ACTION_SHOW_ON_SCREEN - null]
06-08 18:21:20.661 29468 29501 W ByMatcher: Skipping null child (1 of 2)
06-08 18:21:20.694  2403  4296 I WindowManagerService: Physical orientation applied, rotation=0 sfOrientation=ORIENTATION_0
06-08 18:21:20.704  1977  2997 D libsensor-displayalgo: the value of  brightness:400.000000,R:70036135.511953,G:66112248.481580,B:70333473.267046,EVENT_C:6104.000000,EVENT_R:2369.500000,EVENT_G:3079.000000,EVENT_B:1220.000000
06-08 18:21:20.704  1977  2997 I libsensor-displayalgo: the value of  Coef1:1107.681000,Coef4:2.383000, scale1:0.935522, scale4:0.923264
06-08 18:21:20.704  1977  2997 E libsensor-displayalgo: RGB_test_0407_400_oldzy!
06-08 18:21:20.704  1977  2997 I libsensor-displayalgo: the value of  RESULT2688.174222,1072.160916,1302.405259,485.801981
06-08 18:21:20.704  1977  2997 I libsensor-displayalgo: the value of  getChannelDataCalibrated2809.064069,993.523799,1507.008924,526.554473
06-08 18:21:20.704  1977  2997 I libsensor-displayalgo: the value of  REAL LUX195.855530
06-08 18:21:20.705  1977  2997 I libsensor-displayalgo: the value of  CAL REAL LUX195.855530
06-08 18:21:20.749  1245  2285 I vendor.qti.hardware.display.composer-service: FrameNotifyProcess Sensor: notify citsensorservice to trigger cwb
06-08 18:21:20.751  1977  3798 I libcitsensorservice@2.0-impl: msg_transfer
06-08 18:21:20.752  1977  2987 D vendor.xiaomi.sensor.citsensorservice@2.0-service: handle id:8 wxh:1280x2400 uwxuh:1080x2400 size: 9216000 fd:15 fd_meta:16 flags:0x4000228 usage:0x33  format:0x3 layer_count: 1
06-08 18:21:20.752  1245  1846 I SDM     : HWCSession::SetCWBOutputBuffer: CWB config passed by cwb_client : tappoint 1  CWB_ROI : (829.000000 4.000000 915.000000 90.000000)
06-08 18:21:20.754  1245 30927 I SDM     : HWCSession::ProcessRequests: Successfully configured CWB buffer.
06-08 18:21:20.761  1245 30927 I SDM     : HWCSession::ProcessRequests: Pushing release fence in fenece wait queue.
06-08 18:21:20.761  1245 30927 I SDM     : HWCSession::ProcessRequests: Creating AsyncFenceWaits async thread.
06-08 18:21:20.761  1245 30927 I SDM     : HWCSession::ProcessRequests: Remove current CWB request from the pending request queue.
06-08 18:21:20.761  1245 30927 I SDM     : HWCSession::ProcessRequests: No pending cwb requests found in the queue.
06-08 18:21:20.766  1245  1464 I SDM     : HWDeviceDRM::SetupConcurrentWriteback: Tear down the Concurrent Writeback topology
06-08 18:21:20.770 29468 29501 I appium  : AppiumResponse: {"sessionId":"cfd318ce-f210-4e8c-9683-1cb7f91149d1","value":{"ELEMENT":"00000000-0000-020b-ffff-ffff00000cf1","element-6066-11e4-a52e-4f735466cecf":"00000000-0000-020b-ffff-ffff00000cf1"}}
06-08 18:21:20.775  1245 30928 I SDM     : HWCSession::NotifyCWBStatus: Notify the client about buffer status 0.
06-08 18:21:20.776  1245 30928 I SDM     : HWCSession::PerformFenceWaits: Remove current release fence from the pending fence wait queue.
06-08 18:21:20.776  1245 30928 I SDM     : HWCSession::PerformFenceWaits: CWB fence queue is empty. No pending release fence to wait on.
06-08 18:21:20.791  2403  4296 I WindowManagerService: Physical orientation applied, rotation=0 sfOrientation=ORIENTATION_0
06-08 18:21:20.797 29468 29501 I appium  : channel read: POST /wd/hub/session/cfd318ce-f210-4e8c-9683-1cb7f91149d1/element/00000000-0000-020b-ffff-ffff00000cf1/click
06-08 18:21:20.798 29468 29501 I appium  : Click command
06-08 18:21:20.904  2403  4296 I WindowManagerService: Physical orientation applied, rotation=0 sfOrientation=ORIENTATION_0
06-08 18:21:20.922 29468 29501 W QueryController: Could not detect idle state.
06-08 18:21:20.952  4164  4164 D MiPlayDetailViewModel: onPositionChange(): position = 1266
06-08 18:21:20.953  6952 30705 I SafeBinderCall: onPositionChange binder cost:0
06-08 18:21:21.005  1977  2997 D libsensor-displayalgo: the value of  brightness:400.000000,R:70036135.511953,G:66112248.481580,B:70333473.267046,EVENT_C:6050.000000,EVENT_R:2354.500000,EVENT_G:3051.000000,EVENT_B:1206.500000
06-08 18:21:21.005  1977  2997 I libsensor-displayalgo: the value of  Coef1:1107.681000,Coef4:2.383000, scale1:0.935522, scale4:0.923264
06-08 18:21:21.006  1977  2997 E libsensor-displayalgo: RGB_test_0407_400_oldzy!
06-08 18:21:21.006  1977  2997 I libsensor-displayalgo: the value of  RESULT2688.174222,1072.160916,1302.405259,485.801981
06-08 18:21:21.006  1977  2997 I libsensor-displayalgo: the value of  getChannelDataCalibrated2809.064069,993.523799,1507.008924,526.554473
06-08 18:21:21.006  1977  2997 I libsensor-displayalgo: the value of  REAL LUX192.432693
06-08 18:21:21.006  1977  2997 I libsensor-displayalgo: the value of  CAL REAL LUX192.432693
06-08 18:21:21.006  2403  3919 I WindowManagerService: Physical orientation applied, rotation=0 sfOrientation=ORIENTATION_0
06-08 18:21:21.026 29468 29501 W QueryController: Could not detect idle state.
06-08 18:21:21.044  2403  3919 D MIUIInput: Input event injection from pid 29447, MotionEvent: DOWN
06-08 18:21:21.045  2403  2910 D MIUIInput: [MotionEvent] publisher action=0x4, 2077904496, channel '9ede85b NavigationBar0 (server)'
06-08 18:21:21.045  2403  2910 D MIUIInput: [MotionEvent] publisher action=0x0, 2077904496, channel 'b941ad3 cn.missevan/cn.missevan.activity.MainActivity (server)'
06-08 18:21:21.046 29523 29523 D MIUIInput: [MotionEvent] ViewRootImpl windowName 'cn.missevan/cn.missevan.activity.MainActivity', { action=ACTION_DOWN, id[0]=0, pointerCount=1, eventTime=2077904496, downTime=2077904495, phoneEventTime=18:21:21.040 } moveCount:0
06-08 18:21:21.049  2403  3919 D MIUIInput: Input event injection from pid 29447, MotionEvent: UP
06-08 18:21:21.049  2403  2910 D MIUIInput: [MotionEvent] publisher action=0x1, 2077904496, channel 'b941ad3 cn.missevan/cn.missevan.activity.MainActivity (server)'
06-08 18:21:21.050 29523 29523 D MIUIInput: [MotionEvent] ViewRootImpl windowName 'cn.missevan/cn.missevan.activity.MainActivity', { action=ACTION_UP, id[0]=0, pointerCount=1, eventTime=2077904496, downTime=2077904495, phoneEventTime=18:21:21.039 } moveCount:0
06-08 18:21:21.054  1245  2285 I vendor.qti.hardware.display.composer-service: FrameNotifyProcess Sensor: notify citsensorservice to trigger cwb
06-08 18:21:21.055  1977  1977 I libcitsensorservice@2.0-impl: msg_transfer
06-08 18:21:21.055  1977  2987 D vendor.xiaomi.sensor.citsensorservice@2.0-service: handle id:8 wxh:1280x2400 uwxuh:1080x2400 size: 9216000 fd:15 fd_meta:16 flags:0x4000228 usage:0x33  format:0x3 layer_count: 1
06-08 18:21:21.056  1245  1846 I SDM     : HWCSession::SetCWBOutputBuffer: CWB config passed by cwb_client : tappoint 1  CWB_ROI : (829.000000 4.000000 915.000000 90.000000)
06-08 18:21:21.059  2403  4296 I MediaFocusControl: abandonAudioFocus() from uid/pid 10462/29685 clientId=android.media.AudioManager@2b470c3cn.missevan.lib.utils.AudioFocusManager@b019d40
06-08 18:21:21.060  1245 30929 I SDM     : HWCSession::ProcessRequests: Successfully configured CWB buffer.
06-08 18:21:21.060 29685 29685 I @@@BBPLOG: Info T2A64C4F8 CPlayMain L367 Set audio track usage: 2
06-08 18:21:21.062 29468 29501 I appium  : Waiting up to 100ms for the device to idle
06-08 18:21:21.064  2403  3919 W InputManager-JNI: Input channel object 'cb383e2 PopupWindow:2321b0b (client)' was disposed without first being removed with the input manager!
06-08 18:21:21.066  1245 30929 I SDM     : HWCSession::ProcessRequests: Pushing release fence in fenece wait queue.
06-08 18:21:21.066  1245 30929 I SDM     : HWCSession::ProcessRequests: Creating AsyncFenceWaits async thread.
06-08 18:21:21.067  1245 30929 I SDM     : HWCSession::ProcessRequests: Remove current CWB request from the pending request queue.
06-08 18:21:21.067  1245 30929 I SDM     : HWCSession::ProcessRequests: No pending cwb requests found in the queue.
06-08 18:21:21.071  1245  1464 I SDM     : HWDeviceDRM::SetupConcurrentWriteback: Tear down the Concurrent Writeback topology
06-08 18:21:21.078  1245 30930 I SDM     : HWCSession::NotifyCWBStatus: Notify the client about buffer status 0.
06-08 18:21:21.079  1245 30930 I SDM     : HWCSession::PerformFenceWaits: Remove current release fence from the pending fence wait queue.
06-08 18:21:21.079  1245 30930 I SDM     : HWCSession::PerformFenceWaits: CWB fence queue is empty. No pending release fence to wait on.
06-08 18:21:21.083 29523 29523 I HandWritingStubImpl: isKeyboardTypeChanged: false
06-08 18:21:21.083 29523 29523 I HandWritingStubImpl: isKeyboardTypeChanged: false
06-08 18:21:21.084 29523 29523 I HandWritingStubImpl: isKeyboardTypeChanged: false
06-08 18:21:21.084 29523 29523 I HandWritingStubImpl: isKeyboardTypeChanged: false
06-08 18:21:21.085 29523 29523 I HandWritingStubImpl: isKeyboardTypeChanged: false
06-08 18:21:21.086 29523 29523 I HandWritingStubImpl: isKeyboardTypeChanged: false
06-08 18:21:21.087 29523 29523 I HandWritingStubImpl: isKeyboardTypeChanged: false
06-08 18:21:21.087 29523 29523 I HandWritingStubImpl: isKeyboardTypeChanged: false
06-08 18:21:21.136 29685 29685 I @@@BBPLOG: Info T2A64C4F8 CPlayMain L283 The Session UUID: 14f7c5b6-5b3d-42e7-b46e-825f15f75fca
06-08 18:21:21.139 29685 29685 I @@@BBPLOG: Info T2A64C4F8 bbPlayer L143 Open source: https://cn-sxxa-ct-03-04.bilivideo.com/mefmxcodeboss/aod/202008/09/a8ed53e7fcc22eaf6755411db3a5a8b8200456-128k.m4a?e=ig8euxZM2rNcNbdlhoNvNC8BqJIzNbfqXBvEuENvNC8aNEVEtEvE9IMvXBvE2ENvNCImNEVEIj0Y2J_aug859r1qXg8xNEVE5XREto8GuFGv2U7SuxI72X6fTr859IB_&uipk=5&nbs=1&deadline=1686226872&gen=playurlv2&os=bcache&oi=3729190097&trid=0000ea2c41724a2f4858b69e42eb49f2b9fdB&mid=0&platform=android&upsig=73dea53a8e82a909f246b26ede270e49&uparams=e,uipk,nbs,deadline,gen,os,oi,trid,mid,platform&cdnid=63304&bvc=vod&nettype=0&orderid=0,1&logo=00000000
06-08 18:21:21.147 29685 29841 I @@@BBPLOG: Info T5FAE6CB0 CPlayMain L707 Open task cache enable
06-08 18:21:21.154  6952  6952 I Cir_Miplay_ActiveAudioSessionManager: dispatchTopActiveSessionChangeCallbackLocked, size:1
06-08 18:21:21.156  6952  6952 I Cir_Miplay_MiPlayAudioService: onTopActiveSessionChange, cn.missevan
06-08 18:21:21.156  6952  6952 I Cir_Miplay_MiPlayAudioService: topActiveSessionChange appId:cn.missevan
06-08 18:21:21.156  6952  6952 I Cir_Miplay_MiPlayAudioStatUtils: recordPackageName:cn.missevan
06-08 18:21:21.156  6952  6952 I Cir_Miplay_MiPlayAudioStatUtils: packageNameEquals.
06-08 18:21:21.156  6952  6952 I Cir_Miplay_ActiveSessionRecord: dispatch meta change, MediaMetaData{mArtist='Megrezz', mAlbum='null', mTitle=' | ', mArt=valid, mDuration=2968630, mLrc='null'}
06-08 18:21:21.156  6952  6952 I Cir_Miplay_MiPlayAudioService: dispatchMetaChange:cn.missevan  ActiveSsionPackageName:cn.missevan
06-08 18:21:21.157 11442 11913 V Avrcp_ext: onMetadataChanged
06-08 18:21:21.160  6952  6952 I MiPlayProxyDeviceManager: onTopActiveSessionChange, cn.missevan
06-08 18:21:21.161  6952 15990 I Cir_Miplay_MiPlayAudioService: dispatchMetaChange:MediaMetaData{mArtist='Megrezz', mAlbum='null', mTitle=' | ', mArt=valid, mDuration=2968630, mLrc='null'}
06-08 18:21:21.161  6952 15990 I Cir_Miplay_MetaInfoManager: setMetadata.
06-08 18:21:21.161  6952  6952 I SafeBinderCall: onTopActiveSessionChange binder cost:0
06-08 18:21:21.162  6952  7187 I SafeBinderCall: onActiveAudioSessionChange binder cost:1
06-08 18:21:21.162 11442 11913 V Avrcp_ext: updateCurrentMediaState: mMediaController: MediaController (cn.missevan@1e9b8f9)  | , Megrezz, null
06-08 18:21:21.162 11442 11913 V Avrcp_ext: updateCurrentMediaState: isPlaying = false
06-08 18:21:21.162 11442 11913 W Avrcp_ext: isMusicActive: true getBluetoothPlayState: 1 A2dp State: 11 mAudioPlaybackIsActive: true
06-08 18:21:21.164  4164  4164 D MiPlayDetailViewModel: onActiveAudioSessionChange(): audioSessionList?.size = 1
06-08 18:21:21.164 11442 11913 D Avrcp_ext: isMusicActive = true mAudioPlaybackIsActive = true player state = PlaybackState {state=3, position=1478, buffered position=0, speed=1.0, updated=3046081456, actions=894, custom actions=[], active item id=-1, error=null}
06-08 18:21:21.164  1371  2214 D AudioTrackShared: tallyUnderrunFrames(300) at uf = 47600, bump mUnderrunCount = 2
06-08 18:21:21.166 11442 11913 D Avrcp_ext: overwrite album_artist :if album is blank
06-08 18:21:21.166  6952  6952 I SafeBinderCall: onMediaMetaChange binder cost:4
06-08 18:21:21.167  6952  6952 I MiPlayClientSDK: =======================================================================
06-08 18:21:21.167  6952  6952 I MiPlayClientSDK: onMediaInfoChange start
06-08 18:21:21.167  6952  6952 I MiPlayClientSDK: local_device_id, MediaMetaData{mArtist='Megrezz', mAlbum='null', mTitle=' | ', mDuration=2968630, mId='', mCoverUrl='', mStatus=0, mVolume=0, mArt=android.graphics.Bitmap@a5d151, mPosition=0, mLrc='null', mPackgeName='cn.missevan', mSourceName='2738969101Xiaomi Civi 2', mDeviceState=2}
06-08 18:21:21.167  6952  6952 I MiPlayClientSDK: onMediaInfoChange end
06-08 18:21:21.167  6952  6952 I MiPlayClientSDK: =======================================================================
06-08 18:21:21.167 11442 11913 V Avrcp_ext: Media update: id -1-1? [MediaAttributes:  -  by Mz (2968630 0/0) - ] : [MediaAttributes:  -  by Mz (90093 0/0) - ]
06-08 18:21:21.167 11442 11913 D Avrcp_ext: isPackageNameValid: browsedPackage = cn.missevanisValid = true
06-08 18:21:21.167 11442 11913 V Avrcp_ext: isBrowseSupported for cn.missevan: false
06-08 18:21:21.167 11442 11913 V Avrcp_ext: Send track changed
06-08 18:21:21.167  6952  6952 I MiPlayProxyDeviceManager: onMediaInfoChange
06-08 18:21:21.167 11442 11913 V Avrcp_ext: updatePlaybackState, state: PlaybackState {state=3, position=1478, buffered position=0, speed=1.0, updated=3046081456, actions=894, custom actions=[], active item id=-1, error=null} device: null
06-08 18:21:21.167 11442 11913 V Avrcp_ext: Device: no name:
06-08 18:21:21.167 11442 11913 V Avrcp_ext: Device: no name:
06-08 18:21:21.167  6952  6952 I MiPlay  : onMediaMetaChanged,local_device_id, meta:MediaMetaData{mArtist='Megrezz', mAlbum='null', mTitle=' | ', mDuration=2968630, art:valid}
06-08 18:21:21.167 11442 11913 V Avrcp_ext: Device: no name:
06-08 18:21:21.167 11442 11913 V Avrcp_ext: Device: no name:
06-08 18:21:21.167 11442 11913 V Avrcp_ext: Device: no name:
06-08 18:21:21.167 11442 11913 V Avrcp_ext: updatePlayerStateAndPosition, old=PlaybackState {state=3, position=59, buffered position=0, speed=1.0, updated=3046080037, actions=894, custom actions=[], active item id=-1, error=null}, state=PlaybackState {state=3, position=1478, buffered position=0, speed=1.0, updated=3046081456, actions=894, custom actions=[], active item id=-1, error=null}
06-08 18:21:21.167 11442 11913 V Avrcp_ext: old state = PlaybackState {state=3, position=59, buffered position=0, speed=1.0, updated=3046080037, actions=894, custom actions=[], active item id=-1, error=null}, new state= PlaybackState {state=3, position=1478, buffered position=0, speed=1.0, updated=3046081456, actions=894, custom actions=[], active item id=-1, error=null}
06-08 18:21:21.167 11442 11913 D HeadsetService: getHeadsetService(): returning com.android.bluetooth.hfp.HeadsetService@6a6242b
06-08 18:21:21.167 11442 11913 D HeadsetService:  isAudioOn: The number of audio connected devices 0
06-08 18:21:21.167 11442 11913 D HeadsetService: isScoOrCallActive(): Call Active:falseCall is Ringing:falseSCO is Active:false
06-08 18:21:21.167 11442 11913 D HeadsetService:  isAudioOn: The number of audio connected devices 0
06-08 18:21:21.167 11442 11913 V Avrcp_ext: isPlayStateTobeUpdated: device: null
06-08 18:21:21.167 11442 11913 V Avrcp_ext: Single connection exists
06-08 18:21:21.167 11442 11913 D HeadsetService:  isAudioOn: The number of audio connected devices 0
06-08 18:21:21.167 11442 11913 D HeadsetService: isScoOrCallActive(): Call Active:falseCall is Ringing:falseSCO is Active:false
06-08 18:21:21.167 11442 11913 D HeadsetService:  isAudioOn: The number of audio connected devices 0
06-08 18:21:21.167 11442 11913 V Avrcp_ext: isPlayStateTobeUpdated: device: null
06-08 18:21:21.167 11442 11913 V Avrcp_ext: Single connection exists
06-08 18:21:21.167 11442 11913 D HeadsetService:  isAudioOn: The number of audio connected devices 0
06-08 18:21:21.167 11442 11913 D HeadsetService: isScoOrCallActive(): Call Active:falseCall is Ringing:falseSCO is Active:false
06-08 18:21:21.167 11442 11913 D HeadsetService:  isAudioOn: The number of audio connected devices 0
06-08 18:21:21.167 11442 11913 V Avrcp_ext: isPlayStateTobeUpdated: device: null
06-08 18:21:21.167 11442 11913 V Avrcp_ext: Single connection exists
06-08 18:21:21.167 11442 11913 D HeadsetService:  isAudioOn: The number of audio connected devices 0
06-08 18:21:21.167 11442 11913 D HeadsetService: isScoOrCallActive(): Call Active:falseCall is Ringing:falseSCO is Active:false
06-08 18:21:21.167 11442 11913 D HeadsetService:  isAudioOn: The number of audio connected devices 0
06-08 18:21:21.167 11442 11913 V Avrcp_ext: isPlayStateTobeUpdated: device: null
06-08 18:21:21.167 11442 11913 V Avrcp_ext: Single connection exists
06-08 18:21:21.167 11442 11913 D HeadsetService:  isAudioOn: The number of audio connected devices 0
06-08 18:21:21.167 11442 11913 D HeadsetService: isScoOrCallActive(): Call Active:falseCall is Ringing:falseSCO is Active:false
06-08 18:21:21.167 11442 11913 D HeadsetService:  isAudioOn: The number of audio connected devices 0
06-08 18:21:21.167 11442 11913 V Avrcp_ext: isPlayStateTobeUpdated: device: null
06-08 18:21:21.167 11442 11913 V Avrcp_ext: Single connection exists
06-08 18:21:21.167 11442 11913 D Avrcp_ext: Enter sendPlayPosNotificationRsp
06-08 18:21:21.167 11442 11913 D Avrcp_ext: sendPlayPosNotificationRsp: Not registered or requesting.
06-08 18:21:21.167 11442 11913 D Avrcp_ext: Enter sendPlayPosNotificationRsp
06-08 18:21:21.167 11442 11913 D Avrcp_ext: sendPlayPosNotificationRsp: Not registered or requesting.
06-08 18:21:21.167 11442 11913 D Avrcp_ext: Enter sendPlayPosNotificationRsp
06-08 18:21:21.167 11442 11913 D Avrcp_ext: sendPlayPosNotificationRsp: Not registered or requesting.
06-08 18:21:21.167 11442 11913 D Avrcp_ext: Enter sendPlayPosNotificationRsp
06-08 18:21:21.167 11442 11913 D Avrcp_ext: sendPlayPosNotificationRsp: Not registered or requesting.
06-08 18:21:21.167 11442 11913 D Avrcp_ext: Enter sendPlayPosNotificationRsp
06-08 18:21:21.167 11442 11913 D Avrcp_ext: sendPlayPosNotificationRsp: Not registered or requesting.
06-08 18:21:21.167 11442 11913 V Avrcp_ext: Exit updatePlayerStateAndPosition
06-08 18:21:21.170 29468 29501 W QueryController: Could not detect idle state.
06-08 18:21:21.172 29468 29501 I appium  : AppiumResponse: {"sessionId":"cfd318ce-f210-4e8c-9683-1cb7f91149d1","value":null}
06-08 18:21:21.172 29685 29841 I @@@BBPLOG: Info T5FAE6CB0 CFileSrc L53 Open url: https://cn-sxxa-ct-03-04.bilivideo.com/mefmxcodeboss/aod/202008/09/a8ed53e7fcc22eaf6755411db3a5a8b8200456-128k.m4a?e=ig8euxZM2rNcNbdlhoNvNC8BqJIzNbfqXBvEuENvNC8aNEVEtEvE9IMvXBvE2ENvNCImNEVEIj0Y2J_aug859r1qXg8xNEVE5XREto8GuFGv2U7SuxI72X6fTr859IB_&uipk=5&nbs=1&deadline=1686226872&gen=playurlv2&os=bcache&oi=3729190097&trid=0000ea2c41724a2f4858b69e42eb49f2b9fdB&mid=0&platform=android&upsig=73dea53a8e82a909f246b26ede270e49&uparams=e,uipk,nbs,deadline,gen,os,oi,trid,mid,platform&cdnid=63304&bvc=vod&nettype=0&orderid=0,1&logo=00000000, flag: 0x1000
06-08 18:21:21.172 29685 29841 I @@@BBPLOG: Info T5FAE6CB0 CBPMFileIO L76 Get .bpm cache, header size: 328, media size: 50145976, cache chunk size: 262144, cached chunk cnt: 192, cache chunk cnt: 192
06-08 18:21:21.172  4164  4164 I SafeBinderCall: call getMediaMetaData binder cost:2
06-08 18:21:21.172 29685 29841 I @@@BBPLOG: Info T5FAE6CB0 CCacheIO L224 Read from cache, file name /data/user/0/cn.missevan/cache/bbp/player/main/fdb1adbaead748a0e5664bc9dd97ac2a.bpm
06-08 18:21:21.172 29685 29841 I @@@BBPLOG: Info T5FAE6CB0 CCacheIO L238 Open done, IOProtocol: file+cache
06-08 18:21:21.174  4164  4164 I SafeBinderCall: call getPosition binder cost:1
06-08 18:21:21.174  4164  4164 I SafeBinderCall: call getPlaybackState binder cost:0
06-08 18:21:21.183 29685 29841 I @@@BBPLOG: Info T5FAE6CB0 CSrcEng L115 The source format is: 1, size: 262144, 70797466
06-08 18:21:21.194 29685 29841 I @@@BBPLOG: Info T5FAE6CB0 BBPFuncLog L113 ----CMP4ParserBase::ReadBoxMoov Value is 00000000 start.
06-08 18:21:21.200 29685 29841 I @@@BBPLOG: Info T5FAE6CB0 BBPFuncLog L140 ----CMP4ParserBase::ReadBoxMoov leave! no return. Ussed Time: 6
06-08 18:21:21.201 29685 30679 I @@@BBPLOG: Info T61B9DCB0 CRndNDK L129 First Frame: 53 ms, dns: 0 ms, req: 0 ms, rsp: 0 ms, dat: 0 ms
06-08 18:21:21.246 11442 11913 V Avrcp_ext: onMetadataChanged
06-08 18:21:21.246  6952  6952 I Cir_Miplay_ActiveAudioSessionManager: dispatchTopActiveSessionChangeCallbackLocked, size:1
06-08 18:21:21.248  2403  3919 I MediaFocusControl: requestAudioFocus() from uid/pid 10462/29685 AA=USAGE_MEDIA/CONTENT_TYPE_MUSIC clientId=android.media.AudioManager@2b470c3cn.missevan.lib.utils.AudioFocusManager@b019d40 callingPack=cn.missevan req=1 flags=0x1 sdk=28
06-08 18:21:21.249  2403  3919 I AudioService.FadeOutManager: unfadeOutUid() uid:10462
06-08 18:21:21.249  6952  6952 I Cir_Miplay_MiPlayAudioService: onTopActiveSessionChange, cn.missevan
06-08 18:21:21.249  6952  6952 I Cir_Miplay_MiPlayAudioService: topActiveSessionChange appId:cn.missevan
06-08 18:21:21.249  6952  6952 I Cir_Miplay_MiPlayAudioStatUtils: recordPackageName:cn.missevan
06-08 18:21:21.249  6952  6952 I Cir_Miplay_MiPlayAudioStatUtils: packageNameEquals.
06-08 18:21:21.249  6952  6952 I Cir_Miplay_ActiveSessionRecord: dispatch meta change, MediaMetaData{mArtist='Megrezz', mAlbum='null', mTitle=' | ', mArt=valid, mDuration=2968630, mLrc='null'}
06-08 18:21:21.249  6952  6952 I Cir_Miplay_MiPlayAudioService: dispatchMetaChange:cn.missevan  ActiveSsionPackageName:cn.missevan
06-08 18:21:21.251 11442 11913 V Avrcp_ext: updateCurrentMediaState: mMediaController: MediaController (cn.missevan@1e9b8f9)  | , Megrezz, null
06-08 18:21:21.251 11442 11913 V Avrcp_ext: updateCurrentMediaState: isPlaying = false
06-08 18:21:21.251 11442 11913 W Avrcp_ext: isMusicActive: true getBluetoothPlayState: 1 A2dp State: 11 mAudioPlaybackIsActive: true
06-08 18:21:21.252 11442 11913 D Avrcp_ext: isMusicActive = true mAudioPlaybackIsActive = true player state = PlaybackState {state=3, position=1566, buffered position=0, speed=1.0, updated=3046081544, actions=894, custom actions=[], active item id=-1, error=null}
06-08 18:21:21.253 11442 11913 D Avrcp_ext: overwrite album_artist :if album is blank
06-08 18:21:21.255 11442 11913 V Avrcp_ext: Media update: id -1-1? [MediaAttributes:  -  by Mz (2968630 0/0) - ] : [MediaAttributes:  -  by Mz (2968630 0/0) - ]
06-08 18:21:21.255 11442 11913 D Avrcp_ext: isPackageNameValid: browsedPackage = cn.missevanisValid = true
06-08 18:21:21.255 11442 11913 V Avrcp_ext: isBrowseSupported for cn.missevan: false
06-08 18:21:21.255 11442 11913 V Avrcp_ext: updatePlaybackState, state: PlaybackState {state=3, position=1566, buffered position=0, speed=1.0, updated=3046081544, actions=894, custom actions=[], active item id=-1, error=null} device: null
06-08 18:21:21.255 11442 11913 V Avrcp_ext: Device: no name:
06-08 18:21:21.255 11442 11913 V Avrcp_ext: Device: no name:
06-08 18:21:21.255 11442 11913 V Avrcp_ext: Device: no name:
06-08 18:21:21.255 11442 11913 V Avrcp_ext: Device: no name:
06-08 18:21:21.255 11442 11913 V Avrcp_ext: Device: no name:
06-08 18:21:21.255 11442 11913 V Avrcp_ext: updatePlayerStateAndPosition, old=PlaybackState {state=3, position=1478, buffered position=0, speed=1.0, updated=3046081456, actions=894, custom actions=[], active item id=-1, error=null}, state=PlaybackState {state=3, position=1566, buffered position=0, speed=1.0, updated=3046081544, actions=894, custom actions=[], active item id=-1, error=null}
06-08 18:21:21.255 11442 11913 V Avrcp_ext: old state = PlaybackState {state=3, position=1478, buffered position=0, speed=1.0, updated=3046081456, actions=894, custom actions=[], active item id=-1, error=null}, new state= PlaybackState {state=3, position=1566, buffered position=0, speed=1.0, updated=3046081544, actions=894, custom actions=[], active item id=-1, error=null}
06-08 18:21:21.255  6952  6952 I MiPlayProxyDeviceManager: onTopActiveSessionChange, cn.missevan
06-08 18:21:21.255 11442 11913 D HeadsetService: getHeadsetService(): returning com.android.bluetooth.hfp.HeadsetService@6a6242b
06-08 18:21:21.255 11442 11913 D HeadsetService:  isAudioOn: The number of audio connected devices 0
06-08 18:21:21.255 11442 11913 D HeadsetService: isScoOrCallActive(): Call Active:falseCall is Ringing:falseSCO is Active:false
06-08 18:21:21.255 11442 11913 D HeadsetService:  isAudioOn: The number of audio connected devices 0
06-08 18:21:21.255 11442 11913 V Avrcp_ext: isPlayStateTobeUpdated: device: null
06-08 18:21:21.255 11442 11913 V Avrcp_ext: Single connection exists
06-08 18:21:21.255 11442 11913 D HeadsetService:  isAudioOn: The number of audio connected devices 0
06-08 18:21:21.255 11442 11913 D HeadsetService: isScoOrCallActive(): Call Active:falseCall is Ringing:falseSCO is Active:false
06-08 18:21:21.255 11442 11913 D HeadsetService:  isAudioOn: The number of audio connected devices 0
06-08 18:21:21.255 11442 11913 V Avrcp_ext: isPlayStateTobeUpdated: device: null
06-08 18:21:21.255 11442 11913 V Avrcp_ext: Single connection exists
06-08 18:21:21.255 11442 11913 D HeadsetService:  isAudioOn: The number of audio connected devices 0
06-08 18:21:21.255 11442 11913 D HeadsetService: isScoOrCallActive(): Call Active:falseCall is Ringing:falseSCO is Active:false
06-08 18:21:21.255 11442 11913 D HeadsetService:  isAudioOn: The number of audio connected devices 0
06-08 18:21:21.255 11442 11913 V Avrcp_ext: isPlayStateTobeUpdated: device: null
06-08 18:21:21.255 11442 11913 V Avrcp_ext: Single connection exists
06-08 18:21:21.255 11442 11913 D HeadsetService:  isAudioOn: The number of audio connected devices 0
06-08 18:21:21.255 11442 11913 D HeadsetService: isScoOrCallActive(): Call Active:falseCall is Ringing:falseSCO is Active:false
06-08 18:21:21.255 11442 11913 D HeadsetService:  isAudioOn: The number of audio connected devices 0
06-08 18:21:21.255 11442 11913 V Avrcp_ext: isPlayStateTobeUpdated: device: null
06-08 18:21:21.255 11442 11913 V Avrcp_ext: Single connection exists
06-08 18:21:21.255 11442 11913 D HeadsetService:  isAudioOn: The number of audio connected devices 0
06-08 18:21:21.255 11442 11913 D HeadsetService: isScoOrCallActive(): Call Active:falseCall is Ringing:falseSCO is Active:false
06-08 18:21:21.255 11442 11913 D HeadsetService:  isAudioOn: The number of audio connected devices 0
06-08 18:21:21.255 11442 11913 V Avrcp_ext: isPlayStateTobeUpdated: device: null
06-08 18:21:21.255 11442 11913 V Avrcp_ext: Single connection exists
06-08 18:21:21.255 11442 11913 D Avrcp_ext: Enter sendPlayPosNotificationRsp
06-08 18:21:21.255 11442 11913 D Avrcp_ext: sendPlayPosNotificationRsp: Not registered or requesting.
06-08 18:21:21.255 11442 11913 D Avrcp_ext: Enter sendPlayPosNotificationRsp
06-08 18:21:21.255 11442 11913 D Avrcp_ext: sendPlayPosNotificationRsp: Not registered or requesting.
06-08 18:21:21.255 11442 11913 D Avrcp_ext: Enter sendPlayPosNotificationRsp
06-08 18:21:21.255 11442 11913 D Avrcp_ext: sendPlayPosNotificationRsp: Not registered or requesting.
06-08 18:21:21.255 11442 11913 D Avrcp_ext: Enter sendPlayPosNotificationRsp
06-08 18:21:21.255 11442 11913 D Avrcp_ext: sendPlayPosNotificationRsp: Not registered or requesting.
06-08 18:21:21.255 11442 11913 D Avrcp_ext: Enter sendPlayPosNotificationRsp
06-08 18:21:21.255 11442 11913 D Avrcp_ext: sendPlayPosNotificationRsp: Not registered or requesting.
06-08 18:21:21.255 11442 11913 V Avrcp_ext: Exit updatePlayerStateAndPosition
06-08 18:21:21.256  6952  6952 I SafeBinderCall: onTopActiveSessionChange binder cost:0
06-08 18:21:21.257  6952  6952 I SafeBinderCall: onMediaMetaChange binder cost:1
06-08 18:21:21.257  6952  7187 I SafeBinderCall: onActiveAudioSessionChange binder cost:1
06-08 18:21:21.257  6952  6952 I ActiveSessionRecord: onPlaybackStateChanged: PlaybackState {state=3, position=46, buffered position=0, speed=1.0, updated=3046081544, actions=894, custom actions=[], active item id=-1, error=null}
06-08 18:21:21.258  4164  4164 V MediaTimeout: processState 0|cn.missevan|1500|null|10462: PlaybackState {state=3, position=46, buffered position=0, speed=1.0, updated=3046081544, actions=894, custom actions=[], active item id=-1, error=null}
06-08 18:21:21.258  4164  4164 D MiPlayDetailViewModel: onMediaMetaChange(): metaData.title =  | 
06-08 18:21:21.259  6952 15990 I Cir_Miplay_MiPlayAudioService: dispatchMetaChange:MediaMetaData{mArtist='Megrezz', mAlbum='null', mTitle=' | ', mArt=valid, mDuration=2968630, mLrc='null'}
06-08 18:21:21.259  6952 15990 I Cir_Miplay_MetaInfoManager: setMetadata.
06-08 18:21:21.259  4164  4164 D MiPlayDetailViewModel: onActiveAudioSessionChange(): audioSessionList?.size = 1
06-08 18:21:21.260  6952  6952 I ActiveAudioSessionManager: startPositionCallbackTask
06-08 18:21:21.260  6952  6952 I SafeBinderCall: onPlaybackStateChange binder cost:0
06-08 18:21:21.261  6952  6952 I Cir_Miplay_ActiveSessionRecord: onPlaybackStateChanged:3
06-08 18:21:21.261  6952  6952 I Cir_Miplay_ActiveSessionRecordStack: onPlaybackStateChange.
06-08 18:21:21.265  6952  6952 I Cir_Miplay_ActiveAudioSessionManager: TopAudioSession play change
06-08 18:21:21.265  6952  6952 I Cir_Miplay_MiPlayAudioService: dispatchPlaybackStateChange:3
06-08 18:21:21.265  6952  6952 I Cir_Miplay_MiPlayAudioService: localPlayStateChange state:3
06-08 18:21:21.265  6952  6952 I Cir_Miplay_MiPlayAudioService: playStateNotify state:3  ,id:,uuid:local_device_id
06-08 18:21:21.265  6952  6952 I MiPlayClientSDK: =======================================================================
06-08 18:21:21.265  6952  6952 I MiPlayClientSDK: onMediaInfoChange start
06-08 18:21:21.265  6952  6952 I MiPlayClientSDK: local_device_id, MediaMetaData{mArtist='Megrezz', mAlbum='null', mTitle=' | ', mDuration=2968630, mId='', mCoverUrl='', mStatus=0, mVolume=0, mArt=android.graphics.Bitmap@685a224, mPosition=0, mLrc='null', mPackgeName='cn.missevan', mSourceName='2738969101Xiaomi Civi 2', mDeviceState=2}
06-08 18:21:21.265  6952  6952 I MiPlayClientSDK: onMediaInfoChange end
06-08 18:21:21.265  6952  6952 I MiPlayClientSDK: =======================================================================
06-08 18:21:21.265  6952  6952 I MiPlayProxyDeviceManager: onMediaInfoChange
06-08 18:21:21.265  6952  6952 I MiPlay  : onMediaMetaChanged,local_device_id, meta:MediaMetaData{mArtist='Megrezz', mAlbum='null', mTitle=' | ', mDuration=2968630, art:valid}
06-08 18:21:21.265  6952  6952 I MiPlayClientSDK: =======================================================================
06-08 18:21:21.265  6952  6952 I MiPlayClientSDK: onPlayStateChange start
06-08 18:21:21.265  6952  6952 I MiPlayClientSDK: local_device_id, state:3
06-08 18:21:21.265  6952  6952 I MiPlayClientSDK: onPlayStateChange end
06-08 18:21:21.265  6952  6952 I MiPlayClientSDK: =======================================================================
06-08 18:21:21.265  6952  6952 I MiPlayProxyDeviceManager: onPlayStateChange
06-08 18:21:21.265  6952  6952 I MiPlay  : onPlaybackStateChanged,local_device_id, state:pause
06-08 18:21:21.266  4164  4164 I SafeBinderCall: call getMediaMetaData binder cost:6
06-08 18:21:21.267  4164  4164 I SafeBinderCall: call getPosition binder cost:1
06-08 18:21:21.267 11442 11913 V Avrcp_ext: onPlaybackStateChanged: state PlaybackState {state=3, position=46, buffered position=0, speed=1.0, updated=3046081544, actions=894, custom actions=[], active item id=-1, error=null}
06-08 18:21:21.267  4164  4164 I SafeBinderCall: call getPlaybackState binder cost:0
06-08 18:21:21.268 11442 11913 V Avrcp_ext: updateCurrentMediaState: mMediaController: MediaController (cn.missevan@1e9b8f9)  | , Megrezz, null
06-08 18:21:21.269 11442 11913 V Avrcp_ext: updateCurrentMediaState: isPlaying = false
06-08 18:21:21.269 11442 11913 W Avrcp_ext: isMusicActive: true getBluetoothPlayState: 1 A2dp State: 11 mAudioPlaybackIsActive: true
06-08 18:21:21.269 11442 11913 D Avrcp_ext: isMusicActive = true mAudioPlaybackIsActive = true player state = PlaybackState {state=3, position=63, buffered position=0, speed=1.0, updated=3046081561, actions=894, custom actions=[], active item id=-1, error=null}
06-08 18:21:21.270 11442 11913 D Avrcp_ext: overwrite album_artist :if album is blank
06-08 18:21:21.270 11442 11913 V Avrcp_ext: Media update: id -1-1? [MediaAttributes:  -  by Mz (2968630 0/0) - ] : [MediaAttributes:  -  by Mz (2968630 0/0) - ]
06-08 18:21:21.270 11442 11913 D Avrcp_ext: isPackageNameValid: browsedPackage = cn.missevanisValid = true
06-08 18:21:21.270 11442 11913 V Avrcp_ext: isBrowseSupported for cn.missevan: false
06-08 18:21:21.270 11442 11913 V Avrcp_ext: updatePlaybackState, state: PlaybackState {state=3, position=63, buffered position=0, speed=1.0, updated=3046081561, actions=894, custom actions=[], active item id=-1, error=null} device: null
06-08 18:21:21.270 11442 11913 V Avrcp_ext: Device: no name:
06-08 18:21:21.270 11442 11913 V Avrcp_ext: Device: no name:
06-08 18:21:21.270 11442 11913 V Avrcp_ext: Device: no name:
06-08 18:21:21.270 11442 11913 V Avrcp_ext: Device: no name:
06-08 18:21:21.270 11442 11913 V Avrcp_ext: Device: no name:
06-08 18:21:21.270 11442 11913 V Avrcp_ext: updatePlayerStateAndPosition, old=PlaybackState {state=3, position=1566, buffered position=0, speed=1.0, updated=3046081544, actions=894, custom actions=[], active item id=-1, error=null}, state=PlaybackState {state=3, position=63, buffered position=0, speed=1.0, updated=3046081561, actions=894, custom actions=[], active item id=-1, error=null}
06-08 18:21:21.270 11442 11913 V Avrcp_ext: old state = PlaybackState {state=3, position=1566, buffered position=0, speed=1.0, updated=3046081544, actions=894, custom actions=[], active item id=-1, error=null}, new state= PlaybackState {state=3, position=63, buffered position=0, speed=1.0, updated=3046081561, actions=894, custom actions=[], active item id=-1, error=null}
06-08 18:21:21.270 11442 11913 D HeadsetService: getHeadsetService(): returning com.android.bluetooth.hfp.HeadsetService@6a6242b
06-08 18:21:21.270 11442 11913 D HeadsetService:  isAudioOn: The number of audio connected devices 0
06-08 18:21:21.270 11442 11913 D HeadsetService: isScoOrCallActive(): Call Active:falseCall is Ringing:falseSCO is Active:false
06-08 18:21:21.270 11442 11913 D HeadsetService:  isAudioOn: The number of audio connected devices 0
06-08 18:21:21.271 11442 11913 V Avrcp_ext: isPlayStateTobeUpdated: device: null
06-08 18:21:21.271 11442 11913 V Avrcp_ext: Single connection exists
06-08 18:21:21.271 11442 11913 D HeadsetService:  isAudioOn: The number of audio connected devices 0
06-08 18:21:21.271 11442 11913 D HeadsetService: isScoOrCallActive(): Call Active:falseCall is Ringing:falseSCO is Active:false
06-08 18:21:21.271 11442 11913 D HeadsetService:  isAudioOn: The number of audio connected devices 0
06-08 18:21:21.271 11442 11913 V Avrcp_ext: isPlayStateTobeUpdated: device: null
06-08 18:21:21.271 11442 11913 V Avrcp_ext: Single connection exists
06-08 18:21:21.271 11442 11913 D HeadsetService:  isAudioOn: The number of audio connected devices 0
06-08 18:21:21.271 11442 11913 D HeadsetService: isScoOrCallActive(): Call Active:falseCall is Ringing:falseSCO is Active:false
06-08 18:21:21.271 11442 11913 D HeadsetService:  isAudioOn: The number of audio connected devices 0
06-08 18:21:21.271 11442 11913 V Avrcp_ext: isPlayStateTobeUpdated: device: null
06-08 18:21:21.271 11442 11913 V Avrcp_ext: Single connection exists
06-08 18:21:21.271 11442 11913 D HeadsetService:  isAudioOn: The number of audio connected devices 0
06-08 18:21:21.271 11442 11913 D HeadsetService: isScoOrCallActive(): Call Active:falseCall is Ringing:falseSCO is Active:false
06-08 18:21:21.271 11442 11913 D HeadsetService:  isAudioOn: The number of audio connected devices 0
06-08 18:21:21.271 11442 11913 V Avrcp_ext: isPlayStateTobeUpdated: device: null
06-08 18:21:21.271 11442 11913 V Avrcp_ext: Single connection exists
06-08 18:21:21.271 11442 11913 D HeadsetService:  isAudioOn: The number of audio connected devices 0
06-08 18:21:21.271 11442 11913 D HeadsetService: isScoOrCallActive(): Call Active:falseCall is Ringing:falseSCO is Active:false
06-08 18:21:21.271 11442 11913 D HeadsetService:  isAudioOn: The number of audio connected devices 0
06-08 18:21:21.271 11442 11913 V Avrcp_ext: isPlayStateTobeUpdated: device: null
06-08 18:21:21.271 11442 11913 V Avrcp_ext: Single connection exists
06-08 18:21:21.271 11442 11913 D Avrcp_ext: Enter sendPlayPosNotificationRsp
06-08 18:21:21.271 11442 11913 D Avrcp_ext: sendPlayPosNotificationRsp: Not registered or requesting.
06-08 18:21:21.271 11442 11913 D Avrcp_ext: Enter sendPlayPosNotificationRsp
06-08 18:21:21.271 11442 11913 D Avrcp_ext: sendPlayPosNotificationRsp: Not registered or requesting.
06-08 18:21:21.271 11442 11913 D Avrcp_ext: Enter sendPlayPosNotificationRsp
06-08 18:21:21.271 11442 11913 D Avrcp_ext: sendPlayPosNotificationRsp: Not registered or requesting.
06-08 18:21:21.271 11442 11913 D Avrcp_ext: Enter sendPlayPosNotificationRsp
06-08 18:21:21.271 11442 11913 D Avrcp_ext: sendPlayPosNotificationRsp: Not registered or requesting.
06-08 18:21:21.271 11442 11913 D Avrcp_ext: Enter sendPlayPosNotificationRsp
06-08 18:21:21.271 11442 11913 D Avrcp_ext: sendPlayPosNotificationRsp: Not registered or requesting.
06-08 18:21:21.271 11442 11913 V Avrcp_ext: Exit updatePlayerStateAndPosition
06-08 18:21:21.271 11442 11913 V Avrcp_ext:  Exit onPlaybackStateChanged
06-08 18:21:21.288  2403  5874 I WindowManagerService: Physical orientation applied, rotation=0 sfOrientation=ORIENTATION_0
06-08 18:21:21.303  1977  2997 D libsensor-displayalgo: the value of  brightness:400.000000,R:70036135.511953,G:66112248.481580,B:70333473.267046,EVENT_C:6045.500000,EVENT_R:2354.000000,EVENT_G:3049.000000,EVENT_B:1206.000000
06-08 18:21:21.303  1977  2997 I libsensor-displayalgo: the value of  Coef1:1107.681000,Coef4:2.383000, scale1:0.935522, scale4:0.923264
06-08 18:21:21.303  1977  2997 E libsensor-displayalgo: RGB_test_0407_400_oldzy!
06-08 18:21:21.304  1977  2997 I libsensor-displayalgo: the value of  RESULT2688.174222,1072.160916,1302.405259,485.801981
06-08 18:21:21.304  1977  2997 I libsensor-displayalgo: the value of  getChannelDataCalibrated2809.064069,993.523799,1507.008924,526.554473
06-08 18:21:21.304  1977  2997 I libsensor-displayalgo: the value of  REAL LUX192.083588
06-08 18:21:21.304  1977  2997 I libsensor-displayalgo: the value of  CAL REAL LUX192.083588
06-08 18:21:21.327 29523 29542 D BLASTBufferQueue: releaseBufferCallback ReleaseCallbackId: bufferId:126800319479999 framenumber:1
06-08 18:21:21.344  2403  4296 I WindowManagerService: Physical orientation applied, rotation=0 sfOrientation=ORIENTATION_0
06-08 18:21:21.360  1245  2285 I vendor.qti.hardware.display.composer-service: FrameNotifyProcess Sensor: notify citsensorservice to trigger cwb
06-08 18:21:21.360  1977  3798 I libcitsensorservice@2.0-impl: msg_transfer
06-08 18:21:21.361  1977  2987 D vendor.xiaomi.sensor.citsensorservice@2.0-service: handle id:8 wxh:1280x2400 uwxuh:1080x2400 size: 9216000 fd:15 fd_meta:16 flags:0x4000228 usage:0x33  format:0x3 layer_count: 1
06-08 18:21:21.361  1245  1846 I SDM     : HWCSession::SetCWBOutputBuffer: CWB config passed by cwb_client : tappoint 1  CWB_ROI : (829.000000 4.000000 915.000000 90.000000)
06-08 18:21:21.373  1245 30934 I SDM     : HWCSession::ProcessRequests: Successfully configured CWB buffer.
06-08 18:21:21.377  1245 30934 I SDM     : HWCSession::ProcessRequests: Pushing release fence in fenece wait queue.
06-08 18:21:21.377  1245 30934 I SDM     : HWCSession::ProcessRequests: Creating AsyncFenceWaits async thread.
06-08 18:21:21.377  1245 30934 I SDM     : HWCSession::ProcessRequests: Remove current CWB request from the pending request queue.
06-08 18:21:21.377  1245 30934 I SDM     : HWCSession::ProcessRequests: No pending cwb requests found in the queue.
06-08 18:21:21.379  2403  5700 I WindowManagerService: Physical orientation applied, rotation=0 sfOrientation=ORIENTATION_0
06-08 18:21:21.386  1245  1464 I SDM     : HWDeviceDRM::SetupConcurrentWriteback: Tear down the Concurrent Writeback topology
06-08 18:21:21.399  1245 30937 I SDM     : HWCSession::NotifyCWBStatus: Notify the client about buffer status 0.
06-08 18:21:21.401  1245 30937 I SDM     : HWCSession::PerformFenceWaits: Remove current release fence from the pending fence wait queue.
06-08 18:21:21.401  1245 30937 I SDM     : HWCSession::PerformFenceWaits: CWB fence queue is empty. No pending release fence to wait on.
06-08 18:21:21.437  2403  5811 I WindowManagerService: Physical orientation applied, rotation=0 sfOrientation=ORIENTATION_0
06-08 18:21:21.466 29523 29538 I cn.missevan: This is sticky GC, maxfree is 8388608 minfree is 2097152
06-08 18:21:21.466 29523 29538 I cn.missevan: Background young concurrent copying GC freed 250792(12MB) AllocSpace objects, 86(6548KB) LOS objects, 3% free, 67MB/69MB, paused 116us,147us total 130.022ms
06-08 18:21:21.486  2403  5811 I WindowManagerService: Physical orientation applied, rotation=0 sfOrientation=ORIENTATION_0
06-08 18:21:21.525  2403  5811 I WindowManagerService: Physical orientation applied, rotation=0 sfOrientation=ORIENTATION_0
06-08 18:21:21.570  2403  5874 I WindowManagerService: Physical orientation applied, rotation=0 sfOrientation=ORIENTATION_0
06-08 18:21:21.591  2403  5811 I WindowManagerService: Physical orientation applied, rotation=0 sfOrientation=ORIENTATION_0
06-08 18:21:21.604  1977  2997 D libsensor-displayalgo: the value of  brightness:400.000000,R:70615716.672459,G:66648922.215982,B:70914520.100506,EVENT_C:6062.500000,EVENT_R:2360.500000,EVENT_G:3060.000000,EVENT_B:1209.000000
06-08 18:21:21.604  1977  2997 I libsensor-displayalgo: the value of  Coef1:1107.681000,Coef4:2.383000, scale1:0.935522, scale4:0.923264
06-08 18:21:21.604  1977  2997 E libsensor-displayalgo: RGB_test_0407_400_oldzy!
06-08 18:21:21.604  1977  2997 I libsensor-displayalgo: the value of  RESULT2703.259498,1078.362525,1309.173443,488.657768
06-08 18:21:21.604  1977  2997 I libsensor-displayalgo: the value of  getChannelDataCalibrated2824.827744,999.270554,1514.840368,529.649823
06-08 18:21:21.604  1977  2997 I libsensor-displayalgo: the value of  REAL LUX192.294357
06-08 18:21:21.604  1977  2997 I libsensor-displayalgo: the value of  CAL REAL LUX192.294357
06-08 18:21:21.618  2403  5700 I WindowManagerService: Physical orientation applied, rotation=0 sfOrientation=ORIENTATION_0
06-08 18:21:21.623  5357  5357 D MiBarrage: No barrage: not in game scene or in video scene
06-08 18:21:21.627  5786  6307 W Parcel  : **** enforceInterface() expected 'com.miui.gamebooster.service.ISecurityCenterNotificationListener' but read 'android.service.notification.INotificationListener'
06-08 18:21:21.627  5786  6307 W Binder  : Caught a RuntimeException from the binder stub implementation.
06-08 18:21:21.627  5786  6307 W Binder  : java.lang.SecurityException: Binder invocation to an incorrect interface
06-08 18:21:21.627  5786  6307 W Binder  : 	at android.os.Parcel.nativeEnforceInterface(Native Method)
06-08 18:21:21.627  5786  6307 W Binder  : 	at android.os.Parcel.enforceInterface(Parcel.java:699)
06-08 18:21:21.627  5786  6307 W Binder  : 	at com.miui.gamebooster.service.ISecurityCenterNotificationListener$Stub.onTransact(Unknown Source:18)
06-08 18:21:21.627  5786  6307 W Binder  : 	at android.os.Binder.execTransactInternal(Binder.java:1190)
06-08 18:21:21.627  5786  6307 W Binder  : 	at android.os.Binder.execTransact(Binder.java:1149)
06-08 18:21:21.636  4164  4164 D NotificationFilterController: filter group summary suppressed key=0|com.xiaomi.market|2147483647|ranker_group|10114|ranker_group
06-08 18:21:21.637  5786  8520 V onNotificationPostedCallBack: flags=98
06-08 18:21:21.639  5786  8520 V m       : ret=0
06-08 18:21:21.639  5357  5357 D MiBarrage: No barrage: not in game scene or in video scene
