06-08 18:21:29.315  2403  3454 I WindowManagerService: Physical orientation applied, rotation=0 sfOrientation=ORIENTATION_0
06-08 18:21:29.322  1245 31006 I SDM     : HWCSession::ProcessRequests: Pushing release fence in fenece wait queue.
06-08 18:21:29.324  1245 31006 I SDM     : HWCSession::ProcessRequests: Creating AsyncFenceWaits async thread.
06-08 18:21:29.325  1245 31006 I SDM     : HWCSession::ProcessRequests: Remove current CWB request from the pending request queue.
06-08 18:21:29.326  1245 31006 I SDM     : HWCSession::ProcessRequests: No pending cwb requests found in the queue.
06-08 18:21:29.329  1245  1464 I SDM     : HWDeviceDRM::SetupConcurrentWriteback: Tear down the Concurrent Writeback topology
06-08 18:21:29.336  1245 31007 I SDM     : HWCSession::NotifyCWBStatus: Notify the client about buffer status 0.
06-08 18:21:29.337  1245 31007 I SDM     : HWCSession::PerformFenceWaits: Remove current release fence from the pending fence wait queue.
06-08 18:21:29.337  1245 31007 I SDM     : HWCSession::PerformFenceWaits: CWB fence queue is empty. No pending release fence to wait on.
06-08 18:21:29.414  2403  3454 I WindowManagerService: Physical orientation applied, rotation=0 sfOrientation=ORIENTATION_0
06-08 18:21:29.522  2403  4648 I WindowManagerService: Physical orientation applied, rotation=0 sfOrientation=ORIENTATION_0
06-08 18:21:29.546  5452  9748 D SLM-SRV-SLAService: checktemp temperature = 37790 temperature_average = 37459 isPerformanceMode = false thermal_enable_slm = true
06-08 18:21:29.605  1977  2997 D libsensor-displayalgo: the value of  brightness:400.000000,R:70036135.511953,G:66112248.481580,B:70333473.267046,EVENT_C:6050.500000,EVENT_R:2356.000000,EVENT_G:3048.500000,EVENT_B:1203.500000
06-08 18:21:29.605  1977  2997 I libsensor-displayalgo: the value of  Coef1:1107.681000,Coef4:2.383000, scale1:0.935522, scale4:0.923264
06-08 18:21:29.605  1977  2997 E libsensor-displayalgo: RGB_test_0407_400_oldzy!
06-08 18:21:29.605  1977  2997 I libsensor-displayalgo: the value of  RESULT2688.174222,1072.160916,1302.405259,485.801981
06-08 18:21:29.605  1977  2997 I libsensor-displayalgo: the value of  getChannelDataCalibrated2809.064069,993.523799,1507.008924,526.554473
06-08 18:21:29.605  1977  2997 I libsensor-displayalgo: the value of  REAL LUX192.541382
06-08 18:21:29.605  1977  2997 I libsensor-displayalgo: the value of  CAL REAL LUX192.541382
06-08 18:21:29.616  1245  2285 I vendor.qti.hardware.display.composer-service: FrameNotifyProcess Sensor: notify citsensorservice to trigger cwb
06-08 18:21:29.617  1977  3798 I libcitsensorservice@2.0-impl: msg_transfer
06-08 18:21:29.617  1977  2987 D vendor.xiaomi.sensor.citsensorservice@2.0-service: handle id:8 wxh:1280x2400 uwxuh:1080x2400 size: 9216000 fd:15 fd_meta:16 flags:0x4000228 usage:0x33  format:0x3 layer_count: 1
06-08 18:21:29.617  1245  1846 I SDM     : HWCSession::SetCWBOutputBuffer: CWB config passed by cwb_client : tappoint 1  CWB_ROI : (829.000000 4.000000 915.000000 90.000000)
06-08 18:21:29.619  1245 31008 I SDM     : HWCSession::ProcessRequests: Successfully configured CWB buffer.
06-08 18:21:29.621  2403  3454 I WindowManagerService: Physical orientation applied, rotation=0 sfOrientation=ORIENTATION_0
06-08 18:21:29.628  1245 31008 I SDM     : HWCSession::ProcessRequests: Pushing release fence in fenece wait queue.
06-08 18:21:29.629  1245 31008 I SDM     : HWCSession::ProcessRequests: Creating AsyncFenceWaits async thread.
06-08 18:21:29.629  1245 31008 I SDM     : HWCSession::ProcessRequests: Remove current CWB request from the pending request queue.
06-08 18:21:29.629  1245 31008 I SDM     : HWCSession::ProcessRequests: No pending cwb requests found in the queue.
06-08 18:21:29.633  1245  1464 I SDM     : HWDeviceDRM::SetupConcurrentWriteback: Tear down the Concurrent Writeback topology
06-08 18:21:29.641  1245 31009 I SDM     : HWCSession::NotifyCWBStatus: Notify the client about buffer status 0.
06-08 18:21:29.642  1245 31009 I SDM     : HWCSession::PerformFenceWaits: Remove current release fence from the pending fence wait queue.
06-08 18:21:29.643  1245 31009 I SDM     : HWCSession::PerformFenceWaits: CWB fence queue is empty. No pending release fence to wait on.
06-08 18:21:29.704 29468 29501 I appium  : [2077913149 (success)] Synthesized: MotionEvent { action=ACTION_MOVE, actionButton=0, id[0]=0, x[0]=540.0, y[0]=1692.0, toolType[0]=TOOL_TYPE_FINGER, buttonState=0, classification=NONE, metaState=0, flags=0x0, edgeFlags=0x0, pointerCount=1, historySize=0, eventTime=2077913149, downTime=2077912147, deviceId=0, source=0x1002, displayId=0, eventId=-804033411 }
06-08 18:21:29.725  2403  4648 I WindowManagerService: Physical orientation applied, rotation=0 sfOrientation=ORIENTATION_0
06-08 18:21:29.732 29468 29501 I appium  : [2077913168 (success)] Synthesized: MotionEvent { action=ACTION_MOVE, actionButton=0, id[0]=0, x[0]=540.0, y[0]=1518.4615, toolType[0]=TOOL_TYPE_FINGER, buttonState=0, classification=NONE, metaState=0, flags=0x0, edgeFlags=0x0, pointerCount=1, historySize=0, eventTime=2077913168, downTime=2077912147, deviceId=0, source=0x1002, displayId=0, eventId=-596951865 }
06-08 18:21:29.736 29468 29501 I appium  : The event has been delayed for 23ms
06-08 18:21:29.752 29468 29501 I appium  : [2077913195 (success)] Synthesized: MotionEvent { action=ACTION_MOVE, actionButton=0, id[0]=0, x[0]=540.0, y[0]=1431.6923, toolType[0]=TOOL_TYPE_FINGER, buttonState=0, classification=NONE, metaState=0, flags=0x0, edgeFlags=0x0, pointerCount=1, historySize=0, eventTime=2077913195, downTime=2077912147, deviceId=0, source=0x1002, displayId=0, eventId=-1067591190 }
06-08 18:21:29.762 29468 29501 I appium  : [2077913209 (success)] Synthesized: MotionEvent { action=ACTION_MOVE, actionButton=0, id[0]=0, x[0]=540.0, y[0]=1344.9231, toolType[0]=TOOL_TYPE_FINGER, buttonState=0, classification=NONE, metaState=0, flags=0x0, edgeFlags=0x0, pointerCount=1, historySize=0, eventTime=2077913209, downTime=2077912147, deviceId=0, source=0x1002, displayId=0, eventId=-198007513 }
06-08 18:21:29.785 29468 29501 I appium  : [2077913228 (success)] Synthesized: MotionEvent { action=ACTION_MOVE, actionButton=0, id[0]=0, x[0]=540.0, y[0]=1258.1538, toolType[0]=TOOL_TYPE_FINGER, buttonState=0, classification=NONE, metaState=0, flags=0x0, edgeFlags=0x0, pointerCount=1, historySize=0, eventTime=2077913228, downTime=2077912147, deviceId=0, source=0x1002, displayId=0, eventId=-374014728 }
06-08 18:21:29.802 29468 29501 I appium  : [2077913248 (success)] Synthesized: MotionEvent { action=ACTION_MOVE, actionButton=0, id[0]=0, x[0]=540.0, y[0]=1171.3845, toolType[0]=TOOL_TYPE_FINGER, buttonState=0, classification=NONE, metaState=0, flags=0x0, edgeFlags=0x0, pointerCount=1, historySize=0, eventTime=2077913248, downTime=2077912147, deviceId=0, source=0x1002, displayId=0, eventId=-931261369 }
06-08 18:21:29.832  2403  3454 I WindowManagerService: Physical orientation applied, rotation=0 sfOrientation=ORIENTATION_0
06-08 18:21:29.841 29468 29501 I appium  : [2077913268 (success)] Synthesized: MotionEvent { action=ACTION_MOVE, actionButton=0, id[0]=0, x[0]=540.0, y[0]=1084.6154, toolType[0]=TOOL_TYPE_FINGER, buttonState=0, classification=NONE, metaState=0, flags=0x0, edgeFlags=0x0, pointerCount=1, historySize=0, eventTime=2077913268, downTime=2077912147, deviceId=0, source=0x1002, displayId=0, eventId=-790488721 }
06-08 18:21:29.846 29468 29501 I appium  : The event has been delayed for 30ms
06-08 18:21:29.868 29468 29501 I appium  : [2077913309 (success)] Synthesized: MotionEvent { action=ACTION_MOVE, actionButton=0, id[0]=0, x[0]=540.0, y[0]=997.8461, toolType[0]=TOOL_TYPE_FINGER, buttonState=0, classification=NONE, metaState=0, flags=0x0, edgeFlags=0x0, pointerCount=1, historySize=0, eventTime=2077913309, downTime=2077912147, deviceId=0, source=0x1002, displayId=0, eventId=-316064349 }
06-08 18:21:29.876  1906  1953 I mstatdaemon: Entering time loop
06-08 18:21:29.876  1906  1953 I mstatdaemon: t = 1686219689
06-08 18:21:29.876  1906  1953 I mstatdaemon: translated_t = 1370229689
06-08 18:21:29.876  1906  1953 I mstat_log: mstatcommitLog log_alloc() failed
06-08 18:21:29.885 29468 29501 I appium  : [2077913327 (success)] Synthesized: MotionEvent { action=ACTION_MOVE, actionButton=0, id[0]=0, x[0]=540.0, y[0]=911.0769, toolType[0]=TOOL_TYPE_FINGER, buttonState=0, classification=NONE, metaState=0, flags=0x0, edgeFlags=0x0, pointerCount=1, historySize=0, eventTime=2077913327, downTime=2077912147, deviceId=0, source=0x1002, displayId=0, eventId=-593723739 }
06-08 18:21:29.902 29468 29501 I appium  : [2077913343 (success)] Synthesized: MotionEvent { action=ACTION_MOVE, actionButton=0, id[0]=0, x[0]=540.0, y[0]=824.3077, toolType[0]=TOOL_TYPE_FINGER, buttonState=0, classification=NONE, metaState=0, flags=0x0, edgeFlags=0x0, pointerCount=1, historySize=0, eventTime=2077913343, downTime=2077912147, deviceId=0, source=0x1002, displayId=0, eventId=-266563824 }
06-08 18:21:29.906  1977  2997 D libsensor-displayalgo: the value of  brightness:400.000000,R:70036135.511953,G:66112248.481580,B:70333473.267046,EVENT_C:6078.000000,EVENT_R:2367.500000,EVENT_G:3065.000000,EVENT_B:1213.500000
06-08 18:21:29.907  1977  2997 I libsensor-displayalgo: the value of  Coef1:1107.681000,Coef4:2.383000, scale1:0.935522, scale4:0.923264
06-08 18:21:29.907  1977  2997 E libsensor-displayalgo: RGB_test_0407_400_oldzy!
06-08 18:21:29.907  1977  2997 I libsensor-displayalgo: the value of  RESULT2688.174222,1072.160916,1302.405259,485.801981
06-08 18:21:29.907  1977  2997 I libsensor-displayalgo: the value of  getChannelDataCalibrated2809.064069,993.523799,1507.008924,526.554473
06-08 18:21:29.907  1977  2997 I libsensor-displayalgo: the value of  REAL LUX193.987000
06-08 18:21:29.907  1977  2997 I libsensor-displayalgo: the value of  CAL REAL LUX193.987000
06-08 18:21:29.919 29468 29501 I appium  : [2077913365 (success)] Synthesized: MotionEvent { action=ACTION_MOVE, actionButton=0, id[0]=0, x[0]=540.0, y[0]=737.53845, toolType[0]=TOOL_TYPE_FINGER, buttonState=0, classification=NONE, metaState=0, flags=0x0, edgeFlags=0x0, pointerCount=1, historySize=0, eventTime=2077913365, downTime=2077912147, deviceId=0, source=0x1002, displayId=0, eventId=-514633383 }
06-08 18:21:29.921  1245  2285 I vendor.qti.hardware.display.composer-service: FrameNotifyProcess Sensor: notify citsensorservice to trigger cwb
06-08 18:21:29.921  1977  2106 I libcitsensorservice@2.0-impl: msg_transfer
06-08 18:21:29.922  1977  2987 D vendor.xiaomi.sensor.citsensorservice@2.0-service: handle id:8 wxh:1280x2400 uwxuh:1080x2400 size: 9216000 fd:15 fd_meta:16 flags:0x4000228 usage:0x33  format:0x3 layer_count: 1
06-08 18:21:29.923  1245  1846 I SDM     : HWCSession::SetCWBOutputBuffer: CWB config passed by cwb_client : tappoint 1  CWB_ROI : (829.000000 4.000000 915.000000 90.000000)
06-08 18:21:29.931  1245 31011 I SDM     : HWCSession::ProcessRequests: Successfully configured CWB buffer.
06-08 18:21:29.934  2403  3454 I WindowManagerService: Physical orientation applied, rotation=0 sfOrientation=ORIENTATION_0
06-08 18:21:29.940  1245 31011 I SDM     : HWCSession::ProcessRequests: Pushing release fence in fenece wait queue.
06-08 18:21:29.940  1245 31011 I SDM     : HWCSession::ProcessRequests: Creating AsyncFenceWaits async thread.
06-08 18:21:29.940  1245 31011 I SDM     : HWCSession::ProcessRequests: Remove current CWB request from the pending request queue.
06-08 18:21:29.940  1245 31011 I SDM     : HWCSession::ProcessRequests: No pending cwb requests found in the queue.
06-08 18:21:29.942 29468 29501 I appium  : [2077913380 (success)] Synthesized: MotionEvent { action=ACTION_MOVE, actionButton=0, id[0]=0, x[0]=540.0, y[0]=650.76917, toolType[0]=TOOL_TYPE_FINGER, buttonState=0, classification=NONE, metaState=0, flags=0x0, edgeFlags=0x0, pointerCount=1, historySize=0, eventTime=2077913380, downTime=2077912147, deviceId=0, source=0x1002, displayId=0, eventId=-202411374 }
06-08 18:21:29.946  1245  1464 I SDM     : HWDeviceDRM::SetupConcurrentWriteback: Tear down the Concurrent Writeback topology
06-08 18:21:29.953  6952 30705 I SafeBinderCall: onPositionChange binder cost:1
06-08 18:21:29.953  1245 31012 I SDM     : HWCSession::NotifyCWBStatus: Notify the client about buffer status 0.
06-08 18:21:29.954  1245 31012 I SDM     : HWCSession::PerformFenceWaits: Remove current release fence from the pending fence wait queue.
06-08 18:21:29.954  1245 31012 I SDM     : HWCSession::PerformFenceWaits: CWB fence queue is empty. No pending release fence to wait on.
06-08 18:21:29.955  4164  4164 D MiPlayDetailViewModel: onPositionChange(): position = 2548
06-08 18:21:29.960 29468 29501 I appium  : [2077913399 (success)] Synthesized: MotionEvent { action=ACTION_MOVE, actionButton=0, id[0]=0, x[0]=540.0, y[0]=564.0, toolType[0]=TOOL_TYPE_FINGER, buttonState=0, classification=NONE, metaState=0, flags=0x0, edgeFlags=0x0, pointerCount=1, historySize=0, eventTime=2077913399, downTime=2077912147, deviceId=0, source=0x1002, displayId=0, eventId=-785391652 }
06-08 18:21:29.961  2403  4648 D MIUIInput: Input event injection from pid 29447, MotionEvent: UP
06-08 18:21:29.961  2403  2910 D MIUIInput: [MotionEvent] publisher action=0x1, 2077913416, channel 'b941ad3 cn.missevan/cn.missevan.activity.MainActivity (server)'
06-08 18:21:29.964 29523 29523 D MIUIInput: [MotionEvent] ViewRootImpl windowName 'cn.missevan/cn.missevan.activity.MainActivity', { action=ACTION_UP, id[0]=0, pointerCount=1, eventTime=2077913416, downTime=2077912147, phoneEventTime=18:21:29.959 } moveCount:13
06-08 18:21:29.979 29468 29501 I appium  : [2077913416 (success)] Synthesized: MotionEvent { action=ACTION_UP, actionButton=0, id[0]=0, x[0]=540.0, y[0]=564.0, toolType[0]=TOOL_TYPE_FINGER, buttonState=0, classification=NONE, metaState=0, flags=0x0, edgeFlags=0x0, pointerCount=1, historySize=0, eventTime=2077913416, downTime=2077912147, deviceId=0, source=0x1002, displayId=0, eventId=-1036701189 }
06-08 18:21:29.980 29468 29501 I appium  : AppiumResponse: {"sessionId":"cfd318ce-f210-4e8c-9683-1cb7f91149d1","value":null}
06-08 18:21:30.039  2403  4648 I WindowManagerService: Physical orientation applied, rotation=0 sfOrientation=ORIENTATION_0
06-08 18:21:30.149  2403  4648 I WindowManagerService: Physical orientation applied, rotation=0 sfOrientation=ORIENTATION_0
06-08 18:21:30.216  2403  3454 I WindowManagerService: Physical orientation applied, rotation=0 sfOrientation=ORIENTATION_0
06-08 18:21:30.227  1245  2285 I vendor.qti.hardware.display.composer-service: FrameNotifyProcess Sensor: notify citsensorservice to trigger cwb
06-08 18:21:30.228  1977  2106 I libcitsensorservice@2.0-impl: msg_transfer
06-08 18:21:30.229  1977  2987 D vendor.xiaomi.sensor.citsensorservice@2.0-service: handle id:8 wxh:1280x2400 uwxuh:1080x2400 size: 9216000 fd:15 fd_meta:16 flags:0x4000228 usage:0x33  format:0x3 layer_count: 1
06-08 18:21:30.229  1245  1846 I SDM     : HWCSession::SetCWBOutputBuffer: CWB config passed by cwb_client : tappoint 1  CWB_ROI : (829.000000 4.000000 915.000000 90.000000)
06-08 18:21:30.230  1245 31015 I SDM     : HWCSession::ProcessRequests: Successfully configured CWB buffer.
06-08 18:21:30.236  1245 31015 I SDM     : HWCSession::ProcessRequests: Pushing release fence in fenece wait queue.
06-08 18:21:30.236  1245 31015 I SDM     : HWCSession::ProcessRequests: Creating AsyncFenceWaits async thread.
06-08 18:21:30.236  1245 31015 I SDM     : HWCSession::ProcessRequests: Remove current CWB request from the pending request queue.
06-08 18:21:30.236  1245 31015 I SDM     : HWCSession::ProcessRequests: No pending cwb requests found in the queue.
06-08 18:21:30.242  1245  1464 I SDM     : HWDeviceDRM::SetupConcurrentWriteback: Tear down the Concurrent Writeback topology
06-08 18:21:30.248  2403  4648 I WindowManagerService: Physical orientation applied, rotation=0 sfOrientation=ORIENTATION_0
06-08 18:21:30.250  1245 31016 I SDM     : HWCSession::NotifyCWBStatus: Notify the client about buffer status 0.
06-08 18:21:30.250  1245 31016 I SDM     : HWCSession::PerformFenceWaits: Remove current release fence from the pending fence wait queue.
06-08 18:21:30.250  1245 31016 I SDM     : HWCSession::PerformFenceWaits: CWB fence queue is empty. No pending release fence to wait on.
06-08 18:21:30.304  1977  2997 D libsensor-displayalgo: the value of  brightness:400.000000,R:83162175.266168,G:83162175.266168,B:83162175.266168,EVENT_C:6525.500000,EVENT_R:2500.000000,EVENT_G:3320.000000,EVENT_B:1311.500000
06-08 18:21:30.304  1977  2997 I libsensor-displayalgo: the value of  Coef1:1107.681000,Coef4:2.383000, scale1:0.935522, scale4:0.923264
06-08 18:21:30.304  1977  2997 E libsensor-displayalgo: RGB_test_0407_400_oldzy!
06-08 18:21:30.305  1977  2997 I libsensor-displayalgo: the value of  RESULT3074.028946,1218.178540,1487.819375,559.403007
06-08 18:21:30.305  1977  2997 I libsensor-displayalgo: the value of  getChannelDataCalibrated3212.271060,1128.831833,1721.551000,606.329671
06-08 18:21:30.305  1977  2997 I libsensor-displayalgo: the value of  REAL LUX197.579193
06-08 18:21:30.305  1977  2997 I libsensor-displayalgo: the value of  CAL REAL LUX197.579193
06-08 18:21:30.352  2403  4648 I WindowManagerService: Physical orientation applied, rotation=0 sfOrientation=ORIENTATION_0
06-08 18:21:30.452  2403  4648 I WindowManagerService: Physical orientation applied, rotation=0 sfOrientation=ORIENTATION_0
06-08 18:21:30.485  2403  2617 W ProcessStats: Tracking association SourceState{40e24a5 com.miui.powerkeeper/1000 BTopFgs #856416} whose proc state 2 is better than process ProcessState{c42da2b com.miui.analytics/10089 pkg=com.miui.analytics} proc state 3 (17 skipped)
06-08 18:21:30.532  1245  2285 I vendor.qti.hardware.display.composer-service: FrameNotifyProcess Sensor: notify citsensorservice to trigger cwb
06-08 18:21:30.532  1977  1977 I libcitsensorservice@2.0-impl: msg_transfer
06-08 18:21:30.533  1977  2987 D vendor.xiaomi.sensor.citsensorservice@2.0-service: handle id:8 wxh:1280x2400 uwxuh:1080x2400 size: 9216000 fd:15 fd_meta:16 flags:0x4000228 usage:0x33  format:0x3 layer_count: 1
06-08 18:21:30.533  1245  1846 I SDM     : HWCSession::SetCWBOutputBuffer: CWB config passed by cwb_client : tappoint 1  CWB_ROI : (829.000000 4.000000 915.000000 90.000000)
06-08 18:21:30.535  1245 31017 I SDM     : HWCSession::ProcessRequests: Successfully configured CWB buffer.
06-08 18:21:30.541  1245 31017 I SDM     : HWCSession::ProcessRequests: Pushing release fence in fenece wait queue.
06-08 18:21:30.541  1245 31017 I SDM     : HWCSession::ProcessRequests: Creating AsyncFenceWaits async thread.
06-08 18:21:30.542  1245 31017 I SDM     : HWCSession::ProcessRequests: Remove current CWB request from the pending request queue.
06-08 18:21:30.542  1245 31017 I SDM     : HWCSession::ProcessRequests: No pending cwb requests found in the queue.
06-08 18:21:30.548  1245  1464 I SDM     : HWDeviceDRM::SetupConcurrentWriteback: Tear down the Concurrent Writeback topology
06-08 18:21:30.553  2403  4648 I WindowManagerService: Physical orientation applied, rotation=0 sfOrientation=ORIENTATION_0
06-08 18:21:30.555  1245 31019 I SDM     : HWCSession::NotifyCWBStatus: Notify the client about buffer status 0.
06-08 18:21:30.557  1245 31019 I SDM     : HWCSession::PerformFenceWaits: Remove current release fence from the pending fence wait queue.
06-08 18:21:30.557  1245 31019 I SDM     : HWCSession::PerformFenceWaits: CWB fence queue is empty. No pending release fence to wait on.
06-08 18:21:30.606  1977  2997 D libsensor-displayalgo: the value of  brightness:400.000000,R:83162175.266168,G:83162175.266168,B:83162175.266168,EVENT_C:6568.000000,EVENT_R:2512.500000,EVENT_G:3339.500000,EVENT_B:1320.500000
06-08 18:21:30.607  1977  2997 I libsensor-displayalgo: the value of  Coef1:1107.681000,Coef4:2.383000, scale1:0.935522, scale4:0.923264
06-08 18:21:30.607  1977  2997 E libsensor-displayalgo: RGB_test_0407_400_oldzy!
06-08 18:21:30.608  1977  2997 I libsensor-displayalgo: the value of  RESULT3074.028946,1218.178540,1487.819375,559.403007
06-08 18:21:30.608  1977  2997 I libsensor-displayalgo: the value of  getChannelDataCalibrated3212.271060,1128.831833,1721.551000,606.329671
06-08 18:21:30.608  1977  2997 I libsensor-displayalgo: the value of  REAL LUX200.263489
06-08 18:21:30.608  1977  2997 I libsensor-displayalgo: the value of  CAL REAL LUX200.263489
06-08 18:21:30.659  2403  3454 I WindowManagerService: Physical orientation applied, rotation=0 sfOrientation=ORIENTATION_0
06-08 18:21:30.758  2403  3454 I WindowManagerService: Physical orientation applied, rotation=0 sfOrientation=ORIENTATION_0
06-08 18:21:30.836  1245  2285 I vendor.qti.hardware.display.composer-service: FrameNotifyProcess Sensor: notify citsensorservice to trigger cwb
06-08 18:21:30.836  1977  3798 I libcitsensorservice@2.0-impl: msg_transfer
06-08 18:21:30.837  1977  2987 D vendor.xiaomi.sensor.citsensorservice@2.0-service: handle id:8 wxh:1280x2400 uwxuh:1080x2400 size: 9216000 fd:15 fd_meta:16 flags:0x4000228 usage:0x33  format:0x3 layer_count: 1
06-08 18:21:30.838  1245  1846 I SDM     : HWCSession::SetCWBOutputBuffer: CWB config passed by cwb_client : tappoint 1  CWB_ROI : (829.000000 4.000000 915.000000 90.000000)
06-08 18:21:30.841  1245 31020 I SDM     : HWCSession::ProcessRequests: Successfully configured CWB buffer.
06-08 18:21:30.849  1245 31020 I SDM     : HWCSession::ProcessRequests: Pushing release fence in fenece wait queue.
06-08 18:21:30.849  1245 31020 I SDM     : HWCSession::ProcessRequests: Creating AsyncFenceWaits async thread.
06-08 18:21:30.850  1245 31020 I SDM     : HWCSession::ProcessRequests: Remove current CWB request from the pending request queue.
06-08 18:21:30.850  1245 31020 I SDM     : HWCSession::ProcessRequests: No pending cwb requests found in the queue.
06-08 18:21:30.852  1245  1464 I SDM     : HWDeviceDRM::SetupConcurrentWriteback: Tear down the Concurrent Writeback topology
06-08 18:21:30.859  1245 31021 I SDM     : HWCSession::NotifyCWBStatus: Notify the client about buffer status 0.
06-08 18:21:30.860  1245 31021 I SDM     : HWCSession::PerformFenceWaits: Remove current release fence from the pending fence wait queue.
06-08 18:21:30.862  1245 31021 I SDM     : HWCSession::PerformFenceWaits: CWB fence queue is empty. No pending release fence to wait on.
06-08 18:21:30.864  2403  3454 I WindowManagerService: Physical orientation applied, rotation=0 sfOrientation=ORIENTATION_0
06-08 18:21:30.904  1977  2997 D libsensor-displayalgo: the value of  brightness:400.000000,R:83162175.266168,G:83162175.266168,B:83162175.266168,EVENT_C:6585.500000,EVENT_R:2518.000000,EVENT_G:3351.500000,EVENT_B:1327.000000
06-08 18:21:30.905  1977  2997 I libsensor-displayalgo: the value of  Coef1:1107.681000,Coef4:2.383000, scale1:0.935522, scale4:0.923264
06-08 18:21:30.905  1977  2997 E libsensor-displayalgo: RGB_test_0407_400_oldzy!
06-08 18:21:30.905  1977  2997 I libsensor-displayalgo: the value of  RESULT3074.028946,1218.178540,1487.819375,559.403007
06-08 18:21:30.905  1977  2997 I libsensor-displayalgo: the value of  getChannelDataCalibrated3212.271060,1128.831833,1721.551000,606.329671
06-08 18:21:30.905  1977  2997 I libsensor-displayalgo: the value of  REAL LUX201.309158
06-08 18:21:30.905  1977  2997 I libsensor-displayalgo: the value of  CAL REAL LUX201.309158
06-08 18:21:30.954  6952 30705 I SafeBinderCall: onPositionChange binder cost:1
06-08 18:21:30.958  4164  4164 D MiPlayDetailViewModel: onPositionChange(): position = 3549
06-08 18:21:30.965  2403  3454 I WindowManagerService: Physical orientation applied, rotation=0 sfOrientation=ORIENTATION_0
06-08 18:21:31.001  5373 11229 W MiuiPerfServiceClient: interceptAndQueuing:29523|cn.missevan|133|27|2077913718177804|Slow handle traversal|10
06-08 18:21:31.071  2403  4648 I WindowManagerService: Physical orientation applied, rotation=0 sfOrientation=ORIENTATION_0
06-08 18:21:31.140  1245  2285 I vendor.qti.hardware.display.composer-service: FrameNotifyProcess Sensor: notify citsensorservice to trigger cwb
06-08 18:21:31.141  1977  3798 I libcitsensorservice@2.0-impl: msg_transfer
06-08 18:21:31.142  1977  2987 D vendor.xiaomi.sensor.citsensorservice@2.0-service: handle id:8 wxh:1280x2400 uwxuh:1080x2400 size: 9216000 fd:15 fd_meta:16 flags:0x4000228 usage:0x33  format:0x3 layer_count: 1
06-08 18:21:31.142  1245  1846 I SDM     : HWCSession::SetCWBOutputBuffer: CWB config passed by cwb_client : tappoint 1  CWB_ROI : (829.000000 4.000000 915.000000 90.000000)
06-08 18:21:31.145  1245 31023 I SDM     : HWCSession::ProcessRequests: Successfully configured CWB buffer.
06-08 18:21:31.158  1245 31023 I SDM     : HWCSession::ProcessRequests: Pushing release fence in fenece wait queue.
06-08 18:21:31.158  1245 31023 I SDM     : HWCSession::ProcessRequests: Creating AsyncFenceWaits async thread.
06-08 18:21:31.161  1245 31023 I SDM     : HWCSession::ProcessRequests: Remove current CWB request from the pending request queue.
06-08 18:21:31.161  1245 31023 I SDM     : HWCSession::ProcessRequests: No pending cwb requests found in the queue.
06-08 18:21:31.165  1245  1464 I SDM     : HWDeviceDRM::SetupConcurrentWriteback: Tear down the Concurrent Writeback topology
06-08 18:21:31.167  1245 31024 I SDM     : HWCSession::NotifyCWBStatus: Notify the client about buffer status 0.
06-08 18:21:31.167  1245 31024 I SDM     : HWCSession::PerformFenceWaits: Remove current release fence from the pending fence wait queue.
06-08 18:21:31.167  1245 31024 I SDM     : HWCSession::PerformFenceWaits: CWB fence queue is empty. No pending release fence to wait on.
06-08 18:21:31.172  2403  4648 I WindowManagerService: Physical orientation applied, rotation=0 sfOrientation=ORIENTATION_0
06-08 18:21:31.205  1977  2997 D libsensor-displayalgo: the value of  brightness:400.000000,R:83162175.266168,G:83162175.266168,B:83162175.266168,EVENT_C:6547.000000,EVENT_R:2504.500000,EVENT_G:3329.500000,EVENT_B:1316.500000
06-08 18:21:31.206  1977  2997 I libsensor-displayalgo: the value of  Coef1:1107.681000,Coef4:2.383000, scale1:0.935522, scale4:0.923264
06-08 18:21:31.206  1977  2997 E libsensor-displayalgo: RGB_test_0407_400_oldzy!
06-08 18:21:31.208  1977  2997 I libsensor-displayalgo: the value of  RESULT3074.028946,1218.178540,1487.819375,559.403007
06-08 18:21:31.208  1977  2997 I libsensor-displayalgo: the value of  getChannelDataCalibrated3212.271060,1128.831833,1721.551000,606.329671
06-08 18:21:31.208  1977  2997 I libsensor-displayalgo: the value of  REAL LUX198.952972
06-08 18:21:31.208  1977  2997 I libsensor-displayalgo: the value of  CAL REAL LUX198.952972
06-08 18:21:31.275  2403  4648 I WindowManagerService: Physical orientation applied, rotation=0 sfOrientation=ORIENTATION_0
06-08 18:21:31.382  2403  4648 I WindowManagerService: Physical orientation applied, rotation=0 sfOrientation=ORIENTATION_0
06-08 18:21:31.445  1245  2285 I vendor.qti.hardware.display.composer-service: FrameNotifyProcess Sensor: notify citsensorservice to trigger cwb
06-08 18:21:31.446  1977  3798 I libcitsensorservice@2.0-impl: msg_transfer
06-08 18:21:31.446  1977  2987 D vendor.xiaomi.sensor.citsensorservice@2.0-service: handle id:8 wxh:1280x2400 uwxuh:1080x2400 size: 9216000 fd:15 fd_meta:16 flags:0x4000228 usage:0x33  format:0x3 layer_count: 1
06-08 18:21:31.447  1245  1846 I SDM     : HWCSession::SetCWBOutputBuffer: CWB config passed by cwb_client : tappoint 1  CWB_ROI : (829.000000 4.000000 915.000000 90.000000)
06-08 18:21:31.448  1245 31025 I SDM     : HWCSession::ProcessRequests: Successfully configured CWB buffer.
06-08 18:21:31.456  1245 31025 I SDM     : HWCSession::ProcessRequests: Pushing release fence in fenece wait queue.
06-08 18:21:31.456  1245 31025 I SDM     : HWCSession::ProcessRequests: Creating AsyncFenceWaits async thread.
06-08 18:21:31.457  1245 31025 I SDM     : HWCSession::ProcessRequests: Remove current CWB request from the pending request queue.
06-08 18:21:31.457  1245 31025 I SDM     : HWCSession::ProcessRequests: No pending cwb requests found in the queue.
06-08 18:21:31.461  1245  1464 I SDM     : HWDeviceDRM::SetupConcurrentWriteback: Tear down the Concurrent Writeback topology
06-08 18:21:31.468  1245 31026 I SDM     : HWCSession::NotifyCWBStatus: Notify the client about buffer status 0.
06-08 18:21:31.469  1245 31026 I SDM     : HWCSession::PerformFenceWaits: Remove current release fence from the pending fence wait queue.
06-08 18:21:31.469  1245 31026 I SDM     : HWCSession::PerformFenceWaits: CWB fence queue is empty. No pending release fence to wait on.
06-08 18:21:31.484  2403  3454 I WindowManagerService: Physical orientation applied, rotation=0 sfOrientation=ORIENTATION_0
06-08 18:21:31.504  1977  2997 D libsensor-displayalgo: the value of  brightness:400.000000,R:83162175.266168,G:83162175.266168,B:83162175.266168,EVENT_C:6558.500000,EVENT_R:2510.500000,EVENT_G:3336.500000,EVENT_B:1318.000000
06-08 18:21:31.504  1977  2997 I libsensor-displayalgo: the value of  Coef1:1107.681000,Coef4:2.383000, scale1:0.935522, scale4:0.923264
06-08 18:21:31.505  1977  2997 E libsensor-displayalgo: RGB_test_0407_400_oldzy!
06-08 18:21:31.505  1977  2997 I libsensor-displayalgo: the value of  RESULT3074.028946,1218.178540,1487.819375,559.403007
06-08 18:21:31.505  1977  2997 I libsensor-displayalgo: the value of  getChannelDataCalibrated3212.271060,1128.831833,1721.551000,606.329671
06-08 18:21:31.505  1977  2997 I libsensor-displayalgo: the value of  REAL LUX199.735016
06-08 18:21:31.505  1977  2997 I libsensor-displayalgo: the value of  CAL REAL LUX199.735016
06-08 18:21:31.587  2403  3454 I WindowManagerService: Physical orientation applied, rotation=0 sfOrientation=ORIENTATION_0
06-08 18:21:31.691  2403  4648 I WindowManagerService: Physical orientation applied, rotation=0 sfOrientation=ORIENTATION_0
06-08 18:21:31.710  4164  4173 I ndroid.systemu: This is sticky GC, maxfree is 8388608 minfree is 2097152
06-08 18:21:31.750  1245  2285 I vendor.qti.hardware.display.composer-service: FrameNotifyProcess Sensor: notify citsensorservice to trigger cwb
06-08 18:21:31.750  1977  2106 I libcitsensorservice@2.0-impl: msg_transfer
06-08 18:21:31.750  1977  2987 D vendor.xiaomi.sensor.citsensorservice@2.0-service: handle id:8 wxh:1280x2400 uwxuh:1080x2400 size: 9216000 fd:15 fd_meta:16 flags:0x4000228 usage:0x33  format:0x3 layer_count: 1
06-08 18:21:31.751  1245  1846 I SDM     : HWCSession::SetCWBOutputBuffer: CWB config passed by cwb_client : tappoint 1  CWB_ROI : (829.000000 4.000000 915.000000 90.000000)
06-08 18:21:31.752  1245 31027 I SDM     : HWCSession::ProcessRequests: Successfully configured CWB buffer.
06-08 18:21:31.761  1245 31027 I SDM     : HWCSession::ProcessRequests: Pushing release fence in fenece wait queue.
06-08 18:21:31.761  1245 31027 I SDM     : HWCSession::ProcessRequests: Creating AsyncFenceWaits async thread.
06-08 18:21:31.762  1245 31027 I SDM     : HWCSession::ProcessRequests: Remove current CWB request from the pending request queue.
06-08 18:21:31.762  1245 31027 I SDM     : HWCSession::ProcessRequests: No pending cwb requests found in the queue.
06-08 18:21:31.766  1245  1464 I SDM     : HWDeviceDRM::SetupConcurrentWriteback: Tear down the Concurrent Writeback topology
06-08 18:21:31.774  1245 31028 I SDM     : HWCSession::NotifyCWBStatus: Notify the client about buffer status 0.
06-08 18:21:31.777  1245 31028 I SDM     : HWCSession::PerformFenceWaits: Remove current release fence from the pending fence wait queue.
06-08 18:21:31.777  1245 31028 I SDM     : HWCSession::PerformFenceWaits: CWB fence queue is empty. No pending release fence to wait on.
06-08 18:21:31.789  2403  3454 I WindowManagerService: Physical orientation applied, rotation=0 sfOrientation=ORIENTATION_0
06-08 18:21:31.890  2403  4648 I WindowManagerService: Physical orientation applied, rotation=0 sfOrientation=ORIENTATION_0
06-08 18:21:31.903  1977  2997 D libsensor-displayalgo: the value of  brightness:400.000000,R:83162175.266168,G:83162175.266168,B:83162175.266168,EVENT_C:6529.500000,EVENT_R:2502.500000,EVENT_G:3322.500000,EVENT_B:1312.500000
06-08 18:21:31.903  1977  2997 I libsensor-displayalgo: the value of  Coef1:1107.681000,Coef4:2.383000, scale1:0.935522, scale4:0.923264
06-08 18:21:31.903  1977  2997 E libsensor-displayalgo: RGB_test_0407_400_oldzy!
06-08 18:21:31.903  1977  2997 I libsensor-displayalgo: the value of  RESULT3074.028946,1218.178540,1487.819375,559.403007
06-08 18:21:31.903  1977  2997 I libsensor-displayalgo: the value of  getChannelDataCalibrated3212.271060,1128.831833,1721.551000,606.329671
06-08 18:21:31.903  1977  2997 I libsensor-displayalgo: the value of  REAL LUX197.799759
06-08 18:21:31.903  1977  2997 I libsensor-displayalgo: the value of  CAL REAL LUX197.799759
06-08 18:21:31.953  4164  4164 D MiPlayDetailViewModel: onPositionChange(): position = 4549
06-08 18:21:31.953  6952 30705 I SafeBinderCall: onPositionChange binder cost:0
06-08 18:21:31.998  2403  4648 I WindowManagerService: Physical orientation applied, rotation=0 sfOrientation=ORIENTATION_0
06-08 18:21:32.038 29468 29501 I appium  : channel read: POST /wd/hub/session/cfd318ce-f210-4e8c-9683-1cb7f91149d1/element
06-08 18:21:32.039 29468 29501 I appium  : FindElement command
06-08 18:21:32.041 29468 29501 I appium  : method: 'id', selector: 'cn.missevan:id/sound_title'
06-08 18:21:32.042 29468 29501 I appium  : Waiting up to 100ms for the device to idle
06-08 18:21:32.053  1245  2285 I vendor.qti.hardware.display.composer-service: FrameNotifyProcess Sensor: notify citsensorservice to trigger cwb
06-08 18:21:32.053  1977  2106 I libcitsensorservice@2.0-impl: msg_transfer
06-08 18:21:32.053  1977  2987 D vendor.xiaomi.sensor.citsensorservice@2.0-service: handle id:8 wxh:1280x2400 uwxuh:1080x2400 size: 9216000 fd:15 fd_meta:16 flags:0x4000228 usage:0x33  format:0x3 layer_count: 1
06-08 18:21:32.054  1245  1846 I SDM     : HWCSession::SetCWBOutputBuffer: CWB config passed by cwb_client : tappoint 1  CWB_ROI : (829.000000 4.000000 915.000000 90.000000)
06-08 18:21:32.055  1245 31029 I SDM     : HWCSession::ProcessRequests: Successfully configured CWB buffer.
06-08 18:21:32.060  5823  5823 D MilletUtils: checkDownload uid =10462 per=0 delTime=4003 delByte=197nowByte=503568096 before=503567899
06-08 18:21:32.061  5823  5823 D MilletUtils: broadcastMsg uid =10462 val=false delete
06-08 18:21:32.064  1245 31029 I SDM     : HWCSession::ProcessRequests: Pushing release fence in fenece wait queue.
06-08 18:21:32.064  1245 31029 I SDM     : HWCSession::ProcessRequests: Creating AsyncFenceWaits async thread.
06-08 18:21:32.064  1245 31029 I SDM     : HWCSession::ProcessRequests: Remove current CWB request from the pending request queue.
06-08 18:21:32.064  1245 31029 I SDM     : HWCSession::ProcessRequests: No pending cwb requests found in the queue.
06-08 18:21:32.071  1245  1464 I SDM     : HWDeviceDRM::SetupConcurrentWriteback: Tear down the Concurrent Writeback topology
06-08 18:21:32.078  1245 31030 I SDM     : HWCSession::NotifyCWBStatus: Notify the client about buffer status 0.
06-08 18:21:32.078  1245 31030 I SDM     : HWCSession::PerformFenceWaits: Remove current release fence from the pending fence wait queue.
06-08 18:21:32.078  1245 31030 I SDM     : HWCSession::PerformFenceWaits: CWB fence queue is empty. No pending release fence to wait on.
06-08 18:21:32.094  2403  3454 I WindowManagerService: Physical orientation applied, rotation=0 sfOrientation=ORIENTATION_0
06-08 18:21:32.204  2403  3454 I WindowManagerService: Physical orientation applied, rotation=0 sfOrientation=ORIENTATION_0
06-08 18:21:32.205  1977  2997 D libsensor-displayalgo: the value of  brightness:400.000000,R:83162175.266168,G:83162175.266168,B:83162175.266168,EVENT_C:6579.000000,EVENT_R:2515.500000,EVENT_G:3349.000000,EVENT_B:1325.000000
06-08 18:21:32.205  1977  2997 I libsensor-displayalgo: the value of  Coef1:1107.681000,Coef4:2.383000, scale1:0.935522, scale4:0.923264
06-08 18:21:32.205  1977  2997 E libsensor-displayalgo: RGB_test_0407_400_oldzy!
06-08 18:21:32.205  1977  2997 I libsensor-displayalgo: the value of  RESULT3074.028946,1218.178540,1487.819375,559.403007
06-08 18:21:32.205  1977  2997 I libsensor-displayalgo: the value of  getChannelDataCalibrated3212.271060,1128.831833,1721.551000,606.329671
06-08 18:21:32.205  1977  2997 I libsensor-displayalgo: the value of  REAL LUX200.993423
06-08 18:21:32.205  1977  2997 I libsensor-displayalgo: the value of  CAL REAL LUX200.993423
06-08 18:21:32.221 29468 29501 W QueryController: Could not detect idle state.
06-08 18:21:32.302  2403  4648 I WindowManagerService: Physical orientation applied, rotation=0 sfOrientation=ORIENTATION_0
06-08 18:21:32.342 29468 29501 I appium  : AppiumResponse: {"sessionId":"cfd318ce-f210-4e8c-9683-1cb7f91149d1","value":{"ELEMENT":"00000000-0000-020b-ffff-ffff00000d81","element-6066-11e4-a52e-4f735466cecf":"00000000-0000-020b-ffff-ffff00000d81"}}
06-08 18:21:32.358  1245  2285 I vendor.qti.hardware.display.composer-service: FrameNotifyProcess Sensor: notify citsensorservice to trigger cwb
06-08 18:21:32.358  1977  1977 I libcitsensorservice@2.0-impl: msg_transfer
06-08 18:21:32.358  1977  2987 D vendor.xiaomi.sensor.citsensorservice@2.0-service: handle id:8 wxh:1280x2400 uwxuh:1080x2400 size: 9216000 fd:15 fd_meta:16 flags:0x4000228 usage:0x33  format:0x3 layer_count: 1
06-08 18:21:32.358  1245  1846 I SDM     : HWCSession::SetCWBOutputBuffer: CWB config passed by cwb_client : tappoint 1  CWB_ROI : (829.000000 4.000000 915.000000 90.000000)
06-08 18:21:32.360  1245 31031 I SDM     : HWCSession::ProcessRequests: Successfully configured CWB buffer.
06-08 18:21:32.367 29468 29501 I appium  : channel read: GET /wd/hub/session/cfd318ce-f210-4e8c-9683-1cb7f91149d1/element/00000000-0000-020b-ffff-ffff00000d81/text
06-08 18:21:32.369  1245 31031 I SDM     : HWCSession::ProcessRequests: Pushing release fence in fenece wait queue.
06-08 18:21:32.369  1245 31031 I SDM     : HWCSession::ProcessRequests: Creating AsyncFenceWaits async thread.
06-08 18:21:32.369 29468 29501 I appium  : GetText command
06-08 18:21:32.370  1245 31031 I SDM     : HWCSession::ProcessRequests: Remove current CWB request from the pending request queue.
06-08 18:21:32.370  1245 31031 I SDM     : HWCSession::ProcessRequests: No pending cwb requests found in the queue.
06-08 18:21:32.376  1245  1464 I SDM     : HWDeviceDRM::SetupConcurrentWriteback: Tear down the Concurrent Writeback topology
06-08 18:21:32.382  1245 31032 I SDM     : HWCSession::NotifyCWBStatus: Notify the client about buffer status 0.
06-08 18:21:32.383  1245 31032 I SDM     : HWCSession::PerformFenceWaits: Remove current release fence from the pending fence wait queue.
06-08 18:21:32.383  1245 31032 I SDM     : HWCSession::PerformFenceWaits: CWB fence queue is empty. No pending release fence to wait on.
06-08 18:21:32.400  2403  4648 I WindowManagerService: Physical orientation applied, rotation=0 sfOrientation=ORIENTATION_0
06-08 18:21:32.504  1977  2997 D libsensor-displayalgo: the value of  brightness:400.000000,R:83162175.266168,G:83162175.266168,B:83162175.266168,EVENT_C:6525.500000,EVENT_R:2501.000000,EVENT_G:3323.500000,EVENT_B:1312.500000
06-08 18:21:32.505  1977  2997 I libsensor-displayalgo: the value of  Coef1:1107.681000,Coef4:2.383000, scale1:0.935522, scale4:0.923264
06-08 18:21:32.505  1977  2997 E libsensor-displayalgo: RGB_test_0407_400_oldzy!
06-08 18:21:32.505  1977  2997 I libsensor-displayalgo: the value of  RESULT3074.028946,1218.178540,1487.819375,559.403007
06-08 18:21:32.505  1977  2997 I libsensor-displayalgo: the value of  getChannelDataCalibrated3212.271060,1128.831833,1721.551000,606.329671
06-08 18:21:32.505  1977  2997 I libsensor-displayalgo: the value of  REAL LUX197.619537
06-08 18:21:32.505  1977  2997 I libsensor-displayalgo: the value of  CAL REAL LUX197.619537
06-08 18:21:32.516  2403  4648 I WindowManagerService: Physical orientation applied, rotation=0 sfOrientation=ORIENTATION_0
06-08 18:21:32.527 29468 29501 W QueryController: Could not detect idle state.
06-08 18:21:32.616  2403  4648 I WindowManagerService: Physical orientation applied, rotation=0 sfOrientation=ORIENTATION_0
06-08 18:21:32.661  2403  4648 I WindowManagerService: Physical orientation applied, rotation=0 sfOrientation=ORIENTATION_0
06-08 18:21:32.663  1245  2285 I vendor.qti.hardware.display.composer-service: FrameNotifyProcess Sensor: notify citsensorservice to trigger cwb
06-08 18:21:32.663  1977  3798 I libcitsensorservice@2.0-impl: msg_transfer
06-08 18:21:32.664  1977  2987 D vendor.xiaomi.sensor.citsensorservice@2.0-service: handle id:8 wxh:1280x2400 uwxuh:1080x2400 size: 9216000 fd:15 fd_meta:16 flags:0x4000228 usage:0x33  format:0x3 layer_count: 1
06-08 18:21:32.664  1245  1846 I SDM     : HWCSession::SetCWBOutputBuffer: CWB config passed by cwb_client : tappoint 1  CWB_ROI : (829.000000 4.000000 915.000000 90.000000)
06-08 18:21:32.667  1245 31041 I SDM     : HWCSession::ProcessRequests: Successfully configured CWB buffer.
06-08 18:21:32.673  1245 31041 I SDM     : HWCSession::ProcessRequests: Pushing release fence in fenece wait queue.
06-08 18:21:32.674  1245 31041 I SDM     : HWCSession::ProcessRequests: Creating AsyncFenceWaits async thread.
06-08 18:21:32.674  1245 31041 I SDM     : HWCSession::ProcessRequests: Remove current CWB request from the pending request queue.
06-08 18:21:32.674  1245 31041 I SDM     : HWCSession::ProcessRequests: No pending cwb requests found in the queue.
06-08 18:21:32.680  1245  1464 I SDM     : HWDeviceDRM::SetupConcurrentWriteback: Tear down the Concurrent Writeback topology
06-08 18:21:32.688  1245 31042 I SDM     : HWCSession::NotifyCWBStatus: Notify the client about buffer status 0.
06-08 18:21:32.690  1245 31042 I SDM     : HWCSession::PerformFenceWaits: Remove current release fence from the pending fence wait queue.
06-08 18:21:32.690  1245 31042 I SDM     : HWCSession::PerformFenceWaits: CWB fence queue is empty. No pending release fence to wait on.
06-08 18:21:32.705  2403  4648 I WindowManagerService: Physical orientation applied, rotation=0 sfOrientation=ORIENTATION_0
06-08 18:21:32.732 29468 29501 W QueryController: Could not detect idle state.
06-08 18:21:32.744 29468 29501 I appium  : AppiumResponse: {"sessionId":"cfd318ce-f210-4e8c-9683-1cb7f91149d1","value":"de"}
06-08 18:21:32.767 29468 29501 I appium  : channel read: POST /wd/hub/session/cfd318ce-f210-4e8c-9683-1cb7f91149d1/element
06-08 18:21:32.770 29468 29501 I appium  : FindElement command
06-08 18:21:32.777 29468 29501 I appium  : method: 'id', selector: 'cn.missevan:id/all_episodes'
06-08 18:21:32.778 29468 29501 I appium  : Waiting up to 100ms for the device to idle
06-08 18:21:32.804  1977  2997 D libsensor-displayalgo: the value of  brightness:400.000000,R:83162175.266168,G:83162175.266168,B:83162175.266168,EVENT_C:6531.000000,EVENT_R:2507.500000,EVENT_G:3323.000000,EVENT_B:1311.000000
06-08 18:21:32.805  1977  2997 I libsensor-displayalgo: the value of  Coef1:1107.681000,Coef4:2.383000, scale1:0.935522, scale4:0.923264
06-08 18:21:32.805  1977  2997 E libsensor-displayalgo: RGB_test_0407_400_oldzy!
06-08 18:21:32.807  1977  2997 I libsensor-displayalgo: the value of  RESULT3074.028946,1218.178540,1487.819375,559.403007
06-08 18:21:32.807  1977  2997 I libsensor-displayalgo: the value of  getChannelDataCalibrated3212.271060,1128.831833,1721.551000,606.329671
06-08 18:21:32.807  1977  2997 I libsensor-displayalgo: the value of  REAL LUX197.861740
06-08 18:21:32.807  1977  2997 I libsensor-displayalgo: the value of  CAL REAL LUX197.861740
06-08 18:21:32.824  2403  4648 I WindowManagerService: Physical orientation applied, rotation=0 sfOrientation=ORIENTATION_0
06-08 18:21:32.925  2403  3454 I WindowManagerService: Physical orientation applied, rotation=0 sfOrientation=ORIENTATION_0
06-08 18:21:32.941 29468 29501 W QueryController: Could not detect idle state.
06-08 18:21:32.953  6952 30705 I SafeBinderCall: onPositionChange binder cost:1
06-08 18:21:32.954  4164  4164 D MiPlayDetailViewModel: onPositionChange(): position = 5549
06-08 18:21:32.967  1245  2285 I vendor.qti.hardware.display.composer-service: FrameNotifyProcess Sensor: notify citsensorservice to trigger cwb
06-08 18:21:32.969  1977  1977 I libcitsensorservice@2.0-impl: msg_transfer
06-08 18:21:32.969  1977  2987 D vendor.xiaomi.sensor.citsensorservice@2.0-service: handle id:8 wxh:1280x2400 uwxuh:1080x2400 size: 9216000 fd:15 fd_meta:16 flags:0x4000228 usage:0x33  format:0x3 layer_count: 1
06-08 18:21:32.969  1245  1846 I SDM     : HWCSession::SetCWBOutputBuffer: CWB config passed by cwb_client : tappoint 1  CWB_ROI : (829.000000 4.000000 915.000000 90.000000)
06-08 18:21:32.971  1245 31043 I SDM     : HWCSession::ProcessRequests: Successfully configured CWB buffer.
06-08 18:21:32.978  1245 31043 I SDM     : HWCSession::ProcessRequests: Pushing release fence in fenece wait queue.
06-08 18:21:32.979  1245 31043 I SDM     : HWCSession::ProcessRequests: Creating AsyncFenceWaits async thread.
06-08 18:21:32.979  1245 31043 I SDM     : HWCSession::ProcessRequests: Remove current CWB request from the pending request queue.
06-08 18:21:32.979  1245 31043 I SDM     : HWCSession::ProcessRequests: No pending cwb requests found in the queue.
06-08 18:21:32.985  1245  1464 I SDM     : HWDeviceDRM::SetupConcurrentWriteback: Tear down the Concurrent Writeback topology
06-08 18:21:32.992  1245 31044 I SDM     : HWCSession::NotifyCWBStatus: Notify the client about buffer status 0.
06-08 18:21:32.992  1245 31044 I SDM     : HWCSession::PerformFenceWaits: Remove current release fence from the pending fence wait queue.
06-08 18:21:32.992  1245 31044 I SDM     : HWCSession::PerformFenceWaits: CWB fence queue is empty. No pending release fence to wait on.
06-08 18:21:32.996 29468 29501 I appium  : AppiumResponse: {"sessionId":"cfd318ce-f210-4e8c-9683-1cb7f91149d1","value":{"ELEMENT":"00000000-0000-020b-ffff-ffff00000d5b","element-6066-11e4-a52e-4f735466cecf":"00000000-0000-020b-ffff-ffff00000d5b"}}
06-08 18:21:33.008 21969 22263 D MemoryCeilingMonitor: [handleMemoryCalculate]
06-08 18:21:33.008 21969 22263 D MemoryCeilingMonitor: [calculate] tot: 5981872, max: 268435456, free: 875080, heap: 5106792, per: 0.019024282693862915
06-08 18:21:33.009 29468 29501 I appium  : channel read: POST /wd/hub/session/cfd318ce-f210-4e8c-9683-1cb7f91149d1/element/00000000-0000-020b-ffff-ffff00000d5b/click
06-08 18:21:33.009 29468 29501 I appium  : Click command
06-08 18:21:33.010  2403  4648 I WindowManagerService: Physical orientation applied, rotation=0 sfOrientation=ORIENTATION_0
06-08 18:21:33.104  1977  2997 D libsensor-displayalgo: the value of  brightness:400.000000,R:83162175.266168,G:83162175.266168,B:83162175.266168,EVENT_C:6553.000000,EVENT_R:2510.500000,EVENT_G:3332.000000,EVENT_B:1317.500000
06-08 18:21:33.104  1977  2997 I libsensor-displayalgo: the value of  Coef1:1107.681000,Coef4:2.383000, scale1:0.935522, scale4:0.923264
06-08 18:21:33.104  1977  2997 E libsensor-displayalgo: RGB_test_0407_400_oldzy!
06-08 18:21:33.104  1977  2997 I libsensor-displayalgo: the value of  RESULT3074.028946,1218.178540,1487.819375,559.403007
06-08 18:21:33.104  1977  2997 I libsensor-displayalgo: the value of  getChannelDataCalibrated3212.271060,1128.831833,1721.551000,606.329671
06-08 18:21:33.104  1977  2997 I libsensor-displayalgo: the value of  REAL LUX199.182739
06-08 18:21:33.104  1977  2997 I libsensor-displayalgo: the value of  CAL REAL LUX199.182739
06-08 18:21:33.141  2403  4648 I WindowManagerService: Physical orientation applied, rotation=0 sfOrientation=ORIENTATION_0
06-08 18:21:33.158 29468 29501 W QueryController: Could not detect idle state.
06-08 18:21:33.168  5373 11229 W MiuiPerfServiceClient: interceptAndQueuing:29523|cn.missevan|66|43|2077916623333844|Slow handle traversal|4
06-08 18:21:33.225  2403  4648 I WindowManagerService: Physical orientation applied, rotation=0 sfOrientation=ORIENTATION_0
06-08 18:21:33.273  1245  2285 I vendor.qti.hardware.display.composer-service: FrameNotifyProcess Sensor: notify citsensorservice to trigger cwb
06-08 18:21:33.274  1977  3798 I libcitsensorservice@2.0-impl: msg_transfer
06-08 18:21:33.275  1977  2987 D vendor.xiaomi.sensor.citsensorservice@2.0-service: handle id:8 wxh:1280x2400 uwxuh:1080x2400 size: 9216000 fd:15 fd_meta:16 flags:0x4000228 usage:0x33  format:0x3 layer_count: 1
06-08 18:21:33.276  1245  1846 I SDM     : HWCSession::SetCWBOutputBuffer: CWB config passed by cwb_client : tappoint 1  CWB_ROI : (829.000000 4.000000 915.000000 90.000000)
06-08 18:21:33.277  1245 31045 I SDM     : HWCSession::ProcessRequests: Successfully configured CWB buffer.
06-08 18:21:33.285  1245 31045 I SDM     : HWCSession::ProcessRequests: Pushing release fence in fenece wait queue.
06-08 18:21:33.286  1245 31045 I SDM     : HWCSession::ProcessRequests: Creating AsyncFenceWaits async thread.
06-08 18:21:33.286  1245 31045 I SDM     : HWCSession::ProcessRequests: Remove current CWB request from the pending request queue.
06-08 18:21:33.287  1245 31045 I SDM     : HWCSession::ProcessRequests: No pending cwb requests found in the queue.
06-08 18:21:33.290  1245  1464 I SDM     : HWDeviceDRM::SetupConcurrentWriteback: Tear down the Concurrent Writeback topology
06-08 18:21:33.298  1245 31047 I SDM     : HWCSession::NotifyCWBStatus: Notify the client about buffer status 0.
06-08 18:21:33.299  1245 31047 I SDM     : HWCSession::PerformFenceWaits: Remove current release fence from the pending fence wait queue.
06-08 18:21:33.299  1245 31047 I SDM     : HWCSession::PerformFenceWaits: CWB fence queue is empty. No pending release fence to wait on.
06-08 18:21:33.328  2403  4648 I WindowManagerService: Physical orientation applied, rotation=0 sfOrientation=ORIENTATION_0
