06-14 17:35:24.682  1265  2358 I vendor.qti.hardware.display.composer-service: FrameNotifyProcess Sensor: notify citsensorservice to trigger cwb
06-14 17:35:24.683  2018  2018 I libcitsensorservice@2.0-impl: msg_transfer
06-14 17:35:24.683  2018  3098 D vendor.xiaomi.sensor.citsensorservice@2.0-service: handle id:9 wxh:1280x2400 uwxuh:1080x2400 size: 9216000 fd:15 fd_meta:16 flags:0x4000228 usage:0x33  format:0x3 layer_count: 1
06-14 17:35:24.684  1265  1890 I SDM     : HWCSession::SetCWBOutputBuffer: CWB config passed by cwb_client : tappoint 1  CWB_ROI : (829.000000 4.000000 915.000000 90.000000)
06-14 17:35:24.685 13610 24920 I SoLoadWidget.SoLoaderLogic: [loadConfigSo] appid: 537142041,soversion: 1.1.0,soname: SharpPEnc
06-14 17:35:24.692 13036 13346 D MSF.C.NetConnTag.true: netRecv ssoSeq:92587 uin:*7991 cmd:DCw+IHQ+Nz85Kw 92706 cross:0 socketEngineID: 0 socket: 162579374
06-14 17:35:24.692  1265 25022 I SDM     : HWCSession::ProcessRequests: Successfully configured CWB buffer.
06-14 17:35:24.692 13036 13313 I MSF.S.AppProcessManager: SendToApp process:com.tencent.mobileqq fromServiceMsg: FromServiceMsg msName:unknown ssoSeq:92587 serviceCmd:Font.fresh appSeq:33 failCode:1000 cos t =0 needBoot=false to.len = 71 from.len = 29
06-14 17:35:24.694 13610 15243 D MSF.D.Proxy: onReceiveResp, fromServiceMsg = Font.fresh, ssoSeq = 92587, length = 29
06-14 17:35:24.702  1265 25022 I SDM     : HWCSession::ProcessRequests: Pushing release fence in fenece wait queue.
06-14 17:35:24.702  1265 25022 I SDM     : HWCSession::ProcessRequests: Creating AsyncFenceWaits async thread.
06-14 17:35:24.704 13610 24846 E VipInfoHandler: privExtRsp.payRule equals=true old:
06-14 17:35:24.704 13610 24846 E VipInfoHandler: DBYAJgA2AEYAWgwcKQwLZgB2AIYAkAGsvMzc
06-14 17:35:24.704 13610 24846 E VipInfoHandler: PayRuleCfg{enable=0, aid='', iconText='', iconUrl='', iconJumpUrl='', rule=ShowRule{showType=0, showCount=0, rangTimes=[]}, advId='', iconTextCol='', iosAid='', update=1, userType=0, clubType=0, clickHide=0, payHide=0}
06-14 17:35:24.707 13610 24832 D SoMonitor.SoMonitorMmkvHelper: [saveSoFileInfo], save to mmkv: SoFileInfo{name=libSharpPEnc.so, canonicalPath=/data/user/0/com.tencent.mobileqq/files/qqso/.download/B677760BA215B89A98EB2ACBE075D55D/libSharpPEnc.so, md5=bc6c419e7770649800562e3694e87598, length=843352, lastModified=1669175581000}
06-14 17:35:24.711  1265  1584 I SDM     : HWDeviceDRM::SetupConcurrentWriteback: Tear down the Concurrent Writeback topology
06-14 17:35:24.712 13610 24920 I [zplan][ZPlanApiImpl]: prepare SharpP so, result: LRes{rCode=0,isSucc=true}, version: 1.1.0
06-14 17:35:24.718 13610 24929 D EntityManager: createTable, tableName=Reporting, isCreated=true, isForceCreate=false, createSQL=CREATE TABLE IF NOT EXISTS Reporting (_id INTEGER PRIMARY KEY AUTOINCREMENT,mCount INTEGER,mDetail TEXT,mDetailHashCode INTEGER,mLockedCount INTEGER,mSeqKey INTEGER,mTag TEXT,UNIQUE(mTag, mDetail) ON CONFLICT IGNORE)
06-14 17:35:24.719  1265 25022 I SDM     : HWCSession::ProcessRequests: Remove current CWB request from the pending request queue.
06-14 17:35:24.720  1265 25022 I SDM     : HWCSession::ProcessRequests: No pending cwb requests found in the queue.
06-14 17:35:24.726 23161 23192 W QueryController: Could not detect idle state.
06-14 17:35:24.726 13610 24841 D VasUpdate_ThreadFactory: new thread: pool-1-vas_update_system_download-thread-1, id: 288 is created.
06-14 17:35:24.729 13036 13293 D MSF.C.NetConnTag.true: msf can not get ssid
06-14 17:35:24.729 13036 13293 D MSF.C.NetConnTag.true: msf can not get ssid
06-14 17:35:24.730 13036 13293 D MSF.C.NetConnTag.true: encodeRequest cmd: friendlist.GetSimpleOnlineFriendInfoReq, with version = 11, AppId = 537142041
06-14 17:35:24.730 13036 13293 D MSF.C.NetConnTag.true: pa ok: 92589
06-14 17:35:24.730 13036 13293 D MSF.C.NetConnTag.DualConnContext.true: tryDualConn
06-14 17:35:24.731 13036 13293 D MSF.C.NetConnTag.true: netSend ssoSeq:92589 uin:*7991 cmd:LDE5MTQ8KTM5N34TPywWMyczPDEVNikzJCYWJjM9Kz4DLTY7CD00 92840 9b0c3ae socketEngineID: 0 socket: 162579374
06-14 17:35:24.732  1265 25024 I SDM     : HWCSession::NotifyCWBStatus: Notify the client about buffer status 0.
06-14 17:35:24.734  1265 25024 I SDM     : HWCSession::PerformFenceWaits: Remove current release fence from the pending fence wait queue.
06-14 17:35:24.734  1265 25024 I SDM     : HWCSession::PerformFenceWaits: CWB fence queue is empty. No pending release fence to wait on.
06-14 17:35:24.739  1930  1967 I mstatdaemon: Entering time loop
06-14 17:35:24.739  1930  1967 I mstatdaemon: t = 1686735324
06-14 17:35:24.739  1930  1967 I mstatdaemon: translated_t = 1370745324
06-14 17:35:24.739  1930  1967 I mstat_log: mstatcommitLog log_alloc() failed
06-14 17:35:24.742 13036 13346 D MSF.C.NetConnTag.true: netRecv ssoSeq:92588 uin:*7991 cmd:BSo0NgkuJg44MzMAOShrajJyYDBr 93251 cross:0 socketEngineID: 0 socket: 162579374
06-14 17:35:24.743 13036 13313 I MSF.S.AppProcessManager: SendToApp process:com.tencent.mobileqq fromServiceMsg: FromServiceMsg msName:unknown ssoSeq:92588 serviceCmd:OidbSvcTrpcTcp.0x10d1 appSeq:34 failCode:1000 cos t =0 needBoot=false to.len = 40 from.len = 548
06-14 17:35:24.743 23161 23192 W ByMatcher: Node returned null child: android.view.accessibility.AccessibilityNodeInfo@305f16; boundsInParent: Rect(0, 0 - 1080, 956); boundsInScreen: Rect(0, 220 - 1080, 1176); packageName: cn.missevan; className: android.widget.FrameLayout; text: null; error: null; maxTextLength: -1; stateDescription: null; contentDescription: null; tooltipText: null; viewIdResName: cn.missevan:id/danmakuView; checkable: false; checked: false; focusable: false; focused: false; selected: false; clickable: false; longClickable: false; contextClickable: false; enabled: true; password: false; scrollable: false; importantForAccessibility: false; visible: true; actions: [AccessibilityAction: ACTION_SELECT - null, AccessibilityAction: ACTION_CLEAR_SELECTION - null, AccessibilityAction: ACTION_ACCESSIBILITY_FOCUS - null, AccessibilityAction: ACTION_SHOW_ON_SCREEN - null]
06-14 17:35:24.743 23161 23192 W ByMatcher: Skipping null child (1 of 2)
06-14 17:35:24.744 13610 15243 D MSF.D.Proxy: onReceiveResp, fromServiceMsg = OidbSvcTrpcTcp.0x10d1, ssoSeq = 92588, length = 548
06-14 17:35:24.746 13610 24835 D plugin_tag: init plugin updater :13
06-14 17:35:24.751 13036 13284 W Settings: Setting airplane_mode_on has moved from android.provider.Settings.System to android.provider.Settings.Global, returning read-only value.
06-14 17:35:24.751 13610 25027 E LIBNATIVE-MEMORY-LIBRARY-LIB: jni-loadlibrary-util.cpp:MyNativeLoad(70) >> native load /data/app/~~lG7xG2hkDc7uakEhlV0hOA==/com.tencent.mobileqq-zSg5QPLGjT5fbNRsmv7Ksg==/lib/arm64/libapng.so, isSystem 0
06-14 17:35:24.752 13610 25025 E VasUpdate_VasUpdateSystemNofify: start  notifyVasUpdateSystemCreate
06-14 17:35:24.753 13036 13284 W Settings: Setting airplane_mode_on has moved from android.provider.Settings.System to android.provider.Settings.Global, returning read-only value.
06-14 17:35:24.755 13036 13284 W Settings: Setting airplane_mode_on has moved from android.provider.Settings.System to android.provider.Settings.Global, returning read-only value.
06-14 17:35:24.755 13610 25027 E LIBNATIVE-MEMORY-LIBRARY-LIB: alog.cpp:findClassIfNecessary(62) >> Check failed: klass.
06-14 17:35:24.755 13610 25027 E LIBNATIVE-MEMORY-LIBRARY-LIB: alog.cpp:findLogMethodIfNecessary(74) >> Check failed: findClassIfNecessary(se).
06-14 17:35:24.755 13610 25027 E LIBNATIVE-MEMORY-LIBRARY-LIB: so_load_hooker.h:afterSoLoad(90) >> std_path = /data/app/~~lG7xG2hkDc7uakEhlV0hOA==/com.tencent.mobileqq-zSg5QPLGjT5fbNRsmv7Ksg==/lib/arm64/libapng.so
06-14 17:35:24.755 13610 25027 W LIBNATIVE-MEMORY-LIBRARY-LIB: so_load_hooker.h:afterSoLoad(102) >> only hook jni load interface, just return
06-14 17:35:24.756 23161 23192 I appium  : AppiumResponse: {"sessionId":"a52e2dc3-1d71-4234-ac70-3569c0188cf4","value":{"ELEMENT":"00000000-0000-02d3-ffff-ffff00000cd9","element-6066-11e4-a52e-4f735466cecf":"00000000-0000-02d3-ffff-ffff00000cd9"}}
06-14 17:35:24.756 13610 25027 I VasApngUtil.IPCModule: load apng-so local at Thread[thread_sp_net_4,5,main]
06-14 17:35:24.756 13610 25027 E VasApngUtil.IPCModule: load exists so success
06-14 17:35:24.756 13036 13284 W Settings: Setting airplane_mode_on has moved from android.provider.Settings.System to android.provider.Settings.Global, returning read-only value.
06-14 17:35:24.760 13610 24846 D [zplan]_ZPlanRequestHandler: handleObserverResponse, cmd: OidbSvc.0x5eb_22_2, errCode: 1000, errMsg:
06-14 17:35:24.760 13610 24846 D Wadl_WadlBusinessServlet: onReceive... ,failCode=1000  errMsg:
06-14 17:35:24.760 13610 24846 D Wadl_WadlBusinessServlet: onReceive success=true
06-14 17:35:24.761 13610 24846 W SingletonPool: create com.tencent.gamecenter.wadl.api.impl.QQGameTrpcSsoServiceImpl
06-14 17:35:24.761 13610 24846 W SingletonPool: create com.tencent.gamecenter.wadl.api.impl.QQGameTrpcSsoServiceImpl cost:1
06-14 17:35:24.761 13610 24846 D Wadl_QQGameTrpcSsoServiceImpl: onRespTrpcSso cmd=trpc.down.report.Report.DcReport,isSucc=true,rspObj=null
06-14 17:35:24.761 13610 24846 D Wadl_QQGameTrpcSsoServiceImpl: notifyListeners cmd=trpc.down.report.Report.DcReport,isSucc=true,listeners size=0
06-14 17:35:24.761 13610 24846 D Wadl_WadlBusinessServlet: onReceive exit|cost: 1
06-14 17:35:24.762 13610 13610 I ZPlanTabServerDataManager_: doGetPortalV2BottomTabsReq success - 1
06-14 17:35:24.762 13610 13610 I ZPlanTabServerDataManager_: updateServerTabData, size = 1
06-14 17:35:24.762 13610 25027 E vasapngdownloader: decodeFile error : file == null
06-14 17:35:24.762 13610 13610 I DressInfoImpl: saveInMemory
06-14 17:35:24.762 13610 13610 I DressInfoImpl: saveInDb
06-14 17:35:24.762 13610 25027 E URLDrawable_: ApngSoLoader error: java.lang.NullPointerException: bitmap decode failed
06-14 17:35:24.762 13610 25027 E URLDrawable_: 	at java.util.Objects.requireNonNull(Objects.java:245)
06-14 17:35:24.762 13610 25027 E URLDrawable_: 	at com.tencent.image.URLState.loadImage(P:84)
06-14 17:35:24.762 13610 25027 E URLDrawable_: 	at com.tencent.image.URLState$2.onFileDownloadSucceed(P:1)
06-14 17:35:24.762 13610 25027 E URLDrawable_: 	at com.tencent.mobileqq.vas.i.l(P:9)
06-14 17:35:24.762 13610 25027 E URLDrawable_: 	at com.tencent.mobileqq.vas.i.load(P:1)
06-14 17:35:24.762 13610 25027 E URLDrawable_: 	at com.tencent.image.URLState.loadImage(P:11)
06-14 17:35:24.762 13610 25027 E URLDrawable_: 	at com.tencent.image.URLState$DownloadRunnable.run(P:13)
06-14 17:35:24.762 13610 25027 E URLDrawable_: 	at com.tencent.mobileqq.app.Job.run(P:3)
06-14 17:35:24.762 13610 25027 E URLDrawable_: 	at java.util.concurrent.ThreadPoolExecutor.runWorker(ThreadPoolExecutor.java:1167)
06-14 17:35:24.762 13610 25027 E URLDrawable_: 	at java.util.concurrent.ThreadPoolExecutor$Worker.run(ThreadPoolExecutor.java:641)
06-14 17:35:24.762 13610 25027 E URLDrawable_: 	at java.lang.Thread.run(Thread.java:920)
06-14 17:35:24.765 13036 13284 W Settings: Setting airplane_mode_on has moved from android.provider.Settings.System to android.provider.Settings.Global, returning read-only value.
06-14 17:35:24.767 13036 13284 W Settings: Setting airplane_mode_on has moved from android.provider.Settings.System to android.provider.Settings.Global, returning read-only value.
06-14 17:35:24.769 13610 13610 I DressInfoImpl: refreshDressInfo scene=login hasChange=false onResultSuccess dressKey=a: ""
06-14 17:35:24.769 13610 13610 I DressInfoImpl: b: "c14e8cc398a1cde96a2c48a4ceeabb6753c9f603"
06-14 17:35:24.769 13610 13610 I DressInfoImpl: c: "c14e8cc398a1cde9"
06-14 17:35:24.769 13610 13610 I DressInfoImpl:  maleDefaultDressKey=a: ""
06-14 17:35:24.769 13610 13610 I DressInfoImpl: b: "7db74df43fbf04c1fc220317395ed5b2c41aa02d"
06-14 17:35:24.769 13610 13610 I DressInfoImpl: c: "7db74df43fbf04c1"
06-14 17:35:24.769 13610 13610 I DressInfoImpl:  femaleDefaultDressKey=a: ""
06-14 17:35:24.769 13610 13610 I DressInfoImpl: b: "54f4c8e5befd703dbc7a24fb569cdb900af48b9a"
06-14 17:35:24.769 13610 13610 I DressInfoImpl: c: "54f4c8e5befd703d"
06-14 17:35:24.770 13036 13284 W Settings: Setting airplane_mode_on has moved from android.provider.Settings.System to android.provider.Settings.Global, returning read-only value.
06-14 17:35:24.772 13036 13284 W Settings: Setting airplane_mode_on has moved from android.provider.Settings.System to android.provider.Settings.Global, returning read-only value.
06-14 17:35:24.777 13036 13284 W Settings: Setting airplane_mode_on has moved from android.provider.Settings.System to android.provider.Settings.Global, returning read-only value.
06-14 17:35:24.777 13036 13293 D MSF.C.NetConnTag.true: msf can not get ssid
06-14 17:35:24.778 13036 13293 D MSF.C.NetConnTag.true: msf can not get ssid
06-14 17:35:24.778 13036 13293 D MSF.C.NetConnTag.true: encodeRequest cmd: scupdate.handle, with version = 11, AppId = 537142041
06-14 17:35:24.778 13036 13293 D MSF.C.NetConnTag.true: pa ok: 92590
06-14 17:35:24.778 13036 13293 D MSF.C.NetConnTag.DualConnContext.true: tryDualConn
06-14 17:35:24.778 13036 13293 D MSF.C.NetConnTag.true: netSend ssoSeq:92590 uin:*7991 cmd:OSAlJD45MT9kKzE6PjQg 92745 9b0c3ae socketEngineID: 0 socket: 162579374
06-14 17:35:24.779 13036 13346 D MSF.C.NetConnTag.true: netRecv ssoSeq:92589 uin:*7991 cmd:LDE5MTQ8KTM5N34TPywWMyczPDEVNikzJCYWJjM9Kz4DLTY7CD00 93100 cross:0 socketEngineID: 0 socket: 162579374
06-14 17:35:24.779 23161 23192 I appium  : channel read: POST /wd/hub/session/a52e2dc3-1d71-4234-ac70-3569c0188cf4/element/00000000-0000-02d3-ffff-ffff00000cd9/click
06-14 17:35:24.779 13036 13284 W Settings: Setting airplane_mode_on has moved from android.provider.Settings.System to android.provider.Settings.Global, returning read-only value.
06-14 17:35:24.780 23161 23192 I appium  : Click command
06-14 17:35:24.780 13610 24835 W com.tencent.shadow.dynamic.host.ShadowTag: plugin expand not found in asset qshadow-plugins/expand/Release/config.json
06-14 17:35:24.780 13610 24835 W com.tencent.shadow.dynamic.host.ShadowTag: plugin huaweistep not found in asset qshadow-plugins/huaweistep/Release/config.json
06-14 17:35:24.793 13610 24835 D plugin_tag: put qlink_plugin.apk in to mInstalledPlugins, state: 4
06-14 17:35:24.795 13036 13313 I MSF.S.AppProcessManager: SendToApp process:com.tencent.mobileqq fromServiceMsg: FromServiceMsg msName:unknown ssoSeq:92589 serviceCmd:friendlist.GetSimpleOnlineFriendInfoReq appSeq:35 failCode:1000 cos t =0 needBoot=false to.len = 125 from.len = 390
06-14 17:35:24.798 13610 24835 D plugin_tag: put comic_plugin.apk in to mInstalledPlugins, state: 4
06-14 17:35:24.799 13610 24828 I [zplan][ZPlanDataRepository]: requestUserInfo onResp, success: true
06-14 17:35:24.823 13610 15243 D MSF.D.Proxy: onReceiveResp, fromServiceMsg = friendlist.GetSimpleOnlineFriendInfoReq, ssoSeq = 92589, length = 390
06-14 17:35:24.825 13610 24846 W SingletonPool: create com.tencent.mobileqq.onlinestatus.api.impl.OnLineStatueHelperApiImpl
06-14 17:35:24.825 13610 24846 W SingletonPool: create com.tencent.mobileqq.onlinestatus.api.impl.OnLineStatueHelperApiImpl cost:0
06-14 17:35:24.827 13610 24828 W SingletonPool: create com.tencent.mobileqq.zplan.utils.api.impl.ZPlanAccessibleHelperImpl
06-14 17:35:24.827 13610 24828 W SingletonPool: create com.tencent.mobileqq.zplan.utils.api.impl.ZPlanAccessibleHelperImpl cost:0
06-14 17:35:24.827 13610 24828 I ZPlanAccessibleCache: initMemoryCache from disk
06-14 17:35:24.829 13036 13346 D MSF.C.NetConnTag.true: netRecv ssoSeq:92590 uin:*7991 cmd:OSAlJD45MT9kKzE6PjQg 92973 cross:0 socketEngineID: 0 socket: 162579374
06-14 17:35:24.830 13036 13313 I MSF.S.AppProcessManager: SendToApp process:com.tencent.mobileqq fromServiceMsg: FromServiceMsg msName:unknown ssoSeq:92590 serviceCmd:scupdate.handle appSeq:36 failCode:1000 cos t =0 needBoot=false to.len = 56 from.len = 289
06-14 17:35:24.832 13610 15243 D MSF.D.Proxy: onReceiveResp, fromServiceMsg = scupdate.handle, ssoSeq = 92590, length = 289
06-14 17:35:24.834  2431  6205 W InputManager-JNI: Input channel object 'ec2d89 Toast (client)' was disposed without first being removed with the input manager!
06-14 17:35:24.836  2431  6205 W NotificationService: Toast already killed. pkg=cn.missevan token=android.os.BinderProxy@f05c45f
06-14 17:35:24.843 13610 24828 I [zplan][ZPlanApiImpl]: prepareSelfZPlanInfoAndRecordAction, emoticonScene：true, recordOnQQStartUp:false, enableEmotionTabCloud:true, enableEmotionTabCloudOfflineRecordOnStartUp:false
06-14 17:35:24.855 13610 24835 D plugin_tag: put qqfav.apk in to mInstalledPlugins, state: 4
06-14 17:35:24.867 13610 24835 D plugin_tag: put qqwadl.apk in to mInstalledPlugins, state: 4
06-14 17:35:24.874 13610 24835 D MSF.D.AppNetInfoNewImpl: registerNetEventHandler 151d911
06-14 17:35:24.884 13610 24835 D plugin_tag: init plugin manager end
06-14 17:35:24.885 13610 24835 E QQInitHandler.QQManagerFactory: Not Found Manager, name=19
06-14 17:35:24.885 13610 24835 E QQInitHandler.QQManagerFactory: Not Found Manager, name=21
06-14 17:35:24.885 13610 24835 E QQInitHandler.QQManagerFactory: Not Found Manager, name=22
06-14 17:35:24.885 13610 24835 I Q.videostory.VSManager: init
06-14 17:35:24.885 13610 24835 E QQInitHandler.QQManagerFactory: Not Found Manager, name=25
06-14 17:35:24.886 13610 24835 E QQInitHandler.QQManagerFactory: Not Found Manager, name=40
06-14 17:35:24.892 13610 25025 D DynamicLoader: xaDynamicEnable:false
06-14 17:35:24.896 13610 24835 E QQInitHandler.QQManagerFactory: Not Found Manager, name=46
06-14 17:35:24.896 13610 24835 E QQInitHandler.QQManagerFactory: Not Found Manager, name=47
06-14 17:35:24.896  2018  3127 D libsensor-displayalgo: the value of  brightness:438.000000,R:18781811.588660,G:16635044.097718,B:32526411.313589,EVENT_C:4865.000000,EVENT_R:1918.500000,EVENT_G:2435.500000,EVENT_B:984.500000
06-14 17:35:24.896  2018  3127 I libsensor-displayalgo: the value of  Coef1:1107.681000,Coef4:2.383000, scale1:0.935522, scale4:0.923264
06-14 17:35:24.896  2018  3127 E libsensor-displayalgo: RGB_test_0407_400_oldzy!
06-14 17:35:24.896  2018  3127 I libsensor-displayalgo: the value of  RESULT1138.417400,439.291038,569.676580,209.138012
06-14 17:35:24.896  2018  3127 I libsensor-displayalgo: the value of  getChannelDataCalibrated1193.568497,406.868173,662.137470,228.260066
06-14 17:35:24.896  2018  3127 I libsensor-displayalgo: the value of  REAL LUX221.373444
06-14 17:35:24.896  2018  3127 I libsensor-displayalgo: the value of  CAL REAL LUX221.373444
06-14 17:35:24.901 13610 13651 D VasUpdate_TaskSyncReq: sync handlePbResponse result = 0
06-14 17:35:24.901 13610 13651 D VasUpdate_TaskSyncReq: getShouldUpdateList rsp = TaskSyncRsp{mSeq=473174, mPollTime=1800, mSyncSwitch=0, mContinueFlag=0, mVcrListSize=3}
06-14 17:35:24.908 13610 24835 E QQInitHandler.QQManagerFactory: Not Found Manager, name=54
06-14 17:35:24.925 23161 23192 W QueryController: Could not detect idle state.
06-14 17:35:24.980 13610 13651 D SQLiteOpenHelper: check dbRIsNull: null dbIsNull: 124623177
06-14 17:35:24.981 13610 13651 D SQLiteOpenHelper: new dbR = 3661679 helper = com.tencent.mobileqq.persistence.SQLiteOpenHelperImpl@a52c106 this = com.tencent.mobileqq.app.SQLiteOpenHelper@cb033c7
06-14 17:35:24.988  1265  2358 I vendor.qti.hardware.display.composer-service: FrameNotifyProcess Sensor: notify citsensorservice to trigger cwb
06-14 17:35:24.988  2018  3874 I libcitsensorservice@2.0-impl: msg_transfer
06-14 17:35:24.989  2018  3098 D vendor.xiaomi.sensor.citsensorservice@2.0-service: handle id:9 wxh:1280x2400 uwxuh:1080x2400 size: 9216000 fd:15 fd_meta:16 flags:0x4000228 usage:0x33  format:0x3 layer_count: 1
06-14 17:35:24.989  1265  1890 I SDM     : HWCSession::SetCWBOutputBuffer: CWB config passed by cwb_client : tappoint 1  CWB_ROI : (829.000000 4.000000 915.000000 90.000000)
06-14 17:35:24.993 13610 13651 E VasUpdate_TaskSyncReq: getShouldUpdateList getItemInfo fail , itemId = 330_330.1204
06-14 17:35:24.994 13610 13651 D SQLiteOpenHelper: check dbWIsNull: null dbIsNull: 124623177
06-14 17:35:24.994 13610 13651 D SQLiteOpenHelper: new dbW = 158171397 helper = com.tencent.mobileqq.persistence.SQLiteOpenHelperImpl@a52c106 this = com.tencent.mobileqq.app.SQLiteOpenHelper@cb033c7
06-14 17:35:25.000 13610 13651 E VasUpdate_TaskSyncReq: getShouldUpdateList getItemInfo fail , itemId = 330_330.1205
06-14 17:35:25.002 13610 13651 E VasUpdate_TaskSyncReq: getShouldUpdateList local item doesn't match , id = 41_qqVipLevel.33
06-14 17:35:25.003 13610 13651 I VasUpdate_TaskSyncReq: handlePbResponse listShouldUpdate count = 0
06-14 17:35:25.003 13610 13651 D VasUpdate_TaskSyncReq: task sync notifyComplete syncErrorCode = 0 message = sync success
06-14 17:35:25.003 13610 13651 E VasUpdate_System: onTaskSyncTableComplete mSyncItemList size = 0
06-14 17:35:25.003 13610 13651 D VasUpdate_System: onTaskSyncTableComplete start update request , size = 0
06-14 17:35:25.004 13610 13651 I VasUpdate_TimerModule: send timer task = timer type = 2 delay = 1800000 loop = false
06-14 17:35:25.004 13610 13651 D VasUpdate_ThreadFactory: new thread: pool-2-vas_update_system_timer-thread-1, id: 296 is created.
06-14 17:35:25.005  1265 25033 I SDM     : HWCSession::ProcessRequests: Successfully configured CWB buffer.
06-14 17:35:25.014  1265 25033 I SDM     : HWCSession::ProcessRequests: Pushing release fence in fenece wait queue.
06-14 17:35:25.014  1265 25033 I SDM     : HWCSession::ProcessRequests: Creating AsyncFenceWaits async thread.
06-14 17:35:25.015  1265 25033 I SDM     : HWCSession::ProcessRequests: Remove current CWB request from the pending request queue.
06-14 17:35:25.015  1265 25033 I SDM     : HWCSession::ProcessRequests: No pending cwb requests found in the queue.
06-14 17:35:25.021  1265  1584 I SDM     : HWDeviceDRM::SetupConcurrentWriteback: Tear down the Concurrent Writeback topology
06-14 17:35:25.027  1265 25035 I SDM     : HWCSession::NotifyCWBStatus: Notify the client about buffer status 0.
06-14 17:35:25.028  1265 25035 I SDM     : HWCSession::PerformFenceWaits: Remove current release fence from the pending fence wait queue.
06-14 17:35:25.028  1265 25035 I SDM     : HWCSession::PerformFenceWaits: CWB fence queue is empty. No pending release fence to wait on.
06-14 17:35:25.047 13036 13044 I nt.mobileqq:MS: This is non sticky GC, maxfree is 8388608 minfree is 2097152
06-14 17:35:25.048 13036 13046 I PERF_LOG: GC.happened gc!!!!!!!!!
06-14 17:35:25.050 13610 24835 E QQInitHandler.QQManagerFactory: Not Found Manager, name=69
06-14 17:35:25.062 13610 24835 I ArkApp.ArkMultiProcUtil: initArkEnv
06-14 17:35:25.063 13610 24835 W SingletonPool: create com.tencent.mobileqq.ark.api.impl.ArkEnvironmentImpl
06-14 17:35:25.063 13610 24835 W SingletonPool: create com.tencent.mobileqq.ark.api.impl.ArkEnvironmentImpl cost:1
06-14 17:35:25.063 13610 24835 W SingletonPool: create com.tencent.mobileqq.ark.api.impl.ArkEnvDelegateImpl
06-14 17:35:25.063 13610 24835 W SingletonPool: create com.tencent.mobileqq.ark.api.impl.ArkEnvDelegateImpl cost:0
06-14 17:35:25.065 13610 24835 I ArkApp.MultiProc: initArkEnv, begin
06-14 17:35:25.066 13610 24835 W SingletonPool: create com.tencent.mobileqq.ark.api.impl.ArkConfigImpl
06-14 17:35:25.066 13610 24835 W SingletonPool: create com.tencent.mobileqq.ark.api.impl.ArkConfigImpl cost:0
06-14 17:35:25.067 13610 24835 D ArkApp.ConfProcessor: [onParsed] type=186, content = {
06-14 17:35:25.067 13610 24835 D ArkApp.ConfProcessor:     "singlecontext_singleapp_card_limit":5,
06-14 17:35:25.067 13610 24835 D ArkApp.ConfProcessor:     "ark_app_limit":3,
06-14 17:35:25.067 13610 24835 D ArkApp.ConfProcessor:     "ark_each_app_card_limit":1,
06-14 17:35:25.067 13610 24835 D ArkApp.ConfProcessor:     "ark_navi_msg_appnames":[
06-14 17:35:25.067 13610 24835 D ArkApp.ConfProcessor:         "fixgraybug"
06-14 17:35:25.067 13610 24835 D ArkApp.ConfProcessor:     ],
06-14 17:35:25.067 13610 24835 D ArkApp.ConfProcessor:     "meta_white_url_config":[
06-14 17:35:25.067 13610 24835 D ArkApp.ConfProcessor:
06-14 17:35:25.067 13610 24835 D ArkApp.ConfProcessor:     ],
06-14 17:35:25.067 13610 24835 D ArkApp.ConfProcessor:     "meta_black_url_config":[
06-14 17:35:25.067 13610 24835 D ArkApp.ConfProcessor:
06-14 17:35:25.067 13610 24835 D ArkApp.ConfProcessor:     ],
06-14 17:35:25.067 13610 24835 D ArkApp.ConfProcessor:     "ark_map_transfer_struct":"true",
06-14 17:35:25.067 13610 24835 D ArkApp.ConfProcessor:     "business_percent":"80",
06-14 17:35:25.067 13610 24835 D ArkApp.ConfProcessor:     "ark_android_https_switch":"true",
06-14 17:35:25.067 13610 24835 D ArkApp.ConfProcessor:     "ark_support_android9_emoji":"true",
06-14 17:35:25.067 13610 24835 D ArkApp.ConfProcessor:     "ark_engine_multi_thread": "true",
06-14 17:35:25.067 13610 24835 D ArkApp.ConfProcessor:     "ark_engine_disable_hardware_rendering": "true",
06-14 17:35:25.067 13610 24835 D ArkApp.ConfProcessor:     "ark_babyq_card_limit_total":10,
06-14 17:35:25.067 13610 24835 D ArkApp.ConfProcessor:     "ark_babyq_card_limit_per_app":1,
06-14 17:35:25.067 13610 24835 D ArkApp.ConfProcessor:     "ark_search_report_rate":100,
06-14 17:35:25.067 13610 24835 D ArkApp.ConfProcessor:     "ark_jsdebugger_download":[
06-14 17:35:25.067 13610 24835 D ArkApp.ConfProcessor:         {
06-14 17:35:25.067 13610 24835 D ArkApp.ConfProcessor:             "url":"https://cdn.ark.qq.com/devtools/qqjsdebuglib/446196c9f00bbf0ba783b9c365531e39",
06-14 17:35:25.067 13610 24835 D ArkApp.ConfProcessor:             "jscmd5":"446196c9f00bbf0ba783b9c365531e39",
06-14 17:35:25.067 13610 24835 D ArkApp.ConfProcessor:             "md5":"037ba6211b5b7a6115be657bab1b4a25"
06-14 17:35:25.067 13610 24835 D ArkApp.ConfProcessor:         },
06-14 17:35:25.067 13610 24835 D ArkApp.ConfProcessor:         {
06-14 17:35:25.067 13610 24835 D ArkApp.ConfProcessor:             "url":"https://cdn.ark.qq.com/devtools/qqjsdebuglib/9432a6ccd33880b0aa87c9fd8b0c5537",
06-14 17:35:25.067 13610 24835 D ArkApp.ConfProcessor:             "md5":"9432a6ccd33880b0aa87c9fd8b0c5537"
06-14 17:35:25.067 13610 24835 D ArkApp.ConfProcessor:         }
06-14 17:35:25.067 13610 24835 D ArkApp.ConfProcessor:     ],
06-14 17:35:25.067 13610 24835 D ArkApp.ConfProcessor:     "messageReplyConfig":[
06-14 17:35:25.067 13610 24835 D ArkApp.ConfProcessor:         {
06-14 17:35:25.067 13610 24835 D ArkApp.ConfProcessor:             "app":"com.tencent.structmsg",
06-14 17:35:25.067 13610 24835 D ArkApp.ConfProcessor:             "view":"news",
06-14 17:35:25.067 13610 24835 D ArkApp.ConfProcessor:             "tag":"[分享]",
06-14 17:35:25.067 13610 24835 D ArkApp.ConfProcessor:             "title":"jsonpath:$.meta.news.title",
06-14 17:35:25.067 13610 24835 D ArkApp.ConfProcessor:             "jumpURL":"jsonpath:$.meta.news.jumpUrl"
06-14 17:35:25.067 13610 24835 D ArkApp.ConfProcessor:         },
06-14 17:35:25.067 13610 24835 D ArkApp.ConfProcessor:         {
06-14 17:35:25.067 13610 24835 D ArkApp.ConfProcessor:             "app":"com.tencent.structmsg",
06-14 17:35:25.067 13610 24835 D ArkApp.ConfProcessor:             "view":"music",
06-14 17:35:25.067 13610 24835 D ArkApp.ConfProcessor:             "tag":"[分享]",
06-14 17:35:25.067 13610 24835 D ArkApp.ConfProcessor:             "title":"jsonpath:$.meta.music.title",
06-14 17:35:25.067 13610 24835 D ArkApp.ConfProcessor:             "jumpURL":"jsonpath:$.meta.music.jumpUrl"
06-14 17:35:25.067 13610 24835 D ArkApp.ConfProcessor:         },
06-14 17:35:25.067 13610 24835 D ArkApp.ConfProcessor:         {
06-14 17:35:25.067 13610 24835 D ArkApp.ConfProcessor:             "app":"com.tencent.structmsg",
06-14 17:35:25.067 13610 24835 D ArkApp.ConfProcessor:             "view":"video",
06-14 17:35:25.067 13610 24835 D ArkApp.ConfProcessor:             "tag":"[分享]",
06-14 17:35:25.067 13610 24835 D ArkApp.ConfProcessor:             "title":"jsonpath:$.meta.video.title",
06-14 17:35:25.067 13610 24835 D ArkApp.ConfProcessor:             "jumpURL":"jsonpath:$.meta.video.jumpUrl"
06-14 17:35:25.067 13610 24835 D ArkApp.ConfProcessor:         },
06-14 17:35:25.067 13610 24835 D ArkApp.ConfProcessor:         {
06-14 17:35:25.067 13610 24835 D ArkApp.ConfProcessor:             "app":"com.tencent.map",
06-14 17:35:25.067 13610 24835 D ArkApp.ConfProcessor:             "view":"LocationShare",
06-14 17:35:25.067 13610 24835 D ArkApp.ConfProcessor:             "tag":"[位置]",
06-14 17:35:25.067 13610 24835 D ArkApp.ConfProcessor:             "icon":"aio_icons_location.png",
06-14 17:35:25.067 13610 24835 D ArkApp.ConfProcessor:             "title":"jsonpath:$.meta['Location.Search'].address",
06-14 17:35:25.067 13610 24835 D ArkApp.ConfProcessor:             "action":"showLargeText"
06-14 17:35:25.067 13610 24835 D ArkApp.ConfProcessor:         },
06-14 17:35:25.067 13610 24835 D ArkApp.ConfProcessor:         {
06-14 17:35:25.067 13610 24835 D ArkApp.ConfProcessor:             "app":"com.tencent.channel.share",
06-14 17:35:25.067 13610 24835 D ArkApp.ConfProcessor:             "view":"albumAddPic",
06-14 17:35:25.067 13610 24835 D ArkApp.ConfProcessor:             "tag":"[分享]",
06-14 17:35:25.067 13610 24835 D ArkApp.ConfProcessor:             "title":"jsonpath:$.meta.news.title",
06-14 17:35:25.067 13610 24835 D ArkApp.ConfProcessor:             "jumpURL":"jsonpath:$.meta.news.jumpUrl"
06-14 17:35:25.067 13610 24835 D ArkApp.ConfProcessor:         },
06-14 17:35:25.067 13610 24835 D ArkApp.ConfProcessor:         {
06-14 17:35:25.067 13610 24835 D ArkApp.ConfProcessor:             "app":"com.tencent.qzone.albumInvite",
06-14 17:35:25.067 13610 24835 D ArkApp.ConfProcessor:             "view":"albumAddPic",
06-14 17:35:25.067 13610 24835 D ArkApp.ConfProcessor:             "tag":"[分享]",
06-14 17:35:25.067 13610 24835 D ArkApp.ConfProcessor:             "title":"jsonpath:$.meta.albumData.title",
06-14 17:35:25.067 13610 24835 D ArkApp.ConfProcessor:             "jumpURL":"jsonpath:$.meta.albumData.h5Url"
06-14 17:35:25.067 13610 24835 D ArkApp.ConfProcessor:         },
06-14 17:35:25.067 13610 24835 D ArkApp.ConfProcessor:         {
06-14 17:35:25.067 13610 24835 D ArkApp.ConfProcessor:             "app":"com.tencent.qzone.structmsg",
06-14 17:35:25.067 13610 24835 D ArkApp.ConfProcessor:             "view":"albumAddPic",
06-14 17:35:25.067 13610 24835 D ArkApp.ConfProcessor:             "tag":"[分享]",
06-14 17:35:25.067 13610 24835 D ArkApp.ConfProcessor:             "title":"jsonpath:$.meta.contact.title",
06-14 17:35:25.067 13610 24835 D ArkApp.ConfProcessor:             "jumpURL":"jsonpath:$.meta.contact.jumpUrl"
06-14 17:35:25.067 13610 24835 D ArkApp.ConfProcessor:         },
06-14 17:35:25.067 13610 24835 D ArkApp.ConfProcessor:         {
06-14 17:35:25.067 13610 24835 D ArkApp.ConfProcessor:             "app":"com.tencent.subscription",
06-14 17:35:25.067 13610 24835 D ArkApp.ConfProcessor:             "view":"baseView",
06-14 17:35:25.067 13610 24835 D ArkApp.ConfProcessor:             "tag":"[分享]",
06-14 17:35:25.067 13610 24835 D ArkApp.ConfProcessor:             "title":"jsonpath:$.meta.data.title",
06-14 17:35:25.067 13610 24835 D ArkApp.ConfProcessor:             "jumpURL":"jsonpath:$.meata.data.contentJumpUrl"
06-14 17:35:25.067 13610 24835 D ArkApp.ConfProcessor:         },
06-14 17:35:25.067 13610 24835 D ArkApp.ConfProcessor:         {
06-14 17:35:25.067 13610 24835 D ArkApp.ConfProcessor:             "app":"com.tencent.wezone",
06-14 17:35:25.067 13610 24835 D ArkApp.ConfProcessor:             "view":"baseView",
06-14 17:35:25.067 13610 24835 D ArkApp.ConfProcessor:             "tag":"[分享]",
06-14 17:35:25.067 13610 24835 D ArkApp.ConfProcessor:             "title":"jsonpath:$.meta.shareData.tagName",
06-14 17:35:25.067 13610 24835 D ArkApp.ConfProcessor:             "jumpURL":"jsonpath:$.meta.shareData.tagJumpUrl"
06-14 17:35:25.067 13610 24835 D ArkApp.ConfProcessor:         },
06-14 17:35:25.067 13610 24835 D ArkApp.ConfProcessor:         {
06-14 17:35:25.067 13610 24835 D ArkApp.ConfProcessor:             "app":"com.tencent.wezone.share",
06-14 17:35:25.067 13610 24835 D ArkApp.ConfProcessor:             "view":"albumAddPic",
06-14 17:35:25.067 13610 24835 D ArkApp.ConfProcessor:             "tag":"[分享]",
06-14 17:35:25.067 13610 24835 D ArkApp.ConfProcessor:             "title":"jsonpath:$.meta.data.feedInfo.content",
06-14 17:35:25.067 13610 24835 D ArkApp.ConfProcessor:             "jumpURL":"jsonpath:$.meta.data.feedInfo.jumpUrl"
06-14 17:35:25.067 13610 24835 D ArkApp.ConfProcessor:         },
06-14 17:35:25.067 13610 24835 D ArkApp.ConfProcessor:         {
06-14 17:35:25.067 13610 24835 D ArkApp.ConfProcessor:             "app":"com.tencent.forum",
06-14 17:35:25.067 13610 24835 D ArkApp.ConfProcessor:             "view":"rank",
06-14 17:35:25.067 13610 24835 D ArkApp.ConfProcessor:             "title":"jsonpath:$.meta.detail.feed.title.contents[0].text_content.text",
06-14 17:35:25.067 13610 24835 D ArkApp.ConfProcessor:             "jumpURL":"jsonpath:$.meta.news.jumpUrl"
06-14 17:35:25.067 13610 24835 D ArkApp.ConfProcessor:         },
06-14 17:35:25.067 13610 24835 D ArkApp.ConfProcessor:         {
06-14 17:35:25.067 13610 24835 D ArkApp.ConfProcessor:             "app":"com.tencent.bot.create.role",
06-14 17:35:25.067 13610 24835 D ArkApp.ConfProcessor:             "view":"create",
06-14 17:35:25.067 13610 24835 D ArkApp.ConfProcessor:             "tag":"[机器人]",
06-14 17:35:25.067 13610 24835 D ArkApp.ConfProcessor:             "title":"创建角色",
06-14 17:35:25.067 13610 24835 D ArkApp.ConfProcessor:             "jumpURL":""
06-14 17:35:25.067 13610 24835 D ArkApp.ConfProcessor:         },
06-14 17:35:25.067 13610 24835 D ArkApp.ConfProcessor:         {
06-14 17:35:25.067 13610 24835 D ArkApp.ConfProcessor:             "app":"com.tencent.bot.game.vs",
06-14 17:35:25.067 13610 24835 D ArkApp.ConfProcessor:             "view":"game",
06-14 17:35:25.067 13610 24835 D ArkApp.ConfProcessor:             "tag":"[机器人]",
06-14 17:35:25.067 13610 24835 D ArkApp.ConfProcessor:             "title":"PK挑战",
06-14 17:35:25.067 13610 24835 D ArkApp.ConfProcessor:             "jumpURL":""
06-14 17:35:25.067 13610 24835 D ArkApp.ConfProcessor:         },
06-14 17:35:25.067 13610 24835 D ArkApp.ConfProcessor:         {
06-14 17:35:25.067 13610 24835 D ArkApp.ConfProcessor:             "app":"com.tencent.bot.channel.vs",
06-14 17:35:25.067 13610 24835 D ArkApp.ConfProcessor:             "view":"game",
06-14 17:35:25.067 13610 24835 D ArkApp.ConfProcessor:             "tag":"[机器人]",
06-14 17:35:25.067 13610 24835 D ArkApp.ConfProcessor:             "title":"频道PK",
06-14 17:35:25.067 13610 24835 D ArkApp.ConfProcessor:             "jumpURL":""
06-14 17:35:25.067 13610 24835 D ArkApp.ConfProcessor:         },
06-14 17:35:25.067 13610 24835 D ArkApp.ConfProcessor: 		{
06-14 17:35:25.067 13610 24835 D ArkApp.ConfProcessor:             "app":"com.tencent.bot.paly.boss",
06-14 17:35:25.067 13610 24835 D ArkApp.ConfProcessor:             "view":"index",
06-14 17:35:25.067 13610 24835 D ArkApp.ConfProcessor:             "tag":"[机器人]",
06-14 17:35:25.067 13610 24835 D ArkApp.ConfProcessor:             "title":"打年兽",
06-14 17:35:25.067 13610 24835 D ArkApp.ConfProcessor:             "jumpURL":""
06-14 17:35:25.067 13610 24835 D ArkApp.ConfProcessor:         },
06-14 17:35:25.067 13610 24835 D ArkApp.ConfProcessor: 		{
06-14 17:35:25.067 13610 24835 D ArkApp.ConfProcessor:             "app":"com.tencent.bot.paly.boss.schedule",
06-14 17:35:25.067 13610 24835 D ArkApp.ConfProcessor:             "view":"index",
06-14 17:35:25.067 13610 24835 D ArkApp.ConfProcessor:             "tag":"[机器人]",
06-14 17:35:25.067 13610 24835 D ArkApp.ConfProcessor:             "title":"打年兽进度",
06-14 17:35:25.067 13610 24835 D ArkApp.ConfProcessor:             "jumpURL":""
06-14 17:35:25.067 13610 24835 D ArkApp.ConfProcessor:         },
06-14 17:35:25.067 13610 24835 D ArkApp.ConfProcessor: 		{
06-14 17:35:25.067 13610 24835 D ArkApp.ConfProcessor:             "app":"com.tencent.bot.task.deblock",
06-14 17:35:25.067 13610 24835 D ArkApp.ConfProcessor:             "view":"index",
06-14 17:35:25.067 13610 24835 D ArkApp.ConfProcessor:             "tag":"[机器人]",
06-14 17:35:25.067 13610 24835 D ArkApp.ConfProcessor:             "title":"任务",
06-14 17:35:25.067 13610 24835 D ArkApp.ConfProcessor:             "jumpURL":""
06-14 17:35:25.067 13610 24835 D ArkApp.ConfProcessor:         },
06-14 17:35:25.067 13610 24835 D ArkApp.ConfProcessor: 		{
06-14 17:35:25.067 13610 24835 D ArkApp.ConfProcessor:             "app":"com.tencent.bot.query.rank",
06-14 17:35:25.067 13610 24835 D ArkApp.ConfProcessor:             "view":"rank",
06-14 17:35:25.067 13610 24835 D ArkApp.ConfProcessor:             "tag":"[机器人]",
06-14 17:35:25.067 13610 24835 D ArkApp.ConfProcessor:             "title":"排行榜",
06-14 17:35:25.067 13610 24835 D ArkApp.ConfProcessor:             "jumpURL":""
06-14 17:35:25.067 13610 24835 D ArkApp.ConfProcessor:         },
06-14 17:35:25.067 13610 24835 D ArkApp.ConfProcessor: 		{
06-14 17:35:25.067 13610 24835 D ArkApp.ConfProcessor:             "app":"com.tencent.bot.boss.end",
06-14 17:35:25.067 13610 24835 D ArkApp.ConfProcessor:             "view":"game",
06-14 17:35:25.067 13610 24835 D ArkApp.ConfProcessor:             "tag":"[机器人]",
06-14 17:35:25.067 13610 24835 D ArkApp.ConfProcessor:             "title":"频道PK结果",
06-14 17:35:25.067 13610 24835 D ArkApp.ConfProcessor:             "jumpURL":""
06-14 17:35:25.067 13610 24835 D ArkApp.ConfProcessor:         },
06-14 17:35:25.067 13610 24835 D ArkApp.ConfProcessor: 		{
06-14 17:35:25.067 13610 24835 D ArkApp.ConfProcessor:             "app":"com.tencent.guild.answer",
06-14 17:35:25.067 13610 24835 D ArkApp.ConfProcessor:             "view":"index",
06-14 17:35:25.067 13610 24835 D ArkApp.ConfProcessor:             "tag":"[机器人]",
06-14 17:35:25.067 13610 24835 D ArkApp.ConfProcessor:             "title":"答题",
06-14 17:35:25.067 13610 24835 D ArkApp.ConfProcessor:             "jumpURL":""
06-14 17:35:25.067 13610 24835 D ArkApp.ConfProcessor:         },
06-14 17:35:25.067 13610 24835 D ArkApp.ConfProcessor: 		{
06-14 17:35:25.067 13610 24835 D ArkApp.ConfProcessor:             "app":"com.tencent.channel.robot",
06-14 17:35:25.067 13610 24835 D ArkApp.ConfProcessor:             "view":"albumAddPic",
06-14 17:35:25.067 13610 24835 D ArkApp.ConfProcessor:             "tag":"[机器人]",
06-14 17:35:25.067 13610 24835 D ArkApp.ConfProcessor:             "title":"消息",
06-14 17:35:25.067 13610 24835 D ArkApp.ConfProcessor:             "jumpURL":""
06-14 17:35:25.067 13610 24835 D ArkApp.ConfProcessor:         },
06-14 17:35:25.067 13610 24835 D ArkApp.ConfProcessor: 		{
06-14 17:35:25.067 13610 24835 D ArkApp.ConfProcessor:             "app":"com.tencent.channelrobot.smallpic",
06-14 17:35:25.067 13610 24835 D ArkApp.ConfProcessor:             "view":"albumAddPic",
06-14 17:35:25.067 13610 24835 D ArkApp.ConfProcessor:             "tag":"[机器人]",
06-14 17:35:25.067 13610 24835 D ArkApp.ConfProcessor:             "title":"消息",
06-14 17:35:25.067 13610 24835 D ArkApp.ConfProcessor:             "jumpURL":""
06-14 17:35:25.067 13610 24835 D ArkApp.ConfProcessor:         },
06-14 17:35:25.067 13610 24835 D ArkApp.ConfProcessor: 		{
06-14 17:35:25.067 13610 24835 D ArkApp.ConfProcessor:             "app":"com.tencent.channel.robot.mark",
06-14 17:35:25.067 13610 24835 D ArkApp.ConfProcessor:             "view":"albumAddPic",
06-14 17:35:25.067 13610 24835 D ArkApp.ConfProcessor:             "tag":"[机器人]",
06-14 17:35:25.067 13610 24835 D ArkApp.ConfProcessor:             "title":"消息",
06-14 17:35:25.067 13610 24835 D ArkApp.ConfProcessor:             "jumpURL":""
06-14 17:35:25.067 13610 24835 D ArkApp.ConfProcessor:         },
06-14 17:35:25.067 13610 24835 D ArkApp.ConfProcessor: 		{
06-14 17:35:25.067 13610 24835 D ArkApp.ConfProcessor:             "app":"com.tencent.imagetextbot",
06-14 17:35:25.067 13610 24835 D ArkApp.ConfProcessor:             "view":"index",
06-14 17:35:25.067 13610 24835 D ArkApp.ConfProcessor:             "tag":"[机器人]",
06-14 17:35:25.067 13610 24835 D ArkApp.ConfProcessor:             "title":"消息",
06-14 17:35:25.067 13610 24835 D ArkApp.ConfProcessor:             "jumpURL":""
06-14 17:35:25.067 13610 24835 D ArkApp.ConfProcessor:         },
06-14 17:35:25.067 13610 24835 D ArkApp.ConfProcessor: 		{
06-14 17:35:25.067 13610 24835 D ArkApp.ConfProcessor:             "app":"com.tencent.guild.free_text_formatting",
06-14 17:35:25.067 13610 24835 D ArkApp.ConfProcessor:             "view":"contact",
06-14 17:35:25.067 13610 24835 D ArkApp.ConfProcessor:             "tag":"[机器人]",
06-14 17:35:25.067 13610 24835 D ArkApp.ConfProcessor:             "title":"消息",
06-14 17:35:25.067 13610 24835 D ArkApp.ConfProcessor:             "jumpURL":""
06-14 17:35:25.067 13610 24835 D ArkApp.ConfProcessor:         },
06-14 17:35:25.067 13610 24835 D ArkApp.ConfProcessor: 		{
06-14 17:35:25.067 13610 24835 D ArkApp.ConfProcessor:             "app":"com.tencent.guild.text_list",
06-14 17:35:25.067 13610 24835 D ArkApp.ConfProcessor:             "view":"contact",
06-14 17:35:25.067 13610 24835 D ArkApp.ConfProcessor:             "tag":"[机器人]",
06-14 17:35:25.067 13610 24835 D ArkApp.ConfProcessor:             "title":"消息",
06-14 17:35:25.067 13610 24835 D ArkApp.ConfProcessor:             "jumpURL":""
06-14 17:35:25.067 13610 24835 D ArkApp.ConfProcessor:         },
06-14 17:35:25.067 13610 24835 D ArkApp.ConfProcessor: 		{
06-14 17:35:25.067 13610 24835 D ArkApp.ConfProcessor:             "app":"com.tencent.guild.article",
06-14 17:35:25.067 13610 24835 D ArkApp.ConfProcessor:             "view":"contact",
06-14 17:35:25.067 13610 24835 D ArkApp.ConfProcessor:             "tag":"[机器人]",
06-14 17:35:25.067 13610 24835 D ArkApp.ConfProcessor:             "title":"消息",
06-14 17:35:25.067 13610 24835 D ArkApp.ConfProcessor:             "jumpURL":""
06-14 17:35:25.067 13610 24835 D ArkApp.ConfProcessor:         },
06-14 17:35:25.067 13610 24835 D ArkApp.ConfProcessor: 		{
06-14 17:35:25.067 13610 24835 D ArkApp.ConfProcessor:             "app":"com.tencent.bot.admin.authorize",
06-14 17:35:25.067 13610 24835 D ArkApp.ConfProcessor:             "view":"contact",
06-14 17:35:25.067 13610 24835 D ArkApp.ConfProcessor:             "tag":"[机器人]",
06-14 17:35:25.067 13610 24835 D ArkApp.ConfProcessor:             "title":"消息",
06-14 17:35:25.067 13610 24835 D ArkApp.ConfProcessor:             "jumpURL":""
06-14 17:35:25.067 13610 24835 D ArkApp.ConfProcessor:         },
06-14 17:35:25.067 13610 24835 D ArkApp.ConfProcessor: 		{
06-14 17:35:25.067 13610 24835 D ArkApp.ConfProcessor:             "app":"com.tencent.guild.trophy",
06-14 17:35:25.067 13610 24835 D ArkApp.ConfProcessor:             "view":"contact",
06-14 17:35:25.067 13610 24835 D ArkApp.ConfProcessor:             "tag":"[机器人]",
06-14 17:35:25.067 13610 24835 D ArkApp.ConfProcessor:             "title":"消息",
06-14 17:35:25.067 13610 24835 D ArkApp.ConfProcessor:             "jumpURL":""
06-14 17:35:25.067 13610 24835 D ArkApp.ConfProcessor:         },
06-14 17:35:25.067 13610 24835 D ArkApp.ConfProcessor: 		{
06-14 17:35:25.067 13610 24835 D ArkApp.ConfProcessor:             "app":"com.tencent.guild.image_text",
06-14 17:35:25.067 13610 24835 D ArkApp.ConfProcessor:             "view":"contact",
06-14 17:35:25.067 13610 24835 D ArkApp.ConfProcessor:             "tag":"[机器人]",
06-14 17:35:25.067 13610 24835 D ArkApp.ConfProcessor:             "title":"消息",
06-14 17:35:25.067 13610 24835 D ArkApp.ConfProcessor:             "jumpURL":""
06-14 17:35:25.067 13610 24835 D ArkApp.ConfProcessor:         },
06-14 17:35:25.067 13610 24835 D ArkApp.ConfProcessor: 		{
06-14 17:35:25.067 13610 24835 D ArkApp.ConfProcessor:             "app":"com.tencent.guild.bot.rec.article",
06-14 17:35:25.067 13610 24835 D ArkApp.ConfProcessor:             "view":"contact",
06-14 17:35:25.067 13610 24835 D ArkApp.ConfProcessor:             "tag":"[机器人]",
06-14 17:35:25.067 13610 24835 D ArkApp.ConfProcessor:             "title":"消息",
06-14 17:35:25.067 13610 24835 D ArkApp.ConfProcessor:             "jumpURL":""
06-14 17:35:25.067 13610 24835 D ArkApp.ConfProcessor:         },
06-14 17:35:25.067 13610 24835 D ArkApp.ConfProcessor: 		{
06-14 17:35:25.067 13610 24835 D ArkApp.ConfProcessor:             "app":"com.tencent.guild.robot_inline",
06-14 17:35:25.067 13610 24835 D ArkApp.ConfProcessor:             "view":"index",
06-14 17:35:25.067 13610 24835 D ArkApp.ConfProcessor:             "tag":"[机器人]",
06-14 17:35:25.067 13610 24835 D ArkApp.ConfProcessor:             "title":"消息",
06-14 17:35:25.067 13610 24835 D ArkApp.ConfProcessor:             "jumpURL":""
06-14 17:35:25.067 13610 24835 D ArkApp.ConfProcessor:         },
06-14 17:35:25.067 13610 24835 D ArkApp.ConfProcessor: 		{
06-14 17:35:25.067 13610 24835 D ArkApp.ConfProcessor:             "app":"com.tencent.mobileqq.cardshare",
06-14 17:35:25.067 13610 24835 D ArkApp.ConfProcessor:             "view":"contact",
06-14 17:35:25.067 13610 24835 D ArkApp.ConfProcessor:             "tag":"[分享]",
06-14 17:35:25.067 13610 24835 D ArkApp.ConfProcessor:             "title":"",
06-14 17:35:25.067 13610 24835 D ArkApp.ConfProcessor:             "jumpURL":""
06-14 17:35:25.067 13610 24835 D ArkApp.ConfProcessor:         }
06-14 17:35:25.067 13610 24835 D ArkApp.ConfProcessor:     ]
06-14 17:35:25.067 13610 24835 D ArkApp.ConfProcessor: }
06-14 17:35:25.068 13610 24835 D AiKeywordConfig: onParse ark_navi_msg_appnames appName = fixgraybug
06-14 17:35:25.068 13610 24835 D AiKeywordConfig: onParse,mArkModuleApiFrequencyList list size =0
06-14 17:35:25.068 13610 24835 D AiKeywordConfig: onParse jscomd5 = 446196c9f00bbf0ba783b9c365531e39ur = https://cdn.ark.qq.com/devtools/qqjsdebuglib/446196c9f00bbf0ba783b9c365531e39md5 = 037ba6211b5b7a6115be657bab1b4a25
06-14 17:35:25.068 13610 24835 D AiKeywordConfig: onParse jscomd5 = ur = https://cdn.ark.qq.com/devtools/qqjsdebuglib/9432a6ccd33880b0aa87c9fd8b0c5537md5 = 9432a6ccd33880b0aa87c9fd8b0c5537
06-14 17:35:25.068 13610 24835 E AiKeywordConfig: mArkJsdebuggerDownloadList list size =2
06-14 17:35:25.068 13610 24835 D AiKeywordConfig: onParse mArkBabyqInputHintTextList list size =0
06-14 17:35:25.069 13610 24835 D AiKeywordConfig: onParse mArkBabyqNoResultRecommendItems list size =0
06-14 17:35:25.069 13610 24835 I AiKeywordConfig: onParse ark_ai_match_graytips_visibility=, singlecontext_singleapp_card_limit=5, ark_app_limit=3, ark_each_app_card_limit=1, ark_input_apps_limit=3, ark_input_each_context_apps_limit=3, ark_babyq_card_limit_total=10, ark_babyq_card_limit_total=1, ark_babyq_guide_count_limit_per_day=1, ark_babyq_guide_hint_text=, ark_babyq_bubble_disappear_duration=10000, ark_babyq_no_result_recommend_title=
06-14 17:35:25.070 13610 24835 I DialogConfig: getArkBoolConfig, ark_map_transfer_struct=true
06-14 17:35:25.071 13610 24835 I DialogConfig: getArkStringConfig, business_percent=80
06-14 17:35:25.071 13610 24835 I DialogConfig: getArkBoolConfig, ark_engine_multi_thread=true
06-14 17:35:25.071 13610 24835 I DialogConfig: getArkStringConfig, ark_engine_hardware_rendering_device_matcher is empty
06-14 17:35:25.071 13610 24835 I DialogConfig: getArkBoolConfig, ark_engine_disable_hardware_rendering=true
06-14 17:35:25.071 13610 24835 I DialogConfig: mArkMapTransferStruct=true, mBusinessPercent=80, mArkUseAndroidHttp=false, mArkEngineMultiThreadtrue, mArkEngineHardwareRenderingDeviceMatcher=, mArkEngineDisableHardwareRendering=true
06-14 17:35:25.071 13610 24835 D ArkApp.Environment: singleThreadMode = true
06-14 17:35:25.075 13610 24835 E LIBNATIVE-MEMORY-LIBRARY-LIB: jni-loadlibrary-util.cpp:MyNativeLoad(70) >> native load /data/app/~~lG7xG2hkDc7uakEhlV0hOA==/com.tencent.mobileqq-zSg5QPLGjT5fbNRsmv7Ksg==/lib/arm64/libc++_shared.so, isSystem 0
06-14 17:35:25.079 13610 24835 E LIBNATIVE-MEMORY-LIBRARY-LIB: alog.cpp:findClassIfNecessary(62) >> Check failed: klass.
06-14 17:35:25.080 13610 24835 E LIBNATIVE-MEMORY-LIBRARY-LIB: alog.cpp:findLogMethodIfNecessary(74) >> Check failed: findClassIfNecessary(se).
06-14 17:35:25.080 13610 24835 E LIBNATIVE-MEMORY-LIBRARY-LIB: so_load_hooker.h:afterSoLoad(90) >> std_path = /data/app/~~lG7xG2hkDc7uakEhlV0hOA==/com.tencent.mobileqq-zSg5QPLGjT5fbNRsmv7Ksg==/lib/arm64/libc++_shared.so
06-14 17:35:25.080 13610 24835 W LIBNATIVE-MEMORY-LIBRARY-LIB: so_load_hooker.h:afterSoLoad(102) >> only hook jni load interface, just return
06-14 17:35:25.084 13610 13610 W Automator_1: type=1400 audit(0.0:6211): avc: granted { execute } for path="/data/user/0/com.tencent.mobileqq/txlib/libpng-arm64-v8a.so" dev="dm-17" ino=24348 scontext=u:r:untrusted_app_27:s0:c512,c768 tcontext=u:object_r:app_data_file:s0:c512,c768 tclass=file app=com.tencent.mobileqq
06-14 17:35:25.083 13610 24835 E LIBNATIVE-MEMORY-LIBRARY-LIB: jni-loadlibrary-util.cpp:MyNativeLoad(70) >> native load /data/user/0/com.tencent.mobileqq/txlib/libpng-arm64-v8a.so, isSystem 0
06-14 17:35:25.112 13610 24835 E LIBNATIVE-MEMORY-LIBRARY-LIB: alog.cpp:findClassIfNecessary(62) >> Check failed: klass.
06-14 17:35:25.112 13610 24835 E LIBNATIVE-MEMORY-LIBRARY-LIB: alog.cpp:findLogMethodIfNecessary(74) >> Check failed: findClassIfNecessary(se).
06-14 17:35:25.112 13610 24835 E LIBNATIVE-MEMORY-LIBRARY-LIB: so_load_hooker.h:afterSoLoad(90) >> std_path = /data/data/com.tencent.mobileqq/txlib/libpng-arm64-v8a.so
06-14 17:35:25.112 13610 24835 W LIBNATIVE-MEMORY-LIBRARY-LIB: so_load_hooker.h:afterSoLoad(102) >> only hook jni load interface, just return
06-14 17:35:25.122 13610 24835 I ArkApp.ArkEngineExtract: LoadExtractedSo, lib=png-arm64-v8a, path=/data/user/0/com.tencent.mobileqq/txlib/libpng-arm64-v8a.so
06-14 17:35:25.129 23161 23192 W QueryController: Could not detect idle state.
