06-14 17:35:26.337 13610 24835 I ArkApp.AI:         {
06-14 17:35:26.337 13610 24835 I ArkApp.AI:             "app":"com.tencent.structmsg",
06-14 17:35:26.337 13610 24835 I ArkApp.AI:             "view":"news",
06-14 17:35:26.337 13610 24835 I ArkApp.AI:             "tag":"[分享]",
06-14 17:35:26.337 13610 24835 I ArkApp.AI:             "title":"jsonpath:$.meta.news.title",
06-14 17:35:26.337 13610 24835 I ArkApp.AI:             "jumpURL":"jsonpath:$.meta.news.jumpUrl"
06-14 17:35:26.337 13610 24835 I ArkApp.AI:         },
06-14 17:35:26.337 13610 24835 I ArkApp.AI:         {
06-14 17:35:26.337 13610 24835 I ArkApp.AI:             "app":"com.tencent.structmsg",
06-14 17:35:26.337 13610 24835 I ArkApp.AI:             "view":"music",
06-14 17:35:26.337 13610 24835 I ArkApp.AI:             "tag":"[分享]",
06-14 17:35:26.337 13610 24835 I ArkApp.AI:             "title":"jsonpath:$.meta.music.title",
06-14 17:35:26.337 13610 24835 I ArkApp.AI:             "jumpURL":"jsonpath:$.meta.music.jumpUrl"
06-14 17:35:26.337 13610 24835 I ArkApp.AI:         },
06-14 17:35:26.337 13610 24835 I ArkApp.AI:         {
06-14 17:35:26.337 13610 24835 I ArkApp.AI:             "app":"com.tencent.structmsg",
06-14 17:35:26.337 13610 24835 I ArkApp.AI:             "view":"video",
06-14 17:35:26.337 13610 24835 I ArkApp.AI:             "tag":"[分享]",
06-14 17:35:26.337 13610 24835 I ArkApp.AI:             "title":"jsonpath:$.meta.video.title",
06-14 17:35:26.337 13610 24835 I ArkApp.AI:             "jumpURL":"jsonpath:$.meta.video.jumpUrl"
06-14 17:35:26.337 13610 24835 I ArkApp.AI:         },
06-14 17:35:26.337 13610 24835 I ArkApp.AI:         {
06-14 17:35:26.337 13610 24835 I ArkApp.AI:             "app":"com.tencent.map",
06-14 17:35:26.337 13610 24835 I ArkApp.AI:             "view":"LocationShare",
06-14 17:35:26.337 13610 24835 I ArkApp.AI:             "tag":"[位置]",
06-14 17:35:26.337 13610 24835 I ArkApp.AI:             "icon":"aio_icons_location.png",
06-14 17:35:26.337 13610 24835 I ArkApp.AI:             "title":"jsonpath:$.meta['Location.Search'].address",
06-14 17:35:26.337 13610 24835 I ArkApp.AI:             "action":"showLargeText"
06-14 17:35:26.337 13610 24835 I ArkApp.AI:         },
06-14 17:35:26.337 13610 24835 I ArkApp.AI:         {
06-14 17:35:26.337 13610 24835 I ArkApp.AI:             "app":"com.tencent.channel.share",
06-14 17:35:26.337 13610 24835 I ArkApp.AI:             "view":"albumAddPic",
06-14 17:35:26.337 13610 24835 I ArkApp.AI:             "tag":"[分享]",
06-14 17:35:26.337 13610 24835 I ArkApp.AI:             "title":"jsonpath:$.meta.news.title",
06-14 17:35:26.337 13610 24835 I ArkApp.AI:             "jumpURL":"jsonpath:$.meta.news.jumpUrl"
06-14 17:35:26.337 13610 24835 I ArkApp.AI:         },
06-14 17:35:26.337 13610 24835 I ArkApp.AI:         {
06-14 17:35:26.337 13610 24835 I ArkApp.AI:             "app":"com.tencent.qzone.albumInvite",
06-14 17:35:26.337 13610 24835 I ArkApp.AI:             "view":"albumAddPic",
06-14 17:35:26.337 13610 24835 I ArkApp.AI:             "tag":"[分享]",
06-14 17:35:26.337 13610 24835 I ArkApp.AI:             "title":"jsonpath:$.meta.albumData.title",
06-14 17:35:26.337 13610 24835 I ArkApp.AI:             "jumpURL":"jsonpath:$.meta.albumData.h5Url"
06-14 17:35:26.337 13610 24835 I ArkApp.AI:         },
06-14 17:35:26.337 13610 24835 I ArkApp.AI:         {
06-14 17:35:26.337 13610 24835 I ArkApp.AI:             "app":"com.tencent.qzone.structmsg",
06-14 17:35:26.337 13610 24835 I ArkApp.AI:             "view":"albumAddPic",
06-14 17:35:26.337 13610 24835 I ArkApp.AI:             "tag":"[分享]",
06-14 17:35:26.337 13610 24835 I ArkApp.AI:             "title":"jsonpath:$.meta.contact.title",
06-14 17:35:26.337 13610 24835 I ArkApp.AI:             "jumpURL":"jsonpath:$.meta.contact.jumpUrl"
06-14 17:35:26.337 13610 24835 I ArkApp.AI:         },
06-14 17:35:26.337 13610 24835 I ArkApp.AI:         {
06-14 17:35:26.337 13610 24835 I ArkApp.AI:             "app":"com.tencent.subscription",
06-14 17:35:26.337 13610 24835 I ArkApp.AI:             "view":"baseView",
06-14 17:35:26.337 13610 24835 I ArkApp.AI:             "tag":"[分享]",
06-14 17:35:26.337 13610 24835 I ArkApp.AI:             "title":"jsonpath:$.meta.data.title",
06-14 17:35:26.337 13610 24835 I ArkApp.AI:             "jumpURL":"jsonpath:$.meata.data.contentJumpUrl"
06-14 17:35:26.337 13610 24835 I ArkApp.AI:         },
06-14 17:35:26.337 13610 24835 I ArkApp.AI:         {
06-14 17:35:26.337 13610 24835 I ArkApp.AI:             "app":"com.tencent.wezone",
06-14 17:35:26.337 13610 24835 I ArkApp.AI:             "view":"baseView",
06-14 17:35:26.337 13610 24835 I ArkApp.AI:             "tag":"[分享]",
06-14 17:35:26.337 13610 24835 I ArkApp.AI:             "title":"jsonpath:$.meta.shareData.tagName",
06-14 17:35:26.337 13610 24835 I ArkApp.AI:             "jumpURL":"jsonpath:$.meta.shareData.tagJumpUrl"
06-14 17:35:26.337 13610 24835 I ArkApp.AI:         },
06-14 17:35:26.337 13610 24835 I ArkApp.AI:         {
06-14 17:35:26.337 13610 24835 I ArkApp.AI:             "app":"com.tencent.wezone.share",
06-14 17:35:26.337 13610 24835 I ArkApp.AI:             "view":"albumAddPic",
06-14 17:35:26.337 13610 24835 I ArkApp.AI:             "tag":"[分享]",
06-14 17:35:26.337 13610 24835 I ArkApp.AI:             "title":"jsonpath:$.meta.data.feedInfo.content",
06-14 17:35:26.337 13610 24835 I ArkApp.AI:             "jumpURL":"jsonpath:$.meta.data.feedInfo.jumpUrl"
06-14 17:35:26.337 13610 24835 I ArkApp.AI:         },
06-14 17:35:26.337 13610 24835 I ArkApp.AI:         {
06-14 17:35:26.337 13610 24835 I ArkApp.AI:             "app":"com.tencent.forum",
06-14 17:35:26.337 13610 24835 I ArkApp.AI:             "view":"rank",
06-14 17:35:26.337 13610 24835 I ArkApp.AI:             "title":"jsonpath:$.meta.detail.feed.title.contents[0].text_content.text",
06-14 17:35:26.337 13610 24835 I ArkApp.AI:             "jumpURL":"jsonpath:$.meta.news.jumpUrl"
06-14 17:35:26.337 13610 24835 I ArkApp.AI:         },
06-14 17:35:26.337 13610 24835 I ArkApp.AI:         {
06-14 17:35:26.337 13610 24835 I ArkApp.AI:             "app":"com.tencent.bot.create.role",
06-14 17:35:26.337 13610 24835 I ArkApp.AI:             "view":"create",
06-14 17:35:26.337 13610 24835 I ArkApp.AI:             "tag":"[机器人]",
06-14 17:35:26.337 13610 24835 I ArkApp.AI:             "title":"创建角色",
06-14 17:35:26.337 13610 24835 I ArkApp.AI:             "jumpURL":""
06-14 17:35:26.337 13610 24835 I ArkApp.AI:         },
06-14 17:35:26.337 13610 24835 I ArkApp.AI:         {
06-14 17:35:26.337 13610 24835 I ArkApp.AI:             "app":"com.tencent.bot.game.vs",
06-14 17:35:26.337 13610 24835 I ArkApp.AI:             "view":"game",
06-14 17:35:26.337 13610 24835 I ArkApp.AI:             "tag":"[机器人]",
06-14 17:35:26.337 13610 24835 I ArkApp.AI:             "title":"PK挑战",
06-14 17:35:26.337 13610 24835 I ArkApp.AI:             "jumpURL":""
06-14 17:35:26.337 13610 24835 I ArkApp.AI:         },
06-14 17:35:26.337 13610 24835 I ArkApp.AI:         {
06-14 17:35:26.337 13610 24835 I ArkApp.AI:             "app":"com.tencent.bot.channel.vs",
06-14 17:35:26.337 13610 24835 I ArkApp.AI:             "view":"game",
06-14 17:35:26.337 13610 24835 I ArkApp.AI:             "tag":"[机器人]",
06-14 17:35:26.337 13610 24835 I ArkApp.AI:             "title":"频道PK",
06-14 17:35:26.337 13610 24835 I ArkApp.AI:             "jumpURL":""
06-14 17:35:26.337 13610 24835 I ArkApp.AI:         },
06-14 17:35:26.337 13610 24835 I ArkApp.AI: 		{
06-14 17:35:26.337 13610 24835 I ArkApp.AI:             "app":"com.tencent.bot.paly.boss",
06-14 17:35:26.337 13610 24835 I ArkApp.AI:             "view":"index",
06-14 17:35:26.337 13610 24835 I ArkApp.AI:             "tag":"[机器人]",
06-14 17:35:26.337 13610 24835 I ArkApp.AI:             "title":"打年兽",
06-14 17:35:26.337 13610 24835 I ArkApp.AI:             "jumpURL":""
06-14 17:35:26.337 13610 24835 I ArkApp.AI:         },
06-14 17:35:26.337 13610 24835 I ArkApp.AI: 		{
06-14 17:35:26.337 13610 24835 I ArkApp.AI:             "app":"com.tencent.bot.paly.boss.schedule",
06-14 17:35:26.337 13610 24835 I ArkApp.AI:             "view":"index",
06-14 17:35:26.337 13610 24835 I ArkApp.AI:             "tag":"[机器人]",
06-14 17:35:26.337 13610 24835 I ArkApp.AI:             "title":"打年兽进度",
06-14 17:35:26.337 13610 24835 I ArkApp.AI:             "jumpURL":""
06-14 17:35:26.337 13610 24835 I ArkApp.AI:         },
06-14 17:35:26.337 13610 24835 I ArkApp.AI: 		{
06-14 17:35:26.337 13610 24835 I ArkApp.AI:             "app":"com.tencent.bot.task.deblock",
06-14 17:35:26.337 13610 24835 I ArkApp.AI:             "view":"index",
06-14 17:35:26.337 13610 24835 I ArkApp.AI:             "tag":"[机器人]",
06-14 17:35:26.337 13610 24835 I ArkApp.AI:             "title":"任务",
06-14 17:35:26.337 13610 24835 I ArkApp.AI:             "jumpURL":""
06-14 17:35:26.337 13610 24835 I ArkApp.AI:         },
06-14 17:35:26.337 13610 24835 I ArkApp.AI: 		{
06-14 17:35:26.337 13610 24835 I ArkApp.AI:             "app":"com.tencent.bot.query.rank",
06-14 17:35:26.337 13610 24835 I ArkApp.AI:             "view":"rank",
06-14 17:35:26.337 13610 24835 I ArkApp.AI:             "tag":"[机器人]",
06-14 17:35:26.337 13610 24835 I ArkApp.AI:             "title":"排行榜",
06-14 17:35:26.337 13610 24835 I ArkApp.AI:             "jumpURL":""
06-14 17:35:26.337 13610 24835 I ArkApp.AI:         },
06-14 17:35:26.337 13610 24835 I ArkApp.AI: 		{
06-14 17:35:26.337 13610 24835 I ArkApp.AI:             "app":"com.tencent.bot.boss.end",
06-14 17:35:26.337 13610 24835 I ArkApp.AI:             "view":"game",
06-14 17:35:26.337 13610 24835 I ArkApp.AI:             "tag":"[机器人]",
06-14 17:35:26.337 13610 24835 I ArkApp.AI:             "title":"频道PK结果",
06-14 17:35:26.337 13610 24835 I ArkApp.AI:             "jumpURL":""
06-14 17:35:26.337 13610 24835 I ArkApp.AI:         },
06-14 17:35:26.337 13610 24835 I ArkApp.AI: 		{
06-14 17:35:26.337 13610 24835 I ArkApp.AI:             "app":"com.tencent.guild.answer",
06-14 17:35:26.337 13610 24835 I ArkApp.AI:             "view":"index",
06-14 17:35:26.337 13610 24835 I ArkApp.AI:             "tag":"[机器人]",
06-14 17:35:26.337 13610 24835 I ArkApp.AI:             "title":"答题",
06-14 17:35:26.337 13610 24835 I ArkApp.AI:             "jumpURL":""
06-14 17:35:26.337 13610 24835 I ArkApp.AI:         },
06-14 17:35:26.337 13610 24835 I ArkApp.AI: 		{
06-14 17:35:26.337 13610 24835 I ArkApp.AI:             "app":"com.tencent.channel.robot",
06-14 17:35:26.337 13610 24835 I ArkApp.AI:             "view":"albumAddPic",
06-14 17:35:26.337 13610 24835 I ArkApp.AI:             "tag":"[机器人]",
06-14 17:35:26.337 13610 24835 I ArkApp.AI:             "title":"消息",
06-14 17:35:26.337 13610 24835 I ArkApp.AI:             "jumpURL":""
06-14 17:35:26.337 13610 24835 I ArkApp.AI:         },
06-14 17:35:26.337 13610 24835 I ArkApp.AI: 		{
06-14 17:35:26.337 13610 24835 I ArkApp.AI:             "app":"com.tencent.channelrobot.smallpic",
06-14 17:35:26.337 13610 24835 I ArkApp.AI:             "view":"albumAddPic",
06-14 17:35:26.337 13610 24835 I ArkApp.AI:             "tag":"[机器人]",
06-14 17:35:26.337 13610 24835 I ArkApp.AI:             "title":"消息",
06-14 17:35:26.337 13610 24835 I ArkApp.AI:             "jumpURL":""
06-14 17:35:26.337 13610 24835 I ArkApp.AI:         },
06-14 17:35:26.337 13610 24835 I ArkApp.AI: 		{
06-14 17:35:26.337 13610 24835 I ArkApp.AI:             "app":"com.tencent.channel.robot.mark",
06-14 17:35:26.337 13610 24835 I ArkApp.AI:             "view":"albumAddPic",
06-14 17:35:26.337 13610 24835 I ArkApp.AI:             "tag":"[机器人]",
06-14 17:35:26.337 13610 24835 I ArkApp.AI:             "title":"消息",
06-14 17:35:26.337 13610 24835 I ArkApp.AI:             "jumpURL":""
06-14 17:35:26.337 13610 24835 I ArkApp.AI:         },
06-14 17:35:26.337 13610 24835 I ArkApp.AI: 		{
06-14 17:35:26.337 13610 24835 I ArkApp.AI:             "app":"com.tencent.imagetextbot",
06-14 17:35:26.337 13610 24835 I ArkApp.AI:             "view":"index",
06-14 17:35:26.337 13610 24835 I ArkApp.AI:             "tag":"[机器人]",
06-14 17:35:26.337 13610 24835 I ArkApp.AI:             "title":"消息",
06-14 17:35:26.337 13610 24835 I ArkApp.AI:             "jumpURL":""
06-14 17:35:26.337 13610 24835 I ArkApp.AI:         },
06-14 17:35:26.337 13610 24835 I ArkApp.AI: 		{
06-14 17:35:26.337 13610 24835 I ArkApp.AI:             "app":"com.tencent.guild.free_text_formatting",
06-14 17:35:26.337 13610 24835 I ArkApp.AI:             "view":"contact",
06-14 17:35:26.337 13610 24835 I ArkApp.AI:             "tag":"[机器人]",
06-14 17:35:26.337 13610 24835 I ArkApp.AI:             "title":"消息",
06-14 17:35:26.337 13610 24835 I ArkApp.AI:             "jumpURL":""
06-14 17:35:26.337 13610 24835 I ArkApp.AI:         },
06-14 17:35:26.337 13610 24835 I ArkApp.AI: 		{
06-14 17:35:26.337 13610 24835 I ArkApp.AI:             "app":"com.tencent.guild.text_list",
06-14 17:35:26.337 13610 24835 I ArkApp.AI:             "view":"contact",
06-14 17:35:26.337 13610 24835 I ArkApp.AI:             "tag":"[机器人]",
06-14 17:35:26.337 13610 24835 I ArkApp.AI:             "title":"消息",
06-14 17:35:26.337 13610 24835 I ArkApp.AI:             "jumpURL":""
06-14 17:35:26.337 13610 24835 I ArkApp.AI:         },
06-14 17:35:26.337 13610 24835 I ArkApp.AI: 		{
06-14 17:35:26.337 13610 24835 I ArkApp.AI:             "app":"com.tencent.guild.article",
06-14 17:35:26.337 13610 24835 I ArkApp.AI:             "view":"contact",
06-14 17:35:26.337 13610 24835 I ArkApp.AI:             "tag":"[机器人]",
06-14 17:35:26.337 13610 24835 I ArkApp.AI:             "title":"消息",
06-14 17:35:26.337 13610 24835 I ArkApp.AI:             "jumpURL":""
06-14 17:35:26.337 13610 24835 I ArkApp.AI:         },
06-14 17:35:26.337 13610 24835 I ArkApp.AI: 		{
06-14 17:35:26.337 13610 24835 I ArkApp.AI:             "app":"com.tencent.bot.admin.authorize",
06-14 17:35:26.337 13610 24835 I ArkApp.AI:             "view":"contact",
06-14 17:35:26.337 13610 24835 I ArkApp.AI:             "tag":"[机器人]",
06-14 17:35:26.337 13610 24835 I ArkApp.AI:             "title":"消息",
06-14 17:35:26.337 13610 24835 I ArkApp.AI:             "jumpURL":""
06-14 17:35:26.337 13610 24835 I ArkApp.AI:         },
06-14 17:35:26.337 13610 24835 I ArkApp.AI: 		{
06-14 17:35:26.337 13610 24835 I ArkApp.AI:             "app":"com.tencent.guild.trophy",
06-14 17:35:26.337 13610 24835 I ArkApp.AI:             "view":"contact",
06-14 17:35:26.337 13610 24835 I ArkApp.AI:             "tag":"[机器人]",
06-14 17:35:26.337 13610 24835 I ArkApp.AI:             "title":"消息",
06-14 17:35:26.337 13610 24835 I ArkApp.AI:             "jumpURL":""
06-14 17:35:26.337 13610 24835 I ArkApp.AI:         },
06-14 17:35:26.337 13610 24835 I ArkApp.AI: 		{
06-14 17:35:26.337 13610 24835 I ArkApp.AI:             "app":"com.tencent.guild.image_text",
06-14 17:35:26.337 13610 24835 I ArkApp.AI:             "view":"contact",
06-14 17:35:26.337 13610 24835 I ArkApp.AI:             "tag":"[机器人]",
06-14 17:35:26.337 13610 24835 I ArkApp.AI:             "title":"消息",
06-14 17:35:26.337 13610 24835 I ArkApp.AI:             "jumpURL":""
06-14 17:35:26.337 13610 24835 I ArkApp.AI:         },
06-14 17:35:26.337 13610 24835 I ArkApp.AI: 		{
06-14 17:35:26.337 13610 24835 I ArkApp.AI:             "app":"com.tencent.guild.bot.rec.article",
06-14 17:35:26.337 13610 24835 I ArkApp.AI:             "view":"contact",
06-14 17:35:26.337 13610 24835 I ArkApp.AI:             "tag":"[机器人]",
06-14 17:35:26.337 13610 24835 I ArkApp.AI:             "title":"消息",
06-14 17:35:26.337 13610 24835 I ArkApp.AI:             "jumpURL":""
06-14 17:35:26.337 13610 24835 I ArkApp.AI:         },
06-14 17:35:26.337 13610 24835 I ArkApp.AI: 		{
06-14 17:35:26.337 13610 24835 I ArkApp.AI:             "app":"com.tencent.guild.robot_inline",
06-14 17:35:26.337 13610 24835 I ArkApp.AI:             "view":"index",
06-14 17:35:26.337 13610 24835 I ArkApp.AI:             "tag":"[机器人]",
06-14 17:35:26.337 13610 24835 I ArkApp.AI:             "title":"消息",
06-14 17:35:26.337 13610 24835 I ArkApp.AI:             "jumpURL":""
06-14 17:35:26.337 13610 24835 I ArkApp.AI:         },
06-14 17:35:26.337 13610 24835 I ArkApp.AI: 		{
06-14 17:35:26.337 13610 24835 I ArkApp.AI:             "app":"com.tencent.mobileqq.cardshare",
06-14 17:35:26.337 13610 24835 I ArkApp.AI:             "view":"contact",
06-14 17:35:26.337 13610 24835 I ArkApp.AI:             "tag":"[分享]",
06-14 17:35:26.337 13610 24835 I ArkApp.AI:             "title":"",
06-14 17:35:26.337 13610 24835 I ArkApp.AI:             "jumpURL":""
06-14 17:35:26.337 13610 24835 I ArkApp.AI:         }
06-14 17:35:26.337 13610 24835 I ArkApp.AI:     ]
06-14 17:35:26.337 13610 24835 I ArkApp.AI: }
06-14 17:35:26.339 13610 24835 I ArkApp.Environment: setThreadMode, multiple thread mode
06-14 17:35:26.340 13610 24835 I ArkApp.AI: updateDialogConfig, parse json failed, err=End of input at character 0 of
06-14 17:35:26.340 13610 24835 I ArkApp.ArkMultiProcUtil: initArkEnv
06-14 17:35:26.340 13610 24835 I ArkApp.MultiProc: initArkEnv, ignore
06-14 17:35:26.344 13036 13346 D MSF.C.NetConnTag.true: netRecv ssoSeq:92615 uin:*7991 cmd:HSI8OD8sBjUkJTkzCS43dC0mJBc1NiMzLQ 92870 cross:0 socketEngineID: 0 socket: 162579374
06-14 17:35:26.346 13036 13313 I MSF.S.AppProcessManager: SendToApp process:com.tencent.mobileqq fromServiceMsg: FromServiceMsg msName:unknown ssoSeq:92615 serviceCmd:WalletConfigSvr.getConfig appSeq:45 failCode:1000 cos t =0 needBoot=false to.len = 163 from.len = 151
06-14 17:35:26.348 13610 13623 D MSF.D.Proxy: onReceiveResp, fromServiceMsg = WalletConfigSvr.getConfig, ssoSeq = 92615, length = 151
06-14 17:35:26.357 13610 24835 D ArkApp.ConfProcessor: [onParsed] type=380, content = {
06-14 17:35:26.357 13610 24835 D ArkApp.ConfProcessor: "predownload_cfg_list": [{
06-14 17:35:26.357 13610 24835 D ArkApp.ConfProcessor: "app_name": "com.tencent.map",
06-14 17:35:26.357 13610 24835 D ArkApp.ConfProcessor: "preload": 1
06-14 17:35:26.357 13610 24835 D ArkApp.ConfProcessor: },
06-14 17:35:26.357 13610 24835 D ArkApp.ConfProcessor: {
06-14 17:35:26.357 13610 24835 D ArkApp.ConfProcessor: "app_name": "com.tencent.miniapp",
06-14 17:35:26.357 13610 24835 D ArkApp.ConfProcessor: "preload": 1
06-14 17:35:26.357 13610 24835 D ArkApp.ConfProcessor: },
06-14 17:35:26.357 13610 24835 D ArkApp.ConfProcessor: {
06-14 17:35:26.357 13610 24835 D ArkApp.ConfProcessor: "app_name": "com.tencent.mannounce",
06-14 17:35:26.357 13610 24835 D ArkApp.ConfProcessor: "preload": 1
06-14 17:35:26.357 13610 24835 D ArkApp.ConfProcessor: },
06-14 17:35:26.357 13610 24835 D ArkApp.ConfProcessor: {
06-14 17:35:26.357 13610 24835 D ArkApp.ConfProcessor: "app_name": "com.tencent.structmsg",
06-14 17:35:26.357 13610 24835 D ArkApp.ConfProcessor: "preload": 1
06-14 17:35:26.357 13610 24835 D ArkApp.ConfProcessor: }
06-14 17:35:26.357 13610 24835 D ArkApp.ConfProcessor: ],
06-14 17:35:26.357 13610 24835 D ArkApp.ConfProcessor: "ark_url_check_enable": 1,
06-14 17:35:26.357 13610 24835 D ArkApp.ConfProcessor: "ark_memory_optimize": 1,
06-14 17:35:26.357 13610 24835 D ArkApp.ConfProcessor: "app_global_url_config": {
06-14 17:35:26.357 13610 24835 D ArkApp.ConfProcessor: "white": [
06-14 17:35:26.357 13610 24835 D ArkApp.ConfProcessor: "*ptlogin2.qq.com",
06-14 17:35:26.357 13610 24835 D ArkApp.ConfProcessor: "*htdata2.qq.com",
06-14 17:35:26.357 13610 24835 D ArkApp.ConfProcessor: "*htdata.qq.com"
06-14 17:35:26.357 13610 24835 D ArkApp.ConfProcessor: ]
06-14 17:35:26.357 13610 24835 D ArkApp.ConfProcessor: },
06-14 17:35:26.357 13610 24835 D ArkApp.ConfProcessor: "ark_url_check_disable_apps": ["com.tencent.h5game"],
06-14 17:35:26.357 13610 24835 D ArkApp.ConfProcessor: "ark_force_update_app_list": [],
06-14 17:35:26.357 13610 24835 D ArkApp.ConfProcessor: "ark_download_ctrl_disable_list" : [
06-14 17:35:26.357 13610 24835 D ArkApp.ConfProcessor: "com.tencent.gamecenter.game_download"
06-14 17:35:26.357 13610 24835 D ArkApp.ConfProcessor: ]
06-14 17:35:26.357 13610 24835 D ArkApp.ConfProcessor: }
06-14 17:35:26.357 13610 24835 D ArkApp.ArkPlatformConfig: mIsUrlCheckEnable = true
06-14 17:35:26.357 13610 24835 D ArkApp.ArkPlatformConfig: mIsDebugLogEnabled = false
06-14 17:35:26.357 13610 24835 D ArkApp.ArkPlatformConfig: get config disable app=com.tencent.h5game
06-14 17:35:26.357 13610 24835 D ArkApp.ArkPlatformConfig: mIsOptimizeEnable = true
06-14 17:35:26.357 13610 24835 D ArkApp.ArkPlatformConfig: mToastStr =
06-14 17:35:26.357 13610 24835 D ArkApp.ArkPlatformConfig: onParse predownload_cfg_list name = com.tencent.map, preload = 1
06-14 17:35:26.358 13610 24835 D ArkApp.ArkPlatformConfig: onParse predownload_cfg_list name = com.tencent.miniapp, preload = 1
06-14 17:35:26.358 13610 24835 D ArkApp.ArkPlatformConfig: onParse predownload_cfg_list name = com.tencent.mannounce, preload = 1
06-14 17:35:26.358 13610 24835 D ArkApp.ArkPlatformConfig: onParse predownload_cfg_list name = com.tencent.structmsg, preload = 1
06-14 17:35:26.358 13610 24835 D ArkApp.ArkPlatformConfig: onParse mPreDownload list size =4
06-14 17:35:26.358 13610 24835 D ArkApp.ArkPlatformConfig: onParse white url = *ptlogin2.qq.com
06-14 17:35:26.358 13610 24835 D ArkApp.ArkPlatformConfig: onParse white url = *htdata2.qq.com
06-14 17:35:26.358 13610 24835 D ArkApp.ArkPlatformConfig: onParse white url = *htdata.qq.com
06-14 17:35:26.358 13610 24835 D ArkApp.ArkPlatformConfig: white list size =3
06-14 17:35:26.358 13610 24835 D ArkApp.ArkPlatformConfig: mGlobalUrlConfig list size = 1
06-14 17:35:26.358 13610 24835 D ArkApp.ArkPlatformConfig: ark.dctrl get config disable download ctrl apps=[com.tencent.gamecenter.game_download]
06-14 17:35:26.358 13610 24835 D ArkApp.ArkPlatformConfig: ark VipReport enable=true, mIsBackToFileSchemeEnable=true, mAddBackslashEnable=true
06-14 17:35:26.358 13610 24835 D ArkApp.AppCenter: ArkSafe.initGlobalWhiteListAndUrlCheckStatus.loadConfig content = {
06-14 17:35:26.358 13610 24835 D ArkApp.AppCenter: "predownload_cfg_list": [{
06-14 17:35:26.358 13610 24835 D ArkApp.AppCenter: "app_name": "com.tencent.map",
06-14 17:35:26.358 13610 24835 D ArkApp.AppCenter: "preload": 1
06-14 17:35:26.358 13610 24835 D ArkApp.AppCenter: },
06-14 17:35:26.358 13610 24835 D ArkApp.AppCenter: {
06-14 17:35:26.358 13610 24835 D ArkApp.AppCenter: "app_name": "com.tencent.miniapp",
06-14 17:35:26.358 13610 24835 D ArkApp.AppCenter: "preload": 1
06-14 17:35:26.358 13610 24835 D ArkApp.AppCenter: },
06-14 17:35:26.358 13610 24835 D ArkApp.AppCenter: {
06-14 17:35:26.358 13610 24835 D ArkApp.AppCenter: "app_name": "com.tencent.mannounce",
06-14 17:35:26.358 13610 24835 D ArkApp.AppCenter: "preload": 1
06-14 17:35:26.358 13610 24835 D ArkApp.AppCenter: },
06-14 17:35:26.358 13610 24835 D ArkApp.AppCenter: {
06-14 17:35:26.358 13610 24835 D ArkApp.AppCenter: "app_name": "com.tencent.structmsg",
06-14 17:35:26.358 13610 24835 D ArkApp.AppCenter: "preload": 1
06-14 17:35:26.358 13610 24835 D ArkApp.AppCenter: }
06-14 17:35:26.358 13610 24835 D ArkApp.AppCenter: ],
06-14 17:35:26.358 13610 24835 D ArkApp.AppCenter: "ark_url_check_enable": 1,
06-14 17:35:26.358 13610 24835 D ArkApp.AppCenter: "ark_memory_optimize": 1,
06-14 17:35:26.358 13610 24835 D ArkApp.AppCenter: "app_global_url_config": {
06-14 17:35:26.358 13610 24835 D ArkApp.AppCenter: "white": [
06-14 17:35:26.358 13610 24835 D ArkApp.AppCenter: "*ptlogin2.qq.com",
06-14 17:35:26.358 13610 24835 D ArkApp.AppCenter: "*htdata2.qq.com",
06-14 17:35:26.358 13610 24835 D ArkApp.AppCenter: "*htdata.qq.com"
06-14 17:35:26.358 13610 24835 D ArkApp.AppCenter: ]
06-14 17:35:26.358 13610 24835 D ArkApp.AppCenter: },
06-14 17:35:26.358 13610 24835 D ArkApp.AppCenter: "ark_url_check_disable_apps": ["com.tencent.h5game"],
06-14 17:35:26.358 13610 24835 D ArkApp.AppCenter: "ark_force_update_app_list": [],
06-14 17:35:26.358 13610 24835 D ArkApp.AppCenter: "ark_download_ctrl_disable_list" : [
06-14 17:35:26.358 13610 24835 D ArkApp.AppCenter: "com.tencent.gamecenter.game_download"
06-14 17:35:26.358 13610 24835 D ArkApp.AppCenter: ]
06-14 17:35:26.358 13610 24835 D ArkApp.AppCenter: }
06-14 17:35:26.359 13610 24835 I ArkApp.ArkAppConfigMgr: ArkSafe.initGlobalWhiteListAndUrlCheckStatus.isUrlCheckEnable = true,urlDisableAppList= [com.tencent.h5game] QueueKey:null
06-14 17:35:26.359 13610 24835 I ArkApp.ArkAppConfigMgr: ArkSafe.setUrlCheckEnable global=true QueueKey:null
06-14 17:35:26.359 13610 24835 I ArkApp.ArkAppConfigMgr: ArkSafe.initGlobalWhiteList white list:[*ptlogin2.qq.com, *htdata2.qq.com, *htdata.qq.com]
06-14 17:35:26.360 13610 24835 I ArkApp.ArkAppConfigMgr: ArkSafe.initConfig, env=Product QueueKey:null
06-14 17:35:26.360 13610 24835 D MSF.D.AppNetInfoNewImpl: registerNetInfoHandler 2231c8
06-14 17:35:26.363 13610 24835 I ArkApp.ArkMultiProcUtil: initArkEnv
06-14 17:35:26.363 13610 24835 I ArkApp.MultiProc: initArkEnv, ignore
06-14 17:35:26.363 13610 24835 I ArkApp.ArkAppPreDownloadMgr: profiling startPreload
06-14 17:35:26.363 13610 24835 I ArkApp.ArkMultiProcUtil: initArkEnv
06-14 17:35:26.363 13610 24835 I ArkApp.MultiProc: initArkEnv, ignore
06-14 17:35:26.365 13036 13293 D MSF.C.NetConnTag.true: msf can not get ssid
06-14 17:35:26.366 13036 13293 D MSF.C.NetConnTag.true: msf can not get ssid
06-14 17:35:26.366 13036 13293 D MSF.C.NetConnTag.true: encodeRequest cmd: OidbSvc.0x5eb_common, with version = 11, AppId = 537142041
06-14 17:35:26.366 13036 13293 D MSF.C.NetConnTag.true: pa ok: 92617
06-14 17:35:26.366 13036 13293 D MSF.C.NetConnTag.DualConnContext.true: tryDualConn
06-14 17:35:26.366 13036 13293 D MSF.C.NetConnTag.true: netSend ssoSeq:92617 uin:*7991 cmd:BSo0NgkuJnR6O2UxOAcmNScuPzo 92764 9b0c3ae socketEngineID: 0 socket: 162579374
06-14 17:35:26.380 13610 24835 I ArkApp.Engine: ThreadPool::AttachQueueToThread,  key is logicqueue
06-14 17:35:26.383 13036 13346 D MSF.C.NetConnTag.true: netRecv ssoSeq:92616 uin:*7991 cmd:BSo0NgkuJnR6O2Rsagd8BQMOEzsoPQ 92751 cross:0 socketEngineID: 0 socket: 162579374
06-14 17:35:26.383 13036 13313 I MSF.S.AppProcessManager: SendToApp process:com.tencent.mobileqq fromServiceMsg: FromServiceMsg msName:unknown ssoSeq:92616 serviceCmd:OidbSvc.0x480_9_IMCore appSeq:46 failCode:1000 cos t =0 needBoot=false to.len = 20 from.len = 28
06-14 17:35:26.385 13610 13623 D MSF.D.Proxy: onReceiveResp, fromServiceMsg = OidbSvc.0x480_9_IMCore, ssoSeq = 92616, length = 28
06-14 17:35:26.385 13610 24835 W SingletonPool: create com.tencent.mobileqq.colornote.api.impl.ColorNoteUtilImpl
06-14 17:35:26.385 13610 24835 W SingletonPool: create com.tencent.mobileqq.colornote.api.impl.ColorNoteUtilImpl cost:0
06-14 17:35:26.386 13610 13685 W SingletonPool: create com.tencent.mobileqq.filemanager.api.impl.FileUtilImpl
06-14 17:35:26.386 13610 13685 W SingletonPool: create com.tencent.mobileqq.filemanager.api.impl.FileUtilImpl cost:0
06-14 17:35:26.387 13610 13651 D mqq     : newServlet = cooperation.vip.manager.a@22c8012
06-14 17:35:26.387 13610 13651 D mqq     : registerServletCommand className:cooperation.vip.manager.a servlet:cooperation.vip.manager.a@22c8012
06-14 17:35:26.387 13610 13651 W SingletonPool: create com.tencent.qzonehub.api.report.lp.impl.LpReportUtilsImpl
06-14 17:35:26.387 13610 13651 W SingletonPool: create com.tencent.qzonehub.api.report.lp.impl.LpReportUtilsImpl cost:0
06-14 17:35:26.387 13610 13651 I QzoneConfig: key = qzonesetting secondaryKey= enable_use_privacy_field value= null
06-14 17:35:26.392 13610 24835 D MSF.D.AppNetInfoNewImpl: registerNetInfoHandler c8b71e0
06-14 17:35:26.392 13610 13618 I encent.mobileq: This is sticky GC, maxfree is 8388608 minfree is 2097152
06-14 17:35:26.392 13610 24835 W SingletonPool: create com.tencent.mobileqq.qassistant.api.impl.VoiceAssistantMainImpl
06-14 17:35:26.392 13610 24835 W SingletonPool: create com.tencent.mobileqq.qassistant.api.impl.VoiceAssistantMainImpl cost:0
06-14 17:35:26.396  2018  3127 D libsensor-displayalgo: the value of  brightness:438.000000,R:18781811.588660,G:16635044.097718,B:32526411.313589,EVENT_C:4865.000000,EVENT_R:1919.000000,EVENT_G:2435.000000,EVENT_B:984.500000
06-14 17:35:26.396 13610 13621 I PERF_LOG: GC.happened gc!!!!!!!!!
06-14 17:35:26.396  2018  3127 I libsensor-displayalgo: the value of  Coef1:1107.681000,Coef4:2.383000, scale1:0.935522, scale4:0.923264
06-14 17:35:26.396  2018  3127 E libsensor-displayalgo: RGB_test_0407_400_oldzy!
06-14 17:35:26.396  2018  3127 I libsensor-displayalgo: the value of  RESULT1138.417400,439.291038,569.676580,209.138012
06-14 17:35:26.396  2018  3127 I libsensor-displayalgo: the value of  getChannelDataCalibrated1193.568497,406.868173,662.137470,228.260066
06-14 17:35:26.396  2018  3127 I libsensor-displayalgo: the value of  REAL LUX221.331833
06-14 17:35:26.396  2018  3127 I libsensor-displayalgo: the value of  CAL REAL LUX221.331833
06-14 17:35:26.407 13610 24908 I ArkApp.ArkAppMgr: compareVersionString: ver1=1.1.2.40,ver2=1.1.2.39 QueueKey:null
06-14 17:35:26.408 13610 24908 I ArkApp.ArkAppMgr: compareVersionString: ver1=1.1.2.41,ver2=1.1.2.40 QueueKey:null
06-14 17:35:26.413 13036 13293 D MSF.C.NetConnTag.true: msf can not get ssid
06-14 17:35:26.414 13036 13293 D MSF.C.NetConnTag.true: msf can not get ssid
06-14 17:35:26.414 13036 13293 D MSF.C.NetConnTag.true: encodeRequest cmd: OidbSvc.0x5eb_22, with version = 11, AppId = 537142041
06-14 17:35:26.414 13036 13293 D MSF.C.NetConnTag.true: pa ok: 92618
06-14 17:35:26.414 13036 13293 D MSF.C.NetConnTag.DualConnContext.true: tryDualConn
06-14 17:35:26.414 13610 24835 W SingletonPool: create com.tencent.mobileqq.activity.recent.guidebanner.impl.NewerGuideHelperImpl
06-14 17:35:26.414 13036 13293 D MSF.C.NetConnTag.true: netSend ssoSeq:92618 uin:*7991 cmd:BSo0NgkuJnR6O2UxOAd3aA 92757 9b0c3ae socketEngineID: 0 socket: 162579374
06-14 17:35:26.414 13610 24835 W SingletonPool: create com.tencent.mobileqq.activity.recent.guidebanner.impl.NewerGuideHelperImpl cost:0
06-14 17:35:26.414 13610 24835 D NewerGuideBannerHandler: requestGetNewerGuideBannerInfo
06-14 17:35:26.414 13610 24835 E QQPermission.QQPermissionFactory: getQQPermission: activity or fragment is null
06-14 17:35:26.415 13610 24835 D IMCore.PhoneContact.PermissionChecker: CheckPermission exception:Attempt to invoke virtual method 'int com.tencent.mobileqq.qqpermission.QQPermission.hasPermission(java.lang.String)' on a null object referencejava.lang.NullPointerException: Attempt to invoke virtual method 'int com.tencent.mobileqq.qqpermission.QQPermission.hasPermission(java.lang.String)' on a null object reference
06-14 17:35:26.415 13610 24835 D IMCore.PhoneContact.PermissionChecker: 	at com.tencent.mobileqq.phonecontact.permission.PermissionChecker.e(P:4)
06-14 17:35:26.415 13610 24835 D IMCore.PhoneContact.PermissionChecker: 	at com.tencent.mobileqq.phonecontact.permission.PermissionChecker.h(P:2)
06-14 17:35:26.415 13610 24835 D IMCore.PhoneContact.PermissionChecker: 	at com.tencent.mobileqq.activity.recent.guidebanner.b.N4(P:3)
06-14 17:35:26.415 13610 24835 D IMCore.PhoneContact.PermissionChecker: 	at com.tencent.mobileqq.activity.recent.guidebanner.c.h(P:3)
06-14 17:35:26.415 13610 24835 D IMCore.PhoneContact.PermissionChecker: 	at com.tencent.mobileqq.app.automator.step.AfterSyncMsg.q(P:3)
06-14 17:35:26.415 13610 24835 D IMCore.PhoneContact.PermissionChecker: 	at com.tencent.mobileqq.app.automator.step.AfterSyncMsg.j(P:117)
06-14 17:35:26.415 13610 24835 D IMCore.PhoneContact.PermissionChecker: 	at com.tencent.mobileqq.app.automator.step.AfterSyncMsg.doStep(P:6)
06-14 17:35:26.415 13610 24835 D IMCore.PhoneContact.PermissionChecker: 	at com.tencent.mobileqq.app.automator.AsyncStep.run(P:8)
06-14 17:35:26.415 13610 24835 D IMCore.PhoneContact.PermissionChecker: 	at com.tencent.mobileqq.app.automator.LinearGroup.doStep(P:3)
06-14 17:35:26.415 13610 24835 D IMCore.PhoneContact.PermissionChecker: 	at com.tencent.mobileqq.app.automator.AsyncStep.run(P:8)
06-14 17:35:26.415 13610 24835 D IMCore.PhoneContact.PermissionChecker: 	at com.tencent.mobileqq.app.automator.AutomatorImpl.run(P:9)
06-14 17:35:26.415 13610 24835 D IMCore.PhoneContact.PermissionChecker: 	at java.util.concurrent.ThreadPoolExecutor.runWorker(ThreadPoolExecutor.java:1167)
06-14 17:35:26.415 13610 24835 D IMCore.PhoneContact.PermissionChecker: 	at java.util.concurrent.ThreadPoolExecutor$Worker.run(ThreadPoolExecutor.java:641)
06-14 17:35:26.415 13610 24835 D IMCore.PhoneContact.PermissionChecker: 	at java.lang.Thread.run(Thread.java:920)
06-14 17:35:26.416 13610 24906 E QQPermission.QQPermissionFactory: getQQPermission: activity or fragment is null
06-14 17:35:26.416 13610 24908 I ArkApp.Engine: ThreadPool::AttachQueueToThread,  key is com.tencent.map
06-14 17:35:26.416 13610 24906 D IMCore.PhoneContact.PermissionChecker: CheckPermission exception:Attempt to invoke virtual method 'int com.tencent.mobileqq.qqpermission.QQPermission.hasPermission(java.lang.String)' on a null object referencejava.lang.NullPointerException: Attempt to invoke virtual method 'int com.tencent.mobileqq.qqpermission.QQPermission.hasPermission(java.lang.String)' on a null object reference
06-14 17:35:26.416 13610 24906 D IMCore.PhoneContact.PermissionChecker: 	at com.tencent.mobileqq.phonecontact.permission.PermissionChecker.e(P:4)
06-14 17:35:26.416 13610 24906 D IMCore.PhoneContact.PermissionChecker: 	at com.tencent.mobileqq.phonecontact.permission.PermissionChecker.g(P:2)
06-14 17:35:26.416 13610 24906 D IMCore.PhoneContact.PermissionChecker: 	at com.tencent.mobileqq.phonecontact.permission.PermissionChecker$2.run(P:1)
06-14 17:35:26.416 13610 24906 D IMCore.PhoneContact.PermissionChecker: 	at com.tencent.mobileqq.app.Job.run(P:3)
06-14 17:35:26.416 13610 24906 D IMCore.PhoneContact.PermissionChecker: 	at java.util.concurrent.ThreadPoolExecutor.runWorker(ThreadPoolExecutor.java:1167)
06-14 17:35:26.416 13610 24906 D IMCore.PhoneContact.PermissionChecker: 	at java.util.concurrent.ThreadPoolExecutor$Worker.run(ThreadPoolExecutor.java:641)
06-14 17:35:26.416 13610 24906 D IMCore.PhoneContact.PermissionChecker: 	at java.lang.Thread.run(Thread.java:920)
06-14 17:35:26.417 13610 24835 W SingletonPool: create com.tencent.biz.pubaccount.weishi.api.impl.WSManagerImpl
06-14 17:35:26.417 13610 24835 W SingletonPool: create com.tencent.biz.pubaccount.weishi.api.impl.WSManagerImpl cost:0
06-14 17:35:26.417 13610 24906 D IMCore.PhoneContact.PermissionChecker: hasReadContactPermission isM=true ret=false apiRet=false
06-14 17:35:26.417 13610 24835 W SingletonPool: create com.tencent.mobileqq.gamecenter.api.impl.GameMsgUnissoHandlerApiImpl
06-14 17:35:26.418 13610 24835 W SingletonPool: create com.tencent.mobileqq.gamecenter.api.impl.GameMsgUnissoHandlerApiImpl cost:1
06-14 17:35:26.420 13610 25118 I ArkApp.ArkAppCacheMgr: ArkTemp.cacheManifestInfo,name=com.tencent.map, path=/data/user/0/com.tencent.mobileqq/files/ArkApp/Install/com.tencent.map/1.1.2.41.ark
06-14 17:35:26.421 13610 13651 I QzoneConfig: key = qzonesetting secondaryKey= qzonesharppgate value= null
06-14 17:35:26.421 13610 13651 W SingletonPool: create com.tencent.qzonehub.api.impl.QzoneMixApiImpl
06-14 17:35:26.421 13610 13651 W SingletonPool: create com.tencent.qzonehub.api.impl.QzoneMixApiImpl cost:0
06-14 17:35:26.421 13610 24835 I GameCenterMsg.GameCenterUnissoHandler: getGameMsgTabConfig start
06-14 17:35:26.422 13610 13651 D SoLoadCore: loadSo begin, libName[c++_shared]
06-14 17:35:26.422 13610 13651 W SoLoadCore: assestCrcConfigs already exists
06-14 17:35:26.422 13610 13651 D SoLoadCore: getRightcrcWhenLoadSo libc++_shared.so: 3686037175
06-14 17:35:26.422 13610 13651 E LIBNATIVE-MEMORY-LIBRARY-LIB: jni-loadlibrary-util.cpp:MyNativeLoad(70) >> native load /data/app/~~lG7xG2hkDc7uakEhlV0hOA==/com.tencent.mobileqq-zSg5QPLGjT5fbNRsmv7Ksg==/lib/arm64/libc++_shared.so, isSystem 0
06-14 17:35:26.422 13610 13651 D SoLoadCore: System.loadLibrary, lib = c++_shared suc
06-14 17:35:26.422 13610 13651 D SoLoadUtilNew: loadSoByName[c++_shared], loadRes[true], resultCode[15728640]
06-14 17:35:26.422 13610 24835 D Wadl_QQGameTrpcServiceImpl: createTrpcInvokeReq cmdId=/v1/33,sendOnly=false,data=[B@19111c2
06-14 17:35:26.423 13610 24835 D Wadl_QQGameTrpcServiceImpl: addListener listener=com.tencent.mobileqq.gamecenter.protocols.GameCenterUnissoHandler$1@c39dbd3
06-14 17:35:26.423 13610 24835 D Wadl_QQGameTrpcServiceImpl: addListener listener=com.tencent.mobileqq.gamecenter.protocols.GameCenterUnissoHandler$1@c39dbd3 succ
06-14 17:35:26.423 13610 24835 D Wadl_QQGameTrpcServiceImpl: requestTrpc trpcListReq=com.tencent.gamecenter.wadl.biz.entity.TrpcProxy$TrpcListReq@dcf1310,extra=null,appRuntime=com.tencent.mobileqq.app.QQAppInterface@dc44f23
06-14 17:35:26.424 13610 24835 D Wadl_WadlBusinessServlet: onSend...ssoType:1,data is null:false
06-14 17:35:26.425 13610 24835 W SingletonPool: create com.tencent.mobileqq.guild.api.impl.GuildRuntimeApiImpl
06-14 17:35:26.425 13610 24835 W SingletonPool: create com.tencent.mobileqq.guild.api.impl.GuildRuntimeApiImpl cost:0
06-14 17:35:26.426 13610 24828 W SingletonPool: create com.tencent.mobileqq.automator.api.impl.AutomatorApiImpl
06-14 17:35:26.427 13610 24828 W SingletonPool: create com.tencent.mobileqq.automator.api.impl.AutomatorApiImpl cost:1
06-14 17:35:26.434 13610 24846 I Q.qwallet.QWalletCommonServlet: onReceive WalletConfigSvr.getConfig: true
06-14 17:35:26.441 13610 13651 D SoMonitor: [registerSoFileInfo] SoFileInfo{name=libTcHevcDec.so, canonicalPath=/data/user/0/com.tencent.mobileqq/files/qqso/.download/449F12E97C2A2AEBDD8E41E14F41F40E/libTcHevcDec.so, md5=, length=920032, lastModified=1669202845000}
06-14 17:35:26.442 13610 13651 D SoMonitor.SoMonitorMmkvHelper: [saveSoFileInfo], save to mmkv: SoFileInfo{name=libTcHevcDec.so, canonicalPath=/data/user/0/com.tencent.mobileqq/files/qqso/.download/449F12E97C2A2AEBDD8E41E14F41F40E/libTcHevcDec.so, md5=, length=920032, lastModified=1669202845000}
06-14 17:35:26.446 13610 24835 W [zplan]ZPlanWhiteListRequest: appids isEmpty
06-14 17:35:26.448 23161 23192 W QueryController: Could not detect idle state.
06-14 17:35:26.448 13610 24835 I HareWareInfoUtil: getInfo hardwareInfo{"gles":"OpenGL ES 3.2 V@0615.0 (GIT@ab32fc8fad, Ie934a85479, 1658998813) (Date:07/28/22)","os":"XiaoMi/MIUI/V130:Xiaomi/ziyi/ziyi:12/SKQ1.220303.001/V13.0.10.0.SLLCNXM:user/release-keys","os_version":"31","freq":"1762","cpu":"8","supHdr":"0","is_allow_landscape":"0","manufacturer":"Xiaomi","network":"WIFI","instruction_set":"arm64-v8a","core_name ":"taro","freshRate":"120","cpu_name ":"qcom","is_arm64":"true","gpu_name":"Adreno (TM) 644","isSupportH265":"true","model":"2209129SC","udid":"dc00700010167d8526e7c48510001a416b17","brand":"Xiaomi","device":"ziyi","ram":"7237"}
06-14 17:35:26.448 13610 24835 I [zplan]_ZPlanRequestHandler: request, cmd : OidbSvcTrpcTcp.0x10aa
06-14 17:35:26.448 13610 25118 I ArkApp.Engine: InitHost init everything.. QueueKey: com.tencent.map TheadID: 25118
06-14 17:35:26.449 13610 25118 I ArkApp.Engine: ArkClassLoader::FindClass, com/tencent/ark/SQLiteHandler need to be transformed  QueueKey: com.tencent.map TheadID: 25118
06-14 17:35:26.449 13610 25118 I ArkApp.Engine: ArkClassLoader::FindClass, ClassName=com.tencent.ark.SQLiteHandler QueueKey: com.tencent.map TheadID: 25118
06-14 17:35:26.451 13610 24835 D PandoraExEvent.DBReportStrategy: [handleAfterLogin] have copied public DB to current accountID DB
06-14 17:35:26.451 13610 24835 W SingletonPool: create com.tencent.mobileqq.webview.api.impl.WebDataApiImpl
06-14 17:35:26.452 13036 13346 D MSF.C.NetConnTag.true: netRecv ssoSeq:92617 uin:*7991 cmd:BSo0NgkuJnR6O2UxOAcmNScuPzo 92744 cross:0 socketEngineID: 0 socket: 162579374
06-14 17:35:26.454 13610 13651 I SoLoadWidget.SoLoaderLogic: [loadConfigSo] appid: 537142041,soversion: 1.6.0,soname: TcHevcDec
06-14 17:35:26.454 13036 13313 I MSF.S.AppProcessManager: SendToApp process:com.tencent.mobileqq fromServiceMsg: FromServiceMsg msName:unknown ssoSeq:92617 serviceCmd:OidbSvc.0x5eb_common appSeq:47 failCode:1000 cos t =0 needBoot=false to.len = 39 from.len = 25
06-14 17:35:26.455 13610 24835 W SingletonPool: create com.tencent.mobileqq.webview.api.impl.WebDataApiImpl cost:4
06-14 17:35:26.456 13610 13623 D MSF.D.Proxy: onReceiveResp, fromServiceMsg = OidbSvc.0x5eb_common, ssoSeq = 92617, length = 25
06-14 17:35:26.456 13610 24835 I Inject  : crashIfNoInjector:false initInjectorClzList result: [class com.tencent.mobileqq.webview.injector.b, class com.tencent.mobileqq.webview.injector.c, class com.tencent.mobileqq.webview.injector.i, class com.tencent.mobileqq.webview.injector.d, class com.tencent.mobileqq.webview.injector.DownloadInjector, class com.tencent.mobileqq.webview.injector.f, class com.tencent.mobileqq.webview.injector.g, class com.tencent.mobileqq.webview.injector.h, class com.tencent.mobileqq.webview.injector.k, class com.tencent.mobileqq.webview.injector.m, class com.tencent.mobileqq.webview.injector.n, class com.tencent.mobileqq.webview.injector.p, class com.tencent.mobileqq.webview.injector.j, class com.tencent.mobileqq.webview.injector.a, class com.tencent.mobileqq.webview.swift.AbsBaseWebViewActivityImpl, class com.tencent.mobileqq.webview.swift.component.SwiftBrowserStatisticInjectorImpl, class com.tencent.mobileqq.webview.swift.component.g, class com.tencent.mobileqq.webview.swift.utils.h, class com.tencent.mobileqq.webview.swift.WebViewSurfaceInjectorImpl, class com.tencent.mobileqq.webview.swift.u, class com.tencent.mobileqq.webprocess.d, class com.tencent.mobileqq.webview.injector.e, class com.tencent.mobileqq.Doraemon.h, class com.tencent.mobileqq.injector.a, class com.tencent.mobileqq.webview.injector.l]
06-14 17:35:26.457 13610 24835 I WebView.AbiCompact: clearNewlyInstall to=537142041 model=2209129SC SDK_INT=31
06-14 17:35:26.457 13610 24835 D LastCleanMMKVHelper: checkLastCleanTime
06-14 17:35:26.457 13610 24835 D LastCleanMMKVHelper: getLastCleanTime dataString: 2023-06-13
06-14 17:35:26.462 13036 13293 D MSF.C.NetConnTag.true: msf can not get ssid
06-14 17:35:26.462 13036 13293 D MSF.C.NetConnTag.true: msf can not get ssid
06-14 17:35:26.462 13036 13293 D MSF.C.NetConnTag.true: encodeRequest cmd: OidbSvc.0x5eb_15, with version = 11, AppId = 537142041
06-14 17:35:26.462 13036 13293 D MSF.C.NetConnTag.true: pa ok: 92619
06-14 17:35:26.462 13036 13293 D MSF.C.NetConnTag.DualConnContext.true: tryDualConn
06-14 17:35:26.462 13036 13293 D MSF.C.NetConnTag.true: netSend ssoSeq:92619 uin:*7991 cmd:BSo0NgkuJnR6O2UxOAd0bw 92766 9b0c3ae socketEngineID: 0 socket: 162579374
06-14 17:35:26.465 13610 24835 D FeatureRuntimeServiceImpl: duplicate initToggle. ignore
06-14 17:35:26.465 13610 24835 D GlobalDisplayMetricsManager.Toggle: init Thread[Automator_1,10,main]
06-14 17:35:26.466 13610 24835 D GlobalDisplayMetricsManager.Toggle: checkUpdate uin=*7991, curVer=102, json: 1 102
06-14 17:35:26.467 13610 24835 D GlobalDisplayMetricsManager.Toggle: obtainToggleForCheckDensity : true
06-14 17:35:26.470 13610 24920 D QQLockMonitor: FT:false costInterval:5000
06-14 17:35:26.471 13610 13651 I SoLoadWidget.AbsGetSoTask: [checkCRCAndUnzip] correctCRC=1850813292,curCRC:1850813292,configSoFilePath:/data/user/0/com.tencent.mobileqq/files/qqso/.download/449F12E97C2A2AEBDD8E41E14F41F40E/libTcHevcDec.so,from:1
06-14 17:35:26.471 13610 13651 D SoMonitor: [registerSoFileInfo] SoFileInfo{name=libTcHevcDec.so, canonicalPath=/data/user/0/com.tencent.mobileqq/files/qqso/.download/449F12E97C2A2AEBDD8E41E14F41F40E/libTcHevcDec.so, md5=, length=920032, lastModified=1669202845000}
06-14 17:35:26.472 13610 13651 D SoMonitor.SoMonitorMmkvHelper: [saveSoFileInfo], save to mmkv: SoFileInfo{name=libTcHevcDec.so, canonicalPath=/data/user/0/com.tencent.mobileqq/files/qqso/.download/449F12E97C2A2AEBDD8E41E14F41F40E/libTcHevcDec.so, md5=, length=920032, lastModified=1669202845000}
06-14 17:35:26.476 13610 13651 I SoLoadWidget.SoLoaderLogic: [loadConfigSo] appid: 537142041,soversion: 1.6.0,soname: TcHevcDec
06-14 17:35:26.477 13610 13651 I SoLoadWidget.SoLoaderLogic: [System.load] loadItem:LoadItem{name='TcHevcDec', lops=LoadOptions{isLLSl=false, old32Bit='null', old64Bit='null', flag=0}},exists:true
06-14 17:35:26.479 13610 24835 D PreDownloadStatistic: FeatureSwitch: false
06-14 17:35:26.480 13610 24835 D PreDownloadDataUtils: FeatureSwitch: false
06-14 17:35:26.486 13610 24835 D LzmaDecodeFeatureSwitch: FeatureSwitch: false
06-14 17:35:26.487 13610 24835 W SingletonPool: create com.tencent.timi.game.api.impl.TimiGameApiImpl
06-14 17:35:26.487 13610 24835 W SingletonPool: create com.tencent.timi.game.api.impl.TimiGameApiImpl cost:0
06-14 17:35:26.487 13610 24835 E YesApiImpl: doWhenQQLogin START - true
06-14 17:35:26.491 13036 13346 D MSF.C.NetConnTag.true: netRecv ssoSeq:92618 uin:*7991 cmd:BSo0NgkuJnR6O2UxOAd3aA 92737 cross:0 socketEngineID: 0 socket: 162579374
06-14 17:35:26.491 13610 25071 D PreDownloadDataUtils: FeatureSwitch: false
06-14 17:35:26.493 13036 13313 I MSF.S.AppProcessManager: SendToApp process:com.tencent.mobileqq fromServiceMsg: FromServiceMsg msName:unknown ssoSeq:92618 serviceCmd:OidbSvc.0x5eb_22 appSeq:48 failCode:1000 cos t =0 needBoot=false to.len = 39 from.len = 25
06-14 17:35:26.495 13610 13623 D MSF.D.Proxy: onReceiveResp, fromServiceMsg = OidbSvc.0x5eb_22, ssoSeq = 92618, length = 25
06-14 17:35:26.505 13610 13651 E LIBNATIVE-MEMORY-LIBRARY-LIB: jni-loadlibrary-util.cpp:MyNativeLoad(70) >> native load /data/user/0/com.tencent.mobileqq/files/qqso/.download/449F12E97C2A2AEBDD8E41E14F41F40E/libTcHevcDec.so, isSystem 0
06-14 17:35:26.509  1265  2358 I vendor.qti.hardware.display.composer-service: FrameNotifyProcess Sensor: notify citsensorservice to trigger cwb
06-14 17:35:26.509 13610 24851 D SoMonitor.SoMonitorMmkvHelper: [saveSoFileInfo], save to mmkv: SoFileInfo{name=libTcHevcDec.so, canonicalPath=/data/user/0/com.tencent.mobileqq/files/qqso/.download/449F12E97C2A2AEBDD8E41E14F41F40E/libTcHevcDec.so, md5=f48d534c94f8e0d2655dcf7e3adff4ab, length=920032, lastModified=1669202845000}
06-14 17:35:26.510  2018  2018 I libcitsensorservice@2.0-impl: msg_transfer
06-14 17:35:26.510  2018  3098 D vendor.xiaomi.sensor.citsensorservice@2.0-service: handle id:9 wxh:1280x2400 uwxuh:1080x2400 size: 9216000 fd:15 fd_meta:16 flags:0x4000228 usage:0x33  format:0x3 layer_count: 1
06-14 17:35:26.510  1265  1890 I SDM     : HWCSession::SetCWBOutputBuffer: CWB config passed by cwb_client : tappoint 1  CWB_ROI : (829.000000 4.000000 915.000000 90.000000)
06-14 17:35:26.513 13036 13293 D MSF.C.NetConnTag.true: msf can not get ssid
06-14 17:35:26.514 13036 13293 D MSF.C.NetConnTag.true: msf can not get ssid
06-14 17:35:26.514 13036 13293 D MSF.C.NetConnTag.true: encodeRequest cmd: OidbSvc.0x5eb_15, with version = 11, AppId = 537142041
06-14 17:35:26.514 13036 13293 D MSF.C.NetConnTag.true: pa ok: 92620
06-14 17:35:26.514 13036 13293 D MSF.C.NetConnTag.DualConnContext.true: tryDualConn
06-14 17:35:26.514 13036 13293 D MSF.C.NetConnTag.true: netSend ssoSeq:92620 uin:*7991 cmd:BSo0NgkuJnR6O2UxOAd0bw 92759 9b0c3ae socketEngineID: 0 socket: 162579374
06-14 17:35:26.515 13610 25099 I AccessibleRequestTimer: has upload PhoneType
06-14 17:35:26.516  1265 25121 I SDM     : HWCSession::ProcessRequests: Successfully configured CWB buffer.
06-14 17:35:26.520  1265 25121 I SDM     : HWCSession::ProcessRequests: Pushing release fence in fenece wait queue.
06-14 17:35:26.520  1265 25121 I SDM     : HWCSession::ProcessRequests: Creating AsyncFenceWaits async thread.
06-14 17:35:26.520  1265 25121 I SDM     : HWCSession::ProcessRequests: Remove current CWB request from the pending request queue.
06-14 17:35:26.520  1265 25121 I SDM     : HWCSession::ProcessRequests: No pending cwb requests found in the queue.
06-14 17:35:26.524 13610 13610 W QQ_SUB  : type=1400 audit(0.0:6215): avc: granted { execute } for path="/data/user/0/com.tencent.mobileqq/files/qqso/.download/449F12E97C2A2AEBDD8E41E14F41F40E/libTcHevcDec.so" dev="dm-17" ino=32171 scontext=u:r:untrusted_app_27:s0:c512,c768 tcontext=u:object_r:app_data_file:s0:c512,c768 tclass=file app=com.tencent.mobileqq
06-14 17:35:26.526  1265  1584 I SDM     : HWDeviceDRM::SetupConcurrentWriteback: Tear down the Concurrent Writeback topology
06-14 17:35:26.527 13610 24835 I YesApiImpl: doWhenQQLogin END
06-14 17:35:26.528 13610 25118 I ArkApp.Engine: ArkClassLoader::FindClass, com/tencent/ark/ark$ContainerCallback need to be transformed  QueueKey: com.tencent.map TheadID: 25118
06-14 17:35:26.529 13610 25118 I ArkApp.Engine: ArkClassLoader::FindClass, ClassName=com.tencent.ark.ark$ContainerCallback QueueKey: com.tencent.map TheadID: 25118
06-14 17:35:26.529 13610 25118 I ArkApp.Engine: ArkClassLoader::FindClass, com/tencent/ark/ark$ApplicationCallback need to be transformed  QueueKey: com.tencent.map TheadID: 25118
06-14 17:35:26.530 13610 25118 I ArkApp.Engine: ArkClassLoader::FindClass, ClassName=com.tencent.ark.ark$ApplicationCallback QueueKey: com.tencent.map TheadID: 25118
06-14 17:35:26.530 13610 25118 I ArkApp.Engine: ArkClassLoader::FindClass, com/tencent/ark/ark$Application need to be transformed  QueueKey: com.tencent.map TheadID: 25118
06-14 17:35:26.530 13610 25118 I ArkApp.Engine: ArkClassLoader::FindClass, ClassName=com.tencent.ark.ark$Application QueueKey: com.tencent.map TheadID: 25118
06-14 17:35:26.530 13610 13651 E LIBNATIVE-MEMORY-LIBRARY-LIB: alog.cpp:findClassIfNecessary(62) >> Check failed: klass.
06-14 17:35:26.530 13610 13651 E LIBNATIVE-MEMORY-LIBRARY-LIB: alog.cpp:findLogMethodIfNecessary(74) >> Check failed: findClassIfNecessary(se).
06-14 17:35:26.530 13610 13651 E LIBNATIVE-MEMORY-LIBRARY-LIB: so_load_hooker.h:afterSoLoad(90) >> std_path = /data/data/com.tencent.mobileqq/files/qqso/.download/449F12E97C2A2AEBDD8E41E14F41F40E/libTcHevcDec.so
06-14 17:35:26.530 13610 13651 W LIBNATIVE-MEMORY-LIBRARY-LIB: so_load_hooker.h:afterSoLoad(102) >> only hook jni load interface, just return
