11-16 15:42:16.097  2010 11971 I chatty  : uid=1000(system) MobileQosDetect expire 11 lines
11-16 15:42:38.615  1046  1131 I storaged: storaged_t::event: storage_info refreshed.
11-16 15:42:39.129  4667  4954 I chatty  : uid=1000(system) OllieAwareThrea expire 38 lines
11-16 15:42:40.653  2010  2653 I chatty  : uid=1000(system) PowerManagerSer expire 52 lines
11-16 15:42:48.843  2010  2747 I chatty  : uid=1000(system) Binder:2010_3 expire 14 lines
11-16 15:42:50.696  2010  3881 I chatty  : uid=1000(system) WifiP2pService expire 99 lines
11-16 15:42:57.967  2010  2624 I chatty  : uid=1000(system) android.anim expire 30 lines
11-16 15:42:58.016  2010  2621 I chatty  : uid=1000(system) android.ui expire 12 lines
11-16 15:42:58.016  4088  4773 D HwCommandQueue: CommandQueue, set Launcher StatusBar Color
11-16 15:42:58.028  3344  3344 I ViewRootImpl: dispatchDetachedFromWindow in doDie
11-16 15:42:58.045  4088  4773 I HwCommandQueue: updateBarBgColor
11-16 15:42:58.045  2010  5443 I chatty  : uid=1000(system) Binder:2010_13 expire 24 lines
11-16 15:42:58.045  4088  4773 D HwCommandQueue: CommandQueue, setBarBackgroundColor
11-16 15:42:58.046  4088 13407 D HwCommandQueue: CommandQueue, set Launcher StatusBar Color
11-16 15:42:58.092  4088  4588 D HwCommandQueue: CommandQueue, set Launcher StatusBar Color
11-16 15:42:58.584  4667  4954 I chatty  : uid=1000(system) OllieAwareThrea expire 50 lines
11-16 15:43:03.650  2010  2653 I chatty  : uid=1000(system) PowerManagerSer expire 50 lines
11-16 15:43:04.146  2010 11971 I chatty  : uid=1000(system) MobileQosDetect expire 10 lines
11-16 15:43:07.929  4624  4624 W ContextImpl: Calling a method in the system process without a qualified user: android.app.ContextImpl.sendBroadcast:1183 com.huawei.android.chr.ChrCore.report:5584 com.huawei.android.chr.ChrCore.report:469 com.huawei.android.chr.dataservice.ChrDataService.saveToChrModel:979 com.huawei.android.chr.dataservice.PsQoeManager.saveQoeEvent:101
11-16 15:43:07.931  4624  4624 W ContextImpl: Calling a method in the system process without a qualified user: android.app.ContextImpl.sendBroadcast:1183 com.huawei.android.chr.ProtocolLogManager.setChrInfo2DbEx:1017 com.huawei.android.chr.ProtocolLogManager.setChrInfo2Db:962 com.huawei.android.chr.dataservice.PsQoeManager.saveQoeEvent:114 com.huawei.android.chr.dataservice.ChrDataService.handleMessage:13681
11-16 15:43:07.941  2010  6452 I chatty  : uid=1000(system) Binder:2010_1E expire 63 lines
11-16 15:43:17.603  2010  2620 I chatty  : uid=1000(system) android.fg expire 13 lines
11-16 15:43:22.845  2010  6388 I chatty  : uid=1000(system) Binder:2010_17 expire 61 lines
11-16 15:43:22.855  2010  3903 I chatty  : uid=1000(system) Thread-6 expire 28 lines
11-16 15:43:22.855  2010  2633 I chatty  : uid=1000(system) HwActivityTaskM expire 14 lines
11-16 15:43:22.860  2010  2623 I chatty  : uid=1000(system) android.display expire 23 lines
11-16 15:43:23.036  4667  4667 I chatty  : uid=1000(system) com.huawei.systemserver expire 2 lines
11-16 15:43:23.483  4603  4603 D ActivityThread: Attach thread to application
11-16 15:43:23.498  4603  4636 I ActivityThread: Init compatible state: true
11-16 15:43:23.681  2010  3881 I chatty  : uid=1000(system) WifiP2pService expire 45 lines
11-16 15:43:23.888  4603  4603 I ActivityThread: finishPreloaded preloadStatus 0
11-16 15:43:24.187  4667  4954 I chatty  : uid=1000(system) OllieAwareThrea expire 63 lines
11-16 15:43:24.652  2010  2653 I chatty  : uid=1000(system) PowerManagerSer expire 45 lines
11-16 15:43:25.066  2010  4214 I chatty  : uid=1000(system) Binder:2010_B expire 15 lines
11-16 15:43:25.153  2010  5176 I chatty  : uid=1000(system) Binder:2010_10 expire 22 lines
11-16 15:43:26.317  2010  4209 I chatty  : uid=1000(system) Binder:2010_7 expire 34 lines
11-16 15:43:27.090  9372  9372 D ActivityThread: Won't deliver top position change in state=5
11-16 15:43:27.093  2010  2617 I chatty  : uid=1000(system) Binder:2010_2 expire 18 lines
11-16 15:43:27.100  2010  2616 I chatty  : uid=1000(system) Binder:2010_1 expire 36 lines
11-16 15:43:27.110  4667  6636 I chatty  : uid=1000(system) Binder:4667_8 expire 1 line
11-16 15:43:27.118  9372  9372 I RtgSchedEvent: current pid:9372 AppType:28
11-16 15:43:27.120  9372  9372 I ActivityThread: Handle window ActivityRecord{987fcd4 token=android.os.BinderProxy@1d5be79 {com.huawei.android.launcher/com.huawei.android.launcher.unihome.UniHomeLauncher}} visibility: true
11-16 15:43:27.187  2010  3941 I chatty  : uid=1000(system) Binder:2010_5 expire 27 lines
11-16 15:43:27.189  4439  5343 I HwNetworkPolicyManager: getHwUidPolicy uid = 10096 policy = 0
11-16 15:43:27.236  4088  4773 I HwCommandQueue: updateBarBgColor
11-16 15:43:27.236  4088  4773 D HwCommandQueue: CommandQueue, setBarBackgroundColor
11-16 15:43:27.236  4088 13407 D HwCommandQueue: CommandQueue, set Launcher StatusBar Color
11-16 15:43:27.376  2010  2624 I chatty  : uid=1000(system) android.anim expire 31 lines
11-16 15:43:27.392  2010  4795 I chatty  : uid=1000(system) Binder:2010_F expire 2 lines
11-16 15:43:27.396  4771  4771 D ActivityThread: Attach thread to application
11-16 15:43:27.413  4771  4802 I ActivityThread: Init compatible state: true
11-16 15:43:27.424  4088 23004 D HwCommandQueue: CommandQueue, set Launcher StatusBar Color
11-16 15:43:27.429  4439  5343 I HwNetworkPolicyManager: getHwUidPolicy uid = 10231 policy = 0
11-16 15:43:27.577  4771  4900 D HwCustConnectivityManagerImpl: isBlockNetworkRequestByNonAis, INVALID_SUBSCRIPTION_ID
11-16 15:43:27.580  2010  3889 I chatty  : uid=1000(system) ConnectivitySer expire 39 lines
11-16 15:43:27.681  4771  4771 I ActivityThread: finishPreloaded preloadStatus 0
11-16 15:43:27.681  4771  4771 I RtgSchedEvent: current pid:4771 AppType:7
11-16 15:43:27.697  4771  4771 V ActivityThread: callActivityOnCreate
11-16 15:43:27.703  5015  5015 D ActivityThread: Attach thread to application
11-16 15:43:27.709  5015  5044 I ActivityThread: Init compatible state: true
11-16 15:43:27.762  4771  4771 D ActivityThread: add activity client record, r= ActivityRecord{c6094b7 token=android.os.BinderProxy@182fe0f {cn.missevan/cn.missevan.activity.MainActivity}} token= android.os.BinderProxy@182fe0f
11-16 15:43:27.846  5120  5120 D ActivityThread: Attach thread to application
11-16 15:43:27.848  4771  4771 D HwCustConnectivityManagerImpl: isBlockNetworkRequestByNonAis, INVALID_SUBSCRIPTION_ID
11-16 15:43:27.849  4771  4771 D HwCustConnectivityManagerImpl: isBlockNetworkRequestByNonAis, INVALID_SUBSCRIPTION_ID
11-16 15:43:27.855  5120  5179 E ActivityThread: getApplicationInfo metadata error
11-16 15:43:27.855  5120  5179 I ActivityThread: Init compatible state: false
11-16 15:43:27.872  5120  5120 I ActivityThread: finishPreloaded preloadStatus 0
11-16 15:43:27.910  4771  4771 I RtgSchedEvent: current pid:4771 AppType:7
11-16 15:43:27.914  5015  5015 I ActivityThread: finishPreloaded preloadStatus 0
11-16 15:43:27.923  2010  2010 I chatty  : uid=1000(system) Binder:2010_F expire 10 lines
11-16 15:43:27.929  2010  5443 I chatty  : uid=1000(system) Binder:2010_13 expire 16 lines
11-16 15:43:27.939  4088  4773 I HwCommandQueue: updateBarBgColor
11-16 15:43:27.939  4088  4773 D HwCommandQueue: CommandQueue, setBarBackgroundColor
11-16 15:43:27.939  4088  4588 D HwCommandQueue: CommandQueue, set Launcher StatusBar Color
11-16 15:43:28.022  4771  5328 D HwCustConnectivityManagerImpl: isBlockNetworkRequestByNonAis, INVALID_SUBSCRIPTION_ID
11-16 15:43:28.023  4771  5328 D HwCustConnectivityManagerImpl: isBlockNetworkRequestByNonAis, INVALID_SUBSCRIPTION_ID
11-16 15:43:28.025  2010  6413 I chatty  : uid=1000(system) Binder:2010_1C expire 21 lines
11-16 15:43:28.039  5282  5282 D ActivityThread: Attach thread to application
11-16 15:43:28.050  5282  5375 I ActivityThread: Init compatible state: true
11-16 15:43:28.065  4771  5060 E ActivityThread: Failed to find provider info for com.vivo.push.sdk.service.SystemPushConfig
11-16 15:43:28.286  5282  5282 I ActivityThread: finishPreloaded preloadStatus 0
11-16 15:43:28.291  5015  5489 D HwCustConnectivityManagerImpl: isBlockNetworkRequestByNonAis, INVALID_SUBSCRIPTION_ID
11-16 15:43:28.294  5015  5489 D HwCustConnectivityManagerImpl: isBlockNetworkRequestByNonAis, INVALID_SUBSCRIPTION_ID
11-16 15:43:28.367  2010  2647 I chatty  : uid=1000(system) ActivityManager expire 11 lines
11-16 15:43:28.946  2010  2747 I chatty  : uid=1000(system) Binder:2010_3 expire 18 lines
11-16 15:43:28.965  4771  5609 W FileUtils: Failed to chmod(/data/user/0/com.tencent.mm/app_tbs): android.system.ErrnoException: chmod failed: EACCES (Permission denied)
11-16 15:43:28.965  4771  5609 W FileUtils: Failed to chmod(/data/user/0/com.tencent.mm/app_tbs_common_share): android.system.ErrnoException: chmod failed: EACCES (Permission denied)
11-16 15:43:28.974  4771  5604 W SystemConfig: No directory /product_services/etc/sysconfig, skipping
11-16 15:43:28.974  4771  5604 W SystemConfig: No directory /product_services/etc/permissions, skipping
11-16 15:43:28.975  4771  5604 W SystemConfig: No directory /system/emui/base/sysconfig, skipping
11-16 15:43:28.975  4771  5604 W SystemConfig: No directory /system/emui/china/sysconfig, skipping
11-16 15:43:28.975  4771  5604 W SystemConfig: No directory /vendor/etc/sysconfig, skipping
11-16 15:43:28.977  4771  5609 W FileUtils: Failed to chmod(/data/user/0/com.tencent.mobileqq/app_tbs): android.system.ErrnoException: chmod failed: EACCES (Permission denied)
11-16 15:43:28.977  4771  5609 W FileUtils: Failed to chmod(/data/user/0/com.tencent.mobileqq/app_tbs_common_share): android.system.ErrnoException: chmod failed: EACCES (Permission denied)
11-16 15:43:28.978  4771  5604 W SystemConfig: No directory /odm/cust/all/cn/sysconfig, skipping
11-16 15:43:28.978  4771  5604 W SystemConfig: No directory /odm/cust/all/cn/permissions, skipping
11-16 15:43:28.978  4771  5604 W SystemConfig: No directory /odm/etc/sysconfig, skipping
11-16 15:43:28.979  4771  5604 W SystemConfig: No directory /odm/hw_odm/LIO-AN00/sysconfig, skipping
11-16 15:43:28.979  4771  5604 W SystemConfig: No directory /odm/hw_odm/LIO-AN00/permissions, skipping
11-16 15:43:28.979  4771  5604 W SystemConfig: No directory /hw_product/etc/sysconfig, skipping
11-16 15:43:28.980  4771  5604 W SystemConfig: No directory /hw_product/region_comm/china/sysconfig, skipping
11-16 15:43:28.980  4771  5604 W SystemConfig: No directory /preas/china/sysconfig, skipping
11-16 15:43:28.980  4771  5604 W SystemConfig: No directory /hw_product/hw_oem/LIO-AN00/sysconfig, skipping
11-16 15:43:28.980  4771  5604 W SystemConfig: No directory /hw_product/hw_oem/LIO-AN00/permissions, skipping
11-16 15:43:28.980  4771  5604 W SystemConfig: No directory /preload/LIO-AN00/all/cn/sysconfig, skipping
11-16 15:43:28.981  4771  5604 W SystemConfig: No directory /cust/global/sysconfig, skipping
11-16 15:43:28.981  4771  5604 W SystemConfig: No directory /cust/global/permissions, skipping
11-16 15:43:28.981  4771  5604 W SystemConfig: No directory /cust/hw/cn/sysconfig, skipping
11-16 15:43:28.981  4771  5604 W SystemConfig: No directory /cust/hw/cn/permissions, skipping
11-16 15:43:28.981  4771  5604 W SystemConfig: No directory /version/cust/all/cn/sysconfig, skipping
11-16 15:43:28.981  4771  5604 W SystemConfig: No directory /hw_product/special_cust/LIO-AN00/all/cn/sysconfig, skipping
11-16 15:43:28.981  4771  5604 W SystemConfig: No directory /hw_product/special_cust/LIO-AN00/all/cn/permissions, skipping
11-16 15:43:28.981  4771  5604 W SystemConfig: No directory /version/special_cust/LIO-AN00/all/cn/sysconfig, skipping
11-16 15:43:28.981  4771  5604 W SystemConfig: No directory /version/special_cust/LIO-AN00/all/cn/permissions, skipping
11-16 15:43:28.981  4771  5604 W SystemConfig: No directory /cust/cotalite/sysconfig, skipping
11-16 15:43:28.981  4771  5604 W SystemConfig: No directory /cust/cotalite/permissions, skipping
11-16 15:43:28.981  4771  5604 W SystemConfig: No directory /cust/ecota/sysconfig, skipping
11-16 15:43:28.981  4771  5604 W SystemConfig: No directory /cust/ecota/permissions, skipping
11-16 15:43:29.101  4771  4771 D HwCustConnectivityManagerImpl: isBlockNetworkRequestByNonAis, INVALID_SUBSCRIPTION_ID
11-16 15:43:29.102  4771  4771 D HwCustConnectivityManagerImpl: isBlockNetworkRequestByNonAis, INVALID_SUBSCRIPTION_ID
11-16 15:43:30.550  2010  2641 I chatty  : uid=1000(system) ActivityManager expire 11 lines
11-16 15:43:30.572  5740  5740 D ActivityThread: Attach thread to application
11-16 15:43:30.584  5740  5765 I ActivityThread: Init compatible state: true
11-16 15:43:30.759  5740  5740 I ActivityThread: finishPreloaded preloadStatus 0
11-16 15:43:33.595  4771  4771 D HwCustConnectivityManagerImpl: isBlockNetworkRequestByNonAis, INVALID_SUBSCRIPTION_ID
11-16 15:43:33.936  2010  2621 I chatty  : uid=1000(system) android.ui expire 44 lines
11-16 15:43:33.939  4088  4588 D HwCommandQueue: CommandQueue, set Launcher StatusBar Color
11-16 15:43:34.038  2010  6388 I chatty  : uid=1000(system) Binder:2010_17 expire 21 lines
11-16 15:43:36.743  4771  4771 W HwApsManager: HwApsManagerService, registerCallback, start !
11-16 15:43:37.547  4088  4588 D HwCommandQueue: CommandQueue, set Launcher StatusBar Color
11-16 15:43:37.555  4771  4771 I ViewRootImpl: dispatchDetachedFromWindow in doDie
11-16 15:43:37.565  4088  4588 I HwCommandQueue: updateBarBgColor
11-16 15:43:37.565  4088  4588 D HwCommandQueue: CommandQueue, setBarBackgroundColor
11-16 15:43:37.566  4088  4588 D HwCommandQueue: CommandQueue, set Launcher StatusBar Color
11-16 15:43:37.573  4088 23004 D HwCommandQueue: CommandQueue, set Launcher StatusBar Color
11-16 15:43:37.599  2010  2624 I chatty  : uid=1000(system) android.anim expire 21 lines
11-16 15:43:37.606  2010  2752 I chatty  : uid=1000(system) UEventObserver expire 12 lines
11-16 15:43:37.621  4088  4588 D HwCommandQueue: CommandQueue, set Launcher StatusBar Color
11-16 15:43:37.629  4771  4771 I ViewRootImpl: dispatchDetachedFromWindow in doDie
11-16 15:43:37.636  4088 23004 I HwCommandQueue: updateBarBgColor
11-16 15:43:37.636  4088 23004 D HwCommandQueue: CommandQueue, setBarBackgroundColor
11-16 15:43:37.636  4088  4588 D HwCommandQueue: CommandQueue, set Launcher StatusBar Color
11-16 15:43:37.642  4088 23004 D HwCommandQueue: CommandQueue, set Launcher StatusBar Color
11-16 15:43:37.652  5932  5932 D ActivityThread: Attach thread to application
11-16 15:43:37.660  5932  5950 I ActivityThread: Init compatible state: true
11-16 15:43:37.712  4088 23004 D HwCommandQueue: CommandQueue, set Launcher StatusBar Color
11-16 15:43:37.720  4771  4771 I ViewRootImpl: dispatchDetachedFromWindow in doDie
11-16 15:43:37.727  4088 13407 I HwCommandQueue: updateBarBgColor
11-16 15:43:37.727  4088 13407 D HwCommandQueue: CommandQueue, setBarBackgroundColor
11-16 15:43:37.727  4088 13407 D HwCommandQueue: CommandQueue, set Launcher StatusBar Color
11-16 15:43:37.832  5932  5932 I ActivityThread: finishPreloaded preloadStatus 0
11-16 15:43:37.854  2010  5442 I chatty  : uid=1000(system) Binder:2010_12 expire 17 lines
11-16 15:43:37.871  5932  5983 D HwCustConnectivityManagerImpl: isBlockNetworkRequestByNonAis, INVALID_SUBSCRIPTION_ID
11-16 15:43:37.873  2010  3889 I chatty  : uid=1000(system) ConnectivitySer expire 13 lines
11-16 15:43:38.135  4667  4954 I chatty  : uid=1000(system) OllieAwareThrea expire 22 lines
11-16 15:43:38.287  2010  3941 I chatty  : uid=1000(system) Binder:2010_5 expire 33 lines
11-16 15:43:38.337  2010  2653 I chatty  : uid=1000(system) PowerManagerSer expire 83 lines
11-16 15:43:38.346  2010  2616 I chatty  : uid=1000(system) Binder:2010_1 expire 30 lines
11-16 15:43:38.616  1046  1131 I storaged: storaged_t::event: storage_info refreshed.
11-16 15:43:38.690  2010  3881 I chatty  : uid=1000(system) WifiP2pService expire 33 lines
11-16 15:43:39.052  2010  4209 I chatty  : uid=1000(system) Binder:2010_7 expire 19 lines
11-16 15:43:39.277  2010  2786 I chatty  : uid=1000(system) sManagerService expire 10 lines
11-16 15:43:39.664  2010  2748 I chatty  : uid=1000(system) Binder:2010_4 expire 13 lines
11-16 15:43:40.306  6019  6019 D ActivityThread: Attach thread to application
11-16 15:43:40.323  6019  6052 I ActivityThread: Init compatible state: false
11-16 15:43:40.327  6019  6019 I LoadedApk: makePaths: outLibPaths=[/system/app/HwSecureIME/lib/arm64, /system/lib64:/hw_product/lib64:/system/product/lib64]
11-16 15:43:40.344  6019  6019 I ActivityThread: finishPreloaded preloadStatus 0
11-16 15:43:42.315  4088 23004 D HwCommandQueue: CommandQueue, set Launcher StatusBar Color
11-16 15:43:42.342  4088  4588 D HwCommandQueue: CommandQueue, set Launcher StatusBar Color
11-16 15:43:42.367  4088 13407 D HwCommandQueue: CommandQueue, set Launcher StatusBar Color
11-16 15:43:42.485  4771  4771 I ViewRootImpl: dispatchDetachedFromWindow in doDie
11-16 15:43:42.497  4088  4588 I HwCommandQueue: updateBarBgColor
11-16 15:43:42.497  4088  4588 D HwCommandQueue: CommandQueue, setBarBackgroundColor
11-16 15:43:42.498  4088 23004 D HwCommandQueue: CommandQueue, set Launcher StatusBar Color
11-16 15:43:42.564  4088  4588 D HwCommandQueue: CommandQueue, set Launcher StatusBar Color
11-16 15:43:43.590  2010  2620 I chatty  : uid=1000(system) android.fg expire 13 lines
11-16 15:43:47.451  2010  6413 I chatty  : uid=1000(system) Binder:2010_1C expire 10 lines
11-16 15:43:49.154  4088  4588 D HwCommandQueue: CommandQueue, set Launcher StatusBar Color
11-16 15:43:49.400  2010  4209 I chatty  : uid=1000(system) Binder:2010_7 expire 10 lines
11-16 15:43:49.405  4667  4954 I chatty  : uid=1000(system) OllieAwareThrea expire 26 lines
11-16 15:43:49.653  2010  3881 I chatty  : uid=1000(system) WifiP2pService expire 51 lines
11-16 15:43:50.785  2010  3941 I chatty  : uid=1000(system) Binder:2010_5 expire 19 lines
11-16 15:43:50.788  4088  4773 D HwCommandQueue: CommandQueue, set Launcher StatusBar Color
11-16 15:43:50.796  4771  4771 I ViewRootImpl: dispatchDetachedFromWindow in doDie
11-16 15:43:50.805  4088  4588 I HwCommandQueue: updateBarBgColor
11-16 15:43:50.805  4088  4588 D HwCommandQueue: CommandQueue, setBarBackgroundColor
11-16 15:43:50.806  4088  4773 D HwCommandQueue: CommandQueue, set Launcher StatusBar Color
11-16 15:43:50.838  4088  4588 D HwCommandQueue: CommandQueue, set Launcher StatusBar Color
11-16 15:43:51.824  2010  5176 I chatty  : uid=1000(system) Binder:2010_10 expire 21 lines
11-16 15:43:51.838  2010  2624 I chatty  : uid=1000(system) android.anim expire 16 lines
11-16 15:43:52.116  2010  2616 I chatty  : uid=1000(system) Binder:2010_1 expire 13 lines
11-16 15:43:52.190  2010 11971 I chatty  : uid=1000(system) MobileQosDetect expire 12 lines
11-16 15:43:53.649  4088  4773 D HwCommandQueue: CommandQueue, set Launcher StatusBar Color
11-16 15:43:55.241  4088  4773 D HwCommandQueue: CommandQueue, set Launcher StatusBar Color
11-16 15:43:55.250  4771  4771 I ViewRootImpl: dispatchDetachedFromWindow in doDie
11-16 15:43:55.260  4088  4773 I HwCommandQueue: updateBarBgColor
11-16 15:43:55.260  4088  4773 D HwCommandQueue: CommandQueue, setBarBackgroundColor
11-16 15:43:55.261  4088  4588 D HwCommandQueue: CommandQueue, set Launcher StatusBar Color
11-16 15:43:55.281  4088  4588 D HwCommandQueue: CommandQueue, set Launcher StatusBar Color
11-16 15:44:01.252  2010  5443 I chatty  : uid=1000(system) Binder:2010_13 expire 15 lines
11-16 15:44:01.849  2010  2653 I chatty  : uid=1000(system) PowerManagerSer expire 42 lines
11-16 15:44:01.961  2010  2621 I chatty  : uid=1000(system) android.ui expire 24 lines
11-16 15:44:01.984  2010  2647 I chatty  : uid=1000(system) ActivityManager expire 17 lines
11-16 15:44:01.991 12369 12369 I ViewRootImpl: dispatchDetachedFromWindow in doDie
11-16 15:44:01.993  2010  5176 I chatty  : uid=1000(system) Binder:2010_10 expire 12 lines
11-16 15:44:02.100  2010  2624 I chatty  : uid=1000(system) android.anim expire 11 lines
11-16 15:44:02.174  2010  2633 I chatty  : uid=1000(system) HwActivityTaskM expire 10 lines
11-16 15:44:02.174  2010  3903 I chatty  : uid=1000(system) Thread-6 expire 22 lines
11-16 15:44:02.174  2010  2747 I chatty  : uid=1000(system) Binder:2010_3 expire 35 lines
11-16 15:44:02.181  2010  2623 I chatty  : uid=1000(system) android.display expire 23 lines
11-16 15:44:02.205  2010  2800 I chatty  : uid=1000(system) InputDispatcher expire 41 lines
11-16 15:44:02.216  2010  5442 I chatty  : uid=1000(system) Binder:2010_12 expire 10 lines
11-16 15:44:02.217  2010  2010 I chatty  : uid=1000(system) Binder:2010_F expire 14 lines
11-16 15:44:02.711  4667  4954 I chatty  : uid=1000(system) OllieAwareThrea expire 28 lines
11-16 15:44:04.074  4088 13407 D HwCommandQueue: CommandQueue, set Launcher StatusBar Color
11-16 15:44:05.327  4088  4588 D HwCommandQueue: CommandQueue, set Launcher StatusBar Color
11-16 15:44:05.333  4771  4771 I ViewRootImpl: dispatchDetachedFromWindow in doDie
11-16 15:44:05.341  4088 13407 I HwCommandQueue: updateBarBgColor
11-16 15:44:05.341  4088 13407 D HwCommandQueue: CommandQueue, setBarBackgroundColor
11-16 15:44:05.342  4088  4588 D HwCommandQueue: CommandQueue, set Launcher StatusBar Color
11-16 15:44:05.353  4088 13407 D HwCommandQueue: CommandQueue, set Launcher StatusBar Color
11-16 15:44:05.382  5282  6244 D HwCustConnectivityManagerImpl: isBlockNetworkRequestByNonAis, INVALID_SUBSCRIPTION_ID
11-16 15:44:05.384  5282  6244 D HwCustConnectivityManagerImpl: isBlockNetworkRequestByNonAis, INVALID_SUBSCRIPTION_ID
11-16 15:44:05.681  5282  5282 D HwCustConnectivityManagerImpl: isBlockNetworkRequestByNonAis, INVALID_SUBSCRIPTION_ID
11-16 15:44:05.899  2010  2748 I chatty  : uid=1000(system) Binder:2010_4 expire 11 lines
11-16 15:44:07.001  2010  3876 I chatty  : uid=1000(system) NetworkStats expire 36 lines
11-16 15:44:07.031  4771  4771 I ViewRootImpl: dispatchDetachedFromWindow in doDie
11-16 15:44:07.051  4088  4773 D HwCommandQueue: CommandQueue, set Launcher StatusBar Color
11-16 15:44:16.055  4088 13407 D HwCommandQueue: CommandQueue, set Launcher StatusBar Color
11-16 15:44:16.211  2010  5443 I chatty  : uid=1000(system) Binder:2010_13 expire 11 lines
11-16 15:44:17.046  4667  4954 I chatty  : uid=1000(system) OllieAwareThrea expire 30 lines
11-16 15:44:17.193  2010  5176 I chatty  : uid=1000(system) Binder:2010_10 expire 12 lines
11-16 15:44:17.681  2010  2624 I chatty  : uid=1000(system) android.anim expire 11 lines
11-16 15:44:18.183  2010  4605 I chatty  : uid=1000(system) Binder:2010_E expire 11 lines
11-16 15:44:18.577  2010  4209 I chatty  : uid=1000(system) Binder:2010_7 expire 10 lines
11-16 15:44:25.625  4771  4771 I ViewRootImpl: dispatchDetachedFromWindow in doDie
11-16 15:44:30.705  2010  3876 I chatty  : uid=1000(system) NetworkStats expire 18 lines
11-16 15:44:31.817  2010  2653 I chatty  : uid=1000(system) PowerManagerSer expire 10 lines
11-16 15:44:31.866  2010  6465 I chatty  : uid=1000(system) Binder:2010_20 expire 11 lines
11-16 15:44:31.870  4088  6833 D HwCommandQueue: CommandQueue, set Launcher StatusBar Color
11-16 15:44:31.947  4088  4588 D HwCommandQueue: CommandQueue, set Launcher StatusBar Color
11-16 15:44:32.405  4667  4954 I chatty  : uid=1000(system) OllieAwareThrea expire 24 lines
11-16 15:44:33.190  4771  4771 I ViewRootImpl: dispatchDetachedFromWindow in doDie
11-16 15:44:33.202  4088  4588 I HwCommandQueue: updateBarBgColor
11-16 15:44:33.202  4088  4588 D HwCommandQueue: CommandQueue, setBarBackgroundColor
11-16 15:44:33.203  4088  6833 D HwCommandQueue: CommandQueue, set Launcher StatusBar Color
11-16 15:44:33.517  2010  2624 I chatty  : uid=1000(system) android.anim expire 16 lines
11-16 15:44:35.466  4771  4771 I ViewRootImpl: dispatchDetachedFromWindow in doDie
11-16 15:44:35.473  2010  4605 I chatty  : uid=1000(system) Binder:2010_E expire 14 lines
11-16 15:44:37.078  2010  4209 I chatty  : uid=1000(system) Binder:2010_7 expire 10 lines
11-16 15:44:37.081  4088  4588 D HwCommandQueue: CommandQueue, set Launcher StatusBar Color
11-16 15:44:37.119  4088 13407 D HwCommandQueue: CommandQueue, set Launcher StatusBar Color
11-16 15:44:37.450  2010  4593 I chatty  : uid=1000(system) Binder:2010_D expire 30 lines
11-16 15:44:38.617  1046  1131 I storaged: storaged_t::event: storage_info refreshed.
11-16 15:44:39.051  2010  2752 I chatty  : uid=1000(system) UEventObserver expire 12 lines
11-16 15:44:44.243  2010 11971 I chatty  : uid=1000(system) MobileQosDetect expire 12 lines
11-16 15:44:44.480  4771  4771 I ViewRootImpl: dispatchDetachedFromWindow in doDie
11-16 15:44:44.489  2010  6390 I chatty  : uid=1000(system) Binder:2010_18 expire 19 lines
11-16 15:44:44.493  4088 13407 I HwCommandQueue: updateBarBgColor
11-16 15:44:44.493  4088 13407 D HwCommandQueue: CommandQueue, setBarBackgroundColor
11-16 15:44:44.494  2010  2621 I chatty  : uid=1000(system) android.ui expire 17 lines
11-16 15:44:44.494  4088  6833 D HwCommandQueue: CommandQueue, set Launcher StatusBar Color
11-16 15:44:44.693  4667  4954 I chatty  : uid=1000(system) OllieAwareThrea expire 28 lines
11-16 15:44:46.737  4771  4771 I ViewRootImpl: dispatchDetachedFromWindow in doDie
11-16 15:44:54.064  2010  2653 I chatty  : uid=1000(system) PowerManagerSer expire 75 lines
11-16 15:44:54.113  4088  4773 D HwCommandQueue: CommandQueue, set Launcher StatusBar Color
11-16 15:44:54.148  4088 13407 D HwCommandQueue: CommandQueue, set Launcher StatusBar Color
11-16 15:44:54.791  2010  2620 I chatty  : uid=1000(system) android.fg expire 12 lines
11-16 15:44:55.284  2010  6390 I chatty  : uid=1000(system) Binder:2010_18 expire 35 lines
11-16 15:44:55.380  2010  2785 I chatty  : uid=1000(system) HwSideVibration expire 28 lines
11-16 15:44:55.395  2010  3904 I chatty  : uid=1000(system) AudioService expire 14 lines
11-16 15:44:55.422  2010  4593 I chatty  : uid=1000(system) Binder:2010_D expire 10 lines
11-16 15:44:55.482  2010  2624 I chatty  : uid=1000(system) android.anim expire 61 lines
11-16 15:44:55.715  2010  4605 I chatty  : uid=1000(system) Binder:2010_E expire 12 lines
11-16 15:44:57.758  2010  2010 I chatty  : uid=1000(system) Binder:2010_F expire 21 lines
11-16 15:44:58.829  4088  4088 I ViewRootImpl: dispatchDetachedFromWindow in doDie
11-16 15:44:59.031  4667  4954 I chatty  : uid=1000(system) OllieAwareThrea expire 9 lines
11-16 15:44:59.173  4088  4088 I ViewRootImpl: dispatchDetachedFromWindow in doDie
11-16 15:45:02.789  2010  2747 I chatty  : uid=1000(system) Binder:2010_3 expire 42 lines
11-16 15:45:02.830  2010  3889 I chatty  : uid=1000(system) ConnectivitySer expire 50 lines
11-16 15:45:02.831  2010  6388 I chatty  : uid=1000(system) Binder:2010_17 expire 21 lines
11-16 15:45:02.833  9372  9372 D ActivityThread: Won't deliver top position change in state=5
11-16 15:45:02.848  4667  4667 I chatty  : uid=1000(system) com.huawei.systemserver expire 1 line
11-16 15:45:02.855  2010  5176 I chatty  : uid=1000(system) Binder:2010_10 expire 12 lines
11-16 15:45:02.875  9372  9372 I RtgSchedEvent: current pid:9372 AppType:28
11-16 15:45:02.878  9372  9372 I ActivityThread: Handle window ActivityRecord{987fcd4 token=android.os.BinderProxy@1d5be79 {com.huawei.android.launcher/com.huawei.android.launcher.unihome.UniHomeLauncher}} visibility: true
11-16 15:45:02.901  4667  4954 I chatty  : uid=1000(system) OllieAwareThrea expire 16 lines
11-16 15:45:02.912  2010  6392 I chatty  : uid=1000(system) Binder:2010_19 expire 3 lines
11-16 15:45:02.928  2010  4211 I chatty  : uid=1000(system) Binder:2010_9 expire 29 lines
11-16 15:45:02.929  2010  6387 I chatty  : uid=1000(system) Binder:2010_16 expire 21 lines
11-16 15:45:02.941  2010  2617 I chatty  : uid=1000(system) Binder:2010_2 expire 13 lines
11-16 15:45:02.959  2010  4213 I chatty  : uid=1000(system) Binder:2010_A expire 11 lines
11-16 15:45:02.966  2010  6453 I chatty  : uid=1000(system) Binder:2010_1F expire 14 lines
11-16 15:45:02.966  4439  5394 I HwNetworkPolicyManager: getHwUidPolicy uid = 10096 policy = 0
11-16 15:45:02.971  4667  4736 I chatty  : uid=1000(system) Binder:4667_3 expire 1 line
11-16 15:45:02.973  4088  7340 D HwCommandQueue: CommandQueue, set Launcher StatusBar Color
11-16 15:45:02.974  4667  4954 I chatty  : uid=1000(system) OllieAwareThrea expire 40 lines
11-16 15:45:03.024  4088  6833 I HwCommandQueue: updateBarBgColor
11-16 15:45:03.024  4088  6833 D HwCommandQueue: CommandQueue, setBarBackgroundColor
11-16 15:45:03.024  4088  6833 D HwCommandQueue: CommandQueue, set Launcher StatusBar Color
11-16 15:45:03.105  2010  2633 I chatty  : uid=1000(system) HwActivityTaskM expire 10 lines
11-16 15:45:03.113  2010  3903 I chatty  : uid=1000(system) Thread-6 expire 17 lines
11-16 15:45:03.118  2010  6610 I chatty  : uid=1000(system) Binder:2010_F expire 2 lines
11-16 15:45:03.139  6611  6611 D ActivityThread: Attach thread to application
11-16 15:45:03.150  6611  6630 I ActivityThread: Init compatible state: true
11-16 15:45:03.158  4088 23004 D HwCommandQueue: CommandQueue, set Launcher StatusBar Color
11-16 15:45:03.166  2010  2786 I chatty  : uid=1000(system) sManagerService expire 11 lines
11-16 15:45:03.168  2010  4177 I chatty  : uid=1000(system) Binder:2010_6 expire 12 lines
11-16 15:45:03.173  4439  4643 I HwNetworkPolicyManager: getHwUidPolicy uid = 10231 policy = 0
11-16 15:45:03.312  6611  6695 D HwCustConnectivityManagerImpl: isBlockNetworkRequestByNonAis, INVALID_SUBSCRIPTION_ID
11-16 15:45:03.404  6611  6735 W SystemConfig: No directory /product_services/etc/sysconfig, skipping
11-16 15:45:03.404  6611  6735 W SystemConfig: No directory /product_services/etc/permissions, skipping
11-16 15:45:03.404  6611  6735 W SystemConfig: No directory /system/emui/base/sysconfig, skipping
11-16 15:45:03.405  6611  6735 W SystemConfig: No directory /system/emui/china/sysconfig, skipping
11-16 15:45:03.405  6611  6735 W SystemConfig: No directory /vendor/etc/sysconfig, skipping
11-16 15:45:03.409  6611  6735 W SystemConfig: No directory /odm/cust/all/cn/sysconfig, skipping
11-16 15:45:03.409  6611  6735 W SystemConfig: No directory /odm/cust/all/cn/permissions, skipping
11-16 15:45:03.409  6611  6735 W SystemConfig: No directory /odm/etc/sysconfig, skipping
11-16 15:45:03.409  6611  6735 W SystemConfig: No directory /odm/hw_odm/LIO-AN00/sysconfig, skipping
11-16 15:45:03.410  6611  6735 W SystemConfig: No directory /odm/hw_odm/LIO-AN00/permissions, skipping
11-16 15:45:03.410  6611  6735 W SystemConfig: No directory /hw_product/etc/sysconfig, skipping
11-16 15:45:03.411  6611  6735 W SystemConfig: No directory /hw_product/region_comm/china/sysconfig, skipping
11-16 15:45:03.412  6611  6735 W SystemConfig: No directory /preas/china/sysconfig, skipping
11-16 15:45:03.412  6611  6735 W SystemConfig: No directory /hw_product/hw_oem/LIO-AN00/sysconfig, skipping
11-16 15:45:03.412  6611  6735 W SystemConfig: No directory /hw_product/hw_oem/LIO-AN00/permissions, skipping
11-16 15:45:03.412  6611  6735 W SystemConfig: No directory /preload/LIO-AN00/all/cn/sysconfig, skipping
11-16 15:45:03.412  6611  6735 W SystemConfig: No directory /cust/global/sysconfig, skipping
11-16 15:45:03.412  6611  6735 W SystemConfig: No directory /cust/global/permissions, skipping
11-16 15:45:03.413  6611  6735 W SystemConfig: No directory /cust/hw/cn/sysconfig, skipping
11-16 15:45:03.413  6611  6735 W SystemConfig: No directory /cust/hw/cn/permissions, skipping
11-16 15:45:03.413  6611  6735 W SystemConfig: No directory /version/cust/all/cn/sysconfig, skipping
11-16 15:45:03.413  6611  6735 W SystemConfig: No directory /hw_product/special_cust/LIO-AN00/all/cn/sysconfig, skipping
11-16 15:45:03.413  6611  6735 W SystemConfig: No directory /hw_product/special_cust/LIO-AN00/all/cn/permissions, skipping
11-16 15:45:03.413  6611  6735 W SystemConfig: No directory /version/special_cust/LIO-AN00/all/cn/sysconfig, skipping
11-16 15:45:03.413  6611  6735 W SystemConfig: No directory /version/special_cust/LIO-AN00/all/cn/permissions, skipping
11-16 15:45:03.413  6611  6735 W SystemConfig: No directory /cust/cotalite/sysconfig, skipping
11-16 15:45:03.413  6611  6735 W SystemConfig: No directory /cust/cotalite/permissions, skipping
11-16 15:45:03.413  6611  6735 W SystemConfig: No directory /cust/ecota/sysconfig, skipping
11-16 15:45:03.413  6611  6735 W SystemConfig: No directory /cust/ecota/permissions, skipping
11-16 15:45:03.413  6611  6767 W FileUtils: Failed to chmod(/data/user/0/com.tencent.mm/app_tbs): android.system.ErrnoException: chmod failed: EACCES (Permission denied)
11-16 15:45:03.414  6611  6767 W FileUtils: Failed to chmod(/data/user/0/com.tencent.mm/app_tbs_common_share): android.system.ErrnoException: chmod failed: EACCES (Permission denied)
11-16 15:45:03.429  6611  6767 W FileUtils: Failed to chmod(/data/user/0/com.tencent.mobileqq/app_tbs): android.system.ErrnoException: chmod failed: EACCES (Permission denied)
11-16 15:45:03.429  6611  6767 W FileUtils: Failed to chmod(/data/user/0/com.tencent.mobileqq/app_tbs_common_share): android.system.ErrnoException: chmod failed: EACCES (Permission denied)
11-16 15:45:03.434  6611  6611 I ActivityThread: finishPreloaded preloadStatus 0
11-16 15:45:03.434  6611  6611 I RtgSchedEvent: current pid:6611 AppType:7
11-16 15:45:03.448  6611  6611 V ActivityThread: callActivityOnCreate
11-16 15:45:03.481  6788  6788 D ActivityThread: Attach thread to application
11-16 15:45:03.492  6788  6817 I ActivityThread: Init compatible state: true
11-16 15:45:03.526  6611  6611 D ActivityThread: add activity client record, r= ActivityRecord{2e326ec token=android.os.BinderProxy@a61453c {cn.missevan/cn.missevan.activity.MainActivity}} token= android.os.BinderProxy@a61453c
11-16 15:45:03.611  6611  6611 I RtgSchedEvent: current pid:6611 AppType:7
11-16 15:45:03.646  4088 23004 I HwCommandQueue: updateBarBgColor
11-16 15:45:03.646  4088 23004 D HwCommandQueue: CommandQueue, setBarBackgroundColor
11-16 15:45:03.648  4088  6833 D HwCommandQueue: CommandQueue, set Launcher StatusBar Color
11-16 15:45:03.695  6905  6905 D ActivityThread: Attach thread to application
11-16 15:45:03.710  6905  6934 I ActivityThread: Init compatible state: true
11-16 15:45:03.726  6611  6611 D HwCustConnectivityManagerImpl: isBlockNetworkRequestByNonAis, INVALID_SUBSCRIPTION_ID
11-16 15:45:03.727  6611  6611 D HwCustConnectivityManagerImpl: isBlockNetworkRequestByNonAis, INVALID_SUBSCRIPTION_ID
11-16 15:45:03.759  6788  6788 I ActivityThread: finishPreloaded preloadStatus 0
11-16 15:45:03.768  2010  6465 I chatty  : uid=1000(system) Binder:2010_20 expire 20 lines
11-16 15:45:03.783  6611  6982 D HwCustConnectivityManagerImpl: isBlockNetworkRequestByNonAis, INVALID_SUBSCRIPTION_ID
11-16 15:45:03.787  6611  6982 D HwCustConnectivityManagerImpl: isBlockNetworkRequestByNonAis, INVALID_SUBSCRIPTION_ID
11-16 15:45:03.812  6611  6834 E ActivityThread: Failed to find provider info for com.vivo.push.sdk.service.SystemPushConfig
11-16 15:45:03.880  2010  3941 I chatty  : uid=1000(system) Binder:2010_5 expire 8 lines
11-16 15:45:03.912  6905  6905 I ActivityThread: finishPreloaded preloadStatus 0
11-16 15:45:04.055  6788  7081 D HwCustConnectivityManagerImpl: isBlockNetworkRequestByNonAis, INVALID_SUBSCRIPTION_ID
11-16 15:45:04.058  6788  7081 D HwCustConnectivityManagerImpl: isBlockNetworkRequestByNonAis, INVALID_SUBSCRIPTION_ID
11-16 15:45:06.055  2010  2781 I chatty  : uid=1000(system) AlarmManager expire 10 lines
11-16 15:45:06.283  7160  7160 D ActivityThread: Attach thread to application
11-16 15:45:06.295  7160  7185 I ActivityThread: Init compatible state: true
11-16 15:45:06.517  7160  7160 I ActivityThread: finishPreloaded preloadStatus 0
11-16 15:45:09.333  6611  6611 D HwCustConnectivityManagerImpl: isBlockNetworkRequestByNonAis, INVALID_SUBSCRIPTION_ID
11-16 15:45:09.691  2010  2621 I chatty  : uid=1000(system) android.ui expire 15 lines
11-16 15:45:09.692  4088 23004 D HwCommandQueue: CommandQueue, set Launcher StatusBar Color
11-16 15:45:13.404  7314  7314 D ActivityThread: Attach thread to application
11-16 15:45:13.415  7314  7332 I ActivityThread: Init compatible state: true
11-16 15:45:13.702  7314  7314 I ActivityThread: finishPreloaded preloadStatus 0
11-16 15:45:13.748  7314  7362 D HwCustConnectivityManagerImpl: isBlockNetworkRequestByNonAis, INVALID_SUBSCRIPTION_ID
11-16 15:45:13.848  4667  4954 I chatty  : uid=1000(system) OllieAwareThrea expire 24 lines
11-16 15:45:14.175  2010  2653 I chatty  : uid=1000(system) PowerManagerSer expire 74 lines
11-16 15:45:15.178  2010  6453 I chatty  : uid=1000(system) Binder:2010_1F expire 19 lines
11-16 15:45:15.339  6611  6611 W HwApsManager: HwApsManagerService, registerCallback, start !
11-16 15:45:15.341  2010  6465 I chatty  : uid=1000(system) Binder:2010_20 expire 67 lines
11-16 15:45:15.928  4088 23004 D HwCommandQueue: CommandQueue, set Launcher StatusBar Color
11-16 15:45:15.967  4088 23004 D HwCommandQueue: CommandQueue, set Launcher StatusBar Color
11-16 15:45:17.186  2010  3881 I chatty  : uid=1000(system) WifiP2pService expire 48 lines
11-16 15:45:17.919  2010  3903 I chatty  : uid=1000(system) Thread-6 expire 32 lines
11-16 15:45:17.932  2010  3889 I chatty  : uid=1000(system) ConnectivitySer expire 45 lines
11-16 15:45:17.938  2010  2617 I chatty  : uid=1000(system) Binder:2010_2 expire 16 lines
11-16 15:45:17.943  2010  4177 I chatty  : uid=1000(system) Binder:2010_6 expire 9 lines
11-16 15:45:17.946  2010  2633 I chatty  : uid=1000(system) HwActivityTaskM expire 15 lines
11-16 15:45:17.949  9372  9372 D ActivityThread: Won't deliver top position change in state=5
11-16 15:45:17.952  9372  9372 I ActivityThread: Handle window ActivityRecord{987fcd4 token=android.os.BinderProxy@1d5be79 {com.huawei.android.launcher/com.huawei.android.launcher.unihome.UniHomeLauncher}} visibility: true
11-16 15:45:17.954  2010  4605 I chatty  : uid=1000(system) Binder:2010_E expire 10 lines
11-16 15:45:17.973  2010  5456 I chatty  : uid=1000(system) Binder:2010_14 expire 18 lines
11-16 15:45:17.985  2010  2624 I chatty  : uid=1000(system) android.anim expire 39 lines
11-16 15:45:17.987  9372  9372 I RtgSchedEvent: current pid:9372 AppType:28
11-16 15:45:17.999  2010  5549 I chatty  : uid=1000(system) Binder:2010_15 expire 51 lines
11-16 15:45:18.000  2010  2010 I chatty  : uid=1000(system) Binder:2010_F expire 23 lines
11-16 15:45:18.002  4667  4667 I chatty  : uid=1000(system) com.huawei.systemserver expire 1 line
11-16 15:45:18.027  4667  4954 I chatty  : uid=1000(system) OllieAwareThrea expire 3 lines
11-16 15:45:18.028  4667  6426 I chatty  : uid=1000(system) Binder:4667_6 expire 1 line
11-16 15:45:18.029  2010  2623 I chatty  : uid=1000(system) android.display expire 32 lines
11-16 15:45:18.030  4088 23004 D HwCommandQueue: CommandQueue, set Launcher StatusBar Color
11-16 15:45:18.031  2010  2647 I chatty  : uid=1000(system) ActivityManager expire 10 lines
11-16 15:45:18.032  4667  4954 I chatty  : uid=1000(system) OllieAwareThrea expire 19 lines
11-16 15:45:18.081  4088  6833 I HwCommandQueue: updateBarBgColor
11-16 15:45:18.081  4088  6833 D HwCommandQueue: CommandQueue, setBarBackgroundColor
11-16 15:45:18.083  4088  6833 D HwCommandQueue: CommandQueue, set Launcher StatusBar Color
11-16 15:45:18.094  4439  4643 I HwNetworkPolicyManager: getHwUidPolicy uid = 10096 policy = 0
11-16 15:45:18.273  2010  7434 I chatty  : uid=1000(system) Binder:2010_F expire 2 lines
11-16 15:45:18.297  7435  7435 D ActivityThread: Attach thread to application
11-16 15:45:18.299  2010  2747 I chatty  : uid=1000(system) Binder:2010_3 expire 32 lines
11-16 15:45:18.307  7435  7455 I ActivityThread: Init compatible state: true
11-16 15:45:18.314  4088 23004 D HwCommandQueue: CommandQueue, set Launcher StatusBar Color
11-16 15:45:18.333  4439  4643 I HwNetworkPolicyManager: getHwUidPolicy uid = 10231 policy = 0
11-16 15:45:18.356  2010  3876 I chatty  : uid=1000(system) NetworkStats expire 10 lines
11-16 15:45:18.464  7435  7512 D HwCustConnectivityManagerImpl: isBlockNetworkRequestByNonAis, INVALID_SUBSCRIPTION_ID
11-16 15:45:18.551  7435  7559 W SystemConfig: No directory /product_services/etc/sysconfig, skipping
11-16 15:45:18.551  7435  7559 W SystemConfig: No directory /product_services/etc/permissions, skipping
11-16 15:45:18.552  7435  7559 W SystemConfig: No directory /system/emui/base/sysconfig, skipping
11-16 15:45:18.552  7435  7559 W SystemConfig: No directory /system/emui/china/sysconfig, skipping
11-16 15:45:18.552  7435  7559 W SystemConfig: No directory /vendor/etc/sysconfig, skipping
11-16 15:45:18.559  7435  7559 W SystemConfig: No directory /odm/cust/all/cn/sysconfig, skipping
11-16 15:45:18.559  7435  7559 W SystemConfig: No directory /odm/cust/all/cn/permissions, skipping
11-16 15:45:18.559  7435  7559 W SystemConfig: No directory /odm/etc/sysconfig, skipping
11-16 15:45:18.560  7435  7559 W SystemConfig: No directory /odm/hw_odm/LIO-AN00/sysconfig, skipping
11-16 15:45:18.560  7435  7559 W SystemConfig: No directory /odm/hw_odm/LIO-AN00/permissions, skipping
11-16 15:45:18.560  7435  7559 W SystemConfig: No directory /hw_product/etc/sysconfig, skipping
11-16 15:45:18.561  7435  7559 W SystemConfig: No directory /hw_product/region_comm/china/sysconfig, skipping
11-16 15:45:18.562  7435  7559 W SystemConfig: No directory /preas/china/sysconfig, skipping
11-16 15:45:18.562  7435  7559 W SystemConfig: No directory /hw_product/hw_oem/LIO-AN00/sysconfig, skipping
11-16 15:45:18.562  7435  7559 W SystemConfig: No directory /hw_product/hw_oem/LIO-AN00/permissions, skipping
11-16 15:45:18.562  7435  7559 W SystemConfig: No directory /preload/LIO-AN00/all/cn/sysconfig, skipping
11-16 15:45:18.562  7435  7559 W SystemConfig: No directory /cust/global/sysconfig, skipping
11-16 15:45:18.562  7435  7559 W SystemConfig: No directory /cust/global/permissions, skipping
11-16 15:45:18.562  7435  7559 W SystemConfig: No directory /cust/hw/cn/sysconfig, skipping
11-16 15:45:18.562  7435  7559 W SystemConfig: No directory /cust/hw/cn/permissions, skipping
11-16 15:45:18.562  7435  7559 W SystemConfig: No directory /version/cust/all/cn/sysconfig, skipping
11-16 15:45:18.562  7435  7559 W SystemConfig: No directory /hw_product/special_cust/LIO-AN00/all/cn/sysconfig, skipping
11-16 15:45:18.563  7435  7559 W SystemConfig: No directory /hw_product/special_cust/LIO-AN00/all/cn/permissions, skipping
11-16 15:45:18.563  7435  7559 W SystemConfig: No directory /version/special_cust/LIO-AN00/all/cn/sysconfig, skipping
11-16 15:45:18.563  7435  7559 W SystemConfig: No directory /version/special_cust/LIO-AN00/all/cn/permissions, skipping
11-16 15:45:18.563  7435  7559 W SystemConfig: No directory /cust/cotalite/sysconfig, skipping
11-16 15:45:18.563  7435  7559 W SystemConfig: No directory /cust/cotalite/permissions, skipping
11-16 15:45:18.563  7435  7559 W SystemConfig: No directory /cust/ecota/sysconfig, skipping
11-16 15:45:18.563  7435  7559 W SystemConfig: No directory /cust/ecota/permissions, skipping
11-16 15:45:18.574  7435  7592 W FileUtils: Failed to chmod(/data/user/0/com.tencent.mm/app_tbs): android.system.ErrnoException: chmod failed: EACCES (Permission denied)
11-16 15:45:18.577  7435  7592 W FileUtils: Failed to chmod(/data/user/0/com.tencent.mm/app_tbs_common_share): android.system.ErrnoException: chmod failed: EACCES (Permission denied)
11-16 15:45:18.585  7435  7435 I ActivityThread: finishPreloaded preloadStatus 0
11-16 15:45:18.586  7435  7435 I RtgSchedEvent: current pid:7435 AppType:7
11-16 15:45:18.595  7435  7592 W FileUtils: Failed to chmod(/data/user/0/com.tencent.mobileqq/app_tbs): android.system.ErrnoException: chmod failed: EACCES (Permission denied)
11-16 15:45:18.597  7435  7592 W FileUtils: Failed to chmod(/data/user/0/com.tencent.mobileqq/app_tbs_common_share): android.system.ErrnoException: chmod failed: EACCES (Permission denied)
11-16 15:45:18.611  7435  7435 V ActivityThread: callActivityOnCreate
11-16 15:45:18.618  7614  7614 D ActivityThread: Attach thread to application
11-16 15:45:18.640  7614  7642 I ActivityThread: Init compatible state: true
11-16 15:45:18.681  7435  7435 D ActivityThread: add activity client record, r= ActivityRecord{ff4f33e token=android.os.BinderProxy@10cf641 {cn.missevan/cn.missevan.activity.MainActivity}} token= android.os.BinderProxy@10cf641
11-16 15:45:18.768  7435  7435 I RtgSchedEvent: current pid:7435 AppType:7
11-16 15:45:18.822  7435  7435 D HwCustConnectivityManagerImpl: isBlockNetworkRequestByNonAis, INVALID_SUBSCRIPTION_ID
11-16 15:45:18.823  7435  7435 D HwCustConnectivityManagerImpl: isBlockNetworkRequestByNonAis, INVALID_SUBSCRIPTION_ID
11-16 15:45:18.843  2010  2616 I chatty  : uid=1000(system) Binder:2010_1 expire 10 lines
11-16 15:45:18.848  7614  7614 I ActivityThread: finishPreloaded preloadStatus 0
11-16 15:45:18.852  4088 13407 I HwCommandQueue: updateBarBgColor
11-16 15:45:18.852  4088 13407 D HwCommandQueue: CommandQueue, setBarBackgroundColor
11-16 15:45:18.852  4088  7340 D HwCommandQueue: CommandQueue, set Launcher StatusBar Color
11-16 15:45:18.911  7750  7750 D ActivityThread: Attach thread to application
11-16 15:45:18.914  7435  7772 D HwCustConnectivityManagerImpl: isBlockNetworkRequestByNonAis, INVALID_SUBSCRIPTION_ID
11-16 15:45:18.918  4667  4954 I SmartDualCardConfig: getAppType,pkgName=com.huawei.android.launcher,appType=28
11-16 15:45:18.918  4667  4954 E SmartDualCardConfig: isAppInBlackList false,items==null
11-16 15:45:18.918  4667  4954 E ScgQuickAddManager: uidInfo.isForeGroundUid() is false
11-16 15:45:18.918  7435  7772 D HwCustConnectivityManagerImpl: isBlockNetworkRequestByNonAis, INVALID_SUBSCRIPTION_ID
11-16 15:45:18.930  7435  7659 E ActivityThread: Failed to find provider info for com.vivo.push.sdk.service.SystemPushConfig
11-16 15:45:18.935  7750  7773 I ActivityThread: Init compatible state: true
11-16 15:45:19.124  7750  7750 I ActivityThread: finishPreloaded preloadStatus 0
11-16 15:45:19.202  7614  7864 D HwCustConnectivityManagerImpl: isBlockNetworkRequestByNonAis, INVALID_SUBSCRIPTION_ID
11-16 15:45:19.204  7614  7864 D HwCustConnectivityManagerImpl: isBlockNetworkRequestByNonAis, INVALID_SUBSCRIPTION_ID
11-16 15:45:19.799  4667  4954 E BoosterUtil: convertSubIdToSlotId failed, subId:0, slotId:-1
11-16 15:45:19.799  4667  4954 E BoosterUtil: getDefaultDataSlotId failed, invalid slotId:-1, subId:0
11-16 15:45:20.386  9372  9372 I ActivityThread: Handle window ActivityRecord{987fcd4 token=android.os.BinderProxy@1d5be79 {com.huawei.android.launcher/com.huawei.android.launcher.unihome.UniHomeLauncher}} visibility: true
11-16 15:45:20.434  4439  4654 I HwNetworkPolicyManager: getHwUidPolicy uid = 10096 policy = 0
11-16 15:45:20.822  4667  4954 E BoosterUtil: convertSubIdToSlotId failed, subId:0, slotId:-1
11-16 15:45:20.822  4667  4954 E BoosterUtil: getDefaultDataSlotId failed, invalid slotId:-1, subId:0
11-16 15:45:20.990  9372  9372 I RtgSchedEvent: current pid:9372 AppType:28
11-16 15:45:21.018  2010  2640 I chatty  : uid=1000(system) ActivityManager expire 10 lines
11-16 15:45:21.024  4667  4954 I UidCloseNrStateMachine: setConfigValue, appConfig is AppConfig packageName:None mPeriodM:5 mPeriodN:3 mThresholdX:32000 mThresholdY:56000 mTimerA:30 mTimerB:30 mCloseNrCount:7 mLteQoeTimerA:10 mLteQoeCloseNrCnt:4 mLteQoeOpenNrCnt:4
11-16 15:45:21.025  4667  4954 I UidCloseNrStateMachine: UID hot switch, uid:10096, pkgName:com.huawei.android.launcher
11-16 15:45:21.025  4667  4954 I NetworkQoeChr: checkForegroundApp timer start
11-16 15:45:21.025  4667  4954 I NetworkQoeChr: end qoe report
11-16 15:45:21.026  4667  4954 E Booster_BroadcastProxy: [isDataOn]isDataOn failed, invalid slotId=-1
11-16 15:45:21.028  4667  4954 I SmartDualCardConfig: getAppType,pkgName=com.huawei.android.launcher,appType=28
11-16 15:45:21.028  4667  4954 E SmartDualCardConfig: isAppInBlackList false,items==null
11-16 15:45:21.028  4667  4954 I BoosterProps: isCloudPropEnable, propName is:hw_sc.tx_power_ctrl, propValue is:false, default value is:false
11-16 15:45:21.028  4667  4954 I PowerMsgAdapter: UID hot switch, uid:10096, pkgName:com.huawei.android.launcher
11-16 15:45:21.028  4667  4954 E Booster_MatterAppRecommend: [isMatterPackage]invalid mMatterPackagesConfig
11-16 15:45:21.033  4667  4954 E BoosterUtil: convertSubIdToSlotId failed, subId:0, slotId:-1
11-16 15:45:21.033  4667  4954 E BoosterUtil: getDefaultDataSlotId failed, invalid slotId:-1, subId:0
11-16 15:45:21.033  4667  4954 I BoosterProps: isCloudPropEnable, propName is:hw_sc.sa_4r_2r_handover, propValue is:true, default value is:false
11-16 15:45:21.033  4667  4954 I Power2r4rHandover: 4rTo2rCondition, usbStatus = true, foreGrountApp = com.huawei.android.launcher, 4rTo2rCtrlRule = 1, is4rTo2rCheck = true, batteryMode = 1, mIs4r2rHandover = false
11-16 15:45:21.037  4088 13407 I HwCommandQueue: updateBarBgColor
11-16 15:45:21.037  4088 13407 D HwCommandQueue: CommandQueue, setBarBackgroundColor
11-16 15:45:21.037  2010  2621 I chatty  : uid=1000(system) android.ui expire 19 lines
11-16 15:45:21.037  4088 13407 D HwCommandQueue: CommandQueue, set Launcher StatusBar Color
11-16 15:45:21.048  4667  4954 I HidataAppQoeP: foregroundUidRemove uid: 10231 name: cn.missevan
11-16 15:45:21.048  4667  4954 E Booster_NetworkQoe: [checkModemParaCollecEnable]sendModemParaCollecEnable invalid defaultDataSlotId=-1
11-16 15:45:21.050  4667  4954 I SmartDualCardConfig: getAppType,pkgName=cn.missevan,appType=7
11-16 15:45:21.050  4667  4954 E SmartDualCardConfig: isAppInBlackList false,items==null
11-16 15:45:21.051  4667  4954 E ScgQuickAddManager: uidInfo.isForeGroundUid() is false
11-16 15:45:21.078  2010  6414 I chatty  : uid=1000(system) Binder:2010_1D expire 22 lines
11-16 15:45:21.081  2010  2786 I chatty  : uid=1000(system) sManagerService expire 10 lines
11-16 15:45:21.364  2010  2641 I chatty  : uid=1000(system) ActivityManager expire 10 lines
