07-08 18:24:09.742 15193 15514 D CronetEngine: exception: null
07-08 18:24:09.747  1000  1000 D CompositionEngine: writeOutputDependentGeometryStateToHWC layer[cn.missevan/cn.missevan.activity.MainActivity#0] set Z 134217728 miFodLayer 134217728
07-08 18:24:09.747  1000  1000 D CompositionEngine: writeOutputDependentGeometryStateToHWC layer[Dim Layer for - Task=1976#0] set Z 134217729 miFodLayer 134217728
07-08 18:24:09.747  1000  1000 D CompositionEngine: writeOutputDependentGeometryStateToHWC layer[cn.missevan/cn.missevan.activity.MainActivity#1] set Z 134217730 miFodLayer 134217728
07-08 18:24:09.747  1000  1000 D CompositionEngine: writeOutputDependentGeometryStateToHWC layer[#0] set Z 134217731 miFodLayer 134217728
07-08 18:24:09.747  1000  1000 D CompositionEngine: writeOutputDependentGeometryStateToHWC layer[StatusBar#0] set Z 134217732 miFodLayer 134217728
07-08 18:24:09.747  1000  1000 D CompositionEngine: writeOutputDependentGeometryStateToHWC layer[Sprite#3] set Z 134217733 miFodLayer 134217728
07-08 18:24:09.747  1000  1000 D CompositionEngine: writeOutputDependentGeometryStateToHWC layer[RoundCorner#0] set Z 134217734 miFodLayer 134217728
07-08 18:24:09.747  1000  1000 D CompositionEngine: writeOutputDependentGeometryStateToHWC layer[RoundCorner#1] set Z 134217735 miFodLayer 134217728
07-08 18:24:09.749  1969  2374 D MIUIInput: [MotionEvent] notifyMotion - eventTime=282428314619000, deviceId=3, source=0x1002, policyFlags=0x0, action=0x1, flags=0x0, downTime=282428137625000, moveCount:12
07-08 18:24:09.749  1969  2373 W InputDispatcher: checkSynergyInfo mode:0 info:0 0, id:-1
07-08 18:24:09.749  1969  2373 D MIUIInput: [MotionEvent] publisher action=0x1, 282428314, channel '58c81d7 cn.missevan/cn.missevan.activity.MainActivity (server)'
07-08 18:24:09.750 15193 15193 D MIUIInput: [MotionEvent] ViewRootImpl { action=ACTION_UP, id[0]=0, pointerCount=1, eventTime=282428314, downTime=282428137 } moveCount:7
07-08 18:24:09.751  1969  2131 E PointerController: [doFadingAnimationLocked:632]
07-08 18:24:09.751  1969  2131 E PointerController: [updatePointerLocked:811] mLocked.pointerIconChanged = 0
07-08 18:24:09.751  1969  2131 E PointerController: [updatePointerLocked:812] mLocked.presentationChanged = 0
07-08 18:24:09.751  1969  2131 E PointerController: [updatePointerLocked:813] mLocked.presentation = 3
07-08 18:24:09.751  1969  2131 E PointerController: [updatePointerLocked:814] mLocked.requestedPointerType = 1000
07-08 18:24:09.758  1969  3302 D MIUIInput: [FoucsChange]: Display  0 FocusedWindow From Window{58c81d7 mode=1 rootTaskId=1976 u0 cn.missevan/cn.missevan.activity.MainActivity}(1,1)  to null(0,0)
07-08 18:24:09.758  1000  1000 D CompositionEngine: writeOutputDependentGeometryStateToHWC layer[cn.missevan/cn.missevan.activity.MainActivity#0] set Z 134217728 miFodLayer 134217728
07-08 18:24:09.758  1000  1000 D CompositionEngine: writeOutputDependentGeometryStateToHWC layer[Dim Layer for - Task=1976#0] set Z 134217729 miFodLayer 134217728
07-08 18:24:09.758  1000  1000 D CompositionEngine: writeOutputDependentGeometryStateToHWC layer[cn.missevan/cn.missevan.activity.MainActivity#1] set Z 134217730 miFodLayer 134217728
07-08 18:24:09.758  1000  1000 D CompositionEngine: writeOutputDependentGeometryStateToHWC layer[#0] set Z 134217731 miFodLayer 134217728
07-08 18:24:09.758  1000  1000 D CompositionEngine: writeOutputDependentGeometryStateToHWC layer[StatusBar#0] set Z 134217732 miFodLayer 134217728
07-08 18:24:09.758  1000  1000 D CompositionEngine: writeOutputDependentGeometryStateToHWC layer[Sprite#3] set Z 134217733 miFodLayer 134217728
07-08 18:24:09.758  1000  1000 D CompositionEngine: writeOutputDependentGeometryStateToHWC layer[RoundCorner#0] set Z 134217734 miFodLayer 134217728
07-08 18:24:09.758  1000  1000 D CompositionEngine: writeOutputDependentGeometryStateToHWC layer[RoundCorner#1] set Z 134217735 miFodLayer 134217728
07-08 18:24:09.759  2687  2687 D StatusBar: disable<e i a s b h r c s > disable2<q i n >
07-08 18:24:09.762 15193 15193 D String  : [main] current shown dialog count: 0
07-08 18:24:09.765  2687  2687 D StatusBar: disable<e i a s b h r c s > disable2<q i n >
07-08 18:24:09.770  1000  1000 D CompositionEngine: writeOutputDependentGeometryStateToHWC layer[cn.missevan/cn.missevan.activity.MainActivity#0] set Z 134217728 miFodLayer 134217728
07-08 18:24:09.770  1000  1000 D CompositionEngine: writeOutputDependentGeometryStateToHWC layer[#0] set Z 134217729 miFodLayer 134217728
07-08 18:24:09.770  1000  1000 D CompositionEngine: writeOutputDependentGeometryStateToHWC layer[StatusBar#0] set Z 134217730 miFodLayer 134217728
07-08 18:24:09.770  1000  1000 D CompositionEngine: writeOutputDependentGeometryStateToHWC layer[Sprite#3] set Z 134217731 miFodLayer 134217728
07-08 18:24:09.770  1000  1000 D CompositionEngine: writeOutputDependentGeometryStateToHWC layer[RoundCorner#0] set Z 134217732 miFodLayer 134217728
07-08 18:24:09.770  1000  1000 D CompositionEngine: writeOutputDependentGeometryStateToHWC layer[RoundCorner#1] set Z 134217733 miFodLayer 134217728
07-08 18:24:09.771 15193 15193 I Banner  : [main] banner resume loop
07-08 18:24:09.773 15193 15193 I chatty  : uid=10837(cn.missevan) identical 2 lines
07-08 18:24:09.780 15193 15193 I Banner  : [main] banner resume loop
07-08 18:24:09.780  1969  1983 D MIUIInput: [FoucsChange]: Display  0 FocusedWindow From null(0,0)  to Window{e862677 mode=1 rootTaskId=1976 u0 cn.missevan/cn.missevan.activity.MainActivity}(1,1)
07-08 18:24:09.780  1000  1000 D CompositionEngine: writeOutputDependentGeometryStateToHWC layer[cn.missevan/cn.missevan.activity.MainActivity#0] set Z 134217728 miFodLayer 134217728
07-08 18:24:09.780  1000  1000 D CompositionEngine: writeOutputDependentGeometryStateToHWC layer[#0] set Z 134217729 miFodLayer 134217728
07-08 18:24:09.780  1000  1000 D CompositionEngine: writeOutputDependentGeometryStateToHWC layer[StatusBar#0] set Z 134217730 miFodLayer 134217728
07-08 18:24:09.781  1000  1000 D CompositionEngine: writeOutputDependentGeometryStateToHWC layer[Sprite#3] set Z 134217731 miFodLayer 134217728
07-08 18:24:09.781  1000  1000 D CompositionEngine: writeOutputDependentGeometryStateToHWC layer[RoundCorner#0] set Z 134217732 miFodLayer 134217728
07-08 18:24:09.781  1000  1000 D CompositionEngine: writeOutputDependentGeometryStateToHWC layer[RoundCorner#1] set Z 134217733 miFodLayer 134217728
07-08 18:24:09.781 15193 15193 I Banner  : [main] banner resume loop
07-08 18:24:09.781 15193 15193 I Banner  : [main] banner resume loop
07-08 18:24:09.792  1000  1000 D CompositionEngine: writeOutputDependentGeometryStateToHWC layer[cn.missevan/cn.missevan.activity.MainActivity#0] set Z 134217728 miFodLayer 134217728
07-08 18:24:09.792  1000  1000 D CompositionEngine: writeOutputDependentGeometryStateToHWC layer[#0] set Z 134217729 miFodLayer 134217728
07-08 18:24:09.792  1000  1000 D CompositionEngine: writeOutputDependentGeometryStateToHWC layer[StatusBar#0] set Z 134217730 miFodLayer 134217728
07-08 18:24:09.792  1000  1000 D CompositionEngine: writeOutputDependentGeometryStateToHWC layer[Sprite#3] set Z 134217731 miFodLayer 134217728
07-08 18:24:09.792  1000  1000 D CompositionEngine: writeOutputDependentGeometryStateToHWC layer[RoundCorner#0] set Z 134217732 miFodLayer 134217728
07-08 18:24:09.792  1000  1000 D CompositionEngine: writeOutputDependentGeometryStateToHWC layer[RoundCorner#1] set Z 134217733 miFodLayer 134217728
07-08 18:24:09.803  1000  1000 D CompositionEngine: writeOutputDependentGeometryStateToHWC layer[cn.missevan/cn.missevan.activity.MainActivity#0] set Z 134217728 miFodLayer 134217728
07-08 18:24:09.803  1000  1000 D CompositionEngine: writeOutputDependentGeometryStateToHWC layer[#0] set Z 134217729 miFodLayer 134217728
07-08 18:24:09.803  1000  1000 D CompositionEngine: writeOutputDependentGeometryStateToHWC layer[StatusBar#0] set Z 134217730 miFodLayer 134217728
07-08 18:24:09.803  1000  1000 D CompositionEngine: writeOutputDependentGeometryStateToHWC layer[Sprite#3] set Z 134217731 miFodLayer 134217728
07-08 18:24:09.803  1000  1000 D CompositionEngine: writeOutputDependentGeometryStateToHWC layer[RoundCorner#0] set Z 134217732 miFodLayer 134217728
07-08 18:24:09.803  1000  1000 D CompositionEngine: writeOutputDependentGeometryStateToHWC layer[RoundCorner#1] set Z 134217733 miFodLayer 134217728
07-08 18:24:09.805 15193 15193 I Banner  : [main] banner pause loop
07-08 18:24:09.805 15193 15193 I Banner  : [main] banner pause loop
07-08 18:24:09.814  1000  1000 D CompositionEngine: writeOutputDependentGeometryStateToHWC layer[cn.missevan/cn.missevan.activity.MainActivity#0] set Z 134217728 miFodLayer 134217728
07-08 18:24:09.814  1000  1000 D CompositionEngine: writeOutputDependentGeometryStateToHWC layer[#0] set Z 134217729 miFodLayer 134217728
07-08 18:24:09.814  1000  1000 D CompositionEngine: writeOutputDependentGeometryStateToHWC layer[StatusBar#0] set Z 134217730 miFodLayer 134217728
07-08 18:24:09.814  1000  1000 D CompositionEngine: writeOutputDependentGeometryStateToHWC layer[Sprite#3] set Z 134217731 miFodLayer 134217728
07-08 18:24:09.814  1000  1000 D CompositionEngine: writeOutputDependentGeometryStateToHWC layer[RoundCorner#0] set Z 134217732 miFodLayer 134217728
07-08 18:24:09.814  1000  1000 D CompositionEngine: writeOutputDependentGeometryStateToHWC layer[RoundCorner#1] set Z 134217733 miFodLayer 134217728
07-08 18:24:09.823 15193 15514 D CronetEngine: [thread_background]
07-08 18:24:09.823 15193 15514 D CronetEngine: url: http://static-test.missevan.com/dramacoversmini/201605/01/0a6ca0ceeb612fbf29d7ea609b171bcf061022.jpg?x-oss-process=image/resize,w_205/format,webp
07-08 18:24:09.823 15193 15514 D CronetEngine:  ip: 140.249.40.206
07-08 18:24:09.823 15193 15514 D CronetEngine:  hostResolverProvider:
07-08 18:24:09.823 15193 15514 D CronetEngine:  hostResolveIps: []
07-08 18:24:09.823 15193 15514 D CronetEngine: exception: null
07-08 18:24:09.825  1000  1000 D CompositionEngine: writeOutputDependentGeometryStateToHWC layer[cn.missevan/cn.missevan.activity.MainActivity#0] set Z 134217728 miFodLayer 134217728
07-08 18:24:09.825  1000  1000 D CompositionEngine: writeOutputDependentGeometryStateToHWC layer[#0] set Z 134217729 miFodLayer 134217728
07-08 18:24:09.825  1000  1000 D CompositionEngine: writeOutputDependentGeometryStateToHWC layer[StatusBar#0] set Z 134217730 miFodLayer 134217728
07-08 18:24:09.825  1000  1000 D CompositionEngine: writeOutputDependentGeometryStateToHWC layer[Sprite#3] set Z 134217731 miFodLayer 134217728
07-08 18:24:09.825  1000  1000 D CompositionEngine: writeOutputDependentGeometryStateToHWC layer[RoundCorner#0] set Z 134217732 miFodLayer 134217728
07-08 18:24:09.825  1000  1000 D CompositionEngine: writeOutputDependentGeometryStateToHWC layer[RoundCorner#1] set Z 134217733 miFodLayer 134217728
07-08 18:24:09.836  1000  1000 D CompositionEngine: writeOutputDependentGeometryStateToHWC layer[cn.missevan/cn.missevan.activity.MainActivity#0] set Z 134217728 miFodLayer 134217728
07-08 18:24:09.836  1000  1000 D CompositionEngine: writeOutputDependentGeometryStateToHWC layer[#0] set Z 134217729 miFodLayer 134217728
07-08 18:24:09.836  1000  1000 D CompositionEngine: writeOutputDependentGeometryStateToHWC layer[StatusBar#0] set Z 134217730 miFodLayer 134217728
07-08 18:24:09.836  1000  1000 D CompositionEngine: writeOutputDependentGeometryStateToHWC layer[Sprite#3] set Z 134217731 miFodLayer 134217728
07-08 18:24:09.836  1000  1000 D CompositionEngine: writeOutputDependentGeometryStateToHWC layer[RoundCorner#0] set Z 134217732 miFodLayer 134217728
07-08 18:24:09.836  1000  1000 D CompositionEngine: writeOutputDependentGeometryStateToHWC layer[RoundCorner#1] set Z 134217733 miFodLayer 134217728
07-08 18:24:09.839   599   599 E SELinux : avc:  denied  { find } for pid=7093 uid=10181 name=tethering scontext=u:r:vendor_systemhelper_app:s0:c512,c768 tcontext=u:object_r:tethering_service:s0 tclass=service_manager permissive=0
07-08 18:24:09.847  1000  1000 D CompositionEngine: writeOutputDependentGeometryStateToHWC layer[cn.missevan/cn.missevan.activity.MainActivity#0] set Z 134217728 miFodLayer 134217728
07-08 18:24:09.847  1000  1000 D CompositionEngine: writeOutputDependentGeometryStateToHWC layer[#0] set Z 134217729 miFodLayer 134217728
07-08 18:24:09.847  1000  1000 D CompositionEngine: writeOutputDependentGeometryStateToHWC layer[StatusBar#0] set Z 134217730 miFodLayer 134217728
07-08 18:24:09.847  1000  1000 D CompositionEngine: writeOutputDependentGeometryStateToHWC layer[Sprite#3] set Z 134217731 miFodLayer 134217728
07-08 18:24:09.847  1000  1000 D CompositionEngine: writeOutputDependentGeometryStateToHWC layer[RoundCorner#0] set Z 134217732 miFodLayer 134217728
07-08 18:24:09.847  1000  1000 D CompositionEngine: writeOutputDependentGeometryStateToHWC layer[RoundCorner#1] set Z 134217733 miFodLayer 134217728
07-08 18:24:09.858  1000  1000 D CompositionEngine: writeOutputDependentGeometryStateToHWC layer[cn.missevan/cn.missevan.activity.MainActivity#0] set Z 134217728 miFodLayer 134217728
07-08 18:24:09.858  1000  1000 D CompositionEngine: writeOutputDependentGeometryStateToHWC layer[#0] set Z 134217729 miFodLayer 134217728
07-08 18:24:09.858  1000  1000 D CompositionEngine: writeOutputDependentGeometryStateToHWC layer[StatusBar#0] set Z 134217730 miFodLayer 134217728
07-08 18:24:09.858  1000  1000 D CompositionEngine: writeOutputDependentGeometryStateToHWC layer[Sprite#3] set Z 134217731 miFodLayer 134217728
07-08 18:24:09.858  1000  1000 D CompositionEngine: writeOutputDependentGeometryStateToHWC layer[RoundCorner#0] set Z 134217732 miFodLayer 134217728
07-08 18:24:09.858  1000  1000 D CompositionEngine: writeOutputDependentGeometryStateToHWC layer[RoundCorner#1] set Z 134217733 miFodLayer 134217728
07-08 18:24:09.869  1000  1000 D CompositionEngine: writeOutputDependentGeometryStateToHWC layer[cn.missevan/cn.missevan.activity.MainActivity#0] set Z 134217728 miFodLayer 134217728
07-08 18:24:09.869  1000  1000 D CompositionEngine: writeOutputDependentGeometryStateToHWC layer[#0] set Z 134217729 miFodLayer 134217728
07-08 18:24:09.869  1000  1000 D CompositionEngine: writeOutputDependentGeometryStateToHWC layer[StatusBar#0] set Z 134217730 miFodLayer 134217728
07-08 18:24:09.869  1000  1000 D CompositionEngine: writeOutputDependentGeometryStateToHWC layer[Sprite#3] set Z 134217731 miFodLayer 134217728
07-08 18:24:09.869  1000  1000 D CompositionEngine: writeOutputDependentGeometryStateToHWC layer[RoundCorner#0] set Z 134217732 miFodLayer 134217728
07-08 18:24:09.870  1000  1000 D CompositionEngine: writeOutputDependentGeometryStateToHWC layer[RoundCorner#1] set Z 134217733 miFodLayer 134217728
07-08 18:24:09.871 15193 15514 D CronetEngine: [thread_background]
07-08 18:24:09.871 15193 15514 D CronetEngine: url: http://static-test.missevan.com/dramacoversmini/202002/21/07014e6b2175f897b6e04149012216ff164944.jpg?x-oss-process=image/resize,w_310/format,webp
07-08 18:24:09.871 15193 15514 D CronetEngine:  ip: 101.226.26.244
07-08 18:24:09.871 15193 15514 D CronetEngine:  hostResolverProvider:
07-08 18:24:09.871 15193 15514 D CronetEngine:  hostResolveIps: []
07-08 18:24:09.871 15193 15514 D CronetEngine: exception: null
07-08 18:24:09.879 15193 15514 D CronetEngine: [thread_background]
07-08 18:24:09.879 15193 15514 D CronetEngine: url: https://static-test.maoercdn.com/coversmini/201501/09/e0a8bf802cf065403aa9c522440e9fd3154657.png?x-oss-process=image/resize,w_310/format,webp
07-08 18:24:09.879 15193 15514 D CronetEngine:  ip: 150.139.243.241
07-08 18:24:09.879 15193 15514 D CronetEngine:  hostResolverProvider:
07-08 18:24:09.879 15193 15514 D CronetEngine:  hostResolveIps: []
07-08 18:24:09.879 15193 15514 D CronetEngine: exception: null
07-08 18:24:09.879 15193 15514 D CronetEngine: [thread_background]
07-08 18:24:09.879 15193 15514 D CronetEngine: url: https://static-test.maoercdn.com/coversmini/201412/09/171c5fcde9e2c86220d1075e547fc554163351.jpg?x-oss-process=image/resize,w_310/format,webp
07-08 18:24:09.879 15193 15514 D CronetEngine:  ip: 150.139.243.241
07-08 18:24:09.879 15193 15514 D CronetEngine:  hostResolverProvider:
07-08 18:24:09.879 15193 15514 D CronetEngine:  hostResolveIps: []
07-08 18:24:09.879 15193 15514 D CronetEngine: exception: null
07-08 18:24:09.880 15193 15514 D CronetEngine: [thread_background]
07-08 18:24:09.880 15193 15514 D CronetEngine: url: https://static-test.maoercdn.com/coversmini/201604/15/93f511d4f1793a17c0c927815e7efbc5135406.jpg?x-oss-process=image/resize,w_310/format,webp
07-08 18:24:09.880 15193 15514 D CronetEngine:  ip: 150.139.243.241
07-08 18:24:09.880 15193 15514 D CronetEngine:  hostResolverProvider:
07-08 18:24:09.880 15193 15514 D CronetEngine:  hostResolveIps: []
07-08 18:24:09.880 15193 15514 D CronetEngine: exception: null
07-08 18:24:09.881  1000  1000 D CompositionEngine: writeOutputDependentGeometryStateToHWC layer[cn.missevan/cn.missevan.activity.MainActivity#0] set Z 134217728 miFodLayer 134217728
07-08 18:24:09.881 15193 15514 D CronetEngine: [thread_background]
07-08 18:24:09.881 15193 15514 D CronetEngine: url: https://static-test.maoercdn.com/coversmini/201512/26/ab60a0bfd43b932ea0ec3104e8dfe8d4175214.jpg?x-oss-process=image/resize,w_310/format,webp
07-08 18:24:09.881 15193 15514 D CronetEngine:  ip: 150.139.243.241
07-08 18:24:09.881 15193 15514 D CronetEngine:  hostResolverProvider:
07-08 18:24:09.881 15193 15514 D CronetEngine:  hostResolveIps: []
07-08 18:24:09.881 15193 15514 D CronetEngine: exception: null
07-08 18:24:09.881  1000  1000 D CompositionEngine: writeOutputDependentGeometryStateToHWC layer[#0] set Z 134217729 miFodLayer 134217728
07-08 18:24:09.881  1000  1000 D CompositionEngine: writeOutputDependentGeometryStateToHWC layer[StatusBar#0] set Z 134217730 miFodLayer 134217728
07-08 18:24:09.881  1000  1000 D CompositionEngine: writeOutputDependentGeometryStateToHWC layer[Sprite#3] set Z 134217731 miFodLayer 134217728
07-08 18:24:09.881  1000  1000 D CompositionEngine: writeOutputDependentGeometryStateToHWC layer[RoundCorner#0] set Z 134217732 miFodLayer 134217728
07-08 18:24:09.881  1000  1000 D CompositionEngine: writeOutputDependentGeometryStateToHWC layer[RoundCorner#1] set Z 134217733 miFodLayer 134217728
07-08 18:24:09.881 15193 15514 D CronetEngine: [thread_background]
07-08 18:24:09.881 15193 15514 D CronetEngine: url: http://static-test.missevan.com/dramacoversmini/201604/20/f0b68e003d4dcca18deee810e08e6b8b173035.png?x-oss-process=image/resize,w_205/format,webp
07-08 18:24:09.881 15193 15514 D CronetEngine:  ip: 140.249.40.206
07-08 18:24:09.881 15193 15514 D CronetEngine:  hostResolverProvider:
07-08 18:24:09.881 15193 15514 D CronetEngine:  hostResolveIps: []
07-08 18:24:09.881 15193 15514 D CronetEngine: exception: null
07-08 18:24:09.885 15193 15514 D CronetEngine: [thread_background]
07-08 18:24:09.885 15193 15514 D CronetEngine: url: http://static-test.missevan.com/dramacoversmini/201606/23/a719e1c0561636407520e19351da80cf102417.jpg?x-oss-process=image/resize,w_205/format,webp
07-08 18:24:09.885 15193 15514 D CronetEngine:  ip: 101.226.26.244
07-08 18:24:09.885 15193 15514 D CronetEngine:  hostResolverProvider:
07-08 18:24:09.885 15193 15514 D CronetEngine:  hostResolveIps: []
07-08 18:24:09.885 15193 15514 D CronetEngine: exception: null
07-08 18:24:09.890 15193 15193 E cn.missevan: No package ID ff found for ID 0xffffffff.
07-08 18:24:09.890 15193 15193 E cn.missevan: No package ID ff found for ID 0xffffffff.
07-08 18:24:09.892  1000  1000 D CompositionEngine: writeOutputDependentGeometryStateToHWC layer[cn.missevan/cn.missevan.activity.MainActivity#0] set Z 134217728 miFodLayer 134217728
07-08 18:24:09.892  1000  1000 D CompositionEngine: writeOutputDependentGeometryStateToHWC layer[#0] set Z 134217729 miFodLayer 134217728
07-08 18:24:09.892  1000  1000 D CompositionEngine: writeOutputDependentGeometryStateToHWC layer[StatusBar#0] set Z 134217730 miFodLayer 134217728
07-08 18:24:09.892  1000  1000 D CompositionEngine: writeOutputDependentGeometryStateToHWC layer[Sprite#3] set Z 134217731 miFodLayer 134217728
07-08 18:24:09.892  1000  1000 D CompositionEngine: writeOutputDependentGeometryStateToHWC layer[RoundCorner#0] set Z 134217732 miFodLayer 134217728
07-08 18:24:09.892  1000  1000 D CompositionEngine: writeOutputDependentGeometryStateToHWC layer[RoundCorner#1] set Z 134217733 miFodLayer 134217728
07-08 18:24:09.903  1000  1000 D CompositionEngine: writeOutputDependentGeometryStateToHWC layer[cn.missevan/cn.missevan.activity.MainActivity#0] set Z 134217728 miFodLayer 134217728
07-08 18:24:09.903  1000  1000 D CompositionEngine: writeOutputDependentGeometryStateToHWC layer[#0] set Z 134217729 miFodLayer 134217728
07-08 18:24:09.903  1000  1000 D CompositionEngine: writeOutputDependentGeometryStateToHWC layer[StatusBar#0] set Z 134217730 miFodLayer 134217728
07-08 18:24:09.903  1000  1000 D CompositionEngine: writeOutputDependentGeometryStateToHWC layer[Sprite#3] set Z 134217731 miFodLayer 134217728
07-08 18:24:09.903  1000  1000 D CompositionEngine: writeOutputDependentGeometryStateToHWC layer[RoundCorner#0] set Z 134217732 miFodLayer 134217728
07-08 18:24:09.903  1000  1000 D CompositionEngine: writeOutputDependentGeometryStateToHWC layer[RoundCorner#1] set Z 134217733 miFodLayer 134217728
07-08 18:24:09.914  1000  1000 D CompositionEngine: writeOutputDependentGeometryStateToHWC layer[cn.missevan/cn.missevan.activity.MainActivity#0] set Z 134217728 miFodLayer 134217728
07-08 18:24:09.914  1000  1000 D CompositionEngine: writeOutputDependentGeometryStateToHWC layer[#0] set Z 134217729 miFodLayer 134217728
07-08 18:24:09.914  1000  1000 D CompositionEngine: writeOutputDependentGeometryStateToHWC layer[StatusBar#0] set Z 134217730 miFodLayer 134217728
07-08 18:24:09.914  1000  1000 D CompositionEngine: writeOutputDependentGeometryStateToHWC layer[Sprite#3] set Z 134217731 miFodLayer 134217728
07-08 18:24:09.914  1000  1000 D CompositionEngine: writeOutputDependentGeometryStateToHWC layer[RoundCorner#0] set Z 134217732 miFodLayer 134217728
07-08 18:24:09.915  1000  1000 D CompositionEngine: writeOutputDependentGeometryStateToHWC layer[RoundCorner#1] set Z 134217733 miFodLayer 134217728
07-08 18:24:09.922 15193 15193 W Glide   : Load failed for http://static-test.missevan.com/dramacoversmini/201605/01/0a6ca0ceeb612fbf29d7ea609b171bcf061022.jpg with size [205x274]
07-08 18:24:09.922 15193 15193 W Glide   : class com.bumptech.glide.load.a.q: Failed to load resource
07-08 18:24:09.922 15193 15193 W Glide   : There was 1 root cause:
07-08 18:24:09.922 15193 15193 W Glide   : com.bumptech.glide.load.e(Not Found, status code: 404)
07-08 18:24:09.922 15193 15193 W Glide   :  call GlideException#logRootCauses(String) for more detail
07-08 18:24:09.922 15193 15193 W Glide   :   Cause (1 of 1): class com.bumptech.glide.load.a.q: Fetching data failed, class java.io.InputStream, REMOTE
07-08 18:24:09.922 15193 15193 W Glide   : There was 1 root cause:
07-08 18:24:09.922 15193 15193 W Glide   : com.bumptech.glide.load.e(Not Found, status code: 404)
07-08 18:24:09.922 15193 15193 W Glide   :  call GlideException#logRootCauses(String) for more detail
07-08 18:24:09.922 15193 15193 W Glide   :     Cause (1 of 1): class com.bumptech.glide.load.e: Not Found, status code: 404
07-08 18:24:09.922 15193 15193 I Glide   : Root cause (1 of 1)
07-08 18:24:09.922 15193 15193 I Glide   : com.bumptech.glide.load.e: Not Found, status code: 404
07-08 18:24:09.922 15193 15193 I Glide   : 	at com.bumptech.glide.integration.okhttp3.b.onResponse(SourceFile:71)
07-08 18:24:09.922 15193 15193 I Glide   : 	at okhttp3.ac$a.execute(SourceFile:221)
07-08 18:24:09.922 15193 15193 I Glide   : 	at okhttp3.internal.b.run(SourceFile:32)
07-08 18:24:09.922 15193 15193 I Glide   : 	at java.util.concurrent.ThreadPoolExecutor.runWorker(ThreadPoolExecutor.java:1167)
07-08 18:24:09.922 15193 15193 I Glide   : 	at java.util.concurrent.ThreadPoolExecutor$Worker.run(ThreadPoolExecutor.java:641)
07-08 18:24:09.922 15193 15193 I Glide   : 	at java.lang.Thread.run(Thread.java:923)
07-08 18:24:09.923 15193 15193 W Glide   : Load failed for http://static-test.missevan.com/dramacoversmini/202002/21/07014e6b2175f897b6e04149012216ff164944.jpg with size [310x310]
07-08 18:24:09.923 15193 15193 W Glide   : class com.bumptech.glide.load.a.q: Failed to load resource
07-08 18:24:09.923 15193 15193 W Glide   : There was 1 root cause:
07-08 18:24:09.923 15193 15193 W Glide   : com.bumptech.glide.load.e(Not Found, status code: 404)
07-08 18:24:09.923 15193 15193 W Glide   :  call GlideException#logRootCauses(String) for more detail
07-08 18:24:09.923 15193 15193 W Glide   :   Cause (1 of 1): class com.bumptech.glide.load.a.q: Fetching data failed, class java.io.InputStream, REMOTE
07-08 18:24:09.923 15193 15193 W Glide   : There was 1 root cause:
07-08 18:24:09.923 15193 15193 W Glide   : com.bumptech.glide.load.e(Not Found, status code: 404)
07-08 18:24:09.923 15193 15193 W Glide   :  call GlideException#logRootCauses(String) for more detail
07-08 18:24:09.923 15193 15193 W Glide   :     Cause (1 of 1): class com.bumptech.glide.load.e: Not Found, status code: 404
07-08 18:24:09.924 15193 15193 I Glide   : Root cause (1 of 1)
07-08 18:24:09.924 15193 15193 I Glide   : com.bumptech.glide.load.e: Not Found, status code: 404
07-08 18:24:09.924 15193 15193 I Glide   : 	at com.bumptech.glide.integration.okhttp3.b.onResponse(SourceFile:71)
07-08 18:24:09.924 15193 15193 I Glide   : 	at okhttp3.ac$a.execute(SourceFile:221)
07-08 18:24:09.924 15193 15193 I Glide   : 	at okhttp3.internal.b.run(SourceFile:32)
07-08 18:24:09.924 15193 15193 I Glide   : 	at java.util.concurrent.ThreadPoolExecutor.runWorker(ThreadPoolExecutor.java:1167)
07-08 18:24:09.924 15193 15193 I Glide   : 	at java.util.concurrent.ThreadPoolExecutor$Worker.run(ThreadPoolExecutor.java:641)
07-08 18:24:09.924 15193 15193 I Glide   : 	at java.lang.Thread.run(Thread.java:923)
07-08 18:24:09.924 15193 15193 W Glide   : Load failed for https://static-test.maoercdn.com/coversmini/201501/09/e0a8bf802cf065403aa9c522440e9fd3154657.png with size [310x310]
07-08 18:24:09.924 15193 15193 W Glide   : class com.bumptech.glide.load.a.q: Failed to load resource
07-08 18:24:09.924 15193 15193 W Glide   : There was 1 root cause:
07-08 18:24:09.924 15193 15193 W Glide   : com.bumptech.glide.load.e(, status code: 404)
07-08 18:24:09.924 15193 15193 W Glide   :  call GlideException#logRootCauses(String) for more detail
07-08 18:24:09.924 15193 15193 W Glide   :   Cause (1 of 1): class com.bumptech.glide.load.a.q: Fetching data failed, class java.io.InputStream, REMOTE
07-08 18:24:09.924 15193 15193 W Glide   : There was 1 root cause:
07-08 18:24:09.924 15193 15193 W Glide   : com.bumptech.glide.load.e(, status code: 404)
07-08 18:24:09.924 15193 15193 W Glide   :  call GlideException#logRootCauses(String) for more detail
07-08 18:24:09.924 15193 15193 W Glide   :     Cause (1 of 1): class com.bumptech.glide.load.e: , status code: 404
07-08 18:24:09.924 15193 15193 I Glide   : Root cause (1 of 1)
07-08 18:24:09.924 15193 15193 I Glide   : com.bumptech.glide.load.e: , status code: 404
07-08 18:24:09.924 15193 15193 I Glide   : 	at com.bumptech.glide.integration.okhttp3.b.onResponse(SourceFile:71)
07-08 18:24:09.924 15193 15193 I Glide   : 	at okhttp3.ac$a.execute(SourceFile:221)
07-08 18:24:09.924 15193 15193 I Glide   : 	at okhttp3.internal.b.run(SourceFile:32)
07-08 18:24:09.924 15193 15193 I Glide   : 	at java.util.concurrent.ThreadPoolExecutor.runWorker(ThreadPoolExecutor.java:1167)
07-08 18:24:09.924 15193 15193 I Glide   : 	at java.util.concurrent.ThreadPoolExecutor$Worker.run(ThreadPoolExecutor.java:641)
07-08 18:24:09.924 15193 15193 I Glide   : 	at java.lang.Thread.run(Thread.java:923)
07-08 18:24:09.924 15193 15193 W Glide   : Load failed for http://static-test.missevan.com/dramacoversmini/201604/20/f0b68e003d4dcca18deee810e08e6b8b173035.png with size [205x274]
07-08 18:24:09.924 15193 15193 W Glide   : class com.bumptech.glide.load.a.q: Failed to load resource
07-08 18:24:09.924 15193 15193 W Glide   : There was 1 root cause:
07-08 18:24:09.924 15193 15193 W Glide   : com.bumptech.glide.load.e(Not Found, status code: 404)
07-08 18:24:09.924 15193 15193 W Glide   :  call GlideException#logRootCauses(String) for more detail
07-08 18:24:09.924 15193 15193 W Glide   :   Cause (1 of 1): class com.bumptech.glide.load.a.q: Fetching data failed, class java.io.InputStream, REMOTE
07-08 18:24:09.924 15193 15193 W Glide   : There was 1 root cause:
07-08 18:24:09.924 15193 15193 W Glide   : com.bumptech.glide.load.e(Not Found, status code: 404)
07-08 18:24:09.924 15193 15193 W Glide   :  call GlideException#logRootCauses(String) for more detail
07-08 18:24:09.924 15193 15193 W Glide   :     Cause (1 of 1): class com.bumptech.glide.load.e: Not Found, status code: 404
07-08 18:24:09.924 15193 15193 I Glide   : Root cause (1 of 1)
07-08 18:24:09.924 15193 15193 I Glide   : com.bumptech.glide.load.e: Not Found, status code: 404
07-08 18:24:09.924 15193 15193 I Glide   : 	at com.bumptech.glide.integration.okhttp3.b.onResponse(SourceFile:71)
07-08 18:24:09.924 15193 15193 I Glide   : 	at okhttp3.ac$a.execute(SourceFile:221)
07-08 18:24:09.924 15193 15193 I Glide   : 	at okhttp3.internal.b.run(SourceFile:32)
07-08 18:24:09.924 15193 15193 I Glide   : 	at java.util.concurrent.ThreadPoolExecutor.runWorker(ThreadPoolExecutor.java:1167)
07-08 18:24:09.924 15193 15193 I Glide   : 	at java.util.concurrent.ThreadPoolExecutor$Worker.run(ThreadPoolExecutor.java:641)
07-08 18:24:09.924 15193 15193 I Glide   : 	at java.lang.Thread.run(Thread.java:923)
07-08 18:24:09.925 15193 15193 W Glide   : Load failed for http://static-test.missevan.com/dramacoversmini/201604/20/f0b68e003d4dcca18deee810e08e6b8b173035.png with size [205x274]
07-08 18:24:09.925 15193 15193 W Glide   : class com.bumptech.glide.load.a.q: Failed to load resource
07-08 18:24:09.925 15193 15193 W Glide   : There was 1 root cause:
07-08 18:24:09.925 15193 15193 W Glide   : com.bumptech.glide.load.e(Not Found, status code: 404)
07-08 18:24:09.925 15193 15193 W Glide   :  call GlideException#logRootCauses(String) for more detail
07-08 18:24:09.925 15193 15193 W Glide   :   Cause (1 of 1): class com.bumptech.glide.load.a.q: Fetching data failed, class java.io.InputStream, REMOTE
07-08 18:24:09.925 15193 15193 W Glide   : There was 1 root cause:
07-08 18:24:09.925 15193 15193 W Glide   : com.bumptech.glide.load.e(Not Found, status code: 404)
07-08 18:24:09.925 15193 15193 W Glide   :  call GlideException#logRootCauses(String) for more detail
07-08 18:24:09.925 15193 15193 W Glide   :     Cause (1 of 1): class com.bumptech.glide.load.e: Not Found, status code: 404
07-08 18:24:09.925 15193 15193 I Glide   : Root cause (1 of 1)
07-08 18:24:09.925 15193 15193 I Glide   : com.bumptech.glide.load.e: Not Found, status code: 404
07-08 18:24:09.925 15193 15193 I Glide   : 	at com.bumptech.glide.integration.okhttp3.b.onResponse(SourceFile:71)
07-08 18:24:09.925 15193 15193 I Glide   : 	at okhttp3.ac$a.execute(SourceFile:221)
07-08 18:24:09.925 15193 15193 I Glide   : 	at okhttp3.internal.b.run(SourceFile:32)
07-08 18:24:09.925 15193 15193 I Glide   : 	at java.util.concurrent.ThreadPoolExecutor.runWorker(ThreadPoolExecutor.java:1167)
07-08 18:24:09.925 15193 15193 I Glide   : 	at java.util.concurrent.ThreadPoolExecutor$Worker.run(ThreadPoolExecutor.java:641)
07-08 18:24:09.925 15193 15193 I Glide   : 	at java.lang.Thread.run(Thread.java:923)
07-08 18:24:09.925 15193 15193 W Glide   : Load failed for https://static-test.maoercdn.com/coversmini/201412/09/171c5fcde9e2c86220d1075e547fc554163351.jpg with size [310x310]
07-08 18:24:09.925 15193 15193 W Glide   : class com.bumptech.glide.load.a.q: Failed to load resource
07-08 18:24:09.925 15193 15193 W Glide   : There was 1 root cause:
07-08 18:24:09.925 15193 15193 W Glide   : com.bumptech.glide.load.e(, status code: 404)
07-08 18:24:09.925 15193 15193 W Glide   :  call GlideException#logRootCauses(String) for more detail
07-08 18:24:09.925 15193 15193 W Glide   :   Cause (1 of 1): class com.bumptech.glide.load.a.q: Fetching data failed, class java.io.InputStream, REMOTE
07-08 18:24:09.925 15193 15193 W Glide   : There was 1 root cause:
07-08 18:24:09.925 15193 15193 W Glide   : com.bumptech.glide.load.e(, status code: 404)
07-08 18:24:09.925 15193 15193 W Glide   :  call GlideException#logRootCauses(String) for more detail
07-08 18:24:09.925 15193 15193 W Glide   :     Cause (1 of 1): class com.bumptech.glide.load.e: , status code: 404
07-08 18:24:09.925 15193 15193 I Glide   : Root cause (1 of 1)
07-08 18:24:09.925 15193 15193 I Glide   : com.bumptech.glide.load.e: , status code: 404
07-08 18:24:09.925 15193 15193 I Glide   : 	at com.bumptech.glide.integration.okhttp3.b.onResponse(SourceFile:71)
07-08 18:24:09.925 15193 15193 I Glide   : 	at okhttp3.ac$a.execute(SourceFile:221)
07-08 18:24:09.925 15193 15193 I Glide   : 	at okhttp3.internal.b.run(SourceFile:32)
07-08 18:24:09.925 15193 15193 I Glide   : 	at java.util.concurrent.ThreadPoolExecutor.runWorker(ThreadPoolExecutor.java:1167)
07-08 18:24:09.925 15193 15193 I Glide   : 	at java.util.concurrent.ThreadPoolExecutor$Worker.run(ThreadPoolExecutor.java:641)
07-08 18:24:09.925 15193 15193 I Glide   : 	at java.lang.Thread.run(Thread.java:923)
07-08 18:24:09.925 15193 15193 W Glide   : Load failed for https://static-test.maoercdn.com/coversmini/201604/15/93f511d4f1793a17c0c927815e7efbc5135406.jpg with size [310x310]
07-08 18:24:09.925 15193 15193 W Glide   : class com.bumptech.glide.load.a.q: Failed to load resource
07-08 18:24:09.925 15193 15193 W Glide   : There was 1 root cause:
07-08 18:24:09.925 15193 15193 W Glide   : com.bumptech.glide.load.e(, status code: 404)
07-08 18:24:09.925 15193 15193 W Glide   :  call GlideException#logRootCauses(String) for more detail
07-08 18:24:09.925 15193 15193 W Glide   :   Cause (1 of 1): class com.bumptech.glide.load.a.q: Fetching data failed, class java.io.InputStream, REMOTE
07-08 18:24:09.925 15193 15193 W Glide   : There was 1 root cause:
07-08 18:24:09.925 15193 15193 W Glide   : com.bumptech.glide.load.e(, status code: 404)
07-08 18:24:09.925 15193 15193 W Glide   :  call GlideException#logRootCauses(String) for more detail
07-08 18:24:09.925 15193 15193 W Glide   :     Cause (1 of 1): class com.bumptech.glide.load.e: , status code: 404
07-08 18:24:09.925 15193 15193 I Glide   : Root cause (1 of 1)
07-08 18:24:09.925 15193 15193 I Glide   : com.bumptech.glide.load.e: , status code: 404
07-08 18:24:09.925 15193 15193 I Glide   : 	at com.bumptech.glide.integration.okhttp3.b.onResponse(SourceFile:71)
07-08 18:24:09.925 15193 15193 I Glide   : 	at okhttp3.ac$a.execute(SourceFile:221)
07-08 18:24:09.925 15193 15193 I Glide   : 	at okhttp3.internal.b.run(SourceFile:32)
07-08 18:24:09.925 15193 15193 I Glide   : 	at java.util.concurrent.ThreadPoolExecutor.runWorker(ThreadPoolExecutor.java:1167)
07-08 18:24:09.925 15193 15193 I Glide   : 	at java.util.concurrent.ThreadPoolExecutor$Worker.run(ThreadPoolExecutor.java:641)
07-08 18:24:09.925 15193 15193 I Glide   : 	at java.lang.Thread.run(Thread.java:923)
07-08 18:24:09.925 15193 15193 W Glide   : Load failed for https://static-test.maoercdn.com/coversmini/201512/26/ab60a0bfd43b932ea0ec3104e8dfe8d4175214.jpg with size [310x310]
07-08 18:24:09.925 15193 15193 W Glide   : class com.bumptech.glide.load.a.q: Failed to load resource
07-08 18:24:09.925 15193 15193 W Glide   : There was 1 root cause:
07-08 18:24:09.925 15193 15193 W Glide   : com.bumptech.glide.load.e(, status code: 404)
07-08 18:24:09.925 15193 15193 W Glide   :  call GlideException#logRootCauses(String) for more detail
07-08 18:24:09.925 15193 15193 W Glide   :   Cause (1 of 1): class com.bumptech.glide.load.a.q: Fetching data failed, class java.io.InputStream, REMOTE
07-08 18:24:09.925 15193 15193 W Glide   : There was 1 root cause:
07-08 18:24:09.925 15193 15193 W Glide   : com.bumptech.glide.load.e(, status code: 404)
07-08 18:24:09.925 15193 15193 W Glide   :  call GlideException#logRootCauses(String) for more detail
07-08 18:24:09.925 15193 15193 W Glide   :     Cause (1 of 1): class com.bumptech.glide.load.e: , status code: 404
07-08 18:24:09.925 15193 15193 I Glide   : Root cause (1 of 1)
07-08 18:24:09.925 15193 15193 I Glide   : com.bumptech.glide.load.e: , status code: 404
07-08 18:24:09.925 15193 15193 I Glide   : 	at com.bumptech.glide.integration.okhttp3.b.onResponse(SourceFile:71)
07-08 18:24:09.925 15193 15193 I Glide   : 	at okhttp3.ac$a.execute(SourceFile:221)
07-08 18:24:09.925 15193 15193 I Glide   : 	at okhttp3.internal.b.run(SourceFile:32)
07-08 18:24:09.925 15193 15193 I Glide   : 	at java.util.concurrent.ThreadPoolExecutor.runWorker(ThreadPoolExecutor.java:1167)
07-08 18:24:09.925 15193 15193 I Glide   : 	at java.util.concurrent.ThreadPoolExecutor$Worker.run(ThreadPoolExecutor.java:641)
07-08 18:24:09.925 15193 15193 I Glide   : 	at java.lang.Thread.run(Thread.java:923)
07-08 18:24:09.926 15193 15193 W Glide   : Load failed for http://static-test.missevan.com/dramacoversmini/201606/23/a719e1c0561636407520e19351da80cf102417.jpg with size [205x274]
07-08 18:24:09.926 15193 15193 W Glide   : class com.bumptech.glide.load.a.q: Failed to load resource
07-08 18:24:09.926 15193 15193 W Glide   : There was 1 root cause:
07-08 18:24:09.926 15193 15193 W Glide   : com.bumptech.glide.load.e(Not Found, status code: 404)
07-08 18:24:09.926 15193 15193 W Glide   :  call GlideException#logRootCauses(String) for more detail
07-08 18:24:09.926 15193 15193 W Glide   :   Cause (1 of 1): class com.bumptech.glide.load.a.q: Fetching data failed, class java.io.InputStream, REMOTE
07-08 18:24:09.926 15193 15193 W Glide   : There was 1 root cause:
07-08 18:24:09.926 15193 15193 W Glide   : com.bumptech.glide.load.e(Not Found, status code: 404)
07-08 18:24:09.926 15193 15193 W Glide   :  call GlideException#logRootCauses(String) for more detail
07-08 18:24:09.926 15193 15193 W Glide   :     Cause (1 of 1): class com.bumptech.glide.load.e: Not Found, status code: 404
07-08 18:24:09.926 15193 15193 I Glide   : Root cause (1 of 1)
07-08 18:24:09.926 15193 15193 I Glide   : com.bumptech.glide.load.e: Not Found, status code: 404
07-08 18:24:09.926 15193 15193 I Glide   : 	at com.bumptech.glide.integration.okhttp3.b.onResponse(SourceFile:71)
07-08 18:24:09.926 15193 15193 I Glide   : 	at okhttp3.ac$a.execute(SourceFile:221)
07-08 18:24:09.926 15193 15193 I Glide   : 	at okhttp3.internal.b.run(SourceFile:32)
07-08 18:24:09.926 15193 15193 I Glide   : 	at java.util.concurrent.ThreadPoolExecutor.runWorker(ThreadPoolExecutor.java:1167)
07-08 18:24:09.926 15193 15193 I Glide   : 	at java.util.concurrent.ThreadPoolExecutor$Worker.run(ThreadPoolExecutor.java:641)
07-08 18:24:09.926 15193 15193 I Glide   : 	at java.lang.Thread.run(Thread.java:923)
07-08 18:24:09.926  1000  1000 D CompositionEngine: writeOutputDependentGeometryStateToHWC layer[cn.missevan/cn.missevan.activity.MainActivity#0] set Z 134217728 miFodLayer 134217728
07-08 18:24:09.926 15193 15193 W Glide   : Load failed for http://static-test.missevan.com/dramacoversmini/201606/23/a719e1c0561636407520e19351da80cf102417.jpg with size [205x274]
07-08 18:24:09.926 15193 15193 W Glide   : class com.bumptech.glide.load.a.q: Failed to load resource
07-08 18:24:09.926 15193 15193 W Glide   : There was 1 root cause:
07-08 18:24:09.926 15193 15193 W Glide   : com.bumptech.glide.load.e(Not Found, status code: 404)
07-08 18:24:09.926 15193 15193 W Glide   :  call GlideException#logRootCauses(String) for more detail
07-08 18:24:09.926 15193 15193 W Glide   :   Cause (1 of 1): class com.bumptech.glide.load.a.q: Fetching data failed, class java.io.InputStream, REMOTE
07-08 18:24:09.926 15193 15193 W Glide   : There was 1 root cause:
07-08 18:24:09.926 15193 15193 W Glide   : com.bumptech.glide.load.e(Not Found, status code: 404)
07-08 18:24:09.926 15193 15193 W Glide   :  call GlideException#logRootCauses(String) for more detail
07-08 18:24:09.926 15193 15193 W Glide   :     Cause (1 of 1): class com.bumptech.glide.load.e: Not Found, status code: 404
07-08 18:24:09.926 15193 15193 I Glide   : Root cause (1 of 1)
07-08 18:24:09.926 15193 15193 I Glide   : com.bumptech.glide.load.e: Not Found, status code: 404
07-08 18:24:09.926 15193 15193 I Glide   : 	at com.bumptech.glide.integration.okhttp3.b.onResponse(SourceFile:71)
07-08 18:24:09.926 15193 15193 I Glide   : 	at okhttp3.ac$a.execute(SourceFile:221)
07-08 18:24:09.926 15193 15193 I Glide   : 	at okhttp3.internal.b.run(SourceFile:32)
07-08 18:24:09.926 15193 15193 I Glide   : 	at java.util.concurrent.ThreadPoolExecutor.runWorker(ThreadPoolExecutor.java:1167)
07-08 18:24:09.926 15193 15193 I Glide   : 	at java.util.concurrent.ThreadPoolExecutor$Worker.run(ThreadPoolExecutor.java:641)
07-08 18:24:09.926 15193 15193 I Glide   : 	at java.lang.Thread.run(Thread.java:923)
07-08 18:24:09.926  1000  1000 D CompositionEngine: writeOutputDependentGeometryStateToHWC layer[#0] set Z 134217729 miFodLayer 134217728
07-08 18:24:09.926  1000  1000 D CompositionEngine: writeOutputDependentGeometryStateToHWC layer[StatusBar#0] set Z 134217730 miFodLayer 134217728
07-08 18:24:09.926  1000  1000 D CompositionEngine: writeOutputDependentGeometryStateToHWC layer[Sprite#3] set Z 134217731 miFodLayer 134217728
07-08 18:24:09.926  1000  1000 D CompositionEngine: writeOutputDependentGeometryStateToHWC layer[RoundCorner#0] set Z 134217732 miFodLayer 134217728
07-08 18:24:09.926  1000  1000 D CompositionEngine: writeOutputDependentGeometryStateToHWC layer[RoundCorner#1] set Z 134217733 miFodLayer 134217728
07-08 18:24:09.931 12286 12286 I bdmiime : onStartInput called, cn.missevan
07-08 18:24:09.937  1000  1000 D CompositionEngine: writeOutputDependentGeometryStateToHWC layer[cn.missevan/cn.missevan.activity.MainActivity#0] set Z 134217728 miFodLayer 134217728
07-08 18:24:09.937  1000  1000 D CompositionEngine: writeOutputDependentGeometryStateToHWC layer[#0] set Z 134217729 miFodLayer 134217728
07-08 18:24:09.937  1000  1000 D CompositionEngine: writeOutputDependentGeometryStateToHWC layer[StatusBar#0] set Z 134217730 miFodLayer 134217728
07-08 18:24:09.937  1000  1000 D CompositionEngine: writeOutputDependentGeometryStateToHWC layer[Sprite#3] set Z 134217731 miFodLayer 134217728
07-08 18:24:09.937  1000  1000 D CompositionEngine: writeOutputDependentGeometryStateToHWC layer[RoundCorner#0] set Z 134217732 miFodLayer 134217728
07-08 18:24:09.937  1000  1000 D CompositionEngine: writeOutputDependentGeometryStateToHWC layer[RoundCorner#1] set Z 134217733 miFodLayer 134217728
07-08 18:24:09.938 15193 15514 D CronetEngine: [thread_background]
07-08 18:24:09.938 15193 15514 D CronetEngine: url: http://static-test.missevan.com/dramacoversmini/201809/19/a9259b768717e5ebb39c7b4193d12f9a104537.png?x-oss-process=image/resize,w_314/format,webp
07-08 18:24:09.938 15193 15514 D CronetEngine:  ip: 140.249.40.206
07-08 18:24:09.938 15193 15514 D CronetEngine:  hostResolverProvider:
07-08 18:24:09.938 15193 15514 D CronetEngine:  hostResolveIps: []
07-08 18:24:09.938 15193 15514 D CronetEngine: exception: null
07-08 18:24:09.942 12286 12286 D IMEBottomManager: onGlobalLayout..
07-08 18:24:09.942 12286 12286 I IMEBottomManager: rootViewHeight : 2086 fullScreenHeight:1922 inputAreaHeight:0 miuiBottomHeight:164
07-08 18:24:09.942 12286 12286 I IMEBottomManager: heightLeftForMIUI 164
07-08 18:24:09.942  2687  2687 D StatusBar: disable<e i a s b h r c s > disable2<q i n >
07-08 18:24:09.943 15193 15193 W Glide   : Load failed for http://static-test.missevan.com/dramacoversmini/201809/19/a9259b768717e5ebb39c7b4193d12f9a104537.png with size [314x420]
07-08 18:24:09.943 15193 15193 W Glide   : class com.bumptech.glide.load.a.q: Failed to load resource
07-08 18:24:09.943 15193 15193 W Glide   : There was 1 root cause:
07-08 18:24:09.943 15193 15193 W Glide   : com.bumptech.glide.load.e(Not Found, status code: 404)
07-08 18:24:09.943 15193 15193 W Glide   :  call GlideException#logRootCauses(String) for more detail
07-08 18:24:09.943 15193 15193 W Glide   :   Cause (1 of 1): class com.bumptech.glide.load.a.q: Fetching data failed, class java.io.InputStream, REMOTE
07-08 18:24:09.943 15193 15193 W Glide   : There was 1 root cause:
07-08 18:24:09.943 15193 15193 W Glide   : com.bumptech.glide.load.e(Not Found, status code: 404)
07-08 18:24:09.943 15193 15193 W Glide   :  call GlideException#logRootCauses(String) for more detail
07-08 18:24:09.943 15193 15193 W Glide   :     Cause (1 of 1): class com.bumptech.glide.load.e: Not Found, status code: 404
07-08 18:24:09.943 15193 15193 I Glide   : Root cause (1 of 1)
07-08 18:24:09.943 15193 15193 I Glide   : com.bumptech.glide.load.e: Not Found, status code: 404
07-08 18:24:09.943 15193 15193 I Glide   : 	at com.bumptech.glide.integration.okhttp3.b.onResponse(SourceFile:71)
07-08 18:24:09.943 15193 15193 I Glide   : 	at okhttp3.ac$a.execute(SourceFile:221)
07-08 18:24:09.943 15193 15193 I Glide   : 	at okhttp3.internal.b.run(SourceFile:32)
07-08 18:24:09.943 15193 15193 I Glide   : 	at java.util.concurrent.ThreadPoolExecutor.runWorker(ThreadPoolExecutor.java:1167)
07-08 18:24:09.943 15193 15193 I Glide   : 	at java.util.concurrent.ThreadPoolExecutor$Worker.run(ThreadPoolExecutor.java:641)
07-08 18:24:09.943 15193 15193 I Glide   : 	at java.lang.Thread.run(Thread.java:923)
07-08 18:24:09.947  1000  1000 D CompositionEngine: writeOutputDependentGeometryStateToHWC layer[cn.missevan/cn.missevan.activity.MainActivity#0] set Z 134217728 miFodLayer 134217728
07-08 18:24:09.947  1000  1000 D CompositionEngine: writeOutputDependentGeometryStateToHWC layer[#0] set Z 134217729 miFodLayer 134217728
07-08 18:24:09.947  1000  1000 D CompositionEngine: writeOutputDependentGeometryStateToHWC layer[StatusBar#0] set Z 134217730 miFodLayer 134217728
07-08 18:24:09.947  1000  1000 D CompositionEngine: writeOutputDependentGeometryStateToHWC layer[Sprite#3] set Z 134217731 miFodLayer 134217728
07-08 18:24:09.947  1000  1000 D CompositionEngine: writeOutputDependentGeometryStateToHWC layer[RoundCorner#0] set Z 134217732 miFodLayer 134217728
07-08 18:24:09.947  1000  1000 D CompositionEngine: writeOutputDependentGeometryStateToHWC layer[RoundCorner#1] set Z 134217733 miFodLayer 134217728
07-08 18:24:09.959  1000  1000 D CompositionEngine: writeOutputDependentGeometryStateToHWC layer[cn.missevan/cn.missevan.activity.MainActivity#0] set Z 134217728 miFodLayer 134217728
07-08 18:24:09.959  1000  1000 D CompositionEngine: writeOutputDependentGeometryStateToHWC layer[#0] set Z 134217729 miFodLayer 134217728
07-08 18:24:09.959  1000  1000 D CompositionEngine: writeOutputDependentGeometryStateToHWC layer[StatusBar#0] set Z 134217730 miFodLayer 134217728
07-08 18:24:09.959  1000  1000 D CompositionEngine: writeOutputDependentGeometryStateToHWC layer[RoundCorner#0] set Z 134217731 miFodLayer 134217728
07-08 18:24:09.959  1000  1000 D CompositionEngine: writeOutputDependentGeometryStateToHWC layer[RoundCorner#1] set Z 134217732 miFodLayer 134217728
07-08 18:24:09.965 15193 15514 D CronetEngine: [thread_background]
07-08 18:24:09.965 15193 15514 D CronetEngine: url: https://static-test.maoercdn.com/coversmini/201507/11/fa51ce9e96e3c40e91e1a2edde1ec1d5145842.jpg?x-oss-process=image/resize,w_310/format,webp
07-08 18:24:09.965 15193 15514 D CronetEngine:  ip: 150.139.243.241
07-08 18:24:09.965 15193 15514 D CronetEngine:  hostResolverProvider:
07-08 18:24:09.965 15193 15514 D CronetEngine:  hostResolveIps: []
07-08 18:24:09.965 15193 15514 D CronetEngine: exception: null
07-08 18:24:09.965 15193 15193 W Glide   : Load failed for https://static-test.maoercdn.com/coversmini/201507/11/fa51ce9e96e3c40e91e1a2edde1ec1d5145842.jpg with size [310x310]
07-08 18:24:09.965 15193 15193 W Glide   : class com.bumptech.glide.load.a.q: Failed to load resource
07-08 18:24:09.965 15193 15193 W Glide   : There was 1 root cause:
07-08 18:24:09.965 15193 15193 W Glide   : com.bumptech.glide.load.e(, status code: 404)
07-08 18:24:09.965 15193 15193 W Glide   :  call GlideException#logRootCauses(String) for more detail
07-08 18:24:09.965 15193 15193 W Glide   :   Cause (1 of 1): class com.bumptech.glide.load.a.q: Fetching data failed, class java.io.InputStream, REMOTE
07-08 18:24:09.965 15193 15193 W Glide   : There was 1 root cause:
07-08 18:24:09.965 15193 15193 W Glide   : com.bumptech.glide.load.e(, status code: 404)
07-08 18:24:09.965 15193 15193 W Glide   :  call GlideException#logRootCauses(String) for more detail
07-08 18:24:09.965 15193 15193 W Glide   :     Cause (1 of 1): class com.bumptech.glide.load.e: , status code: 404
07-08 18:24:09.965 15193 15193 I Glide   : Root cause (1 of 1)
07-08 18:24:09.965 15193 15193 I Glide   : com.bumptech.glide.load.e: , status code: 404
07-08 18:24:09.965 15193 15193 I Glide   : 	at com.bumptech.glide.integration.okhttp3.b.onResponse(SourceFile:71)
07-08 18:24:09.965 15193 15193 I Glide   : 	at okhttp3.ac$a.execute(SourceFile:221)
07-08 18:24:09.965 15193 15193 I Glide   : 	at okhttp3.internal.b.run(SourceFile:32)
07-08 18:24:09.965 15193 15193 I Glide   : 	at java.util.concurrent.ThreadPoolExecutor.runWorker(ThreadPoolExecutor.java:1167)
07-08 18:24:09.965 15193 15193 I Glide   : 	at java.util.concurrent.ThreadPoolExecutor$Worker.run(ThreadPoolExecutor.java:641)
07-08 18:24:09.965 15193 15193 I Glide   : 	at java.lang.Thread.run(Thread.java:923)
07-08 18:24:09.969 15193 15514 D CronetEngine: [thread_background]
07-08 18:24:09.969 15193 15514 D CronetEngine: url: http://static-test.missevan.com/dramacoversmini/201709/07/1f7769e03f2eeafbf233803f7c16b360192304.png?x-oss-process=image/resize,w_205/format,webp
07-08 18:24:09.969 15193 15514 D CronetEngine:  ip: 140.249.40.206
07-08 18:24:09.969 15193 15514 D CronetEngine:  hostResolverProvider:
