07-08 18:24:06.579  1283  2290 D MediaMetricsService: submitInternal: isTrusted:0 given uid -1; sanitized uid: 10837 sanitized pkg: 10837 sanitized pkg version: 0
07-08 18:24:06.579  1331  2637 I hw-BpHwBinder: onLastStrongRef automatically unlinking death recipients
07-08 18:24:06.579  1283  2290 D MediaMetricsService: submitInternal: item->getKey().c_str() = audiotrack
07-08 18:24:06.579  1283  2290 D MediaMetricsService: submitInternal: item->getCString(kCodecPackageName, &msg_send->packgeName) = 0
07-08 18:24:06.579  1283  2290 D MediaMetricsService: submitInternal: item->getInt32(kCodecHdrInfo, &msg_send->hdr) = 0
07-08 18:24:06.580  1283  2290 D MediaMetricsService: submitInternal: item->getInt32(kCodecFrameRateCal, &msg_send->frameRateCal) = 0
07-08 18:24:06.580  1283  2290 D MediaMetricsService: submitInternal: msg_send->frameRateCal = 1667328356
07-08 18:24:06.580 15193 15587 E libc    : Access denied finding property "ro.vendor.media.video.frc.support"
07-08 18:24:06.580  1283  2290 D MediaMetricsService: submitInternal: isTrusted:0 given uid -1; sanitized uid: 10837 sanitized pkg: 10837 sanitized pkg version: 0
07-08 18:24:06.580  1283  2290 D MediaMetricsService: submitInternal: item->getKey().c_str() = codec
07-08 18:24:06.580  1283  2290 D MediaMetricsService: submitInternal: item->getCString(kCodecPackageName, &msg_send->packgeName) = 0
07-08 18:24:06.580  1283  2290 D MediaMetricsService: submitInternal: item->getInt32(kCodecHdrInfo, &msg_send->hdr) = 1
07-08 18:24:06.580  1283  2290 D MediaMetricsService: submitInternal: item->getInt32(kCodecFrameRateCal, &msg_send->frameRateCal) = 1
07-08 18:24:06.580  1283  2290 D MediaMetricsService: submitInternal: msg_send->frameRateCal = -1
07-08 18:24:06.582 15122 15152 I appium  : Found zero matches
07-08 18:24:06.583 15122 15152 I appium  : AppiumResponse: {"sessionId":"fa3816bb-75ba-410c-bc5e-bd6fec725b0d","value":[]}
07-08 18:24:06.586   995  1834 D AudioFlinger: updateWakeLockUids_l AudioOut_1D uids:
07-08 18:24:06.587   904 18744 D msm8974_platform: platform_split_snd_device: snd_device(2) num devices(1) new_snd_devices(0)
07-08 18:24:06.587  1969  7081 I system_server: oneway function results will be dropped but finished with status OK and parcel size 4
07-08 18:24:06.587   904 18744 D ACDB-LOADER: ACDB -> send_audvoltable
07-08 18:24:06.587   904 18744 D ACDB-LOADER: ACDB -> ACDB_CMD_GET_AUDPROC_INSTANCE_GAIN_DEP_STEP_TABLE_SIZE
07-08 18:24:06.587   904 18744 D android.hardware.audio.service: Failed to fetch the lookup information of the device 0000271B
07-08 18:24:06.587   904 18744 D ACDB-LOADER: Error: ACDB_CMD_GET_AUDPROC_INSTANCE_GAIN_DEP_STEP_TABLE_SIZE Returned = -19
07-08 18:24:06.587   904 18744 D ACDB-LOADER: ACDB -> ACDB_CMD_GET_AUDPROC_INSTANCE_GAIN_DEP_STEP_TABLE, vol index 0
07-08 18:24:06.587   904 18744 D android.hardware.audio.service: Failed to fetch the lookup information of the device 0000271B
07-08 18:24:06.587   904 18744 D ACDB-LOADER: Error: ACDB AudProc vol returned = -19
07-08 18:24:06.587   904 18744 D ACDB-LOADER: ACDB -> AUDIO_SET_VOL_CAL cal type = 40
07-08 18:24:06.587   904 27940 D msm8974_platform: platform_split_snd_device: snd_device(2) num devices(1) new_snd_devices(0)
07-08 18:24:06.588   995  1724 D APM_AudioPolicyManager: stopOutput() output 29, stream 3, session 5657 uid 10837
07-08 18:24:06.588   995  1724 D APM_AudioPolicyManager: getNewOutputDevices selected devices AUDIO_DEVICE_NONE
07-08 18:24:06.588   995  1724 D APM_AudioPolicyManager: setOutputDevices device AUDIO_DEVICE_NONE delayMs 160 force 0
07-08 18:24:06.588  9145  9479 I PowerCheckerService: uid:10837change to inactive
07-08 18:24:06.588   995  1724 D APM_AudioPolicyManager: setOutputDevices setting same device AUDIO_DEVICE_NONE or null device, force=0, patch handle=8
07-08 18:24:06.588   995  1724 W APM::AudioPolicyEngine: getDevicesForStrategy() unknown strategy: -1
07-08 18:24:06.588   995  1724 W APM::AudioPolicyEngine: getDevicesForStrategy() unknown strategy: -1
07-08 18:24:06.589  9145  9311 I AppActiveChecker: uid:10837change to inactive
07-08 18:24:06.591   904 27940 V EffectMiSound: MiSound_command() start, cmdCode=20
07-08 18:24:06.591   904 27940 V EffectMiSound: MiSound_Command EFFECT_CMD_OFFLOAD
07-08 18:24:06.591   904 27940 V EffectMiSound: MiSound_command() start, cmdCode=1
07-08 18:24:06.592   904 27940 V EffectMiSound: MiSound_setConfig start
07-08 18:24:06.592   904 27940 I EffectMiSound: MiSound_updateState(), enable=0, hifi=0, device=0x2, headset=0, samplingRate=48000
07-08 18:24:06.592   904 27940 I EffectMiSound: MiSound_updateState(), mode=0, music=0, movie=0, reset=0
07-08 18:24:06.592   904 27940 D EffectMiSound: MiSound_updateShareParam enter
07-08 18:24:06.592   904 27940 I EffectMiSound: MiSound_updateState(), Speaker Dual Mode is not supported. Stop update state.
07-08 18:24:06.592   904 18744 V EffectMiSound: MiSound_command() start, cmdCode=9
07-08 18:24:06.592   904 18744 V EffectMiSound: MiSound_Command EFFECT_CMD_SET_DEVICE: 0x00000002
07-08 18:24:06.592   904 27939 V EffectMiSound: MiSound_command() start, cmdCode=11
07-08 18:24:06.592   904 27939 V EffectMiSound: MiSound_Command EFFECT_CMD_SET_AUDIO_MODE: 0
07-08 18:24:06.593  1283  2290 D MediaMetricsService: submitInternal: isTrusted:1 given uid -1; sanitized uid: 1041 sanitized pkg: audioserver sanitized pkg version: 0
07-08 18:24:06.593  1283  2290 D MediaMetricsService: submitInternal: item->getKey().c_str() = audio.track.769
07-08 18:24:06.593   904 18744 D audio_hw_primary: out_set_parameters: enter: usecase(0: deep-buffer-playback) kvpairs: appname=-cn.missevan
07-08 18:24:06.593  1283  2290 D MediaMetricsService: submitInternal: item->getCString(kCodecPackageName, &msg_send->packgeName) = 0
07-08 18:24:06.593  1283  2290 D MediaMetricsService: submitInternal: item->getInt32(kCodecHdrInfo, &msg_send->hdr) = 0
07-08 18:24:06.593  1283  2290 D MediaMetricsService: submitInternal: item->getInt32(kCodecFrameRateCal, &msg_send->frameRateCal) = 0
07-08 18:24:06.593  1283  2290 D MediaMetricsService: submitInternal: msg_send->frameRateCal = 129
07-08 18:24:06.593   995  1724 D APM_AudioPolicyManager: releaseOutput() output 29, stream 3, session 5657 [uid=10837]
07-08 18:24:06.624 12146 12423 V Avrcp_ext: AvrcpMessageHandler: received message=29
07-08 18:24:06.625 12146 12423 V Avrcp_ext: updateCurrentMediaState: mMediaController: MediaController (cn.missevan@b88cfbb) null, null, null
07-08 18:24:06.625 12146 12423 V Avrcp_ext: isMusicActive: false getBluetoothPlayState: 0
07-08 18:24:06.625 12146 12423 V Avrcp_ext: updateCurrentMediaState: isPlaying = false
07-08 18:24:06.625 12146 12423 V Avrcp_ext: updateCurrentMediaState: get media attributes:
07-08 18:24:06.626 12146 12423 D Avrcp_ext: overwrite album_artist :if album is blank
07-08 18:24:06.626 12146 12423 D Avrcp_ext:  albumName : device :null
07-08 18:24:06.626 12146 12423 I Avrcp_ext: Skipping update due to invalid playback state
07-08 18:24:06.627   599   599 E SELinux : avc:  denied  { find } for pid=7093 uid=10181 name=tethering scontext=u:r:vendor_systemhelper_app:s0:c512,c768 tcontext=u:object_r:tethering_service:s0 tclass=service_manager permissive=0
07-08 18:24:06.627 12146 12423 V Avrcp_ext: updatePlaybackState, state: PlaybackState {state=0, position=0, buffered position=0, speed=0.0, updated=787377932, actions=2461191, custom actions=[], active item id=-1, error=null} device: null
07-08 18:24:06.627 12146 12423 V Avrcp_ext: Device: no name:
07-08 18:24:06.627 12146 12423 I chatty  : uid=1002(bluetooth) BluetoothAvrcpH identical 3 lines
07-08 18:24:06.627 12146 12423 V Avrcp_ext: Device: no name:
07-08 18:24:06.627 12146 12423 V Avrcp_ext: updatePlayerStateAndPosition, old=PlaybackState {state=0, position=0, buffered position=0, speed=0.0, updated=787377932, actions=2461191, custom actions=[], active item id=-1, error=null}, state=PlaybackState {state=0, position=0, buffered position=0, speed=0.0, updated=787377932, actions=2461191, custom actions=[], active item id=-1, error=null}
07-08 18:24:06.627 12146 12423 V Avrcp_ext: old state = PlaybackState {state=0, position=0, buffered position=0, speed=0.0, updated=787377932, actions=2461191, custom actions=[], active item id=-1, error=null}, new state= PlaybackState {state=0, position=0, buffered position=0, speed=0.0, updated=787377932, actions=2461191, custom actions=[], active item id=-1, error=null}
07-08 18:24:06.627 12146 12423 D HeadsetService: getHeadsetService(): returning com.android.bluetooth.hfp.HeadsetService@2229e23
07-08 18:24:06.627 12146 12423 D HeadsetService:  isAudioOn: The number of audio connected devices 0
07-08 18:24:06.627 12146 12423 D HeadsetService: isScoOrCallActive(): Call Active:falseCall is Ringing:falseSCO is Active:false
07-08 18:24:06.627 12146 12423 D HeadsetService:  isAudioOn: The number of audio connected devices 0
07-08 18:24:06.628 12146 12423 I Avrcp_ext: updatePlayStatusForDevice: device: null
07-08 18:24:06.628 12146 12423 V Avrcp_ext: updatePlaybackState (1): old=PlaybackState {state=0, position=0, buffered position=0, speed=0.0, updated=787377932, actions=2461191, custom actions=[], active item id=-1, error=null}(0), new=PlaybackState {state=0, position=0, buffered position=0, speed=0.0, updated=787377932, actions=2461191, custom actions=[], active item id=-1, error=null}(0)
07-08 18:24:06.628 12146 12423 I Avrcp_ext: Exit updatePlayStatusForDevice
07-08 18:24:06.628 12146 12423 D HeadsetService:  isAudioOn: The number of audio connected devices 0
07-08 18:24:06.628 12146 12423 D HeadsetService: isScoOrCallActive(): Call Active:falseCall is Ringing:falseSCO is Active:false
07-08 18:24:06.628 12146 12423 D HeadsetService:  isAudioOn: The number of audio connected devices 0
07-08 18:24:06.628 12146 12423 I Avrcp_ext: updatePlayStatusForDevice: device: null
07-08 18:24:06.628 12146 12423 V Avrcp_ext: updatePlaybackState (1): old=PlaybackState {state=0, position=0, buffered position=0, speed=0.0, updated=787377932, actions=2461191, custom actions=[], active item id=-1, error=null}(0), new=PlaybackState {state=0, position=0, buffered position=0, speed=0.0, updated=787377932, actions=2461191, custom actions=[], active item id=-1, error=null}(0)
07-08 18:24:06.628 12146 12423 I Avrcp_ext: Exit updatePlayStatusForDevice
07-08 18:24:06.628 12146 12423 D HeadsetService:  isAudioOn: The number of audio connected devices 0
07-08 18:24:06.628 12146 12423 D HeadsetService: isScoOrCallActive(): Call Active:falseCall is Ringing:falseSCO is Active:false
07-08 18:24:06.629 12146 12423 D HeadsetService:  isAudioOn: The number of audio connected devices 0
07-08 18:24:06.629 12146 12423 I Avrcp_ext: updatePlayStatusForDevice: device: null
07-08 18:24:06.629 12146 12423 V Avrcp_ext: updatePlaybackState (1): old=PlaybackState {state=0, position=0, buffered position=0, speed=0.0, updated=787377932, actions=2461191, custom actions=[], active item id=-1, error=null}(0), new=PlaybackState {state=0, position=0, buffered position=0, speed=0.0, updated=787377932, actions=2461191, custom actions=[], active item id=-1, error=null}(0)
07-08 18:24:06.629 12146 12423 I Avrcp_ext: Exit updatePlayStatusForDevice
07-08 18:24:06.629 12146 12423 D HeadsetService:  isAudioOn: The number of audio connected devices 0
07-08 18:24:06.629 12146 12423 D HeadsetService: isScoOrCallActive(): Call Active:falseCall is Ringing:falseSCO is Active:false
07-08 18:24:06.629 12146 12423 D HeadsetService:  isAudioOn: The number of audio connected devices 0
07-08 18:24:06.629 12146 12423 I Avrcp_ext: updatePlayStatusForDevice: device: null
07-08 18:24:06.630 12146 12423 V Avrcp_ext: updatePlaybackState (1): old=PlaybackState {state=0, position=0, buffered position=0, speed=0.0, updated=787377932, actions=2461191, custom actions=[], active item id=-1, error=null}(0), new=PlaybackState {state=0, position=0, buffered position=0, speed=0.0, updated=787377932, actions=2461191, custom actions=[], active item id=-1, error=null}(0)
07-08 18:24:06.630 12146 12423 I Avrcp_ext: Exit updatePlayStatusForDevice
07-08 18:24:06.631 12146 12423 D HeadsetService:  isAudioOn: The number of audio connected devices 0
07-08 18:24:06.631 12146 12423 D HeadsetService: isScoOrCallActive(): Call Active:falseCall is Ringing:falseSCO is Active:false
07-08 18:24:06.631 12146 12423 D HeadsetService:  isAudioOn: The number of audio connected devices 0
07-08 18:24:06.631 12146 12423 I Avrcp_ext: updatePlayStatusForDevice: device: null
07-08 18:24:06.631 12146 12423 V Avrcp_ext: updatePlaybackState (1): old=PlaybackState {state=0, position=0, buffered position=0, speed=0.0, updated=787377932, actions=2461191, custom actions=[], active item id=-1, error=null}(0), new=PlaybackState {state=0, position=0, buffered position=0, speed=0.0, updated=787377932, actions=2461191, custom actions=[], active item id=-1, error=null}(0)
07-08 18:24:06.631 12146 12423 I Avrcp_ext: Exit updatePlayStatusForDevice
07-08 18:24:06.631 12146 12423 D Avrcp_ext: Enter sendPlayPosNotificationRsp
07-08 18:24:06.631 12146 12423 D Avrcp_ext: sendPlayPosNotificationRsp: Not registered or requesting.
07-08 18:24:06.631 12146 12423 D Avrcp_ext: Enter sendPlayPosNotificationRsp
07-08 18:24:06.631 12146 12423 D Avrcp_ext: sendPlayPosNotificationRsp: Not registered or requesting.
07-08 18:24:06.631 12146 12423 D Avrcp_ext: Enter sendPlayPosNotificationRsp
07-08 18:24:06.631 12146 12423 D Avrcp_ext: sendPlayPosNotificationRsp: Not registered or requesting.
07-08 18:24:06.631 12146 12423 D Avrcp_ext: Enter sendPlayPosNotificationRsp
07-08 18:24:06.631 12146 12423 D Avrcp_ext: sendPlayPosNotificationRsp: Not registered or requesting.
07-08 18:24:06.631 12146 12423 D Avrcp_ext: Enter sendPlayPosNotificationRsp
07-08 18:24:06.631 12146 12423 D Avrcp_ext: sendPlayPosNotificationRsp: Not registered or requesting.
07-08 18:24:06.631 12146 12423 V Avrcp_ext: Exit updatePlayerStateAndPosition
07-08 18:24:06.631 12146 12423 V Avrcp_ext: Exit handleMessage
07-08 18:24:06.828   599   599 E SELinux : avc:  denied  { find } for pid=7093 uid=10181 name=tethering scontext=u:r:vendor_systemhelper_app:s0:c512,c768 tcontext=u:object_r:tethering_service:s0 tclass=service_manager permissive=0
07-08 18:24:07.000   787   787 D Zygote  : Forked child process 15614
07-08 18:24:07.002  1969  2167 I ActivityManager: Start proc 15614:cn.missevan:stats/u0a837 for service {cn.missevan/com.bilibili.lib.neuron.internal.NeuronRemoteService} caller=cn.missevan
07-08 18:24:07.002 15614 15614 W Zygote  : Unable to open libbeluga.so: dlopen failed: library "libbeluga.so" not found.
07-08 18:24:07.004 15614 15614 I libc    : SetHeapTaggingLevel: tag level set to 0
07-08 18:24:07.007 15614 15614 I .missevan:stat: Late-enabling -Xcheck:jni
07-08 18:24:07.022 15614 15614 I .missevan:stat: Unquickening 20 vdex files!
07-08 18:24:07.025  2571  2575 I adbd    : jdwp connection from 15614
07-08 18:24:07.028   599   599 E SELinux : avc:  denied  { find } for pid=7093 uid=10181 name=tethering scontext=u:r:vendor_systemhelper_app:s0:c512,c768 tcontext=u:object_r:tethering_service:s0 tclass=service_manager permissive=0
07-08 18:24:07.032  1969  7081 D CompatibilityInfo: mCompatibilityFlags - 0
07-08 18:24:07.032  1969  7081 D CompatibilityInfo: applicationDensity - 440
07-08 18:24:07.032  1969  7081 D CompatibilityInfo: applicationScale - 1.0
07-08 18:24:07.033  1969  7081 D CompatibilityInfo: mCompatibilityFlags - 0
07-08 18:24:07.033  1969  7081 D CompatibilityInfo: applicationDensity - 440
07-08 18:24:07.033  1969  7081 D CompatibilityInfo: applicationScale - 1.0
07-08 18:24:07.040 15614 15614 D ApplicationLoaders: Returning zygote-cached class loader: /system/framework/android.test.base.jar
07-08 18:24:07.050 15614 15614 I Perf    : Connecting to perf service.
07-08 18:24:07.056 15614 15614 D NetworkSecurityConfig: Using Network Security Config from resource g debugBuild: true
07-08 18:24:07.057 15614 15614 D NetworkSecurityConfig: Using Network Security Config from resource g debugBuild: true
07-08 18:24:07.058 15614 15614 D Tinker.TinkerLoader: tryLoad test test
07-08 18:24:07.059 15614 15614 W Tinker.TinkerLoader: tryLoadPatchFiles:patch dir not exist:/data/user/0/cn.missevan/tinker
07-08 18:24:07.062 15614 15614 D Tinker.DefaultAppLike: onBaseContextAttached:
07-08 18:24:07.062 15614 15614 I MultiDex: VM with version 2.1.0 has multidex support
07-08 18:24:07.062 15614 15614 I MultiDex: Installing application
07-08 18:24:07.062 15614 15614 I MultiDex: VM has multidex support, MultiDex support library is disabled.
07-08 18:24:07.071 15614 15614 D Tinker.DefaultAppLike: onCreate
07-08 18:24:07.098 15122 15152 I appium  : channel read: POST /wd/hub/session/fa3816bb-75ba-410c-bc5e-bd6fec725b0d/elements
07-08 18:24:07.099 15122 15152 I appium  : FindElements command
07-08 18:24:07.100 15122 15152 I appium  : method: 'class name', selector: 'android.widget.Button'
07-08 18:24:07.100 15122 15152 I appium  : Waiting up to 10000ms for the device to idle
07-08 18:24:07.121 15614 15614 W .missevan:stat: Accessing hidden method Landroid/app/ActivityThread;->currentApplication()Landroid/app/Application; (greylist, linking, allowed)
07-08 18:24:07.129  1969  2395 D WifiScoreReportInjector: Fast switch not enabled
07-08 18:24:07.146 15614 15646 D SentryLog: [pool-4-thread-1] SU isn't found on this Device.
07-08 18:24:07.150 15614 15614 I SentryLog: [main] Initializing SDK with DSN: 'https://8e68e4623f6348b0b9984471d41e3e2d@sentry.missevan.com/2'
07-08 18:24:07.153 15614 15614 I SentryLog: [main] GlobalHubMode: 'true'
07-08 18:24:07.148 15614 15614 W pool-4-thread-1: type=1400 audit(0.0:3349441): avc: denied { read } for name="version" dev="proc" ino=4026532262 scontext=u:r:untrusted_app_27:s0:c69,c259,c512,c768 tcontext=u:object_r:proc_version:s0 tclass=file permissive=0 app=cn.missevan
07-08 18:24:07.161 15614 15614 D SentryLog: [main] UncaughtExceptionHandlerIntegration enabled: true
07-08 18:24:07.161 15614 15614 D SentryLog: [main] default UncaughtExceptionHandler class='xcrash.i'
07-08 18:24:07.162 15614 15614 D SentryLog: [main] UncaughtExceptionHandlerIntegration installed.
07-08 18:24:07.162 15614 15614 D SentryLog: [main] ShutdownHookIntegration installed.
07-08 18:24:07.163 15614 15614 D SentryLog: [main] SendCachedEventFireAndForgetIntegration installed.
07-08 18:24:07.164 15614 15649 D SentryLog: [pool-3-thread-1] Started processing cached files from /data/user/0/cn.missevan/cache/sentry
07-08 18:24:07.164 15614 15614 D SentryLog: [main] NdkIntegration enabled: true
07-08 18:24:07.164 15614 15614 I sentry-native: using database path "/data/user/0/cn.missevan/cache/sentry/.sentry-native"
07-08 18:24:07.164 15614 15614 D sentry-native: starting backend
07-08 18:24:07.165 15614 15614 D SentryLog: [main] NdkIntegration installed.
07-08 18:24:07.165 15614 15649 D SentryLog: [pool-3-thread-1] Processing dir. /data/user/0/cn.missevan/cache/sentry
07-08 18:24:07.165 15614 15614 D SentryLog: [main] Registering EnvelopeFileObserverIntegration for path: /data/user/0/cn.missevan/cache/sentry/outbox
07-08 18:24:07.166 15614 15614 D SentryLog: [main] EnvelopeFileObserverIntegration installed.
07-08 18:24:07.166 15614 15649 D SentryLog: [pool-3-thread-1] Processing 0 items from cache dir /data/user/0/cn.missevan/cache/sentry
07-08 18:24:07.167 15614 15614 D SentryLog: [main] SendCachedEventFireAndForgetIntegration installed.
07-08 18:24:07.167 15614 15614 D SentryLog: [main] AnrIntegration enabled: true
07-08 18:24:07.167 15614 15649 D SentryLog: [pool-3-thread-1] File /data/user/0/cn.missevan/cache/sentry/outbox is not a File.
07-08 18:24:07.167 15614 15614 D SentryLog: [main] ANR timeout in milliseconds: 5000
07-08 18:24:07.168 15614 15614 D SentryLog: [main] AnrIntegration installed.
07-08 18:24:07.168 15614 15649 D SentryLog: [pool-3-thread-1] File /data/user/0/cn.missevan/cache/sentry/.sentry-native is not a File.
07-08 18:24:07.168 15614 15614 D SentryLog: [main] enableSessionTracking enabled: true
07-08 18:24:07.169 15614 15614 D SentryLog: [main] enableAppLifecycleBreadcrumbs enabled: true
07-08 18:24:07.169 15614 15649 D SentryLog: [pool-3-thread-1] Processing file: /data/user/0/cn.missevan/cache/sentry/session.json
07-08 18:24:07.170 15614 15649 D SentryLog: [pool-3-thread-1] File '/data/user/0/cn.missevan/cache/sentry/session.json' doesn't match extension expected.
07-08 18:24:07.170 15614 15614 D SentryLog: [main] AppLifecycleIntegration installed.
07-08 18:24:07.171 15614 15614 D SentryLog: [main] ActivityLifecycleIntegration enabled: true
07-08 18:24:07.171 15614 15649 D SentryLog: [pool-3-thread-1] Finished processing cached files from /data/user/0/cn.missevan/cache/sentry
07-08 18:24:07.171 15614 15614 D SentryLog: [main] ActivityLifecycleIntegration installed.
07-08 18:24:07.171 15614 15614 D SentryLog: [main] UserInteractionIntegration enabled: true
07-08 18:24:07.172 15614 15649 D SentryLog: [pool-3-thread-1] Started processing cached files from /data/user/0/cn.missevan/cache/sentry/outbox
07-08 18:24:07.172 15614 15614 D SentryLog: [main] UserInteractionIntegration installed.
07-08 18:24:07.172 15614 15614 D SentryLog: [main] AppComponentsBreadcrumbsIntegration enabled: true
07-08 18:24:07.173 15614 15649 D SentryLog: [pool-3-thread-1] Processing dir. /data/user/0/cn.missevan/cache/sentry/outbox
07-08 18:24:07.173 15614 15614 D SentryLog: [main] AppComponentsBreadcrumbsIntegration installed.
07-08 18:24:07.173 15614 15614 D SentryLog: [main] SystemEventsBreadcrumbsIntegration enabled: true
07-08 18:24:07.174 15614 15649 D SentryLog: [pool-3-thread-1] Processing 0 items from cache dir /data/user/0/cn.missevan/cache/sentry/outbox
07-08 18:24:07.175 15614 15614 D SentryLog: [main] SystemEventsBreadcrumbsIntegration installed.
07-08 18:24:07.175 15614 15649 D SentryLog: [pool-3-thread-1] Finished processing cached files from /data/user/0/cn.missevan/cache/sentry/outbox
07-08 18:24:07.175 15614 15614 D SentryLog: [main] enableSystemEventsBreadcrumbs enabled: true
07-08 18:24:07.179 15614 15614 I SentryLog: [main] TYPE_AMBIENT_TEMPERATURE is not available.
07-08 18:24:07.179 15614 15614 D SentryLog: [main] enableSystemEventBreadcrumbs enabled: true
07-08 18:24:07.181 15614 15614 D CompatibilityChangeReporter: Compat change id reported: 147600208; UID 10837; state: DISABLED
07-08 18:24:07.183 15614 15614 D SentryLog: [main] PhoneStateBreadcrumbsIntegration installed.
07-08 18:24:07.184 15614 15614 D SentryLog: [main] FragmentLifecycleIntegration installed.
07-08 18:24:07.211 15614 15658 W .missevan:stat: Accessing hidden method Lcom/android/id/impl/IdProviderImpl;-><init>()V (greylist, reflection, allowed)
07-08 18:24:07.211 15614 15658 W .missevan:stat: Accessing hidden method Lcom/android/id/impl/IdProviderImpl;->getUDID(Landroid/content/Context;)Ljava/lang/String; (greylist, reflection, allowed)
07-08 18:24:07.211 15614 15658 W .missevan:stat: Accessing hidden method Lcom/android/id/impl/IdProviderImpl;->getOAID(Landroid/content/Context;)Ljava/lang/String; (greylist, reflection, allowed)
07-08 18:24:07.211 15614 15658 W .missevan:stat: Accessing hidden method Lcom/android/id/impl/IdProviderImpl;->getVAID(Landroid/content/Context;)Ljava/lang/String; (greylist, reflection, allowed)
07-08 18:24:07.211 15614 15658 W .missevan:stat: Accessing hidden method Lcom/android/id/impl/IdProviderImpl;->getAAID(Landroid/content/Context;)Ljava/lang/String; (greylist, reflection, allowed)
07-08 18:24:07.211 15614 15658 D IdProviderImpl: getOAID
07-08 18:24:07.228 15614 15614 D NAccs.AccsClientConfig:  build config:AccsClientConfig{mAppKey='umeng:546d7dd7fd98c58fc800082c', mAppSecret='64e8358a59d434e5546720db97ab5996', mInappHost='umengacs.m.taobao.com', mChannelHost='umengjmacs.m.taobao.com', mStoreId='', mSecurity=2, mAuthCode='', mInappPubKey=11, mChannelPubKey=11, mKeepalive=true, mAutoUnit=false, mTag='default', mConfigEnv=0, mDisableChannel=false, mQuickReconnect=false, mAccsHeartbeatEnable=false, mPullUpEnable=false, mForePingEnable=false, mPingTimeout=0}
07-08 18:24:07.229 15614 15614 W NAccs.AccsClientConfig:  build conver old config:AccsClientConfig{mAppKey='umeng:546d7dd7fd98c58fc800082c', mAppSecret='64e8358a59d434e5546720db97ab5996', mInappHost='msgacs.m.taobao.com', mChannelHost='accscdn.m.taobao.com', mStoreId='', mSecurity=2, mAuthCode='', mInappPubKey=-1, mChannelPubKey=-1, mKeepalive=true, mAutoUnit=true, mTag='default', mConfigEnv=0, mDisableChannel=false, mQuickReconnect=false, mAccsHeartbeatEnable=false, mPullUpEnable=true, mForePingEnable=false, mPingTimeout=0}
07-08 18:24:07.229 15614 15614 D NAccs.ACCSClient:  init config:AccsClientConfig{mAppKey='umeng:546d7dd7fd98c58fc800082c', mAppSecret='64e8358a59d434e5546720db97ab5996', mInappHost='umengacs.m.taobao.com', mChannelHost='umengjmacs.m.taobao.com', mStoreId='', mSecurity=2, mAuthCode='', mInappPubKey=11, mChannelPubKey=11, mKeepalive=true, mAutoUnit=false, mTag='default', mConfigEnv=0, mDisableChannel=false, mQuickReconnect=false, mAccsHeartbeatEnable=false, mPullUpEnable=false, mForePingEnable=false, mPingTimeout=0}
07-08 18:24:07.230   599   599 E SELinux : avc:  denied  { find } for pid=7093 uid=10181 name=tethering scontext=u:r:vendor_systemhelper_app:s0:c512,c768 tcontext=u:object_r:tethering_service:s0 tclass=service_manager permissive=0
07-08 18:24:07.231 15614 15664 I UPush   : appkey:546d7dd7fd98c58fc800082c secret:64e8358a59d434e5546720db97ab5996
07-08 18:24:07.232 15614 15664 I NAccs.TaobaoRegister:  register appKey:umeng:546d7dd7fd98c58fc800082c configTag:default
07-08 18:24:07.233 15614 15664 D NAccs.Config:  setAgooAppKey appkey:umeng:546d7dd7fd98c58fc800082c
07-08 18:24:07.233  2988  3766 W TelephonyPermissions: reportAccessDeniedToReadIdentifiers:cn.missevan:getImeiForSlot:-1
07-08 18:24:07.233 15614 15664 D NAccs.ACCSManager:  getAccsInstance key:default|0
07-08 18:24:07.234  2988  3766 W TelephonyPermissions: reportAccessDeniedToReadIdentifiers:cn.missevan:getDeviceId:-1
07-08 18:24:07.234 15614 15660 W .missevan:stat: Accessing hidden method Landroid/os/Build;->getString(Ljava/lang/String;)Ljava/lang/String; (greylist, reflection, allowed)
07-08 18:24:07.237  1969  7082 W ActivityManager: Unable to start service Intent { act=com.google.android.gms.ads.identifier.service.START pkg=com.google.android.gms } U=0: not found
07-08 18:24:07.241 15614 15614 W .missevan:stat: Accessing hidden method Ldalvik/system/CloseGuard;->get()Ldalvik/system/CloseGuard; (greylist,core-platform-api, reflection, allowed)
07-08 18:24:07.241 15614 15614 W .missevan:stat: Accessing hidden method Ldalvik/system/CloseGuard;->open(Ljava/lang/String;)V (greylist,core-platform-api, reflection, allowed)
07-08 18:24:07.241 15614 15614 W .missevan:stat: Accessing hidden method Ldalvik/system/CloseGuard;->warnIfOpen()V (greylist,core-platform-api, reflection, allowed)
07-08 18:24:07.245 15614 15664 D NAccs.MsgRecv_default:  message file not exist
07-08 18:24:07.246 15614 15664 D NAccs.InAppConn_default:  new connection
07-08 18:24:07.247 15614 15664 I NAccs.Utils:  isMainProcess result:false
07-08 18:24:07.247 15614 15664 I NAccs.ACCSMgrImpl_default:  bindApp appKey:umeng:546d7dd7fd98c58fc800082c
07-08 18:24:07.248 15614 15664 D NAccs.UtilityImpl:  enableService comptName:ComponentInfo{cn.missevan/com.taobao.accs.ChannelService}
07-08 18:24:07.250 15122 15152 I appium  : Found zero matches
07-08 18:24:07.251 15122 15152 I appium  : AppiumResponse: {"sessionId":"fa3816bb-75ba-410c-bc5e-bd6fec725b0d","value":[]}
07-08 18:24:07.252 15614 15667 D NAccs.FileCheckUtils:  st.getAvailableBlocks()=16872192,st.getAvailableBlocks() * blockSize=69108498432
07-08 18:24:07.256 15614 15614 I MissEvanApplication: [main] current process: cn.missevan:stats
07-08 18:24:07.258 15614 15614 I TetheringManager: registerTetheringEventCallback:cn.missevan
07-08 18:24:07.259 15614 15614 D BLOG-EVENT-Network: network changed: 3=>1
07-08 18:24:07.260  7393 20676 W MediaProvider: Forgot to handle a top level directory in getContentUriForFile?
07-08 18:24:07.262 15614 15614 W LaserActionExecutor: [main] actionClass map is null
07-08 18:24:07.265 15614 15614 V HotfixPatchListener: [main] application maxMemory:256
07-08 18:24:07.265  7393  7598 W MediaProvider: Failed to update quota for uri: content://media/external_primary/file/128142
07-08 18:24:07.265  7393  7598 W MediaProvider: java.io.FileNotFoundException: No item at content://media/external_primary/file/128142
07-08 18:24:07.265  7393  7598 W MediaProvider: 	at com.android.providers.media.MediaProvider.queryForSingleItem(MediaProvider.java:6502)
07-08 18:24:07.265  7393  7598 W MediaProvider: 	at com.android.providers.media.MediaProvider.queryForDataFile(MediaProvider.java:6464)
07-08 18:24:07.265  7393  7598 W MediaProvider: 	at com.android.providers.media.MediaProvider.queryForDataFile(MediaProvider.java:6456)
07-08 18:24:07.265  7393  7598 W MediaProvider: 	at com.android.providers.media.MediaProvider.updateQuotaTypeForUri(MediaProvider.java:608)
07-08 18:24:07.265  7393  7598 W MediaProvider: 	at com.android.providers.media.MediaProvider.access$900(MediaProvider.java:243)
07-08 18:24:07.265  7393  7598 W MediaProvider: 	at com.android.providers.media.MediaProvider$3.lambda$onUpdate$1(MediaProvider.java:695)
07-08 18:24:07.265  7393  7598 W MediaProvider: 	at com.android.providers.media.MediaProvider$3.lambda$onUpdate$1$MediaProvider$3(Unknown Source:0)
07-08 18:24:07.265  7393  7598 W MediaProvider: 	at com.android.providers.media.-$$Lambda$MediaProvider$3$WJkiC6ajEYmAPvc5_niXuh2KmrI.run(Unknown Source:8)
07-08 18:24:07.265  7393  7598 W MediaProvider: 	at android.os.Handler.handleCallback(Handler.java:938)
07-08 18:24:07.265  7393  7598 W MediaProvider: 	at android.os.Handler.dispatchMessage(Handler.java:99)
07-08 18:24:07.265  7393  7598 W MediaProvider: 	at android.os.Looper.loop(Looper.java:236)
07-08 18:24:07.265  7393  7598 W MediaProvider: 	at android.os.HandlerThread.run(HandlerThread.java:67)
07-08 18:24:07.268 15614 15614 W Tinker.Tinker: [main] tinker patch directory: /data/user/0/cn.missevan/tinker
07-08 18:24:07.268 15614 15614 I Tinker.Tinker: [main] try to install tinker, isEnable: true, version: 1.9.14.10.4
07-08 18:24:07.269 15614 15614 I Tinker.TinkerLoadResult: [main] parseTinkerResult loadCode:-2, process name:cn.missevan:stats, main process:false, systemOTA:false, fingerPrint:Xiaomi/umi/umi:11/RKQ1.200826.002/V12.5.10.0.RJBCNXM:user/release-keys, oatDir:null, useInterpretMode:false
07-08 18:24:07.270 15614 15614 W Tinker.TinkerLoadResult: [main] can't find patch file, is ok, just return
07-08 18:24:07.270 15614 15614 I Tinker.DefaultLoadReporter: [main] patch loadReporter onLoadResult: patch load result, path:/data/user/0/cn.missevan/tinker, code: -2, cost: 1ms
07-08 18:24:07.271 15614 15614 W Tinker.Tinker: [main] tinker load fail!
07-08 18:24:07.272   953   953 I ANDR-PERF-LM: LMPerfGlue: perfmodule_submit_request() 132: perfmodule_submit_request()
07-08 18:24:07.272   953   953 I ANDR-PERF-LM: Core: getInstance() 84: LM getInstance
07-08 18:24:07.272   953   953 D ANDR-PERF-LM: Feature: lookup() 101: Feature Name = AppClassifier, total featuers = 3, featureFound = 1
07-08 18:24:07.272   953   953 D ANDR-PERF-LM: Feature: getData() 112: data.data = 1
07-08 18:24:07.272   953   953 I ANDR-PERF-LM: FeedbackAPI: getFeedback() 60: app:cn.missevan feature:AppClassifier feedback = 1
07-08 18:24:07.275  1969  2393 I MiuiNetworkPolicy: bandwidth: 41 KB/s, Max bandwidth: 2531 KB/s
07-08 18:24:07.279 15614 15614 D Tinker.TinkerLoader: [main] [PendingLog @ 2022-07-08 18:24:07.058] tryLoad test test
07-08 18:24:07.283 15614 15614 W Tinker.TinkerLoader: [main] [PendingLog @ 2022-07-08 18:24:07.059] tryLoadPatchFiles:patch dir not exist:/data/user/0/cn.missevan/tinker
07-08 18:24:07.285  1969  8110 I system_server: oneway function results will be dropped but finished with status OK and parcel size 4
07-08 18:24:07.287  1969  7081 I system_server: oneway function results will be dropped but finished with status OK and parcel size 4
07-08 18:24:07.288  1969  7081 I chatty  : uid=1000(system) Binder:1969_13 identical 1 line
07-08 18:24:07.291  1969  7081 I system_server: oneway function results will be dropped but finished with status OK and parcel size 4
07-08 18:24:07.292 15614 15614 D Tinker.DefaultAppLike: [main] [PendingLog @ 2022-07-08 18:24:07.062] onBaseContextAttached:
07-08 18:24:07.295 15614 15614 D Tinker.DefaultAppLike: [main] [PendingLog @ 2022-07-08 18:24:07.071] onCreate
07-08 18:24:07.297  7393 20660 W MediaProvider: Forgot to handle a top level directory in getContentUriForFile?
07-08 18:24:07.301  7393  7598 W MediaProvider: Failed to update quota for uri: content://media/external_primary/file/128143
07-08 18:24:07.301  7393  7598 W MediaProvider: java.io.FileNotFoundException: No item at content://media/external_primary/file/128143
07-08 18:24:07.301  7393  7598 W MediaProvider: 	at com.android.providers.media.MediaProvider.queryForSingleItem(MediaProvider.java:6502)
07-08 18:24:07.301  7393  7598 W MediaProvider: 	at com.android.providers.media.MediaProvider.queryForDataFile(MediaProvider.java:6464)
07-08 18:24:07.301  7393  7598 W MediaProvider: 	at com.android.providers.media.MediaProvider.queryForDataFile(MediaProvider.java:6456)
07-08 18:24:07.301  7393  7598 W MediaProvider: 	at com.android.providers.media.MediaProvider.updateQuotaTypeForUri(MediaProvider.java:608)
07-08 18:24:07.301  7393  7598 W MediaProvider: 	at com.android.providers.media.MediaProvider.access$900(MediaProvider.java:243)
07-08 18:24:07.301  7393  7598 W MediaProvider: 	at com.android.providers.media.MediaProvider$3.lambda$onUpdate$1(MediaProvider.java:695)
07-08 18:24:07.301  7393  7598 W MediaProvider: 	at com.android.providers.media.MediaProvider$3.lambda$onUpdate$1$MediaProvider$3(Unknown Source:0)
07-08 18:24:07.301  7393  7598 W MediaProvider: 	at com.android.providers.media.-$$Lambda$MediaProvider$3$WJkiC6ajEYmAPvc5_niXuh2KmrI.run(Unknown Source:8)
07-08 18:24:07.301  7393  7598 W MediaProvider: 	at android.os.Handler.handleCallback(Handler.java:938)
07-08 18:24:07.301  7393  7598 W MediaProvider: 	at android.os.Handler.dispatchMessage(Handler.java:99)
07-08 18:24:07.301  7393  7598 W MediaProvider: 	at android.os.Looper.loop(Looper.java:236)
07-08 18:24:07.301  7393  7598 W MediaProvider: 	at android.os.HandlerThread.run(HandlerThread.java:67)
07-08 18:24:07.319 15614 15672 I neuron.producer: [thread_report] Producer init with sn=1.
07-08 18:24:07.330 15193 15193 I SplashFragment: [main] Delay times up, mHasRunLaunchMain: true
07-08 18:24:07.334 15614 15672 I neuron.statistics: [thread_report] Statistics init mobile stats ts=0, bytes=0.
07-08 18:24:07.335  2988  3766 W TelephonyPermissions: reportAccessDeniedToReadIdentifiers:cn.missevan:getDeviceId:-1
07-08 18:24:07.337 15614 15672 I neuron.traffic: [thread_report] Traffic policy initial interval=3000, batchSize=120
07-08 18:24:07.337  2988  3766 E PhoneInterfaceManager: [PhoneIntfMgr] getCarrierPrivilegeStatusForUid: No UICC
07-08 18:24:07.337  2988  3766 W TelephonyPermissions: reportAccessDeniedToReadIdentifiers:cn.missevan:getSubscriberId:4
07-08 18:24:07.340 15614 15664 W NAccs.ACCSMgrImpl_default:  bindApp only allow in main process
07-08 18:24:07.431   599   599 E SELinux : avc:  denied  { find } for pid=7093 uid=10181 name=tethering scontext=u:r:vendor_systemhelper_app:s0:c512,c768 tcontext=u:object_r:tethering_service:s0 tclass=service_manager permissive=0
07-08 18:24:07.446 15193 15193 I SplashFragment: [main] Start MainFragment
07-08 18:24:07.449 15193 15193 I ExoPlayerImpl: Release 7add0fd [ExoPlayerLib/2.17.1] [umi, Mi 10, Xiaomi, 30] [goog.exo.core, goog.exo.exoplayer, goog.exo.decoder, goog.exo.datasource, goog.exo.extractor]
07-08 18:24:07.473 15193 15193 D LeakCanary: Watching instance of skin.support.constraint.SkinCompatConstraintLayout (cn.missevan.view.fragment.SplashFragment received Fragment#onDestroyView() callback (references to its views should be cleared to prevent leaks)) with key 5f8b80f0-c120-47bf-bd80-ca1b1b391222
07-08 18:24:07.473 15193 15193 D LeakCanary: Watching instance of androidx.loader.app.LoaderManagerImpl$LoaderViewModel (androidx.loader.app.LoaderManagerImpl$LoaderViewModel received ViewModel#onCleared() callback) with key 5725e758-dd47-41b0-8f69-8d65cd8915b7
07-08 18:24:07.473 15193 15193 D LeakCanary: Watching instance of leakcanary.internal.ViewModelClearedWatcher (leakcanary.internal.ViewModelClearedWatcher received ViewModel#onCleared() callback) with key 82aa8965-b3a4-44e0-8494-f7c9ab3b5d70
07-08 18:24:07.474 15193 15193 D LeakCanary: Watching instance of androidx.loader.app.LoaderManagerImpl$LoaderViewModel (androidx.loader.app.LoaderManagerImpl$LoaderViewModel received ViewModel#onCleared() callback) with key 1bb6a9a9-9c93-4842-9860-68924d25019d
07-08 18:24:07.474 15193 15193 D LeakCanary: Watching instance of leakcanary.internal.ViewModelClearedWatcher (leakcanary.internal.ViewModelClearedWatcher received ViewModel#onCleared() callback) with key 70db043a-9393-4248-a460-d1c045cdd647
07-08 18:24:07.474 15193 15193 D LeakCanary: Watching instance of com.bumptech.glide.manager.SupportRequestManagerFragment (com.bumptech.glide.manager.SupportRequestManagerFragment received Fragment#onDestroy() callback) with key db9edd8b-319d-45d0-8de5-0d6212305c64
07-08 18:24:07.475 15193 15193 I ExoPlayerImpl: Release 7add0fd [ExoPlayerLib/2.17.1] [umi, Mi 10, Xiaomi, 30] [goog.exo.core, goog.exo.exoplayer, goog.exo.decoder, goog.exo.datasource, goog.exo.extractor]
07-08 18:24:07.475 15193 15193 D LeakCanary: Watching instance of cn.missevan.view.fragment.SplashFragment (cn.missevan.view.fragment.SplashFragment received Fragment#onDestroy() callback) with key 109626fa-9ee5-4084-8b7b-096543c0fc16
07-08 18:24:07.480  2687  2687 D StatusBar: disable<e i a s b h r c s > disable2<q i n >
07-08 18:24:07.480  1000  1000 D CompositionEngine: writeOutputDependentGeometryStateToHWC layer[cn.missevan/cn.missevan.activity.MainActivity#0] set Z 134217728 miFodLayer 134217728
07-08 18:24:07.481  1000  1000 D CompositionEngine: writeOutputDependentGeometryStateToHWC layer[#0] set Z 134217729 miFodLayer 134217728
07-08 18:24:07.481  1000  1000 D CompositionEngine: writeOutputDependentGeometryStateToHWC layer[RoundCorner#0] set Z 134217730 miFodLayer 134217728
07-08 18:24:07.481  1000  1000 D CompositionEngine: writeOutputDependentGeometryStateToHWC layer[RoundCorner#1] set Z 134217731 miFodLayer 134217728
07-08 18:24:07.481  1969  7082 W ActivityManager: Sending non-protected broadcast com.android.systemui.fullscreen.statechange from system 2687:com.android.systemui/1000 pkg com.android.systemui. Callers=
07-08 18:24:07.481  2687  2687 D StatusBar: disable<e i a s b h r c s > disable2<q i n >
07-08 18:24:07.484  3005  3196 D GestureStubView: gatherTransparentRegion: need render w:54  h:1404
07-08 18:24:07.484  3005  3202 D NavStubView: gatherTransparentRegion: need render w:1080  h:35
07-08 18:24:07.484  3005  3202 W NavStubView_Touch: onComputeInternalInsets  bounds=Rect(0, 0 - 1080, 35)   mHideGestureLine=true   mIsShowNavBar=true   mKeepHidden=false   mDisableTouch=false   mUseEmptyTouchableRegion=false
07-08 18:24:07.484  3005  3202 W NavStubView_Touch:   onComputeInternalInsets  region=SkRegion((0,0,1080,35))
07-08 18:24:07.484  3005  3202 D NavStubView_Touch: onSystemUiFlagsChanged  mIsShowStatusBar    old= false   new=true
07-08 18:24:07.485  3005  3202 D NavStubView_Touch: onSystemUiFlagsChanged  mIsShowNavBar    old= true   new=true
07-08 18:24:07.488 15193 15193 I MainFragment: [main] onCreateView
07-08 18:24:07.491  1000  1000 D CompositionEngine: writeOutputDependentGeometryStateToHWC layer[cn.missevan/cn.missevan.activity.MainActivity#0] set Z 134217728 miFodLayer 134217728
07-08 18:24:07.491  1000  1000 D CompositionEngine: writeOutputDependentGeometryStateToHWC layer[#0] set Z 134217729 miFodLayer 134217728
07-08 18:24:07.491  1000  1000 D CompositionEngine: writeOutputDependentGeometryStateToHWC layer[RoundCorner#0] set Z 134217730 miFodLayer 134217728
07-08 18:24:07.491  1000  1000 D CompositionEngine: writeOutputDependentGeometryStateToHWC layer[RoundCorner#1] set Z 134217731 miFodLayer 134217728
07-08 18:24:07.494  3005  3196 D GestureStubView: gatherTransparentRegion: need render w:54  h:1404
07-08 18:24:07.501  1000  1000 D CompositionEngine: writeOutputDependentGeometryStateToHWC layer[cn.missevan/cn.missevan.activity.MainActivity#0] set Z 134217728 miFodLayer 134217728
07-08 18:24:07.502  1000  1000 D CompositionEngine: writeOutputDependentGeometryStateToHWC layer[#0] set Z 134217729 miFodLayer 134217728
07-08 18:24:07.502  1000  1000 D CompositionEngine: writeOutputDependentGeometryStateToHWC layer[RoundCorner#0] set Z 134217730 miFodLayer 134217728
07-08 18:24:07.502  1000  1000 D CompositionEngine: writeOutputDependentGeometryStateToHWC layer[RoundCorner#1] set Z 134217731 miFodLayer 134217728
07-08 18:24:07.507   908 12402 I vendor.qti.bluetooth@1.0-ibs_handler: ProcessIbsCmd: Received IBS_WAKE_IND: 0xFD
07-08 18:24:07.507   908 12402 D vendor.qti.bluetooth@1.0-ibs_handler: SerialClockVote: vote for UART CLK ON
07-08 18:24:07.507   908 12402 D vendor.qti.bluetooth@1.0-wake_lock: Acquire wakelock is acquired
07-08 18:24:07.507   908 12402 I vendor.qti.bluetooth@1.0-ibs_handler: ProcessIbsCmd: Writing IBS_WAKE_ACK
07-08 18:24:07.508 12146 12405 V bt_stack: [VERBOSE1:btm_ble_gap.cc(1924)] btm_ble_process_ext_adv_pkt: bda=29:e0:1f:53:71:b1
07-08 18:24:07.508 12146 12405 V bt_stack: [VERBOSE1:btm_ble_gap.cc(1848)] btm_ble_process_adv_addr: bda=29:e0:1f:53:71:b1
07-08 18:24:07.508 12146 12405 V bt_stack: [VERBOSE1:btm_inq.cc(1019)] BTM_InqDbRead: bd addr 29:e0:1f:53:71:b1
07-08 18:24:07.514  1000  1000 D CompositionEngine: writeOutputDependentGeometryStateToHWC layer[cn.missevan/cn.missevan.activity.MainActivity#0] set Z 134217728 miFodLayer 134217728
07-08 18:24:07.514  1000  1000 D CompositionEngine: writeOutputDependentGeometryStateToHWC layer[#0] set Z 134217729 miFodLayer 134217728
07-08 18:24:07.514  1000  1000 D CompositionEngine: writeOutputDependentGeometryStateToHWC layer[StatusBar#0] set Z 134217730 miFodLayer 134217728
07-08 18:24:07.514  1000  1000 D CompositionEngine: writeOutputDependentGeometryStateToHWC layer[RoundCorner#0] set Z 134217731 miFodLayer 134217728
07-08 18:24:07.514  1000  1000 D CompositionEngine: writeOutputDependentGeometryStateToHWC layer[RoundCorner#1] set Z 134217732 miFodLayer 134217728
07-08 18:24:07.524  1000  1000 D CompositionEngine: writeOutputDependentGeometryStateToHWC layer[cn.missevan/cn.missevan.activity.MainActivity#0] set Z 134217728 miFodLayer 134217728
07-08 18:24:07.525  1000  1000 D CompositionEngine: writeOutputDependentGeometryStateToHWC layer[#0] set Z 134217729 miFodLayer 134217728
07-08 18:24:07.525  1000  1000 D CompositionEngine: writeOutputDependentGeometryStateToHWC layer[StatusBar#0] set Z 134217730 miFodLayer 134217728
07-08 18:24:07.525  1000  1000 D CompositionEngine: writeOutputDependentGeometryStateToHWC layer[RoundCorner#0] set Z 134217731 miFodLayer 134217728
07-08 18:24:07.525  1000  1000 D CompositionEngine: writeOutputDependentGeometryStateToHWC layer[RoundCorner#1] set Z 134217732 miFodLayer 134217728
07-08 18:24:07.535  1000  1000 D CompositionEngine: writeOutputDependentGeometryStateToHWC layer[cn.missevan/cn.missevan.activity.MainActivity#0] set Z 134217728 miFodLayer 134217728
07-08 18:24:07.535  1000  1000 D CompositionEngine: writeOutputDependentGeometryStateToHWC layer[#0] set Z 134217729 miFodLayer 134217728
07-08 18:24:07.535  1000  1000 D CompositionEngine: writeOutputDependentGeometryStateToHWC layer[StatusBar#0] set Z 134217730 miFodLayer 134217728
07-08 18:24:07.535  1000  1000 D CompositionEngine: writeOutputDependentGeometryStateToHWC layer[RoundCorner#0] set Z 134217731 miFodLayer 134217728
07-08 18:24:07.535  1000  1000 D CompositionEngine: writeOutputDependentGeometryStateToHWC layer[RoundCorner#1] set Z 134217732 miFodLayer 134217728
07-08 18:24:07.546  1000  1000 D CompositionEngine: writeOutputDependentGeometryStateToHWC layer[cn.missevan/cn.missevan.activity.MainActivity#0] set Z 134217728 miFodLayer 134217728
07-08 18:24:07.546  1000  1000 D CompositionEngine: writeOutputDependentGeometryStateToHWC layer[#0] set Z 134217729 miFodLayer 134217728
07-08 18:24:07.547  1000  1000 D CompositionEngine: writeOutputDependentGeometryStateToHWC layer[StatusBar#0] set Z 134217730 miFodLayer 134217728
07-08 18:24:07.547  1000  1000 D CompositionEngine: writeOutputDependentGeometryStateToHWC layer[RoundCorner#0] set Z 134217731 miFodLayer 134217728
07-08 18:24:07.547  1000  1000 D CompositionEngine: writeOutputDependentGeometryStateToHWC layer[RoundCorner#1] set Z 134217732 miFodLayer 134217728
07-08 18:24:07.558  1000  1000 D CompositionEngine: writeOutputDependentGeometryStateToHWC layer[cn.missevan/cn.missevan.activity.MainActivity#0] set Z 134217728 miFodLayer 134217728
07-08 18:24:07.558  1000  1000 D CompositionEngine: writeOutputDependentGeometryStateToHWC layer[#0] set Z 134217729 miFodLayer 134217728
07-08 18:24:07.558  1000  1000 D CompositionEngine: writeOutputDependentGeometryStateToHWC layer[StatusBar#0] set Z 134217730 miFodLayer 134217728
07-08 18:24:07.558  1000  1000 D CompositionEngine: writeOutputDependentGeometryStateToHWC layer[RoundCorner#0] set Z 134217731 miFodLayer 134217728
07-08 18:24:07.558  1000  1000 D CompositionEngine: writeOutputDependentGeometryStateToHWC layer[RoundCorner#1] set Z 134217732 miFodLayer 134217728
07-08 18:24:07.569  1000  1000 D CompositionEngine: writeOutputDependentGeometryStateToHWC layer[cn.missevan/cn.missevan.activity.MainActivity#0] set Z 134217728 miFodLayer 134217728
07-08 18:24:07.569  1000  1000 D CompositionEngine: writeOutputDependentGeometryStateToHWC layer[#0] set Z 134217729 miFodLayer 134217728
07-08 18:24:07.569  1000  1000 D CompositionEngine: writeOutputDependentGeometryStateToHWC layer[StatusBar#0] set Z 134217730 miFodLayer 134217728
07-08 18:24:07.569  1000  1000 D CompositionEngine: writeOutputDependentGeometryStateToHWC layer[RoundCorner#0] set Z 134217731 miFodLayer 134217728
07-08 18:24:07.569  1000  1000 D CompositionEngine: writeOutputDependentGeometryStateToHWC layer[RoundCorner#1] set Z 134217732 miFodLayer 134217728
07-08 18:24:07.580  1000  1000 D CompositionEngine: writeOutputDependentGeometryStateToHWC layer[cn.missevan/cn.missevan.activity.MainActivity#0] set Z 134217728 miFodLayer 134217728
07-08 18:24:07.580  1000  1000 D CompositionEngine: writeOutputDependentGeometryStateToHWC layer[#0] set Z 134217729 miFodLayer 134217728
07-08 18:24:07.580  1000  1000 D CompositionEngine: writeOutputDependentGeometryStateToHWC layer[StatusBar#0] set Z 134217730 miFodLayer 134217728
07-08 18:24:07.580  1000  1000 D CompositionEngine: writeOutputDependentGeometryStateToHWC layer[RoundCorner#0] set Z 134217731 miFodLayer 134217728
07-08 18:24:07.580  1000  1000 D CompositionEngine: writeOutputDependentGeometryStateToHWC layer[RoundCorner#1] set Z 134217732 miFodLayer 134217728
07-08 18:24:07.588   908 12402 I vendor.qti.bluetooth@1.0-ibs_handler: ProcessIbsCmd: Received IBS_SLEEP_IND: 0xFE
07-08 18:24:07.588   908 12402 D vendor.qti.bluetooth@1.0-ibs_handler: SerialClockVote: vote for UART CLK OFF
07-08 18:24:07.591  1000  1000 D CompositionEngine: writeOutputDependentGeometryStateToHWC layer[cn.missevan/cn.missevan.activity.MainActivity#0] set Z 134217728 miFodLayer 134217728
07-08 18:24:07.591  1000  1000 D CompositionEngine: writeOutputDependentGeometryStateToHWC layer[#0] set Z 134217729 miFodLayer 134217728
07-08 18:24:07.591  1000  1000 D CompositionEngine: writeOutputDependentGeometryStateToHWC layer[StatusBar#0] set Z 134217730 miFodLayer 134217728
07-08 18:24:07.591  1000  1000 D CompositionEngine: writeOutputDependentGeometryStateToHWC layer[RoundCorner#0] set Z 134217731 miFodLayer 134217728
07-08 18:24:07.591  1000  1000 D CompositionEngine: writeOutputDependentGeometryStateToHWC layer[RoundCorner#1] set Z 134217732 miFodLayer 134217728
07-08 18:24:07.602  1000  1000 D CompositionEngine: writeOutputDependentGeometryStateToHWC layer[cn.missevan/cn.missevan.activity.MainActivity#0] set Z 134217728 miFodLayer 134217728
07-08 18:24:07.602  1000  1000 D CompositionEngine: writeOutputDependentGeometryStateToHWC layer[#0] set Z 134217729 miFodLayer 134217728
07-08 18:24:07.602  1000  1000 D CompositionEngine: writeOutputDependentGeometryStateToHWC layer[StatusBar#0] set Z 134217730 miFodLayer 134217728
07-08 18:24:07.602  1000  1000 D CompositionEngine: writeOutputDependentGeometryStateToHWC layer[RoundCorner#0] set Z 134217731 miFodLayer 134217728
07-08 18:24:07.602  1000  1000 D CompositionEngine: writeOutputDependentGeometryStateToHWC layer[RoundCorner#1] set Z 134217732 miFodLayer 134217728
07-08 18:24:07.604 15193 15193 I Player.SinglePlayer: [main] init, from: UGCRecommendPageFragment
07-08 18:24:07.605 15193 15193 I Player.SinglePlayerConnection: [main] createPlayerIndex
07-08 18:24:07.605 15193 15193 I Player.SinglePlayerConnection: [main] createPlayerIndex, currentIndex: null, nextIndex: 0
07-08 18:24:07.606 15343 15612 I Player.BaseAidlPlayerService: [Binder:15343_4] createPlayer, playerIndex: 0
07-08 18:24:07.607 15193 15193 I Player.SinglePlayerConnection.core0: [main] createPlayerStateEvent, playerIndex: 0
07-08 18:24:07.608 15343 15343 I Player.BBPlayer: [main] init
07-08 18:24:07.608 15193 15193 I Player.SinglePlayerConnection.core0: [main] createPlayerEvent, playerIndex: 0
07-08 18:24:07.610 15343 15343 I @@@BBPLOG: Info T430164F8 CPlayMain L94 BPSDK 3.0.0.214, 21:33:24 Jun 13 2022. CPU: ARMV8. OS
07-08 18:24:07.610 15343 15343 I @@@BBPLOG: Info T430164F8 CPlayMain L243 The DataLog UserID: 0X0
07-08 18:24:07.611 15343 15343 I @@@BBPLOG: Info T430164F8 CPlayMain L250 The DataLog BUVID: XY2D9B72F2546DEAAD7E5CFE9D2961F9CF2FF
