06-19 15:49:12.674  2018  3127 I libsensor-displayalgo: the value of  REAL LUX163.509155
06-19 15:49:12.674  2018  3127 I libsensor-displayalgo: the value of  CAL REAL LUX163.509155
06-19 15:49:12.677  3053  4080 D AudioTrack: [audioTrackData][fine] 5s(f:5040 m:294 s:160 k:0) : pid 3053 uid 10494 sessionId 1529 sr 44100 ch 2 fmt 1
06-19 15:49:12.885  2431  5697 D MIUIInput: Input event injection from pid 2508, MotionEvent: DOWN
06-19 15:49:12.886  2431  2938 D MIUIInput: [MotionEvent] publisher action=0x4, 353937474, channel '7c87e50 NavigationBar0 (server)'
06-19 15:49:12.887  2431  2938 D MIUIInput: [MotionEvent] publisher action=0x0, 353937474, channel '64c0390 cn.missevan/cn.missevan.activity.MainActivity (server)'
06-19 15:49:12.888  2769  2769 D MIUIInput: [MotionEvent] ViewRootImpl windowName 'cn.missevan/cn.missevan.activity.MainActivity', { action=ACTION_DOWN, id[0]=0, pointerCount=1, eventTime=353937474, downTime=353937472, phoneEventTime=15:49:12.873 } moveCount:0
06-19 15:49:12.899  2536  2707 I appium  : [353937474 (success)] Synthesized: MotionEvent { action=ACTION_DOWN, actionButton=0, id[0]=0, x[0]=534.0, y[0]=2229.0, toolType[0]=TOOL_TYPE_FINGER, buttonState=0, classification=NONE, metaState=0, flags=0x0, edgeFlags=0x0, pointerCount=1, historySize=0, eventTime=353937474, downTime=353937472, deviceId=0, source=0x1002, displayId=0, eventId=-896318462 }
06-19 15:49:12.900  2536  2707 I appium  : The event has been delayed for 25ms
06-19 15:49:12.946  1265  2358 I vendor.qti.hardware.display.composer-service: FrameNotifyProcess Sensor: notify citsensorservice to trigger cwb
06-19 15:49:12.947  2018  2111 I libcitsensorservice@2.0-impl: msg_transfer
06-19 15:49:12.948  2018  3098 D vendor.xiaomi.sensor.citsensorservice@2.0-service: handle id:9 wxh:1280x2400 uwxuh:1080x2400 size: 9216000 fd:15 fd_meta:16 flags:0x4000228 usage:0x33  format:0x3 layer_count: 1
06-19 15:49:12.949  1265  1887 I SDM     : HWCSession::SetCWBOutputBuffer: CWB config passed by cwb_client : tappoint 1  CWB_ROI : (829.000000 4.000000 915.000000 90.000000)
06-19 15:49:12.949  1265  4239 I SDM     : HWCSession::ProcessRequests: Successfully configured CWB buffer.
06-19 15:49:12.963  1265  4239 I SDM     : HWCSession::ProcessRequests: Pushing release fence in fenece wait queue.
06-19 15:49:12.963  1265  4239 I SDM     : HWCSession::ProcessRequests: Creating AsyncFenceWaits async thread.
06-19 15:49:12.963  1265  4239 I SDM     : HWCSession::ProcessRequests: Remove current CWB request from the pending request queue.
06-19 15:49:12.964  1265  4239 I SDM     : HWCSession::ProcessRequests: No pending cwb requests found in the queue.
06-19 15:49:12.968  1265  1584 I SDM     : HWDeviceDRM::SetupConcurrentWriteback: Tear down the Concurrent Writeback topology
06-19 15:49:12.973  2018  3127 D libsensor-displayalgo: the value of  brightness:438.000000,R:77296384.557271,G:77297133.237939,B:77313059.061408,EVENT_C:5978.000000,EVENT_R:2217.000000,EVENT_G:3088.000000,EVENT_B:1205.500000
06-19 15:49:12.973  2018  3127 I libsensor-displayalgo: the value of  Coef1:1107.681000,Coef4:2.383000, scale1:0.935522, scale4:0.923264
06-19 15:49:12.973  2018  3127 E libsensor-displayalgo: RGB_test_0407_400_oldzy!
06-19 15:49:12.974  2018  3127 I libsensor-displayalgo: the value of  RESULT3116.697536,1231.266004,1510.266625,565.233393
06-19 15:49:12.974  2018  3127 I libsensor-displayalgo: the value of  getChannelDataCalibrated3267.687221,1140.389644,1755.389210,616.914213
06-19 15:49:12.974  2018  3127 I libsensor-displayalgo: the value of  REAL LUX163.509155
06-19 15:49:12.974  2018  3127 I libsensor-displayalgo: the value of  CAL REAL LUX163.509155
06-19 15:49:12.974  2431  5697 D MIUIInput: Input event injection from pid 2508, MotionEvent: UP
06-19 15:49:12.974  2431  2938 D MIUIInput: [MotionEvent] publisher action=0x1, 353937573, channel '64c0390 cn.missevan/cn.missevan.activity.MainActivity (server)'
06-19 15:49:12.975  2769  2769 D MIUIInput: [MotionEvent] ViewRootImpl windowName 'cn.missevan/cn.missevan.activity.MainActivity', { action=ACTION_UP, id[0]=0, pointerCount=1, eventTime=353937573, downTime=353937472, phoneEventTime=15:49:12.973 } moveCount:0
06-19 15:49:12.979  1265  4240 I SDM     : HWCSession::NotifyCWBStatus: Notify the client about buffer status 0.
06-19 15:49:12.980  1265  4240 I SDM     : HWCSession::PerformFenceWaits: Remove current release fence from the pending fence wait queue.
06-19 15:49:12.980  1265  4240 I SDM     : HWCSession::PerformFenceWaits: CWB fence queue is empty. No pending release fence to wait on.
06-19 15:49:12.986  3053  3053 I @@@BBPLOG: Info T847DE4F8 CPlayEngn L416 It will start resume
06-19 15:49:12.986  2536  2707 I appium  : [353937573 (success)] Synthesized: MotionEvent { action=ACTION_UP, actionButton=0, id[0]=0, x[0]=534.0, y[0]=2229.0, toolType[0]=TOOL_TYPE_FINGER, buttonState=0, classification=NONE, metaState=0, flags=0x0, edgeFlags=0x0, pointerCount=1, historySize=0, eventTime=353937573, downTime=353937472, deviceId=0, source=0x1002, displayId=0, eventId=-724557298 }
06-19 15:49:12.993  2536  2707 I appium  : AppiumResponse: {"sessionId":"a896241a-1ba2-4629-8a4b-acfcb4c76f9e","value":null}
06-19 15:49:13.006  2536  2707 I appium  : channel read: POST /wd/hub/session/a896241a-1ba2-4629-8a4b-acfcb4c76f9e/element
06-19 15:49:13.006  2536  2707 I appium  : FindElement command
06-19 15:49:13.008  2536  2707 I appium  : method: 'id', selector: 'cn.missevan:id/playViewsContainer'
06-19 15:49:13.009  2536  2707 I appium  : Waiting up to 100ms for the device to idle
06-19 15:49:13.043  2769  2769 I HandWritingStubImpl: isKeyboardTypeChanged: false
06-19 15:49:13.060  2769  2769 D DecorView[MainActivity]: getWindowModeFromSystem  windowmode is 1
06-19 15:49:13.060  2769  2769 D DecorView[MainActivity]: updateDecorCaptionStatus displayWindowDecor is false
06-19 15:49:13.065  2431  6208 I WindowManagerService: Physical orientation applied, rotation=0 sfOrientation=ORIENTATION_0
06-19 15:49:13.069  5809  4082 I SafeBinderCall: onPositionChange binder cost:1
06-19 15:49:13.069  4233  4233 D MiPlayDetailViewModel: onPositionChange(): position = 6074
06-19 15:49:13.076  2769  2769 I HandWritingStubImpl: refreshLastKeyboardType: 1
06-19 15:49:13.077  2769  2769 I HandWritingStubImpl: getCurrentKeyboardType: 1
06-19 15:49:13.083 13581 13581 E BaseInputMethodService: onFinishInput
06-19 15:49:13.083 13581 13581 E BaseInputMethodService: onStartInput
06-19 15:49:13.087 13581 13581 E BaseInputMethodService: onComputeInsets
06-19 15:49:13.100 13581 13600 D BLASTBufferQueue: releaseBufferCallback ReleaseCallbackId: bufferId:58329950847575 framenumber:3
06-19 15:49:13.193  2769  2769 I HandWritingStubImpl: refreshLastKeyboardType: 1
06-19 15:49:13.193  2769  2769 I HandWritingStubImpl: getCurrentKeyboardType: 1
06-19 15:49:13.195 13581 13581 E BaseInputMethodService: onFinishInput
06-19 15:49:13.195 13581 13581 E BaseInputMethodService: onStartInput
06-19 15:49:13.196  2536  2707 W QueryController: Could not detect idle state.
06-19 15:49:13.202 13581 13581 E BaseInputMethodService: onComputeInsets
06-19 15:49:13.216 13581 13600 D BLASTBufferQueue: releaseBufferCallback ReleaseCallbackId: bufferId:58329950847574 framenumber:4
06-19 15:49:13.249  1265  2358 I vendor.qti.hardware.display.composer-service: FrameNotifyProcess Sensor: notify citsensorservice to trigger cwb
06-19 15:49:13.250  2018  2108 I libcitsensorservice@2.0-impl: msg_transfer
06-19 15:49:13.250  2018  3098 D vendor.xiaomi.sensor.citsensorservice@2.0-service: handle id:9 wxh:1280x2400 uwxuh:1080x2400 size: 9216000 fd:15 fd_meta:16 flags:0x4000228 usage:0x33  format:0x3 layer_count: 1
06-19 15:49:13.251  1265  1887 I SDM     : HWCSession::SetCWBOutputBuffer: CWB config passed by cwb_client : tappoint 1  CWB_ROI : (829.000000 4.000000 915.000000 90.000000)
06-19 15:49:13.254  1265  4249 I SDM     : HWCSession::ProcessRequests: Successfully configured CWB buffer.
06-19 15:49:13.261  1265  4249 I SDM     : HWCSession::ProcessRequests: Pushing release fence in fenece wait queue.
06-19 15:49:13.262  1265  4249 I SDM     : HWCSession::ProcessRequests: Creating AsyncFenceWaits async thread.
06-19 15:49:13.262  1265  4249 I SDM     : HWCSession::ProcessRequests: Remove current CWB request from the pending request queue.
06-19 15:49:13.262  1265  4249 I SDM     : HWCSession::ProcessRequests: No pending cwb requests found in the queue.
06-19 15:49:13.265  1265  1584 I SDM     : HWDeviceDRM::SetupConcurrentWriteback: Tear down the Concurrent Writeback topology
06-19 15:49:13.274  2018  3127 D libsensor-displayalgo: the value of  brightness:438.000000,R:77296384.557271,G:77297133.237939,B:77313059.061408,EVENT_C:5980.500000,EVENT_R:2217.000000,EVENT_G:3091.000000,EVENT_B:1205.500000
06-19 15:49:13.274  2018  3127 I libsensor-displayalgo: the value of  Coef1:1107.681000,Coef4:2.383000, scale1:0.935522, scale4:0.923264
06-19 15:49:13.274  2018  3127 E libsensor-displayalgo: RGB_test_0407_400_oldzy!
06-19 15:49:13.274  2018  3127 I libsensor-displayalgo: the value of  RESULT3116.697536,1231.266004,1510.266625,565.233393
06-19 15:49:13.274  2018  3127 I libsensor-displayalgo: the value of  getChannelDataCalibrated3267.687221,1140.389644,1755.389210,616.914213
06-19 15:49:13.274  2018  3127 I libsensor-displayalgo: the value of  REAL LUX163.822083
06-19 15:49:13.274  2018  3127 I libsensor-displayalgo: the value of  CAL REAL LUX163.822083
06-19 15:49:13.274  1265  4250 I SDM     : HWCSession::NotifyCWBStatus: Notify the client about buffer status 0.
06-19 15:49:13.275  1265  4250 I SDM     : HWCSession::PerformFenceWaits: Remove current release fence from the pending fence wait queue.
06-19 15:49:13.275  1265  4250 I SDM     : HWCSession::PerformFenceWaits: CWB fence queue is empty. No pending release fence to wait on.
06-19 15:49:13.301  2536  2707 I appium  : AppiumResponse: {"sessionId":"a896241a-1ba2-4629-8a4b-acfcb4c76f9e","value":{"ELEMENT":"00000000-0000-0687-ffff-ffff00000bea","element-6066-11e4-a52e-4f735466cecf":"00000000-0000-0687-ffff-ffff00000bea"}}
06-19 15:49:13.409  8770  8973 V Avrcp_ext: onMetadataChanged
06-19 15:49:13.413  5809  5809 I MiPlayProxyDeviceManager: onTopActiveSessionChange, cn.missevan
06-19 15:49:13.413  8770  8973 V Avrcp_ext: updateCurrentMediaState: mMediaController: MediaController (cn.missevan@cf9c87f)  | , null, null
06-19 15:49:13.413  8770  8973 V Avrcp_ext: updateCurrentMediaState: isPlaying = false
06-19 15:49:13.413  8770  8973 W Avrcp_ext: isMusicActive: true getBluetoothPlayState: 1 A2dp State: 11 mAudioPlaybackIsActive: true
06-19 15:49:13.413  8770  8973 D Avrcp_ext: isMusicActive = true mAudioPlaybackIsActive = true player state = PlaybackState {state=3, position=6419, buffered position=0, speed=1.0, updated=449527017, actions=894, custom actions=[], active item id=-1, error=null}
06-19 15:49:13.414  5809  5809 I SafeBinderCall: onTopActiveSessionChange binder cost:1
06-19 15:49:13.414  5809  5809 I SafeBinderCall: onMediaMetaChange binder cost:0
06-19 15:49:13.415  8770  8973 D Avrcp_ext: overwrite album_artist :if album is blank
06-19 15:49:13.416  8770  8973 V Avrcp_ext: Media update: id -1-1? [MediaAttributes:  -  by  (90093 0/0) - ] : [MediaAttributes:  -  by  (90093 0/0) - ]
06-19 15:49:13.416  5809  5809 I Cir_Miplay_ActiveAudioSessionManager: dispatchTopActiveSessionChangeCallbackLocked, size:1
06-19 15:49:13.416  8770  8973 D Avrcp_ext: isPackageNameValid: browsedPackage = cn.missevanisValid = true
06-19 15:49:13.416  8770  8973 V Avrcp_ext: isBrowseSupported for cn.missevan: false
06-19 15:49:13.416  8770  8973 V Avrcp_ext: updatePlaybackState, state: PlaybackState {state=3, position=6419, buffered position=0, speed=1.0, updated=449527017, actions=894, custom actions=[], active item id=-1, error=null} device: null
06-19 15:49:13.416  8770  8973 V Avrcp_ext: Device: no name:
06-19 15:49:13.416  8770  8973 V Avrcp_ext: Device: no name:
06-19 15:49:13.416  8770  8973 V Avrcp_ext: Device: no name:
06-19 15:49:13.416  8770  8973 V Avrcp_ext: Device: no name:
06-19 15:49:13.416  8770  8973 V Avrcp_ext: Device: no name:
06-19 15:49:13.416  8770  8973 V Avrcp_ext: updatePlayerStateAndPosition, old=PlaybackState {state=3, position=662, buffered position=0, speed=1.0, updated=449521260, actions=894, custom actions=[], active item id=-1, error=null}, state=PlaybackState {state=3, position=6419, buffered position=0, speed=1.0, updated=449527017, actions=894, custom actions=[], active item id=-1, error=null}
06-19 15:49:13.416  8770  8973 V Avrcp_ext: old state = PlaybackState {state=3, position=662, buffered position=0, speed=1.0, updated=449521260, actions=894, custom actions=[], active item id=-1, error=null}, new state= PlaybackState {state=3, position=6419, buffered position=0, speed=1.0, updated=449527017, actions=894, custom actions=[], active item id=-1, error=null}
06-19 15:49:13.416  8770  8973 D HeadsetService: getHeadsetService(): returning com.android.bluetooth.hfp.HeadsetService@7e2faf
06-19 15:49:13.416  8770  8973 D HeadsetService:  isAudioOn: The number of audio connected devices 0
06-19 15:49:13.416  8770  8973 D HeadsetService: isScoOrCallActive(): Call Active:falseCall is Ringing:falseSCO is Active:false
06-19 15:49:13.416  8770  8973 D HeadsetService:  isAudioOn: The number of audio connected devices 0
06-19 15:49:13.416  8770  8973 V Avrcp_ext: isPlayStateTobeUpdated: device: null
06-19 15:49:13.416  8770  8973 V Avrcp_ext: Single connection exists
06-19 15:49:13.416  8770  8973 D HeadsetService:  isAudioOn: The number of audio connected devices 0
06-19 15:49:13.416  8770  8973 D HeadsetService: isScoOrCallActive(): Call Active:falseCall is Ringing:falseSCO is Active:false
06-19 15:49:13.416  8770  8973 D HeadsetService:  isAudioOn: The number of audio connected devices 0
06-19 15:49:13.416  8770  8973 V Avrcp_ext: isPlayStateTobeUpdated: device: null
06-19 15:49:13.416  8770  8973 V Avrcp_ext: Single connection exists
06-19 15:49:13.416  8770  8973 D HeadsetService:  isAudioOn: The number of audio connected devices 0
06-19 15:49:13.416  8770  8973 D HeadsetService: isScoOrCallActive(): Call Active:falseCall is Ringing:falseSCO is Active:false
06-19 15:49:13.416  8770  8973 D HeadsetService:  isAudioOn: The number of audio connected devices 0
06-19 15:49:13.416  8770  8973 V Avrcp_ext: isPlayStateTobeUpdated: device: null
06-19 15:49:13.416  8770  8973 V Avrcp_ext: Single connection exists
06-19 15:49:13.416  8770  8973 D HeadsetService:  isAudioOn: The number of audio connected devices 0
06-19 15:49:13.416  8770  8973 D HeadsetService: isScoOrCallActive(): Call Active:falseCall is Ringing:falseSCO is Active:false
06-19 15:49:13.416  8770  8973 D HeadsetService:  isAudioOn: The number of audio connected devices 0
06-19 15:49:13.416  8770  8973 V Avrcp_ext: isPlayStateTobeUpdated: device: null
06-19 15:49:13.416  8770  8973 V Avrcp_ext: Single connection exists
06-19 15:49:13.416  8770  8973 D HeadsetService:  isAudioOn: The number of audio connected devices 0
06-19 15:49:13.416  8770  8973 D HeadsetService: isScoOrCallActive(): Call Active:falseCall is Ringing:falseSCO is Active:false
06-19 15:49:13.416  8770  8973 D HeadsetService:  isAudioOn: The number of audio connected devices 0
06-19 15:49:13.416  8770  8973 V Avrcp_ext: isPlayStateTobeUpdated: device: null
06-19 15:49:13.416  8770  8973 V Avrcp_ext: Single connection exists
06-19 15:49:13.416  8770  8973 D Avrcp_ext: Enter sendPlayPosNotificationRsp
06-19 15:49:13.416  8770  8973 D Avrcp_ext: sendPlayPosNotificationRsp: Not registered or requesting.
06-19 15:49:13.416  8770  8973 D Avrcp_ext: Enter sendPlayPosNotificationRsp
06-19 15:49:13.416  8770  8973 D Avrcp_ext: sendPlayPosNotificationRsp: Not registered or requesting.
06-19 15:49:13.416  8770  8973 D Avrcp_ext: Enter sendPlayPosNotificationRsp
06-19 15:49:13.416  8770  8973 D Avrcp_ext: sendPlayPosNotificationRsp: Not registered or requesting.
06-19 15:49:13.416  8770  8973 D Avrcp_ext: Enter sendPlayPosNotificationRsp
06-19 15:49:13.416  8770  8973 D Avrcp_ext: sendPlayPosNotificationRsp: Not registered or requesting.
06-19 15:49:13.416  8770  8973 D Avrcp_ext: Enter sendPlayPosNotificationRsp
06-19 15:49:13.416  8770  8973 D Avrcp_ext: sendPlayPosNotificationRsp: Not registered or requesting.
06-19 15:49:13.416  8770  8973 V Avrcp_ext: Exit updatePlayerStateAndPosition
06-19 15:49:13.417  5809  5809 I Cir_Miplay_MiPlayAudioService: onTopActiveSessionChange, cn.missevan
06-19 15:49:13.417  5809  5809 I Cir_Miplay_MiPlayAudioService: topActiveSessionChange appId:cn.missevan
06-19 15:49:13.417  5809  5809 I Cir_Miplay_MiPlayAudioStatUtils: recordPackageName:cn.missevan
06-19 15:49:13.417  5809  5809 I Cir_Miplay_MiPlayAudioStatUtils: packageNameEquals.
06-19 15:49:13.418  5809  5809 I Cir_Miplay_ActiveSessionRecord: dispatch meta change, MediaMetaData{mArtist='null', mAlbum='null', mTitle=' | ', mArt=valid, mDuration=90093, mLrc='null'}
06-19 15:49:13.418  5809  5809 I Cir_Miplay_MiPlayAudioService: dispatchMetaChange:cn.missevan  ActiveSsionPackageName:cn.missevan
06-19 15:49:13.418  4233  4233 D MiPlayDetailViewModel: onMediaMetaChange(): metaData.title =  | 
06-19 15:49:13.420  5809  6131 I SafeBinderCall: onActiveAudioSessionChange binder cost:6
06-19 15:49:13.421  4233  4233 D MiPlayDetailViewModel: onActiveAudioSessionChange(): audioSessionList?.size = 1
06-19 15:49:13.423  5809 14611 I Cir_Miplay_MiPlayAudioService: dispatchMetaChange:MediaMetaData{mArtist='null', mAlbum='null', mTitle=' | ', mArt=valid, mDuration=90093, mLrc='null'}
06-19 15:49:13.423  5809 14611 I Cir_Miplay_MetaInfoManager: setMetadata.
06-19 15:49:13.423  5809  5809 I MiPlayClientSDK: =======================================================================
06-19 15:49:13.423  5809  5809 I MiPlayClientSDK: onMediaInfoChange start
06-19 15:49:13.423  5809  5809 I MiPlayClientSDK: local_device_id, MediaMetaData{mArtist='null', mAlbum='null', mTitle=' | ', mDuration=90093, mId='', mCoverUrl='', mStatus=0, mVolume=0, mArt=android.graphics.Bitmap@25212ab, mPosition=0, mLrc='null', mPackgeName='cn.missevan', mSourceName='2738969101Xiaomi Civi 2', mDeviceState=2}
06-19 15:49:13.423  5809  5809 I MiPlayClientSDK: onMediaInfoChange end
06-19 15:49:13.423  5809  5809 I MiPlayClientSDK: =======================================================================
06-19 15:49:13.423  5809  5809 I MiPlayProxyDeviceManager: onMediaInfoChange
06-19 15:49:13.424  5809  5809 I MiPlay  : onMediaMetaChanged,local_device_id, meta:MediaMetaData{mArtist='null', mAlbum='null', mTitle=' | ', mDuration=90093, art:valid}
06-19 15:49:13.424  4233  4233 I SafeBinderCall: call getMediaMetaData binder cost:2
06-19 15:49:13.425  4233  4233 I SafeBinderCall: call getPosition binder cost:1
06-19 15:49:13.426  4233  4233 I SafeBinderCall: call getPlaybackState binder cost:1
06-19 15:49:13.444  5809  5823 I k.service:audi: This is non sticky GC, maxfree is 8388608 minfree is 2097152
06-19 15:49:13.570  1265  2358 I vendor.qti.hardware.display.composer-service: FrameNotifyProcess Sensor: notify citsensorservice to trigger cwb
06-19 15:49:13.570  2018  2018 I libcitsensorservice@2.0-impl: msg_transfer
06-19 15:49:13.571  2018  3098 D vendor.xiaomi.sensor.citsensorservice@2.0-service: handle id:9 wxh:1280x2400 uwxuh:1080x2400 size: 9216000 fd:15 fd_meta:16 flags:0x4000228 usage:0x33  format:0x3 layer_count: 1
06-19 15:49:13.571  1265  1887 I SDM     : HWCSession::SetCWBOutputBuffer: CWB config passed by cwb_client : tappoint 1  CWB_ROI : (829.000000 4.000000 915.000000 90.000000)
06-19 15:49:13.573  1265  4273 I SDM     : HWCSession::ProcessRequests: Successfully configured CWB buffer.
06-19 15:49:13.574  2018  3127 D libsensor-displayalgo: the value of  brightness:438.000000,R:81945618.089449,G:81498014.095588,B:81945774.412975,EVENT_C:6118.500000,EVENT_R:2261.000000,EVENT_G:3171.500000,EVENT_B:1238.000000
06-19 15:49:13.575  2018  3127 I libsensor-displayalgo: the value of  Coef1:1107.681000,Coef4:2.383000, scale1:0.935522, scale4:0.923264
06-19 15:49:13.575  2018  3127 E libsensor-displayalgo: RGB_test_0407_400_oldzy!
06-19 15:49:13.575  2018  3127 I libsensor-displayalgo: the value of  RESULT3233.447115,1277.436462,1561.203210,586.965244
06-19 15:49:13.575  2018  3127 I libsensor-displayalgo: the value of  getChannelDataCalibrated3390.092781,1183.152387,1814.593016,640.633066
06-19 15:49:13.575  2018  3127 I libsensor-displayalgo: the value of  REAL LUX165.131638
06-19 15:49:13.575  2018  3127 I libsensor-displayalgo: the value of  CAL REAL LUX165.131638
06-19 15:49:13.590  1265  4273 I SDM     : HWCSession::ProcessRequests: Pushing release fence in fenece wait queue.
06-19 15:49:13.590  1265  4273 I SDM     : HWCSession::ProcessRequests: Creating AsyncFenceWaits async thread.
06-19 15:49:13.591  1265  4273 I SDM     : HWCSession::ProcessRequests: Remove current CWB request from the pending request queue.
06-19 15:49:13.591  1265  4273 I SDM     : HWCSession::ProcessRequests: No pending cwb requests found in the queue.
06-19 15:49:13.593  1265  1584 I SDM     : HWDeviceDRM::SetupConcurrentWriteback: Tear down the Concurrent Writeback topology
06-19 15:49:13.598  1265  4275 I SDM     : HWCSession::NotifyCWBStatus: Notify the client about buffer status 0.
06-19 15:49:13.598  1265  4275 I SDM     : HWCSession::PerformFenceWaits: Remove current release fence from the pending fence wait queue.
06-19 15:49:13.598  1265  4275 I SDM     : HWCSession::PerformFenceWaits: CWB fence queue is empty. No pending release fence to wait on.
06-19 15:49:13.748  5405  9716 D SLM-SRV-SLAService: checktemp temperature = 38031 temperature_average = 38015 isPerformanceMode = false thermal_enable_slm = true
06-19 15:49:13.818  1930  1967 I mstatdaemon: Entering time loop
06-19 15:49:13.819  1930  1967 I mstatdaemon: t = 1687160953
06-19 15:49:13.819  1930  1967 I mstatdaemon: translated_t = 1371170953
06-19 15:49:13.819  1930  1967 I mstat_log: mstatcommitLog log_alloc() failed
06-19 15:49:13.874  1265  2358 I vendor.qti.hardware.display.composer-service: FrameNotifyProcess Sensor: notify citsensorservice to trigger cwb
06-19 15:49:13.875  2018  3127 D libsensor-displayalgo: the value of  brightness:438.000000,R:69592130.647572,G:65531357.307960,B:69899856.859952,EVENT_C:5679.000000,EVENT_R:2131.500000,EVENT_G:2922.000000,EVENT_B:1141.500000
06-19 15:49:13.875  2018  3127 I libsensor-displayalgo: the value of  Coef1:1107.681000,Coef4:2.383000, scale1:0.935522, scale4:0.923264
06-19 15:49:13.875  2018  3127 E libsensor-displayalgo: RGB_test_0407_400_oldzy!
06-19 15:49:13.875  2018  2018 I libcitsensorservice@2.0-impl: msg_transfer
06-19 15:49:13.876  2018  3127 I libsensor-displayalgo: the value of  RESULT2823.531098,1127.197978,1363.334581,509.596778
06-19 15:49:13.876  2018  3098 D vendor.xiaomi.sensor.citsensorservice@2.0-service: handle id:9 wxh:1280x2400 uwxuh:1080x2400 size: 9216000 fd:15 fd_meta:16 flags:0x4000228 usage:0x33  format:0x3 layer_count: 1
06-19 15:49:13.876  2018  3127 I libsensor-displayalgo: the value of  getChannelDataCalibrated2960.318216,1044.002592,1584.609481,556.190591
06-19 15:49:13.876  2018  3127 I libsensor-displayalgo: the value of  REAL LUX164.172943
06-19 15:49:13.876  2018  3127 I libsensor-displayalgo: the value of  CAL REAL LUX164.172943
06-19 15:49:13.877  1265  1887 I SDM     : HWCSession::SetCWBOutputBuffer: CWB config passed by cwb_client : tappoint 1  CWB_ROI : (829.000000 4.000000 915.000000 90.000000)
06-19 15:49:13.878  1265  4283 I SDM     : HWCSession::ProcessRequests: Successfully configured CWB buffer.
06-19 15:49:13.885  1265  4283 I SDM     : HWCSession::ProcessRequests: Pushing release fence in fenece wait queue.
06-19 15:49:13.885  1265  4283 I SDM     : HWCSession::ProcessRequests: Creating AsyncFenceWaits async thread.
06-19 15:49:13.885  1265  4283 I SDM     : HWCSession::ProcessRequests: Remove current CWB request from the pending request queue.
06-19 15:49:13.886  1265  4283 I SDM     : HWCSession::ProcessRequests: No pending cwb requests found in the queue.
06-19 15:49:13.891  1265  1584 I SDM     : HWDeviceDRM::SetupConcurrentWriteback: Tear down the Concurrent Writeback topology
06-19 15:49:13.901  1265  4287 I SDM     : HWCSession::NotifyCWBStatus: Notify the client about buffer status 0.
06-19 15:49:13.902  1265  4287 I SDM     : HWCSession::PerformFenceWaits: Remove current release fence from the pending fence wait queue.
06-19 15:49:13.902  1265  4287 I SDM     : HWCSession::PerformFenceWaits: CWB fence queue is empty. No pending release fence to wait on.
06-19 15:49:14.070  4233  4233 D MiPlayDetailViewModel: onPositionChange(): position = 7074
06-19 15:49:14.070  5809  4082 I SafeBinderCall: onPositionChange binder cost:1
06-19 15:49:14.174  2018  3127 D libsensor-displayalgo: the value of  brightness:438.000000,R:69592130.647572,G:65531357.307960,B:69899856.859952,EVENT_C:5684.500000,EVENT_R:2132.000000,EVENT_G:2920.500000,EVENT_B:1141.500000
06-19 15:49:14.174  2018  3127 I libsensor-displayalgo: the value of  Coef1:1107.681000,Coef4:2.383000, scale1:0.935522, scale4:0.923264
06-19 15:49:14.174  2018  3127 E libsensor-displayalgo: RGB_test_0407_400_oldzy!
06-19 15:49:14.175  2018  3127 I libsensor-displayalgo: the value of  RESULT2823.531098,1127.197978,1363.334581,509.596778
06-19 15:49:14.175  2018  3127 I libsensor-displayalgo: the value of  getChannelDataCalibrated2960.318216,1044.002592,1584.609481,556.190591
06-19 15:49:14.175  2018  3127 I libsensor-displayalgo: the value of  REAL LUX164.474030
06-19 15:49:14.175  2018  3127 I libsensor-displayalgo: the value of  CAL REAL LUX164.474030
06-19 15:49:14.178  1265  2358 I vendor.qti.hardware.display.composer-service: FrameNotifyProcess Sensor: notify citsensorservice to trigger cwb
06-19 15:49:14.184  2018  2018 I libcitsensorservice@2.0-impl: msg_transfer
06-19 15:49:14.184  2018  3098 D vendor.xiaomi.sensor.citsensorservice@2.0-service: handle id:9 wxh:1280x2400 uwxuh:1080x2400 size: 9216000 fd:15 fd_meta:16 flags:0x4000228 usage:0x33  format:0x3 layer_count: 1
06-19 15:49:14.184  1265  1887 I SDM     : HWCSession::SetCWBOutputBuffer: CWB config passed by cwb_client : tappoint 1  CWB_ROI : (829.000000 4.000000 915.000000 90.000000)
06-19 15:49:14.205  1265  4288 I SDM     : HWCSession::ProcessRequests: Successfully configured CWB buffer.
06-19 15:49:14.214  1265  4288 I SDM     : HWCSession::ProcessRequests: Pushing release fence in fenece wait queue.
06-19 15:49:14.214  1265  4288 I SDM     : HWCSession::ProcessRequests: Creating AsyncFenceWaits async thread.
06-19 15:49:14.214  1265  4288 I SDM     : HWCSession::ProcessRequests: Remove current CWB request from the pending request queue.
06-19 15:49:14.215  1265  4288 I SDM     : HWCSession::ProcessRequests: No pending cwb requests found in the queue.
06-19 15:49:14.219  1265  1584 I SDM     : HWDeviceDRM::SetupConcurrentWriteback: Tear down the Concurrent Writeback topology
06-19 15:49:14.228  1265  4289 I SDM     : HWCSession::NotifyCWBStatus: Notify the client about buffer status 0.
06-19 15:49:14.229  1265  4289 I SDM     : HWCSession::PerformFenceWaits: Remove current release fence from the pending fence wait queue.
06-19 15:49:14.229  1265  4289 I SDM     : HWCSession::PerformFenceWaits: CWB fence queue is empty. No pending release fence to wait on.
06-19 15:49:14.358  2536  2707 I appium  : channel read: POST /wd/hub/session/a896241a-1ba2-4629-8a4b-acfcb4c76f9e/actions
06-19 15:49:14.359  2536  2707 I appium  : W3CActions command
06-19 15:49:14.440  5294 26774 W MiuiPerfServiceClient: interceptAndQueuing:2769|cn.missevan|219|116|353937808387064|Slow main thread|3
06-19 15:49:14.474  2018  3127 D libsensor-displayalgo: the value of  brightness:438.000000,R:69592130.647572,G:65531357.307960,B:69899856.859952,EVENT_C:5678.000000,EVENT_R:2129.500000,EVENT_G:2919.000000,EVENT_B:1140.000000
06-19 15:49:14.474  2018  3127 I libsensor-displayalgo: the value of  Coef1:1107.681000,Coef4:2.383000, scale1:0.935522, scale4:0.923264
06-19 15:49:14.474  2018  3127 E libsensor-displayalgo: RGB_test_0407_400_oldzy!
06-19 15:49:14.475  2018  3127 I libsensor-displayalgo: the value of  RESULT2823.531098,1127.197978,1363.334581,509.596778
06-19 15:49:14.475  2018  3127 I libsensor-displayalgo: the value of  getChannelDataCalibrated2960.318216,1044.002592,1584.609481,556.190591
06-19 15:49:14.475  2018  3127 I libsensor-displayalgo: the value of  REAL LUX164.163162
06-19 15:49:14.475  2018  3127 I libsensor-displayalgo: the value of  CAL REAL LUX164.163162
06-19 15:49:14.483  1265  2358 I vendor.qti.hardware.display.composer-service: FrameNotifyProcess Sensor: notify citsensorservice to trigger cwb
06-19 15:49:14.483  2018  2018 I libcitsensorservice@2.0-impl: msg_transfer
06-19 15:49:14.483  2018  3098 D vendor.xiaomi.sensor.citsensorservice@2.0-service: handle id:9 wxh:1280x2400 uwxuh:1080x2400 size: 9216000 fd:15 fd_meta:16 flags:0x4000228 usage:0x33  format:0x3 layer_count: 1
06-19 15:49:14.485  1265  1887 I SDM     : HWCSession::SetCWBOutputBuffer: CWB config passed by cwb_client : tappoint 1  CWB_ROI : (829.000000 4.000000 915.000000 90.000000)
06-19 15:49:14.496  1265  4290 I SDM     : HWCSession::ProcessRequests: Successfully configured CWB buffer.
06-19 15:49:14.502  1265  4290 I SDM     : HWCSession::ProcessRequests: Pushing release fence in fenece wait queue.
06-19 15:49:14.502  1265  4290 I SDM     : HWCSession::ProcessRequests: Creating AsyncFenceWaits async thread.
06-19 15:49:14.503  1265  4290 I SDM     : HWCSession::ProcessRequests: Remove current CWB request from the pending request queue.
06-19 15:49:14.503  1265  4290 I SDM     : HWCSession::ProcessRequests: No pending cwb requests found in the queue.
06-19 15:49:14.507  1265  1584 I SDM     : HWDeviceDRM::SetupConcurrentWriteback: Tear down the Concurrent Writeback topology
06-19 15:49:14.516  1265  4291 I SDM     : HWCSession::NotifyCWBStatus: Notify the client about buffer status 0.
06-19 15:49:14.517  1265  4291 I SDM     : HWCSession::PerformFenceWaits: Remove current release fence from the pending fence wait queue.
06-19 15:49:14.517  1265  4291 I SDM     : HWCSession::PerformFenceWaits: CWB fence queue is empty. No pending release fence to wait on.
06-19 15:49:14.638  2431  5697 D MIUIInput: Input event injection from pid 2508, MotionEvent: DOWN
06-19 15:49:14.640  2431  2938 D MIUIInput: [MotionEvent] publisher action=0x4, 353939229, channel '7c87e50 NavigationBar0 (server)'
06-19 15:49:14.640  2431  2938 D MIUIInput: [MotionEvent] publisher action=0x0, 353939229, channel '64c0390 cn.missevan/cn.missevan.activity.MainActivity (server)'
06-19 15:49:14.644  2769  2769 D MIUIInput: [MotionEvent] ViewRootImpl windowName 'cn.missevan/cn.missevan.activity.MainActivity', { action=ACTION_DOWN, id[0]=0, pointerCount=1, eventTime=353939229, downTime=353939228, phoneEventTime=15:49:14.628 } moveCount:0
06-19 15:49:14.648  2536  2707 I appium  : [353939229 (success)] Synthesized: MotionEvent { action=ACTION_DOWN, actionButton=0, id[0]=0, x[0]=540.0, y[0]=1692.0, toolType[0]=TOOL_TYPE_FINGER, buttonState=0, classification=NONE, metaState=0, flags=0x0, edgeFlags=0x0, pointerCount=1, historySize=0, eventTime=353939229, downTime=353939228, deviceId=0, source=0x1002, displayId=0, eventId=-166724708 }
06-19 15:49:14.774  2018  3127 D libsensor-displayalgo: the value of  brightness:438.000000,R:69592130.647572,G:65531357.307960,B:69899856.859952,EVENT_C:5678.000000,EVENT_R:2130.500000,EVENT_G:2921.000000,EVENT_B:1141.000000
06-19 15:49:14.774  2018  3127 I libsensor-displayalgo: the value of  Coef1:1107.681000,Coef4:2.383000, scale1:0.935522, scale4:0.923264
06-19 15:49:14.774  2018  3127 E libsensor-displayalgo: RGB_test_0407_400_oldzy!
06-19 15:49:14.775  2018  3127 I libsensor-displayalgo: the value of  RESULT2823.531098,1127.197978,1363.334581,509.596778
06-19 15:49:14.775  2018  3127 I libsensor-displayalgo: the value of  getChannelDataCalibrated2960.318216,1044.002592,1584.609481,556.190591
06-19 15:49:14.775  2018  3127 I libsensor-displayalgo: the value of  REAL LUX164.135208
06-19 15:49:14.775  2018  3127 I libsensor-displayalgo: the value of  CAL REAL LUX164.135208
06-19 15:49:14.786  1265  2358 I vendor.qti.hardware.display.composer-service: FrameNotifyProcess Sensor: notify citsensorservice to trigger cwb
06-19 15:49:14.787  2018  2018 I libcitsensorservice@2.0-impl: msg_transfer
06-19 15:49:14.787  2018  3098 D vendor.xiaomi.sensor.citsensorservice@2.0-service: handle id:9 wxh:1280x2400 uwxuh:1080x2400 size: 9216000 fd:15 fd_meta:16 flags:0x4000228 usage:0x33  format:0x3 layer_count: 1
06-19 15:49:14.787  1265  1887 I SDM     : HWCSession::SetCWBOutputBuffer: CWB config passed by cwb_client : tappoint 1  CWB_ROI : (829.000000 4.000000 915.000000 90.000000)
06-19 15:49:14.798  1265  4292 I SDM     : HWCSession::ProcessRequests: Successfully configured CWB buffer.
06-19 15:49:14.807  1265  4292 I SDM     : HWCSession::ProcessRequests: Pushing release fence in fenece wait queue.
06-19 15:49:14.807  1265  4292 I SDM     : HWCSession::ProcessRequests: Creating AsyncFenceWaits async thread.
06-19 15:49:14.807  1265  4292 I SDM     : HWCSession::ProcessRequests: Remove current CWB request from the pending request queue.
06-19 15:49:14.807  1265  4292 I SDM     : HWCSession::ProcessRequests: No pending cwb requests found in the queue.
06-19 15:49:14.811  1265  1584 I SDM     : HWDeviceDRM::SetupConcurrentWriteback: Tear down the Concurrent Writeback topology
06-19 15:49:14.821  1265  4293 I SDM     : HWCSession::NotifyCWBStatus: Notify the client about buffer status 0.
06-19 15:49:14.821  1265  4293 I SDM     : HWCSession::PerformFenceWaits: Remove current release fence from the pending fence wait queue.
06-19 15:49:14.821  1265  4293 I SDM     : HWCSession::PerformFenceWaits: CWB fence queue is empty. No pending release fence to wait on.
06-19 15:49:15.071  4233  4233 D MiPlayDetailViewModel: onPositionChange(): position = 8074
06-19 15:49:15.071  5809  4082 I SafeBinderCall: onPositionChange binder cost:1
06-19 15:49:15.074  2018  3127 D libsensor-displayalgo: the value of  brightness:438.000000,R:69592130.647572,G:65531357.307960,B:69899856.859952,EVENT_C:5677.500000,EVENT_R:2128.500000,EVENT_G:2920.500000,EVENT_B:1141.500000
06-19 15:49:15.075  2018  3127 I libsensor-displayalgo: the value of  Coef1:1107.681000,Coef4:2.383000, scale1:0.935522, scale4:0.923264
06-19 15:49:15.075  2018  3127 E libsensor-displayalgo: RGB_test_0407_400_oldzy!
06-19 15:49:15.075  2018  3127 I libsensor-displayalgo: the value of  RESULT2823.531098,1127.197978,1363.334581,509.596778
06-19 15:49:15.075  2018  3127 I libsensor-displayalgo: the value of  getChannelDataCalibrated2960.318216,1044.002592,1584.609481,556.190591
06-19 15:49:15.075  2018  3127 I libsensor-displayalgo: the value of  REAL LUX164.111954
06-19 15:49:15.075  2018  3127 I libsensor-displayalgo: the value of  CAL REAL LUX164.111954
06-19 15:49:15.090  1265  2358 I vendor.qti.hardware.display.composer-service: FrameNotifyProcess Sensor: notify citsensorservice to trigger cwb
06-19 15:49:15.091  2018  2111 I libcitsensorservice@2.0-impl: msg_transfer
06-19 15:49:15.091  2018  3098 D vendor.xiaomi.sensor.citsensorservice@2.0-service: handle id:9 wxh:1280x2400 uwxuh:1080x2400 size: 9216000 fd:15 fd_meta:16 flags:0x4000228 usage:0x33  format:0x3 layer_count: 1
06-19 15:49:15.091  1265  1887 I SDM     : HWCSession::SetCWBOutputBuffer: CWB config passed by cwb_client : tappoint 1  CWB_ROI : (829.000000 4.000000 915.000000 90.000000)
06-19 15:49:15.095  1265  4294 I SDM     : HWCSession::ProcessRequests: Successfully configured CWB buffer.
06-19 15:49:15.111  1265  4294 I SDM     : HWCSession::ProcessRequests: Pushing release fence in fenece wait queue.
06-19 15:49:15.111  1265  4294 I SDM     : HWCSession::ProcessRequests: Creating AsyncFenceWaits async thread.
06-19 15:49:15.111  1265  4294 I SDM     : HWCSession::ProcessRequests: Remove current CWB request from the pending request queue.
06-19 15:49:15.111  1265  4294 I SDM     : HWCSession::ProcessRequests: No pending cwb requests found in the queue.
06-19 15:49:15.116  1265  1584 I SDM     : HWDeviceDRM::SetupConcurrentWriteback: Tear down the Concurrent Writeback topology
06-19 15:49:15.120  1265  4295 I SDM     : HWCSession::NotifyCWBStatus: Notify the client about buffer status 0.
06-19 15:49:15.120  1265  4295 I SDM     : HWCSession::PerformFenceWaits: Remove current release fence from the pending fence wait queue.
06-19 15:49:15.120  1265  4295 I SDM     : HWCSession::PerformFenceWaits: CWB fence queue is empty. No pending release fence to wait on.
06-19 15:49:15.332  5858  5858 D MilletUtils: checkDownload uid =10494 per=11 delTime=4006 delByte=47388nowByte=579993987 before=579946599
06-19 15:49:15.333  5858  5858 D MilletUtils: broadcastMsg uid =10494 val=false delete
06-19 15:49:15.374  2018  3127 D libsensor-displayalgo: the value of  brightness:438.000000,R:69592130.647572,G:65531357.307960,B:69899856.859952,EVENT_C:5677.500000,EVENT_R:2131.500000,EVENT_G:2920.000000,EVENT_B:1140.500000
06-19 15:49:15.375  2018  3127 I libsensor-displayalgo: the value of  Coef1:1107.681000,Coef4:2.383000, scale1:0.935522, scale4:0.923264
06-19 15:49:15.375  2018  3127 E libsensor-displayalgo: RGB_test_0407_400_oldzy!
06-19 15:49:15.376  2018  3127 I libsensor-displayalgo: the value of  RESULT2823.531098,1127.197978,1363.334581,509.596778
06-19 15:49:15.376  2018  3127 I libsensor-displayalgo: the value of  getChannelDataCalibrated2960.318216,1044.002592,1584.609481,556.190591
06-19 15:49:15.376  2018  3127 I libsensor-displayalgo: the value of  REAL LUX164.057327
06-19 15:49:15.376  2018  3127 I libsensor-displayalgo: the value of  CAL REAL LUX164.057327
06-19 15:49:15.395  1265  2358 I vendor.qti.hardware.display.composer-service: FrameNotifyProcess Sensor: notify citsensorservice to trigger cwb
06-19 15:49:15.395  2018  2111 I libcitsensorservice@2.0-impl: msg_transfer
06-19 15:49:15.395  2018  3098 D vendor.xiaomi.sensor.citsensorservice@2.0-service: handle id:9 wxh:1280x2400 uwxuh:1080x2400 size: 9216000 fd:15 fd_meta:16 flags:0x4000228 usage:0x33  format:0x3 layer_count: 1
06-19 15:49:15.396  1265  1887 I SDM     : HWCSession::SetCWBOutputBuffer: CWB config passed by cwb_client : tappoint 1  CWB_ROI : (829.000000 4.000000 915.000000 90.000000)
06-19 15:49:15.399  1265  4296 I SDM     : HWCSession::ProcessRequests: Successfully configured CWB buffer.
06-19 15:49:15.407  1265  4296 I SDM     : HWCSession::ProcessRequests: Pushing release fence in fenece wait queue.
06-19 15:49:15.408  1265  4296 I SDM     : HWCSession::ProcessRequests: Creating AsyncFenceWaits async thread.
06-19 15:49:15.408  1265  4296 I SDM     : HWCSession::ProcessRequests: Remove current CWB request from the pending request queue.
06-19 15:49:15.408  1265  4296 I SDM     : HWCSession::ProcessRequests: No pending cwb requests found in the queue.
06-19 15:49:15.413  1265  1584 I SDM     : HWDeviceDRM::SetupConcurrentWriteback: Tear down the Concurrent Writeback topology
06-19 15:49:15.421  1265  4297 I SDM     : HWCSession::NotifyCWBStatus: Notify the client about buffer status 0.
06-19 15:49:15.422  1265  4297 I SDM     : HWCSession::PerformFenceWaits: Remove current release fence from the pending fence wait queue.
06-19 15:49:15.422  1265  4297 I SDM     : HWCSession::PerformFenceWaits: CWB fence queue is empty. No pending release fence to wait on.
06-19 15:49:15.641  2536  2707 I appium  : [353940230 (success)] Synthesized: MotionEvent { action=ACTION_MOVE, actionButton=0, id[0]=0, x[0]=540.0, y[0]=1692.0, toolType[0]=TOOL_TYPE_FINGER, buttonState=0, classification=NONE, metaState=0, flags=0x0, edgeFlags=0x0, pointerCount=1, historySize=0, eventTime=353940230, downTime=353939228, deviceId=0, source=0x1002, displayId=0, eventId=-324380855 }
06-19 15:49:15.666  2536  2707 I appium  : [353940250 (success)] Synthesized: MotionEvent { action=ACTION_MOVE, actionButton=0, id[0]=0, x[0]=540.0, y[0]=1518.4615, toolType[0]=TOOL_TYPE_FINGER, buttonState=0, classification=NONE, metaState=0, flags=0x0, edgeFlags=0x0, pointerCount=1, historySize=0, eventTime=353940250, downTime=353939228, deviceId=0, source=0x1002, displayId=0, eventId=-606676726 }
06-19 15:49:15.674  2018  3127 D libsensor-displayalgo: the value of  brightness:438.000000,R:69592130.647572,G:65531357.307960,B:69899856.859952,EVENT_C:5684.000000,EVENT_R:2132.500000,EVENT_G:2919.500000,EVENT_B:1140.000000
06-19 15:49:15.674  2018  3127 I libsensor-displayalgo: the value of  Coef1:1107.681000,Coef4:2.383000, scale1:0.935522, scale4:0.923264
06-19 15:49:15.674  2018  3127 E libsensor-displayalgo: RGB_test_0407_400_oldzy!
06-19 15:49:15.674  2018  3127 I libsensor-displayalgo: the value of  RESULT2823.531098,1127.197978,1363.334581,509.596778
06-19 15:49:15.674  2018  3127 I libsensor-displayalgo: the value of  getChannelDataCalibrated2960.318216,1044.002592,1584.609481,556.190591
06-19 15:49:15.674  2018  3127 I libsensor-displayalgo: the value of  REAL LUX164.496231
06-19 15:49:15.674  2018  3127 I libsensor-displayalgo: the value of  CAL REAL LUX164.496231
06-19 15:49:15.689  2536  2707 I appium  : [353940273 (success)] Synthesized: MotionEvent { action=ACTION_MOVE, actionButton=0, id[0]=0, x[0]=540.0, y[0]=1431.6923, toolType[0]=TOOL_TYPE_FINGER, buttonState=0, classification=NONE, metaState=0, flags=0x0, edgeFlags=0x0, pointerCount=1, historySize=0, eventTime=353940273, downTime=353939228, deviceId=0, source=0x1002, displayId=0, eventId=-761111476 }
06-19 15:49:15.698  2536  2707 I appium  : [353940290 (success)] Synthesized: MotionEvent { action=ACTION_MOVE, actionButton=0, id[0]=0, x[0]=540.0, y[0]=1344.9231, toolType[0]=TOOL_TYPE_FINGER, buttonState=0, classification=NONE, metaState=0, flags=0x0, edgeFlags=0x0, pointerCount=1, historySize=0, eventTime=353940290, downTime=353939228, deviceId=0, source=0x1002, displayId=0, eventId=-478668145 }
06-19 15:49:15.700  1265  2358 I vendor.qti.hardware.display.composer-service: FrameNotifyProcess Sensor: notify citsensorservice to trigger cwb
06-19 15:49:15.700  2018  2111 I libcitsensorservice@2.0-impl: msg_transfer
06-19 15:49:15.701  2018  3098 D vendor.xiaomi.sensor.citsensorservice@2.0-service: handle id:9 wxh:1280x2400 uwxuh:1080x2400 size: 9216000 fd:15 fd_meta:16 flags:0x4000228 usage:0x33  format:0x3 layer_count: 1
06-19 15:49:15.701  1265  1887 I SDM     : HWCSession::SetCWBOutputBuffer: CWB config passed by cwb_client : tappoint 1  CWB_ROI : (829.000000 4.000000 915.000000 90.000000)
06-19 15:49:15.704  1265  4298 I SDM     : HWCSession::ProcessRequests: Successfully configured CWB buffer.
06-19 15:49:15.713  1265  4298 I SDM     : HWCSession::ProcessRequests: Pushing release fence in fenece wait queue.
06-19 15:49:15.714  1265  4298 I SDM     : HWCSession::ProcessRequests: Creating AsyncFenceWaits async thread.
06-19 15:49:15.714  1265  4298 I SDM     : HWCSession::ProcessRequests: Remove current CWB request from the pending request queue.
06-19 15:49:15.714  1265  4298 I SDM     : HWCSession::ProcessRequests: No pending cwb requests found in the queue.
06-19 15:49:15.717  1265  1584 I SDM     : HWDeviceDRM::SetupConcurrentWriteback: Tear down the Concurrent Writeback topology
06-19 15:49:15.722  2536  2707 I appium  : [353940310 (success)] Synthesized: MotionEvent { action=ACTION_MOVE, actionButton=0, id[0]=0, x[0]=540.0, y[0]=1258.1538, toolType[0]=TOOL_TYPE_FINGER, buttonState=0, classification=NONE, metaState=0, flags=0x0, edgeFlags=0x0, pointerCount=1, historySize=0, eventTime=353940310, downTime=353939228, deviceId=0, source=0x1002, displayId=0, eventId=-330072932 }
06-19 15:49:15.726  1265  4301 I SDM     : HWCSession::NotifyCWBStatus: Notify the client about buffer status 0.
06-19 15:49:15.726  1265  4301 I SDM     : HWCSession::PerformFenceWaits: Remove current release fence from the pending fence wait queue.
06-19 15:49:15.726  1265  4301 I SDM     : HWCSession::PerformFenceWaits: CWB fence queue is empty. No pending release fence to wait on.
06-19 15:49:15.739  2536  2707 I appium  : [353940329 (success)] Synthesized: MotionEvent { action=ACTION_MOVE, actionButton=0, id[0]=0, x[0]=540.0, y[0]=1171.3845, toolType[0]=TOOL_TYPE_FINGER, buttonState=0, classification=NONE, metaState=0, flags=0x0, edgeFlags=0x0, pointerCount=1, historySize=0, eventTime=353940329, downTime=353939228, deviceId=0, source=0x1002, displayId=0, eventId=-819332899 }
06-19 15:49:15.766  2536  2707 I appium  : [353940349 (success)] Synthesized: MotionEvent { action=ACTION_MOVE, actionButton=0, id[0]=0, x[0]=540.0, y[0]=1084.6154, toolType[0]=TOOL_TYPE_FINGER, buttonState=0, classification=NONE, metaState=0, flags=0x0, edgeFlags=0x0, pointerCount=1, historySize=0, eventTime=353940349, downTime=353939228, deviceId=0, source=0x1002, displayId=0, eventId=-484729522 }
06-19 15:49:15.781  2536  2707 I appium  : [353940369 (success)] Synthesized: MotionEvent { action=ACTION_MOVE, actionButton=0, id[0]=0, x[0]=540.0, y[0]=997.8461, toolType[0]=TOOL_TYPE_FINGER, buttonState=0, classification=NONE, metaState=0, flags=0x0, edgeFlags=0x0, pointerCount=1, historySize=0, eventTime=353940369, downTime=353939228, deviceId=0, source=0x1002, displayId=0, eventId=-648252224 }
06-19 15:49:15.797  2536  2707 I appium  : [353940388 (success)] Synthesized: MotionEvent { action=ACTION_MOVE, actionButton=0, id[0]=0, x[0]=540.0, y[0]=911.0769, toolType[0]=TOOL_TYPE_FINGER, buttonState=0, classification=NONE, metaState=0, flags=0x0, edgeFlags=0x0, pointerCount=1, historySize=0, eventTime=353940388, downTime=353939228, deviceId=0, source=0x1002, displayId=0, eventId=-179239935 }
06-19 15:49:15.825  2536  2707 I appium  : [353940408 (success)] Synthesized: MotionEvent { action=ACTION_MOVE, actionButton=0, id[0]=0, x[0]=540.0, y[0]=824.3077, toolType[0]=TOOL_TYPE_FINGER, buttonState=0, classification=NONE, metaState=0, flags=0x0, edgeFlags=0x0, pointerCount=1, historySize=0, eventTime=353940408, downTime=353939228, deviceId=0, source=0x1002, displayId=0, eventId=-622319777 }
06-19 15:49:15.837  2536  2707 I appium  : [353940430 (success)] Synthesized: MotionEvent { action=ACTION_MOVE, actionButton=0, id[0]=0, x[0]=540.0, y[0]=737.53845, toolType[0]=TOOL_TYPE_FINGER, buttonState=0, classification=NONE, metaState=0, flags=0x0, edgeFlags=0x0, pointerCount=1, historySize=0, eventTime=353940430, downTime=353939228, deviceId=0, source=0x1002, displayId=0, eventId=-808231518 }
06-19 15:49:15.865  2536  2707 I appium  : [353940448 (success)] Synthesized: MotionEvent { action=ACTION_MOVE, actionButton=0, id[0]=0, x[0]=540.0, y[0]=650.76917, toolType[0]=TOOL_TYPE_FINGER, buttonState=0, classification=NONE, metaState=0, flags=0x0, edgeFlags=0x0, pointerCount=1, historySize=0, eventTime=353940448, downTime=353939228, deviceId=0, source=0x1002, displayId=0, eventId=-550205317 }
06-19 15:49:15.881  2536  2707 I appium  : [353940469 (success)] Synthesized: MotionEvent { action=ACTION_MOVE, actionButton=0, id[0]=0, x[0]=540.0, y[0]=564.0, toolType[0]=TOOL_TYPE_FINGER, buttonState=0, classification=NONE, metaState=0, flags=0x0, edgeFlags=0x0, pointerCount=1, historySize=0, eventTime=353940469, downTime=353939228, deviceId=0, source=0x1002, displayId=0, eventId=-574628820 }
06-19 15:49:15.889  2431  5696 D MIUIInput: Input event injection from pid 2508, MotionEvent: UP
06-19 15:49:15.889  2431  2938 D MIUIInput: [MotionEvent] publisher action=0x1, 353940488, channel '64c0390 cn.missevan/cn.missevan.activity.MainActivity (server)'
06-19 15:49:15.890  2769  2769 D MIUIInput: [MotionEvent] ViewRootImpl windowName 'cn.missevan/cn.missevan.activity.MainActivity', { action=ACTION_UP, id[0]=0, pointerCount=1, eventTime=353940488, downTime=353939228, phoneEventTime=15:49:15.888 } moveCount:13
06-19 15:49:15.900  2536  2707 I appium  : [353940488 (success)] Synthesized: MotionEvent { action=ACTION_UP, actionButton=0, id[0]=0, x[0]=540.0, y[0]=564.0, toolType[0]=TOOL_TYPE_FINGER, buttonState=0, classification=NONE, metaState=0, flags=0x0, edgeFlags=0x0, pointerCount=1, historySize=0, eventTime=353940488, downTime=353939228, deviceId=0, source=0x1002, displayId=0, eventId=-103555599 }
06-19 15:49:15.911  2536  2707 I appium  : AppiumResponse: {"sessionId":"a896241a-1ba2-4629-8a4b-acfcb4c76f9e","value":null}
06-19 15:49:15.975  2018  3127 D libsensor-displayalgo: the value of  brightness:438.000000,R:67478642.103280,G:64816279.830511,B:67709173.694435,EVENT_C:5676.000000,EVENT_R:2128.000000,EVENT_G:2919.000000,EVENT_B:1139.000000
06-19 15:49:15.975  2018  3127 I libsensor-displayalgo: the value of  Coef1:1107.681000,Coef4:2.383000, scale1:0.935522, scale4:0.923264
06-19 15:49:15.975  2018  3127 E libsensor-displayalgo: RGB_test_0407_400_oldzy!
06-19 15:49:15.976  2018  3127 I libsensor-displayalgo: the value of  RESULT2789.303458,1108.660622,1352.559959,503.186594
06-19 15:49:15.976  2018  3127 I libsensor-displayalgo: the value of  getChannelDataCalibrated2924.432404,1026.833428,1572.086093,549.194307
06-19 15:49:15.976  2018  3127 I libsensor-displayalgo: the value of  REAL LUX166.046585
06-19 15:49:15.976  2018  3127 I libsensor-displayalgo: the value of  CAL REAL LUX166.046585
06-19 15:49:16.004  1265  2358 I vendor.qti.hardware.display.composer-service: FrameNotifyProcess Sensor: notify citsensorservice to trigger cwb
06-19 15:49:16.004  2018  2111 I libcitsensorservice@2.0-impl: msg_transfer
06-19 15:49:16.005  2018  3098 D vendor.xiaomi.sensor.citsensorservice@2.0-service: handle id:9 wxh:1280x2400 uwxuh:1080x2400 size: 9216000 fd:15 fd_meta:16 flags:0x4000228 usage:0x33  format:0x3 layer_count: 1
06-19 15:49:16.005  1265  1887 I SDM     : HWCSession::SetCWBOutputBuffer: CWB config passed by cwb_client : tappoint 1  CWB_ROI : (829.000000 4.000000 915.000000 90.000000)
