06-08 18:05:27.494  1245  1846 I SDM     : HWCSession::SetCWBOutputBuffer: CWB config passed by cwb_client : tappoint 1  CWB_ROI : (829.000000 4.000000 915.000000 90.000000)
06-08 18:05:27.494  1245 19624 I SDM     : HWCSession::ProcessRequests: Successfully configured CWB buffer.
06-08 18:05:27.494 18484 18484 I HandWritingStubImpl: isKeyboardTypeChanged: false
06-08 18:05:27.503  1245 19624 I SDM     : HWCSession::ProcessRequests: Pushing release fence in fenece wait queue.
06-08 18:05:27.503  1245 19624 I SDM     : HWCSession::ProcessRequests: Creating AsyncFenceWaits async thread.
06-08 18:05:27.505  1245 19624 I SDM     : HWCSession::ProcessRequests: Remove current CWB request from the pending request queue.
06-08 18:05:27.506  1245 19624 I SDM     : HWCSession::ProcessRequests: No pending cwb requests found in the queue.
06-08 18:05:27.509  1245  1464 I SDM     : HWDeviceDRM::SetupConcurrentWriteback: Tear down the Concurrent Writeback topology
06-08 18:05:27.516  1245 19625 I SDM     : HWCSession::NotifyCWBStatus: Notify the client about buffer status 0.
06-08 18:05:27.517  1245 19625 I SDM     : HWCSession::PerformFenceWaits: Remove current release fence from the pending fence wait queue.
06-08 18:05:27.517  1245 19625 I SDM     : HWCSession::PerformFenceWaits: CWB fence queue is empty. No pending release fence to wait on.
06-08 18:05:27.536 18484 18484 I HandWritingStubImpl: isKeyboardTypeChanged: false
06-08 18:05:27.577 18484 18484 I HandWritingStubImpl: isKeyboardTypeChanged: false
06-08 18:05:27.618 18484 18484 I HandWritingStubImpl: isKeyboardTypeChanged: false
06-08 18:05:27.660 18484 18484 I HandWritingStubImpl: isKeyboardTypeChanged: false
06-08 18:05:27.704  1977  2997 D libsensor-displayalgo: the value of  brightness:400.000000,R:37286472.946485,G:34702688.009450,B:37135735.660520,EVENT_C:5327.000000,EVENT_R:2146.500000,EVENT_G:2636.500000,EVENT_B:1048.000000
06-08 18:05:27.704  1977  2997 I libsensor-displayalgo: the value of  Coef1:1107.681000,Coef4:2.383000, scale1:0.935522, scale4:0.923264
06-08 18:05:27.704  1977  2997 E libsensor-displayalgo: RGB_test_0407_400_oldzy!
06-08 18:05:27.704  1977  2997 I libsensor-displayalgo: the value of  RESULT1730.675809,684.654460,861.889949,305.452183
06-08 18:05:27.704  1977  2997 I libsensor-displayalgo: the value of  getChannelDataCalibrated1808.506008,634.438814,997.290079,331.075664
06-08 18:05:27.704  1977  2997 I libsensor-displayalgo: the value of  REAL LUX207.653534
06-08 18:05:27.704  1977  2997 I libsensor-displayalgo: the value of  CAL REAL LUX207.653534
06-08 18:05:27.709 18484 18484 I HandWritingStubImpl: isKeyboardTypeChanged: false
06-08 18:05:27.750 18484 18484 I HandWritingStubImpl: isKeyboardTypeChanged: false
06-08 18:05:27.791 18484 18484 I HandWritingStubImpl: isKeyboardTypeChanged: false
06-08 18:05:27.805  1245  2285 I vendor.qti.hardware.display.composer-service: FrameNotifyProcess Sensor: notify citsensorservice to trigger cwb
06-08 18:05:27.805  1977 18363 I libcitsensorservice@2.0-impl: msg_transfer
06-08 18:05:27.806  1977  2987 D vendor.xiaomi.sensor.citsensorservice@2.0-service: handle id:8 wxh:1280x2400 uwxuh:1080x2400 size: 9216000 fd:15 fd_meta:16 flags:0x4000228 usage:0x33  format:0x3 layer_count: 1
06-08 18:05:27.806  1245  1846 I SDM     : HWCSession::SetCWBOutputBuffer: CWB config passed by cwb_client : tappoint 1  CWB_ROI : (829.000000 4.000000 915.000000 90.000000)
06-08 18:05:27.808  1245 19626 I SDM     : HWCSession::ProcessRequests: Successfully configured CWB buffer.
06-08 18:05:27.816  1245 19626 I SDM     : HWCSession::ProcessRequests: Pushing release fence in fenece wait queue.
06-08 18:05:27.816  1245 19626 I SDM     : HWCSession::ProcessRequests: Creating AsyncFenceWaits async thread.
06-08 18:05:27.816  1245 19626 I SDM     : HWCSession::ProcessRequests: Remove current CWB request from the pending request queue.
06-08 18:05:27.816  1245 19626 I SDM     : HWCSession::ProcessRequests: No pending cwb requests found in the queue.
06-08 18:05:27.822  1245  1464 I SDM     : HWDeviceDRM::SetupConcurrentWriteback: Tear down the Concurrent Writeback topology
06-08 18:05:27.829  1245 19627 I SDM     : HWCSession::NotifyCWBStatus: Notify the client about buffer status 0.
06-08 18:05:27.830  1245 19627 I SDM     : HWCSession::PerformFenceWaits: Remove current release fence from the pending fence wait queue.
06-08 18:05:27.830  1245 19627 I SDM     : HWCSession::PerformFenceWaits: CWB fence queue is empty. No pending release fence to wait on.
06-08 18:05:27.832 18484 18484 I HandWritingStubImpl: isKeyboardTypeChanged: false
06-08 18:05:27.874 18484 18484 I HandWritingStubImpl: isKeyboardTypeChanged: false
06-08 18:05:27.915 18484 18484 I HandWritingStubImpl: isKeyboardTypeChanged: false
06-08 18:05:27.957 18484 18484 I HandWritingStubImpl: isKeyboardTypeChanged: false
06-08 18:05:28.005 18484 18484 I HandWritingStubImpl: isKeyboardTypeChanged: false
06-08 18:05:28.046 18484 18484 I HandWritingStubImpl: isKeyboardTypeChanged: false
06-08 18:05:28.087 18484 18484 I HandWritingStubImpl: isKeyboardTypeChanged: false
06-08 18:05:28.104  1977  2997 D libsensor-displayalgo: the value of  brightness:400.000000,R:37286472.946485,G:34702688.009450,B:37135735.660520,EVENT_C:5377.000000,EVENT_R:2161.000000,EVENT_G:2665.000000,EVENT_B:1063.500000
06-08 18:05:28.104  1977  2997 I libsensor-displayalgo: the value of  Coef1:1107.681000,Coef4:2.383000, scale1:0.935522, scale4:0.923264
06-08 18:05:28.104  1977  2997 E libsensor-displayalgo: RGB_test_0407_400_oldzy!
06-08 18:05:28.104  1977  2997 I libsensor-displayalgo: the value of  RESULT1730.675809,684.654460,861.889949,305.452183
06-08 18:05:28.104  1977  2997 I libsensor-displayalgo: the value of  getChannelDataCalibrated1808.506008,634.438814,997.290079,331.075664
06-08 18:05:28.104  1977  2997 I libsensor-displayalgo: the value of  REAL LUX210.673203
06-08 18:05:28.104  1977  2997 I libsensor-displayalgo: the value of  CAL REAL LUX210.673203
06-08 18:05:28.128 18484 18484 I HandWritingStubImpl: isKeyboardTypeChanged: false
06-08 18:05:28.142  1245  2285 I vendor.qti.hardware.display.composer-service: FrameNotifyProcess Sensor: notify citsensorservice to trigger cwb
06-08 18:05:28.143  1977 18363 I libcitsensorservice@2.0-impl: msg_transfer
06-08 18:05:28.143  1977  2987 D vendor.xiaomi.sensor.citsensorservice@2.0-service: handle id:8 wxh:1280x2400 uwxuh:1080x2400 size: 9216000 fd:15 fd_meta:16 flags:0x4000228 usage:0x33  format:0x3 layer_count: 1
06-08 18:05:28.144  1245  1846 I SDM     : HWCSession::SetCWBOutputBuffer: CWB config passed by cwb_client : tappoint 1  CWB_ROI : (829.000000 4.000000 915.000000 90.000000)
06-08 18:05:28.148  1245 19628 I SDM     : HWCSession::ProcessRequests: Successfully configured CWB buffer.
06-08 18:05:28.156  1245 19628 I SDM     : HWCSession::ProcessRequests: Pushing release fence in fenece wait queue.
06-08 18:05:28.156  1245 19628 I SDM     : HWCSession::ProcessRequests: Creating AsyncFenceWaits async thread.
06-08 18:05:28.156  1245 19628 I SDM     : HWCSession::ProcessRequests: Remove current CWB request from the pending request queue.
06-08 18:05:28.156  1245 19628 I SDM     : HWCSession::ProcessRequests: No pending cwb requests found in the queue.
06-08 18:05:28.159  1245  1464 I SDM     : HWDeviceDRM::SetupConcurrentWriteback: Tear down the Concurrent Writeback topology
06-08 18:05:28.167  1245 19629 I SDM     : HWCSession::NotifyCWBStatus: Notify the client about buffer status 0.
06-08 18:05:28.167  1245 19629 I SDM     : HWCSession::PerformFenceWaits: Remove current release fence from the pending fence wait queue.
06-08 18:05:28.167  1245 19629 I SDM     : HWCSession::PerformFenceWaits: CWB fence queue is empty. No pending release fence to wait on.
06-08 18:05:28.169 18484 18484 I HandWritingStubImpl: isKeyboardTypeChanged: false
06-08 18:05:28.176  6952 19606 I SafeBinderCall: onPositionChange binder cost:0
06-08 18:05:28.176  4164  4164 D MiPlayDetailViewModel: onPositionChange(): position = 2122
06-08 18:05:28.208 18435 18467 I appium  : channel read: POST /wd/hub/session/f84f00e2-411a-4162-9d70-a8da77e6b19f/appium/device/press_keycode
06-08 18:05:28.209 18435 18467 I appium  : PressKeyCode command
06-08 18:05:28.210 18435 18467 I appium  : Calling PressKeyCode...
06-08 18:05:28.219 18484 18484 I HandWritingStubImpl: isKeyboardTypeChanged: false
06-08 18:05:28.233  2403  4239 W MiuiInputKeyEventLog: keyCode:4 down:true eventTime:2076951668 downTime:2076951668 policyFlags:2b000000 flags:0 metaState:0 deviceId:-1 isScreenOn:true keyguardActive:false repeatCount:0
06-08 18:05:28.233  2403  4239 D WindowManager: interceptKeyTq keycode=4 interactive=true keyguardActive=false policyFlags=2b000000
06-08 18:05:28.233  2403  4239 D MIUIInput: Input event injection from pid 18420, KeyEvent:DOWN, keycode:4
06-08 18:05:28.234  2403  2566 W ActivityManager: Sending non-protected broadcast miui.intent.KEYCODE_BACK from system 2403:system/1000 pkg android. Callers=com.android.server.am.ActivityManagerService.broadcastIntentLocked:13794 com.android.server.am.ActivityManagerService.broadcastIntentLocked:13204 com.android.server.am.ActivityManagerService.broadcastIntentWithFeature:14053 android.app.ContextImpl.sendBroadcastAsUser:1400 com.android.server.policy.BaseMiuiPhoneWindowManager$16.run:2837
06-08 18:05:28.234  2403  2566 W ActivityManager: Sending non-protected broadcast miui.intent.KEYCODE_BACK from system 2403:system/1000 pkg android. Callers=com.android.server.am.ActivityManagerService.broadcastIntentLocked:13893 com.android.server.am.ActivityManagerService.broadcastIntentLocked:13204 com.android.server.am.ActivityManagerService.broadcastIntentWithFeature:14053 android.app.ContextImpl.sendBroadcastAsUser:1400 com.android.server.policy.BaseMiuiPhoneWindowManager$16.run:2837
06-08 18:05:28.235  2403  2910 D WindowManager: interceptKeyTi keyCode=4 down=true repeatCount=0 keyguardOn=false canceled=false
06-08 18:05:28.236  2403  2910 D MIUIInput: [KeyEvent] publisher action:0x0,  keyCode:4 , 2076951668,channel '5f3d9f5 cn.missevan/cn.missevan.activity.MainActivity (server)'
06-08 18:05:28.237 18484 18484 D MIUIInput: [KeyEvent] ViewRootImpl windowName 'cn.missevan/cn.missevan.activity.MainActivity', KeyEvent { action=ACTION_DOWN, keyCode=KEYCODE_BACK, scanCode=0, metaState=0, flags=0x0, repeatCount=0, eventTime=2076951668, downTime=2076951668, deviceId=-1, source=0x101, displayId=-1 }, phoneEventTime=18:05:28.211
06-08 18:05:28.240  2403  4239 W MiuiInputKeyEventLog: keyCode:4 down:false eventTime:2076951668 downTime:2076951668 policyFlags:2b000000 flags:0 metaState:0 deviceId:-1 isScreenOn:true keyguardActive:false repeatCount:0
06-08 18:05:28.240  2403  4239 D WindowManager: interceptKeyTq keycode=4 interactive=true keyguardActive=false policyFlags=2b000000
06-08 18:05:28.241  2403  4239 D MIUIInput: Input event injection from pid 18420, KeyEvent:UP, keycode:4
06-08 18:05:28.241  2403  2566 W ActivityManager: Sending non-protected broadcast miui.intent.KEYCODE_BACK from system 2403:system/1000 pkg android. Callers=com.android.server.am.ActivityManagerService.broadcastIntentLocked:13794 com.android.server.am.ActivityManagerService.broadcastIntentLocked:13204 com.android.server.am.ActivityManagerService.broadcastIntentWithFeature:14053 android.app.ContextImpl.sendBroadcastAsUser:1400 com.android.server.policy.BaseMiuiPhoneWindowManager$16.run:2837
06-08 18:05:28.241  2403  2910 D WindowManager: interceptKeyTi keyCode=4 down=false repeatCount=0 keyguardOn=false canceled=false
06-08 18:05:28.242  2403  2566 W ActivityManager: Sending non-protected broadcast miui.intent.KEYCODE_BACK from system 2403:system/1000 pkg android. Callers=com.android.server.am.ActivityManagerService.broadcastIntentLocked:13893 com.android.server.am.ActivityManagerService.broadcastIntentLocked:13204 com.android.server.am.ActivityManagerService.broadcastIntentWithFeature:14053 android.app.ContextImpl.sendBroadcastAsUser:1400 com.android.server.policy.BaseMiuiPhoneWindowManager$16.run:2837
06-08 18:05:28.242  2403  2910 D MIUIInput: [KeyEvent] publisher action:0x1,  keyCode:4 , 2076951668,channel '5f3d9f5 cn.missevan/cn.missevan.activity.MainActivity (server)'
06-08 18:05:28.243 18484 18484 D MIUIInput: [KeyEvent] ViewRootImpl windowName 'cn.missevan/cn.missevan.activity.MainActivity', KeyEvent { action=ACTION_UP, keyCode=KEYCODE_BACK, scanCode=0, metaState=0, flags=0x0, repeatCount=0, eventTime=2076951668, downTime=2076951668, deviceId=-1, source=0x101, displayId=-1 }, phoneEventTime=18:05:28.212
06-08 18:05:28.257 18484 18484 I HandWritingStubImpl: isKeyboardTypeChanged: false
06-08 18:05:28.258 18484 18484 I HandWritingStubImpl: isKeyboardTypeChanged: false
06-08 18:05:28.258 18435 18467 I appium  : AppiumResponse: {"sessionId":"f84f00e2-411a-4162-9d70-a8da77e6b19f","value":null}
06-08 18:05:28.262 18484 18484 I HandWritingStubImpl: isKeyboardTypeChanged: false
06-08 18:05:28.268 18484 18484 I HandWritingStubImpl: isKeyboardTypeChanged: false
06-08 18:05:28.276 18484 18484 I HandWritingStubImpl: isKeyboardTypeChanged: false
06-08 18:05:28.284 18484 18484 I HandWritingStubImpl: isKeyboardTypeChanged: false
06-08 18:05:28.293 18484 18484 I HandWritingStubImpl: isKeyboardTypeChanged: false
06-08 18:05:28.301 18484 18484 I HandWritingStubImpl: isKeyboardTypeChanged: false
06-08 18:05:28.309 18484 18484 I HandWritingStubImpl: isKeyboardTypeChanged: false
06-08 18:05:28.317 18484 18484 I HandWritingStubImpl: isKeyboardTypeChanged: false
06-08 18:05:28.325 18484 18484 I HandWritingStubImpl: isKeyboardTypeChanged: false
06-08 18:05:28.334 18484 18484 I HandWritingStubImpl: isKeyboardTypeChanged: false
06-08 18:05:28.342 18484 18484 I HandWritingStubImpl: isKeyboardTypeChanged: false
06-08 18:05:28.350 18484 18484 I HandWritingStubImpl: isKeyboardTypeChanged: false
06-08 18:05:28.358 18484 18484 I HandWritingStubImpl: isKeyboardTypeChanged: false
06-08 18:05:28.367 18484 18484 I HandWritingStubImpl: isKeyboardTypeChanged: false
06-08 18:05:28.375 18484 18484 I HandWritingStubImpl: isKeyboardTypeChanged: false
06-08 18:05:28.383 18484 18484 I HandWritingStubImpl: isKeyboardTypeChanged: false
06-08 18:05:28.391 18484 18484 I HandWritingStubImpl: isKeyboardTypeChanged: false
06-08 18:05:28.400 18484 18484 I HandWritingStubImpl: isKeyboardTypeChanged: false
06-08 18:05:28.404  1977  2997 D libsensor-displayalgo: the value of  brightness:400.000000,R:37286472.946485,G:34702688.009450,B:37135735.660520,EVENT_C:5320.500000,EVENT_R:2144.000000,EVENT_G:2634.000000,EVENT_B:1049.500000
06-08 18:05:28.404  1977  2997 I libsensor-displayalgo: the value of  Coef1:1107.681000,Coef4:2.383000, scale1:0.935522, scale4:0.923264
06-08 18:05:28.404  1977  2997 E libsensor-displayalgo: RGB_test_0407_400_oldzy!
06-08 18:05:28.404  1977  2997 I libsensor-displayalgo: the value of  RESULT1730.675809,684.654460,861.889949,305.452183
06-08 18:05:28.405  1977  2997 I libsensor-displayalgo: the value of  getChannelDataCalibrated1808.506008,634.438814,997.290079,331.075664
06-08 18:05:28.405  1977  2997 I libsensor-displayalgo: the value of  REAL LUX207.053436
06-08 18:05:28.405  1977  2997 I libsensor-displayalgo: the value of  CAL REAL LUX207.053436
06-08 18:05:28.408 18484 18484 I HandWritingStubImpl: isKeyboardTypeChanged: false
06-08 18:05:28.416 18484 18484 I HandWritingStubImpl: isKeyboardTypeChanged: false
06-08 18:05:28.424 18484 18484 I HandWritingStubImpl: isKeyboardTypeChanged: false
06-08 18:05:28.432 18484 18484 I HandWritingStubImpl: isKeyboardTypeChanged: false
06-08 18:05:28.441 18484 18484 I HandWritingStubImpl: isKeyboardTypeChanged: false
06-08 18:05:28.448  1245  2285 I vendor.qti.hardware.display.composer-service: FrameNotifyProcess Sensor: notify citsensorservice to trigger cwb
06-08 18:05:28.448  1977  2106 I libcitsensorservice@2.0-impl: msg_transfer
06-08 18:05:28.449  1977  2987 D vendor.xiaomi.sensor.citsensorservice@2.0-service: handle id:8 wxh:1280x2400 uwxuh:1080x2400 size: 9216000 fd:15 fd_meta:16 flags:0x4000228 usage:0x33  format:0x3 layer_count: 1
06-08 18:05:28.449  1245  1846 I SDM     : HWCSession::SetCWBOutputBuffer: CWB config passed by cwb_client : tappoint 1  CWB_ROI : (829.000000 4.000000 915.000000 90.000000)
06-08 18:05:28.449 18484 18484 I HandWritingStubImpl: isKeyboardTypeChanged: false
06-08 18:05:28.451  1245 19630 I SDM     : HWCSession::ProcessRequests: Successfully configured CWB buffer.
06-08 18:05:28.458 18484 18484 I HandWritingStubImpl: isKeyboardTypeChanged: false
06-08 18:05:28.462  1245 19630 I SDM     : HWCSession::ProcessRequests: Pushing release fence in fenece wait queue.
06-08 18:05:28.462  1245 19630 I SDM     : HWCSession::ProcessRequests: Creating AsyncFenceWaits async thread.
06-08 18:05:28.463  1245 19630 I SDM     : HWCSession::ProcessRequests: Remove current CWB request from the pending request queue.
06-08 18:05:28.463  1245 19630 I SDM     : HWCSession::ProcessRequests: No pending cwb requests found in the queue.
06-08 18:05:28.465  1245  1464 I SDM     : HWDeviceDRM::SetupConcurrentWriteback: Tear down the Concurrent Writeback topology
06-08 18:05:28.466 18484 18484 I HandWritingStubImpl: isKeyboardTypeChanged: false
06-08 18:05:28.472  1245 19631 I SDM     : HWCSession::NotifyCWBStatus: Notify the client about buffer status 0.
06-08 18:05:28.474 18484 18484 I HandWritingStubImpl: isKeyboardTypeChanged: false
06-08 18:05:28.476  1245 19631 I SDM     : HWCSession::PerformFenceWaits: Remove current release fence from the pending fence wait queue.
06-08 18:05:28.477  1245 19631 I SDM     : HWCSession::PerformFenceWaits: CWB fence queue is empty. No pending release fence to wait on.
06-08 18:05:28.482 18484 18484 I HandWritingStubImpl: isKeyboardTypeChanged: false
06-08 18:05:28.490 18484 18484 I HandWritingStubImpl: isKeyboardTypeChanged: false
06-08 18:05:28.498 18484 18484 I HandWritingStubImpl: isKeyboardTypeChanged: false
06-08 18:05:28.507 18484 18484 I HandWritingStubImpl: isKeyboardTypeChanged: false
06-08 18:05:28.515 18484 18484 I HandWritingStubImpl: isKeyboardTypeChanged: false
06-08 18:05:28.524 18484 18484 I HandWritingStubImpl: isKeyboardTypeChanged: false
06-08 18:05:28.532 18484 18484 I HandWritingStubImpl: isKeyboardTypeChanged: false
06-08 18:05:28.540 18484 18484 I HandWritingStubImpl: isKeyboardTypeChanged: false
06-08 18:05:28.548 18484 18484 I HandWritingStubImpl: isKeyboardTypeChanged: false
06-08 18:05:28.556 18484 18484 I HandWritingStubImpl: isKeyboardTypeChanged: false
06-08 18:05:28.564  1372  1398 I com.miui.phras: This is non sticky GC, maxfree is 8388608 minfree is 2097152
06-08 18:05:28.564  1372  1398 W com.miui.phras: Reducing the number of considered missed Gc histogram windows from 712 to 100
06-08 18:05:28.565 18484 18484 I HandWritingStubImpl: isKeyboardTypeChanged: false
06-08 18:05:28.573 18484 18484 I HandWritingStubImpl: isKeyboardTypeChanged: false
06-08 18:05:28.581 18484 18484 I HandWritingStubImpl: isKeyboardTypeChanged: false
06-08 18:05:28.589 18484 18484 I HandWritingStubImpl: isKeyboardTypeChanged: false
06-08 18:05:28.598 18484 18484 I HandWritingStubImpl: isKeyboardTypeChanged: false
06-08 18:05:28.606 18484 18484 I HandWritingStubImpl: isKeyboardTypeChanged: false
06-08 18:05:28.614 18484 18484 I HandWritingStubImpl: isKeyboardTypeChanged: false
06-08 18:05:28.622 18484 18484 I HandWritingStubImpl: isKeyboardTypeChanged: false
06-08 18:05:28.631 18484 18484 I HandWritingStubImpl: isKeyboardTypeChanged: false
06-08 18:05:28.639 18484 18484 I HandWritingStubImpl: isKeyboardTypeChanged: false
06-08 18:05:28.647 18484 18484 I HandWritingStubImpl: isKeyboardTypeChanged: false
06-08 18:05:28.655 18484 18484 I HandWritingStubImpl: isKeyboardTypeChanged: false
06-08 18:05:28.664 18484 18484 I HandWritingStubImpl: isKeyboardTypeChanged: false
06-08 18:05:28.672 18484 18484 I HandWritingStubImpl: isKeyboardTypeChanged: false
06-08 18:05:28.680 18484 18484 I HandWritingStubImpl: isKeyboardTypeChanged: false
06-08 18:05:28.688 18484 18484 I HandWritingStubImpl: isKeyboardTypeChanged: false
06-08 18:05:28.696 18484 18484 I HandWritingStubImpl: isKeyboardTypeChanged: false
06-08 18:05:28.703  1977  2997 D libsensor-displayalgo: the value of  brightness:400.000000,R:39989696.757444,G:37952337.682070,B:41215724.204975,EVENT_C:5342.500000,EVENT_R:2152.500000,EVENT_G:2643.000000,EVENT_B:1050.500000
06-08 18:05:28.703  1977  2997 I libsensor-displayalgo: the value of  Coef1:1107.681000,Coef4:2.383000, scale1:0.935522, scale4:0.923264
06-08 18:05:28.704  1977  2997 E libsensor-displayalgo: RGB_test_0407_400_oldzy!
06-08 18:05:28.704  1977  2997 I libsensor-displayalgo: the value of  RESULT1834.263302,722.905520,912.495135,326.257007
06-08 18:05:28.704  1977  2997 I libsensor-displayalgo: the value of  getChannelDataCalibrated1916.751932,669.884369,1055.845177,353.625743
06-08 18:05:28.704  1977  2997 I libsensor-displayalgo: the value of  REAL LUX201.478439
06-08 18:05:28.704  1977  2997 I libsensor-displayalgo: the value of  CAL REAL LUX201.478439
06-08 18:05:28.705 18484 18484 I HandWritingStubImpl: isKeyboardTypeChanged: false
06-08 18:05:28.713 18484 18484 I HandWritingStubImpl: isKeyboardTypeChanged: false
06-08 18:05:28.721 18484 18484 I HandWritingStubImpl: isKeyboardTypeChanged: false
06-08 18:05:28.728  1245  2285 I vendor.qti.hardware.display.composer-service: FrameNotifyProcess Sensor: notify citsensorservice to trigger cwb
06-08 18:05:28.729  1977 18363 I libcitsensorservice@2.0-impl: msg_transfer
06-08 18:05:28.729  1977  2987 D vendor.xiaomi.sensor.citsensorservice@2.0-service: handle id:8 wxh:1280x2400 uwxuh:1080x2400 size: 9216000 fd:15 fd_meta:16 flags:0x4000228 usage:0x33  format:0x3 layer_count: 1
06-08 18:05:28.729 18484 18484 I HandWritingStubImpl: isKeyboardTypeChanged: false
06-08 18:05:28.729  1245  1846 I SDM     : HWCSession::SetCWBOutputBuffer: CWB config passed by cwb_client : tappoint 1  CWB_ROI : (829.000000 4.000000 915.000000 90.000000)
06-08 18:05:28.730  1245 19633 I SDM     : HWCSession::ProcessRequests: Successfully configured CWB buffer.
06-08 18:05:28.737  1245 19633 I SDM     : HWCSession::ProcessRequests: Pushing release fence in fenece wait queue.
06-08 18:05:28.738  1245 19633 I SDM     : HWCSession::ProcessRequests: Creating AsyncFenceWaits async thread.
06-08 18:05:28.738  1245 19633 I SDM     : HWCSession::ProcessRequests: Remove current CWB request from the pending request queue.
06-08 18:05:28.738  1245 19633 I SDM     : HWCSession::ProcessRequests: No pending cwb requests found in the queue.
06-08 18:05:28.739 18484 18484 I HandWritingStubImpl: isKeyboardTypeChanged: false
06-08 18:05:28.744  1245  1464 I SDM     : HWDeviceDRM::SetupConcurrentWriteback: Tear down the Concurrent Writeback topology
06-08 18:05:28.746 18484 18484 I HandWritingStubImpl: isKeyboardTypeChanged: false
06-08 18:05:28.751  1245 19635 I SDM     : HWCSession::NotifyCWBStatus: Notify the client about buffer status 0.
06-08 18:05:28.752  1245 19635 I SDM     : HWCSession::PerformFenceWaits: Remove current release fence from the pending fence wait queue.
06-08 18:05:28.752  1245 19635 I SDM     : HWCSession::PerformFenceWaits: CWB fence queue is empty. No pending release fence to wait on.
06-08 18:05:28.754 18484 18484 I HandWritingStubImpl: isKeyboardTypeChanged: false
06-08 18:05:28.762 18484 18484 I HandWritingStubImpl: isKeyboardTypeChanged: false
06-08 18:05:28.771 18484 18484 I HandWritingStubImpl: isKeyboardTypeChanged: false
06-08 18:05:28.779 18484 18484 I HandWritingStubImpl: isKeyboardTypeChanged: false
06-08 18:05:28.788 18484 18484 I HandWritingStubImpl: isKeyboardTypeChanged: false
06-08 18:05:28.796 18484 18484 I HandWritingStubImpl: isKeyboardTypeChanged: false
06-08 18:05:28.804 18484 18484 I HandWritingStubImpl: isKeyboardTypeChanged: false
06-08 18:05:28.812 18484 18484 I HandWritingStubImpl: isKeyboardTypeChanged: false
06-08 18:05:28.820 18484 18484 I HandWritingStubImpl: isKeyboardTypeChanged: false
06-08 18:05:28.829 18484 18484 I HandWritingStubImpl: isKeyboardTypeChanged: false
06-08 18:05:28.836 18484 18484 I HandWritingStubImpl: isKeyboardTypeChanged: false
06-08 18:05:28.845 18484 18484 I HandWritingStubImpl: isKeyboardTypeChanged: false
06-08 18:05:28.853 18484 18484 I HandWritingStubImpl: isKeyboardTypeChanged: false
06-08 18:05:28.861 18484 18484 I HandWritingStubImpl: isKeyboardTypeChanged: false
06-08 18:05:28.869 18484 18484 I HandWritingStubImpl: isKeyboardTypeChanged: false
06-08 18:05:28.878 18484 18484 I HandWritingStubImpl: isKeyboardTypeChanged: false
06-08 18:05:28.886 18484 18484 I HandWritingStubImpl: isKeyboardTypeChanged: false
06-08 18:05:28.894 18484 18484 I HandWritingStubImpl: isKeyboardTypeChanged: false
06-08 18:05:28.902 18484 18484 I HandWritingStubImpl: isKeyboardTypeChanged: false
06-08 18:05:28.910 18484 18484 I HandWritingStubImpl: isKeyboardTypeChanged: false
06-08 18:05:28.919 18484 18484 I HandWritingStubImpl: isKeyboardTypeChanged: false
06-08 18:05:28.927 18484 18484 I HandWritingStubImpl: isKeyboardTypeChanged: false
06-08 18:05:28.935 18484 18484 I HandWritingStubImpl: isKeyboardTypeChanged: false
06-08 18:05:28.943 18484 18484 I HandWritingStubImpl: isKeyboardTypeChanged: false
06-08 18:05:28.952 18484 18484 I HandWritingStubImpl: isKeyboardTypeChanged: false
06-08 18:05:28.960 18484 18484 I HandWritingStubImpl: isKeyboardTypeChanged: false
06-08 18:05:28.968 18484 18484 I HandWritingStubImpl: isKeyboardTypeChanged: false
06-08 18:05:28.976 18484 18484 I HandWritingStubImpl: isKeyboardTypeChanged: false
06-08 18:05:28.985 18484 18484 I HandWritingStubImpl: isKeyboardTypeChanged: false
06-08 18:05:28.993 18484 18484 I HandWritingStubImpl: isKeyboardTypeChanged: false
06-08 18:05:29.001 18484 18484 I HandWritingStubImpl: isKeyboardTypeChanged: false
06-08 18:05:29.004  1977  2997 D libsensor-displayalgo: the value of  brightness:400.000000,R:74827669.726580,G:74826842.211101,B:74850176.108510,EVENT_C:6554.500000,EVENT_R:2545.500000,EVENT_G:3306.500000,EVENT_B:1312.500000
06-08 18:05:29.004  1977  2997 I libsensor-displayalgo: the value of  Coef1:1107.681000,Coef4:2.383000, scale1:0.935522, scale4:0.923264
06-08 18:05:29.004  1977  2997 E libsensor-displayalgo: RGB_test_0407_400_oldzy!
06-08 18:05:29.005  1977  2997 I libsensor-displayalgo: the value of  RESULT2882.869288,1138.953722,1403.465646,522.935379
06-08 18:05:29.005  1977  2997 I libsensor-displayalgo: the value of  getChannelDataCalibrated3012.514763,1055.417720,1623.945572,566.802882
06-08 18:05:29.005  1977  2997 I libsensor-displayalgo: the value of  REAL LUX209.774887
06-08 18:05:29.005  1977  2997 I libsensor-displayalgo: the value of  CAL REAL LUX209.774887
06-08 18:05:29.010 18484 18484 I HandWritingStubImpl: isKeyboardTypeChanged: false
06-08 18:05:29.017 18484 18484 I HandWritingStubImpl: isKeyboardTypeChanged: false
06-08 18:05:29.026 18484 18484 I HandWritingStubImpl: isKeyboardTypeChanged: false
06-08 18:05:29.034 18484 18484 I HandWritingStubImpl: isKeyboardTypeChanged: false
06-08 18:05:29.042 18484 18484 I HandWritingStubImpl: isKeyboardTypeChanged: false
06-08 18:05:29.051 18484 18484 I HandWritingStubImpl: isKeyboardTypeChanged: false
06-08 18:05:29.059 18484 18484 I HandWritingStubImpl: isKeyboardTypeChanged: false
06-08 18:05:29.067 18484 18484 I HandWritingStubImpl: isKeyboardTypeChanged: false
06-08 18:05:29.075 18484 18484 I HandWritingStubImpl: isKeyboardTypeChanged: false
06-08 18:05:29.084 18484 18484 I HandWritingStubImpl: isKeyboardTypeChanged: false
06-08 18:05:29.092 18484 18484 I HandWritingStubImpl: isKeyboardTypeChanged: false
06-08 18:05:29.100 18484 18484 I HandWritingStubImpl: isKeyboardTypeChanged: false
06-08 18:05:29.108 18484 18484 I HandWritingStubImpl: isKeyboardTypeChanged: false
06-08 18:05:29.116 18484 18484 I HandWritingStubImpl: isKeyboardTypeChanged: false
06-08 18:05:29.124 18484 18484 I HandWritingStubImpl: isKeyboardTypeChanged: false
06-08 18:05:29.133 18484 18484 I HandWritingStubImpl: isKeyboardTypeChanged: false
06-08 18:05:29.141 18484 18484 I HandWritingStubImpl: isKeyboardTypeChanged: false
06-08 18:05:29.150 18484 18484 I HandWritingStubImpl: isKeyboardTypeChanged: false
06-08 18:05:29.158 18484 18484 I HandWritingStubImpl: isKeyboardTypeChanged: false
06-08 18:05:29.166 18484 18484 I HandWritingStubImpl: isKeyboardTypeChanged: false
06-08 18:05:29.174 18484 18484 I HandWritingStubImpl: isKeyboardTypeChanged: false
06-08 18:05:29.176  6952 19606 I SafeBinderCall: onPositionChange binder cost:0
06-08 18:05:29.176  4164  4164 D MiPlayDetailViewModel: onPositionChange(): position = 3122
06-08 18:05:29.182 18484 18484 I HandWritingStubImpl: isKeyboardTypeChanged: false
06-08 18:05:29.190 18484 18484 I HandWritingStubImpl: isKeyboardTypeChanged: false
06-08 18:05:29.198 18484 18484 I HandWritingStubImpl: isKeyboardTypeChanged: false
06-08 18:05:29.207 18484 18484 I HandWritingStubImpl: isKeyboardTypeChanged: false
06-08 18:05:29.215 18484 18484 I HandWritingStubImpl: isKeyboardTypeChanged: false
06-08 18:05:29.223 18484 18484 I HandWritingStubImpl: isKeyboardTypeChanged: false
06-08 18:05:29.232 18484 18484 I HandWritingStubImpl: isKeyboardTypeChanged: false
06-08 18:05:29.240 18484 18484 I HandWritingStubImpl: isKeyboardTypeChanged: false
06-08 18:05:29.248 18484 18484 I HandWritingStubImpl: isKeyboardTypeChanged: false
06-08 18:05:29.256 18484 18484 I HandWritingStubImpl: isKeyboardTypeChanged: false
06-08 18:05:29.265 18484 18484 I HandWritingStubImpl: isKeyboardTypeChanged: false
06-08 18:05:29.273 18484 18484 I HandWritingStubImpl: isKeyboardTypeChanged: false
06-08 18:05:29.281 18484 18484 I HandWritingStubImpl: isKeyboardTypeChanged: false
06-08 18:05:29.289 18484 18484 I HandWritingStubImpl: isKeyboardTypeChanged: false
06-08 18:05:29.297 18484 18484 I HandWritingStubImpl: isKeyboardTypeChanged: false
06-08 18:05:29.303 18435 18467 I appium  : channel read: POST /wd/hub/session/f84f00e2-411a-4162-9d70-a8da77e6b19f/appium/device/press_keycode
06-08 18:05:29.304 18435 18467 I appium  : PressKeyCode command
06-08 18:05:29.304 18435 18467 I appium  : Calling PressKeyCode...
06-08 18:05:29.306 18484 18484 I HandWritingStubImpl: isKeyboardTypeChanged: false
06-08 18:05:29.313 18484 18484 I HandWritingStubImpl: isKeyboardTypeChanged: false
06-08 18:05:29.319  2403  4239 W MiuiInputKeyEventLog: keyCode:4 down:true eventTime:2076952762 downTime:2076952762 policyFlags:2b000000 flags:0 metaState:0 deviceId:-1 isScreenOn:true keyguardActive:false repeatCount:0
06-08 18:05:29.320  2403  4239 D WindowManager: interceptKeyTq keycode=4 interactive=true keyguardActive=false policyFlags=2b000000
06-08 18:05:29.320  2403  4239 D MIUIInput: Input event injection from pid 18420, KeyEvent:DOWN, keycode:4
06-08 18:05:29.320  1245  2285 I vendor.qti.hardware.display.composer-service: FrameNotifyProcess Sensor: notify citsensorservice to trigger cwb
06-08 18:05:29.320  2403  2566 W ActivityManager: Sending non-protected broadcast miui.intent.KEYCODE_BACK from system 2403:system/1000 pkg android. Callers=com.android.server.am.ActivityManagerService.broadcastIntentLocked:13794 com.android.server.am.ActivityManagerService.broadcastIntentLocked:13204 com.android.server.am.ActivityManagerService.broadcastIntentWithFeature:14053 android.app.ContextImpl.sendBroadcastAsUser:1400 com.android.server.policy.BaseMiuiPhoneWindowManager$16.run:2837
06-08 18:05:29.321  2403  2566 W ActivityManager: Sending non-protected broadcast miui.intent.KEYCODE_BACK from system 2403:system/1000 pkg android. Callers=com.android.server.am.ActivityManagerService.broadcastIntentLocked:13893 com.android.server.am.ActivityManagerService.broadcastIntentLocked:13204 com.android.server.am.ActivityManagerService.broadcastIntentWithFeature:14053 android.app.ContextImpl.sendBroadcastAsUser:1400 com.android.server.policy.BaseMiuiPhoneWindowManager$16.run:2837
06-08 18:05:29.321  2403  2910 D WindowManager: interceptKeyTi keyCode=4 down=true repeatCount=0 keyguardOn=false canceled=false
06-08 18:05:29.322 18484 18484 I HandWritingStubImpl: isKeyboardTypeChanged: false
06-08 18:05:29.322  2403  2910 D MIUIInput: [KeyEvent] publisher action:0x0,  keyCode:4 , 2076952762,channel '5f3d9f5 cn.missevan/cn.missevan.activity.MainActivity (server)'
06-08 18:05:29.322  1977 18363 I libcitsensorservice@2.0-impl: msg_transfer
06-08 18:05:29.323  1977  2987 D vendor.xiaomi.sensor.citsensorservice@2.0-service: handle id:8 wxh:1280x2400 uwxuh:1080x2400 size: 9216000 fd:15 fd_meta:16 flags:0x4000228 usage:0x33  format:0x3 layer_count: 1
06-08 18:05:29.324  1245  1846 I SDM     : HWCSession::SetCWBOutputBuffer: CWB config passed by cwb_client : tappoint 1  CWB_ROI : (829.000000 4.000000 915.000000 90.000000)
06-08 18:05:29.324 18484 18484 D MIUIInput: [KeyEvent] ViewRootImpl windowName 'cn.missevan/cn.missevan.activity.MainActivity', KeyEvent { action=ACTION_DOWN, keyCode=KEYCODE_BACK, scanCode=0, metaState=0, flags=0x0, repeatCount=0, eventTime=2076952762, downTime=2076952762, deviceId=-1, source=0x101, displayId=-1 }, phoneEventTime=18:05:29.306
06-08 18:05:29.326  2403  4239 W MiuiInputKeyEventLog: keyCode:4 down:false eventTime:2076952762 downTime:2076952762 policyFlags:2b000000 flags:0 metaState:0 deviceId:-1 isScreenOn:true keyguardActive:false repeatCount:0
06-08 18:05:29.327  2403  4239 D WindowManager: interceptKeyTq keycode=4 interactive=true keyguardActive=false policyFlags=2b000000
06-08 18:05:29.327  2403  2566 W ActivityManager: Sending non-protected broadcast miui.intent.KEYCODE_BACK from system 2403:system/1000 pkg android. Callers=com.android.server.am.ActivityManagerService.broadcastIntentLocked:13794 com.android.server.am.ActivityManagerService.broadcastIntentLocked:13204 com.android.server.am.ActivityManagerService.broadcastIntentWithFeature:14053 android.app.ContextImpl.sendBroadcastAsUser:1400 com.android.server.policy.BaseMiuiPhoneWindowManager$16.run:2837
06-08 18:05:29.327  2403  2566 W ActivityManager: Sending non-protected broadcast miui.intent.KEYCODE_BACK from system 2403:system/1000 pkg android. Callers=com.android.server.am.ActivityManagerService.broadcastIntentLocked:13893 com.android.server.am.ActivityManagerService.broadcastIntentLocked:13204 com.android.server.am.ActivityManagerService.broadcastIntentWithFeature:14053 android.app.ContextImpl.sendBroadcastAsUser:1400 com.android.server.policy.BaseMiuiPhoneWindowManager$16.run:2837
06-08 18:05:29.327  2403  4239 D MIUIInput: Input event injection from pid 18420, KeyEvent:UP, keycode:4
06-08 18:05:29.327  2403  2910 D WindowManager: interceptKeyTi keyCode=4 down=false repeatCount=0 keyguardOn=false canceled=false
06-08 18:05:29.328  2403  2910 D MIUIInput: [KeyEvent] publisher action:0x1,  keyCode:4 , 2076952762,channel '5f3d9f5 cn.missevan/cn.missevan.activity.MainActivity (server)'
06-08 18:05:29.328  1245 19637 I SDM     : HWCSession::ProcessRequests: Successfully configured CWB buffer.
06-08 18:05:29.329 18484 18484 D MIUIInput: [KeyEvent] ViewRootImpl windowName 'cn.missevan/cn.missevan.activity.MainActivity', KeyEvent { action=ACTION_UP, keyCode=KEYCODE_BACK, scanCode=0, metaState=0, flags=0x0, repeatCount=0, eventTime=2076952762, downTime=2076952762, deviceId=-1, source=0x101, displayId=-1 }, phoneEventTime=18:05:29.305
06-08 18:05:29.330 18484 18484 I HandWritingStubImpl: isKeyboardTypeChanged: false
06-08 18:05:29.334 18484 18484 I HandWritingStubImpl: isKeyboardTypeChanged: false
06-08 18:05:29.338  1245 19637 I SDM     : HWCSession::ProcessRequests: Pushing release fence in fenece wait queue.
06-08 18:05:29.338  1245 19637 I SDM     : HWCSession::ProcessRequests: Creating AsyncFenceWaits async thread.
06-08 18:05:29.338  1245 19637 I SDM     : HWCSession::ProcessRequests: Remove current CWB request from the pending request queue.
06-08 18:05:29.338  1245 19637 I SDM     : HWCSession::ProcessRequests: No pending cwb requests found in the queue.
06-08 18:05:29.340 18484 18484 I HandWritingStubImpl: refreshLastKeyboardType: 1
06-08 18:05:29.340 18484 18484 I HandWritingStubImpl: getCurrentKeyboardType: 1
06-08 18:05:29.344  1245  1464 I SDM     : HWDeviceDRM::SetupConcurrentWriteback: Tear down the Concurrent Writeback topology
06-08 18:05:29.346 18484 18484 I HandWritingStubImpl: isKeyboardTypeChanged: false
06-08 18:05:29.346  4910  5714 W Binder  : Caught a RuntimeException from the binder stub implementation.
06-08 18:05:29.346  4910  5714 W Binder  : java.lang.SecurityException: Permission denial
06-08 18:05:29.346  4910  5714 W Binder  : 	at com.xiaomi.mirror.MirrorAppService.enforceSignature(MirrorAppService.java:30)
06-08 18:05:29.346  4910  5714 W Binder  : 	at com.xiaomi.mirror.MirrorAppService.isWorking(MirrorAppService.java:35)
06-08 18:05:29.346  4910  5714 W Binder  : 	at com.xiaomi.mirror.MirrorAppService.notifyInputTypeAndPos(MirrorAppService.java:88)
06-08 18:05:29.346  4910  5714 W Binder  : 	at com.xiaomi.mirror.IMirrorAppService$Stub.onTransact(IMirrorAppService.java:135)
06-08 18:05:29.346  4910  5714 W Binder  : 	at android.os.Binder.execTransactInternal(Binder.java:1190)
06-08 18:05:29.346  4910  5714 W Binder  : 	at android.os.Binder.execTransact(Binder.java:1149)
06-08 18:05:29.348 18484 18484 I HandWritingStubImpl: isKeyboardTypeChanged: false
06-08 18:05:29.348 18484 18484 I HandWritingStubImpl: isKeyboardTypeChanged: false
06-08 18:05:29.352  1245 19639 I SDM     : HWCSession::NotifyCWBStatus: Notify the client about buffer status 0.
06-08 18:05:29.352  7825  7825 E BaseInputMethodService: onFinishInput
06-08 18:05:29.352  1245 19639 I SDM     : HWCSession::PerformFenceWaits: Remove current release fence from the pending fence wait queue.
06-08 18:05:29.352  7825  7825 E BaseInputMethodService: onStartInput
06-08 18:05:29.352  1245 19639 I SDM     : HWCSession::PerformFenceWaits: CWB fence queue is empty. No pending release fence to wait on.
06-08 18:05:29.354  7825  7825 E BaseInputMethodService: onComputeInsets
06-08 18:05:29.355 18435 18467 I appium  : AppiumResponse: {"sessionId":"f84f00e2-411a-4162-9d70-a8da77e6b19f","value":null}
06-08 18:05:29.405  1977  2997 D libsensor-displayalgo: the value of  brightness:400.000000,R:74827669.726580,G:74826842.211101,B:74850176.108510,EVENT_C:6477.000000,EVENT_R:2525.000000,EVENT_G:3266.000000,EVENT_B:1292.500000
06-08 18:05:29.405  1977  2997 I libsensor-displayalgo: the value of  Coef1:1107.681000,Coef4:2.383000, scale1:0.935522, scale4:0.923264
06-08 18:05:29.405  1977  2997 E libsensor-displayalgo: RGB_test_0407_400_oldzy!
06-08 18:05:29.405  1977  2997 I libsensor-displayalgo: the value of  RESULT2882.869288,1138.953722,1403.465646,522.935379
06-08 18:05:29.405  1977  2997 I libsensor-displayalgo: the value of  getChannelDataCalibrated3012.514763,1055.417720,1623.945572,566.802882
06-08 18:05:29.405  1977  2997 I libsensor-displayalgo: the value of  REAL LUX204.860199
06-08 18:05:29.406  1977  2997 I libsensor-displayalgo: the value of  CAL REAL LUX204.860199
06-08 18:05:29.512  5452  9748 D SLM-SRV-SLAService: checktemp temperature = 36861 temperature_average = 36687 isPerformanceMode = false thermal_enable_slm = true
06-08 18:05:29.536 18484 18484 I HandWritingStubImpl: isKeyboardTypeChanged: false
06-08 18:05:29.536 18484 18484 D InputMethodManager: showSoftInput() view=cn.missevan.view.widget.SkinCompatClearableEditText{e69e7a0 VFED..CL. .F...... 28,19-942,102 #7f0b0468 app:id/et_search aid=1073741992} flags=2 reason=SHOW_SOFT_INPUT
06-08 18:05:29.537  2403  4239 I InputMethodManagerService: IMMS.showSoftInput(), client = com.android.internal.view.IInputMethodClient$Stub$Proxy@d2fffea
06-08 18:05:29.537  2403  4239 I InputMethodManagerService: IMMS.showCurrentInputLocked(), curMethod = com.android.internal.view.IInputMethod$Stub$Proxy@19bce95, flags = 2
06-08 18:05:29.537  2403  4239 I SmartPower.com.sohu.inputmethod.sogou.xiaomi:identifier/10132(1109): background->visible(2262ms) R(show input method) adj=0.
06-08 18:05:29.538  2403  4239 I SmartPower.com.sohu.inputmethod.sogou.xiaomi:scrashly/10132(11682): background->visible(2262ms) R(show input method) adj=915.
06-08 18:05:29.538  2403  4239 I SmartPower.com.sohu.inputmethod.sogou.xiaomi/10132(7825): background->visible(2262ms) R(show input method) adj=100.
06-08 18:05:29.538  2403  4239 I InputMethodManagerService: IMMS.showCurrentInputLocked request ims to show inputMethod.
06-08 18:05:29.538  2403  3429 I SmartPower: com.sohu.inputmethod.sogou.xiaomi/10132 state=inactive adj=0 proc size=3 move to foreground show input method
06-08 18:05:29.539  7825  7825 V InputMethod: IMS.showSoftInput()
06-08 18:05:29.540  7825  7825 E BaseInputMethodService: onConfigureWindow
06-08 18:05:29.541  7825  7825 E BaseInputMethodService: onStartInputView
06-08 18:05:29.542  7825  7825 I InputMethodService: customizeBottomViewColor, isCustom : true
06-08 18:05:29.542  7825  7825 I IMEBottomManager: customizeBottomViewColor, isCustom : true
06-08 18:05:29.546  7825 19208 W System.err: java.lang.SecurityException: getDataNetworkTypeForSubscriber
06-08 18:05:29.547  7825 19208 W System.err: 	at android.os.Parcel.createExceptionOrNull(Parcel.java:2426)
06-08 18:05:29.547  7825 19208 W System.err: 	at android.os.Parcel.createException(Parcel.java:2410)
06-08 18:05:29.547  7825 19208 W System.err: 	at android.os.Parcel.readException(Parcel.java:2393)
06-08 18:05:29.547  7825 19208 W System.err: 	at android.os.Parcel.readException(Parcel.java:2335)
06-08 18:05:29.547  7825 19208 W System.err: 	at com.android.internal.telephony.ITelephony$Stub$Proxy.getNetworkTypeForSubscriber(ITelephony.java:9323)
06-08 18:05:29.547  7825 19208 W System.err: 	at android.telephony.TelephonyManager.getNetworkType(TelephonyManager.java:2971)
06-08 18:05:29.547  7825 19208 W System.err: 	at android.telephony.TelephonyManager.getNetworkType(TelephonyManager.java:2935)
06-08 18:05:29.547  7825 19208 W System.err: 	at com.sogou.bu.basic.util.InfoManager.t(SogouSource:468)
06-08 18:05:29.547  7825 19208 W System.err: 	at com.sohu.inputmethod.flx.b.n(SogouSource:203)
06-08 18:05:29.547  7825 19208 W System.err: 	at cnh$j.a(SogouSource:750)
06-08 18:05:29.547  7825 19208 W System.err: 	at cnh.a(SogouSource:1931)
06-08 18:05:29.547  7825 19208 W System.err: 	at cnl.a(SogouSource:562)
06-08 18:05:29.547  7825 19208 W System.err: 	at com.sohu.inputmethod.sogou.MainImeServiceDel.hQ(SogouSource:9765)
06-08 18:05:29.547  7825 19208 W System.err: 	at com.sohu.inputmethod.sogou.MainImeServiceDel.lambda$hDNuEpXxMoRkwa0gwYA6-uVthVo(Unknown Source:0)
06-08 18:05:29.547  7825 19208 W System.err: 	at com.sohu.inputmethod.sogou.-$$Lambda$MainImeServiceDel$hDNuEpXxMoRkwa0gwYA6-uVthVo.call(Unknown Source:2)
06-08 18:05:29.547  7825 19208 W System.err: 	at bad.call(SogouSource:82)
06-08 18:05:29.547  7825 19208 W System.err: 	at bab.a(SogouSource:143)
06-08 18:05:29.547  7825 19208 W System.err: 	at bab.a(SogouSource:128)
06-08 18:05:29.547  7825 19208 W System.err: 	at bay$a.run(SogouSource:77)
06-08 18:05:29.547  7825 19208 W System.err: 	at bbd.run(SogouSource:70)
06-08 18:05:29.547  7825 19208 W System.err: 	at java.util.concurrent.ThreadPoolExecutor.runWorker(ThreadPoolExecutor.java:1167)
06-08 18:05:29.547  7825 19208 W System.err: 	at java.util.concurrent.ThreadPoolExecutor$Worker.run(ThreadPoolExecutor.java:641)
06-08 18:05:29.547  7825 19208 W System.err: 	at java.lang.Thread.run(Thread.java:920)
06-08 18:05:29.547  7825  7825 I RichImeStatus: onConfigImeType:[curLanId: 0, imeType: 2]
06-08 18:05:29.551  5823  9369 D MirrorManager:  sendAcceptInput 1 0
06-08 18:05:29.552 21118   333 W AdaptiveDiscoveryWorker: Exiting Adaptive Discovery. Current NetworkInfo is NULL.
06-08 18:05:29.554 18484 18484 I HandWritingStubImpl: isKeyboardTypeChanged: false
06-08 18:05:29.556  2403  5734 I InputMethodManagerService: IMMS.applyImeVisibility(), setVisible = true, mCurclient = ClientState{25214b7 uid=10462 pid=18484 displayId=0}
06-08 18:05:29.556  2403  5734 I WindowManager: WMS.showImePostLayout(), imeTarget = Window{5f3d9f5 u0 cn.missevan/cn.missevan.activity.MainActivity}
06-08 18:05:29.558  4164  4164 I OneHandedController: stopOneHanded mState=STATE_NONE, uiEvent=ONE_HANDED_TRIGGER_POP_IME_OUT
06-08 18:05:29.564  2403  4520 I SmartPower.com.sohu.inputmethod.sogou.xiaomi:identifier/10132(1109): visible->invisible(28ms) R(become invisible) adj=0.
06-08 18:05:29.565  2403  4520 I SmartPower.com.sohu.inputmethod.sogou.xiaomi:scrashly/10132(11682): visible->invisible(27ms) R(become invisible) adj=915.
06-08 18:05:29.565  4164  4164 I OneHandedController: stopOneHanded mState=STATE_NONE, uiEvent=ONE_HANDED_TRIGGER_POP_IME_OUT
06-08 18:05:29.577  2403  4520 I WindowManagerService: Physical orientation applied, rotation=0 sfOrientation=ORIENTATION_0
06-08 18:05:29.579  7825  7825 E BaseInputMethodService: onComputeInsets
06-08 18:05:29.593  7825  7825 E BaseInputMethodService: onComputeInsets
06-08 18:05:29.600  2403  2570 I ImeInsetsSourceProvider: ImeInsetsSourceProvider.scheduleShowImePostLayout() Run showImeRunner.
06-08 18:05:29.600  2403  2570 I ImeInsetsSourceProvider: ImeInsetsSourceProvider.scheduleShowImePostLayout() isReadyToShowIme.
06-08 18:05:29.600 18484 18484 D InsetsController: show(ime(), fromIme=true)
06-08 18:05:29.602 18484 18484 I HandWritingStubImpl: isKeyboardTypeChanged: false
06-08 18:05:29.612  2403  2568 I WindowManager: input method visible height changed 885
06-08 18:05:29.613  5786  5786 I f       : startRecord newCounts: 185
06-08 18:05:29.625  1245  2285 I vendor.qti.hardware.display.composer-service: FrameNotifyProcess Sensor: notify citsensorservice to trigger cwb
06-08 18:05:29.626  1977  2106 I libcitsensorservice@2.0-impl: msg_transfer
06-08 18:05:29.626  1977  2987 D vendor.xiaomi.sensor.citsensorservice@2.0-service: handle id:8 wxh:1280x2400 uwxuh:1080x2400 size: 9216000 fd:15 fd_meta:16 flags:0x4000228 usage:0x33  format:0x3 layer_count: 1
06-08 18:05:29.626  1245  1846 I SDM     : HWCSession::SetCWBOutputBuffer: CWB config passed by cwb_client : tappoint 1  CWB_ROI : (829.000000 4.000000 915.000000 90.000000)
06-08 18:05:29.629  1245 19642 I SDM     : HWCSession::ProcessRequests: Successfully configured CWB buffer.
06-08 18:05:29.635  1245 19642 I SDM     : HWCSession::ProcessRequests: Pushing release fence in fenece wait queue.
06-08 18:05:29.636  1245 19642 I SDM     : HWCSession::ProcessRequests: Creating AsyncFenceWaits async thread.
06-08 18:05:29.637  1245 19642 I SDM     : HWCSession::ProcessRequests: Remove current CWB request from the pending request queue.
06-08 18:05:29.637  1245 19642 I SDM     : HWCSession::ProcessRequests: No pending cwb requests found in the queue.
06-08 18:05:29.642  1245  1464 I SDM     : HWDeviceDRM::SetupConcurrentWriteback: Tear down the Concurrent Writeback topology
06-08 18:05:29.648  1245 19643 I SDM     : HWCSession::NotifyCWBStatus: Notify the client about buffer status 0.
06-08 18:05:29.648  1245 19643 I SDM     : HWCSession::PerformFenceWaits: Remove current release fence from the pending fence wait queue.
06-08 18:05:29.648  1245 19643 I SDM     : HWCSession::PerformFenceWaits: CWB fence queue is empty. No pending release fence to wait on.
06-08 18:05:29.668  4164  4164 I OneHandedController: stopOneHanded mState=STATE_NONE, uiEvent=ONE_HANDED_TRIGGER_POP_IME_OUT
06-08 18:05:29.704  1977  2997 D libsensor-displayalgo: the value of  brightness:400.000000,R:74827669.726580,G:74826842.211101,B:74850176.108510,EVENT_C:6527.500000,EVENT_R:2539.500000,EVENT_G:3292.000000,EVENT_B:1304.500000
06-08 18:05:29.705  1977  2997 I libsensor-displayalgo: the value of  Coef1:1107.681000,Coef4:2.383000, scale1:0.935522, scale4:0.923264
06-08 18:05:29.705  1977  2997 E libsensor-displayalgo: RGB_test_0407_400_oldzy!
06-08 18:05:29.705  1977  2997 I libsensor-displayalgo: the value of  RESULT2882.869288,1138.953722,1403.465646,522.935379
06-08 18:05:29.705  1977  2997 I libsensor-displayalgo: the value of  getChannelDataCalibrated3012.514763,1055.417720,1623.945572,566.802882
06-08 18:05:29.705  1977  2997 I libsensor-displayalgo: the value of  REAL LUX208.085739
06-08 18:05:29.705  1977  2997 I libsensor-displayalgo: the value of  CAL REAL LUX208.085739
06-08 18:05:29.820  1906  1953 I mstatdaemon: Entering time loop
06-08 18:05:29.821  1906  1953 I mstatdaemon: t = 1686218729
06-08 18:05:29.821  1906  1953 I mstatdaemon: translated_t = 1370228729
06-08 18:05:29.821  1906  1953 I mstat_log: mstatcommitLog log_alloc() failed
06-08 18:05:29.840 18484 18484 I HandWritingStubImpl: isKeyboardTypeChanged: false
06-08 18:05:29.841 18484 18484 I HandWritingStubImpl: isKeyboardTypeChanged: false
06-08 18:05:30.005  1977  2997 D libsensor-displayalgo: the value of  brightness:400.000000,R:74827669.726580,G:74826842.211101,B:74850176.108510,EVENT_C:6527.500000,EVENT_R:2539.500000,EVENT_G:3292.000000,EVENT_B:1304.500000
06-08 18:05:30.005  1977  2997 I libsensor-displayalgo: the value of  Coef1:1107.681000,Coef4:2.383000, scale1:0.935522, scale4:0.923264
06-08 18:05:30.005  1977  2997 E libsensor-displayalgo: RGB_test_0407_400_oldzy!
06-08 18:05:30.005  1977  2997 I libsensor-displayalgo: the value of  RESULT2882.869288,1138.953722,1403.465646,522.935379
06-08 18:05:30.005  1977  2997 I libsensor-displayalgo: the value of  getChannelDataCalibrated3012.514763,1055.417720,1623.945572,566.802882
06-08 18:05:30.005  1977  2997 I libsensor-displayalgo: the value of  REAL LUX208.085739
06-08 18:05:30.005  1977  2997 I libsensor-displayalgo: the value of  CAL REAL LUX208.085739
06-08 18:05:30.006  1245  2285 I vendor.qti.hardware.display.composer-service: FrameNotifyProcess Sensor: notify citsensorservice to trigger cwb
06-08 18:05:30.007  1977 18363 I libcitsensorservice@2.0-impl: msg_transfer
06-08 18:05:30.007  1977  2987 D vendor.xiaomi.sensor.citsensorservice@2.0-service: handle id:8 wxh:1280x2400 uwxuh:1080x2400 size: 9216000 fd:15 fd_meta:16 flags:0x4000228 usage:0x33  format:0x3 layer_count: 1
