06-20 17:42:16.415  2431   767 E SettingsToPropertiesMapper: adservices/disable_sdk_sandbox,adservices/enforce_broadcast_receiver_restrictions,adservices/fledge_ad_selection_enforce_foreground_status_custom_audience,adservices/fledge_custom_audience_max_count,adservices/fledge_custom_audience_max_num_ads,adservices/fledge_custom_audience_max_owner_count,adservices/fledge_custom_audience_per_app_max_count,adservices/fledge_js_isolate_enforce_max_heap_size,adservices/fledge_js_isolate_max_heap_size_bytes,adservices/sdk_request_permits_per_second,adservices/sdksandbox_customized_sdk_context_enabled,configuration/namespace_to_package_mapping,constrain_display_apis/always_constrain_display_apis,constrain_display_apis/never_constrain_display_apis,constrain_display_apis/never_constrain_display_apis_all_packages,device_policy_manager/disable_resources_updatability,flipendo/default_savings_mode_launch,flipendo/essential_apps,flipendo/flipendo_enabled_launch,flipendo/grayscale_enabled_launch,flipendo/lever_ble_scanning_enabled_launch,flipendo/lever_hotspot_enabled_launch,flipendo/lever_work_profile_enabled_launch,flipendo/resuspend_delay_minutes,namespace/key,namespace1/key1,namespace1/key2,namespace2/key1,namespace2/key2,package_manager_service/incfs_default_timeouts,package_manager_service/known_digesters_list,privacy/location_access_check_periodic_interval_millis,rollback/enable_rollback_timeout,rollback/watchdog_explicit_health_check_enabled,rollback/watchdog_request_timeout_millis,rollback/watchdog_trigger_failure_count,rollback/watchdog_trigger_failure_duration_millis,rollback_boot/rollback_lifetime_in_millis,systemui/nas_generate_actions,systemui/nas_generate_replies,systemui/nas_max_messages_to_extract,systemui/nas_max_suggestions,testspace/another,testspace/flagname,textclassifier/config_updater_model_enabled,textclassifier/key,textclassifier/key2,textclassifier/manifest_url_annotator_en,textclassifier/manifest_url_annotator_ru,textclassifier/model_download_backoff_delay_in_millis,textclassifier/model_download_manager_enabled,textclassifier/multi_language_support_enabled,textclassifier/testing_locale_list_override,textclassifier/textclassifier_service_package_override,window_manager/enable_default_rescind_bal_privileges_from_pending_intent_sender,wrong/nas_generate_replies, exceeds system property max length.
06-20 17:42:16.425  2431  3390 I RescueParty: Starting to observe: [com.miui.screenrecorder, com.miui.powerkeeper, com.miui.contentcatcher, com.miui.dmregservice, com.xiaomi.mi_connect_service, com.miui.securitycenter, com.miui.notification, com.xiaomi.barrage, com.miui.daemon, android, com.miui.vsimcore, com.miui.aod, com.xiaomi.location.fused, com.google.android.gms, com.google.android.gsf, com.xiaomi.joyose, com.xiaomi.misettings, com.xiaomi.mirror, com.xiaomi.bluetooth, com.android.settings, com.android.phone, com.android.providers.media.module, com.android.systemui, com.android.permissioncontroller, com.lbe.security.miui, com.android.bluetooth, com.xiaomi.aiasst.service], updated namespace: privacy
06-20 17:42:16.427  2431  2645 I PackageWatchdog: Syncing state, reason: observing new packages
06-20 17:42:16.430  2431  2645 I PackageWatchdog: Syncing state, reason: updated observers
06-20 17:42:16.431  2431  2645 I PackageWatchdog: Saving observer state to file
06-20 17:42:16.434  9700  9719 D CompatibilityChangeReporter: Compat change id reported: 150939131; UID 1001; state: ENABLED
06-20 17:42:16.436 10074  4512 D CompatibilityChangeReporter: Compat change id reported: 150939131; UID 1002; state: ENABLED
06-20 17:42:16.436 11614 32234 D CompatibilityChangeReporter: Compat change id reported: 150939131; UID 10158; state: ENABLED
06-20 17:42:16.436 14093 10442 D CompatibilityChangeReporter: Compat change id reported: 150939131; UID 10158; state: ENABLED
06-20 17:42:16.438  9087  9126 D CompatibilityChangeReporter: Compat change id reported: 150939131; UID 10158; state: ENABLED
06-20 17:42:16.438   363   380 D CompatibilityChangeReporter: Compat change id reported: 150939131; UID 1000; state: ENABLED
06-20 17:42:16.441   614   652 D CompatibilityChangeReporter: Compat change id reported: 150939131; UID 1000; state: ENABLED
06-20 17:42:16.442  5898  5925 D CompatibilityChangeReporter: Compat change id reported: 150939131; UID 1000; state: ENABLED
06-20 17:42:16.443 20062 20076 D CompatibilityChangeReporter: Compat change id reported: 150939131; UID 1000; state: ENABLED
06-20 17:42:16.449  4046  4079 D CompatibilityChangeReporter: Compat change id reported: 150939131; UID 1002; state: ENABLED
06-20 17:42:16.454  2431  2431 I PackageWatchdog: Syncing health check requests for packages: {com.miui.screenrecorder, com.miui.contentcatcher}
06-20 17:42:16.454  2431  2431 I ExplicitHealthCheckController: Service not ready to get health check supported packages. Binding...
06-20 17:42:16.462  2431  2431 I ExplicitHealthCheckController: Explicit health check service is bound
06-20 17:42:16.463  2431  2945 I BatteryService: current mPlugType2current mHealthInfo.batteryLevel100current mHealthInfo.batteryTemperature337
06-20 17:42:16.469  5858  7526 D ThermalIECHandler: storeDataStyle: thermal_iec_monitor_persistence_data_style_iec_state; startIECTime: -1; IECScreenOffOverPeriodTime: 518734563
06-20 17:42:16.469  4190  4190 D DynamicService:  ACTION_BATTERY_CHANGED change,USB plug = 2
06-20 17:42:16.469  4145  4145 D QtiCarrierConfigHelper: WARNING, no carrier configs on phone Id: 1
06-20 17:42:16.470  5858  7218 D PowerCheckerService: onBatteryChanged, mBatteryLevel = 100, status = 5, level = 100, plug = 2, scale = 100
06-20 17:42:16.471  5858  6736 D PowerKeeper.FrozenApp: onBatteryChanged plug=true mBatteryPlugged=2
06-20 17:42:16.471  5858  7667 D PowerKeeper.Thermal: mBatteryTemperature: 33
06-20 17:42:16.472 11876 11876 I ExplicitHealthCheckServiceImpl: Network stack module not found
06-20 17:42:16.476  5735  5735 I BatteryInfoReceiver: ACTION_BATTERY_CHANGED
06-20 17:42:16.476  2431  2431 I ExplicitHealthCheckController: Explicit health check service is connected ComponentInfo{com.google.android.ext.services/android.ext.services.watchdog.ExplicitHealthCheckServiceImpl}
06-20 17:42:16.476  2431  2431 I ExplicitHealthCheckController: Service initialized, syncing requests
06-20 17:42:16.477  2431  2431 I PackageWatchdog: Syncing health check requests for packages: {com.miui.screenrecorder, com.miui.contentcatcher}
06-20 17:42:16.477  4176  4176 V DeviceStatisticsService: chargerType=2 batteryLevel=100 totalBatteryCapacity=4163000
06-20 17:42:16.477  4176  4176 D DeviceInfoHidlClient: isRadioOn()=true
06-20 17:42:16.477  4176  4176 I DeviceInfoHidlClient: isPowerInfoNeverSent=false batteryLevel=100 batteryLevelIndex=6 chargingMode=2 totalCapacity=4163000 powerSaveMode=false
06-20 17:42:16.482  2431  4485 I ExplicitHealthCheckController: Explicit health check supported packages []
06-20 17:42:16.482  2431  4485 I PackageWatchdog: Updated health check state for package com.miui.screenrecorder: INACTIVE -> PASSED
06-20 17:42:16.482  2431  4485 I PackageWatchdog: Updated health check state for package com.miui.contentcatcher: INACTIVE -> PASSED
06-20 17:42:16.482  2431  4485 I PackageWatchdog: Syncing state, reason: updated health check supported packages []
06-20 17:42:16.482  2431  2645 I PackageWatchdog: Saving observer state to file
06-20 17:42:16.482  2431  2431 I PackageWatchdog: Syncing health check requests for packages: {}
06-20 17:42:16.483  2431  2893 I ExplicitHealthCheckController: Explicit health check requested packages []
06-20 17:42:16.484  2431  2893 I ExplicitHealthCheckController: No more health check requests, unbinding...
06-20 17:42:16.486  2431  2893 I ExplicitHealthCheckController: Explicit health check service is unbound
06-20 17:42:16.486  2431  3390 I ExplicitHealthCheckController: Explicit health check supported packages []
06-20 17:42:16.488  5735  5735 I PowerNoticeUI: handleBatteryChanged oldPlugType 2 mPlugType 2 oldBatteryLevel 100 mBatteryLevel 100 temperature 337
06-20 17:42:16.489  2431  3390 I ExplicitHealthCheckController: Service not ready to get health check requested packages. Binding...
06-20 17:42:16.493 11876 11876 I ExplicitHealthCheckServiceImpl: Network stack module not found
06-20 17:42:16.496  2431  2444 I RescueParty: Starting to observe: [com.google.android.ext.services, android, com.android.systemui], updated namespace: systemui
06-20 17:42:16.497  2431  2645 I PackageWatchdog: Syncing state, reason: observing new packages
06-20 17:42:16.498  2431  2645 I PackageWatchdog: Syncing state, reason: updated observers
06-20 17:42:16.498  2431  3390 I ExplicitHealthCheckController: Explicit health check service is bound
06-20 17:42:16.498  2431  2645 I PackageWatchdog: Not pruning observers, elapsed time: 0ms
06-20 17:42:16.498  2431  2645 I PackageWatchdog: Saving observer state to file
06-20 17:42:16.505  2431  2431 I PackageWatchdog: Syncing health check requests for packages: {}
06-20 17:42:16.505  2431  2431 I ExplicitHealthCheckController: Service not ready to get health check supported packages. Binding...
06-20 17:42:16.505  2431  2431 I ExplicitHealthCheckController: Not binding to service, service already connecting
06-20 17:42:16.505  2431  2431 I ExplicitHealthCheckController: Explicit health check service is connected ComponentInfo{com.google.android.ext.services/android.ext.services.watchdog.ExplicitHealthCheckServiceImpl}
06-20 17:42:16.506  2431  2431 I ExplicitHealthCheckController: Service initialized, syncing requests
06-20 17:42:16.506  2431  2431 I PackageWatchdog: Syncing health check requests for packages: {}
06-20 17:42:16.511  2431  2893 I ExplicitHealthCheckController: Explicit health check supported packages []
06-20 17:42:16.513  2431  2893 I ExplicitHealthCheckController: Explicit health check requested packages []
06-20 17:42:16.514  2431  2893 I ExplicitHealthCheckController: No more health check requests, unbinding...
06-20 17:42:16.517  2431  2647 I android_os_HwBinder: HwBinder: Starting thread pool for getting: vendor.xiaomi.hardware.micharge@1.0::IMiCharge/default
06-20 17:42:16.518  2431  2893 I ExplicitHealthCheckController: Explicit health check service is unbound
06-20 17:42:16.520  2431  2893 I RescueParty: Starting to observe: [android], updated namespace: media
06-20 17:42:16.520  2431  2645 I PackageWatchdog: Syncing state, reason: observing new packages
06-20 17:42:16.521  2431  2645 I PackageWatchdog: Syncing state, reason: updated observers
06-20 17:42:16.522  2431  2645 I PackageWatchdog: Saving observer state to file
06-20 17:42:16.522  2431  2431 I PackageWatchdog: Syncing health check requests for packages: {}
06-20 17:42:16.522  2431  2431 I ExplicitHealthCheckController: Service not ready to get health check supported packages. Binding...
06-20 17:42:16.523  1322 19976 E vendor.xiaomi.hardware.micharge@1.0-service: Failed to open node /sys/class/qcom-battery/reverse_chg_mode
06-20 17:42:16.523  1322 19976 I vendor.xiaomi.hardware.micharge@1.0-service: ReadFilePathValue path = /sys/class/qcom-battery/reverse_chg_mode value =
06-20 17:42:16.529 11876 11876 I ExplicitHealthCheckServiceImpl: Network stack module not found
06-20 17:42:16.529  2431  2431 I ExplicitHealthCheckController: Explicit health check service is bound
06-20 17:42:16.532  2431  2431 I ExplicitHealthCheckController: Explicit health check service is connected ComponentInfo{com.google.android.ext.services/android.ext.services.watchdog.ExplicitHealthCheckServiceImpl}
06-20 17:42:16.532  2431  2431 I ExplicitHealthCheckController: Service initialized, syncing requests
06-20 17:42:16.532  2431  2431 I PackageWatchdog: Syncing health check requests for packages: {}
06-20 17:42:16.532  5735 11103 I android_os_HwBinder: HwBinder: Starting thread pool for getting: vendor.xiaomi.hardware.micharge@1.0::IMiCharge/default
06-20 17:42:16.535  2431  2893 I ExplicitHealthCheckController: Explicit health check supported packages []
06-20 17:42:16.537  2431  2893 I ExplicitHealthCheckController: Explicit health check requested packages []
06-20 17:42:16.537  2431  2893 I ExplicitHealthCheckController: No more health check requests, unbinding...
06-20 17:42:16.537  2431  2647 I android_os_HwBinder: HwBinder: Starting thread pool for getting: vendor.xiaomi.hardware.micharge@1.0::IMiCharge/default
06-20 17:42:16.538  1322 19976 I vendor.xiaomi.hardware.micharge@1.0-service: ReadFilePathValue path = /sys/class/qcom-battery/fastchg_mode value = 0
06-20 17:42:16.538 14069   615 I bapx    : updateFromConfigurations using legacy put method [CONTEXT service_id=204 ]
06-20 17:42:16.542  2431  2893 I ExplicitHealthCheckController: Explicit health check service is unbound
06-20 17:42:16.545  1322 19976 I vendor.xiaomi.hardware.micharge@1.0-service: ReadFilePathValue path = /sys/class/qcom-battery/night_charging value = 0
06-20 17:42:16.546  5735 11103 I ChargeProtectionUtils: getNightChargingState: 0
06-20 17:42:16.581  2018  3127 D libsensor-displayalgo: the value of  brightness:438.000000,R:77375716.939127,G:77376143.464170,B:77391269.635761,EVENT_C:6025.000000,EVENT_R:2295.000000,EVENT_G:3084.000000,EVENT_B:1212.000000
06-20 17:42:16.581  2018  3127 I libsensor-displayalgo: the value of  Coef1:1107.681000,Coef4:2.383000, scale1:0.935522, scale4:0.923264
06-20 17:42:16.582  2018  3127 E libsensor-displayalgo: RGB_test_0407_400_oldzy!
06-20 17:42:16.582  2018  3127 I libsensor-displayalgo: the value of  RESULT3118.837702,1232.115395,1511.231984,565.637200
06-20 17:42:16.582  2018  3127 I libsensor-displayalgo: the value of  getChannelDataCalibrated3269.931069,1141.176343,1756.511250,617.354941
06-20 17:42:16.582  2018  3127 I libsensor-displayalgo: the value of  REAL LUX163.031403
06-20 17:42:16.582  2018  3127 I libsensor-displayalgo: the value of  CAL REAL LUX163.031403
06-20 17:42:16.594  2431  2893 I RescueParty: Starting to observe: [android, com.android.settings, com.android.permissioncontroller], updated namespace: app_hibernation
06-20 17:42:16.594  2431  2645 I PackageWatchdog: Syncing state, reason: observing new packages
06-20 17:42:16.596  2431  2645 I PackageWatchdog: Syncing state, reason: updated observers
06-20 17:42:16.596  2431  2645 I PackageWatchdog: Not pruning observers, elapsed time: 0ms
06-20 17:42:16.596  2431  2645 I PackageWatchdog: Saving observer state to file
06-20 17:42:16.604  2431  2431 I PackageWatchdog: Syncing health check requests for packages: {}
06-20 17:42:16.605  2431  2431 I ExplicitHealthCheckController: Service not ready to get health check supported packages. Binding...
06-20 17:42:16.609 11876 11876 I ExplicitHealthCheckServiceImpl: Network stack module not found
06-20 17:42:16.610  2431  2431 W ProcessStats: Tracking association SourceState{6098218 com.android.systemui/1000 BTopFgs #175199} whose proc state 2 is better than process ProcessState{e3fe471 com.miui.notification:remote/1000 pkg=com.miui.notification} proc state 3 (283 skipped)
06-20 17:42:16.611  2431  2431 I ExplicitHealthCheckController: Explicit health check service is bound
06-20 17:42:16.618  2431  2431 I ExplicitHealthCheckController: Explicit health check service is connected ComponentInfo{com.google.android.ext.services/android.ext.services.watchdog.ExplicitHealthCheckServiceImpl}
06-20 17:42:16.618  2431  2431 I ExplicitHealthCheckController: Service initialized, syncing requests
06-20 17:42:16.618  2431  2431 I PackageWatchdog: Syncing health check requests for packages: {}
06-20 17:42:16.622  2431  4485 I ExplicitHealthCheckController: Explicit health check supported packages []
06-20 17:42:16.624  2431  3390 I ExplicitHealthCheckController: Explicit health check requested packages []
06-20 17:42:16.624  2431  3390 I ExplicitHealthCheckController: No more health check requests, unbinding...
06-20 17:42:16.629  2431  3390 I ExplicitHealthCheckController: Explicit health check service is unbound
06-20 17:42:16.634  2431  4485 I RescueParty: Starting to observe: [android], updated namespace: window_manager
06-20 17:42:16.635  2431  2645 I PackageWatchdog: Syncing state, reason: observing new packages
06-20 17:42:16.636  2431  2645 I PackageWatchdog: Syncing state, reason: updated observers
06-20 17:42:16.636  2431  2645 I PackageWatchdog: Not pruning observers, elapsed time: 0ms
06-20 17:42:16.636  2431  2645 I PackageWatchdog: Saving observer state to file
06-20 17:42:16.644  2431  2431 I PackageWatchdog: Syncing health check requests for packages: {}
06-20 17:42:16.644  2431  2431 I ExplicitHealthCheckController: Service not ready to get health check supported packages. Binding...
06-20 17:42:16.648  2431  2431 I ExplicitHealthCheckController: Explicit health check service is bound
06-20 17:42:16.653 11876 11876 I ExplicitHealthCheckServiceImpl: Network stack module not found
06-20 17:42:16.656  2431  2431 I ExplicitHealthCheckController: Explicit health check service is connected ComponentInfo{com.google.android.ext.services/android.ext.services.watchdog.ExplicitHealthCheckServiceImpl}
06-20 17:42:16.657  2431  2431 I ExplicitHealthCheckController: Service initialized, syncing requests
06-20 17:42:16.657  2431  2431 I PackageWatchdog: Syncing health check requests for packages: {}
06-20 17:42:16.657  1265  2358 I vendor.qti.hardware.display.composer-service: FrameNotifyProcess Sensor: notify citsensorservice to trigger cwb
06-20 17:42:16.658  2018  2018 I libcitsensorservice@2.0-impl: msg_transfer
06-20 17:42:16.658  2018  3098 D vendor.xiaomi.sensor.citsensorservice@2.0-service: handle id:9 wxh:1280x2400 uwxuh:1080x2400 size: 9216000 fd:15 fd_meta:16 flags:0x4000228 usage:0x33  format:0x3 layer_count: 1
06-20 17:42:16.658  1265  1889 I SDM     : HWCSession::SetCWBOutputBuffer: CWB config passed by cwb_client : tappoint 1  CWB_ROI : (829.000000 4.000000 915.000000 90.000000)
06-20 17:42:16.659  1265   881 I SDM     : HWCSession::ProcessRequests: Successfully configured CWB buffer.
06-20 17:42:16.663  2431  3390 I ExplicitHealthCheckController: Explicit health check supported packages []
06-20 17:42:16.667  1265   881 I SDM     : HWCSession::ProcessRequests: Pushing release fence in fenece wait queue.
06-20 17:42:16.667  1265   881 I SDM     : HWCSession::ProcessRequests: Creating AsyncFenceWaits async thread.
06-20 17:42:16.667  1265   881 I SDM     : HWCSession::ProcessRequests: Remove current CWB request from the pending request queue.
06-20 17:42:16.668  1265   881 I SDM     : HWCSession::ProcessRequests: No pending cwb requests found in the queue.
06-20 17:42:16.671  2431  3390 I ExplicitHealthCheckController: Explicit health check requested packages []
06-20 17:42:16.671  2431  3390 I ExplicitHealthCheckController: No more health check requests, unbinding...
06-20 17:42:16.674  1265  1584 I SDM     : HWDeviceDRM::SetupConcurrentWriteback: Tear down the Concurrent Writeback topology
06-20 17:42:16.679  2431  3390 I ExplicitHealthCheckController: Explicit health check service is unbound
06-20 17:42:16.681  1265   885 I SDM     : HWCSession::NotifyCWBStatus: Notify the client about buffer status 0.
06-20 17:42:16.682  1265   885 I SDM     : HWCSession::PerformFenceWaits: Remove current release fence from the pending fence wait queue.
06-20 17:42:16.682  1265   885 I SDM     : HWCSession::PerformFenceWaits: CWB fence queue is empty. No pending release fence to wait on.
06-20 17:42:16.695 14069 14077 I .gms.persisten: This is sticky GC, maxfree is 8388608 minfree is 2097152
06-20 17:42:16.702  2431  2444 I RescueParty: Starting to observe: [android, com.android.bluetooth], updated namespace: bluetooth
06-20 17:42:16.703  2431  2645 I PackageWatchdog: Syncing state, reason: observing new packages
06-20 17:42:16.708  2431  2645 I PackageWatchdog: Syncing state, reason: updated observers
06-20 17:42:16.710  2431  2645 I PackageWatchdog: Saving observer state to file
06-20 17:42:16.710  2431  2431 I PackageWatchdog: Syncing health check requests for packages: {}
06-20 17:42:16.710  2431  2431 I ExplicitHealthCheckController: Service not ready to get health check supported packages. Binding...
06-20 17:42:16.714 11876 11876 I ExplicitHealthCheckServiceImpl: Network stack module not found
06-20 17:42:16.716  2431  2431 I ExplicitHealthCheckController: Explicit health check service is bound
06-20 17:42:16.716  2431  2431 I PackageWatchdog: Syncing health check requests for packages: {}
06-20 17:42:16.716  2431  2431 I ExplicitHealthCheckController: Service not ready to get health check supported packages. Binding...
06-20 17:42:16.716  2431  2431 I ExplicitHealthCheckController: Not binding to service, service already connecting
06-20 17:42:16.717  2431  2431 I ExplicitHealthCheckController: Explicit health check service is connected ComponentInfo{com.google.android.ext.services/android.ext.services.watchdog.ExplicitHealthCheckServiceImpl}
06-20 17:42:16.718  2431  2431 I ExplicitHealthCheckController: Service initialized, syncing requests
06-20 17:42:16.718  2431  2431 I PackageWatchdog: Syncing health check requests for packages: {}
06-20 17:42:16.721  2431  2444 I ExplicitHealthCheckController: Explicit health check supported packages []
06-20 17:42:16.722  2431  2444 I ExplicitHealthCheckController: Explicit health check requested packages []
06-20 17:42:16.723  2431  2444 I ExplicitHealthCheckController: No more health check requests, unbinding...
06-20 17:42:16.725  2431  2444 I ExplicitHealthCheckController: Explicit health check service is unbound
06-20 17:42:16.737  2431  4485 I RescueParty: Starting to observe: [android, com.android.systemui], updated namespace: latency_tracker
06-20 17:42:16.738  2431  2645 I PackageWatchdog: Syncing state, reason: observing new packages
06-20 17:42:16.741 31630 31630 I HandWritingStubImpl: isKeyboardTypeChanged: false
06-20 17:42:16.742  2431  2645 I PackageWatchdog: Syncing state, reason: updated observers
06-20 17:42:16.743  2431  2431 I PackageWatchdog: Syncing health check requests for packages: {}
06-20 17:42:16.743  2431  2431 I ExplicitHealthCheckController: Service not ready to get health check supported packages. Binding...
06-20 17:42:16.743  2431  2645 I PackageWatchdog: Saving observer state to file
06-20 17:42:16.747  2431  2431 I ExplicitHealthCheckController: Explicit health check service is bound
06-20 17:42:16.748 11876 11876 I ExplicitHealthCheckServiceImpl: Network stack module not found
06-20 17:42:16.750  2431  2431 I PackageWatchdog: Syncing health check requests for packages: {}
06-20 17:42:16.751  2431  2431 I ExplicitHealthCheckController: Service not ready to get health check supported packages. Binding...
06-20 17:42:16.751  2431  2431 I ExplicitHealthCheckController: Not binding to service, service already connecting
06-20 17:42:16.751  2431  2431 I ExplicitHealthCheckController: Explicit health check service is connected ComponentInfo{com.google.android.ext.services/android.ext.services.watchdog.ExplicitHealthCheckServiceImpl}
06-20 17:42:16.752  2431  2431 I ExplicitHealthCheckController: Service initialized, syncing requests
06-20 17:42:16.752  2431  2431 I PackageWatchdog: Syncing health check requests for packages: {}
06-20 17:42:16.755  2431  4485 I RescueParty: Starting to observe: [android], updated namespace: battery_saver
06-20 17:42:16.755  2431  2444 I ExplicitHealthCheckController: Explicit health check supported packages []
06-20 17:42:16.755  2431  2645 I PackageWatchdog: Syncing state, reason: observing new packages
06-20 17:42:16.756  2431  2444 I ExplicitHealthCheckController: Explicit health check requested packages []
06-20 17:42:16.756  2431  2444 I ExplicitHealthCheckController: No more health check requests, unbinding...
06-20 17:42:16.756  2431  2431 E DeviceConfig: Parsing int failed for location_mode
06-20 17:42:16.757  2431  2645 I PackageWatchdog: Syncing state, reason: updated observers
06-20 17:42:16.757  2431  2645 I PackageWatchdog: Not pruning observers, elapsed time: 0ms
06-20 17:42:16.757  2431  2645 I PackageWatchdog: Saving observer state to file
06-20 17:42:16.760  2431  2444 I ExplicitHealthCheckController: Explicit health check service is unbound
06-20 17:42:16.766  2431  3390 I RescueParty: Starting to observe: [android], updated namespace: constrain_display_apis
06-20 17:42:16.767  2431  2645 I PackageWatchdog: Syncing state, reason: observing new packages
06-20 17:42:16.768  2431  2431 I PackageWatchdog: Syncing health check requests for packages: {}
06-20 17:42:16.769  2431  2431 I ExplicitHealthCheckController: Service not ready to get health check supported packages. Binding...
06-20 17:42:16.769  2431  2645 I PackageWatchdog: Syncing state, reason: updated observers
06-20 17:42:16.770  2431  2645 I PackageWatchdog: Saving observer state to file
06-20 17:42:16.771 11876 11876 I ExplicitHealthCheckServiceImpl: Network stack module not found
06-20 17:42:16.771  2431  2431 I ExplicitHealthCheckController: Explicit health check service is bound
06-20 17:42:16.778  2431  2431 I PackageWatchdog: Syncing health check requests for packages: {}
06-20 17:42:16.778  2431  2431 I ExplicitHealthCheckController: Service not ready to get health check supported packages. Binding...
06-20 17:42:16.778  2431  2431 I ExplicitHealthCheckController: Not binding to service, service already connecting
06-20 17:42:16.778  2431  2431 I ExplicitHealthCheckController: Explicit health check service is connected ComponentInfo{com.google.android.ext.services/android.ext.services.watchdog.ExplicitHealthCheckServiceImpl}
06-20 17:42:16.779  2431  2431 I ExplicitHealthCheckController: Service initialized, syncing requests
06-20 17:42:16.779  2431  2431 I PackageWatchdog: Syncing health check requests for packages: {}
06-20 17:42:16.782  2431  4485 I ExplicitHealthCheckController: Explicit health check supported packages []
06-20 17:42:16.785  2431  4485 I ExplicitHealthCheckController: Explicit health check requested packages []
06-20 17:42:16.785  2431  4485 I ExplicitHealthCheckController: No more health check requests, unbinding...
06-20 17:42:16.787  2431  4485 I ExplicitHealthCheckController: Explicit health check service is unbound
06-20 17:42:16.815  2431  2444 I RescueParty: Starting to observe: [android], updated namespace: location
06-20 17:42:16.815  2431  2645 I PackageWatchdog: Syncing state, reason: observing new packages
06-20 17:42:16.817  2431  2645 I PackageWatchdog: Syncing state, reason: updated observers
06-20 17:42:16.817  2431  2645 I PackageWatchdog: Not pruning observers, elapsed time: 0ms
06-20 17:42:16.817  2431  2645 I PackageWatchdog: Saving observer state to file
06-20 17:42:16.827  2431  2431 I PackageWatchdog: Syncing health check requests for packages: {}
06-20 17:42:16.827  2431  2431 I ExplicitHealthCheckController: Service not ready to get health check supported packages. Binding...
06-20 17:42:16.831  2431  2431 I ExplicitHealthCheckController: Explicit health check service is bound
06-20 17:42:16.833 11876 11876 I ExplicitHealthCheckServiceImpl: Network stack module not found
06-20 17:42:16.836  2431  2431 I ExplicitHealthCheckController: Explicit health check service is connected ComponentInfo{com.google.android.ext.services/android.ext.services.watchdog.ExplicitHealthCheckServiceImpl}
06-20 17:42:16.836  2431  2431 I ExplicitHealthCheckController: Service initialized, syncing requests
06-20 17:42:16.836  2431  2431 I PackageWatchdog: Syncing health check requests for packages: {}
06-20 17:42:16.843  2431  2444 I ExplicitHealthCheckController: Explicit health check supported packages []
06-20 17:42:16.845  2431  2444 I ExplicitHealthCheckController: Explicit health check requested packages []
06-20 17:42:16.845  2431  2444 I ExplicitHealthCheckController: No more health check requests, unbinding...
06-20 17:42:16.847  2431  2444 I ExplicitHealthCheckController: Explicit health check service is unbound
06-20 17:42:16.883  2018  3127 D libsensor-displayalgo: the value of  brightness:438.000000,R:77375716.939127,G:77376143.464170,B:77391269.635761,EVENT_C:6021.000000,EVENT_R:2293.000000,EVENT_G:3080.500000,EVENT_B:1210.500000
06-20 17:42:16.883  2018  3127 I libsensor-displayalgo: the value of  Coef1:1107.681000,Coef4:2.383000, scale1:0.935522, scale4:0.923264
06-20 17:42:16.883  2018  3127 E libsensor-displayalgo: RGB_test_0407_400_oldzy!
06-20 17:42:16.883  2018  3127 I libsensor-displayalgo: the value of  RESULT3118.837702,1232.115395,1511.231984,565.637200
06-20 17:42:16.884  2018  3127 I libsensor-displayalgo: the value of  getChannelDataCalibrated3269.931069,1141.176343,1756.511250,617.354941
06-20 17:42:16.884  2018  3127 I libsensor-displayalgo: the value of  REAL LUX162.787094
06-20 17:42:16.884  2018  3127 I libsensor-displayalgo: the value of  CAL REAL LUX162.787094
06-20 17:42:16.899  5294 13803 W MiuiPerfServiceClient: interceptAndQueuing:16104|cn.missevan|189|86|394125210879026|Slow handle animation|9
06-20 17:42:16.963  1265  2358 I vendor.qti.hardware.display.composer-service: FrameNotifyProcess Sensor: notify citsensorservice to trigger cwb
06-20 17:42:16.964  2018  2108 I libcitsensorservice@2.0-impl: msg_transfer
06-20 17:42:16.964  2018  3098 D vendor.xiaomi.sensor.citsensorservice@2.0-service: handle id:9 wxh:1280x2400 uwxuh:1080x2400 size: 9216000 fd:15 fd_meta:16 flags:0x4000228 usage:0x33  format:0x3 layer_count: 1
06-20 17:42:16.965  1265  1889 I SDM     : HWCSession::SetCWBOutputBuffer: CWB config passed by cwb_client : tappoint 1  CWB_ROI : (829.000000 4.000000 915.000000 90.000000)
06-20 17:42:16.966  1265   886 I SDM     : HWCSession::ProcessRequests: Successfully configured CWB buffer.
06-20 17:42:16.974  1265   886 I SDM     : HWCSession::ProcessRequests: Pushing release fence in fenece wait queue.
06-20 17:42:16.975  1265   886 I SDM     : HWCSession::ProcessRequests: Creating AsyncFenceWaits async thread.
06-20 17:42:16.975  1265   886 I SDM     : HWCSession::ProcessRequests: Remove current CWB request from the pending request queue.
06-20 17:42:16.975  1265   886 I SDM     : HWCSession::ProcessRequests: No pending cwb requests found in the queue.
06-20 17:42:16.979  1265  1584 I SDM     : HWDeviceDRM::SetupConcurrentWriteback: Tear down the Concurrent Writeback topology
06-20 17:42:16.988  1265   888 I SDM     : HWCSession::NotifyCWBStatus: Notify the client about buffer status 0.
06-20 17:42:16.989  1265   888 I SDM     : HWCSession::PerformFenceWaits: Remove current release fence from the pending fence wait queue.
06-20 17:42:16.989  1265   888 I SDM     : HWCSession::PerformFenceWaits: CWB fence queue is empty. No pending release fence to wait on.
06-20 17:42:17.182  2018  3127 D libsensor-displayalgo: the value of  brightness:438.000000,R:77375716.939127,G:77376143.464170,B:77391269.635761,EVENT_C:6021.000000,EVENT_R:2296.000000,EVENT_G:3080.000000,EVENT_B:1211.000000
06-20 17:42:17.182  2018  3127 I libsensor-displayalgo: the value of  Coef1:1107.681000,Coef4:2.383000, scale1:0.935522, scale4:0.923264
06-20 17:42:17.182  2018  3127 E libsensor-displayalgo: RGB_test_0407_400_oldzy!
06-20 17:42:17.182  2018  3127 I libsensor-displayalgo: the value of  RESULT3118.837702,1232.115395,1511.231984,565.637200
06-20 17:42:17.182  2018  3127 I libsensor-displayalgo: the value of  getChannelDataCalibrated3269.931069,1141.176343,1756.511250,617.354941
06-20 17:42:17.182  2018  3127 I libsensor-displayalgo: the value of  REAL LUX162.610626
06-20 17:42:17.182  2018  3127 I libsensor-displayalgo: the value of  CAL REAL LUX162.610626
06-20 17:42:17.266  1265  2358 I vendor.qti.hardware.display.composer-service: FrameNotifyProcess Sensor: notify citsensorservice to trigger cwb
06-20 17:42:17.267  2018  2108 I libcitsensorservice@2.0-impl: msg_transfer
06-20 17:42:17.267  2018  3098 D vendor.xiaomi.sensor.citsensorservice@2.0-service: handle id:9 wxh:1280x2400 uwxuh:1080x2400 size: 9216000 fd:15 fd_meta:16 flags:0x4000228 usage:0x33  format:0x3 layer_count: 1
06-20 17:42:17.268  1265  1889 I SDM     : HWCSession::SetCWBOutputBuffer: CWB config passed by cwb_client : tappoint 1  CWB_ROI : (829.000000 4.000000 915.000000 90.000000)
06-20 17:42:17.274  1265   895 I SDM     : HWCSession::ProcessRequests: Successfully configured CWB buffer.
06-20 17:42:17.278  1265   895 I SDM     : HWCSession::ProcessRequests: Pushing release fence in fenece wait queue.
06-20 17:42:17.278  1265   895 I SDM     : HWCSession::ProcessRequests: Creating AsyncFenceWaits async thread.
06-20 17:42:17.278  1265   895 I SDM     : HWCSession::ProcessRequests: Remove current CWB request from the pending request queue.
06-20 17:42:17.279  1265   895 I SDM     : HWCSession::ProcessRequests: No pending cwb requests found in the queue.
06-20 17:42:17.283  1265  1584 I SDM     : HWDeviceDRM::SetupConcurrentWriteback: Tear down the Concurrent Writeback topology
06-20 17:42:17.285 31630 31630 I HandWritingStubImpl: isKeyboardTypeChanged: false
06-20 17:42:17.290  1265   896 I SDM     : HWCSession::NotifyCWBStatus: Notify the client about buffer status 0.
06-20 17:42:17.291  1265   896 I SDM     : HWCSession::PerformFenceWaits: Remove current release fence from the pending fence wait queue.
06-20 17:42:17.291  1265   896 I SDM     : HWCSession::PerformFenceWaits: CWB fence queue is empty. No pending release fence to wait on.
06-20 17:42:17.483  2018  3127 D libsensor-displayalgo: the value of  brightness:438.000000,R:77375716.939127,G:77376143.464170,B:77391269.635761,EVENT_C:6018.500000,EVENT_R:2296.000000,EVENT_G:3083.000000,EVENT_B:1212.000000
06-20 17:42:17.483  2018  3127 I libsensor-displayalgo: the value of  Coef1:1107.681000,Coef4:2.383000, scale1:0.935522, scale4:0.923264
06-20 17:42:17.484  2018  3127 E libsensor-displayalgo: RGB_test_0407_400_oldzy!
06-20 17:42:17.484  2018  3127 I libsensor-displayalgo: the value of  RESULT3118.837702,1232.115395,1511.231984,565.637200
06-20 17:42:17.484  2018  3127 I libsensor-displayalgo: the value of  getChannelDataCalibrated3269.931069,1141.176343,1756.511250,617.354941
06-20 17:42:17.484  2018  3127 I libsensor-displayalgo: the value of  REAL LUX162.489456
06-20 17:42:17.484  2018  3127 I libsensor-displayalgo: the value of  CAL REAL LUX162.489456
06-20 17:42:17.498  2431  2637 W WindowManager: Unable to start animation, surface is null or no children.
06-20 17:42:17.571  1265  2358 I vendor.qti.hardware.display.composer-service: FrameNotifyProcess Sensor: notify citsensorservice to trigger cwb
06-20 17:42:17.572  2018  2108 I libcitsensorservice@2.0-impl: msg_transfer
06-20 17:42:17.573  2018  3098 D vendor.xiaomi.sensor.citsensorservice@2.0-service: handle id:9 wxh:1280x2400 uwxuh:1080x2400 size: 9216000 fd:15 fd_meta:16 flags:0x4000228 usage:0x33  format:0x3 layer_count: 1
06-20 17:42:17.573  1265  1889 I SDM     : HWCSession::SetCWBOutputBuffer: CWB config passed by cwb_client : tappoint 1  CWB_ROI : (829.000000 4.000000 915.000000 90.000000)
06-20 17:42:17.575  1265   897 I SDM     : HWCSession::ProcessRequests: Successfully configured CWB buffer.
06-20 17:42:17.582  1265   897 I SDM     : HWCSession::ProcessRequests: Pushing release fence in fenece wait queue.
06-20 17:42:17.582  1265   897 I SDM     : HWCSession::ProcessRequests: Creating AsyncFenceWaits async thread.
06-20 17:42:17.583  1265   897 I SDM     : HWCSession::ProcessRequests: Remove current CWB request from the pending request queue.
06-20 17:42:17.583  1265   897 I SDM     : HWCSession::ProcessRequests: No pending cwb requests found in the queue.
06-20 17:42:17.589  1265  1584 I SDM     : HWDeviceDRM::SetupConcurrentWriteback: Tear down the Concurrent Writeback topology
06-20 17:42:17.596  1265   898 I SDM     : HWCSession::NotifyCWBStatus: Notify the client about buffer status 0.
06-20 17:42:17.596  1265   898 I SDM     : HWCSession::PerformFenceWaits: Remove current release fence from the pending fence wait queue.
06-20 17:42:17.596  1265   898 I SDM     : HWCSession::PerformFenceWaits: CWB fence queue is empty. No pending release fence to wait on.
06-20 17:42:17.783  2018  3127 D libsensor-displayalgo: the value of  brightness:438.000000,R:77375716.939127,G:77376143.464170,B:77391269.635761,EVENT_C:6027.000000,EVENT_R:2297.000000,EVENT_G:3085.000000,EVENT_B:1212.500000
06-20 17:42:17.783  2018  3127 I libsensor-displayalgo: the value of  Coef1:1107.681000,Coef4:2.383000, scale1:0.935522, scale4:0.923264
06-20 17:42:17.783  2018  3127 E libsensor-displayalgo: RGB_test_0407_400_oldzy!
06-20 17:42:17.783  2018  3127 I libsensor-displayalgo: the value of  RESULT3118.837702,1232.115395,1511.231984,565.637200
06-20 17:42:17.783  2018  3127 I libsensor-displayalgo: the value of  getChannelDataCalibrated3269.931069,1141.176343,1756.511250,617.354941
06-20 17:42:17.783  2018  3127 I libsensor-displayalgo: the value of  REAL LUX163.102020
06-20 17:42:17.783  2018  3127 I libsensor-displayalgo: the value of  CAL REAL LUX163.102020
06-20 17:42:17.821 31630 31630 I HandWritingStubImpl: isKeyboardTypeChanged: false
06-20 17:42:17.854  1265  2358 I vendor.qti.hardware.display.composer-service: FrameNotifyProcess Sensor: notify citsensorservice to trigger cwb
06-20 17:42:17.854  2018  2108 I libcitsensorservice@2.0-impl: msg_transfer
06-20 17:42:17.855  2018  3098 D vendor.xiaomi.sensor.citsensorservice@2.0-service: handle id:9 wxh:1280x2400 uwxuh:1080x2400 size: 9216000 fd:15 fd_meta:16 flags:0x4000228 usage:0x33  format:0x3 layer_count: 1
06-20 17:42:17.856   358   425 I appium  : channel read: POST /wd/hub/session/55663cc1-f2d7-4dc0-b636-22ff7098f956/element
06-20 17:42:17.856  1265  1889 I SDM     : HWCSession::SetCWBOutputBuffer: CWB config passed by cwb_client : tappoint 1  CWB_ROI : (829.000000 4.000000 915.000000 90.000000)
06-20 17:42:17.857   358   425 I appium  : FindElement command
06-20 17:42:17.858   358   425 I appium  : method: 'id', selector: 'cn.missevan:id/tv_title'
06-20 17:42:17.859   358   425 I appium  : Waiting up to 100ms for the device to idle
06-20 17:42:17.862  1265   899 I SDM     : HWCSession::ProcessRequests: Successfully configured CWB buffer.
06-20 17:42:17.870  1265   899 I SDM     : HWCSession::ProcessRequests: Pushing release fence in fenece wait queue.
06-20 17:42:17.870  1265   899 I SDM     : HWCSession::ProcessRequests: Creating AsyncFenceWaits async thread.
06-20 17:42:17.870  1265   899 I SDM     : HWCSession::ProcessRequests: Remove current CWB request from the pending request queue.
06-20 17:42:17.870  1265   899 I SDM     : HWCSession::ProcessRequests: No pending cwb requests found in the queue.
06-20 17:42:17.877  1265  1584 I SDM     : HWDeviceDRM::SetupConcurrentWriteback: Tear down the Concurrent Writeback topology
06-20 17:42:17.877  1265  2358 I vendor.qti.hardware.display.composer-service: FrameNotifyProcess Sensor: notify citsensorservice to trigger cwb
06-20 17:42:17.877  2018  2108 I libcitsensorservice@2.0-impl: msg_transfer
06-20 17:42:17.884  1265   901 I SDM     : HWCSession::NotifyCWBStatus: Notify the client about buffer status 0.
06-20 17:42:17.884  1265   901 I SDM     : HWCSession::PerformFenceWaits: Remove current release fence from the pending fence wait queue.
06-20 17:42:17.884  1265   901 I SDM     : HWCSession::PerformFenceWaits: CWB fence queue is empty. No pending release fence to wait on.
06-20 17:42:17.979   358   425 W QueryController: Could not detect idle state.
06-20 17:42:18.084  2018  3127 D libsensor-displayalgo: the value of  brightness:438.000000,R:77375716.939127,G:77376143.464170,B:77391269.635761,EVENT_C:6013.500000,EVENT_R:2293.000000,EVENT_G:3078.500000,EVENT_B:1210.500000
06-20 17:42:18.084  2018  3127 I libsensor-displayalgo: the value of  Coef1:1107.681000,Coef4:2.383000, scale1:0.935522, scale4:0.923264
06-20 17:42:18.084  2018  3127 E libsensor-displayalgo: RGB_test_0407_400_oldzy!
06-20 17:42:18.085  2018  3127 I libsensor-displayalgo: the value of  RESULT3118.837702,1232.115395,1511.231984,565.637200
06-20 17:42:18.085  2018  3127 I libsensor-displayalgo: the value of  getChannelDataCalibrated3269.931069,1141.176343,1756.511250,617.354941
06-20 17:42:18.085  2018  3127 I libsensor-displayalgo: the value of  REAL LUX162.166794
06-20 17:42:18.085  2018  3127 I libsensor-displayalgo: the value of  CAL REAL LUX162.166794
06-20 17:42:18.118   358   425 I appium  : AppiumResponse: {"sessionId":"55663cc1-f2d7-4dc0-b636-22ff7098f956","value":{"ELEMENT":"00000000-0000-0c21-ffff-ffff00003719","element-6066-11e4-a52e-4f735466cecf":"00000000-0000-0c21-ffff-ffff00003719"}}
06-20 17:42:18.136   358   425 I appium  : channel read: POST /wd/hub/session/55663cc1-f2d7-4dc0-b636-22ff7098f956/element/00000000-0000-0c21-ffff-ffff00003719/click
06-20 17:42:18.137   358   425 I appium  : Click command
06-20 17:42:18.356 31630 31630 I HandWritingStubImpl: isKeyboardTypeChanged: false
06-20 17:42:18.383  2018  3127 D libsensor-displayalgo: the value of  brightness:438.000000,R:77375716.939127,G:77376143.464170,B:77391269.635761,EVENT_C:6013.500000,EVENT_R:2293.000000,EVENT_G:3078.500000,EVENT_B:1210.500000
06-20 17:42:18.383  2018  3127 I libsensor-displayalgo: the value of  Coef1:1107.681000,Coef4:2.383000, scale1:0.935522, scale4:0.923264
06-20 17:42:18.383  2018  3127 E libsensor-displayalgo: RGB_test_0407_400_oldzy!
06-20 17:42:18.385  2018  3127 I libsensor-displayalgo: the value of  RESULT3118.837702,1232.115395,1511.231984,565.637200
06-20 17:42:18.385  2018  3127 I libsensor-displayalgo: the value of  getChannelDataCalibrated3269.931069,1141.176343,1756.511250,617.354941
06-20 17:42:18.385  2018  3127 I libsensor-displayalgo: the value of  REAL LUX162.166794
06-20 17:42:18.385  2018  3127 I libsensor-displayalgo: the value of  CAL REAL LUX162.166794
06-20 17:42:18.477   358   425 W QueryController: Could not detect idle state.
06-20 17:42:18.501  2431  3390 D MIUIInput: Input event injection from pid 339, MotionEvent: DOWN
06-20 17:42:18.502  2431  2938 D MIUIInput: [MotionEvent] publisher action=0x4, 394127721, channel '7c87e50 NavigationBar0 (server)'
06-20 17:42:18.503  2431  2938 D MIUIInput: [MotionEvent] publisher action=0x0, 394127721, channel '762bbdd cn.missevan/cn.missevan.activity.MainActivity (server)'
06-20 17:42:18.504  1265  2358 I vendor.qti.hardware.display.composer-service: FrameNotifyProcess Sensor: notify citsensorservice to trigger cwb
06-20 17:42:18.506  2018  7182 I libcitsensorservice@2.0-impl: msg_transfer
06-20 17:42:18.506  2018  3098 D vendor.xiaomi.sensor.citsensorservice@2.0-service: handle id:9 wxh:1280x2400 uwxuh:1080x2400 size: 9216000 fd:15 fd_meta:16 flags:0x4000228 usage:0x33  format:0x3 layer_count: 1
06-20 17:42:18.507  1265  1889 I SDM     : HWCSession::SetCWBOutputBuffer: CWB config passed by cwb_client : tappoint 1  CWB_ROI : (829.000000 4.000000 915.000000 90.000000)
06-20 17:42:18.507 16104 16104 D MIUIInput: [MotionEvent] ViewRootImpl windowName 'cn.missevan/cn.missevan.activity.MainActivity', { action=ACTION_DOWN, id[0]=0, pointerCount=1, eventTime=394127721, downTime=394127720, phoneEventTime=17:42:18.494 } moveCount:0
06-20 17:42:18.510  1265   905 I SDM     : HWCSession::ProcessRequests: Successfully configured CWB buffer.
06-20 17:42:18.512  2431  3390 D MIUIInput: Input event injection from pid 339, MotionEvent: UP
06-20 17:42:18.513  2431  2938 D MIUIInput: [MotionEvent] publisher action=0x1, 394127721, channel '762bbdd cn.missevan/cn.missevan.activity.MainActivity (server)'
06-20 17:42:18.515 16104 16104 D MIUIInput: [MotionEvent] ViewRootImpl windowName 'cn.missevan/cn.missevan.activity.MainActivity', { action=ACTION_UP, id[0]=0, pointerCount=1, eventTime=394127721, downTime=394127720, phoneEventTime=17:42:18.494 } moveCount:0
06-20 17:42:18.515 16104 16104 E cn.missevan: No package ID ff found for ID 0xffffffff.
06-20 17:42:18.524  1265   905 I SDM     : HWCSession::ProcessRequests: Pushing release fence in fenece wait queue.
06-20 17:42:18.525  1265   905 I SDM     : HWCSession::ProcessRequests: Creating AsyncFenceWaits async thread.
06-20 17:42:18.525  1265   905 I SDM     : HWCSession::ProcessRequests: Remove current CWB request from the pending request queue.
06-20 17:42:18.526  1265   905 I SDM     : HWCSession::ProcessRequests: No pending cwb requests found in the queue.
06-20 17:42:18.527  1265  1584 I SDM     : HWDeviceDRM::SetupConcurrentWriteback: Tear down the Concurrent Writeback topology
06-20 17:42:18.530   358   425 I appium  : Waiting up to 100ms for the device to idle
06-20 17:42:18.532   358   425 I appium  : AppiumResponse: {"sessionId":"55663cc1-f2d7-4dc0-b636-22ff7098f956","value":null}
06-20 17:42:18.534  1265   906 I SDM     : HWCSession::NotifyCWBStatus: Notify the client about buffer status 0.
06-20 17:42:18.534  1265   906 I SDM     : HWCSession::PerformFenceWaits: Remove current release fence from the pending fence wait queue.
06-20 17:42:18.534  1265   906 I SDM     : HWCSession::PerformFenceWaits: CWB fence queue is empty. No pending release fence to wait on.
06-20 17:42:18.554 16104 16104 D IS_CTS_MODE: true
06-20 17:42:18.554 16104 16104 D MULTI_WINDOW_SWITCH_ENABLED: false
06-20 17:42:18.559   358   425 I appium  : channel read: POST /wd/hub/session/55663cc1-f2d7-4dc0-b636-22ff7098f956/element
06-20 17:42:18.559   358   425 I appium  : FindElement command
06-20 17:42:18.561   358   425 I appium  : method: 'id', selector: 'cn.missevan:id/tv_collection'
06-20 17:42:18.562   358   425 I appium  : Waiting up to 100ms for the device to idle
06-20 17:42:18.580  2431  4485 W InputManager-JNI: Input channel object '7b728ad cn.missevan/cn.missevan.activity.MainActivity (client)' was disposed without first being removed with the input manager!
06-20 17:42:18.608 16104 16104 I HandWritingStubImpl: refreshLastKeyboardType: 1
06-20 17:42:18.608 16104 16104 I HandWritingStubImpl: getCurrentKeyboardType: 1
06-20 17:42:18.610 13581 13581 E BaseInputMethodService: onFinishInput
06-20 17:42:18.611 13581 13581 E BaseInputMethodService: onStartInput
06-20 17:42:18.612 13581 13581 E BaseInputMethodService: onComputeInsets
06-20 17:42:18.621   358   425 I appium  : AppiumResponse: {"sessionId":"55663cc1-f2d7-4dc0-b636-22ff7098f956","value":{"ELEMENT":"00000000-0000-0c21-ffff-ffff000037e0","element-6066-11e4-a52e-4f735466cecf":"00000000-0000-0c21-ffff-ffff000037e0"}}
06-20 17:42:18.632   358   425 I appium  : channel read: POST /wd/hub/session/55663cc1-f2d7-4dc0-b636-22ff7098f956/element/00000000-0000-0c21-ffff-ffff000037e0/click
06-20 17:42:18.632   358   425 I appium  : Click command
06-20 17:42:18.683  2018  3127 D libsensor-displayalgo: the value of  brightness:438.000000,R:77377048.549670,G:77377477.358127,B:77392598.475746,EVENT_C:6018.000000,EVENT_R:2295.000000,EVENT_G:3081.500000,EVENT_B:1211.000000
06-20 17:42:18.683  2018  3127 I libsensor-displayalgo: the value of  Coef1:1107.681000,Coef4:2.383000, scale1:0.935522, scale4:0.923264
06-20 17:42:18.683  2018  3127 E libsensor-displayalgo: RGB_test_0407_400_oldzy!
06-20 17:42:18.684  2018  3127 I libsensor-displayalgo: the value of  RESULT3118.873771,1232.129671,1511.248270,565.644019
06-20 17:42:18.684  2018  3127 I libsensor-displayalgo: the value of  getChannelDataCalibrated3269.968885,1141.189566,1756.530180,617.362384
06-20 17:42:18.684  2018  3127 I libsensor-displayalgo: the value of  REAL LUX162.502426
06-20 17:42:18.684  2018  3127 I libsensor-displayalgo: the value of  CAL REAL LUX162.502426
06-20 17:42:18.716 16104 16114 I cn.missevan: This is non sticky GC, maxfree is 8388608 minfree is 2097152
06-20 17:42:18.716 16104 16114 I cn.missevan: Background concurrent copying GC freed 272718(28MB) AllocSpace objects, 17(356KB) LOS objects, 36% free, 41MB/65MB, paused 97us,51us total 163.327ms
06-20 17:42:18.806  1265  2358 I vendor.qti.hardware.display.composer-service: FrameNotifyProcess Sensor: notify citsensorservice to trigger cwb
06-20 17:42:18.807  2018  7182 I libcitsensorservice@2.0-impl: msg_transfer
06-20 17:42:18.807  2018  3098 D vendor.xiaomi.sensor.citsensorservice@2.0-service: handle id:9 wxh:1280x2400 uwxuh:1080x2400 size: 9216000 fd:15 fd_meta:16 flags:0x4000228 usage:0x33  format:0x3 layer_count: 1
06-20 17:42:18.808  1265  1889 I SDM     : HWCSession::SetCWBOutputBuffer: CWB config passed by cwb_client : tappoint 1  CWB_ROI : (829.000000 4.000000 915.000000 90.000000)
06-20 17:42:18.809  1265   907 I SDM     : HWCSession::ProcessRequests: Successfully configured CWB buffer.
06-20 17:42:18.818  1265   907 I SDM     : HWCSession::ProcessRequests: Pushing release fence in fenece wait queue.
06-20 17:42:18.818  1265   907 I SDM     : HWCSession::ProcessRequests: Creating AsyncFenceWaits async thread.
06-20 17:42:18.818  1265   907 I SDM     : HWCSession::ProcessRequests: Remove current CWB request from the pending request queue.
06-20 17:42:18.819  1265   907 I SDM     : HWCSession::ProcessRequests: No pending cwb requests found in the queue.
06-20 17:42:18.823  1265  1584 I SDM     : HWDeviceDRM::SetupConcurrentWriteback: Tear down the Concurrent Writeback topology
06-20 17:42:18.830  1265   908 I SDM     : HWCSession::NotifyCWBStatus: Notify the client about buffer status 0.
06-20 17:42:18.830  1265   908 I SDM     : HWCSession::PerformFenceWaits: Remove current release fence from the pending fence wait queue.
06-20 17:42:18.830  1265   908 I SDM     : HWCSession::PerformFenceWaits: CWB fence queue is empty. No pending release fence to wait on.
06-20 17:42:18.899 31630 31630 I HandWritingStubImpl: isKeyboardTypeChanged: false
06-20 17:42:18.910   358   425 W QueryController: Could not detect idle state.
06-20 17:42:18.983  2018  3127 D libsensor-displayalgo: the value of  brightness:438.000000,R:37854270.041645,G:37851421.288792,B:38091191.480498,EVENT_C:4773.500000,EVENT_R:1884.000000,EVENT_G:2400.500000,EVENT_B:942.500000
06-20 17:42:18.983  2018  3127 I libsensor-displayalgo: the value of  Coef1:1107.681000,Coef4:2.383000, scale1:0.935522, scale4:0.923264
06-20 17:42:18.983  2018  3127 E libsensor-displayalgo: RGB_test_0407_400_oldzy!
