06-08 16:06:36.351  7825 24873 W System.err: 	at bay$a.run(SogouSource:77)
06-08 16:06:36.351  7825 24873 W System.err: 	at bbd.run(SogouSource:70)
06-08 16:06:36.351  7825 24873 W System.err: 	at java.util.concurrent.ThreadPoolExecutor.runWorker(ThreadPoolExecutor.java:1167)
06-08 16:06:36.351  7825 24873 W System.err: 	at java.util.concurrent.ThreadPoolExecutor$Worker.run(ThreadPoolExecutor.java:641)
06-08 16:06:36.351  7825 24873 W System.err: 	at java.lang.Thread.run(Thread.java:920)
06-08 16:06:36.359 23198 23198 I HandWritingStubImpl: isKeyboardTypeChanged: false
06-08 16:06:36.359 23198 23198 D InputMethodManager: showSoftInput() view=cn.missevan.emote.input.view.SelectionListenableEditText{dfabccb VFED..CL. .F....ID 44,22-815,121 #7f0b0413 app:id/edit_view aid=1073742015} flags=0 reason=SHOW_SOFT_INPUT
06-08 16:06:36.360  2403  5734 I InputMethodManagerService: IMMS.showSoftInput(), client = com.android.internal.view.IInputMethodClient$Stub$Proxy@1cca10d
06-08 16:06:36.360  2403  5734 I InputMethodManagerService: IMMS.showCurrentInputLocked(), curMethod = com.android.internal.view.IInputMethod$Stub$Proxy@f9d1ad5, flags = 0
06-08 16:06:36.360  2403  5734 I InputMethodManagerService: IMMS.showCurrentInputLocked request ims to show inputMethod.
06-08 16:06:36.370  5823  5843 D MirrorManager:  sendAcceptInput 1 0
06-08 16:06:36.371 23198 23198 I HandWritingStubImpl: isKeyboardTypeChanged: false
06-08 16:06:36.371 23198 23198 D InputMethodManager: showSoftInput() view=cn.missevan.emote.input.view.SelectionListenableEditText{dfabccb VFED..CL. .F....ID 44,22-815,121 #7f0b0413 app:id/edit_view aid=1073742015} flags=2 reason=SHOW_TOGGLE_SOFT_INPUT
06-08 16:06:36.371  2403  5734 I InputMethodManagerService: IMMS.showSoftInput(), client = com.android.internal.view.IInputMethodClient$Stub$Proxy@6509210
06-08 16:06:36.371  2403  5734 I InputMethodManagerService: IMMS.showCurrentInputLocked(), curMethod = com.android.internal.view.IInputMethod$Stub$Proxy@f9d1ad5, flags = 2
06-08 16:06:36.371  2403  5734 I InputMethodManagerService: IMMS.showCurrentInputLocked request ims to show inputMethod.
06-08 16:06:36.376  1245  2285 I vendor.qti.hardware.display.composer-service: FrameNotifyProcess Sensor: notify citsensorservice to trigger cwb
06-08 16:06:36.376  1977  1977 I libcitsensorservice@2.0-impl: msg_transfer
06-08 16:06:36.377  1977  2987 D vendor.xiaomi.sensor.citsensorservice@2.0-service: handle id:8 wxh:1280x2400 uwxuh:1080x2400 size: 9216000 fd:15 fd_meta:16 flags:0x4000228 usage:0x33  format:0x3 layer_count: 1
06-08 16:06:36.377  1245  3014 I SDM     : HWCSession::SetCWBOutputBuffer: CWB config passed by cwb_client : tappoint 1  CWB_ROI : (829.000000 4.000000 915.000000 90.000000)
06-08 16:06:36.378  1245 24874 I SDM     : HWCSession::ProcessRequests: Successfully configured CWB buffer.
06-08 16:06:36.379  5823  5843 D MirrorManager:  sendAcceptInput 1 0
06-08 16:06:36.379 23198 23198 I HandWritingStubImpl: isKeyboardTypeChanged: false
06-08 16:06:36.379 23198 23198 I HandWritingStubImpl: isKeyboardTypeChanged: false
06-08 16:06:36.380 23198 23198 V TextView: sendCursorInfo support:true
06-08 16:06:36.380 23198 23198 I HandWritingStubImpl: isKeyboardTypeChanged: false
06-08 16:06:36.382  4910  8134 W Binder  : Caught a RuntimeException from the binder stub implementation.
06-08 16:06:36.382  4910  8134 W Binder  : java.lang.SecurityException: Permission denial
06-08 16:06:36.382  4910  8134 W Binder  : 	at com.xiaomi.mirror.MirrorAppService.enforceSignature(MirrorAppService.java:30)
06-08 16:06:36.382  4910  8134 W Binder  : 	at com.xiaomi.mirror.MirrorAppService.isWorking(MirrorAppService.java:35)
06-08 16:06:36.382  4910  8134 W Binder  : 	at com.xiaomi.mirror.MirrorAppService.notifyInputTypeAndPos(MirrorAppService.java:88)
06-08 16:06:36.382  4910  8134 W Binder  : 	at com.xiaomi.mirror.IMirrorAppService$Stub.onTransact(IMirrorAppService.java:135)
06-08 16:06:36.382  4910  8134 W Binder  : 	at android.os.Binder.execTransactInternal(Binder.java:1190)
06-08 16:06:36.382  4910  8134 W Binder  : 	at android.os.Binder.execTransact(Binder.java:1149)
06-08 16:06:36.384 23198 23198 I HandWritingStubImpl: isKeyboardTypeChanged: false
06-08 16:06:36.386  1245 24874 I SDM     : HWCSession::ProcessRequests: Pushing release fence in fenece wait queue.
06-08 16:06:36.386  1245 24874 I SDM     : HWCSession::ProcessRequests: Creating AsyncFenceWaits async thread.
06-08 16:06:36.387  1245 24874 I SDM     : HWCSession::ProcessRequests: Remove current CWB request from the pending request queue.
06-08 16:06:36.387  1245 24874 I SDM     : HWCSession::ProcessRequests: No pending cwb requests found in the queue.
06-08 16:06:36.391  2403  5734 I InputMethodManagerService: IMMS.applyImeVisibility(), setVisible = true, mCurclient = ClientState{5ab5b85 uid=10462 pid=23198 displayId=0}
06-08 16:06:36.391  5373 30163 W MiuiPerfServiceClient: interceptAndQueuing:23198|cn.missevan|91|59|2069819645792819|Slow main thread|2
06-08 16:06:36.391  2403  5734 I WindowManager: WMS.showImePostLayout(), imeTarget = Window{52a8fe5 u0 cn.missevan/cn.missevan.activity.MainActivity}
06-08 16:06:36.392  2403  4540 I SmartPower.com.sohu.inputmethod.sogou.xiaomi:identifier/10132(1109): visible->invisible(58ms) R(become invisible) adj=0.
06-08 16:06:36.392  2403  4540 I SmartPower.com.sohu.inputmethod.sogou.xiaomi:scrashly/10132(11682): visible->invisible(56ms) R(become invisible) adj=915.
06-08 16:06:36.393  1245  1464 I SDM     : HWDeviceDRM::SetupConcurrentWriteback: Tear down the Concurrent Writeback topology
06-08 16:06:36.399  1245 24875 I SDM     : HWCSession::NotifyCWBStatus: Notify the client about buffer status 0.
06-08 16:06:36.400  1245 24875 I SDM     : HWCSession::PerformFenceWaits: Remove current release fence from the pending fence wait queue.
06-08 16:06:36.400  1245 24875 I SDM     : HWCSession::PerformFenceWaits: CWB fence queue is empty. No pending release fence to wait on.
06-08 16:06:36.405  2403  4540 I WindowManagerService: Physical orientation applied, rotation=0 sfOrientation=ORIENTATION_0
06-08 16:06:36.408  7825  7825 E BaseInputMethodService: onComputeInsets
06-08 16:06:36.414 23198 23198 I AssistStructure: Flattened final assist data: 25540 bytes, containing 2 windows, 239 views
06-08 16:06:36.422  7825  7825 V InputMethod: IMS.showSoftInput()
06-08 16:06:36.422  7825  7825 V InputMethod: IMS.showSoftInput()
06-08 16:06:36.423  7825  7825 E BaseInputMethodService: onComputeInsets
06-08 16:06:36.432  2403  4648 I InputMethodManagerService: IMMS.applyImeVisibility(), setVisible = true, mCurclient = ClientState{5ab5b85 uid=10462 pid=23198 displayId=0}
06-08 16:06:36.441  2403  2403 W ProcessStats: Tracking association SourceState{40e24a5 com.miui.powerkeeper/1000 BTopFgs #852690} whose proc state 2 is better than process ProcessState{c42da2b com.miui.analytics/10089 pkg=com.miui.analytics} proc state 3 (8 skipped)
06-08 16:06:36.442  2403  2570 I ImeInsetsSourceProvider: ImeInsetsSourceProvider.scheduleShowImePostLayout() Run showImeRunner.
06-08 16:06:36.442  2403  2570 I ImeInsetsSourceProvider: ImeInsetsSourceProvider.scheduleShowImePostLayout() isReadyToShowIme.
06-08 16:06:36.444 23198 23198 D InsetsController: show(ime(), fromIme=true)
06-08 16:06:36.452 23198 23198 I HandWritingStubImpl: isKeyboardTypeChanged: false
06-08 16:06:36.453 23198 23198 I HandWritingStubImpl: isKeyboardTypeChanged: false
06-08 16:06:36.455  2403  4648 I WindowManager: WMS.showImePostLayout(), imeTarget = Window{52a8fe5 u0 cn.missevan/cn.missevan.activity.MainActivity}
06-08 16:06:36.461 23130 23177 W QueryController: Could not detect idle state.
06-08 16:06:36.466 30332 30332 D SharedPrefs_TAG: requestSync:
06-08 16:06:36.469  2403  2570 I WindowManager: input method visible height changed 885
06-08 16:06:36.473  5786  5786 I f       : startRecord newCounts: 179
06-08 16:06:36.474  2403  4540 I AssistStructure: Flattened final assist data: 25288 bytes, containing 2 windows, 239 views
06-08 16:06:36.478  2403  2570 I ImeInsetsSourceProvider: ImeInsetsSourceProvider.scheduleShowImePostLayout() Run showImeRunner.
06-08 16:06:36.478  2403  2570 I ImeInsetsSourceProvider: ImeInsetsSourceProvider.scheduleShowImePostLayout() isReadyToShowIme.
06-08 16:06:36.479 21645 21645 V InlineSuggestionRenderService: handleDestroySuggestionViews called for 0:1969089975
06-08 16:06:36.503  2403  4648 I InputMethodManagerService: IMMS.applyImeVisibility(), setVisible = true, mCurclient = ClientState{5ab5b85 uid=10462 pid=23198 displayId=0}
06-08 16:06:36.508  2403  4648 I WindowManager: WMS.showImePostLayout(), imeTarget = Window{52a8fe5 u0 cn.missevan/cn.missevan.activity.MainActivity}
06-08 16:06:36.514  2403  2570 I ImeInsetsSourceProvider: ImeInsetsSourceProvider.scheduleShowImePostLayout() Run showImeRunner.
06-08 16:06:36.514  2403  2570 I ImeInsetsSourceProvider: ImeInsetsSourceProvider.scheduleShowImePostLayout() isReadyToShowIme.
06-08 16:06:36.518 23198 23198 D InsetsController: show(ime(), fromIme=true)
06-08 16:06:36.523 23198 23198 D InsetsController: show(ime(), fromIme=true)
06-08 16:06:36.532 30332 24877 D MiCloudSyncAdapterBase: check_sync_error_refactor
06-08 16:06:36.532 30332 24877 D MiCloudSyncAdapterBase: onPerformSync: ---sync start---
06-08 16:06:36.532 30332 24877 D MiCloudSyncAdapterBase: authority: miui.autofill, extras: Bundle[{ignore_settings=true, force=true, ignore_backoff=true}]
06-08 16:06:36.533 30332 24877 D SyncStatUtil: performSyncPhoneState:
06-08 16:06:36.534  2403  5700 I WindowManagerService: Physical orientation applied, rotation=0 sfOrientation=ORIENTATION_0
06-08 16:06:36.536 23198 23198 I HandWritingStubImpl: isKeyboardTypeChanged: false
06-08 16:06:36.536 23198 23198 I HandWritingStubImpl: isKeyboardTypeChanged: false
06-08 16:06:36.547  4164  4164 I OneHandedController: stopOneHanded mState=STATE_NONE, uiEvent=ONE_HANDED_TRIGGER_POP_IME_OUT
06-08 16:06:36.549 22097 22479 D OpenApiStatProvider: insert:
06-08 16:06:36.549 23130 23177 I appium  : AppiumResponse: {"sessionId":"64167cd1-e132-43c2-af98-bc8cde7223c5","value":{"ELEMENT":"00000000-0000-0171-ffff-ffff00000fda","element-6066-11e4-a52e-4f735466cecf":"00000000-0000-0171-ffff-ffff00000fda"}}
06-08 16:06:36.557  4164  4164 I OneHandedController: stopOneHanded mState=STATE_NONE, uiEvent=ONE_HANDED_TRIGGER_POP_IME_OUT
06-08 16:06:36.558 23130 23177 I appium  : channel read: POST /wd/hub/session/64167cd1-e132-43c2-af98-bc8cde7223c5/element/00000000-0000-0171-ffff-ffff00000fda/click
06-08 16:06:36.559 23130 23177 I appium  : Click command
06-08 16:06:36.559 22097 22479 D StatHelper: com.miui.cloudservice.stat.m::a@SourceFile:13, thread:66--eventName=category_single_sync_start_phone_state_key_single_sync_force, eventGroup=category_single_sync_start_phone_state, params={param_storage_low=value_negative, param_wifi=value_positive, param_screen_on=value_positive, param_battery_low=value_negative, param_battery_charging=value_positive}, tip=null
06-08 16:06:36.565  1604  1966 D IdProviderImpl: getOAID from com.miui.analytics
06-08 16:06:36.572 30332 24877 I SyncLogSender: Create sync log sender: file.
06-08 16:06:36.574 30357 30375 I [miui.autofill,30332]:SyncLog[miui.autofill]: Start Sync:{authority:miui.autofill, start:2023-06-08 16:06:36, extras:{micloud_force=false,force=true,ignore_backoff=true,upload=false}}
06-08 16:06:36.577 30332 24877 E MiCloudSyncAdapterBase: onPerformSync: sync switch off. do not sync!!
06-08 16:06:36.578 30357 30375 I [miui.autofill,30332]:SyncLog[miui.autofill]: Before Sync: SyncDataInfo[miui.autofill]  {synced count:null, unsynced count:null, unsynced secret count:null, unsynced wifi only count:null}
06-08 16:06:36.579 30357 30375 I [miui.autofill,30332]:SyncLog[miui.autofill]: After Sync: SyncDataInfo[miui.autofill]  {synced count:null, unsynced count:null, unsynced secret count:null, unsynced wifi only count:null}
06-08 16:06:36.580 30357 30375 I [miui.autofill,30332]:SyncLog[miui.autofill]: Error:{authority:miui.autofill, start:2023-06-08 16:06:36, end:2023-06-08 16:06:36, delta:0, error:switch_off}
06-08 16:06:36.580 30332 24877 D SyncStatUtil: performSyncTimeStat:
06-08 16:06:36.583 22097 22479 D OpenApiStatProvider: insert:
06-08 16:06:36.585 22097 22479 D StatHelper: com.miui.cloudservice.stat.m::a@SourceFile:13, thread:66--eventName=category_single_sync_result_key_sync_error_time_consume, eventGroup=category_single_sync_result, params={time_start=16, time_end=16, time_consume=46}, tip=null
06-08 16:06:36.591 30332 24877 D SyncStatUtil: performSyncResultStat:
06-08 16:06:36.593 22097 22479 D OpenApiStatProvider: insert:
06-08 16:06:36.593  1604  1966 D IdProviderImpl: getOAID from com.miui.analytics
06-08 16:06:36.595 22097 22479 D StatHelper: com.miui.cloudservice.stat.m::a@SourceFile:13, thread:66--eventName=category_single_sync_result_key_single_sync_force, eventGroup=category_single_sync_result, params={param_authority=miui.autofill, param_ignore_wifi_settings=value_negative, param_is_successful=value_negative, param_sync_reason=switch_off, param_unsynced_count_after_sync=-2, param_ignore_battery_low=value_negative, param_unsynced_count_before_sync=-2}, tip=null
06-08 16:06:36.597 30332 24877 D SyncStatUtil: performSyncPhoneState:
06-08 16:06:36.601 22097 22479 D OpenApiStatProvider: insert:
06-08 16:06:36.601  1604  1966 D IdProviderImpl: getOAID from com.miui.analytics
06-08 16:06:36.609 22097 22479 D StatHelper: com.miui.cloudservice.stat.m::a@SourceFile:13, thread:66--eventName=category_single_sync_end_phone_state_key_single_sync_force, eventGroup=category_single_sync_end_phone_state, params={param_storage_low=value_negative, param_wifi=value_positive, param_screen_on=value_positive, param_battery_low=value_negative, param_battery_charging=value_positive}, tip=null
06-08 16:06:36.613 30332 24877 D SyncContentUtils: recordSyncResult: authority: miui.autofill, code: -1
06-08 16:06:36.617  1604  1966 D IdProviderImpl: getOAID from com.miui.analytics
06-08 16:06:36.618 22097 22479 D MiCloudProvider: update sync result
06-08 16:06:36.633  2403  3810 W SyncManager: failed sync operation JobId=100511 ***/com.xiaomi u0 [miui.autofill] USER ExpectedIn=0s STANDBY-EXEMPTED(TOP) Reason=1000, SyncResult: stats [ numConflictDetectedExceptions: 1] miSyncResult:  resultMessageswitch_off
06-08 16:06:36.633  2403  3810 E SyncManager: not retrying sync operation because the error is a hard error: JobId=100511 ***/com.xiaomi u0 [miui.autofill] USER ExpectedIn=0s STANDBY-EXEMPTED(TOP) Reason=1000 Retries=1
06-08 16:06:36.705  1977  2997 D libsensor-displayalgo: the value of  brightness:445.000000,R:5839427.745025,G:5838004.606291,B:5844250.476950,EVENT_C:4812.000000,EVENT_R:1983.000000,EVENT_G:2336.500000,EVENT_B:970.000000
06-08 16:06:36.705  1977  2997 I libsensor-displayalgo: the value of  Coef1:1107.681000,Coef4:2.383000, scale1:0.935522, scale4:0.923264
06-08 16:06:36.705  1977  2997 E libsensor-displayalgo: RGB_black_white_scenario_0822!
06-08 16:06:36.705  1977  2997 I libsensor-displayalgo: the value of  RESULT188.690615,66.047255,101.550253,33.803933
06-08 16:06:36.705  1977  2997 I libsensor-displayalgo: the value of  getChannelDataCalibrated197.945547,61.167198,118.124149,36.938805
06-08 16:06:36.705  1977  2997 I libsensor-displayalgo: the value of  REAL LUX278.317352
06-08 16:06:36.705  1977  2997 I libsensor-displayalgo: the value of  CAL REAL LUX278.317352
06-08 16:06:36.816  1245  2285 I vendor.qti.hardware.display.composer-service: FrameNotifyProcess Sensor: notify citsensorservice to trigger cwb
06-08 16:06:36.816  2403  2568 W WindowManager: Unable to start animation, surface is null or no children.
06-08 16:06:36.817  1977  2106 I libcitsensorservice@2.0-impl: msg_transfer
06-08 16:06:36.817  1977  2987 D vendor.xiaomi.sensor.citsensorservice@2.0-service: handle id:8 wxh:1280x2400 uwxuh:1080x2400 size: 9216000 fd:15 fd_meta:16 flags:0x4000228 usage:0x33  format:0x3 layer_count: 1
06-08 16:06:36.817  1245  3014 I SDM     : HWCSession::SetCWBOutputBuffer: CWB config passed by cwb_client : tappoint 1  CWB_ROI : (829.000000 4.000000 915.000000 90.000000)
06-08 16:06:36.818  1245 24879 I SDM     : HWCSession::ProcessRequests: Successfully configured CWB buffer.
06-08 16:06:36.829  1245  2285 I vendor.qti.hardware.display.composer-service: FrameNotifyProcess Sensor: notify citsensorservice to trigger cwb
06-08 16:06:36.830  1977  2106 I libcitsensorservice@2.0-impl: msg_transfer
06-08 16:06:36.830 23198 23198 I HandWritingStubImpl: isKeyboardTypeChanged: false
06-08 16:06:36.831 23198 23198 I HandWritingStubImpl: isKeyboardTypeChanged: false
06-08 16:06:36.832  1245 24879 I SDM     : HWCSession::ProcessRequests: Pushing release fence in fenece wait queue.
06-08 16:06:36.832  1245 24879 I SDM     : HWCSession::ProcessRequests: Creating AsyncFenceWaits async thread.
06-08 16:06:36.832  1245 24879 I SDM     : HWCSession::ProcessRequests: Remove current CWB request from the pending request queue.
06-08 16:06:36.834  1245 24879 I SDM     : HWCSession::ProcessRequests: No pending cwb requests found in the queue.
06-08 16:06:36.837  1245  1464 I SDM     : HWDeviceDRM::SetupConcurrentWriteback: Tear down the Concurrent Writeback topology
06-08 16:06:36.842  5373 30163 W MiuiPerfServiceClient: interceptAndQueuing:23198|cn.missevan|85|58|2069820001260058|Slow handle traversal|2
06-08 16:06:36.844  1245 24881 I SDM     : HWCSession::NotifyCWBStatus: Notify the client about buffer status 0.
06-08 16:06:36.844  1245 24881 I SDM     : HWCSession::PerformFenceWaits: Remove current release fence from the pending fence wait queue.
06-08 16:06:36.844  1245 24881 I SDM     : HWCSession::PerformFenceWaits: CWB fence queue is empty. No pending release fence to wait on.
06-08 16:06:37.005  1977  2997 D libsensor-displayalgo: the value of  brightness:445.000000,R:5839427.745025,G:5838004.606291,B:5844250.476950,EVENT_C:4500.500000,EVENT_R:1876.500000,EVENT_G:2164.000000,EVENT_B:910.500000
06-08 16:06:37.006  1977  2997 I libsensor-displayalgo: the value of  Coef1:1107.681000,Coef4:2.383000, scale1:0.935522, scale4:0.923264
06-08 16:06:37.006  1977  2997 E libsensor-displayalgo: RGB_black_white_scenario_0822!
06-08 16:06:37.006  1977  2997 I libsensor-displayalgo: the value of  RESULT188.690615,66.047255,101.550253,33.803933
06-08 16:06:37.006  1977  2997 I libsensor-displayalgo: the value of  getChannelDataCalibrated197.945547,61.167198,118.124149,36.938805
06-08 16:06:37.006  1977  2997 I libsensor-displayalgo: the value of  REAL LUX257.333313
06-08 16:06:37.006  1977  2997 I libsensor-displayalgo: the value of  CAL REAL LUX257.333313
06-08 16:06:37.055 23130 23177 W QueryController: Could not detect idle state.
06-08 16:06:37.091  2403  4540 D MIUIInput: Input event injection from pid 23098, MotionEvent: DOWN
06-08 16:06:37.092  2403  2910 D MIUIInput: [MotionEvent] publisher action=0x4, 2069820530, channel '9ede85b NavigationBar0 (server)'
06-08 16:06:37.093  2403  2910 D MIUIInput: [MotionEvent] publisher action=0x0, 2069820530, channel '52a8fe5 cn.missevan/cn.missevan.activity.MainActivity (server)'
06-08 16:06:37.096 23198 23198 D MIUIInput: [MotionEvent] ViewRootImpl windowName 'cn.missevan/cn.missevan.activity.MainActivity', { action=ACTION_DOWN, id[0]=0, pointerCount=1, eventTime=2069820530, downTime=2069820529, phoneEventTime=16:06:37.074 } moveCount:0
06-08 16:06:37.100  2403  4540 D MIUIInput: Input event injection from pid 23098, MotionEvent: UP
06-08 16:06:37.101  2403  2910 D MIUIInput: [MotionEvent] publisher action=0x1, 2069820530, channel '52a8fe5 cn.missevan/cn.missevan.activity.MainActivity (server)'
06-08 16:06:37.102 23198 23198 D MIUIInput: [MotionEvent] ViewRootImpl windowName 'cn.missevan/cn.missevan.activity.MainActivity', { action=ACTION_UP, id[0]=0, pointerCount=1, eventTime=2069820530, downTime=2069820529, phoneEventTime=16:06:37.073 } moveCount:0
06-08 16:06:37.103 23198 23198 I HandWritingStubImpl: isKeyboardTypeChanged: false
06-08 16:06:37.103 23198 23198 I HandWritingStubImpl: isKeyboardTypeChanged: false
06-08 16:06:37.103 23198 23198 D InputMethodManager: showSoftInput() view=cn.missevan.emote.input.view.SelectionListenableEditText{dfabccb VFED..CL. .F.P.... 44,22-815,121 #7f0b0413 app:id/edit_view aid=1073742015} flags=0 reason=SHOW_SOFT_INPUT
06-08 16:06:37.103  2403  4648 I InputMethodManagerService: IMMS.showSoftInput(), client = com.android.internal.view.IInputMethodClient$Stub$Proxy@e40eb46
06-08 16:06:37.103  2403  4648 I InputMethodManagerService: IMMS.showCurrentInputLocked(), curMethod = com.android.internal.view.IInputMethod$Stub$Proxy@f9d1ad5, flags = 0
06-08 16:06:37.104  2403  4648 I SmartPower.com.sohu.inputmethod.sogou.xiaomi:identifier/10132(1109): invisible->visible(712ms) R(show input method) adj=0.
06-08 16:06:37.104  2403  4648 I SmartPower.com.sohu.inputmethod.sogou.xiaomi:scrashly/10132(11682): invisible->visible(711ms) R(show input method) adj=915.
06-08 16:06:37.104  2403  4648 I InputMethodManagerService: IMMS.showCurrentInputLocked request ims to show inputMethod.
06-08 16:06:37.105  7825  7825 V InputMethod: IMS.showSoftInput()
06-08 16:06:37.105  5823  8672 D MirrorManager:  sendAcceptInput 1 0
06-08 16:06:37.106  7825  7825 E BaseInputMethodService: onViewClicked:false
06-08 16:06:37.108  2403  5734 I InputMethodManagerService: IMMS.applyImeVisibility(), setVisible = true, mCurclient = ClientState{5ab5b85 uid=10462 pid=23198 displayId=0}
06-08 16:06:37.108  2403  5734 I WindowManager: WMS.showImePostLayout(), imeTarget = Window{52a8fe5 u0 cn.missevan/cn.missevan.activity.MainActivity}
06-08 16:06:37.116  2403  2570 I ImeInsetsSourceProvider: ImeInsetsSourceProvider.scheduleShowImePostLayout() Run showImeRunner.
06-08 16:06:37.116  2403  2570 I ImeInsetsSourceProvider: ImeInsetsSourceProvider.scheduleShowImePostLayout() isReadyToShowIme.
06-08 16:06:37.119 23198 23198 D InsetsController: show(ime(), fromIme=true)
06-08 16:06:37.132  4164  4164 I OneHandedController: stopOneHanded mState=STATE_NONE, uiEvent=ONE_HANDED_TRIGGER_POP_IME_OUT
06-08 16:06:37.134  1245  2285 I vendor.qti.hardware.display.composer-service: FrameNotifyProcess Sensor: notify citsensorservice to trigger cwb
06-08 16:06:37.134  1977  2106 I libcitsensorservice@2.0-impl: msg_transfer
06-08 16:06:37.135  1977  2987 D vendor.xiaomi.sensor.citsensorservice@2.0-service: handle id:8 wxh:1280x2400 uwxuh:1080x2400 size: 9216000 fd:15 fd_meta:16 flags:0x4000228 usage:0x33  format:0x3 layer_count: 1
06-08 16:06:37.135  1245  3014 I SDM     : HWCSession::SetCWBOutputBuffer: CWB config passed by cwb_client : tappoint 1  CWB_ROI : (829.000000 4.000000 915.000000 90.000000)
06-08 16:06:37.136 23130 23177 I appium  : Waiting up to 100ms for the device to idle
06-08 16:06:37.137  1245 24883 I SDM     : HWCSession::ProcessRequests: Successfully configured CWB buffer.
06-08 16:06:37.144  1245 24883 I SDM     : HWCSession::ProcessRequests: Pushing release fence in fenece wait queue.
06-08 16:06:37.144  1245 24883 I SDM     : HWCSession::ProcessRequests: Creating AsyncFenceWaits async thread.
06-08 16:06:37.144  1245 24883 I SDM     : HWCSession::ProcessRequests: Remove current CWB request from the pending request queue.
06-08 16:06:37.145  1245 24883 I SDM     : HWCSession::ProcessRequests: No pending cwb requests found in the queue.
06-08 16:06:37.150  1245  1464 I SDM     : HWDeviceDRM::SetupConcurrentWriteback: Tear down the Concurrent Writeback topology
06-08 16:06:37.157  1245 24884 I SDM     : HWCSession::NotifyCWBStatus: Notify the client about buffer status 0.
06-08 16:06:37.157  1245 24884 I SDM     : HWCSession::PerformFenceWaits: Remove current release fence from the pending fence wait queue.
06-08 16:06:37.157  1245 24884 I SDM     : HWCSession::PerformFenceWaits: CWB fence queue is empty. No pending release fence to wait on.
06-08 16:06:37.168  7825  7825 E BaseInputMethodService: onComputeInsets
06-08 16:06:37.305  1977  2997 D libsensor-displayalgo: the value of  brightness:445.000000,R:5839427.745025,G:5838004.606291,B:5844250.476950,EVENT_C:4532.000000,EVENT_R:1885.500000,EVENT_G:2182.000000,EVENT_B:918.500000
06-08 16:06:37.305  1977  2997 I libsensor-displayalgo: the value of  Coef1:1107.681000,Coef4:2.383000, scale1:0.935522, scale4:0.923264
06-08 16:06:37.305  1977  2997 E libsensor-displayalgo: RGB_black_white_scenario_0822!
06-08 16:06:37.305  1977  2997 I libsensor-displayalgo: the value of  RESULT188.690615,66.047255,101.550253,33.803933
06-08 16:06:37.305  1977  2997 I libsensor-displayalgo: the value of  getChannelDataCalibrated197.945547,61.167198,118.124149,36.938805
06-08 16:06:37.305  1977  2997 I libsensor-displayalgo: the value of  REAL LUX259.386200
06-08 16:06:37.305  1977  2997 I libsensor-displayalgo: the value of  CAL REAL LUX259.386200
06-08 16:06:37.334  1245  2285 I vendor.qti.hardware.display.composer-service: FrameNotifyProcess Sensor: notify citsensorservice to trigger cwb
06-08 16:06:37.334  1977  1977 I libcitsensorservice@2.0-impl: msg_transfer
06-08 16:06:37.335  1977  2987 D vendor.xiaomi.sensor.citsensorservice@2.0-service: handle id:8 wxh:1280x2400 uwxuh:1080x2400 size: 9216000 fd:15 fd_meta:16 flags:0x4000228 usage:0x33  format:0x3 layer_count: 1
06-08 16:06:37.335  1245  3014 I SDM     : HWCSession::SetCWBOutputBuffer: CWB config passed by cwb_client : tappoint 1  CWB_ROI : (829.000000 4.000000 915.000000 90.000000)
06-08 16:06:37.336  1245 24885 I SDM     : HWCSession::ProcessRequests: Successfully configured CWB buffer.
06-08 16:06:37.341 23198 23198 I HandWritingStubImpl: isKeyboardTypeChanged: false
06-08 16:06:37.341  1245 24885 I SDM     : HWCSession::ProcessRequests: Pushing release fence in fenece wait queue.
06-08 16:06:37.341  1245 24885 I SDM     : HWCSession::ProcessRequests: Creating AsyncFenceWaits async thread.
06-08 16:06:37.341 23198 23198 I HandWritingStubImpl: isKeyboardTypeChanged: false
06-08 16:06:37.342  1245 24885 I SDM     : HWCSession::ProcessRequests: Remove current CWB request from the pending request queue.
06-08 16:06:37.342  1245 24885 I SDM     : HWCSession::ProcessRequests: No pending cwb requests found in the queue.
06-08 16:06:37.347  1245  1464 I SDM     : HWDeviceDRM::SetupConcurrentWriteback: Tear down the Concurrent Writeback topology
06-08 16:06:37.354  1245 24887 I SDM     : HWCSession::NotifyCWBStatus: Notify the client about buffer status 0.
06-08 16:06:37.357  1245 24887 I SDM     : HWCSession::PerformFenceWaits: Remove current release fence from the pending fence wait queue.
06-08 16:06:37.357  1245 24887 I SDM     : HWCSession::PerformFenceWaits: CWB fence queue is empty. No pending release fence to wait on.
06-08 16:06:37.448  6094  6278 D com.milink.runtime:new_milink:MessengerService: tick for 10114-21291
06-08 16:06:37.450  6094  6278 D com.milink.runtime:new_milink:MessengerService: tick for 1000-4910
06-08 16:06:37.451  6094  6278 D com.milink.runtime:new_milink:MessengerService: tick for 10123-6952
06-08 16:06:37.453  6094  6278 D com.milink.runtime:new_milink:MessengerService: set next timeout check task
06-08 16:06:37.458  6094  6299 I com.milink.runtime:new_milink:DataContentProvider: Call content://provider.milink.mi.com/messenger#poll from com.xiaomi.mirror, content://provider.milink.mi.com/messenger#poll
06-08 16:06:37.458  6094 25170 I com.milink.runtime:new_milink:DataContentProvider: Call content://provider.milink.mi.com/messenger#poll from com.milink.service, content://provider.milink.mi.com/messenger#poll
06-08 16:06:37.459  4910  6393 I com.xiaomi.mirror:new_milink:MessengerClient: empty packet, skip it.
06-08 16:06:37.460  6952  7076 I com.milink.service:audio:new_milink:MessengerClient: empty packet, skip it.
06-08 16:06:37.605  1977  2997 D libsensor-displayalgo: the value of  brightness:445.000000,R:5839427.745025,G:5838004.606291,B:5844250.476950,EVENT_C:4569.500000,EVENT_R:1892.000000,EVENT_G:2202.500000,EVENT_B:930.000000
06-08 16:06:37.605  1977  2997 I libsensor-displayalgo: the value of  Coef1:1107.681000,Coef4:2.383000, scale1:0.935522, scale4:0.923264
06-08 16:06:37.605  1977  2997 E libsensor-displayalgo: RGB_black_white_scenario_0822!
06-08 16:06:37.605  1977  2997 I libsensor-displayalgo: the value of  RESULT188.690615,66.047255,101.550253,33.803933
06-08 16:06:37.605  1977  2997 I libsensor-displayalgo: the value of  getChannelDataCalibrated197.945547,61.167198,118.124149,36.938805
06-08 16:06:37.605  1977  2997 I libsensor-displayalgo: the value of  REAL LUX261.786255
06-08 16:06:37.605  1977  2997 I libsensor-displayalgo: the value of  CAL REAL LUX261.786255
06-08 16:06:37.608 23130 23177 W QueryController: Could not detect idle state.
06-08 16:06:37.611 23130 23177 I appium  : AppiumResponse: {"sessionId":"64167cd1-e132-43c2-af98-bc8cde7223c5","value":null}
06-08 16:06:37.639 23130 23177 I appium  : channel read: POST /wd/hub/session/64167cd1-e132-43c2-af98-bc8cde7223c5/element
06-08 16:06:37.640 23130 23177 I appium  : FindElement command
06-08 16:06:37.642 23130 23177 I appium  : method: 'id', selector: 'cn.missevan:id/edit_view'
06-08 16:06:37.643 23130 23177 I appium  : Waiting up to 100ms for the device to idle
06-08 16:06:37.655 23130 23177 I appium  : AppiumResponse: {"sessionId":"64167cd1-e132-43c2-af98-bc8cde7223c5","value":{"ELEMENT":"00000000-0000-0171-ffff-ffff00000fda","element-6066-11e4-a52e-4f735466cecf":"00000000-0000-0171-ffff-ffff00000fda"}}
06-08 16:06:37.677 23130 23177 I appium  : channel read: POST /wd/hub/session/64167cd1-e132-43c2-af98-bc8cde7223c5/element/00000000-0000-0171-ffff-ffff00000fda/value
06-08 16:06:37.678 23130 23177 I appium  : SendKeysToElement command
06-08 16:06:37.705 23198 23198 I HandWritingAllyKeyboardTypeStubImpl: isInterceptPerformAccessibilityActionUiThread gesture type: 0
06-08 16:06:37.709 23198 23198 I HandWritingStubImpl: isKeyboardTypeChanged: false
06-08 16:06:37.709 23198 23198 I HandWritingStubImpl: getCurrentKeyboardType: 1
06-08 16:06:37.714  2403  4540 I InputMethodManagerService: IMMS.showCurrentInputLocked(), curMethod = com.android.internal.view.IInputMethod$Stub$Proxy@f9d1ad5, flags = 2
06-08 16:06:37.714  2403  4540 I InputMethodManagerService: IMMS.showCurrentInputLocked request ims to show inputMethod.
06-08 16:06:37.714  7825  7825 E BaseInputMethodService: onStartInput
06-08 16:06:37.716  5823  5843 D MirrorManager:  sendAcceptInput 1 0
06-08 16:06:37.717  7825  7825 E BaseInputMethodService: onStartInputView
06-08 16:06:37.717  7825  7825 I InputMethodService: customizeBottomViewColor, isCustom : true
06-08 16:06:37.717  7825  7825 I IMEBottomManager: customizeBottomViewColor, isCustom : true
06-08 16:06:37.718 23198 23198 I HandWritingStubImpl: isKeyboardTypeChanged: false
06-08 16:06:37.718 23198 23198 I HandWritingStubImpl: isKeyboardTypeChanged: false
06-08 16:06:37.720  7825  7825 V InputMethod: IMS.showSoftInput()
06-08 16:06:37.721  2403  5662 I InputMethodManagerService: IMMS.applyImeVisibility(), setVisible = true, mCurclient = ClientState{5ab5b85 uid=10462 pid=23198 displayId=0}
06-08 16:06:37.721  7825  7825 E BaseInputMethodService: onComputeInsets
06-08 16:06:37.722  2403  5662 I WindowManager: WMS.showImePostLayout(), imeTarget = Window{52a8fe5 u0 cn.missevan/cn.missevan.activity.MainActivity}
06-08 16:06:37.728  1245  2285 I vendor.qti.hardware.display.composer-service: FrameNotifyProcess Sensor: notify citsensorservice to trigger cwb
06-08 16:06:37.729  1977  2106 I libcitsensorservice@2.0-impl: msg_transfer
06-08 16:06:37.729  1977  2987 D vendor.xiaomi.sensor.citsensorservice@2.0-service: handle id:8 wxh:1280x2400 uwxuh:1080x2400 size: 9216000 fd:15 fd_meta:16 flags:0x4000228 usage:0x33  format:0x3 layer_count: 1
06-08 16:06:37.729  1245  3014 I SDM     : HWCSession::SetCWBOutputBuffer: CWB config passed by cwb_client : tappoint 1  CWB_ROI : (829.000000 4.000000 915.000000 90.000000)
06-08 16:06:37.729  2403  2570 I ImeInsetsSourceProvider: ImeInsetsSourceProvider.scheduleShowImePostLayout() Run showImeRunner.
06-08 16:06:37.729  2403  2570 I ImeInsetsSourceProvider: ImeInsetsSourceProvider.scheduleShowImePostLayout() isReadyToShowIme.
06-08 16:06:37.736 23198 23198 I HandWritingStubImpl: isKeyboardTypeChanged: false
06-08 16:06:37.737 23198 23198 D InsetsController: show(ime(), fromIme=true)
06-08 16:06:37.737  1245 24890 I SDM     : HWCSession::ProcessRequests: Successfully configured CWB buffer.
06-08 16:06:37.739  4164  4164 I OneHandedController: stopOneHanded mState=STATE_NONE, uiEvent=ONE_HANDED_TRIGGER_POP_IME_OUT
06-08 16:06:37.745  1245 24890 I SDM     : HWCSession::ProcessRequests: Pushing release fence in fenece wait queue.
06-08 16:06:37.745  1245 24890 I SDM     : HWCSession::ProcessRequests: Creating AsyncFenceWaits async thread.
06-08 16:06:37.745  1245 24890 I SDM     : HWCSession::ProcessRequests: Remove current CWB request from the pending request queue.
06-08 16:06:37.746  1245 24890 I SDM     : HWCSession::ProcessRequests: No pending cwb requests found in the queue.
06-08 16:06:37.751  1245  1464 I SDM     : HWDeviceDRM::SetupConcurrentWriteback: Tear down the Concurrent Writeback topology
06-08 16:06:37.758  1245 24891 I SDM     : HWCSession::NotifyCWBStatus: Notify the client about buffer status 0.
06-08 16:06:37.758  1245 24891 I SDM     : HWCSession::PerformFenceWaits: Remove current release fence from the pending fence wait queue.
06-08 16:06:37.758  1245 24891 I SDM     : HWCSession::PerformFenceWaits: CWB fence queue is empty. No pending release fence to wait on.
06-08 16:06:37.905  1977  2997 D libsensor-displayalgo: the value of  brightness:445.000000,R:5839427.745025,G:5838004.606291,B:5844250.476950,EVENT_C:4534.000000,EVENT_R:1881.500000,EVENT_G:2182.500000,EVENT_B:921.500000
06-08 16:06:37.905  1977  2997 I libsensor-displayalgo: the value of  Coef1:1107.681000,Coef4:2.383000, scale1:0.935522, scale4:0.923264
06-08 16:06:37.905  1977  2997 E libsensor-displayalgo: RGB_black_white_scenario_0822!
06-08 16:06:37.905  1977  2997 I libsensor-displayalgo: the value of  RESULT188.690615,66.047255,101.550253,33.803933
06-08 16:06:37.905  1977  2997 I libsensor-displayalgo: the value of  getChannelDataCalibrated197.945547,61.167198,118.124149,36.938805
06-08 16:06:37.905  1977  2997 I libsensor-displayalgo: the value of  REAL LUX259.457245
06-08 16:06:37.905  1977  2997 I libsensor-displayalgo: the value of  CAL REAL LUX259.457245
06-08 16:06:38.208 23130 23177 W QueryController: Could not detect idle state.
06-08 16:06:38.213 23198 23198 I HandWritingStubImpl: isKeyboardTypeChanged: false
06-08 16:06:38.214 23198 23198 I HandWritingStubImpl: isKeyboardTypeChanged: false
06-08 16:06:38.226 23198 23198 I HandWritingAllyKeyboardTypeStubImpl: isInterceptPerformAccessibilityActionUiThread gesture type: 0
06-08 16:06:38.229  1245  2285 I vendor.qti.hardware.display.composer-service: FrameNotifyProcess Sensor: notify citsensorservice to trigger cwb
06-08 16:06:38.230 23198 23198 I HandWritingStubImpl: isKeyboardTypeChanged: false
06-08 16:06:38.230  1977 18363 I libcitsensorservice@2.0-impl: msg_transfer
06-08 16:06:38.230 23198 23198 I HandWritingStubImpl: isKeyboardTypeChanged: false
06-08 16:06:38.230 23198 23198 I HandWritingStubImpl: isKeyboardTypeChanged: false
06-08 16:06:38.231 23198 23198 I HandWritingStubImpl: getCurrentKeyboardType: 1
06-08 16:06:38.231  1977  2987 D vendor.xiaomi.sensor.citsensorservice@2.0-service: handle id:8 wxh:1280x2400 uwxuh:1080x2400 size: 9216000 fd:15 fd_meta:16 flags:0x4000228 usage:0x33  format:0x3 layer_count: 1
06-08 16:06:38.232  1245  3014 I SDM     : HWCSession::SetCWBOutputBuffer: CWB config passed by cwb_client : tappoint 1  CWB_ROI : (829.000000 4.000000 915.000000 90.000000)
06-08 16:06:38.233  1245 24893 I SDM     : HWCSession::ProcessRequests: Successfully configured CWB buffer.
06-08 16:06:38.233  2403  4540 I InputMethodManagerService: IMMS.showCurrentInputLocked(), curMethod = com.android.internal.view.IInputMethod$Stub$Proxy@f9d1ad5, flags = 2
06-08 16:06:38.233  2403  4540 I InputMethodManagerService: IMMS.showCurrentInputLocked request ims to show inputMethod.
06-08 16:06:38.234  5823  5843 D MirrorManager:  sendAcceptInput 1 0
06-08 16:06:38.234  7825  7825 E BaseInputMethodService: onStartInput
06-08 16:06:38.236 23198 23198 I HandWritingStubImpl: isKeyboardTypeChanged: false
06-08 16:06:38.236 23198 23198 I HandWritingStubImpl: isKeyboardTypeChanged: false
06-08 16:06:38.238 23198 23198 I HandWritingStubImpl: isKeyboardTypeChanged: false
06-08 16:06:38.238  1245 24893 I SDM     : HWCSession::ProcessRequests: Pushing release fence in fenece wait queue.
06-08 16:06:38.238  1245 24893 I SDM     : HWCSession::ProcessRequests: Creating AsyncFenceWaits async thread.
06-08 16:06:38.238  1245 24893 I SDM     : HWCSession::ProcessRequests: Remove current CWB request from the pending request queue.
06-08 16:06:38.238  1245 24893 I SDM     : HWCSession::ProcessRequests: No pending cwb requests found in the queue.
06-08 16:06:38.239  7825  7825 E BaseInputMethodService: onStartInputView
06-08 16:06:38.240  7825  7825 I InputMethodService: customizeBottomViewColor, isCustom : true
06-08 16:06:38.240  7825  7825 I IMEBottomManager: customizeBottomViewColor, isCustom : true
06-08 16:06:38.240 23130 23177 I appium  : AppiumResponse: {"sessionId":"64167cd1-e132-43c2-af98-bc8cde7223c5","value":null}
06-08 16:06:38.240  4910  8134 W Binder  : Caught a RuntimeException from the binder stub implementation.
06-08 16:06:38.240  4910  8134 W Binder  : java.lang.SecurityException: Permission denial
06-08 16:06:38.240  4910  8134 W Binder  : 	at com.xiaomi.mirror.MirrorAppService.enforceSignature(MirrorAppService.java:30)
06-08 16:06:38.240  4910  8134 W Binder  : 	at com.xiaomi.mirror.MirrorAppService.isWorking(MirrorAppService.java:35)
06-08 16:06:38.240  4910  8134 W Binder  : 	at com.xiaomi.mirror.MirrorAppService.notifyInputTypeAndPos(MirrorAppService.java:88)
06-08 16:06:38.240  4910  8134 W Binder  : 	at com.xiaomi.mirror.IMirrorAppService$Stub.onTransact(IMirrorAppService.java:135)
06-08 16:06:38.240  4910  8134 W Binder  : 	at android.os.Binder.execTransactInternal(Binder.java:1190)
06-08 16:06:38.240  4910  8134 W Binder  : 	at android.os.Binder.execTransact(Binder.java:1149)
06-08 16:06:38.242  7825  7825 V InputMethod: IMS.showSoftInput()
06-08 16:06:38.244  2403  4648 I InputMethodManagerService: IMMS.applyImeVisibility(), setVisible = true, mCurclient = ClientState{5ab5b85 uid=10462 pid=23198 displayId=0}
06-08 16:06:38.245  1245  1464 I SDM     : HWDeviceDRM::SetupConcurrentWriteback: Tear down the Concurrent Writeback topology
06-08 16:06:38.245  2403  4648 I WindowManager: WMS.showImePostLayout(), imeTarget = Window{52a8fe5 u0 cn.missevan/cn.missevan.activity.MainActivity}
06-08 16:06:38.251  1245 24894 I SDM     : HWCSession::NotifyCWBStatus: Notify the client about buffer status 0.
06-08 16:06:38.252  1245 24894 I SDM     : HWCSession::PerformFenceWaits: Remove current release fence from the pending fence wait queue.
06-08 16:06:38.252  1245 24894 I SDM     : HWCSession::PerformFenceWaits: CWB fence queue is empty. No pending release fence to wait on.
06-08 16:06:38.252  2403  2570 I ImeInsetsSourceProvider: ImeInsetsSourceProvider.scheduleShowImePostLayout() Run showImeRunner.
06-08 16:06:38.252  2403  2570 I ImeInsetsSourceProvider: ImeInsetsSourceProvider.scheduleShowImePostLayout() isReadyToShowIme.
06-08 16:06:38.255 23198 23198 I HandWritingStubImpl: isKeyboardTypeChanged: false
06-08 16:06:38.255 23198 23198 D InsetsController: show(ime(), fromIme=true)
06-08 16:06:38.258  4164  4164 I OneHandedController: stopOneHanded mState=STATE_NONE, uiEvent=ONE_HANDED_TRIGGER_POP_IME_OUT
06-08 16:06:38.258  7825  7825 E BaseInputMethodService: onComputeInsets
06-08 16:06:38.266 23130 23177 I appium  : channel read: POST /wd/hub/session/64167cd1-e132-43c2-af98-bc8cde7223c5/element
06-08 16:06:38.268 23130 23177 I appium  : FindElement command
06-08 16:06:38.272 23130 23177 I appium  : method: 'id', selector: 'cn.missevan:id/send'
06-08 16:06:38.272 23130 23177 I appium  : Waiting up to 100ms for the device to idle
06-08 16:06:38.305  1977  2997 D libsensor-displayalgo: the value of  brightness:445.000000,R:5839427.745025,G:5838004.606291,B:5844250.476950,EVENT_C:4557.000000,EVENT_R:1887.500000,EVENT_G:2195.500000,EVENT_B:926.500000
06-08 16:06:38.306  1977  2997 I libsensor-displayalgo: the value of  Coef1:1107.681000,Coef4:2.383000, scale1:0.935522, scale4:0.923264
06-08 16:06:38.306  1977  2997 E libsensor-displayalgo: RGB_black_white_scenario_0822!
06-08 16:06:38.306  1977  2997 I libsensor-displayalgo: the value of  RESULT188.690615,66.047255,101.550253,33.803933
06-08 16:06:38.306  1977  2997 I libsensor-displayalgo: the value of  getChannelDataCalibrated197.945547,61.167198,118.124149,36.938805
06-08 16:06:38.306  1977  2997 I libsensor-displayalgo: the value of  REAL LUX261.039581
06-08 16:06:38.306  1977  2997 I libsensor-displayalgo: the value of  CAL REAL LUX261.039581
06-08 16:06:38.312  7825  7825 E BaseInputMethodService: onComputeInsets
06-08 16:06:38.476  1245  2285 I vendor.qti.hardware.display.composer-service: FrameNotifyProcess Sensor: notify citsensorservice to trigger cwb
06-08 16:06:38.477  1977  1977 I libcitsensorservice@2.0-impl: msg_transfer
06-08 16:06:38.477  1977  2987 D vendor.xiaomi.sensor.citsensorservice@2.0-service: handle id:8 wxh:1280x2400 uwxuh:1080x2400 size: 9216000 fd:15 fd_meta:16 flags:0x4000228 usage:0x33  format:0x3 layer_count: 1
06-08 16:06:38.478  1245  3014 I SDM     : HWCSession::SetCWBOutputBuffer: CWB config passed by cwb_client : tappoint 1  CWB_ROI : (829.000000 4.000000 915.000000 90.000000)
06-08 16:06:38.479  1245 24896 I SDM     : HWCSession::ProcessRequests: Successfully configured CWB buffer.
06-08 16:06:38.488  1245 24896 I SDM     : HWCSession::ProcessRequests: Pushing release fence in fenece wait queue.
06-08 16:06:38.488  1245 24896 I SDM     : HWCSession::ProcessRequests: Creating AsyncFenceWaits async thread.
06-08 16:06:38.490  1245 24896 I SDM     : HWCSession::ProcessRequests: Remove current CWB request from the pending request queue.
06-08 16:06:38.491  1245 24896 I SDM     : HWCSession::ProcessRequests: No pending cwb requests found in the queue.
06-08 16:06:38.498  1245 24898 I SDM     : HWCSession::NotifyCWBStatus: Notify the client about buffer status 0.
06-08 16:06:38.499  1245 24898 I SDM     : HWCSession::PerformFenceWaits: Remove current release fence from the pending fence wait queue.
06-08 16:06:38.499  1245 24898 I SDM     : HWCSession::PerformFenceWaits: CWB fence queue is empty. No pending release fence to wait on.
06-08 16:06:38.500  1245  1464 I SDM     : HWDeviceDRM::SetupConcurrentWriteback: Tear down the Concurrent Writeback topology
06-08 16:06:38.605  1977  2997 D libsensor-displayalgo: the value of  brightness:445.000000,R:5839427.745025,G:5838004.606291,B:5844250.476950,EVENT_C:4528.000000,EVENT_R:1884.000000,EVENT_G:2181.000000,EVENT_B:916.500000
06-08 16:06:38.605  1977  2997 I libsensor-displayalgo: the value of  Coef1:1107.681000,Coef4:2.383000, scale1:0.935522, scale4:0.923264
06-08 16:06:38.605  1977  2997 E libsensor-displayalgo: RGB_black_white_scenario_0822!
06-08 16:06:38.605  1977  2997 I libsensor-displayalgo: the value of  RESULT188.690615,66.047255,101.550253,33.803933
06-08 16:06:38.605  1977  2997 I libsensor-displayalgo: the value of  getChannelDataCalibrated197.945547,61.167198,118.124149,36.938805
06-08 16:06:38.605  1977  2997 I libsensor-displayalgo: the value of  REAL LUX259.277435
06-08 16:06:38.605  1977  2997 I libsensor-displayalgo: the value of  CAL REAL LUX259.277435
06-08 16:06:38.737 23130 23177 W QueryController: Could not detect idle state.
06-08 16:06:38.741 23198 23198 I HandWritingStubImpl: isKeyboardTypeChanged: false
06-08 16:06:38.742 23198 23198 I HandWritingStubImpl: isKeyboardTypeChanged: false
06-08 16:06:38.756  1245  2285 I vendor.qti.hardware.display.composer-service: FrameNotifyProcess Sensor: notify citsensorservice to trigger cwb
06-08 16:06:38.756  1977  1977 I libcitsensorservice@2.0-impl: msg_transfer
06-08 16:06:38.756  1977  2987 D vendor.xiaomi.sensor.citsensorservice@2.0-service: handle id:8 wxh:1280x2400 uwxuh:1080x2400 size: 9216000 fd:15 fd_meta:16 flags:0x4000228 usage:0x33  format:0x3 layer_count: 1
06-08 16:06:38.761  1245  3014 I SDM     : HWCSession::SetCWBOutputBuffer: CWB config passed by cwb_client : tappoint 1  CWB_ROI : (829.000000 4.000000 915.000000 90.000000)
06-08 16:06:38.762  1245 24901 I SDM     : HWCSession::ProcessRequests: Successfully configured CWB buffer.
06-08 16:06:38.764 23130 23177 I appium  : AppiumResponse: {"sessionId":"64167cd1-e132-43c2-af98-bc8cde7223c5","value":{"ELEMENT":"00000000-0000-0171-ffff-ffff00000fdc","element-6066-11e4-a52e-4f735466cecf":"00000000-0000-0171-ffff-ffff00000fdc"}}
06-08 16:06:38.773  1245 24901 I SDM     : HWCSession::ProcessRequests: Pushing release fence in fenece wait queue.
06-08 16:06:38.774  1245 24901 I SDM     : HWCSession::ProcessRequests: Creating AsyncFenceWaits async thread.
06-08 16:06:38.774  1245 24901 I SDM     : HWCSession::ProcessRequests: Remove current CWB request from the pending request queue.
06-08 16:06:38.775  1245 24901 I SDM     : HWCSession::ProcessRequests: No pending cwb requests found in the queue.
06-08 16:06:38.778 23130 23177 I appium  : channel read: POST /wd/hub/session/64167cd1-e132-43c2-af98-bc8cde7223c5/element/00000000-0000-0171-ffff-ffff00000fdc/click
06-08 16:06:38.779 23130 23177 I appium  : Click command
06-08 16:06:38.780  1245  1464 I SDM     : HWDeviceDRM::SetupConcurrentWriteback: Tear down the Concurrent Writeback topology
06-08 16:06:38.787  1245 24902 I SDM     : HWCSession::NotifyCWBStatus: Notify the client about buffer status 0.
06-08 16:06:38.788  1245 24902 I SDM     : HWCSession::PerformFenceWaits: Remove current release fence from the pending fence wait queue.
06-08 16:06:38.788  1245 24902 I SDM     : HWCSession::PerformFenceWaits: CWB fence queue is empty. No pending release fence to wait on.
06-08 16:06:38.803  2403  4239 D MIUIInput: Input event injection from pid 23098, MotionEvent: DOWN
06-08 16:06:38.804  2403  2910 D MIUIInput: [MotionEvent] publisher action=0x4, 2069822242, channel '9ede85b NavigationBar0 (server)'
06-08 16:06:38.804  2403  2910 D MIUIInput: [MotionEvent] publisher action=0x0, 2069822242, channel '52a8fe5 cn.missevan/cn.missevan.activity.MainActivity (server)'
06-08 16:06:38.805 23198 23198 D MIUIInput: [MotionEvent] ViewRootImpl windowName 'cn.missevan/cn.missevan.activity.MainActivity', { action=ACTION_DOWN, id[0]=0, pointerCount=1, eventTime=2069822242, downTime=2069822241, phoneEventTime=16:06:38.786 } moveCount:0
06-08 16:06:38.809  2403  4239 D MIUIInput: Input event injection from pid 23098, MotionEvent: UP
06-08 16:06:38.810  2403  2910 D MIUIInput: [MotionEvent] publisher action=0x1, 2069822242, channel '52a8fe5 cn.missevan/cn.missevan.activity.MainActivity (server)'
06-08 16:06:38.811 23198 23198 D MIUIInput: [MotionEvent] ViewRootImpl windowName 'cn.missevan/cn.missevan.activity.MainActivity', { action=ACTION_UP, id[0]=0, pointerCount=1, eventTime=2069822242, downTime=2069822241, phoneEventTime=16:06:38.785 } moveCount:0
06-08 16:06:38.814 23198 23198 I HandWritingStubImpl: isKeyboardTypeChanged: false
06-08 16:06:38.821 23130 23177 I appium  : Waiting up to 100ms for the device to idle
06-08 16:06:38.822 23130 23177 I appium  : AppiumResponse: {"sessionId":"64167cd1-e132-43c2-af98-bc8cde7223c5","value":null}
06-08 16:06:38.822  2403  4648 W InputManager-JNI: Input channel object '52a8fe5 cn.missevan/cn.missevan.activity.MainActivity (client)' was disposed without first being removed with the input manager!
06-08 16:06:38.831 23130 23177 I appium  : channel read: POST /wd/hub/session/64167cd1-e132-43c2-af98-bc8cde7223c5/element
06-08 16:06:38.831 23130 23177 I appium  : FindElement command
06-08 16:06:38.832 23130 23177 I appium  : method: 'xpath', selector: '//*[@class="android.widget.Toast"]'
06-08 16:06:38.832 23130 23177 I appium  : Waiting up to 100ms for the device to idle
06-08 16:06:38.834 23130 23177 I appium  : The following attributes will be included to the page source: [class]
06-08 16:06:38.846 23130 23177 E QueryController: Got null root node from accessibility - Retrying...
06-08 16:06:38.865  2403  2568 I WindowManager: input method visible height changed 0
06-08 16:06:38.870  5786  5786 I f       : endRecord usedTime: 871200
06-08 16:06:38.893 23198 23198 D DecorView[MainActivity]: onWindowFocusChanged hasWindowFocus true
06-08 16:06:38.895 23198 23198 I HandWritingStubImpl: isKeyboardTypeChanged: false
06-08 16:06:38.895 23198 23198 I HandWritingStubImpl: refreshLastKeyboardType: 1
06-08 16:06:38.895 23198 23198 I HandWritingStubImpl: getCurrentKeyboardType: 1
06-08 16:06:38.896  5823  5843 D MirrorManager:  sendAcceptInput 0 0
06-08 16:06:38.896  7825  7825 E BaseInputMethodService: onFinishInputView
06-08 16:06:38.897  2403  5876 I InputMethodManagerService: IMMS.applyImeVisibility(), setVisible = false, mCurclient = ClientState{5ab5b85 uid=10462 pid=23198 displayId=0}
06-08 16:06:38.898 23198 23198 I HandWritingStubImpl: isKeyboardTypeChanged: false
06-08 16:06:38.903  7825  7825 E BaseInputMethodService: onConfigureWindow
06-08 16:06:38.904  7825  7825 E BaseInputMethodService: onFinishInput
06-08 16:06:38.905  7825  7825 E BaseInputMethodService: onStartInput
06-08 16:06:38.905  1977  2997 D libsensor-displayalgo: the value of  brightness:445.000000,R:5839427.745025,G:5838004.606291,B:5844250.476950,EVENT_C:4551.000000,EVENT_R:1887.500000,EVENT_G:2189.000000,EVENT_B:924.000000
06-08 16:06:38.905  1977  2997 I libsensor-displayalgo: the value of  Coef1:1107.681000,Coef4:2.383000, scale1:0.935522, scale4:0.923264
06-08 16:06:38.905  1977  2997 E libsensor-displayalgo: RGB_black_white_scenario_0822!
