06-08 16:06:28.292  2403  5662 W InputManager-JNI: Input channel object 'fc9dc2e Toast (client)' was disposed without first being removed with the input manager!
06-08 16:06:28.293  1245  2285 I vendor.qti.hardware.display.composer-service: FrameNotifyProcess Sensor: notify citsensorservice to trigger cwb
06-08 16:06:28.294  1977 18363 I libcitsensorservice@2.0-impl: msg_transfer
06-08 16:06:28.294  1977  2987 D vendor.xiaomi.sensor.citsensorservice@2.0-service: handle id:8 wxh:1280x2400 uwxuh:1080x2400 size: 9216000 fd:15 fd_meta:16 flags:0x4000228 usage:0x33  format:0x3 layer_count: 1
06-08 16:06:28.295  1245  3014 I SDM     : HWCSession::SetCWBOutputBuffer: CWB config passed by cwb_client : tappoint 1  CWB_ROI : (829.000000 4.000000 915.000000 90.000000)
06-08 16:06:28.297  1245 24795 I SDM     : HWCSession::ProcessRequests: Successfully configured CWB buffer.
06-08 16:06:28.303  1245 24795 I SDM     : HWCSession::ProcessRequests: Pushing release fence in fenece wait queue.
06-08 16:06:28.303  1245 24795 I SDM     : HWCSession::ProcessRequests: Creating AsyncFenceWaits async thread.
06-08 16:06:28.303  1245 24795 I SDM     : HWCSession::ProcessRequests: Remove current CWB request from the pending request queue.
06-08 16:06:28.304  1245 24795 I SDM     : HWCSession::ProcessRequests: No pending cwb requests found in the queue.
06-08 16:06:28.309  1245  1464 I SDM     : HWDeviceDRM::SetupConcurrentWriteback: Tear down the Concurrent Writeback topology
06-08 16:06:28.316  1245 24796 I SDM     : HWCSession::NotifyCWBStatus: Notify the client about buffer status 0.
06-08 16:06:28.316  1245 24796 I SDM     : HWCSession::PerformFenceWaits: Remove current release fence from the pending fence wait queue.
06-08 16:06:28.316  1245 24796 I SDM     : HWCSession::PerformFenceWaits: CWB fence queue is empty. No pending release fence to wait on.
06-08 16:06:28.319  2403  5662 W NotificationService: Toast already killed. pkg=cn.missevan token=android.os.BinderProxy@562f23e
06-08 16:06:28.405  1977  2997 D libsensor-displayalgo: the value of  brightness:445.000000,R:18934780.468991,G:16789722.212748,B:32666677.668097,EVENT_C:5260.000000,EVENT_R:2137.500000,EVENT_G:2572.000000,EVENT_B:1068.000000
06-08 16:06:28.405  1977  2997 I libsensor-displayalgo: the value of  Coef1:1107.681000,Coef4:2.383000, scale1:0.935522, scale4:0.923264
06-08 16:06:28.405  1977  2997 E libsensor-displayalgo: RGB_test_0407_400_oldzy!
06-08 16:06:28.405  1977  2997 I libsensor-displayalgo: the value of  RESULT1155.489137,445.648557,578.355348,212.291872
06-08 16:06:28.406  1977  2997 I libsensor-displayalgo: the value of  getChannelDataCalibrated1212.163779,412.720763,672.748036,231.979164
06-08 16:06:28.406  1977  2997 I libsensor-displayalgo: the value of  REAL LUX239.148926
06-08 16:06:28.406  1977  2997 I libsensor-displayalgo: the value of  CAL REAL LUX239.148926
06-08 16:06:28.559  5823  5823 D MilletUtils: checkDownload uid =10462 per=0 delTime=4005 delByte=397nowByte=374764901 before=374764504
06-08 16:06:28.560  5823  5823 D MilletUtils: broadcastMsg uid =10462 val=false delete
06-08 16:06:28.599  1245  2285 I vendor.qti.hardware.display.composer-service: FrameNotifyProcess Sensor: notify citsensorservice to trigger cwb
06-08 16:06:28.602  1977 18363 I libcitsensorservice@2.0-impl: msg_transfer
06-08 16:06:28.602  1977  2987 D vendor.xiaomi.sensor.citsensorservice@2.0-service: handle id:8 wxh:1280x2400 uwxuh:1080x2400 size: 9216000 fd:15 fd_meta:16 flags:0x4000228 usage:0x33  format:0x3 layer_count: 1
06-08 16:06:28.603  1245  3014 I SDM     : HWCSession::SetCWBOutputBuffer: CWB config passed by cwb_client : tappoint 1  CWB_ROI : (829.000000 4.000000 915.000000 90.000000)
06-08 16:06:28.604  1245 24797 I SDM     : HWCSession::ProcessRequests: Successfully configured CWB buffer.
06-08 16:06:28.608  1245 24797 I SDM     : HWCSession::ProcessRequests: Pushing release fence in fenece wait queue.
06-08 16:06:28.610  1245 24797 I SDM     : HWCSession::ProcessRequests: Creating AsyncFenceWaits async thread.
06-08 16:06:28.611  1245 24797 I SDM     : HWCSession::ProcessRequests: Remove current CWB request from the pending request queue.
06-08 16:06:28.612  1245 24797 I SDM     : HWCSession::ProcessRequests: No pending cwb requests found in the queue.
06-08 16:06:28.614  1245  1464 I SDM     : HWDeviceDRM::SetupConcurrentWriteback: Tear down the Concurrent Writeback topology
06-08 16:06:28.620  1245 24798 I SDM     : HWCSession::NotifyCWBStatus: Notify the client about buffer status 0.
06-08 16:06:28.622  1245 24798 I SDM     : HWCSession::PerformFenceWaits: Remove current release fence from the pending fence wait queue.
06-08 16:06:28.623  1245 24798 I SDM     : HWCSession::PerformFenceWaits: CWB fence queue is empty. No pending release fence to wait on.
06-08 16:06:28.705  1977  2997 D libsensor-displayalgo: the value of  brightness:445.000000,R:18934780.468991,G:16789722.212748,B:32666677.668097,EVENT_C:5249.500000,EVENT_R:2133.500000,EVENT_G:2561.500000,EVENT_B:1066.000000
06-08 16:06:28.705  1977  2997 I libsensor-displayalgo: the value of  Coef1:1107.681000,Coef4:2.383000, scale1:0.935522, scale4:0.923264
06-08 16:06:28.705  1977  2997 E libsensor-displayalgo: RGB_test_0407_400_oldzy!
06-08 16:06:28.705  1977  2997 I libsensor-displayalgo: the value of  RESULT1155.489137,445.648557,578.355348,212.291872
06-08 16:06:28.705  1977  2997 I libsensor-displayalgo: the value of  getChannelDataCalibrated1212.163779,412.720763,672.748036,231.979164
06-08 16:06:28.705  1977  2997 I libsensor-displayalgo: the value of  REAL LUX238.243393
06-08 16:06:28.705  1977  2997 I libsensor-displayalgo: the value of  CAL REAL LUX238.243393
06-08 16:06:28.901  1245  2285 I vendor.qti.hardware.display.composer-service: FrameNotifyProcess Sensor: notify citsensorservice to trigger cwb
06-08 16:06:28.902  1977 18363 I libcitsensorservice@2.0-impl: msg_transfer
06-08 16:06:28.903  1977  2987 D vendor.xiaomi.sensor.citsensorservice@2.0-service: handle id:8 wxh:1280x2400 uwxuh:1080x2400 size: 9216000 fd:15 fd_meta:16 flags:0x4000228 usage:0x33  format:0x3 layer_count: 1
06-08 16:06:28.903  1245  3014 I SDM     : HWCSession::SetCWBOutputBuffer: CWB config passed by cwb_client : tappoint 1  CWB_ROI : (829.000000 4.000000 915.000000 90.000000)
06-08 16:06:28.905  1245 24807 I SDM     : HWCSession::ProcessRequests: Successfully configured CWB buffer.
06-08 16:06:28.911  1245 24807 I SDM     : HWCSession::ProcessRequests: Pushing release fence in fenece wait queue.
06-08 16:06:28.911  1245 24807 I SDM     : HWCSession::ProcessRequests: Creating AsyncFenceWaits async thread.
06-08 16:06:28.911  1245 24807 I SDM     : HWCSession::ProcessRequests: Remove current CWB request from the pending request queue.
06-08 16:06:28.912  1245 24807 I SDM     : HWCSession::ProcessRequests: No pending cwb requests found in the queue.
06-08 16:06:28.918  1245  1464 I SDM     : HWDeviceDRM::SetupConcurrentWriteback: Tear down the Concurrent Writeback topology
06-08 16:06:28.925  1245 24808 I SDM     : HWCSession::NotifyCWBStatus: Notify the client about buffer status 0.
06-08 16:06:28.925  1245 24808 I SDM     : HWCSession::PerformFenceWaits: Remove current release fence from the pending fence wait queue.
06-08 16:06:28.925  1245 24808 I SDM     : HWCSession::PerformFenceWaits: CWB fence queue is empty. No pending release fence to wait on.
06-08 16:06:28.956 23130 23177 I appium  : channel read: POST /wd/hub/session/64167cd1-e132-43c2-af98-bc8cde7223c5/elements
06-08 16:06:28.957 23130 23177 I appium  : FindElements command
06-08 16:06:28.959 23130 23177 I appium  : method: 'id', selector: 'cn.missevan:id/tvTitle'
06-08 16:06:28.960 23130 23177 I appium  : Waiting up to 100ms for the device to idle
06-08 16:06:29.007  1977  2997 D libsensor-displayalgo: the value of  brightness:445.000000,R:18934780.468991,G:16789722.212748,B:32666677.668097,EVENT_C:5285.000000,EVENT_R:2143.500000,EVENT_G:2581.500000,EVENT_B:1075.500000
06-08 16:06:29.007  1977  2997 I libsensor-displayalgo: the value of  Coef1:1107.681000,Coef4:2.383000, scale1:0.935522, scale4:0.923264
06-08 16:06:29.007  1977  2997 E libsensor-displayalgo: RGB_test_0407_400_oldzy!
06-08 16:06:29.008  1977  2997 I libsensor-displayalgo: the value of  RESULT1155.489137,445.648557,578.355348,212.291872
06-08 16:06:29.008  1977  2997 I libsensor-displayalgo: the value of  getChannelDataCalibrated1212.163779,412.720763,672.748036,231.979164
06-08 16:06:29.008  1977  2997 I libsensor-displayalgo: the value of  REAL LUX240.510025
06-08 16:06:29.008  1977  2997 I libsensor-displayalgo: the value of  CAL REAL LUX240.510025
06-08 16:06:29.131 23130 23177 W QueryController: Could not detect idle state.
06-08 16:06:29.162 23130 23177 W ByMatcher: Node returned null child: android.view.accessibility.AccessibilityNodeInfo@304ad8; boundsInParent: Rect(0, 0 - 1080, 956); boundsInScreen: Rect(0, 220 - 1080, 1176); packageName: cn.missevan; className: android.widget.FrameLayout; text: null; error: null; maxTextLength: -1; stateDescription: null; contentDescription: null; tooltipText: null; viewIdResName: cn.missevan:id/danmakuView; checkable: false; checked: false; focusable: false; focused: false; selected: false; clickable: false; longClickable: false; contextClickable: false; enabled: true; password: false; scrollable: false; importantForAccessibility: false; visible: true; actions: [AccessibilityAction: ACTION_SELECT - null, AccessibilityAction: ACTION_CLEAR_SELECTION - null, AccessibilityAction: ACTION_ACCESSIBILITY_FOCUS - null, AccessibilityAction: ACTION_SHOW_ON_SCREEN - null]
06-08 16:06:29.162 23130 23177 W ByMatcher: Skipping null child (1 of 2)
06-08 16:06:29.205  1245  2285 I vendor.qti.hardware.display.composer-service: FrameNotifyProcess Sensor: notify citsensorservice to trigger cwb
06-08 16:06:29.206  1977 18363 I libcitsensorservice@2.0-impl: msg_transfer
06-08 16:06:29.206  1977  2987 D vendor.xiaomi.sensor.citsensorservice@2.0-service: handle id:8 wxh:1280x2400 uwxuh:1080x2400 size: 9216000 fd:15 fd_meta:16 flags:0x4000228 usage:0x33  format:0x3 layer_count: 1
06-08 16:06:29.207  1245  3014 I SDM     : HWCSession::SetCWBOutputBuffer: CWB config passed by cwb_client : tappoint 1  CWB_ROI : (829.000000 4.000000 915.000000 90.000000)
06-08 16:06:29.209  1245 24809 I SDM     : HWCSession::ProcessRequests: Successfully configured CWB buffer.
06-08 16:06:29.211 23130 23177 I appium  : Caching 2 found elements
06-08 16:06:29.212 23130 23177 I appium  : Cached 2 elements
06-08 16:06:29.215 23130 23177 I appium  : AppiumResponse: {"sessionId":"64167cd1-e132-43c2-af98-bc8cde7223c5","value":[{"ELEMENT":"00000000-0000-015a-ffff-ffff00000d18","element-6066-11e4-a52e-4f735466cecf":"00000000-0000-015a-ffff-ffff00000d18"},{"ELEMENT":"00000000-0000-015a-ffff-ffff00000d1c","element-6066-11e4-a52e-4f735466cecf":"00000000-0000-015a-fff…
06-08 16:06:29.216  1245 24809 I SDM     : HWCSession::ProcessRequests: Pushing release fence in fenece wait queue.
06-08 16:06:29.216  1245 24809 I SDM     : HWCSession::ProcessRequests: Creating AsyncFenceWaits async thread.
06-08 16:06:29.216  1245 24809 I SDM     : HWCSession::ProcessRequests: Remove current CWB request from the pending request queue.
06-08 16:06:29.216  1245 24809 I SDM     : HWCSession::ProcessRequests: No pending cwb requests found in the queue.
06-08 16:06:29.222  1245  1464 I SDM     : HWDeviceDRM::SetupConcurrentWriteback: Tear down the Concurrent Writeback topology
06-08 16:06:29.226  5452  9748 D SLM-SRV-SLAService: checktemp temperature = 38482 temperature_average = 38259 isPerformanceMode = false thermal_enable_slm = true
06-08 16:06:29.230  1245 24810 I SDM     : HWCSession::NotifyCWBStatus: Notify the client about buffer status 0.
06-08 16:06:29.230  1245 24810 I SDM     : HWCSession::PerformFenceWaits: Remove current release fence from the pending fence wait queue.
06-08 16:06:29.230  1245 24810 I SDM     : HWCSession::PerformFenceWaits: CWB fence queue is empty. No pending release fence to wait on.
06-08 16:06:29.233 23130 23177 I appium  : channel read: POST /wd/hub/session/64167cd1-e132-43c2-af98-bc8cde7223c5/element/00000000-0000-015a-ffff-ffff00000d1c/click
06-08 16:06:29.234 23130 23177 I appium  : Click command
06-08 16:06:29.308  1977  2997 D libsensor-displayalgo: the value of  brightness:445.000000,R:18934780.468991,G:16789722.212748,B:32666677.668097,EVENT_C:5274.500000,EVENT_R:2140.000000,EVENT_G:2576.000000,EVENT_B:1071.000000
06-08 16:06:29.308  1977  2997 I libsensor-displayalgo: the value of  Coef1:1107.681000,Coef4:2.383000, scale1:0.935522, scale4:0.923264
06-08 16:06:29.308  1977  2997 E libsensor-displayalgo: RGB_test_0407_400_oldzy!
06-08 16:06:29.309  1977  2997 I libsensor-displayalgo: the value of  RESULT1155.489137,445.648557,578.355348,212.291872
06-08 16:06:29.309  1977  2997 I libsensor-displayalgo: the value of  getChannelDataCalibrated1212.163779,412.720763,672.748036,231.979164
06-08 16:06:29.309  1977  2997 I libsensor-displayalgo: the value of  REAL LUX240.016266
06-08 16:06:29.309  1977  2997 I libsensor-displayalgo: the value of  CAL REAL LUX240.016266
06-08 16:06:29.382  1906  1953 I mstatdaemon: Entering time loop
06-08 16:06:29.383  1906  1953 I mstatdaemon: t = 1686211589
06-08 16:06:29.383  1906  1953 I mstatdaemon: translated_t = 1370221589
06-08 16:06:29.383  1906  1953 I mstat_log: mstatcommitLog log_alloc() failed
06-08 16:06:29.436 23130 23177 W QueryController: Could not detect idle state.
06-08 16:06:29.510  1245  2285 I vendor.qti.hardware.display.composer-service: FrameNotifyProcess Sensor: notify citsensorservice to trigger cwb
06-08 16:06:29.511  1977  3798 I libcitsensorservice@2.0-impl: msg_transfer
06-08 16:06:29.512  1977  2987 D vendor.xiaomi.sensor.citsensorservice@2.0-service: handle id:8 wxh:1280x2400 uwxuh:1080x2400 size: 9216000 fd:15 fd_meta:16 flags:0x4000228 usage:0x33  format:0x3 layer_count: 1
06-08 16:06:29.512  1245  3014 I SDM     : HWCSession::SetCWBOutputBuffer: CWB config passed by cwb_client : tappoint 1  CWB_ROI : (829.000000 4.000000 915.000000 90.000000)
06-08 16:06:29.517  1245 24811 I SDM     : HWCSession::ProcessRequests: Successfully configured CWB buffer.
06-08 16:06:29.523  1245 24811 I SDM     : HWCSession::ProcessRequests: Pushing release fence in fenece wait queue.
06-08 16:06:29.524  1245 24811 I SDM     : HWCSession::ProcessRequests: Creating AsyncFenceWaits async thread.
06-08 16:06:29.525  1245 24811 I SDM     : HWCSession::ProcessRequests: Remove current CWB request from the pending request queue.
06-08 16:06:29.525  1245 24811 I SDM     : HWCSession::ProcessRequests: No pending cwb requests found in the queue.
06-08 16:06:29.527  1245  1464 I SDM     : HWDeviceDRM::SetupConcurrentWriteback: Tear down the Concurrent Writeback topology
06-08 16:06:29.534  1245 24812 I SDM     : HWCSession::NotifyCWBStatus: Notify the client about buffer status 0.
06-08 16:06:29.534  1245 24812 I SDM     : HWCSession::PerformFenceWaits: Remove current release fence from the pending fence wait queue.
06-08 16:06:29.534  1245 24812 I SDM     : HWCSession::PerformFenceWaits: CWB fence queue is empty. No pending release fence to wait on.
06-08 16:06:29.605  1977  2997 D libsensor-displayalgo: the value of  brightness:445.000000,R:18934780.468991,G:16789722.212748,B:32666677.668097,EVENT_C:5251.000000,EVENT_R:2135.000000,EVENT_G:2564.000000,EVENT_B:1066.000000
06-08 16:06:29.605  1977  2997 I libsensor-displayalgo: the value of  Coef1:1107.681000,Coef4:2.383000, scale1:0.935522, scale4:0.923264
06-08 16:06:29.605  1977  2997 E libsensor-displayalgo: RGB_test_0407_400_oldzy!
06-08 16:06:29.605  1977  2997 I libsensor-displayalgo: the value of  RESULT1155.489137,445.648557,578.355348,212.291872
06-08 16:06:29.605  1977  2997 I libsensor-displayalgo: the value of  getChannelDataCalibrated1212.163779,412.720763,672.748036,231.979164
06-08 16:06:29.605  1977  2997 I libsensor-displayalgo: the value of  REAL LUX238.406448
06-08 16:06:29.606  1977  2997 I libsensor-displayalgo: the value of  CAL REAL LUX238.406448
06-08 16:06:29.635 23130 23177 W QueryController: Could not detect idle state.
06-08 16:06:29.674  2403  5662 D MIUIInput: Input event injection from pid 23098, MotionEvent: DOWN
06-08 16:06:29.676  2403  2910 D MIUIInput: [MotionEvent] publisher action=0x4, 2069813116, channel '9ede85b NavigationBar0 (server)'
06-08 16:06:29.676  2403  2910 D MIUIInput: [MotionEvent] publisher action=0x0, 2069813116, channel '754dc9c cn.missevan/cn.missevan.activity.MainActivity (server)'
06-08 16:06:29.677 23198 23198 D MIUIInput: [MotionEvent] ViewRootImpl windowName 'cn.missevan/cn.missevan.activity.MainActivity', { action=ACTION_DOWN, id[0]=0, pointerCount=1, eventTime=2069813116, downTime=2069813115, phoneEventTime=16:06:29.660 } moveCount:0
06-08 16:06:29.682  2403  5662 D MIUIInput: Input event injection from pid 23098, MotionEvent: UP
06-08 16:06:29.683  2403  2910 D MIUIInput: [MotionEvent] publisher action=0x1, 2069813116, channel '754dc9c cn.missevan/cn.missevan.activity.MainActivity (server)'
06-08 16:06:29.684 23198 23198 D MIUIInput: [MotionEvent] ViewRootImpl windowName 'cn.missevan/cn.missevan.activity.MainActivity', { action=ACTION_UP, id[0]=0, pointerCount=1, eventTime=2069813116, downTime=2069813115, phoneEventTime=16:06:29.659 } moveCount:0
06-08 16:06:29.685 23198 23198 E cn.missevan: No package ID ff found for ID 0xffffffff.
06-08 16:06:29.699 23130 23177 I appium  : Waiting up to 100ms for the device to idle
06-08 16:06:29.801 23130 23177 W QueryController: Could not detect idle state.
06-08 16:06:29.802 23130 23177 I appium  : AppiumResponse: {"sessionId":"64167cd1-e132-43c2-af98-bc8cde7223c5","value":null}
06-08 16:06:29.814  1245  2285 I vendor.qti.hardware.display.composer-service: FrameNotifyProcess Sensor: notify citsensorservice to trigger cwb
06-08 16:06:29.815  1977  2106 I libcitsensorservice@2.0-impl: msg_transfer
06-08 16:06:29.815  1977  2987 D vendor.xiaomi.sensor.citsensorservice@2.0-service: handle id:8 wxh:1280x2400 uwxuh:1080x2400 size: 9216000 fd:15 fd_meta:16 flags:0x4000228 usage:0x33  format:0x3 layer_count: 1
06-08 16:06:29.815  1245  3014 I SDM     : HWCSession::SetCWBOutputBuffer: CWB config passed by cwb_client : tappoint 1  CWB_ROI : (829.000000 4.000000 915.000000 90.000000)
06-08 16:06:29.816  1245 24813 I SDM     : HWCSession::ProcessRequests: Successfully configured CWB buffer.
06-08 16:06:29.824  1245 24813 I SDM     : HWCSession::ProcessRequests: Pushing release fence in fenece wait queue.
06-08 16:06:29.824  1245 24813 I SDM     : HWCSession::ProcessRequests: Creating AsyncFenceWaits async thread.
06-08 16:06:29.825  1245 24813 I SDM     : HWCSession::ProcessRequests: Remove current CWB request from the pending request queue.
06-08 16:06:29.826  1245 24813 I SDM     : HWCSession::ProcessRequests: No pending cwb requests found in the queue.
06-08 16:06:29.832  1245  1464 I SDM     : HWDeviceDRM::SetupConcurrentWriteback: Tear down the Concurrent Writeback topology
06-08 16:06:29.837 23130 23177 I appium  : channel read: POST /wd/hub/session/64167cd1-e132-43c2-af98-bc8cde7223c5/element
06-08 16:06:29.837 23130 23177 I appium  : FindElement command
06-08 16:06:29.839 23130 23177 I appium  : method: 'id', selector: 'cn.missevan:id/emoji'
06-08 16:06:29.839  1245 24814 I SDM     : HWCSession::NotifyCWBStatus: Notify the client about buffer status 0.
06-08 16:06:29.839 23130 23177 I appium  : Waiting up to 100ms for the device to idle
06-08 16:06:29.839  1245 24814 I SDM     : HWCSession::PerformFenceWaits: Remove current release fence from the pending fence wait queue.
06-08 16:06:29.839  1245 24814 I SDM     : HWCSession::PerformFenceWaits: CWB fence queue is empty. No pending release fence to wait on.
06-08 16:06:29.961 23130 23177 W QueryController: Could not detect idle state.
06-08 16:06:30.005  1977  2997 D libsensor-displayalgo: the value of  brightness:445.000000,R:82385093.901280,G:81889788.333526,B:82381089.708536,EVENT_C:7385.000000,EVENT_R:2856.000000,EVENT_G:3720.000000,EVENT_B:1495.000000
06-08 16:06:30.006  1977  2997 I libsensor-displayalgo: the value of  Coef1:1107.681000,Coef4:2.383000, scale1:0.935522, scale4:0.923264
06-08 16:06:30.006  1977  2997 E libsensor-displayalgo: RGB_test_0407_400_oldzy!
06-08 16:06:30.006  1977  2997 I libsensor-displayalgo: the value of  RESULT3275.081387,1288.735678,1579.079212,593.392413
06-08 16:06:30.006  1977  2997 I libsensor-displayalgo: the value of  getChannelDataCalibrated3435.718178,1193.514405,1836.798851,648.421790
06-08 16:06:30.006  1977  2997 I libsensor-displayalgo: the value of  REAL LUX232.954102
06-08 16:06:30.006  1977  2997 I libsensor-displayalgo: the value of  CAL REAL LUX232.954102
06-08 16:06:30.016 21969 22263 D MemoryCeilingMonitor: [handleMemoryCalculate]
06-08 16:06:30.017 21969 22263 D MemoryCeilingMonitor: [calculate] tot: 5744112, max: 268435456, free: 950272, heap: 4793840, per: 0.017858445644378662
06-08 16:06:30.041 23198 23316 W RenderInspector: QueueBuffer time out on cn.missevan/cn.missevan.activity.MainActivity, count=1, avg=25 ms, max=25 ms.
06-08 16:06:30.120  1245  2285 I vendor.qti.hardware.display.composer-service: FrameNotifyProcess Sensor: notify citsensorservice to trigger cwb
06-08 16:06:30.121  1977 18363 I libcitsensorservice@2.0-impl: msg_transfer
06-08 16:06:30.121  1977  2987 D vendor.xiaomi.sensor.citsensorservice@2.0-service: handle id:8 wxh:1280x2400 uwxuh:1080x2400 size: 9216000 fd:15 fd_meta:16 flags:0x4000228 usage:0x33  format:0x3 layer_count: 1
06-08 16:06:30.121  1245  3014 I SDM     : HWCSession::SetCWBOutputBuffer: CWB config passed by cwb_client : tappoint 1  CWB_ROI : (829.000000 4.000000 915.000000 90.000000)
06-08 16:06:30.122  1245 24816 I SDM     : HWCSession::ProcessRequests: Successfully configured CWB buffer.
06-08 16:06:30.130  1245 24816 I SDM     : HWCSession::ProcessRequests: Pushing release fence in fenece wait queue.
06-08 16:06:30.130  1245 24816 I SDM     : HWCSession::ProcessRequests: Creating AsyncFenceWaits async thread.
06-08 16:06:30.131  1245 24816 I SDM     : HWCSession::ProcessRequests: Remove current CWB request from the pending request queue.
06-08 16:06:30.131  1245 24816 I SDM     : HWCSession::ProcessRequests: No pending cwb requests found in the queue.
06-08 16:06:30.136  1245  1464 I SDM     : HWDeviceDRM::SetupConcurrentWriteback: Tear down the Concurrent Writeback topology
06-08 16:06:30.143  1245 24817 I SDM     : HWCSession::NotifyCWBStatus: Notify the client about buffer status 0.
06-08 16:06:30.144  1245 24817 I SDM     : HWCSession::PerformFenceWaits: Remove current release fence from the pending fence wait queue.
06-08 16:06:30.145  1245 24817 I SDM     : HWCSession::PerformFenceWaits: CWB fence queue is empty. No pending release fence to wait on.
06-08 16:06:30.296 23130 23177 I appium  : AppiumResponse: {"sessionId":"64167cd1-e132-43c2-af98-bc8cde7223c5","value":{"ELEMENT":"00000000-0000-015a-ffff-ffff00000d0f","element-6066-11e4-a52e-4f735466cecf":"00000000-0000-015a-ffff-ffff00000d0f"}}
06-08 16:06:30.303  2403  2568 W WindowManager: Unable to start animation, surface is null or no children.
06-08 16:06:30.305  1977  2997 D libsensor-displayalgo: the value of  brightness:445.000000,R:83162080.520815,G:83162080.520815,B:83162080.520815,EVENT_C:7580.500000,EVENT_R:2909.000000,EVENT_G:3830.000000,EVENT_B:1540.000000
06-08 16:06:30.305  1977  2997 I libsensor-displayalgo: the value of  Coef1:1107.681000,Coef4:2.383000, scale1:0.935522, scale4:0.923264
06-08 16:06:30.305  1977  2997 E libsensor-displayalgo: RGB_test_0407_400_oldzy!
06-08 16:06:30.305  1977  2997 I libsensor-displayalgo: the value of  RESULT3304.708258,1296.975436,1593.738148,598.661957
06-08 16:06:30.305  1977  2997 I libsensor-displayalgo: the value of  getChannelDataCalibrated3466.798193,1201.145349,1853.850255,654.180016
06-08 16:06:30.306  1977  2997 I libsensor-displayalgo: the value of  REAL LUX243.888870
06-08 16:06:30.306  1977  2997 I libsensor-displayalgo: the value of  CAL REAL LUX243.888870
06-08 16:06:30.318 23130 23177 I appium  : channel read: POST /wd/hub/session/64167cd1-e132-43c2-af98-bc8cde7223c5/element/00000000-0000-015a-ffff-ffff00000d0f/click
06-08 16:06:30.319  2403  2403 W WindowManager: removeWindowToken: Attempted to remove non-existing token: android.os.Binder@5302f34
06-08 16:06:30.322 23130 23177 I appium  : Click command
06-08 16:06:30.424  1245  2285 I vendor.qti.hardware.display.composer-service: FrameNotifyProcess Sensor: notify citsensorservice to trigger cwb
06-08 16:06:30.425  1977  2106 I libcitsensorservice@2.0-impl: msg_transfer
06-08 16:06:30.425  1977  2987 D vendor.xiaomi.sensor.citsensorservice@2.0-service: handle id:8 wxh:1280x2400 uwxuh:1080x2400 size: 9216000 fd:15 fd_meta:16 flags:0x4000228 usage:0x33  format:0x3 layer_count: 1
06-08 16:06:30.426  1245  3014 I SDM     : HWCSession::SetCWBOutputBuffer: CWB config passed by cwb_client : tappoint 1  CWB_ROI : (829.000000 4.000000 915.000000 90.000000)
06-08 16:06:30.427  1245 24818 I SDM     : HWCSession::ProcessRequests: Successfully configured CWB buffer.
06-08 16:06:30.436  1245 24818 I SDM     : HWCSession::ProcessRequests: Pushing release fence in fenece wait queue.
06-08 16:06:30.438  1245 24818 I SDM     : HWCSession::ProcessRequests: Creating AsyncFenceWaits async thread.
06-08 16:06:30.439  1245 24818 I SDM     : HWCSession::ProcessRequests: Remove current CWB request from the pending request queue.
06-08 16:06:30.439  1245 24818 I SDM     : HWCSession::ProcessRequests: No pending cwb requests found in the queue.
06-08 16:06:30.442  1245  1464 I SDM     : HWDeviceDRM::SetupConcurrentWriteback: Tear down the Concurrent Writeback topology
06-08 16:06:30.448  1245 24819 I SDM     : HWCSession::NotifyCWBStatus: Notify the client about buffer status 0.
06-08 16:06:30.448  1245 24819 I SDM     : HWCSession::PerformFenceWaits: Remove current release fence from the pending fence wait queue.
06-08 16:06:30.449  1245 24819 I SDM     : HWCSession::PerformFenceWaits: CWB fence queue is empty. No pending release fence to wait on.
06-08 16:06:30.454 23130 23177 W QueryController: Could not detect idle state.
06-08 16:06:30.556  5373 30163 W MiuiPerfServiceClient: interceptAndQueuing:23198|cn.missevan|161|82|2069813491310842|Slow handle traversal|6
06-08 16:06:30.606  1977  2997 D libsensor-displayalgo: the value of  brightness:445.000000,R:83162080.520815,G:83162080.520815,B:83162080.520815,EVENT_C:7566.000000,EVENT_R:2906.500000,EVENT_G:3820.000000,EVENT_B:1534.000000
06-08 16:06:30.606  1977  2997 I libsensor-displayalgo: the value of  Coef1:1107.681000,Coef4:2.383000, scale1:0.935522, scale4:0.923264
06-08 16:06:30.606  1977  2997 E libsensor-displayalgo: RGB_test_0407_400_oldzy!
06-08 16:06:30.607  1977  2997 I libsensor-displayalgo: the value of  RESULT3304.708258,1296.975436,1593.738148,598.661957
06-08 16:06:30.610  1977  2997 I libsensor-displayalgo: the value of  getChannelDataCalibrated3466.798193,1201.145349,1853.850255,654.180016
06-08 16:06:30.610  1977  2997 I libsensor-displayalgo: the value of  REAL LUX242.992188
06-08 16:06:30.610  1977  2997 I libsensor-displayalgo: the value of  CAL REAL LUX242.992188
06-08 16:06:30.655 23130 23177 W QueryController: Could not detect idle state.
06-08 16:06:30.703  2403  4239 D MIUIInput: Input event injection from pid 23098, MotionEvent: DOWN
06-08 16:06:30.705  2403  2910 D MIUIInput: [MotionEvent] publisher action=0x4, 2069814140, channel '9ede85b NavigationBar0 (server)'
06-08 16:06:30.706  2403  2910 D MIUIInput: [MotionEvent] publisher action=0x0, 2069814140, channel '754dc9c cn.missevan/cn.missevan.activity.MainActivity (server)'
06-08 16:06:30.708 23198 23198 D MIUIInput: [MotionEvent] ViewRootImpl windowName 'cn.missevan/cn.missevan.activity.MainActivity', { action=ACTION_DOWN, id[0]=0, pointerCount=1, eventTime=2069814140, downTime=2069814139, phoneEventTime=16:06:30.684 } moveCount:0
06-08 16:06:30.717  2403  4239 D MIUIInput: Input event injection from pid 23098, MotionEvent: UP
06-08 16:06:30.719  2403  2910 D MIUIInput: [MotionEvent] publisher action=0x1, 2069814140, channel '754dc9c cn.missevan/cn.missevan.activity.MainActivity (server)'
06-08 16:06:30.719 23198 23198 D MIUIInput: [MotionEvent] ViewRootImpl windowName 'cn.missevan/cn.missevan.activity.MainActivity', { action=ACTION_UP, id[0]=0, pointerCount=1, eventTime=2069814140, downTime=2069814139, phoneEventTime=16:06:30.684 } moveCount:0
06-08 16:06:30.728  1245  2285 I vendor.qti.hardware.display.composer-service: FrameNotifyProcess Sensor: notify citsensorservice to trigger cwb
06-08 16:06:30.730  1977 18363 I libcitsensorservice@2.0-impl: msg_transfer
06-08 16:06:30.730  1977  2987 D vendor.xiaomi.sensor.citsensorservice@2.0-service: handle id:8 wxh:1280x2400 uwxuh:1080x2400 size: 9216000 fd:15 fd_meta:16 flags:0x4000228 usage:0x33  format:0x3 layer_count: 1
06-08 16:06:30.730  1245  3014 I SDM     : HWCSession::SetCWBOutputBuffer: CWB config passed by cwb_client : tappoint 1  CWB_ROI : (829.000000 4.000000 915.000000 90.000000)
06-08 16:06:30.731  1245 24820 I SDM     : HWCSession::ProcessRequests: Successfully configured CWB buffer.
06-08 16:06:30.737 23198 23198 I HandWritingStubImpl: isKeyboardTypeChanged: false
06-08 16:06:30.737 23130 23177 I appium  : Waiting up to 100ms for the device to idle
06-08 16:06:30.737 23198 23198 I HandWritingStubImpl: isKeyboardTypeChanged: false
06-08 16:06:30.738 23198 23198 I HandWritingStubImpl: isKeyboardTypeChanged: false
06-08 16:06:30.739  1245 24820 I SDM     : HWCSession::ProcessRequests: Pushing release fence in fenece wait queue.
06-08 16:06:30.739  1245 24820 I SDM     : HWCSession::ProcessRequests: Creating AsyncFenceWaits async thread.
06-08 16:06:30.739  1245 24820 I SDM     : HWCSession::ProcessRequests: Remove current CWB request from the pending request queue.
06-08 16:06:30.739  1245 24820 I SDM     : HWCSession::ProcessRequests: No pending cwb requests found in the queue.
06-08 16:06:30.741 23198 23198 I HandWritingStubImpl: isKeyboardTypeChanged: false
06-08 16:06:30.745  1245  1464 I SDM     : HWDeviceDRM::SetupConcurrentWriteback: Tear down the Concurrent Writeback topology
06-08 16:06:30.745 23198 23198 D IS_CTS_MODE: true
06-08 16:06:30.745 23198 23198 D MULTI_WINDOW_SWITCH_ENABLED: false
06-08 16:06:30.752  1245 24821 I SDM     : HWCSession::NotifyCWBStatus: Notify the client about buffer status 0.
06-08 16:06:30.753  1245 24821 I SDM     : HWCSession::PerformFenceWaits: Remove current release fence from the pending fence wait queue.
06-08 16:06:30.753  1245 24821 I SDM     : HWCSession::PerformFenceWaits: CWB fence queue is empty. No pending release fence to wait on.
06-08 16:06:30.757 23198 23198 I HandWritingStubImpl: isKeyboardTypeChanged: false
06-08 16:06:30.758 23198 23198 I HandWritingStubImpl: isKeyboardTypeChanged: false
06-08 16:06:30.799  2403  5662 I WindowManagerService: Physical orientation applied, rotation=0 sfOrientation=ORIENTATION_0
06-08 16:06:30.818  1379 20429 I BpBinder: onLastStrongRef automatically unlinking death recipients: <uncached descriptor>
06-08 16:06:30.826  2403  5662 I WindowManagerService: Physical orientation applied, rotation=0 sfOrientation=ORIENTATION_0
06-08 16:06:30.859 23130 23177 W QueryController: Could not detect idle state.
06-08 16:06:30.865 23130 23177 I appium  : AppiumResponse: {"sessionId":"64167cd1-e132-43c2-af98-bc8cde7223c5","value":null}
06-08 16:06:30.896 23130 23177 I appium  : channel read: POST /wd/hub/session/64167cd1-e132-43c2-af98-bc8cde7223c5/elements
06-08 16:06:30.897 23130 23177 I appium  : FindElements command
06-08 16:06:30.898 23130 23177 I appium  : method: 'class name', selector: 'android.widget.ImageView'
06-08 16:06:30.898 23130 23177 I appium  : Waiting up to 100ms for the device to idle
06-08 16:06:30.900 23198 23198 D DecorView[MainActivity]: onWindowFocusChanged hasWindowFocus false
06-08 16:06:30.905  1977  2997 D libsensor-displayalgo: the value of  brightness:445.000000,R:83162080.520815,G:83162080.520815,B:83162080.520815,EVENT_C:7537.500000,EVENT_R:2900.500000,EVENT_G:3806.500000,EVENT_B:1528.500000
06-08 16:06:30.905  1977  2997 I libsensor-displayalgo: the value of  Coef1:1107.681000,Coef4:2.383000, scale1:0.935522, scale4:0.923264
06-08 16:06:30.905  1977  2997 E libsensor-displayalgo: RGB_test_0407_400_oldzy!
06-08 16:06:30.905  1977  2997 I libsensor-displayalgo: the value of  RESULT3304.708258,1296.975436,1593.738148,598.661957
06-08 16:06:30.905  1977  2997 I libsensor-displayalgo: the value of  getChannelDataCalibrated3466.798193,1201.145349,1853.850255,654.180016
06-08 16:06:30.905  1977  2997 I libsensor-displayalgo: the value of  REAL LUX241.039566
06-08 16:06:30.905  1977  2997 I libsensor-displayalgo: the value of  CAL REAL LUX241.039566
06-08 16:06:30.905 23198 23198 D DecorView[]: onWindowFocusChanged hasWindowFocus true
06-08 16:06:30.905 23198 23198 I HandWritingStubImpl: refreshLastKeyboardType: 1
06-08 16:06:30.905 23198 23198 I HandWritingStubImpl: getCurrentKeyboardType: 1
06-08 16:06:30.909 23198 23198 I HandWritingStubImpl: isKeyboardTypeChanged: false
06-08 16:06:30.910  7825  7825 E BaseInputMethodService: onFinishInput
06-08 16:06:30.910  7825  7825 E BaseInputMethodService: onStartInput
06-08 16:06:31.033 23198 23211 I cn.missevan: This is non sticky GC, maxfree is 8388608 minfree is 2097152
06-08 16:06:31.033 23198 23211 I cn.missevan: NativeAlloc concurrent copying GC freed 540911(26MB) AllocSpace objects, 135(8664KB) LOS objects, 42% free, 32MB/56MB, paused 104us,70us total 168.839ms
06-08 16:06:31.035  1245  2285 I vendor.qti.hardware.display.composer-service: FrameNotifyProcess Sensor: notify citsensorservice to trigger cwb
06-08 16:06:31.036  1977 18363 I libcitsensorservice@2.0-impl: msg_transfer
06-08 16:06:31.036  1977  2987 D vendor.xiaomi.sensor.citsensorservice@2.0-service: handle id:8 wxh:1280x2400 uwxuh:1080x2400 size: 9216000 fd:15 fd_meta:16 flags:0x4000228 usage:0x33  format:0x3 layer_count: 1
06-08 16:06:31.036  1245  3014 I SDM     : HWCSession::SetCWBOutputBuffer: CWB config passed by cwb_client : tappoint 1  CWB_ROI : (829.000000 4.000000 915.000000 90.000000)
06-08 16:06:31.037  1245 24825 I SDM     : HWCSession::ProcessRequests: Successfully configured CWB buffer.
06-08 16:06:31.044  1245 24825 I SDM     : HWCSession::ProcessRequests: Pushing release fence in fenece wait queue.
06-08 16:06:31.045  1245 24825 I SDM     : HWCSession::ProcessRequests: Creating AsyncFenceWaits async thread.
06-08 16:06:31.046  1245 24825 I SDM     : HWCSession::ProcessRequests: Remove current CWB request from the pending request queue.
06-08 16:06:31.047  1245 24825 I SDM     : HWCSession::ProcessRequests: No pending cwb requests found in the queue.
06-08 16:06:31.050  1245  1464 I SDM     : HWDeviceDRM::SetupConcurrentWriteback: Tear down the Concurrent Writeback topology
06-08 16:06:31.054 23130 23177 W QueryController: Could not detect idle state.
06-08 16:06:31.057  1245 24826 I SDM     : HWCSession::NotifyCWBStatus: Notify the client about buffer status 0.
06-08 16:06:31.060  1245 24826 I SDM     : HWCSession::PerformFenceWaits: Remove current release fence from the pending fence wait queue.
06-08 16:06:31.062  1245 24826 I SDM     : HWCSession::PerformFenceWaits: CWB fence queue is empty. No pending release fence to wait on.
06-08 16:06:31.205  1977  2997 D libsensor-displayalgo: the value of  brightness:445.000000,R:5839427.745025,G:5838004.606291,B:5844250.476950,EVENT_C:4743.500000,EVENT_R:1952.500000,EVENT_G:2298.000000,EVENT_B:961.000000
06-08 16:06:31.205  1977  2997 I libsensor-displayalgo: the value of  Coef1:1107.681000,Coef4:2.383000, scale1:0.935522, scale4:0.923264
06-08 16:06:31.205  1977  2997 E libsensor-displayalgo: RGB_black_white_scenario_0822!
06-08 16:06:31.205  1977  2997 I libsensor-displayalgo: the value of  RESULT188.690615,66.047255,101.550253,33.803933
06-08 16:06:31.205  1977  2997 I libsensor-displayalgo: the value of  getChannelDataCalibrated197.945547,61.167198,118.124149,36.938805
06-08 16:06:31.205  1977  2997 I libsensor-displayalgo: the value of  REAL LUX273.612274
06-08 16:06:31.205  1977  2997 I libsensor-displayalgo: the value of  CAL REAL LUX273.612274
06-08 16:06:31.217 23130 23177 I appium  : Caching 46 found elements
06-08 16:06:31.236 23130 23177 I appium  : Cached 46 elements
06-08 16:06:31.246 23130 23177 I appium  : AppiumResponse: {"sessionId":"64167cd1-e132-43c2-af98-bc8cde7223c5","value":[{"ELEMENT":"00000000-0000-016f-ffff-ffff00000f7b","element-6066-11e4-a52e-4f735466cecf":"00000000-0000-016f-ffff-ffff00000f7b"},{"ELEMENT":"00000000-0000-016f-ffff-ffff00000f9d","element-6066-11e4-a52e-4f735466cecf":"00000000-0000-016f-fff…
06-08 16:06:31.252 23130 23149 I tomator2.serve: This is non sticky GC, maxfree is 8388608 minfree is 2097152
06-08 16:06:31.258 23130 23177 I appium  : channel read: POST /wd/hub/session/64167cd1-e132-43c2-af98-bc8cde7223c5/element/00000000-0000-016f-ffff-ffff00000f9d/click
06-08 16:06:31.258 23130 23177 I appium  : Click command
06-08 16:06:31.282  1245  2285 I vendor.qti.hardware.display.composer-service: FrameNotifyProcess Sensor: notify citsensorservice to trigger cwb
06-08 16:06:31.283  1977  2106 I libcitsensorservice@2.0-impl: msg_transfer
06-08 16:06:31.284  1977  2987 D vendor.xiaomi.sensor.citsensorservice@2.0-service: handle id:8 wxh:1280x2400 uwxuh:1080x2400 size: 9216000 fd:15 fd_meta:16 flags:0x4000228 usage:0x33  format:0x3 layer_count: 1
06-08 16:06:31.284  1245  3014 I SDM     : HWCSession::SetCWBOutputBuffer: CWB config passed by cwb_client : tappoint 1  CWB_ROI : (829.000000 4.000000 915.000000 90.000000)
06-08 16:06:31.288  1245 24827 I SDM     : HWCSession::ProcessRequests: Successfully configured CWB buffer.
06-08 16:06:31.300  1245 24827 I SDM     : HWCSession::ProcessRequests: Pushing release fence in fenece wait queue.
06-08 16:06:31.300  1245 24827 I SDM     : HWCSession::ProcessRequests: Creating AsyncFenceWaits async thread.
06-08 16:06:31.300  1245 24827 I SDM     : HWCSession::ProcessRequests: Remove current CWB request from the pending request queue.
06-08 16:06:31.300  1245 24827 I SDM     : HWCSession::ProcessRequests: No pending cwb requests found in the queue.
06-08 16:06:31.306  1245  1464 I SDM     : HWDeviceDRM::SetupConcurrentWriteback: Tear down the Concurrent Writeback topology
06-08 16:06:31.312  1245 24829 I SDM     : HWCSession::NotifyCWBStatus: Notify the client about buffer status 0.
06-08 16:06:31.313  1245 24829 I SDM     : HWCSession::PerformFenceWaits: Remove current release fence from the pending fence wait queue.
06-08 16:06:31.313  1245 24829 I SDM     : HWCSession::PerformFenceWaits: CWB fence queue is empty. No pending release fence to wait on.
06-08 16:06:31.605  1977  2997 D libsensor-displayalgo: the value of  brightness:445.000000,R:5839427.745025,G:5838004.606291,B:5844250.476950,EVENT_C:4564.500000,EVENT_R:1889.000000,EVENT_G:2198.500000,EVENT_B:928.500000
06-08 16:06:31.606  1977  2997 I libsensor-displayalgo: the value of  Coef1:1107.681000,Coef4:2.383000, scale1:0.935522, scale4:0.923264
06-08 16:06:31.606  1977  2997 E libsensor-displayalgo: RGB_black_white_scenario_0822!
06-08 16:06:31.606  1977  2997 I libsensor-displayalgo: the value of  RESULT188.690615,66.047255,101.550253,33.803933
06-08 16:06:31.606  1977  2997 I libsensor-displayalgo: the value of  getChannelDataCalibrated197.945547,61.167198,118.124149,36.938805
06-08 16:06:31.606  1977  2997 I libsensor-displayalgo: the value of  REAL LUX261.486359
06-08 16:06:31.606  1977  2997 I libsensor-displayalgo: the value of  CAL REAL LUX261.486359
06-08 16:06:31.644 23130 23177 W QueryController: Could not detect idle state.
06-08 16:06:31.684  2403  4648 D MIUIInput: Input event injection from pid 23098, MotionEvent: DOWN
06-08 16:06:31.684  2403  2910 D MIUIInput: [MotionEvent] publisher action=0x4, 2069815124, channel '9ede85b NavigationBar0 (server)'
06-08 16:06:31.685  2403  2910 D MIUIInput: [MotionEvent] publisher action=0x0, 2069815124, channel '1e0bc69 cn.missevan/cn.missevan.activity.MainActivity (server)'
06-08 16:06:31.686  1245  2285 I vendor.qti.hardware.display.composer-service: FrameNotifyProcess Sensor: notify citsensorservice to trigger cwb
06-08 16:06:31.686  1977  2106 I libcitsensorservice@2.0-impl: msg_transfer
06-08 16:06:31.686  1977  2987 D vendor.xiaomi.sensor.citsensorservice@2.0-service: handle id:8 wxh:1280x2400 uwxuh:1080x2400 size: 9216000 fd:15 fd_meta:16 flags:0x4000228 usage:0x33  format:0x3 layer_count: 1
06-08 16:06:31.687  1245  3014 I SDM     : HWCSession::SetCWBOutputBuffer: CWB config passed by cwb_client : tappoint 1  CWB_ROI : (829.000000 4.000000 915.000000 90.000000)
06-08 16:06:31.687 23198 23198 D MIUIInput: [MotionEvent] ViewRootImpl windowName 'cn.missevan/cn.missevan.activity.MainActivity', { action=ACTION_DOWN, id[0]=0, pointerCount=1, eventTime=2069815124, downTime=2069815123, phoneEventTime=16:06:31.667 } moveCount:0
06-08 16:06:31.690  2403  4648 D MIUIInput: Input event injection from pid 23098, MotionEvent: UP
06-08 16:06:31.690  2403  2910 D MIUIInput: [MotionEvent] publisher action=0x1, 2069815124, channel '1e0bc69 cn.missevan/cn.missevan.activity.MainActivity (server)'
06-08 16:06:31.691 23198 23198 D MIUIInput: [MotionEvent] ViewRootImpl windowName 'cn.missevan/cn.missevan.activity.MainActivity', { action=ACTION_UP, id[0]=0, pointerCount=1, eventTime=2069815124, downTime=2069815123, phoneEventTime=16:06:31.668 } moveCount:0
06-08 16:06:31.694 23198 23198 I HandWritingStubImpl: isKeyboardTypeChanged: false
06-08 16:06:31.695  1245 24831 I SDM     : HWCSession::ProcessRequests: Successfully configured CWB buffer.
06-08 16:06:31.695 23198 23198 I HandWritingStubImpl: isKeyboardTypeChanged: false
06-08 16:06:31.702  1245 24831 I SDM     : HWCSession::ProcessRequests: Pushing release fence in fenece wait queue.
06-08 16:06:31.703  1245 24831 I SDM     : HWCSession::ProcessRequests: Creating AsyncFenceWaits async thread.
06-08 16:06:31.703  1245 24831 I SDM     : HWCSession::ProcessRequests: Remove current CWB request from the pending request queue.
06-08 16:06:31.704  1245 24831 I SDM     : HWCSession::ProcessRequests: No pending cwb requests found in the queue.
06-08 16:06:31.708  5373 30163 W MiuiPerfServiceClient: interceptAndQueuing:23198|cn.missevan|189|78|2069814376169279|Slow handle traversal|6
06-08 16:06:31.709 23130 23177 I appium  : Waiting up to 100ms for the device to idle
06-08 16:06:31.709  1245  1464 I SDM     : HWDeviceDRM::SetupConcurrentWriteback: Tear down the Concurrent Writeback topology
06-08 16:06:31.716  1245 24832 I SDM     : HWCSession::NotifyCWBStatus: Notify the client about buffer status 0.
06-08 16:06:31.716  1245 24832 I SDM     : HWCSession::PerformFenceWaits: Remove current release fence from the pending fence wait queue.
06-08 16:06:31.716  1245 24832 I SDM     : HWCSession::PerformFenceWaits: CWB fence queue is empty. No pending release fence to wait on.
06-08 16:06:31.905  1977  2997 D libsensor-displayalgo: the value of  brightness:445.000000,R:5839427.745025,G:5838004.606291,B:5844250.476950,EVENT_C:4528.500000,EVENT_R:1879.500000,EVENT_G:2180.500000,EVENT_B:918.000000
06-08 16:06:31.905  1977  2997 I libsensor-displayalgo: the value of  Coef1:1107.681000,Coef4:2.383000, scale1:0.935522, scale4:0.923264
06-08 16:06:31.905  1977  2997 E libsensor-displayalgo: RGB_black_white_scenario_0822!
06-08 16:06:31.905  1977  2997 I libsensor-displayalgo: the value of  RESULT188.690615,66.047255,101.550253,33.803933
06-08 16:06:31.905  1977  2997 I libsensor-displayalgo: the value of  getChannelDataCalibrated197.945547,61.167198,118.124149,36.938805
06-08 16:06:31.905  1977  2997 I libsensor-displayalgo: the value of  REAL LUX259.337799
06-08 16:06:31.905  1977  2997 I libsensor-displayalgo: the value of  CAL REAL LUX259.337799
06-08 16:06:32.197 23130 23177 W QueryController: Could not detect idle state.
06-08 16:06:32.199 23130 23177 I appium  : AppiumResponse: {"sessionId":"64167cd1-e132-43c2-af98-bc8cde7223c5","value":null}
06-08 16:06:32.205  1977  2997 D libsensor-displayalgo: the value of  brightness:445.000000,R:5839427.745025,G:5838004.606291,B:5844250.476950,EVENT_C:4528.500000,EVENT_R:1879.500000,EVENT_G:2180.500000,EVENT_B:918.000000
06-08 16:06:32.205  1977  2997 I libsensor-displayalgo: the value of  Coef1:1107.681000,Coef4:2.383000, scale1:0.935522, scale4:0.923264
06-08 16:06:32.205  1977  2997 E libsensor-displayalgo: RGB_black_white_scenario_0822!
06-08 16:06:32.205  1977  2997 I libsensor-displayalgo: the value of  RESULT188.690615,66.047255,101.550253,33.803933
06-08 16:06:32.205  1977  2997 I libsensor-displayalgo: the value of  getChannelDataCalibrated197.945547,61.167198,118.124149,36.938805
06-08 16:06:32.205  1977  2997 I libsensor-displayalgo: the value of  REAL LUX259.337799
06-08 16:06:32.205  1977  2997 I libsensor-displayalgo: the value of  CAL REAL LUX259.337799
06-08 16:06:32.219 23130 23177 I appium  : channel read: POST /wd/hub/session/64167cd1-e132-43c2-af98-bc8cde7223c5/element
06-08 16:06:32.219 23130 23177 I appium  : FindElement command
06-08 16:06:32.221 23130 23177 I appium  : method: 'id', selector: 'cn.missevan:id/send'
06-08 16:06:32.221 23130 23177 I appium  : Waiting up to 100ms for the device to idle
06-08 16:06:32.236 23130 23177 I appium  : AppiumResponse: {"sessionId":"64167cd1-e132-43c2-af98-bc8cde7223c5","value":{"ELEMENT":"00000000-0000-016f-ffff-ffff00000f7c","element-6066-11e4-a52e-4f735466cecf":"00000000-0000-016f-ffff-ffff00000f7c"}}
06-08 16:06:32.251 23130 23177 I appium  : channel read: POST /wd/hub/session/64167cd1-e132-43c2-af98-bc8cde7223c5/element/00000000-0000-016f-ffff-ffff00000f7c/click
06-08 16:06:32.251 23130 23177 I appium  : Click command
06-08 16:06:32.275  2403  4648 D MIUIInput: Input event injection from pid 23098, MotionEvent: DOWN
06-08 16:06:32.276  2403  2910 D MIUIInput: [MotionEvent] publisher action=0x4, 2069815716, channel '9ede85b NavigationBar0 (server)'
06-08 16:06:32.276  2403  2910 D MIUIInput: [MotionEvent] publisher action=0x0, 2069815716, channel '1e0bc69 cn.missevan/cn.missevan.activity.MainActivity (server)'
06-08 16:06:32.279 23198 23198 D MIUIInput: [MotionEvent] ViewRootImpl windowName 'cn.missevan/cn.missevan.activity.MainActivity', { action=ACTION_DOWN, id[0]=0, pointerCount=1, eventTime=2069815716, downTime=2069815715, phoneEventTime=16:06:32.259 } moveCount:0
06-08 16:06:32.281  1245  2285 I vendor.qti.hardware.display.composer-service: FrameNotifyProcess Sensor: notify citsensorservice to trigger cwb
06-08 16:06:32.281  1977  3798 I libcitsensorservice@2.0-impl: msg_transfer
06-08 16:06:32.282  1977  2987 D vendor.xiaomi.sensor.citsensorservice@2.0-service: handle id:8 wxh:1280x2400 uwxuh:1080x2400 size: 9216000 fd:15 fd_meta:16 flags:0x4000228 usage:0x33  format:0x3 layer_count: 1
06-08 16:06:32.282  1245  3014 I SDM     : HWCSession::SetCWBOutputBuffer: CWB config passed by cwb_client : tappoint 1  CWB_ROI : (829.000000 4.000000 915.000000 90.000000)
06-08 16:06:32.283  2403  4648 D MIUIInput: Input event injection from pid 23098, MotionEvent: UP
06-08 16:06:32.284  2403  2910 D MIUIInput: [MotionEvent] publisher action=0x1, 2069815716, channel '1e0bc69 cn.missevan/cn.missevan.activity.MainActivity (server)'
06-08 16:06:32.284  1245 24834 I SDM     : HWCSession::ProcessRequests: Successfully configured CWB buffer.
06-08 16:06:32.285 23198 23198 D MIUIInput: [MotionEvent] ViewRootImpl windowName 'cn.missevan/cn.missevan.activity.MainActivity', { action=ACTION_UP, id[0]=0, pointerCount=1, eventTime=2069815716, downTime=2069815715, phoneEventTime=16:06:32.259 } moveCount:0
06-08 16:06:32.294  1245 24834 I SDM     : HWCSession::ProcessRequests: Pushing release fence in fenece wait queue.
06-08 16:06:32.296  1245 24834 I SDM     : HWCSession::ProcessRequests: Creating AsyncFenceWaits async thread.
06-08 16:06:32.297  1245 24834 I SDM     : HWCSession::ProcessRequests: Remove current CWB request from the pending request queue.
06-08 16:06:32.298  1245 24834 I SDM     : HWCSession::ProcessRequests: No pending cwb requests found in the queue.
06-08 16:06:32.301  2403  4648 W InputManager-JNI: Input channel object '1e0bc69 cn.missevan/cn.missevan.activity.MainActivity (client)' was disposed without first being removed with the input manager!
06-08 16:06:32.301 23130 23177 I appium  : Waiting up to 100ms for the device to idle
06-08 16:06:32.301  1245  1464 I SDM     : HWDeviceDRM::SetupConcurrentWriteback: Tear down the Concurrent Writeback topology
06-08 16:06:32.308  1245 24835 I SDM     : HWCSession::NotifyCWBStatus: Notify the client about buffer status 0.
06-08 16:06:32.309  1245 24835 I SDM     : HWCSession::PerformFenceWaits: Remove current release fence from the pending fence wait queue.
06-08 16:06:32.309  1245 24835 I SDM     : HWCSession::PerformFenceWaits: CWB fence queue is empty. No pending release fence to wait on.
06-08 16:06:32.309 23130 23177 I appium  : AppiumResponse: {"sessionId":"64167cd1-e132-43c2-af98-bc8cde7223c5","value":null}
06-08 16:06:32.343 23198 23198 D DecorView[MainActivity]: onWindowFocusChanged hasWindowFocus true
06-08 16:06:32.344 23198 23198 I HandWritingStubImpl: isKeyboardTypeChanged: false
06-08 16:06:32.345 23198 23198 I HandWritingStubImpl: refreshLastKeyboardType: 1
06-08 16:06:32.345 23198 23198 I HandWritingStubImpl: getCurrentKeyboardType: 1
06-08 16:06:32.347  7825  7825 E BaseInputMethodService: onFinishInput
06-08 16:06:32.348  7825  7825 E BaseInputMethodService: onStartInput
06-08 16:06:32.348 23198 23198 I HandWritingStubImpl: isKeyboardTypeChanged: false
06-08 16:06:32.505  1977  2997 D libsensor-displayalgo: the value of  brightness:445.000000,R:5839427.745025,G:5838004.606291,B:5844250.476950,EVENT_C:4573.500000,EVENT_R:1893.000000,EVENT_G:2204.500000,EVENT_B:932.500000
