06-08 16:06:32.505  1977  2997 I libsensor-displayalgo: the value of  Coef1:1107.681000,Coef4:2.383000, scale1:0.935522, scale4:0.923264
06-08 16:06:32.505  1977  2997 E libsensor-displayalgo: RGB_black_white_scenario_0822!
06-08 16:06:32.505  1977  2997 I libsensor-displayalgo: the value of  RESULT188.690615,66.047255,101.550253,33.803933
06-08 16:06:32.505  1977  2997 I libsensor-displayalgo: the value of  getChannelDataCalibrated197.945547,61.167198,118.124149,36.938805
06-08 16:06:32.505  1977  2997 I libsensor-displayalgo: the value of  REAL LUX261.918762
06-08 16:06:32.505  1977  2997 I libsensor-displayalgo: the value of  CAL REAL LUX261.918762
06-08 16:06:32.565  7825 24836 W System.err: java.lang.SecurityException: getDataNetworkTypeForSubscriber
06-08 16:06:32.565  7825 24836 W System.err: 	at android.os.Parcel.createExceptionOrNull(Parcel.java:2426)
06-08 16:06:32.565  7825 24836 W System.err: 	at android.os.Parcel.createException(Parcel.java:2410)
06-08 16:06:32.565  7825 24836 W System.err: 	at android.os.Parcel.readException(Parcel.java:2393)
06-08 16:06:32.565  7825 24836 W System.err: 	at android.os.Parcel.readException(Parcel.java:2335)
06-08 16:06:32.565  7825 24836 W System.err: 	at com.android.internal.telephony.ITelephony$Stub$Proxy.getNetworkTypeForSubscriber(ITelephony.java:9323)
06-08 16:06:32.565  7825 24836 W System.err: 	at android.telephony.TelephonyManager.getNetworkType(TelephonyManager.java:2971)
06-08 16:06:32.565  7825 24836 W System.err: 	at android.telephony.TelephonyManager.getNetworkType(TelephonyManager.java:2935)
06-08 16:06:32.565  7825 24836 W System.err: 	at com.sogou.bu.basic.util.InfoManager.t(SogouSource:468)
06-08 16:06:32.565  7825 24836 W System.err: 	at com.sohu.inputmethod.flx.b.n(SogouSource:203)
06-08 16:06:32.565  7825 24836 W System.err: 	at cnh$j.a(SogouSource:750)
06-08 16:06:32.565  7825 24836 W System.err: 	at cnh.a(SogouSource:1931)
06-08 16:06:32.565  7825 24836 W System.err: 	at cnl.a(SogouSource:562)
06-08 16:06:32.565  7825 24836 W System.err: 	at com.sohu.inputmethod.sogou.MainImeServiceDel.hQ(SogouSource:9765)
06-08 16:06:32.565  7825 24836 W System.err: 	at com.sohu.inputmethod.sogou.MainImeServiceDel.lambda$hDNuEpXxMoRkwa0gwYA6-uVthVo(Unknown Source:0)
06-08 16:06:32.565  7825 24836 W System.err: 	at com.sohu.inputmethod.sogou.-$$Lambda$MainImeServiceDel$hDNuEpXxMoRkwa0gwYA6-uVthVo.call(Unknown Source:2)
06-08 16:06:32.565  7825 24836 W System.err: 	at bad.call(SogouSource:82)
06-08 16:06:32.565  7825 24836 W System.err: 	at bab.a(SogouSource:143)
06-08 16:06:32.565  7825 24836 W System.err: 	at bab.a(SogouSource:128)
06-08 16:06:32.565  7825 24836 W System.err: 	at bay$a.run(SogouSource:77)
06-08 16:06:32.565  7825 24836 W System.err: 	at bbd.run(SogouSource:70)
06-08 16:06:32.565  7825 24836 W System.err: 	at java.util.concurrent.ThreadPoolExecutor.runWorker(ThreadPoolExecutor.java:1167)
06-08 16:06:32.566  7825 24836 W System.err: 	at java.util.concurrent.ThreadPoolExecutor$Worker.run(ThreadPoolExecutor.java:641)
06-08 16:06:32.566  7825 24836 W System.err: 	at java.lang.Thread.run(Thread.java:920)
06-08 16:06:32.581  1245  2285 I vendor.qti.hardware.display.composer-service: FrameNotifyProcess Sensor: notify citsensorservice to trigger cwb
06-08 16:06:32.582  1977  3798 I libcitsensorservice@2.0-impl: msg_transfer
06-08 16:06:32.583  1977  2987 D vendor.xiaomi.sensor.citsensorservice@2.0-service: handle id:8 wxh:1280x2400 uwxuh:1080x2400 size: 9216000 fd:15 fd_meta:16 flags:0x4000228 usage:0x33  format:0x3 layer_count: 1
06-08 16:06:32.584  1245  3014 I SDM     : HWCSession::SetCWBOutputBuffer: CWB config passed by cwb_client : tappoint 1  CWB_ROI : (829.000000 4.000000 915.000000 90.000000)
06-08 16:06:32.587  1245 24839 I SDM     : HWCSession::ProcessRequests: Successfully configured CWB buffer.
06-08 16:06:32.592  1245 24839 I SDM     : HWCSession::ProcessRequests: Pushing release fence in fenece wait queue.
06-08 16:06:32.592  1245 24839 I SDM     : HWCSession::ProcessRequests: Creating AsyncFenceWaits async thread.
06-08 16:06:32.593  1245 24839 I SDM     : HWCSession::ProcessRequests: Remove current CWB request from the pending request queue.
06-08 16:06:32.593  1245 24839 I SDM     : HWCSession::ProcessRequests: No pending cwb requests found in the queue.
06-08 16:06:32.597  1245  1464 I SDM     : HWDeviceDRM::SetupConcurrentWriteback: Tear down the Concurrent Writeback topology
06-08 16:06:32.605  1245 24840 I SDM     : HWCSession::NotifyCWBStatus: Notify the client about buffer status 0.
06-08 16:06:32.605  1245 24840 I SDM     : HWCSession::PerformFenceWaits: Remove current release fence from the pending fence wait queue.
06-08 16:06:32.605  1245 24840 I SDM     : HWCSession::PerformFenceWaits: CWB fence queue is empty. No pending release fence to wait on.
06-08 16:06:32.704  4164  4173 I ndroid.systemu: This is sticky GC, maxfree is 8388608 minfree is 2097152
06-08 16:06:32.805  1977  2997 D libsensor-displayalgo: the value of  brightness:445.000000,R:22437417.076120,G:22354906.385929,B:22600820.972721,EVENT_C:5872.000000,EVENT_R:2345.500000,EVENT_G:2905.500000,EVENT_B:1181.500000
06-08 16:06:32.805  1977  2997 I libsensor-displayalgo: the value of  Coef1:1107.681000,Coef4:2.383000, scale1:0.935522, scale4:0.923264
06-08 16:06:32.805  1977  2997 E libsensor-displayalgo: RGB_test_0407_400_oldzy!
06-08 16:06:32.805  1977  2997 I libsensor-displayalgo: the value of  RESULT1347.518564,523.559843,684.315188,234.217640
06-08 16:06:32.805  1977  2997 I libsensor-displayalgo: the value of  getChannelDataCalibrated1413.611901,484.875390,796.001455,255.938260
06-08 16:06:32.805  1977  2997 I libsensor-displayalgo: the value of  REAL LUX265.294250
06-08 16:06:32.805  1977  2997 I libsensor-displayalgo: the value of  CAL REAL LUX265.294250
06-08 16:06:32.853  2403  4239 I WindowManagerService: Physical orientation applied, rotation=0 sfOrientation=ORIENTATION_0
06-08 16:06:32.885  1245  2285 I vendor.qti.hardware.display.composer-service: FrameNotifyProcess Sensor: notify citsensorservice to trigger cwb
06-08 16:06:32.886  1977 18363 I libcitsensorservice@2.0-impl: msg_transfer
06-08 16:06:32.887  1977  2987 D vendor.xiaomi.sensor.citsensorservice@2.0-service: handle id:8 wxh:1280x2400 uwxuh:1080x2400 size: 9216000 fd:15 fd_meta:16 flags:0x4000228 usage:0x33  format:0x3 layer_count: 1
06-08 16:06:32.887  1245  3014 I SDM     : HWCSession::SetCWBOutputBuffer: CWB config passed by cwb_client : tappoint 1  CWB_ROI : (829.000000 4.000000 915.000000 90.000000)
06-08 16:06:32.890  1245 24843 I SDM     : HWCSession::ProcessRequests: Successfully configured CWB buffer.
06-08 16:06:32.897  1245 24843 I SDM     : HWCSession::ProcessRequests: Pushing release fence in fenece wait queue.
06-08 16:06:32.899  1245 24843 I SDM     : HWCSession::ProcessRequests: Creating AsyncFenceWaits async thread.
06-08 16:06:32.901  1245 24843 I SDM     : HWCSession::ProcessRequests: Remove current CWB request from the pending request queue.
06-08 16:06:32.902  1245 24843 I SDM     : HWCSession::ProcessRequests: No pending cwb requests found in the queue.
06-08 16:06:32.903  1245  1464 I SDM     : HWDeviceDRM::SetupConcurrentWriteback: Tear down the Concurrent Writeback topology
06-08 16:06:32.909  1245 24844 I SDM     : HWCSession::NotifyCWBStatus: Notify the client about buffer status 0.
06-08 16:06:32.910  1245 24844 I SDM     : HWCSession::PerformFenceWaits: Remove current release fence from the pending fence wait queue.
06-08 16:06:32.910  1245 24844 I SDM     : HWCSession::PerformFenceWaits: CWB fence queue is empty. No pending release fence to wait on.
06-08 16:06:32.964  2403  2923 I BatteryService: current mPlugType2current mHealthInfo.batteryLevel93current mHealthInfo.batteryTemperature373
06-08 16:06:32.969  4125  4125 D DynamicService:  ACTION_BATTERY_CHANGED change,USB plug = 2
06-08 16:06:32.972  5823  7760 D ThermalIECHandler: storeDataStyle: thermal_iec_monitor_persistence_data_style_iec_state; startIECTime: -1; IECScreenOffOverPeriodTime: 3035475955
06-08 16:06:32.969  4056  4056 D QtiCarrierConfigHelper: WARNING, no carrier configs on phone Id: 1
06-08 16:06:32.975  5823  7357 D PowerCheckerService: onBatteryChanged, mBatteryLevel = 93, status = 2, level = 93, plug = 2, scale = 100
06-08 16:06:32.975  5823  6819 D PowerKeeper.FrozenApp: onBatteryChanged plug=true mBatteryPlugged=2
06-08 16:06:32.976  5823  7671 D PowerKeeper.Thermal: mBatteryTemperature: 37
06-08 16:06:32.977  4098  4098 V DeviceStatisticsService: chargerType=2 batteryLevel=93 totalBatteryCapacity=4110700
06-08 16:06:32.977  4098  4098 D DeviceInfoHidlClient: isRadioOn()=true
06-08 16:06:32.977  4098  4098 I DeviceInfoHidlClient: isPowerInfoNeverSent=false batteryLevel=93 batteryLevelIndex=6 chargingMode=2 totalCapacity=4110700 powerSaveMode=false
06-08 16:06:32.980  5786  5786 I BatteryInfoReceiver: ACTION_BATTERY_CHANGED
06-08 16:06:32.982  5786  5786 I PowerNoticeUI: handleBatteryChanged oldPlugType 2 mPlugType 2 oldBatteryLevel 93 mBatteryLevel 93 temperature 373
06-08 16:06:32.984  5786  8362 I android_os_HwBinder: HwBinder: Starting thread pool for getting: vendor.xiaomi.hardware.micharge@1.0::IMiCharge/default
06-08 16:06:32.984  1307  1307 I vendor.xiaomi.hardware.micharge@1.0-service: ReadFilePathValue path = /sys/class/qcom-battery/night_charging value = 0
06-08 16:06:32.987  5786  8362 I ChargeProtectionUtils: getNightChargingState: 0
06-08 16:06:32.990  2403  2605 I android_os_HwBinder: HwBinder: Starting thread pool for getting: vendor.xiaomi.hardware.micharge@1.0::IMiCharge/default
06-08 16:06:32.992  1307  1307 E vendor.xiaomi.hardware.micharge@1.0-service: Failed to open node /sys/class/qcom-battery/reverse_chg_mode
06-08 16:06:32.992  1307  1307 I vendor.xiaomi.hardware.micharge@1.0-service: ReadFilePathValue path = /sys/class/qcom-battery/reverse_chg_mode value =
06-08 16:06:32.997  2403  2605 I android_os_HwBinder: HwBinder: Starting thread pool for getting: vendor.xiaomi.hardware.micharge@1.0::IMiCharge/default
06-08 16:06:32.997  1307  1307 I vendor.xiaomi.hardware.micharge@1.0-service: ReadFilePathValue path = /sys/class/qcom-battery/fastchg_mode value = 0
06-08 16:06:33.105  1977  2997 D libsensor-displayalgo: the value of  brightness:445.000000,R:83161860.091973,G:83161860.091973,B:83161860.091973,EVENT_C:7551.500000,EVENT_R:2902.500000,EVENT_G:3814.500000,EVENT_B:1531.000000
06-08 16:06:33.105  1977  2997 I libsensor-displayalgo: the value of  Coef1:1107.681000,Coef4:2.383000, scale1:0.935522, scale4:0.923264
06-08 16:06:33.105  1977  2997 E libsensor-displayalgo: RGB_test_0407_400_oldzy!
06-08 16:06:33.106  1977  2997 I libsensor-displayalgo: the value of  RESULT3304.702366,1296.973505,1593.735561,598.660924
06-08 16:06:33.106  1977  2997 I libsensor-displayalgo: the value of  getChannelDataCalibrated3466.792012,1201.143561,1853.847246,654.178887
06-08 16:06:33.106  1977  2997 I libsensor-displayalgo: the value of  REAL LUX242.113556
06-08 16:06:33.106  1977  2997 I libsensor-displayalgo: the value of  CAL REAL LUX242.113556
06-08 16:06:33.124 22052 22614 I SmartThreadExecutor: handleMessage: start check 0
06-08 16:06:33.124 22052 22614 I SmartThreadExecutor: handleMessage: check end 0 -84 false
06-08 16:06:33.193  1245  2285 I vendor.qti.hardware.display.composer-service: FrameNotifyProcess Sensor: notify citsensorservice to trigger cwb
06-08 16:06:33.193  1977  2106 I libcitsensorservice@2.0-impl: msg_transfer
06-08 16:06:33.194  1977  2987 D vendor.xiaomi.sensor.citsensorservice@2.0-service: handle id:8 wxh:1280x2400 uwxuh:1080x2400 size: 9216000 fd:15 fd_meta:16 flags:0x4000228 usage:0x33  format:0x3 layer_count: 1
06-08 16:06:33.194  1245  3014 I SDM     : HWCSession::SetCWBOutputBuffer: CWB config passed by cwb_client : tappoint 1  CWB_ROI : (829.000000 4.000000 915.000000 90.000000)
06-08 16:06:33.197  1245 24846 I SDM     : HWCSession::ProcessRequests: Successfully configured CWB buffer.
06-08 16:06:33.204  1245 24846 I SDM     : HWCSession::ProcessRequests: Pushing release fence in fenece wait queue.
06-08 16:06:33.205  1245 24846 I SDM     : HWCSession::ProcessRequests: Creating AsyncFenceWaits async thread.
06-08 16:06:33.209  1245 24846 I SDM     : HWCSession::ProcessRequests: Remove current CWB request from the pending request queue.
06-08 16:06:33.209  1245  1464 I SDM     : HWDeviceDRM::SetupConcurrentWriteback: Tear down the Concurrent Writeback topology
06-08 16:06:33.210  1245 24846 I SDM     : HWCSession::ProcessRequests: No pending cwb requests found in the queue.
06-08 16:06:33.214  1245 24847 I SDM     : HWCSession::NotifyCWBStatus: Notify the client about buffer status 0.
06-08 16:06:33.215  1245 24847 I SDM     : HWCSession::PerformFenceWaits: Remove current release fence from the pending fence wait queue.
06-08 16:06:33.215  1245 24847 I SDM     : HWCSession::PerformFenceWaits: CWB fence queue is empty. No pending release fence to wait on.
06-08 16:06:33.342 23130 23177 I appium  : channel read: POST /wd/hub/session/64167cd1-e132-43c2-af98-bc8cde7223c5/element
06-08 16:06:33.343 23130 23177 I appium  : FindElement command
06-08 16:06:33.349 23130 23177 I appium  : method: 'id', selector: 'cn.missevan:id/content'
06-08 16:06:33.349 23130 23177 I appium  : Waiting up to 100ms for the device to idle
06-08 16:06:33.505  1977  2997 D libsensor-displayalgo: the value of  brightness:445.000000,R:83161860.091973,G:83161860.091973,B:83161860.091973,EVENT_C:7604.000000,EVENT_R:2922.000000,EVENT_G:3845.500000,EVENT_B:1549.000000
06-08 16:06:33.505  1977  2997 I libsensor-displayalgo: the value of  Coef1:1107.681000,Coef4:2.383000, scale1:0.935522, scale4:0.923264
06-08 16:06:33.505  1977  2997 E libsensor-displayalgo: RGB_test_0407_400_oldzy!
06-08 16:06:33.506  1977  2997 I libsensor-displayalgo: the value of  RESULT3304.702366,1296.973505,1593.735561,598.660924
06-08 16:06:33.506  1977  2997 I libsensor-displayalgo: the value of  getChannelDataCalibrated3466.792012,1201.143561,1853.847246,654.178887
06-08 16:06:33.506  1977  2997 I libsensor-displayalgo: the value of  REAL LUX245.031815
06-08 16:06:33.506  1977  2997 I libsensor-displayalgo: the value of  CAL REAL LUX245.031815
06-08 16:06:33.614  1245  2285 I vendor.qti.hardware.display.composer-service: FrameNotifyProcess Sensor: notify citsensorservice to trigger cwb
06-08 16:06:33.614  1977  2106 I libcitsensorservice@2.0-impl: msg_transfer
06-08 16:06:33.615  1977  2987 D vendor.xiaomi.sensor.citsensorservice@2.0-service: handle id:8 wxh:1280x2400 uwxuh:1080x2400 size: 9216000 fd:15 fd_meta:16 flags:0x4000228 usage:0x33  format:0x3 layer_count: 1
06-08 16:06:33.615  1245  3014 I SDM     : HWCSession::SetCWBOutputBuffer: CWB config passed by cwb_client : tappoint 1  CWB_ROI : (829.000000 4.000000 915.000000 90.000000)
06-08 16:06:33.616  1245 24848 I SDM     : HWCSession::ProcessRequests: Successfully configured CWB buffer.
06-08 16:06:33.622  1245 24848 I SDM     : HWCSession::ProcessRequests: Pushing release fence in fenece wait queue.
06-08 16:06:33.622  1245  2285 I vendor.qti.hardware.display.composer-service: FrameNotifyProcess Sensor: notify citsensorservice to trigger cwb
06-08 16:06:33.622  1245 24848 I SDM     : HWCSession::ProcessRequests: Creating AsyncFenceWaits async thread.
06-08 16:06:33.622  1977  2106 I libcitsensorservice@2.0-impl: msg_transfer
06-08 16:06:33.623  1245 24848 I SDM     : HWCSession::ProcessRequests: Remove current CWB request from the pending request queue.
06-08 16:06:33.623  1245 24848 I SDM     : HWCSession::ProcessRequests: No pending cwb requests found in the queue.
06-08 16:06:33.626  1245  1464 I SDM     : HWDeviceDRM::SetupConcurrentWriteback: Tear down the Concurrent Writeback topology
06-08 16:06:33.642  1245 24850 I SDM     : HWCSession::NotifyCWBStatus: Notify the client about buffer status 0.
06-08 16:06:33.642  1245 24850 I SDM     : HWCSession::PerformFenceWaits: Remove current release fence from the pending fence wait queue.
06-08 16:06:33.642  1245 24850 I SDM     : HWCSession::PerformFenceWaits: CWB fence queue is empty. No pending release fence to wait on.
06-08 16:06:33.710 23130 23177 W QueryController: Could not detect idle state.
06-08 16:06:33.793 23130 23177 I appium  : AppiumResponse: {"sessionId":"64167cd1-e132-43c2-af98-bc8cde7223c5","value":{"ELEMENT":"00000000-0000-015a-ffff-ffff00000fd0","element-6066-11e4-a52e-4f735466cecf":"00000000-0000-015a-ffff-ffff00000fd0"}}
06-08 16:06:33.805  1977  2997 D libsensor-displayalgo: the value of  brightness:445.000000,R:83161860.091973,G:83161860.091973,B:83161860.091973,EVENT_C:7607.000000,EVENT_R:2919.500000,EVENT_G:3843.500000,EVENT_B:1549.000000
06-08 16:06:33.805  1977  2997 I libsensor-displayalgo: the value of  Coef1:1107.681000,Coef4:2.383000, scale1:0.935522, scale4:0.923264
06-08 16:06:33.805  1977  2997 E libsensor-displayalgo: RGB_test_0407_400_oldzy!
06-08 16:06:33.805  1977  2997 I libsensor-displayalgo: the value of  RESULT3304.702366,1296.973505,1593.735561,598.660924
06-08 16:06:33.805  1977  2997 I libsensor-displayalgo: the value of  getChannelDataCalibrated3466.792012,1201.143561,1853.847246,654.178887
06-08 16:06:33.805  1977  2997 I libsensor-displayalgo: the value of  REAL LUX245.246780
06-08 16:06:33.805  1977  2997 I libsensor-displayalgo: the value of  CAL REAL LUX245.246780
06-08 16:06:33.825 23130 23177 I appium  : channel read: GET /wd/hub/session/64167cd1-e132-43c2-af98-bc8cde7223c5/element/00000000-0000-015a-ffff-ffff00000fd0/text
06-08 16:06:33.828 23130 23177 I appium  : GetText command
06-08 16:06:33.842 23130 23177 I appium  : AppiumResponse: {"sessionId":"64167cd1-e132-43c2-af98-bc8cde7223c5","value":"[收听]"}
06-08 16:06:33.872 23130 23177 I appium  : channel read: POST /wd/hub/session/64167cd1-e132-43c2-af98-bc8cde7223c5/element
06-08 16:06:33.875 23130 23177 I appium  : FindElement command
06-08 16:06:33.881 23130 23177 I appium  : method: 'id', selector: 'cn.missevan:id/like_num'
06-08 16:06:33.883 23130 23177 I appium  : Waiting up to 100ms for the device to idle
06-08 16:06:33.964 23130 23177 I appium  : AppiumResponse: {"sessionId":"64167cd1-e132-43c2-af98-bc8cde7223c5","value":{"ELEMENT":"00000000-0000-015a-ffff-ffff00000fcd","element-6066-11e4-a52e-4f735466cecf":"00000000-0000-015a-ffff-ffff00000fcd"}}
06-08 16:06:33.979 23130 23177 I appium  : channel read: POST /wd/hub/session/64167cd1-e132-43c2-af98-bc8cde7223c5/element/00000000-0000-015a-ffff-ffff00000fcd/click
06-08 16:06:33.980 23130 23177 I appium  : Click command
06-08 16:06:34.012  2403  5876 D MIUIInput: Input event injection from pid 23098, MotionEvent: DOWN
06-08 16:06:34.014  2403  2910 D MIUIInput: [MotionEvent] publisher action=0x4, 2069817455, channel '9ede85b NavigationBar0 (server)'
06-08 16:06:34.014  2403  2910 D MIUIInput: [MotionEvent] publisher action=0x0, 2069817455, channel '754dc9c cn.missevan/cn.missevan.activity.MainActivity (server)'
06-08 16:06:34.017 23198 23198 D MIUIInput: [MotionEvent] ViewRootImpl windowName 'cn.missevan/cn.missevan.activity.MainActivity', { action=ACTION_DOWN, id[0]=0, pointerCount=1, eventTime=2069817455, downTime=2069817454, phoneEventTime=16:06:33.998 } moveCount:0
06-08 16:06:34.018  1245  2285 I vendor.qti.hardware.display.composer-service: FrameNotifyProcess Sensor: notify citsensorservice to trigger cwb
06-08 16:06:34.018  1977 18363 I libcitsensorservice@2.0-impl: msg_transfer
06-08 16:06:34.018  1977  2987 D vendor.xiaomi.sensor.citsensorservice@2.0-service: handle id:8 wxh:1280x2400 uwxuh:1080x2400 size: 9216000 fd:15 fd_meta:16 flags:0x4000228 usage:0x33  format:0x3 layer_count: 1
06-08 16:06:34.019  1245  3014 I SDM     : HWCSession::SetCWBOutputBuffer: CWB config passed by cwb_client : tappoint 1  CWB_ROI : (829.000000 4.000000 915.000000 90.000000)
06-08 16:06:34.021  1245 24852 I SDM     : HWCSession::ProcessRequests: Successfully configured CWB buffer.
06-08 16:06:34.025  2403  5876 D MIUIInput: Input event injection from pid 23098, MotionEvent: UP
06-08 16:06:34.026  2403  2910 D MIUIInput: [MotionEvent] publisher action=0x1, 2069817455, channel '754dc9c cn.missevan/cn.missevan.activity.MainActivity (server)'
06-08 16:06:34.027 23198 23198 D MIUIInput: [MotionEvent] ViewRootImpl windowName 'cn.missevan/cn.missevan.activity.MainActivity', { action=ACTION_UP, id[0]=0, pointerCount=1, eventTime=2069817455, downTime=2069817454, phoneEventTime=16:06:33.998 } moveCount:0
06-08 16:06:34.027 23198 23198 E cn.missevan: No package ID ff found for ID 0xffffffff.
06-08 16:06:34.033  1245 24852 I SDM     : HWCSession::ProcessRequests: Pushing release fence in fenece wait queue.
06-08 16:06:34.034  1245 24852 I SDM     : HWCSession::ProcessRequests: Creating AsyncFenceWaits async thread.
06-08 16:06:34.034  1245 24852 I SDM     : HWCSession::ProcessRequests: Remove current CWB request from the pending request queue.
06-08 16:06:34.034  1245 24852 I SDM     : HWCSession::ProcessRequests: No pending cwb requests found in the queue.
06-08 16:06:34.038  1245  1464 I SDM     : HWDeviceDRM::SetupConcurrentWriteback: Tear down the Concurrent Writeback topology
06-08 16:06:34.040  5373 30163 W MiuiPerfServiceClient: interceptAndQueuing:23198|cn.missevan|114|70|2069816326325737|Slow handle traversal|2
06-08 16:06:34.045  1245 24853 I SDM     : HWCSession::NotifyCWBStatus: Notify the client about buffer status 0.
06-08 16:06:34.046  1245 24853 I SDM     : HWCSession::PerformFenceWaits: Remove current release fence from the pending fence wait queue.
06-08 16:06:34.046  1245 24853 I SDM     : HWCSession::PerformFenceWaits: CWB fence queue is empty. No pending release fence to wait on.
06-08 16:06:34.046 23130 23177 I appium  : Waiting up to 100ms for the device to idle
06-08 16:06:34.106  1977  2997 D libsensor-displayalgo: the value of  brightness:445.000000,R:83161860.091973,G:83161860.091973,B:83161860.091973,EVENT_C:7567.000000,EVENT_R:2906.000000,EVENT_G:3824.000000,EVENT_B:1538.000000
06-08 16:06:34.106  1977  2997 I libsensor-displayalgo: the value of  Coef1:1107.681000,Coef4:2.383000, scale1:0.935522, scale4:0.923264
06-08 16:06:34.106  1977  2997 E libsensor-displayalgo: RGB_test_0407_400_oldzy!
06-08 16:06:34.107  1977  2997 I libsensor-displayalgo: the value of  RESULT3304.702366,1296.973505,1593.735561,598.660924
06-08 16:06:34.107  1977  2997 I libsensor-displayalgo: the value of  getChannelDataCalibrated3466.792012,1201.143561,1853.847246,654.178887
06-08 16:06:34.107  1977  2997 I libsensor-displayalgo: the value of  REAL LUX242.939102
06-08 16:06:34.107  1977  2997 I libsensor-displayalgo: the value of  CAL REAL LUX242.939102
06-08 16:06:34.167 23130 23177 W QueryController: Could not detect idle state.
06-08 16:06:34.169 23130 23177 I appium  : AppiumResponse: {"sessionId":"64167cd1-e132-43c2-af98-bc8cde7223c5","value":null}
06-08 16:06:34.182 23130 23177 I appium  : channel read: POST /wd/hub/session/64167cd1-e132-43c2-af98-bc8cde7223c5/element
06-08 16:06:34.184 23130 23177 I appium  : FindElement command
06-08 16:06:34.188 23130 23177 I appium  : method: 'id', selector: 'cn.missevan:id/dislike'
06-08 16:06:34.189 23130 23177 I appium  : Waiting up to 100ms for the device to idle
06-08 16:06:34.338  1245  2285 I vendor.qti.hardware.display.composer-service: FrameNotifyProcess Sensor: notify citsensorservice to trigger cwb
06-08 16:06:34.339  1977  2106 I libcitsensorservice@2.0-impl: msg_transfer
06-08 16:06:34.339  1977  2987 D vendor.xiaomi.sensor.citsensorservice@2.0-service: handle id:8 wxh:1280x2400 uwxuh:1080x2400 size: 9216000 fd:15 fd_meta:16 flags:0x4000228 usage:0x33  format:0x3 layer_count: 1
06-08 16:06:34.340  1245  3014 I SDM     : HWCSession::SetCWBOutputBuffer: CWB config passed by cwb_client : tappoint 1  CWB_ROI : (829.000000 4.000000 915.000000 90.000000)
06-08 16:06:34.343  1245 24854 I SDM     : HWCSession::ProcessRequests: Successfully configured CWB buffer.
06-08 16:06:34.353  1245  2285 I vendor.qti.hardware.display.composer-service: FrameNotifyProcess Sensor: notify citsensorservice to trigger cwb
06-08 16:06:34.353  1977  2106 I libcitsensorservice@2.0-impl: msg_transfer
06-08 16:06:34.353  1245 24854 I SDM     : HWCSession::ProcessRequests: Pushing release fence in fenece wait queue.
06-08 16:06:34.353  1245 24854 I SDM     : HWCSession::ProcessRequests: Creating AsyncFenceWaits async thread.
06-08 16:06:34.354  1245 24854 I SDM     : HWCSession::ProcessRequests: Remove current CWB request from the pending request queue.
06-08 16:06:34.354  1245 24854 I SDM     : HWCSession::ProcessRequests: No pending cwb requests found in the queue.
06-08 16:06:34.359  1245  1464 I SDM     : HWDeviceDRM::SetupConcurrentWriteback: Tear down the Concurrent Writeback topology
06-08 16:06:34.366  1245 24856 I SDM     : HWCSession::NotifyCWBStatus: Notify the client about buffer status 0.
06-08 16:06:34.367  1245 24856 I SDM     : HWCSession::PerformFenceWaits: Remove current release fence from the pending fence wait queue.
06-08 16:06:34.367  1245 24856 I SDM     : HWCSession::PerformFenceWaits: CWB fence queue is empty. No pending release fence to wait on.
06-08 16:06:34.406  1977  2997 D libsensor-displayalgo: the value of  brightness:445.000000,R:83161860.091973,G:83161860.091973,B:83161860.091973,EVENT_C:7558.500000,EVENT_R:2907.500000,EVENT_G:3820.000000,EVENT_B:1534.000000
06-08 16:06:34.406  1977  2997 I libsensor-displayalgo: the value of  Coef1:1107.681000,Coef4:2.383000, scale1:0.935522, scale4:0.923264
06-08 16:06:34.406  1977  2997 E libsensor-displayalgo: RGB_test_0407_400_oldzy!
06-08 16:06:34.407  1977  2997 I libsensor-displayalgo: the value of  RESULT3304.702366,1296.973505,1593.735561,598.660924
06-08 16:06:34.407  1977  2997 I libsensor-displayalgo: the value of  getChannelDataCalibrated3466.792012,1201.143561,1853.847246,654.178887
06-08 16:06:34.407  1977  2997 I libsensor-displayalgo: the value of  REAL LUX242.425598
06-08 16:06:34.407  1977  2997 I libsensor-displayalgo: the value of  CAL REAL LUX242.425598
06-08 16:06:34.773 23130 23177 W QueryController: Could not detect idle state.
06-08 16:06:34.781  1245  2285 I vendor.qti.hardware.display.composer-service: FrameNotifyProcess Sensor: notify citsensorservice to trigger cwb
06-08 16:06:34.782  1977  2106 I libcitsensorservice@2.0-impl: msg_transfer
06-08 16:06:34.783  1977  2987 D vendor.xiaomi.sensor.citsensorservice@2.0-service: handle id:8 wxh:1280x2400 uwxuh:1080x2400 size: 9216000 fd:15 fd_meta:16 flags:0x4000228 usage:0x33  format:0x3 layer_count: 1
06-08 16:06:34.783  1245  3014 I SDM     : HWCSession::SetCWBOutputBuffer: CWB config passed by cwb_client : tappoint 1  CWB_ROI : (829.000000 4.000000 915.000000 90.000000)
06-08 16:06:34.784  1245 24858 I SDM     : HWCSession::ProcessRequests: Successfully configured CWB buffer.
06-08 16:06:34.790  1245 24858 I SDM     : HWCSession::ProcessRequests: Pushing release fence in fenece wait queue.
06-08 16:06:34.790  1245 24858 I SDM     : HWCSession::ProcessRequests: Creating AsyncFenceWaits async thread.
06-08 16:06:34.791  1245 24858 I SDM     : HWCSession::ProcessRequests: Remove current CWB request from the pending request queue.
06-08 16:06:34.791  1245 24858 I SDM     : HWCSession::ProcessRequests: No pending cwb requests found in the queue.
06-08 16:06:34.796  1245  1464 I SDM     : HWDeviceDRM::SetupConcurrentWriteback: Tear down the Concurrent Writeback topology
06-08 16:06:34.802  1245 24859 I SDM     : HWCSession::NotifyCWBStatus: Notify the client about buffer status 0.
06-08 16:06:34.803  1245 24859 I SDM     : HWCSession::PerformFenceWaits: Remove current release fence from the pending fence wait queue.
06-08 16:06:34.803  1245 24859 I SDM     : HWCSession::PerformFenceWaits: CWB fence queue is empty. No pending release fence to wait on.
06-08 16:06:34.805  1977  2997 D libsensor-displayalgo: the value of  brightness:445.000000,R:83161860.091973,G:83161860.091973,B:83161860.091973,EVENT_C:7558.500000,EVENT_R:2907.500000,EVENT_G:3820.000000,EVENT_B:1534.000000
06-08 16:06:34.805  1977  2997 I libsensor-displayalgo: the value of  Coef1:1107.681000,Coef4:2.383000, scale1:0.935522, scale4:0.923264
06-08 16:06:34.805  1977  2997 E libsensor-displayalgo: RGB_test_0407_400_oldzy!
06-08 16:06:34.805  1977  2997 I libsensor-displayalgo: the value of  RESULT3304.702366,1296.973505,1593.735561,598.660924
06-08 16:06:34.805  1977  2997 I libsensor-displayalgo: the value of  getChannelDataCalibrated3466.792012,1201.143561,1853.847246,654.178887
06-08 16:06:34.805  1977  2997 I libsensor-displayalgo: the value of  REAL LUX242.425598
06-08 16:06:34.805  1977  2997 I libsensor-displayalgo: the value of  CAL REAL LUX242.425598
06-08 16:06:34.810  2403  4239 W InputManager-JNI: Input channel object '2f7bd8b Toast (client)' was disposed without first being removed with the input manager!
06-08 16:06:34.830  2403  4239 W NotificationService: Toast already killed. pkg=cn.missevan token=android.os.BinderProxy@9531c5f
06-08 16:06:34.882 23130 23177 I appium  : AppiumResponse: {"sessionId":"64167cd1-e132-43c2-af98-bc8cde7223c5","value":{"ELEMENT":"00000000-0000-015a-ffff-ffff00000fce","element-6066-11e4-a52e-4f735466cecf":"00000000-0000-015a-ffff-ffff00000fce"}}
06-08 16:06:34.907 23130 23177 I appium  : channel read: POST /wd/hub/session/64167cd1-e132-43c2-af98-bc8cde7223c5/element/00000000-0000-015a-ffff-ffff00000fce/click
06-08 16:06:34.908 23130 23177 I appium  : Click command
06-08 16:06:35.085  1245  2285 I vendor.qti.hardware.display.composer-service: FrameNotifyProcess Sensor: notify citsensorservice to trigger cwb
06-08 16:06:35.086  1977  2106 I libcitsensorservice@2.0-impl: msg_transfer
06-08 16:06:35.086  1977  2987 D vendor.xiaomi.sensor.citsensorservice@2.0-service: handle id:8 wxh:1280x2400 uwxuh:1080x2400 size: 9216000 fd:15 fd_meta:16 flags:0x4000228 usage:0x33  format:0x3 layer_count: 1
06-08 16:06:35.086  1245  3014 I SDM     : HWCSession::SetCWBOutputBuffer: CWB config passed by cwb_client : tappoint 1  CWB_ROI : (829.000000 4.000000 915.000000 90.000000)
06-08 16:06:35.088  1245 24860 I SDM     : HWCSession::ProcessRequests: Successfully configured CWB buffer.
06-08 16:06:35.095  1245 24860 I SDM     : HWCSession::ProcessRequests: Pushing release fence in fenece wait queue.
06-08 16:06:35.095  1245 24860 I SDM     : HWCSession::ProcessRequests: Creating AsyncFenceWaits async thread.
06-08 16:06:35.095  1245 24860 I SDM     : HWCSession::ProcessRequests: Remove current CWB request from the pending request queue.
06-08 16:06:35.096  1245 24860 I SDM     : HWCSession::ProcessRequests: No pending cwb requests found in the queue.
06-08 16:06:35.100  1245  1464 I SDM     : HWDeviceDRM::SetupConcurrentWriteback: Tear down the Concurrent Writeback topology
06-08 16:06:35.104  1977  2997 D libsensor-displayalgo: the value of  brightness:445.000000,R:83161860.091973,G:83161860.091973,B:83161860.091973,EVENT_C:7587.000000,EVENT_R:2915.000000,EVENT_G:3836.500000,EVENT_B:1541.000000
06-08 16:06:35.104  1977  2997 I libsensor-displayalgo: the value of  Coef1:1107.681000,Coef4:2.383000, scale1:0.935522, scale4:0.923264
06-08 16:06:35.104  1977  2997 E libsensor-displayalgo: RGB_test_0407_400_oldzy!
06-08 16:06:35.105  1977  2997 I libsensor-displayalgo: the value of  RESULT3304.702366,1296.973505,1593.735561,598.660924
06-08 16:06:35.105  1977  2997 I libsensor-displayalgo: the value of  getChannelDataCalibrated3466.792012,1201.143561,1853.847246,654.178887
06-08 16:06:35.105  1977  2997 I libsensor-displayalgo: the value of  REAL LUX244.336304
06-08 16:06:35.105  1977  2997 I libsensor-displayalgo: the value of  CAL REAL LUX244.336304
06-08 16:06:35.108  1245 24861 I SDM     : HWCSession::NotifyCWBStatus: Notify the client about buffer status 0.
06-08 16:06:35.112  1245 24861 I SDM     : HWCSession::PerformFenceWaits: Remove current release fence from the pending fence wait queue.
06-08 16:06:35.113  1245 24861 I SDM     : HWCSession::PerformFenceWaits: CWB fence queue is empty. No pending release fence to wait on.
06-08 16:06:35.131  2403  5876 D MIUIInput: Input event injection from pid 23098, MotionEvent: DOWN
06-08 16:06:35.132  2403  2910 D MIUIInput: [MotionEvent] publisher action=0x4, 2069818378, channel '9ede85b NavigationBar0 (server)'
06-08 16:06:35.132  2403  2910 D MIUIInput: [MotionEvent] publisher action=0x0, 2069818378, channel '754dc9c cn.missevan/cn.missevan.activity.MainActivity (server)'
06-08 16:06:35.133 23198 23198 D MIUIInput: [MotionEvent] ViewRootImpl windowName 'cn.missevan/cn.missevan.activity.MainActivity', { action=ACTION_DOWN, id[0]=0, pointerCount=1, eventTime=2069818378, downTime=2069818377, phoneEventTime=16:06:34.921 } moveCount:0
06-08 16:06:35.135 23098 23129 W BpBinder: PerfMonitor binderTransact :  time=213ms interface=android.view.IWindowManager code=102
06-08 16:06:35.136 23130 23177 W BpBinder: PerfMonitor binderTransact :  time=214ms interface=android.app.IUiAutomationConnection code=3
06-08 16:06:35.138  2403  5876 D MIUIInput: Input event injection from pid 23098, MotionEvent: UP
06-08 16:06:35.139  2403  2910 D MIUIInput: [MotionEvent] publisher action=0x1, 2069818378, channel '754dc9c cn.missevan/cn.missevan.activity.MainActivity (server)'
06-08 16:06:35.140 23198 23198 D MIUIInput: [MotionEvent] ViewRootImpl windowName 'cn.missevan/cn.missevan.activity.MainActivity', { action=ACTION_UP, id[0]=0, pointerCount=1, eventTime=2069818378, downTime=2069818377, phoneEventTime=16:06:34.922 } moveCount:0
06-08 16:06:35.141 23198 23198 E cn.missevan: No package ID ff found for ID 0xffffffff.
06-08 16:06:35.156 23130 23177 I appium  : Waiting up to 100ms for the device to idle
06-08 16:06:35.196  2403  2416 I system_server: This is sticky GC, maxfree is 8388608 minfree is 2097152
06-08 16:06:35.318 23130 23177 W QueryController: Could not detect idle state.
06-08 16:06:35.328 23130 23177 I appium  : AppiumResponse: {"sessionId":"64167cd1-e132-43c2-af98-bc8cde7223c5","value":null}
06-08 16:06:35.345 23130 23177 I appium  : channel read: POST /wd/hub/session/64167cd1-e132-43c2-af98-bc8cde7223c5/element
06-08 16:06:35.347 23130 23177 I appium  : FindElement command
06-08 16:06:35.352 23130 23177 I appium  : method: 'id', selector: 'cn.missevan:id/content'
06-08 16:06:35.354 23130 23177 I appium  : Waiting up to 100ms for the device to idle
06-08 16:06:35.407  1977  2997 D libsensor-displayalgo: the value of  brightness:445.000000,R:83161860.091973,G:83161860.091973,B:83161860.091973,EVENT_C:7548.500000,EVENT_R:2904.000000,EVENT_G:3814.000000,EVENT_B:1532.000000
06-08 16:06:35.408  1977  2997 I libsensor-displayalgo: the value of  Coef1:1107.681000,Coef4:2.383000, scale1:0.935522, scale4:0.923264
06-08 16:06:35.408  1977  2997 E libsensor-displayalgo: RGB_test_0407_400_oldzy!
06-08 16:06:35.409  1977  2997 I libsensor-displayalgo: the value of  RESULT3304.702366,1296.973505,1593.735561,598.660924
06-08 16:06:35.409  1977  2997 I libsensor-displayalgo: the value of  getChannelDataCalibrated3466.792012,1201.143561,1853.847246,654.178887
06-08 16:06:35.409  1977  2997 I libsensor-displayalgo: the value of  REAL LUX241.741287
06-08 16:06:35.409  1977  2997 I libsensor-displayalgo: the value of  CAL REAL LUX241.741287
06-08 16:06:35.489  1245  2285 I vendor.qti.hardware.display.composer-service: FrameNotifyProcess Sensor: notify citsensorservice to trigger cwb
06-08 16:06:35.489  1977 18363 I libcitsensorservice@2.0-impl: msg_transfer
06-08 16:06:35.489  1977  2987 D vendor.xiaomi.sensor.citsensorservice@2.0-service: handle id:8 wxh:1280x2400 uwxuh:1080x2400 size: 9216000 fd:15 fd_meta:16 flags:0x4000228 usage:0x33  format:0x3 layer_count: 1
06-08 16:06:35.490  1245  3014 I SDM     : HWCSession::SetCWBOutputBuffer: CWB config passed by cwb_client : tappoint 1  CWB_ROI : (829.000000 4.000000 915.000000 90.000000)
06-08 16:06:35.492  1245 24864 I SDM     : HWCSession::ProcessRequests: Successfully configured CWB buffer.
06-08 16:06:35.499  1245  2285 I vendor.qti.hardware.display.composer-service: FrameNotifyProcess Sensor: notify citsensorservice to trigger cwb
06-08 16:06:35.501  1977 18363 I libcitsensorservice@2.0-impl: msg_transfer
06-08 16:06:35.506  1245 24864 I SDM     : HWCSession::ProcessRequests: Pushing release fence in fenece wait queue.
06-08 16:06:35.507  1245 24864 I SDM     : HWCSession::ProcessRequests: Creating AsyncFenceWaits async thread.
06-08 16:06:35.508  1245 24864 I SDM     : HWCSession::ProcessRequests: Remove current CWB request from the pending request queue.
06-08 16:06:35.508  1245 24864 I SDM     : HWCSession::ProcessRequests: No pending cwb requests found in the queue.
06-08 16:06:35.512  1245  1464 I SDM     : HWDeviceDRM::SetupConcurrentWriteback: Tear down the Concurrent Writeback topology
06-08 16:06:35.518  1245 24866 I SDM     : HWCSession::NotifyCWBStatus: Notify the client about buffer status 0.
06-08 16:06:35.520  1245 24866 I SDM     : HWCSession::PerformFenceWaits: Remove current release fence from the pending fence wait queue.
06-08 16:06:35.520  1245 24866 I SDM     : HWCSession::PerformFenceWaits: CWB fence queue is empty. No pending release fence to wait on.
06-08 16:06:35.705  1977  2997 D libsensor-displayalgo: the value of  brightness:445.000000,R:83161860.091973,G:83161860.091973,B:83161860.091973,EVENT_C:7533.500000,EVENT_R:2904.500000,EVENT_G:3808.500000,EVENT_B:1527.000000
06-08 16:06:35.705  1977  2997 I libsensor-displayalgo: the value of  Coef1:1107.681000,Coef4:2.383000, scale1:0.935522, scale4:0.923264
06-08 16:06:35.706  1977  2997 E libsensor-displayalgo: RGB_test_0407_400_oldzy!
06-08 16:06:35.706  1977  2997 I libsensor-displayalgo: the value of  RESULT3304.702366,1296.973505,1593.735561,598.660924
06-08 16:06:35.706  1977  2997 I libsensor-displayalgo: the value of  getChannelDataCalibrated3466.792012,1201.143561,1853.847246,654.178887
06-08 16:06:35.706  1977  2997 I libsensor-displayalgo: the value of  REAL LUX240.819733
06-08 16:06:35.706  1977  2997 I libsensor-displayalgo: the value of  CAL REAL LUX240.819733
06-08 16:06:35.923 23130 23177 W QueryController: Could not detect idle state.
06-08 16:06:35.989 23130 23177 I appium  : AppiumResponse: {"sessionId":"64167cd1-e132-43c2-af98-bc8cde7223c5","value":{"ELEMENT":"00000000-0000-015a-ffff-ffff00000fd0","element-6066-11e4-a52e-4f735466cecf":"00000000-0000-015a-ffff-ffff00000fd0"}}
06-08 16:06:36.005  1977  2997 D libsensor-displayalgo: the value of  brightness:445.000000,R:83161860.091973,G:83161860.091973,B:83161860.091973,EVENT_C:7533.500000,EVENT_R:2904.500000,EVENT_G:3808.500000,EVENT_B:1527.000000
06-08 16:06:36.005  1977  2997 I libsensor-displayalgo: the value of  Coef1:1107.681000,Coef4:2.383000, scale1:0.935522, scale4:0.923264
06-08 16:06:36.005  1977  2997 E libsensor-displayalgo: RGB_test_0407_400_oldzy!
06-08 16:06:36.006  1977  2997 I libsensor-displayalgo: the value of  RESULT3304.702366,1296.973505,1593.735561,598.660924
06-08 16:06:36.006  1977  2997 I libsensor-displayalgo: the value of  getChannelDataCalibrated3466.792012,1201.143561,1853.847246,654.178887
06-08 16:06:36.006  1977  2997 I libsensor-displayalgo: the value of  REAL LUX240.819733
06-08 16:06:36.006  1977  2997 I libsensor-displayalgo: the value of  CAL REAL LUX240.819733
06-08 16:06:36.020 23130 23177 I appium  : channel read: POST /wd/hub/session/64167cd1-e132-43c2-af98-bc8cde7223c5/element/00000000-0000-015a-ffff-ffff00000fd0/click
06-08 16:06:36.023 23130 23177 I appium  : Click command
06-08 16:06:36.070  2403  4648 D MIUIInput: Input event injection from pid 23098, MotionEvent: DOWN
06-08 16:06:36.072  2403  2910 D MIUIInput: [MotionEvent] publisher action=0x4, 2069819509, channel '9ede85b NavigationBar0 (server)'
06-08 16:06:36.072  2403  2910 D MIUIInput: [MotionEvent] publisher action=0x0, 2069819509, channel '754dc9c cn.missevan/cn.missevan.activity.MainActivity (server)'
06-08 16:06:36.073  1245  2285 I vendor.qti.hardware.display.composer-service: FrameNotifyProcess Sensor: notify citsensorservice to trigger cwb
06-08 16:06:36.073 23198 23198 D MIUIInput: [MotionEvent] ViewRootImpl windowName 'cn.missevan/cn.missevan.activity.MainActivity', { action=ACTION_DOWN, id[0]=0, pointerCount=1, eventTime=2069819509, downTime=2069819508, phoneEventTime=16:06:36.052 } moveCount:0
06-08 16:06:36.074  1977 18363 I libcitsensorservice@2.0-impl: msg_transfer
06-08 16:06:36.074  1977  2987 D vendor.xiaomi.sensor.citsensorservice@2.0-service: handle id:8 wxh:1280x2400 uwxuh:1080x2400 size: 9216000 fd:15 fd_meta:16 flags:0x4000228 usage:0x33  format:0x3 layer_count: 1
06-08 16:06:36.074  1245  3014 I SDM     : HWCSession::SetCWBOutputBuffer: CWB config passed by cwb_client : tappoint 1  CWB_ROI : (829.000000 4.000000 915.000000 90.000000)
06-08 16:06:36.079  1245 24868 I SDM     : HWCSession::ProcessRequests: Successfully configured CWB buffer.
06-08 16:06:36.083  2403  4648 D MIUIInput: Input event injection from pid 23098, MotionEvent: UP
06-08 16:06:36.083  2403  2910 D MIUIInput: [MotionEvent] publisher action=0x1, 2069819509, channel '754dc9c cn.missevan/cn.missevan.activity.MainActivity (server)'
06-08 16:06:36.084 23198 23198 D MIUIInput: [MotionEvent] ViewRootImpl windowName 'cn.missevan/cn.missevan.activity.MainActivity', { action=ACTION_UP, id[0]=0, pointerCount=1, eventTime=2069819509, downTime=2069819508, phoneEventTime=16:06:36.053 } moveCount:0
06-08 16:06:36.085 23198 23198 E cn.missevan: No package ID ff found for ID 0xffffffff.
06-08 16:06:36.089  1245 24868 I SDM     : HWCSession::ProcessRequests: Pushing release fence in fenece wait queue.
06-08 16:06:36.089  1245 24868 I SDM     : HWCSession::ProcessRequests: Creating AsyncFenceWaits async thread.
06-08 16:06:36.089  1245 24868 I SDM     : HWCSession::ProcessRequests: Remove current CWB request from the pending request queue.
06-08 16:06:36.089  1245 24868 I SDM     : HWCSession::ProcessRequests: No pending cwb requests found in the queue.
06-08 16:06:36.096 23198 23198 I HandWritingStubImpl: isKeyboardTypeChanged: false
06-08 16:06:36.096  1245  1464 I SDM     : HWDeviceDRM::SetupConcurrentWriteback: Tear down the Concurrent Writeback topology
06-08 16:06:36.097 23198 23198 I HandWritingStubImpl: isKeyboardTypeChanged: false
06-08 16:06:36.097 23198 23198 I HandWritingStubImpl: isKeyboardTypeChanged: false
06-08 16:06:36.099 23198 23198 I HandWritingStubImpl: isKeyboardTypeChanged: false
06-08 16:06:36.102 23198 23198 D IS_CTS_MODE: true
06-08 16:06:36.102 23198 23198 D MULTI_WINDOW_SWITCH_ENABLED: false
06-08 16:06:36.104  1245 24869 I SDM     : HWCSession::NotifyCWBStatus: Notify the client about buffer status 0.
06-08 16:06:36.104  1245 24869 I SDM     : HWCSession::PerformFenceWaits: Remove current release fence from the pending fence wait queue.
06-08 16:06:36.104  1245 24869 I SDM     : HWCSession::PerformFenceWaits: CWB fence queue is empty. No pending release fence to wait on.
06-08 16:06:36.105 23130 23177 I appium  : Waiting up to 100ms for the device to idle
06-08 16:06:36.112 23198 23198 I HandWritingStubImpl: isKeyboardTypeChanged: false
06-08 16:06:36.113 23198 23198 I HandWritingStubImpl: isKeyboardTypeChanged: false
06-08 16:06:36.113 23198 23198 I HandWritingStubImpl: isKeyboardTypeChanged: false
06-08 16:06:36.148  2403  4648 I WindowManagerService: Physical orientation applied, rotation=0 sfOrientation=ORIENTATION_0
06-08 16:06:36.163  1379  1861 I BpBinder: onLastStrongRef automatically unlinking death recipients: <uncached descriptor>
06-08 16:06:36.171  2403  5876 I WindowManagerService: Physical orientation applied, rotation=0 sfOrientation=ORIENTATION_0
06-08 16:06:36.187 23198 23198 D DecorView[MainActivity]: onWindowFocusChanged hasWindowFocus false
06-08 16:06:36.203 23198 23514 D BLASTBufferQueue: releaseBufferCallback ReleaseCallbackId: bufferId:99634651332842 framenumber:1
06-08 16:06:36.210 23198 23198 D DecorView[]: onWindowFocusChanged hasWindowFocus true
06-08 16:06:36.211 23198 23198 I HandWritingStubImpl: refreshLastKeyboardType: 1
06-08 16:06:36.211 23198 23198 I HandWritingStubImpl: getCurrentKeyboardType: 1
06-08 16:06:36.218 23198 23198 I HandWritingStubImpl: isKeyboardTypeChanged: false
06-08 16:06:36.219  7825  7825 E BaseInputMethodService: onFinishInput
06-08 16:06:36.219  7825  7825 E BaseInputMethodService: onStartInput
06-08 16:06:36.221 23130 23177 W QueryController: Could not detect idle state.
06-08 16:06:36.222 23130 23177 I appium  : AppiumResponse: {"sessionId":"64167cd1-e132-43c2-af98-bc8cde7223c5","value":null}
06-08 16:06:36.234 23130 23177 I appium  : channel read: POST /wd/hub/session/64167cd1-e132-43c2-af98-bc8cde7223c5/element
06-08 16:06:36.235 23130 23177 I appium  : FindElement command
06-08 16:06:36.236 23130 23177 I appium  : method: 'id', selector: 'cn.missevan:id/edit_view'
06-08 16:06:36.236 23130 23177 I appium  : Waiting up to 100ms for the device to idle
06-08 16:06:36.306  1977  2997 D libsensor-displayalgo: the value of  brightness:445.000000,R:83161860.091973,G:83161860.091973,B:83161860.091973,EVENT_C:7571.500000,EVENT_R:2912.000000,EVENT_G:3830.000000,EVENT_B:1539.500000
06-08 16:06:36.306  1977  2997 I libsensor-displayalgo: the value of  Coef1:1107.681000,Coef4:2.383000, scale1:0.935522, scale4:0.923264
06-08 16:06:36.306  1977  2997 E libsensor-displayalgo: RGB_test_0407_400_oldzy!
06-08 16:06:36.306  1977  2997 I libsensor-displayalgo: the value of  RESULT3304.702366,1296.973505,1593.735561,598.660924
06-08 16:06:36.306  1977  2997 I libsensor-displayalgo: the value of  getChannelDataCalibrated3466.792012,1201.143561,1853.847246,654.178887
06-08 16:06:36.306  1977  2997 I libsensor-displayalgo: the value of  REAL LUX243.181595
06-08 16:06:36.306  1977  2997 I libsensor-displayalgo: the value of  CAL REAL LUX243.181595
06-08 16:06:36.329 23198 23198 I HandWritingStubImpl: refreshLastKeyboardType: 1
06-08 16:06:36.329 23198 23198 I HandWritingStubImpl: getCurrentKeyboardType: 1
06-08 16:06:36.332 23198 23198 D InputMethodManager: showSoftInput() view=cn.missevan.emote.input.view.SelectionListenableEditText{dfabccb VFED..CL. .F....ID 44,22-815,121 #7f0b0413 app:id/edit_view aid=1073742015} flags=0 reason=SHOW_SOFT_INPUT
06-08 16:06:36.333  2403  4540 I InputMethodManagerService: IMMS.showSoftInput(), client = com.android.internal.view.IInputMethodClient$Stub$Proxy@88d48d1
06-08 16:06:36.333  2403  4540 I InputMethodManagerService: IMMS.showCurrentInputLocked(), curMethod = com.android.internal.view.IInputMethod$Stub$Proxy@f9d1ad5, flags = 0
06-08 16:06:36.334  7825  7825 E BaseInputMethodService: onFinishInput
06-08 16:06:36.334  7825  7825 E BaseInputMethodService: onStartInput
06-08 16:06:36.335  2403  4540 I SmartPower.com.sohu.inputmethod.sogou.xiaomi:identifier/10132(1109): background->visible(45038ms) R(show input method) adj=0.
06-08 16:06:36.339  2403  4540 I SmartPower.com.sohu.inputmethod.sogou.xiaomi:scrashly/10132(11682): background->visible(45041ms) R(show input method) adj=915.
06-08 16:06:36.341  2403  4540 I SmartPower.com.sohu.inputmethod.sogou.xiaomi/10132(7825): background->visible(45043ms) R(show input method) adj=100.
06-08 16:06:36.341  2403  4540 I InputMethodManagerService: IMMS.showCurrentInputLocked request ims to show inputMethod.
06-08 16:06:36.342  7825  7825 V InputMethod: IMS.showSoftInput()
06-08 16:06:36.342  7825  7825 E BaseInputMethodService: onConfigureWindow
06-08 16:06:36.342  2403  3429 I SmartPower: com.sohu.inputmethod.sogou.xiaomi/10132 state=inactive adj=0 proc size=3 move to foreground show input method
06-08 16:06:36.343  7825  7825 E BaseInputMethodService: onStartInputView
06-08 16:06:36.342  5823  5843 D MirrorManager:  sendAcceptInput 1 0
06-08 16:06:36.344  7825  7825 I InputMethodService: customizeBottomViewColor, isCustom : true
06-08 16:06:36.345  7825  7825 I IMEBottomManager: customizeBottomViewColor, isCustom : true
06-08 16:06:36.347  7825  7825 I RichImeStatus: onConfigImeType:[curLanId: 0, imeType: 2]
06-08 16:06:36.350  7825 24873 W System.err: java.lang.SecurityException: getDataNetworkTypeForSubscriber
06-08 16:06:36.350  7825 24873 W System.err: 	at android.os.Parcel.createExceptionOrNull(Parcel.java:2426)
06-08 16:06:36.351  7825 24873 W System.err: 	at android.os.Parcel.createException(Parcel.java:2410)
06-08 16:06:36.351  7825 24873 W System.err: 	at android.os.Parcel.readException(Parcel.java:2393)
06-08 16:06:36.351  7825 24873 W System.err: 	at android.os.Parcel.readException(Parcel.java:2335)
06-08 16:06:36.351  7825 24873 W System.err: 	at com.android.internal.telephony.ITelephony$Stub$Proxy.getNetworkTypeForSubscriber(ITelephony.java:9323)
06-08 16:06:36.351  7825 24873 W System.err: 	at android.telephony.TelephonyManager.getNetworkType(TelephonyManager.java:2971)
06-08 16:06:36.351  7825 24873 W System.err: 	at android.telephony.TelephonyManager.getNetworkType(TelephonyManager.java:2935)
06-08 16:06:36.351  7825 24873 W System.err: 	at com.sogou.bu.basic.util.InfoManager.t(SogouSource:468)
06-08 16:06:36.351  7825 24873 W System.err: 	at com.sohu.inputmethod.flx.b.n(SogouSource:203)
06-08 16:06:36.351  7825 24873 W System.err: 	at cnh$j.a(SogouSource:750)
06-08 16:06:36.351  7825 24873 W System.err: 	at cnh.a(SogouSource:1931)
06-08 16:06:36.351  7825 24873 W System.err: 	at cnl.a(SogouSource:562)
06-08 16:06:36.351  7825 24873 W System.err: 	at com.sohu.inputmethod.sogou.MainImeServiceDel.hQ(SogouSource:9765)
06-08 16:06:36.351  7825 24873 W System.err: 	at com.sohu.inputmethod.sogou.MainImeServiceDel.lambda$hDNuEpXxMoRkwa0gwYA6-uVthVo(Unknown Source:0)
06-08 16:06:36.351  7825 24873 W System.err: 	at com.sohu.inputmethod.sogou.-$$Lambda$MainImeServiceDel$hDNuEpXxMoRkwa0gwYA6-uVthVo.call(Unknown Source:2)
06-08 16:06:36.351  7825 24873 W System.err: 	at bad.call(SogouSource:82)
06-08 16:06:36.351  7825 24873 W System.err: 	at bab.a(SogouSource:143)
06-08 16:06:36.351  7825 24873 W System.err: 	at bab.a(SogouSource:128)
