06-19 16:18:41.006  1265  1887 I SDM     : HWCSession::SetCWBOutputBuffer: CWB config passed by cwb_client : tappoint 1  CWB_ROI : (829.000000 4.000000 915.000000 90.000000)
06-19 16:18:41.008  1265  4048 I SDM     : HWCSession::ProcessRequests: Successfully configured CWB buffer.
06-19 16:18:41.018  1265  4048 I SDM     : HWCSession::ProcessRequests: Pushing release fence in fenece wait queue.
06-19 16:18:41.018  1265  4048 I SDM     : HWCSession::ProcessRequests: Creating AsyncFenceWaits async thread.
06-19 16:18:41.019  1265  4048 I SDM     : HWCSession::ProcessRequests: Remove current CWB request from the pending request queue.
06-19 16:18:41.019  1265  4048 I SDM     : HWCSession::ProcessRequests: No pending cwb requests found in the queue.
06-19 16:18:41.021  1265  1584 I SDM     : HWDeviceDRM::SetupConcurrentWriteback: Tear down the Concurrent Writeback topology
06-19 16:18:41.028  1265  4049 I SDM     : HWCSession::NotifyCWBStatus: Notify the client about buffer status 0.
06-19 16:18:41.031  1265  4049 I SDM     : HWCSession::PerformFenceWaits: Remove current release fence from the pending fence wait queue.
06-19 16:18:41.031  1265  4049 I SDM     : HWCSession::PerformFenceWaits: CWB fence queue is empty. No pending release fence to wait on.
06-19 16:18:41.083  4233  4233 D MiPlayDetailViewModel: onPositionChange(): position = 39478
06-19 16:18:41.083  5809  3719 I SafeBinderCall: onPositionChange binder cost:1
06-19 16:18:41.174  2018  3127 D libsensor-displayalgo: the value of  brightness:438.000000,R:54123414.797522,G:53494212.896760,B:55712733.107210,EVENT_C:5441.000000,EVENT_R:2126.500000,EVENT_G:2733.500000,EVENT_B:1093.000000
06-19 16:18:41.174  2018  3127 I libsensor-displayalgo: the value of  Coef1:1107.681000,Coef4:2.383000, scale1:0.935522, scale4:0.923264
06-19 16:18:41.174  2018  3127 E libsensor-displayalgo: RGB_test_0407_400_oldzy!
06-19 16:18:41.175  2018  3127 I libsensor-displayalgo: the value of  RESULT2429.978591,955.722400,1194.582810,436.821291
06-19 16:18:41.175  2018  3127 I libsensor-displayalgo: the value of  getChannelDataCalibrated2547.699896,885.183156,1388.468592,476.761044
06-19 16:18:41.175  2018  3127 I libsensor-displayalgo: the value of  REAL LUX168.532303
06-19 16:18:41.175  2018  3127 I libsensor-displayalgo: the value of  CAL REAL LUX168.532303
06-19 16:18:41.308  1265  2358 I vendor.qti.hardware.display.composer-service: FrameNotifyProcess Sensor: notify citsensorservice to trigger cwb
06-19 16:18:41.309  2018  2108 I libcitsensorservice@2.0-impl: msg_transfer
06-19 16:18:41.309  2018  3098 D vendor.xiaomi.sensor.citsensorservice@2.0-service: handle id:9 wxh:1280x2400 uwxuh:1080x2400 size: 9216000 fd:15 fd_meta:16 flags:0x4000228 usage:0x33  format:0x3 layer_count: 1
06-19 16:18:41.310  1265  1887 I SDM     : HWCSession::SetCWBOutputBuffer: CWB config passed by cwb_client : tappoint 1  CWB_ROI : (829.000000 4.000000 915.000000 90.000000)
06-19 16:18:41.311  1265  4050 I SDM     : HWCSession::ProcessRequests: Successfully configured CWB buffer.
06-19 16:18:41.325  1265  4050 I SDM     : HWCSession::ProcessRequests: Pushing release fence in fenece wait queue.
06-19 16:18:41.325  1265  4050 I SDM     : HWCSession::ProcessRequests: Creating AsyncFenceWaits async thread.
06-19 16:18:41.328  1265  1584 I SDM     : HWDeviceDRM::SetupConcurrentWriteback: Tear down the Concurrent Writeback topology
06-19 16:18:41.328  1265  4050 I SDM     : HWCSession::ProcessRequests: Remove current CWB request from the pending request queue.
06-19 16:18:41.328  1265  4050 I SDM     : HWCSession::ProcessRequests: No pending cwb requests found in the queue.
06-19 16:18:41.336  1265  4051 I SDM     : HWCSession::NotifyCWBStatus: Notify the client about buffer status 0.
06-19 16:18:41.337  1265  4051 I SDM     : HWCSession::PerformFenceWaits: Remove current release fence from the pending fence wait queue.
06-19 16:18:41.337  1265  4051 I SDM     : HWCSession::PerformFenceWaits: CWB fence queue is empty. No pending release fence to wait on.
06-19 16:18:41.476  2018  3127 D libsensor-displayalgo: the value of  brightness:438.000000,R:29167858.860283,G:26221001.390174,B:43753105.036409,EVENT_C:4937.000000,EVENT_R:1942.500000,EVENT_G:2471.000000,EVENT_B:995.000000
06-19 16:18:41.476  2018  3127 I libsensor-displayalgo: the value of  Coef1:1107.681000,Coef4:2.383000, scale1:0.935522, scale4:0.923264
06-19 16:18:41.476  2018  3127 E libsensor-displayalgo: RGB_test_0407_400_oldzy!
06-19 16:18:41.476  2018  3127 I libsensor-displayalgo: the value of  RESULT1538.229285,598.503618,761.486481,282.341161
06-19 16:18:41.476  2018  3127 I libsensor-displayalgo: the value of  getChannelDataCalibrated1612.749432,554.329711,885.078919,308.156377
06-19 16:18:41.476  2018  3127 I libsensor-displayalgo: the value of  REAL LUX198.634811
06-19 16:18:41.476  2018  3127 I libsensor-displayalgo: the value of  CAL REAL LUX198.634811
06-19 16:18:41.613  1265  2358 I vendor.qti.hardware.display.composer-service: FrameNotifyProcess Sensor: notify citsensorservice to trigger cwb
06-19 16:18:41.614  2018  2111 I libcitsensorservice@2.0-impl: msg_transfer
06-19 16:18:41.615  2018  3098 D vendor.xiaomi.sensor.citsensorservice@2.0-service: handle id:9 wxh:1280x2400 uwxuh:1080x2400 size: 9216000 fd:15 fd_meta:16 flags:0x4000228 usage:0x33  format:0x3 layer_count: 1
06-19 16:18:41.616  1265  1887 I SDM     : HWCSession::SetCWBOutputBuffer: CWB config passed by cwb_client : tappoint 1  CWB_ROI : (829.000000 4.000000 915.000000 90.000000)
06-19 16:18:41.617  1265  4052 I SDM     : HWCSession::ProcessRequests: Successfully configured CWB buffer.
06-19 16:18:41.630  1265  4052 I SDM     : HWCSession::ProcessRequests: Pushing release fence in fenece wait queue.
06-19 16:18:41.630  1265  4052 I SDM     : HWCSession::ProcessRequests: Creating AsyncFenceWaits async thread.
06-19 16:18:41.631  1265  4052 I SDM     : HWCSession::ProcessRequests: Remove current CWB request from the pending request queue.
06-19 16:18:41.631  1265  4052 I SDM     : HWCSession::ProcessRequests: No pending cwb requests found in the queue.
06-19 16:18:41.638  1265  1584 I SDM     : HWDeviceDRM::SetupConcurrentWriteback: Tear down the Concurrent Writeback topology
06-19 16:18:41.640  1265  4053 I SDM     : HWCSession::NotifyCWBStatus: Notify the client about buffer status 0.
06-19 16:18:41.640  1265  4053 I SDM     : HWCSession::PerformFenceWaits: Remove current release fence from the pending fence wait queue.
06-19 16:18:41.640  1265  4053 I SDM     : HWCSession::PerformFenceWaits: CWB fence queue is empty. No pending release fence to wait on.
06-19 16:18:41.774  2018  3127 D libsensor-displayalgo: the value of  brightness:438.000000,R:26095356.929382,G:23316337.900854,B:40213840.262397,EVENT_C:4710.000000,EVENT_R:1863.000000,EVENT_G:2345.000000,EVENT_B:950.000000
06-19 16:18:41.775  2018  3127 I libsensor-displayalgo: the value of  Coef1:1107.681000,Coef4:2.383000, scale1:0.935522, scale4:0.923264
06-19 16:18:41.775  2018  3127 E libsensor-displayalgo: RGB_test_0407_400_oldzy!
06-19 16:18:41.776  2018  3127 I libsensor-displayalgo: the value of  RESULT1422.000328,552.040109,706.730859,260.887362
06-19 16:18:41.776  2018  3127 I libsensor-displayalgo: the value of  getChannelDataCalibrated1490.889715,511.295546,821.436231,284.741000
06-19 16:18:41.776  2018  3127 I libsensor-displayalgo: the value of  REAL LUX191.505524
06-19 16:18:41.776  2018  3127 I libsensor-displayalgo: the value of  CAL REAL LUX191.505524
06-19 16:18:41.918  1265  2358 I vendor.qti.hardware.display.composer-service: FrameNotifyProcess Sensor: notify citsensorservice to trigger cwb
06-19 16:18:41.919  2018  2018 I libcitsensorservice@2.0-impl: msg_transfer
06-19 16:18:41.919  2018  3098 D vendor.xiaomi.sensor.citsensorservice@2.0-service: handle id:9 wxh:1280x2400 uwxuh:1080x2400 size: 9216000 fd:15 fd_meta:16 flags:0x4000228 usage:0x33  format:0x3 layer_count: 1
06-19 16:18:41.921  1265  1887 I SDM     : HWCSession::SetCWBOutputBuffer: CWB config passed by cwb_client : tappoint 1  CWB_ROI : (829.000000 4.000000 915.000000 90.000000)
06-19 16:18:41.922  1265  4054 I SDM     : HWCSession::ProcessRequests: Successfully configured CWB buffer.
06-19 16:18:41.930  1265  4054 I SDM     : HWCSession::ProcessRequests: Pushing release fence in fenece wait queue.
06-19 16:18:41.930  1265  4054 I SDM     : HWCSession::ProcessRequests: Creating AsyncFenceWaits async thread.
06-19 16:18:41.931  1265  4054 I SDM     : HWCSession::ProcessRequests: Remove current CWB request from the pending request queue.
06-19 16:18:41.931  1265  4054 I SDM     : HWCSession::ProcessRequests: No pending cwb requests found in the queue.
06-19 16:18:41.935  1265  1584 I SDM     : HWDeviceDRM::SetupConcurrentWriteback: Tear down the Concurrent Writeback topology
06-19 16:18:41.942  1265  4055 I SDM     : HWCSession::NotifyCWBStatus: Notify the client about buffer status 0.
06-19 16:18:41.942  1265  4055 I SDM     : HWCSession::PerformFenceWaits: Remove current release fence from the pending fence wait queue.
06-19 16:18:41.942  1265  4055 I SDM     : HWCSession::PerformFenceWaits: CWB fence queue is empty. No pending release fence to wait on.
06-19 16:18:42.076  2018  3127 D libsensor-displayalgo: the value of  brightness:438.000000,R:26095356.929382,G:23316337.900854,B:40213840.262397,EVENT_C:4692.000000,EVENT_R:1858.000000,EVENT_G:2336.000000,EVENT_B:946.000000
06-19 16:18:42.076  2018  3127 I libsensor-displayalgo: the value of  Coef1:1107.681000,Coef4:2.383000, scale1:0.935522, scale4:0.923264
06-19 16:18:42.076  2018  3127 E libsensor-displayalgo: RGB_test_0407_400_oldzy!
06-19 16:18:42.077  2018  3127 I libsensor-displayalgo: the value of  RESULT1422.000328,552.040109,706.730859,260.887362
06-19 16:18:42.077  2018  3127 I libsensor-displayalgo: the value of  getChannelDataCalibrated1490.889715,511.295546,821.436231,284.741000
06-19 16:18:42.077  2018  3127 I libsensor-displayalgo: the value of  REAL LUX190.339172
06-19 16:18:42.077  2018  3127 I libsensor-displayalgo: the value of  CAL REAL LUX190.339172
06-19 16:18:42.088  5809  3719 I SafeBinderCall: onPositionChange binder cost:2
06-19 16:18:42.088  4233  4233 D MiPlayDetailViewModel: onPositionChange(): position = 40482
06-19 16:18:42.225  1265  2358 I vendor.qti.hardware.display.composer-service: FrameNotifyProcess Sensor: notify citsensorservice to trigger cwb
06-19 16:18:42.226   663   767 I appium  : channel read: POST /wd/hub/session/692e9e42-c63c-4c22-8e3f-0c2c1818ebcd/elements
06-19 16:18:42.226  2018  2108 I libcitsensorservice@2.0-impl: msg_transfer
06-19 16:18:42.226  2018  3098 D vendor.xiaomi.sensor.citsensorservice@2.0-service: handle id:9 wxh:1280x2400 uwxuh:1080x2400 size: 9216000 fd:15 fd_meta:16 flags:0x4000228 usage:0x33  format:0x3 layer_count: 1
06-19 16:18:42.227  1265  1887 I SDM     : HWCSession::SetCWBOutputBuffer: CWB config passed by cwb_client : tappoint 1  CWB_ROI : (829.000000 4.000000 915.000000 90.000000)
06-19 16:18:42.227   663   767 I appium  : FindElements command
06-19 16:18:42.228  1265  4066 I SDM     : HWCSession::ProcessRequests: Successfully configured CWB buffer.
06-19 16:18:42.232   663   767 I appium  : method: 'id', selector: 'cn.missevan:id/tvTitle'
06-19 16:18:42.233   663   767 I appium  : Waiting up to 100ms for the device to idle
06-19 16:18:42.234  1265  4066 I SDM     : HWCSession::ProcessRequests: Pushing release fence in fenece wait queue.
06-19 16:18:42.234  1265  4066 I SDM     : HWCSession::ProcessRequests: Creating AsyncFenceWaits async thread.
06-19 16:18:42.235  1265  4066 I SDM     : HWCSession::ProcessRequests: Remove current CWB request from the pending request queue.
06-19 16:18:42.235  1265  4066 I SDM     : HWCSession::ProcessRequests: No pending cwb requests found in the queue.
06-19 16:18:42.239  1265  1584 I SDM     : HWDeviceDRM::SetupConcurrentWriteback: Tear down the Concurrent Writeback topology
06-19 16:18:42.249  1265  4071 I SDM     : HWCSession::NotifyCWBStatus: Notify the client about buffer status 0.
06-19 16:18:42.250  1265  4071 I SDM     : HWCSession::PerformFenceWaits: Remove current release fence from the pending fence wait queue.
06-19 16:18:42.250  1265  4071 I SDM     : HWCSession::PerformFenceWaits: CWB fence queue is empty. No pending release fence to wait on.
06-19 16:18:42.340 29212 29398 D MemoryCeilingMonitor: [handleMemoryCalculate]
06-19 16:18:42.340 29212 29398 D MemoryCeilingMonitor: [calculate] tot: 6239336, max: 268435456, free: 344064, heap: 5895272, per: 0.021961599588394165
06-19 16:18:42.343  1263  3171 D AudioTrack: [audioTrackData][fine] 25s(f:25041 m:1323 s:481 k:0) : pid 1263 uid 10494 sessionId 1649 sr 44100 ch 2 fmt 1
06-19 16:18:42.374  2018  3127 D libsensor-displayalgo: the value of  brightness:438.000000,R:26095356.929382,G:23316337.900854,B:40213840.262397,EVENT_C:4678.500000,EVENT_R:1854.000000,EVENT_G:2329.500000,EVENT_B:942.000000
06-19 16:18:42.374  2018  3127 I libsensor-displayalgo: the value of  Coef1:1107.681000,Coef4:2.383000, scale1:0.935522, scale4:0.923264
06-19 16:18:42.374  2018  3127 E libsensor-displayalgo: RGB_test_0407_400_oldzy!
06-19 16:18:42.374  2018  3127 I libsensor-displayalgo: the value of  RESULT1422.000328,552.040109,706.730859,260.887362
06-19 16:18:42.374  2018  3127 I libsensor-displayalgo: the value of  getChannelDataCalibrated1490.889715,511.295546,821.436231,284.741000
06-19 16:18:42.374  2018  3127 I libsensor-displayalgo: the value of  REAL LUX189.566391
06-19 16:18:42.374  2018  3127 I libsensor-displayalgo: the value of  CAL REAL LUX189.566391
06-19 16:18:42.376   663   767 W QueryController: Could not detect idle state.
06-19 16:18:42.403   663   767 W ByMatcher: Node returned null child: android.view.accessibility.AccessibilityNodeInfo@2d41b3; boundsInParent: Rect(0, 0 - 1080, 956); boundsInScreen: Rect(0, 115 - 1080, 1071); packageName: cn.missevan; className: android.widget.FrameLayout; text: null; error: null; maxTextLength: -1; stateDescription: null; contentDescription: null; tooltipText: null; viewIdResName: cn.missevan:id/danmakuView; checkable: false; checked: false; focusable: false; focused: false; selected: false; clickable: false; longClickable: false; contextClickable: false; enabled: true; password: false; scrollable: false; importantForAccessibility: false; visible: true; actions: [AccessibilityAction: ACTION_SELECT - null, AccessibilityAction: ACTION_CLEAR_SELECTION - null, AccessibilityAction: ACTION_ACCESSIBILITY_FOCUS - null, AccessibilityAction: ACTION_SHOW_ON_SCREEN - null]
06-19 16:18:42.404   663   767 W ByMatcher: Skipping null child (1 of 2)
06-19 16:18:42.528  1265  2358 I vendor.qti.hardware.display.composer-service: FrameNotifyProcess Sensor: notify citsensorservice to trigger cwb
06-19 16:18:42.529  2018  2111 I libcitsensorservice@2.0-impl: msg_transfer
06-19 16:18:42.529  2018  3098 D vendor.xiaomi.sensor.citsensorservice@2.0-service: handle id:9 wxh:1280x2400 uwxuh:1080x2400 size: 9216000 fd:15 fd_meta:16 flags:0x4000228 usage:0x33  format:0x3 layer_count: 1
06-19 16:18:42.529  1265  1887 I SDM     : HWCSession::SetCWBOutputBuffer: CWB config passed by cwb_client : tappoint 1  CWB_ROI : (829.000000 4.000000 915.000000 90.000000)
06-19 16:18:42.530  1265  4072 I SDM     : HWCSession::ProcessRequests: Successfully configured CWB buffer.
06-19 16:18:42.544  1265  4072 I SDM     : HWCSession::ProcessRequests: Pushing release fence in fenece wait queue.
06-19 16:18:42.544  1265  4072 I SDM     : HWCSession::ProcessRequests: Creating AsyncFenceWaits async thread.
06-19 16:18:42.545  1265  4072 I SDM     : HWCSession::ProcessRequests: Remove current CWB request from the pending request queue.
06-19 16:18:42.545  1265  4072 I SDM     : HWCSession::ProcessRequests: No pending cwb requests found in the queue.
06-19 16:18:42.551  1265  1584 I SDM     : HWDeviceDRM::SetupConcurrentWriteback: Tear down the Concurrent Writeback topology
06-19 16:18:42.554  1265  4073 I SDM     : HWCSession::NotifyCWBStatus: Notify the client about buffer status 0.
06-19 16:18:42.554  1265  4073 I SDM     : HWCSession::PerformFenceWaits: Remove current release fence from the pending fence wait queue.
06-19 16:18:42.554  1265  4073 I SDM     : HWCSession::PerformFenceWaits: CWB fence queue is empty. No pending release fence to wait on.
06-19 16:18:42.559   663   767 I appium  : Caching 2 found elements
06-19 16:18:42.560   663   767 I appium  : Cached 2 elements
06-19 16:18:42.564   663   767 I appium  : AppiumResponse: {"sessionId":"692e9e42-c63c-4c22-8e3f-0c2c1818ebcd","value":[{"ELEMENT":"00000000-0000-08c6-ffff-ffff00000c47","element-6066-11e4-a52e-4f735466cecf":"00000000-0000-08c6-ffff-ffff00000c47"},{"ELEMENT":"00000000-0000-08c6-ffff-ffff00000c4b","element-6066-11e4-a52e-4f735466cecf":"00000000-0000-08c6-fff…
06-19 16:18:42.573   663   767 I appium  : channel read: POST /wd/hub/session/692e9e42-c63c-4c22-8e3f-0c2c1818ebcd/element/00000000-0000-08c6-ffff-ffff00000c4b/click
06-19 16:18:42.573   663   767 I appium  : Click command
06-19 16:18:42.620  2431  2637 W WindowManager: Unable to start animation, surface is null or no children.
06-19 16:18:42.675  2018  3127 D libsensor-displayalgo: the value of  brightness:438.000000,R:26095356.929382,G:23316337.900854,B:40213840.262397,EVENT_C:4708.000000,EVENT_R:1864.000000,EVENT_G:2348.000000,EVENT_B:949.500000
06-19 16:18:42.675  2018  3127 I libsensor-displayalgo: the value of  Coef1:1107.681000,Coef4:2.383000, scale1:0.935522, scale4:0.923264
06-19 16:18:42.675  2018  3127 E libsensor-displayalgo: RGB_test_0407_400_oldzy!
06-19 16:18:42.676  2018  3127 I libsensor-displayalgo: the value of  RESULT1422.000328,552.040109,706.730859,260.887362
06-19 16:18:42.676  2018  3127 I libsensor-displayalgo: the value of  getChannelDataCalibrated1490.889715,511.295546,821.436231,284.741000
06-19 16:18:42.676  2018  3127 I libsensor-displayalgo: the value of  REAL LUX191.503784
06-19 16:18:42.676  2018  3127 I libsensor-displayalgo: the value of  CAL REAL LUX191.503784
06-19 16:18:42.683   663   767 W QueryController: Could not detect idle state.
06-19 16:18:42.832  1265  2358 I vendor.qti.hardware.display.composer-service: FrameNotifyProcess Sensor: notify citsensorservice to trigger cwb
06-19 16:18:42.833  2018  2108 I libcitsensorservice@2.0-impl: msg_transfer
06-19 16:18:42.833  2018  3098 D vendor.xiaomi.sensor.citsensorservice@2.0-service: handle id:9 wxh:1280x2400 uwxuh:1080x2400 size: 9216000 fd:15 fd_meta:16 flags:0x4000228 usage:0x33  format:0x3 layer_count: 1
06-19 16:18:42.834  1265  1887 I SDM     : HWCSession::SetCWBOutputBuffer: CWB config passed by cwb_client : tappoint 1  CWB_ROI : (829.000000 4.000000 915.000000 90.000000)
06-19 16:18:42.834  1265  4074 I SDM     : HWCSession::ProcessRequests: Successfully configured CWB buffer.
06-19 16:18:42.842  1265  4074 I SDM     : HWCSession::ProcessRequests: Pushing release fence in fenece wait queue.
06-19 16:18:42.842  1265  4074 I SDM     : HWCSession::ProcessRequests: Creating AsyncFenceWaits async thread.
06-19 16:18:42.843  1265  4074 I SDM     : HWCSession::ProcessRequests: Remove current CWB request from the pending request queue.
06-19 16:18:42.843  1265  4074 I SDM     : HWCSession::ProcessRequests: No pending cwb requests found in the queue.
06-19 16:18:42.848  1265  1584 I SDM     : HWDeviceDRM::SetupConcurrentWriteback: Tear down the Concurrent Writeback topology
06-19 16:18:42.857  1265  4075 I SDM     : HWCSession::NotifyCWBStatus: Notify the client about buffer status 0.
06-19 16:18:42.857  1265  4075 I SDM     : HWCSession::PerformFenceWaits: Remove current release fence from the pending fence wait queue.
06-19 16:18:42.857  1265  4075 I SDM     : HWCSession::PerformFenceWaits: CWB fence queue is empty. No pending release fence to wait on.
06-19 16:18:42.882   663   767 W QueryController: Could not detect idle state.
06-19 16:18:42.904  2431  4483 D MIUIInput: Input event injection from pid 648, MotionEvent: DOWN
06-19 16:18:42.905  2431  2938 D MIUIInput: [MotionEvent] publisher action=0x4, 355707497, channel '7c87e50 NavigationBar0 (server)'
06-19 16:18:42.905  2431  2938 D MIUIInput: [MotionEvent] publisher action=0x0, 355707497, channel '5d50f45 cn.missevan/cn.missevan.activity.MainActivity (server)'
06-19 16:18:42.906   899   899 D MIUIInput: [MotionEvent] ViewRootImpl windowName 'cn.missevan/cn.missevan.activity.MainActivity', { action=ACTION_DOWN, id[0]=0, pointerCount=1, eventTime=355707497, downTime=355707496, phoneEventTime=16:18:42.896 } moveCount:0
06-19 16:18:42.909  2431  4483 D MIUIInput: Input event injection from pid 648, MotionEvent: UP
06-19 16:18:42.910  2431  2938 D MIUIInput: [MotionEvent] publisher action=0x1, 355707497, channel '5d50f45 cn.missevan/cn.missevan.activity.MainActivity (server)'
06-19 16:18:42.911   899   899 D MIUIInput: [MotionEvent] ViewRootImpl windowName 'cn.missevan/cn.missevan.activity.MainActivity', { action=ACTION_UP, id[0]=0, pointerCount=1, eventTime=355707497, downTime=355707496, phoneEventTime=16:18:42.897 } moveCount:0
06-19 16:18:42.912   899   899 E cn.missevan: No package ID ff found for ID 0xffffffff.
06-19 16:18:42.923   663   767 I appium  : Waiting up to 100ms for the device to idle
06-19 16:18:42.939  2431  2431 W WindowManager: removeWindowToken: Attempted to remove non-existing token: android.os.Binder@26ba5c8
06-19 16:18:42.974  2018  3127 D libsensor-displayalgo: the value of  brightness:438.000000,R:26092808.997701,G:23313633.297268,B:40211935.019893,EVENT_C:4720.500000,EVENT_R:1867.500000,EVENT_G:2351.000000,EVENT_B:951.500000
06-19 16:18:42.975  2018  3127 I libsensor-displayalgo: the value of  Coef1:1107.681000,Coef4:2.383000, scale1:0.935522, scale4:0.923264
06-19 16:18:42.975  2018  3127 E libsensor-displayalgo: RGB_test_0407_400_oldzy!
06-19 16:18:42.975  2018  3127 I libsensor-displayalgo: the value of  RESULT1421.895019,551.998826,706.679213,260.868635
06-19 16:18:42.975  2018  3127 I libsensor-displayalgo: the value of  getChannelDataCalibrated1490.779304,511.257309,821.376203,284.720561
06-19 16:18:42.975  2018  3127 I libsensor-displayalgo: the value of  REAL LUX192.235489
06-19 16:18:42.975  2018  3127 I libsensor-displayalgo: the value of  CAL REAL LUX192.235489
06-19 16:18:43.029   663   767 W QueryController: Could not detect idle state.
06-19 16:18:43.031   663   767 I appium  : AppiumResponse: {"sessionId":"692e9e42-c63c-4c22-8e3f-0c2c1818ebcd","value":null}
06-19 16:18:43.043   663   767 I appium  : channel read: POST /wd/hub/session/692e9e42-c63c-4c22-8e3f-0c2c1818ebcd/element
06-19 16:18:43.043   663   767 I appium  : FindElement command
06-19 16:18:43.045   663   767 I appium  : method: 'id', selector: 'cn.missevan:id/emoji'
06-19 16:18:43.045   663   767 I appium  : Waiting up to 100ms for the device to idle
06-19 16:18:43.082  5809  3719 I SafeBinderCall: onPositionChange binder cost:0
06-19 16:18:43.082  4233  4233 D MiPlayDetailViewModel: onPositionChange(): position = 41478
06-19 16:18:43.193   663   767 W QueryController: Could not detect idle state.
06-19 16:18:43.194  1265  2358 I vendor.qti.hardware.display.composer-service: FrameNotifyProcess Sensor: notify citsensorservice to trigger cwb
06-19 16:18:43.195  2018  2111 I libcitsensorservice@2.0-impl: msg_transfer
06-19 16:18:43.195  2018  3098 D vendor.xiaomi.sensor.citsensorservice@2.0-service: handle id:9 wxh:1280x2400 uwxuh:1080x2400 size: 9216000 fd:15 fd_meta:16 flags:0x4000228 usage:0x33  format:0x3 layer_count: 1
06-19 16:18:43.195  1265  1887 I SDM     : HWCSession::SetCWBOutputBuffer: CWB config passed by cwb_client : tappoint 1  CWB_ROI : (829.000000 4.000000 915.000000 90.000000)
06-19 16:18:43.197  1265  4076 I SDM     : HWCSession::ProcessRequests: Successfully configured CWB buffer.
06-19 16:18:43.203  1265  4076 I SDM     : HWCSession::ProcessRequests: Pushing release fence in fenece wait queue.
06-19 16:18:43.203  1265  4076 I SDM     : HWCSession::ProcessRequests: Creating AsyncFenceWaits async thread.
06-19 16:18:43.204  1265  4076 I SDM     : HWCSession::ProcessRequests: Remove current CWB request from the pending request queue.
06-19 16:18:43.204  1265  4076 I SDM     : HWCSession::ProcessRequests: No pending cwb requests found in the queue.
06-19 16:18:43.210  1265  1584 I SDM     : HWDeviceDRM::SetupConcurrentWriteback: Tear down the Concurrent Writeback topology
06-19 16:18:43.218  1265  4077 I SDM     : HWCSession::NotifyCWBStatus: Notify the client about buffer status 0.
06-19 16:18:43.218  1265  4077 I SDM     : HWCSession::PerformFenceWaits: Remove current release fence from the pending fence wait queue.
06-19 16:18:43.218  1265  4077 I SDM     : HWCSession::PerformFenceWaits: CWB fence queue is empty. No pending release fence to wait on.
06-19 16:18:43.274  2018  3127 D libsensor-displayalgo: the value of  brightness:438.000000,R:83162175.266168,G:83162175.266168,B:83162175.266168,EVENT_C:6652.500000,EVENT_R:2511.500000,EVENT_G:3413.000000,EVENT_B:1346.000000
06-19 16:18:43.274  2018  3127 I libsensor-displayalgo: the value of  Coef1:1107.681000,Coef4:2.383000, scale1:0.935522, scale4:0.923264
06-19 16:18:43.274  2018  3127 E libsensor-displayalgo: RGB_test_0407_400_oldzy!
06-19 16:18:43.275  2018  3127 I libsensor-displayalgo: the value of  RESULT3273.648048,1289.341880,1580.361472,594.091708
06-19 16:18:43.275  2018  3127 I libsensor-displayalgo: the value of  getChannelDataCalibrated3432.241265,1194.179099,1836.860744,648.411121
06-19 16:18:43.275  2018  3127 I libsensor-displayalgo: the value of  REAL LUX192.648788
06-19 16:18:43.275  2018  3127 I libsensor-displayalgo: the value of  CAL REAL LUX192.648788
06-19 16:18:43.474   663   767 W ByMatcher: Node returned null child: android.view.accessibility.AccessibilityNodeInfo@305d87; boundsInParent: Rect(0, 0 - 1080, 2135); boundsInScreen: Rect(0, 221 - 1080, 2356); packageName: cn.missevan; className: android.view.ViewGroup; text: null; error: null; maxTextLength: -1; stateDescription: null; contentDescription: null; tooltipText: null; viewIdResName: cn.missevan:id/swipe_refresh_layout; checkable: false; checked: false; focusable: true; focused: false; selected: false; clickable: false; longClickable: false; contextClickable: false; enabled: false; password: false; scrollable: false; importantForAccessibility: true; visible: true; actions: [AccessibilityAction: ACTION_FOCUS - null, AccessibilityAction: ACTION_SELECT - null, AccessibilityAction: ACTION_CLEAR_SELECTION - null, AccessibilityAction: ACTION_ACCESSIBILITY_FOCUS - null, AccessibilityAction: ACTION_SHOW_ON_SCREEN - null]
06-19 16:18:43.475   663   767 W ByMatcher: Skipping null child (1 of 2)
06-19 16:18:43.497  1265  2358 I vendor.qti.hardware.display.composer-service: FrameNotifyProcess Sensor: notify citsensorservice to trigger cwb
06-19 16:18:43.498  2018  2108 I libcitsensorservice@2.0-impl: msg_transfer
06-19 16:18:43.499  2018  3098 D vendor.xiaomi.sensor.citsensorservice@2.0-service: handle id:9 wxh:1280x2400 uwxuh:1080x2400 size: 9216000 fd:15 fd_meta:16 flags:0x4000228 usage:0x33  format:0x3 layer_count: 1
06-19 16:18:43.499  1265  1887 I SDM     : HWCSession::SetCWBOutputBuffer: CWB config passed by cwb_client : tappoint 1  CWB_ROI : (829.000000 4.000000 915.000000 90.000000)
06-19 16:18:43.500  1265  4078 I SDM     : HWCSession::ProcessRequests: Successfully configured CWB buffer.
06-19 16:18:43.505   663   767 I appium  : AppiumResponse: {"sessionId":"692e9e42-c63c-4c22-8e3f-0c2c1818ebcd","value":{"ELEMENT":"00000000-0000-08c6-ffff-ffff00000c3e","element-6066-11e4-a52e-4f735466cecf":"00000000-0000-08c6-ffff-ffff00000c3e"}}
06-19 16:18:43.508  1265  4078 I SDM     : HWCSession::ProcessRequests: Pushing release fence in fenece wait queue.
06-19 16:18:43.508  1265  4078 I SDM     : HWCSession::ProcessRequests: Creating AsyncFenceWaits async thread.
06-19 16:18:43.508  1265  4078 I SDM     : HWCSession::ProcessRequests: Remove current CWB request from the pending request queue.
06-19 16:18:43.509  1265  4078 I SDM     : HWCSession::ProcessRequests: No pending cwb requests found in the queue.
06-19 16:18:43.515  1265  1584 I SDM     : HWDeviceDRM::SetupConcurrentWriteback: Tear down the Concurrent Writeback topology
06-19 16:18:43.519   663   767 I appium  : channel read: POST /wd/hub/session/692e9e42-c63c-4c22-8e3f-0c2c1818ebcd/element/00000000-0000-08c6-ffff-ffff00000c3e/click
06-19 16:18:43.519   663   767 I appium  : Click command
06-19 16:18:43.522  1265  4079 I SDM     : HWCSession::NotifyCWBStatus: Notify the client about buffer status 0.
06-19 16:18:43.522  1265  4079 I SDM     : HWCSession::PerformFenceWaits: Remove current release fence from the pending fence wait queue.
06-19 16:18:43.523  1265  4079 I SDM     : HWCSession::PerformFenceWaits: CWB fence queue is empty. No pending release fence to wait on.
06-19 16:18:43.574  2018  3127 D libsensor-displayalgo: the value of  brightness:438.000000,R:83162175.266168,G:83162175.266168,B:83162175.266168,EVENT_C:6647.000000,EVENT_R:2508.000000,EVENT_G:3408.500000,EVENT_B:1346.000000
06-19 16:18:43.575  2018  3127 I libsensor-displayalgo: the value of  Coef1:1107.681000,Coef4:2.383000, scale1:0.935522, scale4:0.923264
06-19 16:18:43.575  2018  3127 E libsensor-displayalgo: RGB_test_0407_400_oldzy!
06-19 16:18:43.575  2018  3127 I libsensor-displayalgo: the value of  RESULT3273.648048,1289.341880,1580.361472,594.091708
06-19 16:18:43.575  2018  3127 I libsensor-displayalgo: the value of  getChannelDataCalibrated3432.241265,1194.179099,1836.860744,648.411121
06-19 16:18:43.575  2018  3127 I libsensor-displayalgo: the value of  REAL LUX192.187851
06-19 16:18:43.575  2018  3127 I libsensor-displayalgo: the value of  CAL REAL LUX192.187851
06-19 16:18:43.606  5294  6636 W MiuiPerfServiceClient: interceptAndQueuing:899|cn.missevan|100|71|355707822082900|Slow handle traversal|4
06-19 16:18:43.693   663   767 W QueryController: Could not detect idle state.
06-19 16:18:43.823  5405  9716 D SLM-SRV-SLAService: checktemp temperature = 39351 temperature_average = 39372 isPerformanceMode = false thermal_enable_slm = true
06-19 16:18:43.830  1265  2358 I vendor.qti.hardware.display.composer-service: FrameNotifyProcess Sensor: notify citsensorservice to trigger cwb
06-19 16:18:43.830  2018  2108 I libcitsensorservice@2.0-impl: msg_transfer
06-19 16:18:43.831  2018  3098 D vendor.xiaomi.sensor.citsensorservice@2.0-service: handle id:9 wxh:1280x2400 uwxuh:1080x2400 size: 9216000 fd:15 fd_meta:16 flags:0x4000228 usage:0x33  format:0x3 layer_count: 1
06-19 16:18:43.831  1265  1887 I SDM     : HWCSession::SetCWBOutputBuffer: CWB config passed by cwb_client : tappoint 1  CWB_ROI : (829.000000 4.000000 915.000000 90.000000)
06-19 16:18:43.833  1265  4083 I SDM     : HWCSession::ProcessRequests: Successfully configured CWB buffer.
06-19 16:18:43.838  1265  4083 I SDM     : HWCSession::ProcessRequests: Pushing release fence in fenece wait queue.
06-19 16:18:43.838  1265  4083 I SDM     : HWCSession::ProcessRequests: Creating AsyncFenceWaits async thread.
06-19 16:18:43.839  1265  4083 I SDM     : HWCSession::ProcessRequests: Remove current CWB request from the pending request queue.
06-19 16:18:43.839  1265  4083 I SDM     : HWCSession::ProcessRequests: No pending cwb requests found in the queue.
06-19 16:18:43.844  1265  1584 I SDM     : HWDeviceDRM::SetupConcurrentWriteback: Tear down the Concurrent Writeback topology
06-19 16:18:43.854  1265  4084 I SDM     : HWCSession::NotifyCWBStatus: Notify the client about buffer status 0.
06-19 16:18:43.854  1265  4084 I SDM     : HWCSession::PerformFenceWaits: Remove current release fence from the pending fence wait queue.
06-19 16:18:43.854  1265  4084 I SDM     : HWCSession::PerformFenceWaits: CWB fence queue is empty. No pending release fence to wait on.
06-19 16:18:43.873  2018  3127 D libsensor-displayalgo: the value of  brightness:438.000000,R:83162175.266168,G:83162175.266168,B:83162175.266168,EVENT_C:6633.000000,EVENT_R:2504.000000,EVENT_G:3403.500000,EVENT_B:1343.500000
06-19 16:18:43.873  2018  3127 I libsensor-displayalgo: the value of  Coef1:1107.681000,Coef4:2.383000, scale1:0.935522, scale4:0.923264
06-19 16:18:43.873  2018  3127 E libsensor-displayalgo: RGB_test_0407_400_oldzy!
06-19 16:18:43.873  2018  3127 I libsensor-displayalgo: the value of  RESULT3273.648048,1289.341880,1580.361472,594.091708
06-19 16:18:43.873  2018  3127 I libsensor-displayalgo: the value of  getChannelDataCalibrated3432.241265,1194.179099,1836.860744,648.411121
06-19 16:18:43.873  2018  3127 I libsensor-displayalgo: the value of  REAL LUX191.326218
06-19 16:18:43.873  2018  3127 I libsensor-displayalgo: the value of  CAL REAL LUX191.326218
06-19 16:18:43.894   663   767 W QueryController: Could not detect idle state.
06-19 16:18:43.917  2431  4483 D MIUIInput: Input event injection from pid 648, MotionEvent: DOWN
06-19 16:18:43.918  2431  2938 D MIUIInput: [MotionEvent] publisher action=0x4, 355708510, channel '7c87e50 NavigationBar0 (server)'
06-19 16:18:43.918  2431  2938 D MIUIInput: [MotionEvent] publisher action=0x0, 355708510, channel '5d50f45 cn.missevan/cn.missevan.activity.MainActivity (server)'
06-19 16:18:43.918   899   899 D MIUIInput: [MotionEvent] ViewRootImpl windowName 'cn.missevan/cn.missevan.activity.MainActivity', { action=ACTION_DOWN, id[0]=0, pointerCount=1, eventTime=355708510, downTime=355708509, phoneEventTime=16:18:43.910 } moveCount:0
06-19 16:18:43.921  1930  1967 I mstatdaemon: Entering time loop
06-19 16:18:43.922  1930  1967 I mstatdaemon: t = 1687162723
06-19 16:18:43.922  1930  1967 I mstatdaemon: translated_t = 1371172723
06-19 16:18:43.922  1930  1967 I mstat_log: mstatcommitLog log_alloc() failed
06-19 16:18:43.923  2431  4483 D MIUIInput: Input event injection from pid 648, MotionEvent: UP
06-19 16:18:43.924  2431  2938 D MIUIInput: [MotionEvent] publisher action=0x1, 355708510, channel '5d50f45 cn.missevan/cn.missevan.activity.MainActivity (server)'
06-19 16:18:43.925   899   899 D MIUIInput: [MotionEvent] ViewRootImpl windowName 'cn.missevan/cn.missevan.activity.MainActivity', { action=ACTION_UP, id[0]=0, pointerCount=1, eventTime=355708510, downTime=355708509, phoneEventTime=16:18:43.909 } moveCount:0
06-19 16:18:43.934   663   767 I appium  : Waiting up to 100ms for the device to idle
06-19 16:18:43.942   899   899 I HandWritingStubImpl: isKeyboardTypeChanged: false
06-19 16:18:43.943   899   899 I HandWritingStubImpl: isKeyboardTypeChanged: false
06-19 16:18:43.943   899   899 I HandWritingStubImpl: isKeyboardTypeChanged: false
06-19 16:18:43.946   899   899 I HandWritingStubImpl: isKeyboardTypeChanged: false
06-19 16:18:43.951   899   899 D IS_CTS_MODE: true
06-19 16:18:43.951   899   899 D MULTI_WINDOW_SWITCH_ENABLED: false
06-19 16:18:43.963   899   899 I HandWritingStubImpl: isKeyboardTypeChanged: false
06-19 16:18:43.964   899   899 I HandWritingStubImpl: isKeyboardTypeChanged: false
06-19 16:18:43.993  2431  4925 I WindowManagerService: Physical orientation applied, rotation=0 sfOrientation=ORIENTATION_0
06-19 16:18:44.005  1408  4891 I BpBinder: onLastStrongRef automatically unlinking death recipients: <uncached descriptor>
06-19 16:18:44.006  2431  4926 I WindowManagerService: Physical orientation applied, rotation=0 sfOrientation=ORIENTATION_0
06-19 16:18:44.025   899   899 D DecorView[MainActivity]: onWindowFocusChanged hasWindowFocus false
06-19 16:18:44.083   899   899 D DecorView[]: onWindowFocusChanged hasWindowFocus true
06-19 16:18:44.083   899   899 I HandWritingStubImpl: refreshLastKeyboardType: 1
06-19 16:18:44.083   899   899 I HandWritingStubImpl: getCurrentKeyboardType: 1
06-19 16:18:44.083  5809  3719 I SafeBinderCall: onPositionChange binder cost:0
06-19 16:18:44.084  4233  4233 D MiPlayDetailViewModel: onPositionChange(): position = 42479
06-19 16:18:44.086 13581 13581 E BaseInputMethodService: onFinishInput
06-19 16:18:44.087 13581 13581 E BaseInputMethodService: onStartInput
06-19 16:18:44.087   899   899 I HandWritingStubImpl: isKeyboardTypeChanged: false
06-19 16:18:44.090   663   767 W QueryController: Could not detect idle state.
06-19 16:18:44.091   663   767 I appium  : AppiumResponse: {"sessionId":"692e9e42-c63c-4c22-8e3f-0c2c1818ebcd","value":null}
06-19 16:18:44.133  1265  2358 I vendor.qti.hardware.display.composer-service: FrameNotifyProcess Sensor: notify citsensorservice to trigger cwb
06-19 16:18:44.134  2018  2111 I libcitsensorservice@2.0-impl: msg_transfer
06-19 16:18:44.135  2018  3098 D vendor.xiaomi.sensor.citsensorservice@2.0-service: handle id:9 wxh:1280x2400 uwxuh:1080x2400 size: 9216000 fd:15 fd_meta:16 flags:0x4000228 usage:0x33  format:0x3 layer_count: 1
06-19 16:18:44.135  1265  1887 I SDM     : HWCSession::SetCWBOutputBuffer: CWB config passed by cwb_client : tappoint 1  CWB_ROI : (829.000000 4.000000 915.000000 90.000000)
06-19 16:18:44.136  1265  4087 I SDM     : HWCSession::ProcessRequests: Successfully configured CWB buffer.
06-19 16:18:44.143  5294  6636 W MiuiPerfServiceClient: interceptAndQueuing:899|cn.missevan|146|64|355708682606493|Slow main thread|3
06-19 16:18:44.152  1265  4087 I SDM     : HWCSession::ProcessRequests: Pushing release fence in fenece wait queue.
06-19 16:18:44.152  1265  4087 I SDM     : HWCSession::ProcessRequests: Creating AsyncFenceWaits async thread.
06-19 16:18:44.152  1265  4087 I SDM     : HWCSession::ProcessRequests: Remove current CWB request from the pending request queue.
06-19 16:18:44.152  1265  4087 I SDM     : HWCSession::ProcessRequests: No pending cwb requests found in the queue.
06-19 16:18:44.153  1265  1584 I SDM     : HWDeviceDRM::SetupConcurrentWriteback: Tear down the Concurrent Writeback topology
06-19 16:18:44.161  1265  4088 I SDM     : HWCSession::NotifyCWBStatus: Notify the client about buffer status 0.
06-19 16:18:44.162  1265  4088 I SDM     : HWCSession::PerformFenceWaits: Remove current release fence from the pending fence wait queue.
06-19 16:18:44.162  1265  4088 I SDM     : HWCSession::PerformFenceWaits: CWB fence queue is empty. No pending release fence to wait on.
06-19 16:18:44.173  2018  3127 D libsensor-displayalgo: the value of  brightness:438.000000,R:16894207.081683,G:16866390.309685,B:17041101.118154,EVENT_C:5866.000000,EVENT_R:2251.500000,EVENT_G:2982.500000,EVENT_B:1177.000000
06-19 16:18:44.173  2018  3127 I libsensor-displayalgo: the value of  Coef1:1107.681000,Coef4:2.383000, scale1:0.935522, scale4:0.923264
06-19 16:18:44.173  2018  3127 E libsensor-displayalgo: RGB_test_0407_400_oldzy!
06-19 16:18:44.173  2018  3127 I libsensor-displayalgo: the value of  RESULT1101.690922,426.516891,561.906346,190.530576
06-19 16:18:44.173  2018  3127 I libsensor-displayalgo: the value of  getChannelDataCalibrated1155.062788,395.036852,653.106094,207.951302
06-19 16:18:44.173  2018  3127 I libsensor-displayalgo: the value of  REAL LUX289.747314
06-19 16:18:44.173  2018  3127 I libsensor-displayalgo: the value of  CAL REAL LUX289.747314
06-19 16:18:44.407  2431  3286 D MiuiNetworkPolicy: updateLimit mLimitEnabled=false,enabled=true,mNetworkPriorityMode=1
06-19 16:18:44.474  2018  3127 D libsensor-displayalgo: the value of  brightness:438.000000,R:16894207.081683,G:16866390.309685,B:17041101.118154,EVENT_C:5866.000000,EVENT_R:2251.500000,EVENT_G:2982.500000,EVENT_B:1177.000000
06-19 16:18:44.474  2018  3127 I libsensor-displayalgo: the value of  Coef1:1107.681000,Coef4:2.383000, scale1:0.935522, scale4:0.923264
06-19 16:18:44.474  2018  3127 E libsensor-displayalgo: RGB_test_0407_400_oldzy!
06-19 16:18:44.474  2018  3127 I libsensor-displayalgo: the value of  RESULT1101.690922,426.516891,561.906346,190.530576
06-19 16:18:44.474  2018  3127 I libsensor-displayalgo: the value of  getChannelDataCalibrated1155.062788,395.036852,653.106094,207.951302
06-19 16:18:44.474  2018  3127 I libsensor-displayalgo: the value of  REAL LUX289.747314
06-19 16:18:44.474  2018  3127 I libsensor-displayalgo: the value of  CAL REAL LUX289.747314
06-19 16:18:44.482  1265  2358 I vendor.qti.hardware.display.composer-service: FrameNotifyProcess Sensor: notify citsensorservice to trigger cwb
06-19 16:18:44.483  2018  2018 I libcitsensorservice@2.0-impl: msg_transfer
06-19 16:18:44.486  2018  3098 D vendor.xiaomi.sensor.citsensorservice@2.0-service: handle id:9 wxh:1280x2400 uwxuh:1080x2400 size: 9216000 fd:15 fd_meta:16 flags:0x4000228 usage:0x33  format:0x3 layer_count: 1
06-19 16:18:44.486  1265  1887 I SDM     : HWCSession::SetCWBOutputBuffer: CWB config passed by cwb_client : tappoint 1  CWB_ROI : (829.000000 4.000000 915.000000 90.000000)
06-19 16:18:44.488  1265  4090 I SDM     : HWCSession::ProcessRequests: Successfully configured CWB buffer.
06-19 16:18:44.497  1265  4090 I SDM     : HWCSession::ProcessRequests: Pushing release fence in fenece wait queue.
06-19 16:18:44.498  1265  4090 I SDM     : HWCSession::ProcessRequests: Creating AsyncFenceWaits async thread.
06-19 16:18:44.498  1265  4090 I SDM     : HWCSession::ProcessRequests: Remove current CWB request from the pending request queue.
06-19 16:18:44.498  1265  4090 I SDM     : HWCSession::ProcessRequests: No pending cwb requests found in the queue.
06-19 16:18:44.502  1265  1584 I SDM     : HWDeviceDRM::SetupConcurrentWriteback: Tear down the Concurrent Writeback topology
06-19 16:18:44.510  1265  4092 I SDM     : HWCSession::NotifyCWBStatus: Notify the client about buffer status 0.
06-19 16:18:44.510  1265  4092 I SDM     : HWCSession::PerformFenceWaits: Remove current release fence from the pending fence wait queue.
06-19 16:18:44.510  1265  4092 I SDM     : HWCSession::PerformFenceWaits: CWB fence queue is empty. No pending release fence to wait on.
06-19 16:18:44.774  2018  3127 D libsensor-displayalgo: the value of  brightness:438.000000,R:5839427.745025,G:5838004.606291,B:5844250.476950,EVENT_C:3730.000000,EVENT_R:1525.500000,EVENT_G:1821.000000,EVENT_B:747.500000
06-19 16:18:44.774  2018  3127 I libsensor-displayalgo: the value of  Coef1:1107.681000,Coef4:2.383000, scale1:0.935522, scale4:0.923264
06-19 16:18:44.774  2018  3127 E libsensor-displayalgo: RGB_black_white_scenario_0822!
06-19 16:18:44.774  2018  3127 I libsensor-displayalgo: the value of  RESULT187.441018,65.845872,100.816915,33.677715
06-19 16:18:44.774  2018  3127 I libsensor-displayalgo: the value of  getChannelDataCalibrated196.521674,60.985969,117.179922,36.756960
06-19 16:18:44.774  2018  3127 I libsensor-displayalgo: the value of  REAL LUX213.945602
06-19 16:18:44.774  2018  3127 I libsensor-displayalgo: the value of  CAL REAL LUX213.945602
06-19 16:18:44.774  2018  3127 I libsensor-ssccalapi: value of set_lux: 213.945602
06-19 16:18:44.794  1265  2358 I vendor.qti.hardware.display.composer-service: FrameNotifyProcess Sensor: notify citsensorservice to trigger cwb
06-19 16:18:44.796  2018  2108 I libcitsensorservice@2.0-impl: msg_transfer
06-19 16:18:44.796  2018  3098 D vendor.xiaomi.sensor.citsensorservice@2.0-service: handle id:9 wxh:1280x2400 uwxuh:1080x2400 size: 9216000 fd:15 fd_meta:16 flags:0x4000228 usage:0x33  format:0x3 layer_count: 1
06-19 16:18:44.796  1265  1887 I SDM     : HWCSession::SetCWBOutputBuffer: CWB config passed by cwb_client : tappoint 1  CWB_ROI : (829.000000 4.000000 915.000000 90.000000)
06-19 16:18:44.797  1265  4096 I SDM     : HWCSession::ProcessRequests: Successfully configured CWB buffer.
06-19 16:18:44.802  1265  4096 I SDM     : HWCSession::ProcessRequests: Pushing release fence in fenece wait queue.
06-19 16:18:44.802  1265  4096 I SDM     : HWCSession::ProcessRequests: Creating AsyncFenceWaits async thread.
06-19 16:18:44.803  1265  4096 I SDM     : HWCSession::ProcessRequests: Remove current CWB request from the pending request queue.
06-19 16:18:44.803  1265  4096 I SDM     : HWCSession::ProcessRequests: No pending cwb requests found in the queue.
06-19 16:18:44.807  1265  1584 I SDM     : HWDeviceDRM::SetupConcurrentWriteback: Tear down the Concurrent Writeback topology
06-19 16:18:44.814  1265  4098 I SDM     : HWCSession::NotifyCWBStatus: Notify the client about buffer status 0.
06-19 16:18:44.815  1265  4098 I SDM     : HWCSession::PerformFenceWaits: Remove current release fence from the pending fence wait queue.
06-19 16:18:44.815  1265  4098 I SDM     : HWCSession::PerformFenceWaits: CWB fence queue is empty. No pending release fence to wait on.
06-19 16:18:44.874  1309  1309 D SRE     : sensorCallback mDisplayId = 0 dataCallback value=< 213.9450, 224.8792, 438.0000>,time=451298473617522, sensor=5, temperature(K)= 224.8792
06-19 16:18:44.875  1309  1309 D SRE     : setSREStrength mDisplayId = 0, mLastLux = 191, lux = 213, mSREEnabled = 1, mLastFreezeStatus = 0, freeze = 0
06-19 16:18:45.075  2018  3127 D libsensor-displayalgo: the value of  brightness:438.000000,R:5839427.745025,G:5838004.606291,B:5844250.476950,EVENT_C:3730.000000,EVENT_R:1525.000000,EVENT_G:1820.000000,EVENT_B:746.500000
06-19 16:18:45.075  2018  3127 I libsensor-displayalgo: the value of  Coef1:1107.681000,Coef4:2.383000, scale1:0.935522, scale4:0.923264
06-19 16:18:45.075  2018  3127 E libsensor-displayalgo: RGB_black_white_scenario_0822!
06-19 16:18:45.075  2018  3127 I libsensor-displayalgo: the value of  RESULT187.441018,65.845872,100.816915,33.677715
06-19 16:18:45.075  2018  3127 I libsensor-displayalgo: the value of  getChannelDataCalibrated196.521674,60.985969,117.179922,36.756960
06-19 16:18:45.075  2018  3127 I libsensor-displayalgo: the value of  REAL LUX214.000183
06-19 16:18:45.075  2018  3127 I libsensor-displayalgo: the value of  CAL REAL LUX214.000183
06-19 16:18:45.082  4233  4233 D MiPlayDetailViewModel: onPositionChange(): position = 43478
06-19 16:18:45.082  5809  3719 I SafeBinderCall: onPositionChange binder cost:0
06-19 16:18:45.096  1265  2358 I vendor.qti.hardware.display.composer-service: FrameNotifyProcess Sensor: notify citsensorservice to trigger cwb
06-19 16:18:45.097  2018  2108 I libcitsensorservice@2.0-impl: msg_transfer
06-19 16:18:45.097  2018  3098 D vendor.xiaomi.sensor.citsensorservice@2.0-service: handle id:9 wxh:1280x2400 uwxuh:1080x2400 size: 9216000 fd:15 fd_meta:16 flags:0x4000228 usage:0x33  format:0x3 layer_count: 1
06-19 16:18:45.098  1265  1887 I SDM     : HWCSession::SetCWBOutputBuffer: CWB config passed by cwb_client : tappoint 1  CWB_ROI : (829.000000 4.000000 915.000000 90.000000)
06-19 16:18:45.102  1265  4102 I SDM     : HWCSession::ProcessRequests: Successfully configured CWB buffer.
06-19 16:18:45.113  1265  4102 I SDM     : HWCSession::ProcessRequests: Pushing release fence in fenece wait queue.
06-19 16:18:45.113  1265  4102 I SDM     : HWCSession::ProcessRequests: Creating AsyncFenceWaits async thread.
06-19 16:18:45.113  1265  4102 I SDM     : HWCSession::ProcessRequests: Remove current CWB request from the pending request queue.
06-19 16:18:45.113  1265  4102 I SDM     : HWCSession::ProcessRequests: No pending cwb requests found in the queue.
06-19 16:18:45.120  1265  1584 I SDM     : HWDeviceDRM::SetupConcurrentWriteback: Tear down the Concurrent Writeback topology
06-19 16:18:45.125   663   767 I appium  : channel read: POST /wd/hub/session/692e9e42-c63c-4c22-8e3f-0c2c1818ebcd/elements
06-19 16:18:45.125   663   767 I appium  : FindElements command
06-19 16:18:45.126   663   767 I appium  : method: 'class name', selector: 'android.widget.ImageView'
06-19 16:18:45.127   663   767 I appium  : Waiting up to 100ms for the device to idle
06-19 16:18:45.127  1265  4103 I SDM     : HWCSession::NotifyCWBStatus: Notify the client about buffer status 0.
06-19 16:18:45.128  1265  4103 I SDM     : HWCSession::PerformFenceWaits: Remove current release fence from the pending fence wait queue.
06-19 16:18:45.128  1265  4103 I SDM     : HWCSession::PerformFenceWaits: CWB fence queue is empty. No pending release fence to wait on.
06-19 16:18:45.273   663   767 I appium  : Caching 46 found elements
06-19 16:18:45.293   663   767 I appium  : Cached 46 elements
06-19 16:18:45.297   663   767 I appium  : AppiumResponse: {"sessionId":"692e9e42-c63c-4c22-8e3f-0c2c1818ebcd","value":[{"ELEMENT":"00000000-0000-08e8-ffff-ffff00000f28","element-6066-11e4-a52e-4f735466cecf":"00000000-0000-08e8-ffff-ffff00000f28"},{"ELEMENT":"00000000-0000-08e8-ffff-ffff00000f4a","element-6066-11e4-a52e-4f735466cecf":"00000000-0000-08e8-fff…
06-19 16:18:45.314   663   767 I appium  : channel read: POST /wd/hub/session/692e9e42-c63c-4c22-8e3f-0c2c1818ebcd/element/00000000-0000-08e8-ffff-ffff00000f4a/click
06-19 16:18:45.315   663   767 I appium  : Click command
06-19 16:18:45.333  2431  4925 D MIUIInput: Input event injection from pid 648, MotionEvent: DOWN
06-19 16:18:45.334  2431  2938 D MIUIInput: [MotionEvent] publisher action=0x4, 355709924, channel '7c87e50 NavigationBar0 (server)'
06-19 16:18:45.334  2431  2938 D MIUIInput: [MotionEvent] publisher action=0x0, 355709924, channel 'a44dd39 cn.missevan/cn.missevan.activity.MainActivity (server)'
06-19 16:18:45.334   899   899 D MIUIInput: [MotionEvent] ViewRootImpl windowName 'cn.missevan/cn.missevan.activity.MainActivity', { action=ACTION_DOWN, id[0]=0, pointerCount=1, eventTime=355709924, downTime=355709923, phoneEventTime=16:18:45.324 } moveCount:0
06-19 16:18:45.340  2431  4925 D MIUIInput: Input event injection from pid 648, MotionEvent: UP
06-19 16:18:45.340  2431  2938 D MIUIInput: [MotionEvent] publisher action=0x1, 355709924, channel 'a44dd39 cn.missevan/cn.missevan.activity.MainActivity (server)'
06-19 16:18:45.341   899   899 D MIUIInput: [MotionEvent] ViewRootImpl windowName 'cn.missevan/cn.missevan.activity.MainActivity', { action=ACTION_UP, id[0]=0, pointerCount=1, eventTime=355709924, downTime=355709923, phoneEventTime=16:18:45.323 } moveCount:0
06-19 16:18:45.343   899   899 I HandWritingStubImpl: isKeyboardTypeChanged: false
06-19 16:18:45.343   899   899 I HandWritingStubImpl: isKeyboardTypeChanged: false
06-19 16:18:45.350   663   767 I appium  : Waiting up to 100ms for the device to idle
