06-14 15:54:40.580  2018  3098 D vendor.xiaomi.sensor.citsensorservice@2.0-service: handle id:9 wxh:1280x2400 uwxuh:1080x2400 size: 9216000 fd:15 fd_meta:16 flags:0x4000228 usage:0x33  format:0x3 layer_count: 1
06-14 15:54:40.580  1265  1890 I SDM     : HWCSession::SetCWBOutputBuffer: CWB config passed by cwb_client : tappoint 1  CWB_ROI : (829.000000 4.000000 915.000000 90.000000)
06-14 15:54:40.581  1265  8555 I SDM     : HWCSession::ProcessRequests: Successfully configured CWB buffer.
06-14 15:54:40.586  2431  2893 I WindowManagerService: Physical orientation applied, rotation=0 sfOrientation=ORIENTATION_0
06-14 15:54:40.589  1265  8555 I SDM     : HWCSession::ProcessRequests: Pushing release fence in fenece wait queue.
06-14 15:54:40.589  1265  8555 I SDM     : HWCSession::ProcessRequests: Creating AsyncFenceWaits async thread.
06-14 15:54:40.590  1265  8555 I SDM     : HWCSession::ProcessRequests: Remove current CWB request from the pending request queue.
06-14 15:54:40.590  1265  8555 I SDM     : HWCSession::ProcessRequests: No pending cwb requests found in the queue.
06-14 15:54:40.594  1265  1584 I SDM     : HWDeviceDRM::SetupConcurrentWriteback: Tear down the Concurrent Writeback topology
06-14 15:54:40.595  7018  7018 I HandWritingStubImpl: isKeyboardTypeChanged: false
06-14 15:54:40.595  7018  7018 I HandWritingStubImpl: isKeyboardTypeChanged: false
06-14 15:54:40.596  2018  3127 D libsensor-displayalgo: the value of  brightness:438.000000,R:83161281.165714,G:83161281.165714,B:83161281.165714,EVENT_C:6260.000000,EVENT_R:2324.500000,EVENT_G:3244.000000,EVENT_B:1280.000000
06-14 15:54:40.596  2018  3127 I libsensor-displayalgo: the value of  Coef1:1107.681000,Coef4:2.383000, scale1:0.935522, scale4:0.923264
06-14 15:54:40.596  2018  3127 E libsensor-displayalgo: RGB_test_0407_400_oldzy!
06-14 15:54:40.596  7018  7018 I HandWritingStubImpl: isKeyboardTypeChanged: false
06-14 15:54:40.596  7018  7018 I HandWritingStubImpl: isKeyboardTypeChanged: false
06-14 15:54:40.596  2018  3127 I libsensor-displayalgo: the value of  RESULT3273.624374,1289.334093,1580.351066,594.087548
06-14 15:54:40.596  2018  3127 I libsensor-displayalgo: the value of  getChannelDataCalibrated3432.216444,1194.171887,1836.848649,648.406581
06-14 15:54:40.596  2018  3127 I libsensor-displayalgo: the value of  REAL LUX169.672211
06-14 15:54:40.596  2018  3127 I libsensor-displayalgo: the value of  CAL REAL LUX169.672211
06-14 15:54:40.597  7018  7018 I HandWritingStubImpl: isKeyboardTypeChanged: false
06-14 15:54:40.598  7018  7018 I HandWritingStubImpl: isKeyboardTypeChanged: false
06-14 15:54:40.598  7018  7018 I HandWritingStubImpl: isKeyboardTypeChanged: false
06-14 15:54:40.598  7018  7018 I HandWritingStubImpl: isKeyboardTypeChanged: false
06-14 15:54:40.603  1265  8558 I SDM     : HWCSession::NotifyCWBStatus: Notify the client about buffer status 0.
06-14 15:54:40.604  1265  8558 I SDM     : HWCSession::PerformFenceWaits: Remove current release fence from the pending fence wait queue.
06-14 15:54:40.604  1265  8558 I SDM     : HWCSession::PerformFenceWaits: CWB fence queue is empty. No pending release fence to wait on.
06-14 15:54:40.631  2431  4925 I WindowManagerService: Physical orientation applied, rotation=0 sfOrientation=ORIENTATION_0
06-14 15:54:40.649  2431  4925 I WindowManagerService: Physical orientation applied, rotation=0 sfOrientation=ORIENTATION_0
06-14 15:54:40.666  7018  7028 I cn.missevan: This is non sticky GC, maxfree is 8388608 minfree is 2097152
06-14 15:54:40.666  7018  7028 I cn.missevan: Background concurrent copying GC freed 333910(12MB) AllocSpace objects, 41(7780KB) LOS objects, 37% free, 40MB/64MB, paused 159us,64us total 153.924ms
06-14 15:54:40.667  7239  7239 I @@@BBPLOG: Info T847DE4F8 CPlayMain L283 The Session UUID: 7cb8feaf-f82c-4f48-a51c-e5d06289fc6e
06-14 15:54:40.669  7239  7239 I @@@BBPLOG: Info T847DE4F8 bbPlayer L143 Open source: http://cn-jxjj-ct-01-02.bilivideo.com/mefmxcodeboss/aod/202008/09/a8ed53e7fcc22eaf6755411db3a5a8b8200456-128k.m4a?e=ig8euxZM2rNcNbdlhoNvNC8BqJIzNbfqXBvEuENvNC8aNEVEtEvE9IMvXBvE2ENvNCImNEVEIj0Y2J_aug859r1qXg8xNEVE5XREto8GuFGv2U7SuxI72X6fTr859IB_&uipk=5&nbs=1&deadline=1686736480&gen=playurlv2&os=bcache&oi=3729190097&trid=0000ea16b0c8f2364892a48d0f9032618029B&mid=0&platform=android&upsig=a88fc7a10ed05d6ca7d1bd14bcb521df&uparams=e,uipk,nbs,deadline,gen,os,oi,trid,mid,platform&cdnid=4262&bvc=vod&nettype=0&orderid=0,1&logo=00000000
06-14 15:54:40.670  7239  7421 I @@@BBPLOG: Info TAA2D1CB0 CPlayMain L707 Open task cache enable
06-14 15:54:40.680  7239  7421 I @@@BBPLOG: Info TAA2D1CB0 CFileSrc L53 Open url: http://cn-jxjj-ct-01-02.bilivideo.com/mefmxcodeboss/aod/202008/09/a8ed53e7fcc22eaf6755411db3a5a8b8200456-128k.m4a?e=ig8euxZM2rNcNbdlhoNvNC8BqJIzNbfqXBvEuENvNC8aNEVEtEvE9IMvXBvE2ENvNCImNEVEIj0Y2J_aug859r1qXg8xNEVE5XREto8GuFGv2U7SuxI72X6fTr859IB_&uipk=5&nbs=1&deadline=1686736480&gen=playurlv2&os=bcache&oi=3729190097&trid=0000ea16b0c8f2364892a48d0f9032618029B&mid=0&platform=android&upsig=a88fc7a10ed05d6ca7d1bd14bcb521df&uparams=e,uipk,nbs,deadline,gen,os,oi,trid,mid,platform&cdnid=4262&bvc=vod&nettype=0&orderid=0,1&logo=00000000, flag: 0x1000
06-14 15:54:40.681  7239  7421 I @@@BBPLOG: Info TAA2D1CB0 CCronetHttpIO L348 [0x71b03d30c0] Open, url: http://cn-jxjj-ct-01-02.bilivideo.com/mefmxcodeboss/aod/202008/09/a8ed53e7fcc22eaf6755411db3a5a8b8200456-128k.m4a?e=ig8euxZM2rNcNbdlhoNvNC8BqJIzNbfqXBvEuENvNC8aNEVEtEvE9IMvXBvE2ENvNCImNEVEIj0Y2J_aug859r1qXg8xNEVE5XREto8GuFGv2U7SuxI72X6fTr859IB_&uipk=5&nbs=1&deadline=1686736480&gen=playurlv2&os=bcache&oi=3729190097&trid=0000ea16b0c8f2364892a48d0f9032618029B&mid=0&platform=android&upsig=a88fc7a10ed05d6ca7d1bd14bcb521df&uparams=e,uipk,nbs,deadline,gen,os,oi,trid,mid,platform&cdnid=4262&bvc=vod&nettype=0&orderid=0,1&logo=00000000, offset: 0
06-14 15:54:40.742  5809  5809 I Cir_Miplay_ActiveAudioSessionManager: dispatchTopActiveSessionChangeCallbackLocked, size:1
06-14 15:54:40.742  5809  5809 I Cir_Miplay_MiPlayAudioService: onTopActiveSessionChange, cn.missevan
06-14 15:54:40.742  5809  5809 I Cir_Miplay_MiPlayAudioService: topActiveSessionChange appId:cn.missevan
06-14 15:54:40.743  5809  5809 I Cir_Miplay_MiPlayAudioStatUtils: recordPackageName:cn.missevan
06-14 15:54:40.743  3844  4724 V Avrcp_ext: onMetadataChanged
06-14 15:54:40.743  5809  5809 I Cir_Miplay_MiPlayAudioStatUtils: packageNameEquals.
06-14 15:54:40.743  5809  5809 I Cir_Miplay_ActiveSessionRecord: dispatch meta change, MediaMetaData{mArtist='Megrezz', mAlbum='null', mTitle=' | ', mArt=valid, mDuration=2968581, mLrc='null'}
06-14 15:54:40.743  5809  5809 I Cir_Miplay_MiPlayAudioService: dispatchMetaChange:cn.missevan  ActiveSsionPackageName:cn.missevan
06-14 15:54:40.745  3844  4724 V Avrcp_ext: updateCurrentMediaState: mMediaController: MediaController (cn.missevan@8f49cf1)  | , Megrezz, null
06-14 15:54:40.745  3844  4724 V Avrcp_ext: updateCurrentMediaState: isPlaying = false
06-14 15:54:40.745  3844  4724 W Avrcp_ext: isMusicActive: true getBluetoothPlayState: 1 A2dp State: 11 mAudioPlaybackIsActive: true
06-14 15:54:40.745  3844  4724 D Avrcp_ext: isMusicActive = true mAudioPlaybackIsActive = true player state = PlaybackState {state=3, position=16417, buffered position=0, speed=1.0, updated=17854348, actions=894, custom actions=[], active item id=-1, error=null}
06-14 15:54:40.745  5809  5809 I MiPlayProxyDeviceManager: onTopActiveSessionChange, cn.missevan
06-14 15:54:40.746  3844  4724 D Avrcp_ext: overwrite album_artist :if album is blank
06-14 15:54:40.746  5809  5809 I SafeBinderCall: onTopActiveSessionChange binder cost:0
06-14 15:54:40.746  3844  4724 V Avrcp_ext: Media update: id -1-1? [MediaAttributes:  -  by Mz (2968581 0/0) - ] : [MediaAttributes:  -  by Mz (90093 0/0) - ]
06-14 15:54:40.746  3844  4724 D Avrcp_ext: isPackageNameValid: browsedPackage = cn.missevanisValid = true
06-14 15:54:40.746  3844  4724 V Avrcp_ext: isBrowseSupported for cn.missevan: false
06-14 15:54:40.746  3844  4724 V Avrcp_ext: Send track changed
06-14 15:54:40.747  3844  4724 V Avrcp_ext: updatePlaybackState, state: PlaybackState {state=3, position=16417, buffered position=0, speed=1.0, updated=17854348, actions=894, custom actions=[], active item id=-1, error=null} device: null
06-14 15:54:40.747  3844  4724 V Avrcp_ext: Device: no name:
06-14 15:54:40.747  3844  4724 V Avrcp_ext: Device: no name:
06-14 15:54:40.747  3844  4724 V Avrcp_ext: Device: no name:
06-14 15:54:40.747  3844  4724 V Avrcp_ext: Device: no name:
06-14 15:54:40.747  3844  4724 V Avrcp_ext: Device: no name:
06-14 15:54:40.747  3844  4724 V Avrcp_ext: updatePlayerStateAndPosition, old=PlaybackState {state=3, position=6917, buffered position=0, speed=1.0, updated=17844848, actions=894, custom actions=[], active item id=-1, error=null}, state=PlaybackState {state=3, position=16417, buffered position=0, speed=1.0, updated=17854348, actions=894, custom actions=[], active item id=-1, error=null}
06-14 15:54:40.747  3844  4724 V Avrcp_ext: old state = PlaybackState {state=3, position=6917, buffered position=0, speed=1.0, updated=17844848, actions=894, custom actions=[], active item id=-1, error=null}, new state= PlaybackState {state=3, position=16417, buffered position=0, speed=1.0, updated=17854348, actions=894, custom actions=[], active item id=-1, error=null}
06-14 15:54:40.747  3844  4724 D HeadsetService: getHeadsetService(): returning com.android.bluetooth.hfp.HeadsetService@7e2faf
06-14 15:54:40.747  3844  4724 D HeadsetService:  isAudioOn: The number of audio connected devices 0
06-14 15:54:40.747  3844  4724 D HeadsetService: isScoOrCallActive(): Call Active:falseCall is Ringing:falseSCO is Active:false
06-14 15:54:40.747  3844  4724 D HeadsetService:  isAudioOn: The number of audio connected devices 0
06-14 15:54:40.747  3844  4724 V Avrcp_ext: isPlayStateTobeUpdated: device: null
06-14 15:54:40.747  3844  4724 V Avrcp_ext: Single connection exists
06-14 15:54:40.747  3844  4724 D HeadsetService:  isAudioOn: The number of audio connected devices 0
06-14 15:54:40.747  3844  4724 D HeadsetService: isScoOrCallActive(): Call Active:falseCall is Ringing:falseSCO is Active:false
06-14 15:54:40.747  3844  4724 D HeadsetService:  isAudioOn: The number of audio connected devices 0
06-14 15:54:40.747  3844  4724 V Avrcp_ext: isPlayStateTobeUpdated: device: null
06-14 15:54:40.747  3844  4724 V Avrcp_ext: Single connection exists
06-14 15:54:40.747  3844  4724 D HeadsetService:  isAudioOn: The number of audio connected devices 0
06-14 15:54:40.747  3844  4724 D HeadsetService: isScoOrCallActive(): Call Active:falseCall is Ringing:falseSCO is Active:false
06-14 15:54:40.747  3844  4724 D HeadsetService:  isAudioOn: The number of audio connected devices 0
06-14 15:54:40.747  3844  4724 V Avrcp_ext: isPlayStateTobeUpdated: device: null
06-14 15:54:40.747  3844  4724 V Avrcp_ext: Single connection exists
06-14 15:54:40.747  3844  4724 D HeadsetService:  isAudioOn: The number of audio connected devices 0
06-14 15:54:40.747  3844  4724 D HeadsetService: isScoOrCallActive(): Call Active:falseCall is Ringing:falseSCO is Active:false
06-14 15:54:40.747  3844  4724 D HeadsetService:  isAudioOn: The number of audio connected devices 0
06-14 15:54:40.747  3844  4724 V Avrcp_ext: isPlayStateTobeUpdated: device: null
06-14 15:54:40.747  3844  4724 V Avrcp_ext: Single connection exists
06-14 15:54:40.747  3844  4724 D HeadsetService:  isAudioOn: The number of audio connected devices 0
06-14 15:54:40.747  3844  4724 D HeadsetService: isScoOrCallActive(): Call Active:falseCall is Ringing:falseSCO is Active:false
06-14 15:54:40.747  3844  4724 D HeadsetService:  isAudioOn: The number of audio connected devices 0
06-14 15:54:40.747  3844  4724 V Avrcp_ext: isPlayStateTobeUpdated: device: null
06-14 15:54:40.747  3844  4724 V Avrcp_ext: Single connection exists
06-14 15:54:40.747  3844  4724 D Avrcp_ext: Enter sendPlayPosNotificationRsp
06-14 15:54:40.747  3844  4724 D Avrcp_ext: sendPlayPosNotificationRsp: Not registered or requesting.
06-14 15:54:40.747  3844  4724 D Avrcp_ext: Enter sendPlayPosNotificationRsp
06-14 15:54:40.747  3844  4724 D Avrcp_ext: sendPlayPosNotificationRsp: Not registered or requesting.
06-14 15:54:40.747  3844  4724 D Avrcp_ext: Enter sendPlayPosNotificationRsp
06-14 15:54:40.747  3844  4724 D Avrcp_ext: sendPlayPosNotificationRsp: Not registered or requesting.
06-14 15:54:40.747  3844  4724 D Avrcp_ext: Enter sendPlayPosNotificationRsp
06-14 15:54:40.747  3844  4724 D Avrcp_ext: sendPlayPosNotificationRsp: Not registered or requesting.
06-14 15:54:40.747  3844  4724 D Avrcp_ext: Enter sendPlayPosNotificationRsp
06-14 15:54:40.747  3844  4724 D Avrcp_ext: sendPlayPosNotificationRsp: Not registered or requesting.
06-14 15:54:40.747  3844  4724 V Avrcp_ext: Exit updatePlayerStateAndPosition
06-14 15:54:40.747  5809  6131 I SafeBinderCall: onActiveAudioSessionChange binder cost:1
06-14 15:54:40.748  5809  5809 I SafeBinderCall: onMediaMetaChange binder cost:1
06-14 15:54:40.748  4233  4233 D MiPlayDetailViewModel: onActiveAudioSessionChange(): audioSessionList?.size = 1
06-14 15:54:40.751  4233  4233 I SafeBinderCall: call getMediaMetaData binder cost:1
06-14 15:54:40.752  5809 14611 I Cir_Miplay_MiPlayAudioService: dispatchMetaChange:MediaMetaData{mArtist='Megrezz', mAlbum='null', mTitle=' | ', mArt=valid, mDuration=2968581, mLrc='null'}
06-14 15:54:40.752  5809  5809 I MiPlayClientSDK: =======================================================================
06-14 15:54:40.752  5809  5809 I MiPlayClientSDK: onMediaInfoChange start
06-14 15:54:40.752  5809  5809 I MiPlayClientSDK: local_device_id, MediaMetaData{mArtist='Megrezz', mAlbum='null', mTitle=' | ', mDuration=2968581, mId='', mCoverUrl='', mStatus=0, mVolume=0, mArt=android.graphics.Bitmap@8953ede, mPosition=0, mLrc='null', mPackgeName='cn.missevan', mSourceName='2738969101Xiaomi Civi 2', mDeviceState=2}
06-14 15:54:40.752  5809  5809 I MiPlayClientSDK: onMediaInfoChange end
06-14 15:54:40.752  5809  5809 I MiPlayClientSDK: =======================================================================
06-14 15:54:40.752  5809  5809 I MiPlayProxyDeviceManager: onMediaInfoChange
06-14 15:54:40.752  5809  5809 I MiPlay  : onMediaMetaChanged,local_device_id, meta:MediaMetaData{mArtist='Megrezz', mAlbum='null', mTitle=' | ', mDuration=2968581, art:valid}
06-14 15:54:40.752  5809 14611 I Cir_Miplay_MetaInfoManager: setMetadata.
06-14 15:54:40.752  4233  4233 I SafeBinderCall: call getPosition binder cost:0
06-14 15:54:40.753  4233  4233 I SafeBinderCall: call getPlaybackState binder cost:1
06-14 15:54:40.788  7239  7445 I @@@BBPLOG: Info T14545CB0 CCronetHttpIO L130 [0x71b03d30c0] HTTP unknown Status: 200
06-14 15:54:40.791  7239  7421 I @@@BBPLOG: Info TAA2D1CB0 CCacheIO L238 Open done, IOProtocol: unknown+cache
06-14 15:54:40.813  7239  7421 I @@@BBPLOG: Info TAA2D1CB0 CSrcEng L115 The source format is: 1, size: 12343, 70797466
06-14 15:54:40.883  1265  2358 I vendor.qti.hardware.display.composer-service: FrameNotifyProcess Sensor: notify citsensorservice to trigger cwb
06-14 15:54:40.883  2018  2111 I libcitsensorservice@2.0-impl: msg_transfer
06-14 15:54:40.884  2018  3098 D vendor.xiaomi.sensor.citsensorservice@2.0-service: handle id:9 wxh:1280x2400 uwxuh:1080x2400 size: 9216000 fd:15 fd_meta:16 flags:0x4000228 usage:0x33  format:0x3 layer_count: 1
06-14 15:54:40.884  1265  1890 I SDM     : HWCSession::SetCWBOutputBuffer: CWB config passed by cwb_client : tappoint 1  CWB_ROI : (829.000000 4.000000 915.000000 90.000000)
06-14 15:54:40.887  1265  8570 I SDM     : HWCSession::ProcessRequests: Successfully configured CWB buffer.
06-14 15:54:40.894  1265  8570 I SDM     : HWCSession::ProcessRequests: Pushing release fence in fenece wait queue.
06-14 15:54:40.895  1265  8570 I SDM     : HWCSession::ProcessRequests: Creating AsyncFenceWaits async thread.
06-14 15:54:40.895  1265  8570 I SDM     : HWCSession::ProcessRequests: Remove current CWB request from the pending request queue.
06-14 15:54:40.895  1265  8570 I SDM     : HWCSession::ProcessRequests: No pending cwb requests found in the queue.
06-14 15:54:40.896  2018  3127 D libsensor-displayalgo: the value of  brightness:438.000000,R:75146820.743887,G:72633922.762318,B:75226317.838197,EVENT_C:6054.000000,EVENT_R:2264.000000,EVENT_G:3123.500000,EVENT_B:1236.500000
06-14 15:54:40.896  2018  3127 I libsensor-displayalgo: the value of  Coef1:1107.681000,Coef4:2.383000, scale1:0.935522, scale4:0.923264
06-14 15:54:40.896  2018  3127 E libsensor-displayalgo: RGB_test_0407_400_oldzy!
06-14 15:54:40.897  2018  3127 I libsensor-displayalgo: the value of  RESULT3011.929411,1197.992897,1454.428070,545.249594
06-14 15:54:40.897  2018  3127 I libsensor-displayalgo: the value of  getChannelDataCalibrated3157.843561,1109.572333,1690.487824,595.103241
06-14 15:54:40.897  2018  3127 I libsensor-displayalgo: the value of  REAL LUX173.969315
06-14 15:54:40.897  2018  3127 I libsensor-displayalgo: the value of  CAL REAL LUX173.969315
06-14 15:54:40.899  1265  1584 I SDM     : HWDeviceDRM::SetupConcurrentWriteback: Tear down the Concurrent Writeback topology
06-14 15:54:40.908  1265  8571 I SDM     : HWCSession::NotifyCWBStatus: Notify the client about buffer status 0.
06-14 15:54:40.908  1265  8571 I SDM     : HWCSession::PerformFenceWaits: Remove current release fence from the pending fence wait queue.
06-14 15:54:40.908  1265  8571 I SDM     : HWCSession::PerformFenceWaits: CWB fence queue is empty. No pending release fence to wait on.
06-14 15:54:40.995  5294  2434 W MiuiPerfServiceClient: interceptAndQueuing:7018|cn.missevan|701|45|8767059358945|Slow issue draw commands|22
06-14 15:54:40.998  5294  2434 W MiuiPerfServiceClient: interceptAndQueuing:7018|cn.missevan|107|50|8767494409934|Slow handle traversal|4
06-14 15:54:41.009  7239  7421 I @@@BBPLOG: Info TAA2D1CB0 BBPFuncLog L113 ----CMP4ParserBase::ReadBoxMoov Value is 00000000 start.
06-14 15:54:41.025  7239  7421 I @@@BBPLOG: Info TAA2D1CB0 BBPFuncLog L140 ----CMP4ParserBase::ReadBoxMoov leave! no return. Ussed Time: 15
06-14 15:54:41.029  7239  8368 I @@@BBPLOG: Info TAE3D1CB0 CRndNDK L129 First Frame: 359 ms, dns: 0 ms, req: 0 ms, rsp: 118 ms, dat: 0 ms
06-14 15:54:41.043  5809  5809 I Cir_Miplay_ActiveAudioSessionManager: dispatchTopActiveSessionChangeCallbackLocked, size:1
06-14 15:54:41.044  5809  5809 I Cir_Miplay_MiPlayAudioService: onTopActiveSessionChange, cn.missevan
06-14 15:54:41.044  5809  5809 I Cir_Miplay_MiPlayAudioService: topActiveSessionChange appId:cn.missevan
06-14 15:54:41.044  5809  5809 I Cir_Miplay_MiPlayAudioStatUtils: recordPackageName:cn.missevan
06-14 15:54:41.044  5809  5809 I Cir_Miplay_MiPlayAudioStatUtils: packageNameEquals.
06-14 15:54:41.045  5809  5809 I Cir_Miplay_ActiveSessionRecord: dispatch meta change, MediaMetaData{mArtist='Megrezz', mAlbum='null', mTitle=' | ', mArt=valid, mDuration=2968630, mLrc='null'}
06-14 15:54:41.045  5809  5809 I Cir_Miplay_MiPlayAudioService: dispatchMetaChange:cn.missevan  ActiveSsionPackageName:cn.missevan
06-14 15:54:41.047  5809  5809 I MiPlayProxyDeviceManager: onTopActiveSessionChange, cn.missevan
06-14 15:54:41.048  5809  5809 I SafeBinderCall: onTopActiveSessionChange binder cost:0
06-14 15:54:41.048  3844  4724 V Avrcp_ext: onMetadataChanged
06-14 15:54:41.049  5809  5809 I SafeBinderCall: onMediaMetaChange binder cost:1
06-14 15:54:41.050  3844  4724 V Avrcp_ext: updateCurrentMediaState: mMediaController: MediaController (cn.missevan@8f49cf1)  | , Megrezz, null
06-14 15:54:41.050  3844  4724 V Avrcp_ext: updateCurrentMediaState: isPlaying = false
06-14 15:54:41.050  3844  4724 W Avrcp_ext: isMusicActive: true getBluetoothPlayState: 1 A2dp State: 11 mAudioPlaybackIsActive: true
06-14 15:54:41.050  3844  4724 D Avrcp_ext: isMusicActive = true mAudioPlaybackIsActive = true player state = PlaybackState {state=3, position=16722, buffered position=0, speed=1.0, updated=17854653, actions=894, custom actions=[], active item id=-1, error=null}
06-14 15:54:41.050  2431  5724 I MediaFocusControl: requestAudioFocus() from uid/pid 10486/7239 AA=USAGE_MEDIA/CONTENT_TYPE_MUSIC clientId=android.media.AudioManager@b4d85eacn.missevan.lib.utils.AudioFocusManager@bcb80db callingPack=cn.missevan req=1 flags=0x1 sdk=28
06-14 15:54:41.050  5809 14611 I Cir_Miplay_MiPlayAudioService: dispatchMetaChange:MediaMetaData{mArtist='Megrezz', mAlbum='null', mTitle=' | ', mArt=valid, mDuration=2968630, mLrc='null'}
06-14 15:54:41.051  3844  4724 D Avrcp_ext: overwrite album_artist :if album is blank
06-14 15:54:41.051  5809 14611 I Cir_Miplay_MetaInfoManager: setMetadata.
06-14 15:54:41.051  5809  5809 I MiPlayClientSDK: =======================================================================
06-14 15:54:41.051  5809  5809 I MiPlayClientSDK: onMediaInfoChange start
06-14 15:54:41.051  5809  5809 I MiPlayClientSDK: local_device_id, MediaMetaData{mArtist='Megrezz', mAlbum='null', mTitle=' | ', mDuration=2968630, mId='', mCoverUrl='', mStatus=0, mVolume=0, mArt=android.graphics.Bitmap@e6798bf, mPosition=0, mLrc='null', mPackgeName='cn.missevan', mSourceName='2738969101Xiaomi Civi 2', mDeviceState=2}
06-14 15:54:41.051  5809  5809 I MiPlayClientSDK: onMediaInfoChange end
06-14 15:54:41.051  5809  5809 I MiPlayClientSDK: =======================================================================
06-14 15:54:41.051  5809  5809 I MiPlayProxyDeviceManager: onMediaInfoChange
06-14 15:54:41.051  5809  5809 I MiPlay  : onMediaMetaChanged,local_device_id, meta:MediaMetaData{mArtist='Megrezz', mAlbum='null', mTitle=' | ', mDuration=2968630, art:valid}
06-14 15:54:41.051  2431  5724 I AudioService.FadeOutManager: unfadeOutUid() uid:10486
06-14 15:54:41.051  3844  4724 V Avrcp_ext: Media update: id -1-1? [MediaAttributes:  -  by Mz (2968630 0/0) - ] : [MediaAttributes:  -  by Mz (2968581 0/0) - ]
06-14 15:54:41.051  3844  4724 D Avrcp_ext: isPackageNameValid: browsedPackage = cn.missevanisValid = true
06-14 15:54:41.051  3844  4724 V Avrcp_ext: isBrowseSupported for cn.missevan: false
06-14 15:54:41.051  3844  4724 V Avrcp_ext: Send track changed
06-14 15:54:41.051  3844  4724 V Avrcp_ext: updatePlaybackState, state: PlaybackState {state=3, position=16722, buffered position=0, speed=1.0, updated=17854653, actions=894, custom actions=[], active item id=-1, error=null} device: null
06-14 15:54:41.051  3844  4724 V Avrcp_ext: Device: no name:
06-14 15:54:41.051  3844  4724 V Avrcp_ext: Device: no name:
06-14 15:54:41.051  3844  4724 V Avrcp_ext: Device: no name:
06-14 15:54:41.051  3844  4724 V Avrcp_ext: Device: no name:
06-14 15:54:41.051  3844  4724 V Avrcp_ext: Device: no name:
06-14 15:54:41.051  3844  4724 V Avrcp_ext: updatePlayerStateAndPosition, old=PlaybackState {state=3, position=16417, buffered position=0, speed=1.0, updated=17854348, actions=894, custom actions=[], active item id=-1, error=null}, state=PlaybackState {state=3, position=16722, buffered position=0, speed=1.0, updated=17854653, actions=894, custom actions=[], active item id=-1, error=null}
06-14 15:54:41.051  3844  4724 V Avrcp_ext: old state = PlaybackState {state=3, position=16417, buffered position=0, speed=1.0, updated=17854348, actions=894, custom actions=[], active item id=-1, error=null}, new state= PlaybackState {state=3, position=16722, buffered position=0, speed=1.0, updated=17854653, actions=894, custom actions=[], active item id=-1, error=null}
06-14 15:54:41.051  3844  4724 D HeadsetService: getHeadsetService(): returning com.android.bluetooth.hfp.HeadsetService@7e2faf
06-14 15:54:41.051  3844  4724 D HeadsetService:  isAudioOn: The number of audio connected devices 0
06-14 15:54:41.051  3844  4724 D HeadsetService: isScoOrCallActive(): Call Active:falseCall is Ringing:falseSCO is Active:false
06-14 15:54:41.051  3844  4724 D HeadsetService:  isAudioOn: The number of audio connected devices 0
06-14 15:54:41.051  3844  4724 V Avrcp_ext: isPlayStateTobeUpdated: device: null
06-14 15:54:41.051  3844  4724 V Avrcp_ext: Single connection exists
06-14 15:54:41.051  3844  4724 D HeadsetService:  isAudioOn: The number of audio connected devices 0
06-14 15:54:41.051  3844  4724 D HeadsetService: isScoOrCallActive(): Call Active:falseCall is Ringing:falseSCO is Active:false
06-14 15:54:41.051  3844  4724 D HeadsetService:  isAudioOn: The number of audio connected devices 0
06-14 15:54:41.051  3844  4724 V Avrcp_ext: isPlayStateTobeUpdated: device: null
06-14 15:54:41.051  3844  4724 V Avrcp_ext: Single connection exists
06-14 15:54:41.051  3844  4724 D HeadsetService:  isAudioOn: The number of audio connected devices 0
06-14 15:54:41.051  3844  4724 D HeadsetService: isScoOrCallActive(): Call Active:falseCall is Ringing:falseSCO is Active:false
06-14 15:54:41.051  3844  4724 D HeadsetService:  isAudioOn: The number of audio connected devices 0
06-14 15:54:41.051  3844  4724 V Avrcp_ext: isPlayStateTobeUpdated: device: null
06-14 15:54:41.051  3844  4724 V Avrcp_ext: Single connection exists
06-14 15:54:41.051  3844  4724 D HeadsetService:  isAudioOn: The number of audio connected devices 0
06-14 15:54:41.051  3844  4724 D HeadsetService: isScoOrCallActive(): Call Active:falseCall is Ringing:falseSCO is Active:false
06-14 15:54:41.051  3844  4724 D HeadsetService:  isAudioOn: The number of audio connected devices 0
06-14 15:54:41.051  3844  4724 V Avrcp_ext: isPlayStateTobeUpdated: device: null
06-14 15:54:41.051  3844  4724 V Avrcp_ext: Single connection exists
06-14 15:54:41.051  3844  4724 D HeadsetService:  isAudioOn: The number of audio connected devices 0
06-14 15:54:41.051  3844  4724 D HeadsetService: isScoOrCallActive(): Call Active:falseCall is Ringing:falseSCO is Active:false
06-14 15:54:41.051  3844  4724 D HeadsetService:  isAudioOn: The number of audio connected devices 0
06-14 15:54:41.051  3844  4724 V Avrcp_ext: isPlayStateTobeUpdated: device: null
06-14 15:54:41.051  3844  4724 V Avrcp_ext: Single connection exists
06-14 15:54:41.051  3844  4724 D Avrcp_ext: Enter sendPlayPosNotificationRsp
06-14 15:54:41.051  3844  4724 D Avrcp_ext: sendPlayPosNotificationRsp: Not registered or requesting.
06-14 15:54:41.051  3844  4724 D Avrcp_ext: Enter sendPlayPosNotificationRsp
06-14 15:54:41.051  3844  4724 D Avrcp_ext: sendPlayPosNotificationRsp: Not registered or requesting.
06-14 15:54:41.051  3844  4724 D Avrcp_ext: Enter sendPlayPosNotificationRsp
06-14 15:54:41.051  3844  4724 D Avrcp_ext: sendPlayPosNotificationRsp: Not registered or requesting.
06-14 15:54:41.051  3844  4724 D Avrcp_ext: Enter sendPlayPosNotificationRsp
06-14 15:54:41.051  3844  4724 D Avrcp_ext: sendPlayPosNotificationRsp: Not registered or requesting.
06-14 15:54:41.051  3844  4724 D Avrcp_ext: Enter sendPlayPosNotificationRsp
06-14 15:54:41.051  3844  4724 D Avrcp_ext: sendPlayPosNotificationRsp: Not registered or requesting.
06-14 15:54:41.051  3844  4724 V Avrcp_ext: Exit updatePlayerStateAndPosition
06-14 15:54:41.052  5809  6131 I SafeBinderCall: onActiveAudioSessionChange binder cost:4
06-14 15:54:41.052  4233  4233 D MiPlayDetailViewModel: onMediaMetaChange(): metaData.title =  | 
06-14 15:54:41.052  4233  4233 D MiPlayDetailViewModel: onActiveAudioSessionChange(): audioSessionList?.size = 1
06-14 15:54:41.056  4233  4233 I SafeBinderCall: call getMediaMetaData binder cost:2
06-14 15:54:41.056  3844  4724 V Avrcp_ext: onPlaybackStateChanged: state PlaybackState {state=3, position=15, buffered position=0, speed=1.0, updated=17854657, actions=894, custom actions=[], active item id=-1, error=null}
06-14 15:54:41.057  4233  4233 I SafeBinderCall: call getPosition binder cost:1
06-14 15:54:41.058  4233  4233 I SafeBinderCall: call getPlaybackState binder cost:1
06-14 15:54:41.058  4233  4233 V MediaTimeout: processState 0|cn.missevan|1500|null|10486: PlaybackState {state=3, position=15, buffered position=0, speed=1.0, updated=17854657, actions=894, custom actions=[], active item id=-1, error=null}
06-14 15:54:41.059  5809  5809 I Cir_Miplay_ActiveSessionRecord: onPlaybackStateChanged:3
06-14 15:54:41.059  5809  5809 I Cir_Miplay_ActiveSessionRecordStack: onPlaybackStateChange.
06-14 15:54:41.060  3844  4724 V Avrcp_ext: updateCurrentMediaState: mMediaController: MediaController (cn.missevan@8f49cf1)  | , Megrezz, null
06-14 15:54:41.060  3844  4724 V Avrcp_ext: updateCurrentMediaState: isPlaying = false
06-14 15:54:41.060  5809  5809 I Cir_Miplay_ActiveAudioSessionManager: TopAudioSession play change
06-14 15:54:41.060  3844  4724 W Avrcp_ext: isMusicActive: true getBluetoothPlayState: 1 A2dp State: 11 mAudioPlaybackIsActive: true
06-14 15:54:41.060  5809  5809 I Cir_Miplay_MiPlayAudioService: dispatchPlaybackStateChange:3
06-14 15:54:41.060  5809  5809 I Cir_Miplay_MiPlayAudioService: localPlayStateChange state:3
06-14 15:54:41.061  5809  5809 I Cir_Miplay_MiPlayAudioService: playStateNotify state:3  ,id:,uuid:local_device_id
06-14 15:54:41.061  5809  5809 I ActiveSessionRecord: onPlaybackStateChanged: PlaybackState {state=3, position=15, buffered position=0, speed=1.0, updated=17854657, actions=894, custom actions=[], active item id=-1, error=null}
06-14 15:54:41.061  3844  4724 D Avrcp_ext: isMusicActive = true mAudioPlaybackIsActive = true player state = PlaybackState {state=3, position=22, buffered position=0, speed=1.0, updated=17854664, actions=894, custom actions=[], active item id=-1, error=null}
06-14 15:54:41.061  2431  6360 I WindowManagerService: Physical orientation applied, rotation=0 sfOrientation=ORIENTATION_0
06-14 15:54:41.061  3844  4724 D Avrcp_ext: overwrite album_artist :if album is blank
06-14 15:54:41.062  5809  5809 I ActiveAudioSessionManager: startPositionCallbackTask
06-14 15:54:41.062  3844  4724 V Avrcp_ext: Media update: id -1-1? [MediaAttributes:  -  by Mz (2968630 0/0) - ] : [MediaAttributes:  -  by Mz (2968630 0/0) - ]
06-14 15:54:41.062  3844  4724 D Avrcp_ext: isPackageNameValid: browsedPackage = cn.missevanisValid = true
06-14 15:54:41.062  3844  4724 V Avrcp_ext: isBrowseSupported for cn.missevan: false
06-14 15:54:41.063  3844  4724 V Avrcp_ext: updatePlaybackState, state: PlaybackState {state=3, position=22, buffered position=0, speed=1.0, updated=17854664, actions=894, custom actions=[], active item id=-1, error=null} device: null
06-14 15:54:41.063  3844  4724 V Avrcp_ext: Device: no name:
06-14 15:54:41.063  3844  4724 V Avrcp_ext: Device: no name:
06-14 15:54:41.063  3844  4724 V Avrcp_ext: Device: no name:
06-14 15:54:41.063  3844  4724 V Avrcp_ext: Device: no name:
06-14 15:54:41.063  3844  4724 V Avrcp_ext: Device: no name:
06-14 15:54:41.063  3844  4724 V Avrcp_ext: updatePlayerStateAndPosition, old=PlaybackState {state=3, position=16722, buffered position=0, speed=1.0, updated=17854653, actions=894, custom actions=[], active item id=-1, error=null}, state=PlaybackState {state=3, position=22, buffered position=0, speed=1.0, updated=17854664, actions=894, custom actions=[], active item id=-1, error=null}
06-14 15:54:41.063  3844  4724 V Avrcp_ext: old state = PlaybackState {state=3, position=16722, buffered position=0, speed=1.0, updated=17854653, actions=894, custom actions=[], active item id=-1, error=null}, new state= PlaybackState {state=3, position=22, buffered position=0, speed=1.0, updated=17854664, actions=894, custom actions=[], active item id=-1, error=null}
06-14 15:54:41.063  3844  4724 D HeadsetService: getHeadsetService(): returning com.android.bluetooth.hfp.HeadsetService@7e2faf
06-14 15:54:41.063  3844  4724 D HeadsetService:  isAudioOn: The number of audio connected devices 0
06-14 15:54:41.063  3844  4724 D HeadsetService: isScoOrCallActive(): Call Active:falseCall is Ringing:falseSCO is Active:false
06-14 15:54:41.063  3844  4724 D HeadsetService:  isAudioOn: The number of audio connected devices 0
06-14 15:54:41.063  3844  4724 V Avrcp_ext: isPlayStateTobeUpdated: device: null
06-14 15:54:41.063  3844  4724 V Avrcp_ext: Single connection exists
06-14 15:54:41.063  3844  4724 D HeadsetService:  isAudioOn: The number of audio connected devices 0
06-14 15:54:41.063  3844  4724 D HeadsetService: isScoOrCallActive(): Call Active:falseCall is Ringing:falseSCO is Active:false
06-14 15:54:41.063  3844  4724 D HeadsetService:  isAudioOn: The number of audio connected devices 0
06-14 15:54:41.063  3844  4724 V Avrcp_ext: isPlayStateTobeUpdated: device: null
06-14 15:54:41.063  3844  4724 V Avrcp_ext: Single connection exists
06-14 15:54:41.063  3844  4724 D HeadsetService:  isAudioOn: The number of audio connected devices 0
06-14 15:54:41.063  3844  4724 D HeadsetService: isScoOrCallActive(): Call Active:falseCall is Ringing:falseSCO is Active:false
06-14 15:54:41.063  3844  4724 D HeadsetService:  isAudioOn: The number of audio connected devices 0
06-14 15:54:41.063  3844  4724 V Avrcp_ext: isPlayStateTobeUpdated: device: null
06-14 15:54:41.063  3844  4724 V Avrcp_ext: Single connection exists
06-14 15:54:41.063  3844  4724 D HeadsetService:  isAudioOn: The number of audio connected devices 0
06-14 15:54:41.063  3844  4724 D HeadsetService: isScoOrCallActive(): Call Active:falseCall is Ringing:falseSCO is Active:false
06-14 15:54:41.063  3844  4724 D HeadsetService:  isAudioOn: The number of audio connected devices 0
06-14 15:54:41.063  3844  4724 V Avrcp_ext: isPlayStateTobeUpdated: device: null
06-14 15:54:41.063  3844  4724 V Avrcp_ext: Single connection exists
06-14 15:54:41.063  3844  4724 D HeadsetService:  isAudioOn: The number of audio connected devices 0
06-14 15:54:41.063  3844  4724 D HeadsetService: isScoOrCallActive(): Call Active:falseCall is Ringing:falseSCO is Active:false
06-14 15:54:41.063  3844  4724 D HeadsetService:  isAudioOn: The number of audio connected devices 0
06-14 15:54:41.063  3844  4724 V Avrcp_ext: isPlayStateTobeUpdated: device: null
06-14 15:54:41.063  3844  4724 V Avrcp_ext: Single connection exists
06-14 15:54:41.063  3844  4724 D Avrcp_ext: Enter sendPlayPosNotificationRsp
06-14 15:54:41.063  3844  4724 D Avrcp_ext: sendPlayPosNotificationRsp: Not registered or requesting.
06-14 15:54:41.063  3844  4724 D Avrcp_ext: Enter sendPlayPosNotificationRsp
06-14 15:54:41.063  3844  4724 D Avrcp_ext: sendPlayPosNotificationRsp: Not registered or requesting.
06-14 15:54:41.063  3844  4724 D Avrcp_ext: Enter sendPlayPosNotificationRsp
06-14 15:54:41.063  3844  4724 D Avrcp_ext: sendPlayPosNotificationRsp: Not registered or requesting.
06-14 15:54:41.063  3844  4724 D Avrcp_ext: Enter sendPlayPosNotificationRsp
06-14 15:54:41.063  3844  4724 D Avrcp_ext: sendPlayPosNotificationRsp: Not registered or requesting.
06-14 15:54:41.063  3844  4724 D Avrcp_ext: Enter sendPlayPosNotificationRsp
06-14 15:54:41.063  3844  4724 D Avrcp_ext: sendPlayPosNotificationRsp: Not registered or requesting.
06-14 15:54:41.063  3844  4724 V Avrcp_ext: Exit updatePlayerStateAndPosition
06-14 15:54:41.063  3844  4724 V Avrcp_ext:  Exit onPlaybackStateChanged
06-14 15:54:41.064  5809  5809 I SafeBinderCall: onPlaybackStateChange binder cost:1
06-14 15:54:41.064  5809  5809 I MiPlayClientSDK: =======================================================================
06-14 15:54:41.064  5809  5809 I MiPlayClientSDK: onPlayStateChange start
06-14 15:54:41.064  5809  5809 I MiPlayClientSDK: local_device_id, state:3
06-14 15:54:41.064  5809  5809 I MiPlayClientSDK: onPlayStateChange end
06-14 15:54:41.064  5809  5809 I MiPlayClientSDK: =======================================================================
06-14 15:54:41.064  5809  5809 I MiPlayProxyDeviceManager: onPlayStateChange
06-14 15:54:41.064  5809  5809 I MiPlay  : onPlaybackStateChanged,local_device_id, state:pause
06-14 15:54:41.064  4233  4233 D MiPlayDetailViewModel: onPlaybackStateChange(): state = 3
06-14 15:54:41.069  2431  6208 I WindowManagerService: Physical orientation applied, rotation=0 sfOrientation=ORIENTATION_0
06-14 15:54:41.176  2431  6360 I WindowManagerService: Physical orientation applied, rotation=0 sfOrientation=ORIENTATION_0
06-14 15:54:41.187  1265  2358 I vendor.qti.hardware.display.composer-service: FrameNotifyProcess Sensor: notify citsensorservice to trigger cwb
06-14 15:54:41.187  2018  7182 I libcitsensorservice@2.0-impl: msg_transfer
06-14 15:54:41.188  2018  3098 D vendor.xiaomi.sensor.citsensorservice@2.0-service: handle id:9 wxh:1280x2400 uwxuh:1080x2400 size: 9216000 fd:15 fd_meta:16 flags:0x4000228 usage:0x33  format:0x3 layer_count: 1
06-14 15:54:41.188  1265  1890 I SDM     : HWCSession::SetCWBOutputBuffer: CWB config passed by cwb_client : tappoint 1  CWB_ROI : (829.000000 4.000000 915.000000 90.000000)
06-14 15:54:41.190  1265  8572 I SDM     : HWCSession::ProcessRequests: Successfully configured CWB buffer.
06-14 15:54:41.195  2018  3127 D libsensor-displayalgo: the value of  brightness:438.000000,R:70615396.533953,G:66648476.003713,B:70914196.664307,EVENT_C:5779.000000,EVENT_R:2179.500000,EVENT_G:2970.500000,EVENT_B:1175.500000
06-14 15:54:41.196  2018  3127 I libsensor-displayalgo: the value of  Coef1:1107.681000,Coef4:2.383000, scale1:0.935522, scale4:0.923264
06-14 15:54:41.196  2018  3127 E libsensor-displayalgo: RGB_test_0407_400_oldzy!
06-14 15:54:41.196  2018  3127 I libsensor-displayalgo: the value of  RESULT2854.996310,1139.534602,1378.022290,515.552567
06-14 15:54:41.196  2018  3127 I libsensor-displayalgo: the value of  getChannelDataCalibrated2993.307773,1055.428685,1601.681067,562.690934
06-14 15:54:41.196  2018  3127 I libsensor-displayalgo: the value of  REAL LUX166.719360
06-14 15:54:41.196  2018  3127 I libsensor-displayalgo: the value of  CAL REAL LUX166.719360
06-14 15:54:41.198  1265  8572 I SDM     : HWCSession::ProcessRequests: Pushing release fence in fenece wait queue.
06-14 15:54:41.198  1265  8572 I SDM     : HWCSession::ProcessRequests: Creating AsyncFenceWaits async thread.
06-14 15:54:41.198  1265  8572 I SDM     : HWCSession::ProcessRequests: Remove current CWB request from the pending request queue.
06-14 15:54:41.199  1265  8572 I SDM     : HWCSession::ProcessRequests: No pending cwb requests found in the queue.
06-14 15:54:41.203  1265  1584 I SDM     : HWDeviceDRM::SetupConcurrentWriteback: Tear down the Concurrent Writeback topology
06-14 15:54:41.213  1265  8573 I SDM     : HWCSession::NotifyCWBStatus: Notify the client about buffer status 0.
06-14 15:54:41.213  1265  8573 I SDM     : HWCSession::PerformFenceWaits: Remove current release fence from the pending fence wait queue.
06-14 15:54:41.213  1265  8573 I SDM     : HWCSession::PerformFenceWaits: CWB fence queue is empty. No pending release fence to wait on.
06-14 15:54:41.276  2431  6208 I WindowManagerService: Physical orientation applied, rotation=0 sfOrientation=ORIENTATION_0
06-14 15:54:41.366  6943  6995 I appium  : channel read: POST /wd/hub/session/cb61eede-23cf-4271-a65c-31a974d0e487/actions
06-14 15:54:41.369  6943  6995 I appium  : W3CActions command
06-14 15:54:41.369  5809  8392 I SafeBinderCall: onPositionChange binder cost:0
06-14 15:54:41.371  4233  4233 D MiPlayDetailViewModel: onPositionChange(): position = 330
06-14 15:54:41.373  7239  8369 I @@@BBPLOG: Info TAE3ABCB0 CTCPSocket L69 Connect server: data.bilibili.com, port: 443, enable ssl: 1
06-14 15:54:41.374  7239  8369 I @@@BBPLOG: Info TAE3ABCB0 CTCPSocket L69 Connect server: 203.107.1.33, port: 80, enable ssl: 0
06-14 15:54:41.375  2431  4925 I WindowManagerService: Physical orientation applied, rotation=0 sfOrientation=ORIENTATION_0
06-14 15:54:41.380  5735 14259 W Parcel  : **** enforceInterface() expected 'com.miui.gamebooster.service.ISecurityCenterNotificationListener' but read 'android.service.notification.INotificationListener'
06-14 15:54:41.381  5735 14259 W Binder  : Caught a RuntimeException from the binder stub implementation.
06-14 15:54:41.381  5735 14259 W Binder  : java.lang.SecurityException: Binder invocation to an incorrect interface
06-14 15:54:41.381  5735 14259 W Binder  : 	at android.os.Parcel.nativeEnforceInterface(Native Method)
06-14 15:54:41.381  5735 14259 W Binder  : 	at android.os.Parcel.enforceInterface(Parcel.java:699)
06-14 15:54:41.381  5735 14259 W Binder  : 	at com.miui.gamebooster.service.ISecurityCenterNotificationListener$Stub.onTransact(Unknown Source:18)
06-14 15:54:41.381  5735 14259 W Binder  : 	at android.os.Binder.execTransactInternal(Binder.java:1190)
06-14 15:54:41.381  5735 14259 W Binder  : 	at android.os.Binder.execTransact(Binder.java:1149)
06-14 15:54:41.383  5285  5285 D MiBarrage: No barrage: not in game scene or in video scene
06-14 15:54:41.390  5735  8037 V onNotificationPostedCallBack: flags=98
06-14 15:54:41.391  5285  5285 D MiBarrage: No barrage: not in game scene or in video scene
06-14 15:54:41.393  5735 14259 W Parcel  : **** enforceInterface() expected 'com.miui.gamebooster.service.ISecurityCenterNotificationListener' but read 'android.service.notification.INotificationListener'
06-14 15:54:41.393  4233  4233 D InterruptionStateProvider: No alerting: filtered notification: 0|cn.missevan|1500|null|10486
06-14 15:54:41.394  4233  4233 D InterruptionStateProvider: No alerting: filtered notification: 0|cn.missevan|1500|null|10486
06-14 15:54:41.394  5735 14259 W Binder  : Caught a RuntimeException from the binder stub implementation.
06-14 15:54:41.394  5735 14259 W Binder  : java.lang.SecurityException: Binder invocation to an incorrect interface
06-14 15:54:41.394  5735 14259 W Binder  : 	at android.os.Parcel.nativeEnforceInterface(Native Method)
06-14 15:54:41.394  5735 14259 W Binder  : 	at android.os.Parcel.enforceInterface(Parcel.java:699)
06-14 15:54:41.394  5735 14259 W Binder  : 	at com.miui.gamebooster.service.ISecurityCenterNotificationListener$Stub.onTransact(Unknown Source:18)
06-14 15:54:41.394  5735 14259 W Binder  : 	at android.os.Binder.execTransactInternal(Binder.java:1190)
06-14 15:54:41.394  5735 14259 W Binder  : 	at android.os.Binder.execTransact(Binder.java:1149)
06-14 15:54:41.395  5735  8037 V m       : ret=0
06-14 15:54:41.396  5735  8037 V onNotificationPostedCallBack: flags=98
06-14 15:54:41.397  5735  8037 V m       : ret=0
06-14 15:54:41.401  4233  4475 D PeopleSpaceWidgetMgr: Sbn doesn't contain valid PeopleTileKey: null/0/cn.missevan
06-14 15:54:41.407  4233  4233 D InterruptionStateProvider: No alerting: filtered notification: 0|cn.missevan|1500|null|10486
06-14 15:54:41.408  4233  4233 D InterruptionStateProvider: No alerting: filtered notification: 0|cn.missevan|1500|null|10486
06-14 15:54:41.411  4233  4233 I MediaCarouselController: media_data_arrive: addOrUpdatePlayer
06-14 15:54:41.411  4233  4233 I MiuiMediaControlPanel: media_data_arrive: bindPlayer: mPlayerViewHolder=com.android.systemui.media.PlayerViewHolder@85d0ce4
06-14 15:54:41.411  4233  4233 I MiuiMediaControlPanel: media_data_arrive: bindPlayer: FM,  | , Megrezz
06-14 15:54:41.411  4233  4233 I MiuiMediaControlPanel: MediaAction: contentDesc=; MediaAction: contentDesc=; MediaAction: contentDesc=; MediaAction: contentDesc=; MediaAction: contentDesc=;
06-14 15:54:41.412  4233  4233 D MiuiMediaControlPanel: setArtwork---ProcessArtworkTask
06-14 15:54:41.413  4233  4475 D PeopleSpaceWidgetMgr: Sbn doesn't contain valid PeopleTileKey: null/0/cn.missevan
06-14 15:54:41.436  4233  4233 I MediaCarouselController: media_data_arrive: addOrUpdatePlayer
06-14 15:54:41.437  4233  4233 I MiuiMediaControlPanel: media_data_arrive: bindPlayer: mPlayerViewHolder=com.android.systemui.media.PlayerViewHolder@85d0ce4
06-14 15:54:41.437  4233  4233 I MiuiMediaControlPanel: media_data_arrive: bindPlayer: FM,  | , Megrezz
06-14 15:54:41.437  4233  4233 I MiuiMediaControlPanel: MediaAction: contentDesc=; MediaAction: contentDesc=; MediaAction: contentDesc=; MediaAction: contentDesc=; MediaAction: contentDesc=;
06-14 15:54:41.453 12128 12208 D IdProviderImpl: getOAID from com.miui.analytics
06-14 15:54:41.459 12128 12208 D IdProviderImpl: getOAID from com.miui.analytics
06-14 15:54:41.473  2431  6360 I WindowManagerService: Physical orientation applied, rotation=0 sfOrientation=ORIENTATION_0
06-14 15:54:41.492  1265  2358 I vendor.qti.hardware.display.composer-service: FrameNotifyProcess Sensor: notify citsensorservice to trigger cwb
06-14 15:54:41.493  7239  8369 I @@@BBPLOG: Info TAE3ABCB0 CDnsSearch L70 Get IP ( 12 ) from HTTP. Used time: 119
06-14 15:54:41.493  2018  2111 I libcitsensorservice@2.0-impl: msg_transfer
06-14 15:54:41.493  2018  3098 D vendor.xiaomi.sensor.citsensorservice@2.0-service: handle id:9 wxh:1280x2400 uwxuh:1080x2400 size: 9216000 fd:15 fd_meta:16 flags:0x4000228 usage:0x33  format:0x3 layer_count: 1
06-14 15:54:41.493  1265  1890 I SDM     : HWCSession::SetCWBOutputBuffer: CWB config passed by cwb_client : tappoint 1  CWB_ROI : (829.000000 4.000000 915.000000 90.000000)
06-14 15:54:41.495  1265  8574 I SDM     : HWCSession::ProcessRequests: Successfully configured CWB buffer.
06-14 15:54:41.496  2018  3127 D libsensor-displayalgo: the value of  brightness:438.000000,R:70615396.533953,G:66648476.003713,B:70914196.664307,EVENT_C:5777.000000,EVENT_R:2181.500000,EVENT_G:2970.500000,EVENT_B:1178.000000
06-14 15:54:41.496  2018  3127 I libsensor-displayalgo: the value of  Coef1:1107.681000,Coef4:2.383000, scale1:0.935522, scale4:0.923264
06-14 15:54:41.496  2018  3127 E libsensor-displayalgo: RGB_test_0407_400_oldzy!
06-14 15:54:41.497  2018  3127 I libsensor-displayalgo: the value of  RESULT2854.996310,1139.534602,1378.022290,515.552567
06-14 15:54:41.497  2018  3127 I libsensor-displayalgo: the value of  getChannelDataCalibrated2993.307773,1055.428685,1601.681067,562.690934
06-14 15:54:41.497  2018  3127 I libsensor-displayalgo: the value of  REAL LUX166.299683
06-14 15:54:41.497  2018  3127 I libsensor-displayalgo: the value of  CAL REAL LUX166.299683
06-14 15:54:41.503  1265  8574 I SDM     : HWCSession::ProcessRequests: Pushing release fence in fenece wait queue.
06-14 15:54:41.503  1265  8574 I SDM     : HWCSession::ProcessRequests: Creating AsyncFenceWaits async thread.
06-14 15:54:41.503  1265  8574 I SDM     : HWCSession::ProcessRequests: Remove current CWB request from the pending request queue.
06-14 15:54:41.503  1265  8574 I SDM     : HWCSession::ProcessRequests: No pending cwb requests found in the queue.
06-14 15:54:41.509  1265  1584 I SDM     : HWDeviceDRM::SetupConcurrentWriteback: Tear down the Concurrent Writeback topology
06-14 15:54:41.517  1265  8575 I SDM     : HWCSession::NotifyCWBStatus: Notify the client about buffer status 0.
06-14 15:54:41.518  1265  8575 I SDM     : HWCSession::PerformFenceWaits: Remove current release fence from the pending fence wait queue.
06-14 15:54:41.518  1265  8575 I SDM     : HWCSession::PerformFenceWaits: CWB fence queue is empty. No pending release fence to wait on.
06-14 15:54:41.552  7239  8369 I @@@BBPLOG: Info TAE3ABCB0 CMbedSSL L29 Create SSL: CMbedSSL
06-14 15:54:41.556  5858  6965 D UidObserver: onUidIdle uid=10259 uidstate=100
06-14 15:54:41.568  4109  8755 D QCNEJ/NativeHalConnector: -> SND notifyDefaultNetworkChanged(1)
06-14 15:54:41.568  5405  9708 I SLM-SRV-SLAService: onCapabilitiesChanged WIFI master
06-14 15:54:41.569 13054 13091 D TAB.NetworkUtils: network onCapabilitiesChanged
06-14 15:54:41.580  2431  6206 I WindowManagerService: Physical orientation applied, rotation=0 sfOrientation=ORIENTATION_0
06-14 15:54:41.613  2431  2440 I system_server: This is sticky GC, maxfree is 8388608 minfree is 2097152
06-14 15:54:41.656  2431  6360 D MIUIInput: Input event injection from pid 6915, MotionEvent: DOWN
06-14 15:54:41.657  2431  2938 D MIUIInput: [MotionEvent] publisher action=0x4, 8768482, channel '7c87e50 NavigationBar0 (server)'
06-14 15:54:41.658  2431  2938 D MIUIInput: [MotionEvent] publisher action=0x0, 8768482, channel 'fa670b1 cn.missevan/cn.missevan.activity.MainActivity (server)'
06-14 15:54:41.658  7018  7018 D MIUIInput: [MotionEvent] ViewRootImpl windowName 'cn.missevan/cn.missevan.activity.MainActivity', { action=ACTION_DOWN, id[0]=0, pointerCount=1, eventTime=8768482, downTime=8768481, phoneEventTime=15:54:41.644 } moveCount:0
06-14 15:54:41.662  6943  6995 I appium  : [8768482 (success)] Synthesized: MotionEvent { action=ACTION_DOWN, actionButton=0, id[0]=0, x[0]=540.0, y[0]=1692.0, toolType[0]=TOOL_TYPE_FINGER, buttonState=0, classification=NONE, metaState=0, flags=0x0, edgeFlags=0x0, pointerCount=1, historySize=0, eventTime=8768482, downTime=8768481, deviceId=0, source=0x1002, displayId=0, eventId=-862892923 }
06-14 15:54:41.680  2431  6360 I WindowManagerService: Physical orientation applied, rotation=0 sfOrientation=ORIENTATION_0
06-14 15:54:41.753  7239  8369 I @@@BBPLOG: Info TAE3ABCB0 CDataLogSender L88 Send log data 729 and response code is 200
06-14 15:54:41.753  7239  8369 I @@@BBPLOG: Info TAE3ABCB0 CDataLogMng L341 Delete log file 1686729280364.ovw
06-14 15:54:41.780  2431  6360 I WindowManagerService: Physical orientation applied, rotation=0 sfOrientation=ORIENTATION_0
06-14 15:54:41.796  1265  2358 I vendor.qti.hardware.display.composer-service: FrameNotifyProcess Sensor: notify citsensorservice to trigger cwb
06-14 15:54:41.796  2018  2111 I libcitsensorservice@2.0-impl: msg_transfer
06-14 15:54:41.797  2018  3098 D vendor.xiaomi.sensor.citsensorservice@2.0-service: handle id:9 wxh:1280x2400 uwxuh:1080x2400 size: 9216000 fd:15 fd_meta:16 flags:0x4000228 usage:0x33  format:0x3 layer_count: 1
06-14 15:54:41.798  2018  3127 D libsensor-displayalgo: the value of  brightness:438.000000,R:70615396.533953,G:66648476.003713,B:70914196.664307,EVENT_C:5781.500000,EVENT_R:2183.500000,EVENT_G:2970.500000,EVENT_B:1177.500000
06-14 15:54:41.798  2018  3127 I libsensor-displayalgo: the value of  Coef1:1107.681000,Coef4:2.383000, scale1:0.935522, scale4:0.923264
06-14 15:54:41.798  2018  3127 E libsensor-displayalgo: RGB_test_0407_400_oldzy!
06-14 15:54:41.798  1265  1890 I SDM     : HWCSession::SetCWBOutputBuffer: CWB config passed by cwb_client : tappoint 1  CWB_ROI : (829.000000 4.000000 915.000000 90.000000)
