06-19 15:12:12.477  2018  3127 E libsensor-displayalgo: RGB_black_white_scenario_0822!
06-19 15:12:12.477  2018  3127 I libsensor-displayalgo: the value of  RESULT289.138110,108.111655,148.343534,51.140830
06-19 15:12:12.477  2018  3127 I libsensor-displayalgo: the value of  getChannelDataCalibrated303.145524,100.132231,172.420309,55.816775
06-19 15:12:12.477  2018  3127 I libsensor-displayalgo: the value of  REAL LUX187.524216
06-19 15:12:12.477  2018  3127 I libsensor-displayalgo: the value of  CAL REAL LUX187.524216
06-19 15:12:12.540  1265  2358 I vendor.qti.hardware.display.composer-service: FrameNotifyProcess Sensor: notify citsensorservice to trigger cwb
06-19 15:12:12.541  2018  7182 I libcitsensorservice@2.0-impl: msg_transfer
06-19 15:12:12.541  2018  3098 D vendor.xiaomi.sensor.citsensorservice@2.0-service: handle id:9 wxh:1280x2400 uwxuh:1080x2400 size: 9216000 fd:15 fd_meta:16 flags:0x4000228 usage:0x33  format:0x3 layer_count: 1
06-19 15:12:12.541  1265  1887 I SDM     : HWCSession::SetCWBOutputBuffer: CWB config passed by cwb_client : tappoint 1  CWB_ROI : (829.000000 4.000000 915.000000 90.000000)
06-19 15:12:12.542  2431  4483 I WindowManagerService: Physical orientation applied, rotation=0 sfOrientation=ORIENTATION_0
06-19 15:12:12.543  1265 10144 I SDM     : HWCSession::ProcessRequests: Successfully configured CWB buffer.
06-19 15:12:12.551  1265 10144 I SDM     : HWCSession::ProcessRequests: Pushing release fence in fenece wait queue.
06-19 15:12:12.551  1265 10144 I SDM     : HWCSession::ProcessRequests: Creating AsyncFenceWaits async thread.
06-19 15:12:12.551  1265 10144 I SDM     : HWCSession::ProcessRequests: Remove current CWB request from the pending request queue.
06-19 15:12:12.552  1265 10144 I SDM     : HWCSession::ProcessRequests: No pending cwb requests found in the queue.
06-19 15:12:12.557  1265  1584 I SDM     : HWDeviceDRM::SetupConcurrentWriteback: Tear down the Concurrent Writeback topology
06-19 15:12:12.564  1265 10145 I SDM     : HWCSession::NotifyCWBStatus: Notify the client about buffer status 0.
06-19 15:12:12.564  1265 10145 I SDM     : HWCSession::PerformFenceWaits: Remove current release fence from the pending fence wait queue.
06-19 15:12:12.564  1265 10145 I SDM     : HWCSession::PerformFenceWaits: CWB fence queue is empty. No pending release fence to wait on.
06-19 15:12:12.646  2431  4483 I WindowManagerService: Physical orientation applied, rotation=0 sfOrientation=ORIENTATION_0
06-19 15:12:12.744  2431  5724 I WindowManagerService: Physical orientation applied, rotation=0 sfOrientation=ORIENTATION_0
06-19 15:12:12.774  2018  3127 D libsensor-displayalgo: the value of  brightness:438.000000,R:9257337.416282,G:8010836.415844,B:8712839.151549,EVENT_C:3402.000000,EVENT_R:1391.000000,EVENT_G:1669.000000,EVENT_B:682.000000
06-19 15:12:12.774  2018  3127 I libsensor-displayalgo: the value of  Coef1:1107.681000,Coef4:2.383000, scale1:0.935522, scale4:0.923264
06-19 15:12:12.774  2018  3127 E libsensor-displayalgo: RGB_black_white_scenario_0822!
06-19 15:12:12.774  2018  3127 I libsensor-displayalgo: the value of  RESULT289.138110,108.111655,148.343534,51.140830
06-19 15:12:12.774  2018  3127 I libsensor-displayalgo: the value of  getChannelDataCalibrated303.145524,100.132231,172.420309,55.816775
06-19 15:12:12.774  2018  3127 I libsensor-displayalgo: the value of  REAL LUX187.258774
06-19 15:12:12.774  2018  3127 I libsensor-displayalgo: the value of  CAL REAL LUX187.258774
06-19 15:12:12.826  2431  5724 I WindowManagerService: Physical orientation applied, rotation=0 sfOrientation=ORIENTATION_0
06-19 15:12:12.844  1265  2358 I vendor.qti.hardware.display.composer-service: FrameNotifyProcess Sensor: notify citsensorservice to trigger cwb
06-19 15:12:12.844  2018  7182 I libcitsensorservice@2.0-impl: msg_transfer
06-19 15:12:12.845  2018  3098 D vendor.xiaomi.sensor.citsensorservice@2.0-service: handle id:9 wxh:1280x2400 uwxuh:1080x2400 size: 9216000 fd:15 fd_meta:16 flags:0x4000228 usage:0x33  format:0x3 layer_count: 1
06-19 15:12:12.846  1265  1887 I SDM     : HWCSession::SetCWBOutputBuffer: CWB config passed by cwb_client : tappoint 1  CWB_ROI : (829.000000 4.000000 915.000000 90.000000)
06-19 15:12:12.849  2431  4483 I WindowManagerService: Physical orientation applied, rotation=0 sfOrientation=ORIENTATION_0
06-19 15:12:12.849  1265 10146 I SDM     : HWCSession::ProcessRequests: Successfully configured CWB buffer.
06-19 15:12:12.854  1265 10146 I SDM     : HWCSession::ProcessRequests: Pushing release fence in fenece wait queue.
06-19 15:12:12.854  1265 10146 I SDM     : HWCSession::ProcessRequests: Creating AsyncFenceWaits async thread.
06-19 15:12:12.855  1265 10146 I SDM     : HWCSession::ProcessRequests: Remove current CWB request from the pending request queue.
06-19 15:12:12.855  1265 10146 I SDM     : HWCSession::ProcessRequests: No pending cwb requests found in the queue.
06-19 15:12:12.861  1265  1584 I SDM     : HWDeviceDRM::SetupConcurrentWriteback: Tear down the Concurrent Writeback topology
06-19 15:12:12.868  1265 10147 I SDM     : HWCSession::NotifyCWBStatus: Notify the client about buffer status 0.
06-19 15:12:12.871  1265 10147 I SDM     : HWCSession::PerformFenceWaits: Remove current release fence from the pending fence wait queue.
06-19 15:12:12.871  1265 10147 I SDM     : HWCSession::PerformFenceWaits: CWB fence queue is empty. No pending release fence to wait on.
06-19 15:12:12.954  2431  4483 I WindowManagerService: Physical orientation applied, rotation=0 sfOrientation=ORIENTATION_0
06-19 15:12:13.057  2431  5724 I WindowManagerService: Physical orientation applied, rotation=0 sfOrientation=ORIENTATION_0
06-19 15:12:13.073  2018  3127 D libsensor-displayalgo: the value of  brightness:438.000000,R:9257337.416282,G:8010836.415844,B:8712839.151549,EVENT_C:3450.000000,EVENT_R:1406.500000,EVENT_G:1694.500000,EVENT_B:691.000000
06-19 15:12:13.073  2018  3127 I libsensor-displayalgo: the value of  Coef1:1107.681000,Coef4:2.383000, scale1:0.935522, scale4:0.923264
06-19 15:12:13.073  2018  3127 E libsensor-displayalgo: RGB_black_white_scenario_0822!
06-19 15:12:13.073  2018  3127 I libsensor-displayalgo: the value of  RESULT289.138110,108.111655,148.343534,51.140830
06-19 15:12:13.073  2018  3127 I libsensor-displayalgo: the value of  getChannelDataCalibrated303.145524,100.132231,172.420309,55.816775
06-19 15:12:13.073  2018  3127 I libsensor-displayalgo: the value of  REAL LUX190.491089
06-19 15:12:13.073  2018  3127 I libsensor-displayalgo: the value of  CAL REAL LUX190.491089
06-19 15:12:13.149  1265  2358 I vendor.qti.hardware.display.composer-service: FrameNotifyProcess Sensor: notify citsensorservice to trigger cwb
06-19 15:12:13.150  2018  7182 I libcitsensorservice@2.0-impl: msg_transfer
06-19 15:12:13.150  2018  3098 D vendor.xiaomi.sensor.citsensorservice@2.0-service: handle id:9 wxh:1280x2400 uwxuh:1080x2400 size: 9216000 fd:15 fd_meta:16 flags:0x4000228 usage:0x33  format:0x3 layer_count: 1
06-19 15:12:13.151  1265  1887 I SDM     : HWCSession::SetCWBOutputBuffer: CWB config passed by cwb_client : tappoint 1  CWB_ROI : (829.000000 4.000000 915.000000 90.000000)
06-19 15:12:13.154  1265 10148 I SDM     : HWCSession::ProcessRequests: Successfully configured CWB buffer.
06-19 15:12:13.158  2431  5724 I WindowManagerService: Physical orientation applied, rotation=0 sfOrientation=ORIENTATION_0
06-19 15:12:13.160  1265 10148 I SDM     : HWCSession::ProcessRequests: Pushing release fence in fenece wait queue.
06-19 15:12:13.160  1265 10148 I SDM     : HWCSession::ProcessRequests: Creating AsyncFenceWaits async thread.
06-19 15:12:13.161  1265 10148 I SDM     : HWCSession::ProcessRequests: Remove current CWB request from the pending request queue.
06-19 15:12:13.161  1265 10148 I SDM     : HWCSession::ProcessRequests: No pending cwb requests found in the queue.
06-19 15:12:13.166  1265  1584 I SDM     : HWDeviceDRM::SetupConcurrentWriteback: Tear down the Concurrent Writeback topology
06-19 15:12:13.173  1265 10149 I SDM     : HWCSession::NotifyCWBStatus: Notify the client about buffer status 0.
06-19 15:12:13.173  1265 10149 I SDM     : HWCSession::PerformFenceWaits: Remove current release fence from the pending fence wait queue.
06-19 15:12:13.173  1265 10149 I SDM     : HWCSession::PerformFenceWaits: CWB fence queue is empty. No pending release fence to wait on.
06-19 15:12:13.262  2431  4483 I WindowManagerService: Physical orientation applied, rotation=0 sfOrientation=ORIENTATION_0
06-19 15:12:13.364  2431  4483 I WindowManagerService: Physical orientation applied, rotation=0 sfOrientation=ORIENTATION_0
06-19 15:12:13.375  2018  3127 D libsensor-displayalgo: the value of  brightness:438.000000,R:9257337.416282,G:8010836.415844,B:8712839.151549,EVENT_C:3445.000000,EVENT_R:1405.000000,EVENT_G:1694.000000,EVENT_B:690.000000
06-19 15:12:13.375  2018  3127 I libsensor-displayalgo: the value of  Coef1:1107.681000,Coef4:2.383000, scale1:0.935522, scale4:0.923264
06-19 15:12:13.375  2018  3127 E libsensor-displayalgo: RGB_black_white_scenario_0822!
06-19 15:12:13.375  2018  3127 I libsensor-displayalgo: the value of  RESULT289.138110,108.111655,148.343534,51.140830
06-19 15:12:13.375  2018  3127 I libsensor-displayalgo: the value of  getChannelDataCalibrated303.145524,100.132231,172.420309,55.816775
06-19 15:12:13.375  2018  3127 I libsensor-displayalgo: the value of  REAL LUX190.253265
06-19 15:12:13.375  2018  3127 I libsensor-displayalgo: the value of  CAL REAL LUX190.253265
06-19 15:12:13.424  5809 10097 I SafeBinderCall: onPositionChange binder cost:0
06-19 15:12:13.424  4233  4233 D MiPlayDetailViewModel: onPositionChange(): position = 10552
06-19 15:12:13.454  1265  2358 I vendor.qti.hardware.display.composer-service: FrameNotifyProcess Sensor: notify citsensorservice to trigger cwb
06-19 15:12:13.455  2018  3874 I libcitsensorservice@2.0-impl: msg_transfer
06-19 15:12:13.455  2018  3098 D vendor.xiaomi.sensor.citsensorservice@2.0-service: handle id:9 wxh:1280x2400 uwxuh:1080x2400 size: 9216000 fd:15 fd_meta:16 flags:0x4000228 usage:0x33  format:0x3 layer_count: 1
06-19 15:12:13.456  1265  1887 I SDM     : HWCSession::SetCWBOutputBuffer: CWB config passed by cwb_client : tappoint 1  CWB_ROI : (829.000000 4.000000 915.000000 90.000000)
06-19 15:12:13.457  1265 10152 I SDM     : HWCSession::ProcessRequests: Successfully configured CWB buffer.
06-19 15:12:13.464  1265 10152 I SDM     : HWCSession::ProcessRequests: Pushing release fence in fenece wait queue.
06-19 15:12:13.465  1265 10152 I SDM     : HWCSession::ProcessRequests: Creating AsyncFenceWaits async thread.
06-19 15:12:13.465  1265 10152 I SDM     : HWCSession::ProcessRequests: Remove current CWB request from the pending request queue.
06-19 15:12:13.465  1265 10152 I SDM     : HWCSession::ProcessRequests: No pending cwb requests found in the queue.
06-19 15:12:13.470  2431  5724 I WindowManagerService: Physical orientation applied, rotation=0 sfOrientation=ORIENTATION_0
06-19 15:12:13.471  1265  1584 I SDM     : HWDeviceDRM::SetupConcurrentWriteback: Tear down the Concurrent Writeback topology
06-19 15:12:13.477  1265 10153 I SDM     : HWCSession::NotifyCWBStatus: Notify the client about buffer status 0.
06-19 15:12:13.479  1265 10153 I SDM     : HWCSession::PerformFenceWaits: Remove current release fence from the pending fence wait queue.
06-19 15:12:13.480  1265 10153 I SDM     : HWCSession::PerformFenceWaits: CWB fence queue is empty. No pending release fence to wait on.
06-19 15:12:13.565  2431  5724 I WindowManagerService: Physical orientation applied, rotation=0 sfOrientation=ORIENTATION_0
06-19 15:12:13.607  2431  3286 D MiuiNetworkPolicy: updateLimit mLimitEnabled=true,enabled=false,mNetworkPriorityMode=1
06-19 15:12:13.634  9530 10094 D AudioTrack: [audioTrackData][fine] 5s(f:5076 m:0 s:0 k:0) : pid 9530 uid 10494 sessionId 1385 sr 48000 ch 2 fmt 1
06-19 15:12:13.667  5405  9716 D SLM-SRV-SLAService: checktemp temperature = 37274 temperature_average = 37236 isPerformanceMode = false thermal_enable_slm = true
06-19 15:12:13.672  2431  5724 I WindowManagerService: Physical orientation applied, rotation=0 sfOrientation=ORIENTATION_0
06-19 15:12:13.674  2018  3127 D libsensor-displayalgo: the value of  brightness:438.000000,R:9257337.416282,G:8010836.415844,B:8712839.151549,EVENT_C:3453.000000,EVENT_R:1406.500000,EVENT_G:1697.000000,EVENT_B:691.000000
06-19 15:12:13.674  2018  3127 I libsensor-displayalgo: the value of  Coef1:1107.681000,Coef4:2.383000, scale1:0.935522, scale4:0.923264
06-19 15:12:13.674  2018  3127 E libsensor-displayalgo: RGB_black_white_scenario_0822!
06-19 15:12:13.674  2018  3127 I libsensor-displayalgo: the value of  RESULT289.138110,108.111655,148.343534,51.140830
06-19 15:12:13.674  2018  3127 I libsensor-displayalgo: the value of  getChannelDataCalibrated303.145524,100.132231,172.420309,55.816775
06-19 15:12:13.674  2018  3127 I libsensor-displayalgo: the value of  REAL LUX190.816559
06-19 15:12:13.674  2018  3127 I libsensor-displayalgo: the value of  CAL REAL LUX190.816559
06-19 15:12:13.688  1930  1967 I mstatdaemon: Entering time loop
06-19 15:12:13.688  1930  1967 I mstatdaemon: t = 1687158733
06-19 15:12:13.688  1930  1967 I mstatdaemon: translated_t = 1371168733
06-19 15:12:13.688  1930  1967 I mstat_log: mstatcommitLog log_alloc() failed
06-19 15:12:13.760  1265  2358 I vendor.qti.hardware.display.composer-service: FrameNotifyProcess Sensor: notify citsensorservice to trigger cwb
06-19 15:12:13.761  2018  3874 I libcitsensorservice@2.0-impl: msg_transfer
06-19 15:12:13.761  2018  3098 D vendor.xiaomi.sensor.citsensorservice@2.0-service: handle id:9 wxh:1280x2400 uwxuh:1080x2400 size: 9216000 fd:15 fd_meta:16 flags:0x4000228 usage:0x33  format:0x3 layer_count: 1
06-19 15:12:13.761  1265  1887 I SDM     : HWCSession::SetCWBOutputBuffer: CWB config passed by cwb_client : tappoint 1  CWB_ROI : (829.000000 4.000000 915.000000 90.000000)
06-19 15:12:13.764  1265 10167 I SDM     : HWCSession::ProcessRequests: Successfully configured CWB buffer.
06-19 15:12:13.774  2431  5724 I WindowManagerService: Physical orientation applied, rotation=0 sfOrientation=ORIENTATION_0
06-19 15:12:13.776  1265 10167 I SDM     : HWCSession::ProcessRequests: Pushing release fence in fenece wait queue.
06-19 15:12:13.776  1265 10167 I SDM     : HWCSession::ProcessRequests: Creating AsyncFenceWaits async thread.
06-19 15:12:13.776  1265 10167 I SDM     : HWCSession::ProcessRequests: Remove current CWB request from the pending request queue.
06-19 15:12:13.776  1265 10167 I SDM     : HWCSession::ProcessRequests: No pending cwb requests found in the queue.
06-19 15:12:13.783  1265  1584 I SDM     : HWDeviceDRM::SetupConcurrentWriteback: Tear down the Concurrent Writeback topology
06-19 15:12:13.785  1265 10168 I SDM     : HWCSession::NotifyCWBStatus: Notify the client about buffer status 0.
06-19 15:12:13.786  1265 10168 I SDM     : HWCSession::PerformFenceWaits: Remove current release fence from the pending fence wait queue.
06-19 15:12:13.786  1265 10168 I SDM     : HWCSession::PerformFenceWaits: CWB fence queue is empty. No pending release fence to wait on.
06-19 15:12:13.873  2431  5724 I WindowManagerService: Physical orientation applied, rotation=0 sfOrientation=ORIENTATION_0
06-19 15:12:13.974  2431  5724 I WindowManagerService: Physical orientation applied, rotation=0 sfOrientation=ORIENTATION_0
06-19 15:12:13.975  2018  3127 D libsensor-displayalgo: the value of  brightness:438.000000,R:9257337.416282,G:8010836.415844,B:8712839.151549,EVENT_C:3452.000000,EVENT_R:1406.500000,EVENT_G:1694.500000,EVENT_B:692.000000
06-19 15:12:13.975  2018  3127 I libsensor-displayalgo: the value of  Coef1:1107.681000,Coef4:2.383000, scale1:0.935522, scale4:0.923264
06-19 15:12:13.975  2018  3127 E libsensor-displayalgo: RGB_black_white_scenario_0822!
06-19 15:12:13.975  2018  3127 I libsensor-displayalgo: the value of  RESULT289.138110,108.111655,148.343534,51.140830
06-19 15:12:13.975  2018  3127 I libsensor-displayalgo: the value of  getChannelDataCalibrated303.145524,100.132231,172.420309,55.816775
06-19 15:12:13.975  2018  3127 I libsensor-displayalgo: the value of  REAL LUX190.551010
06-19 15:12:13.975  2018  3127 I libsensor-displayalgo: the value of  CAL REAL LUX190.551010
06-19 15:12:14.062  1265  2358 I vendor.qti.hardware.display.composer-service: FrameNotifyProcess Sensor: notify citsensorservice to trigger cwb
06-19 15:12:14.063  2018  2018 I libcitsensorservice@2.0-impl: msg_transfer
06-19 15:12:14.064  2018  3098 D vendor.xiaomi.sensor.citsensorservice@2.0-service: handle id:9 wxh:1280x2400 uwxuh:1080x2400 size: 9216000 fd:15 fd_meta:16 flags:0x4000228 usage:0x33  format:0x3 layer_count: 1
06-19 15:12:14.064  1265  1887 I SDM     : HWCSession::SetCWBOutputBuffer: CWB config passed by cwb_client : tappoint 1  CWB_ROI : (829.000000 4.000000 915.000000 90.000000)
06-19 15:12:14.065  1265 10178 I SDM     : HWCSession::ProcessRequests: Successfully configured CWB buffer.
06-19 15:12:14.075  1265 10178 I SDM     : HWCSession::ProcessRequests: Pushing release fence in fenece wait queue.
06-19 15:12:14.075  1265 10178 I SDM     : HWCSession::ProcessRequests: Creating AsyncFenceWaits async thread.
06-19 15:12:14.075  1265 10178 I SDM     : HWCSession::ProcessRequests: Remove current CWB request from the pending request queue.
06-19 15:12:14.075  1265 10178 I SDM     : HWCSession::ProcessRequests: No pending cwb requests found in the queue.
06-19 15:12:14.077  2431  5724 I WindowManagerService: Physical orientation applied, rotation=0 sfOrientation=ORIENTATION_0
06-19 15:12:14.080  1265  1584 I SDM     : HWDeviceDRM::SetupConcurrentWriteback: Tear down the Concurrent Writeback topology
06-19 15:12:14.087  1265 10179 I SDM     : HWCSession::NotifyCWBStatus: Notify the client about buffer status 0.
06-19 15:12:14.087  1265 10179 I SDM     : HWCSession::PerformFenceWaits: Remove current release fence from the pending fence wait queue.
06-19 15:12:14.087  1265 10179 I SDM     : HWCSession::PerformFenceWaits: CWB fence queue is empty. No pending release fence to wait on.
06-19 15:12:14.175  2431  5724 I WindowManagerService: Physical orientation applied, rotation=0 sfOrientation=ORIENTATION_0
06-19 15:12:14.211   680   680 I servicemanager: Since 'apexservice' could not be found, trying to start it as a lazy AIDL service
06-19 15:12:14.257   680   680 I BpBinder: onLastStrongRef automatically unlinking death recipients: <uncached descriptor>
06-19 15:12:14.258   680   680 I servicemanager: Tried to unregister apexservice, but there is about to be a client.
06-19 15:12:14.273  2018  3127 D libsensor-displayalgo: the value of  brightness:438.000000,R:9257337.416282,G:8010836.415844,B:8712839.151549,EVENT_C:3456.500000,EVENT_R:1408.000000,EVENT_G:1697.000000,EVENT_B:691.000000
06-19 15:12:14.274  2018  3127 I libsensor-displayalgo: the value of  Coef1:1107.681000,Coef4:2.383000, scale1:0.935522, scale4:0.923264
06-19 15:12:14.274  2018  3127 E libsensor-displayalgo: RGB_black_white_scenario_0822!
06-19 15:12:14.274  2018  3127 I libsensor-displayalgo: the value of  RESULT289.138110,108.111655,148.343534,51.140830
06-19 15:12:14.274  2018  3127 I libsensor-displayalgo: the value of  getChannelDataCalibrated303.145524,100.132231,172.420309,55.816775
06-19 15:12:14.274  2018  3127 I libsensor-displayalgo: the value of  REAL LUX191.007050
06-19 15:12:14.274  2018  3127 I libsensor-displayalgo: the value of  CAL REAL LUX191.007050
06-19 15:12:14.281  2431  4483 I WindowManagerService: Physical orientation applied, rotation=0 sfOrientation=ORIENTATION_0
06-19 15:12:14.367  1265  2358 I vendor.qti.hardware.display.composer-service: FrameNotifyProcess Sensor: notify citsensorservice to trigger cwb
06-19 15:12:14.369  2018  2018 I libcitsensorservice@2.0-impl: msg_transfer
06-19 15:12:14.372  2018  3098 D vendor.xiaomi.sensor.citsensorservice@2.0-service: handle id:9 wxh:1280x2400 uwxuh:1080x2400 size: 9216000 fd:15 fd_meta:16 flags:0x4000228 usage:0x33  format:0x3 layer_count: 1
06-19 15:12:14.373  1265  1887 I SDM     : HWCSession::SetCWBOutputBuffer: CWB config passed by cwb_client : tappoint 1  CWB_ROI : (829.000000 4.000000 915.000000 90.000000)
06-19 15:12:14.374  1265 10188 I SDM     : HWCSession::ProcessRequests: Successfully configured CWB buffer.
06-19 15:12:14.381  1265 10188 I SDM     : HWCSession::ProcessRequests: Pushing release fence in fenece wait queue.
06-19 15:12:14.382  1265 10188 I SDM     : HWCSession::ProcessRequests: Creating AsyncFenceWaits async thread.
06-19 15:12:14.382  1265 10188 I SDM     : HWCSession::ProcessRequests: Remove current CWB request from the pending request queue.
06-19 15:12:14.382  1265 10188 I SDM     : HWCSession::ProcessRequests: No pending cwb requests found in the queue.
06-19 15:12:14.384  1265  1584 I SDM     : HWDeviceDRM::SetupConcurrentWriteback: Tear down the Concurrent Writeback topology
06-19 15:12:14.385  2431  5724 I WindowManagerService: Physical orientation applied, rotation=0 sfOrientation=ORIENTATION_0
06-19 15:12:14.391  1265 10189 I SDM     : HWCSession::NotifyCWBStatus: Notify the client about buffer status 0.
06-19 15:12:14.392  1265 10189 I SDM     : HWCSession::PerformFenceWaits: Remove current release fence from the pending fence wait queue.
06-19 15:12:14.392  1265 10189 I SDM     : HWCSession::PerformFenceWaits: CWB fence queue is empty. No pending release fence to wait on.
06-19 15:12:14.425  5809 10097 I SafeBinderCall: onPositionChange binder cost:1
06-19 15:12:14.425  4233  4233 D MiPlayDetailViewModel: onPositionChange(): position = 11553
06-19 15:12:14.486  2431  5724 I WindowManagerService: Physical orientation applied, rotation=0 sfOrientation=ORIENTATION_0
06-19 15:12:14.574  2018  3127 D libsensor-displayalgo: the value of  brightness:438.000000,R:9257337.416282,G:8010836.415844,B:8712839.151549,EVENT_C:3458.500000,EVENT_R:1409.000000,EVENT_G:1699.000000,EVENT_B:692.500000
06-19 15:12:14.574  2018  3127 I libsensor-displayalgo: the value of  Coef1:1107.681000,Coef4:2.383000, scale1:0.935522, scale4:0.923264
06-19 15:12:14.574  2018  3127 E libsensor-displayalgo: RGB_black_white_scenario_0822!
06-19 15:12:14.574  2018  3127 I libsensor-displayalgo: the value of  RESULT289.138110,108.111655,148.343534,51.140830
06-19 15:12:14.574  2018  3127 I libsensor-displayalgo: the value of  getChannelDataCalibrated303.145524,100.132231,172.420309,55.816775
06-19 15:12:14.574  2018  3127 I libsensor-displayalgo: the value of  REAL LUX191.079651
06-19 15:12:14.574  2018  3127 I libsensor-displayalgo: the value of  CAL REAL LUX191.079651
06-19 15:12:14.586  2431  4483 I WindowManagerService: Physical orientation applied, rotation=0 sfOrientation=ORIENTATION_0
06-19 15:12:14.673  1265  2358 I vendor.qti.hardware.display.composer-service: FrameNotifyProcess Sensor: notify citsensorservice to trigger cwb
06-19 15:12:14.674  2018  3874 I libcitsensorservice@2.0-impl: msg_transfer
06-19 15:12:14.675  2018  3098 D vendor.xiaomi.sensor.citsensorservice@2.0-service: handle id:9 wxh:1280x2400 uwxuh:1080x2400 size: 9216000 fd:15 fd_meta:16 flags:0x4000228 usage:0x33  format:0x3 layer_count: 1
06-19 15:12:14.675  1265  1887 I SDM     : HWCSession::SetCWBOutputBuffer: CWB config passed by cwb_client : tappoint 1  CWB_ROI : (829.000000 4.000000 915.000000 90.000000)
06-19 15:12:14.677  1265 10196 I SDM     : HWCSession::ProcessRequests: Successfully configured CWB buffer.
06-19 15:12:14.685  1265 10196 I SDM     : HWCSession::ProcessRequests: Pushing release fence in fenece wait queue.
06-19 15:12:14.685  1265 10196 I SDM     : HWCSession::ProcessRequests: Creating AsyncFenceWaits async thread.
06-19 15:12:14.686  1265 10196 I SDM     : HWCSession::ProcessRequests: Remove current CWB request from the pending request queue.
06-19 15:12:14.686  1265 10196 I SDM     : HWCSession::ProcessRequests: No pending cwb requests found in the queue.
06-19 15:12:14.688  2431  5724 I WindowManagerService: Physical orientation applied, rotation=0 sfOrientation=ORIENTATION_0
06-19 15:12:14.689  1265  1584 I SDM     : HWDeviceDRM::SetupConcurrentWriteback: Tear down the Concurrent Writeback topology
06-19 15:12:14.696  1265 10197 I SDM     : HWCSession::NotifyCWBStatus: Notify the client about buffer status 0.
06-19 15:12:14.697  1265 10197 I SDM     : HWCSession::PerformFenceWaits: Remove current release fence from the pending fence wait queue.
06-19 15:12:14.697  1265 10197 I SDM     : HWCSession::PerformFenceWaits: CWB fence queue is empty. No pending release fence to wait on.
06-19 15:12:14.795  2431  5724 I WindowManagerService: Physical orientation applied, rotation=0 sfOrientation=ORIENTATION_0
06-19 15:12:14.876  2018  3127 D libsensor-displayalgo: the value of  brightness:438.000000,R:9257337.416282,G:8010836.415844,B:8712839.151549,EVENT_C:3459.500000,EVENT_R:1409.000000,EVENT_G:1699.000000,EVENT_B:692.500000
06-19 15:12:14.876  2018  3127 I libsensor-displayalgo: the value of  Coef1:1107.681000,Coef4:2.383000, scale1:0.935522, scale4:0.923264
06-19 15:12:14.876  2018  3127 E libsensor-displayalgo: RGB_black_white_scenario_0822!
06-19 15:12:14.876  2018  3127 I libsensor-displayalgo: the value of  RESULT289.138110,108.111655,148.343534,51.140830
06-19 15:12:14.876  2018  3127 I libsensor-displayalgo: the value of  getChannelDataCalibrated303.145524,100.132231,172.420309,55.816775
06-19 15:12:14.876  2018  3127 I libsensor-displayalgo: the value of  REAL LUX191.150208
06-19 15:12:14.876  2018  3127 I libsensor-displayalgo: the value of  CAL REAL LUX191.150208
06-19 15:12:14.898  2431  4483 I WindowManagerService: Physical orientation applied, rotation=0 sfOrientation=ORIENTATION_0
06-19 15:12:14.977  1265  2358 I vendor.qti.hardware.display.composer-service: FrameNotifyProcess Sensor: notify citsensorservice to trigger cwb
06-19 15:12:14.977  2018  3874 I libcitsensorservice@2.0-impl: msg_transfer
06-19 15:12:14.978  2018  3098 D vendor.xiaomi.sensor.citsensorservice@2.0-service: handle id:9 wxh:1280x2400 uwxuh:1080x2400 size: 9216000 fd:15 fd_meta:16 flags:0x4000228 usage:0x33  format:0x3 layer_count: 1
06-19 15:12:14.978  1265  1887 I SDM     : HWCSession::SetCWBOutputBuffer: CWB config passed by cwb_client : tappoint 1  CWB_ROI : (829.000000 4.000000 915.000000 90.000000)
06-19 15:12:14.981  1265 10204 I SDM     : HWCSession::ProcessRequests: Successfully configured CWB buffer.
06-19 15:12:14.987  1265 10204 I SDM     : HWCSession::ProcessRequests: Pushing release fence in fenece wait queue.
06-19 15:12:14.987  1265 10204 I SDM     : HWCSession::ProcessRequests: Creating AsyncFenceWaits async thread.
06-19 15:12:14.988  1265 10204 I SDM     : HWCSession::ProcessRequests: Remove current CWB request from the pending request queue.
06-19 15:12:14.988  1265 10204 I SDM     : HWCSession::ProcessRequests: No pending cwb requests found in the queue.
06-19 15:12:14.993  1265  1584 I SDM     : HWDeviceDRM::SetupConcurrentWriteback: Tear down the Concurrent Writeback topology
06-19 15:12:14.997  2431  5724 I WindowManagerService: Physical orientation applied, rotation=0 sfOrientation=ORIENTATION_0
06-19 15:12:15.000  1265 10207 I SDM     : HWCSession::NotifyCWBStatus: Notify the client about buffer status 0.
06-19 15:12:15.001  1265 10207 I SDM     : HWCSession::PerformFenceWaits: Remove current release fence from the pending fence wait queue.
06-19 15:12:15.002  1265 10207 I SDM     : HWCSession::PerformFenceWaits: CWB fence queue is empty. No pending release fence to wait on.
06-19 15:12:15.096  2431  4483 I WindowManagerService: Physical orientation applied, rotation=0 sfOrientation=ORIENTATION_0
06-19 15:12:15.173  2018  3127 D libsensor-displayalgo: the value of  brightness:438.000000,R:9257337.416282,G:8010836.415844,B:8712839.151549,EVENT_C:3458.500000,EVENT_R:1408.500000,EVENT_G:1697.500000,EVENT_B:693.000000
06-19 15:12:15.173  2018  3127 I libsensor-displayalgo: the value of  Coef1:1107.681000,Coef4:2.383000, scale1:0.935522, scale4:0.923264
06-19 15:12:15.174  2018  3127 E libsensor-displayalgo: RGB_black_white_scenario_0822!
06-19 15:12:15.174  2018  3127 I libsensor-displayalgo: the value of  RESULT289.138110,108.111655,148.343534,51.140830
06-19 15:12:15.174  2018  3127 I libsensor-displayalgo: the value of  getChannelDataCalibrated303.145524,100.132231,172.420309,55.816775
06-19 15:12:15.174  2018  3127 I libsensor-displayalgo: the value of  REAL LUX190.989609
06-19 15:12:15.174  2018  3127 I libsensor-displayalgo: the value of  CAL REAL LUX190.989609
06-19 15:12:15.195  2431  5724 I WindowManagerService: Physical orientation applied, rotation=0 sfOrientation=ORIENTATION_0
06-19 15:12:15.281  1265  2358 I vendor.qti.hardware.display.composer-service: FrameNotifyProcess Sensor: notify citsensorservice to trigger cwb
06-19 15:12:15.281  2018  3874 I libcitsensorservice@2.0-impl: msg_transfer
06-19 15:12:15.281  2018  3098 D vendor.xiaomi.sensor.citsensorservice@2.0-service: handle id:9 wxh:1280x2400 uwxuh:1080x2400 size: 9216000 fd:15 fd_meta:16 flags:0x4000228 usage:0x33  format:0x3 layer_count: 1
06-19 15:12:15.283  1265  1887 I SDM     : HWCSession::SetCWBOutputBuffer: CWB config passed by cwb_client : tappoint 1  CWB_ROI : (829.000000 4.000000 915.000000 90.000000)
06-19 15:12:15.285  1265 10222 I SDM     : HWCSession::ProcessRequests: Successfully configured CWB buffer.
06-19 15:12:15.292  1265 10222 I SDM     : HWCSession::ProcessRequests: Pushing release fence in fenece wait queue.
06-19 15:12:15.292  1265 10222 I SDM     : HWCSession::ProcessRequests: Creating AsyncFenceWaits async thread.
06-19 15:12:15.292  1265 10222 I SDM     : HWCSession::ProcessRequests: Remove current CWB request from the pending request queue.
06-19 15:12:15.292  1265 10222 I SDM     : HWCSession::ProcessRequests: No pending cwb requests found in the queue.
06-19 15:12:15.298  1265  1584 I SDM     : HWDeviceDRM::SetupConcurrentWriteback: Tear down the Concurrent Writeback topology
06-19 15:12:15.302  2431  5724 I WindowManagerService: Physical orientation applied, rotation=0 sfOrientation=ORIENTATION_0
06-19 15:12:15.305  1265 10223 I SDM     : HWCSession::NotifyCWBStatus: Notify the client about buffer status 0.
06-19 15:12:15.305  1265 10223 I SDM     : HWCSession::PerformFenceWaits: Remove current release fence from the pending fence wait queue.
06-19 15:12:15.305  1265 10223 I SDM     : HWCSession::PerformFenceWaits: CWB fence queue is empty. No pending release fence to wait on.
06-19 15:12:15.401  2431  4483 I WindowManagerService: Physical orientation applied, rotation=0 sfOrientation=ORIENTATION_0
06-19 15:12:15.424  5809 10097 I SafeBinderCall: onPositionChange binder cost:1
06-19 15:12:15.424  4233  4233 D MiPlayDetailViewModel: onPositionChange(): position = 12552
06-19 15:12:15.474  2018  3127 D libsensor-displayalgo: the value of  brightness:438.000000,R:9257337.416282,G:8010836.415844,B:8712839.151549,EVENT_C:3457.500000,EVENT_R:1407.500000,EVENT_G:1697.000000,EVENT_B:692.000000
06-19 15:12:15.474  2018  3127 I libsensor-displayalgo: the value of  Coef1:1107.681000,Coef4:2.383000, scale1:0.935522, scale4:0.923264
06-19 15:12:15.475  2018  3127 E libsensor-displayalgo: RGB_black_white_scenario_0822!
06-19 15:12:15.475  2018  3127 I libsensor-displayalgo: the value of  RESULT289.138110,108.111655,148.343534,51.140830
06-19 15:12:15.475  2018  3127 I libsensor-displayalgo: the value of  getChannelDataCalibrated303.145524,100.132231,172.420309,55.816775
06-19 15:12:15.475  2018  3127 I libsensor-displayalgo: the value of  REAL LUX191.015213
06-19 15:12:15.475  2018  3127 I libsensor-displayalgo: the value of  CAL REAL LUX191.015213
06-19 15:12:15.500  2431  4483 I WindowManagerService: Physical orientation applied, rotation=0 sfOrientation=ORIENTATION_0
06-19 15:12:15.585  1265  2358 I vendor.qti.hardware.display.composer-service: FrameNotifyProcess Sensor: notify citsensorservice to trigger cwb
06-19 15:12:15.585  2018  7182 I libcitsensorservice@2.0-impl: msg_transfer
06-19 15:12:15.586  2018  3098 D vendor.xiaomi.sensor.citsensorservice@2.0-service: handle id:9 wxh:1280x2400 uwxuh:1080x2400 size: 9216000 fd:15 fd_meta:16 flags:0x4000228 usage:0x33  format:0x3 layer_count: 1
06-19 15:12:15.586  1265  1887 I SDM     : HWCSession::SetCWBOutputBuffer: CWB config passed by cwb_client : tappoint 1  CWB_ROI : (829.000000 4.000000 915.000000 90.000000)
06-19 15:12:15.587  1265 10229 I SDM     : HWCSession::ProcessRequests: Successfully configured CWB buffer.
06-19 15:12:15.597  1265 10229 I SDM     : HWCSession::ProcessRequests: Pushing release fence in fenece wait queue.
06-19 15:12:15.597  1265 10229 I SDM     : HWCSession::ProcessRequests: Creating AsyncFenceWaits async thread.
06-19 15:12:15.597  1265 10229 I SDM     : HWCSession::ProcessRequests: Remove current CWB request from the pending request queue.
06-19 15:12:15.597  1265 10229 I SDM     : HWCSession::ProcessRequests: No pending cwb requests found in the queue.
06-19 15:12:15.602  1265  1584 I SDM     : HWDeviceDRM::SetupConcurrentWriteback: Tear down the Concurrent Writeback topology
06-19 15:12:15.606  2431  4483 I WindowManagerService: Physical orientation applied, rotation=0 sfOrientation=ORIENTATION_0
06-19 15:12:15.610  1265 10230 I SDM     : HWCSession::NotifyCWBStatus: Notify the client about buffer status 0.
06-19 15:12:15.610  1265 10230 I SDM     : HWCSession::PerformFenceWaits: Remove current release fence from the pending fence wait queue.
06-19 15:12:15.610  1265 10230 I SDM     : HWCSession::PerformFenceWaits: CWB fence queue is empty. No pending release fence to wait on.
06-19 15:12:15.705  2431  4483 I WindowManagerService: Physical orientation applied, rotation=0 sfOrientation=ORIENTATION_0
06-19 15:12:15.773  2018  3127 D libsensor-displayalgo: the value of  brightness:438.000000,R:9257337.416282,G:8010836.415844,B:8712839.151549,EVENT_C:3459.000000,EVENT_R:1409.500000,EVENT_G:1700.000000,EVENT_B:692.000000
06-19 15:12:15.773  2018  3127 I libsensor-displayalgo: the value of  Coef1:1107.681000,Coef4:2.383000, scale1:0.935522, scale4:0.923264
06-19 15:12:15.773  2018  3127 E libsensor-displayalgo: RGB_black_white_scenario_0822!
06-19 15:12:15.773  2018  3127 I libsensor-displayalgo: the value of  RESULT289.138110,108.111655,148.343534,51.140830
06-19 15:12:15.773  2018  3127 I libsensor-displayalgo: the value of  getChannelDataCalibrated303.145524,100.132231,172.420309,55.816775
06-19 15:12:15.773  2018  3127 I libsensor-displayalgo: the value of  REAL LUX191.182190
06-19 15:12:15.773  2018  3127 I libsensor-displayalgo: the value of  CAL REAL LUX191.182190
06-19 15:12:15.804  2431  4483 I WindowManagerService: Physical orientation applied, rotation=0 sfOrientation=ORIENTATION_0
06-19 15:12:15.890  1265  2358 I vendor.qti.hardware.display.composer-service: FrameNotifyProcess Sensor: notify citsensorservice to trigger cwb
06-19 15:12:15.890  2018  2018 I libcitsensorservice@2.0-impl: msg_transfer
06-19 15:12:15.891  2018  3098 D vendor.xiaomi.sensor.citsensorservice@2.0-service: handle id:9 wxh:1280x2400 uwxuh:1080x2400 size: 9216000 fd:15 fd_meta:16 flags:0x4000228 usage:0x33  format:0x3 layer_count: 1
06-19 15:12:15.892  1265  1887 I SDM     : HWCSession::SetCWBOutputBuffer: CWB config passed by cwb_client : tappoint 1  CWB_ROI : (829.000000 4.000000 915.000000 90.000000)
06-19 15:12:15.893  1265 10246 I SDM     : HWCSession::ProcessRequests: Successfully configured CWB buffer.
06-19 15:12:15.900  1265 10246 I SDM     : HWCSession::ProcessRequests: Pushing release fence in fenece wait queue.
06-19 15:12:15.900  1265 10246 I SDM     : HWCSession::ProcessRequests: Creating AsyncFenceWaits async thread.
06-19 15:12:15.901  1265 10246 I SDM     : HWCSession::ProcessRequests: Remove current CWB request from the pending request queue.
06-19 15:12:15.901  1265 10246 I SDM     : HWCSession::ProcessRequests: No pending cwb requests found in the queue.
06-19 15:12:15.907  1265  1584 I SDM     : HWDeviceDRM::SetupConcurrentWriteback: Tear down the Concurrent Writeback topology
06-19 15:12:15.911  2431  4483 I WindowManagerService: Physical orientation applied, rotation=0 sfOrientation=ORIENTATION_0
06-19 15:12:15.914  1265 10248 I SDM     : HWCSession::NotifyCWBStatus: Notify the client about buffer status 0.
06-19 15:12:15.916  1265 10248 I SDM     : HWCSession::PerformFenceWaits: Remove current release fence from the pending fence wait queue.
06-19 15:12:15.916  1265 10248 I SDM     : HWCSession::PerformFenceWaits: CWB fence queue is empty. No pending release fence to wait on.
06-19 15:12:15.939  9274 10250 I appium  : channel read: GET /wd/hub/sessions
06-19 15:12:15.941  9274 10250 I appium  : GetSessions command
06-19 15:12:15.947  9274 10250 I appium  : AppiumResponse: {"sessionId":"None","value":[{"id":"9903692d-7104-409d-8312-c36adc3b3e00","capabilities":{"appPackage":"cn.missevan","networkConnectionEnabled":true,"noReset":true,"warnings":{},"databaseEnabled":false,"deviceName":"b8fc130c","fullReset":false,"platform":"LINUX","deviceUDID":"b8fc130c","appActivity"…
06-19 15:12:15.976  9274 10251 I appium  : channel read: DELETE /wd/hub/session/9903692d-7104-409d-8312-c36adc3b3e00
06-19 15:12:15.977  9274 10251 I appium  : DeleteSession command
06-19 15:12:15.980  9274 10251 I appium  : Stopping uiautomator2 io.appium.uiautomator2.http io.appium.uiautomator2.server
06-19 15:12:15.983  9274 10251 I appium  : AppiumResponse: {"sessionId":"9903692d-7104-409d-8312-c36adc3b3e00","value":null}
06-19 15:12:16.009  2431  4483 I WindowManagerService: Physical orientation applied, rotation=0 sfOrientation=ORIENTATION_0
06-19 15:12:16.074  2018  3127 D libsensor-displayalgo: the value of  brightness:438.000000,R:9257337.416282,G:8010836.415844,B:8712839.151549,EVENT_C:3459.500000,EVENT_R:1409.000000,EVENT_G:1696.000000,EVENT_B:692.000000
06-19 15:12:16.074  2018  3127 I libsensor-displayalgo: the value of  Coef1:1107.681000,Coef4:2.383000, scale1:0.935522, scale4:0.923264
06-19 15:12:16.074  2018  3127 E libsensor-displayalgo: RGB_black_white_scenario_0822!
06-19 15:12:16.074  2018  3127 I libsensor-displayalgo: the value of  RESULT289.138110,108.111655,148.343534,51.140830
06-19 15:12:16.074  2018  3127 I libsensor-displayalgo: the value of  getChannelDataCalibrated303.145524,100.132231,172.420309,55.816775
06-19 15:12:16.074  2018  3127 I libsensor-displayalgo: the value of  REAL LUX191.054337
06-19 15:12:16.074  2018  3127 I libsensor-displayalgo: the value of  CAL REAL LUX191.054337
06-19 15:12:16.109  2431  5724 I WindowManagerService: Physical orientation applied, rotation=0 sfOrientation=ORIENTATION_0
06-19 15:12:16.194  1265  2358 I vendor.qti.hardware.display.composer-service: FrameNotifyProcess Sensor: notify citsensorservice to trigger cwb
06-19 15:12:16.194  2018  2018 I libcitsensorservice@2.0-impl: msg_transfer
06-19 15:12:16.195  2018  3098 D vendor.xiaomi.sensor.citsensorservice@2.0-service: handle id:9 wxh:1280x2400 uwxuh:1080x2400 size: 9216000 fd:15 fd_meta:16 flags:0x4000228 usage:0x33  format:0x3 layer_count: 1
06-19 15:12:16.196  1265  1887 I SDM     : HWCSession::SetCWBOutputBuffer: CWB config passed by cwb_client : tappoint 1  CWB_ROI : (829.000000 4.000000 915.000000 90.000000)
06-19 15:12:16.197  1265 10257 I SDM     : HWCSession::ProcessRequests: Successfully configured CWB buffer.
06-19 15:12:16.205  1265 10257 I SDM     : HWCSession::ProcessRequests: Pushing release fence in fenece wait queue.
06-19 15:12:16.205  1265 10257 I SDM     : HWCSession::ProcessRequests: Creating AsyncFenceWaits async thread.
06-19 15:12:16.205  1265 10257 I SDM     : HWCSession::ProcessRequests: Remove current CWB request from the pending request queue.
06-19 15:12:16.206  1265 10257 I SDM     : HWCSession::ProcessRequests: No pending cwb requests found in the queue.
06-19 15:12:16.212  1265  1584 I SDM     : HWDeviceDRM::SetupConcurrentWriteback: Tear down the Concurrent Writeback topology
06-19 15:12:16.215  2431  4483 I WindowManagerService: Physical orientation applied, rotation=0 sfOrientation=ORIENTATION_0
06-19 15:12:16.219  1265 10258 I SDM     : HWCSession::NotifyCWBStatus: Notify the client about buffer status 0.
06-19 15:12:16.220  1265 10258 I SDM     : HWCSession::PerformFenceWaits: Remove current release fence from the pending fence wait queue.
06-19 15:12:16.220  1265 10258 I SDM     : HWCSession::PerformFenceWaits: CWB fence queue is empty. No pending release fence to wait on.
06-19 15:12:16.314  2431  4483 I WindowManagerService: Physical orientation applied, rotation=0 sfOrientation=ORIENTATION_0
06-19 15:12:16.325  5433  9212 D MiuiFastConnectService: stopBleScan: scanning: true
06-19 15:12:16.325  5433  9212 D BluetoothAdapter: isLeEnabled(): ON
06-19 15:12:16.331  8770  8791 D BtGatt.GattService: stopScan() - queue size =1
06-19 15:12:16.333  8770  8879 I BtGatt.ScanManager: msg.what = 1, msg.arg1 = 0(mMiuiControllingType)
06-19 15:12:16.333  8770  8879 D BtGatt.ScanManager: track LE scan event: callerPackage = [com.xiaomi.bluetooth], scanMode = [0], reportDelayMillis = [0], behavior = [2], scannerId = [7], duration = [59931]
06-19 15:12:16.334  8770  8879 D BtGatt.ScanManager: stop scan
06-19 15:12:16.336  1175  1175 D vendor.qti.bluetooth@1.0-ibs_handler: SerialClockVote: vote for UART CLK ON
06-19 15:12:16.337  1175  1175 D vendor.qti.bluetooth@1.0-wake_lock: Acquire wakelock is acquired
06-19 15:12:16.337  1175  1175 I vendor.qti.bluetooth@1.0-ibs_handler: DeviceWakeUp: Writing IBS_WAKE_IND
06-19 15:12:16.338  2431  5724 W InputManager-JNI: Input channel object '4aff41f PopupWindow:caaa1c9 (client)' was disposed without first being removed with the input manager!
06-19 15:12:16.338  8770  8791 D BtGatt.GattService: unregisterScanner() - scannerId=7
06-19 15:12:16.338 30661 30744 D IdProviderImpl: getOAID from com.miui.analytics
06-19 15:12:16.343  1408  2343 D RefreshRateConfigs: TouchBoost - choose 120.00fps
06-19 15:12:16.346  1175  8918 I vendor.qti.bluetooth@1.0-ibs_handler: ProcessIbsCmd: Received IBS_WAKE_ACK: 0xFC
06-19 15:12:16.346  1175  8918 I vendor.qti.bluetooth@1.0-ibs_handler: ProcessIbsCmd: Signal wack_cond_
06-19 15:12:16.346  1175  1175 D vendor.qti.bluetooth@1.0-ibs_handler: DeviceWakeUp: Unblocked from waiting for FC, pthread_cond_timedwait ret = 0
06-19 15:12:16.348  1175  8918 I vendor.qti.bluetooth@1.0-ibs_handler: ProcessIbsCmd: Received IBS_WAKE_IND: 0xFD
06-19 15:12:16.348  1175  8918 I vendor.qti.bluetooth@1.0-ibs_handler: ProcessIbsCmd: Writing IBS_WAKE_ACK
06-19 15:12:16.348 30661 30744 D IdProviderImpl: getOAID from com.miui.analytics
06-19 15:12:16.355  8770  8844 D BtGatt.GattService: onScanFilterParamsConfigured() - clientIf=7, status=0, action=1, availableSpace=59
06-19 15:12:16.355  8770  8844 D BtGatt.ScanManager: callback done for scannerId - 7 status - 0
06-19 15:12:16.360  8770  8844 D BtGatt.GattService: onScanFilterParamsConfigured() - clientIf=7, status=0, action=1, availableSpace=60
06-19 15:12:16.361  8770  8844 D BtGatt.ScanManager: callback done for scannerId - 7 status - 0
06-19 15:12:16.364  8770  8844 D BtGatt.GattService: onScanFilterParamsConfigured() - clientIf=7, status=0, action=1, availableSpace=61
06-19 15:12:16.364  8770  8844 D BtGatt.ScanManager: callback done for scannerId - 7 status - 0
06-19 15:12:16.366  8770  8844 D BtGatt.GattService: onScanFilterParamsConfigured() - clientIf=7, status=0, action=1, availableSpace=62
06-19 15:12:16.367  8770  8844 D BtGatt.ScanManager: callback done for scannerId - 7 status - 0
06-19 15:12:16.370  8770  8844 D BtGatt.GattService: onScanFilterParamsConfigured() - clientIf=7, status=0, action=1, availableSpace=63
06-19 15:12:16.371  8770  8844 D BtGatt.ScanManager: callback done for scannerId - 7 status - 0
06-19 15:12:16.374  2018  3127 D libsensor-displayalgo: the value of  brightness:438.000000,R:9257337.416282,G:8010836.415844,B:8712839.151549,EVENT_C:3463.000000,EVENT_R:1410.000000,EVENT_G:1699.000000,EVENT_B:693.000000
06-19 15:12:16.374  2018  3127 I libsensor-displayalgo: the value of  Coef1:1107.681000,Coef4:2.383000, scale1:0.935522, scale4:0.923264
06-19 15:12:16.374  2018  3127 E libsensor-displayalgo: RGB_black_white_scenario_0822!
06-19 15:12:16.375  2018  3127 I libsensor-displayalgo: the value of  RESULT289.138110,108.111655,148.343534,51.140830
06-19 15:12:16.375  2018  3127 I libsensor-displayalgo: the value of  getChannelDataCalibrated303.145524,100.132231,172.420309,55.816775
06-19 15:12:16.375  2018  3127 I libsensor-displayalgo: the value of  REAL LUX191.318909
06-19 15:12:16.375  2018  3127 I libsensor-displayalgo: the value of  CAL REAL LUX191.318909
06-19 15:12:16.377  8770  8844 D BtGatt.GattService: onScanFilterParamsConfigured() - clientIf=7, status=0, action=1, availableSpace=64
06-19 15:12:16.377  8770  8844 D BtGatt.ScanManager: callback done for scannerId - 7 status - 0
06-19 15:12:16.378  8770  8879 D BtGatt.ScanManager: configureRegularScanParams() - queue=0
06-19 15:12:16.379  8770  8879 D BtGatt.ScanManager: configureRegularScanParams() - ScanSetting LE 1M Scan mode=-2147483648 ScanSetting LE Coded Scan mode=-2147483648 mLastConfiguredScanSettingLE1M=0 mLastConfiguredScanSettingLECoded=0 scanPhy=1
06-19 15:12:16.379  8770  8879 D BtGatt.ScanManager: configureRegularScanParams() - queue emtpy, scan stopped
06-19 15:12:16.379  8770  8879 D BtGatt.ScanManager: configureRegularScanParams() - queue emtpy, scan stopped
06-19 15:12:16.402  5433  9212 D MiuiFastConnectService: handleMessage: MSG_START_BLE_SCAN mode: 0
06-19 15:12:16.402  5433  9212 D BluetoothAdapter: isLeEnabled(): ON
06-19 15:12:16.402  5433  9212 D BluetoothLeImp: isRoutingAllowedForScanStub
06-19 15:12:16.404  8770  8791 D BtGatt.GattService: registerScanner() - UUID=e75af79f-6ff7-495a-a027-db55a31bfc47
06-19 15:12:16.405  8770  8844 D BtGatt.GattService: onScannerRegistered() - UUID=e75af79f-6ff7-495a-a027-db55a31bfc47, scannerId=7, status=0
06-19 15:12:16.406  5433 16671 D BluetoothLeScanner: onScannerRegistered() - status=0 scannerId=7 mScannerId=0
06-19 15:12:16.412  8770  8791 D BtGatt.GattService: start scan with filters. callingPackage: com.xiaomi.bluetooth
06-19 15:12:16.413  1175  8918 I vendor.qti.bluetooth@1.0-ibs_handler: ProcessIbsCmd: Received IBS_SLEEP_IND: 0xFE
06-19 15:12:16.414  8770  8791 D BtGatt.GattService: enforcePrivilegedPermissionIfNeeded([BluetoothLeScanFilter [mDeviceName=null, mDeviceAddress=null, mUuid=null, mUuidMask=null, mServiceSolicitationUuid=null, mServiceSolicitationUuidMask=null, mServiceDataUuid=null, mServiceData=null, mServiceDataMask=null, mManufacturerId=911, mManufacturerData=[], mManufacturerDataMask=null, mOrganizationId=-1, mTDSFlags=-1, mTDSFlagsMask=-1, mWifiNANHash=null], mGroupBasedFiltering=false, BluetoothLeScanFilter [mDeviceName=null, mDeviceAddress=null, mUuid=null, mUuidMask=null, mServiceSolicitationUuid=null, mServiceSolicitationUuidMask=null, mServiceDataUuid=null, mServiceData=null, mServiceDataMask=null, mManufacturerId=65535, mManufacturerData=[77], mManufacturerDataMask=null, mOrganizationId=-1, mTDSFlags=-1, mTDSFlagsMask=-1, mWifiNANHash=null], mGroupBasedFiltering=false, BluetoothLeScanFilter [mDeviceName=null, mDeviceAddress=null, mUuid=null, mUuidMask=null, mServiceSolicitationUuid=null, mServiceSolicitationUuidMask=null, mServiceDataUuid=0000fe95-0000-1000-8000-00805f9b34fb, mServiceData=[], mServiceDataMask=null, mManufacturerId=-1, mManufacturerData=null, mManufacturerDataMask=null, mOrganizationId=-1, mTDSFlags=-1, mTDSFlagsMask=-1, mWifiNANHash=null], mGroupBasedFiltering=false, BluetoothLeScanFilter [mDeviceName=null, mDeviceAddress=null, mUuid=null, mUuidMask=null, mServiceSolicitationUuid=null, mServiceSolicitationUuidMask=null, mServiceDataUuid=0000fdaa-0000-1000-8000-00805f9b34fb, mServiceData=[], mServiceDataMask=null, mManufacturerId=-1, mManufacturerData=null, mManufacturerDataMask=null, mOrganizationId=-1, mTDSFlags=-1, mTDSFlagsMask=-1, mWifiNANHash=null], mGroupBasedFiltering=false, BluetoothLeScanFilter [mDeviceName=null, mDeviceAddress=null, mUuid=null, mUuidMask=null, mServiceSolicitationUuid=null, mServiceSolicitationUuidMask=null, mServiceDataUuid=0000fdee-0000-1000-8000-00805f9b34fb, mServiceData=[1, 1, 1], mServiceDataMask=null, mManufacturerId=-1, mManufacturerData=null, mManufacturerDataMask=null, mOrganizationId=-1, mTDSFlags=-1, mTDSFlagsMask=-1, mWifiNANHash=null], mGroupBasedFiltering=false, BluetoothLeScanFilter [mDeviceName=null, mDeviceAddress=null, mUuid=null, mUuidMask=null, mServiceSolicitationUuid=null, mServiceSolicitationUuidMask=null, mServiceDataUuid=0000fd2d-0000-1000-8000-00805f9b34fb, mServiceData=[], mServiceDataMask=null, mManufacturerId=-1, mManufacturerData=null, mManufacturerDataMask=null, mOrganizationId=-1, mTDSFlags=-1, mTDSFlagsMask=-1, mWifiNANHash=null], mGroupBasedFiltering=false])
06-19 15:12:16.421  8770  8791 W BluetoothUtils: callingUid is Process.BLUETOOTH_UID
06-19 15:12:16.424  8770  8879 I BtGatt.ScanManager: msg.what = 9, msg.arg1 = 0(mMiuiControllingType)
06-19 15:12:16.424  8770  8879 I BtGatt.ScanManager: msg.what = 0, msg.arg1 = 0(mMiuiControllingType)
06-19 15:12:16.424  8770  8879 D BtGatt.ScanManager: handling starting scan
06-19 15:12:16.424  8770  8879 D BtGatt.ScanManager: isAptXLowLatencyModeEnabled: false
06-19 15:12:16.424  8770  8879 D BtGatt.ScanManager: track LE scan event: callerPackage = [com.xiaomi.bluetooth], scanMode = [0], reportDelayMillis = [0], behavior = [1], scannerId = [7], duration = [0]
06-19 15:12:16.428  4233  4233 D MiPlayDetailViewModel: onPositionChange(): position = 13556
06-19 15:12:16.428  5809 10097 I SafeBinderCall: onPositionChange binder cost:0
06-19 15:12:16.429  1175  8918 I vendor.qti.bluetooth@1.0-ibs_handler: ProcessIbsCmd: Received IBS_WAKE_IND: 0xFD
06-19 15:12:16.429  1175  8918 I vendor.qti.bluetooth@1.0-ibs_handler: ProcessIbsCmd: Writing IBS_WAKE_ACK
