06-19 15:12:20.906  2431  2938 D MIUIInput: [MotionEvent] publisher action=0x0, 351725488, channel 'db8e996 cn.missevan/cn.missevan.activity.MainActivity (server)'
06-19 15:12:20.907  1408  2343 D RefreshRateConfigs: TouchBoost - choose 120.00fps
06-19 15:12:20.910  9363  9363 D MIUIInput: [MotionEvent] ViewRootImpl windowName 'cn.missevan/cn.missevan.activity.MainActivity', { action=ACTION_DOWN, id[0]=0, pointerCount=1, eventTime=351725488, downTime=351725487, phoneEventTime=15:12:20.888 } moveCount:0
06-19 15:12:20.916  2431  4484 D MIUIInput: Input event injection from pid 10274, MotionEvent: UP
06-19 15:12:20.916  2431  2938 D MIUIInput: [MotionEvent] publisher action=0x1, 351725488, channel 'db8e996 cn.missevan/cn.missevan.activity.MainActivity (server)'
06-19 15:12:20.917  9363  9363 D MIUIInput: [MotionEvent] ViewRootImpl windowName 'cn.missevan/cn.missevan.activity.MainActivity', { action=ACTION_UP, id[0]=0, pointerCount=1, eventTime=351725488, downTime=351725487, phoneEventTime=15:12:20.887 } moveCount:0
06-19 15:12:20.927 10292 10331 I appium  : Waiting up to 100ms for the device to idle
06-19 15:12:20.940  9363  9363 D DecorView[MainActivity]: getWindowModeFromSystem  windowmode is 1
06-19 15:12:20.940  9363  9363 D DecorView[MainActivity]: updateDecorCaptionStatus displayWindowDecor is false
06-19 15:12:20.945  2431  2921 I WindowManagerService: Physical orientation applied, rotation=0 sfOrientation=ORIENTATION_0
06-19 15:12:21.067  9363  9373 I cn.missevan: This is non sticky GC, maxfree is 8388608 minfree is 2097152
06-19 15:12:21.067  9363  9373 I cn.missevan: NativeAlloc concurrent copying GC freed 354711(12MB) AllocSpace objects, 17(1148KB) LOS objects, 45% free, 29MB/53MB, paused 124us,170us total 127.223ms
06-19 15:12:21.067  1265  2358 I vendor.qti.hardware.display.composer-service: FrameNotifyProcess Sensor: notify citsensorservice to trigger cwb
06-19 15:12:21.068  2018  3874 I libcitsensorservice@2.0-impl: msg_transfer
06-19 15:12:21.068  2018  3098 D vendor.xiaomi.sensor.citsensorservice@2.0-service: handle id:9 wxh:1280x2400 uwxuh:1080x2400 size: 9216000 fd:15 fd_meta:16 flags:0x4000228 usage:0x33  format:0x3 layer_count: 1
06-19 15:12:21.069  1265  1887 I SDM     : HWCSession::SetCWBOutputBuffer: CWB config passed by cwb_client : tappoint 1  CWB_ROI : (829.000000 4.000000 915.000000 90.000000)
06-19 15:12:21.070  1265 10355 I SDM     : HWCSession::ProcessRequests: Successfully configured CWB buffer.
06-19 15:12:21.077  1265 10355 I SDM     : HWCSession::ProcessRequests: Pushing release fence in fenece wait queue.
06-19 15:12:21.078  1265 10355 I SDM     : HWCSession::ProcessRequests: Creating AsyncFenceWaits async thread.
06-19 15:12:21.080  1265 10355 I SDM     : HWCSession::ProcessRequests: Remove current CWB request from the pending request queue.
06-19 15:12:21.080  1265 10355 I SDM     : HWCSession::ProcessRequests: No pending cwb requests found in the queue.
06-19 15:12:21.084  1265  1584 I SDM     : HWDeviceDRM::SetupConcurrentWriteback: Tear down the Concurrent Writeback topology
06-19 15:12:21.091  1265 10356 I SDM     : HWCSession::NotifyCWBStatus: Notify the client about buffer status 0.
06-19 15:12:21.093  1265 10356 I SDM     : HWCSession::PerformFenceWaits: Remove current release fence from the pending fence wait queue.
06-19 15:12:21.093  1265 10356 I SDM     : HWCSession::PerformFenceWaits: CWB fence queue is empty. No pending release fence to wait on.
06-19 15:12:21.174  2018  3127 D libsensor-displayalgo: the value of  brightness:438.000000,R:77725294.243473,G:77720970.673076,B:77744666.796320,EVENT_C:4489.000000,EVENT_R:1759.500000,EVENT_G:2252.500000,EVENT_B:898.500000
06-19 15:12:21.174  2018  3127 I libsensor-displayalgo: the value of  Coef1:1107.681000,Coef4:2.383000, scale1:0.935522, scale4:0.923264
06-19 15:12:21.174  2018  3127 E libsensor-displayalgo: RGB_test_0407_400_oldzy!
06-19 15:12:21.175  2018  3127 I libsensor-displayalgo: the value of  RESULT3128.207887,1235.837892,1515.442328,567.411837
06-19 15:12:21.175  2018  3127 I libsensor-displayalgo: the value of  getChannelDataCalibrated3279.755196,1144.624094,1761.404952,619.291838
06-19 15:12:21.175  2018  3127 I libsensor-displayalgo: the value of  REAL LUX61.823257
06-19 15:12:21.175  2018  3127 I libsensor-displayalgo: the value of  CAL REAL LUX61.823257
06-19 15:12:21.300 10292 10331 W QueryController: Could not detect idle state.
06-19 15:12:21.310 10292 10331 I appium  : AppiumResponse: {"sessionId":"0fcef8fc-f97c-437e-b704-8b92de708c74","value":null}
06-19 15:12:21.332 10292 10331 I appium  : channel read: POST /wd/hub/session/0fcef8fc-f97c-437e-b704-8b92de708c74/element
06-19 15:12:21.333 10292 10331 I appium  : FindElement command
06-19 15:12:21.335 10292 10331 I appium  : method: 'id', selector: 'cn.missevan:id/drama_cover_stroke'
06-19 15:12:21.335 10292 10331 I appium  : Waiting up to 100ms for the device to idle
06-19 15:12:21.372  1265  2358 I vendor.qti.hardware.display.composer-service: FrameNotifyProcess Sensor: notify citsensorservice to trigger cwb
06-19 15:12:21.372  2018  2018 I libcitsensorservice@2.0-impl: msg_transfer
06-19 15:12:21.374  2018  3098 D vendor.xiaomi.sensor.citsensorservice@2.0-service: handle id:9 wxh:1280x2400 uwxuh:1080x2400 size: 9216000 fd:15 fd_meta:16 flags:0x4000228 usage:0x33  format:0x3 layer_count: 1
06-19 15:12:21.374  1265  1887 I SDM     : HWCSession::SetCWBOutputBuffer: CWB config passed by cwb_client : tappoint 1  CWB_ROI : (829.000000 4.000000 915.000000 90.000000)
06-19 15:12:21.377  1265 10357 I SDM     : HWCSession::ProcessRequests: Successfully configured CWB buffer.
06-19 15:12:21.383  1265 10357 I SDM     : HWCSession::ProcessRequests: Pushing release fence in fenece wait queue.
06-19 15:12:21.383  1265 10357 I SDM     : HWCSession::ProcessRequests: Creating AsyncFenceWaits async thread.
06-19 15:12:21.384  1265 10357 I SDM     : HWCSession::ProcessRequests: Remove current CWB request from the pending request queue.
06-19 15:12:21.384  1265 10357 I SDM     : HWCSession::ProcessRequests: No pending cwb requests found in the queue.
06-19 15:12:21.389  1265  1584 I SDM     : HWDeviceDRM::SetupConcurrentWriteback: Tear down the Concurrent Writeback topology
06-19 15:12:21.396  1265 10358 I SDM     : HWCSession::NotifyCWBStatus: Notify the client about buffer status 0.
06-19 15:12:21.397  1265 10358 I SDM     : HWCSession::PerformFenceWaits: Remove current release fence from the pending fence wait queue.
06-19 15:12:21.398  1265 10358 I SDM     : HWCSession::PerformFenceWaits: CWB fence queue is empty. No pending release fence to wait on.
06-19 15:12:21.425  4233  4233 D MiPlayDetailViewModel: onPositionChange(): position = 18552
06-19 15:12:21.425  5809 10097 I SafeBinderCall: onPositionChange binder cost:1
06-19 15:12:21.475  2018  3127 D libsensor-displayalgo: the value of  brightness:438.000000,R:3525345.532938,G:1740677.320628,B:1536495.186614,EVENT_C:3718.500000,EVENT_R:1505.500000,EVENT_G:1827.500000,EVENT_B:739.500000
06-19 15:12:21.476  2018  3127 I libsensor-displayalgo: the value of  Coef1:1107.681000,Coef4:2.383000, scale1:0.935522, scale4:0.923264
06-19 15:12:21.476  2018  3127 E libsensor-displayalgo: RGB_black_white_scenario_0822!
06-19 15:12:21.476  2018  3127 I libsensor-displayalgo: the value of  RESULT60.036554,19.391842,28.039198,8.518810
06-19 15:12:21.476  2018  3127 I libsensor-displayalgo: the value of  getChannelDataCalibrated62.945049,17.960583,32.590078,9.297707
06-19 15:12:21.476  2018  3127 I libsensor-displayalgo: the value of  REAL LUX224.256851
06-19 15:12:21.476  2018  3127 I libsensor-displayalgo: the value of  CAL REAL LUX224.256851
06-19 15:12:21.702  1265  2358 I vendor.qti.hardware.display.composer-service: FrameNotifyProcess Sensor: notify citsensorservice to trigger cwb
06-19 15:12:21.702  2018  7182 I libcitsensorservice@2.0-impl: msg_transfer
06-19 15:12:21.703  2018  3098 D vendor.xiaomi.sensor.citsensorservice@2.0-service: handle id:9 wxh:1280x2400 uwxuh:1080x2400 size: 9216000 fd:15 fd_meta:16 flags:0x4000228 usage:0x33  format:0x3 layer_count: 1
06-19 15:12:21.703  1265  1887 I SDM     : HWCSession::SetCWBOutputBuffer: CWB config passed by cwb_client : tappoint 1  CWB_ROI : (829.000000 4.000000 915.000000 90.000000)
06-19 15:12:21.705  1265 10359 I SDM     : HWCSession::ProcessRequests: Successfully configured CWB buffer.
06-19 15:12:21.712  1265 10359 I SDM     : HWCSession::ProcessRequests: Pushing release fence in fenece wait queue.
06-19 15:12:21.712  1265 10359 I SDM     : HWCSession::ProcessRequests: Creating AsyncFenceWaits async thread.
06-19 15:12:21.713  1265 10359 I SDM     : HWCSession::ProcessRequests: Remove current CWB request from the pending request queue.
06-19 15:12:21.713  1265 10359 I SDM     : HWCSession::ProcessRequests: No pending cwb requests found in the queue.
06-19 15:12:21.718  1265  1584 I SDM     : HWDeviceDRM::SetupConcurrentWriteback: Tear down the Concurrent Writeback topology
06-19 15:12:21.725  1265 10360 I SDM     : HWCSession::NotifyCWBStatus: Notify the client about buffer status 0.
06-19 15:12:21.725  1265 10360 I SDM     : HWCSession::PerformFenceWaits: Remove current release fence from the pending fence wait queue.
06-19 15:12:21.725  1265 10360 I SDM     : HWCSession::PerformFenceWaits: CWB fence queue is empty. No pending release fence to wait on.
06-19 15:12:21.774  2018  3127 D libsensor-displayalgo: the value of  brightness:438.000000,R:3525345.532938,G:1740677.320628,B:1536495.186614,EVENT_C:3212.500000,EVENT_R:1336.000000,EVENT_G:1550.500000,EVENT_B:635.000000
06-19 15:12:21.775  2018  3127 I libsensor-displayalgo: the value of  Coef1:1107.681000,Coef4:2.383000, scale1:0.935522, scale4:0.923264
06-19 15:12:21.775  2018  3127 E libsensor-displayalgo: RGB_black_white_scenario_0822!
06-19 15:12:21.775  2018  3127 I libsensor-displayalgo: the value of  RESULT60.036554,19.391842,28.039198,8.518810
06-19 15:12:21.775  2018  3127 I libsensor-displayalgo: the value of  getChannelDataCalibrated62.945049,17.960583,32.590078,9.297707
06-19 15:12:21.775  2018  3127 I libsensor-displayalgo: the value of  REAL LUX190.822067
06-19 15:12:21.775  2018  3127 I libsensor-displayalgo: the value of  CAL REAL LUX190.822067
06-19 15:12:21.891 10292 10331 W QueryController: Could not detect idle state.
06-19 15:12:21.962 10292 10331 I appium  : AppiumResponse: {"sessionId":"0fcef8fc-f97c-437e-b704-8b92de708c74","value":{"ELEMENT":"00000000-0000-0464-ffff-ffff000006b7","element-6066-11e4-a52e-4f735466cecf":"00000000-0000-0464-ffff-ffff000006b7"}}
06-19 15:12:22.010 10292 10331 I appium  : channel read: POST /wd/hub/session/0fcef8fc-f97c-437e-b704-8b92de708c74/element
06-19 15:12:22.012 10292 10331 I appium  : FindElement command
06-19 15:12:22.014 10292 10331 I appium  : method: 'id', selector: 'cn.missevan:id/subscribe_drama'
06-19 15:12:22.015 10292 10331 I appium  : Waiting up to 100ms for the device to idle
06-19 15:12:22.039  1265  2358 I vendor.qti.hardware.display.composer-service: FrameNotifyProcess Sensor: notify citsensorservice to trigger cwb
06-19 15:12:22.039  2018  7182 I libcitsensorservice@2.0-impl: msg_transfer
06-19 15:12:22.040  2018  3098 D vendor.xiaomi.sensor.citsensorservice@2.0-service: handle id:9 wxh:1280x2400 uwxuh:1080x2400 size: 9216000 fd:15 fd_meta:16 flags:0x4000228 usage:0x33  format:0x3 layer_count: 1
06-19 15:12:22.040  1265  1887 I SDM     : HWCSession::SetCWBOutputBuffer: CWB config passed by cwb_client : tappoint 1  CWB_ROI : (829.000000 4.000000 915.000000 90.000000)
06-19 15:12:22.042  1265 10361 I SDM     : HWCSession::ProcessRequests: Successfully configured CWB buffer.
06-19 15:12:22.050  1265 10361 I SDM     : HWCSession::ProcessRequests: Pushing release fence in fenece wait queue.
06-19 15:12:22.050  1265 10361 I SDM     : HWCSession::ProcessRequests: Creating AsyncFenceWaits async thread.
06-19 15:12:22.051  1265 10361 I SDM     : HWCSession::ProcessRequests: Remove current CWB request from the pending request queue.
06-19 15:12:22.052  1265 10361 I SDM     : HWCSession::ProcessRequests: No pending cwb requests found in the queue.
06-19 15:12:22.055  1265  1584 I SDM     : HWDeviceDRM::SetupConcurrentWriteback: Tear down the Concurrent Writeback topology
06-19 15:12:22.063  1265 10362 I SDM     : HWCSession::NotifyCWBStatus: Notify the client about buffer status 0.
06-19 15:12:22.063  1265 10362 I SDM     : HWCSession::PerformFenceWaits: Remove current release fence from the pending fence wait queue.
06-19 15:12:22.063  1265 10362 I SDM     : HWCSession::PerformFenceWaits: CWB fence queue is empty. No pending release fence to wait on.
06-19 15:12:22.073  2018  3127 D libsensor-displayalgo: the value of  brightness:438.000000,R:3525345.532938,G:1740677.320628,B:1536495.186614,EVENT_C:3213.500000,EVENT_R:1335.500000,EVENT_G:1553.500000,EVENT_B:634.500000
06-19 15:12:22.073  2018  3127 I libsensor-displayalgo: the value of  Coef1:1107.681000,Coef4:2.383000, scale1:0.935522, scale4:0.923264
06-19 15:12:22.073  2018  3127 E libsensor-displayalgo: RGB_black_white_scenario_0822!
06-19 15:12:22.073  2018  3127 I libsensor-displayalgo: the value of  RESULT60.036554,19.391842,28.039198,8.518810
06-19 15:12:22.073  2018  3127 I libsensor-displayalgo: the value of  getChannelDataCalibrated62.945049,17.960583,32.590078,9.297707
06-19 15:12:22.073  2018  3127 I libsensor-displayalgo: the value of  REAL LUX191.088638
06-19 15:12:22.073  2018  3127 I libsensor-displayalgo: the value of  CAL REAL LUX191.088638
06-19 15:12:22.104 10292 10331 I appium  : AppiumResponse: {"sessionId":"0fcef8fc-f97c-437e-b704-8b92de708c74","value":{"ELEMENT":"00000000-0000-0464-ffff-ffff000006c5","element-6066-11e4-a52e-4f735466cecf":"00000000-0000-0464-ffff-ffff000006c5"}}
06-19 15:12:22.137 10292 10331 I appium  : channel read: POST /wd/hub/session/0fcef8fc-f97c-437e-b704-8b92de708c74/element/00000000-0000-0464-ffff-ffff000006c5/click
06-19 15:12:22.141 10292 10331 I appium  : Click command
06-19 15:12:22.161  2431  4484 D MIUIInput: Input event injection from pid 10274, MotionEvent: DOWN
06-19 15:12:22.162  2431  2938 D MIUIInput: [MotionEvent] publisher action=0x4, 351726754, channel '7c87e50 NavigationBar0 (server)'
06-19 15:12:22.162  2431  2938 D MIUIInput: [MotionEvent] publisher action=0x0, 351726754, channel 'db8e996 cn.missevan/cn.missevan.activity.MainActivity (server)'
06-19 15:12:22.164  9363  9363 D MIUIInput: [MotionEvent] ViewRootImpl windowName 'cn.missevan/cn.missevan.activity.MainActivity', { action=ACTION_DOWN, id[0]=0, pointerCount=1, eventTime=351726754, downTime=351726753, phoneEventTime=15:12:22.154 } moveCount:0
06-19 15:12:22.168  2431  4484 D MIUIInput: Input event injection from pid 10274, MotionEvent: UP
06-19 15:12:22.168  2431  2938 D MIUIInput: [MotionEvent] publisher action=0x1, 351726754, channel 'db8e996 cn.missevan/cn.missevan.activity.MainActivity (server)'
06-19 15:12:22.169  9363  9363 D MIUIInput: [MotionEvent] ViewRootImpl windowName 'cn.missevan/cn.missevan.activity.MainActivity', { action=ACTION_UP, id[0]=0, pointerCount=1, eventTime=351726754, downTime=351726753, phoneEventTime=15:12:22.154 } moveCount:0
06-19 15:12:22.170  9363  9363 E cn.missevan: No package ID ff found for ID 0xffffffff.
06-19 15:12:22.181 10292 10331 I appium  : Waiting up to 100ms for the device to idle
06-19 15:12:22.187 10292 10331 I appium  : AppiumResponse: {"sessionId":"0fcef8fc-f97c-437e-b704-8b92de708c74","value":null}
06-19 15:12:22.201 10292 10331 I appium  : channel read: POST /wd/hub/session/0fcef8fc-f97c-437e-b704-8b92de708c74/element
06-19 15:12:22.202 10292 10331 I appium  : FindElement command
06-19 15:12:22.204 10292 10331 I appium  : method: 'xpath', selector: '//*[@class="android.widget.Toast"]'
06-19 15:12:22.205 10292 10331 I appium  : Waiting up to 100ms for the device to idle
06-19 15:12:22.246  5294 26774 W MiuiPerfServiceClient: interceptAndQueuing:9363|cn.missevan|120|116|351725913206137|Slow main thread|2
06-19 15:12:22.326  9363  9363 D CompatibilityChangeReporter: Compat change id reported: 147798919; UID 10494; state: DISABLED
06-19 15:12:22.344  1265  2358 I vendor.qti.hardware.display.composer-service: FrameNotifyProcess Sensor: notify citsensorservice to trigger cwb
06-19 15:12:22.345  2018  7182 I libcitsensorservice@2.0-impl: msg_transfer
06-19 15:12:22.345  2018  3098 D vendor.xiaomi.sensor.citsensorservice@2.0-service: handle id:9 wxh:1280x2400 uwxuh:1080x2400 size: 9216000 fd:15 fd_meta:16 flags:0x4000228 usage:0x33  format:0x3 layer_count: 1
06-19 15:12:22.346  1265  1887 I SDM     : HWCSession::SetCWBOutputBuffer: CWB config passed by cwb_client : tappoint 1  CWB_ROI : (829.000000 4.000000 915.000000 90.000000)
06-19 15:12:22.347  1265 10364 I SDM     : HWCSession::ProcessRequests: Successfully configured CWB buffer.
06-19 15:12:22.354  1265 10364 I SDM     : HWCSession::ProcessRequests: Pushing release fence in fenece wait queue.
06-19 15:12:22.354  1265 10364 I SDM     : HWCSession::ProcessRequests: Creating AsyncFenceWaits async thread.
06-19 15:12:22.355  1265 10364 I SDM     : HWCSession::ProcessRequests: Remove current CWB request from the pending request queue.
06-19 15:12:22.355  1265 10364 I SDM     : HWCSession::ProcessRequests: No pending cwb requests found in the queue.
06-19 15:12:22.361  1265  1584 I SDM     : HWDeviceDRM::SetupConcurrentWriteback: Tear down the Concurrent Writeback topology
06-19 15:12:22.364 10292 10331 W QueryController: Could not detect idle state.
06-19 15:12:22.367  1265 10365 I SDM     : HWCSession::NotifyCWBStatus: Notify the client about buffer status 0.
06-19 15:12:22.368  2431  2921 I WindowManagerService: Physical orientation applied, rotation=0 sfOrientation=ORIENTATION_0
06-19 15:12:22.368 10292 10331 I appium  : The following attributes will be included to the page source: [class]
06-19 15:12:22.369  1265 10365 I SDM     : HWCSession::PerformFenceWaits: Remove current release fence from the pending fence wait queue.
06-19 15:12:22.369  1265 10365 I SDM     : HWCSession::PerformFenceWaits: CWB fence queue is empty. No pending release fence to wait on.
06-19 15:12:22.373  2018  3127 D libsensor-displayalgo: the value of  brightness:438.000000,R:3525345.532938,G:1740677.320628,B:1536495.186614,EVENT_C:3211.500000,EVENT_R:1336.000000,EVENT_G:1550.500000,EVENT_B:634.000000
06-19 15:12:22.373  2018  3127 I libsensor-displayalgo: the value of  Coef1:1107.681000,Coef4:2.383000, scale1:0.935522, scale4:0.923264
06-19 15:12:22.373  2018  3127 E libsensor-displayalgo: RGB_black_white_scenario_0822!
06-19 15:12:22.373  2018  3127 I libsensor-displayalgo: the value of  RESULT60.036554,19.391842,28.039198,8.518810
06-19 15:12:22.373  2018  3127 I libsensor-displayalgo: the value of  getChannelDataCalibrated62.945049,17.960583,32.590078,9.297707
06-19 15:12:22.373  2018  3127 I libsensor-displayalgo: the value of  REAL LUX190.832748
06-19 15:12:22.373  2018  3127 I libsensor-displayalgo: the value of  CAL REAL LUX190.832748
06-19 15:12:22.425  4233  4233 D MiPlayDetailViewModel: onPositionChange(): position = 19552
06-19 15:12:22.425  5809 10097 I SafeBinderCall: onPositionChange binder cost:1
06-19 15:12:22.589  5858  6965 D UidObserver: onUidIdle uid=10259 uidstate=100
06-19 15:12:22.649  1265  2358 I vendor.qti.hardware.display.composer-service: FrameNotifyProcess Sensor: notify citsensorservice to trigger cwb
06-19 15:12:22.650  2018  3874 I libcitsensorservice@2.0-impl: msg_transfer
06-19 15:12:22.650  2018  3098 D vendor.xiaomi.sensor.citsensorservice@2.0-service: handle id:9 wxh:1280x2400 uwxuh:1080x2400 size: 9216000 fd:15 fd_meta:16 flags:0x4000228 usage:0x33  format:0x3 layer_count: 1
06-19 15:12:22.650  1265  1887 I SDM     : HWCSession::SetCWBOutputBuffer: CWB config passed by cwb_client : tappoint 1  CWB_ROI : (829.000000 4.000000 915.000000 90.000000)
06-19 15:12:22.651  1265 10367 I SDM     : HWCSession::ProcessRequests: Successfully configured CWB buffer.
06-19 15:12:22.659  1265 10367 I SDM     : HWCSession::ProcessRequests: Pushing release fence in fenece wait queue.
06-19 15:12:22.659  1265 10367 I SDM     : HWCSession::ProcessRequests: Creating AsyncFenceWaits async thread.
06-19 15:12:22.661  1265 10367 I SDM     : HWCSession::ProcessRequests: Remove current CWB request from the pending request queue.
06-19 15:12:22.661  1265 10367 I SDM     : HWCSession::ProcessRequests: No pending cwb requests found in the queue.
06-19 15:12:22.665  1265  1584 I SDM     : HWDeviceDRM::SetupConcurrentWriteback: Tear down the Concurrent Writeback topology
06-19 15:12:22.671  1265 10368 I SDM     : HWCSession::NotifyCWBStatus: Notify the client about buffer status 0.
06-19 15:12:22.674  2018  2018 D libsensor-displayalgo: the value of  brightness:438.000000,R:3525345.532938,G:1740677.320628,B:1536495.186614,EVENT_C:3211.500000,EVENT_R:1336.000000,EVENT_G:1550.500000,EVENT_B:634.000000
06-19 15:12:22.674  2018  2018 I libsensor-displayalgo: the value of  Coef1:1107.681000,Coef4:2.383000, scale1:0.935522, scale4:0.923264
06-19 15:12:22.674  2018  2018 E libsensor-displayalgo: RGB_black_white_scenario_0822!
06-19 15:12:22.674  2018  2018 I libsensor-displayalgo: the value of  RESULT60.036554,19.391842,28.039198,8.518810
06-19 15:12:22.674  2018  2018 I libsensor-displayalgo: the value of  getChannelDataCalibrated62.945049,17.960583,32.590078,9.297707
06-19 15:12:22.674  2018  2018 I libsensor-displayalgo: the value of  REAL LUX190.832748
06-19 15:12:22.674  2018  2018 I libsensor-displayalgo: the value of  CAL REAL LUX190.832748
06-19 15:12:22.674  1265 10368 I SDM     : HWCSession::PerformFenceWaits: Remove current release fence from the pending fence wait queue.
06-19 15:12:22.674  1265 10368 I SDM     : HWCSession::PerformFenceWaits: CWB fence queue is empty. No pending release fence to wait on.
06-19 15:12:22.725 10292 10331 I appium  : Adding toast message to root: 嘤嘤嘤 主人果真不爱我了
06-19 15:12:22.725 10292 10331 W tomator2.serve: Accessing hidden field Landroid/view/accessibility/AccessibilityNodeInfo;->mSealed:Z (max-target-r, reflection, allowed)
06-19 15:12:22.785   680   680 I servicemanager: Notifying apexservice they have clients: 0
06-19 15:12:22.786   680   680 I BpBinder: onLastStrongRef automatically unlinking death recipients: <uncached descriptor>
06-19 15:12:22.870 10292 10331 I appium  : Took 0ms to retrieve 1 matches for '//*[@class="android.widget.Toast"]' XPath query
06-19 15:12:22.872 10292 10331 I appium  : AppiumResponse: {"sessionId":"0fcef8fc-f97c-437e-b704-8b92de708c74","value":{"ELEMENT":"470eaa96-63b0-499e-99a0-0d12adea85c7","element-6066-11e4-a52e-4f735466cecf":"470eaa96-63b0-499e-99a0-0d12adea85c7"}}
06-19 15:12:22.904 10292 10331 I appium  : channel read: GET /wd/hub/session/0fcef8fc-f97c-437e-b704-8b92de708c74/element/470eaa96-63b0-499e-99a0-0d12adea85c7/attribute/text
06-19 15:12:22.905 10292 10331 I appium  : GetElementAttribute command
06-19 15:12:22.954  1265  2358 I vendor.qti.hardware.display.composer-service: FrameNotifyProcess Sensor: notify citsensorservice to trigger cwb
06-19 15:12:22.955  2018  2018 I libcitsensorservice@2.0-impl: msg_transfer
06-19 15:12:22.956  2018  3098 D vendor.xiaomi.sensor.citsensorservice@2.0-service: handle id:9 wxh:1280x2400 uwxuh:1080x2400 size: 9216000 fd:15 fd_meta:16 flags:0x4000228 usage:0x33  format:0x3 layer_count: 1
06-19 15:12:22.956  1265  1887 I SDM     : HWCSession::SetCWBOutputBuffer: CWB config passed by cwb_client : tappoint 1  CWB_ROI : (829.000000 4.000000 915.000000 90.000000)
06-19 15:12:22.958  1265 10369 I SDM     : HWCSession::ProcessRequests: Successfully configured CWB buffer.
06-19 15:12:22.963  1265 10369 I SDM     : HWCSession::ProcessRequests: Pushing release fence in fenece wait queue.
06-19 15:12:22.963  1265 10369 I SDM     : HWCSession::ProcessRequests: Creating AsyncFenceWaits async thread.
06-19 15:12:22.964  1265 10369 I SDM     : HWCSession::ProcessRequests: Remove current CWB request from the pending request queue.
06-19 15:12:22.967  1265 10369 I SDM     : HWCSession::ProcessRequests: No pending cwb requests found in the queue.
06-19 15:12:22.969  1265  1584 I SDM     : HWDeviceDRM::SetupConcurrentWriteback: Tear down the Concurrent Writeback topology
06-19 15:12:22.973  2018  3127 D libsensor-displayalgo: the value of  brightness:438.000000,R:3525345.532938,G:1740677.320628,B:1536495.186614,EVENT_C:3215.000000,EVENT_R:1337.500000,EVENT_G:1551.500000,EVENT_B:635.500000
06-19 15:12:22.973  2018  3127 I libsensor-displayalgo: the value of  Coef1:1107.681000,Coef4:2.383000, scale1:0.935522, scale4:0.923264
06-19 15:12:22.973  2018  3127 E libsensor-displayalgo: RGB_black_white_scenario_0822!
06-19 15:12:22.973  2018  3127 I libsensor-displayalgo: the value of  RESULT60.036554,19.391842,28.039198,8.518810
06-19 15:12:22.973  2018  3127 I libsensor-displayalgo: the value of  getChannelDataCalibrated62.945049,17.960583,32.590078,9.297707
06-19 15:12:22.973  2018  3127 I libsensor-displayalgo: the value of  REAL LUX190.946854
06-19 15:12:22.973  2018  3127 I libsensor-displayalgo: the value of  CAL REAL LUX190.946854
06-19 15:12:22.977  1265 10370 I SDM     : HWCSession::NotifyCWBStatus: Notify the client about buffer status 0.
06-19 15:12:22.978  1265 10370 I SDM     : HWCSession::PerformFenceWaits: Remove current release fence from the pending fence wait queue.
06-19 15:12:22.979  1265 10370 I SDM     : HWCSession::PerformFenceWaits: CWB fence queue is empty. No pending release fence to wait on.
06-19 15:12:22.980 10292 10331 I appium  : The element identified by '470eaa96-63b0-499e-99a0-0d12adea85c7' has been reported as stale (null). Trying to restore it
06-19 15:12:22.983 10292 10331 I appium  : The following attributes will be included to the page source: [class]
06-19 15:12:23.012 10292 10331 I appium  : Adding toast message to root: 嘤嘤嘤 主人果真不爱我了
06-19 15:12:23.123 10292 10331 I appium  : Took 0ms to retrieve 1 matches for '//*[@class="android.widget.Toast"]' XPath query
06-19 15:12:23.125 10292 10331 I appium  : AppiumResponse: {"sessionId":"0fcef8fc-f97c-437e-b704-8b92de708c74","value":"嘤嘤嘤 主人果真不爱我了"}
06-19 15:12:23.151 10292 10331 I appium  : channel read: GET /wd/hub/session/0fcef8fc-f97c-437e-b704-8b92de708c74/screenshot
06-19 15:12:23.152 10292 10331 I appium  : CaptureScreenshot command
06-19 15:12:23.274  2018  3127 D libsensor-displayalgo: the value of  brightness:438.000000,R:3525345.532938,G:1740677.320628,B:1536495.186614,EVENT_C:3214.000000,EVENT_R:1337.000000,EVENT_G:1551.500000,EVENT_B:634.500000
06-19 15:12:23.274  2018  3127 I libsensor-displayalgo: the value of  Coef1:1107.681000,Coef4:2.383000, scale1:0.935522, scale4:0.923264
06-19 15:12:23.274  2018  3127 E libsensor-displayalgo: RGB_black_white_scenario_0822!
06-19 15:12:23.274  2018  3127 I libsensor-displayalgo: the value of  RESULT60.036554,19.391842,28.039198,8.518810
06-19 15:12:23.274  2018  3127 I libsensor-displayalgo: the value of  getChannelDataCalibrated62.945049,17.960583,32.590078,9.297707
06-19 15:12:23.274  2018  3127 I libsensor-displayalgo: the value of  REAL LUX190.976364
06-19 15:12:23.274  2018  3127 I libsensor-displayalgo: the value of  CAL REAL LUX190.976364
06-19 15:12:23.289  1265  2358 I vendor.qti.hardware.display.composer-service: FrameNotifyProcess Sensor: notify citsensorservice to trigger cwb
06-19 15:12:23.289  2018  7182 I libcitsensorservice@2.0-impl: msg_transfer
06-19 15:12:23.289  2018  3098 D vendor.xiaomi.sensor.citsensorservice@2.0-service: handle id:9 wxh:1280x2400 uwxuh:1080x2400 size: 9216000 fd:15 fd_meta:16 flags:0x4000228 usage:0x33  format:0x3 layer_count: 1
06-19 15:12:23.289  1265  1887 I SDM     : HWCSession::SetCWBOutputBuffer: CWB config passed by cwb_client : tappoint 1  CWB_ROI : (829.000000 4.000000 915.000000 90.000000)
06-19 15:12:23.291  1265 10378 I SDM     : HWCSession::ProcessRequests: Successfully configured CWB buffer.
06-19 15:12:23.299  1265 10378 I SDM     : HWCSession::ProcessRequests: Pushing release fence in fenece wait queue.
06-19 15:12:23.299  1265 10378 I SDM     : HWCSession::ProcessRequests: Creating AsyncFenceWaits async thread.
06-19 15:12:23.300  1265 10378 I SDM     : HWCSession::ProcessRequests: Remove current CWB request from the pending request queue.
06-19 15:12:23.300  1265 10378 I SDM     : HWCSession::ProcessRequests: No pending cwb requests found in the queue.
06-19 15:12:23.306  1265  1584 I SDM     : HWDeviceDRM::SetupConcurrentWriteback: Tear down the Concurrent Writeback topology
06-19 15:12:23.313  1265 10379 I SDM     : HWCSession::NotifyCWBStatus: Notify the client about buffer status 0.
06-19 15:12:23.314  1265 10379 I SDM     : HWCSession::PerformFenceWaits: Remove current release fence from the pending fence wait queue.
06-19 15:12:23.314  1265 10379 I SDM     : HWCSession::PerformFenceWaits: CWB fence queue is empty. No pending release fence to wait on.
06-19 15:12:23.425  4233  4233 D MiPlayDetailViewModel: onPositionChange(): position = 20552
06-19 15:12:23.425  5809 10097 I SafeBinderCall: onPositionChange binder cost:1
06-19 15:12:23.574  2018  3127 D libsensor-displayalgo: the value of  brightness:438.000000,R:3525309.410474,G:1740659.714059,B:1536480.452564,EVENT_C:3213.500000,EVENT_R:1336.500000,EVENT_G:1551.500000,EVENT_B:635.500000
06-19 15:12:23.574  2018  3127 I libsensor-displayalgo: the value of  Coef1:1107.681000,Coef4:2.383000, scale1:0.935522, scale4:0.923264
06-19 15:12:23.574  2018  3127 E libsensor-displayalgo: RGB_black_white_scenario_0822!
06-19 15:12:23.574  2018  3127 I libsensor-displayalgo: the value of  RESULT60.035926,19.391635,28.038918,8.518727
06-19 15:12:23.574  2018  3127 I libsensor-displayalgo: the value of  getChannelDataCalibrated62.944391,17.960392,32.589751,9.297617
06-19 15:12:23.574  2018  3127 I libsensor-displayalgo: the value of  REAL LUX190.878754
06-19 15:12:23.574  2018  3127 I libsensor-displayalgo: the value of  CAL REAL LUX190.878754
06-19 15:12:23.626  1265  2358 I vendor.qti.hardware.display.composer-service: FrameNotifyProcess Sensor: notify citsensorservice to trigger cwb
06-19 15:12:23.627  2018  2018 I libcitsensorservice@2.0-impl: msg_transfer
06-19 15:12:23.627  2018  3098 D vendor.xiaomi.sensor.citsensorservice@2.0-service: handle id:9 wxh:1280x2400 uwxuh:1080x2400 size: 9216000 fd:15 fd_meta:16 flags:0x4000228 usage:0x33  format:0x3 layer_count: 1
06-19 15:12:23.628  1265  1887 I SDM     : HWCSession::SetCWBOutputBuffer: CWB config passed by cwb_client : tappoint 1  CWB_ROI : (829.000000 4.000000 915.000000 90.000000)
06-19 15:12:23.631  1265 10380 I SDM     : HWCSession::ProcessRequests: Successfully configured CWB buffer.
06-19 15:12:23.634  9530 10094 D AudioTrack: [audioTrackData][fine] 15s(f:15076 m:0 s:0 k:0) : pid 9530 uid 10494 sessionId 1385 sr 48000 ch 2 fmt 1
06-19 15:12:23.638  1265 10380 I SDM     : HWCSession::ProcessRequests: Pushing release fence in fenece wait queue.
06-19 15:12:23.638  1265 10380 I SDM     : HWCSession::ProcessRequests: Creating AsyncFenceWaits async thread.
06-19 15:12:23.638  1265 10380 I SDM     : HWCSession::ProcessRequests: Remove current CWB request from the pending request queue.
06-19 15:12:23.638  1265 10380 I SDM     : HWCSession::ProcessRequests: No pending cwb requests found in the queue.
06-19 15:12:23.643  1265  1584 I SDM     : HWDeviceDRM::SetupConcurrentWriteback: Tear down the Concurrent Writeback topology
06-19 15:12:23.651  1265 10381 I SDM     : HWCSession::NotifyCWBStatus: Notify the client about buffer status 0.
06-19 15:12:23.651  1265 10381 I SDM     : HWCSession::PerformFenceWaits: Remove current release fence from the pending fence wait queue.
06-19 15:12:23.651  1265 10381 I SDM     : HWCSession::PerformFenceWaits: CWB fence queue is empty. No pending release fence to wait on.
06-19 15:12:23.665  5405  9716 D SLM-SRV-SLAService: checktemp temperature = 37455 temperature_average = 37320 isPerformanceMode = false thermal_enable_slm = true
06-19 15:12:23.688  1930  1967 I mstatdaemon: Entering time loop
06-19 15:12:23.688  1930  1967 I mstatdaemon: t = 1687158743
06-19 15:12:23.688  1930  1967 I mstatdaemon: translated_t = 1371168743
06-19 15:12:23.688  1930  1967 I mstat_log: mstatcommitLog log_alloc() failed
06-19 15:12:23.829 10292 10331 I appium  : AppiumResponse: {"sessionId":"0fcef8fc-f97c-437e-b704-8b92de708c74","value":"iVBORw0KGgoAAAANSUhEUgAABDgAAAlgCAYAAABtGofVAAAAAXNSR0IArs4c6QAAAARzQklUCAgI\nCHwIZIgAACAASURBVHic7L1XdyQ7kib4IQSDKpniqqrq6p0z+zD7///OnLNnZrvudJe6KZjUIbAP\n7gBMAvCIIJNZVXhIS3MABtOAAwhn+PHqfYyICAAigICA4+DliVVUbQhAjAMU7foI9LXjfGkCjA2T\n/lAxy…
06-19 15:12:23.854 10292 10301 I tomator2.serve: This is non sticky GC, maxfree is 8388608 minfree is 2097152
06-19 15:12:23.874  2018  3127 D libsensor-displayalgo: the value of  brightness:438.000000,R:3525309.410474,G:1740659.714059,B:1536480.452564,EVENT_C:3211.000000,EVENT_R:1335.500000,EVENT_G:1549.500000,EVENT_B:634.000000
06-19 15:12:23.874  2018  3127 I libsensor-displayalgo: the value of  Coef1:1107.681000,Coef4:2.383000, scale1:0.935522, scale4:0.923264
06-19 15:12:23.874  2018  3127 E libsensor-displayalgo: RGB_black_white_scenario_0822!
06-19 15:12:23.874  2018  3127 I libsensor-displayalgo: the value of  RESULT60.035926,19.391635,28.038918,8.518727
06-19 15:12:23.874  2018  3127 I libsensor-displayalgo: the value of  getChannelDataCalibrated62.944391,17.960392,32.589751,9.297617
06-19 15:12:23.874  2018  3127 I libsensor-displayalgo: the value of  REAL LUX190.770859
06-19 15:12:23.874  2018  3127 I libsensor-displayalgo: the value of  CAL REAL LUX190.770859
06-19 15:12:23.932  1265  2358 I vendor.qti.hardware.display.composer-service: FrameNotifyProcess Sensor: notify citsensorservice to trigger cwb
06-19 15:12:23.932  2018  3874 I libcitsensorservice@2.0-impl: msg_transfer
06-19 15:12:23.933  2018  3098 D vendor.xiaomi.sensor.citsensorservice@2.0-service: handle id:9 wxh:1280x2400 uwxuh:1080x2400 size: 9216000 fd:15 fd_meta:16 flags:0x4000228 usage:0x33  format:0x3 layer_count: 1
06-19 15:12:23.934  1265  1887 I SDM     : HWCSession::SetCWBOutputBuffer: CWB config passed by cwb_client : tappoint 1  CWB_ROI : (829.000000 4.000000 915.000000 90.000000)
06-19 15:12:23.936  1265 10382 I SDM     : HWCSession::ProcessRequests: Successfully configured CWB buffer.
06-19 15:12:23.942  1265 10382 I SDM     : HWCSession::ProcessRequests: Pushing release fence in fenece wait queue.
06-19 15:12:23.942  1265 10382 I SDM     : HWCSession::ProcessRequests: Creating AsyncFenceWaits async thread.
06-19 15:12:23.942  1265 10382 I SDM     : HWCSession::ProcessRequests: Remove current CWB request from the pending request queue.
06-19 15:12:23.943  1265 10382 I SDM     : HWCSession::ProcessRequests: No pending cwb requests found in the queue.
06-19 15:12:23.949  1265  1584 I SDM     : HWDeviceDRM::SetupConcurrentWriteback: Tear down the Concurrent Writeback topology
06-19 15:12:23.955  1265 10383 I SDM     : HWCSession::NotifyCWBStatus: Notify the client about buffer status 0.
06-19 15:12:23.956  1265 10383 I SDM     : HWCSession::PerformFenceWaits: Remove current release fence from the pending fence wait queue.
06-19 15:12:23.956  1265 10383 I SDM     : HWCSession::PerformFenceWaits: CWB fence queue is empty. No pending release fence to wait on.
06-19 15:12:24.007  2431  4484 W ProcessStats: Tracking association SourceState{bfb3302 com.android.phone/1001 BTopFgs #132719} whose proc state 2 is better than process ProcessState{90b8413 com.xiaomi.mirror/1000 pkg=com.xiaomi.mirror} proc state 3 (23 skipped)
06-19 15:12:24.174  2018  3127 D libsensor-displayalgo: the value of  brightness:438.000000,R:3525309.410474,G:1740659.714059,B:1536480.452564,EVENT_C:3212.000000,EVENT_R:1337.500000,EVENT_G:1550.500000,EVENT_B:635.000000
06-19 15:12:24.174  2018  3127 I libsensor-displayalgo: the value of  Coef1:1107.681000,Coef4:2.383000, scale1:0.935522, scale4:0.923264
06-19 15:12:24.174  2018  3127 E libsensor-displayalgo: RGB_black_white_scenario_0822!
06-19 15:12:24.174  2018  3127 I libsensor-displayalgo: the value of  RESULT60.035926,19.391635,28.038918,8.518727
06-19 15:12:24.174  2018  3127 I libsensor-displayalgo: the value of  getChannelDataCalibrated62.944391,17.960392,32.589751,9.297617
06-19 15:12:24.174  2018  3127 I libsensor-displayalgo: the value of  REAL LUX190.730286
06-19 15:12:24.175  2018  3127 I libsensor-displayalgo: the value of  CAL REAL LUX190.730286
06-19 15:12:24.269  1265  2358 I vendor.qti.hardware.display.composer-service: FrameNotifyProcess Sensor: notify citsensorservice to trigger cwb
06-19 15:12:24.271  2018  3874 I libcitsensorservice@2.0-impl: msg_transfer
06-19 15:12:24.271  2018  3098 D vendor.xiaomi.sensor.citsensorservice@2.0-service: handle id:9 wxh:1280x2400 uwxuh:1080x2400 size: 9216000 fd:15 fd_meta:16 flags:0x4000228 usage:0x33  format:0x3 layer_count: 1
06-19 15:12:24.272  1265  1887 I SDM     : HWCSession::SetCWBOutputBuffer: CWB config passed by cwb_client : tappoint 1  CWB_ROI : (829.000000 4.000000 915.000000 90.000000)
06-19 15:12:24.273  1265 10388 I SDM     : HWCSession::ProcessRequests: Successfully configured CWB buffer.
06-19 15:12:24.280  1265 10388 I SDM     : HWCSession::ProcessRequests: Pushing release fence in fenece wait queue.
06-19 15:12:24.280  1265 10388 I SDM     : HWCSession::ProcessRequests: Creating AsyncFenceWaits async thread.
06-19 15:12:24.281  1265 10388 I SDM     : HWCSession::ProcessRequests: Remove current CWB request from the pending request queue.
06-19 15:12:24.282  1265 10388 I SDM     : HWCSession::ProcessRequests: No pending cwb requests found in the queue.
06-19 15:12:24.285  1265  1584 I SDM     : HWDeviceDRM::SetupConcurrentWriteback: Tear down the Concurrent Writeback topology
06-19 15:12:24.293  1265 10389 I SDM     : HWCSession::NotifyCWBStatus: Notify the client about buffer status 0.
06-19 15:12:24.293  1265 10389 I SDM     : HWCSession::PerformFenceWaits: Remove current release fence from the pending fence wait queue.
06-19 15:12:24.293  1265 10389 I SDM     : HWCSession::PerformFenceWaits: CWB fence queue is empty. No pending release fence to wait on.
06-19 15:12:24.356  2431  4484 W InputManager-JNI: Input channel object '3a744ec Toast (client)' was disposed without first being removed with the input manager!
06-19 15:12:24.363  2431  4484 W NotificationService: Toast already killed. pkg=cn.missevan token=android.os.BinderProxy@4a135f0
06-19 15:12:24.426  5809 10097 I SafeBinderCall: onPositionChange binder cost:1
06-19 15:12:24.426  4233  4233 D MiPlayDetailViewModel: onPositionChange(): position = 21553
06-19 15:12:24.477  2018  3127 D libsensor-displayalgo: the value of  brightness:438.000000,R:3525309.410474,G:1740659.714059,B:1536480.452564,EVENT_C:3207.500000,EVENT_R:1336.000000,EVENT_G:1549.500000,EVENT_B:634.000000
06-19 15:12:24.478  2018  3127 I libsensor-displayalgo: the value of  Coef1:1107.681000,Coef4:2.383000, scale1:0.935522, scale4:0.923264
06-19 15:12:24.478  2018  3127 E libsensor-displayalgo: RGB_black_white_scenario_0822!
06-19 15:12:24.478  2018  3127 I libsensor-displayalgo: the value of  RESULT60.035926,19.391635,28.038918,8.518727
06-19 15:12:24.479  2018  3127 I libsensor-displayalgo: the value of  getChannelDataCalibrated62.944391,17.960392,32.589751,9.297617
06-19 15:12:24.480  2018  3127 I libsensor-displayalgo: the value of  REAL LUX190.504974
06-19 15:12:24.480  2018  3127 I libsensor-displayalgo: the value of  CAL REAL LUX190.504974
06-19 15:12:24.575  1265  2358 I vendor.qti.hardware.display.composer-service: FrameNotifyProcess Sensor: notify citsensorservice to trigger cwb
06-19 15:12:24.576  2018  7182 I libcitsensorservice@2.0-impl: msg_transfer
06-19 15:12:24.577  2018  3098 D vendor.xiaomi.sensor.citsensorservice@2.0-service: handle id:9 wxh:1280x2400 uwxuh:1080x2400 size: 9216000 fd:15 fd_meta:16 flags:0x4000228 usage:0x33  format:0x3 layer_count: 1
06-19 15:12:24.577  1265  1887 I SDM     : HWCSession::SetCWBOutputBuffer: CWB config passed by cwb_client : tappoint 1  CWB_ROI : (829.000000 4.000000 915.000000 90.000000)
06-19 15:12:24.578  1265 10394 I SDM     : HWCSession::ProcessRequests: Successfully configured CWB buffer.
06-19 15:12:24.583  1265 10394 I SDM     : HWCSession::ProcessRequests: Pushing release fence in fenece wait queue.
06-19 15:12:24.584  1265 10394 I SDM     : HWCSession::ProcessRequests: Creating AsyncFenceWaits async thread.
06-19 15:12:24.585  1265 10394 I SDM     : HWCSession::ProcessRequests: Remove current CWB request from the pending request queue.
06-19 15:12:24.585  1265 10394 I SDM     : HWCSession::ProcessRequests: No pending cwb requests found in the queue.
06-19 15:12:24.590  1265  1584 I SDM     : HWDeviceDRM::SetupConcurrentWriteback: Tear down the Concurrent Writeback topology
06-19 15:12:24.597  1265 10395 I SDM     : HWCSession::NotifyCWBStatus: Notify the client about buffer status 0.
06-19 15:12:24.598  1265 10395 I SDM     : HWCSession::PerformFenceWaits: Remove current release fence from the pending fence wait queue.
06-19 15:12:24.598  1265 10395 I SDM     : HWCSession::PerformFenceWaits: CWB fence queue is empty. No pending release fence to wait on.
06-19 15:12:24.774  2018  3127 D libsensor-displayalgo: the value of  brightness:438.000000,R:3525309.410474,G:1740659.714059,B:1536480.452564,EVENT_C:3209.000000,EVENT_R:1336.500000,EVENT_G:1550.500000,EVENT_B:634.500000
06-19 15:12:24.774  2018  3127 I libsensor-displayalgo: the value of  Coef1:1107.681000,Coef4:2.383000, scale1:0.935522, scale4:0.923264
06-19 15:12:24.774  2018  3127 E libsensor-displayalgo: RGB_black_white_scenario_0822!
06-19 15:12:24.774  2018  3127 I libsensor-displayalgo: the value of  RESULT60.035926,19.391635,28.038918,8.518727
06-19 15:12:24.775  2018  3127 I libsensor-displayalgo: the value of  getChannelDataCalibrated62.944391,17.960392,32.589751,9.297617
06-19 15:12:24.775  2018  3127 I libsensor-displayalgo: the value of  REAL LUX190.596878
06-19 15:12:24.775  2018  3127 I libsensor-displayalgo: the value of  CAL REAL LUX190.596878
06-19 15:12:24.902  1265  2358 I vendor.qti.hardware.display.composer-service: FrameNotifyProcess Sensor: notify citsensorservice to trigger cwb
06-19 15:12:24.904  2018  2018 I libcitsensorservice@2.0-impl: msg_transfer
06-19 15:12:24.904  2018  3098 D vendor.xiaomi.sensor.citsensorservice@2.0-service: handle id:9 wxh:1280x2400 uwxuh:1080x2400 size: 9216000 fd:15 fd_meta:16 flags:0x4000228 usage:0x33  format:0x3 layer_count: 1
06-19 15:12:24.905  1265  1887 I SDM     : HWCSession::SetCWBOutputBuffer: CWB config passed by cwb_client : tappoint 1  CWB_ROI : (829.000000 4.000000 915.000000 90.000000)
06-19 15:12:24.906  1265 10397 I SDM     : HWCSession::ProcessRequests: Successfully configured CWB buffer.
06-19 15:12:24.913  1265 10397 I SDM     : HWCSession::ProcessRequests: Pushing release fence in fenece wait queue.
06-19 15:12:24.913  1265 10397 I SDM     : HWCSession::ProcessRequests: Creating AsyncFenceWaits async thread.
06-19 15:12:24.913  1265 10397 I SDM     : HWCSession::ProcessRequests: Remove current CWB request from the pending request queue.
06-19 15:12:24.914  1265 10397 I SDM     : HWCSession::ProcessRequests: No pending cwb requests found in the queue.
06-19 15:12:24.919  1265  1584 I SDM     : HWDeviceDRM::SetupConcurrentWriteback: Tear down the Concurrent Writeback topology
06-19 15:12:24.926  1265 10398 I SDM     : HWCSession::NotifyCWBStatus: Notify the client about buffer status 0.
06-19 15:12:24.927  1265 10398 I SDM     : HWCSession::PerformFenceWaits: Remove current release fence from the pending fence wait queue.
06-19 15:12:24.927  1265 10398 I SDM     : HWCSession::PerformFenceWaits: CWB fence queue is empty. No pending release fence to wait on.
06-19 15:12:25.075  2018  3127 D libsensor-displayalgo: the value of  brightness:438.000000,R:3525309.410474,G:1740659.714059,B:1536480.452564,EVENT_C:3205.500000,EVENT_R:1334.000000,EVENT_G:1548.000000,EVENT_B:633.000000
06-19 15:12:25.075  2018  3127 I libsensor-displayalgo: the value of  Coef1:1107.681000,Coef4:2.383000, scale1:0.935522, scale4:0.923264
06-19 15:12:25.075  2018  3127 E libsensor-displayalgo: RGB_black_white_scenario_0822!
06-19 15:12:25.075  2018  3127 I libsensor-displayalgo: the value of  RESULT60.035926,19.391635,28.038918,8.518727
06-19 15:12:25.075  2018  3127 I libsensor-displayalgo: the value of  getChannelDataCalibrated62.944391,17.960392,32.589751,9.297617
06-19 15:12:25.075  2018  3127 I libsensor-displayalgo: the value of  REAL LUX190.452240
06-19 15:12:25.075  2018  3127 I libsensor-displayalgo: the value of  CAL REAL LUX190.452240
06-19 15:12:25.240  1265  2358 I vendor.qti.hardware.display.composer-service: FrameNotifyProcess Sensor: notify citsensorservice to trigger cwb
06-19 15:12:25.240  2018  3874 I libcitsensorservice@2.0-impl: msg_transfer
06-19 15:12:25.241  2018  3098 D vendor.xiaomi.sensor.citsensorservice@2.0-service: handle id:9 wxh:1280x2400 uwxuh:1080x2400 size: 9216000 fd:15 fd_meta:16 flags:0x4000228 usage:0x33  format:0x3 layer_count: 1
06-19 15:12:25.241  1265  1887 I SDM     : HWCSession::SetCWBOutputBuffer: CWB config passed by cwb_client : tappoint 1  CWB_ROI : (829.000000 4.000000 915.000000 90.000000)
06-19 15:12:25.243  1265 10401 I SDM     : HWCSession::ProcessRequests: Successfully configured CWB buffer.
06-19 15:12:25.250  1265 10401 I SDM     : HWCSession::ProcessRequests: Pushing release fence in fenece wait queue.
06-19 15:12:25.250  1265 10401 I SDM     : HWCSession::ProcessRequests: Creating AsyncFenceWaits async thread.
06-19 15:12:25.251  1265 10401 I SDM     : HWCSession::ProcessRequests: Remove current CWB request from the pending request queue.
06-19 15:12:25.251  1265 10401 I SDM     : HWCSession::ProcessRequests: No pending cwb requests found in the queue.
06-19 15:12:25.256  1265  1584 I SDM     : HWDeviceDRM::SetupConcurrentWriteback: Tear down the Concurrent Writeback topology
06-19 15:12:25.264  1265 10402 I SDM     : HWCSession::NotifyCWBStatus: Notify the client about buffer status 0.
06-19 15:12:25.264  1265 10402 I SDM     : HWCSession::PerformFenceWaits: Remove current release fence from the pending fence wait queue.
06-19 15:12:25.264  1265 10402 I SDM     : HWCSession::PerformFenceWaits: CWB fence queue is empty. No pending release fence to wait on.
06-19 15:12:25.289  5858  6965 D UidObserver: onUidIdle uid=10494 uidstate=100
06-19 15:12:25.374  2018  3127 D libsensor-displayalgo: the value of  brightness:438.000000,R:3525309.410474,G:1740659.714059,B:1536480.452564,EVENT_C:3206.500000,EVENT_R:1335.500000,EVENT_G:1547.000000,EVENT_B:632.500000
06-19 15:12:25.374  2018  3127 I libsensor-displayalgo: the value of  Coef1:1107.681000,Coef4:2.383000, scale1:0.935522, scale4:0.923264
06-19 15:12:25.374  2018  3127 E libsensor-displayalgo: RGB_black_white_scenario_0822!
06-19 15:12:25.374  2018  3127 I libsensor-displayalgo: the value of  RESULT60.035926,19.391635,28.038918,8.518727
06-19 15:12:25.374  2018  3127 I libsensor-displayalgo: the value of  getChannelDataCalibrated62.944391,17.960392,32.589751,9.297617
06-19 15:12:25.374  2018  3127 I libsensor-displayalgo: the value of  REAL LUX190.461365
06-19 15:12:25.374  2018  3127 I libsensor-displayalgo: the value of  CAL REAL LUX190.461365
06-19 15:12:25.424  4233  4233 D MiPlayDetailViewModel: onPositionChange(): position = 22552
06-19 15:12:25.424  5809 10097 I SafeBinderCall: onPositionChange binder cost:0
06-19 15:12:25.585  1265  2358 I vendor.qti.hardware.display.composer-service: FrameNotifyProcess Sensor: notify citsensorservice to trigger cwb
06-19 15:12:25.585  2018  3874 I libcitsensorservice@2.0-impl: msg_transfer
06-19 15:12:25.585  2018  3098 D vendor.xiaomi.sensor.citsensorservice@2.0-service: handle id:9 wxh:1280x2400 uwxuh:1080x2400 size: 9216000 fd:15 fd_meta:16 flags:0x4000228 usage:0x33  format:0x3 layer_count: 1
06-19 15:12:25.586  1265  1887 I SDM     : HWCSession::SetCWBOutputBuffer: CWB config passed by cwb_client : tappoint 1  CWB_ROI : (829.000000 4.000000 915.000000 90.000000)
06-19 15:12:25.587  1265 10405 I SDM     : HWCSession::ProcessRequests: Successfully configured CWB buffer.
06-19 15:12:25.596  1265 10405 I SDM     : HWCSession::ProcessRequests: Pushing release fence in fenece wait queue.
06-19 15:12:25.596  1265 10405 I SDM     : HWCSession::ProcessRequests: Creating AsyncFenceWaits async thread.
06-19 15:12:25.596  1265 10405 I SDM     : HWCSession::ProcessRequests: Remove current CWB request from the pending request queue.
06-19 15:12:25.597  1265 10405 I SDM     : HWCSession::ProcessRequests: No pending cwb requests found in the queue.
06-19 15:12:25.602  1265  1584 I SDM     : HWDeviceDRM::SetupConcurrentWriteback: Tear down the Concurrent Writeback topology
06-19 15:12:25.609  1265 10406 I SDM     : HWCSession::NotifyCWBStatus: Notify the client about buffer status 0.
06-19 15:12:25.610  1265 10406 I SDM     : HWCSession::PerformFenceWaits: Remove current release fence from the pending fence wait queue.
06-19 15:12:25.610  1265 10406 I SDM     : HWCSession::PerformFenceWaits: CWB fence queue is empty. No pending release fence to wait on.
06-19 15:12:25.621 10292 10308 I tomator2.serve: ProcessProfilingInfo new_methods=0 is saved saved_to_disk=0 resolve_classes_delay=8000
06-19 15:12:25.674  2018  3127 D libsensor-displayalgo: the value of  brightness:438.000000,R:3525309.410474,G:1740659.714059,B:1536480.452564,EVENT_C:3208.500000,EVENT_R:1335.500000,EVENT_G:1549.000000,EVENT_B:633.000000
06-19 15:12:25.674  2018  3127 I libsensor-displayalgo: the value of  Coef1:1107.681000,Coef4:2.383000, scale1:0.935522, scale4:0.923264
06-19 15:12:25.674  2018  3127 E libsensor-displayalgo: RGB_black_white_scenario_0822!
06-19 15:12:25.675  2018  3127 I libsensor-displayalgo: the value of  RESULT60.035926,19.391635,28.038918,8.518727
06-19 15:12:25.675  2018  3127 I libsensor-displayalgo: the value of  getChannelDataCalibrated62.944391,17.960392,32.589751,9.297617
