11-16 16:54:29.202  6950  7857 I CAWARENESS_CompatibleFenceTrigger: triggerForSwing with IAwarenessListener
11-16 16:54:29.203  2010  2747 I HwSwingFaceRotationHub: handleFenceResult FaceDirection 0
11-16 16:54:29.203  2010  2620 D HwWindowManagerServiceEx: notifySwingRotation rotation:0
11-16 16:54:29.204  2010  2620 I HwDisplayRotationEx: swingRotationForSensor desireRotation 0 swingRotation 0 sensorRotation -1 lastRotation 0
11-16 16:54:29.205  2010  2620 I HwWindowManagerServiceEx: setLandAnimationInfo : false
11-16 16:54:29.205  6950 30838 I CAWARENESS_AwarenessSQLiteDatabase: insert recId is 38441
11-16 16:54:29.206  6950 30838 I CAWARENESS_CacheReportDataService: Current count 175
11-16 16:54:29.442 24423 24980 D MemoryCeilingMonitor: [handleMemoryCalculate]
11-16 16:54:29.442 24423 24980 D MemoryCeilingMonitor: [calculate] tot: 5993136, max: 402653184, free: 1090104, heap: 4903032, per: 0.012176811695098877
11-16 16:54:29.512   681 15256 I netd    : trafficSwapActiveStatsMap() <1.38ms>
11-16 16:54:29.580  4624  4833 I NcDftChip: NcChipDftEvent receive:NcChipDftEvent{Id=909009521, Length=464, Flag=0}
11-16 16:54:29.580  4624  4826 I HotspotComponent: handleChipEvent
11-16 16:54:29.656  4667  4954 E BoosterUtil: convertSubIdToSlotId failed, subId:0, slotId:-1
11-16 16:54:29.656  4667  4954 E BoosterUtil: getDefaultDataSlotId failed, invalid slotId:-1, subId:0
11-16 16:54:30.475  2010  2747 D HwConnectivityServiceEx: set 10231 wlan0 value false
11-16 16:54:30.682  4667  4954 E BoosterUtil: convertSubIdToSlotId failed, subId:0, slotId:-1
11-16 16:54:30.682  4667  4954 E BoosterUtil: getDefaultDataSlotId failed, invalid slotId:-1, subId:0
11-16 16:54:30.682  4667  4954 I chatty  : uid=1000(system) OllieAwareThrea expire 22 lines
11-16 16:54:30.682 29571 30783 D BufferPoolAccessor: bufferpool2 0x7e4e499220 : 6(49152 size) total buffers - 5(40960 size) used buffers - 1/7 (recycle/alloc) - 6/2109 (fetch/transfer)
11-16 16:54:30.684  1056 30784 D BufferPoolAccessor: bufferpool2 0x704e666620 : 6(24576 size) total buffers - 1(4096 size) used buffers - 2099/2105 (recycle/alloc) - 6/2104 (fetch/transfer)
11-16 16:54:31.246   681 15256 I netd    : trafficSwapActiveStatsMap() <0.92ms>
11-16 16:54:31.704  4667  4954 E BoosterUtil: convertSubIdToSlotId failed, subId:0, slotId:-1
11-16 16:54:31.704  4667  4954 E BoosterUtil: getDefaultDataSlotId failed, invalid slotId:-1, subId:0
11-16 16:54:32.019   681  1156 I         : ApiCount[0, 0, 0, 173, 0, 0, 0, 4, 0, 0, 356, 449, 0, 38, 14, 0, 45, 0, 3603, 10076]
11-16 16:54:32.410  2010  3971 I chatty  : uid=1000(system) HuaweiWifiWatch expire 14 lines
11-16 16:54:32.411  2010  3974 I chatty  : uid=1000(system) HwDualBandState expire 14 lines
11-16 16:54:32.412  2010 11971 D HwConnectivityServiceEx: set 1000 wlan0 value false
11-16 16:54:32.728  4667  4954 E BoosterUtil: convertSubIdToSlotId failed, subId:0, slotId:-1
11-16 16:54:32.729  4667  4954 E BoosterUtil: getDefaultDataSlotId failed, invalid slotId:-1, subId:0
11-16 16:54:32.785 16593 16593 I wpa_supplicant: TDLS: Discard message - TDLS disabled or unsupported by driver
11-16 16:54:33.495  2010  2747 D HwConnectivityServiceEx: set 10231 wlan0 value false
11-16 16:54:33.751  4667  4954 E BoosterUtil: convertSubIdToSlotId failed, subId:0, slotId:-1
11-16 16:54:33.751  4667  4954 E BoosterUtil: getDefaultDataSlotId failed, invalid slotId:-1, subId:0
11-16 16:54:34.415  4439  5572 I chatty  : uid=1000(system) Thread-14 expire 1 line
11-16 16:54:34.415  4439  5572 I SmartChgBase/Arb_HidlParam: CalcVtermRoundDec [ret:16, ndcVstep:16, target:20, step:20]
11-16 16:54:34.419   758   758 I power_hidl: ExeSetState type=vterm_dec, value=lvc 16
11-16 16:54:34.420   758   758 I power_hidl: start write compatible, scene: vterm_dec, value: lvc 16
11-16 16:54:34.422   758   758 I power_hidl: ExeSetState success, type=vterm_dec, index=45
11-16 16:54:34.424  4439  5572 I SmartChgBase/Arb_HidlParam: SetHidlValue Success:[module:BASP, scene:vterm_dec, value:lvc 16]
11-16 16:54:34.428   758   758 I power_hidl: ExeSetState type=vterm_dec, value=sc 16
11-16 16:54:34.428   758   758 I power_hidl: start write compatible, scene: vterm_dec, value: sc 16
11-16 16:54:34.431   758   758 I power_hidl: ExeSetState success, type=vterm_dec, index=45
11-16 16:54:34.432  4439  5572 I SmartChgBase/Arb_HidlParam: SetHidlValue Success:[module:BASP, scene:vterm_dec, value:sc 16]
11-16 16:54:34.438   758   758 I power_hidl: ExeSetState type=vterm_dec, value=wl_sc 16
11-16 16:54:34.438   758   758 I power_hidl: start write compatible, scene: vterm_dec, value: wl_sc 16
11-16 16:54:34.438   758   758 I power_hidl: ExeSetState success, type=vterm_dec, index=45
11-16 16:54:34.439  4439  5572 I SmartChgBase/Arb_HidlParam: SetHidlValue Success:[module:BASP, scene:vterm_dec, value:wl_sc 16]
11-16 16:54:34.440  4439  5572 I SmartChgBase/Arb_HidlParam: Apply.[moduleName:BASP, param:ichg_ratio, detailsWithValue:source=trigger;event=heartbeat;chargestatus=start;value=90;]
11-16 16:54:34.444   758   758 I power_hidl: ExeSetState type=ichg_ratio, value=all 90
11-16 16:54:34.445   758   758 I power_hidl: start write compatible, scene: ichg_ratio, value: all 90
11-16 16:54:34.446   758   758 I power_hidl: ExeSetState success, type=ichg_ratio, index=46
11-16 16:54:34.447  4439  5572 I SmartChgBase/Arb_HidlParam: SetHidlValue Success:[module:BASP, scene:ichg_ratio, value:all 90]
11-16 16:54:34.447  4439  5572 I SmartChgBase/Arb_HidlParam: Apply.[moduleName:BASP, param:nondc_vterm_dec, detailsWithValue:source=trigger;event=heartbeat;chargestatus=start;value=20;]
11-16 16:54:34.448  4439  5572 I SmartChgBase/Arb_HidlParam: CalcVtermRoundDec [ret:16, ndcVstep:16, target:20, step:20]
11-16 16:54:34.451   758   758 I power_hidl: ExeSetState type=vterm_dec, value=dcp 16
11-16 16:54:34.451   758   758 I power_hidl: start write compatible, scene: vterm_dec, value: dcp 16
11-16 16:54:34.451   758   758 I power_hidl: ExeSetState success, type=vterm_dec, index=45
11-16 16:54:34.452  4439  5572 I SmartChgBase/Arb_HidlParam: SetHidlValue Success:[module:BASP, scene:vterm_dec, value:dcp 16]
11-16 16:54:34.454   758   758 I power_hidl: ExeSetState type=vterm_dec, value=fcp 16
11-16 16:54:34.454   758   758 I power_hidl: start write compatible, scene: vterm_dec, value: fcp 16
11-16 16:54:34.455   758   758 E power_hidl: file /sys/devices/virtual/hw_power/interface/vterm_dec write failed
11-16 16:54:34.455   758   758 E power_hidl: write fcp 16 to /sys/class/hw_power/interface/vterm_dec fail
11-16 16:54:34.455   758   758 I power_hidl: ExeSetState success, type=vterm_dec, index=45
11-16 16:54:34.455  4439  5572 E SmartChgBase/Arb_HidlParam: SetHidlValue Fail: Hidl Set Fail [ret:1, module:BASP, scene:vterm_dec, value:fcp 16]
11-16 16:54:34.457   758   758 I power_hidl: ExeSetState type=vterm_dec, value=pd 16
11-16 16:54:34.457   758   758 I power_hidl: start write compatible, scene: vterm_dec, value: pd 16
11-16 16:54:34.457   758   758 I power_hidl: ExeSetState success, type=vterm_dec, index=45
11-16 16:54:34.458  4439  5572 I SmartChgBase/Arb_HidlParam: SetHidlValue Success:[module:BASP, scene:vterm_dec, value:pd 16]
11-16 16:54:34.459   758   758 I power_hidl: ExeSetState type=vterm_dec, value=wl 16
11-16 16:54:34.459   758   758 I power_hidl: start write compatible, scene: vterm_dec, value: wl 16
11-16 16:54:34.460   758   758 I power_hidl: ExeSetState success, type=vterm_dec, index=45
11-16 16:54:34.460  4439  5572 I SmartChgBase/Arb_HidlParam: SetHidlValue Success:[module:BASP, scene:vterm_dec, value:wl 16]
11-16 16:54:34.464   758   758 I power_hidl: ExeSetState type=basp_coul_vdec, value=16
11-16 16:54:34.464   758   758 I power_hidl: start hvdp mmi test, type=basp_coul_vdec, value=16
11-16 16:54:34.465   758   758 I power_hidl: ExeSetState success, type=basp_coul_vdec, index=52
11-16 16:54:34.465  4439  5572 I SmartChgBase/Arb_HidlParam: SetHidlValue Success:[module:BASP, scene:basp_coul_vdec, value:16]
11-16 16:54:34.465  4439  5572 I SmartChgBase/Arb_HidlParam: Apply Skipped: IsApplyExcept return true. [moduleName:ASW, param:soc_control, detailsWithValue:source=trigger;event=heartbeat;chargestatus=start;value=1 95 100 1 1;]
11-16 16:54:34.466  4439  5545 E SmartChgBase/File: file /data/user_de/0/com.huawei.systemmanager/files/smart_charge/base/mock/enable is invalid in IsFileExist
11-16 16:54:34.466  4439  5545 E SmartChgBase/File: file /data/user_de/0/com.huawei.systemmanager/files/smart_charge/base/mock/enable is invalid in IsFileExist
11-16 16:54:34.530   681 15256 I netd    : trafficSwapActiveStatsMap() <0.96ms>
11-16 16:54:34.779  4667  4954 E BoosterUtil: convertSubIdToSlotId failed, subId:0, slotId:-1
11-16 16:54:34.779  4667  4954 E BoosterUtil: getDefaultDataSlotId failed, invalid slotId:-1, subId:0
11-16 16:54:34.781  2010  3970 I chatty  : uid=1000(system) wifipro_feature expire 70 lines
11-16 16:54:35.395  2010  2653 I PowerManagerService: handleSandman: wakefulness: 1,startDreaming: false
11-16 16:54:35.399  2010  2653 I chatty  : uid=1000(system) PowerManagerSer identical 1 line
11-16 16:54:35.601  2010  2653 I PowerManagerService: handleSandman: wakefulness: 1,startDreaming: false
11-16 16:54:35.800  4667  4954 E BoosterUtil: convertSubIdToSlotId failed, subId:0, slotId:-1
11-16 16:54:35.800  4667  4954 E BoosterUtil: getDefaultDataSlotId failed, invalid slotId:-1, subId:0
11-16 16:54:36.142 29571 30783 D BufferPoolAccessor: bufferpool2 0x7e4e499220 : 6(49152 size) total buffers - 5(40960 size) used buffers - 1/7 (recycle/alloc) - 6/2344 (fetch/transfer)
11-16 16:54:36.144  1056 30784 D BufferPoolAccessor: bufferpool2 0x704e666620 : 6(24576 size) total buffers - 1(4096 size) used buffers - 2334/2340 (recycle/alloc) - 6/2339 (fetch/transfer)
11-16 16:54:36.417  2010 11971 D HwConnectivityServiceEx: set 1000 wlan0 value false
11-16 16:54:36.421  2010 11971 I chatty  : uid=1000(system) MobileQosDetect expire 10 lines
11-16 16:54:36.511  2010  4557 D HwConnectivityServiceEx: set 10231 wlan0 value false
11-16 16:54:36.825  4667  4954 E BoosterUtil: convertSubIdToSlotId failed, subId:0, slotId:-1
11-16 16:54:36.825  4667  4954 E BoosterUtil: getDefaultDataSlotId failed, invalid slotId:-1, subId:0
11-16 16:54:36.826  4667  5324 I chatty  : uid=1000(system) EmcomThread expire 33 lines
11-16 16:54:37.349  2010  3950 I chatty  : uid=1000(system) SecurityCenterA expire 3 lines
11-16 16:54:37.352  4439  4439 W HSC_BG_RemindStateManager: has not been initialized!
11-16 16:54:37.355  2010  3950 I ActivityManager: Killing 19317:com.android.mms/u0a52 (adj 995): empty for 1803s
11-16 16:54:37.355    48    48 W migration/6: type=1400 audit(0.0:83049): avc: granted { setsched } for pid=48 scontext=u:r:kernel:s0 tcontext=u:r:kernel:s0 tclass=process
11-16 16:54:37.364  4439  4439 I NotificationManager: com.huawei.systemmanager: cancel(6000)
11-16 16:54:37.369  4439  4439 D StatusBarManager: statusBarServiceBinder true
11-16 16:54:37.370  4439  4439 D StatusBarManager: Transact: transferToStatusbarIcon to status bar service
11-16 16:54:37.371  4088  4588 I HwCommandQueue: CommandQueue, setStatusBarShowIcon type2isShow:false
11-16 16:54:37.372  4439  4439 D StatusBarManager: statusBarServiceBinder true
11-16 16:54:37.373  4439  4439 D StatusBarManager: Transact: transferToStatusbarIcon to status bar service
11-16 16:54:37.375    54    54 W migration/7: type=1400 audit(0.0:83050): avc: granted { setsched } for pid=54 scontext=u:r:kernel:s0 tcontext=u:r:kernel:s0 tclass=process
11-16 16:54:37.374  4088  4588 I HwCommandQueue: CommandQueue, setStatusBarShowIcon type1isShow:false
11-16 16:54:37.374  4439  4439 D StatusBarManager: statusBarServiceBinder true
11-16 16:54:37.374  4439  4439 D StatusBarManager: Transact: transferToStatusbarIcon to status bar service
11-16 16:54:37.375  4088  4588 I HwCommandQueue: CommandQueue, setStatusBarShowIcon type3isShow:false
11-16 16:54:37.375  4439  4439 I NotificationManager: com.huawei.systemmanager: cancel(7000)
11-16 16:54:37.401   682   682 I Zygote  : Process 19317 exited due to signal 9 (Killed)
11-16 16:54:37.402  2010  6453 I ConnectivityService: ConnectivityService NetworkRequestInfo binderDied(NetworkRequest [ LISTEN id=969, [ Capabilities: INTERNET&NOT_RESTRICTED&TRUSTED&NOT_VPN Uid: 10052 DNN:  SSCMODE: 0 SNSSAI:  PduSessionType: 0 RouteBitmap: 0] ], android.os.BinderProxy@cd83b1)
11-16 16:54:37.402  2010  6453 D HwConnectivityServiceEx: cacheCellularrNetworkRequestuid =  10052 cache:2
11-16 16:54:37.402  2010  3889 I ConnectivityService: releasing NetworkRequest [ LISTEN id=969, [ Capabilities: INTERNET&NOT_RESTRICTED&TRUSTED&NOT_VPN Uid: 10052 DNN:  SSCMODE: 0 SNSSAI:  PduSessionType: 0 RouteBitmap: 0] ] (release request)
11-16 16:54:37.402  2010  4214 D ActivityManager: cleanUpApplicationRecord app: 19317:com.android.mms/u0a52, bad: false, restarting: false, allowRestart: true
11-16 16:54:37.402  2010  3903 W HwAudioServiceEx: SoundEffectState bundle get reserved is invalid
11-16 16:54:37.403  2010  2633 I HwPowerManagerService: appdie release wakelock, pid = 19317, uid = 10052
11-16 16:54:37.404  2010  3903 I HwAudioServiceEx: sendAppKilledIntentForKit, isKitPackageOnPause = false, isKitPackageKill = false, isKitPackageOnResume = false
11-16 16:54:37.404  2010  2642 I chatty  : uid=1000(system) ActivityManager expire 5 lines
11-16 16:54:37.408  2010  2786 I chatty  : uid=1000(system) sManagerService expire 5 lines
11-16 16:54:37.409  4667  6636 I chatty  : uid=1000(system) Binder:4667_8 expire 8 lines
11-16 16:54:37.411   765 28802 I chatty  : uid=1041(audioserver) Binder:765_A expire 4 lines
11-16 16:54:37.515    54    54 W migration/7: type=1400 audit(0.0:83051): avc: granted { setsched } for pid=54 scontext=u:r:kernel:s0 tcontext=u:r:kernel:s0 tclass=process
11-16 16:54:37.515    48    48 W migration/6: type=1400 audit(0.0:83052): avc: granted { setsched } for pid=48 scontext=u:r:kernel:s0 tcontext=u:r:kernel:s0 tclass=process
11-16 16:54:37.678  4599  6890 I HwNaturalBase: [CommonHandler]: 31993Kb ram is used.
11-16 16:54:37.846  4667  5956 I chatty  : uid=1000(system) JNITID-5956 expire 33 lines
11-16 16:54:37.848  4667  4954 E BoosterUtil: convertSubIdToSlotId failed, subId:0, slotId:-1
11-16 16:54:37.848  4667  4954 E BoosterUtil: getDefaultDataSlotId failed, invalid slotId:-1, subId:0
11-16 16:54:37.906   740   740 I chatty  : uid=1041(audioserver) vendor.huawei.h expire 10 lines
11-16 16:54:37.911  2010  3903 I HwAudioServiceEx: HwAudioHandlerEx receive unknown msg
11-16 16:54:38.635 30839 30839 D HiTraceC: entered HiTraceInit, Log Registered: 1
11-16 16:54:38.636 30839 30839 E         : storage_info: IsTimeForUpload path log/storage/ exist
11-16 16:54:38.636 30839 30839 I         : HwCustType is 0
11-16 16:54:38.636 30839 30839 E         : open file error
11-16 16:54:38.631 30839 30839 W storage_info: type=1400 audit(0.0:83053): avc: denied { search } for pid=30839 name="cota" dev="sdd74" ino=246 scontext=u:r:storage_info:s0 tcontext=u:object_r:hw_cust_file:s0 tclass=dir permissive=0
11-16 16:54:38.636 30839 30839 I         : no cota live update cust policy found
11-16 16:54:38.636 30839 30839 I         : GetCfgDirRealPolicyValue: custPolicyDirs: /system/emui/base:/system/emui/china:/vendor/etc:/odm/cust/all/cn:/odm/etc:/odm/hw_odm/LIO-AN00:/hw_product/etc:/hw_product/region_comm/china:/preas/china:/hw_product/hw_oem/LIO-AN00:/preload/LIO-AN00/all/cn:/cust/global:/cust/hw/cn:/version/cust/all/cn:/hw_product/special_cust/LIO-AN00/all/cn:/version/special_cust/LIO-AN00/all/cn:/cust/cotalite:/cust/ecota
11-16 16:54:38.636 30839 30839 E         : storage_info: GetLifetimeConfigXML: xml file (null) not exists
11-16 16:54:38.636 30839 30839 I         : storage_info: LifetimeEnabled: lifetime disabled
11-16 16:54:38.636 30839 30839 E         : CatKernelIOLatencyCore Cat kernel file fail:/proc/iomt/io_latency_scatter
11-16 16:54:38.636 30839 30839 E         : storage_info: GetIOLatency:cat struct IOLatencyBigDataNode fail
11-16 16:54:38.636 30839 30839 E         : storage_info: UploadStorageInfo GetIOLatency fail:-1
11-16 16:54:38.874  4667  4954 E BoosterUtil: convertSubIdToSlotId failed, subId:0, slotId:-1
11-16 16:54:38.874  4667  4954 E BoosterUtil: getDefaultDataSlotId failed, invalid slotId:-1, subId:0
11-16 16:54:38.905  2010  3879 I chatty  : uid=1000(system) WifiService expire 57 lines
11-16 16:54:38.931 16593 16593 I wpa_supplicant: TDLS: Discard message - TDLS disabled or unsupported by driver
11-16 16:54:39.227   882   882 I aptouch_daemon: check_afe_status, afe[204 60 Xa01] [ctrl:X40020 ftr:X8140] dif[52 -52] raw[36402 21365] [exp:X0 aN:0 lo:0]
11-16 16:54:39.452 24423 24980 D MemoryCeilingMonitor: [handleMemoryCalculate]
11-16 16:54:39.453 24423 24980 D MemoryCeilingMonitor: [calculate] tot: 5993136, max: 402653184, free: 1073592, heap: 4919544, per: 0.012217819690704346
11-16 16:54:39.531  2010  5442 D HwConnectivityServiceEx: set 10231 wlan0 value false
11-16 16:54:39.551   681 15256 I netd    : trafficSwapActiveStatsMap() <1.50ms>
11-16 16:54:39.807  1046  1131 I storaged: storaged_t::event: storage_info refreshed.
11-16 16:54:39.895  4667  4954 E BoosterUtil: convertSubIdToSlotId failed, subId:0, slotId:-1
11-16 16:54:39.895  4667  4954 E BoosterUtil: getDefaultDataSlotId failed, invalid slotId:-1, subId:0
11-16 16:54:39.914 29571 30743 D CCodecBuffers: [c2.android.aac.decoder#775:1D-Input.Impl[N]] codec released a buffer owned by client (index 3)
11-16 16:54:40.414  2010  3880 I chatty  : uid=1000(system) ClientModeImpl expire 11 lines
11-16 16:54:40.425  2010 11971 D HwConnectivityServiceEx: set 1000 wlan0 value false
11-16 16:54:40.473  4667  6060 I chatty  : uid=1000(system) LteRecoveryEngi expire 10 lines
11-16 16:54:40.923  4667  4954 E BoosterUtil: convertSubIdToSlotId failed, subId:0, slotId:-1
11-16 16:54:40.923  4667  4954 E BoosterUtil: getDefaultDataSlotId failed, invalid slotId:-1, subId:0
11-16 16:54:41.167 29571 30783 D BufferPoolAccessor: bufferpool2 0x7e4e499220 : 6(49152 size) total buffers - 5(40960 size) used buffers - 1/7 (recycle/alloc) - 6/2560 (fetch/transfer)
11-16 16:54:41.169  1056 30784 D BufferPoolAccessor: bufferpool2 0x704e666620 : 6(24576 size) total buffers - 1(4096 size) used buffers - 2550/2556 (recycle/alloc) - 6/2555 (fetch/transfer)
11-16 16:54:41.263   681 15256 I netd    : trafficSwapActiveStatsMap() <0.90ms>
11-16 16:54:41.689  1047  1047 E Thermal-daemon:hw_thermal: [ap] tempNew :38  tempOld :39
11-16 16:54:41.691  1047  1047 E Thermal-daemon:hw_thermal: Report temperature: [ap] temp :38  reportThreshold:1
11-16 16:54:41.821  2010  2653 I PowerManagerService: handleSandman: wakefulness: 1,startDreaming: false
11-16 16:54:41.824  2010  2653 I PowerManagerService: handleSandman: wakefulness: 1,startDreaming: false
11-16 16:54:41.945  4667  4954 E BoosterUtil: convertSubIdToSlotId failed, subId:0, slotId:-1
11-16 16:54:41.945  4667  4954 E BoosterUtil: getDefaultDataSlotId failed, invalid slotId:-1, subId:0
11-16 16:54:42.026  2010  2653 I PowerManagerService: handleSandman: wakefulness: 1,startDreaming: false
11-16 16:54:42.551  2010  4214 D HwConnectivityServiceEx: set 10231 wlan0 value false
11-16 16:54:42.623   882   882 I aptouch_daemon: check_afe_status, idle out.
11-16 16:54:42.930  2010  2800 I chatty  : uid=1000(system) InputDispatcher expire 15 lines
11-16 16:54:42.934  2010  2653 I PowerManagerService: handleSandman: wakefulness: 1,startDreaming: false
11-16 16:54:42.955  2010  2789 I chatty  : uid=1000(system) GestureNavManag expire 11 lines
11-16 16:54:42.967  4667  4954 E BoosterUtil: convertSubIdToSlotId failed, subId:0, slotId:-1
11-16 16:54:42.967  4667  4954 E BoosterUtil: getDefaultDataSlotId failed, invalid slotId:-1, subId:0
11-16 16:54:42.982   769  1981 W BufferQueueProducer: [SurfaceView - GestureNavAnim#0]:1390: disconnect: not connected (req=1)
11-16 16:54:43.003  2010  2624 D HwAppTransitionImpl: windowAnimations = 0 dose not come from system, not to override it.
11-16 16:54:43.031  2010  2653 I PowerManagerService: handleSandman: wakefulness: 1,startDreaming: false
11-16 16:54:43.063   882   882 I aptouch_daemon: print_log, touch:0, down:0
11-16 16:54:43.069 29205 29205 V InputMethodManager: dispatchInputEvent
11-16 16:54:43.073 22844 22844 I UnicodeIME: onKeyDown (keyCode='4', event.keyCode='4', metaState='0')
11-16 16:54:43.074 29205 29205 V InputMethodManager: dispatchInputEvent
11-16 16:54:43.075 22844 22844 I UnicodeIME: onKeyUp (keyCode='4', event.keyCode='4', metaState='0')
11-16 16:54:43.175 29205 29205 I HwViewRootImpl: removeInvalidNode all the node in jank list is out of time
11-16 16:54:43.405   769   981 W BufferQueueProducer: [SurfaceView - GestureNavAnim#0]:1390: disconnect: not connected (req=1)
11-16 16:54:43.408  4297  4981 I ScenarioService: check surface view pkg: cn.missevan
11-16 16:54:43.410   769   981 W BufferQueueProducer: [GestureNavAnim#0]:1390: disconnect: not connected (req=1)
11-16 16:54:43.068  2010  2653 I PowerManagerService: handleSandman: wakefulness: 1,startDreaming: false
11-16 16:54:43.410  2010  2789 D HwAppTransitionImpl: windowAnimations = 0 dose not come from system, not to override it.
11-16 16:54:43.410  2010  2789 E WindowManager: win=Window{f2ea09 u0 GestureNavAnim} destroySurfaces: appStopped=true win.mWindowRemovalAllowed=false win.mRemoveOnExit=false
11-16 16:54:43.593  2010  2752 I HwBatteryService: power_ui state= 1 mQuickChargeStatus=1
11-16 16:54:43.593  2010  2752 I HwBatteryService: handleWirelessTxStatus
11-16 16:54:43.593  2010  2752 I HwBatteryService: switch not open, return, mWirelessTxFlag : 0
11-16 16:54:43.593  2010  2752 W HwBatteryService: need return. Invalid value: 0
11-16 16:54:43.593  2010  2752 D HwBatteryService: setHwChargeTimeRemaining, time = -1 String time: 0
11-16 16:54:43.594  2010  2752 I HwBatteryService: IS_WATCH : false
11-16 16:54:43.603   733   733 W health@2.0-serv: type=1400 audit(0.0:83054): avc: denied { read } for pid=733 name="u:object_r:system_prop:s0" dev="tmpfs" ino=11911 scontext=u:r:hal_health_default:s0 tcontext=u:object_r:system_prop:s0 tclass=file permissive=0
11-16 16:54:43.608   733   733 E libc    : Access denied finding property "sys.check.usbupdate"
11-16 16:54:43.607   733   733 W health@2.0-serv: type=1400 audit(0.0:83055): avc: denied { write } for pid=733 name="property_service" dev="tmpfs" ino=17333 scontext=u:r:hal_health_default:s0 tcontext=u:object_r:property_socket:s0 tclass=sock_file permissive=0
11-16 16:54:43.608   733   733 W libc    : Unable to set property "sys.check.usbupdate" to "start": connection failed; errno=13 (Permission denied)
11-16 16:54:43.994  4667  4954 E BoosterUtil: convertSubIdToSlotId failed, subId:0, slotId:-1
11-16 16:54:43.995  4667  4954 E BoosterUtil: getDefaultDataSlotId failed, invalid slotId:-1, subId:0
11-16 16:54:44.422  2010  3971 I chatty  : uid=1000(system) HuaweiWifiWatch expire 14 lines
11-16 16:54:44.425  2010 11971 D HwConnectivityServiceEx: set 1000 wlan0 value false
11-16 16:54:44.571   681 15256 I netd    : trafficSwapActiveStatsMap() <0.91ms>
11-16 16:54:44.804   882   882 I aptouch_daemon: check_afe_status, idle in. 133
11-16 16:54:44.813  4644  5101 D DeviceMonitorPowerKit: run, sCountNum is 1
11-16 16:54:44.813  4644  5101 D DeviceMonitorPowerKit: interval is 459984, ElapsedRealtime is 481549393, isNeedRepeat: false
11-16 16:54:44.814  4644  5101 E DeviceMonitorPowerKit: not Satify ApplyResource
11-16 16:54:45.017  4667  4954 E BoosterUtil: convertSubIdToSlotId failed, subId:0, slotId:-1
11-16 16:54:45.017  4667  4954 E BoosterUtil: getDefaultDataSlotId failed, invalid slotId:-1, subId:0
11-16 16:54:45.571  2010  5442 D HwConnectivityServiceEx: set 10231 wlan0 value false
11-16 16:54:46.043  4667  4954 E BoosterUtil: convertSubIdToSlotId failed, subId:0, slotId:-1
11-16 16:54:46.044  4667  4954 E BoosterUtil: getDefaultDataSlotId failed, invalid slotId:-1, subId:0
11-16 16:54:46.051  2010  3970 I chatty  : uid=1000(system) wifipro_feature expire 62 lines
11-16 16:54:46.603 29571 30783 D BufferPoolAccessor: bufferpool2 0x7e4e499220 : 6(49152 size) total buffers - 5(40960 size) used buffers - 1/7 (recycle/alloc) - 6/2795 (fetch/transfer)
11-16 16:54:46.606  1056 30784 D BufferPoolAccessor: bufferpool2 0x704e666620 : 6(24576 size) total buffers - 1(4096 size) used buffers - 2785/2791 (recycle/alloc) - 6/2790 (fetch/transfer)
11-16 16:54:46.791  1047  2874 E Thermal-daemon:ambient: CalcAmbientTemp: median filter output 32708
11-16 16:54:46.791  1047  2874 E Thermal-daemon:ambient: AmbientSample: write temp 32708 to ambient node
11-16 16:54:47.064  4667  4954 E BoosterUtil: convertSubIdToSlotId failed, subId:0, slotId:-1
11-16 16:54:47.064  4667  4954 E BoosterUtil: getDefaultDataSlotId failed, invalid slotId:-1, subId:0
11-16 16:54:47.338 29571 29779 I AudioTrack: recheck for pg, sessionid : 1193
11-16 16:54:47.351  4297  4981 I PGAudioState: already clear stopByZero Time  sessionId : 1193
11-16 16:54:47.351  4297  4981 I PGAudioState: not start audio out because audio inactive pid: 29571 uid:10231
11-16 16:54:48.089  4667  4954 E BoosterUtil: convertSubIdToSlotId failed, subId:0, slotId:-1
11-16 16:54:48.089  4667  4954 E BoosterUtil: getDefaultDataSlotId failed, invalid slotId:-1, subId:0
11-16 16:54:48.092  4667  5324 I chatty  : uid=1000(system) EmcomThread expire 33 lines
11-16 16:54:48.255 30847 30847 D HiTraceC: entered HiTraceInit, Log Registered: 1
11-16 16:54:48.282 30852 30852 D HiTraceC: entered HiTraceInit, Log Registered: 1
11-16 16:54:48.286  1052  1076 W         : Failed to SetQosByThread, ret=-1, tid=30854, desired=1
11-16 16:54:48.307 30856 30856 D HiTraceC: entered HiTraceInit, Log Registered: 1
11-16 16:54:48.310  1052  1076 E AwareLog: iawared: GetFileContent open /proc/30856/task/30858/cpuset fail errno(2)!
11-16 16:54:48.311  1052  1076 W         : Failed to SetQosByThread, ret=-1, tid=30858, desired=1
11-16 16:54:48.418   765  1874 I chatty  : uid=1041(audioserver) AudioOut_D expire 399 lines
11-16 16:54:48.429  2010 11971 D HwConnectivityServiceEx: set 1000 wlan0 value false
11-16 16:54:48.462 30861 30861 D HiTraceC: entered HiTraceInit, Log Registered: 1
11-16 16:54:48.465  2010  5442 I chatty  : uid=1000(system) Binder:2010_12 expire 32 lines
11-16 16:54:48.547 30864 30864 D HiTraceC: entered HiTraceInit, Log Registered: 1
11-16 16:54:48.586  2010  5442 D HwConnectivityServiceEx: set 10231 wlan0 value false
11-16 16:54:48.728  6950 30870 I CAWARENESS_ServiceMonitor: memory(kB) static totalPss=19063, dalvikPss=1661, nativePss=4752
11-16 16:54:48.800 30876 30876 D HiTraceC: entered HiTraceInit, Log Registered: 1
11-16 16:54:48.804  1052  1076 E AwareLog: iawared: GetFileContent open /proc/30876/task/30878/cpuset fail errno(2)!
11-16 16:54:48.804  1052  1076 W         : Failed to SetQosByThread, ret=-1, tid=30878, desired=1
11-16 16:54:48.880   681  1281 I         : ApiCount[0, 0, 0, 173, 0, 0, 0, 4, 0, 0, 356, 449, 0, 38, 14, 0, 45, 0, 3603, 10077]
11-16 16:54:48.915    48    48 W migration/6: type=1400 audit(0.0:83056): avc: granted { setsched } for pid=48 scontext=u:r:kernel:s0 tcontext=u:r:kernel:s0 tclass=process
11-16 16:54:48.969 30891 30891 D HiTraceC: entered HiTraceInit, Log Registered: 1
11-16 16:54:48.999  1059 18693 D aiserver: IgsService fusionId:4, notifyType:0
11-16 16:54:49.000  1059 18693 I aiserver: #IgsEventManager#GetParsersByFusionType fusionId:4,notifyType:0
11-16 16:54:49.000  1059 18693 I aiserver: #IgsEventManager#SmartScreenParser::parseFusionResult begin....
11-16 16:54:49.000  1059 18693 I aiserver: IgsRegisterParamManager reportRPVecotor size = 1
11-16 16:54:49.000  1059 18693 I aiserver: #IgsEventManager# SmartScreenParser: event_id:5, event_msg=faceDirection:-1
11-16 16:54:49.000  1059 18693 I aiserver: IgsService IgsEventThread eventId =5
11-16 16:54:49.000  1059 18693 I aiserver: IgsService IgsEventThread Find listener,pid=6950, eventId=5
11-16 16:54:49.001  1059 18693 I aiserver: IgsService onIgsEventDoneV2 call
11-16 16:54:49.001  6950 18691 I swingclient: IgsListenerProxy::onIgsEventDoneV2
11-16 16:54:49.001  6950 18691 D HWSWINGCA: -----onSwingEventDone----
11-16 16:54:49.001  6950 18691 I CAWARENESS_SwingManager: onSwingEventDone eventId = 5 eventStr=faceDirection:-1
11-16 16:54:49.002  6950 18691 I CAWARENESS_AbilityContext: [1668588889835] publishing {dataId=100000093, mode=0}
11-16 16:54:49.002  6950 18689 I CAWARENESS_SwingManager: handleMessage msg:2
11-16 16:54:49.002  6950 18691 I CAWARENESS_AbilityContext: [1668588889835] deliver {dataId=100000093, mode=0} to 1 receivers
11-16 16:54:49.002  6950 18691 I swingclient: IgsListenerProxy::onIgsEventDone eventId = 5
11-16 16:54:49.003  6950 30894 I CAWARENESS_CompatibleFenceTrigger: fenceName 13 pid 2010 uid 1000
11-16 16:54:49.003  6950 30894 I CAWARENESS_CacheReportDataService: insertData
11-16 16:54:49.003  6950  7857 I CAWARENESS_CompatibleFenceTrigger: triggerForSwing with IAwarenessListener
11-16 16:54:49.004  2010  5442 I HwSwingFaceRotationHub: handleFenceResult FaceDirection -1
11-16 16:54:49.004  2010  2620 D HwWindowManagerServiceEx: notifySwingRotation rotation:-1
11-16 16:54:49.004  2010  2620 I HwDisplayRotationEx: swingRotationForSensor desireRotation 0 swingRotation -1 sensorRotation -1 lastRotation 0
11-16 16:54:49.005  2010  2620 I HwWindowManagerServiceEx: setLandAnimationInfo : false
11-16 16:54:49.005  6950 30895 I CAWARENESS_AwarenessSQLiteDatabase: insert recId is 38442
11-16 16:54:49.006  6950 30895 I CAWARENESS_CacheReportDataService: Current count 176
11-16 16:54:49.045 30896 30896 D HiTraceC: entered HiTraceInit, Log Registered: 1
11-16 16:54:49.111  4667  5956 I chatty  : uid=1000(system) JNITID-5956 expire 30 lines
11-16 16:54:49.115  4667  4954 E BoosterUtil: convertSubIdToSlotId failed, subId:0, slotId:-1
11-16 16:54:49.115  4667  4954 E BoosterUtil: getDefaultDataSlotId failed, invalid slotId:-1, subId:0
11-16 16:54:49.175    48    48 W migration/6: type=1400 audit(0.0:83057): avc: granted { setsched } for pid=48 scontext=u:r:kernel:s0 tcontext=u:r:kernel:s0 tclass=process
11-16 16:54:49.391 30899 30899 D HiTraceC: entered HiTraceInit, Log Registered: 1
11-16 16:54:49.398  1059 18693 D aiserver: IgsService fusionId:4, notifyType:0
11-16 16:54:49.398  1059 18693 I aiserver: #IgsEventManager#GetParsersByFusionType fusionId:4,notifyType:0
11-16 16:54:49.398  1059 18693 I aiserver: #IgsEventManager#SmartScreenParser::parseFusionResult begin....
11-16 16:54:49.398  1059 18693 I aiserver: IgsRegisterParamManager reportRPVecotor size = 1
11-16 16:54:49.398  1059 18693 I aiserver: #IgsEventManager# SmartScreenParser: event_id:5, event_msg=faceDirection:0
11-16 16:54:49.398  1059 18693 I aiserver: IgsService IgsEventThread eventId =5
11-16 16:54:49.398  1059 18693 I aiserver: IgsService IgsEventThread Find listener,pid=6950, eventId=5
11-16 16:54:49.399  1059 18693 I aiserver: IgsService onIgsEventDoneV2 call
11-16 16:54:49.400  6950 18691 I swingclient: IgsListenerProxy::onIgsEventDoneV2
11-16 16:54:49.400  6950 18691 D HWSWINGCA: -----onSwingEventDone----
11-16 16:54:49.400  6950 18691 I CAWARENESS_SwingManager: onSwingEventDone eventId = 5 eventStr=faceDirection:0
11-16 16:54:49.401  6950 18689 I CAWARENESS_SwingManager: handleMessage msg:2
11-16 16:54:49.401  6950 18691 I CAWARENESS_AbilityContext: [1668588890233] publishing {dataId=100000093, mode=0}
11-16 16:54:49.401  6950 18691 I CAWARENESS_AbilityContext: [1668588890233] deliver {dataId=100000093, mode=0} to 1 receivers
11-16 16:54:49.401  6950 18691 I swingclient: IgsListenerProxy::onIgsEventDone eventId = 5
11-16 16:54:49.402  6950 30902 I CAWARENESS_CompatibleFenceTrigger: fenceName 13 pid 2010 uid 1000
11-16 16:54:49.402  6950 30902 I CAWARENESS_CacheReportDataService: insertData
11-16 16:54:49.402  6950  7857 I CAWARENESS_CompatibleFenceTrigger: triggerForSwing with IAwarenessListener
11-16 16:54:49.403  2010  4214 I HwSwingFaceRotationHub: handleFenceResult FaceDirection 0
11-16 16:54:49.403  2010  2620 D HwWindowManagerServiceEx: notifySwingRotation rotation:0
11-16 16:54:49.404  2010  2620 I HwDisplayRotationEx: swingRotationForSensor desireRotation 0 swingRotation 0 sensorRotation -1 lastRotation 0
11-16 16:54:49.405  2010  2620 I HwWindowManagerServiceEx: setLandAnimationInfo : false
11-16 16:54:49.405  6950 30903 I CAWARENESS_AwarenessSQLiteDatabase: insert recId is 38443
11-16 16:54:49.406  6950 30903 I CAWARENESS_CacheReportDataService: Current count 177
11-16 16:54:49.460 24423 24980 D MemoryCeilingMonitor: [handleMemoryCalculate]
11-16 16:54:49.461 24423 24980 D MemoryCeilingMonitor: [calculate] tot: 5993136, max: 402653184, free: 1040696, heap: 4952440, per: 0.01229951779047648
11-16 16:54:49.519 30906 30906 D HiTraceC: entered HiTraceInit, Log Registered: 1
11-16 16:54:49.591   681 15256 I netd    : trafficSwapActiveStatsMap() <0.95ms>
11-16 16:54:49.600 30912 30912 D HiTraceC: entered HiTraceInit, Log Registered: 1
11-16 16:54:49.621 30914 30914 D HiTraceC: entered HiTraceInit, Log Registered: 1
11-16 16:54:49.640 30916 30916 D HiTraceC: entered HiTraceInit, Log Registered: 1
11-16 16:54:49.667 30607 30918 I chatty  : uid=10233(io.appium.uiautomator2.server) expire 4 lines
11-16 16:54:49.702 30607 30919 I chatty  : uid=10233(io.appium.uiautomator2.server) expire 4 lines
11-16 16:54:49.705  2010  2653 I PowerManagerService: handleSandman: wakefulness: 1,startDreaming: false
11-16 16:54:50.135  4667  4954 E BoosterUtil: convertSubIdToSlotId failed, subId:0, slotId:-1
11-16 16:54:50.135  4667  4954 E BoosterUtil: getDefaultDataSlotId failed, invalid slotId:-1, subId:0
11-16 16:54:50.256 30607 30631 I chatty  : uid=10233(io.appium.uiautomator2.server) expire 3 lines
11-16 16:54:50.280  2010  5442 I WindowManager: removeWindowToken: displayid:0 binder:android.os.Binder@1241989 token:WindowToken{10feb1d android.os.Binder@1241989}
11-16 16:54:50.281  2010  5442 I WindowManager: removeWindowToken: displayid:0 binder:android.os.Binder@1241989 token:null
11-16 16:54:50.281  2010  5442 W WindowManager: removeWindowToken: Attempted to remove non-existing token: android.os.Binder@1241989
11-16 16:54:50.282  2010  5442 I [SPMN]  : insert SECURE -- name = accessibility_enabled, package = android, user = 0, value = 0
11-16 16:54:50.283  2010  5442 I [SPMN]  : insert SYSTEM -- name = accelerometer_rotation, package = android, user = 0, value = 1
11-16 16:54:50.283  2010  5442 I HwDisplayRotationEx: swingRotationForSensor desireRotation 0 swingRotation 0 sensorRotation -1 lastRotation 0
11-16 16:54:50.283  2010  5442 I HwWindowManagerServiceEx: setLandAnimationInfo : false
11-16 16:54:50.289  2010  4214 I ActivityManager: Force stopping io.appium.uiautomator2.server appid=10233 user=0: finished inst
11-16 16:54:50.291  2010 30924 I chatty  : uid=1000(system) Binder:2010_F expire 1 line
11-16 16:54:50.293 30593 30593 D AndroidRuntime: Shutting down VM
11-16 16:54:50.301  2010  4214 I ActivityManager: Killing 30607:io.appium.uiautomator2.server/u0a233 (adj 0): stop io.appium.uiautomator2.serverfinished inst
11-16 16:54:50.302  2010  4214 D ActivityManager: cleanUpApplicationRecord app: 30607:io.appium.uiautomator2.server/u0a233, bad: false, restarting: false, allowRestart: true
11-16 16:54:50.303  2010  3903 W HwAudioServiceEx: SoundEffectState bundle get reserved is invalid
11-16 16:54:50.305  2010  2633 I HwPowerManagerService: appdie release wakelock, pid = 30607, uid = 10233
11-16 16:54:50.311    48    48 W migration/6: type=1400 audit(0.0:83058): avc: granted { setsched } for pid=48 scontext=u:r:kernel:s0 tcontext=u:r:kernel:s0 tclass=process
11-16 16:54:50.305  2010  3903 I HwAudioServiceEx: sendAppKilledIntentForKit, isKitPackageOnPause = false, isKitPackageKill = false, isKitPackageOnResume = false
11-16 16:54:50.309  2010  4214 I ActivityManager: Killing 19746:com.huawei.hiviewtunnel/u0a79 (adj 985): empty for 1808s
11-16 16:54:50.310  2010  4214 I ActivityManager: Killing 19717:com.huawei.systemmanager/1000 (adj 985): empty for 1808s
11-16 16:54:50.311  2010  4214 I ActivityManager: Killing 19624:com.huawei.hwid/u0a83 (adj 985): empty for 1811s
11-16 16:54:50.313  2010  4214 I ActivityManager: Start to clean activity stack when force stop the app io.appium.uiautomator2.server , reason:finished inst
11-16 16:54:50.316  2010  2623 V ActivityTaskManager: Activity idle: null
11-16 16:54:50.347  2010  5442 D ActivityManager: cleanUpApplicationRecord app: 19717:com.huawei.systemmanager/1000, bad: false, restarting: false, allowRestart: true
11-16 16:54:50.347  2010  2633 I HwPowerManagerService: appdie release wakelock, pid = 19717, uid = 1000
11-16 16:54:50.347   682   682 I Zygote  : Process 19717 exited due to signal 9 (Killed)
11-16 16:54:50.347  2010  3903 W HwAudioServiceEx: SoundEffectState bundle get reserved is invalid
11-16 16:54:50.347  2010  3903 I HwAudioServiceEx: sendAppKilledIntentForKit, isKitPackageOnPause = false, isKitPackageKill = false, isKitPackageOnResume = false
11-16 16:54:50.348  4667  8418 I chatty  : uid=1000(system) Binder:4667_A expire 13 lines
11-16 16:54:50.315    54    54 W migration/7: type=1400 audit(0.0:83059): avc: granted { setsched } for pid=54 scontext=u:r:kernel:s0 tcontext=u:r:kernel:s0 tclass=process
11-16 16:54:50.351   682   682 I Zygote  : Process 30607 exited due to signal 9 (Killed)
11-16 16:54:50.351  2010  4214 D ActivityManager: cleanUpApplicationRecord app: 19624:com.huawei.hwid/u0a83, bad: false, restarting: false, allowRestart: true
11-16 16:54:50.351  2010  2633 I HwPowerManagerService: appdie release wakelock, pid = 19624, uid = 10083
11-16 16:54:50.351 20069 20801 I fwkit_kams_process: [I/fwkit/fwkit_kams_process 20069:6400 ProcessManagerService.java:663] Receive com.huawei.hwid die notify!
11-16 16:54:50.351   682   682 I Zygote  : Process 19624 exited due to signal 9 (Killed)
11-16 16:54:50.351  2010  3903 W HwAudioServiceEx: SoundEffectState bundle get reserved is invalid
11-16 16:54:50.351   682   682 I Zygote  : Process 19746 exited due to signal 9 (Killed)
11-16 16:54:50.351  2010  3903 I HwAudioServiceEx: sendAppKilledIntentForKit, isKitPackageOnPause = false, isKitPackageKill = false, isKitPackageOnResume = false
11-16 16:54:50.352 20069 23576 I fwkit_kbct_dispatcher: [I/fwkit/fwkit_kbct_dispatcher 20069:6629 KitBroadcastDispatcher.java:864] unregister all action for com.huawei.hwid
11-16 16:54:50.352 20069 20801 I fwkit_kams_process: [I/fwkit/fwkit_kams_process 20069:6400 ProcessManagerService.java:495] CountDownLatch or ProcessIdSet is null, no need to update
11-16 16:54:50.353  2010  3903 W HwAudioServiceEx: SoundEffectState bundle get reserved is invalid
11-16 16:54:50.353  2010  3903 I HwAudioServiceEx: sendAppKilledIntentForKit, isKitPackageOnPause = false, isKitPackageKill = false, isKitPackageOnResume = false
11-16 16:54:50.353  2010  6453 D ActivityManager: cleanUpApplicationRecord app: 19746:com.huawei.hiviewtunnel/u0a79, bad: false, restarting: false, allowRestart: true
11-16 16:54:50.353  2010  2633 I HwPowerManagerService: appdie release wakelock, pid = 19746, uid = 10079
11-16 16:54:50.354  4667 10362 I chatty  : uid=1000(system) Binder:4667_C expire 4 lines
11-16 16:54:50.359  4297  5325 I PG_DBS_CPU: parseCpuInfo, abnormal cpu time, time: 15004160, uid: 1000, name: system_server, strTime: 1500416
11-16 16:54:50.359  4297  5325 I PG_DBS_MAIN: calcSharedUidCpuList, abnormal cpu time, time: 15004160, uid: 1000, name: system_server
11-16 16:54:50.475    54    54 W migration/7: type=1400 audit(0.0:83060): avc: granted { setsched } for pid=54 scontext=u:r:kernel:s0 tcontext=u:r:kernel:s0 tclass=process
11-16 16:54:50.475    48    48 W migration/6: type=1400 audit(0.0:83061): avc: granted { setsched } for pid=48 scontext=u:r:kernel:s0 tcontext=u:r:kernel:s0 tclass=process
11-16 16:54:50.499 16593 16593 I wpa_supplicant: TDLS: Discard message - TDLS disabled or unsupported by driver
11-16 16:54:50.505  4667  6060 I chatty  : uid=1000(system) LteRecoveryEngi expire 10 lines
11-16 16:54:50.789 30929 30929 D HiTraceC: entered HiTraceInit, Log Registered: 1
11-16 16:54:50.792  2010  2747 I ActivityManager: Force stopping io.appium.uiautomator2.server.test appid=10234 user=0: from pid 30929by app
11-16 16:54:50.793  2010  2747 I ActivityManager: Start to clean activity stack when force stop the app io.appium.uiautomator2.server.test , reason:from pid 30929by app
11-16 16:54:50.794  2010  2623 V ActivityTaskManager: Activity idle: null
11-16 16:54:50.798  2010  2010 I AlarmManager: UninstallReceiver onReceive action:android.intent.action.PACKAGE_RESTARTED
11-16 16:54:50.802  2010  2010 I chatty  : uid=1000(system) Binder:2010_F expire 32 lines
11-16 16:54:50.804  1021 20771 I bastetd : [IBastetService ] onTransact# BnBastetService::onTransact, code=29, flags=17
11-16 16:54:50.808  4667  4667 I HwCoreAppHelperService: LocalReceiver receives:android.intent.action.PACKAGE_RESTARTED,pkg:io.appium.uiautomator2.server.test,uid:10234
11-16 16:54:50.808  2010  3903 I HwAudioServiceEx: HwAudioHandlerEx receive unknown msg
11-16 16:54:50.809  4760  4760 D CarrierSvcBindHelper: No carrier app for: 0
11-16 16:54:50.809  4760  4760 D CarrierSvcBindHelper: No carrier app for: 1
11-16 16:54:50.811  6355  6355 E NfcNci  : NfcUtils error: APP do not have nfc permission
11-16 16:54:50.812  6355  6355 E NfcNci  : NfcUtils error: APP do not have nfc permission
11-16 16:54:50.848 14767 14767 E adbd    : failed to connect to socket 'tcp:6790': Connection refused
11-16 16:54:50.931  2010  3879 I chatty  : uid=1000(system) WifiService expire 56 lines
11-16 16:54:51.007    48    48 W migration/6: type=1400 audit(0.0:83062): avc: granted { setsched } for pid=48 scontext=u:r:kernel:s0 tcontext=u:r:kernel:s0 tclass=process
11-16 16:54:51.020 30932 30932 D skia    : HME hme_jpeg_dec version=JPEG_DEC_16.12.1, releasetime=12:06:23 May 10 2021
11-16 16:54:51.020 30932 30932 D skia    : HME SkHmeDecFunction1 constructor ok
11-16 16:54:51.020 30932 30932 D HiTraceC: entered HiTraceInit, Log Registered: 1
11-16 16:54:51.021 30932 30932 D AndroidRuntime: >>>>>> START com.android.internal.os.RuntimeInit uid 2000 <<<<<<
11-16 16:54:51.024 30932 30932 W app_process: [MemLeak.JavaTrack]: failed to dlopen libmemleak_tracker.so
11-16 16:54:51.025 30932 30932 E libc    : Access denied finding property "persist.device_config.runtime_native_boot.enable_apex_image"
11-16 16:54:51.025 30932 30932 I AndroidRuntime: Using default boot image
11-16 16:54:51.025 30932 30932 E libc    : Access denied finding property "persist.device_config.runtime_native_boot.disable_lock_profiling"
11-16 16:54:51.025 30932 30932 I AndroidRuntime: Leaving lock profiling enabled
11-16 16:54:51.025 30932 30932 E libc    : Access denied finding property "persist.device_config.runtime_native_boot.enable_generational_cc"
11-16 16:54:51.027 30932 30932 I         : HwCustType is 0
11-16 16:54:51.027 30932 30932 E         : open file error
11-16 16:54:51.027 30932 30932 I         : no cota live update cust policy found
11-16 16:54:51.027 30932 30932 I         : GetCfgDirRealPolicyValue: custPolicyDirs: /system/emui/base:/system/emui/china:/vendor/etc:/odm/cust/all/cn:/odm/etc:/odm/hw_odm/LIO-AN00:/hw_product/etc:/hw_product/region_comm/china:/preas/china:/hw_product/hw_oem/LIO-AN00:/preload/LIO-AN00/all/cn:/cust/global:/cust/hw/cn:/version/cust/all/cn:/hw_product/special_cust/LIO-AN00/all/cn:/version/special_cust/LIO-AN00/all/cn:/cust/cotalite:/cust/ecota
11-16 16:54:51.078 30932 30932 W app_process: DexFile /hw_product/etc/jar/Mdm/hw_mdm_framework.jar is in boot class path but is not in a known location
11-16 16:54:51.103 30932 30932 D ICU     : Time zone APEX file found: /apex/com.android.tzdata/etc/icu/icu_tzdata.dat
11-16 16:54:51.111 30932 30932 I app_process: The ClassLoaderContext is a special shared library.
11-16 16:54:51.111 30932 30932 I app_process: Reinit property: dalvik.vm.checkjni= false
11-16 16:54:51.111 30932 30932 I app_process: ReInitProperties: persist.vm.debug.dumpapi= false
11-16 16:54:51.111 30932 30932 W app_process: Qarth read proc_cmdline fail.
11-16 16:54:51.111 30932 30932 I app_process: Qarth function Enabled: 1
11-16 16:54:51.112 30932 30932 I HwPartBasicPlatformFactory: add android.common.HwPartBasicPlatformFactoryImpl to memory.
11-16 16:54:51.116 30932 30932 I HWSERVICES: hwnative_get_component_register:libdrmbitmap,JNI
11-16 16:54:51.119 30932 30932 V HwFrameworkFactory: successes to get AllImpl object and return....
11-16 16:54:51.119 30932 30932 E Zygote  : register_com_android_internal_os_Zygote num = 0
11-16 16:54:51.120 30932 30932 I         : power log dlsym ok
11-16 16:54:51.121 30932 30932 E libc    : Access denied finding property "ro.config.vol_steps"
11-16 16:54:51.121 30932 30932 W app_process: JNI RegisterNativeMethods: attempt to register 0 native methods for android.media.AudioAttributes
11-16 16:54:51.125 30932 30932 D AndroidRuntime: Calling main entry com.android.commands.am.Am
11-16 16:54:51.128 30932 30932 E libc    : Access denied finding property "persist.mygote.disable"
11-16 16:54:50.857  2010  3903 I chatty  : uid=1000(system) Thread-6 identical 2 lines
11-16 16:54:50.860  2010  3903 I HwAudioServiceEx: HwAudioHandlerEx receive unknown msg
11-16 16:54:51.130  2010  2747 I ActivityManager: Force stopping io.appium.uiautomator2.server appid=10233 user=0: start instr
11-16 16:54:51.131  2010  2747 I ActivityManager: Start to clean activity stack when force stop the app io.appium.uiautomator2.server , reason:start instr
11-16 16:54:51.131  2010  2623 V ActivityTaskManager: Activity idle: null
11-16 16:54:51.131  2010  2747 I BigFontUtils: adjustAppProcessConfiguration appInfo:io.appium.uiautomator2.server
11-16 16:54:51.139   765  8801 I chatty  : uid=1041(audioserver) Binder:765_B expire 4 lines
11-16 16:54:51.152  4599  7149 I HwNaturalBase: [Timer-2]: MultiUserManagerService:  getNotActiveUser start
11-16 16:54:51.159  4667  4954 E BoosterUtil: convertSubIdToSlotId failed, subId:0, slotId:-1
11-16 16:54:51.159  4667  4954 E BoosterUtil: getDefaultDataSlotId failed, invalid slotId:-1, subId:0
11-16 16:54:51.159  4667  4954 I chatty  : uid=1000(system) OllieAwareThrea expire 12 lines
11-16 16:54:51.162   682   682 D Zygote  : Forked child process 30955
11-16 16:54:51.168  2010  2641 I ActivityManager: Start proc 30955:io.appium.uiautomator2.server/u0a233 for added application io.appium.uiautomator2.server
11-16 16:54:51.168 30955 30955 I chatty  : uid=10233(io.appium.uiautomator2.server) expire 22 lines
11-16 16:54:51.227 30955 30955 D ActivityThread: Attach thread to application
11-16 16:54:51.241 30955 30974 I ActivityThread: Init compatible state: true
11-16 16:54:51.241 30955 30974 I chatty  : uid=10233(io.appium.uiautomator2.server) expire 10 lines
11-16 16:54:51.282   681 15256 I netd    : trafficSwapActiveStatsMap() <0.30ms>
11-16 16:54:51.355    48    48 W migration/6: type=1400 audit(0.0:83071): avc: granted { setsched } for pid=48 scontext=u:r:kernel:s0 tcontext=u:r:kernel:s0 tclass=process
11-16 16:54:51.602  2010  6453 D HwConnectivityServiceEx: set 10231 wlan0 value false
11-16 16:54:51.647    48    48 W migration/6: type=1400 audit(0.0:83072): avc: granted { setsched } for pid=48 scontext=u:r:kernel:s0 tcontext=u:r:kernel:s0 tclass=process
11-16 16:54:51.647    54    54 W migration/7: type=1400 audit(0.0:83073): avc: granted { setsched } for pid=54 scontext=u:r:kernel:s0 tcontext=u:r:kernel:s0 tclass=process
11-16 16:54:51.654 30955 30977 I chatty  : uid=10233(io.appium.uiautomator2.server) expire 1 line
11-16 16:54:51.658 30955 30955 I ActivityThread: finishPreloaded preloadStatus 0
11-16 16:54:51.678 30955 30978 I chatty  : uid=10233(io.appium.uiautomator2.server) roidJUnitRunner expire 13 lines
11-16 16:54:51.694  1047  1047 E Thermal-daemon:hw_thermal: [battery] tempNew :35  tempOld :34
11-16 16:54:51.695  1047  1047 E Thermal-daemon:hw_thermal: Report temperature: [battery] temp :35  reportThreshold:1
11-16 16:54:51.755    54    54 W migration/7: type=1400 audit(0.0:83074): avc: granted { setsched } for pid=54 scontext=u:r:kernel:s0 tcontext=u:r:kernel:s0 tclass=process
11-16 16:54:51.755    48    48 W migration/6: type=1400 audit(0.0:83075): avc: granted { setsched } for pid=48 scontext=u:r:kernel:s0 tcontext=u:r:kernel:s0 tclass=process
11-16 16:54:51.874 14767 14767 E adbd    : failed to connect to socket 'tcp:6790': Connection refused
11-16 16:54:52.020 29571 30783 D BufferPoolAccessor: bufferpool2 0x7e4e499220 : 6(49152 size) total buffers - 5(40960 size) used buffers - 1/7 (recycle/alloc) - 6/3028 (fetch/transfer)
11-16 16:54:52.024  1056 30784 D BufferPoolAccessor: bufferpool2 0x704e666620 : 6(24576 size) total buffers - 1(4096 size) used buffers - 3018/3024 (recycle/alloc) - 6/3023 (fetch/transfer)
11-16 16:54:52.184  4667  4954 E BoosterUtil: convertSubIdToSlotId failed, subId:0, slotId:-1
11-16 16:54:52.184  4667  4954 E BoosterUtil: getDefaultDataSlotId failed, invalid slotId:-1, subId:0
11-16 16:54:52.426  2010  3880 I chatty  : uid=1000(system) ClientModeImpl expire 14 lines
11-16 16:54:52.434  2010 11971 D HwConnectivityServiceEx: set 1000 wlan0 value false
11-16 16:54:52.897  2010  6453 I WindowManager: addWindowToken: displayid:0 binder:android.os.Binder@13234d5 token:WindowToken{fdac37 android.os.Binder@13234d5}
11-16 16:54:52.897 14767 14767 E adbd    : failed to connect to socket 'tcp:6790': Connection refused
11-16 16:54:52.902  2010  6453 I [SPMN]  : insert SECURE -- name = accessibility_enabled, package = android, user = 0, value = 1
11-16 16:54:52.919 30955 30981 I chatty  : uid=10233(io.appium.uiautomator2.server) Thread-2 expire 1 line
11-16 16:54:52.912  2010  6453 I [SPMN]  : insert SECURE -- name = accessibility_enabled, package = android, user = 0, value = 1
11-16 16:54:52.953  2010  2653 I PowerManagerService: handleSandman: wakefulness: 1,startDreaming: false
