06-19 15:42:22.795  1174 13998 D PAL: ResourceManager: handleConcurrentStreamSwitch: 4366: load/start stream type 23 (PAL_STREAM_ACD)
06-19 15:42:22.795  1174 13998 D PAL: ResourceManager: HandleDetectionStreamAction: 4156: Enter
06-19 15:42:22.795  1174 13998 D PAL: ResourceManager: isStreamActive: 2863: Enter.
06-19 15:42:22.795  1174 13998 D PAL: ResourceManager: isStreamActive: 2870: Exit, ret 1
06-19 15:42:22.795  1174 13998 D PAL: ResourceManager: HandleDetectionStreamAction: 4214: Exit, status 0
06-19 15:42:22.795  1174 13998 D PAL: ResourceManager: handleConcurrentStreamSwitch: 4366: load/start stream type 25 (PAL_STREAM_SENSOR_PCM_DATA)
06-19 15:42:22.795  1174 13998 D PAL: ResourceManager: HandleDetectionStreamAction: 4156: Enter
06-19 15:42:22.795  1174 13998 D PAL: ResourceManager: isStreamActive: 2863: Enter.
06-19 15:42:22.795  1174 13998 D PAL: ResourceManager: isStreamActive: 2870: Exit, ret 1
06-19 15:42:22.795  1174 13998 D PAL: ResourceManager: HandleDetectionStreamAction: 4214: Exit, status 0
06-19 15:42:22.795  1174 13998 D PAL: ResourceManager: HandleConcurrencyForSoundTriggerStreams: 4484: Exit
06-19 15:42:22.795  1174 13998 I PAL: API: pal_stream_open: 194: Exit. Value of stream_handle 0xb400007152c20f00K, status 0
06-19 15:42:22.795  1174 13998 D AHAL: AudioStream: Open: 2676: (0:ret)
06-19 15:42:22.795  1174 13998 D AHAL: AudioStream: GetBufferSize: 2496: type 2
06-19 15:42:22.795  1174 13998 D AHAL: AudioStream: Open: 2794: fragment_size_ 11520 fragments_ 2
06-19 15:42:22.795  1174 13998 D PAL: API: pal_stream_set_buffer_size: 604: Enter. Stream handle :0xb400007152c20f00K
06-19 15:42:22.795  1174 13998 D PAL: Stream: setBufInfo: 616: Out Buffer size 11520 and Out Buffer count 2 metaData sz 0
06-19 15:42:22.795  1174 13998 D PAL: Stream: setBufInfo: 630: no of buf 2 and send buf 11520
06-19 15:42:22.795  1174 13998 D PAL: API: pal_stream_set_buffer_size: 612: Exit. status 0
06-19 15:42:22.795  1174 13998 D AHAL: AudioStream: Open: 2824: Exit ret: 0
06-19 15:42:22.795  1174 13998 D AHAL: AudioStream: ~AutoPerfLock: 151: (release) perf_lock_handle: 0x67817, count: 1
06-19 15:42:22.795  1174 13998 D AHAL: AudioStream: ~AutoPerfLock: 155: Releasing perf_lock_handle: 0x67817
06-19 15:42:22.796  1174 13998 D AHAL: AudioStream: AutoPerfLock: 141: (Acquired) perf_lock_handle: 0x67818, count: 1
06-19 15:42:22.796  1174 13998 I PAL: API: pal_stream_start: 256: Enter. Stream handle 0xb400007152c20f00K
06-19 15:42:22.796  1174 13998 D PAL: StreamPCM: start: 361: Enter. session handle - 0xb400007152d0e800K mStreamAttr->direction - 1 state 1 (STREAM_INIT)
06-19 15:42:22.796  1174 13998 E PAL: StreamPCM: start: 389: Rx device id is 3 (PAL_DEVICE_OUT_SPEAKER)
06-19 15:42:22.796  1174 13998 D PAL: SpeakerProtection: start: 2212: Enter
06-19 15:42:22.796  1174 13998 D PAL: SpeakerProtection: spkrProtProcessingMode: 1354: Flag 1
06-19 15:42:22.796  1174 13998 D PAL: SpeakerProtection: spkrProtProcessingMode: 1382: Custom payload size 0, Payload 0x0
06-19 15:42:22.796  1174 13998 D PAL: SpeakerProtection: spkrProtSetSpkrStatus: 154: Enter
06-19 15:42:22.796  1174 13998 D PAL: SpeakerProtection: spkrProtSetSpkrStatus: 164: Exit
06-19 15:42:22.796  1174 13998 D PAL: ResourceManager: getAudioRoute: 3400: ar 0x7133e5cdc8K audio_route 0xb400007154955b10K
06-19 15:42:22.796  1174 13998 D PAL: SpeakerProtection: spkrProtProcessingMode: 1461: get the audio route vi-feedback
06-19 15:42:22.796  1174 13998 D PAL: PayloadBuilder: getDeviceKV: 2007: Enter: device ID: 38 (PAL_DEVICE_IN_VI_FEEDBACK)
06-19 15:42:22.796  1174 13998 D PAL: PayloadBuilder: retrieveKVs: 2338: Enter
06-19 15:42:22.796  1174 13998 D PAL: PayloadBuilder: isIdTypeAvailable: 2533: idtype :38 passed type :38
06-19 15:42:22.796  1174 13998 I PAL: PayloadBuilder: findKVs: 2319: key: 0xa3000000 value: 0xa3000009
06-19 15:42:22.796  1174 13998 D PAL: PayloadBuilder: retrieveKVs: 2342: KVs found for the stream type/dev id: 38
06-19 15:42:22.796  1174 13998 D PAL: PayloadBuilder: retrieveKVs: 2368: Exit, status 0
06-19 15:42:22.796  1174 13998 D PAL: ResourceManager: getVirtualAudioMixer: 3411: ar 0x7133e5cae8K audio_virt_mixer 0xb40000715497f1c0K
06-19 15:42:22.796  1174 13998 D PAL: SessionAlsaUtils: getBeMixerControl: 319: mixer control MI2S-LPAIF-TX-PRIMARY rate ch fmt
06-19 15:42:22.796  1174 13998 I PAL: SessionAlsaUtils: setDeviceMediaConfig: 950: MI2S-LPAIF-TX-PRIMARY rate ch fmt data_fmt 48000 1 10 1
06-19 15:42:22.796  1174 13998 I PAL: ResourceManager: allocateFrontEndIds: 5679: allocateFrontEndIds: front end 121
06-19 15:42:22.796  5858  6474 I a       : uid:10494 change to active
06-19 15:42:22.797  1174 13998 D agm_client_wrapper: agm_session_open called with handle = 33e5c5d0 , *handle = 0
06-19 15:42:22.797  1265  2358 I vendor.qti.hardware.display.composer-service: FrameNotifyProcess Sensor: notify citsensorservice to trigger cwb
06-19 15:42:22.798  2018  2111 I libcitsensorservice@2.0-impl: msg_transfer
06-19 15:42:22.798  2018  3098 D vendor.xiaomi.sensor.citsensorservice@2.0-service: handle id:9 wxh:1280x2400 uwxuh:1080x2400 size: 9216000 fd:15 fd_meta:16 flags:0x4000228 usage:0x33  format:0x3 layer_count: 1
06-19 15:42:22.798  1265  1887 I SDM     : HWCSession::SetCWBOutputBuffer: CWB config passed by cwb_client : tappoint 1  CWB_ROI : (829.000000 4.000000 915.000000 90.000000)
06-19 15:42:22.800  1265 28846 I SDM     : HWCSession::ProcessRequests: Successfully configured CWB buffer.
06-19 15:42:22.800  1258  2170 D AGM: graph: graph_open: 543 entry
06-19 15:42:22.800  1258  2170 D AGM: metadata: metadata_print: 78 *************************Metadata*************************
06-19 15:42:22.800  1258  2170 D AGM: metadata: metadata_print: 79 GKV size:1
06-19 15:42:22.800  1258  2170 D AGM: metadata: metadata_print: 82 key:0xa3000000, value:0xa3000009
06-19 15:42:22.800  1258  2170 D kv_xml_parser: metadata_print:    key[DeviceTX] value[VI_TX]
06-19 15:42:22.800  1258  2170 D AGM: metadata: metadata_print: 87
06-19 15:42:22.800  1258  2170 D AGM: metadata: CKV count:1
06-19 15:42:22.800  1258  2170 D AGM: metadata: metadata_print: 90 key:0xbf000000, value:0x0
06-19 15:42:22.800  1258  2170 D kv_xml_parser: metadata_print:    key[SP_VI_Map] value[RightSpeaker]
06-19 15:42:22.800  1258  2170 D AGM: metadata: metadata_print: 93
06-19 15:42:22.800  1258  2170 D AGM: metadata: metadata_print: 95 Property ID:134217744 (0x00000010)
06-19 15:42:22.800  1258  2170 D AGM: metadata: metadata_print: 96 property count:1
06-19 15:42:22.800  1258  2170 D AGM: metadata: metadata_print: 99 Property Values:
06-19 15:42:22.800  1258  2170 D AGM: metadata: metadata_print: 101 0x2
06-19 15:42:22.800  1258  2170 D AGM: metadata: metadata_print: 103
06-19 15:42:22.800  1258  2170 D AGM: metadata: metadata_print: 104 ****************Metadata Done***************************
06-19 15:42:22.800  1258  2170 D AGM: metadata:
06-19 15:42:22.800  1258  2170 E ACDB    : AcdbCmdGetGraphAlias:4153 Error[19]: Graph Alias chunk data does not exist. Is it enabled?.
06-19 15:42:22.800  1258  2170 E gsl     : gsl_get_graph_alias:2182 acdb get graph alias failed 19, len 255
06-19 15:42:22.800  1258  2170 D AGM: graph: print_graph_alias: 2201 gsl_get_graph_alias failed: ret = 19
06-19 15:42:22.800  1258  2170 D AGM: graph: graph_open: 660 miid 42d5 mid 700100b tag c0000005
06-19 15:42:22.800  1258  2170 D kv_xml_parser: graph_open:                        tag device_hw_ep_tx
06-19 15:42:22.800  1258  2170 I GPR:    : __gpr_cmd_register_v2:902 GPR Register: Source Port is 8208 heap_index: 0
06-19 15:42:22.800  1258  2170 I gsl     : gsl_graph_open_sgids_and_connections:2717 num_sgid= 1
06-19 15:42:22.800  1258  2170 I gsl     : gsl_graph_open_sgids_and_connections:2718 sg list:
06-19 15:42:22.800  1258  2170 I gsl     : gsl_graph_open_sgids_and_connections:2720 b00000d5
06-19 15:42:22.800  1258  2170 I gsl     : gsl_send_spf_cmd:156 sending pkt with token 0xd53
06-19 15:42:22.801  1258  2170 I gsl     : gsl_send_spf_cmd:183 rcvd pkt token : 0xd53
06-19 15:42:22.801  1258  2170 I gsl     : gsl_send_spf_cmd:156 sending pkt with token 0xd54
06-19 15:42:22.802  1258  2170 I gsl     : gsl_send_spf_cmd:183 rcvd pkt token : 0xd54
06-19 15:42:22.802  1258  2170 E ACDB    : AcdbCmdGetProcSubgraphCalDataPersist:8408 Error[19]: No calibration found
06-19 15:42:22.802  1258  2170 D AGM: graph: graph_open: 693 graph_handle 0x47534c
06-19 15:42:22.802  1258  2170 D AGM: graph: graph_open: 728 exit, ret 0
06-19 15:42:22.802  1174 13998 D agm_client_wrapper: agm_session_open Received handle = 0x7133e5c5d0 , *handle = b40000752145b100
06-19 15:42:22.802  1174 13998 D PLUGIN: pcm: agm_pcm_hw_params: 461 agm_pcm_hw_params: mode: 268435456
06-19 15:42:22.802  1174 13998 D audio_route: Apply path: vi-feedback
06-19 15:42:22.802  1174 13998 E audio_route: Path: vi-feedback, length: 0
06-19 15:42:22.802  1174 13998 D PAL: SpeakerProtection: spkrProtProcessingMode: 2043: pcm start for TX
06-19 15:42:22.802  1258 21645 D AGM: graph: graph_prepare: 789 entry graph_handle 0x47534c
06-19 15:42:22.802  1258 21645 D AGM: graph_module: configure_hw_ep_media_config: 630 entry mod tag c0000005 miid 42d5 mid 700100b
06-19 15:42:22.803  1258 21645 D AGM: graph_module: configure_hw_ep_media_config: 665 rate 48000 bw 32 ch 1, data_fmt 1
06-19 15:42:22.803  1258 21645 I gsl     : gsl_send_spf_cmd:156 sending pkt with token 0xd55
06-19 15:42:22.803  1258 21645 I gsl     : gsl_send_spf_cmd:183 rcvd pkt token : 0xd55
06-19 15:42:22.803  1258 21645 D AGM: graph_module: configure_hw_ep_media_config: 675 exit, ret 0
06-19 15:42:22.803  1258 21645 I gsl     : gsl_send_spf_cmd:156 sending pkt with token 0xd56
06-19 15:42:22.803  1258 21645 I gsl     : gsl_send_spf_cmd:183 rcvd pkt token : 0xd56
06-19 15:42:22.803  1258 21645 D AGM: graph_module: configure_i2s_ep: 351 exit, ret 0
06-19 15:42:22.803  1258 21645 I gsl     : gsl_send_spf_cmd:156 sending pkt with token 0xd57
06-19 15:42:22.804  1258 21645 I gsl     : gsl_send_spf_cmd:183 rcvd pkt token : 0xd57
06-19 15:42:22.804  1258 21645 D AGM: graph: graph_prepare: 867 exit, ret 0
06-19 15:42:22.804  1258  1258 D AGM: graph: graph_start: 881 entry graph_handle 0x47534c
06-19 15:42:22.804  1258  1258 I gsl     : gsl_send_spf_cmd:156 sending pkt with token 0xd58
06-19 15:42:22.805  1258  1258 I gsl     : gsl_send_spf_cmd:183 rcvd pkt token : 0xd58
06-19 15:42:22.805  1258  1258 D AGM: graph: graph_start: 893 exit, ret 0
06-19 15:42:22.806  1174 13998 D PAL: SpeakerProtection: start: 2229: Calling Device start
06-19 15:42:22.806  1174 13998 D PAL: Device: start_l: 483: Enter. deviceCount 1 deviceStartStopCount 0 for device id 3 (PAL_DEVICE_OUT_SPEAKER)
06-19 15:42:22.806  1174 13998 D PAL: ResourceManager: getVirtualAudioMixer: 3411: ar 0x7133e5d6b8K audio_virt_mixer 0xb40000715497f1c0K
06-19 15:42:22.806  1174 13998 D PAL: SessionAlsaUtils: getBeMixerControl: 319: mixer control MI2S-LPAIF-RX-PRIMARY rate ch fmt
06-19 15:42:22.806  1174 13998 I PAL: SessionAlsaUtils: setDeviceMediaConfig: 950: MI2S-LPAIF-RX-PRIMARY rate ch fmt data_fmt 48000 1 10 1
06-19 15:42:22.806  1174 13998 D PAL: Device: start_l: 504: Exit, status 0
06-19 15:42:22.806  1174 13998 D PAL: SessionAlsaPcm: start: 764: Enter
06-19 15:42:22.806  1174 13998 D PAL: Stream: getStreamType: 400: streamType - 2 (PAL_STREAM_DEEP_BUFFER)
06-19 15:42:22.806  1174 13998 I PAL: ResourceManager: voteSleepMonitor: 1430: Enter for stream type 2
06-19 15:42:22.806  1174 13998 I PAL: ResourceManager: voteSleepMonitor: 1482: Voting done for nlpi use case, lpi votes 0, nlpi votes : 1
06-19 15:42:22.806  1174 13998 D PAL: Stream: getBufInfo: 724: In Buffer size 960, In Buffer count 4
06-19 15:42:22.806  1174 13998 D PAL: Stream: getBufInfo: 728: Out Buffer size 11520 and Out Buffer count 2
06-19 15:42:22.806  1174 13998 D agm_client_wrapper: agm_session_open called with handle = 33e5cdc0 , *handle = 0
06-19 15:42:22.807  1258  2172 D AGM: graph: graph_open: 543 entry
06-19 15:42:22.807  1258  2172 D AGM: metadata: metadata_print: 78 *************************Metadata*************************
06-19 15:42:22.807  1258  2172 D AGM: metadata: metadata_print: 79 GKV size:4
06-19 15:42:22.807  1258  2172 D AGM: metadata: metadata_print: 82 key:0xa1000000, value:0xa1000001
06-19 15:42:22.807  1258  2172 D kv_xml_parser: metadata_print:    key[StreamRX] value[PCM_Deep_Buffer]
06-19 15:42:22.807  1258  2172 D AGM: metadata: metadata_print: 82 key:0xab000000, value:0x1
06-19 15:42:22.807  1258  2172 D kv_xml_parser: metadata_print:    key[Instance] value[Instance_1]
06-19 15:42:22.807  1258  2172 D AGM: metadata: metadata_print: 82 key:0xa2000000, value:0xa2000001
06-19 15:42:22.807  1258  2172 D kv_xml_parser: metadata_print:    key[DeviceRX] value[Speaker]
06-19 15:42:22.807  1258  2172 D AGM: metadata: metadata_print: 82 key:0xac000000, value:0xac000002
06-19 15:42:22.807  1258  2172 D kv_xml_parser: metadata_print:    key[DevicePP_Rx] value[Audio_MBDRC]
06-19 15:42:22.807  1258  2172 D AGM: metadata: metadata_print: 87
06-19 15:42:22.807  1258  2172 D AGM: metadata: CKV count:3
06-19 15:42:22.807  1258  2172 D AGM: metadata: metadata_print: 90 key:0xa4000000, value:0xf
06-19 15:42:22.807  1258  2172 D kv_xml_parser: metadata_print:    key[Volume] value[Level_15]
06-19 15:42:22.807  1258  2172 D AGM: metadata: metadata_print: 90 key:0xd2000000, value:0x0
06-19 15:42:22.807  1258  2172 D AGM: metadata: metadata_print: 90 key:0xbe000000, value:0x1
06-19 15:42:22.807  1258  2172 D kv_xml_parser: metadata_print:    key[SP_Dev_Map] value[Right_Mono]
06-19 15:42:22.807  1258  2172 D AGM: metadata: metadata_print: 93
06-19 15:42:22.807  1258  2172 D AGM: metadata: metadata_print: 95 Property ID:134217744 (0x00000010)
06-19 15:42:22.807  1258  2172 D AGM: metadata: metadata_print: 96 property count:4
06-19 15:42:22.807  1258  2172 D AGM: metadata: metadata_print: 99 Property Values:
06-19 15:42:22.807  1258  2172 D AGM: metadata: metadata_print: 101 0x1
06-19 15:42:22.807  1258  2172 D AGM: metadata: metadata_print: 101 0x3
06-19 15:42:22.807  1258  2172 D AGM: metadata: metadata_print: 101 0x2
06-19 15:42:22.807  1258  2172 D AGM: metadata: metadata_print: 101 0x5
06-19 15:42:22.807  1258  2172 D AGM: metadata: metadata_print: 103
06-19 15:42:22.807  1258  2172 D AGM: metadata: metadata_print: 104 ****************Metadata Done***************************
06-19 15:42:22.807  1258  2172 D AGM: metadata:
06-19 15:42:22.807  1258  2172 E ACDB    : AcdbCmdGetGraphAlias:4153 Error[19]: Graph Alias chunk data does not exist. Is it enabled?.
06-19 15:42:22.807  1258  2172 E gsl     : gsl_get_graph_alias:2182 acdb get graph alias failed 19, len 255
06-19 15:42:22.807  1258  2172 D AGM: graph: print_graph_alias: 2201 gsl_get_graph_alias failed: ret = 19
06-19 15:42:22.807  1258  2172 D AGM: graph: graph_open: 616 miid 4001 mid 7001000 tag c0000002
06-19 15:42:22.807  1258  2172 D kv_xml_parser: graph_open:                        tag stream_input_media_format
06-19 15:42:22.807  1258  2172 D AGM: graph: graph_open: 660 miid 42d7 mid 700100a tag c0000004
06-19 15:42:22.807  1258  2172 D kv_xml_parser: graph_open:                        tag device_hw_ep_rx
06-19 15:42:22.807  1258  2172 D AGM: graph: graph_open: 616 miid 4019 mid 7001019 tag c0000006
06-19 15:42:22.807  1258  2172 D kv_xml_parser: graph_open:                        tag stream_pause
06-19 15:42:22.807  1258  2172 D AGM: graph: graph_open: 616 miid 4003 mid 7001005 tag c000000e
06-19 15:42:22.807  1258  2172 D kv_xml_parser: graph_open:                        tag stream_pcm_decoder
06-19 15:42:22.807  1258  2172 D AGM: graph: graph_open: 616 miid 4004 mid 7001003 tag c0000010
06-19 15:42:22.807  1258  2172 D kv_xml_parser: graph_open:                        tag stream_pcm_converter
06-19 15:42:22.807  1258  2172 D AGM: graph: graph_open: 616 miid 4163 mid 7001032 tag c0000013
06-19 15:42:22.807  1258  2172 D kv_xml_parser: graph_open:                        tag stream_spr
06-19 15:42:22.807  1258  2172 I GPR:    : __gpr_cmd_register_v2:902 GPR Register: Source Port is 8209 heap_index: 0
06-19 15:42:22.808  1258  2172 I gsl     : gsl_graph_open_sgids_and_connections:2717 num_sgid= 4
06-19 15:42:22.808  1258  2172 I gsl     : gsl_graph_open_sgids_and_connections:2718 sg list:
06-19 15:42:22.808  1258  2172 I gsl     : gsl_graph_open_sgids_and_connections:2720 b0000002
06-19 15:42:22.808  1258  2172 I gsl     : gsl_graph_open_sgids_and_connections:2720 b0000008
06-19 15:42:22.808  1258  2172 I gsl     : gsl_graph_open_sgids_and_connections:2720 b000001c
06-19 15:42:22.808  1258  2172 I gsl     : gsl_graph_open_sgids_and_connections:2720 b0000001
06-19 15:42:22.808  1258  2172 I gsl     : gsl_print_sg_conn_info:187 num_sg_conn = 3
06-19 15:42:22.808  1258  2172 I gsl     : gsl_print_sg_conn_info:189 sg b0000008 has 1 children:
06-19 15:42:22.808  1258  2172 I gsl     : gsl_print_sg_conn_info:192 b0000002,
06-19 15:42:22.808  1258  2172 I gsl     : gsl_print_sg_conn_info:189 sg b000001c has 1 children:
06-19 15:42:22.808  1258  2172 I gsl     : gsl_print_sg_conn_info:192 b0000008,
06-19 15:42:22.808  1258  2172 I gsl     : gsl_print_sg_conn_info:189 sg b0000001 has 1 children:
06-19 15:42:22.808  1258  2172 I gsl     : gsl_print_sg_conn_info:192 b000001c,
06-19 15:42:22.808  1258  2172 I gsl     : gsl_send_spf_cmd:156 sending pkt with token 0xd59
06-19 15:42:22.808  1265 28846 I SDM     : HWCSession::ProcessRequests: Pushing release fence in fenece wait queue.
06-19 15:42:22.808  1265 28846 I SDM     : HWCSession::ProcessRequests: Creating AsyncFenceWaits async thread.
06-19 15:42:22.808  1265 28846 I SDM     : HWCSession::ProcessRequests: Remove current CWB request from the pending request queue.
06-19 15:42:22.809  1265 28846 I SDM     : HWCSession::ProcessRequests: No pending cwb requests found in the queue.
06-19 15:42:22.811  1258  2172 I gsl     : gsl_send_spf_cmd:183 rcvd pkt token : 0xd59
06-19 15:42:22.812  1258  2172 I gsl     : gsl_send_spf_cmd:156 sending pkt with token 0xd5a
06-19 15:42:22.812  1258  2172 I gsl     : gsl_send_spf_cmd:183 rcvd pkt token : 0xd5a
06-19 15:42:22.812  1258  2172 I gsl     : gsl_send_spf_cmd:156 sending pkt with token 0xd5b
06-19 15:42:22.814  1258  2172 I gsl     : gsl_send_spf_cmd:183 rcvd pkt token : 0xd5b
06-19 15:42:22.814  1258  2172 I gsl     : gsl_send_spf_cmd:156 sending pkt with token 0xd5c
06-19 15:42:22.814  1258  2172 I gsl     : gsl_send_spf_cmd:183 rcvd pkt token : 0xd5c
06-19 15:42:22.814  1258  2172 E ACDB    : AcdbCmdGetProcSubgraphCalDataPersist:8408 Error[19]: No calibration found
06-19 15:42:22.814  1258  2172 E ACDB    : AcdbCmdGetProcSubgraphCalDataPersist:8408 Error[19]: No calibration found
06-19 15:42:22.814  1258  2172 E ACDB    : AcdbCmdGetProcSubgraphCalDataPersist:8408 Error[19]: No calibration found
06-19 15:42:22.814  1258  2172 E ACDB    : AcdbCmdGetProcSubgraphCalDataPersist:8408 Error[19]: No calibration found
06-19 15:42:22.814  1265  1584 I SDM     : HWDeviceDRM::SetupConcurrentWriteback: Tear down the Concurrent Writeback topology
06-19 15:42:22.814  1258  2172 D AGM: graph: graph_open: 693 graph_handle 0x147534c
06-19 15:42:22.814  1258  2172 D AGM: graph: graph_open: 728 exit, ret 0
06-19 15:42:22.814  1174 13998 D agm_client_wrapper: agm_session_open Received handle = 0x7133e5cdc0 , *handle = b400007521459a80
06-19 15:42:22.815  1174 13998 D PLUGIN: pcm: agm_pcm_hw_params: 461 agm_pcm_hw_params: mode: 0
06-19 15:42:22.815  1174 13998 D PAL: Stream: getAssociatedDevices: 492: no. of devices 1
06-19 15:42:22.815  1174 13998 D PAL: ResourceManager: getDeviceNameFromID: 1185: pcm id name is PCM117
06-19 15:42:22.815  1174 13998 D PAL: ResourceManager: getDeviceNameFromID: 1185: pcm id name is PCM117
06-19 15:42:22.815  1174 13998 D PAL: SessionAlsaUtils: setStreamMetadataType: 1224: - mixer -PCM117 control-
06-19 15:42:22.815  1174 13998 E PLUGIN: mixer: amp_pcm_mtd_control_put: 1085 pcm id 117, idx 8, value 9
06-19 15:42:22.815  1174 13998 D PAL: SessionAlsaUtils: getModuleInstanceId: 1053: - mixer -PCM117 getTaggedInfo-
06-19 15:42:22.815  1174 13998 D PAL: SessionAlsaUtils: getModuleInstanceId: 1075: num of tags associated with stream 117 is 20
06-19 15:42:22.815  1174 13998 D PAL: SessionAlsaUtils: getModuleInstanceId: 1081: tag id[0] = 0xc0000001, num_modules = 0x1
06-19 15:42:22.815  1174 13998 D PAL: SessionAlsaUtils: getModuleInstanceId: 1081: tag id[1] = 0xc0000002, num_modules = 0x1
06-19 15:42:22.815  1174 13998 D PAL: SessionAlsaUtils: getModuleInstanceId: 1081: tag id[2] = 0xc0000003, num_modules = 0x2
06-19 15:42:22.815  1174 13998 D PAL: SessionAlsaUtils: getModuleInstanceId: 1081: tag id[3] = 0xc0000004, num_modules = 0x1
06-19 15:42:22.815  1174 13998 D PAL: SessionAlsaUtils: getModuleInstanceId: 1081: tag id[4] = 0xc0000006, num_modules = 0x1
06-19 15:42:22.815  1174 13998 D PAL: SessionAlsaUtils: getModuleInstanceId: 1081: tag id[5] = 0xc0000007, num_modules = 0x1
06-19 15:42:22.815  1174 13998 D PAL: SessionAlsaUtils: getModuleInstanceId: 1081: tag id[6] = 0xc000000d, num_modules = 0x1
06-19 15:42:22.815  1174 13998 D PAL: SessionAlsaUtils: getModuleInstanceId: 1081: tag id[7] = 0xc000000e, num_modules = 0x1
06-19 15:42:22.815  1174 13998 D PAL: SessionAlsaUtils: getModuleInstanceId: 1081: tag id[8] = 0xc0000010, num_modules = 0x1
06-19 15:42:22.815  1174 13998 D PAL: SessionAlsaUtils: getModuleInstanceId: 1081: tag id[9] = 0xc0000011, num_modules = 0x1
06-19 15:42:22.815  1174 13998 D PAL: SessionAlsaUtils: getModuleInstanceId: 1081: tag id[10] = 0xc0000013, num_modules = 0x1
06-19 15:42:22.815  1174 13998 D PAL: SessionAlsaUtils: getModuleInstanceId: 1081: tag id[11] = 0xc0000019, num_modules = 0x1
06-19 15:42:22.815  1174 13998 D PAL: SessionAlsaUtils: getModuleInstanceId: 1089: MIID is 0x40b6
06-19 15:42:22.815  1174 13998 D PAL: Session: configureMFC: 689: miid : 40b6 id = 117, data MI2S-LPAIF-RX-PRIMARY, dev id = 3
06-19 15:42:22.815  1174 13998 D PAL: PayloadBuilder: payloadMFCConfig: 374: header params
06-19 15:42:22.815  1174 13998 D PAL: PayloadBuilder:  IID:40b6 param_id:8001024 error_code:0 param_size:10
06-19 15:42:22.815  1174 13998 D PAL: PayloadBuilder: payloadMFCConfig: 398: sample_rate:48000 bit_width:32 num_channels:1 Miid:16566
06-19 15:42:22.815  1174 13998 D PAL: PayloadBuilder: payloadMFCConfig: 400: customPayload address 0xb400007152cf8760K and size 32
06-19 15:42:22.815  1174 13998 I PAL: Session: updateCustomPayload: 400: customPayloadSize = 32
06-19 15:42:22.815  1174 13998 D PAL: ResourceManager: getDeviceNameFromID: 1185: pcm id name is PCM117
06-19 15:42:22.815  1174 13998 D PAL: SessionAlsaUtils: setMixerParameter: 1180: - mixer -PCM117-
06-19 15:42:22.815  1174 13998 D PAL: SessionAlsaUtils: setMixerParameter: 1188: - mixer -PCM117 setParam-
06-19 15:42:22.815  1174 13998 E PLUGIN: mixer: amp_pcm_set_param_put: 1341 be idx 15, pcm idx 117, pcm_control 9
06-19 15:42:22.815  1258 20712 D AGM: graph: graph_set_config: 1087 entry graph_handle 0x147534c
06-19 15:42:22.815  1258 20712 I gsl     : gsl_send_spf_cmd:156 sending pkt with token 0xd5d
06-19 15:42:22.815  1258 20712 I gsl     : gsl_send_spf_cmd:183 rcvd pkt token : 0xd5d
06-19 15:42:22.815  1258 20712 D AGM: graph: graph_set_config: 1095 exit, graph handle 0x147534c, ret 0
06-19 15:42:22.816  1174 13998 D PAL: SessionAlsaUtils: setMixerParameter: 1197: ret = 0, cnt = 32
06-19 15:42:22.816  1174 13998 D PAL: SpeakerProtection: setParameter: 2250: Inside Speaker Protection Set parameters
06-19 15:42:22.816  1174 13998 D PAL: ResourceManager: getDeviceNameFromID: 1185: pcm id name is PCM117
06-19 15:42:22.816  1174 13998 D PAL: SpeakerProtection: setAwReValue: 2562: set re value number 0, value 7080 for PCM117
06-19 15:42:22.816  1174 13998 D PAL: ResourceManager: getDeviceNameFromID: 1185: pcm id name is PCM117
06-19 15:42:22.816  1174 13998 D PAL: SessionAlsaUtils: setMixerParameter: 1180: - mixer -PCM117-
06-19 15:42:22.816  1174 13998 D PAL: SessionAlsaUtils: setMixerParameter: 1188: - mixer -PCM117 setParam-
06-19 15:42:22.816  1174 13998 E PLUGIN: mixer: amp_pcm_set_param_put: 1341 be idx 15, pcm idx 117, pcm_control 9
06-19 15:42:22.816  1258  1258 D AGM: graph: graph_set_config: 1087 entry graph_handle 0x147534c
06-19 15:42:22.816  1258  1258 I gsl     : gsl_send_spf_cmd:156 sending pkt with token 0xd5e
06-19 15:42:22.816  1258  1258 I gsl     : gsl_send_spf_cmd:183 rcvd pkt token : 0xd5e
06-19 15:42:22.816  1258  1258 D AGM: graph: graph_set_config: 1095 exit, graph handle 0x147534c, ret 0
06-19 15:42:22.816  1174 13998 D PAL: SessionAlsaUtils: setMixerParameter: 1197: ret = 0, cnt = 48
06-19 15:42:22.816  1258 21645 D AGM: graph: graph_prepare: 789 entry graph_handle 0x147534c
06-19 15:42:22.816  1258 21645 D AGM: graph_module: configure_pcm_shared_mem_ep: 1447 entry mod tag c0000002 miid 4001 mid 7001000
06-19 15:42:22.816  1258 21645 I gsl     : gsl_send_spf_cmd:156 sending pkt with token 0xd5f
06-19 15:42:22.816  1258 21645 I gsl     : gsl_send_spf_cmd:183 rcvd pkt token : 0xd5f
06-19 15:42:22.816  1258 21645 D AGM: graph_module: configure_pcm_shared_mem_ep: 1523 exit, ret 0
06-19 15:42:22.816  1258 21645 D AGM: graph_module: configure_hw_ep_media_config: 630 entry mod tag c0000004 miid 42d7 mid 700100a
06-19 15:42:22.816  1258 21645 D AGM: graph_module: configure_hw_ep_media_config: 665 rate 48000 bw 32 ch 1, data_fmt 1
06-19 15:42:22.816  1258 21645 I gsl     : gsl_send_spf_cmd:156 sending pkt with token 0xd60
06-19 15:42:22.817  1258 21645 I gsl     : gsl_send_spf_cmd:183 rcvd pkt token : 0xd60
06-19 15:42:22.817  1258 21645 D AGM: graph_module: configure_hw_ep_media_config: 675 exit, ret 0
06-19 15:42:22.817  1258 21645 I gsl     : gsl_send_spf_cmd:156 sending pkt with token 0xd61
06-19 15:42:22.817  1258 21645 I gsl     : gsl_send_spf_cmd:183 rcvd pkt token : 0xd61
06-19 15:42:22.817  1258 21645 D AGM: graph_module: configure_i2s_ep: 351 exit, ret 0
06-19 15:42:22.817  1258 21645 D AGM: graph_module: configure_output_media_format: 758 entry mod tag c000000e miid 4003 mid 7001005
06-19 15:42:22.817  1258 21645 I gsl     : gsl_send_spf_cmd:156 sending pkt with token 0xd62
06-19 15:42:22.817  1258 21645 I gsl     : gsl_send_spf_cmd:183 rcvd pkt token : 0xd62
06-19 15:42:22.817  1258 21645 D AGM: graph_module: configure_output_media_format: 889 exit, ret 0
06-19 15:42:22.817  1258 21645 D AGM: graph_module: configure_output_media_format: 758 entry mod tag c0000010 miid 4004 mid 7001003
06-19 15:42:22.817  1258 21645 I gsl     : gsl_send_spf_cmd:156 sending pkt with token 0xd63
06-19 15:42:22.818  1258 21645 I gsl     : gsl_send_spf_cmd:183 rcvd pkt token : 0xd63
06-19 15:42:22.818  1258 21645 D AGM: graph_module: configure_output_media_format: 889 exit, ret 0
06-19 15:42:22.818  1258 21645 D AGM: graph_module: configure_spr: 1638 SPR module IID 4163
06-19 15:42:22.818  1258 21645 D AGM: graph_module: configure_spr: 1661 HW EP module IID 42d7
06-19 15:42:22.818  1258 21645 I gsl     : gsl_send_spf_cmd:156 sending pkt with token 0xd64
06-19 15:42:22.818  1258 21645 I gsl     : gsl_send_spf_cmd:183 rcvd pkt token : 0xd64
06-19 15:42:22.818  1258 21645 D AGM: graph: configure_buffer_params: 162 Enter
06-19 15:42:22.818  1258 21645 D AGM: graph: configure_buffer_params: 225 Playback sess buf_sz 11520 num_bufs 2
06-19 15:42:22.818  1258 21645 E AGM: graph: configure_buffer_params: 255 Unsupported buffer mode : 0, Default to Blocking
06-19 15:42:22.818  1258 21645 D AGM: graph: configure_buffer_params: 275 exit, ret 0
06-19 15:42:22.818  1258 21645 I gsl     : gsl_send_spf_cmd:156 sending pkt with token 0xd65
06-19 15:42:22.822  1265 28847 I SDM     : HWCSession::NotifyCWBStatus: Notify the client about buffer status 0.
06-19 15:42:22.822  1265 28847 I SDM     : HWCSession::PerformFenceWaits: Remove current release fence from the pending fence wait queue.
06-19 15:42:22.822  1265 28847 I SDM     : HWCSession::PerformFenceWaits: CWB fence queue is empty. No pending release fence to wait on.
06-19 15:42:22.832  1258 21645 I gsl     : gsl_send_spf_cmd:183 rcvd pkt token : 0xd65
06-19 15:42:22.832  1258 21645 D AGM: graph: graph_prepare: 867 exit, ret 0
06-19 15:42:22.832  1258  2172 D AGM: graph: graph_start: 881 entry graph_handle 0x147534c
06-19 15:42:22.833  1258  2172 I gsl     : gsl_send_spf_cmd:156 sending pkt with token 0xd66
06-19 15:42:22.836  1258  2172 I gsl     : gsl_send_spf_cmd:183 rcvd pkt token : 0xd66
06-19 15:42:22.836  1258  2172 D AGM: graph: graph_start: 893 exit, ret 0
06-19 15:42:22.840 27117 27152 W QueryController: Could not detect idle state.
06-19 15:42:22.853  2431  4069 I WindowManagerService: Physical orientation applied, rotation=0 sfOrientation=ORIENTATION_0
06-19 15:42:22.854 27117 27152 I appium  : AppiumResponse: {"sessionId":"4b9232d2-073b-42e8-89e3-9292142801cc","value":null}
06-19 15:42:22.862  1174 13998 D PAL: ResourceManager: getDeviceNameFromID: 1185: pcm id name is PCM117
06-19 15:42:22.862  1174 13998 D PAL: ResourceManager: getDeviceNameFromID: 1185: pcm id name is PCM117
06-19 15:42:22.862  1174 13998 D PAL: SessionAlsaUtils: setStreamMetadataType: 1224: - mixer -PCM117 control-
06-19 15:42:22.862  1174 13998 E PLUGIN: mixer: amp_pcm_mtd_control_put: 1085 pcm id 117, idx 8, value 9
06-19 15:42:22.862  1174 13998 D PAL: SessionAlsaUtils: getModuleInstanceId: 1053: - mixer -PCM117 getTaggedInfo-
06-19 15:42:22.862  1174 13998 D PAL: SessionAlsaUtils: getModuleInstanceId: 1075: num of tags associated with stream 117 is 20
06-19 15:42:22.862  1174 13998 D PAL: SessionAlsaUtils: getModuleInstanceId: 1081: tag id[0] = 0xc0000001, num_modules = 0x1
06-19 15:42:22.862  1174 13998 D PAL: SessionAlsaUtils: getModuleInstanceId: 1081: tag id[1] = 0xc0000002, num_modules = 0x1
06-19 15:42:22.862  1174 13998 D PAL: SessionAlsaUtils: getModuleInstanceId: 1081: tag id[2] = 0xc0000003, num_modules = 0x2
06-19 15:42:22.862  1174 13998 D PAL: SessionAlsaUtils: getModuleInstanceId: 1081: tag id[3] = 0xc0000004, num_modules = 0x1
06-19 15:42:22.862  1174 13998 D PAL: SessionAlsaUtils: getModuleInstanceId: 1081: tag id[4] = 0xc0000006, num_modules = 0x1
06-19 15:42:22.862  1174 13998 D PAL: SessionAlsaUtils: getModuleInstanceId: 1089: MIID is 0x4019
06-19 15:42:22.862  1174 13998 D PAL: ResourceManager: getDeviceNameFromID: 1185: pcm id name is PCM117
06-19 15:42:22.862  1174 13998 D PAL: SessionAlsaUtils: registerMixerEvent: 1278: - mixer -PCM117 event-
06-19 15:42:22.863  1258  1258 I gsl     : gsl_send_spf_cmd:156 sending pkt with token 0xd67
06-19 15:42:22.863  1258  1258 I gsl     : gsl_send_spf_cmd:183 rcvd pkt token : 0xd67
06-19 15:42:22.863  1174 13998 D PAL: SessionAlsaPcm: setConfig: 436: Enter tag: -1073741811
06-19 15:42:22.863  1174 13998 D PAL: Stream: getVolumeData: 574: num config 1
06-19 15:42:22.863  1258 20712 I gsl     : gsl_send_spf_cmd:156 sending pkt with token 0xd68
06-19 15:42:22.864  1258 20712 I gsl     : gsl_send_spf_cmd:183 rcvd pkt token : 0xd68
06-19 15:42:22.864  1258 20712 I gsl     : gsl_graph_send_persist_cal:857 Skipping persist cal for SG_ID -1342177278: already started
06-19 15:42:22.864  1258 20712 I gsl     : gsl_graph_send_persist_cal:857 Skipping persist cal for SG_ID -1342177272: already started
06-19 15:42:22.864  1258 20712 I gsl     : gsl_graph_send_persist_cal:857 Skipping persist cal for SG_ID -1342177252: already started
06-19 15:42:22.864  1258 20712 I gsl     : gsl_graph_send_persist_cal:857 Skipping persist cal for SG_ID -1342177279: already started
06-19 15:42:22.864  1174 13998 D PAL: SessionAlsaPcm: setConfig: 561: exit status: 0
06-19 15:42:22.864  1174 13998 D PAL: SessionAlsaPcm: start: 1317: Exit status: 0
06-19 15:42:22.864  1174 13998 D PAL: ResourceManager: isDeviceActive_l: 3332: Enter.
06-19 15:42:22.864  1174 13998 D PAL: ResourceManager: isDeviceActive_l: 3339: Exit. device 3 (PAL_DEVICE_OUT_SPEAKER) is active 0
06-19 15:42:22.864  1174 13998 D PAL: ResourceManager: registerDevice: 2997: Enter. dev id: 3
06-19 15:42:22.864  1174 13998 D PAL: ResourceManager: registerDevice_l: 2978: Enter.
06-19 15:42:22.864  1174 13998 D PAL: ResourceManager: registerDevice_l: 2980: Exit.
06-19 15:42:22.864  1174 13998 D PAL: ResourceManager: registerDevice: 3157: Exit. status: 0
06-19 15:42:22.864  1174 13998 D PAL: ResourceManager: getDeviceNameFromID: 1185: pcm id name is PCM117
06-19 15:42:22.864  1174 13998 D PAL: ResourceManager: getDeviceNameFromID: 1185: pcm id name is PCM117
06-19 15:42:22.864  1174 13998 D PAL: SessionAlsaUtils: setStreamMetadataType: 1224: - mixer -PCM117 control-
06-19 15:42:22.864  1174 13998 E PLUGIN: mixer: amp_pcm_mtd_control_put: 1085 pcm id 117, idx 8, value 9
06-19 15:42:22.864  1174 13998 D PAL: SessionAlsaUtils: getModuleInstanceId: 1053: - mixer -PCM117 getTaggedInfo-
06-19 15:42:22.864  1174 13998 D PAL: SessionAlsaUtils: getModuleInstanceId: 1075: num of tags associated with stream 117 is 20
06-19 15:42:22.864  1174 13998 D PAL: SessionAlsaUtils: getModuleInstanceId: 1081: tag id[0] = 0xc0000001, num_modules = 0x1
06-19 15:42:22.864  1174 13998 D PAL: SessionAlsaUtils: getModuleInstanceId: 1081: tag id[1] = 0xc0000002, num_modules = 0x1
06-19 15:42:22.864  1174 13998 D PAL: SessionAlsaUtils: getModuleInstanceId: 1081: tag id[2] = 0xc0000003, num_modules = 0x2
06-19 15:42:22.864  1174 13998 D PAL: SessionAlsaUtils: getModuleInstanceId: 1081: tag id[3] = 0xc0000004, num_modules = 0x1
06-19 15:42:22.864  1174 13998 D PAL: SessionAlsaUtils: getModuleInstanceId: 1081: tag id[4] = 0xc0000006, num_modules = 0x1
06-19 15:42:22.864  1174 13998 D PAL: SessionAlsaUtils: getModuleInstanceId: 1081: tag id[5] = 0xc0000007, num_modules = 0x1
06-19 15:42:22.864  1174 13998 D PAL: SessionAlsaUtils: getModuleInstanceId: 1081: tag id[6] = 0xc000000d, num_modules = 0x1
06-19 15:42:22.864  1174 13998 D PAL: SessionAlsaUtils: getModuleInstanceId: 1081: tag id[7] = 0xc000000e, num_modules = 0x1
06-19 15:42:22.864  1174 13998 D PAL: SessionAlsaUtils: getModuleInstanceId: 1081: tag id[8] = 0xc0000010, num_modules = 0x1
06-19 15:42:22.864  1174 13998 D PAL: SessionAlsaUtils: getModuleInstanceId: 1081: tag id[9] = 0xc0000011, num_modules = 0x1
06-19 15:42:22.864  1174 13998 D PAL: SessionAlsaUtils: getModuleInstanceId: 1081: tag id[10] = 0xc0000013, num_modules = 0x1
06-19 15:42:22.864  1174 13998 D PAL: SessionAlsaUtils: getModuleInstanceId: 1081: tag id[11] = 0xc0000019, num_modules = 0x1
06-19 15:42:22.864  1174 13998 D PAL: SessionAlsaUtils: getModuleInstanceId: 1081: tag id[12] = 0xc0000029, num_modules = 0x1
06-19 15:42:22.864  1174 13998 D PAL: SessionAlsaUtils: getModuleInstanceId: 1081: tag id[13] = 0xc0000039, num_modules = 0x1
06-19 15:42:22.864  1174 13998 D PAL: SessionAlsaUtils: getModuleInstanceId: 1081: tag id[14] = 0xc000003a, num_modules = 0x1
06-19 15:42:22.864  1174 13998 D PAL: SessionAlsaUtils: getModuleInstanceId: 1081: tag id[15] = 0xc00000db, num_modules = 0x1
06-19 15:42:22.864  1174 13998 D PAL: SessionAlsaUtils: getModuleInstanceId: 1081: tag id[16] = 0xc0001001, num_modules = 0x1
06-19 15:42:22.864  1174 13998 D PAL: SessionAlsaUtils: getModuleInstanceId: 1081: tag id[17] = 0xc0001003, num_modules = 0x1
06-19 15:42:22.864  1174 13998 D PAL: SessionAlsaUtils: getModuleInstanceId: 1081: tag id[18] = 0xc0001005, num_modules = 0x1
06-19 15:42:22.864  1174 13998 D PAL: SessionAlsaUtils: getModuleInstanceId: 1081: tag id[19] = 0xc0001006, num_modules = 0x1
06-19 15:42:22.864  1174 13998 E PAL: SessionAlsaUtils: getModuleInstanceId: 1098: No matching MIID found for tag: 0xc0001018, error:-22
06-19 15:42:22.864  1174 13998 E PAL: SessionAlsaPcm: setTKV: 633: Tag 0xc0001018 not prsent in current usecase, skip tkv set
06-19 15:42:22.864  1174 13998 D PAL: SessionAlsaPcm: setTKV: 674: exit status:-22
06-19 15:42:22.864  1174 13998 E PAL: StreamPCM: start: 600: set misound Parameters failed with -22
06-19 15:42:22.864  1174 13998 D PAL: StreamPCM: start: 661: Exit. state 3 (STREAM_STARTED), status 0
06-19 15:42:22.864  1174 13998 I PAL: API: pal_stream_start: 275: Exit. status 0
06-19 15:42:22.864  1174 13998 I AHAL: AudioStream: configurePalOutputStream: 3030: notify GEF client of device config
06-19 15:42:22.864  1174 13998 D generic_effect_ar: gef_device_config_cb: stream type=8 sample_rate=48000 device=2
06-19 15:42:22.864  1174 13998 D MiSoundQdspGefDriver: eventCallback
06-19 15:42:22.864  1174 13998 D MiSoundQdspGefDriver: eventCallback(): audio device 0x00000002 (sample rate 48000, channelMask 0x00000003, stream_type 0x8, scenario 0) becomes active!
06-19 15:42:22.864  1174 13998 D MiSoundQdspGefDriver: eventCallback(): no need update
06-19 15:42:22.864  1174 13998 D DlbQdspGefDriver: eventCallback(): audio device 0x00000002 (sample rate 48000, channelMask 0x00000003, stream type 0x8,  data 0) becomes active!
06-19 15:42:22.864  1174 13998 D DlbQdspGefDriver: setDevice(device=0x00000002): old device 0x00000002
06-19 15:42:22.864  1174 13998 D generic_effect_ar: gef_device_config_cb: stream type=8 sample_rate=48000 device=2
06-19 15:42:22.864  1174 13998 D MiSoundQdspGefDriver: eventCallback
06-19 15:42:22.864  1174 13998 D MiSoundQdspGefDriver: eventCallback(): audio device 0x00000002 (sample rate 48000, channelMask 0x00000003, stream_type 0x8, scenario 0) becomes active!
06-19 15:42:22.864  1174 13998 D MiSoundQdspGefDriver: eventCallback(): no need update
06-19 15:42:22.864  1174 13998 D DlbQdspGefDriver: eventCallback(): audio device 0x00000002 (sample rate 48000, channelMask 0x00000003, stream type 0x8,  data 0) becomes active!
06-19 15:42:22.864  1174 13998 D DlbQdspGefDriver: setDevice(device=0x00000002): old device 0x00000002
06-19 15:42:22.864  1174 13998 D AHAL: AudioStream: ~AutoPerfLock: 151: (release) perf_lock_handle: 0x67818, count: 1
06-19 15:42:22.864  1174 13998 D AHAL: AudioStream: ~AutoPerfLock: 155: Releasing perf_lock_handle: 0x67818
06-19 15:42:22.873  2018  3127 D libsensor-displayalgo: the value of  brightness:438.000000,R:18781811.588660,G:16635044.097718,B:32526411.313589,EVENT_C:4928.500000,EVENT_R:1953.000000,EVENT_G:2439.000000,EVENT_B:989.500000
06-19 15:42:22.873  2018  3127 I libsensor-displayalgo: the value of  Coef1:1107.681000,Coef4:2.383000, scale1:0.935522, scale4:0.923264
06-19 15:42:22.873  2018  3127 E libsensor-displayalgo: RGB_test_0407_400_oldzy!
06-19 15:42:22.873  2018  3127 I libsensor-displayalgo: the value of  RESULT1138.417400,439.291038,569.676580,209.138012
06-19 15:42:22.873  2018  3127 I libsensor-displayalgo: the value of  getChannelDataCalibrated1193.568497,406.868173,662.137470,228.260066
06-19 15:42:22.873  2018  3127 I libsensor-displayalgo: the value of  REAL LUX224.307266
06-19 15:42:22.873  2018  3127 I libsensor-displayalgo: the value of  CAL REAL LUX224.307266
06-19 15:42:22.959  2431  5724 I WindowManagerService: Physical orientation applied, rotation=0 sfOrientation=ORIENTATION_0
06-19 15:42:22.964  5735 13856 W Parcel  : **** enforceInterface() expected 'com.miui.gamebooster.service.ISecurityCenterNotificationListener' but read 'android.service.notification.INotificationListener'
06-19 15:42:22.964  5735 13856 W Binder  : Caught a RuntimeException from the binder stub implementation.
06-19 15:42:22.964  5735 13856 W Binder  : java.lang.SecurityException: Binder invocation to an incorrect interface
06-19 15:42:22.964  5735 13856 W Binder  : 	at android.os.Parcel.nativeEnforceInterface(Native Method)
06-19 15:42:22.964  5735 13856 W Binder  : 	at android.os.Parcel.enforceInterface(Parcel.java:699)
06-19 15:42:22.964  5735 13856 W Binder  : 	at com.miui.gamebooster.service.ISecurityCenterNotificationListener$Stub.onTransact(Unknown Source:18)
06-19 15:42:22.964  5735 13856 W Binder  : 	at android.os.Binder.execTransactInternal(Binder.java:1190)
06-19 15:42:22.964  5735 13856 W Binder  : 	at android.os.Binder.execTransact(Binder.java:1149)
06-19 15:42:22.967  5285  5285 D MiBarrage: No barrage: not in game scene or in video scene
06-19 15:42:22.972  5735  8037 V onNotificationPostedCallBack: flags=98
06-19 15:42:22.975  5285  5285 D MiBarrage: No barrage: not in game scene or in video scene
06-19 15:42:22.976  5735  8037 V m       : ret=0
06-19 15:42:22.978  5735 13856 W Parcel  : **** enforceInterface() expected 'com.miui.gamebooster.service.ISecurityCenterNotificationListener' but read 'android.service.notification.INotificationListener'
06-19 15:42:22.978  5735 13856 W Binder  : Caught a RuntimeException from the binder stub implementation.
06-19 15:42:22.978  5735 13856 W Binder  : java.lang.SecurityException: Binder invocation to an incorrect interface
06-19 15:42:22.978  5735 13856 W Binder  : 	at android.os.Parcel.nativeEnforceInterface(Native Method)
06-19 15:42:22.978  5735 13856 W Binder  : 	at android.os.Parcel.enforceInterface(Parcel.java:699)
06-19 15:42:22.978  5735 13856 W Binder  : 	at com.miui.gamebooster.service.ISecurityCenterNotificationListener$Stub.onTransact(Unknown Source:18)
06-19 15:42:22.978  5735 13856 W Binder  : 	at android.os.Binder.execTransactInternal(Binder.java:1190)
06-19 15:42:22.978  5735 13856 W Binder  : 	at android.os.Binder.execTransact(Binder.java:1149)
06-19 15:42:22.984  4233  4233 D InterruptionStateProvider: No alerting: filtered notification: 0|cn.missevan|1500|null|10494
06-19 15:42:22.984  5735  8037 V onNotificationPostedCallBack: flags=98
06-19 15:42:22.984  4233  4233 D InterruptionStateProvider: No alerting: filtered notification: 0|cn.missevan|1500|null|10494
06-19 15:42:22.985  1383  2232 D AudioFlinger: mixer(0xb400007df1289740) throttle end: throttle time(60)
06-19 15:42:22.986  5735  8037 V m       : ret=0
06-19 15:42:22.990  4233  4475 D PeopleSpaceWidgetMgr: Sbn doesn't contain valid PeopleTileKey: null/0/cn.missevan
06-19 15:42:22.999  4233  4233 D InterruptionStateProvider: No alerting: filtered notification: 0|cn.missevan|1500|null|10494
06-19 15:42:22.999  4233  4233 D InterruptionStateProvider: No alerting: filtered notification: 0|cn.missevan|1500|null|10494
06-19 15:42:23.002  4233  4233 I MediaCarouselController: media_data_arrive: addOrUpdatePlayer
06-19 15:42:23.002  4233  4233 I MiuiMediaControlPanel: media_data_arrive: bindPlayer: mPlayerViewHolder=com.android.systemui.media.PlayerViewHolder@ff7f23
06-19 15:42:23.002  4233  4233 I MiuiMediaControlPanel: media_data_arrive: bindPlayer: 猫耳FM, 他似晨风起 | 第一期ED 《我爱你的四种写法》, Megrezz
06-19 15:42:23.002  4233  4233 I MiuiMediaControlPanel: MediaAction: contentDesc=快退; MediaAction: contentDesc=上一首; MediaAction: contentDesc=暂停; MediaAction: contentDesc=下一首; MediaAction: contentDesc=快进;
06-19 15:42:23.004  4233  4475 D PeopleSpaceWidgetMgr: Sbn doesn't contain valid PeopleTileKey: null/0/cn.missevan
06-19 15:42:23.010  4233  4233 I MediaCarouselController: media_data_arrive: addOrUpdatePlayer
06-19 15:42:23.010  4233  4233 I MiuiMediaControlPanel: media_data_arrive: bindPlayer: mPlayerViewHolder=com.android.systemui.media.PlayerViewHolder@ff7f23
06-19 15:42:23.010  4233  4233 I MiuiMediaControlPanel: media_data_arrive: bindPlayer: 猫耳FM, 他似晨风起 | 第一期ED 《我爱你的四种写法》, Megrezz
06-19 15:42:23.010  4233  4233 I MiuiMediaControlPanel: MediaAction: contentDesc=快退; MediaAction: contentDesc=上一首; MediaAction: contentDesc=暂停; MediaAction: contentDesc=下一首; MediaAction: contentDesc=快进;
06-19 15:42:23.011  2431  2635 W Looper  : Drained
06-19 15:42:23.023 30661 30744 D IdProviderImpl: getOAID from com.miui.analytics
06-19 15:42:23.031 30661 30744 D IdProviderImpl: getOAID from com.miui.analytics
06-19 15:42:23.057 30661 30669 I .miui.analytic: This is non sticky GC, maxfree is 8388608 minfree is 2097152
06-19 15:42:23.062  2431  3390 I WindowManagerService: Physical orientation applied, rotation=0 sfOrientation=ORIENTATION_0
06-19 15:42:23.101  1265  2358 I vendor.qti.hardware.display.composer-service: FrameNotifyProcess Sensor: notify citsensorservice to trigger cwb
06-19 15:42:23.102  2018  2111 I libcitsensorservice@2.0-impl: msg_transfer
06-19 15:42:23.102  2018  3098 D vendor.xiaomi.sensor.citsensorservice@2.0-service: handle id:9 wxh:1280x2400 uwxuh:1080x2400 size: 9216000 fd:15 fd_meta:16 flags:0x4000228 usage:0x33  format:0x3 layer_count: 1
06-19 15:42:23.102  1265  1887 I SDM     : HWCSession::SetCWBOutputBuffer: CWB config passed by cwb_client : tappoint 1  CWB_ROI : (829.000000 4.000000 915.000000 90.000000)
06-19 15:42:23.103  1265 28848 I SDM     : HWCSession::ProcessRequests: Successfully configured CWB buffer.
06-19 15:42:23.114  1265 28848 I SDM     : HWCSession::ProcessRequests: Pushing release fence in fenece wait queue.
06-19 15:42:23.114  1265 28848 I SDM     : HWCSession::ProcessRequests: Creating AsyncFenceWaits async thread.
06-19 15:42:23.114  1265 28848 I SDM     : HWCSession::ProcessRequests: Remove current CWB request from the pending request queue.
06-19 15:42:23.115  1265 28848 I SDM     : HWCSession::ProcessRequests: No pending cwb requests found in the queue.
06-19 15:42:23.119  1265  1584 I SDM     : HWDeviceDRM::SetupConcurrentWriteback: Tear down the Concurrent Writeback topology
06-19 15:42:23.127  1265 28849 I SDM     : HWCSession::NotifyCWBStatus: Notify the client about buffer status 0.
06-19 15:42:23.127  1265 28849 I SDM     : HWCSession::PerformFenceWaits: Remove current release fence from the pending fence wait queue.
06-19 15:42:23.127  1265 28849 I SDM     : HWCSession::PerformFenceWaits: CWB fence queue is empty. No pending release fence to wait on.
06-19 15:42:23.156  2431  5724 I WindowManagerService: Physical orientation applied, rotation=0 sfOrientation=ORIENTATION_0
06-19 15:42:23.174  2018  3127 D libsensor-displayalgo: the value of  brightness:438.000000,R:18781811.588660,G:16635044.097718,B:32526411.313589,EVENT_C:4923.000000,EVENT_R:1950.500000,EVENT_G:2437.000000,EVENT_B:990.000000
06-19 15:42:23.174  2018  3127 I libsensor-displayalgo: the value of  Coef1:1107.681000,Coef4:2.383000, scale1:0.935522, scale4:0.923264
06-19 15:42:23.174  2018  3127 E libsensor-displayalgo: RGB_test_0407_400_oldzy!
06-19 15:42:23.174  2018  3127 I libsensor-displayalgo: the value of  RESULT1138.417400,439.291038,569.676580,209.138012
06-19 15:42:23.174  2018  3127 I libsensor-displayalgo: the value of  getChannelDataCalibrated1193.568497,406.868173,662.137470,228.260066
06-19 15:42:23.174  2018  3127 I libsensor-displayalgo: the value of  REAL LUX223.881744
06-19 15:42:23.174  2018  3127 I libsensor-displayalgo: the value of  CAL REAL LUX223.881744
06-19 15:42:23.266  2431  3390 I WindowManagerService: Physical orientation applied, rotation=0 sfOrientation=ORIENTATION_0
06-19 15:42:23.366  2431  5724 I WindowManagerService: Physical orientation applied, rotation=0 sfOrientation=ORIENTATION_0
06-19 15:42:23.408  1265  2358 I vendor.qti.hardware.display.composer-service: FrameNotifyProcess Sensor: notify citsensorservice to trigger cwb
06-19 15:42:23.408  2018  2111 I libcitsensorservice@2.0-impl: msg_transfer
06-19 15:42:23.409  2018  3098 D vendor.xiaomi.sensor.citsensorservice@2.0-service: handle id:9 wxh:1280x2400 uwxuh:1080x2400 size: 9216000 fd:15 fd_meta:16 flags:0x4000228 usage:0x33  format:0x3 layer_count: 1
06-19 15:42:23.409  1265  1887 I SDM     : HWCSession::SetCWBOutputBuffer: CWB config passed by cwb_client : tappoint 1  CWB_ROI : (829.000000 4.000000 915.000000 90.000000)
06-19 15:42:23.411  1265 28850 I SDM     : HWCSession::ProcessRequests: Successfully configured CWB buffer.
06-19 15:42:23.419  1265 28850 I SDM     : HWCSession::ProcessRequests: Pushing release fence in fenece wait queue.
06-19 15:42:23.420  1265 28850 I SDM     : HWCSession::ProcessRequests: Creating AsyncFenceWaits async thread.
06-19 15:42:23.420  1265 28850 I SDM     : HWCSession::ProcessRequests: Remove current CWB request from the pending request queue.
06-19 15:42:23.420  1265 28850 I SDM     : HWCSession::ProcessRequests: No pending cwb requests found in the queue.
06-19 15:42:23.425  1265  1584 I SDM     : HWDeviceDRM::SetupConcurrentWriteback: Tear down the Concurrent Writeback topology
06-19 15:42:23.431  1265 28851 I SDM     : HWCSession::NotifyCWBStatus: Notify the client about buffer status 0.
06-19 15:42:23.431  1265 28851 I SDM     : HWCSession::PerformFenceWaits: Remove current release fence from the pending fence wait queue.
06-19 15:42:23.431  1265 28851 I SDM     : HWCSession::PerformFenceWaits: CWB fence queue is empty. No pending release fence to wait on.
06-19 15:42:23.462  2431  3390 I WindowManagerService: Physical orientation applied, rotation=0 sfOrientation=ORIENTATION_0
06-19 15:42:23.474  2018  3127 D libsensor-displayalgo: the value of  brightness:438.000000,R:18781811.588660,G:16635044.097718,B:32526411.313589,EVENT_C:4930.500000,EVENT_R:1953.000000,EVENT_G:2441.000000,EVENT_B:990.500000
06-19 15:42:23.474  2018  3127 I libsensor-displayalgo: the value of  Coef1:1107.681000,Coef4:2.383000, scale1:0.935522, scale4:0.923264
06-19 15:42:23.474  2018  3127 E libsensor-displayalgo: RGB_test_0407_400_oldzy!
06-19 15:42:23.474  2018  3127 I libsensor-displayalgo: the value of  RESULT1138.417400,439.291038,569.676580,209.138012
06-19 15:42:23.474  2018  3127 I libsensor-displayalgo: the value of  getChannelDataCalibrated1193.568497,406.868173,662.137470,228.260066
06-19 15:42:23.474  2018  3127 I libsensor-displayalgo: the value of  REAL LUX224.458206
06-19 15:42:23.474  2018  3127 I libsensor-displayalgo: the value of  CAL REAL LUX224.458206
06-19 15:42:23.566  2431  3390 I WindowManagerService: Physical orientation applied, rotation=0 sfOrientation=ORIENTATION_0
06-19 15:42:23.637  2431  3390 I WindowManagerService: Physical orientation applied, rotation=0 sfOrientation=ORIENTATION_0
06-19 15:42:23.667  2431  3390 I WindowManagerService: Physical orientation applied, rotation=0 sfOrientation=ORIENTATION_0
06-19 15:42:23.712  1265  2358 I vendor.qti.hardware.display.composer-service: FrameNotifyProcess Sensor: notify citsensorservice to trigger cwb
06-19 15:42:23.713  2018  2111 I libcitsensorservice@2.0-impl: msg_transfer
