06-19 15:42:18.560  1265 28814 I SDM     : HWCSession::PerformFenceWaits: CWB fence queue is empty. No pending release fence to wait on.
06-19 15:42:18.566  8770  8973 V Avrcp_ext: onMetadataChanged
06-19 15:42:18.569  8770  8973 V Avrcp_ext: updateCurrentMediaState: mMediaController: MediaController (cn.missevan@f9c857e) 他似晨风起 | 第一期ED 《我爱你的四种写法》, null, null
06-19 15:42:18.569  8770  8973 V Avrcp_ext: updateCurrentMediaState: isPlaying = false
06-19 15:42:18.569  8770  8973 W Avrcp_ext: isMusicActive: true getBluetoothPlayState: 1 A2dp State: 11 mAudioPlaybackIsActive: true
06-19 15:42:18.570  8770  8973 D Avrcp_ext: isMusicActive = true mAudioPlaybackIsActive = true player state = PlaybackState {state=3, position=9741, buffered position=0, speed=1.0, updated=449112173, actions=894, custom actions=[], active item id=-1, error=null}
06-19 15:42:18.573  8770  8973 D Avrcp_ext: overwrite album_artist :if album is blank
06-19 15:42:18.573  5809  5809 I MiPlayProxyDeviceManager: onTopActiveSessionChange, cn.missevan
06-19 15:42:18.574  8770  8973 V Avrcp_ext: Media update: id -1➡-1? [MediaAttributes: 他⋯》 -  by  (198997 0/0) - ] : [MediaAttributes: 他⋯》 -  by  (198948 0/0) - ]
06-19 15:42:18.574  8770  8973 D Avrcp_ext: isPackageNameValid: browsedPackage = cn.missevanisValid = true
06-19 15:42:18.574  8770  8973 V Avrcp_ext: isBrowseSupported for cn.missevan: false
06-19 15:42:18.574  8770  8973 V Avrcp_ext: Send track changed
06-19 15:42:18.574  8770  8973 V Avrcp_ext: updatePlaybackState, state: PlaybackState {state=3, position=9741, buffered position=0, speed=1.0, updated=449112173, actions=894, custom actions=[], active item id=-1, error=null} device: null
06-19 15:42:18.574  8770  8973 V Avrcp_ext: Device: no name:
06-19 15:42:18.574  8770  8973 V Avrcp_ext: Device: no name:
06-19 15:42:18.574  8770  8973 V Avrcp_ext: Device: no name:
06-19 15:42:18.574  8770  8973 V Avrcp_ext: Device: no name:
06-19 15:42:18.574  8770  8973 V Avrcp_ext: Device: no name:
06-19 15:42:18.574  8770  8973 V Avrcp_ext: updatePlayerStateAndPosition, old=PlaybackState {state=3, position=9668, buffered position=0, speed=1.0, updated=449112100, actions=894, custom actions=[], active item id=-1, error=null}, state=PlaybackState {state=3, position=9741, buffered position=0, speed=1.0, updated=449112173, actions=894, custom actions=[], active item id=-1, error=null}
06-19 15:42:18.574  8770  8973 V Avrcp_ext: old state = PlaybackState {state=3, position=9668, buffered position=0, speed=1.0, updated=449112100, actions=894, custom actions=[], active item id=-1, error=null}, new state= PlaybackState {state=3, position=9741, buffered position=0, speed=1.0, updated=449112173, actions=894, custom actions=[], active item id=-1, error=null}
06-19 15:42:18.574  8770  8973 D HeadsetService: getHeadsetService(): returning com.android.bluetooth.hfp.HeadsetService@7e2faf
06-19 15:42:18.574  8770  8973 D HeadsetService:  isAudioOn: The number of audio connected devices 0
06-19 15:42:18.574  8770  8973 D HeadsetService: isScoOrCallActive(): Call Active:falseCall is Ringing:falseSCO is Active:false
06-19 15:42:18.574  8770  8973 D HeadsetService:  isAudioOn: The number of audio connected devices 0
06-19 15:42:18.574  8770  8973 V Avrcp_ext: isPlayStateTobeUpdated: device: null
06-19 15:42:18.574  8770  8973 V Avrcp_ext: Single connection exists
06-19 15:42:18.574  8770  8973 D HeadsetService:  isAudioOn: The number of audio connected devices 0
06-19 15:42:18.574  8770  8973 D HeadsetService: isScoOrCallActive(): Call Active:falseCall is Ringing:falseSCO is Active:false
06-19 15:42:18.574  8770  8973 D HeadsetService:  isAudioOn: The number of audio connected devices 0
06-19 15:42:18.574  8770  8973 V Avrcp_ext: isPlayStateTobeUpdated: device: null
06-19 15:42:18.574  8770  8973 V Avrcp_ext: Single connection exists
06-19 15:42:18.574  8770  8973 D HeadsetService:  isAudioOn: The number of audio connected devices 0
06-19 15:42:18.574  8770  8973 D HeadsetService: isScoOrCallActive(): Call Active:falseCall is Ringing:falseSCO is Active:false
06-19 15:42:18.574  8770  8973 D HeadsetService:  isAudioOn: The number of audio connected devices 0
06-19 15:42:18.574  8770  8973 V Avrcp_ext: isPlayStateTobeUpdated: device: null
06-19 15:42:18.574  8770  8973 V Avrcp_ext: Single connection exists
06-19 15:42:18.574  8770  8973 D HeadsetService:  isAudioOn: The number of audio connected devices 0
06-19 15:42:18.574  8770  8973 D HeadsetService: isScoOrCallActive(): Call Active:falseCall is Ringing:falseSCO is Active:false
06-19 15:42:18.574  8770  8973 D HeadsetService:  isAudioOn: The number of audio connected devices 0
06-19 15:42:18.574  8770  8973 V Avrcp_ext: isPlayStateTobeUpdated: device: null
06-19 15:42:18.574  8770  8973 V Avrcp_ext: Single connection exists
06-19 15:42:18.574  8770  8973 D HeadsetService:  isAudioOn: The number of audio connected devices 0
06-19 15:42:18.574  8770  8973 D HeadsetService: isScoOrCallActive(): Call Active:falseCall is Ringing:falseSCO is Active:false
06-19 15:42:18.574  8770  8973 D HeadsetService:  isAudioOn: The number of audio connected devices 0
06-19 15:42:18.574  8770  8973 V Avrcp_ext: isPlayStateTobeUpdated: device: null
06-19 15:42:18.574  8770  8973 V Avrcp_ext: Single connection exists
06-19 15:42:18.574  8770  8973 D Avrcp_ext: Enter sendPlayPosNotificationRsp
06-19 15:42:18.574  8770  8973 D Avrcp_ext: sendPlayPosNotificationRsp: Not registered or requesting.
06-19 15:42:18.574  8770  8973 D Avrcp_ext: Enter sendPlayPosNotificationRsp
06-19 15:42:18.574  8770  8973 D Avrcp_ext: sendPlayPosNotificationRsp: Not registered or requesting.
06-19 15:42:18.574  8770  8973 D Avrcp_ext: Enter sendPlayPosNotificationRsp
06-19 15:42:18.574  8770  8973 D Avrcp_ext: sendPlayPosNotificationRsp: Not registered or requesting.
06-19 15:42:18.574  8770  8973 D Avrcp_ext: Enter sendPlayPosNotificationRsp
06-19 15:42:18.574  8770  8973 D Avrcp_ext: sendPlayPosNotificationRsp: Not registered or requesting.
06-19 15:42:18.574  8770  8973 D Avrcp_ext: Enter sendPlayPosNotificationRsp
06-19 15:42:18.574  8770  8973 D Avrcp_ext: sendPlayPosNotificationRsp: Not registered or requesting.
06-19 15:42:18.574  8770  8973 V Avrcp_ext: Exit updatePlayerStateAndPosition
06-19 15:42:18.576  5809  5809 I SafeBinderCall: onTopActiveSessionChange binder cost:0
06-19 15:42:18.578  5809  5809 I SafeBinderCall: onMediaMetaChange binder cost:2
06-19 15:42:18.578  4233  4233 D MiPlayDetailViewModel: onMediaMetaChange(): metaData.title = 他似晨风起 | 第一期ED 《我爱你的四种写法》
06-19 15:42:18.579  5809  5809 I Cir_Miplay_ActiveAudioSessionManager: dispatchTopActiveSessionChangeCallbackLocked, size:1
06-19 15:42:18.580  5809  5809 I Cir_Miplay_MiPlayAudioService: onTopActiveSessionChange, cn.missevan
06-19 15:42:18.580  5809  5809 I Cir_Miplay_MiPlayAudioService: topActiveSessionChange appId:cn.missevan
06-19 15:42:18.580  5809  5809 I Cir_Miplay_MiPlayAudioStatUtils: recordPackageName:cn.missevan
06-19 15:42:18.580  5809  5809 I Cir_Miplay_MiPlayAudioStatUtils: packageNameEquals.
06-19 15:42:18.580  5809  5809 I Cir_Miplay_ActiveSessionRecord: dispatch meta change, MediaMetaData{mArtist='null', mAlbum='null', mTitle='他似晨风起 | 第一期ED 《我爱你的四种写法》', mArt=valid, mDuration=198997, mLrc='null'}
06-19 15:42:18.580  5809  5809 I Cir_Miplay_MiPlayAudioService: dispatchMetaChange:cn.missevan  ActiveSsionPackageName:cn.missevan
06-19 15:42:18.581  5809  6131 I SafeBinderCall: onActiveAudioSessionChange binder cost:0
06-19 15:42:18.579  2431  5724 I MediaFocusControl: requestAudioFocus() from uid/pid 10494/27372 AA=USAGE_MEDIA/CONTENT_TYPE_MUSIC clientId=android.media.AudioManager@e1add18cn.missevan.lib.utils.AudioFocusManager@95da371 callingPack=cn.missevan req=1 flags=0x1 sdk=28
06-19 15:42:18.583  4233  4233 D MiPlayDetailViewModel: onActiveAudioSessionChange(): audioSessionList?.size = 1
06-19 15:42:18.583  2431  5724 I AudioService.FadeOutManager: unfadeOutUid() uid:10494
06-19 15:42:18.588  4233  4233 I SafeBinderCall: call getMediaMetaData binder cost:4
06-19 15:42:18.588  8770  8973 V Avrcp_ext: onPlaybackStateChanged: state PlaybackState {state=3, position=60, buffered position=0, speed=1.0, updated=449112189, actions=894, custom actions=[], active item id=-1, error=null}
06-19 15:42:18.588  5809 14611 I Cir_Miplay_MiPlayAudioService: dispatchMetaChange:MediaMetaData{mArtist='null', mAlbum='null', mTitle='他似晨风起 | 第一期ED 《我爱你的四种写法》', mArt=valid, mDuration=198997, mLrc='null'}
06-19 15:42:18.588  5809 14611 I Cir_Miplay_MetaInfoManager: setMetadata.
06-19 15:42:18.590  4233  4233 I SafeBinderCall: call getPosition binder cost:2
06-19 15:42:18.591  4233  4233 I SafeBinderCall: call getPlaybackState binder cost:1
06-19 15:42:18.591  8770  8973 V Avrcp_ext: updateCurrentMediaState: mMediaController: MediaController (cn.missevan@f9c857e) 他似晨风起 | 第一期ED 《我爱你的四种写法》, null, null
06-19 15:42:18.591  8770  8973 V Avrcp_ext: updateCurrentMediaState: isPlaying = false
06-19 15:42:18.591  8770  8973 W Avrcp_ext: isMusicActive: true getBluetoothPlayState: 1 A2dp State: 11 mAudioPlaybackIsActive: true
06-19 15:42:18.591  8770  8973 D Avrcp_ext: isMusicActive = true mAudioPlaybackIsActive = true player state = PlaybackState {state=3, position=66, buffered position=0, speed=1.0, updated=449112195, actions=894, custom actions=[], active item id=-1, error=null}
06-19 15:42:18.592  8770  8973 D Avrcp_ext: overwrite album_artist :if album is blank
06-19 15:42:18.593  8770  8973 V Avrcp_ext: Media update: id -1➡-1? [MediaAttributes: 他⋯》 -  by  (198997 0/0) - ] : [MediaAttributes: 他⋯》 -  by  (198997 0/0) - ]
06-19 15:42:18.593  8770  8973 D Avrcp_ext: isPackageNameValid: browsedPackage = cn.missevanisValid = true
06-19 15:42:18.593  8770  8973 V Avrcp_ext: isBrowseSupported for cn.missevan: false
06-19 15:42:18.593  8770  8973 V Avrcp_ext: updatePlaybackState, state: PlaybackState {state=3, position=66, buffered position=0, speed=1.0, updated=449112195, actions=894, custom actions=[], active item id=-1, error=null} device: null
06-19 15:42:18.593  8770  8973 V Avrcp_ext: Device: no name:
06-19 15:42:18.593  8770  8973 V Avrcp_ext: Device: no name:
06-19 15:42:18.593  8770  8973 V Avrcp_ext: Device: no name:
06-19 15:42:18.593  8770  8973 V Avrcp_ext: Device: no name:
06-19 15:42:18.593  8770  8973 V Avrcp_ext: Device: no name:
06-19 15:42:18.593  8770  8973 V Avrcp_ext: updatePlayerStateAndPosition, old=PlaybackState {state=3, position=9741, buffered position=0, speed=1.0, updated=449112173, actions=894, custom actions=[], active item id=-1, error=null}, state=PlaybackState {state=3, position=66, buffered position=0, speed=1.0, updated=449112195, actions=894, custom actions=[], active item id=-1, error=null}
06-19 15:42:18.593  8770  8973 V Avrcp_ext: old state = PlaybackState {state=3, position=9741, buffered position=0, speed=1.0, updated=449112173, actions=894, custom actions=[], active item id=-1, error=null}, new state= PlaybackState {state=3, position=66, buffered position=0, speed=1.0, updated=449112195, actions=894, custom actions=[], active item id=-1, error=null}
06-19 15:42:18.593  8770  8973 D HeadsetService: getHeadsetService(): returning com.android.bluetooth.hfp.HeadsetService@7e2faf
06-19 15:42:18.593  8770  8973 D HeadsetService:  isAudioOn: The number of audio connected devices 0
06-19 15:42:18.593  8770  8973 D HeadsetService: isScoOrCallActive(): Call Active:falseCall is Ringing:falseSCO is Active:false
06-19 15:42:18.593  8770  8973 D HeadsetService:  isAudioOn: The number of audio connected devices 0
06-19 15:42:18.593  8770  8973 V Avrcp_ext: isPlayStateTobeUpdated: device: null
06-19 15:42:18.593  8770  8973 V Avrcp_ext: Single connection exists
06-19 15:42:18.593  8770  8973 D HeadsetService:  isAudioOn: The number of audio connected devices 0
06-19 15:42:18.593  8770  8973 D HeadsetService: isScoOrCallActive(): Call Active:falseCall is Ringing:falseSCO is Active:false
06-19 15:42:18.593  8770  8973 D HeadsetService:  isAudioOn: The number of audio connected devices 0
06-19 15:42:18.593  8770  8973 V Avrcp_ext: isPlayStateTobeUpdated: device: null
06-19 15:42:18.593  8770  8973 V Avrcp_ext: Single connection exists
06-19 15:42:18.593  8770  8973 D HeadsetService:  isAudioOn: The number of audio connected devices 0
06-19 15:42:18.593  8770  8973 D HeadsetService: isScoOrCallActive(): Call Active:falseCall is Ringing:falseSCO is Active:false
06-19 15:42:18.593  8770  8973 D HeadsetService:  isAudioOn: The number of audio connected devices 0
06-19 15:42:18.593  8770  8973 V Avrcp_ext: isPlayStateTobeUpdated: device: null
06-19 15:42:18.593  8770  8973 V Avrcp_ext: Single connection exists
06-19 15:42:18.593  8770  8973 D HeadsetService:  isAudioOn: The number of audio connected devices 0
06-19 15:42:18.593  8770  8973 D HeadsetService: isScoOrCallActive(): Call Active:falseCall is Ringing:falseSCO is Active:false
06-19 15:42:18.593  8770  8973 D HeadsetService:  isAudioOn: The number of audio connected devices 0
06-19 15:42:18.593  8770  8973 V Avrcp_ext: isPlayStateTobeUpdated: device: null
06-19 15:42:18.593  8770  8973 V Avrcp_ext: Single connection exists
06-19 15:42:18.593  8770  8973 D HeadsetService:  isAudioOn: The number of audio connected devices 0
06-19 15:42:18.593  8770  8973 D HeadsetService: isScoOrCallActive(): Call Active:falseCall is Ringing:falseSCO is Active:false
06-19 15:42:18.593  8770  8973 D HeadsetService:  isAudioOn: The number of audio connected devices 0
06-19 15:42:18.593  8770  8973 V Avrcp_ext: isPlayStateTobeUpdated: device: null
06-19 15:42:18.593  8770  8973 V Avrcp_ext: Single connection exists
06-19 15:42:18.593  8770  8973 D Avrcp_ext: Enter sendPlayPosNotificationRsp
06-19 15:42:18.593  8770  8973 D Avrcp_ext: sendPlayPosNotificationRsp: Not registered or requesting.
06-19 15:42:18.593  8770  8973 D Avrcp_ext: Enter sendPlayPosNotificationRsp
06-19 15:42:18.593  8770  8973 D Avrcp_ext: sendPlayPosNotificationRsp: Not registered or requesting.
06-19 15:42:18.593  8770  8973 D Avrcp_ext: Enter sendPlayPosNotificationRsp
06-19 15:42:18.593  8770  8973 D Avrcp_ext: sendPlayPosNotificationRsp: Not registered or requesting.
06-19 15:42:18.593  8770  8973 D Avrcp_ext: Enter sendPlayPosNotificationRsp
06-19 15:42:18.593  8770  8973 D Avrcp_ext: sendPlayPosNotificationRsp: Not registered or requesting.
06-19 15:42:18.593  8770  8973 D Avrcp_ext: Enter sendPlayPosNotificationRsp
06-19 15:42:18.593  8770  8973 D Avrcp_ext: sendPlayPosNotificationRsp: Not registered or requesting.
06-19 15:42:18.593  8770  8973 V Avrcp_ext: Exit updatePlayerStateAndPosition
06-19 15:42:18.593  8770  8973 V Avrcp_ext:  Exit onPlaybackStateChanged
06-19 15:42:18.593  5809  5809 I ActiveSessionRecord: onPlaybackStateChanged: PlaybackState {state=3, position=60, buffered position=0, speed=1.0, updated=449112189, actions=894, custom actions=[], active item id=-1, error=null}
06-19 15:42:18.594  4233  4233 V MediaTimeout: processState 0|cn.missevan|1500|null|10494: PlaybackState {state=3, position=60, buffered position=0, speed=1.0, updated=449112189, actions=894, custom actions=[], active item id=-1, error=null}
06-19 15:42:18.596  2431  4793 I WindowManagerService: Physical orientation applied, rotation=0 sfOrientation=ORIENTATION_0
06-19 15:42:18.598  5809  5809 I ActiveAudioSessionManager: startPositionCallbackTask
06-19 15:42:18.603  5809  5809 I SafeBinderCall: onPlaybackStateChange binder cost:1
06-19 15:42:18.603  5809  5809 I Cir_Miplay_ActiveSessionRecord: onPlaybackStateChanged:3
06-19 15:42:18.603  4233  4233 D MiPlayDetailViewModel: onPlaybackStateChange(): state = 3
06-19 15:42:18.605  5809  5809 I Cir_Miplay_ActiveSessionRecordStack: onPlaybackStateChange.
06-19 15:42:18.611  5809  5809 I Cir_Miplay_ActiveAudioSessionManager: TopAudioSession play change
06-19 15:42:18.611  5809  5809 I Cir_Miplay_MiPlayAudioService: dispatchPlaybackStateChange:3
06-19 15:42:18.611  5809  5809 I Cir_Miplay_MiPlayAudioService: localPlayStateChange state:3
06-19 15:42:18.611  5809  5809 I Cir_Miplay_MiPlayAudioService: playStateNotify state:3  ,id:,uuid:local_device_id
06-19 15:42:18.611  5809  5809 I MiPlayClientSDK: =======================================================================
06-19 15:42:18.611  5809  5809 I MiPlayClientSDK: onMediaInfoChange start
06-19 15:42:18.611  5809  5809 I MiPlayClientSDK: local_device_id, MediaMetaData{mArtist='null', mAlbum='null', mTitle='他似晨风起 | 第一期ED 《我爱你的四种写法》', mDuration=198997, mId='', mCoverUrl='', mStatus=0, mVolume=0, mArt=android.graphics.Bitmap@34529c1, mPosition=0, mLrc='null', mPackgeName='cn.missevan', mSourceName='2738969101的Xiaomi Civi 2', mDeviceState=2}
06-19 15:42:18.611  5809  5809 I MiPlayClientSDK: onMediaInfoChange end
06-19 15:42:18.611  5809  5809 I MiPlayClientSDK: =======================================================================
06-19 15:42:18.611  5809  5809 I MiPlayProxyDeviceManager: onMediaInfoChange
06-19 15:42:18.611  5809  5809 I MiPlay  : onMediaMetaChanged,local_device_id, meta:MediaMetaData{mArtist='null', mAlbum='null', mTitle='他似晨风起 | 第一期ED 《我爱你的四种写法》', mDuration=198997, art:valid}
06-19 15:42:18.612  5809  5809 I MiPlayClientSDK: =======================================================================
06-19 15:42:18.612  5809  5809 I MiPlayClientSDK: onPlayStateChange start
06-19 15:42:18.612  5809  5809 I MiPlayClientSDK: local_device_id, state:3
06-19 15:42:18.612  5809  5809 I MiPlayClientSDK: onPlayStateChange end
06-19 15:42:18.612  5809  5809 I MiPlayClientSDK: =======================================================================
06-19 15:42:18.612  5809  5809 I MiPlayProxyDeviceManager: onPlayStateChange
06-19 15:42:18.612  5809  5809 I MiPlay  : onPlaybackStateChanged,local_device_id, state:pause
06-19 15:42:18.626  5809  5823 I k.service:audi: This is non sticky GC, maxfree is 8388608 minfree is 2097152
06-19 15:42:18.650 27117 27152 W QueryController: Could not detect idle state.
06-19 15:42:18.673  2018  3127 D libsensor-displayalgo: the value of  brightness:438.000000,R:73135396.327353,G:72955990.474262,B:76707796.864658,EVENT_C:6783.500000,EVENT_R:2577.000000,EVENT_G:3451.000000,EVENT_B:1367.000000
06-19 15:42:18.673  2018  3127 I libsensor-displayalgo: the value of  Coef1:1107.681000,Coef4:2.383000, scale1:0.935522, scale4:0.923264
06-19 15:42:18.673  2018  3127 E libsensor-displayalgo: RGB_test_0407_400_oldzy!
06-19 15:42:18.673  2018  3127 I libsensor-displayalgo: the value of  RESULT3002.916920,1183.852687,1456.371844,546.485815
06-19 15:42:18.673  2018  3127 I libsensor-displayalgo: the value of  getChannelDataCalibrated3148.394457,1096.475774,1692.747081,596.452493
06-19 15:42:18.673  2018  3127 I libsensor-displayalgo: the value of  REAL LUX218.132767
06-19 15:42:18.673  2018  3127 I libsensor-displayalgo: the value of  CAL REAL LUX218.132767
06-19 15:42:18.756  2431  4792 I WindowManagerService: Physical orientation applied, rotation=0 sfOrientation=ORIENTATION_0
06-19 15:42:18.765 27117 27152 W QueryController: Could not detect idle state.
06-19 15:42:18.784 27181 27194 D BLASTBufferQueue: releaseBufferCallback ReleaseCallbackId: bufferId:116741506072629 framenumber:1
06-19 15:42:18.792 27181 27315 D BLASTBufferQueue: releaseBufferCallback ReleaseCallbackId: bufferId:116741506072631 framenumber:2
06-19 15:42:18.800 27181 27194 D BLASTBufferQueue: releaseBufferCallback ReleaseCallbackId: bufferId:116741506072630 framenumber:3
06-19 15:42:18.802  2431  5724 I WindowManagerService: Physical orientation applied, rotation=0 sfOrientation=ORIENTATION_0
06-19 15:42:18.827  5285  5285 D MiBarrage: No barrage: not in game scene or in video scene
06-19 15:42:18.832  5735 13658 W Parcel  : **** enforceInterface() expected 'com.miui.gamebooster.service.ISecurityCenterNotificationListener' but read 'android.service.notification.INotificationListener'
06-19 15:42:18.832  5735 13658 W Binder  : Caught a RuntimeException from the binder stub implementation.
06-19 15:42:18.832  5735 13658 W Binder  : java.lang.SecurityException: Binder invocation to an incorrect interface
06-19 15:42:18.832  5735 13658 W Binder  : 	at android.os.Parcel.nativeEnforceInterface(Native Method)
06-19 15:42:18.832  5735 13658 W Binder  : 	at android.os.Parcel.enforceInterface(Parcel.java:699)
06-19 15:42:18.832  5735 13658 W Binder  : 	at com.miui.gamebooster.service.ISecurityCenterNotificationListener$Stub.onTransact(Unknown Source:18)
06-19 15:42:18.832  5735 13658 W Binder  : 	at android.os.Binder.execTransactInternal(Binder.java:1190)
06-19 15:42:18.832  5735 13658 W Binder  : 	at android.os.Binder.execTransact(Binder.java:1149)
06-19 15:42:18.834  5735  8037 V onNotificationPostedCallBack: flags=98
06-19 15:42:18.838  5735  8037 V m       : ret=0
06-19 15:42:18.840  5735 13658 W Parcel  : **** enforceInterface() expected 'com.miui.gamebooster.service.ISecurityCenterNotificationListener' but read 'android.service.notification.INotificationListener'
06-19 15:42:18.840  5735 13658 W Binder  : Caught a RuntimeException from the binder stub implementation.
06-19 15:42:18.840  5735 13658 W Binder  : java.lang.SecurityException: Binder invocation to an incorrect interface
06-19 15:42:18.840  5735 13658 W Binder  : 	at android.os.Parcel.nativeEnforceInterface(Native Method)
06-19 15:42:18.840  5735 13658 W Binder  : 	at android.os.Parcel.enforceInterface(Parcel.java:699)
06-19 15:42:18.840  5735 13658 W Binder  : 	at com.miui.gamebooster.service.ISecurityCenterNotificationListener$Stub.onTransact(Unknown Source:18)
06-19 15:42:18.840  5735 13658 W Binder  : 	at android.os.Binder.execTransactInternal(Binder.java:1190)
06-19 15:42:18.840  5735 13658 W Binder  : 	at android.os.Binder.execTransact(Binder.java:1149)
06-19 15:42:18.840  1265  2358 I vendor.qti.hardware.display.composer-service: FrameNotifyProcess Sensor: notify citsensorservice to trigger cwb
06-19 15:42:18.841  2018  2111 I libcitsensorservice@2.0-impl: msg_transfer
06-19 15:42:18.841  2018  3098 D vendor.xiaomi.sensor.citsensorservice@2.0-service: handle id:9 wxh:1280x2400 uwxuh:1080x2400 size: 9216000 fd:15 fd_meta:16 flags:0x4000228 usage:0x33  format:0x3 layer_count: 1
06-19 15:42:18.841  1265  1887 I SDM     : HWCSession::SetCWBOutputBuffer: CWB config passed by cwb_client : tappoint 1  CWB_ROI : (829.000000 4.000000 915.000000 90.000000)
06-19 15:42:18.843  1265 28819 I SDM     : HWCSession::ProcessRequests: Successfully configured CWB buffer.
06-19 15:42:18.843  5285  5285 D MiBarrage: No barrage: not in game scene or in video scene
06-19 15:42:18.845  4233  4233 D InterruptionStateProvider: No alerting: filtered notification: 0|cn.missevan|1500|null|10494
06-19 15:42:18.846  5735  8037 V onNotificationPostedCallBack: flags=98
06-19 15:42:18.846  4233  4233 D InterruptionStateProvider: No alerting: filtered notification: 0|cn.missevan|1500|null|10494
06-19 15:42:18.847  5735  8037 V m       : ret=0
06-19 15:42:18.850  1265 28819 I SDM     : HWCSession::ProcessRequests: Pushing release fence in fenece wait queue.
06-19 15:42:18.850  1265 28819 I SDM     : HWCSession::ProcessRequests: Creating AsyncFenceWaits async thread.
06-19 15:42:18.850  1265 28819 I SDM     : HWCSession::ProcessRequests: Remove current CWB request from the pending request queue.
06-19 15:42:18.850  1265 28819 I SDM     : HWCSession::ProcessRequests: No pending cwb requests found in the queue.
06-19 15:42:18.856  1265  1584 I SDM     : HWDeviceDRM::SetupConcurrentWriteback: Tear down the Concurrent Writeback topology
06-19 15:42:18.858  4233  4475 D PeopleSpaceWidgetMgr: Sbn doesn't contain valid PeopleTileKey: null/0/cn.missevan
06-19 15:42:18.861  4233  4233 D InterruptionStateProvider: No alerting: filtered notification: 0|cn.missevan|1500|null|10494
06-19 15:42:18.862  4233  4233 D InterruptionStateProvider: No alerting: filtered notification: 0|cn.missevan|1500|null|10494
06-19 15:42:18.863  1265 28820 I SDM     : HWCSession::NotifyCWBStatus: Notify the client about buffer status 0.
06-19 15:42:18.864  1265 28820 I SDM     : HWCSession::PerformFenceWaits: Remove current release fence from the pending fence wait queue.
06-19 15:42:18.864  1265 28820 I SDM     : HWCSession::PerformFenceWaits: CWB fence queue is empty. No pending release fence to wait on.
06-19 15:42:18.867  4233  4233 I MediaCarouselController: media_data_arrive: addOrUpdatePlayer
06-19 15:42:18.867  4233  4233 I MiuiMediaControlPanel: media_data_arrive: bindPlayer: mPlayerViewHolder=com.android.systemui.media.PlayerViewHolder@ff7f23
06-19 15:42:18.867  4233  4233 I MiuiMediaControlPanel: media_data_arrive: bindPlayer: 猫耳FM, 他似晨风起 | 第一期ED 《我爱你的四种写法》, Megrezz
06-19 15:42:18.867  4233  4233 I MiuiMediaControlPanel: MediaAction: contentDesc=快退; MediaAction: contentDesc=上一首; MediaAction: contentDesc=暂停; MediaAction: contentDesc=下一首; MediaAction: contentDesc=快进;
06-19 15:42:18.870  4233  4233 D MiuiMediaControlPanel: setArtwork---ProcessArtworkTask
06-19 15:42:18.888  4233  4475 D PeopleSpaceWidgetMgr: Sbn doesn't contain valid PeopleTileKey: null/0/cn.missevan
06-19 15:42:18.901  4233  4233 I MediaCarouselController: media_data_arrive: addOrUpdatePlayer
06-19 15:42:18.901  4233  4233 I MiuiMediaControlPanel: media_data_arrive: bindPlayer: mPlayerViewHolder=com.android.systemui.media.PlayerViewHolder@ff7f23
06-19 15:42:18.901  4233  4233 I MiuiMediaControlPanel: media_data_arrive: bindPlayer: 猫耳FM, 他似晨风起 | 第一期ED 《我爱你的四种写法》, Megrezz
06-19 15:42:18.901  4233  4233 I MiuiMediaControlPanel: MediaAction: contentDesc=快退; MediaAction: contentDesc=上一首; MediaAction: contentDesc=暂停; MediaAction: contentDesc=下一首; MediaAction: contentDesc=快进;
06-19 15:42:18.909  2431  4484 I WindowManagerService: Physical orientation applied, rotation=0 sfOrientation=ORIENTATION_0
06-19 15:42:18.918 30661 30744 D IdProviderImpl: getOAID from com.miui.analytics
06-19 15:42:18.925 30661 30744 D IdProviderImpl: getOAID from com.miui.analytics
06-19 15:42:18.974  2018  3127 D libsensor-displayalgo: the value of  brightness:438.000000,R:18779736.892867,G:16632885.002330,B:32524828.298766,EVENT_C:5286.000000,EVENT_R:2078.000000,EVENT_G:2632.500000,EVENT_B:1060.500000
06-19 15:42:18.975  2018  3127 I libsensor-displayalgo: the value of  Coef1:1107.681000,Coef4:2.383000, scale1:0.935522, scale4:0.923264
06-19 15:42:18.975  2018  3127 E libsensor-displayalgo: RGB_test_0407_400_oldzy!
06-19 15:42:18.975  2018  3127 I libsensor-displayalgo: the value of  RESULT1138.326133,439.255531,569.630475,209.122667
06-19 15:42:18.975  2018  3127 I libsensor-displayalgo: the value of  getChannelDataCalibrated1193.472808,406.835287,662.083881,228.243319
06-19 15:42:18.975  2018  3127 I libsensor-displayalgo: the value of  REAL LUX247.868118
06-19 15:42:18.975  2018  3127 I libsensor-displayalgo: the value of  CAL REAL LUX247.868118
06-19 15:42:19.016  2431  5724 I WindowManagerService: Physical orientation applied, rotation=0 sfOrientation=ORIENTATION_0
06-19 15:42:19.027  5809 28418 I SafeBinderCall: onPositionChange binder cost:1
06-19 15:42:19.027  4233  4233 D MiPlayDetailViewModel: onPositionChange(): position = 499
06-19 15:42:19.110  2431  4792 D MIUIInput: Input event injection from pid 27102, MotionEvent: DOWN
06-19 15:42:19.112  2431  2938 D MIUIInput: [MotionEvent] publisher action=0x4, 353523395, channel '7c87e50 NavigationBar0 (server)'
06-19 15:42:19.112  2431  2938 D MIUIInput: [MotionEvent] publisher action=0x0, 353523395, channel '6dcb10c cn.missevan/cn.missevan.activity.MainActivity (server)'
06-19 15:42:19.114  2431  2635 W Looper  : Slow delivery took 220ms android.ui h=android.view.GestureDetector$GestureHandler c=null m=1
06-19 15:42:19.114  2431  5724 I WindowManagerService: Physical orientation applied, rotation=0 sfOrientation=ORIENTATION_0
06-19 15:42:19.117 27181 27181 D MIUIInput: [MotionEvent] ViewRootImpl windowName 'cn.missevan/cn.missevan.activity.MainActivity', { action=ACTION_DOWN, id[0]=0, pointerCount=1, eventTime=353523395, downTime=353523394, phoneEventTime=15:42:18.795 } moveCount:0
06-19 15:42:19.121 27102 27116 W BpBinder: PerfMonitor binderTransact :  time=326ms interface=android.view.IWindowManager code=102
06-19 15:42:19.121 27117 27152 W BpBinder: PerfMonitor binderTransact :  time=326ms interface=android.app.IUiAutomationConnection code=3
06-19 15:42:19.123  2431  5724 D MIUIInput: Input event injection from pid 27102, MotionEvent: UP
06-19 15:42:19.123  2431  2938 D MIUIInput: [MotionEvent] publisher action=0x1, 353523395, channel '6dcb10c cn.missevan/cn.missevan.activity.MainActivity (server)'
06-19 15:42:19.125 27181 27181 D MIUIInput: [MotionEvent] ViewRootImpl windowName 'cn.missevan/cn.missevan.activity.MainActivity', { action=ACTION_UP, id[0]=0, pointerCount=1, eventTime=353523395, downTime=353523394, phoneEventTime=15:42:18.795 } moveCount:0
06-19 15:42:19.134  2431  4484 I MediaFocusControl: abandonAudioFocus() from uid/pid 10494/27372 clientId=android.media.AudioManager@e1add18cn.missevan.lib.utils.AudioFocusManager@95da371
06-19 15:42:19.136 27117 27152 I appium  : Waiting up to 100ms for the device to idle
06-19 15:42:19.142  4233  4233 V MediaTimeout: processState 0|cn.missevan|1500|null|10494: PlaybackState {state=2, position=789, buffered position=0, speed=1.0, updated=449112742, actions=894, custom actions=[], active item id=-1, error=null}
06-19 15:42:19.143  4233  4233 V MediaTimeout: schedule timeout for 0|cn.missevan|1500|null|10494
06-19 15:42:19.143  8770  8973 V Avrcp_ext: onPlaybackStateChanged: state PlaybackState {state=2, position=789, buffered position=0, speed=1.0, updated=449112742, actions=894, custom actions=[], active item id=-1, error=null}
06-19 15:42:19.143  5809  5809 I Cir_Miplay_ActiveSessionRecord: onPlaybackStateChanged:2
06-19 15:42:19.144  5809  5809 I Cir_Miplay_ActiveSessionRecordStack: onPlaybackStateChange.
06-19 15:42:19.144  1265  2358 I vendor.qti.hardware.display.composer-service: FrameNotifyProcess Sensor: notify citsensorservice to trigger cwb
06-19 15:42:19.144  2018  2111 I libcitsensorservice@2.0-impl: msg_transfer
06-19 15:42:19.145  2018  3098 D vendor.xiaomi.sensor.citsensorservice@2.0-service: handle id:9 wxh:1280x2400 uwxuh:1080x2400 size: 9216000 fd:15 fd_meta:16 flags:0x4000228 usage:0x33  format:0x3 layer_count: 1
06-19 15:42:19.145  1265  1887 I SDM     : HWCSession::SetCWBOutputBuffer: CWB config passed by cwb_client : tappoint 1  CWB_ROI : (829.000000 4.000000 915.000000 90.000000)
06-19 15:42:19.146  8770  8973 V Avrcp_ext: updateCurrentMediaState: mMediaController: MediaController (cn.missevan@f9c857e) 他似晨风起 | 第一期ED 《我爱你的四种写法》, null, null
06-19 15:42:19.146  8770  8973 V Avrcp_ext: updateCurrentMediaState: isPlaying = false
06-19 15:42:19.146  8770  8973 W Avrcp_ext: isMusicActive: true getBluetoothPlayState: 1 A2dp State: 11 mAudioPlaybackIsActive: true
06-19 15:42:19.146  8770  8973 D Avrcp_ext: isMusicActive = true mAudioPlaybackIsActive = true player state = PlaybackState {state=2, position=789, buffered position=0, speed=1.0, updated=449112742, actions=894, custom actions=[], active item id=-1, error=null}
06-19 15:42:19.146  1265 28821 I SDM     : HWCSession::ProcessRequests: Successfully configured CWB buffer.
06-19 15:42:19.147  8770  8973 D Avrcp_ext: overwrite album_artist :if album is blank
06-19 15:42:19.148  8770  8973 V Avrcp_ext: Media update: id -1➡-1? [MediaAttributes: 他⋯》 -  by  (198997 0/0) - ] : [MediaAttributes: 他⋯》 -  by  (198997 0/0) - ]
06-19 15:42:19.148  8770  8973 D Avrcp_ext: isPackageNameValid: browsedPackage = cn.missevanisValid = true
06-19 15:42:19.148  8770  8973 V Avrcp_ext: isBrowseSupported for cn.missevan: false
06-19 15:42:19.148  8770  8973 V Avrcp_ext: updatePlaybackState, state: PlaybackState {state=2, position=789, buffered position=0, speed=1.0, updated=449112742, actions=894, custom actions=[], active item id=-1, error=null} device: null
06-19 15:42:19.148  8770  8973 V Avrcp_ext: Device: no name:
06-19 15:42:19.148  8770  8973 V Avrcp_ext: Device: no name:
06-19 15:42:19.148  8770  8973 V Avrcp_ext: Device: no name:
06-19 15:42:19.148  8770  8973 V Avrcp_ext: Device: no name:
06-19 15:42:19.148  8770  8973 V Avrcp_ext: Device: no name:
06-19 15:42:19.148  8770  8973 V Avrcp_ext: updatePlayerStateAndPosition, old=PlaybackState {state=3, position=66, buffered position=0, speed=1.0, updated=449112195, actions=894, custom actions=[], active item id=-1, error=null}, state=PlaybackState {state=2, position=789, buffered position=0, speed=1.0, updated=449112742, actions=894, custom actions=[], active item id=-1, error=null}
06-19 15:42:19.148  8770  8973 V Avrcp_ext: old state = PlaybackState {state=3, position=66, buffered position=0, speed=1.0, updated=449112195, actions=894, custom actions=[], active item id=-1, error=null}, new state= PlaybackState {state=2, position=789, buffered position=0, speed=1.0, updated=449112742, actions=894, custom actions=[], active item id=-1, error=null}
06-19 15:42:19.148  8770  8973 D HeadsetService: getHeadsetService(): returning com.android.bluetooth.hfp.HeadsetService@7e2faf
06-19 15:42:19.148  8770  8973 D HeadsetService:  isAudioOn: The number of audio connected devices 0
06-19 15:42:19.148  8770  8973 D HeadsetService: isScoOrCallActive(): Call Active:falseCall is Ringing:falseSCO is Active:false
06-19 15:42:19.148  8770  8973 D HeadsetService:  isAudioOn: The number of audio connected devices 0
06-19 15:42:19.148  8770  8973 I Avrcp_ext: updatePlayStatusForDevice: device: null
06-19 15:42:19.148  8770  8973 V Avrcp_ext: updatePlaybackState (1): old=PlaybackState {state=0, position=0, buffered position=0, speed=0.0, updated=0, actions=894, custom actions=[], active item id=-1, error=null}(0), new=PlaybackState {state=2, position=789, buffered position=0, speed=1.0, updated=449112742, actions=894, custom actions=[], active item id=-1, error=null}(2)
06-19 15:42:19.148  8770  8973 I Avrcp_ext: Exit updatePlayStatusForDevice
06-19 15:42:19.148  5809  5809 I Cir_Miplay_ActiveAudioSessionManager: TopAudioSession play change
06-19 15:42:19.148  8770  8973 D HeadsetService:  isAudioOn: The number of audio connected devices 0
06-19 15:42:19.148  8770  8973 D HeadsetService: isScoOrCallActive(): Call Active:falseCall is Ringing:falseSCO is Active:false
06-19 15:42:19.148  8770  8973 D HeadsetService:  isAudioOn: The number of audio connected devices 0
06-19 15:42:19.148  8770  8973 I Avrcp_ext: updatePlayStatusForDevice: device: null
06-19 15:42:19.148  8770  8973 V Avrcp_ext: updatePlaybackState (1): old=PlaybackState {state=0, position=0, buffered position=0, speed=0.0, updated=0, actions=894, custom actions=[], active item id=-1, error=null}(0), new=PlaybackState {state=2, position=789, buffered position=0, speed=1.0, updated=449112742, actions=894, custom actions=[], active item id=-1, error=null}(2)
06-19 15:42:19.148  8770  8973 I Avrcp_ext: Exit updatePlayStatusForDevice
06-19 15:42:19.148  8770  8973 D HeadsetService:  isAudioOn: The number of audio connected devices 0
06-19 15:42:19.148  5809  5809 I Cir_Miplay_MiPlayAudioService: dispatchPlaybackStateChange:2
06-19 15:42:19.148  8770  8973 D HeadsetService: isScoOrCallActive(): Call Active:falseCall is Ringing:falseSCO is Active:false
06-19 15:42:19.148  8770  8973 D HeadsetService:  isAudioOn: The number of audio connected devices 0
06-19 15:42:19.148  5809  5809 I Cir_Miplay_MiPlayAudioService: localPlayStateChange state:2
06-19 15:42:19.148  8770  8973 I Avrcp_ext: updatePlayStatusForDevice: device: null
06-19 15:42:19.148  5809  5809 I Cir_Miplay_MiPlayAudioService: playStateNotify state:2  ,id:,uuid:local_device_id
06-19 15:42:19.148  8770  8973 V Avrcp_ext: updatePlaybackState (1): old=PlaybackState {state=0, position=0, buffered position=0, speed=0.0, updated=0, actions=894, custom actions=[], active item id=-1, error=null}(0), new=PlaybackState {state=2, position=789, buffered position=0, speed=1.0, updated=449112742, actions=894, custom actions=[], active item id=-1, error=null}(2)
06-19 15:42:19.148  8770  8973 I Avrcp_ext: Exit updatePlayStatusForDevice
06-19 15:42:19.148  8770  8973 D HeadsetService:  isAudioOn: The number of audio connected devices 0
06-19 15:42:19.148  5809  5809 I Cir_Miplay_MiPlayAudioService: runDownTimer.
06-19 15:42:19.148  8770  8973 D HeadsetService: isScoOrCallActive(): Call Active:falseCall is Ringing:falseSCO is Active:false
06-19 15:42:19.148  8770  8973 D HeadsetService:  isAudioOn: The number of audio connected devices 0
06-19 15:42:19.148  8770  8973 I Avrcp_ext: updatePlayStatusForDevice: device: null
06-19 15:42:19.148  8770  8973 V Avrcp_ext: updatePlaybackState (1): old=PlaybackState {state=0, position=0, buffered position=0, speed=0.0, updated=0, actions=894, custom actions=[], active item id=-1, error=null}(0), new=PlaybackState {state=2, position=789, buffered position=0, speed=1.0, updated=449112742, actions=894, custom actions=[], active item id=-1, error=null}(2)
06-19 15:42:19.148  8770  8973 I Avrcp_ext: Exit updatePlayStatusForDevice
06-19 15:42:19.148  8770  8973 D HeadsetService:  isAudioOn: The number of audio connected devices 0
06-19 15:42:19.148  8770  8973 D HeadsetService: isScoOrCallActive(): Call Active:falseCall is Ringing:falseSCO is Active:false
06-19 15:42:19.148  8770  8973 D HeadsetService:  isAudioOn: The number of audio connected devices 0
06-19 15:42:19.148  8770  8973 I Avrcp_ext: updatePlayStatusForDevice: device: null
06-19 15:42:19.148  8770  8973 V Avrcp_ext: updatePlaybackState (1): old=PlaybackState {state=0, position=0, buffered position=0, speed=0.0, updated=0, actions=894, custom actions=[], active item id=-1, error=null}(0), new=PlaybackState {state=2, position=789, buffered position=0, speed=1.0, updated=449112742, actions=894, custom actions=[], active item id=-1, error=null}(2)
06-19 15:42:19.148  8770  8973 I Avrcp_ext: Exit updatePlayStatusForDevice
06-19 15:42:19.148  8770  8973 D Avrcp_ext: Enter sendPlayPosNotificationRsp
06-19 15:42:19.148  8770  8973 D Avrcp_ext: sendPlayPosNotificationRsp: Not registered or requesting.
06-19 15:42:19.148  8770  8973 D Avrcp_ext: Enter sendPlayPosNotificationRsp
06-19 15:42:19.148  8770  8973 D Avrcp_ext: sendPlayPosNotificationRsp: Not registered or requesting.
06-19 15:42:19.148  8770  8973 D Avrcp_ext: Enter sendPlayPosNotificationRsp
06-19 15:42:19.148  8770  8973 D Avrcp_ext: sendPlayPosNotificationRsp: Not registered or requesting.
06-19 15:42:19.148  8770  8973 D Avrcp_ext: Enter sendPlayPosNotificationRsp
06-19 15:42:19.148  8770  8973 D Avrcp_ext: sendPlayPosNotificationRsp: Not registered or requesting.
06-19 15:42:19.148  8770  8973 D Avrcp_ext: Enter sendPlayPosNotificationRsp
06-19 15:42:19.148  8770  8973 D Avrcp_ext: sendPlayPosNotificationRsp: Not registered or requesting.
06-19 15:42:19.148  8770  8973 V Avrcp_ext: Exit updatePlayerStateAndPosition
06-19 15:42:19.148  8770  8973 V Avrcp_ext:  Exit onPlaybackStateChanged
06-19 15:42:19.148  5809  5809 I ActiveSessionRecord: onPlaybackStateChanged: PlaybackState {state=2, position=789, buffered position=0, speed=1.0, updated=449112742, actions=894, custom actions=[], active item id=-1, error=null}
06-19 15:42:19.151  5809  5809 I ActiveAudioSessionManager: stopPositionCallbackTask
06-19 15:42:19.151  5809  5809 I SafeBinderCall: onPlaybackStateChange binder cost:0
06-19 15:42:19.151  5809  5809 I MiPlayClientSDK: =======================================================================
06-19 15:42:19.151  5809  5809 I MiPlayClientSDK: onPlayStateChange start
06-19 15:42:19.151  5809  5809 I MiPlayClientSDK: local_device_id, state:2
06-19 15:42:19.151  5809  5809 I MiPlayClientSDK: onPlayStateChange end
06-19 15:42:19.151  5809  5809 I MiPlayClientSDK: =======================================================================
06-19 15:42:19.151  5809  5809 I MiPlayProxyDeviceManager: onPlayStateChange
06-19 15:42:19.151  5809  5809 I MiPlay  : onPlaybackStateChanged,local_device_id, state:play
06-19 15:42:19.154  4233  4233 D MiPlayDetailViewModel: onPlaybackStateChange(): state = 2
06-19 15:42:19.154  2431  4792 I WindowManagerService: Physical orientation applied, rotation=0 sfOrientation=ORIENTATION_0
06-19 15:42:19.160  1265 28821 I SDM     : HWCSession::ProcessRequests: Pushing release fence in fenece wait queue.
06-19 15:42:19.160  1265 28821 I SDM     : HWCSession::ProcessRequests: Creating AsyncFenceWaits async thread.
06-19 15:42:19.160  1265 28821 I SDM     : HWCSession::ProcessRequests: Remove current CWB request from the pending request queue.
06-19 15:42:19.160  1265 28821 I SDM     : HWCSession::ProcessRequests: No pending cwb requests found in the queue.
06-19 15:42:19.161  1265  1584 I SDM     : HWDeviceDRM::SetupConcurrentWriteback: Tear down the Concurrent Writeback topology
06-19 15:42:19.165  2431  5724 I WindowManagerService: Physical orientation applied, rotation=0 sfOrientation=ORIENTATION_0
06-19 15:42:19.170  1265 28822 I SDM     : HWCSession::NotifyCWBStatus: Notify the client about buffer status 0.
06-19 15:42:19.171  1265 28822 I SDM     : HWCSession::PerformFenceWaits: Remove current release fence from the pending fence wait queue.
06-19 15:42:19.171  1265 28822 I SDM     : HWCSession::PerformFenceWaits: CWB fence queue is empty. No pending release fence to wait on.
06-19 15:42:19.181  2431  5724 I WindowManagerService: Physical orientation applied, rotation=0 sfOrientation=ORIENTATION_0
06-19 15:42:19.226  1383  2232 D AudioTrackShared: tallyUnderrunFrames(1317) at uf = 75795, bump mUnderrunCount = 4
06-19 15:42:19.273  2018  3127 D libsensor-displayalgo: the value of  brightness:438.000000,R:18779736.892867,G:16632885.002330,B:32524828.298766,EVENT_C:4930.000000,EVENT_R:1952.500000,EVENT_G:2439.000000,EVENT_B:991.000000
06-19 15:42:19.273  2018  3127 I libsensor-displayalgo: the value of  Coef1:1107.681000,Coef4:2.383000, scale1:0.935522, scale4:0.923264
06-19 15:42:19.273  2018  3127 E libsensor-displayalgo: RGB_test_0407_400_oldzy!
06-19 15:42:19.273  2018  3127 I libsensor-displayalgo: the value of  RESULT1138.326133,439.255531,569.630475,209.122667
06-19 15:42:19.273  2018  3127 I libsensor-displayalgo: the value of  getChannelDataCalibrated1193.472808,406.835287,662.083881,228.243319
06-19 15:42:19.273  2018  3127 I libsensor-displayalgo: the value of  REAL LUX224.316711
06-19 15:42:19.273  2018  3127 I libsensor-displayalgo: the value of  CAL REAL LUX224.316711
06-19 15:42:19.318 27117 27152 W QueryController: Could not detect idle state.
06-19 15:42:19.320 27117 27152 I appium  : AppiumResponse: {"sessionId":"4b9232d2-073b-42e8-89e3-9292142801cc","value":null}
06-19 15:42:19.389  2431  2637 W WindowManager: Unable to start animation, surface is null or no children.
06-19 15:42:19.402  5735 13658 W Parcel  : **** enforceInterface() expected 'com.miui.gamebooster.service.ISecurityCenterNotificationListener' but read 'android.service.notification.INotificationListener'
06-19 15:42:19.404  5285  5285 D MiBarrage: No barrage: not in game scene or in video scene
06-19 15:42:19.406  5735  8037 V onNotificationPostedCallBack: flags=98
06-19 15:42:19.406  5735 13658 W Binder  : Caught a RuntimeException from the binder stub implementation.
06-19 15:42:19.406  5735 13658 W Binder  : java.lang.SecurityException: Binder invocation to an incorrect interface
06-19 15:42:19.406  5735 13658 W Binder  : 	at android.os.Parcel.nativeEnforceInterface(Native Method)
06-19 15:42:19.406  5735 13658 W Binder  : 	at android.os.Parcel.enforceInterface(Parcel.java:699)
06-19 15:42:19.406  5735 13658 W Binder  : 	at com.miui.gamebooster.service.ISecurityCenterNotificationListener$Stub.onTransact(Unknown Source:18)
06-19 15:42:19.406  5735 13658 W Binder  : 	at android.os.Binder.execTransactInternal(Binder.java:1190)
06-19 15:42:19.406  5735 13658 W Binder  : 	at android.os.Binder.execTransact(Binder.java:1149)
06-19 15:42:19.407  5735  8037 V m       : ret=0
06-19 15:42:19.414  5735  8037 V onNotificationPostedCallBack: flags=98
06-19 15:42:19.414  5735 13658 W Parcel  : **** enforceInterface() expected 'com.miui.gamebooster.service.ISecurityCenterNotificationListener' but read 'android.service.notification.INotificationListener'
06-19 15:42:19.414  5735 13658 W Binder  : Caught a RuntimeException from the binder stub implementation.
06-19 15:42:19.414  5735 13658 W Binder  : java.lang.SecurityException: Binder invocation to an incorrect interface
06-19 15:42:19.414  5735 13658 W Binder  : 	at android.os.Parcel.nativeEnforceInterface(Native Method)
06-19 15:42:19.414  5735 13658 W Binder  : 	at android.os.Parcel.enforceInterface(Parcel.java:699)
06-19 15:42:19.414  5735 13658 W Binder  : 	at com.miui.gamebooster.service.ISecurityCenterNotificationListener$Stub.onTransact(Unknown Source:18)
06-19 15:42:19.414  5735 13658 W Binder  : 	at android.os.Binder.execTransactInternal(Binder.java:1190)
06-19 15:42:19.414  5735 13658 W Binder  : 	at android.os.Binder.execTransact(Binder.java:1149)
06-19 15:42:19.415  5735  8037 V m       : ret=0
06-19 15:42:19.416  4233  4233 D InterruptionStateProvider: No alerting: filtered notification: 0|cn.missevan|1500|null|10494
06-19 15:42:19.416  4233  4233 D InterruptionStateProvider: No alerting: filtered notification: 0|cn.missevan|1500|null|10494
06-19 15:42:19.418  5285  5285 D MiBarrage: No barrage: not in game scene or in video scene
06-19 15:42:19.429  4233  4475 D PeopleSpaceWidgetMgr: Sbn doesn't contain valid PeopleTileKey: null/0/cn.missevan
06-19 15:42:19.438  4233  4233 I MediaCarouselController: media_data_arrive: addOrUpdatePlayer
06-19 15:42:19.438  4233  4233 I MiuiMediaControlPanel: media_data_arrive: bindPlayer: mPlayerViewHolder=com.android.systemui.media.PlayerViewHolder@ff7f23
06-19 15:42:19.438  4233  4233 I MiuiMediaControlPanel: media_data_arrive: bindPlayer: 猫耳FM, 他似晨风起 | 第一期ED 《我爱你的四种写法》, Megrezz
06-19 15:42:19.438  4233  4233 I MiuiMediaControlPanel: MediaAction: contentDesc=快退; MediaAction: contentDesc=上一首; MediaAction: contentDesc=播放; MediaAction: contentDesc=下一首; MediaAction: contentDesc=快进;
06-19 15:42:19.446  4233  4233 D InterruptionStateProvider: No alerting: filtered notification: 0|cn.missevan|1500|null|10494
06-19 15:42:19.446  4233  4233 D InterruptionStateProvider: No alerting: filtered notification: 0|cn.missevan|1500|null|10494
06-19 15:42:19.449  1265  2358 I vendor.qti.hardware.display.composer-service: FrameNotifyProcess Sensor: notify citsensorservice to trigger cwb
06-19 15:42:19.449  2018  2108 I libcitsensorservice@2.0-impl: msg_transfer
06-19 15:42:19.450  2018  3098 D vendor.xiaomi.sensor.citsensorservice@2.0-service: handle id:9 wxh:1280x2400 uwxuh:1080x2400 size: 9216000 fd:15 fd_meta:16 flags:0x4000228 usage:0x33  format:0x3 layer_count: 1
06-19 15:42:19.451  1265  1887 I SDM     : HWCSession::SetCWBOutputBuffer: CWB config passed by cwb_client : tappoint 1  CWB_ROI : (829.000000 4.000000 915.000000 90.000000)
06-19 15:42:19.451  4233  4475 D PeopleSpaceWidgetMgr: Sbn doesn't contain valid PeopleTileKey: null/0/cn.missevan
06-19 15:42:19.452  1265 28823 I SDM     : HWCSession::ProcessRequests: Successfully configured CWB buffer.
06-19 15:42:19.454  4233  4233 I MediaCarouselController: media_data_arrive: addOrUpdatePlayer
06-19 15:42:19.454  4233  4233 I MiuiMediaControlPanel: media_data_arrive: bindPlayer: mPlayerViewHolder=com.android.systemui.media.PlayerViewHolder@ff7f23
06-19 15:42:19.454  4233  4233 I MiuiMediaControlPanel: media_data_arrive: bindPlayer: 猫耳FM, 他似晨风起 | 第一期ED 《我爱你的四种写法》, Megrezz
06-19 15:42:19.454  4233  4233 I MiuiMediaControlPanel: MediaAction: contentDesc=快退; MediaAction: contentDesc=上一首; MediaAction: contentDesc=播放; MediaAction: contentDesc=下一首; MediaAction: contentDesc=快进;
06-19 15:42:19.459  1265 28823 I SDM     : HWCSession::ProcessRequests: Pushing release fence in fenece wait queue.
06-19 15:42:19.460  1265 28823 I SDM     : HWCSession::ProcessRequests: Creating AsyncFenceWaits async thread.
06-19 15:42:19.460  1265 28823 I SDM     : HWCSession::ProcessRequests: Remove current CWB request from the pending request queue.
06-19 15:42:19.460  1265 28823 I SDM     : HWCSession::ProcessRequests: No pending cwb requests found in the queue.
06-19 15:42:19.465  1265  1584 I SDM     : HWDeviceDRM::SetupConcurrentWriteback: Tear down the Concurrent Writeback topology
06-19 15:42:19.469 30661 30744 D IdProviderImpl: getOAID from com.miui.analytics
06-19 15:42:19.473  1265 28824 I SDM     : HWCSession::NotifyCWBStatus: Notify the client about buffer status 0.
06-19 15:42:19.473  1265 28824 I SDM     : HWCSession::PerformFenceWaits: Remove current release fence from the pending fence wait queue.
06-19 15:42:19.473  1265 28824 I SDM     : HWCSession::PerformFenceWaits: CWB fence queue is empty. No pending release fence to wait on.
06-19 15:42:19.477 30661 30744 D IdProviderImpl: getOAID from com.miui.analytics
06-19 15:42:19.575  2018  3127 D libsensor-displayalgo: the value of  brightness:438.000000,R:18781811.588660,G:16635044.097718,B:32526411.313589,EVENT_C:4926.500000,EVENT_R:1954.000000,EVENT_G:2441.000000,EVENT_B:991.000000
06-19 15:42:19.575  2018  3127 I libsensor-displayalgo: the value of  Coef1:1107.681000,Coef4:2.383000, scale1:0.935522, scale4:0.923264
06-19 15:42:19.575  2018  3127 E libsensor-displayalgo: RGB_test_0407_400_oldzy!
06-19 15:42:19.575  2018  3127 I libsensor-displayalgo: the value of  RESULT1138.417400,439.291038,569.676580,209.138012
06-19 15:42:19.575  2018  3127 I libsensor-displayalgo: the value of  getChannelDataCalibrated1193.568497,406.868173,662.137470,228.260066
06-19 15:42:19.575  2018  3127 I libsensor-displayalgo: the value of  REAL LUX224.097580
06-19 15:42:19.575  2018  3127 I libsensor-displayalgo: the value of  CAL REAL LUX224.097580
06-19 15:42:19.753  1265  2358 I vendor.qti.hardware.display.composer-service: FrameNotifyProcess Sensor: notify citsensorservice to trigger cwb
06-19 15:42:19.755  2018  2111 I libcitsensorservice@2.0-impl: msg_transfer
