06-14 16:30:23.153  1265  1890 I SDM     : HWCSession::SetCWBOutputBuffer: CWB config passed by cwb_client : tappoint 1  CWB_ROI : (829.000000 4.000000 915.000000 90.000000)
06-14 16:30:23.153 24578 24578 I HandWritingStubImpl: isKeyboardTypeChanged: false
06-14 16:30:23.153  1265 27417 I SDM     : HWCSession::ProcessRequests: Successfully configured CWB buffer.
06-14 16:30:23.162 24578 24578 I HandWritingStubImpl: isKeyboardTypeChanged: false
06-14 16:30:23.162  1265 27417 I SDM     : HWCSession::ProcessRequests: Pushing release fence in fenece wait queue.
06-14 16:30:23.162  1265 27417 I SDM     : HWCSession::ProcessRequests: Creating AsyncFenceWaits async thread.
06-14 16:30:23.163  1265 27417 I SDM     : HWCSession::ProcessRequests: Remove current CWB request from the pending request queue.
06-14 16:30:23.163  1265 27417 I SDM     : HWCSession::ProcessRequests: No pending cwb requests found in the queue.
06-14 16:30:23.168  1265  1584 I SDM     : HWDeviceDRM::SetupConcurrentWriteback: Tear down the Concurrent Writeback topology
06-14 16:30:23.170 24578 24578 I HandWritingStubImpl: isKeyboardTypeChanged: false
06-14 16:30:23.175  1265 27418 I SDM     : HWCSession::NotifyCWBStatus: Notify the client about buffer status 0.
06-14 16:30:23.178  1265 27418 I SDM     : HWCSession::PerformFenceWaits: Remove current release fence from the pending fence wait queue.
06-14 16:30:23.178  1265 27418 I SDM     : HWCSession::PerformFenceWaits: CWB fence queue is empty. No pending release fence to wait on.
06-14 16:30:23.179 24578 24578 I HandWritingStubImpl: isKeyboardTypeChanged: false
06-14 16:30:23.184 24769 25604 D AudioTrack: [audioTrackData][fine] 15s(f:15038 m:0 s:132 k:0) : pid 24769 uid 10486 sessionId 513 sr 48000 ch 2 fmt 1
06-14 16:30:23.186 24578 24578 I HandWritingStubImpl: isKeyboardTypeChanged: false
06-14 16:30:23.194 24578 24578 I HandWritingStubImpl: isKeyboardTypeChanged: false
06-14 16:30:23.203 24578 24578 I HandWritingStubImpl: isKeyboardTypeChanged: false
06-14 16:30:23.204  4233  4233 D MiPlayDetailViewModel: onPositionChange(): position = 12029
06-14 16:30:23.204  5809 27337 I SafeBinderCall: onPositionChange binder cost:0
06-14 16:30:23.211 24578 24578 I HandWritingStubImpl: isKeyboardTypeChanged: false
06-14 16:30:23.219 24578 24578 I HandWritingStubImpl: isKeyboardTypeChanged: false
06-14 16:30:23.228 24578 24578 I HandWritingStubImpl: isKeyboardTypeChanged: false
06-14 16:30:23.236 24578 24578 I HandWritingStubImpl: isKeyboardTypeChanged: false
06-14 16:30:23.244 24578 24578 I HandWritingStubImpl: isKeyboardTypeChanged: false
06-14 16:30:23.252 24578 24578 I HandWritingStubImpl: isKeyboardTypeChanged: false
06-14 16:30:23.261 24578 24578 I HandWritingStubImpl: isKeyboardTypeChanged: false
06-14 16:30:23.269 24578 24578 I HandWritingStubImpl: isKeyboardTypeChanged: false
06-14 16:30:23.278 24578 24578 I HandWritingStubImpl: isKeyboardTypeChanged: false
06-14 16:30:23.285 24578 24578 I HandWritingStubImpl: isKeyboardTypeChanged: false
06-14 16:30:23.293 24578 24578 I HandWritingStubImpl: isKeyboardTypeChanged: false
06-14 16:30:23.301 24578 24578 I HandWritingStubImpl: isKeyboardTypeChanged: false
06-14 16:30:23.310 24578 24578 I HandWritingStubImpl: isKeyboardTypeChanged: false
06-14 16:30:23.318 24578 24578 I HandWritingStubImpl: isKeyboardTypeChanged: false
06-14 16:30:23.326 24578 24578 I HandWritingStubImpl: isKeyboardTypeChanged: false
06-14 16:30:23.335 24578 24578 I HandWritingStubImpl: isKeyboardTypeChanged: false
06-14 16:30:23.343 24578 24578 I HandWritingStubImpl: isKeyboardTypeChanged: false
06-14 16:30:23.351 24578 24578 I HandWritingStubImpl: isKeyboardTypeChanged: false
06-14 16:30:23.359 24578 24578 I HandWritingStubImpl: isKeyboardTypeChanged: false
06-14 16:30:23.367 24578 24578 I HandWritingStubImpl: isKeyboardTypeChanged: false
06-14 16:30:23.379 24578 24578 I HandWritingStubImpl: isKeyboardTypeChanged: false
06-14 16:30:23.383 24578 24578 I HandWritingStubImpl: isKeyboardTypeChanged: false
06-14 16:30:23.392 24578 24578 I HandWritingStubImpl: isKeyboardTypeChanged: false
06-14 16:30:23.395  2018  3127 D libsensor-displayalgo: the value of  brightness:438.000000,R:43256335.296574,G:42113114.619283,B:14359036.356346,EVENT_C:5180.000000,EVENT_R:2009.500000,EVENT_G:2641.000000,EVENT_B:1006.500000
06-14 16:30:23.396  2018  3127 I libsensor-displayalgo: the value of  Coef1:1107.681000,Coef4:2.383000, scale1:0.935522, scale4:0.923264
06-14 16:30:23.396  2018  3127 E libsensor-displayalgo: RGB_test_0407_400_oldzy!
06-14 16:30:23.396  2018  3127 I libsensor-displayalgo: the value of  RESULT2033.090555,817.507073,1020.438830,332.922645
06-14 16:30:23.396  2018  3127 I libsensor-displayalgo: the value of  getChannelDataCalibrated2131.584458,757.169122,1186.060317,363.362664
06-14 16:30:23.396  2018  3127 I libsensor-displayalgo: the value of  REAL LUX181.880081
06-14 16:30:23.396  2018  3127 I libsensor-displayalgo: the value of  CAL REAL LUX181.880081
06-14 16:30:23.400 24578 24578 I HandWritingStubImpl: isKeyboardTypeChanged: false
06-14 16:30:23.408 24578 24578 I HandWritingStubImpl: isKeyboardTypeChanged: false
06-14 16:30:23.416 24578 24578 I HandWritingStubImpl: isKeyboardTypeChanged: false
06-14 16:30:23.424 24578 24578 I HandWritingStubImpl: isKeyboardTypeChanged: false
06-14 16:30:23.433 24578 24578 I HandWritingStubImpl: isKeyboardTypeChanged: false
06-14 16:30:23.441 24578 24578 I HandWritingStubImpl: isKeyboardTypeChanged: false
06-14 16:30:23.450 24578 24578 I HandWritingStubImpl: isKeyboardTypeChanged: false
06-14 16:30:23.456  1265  2358 I vendor.qti.hardware.display.composer-service: FrameNotifyProcess Sensor: notify citsensorservice to trigger cwb
06-14 16:30:23.457  2018  7182 I libcitsensorservice@2.0-impl: msg_transfer
06-14 16:30:23.458 24578 24578 I HandWritingStubImpl: isKeyboardTypeChanged: false
06-14 16:30:23.458  2018  3098 D vendor.xiaomi.sensor.citsensorservice@2.0-service: handle id:9 wxh:1280x2400 uwxuh:1080x2400 size: 9216000 fd:15 fd_meta:16 flags:0x4000228 usage:0x33  format:0x3 layer_count: 1
06-14 16:30:23.458  1265  1890 I SDM     : HWCSession::SetCWBOutputBuffer: CWB config passed by cwb_client : tappoint 1  CWB_ROI : (829.000000 4.000000 915.000000 90.000000)
06-14 16:30:23.460  1265 27419 I SDM     : HWCSession::ProcessRequests: Successfully configured CWB buffer.
06-14 16:30:23.466 24578 24578 I HandWritingStubImpl: isKeyboardTypeChanged: false
06-14 16:30:23.468  1265 27419 I SDM     : HWCSession::ProcessRequests: Pushing release fence in fenece wait queue.
06-14 16:30:23.468  1265 27419 I SDM     : HWCSession::ProcessRequests: Creating AsyncFenceWaits async thread.
06-14 16:30:23.468  1265 27419 I SDM     : HWCSession::ProcessRequests: Remove current CWB request from the pending request queue.
06-14 16:30:23.468  1265 27419 I SDM     : HWCSession::ProcessRequests: No pending cwb requests found in the queue.
06-14 16:30:23.474  1265  1584 I SDM     : HWDeviceDRM::SetupConcurrentWriteback: Tear down the Concurrent Writeback topology
06-14 16:30:23.474 24578 24578 I HandWritingStubImpl: isKeyboardTypeChanged: false
06-14 16:30:23.479  1265 27420 I SDM     : HWCSession::NotifyCWBStatus: Notify the client about buffer status 0.
06-14 16:30:23.480  1265 27420 I SDM     : HWCSession::PerformFenceWaits: Remove current release fence from the pending fence wait queue.
06-14 16:30:23.480  1265 27420 I SDM     : HWCSession::PerformFenceWaits: CWB fence queue is empty. No pending release fence to wait on.
06-14 16:30:23.483 24578 24578 I HandWritingStubImpl: isKeyboardTypeChanged: false
06-14 16:30:23.491 24578 24578 I HandWritingStubImpl: isKeyboardTypeChanged: false
06-14 16:30:23.499 24578 24578 I HandWritingStubImpl: isKeyboardTypeChanged: false
06-14 16:30:23.507 24578 24578 I HandWritingStubImpl: isKeyboardTypeChanged: false
06-14 16:30:23.515 24578 24578 I HandWritingStubImpl: isKeyboardTypeChanged: false
06-14 16:30:23.524 24578 24578 I HandWritingStubImpl: isKeyboardTypeChanged: false
06-14 16:30:23.532 24578 24578 I HandWritingStubImpl: isKeyboardTypeChanged: false
06-14 16:30:23.540 24578 24578 I HandWritingStubImpl: isKeyboardTypeChanged: false
06-14 16:30:23.548 24578 24578 I HandWritingStubImpl: isKeyboardTypeChanged: false
06-14 16:30:23.557 24578 24578 I HandWritingStubImpl: isKeyboardTypeChanged: false
06-14 16:30:23.565 24578 24578 I HandWritingStubImpl: isKeyboardTypeChanged: false
06-14 16:30:23.573 24578 24578 I HandWritingStubImpl: isKeyboardTypeChanged: false
06-14 16:30:23.583 24578 24578 I HandWritingStubImpl: isKeyboardTypeChanged: false
06-14 16:30:23.590 24578 24578 I HandWritingStubImpl: isKeyboardTypeChanged: false
06-14 16:30:23.598 24578 24578 I HandWritingStubImpl: isKeyboardTypeChanged: false
06-14 16:30:23.606 24578 24578 I HandWritingStubImpl: isKeyboardTypeChanged: false
06-14 16:30:23.614 24578 24578 I HandWritingStubImpl: isKeyboardTypeChanged: false
06-14 16:30:23.622 24578 24578 I HandWritingStubImpl: isKeyboardTypeChanged: false
06-14 16:30:23.630 24578 24578 I HandWritingStubImpl: isKeyboardTypeChanged: false
06-14 16:30:23.639 24578 24578 I HandWritingStubImpl: isKeyboardTypeChanged: false
06-14 16:30:23.647 24578 24578 I HandWritingStubImpl: isKeyboardTypeChanged: false
06-14 16:30:23.655 24578 24578 I HandWritingStubImpl: isKeyboardTypeChanged: false
06-14 16:30:23.664 24578 24578 I HandWritingStubImpl: isKeyboardTypeChanged: false
06-14 16:30:23.672 24578 24578 I HandWritingStubImpl: isKeyboardTypeChanged: false
06-14 16:30:23.683 24578 24578 I HandWritingStubImpl: isKeyboardTypeChanged: false
06-14 16:30:23.688 24578 24578 I HandWritingStubImpl: isKeyboardTypeChanged: false
06-14 16:30:23.697 24578 24578 I HandWritingStubImpl: isKeyboardTypeChanged: false
06-14 16:30:23.697  2018  3127 D libsensor-displayalgo: the value of  brightness:438.000000,R:43256335.296574,G:42113114.619283,B:14359036.356346,EVENT_C:5181.000000,EVENT_R:2007.000000,EVENT_G:2638.500000,EVENT_B:1007.000000
06-14 16:30:23.697  2018  3127 I libsensor-displayalgo: the value of  Coef1:1107.681000,Coef4:2.383000, scale1:0.935522, scale4:0.923264
06-14 16:30:23.697  2018  3127 E libsensor-displayalgo: RGB_test_0407_400_oldzy!
06-14 16:30:23.698  2018  3127 I libsensor-displayalgo: the value of  RESULT2033.090555,817.507073,1020.438830,332.922645
06-14 16:30:23.698  2018  3127 I libsensor-displayalgo: the value of  getChannelDataCalibrated2131.584458,757.169122,1186.060317,363.362664
06-14 16:30:23.698  2018  3127 I libsensor-displayalgo: the value of  REAL LUX181.890549
06-14 16:30:23.698  2018  3127 I libsensor-displayalgo: the value of  CAL REAL LUX181.890549
06-14 16:30:23.705 24578 24578 I HandWritingStubImpl: isKeyboardTypeChanged: false
06-14 16:30:23.712 24578 24578 I HandWritingStubImpl: isKeyboardTypeChanged: false
06-14 16:30:23.721 24578 24578 I HandWritingStubImpl: isKeyboardTypeChanged: false
06-14 16:30:23.730 24578 24578 I HandWritingStubImpl: isKeyboardTypeChanged: false
06-14 16:30:23.738 24578 24578 I HandWritingStubImpl: isKeyboardTypeChanged: false
06-14 16:30:23.746 24578 24578 I HandWritingStubImpl: isKeyboardTypeChanged: false
06-14 16:30:23.754 24578 24578 I HandWritingStubImpl: isKeyboardTypeChanged: false
06-14 16:30:23.760  1265  2358 I vendor.qti.hardware.display.composer-service: FrameNotifyProcess Sensor: notify citsensorservice to trigger cwb
06-14 16:30:23.760  2018  3874 I libcitsensorservice@2.0-impl: msg_transfer
06-14 16:30:23.760  2018  3098 D vendor.xiaomi.sensor.citsensorservice@2.0-service: handle id:9 wxh:1280x2400 uwxuh:1080x2400 size: 9216000 fd:15 fd_meta:16 flags:0x4000228 usage:0x33  format:0x3 layer_count: 1
06-14 16:30:23.761  1265  1890 I SDM     : HWCSession::SetCWBOutputBuffer: CWB config passed by cwb_client : tappoint 1  CWB_ROI : (829.000000 4.000000 915.000000 90.000000)
06-14 16:30:23.762 24578 24578 I HandWritingStubImpl: isKeyboardTypeChanged: false
06-14 16:30:23.762  1265 27421 I SDM     : HWCSession::ProcessRequests: Successfully configured CWB buffer.
06-14 16:30:23.770 24578 24578 I HandWritingStubImpl: isKeyboardTypeChanged: false
06-14 16:30:23.771  1265 27421 I SDM     : HWCSession::ProcessRequests: Pushing release fence in fenece wait queue.
06-14 16:30:23.771  1265 27421 I SDM     : HWCSession::ProcessRequests: Creating AsyncFenceWaits async thread.
06-14 16:30:23.771  1265 27421 I SDM     : HWCSession::ProcessRequests: Remove current CWB request from the pending request queue.
06-14 16:30:23.771  1265 27421 I SDM     : HWCSession::ProcessRequests: No pending cwb requests found in the queue.
06-14 16:30:23.778  1265  1584 I SDM     : HWDeviceDRM::SetupConcurrentWriteback: Tear down the Concurrent Writeback topology
06-14 16:30:23.779 24578 24578 I HandWritingStubImpl: isKeyboardTypeChanged: false
06-14 16:30:23.784  1265 27422 I SDM     : HWCSession::NotifyCWBStatus: Notify the client about buffer status 0.
06-14 16:30:23.785  1265 27422 I SDM     : HWCSession::PerformFenceWaits: Remove current release fence from the pending fence wait queue.
06-14 16:30:23.785  1265 27422 I SDM     : HWCSession::PerformFenceWaits: CWB fence queue is empty. No pending release fence to wait on.
06-14 16:30:23.788 24578 24578 I HandWritingStubImpl: isKeyboardTypeChanged: false
06-14 16:30:23.795 24578 24578 I HandWritingStubImpl: isKeyboardTypeChanged: false
06-14 16:30:23.803 24578 24578 I HandWritingStubImpl: isKeyboardTypeChanged: false
06-14 16:30:23.812 24578 24578 I HandWritingStubImpl: isKeyboardTypeChanged: false
06-14 16:30:23.820 24578 24578 I HandWritingStubImpl: isKeyboardTypeChanged: false
06-14 16:30:23.828 24578 24578 I HandWritingStubImpl: isKeyboardTypeChanged: false
06-14 16:30:23.836 24578 24578 I HandWritingStubImpl: isKeyboardTypeChanged: false
06-14 16:30:23.844 24578 24578 I HandWritingStubImpl: isKeyboardTypeChanged: false
06-14 16:30:23.853 24578 24578 I HandWritingStubImpl: isKeyboardTypeChanged: false
06-14 16:30:23.861 24578 24578 I HandWritingStubImpl: isKeyboardTypeChanged: false
06-14 16:30:23.870 24578 24578 I HandWritingStubImpl: isKeyboardTypeChanged: false
06-14 16:30:23.878 24578 24578 I HandWritingStubImpl: isKeyboardTypeChanged: false
06-14 16:30:23.887 24578 24578 I HandWritingStubImpl: isKeyboardTypeChanged: false
06-14 16:30:23.894 24578 24578 I HandWritingStubImpl: isKeyboardTypeChanged: false
06-14 16:30:23.902 24578 24578 I HandWritingStubImpl: isKeyboardTypeChanged: false
06-14 16:30:23.911 24578 24578 I HandWritingStubImpl: isKeyboardTypeChanged: false
06-14 16:30:23.918 24578 24578 I HandWritingStubImpl: isKeyboardTypeChanged: false
06-14 16:30:23.927 24578 24578 I HandWritingStubImpl: isKeyboardTypeChanged: false
06-14 16:30:23.935 24578 24578 I HandWritingStubImpl: isKeyboardTypeChanged: false
06-14 16:30:23.944 24578 24578 I HandWritingStubImpl: isKeyboardTypeChanged: false
06-14 16:30:23.952 24578 24578 I HandWritingStubImpl: isKeyboardTypeChanged: false
06-14 16:30:23.960 24578 24578 I HandWritingStubImpl: isKeyboardTypeChanged: false
06-14 16:30:23.966 13036 13188 D MemoryCeilingMonitor: [handleMemoryCalculate]
06-14 16:30:23.967 13036 13188 D MemoryCeilingMonitor: [calculate] tot: 5782768, max: 268435456, free: 944320, heap: 4838448, per: 0.01802462339401245
06-14 16:30:23.968 24578 24578 I HandWritingStubImpl: isKeyboardTypeChanged: false
06-14 16:30:23.976 24578 24578 I HandWritingStubImpl: isKeyboardTypeChanged: false
06-14 16:30:23.986 24578 24578 I HandWritingStubImpl: isKeyboardTypeChanged: false
06-14 16:30:23.992 24578 24578 I HandWritingStubImpl: isKeyboardTypeChanged: false
06-14 16:30:23.996  2018  3127 D libsensor-displayalgo: the value of  brightness:438.000000,R:43256335.296574,G:42113114.619283,B:14359036.356346,EVENT_C:5184.000000,EVENT_R:2009.500000,EVENT_G:2644.000000,EVENT_B:1007.500000
06-14 16:30:23.997  2018  3127 I libsensor-displayalgo: the value of  Coef1:1107.681000,Coef4:2.383000, scale1:0.935522, scale4:0.923264
06-14 16:30:23.997  2018  3127 E libsensor-displayalgo: RGB_test_0407_400_oldzy!
06-14 16:30:23.997  2018  3127 I libsensor-displayalgo: the value of  RESULT2033.090555,817.507073,1020.438830,332.922645
06-14 16:30:23.997  2018  3127 I libsensor-displayalgo: the value of  getChannelDataCalibrated2131.584458,757.169122,1186.060317,363.362664
06-14 16:30:23.997  2018  3127 I libsensor-displayalgo: the value of  REAL LUX182.217636
06-14 16:30:23.997  2018  3127 I libsensor-displayalgo: the value of  CAL REAL LUX182.217636
06-14 16:30:24.009 24578 24578 I HandWritingStubImpl: isKeyboardTypeChanged: false
06-14 16:30:24.017 24578 24578 I HandWritingStubImpl: isKeyboardTypeChanged: false
06-14 16:30:24.025 24578 24578 I HandWritingStubImpl: isKeyboardTypeChanged: false
06-14 16:30:24.034 24578 24578 I HandWritingStubImpl: isKeyboardTypeChanged: false
06-14 16:30:24.042 24578 24578 I HandWritingStubImpl: isKeyboardTypeChanged: false
06-14 16:30:24.047 13036 13231 D WorkerThreadMonitor: Kill MSF check result[ senderSize:0,sendInterval:54821,receiveInterval=24730,addCmdCount=142
06-14 16:30:24.050 24578 24578 I HandWritingStubImpl: isKeyboardTypeChanged: false
06-14 16:30:24.058 24578 24578 I HandWritingStubImpl: isKeyboardTypeChanged: false
06-14 16:30:24.065  1265  2358 I vendor.qti.hardware.display.composer-service: FrameNotifyProcess Sensor: notify citsensorservice to trigger cwb
06-14 16:30:24.066  2018  2108 I libcitsensorservice@2.0-impl: msg_transfer
06-14 16:30:24.066  2018  3098 D vendor.xiaomi.sensor.citsensorservice@2.0-service: handle id:9 wxh:1280x2400 uwxuh:1080x2400 size: 9216000 fd:15 fd_meta:16 flags:0x4000228 usage:0x33  format:0x3 layer_count: 1
06-14 16:30:24.067  1265  1890 I SDM     : HWCSession::SetCWBOutputBuffer: CWB config passed by cwb_client : tappoint 1  CWB_ROI : (829.000000 4.000000 915.000000 90.000000)
06-14 16:30:24.067 24578 24578 I HandWritingStubImpl: isKeyboardTypeChanged: false
06-14 16:30:24.067  1265 27423 I SDM     : HWCSession::ProcessRequests: Successfully configured CWB buffer.
06-14 16:30:24.075 24578 24578 I HandWritingStubImpl: isKeyboardTypeChanged: false
06-14 16:30:24.076  1265 27423 I SDM     : HWCSession::ProcessRequests: Pushing release fence in fenece wait queue.
06-14 16:30:24.076  1265 27423 I SDM     : HWCSession::ProcessRequests: Creating AsyncFenceWaits async thread.
06-14 16:30:24.076  1265 27423 I SDM     : HWCSession::ProcessRequests: Remove current CWB request from the pending request queue.
06-14 16:30:24.077  1265 27423 I SDM     : HWCSession::ProcessRequests: No pending cwb requests found in the queue.
06-14 16:30:24.082  1265  1584 I SDM     : HWDeviceDRM::SetupConcurrentWriteback: Tear down the Concurrent Writeback topology
06-14 16:30:24.083 24578 24578 I HandWritingStubImpl: isKeyboardTypeChanged: false
06-14 16:30:24.088  1265 27424 I SDM     : HWCSession::NotifyCWBStatus: Notify the client about buffer status 0.
06-14 16:30:24.089  1265 27424 I SDM     : HWCSession::PerformFenceWaits: Remove current release fence from the pending fence wait queue.
06-14 16:30:24.089  1265 27424 I SDM     : HWCSession::PerformFenceWaits: CWB fence queue is empty. No pending release fence to wait on.
06-14 16:30:24.092 24578 24578 I HandWritingStubImpl: isKeyboardTypeChanged: false
06-14 16:30:24.099 24578 24578 I HandWritingStubImpl: isKeyboardTypeChanged: false
06-14 16:30:24.107 24578 24578 I HandWritingStubImpl: isKeyboardTypeChanged: false
06-14 16:30:24.116 24578 24578 I HandWritingStubImpl: isKeyboardTypeChanged: false
06-14 16:30:24.124 24578 24578 I HandWritingStubImpl: isKeyboardTypeChanged: false
06-14 16:30:24.132 24578 24578 I HandWritingStubImpl: isKeyboardTypeChanged: false
06-14 16:30:24.140 24578 24578 I HandWritingStubImpl: isKeyboardTypeChanged: false
06-14 16:30:24.149 24578 24578 I HandWritingStubImpl: isKeyboardTypeChanged: false
06-14 16:30:24.157 24578 24578 I HandWritingStubImpl: isKeyboardTypeChanged: false
06-14 16:30:24.166 24578 24578 I HandWritingStubImpl: isKeyboardTypeChanged: false
06-14 16:30:24.174 24578 24578 I HandWritingStubImpl: isKeyboardTypeChanged: false
06-14 16:30:24.182 24578 24578 I HandWritingStubImpl: isKeyboardTypeChanged: false
06-14 16:30:24.191 24578 24578 I HandWritingStubImpl: isKeyboardTypeChanged: false
06-14 16:30:24.199 24578 24578 I HandWritingStubImpl: isKeyboardTypeChanged: false
06-14 16:30:24.204  5809 27337 I SafeBinderCall: onPositionChange binder cost:0
06-14 16:30:24.205  4233  4233 D MiPlayDetailViewModel: onPositionChange(): position = 13029
06-14 16:30:24.206 24578 24578 I HandWritingStubImpl: isKeyboardTypeChanged: false
06-14 16:30:24.214 24578 24578 I HandWritingStubImpl: isKeyboardTypeChanged: false
06-14 16:30:24.223 24578 24578 I HandWritingStubImpl: isKeyboardTypeChanged: false
06-14 16:30:24.231 24578 24578 I HandWritingStubImpl: isKeyboardTypeChanged: false
06-14 16:30:24.239 24578 24578 I HandWritingStubImpl: isKeyboardTypeChanged: false
06-14 16:30:24.248 24578 24578 I HandWritingStubImpl: isKeyboardTypeChanged: false
06-14 16:30:24.256 24578 24578 I HandWritingStubImpl: isKeyboardTypeChanged: false
06-14 16:30:24.264 24578 24578 I HandWritingStubImpl: isKeyboardTypeChanged: false
06-14 16:30:24.273 24578 24578 I HandWritingStubImpl: isKeyboardTypeChanged: false
06-14 16:30:24.281 24578 24578 I HandWritingStubImpl: isKeyboardTypeChanged: false
06-14 16:30:24.283  5405  9716 D SLM-SRV-SLAService: checktemp temperature = 36306 temperature_average = 36113 isPerformanceMode = false thermal_enable_slm = true
06-14 16:30:24.289 24578 24578 I HandWritingStubImpl: isKeyboardTypeChanged: false
06-14 16:30:24.296  2018  3127 D libsensor-displayalgo: the value of  brightness:438.000000,R:43256335.296574,G:42113114.619283,B:14359036.356346,EVENT_C:5183.500000,EVENT_R:2009.000000,EVENT_G:2643.000000,EVENT_B:1007.000000
06-14 16:30:24.296  2018  3127 I libsensor-displayalgo: the value of  Coef1:1107.681000,Coef4:2.383000, scale1:0.935522, scale4:0.923264
06-14 16:30:24.296  2018  3127 E libsensor-displayalgo: RGB_test_0407_400_oldzy!
06-14 16:30:24.296  2018  3127 I libsensor-displayalgo: the value of  RESULT2033.090555,817.507073,1020.438830,332.922645
06-14 16:30:24.296  2018  3127 I libsensor-displayalgo: the value of  getChannelDataCalibrated2131.584458,757.169122,1186.060317,363.362664
06-14 16:30:24.296  2018  3127 I libsensor-displayalgo: the value of  REAL LUX182.196304
06-14 16:30:24.296  2018  3127 I libsensor-displayalgo: the value of  CAL REAL LUX182.196304
06-14 16:30:24.299 24578 24578 I HandWritingStubImpl: isKeyboardTypeChanged: false
06-14 16:30:24.306 24578 24578 I HandWritingStubImpl: isKeyboardTypeChanged: false
06-14 16:30:24.313 24578 24578 I HandWritingStubImpl: isKeyboardTypeChanged: false
06-14 16:30:24.322 24578 24578 I HandWritingStubImpl: isKeyboardTypeChanged: false
06-14 16:30:24.330 24578 24578 I HandWritingStubImpl: isKeyboardTypeChanged: false
06-14 16:30:24.338 24578 24578 I HandWritingStubImpl: isKeyboardTypeChanged: false
06-14 16:30:24.347 24578 24578 I HandWritingStubImpl: isKeyboardTypeChanged: false
06-14 16:30:24.355 24578 24578 I HandWritingStubImpl: isKeyboardTypeChanged: false
06-14 16:30:24.363 24578 24578 I HandWritingStubImpl: isKeyboardTypeChanged: false
06-14 16:30:24.368  1930  1967 I mstatdaemon: Entering time loop
06-14 16:30:24.369  1930  1967 I mstatdaemon: t = 1686731424
06-14 16:30:24.369  1930  1967 I mstatdaemon: translated_t = 1370741424
06-14 16:30:24.369  1930  1967 I mstat_log: mstatcommitLog log_alloc() failed
06-14 16:30:24.370  1265  2358 I vendor.qti.hardware.display.composer-service: FrameNotifyProcess Sensor: notify citsensorservice to trigger cwb
06-14 16:30:24.371  2018  7182 I libcitsensorservice@2.0-impl: msg_transfer
06-14 16:30:24.371  2018  3098 D vendor.xiaomi.sensor.citsensorservice@2.0-service: handle id:9 wxh:1280x2400 uwxuh:1080x2400 size: 9216000 fd:15 fd_meta:16 flags:0x4000228 usage:0x33  format:0x3 layer_count: 1
06-14 16:30:24.372  1265  1890 I SDM     : HWCSession::SetCWBOutputBuffer: CWB config passed by cwb_client : tappoint 1  CWB_ROI : (829.000000 4.000000 915.000000 90.000000)
06-14 16:30:24.372 24578 24578 I HandWritingStubImpl: isKeyboardTypeChanged: false
06-14 16:30:24.373  1265 27425 I SDM     : HWCSession::ProcessRequests: Successfully configured CWB buffer.
06-14 16:30:24.379 24578 24578 I HandWritingStubImpl: isKeyboardTypeChanged: false
06-14 16:30:24.380  1265 27425 I SDM     : HWCSession::ProcessRequests: Pushing release fence in fenece wait queue.
06-14 16:30:24.380  1265 27425 I SDM     : HWCSession::ProcessRequests: Creating AsyncFenceWaits async thread.
06-14 16:30:24.380  1265 27425 I SDM     : HWCSession::ProcessRequests: Remove current CWB request from the pending request queue.
06-14 16:30:24.380  1265 27425 I SDM     : HWCSession::ProcessRequests: No pending cwb requests found in the queue.
06-14 16:30:24.386  1265  1584 I SDM     : HWDeviceDRM::SetupConcurrentWriteback: Tear down the Concurrent Writeback topology
06-14 16:30:24.388 24578 24578 I HandWritingStubImpl: isKeyboardTypeChanged: false
06-14 16:30:24.393  1265 27426 I SDM     : HWCSession::NotifyCWBStatus: Notify the client about buffer status 0.
06-14 16:30:24.394  1265 27426 I SDM     : HWCSession::PerformFenceWaits: Remove current release fence from the pending fence wait queue.
06-14 16:30:24.394  1265 27426 I SDM     : HWCSession::PerformFenceWaits: CWB fence queue is empty. No pending release fence to wait on.
06-14 16:30:24.397 24578 24578 I HandWritingStubImpl: isKeyboardTypeChanged: false
06-14 16:30:24.404 24578 24578 I HandWritingStubImpl: isKeyboardTypeChanged: false
06-14 16:30:24.412 24578 24578 I HandWritingStubImpl: isKeyboardTypeChanged: false
06-14 16:30:24.421 24578 24578 I HandWritingStubImpl: isKeyboardTypeChanged: false
06-14 16:30:24.429 24578 24578 I HandWritingStubImpl: isKeyboardTypeChanged: false
06-14 16:30:24.437 24578 24578 I HandWritingStubImpl: isKeyboardTypeChanged: false
06-14 16:30:24.445 24578 24578 I HandWritingStubImpl: isKeyboardTypeChanged: false
06-14 16:30:24.454 24578 24578 I HandWritingStubImpl: isKeyboardTypeChanged: false
06-14 16:30:24.462 24578 24578 I HandWritingStubImpl: isKeyboardTypeChanged: false
06-14 16:30:24.470 24578 24578 I HandWritingStubImpl: isKeyboardTypeChanged: false
06-14 16:30:24.478 24578 24578 I HandWritingStubImpl: isKeyboardTypeChanged: false
06-14 16:30:24.486 24578 24578 I HandWritingStubImpl: isKeyboardTypeChanged: false
06-14 16:30:24.497 24578 24578 I HandWritingStubImpl: isKeyboardTypeChanged: false
06-14 16:30:24.504 24578 24578 I HandWritingStubImpl: isKeyboardTypeChanged: false
06-14 16:30:24.511 24578 24578 I HandWritingStubImpl: isKeyboardTypeChanged: false
06-14 16:30:24.519 24578 24578 I HandWritingStubImpl: isKeyboardTypeChanged: false
06-14 16:30:24.528 24578 24578 I HandWritingStubImpl: isKeyboardTypeChanged: false
06-14 16:30:24.536 24578 24578 I HandWritingStubImpl: isKeyboardTypeChanged: false
06-14 16:30:24.544 24578 24578 I HandWritingStubImpl: isKeyboardTypeChanged: false
06-14 16:30:24.552 24578 24578 I HandWritingStubImpl: isKeyboardTypeChanged: false
06-14 16:30:24.560  2431  2939 D MIUIInput: [MotionEvent] notifyMotion - eventTime=10911399227000, deviceId=8, source=0x1002, policyFlags=0x0, action=0x0, flags=0x0, downTime=10911399227000, moveCount:0
06-14 16:30:24.561 24578 24578 I HandWritingStubImpl: isKeyboardTypeChanged: false
06-14 16:30:24.561  2431  2938 D MIUIInput: [MotionEvent] publisher action=0x0, 10911399, channel '88d892c GestureStubHome (server)'
06-14 16:30:24.564  1408  2343 D RefreshRateConfigs: TouchBoost - choose 120.00fps
06-14 16:30:24.568  4258  4258 D MIUIInput: [MotionEvent] ViewRootImpl windowName 'GestureStubHome', { action=ACTION_DOWN, id[0]=0, pointerCount=1, eventTime=10911399, downTime=10911399, phoneEventTime=16:30:24.561 } moveCount:0
06-14 16:30:24.569 24578 24578 I HandWritingStubImpl: isKeyboardTypeChanged: false
06-14 16:30:24.570  4258  4258 D NavStubView: onTouchEvent: action=0, count=1
06-14 16:30:24.571  4258  4258 D NavStubView: onTouch ACTION_DOWN sendMessageDelayed MSG_CHECK_GESTURE_STUB_TOUCHABLE
06-14 16:30:24.573  2431  3462 D SchedBoost: startBoostInternal 2000
06-14 16:30:24.573  2431  3462 D SchedBoost: ready to boost
06-14 16:30:24.576  2431  3462 D SchedBoost: startBoostInternal 2000
06-14 16:30:24.576  2431  3462 D SchedBoost: ready to boost
06-14 16:30:24.576  1280  1420 E ANDR-PERF-OPTSHANDLER: checkAlreadySetCpuset: fopen failed, errno Permission denied, trying pgid as pid to check
06-14 16:30:24.577 24578 24578 I HandWritingStubImpl: isKeyboardTypeChanged: false
06-14 16:30:24.585 24578 24578 I HandWritingStubImpl: isKeyboardTypeChanged: false
06-14 16:30:24.593 24578 24578 I HandWritingStubImpl: isKeyboardTypeChanged: false
06-14 16:30:24.597  2018  3127 D libsensor-displayalgo: the value of  brightness:438.000000,R:43256335.296574,G:42113114.619283,B:14359036.356346,EVENT_C:5183.000000,EVENT_R:2009.500000,EVENT_G:2641.500000,EVENT_B:1007.500000
06-14 16:30:24.597  2018  3127 I libsensor-displayalgo: the value of  Coef1:1107.681000,Coef4:2.383000, scale1:0.935522, scale4:0.923264
06-14 16:30:24.597  2018  3127 E libsensor-displayalgo: RGB_test_0407_400_oldzy!
06-14 16:30:24.598  2018  3127 I libsensor-displayalgo: the value of  RESULT2033.090555,817.507073,1020.438830,332.922645
06-14 16:30:24.598  2018  3127 I libsensor-displayalgo: the value of  getChannelDataCalibrated2131.584458,757.169122,1186.060317,363.362664
06-14 16:30:24.598  2018  3127 I libsensor-displayalgo: the value of  REAL LUX182.033325
06-14 16:30:24.598  2018  3127 I libsensor-displayalgo: the value of  CAL REAL LUX182.033325
06-14 16:30:24.603 24578 24578 I HandWritingStubImpl: isKeyboardTypeChanged: false
06-14 16:30:24.609  4258  4258 D NavStubView: onTouchEvent: action=2, count=1
06-14 16:30:24.610  4258  4495 D MiBridge: requestCpuHighFreq---- uid: 10079 level: 1 timeoutms:1000
06-14 16:30:24.610 24578 24578 I HandWritingStubImpl: isKeyboardTypeChanged: false
06-14 16:30:24.610  1893  1925 W MiuiBooster: "MiuiBoosterService requestCpuHighFreq: 10079, 1, 1000"
06-14 16:30:24.610  1893  1925 W MiuiBooster: "requestCpuHighFreq,final level:1,final timeoutms:1000"
06-14 16:30:24.610  1893  1925 W MiuiBooster: "perf_hint_hc start"
06-14 16:30:24.610  1893  1925 W MiuiBooster: "big_core_value[level-1]:4095"
06-14 16:30:24.610  1893  1925 W MiuiBooster: "little_core_value[level-1]:4095"
06-14 16:30:24.608  1280  1280 W perf-hal-servic: type=1400 audit(0.0:5741): avc: denied { search } for name="1893" dev="proc" ino=1858161 scontext=u:r:vendor_hal_perf_default:s0 tcontext=u:r:miuibooster:s0 tclass=dir permissive=0
06-14 16:30:24.608  1280  1280 W perf-hal-servic: type=1400 audit(0.0:5742): avc: denied { search } for name="1893" dev="proc" ino=1858161 scontext=u:r:vendor_hal_perf_default:s0 tcontext=u:r:miuibooster:s0 tclass=dir permissive=0
06-14 16:30:24.611  1893  1925 W MiuiBooster: "perf_handle:10000"
06-14 16:30:24.612  4258  4495 D MiBridge: requestCpuHighFreq handle: 1
06-14 16:30:24.612  2431  3462 D SchedBoost: startBoostInternal 2000
06-14 16:30:24.612  4258  4495 D Launcher_CPUBooster: boostCpuToMax:0
06-14 16:30:24.612  2431  3462 D SchedBoost: ready to boost
06-14 16:30:24.612  2431  3462 D SchedBoost: startBoostInternal 2000
06-14 16:30:24.612  2431  3462 D SchedBoost: ready to boost
06-14 16:30:24.618  4258  4258 D NavStubView: onTouchEvent: action=2, count=1
06-14 16:30:24.618 24578 24578 I HandWritingStubImpl: isKeyboardTypeChanged: false
06-14 16:30:24.618  4258  4258 D NavStubView: onPointEvent: rawX=563.3   rawY=2333.9001   action=0   mIsInFsMode=false
06-14 16:30:24.618  4258  4258 E RotationHelper: setCurrentTransitionRequest: request=2
06-14 16:30:24.618  4258  4258 E RotationHelper: notifyChange activityFlags=1, mMultiWindowRotationRequest=3, mCurrentTransitionRequest=2, mCurrentStateRequest=0
06-14 16:30:24.618  4258  4258 W RecentsModel: getRunningTaskContainHome
06-14 16:30:24.620  4258  4258 W RecentsModel: getRunningTask   taskInfo=TaskInfo{userId=0 pcFlags:0 taskId=39 displayId=0 isRunning=true baseIntent=Intent { act=android.intent.action.MAIN cat=[android.intent.category.LAUNCHER] flg=0x10200000 cmp=cn.missevan/.activity.SplashActivity } baseActivity=ComponentInfo{cn.missevan/cn.missevan.activity.MainActivity} topActivity=ComponentInfo{cn.missevan/cn.missevan.activity.MainActivity} origActivity=null realActivity=ComponentInfo{cn.missevan/cn.missevan.activity.SplashActivity} numActivities=1 lastActiveTime=19998222 supportsSplitScreenMultiWindow=true supportsMultiWindow=true resizeMode=1 isResizeable=true token=WCT{android.window.IWindowContainerToken$Stub$Proxy@99970ab} topActivityType=1 pictureInPictureParams=PictureInPictureParams( aspectRatio=null sourceRectHint=null hasSetActions=false isAutoPipEnabled=false isSeamlessResizeEnabled=true) displayCutoutSafeInsets=null topActivityInfo=ActivityInfo{5eb4308 cn.missevan.activity.MainActivity} launchCookies=[] positionInParent=Point(0, 0) parentTaskId=-1 isFocused=true isVisible=true topActivityInSizeCompat=false topActivityInMiuiSizeCompat=false locusId= null windowMode=0}
06-14 16:30:24.620  4258  4258 W RecentsModel: getTaskInfoIgnoreFreeform   taskInfo=ComponentInfo{cn.missevan/cn.missevan.activity.MainActivity}
06-14 16:30:24.620  2431  2635 D PerfImpl: perfGetWorkLoadType
06-14 16:30:24.620  4258  4258 D NavStubView: current window mode:2 (1:home, 2:app, 3:recent-task, 4:keyguard, 5:quick-switch, 6:assistant, 7:one-hand)
06-14 16:30:24.620  4258  4258 W NavStubView: mIsBlockedAfterExitSmallWindowMode=false
06-14 16:30:24.620  4258  4258 W NavStubView: mIsBlockedAfterStartNewTask=false
06-14 16:30:24.620  4258  4258 D NavStubView: isAppHandleGesture, runningTaskClassName=cn.missevan.activity.MainActivity, isAppHandleGesture=false
06-14 16:30:24.620  2431  2635 D PerfImpl: perfScrollBoost: cn.missevan, -1, 4
06-14 16:30:24.620  5858  7526 I DisplayFrameSetting: appToHomeGestrueStart is back to home, during gesture setFps: 120
06-14 16:30:24.621  2431  2635 D PerfImpl: perfGetWorkLoadType
06-14 16:30:24.621  5858  7526 I DisplayFrameSetting: setScreenEffect pkg=cn.missevan fps=120 cookie=244
06-14 16:30:24.621  4258  4258 E BlurUtils: fastBlur ratio=0.0   withAnim=false   sBlurRatioValue=0.0
06-14 16:30:24.621  4258  4258 E Launcher: changeViewByFsGestureState,  view=ShortcutMenuLayer,  alpha=0.0,  scale=0.85
06-14 16:30:24.622  4258  4258 D NavStubView: NavStubView::removeAllTopWindowMessages
06-14 16:30:24.622  2431  2635 D PerfImpl: perfDragBoost: cn.missevan, -1, 1
06-14 16:30:24.622  4258  4258 D EventBus: No subscribers registered for event class com.miui.home.launcher.common.messages.CloseAllOverLauncherWindowMessage
06-14 16:30:24.622  4258  4258 D EventBus: No subscribers registered for event class org.greenrobot.eventbus.NoSubscriberEvent
06-14 16:30:24.622  4258  4258 D NavStubView: onPointEvent: rawX=562.89435   rawY=2319.496   action=2   mIsInFsMode=false
06-14 16:30:24.622  4258  4258 W GestureStateMachine: InitState msg=1
06-14 16:30:24.623  4258  4258 W GestureStateMachine: AppWaitToDragState enter
06-14 16:30:24.624  4258  4504 D RecentsTopWindowCrop_RecentsSmallWindowCrop: resetSmallWindowCrop
06-14 16:30:24.624  2431  3462 D SchedBoost: startBoostInternal 2000
06-14 16:30:24.624  2431  3462 D SchedBoost: ready to boost
06-14 16:30:24.625  2431  3462 D SchedBoost: startBoostInternal 2000
06-14 16:30:24.625  2431  3462 D SchedBoost: ready to boost
06-14 16:30:24.626  4258  4258 D NavStubView: onTouchEvent: action=2, count=1
06-14 16:30:24.626  2431  3462 D SchedBoost: startBoostInternal 2000
06-14 16:30:24.626  2431  3462 D SchedBoost: ready to boost
06-14 16:30:24.627  2431  3462 D SchedBoost: startBoostInternal 2000
06-14 16:30:24.627  2431  3462 D SchedBoost: ready to boost
06-14 16:30:24.627  4258  4258 W GestureStateMachine: AppWaitToDragState msg=3
06-14 16:30:24.627  4258  4258 D NavStubView: onPointEvent: rawX=561.4958   rawY=2297.9607   action=2   mIsInFsMode=false
06-14 16:30:24.627  4258  4386 I Launcher: notifyPowerKeeperGesture status: gesture_start
06-14 16:30:24.627  4258  4258 W GestureStateMachine: AppWaitToDragState msg=2
06-14 16:30:24.627  4258  4386 D ActivityManagerWrapper: startRecentsActivityAtLeastS
06-14 16:30:24.627  4258  4258 W GestureStateMachine: AppWaitToDragState msg=3
06-14 16:30:24.629  2431  3462 D SchedBoost: startBoostInternal 2000
06-14 16:30:24.629  2431  3462 D SchedBoost: ready to boost
06-14 16:30:24.630  2431  3462 D SchedBoost: startBoostInternal 2000
06-14 16:30:24.630  2431  3462 D SchedBoost: ready to boost
06-14 16:30:24.633  5735  5735 I GameBoosterService: onReceive: android.intent.action.CLOSE_SYSTEM_DIALOGS
06-14 16:30:24.634  1112  5383 E traffic : traffic monitor has been disabled or argment error.
06-14 16:30:24.634  4258  4258 D NavStubView: onTouchEvent: action=2, count=1
06-14 16:30:24.634 24578 24578 I HandWritingStubImpl: isKeyboardTypeChanged: false
06-14 16:30:24.635  4258  4258 D NavStubView: onPointEvent: rawX=558.80884   rawY=2277.0566   action=2   mIsInFsMode=false
06-14 16:30:24.635  4258  4258 W GestureStateMachine: AppWaitToDragState msg=3
06-14 16:30:24.636  2431  3462 D SchedBoost: startBoostInternal 2000
06-14 16:30:24.636  2431  3462 D SchedBoost: ready to boost
06-14 16:30:24.637  2431  3462 D SchedBoost: startBoostInternal 2000
06-14 16:30:24.637  2431  3462 D SchedBoost: ready to boost
06-14 16:30:24.638 16045 27430 I Market-HomeKeyReceiver: onReceive: action: android.intent.action.CLOSE_SYSTEM_DIALOGS
06-14 16:30:24.642  4258  4258 D NavStubView: onTouchEvent: action=2, count=1
06-14 16:30:24.642 24578 24578 I HandWritingStubImpl: isKeyboardTypeChanged: false
06-14 16:30:24.643  4258  4258 D NavStubView: onPointEvent: rawX=556.7163   rawY=2265.1606   action=2   mIsInFsMode=false
06-14 16:30:24.643  2431  3462 D SchedBoost: startBoostInternal 2000
06-14 16:30:24.643  2431  3462 D SchedBoost: ready to boost
06-14 16:30:24.643  2431  3462 D SchedBoost: startBoostInternal 2000
06-14 16:30:24.643  2431  3462 D SchedBoost: ready to boost
06-14 16:30:24.643  4258  4258 W GestureStateMachine: AppWaitToDragState msg=3
06-14 16:30:24.647 16045 27430 I Market-HomeKeyReceiver: reason: fs_gesture
06-14 16:30:24.648  2431  3286 I MiuiNetworkPolicyTrafficLimit: updateWhiteListUidForMobileTraffic uid=10079,add=true
06-14 16:30:24.649  4233  4233 V ShadeControllerImpl: NotificationShadeWindow: com.android.systemui.statusbar.phone.NotificationShadeWindowView{9339c3f I.E...... ......ID 0,0-1080,2400} canPanelBeCollapsed(): false
06-14 16:30:24.649  4233  4233 I vol.MiuiVolumeDialogImp-plugin: dismissH mShowing:false dialog showing:false reason:2
06-14 16:30:24.650  4258  4258 D NavStubView: onTouchEvent: action=2, count=1
06-14 16:30:24.651 24578 24578 I HandWritingStubImpl: isKeyboardTypeChanged: false
06-14 16:30:24.652  2431  3286 I MiuiNetworkPolicyTrafficLimit: updateWhiteListUidForMobileTraffic uid=10068,add=true
06-14 16:30:24.653  2431  3286 D MiuiNetworkPolicyTrafficLimit: updateWhiteListUidForMobileTraffic rst=true
06-14 16:30:24.653  2431  3462 D SchedBoost: startBoostInternal 2000
06-14 16:30:24.653  2431  3462 D SchedBoost: ready to boost
06-14 16:30:24.653  2431  3462 D SchedBoost: startBoostInternal 2000
06-14 16:30:24.653  2431  3462 D SchedBoost: ready to boost
06-14 16:30:24.655  2431  3286 D MiuiNetworkPolicyTrafficLimit: updateWhiteListUidForMobileTraffic rst=true
06-14 16:30:24.659 24578 24578 I HandWritingStubImpl: isKeyboardTypeChanged: false
06-14 16:30:24.660  2431  6149 I WindowManagerService: Physical orientation applied, rotation=0 sfOrientation=ORIENTATION_0
06-14 16:30:24.661  4258  4258 W GestureStateMachine: AppWaitToDragState msg=2
06-14 16:30:24.661  4258  4258 D Launcher.Lifecycle: onStart:UserHandle{0},7fa0569,false
06-14 16:30:24.662  4258  4258 D NavStubView: onPointEvent: rawX=553.9372   rawY=2253.3167   action=2   mIsInFsMode=false
06-14 16:30:24.663  4258  4258 D NavStubView: onTouchEvent: action=2, count=1
06-14 16:30:24.664  2431  3462 D SchedBoost: startBoostInternal 2000
06-14 16:30:24.665  2431  3462 D SchedBoost: ready to boost
06-14 16:30:24.666  2431  3462 D SchedBoost: startBoostInternal 2000
06-14 16:30:24.666  2431  3462 D SchedBoost: ready to boost
06-14 16:30:24.666  4258  4284 D RecentsAnimationListenerImpl: onAnimationStart, homeContentInsets=Rect(0, 104 - 0, 44), minimizedHomeBounds=null
06-14 16:30:24.666  4258  4284 D RemoteAnimationTargetSet: 0, RemoteAnimationTargetCompat{taskId=2, mode=0, isTranslucent=false, clipRect=Rect(0, 0 - 0, 0), position=Point(0, 0), sourceContainerBounds=Rect(0, 0 - 1080, 2400), prefixOrderIndex=31, isNotInRecents=true, contentInsets=Rect(0, 104 - 0, 44), activityType=2, packageName=com.miui.home}
06-14 16:30:24.666  4258  4284 D RemoteAnimationTargetSet: 1, RemoteAnimationTargetCompat{taskId=39, mode=1, isTranslucent=false, clipRect=Rect(0, 0 - 0, 0), position=Point(0, 0), sourceContainerBounds=Rect(0, 0 - 1080, 2400), prefixOrderIndex=35, isNotInRecents=false, contentInsets=Rect(0, 104 - 0, 44), activityType=1, packageName=cn.missevan}
06-14 16:30:24.666  4258  4284 E ClipAnimationHelper: updateSourceStack  mSourceInsets=Rect(0, 104 - 0, 44), mSourceStackBounds=Rect(0, 0 - 1080, 2400)
06-14 16:30:24.666  4258  4284 E ClipAnimationHelper: updateHomeStack  mSourceInsets=Rect(0, 104 - 0, 44), mHomeStackBounds=Rect(0, 0 - 1080, 2400)
06-14 16:30:24.666  4258  4284 E ClipAnimationHelper: updateTargetRect  mSourceRect=RectF(0.0, 104.0, 1080.0, 2454.7234)   mTargetRect=RectF(305.0, 104.0, 775.0, 1127.0)   mSourceWindowClipInsets=RectF(0.0, 104.0, 0.0, 0.0)   mHomeStackBounds=Rect(0, 0 - 1080, 2400)   targetRect=Rect(305, 104 - 775, 1127)
06-14 16:30:24.666  4258  4284 D RecentsAnimationListenerImpl: mIsStart=true
06-14 16:30:24.667 24578 24578 I HandWritingStubImpl: isKeyboardTypeChanged: false
06-14 16:30:24.668  5647 24304 D LauncherOverlay: setActivityState:1
06-14 16:30:24.672  1265  2358 I vendor.qti.hardware.display.composer-service: FrameNotifyProcess Sensor: notify citsensorservice to trigger cwb
06-14 16:30:24.672  1408  1408 D MI-SF   : Launcher Changed hasLauncher=1
06-14 16:30:24.672  2018  2108 I libcitsensorservice@2.0-impl: msg_transfer
06-14 16:30:24.672  2018  3098 D vendor.xiaomi.sensor.citsensorservice@2.0-service: handle id:9 wxh:1280x2400 uwxuh:1080x2400 size: 9216000 fd:15 fd_meta:16 flags:0x4000228 usage:0x33  format:0x3 layer_count: 1
06-14 16:30:24.672  1265  1890 I SDM     : HWCSession::SetCWBOutputBuffer: CWB config passed by cwb_client : tappoint 1  CWB_ROI : (829.000000 4.000000 915.000000 90.000000)
06-14 16:30:24.674  1265 27431 I SDM     : HWCSession::ProcessRequests: Successfully configured CWB buffer.
06-14 16:30:24.675  2431  6208 I WindowManagerService: Physical orientation applied, rotation=0 sfOrientation=ORIENTATION_0
06-14 16:30:24.675 24578 24578 I HandWritingStubImpl: isKeyboardTypeChanged: false
06-14 16:30:24.675  2431  5845 I SmartPower.com.miui.personalassistant/10068(5647): background->visible(334243ms) R(become visible) adj=100.
06-14 16:30:24.677  2431  3472 I SmartPower: com.miui.personalassistant/10068 state=inactive adj=100 proc size=1 move to foreground become visible
06-14 16:30:24.676  4258  4258 W RenderThread: type=1400 audit(0.0:5743): avc: denied { read write } for name="metis" dev="tmpfs" ino=1128 scontext=u:r:platform_app:s0:c512,c768 tcontext=u:object_r:migt_dev:s0 tclass=chr_file permissive=0 app=com.miui.home
06-14 16:30:24.683  4258  4258 W GestureStateMachine: AppWaitToDragState msg=3
06-14 16:30:24.683  4258  4258 D NavStubView: onPointEvent: rawX=550.68585   rawY=2241.8684   action=2   mIsInFsMode=false
06-14 16:30:24.684 24578 24578 I HandWritingStubImpl: isKeyboardTypeChanged: false
06-14 16:30:24.684  4258  4258 D NavStubView: onTouchEvent: action=2, count=1
06-14 16:30:24.684  1265 27431 I SDM     : HWCSession::ProcessRequests: Pushing release fence in fenece wait queue.
06-14 16:30:24.684  1265 27431 I SDM     : HWCSession::ProcessRequests: Creating AsyncFenceWaits async thread.
06-14 16:30:24.684  1265 27431 I SDM     : HWCSession::ProcessRequests: Remove current CWB request from the pending request queue.
06-14 16:30:24.684  1265 27431 I SDM     : HWCSession::ProcessRequests: No pending cwb requests found in the queue.
06-14 16:30:24.685  4258  4258 W GestureStateMachine: AppWaitToDragState msg=2
06-14 16:30:24.685  4258  4258 W GestureStateMachine: AppWaitToDragState msg=3
06-14 16:30:24.685  4258  4258 D NavStubView: onPointEvent: rawX=540.9091   rawY=2207.178   action=2   mIsInFsMode=false
06-14 16:30:24.685  4258  4258 W GestureStateMachine: AppWaitToDragState msg=3
06-14 16:30:24.686  4258  4258 D LauncherClient.Service: service already connected:com.miui.personalassistant
06-14 16:30:24.686  2431  3462 D SchedBoost: startBoostInternal 2000
06-14 16:30:24.686  2431  3462 D SchedBoost: ready to boost
06-14 16:30:24.687  2431  3462 D SchedBoost: startBoostInternal 2000
06-14 16:30:24.687  2431  3462 D SchedBoost: ready to boost
06-14 16:30:24.687  2431  5845 I WindowManagerService: Physical orientation applied, rotation=0 sfOrientation=ORIENTATION_0
06-14 16:30:24.689  1265  1584 I SDM     : HWDeviceDRM::SetupConcurrentWriteback: Tear down the Concurrent Writeback topology
06-14 16:30:24.692  4258  4258 D NavStubView: onTouchEvent: action=2, count=1
06-14 16:30:24.692 24578 24578 I HandWritingStubImpl: isKeyboardTypeChanged: false
06-14 16:30:24.692  4258  4258 D NavStubView: onPointEvent: rawX=538.12054   rawY=2196.4192   action=2   mIsInFsMode=false
06-14 16:30:24.693  4258  4258 W GestureStateMachine: AppWaitToDragState msg=3
06-14 16:30:24.694  2431  3462 D SchedBoost: startBoostInternal 2000
06-14 16:30:24.694  2431  3462 D SchedBoost: ready to boost
06-14 16:30:24.694  2431  3462 D SchedBoost: startBoostInternal 2000
06-14 16:30:24.695  2431  3462 D SchedBoost: ready to boost
06-14 16:30:24.699  4258  4258 W GestureStateMachine: AppWaitToDragState msg=2
06-14 16:30:24.699  5647  5647 D LauncherOverlay.Window: onStart
06-14 16:30:24.700  4258  4258 D NavStubView: onTouchEvent: action=2, count=1
06-14 16:30:24.700  1265 27434 I SDM     : HWCSession::NotifyCWBStatus: Notify the client about buffer status 0.
06-14 16:30:24.700  4258  4258 W GestureStateMachine: AppWaitToDragState msg=11
06-14 16:30:24.700  4258  4258 D NavStubView: onPointEvent: rawX=535.6353   rawY=2185.5864   action=2   mIsInFsMode=false
06-14 16:30:24.701  1265 27434 I SDM     : HWCSession::PerformFenceWaits: Remove current release fence from the pending fence wait queue.
06-14 16:30:24.701  1265 27434 I SDM     : HWCSession::PerformFenceWaits: CWB fence queue is empty. No pending release fence to wait on.
06-14 16:30:24.701  4258  4258 W GestureStateMachine: AppDragState msg=3
06-14 16:30:24.702  2431  4925 I WindowManagerService: Physical orientation applied, rotation=0 sfOrientation=ORIENTATION_0
06-14 16:30:24.702  2431  3462 D SchedBoost: startBoostInternal 2000
06-14 16:30:24.702  2431  3462 D SchedBoost: ready to boost
06-14 16:30:24.702 24578 24578 I HandWritingStubImpl: isKeyboardTypeChanged: false
06-14 16:30:24.702  3896  4700 W OpenGLRenderer: Surface doesn't have any previously queued frames, nothing to readback from
06-14 16:30:24.704  2431  3462 D SchedBoost: startBoostInternal 2000
06-14 16:30:24.704  2431  3462 D SchedBoost: ready to boost
06-14 16:30:24.706  3896  3983 D HomeWallpaperRenderer: OFFSET  x: 1.0  y: 0.0
06-14 16:30:24.707  5647 24304 I OpenGLRenderer: Davey! duration=1326133ms; Flags=1, FrameTimelineVsyncId=819242, IntendedVsync=9585400742928, Vsync=9585400742928, InputEventId=1280976042, HandleInputStart=9585401155039, AnimationStart=9585401155925, PerformTraversalsStart=9585401156341, DrawStart=9585432961862, FrameDeadline=9585422742927, FrameInterval=9585401117800, FrameStartTime=8333333, SyncQueued=9585433274414, SyncStart=9585436600143, IssueDrawCommandsStart=9585436756185, SwapBuffers=9585437497643, FrameCompleted=10911537390471, DequeueBufferDuration=11303, QueueBufferDuration=533490, GpuCompleted=10911537390471, SwapBuffersCompleted=9585438444102, DisplayPresentTime=0,
06-14 16:30:24.709  4258  4258 D NavStubView: onTouchEvent: action=2, count=1
06-14 16:30:24.709 24578 24578 I HandWritingStubImpl: isKeyboardTypeChanged: false
06-14 16:30:24.710  4258  4258 D NavStubView: onPointEvent: rawX=533.63477   rawY=2175.5166   action=2   mIsInFsMode=false
06-14 16:30:24.710  2431  3462 D SchedBoost: startBoostInternal 2000
06-14 16:30:24.710  2431  3462 D SchedBoost: ready to boost
06-14 16:30:24.710  2431  3462 D SchedBoost: startBoostInternal 2000
06-14 16:30:24.710  2431  3462 D SchedBoost: ready to boost
06-14 16:30:24.710  4258  4258 W GestureStateMachine: AppDragState msg=3
06-14 16:30:24.715  4258  4258 W GestureStateMachine: AppDragState msg=2
06-14 16:30:24.716  4258  4258 D NavStubView: onTouchEvent: action=2, count=1
06-14 16:30:24.717 24578 24578 I HandWritingStubImpl: isKeyboardTypeChanged: false
06-14 16:30:24.717  4258  4258 D NavStubView: onPointEvent: rawX=532.1929   rawY=2166.4219   action=2   mIsInFsMode=false
06-14 16:30:24.717  4258  4258 W GestureStateMachine: AppDragState msg=3
06-14 16:30:24.721  2431  2638 D PerfImpl: perfFirstDrawBoost: com.miui.home, 4258, 1
06-14 16:30:24.721  2431  3462 D SchedBoost: startBoostInternal 2000
06-14 16:30:24.721  2431  3462 D SchedBoost: ready to boost
06-14 16:30:24.721  1280  5192 E ANDR-PERF-LM: ThreadHelper: thread_callback() 145: More than one pending updates!!! This should not happen. MeterMgr should avoid this case.
06-14 16:30:24.722  2431  3462 D SchedBoost: startBoostInternal 2000
06-14 16:30:24.722  2431  3462 D SchedBoost: ready to boost
06-14 16:30:24.725  4258  4258 D NavStubView: onTouchEvent: action=2, count=1
06-14 16:30:24.725 24578 24578 I HandWritingStubImpl: isKeyboardTypeChanged: false
06-14 16:30:24.725  4258  4258 D NavStubView: onPointEvent: rawX=531.5124   rawY=2157.9778   action=2   mIsInFsMode=false
