12-22 12:27:02.031  9868 10210 E Launcher.Transfer: transfer is closed
12-22 12:27:02.081  2027  3285 D libsensor-displayalgo: the value of  brightness:386.000000,R:49697880.474774,G:48833551.942883,B:45026619.509711,EVENT_C:3966.500000,EVENT_R:1774.500000,EVENT_G:2068.000000,EVENT_B:908.500000
12-22 12:27:02.081  2027  3285 I libsensor-displayalgo: the value of  Coef1:1107.681000,Coef4:2.383000, scale1:0.935522, scale4:0.923264
12-22 12:27:02.081  2027  3285 E libsensor-displayalgo: RGB_test_0407_400_oldzy!
12-22 12:27:02.081  2027  3285 I libsensor-displayalgo: the value of  RESULT2109.449286,832.449405,1047.425484,372.165866
12-22 12:27:02.081  2027  3285 I libsensor-displayalgo: the value of  getChannelDataCalibrated2203.023629,771.889002,1210.212414,403.154443
12-22 12:27:02.081  2027  3285 I libsensor-displayalgo: the value of  REAL LUX84.633690
12-22 12:27:02.081  2027  3285 I libsensor-displayalgo: the value of  CAL REAL LUX84.633690
12-22 12:27:02.081  2027  3285 I libsensor-ssccalapi: value of set_lux: 64.959343
12-22 12:27:02.140  1267  5427 E ANDR-PERF-LM: SilkyScrolls: emptyContentDetection() 636: empty Content found
12-22 12:27:02.164  1251  2448 I vendor.qti.hardware.display.composer-service: FrameNotifyProcess Sensor: notify citsensorservice to trigger cwb
12-22 12:27:02.164  2027  2096 I libcitsensorservice@2.0-impl: msg_transfer
12-22 12:27:02.165  2027  3266 D vendor.xiaomi.sensor.citsensorservice@2.0-service: handle id:10 wxh:1280x2400 uwxuh:1080x2400 size: 9216000 fd:15 fd_meta:16 flags:0x4000228 usage:0x33  format:0x3 layer_count: 1
12-22 12:27:02.165  1251  2216 I SDM     : HWCSession::SetCWBOutputBuffer: CWB config passed by cwb_client : tappoint 1  CWB_ROI : (829.000000 4.000000 915.000000 90.000000)
12-22 12:27:02.165  1251  7426 I SDM     : HWCSession::ProcessRequests: Successfully configured CWB buffer.
12-22 12:27:02.167  9868 10133 D GestureStubView_Touch: setKeepHidden    old=false   new=true
12-22 12:27:02.167  9868 10133 D GestureStubView_Touch: updateTouchable    old=false   new=true
12-22 12:27:02.167  9868 10133 D GestureStubView_Touch:   updateTouchable---requestApplyInsets
12-22 12:27:02.167  9868 10133 D GestureStubView_Touch: disableTouch    old=false   new=true
12-22 12:27:02.167  9868 10133 D GestureStubView_Touch: updateTouchable    old=true   new=true
12-22 12:27:02.167  9868 10133 D GestureStubView: hideGestureStub
12-22 12:27:02.167  9868 10133 D GestureStubView_Touch: setKeepHidden    old=false   new=true
12-22 12:27:02.168  9868 10133 D GestureStubView_Touch: updateTouchable    old=false   new=true
12-22 12:27:02.168  9868 10133 D GestureStubView_Touch:   updateTouchable---requestApplyInsets
12-22 12:27:02.168  9868 10133 D GestureStubView_Touch: disableTouch    old=false   new=true
12-22 12:27:02.168  9868 10133 D GestureStubView_Touch: updateTouchable    old=true   new=true
12-22 12:27:02.168  9868 10133 D GestureStubView: hideGestureStub
12-22 12:27:02.171  1251  7426 I SDM     : HWCSession::ProcessRequests: Pushing release fence in fenece wait queue.
12-22 12:27:02.171  1251  7426 I SDM     : HWCSession::ProcessRequests: Creating AsyncFenceWaits async thread.
12-22 12:27:02.172  1251  7426 I SDM     : HWCSession::ProcessRequests: Remove current CWB request from the pending request queue.
12-22 12:27:02.172  1251  7426 I SDM     : HWCSession::ProcessRequests: No pending cwb requests found in the queue.
12-22 12:27:02.178  1251  1467 I SDM     : HWDeviceDRM::SetupConcurrentWriteback: Tear down the Concurrent Writeback topology
12-22 12:27:02.181  1328  1328 D SRE     : sensorCallback mDisplayId = 0 dataCallback value=<  64.9587, 270.7709, 386.0000>,time=1416072647048984, sensor=5, temperature(K)= 270.7709
12-22 12:27:02.181  1328  1328 D SRE     : setSREStrength mDisplayId = 0, mLastLux = 58, lux = 64, mSREEnabled = 1, mLastFreezeStatus = 0, freeze = 0
12-22 12:27:02.186  1251  7428 I SDM     : HWCSession::NotifyCWBStatus: Notify the client about buffer status 0.
12-22 12:27:02.186  1251  7428 I SDM     : HWCSession::PerformFenceWaits: Remove current release fence from the pending fence wait queue.
12-22 12:27:02.186  1251  7428 I SDM     : HWCSession::PerformFenceWaits: CWB fence queue is empty. No pending release fence to wait on.
12-22 12:27:02.204  1251  2448 I vendor.qti.hardware.display.composer-service: FrameNotifyProcess Sensor: notify citsensorservice to trigger cwb
12-22 12:27:02.204  2027  2096 I libcitsensorservice@2.0-impl: msg_transfer
12-22 12:27:02.204  2027  3266 D vendor.xiaomi.sensor.citsensorservice@2.0-service: handle id:10 wxh:1280x2400 uwxuh:1080x2400 size: 9216000 fd:15 fd_meta:16 flags:0x4000228 usage:0x33  format:0x3 layer_count: 1
12-22 12:27:02.204  1251  2216 I SDM     : HWCSession::SetCWBOutputBuffer: CWB config passed by cwb_client : tappoint 1  CWB_ROI : (829.000000 4.000000 915.000000 90.000000)
12-22 12:27:02.205  1251  7429 I SDM     : HWCSession::ProcessRequests: Successfully configured CWB buffer.
12-22 12:27:02.213  1251  7429 I SDM     : HWCSession::ProcessRequests: Pushing release fence in fenece wait queue.
12-22 12:27:02.213  1251  7429 I SDM     : HWCSession::ProcessRequests: Creating AsyncFenceWaits async thread.
12-22 12:27:02.213  1251  7429 I SDM     : HWCSession::ProcessRequests: Remove current CWB request from the pending request queue.
12-22 12:27:02.213  1251  7429 I SDM     : HWCSession::ProcessRequests: No pending cwb requests found in the queue.
12-22 12:27:02.220  1251  1467 I SDM     : HWDeviceDRM::SetupConcurrentWriteback: Tear down the Concurrent Writeback topology
12-22 12:27:02.227  1251  7430 I SDM     : HWCSession::NotifyCWBStatus: Notify the client about buffer status 0.
12-22 12:27:02.227  1251  7430 I SDM     : HWCSession::PerformFenceWaits: Remove current release fence from the pending fence wait queue.
12-22 12:27:02.228  1251  7430 I SDM     : HWCSession::PerformFenceWaits: CWB fence queue is empty. No pending release fence to wait on.
12-22 12:27:02.371  1251  2448 I vendor.qti.hardware.display.composer-service: FrameNotifyProcess Sensor: notify citsensorservice to trigger cwb
12-22 12:27:02.371  2027  2096 I libcitsensorservice@2.0-impl: msg_transfer
12-22 12:27:02.372  2027  3266 D vendor.xiaomi.sensor.citsensorservice@2.0-service: handle id:10 wxh:1280x2400 uwxuh:1080x2400 size: 9216000 fd:15 fd_meta:16 flags:0x4000228 usage:0x33  format:0x3 layer_count: 1
12-22 12:27:02.372  1251  2216 I SDM     : HWCSession::SetCWBOutputBuffer: CWB config passed by cwb_client : tappoint 1  CWB_ROI : (829.000000 4.000000 915.000000 90.000000)
12-22 12:27:02.373  1251  7436 I SDM     : HWCSession::ProcessRequests: Successfully configured CWB buffer.
12-22 12:27:02.377  1251  7436 I SDM     : HWCSession::ProcessRequests: Pushing release fence in fenece wait queue.
12-22 12:27:02.377  1251  7436 I SDM     : HWCSession::ProcessRequests: Creating AsyncFenceWaits async thread.
12-22 12:27:02.378  1251  7436 I SDM     : HWCSession::ProcessRequests: Remove current CWB request from the pending request queue.
12-22 12:27:02.378  1251  7436 I SDM     : HWCSession::ProcessRequests: No pending cwb requests found in the queue.
12-22 12:27:02.382  2027  3285 D libsensor-displayalgo: the value of  brightness:386.000000,R:49697880.474774,G:48833551.942883,B:45026619.509711,EVENT_C:4531.500000,EVENT_R:2018.000000,EVENT_G:2327.000000,EVENT_B:1044.500000
12-22 12:27:02.382  2027  3285 I libsensor-displayalgo: the value of  Coef1:1107.681000,Coef4:2.383000, scale1:0.935522, scale4:0.923264
12-22 12:27:02.382  2027  3285 E libsensor-displayalgo: RGB_test_0407_400_oldzy!
12-22 12:27:02.382  2027  3285 I libsensor-displayalgo: the value of  RESULT2109.449286,832.449405,1047.425484,372.165866
12-22 12:27:02.382  2027  3285 I libsensor-displayalgo: the value of  getChannelDataCalibrated2203.023629,771.889002,1210.212414,403.154443
12-22 12:27:02.382  2027  3285 I libsensor-displayalgo: the value of  REAL LUX116.064476
12-22 12:27:02.382  2027  3285 I libsensor-displayalgo: the value of  CAL REAL LUX116.064476
12-22 12:27:02.384  1251  1467 I SDM     : HWDeviceDRM::SetupConcurrentWriteback: Tear down the Concurrent Writeback topology
12-22 12:27:02.392  1251  7438 I SDM     : HWCSession::NotifyCWBStatus: Notify the client about buffer status 0.
12-22 12:27:02.392  1251  7438 I SDM     : HWCSession::PerformFenceWaits: Remove current release fence from the pending fence wait queue.
12-22 12:27:02.392  1251  7438 I SDM     : HWCSession::PerformFenceWaits: CWB fence queue is empty. No pending release fence to wait on.
12-22 12:27:02.520  6547  6588 I appium  : channel read: POST /wd/hub/session/f6b797fb-d416-4e5a-8eb3-0d6651418eeb/elements
12-22 12:27:02.521  6547  6588 I appium  : FindElements command
12-22 12:27:02.523  6547  6588 I appium  : method: 'id', selector: 'cn.missevan:id/tvTitle'
12-22 12:27:02.523  6547  6588 I appium  : Waiting up to 100ms for the device to idle
12-22 12:27:02.627  6547  6588 I appium  : Found zero matches
12-22 12:27:02.630  6547  6588 W tomator2.serve: Accessing hidden method Ljava/util/Collections$EmptyList;-><init>()V (unsupported, reflection, allowed)
12-22 12:27:02.630  6547  6588 I appium  : AppiumResponse: {"sessionId":"f6b797fb-d416-4e5a-8eb3-0d6651418eeb","value":[]}
12-22 12:27:02.782  2027  3285 D libsensor-displayalgo: the value of  brightness:386.000000,R:49697880.474774,G:48833551.942883,B:45026619.509711,EVENT_C:3693.500000,EVENT_R:1646.000000,EVENT_G:1933.500000,EVENT_B:833.500000
12-22 12:27:02.782  2027  3285 I libsensor-displayalgo: the value of  Coef1:1107.681000,Coef4:2.383000, scale1:0.935522, scale4:0.923264
12-22 12:27:02.782  2027  3285 E libsensor-displayalgo: RGB_test_0407_400_oldzy!
12-22 12:27:02.783  2027  3285 I libsensor-displayalgo: the value of  RESULT2109.449286,832.449405,1047.425484,372.165866
12-22 12:27:02.783  2027  3285 I libsensor-displayalgo: the value of  getChannelDataCalibrated2203.023629,771.889002,1210.212414,403.154443
12-22 12:27:02.783  2027  3285 I libsensor-displayalgo: the value of  REAL LUX70.184402
12-22 12:27:02.783  2027  3285 I libsensor-displayalgo: the value of  CAL REAL LUX70.184402
12-22 12:27:02.870  1191  3675 D AHAL: AudioStream: astream_out_set_parameters: 808: enter: usecase(1: low-latency-playback) kvpairs: suspend_playback=true
12-22 12:27:02.871  1191  3675 D AHAL: AudioStream: SetParameters: 2204: enter
12-22 12:27:02.871  1191  3675 I AHAL: AudioStream: SetParameters: 2213: ret 0, plugin device cont -1 stream -1
12-22 12:27:02.871  1191  3675 D AHAL: AudioStream: SetParameters: 2252: exit 0
12-22 12:27:02.871  1191  3675 D AHAL: AudioStream: astream_out_set_parameters: 825: Exit ret: 0
12-22 12:27:02.892 20304 20444 D IdProviderImpl: getOAID from com.miui.analytics
12-22 12:27:02.899 20304 20444 D IdProviderImpl: getOAID from com.miui.analytics
12-22 12:27:02.912  1878  5650 I CameraImpl: checkAllClientsStoppedAndReclaimMem reclaim camera provider anon memory.
12-22 12:27:02.920  1191  3675 D AHAL: AudioStream: astream_out_set_parameters: 808: enter: usecase(1: low-latency-playback) kvpairs: suspend_playback=true
12-22 12:27:02.920  1191  3675 D AHAL: AudioStream: SetParameters: 2204: enter
12-22 12:27:02.920  1191  3675 I AHAL: AudioStream: SetParameters: 2213: ret 0, plugin device cont -1 stream -1
12-22 12:27:02.920  1191  3675 D AHAL: AudioStream: SetParameters: 2252: exit 0
12-22 12:27:02.920  1191  3675 D AHAL: AudioStream: astream_out_set_parameters: 825: Exit ret: 0
12-22 12:27:03.082  2027  3285 D libsensor-displayalgo: the value of  brightness:386.000000,R:49697880.474774,G:48833551.942883,B:45026619.509711,EVENT_C:3693.500000,EVENT_R:1646.000000,EVENT_G:1933.500000,EVENT_B:833.500000
12-22 12:27:03.083  2027  3285 I libsensor-displayalgo: the value of  Coef1:1107.681000,Coef4:2.383000, scale1:0.935522, scale4:0.923264
12-22 12:27:03.083  2027  3285 E libsensor-displayalgo: RGB_test_0407_400_oldzy!
12-22 12:27:03.083  1251  2216 I SDM     : HWCDisplay::SetActiveConfigWithConstraints: config: 0, WxH 1080x2400, fps 60
12-22 12:27:03.083  2027  3285 I libsensor-displayalgo: the value of  RESULT2109.449286,832.449405,1047.425484,372.165866
12-22 12:27:03.083  2027  3285 I libsensor-displayalgo: the value of  getChannelDataCalibrated2203.023629,771.889002,1210.212414,403.154443
12-22 12:27:03.083  2027  3285 I libsensor-displayalgo: the value of  REAL LUX70.184402
12-22 12:27:03.083  2027  3285 I libsensor-displayalgo: the value of  CAL REAL LUX70.184402
12-22 12:27:03.084  1251  2216 W SDM     : HWDeviceDRM::GetSupportedBitClkRate: Requested rate not supported: 831000000
12-22 12:27:03.084  1251  2216 I SDM     : HWDeviceDRM::UpdateMixerAttributes: Mixer WxH 1080x2400-0 for Peripheral
12-22 12:27:03.084  1251  2216 I SDM     : HWCDisplay::SubmitDisplayConfig: Active configuration changed from config 1 to 0
12-22 12:27:03.085  1251  2216 I SDM     : HWCDisplay::SubmitDisplayConfig: Active WxH 1080x2400 fps 60
12-22 12:27:03.085  1251  2448 I vendor.qti.hardware.display.composer-service: FrameNotifyProcess Sensor: notify citsensorservice to trigger cwb
12-22 12:27:03.085  1251  1467 I SDM     : HWDeviceDRM::SetupAtomic: Setting mode: WxH: 1080x2400, vrefresh: 60, hskew: 0
12-22 12:27:03.086  2027  4130 I libcitsensorservice@2.0-impl: msg_transfer
12-22 12:27:03.087  2027  3266 D vendor.xiaomi.sensor.citsensorservice@2.0-service: handle id:10 wxh:1280x2400 uwxuh:1080x2400 size: 9216000 fd:15 fd_meta:16 flags:0x4000228 usage:0x33  format:0x3 layer_count: 1
12-22 12:27:03.087  1251  2216 I SDM     : HWCSession::SetCWBOutputBuffer: CWB config passed by cwb_client : tappoint 1  CWB_ROI : (829.000000 4.000000 915.000000 90.000000)
12-22 12:27:03.087  1251  7444 I SDM     : HWCSession::ProcessRequests: Successfully configured CWB buffer.
12-22 12:27:03.092  2027  3267 I libsensor-displayalgo: displayInfoCallback::display info won't handle!!!
12-22 12:27:03.092  1328  2240 D FPSMonitor: threadFuncFpsMonitor display 0, fps 60
12-22 12:27:03.129  1251  7444 I SDM     : HWCSession::ProcessRequests: Pushing release fence in fenece wait queue.
12-22 12:27:03.129  1251  7444 I SDM     : HWCSession::ProcessRequests: Creating AsyncFenceWaits async thread.
12-22 12:27:03.130  1251  7444 I SDM     : HWCSession::ProcessRequests: Remove current CWB request from the pending request queue.
12-22 12:27:03.130  1251  7444 I SDM     : HWCSession::ProcessRequests: No pending cwb requests found in the queue.
12-22 12:27:03.146  1251  1467 I SDM     : HWDeviceDRM::SetupConcurrentWriteback: Tear down the Concurrent Writeback topology
12-22 12:27:03.148  1251  7445 I SDM     : HWCSession::NotifyCWBStatus: Notify the client about buffer status 0.
12-22 12:27:03.148  1251  7445 I SDM     : HWCSession::PerformFenceWaits: Remove current release fence from the pending fence wait queue.
12-22 12:27:03.148  1251  7445 I SDM     : HWCSession::PerformFenceWaits: CWB fence queue is empty. No pending release fence to wait on.
12-22 12:27:03.185  6547  6588 I appium  : channel read: POST /wd/hub/session/f6b797fb-d416-4e5a-8eb3-0d6651418eeb/elements
12-22 12:27:03.186  6547  6588 I appium  : FindElements command
12-22 12:27:03.187  6547  6588 I appium  : method: 'id', selector: 'cn.missevan:id/tvTitle'
12-22 12:27:03.188  6547  6588 I appium  : Waiting up to 100ms for the device to idle
12-22 12:27:03.278  6547  6588 I appium  : Found zero matches
12-22 12:27:03.281  6547  6588 I appium  : AppiumResponse: {"sessionId":"f6b797fb-d416-4e5a-8eb3-0d6651418eeb","value":[]}
12-22 12:27:03.382  2027  3285 D libsensor-displayalgo: the value of  brightness:386.000000,R:49697880.474774,G:48833551.942883,B:45026619.509711,EVENT_C:5007.000000,EVENT_R:2229.000000,EVENT_G:2542.000000,EVENT_B:1147.500000
12-22 12:27:03.382  2027  3285 I libsensor-displayalgo: the value of  Coef1:1107.681000,Coef4:2.383000, scale1:0.935522, scale4:0.923264
12-22 12:27:03.382  2027  3285 E libsensor-displayalgo: RGB_test_0407_400_oldzy!
12-22 12:27:03.383  2027  3285 I libsensor-displayalgo: the value of  RESULT2109.449286,832.449405,1047.425484,372.165866
12-22 12:27:03.383  2027  3285 I libsensor-displayalgo: the value of  getChannelDataCalibrated2203.023629,771.889002,1210.212414,403.154443
12-22 12:27:03.383  2027  3285 I libsensor-displayalgo: the value of  REAL LUX143.082886
12-22 12:27:03.383  2027  3285 I libsensor-displayalgo: the value of  CAL REAL LUX143.082886
12-22 12:27:03.383  2027  3285 I libsensor-ssccalapi: value of set_lux: 84.633690
12-22 12:27:03.390  2475  3752 D SchedBoost: stopBoostInternal:
12-22 12:27:03.390  2475  3752 D SchedBoost: ready to stop boost
12-22 12:27:03.391  1267  1540 E ANDR-PERF-OPTSHANDLER: checkAlreadySetCpuset: fopen failed, errno Permission denied, trying pgid as pid to check
12-22 12:27:03.392  2475  3752 D SchedBoost: stopBoostInternal:
12-22 12:27:03.392  2475  3752 D SchedBoost: ready to stop boost
12-22 12:27:03.482  1328  1328 D SRE     : sensorCallback mDisplayId = 0 dataCallback value=<  84.6338, 234.6337, 386.0000>,time=1416073947053307, sensor=5, temperature(K)= 234.6337
12-22 12:27:03.482  1328  1328 D SRE     : setSREStrength mDisplayId = 0, mLastLux = 64, lux = 84, mSREEnabled = 1, mLastFreezeStatus = 0, freeze = 0
12-22 12:27:03.682  2027  3285 D libsensor-displayalgo: the value of  brightness:386.000000,R:49697880.474774,G:48833551.942883,B:45026619.509711,EVENT_C:5007.000000,EVENT_R:2229.000000,EVENT_G:2542.000000,EVENT_B:1147.500000
12-22 12:27:03.682  2027  3285 I libsensor-displayalgo: the value of  Coef1:1107.681000,Coef4:2.383000, scale1:0.935522, scale4:0.923264
12-22 12:27:03.682  2027  3285 E libsensor-displayalgo: RGB_test_0407_400_oldzy!
12-22 12:27:03.682  2027  3285 I libsensor-displayalgo: the value of  RESULT2109.449286,832.449405,1047.425484,372.165866
12-22 12:27:03.682  2027  3285 I libsensor-displayalgo: the value of  getChannelDataCalibrated2203.023629,771.889002,1210.212414,403.154443
12-22 12:27:03.682  2027  3285 I libsensor-displayalgo: the value of  REAL LUX143.082886
12-22 12:27:03.682  2027  3285 I libsensor-displayalgo: the value of  CAL REAL LUX143.082886
12-22 12:27:03.683  2027  3285 I libsensor-ssccalapi: value of set_lux: 116.064476
12-22 12:27:03.781  1328  1328 D SRE     : sensorCallback mDisplayId = 0 dataCallback value=< 116.0650, 204.9828, 386.0000>,time=1416074247052369, sensor=5, temperature(K)= 204.9828
12-22 12:27:03.781  1328  1328 D SRE     : setSREStrength mDisplayId = 0, mLastLux = 84, lux = 116, mSREEnabled = 1, mLastFreezeStatus = 0, freeze = 0
12-22 12:27:03.800  6547  6588 I appium  : channel read: POST /wd/hub/session/f6b797fb-d416-4e5a-8eb3-0d6651418eeb/elements
12-22 12:27:03.800  6547  6588 I appium  : FindElements command
12-22 12:27:03.802  6547  6588 I appium  : method: 'id', selector: 'cn.missevan:id/tvTitle'
12-22 12:27:03.802  6547  6588 I appium  : Waiting up to 100ms for the device to idle
12-22 12:27:03.921  1191  3675 D AHAL: AudioStream: astream_out_set_parameters: 808: enter: usecase(1: low-latency-playback) kvpairs: suspend_playback=true
12-22 12:27:03.921  1191  3675 D AHAL: AudioStream: SetParameters: 2204: enter
12-22 12:27:03.921  1191  3675 I AHAL: AudioStream: SetParameters: 2213: ret 0, plugin device cont -1 stream -1
12-22 12:27:03.921  1191  3675 D AHAL: AudioStream: SetParameters: 2252: exit 0
12-22 12:27:03.921  1191  3675 D AHAL: AudioStream: astream_out_set_parameters: 825: Exit ret: 0
12-22 12:27:03.922  1191  1238 D AHAL: AudioStream: astream_out_standby: 615: enter: stream (0xb40000724c170000), usecase(1: low-latency-playback)
12-22 12:27:03.922  1191  1238 D AHAL: AudioStreamCustom: Standby: 345: usecase_ is 1
12-22 12:27:03.922  1191  1238 D AHAL: AudioStreamCustom: Standby: 353: onetrack rbis
12-22 12:27:03.922  1191  1238 D AHAL: AudioStream: Standby: 1961: Enter
12-22 12:27:03.922  1191  1238 I PAL: API: pal_stream_stop: 289: Enter. Stream handle :0xb40000724c01e840K
12-22 12:27:03.922  1191  1238 D PAL: StreamPCM: stop: 673: Enter. session handle - 0xb40000724c19d800K mStreamAttr->direction - 1 state 3 (STREAM_STARTED)
12-22 12:27:03.922  1191  1238 D PAL: ResourceManager: isDeviceActive_l: 3332: Enter.
12-22 12:27:03.922  1191  1238 D PAL: ResourceManager: isDeviceActive_l: 3339: Exit. device 3 (PAL_DEVICE_OUT_SPEAKER) is active 1
12-22 12:27:03.922  1191  1238 D PAL: ResourceManager: deregisterDevice: 3190: Enter. dev id: 3
12-22 12:27:03.922  1191  1238 D PAL: ResourceManager: deregisterDevice: 3290: Exit. status: 0
12-22 12:27:03.922  1191  1238 D PAL: SessionAlsaPcm: stop: 1330: Enter
12-22 12:27:03.923  1243  8486 D AGM: graph: graph_stop: 909 entry graph_handle 0x147534c
12-22 12:27:03.924  1243  8486 I gsl     : gsl_send_spf_cmd:156 sending pkt with token 0x3b64
12-22 12:27:03.928  1243  8486 I gsl     : gsl_send_spf_cmd:183 rcvd pkt token : 0x3b64
12-22 12:27:03.928  1243  8486 D AGM: graph: graph_stop: 953 exit, ret 0
12-22 12:27:03.929  1191  1238 D PAL: ResourceManager: getDeviceNameFromID: 1185: pcm id name is PCM117
12-22 12:27:03.929  1191  1238 D PAL: ResourceManager: getDeviceNameFromID: 1185: pcm id name is PCM117
12-22 12:27:03.929  1191  1238 D PAL: SessionAlsaUtils: setStreamMetadataType: 1224: - mixer -PCM117 control-
12-22 12:27:03.929  1191  1238 E PLUGIN: mixer: amp_pcm_mtd_control_put: 1085 pcm id 117, idx 8, value 9
12-22 12:27:03.929  1191  1238 D PAL: SessionAlsaUtils: getModuleInstanceId: 1053: - mixer -PCM117 getTaggedInfo-
12-22 12:27:03.930  1191  1238 D PAL: SessionAlsaUtils: getModuleInstanceId: 1075: num of tags associated with stream 117 is 16
12-22 12:27:03.930  1191  1238 D PAL: SessionAlsaUtils: getModuleInstanceId: 1081: tag id[0] = 0xc0000001, num_modules = 0x1
12-22 12:27:03.930  1191  1238 D PAL: SessionAlsaUtils: getModuleInstanceId: 1081: tag id[1] = 0xc0000002, num_modules = 0x1
12-22 12:27:03.930  1191  1238 D PAL: SessionAlsaUtils: getModuleInstanceId: 1081: tag id[2] = 0xc0000003, num_modules = 0x2
12-22 12:27:03.930  1191  1238 D PAL: SessionAlsaUtils: getModuleInstanceId: 1081: tag id[3] = 0xc0000004, num_modules = 0x1
12-22 12:27:03.930  1191  1238 D PAL: SessionAlsaUtils: getModuleInstanceId: 1081: tag id[4] = 0xc0000006, num_modules = 0x1
12-22 12:27:03.930  1191  1238 D PAL: SessionAlsaUtils: getModuleInstanceId: 1089: MIID is 0x40c4
12-22 12:27:03.930  1191  1238 D PAL: ResourceManager: getDeviceNameFromID: 1185: pcm id name is PCM117
12-22 12:27:03.930  1191  1238 D PAL: SessionAlsaUtils: registerMixerEvent: 1278: - mixer -PCM117 event-
12-22 12:27:03.931  1243 20087 I gsl     : gsl_send_spf_cmd:156 sending pkt with token 0x3b65
12-22 12:27:03.933  1243 20087 I gsl     : gsl_send_spf_cmd:183 rcvd pkt token : 0x3b65
12-22 12:27:03.933  1191  1238 D PAL: Stream: getStreamType: 400: streamType - 1 (PAL_STREAM_LOW_LATENCY)
12-22 12:27:03.933  1191  1238 I PAL: ResourceManager: voteSleepMonitor: 1430: Enter for stream type 1
12-22 12:27:03.933  1191  1238 I PAL: ResourceManager: voteSleepMonitor: 1482: Unvoting done for nlpi use case, lpi votes 0, nlpi votes : 0
12-22 12:27:03.933  1191  1238 D PAL: SessionAlsaPcm: stop: 1434: Exit status: 0
12-22 12:27:03.933  1191  1238 D PAL: SpeakerProtection: stop: 2236: Inside Speaker Protection stop
12-22 12:27:03.933  1191  1238 D PAL: Device: stop_l: 524: Enter. deviceCount 1 deviceStartStopCount 1 for device id 3 (PAL_DEVICE_OUT_SPEAKER)
12-22 12:27:03.933  1191  1238 D PAL: SpeakerProtection: spkrProtProcessingMode: 1354: Flag 0
12-22 12:27:03.933  1191  1238 D PAL: SpeakerProtection: spkrProtSetSpkrStatus: 154: Enter
12-22 12:27:03.933  1191  1238 I PAL: SpeakerProtection: spkrProtSetSpkrStatus: 161: Speaker used last time 1416074
12-22 12:27:03.933  1191  1238 D PAL: SpeakerProtection: spkrProtSetSpkrStatus: 164: Exit
12-22 12:27:03.933  1191  1238 D PAL: SpeakerProtection: spkrProtProcessingMode: 2060: Closing VI path
12-22 12:27:03.933  1191  1238 D PAL: ResourceManager: getAudioRoute: 3400: ar 0x7245408338K audio_route 0xb40000724c155ab0K
12-22 12:27:03.933  1243 20087 D AGM: graph: graph_stop: 909 entry graph_handle 0x47534c
12-22 12:27:03.933  1243 20087 I gsl     : gsl_send_spf_cmd:156 sending pkt with token 0x3b66
12-22 12:27:03.935  1243 20087 I gsl     : gsl_send_spf_cmd:183 rcvd pkt token : 0x3b66
12-22 12:27:03.935  1243 20087 D AGM: graph: graph_stop: 953 exit, ret 0
12-22 12:27:03.935  1243  8486 D AGM: graph: graph_stop: 909 entry graph_handle 0x47534c
12-22 12:27:03.936  1243  8486 I gsl     : gsl_graph_close_sgids_and_connections:2048 num_sgid= 1
12-22 12:27:03.936  1243  8486 I gsl     : gsl_graph_close_sgids_and_connections:2049 sg list:
12-22 12:27:03.936  1243  8486 I gsl     : gsl_graph_close_sgids_and_connections:2051 b00000d5
12-22 12:27:03.936  1243  8486 I gsl     : gsl_print_sg_conn_info:187 num_sg_conn = 0
12-22 12:27:03.936  1243  8486 I gsl     : gsl_send_spf_cmd:156 sending pkt with token 0x3b67
12-22 12:27:03.937  1243  8486 I gsl     : gsl_send_spf_cmd:183 rcvd pkt token : 0x3b67
12-22 12:27:03.937  1243  8486 D AGM: graph: graph_stop: 953 exit, ret 0
12-22 12:27:03.938  1191  1238 I PAL: ResourceManager: freeFrontEndIds: 5853: stream type 1 (PAL_STREAM_LOW_LATENCY), freeing 121
12-22 12:27:03.938  1243  8486 D AGM: session: session_close: 1250 enter
12-22 12:27:03.938  1243  8486 D AGM: graph: graph_close: 745 entry handle 0x47534c
12-22 12:27:03.938  1243  8486 D AGM: graph: graph_close: 765 exit, ret 0
12-22 12:27:03.938  1243  8486 D AGM: session: session_close: 1299 exit, ret 0
12-22 12:27:03.939  1191  1238 D audio_route: Reset path: vi-feedback
12-22 12:27:03.939  1191  1238 E audio_route: Path: vi-feedback, length: 0
12-22 12:27:03.939  1191  1238 D PAL: StreamPCM: stop: 777: Exit. status 0, state 6 (STREAM_STOPPED)
12-22 12:27:03.939  1191  1238 I PAL: API: pal_stream_stop: 299: Exit. status 0
12-22 12:27:03.939  1191  1238 I PAL: API: pal_stream_close: 220: Enter. Stream handle :0xb40000724c01e840K
12-22 12:27:03.939  1191  1238 D PAL: StreamPCM: close: 289: Enter. session handle - 0xb40000724c19d800K device count - 1 state 6
12-22 12:27:03.939  1191  1238 D PAL: SessionAlsaPcm: close: 1450: Enter
12-22 12:27:03.939  1191  1238 D PAL: Stream: getAssociatedDevices: 492: no. of devices 1
12-22 12:27:03.939  1191  1238 D PAL: SessionAlsaPcm: close: 1510: backendname MI2S-LPAIF-RX-PRIMARY
12-22 12:27:03.939  1191  1238 D PAL: SessionAlsaPcm: close: 1515: Rx dev not active
12-22 12:27:03.939  1191  1238 D PAL: ResourceManager: getVirtualAudioMixer: 3411: ar 0x7245408428K audio_virt_mixer 0xb40000724c17f1c0K
12-22 12:27:03.939  1191  1238 D PAL: SessionAlsaUtils: getFeMixerControl: 309: mixer control PCM117 control
12-22 12:27:03.939  1191  1238 D PAL: SessionAlsaUtils: getFeMixerControl: 309: mixer control PCM117 metadata
12-22 12:27:03.939  1191  1238 D PAL: SessionAlsaUtils: getFeMixerControl: 309: mixer control PCM117 connect
12-22 12:27:03.939  1191  1238 D PAL: SessionAlsaUtils: getFeMixerControl: 309: mixer control PCM117 disconnect
12-22 12:27:03.939  1191  1238 D PAL: SessionAlsaUtils: getBeMixerControl: 319: mixer control MI2S-LPAIF-RX-PRIMARY metadata
12-22 12:27:03.940  1243  8486 D AGM: graph: graph_stop: 909 entry graph_handle 0x147534c
12-22 12:27:03.940  1243  8486 I gsl     : gsl_graph_close_sgids_and_connections:2048 num_sgid= 3
12-22 12:27:03.940  1243  8486 I gsl     : gsl_graph_close_sgids_and_connections:2049 sg list:
12-22 12:27:03.940  1243  8486 I gsl     : gsl_graph_close_sgids_and_connections:2051 b0000002
12-22 12:27:03.940  1243  8486 I gsl     : gsl_graph_close_sgids_and_connections:2051 b0000025
12-22 12:27:03.940  1243  8486 I gsl     : gsl_graph_close_sgids_and_connections:2051 b0000024
12-22 12:27:03.940  1243  8486 I gsl     : gsl_print_sg_conn_info:187 num_sg_conn = 3
12-22 12:27:03.940  1243  8486 I gsl     : gsl_print_sg_conn_info:189 sg b0000025 has 1 children:
12-22 12:27:03.940  1243  8486 I gsl     : gsl_print_sg_conn_info:192 b0000002,
12-22 12:27:03.940  1243  8486 I gsl     : gsl_print_sg_conn_info:189 sg b0000024 has 1 children:
12-22 12:27:03.940  1243  8486 I gsl     : gsl_print_sg_conn_info:192 b0000025,
12-22 12:27:03.940  1243  8486 I gsl     : gsl_print_sg_conn_info:189 sg b0000023 has 1 children:
12-22 12:27:03.940  1243  8486 I gsl     : gsl_print_sg_conn_info:192 b0000024,
12-22 12:27:03.940  1243  8486 I gsl     : gsl_send_spf_cmd:156 sending pkt with token 0x3b68
12-22 12:27:03.942  1243  8486 I gsl     : gsl_send_spf_cmd:183 rcvd pkt token : 0x3b68
12-22 12:27:03.942  1243  8486 D AGM: graph: graph_stop: 953 exit, ret 0
12-22 12:27:03.947  2475  3040 I BatteryService: current mPlugType2current mHealthInfo.batteryLevel26current mHealthInfo.batteryTemperature355
12-22 12:27:03.949  6547  6588 I appium  : Found zero matches
12-22 12:27:03.951  6547  6588 I appium  : AppiumResponse: {"sessionId":"f6b797fb-d416-4e5a-8eb3-0d6651418eeb","value":[]}
12-22 12:27:03.951  6206  7182 D ThermalIECHandler: storeDataStyle: thermal_iec_monitor_persistence_data_style_iec_state; startIECTime: -1; IECScreenOffOverPeriodTime: 1410825231
12-22 12:27:03.953  6206  6950 D PowerKeeper.FrozenApp: onBatteryChanged plug=true mBatteryPlugged=2
12-22 12:27:03.954  6206  7099 D PowerCheckerService: onBatteryChanged, mBatteryLevel = 26, status = 2, level = 26, plug = 2, scale = 100
12-22 12:27:03.954  6171  6171 I BatteryInfoReceiver: ACTION_BATTERY_CHANGED
12-22 12:27:03.956  6206  7192 D PowerKeeper.Thermal: mBatteryTemperature: 35
12-22 12:27:03.956  9660  9660 D DynamicService:  ACTION_BATTERY_CHANGED change,USB plug = 2
12-22 12:27:03.958  4409  4409 D QtiCarrierConfigHelper: WARNING, no carrier configs on phone Id: 1
12-22 12:27:03.959  4453  4453 V DeviceStatisticsService: chargerType=2 batteryLevel=26 totalBatteryCapacity=4215300
12-22 12:27:03.960  6171  6171 I PowerNoticeUI: handleBatteryChanged oldPlugType 2 mPlugType 2 oldBatteryLevel 26 mBatteryLevel 26 temperature 355
12-22 12:27:03.982  2027  3285 D libsensor-displayalgo: the value of  brightness:386.000000,R:49697880.474774,G:48833551.942883,B:45026619.509711,EVENT_C:5007.000000,EVENT_R:2229.000000,EVENT_G:2542.000000,EVENT_B:1147.500000
12-22 12:27:03.982  2027  3285 I libsensor-displayalgo: the value of  Coef1:1107.681000,Coef4:2.383000, scale1:0.935522, scale4:0.923264
12-22 12:27:03.982  2027  3285 E libsensor-displayalgo: RGB_test_0407_400_oldzy!
12-22 12:27:03.983  2027  3285 I libsensor-displayalgo: the value of  RESULT2109.449286,832.449405,1047.425484,372.165866
12-22 12:27:03.983  2027  3285 I libsensor-displayalgo: the value of  getChannelDataCalibrated2203.023629,771.889002,1210.212414,403.154443
12-22 12:27:03.983  2027  3285 I libsensor-displayalgo: the value of  REAL LUX143.082886
12-22 12:27:03.983  2027  3285 I libsensor-displayalgo: the value of  CAL REAL LUX143.082886
12-22 12:27:03.983  2027  3285 I libsensor-ssccalapi: value of set_lux: 143.082886
12-22 12:27:03.988  1191  1238 D PAL: SessionAlsaUtils: close: 611: backend MI2S-LPAIF-RX-PRIMARY and freedevicemetadata 1
12-22 12:27:03.989  1191  1238 E PLUGIN: mixer: amp_pcm_mtd_control_put: 1085 pcm id 117, idx 8, value 9
12-22 12:27:03.989  1191  1238 E PLUGIN: mixer: amp_pcm_mtd_control_put: 1085 pcm id 117, idx 8, value 0
12-22 12:27:03.990  1191  1238 E PLUGIN: mixer: amp_pcm_mtd_control_put: 1085 pcm id 117, idx 8, value 0
12-22 12:27:03.990  1191  1238 D PAL: SessionAlsaPcm: close: 1534: pcm_close pcmLpmRefCnt 1
12-22 12:27:03.990  1191  1238 D PAL: ResourceManager: getHwAudioMixer: 3422: ar 0x72454086d0K audio_hw_mixer 0xb40000724c17f000K
12-22 12:27:03.991  1191  1238 D PAL: Session: setPmQosMixerCtl: 74: mixer control disabled for PM_QOS Vote
12-22 12:27:03.991  1191  1238 D PAL: SessionAlsaPcm: close: 1542: pcm_close pcmLpmRefCnt 0
12-22 12:27:03.991  1243 20087 D AGM: session: session_close: 1250 enter
12-22 12:27:03.991  1243 20087 D AGM: graph: graph_close: 745 entry handle 0x147534c
12-22 12:27:03.991  1243 20087 I gsl     : gsl_graph_close_sgids_and_connections:2048 num_sgid= 1
12-22 12:27:03.991  1243 20087 I gsl     : gsl_graph_close_sgids_and_connections:2049 sg list:
12-22 12:27:03.991  1243 20087 I gsl     : gsl_graph_close_sgids_and_connections:2051 b0000023
12-22 12:27:03.991  1243 20087 I gsl     : gsl_print_sg_conn_info:187 num_sg_conn = 0
12-22 12:27:03.991  1243 20087 I gsl     : gsl_send_spf_cmd:156 sending pkt with token 0x3b69
12-22 12:27:03.995  1243 20087 I gsl     : gsl_send_spf_cmd:183 rcvd pkt token : 0x3b69
12-22 12:27:03.995  1243 20087 D AGM: graph: graph_close: 765 exit, ret 0
12-22 12:27:03.995  1243 20087 D AGM: session: session_close: 1299 exit, ret 0
12-22 12:27:03.997  1191  1238 I PAL: ResourceManager: freeFrontEndIds: 5853: stream type 1 (PAL_STREAM_LOW_LATENCY), freeing 117
12-22 12:27:03.997  1191  1238 D PAL: SessionAlsaPcm: close: 1635: Exit status: 0
12-22 12:27:03.997  1191  1238 I PAL: Device: close: 427: Enter. deviceCount 1 for device id 3 (PAL_DEVICE_OUT_SPEAKER)
12-22 12:27:03.997  1191  1238 D PAL: Device: close: 432: Disabling device 3 with snd dev speaker
12-22 12:27:03.997  1191  1238 D audio_route: Reset path: speaker
12-22 12:27:03.997  1191  1238 E audio_route: Path: speaker, length: 1
12-22 12:27:03.997  1191  1238 E audio_route:   id=0: ctl=aw_dev_0_switch
12-22 12:27:03.997  1191  1238 E audio_route:     id=0 value=1
12-22 12:27:03.998  1191  1238 I PAL: Device: close: 447: Exit. deviceCount 0 for device id 3 (PAL_DEVICE_OUT_SPEAKER), exit status 0
12-22 12:27:03.998  1191  1238 D PAL: StreamPCM: close: 317: Exit. closed the stream successfully 0 status 0
12-22 12:27:03.998  1191  1238 D PAL: API: notify_concurrent_stream: 70: Notify concurrent stream type 1, direction 1, active 0
12-22 12:27:03.998  1191  1238 D PAL: ResourceManager: HandleConcurrencyForSoundTriggerStreams: 4428: Enter, stream type 1 (PAL_STREAM_LOW_LATENCY), direction 1, active 0
12-22 12:27:03.998  1191  1238 I PAL: ResourceManager: GetConcurrencyInfo: 4283: stream type 1 (PAL_STREAM_LOW_LATENCY) Tx conc 0, Rx conc 1, concurrency allowed
12-22 12:27:03.998  1191  1238 I PAL: ResourceManager: GetConcurrencyInfo: 4283: stream type 1 (PAL_STREAM_LOW_LATENCY) Tx conc 0, Rx conc 0, concurrency allowed
12-22 12:27:03.998  1191  1238 I PAL: ResourceManager: GetConcurrencyInfo: 4283: stream type 1 (PAL_STREAM_LOW_LATENCY) Tx conc 0, Rx conc 0, concurrency allowed
12-22 12:27:03.998  1191  1238 D PAL: ResourceManager: HandleDetectionStreamAction: 4156: Enter
12-22 12:27:03.998  1191  1238 D PAL: ResourceManager: isStreamActive: 2863: Enter.
12-22 12:27:03.998  1191  1238 D PAL: ResourceManager: isStreamActive: 2870: Exit, ret 1
12-22 12:27:03.998  1191  1238 D PAL: ResourceManager: HandleDetectionStreamAction: 4214: Exit, status 0
12-22 12:27:03.998  1191  1238 D PAL: ResourceManager: HandleDetectionStreamAction: 4156: Enter
12-22 12:27:03.998  1191  1238 D PAL: ResourceManager: isStreamActive: 2863: Enter.
12-22 12:27:03.998  1191  1238 D PAL: ResourceManager: isStreamActive: 2870: Exit, ret 1
12-22 12:27:03.998  1191  1238 D PAL: ResourceManager: HandleDetectionStreamAction: 4214: Exit, status 0
12-22 12:27:03.998  1191  1238 D PAL: ResourceManager: HandleDetectionStreamAction: 4156: Enter
12-22 12:27:03.998  1191  1238 D PAL: ResourceManager: isStreamActive: 2863: Enter.
12-22 12:27:03.998  1191  1238 D PAL: ResourceManager: isStreamActive: 2870: Exit, ret 1
12-22 12:27:03.998  1191  1238 D PAL: ResourceManager: HandleDetectionStreamAction: 4214: Exit, status 0
12-22 12:27:03.998  1191  1238 D PAL: ResourceManager: handleConcurrentStreamSwitch: 4347: No ST session active, reset capture profile
12-22 12:27:03.998  1191  1238 D PAL: ResourceManager: handleConcurrentStreamSwitch: 4358: stop/unload stream type 17 (PAL_STREAM_VOICE_UI)
12-22 12:27:03.998  1191  1238 D PAL: ResourceManager: HandleDetectionStreamAction: 4156: Enter
12-22 12:27:03.998  1191  1238 D PAL: ResourceManager: isStreamActive: 2863: Enter.
12-22 12:27:03.998  1191  1238 D PAL: ResourceManager: isStreamActive: 2870: Exit, ret 1
12-22 12:27:03.998  1191  1238 D PAL: ResourceManager: HandleDetectionStreamAction: 4214: Exit, status 0
12-22 12:27:03.998  1191  1238 D PAL: ResourceManager: handleConcurrentStreamSwitch: 4358: stop/unload stream type 23 (PAL_STREAM_ACD)
12-22 12:27:03.998  1191  1238 D PAL: ResourceManager: HandleDetectionStreamAction: 4156: Enter
12-22 12:27:03.998  1191  1238 D PAL: ResourceManager: isStreamActive: 2863: Enter.
12-22 12:27:03.998  1191  1238 D PAL: ResourceManager: isStreamActive: 2870: Exit, ret 1
12-22 12:27:03.998  1191  1238 D PAL: ResourceManager: HandleDetectionStreamAction: 4214: Exit, status 0
12-22 12:27:03.998  1191  1238 D PAL: ResourceManager: handleConcurrentStreamSwitch: 4358: stop/unload stream type 25 (PAL_STREAM_SENSOR_PCM_DATA)
12-22 12:27:03.998  1191  1238 D PAL: ResourceManager: HandleDetectionStreamAction: 4156: Enter
12-22 12:27:03.998  1191  1238 D PAL: ResourceManager: isStreamActive: 2863: Enter.
12-22 12:27:03.998  1191  1238 D PAL: ResourceManager: isStreamActive: 2870: Exit, ret 1
12-22 12:27:03.998  1191  1238 D PAL: ResourceManager: HandleDetectionStreamAction: 4214: Exit, status 0
12-22 12:27:03.998  1191  1238 D PAL: ResourceManager: handleConcurrentStreamSwitch: 4366: load/start stream type 17 (PAL_STREAM_VOICE_UI)
12-22 12:27:03.998  1191  1238 D PAL: ResourceManager: HandleDetectionStreamAction: 4156: Enter
12-22 12:27:03.998  1191  1238 D PAL: ResourceManager: isStreamActive: 2863: Enter.
12-22 12:27:03.998  1191  1238 D PAL: ResourceManager: isStreamActive: 2870: Exit, ret 1
12-22 12:27:03.998  1191  1238 D PAL: ResourceManager: HandleDetectionStreamAction: 4214: Exit, status 0
12-22 12:27:03.999  1191  1238 D PAL: ResourceManager: handleConcurrentStreamSwitch: 4366: load/start stream type 23 (PAL_STREAM_ACD)
12-22 12:27:03.999  1191  1238 D PAL: ResourceManager: HandleDetectionStreamAction: 4156: Enter
12-22 12:27:03.999  1191  1238 D PAL: ResourceManager: isStreamActive: 2863: Enter.
12-22 12:27:03.999  1191  1238 D PAL: ResourceManager: isStreamActive: 2870: Exit, ret 1
12-22 12:27:03.999  1191  1238 D PAL: ResourceManager: HandleDetectionStreamAction: 4214: Exit, status 0
12-22 12:27:03.999  1191  1238 D PAL: ResourceManager: handleConcurrentStreamSwitch: 4366: load/start stream type 25 (PAL_STREAM_SENSOR_PCM_DATA)
12-22 12:27:03.999  1191  1238 D PAL: ResourceManager: HandleDetectionStreamAction: 4156: Enter
12-22 12:27:03.999  1191  1238 D PAL: ResourceManager: isStreamActive: 2863: Enter.
12-22 12:27:03.999  1191  1238 D PAL: ResourceManager: isStreamActive: 2870: Exit, ret 1
12-22 12:27:03.999  1191  1238 D PAL: ResourceManager: HandleDetectionStreamAction: 4214: Exit, status 0
12-22 12:27:03.999  1191  1238 D PAL: ResourceManager: HandleConcurrencyForSoundTriggerStreams: 4484: Exit
12-22 12:27:03.999  1191  1238 D PAL: ResourceManager: deregisterStream: 2715: Enter. stream 0xb40000724c01e840K
12-22 12:27:03.999  1191  1238 D PAL: Stream: getStreamType: 400: streamType - 1 (PAL_STREAM_LOW_LATENCY)
12-22 12:27:03.999  1191  1238 I PAL: ResourceManager: deregisterStream: 2726: stream type 1 (PAL_STREAM_LOW_LATENCY)
12-22 12:27:03.999  1191  1238 D PAL: ResourceManager: deregisterStream: 2854: Exit. ret 0
12-22 12:27:03.999  1191  1238 D PAL: ResourceManager: restoreDevice: 10753: Enter
12-22 12:27:03.999  1191  1238 I PAL: ResourceManager: getActiveStream_l: 4898: no active streams found for device 3 ret -2
12-22 12:27:03.999  1191  1238 D PAL: ResourceManager: getSharedBEActiveStreamDevs: 6012: got dev 3 (PAL_DEVICE_OUT_SPEAKER) active streams on dev is 0
12-22 12:27:03.999  1191  1238 D PAL: ResourceManager: restoreDevice: 10928: no active device, switch un-needed
12-22 12:27:03.999  1191  1238 D PAL: ResourceManager: restoreDevice: 10936: Exit
12-22 12:27:03.999  1191  1238 I PAL: API: pal_stream_close: 242: Exit. status 0
12-22 12:27:03.999  1191  1238 D AHAL: AudioStream: Standby: 2031: Exit ret: 0
12-22 12:27:03.999  1191  1238 D AHAL: AudioStream: astream_out_standby: 623: Exit ret: 0
12-22 12:27:04.000  1191  1238 V EffectMiSound: MiSound_command() start, cmdCode=23
12-22 12:27:04.000  1191  1238 V EffectMiSound: MiSound_Command EFFECT_CMD_SET_AUDIO_STANDBY, current mode = 0
12-22 12:27:04.184  1328  1328 D SRE     : sensorCallback mDisplayId = 0 dataCallback value=< 143.0825, 206.4540, 386.0000>,time=1416074647051796, sensor=5, temperature(K)= 206.4540
12-22 12:27:04.184  1328  1328 D SRE     : setSREStrength mDisplayId = 0, mLastLux = 116, lux = 143, mSREEnabled = 1, mLastFreezeStatus = 0, freeze = 0
12-22 12:27:04.261  1878 18534 I CameraImpl: checkAllClientsStoppedAndReclaimMem reclaim camera provider anon memory.
12-22 12:27:04.262  1878  5650 I CameraImpl: checkAllClientsStoppedAndReclaimMem reclaim camera provider anon memory.
12-22 12:27:04.384  2027  3285 D libsensor-displayalgo: the value of  brightness:386.000000,R:49697880.474774,G:48833551.942883,B:45026619.509711,EVENT_C:3490.500000,EVENT_R:1547.500000,EVENT_G:1836.500000,EVENT_B:783.500000
12-22 12:27:04.384  2027  3285 I libsensor-displayalgo: the value of  Coef1:1107.681000,Coef4:2.383000, scale1:0.935522, scale4:0.923264
12-22 12:27:04.384  2027  3285 E libsensor-displayalgo: RGB_test_0407_400_oldzy!
12-22 12:27:04.386  2027  3285 I libsensor-displayalgo: the value of  RESULT2109.449286,832.449405,1047.425484,372.165866
12-22 12:27:04.386  2027  3285 I libsensor-displayalgo: the value of  getChannelDataCalibrated2203.023629,771.889002,1210.212414,403.154443
12-22 12:27:04.386  2027  3285 I libsensor-displayalgo: the value of  REAL LUX59.219643
12-22 12:27:04.386  2027  3285 I libsensor-displayalgo: the value of  CAL REAL LUX59.219643
12-22 12:27:04.468  6547  6588 I appium  : channel read: POST /wd/hub/session/f6b797fb-d416-4e5a-8eb3-0d6651418eeb/elements
12-22 12:27:04.469  6547  6588 I appium  : FindElements command
12-22 12:27:04.472  6547  6588 I appium  : method: 'id', selector: 'cn.missevan:id/tvTitle'
12-22 12:27:04.473  6547  6588 I appium  : Waiting up to 100ms for the device to idle
12-22 12:27:04.584  9660  9660 D MiuiImsPhoneCallTrackerStubImpl: onReceive : android.net.wifi.RSSI_CHANGED
12-22 12:27:04.584  9660  9660 D MiuiImsPhoneCallTrackerStubImpl: onReceive : android.net.wifi.RSSI_CHANGED
12-22 12:27:04.590  4371  5534 D QCNEJ/NativeHalConnector: -> SND notifyDefaultNetworkChanged(1)
12-22 12:27:04.595  5773  8961 I SLM-SRV-SLAService: onCapabilitiesChanged WIFI master
12-22 12:27:04.601  6547  6588 I appium  : Found zero matches
12-22 12:27:04.597 19413 19468 D TAB.NetworkUtils: network onCapabilitiesChanged
12-22 12:27:04.603  6547  6588 I appium  : AppiumResponse: {"sessionId":"f6b797fb-d416-4e5a-8eb3-0d6651418eeb","value":[]}
12-22 12:27:04.632  1251  2448 I vendor.qti.hardware.display.composer-service: FrameNotifyProcess Sensor: notify citsensorservice to trigger cwb
12-22 12:27:04.632  2027  2096 I libcitsensorservice@2.0-impl: msg_transfer
12-22 12:27:04.633  2027  3266 D vendor.xiaomi.sensor.citsensorservice@2.0-service: handle id:10 wxh:1280x2400 uwxuh:1080x2400 size: 9216000 fd:15 fd_meta:16 flags:0x4000228 usage:0x33  format:0x3 layer_count: 1
12-22 12:27:04.634  1251  2216 I SDM     : HWCSession::SetCWBOutputBuffer: CWB config passed by cwb_client : tappoint 1  CWB_ROI : (829.000000 4.000000 915.000000 90.000000)
12-22 12:27:04.634  1251  7447 I SDM     : HWCSession::ProcessRequests: Successfully configured CWB buffer.
12-22 12:27:04.655  1251  7447 I SDM     : HWCSession::ProcessRequests: Pushing release fence in fenece wait queue.
12-22 12:27:04.655  1251  7447 I SDM     : HWCSession::ProcessRequests: Creating AsyncFenceWaits async thread.
12-22 12:27:04.656  1251  7447 I SDM     : HWCSession::ProcessRequests: Remove current CWB request from the pending request queue.
12-22 12:27:04.656  1251  7447 I SDM     : HWCSession::ProcessRequests: No pending cwb requests found in the queue.
12-22 12:27:04.670  1251  1467 I SDM     : HWDeviceDRM::SetupConcurrentWriteback: Tear down the Concurrent Writeback topology
12-22 12:27:04.681  1251  7448 I SDM     : HWCSession::NotifyCWBStatus: Notify the client about buffer status 0.
12-22 12:27:04.683  1251  7448 I SDM     : HWCSession::PerformFenceWaits: Remove current release fence from the pending fence wait queue.
12-22 12:27:04.683  1251  7448 I SDM     : HWCSession::PerformFenceWaits: CWB fence queue is empty. No pending release fence to wait on.
12-22 12:27:04.684  2027  3285 D libsensor-displayalgo: the value of  brightness:386.000000,R:49697880.474774,G:48833551.942883,B:45026619.509711,EVENT_C:3492.000000,EVENT_R:1547.000000,EVENT_G:1838.000000,EVENT_B:782.500000
12-22 12:27:04.684  2027  3285 I libsensor-displayalgo: the value of  Coef1:1107.681000,Coef4:2.383000, scale1:0.935522, scale4:0.923264
12-22 12:27:04.684  2027  3285 E libsensor-displayalgo: RGB_test_0407_400_oldzy!
12-22 12:27:04.684  2027  3285 I libsensor-displayalgo: the value of  RESULT2109.449286,832.449405,1047.425484,372.165866
12-22 12:27:04.684  2027  3285 I libsensor-displayalgo: the value of  getChannelDataCalibrated2203.023629,771.889002,1210.212414,403.154443
12-22 12:27:04.684  2027  3285 I libsensor-displayalgo: the value of  REAL LUX59.493858
12-22 12:27:04.684  2027  3285 I libsensor-displayalgo: the value of  CAL REAL LUX59.493858
12-22 12:27:04.983  2027  3285 D libsensor-displayalgo: the value of  brightness:386.000000,R:48682048.510289,G:48099012.782131,B:44687705.329008,EVENT_C:3474.000000,EVENT_R:1540.000000,EVENT_G:1827.500000,EVENT_B:779.000000
12-22 12:27:04.984  2027  3285 I libsensor-displayalgo: the value of  Coef1:1107.681000,Coef4:2.383000, scale1:0.935522, scale4:0.923264
12-22 12:27:04.984  2027  3285 E libsensor-displayalgo: RGB_test_0407_400_oldzy!
12-22 12:27:04.984  2027  3285 I libsensor-displayalgo: the value of  RESULT2085.769311,821.533438,1037.231551,368.433185
12-22 12:27:04.984  2027  3285 I libsensor-displayalgo: the value of  getChannelDataCalibrated2178.293219,761.767168,1198.434178,399.110959
12-22 12:27:04.984  2027  3285 I libsensor-displayalgo: the value of  REAL LUX59.865150
12-22 12:27:04.984  2027  3285 I libsensor-displayalgo: the value of  CAL REAL LUX59.865150
12-22 12:27:04.985  2027  3285 I libsensor-ssccalapi: value of set_lux: 59.865150
12-22 12:27:05.033  2475  2731 I AutomaticBrightnessController: AmbientLux=114.881516, mAmbientDarkeningThreshold=57.440758, mAmbientBrighteningThreshold=214.88152
12-22 12:27:05.033  2475  2731 I AutomaticBrightnessController: updateAutoBrightness: mScreenAutoBrightness=0.09397939, newScreenAutoBrightness=0.09578532, mAmbientLux=114.881516, mUseDaemonSensorInProgress=false
12-22 12:27:05.050  1251  2216 I SDM     : HWBacklightThermal::StopTimer: hwc thermal dimming: exit at [386] successfully, thermal_cur_bl 384
12-22 12:27:05.051  1251  2216 I SDM     : DisplayBuiltIn::SetPanelBrightness: Set brightness to 386 (9.398364 percent), min=1
12-22 12:27:05.052  2027  3267 I libsensor-ssccalapi: value of set_backlight386
12-22 12:27:05.067  1251  2216 I SDM     : HWBacklightThermal::StopTimer: hwc thermal dimming: exit at [386] successfully, thermal_cur_bl 384
12-22 12:27:05.068  1251  2216 I SDM     : DisplayBuiltIn::SetPanelBrightness: Set brightness to 386 (9.399099 percent), min=1
12-22 12:27:05.068  2027  3267 I libsensor-ssccalapi: value of set_backlight386
12-22 12:27:05.082  6547  6588 I appium  : channel read: GET /wd/hub/session/f6b797fb-d416-4e5a-8eb3-0d6651418eeb/screenshot
12-22 12:27:05.082  1251  2216 I SDM     : HWBacklightThermal::StopTimer: hwc thermal dimming: exit at [386] successfully, thermal_cur_bl 384
12-22 12:27:05.082  1328  1328 D SRE     : sensorCallback mDisplayId = 0 dataCallback value=<  59.8650, 204.5111, 386.0000>,time=1416075547049713, sensor=5, temperature(K)= 204.5111
12-22 12:27:05.082  1328  1328 D SRE     : setSREStrength mDisplayId = 0, mLastLux = 143, lux = 59, mSREEnabled = 1, mLastFreezeStatus = 0, freeze = 0
12-22 12:27:05.083  1251  2216 I SDM     : DisplayBuiltIn::SetPanelBrightness: Set brightness to 386 (9.399835 percent), min=1
12-22 12:27:05.084  2027  3267 I libsensor-ssccalapi: value of set_backlight386
12-22 12:27:05.086  6547  6588 I appium  : CaptureScreenshot command
12-22 12:27:05.099  1251  2216 I SDM     : HWBacklightThermal::StopTimer: hwc thermal dimming: exit at [386] successfully, thermal_cur_bl 384
12-22 12:27:05.101  1251  2216 I SDM     : DisplayBuiltIn::SetPanelBrightness: Set brightness to 386 (9.400570 percent), min=1
12-22 12:27:05.101  2027  3267 I libsensor-ssccalapi: value of set_backlight386
12-22 12:27:05.115  1251  2216 I SDM     : HWBacklightThermal::StopTimer: hwc thermal dimming: exit at [386] successfully, thermal_cur_bl 384
12-22 12:27:05.117  1251  2216 I SDM     : DisplayBuiltIn::SetPanelBrightness: Set brightness to 386 (9.401306 percent), min=1
12-22 12:27:05.117  2027  3267 I libsensor-ssccalapi: value of set_backlight386
12-22 12:27:05.132  1251  2216 I SDM     : HWBacklightThermal::StopTimer: hwc thermal dimming: exit at [386] successfully, thermal_cur_bl 384
12-22 12:27:05.134  1251  2216 I SDM     : DisplayBuiltIn::SetPanelBrightness: Set brightness to 386 (9.402041 percent), min=1
12-22 12:27:05.134  2027  3267 I libsensor-ssccalapi: value of set_backlight386
12-22 12:27:05.148  1251  2216 I SDM     : HWBacklightThermal::StopTimer: hwc thermal dimming: exit at [386] successfully, thermal_cur_bl 384
12-22 12:27:05.150  1251  2216 I SDM     : DisplayBuiltIn::SetPanelBrightness: Set brightness to 386 (9.402778 percent), min=1
12-22 12:27:05.150  2027  3267 I libsensor-ssccalapi: value of set_backlight386
12-22 12:27:05.166  1251  2216 I SDM     : HWBacklightThermal::StopTimer: hwc thermal dimming: exit at [386] successfully, thermal_cur_bl 384
12-22 12:27:05.168  1251  2216 I SDM     : DisplayBuiltIn::SetPanelBrightness: Set brightness to 386 (9.403513 percent), min=1
12-22 12:27:05.168  2027  3267 I libsensor-ssccalapi: value of set_backlight386
