07-11 18:10:17.754   908 12402 I vendor.qti.bluetooth@1.0-ibs_handler: ProcessIbsCmd: Received IBS_WAKE_IND: 0xFD
07-11 18:10:17.754   908 12402 D vendor.qti.bluetooth@1.0-ibs_handler: SerialClockVote: vote for UART CLK ON
07-11 18:10:17.755   908 12402 D vendor.qti.bluetooth@1.0-wake_lock: Acquire wakelock is acquired
07-11 18:10:17.755   908 12402 I vendor.qti.bluetooth@1.0-ibs_handler: ProcessIbsCmd: Writing IBS_WAKE_ACK
07-11 18:10:17.757 12146 12405 V bt_stack: [VERBOSE1:btm_ble_gap.cc(1924)] btm_ble_process_ext_adv_pkt: bda=41:75:55:fd:70:15
07-11 18:10:17.757 12146 12405 V bt_stack: [VERBOSE1:btm_ble_gap.cc(1848)] btm_ble_process_adv_addr: bda=41:75:55:fd:70:15
07-11 18:10:17.757 12146 12405 V bt_stack: [VERBOSE1:btm_ble_gap.cc(2058)]  Waiting for scan response 41:75:55:fd:70:15
07-11 18:10:17.757 12146 12405 V bt_stack: [VERBOSE1:btm_ble_gap.cc(1924)] btm_ble_process_ext_adv_pkt: bda=80:30:49:4a:b5:7e
07-11 18:10:17.757 12146 12405 V bt_stack: [VERBOSE1:btm_ble_gap.cc(1848)] btm_ble_process_adv_addr: bda=80:30:49:4a:b5:7e
07-11 18:10:17.757 12146 12405 V bt_stack: [VERBOSE1:btm_ble_gap.cc(2058)]  Waiting for scan response 80:30:49:4a:b5:7e
07-11 18:10:17.757 12146 12405 V bt_stack: [VERBOSE1:btm_ble_gap.cc(1924)] btm_ble_process_ext_adv_pkt: bda=41:75:55:fd:70:15
07-11 18:10:17.757 12146 12405 V bt_stack: [VERBOSE1:btm_ble_gap.cc(1848)] btm_ble_process_adv_addr: bda=41:75:55:fd:70:15
07-11 18:10:17.757 12146 12405 V bt_stack: [VERBOSE1:btm_ble_gap.cc(2058)]  Waiting for scan response 41:75:55:fd:70:15
07-11 18:10:17.757 12146 12405 V bt_stack: [VERBOSE1:btm_ble_gap.cc(1924)] btm_ble_process_ext_adv_pkt: bda=41:75:55:fd:70:15
07-11 18:10:17.757 12146 12405 V bt_stack: [VERBOSE1:btm_ble_gap.cc(1848)] btm_ble_process_adv_addr: bda=41:75:55:fd:70:15
07-11 18:10:17.758 12146 12405 V bt_stack: [VERBOSE1:btm_inq.cc(1019)] BTM_InqDbRead: bd addr 41:75:55:fd:70:15
07-11 18:10:17.758 12146 12405 V bt_stack: [VERBOSE1:btm_ble_gap.cc(1924)] btm_ble_process_ext_adv_pkt: bda=80:30:49:4a:b5:7e
07-11 18:10:17.758 12146 12405 V bt_stack: [VERBOSE1:btm_ble_gap.cc(1848)] btm_ble_process_adv_addr: bda=80:30:49:4a:b5:7e
07-11 18:10:17.758 12146 12405 V bt_stack: [VERBOSE1:btm_ble_gap.cc(2058)]  Waiting for scan response 80:30:49:4a:b5:7e
07-11 18:10:17.758 12146 12405 V bt_stack: [VERBOSE1:btm_ble_gap.cc(1924)] btm_ble_process_ext_adv_pkt: bda=80:30:49:4a:b5:7e
07-11 18:10:17.758 12146 12405 V bt_stack: [VERBOSE1:btm_ble_gap.cc(1848)] btm_ble_process_adv_addr: bda=80:30:49:4a:b5:7e
07-11 18:10:17.758 12146 12405 V bt_stack: [VERBOSE1:btm_inq.cc(1019)] BTM_InqDbRead: bd addr 80:30:49:4a:b5:7e
07-11 18:10:17.758 12146 12405 V bt_stack: [VERBOSE1:btm_ble_gap.cc(1924)] btm_ble_process_ext_adv_pkt: bda=d4:5e:ec:42:d1:94
07-11 18:10:17.758 12146 12405 V bt_stack: [VERBOSE1:btm_ble_gap.cc(1848)] btm_ble_process_adv_addr: bda=d4:5e:ec:42:d1:94
07-11 18:10:17.758 12146 12405 V bt_stack: [VERBOSE1:btm_ble_gap.cc(2058)]  Waiting for scan response d4:5e:ec:42:d1:94
07-11 18:10:17.758 12146 12405 V bt_stack: [VERBOSE1:btm_ble_gap.cc(1924)] btm_ble_process_ext_adv_pkt: bda=d4:5e:ec:42:d1:94
07-11 18:10:17.758 12146 12405 V bt_stack: [VERBOSE1:btm_ble_gap.cc(1848)] btm_ble_process_adv_addr: bda=d4:5e:ec:42:d1:94
07-11 18:10:17.758 12146 12405 V bt_stack: [VERBOSE1:btm_inq.cc(1019)] BTM_InqDbRead: bd addr d4:5e:ec:42:d1:94
07-11 18:10:17.761  3576 12463 E MiuiFastConnectService: check adv data not fast connect
07-11 18:10:17.761  3576 12463 D MiuiNearbyService: getNearbyService() - returning com.android.bluetooth.ble.app.MiuiNearbyService@99639a
07-11 18:10:17.763  8006  8935 E IDM-BleBackGround: MiConnect EndPoint found
07-11 18:10:17.770 12146 12405 V bt_stack: [VERBOSE1:btm_ble_gap.cc(1924)] btm_ble_process_ext_adv_pkt: bda=41:75:55:fd:70:15
07-11 18:10:17.770 12146 12405 V bt_stack: [VERBOSE1:btm_ble_gap.cc(1848)] btm_ble_process_adv_addr: bda=41:75:55:fd:70:15
07-11 18:10:17.770 12146 12405 V bt_stack: [VERBOSE1:btm_ble_gap.cc(2058)]  Waiting for scan response 41:75:55:fd:70:15
07-11 18:10:17.770 12146 12405 V bt_stack: [VERBOSE1:btm_ble_gap.cc(1924)] btm_ble_process_ext_adv_pkt: bda=41:75:55:fd:70:15
07-11 18:10:17.770 12146 12405 V bt_stack: [VERBOSE1:btm_ble_gap.cc(1848)] btm_ble_process_adv_addr: bda=41:75:55:fd:70:15
07-11 18:10:17.771 12146 12405 V bt_stack: [VERBOSE1:btm_inq.cc(1019)] BTM_InqDbRead: bd addr 41:75:55:fd:70:15
07-11 18:10:17.822  1969  2393 I MiuiNetworkPolicy: bandwidth: 38 KB/s, Max bandwidth: 11023 KB/s
07-11 18:10:17.850   908 12402 I vendor.qti.bluetooth@1.0-ibs_handler: ProcessIbsCmd: Received IBS_SLEEP_IND: 0xFE
07-11 18:10:17.850   908 12402 D vendor.qti.bluetooth@1.0-ibs_handler: SerialClockVote: vote for UART CLK OFF
07-11 18:10:17.889 24615 24650 I appium  : channel read: POST /wd/hub/session/bb5c98a9-f792-4e08-81f5-007abe4424a3/elements
07-11 18:10:17.891 24615 24650 I appium  : FindElements command
07-11 18:10:17.895 24615 24650 I appium  : method: 'class name', selector: 'android.widget.Button'
07-11 18:10:17.895 24615 24650 I appium  : Waiting up to 10000ms for the device to idle
07-11 18:10:17.908 24615 24650 I appium  : Found zero matches
07-11 18:10:17.909 24615 24650 I appium  : AppiumResponse: {"sessionId":"bb5c98a9-f792-4e08-81f5-007abe4424a3","value":[]}
07-11 18:10:17.925   599   599 E SELinux : avc:  denied  { find } for pid=7093 uid=10181 name=tethering scontext=u:r:vendor_systemhelper_app:s0:c512,c768 tcontext=u:object_r:tethering_service:s0 tclass=service_manager permissive=0
07-11 18:10:17.976   787   787 D Zygote  : Forked child process 25129
07-11 18:10:17.978  1969  2167 I ActivityManager: Start proc 25129:cn.missevan:stats/u0a837 for service {cn.missevan/com.bilibili.lib.neuron.internal.NeuronRemoteService} caller=cn.missevan
07-11 18:10:17.979 25129 25129 W Zygote  : Unable to open libbeluga.so: dlopen failed: library "libbeluga.so" not found.
07-11 18:10:17.981 25129 25129 I libc    : SetHeapTaggingLevel: tag level set to 0
07-11 18:10:17.984 25129 25129 I .missevan:stat: Late-enabling -Xcheck:jni
07-11 18:10:17.999 25129 25129 I .missevan:stat: Unquickening 20 vdex files!
07-11 18:10:18.000   908 12312 D vendor.qti.bluetooth@1.0-wake_lock: Release wakelock is released
07-11 18:10:18.001 15020 15026 I adbd    : jdwp connection from 25129
07-11 18:10:18.008  1969  2666 D CompatibilityInfo: mCompatibilityFlags - 0
07-11 18:10:18.008  1969  2666 D CompatibilityInfo: applicationDensity - 440
07-11 18:10:18.008  1969  2666 D CompatibilityInfo: applicationScale - 1.0
07-11 18:10:18.009  1969  2666 D CompatibilityInfo: mCompatibilityFlags - 0
07-11 18:10:18.009  1969  2666 D CompatibilityInfo: applicationDensity - 440
07-11 18:10:18.009  1969  2666 D CompatibilityInfo: applicationScale - 1.0
07-11 18:10:18.025 25129 25129 D ApplicationLoaders: Returning zygote-cached class loader: /system/framework/android.test.base.jar
07-11 18:10:18.036 25129 25129 I Perf    : Connecting to perf service.
07-11 18:10:18.045 25129 25129 D NetworkSecurityConfig: Using Network Security Config from resource g debugBuild: true
07-11 18:10:18.046 25129 25129 D NetworkSecurityConfig: Using Network Security Config from resource g debugBuild: true
07-11 18:10:18.047 25129 25129 D Tinker.TinkerLoader: tryLoad test test
07-11 18:10:18.048 25129 25129 W Tinker.TinkerLoader: tryLoadPatchFiles:patch dir not exist:/data/user/0/cn.missevan/tinker
07-11 18:10:18.051 25129 25129 D Tinker.DefaultAppLike: onBaseContextAttached:
07-11 18:10:18.052 25129 25129 I MultiDex: VM with version 2.1.0 has multidex support
07-11 18:10:18.052 25129 25129 I MultiDex: Installing application
07-11 18:10:18.052 25129 25129 I MultiDex: VM has multidex support, MultiDex support library is disabled.
07-11 18:10:18.060 25129 25129 D Tinker.DefaultAppLike: onCreate
07-11 18:10:18.111 25129 25129 W .missevan:stat: Accessing hidden method Landroid/app/ActivityThread;->currentApplication()Landroid/app/Application; (greylist, linking, allowed)
07-11 18:10:18.126   599   599 E SELinux : avc:  denied  { find } for pid=7093 uid=10181 name=tethering scontext=u:r:vendor_systemhelper_app:s0:c512,c768 tcontext=u:object_r:tethering_service:s0 tclass=service_manager permissive=0
07-11 18:10:18.133 25129 25158 D SentryLog: [pool-4-thread-1] SU isn't found on this Device.
07-11 18:10:18.135 25129 25129 I SentryLog: [main] Initializing SDK with DSN: 'https://8e68e4623f6348b0b9984471d41e3e2d@sentry.missevan.com/2'
07-11 18:10:18.139 25129 25129 I SentryLog: [main] GlobalHubMode: 'true'
07-11 18:10:18.134 25129 25129 W pool-4-thread-1: type=1400 audit(0.0:3557956): avc: denied { read } for name="version" dev="proc" ino=4026532262 scontext=u:r:untrusted_app_27:s0:c69,c259,c512,c768 tcontext=u:object_r:proc_version:s0 tclass=file permissive=0 app=cn.missevan
07-11 18:10:18.148 25129 25129 D SentryLog: [main] UncaughtExceptionHandlerIntegration enabled: true
07-11 18:10:18.148 25129 25129 D SentryLog: [main] default UncaughtExceptionHandler class='xcrash.i'
07-11 18:10:18.149 25129 25129 D SentryLog: [main] UncaughtExceptionHandlerIntegration installed.
07-11 18:10:18.149 25129 25129 D SentryLog: [main] ShutdownHookIntegration installed.
07-11 18:10:18.150 25129 25129 D SentryLog: [main] SendCachedEventFireAndForgetIntegration installed.
07-11 18:10:18.151 25129 25161 D SentryLog: [pool-3-thread-1] Started processing cached files from /data/user/0/cn.missevan/cache/sentry
07-11 18:10:18.151 25129 25129 D SentryLog: [main] NdkIntegration enabled: true
07-11 18:10:18.152 25129 25129 I sentry-native: using database path "/data/user/0/cn.missevan/cache/sentry/.sentry-native"
07-11 18:10:18.152 25129 25129 D sentry-native: starting backend
07-11 18:10:18.152 25129 25161 D SentryLog: [pool-3-thread-1] Processing dir. /data/user/0/cn.missevan/cache/sentry
07-11 18:10:18.153 25129 25129 D SentryLog: [main] NdkIntegration installed.
07-11 18:10:18.153 25129 25129 D SentryLog: [main] Registering EnvelopeFileObserverIntegration for path: /data/user/0/cn.missevan/cache/sentry/outbox
07-11 18:10:18.154 25129 25161 D SentryLog: [pool-3-thread-1] Processing 0 items from cache dir /data/user/0/cn.missevan/cache/sentry
07-11 18:10:18.154 25129 25129 D SentryLog: [main] EnvelopeFileObserverIntegration installed.
07-11 18:10:18.154 25129 25161 D SentryLog: [pool-3-thread-1] File /data/user/0/cn.missevan/cache/sentry/outbox is not a File.
07-11 18:10:18.155 25129 25129 D SentryLog: [main] SendCachedEventFireAndForgetIntegration installed.
07-11 18:10:18.155 25129 25161 D SentryLog: [pool-3-thread-1] File /data/user/0/cn.missevan/cache/sentry/.sentry-native is not a File.
07-11 18:10:18.155 25129 25129 D SentryLog: [main] AnrIntegration enabled: true
07-11 18:10:18.156 25129 25129 D SentryLog: [main] ANR timeout in milliseconds: 5000
07-11 18:10:18.156 25129 25161 D SentryLog: [pool-3-thread-1] Processing file: /data/user/0/cn.missevan/cache/sentry/session.json
07-11 18:10:18.156 25129 25129 D SentryLog: [main] AnrIntegration installed.
07-11 18:10:18.156 25129 25161 D SentryLog: [pool-3-thread-1] File '/data/user/0/cn.missevan/cache/sentry/session.json' doesn't match extension expected.
07-11 18:10:18.157 25129 25129 D SentryLog: [main] enableSessionTracking enabled: true
07-11 18:10:18.157 25129 25161 D SentryLog: [pool-3-thread-1] Finished processing cached files from /data/user/0/cn.missevan/cache/sentry
07-11 18:10:18.157 25129 25129 D SentryLog: [main] enableAppLifecycleBreadcrumbs enabled: true
07-11 18:10:18.158 25129 25161 D SentryLog: [pool-3-thread-1] Started processing cached files from /data/user/0/cn.missevan/cache/sentry/outbox
07-11 18:10:18.158 25129 25161 D SentryLog: [pool-3-thread-1] Processing dir. /data/user/0/cn.missevan/cache/sentry/outbox
07-11 18:10:18.158 25129 25129 D SentryLog: [main] AppLifecycleIntegration installed.
07-11 18:10:18.159 25129 25129 D SentryLog: [main] ActivityLifecycleIntegration enabled: true
07-11 18:10:18.159 25129 25129 D SentryLog: [main] ActivityLifecycleIntegration installed.
07-11 18:10:18.159 25129 25161 D SentryLog: [pool-3-thread-1] Processing 0 items from cache dir /data/user/0/cn.missevan/cache/sentry/outbox
07-11 18:10:18.160 25129 25129 D SentryLog: [main] UserInteractionIntegration enabled: true
07-11 18:10:18.160 25129 25161 D SentryLog: [pool-3-thread-1] Finished processing cached files from /data/user/0/cn.missevan/cache/sentry/outbox
07-11 18:10:18.160 25129 25129 D SentryLog: [main] UserInteractionIntegration installed.
07-11 18:10:18.160 25129 25129 D SentryLog: [main] AppComponentsBreadcrumbsIntegration enabled: true
07-11 18:10:18.161 25129 25129 D SentryLog: [main] AppComponentsBreadcrumbsIntegration installed.
07-11 18:10:18.161 25129 25129 D SentryLog: [main] SystemEventsBreadcrumbsIntegration enabled: true
07-11 18:10:18.163 25129 25129 D SentryLog: [main] SystemEventsBreadcrumbsIntegration installed.
07-11 18:10:18.164 25129 25129 D SentryLog: [main] enableSystemEventsBreadcrumbs enabled: true
07-11 18:10:18.167 25129 25129 I SentryLog: [main] TYPE_AMBIENT_TEMPERATURE is not available.
07-11 18:10:18.168 25129 25129 D SentryLog: [main] enableSystemEventBreadcrumbs enabled: true
07-11 18:10:18.169 25129 25129 D CompatibilityChangeReporter: Compat change id reported: 147600208; UID 10837; state: DISABLED
07-11 18:10:18.172 25129 25129 D SentryLog: [main] PhoneStateBreadcrumbsIntegration installed.
07-11 18:10:18.172 25129 25129 D SentryLog: [main] FragmentLifecycleIntegration installed.
07-11 18:10:18.202 25129 25170 W .missevan:stat: Accessing hidden method Lcom/android/id/impl/IdProviderImpl;-><init>()V (greylist, reflection, allowed)
07-11 18:10:18.202 25129 25170 W .missevan:stat: Accessing hidden method Lcom/android/id/impl/IdProviderImpl;->getUDID(Landroid/content/Context;)Ljava/lang/String; (greylist, reflection, allowed)
07-11 18:10:18.202 25129 25170 W .missevan:stat: Accessing hidden method Lcom/android/id/impl/IdProviderImpl;->getOAID(Landroid/content/Context;)Ljava/lang/String; (greylist, reflection, allowed)
07-11 18:10:18.202 25129 25170 W .missevan:stat: Accessing hidden method Lcom/android/id/impl/IdProviderImpl;->getVAID(Landroid/content/Context;)Ljava/lang/String; (greylist, reflection, allowed)
07-11 18:10:18.202 25129 25170 W .missevan:stat: Accessing hidden method Lcom/android/id/impl/IdProviderImpl;->getAAID(Landroid/content/Context;)Ljava/lang/String; (greylist, reflection, allowed)
07-11 18:10:18.202 25129 25170 D IdProviderImpl: getOAID
07-11 18:10:18.231 25129 25129 D NAccs.AccsClientConfig:  build config:AccsClientConfig{mAppKey='umeng:546d7dd7fd98c58fc800082c', mAppSecret='64e8358a59d434e5546720db97ab5996', mInappHost='umengacs.m.taobao.com', mChannelHost='umengjmacs.m.taobao.com', mStoreId='', mSecurity=2, mAuthCode='', mInappPubKey=11, mChannelPubKey=11, mKeepalive=true, mAutoUnit=false, mTag='default', mConfigEnv=0, mDisableChannel=false, mQuickReconnect=false, mAccsHeartbeatEnable=false, mPullUpEnable=false, mForePingEnable=false, mPingTimeout=0}
07-11 18:10:18.231 25129 25129 W NAccs.AccsClientConfig:  build conver old config:AccsClientConfig{mAppKey='umeng:546d7dd7fd98c58fc800082c', mAppSecret='64e8358a59d434e5546720db97ab5996', mInappHost='msgacs.m.taobao.com', mChannelHost='accscdn.m.taobao.com', mStoreId='', mSecurity=2, mAuthCode='', mInappPubKey=-1, mChannelPubKey=-1, mKeepalive=true, mAutoUnit=true, mTag='default', mConfigEnv=0, mDisableChannel=false, mQuickReconnect=false, mAccsHeartbeatEnable=false, mPullUpEnable=true, mForePingEnable=false, mPingTimeout=0}
07-11 18:10:18.231 25129 25129 D NAccs.ACCSClient:  init config:AccsClientConfig{mAppKey='umeng:546d7dd7fd98c58fc800082c', mAppSecret='64e8358a59d434e5546720db97ab5996', mInappHost='umengacs.m.taobao.com', mChannelHost='umengjmacs.m.taobao.com', mStoreId='', mSecurity=2, mAuthCode='', mInappPubKey=11, mChannelPubKey=11, mKeepalive=true, mAutoUnit=false, mTag='default', mConfigEnv=0, mDisableChannel=false, mQuickReconnect=false, mAccsHeartbeatEnable=false, mPullUpEnable=false, mForePingEnable=false, mPingTimeout=0}
07-11 18:10:18.233 25129 25176 I UPush   : appkey:546d7dd7fd98c58fc800082c secret:64e8358a59d434e5546720db97ab5996
07-11 18:10:18.233 25129 25176 I NAccs.TaobaoRegister:  register appKey:umeng:546d7dd7fd98c58fc800082c configTag:default
07-11 18:10:18.233 25129 25176 D NAccs.Config:  setAgooAppKey appkey:umeng:546d7dd7fd98c58fc800082c
07-11 18:10:18.234 25129 25176 D NAccs.ACCSManager:  getAccsInstance key:default|0
07-11 18:10:18.239  2988  3526 W TelephonyPermissions: reportAccessDeniedToReadIdentifiers:cn.missevan:getImeiForSlot:-1
07-11 18:10:18.240  2988  3526 W TelephonyPermissions: reportAccessDeniedToReadIdentifiers:cn.missevan:getDeviceId:-1
07-11 18:10:18.240 25129 25172 W .missevan:stat: Accessing hidden method Landroid/os/Build;->getString(Ljava/lang/String;)Ljava/lang/String; (greylist, reflection, allowed)
07-11 18:10:18.244  1969  2666 W ActivityManager: Unable to start service Intent { act=com.google.android.gms.ads.identifier.service.START pkg=com.google.android.gms } U=0: not found
07-11 18:10:18.245 25129 25129 W .missevan:stat: Accessing hidden method Ldalvik/system/CloseGuard;->get()Ldalvik/system/CloseGuard; (greylist,core-platform-api, reflection, allowed)
07-11 18:10:18.245 25129 25129 W .missevan:stat: Accessing hidden method Ldalvik/system/CloseGuard;->open(Ljava/lang/String;)V (greylist,core-platform-api, reflection, allowed)
07-11 18:10:18.245 25129 25129 W .missevan:stat: Accessing hidden method Ldalvik/system/CloseGuard;->warnIfOpen()V (greylist,core-platform-api, reflection, allowed)
07-11 18:10:18.247 25129 25176 D NAccs.MsgRecv_default:  message file not exist
07-11 18:10:18.247 25129 25176 D NAccs.InAppConn_default:  new connection
07-11 18:10:18.248 25129 25176 I NAccs.Utils:  isMainProcess result:false
07-11 18:10:18.248 25129 25176 I NAccs.ACCSMgrImpl_default:  bindApp appKey:umeng:546d7dd7fd98c58fc800082c
07-11 18:10:18.249 25129 25176 D NAccs.UtilityImpl:  enableService comptName:ComponentInfo{cn.missevan/com.taobao.accs.ChannelService}
07-11 18:10:18.255 25129 25177 D NAccs.FileCheckUtils:  st.getAvailableBlocks()=16818785,st.getAvailableBlocks() * blockSize=68889743360
07-11 18:10:18.259 25129 25129 I MissEvanApplication: [main] current process: cn.missevan:stats
07-11 18:10:18.261 25129 25129 I TetheringManager: registerTetheringEventCallback:cn.missevan
07-11 18:10:18.262 25129 25129 D BLOG-EVENT-Network: network changed: 3=>1
07-11 18:10:18.263  7393 20684 W MediaProvider: Forgot to handle a top level directory in getContentUriForFile?
07-11 18:10:18.264 25129 25129 W LaserActionExecutor: [main] actionClass map is null
07-11 18:10:18.267 25129 25129 V HotfixPatchListener: [main] application maxMemory:256
07-11 18:10:18.270 25129 25129 W Tinker.Tinker: [main] tinker patch directory: /data/user/0/cn.missevan/tinker
07-11 18:10:18.271 25129 25129 I Tinker.Tinker: [main] try to install tinker, isEnable: true, version: 1.9.14.10.4
07-11 18:10:18.271 25129 25129 I Tinker.TinkerLoadResult: [main] parseTinkerResult loadCode:-2, process name:cn.missevan:stats, main process:false, systemOTA:false, fingerPrint:Xiaomi/umi/umi:11/RKQ1.200826.002/V12.5.10.0.RJBCNXM:user/release-keys, oatDir:null, useInterpretMode:false
07-11 18:10:18.272 25129 25129 W Tinker.TinkerLoadResult: [main] can't find patch file, is ok, just return
07-11 18:10:18.273 25129 25129 I Tinker.DefaultLoadReporter: [main] patch loadReporter onLoadResult: patch load result, path:/data/user/0/cn.missevan/tinker, code: -2, cost: 1ms
07-11 18:10:18.273  7393  7598 W MediaProvider: Failed to update quota for uri: content://media/external_primary/file/128147
07-11 18:10:18.273  7393  7598 W MediaProvider: java.io.FileNotFoundException: No item at content://media/external_primary/file/128147
07-11 18:10:18.273  7393  7598 W MediaProvider: 	at com.android.providers.media.MediaProvider.queryForSingleItem(MediaProvider.java:6502)
07-11 18:10:18.273  7393  7598 W MediaProvider: 	at com.android.providers.media.MediaProvider.queryForDataFile(MediaProvider.java:6464)
07-11 18:10:18.273  7393  7598 W MediaProvider: 	at com.android.providers.media.MediaProvider.queryForDataFile(MediaProvider.java:6456)
07-11 18:10:18.273  7393  7598 W MediaProvider: 	at com.android.providers.media.MediaProvider.updateQuotaTypeForUri(MediaProvider.java:608)
07-11 18:10:18.273  7393  7598 W MediaProvider: 	at com.android.providers.media.MediaProvider.access$900(MediaProvider.java:243)
07-11 18:10:18.273  7393  7598 W MediaProvider: 	at com.android.providers.media.MediaProvider$3.lambda$onUpdate$1(MediaProvider.java:695)
07-11 18:10:18.273  7393  7598 W MediaProvider: 	at com.android.providers.media.MediaProvider$3.lambda$onUpdate$1$MediaProvider$3(Unknown Source:0)
07-11 18:10:18.273  7393  7598 W MediaProvider: 	at com.android.providers.media.-$$Lambda$MediaProvider$3$WJkiC6ajEYmAPvc5_niXuh2KmrI.run(Unknown Source:8)
07-11 18:10:18.273  7393  7598 W MediaProvider: 	at android.os.Handler.handleCallback(Handler.java:938)
07-11 18:10:18.273  7393  7598 W MediaProvider: 	at android.os.Handler.dispatchMessage(Handler.java:99)
07-11 18:10:18.273  7393  7598 W MediaProvider: 	at android.os.Looper.loop(Looper.java:236)
07-11 18:10:18.273  7393  7598 W MediaProvider: 	at android.os.HandlerThread.run(HandlerThread.java:67)
07-11 18:10:18.273 25129 25129 W Tinker.Tinker: [main] tinker load fail!
07-11 18:10:18.274   953   953 I ANDR-PERF-LM: LMPerfGlue: perfmodule_submit_request() 132: perfmodule_submit_request()
07-11 18:10:18.274   953   953 I ANDR-PERF-LM: Core: getInstance() 84: LM getInstance
07-11 18:10:18.274   953   953 D ANDR-PERF-LM: Feature: lookup() 101: Feature Name = AppClassifier, total featuers = 3, featureFound = 1
07-11 18:10:18.275   953   953 D ANDR-PERF-LM: Feature: getData() 112: data.data = 1
07-11 18:10:18.275   953   953 I ANDR-PERF-LM: FeedbackAPI: getFeedback() 60: app:cn.missevan feature:AppClassifier feedback = 1
07-11 18:10:18.282 25129 25129 D Tinker.TinkerLoader: [main] [PendingLog @ 2022-07-11 18:10:18.047] tryLoad test test
07-11 18:10:18.285 25129 25129 W Tinker.TinkerLoader: [main] [PendingLog @ 2022-07-11 18:10:18.048] tryLoadPatchFiles:patch dir not exist:/data/user/0/cn.missevan/tinker
07-11 18:10:18.289 25129 25129 D Tinker.DefaultAppLike: [main] [PendingLog @ 2022-07-11 18:10:18.051] onBaseContextAttached:
07-11 18:10:18.292 25129 25129 D Tinker.DefaultAppLike: [main] [PendingLog @ 2022-07-11 18:10:18.060] onCreate
07-11 18:10:18.306 25129 25184 I neuron.producer: [thread_report] Producer init with sn=1.
07-11 18:10:18.314  1969  2666 I system_server: oneway function results will be dropped but finished with status OK and parcel size 4
07-11 18:10:18.315  1969  2666 I chatty  : uid=1000(system) Binder:1969_6 identical 1 line
07-11 18:10:18.317  1969  2666 I system_server: oneway function results will be dropped but finished with status OK and parcel size 4
07-11 18:10:18.318 25129 25184 I neuron.statistics: [thread_report] Statistics init mobile stats ts=0, bytes=0.
07-11 18:10:18.318  7393 20675 W MediaProvider: Forgot to handle a top level directory in getContentUriForFile?
07-11 18:10:18.321 25129 25184 I neuron.traffic: [thread_report] Traffic policy initial interval=3000, batchSize=120
07-11 18:10:18.321  1969  2666 I system_server: oneway function results will be dropped but finished with status OK and parcel size 4
07-11 18:10:18.323  7393  7598 W MediaProvider: Failed to update quota for uri: content://media/external_primary/file/128148
07-11 18:10:18.323  7393  7598 W MediaProvider: java.io.FileNotFoundException: No item at content://media/external_primary/file/128148
07-11 18:10:18.323  7393  7598 W MediaProvider: 	at com.android.providers.media.MediaProvider.queryForSingleItem(MediaProvider.java:6502)
07-11 18:10:18.323  7393  7598 W MediaProvider: 	at com.android.providers.media.MediaProvider.queryForDataFile(MediaProvider.java:6464)
07-11 18:10:18.323  7393  7598 W MediaProvider: 	at com.android.providers.media.MediaProvider.queryForDataFile(MediaProvider.java:6456)
07-11 18:10:18.323  7393  7598 W MediaProvider: 	at com.android.providers.media.MediaProvider.updateQuotaTypeForUri(MediaProvider.java:608)
07-11 18:10:18.323  7393  7598 W MediaProvider: 	at com.android.providers.media.MediaProvider.access$900(MediaProvider.java:243)
07-11 18:10:18.323  7393  7598 W MediaProvider: 	at com.android.providers.media.MediaProvider$3.lambda$onUpdate$1(MediaProvider.java:695)
07-11 18:10:18.323  7393  7598 W MediaProvider: 	at com.android.providers.media.MediaProvider$3.lambda$onUpdate$1$MediaProvider$3(Unknown Source:0)
07-11 18:10:18.323  7393  7598 W MediaProvider: 	at com.android.providers.media.-$$Lambda$MediaProvider$3$WJkiC6ajEYmAPvc5_niXuh2KmrI.run(Unknown Source:8)
07-11 18:10:18.323  7393  7598 W MediaProvider: 	at android.os.Handler.handleCallback(Handler.java:938)
07-11 18:10:18.323  7393  7598 W MediaProvider: 	at android.os.Handler.dispatchMessage(Handler.java:99)
07-11 18:10:18.323  7393  7598 W MediaProvider: 	at android.os.Looper.loop(Looper.java:236)
07-11 18:10:18.323  7393  7598 W MediaProvider: 	at android.os.HandlerThread.run(HandlerThread.java:67)
07-11 18:10:18.327   599   599 E SELinux : avc:  denied  { find } for pid=7093 uid=10181 name=tethering scontext=u:r:vendor_systemhelper_app:s0:c512,c768 tcontext=u:object_r:tethering_service:s0 tclass=service_manager permissive=0
07-11 18:10:18.357  2988  3526 W TelephonyPermissions: reportAccessDeniedToReadIdentifiers:cn.missevan:getDeviceId:-1
07-11 18:10:18.360  2988  3526 E PhoneInterfaceManager: [PhoneIntfMgr] getCarrierPrivilegeStatusForUid: No UICC
07-11 18:10:18.360  2988  3526 W TelephonyPermissions: reportAccessDeniedToReadIdentifiers:cn.missevan:getSubscriberId:4
07-11 18:10:18.362 25129 25176 W NAccs.ACCSMgrImpl_default:  bindApp only allow in main process
07-11 18:10:18.363 24686 24686 I SplashFragment: [main] Delay times up, mHasRunLaunchMain: true
07-11 18:10:18.425 24615 24650 I appium  : channel read: POST /wd/hub/session/bb5c98a9-f792-4e08-81f5-007abe4424a3/elements
07-11 18:10:18.426 24615 24650 I appium  : FindElements command
07-11 18:10:18.430 24615 24650 I appium  : method: 'class name', selector: 'android.widget.Button'
07-11 18:10:18.430 24615 24650 I appium  : Waiting up to 10000ms for the device to idle
07-11 18:10:18.451 24615 24650 I appium  : Found zero matches
07-11 18:10:18.457 24615 24650 I appium  : AppiumResponse: {"sessionId":"bb5c98a9-f792-4e08-81f5-007abe4424a3","value":[]}
07-11 18:10:18.473   908 12402 I vendor.qti.bluetooth@1.0-ibs_handler: ProcessIbsCmd: Received IBS_WAKE_IND: 0xFD
07-11 18:10:18.473   908 12402 D vendor.qti.bluetooth@1.0-ibs_handler: SerialClockVote: vote for UART CLK ON
07-11 18:10:18.473   908 12402 D vendor.qti.bluetooth@1.0-wake_lock: Acquire wakelock is acquired
07-11 18:10:18.473   908 12402 I vendor.qti.bluetooth@1.0-ibs_handler: ProcessIbsCmd: Writing IBS_WAKE_ACK
07-11 18:10:18.474 12146 12405 V bt_stack: [VERBOSE1:btm_ble_gap.cc(1924)] btm_ble_process_ext_adv_pkt: bda=80:30:49:4a:b5:7e
07-11 18:10:18.475 12146 12405 V bt_stack: [VERBOSE1:btm_ble_gap.cc(1848)] btm_ble_process_adv_addr: bda=80:30:49:4a:b5:7e
07-11 18:10:18.475 12146 12405 V bt_stack: [VERBOSE1:btm_ble_gap.cc(2058)]  Waiting for scan response 80:30:49:4a:b5:7e
07-11 18:10:18.475 12146 12405 V bt_stack: [VERBOSE1:btm_ble_gap.cc(1924)] btm_ble_process_ext_adv_pkt: bda=80:30:49:4a:b5:7e
07-11 18:10:18.475 12146 12405 V bt_stack: [VERBOSE1:btm_ble_gap.cc(1848)] btm_ble_process_adv_addr: bda=80:30:49:4a:b5:7e
07-11 18:10:18.475 12146 12405 V bt_stack: [VERBOSE1:btm_ble_gap.cc(2058)]  Waiting for scan response 80:30:49:4a:b5:7e
07-11 18:10:18.484 24686 24686 I SplashFragment: [main] Start MainFragment
07-11 18:10:18.488 24686 24686 I ExoPlayerImpl: Release fb22b5 [ExoPlayerLib/2.17.1] [umi, Mi 10, Xiaomi, 30] [goog.exo.core, goog.exo.exoplayer, goog.exo.decoder, goog.exo.datasource, goog.exo.extractor]
07-11 18:10:18.520 24686 24686 D LeakCanary: Watching instance of skin.support.constraint.SkinCompatConstraintLayout (cn.missevan.view.fragment.SplashFragment received Fragment#onDestroyView() callback (references to its views should be cleared to prevent leaks)) with key c5239341-38ba-44e6-a729-232d95357a40
07-11 18:10:18.520 24686 24686 D LeakCanary: Watching instance of androidx.loader.app.LoaderManagerImpl$LoaderViewModel (androidx.loader.app.LoaderManagerImpl$LoaderViewModel received ViewModel#onCleared() callback) with key ab148127-1b47-479b-9a37-b5541ec0584b
07-11 18:10:18.520 24686 24686 D LeakCanary: Watching instance of leakcanary.internal.ViewModelClearedWatcher (leakcanary.internal.ViewModelClearedWatcher received ViewModel#onCleared() callback) with key c1c27940-c0e6-4038-b013-9ba1edf8ad4e
07-11 18:10:18.521 24686 24686 D LeakCanary: Watching instance of androidx.loader.app.LoaderManagerImpl$LoaderViewModel (androidx.loader.app.LoaderManagerImpl$LoaderViewModel received ViewModel#onCleared() callback) with key 2f8f3130-50da-48ed-8e03-1815e38c177f
07-11 18:10:18.521 24686 24686 D LeakCanary: Watching instance of leakcanary.internal.ViewModelClearedWatcher (leakcanary.internal.ViewModelClearedWatcher received ViewModel#onCleared() callback) with key c4db886c-2440-4343-b3dd-839b1dd3de00
07-11 18:10:18.521 24686 24686 D LeakCanary: Watching instance of com.bumptech.glide.manager.SupportRequestManagerFragment (com.bumptech.glide.manager.SupportRequestManagerFragment received Fragment#onDestroy() callback) with key 37ddb267-76a5-4d8c-9a5f-3a7462a3a144
07-11 18:10:18.522 24686 24686 I ExoPlayerImpl: Release fb22b5 [ExoPlayerLib/2.17.1] [umi, Mi 10, Xiaomi, 30] [goog.exo.core, goog.exo.exoplayer, goog.exo.decoder, goog.exo.datasource, goog.exo.extractor]
07-11 18:10:18.522 24686 24686 D LeakCanary: Watching instance of cn.missevan.view.fragment.SplashFragment (cn.missevan.view.fragment.SplashFragment received Fragment#onDestroy() callback) with key e9c221a2-5752-4196-b7dc-7aa0d78c202b
07-11 18:10:18.524 24686 24686 I MainFragment: [main] onCreateView
07-11 18:10:18.528   599   599 E SELinux : avc:  denied  { find } for pid=7093 uid=10181 name=tethering scontext=u:r:vendor_systemhelper_app:s0:c512,c768 tcontext=u:object_r:tethering_service:s0 tclass=service_manager permissive=0
07-11 18:10:18.554   908 12402 I vendor.qti.bluetooth@1.0-ibs_handler: ProcessIbsCmd: Received IBS_SLEEP_IND: 0xFE
07-11 18:10:18.554   908 12402 D vendor.qti.bluetooth@1.0-ibs_handler: SerialClockVote: vote for UART CLK OFF
07-11 18:10:18.589  2687  2687 D StatusBar: disable<e i a s b h r c s > disable2<q i n >
07-11 18:10:18.590  1969  3003 W ActivityManager: Sending non-protected broadcast com.android.systemui.fullscreen.statechange from system 2687:com.android.systemui/1000 pkg com.android.systemui. Callers=
07-11 18:10:18.590  1000  1000 D CompositionEngine: writeOutputDependentGeometryStateToHWC layer[cn.missevan/cn.missevan.activity.MainActivity#0] set Z 134217728 miFodLayer 134217728
07-11 18:10:18.590  1000  1000 D CompositionEngine: writeOutputDependentGeometryStateToHWC layer[#0] set Z 134217729 miFodLayer 134217728
07-11 18:10:18.590  1000  1000 D CompositionEngine: writeOutputDependentGeometryStateToHWC layer[RoundCorner#0] set Z 134217730 miFodLayer 134217728
07-11 18:10:18.590  1000  1000 D CompositionEngine: writeOutputDependentGeometryStateToHWC layer[RoundCorner#1] set Z 134217731 miFodLayer 134217728
07-11 18:10:18.592  2687  2687 D StatusBar: disable<e i a s b h r c s > disable2<q i n >
07-11 18:10:18.594  3005  3196 D GestureStubView: gatherTransparentRegion: need render w:54  h:1404
07-11 18:10:18.594  3005  3196 D GestureStubView: gatherTransparentRegion: need render w:54  h:1404
07-11 18:10:18.594  3005  3202 D NavStubView: gatherTransparentRegion: need render w:1080  h:35
07-11 18:10:18.594  3005  3202 W NavStubView_Touch: onComputeInternalInsets  bounds=Rect(0, 0 - 1080, 35)   mHideGestureLine=true   mIsShowNavBar=true   mKeepHidden=false   mDisableTouch=false   mUseEmptyTouchableRegion=false
07-11 18:10:18.595  3005  3202 W NavStubView_Touch:   onComputeInternalInsets  region=SkRegion((0,0,1080,35))
07-11 18:10:18.595  3005  3202 D NavStubView_Touch: onSystemUiFlagsChanged  mIsShowStatusBar    old= false   new=true
07-11 18:10:18.595  3005  3202 D NavStubView_Touch: onSystemUiFlagsChanged  mIsShowNavBar    old= true   new=true
07-11 18:10:18.601  1000  1000 D CompositionEngine: writeOutputDependentGeometryStateToHWC layer[cn.missevan/cn.missevan.activity.MainActivity#0] set Z 134217728 miFodLayer 134217728
07-11 18:10:18.601  1000  1000 D CompositionEngine: writeOutputDependentGeometryStateToHWC layer[#0] set Z 134217729 miFodLayer 134217728
07-11 18:10:18.601  1000  1000 D CompositionEngine: writeOutputDependentGeometryStateToHWC layer[RoundCorner#0] set Z 134217730 miFodLayer 134217728
07-11 18:10:18.601  1000  1000 D CompositionEngine: writeOutputDependentGeometryStateToHWC layer[RoundCorner#1] set Z 134217731 miFodLayer 134217728
07-11 18:10:18.613  1000  1000 D CompositionEngine: writeOutputDependentGeometryStateToHWC layer[cn.missevan/cn.missevan.activity.MainActivity#0] set Z 134217728 miFodLayer 134217728
07-11 18:10:18.613  1000  1000 D CompositionEngine: writeOutputDependentGeometryStateToHWC layer[#0] set Z 134217729 miFodLayer 134217728
07-11 18:10:18.613  1000  1000 D CompositionEngine: writeOutputDependentGeometryStateToHWC layer[RoundCorner#0] set Z 134217730 miFodLayer 134217728
07-11 18:10:18.613  1000  1000 D CompositionEngine: writeOutputDependentGeometryStateToHWC layer[RoundCorner#1] set Z 134217731 miFodLayer 134217728
07-11 18:10:18.624  1000  1000 D CompositionEngine: writeOutputDependentGeometryStateToHWC layer[cn.missevan/cn.missevan.activity.MainActivity#0] set Z 134217728 miFodLayer 134217728
07-11 18:10:18.624  1000  1000 D CompositionEngine: writeOutputDependentGeometryStateToHWC layer[#0] set Z 134217729 miFodLayer 134217728
07-11 18:10:18.624  1000  1000 D CompositionEngine: writeOutputDependentGeometryStateToHWC layer[StatusBar#0] set Z 134217730 miFodLayer 134217728
07-11 18:10:18.624  1000  1000 D CompositionEngine: writeOutputDependentGeometryStateToHWC layer[RoundCorner#0] set Z 134217731 miFodLayer 134217728
07-11 18:10:18.624  1000  1000 D CompositionEngine: writeOutputDependentGeometryStateToHWC layer[RoundCorner#1] set Z 134217732 miFodLayer 134217728
07-11 18:10:18.635  1000  1000 D CompositionEngine: writeOutputDependentGeometryStateToHWC layer[cn.missevan/cn.missevan.activity.MainActivity#0] set Z 134217728 miFodLayer 134217728
07-11 18:10:18.635  1000  1000 D CompositionEngine: writeOutputDependentGeometryStateToHWC layer[#0] set Z 134217729 miFodLayer 134217728
07-11 18:10:18.635  1000  1000 D CompositionEngine: writeOutputDependentGeometryStateToHWC layer[StatusBar#0] set Z 134217730 miFodLayer 134217728
07-11 18:10:18.635  1000  1000 D CompositionEngine: writeOutputDependentGeometryStateToHWC layer[RoundCorner#0] set Z 134217731 miFodLayer 134217728
07-11 18:10:18.635  1000  1000 D CompositionEngine: writeOutputDependentGeometryStateToHWC layer[RoundCorner#1] set Z 134217732 miFodLayer 134217728
07-11 18:10:18.646  1000  1000 D CompositionEngine: writeOutputDependentGeometryStateToHWC layer[cn.missevan/cn.missevan.activity.MainActivity#0] set Z 134217728 miFodLayer 134217728
07-11 18:10:18.646  1000  1000 D CompositionEngine: writeOutputDependentGeometryStateToHWC layer[#0] set Z 134217729 miFodLayer 134217728
07-11 18:10:18.646  1000  1000 D CompositionEngine: writeOutputDependentGeometryStateToHWC layer[StatusBar#0] set Z 134217730 miFodLayer 134217728
07-11 18:10:18.646  1000  1000 D CompositionEngine: writeOutputDependentGeometryStateToHWC layer[RoundCorner#0] set Z 134217731 miFodLayer 134217728
07-11 18:10:18.646  1000  1000 D CompositionEngine: writeOutputDependentGeometryStateToHWC layer[RoundCorner#1] set Z 134217732 miFodLayer 134217728
07-11 18:10:18.649 24686 24686 I Player.SinglePlayer: [main] init, from: UGCRecommendPageFragment
07-11 18:10:18.650 24686 24686 I Player.SinglePlayerConnection: [main] createPlayerIndex
07-11 18:10:18.650 24686 24686 I Player.SinglePlayerConnection: [main] createPlayerIndex, currentIndex: null, nextIndex: 0
07-11 18:10:18.651 24835 24888 I Player.BaseAidlPlayerService: [Binder:24835_4] createPlayer, playerIndex: 0
07-11 18:10:18.652 24686 24686 I Player.SinglePlayerConnection.core0: [main] createPlayerStateEvent, playerIndex: 0
07-11 18:10:18.653 24835 24835 I Player.BBPlayer: [main] init
07-11 18:10:18.653 24686 24686 I Player.SinglePlayerConnection.core0: [main] createPlayerEvent, playerIndex: 0
07-11 18:10:18.654 24835 24835 I @@@BBPLOG: Info T430164F8 CPlayMain L94 BPSDK 3.0.0.214, 21:33:24 Jun 13 2022. CPU: ARMV8. OS
07-11 18:10:18.654 24835 24835 I @@@BBPLOG: Info T430164F8 CPlayMain L243 The DataLog UserID: 0X0
07-11 18:10:18.654 24835 24835 I @@@BBPLOG: Info T430164F8 CPlayMain L250 The DataLog BUVID: XY2D9B72F2546DEAAD7E5CFE9D2961F9CF2FF
07-11 18:10:18.654 24835 24835 I @@@BBPLOG: Info T430164F8 CPlayMain L264 The DataLog AppVer: 5.7.0
07-11 18:10:18.654 24835 24835 I @@@BBPLOG: Info T430164F8 CPlayMain L284 The DataLog app type:   6
07-11 18:10:18.654 24835 24835 I @@@BBPLOG: Info T430164f8 BBPFuncLog L123 ----CIPMng::Clear Value is 00000000 start.
07-11 18:10:18.654 24835 24835 I @@@BBPLOG: Info T430164f8 BBPFuncLog L142 ----CIPMng::Clear leave! no return. Ussed Time: 0
07-11 18:10:18.654 24835 24835 I @@@BBPLOG: Info T430164F8 CPlayMain L272 The DataLog net type: 3
07-11 18:10:18.654 24835 24835 I @@@BBPLOG: Info T430164F8 CPlayMain L312 Set cronet engine: 0x709ec89680
07-11 18:10:18.654 24835 24835 I @@@BBPLOG: Info T430164F8 CPlayMain L257 The Session UUID: f8bb4585-e07b-42d0-a4db-786924dae9bd
07-11 18:10:18.655 24835 24835 I Player.Aidl.core0: [main] createPlayerCore
07-11 18:10:18.655 24835 24835 I Player.Aidl.core0: [main] initPlayerCore
07-11 18:10:18.656 24835 24835 D Player.BBPlayer: [main] event(1342177297): msg_log_cb, arg1: 0, arg2: 0, any: Info T430164F8 CPlayMain L257 The Session UUID: f8bb4585-e07b-42d0-a4db-786924dae9bd
07-11 18:10:18.656 24835 24835 D Player.BBPlayer:
07-11 18:10:18.656 24835 24835 I Player.BBPlayer: [main] msg_log_cb, Info T430164F8 CPlayMain L257 The Session UUID: f8bb4585-e07b-42d0-a4db-786924dae9bd
07-11 18:10:18.656 24835 24835 I Player.BBPlayer:
07-11 18:10:18.657  1000  1000 D CompositionEngine: writeOutputDependentGeometryStateToHWC layer[cn.missevan/cn.missevan.activity.MainActivity#0] set Z 134217728 miFodLayer 134217728
07-11 18:10:18.657  1000  1000 D CompositionEngine: writeOutputDependentGeometryStateToHWC layer[#0] set Z 134217729 miFodLayer 134217728
07-11 18:10:18.657  1000  1000 D CompositionEngine: writeOutputDependentGeometryStateToHWC layer[StatusBar#0] set Z 134217730 miFodLayer 134217728
07-11 18:10:18.657  1000  1000 D CompositionEngine: writeOutputDependentGeometryStateToHWC layer[RoundCorner#0] set Z 134217731 miFodLayer 134217728
07-11 18:10:18.657  1000  1000 D CompositionEngine: writeOutputDependentGeometryStateToHWC layer[RoundCorner#1] set Z 134217732 miFodLayer 134217728
07-11 18:10:18.668  1000  1000 D CompositionEngine: writeOutputDependentGeometryStateToHWC layer[cn.missevan/cn.missevan.activity.MainActivity#0] set Z 134217728 miFodLayer 134217728
07-11 18:10:18.668  1000  1000 D CompositionEngine: writeOutputDependentGeometryStateToHWC layer[#0] set Z 134217729 miFodLayer 134217728
07-11 18:10:18.668  1000  1000 D CompositionEngine: writeOutputDependentGeometryStateToHWC layer[StatusBar#0] set Z 134217730 miFodLayer 134217728
07-11 18:10:18.668  1000  1000 D CompositionEngine: writeOutputDependentGeometryStateToHWC layer[RoundCorner#0] set Z 134217731 miFodLayer 134217728
07-11 18:10:18.668  1000  1000 D CompositionEngine: writeOutputDependentGeometryStateToHWC layer[RoundCorner#1] set Z 134217732 miFodLayer 134217728
07-11 18:10:18.676 24686 24686 W MainActivityViewModel: [main] DownloadFileResolver, Start process local downloaded files!!!
07-11 18:10:18.679  1000  1000 D CompositionEngine: writeOutputDependentGeometryStateToHWC layer[cn.missevan/cn.missevan.activity.MainActivity#0] set Z 134217728 miFodLayer 134217728
07-11 18:10:18.679  1000  1000 D CompositionEngine: writeOutputDependentGeometryStateToHWC layer[#0] set Z 134217729 miFodLayer 134217728
07-11 18:10:18.679  1000  1000 D CompositionEngine: writeOutputDependentGeometryStateToHWC layer[StatusBar#0] set Z 134217730 miFodLayer 134217728
07-11 18:10:18.679  1000  1000 D CompositionEngine: writeOutputDependentGeometryStateToHWC layer[RoundCorner#0] set Z 134217731 miFodLayer 134217728
07-11 18:10:18.679  1000  1000 D CompositionEngine: writeOutputDependentGeometryStateToHWC layer[RoundCorner#1] set Z 134217732 miFodLayer 134217728
07-11 18:10:18.684 24686 24743 I DownloadFileResolver: [DefaultDispatcher-worker-3] Found downloaded files: 0
07-11 18:10:18.690  1000  1000 D CompositionEngine: writeOutputDependentGeometryStateToHWC layer[cn.missevan/cn.missevan.activity.MainActivity#0] set Z 134217728 miFodLayer 134217728
07-11 18:10:18.690  1000  1000 D CompositionEngine: writeOutputDependentGeometryStateToHWC layer[#0] set Z 134217729 miFodLayer 134217728
07-11 18:10:18.691  1000  1000 D CompositionEngine: writeOutputDependentGeometryStateToHWC layer[StatusBar#0] set Z 134217730 miFodLayer 134217728
07-11 18:10:18.691  1000  1000 D CompositionEngine: writeOutputDependentGeometryStateToHWC layer[RoundCorner#0] set Z 134217731 miFodLayer 134217728
07-11 18:10:18.691  1000  1000 D CompositionEngine: writeOutputDependentGeometryStateToHWC layer[RoundCorner#1] set Z 134217732 miFodLayer 134217728
07-11 18:10:18.701  1000  1000 D CompositionEngine: writeOutputDependentGeometryStateToHWC layer[cn.missevan/cn.missevan.activity.MainActivity#0] set Z 134217728 miFodLayer 134217728
07-11 18:10:18.701  1000  1000 D CompositionEngine: writeOutputDependentGeometryStateToHWC layer[#0] set Z 134217729 miFodLayer 134217728
07-11 18:10:18.701  1000  1000 D CompositionEngine: writeOutputDependentGeometryStateToHWC layer[StatusBar#0] set Z 134217730 miFodLayer 134217728
07-11 18:10:18.701  1000  1000 D CompositionEngine: writeOutputDependentGeometryStateToHWC layer[RoundCorner#0] set Z 134217731 miFodLayer 134217728
07-11 18:10:18.701  1000  1000 D CompositionEngine: writeOutputDependentGeometryStateToHWC layer[RoundCorner#1] set Z 134217732 miFodLayer 134217728
07-11 18:10:18.704   908 12312 D vendor.qti.bluetooth@1.0-wake_lock: Release wakelock is released
07-11 18:10:18.712  1000  1000 D CompositionEngine: writeOutputDependentGeometryStateToHWC layer[cn.missevan/cn.missevan.activity.MainActivity#0] set Z 134217728 miFodLayer 134217728
07-11 18:10:18.712  1000  1000 D CompositionEngine: writeOutputDependentGeometryStateToHWC layer[#0] set Z 134217729 miFodLayer 134217728
07-11 18:10:18.712  1000  1000 D CompositionEngine: writeOutputDependentGeometryStateToHWC layer[StatusBar#0] set Z 134217730 miFodLayer 134217728
07-11 18:10:18.712  1000  1000 D CompositionEngine: writeOutputDependentGeometryStateToHWC layer[RoundCorner#0] set Z 134217731 miFodLayer 134217728
07-11 18:10:18.712  1000  1000 D CompositionEngine: writeOutputDependentGeometryStateToHWC layer[RoundCorner#1] set Z 134217732 miFodLayer 134217728
07-11 18:10:18.724  1000  1000 D CompositionEngine: writeOutputDependentGeometryStateToHWC layer[cn.missevan/cn.missevan.activity.MainActivity#0] set Z 134217728 miFodLayer 134217728
07-11 18:10:18.724  1000  1000 D CompositionEngine: writeOutputDependentGeometryStateToHWC layer[#0] set Z 134217729 miFodLayer 134217728
07-11 18:10:18.724  1000  1000 D CompositionEngine: writeOutputDependentGeometryStateToHWC layer[StatusBar#0] set Z 134217730 miFodLayer 134217728
07-11 18:10:18.724  1000  1000 D CompositionEngine: writeOutputDependentGeometryStateToHWC layer[RoundCorner#0] set Z 134217731 miFodLayer 134217728
07-11 18:10:18.724  1000  1000 D CompositionEngine: writeOutputDependentGeometryStateToHWC layer[RoundCorner#1] set Z 134217732 miFodLayer 134217728
07-11 18:10:18.729   599   599 E SELinux : avc:  denied  { find } for pid=7093 uid=10181 name=tethering scontext=u:r:vendor_systemhelper_app:s0:c512,c768 tcontext=u:object_r:tethering_service:s0 tclass=service_manager permissive=0
07-11 18:10:18.735  1000  1000 D CompositionEngine: writeOutputDependentGeometryStateToHWC layer[cn.missevan/cn.missevan.activity.MainActivity#0] set Z 134217728 miFodLayer 134217728
07-11 18:10:18.735  1000  1000 D CompositionEngine: writeOutputDependentGeometryStateToHWC layer[#0] set Z 134217729 miFodLayer 134217728
07-11 18:10:18.735  1000  1000 D CompositionEngine: writeOutputDependentGeometryStateToHWC layer[StatusBar#0] set Z 134217730 miFodLayer 134217728
07-11 18:10:18.735  1000  1000 D CompositionEngine: writeOutputDependentGeometryStateToHWC layer[RoundCorner#0] set Z 134217731 miFodLayer 134217728
07-11 18:10:18.735  1000  1000 D CompositionEngine: writeOutputDependentGeometryStateToHWC layer[RoundCorner#1] set Z 134217732 miFodLayer 134217728
07-11 18:10:18.746  1000  1000 D CompositionEngine: writeOutputDependentGeometryStateToHWC layer[cn.missevan/cn.missevan.activity.MainActivity#0] set Z 134217728 miFodLayer 134217728
07-11 18:10:18.746  1000  1000 D CompositionEngine: writeOutputDependentGeometryStateToHWC layer[#0] set Z 134217729 miFodLayer 134217728
07-11 18:10:18.746  1000  1000 D CompositionEngine: writeOutputDependentGeometryStateToHWC layer[StatusBar#0] set Z 134217730 miFodLayer 134217728
07-11 18:10:18.746  1000  1000 D CompositionEngine: writeOutputDependentGeometryStateToHWC layer[RoundCorner#0] set Z 134217731 miFodLayer 134217728
07-11 18:10:18.746  1000  1000 D CompositionEngine: writeOutputDependentGeometryStateToHWC layer[RoundCorner#1] set Z 134217732 miFodLayer 134217728
07-11 18:10:18.757  1000  1000 D CompositionEngine: writeOutputDependentGeometryStateToHWC layer[cn.missevan/cn.missevan.activity.MainActivity#0] set Z 134217728 miFodLayer 134217728
07-11 18:10:18.757  1000  1000 D CompositionEngine: writeOutputDependentGeometryStateToHWC layer[#0] set Z 134217729 miFodLayer 134217728
07-11 18:10:18.757  1000  1000 D CompositionEngine: writeOutputDependentGeometryStateToHWC layer[StatusBar#0] set Z 134217730 miFodLayer 134217728
07-11 18:10:18.757  1000  1000 D CompositionEngine: writeOutputDependentGeometryStateToHWC layer[RoundCorner#0] set Z 134217731 miFodLayer 134217728
07-11 18:10:18.757  1000  1000 D CompositionEngine: writeOutputDependentGeometryStateToHWC layer[RoundCorner#1] set Z 134217732 miFodLayer 134217728
07-11 18:10:18.760 24686 25034 D CronetEngine: [thread_background]
07-11 18:10:18.760 24686 25034 D CronetEngine: url: http://static-test.maoercdn.com/app/privacy.json
07-11 18:10:18.760 24686 25034 D CronetEngine:  ip: 150.139.243.237
07-11 18:10:18.760 24686 25034 D CronetEngine:  hostResolverProvider: system
07-11 18:10:18.760 24686 25034 D CronetEngine:  hostResolveIps: ["150.139.243.237","150.139.243.236","150.139.243.238","150.139.243.242","150.139.243.248","150.139.243.239","150.139.243.240","150.139.243.241"]
07-11 18:10:18.760 24686 25034 D CronetEngine: exception: null
07-11 18:10:18.762 24686 24787 I BLOG    : [RxCachedThreadScheduler-1] HTTP request: [2022-07-11T10:10:18.674Z] GET http://static-test.maoercdn.com/app/privacy.json 200 81ms 0
07-11 18:10:18.768  1000  1000 D CompositionEngine: writeOutputDependentGeometryStateToHWC layer[cn.missevan/cn.missevan.activity.MainActivity#0] set Z 134217728 miFodLayer 134217728
07-11 18:10:18.768  1000  1000 D CompositionEngine: writeOutputDependentGeometryStateToHWC layer[#0] set Z 134217729 miFodLayer 134217728
07-11 18:10:18.768  1000  1000 D CompositionEngine: writeOutputDependentGeometryStateToHWC layer[StatusBar#0] set Z 134217730 miFodLayer 134217728
07-11 18:10:18.768  1000  1000 D CompositionEngine: writeOutputDependentGeometryStateToHWC layer[RoundCorner#0] set Z 134217731 miFodLayer 134217728
07-11 18:10:18.768  1000  1000 D CompositionEngine: writeOutputDependentGeometryStateToHWC layer[RoundCorner#1] set Z 134217732 miFodLayer 134217728
07-11 18:10:18.779  1000  1000 D CompositionEngine: writeOutputDependentGeometryStateToHWC layer[cn.missevan/cn.missevan.activity.MainActivity#0] set Z 134217728 miFodLayer 134217728
07-11 18:10:18.779  1000  1000 D CompositionEngine: writeOutputDependentGeometryStateToHWC layer[#0] set Z 134217729 miFodLayer 134217728
07-11 18:10:18.779  1000  1000 D CompositionEngine: writeOutputDependentGeometryStateToHWC layer[StatusBar#0] set Z 134217730 miFodLayer 134217728
07-11 18:10:18.779  1000  1000 D CompositionEngine: writeOutputDependentGeometryStateToHWC layer[RoundCorner#0] set Z 134217731 miFodLayer 134217728
07-11 18:10:18.779  1000  1000 D CompositionEngine: writeOutputDependentGeometryStateToHWC layer[RoundCorner#1] set Z 134217732 miFodLayer 134217728
07-11 18:10:18.790  1000  1000 D CompositionEngine: writeOutputDependentGeometryStateToHWC layer[cn.missevan/cn.missevan.activity.MainActivity#0] set Z 134217728 miFodLayer 134217728
07-11 18:10:18.790  1000  1000 D CompositionEngine: writeOutputDependentGeometryStateToHWC layer[#0] set Z 134217729 miFodLayer 134217728
07-11 18:10:18.790  1000  1000 D CompositionEngine: writeOutputDependentGeometryStateToHWC layer[StatusBar#0] set Z 134217730 miFodLayer 134217728
07-11 18:10:18.790  1000  1000 D CompositionEngine: writeOutputDependentGeometryStateToHWC layer[RoundCorner#0] set Z 134217731 miFodLayer 134217728
07-11 18:10:18.790  1000  1000 D CompositionEngine: writeOutputDependentGeometryStateToHWC layer[RoundCorner#1] set Z 134217732 miFodLayer 134217728
07-11 18:10:18.801  1000  1000 D CompositionEngine: writeOutputDependentGeometryStateToHWC layer[cn.missevan/cn.missevan.activity.MainActivity#0] set Z 134217728 miFodLayer 134217728
07-11 18:10:18.801  1000  1000 D CompositionEngine: writeOutputDependentGeometryStateToHWC layer[#0] set Z 134217729 miFodLayer 134217728
