07-08 18:34:12.014  5382  5382 D VA_UploadVoiceJobService: uploadVoiceDatas onReceive time cost : 0
07-08 18:34:12.016  5382  5513 D VA_UploadVoiceJobService: needUploadVoice timeSinceLastUpload = 8427185
07-08 18:34:12.418   908 12402 I vendor.qti.bluetooth@1.0-ibs_handler: ProcessIbsCmd: Received IBS_WAKE_IND: 0xFD
07-08 18:34:12.418   908 12402 D vendor.qti.bluetooth@1.0-ibs_handler: SerialClockVote: vote for UART CLK ON
07-08 18:34:12.419   908 12402 D vendor.qti.bluetooth@1.0-wake_lock: Acquire wakelock is acquired
07-08 18:34:12.419   908 12402 I vendor.qti.bluetooth@1.0-ibs_handler: ProcessIbsCmd: Writing IBS_WAKE_ACK
07-08 18:34:12.423 12146 12405 V bt_stack: [VERBOSE1:btm_ble_gap.cc(1924)] btm_ble_process_ext_adv_pkt: bda=29:e0:1f:53:71:b1
07-08 18:34:12.423 12146 12405 V bt_stack: [VERBOSE1:btm_ble_gap.cc(1848)] btm_ble_process_adv_addr: bda=29:e0:1f:53:71:b1
07-08 18:34:12.423 12146 12405 V bt_stack: [VERBOSE1:btm_inq.cc(1019)] BTM_InqDbRead: bd addr 29:e0:1f:53:71:b1
07-08 18:34:12.423 12146 12405 V bt_stack: [VERBOSE1:btm_ble_gap.cc(1924)] btm_ble_process_ext_adv_pkt: bda=0d:01:c4:5f:05:4d
07-08 18:34:12.423 12146 12405 V bt_stack: [VERBOSE1:btm_ble_gap.cc(1848)] btm_ble_process_adv_addr: bda=0d:01:c4:5f:05:4d
07-08 18:34:12.423 12146 12405 V bt_stack: [VERBOSE1:btm_inq.cc(1019)] BTM_InqDbRead: bd addr 0d:01:c4:5f:05:4d
07-08 18:34:12.423 12146 12405 V bt_stack: [VERBOSE1:btm_ble_gap.cc(1924)] btm_ble_process_ext_adv_pkt: bda=7a:dd:8c:ca:15:de
07-08 18:34:12.423 12146 12405 V bt_stack: [VERBOSE1:btm_ble_gap.cc(1848)] btm_ble_process_adv_addr: bda=7a:dd:8c:ca:15:de
07-08 18:34:12.423 12146 12405 V bt_stack: [VERBOSE1:btm_inq.cc(1019)] BTM_InqDbRead: bd addr 7a:dd:8c:ca:15:de
07-08 18:34:12.502   908 12402 I vendor.qti.bluetooth@1.0-ibs_handler: ProcessIbsCmd: Received IBS_SLEEP_IND: 0xFE
07-08 18:34:12.502   908 12402 D vendor.qti.bluetooth@1.0-ibs_handler: SerialClockVote: vote for UART CLK OFF
07-08 18:34:12.653   908 12312 D vendor.qti.bluetooth@1.0-wake_lock: Release wakelock is released
07-08 18:34:12.682 24366 24405 D MemoryCeilingMonitor: [handleMemoryCalculate]
07-08 18:34:12.683 24366 24405 D MemoryCeilingMonitor: [calculate] tot: 4506143, max: 268435456, free: 856543, heap: 3649600, per: 0.013595819473266602
07-08 18:34:13.797   908 12402 I vendor.qti.bluetooth@1.0-ibs_handler: ProcessIbsCmd: Received IBS_WAKE_IND: 0xFD
07-08 18:34:13.797   908 12402 D vendor.qti.bluetooth@1.0-ibs_handler: SerialClockVote: vote for UART CLK ON
07-08 18:34:13.798   908 12402 D vendor.qti.bluetooth@1.0-wake_lock: Acquire wakelock is acquired
07-08 18:34:13.798   908 12402 I vendor.qti.bluetooth@1.0-ibs_handler: ProcessIbsCmd: Writing IBS_WAKE_ACK
07-08 18:34:13.800 12146 12405 V bt_stack: [VERBOSE1:btm_ble_gap.cc(1924)] btm_ble_process_ext_adv_pkt: bda=7c:25:da:a1:a6:8e
07-08 18:34:13.800 12146 12405 V bt_stack: [VERBOSE1:btm_ble_gap.cc(1848)] btm_ble_process_adv_addr: bda=7c:25:da:a1:a6:8e
07-08 18:34:13.801 12146 12405 V bt_stack: [VERBOSE1:btm_inq.cc(1019)] BTM_InqDbRead: bd addr 7c:25:da:a1:a6:8e
07-08 18:34:13.801 12146 12405 V bt_stack: [VERBOSE1:btm_ble_gap.cc(1924)] btm_ble_process_ext_adv_pkt: bda=0d:01:c4:5f:05:4d
07-08 18:34:13.801 12146 12405 V bt_stack: [VERBOSE1:btm_ble_gap.cc(1848)] btm_ble_process_adv_addr: bda=0d:01:c4:5f:05:4d
07-08 18:34:13.801 12146 12405 V bt_stack: [VERBOSE1:btm_inq.cc(1019)] BTM_InqDbRead: bd addr 0d:01:c4:5f:05:4d
07-08 18:34:13.805  3576 12463 E MiuiFastConnectService: check adv data not fast connect
07-08 18:34:13.880   908 12402 I vendor.qti.bluetooth@1.0-ibs_handler: ProcessIbsCmd: Received IBS_SLEEP_IND: 0xFE
07-08 18:34:13.880   908 12402 D vendor.qti.bluetooth@1.0-ibs_handler: SerialClockVote: vote for UART CLK OFF
07-08 18:34:14.016  1969  2393 I MiuiNetworkPolicy: bandwidth: 3 KB/s, Max bandwidth: 3677 KB/s
07-08 18:34:14.031   908 12312 D vendor.qti.bluetooth@1.0-wake_lock: Release wakelock is released
07-08 18:34:14.501   908 12402 I vendor.qti.bluetooth@1.0-ibs_handler: ProcessIbsCmd: Received IBS_WAKE_IND: 0xFD
07-08 18:34:14.501   908 12402 D vendor.qti.bluetooth@1.0-ibs_handler: SerialClockVote: vote for UART CLK ON
07-08 18:34:14.502   908 12402 D vendor.qti.bluetooth@1.0-wake_lock: Acquire wakelock is acquired
07-08 18:34:14.502   908 12402 I vendor.qti.bluetooth@1.0-ibs_handler: ProcessIbsCmd: Writing IBS_WAKE_ACK
07-08 18:34:14.504 12146 12405 V bt_stack: [VERBOSE1:btm_ble_gap.cc(1924)] btm_ble_process_ext_adv_pkt: bda=7c:25:da:77:03:3c
07-08 18:34:14.504 12146 12405 V bt_stack: [VERBOSE1:btm_ble_gap.cc(1848)] btm_ble_process_adv_addr: bda=7c:25:da:77:03:3c
07-08 18:34:14.504 12146 12405 V bt_stack: [VERBOSE1:btm_inq.cc(1019)] BTM_InqDbRead: bd addr 7c:25:da:77:03:3c
07-08 18:34:14.508  3576 12463 E MiuiFastConnectService: check adv data not fast connect
07-08 18:34:14.512  1969  2395 D WifiScoreReportInjector: Fast switch not enabled
07-08 18:34:14.569  1000  1000 D CompositionEngine: writeOutputDependentGeometryStateToHWC layer[com.miui.miwallpaper.wallpaperservice.ImageWallpaper#0] set Z 134217728 miFodLayer 134217728
07-08 18:34:14.569  1000  1000 D CompositionEngine: writeOutputDependentGeometryStateToHWC layer[com.miui.home/com.miui.home.launcher.Launcher#0] set Z 134217729 miFodLayer 134217728
07-08 18:34:14.569  1000  1000 D CompositionEngine: writeOutputDependentGeometryStateToHWC layer[#1] set Z 134217730 miFodLayer 134217728
07-08 18:34:14.569  1000  1000 D CompositionEngine: writeOutputDependentGeometryStateToHWC layer[StatusBar#0] set Z 134217731 miFodLayer 134217728
07-08 18:34:14.569  1000  1000 D CompositionEngine: writeOutputDependentGeometryStateToHWC layer[RoundCorner#0] set Z 134217732 miFodLayer 134217728
07-08 18:34:14.569  1000  1000 D CompositionEngine: writeOutputDependentGeometryStateToHWC layer[RoundCorner#1] set Z 134217733 miFodLayer 134217728
07-08 18:34:14.583   908 12402 I vendor.qti.bluetooth@1.0-ibs_handler: ProcessIbsCmd: Received IBS_SLEEP_IND: 0xFE
07-08 18:34:14.583   908 12402 D vendor.qti.bluetooth@1.0-ibs_handler: SerialClockVote: vote for UART CLK OFF
07-08 18:34:14.733   908 12312 D vendor.qti.bluetooth@1.0-wake_lock: Release wakelock is released
07-08 18:34:15.089   908 12402 I vendor.qti.bluetooth@1.0-ibs_handler: ProcessIbsCmd: Received IBS_WAKE_IND: 0xFD
07-08 18:34:15.090   908 12402 D vendor.qti.bluetooth@1.0-ibs_handler: SerialClockVote: vote for UART CLK ON
07-08 18:34:15.091   908 12402 D vendor.qti.bluetooth@1.0-wake_lock: Acquire wakelock is acquired
07-08 18:34:15.091   908 12402 I vendor.qti.bluetooth@1.0-ibs_handler: ProcessIbsCmd: Writing IBS_WAKE_ACK
07-08 18:34:15.093 12146 12405 V bt_stack: [VERBOSE1:btm_ble_gap.cc(1924)] btm_ble_process_ext_adv_pkt: bda=d4:5e:ec:42:d1:94
07-08 18:34:15.093 12146 12405 V bt_stack: [VERBOSE1:btm_ble_gap.cc(1848)] btm_ble_process_adv_addr: bda=d4:5e:ec:42:d1:94
07-08 18:34:15.093 12146 12405 V bt_stack: [VERBOSE1:btm_ble_gap.cc(2058)]  Waiting for scan response d4:5e:ec:42:d1:94
07-08 18:34:15.094 12146 12405 V bt_stack: [VERBOSE1:btm_ble_gap.cc(1924)] btm_ble_process_ext_adv_pkt: bda=d4:5e:ec:42:d1:94
07-08 18:34:15.094 12146 12405 V bt_stack: [VERBOSE1:btm_ble_gap.cc(1848)] btm_ble_process_adv_addr: bda=d4:5e:ec:42:d1:94
07-08 18:34:15.094 12146 12405 V bt_stack: [VERBOSE1:btm_inq.cc(1019)] BTM_InqDbRead: bd addr d4:5e:ec:42:d1:94
07-08 18:34:15.100  3576 12463 E MiuiFastConnectService: check adv data not fast connect
07-08 18:34:15.100  3576 12463 D MiuiNearbyService: getNearbyService() - returning com.android.bluetooth.ble.app.MiuiNearbyService@99639a
07-08 18:34:15.101  8006  8935 E IDM-BleBackGround: MiConnect EndPoint found
07-08 18:34:15.172   908 12402 I vendor.qti.bluetooth@1.0-ibs_handler: ProcessIbsCmd: Received IBS_SLEEP_IND: 0xFE
07-08 18:34:15.172   908 12402 D vendor.qti.bluetooth@1.0-ibs_handler: SerialClockVote: vote for UART CLK OFF
07-08 18:34:15.324   908 12312 D vendor.qti.bluetooth@1.0-wake_lock: Release wakelock is released
07-08 18:34:17.023  1969  2393 I MiuiNetworkPolicy: bandwidth: 1 KB/s, Max bandwidth: 3677 KB/s
07-08 18:34:17.024   599   599 I chatty  : uid=1000(system) /system/bin/servicemanager expire 33 lines
07-08 18:34:17.530  1969  2395 D WifiScoreReportInjector: Fast switch not enabled
07-08 18:34:17.763   908 12402 I vendor.qti.bluetooth@1.0-ibs_handler: ProcessIbsCmd: Received IBS_WAKE_IND: 0xFD
07-08 18:34:17.763   908 12402 D vendor.qti.bluetooth@1.0-ibs_handler: SerialClockVote: vote for UART CLK ON
07-08 18:34:17.765   908 12402 D vendor.qti.bluetooth@1.0-wake_lock: Acquire wakelock is acquired
07-08 18:34:17.765   908 12402 I vendor.qti.bluetooth@1.0-ibs_handler: ProcessIbsCmd: Writing IBS_WAKE_ACK
07-08 18:34:17.767 12146 12405 V bt_stack: [VERBOSE1:btm_ble_gap.cc(1924)] btm_ble_process_ext_adv_pkt: bda=7a:dd:8c:ca:15:de
07-08 18:34:17.767 12146 12405 V bt_stack: [VERBOSE1:btm_ble_gap.cc(1848)] btm_ble_process_adv_addr: bda=7a:dd:8c:ca:15:de
07-08 18:34:17.768 12146 12405 V bt_stack: [VERBOSE1:btm_inq.cc(1019)] BTM_InqDbRead: bd addr 7a:dd:8c:ca:15:de
07-08 18:34:17.847   908 12402 I vendor.qti.bluetooth@1.0-ibs_handler: ProcessIbsCmd: Received IBS_SLEEP_IND: 0xFE
07-08 18:34:17.847   908 12402 D vendor.qti.bluetooth@1.0-ibs_handler: SerialClockVote: vote for UART CLK OFF
07-08 18:34:17.999   908 12312 D vendor.qti.bluetooth@1.0-wake_lock: Release wakelock is released
07-08 18:34:19.108   908 12402 I vendor.qti.bluetooth@1.0-ibs_handler: ProcessIbsCmd: Received IBS_WAKE_IND: 0xFD
07-08 18:34:19.108   908 12402 D vendor.qti.bluetooth@1.0-ibs_handler: SerialClockVote: vote for UART CLK ON
07-08 18:34:19.109   908 12402 D vendor.qti.bluetooth@1.0-wake_lock: Acquire wakelock is acquired
07-08 18:34:19.109   908 12402 I vendor.qti.bluetooth@1.0-ibs_handler: ProcessIbsCmd: Writing IBS_WAKE_ACK
07-08 18:34:19.111 12146 12405 V bt_stack: [VERBOSE1:btm_ble_gap.cc(1924)] btm_ble_process_ext_adv_pkt: bda=7c:25:da:a1:a6:8e
07-08 18:34:19.111 12146 12405 V bt_stack: [VERBOSE1:btm_ble_gap.cc(1848)] btm_ble_process_adv_addr: bda=7c:25:da:a1:a6:8e
07-08 18:34:19.111 12146 12405 V bt_stack: [VERBOSE1:btm_inq.cc(1019)] BTM_InqDbRead: bd addr 7c:25:da:a1:a6:8e
07-08 18:34:19.116  3576 12463 E MiuiFastConnectService: check adv data not fast connect
07-08 18:34:19.190   908 12402 I vendor.qti.bluetooth@1.0-ibs_handler: ProcessIbsCmd: Received IBS_SLEEP_IND: 0xFE
07-08 18:34:19.190   908 12402 D vendor.qti.bluetooth@1.0-ibs_handler: SerialClockVote: vote for UART CLK OFF
07-08 18:34:19.340   908 12312 D vendor.qti.bluetooth@1.0-wake_lock: Release wakelock is released
07-08 18:34:19.710   908 12402 I vendor.qti.bluetooth@1.0-ibs_handler: ProcessIbsCmd: Received IBS_WAKE_IND: 0xFD
07-08 18:34:19.710   908 12402 D vendor.qti.bluetooth@1.0-ibs_handler: SerialClockVote: vote for UART CLK ON
07-08 18:34:19.710   908 12402 D vendor.qti.bluetooth@1.0-wake_lock: Acquire wakelock is acquired
07-08 18:34:19.711   908 12402 I vendor.qti.bluetooth@1.0-ibs_handler: ProcessIbsCmd: Writing IBS_WAKE_ACK
07-08 18:34:19.714 12146 12405 V bt_stack: [VERBOSE1:btm_ble_gap.cc(1924)] btm_ble_process_ext_adv_pkt: bda=c8:28:32:16:78:36
07-08 18:34:19.714 12146 12405 V bt_stack: [VERBOSE1:btm_ble_gap.cc(1848)] btm_ble_process_adv_addr: bda=c8:28:32:16:78:36
07-08 18:34:19.714 12146 12405 V bt_stack: [VERBOSE1:btm_ble_gap.cc(2058)]  Waiting for scan response c8:28:32:16:78:36
07-08 18:34:19.714 12146 12405 V bt_stack: [VERBOSE1:btm_ble_gap.cc(1924)] btm_ble_process_ext_adv_pkt: bda=7c:25:da:a1:a6:8e
07-08 18:34:19.714 12146 12405 V bt_stack: [VERBOSE1:btm_ble_gap.cc(1848)] btm_ble_process_adv_addr: bda=7c:25:da:a1:a6:8e
07-08 18:34:19.714 12146 12405 V bt_stack: [VERBOSE1:btm_inq.cc(1019)] BTM_InqDbRead: bd addr 7c:25:da:a1:a6:8e
07-08 18:34:19.719  3576 12463 E MiuiFastConnectService: check adv data not fast connect
07-08 18:34:19.777 24366 24486 I SocketReaderNewtrue: SocketReader(10579) continue
07-08 18:34:19.778 24366 24486 D MSF.C.NetConnTag.true: MsfCoreSocketReaderNew closeConn socketEngineID: 0 socket hashcode: 0 for reason: readError
07-08 18:34:19.779 24366 24486 E MSF.C.NetConnTag.true: conn is already closed on readError closeConn socketEngineID: 0 socket hashcode: 0java.lang.Throwable
07-08 18:34:19.779 24366 24486 E MSF.C.NetConnTag.true: 	at com.tencent.mobileqq.msf.core.net.m.b(P:27)
07-08 18:34:19.779 24366 24486 E MSF.C.NetConnTag.true: 	at com.tencent.mobileqq.msf.core.net.m$b.run(P:24)
07-08 18:34:19.779 24366 24486 E SocketReaderNewtrue: socketEngine: 0socket hashCode: 0SocketReader(10579) errorjava.net.SocketException: Socket is closed
07-08 18:34:19.779 24366 24486 I SocketReaderNewtrue: SocketReader(10579) wait
07-08 18:34:19.791   908 12402 I vendor.qti.bluetooth@1.0-ibs_handler: ProcessIbsCmd: Received IBS_SLEEP_IND: 0xFE
07-08 18:34:19.791   908 12402 D vendor.qti.bluetooth@1.0-ibs_handler: SerialClockVote: vote for UART CLK OFF
07-08 18:34:19.942   908 12312 D vendor.qti.bluetooth@1.0-wake_lock: Release wakelock is released
07-08 18:34:20.026  1969  2393 I MiuiNetworkPolicy: bandwidth: 2 KB/s, Max bandwidth: 3677 KB/s
07-08 18:34:20.199  2687  2687 D KeyguardUpdateMonitor: received broadcast android.intent.action.BATTERY_CHANGED
07-08 18:34:20.199  2687  2687 D BatteryController: onReceive: Intent = Intent { act=android.intent.action.BATTERY_CHANGED flg=0x60000010 (has extras) } action = android.intent.action.BATTERY_CHANGED
07-08 18:34:20.199  2988  2988 D NetworkSpeedTracker: receive actionandroid.intent.action.BATTERY_CHANGED
07-08 18:34:20.199  2988  2988 D NetworkSpeedTracker: onReceive ACTION_BATTERY_CHANGED mBatteryLevel = 100;mIsCharging =true
07-08 18:34:20.200  2878  2878 D QtiCarrierConfigHelper: WARNING, no carrier configs on phone Id: 0
07-08 18:34:20.201  7437  7437 I BatteryInfoReceiver: ACTION_BATTERY_CHANGED
07-08 18:34:20.202  1969  2384 I android_os_HwBinder: HwBinder: Starting thread pool for getting: vendor.xiaomi.hardware.micharge@1.0::IMiCharge/default
07-08 18:34:20.203  7437  9611 I android_os_HwBinder: HwBinder: Starting thread pool for getting: vendor.xiaomi.hardware.micharge@1.0::IMiCharge/default
07-08 18:34:20.203   971  3748 I vendor.xiaomi.hardware.micharge@1.0-service: ReadFilePathValue path = /sys/class/power_supply/battery/night_charging value = 0
07-08 18:34:20.204  9145  9477 D PowerKeeper.FrozenApp: onBatteryChanged plug=true mBatteryPlugged=2
07-08 18:34:20.204  7437  9611 I ChargeProtectionUtils: getNightChargingState: 0
07-08 18:34:20.204  9145  9533 D PowerCheckerService: onBatteryChanged, mBatteryLevel = 100, status = 2, level = 100, plug = 2, scale = 100
07-08 18:34:20.204   971  3748 I vendor.xiaomi.hardware.micharge@1.0-service: ReadFilePathValue path = /sys/class/power_supply/wireless/reverse_chg_mode value = 0
07-08 18:34:20.205  5382  5382 D VA_UploadVoiceJobService: uploadVoiceDatas onReceive time cost : 0
07-08 18:34:20.205  2951  2951 D DeviceStatisticsService: chargerType=2 batteryLevel=100 totalBatteryCapacity=4295500
07-08 18:34:20.206  2951  2951 D DeviceInfoHidlClient: getPowerInfoSupportStatus()=-1
07-08 18:34:20.206  5382  5513 D VA_UploadVoiceJobService: needUploadVoice timeSinceLastUpload = 8435375
07-08 18:34:20.207  1969  2384 I android_os_HwBinder: HwBinder: Starting thread pool for getting: vendor.xiaomi.hardware.micharge@1.0::IMiCharge/default
07-08 18:34:20.207   971  3748 I vendor.xiaomi.hardware.micharge@1.0-service: ReadFilePathValue path = /sys/class/power_supply/bms/fastcharge_mode value = 0
07-08 18:34:20.334   908 12402 I vendor.qti.bluetooth@1.0-ibs_handler: ProcessIbsCmd: Received IBS_WAKE_IND: 0xFD
07-08 18:34:20.335   908 12402 D vendor.qti.bluetooth@1.0-ibs_handler: SerialClockVote: vote for UART CLK ON
07-08 18:34:20.336   908 12402 D vendor.qti.bluetooth@1.0-wake_lock: Acquire wakelock is acquired
07-08 18:34:20.336   908 12402 I vendor.qti.bluetooth@1.0-ibs_handler: ProcessIbsCmd: Writing IBS_WAKE_ACK
07-08 18:34:20.338 12146 12405 V bt_stack: [VERBOSE1:btm_ble_gap.cc(1924)] btm_ble_process_ext_adv_pkt: bda=7c:25:da:a1:a6:8e
07-08 18:34:20.339 12146 12405 V bt_stack: [VERBOSE1:btm_ble_gap.cc(1848)] btm_ble_process_adv_addr: bda=7c:25:da:a1:a6:8e
07-08 18:34:20.339 12146 12405 V bt_stack: [VERBOSE1:btm_inq.cc(1019)] BTM_InqDbRead: bd addr 7c:25:da:a1:a6:8e
07-08 18:34:20.342  3576 12463 E MiuiFastConnectService: check adv data not fast connect
07-08 18:34:20.418   908 12402 I vendor.qti.bluetooth@1.0-ibs_handler: ProcessIbsCmd: Received IBS_SLEEP_IND: 0xFE
07-08 18:34:20.418   908 12402 D vendor.qti.bluetooth@1.0-ibs_handler: SerialClockVote: vote for UART CLK OFF
07-08 18:34:20.562  1969  2395 D WifiScoreReportInjector: Fast switch not enabled
07-08 18:34:20.568   908 12312 D vendor.qti.bluetooth@1.0-wake_lock: Release wakelock is released
07-08 18:34:20.947   908 12402 I vendor.qti.bluetooth@1.0-ibs_handler: ProcessIbsCmd: Received IBS_WAKE_IND: 0xFD
07-08 18:34:20.947   908 12402 D vendor.qti.bluetooth@1.0-ibs_handler: SerialClockVote: vote for UART CLK ON
07-08 18:34:20.948   908 12402 D vendor.qti.bluetooth@1.0-wake_lock: Acquire wakelock is acquired
07-08 18:34:20.948   908 12402 I vendor.qti.bluetooth@1.0-ibs_handler: ProcessIbsCmd: Writing IBS_WAKE_ACK
07-08 18:34:20.950 12146 12405 V bt_stack: [VERBOSE1:btm_ble_gap.cc(1924)] btm_ble_process_ext_adv_pkt: bda=7c:25:da:a1:a6:8e
07-08 18:34:20.951 12146 12405 V bt_stack: [VERBOSE1:btm_ble_gap.cc(1848)] btm_ble_process_adv_addr: bda=7c:25:da:a1:a6:8e
07-08 18:34:20.951 12146 12405 V bt_stack: [VERBOSE1:btm_inq.cc(1019)] BTM_InqDbRead: bd addr 7c:25:da:a1:a6:8e
07-08 18:34:20.951 12146 12405 V bt_stack: [VERBOSE1:btm_ble_gap.cc(1924)] btm_ble_process_ext_adv_pkt: bda=0d:01:c4:5f:05:4d
07-08 18:34:20.951 12146 12405 V bt_stack: [VERBOSE1:btm_ble_gap.cc(1848)] btm_ble_process_adv_addr: bda=0d:01:c4:5f:05:4d
07-08 18:34:20.951 12146 12405 V bt_stack: [VERBOSE1:btm_inq.cc(1019)] BTM_InqDbRead: bd addr 0d:01:c4:5f:05:4d
07-08 18:34:20.956  3576 12463 E MiuiFastConnectService: check adv data not fast connect
07-08 18:34:21.030   908 12402 I vendor.qti.bluetooth@1.0-ibs_handler: ProcessIbsCmd: Received IBS_SLEEP_IND: 0xFE
07-08 18:34:21.030   908 12402 D vendor.qti.bluetooth@1.0-ibs_handler: SerialClockVote: vote for UART CLK OFF
07-08 18:34:21.181   908 12312 D vendor.qti.bluetooth@1.0-wake_lock: Release wakelock is released
07-08 18:34:21.181  2988  2988 D NetworkSpeedTracker: receive actionandroid.intent.action.BATTERY_CHANGED
07-08 18:34:21.181  2988  2988 D NetworkSpeedTracker: onReceive ACTION_BATTERY_CHANGED mBatteryLevel = 100;mIsCharging =true
07-08 18:34:21.182  2878  2878 D QtiCarrierConfigHelper: WARNING, no carrier configs on phone Id: 0
07-08 18:34:21.183  2687  2687 D KeyguardUpdateMonitor: received broadcast android.intent.action.BATTERY_CHANGED
07-08 18:34:21.183  2687  2687 D BatteryController: onReceive: Intent = Intent { act=android.intent.action.BATTERY_CHANGED flg=0x60000010 (has extras) } action = android.intent.action.BATTERY_CHANGED
07-08 18:34:21.184  7437  7437 I BatteryInfoReceiver: ACTION_BATTERY_CHANGED
07-08 18:34:21.187  9145  9477 D PowerKeeper.FrozenApp: onBatteryChanged plug=true mBatteryPlugged=2
07-08 18:34:21.187  9145  9533 D PowerCheckerService: onBatteryChanged, mBatteryLevel = 100, status = 2, level = 100, plug = 2, scale = 100
07-08 18:34:21.188  2951  2951 D DeviceStatisticsService: chargerType=2 batteryLevel=100 totalBatteryCapacity=4295500
07-08 18:34:21.188  2951  2951 D DeviceInfoHidlClient: isPowerInfoNeverSent()=true
07-08 18:34:21.188  2951  2951 D DeviceInfoHidlClient: getPowerInfoSupportStatus()=-1
07-08 18:34:21.188  7437  9266 I android_os_HwBinder: HwBinder: Starting thread pool for getting: vendor.xiaomi.hardware.micharge@1.0::IMiCharge/default
07-08 18:34:21.189   971  3748 I vendor.xiaomi.hardware.micharge@1.0-service: ReadFilePathValue path = /sys/class/power_supply/battery/night_charging value = 0
07-08 18:34:21.189  7437  9266 I ChargeProtectionUtils: getNightChargingState: 0
07-08 18:34:21.190  5382  5382 D VA_UploadVoiceJobService: uploadVoiceDatas onReceive time cost : 0
07-08 18:34:21.192  5382  5513 D VA_UploadVoiceJobService: needUploadVoice timeSinceLastUpload = 8436361
07-08 18:34:21.743   908 12402 I vendor.qti.bluetooth@1.0-ibs_handler: ProcessIbsCmd: Received IBS_WAKE_IND: 0xFD
07-08 18:34:21.743   908 12402 D vendor.qti.bluetooth@1.0-ibs_handler: SerialClockVote: vote for UART CLK ON
07-08 18:34:21.744   908 12402 D vendor.qti.bluetooth@1.0-wake_lock: Acquire wakelock is acquired
07-08 18:34:21.744   908 12402 I vendor.qti.bluetooth@1.0-ibs_handler: ProcessIbsCmd: Writing IBS_WAKE_ACK
07-08 18:34:21.747 12146 12405 V bt_stack: [VERBOSE1:btm_ble_gap.cc(1924)] btm_ble_process_ext_adv_pkt: bda=29:e0:1f:53:71:b1
07-08 18:34:21.747 12146 12405 V bt_stack: [VERBOSE1:btm_ble_gap.cc(1848)] btm_ble_process_adv_addr: bda=29:e0:1f:53:71:b1
07-08 18:34:21.747 12146 12405 V bt_stack: [VERBOSE1:btm_inq.cc(1019)] BTM_InqDbRead: bd addr 29:e0:1f:53:71:b1
07-08 18:34:21.748 12146 12405 V bt_stack: [VERBOSE1:btm_ble_gap.cc(1924)] btm_ble_process_ext_adv_pkt: bda=c8:28:32:16:78:36
07-08 18:34:21.748 12146 12405 V bt_stack: [VERBOSE1:btm_ble_gap.cc(1848)] btm_ble_process_adv_addr: bda=c8:28:32:16:78:36
07-08 18:34:21.748 12146 12405 V bt_stack: [VERBOSE1:btm_ble_gap.cc(2058)]  Waiting for scan response c8:28:32:16:78:36
07-08 18:34:21.748 12146 12405 V bt_stack: [VERBOSE1:btm_ble_gap.cc(1924)] btm_ble_process_ext_adv_pkt: bda=c8:28:32:16:78:36
07-08 18:34:21.748 12146 12405 V bt_stack: [VERBOSE1:btm_ble_gap.cc(1848)] btm_ble_process_adv_addr: bda=c8:28:32:16:78:36
07-08 18:34:21.748 12146 12405 V bt_stack: [VERBOSE1:btm_inq.cc(1019)] BTM_InqDbRead: bd addr c8:28:32:16:78:36
07-08 18:34:21.765  3576 12463 D MiuiMiHomeConnectController: getDeviceTimes
07-08 18:34:21.767  3576 12463 D MiuiMiHomeConnectController: result.getRssi = -7200:00:00:16:78:36
07-08 18:34:21.772  3576 12463 D MiuiMiHomeDownloadManager: check local file : null
07-08 18:34:21.772  3576 12463 D MiuiMiHomeDownloadManager: device: 41646    return rssiNum: -50
07-08 18:34:21.772  3576 12463 D MiuiMiHomeConnectController: rssi num is not fit cloud data
07-08 18:34:21.826   908 12402 I vendor.qti.bluetooth@1.0-ibs_handler: ProcessIbsCmd: Received IBS_SLEEP_IND: 0xFE
07-08 18:34:21.827   908 12402 D vendor.qti.bluetooth@1.0-ibs_handler: SerialClockVote: vote for UART CLK OFF
07-08 18:34:21.977   908 12312 D vendor.qti.bluetooth@1.0-wake_lock: Release wakelock is released
07-08 18:34:22.696 24366 24405 D MemoryCeilingMonitor: [handleMemoryCalculate]
07-08 18:34:22.697 24366 24405 D MemoryCeilingMonitor: [calculate] tot: 4506143, max: 268435456, free: 807327, heap: 3698816, per: 0.013779163360595703
07-08 18:34:22.990   908 12402 I vendor.qti.bluetooth@1.0-ibs_handler: ProcessIbsCmd: Received IBS_WAKE_IND: 0xFD
07-08 18:34:22.990   908 12402 D vendor.qti.bluetooth@1.0-ibs_handler: SerialClockVote: vote for UART CLK ON
07-08 18:34:22.990   908 12402 D vendor.qti.bluetooth@1.0-wake_lock: Acquire wakelock is acquired
07-08 18:34:22.991   908 12402 I vendor.qti.bluetooth@1.0-ibs_handler: ProcessIbsCmd: Writing IBS_WAKE_ACK
07-08 18:34:22.993 12146 12405 V bt_stack: [VERBOSE1:btm_ble_gap.cc(1924)] btm_ble_process_ext_adv_pkt: bda=7c:25:da:a1:a6:8e
07-08 18:34:22.993 12146 12405 V bt_stack: [VERBOSE1:btm_ble_gap.cc(1848)] btm_ble_process_adv_addr: bda=7c:25:da:a1:a6:8e
07-08 18:34:22.993 12146 12405 V bt_stack: [VERBOSE1:btm_inq.cc(1019)] BTM_InqDbRead: bd addr 7c:25:da:a1:a6:8e
07-08 18:34:22.998  3576 12463 E MiuiFastConnectService: check adv data not fast connect
07-08 18:34:23.030  1969  2393 I MiuiNetworkPolicy: bandwidth: 2 KB/s, Max bandwidth: 3677 KB/s
07-08 18:34:23.071   908 12402 I vendor.qti.bluetooth@1.0-ibs_handler: ProcessIbsCmd: Received IBS_SLEEP_IND: 0xFE
07-08 18:34:23.071   908 12402 D vendor.qti.bluetooth@1.0-ibs_handler: SerialClockVote: vote for UART CLK OFF
07-08 18:34:23.223   908 12312 D vendor.qti.bluetooth@1.0-wake_lock: Release wakelock is released
07-08 18:34:23.592  1969  2395 D WifiScoreReportInjector: Fast switch not enabled
07-08 18:34:23.698   599   599 E SELinux : avc:  denied  { find } for pid=7093 uid=10181 name=tethering scontext=u:r:vendor_systemhelper_app:s0:c512,c768 tcontext=u:object_r:tethering_service:s0 tclass=service_manager permissive=0
07-08 18:34:24.710   599   599 I chatty  : uid=1000(system) /system/bin/servicemanager identical 5 lines
07-08 18:34:24.913   599   599 E SELinux : avc:  denied  { find } for pid=7093 uid=10181 name=tethering scontext=u:r:vendor_systemhelper_app:s0:c512,c768 tcontext=u:object_r:tethering_service:s0 tclass=service_manager permissive=0
07-08 18:34:24.966   908 12402 I vendor.qti.bluetooth@1.0-ibs_handler: ProcessIbsCmd: Received IBS_WAKE_IND: 0xFD
07-08 18:34:24.966   908 12402 D vendor.qti.bluetooth@1.0-ibs_handler: SerialClockVote: vote for UART CLK ON
07-08 18:34:24.967   908 12402 D vendor.qti.bluetooth@1.0-wake_lock: Acquire wakelock is acquired
07-08 18:34:24.967   908 12402 I vendor.qti.bluetooth@1.0-ibs_handler: ProcessIbsCmd: Writing IBS_WAKE_ACK
07-08 18:34:24.970 12146 12405 V bt_stack: [VERBOSE1:btm_ble_gap.cc(1924)] btm_ble_process_ext_adv_pkt: bda=7a:dd:8c:ca:15:de
07-08 18:34:24.970 12146 12405 V bt_stack: [VERBOSE1:btm_ble_gap.cc(1848)] btm_ble_process_adv_addr: bda=7a:dd:8c:ca:15:de
07-08 18:34:24.971 12146 12405 V bt_stack: [VERBOSE1:btm_inq.cc(1019)] BTM_InqDbRead: bd addr 7a:dd:8c:ca:15:de
07-08 18:34:24.971 12146 12405 V bt_stack: [VERBOSE1:btm_ble_gap.cc(1924)] btm_ble_process_ext_adv_pkt: bda=c8:28:32:16:78:36
07-08 18:34:24.971 12146 12405 V bt_stack: [VERBOSE1:btm_ble_gap.cc(1848)] btm_ble_process_adv_addr: bda=c8:28:32:16:78:36
07-08 18:34:24.971 12146 12405 V bt_stack: [VERBOSE1:btm_ble_gap.cc(2058)]  Waiting for scan response c8:28:32:16:78:36
07-08 18:34:24.971 12146 12405 V bt_stack: [VERBOSE1:btm_ble_gap.cc(1924)] btm_ble_process_ext_adv_pkt: bda=c8:28:32:16:78:36
07-08 18:34:24.971 12146 12405 V bt_stack: [VERBOSE1:btm_ble_gap.cc(1848)] btm_ble_process_adv_addr: bda=c8:28:32:16:78:36
07-08 18:34:24.971 12146 12405 V bt_stack: [VERBOSE1:btm_inq.cc(1019)] BTM_InqDbRead: bd addr c8:28:32:16:78:36
07-08 18:34:24.977 12146 12405 V bt_stack: [VERBOSE1:btm_ble_gap.cc(1924)] btm_ble_process_ext_adv_pkt: bda=54:2e:06:d8:54:dc
07-08 18:34:24.977 12146 12405 V bt_stack: [VERBOSE1:btm_ble_gap.cc(1848)] btm_ble_process_adv_addr: bda=54:2e:06:d8:54:dc
07-08 18:34:24.977 12146 12405 V bt_stack: [VERBOSE1:btm_ble_gap.cc(2058)]  Waiting for scan response 54:2e:06:d8:54:dc
07-08 18:34:24.982  3576 12463 E MiuiFastConnectService: check adv data not fast connect
07-08 18:34:24.983  3576 12463 D MiuiNearbyService: getNearbyService() - returning com.android.bluetooth.ble.app.MiuiNearbyService@99639a
07-08 18:34:24.984  8006  8935 E IDM-BleBackGround: MiConnect EndPoint found
07-08 18:34:25.053   908 12402 I vendor.qti.bluetooth@1.0-ibs_handler: ProcessIbsCmd: Received IBS_SLEEP_IND: 0xFE
07-08 18:34:25.054   908 12402 D vendor.qti.bluetooth@1.0-ibs_handler: SerialClockVote: vote for UART CLK OFF
07-08 18:34:25.116   599   599 E SELinux : avc:  denied  { find } for pid=7093 uid=10181 name=tethering scontext=u:r:vendor_systemhelper_app:s0:c512,c768 tcontext=u:object_r:tethering_service:s0 tclass=service_manager permissive=0
07-08 18:34:25.204   908 12312 D vendor.qti.bluetooth@1.0-wake_lock: Release wakelock is released
07-08 18:34:25.319   599   599 E SELinux : avc:  denied  { find } for pid=7093 uid=10181 name=tethering scontext=u:r:vendor_systemhelper_app:s0:c512,c768 tcontext=u:object_r:tethering_service:s0 tclass=service_manager permissive=0
07-08 18:34:25.523   599   599 E SELinux : avc:  denied  { find } for pid=7093 uid=10181 name=tethering scontext=u:r:vendor_systemhelper_app:s0:c512,c768 tcontext=u:object_r:tethering_service:s0 tclass=service_manager permissive=0
07-08 18:34:25.657   908 12402 I vendor.qti.bluetooth@1.0-ibs_handler: ProcessIbsCmd: Received IBS_WAKE_IND: 0xFD
07-08 18:34:25.657   908 12402 D vendor.qti.bluetooth@1.0-ibs_handler: SerialClockVote: vote for UART CLK ON
07-08 18:34:25.658   908 12402 D vendor.qti.bluetooth@1.0-wake_lock: Acquire wakelock is acquired
07-08 18:34:25.658   908 12402 I vendor.qti.bluetooth@1.0-ibs_handler: ProcessIbsCmd: Writing IBS_WAKE_ACK
07-08 18:34:25.662 12146 12405 V bt_stack: [VERBOSE1:btm_ble_gap.cc(1924)] btm_ble_process_ext_adv_pkt: bda=7c:25:da:a1:a6:8e
07-08 18:34:25.663 12146 12405 V bt_stack: [VERBOSE1:btm_ble_gap.cc(1848)] btm_ble_process_adv_addr: bda=7c:25:da:a1:a6:8e
07-08 18:34:25.663 12146 12405 V bt_stack: [VERBOSE1:btm_inq.cc(1019)] BTM_InqDbRead: bd addr 7c:25:da:a1:a6:8e
07-08 18:34:25.667  3576 12463 E MiuiFastConnectService: check adv data not fast connect
07-08 18:34:25.727   599   599 E SELinux : avc:  denied  { find } for pid=7093 uid=10181 name=tethering scontext=u:r:vendor_systemhelper_app:s0:c512,c768 tcontext=u:object_r:tethering_service:s0 tclass=service_manager permissive=0
07-08 18:34:25.741   908 12402 I vendor.qti.bluetooth@1.0-ibs_handler: ProcessIbsCmd: Received IBS_SLEEP_IND: 0xFE
07-08 18:34:25.741   908 12402 D vendor.qti.bluetooth@1.0-ibs_handler: SerialClockVote: vote for UART CLK OFF
07-08 18:34:25.892   908 12312 D vendor.qti.bluetooth@1.0-wake_lock: Release wakelock is released
07-08 18:34:25.930   599   599 E SELinux : avc:  denied  { find } for pid=7093 uid=10181 name=tethering scontext=u:r:vendor_systemhelper_app:s0:c512,c768 tcontext=u:object_r:tethering_service:s0 tclass=service_manager permissive=0
07-08 18:34:26.035  1969  2393 I MiuiNetworkPolicy: bandwidth: 4 KB/s, Max bandwidth: 3677 KB/s
07-08 18:34:26.133   599   599 E SELinux : avc:  denied  { find } for pid=7093 uid=10181 name=tethering scontext=u:r:vendor_systemhelper_app:s0:c512,c768 tcontext=u:object_r:tethering_service:s0 tclass=service_manager permissive=0
07-08 18:34:26.270   908 12402 I vendor.qti.bluetooth@1.0-ibs_handler: ProcessIbsCmd: Received IBS_WAKE_IND: 0xFD
07-08 18:34:26.270   908 12402 D vendor.qti.bluetooth@1.0-ibs_handler: SerialClockVote: vote for UART CLK ON
07-08 18:34:26.271   908 12402 D vendor.qti.bluetooth@1.0-wake_lock: Acquire wakelock is acquired
07-08 18:34:26.271   908 12402 I vendor.qti.bluetooth@1.0-ibs_handler: ProcessIbsCmd: Writing IBS_WAKE_ACK
07-08 18:34:26.273 12146 12405 V bt_stack: [VERBOSE1:btm_ble_gap.cc(1924)] btm_ble_process_ext_adv_pkt: bda=7c:25:da:a1:a6:8e
07-08 18:34:26.273 12146 12405 V bt_stack: [VERBOSE1:btm_ble_gap.cc(1848)] btm_ble_process_adv_addr: bda=7c:25:da:a1:a6:8e
07-08 18:34:26.273 12146 12405 V bt_stack: [VERBOSE1:btm_inq.cc(1019)] BTM_InqDbRead: bd addr 7c:25:da:a1:a6:8e
07-08 18:34:26.278  3576 12463 E MiuiFastConnectService: check adv data not fast connect
07-08 18:34:26.335   599   599 E SELinux : avc:  denied  { find } for pid=7093 uid=10181 name=tethering scontext=u:r:vendor_systemhelper_app:s0:c512,c768 tcontext=u:object_r:tethering_service:s0 tclass=service_manager permissive=0
07-08 18:34:26.352   908 12402 I vendor.qti.bluetooth@1.0-ibs_handler: ProcessIbsCmd: Received IBS_SLEEP_IND: 0xFE
07-08 18:34:26.352   908 12402 D vendor.qti.bluetooth@1.0-ibs_handler: SerialClockVote: vote for UART CLK OFF
07-08 18:34:26.503   908 12312 D vendor.qti.bluetooth@1.0-wake_lock: Release wakelock is released
07-08 18:34:26.537   599   599 E SELinux : avc:  denied  { find } for pid=7093 uid=10181 name=tethering scontext=u:r:vendor_systemhelper_app:s0:c512,c768 tcontext=u:object_r:tethering_service:s0 tclass=service_manager permissive=0
07-08 18:34:26.615  1969  2395 D WifiScoreReportInjector: Fast switch not enabled
07-08 18:34:26.741   599   599 E SELinux : avc:  denied  { find } for pid=7093 uid=10181 name=tethering scontext=u:r:vendor_systemhelper_app:s0:c512,c768 tcontext=u:object_r:tethering_service:s0 tclass=service_manager permissive=0
07-08 18:34:26.890   908 12402 I vendor.qti.bluetooth@1.0-ibs_handler: ProcessIbsCmd: Received IBS_WAKE_IND: 0xFD
07-08 18:34:26.890   908 12402 D vendor.qti.bluetooth@1.0-ibs_handler: SerialClockVote: vote for UART CLK ON
07-08 18:34:26.891   908 12402 D vendor.qti.bluetooth@1.0-wake_lock: Acquire wakelock is acquired
07-08 18:34:26.891   908 12402 I vendor.qti.bluetooth@1.0-ibs_handler: ProcessIbsCmd: Writing IBS_WAKE_ACK
07-08 18:34:26.894 12146 12405 V bt_stack: [VERBOSE1:btm_ble_gap.cc(1924)] btm_ble_process_ext_adv_pkt: bda=7c:25:da:a1:a6:8e
07-08 18:34:26.894 12146 12405 V bt_stack: [VERBOSE1:btm_ble_gap.cc(1848)] btm_ble_process_adv_addr: bda=7c:25:da:a1:a6:8e
07-08 18:34:26.895 12146 12405 V bt_stack: [VERBOSE1:btm_inq.cc(1019)] BTM_InqDbRead: bd addr 7c:25:da:a1:a6:8e
07-08 18:34:26.895 12146 12405 V bt_stack: [VERBOSE1:btm_ble_gap.cc(1924)] btm_ble_process_ext_adv_pkt: bda=29:e0:1f:53:71:b1
07-08 18:34:26.895 12146 12405 V bt_stack: [VERBOSE1:btm_ble_gap.cc(1848)] btm_ble_process_adv_addr: bda=29:e0:1f:53:71:b1
07-08 18:34:26.895 12146 12405 V bt_stack: [VERBOSE1:btm_inq.cc(1019)] BTM_InqDbRead: bd addr 29:e0:1f:53:71:b1
07-08 18:34:26.895 12146 12405 V bt_stack: [VERBOSE1:btm_ble_gap.cc(1924)] btm_ble_process_ext_adv_pkt: bda=7a:dd:8c:ca:15:de
07-08 18:34:26.895 12146 12405 V bt_stack: [VERBOSE1:btm_ble_gap.cc(1848)] btm_ble_process_adv_addr: bda=7a:dd:8c:ca:15:de
07-08 18:34:26.895 12146 12405 V bt_stack: [VERBOSE1:btm_inq.cc(1019)] BTM_InqDbRead: bd addr 7a:dd:8c:ca:15:de
07-08 18:34:26.906  3576 12463 E MiuiFastConnectService: check adv data not fast connect
07-08 18:34:26.942   599   599 E SELinux : avc:  denied  { find } for pid=7093 uid=10181 name=tethering scontext=u:r:vendor_systemhelper_app:s0:c512,c768 tcontext=u:object_r:tethering_service:s0 tclass=service_manager permissive=0
07-08 18:34:26.974   908 12402 I vendor.qti.bluetooth@1.0-ibs_handler: ProcessIbsCmd: Received IBS_SLEEP_IND: 0xFE
07-08 18:34:26.974   908 12402 D vendor.qti.bluetooth@1.0-ibs_handler: SerialClockVote: vote for UART CLK OFF
07-08 18:34:27.125   908 12312 D vendor.qti.bluetooth@1.0-wake_lock: Release wakelock is released
07-08 18:34:27.144   599   599 E SELinux : avc:  denied  { find } for pid=7093 uid=10181 name=tethering scontext=u:r:vendor_systemhelper_app:s0:c512,c768 tcontext=u:object_r:tethering_service:s0 tclass=service_manager permissive=0
07-08 18:34:27.346   599   599 I chatty  : uid=1000(system) /system/bin/servicemanager identical 1 line
07-08 18:34:27.549   599   599 E SELinux : avc:  denied  { find } for pid=7093 uid=10181 name=tethering scontext=u:r:vendor_systemhelper_app:s0:c512,c768 tcontext=u:object_r:tethering_service:s0 tclass=service_manager permissive=0
07-08 18:34:27.614   908 12402 I vendor.qti.bluetooth@1.0-ibs_handler: ProcessIbsCmd: Received IBS_WAKE_IND: 0xFD
07-08 18:34:27.615   908 12402 D vendor.qti.bluetooth@1.0-ibs_handler: SerialClockVote: vote for UART CLK ON
07-08 18:34:27.616   908 12402 D vendor.qti.bluetooth@1.0-wake_lock: Acquire wakelock is acquired
07-08 18:34:27.616   908 12402 I vendor.qti.bluetooth@1.0-ibs_handler: ProcessIbsCmd: Writing IBS_WAKE_ACK
07-08 18:34:27.618 12146 12405 V bt_stack: [VERBOSE1:btm_ble_gap.cc(1924)] btm_ble_process_ext_adv_pkt: bda=54:2e:06:d8:54:dc
07-08 18:34:27.618 12146 12405 V bt_stack: [VERBOSE1:btm_ble_gap.cc(1848)] btm_ble_process_adv_addr: bda=54:2e:06:d8:54:dc
07-08 18:34:27.618 12146 12405 V bt_stack: [VERBOSE1:btm_ble_gap.cc(2058)]  Waiting for scan response 54:2e:06:d8:54:dc
07-08 18:34:27.619 12146 12405 V bt_stack: [VERBOSE1:btm_ble_gap.cc(1924)] btm_ble_process_ext_adv_pkt: bda=54:2e:06:d8:54:dc
07-08 18:34:27.619 12146 12405 V bt_stack: [VERBOSE1:btm_ble_gap.cc(1848)] btm_ble_process_adv_addr: bda=54:2e:06:d8:54:dc
07-08 18:34:27.619 12146 12405 V bt_stack: [VERBOSE1:btm_inq.cc(1019)] BTM_InqDbRead: bd addr 54:2e:06:d8:54:dc
07-08 18:34:27.629  3576 12463 E MiuiFastConnectService: check adv data not fast connect
07-08 18:34:27.629  3576 12463 D MiuiNearbyService: getNearbyService() - returning com.android.bluetooth.ble.app.MiuiNearbyService@99639a
07-08 18:34:27.630  8006  8935 E IDM-BleBackGround: MiConnect EndPoint found
07-08 18:34:27.699   908 12402 I vendor.qti.bluetooth@1.0-ibs_handler: ProcessIbsCmd: Received IBS_SLEEP_IND: 0xFE
07-08 18:34:27.699   908 12402 D vendor.qti.bluetooth@1.0-ibs_handler: SerialClockVote: vote for UART CLK OFF
07-08 18:34:27.752   599   599 E SELinux : avc:  denied  { find } for pid=7093 uid=10181 name=tethering scontext=u:r:vendor_systemhelper_app:s0:c512,c768 tcontext=u:object_r:tethering_service:s0 tclass=service_manager permissive=0
07-08 18:34:27.849   908 12312 D vendor.qti.bluetooth@1.0-wake_lock: Release wakelock is released
07-08 18:34:27.956   599   599 E SELinux : avc:  denied  { find } for pid=7093 uid=10181 name=tethering scontext=u:r:vendor_systemhelper_app:s0:c512,c768 tcontext=u:object_r:tethering_service:s0 tclass=service_manager permissive=0
07-08 18:34:28.157   599   599 E SELinux : avc:  denied  { find } for pid=7093 uid=10181 name=tethering scontext=u:r:vendor_systemhelper_app:s0:c512,c768 tcontext=u:object_r:tethering_service:s0 tclass=service_manager permissive=0
07-08 18:34:28.305   908 12402 I vendor.qti.bluetooth@1.0-ibs_handler: ProcessIbsCmd: Received IBS_WAKE_IND: 0xFD
07-08 18:34:28.305   908 12402 D vendor.qti.bluetooth@1.0-ibs_handler: SerialClockVote: vote for UART CLK ON
07-08 18:34:28.305   908 12402 D vendor.qti.bluetooth@1.0-wake_lock: Acquire wakelock is acquired
07-08 18:34:28.306   908 12402 I vendor.qti.bluetooth@1.0-ibs_handler: ProcessIbsCmd: Writing IBS_WAKE_ACK
07-08 18:34:28.308 12146 12405 V bt_stack: [VERBOSE1:btm_ble_gap.cc(1924)] btm_ble_process_ext_adv_pkt: bda=7c:25:da:a1:a6:8e
07-08 18:34:28.308 12146 12405 V bt_stack: [VERBOSE1:btm_ble_gap.cc(1848)] btm_ble_process_adv_addr: bda=7c:25:da:a1:a6:8e
07-08 18:34:28.308 12146 12405 V bt_stack: [VERBOSE1:btm_inq.cc(1019)] BTM_InqDbRead: bd addr 7c:25:da:a1:a6:8e
07-08 18:34:28.308 12146 12405 V bt_stack: [VERBOSE1:btm_ble_gap.cc(1924)] btm_ble_process_ext_adv_pkt: bda=7a:dd:8c:ca:15:de
07-08 18:34:28.308 12146 12405 V bt_stack: [VERBOSE1:btm_ble_gap.cc(1848)] btm_ble_process_adv_addr: bda=7a:dd:8c:ca:15:de
07-08 18:34:28.308 12146 12405 V bt_stack: [VERBOSE1:btm_inq.cc(1019)] BTM_InqDbRead: bd addr 7a:dd:8c:ca:15:de
07-08 18:34:28.315  3576 12463 E MiuiFastConnectService: check adv data not fast connect
07-08 18:34:28.359   599   599 E SELinux : avc:  denied  { find } for pid=7093 uid=10181 name=tethering scontext=u:r:vendor_systemhelper_app:s0:c512,c768 tcontext=u:object_r:tethering_service:s0 tclass=service_manager permissive=0
07-08 18:34:28.382  2988  2988 D NetworkSpeedTracker: receive actionandroid.intent.action.BATTERY_CHANGED
07-08 18:34:28.382  2988  2988 D NetworkSpeedTracker: onReceive ACTION_BATTERY_CHANGED mBatteryLevel = 100;mIsCharging =true
07-08 18:34:28.383  2878  2878 D QtiCarrierConfigHelper: WARNING, no carrier configs on phone Id: 0
07-08 18:34:28.383  2687  2687 D KeyguardUpdateMonitor: received broadcast android.intent.action.BATTERY_CHANGED
07-08 18:34:28.383  2687  2687 D BatteryController: onReceive: Intent = Intent { act=android.intent.action.BATTERY_CHANGED flg=0x60000010 (has extras) } action = android.intent.action.BATTERY_CHANGED
07-08 18:34:28.385  7437  7437 I BatteryInfoReceiver: ACTION_BATTERY_CHANGED
07-08 18:34:28.386   908 12402 I vendor.qti.bluetooth@1.0-ibs_handler: ProcessIbsCmd: Received IBS_SLEEP_IND: 0xFE
07-08 18:34:28.386   908 12402 D vendor.qti.bluetooth@1.0-ibs_handler: SerialClockVote: vote for UART CLK OFF
07-08 18:34:28.388  9145  9533 D PowerCheckerService: onBatteryChanged, mBatteryLevel = 100, status = 2, level = 100, plug = 2, scale = 100
07-08 18:34:28.388  7437 11992 I android_os_HwBinder: HwBinder: Starting thread pool for getting: vendor.xiaomi.hardware.micharge@1.0::IMiCharge/default
07-08 18:34:28.388   971  3748 I vendor.xiaomi.hardware.micharge@1.0-service: ReadFilePathValue path = /sys/class/power_supply/battery/night_charging value = 0
07-08 18:34:28.389  7437 11992 I ChargeProtectionUtils: getNightChargingState: 0
07-08 18:34:28.391  2951  2951 D DeviceStatisticsService: chargerType=2 batteryLevel=100 totalBatteryCapacity=4296000
07-08 18:34:28.391  2951  2951 D DeviceInfoHidlClient: getPowerInfoSupportStatus()=-1
07-08 18:34:28.392  9145  9477 D PowerKeeper.FrozenApp: onBatteryChanged plug=true mBatteryPlugged=2
07-08 18:34:28.392  5382  5382 D VA_UploadVoiceJobService: uploadVoiceDatas onReceive time cost : 0
07-08 18:34:28.393  5382  5513 D VA_UploadVoiceJobService: needUploadVoice timeSinceLastUpload = 8443562
07-08 18:34:28.537   908 12312 D vendor.qti.bluetooth@1.0-wake_lock: Release wakelock is released
07-08 18:34:28.563   599   599 E SELinux : avc:  denied  { find } for pid=7093 uid=10181 name=tethering scontext=u:r:vendor_systemhelper_app:s0:c512,c768 tcontext=u:object_r:tethering_service:s0 tclass=service_manager permissive=0
07-08 18:34:28.766   599   599 E SELinux : avc:  denied  { find } for pid=7093 uid=10181 name=tethering scontext=u:r:vendor_systemhelper_app:s0:c512,c768 tcontext=u:object_r:tethering_service:s0 tclass=service_manager permissive=0
07-08 18:34:28.928   908 12402 I vendor.qti.bluetooth@1.0-ibs_handler: ProcessIbsCmd: Received IBS_WAKE_IND: 0xFD
07-08 18:34:28.928   908 12402 D vendor.qti.bluetooth@1.0-ibs_handler: SerialClockVote: vote for UART CLK ON
07-08 18:34:28.929   908 12402 D vendor.qti.bluetooth@1.0-wake_lock: Acquire wakelock is acquired
07-08 18:34:28.929   908 12402 I vendor.qti.bluetooth@1.0-ibs_handler: ProcessIbsCmd: Writing IBS_WAKE_ACK
07-08 18:34:28.932 12146 12405 V bt_stack: [VERBOSE1:btm_ble_gap.cc(1924)] btm_ble_process_ext_adv_pkt: bda=0d:01:c4:5f:05:4d
07-08 18:34:28.932 12146 12405 V bt_stack: [VERBOSE1:btm_ble_gap.cc(1848)] btm_ble_process_adv_addr: bda=0d:01:c4:5f:05:4d
07-08 18:34:28.932 12146 12405 V bt_stack: [VERBOSE1:btm_inq.cc(1019)] BTM_InqDbRead: bd addr 0d:01:c4:5f:05:4d
07-08 18:34:28.972   599   599 E SELinux : avc:  denied  { find } for pid=7093 uid=10181 name=tethering scontext=u:r:vendor_systemhelper_app:s0:c512,c768 tcontext=u:object_r:tethering_service:s0 tclass=service_manager permissive=0
07-08 18:34:29.012   908 12402 I vendor.qti.bluetooth@1.0-ibs_handler: ProcessIbsCmd: Received IBS_SLEEP_IND: 0xFE
07-08 18:34:29.012   908 12402 D vendor.qti.bluetooth@1.0-ibs_handler: SerialClockVote: vote for UART CLK OFF
07-08 18:34:29.040  1969  2393 I MiuiNetworkPolicy: bandwidth: 1 KB/s, Max bandwidth: 3677 KB/s
07-08 18:34:29.163   908 12312 D vendor.qti.bluetooth@1.0-wake_lock: Release wakelock is released
07-08 18:34:29.174   599   599 E SELinux : avc:  denied  { find } for pid=7093 uid=10181 name=tethering scontext=u:r:vendor_systemhelper_app:s0:c512,c768 tcontext=u:object_r:tethering_service:s0 tclass=service_manager permissive=0
07-08 18:34:29.379   599   599 I chatty  : uid=1000(system) /system/bin/servicemanager identical 1 line
07-08 18:34:29.582   599   599 E SELinux : avc:  denied  { find } for pid=7093 uid=10181 name=tethering scontext=u:r:vendor_systemhelper_app:s0:c512,c768 tcontext=u:object_r:tethering_service:s0 tclass=service_manager permissive=0
07-08 18:34:29.633  1969  2395 D WifiScoreReportInjector: Fast switch not enabled
07-08 18:34:29.784   599   599 E SELinux : avc:  denied  { find } for pid=7093 uid=10181 name=tethering scontext=u:r:vendor_systemhelper_app:s0:c512,c768 tcontext=u:object_r:tethering_service:s0 tclass=service_manager permissive=0
07-08 18:34:29.985   599   599 I chatty  : uid=1000(system) /system/bin/servicemanager identical 1 line
07-08 18:34:30.188   599   599 E SELinux : avc:  denied  { find } for pid=7093 uid=10181 name=tethering scontext=u:r:vendor_systemhelper_app:s0:c512,c768 tcontext=u:object_r:tethering_service:s0 tclass=service_manager permissive=0
07-08 18:34:30.267   908 12402 I vendor.qti.bluetooth@1.0-ibs_handler: ProcessIbsCmd: Received IBS_WAKE_IND: 0xFD
07-08 18:34:30.267   908 12402 D vendor.qti.bluetooth@1.0-ibs_handler: SerialClockVote: vote for UART CLK ON
07-08 18:34:30.268   908 12402 D vendor.qti.bluetooth@1.0-wake_lock: Acquire wakelock is acquired
07-08 18:34:30.268   908 12402 I vendor.qti.bluetooth@1.0-ibs_handler: ProcessIbsCmd: Writing IBS_WAKE_ACK
07-08 18:34:30.271 12146 12405 V bt_stack: [VERBOSE1:btm_ble_gap.cc(1924)] btm_ble_process_ext_adv_pkt: bda=7a:dd:8c:ca:15:de
07-08 18:34:30.271 12146 12405 V bt_stack: [VERBOSE1:btm_ble_gap.cc(1848)] btm_ble_process_adv_addr: bda=7a:dd:8c:ca:15:de
07-08 18:34:30.272 12146 12405 V bt_stack: [VERBOSE1:btm_inq.cc(1019)] BTM_InqDbRead: bd addr 7a:dd:8c:ca:15:de
07-08 18:34:30.349   908 12402 I vendor.qti.bluetooth@1.0-ibs_handler: ProcessIbsCmd: Received IBS_SLEEP_IND: 0xFE
07-08 18:34:30.350   908 12402 D vendor.qti.bluetooth@1.0-ibs_handler: SerialClockVote: vote for UART CLK OFF
07-08 18:34:30.389   599   599 E SELinux : avc:  denied  { find } for pid=7093 uid=10181 name=tethering scontext=u:r:vendor_systemhelper_app:s0:c512,c768 tcontext=u:object_r:tethering_service:s0 tclass=service_manager permissive=0
07-08 18:34:30.500   908 12312 D vendor.qti.bluetooth@1.0-wake_lock: Release wakelock is released
07-08 18:34:30.591   599   599 E SELinux : avc:  denied  { find } for pid=7093 uid=10181 name=tethering scontext=u:r:vendor_systemhelper_app:s0:c512,c768 tcontext=u:object_r:tethering_service:s0 tclass=service_manager permissive=0
07-08 18:34:30.794   599   599 E SELinux : avc:  denied  { find } for pid=7093 uid=10181 name=tethering scontext=u:r:vendor_systemhelper_app:s0:c512,c768 tcontext=u:object_r:tethering_service:s0 tclass=service_manager permissive=0
07-08 18:34:30.940   908 12402 I vendor.qti.bluetooth@1.0-ibs_handler: ProcessIbsCmd: Received IBS_WAKE_IND: 0xFD
07-08 18:34:30.941   908 12402 D vendor.qti.bluetooth@1.0-ibs_handler: SerialClockVote: vote for UART CLK ON
07-08 18:34:30.941   908 12402 D vendor.qti.bluetooth@1.0-wake_lock: Acquire wakelock is acquired
07-08 18:34:30.941   908 12402 I vendor.qti.bluetooth@1.0-ibs_handler: ProcessIbsCmd: Writing IBS_WAKE_ACK
07-08 18:34:30.944 12146 12405 V bt_stack: [VERBOSE1:btm_ble_gap.cc(1924)] btm_ble_process_ext_adv_pkt: bda=c8:28:32:16:78:36
07-08 18:34:30.945 12146 12405 V bt_stack: [VERBOSE1:btm_ble_gap.cc(1848)] btm_ble_process_adv_addr: bda=c8:28:32:16:78:36
07-08 18:34:30.945 12146 12405 V bt_stack: [VERBOSE1:btm_ble_gap.cc(2058)]  Waiting for scan response c8:28:32:16:78:36
07-08 18:34:30.945 12146 12405 V bt_stack: [VERBOSE1:btm_ble_gap.cc(1924)] btm_ble_process_ext_adv_pkt: bda=c8:28:32:16:78:36
07-08 18:34:30.945 12146 12405 V bt_stack: [VERBOSE1:btm_ble_gap.cc(1848)] btm_ble_process_adv_addr: bda=c8:28:32:16:78:36
07-08 18:34:30.945 12146 12405 V bt_stack: [VERBOSE1:btm_inq.cc(1019)] BTM_InqDbRead: bd addr c8:28:32:16:78:36
07-08 18:34:30.945 12146 12405 V bt_stack: [VERBOSE1:btm_ble_gap.cc(1924)] btm_ble_process_ext_adv_pkt: bda=29:e0:1f:53:71:b1
07-08 18:34:30.945 12146 12405 V bt_stack: [VERBOSE1:btm_ble_gap.cc(1848)] btm_ble_process_adv_addr: bda=29:e0:1f:53:71:b1
07-08 18:34:30.945 12146 12405 V bt_stack: [VERBOSE1:btm_inq.cc(1019)] BTM_InqDbRead: bd addr 29:e0:1f:53:71:b1
07-08 18:34:30.957  3576 12463 D MiuiMiHomeConnectController: getDeviceTimes
07-08 18:34:30.960  3576 12463 D MiuiMiHomeConnectController: result.getRssi = -7800:00:00:16:78:36
07-08 18:34:30.965  3576 12463 D MiuiMiHomeDownloadManager: check local file : null
07-08 18:34:30.965  3576 12463 D MiuiMiHomeDownloadManager: device: 41646    return rssiNum: -50
07-08 18:34:30.965  3576 12463 D MiuiMiHomeConnectController: rssi num is not fit cloud data
07-08 18:34:30.996   599   599 E SELinux : avc:  denied  { find } for pid=7093 uid=10181 name=tethering scontext=u:r:vendor_systemhelper_app:s0:c512,c768 tcontext=u:object_r:tethering_service:s0 tclass=service_manager permissive=0
07-08 18:34:31.023   908 12402 I vendor.qti.bluetooth@1.0-ibs_handler: ProcessIbsCmd: Received IBS_SLEEP_IND: 0xFE
07-08 18:34:31.023   908 12402 D vendor.qti.bluetooth@1.0-ibs_handler: SerialClockVote: vote for UART CLK OFF
07-08 18:34:31.173   908 12312 D vendor.qti.bluetooth@1.0-wake_lock: Release wakelock is released
07-08 18:34:31.197   599   599 E SELinux : avc:  denied  { find } for pid=7093 uid=10181 name=tethering scontext=u:r:vendor_systemhelper_app:s0:c512,c768 tcontext=u:object_r:tethering_service:s0 tclass=service_manager permissive=0
07-08 18:34:31.399   599   599 E SELinux : avc:  denied  { find } for pid=7093 uid=10181 name=tethering scontext=u:r:vendor_systemhelper_app:s0:c512,c768 tcontext=u:object_r:tethering_service:s0 tclass=service_manager permissive=0
07-08 18:34:31.570   908 12402 I vendor.qti.bluetooth@1.0-ibs_handler: ProcessIbsCmd: Received IBS_WAKE_IND: 0xFD
07-08 18:34:31.570   908 12402 D vendor.qti.bluetooth@1.0-ibs_handler: SerialClockVote: vote for UART CLK ON
07-08 18:34:31.571   908 12402 D vendor.qti.bluetooth@1.0-wake_lock: Acquire wakelock is acquired
07-08 18:34:31.571   908 12402 I vendor.qti.bluetooth@1.0-ibs_handler: ProcessIbsCmd: Writing IBS_WAKE_ACK
07-08 18:34:31.573 12146 12405 V bt_stack: [VERBOSE1:btm_ble_gap.cc(1924)] btm_ble_process_ext_adv_pkt: bda=d4:5e:ec:42:d1:94
07-08 18:34:31.573 12146 12405 V bt_stack: [VERBOSE1:btm_ble_gap.cc(1848)] btm_ble_process_adv_addr: bda=d4:5e:ec:42:d1:94
07-08 18:34:31.573 12146 12405 V bt_stack: [VERBOSE1:btm_ble_gap.cc(2058)]  Waiting for scan response d4:5e:ec:42:d1:94
07-08 18:34:31.573 12146 12405 V bt_stack: [VERBOSE1:btm_ble_gap.cc(1924)] btm_ble_process_ext_adv_pkt: bda=d4:5e:ec:42:d1:94
07-08 18:34:31.573 12146 12405 V bt_stack: [VERBOSE1:btm_ble_gap.cc(1848)] btm_ble_process_adv_addr: bda=d4:5e:ec:42:d1:94
07-08 18:34:31.573 12146 12405 V bt_stack: [VERBOSE1:btm_inq.cc(1019)] BTM_InqDbRead: bd addr d4:5e:ec:42:d1:94
07-08 18:34:31.585  3576 12463 D MiuiMiHomeConnectController: getDeviceTimes
07-08 18:34:31.587  3576 12463 D MiuiMiHomeConnectController: result.getRssi = -7300:00:00:42:D1:94
07-08 18:34:31.591  3576 12463 D MiuiMiHomeDownloadManager: check local file : null
07-08 18:34:31.591  3576 12463 D MiuiMiHomeDownloadManager: device: 41646    return rssiNum: -50
