12-19 16:51:37.366  1251  1467 I SDM     : HWDeviceDRM::SetupConcurrentWriteback: Tear down the Concurrent Writeback topology
12-19 16:51:37.375  1251 26975 I SDM     : HWCSession::NotifyCWBStatus: Notify the client about buffer status 0.
12-19 16:51:37.376  1251 26975 I SDM     : HWCSession::PerformFenceWaits: Remove current release fence from the pending fence wait queue.
12-19 16:51:37.376  1251 26975 I SDM     : HWCSession::PerformFenceWaits: CWB fence queue is empty. No pending release fence to wait on.
12-19 16:51:37.382  2027  3285 D libsensor-displayalgo: the value of  brightness:429.000000,R:72034630.868979,G:64414879.064824,B:51104707.892792,EVENT_C:6716.000000,EVENT_R:2572.500000,EVENT_G:3402.500000,EVENT_B:1296.000000
12-19 16:51:37.383  2027  3285 I libsensor-displayalgo: the value of  Coef1:1107.681000,Coef4:2.383000, scale1:0.935522, scale4:0.923264
12-19 16:51:37.383  2027  3285 E libsensor-displayalgo: RGB_test_0407_400_oldzy!
12-19 16:51:37.384  2027  3285 I libsensor-displayalgo: the value of  RESULT2758.396667,1126.633303,1328.816246,475.090142
12-19 16:51:37.384  2027  3285 I libsensor-displayalgo: the value of  getChannelDataCalibrated2889.845402,1043.598170,1542.911193,517.714401
12-19 16:51:37.384  2027  3285 I libsensor-displayalgo: the value of  REAL LUX233.774292
12-19 16:51:37.384  2027  3285 I libsensor-displayalgo: the value of  CAL REAL LUX233.774292
12-19 16:51:37.514 32290 32290 I HandWritingStubImpl: isKeyboardTypeChanged: false
12-19 16:51:37.683  2027  3285 D libsensor-displayalgo: the value of  brightness:429.000000,R:72034630.868979,G:64414879.064824,B:51104707.892792,EVENT_C:6716.000000,EVENT_R:2572.500000,EVENT_G:3402.500000,EVENT_B:1296.000000
12-19 16:51:37.684  2027  3285 I libsensor-displayalgo: the value of  Coef1:1107.681000,Coef4:2.383000, scale1:0.935522, scale4:0.923264
12-19 16:51:37.684  2027  3285 E libsensor-displayalgo: RGB_test_0407_400_oldzy!
12-19 16:51:37.684  2027  3285 I libsensor-displayalgo: the value of  RESULT2758.396667,1126.633303,1328.816246,475.090142
12-19 16:51:37.684  2027  3285 I libsensor-displayalgo: the value of  getChannelDataCalibrated2889.845402,1043.598170,1542.911193,517.714401
12-19 16:51:37.684  2027  3285 I libsensor-displayalgo: the value of  REAL LUX233.774292
12-19 16:51:37.684  2027  3285 I libsensor-displayalgo: the value of  CAL REAL LUX233.774292
12-19 16:51:37.926 25640 25672 I appium  : channel read: POST /wd/hub/session/7b1216a1-bdd1-4a28-8fda-565cefd36f9f/element
12-19 16:51:37.931 25640 25672 I appium  : FindElement command
12-19 16:51:37.939 25640 25672 I appium  : method: 'id', selector: 'cn.missevan:id/send_danmu'
12-19 16:51:37.940 25640 25672 I appium  : Waiting up to 10000ms for the device to idle
12-19 16:51:37.983  2027  3285 D libsensor-displayalgo: the value of  brightness:429.000000,R:72034630.868979,G:64414879.064824,B:51104707.892792,EVENT_C:6716.000000,EVENT_R:2572.500000,EVENT_G:3402.500000,EVENT_B:1296.000000
12-19 16:51:37.983  2027  3285 I libsensor-displayalgo: the value of  Coef1:1107.681000,Coef4:2.383000, scale1:0.935522, scale4:0.923264
12-19 16:51:37.983  2027  3285 E libsensor-displayalgo: RGB_test_0407_400_oldzy!
12-19 16:51:37.984  2027  3285 I libsensor-displayalgo: the value of  RESULT2758.396667,1126.633303,1328.816246,475.090142
12-19 16:51:37.984  2027  3285 I libsensor-displayalgo: the value of  getChannelDataCalibrated2889.845402,1043.598170,1542.911193,517.714401
12-19 16:51:37.984  2027  3285 I libsensor-displayalgo: the value of  REAL LUX233.774292
12-19 16:51:37.984  2027  3285 I libsensor-displayalgo: the value of  CAL REAL LUX233.774292
12-19 16:51:38.056 32290 32290 I HandWritingStubImpl: isKeyboardTypeChanged: false
12-19 16:51:38.110 25640 25672 I appium  : AppiumResponse: {"sessionId":"7b1216a1-bdd1-4a28-8fda-565cefd36f9f","value":{"ELEMENT":"00000000-0000-090a-ffff-ffff000004ff","element-6066-11e4-a52e-4f735466cecf":"00000000-0000-090a-ffff-ffff000004ff"}}
12-19 16:51:38.284  2027  3285 D libsensor-displayalgo: the value of  brightness:429.000000,R:72034630.868979,G:64414879.064824,B:51104707.892792,EVENT_C:6716.000000,EVENT_R:2572.500000,EVENT_G:3402.500000,EVENT_B:1296.000000
12-19 16:51:38.284  2027  3285 I libsensor-displayalgo: the value of  Coef1:1107.681000,Coef4:2.383000, scale1:0.935522, scale4:0.923264
12-19 16:51:38.284  2027  3285 E libsensor-displayalgo: RGB_test_0407_400_oldzy!
12-19 16:51:38.284  2027  3285 I libsensor-displayalgo: the value of  RESULT2758.396667,1126.633303,1328.816246,475.090142
12-19 16:51:38.284  2027  3285 I libsensor-displayalgo: the value of  getChannelDataCalibrated2889.845402,1043.598170,1542.911193,517.714401
12-19 16:51:38.284  2027  3285 I libsensor-displayalgo: the value of  REAL LUX233.774292
12-19 16:51:38.284  2027  3285 I libsensor-displayalgo: the value of  CAL REAL LUX233.774292
12-19 16:51:38.567 32290 32290 I HandWritingStubImpl: isKeyboardTypeChanged: false
12-19 16:51:38.583  2027  3285 D libsensor-displayalgo: the value of  brightness:429.000000,R:72034630.868979,G:64414879.064824,B:51104707.892792,EVENT_C:6720.500000,EVENT_R:2572.500000,EVENT_G:3403.500000,EVENT_B:1300.500000
12-19 16:51:38.583  2027  3285 I libsensor-displayalgo: the value of  Coef1:1107.681000,Coef4:2.383000, scale1:0.935522, scale4:0.923264
12-19 16:51:38.584  2027  3285 E libsensor-displayalgo: RGB_test_0407_400_oldzy!
12-19 16:51:38.584  2027  3285 I libsensor-displayalgo: the value of  RESULT2758.396667,1126.633303,1328.816246,475.090142
12-19 16:51:38.584  2027  3285 I libsensor-displayalgo: the value of  getChannelDataCalibrated2889.845402,1043.598170,1542.911193,517.714401
12-19 16:51:38.584  2027  3285 I libsensor-displayalgo: the value of  REAL LUX233.771835
12-19 16:51:38.584  2027  3285 I libsensor-displayalgo: the value of  CAL REAL LUX233.771835
12-19 16:51:38.972  9197  9715 I SmartThreadExecutor: handleMessage: start check 0
12-19 16:51:38.972  9197  9715 I SmartThreadExecutor: handleMessage: check end 0 -141 false
12-19 16:51:38.982  2027  3285 D libsensor-displayalgo: the value of  brightness:429.000000,R:72034630.868979,G:64414879.064824,B:51104707.892792,EVENT_C:6671.500000,EVENT_R:2559.500000,EVENT_G:3377.500000,EVENT_B:1285.500000
12-19 16:51:38.982  2027  3285 I libsensor-displayalgo: the value of  Coef1:1107.681000,Coef4:2.383000, scale1:0.935522, scale4:0.923264
12-19 16:51:38.982  2027  3285 E libsensor-displayalgo: RGB_test_0407_400_oldzy!
12-19 16:51:38.982  2027  3285 I libsensor-displayalgo: the value of  RESULT2758.396667,1126.633303,1328.816246,475.090142
12-19 16:51:38.982  2027  3285 I libsensor-displayalgo: the value of  getChannelDataCalibrated2889.845402,1043.598170,1542.911193,517.714401
12-19 16:51:38.982  2027  3285 I libsensor-displayalgo: the value of  REAL LUX230.839294
12-19 16:51:38.982  2027  3285 I libsensor-displayalgo: the value of  CAL REAL LUX230.839294
12-19 16:51:39.095 32290 32290 I HandWritingStubImpl: isKeyboardTypeChanged: false
12-19 16:51:39.208  1192 17646 I vendor.qti.bluetooth@1.0-ibs_handler: ProcessIbsCmd: Received IBS_WAKE_IND: 0xFD
12-19 16:51:39.208  1192 17646 D vendor.qti.bluetooth@1.0-ibs_handler: SerialClockVote: vote for UART CLK ON
12-19 16:51:39.208  1192 17646 D vendor.qti.bluetooth@1.0-wake_lock: Acquire wakelock is acquired
12-19 16:51:39.208  1192 17646 I vendor.qti.bluetooth@1.0-ibs_handler: ProcessIbsCmd: Writing IBS_WAKE_ACK
12-19 16:51:39.217 17724 17907 E MiuiFastConnectService: check adv data not fast connect
12-19 16:51:39.249  1192 17646 I vendor.qti.bluetooth@1.0-ibs_handler: ProcessIbsCmd: Received IBS_SLEEP_IND: 0xFE
12-19 16:51:39.249  1192 17646 D vendor.qti.bluetooth@1.0-ibs_handler: SerialClockVote: vote for UART CLK OFF
12-19 16:51:39.282  2027  3285 D libsensor-displayalgo: the value of  brightness:429.000000,R:72034630.868979,G:64414879.064824,B:51104707.892792,EVENT_C:6657.000000,EVENT_R:2557.000000,EVENT_G:3374.000000,EVENT_B:1283.000000
12-19 16:51:39.282  2027  3285 I libsensor-displayalgo: the value of  Coef1:1107.681000,Coef4:2.383000, scale1:0.935522, scale4:0.923264
12-19 16:51:39.282  2027  3285 E libsensor-displayalgo: RGB_test_0407_400_oldzy!
12-19 16:51:39.283  2027  3285 I libsensor-displayalgo: the value of  RESULT2758.396667,1126.633303,1328.816246,475.090142
12-19 16:51:39.283  2027  3285 I libsensor-displayalgo: the value of  getChannelDataCalibrated2889.845402,1043.598170,1542.911193,517.714401
12-19 16:51:39.283  2027  3285 I libsensor-displayalgo: the value of  REAL LUX229.954102
12-19 16:51:39.283  2027  3285 I libsensor-displayalgo: the value of  CAL REAL LUX229.954102
12-19 16:51:39.400  1192 17505 D vendor.qti.bluetooth@1.0-wake_lock: Release wakelock is released
12-19 16:51:39.550  1878 13780 I CameraImpl: checkAllClientsStoppedAndReclaimMem reclaim camera provider anon memory.
12-19 16:51:39.584  2027  3285 D libsensor-displayalgo: the value of  brightness:429.000000,R:72034630.868979,G:64414879.064824,B:51104707.892792,EVENT_C:6741.000000,EVENT_R:2579.500000,EVENT_G:3419.000000,EVENT_B:1301.500000
12-19 16:51:39.584  2027  3285 I libsensor-displayalgo: the value of  Coef1:1107.681000,Coef4:2.383000, scale1:0.935522, scale4:0.923264
12-19 16:51:39.584  2027  3285 E libsensor-displayalgo: RGB_test_0407_400_oldzy!
12-19 16:51:39.585  2027  3285 I libsensor-displayalgo: the value of  RESULT2758.396667,1126.633303,1328.816246,475.090142
12-19 16:51:39.585  2027  3285 I libsensor-displayalgo: the value of  getChannelDataCalibrated2889.845402,1043.598170,1542.911193,517.714401
12-19 16:51:39.585  2027  3285 I libsensor-displayalgo: the value of  REAL LUX235.578705
12-19 16:51:39.585  2027  3285 I libsensor-displayalgo: the value of  CAL REAL LUX235.578705
12-19 16:51:39.622 32290 32290 I HandWritingStubImpl: isKeyboardTypeChanged: false
12-19 16:51:39.643 25640 25672 I appium  : channel read: POST /wd/hub/session/7b1216a1-bdd1-4a28-8fda-565cefd36f9f/element
12-19 16:51:39.648 25640 25672 I appium  : FindElement command
12-19 16:51:39.658 25640 25672 I appium  : method: 'id', selector: 'cn.missevan:id/danmu_edit'
12-19 16:51:39.660 25640 25672 I appium  : Waiting up to 10000ms for the device to idle
12-19 16:51:39.883  2027  3285 D libsensor-displayalgo: the value of  brightness:429.000000,R:72034630.868979,G:64414879.064824,B:51104707.892792,EVENT_C:6721.500000,EVENT_R:2571.000000,EVENT_G:3408.500000,EVENT_B:1302.000000
12-19 16:51:39.883  2027  3285 I libsensor-displayalgo: the value of  Coef1:1107.681000,Coef4:2.383000, scale1:0.935522, scale4:0.923264
12-19 16:51:39.883  2027  3285 E libsensor-displayalgo: RGB_test_0407_400_oldzy!
12-19 16:51:39.884  2027  3285 I libsensor-displayalgo: the value of  RESULT2758.396667,1126.633303,1328.816246,475.090142
12-19 16:51:39.884  2027  3285 I libsensor-displayalgo: the value of  getChannelDataCalibrated2889.845402,1043.598170,1542.911193,517.714401
12-19 16:51:39.884  2027  3285 I libsensor-displayalgo: the value of  REAL LUX234.004608
12-19 16:51:39.884  2027  3285 I libsensor-displayalgo: the value of  CAL REAL LUX234.004608
12-19 16:51:39.916 25640 25672 I appium  : AppiumResponse: {"sessionId":"7b1216a1-bdd1-4a28-8fda-565cefd36f9f","value":{"ELEMENT":"00000000-0000-090a-ffff-ffff000004fd","element-6066-11e4-a52e-4f735466cecf":"00000000-0000-090a-ffff-ffff000004fd"}}
12-19 16:51:40.149 32290 32290 I HandWritingStubImpl: isKeyboardTypeChanged: false
12-19 16:51:40.184  2027  3285 D libsensor-displayalgo: the value of  brightness:429.000000,R:72034630.868979,G:64414879.064824,B:51104707.892792,EVENT_C:6669.500000,EVENT_R:2558.000000,EVENT_G:3380.500000,EVENT_B:1287.000000
12-19 16:51:40.184  2027  3285 I libsensor-displayalgo: the value of  Coef1:1107.681000,Coef4:2.383000, scale1:0.935522, scale4:0.923264
12-19 16:51:40.184  2027  3285 E libsensor-displayalgo: RGB_test_0407_400_oldzy!
12-19 16:51:40.184  2027  3285 I libsensor-displayalgo: the value of  RESULT2758.396667,1126.633303,1328.816246,475.090142
12-19 16:51:40.185  2027  3285 I libsensor-displayalgo: the value of  getChannelDataCalibrated2889.845402,1043.598170,1542.911193,517.714401
12-19 16:51:40.185  2027  3285 I libsensor-displayalgo: the value of  REAL LUX230.769348
12-19 16:51:40.185  2027  3285 I libsensor-displayalgo: the value of  CAL REAL LUX230.769348
12-19 16:51:40.582  2027  3285 D libsensor-displayalgo: the value of  brightness:429.000000,R:72034630.868979,G:64414879.064824,B:51104707.892792,EVENT_C:6705.000000,EVENT_R:2571.500000,EVENT_G:3396.500000,EVENT_B:1291.000000
12-19 16:51:40.582  2027  3285 I libsensor-displayalgo: the value of  Coef1:1107.681000,Coef4:2.383000, scale1:0.935522, scale4:0.923264
12-19 16:51:40.582  2027  3285 E libsensor-displayalgo: RGB_test_0407_400_oldzy!
12-19 16:51:40.583  2027  3285 I libsensor-displayalgo: the value of  RESULT2758.396667,1126.633303,1328.816246,475.090142
12-19 16:51:40.583  2027  3285 I libsensor-displayalgo: the value of  getChannelDataCalibrated2889.845402,1043.598170,1542.911193,517.714401
12-19 16:51:40.583  2027  3285 I libsensor-displayalgo: the value of  REAL LUX233.168869
12-19 16:51:40.583  2027  3285 I libsensor-displayalgo: the value of  CAL REAL LUX233.168869
12-19 16:51:40.660 32290 32290 I HandWritingStubImpl: isKeyboardTypeChanged: false
12-19 16:51:40.860  4496  4893 I android_os_HwBinder: HwBinder: Starting thread pool for getting: vendor.xiaomi.hardware.micharge@1.0::IMiCharge/default
12-19 16:51:40.861  1344  1360 E vendor.xiaomi.hardware.micharge@1.0-service: Failed to open node sys/class/qcom-battery/reverse_chg_mode
12-19 16:51:40.861  1344  1360 I vendor.xiaomi.hardware.micharge@1.0-service: ReadFilePathValue path = sys/class/qcom-battery/reverse_chg_mode value =
12-19 16:51:40.870  4496  4893 I android_os_HwBinder: HwBinder: Starting thread pool for getting: vendor.xiaomi.hardware.micharge@1.0::IMiCharge/default
12-19 16:51:40.871  1344  1360 E vendor.xiaomi.hardware.micharge@1.0-service: Failed to open node sys/class/qcom-battery/reverse_chg_mode
12-19 16:51:40.871  1344  1360 I vendor.xiaomi.hardware.micharge@1.0-service: ReadFilePathValue path = sys/class/qcom-battery/reverse_chg_mode value =
12-19 16:51:40.876  4496  4893 I android_os_HwBinder: HwBinder: Starting thread pool for getting: vendor.xiaomi.hardware.micharge@1.0::IMiCharge/default
12-19 16:51:40.877  1344  1360 E vendor.xiaomi.hardware.micharge@1.0-service: Failed to open node sys/class/qcom-battery/reverse_chg_mode
12-19 16:51:40.877  1344  1360 I vendor.xiaomi.hardware.micharge@1.0-service: ReadFilePathValue path = sys/class/qcom-battery/reverse_chg_mode value =
12-19 16:51:40.883  2027  3285 D libsensor-displayalgo: the value of  brightness:429.000000,R:72034630.868979,G:64414879.064824,B:51104707.892792,EVENT_C:6685.000000,EVENT_R:2564.500000,EVENT_G:3390.000000,EVENT_B:1292.000000
12-19 16:51:40.883  2027  3285 I libsensor-displayalgo: the value of  Coef1:1107.681000,Coef4:2.383000, scale1:0.935522, scale4:0.923264
12-19 16:51:40.883  2027  3285 E libsensor-displayalgo: RGB_test_0407_400_oldzy!
12-19 16:51:40.884  4496  4893 I android_os_HwBinder: HwBinder: Starting thread pool for getting: vendor.xiaomi.hardware.micharge@1.0::IMiCharge/default
12-19 16:51:40.884  2027  3285 I libsensor-displayalgo: the value of  RESULT2758.396667,1126.633303,1328.816246,475.090142
12-19 16:51:40.884  2027  3285 I libsensor-displayalgo: the value of  getChannelDataCalibrated2889.845402,1043.598170,1542.911193,517.714401
12-19 16:51:40.884  2027  3285 I libsensor-displayalgo: the value of  REAL LUX231.644272
12-19 16:51:40.884  2027  3285 I libsensor-displayalgo: the value of  CAL REAL LUX231.644272
12-19 16:51:40.884  1344  1360 E vendor.xiaomi.hardware.micharge@1.0-service: Failed to open node sys/class/qcom-battery/reverse_chg_mode
12-19 16:51:40.884  1344  1360 I vendor.xiaomi.hardware.micharge@1.0-service: ReadFilePathValue path = sys/class/qcom-battery/reverse_chg_mode value =
12-19 16:51:40.896  4496  4893 I android_os_HwBinder: HwBinder: Starting thread pool for getting: vendor.xiaomi.hardware.micharge@1.0::IMiCharge/default
12-19 16:51:40.897  1344  1360 E vendor.xiaomi.hardware.micharge@1.0-service: Failed to open node sys/class/qcom-battery/reverse_chg_mode
12-19 16:51:40.897  1344  1360 I vendor.xiaomi.hardware.micharge@1.0-service: ReadFilePathValue path = sys/class/qcom-battery/reverse_chg_mode value =
12-19 16:51:40.907  1878  2827 I CameraImpl: checkAllClientsStoppedAndReclaimMem reclaim camera provider anon memory.
12-19 16:51:40.914  4496  4893 D DolbyAtomsSoundEffectTile: setListening: true
12-19 16:51:40.914  4496  4893 D DolbyAtomsSoundEffectTile: initDolbyAtomsEffect:
12-19 16:51:40.918  4496  4893 I DolbyAudioEffect: Creating a DolbyAudioEffect to global output mix!
12-19 16:51:40.919  4496  4893 I DiracUtils: new MiSoundUtils.
12-19 16:51:40.919  4496  4893 I MiSoundUtils: initialize, mInitialized=false
12-19 16:51:40.924  4496  4893 D DolbyAtomsSoundEffectTile: Registering receiver
12-19 16:51:40.931  4496  4496 D MiuiPhoneStatusBarPolicy: updateBluetooth: action = null
12-19 16:51:40.932  4496  4496 D MiuiPhoneStatusBarPolicy: updateBluetooth: BluetoothFlowState = 0
12-19 16:51:40.933  4496  4893 I android_os_HwBinder: HwBinder: Starting thread pool for getting: vendor.xiaomi.hardware.micharge@1.0::IMiCharge/default
12-19 16:51:40.934  1344  1360 E vendor.xiaomi.hardware.micharge@1.0-service: Failed to open node sys/class/qcom-battery/reverse_chg_mode
12-19 16:51:40.934  1344  1360 I vendor.xiaomi.hardware.micharge@1.0-service: ReadFilePathValue path = sys/class/qcom-battery/reverse_chg_mode value =
12-19 16:51:40.937  4496  4893 I android_os_HwBinder: HwBinder: Starting thread pool for getting: vendor.xiaomi.hardware.micharge@1.0::IMiCharge/default
12-19 16:51:40.938  1344  1360 E vendor.xiaomi.hardware.micharge@1.0-service: Failed to open node sys/class/qcom-battery/reverse_chg_mode
12-19 16:51:40.938  1344  1360 I vendor.xiaomi.hardware.micharge@1.0-service: ReadFilePathValue path = sys/class/qcom-battery/reverse_chg_mode value =
12-19 16:51:40.943  4496  4893 I android_os_HwBinder: HwBinder: Starting thread pool for getting: vendor.xiaomi.hardware.micharge@1.0::IMiCharge/default
12-19 16:51:40.943  1344  1360 E vendor.xiaomi.hardware.micharge@1.0-service: Failed to open node sys/class/qcom-battery/reverse_chg_mode
12-19 16:51:40.943  1344  1360 I vendor.xiaomi.hardware.micharge@1.0-service: ReadFilePathValue path = sys/class/qcom-battery/reverse_chg_mode value =
12-19 16:51:40.947  4496  4893 I android_os_HwBinder: HwBinder: Starting thread pool for getting: vendor.xiaomi.hardware.micharge@1.0::IMiCharge/default
12-19 16:51:40.947  1344  1360 E vendor.xiaomi.hardware.micharge@1.0-service: Failed to open node sys/class/qcom-battery/reverse_chg_mode
12-19 16:51:40.947  1344  1360 I vendor.xiaomi.hardware.micharge@1.0-service: ReadFilePathValue path = sys/class/qcom-battery/reverse_chg_mode value =
12-19 16:51:40.952  4496  4496 D QSCustomizer: should not call this before tile changed.
12-19 16:51:40.955  4496  4893 D DolbyAtomsSoundEffectTile: refreshState:
12-19 16:51:40.956  1251  2448 I vendor.qti.hardware.display.composer-service: FrameNotifyProcess Sensor: notify citsensorservice to trigger cwb
12-19 16:51:40.956  2027  6676 I libcitsensorservice@2.0-impl: msg_transfer
12-19 16:51:40.957  4496  4496 D QSCustomizer: should not call this before tile changed.
12-19 16:51:40.957  4496  4496 D QSCustomizer: should not call this before tile changed.
12-19 16:51:40.957  4496  4496 D QSCustomizer: should not call this before tile changed.
12-19 16:51:40.958  2027  3266 D vendor.xiaomi.sensor.citsensorservice@2.0-service: handle id:10 wxh:1280x2400 uwxuh:1080x2400 size: 9216000 fd:15 fd_meta:16 flags:0x4000228 usage:0x33  format:0x3 layer_count: 1
12-19 16:51:40.958  1191  3675 D DlbDlbEffect: effectCommand(handle=0xb40000724c16f5e0, cmdCode=8, cmdSize=16, pCmdData=0xb40000724a40c0f0, replySize=28, pReplyData=0xb40000724a464600)
12-19 16:51:40.958  1251  2216 I SDM     : HWCSession::SetCWBOutputBuffer: CWB config passed by cwb_client : tappoint 1  CWB_ROI : (829.000000 4.000000 915.000000 90.000000)
12-19 16:51:40.960  1251 26978 I SDM     : HWCSession::ProcessRequests: Successfully configured CWB buffer.
12-19 16:51:40.962  4496  4496 D QSCustomizer: should not call this before tile changed.
12-19 16:51:40.963  4496  4893 D DolbyAtomsSoundEffectTile: refreshState:
12-19 16:51:40.963  1191  3675 D DlbDlbEffect: effectCommand(handle=0xb40000724c16f5e0, cmdCode=8, cmdSize=16, pCmdData=0xb40000724a40c0f0, replySize=28, pReplyData=0xb40000724a464620)
12-19 16:51:40.964  4496  4496 D QSCustomizer: should not call this before tile changed.
12-19 16:51:40.970  9843  9860 I com.milink.runtime:new_milink:DataContentProvider: Call content://provider.milink.mi.com/messenger#poll from com.xiaomi.market, content://provider.milink.mi.com/messenger#poll
12-19 16:51:40.971  4496  4893 D DolbyAtomsSoundEffectTile: setListening: false
12-19 16:51:40.971  4496  4893 D DolbyAtomsSoundEffectTile: Unregistering receiver
12-19 16:51:40.972  4496  4893 I MiSoundUtils: release, mInitialized=true
12-19 16:51:40.972  1411 22241 W AudioFlinger::EffectHandle: disconnect Effect handle 0xb400007256071b20 disconnected after thread destruction
12-19 16:51:40.973  1411  2994 W AudioFlinger::EffectHandle: disconnect Effect handle 0xb4000072560719e0 disconnected after thread destruction
12-19 16:51:40.973 32290 32359 I com.xiaomi.market:new_milink:MessengerClient: empty packet, skip it.
12-19 16:51:40.973  1251 26978 I SDM     : HWCSession::ProcessRequests: Pushing release fence in fenece wait queue.
12-19 16:51:40.973  1251 26978 I SDM     : HWCSession::ProcessRequests: Creating AsyncFenceWaits async thread.
12-19 16:51:40.974  1251 26978 I SDM     : HWCSession::ProcessRequests: Remove current CWB request from the pending request queue.
12-19 16:51:40.974  1251 26978 I SDM     : HWCSession::ProcessRequests: No pending cwb requests found in the queue.
12-19 16:51:40.975  4496  4496 I Tile.MiuiCellularTile: modify default sim id to 0, because single sim.
12-19 16:51:40.975  4496  4496 D Tile.MiuiCellularTile: setAllSubs [{id=1 iccId=898607E20[****] simSlotIndex=0 carrierId=1435 displayName= carrierName= nameSource=1 iconTint=-16746133 mNumber=[****] dataRoaming=0 iconBitmap=android.graphics.Bitmap@be63c91 mcc=460 mnc=07 countryIso=cn isEmbedded=false nativeAccessRules=null cardString=898607E20[****] cardId=0 isOpportunistic=false groupUUID=null isGroupDisabled=false profileClass=-1 ehplmns=[46000, 46007, 46002, 46008] hplmns=[46000, 46000, 46000] subscriptionType=0 groupOwner=null carrierConfigAccessRules=null areUiccApplicationsEnabled=true}]
12-19 16:51:40.975  4496  4496 D Tile.MiuiCellularTile: data usage callback {0=DataUsage(simSlot=0, trafficType=-1, trafficValue=68.1, trafficUnit=2, billType=-1, billValue=bill_value), 1=DataUsage(simSlot=1, trafficType=-1, trafficValue=68.1, trafficUnit=2, billType=-1, billValue=bill_value)}
12-19 16:51:40.978  4496  4893 D Tile.MiuiCellularTile: handleUpdateState: MULTI_SIM = true, mSimInfoRecordList.size() = 1, mShowDataUsage = true
12-19 16:51:40.981  4496  4893 D Tile.MiuiCellularTile: handleUpdateState: MULTI_SIM = true, mSimInfoRecordList.size() = 1, mShowDataUsage = true
12-19 16:51:40.983  4496  4893 D Tile.MiuiCellularTile: handleUpdateState: MULTI_SIM = true, mSimInfoRecordList.size() = 1, mShowDataUsage = true
12-19 16:51:40.988  1251  1467 I SDM     : HWDeviceDRM::SetupConcurrentWriteback: Tear down the Concurrent Writeback topology
12-19 16:51:40.988  4496  4893 D Tile.MiuiCellularTile: handleUpdateState: MULTI_SIM = true, mSimInfoRecordList.size() = 1, mShowDataUsage = true
12-19 16:51:40.991  4496  4893 D Tile.MiuiCellularTile: handleUpdateState: MULTI_SIM = true, mSimInfoRecordList.size() = 1, mShowDataUsage = true
12-19 16:51:40.998  1251 26980 I SDM     : HWCSession::NotifyCWBStatus: Notify the client about buffer status 0.
12-19 16:51:40.998  1251 26980 I SDM     : HWCSession::PerformFenceWaits: Remove current release fence from the pending fence wait queue.
12-19 16:51:40.998  1251 26980 I SDM     : HWCSession::PerformFenceWaits: CWB fence queue is empty. No pending release fence to wait on.
12-19 16:51:41.005  4496  4496 D DataUsageInfoController: query data usage succeed {0=DataUsage(simSlot=0, trafficType=-1, trafficValue=68.1, trafficUnit=2, billType=-1, billValue=bill_value), 1=DataUsage(simSlot=1, trafficType=-1, trafficValue=68.1, trafficUnit=2, billType=-1, billValue=bill_value)}
12-19 16:51:41.005  4496  4496 D Tile.MiuiCellularTile: data usage callback {0=DataUsage(simSlot=0, trafficType=-1, trafficValue=68.1, trafficUnit=2, billType=-1, billValue=bill_value), 1=DataUsage(simSlot=1, trafficType=-1, trafficValue=68.1, trafficUnit=2, billType=-1, billValue=bill_value)}
12-19 16:51:41.007  4496  4893 D Tile.MiuiCellularTile: handleUpdateState: MULTI_SIM = true, mSimInfoRecordList.size() = 1, mShowDataUsage = true
12-19 16:51:41.009  4496  4893 D Tile.MiuiCellularTile: handleUpdateState: MULTI_SIM = true, mSimInfoRecordList.size() = 1, mShowDataUsage = true
12-19 16:51:41.011  4496  4893 D Tile.MiuiCellularTile: handleUpdateState: MULTI_SIM = true, mSimInfoRecordList.size() = 1, mShowDataUsage = true
12-19 16:51:41.167 32290 32290 I HandWritingStubImpl: isKeyboardTypeChanged: false
12-19 16:51:41.183  2027  3285 D libsensor-displayalgo: the value of  brightness:429.000000,R:72034630.868979,G:64414879.064824,B:51104707.892792,EVENT_C:6660.500000,EVENT_R:2557.500000,EVENT_G:3376.500000,EVENT_B:1283.500000
12-19 16:51:41.183  2027  3285 I libsensor-displayalgo: the value of  Coef1:1107.681000,Coef4:2.383000, scale1:0.935522, scale4:0.923264
12-19 16:51:41.183  2027  3285 E libsensor-displayalgo: RGB_test_0407_400_oldzy!
12-19 16:51:41.184  2027  3285 I libsensor-displayalgo: the value of  RESULT2758.396667,1126.633303,1328.816246,475.090142
12-19 16:51:41.184  2027  3285 I libsensor-displayalgo: the value of  getChannelDataCalibrated2889.845402,1043.598170,1542.911193,517.714401
12-19 16:51:41.184  2027  3285 I libsensor-displayalgo: the value of  REAL LUX230.255356
12-19 16:51:41.184  2027  3285 I libsensor-displayalgo: the value of  CAL REAL LUX230.255356
12-19 16:51:41.366  1878 13780 I CameraImpl: checkAllClientsStoppedAndReclaimMem reclaim camera provider anon memory.
12-19 16:51:41.483  2027  3285 D libsensor-displayalgo: the value of  brightness:429.000000,R:72034630.868979,G:64414879.064824,B:51104707.892792,EVENT_C:6660.500000,EVENT_R:2557.500000,EVENT_G:3376.500000,EVENT_B:1283.500000
12-19 16:51:41.483  2027  3285 I libsensor-displayalgo: the value of  Coef1:1107.681000,Coef4:2.383000, scale1:0.935522, scale4:0.923264
12-19 16:51:41.483  2027  3285 E libsensor-displayalgo: RGB_test_0407_400_oldzy!
12-19 16:51:41.484  2027  3285 I libsensor-displayalgo: the value of  RESULT2758.396667,1126.633303,1328.816246,475.090142
12-19 16:51:41.484  2027  3285 I libsensor-displayalgo: the value of  getChannelDataCalibrated2889.845402,1043.598170,1542.911193,517.714401
12-19 16:51:41.484  2027  3285 I libsensor-displayalgo: the value of  REAL LUX230.255356
12-19 16:51:41.484  2027  3285 I libsensor-displayalgo: the value of  CAL REAL LUX230.255356
12-19 16:51:41.709 32290 32290 I HandWritingStubImpl: isKeyboardTypeChanged: false
12-19 16:51:41.747  2475  3650 D MiuiNetworkPolicy: updateLimit mLimitEnabled=true,enabled=false,mNetworkPriorityMode=1
12-19 16:51:41.783  2027  3285 D libsensor-displayalgo: the value of  brightness:429.000000,R:72034630.868979,G:64414879.064824,B:51104707.892792,EVENT_C:6660.500000,EVENT_R:2557.500000,EVENT_G:3376.500000,EVENT_B:1283.500000
12-19 16:51:41.784  2027  3285 I libsensor-displayalgo: the value of  Coef1:1107.681000,Coef4:2.383000, scale1:0.935522, scale4:0.923264
12-19 16:51:41.784  2027  3285 E libsensor-displayalgo: RGB_test_0407_400_oldzy!
12-19 16:51:41.784  2027  3285 I libsensor-displayalgo: the value of  RESULT2758.396667,1126.633303,1328.816246,475.090142
12-19 16:51:41.784  2027  3285 I libsensor-displayalgo: the value of  getChannelDataCalibrated2889.845402,1043.598170,1542.911193,517.714401
12-19 16:51:41.784  2027  3285 I libsensor-displayalgo: the value of  REAL LUX230.255356
12-19 16:51:41.784  2027  3285 I libsensor-displayalgo: the value of  CAL REAL LUX230.255356
12-19 16:51:42.183  2027  3285 D libsensor-displayalgo: the value of  brightness:429.000000,R:72034630.868979,G:64414879.064824,B:51104707.892792,EVENT_C:6689.500000,EVENT_R:2567.000000,EVENT_G:3387.000000,EVENT_B:1290.000000
12-19 16:51:42.183  2027  3285 I libsensor-displayalgo: the value of  Coef1:1107.681000,Coef4:2.383000, scale1:0.935522, scale4:0.923264
12-19 16:51:42.183  2027  3285 E libsensor-displayalgo: RGB_test_0407_400_oldzy!
12-19 16:51:42.184  2027  3285 I libsensor-displayalgo: the value of  RESULT2758.396667,1126.633303,1328.816246,475.090142
12-19 16:51:42.184  2027  3285 I libsensor-displayalgo: the value of  getChannelDataCalibrated2889.845402,1043.598170,1542.911193,517.714401
12-19 16:51:42.184  2027  3285 I libsensor-displayalgo: the value of  REAL LUX231.893570
12-19 16:51:42.184  2027  3285 I libsensor-displayalgo: the value of  CAL REAL LUX231.893570
12-19 16:51:42.219 32290 32290 I HandWritingStubImpl: isKeyboardTypeChanged: false
12-19 16:51:42.483  2027  3285 D libsensor-displayalgo: the value of  brightness:429.000000,R:72034630.868979,G:64414879.064824,B:51104707.892792,EVENT_C:6751.500000,EVENT_R:2582.000000,EVENT_G:3425.000000,EVENT_B:1307.000000
12-19 16:51:42.483  2027  3285 I libsensor-displayalgo: the value of  Coef1:1107.681000,Coef4:2.383000, scale1:0.935522, scale4:0.923264
12-19 16:51:42.483  2027  3285 E libsensor-displayalgo: RGB_test_0407_400_oldzy!
12-19 16:51:42.484  2027  3285 I libsensor-displayalgo: the value of  RESULT2758.396667,1126.633303,1328.816246,475.090142
12-19 16:51:42.484  2027  3285 I libsensor-displayalgo: the value of  getChannelDataCalibrated2889.845402,1043.598170,1542.911193,517.714401
12-19 16:51:42.484  2027  3285 I libsensor-displayalgo: the value of  REAL LUX236.051697
12-19 16:51:42.484  2027  3285 I libsensor-displayalgo: the value of  CAL REAL LUX236.051697
12-19 16:51:42.728 32290 32290 I HandWritingStubImpl: isKeyboardTypeChanged: false
12-19 16:51:42.783  2027  3285 D libsensor-displayalgo: the value of  brightness:429.000000,R:72034630.868979,G:64414879.064824,B:51104707.892792,EVENT_C:6751.500000,EVENT_R:2582.500000,EVENT_G:3422.000000,EVENT_B:1305.000000
12-19 16:51:42.783  2027  3285 I libsensor-displayalgo: the value of  Coef1:1107.681000,Coef4:2.383000, scale1:0.935522, scale4:0.923264
12-19 16:51:42.783  2027  3285 E libsensor-displayalgo: RGB_test_0407_400_oldzy!
12-19 16:51:42.784  2027  3285 I libsensor-displayalgo: the value of  RESULT2758.396667,1126.633303,1328.816246,475.090142
12-19 16:51:42.784  2027  3285 I libsensor-displayalgo: the value of  getChannelDataCalibrated2889.845402,1043.598170,1542.911193,517.714401
12-19 16:51:42.784  2027  3285 I libsensor-displayalgo: the value of  REAL LUX236.058807
12-19 16:51:42.784  2027  3285 I libsensor-displayalgo: the value of  CAL REAL LUX236.058807
12-19 16:51:43.083  2027  3285 D libsensor-displayalgo: the value of  brightness:429.000000,R:72034630.868979,G:64414879.064824,B:51104707.892792,EVENT_C:6704.500000,EVENT_R:2567.000000,EVENT_G:3395.500000,EVENT_B:1292.500000
12-19 16:51:43.083  2027  3285 I libsensor-displayalgo: the value of  Coef1:1107.681000,Coef4:2.383000, scale1:0.935522, scale4:0.923264
12-19 16:51:43.083  2027  3285 E libsensor-displayalgo: RGB_test_0407_400_oldzy!
12-19 16:51:43.084  2027  3285 I libsensor-displayalgo: the value of  RESULT2758.396667,1126.633303,1328.816246,475.090142
12-19 16:51:43.084  2027  3285 I libsensor-displayalgo: the value of  getChannelDataCalibrated2889.845402,1043.598170,1542.911193,517.714401
12-19 16:51:43.084  2027  3285 I libsensor-displayalgo: the value of  REAL LUX233.135880
12-19 16:51:43.084  2027  3285 I libsensor-displayalgo: the value of  CAL REAL LUX233.135880
12-19 16:51:43.273 32290 32290 I HandWritingStubImpl: isKeyboardTypeChanged: false
12-19 16:51:43.373  1251  2448 I vendor.qti.hardware.display.composer-service: FrameNotifyProcess Sensor: notify citsensorservice to trigger cwb
12-19 16:51:43.373  2027  2027 I libcitsensorservice@2.0-impl: msg_transfer
12-19 16:51:43.373  2027  3266 D vendor.xiaomi.sensor.citsensorservice@2.0-service: handle id:10 wxh:1280x2400 uwxuh:1080x2400 size: 9216000 fd:15 fd_meta:16 flags:0x4000228 usage:0x33  format:0x3 layer_count: 1
12-19 16:51:43.374  1251  2216 I SDM     : HWCSession::SetCWBOutputBuffer: CWB config passed by cwb_client : tappoint 1  CWB_ROI : (829.000000 4.000000 915.000000 90.000000)
12-19 16:51:43.375  1251 26982 I SDM     : HWCSession::ProcessRequests: Successfully configured CWB buffer.
12-19 16:51:43.383  2027  3285 D libsensor-displayalgo: the value of  brightness:429.000000,R:72034630.868979,G:64414879.064824,B:51104707.892792,EVENT_C:6696.500000,EVENT_R:2568.000000,EVENT_G:3392.000000,EVENT_B:1291.000000
12-19 16:51:43.383  2027  3285 I libsensor-displayalgo: the value of  Coef1:1107.681000,Coef4:2.383000, scale1:0.935522, scale4:0.923264
12-19 16:51:43.383  2027  3285 E libsensor-displayalgo: RGB_test_0407_400_oldzy!
12-19 16:51:43.383  2027  3285 I libsensor-displayalgo: the value of  RESULT2758.396667,1126.633303,1328.816246,475.090142
12-19 16:51:43.383  2027  3285 I libsensor-displayalgo: the value of  getChannelDataCalibrated2889.845402,1043.598170,1542.911193,517.714401
12-19 16:51:43.383  2027  3285 I libsensor-displayalgo: the value of  REAL LUX232.496185
12-19 16:51:43.383  2027  3285 I libsensor-displayalgo: the value of  CAL REAL LUX232.496185
12-19 16:51:43.391  1251 26982 I SDM     : HWCSession::ProcessRequests: Pushing release fence in fenece wait queue.
12-19 16:51:43.391  1251 26982 I SDM     : HWCSession::ProcessRequests: Creating AsyncFenceWaits async thread.
12-19 16:51:43.392  1251 26982 I SDM     : HWCSession::ProcessRequests: Remove current CWB request from the pending request queue.
12-19 16:51:43.392  1251 26982 I SDM     : HWCSession::ProcessRequests: No pending cwb requests found in the queue.
12-19 16:51:43.403  1251  1467 I SDM     : HWDeviceDRM::SetupConcurrentWriteback: Tear down the Concurrent Writeback topology
12-19 16:51:43.413  1251 26983 I SDM     : HWCSession::NotifyCWBStatus: Notify the client about buffer status 0.
12-19 16:51:43.414  1251 26983 I SDM     : HWCSession::PerformFenceWaits: Remove current release fence from the pending fence wait queue.
12-19 16:51:43.414  1251 26983 I SDM     : HWCSession::PerformFenceWaits: CWB fence queue is empty. No pending release fence to wait on.
12-19 16:51:43.783  2027  3285 D libsensor-displayalgo: the value of  brightness:429.000000,R:72034630.868979,G:64414879.064824,B:51104707.892792,EVENT_C:6693.000000,EVENT_R:2565.500000,EVENT_G:3390.500000,EVENT_B:1291.000000
12-19 16:51:43.783  2027  3285 I libsensor-displayalgo: the value of  Coef1:1107.681000,Coef4:2.383000, scale1:0.935522, scale4:0.923264
12-19 16:51:43.783  2027  3285 E libsensor-displayalgo: RGB_test_0407_400_oldzy!
12-19 16:51:43.784  2027  3285 I libsensor-displayalgo: the value of  RESULT2758.396667,1126.633303,1328.816246,475.090142
12-19 16:51:43.784  2027  3285 I libsensor-displayalgo: the value of  getChannelDataCalibrated2889.845402,1043.598170,1542.911193,517.714401
12-19 16:51:43.784  2027  3285 I libsensor-displayalgo: the value of  REAL LUX232.275177
12-19 16:51:43.784  2027  3285 I libsensor-displayalgo: the value of  CAL REAL LUX232.275177
12-19 16:51:43.815 32290 32290 I HandWritingStubImpl: isKeyboardTypeChanged: false
12-19 16:51:43.918  5773  8966 D SLM-SRV-SLAService: checktemp temperature = 34916 temperature_average = 35226 isPerformanceMode = false thermal_enable_slm = true
12-19 16:51:44.082  1953  2016 I mstatdaemon: Entering time loop
12-19 16:51:44.082  1953  2016 I mstatdaemon: t = 1671439904
12-19 16:51:44.082  1953  2016 I mstatdaemon: translated_t = 1355449904
12-19 16:51:44.082  1953  2016 I mstat_log: mstatcommitLog log_alloc() failed
12-19 16:51:44.083  2027  3285 D libsensor-displayalgo: the value of  brightness:429.000000,R:72034630.868979,G:64414879.064824,B:51104707.892792,EVENT_C:6693.000000,EVENT_R:2565.500000,EVENT_G:3390.500000,EVENT_B:1291.000000
12-19 16:51:44.083  2027  3285 I libsensor-displayalgo: the value of  Coef1:1107.681000,Coef4:2.383000, scale1:0.935522, scale4:0.923264
12-19 16:51:44.083  2027  3285 E libsensor-displayalgo: RGB_test_0407_400_oldzy!
12-19 16:51:44.084  2027  3285 I libsensor-displayalgo: the value of  RESULT2758.396667,1126.633303,1328.816246,475.090142
12-19 16:51:44.084  2027  3285 I libsensor-displayalgo: the value of  getChannelDataCalibrated2889.845402,1043.598170,1542.911193,517.714401
12-19 16:51:44.084  2027  3285 I libsensor-displayalgo: the value of  REAL LUX232.275177
12-19 16:51:44.084  2027  3285 I libsensor-displayalgo: the value of  CAL REAL LUX232.275177
12-19 16:51:44.307 32290 32290 I HandWritingStubImpl: isKeyboardTypeChanged: false
12-19 16:51:44.383  2027  3285 D libsensor-displayalgo: the value of  brightness:429.000000,R:72034630.868979,G:64414879.064824,B:51104707.892792,EVENT_C:6693.000000,EVENT_R:2565.500000,EVENT_G:3390.500000,EVENT_B:1291.000000
12-19 16:51:44.384  2027  3285 I libsensor-displayalgo: the value of  Coef1:1107.681000,Coef4:2.383000, scale1:0.935522, scale4:0.923264
12-19 16:51:44.384  2027  3285 E libsensor-displayalgo: RGB_test_0407_400_oldzy!
12-19 16:51:44.384  2027  3285 I libsensor-displayalgo: the value of  RESULT2758.396667,1126.633303,1328.816246,475.090142
12-19 16:51:44.384  2027  3285 I libsensor-displayalgo: the value of  getChannelDataCalibrated2889.845402,1043.598170,1542.911193,517.714401
12-19 16:51:44.384  2027  3285 I libsensor-displayalgo: the value of  REAL LUX232.275177
12-19 16:51:44.384  2027  3285 I libsensor-displayalgo: the value of  CAL REAL LUX232.275177
12-19 16:51:44.683  2027  3285 D libsensor-displayalgo: the value of  brightness:429.000000,R:72034630.868979,G:64414879.064824,B:51104707.892792,EVENT_C:6682.000000,EVENT_R:2564.000000,EVENT_G:3384.500000,EVENT_B:1288.500000
12-19 16:51:44.683  2027  3285 I libsensor-displayalgo: the value of  Coef1:1107.681000,Coef4:2.383000, scale1:0.935522, scale4:0.923264
12-19 16:51:44.683  2027  3285 E libsensor-displayalgo: RGB_test_0407_400_oldzy!
12-19 16:51:44.684  2027  3285 I libsensor-displayalgo: the value of  RESULT2758.396667,1126.633303,1328.816246,475.090142
12-19 16:51:44.684  2027  3285 I libsensor-displayalgo: the value of  getChannelDataCalibrated2889.845402,1043.598170,1542.911193,517.714401
12-19 16:51:44.684  2027  3285 I libsensor-displayalgo: the value of  REAL LUX231.485489
12-19 16:51:44.684  2027  3285 I libsensor-displayalgo: the value of  CAL REAL LUX231.485489
12-19 16:51:44.850 32290 32290 I HandWritingStubImpl: isKeyboardTypeChanged: false
12-19 16:51:44.983  2027  3285 D libsensor-displayalgo: the value of  brightness:429.000000,R:72034630.868979,G:64414879.064824,B:51104707.892792,EVENT_C:6706.500000,EVENT_R:2567.500000,EVENT_G:3399.500000,EVENT_B:1297.000000
12-19 16:51:44.983  2027  3285 I libsensor-displayalgo: the value of  Coef1:1107.681000,Coef4:2.383000, scale1:0.935522, scale4:0.923264
12-19 16:51:44.983  2027  3285 E libsensor-displayalgo: RGB_test_0407_400_oldzy!
12-19 16:51:44.984  2027  3285 I libsensor-displayalgo: the value of  RESULT2758.396667,1126.633303,1328.816246,475.090142
12-19 16:51:44.984  2027  3285 I libsensor-displayalgo: the value of  getChannelDataCalibrated2889.845402,1043.598170,1542.911193,517.714401
12-19 16:51:44.984  2027  3285 I libsensor-displayalgo: the value of  REAL LUX233.074615
12-19 16:51:44.984  2027  3285 I libsensor-displayalgo: the value of  CAL REAL LUX233.074615
12-19 16:51:45.283  2027  3285 D libsensor-displayalgo: the value of  brightness:429.000000,R:72034630.868979,G:64414879.064824,B:51104707.892792,EVENT_C:6723.500000,EVENT_R:2572.000000,EVENT_G:3407.500000,EVENT_B:1302.500000
12-19 16:51:45.283  2027  3285 I libsensor-displayalgo: the value of  Coef1:1107.681000,Coef4:2.383000, scale1:0.935522, scale4:0.923264
12-19 16:51:45.283  2027  3285 E libsensor-displayalgo: RGB_test_0407_400_oldzy!
12-19 16:51:45.284  2027  3285 I libsensor-displayalgo: the value of  RESULT2758.396667,1126.633303,1328.816246,475.090142
12-19 16:51:45.284  2027  3285 I libsensor-displayalgo: the value of  getChannelDataCalibrated2889.845402,1043.598170,1542.911193,517.714401
12-19 16:51:45.284  2027  3285 I libsensor-displayalgo: the value of  REAL LUX234.021927
12-19 16:51:45.284  2027  3285 I libsensor-displayalgo: the value of  CAL REAL LUX234.021927
12-19 16:51:45.342 32290 32290 I HandWritingStubImpl: isKeyboardTypeChanged: false
12-19 16:51:45.623  9179  9314 D MemoryCeilingMonitor: [handleMemoryCalculate]
12-19 16:51:45.623  9179  9314 D MemoryCeilingMonitor: [calculate] tot: 5816552, max: 268435456, free: 547104, heap: 5269448, per: 0.019630223512649536
12-19 16:51:45.683  2027  3285 D libsensor-displayalgo: the value of  brightness:429.000000,R:72034630.868979,G:64414879.064824,B:51104707.892792,EVENT_C:6704.500000,EVENT_R:2565.500000,EVENT_G:3396.500000,EVENT_B:1295.500000
12-19 16:51:45.684  2027  3285 I libsensor-displayalgo: the value of  Coef1:1107.681000,Coef4:2.383000, scale1:0.935522, scale4:0.923264
12-19 16:51:45.684  2027  3285 E libsensor-displayalgo: RGB_test_0407_400_oldzy!
12-19 16:51:45.684  2027  3285 I libsensor-displayalgo: the value of  RESULT2758.396667,1126.633303,1328.816246,475.090142
12-19 16:51:45.684  2027  3285 I libsensor-displayalgo: the value of  getChannelDataCalibrated2889.845402,1043.598170,1542.911193,517.714401
12-19 16:51:45.684  2027  3285 I libsensor-displayalgo: the value of  REAL LUX232.994217
12-19 16:51:45.684  2027  3285 I libsensor-displayalgo: the value of  CAL REAL LUX232.994217
12-19 16:51:45.884 32290 32290 I HandWritingStubImpl: isKeyboardTypeChanged: false
12-19 16:51:45.984  2027  3285 D libsensor-displayalgo: the value of  brightness:429.000000,R:72034630.868979,G:64414879.064824,B:51104707.892792,EVENT_C:6687.000000,EVENT_R:2566.000000,EVENT_G:3389.000000,EVENT_B:1289.000000
12-19 16:51:45.984  2027  3285 I libsensor-displayalgo: the value of  Coef1:1107.681000,Coef4:2.383000, scale1:0.935522, scale4:0.923264
12-19 16:51:45.984  2027  3285 E libsensor-displayalgo: RGB_test_0407_400_oldzy!
12-19 16:51:45.984  2027  3285 I libsensor-displayalgo: the value of  RESULT2758.396667,1126.633303,1328.816246,475.090142
12-19 16:51:45.984  2027  3285 I libsensor-displayalgo: the value of  getChannelDataCalibrated2889.845402,1043.598170,1542.911193,517.714401
12-19 16:51:45.984  2027  3285 I libsensor-displayalgo: the value of  REAL LUX231.927094
12-19 16:51:45.984  2027  3285 I libsensor-displayalgo: the value of  CAL REAL LUX231.927094
12-19 16:51:46.283  2027  3285 D libsensor-displayalgo: the value of  brightness:429.000000,R:72034630.868979,G:64414879.064824,B:51104707.892792,EVENT_C:6710.000000,EVENT_R:2573.000000,EVENT_G:3397.000000,EVENT_B:1295.000000
12-19 16:51:46.283  2027  3285 I libsensor-displayalgo: the value of  Coef1:1107.681000,Coef4:2.383000, scale1:0.935522, scale4:0.923264
12-19 16:51:46.284  2027  3285 E libsensor-displayalgo: RGB_test_0407_400_oldzy!
12-19 16:51:46.284  2027  3285 I libsensor-displayalgo: the value of  RESULT2758.396667,1126.633303,1328.816246,475.090142
12-19 16:51:46.284  2027  3285 I libsensor-displayalgo: the value of  getChannelDataCalibrated2889.845402,1043.598170,1542.911193,517.714401
12-19 16:51:46.284  2027  3285 I libsensor-displayalgo: the value of  REAL LUX233.162964
12-19 16:51:46.284  2027  3285 I libsensor-displayalgo: the value of  CAL REAL LUX233.162964
12-19 16:51:46.410 32290 32290 I HandWritingStubImpl: isKeyboardTypeChanged: false
12-19 16:51:46.554  1192 17646 I vendor.qti.bluetooth@1.0-ibs_handler: ProcessIbsCmd: Received IBS_WAKE_IND: 0xFD
12-19 16:51:46.554  1192 17646 D vendor.qti.bluetooth@1.0-ibs_handler: SerialClockVote: vote for UART CLK ON
12-19 16:51:46.554  1192 17646 D vendor.qti.bluetooth@1.0-wake_lock: Acquire wakelock is acquired
12-19 16:51:46.554  1192 17646 I vendor.qti.bluetooth@1.0-ibs_handler: ProcessIbsCmd: Writing IBS_WAKE_ACK
12-19 16:51:46.564 17724 17907 E MiuiFastConnectService: check adv data not fast connect
12-19 16:51:46.583  2027  3285 D libsensor-displayalgo: the value of  brightness:429.000000,R:72034630.868979,G:64414879.064824,B:51104707.892792,EVENT_C:6720.500000,EVENT_R:2571.500000,EVENT_G:3405.000000,EVENT_B:1302.000000
12-19 16:51:46.583  2027  3285 I libsensor-displayalgo: the value of  Coef1:1107.681000,Coef4:2.383000, scale1:0.935522, scale4:0.923264
12-19 16:51:46.583  2027  3285 E libsensor-displayalgo: RGB_test_0407_400_oldzy!
12-19 16:51:46.584  2027  3285 I libsensor-displayalgo: the value of  RESULT2758.396667,1126.633303,1328.816246,475.090142
12-19 16:51:46.584  2027  3285 I libsensor-displayalgo: the value of  getChannelDataCalibrated2889.845402,1043.598170,1542.911193,517.714401
12-19 16:51:46.584  2027  3285 I libsensor-displayalgo: the value of  REAL LUX233.755936
12-19 16:51:46.584  2027  3285 I libsensor-displayalgo: the value of  CAL REAL LUX233.755936
12-19 16:51:46.595  1192 17646 I vendor.qti.bluetooth@1.0-ibs_handler: ProcessIbsCmd: Received IBS_SLEEP_IND: 0xFE
12-19 16:51:46.595  1192 17646 D vendor.qti.bluetooth@1.0-ibs_handler: SerialClockVote: vote for UART CLK OFF
12-19 16:51:46.746  1192 17505 D vendor.qti.bluetooth@1.0-wake_lock: Release wakelock is released
12-19 16:51:46.759  2475  3650 D MiuiNetworkPolicy: updateLimit mLimitEnabled=false,enabled=true,mNetworkPriorityMode=1
12-19 16:51:46.884  2027  3285 D libsensor-displayalgo: the value of  brightness:429.000000,R:72034630.868979,G:64414879.064824,B:51104707.892792,EVENT_C:6759.500000,EVENT_R:2583.500000,EVENT_G:3426.000000,EVENT_B:1306.000000
12-19 16:51:46.884  2027  3285 I libsensor-displayalgo: the value of  Coef1:1107.681000,Coef4:2.383000, scale1:0.935522, scale4:0.923264
12-19 16:51:46.884  2027  3285 E libsensor-displayalgo: RGB_test_0407_400_oldzy!
12-19 16:51:46.885  2027  3285 I libsensor-displayalgo: the value of  RESULT2758.396667,1126.633303,1328.816246,475.090142
12-19 16:51:46.885  2027  3285 I libsensor-displayalgo: the value of  getChannelDataCalibrated2889.845402,1043.598170,1542.911193,517.714401
12-19 16:51:46.885  2027  3285 I libsensor-displayalgo: the value of  REAL LUX236.686462
12-19 16:51:46.885  2027  3285 I libsensor-displayalgo: the value of  CAL REAL LUX236.686462
12-19 16:51:46.920 32290 32290 I HandWritingStubImpl: isKeyboardTypeChanged: false
12-19 16:51:47.283  2027  3285 D libsensor-displayalgo: the value of  brightness:429.000000,R:72034630.868979,G:64414879.064824,B:51104707.892792,EVENT_C:6675.500000,EVENT_R:2559.500000,EVENT_G:3381.000000,EVENT_B:1288.000000
12-19 16:51:47.283  2027  3285 I libsensor-displayalgo: the value of  Coef1:1107.681000,Coef4:2.383000, scale1:0.935522, scale4:0.923264
12-19 16:51:47.283  2027  3285 E libsensor-displayalgo: RGB_test_0407_400_oldzy!
12-19 16:51:47.284  2027  3285 I libsensor-displayalgo: the value of  RESULT2758.396667,1126.633303,1328.816246,475.090142
12-19 16:51:47.284  2027  3285 I libsensor-displayalgo: the value of  getChannelDataCalibrated2889.845402,1043.598170,1542.911193,517.714401
12-19 16:51:47.284  2027  3285 I libsensor-displayalgo: the value of  REAL LUX231.077774
12-19 16:51:47.284  2027  3285 I libsensor-displayalgo: the value of  CAL REAL LUX231.077774
12-19 16:51:47.462 32290 32290 I HandWritingStubImpl: isKeyboardTypeChanged: false
12-19 16:51:47.584  2027  3285 D libsensor-displayalgo: the value of  brightness:429.000000,R:72034630.868979,G:64414879.064824,B:51104707.892792,EVENT_C:6681.000000,EVENT_R:2564.500000,EVENT_G:3380.500000,EVENT_B:1287.500000
12-19 16:51:47.584  2027  3285 I libsensor-displayalgo: the value of  Coef1:1107.681000,Coef4:2.383000, scale1:0.935522, scale4:0.923264
12-19 16:51:47.584  2027  3285 E libsensor-displayalgo: RGB_test_0407_400_oldzy!
12-19 16:51:47.585  2027  3285 I libsensor-displayalgo: the value of  RESULT2758.396667,1126.633303,1328.816246,475.090142
12-19 16:51:47.585  2027  3285 I libsensor-displayalgo: the value of  getChannelDataCalibrated2889.845402,1043.598170,1542.911193,517.714401
12-19 16:51:47.585  2027  3285 I libsensor-displayalgo: the value of  REAL LUX231.295273
12-19 16:51:47.585  2027  3285 I libsensor-displayalgo: the value of  CAL REAL LUX231.295273
12-19 16:51:47.883  2027  3285 D libsensor-displayalgo: the value of  brightness:429.000000,R:72034630.868979,G:64414879.064824,B:51104707.892792,EVENT_C:6757.500000,EVENT_R:2583.500000,EVENT_G:3424.000000,EVENT_B:1307.500000
12-19 16:51:47.883  2027  3285 I libsensor-displayalgo: the value of  Coef1:1107.681000,Coef4:2.383000, scale1:0.935522, scale4:0.923264
12-19 16:51:47.883  2027  3285 E libsensor-displayalgo: RGB_test_0407_400_oldzy!
12-19 16:51:47.884  2027  3285 I libsensor-displayalgo: the value of  RESULT2758.396667,1126.633303,1328.816246,475.090142
12-19 16:51:47.884  2027  3285 I libsensor-displayalgo: the value of  getChannelDataCalibrated2889.845402,1043.598170,1542.911193,517.714401
12-19 16:51:47.884  2027  3285 I libsensor-displayalgo: the value of  REAL LUX236.332504
12-19 16:51:47.884  2027  3285 I libsensor-displayalgo: the value of  CAL REAL LUX236.332504
12-19 16:51:47.971 32290 32290 I HandWritingStubImpl: isKeyboardTypeChanged: false
12-19 16:51:48.185  2027  3285 D libsensor-displayalgo: the value of  brightness:429.000000,R:72034630.868979,G:64414879.064824,B:51104707.892792,EVENT_C:6727.500000,EVENT_R:2573.000000,EVENT_G:3410.000000,EVENT_B:1301.000000
12-19 16:51:48.185  2027  3285 I libsensor-displayalgo: the value of  Coef1:1107.681000,Coef4:2.383000, scale1:0.935522, scale4:0.923264
