12-19 16:52:52.971 17286 17420 D BtGatt.ScanManager: callback done for scannerId - 7 status - 0
12-19 16:52:52.971 17286 17495 D BtGatt.ScanManager: configureFilterParamter 500 10000 1 0, deliveryMode=0
12-19 16:52:52.975 17286 17420 D BtGatt.GattService: onScanFilterParamsConfigured() - clientIf=7, status=0, action=0, availableSpace=63
12-19 16:52:52.976 17286 17420 D BtGatt.ScanManager: callback done for scannerId - 7 status - 0
12-19 16:52:52.977   872   872 E KeymasterUtils: rsp_header->status: -28
12-19 16:52:52.977   872   872 E KeyMasterHalDevice: abort_operation
12-19 16:52:52.977   872   872 E KeyMasterHalDevice: ret: -28
12-19 16:52:52.979 17286 17420 D BtGatt.GattService: onScanFilterConfig() - clientIf=7, action = 0 status = 0, filterType=0, availableSpace=0
12-19 16:52:52.979 17286 17420 D BtGatt.ScanManager: callback done for scannerId - 7 status - 0
12-19 16:52:52.981 17286 17495 D BtGatt.ScanManager: configureFilterParamter 500 10000 1 0, deliveryMode=0
12-19 16:52:52.984 17286 17420 D BtGatt.GattService: onScanFilterParamsConfigured() - clientIf=7, status=0, action=0, availableSpace=62
12-19 16:52:52.985 17286 17420 D BtGatt.ScanManager: callback done for scannerId - 7 status - 0
12-19 16:52:52.987 17286 17420 D BtGatt.GattService: onScanFilterConfig() - clientIf=7, action = 0 status = 0, filterType=0, availableSpace=0
12-19 16:52:52.987 17286 17420 D BtGatt.ScanManager: callback done for scannerId - 7 status - 0
12-19 16:52:52.987 17286 17495 D BtGatt.ScanManager: configureFilterParamter 500 10000 1 0, deliveryMode=0
12-19 16:52:52.989 17286 17420 D BtGatt.GattService: onScanFilterParamsConfigured() - clientIf=7, status=0, action=0, availableSpace=61
12-19 16:52:52.990 17286 17420 D BtGatt.ScanManager: callback done for scannerId - 7 status - 0
12-19 16:52:52.992 17286 17420 D BtGatt.GattService: onScanFilterConfig() - clientIf=7, action = 0 status = 0, filterType=0, availableSpace=0
12-19 16:52:52.993 17286 17420 D BtGatt.ScanManager: callback done for scannerId - 7 status - 0
12-19 16:52:52.994 17286 17495 D BtGatt.ScanManager: configureFilterParamter 500 10000 1 0, deliveryMode=0
12-19 16:52:52.996 17286 17420 D BtGatt.GattService: onScanFilterParamsConfigured() - clientIf=7, status=0, action=0, availableSpace=60
12-19 16:52:52.997 17286 17420 D BtGatt.ScanManager: callback done for scannerId - 7 status - 0
12-19 16:52:52.998 17286 17420 D BtGatt.GattService: onScanFilterConfig() - clientIf=7, action = 0 status = 0, filterType=0, availableSpace=0
12-19 16:52:52.998 17286 17420 D BtGatt.ScanManager: callback done for scannerId - 7 status - 0
12-19 16:52:53.000 17286 17495 D BtGatt.ScanManager: configureFilterParamter 500 10000 1 0, deliveryMode=0
12-19 16:52:53.002 17286 17420 D BtGatt.GattService: onScanFilterParamsConfigured() - clientIf=7, status=0, action=0, availableSpace=59
12-19 16:52:53.003 17286 17420 D BtGatt.ScanManager: callback done for scannerId - 7 status - 0
12-19 16:52:53.003 17286 17420 D BtGatt.GattService: onScanFilterConfig() - clientIf=7, action = 0 status = 0, filterType=0, availableSpace=0
12-19 16:52:53.003 17286 17420 D BtGatt.ScanManager: callback done for scannerId - 7 status - 0
12-19 16:52:53.004 17286 17495 D BtGatt.ScanManager: configureFilterParamter 500 10000 1 0, deliveryMode=0
12-19 16:52:53.007 17286 17420 D BtGatt.GattService: onScanFilterParamsConfigured() - clientIf=7, status=0, action=0, availableSpace=58
12-19 16:52:53.007 17286 17420 D BtGatt.ScanManager: callback done for scannerId - 7 status - 0
12-19 16:52:53.008 17286 17495 D BtGatt.ScanManager: configureRegularScanParams() - queue=1
12-19 16:52:53.009 17286 17495 D BtGatt.ScanManager: configureRegularScanParams() - ScanSetting LE 1M Scan mode=0 ScanSetting LE Coded Scan mode=0 mLastConfiguredScanSettingLE1M=-2147483648 mLastConfiguredScanSettingLECoded=-2147483648 scanPhy=255
12-19 16:52:53.011 17286 17495 W BtGatt.ScanManager: trackLeScan() - mLastStartTime = 0
12-19 16:52:53.011 17286 17495 D BtGatt.ScanManager: configureRegularScanParams - scanInterval LE 1M = 660 configureRegularScanParams - scanWindow LE 1M= 66 configureRegularScanParams - scanInterval LE Coded= 660 configureRegularScanParams - scanWindow LE Coded= 66
12-19 16:52:53.012 17286 17420 D BtGatt.GattService: onScanParamSetupCompleted : 0
12-19 16:52:53.026   872   872 E KeymasterUtils: rsp_header->status: -28
12-19 16:52:53.026   872   872 E KeyMasterHalDevice: abort_operation
12-19 16:52:53.026   872   872 E KeyMasterHalDevice: ret: -28
12-19 16:52:53.059  1192 17646 I vendor.qti.bluetooth@1.0-ibs_handler: ProcessIbsCmd: Received IBS_SLEEP_IND: 0xFE
12-19 16:52:53.061   872   872 E KeymasterUtils: rsp_header->status: -28
12-19 16:52:53.061   872   872 E KeyMasterHalDevice: abort_operation
12-19 16:52:53.061   872   872 E KeyMasterHalDevice: ret: -28
12-19 16:52:53.082  2027  3285 D libsensor-displayalgo: the value of  brightness:429.000000,R:72034630.868979,G:64414879.064824,B:51104707.892792,EVENT_C:6770.000000,EVENT_R:2588.500000,EVENT_G:3434.500000,EVENT_B:1310.000000
12-19 16:52:53.083  2027  3285 I libsensor-displayalgo: the value of  Coef1:1107.681000,Coef4:2.383000, scale1:0.935522, scale4:0.923264
12-19 16:52:53.083  2027  3285 E libsensor-displayalgo: RGB_test_0407_400_oldzy!
12-19 16:52:53.083  2027  3285 I libsensor-displayalgo: the value of  RESULT2758.396667,1126.633303,1328.816246,475.090142
12-19 16:52:53.083  2027  3285 I libsensor-displayalgo: the value of  getChannelDataCalibrated2889.845402,1043.598170,1542.911193,517.714401
12-19 16:52:53.083  2027  3285 I libsensor-displayalgo: the value of  REAL LUX237.300797
12-19 16:52:53.083  2027  3285 I libsensor-displayalgo: the value of  CAL REAL LUX237.300797
12-19 16:52:53.364 32290 32290 I HandWritingStubImpl: isKeyboardTypeChanged: false
12-19 16:52:53.483  2027  3285 D libsensor-displayalgo: the value of  brightness:429.000000,R:72034630.868979,G:64414879.064824,B:51104707.892792,EVENT_C:6734.500000,EVENT_R:2576.500000,EVENT_G:3410.500000,EVENT_B:1301.000000
12-19 16:52:53.483  2027  3285 I libsensor-displayalgo: the value of  Coef1:1107.681000,Coef4:2.383000, scale1:0.935522, scale4:0.923264
12-19 16:52:53.483  2027  3285 E libsensor-displayalgo: RGB_test_0407_400_oldzy!
12-19 16:52:53.484  2027  3285 I libsensor-displayalgo: the value of  RESULT2758.396667,1126.633303,1328.816246,475.090142
12-19 16:52:53.484  2027  3285 I libsensor-displayalgo: the value of  getChannelDataCalibrated2889.845402,1043.598170,1542.911193,517.714401
12-19 16:52:53.484  2027  3285 I libsensor-displayalgo: the value of  REAL LUX234.886948
12-19 16:52:53.484  2027  3285 I libsensor-displayalgo: the value of  CAL REAL LUX234.886948
12-19 16:52:53.783  2027  3285 D libsensor-displayalgo: the value of  brightness:429.000000,R:72034630.868979,G:64414879.064824,B:51104707.892792,EVENT_C:6725.500000,EVENT_R:2575.500000,EVENT_G:3405.000000,EVENT_B:1295.500000
12-19 16:52:53.783  2027  3285 I libsensor-displayalgo: the value of  Coef1:1107.681000,Coef4:2.383000, scale1:0.935522, scale4:0.923264
12-19 16:52:53.783  2027  3285 E libsensor-displayalgo: RGB_test_0407_400_oldzy!
12-19 16:52:53.784  2027  3285 I libsensor-displayalgo: the value of  RESULT2758.396667,1126.633303,1328.816246,475.090142
12-19 16:52:53.784  2027  3285 I libsensor-displayalgo: the value of  getChannelDataCalibrated2889.845402,1043.598170,1542.911193,517.714401
12-19 16:52:53.784  2027  3285 I libsensor-displayalgo: the value of  REAL LUX234.486023
12-19 16:52:53.784  2027  3285 I libsensor-displayalgo: the value of  CAL REAL LUX234.486023
12-19 16:52:53.817  1192 17646 I vendor.qti.bluetooth@1.0-ibs_handler: ProcessIbsCmd: Received IBS_WAKE_IND: 0xFD
12-19 16:52:53.817  1192 17646 I vendor.qti.bluetooth@1.0-ibs_handler: ProcessIbsCmd: Writing IBS_WAKE_ACK
12-19 16:52:53.824 17724 17907 E MiuiFastConnectService: check adv data not fast connect
12-19 16:52:53.858  1192 17646 I vendor.qti.bluetooth@1.0-ibs_handler: ProcessIbsCmd: Received IBS_SLEEP_IND: 0xFE
12-19 16:52:53.889 32290 32290 I HandWritingStubImpl: isKeyboardTypeChanged: false
12-19 16:52:53.921  5773  8966 D SLM-SRV-SLAService: checktemp temperature = 34485 temperature_average = 34604 isPerformanceMode = false thermal_enable_slm = true
12-19 16:52:54.017  1192 17652 I vendor.qti.bluetooth@1.0-ibs_handler: DeviceSleep: TX Awake, Sending SLEEP_IND
12-19 16:52:54.017  1192 17652 D vendor.qti.bluetooth@1.0-ibs_handler: SerialClockVote: vote for UART CLK OFF
12-19 16:52:54.083  2027  3285 D libsensor-displayalgo: the value of  brightness:429.000000,R:72034630.868979,G:64414879.064824,B:51104707.892792,EVENT_C:6747.000000,EVENT_R:2579.500000,EVENT_G:3414.500000,EVENT_B:1300.000000
12-19 16:52:54.083  2027  3285 I libsensor-displayalgo: the value of  Coef1:1107.681000,Coef4:2.383000, scale1:0.935522, scale4:0.923264
12-19 16:52:54.083  2027  3285 E libsensor-displayalgo: RGB_test_0407_400_oldzy!
12-19 16:52:54.084  2027  3285 I libsensor-displayalgo: the value of  RESULT2758.396667,1126.633303,1328.816246,475.090142
12-19 16:52:54.084  2027  3285 I libsensor-displayalgo: the value of  getChannelDataCalibrated2889.845402,1043.598170,1542.911193,517.714401
12-19 16:52:54.084  2027  3285 I libsensor-displayalgo: the value of  REAL LUX235.919250
12-19 16:52:54.084  2027  3285 I libsensor-displayalgo: the value of  CAL REAL LUX235.919250
12-19 16:52:54.087  1953  2016 I mstatdaemon: Entering time loop
12-19 16:52:54.087  1953  2016 I mstatdaemon: t = 1671439974
12-19 16:52:54.087  1953  2016 I mstatdaemon: translated_t = 1355449974
12-19 16:52:54.087  1953  2016 I mstat_log: mstatcommitLog log_alloc() failed
12-19 16:52:54.168  1192 17505 D vendor.qti.bluetooth@1.0-wake_lock: Release wakelock is released
12-19 16:52:54.383  2027  3285 D libsensor-displayalgo: the value of  brightness:429.000000,R:72034630.868979,G:64414879.064824,B:51104707.892792,EVENT_C:6758.500000,EVENT_R:2580.500000,EVENT_G:3427.500000,EVENT_B:1308.500000
12-19 16:52:54.384  2027  3285 I libsensor-displayalgo: the value of  Coef1:1107.681000,Coef4:2.383000, scale1:0.935522, scale4:0.923264
12-19 16:52:54.384  2027  3285 E libsensor-displayalgo: RGB_test_0407_400_oldzy!
12-19 16:52:54.384 32290 32290 I HandWritingStubImpl: isKeyboardTypeChanged: false
12-19 16:52:54.384  2027  3285 I libsensor-displayalgo: the value of  RESULT2758.396667,1126.633303,1328.816246,475.090142
12-19 16:52:54.384  2027  3285 I libsensor-displayalgo: the value of  getChannelDataCalibrated2889.845402,1043.598170,1542.911193,517.714401
12-19 16:52:54.384  2027  3285 I libsensor-displayalgo: the value of  REAL LUX236.594177
12-19 16:52:54.384  2027  3285 I libsensor-displayalgo: the value of  CAL REAL LUX236.594177
12-19 16:52:54.683  2027  3285 D libsensor-displayalgo: the value of  brightness:429.000000,R:72034630.868979,G:64414879.064824,B:51104707.892792,EVENT_C:6794.500000,EVENT_R:2593.500000,EVENT_G:3443.500000,EVENT_B:1312.000000
12-19 16:52:54.683  2027  3285 I libsensor-displayalgo: the value of  Coef1:1107.681000,Coef4:2.383000, scale1:0.935522, scale4:0.923264
12-19 16:52:54.683  2027  3285 E libsensor-displayalgo: RGB_test_0407_400_oldzy!
12-19 16:52:54.684  2027  3285 I libsensor-displayalgo: the value of  RESULT2758.396667,1126.633303,1328.816246,475.090142
12-19 16:52:54.684  2027  3285 I libsensor-displayalgo: the value of  getChannelDataCalibrated2889.845402,1043.598170,1542.911193,517.714401
12-19 16:52:54.684  2027  3285 I libsensor-displayalgo: the value of  REAL LUX239.088425
12-19 16:52:54.684  2027  3285 I libsensor-displayalgo: the value of  CAL REAL LUX239.088425
12-19 16:52:54.894 32290 32290 I HandWritingStubImpl: isKeyboardTypeChanged: false
12-19 16:52:55.083  2027  3285 D libsensor-displayalgo: the value of  brightness:429.000000,R:72034630.868979,G:64414879.064824,B:51104707.892792,EVENT_C:6706.000000,EVENT_R:2568.000000,EVENT_G:3396.500000,EVENT_B:1293.000000
12-19 16:52:55.083  2027  3285 I libsensor-displayalgo: the value of  Coef1:1107.681000,Coef4:2.383000, scale1:0.935522, scale4:0.923264
12-19 16:52:55.083  2027  3285 E libsensor-displayalgo: RGB_test_0407_400_oldzy!
12-19 16:52:55.084  2027  3285 I libsensor-displayalgo: the value of  RESULT2758.396667,1126.633303,1328.816246,475.090142
12-19 16:52:55.084  2027  3285 I libsensor-displayalgo: the value of  getChannelDataCalibrated2889.845402,1043.598170,1542.911193,517.714401
12-19 16:52:55.084  2027  3285 I libsensor-displayalgo: the value of  REAL LUX233.208923
12-19 16:52:55.084  2027  3285 I libsensor-displayalgo: the value of  CAL REAL LUX233.208923
12-19 16:52:55.383  2027  3285 D libsensor-displayalgo: the value of  brightness:429.000000,R:72034630.868979,G:64414879.064824,B:51104707.892792,EVENT_C:6731.500000,EVENT_R:2577.000000,EVENT_G:3411.500000,EVENT_B:1299.500000
12-19 16:52:55.383  2027  3285 I libsensor-displayalgo: the value of  Coef1:1107.681000,Coef4:2.383000, scale1:0.935522, scale4:0.923264
12-19 16:52:55.383  2027  3285 E libsensor-displayalgo: RGB_test_0407_400_oldzy!
12-19 16:52:55.384  2027  3285 I libsensor-displayalgo: the value of  RESULT2758.396667,1126.633303,1328.816246,475.090142
12-19 16:52:55.384  2027  3285 I libsensor-displayalgo: the value of  getChannelDataCalibrated2889.845402,1043.598170,1542.911193,517.714401
12-19 16:52:55.384  2027  3285 I libsensor-displayalgo: the value of  REAL LUX234.823730
12-19 16:52:55.384  2027  3285 I libsensor-displayalgo: the value of  CAL REAL LUX234.823730
12-19 16:52:55.421 32290 32290 I HandWritingStubImpl: isKeyboardTypeChanged: false
12-19 16:52:55.683  2027  3285 D libsensor-displayalgo: the value of  brightness:429.000000,R:72034630.868979,G:64414879.064824,B:51104707.892792,EVENT_C:6789.500000,EVENT_R:2591.500000,EVENT_G:3443.500000,EVENT_B:1313.500000
12-19 16:52:55.683  2027  3285 I libsensor-displayalgo: the value of  Coef1:1107.681000,Coef4:2.383000, scale1:0.935522, scale4:0.923264
12-19 16:52:55.683  2027  3285 E libsensor-displayalgo: RGB_test_0407_400_oldzy!
12-19 16:52:55.684  2027  3285 I libsensor-displayalgo: the value of  RESULT2758.396667,1126.633303,1328.816246,475.090142
12-19 16:52:55.684  2027  3285 I libsensor-displayalgo: the value of  getChannelDataCalibrated2889.845402,1043.598170,1542.911193,517.714401
12-19 16:52:55.684  2027  3285 I libsensor-displayalgo: the value of  REAL LUX238.689087
12-19 16:52:55.684  2027  3285 I libsensor-displayalgo: the value of  CAL REAL LUX238.689087
12-19 16:52:55.750  9179  9314 D MemoryCeilingMonitor: [handleMemoryCalculate]
12-19 16:52:55.751  9179  9314 D MemoryCeilingMonitor: [calculate] tot: 5816552, max: 268435456, free: 301344, heap: 5515208, per: 0.020545750856399536
12-19 16:52:55.950 32290 32290 I HandWritingStubImpl: isKeyboardTypeChanged: false
12-19 16:52:55.983  2027  3285 D libsensor-displayalgo: the value of  brightness:429.000000,R:72034630.868979,G:64414879.064824,B:51104707.892792,EVENT_C:6749.500000,EVENT_R:2579.000000,EVENT_G:3420.000000,EVENT_B:1305.500000
12-19 16:52:55.983  2027  3285 I libsensor-displayalgo: the value of  Coef1:1107.681000,Coef4:2.383000, scale1:0.935522, scale4:0.923264
12-19 16:52:55.983  2027  3285 E libsensor-displayalgo: RGB_test_0407_400_oldzy!
12-19 16:52:55.984  2027  3285 I libsensor-displayalgo: the value of  RESULT2758.396667,1126.633303,1328.816246,475.090142
12-19 16:52:55.984  2027  3285 I libsensor-displayalgo: the value of  getChannelDataCalibrated2889.845402,1043.598170,1542.911193,517.714401
12-19 16:52:55.984  2027  3285 I libsensor-displayalgo: the value of  REAL LUX235.918015
12-19 16:52:55.984  2027  3285 I libsensor-displayalgo: the value of  CAL REAL LUX235.918015
12-19 16:52:56.283  2027  3285 D libsensor-displayalgo: the value of  brightness:429.000000,R:72034630.868979,G:64414879.064824,B:51104707.892792,EVENT_C:6720.000000,EVENT_R:2576.500000,EVENT_G:3402.500000,EVENT_B:1296.000000
12-19 16:52:56.283  2027  3285 I libsensor-displayalgo: the value of  Coef1:1107.681000,Coef4:2.383000, scale1:0.935522, scale4:0.923264
12-19 16:52:56.283  2027  3285 E libsensor-displayalgo: RGB_test_0407_400_oldzy!
12-19 16:52:56.284  2027  3285 I libsensor-displayalgo: the value of  RESULT2758.396667,1126.633303,1328.816246,475.090142
12-19 16:52:56.284  2027  3285 I libsensor-displayalgo: the value of  getChannelDataCalibrated2889.845402,1043.598170,1542.911193,517.714401
12-19 16:52:56.284  2027  3285 I libsensor-displayalgo: the value of  REAL LUX233.905762
12-19 16:52:56.284  2027  3285 I libsensor-displayalgo: the value of  CAL REAL LUX233.905762
12-19 16:52:56.380  1192  1192 D vendor.qti.bluetooth@1.0-ibs_handler: SerialClockVote: vote for UART CLK ON
12-19 16:52:56.381  1192  1192 D vendor.qti.bluetooth@1.0-wake_lock: Acquire wakelock is acquired
12-19 16:52:56.381  1192  1192 I vendor.qti.bluetooth@1.0-ibs_handler: DeviceWakeUp: Writing IBS_WAKE_IND
12-19 16:52:56.387  1192 17646 I vendor.qti.bluetooth@1.0-ibs_handler: ProcessIbsCmd: Received IBS_WAKE_ACK: 0xFC
12-19 16:52:56.387  1192 17646 I vendor.qti.bluetooth@1.0-ibs_handler: ProcessIbsCmd: Signal wack_cond_
12-19 16:52:56.387  1192  1192 D vendor.qti.bluetooth@1.0-ibs_handler: DeviceWakeUp: Unblocked from waiting for FC, pthread_cond_timedwait ret = 0
12-19 16:52:56.388  1192 17646 I vendor.qti.bluetooth@1.0-ibs_handler: ProcessIbsCmd: Received IBS_WAKE_IND: 0xFD
12-19 16:52:56.388  1192 17646 I vendor.qti.bluetooth@1.0-ibs_handler: ProcessIbsCmd: Writing IBS_WAKE_ACK
12-19 16:52:56.390 17286 17649 V bt_stack: [VERBOSE1:ble_advertiser_hci_interface.cc(690)] Enable
12-19 16:52:56.391 17286 17649 V bt_stack: [VERBOSE1:ble_advertiser_hci_interface.cc(674)] SetRandomAddress
12-19 16:52:56.391 17286 17649 V bt_stack: [VERBOSE1:ble_advertiser_hci_interface.cc(690)] Enable
12-19 16:52:56.443  1192 17646 I vendor.qti.bluetooth@1.0-ibs_handler: ProcessIbsCmd: Received IBS_SLEEP_IND: 0xFE
12-19 16:52:56.461 32290 32290 I HandWritingStubImpl: isKeyboardTypeChanged: false
12-19 16:52:56.683  2027  3285 D libsensor-displayalgo: the value of  brightness:429.000000,R:72034630.868979,G:64414879.064824,B:51104707.892792,EVENT_C:6762.500000,EVENT_R:2586.000000,EVENT_G:3423.500000,EVENT_B:1303.500000
12-19 16:52:56.683  2027  3285 I libsensor-displayalgo: the value of  Coef1:1107.681000,Coef4:2.383000, scale1:0.935522, scale4:0.923264
12-19 16:52:56.683  2027  3285 E libsensor-displayalgo: RGB_test_0407_400_oldzy!
12-19 16:52:56.684  2027  3285 I libsensor-displayalgo: the value of  RESULT2758.396667,1126.633303,1328.816246,475.090142
12-19 16:52:56.684  2027  3285 I libsensor-displayalgo: the value of  getChannelDataCalibrated2889.845402,1043.598170,1542.911193,517.714401
12-19 16:52:56.684  2027  3285 I libsensor-displayalgo: the value of  REAL LUX236.893295
12-19 16:52:56.684  2027  3285 I libsensor-displayalgo: the value of  CAL REAL LUX236.893295
12-19 16:52:56.970 32290 32290 I HandWritingStubImpl: isKeyboardTypeChanged: false
12-19 16:52:56.983  2027  3285 D libsensor-displayalgo: the value of  brightness:429.000000,R:72034630.868979,G:64414879.064824,B:51104707.892792,EVENT_C:6747.500000,EVENT_R:2582.000000,EVENT_G:3419.000000,EVENT_B:1304.000000
12-19 16:52:56.983  2027  3285 I libsensor-displayalgo: the value of  Coef1:1107.681000,Coef4:2.383000, scale1:0.935522, scale4:0.923264
12-19 16:52:56.983  2027  3285 E libsensor-displayalgo: RGB_test_0407_400_oldzy!
12-19 16:52:56.984  2027  3285 I libsensor-displayalgo: the value of  RESULT2758.396667,1126.633303,1328.816246,475.090142
12-19 16:52:56.984  2027  3285 I libsensor-displayalgo: the value of  getChannelDataCalibrated2889.845402,1043.598170,1542.911193,517.714401
12-19 16:52:56.984  2027  3285 I libsensor-displayalgo: the value of  REAL LUX235.740112
12-19 16:52:56.984  2027  3285 I libsensor-displayalgo: the value of  CAL REAL LUX235.740112
12-19 16:52:57.283  2027  3285 D libsensor-displayalgo: the value of  brightness:429.000000,R:72034630.868979,G:64414879.064824,B:51104707.892792,EVENT_C:6746.000000,EVENT_R:2577.500000,EVENT_G:3415.000000,EVENT_B:1302.000000
12-19 16:52:57.283  2027  3285 I libsensor-displayalgo: the value of  Coef1:1107.681000,Coef4:2.383000, scale1:0.935522, scale4:0.923264
12-19 16:52:57.283  2027  3285 E libsensor-displayalgo: RGB_test_0407_400_oldzy!
12-19 16:52:57.284  2027  3285 I libsensor-displayalgo: the value of  RESULT2758.396667,1126.633303,1328.816246,475.090142
12-19 16:52:57.284  2027  3285 I libsensor-displayalgo: the value of  getChannelDataCalibrated2889.845402,1043.598170,1542.911193,517.714401
12-19 16:52:57.284  2027  3285 I libsensor-displayalgo: the value of  REAL LUX235.784363
12-19 16:52:57.284  2027  3285 I libsensor-displayalgo: the value of  CAL REAL LUX235.784363
12-19 16:52:57.401  1192 17652 I vendor.qti.bluetooth@1.0-ibs_handler: DeviceSleep: TX Awake, Sending SLEEP_IND
12-19 16:52:57.402  1192 17652 D vendor.qti.bluetooth@1.0-ibs_handler: SerialClockVote: vote for UART CLK OFF
12-19 16:52:57.480 32290 32290 I HandWritingStubImpl: isKeyboardTypeChanged: false
12-19 16:52:57.552  1192 17505 D vendor.qti.bluetooth@1.0-wake_lock: Release wakelock is released
12-19 16:52:57.583  2027  3285 D libsensor-displayalgo: the value of  brightness:429.000000,R:72034630.868979,G:64414879.064824,B:51104707.892792,EVENT_C:6707.500000,EVENT_R:2570.500000,EVENT_G:3396.000000,EVENT_B:1291.500000
12-19 16:52:57.583  2027  3285 I libsensor-displayalgo: the value of  Coef1:1107.681000,Coef4:2.383000, scale1:0.935522, scale4:0.923264
12-19 16:52:57.583  2027  3285 E libsensor-displayalgo: RGB_test_0407_400_oldzy!
12-19 16:52:57.584  2027  3285 I libsensor-displayalgo: the value of  RESULT2758.396667,1126.633303,1328.816246,475.090142
12-19 16:52:57.584  2027  3285 I libsensor-displayalgo: the value of  getChannelDataCalibrated2889.845402,1043.598170,1542.911193,517.714401
12-19 16:52:57.584  2027  3285 I libsensor-displayalgo: the value of  REAL LUX233.319611
12-19 16:52:57.584  2027  3285 I libsensor-displayalgo: the value of  CAL REAL LUX233.319611
12-19 16:52:57.883  2027  3285 D libsensor-displayalgo: the value of  brightness:429.000000,R:72034630.868979,G:64414879.064824,B:51104707.892792,EVENT_C:6737.500000,EVENT_R:2581.500000,EVENT_G:3413.000000,EVENT_B:1299.000000
12-19 16:52:57.883  2027  3285 I libsensor-displayalgo: the value of  Coef1:1107.681000,Coef4:2.383000, scale1:0.935522, scale4:0.923264
12-19 16:52:57.883  2027  3285 E libsensor-displayalgo: RGB_test_0407_400_oldzy!
12-19 16:52:57.884  2027  3285 I libsensor-displayalgo: the value of  RESULT2758.396667,1126.633303,1328.816246,475.090142
12-19 16:52:57.884  2027  3285 I libsensor-displayalgo: the value of  getChannelDataCalibrated2889.845402,1043.598170,1542.911193,517.714401
12-19 16:52:57.884  2027  3285 I libsensor-displayalgo: the value of  REAL LUX235.186371
12-19 16:52:57.884  2027  3285 I libsensor-displayalgo: the value of  CAL REAL LUX235.186371
12-19 16:52:57.993 32290 32290 I HandWritingStubImpl: isKeyboardTypeChanged: false
12-19 16:52:58.284  2027  3285 D libsensor-displayalgo: the value of  brightness:429.000000,R:72034630.868979,G:64414879.064824,B:51104707.892792,EVENT_C:6722.500000,EVENT_R:2574.000000,EVENT_G:3404.500000,EVENT_B:1298.500000
12-19 16:52:58.284  2027  3285 I libsensor-displayalgo: the value of  Coef1:1107.681000,Coef4:2.383000, scale1:0.935522, scale4:0.923264
12-19 16:52:58.284  2027  3285 E libsensor-displayalgo: RGB_test_0407_400_oldzy!
12-19 16:52:58.284  2027  3285 I libsensor-displayalgo: the value of  RESULT2758.396667,1126.633303,1328.816246,475.090142
12-19 16:52:58.284  2027  3285 I libsensor-displayalgo: the value of  getChannelDataCalibrated2889.845402,1043.598170,1542.911193,517.714401
12-19 16:52:58.284  2027  3285 I libsensor-displayalgo: the value of  REAL LUX234.064392
12-19 16:52:58.284  2027  3285 I libsensor-displayalgo: the value of  CAL REAL LUX234.064392
12-19 16:52:58.503 32290 32290 I HandWritingStubImpl: isKeyboardTypeChanged: false
12-19 16:52:58.583  2027  3285 D libsensor-displayalgo: the value of  brightness:429.000000,R:72034630.868979,G:64414879.064824,B:51104707.892792,EVENT_C:6735.000000,EVENT_R:2580.000000,EVENT_G:3414.000000,EVENT_B:1299.500000
12-19 16:52:58.584  2027  3285 I libsensor-displayalgo: the value of  Coef1:1107.681000,Coef4:2.383000, scale1:0.935522, scale4:0.923264
12-19 16:52:58.584  2027  3285 E libsensor-displayalgo: RGB_test_0407_400_oldzy!
12-19 16:52:58.584  2027  3285 I libsensor-displayalgo: the value of  RESULT2758.396667,1126.633303,1328.816246,475.090142
12-19 16:52:58.584  2027  3285 I libsensor-displayalgo: the value of  getChannelDataCalibrated2889.845402,1043.598170,1542.911193,517.714401
12-19 16:52:58.584  2027  3285 I libsensor-displayalgo: the value of  REAL LUX235.071381
12-19 16:52:58.584  2027  3285 I libsensor-displayalgo: the value of  CAL REAL LUX235.071381
12-19 16:52:58.884  2027  3285 D libsensor-displayalgo: the value of  brightness:429.000000,R:72034630.868979,G:64414879.064824,B:51104707.892792,EVENT_C:6683.500000,EVENT_R:2564.500000,EVENT_G:3386.000000,EVENT_B:1285.500000
12-19 16:52:58.884  2027  3285 I libsensor-displayalgo: the value of  Coef1:1107.681000,Coef4:2.383000, scale1:0.935522, scale4:0.923264
12-19 16:52:58.884  2027  3285 E libsensor-displayalgo: RGB_test_0407_400_oldzy!
12-19 16:52:58.885  2027  3285 I libsensor-displayalgo: the value of  RESULT2758.396667,1126.633303,1328.816246,475.090142
12-19 16:52:58.885  2027  3285 I libsensor-displayalgo: the value of  getChannelDataCalibrated2889.845402,1043.598170,1542.911193,517.714401
12-19 16:52:58.885  2027  3285 I libsensor-displayalgo: the value of  REAL LUX231.884430
12-19 16:52:58.886  2027  3285 I libsensor-displayalgo: the value of  CAL REAL LUX231.884430
12-19 16:52:59.013 32290 32290 I HandWritingStubImpl: isKeyboardTypeChanged: false
12-19 16:52:59.182  2027  3285 D libsensor-displayalgo: the value of  brightness:429.000000,R:72034630.868979,G:64414879.064824,B:51104707.892792,EVENT_C:6715.000000,EVENT_R:2575.000000,EVENT_G:3403.000000,EVENT_B:1295.000000
12-19 16:52:59.182  2027  3285 I libsensor-displayalgo: the value of  Coef1:1107.681000,Coef4:2.383000, scale1:0.935522, scale4:0.923264
12-19 16:52:59.183  2027  3285 E libsensor-displayalgo: RGB_test_0407_400_oldzy!
12-19 16:52:59.183  2027  3285 I libsensor-displayalgo: the value of  RESULT2758.396667,1126.633303,1328.816246,475.090142
12-19 16:52:59.183  2027  3285 I libsensor-displayalgo: the value of  getChannelDataCalibrated2889.845402,1043.598170,1542.911193,517.714401
12-19 16:52:59.183  2027  3285 I libsensor-displayalgo: the value of  REAL LUX233.713455
12-19 16:52:59.183  2027  3285 I libsensor-displayalgo: the value of  CAL REAL LUX233.713455
12-19 16:52:59.483  2027  3285 D libsensor-displayalgo: the value of  brightness:429.000000,R:72034630.868979,G:64414879.064824,B:51104707.892792,EVENT_C:6752.500000,EVENT_R:2584.500000,EVENT_G:3421.000000,EVENT_B:1303.000000
12-19 16:52:59.483  2027  3285 I libsensor-displayalgo: the value of  Coef1:1107.681000,Coef4:2.383000, scale1:0.935522, scale4:0.923264
12-19 16:52:59.483  2027  3285 E libsensor-displayalgo: RGB_test_0407_400_oldzy!
12-19 16:52:59.484  2027  3285 I libsensor-displayalgo: the value of  RESULT2758.396667,1126.633303,1328.816246,475.090142
12-19 16:52:59.484  2027  3285 I libsensor-displayalgo: the value of  getChannelDataCalibrated2889.845402,1043.598170,1542.911193,517.714401
12-19 16:52:59.484  2027  3285 I libsensor-displayalgo: the value of  REAL LUX236.170944
12-19 16:52:59.484  2027  3285 I libsensor-displayalgo: the value of  CAL REAL LUX236.170944
12-19 16:52:59.558 32290 32290 I HandWritingStubImpl: isKeyboardTypeChanged: false
12-19 16:52:59.884  2027  3285 D libsensor-displayalgo: the value of  brightness:429.000000,R:72034630.868979,G:64414879.064824,B:51104707.892792,EVENT_C:6703.000000,EVENT_R:2568.500000,EVENT_G:3393.000000,EVENT_B:1291.500000
12-19 16:52:59.884  2027  3285 I libsensor-displayalgo: the value of  Coef1:1107.681000,Coef4:2.383000, scale1:0.935522, scale4:0.923264
12-19 16:52:59.885  2027  3285 E libsensor-displayalgo: RGB_test_0407_400_oldzy!
12-19 16:52:59.885  2027  3285 I libsensor-displayalgo: the value of  RESULT2758.396667,1126.633303,1328.816246,475.090142
12-19 16:52:59.885  2027  3285 I libsensor-displayalgo: the value of  getChannelDataCalibrated2889.845402,1043.598170,1542.911193,517.714401
12-19 16:52:59.885  2027  3285 I libsensor-displayalgo: the value of  REAL LUX232.940964
12-19 16:52:59.885  2027  3285 I libsensor-displayalgo: the value of  CAL REAL LUX232.940964
12-19 16:53:00.004  4496  4496 D KeyguardUpdateMonitor: received broadcast android.intent.action.TIME_TICK
12-19 16:53:00.014  4496  4496 D KeyguardUpdateMonitor: handleTimeUpdate
12-19 16:53:00.056  1792  1792 I CNSS    : cnss_open_log_file: directory /data/vendor/wlan_logs/ created
12-19 16:53:00.069  1251  2448 I vendor.qti.hardware.display.composer-service: FrameNotifyProcess Sensor: notify citsensorservice to trigger cwb
12-19 16:53:00.070  2027  2027 I libcitsensorservice@2.0-impl: msg_transfer
12-19 16:53:00.070  2027  3266 D vendor.xiaomi.sensor.citsensorservice@2.0-service: handle id:10 wxh:1280x2400 uwxuh:1080x2400 size: 9216000 fd:15 fd_meta:16 flags:0x4000228 usage:0x33  format:0x3 layer_count: 1
12-19 16:53:00.070  1251  2216 I SDM     : HWCSession::SetCWBOutputBuffer: CWB config passed by cwb_client : tappoint 1  CWB_ROI : (829.000000 4.000000 915.000000 90.000000)
12-19 16:53:00.071  1251 27023 I SDM     : HWCSession::ProcessRequests: Successfully configured CWB buffer.
12-19 16:53:00.084  1251 27023 I SDM     : HWCSession::ProcessRequests: Pushing release fence in fenece wait queue.
12-19 16:53:00.084  1251 27023 I SDM     : HWCSession::ProcessRequests: Creating AsyncFenceWaits async thread.
12-19 16:53:00.084  1251 27023 I SDM     : HWCSession::ProcessRequests: Remove current CWB request from the pending request queue.
12-19 16:53:00.084  1251 27023 I SDM     : HWCSession::ProcessRequests: No pending cwb requests found in the queue.
12-19 16:53:00.099 32290 32290 I HandWritingStubImpl: isKeyboardTypeChanged: false
12-19 16:53:00.100  1251  1467 I SDM     : HWDeviceDRM::SetupConcurrentWriteback: Tear down the Concurrent Writeback topology
12-19 16:53:00.109  1251 27024 I SDM     : HWCSession::NotifyCWBStatus: Notify the client about buffer status 0.
12-19 16:53:00.110  1251 27024 I SDM     : HWCSession::PerformFenceWaits: Remove current release fence from the pending fence wait queue.
12-19 16:53:00.110  1251 27024 I SDM     : HWCSession::PerformFenceWaits: CWB fence queue is empty. No pending release fence to wait on.
12-19 16:53:00.184  2027  3285 D libsensor-displayalgo: the value of  brightness:429.000000,R:72034630.868979,G:64414879.064824,B:51104707.892792,EVENT_C:6689.000000,EVENT_R:2568.000000,EVENT_G:3386.000000,EVENT_B:1286.500000
12-19 16:53:00.184  2027  3285 I libsensor-displayalgo: the value of  Coef1:1107.681000,Coef4:2.383000, scale1:0.935522, scale4:0.923264
12-19 16:53:00.184  2027  3285 E libsensor-displayalgo: RGB_test_0407_400_oldzy!
12-19 16:53:00.184  2027  3285 I libsensor-displayalgo: the value of  RESULT2758.396667,1126.633303,1328.816246,475.090142
12-19 16:53:00.184  2027  3285 I libsensor-displayalgo: the value of  getChannelDataCalibrated2889.845402,1043.598170,1542.911193,517.714401
12-19 16:53:00.184  2027  3285 I libsensor-displayalgo: the value of  REAL LUX232.059418
12-19 16:53:00.184  2027  3285 I libsensor-displayalgo: the value of  CAL REAL LUX232.059418
12-19 16:53:00.483  2027  3285 D libsensor-displayalgo: the value of  brightness:429.000000,R:72034630.868979,G:64414879.064824,B:51104707.892792,EVENT_C:6689.000000,EVENT_R:2568.000000,EVENT_G:3386.000000,EVENT_B:1286.500000
12-19 16:53:00.483  2027  3285 I libsensor-displayalgo: the value of  Coef1:1107.681000,Coef4:2.383000, scale1:0.935522, scale4:0.923264
12-19 16:53:00.483  2027  3285 E libsensor-displayalgo: RGB_test_0407_400_oldzy!
12-19 16:53:00.484  2027  3285 I libsensor-displayalgo: the value of  RESULT2758.396667,1126.633303,1328.816246,475.090142
12-19 16:53:00.484  2027  3285 I libsensor-displayalgo: the value of  getChannelDataCalibrated2889.845402,1043.598170,1542.911193,517.714401
12-19 16:53:00.484  2027  3285 I libsensor-displayalgo: the value of  REAL LUX232.059418
12-19 16:53:00.484  2027  3285 I libsensor-displayalgo: the value of  CAL REAL LUX232.059418
12-19 16:53:00.627 32290 32290 I HandWritingStubImpl: isKeyboardTypeChanged: false
12-19 16:53:00.784  2027  3285 D libsensor-displayalgo: the value of  brightness:429.000000,R:72034630.868979,G:64414879.064824,B:51104707.892792,EVENT_C:6689.000000,EVENT_R:2568.000000,EVENT_G:3386.000000,EVENT_B:1286.500000
12-19 16:53:00.784  2027  3285 I libsensor-displayalgo: the value of  Coef1:1107.681000,Coef4:2.383000, scale1:0.935522, scale4:0.923264
12-19 16:53:00.784  2027  3285 E libsensor-displayalgo: RGB_test_0407_400_oldzy!
12-19 16:53:00.784  2027  3285 I libsensor-displayalgo: the value of  RESULT2758.396667,1126.633303,1328.816246,475.090142
12-19 16:53:00.784  2027  3285 I libsensor-displayalgo: the value of  getChannelDataCalibrated2889.845402,1043.598170,1542.911193,517.714401
12-19 16:53:00.784  2027  3285 I libsensor-displayalgo: the value of  REAL LUX232.059418
12-19 16:53:00.784  2027  3285 I libsensor-displayalgo: the value of  CAL REAL LUX232.059418
12-19 16:53:01.084  2027  3285 D libsensor-displayalgo: the value of  brightness:429.000000,R:72034630.868979,G:64414879.064824,B:51104707.892792,EVENT_C:6689.000000,EVENT_R:2568.000000,EVENT_G:3386.000000,EVENT_B:1286.500000
12-19 16:53:01.084  2027  3285 I libsensor-displayalgo: the value of  Coef1:1107.681000,Coef4:2.383000, scale1:0.935522, scale4:0.923264
12-19 16:53:01.084  2027  3285 E libsensor-displayalgo: RGB_test_0407_400_oldzy!
12-19 16:53:01.085  2027  3285 I libsensor-displayalgo: the value of  RESULT2758.396667,1126.633303,1328.816246,475.090142
12-19 16:53:01.085  2027  3285 I libsensor-displayalgo: the value of  getChannelDataCalibrated2889.845402,1043.598170,1542.911193,517.714401
12-19 16:53:01.085  2027  3285 I libsensor-displayalgo: the value of  REAL LUX232.059418
12-19 16:53:01.085  2027  3285 I libsensor-displayalgo: the value of  CAL REAL LUX232.059418
12-19 16:53:01.137 32290 32290 I HandWritingStubImpl: isKeyboardTypeChanged: false
12-19 16:53:01.483  2027  3285 D libsensor-displayalgo: the value of  brightness:429.000000,R:72034630.868979,G:64414879.064824,B:51104707.892792,EVENT_C:6670.000000,EVENT_R:2562.000000,EVENT_G:3377.000000,EVENT_B:1283.000000
12-19 16:53:01.483  2027  3285 I libsensor-displayalgo: the value of  Coef1:1107.681000,Coef4:2.383000, scale1:0.935522, scale4:0.923264
12-19 16:53:01.483  2027  3285 E libsensor-displayalgo: RGB_test_0407_400_oldzy!
12-19 16:53:01.484  2027  3285 I libsensor-displayalgo: the value of  RESULT2758.396667,1126.633303,1328.816246,475.090142
12-19 16:53:01.484  2027  3285 I libsensor-displayalgo: the value of  getChannelDataCalibrated2889.845402,1043.598170,1542.911193,517.714401
12-19 16:53:01.484  2027  3285 I libsensor-displayalgo: the value of  REAL LUX230.819550
12-19 16:53:01.484  2027  3285 I libsensor-displayalgo: the value of  CAL REAL LUX230.819550
12-19 16:53:01.610  2475  2688 W ActivityManager: Unable to start service Intent { cmp=com.miui.powerkeeper/.perfshielder.PerfShielderStatisticsService } U=0: not found
12-19 16:53:01.647 32290 32290 I HandWritingStubImpl: isKeyboardTypeChanged: false
12-19 16:53:01.783  2027  3285 D libsensor-displayalgo: the value of  brightness:429.000000,R:72034630.868979,G:64414879.064824,B:51104707.892792,EVENT_C:6751.000000,EVENT_R:2586.000000,EVENT_G:3422.000000,EVENT_B:1301.500000
12-19 16:53:01.783  2027  3285 I libsensor-displayalgo: the value of  Coef1:1107.681000,Coef4:2.383000, scale1:0.935522, scale4:0.923264
12-19 16:53:01.783  2027  3285 E libsensor-displayalgo: RGB_test_0407_400_oldzy!
12-19 16:53:01.784  2027  3285 I libsensor-displayalgo: the value of  RESULT2758.396667,1126.633303,1328.816246,475.090142
12-19 16:53:01.784  2027  3285 I libsensor-displayalgo: the value of  getChannelDataCalibrated2889.845402,1043.598170,1542.911193,517.714401
12-19 16:53:01.784  2027  3285 I libsensor-displayalgo: the value of  REAL LUX236.175903
12-19 16:53:01.784  2027  3285 I libsensor-displayalgo: the value of  CAL REAL LUX236.175903
12-19 16:53:02.032  4371  5534 D QCNEJ/NativeHalConnector: -> SND notifyDefaultNetworkChanged(1)
12-19 16:53:02.037  5773  8961 I SLM-SRV-SLAService: onCapabilitiesChanged WIFI master
12-19 16:53:02.047  9197  9235 D TAB.NetworkUtils: network onCapabilitiesChanged
12-19 16:53:02.061  1251  2448 I vendor.qti.hardware.display.composer-service: FrameNotifyProcess Sensor: notify citsensorservice to trigger cwb
12-19 16:53:02.061  2027  6676 I libcitsensorservice@2.0-impl: msg_transfer
12-19 16:53:02.061  2027  3266 D vendor.xiaomi.sensor.citsensorservice@2.0-service: handle id:10 wxh:1280x2400 uwxuh:1080x2400 size: 9216000 fd:15 fd_meta:16 flags:0x4000228 usage:0x33  format:0x3 layer_count: 1
12-19 16:53:02.061  1251  2216 I SDM     : HWCSession::SetCWBOutputBuffer: CWB config passed by cwb_client : tappoint 1  CWB_ROI : (829.000000 4.000000 915.000000 90.000000)
12-19 16:53:02.062  1251 27026 I SDM     : HWCSession::ProcessRequests: Successfully configured CWB buffer.
12-19 16:53:02.078  1251 27026 I SDM     : HWCSession::ProcessRequests: Pushing release fence in fenece wait queue.
12-19 16:53:02.078  1251 27026 I SDM     : HWCSession::ProcessRequests: Creating AsyncFenceWaits async thread.
12-19 16:53:02.079  1251 27026 I SDM     : HWCSession::ProcessRequests: Remove current CWB request from the pending request queue.
12-19 16:53:02.079  1251 27026 I SDM     : HWCSession::ProcessRequests: No pending cwb requests found in the queue.
12-19 16:53:02.083  2027  3285 D libsensor-displayalgo: the value of  brightness:429.000000,R:72034630.868979,G:64414879.064824,B:51104707.892792,EVENT_C:6729.000000,EVENT_R:2573.500000,EVENT_G:3409.000000,EVENT_B:1300.000000
12-19 16:53:02.083  2027  3285 I libsensor-displayalgo: the value of  Coef1:1107.681000,Coef4:2.383000, scale1:0.935522, scale4:0.923264
12-19 16:53:02.083  2027  3285 E libsensor-displayalgo: RGB_test_0407_400_oldzy!
12-19 16:53:02.083  2027  3285 I libsensor-displayalgo: the value of  RESULT2758.396667,1126.633303,1328.816246,475.090142
12-19 16:53:02.083  2027  3285 I libsensor-displayalgo: the value of  getChannelDataCalibrated2889.845402,1043.598170,1542.911193,517.714401
12-19 16:53:02.083  2027  3285 I libsensor-displayalgo: the value of  REAL LUX234.624878
12-19 16:53:02.083  2027  3285 I libsensor-displayalgo: the value of  CAL REAL LUX234.624878
12-19 16:53:02.092  1251  1467 I SDM     : HWDeviceDRM::SetupConcurrentWriteback: Tear down the Concurrent Writeback topology
12-19 16:53:02.102  1251 27027 I SDM     : HWCSession::NotifyCWBStatus: Notify the client about buffer status 0.
12-19 16:53:02.103  1251 27027 I SDM     : HWCSession::PerformFenceWaits: Remove current release fence from the pending fence wait queue.
12-19 16:53:02.103  1251 27027 I SDM     : HWCSession::PerformFenceWaits: CWB fence queue is empty. No pending release fence to wait on.
12-19 16:53:02.192 32290 32290 I HandWritingStubImpl: isKeyboardTypeChanged: false
12-19 16:53:02.384  2027  3285 D libsensor-displayalgo: the value of  brightness:429.000000,R:72034630.868979,G:64414879.064824,B:51104707.892792,EVENT_C:6773.000000,EVENT_R:2585.500000,EVENT_G:3433.000000,EVENT_B:1310.000000
12-19 16:53:02.384  2027  3285 I libsensor-displayalgo: the value of  Coef1:1107.681000,Coef4:2.383000, scale1:0.935522, scale4:0.923264
12-19 16:53:02.384  2027  3285 E libsensor-displayalgo: RGB_test_0407_400_oldzy!
12-19 16:53:02.384  2027  3285 I libsensor-displayalgo: the value of  RESULT2758.396667,1126.633303,1328.816246,475.090142
12-19 16:53:02.384  2027  3285 I libsensor-displayalgo: the value of  getChannelDataCalibrated2889.845402,1043.598170,1542.911193,517.714401
12-19 16:53:02.384  2027  3285 I libsensor-displayalgo: the value of  REAL LUX237.557404
12-19 16:53:02.384  2027  3285 I libsensor-displayalgo: the value of  CAL REAL LUX237.557404
12-19 16:53:02.684  2027  3285 D libsensor-displayalgo: the value of  brightness:429.000000,R:72034630.868979,G:64414879.064824,B:51104707.892792,EVENT_C:6773.000000,EVENT_R:2585.500000,EVENT_G:3433.000000,EVENT_B:1310.000000
12-19 16:53:02.684  2027  3285 I libsensor-displayalgo: the value of  Coef1:1107.681000,Coef4:2.383000, scale1:0.935522, scale4:0.923264
12-19 16:53:02.684  2027  3285 E libsensor-displayalgo: RGB_test_0407_400_oldzy!
12-19 16:53:02.685  2027  3285 I libsensor-displayalgo: the value of  RESULT2758.396667,1126.633303,1328.816246,475.090142
12-19 16:53:02.685  2027  3285 I libsensor-displayalgo: the value of  getChannelDataCalibrated2889.845402,1043.598170,1542.911193,517.714401
12-19 16:53:02.685  2027  3285 I libsensor-displayalgo: the value of  REAL LUX237.557404
12-19 16:53:02.685  2027  3285 I libsensor-displayalgo: the value of  CAL REAL LUX237.557404
12-19 16:53:02.718 32290 32290 I HandWritingStubImpl: isKeyboardTypeChanged: false
12-19 16:53:02.984  2027  3285 D libsensor-displayalgo: the value of  brightness:429.000000,R:72034630.868979,G:64414879.064824,B:51104707.892792,EVENT_C:6773.000000,EVENT_R:2585.500000,EVENT_G:3433.000000,EVENT_B:1310.000000
12-19 16:53:02.984  2027  3285 I libsensor-displayalgo: the value of  Coef1:1107.681000,Coef4:2.383000, scale1:0.935522, scale4:0.923264
12-19 16:53:02.984  2027  3285 E libsensor-displayalgo: RGB_test_0407_400_oldzy!
12-19 16:53:02.985  2027  3285 I libsensor-displayalgo: the value of  RESULT2758.396667,1126.633303,1328.816246,475.090142
12-19 16:53:02.985  2027  3285 I libsensor-displayalgo: the value of  getChannelDataCalibrated2889.845402,1043.598170,1542.911193,517.714401
12-19 16:53:02.985  2027  3285 I libsensor-displayalgo: the value of  REAL LUX237.557404
12-19 16:53:02.985  2027  3285 I libsensor-displayalgo: the value of  CAL REAL LUX237.557404
12-19 16:53:03.058   945 27018 I keystore2: keystore2::watchdog: Watchdog thread idle -> terminating. Have a great day.
12-19 16:53:03.229 32290 32290 I HandWritingStubImpl: isKeyboardTypeChanged: false
12-19 16:53:03.383  2027  3285 D libsensor-displayalgo: the value of  brightness:429.000000,R:72034630.868979,G:64414879.064824,B:51104707.892792,EVENT_C:6760.000000,EVENT_R:2583.500000,EVENT_G:3426.500000,EVENT_B:1305.500000
12-19 16:53:03.383  2027  3285 I libsensor-displayalgo: the value of  Coef1:1107.681000,Coef4:2.383000, scale1:0.935522, scale4:0.923264
12-19 16:53:03.383  2027  3285 E libsensor-displayalgo: RGB_test_0407_400_oldzy!
12-19 16:53:03.384  2027  3285 I libsensor-displayalgo: the value of  RESULT2758.396667,1126.633303,1328.816246,475.090142
12-19 16:53:03.384  2027  3285 I libsensor-displayalgo: the value of  getChannelDataCalibrated2889.845402,1043.598170,1542.911193,517.714401
12-19 16:53:03.384  2027  3285 I libsensor-displayalgo: the value of  REAL LUX236.785156
12-19 16:53:03.384  2027  3285 I libsensor-displayalgo: the value of  CAL REAL LUX236.785156
12-19 16:53:03.684  2027  3285 D libsensor-displayalgo: the value of  brightness:429.000000,R:72034630.868979,G:64414879.064824,B:51104707.892792,EVENT_C:6717.000000,EVENT_R:2573.000000,EVENT_G:3401.000000,EVENT_B:1293.500000
12-19 16:53:03.684  2027  3285 I libsensor-displayalgo: the value of  Coef1:1107.681000,Coef4:2.383000, scale1:0.935522, scale4:0.923264
12-19 16:53:03.684  2027  3285 E libsensor-displayalgo: RGB_test_0407_400_oldzy!
12-19 16:53:03.684  2027  3285 I libsensor-displayalgo: the value of  RESULT2758.396667,1126.633303,1328.816246,475.090142
12-19 16:53:03.684  2027  3285 I libsensor-displayalgo: the value of  getChannelDataCalibrated2889.845402,1043.598170,1542.911193,517.714401
12-19 16:53:03.684  2027  3285 I libsensor-displayalgo: the value of  REAL LUX233.960876
12-19 16:53:03.684  2027  3285 I libsensor-displayalgo: the value of  CAL REAL LUX233.960876
12-19 16:53:03.772 32290 32290 I HandWritingStubImpl: isKeyboardTypeChanged: false
12-19 16:53:03.922  5773  8966 D SLM-SRV-SLAService: checktemp temperature = 34443 temperature_average = 34554 isPerformanceMode = false thermal_enable_slm = true
12-19 16:53:03.984  2027  3285 D libsensor-displayalgo: the value of  brightness:429.000000,R:72034630.868979,G:64414879.064824,B:51104707.892792,EVENT_C:6702.500000,EVENT_R:2571.000000,EVENT_G:3392.000000,EVENT_B:1289.000000
12-19 16:53:03.984  2027  3285 I libsensor-displayalgo: the value of  Coef1:1107.681000,Coef4:2.383000, scale1:0.935522, scale4:0.923264
12-19 16:53:03.984  2027  3285 E libsensor-displayalgo: RGB_test_0407_400_oldzy!
12-19 16:53:03.984  2027  3285 I libsensor-displayalgo: the value of  RESULT2758.396667,1126.633303,1328.816246,475.090142
12-19 16:53:03.985  2027  3285 I libsensor-displayalgo: the value of  getChannelDataCalibrated2889.845402,1043.598170,1542.911193,517.714401
12-19 16:53:03.985  2027  3285 I libsensor-displayalgo: the value of  REAL LUX232.968979
12-19 16:53:03.985  2027  3285 I libsensor-displayalgo: the value of  CAL REAL LUX232.968979
12-19 16:53:04.087  1953  2016 I mstatdaemon: Entering time loop
12-19 16:53:04.088  1953  2016 I mstatdaemon: t = 1671439984
12-19 16:53:04.088  1953  2016 I mstatdaemon: translated_t = 1355449984
12-19 16:53:04.088  1953  2016 I mstat_log: mstatcommitLog log_alloc() failed
12-19 16:53:04.283 32290 32290 I HandWritingStubImpl: isKeyboardTypeChanged: false
12-19 16:53:04.284  2027  3285 D libsensor-displayalgo: the value of  brightness:429.000000,R:72034630.868979,G:64414879.064824,B:51104707.892792,EVENT_C:6735.000000,EVENT_R:2579.000000,EVENT_G:3410.500000,EVENT_B:1301.500000
12-19 16:53:04.284  2027  3285 I libsensor-displayalgo: the value of  Coef1:1107.681000,Coef4:2.383000, scale1:0.935522, scale4:0.923264
12-19 16:53:04.284  2027  3285 E libsensor-displayalgo: RGB_test_0407_400_oldzy!
12-19 16:53:04.284  2027  3285 I libsensor-displayalgo: the value of  RESULT2758.396667,1126.633303,1328.816246,475.090142
12-19 16:53:04.284  2027  3285 I libsensor-displayalgo: the value of  getChannelDataCalibrated2889.845402,1043.598170,1542.911193,517.714401
12-19 16:53:04.284  2027  3285 I libsensor-displayalgo: the value of  REAL LUX234.787338
12-19 16:53:04.284  2027  3285 I libsensor-displayalgo: the value of  CAL REAL LUX234.787338
12-19 16:53:04.582  2027  3285 D libsensor-displayalgo: the value of  brightness:429.000000,R:72034630.868979,G:64414879.064824,B:51104707.892792,EVENT_C:6783.000000,EVENT_R:2592.500000,EVENT_G:3437.000000,EVENT_B:1312.500000
12-19 16:53:04.582  2027  3285 I libsensor-displayalgo: the value of  Coef1:1107.681000,Coef4:2.383000, scale1:0.935522, scale4:0.923264
12-19 16:53:04.582  2027  3285 E libsensor-displayalgo: RGB_test_0407_400_oldzy!
12-19 16:53:04.583  2027  3285 I libsensor-displayalgo: the value of  RESULT2758.396667,1126.633303,1328.816246,475.090142
12-19 16:53:04.583  2027  3285 I libsensor-displayalgo: the value of  getChannelDataCalibrated2889.845402,1043.598170,1542.911193,517.714401
12-19 16:53:04.583  2027  3285 I libsensor-displayalgo: the value of  REAL LUX237.978119
12-19 16:53:04.583  2027  3285 I libsensor-displayalgo: the value of  CAL REAL LUX237.978119
12-19 16:53:04.810 32290 32290 I HandWritingStubImpl: isKeyboardTypeChanged: false
12-19 16:53:04.983  2027  3285 D libsensor-displayalgo: the value of  brightness:429.000000,R:72034630.868979,G:64414879.064824,B:51104707.892792,EVENT_C:6707.000000,EVENT_R:2569.500000,EVENT_G:3397.500000,EVENT_B:1292.500000
12-19 16:53:04.983  2027  3285 I libsensor-displayalgo: the value of  Coef1:1107.681000,Coef4:2.383000, scale1:0.935522, scale4:0.923264
12-19 16:53:04.983  2027  3285 E libsensor-displayalgo: RGB_test_0407_400_oldzy!
12-19 16:53:04.983  2027  3285 I libsensor-displayalgo: the value of  RESULT2758.396667,1126.633303,1328.816246,475.090142
12-19 16:53:04.984  2027  3285 I libsensor-displayalgo: the value of  getChannelDataCalibrated2889.845402,1043.598170,1542.911193,517.714401
12-19 16:53:04.984  2027  3285 I libsensor-displayalgo: the value of  REAL LUX233.309036
12-19 16:53:04.984  2027  3285 I libsensor-displayalgo: the value of  CAL REAL LUX233.309036
12-19 16:53:05.009 25779 25790 I cn.missevan: This is sticky GC, maxfree is 8388608 minfree is 2097152
12-19 16:53:05.282  2027  3285 D libsensor-displayalgo: the value of  brightness:429.000000,R:72034630.868979,G:64414879.064824,B:51104707.892792,EVENT_C:6692.000000,EVENT_R:2567.000000,EVENT_G:3388.500000,EVENT_B:1287.500000
12-19 16:53:05.282  2027  3285 I libsensor-displayalgo: the value of  Coef1:1107.681000,Coef4:2.383000, scale1:0.935522, scale4:0.923264
12-19 16:53:05.282  2027  3285 E libsensor-displayalgo: RGB_test_0407_400_oldzy!
12-19 16:53:05.283  2027  3285 I libsensor-displayalgo: the value of  RESULT2758.396667,1126.633303,1328.816246,475.090142
12-19 16:53:05.283  2027  3285 I libsensor-displayalgo: the value of  getChannelDataCalibrated2889.845402,1043.598170,1542.911193,517.714401
12-19 16:53:05.283  2027  3285 I libsensor-displayalgo: the value of  REAL LUX232.341354
12-19 16:53:05.283  2027  3285 I libsensor-displayalgo: the value of  CAL REAL LUX232.341354
12-19 16:53:05.321 32290 32290 I HandWritingStubImpl: isKeyboardTypeChanged: false
12-19 16:53:05.584  2027  3285 D libsensor-displayalgo: the value of  brightness:429.000000,R:72034630.868979,G:64414879.064824,B:51104707.892792,EVENT_C:6783.000000,EVENT_R:2595.500000,EVENT_G:3436.500000,EVENT_B:1309.500000
12-19 16:53:05.585  2027  3285 I libsensor-displayalgo: the value of  Coef1:1107.681000,Coef4:2.383000, scale1:0.935522, scale4:0.923264
12-19 16:53:05.585  2027  3285 E libsensor-displayalgo: RGB_test_0407_400_oldzy!
12-19 16:53:05.585  2027  3285 I libsensor-displayalgo: the value of  RESULT2758.396667,1126.633303,1328.816246,475.090142
