01-10 15:10:35.269 11945 12012 I ApkDownloadManager: mNetType:wifi
01-10 15:10:35.269 11945 12012 I ApkDownloadManager: mDownloadFailedTime:0
01-10 15:10:35.269 11945 12012 I ApkDownloadManager: mHeaderParamString:{"Accept-Encoding":"gzip"}
01-10 15:10:35.269 11945 12012 I ApkDownloadManager: mAppid:0 mpackageName:null mVersioncode:null via:null
01-10 15:10:35.269 11945 12012 I ApkDownloadManager: mChannelid:null traceId:1b6ced0c-8f0f-4bc3-a5eb-c44f1accb2c0 extraData:null downloadType:0 mIconUrl:null mAppName:null showNotification:0 isAutoInstallBySDK:false
01-10 15:10:35.269 11945 12012 I ApkDownloadManager: ---------------load download info---------------
01-10 15:10:35.269 11945 12012 I ApkDownloadManager: --------dump DownloadInfo-----------
01-10 15:10:35.269 11945 12012 I ApkDownloadManager: mContentType: resource/tm.android.unknown
01-10 15:10:35.269 11945 12012 I ApkDownloadManager: mURL: https://offline.qianbao.qq.com/offline/208/5309/5314/20221228/comp_bsdiff_140475.7z
01-10 15:10:35.269 11945 12012 I ApkDownloadManager: mBakUrl: null
01-10 15:10:35.269 11945 12012 I ApkDownloadManager: mTotalBytes: 969337
01-10 15:10:35.269 11945 12012 I ApkDownloadManager: mUUID: 2a4ba0d3-0821-4cdf-85bb-fd7495cd4abd
01-10 15:10:35.269 11945 12012 I ApkDownloadManager: mStatus: 4
01-10 15:10:35.269 11945 12012 I ApkDownloadManager: mReceivedBytes: 969337
01-10 15:10:35.269 11945 12012 I ApkDownloadManager: mFileName: 4286c56152b93f2d7a57e28fb9b5a75f
01-10 15:10:35.269 11945 12012 I ApkDownloadManager: mDownloadFailedErrCode: 0
01-10 15:10:35.269 11945 12012 I ApkDownloadManager: mNetType:wifi
01-10 15:10:35.269 11945 12012 I ApkDownloadManager: mDownloadFailedTime:0
01-10 15:10:35.269 11945 12012 I ApkDownloadManager: mHeaderParamString:{"Accept-Encoding":"gzip"}
01-10 15:10:35.269 11945 12012 I ApkDownloadManager: mAppid:0 mpackageName:null mVersioncode:null via:null
01-10 15:10:35.269 11945 12012 I ApkDownloadManager: mChannelid:null traceId:ac69495f-ab52-4c07-acf4-5fd4df81183b extraData:null downloadType:0 mIconUrl:null mAppName:null showNotification:0 isAutoInstallBySDK:false
01-10 15:10:35.269 11945 12012 I ApkDownloadManager: ---------------load download info---------------
01-10 15:10:35.269 11945 12012 I ApkDownloadManager: --------dump DownloadInfo-----------
01-10 15:10:35.269 11945 12012 I ApkDownloadManager: mContentType: resource/tm.android.unknown
01-10 15:10:35.269 11945 12012 I ApkDownloadManager: mURL: https://offline.qianbao.qq.com/offline/208/5309/5313/20221228/comp_bsdiff_140474.7z
01-10 15:10:35.269 11945 12012 I ApkDownloadManager: mBakUrl: null
01-10 15:10:35.269 11945 12012 I ApkDownloadManager: mTotalBytes: 1477210
01-10 15:10:35.269 11945 12012 I ApkDownloadManager: mUUID: 68eb4a83-a297-47d8-b52e-489c05863124
01-10 15:10:35.269 11945 12012 I ApkDownloadManager: mStatus: 4
01-10 15:10:35.269 11945 12012 I ApkDownloadManager: mReceivedBytes: 1477210
01-10 15:10:35.274 11945 12012 I ApkDownloadManager: mFileName: 939b4217169641906208ed16a5865128
01-10 15:10:35.274 11945 12012 I ApkDownloadManager: mDownloadFailedErrCode: 0
01-10 15:10:35.274 11945 12012 I ApkDownloadManager: mNetType:wifi
01-10 15:10:35.274 11945 12012 I ApkDownloadManager: mDownloadFailedTime:0
01-10 15:10:35.274 11945 12012 I ApkDownloadManager: mHeaderParamString:{"Accept-Encoding":"gzip"}
01-10 15:10:35.274 11945 12012 I ApkDownloadManager: mAppid:0 mpackageName:null mVersioncode:null via:null
01-10 15:10:35.274 11945 12012 I ApkDownloadManager: mChannelid:null traceId:5a0fd437-c216-473a-bfff-1ff3f26608a9 extraData:null downloadType:0 mIconUrl:null mAppName:null showNotification:0 isAutoInstallBySDK:false
01-10 15:10:35.274 11945 12012 I ApkDownloadManager: ---------------load download info---------------
01-10 15:10:35.274 11945 12012 I ApkDownloadManager: --------dump DownloadInfo-----------
01-10 15:10:35.274 11945 12012 I ApkDownloadManager: mContentType: resource/tm.android.unknown
01-10 15:10:35.274 11945 12012 I ApkDownloadManager: mURL: https://offline.qianbao.qq.com/offline/208/5309/5312/20221228/comp_bsdiff_140473.7z
01-10 15:10:35.274 11945 12012 I ApkDownloadManager: mBakUrl: null
01-10 15:10:35.274 11945 12012 I ApkDownloadManager: mTotalBytes: 1433248
01-10 15:10:35.274 11945 12012 I ApkDownloadManager: mUUID: 1b72814a-57f3-4ae5-bed9-a7f29ea38e34
01-10 15:10:35.274 11945 12012 I ApkDownloadManager: mStatus: 4
01-10 15:10:35.274 11945 12012 I ApkDownloadManager: mReceivedBytes: 1433248
01-10 15:10:35.274 11945 12012 I ApkDownloadManager: mFileName: fe9eeac1f1d8477f9c6fc8c7cf9f43f9
01-10 15:10:35.274 11945 12012 I ApkDownloadManager: mDownloadFailedErrCode: 0
01-10 15:10:35.274 11945 12012 I ApkDownloadManager: mNetType:wifi
01-10 15:10:35.274  3411  3699 I MSF.S.AppProcessManager: SendToApp PUSH process:com.tencent.mobileqq:TMAssistantDownloadSDKService fromServiceMsg: FromServiceMsg msName:pushSetConfig ssoSeq:-1 serviceCmd:cmd_pushSetConfig appSeq:-1 failCode:1000 cost = 0 needBoot=false from.len = 0
01-10 15:10:35.274 11945 12012 I ApkDownloadManager: mDownloadFailedTime:0
01-10 15:10:35.274 11945 12012 I ApkDownloadManager: mHeaderParamString:{"Accept-Encoding":"gzip"}
01-10 15:10:35.274 11945 12012 I ApkDownloadManager: mAppid:0 mpackageName:null mVersioncode:null via:null
01-10 15:10:35.275 11945 12012 I ApkDownloadManager: mChannelid:null traceId:0d51b4df-b39e-4b53-be29-34bf9014e6fe extraData:null downloadType:0 mIconUrl:null mAppName:null showNotification:0 isAutoInstallBySDK:false
01-10 15:10:35.275 11945 12012 I ApkDownloadManager: ---------------load download info---------------
01-10 15:10:35.275 11945 12012 I ApkDownloadManager: --------dump DownloadInfo-----------
01-10 15:10:35.275 11945 12012 I ApkDownloadManager: mContentType: resource/tm.android.unknown
01-10 15:10:35.275 11945 12012 I ApkDownloadManager: mURL: https://offline.qianbao.qq.com/offline/208/5309/5311/20221228/comp_bsdiff_140467.7z
01-10 15:10:35.275 11945 12012 I ApkDownloadManager: mBakUrl: null
01-10 15:10:35.275 11945 12012 I ApkDownloadManager: mTotalBytes: 1144045
01-10 15:10:35.275 11945 12012 I ApkDownloadManager: mUUID: 830f9f2a-1dbf-435f-90b3-3c4408dde0fc
01-10 15:10:35.275 11945 12012 I ApkDownloadManager: mStatus: 4
01-10 15:10:35.275 11945 12012 I ApkDownloadManager: mReceivedBytes: 1144045
01-10 15:10:35.275 11945 12012 I ApkDownloadManager: mFileName: 2db58f8cd12746c0b6b11e14cc3f8a95
01-10 15:10:35.275 11945 12012 I ApkDownloadManager: mDownloadFailedErrCode: 0
01-10 15:10:35.275 11945 12012 I ApkDownloadManager: mNetType:wifi
01-10 15:10:35.275 11945 12012 I ApkDownloadManager: mDownloadFailedTime:0
01-10 15:10:35.275 11945 12012 I ApkDownloadManager: mHeaderParamString:{"Accept-Encoding":"gzip"}
01-10 15:10:35.275 11945 12012 I ApkDownloadManager: mAppid:0 mpackageName:null mVersioncode:null via:null
01-10 15:10:35.275 11945 12012 I ApkDownloadManager: mChannelid:null traceId:dad07bc1-61a1-4cac-aa74-c15eb777b9f6 extraData:null downloadType:0 mIconUrl:null mAppName:null showNotification:0 isAutoInstallBySDK:false
01-10 15:10:35.275 11945 12012 I ApkDownloadManager: ---------------load download info---------------
01-10 15:10:35.275 11945 12012 I ApkDownloadManager: --------dump DownloadInfo-----------
01-10 15:10:35.275 11945 12012 I ApkDownloadManager: mContentType: resource/tm.android.unknown
01-10 15:10:35.275 11945 12012 I ApkDownloadManager: mURL: https://vatplat.gtimg.cn/offline/208/5245/5254/20221229/comp_bsdiff_140711.7z
01-10 15:10:35.275 11945 12012 I ApkDownloadManager: mBakUrl: null
01-10 15:10:35.275 11945 12012 I ApkDownloadManager: mTotalBytes: 898193
01-10 15:10:35.275 11945 12012 I ApkDownloadManager: mUUID: 907c53cc-ee67-4685-b7f2-901c406772e7
01-10 15:10:35.275 11945 12012 I ApkDownloadManager: mStatus: 4
01-10 15:10:35.275 11945 12012 I ApkDownloadManager: mReceivedBytes: 898193
01-10 15:10:35.275 11945 12012 I ApkDownloadManager: mFileName: d1be07f826e0927033af1ec3188b89de
01-10 15:10:35.275 11945 12012 I ApkDownloadManager: mDownloadFailedErrCode: 0
01-10 15:10:35.275 11945 12012 I ApkDownloadManager: mNetType:wifi
01-10 15:10:35.275 11945 12012 I ApkDownloadManager: mDownloadFailedTime:0
01-10 15:10:35.275 11945 12012 I ApkDownloadManager: mHeaderParamString:{"Accept-Encoding":"gzip"}
01-10 15:10:35.275 11945 12012 I ApkDownloadManager: mAppid:0 mpackageName:null mVersioncode:null via:null
01-10 15:10:35.275 11945 12012 I ApkDownloadManager: mChannelid:null traceId:3df07a6b-c6a9-466e-bb8c-e7f0822344ba extraData:null downloadType:0 mIconUrl:null mAppName:null showNotification:0 isAutoInstallBySDK:false
01-10 15:10:35.275 11945 12012 I ApkDownloadManager: ---------------load download info---------------
01-10 15:10:35.275 11945 12012 I ApkDownloadManager: --------dump DownloadInfo-----------
01-10 15:10:35.275 11945 12012 I ApkDownloadManager: mContentType: resource/tm.android.unknown
01-10 15:10:35.275 11945 12012 I ApkDownloadManager: mURL: https://vatplat.gtimg.cn/offline/208/5245/5268/20230105/comp_bsdiff_141175.7z
01-10 15:10:35.275 11945 12012 I ApkDownloadManager: mBakUrl: null
01-10 15:10:35.275 11945 12012 I ApkDownloadManager: mTotalBytes: 1524508
01-10 15:10:35.275 11945 12012 I ApkDownloadManager: mUUID: 27547845-5857-4754-b87d-a204744529a4
01-10 15:10:35.275 11945 12012 I ApkDownloadManager: mStatus: 4
01-10 15:10:35.275 11945 12012 I ApkDownloadManager: mReceivedBytes: 1524508
01-10 15:10:35.275 11945 12012 I ApkDownloadManager: mFileName: b7e11502b6ca4aee7ddad91cbfdd5364
01-10 15:10:35.275 11945 12012 I ApkDownloadManager: mDownloadFailedErrCode: 0
01-10 15:10:35.275 11945 12012 I ApkDownloadManager: mNetType:wifi
01-10 15:10:35.275 11945 12012 I ApkDownloadManager: mDownloadFailedTime:0
01-10 15:10:35.275 11945 12012 I ApkDownloadManager: mHeaderParamString:{"Accept-Encoding":"gzip"}
01-10 15:10:35.275 11945 12012 I ApkDownloadManager: mAppid:0 mpackageName:null mVersioncode:null via:null
01-10 15:10:35.275 11945 12012 I ApkDownloadManager: mChannelid:null traceId:00ecac87-7748-4df5-8948-badbe25014ff extraData:null downloadType:0 mIconUrl:null mAppName:null showNotification:0 isAutoInstallBySDK:false
01-10 15:10:35.275 11945 12012 I ApkDownloadManager: ---------------load download info---------------
01-10 15:10:35.275 11945 12012 I ApkDownloadManager: --------dump DownloadInfo-----------
01-10 15:10:35.275 11945 12012 I ApkDownloadManager: mContentType: resource/tm.android.unknown
01-10 15:10:35.275 11945 12012 I ApkDownloadManager: mURL: https://vatplat.gtimg.cn/offline/208/5245/5257/20221230/comp_bsdiff_140769.7z
01-10 15:10:35.275 11945 12012 I ApkDownloadManager: mBakUrl: null
01-10 15:10:35.275 11945 12012 I ApkDownloadManager: mTotalBytes: 2545336
01-10 15:10:35.275 11945 12012 I ApkDownloadManager: mUUID: 53180eba-485e-4741-9e36-947cb2ceb835
01-10 15:10:35.275 11945 12012 I ApkDownloadManager: mStatus: 4
01-10 15:10:35.275 11945 12012 I ApkDownloadManager: mReceivedBytes: 2545336
01-10 15:10:35.275 11945 12012 I ApkDownloadManager: mFileName: a28fa0608e363524baa81a3619b54f51
01-10 15:10:35.275 11945 12012 I ApkDownloadManager: mDownloadFailedErrCode: 0
01-10 15:10:35.275 11945 12012 I ApkDownloadManager: mNetType:wifi
01-10 15:10:35.275 11945 12012 I ApkDownloadManager: mDownloadFailedTime:0
01-10 15:10:35.275 11945 12012 I ApkDownloadManager: mHeaderParamString:{"Accept-Encoding":"gzip"}
01-10 15:10:35.275 11945 12012 I ApkDownloadManager: mAppid:0 mpackageName:null mVersioncode:null via:null
01-10 15:10:35.275 11945 12012 I ApkDownloadManager: mChannelid:null traceId:6079029f-50ea-4e7d-a5cd-ee871fa921a4 extraData:null downloadType:0 mIconUrl:null mAppName:null showNotification:0 isAutoInstallBySDK:false
01-10 15:10:35.275 11945 12012 I ApkDownloadManager: ---------------load download info---------------
01-10 15:10:35.275 11945 12012 I ApkDownloadManager: --------dump DownloadInfo-----------
01-10 15:10:35.275 11945 12012 I ApkDownloadManager: mContentType: resource/tm.android.unknown
01-10 15:10:35.275 11945 12012 I ApkDownloadManager: mURL: https://vatplat.gtimg.cn/offline/208/5245/5256/20221230/comp_bsdiff_140760.7z
01-10 15:10:35.276 11945 12012 I ApkDownloadManager: mBakUrl: null
01-10 15:10:35.276 11945 12012 I ApkDownloadManager: mTotalBytes: 168647
01-10 15:10:35.276 11945 12012 I ApkDownloadManager: mUUID: 71f4d9a9-2560-4ddb-ba1b-43237eabd896
01-10 15:10:35.276 11945 12012 I ApkDownloadManager: mStatus: 4
01-10 15:10:35.276 11945 12012 I ApkDownloadManager: mReceivedBytes: 168647
01-10 15:10:35.276 11945 12012 I ApkDownloadManager: mFileName: ac638ee03310642918b6f53566dc45ff
01-10 15:10:35.276 11945 12012 I ApkDownloadManager: mDownloadFailedErrCode: 0
01-10 15:10:35.276 11945 12012 I ApkDownloadManager: mNetType:wifi
01-10 15:10:35.276 11945 11961 D MSF.D.Proxy: onRecvServicePushResp, fromServiceMsg cmd = cmd_pushSetConfig, ssoSeq = -1, length = 0
01-10 15:10:35.277 11945 12012 I ApkDownloadManager: mDownloadFailedTime:0
01-10 15:10:35.277 11945 12012 I ApkDownloadManager: mHeaderParamString:{"Accept-Encoding":"gzip"}
01-10 15:10:35.277 11945 12012 I ApkDownloadManager: mAppid:0 mpackageName:null mVersioncode:null via:null
01-10 15:10:35.277 11945 12012 I ApkDownloadManager: mChannelid:null traceId:2489bdd6-0c10-498a-a9ea-42d8de9f8fda extraData:null downloadType:0 mIconUrl:null mAppName:null showNotification:0 isAutoInstallBySDK:false
01-10 15:10:35.277 11945 12012 I ApkDownloadManager: ---------------load download info---------------
01-10 15:10:35.277 11945 12012 I ApkDownloadManager: --------dump DownloadInfo-----------
01-10 15:10:35.277 11945 12012 I ApkDownloadManager: mContentType: resource/tm.android.unknown
01-10 15:10:35.277 11945 12012 I ApkDownloadManager: mURL: https://minigame.gtimg.cn/offline/208/5245/5259/20230105/comp_bsdiff_141282.7z
01-10 15:10:35.277 11945 12012 I ApkDownloadManager: mBakUrl: null
01-10 15:10:35.277 11945 12012 I ApkDownloadManager: mTotalBytes: 79623
01-10 15:10:35.277 11945 12012 I ApkDownloadManager: mUUID: c8038180-2a62-4949-9038-d7859aba3af6
01-10 15:10:35.277 11945 12012 I ApkDownloadManager: mStatus: 4
01-10 15:10:35.277 11945 12012 I ApkDownloadManager: mReceivedBytes: 79623
01-10 15:10:35.278 11945 12012 I ApkDownloadManager: mFileName: f8fd08b6f1ee18ec9a971911625d19b0
01-10 15:10:35.278 11945 12012 I ApkDownloadManager: mDownloadFailedErrCode: 0
01-10 15:10:35.278 11945 12012 I ApkDownloadManager: mNetType:wifi
01-10 15:10:35.278 11945 12012 I ApkDownloadManager: mDownloadFailedTime:0
01-10 15:10:35.278 11945 12012 I ApkDownloadManager: mHeaderParamString:{"Accept-Encoding":"gzip"}
01-10 15:10:35.278 11945 12012 I ApkDownloadManager: mAppid:0 mpackageName:null mVersioncode:null via:null
01-10 15:10:35.278 11945 12012 I ApkDownloadManager: mChannelid:null traceId:0803ca61-863a-4563-9be9-cb68b177e36c extraData:null downloadType:0 mIconUrl:null mAppName:null showNotification:0 isAutoInstallBySDK:false
01-10 15:10:35.278 11945 12012 I ApkDownloadManager: ---------------load download info---------------
01-10 15:10:35.278 11945 12012 I ApkDownloadManager: --------dump DownloadInfo-----------
01-10 15:10:35.278 11945 12012 I ApkDownloadManager: mContentType: resource/tm.android.unknown
01-10 15:10:35.278 11945 12012 I ApkDownloadManager: mURL: https://offline.xsj.qq.com/offline/208/5213/5291/20221230/comp_bsdiff_140737.7z
01-10 15:10:35.278 11945 12012 I ApkDownloadManager: mBakUrl: null
01-10 15:10:35.278 11945 12012 I ApkDownloadManager: mTotalBytes: 221725
01-10 15:10:35.278 11945 12012 I ApkDownloadManager: mUUID: 87ee1ced-a74b-4bd6-b36e-c325b15f6ac7
01-10 15:10:35.278 11945 12012 I ApkDownloadManager: mStatus: 4
01-10 15:10:35.278 11945 12012 I ApkDownloadManager: mReceivedBytes: 221725
01-10 15:10:35.278 11945 12012 I ApkDownloadManager: mFileName: 1d7dd59f48de5d7326d2e82cce422b0e
01-10 15:10:35.278 11945 12012 I ApkDownloadManager: mDownloadFailedErrCode: 0
01-10 15:10:35.278 11945 12012 I ApkDownloadManager: mNetType:wifi
01-10 15:10:35.278 11945 12012 I ApkDownloadManager: mDownloadFailedTime:0
01-10 15:10:35.278 11945 12012 I ApkDownloadManager: mHeaderParamString:{"Accept-Encoding":"gzip"}
01-10 15:10:35.278 11945 12012 I ApkDownloadManager: mAppid:0 mpackageName:null mVersioncode:null via:null
01-10 15:10:35.278 11945 12012 I ApkDownloadManager: mChannelid:null traceId:ce7c8f02-7b11-46cf-8b72-287734f34155 extraData:null downloadType:0 mIconUrl:null mAppName:null showNotification:0 isAutoInstallBySDK:false
01-10 15:10:35.278 11945 12012 I ApkDownloadManager: ---------------load download info---------------
01-10 15:10:35.278 11945 12012 I ApkDownloadManager: --------dump DownloadInfo-----------
01-10 15:10:35.278 11945 12012 I ApkDownloadManager: mContentType: resource/tm.android.unknown
01-10 15:10:35.278 11945 12012 I ApkDownloadManager: mURL: https://offline.qianbao.qq.com/offline/208/5309/5371/20230106/comp_bsdiff_141502.7z
01-10 15:10:35.278 11945 12012 I ApkDownloadManager: mBakUrl: null
01-10 15:10:35.278 11945 12012 I ApkDownloadManager: mTotalBytes: 438328
01-10 15:10:35.278 11945 12012 I ApkDownloadManager: mUUID: bfa8d86f-e434-4801-b36b-784071a9c33b
01-10 15:10:35.278 11945 12012 I ApkDownloadManager: mStatus: 4
01-10 15:10:35.278 11945 12012 I ApkDownloadManager: mReceivedBytes: 438328
01-10 15:10:35.278 11945 12012 I ApkDownloadManager: mFileName: e7f26b518d4da91e98ff861813bad38f
01-10 15:10:35.278 11945 12012 I ApkDownloadManager: mDownloadFailedErrCode: 0
01-10 15:10:35.278 11945 12012 I ApkDownloadManager: mNetType:wifi
01-10 15:10:35.278 11945 12012 I ApkDownloadManager: mDownloadFailedTime:0
01-10 15:10:35.278 11945 12012 I ApkDownloadManager: mHeaderParamString:{"Accept-Encoding":"gzip"}
01-10 15:10:35.278 11945 12012 I ApkDownloadManager: mAppid:0 mpackageName:null mVersioncode:null via:null
01-10 15:10:35.278 11945 12012 I ApkDownloadManager: mChannelid:null traceId:5ba1c629-b408-4f9d-b662-b0d8088fbe42 extraData:null downloadType:0 mIconUrl:null mAppName:null showNotification:0 isAutoInstallBySDK:false
01-10 15:10:35.278 11945 12012 I ApkDownloadManager: ---------------load download info---------------
01-10 15:10:35.278 11945 12012 I ApkDownloadManager: --------dump DownloadInfo-----------
01-10 15:10:35.278 11945 12012 I ApkDownloadManager: mContentType: resource/tm.android.unknown
01-10 15:10:35.278 11945 12012 I ApkDownloadManager: mURL: https://offline.qianbao.qq.com/offline/208/5309/5317/20230105/comp_bsdiff_141327.7z
01-10 15:10:35.278 11945 12012 I ApkDownloadManager: mBakUrl: null
01-10 15:10:35.278 11945 12012 I ApkDownloadManager: mTotalBytes: 502273
01-10 15:10:35.278 11945 12012 I ApkDownloadManager: mUUID: 09f4fcfd-0a29-4dd4-bd3b-82681b12c020
01-10 15:10:35.278 11945 12012 I ApkDownloadManager: mStatus: 4
01-10 15:10:35.278 11945 12012 I ApkDownloadManager: mReceivedBytes: 502273
01-10 15:10:35.278 11945 12012 I ApkDownloadManager: mFileName: 8901aa5fc2a16a855f5d86264a7f8de2
01-10 15:10:35.278 11945 12012 I ApkDownloadManager: mDownloadFailedErrCode: 0
01-10 15:10:35.278 11945 12012 I ApkDownloadManager: mNetType:wifi
01-10 15:10:35.278 11945 12012 I ApkDownloadManager: mDownloadFailedTime:0
01-10 15:10:35.278 11945 12012 I ApkDownloadManager: mHeaderParamString:{"Accept-Encoding":"gzip"}
01-10 15:10:35.278 11945 12012 I ApkDownloadManager: mAppid:0 mpackageName:null mVersioncode:null via:null
01-10 15:10:35.278 11945 12012 I ApkDownloadManager: mChannelid:null traceId:897d8bfd-915f-4e38-88c2-c20c85b8acb6 extraData:null downloadType:0 mIconUrl:null mAppName:null showNotification:0 isAutoInstallBySDK:false
01-10 15:10:35.278 11945 12012 I ApkDownloadManager: ---------------load download info---------------
01-10 15:10:35.278 11945 12012 I ApkDownloadManager: --------dump DownloadInfo-----------
01-10 15:10:35.278 11945 12012 I ApkDownloadManager: mContentType: resource/tm.android.unknown
01-10 15:10:35.278 11945 12012 I ApkDownloadManager: mURL: https://offline.qianbao.qq.com/offline/208/5309/5320/20230105/comp_bsdiff_141324.7z
01-10 15:10:35.278 11945 12012 I ApkDownloadManager: mBakUrl: null
01-10 15:10:35.278 11945 12012 I ApkDownloadManager: mTotalBytes: 40433
01-10 15:10:35.278 11945 12012 I ApkDownloadManager: mUUID: c0f36f72-2db6-445d-9cd0-9205a41b1e35
01-10 15:10:35.278 11945 12012 I ApkDownloadManager: mStatus: 4
01-10 15:10:35.278 11945 12012 I ApkDownloadManager: mReceivedBytes: 40433
01-10 15:10:35.278 11945 12012 I ApkDownloadManager: mFileName: aa325aa628c1b7775b5f46577f21f86e
01-10 15:10:35.278 11945 12012 I ApkDownloadManager: mDownloadFailedErrCode: 0
01-10 15:10:35.278 11945 12012 I ApkDownloadManager: mNetType:wifi
01-10 15:10:35.278 11945 12012 I ApkDownloadManager: mDownloadFailedTime:0
01-10 15:10:35.278 11945 12012 I ApkDownloadManager: mHeaderParamString:{"Accept-Encoding":"gzip"}
01-10 15:10:35.278 11945 12012 I ApkDownloadManager: mAppid:0 mpackageName:null mVersioncode:null via:null
01-10 15:10:35.278 11945 12012 I ApkDownloadManager: mChannelid:null traceId:fe4cbd7a-e07c-4ca7-9ecb-181a976d96f6 extraData:null downloadType:0 mIconUrl:null mAppName:null showNotification:0 isAutoInstallBySDK:false
01-10 15:10:35.279 11945 12012 I ApkDownloadManager: ---------------load download info---------------
01-10 15:10:35.279 11945 12012 I ApkDownloadManager: --------dump DownloadInfo-----------
01-10 15:10:35.279 11945 12012 I ApkDownloadManager: mContentType: resource/tm.android.unknown
01-10 15:10:35.279 11945 12012 I ApkDownloadManager: mURL: https://offline.qianbao.qq.com/offline/208/5309/5319/20230105/comp_bsdiff_141323.7z
01-10 15:10:35.279 11945 12012 I ApkDownloadManager: mBakUrl: null
01-10 15:10:35.279 11945 12012 I ApkDownloadManager: mTotalBytes: 41384
01-10 15:10:35.279 11945 12012 I ApkDownloadManager: mUUID: 4c3a8fcd-1913-449b-9b6f-714d1eef61ac
01-10 15:10:35.279 11945 12012 I ApkDownloadManager: mStatus: 4
01-10 15:10:35.279 11945 12012 I ApkDownloadManager: mReceivedBytes: 41384
01-10 15:10:35.279 11945 12012 I ApkDownloadManager: mFileName: 893e1ba6f8f283e9277fccdc164071df
01-10 15:10:35.279 11945 12012 I ApkDownloadManager: mDownloadFailedErrCode: 0
01-10 15:10:35.279 11945 12012 I ApkDownloadManager: mNetType:wifi
01-10 15:10:35.279 11945 12012 I ApkDownloadManager: mDownloadFailedTime:0
01-10 15:10:35.279 11945 12012 I ApkDownloadManager: mHeaderParamString:{"Accept-Encoding":"gzip"}
01-10 15:10:35.279 11945 12012 I ApkDownloadManager: mAppid:0 mpackageName:null mVersioncode:null via:null
01-10 15:10:35.279 11945 12012 I ApkDownloadManager: mChannelid:null traceId:9764c0ac-fda6-4a5f-8f57-fc93b2117733 extraData:null downloadType:0 mIconUrl:null mAppName:null showNotification:0 isAutoInstallBySDK:false
01-10 15:10:35.279 11945 12012 I ApkDownloadManager: ---------------load download info---------------
01-10 15:10:35.279 11945 12012 I ApkDownloadManager: --------dump DownloadInfo-----------
01-10 15:10:35.279 11945 12012 I ApkDownloadManager: mContentType: resource/tm.android.unknown
01-10 15:10:35.279 11945 12012 I ApkDownloadManager: mURL: https://offline.qianbao.qq.com/offline/208/5309/5345/20230105/comp_bsdiff_141325.7z
01-10 15:10:35.279 11945 12012 I ApkDownloadManager: mBakUrl: null
01-10 15:10:35.279 11945 12012 I ApkDownloadManager: mTotalBytes: 1057662
01-10 15:10:35.279 11945 12012 I ApkDownloadManager: mUUID: 9c99142b-2502-470c-99bb-2be6b0714531
01-10 15:10:35.279 11945 12012 I ApkDownloadManager: mStatus: 4
01-10 15:10:35.279 11945 12012 I ApkDownloadManager: mReceivedBytes: 1057662
01-10 15:10:35.279 11945 12012 I ApkDownloadManager: mFileName: a50a67e1130940b9fcb60d64c0821810
01-10 15:10:35.279 11945 12012 I ApkDownloadManager: mDownloadFailedErrCode: 0
01-10 15:10:35.279 11945 12012 I ApkDownloadManager: mNetType:wifi
01-10 15:10:35.279 11945 12012 I ApkDownloadManager: mDownloadFailedTime:0
01-10 15:10:35.279 11945 12012 I ApkDownloadManager: mHeaderParamString:{"Accept-Encoding":"gzip"}
01-10 15:10:35.279 11945 12012 I ApkDownloadManager: mAppid:0 mpackageName:null mVersioncode:null via:null
01-10 15:10:35.279 11945 12012 I ApkDownloadManager: mChannelid:null traceId:a82eef3a-31ba-4bea-bc39-b9ef2ffcb805 extraData:null downloadType:0 mIconUrl:null mAppName:null showNotification:0 isAutoInstallBySDK:false
01-10 15:10:35.279 11945 12012 I ApkDownloadManager: ---------------load download info---------------
01-10 15:10:35.279 11945 12012 I ApkDownloadManager: --------dump DownloadInfo-----------
01-10 15:10:35.279 11945 12012 I ApkDownloadManager: mContentType: resource/tm.android.unknown
01-10 15:10:35.279 11945 12012 I ApkDownloadManager: mURL: https://offline.qianbao.qq.com/offline/208/5309/5359/20230104/comp_bsdiff_141016.7z
01-10 15:10:35.279 11945 12012 I ApkDownloadManager: mBakUrl: null
01-10 15:10:35.279 11945 12012 I ApkDownloadManager: mTotalBytes: 202235
01-10 15:10:35.279 11945 12012 I ApkDownloadManager: mUUID: 6bbd1268-af54-4e6e-8147-51b3be109454
01-10 15:10:35.279 11945 12012 I ApkDownloadManager: mStatus: 4
01-10 15:10:35.279 11945 12012 I ApkDownloadManager: mReceivedBytes: 202235
01-10 15:10:35.279 11945 12012 I ApkDownloadManager: mFileName: 7d35c5e3028c2e8cb13a7e09f4bf9ce6
01-10 15:10:35.279 11945 12012 I ApkDownloadManager: mDownloadFailedErrCode: 0
01-10 15:10:35.279 11945 12012 I ApkDownloadManager: mNetType:wifi
01-10 15:10:35.279 11945 12012 I ApkDownloadManager: mDownloadFailedTime:0
01-10 15:10:35.279 11945 12012 I ApkDownloadManager: mHeaderParamString:{"Accept-Encoding":"gzip"}
01-10 15:10:35.279 11945 12012 I ApkDownloadManager: mAppid:0 mpackageName:null mVersioncode:null via:null
01-10 15:10:35.279 11945 12012 I ApkDownloadManager: mChannelid:null traceId:932e7ca1-0776-45bb-90d5-c72b0d934439 extraData:null downloadType:0 mIconUrl:null mAppName:null showNotification:0 isAutoInstallBySDK:false
01-10 15:10:35.279 11945 12012 I ApkDownloadManager: ---------------load download info---------------
01-10 15:10:35.279 11945 12012 I ApkDownloadManager: --------dump DownloadInfo-----------
01-10 15:10:35.279 11945 12012 I ApkDownloadManager: mContentType: resource/tm.android.unknown
01-10 15:10:35.279 11945 12012 I ApkDownloadManager: mURL: https://yyb-offline.gtimg.cn/offline/208/5295/5296/20230105/comp_bsdiff_141135.7z
01-10 15:10:35.279 11945 12012 I ApkDownloadManager: mBakUrl: null
01-10 15:10:35.279 11945 12012 I ApkDownloadManager: mTotalBytes: 495954
01-10 15:10:35.279 11945 12012 I ApkDownloadManager: mUUID: 9299618b-6788-4604-a123-e6f907471b4b
01-10 15:10:35.279 11945 12012 I ApkDownloadManager: mStatus: 4
01-10 15:10:35.279 11945 12012 I ApkDownloadManager: mReceivedBytes: 495954
01-10 15:10:35.279 11945 12012 I ApkDownloadManager: mFileName: e206f1e7b301ef80f22a38da67f81fac
01-10 15:10:35.280 11945 12012 I ApkDownloadManager: mDownloadFailedErrCode: 0
01-10 15:10:35.280 11945 12012 I ApkDownloadManager: mNetType:wifi
01-10 15:10:35.280 11945 12012 I ApkDownloadManager: mDownloadFailedTime:0
01-10 15:10:35.280 11945 12012 I ApkDownloadManager: mHeaderParamString:{"Accept-Encoding":"gzip"}
01-10 15:10:35.280 11945 12012 I ApkDownloadManager: mAppid:0 mpackageName:null mVersioncode:null via:null
01-10 15:10:35.280 11945 12012 I ApkDownloadManager: mChannelid:null traceId:abfeb27b-b03c-481e-bbc5-5779597b2b1c extraData:null downloadType:0 mIconUrl:null mAppName:null showNotification:0 isAutoInstallBySDK:false
01-10 15:10:35.280 11945 12012 I ApkDownloadManager: Add NetworkChangedObserver to NetworkMonitorReceiver
01-10 15:10:35.282  3525  4634 I TMAssistantDownloadManager: <getDownloadSDKClient> clientKey = OfflineDownload,process Name:com.tencent.mobileqq
01-10 15:10:35.282  3411  3699 I MSF.S.AppProcessManager: SendToApp PUSH process:com.tencent.mobileqq:TMAssistantDownloadSDKService fromServiceMsg: FromServiceMsg msName:pushSetConfig ssoSeq:-1 serviceCmd:cmd_pushSetConfig appSeq:-1 failCode:1000 cost = 0 needBoot=false from.len = 0
01-10 15:10:35.282  3525  4634 I TMAssistantDownloadManager: enter
01-10 15:10:35.283  3525  4634 I TMAssistantDownloadManager: clientKey: OfflineDownload
01-10 15:10:35.283  3525  4634 I TMAssistantDownloadManager: SDKClient exists
01-10 15:10:35.283  3525  4634 I TMAssistantDownloadManager: returnValue(clientItem): com.tencent.tmdownloader.TMAssistantDownloadClient@bdd82c7
01-10 15:10:35.283  3525  4634 I TMAssistantDownloadManager: exit
01-10 15:10:35.283  3525  4634 I TMAssistantDownloadSDKClient: enter
01-10 15:10:35.283  3525  4634 I TMAssistantDownloadSDKClient: returnValue: true
01-10 15:10:35.283  3525  4634 I TMAssistantDownloadSDKClient: exit
01-10 15:10:35.283  3525  4634 I TMAssistantDownloadSDKClient: enter
01-10 15:10:35.283  3525  4634 I TMAssistantDownloadSDKClient: clientKey:OfflineDownload,url:https://vatplat.gtimg.cn/offline/208/5245/5256/20230109/comp_bsdiff_141657.7z; priority: 0; contentType: resource/tm.android.unknown; fileName  fe5bdd33864fd8e71c4ac7f34aa607f8
01-10 15:10:35.283  3525  4634 I TMAssistantDownloadSDKClient: params.size: 1
01-10 15:10:35.283  3525  4634 I TMAssistantDownloadSDKClient: startDownloadTask
01-10 15:10:35.283 11945 11960 D MSF.D.Proxy: onRecvServicePushResp, fromServiceMsg cmd = cmd_pushSetConfig, ssoSeq = -1, length = 0
01-10 15:10:35.286 11945 12012 I TMADownloadSDKService: <onCreate>exit
01-10 15:10:35.287  3411  3699 I MSF.S.AppProcessManager: SendToApp process:com.tencent.mobileqq:TMAssistantDownloadSDKService fromServiceMsg: FromServiceMsg msName:getAlterTickets ssoSeq:31410 serviceCmd: appSeq:1 failCode:1000 cos t =0 needBoot=false to.len = 0 from.len = 0
01-10 15:10:35.289 11945 11960 D MSF.D.Proxy: onReceiveResp, fromServiceMsg = , ssoSeq = 31410, length = 0
01-10 15:10:35.290  3411  3699 I MSF.S.AppProcessManager: SendToApp PUSH process:com.tencent.mobileqq fromServiceMsg: FromServiceMsg msName:pushSetConfig ssoSeq:-1 serviceCmd:cmd_pushSetConfig appSeq:-1 failCode:1000 cost = 0 needBoot=false from.len = 0
01-10 15:10:35.290 11945 11960 I TMADownloadSDKService: <startDownloadTask>enter
01-10 15:10:35.290 11945 11960 I TMADownloadSDKService: <startDownloadTask>clientkey:OfflineDownload,url:https://vatplat.gtimg.cn/offline/208/5245/5256/20230109/comp_bsdiff_141657.7z,manager:com.tencent.tmdownloader.internal.downloadservice.a.c@6fd0447,fileName:fe5bdd33864fd8e71c4ac7f34aa607f8
01-10 15:10:35.290 11945 11960 I TMADownloadSDKService: startDownloadTask params size : 2
01-10 15:10:35.290 11945 11960 I TMADownloadSDKService: startDownloadTask params do not cotain notification
01-10 15:10:35.290  3525  3539 D MSF.D.Proxy: onRecvServicePushResp, fromServiceMsg cmd = cmd_pushSetConfig, ssoSeq = -1, length = 0
01-10 15:10:35.295  3411  3699 I MSF.S.AppProcessManager: SendToApp PUSH process:com.tencent.mobileqq fromServiceMsg: FromServiceMsg msName:pushSetConfig ssoSeq:-1 serviceCmd:cmd_pushSetConfig appSeq:-1 failCode:1000 cost = 0 needBoot=false from.len = 0
01-10 15:10:35.296  3525  3539 D MSF.D.Proxy: onRecvServicePushResp, fromServiceMsg cmd = cmd_pushSetConfig, ssoSeq = -1, length = 0
01-10 15:10:35.296 11945 11960 I ServiceDownloadTaskManager: clientKey:OfflineDownload
01-10 15:10:35.296 11945 11960 I ServiceDownloadTaskManager: clientKey:OfflineDownload,taskItem is null
01-10 15:10:35.296 11945 11960 I ServiceDownloadTaskManager: clientKey:OfflineDownload,add newTask
01-10 15:10:35.296 11945 11960 I ServiceDownloadTaskManager: clientKey:OfflineDownload,start newTask download
01-10 15:10:35.296 11945 11960 I ApkDownloadManager: call startDownload, url: https://vatplat.gtimg.cn/offline/208/5245/5256/20230109/comp_bsdiff_141657.7zpriority: 0
01-10 15:10:35.306 11945 11960 I LogBuilder: [Binder:11945_2:36] a.b(1): TMAssistantFile|hasExternalStorage=true, externalPath=/storage/emulated/0/Android/data/com.tencent.mobileqq|^
01-10 15:10:35.306 11945 11960 I TMAssistantFile: getSaveFilePath rootDirString=/storage/emulated/0/Android/data/com.tencent.mobileqq/tencent/TMAssistantSDK/Download/com.tencent.mobileqq
01-10 15:10:35.315 11945 12020 W nloadSDKServic: Class oicq.wlogin_sdk.request.u failed lock verification and will run slower.
01-10 15:10:35.316 11945 11960 W ApkDownloadManager: fileSize
01-10 15:10:35.324 11945 11960 I LogBuilder: [Binder:11945_2:36] a.b(1): TMAssistantFile|hasExternalStorage=true, externalPath=/storage/emulated/0/Android/data/com.tencent.mobileqq|^
01-10 15:10:35.324 11945 11960 I TMAssistantFile: getSaveFilePath rootDirString=/storage/emulated/0/Android/data/com.tencent.mobileqq/tencent/TMAssistantSDK/Download/com.tencent.mobileqq
01-10 15:10:35.324 11945 11960 I ApkDownloadManager: call startDownload, fileExited = false
01-10 15:10:35.324 11945 11960 I ApkDownloadManager: di.mQQBusinessId = null
01-10 15:10:35.324 11945 11960 I ApkDownloadManager: di.mCallingStack = java.lang.Throwable
01-10 15:10:35.324 11945 11960 I ApkDownloadManager: 	at com.tencent.tmdownloader.TMAssistantDownloadClient.startDownloadTask(P:32)
01-10 15:10:35.324 11945 11960 I ApkDownloadManager: 	at com.tencent.biz.common.offline.a.e.a(P:16)
01-10 15:10:35.324 11945 11960 I ApkDownloadManager: 	at com.tencent.biz.common.offline.BidDownloader$2.run(P:6)
01-10 15:10:35.324 11945 11960 I ApkDownloadManager: 	at android.os.Handler.handleCallback(Handler.java:938)
01-10 15:10:35.324 11945 11960 I ApkDownloadManager: 	at android.os.Handler.dispatchMessage(Handler.java:99)
01-10 15:10:35.324 11945 11960 I ApkDownloadManager: 	at android.os.Looper.loopOnce(Looper.java:211)
01-10 15:10:35.324 11945 11960 I ApkDownloadManager: 	at android.os.Looper.loop(Looper.java:300)
01-10 15:10:35.324 11945 11960 I ApkDownloadManager: 	at android.os.HandlerThread.run(HandlerThread.java:67)
01-10 15:10:35.324 11945 11960 I _DownloadInfo: url: https://vatplat.gtimg.cn/offline/208/5245/5256/20230109/comp_bsdiff_141657.7z
01-10 15:10:35.324 11945 11960 I _DownloadInfo: startDownloadIfReady...
01-10 15:10:35.324 11945 11960 I _DownloadInfo: --------dump DownloadInfo-----------
01-10 15:10:35.324 11945 11960 I _DownloadInfo: mContentType: resource/tm.android.unknown
01-10 15:10:35.324 11945 11960 I _DownloadInfo: mURL: https://vatplat.gtimg.cn/offline/208/5245/5256/20230109/comp_bsdiff_141657.7z
01-10 15:10:35.324 11945 11960 I _DownloadInfo: mBakUrl: null
01-10 15:10:35.324 11945 11960 I _DownloadInfo: mTotalBytes: 0
01-10 15:10:35.324 11945 11960 I _DownloadInfo: mUUID: fcfb9f73-b9cd-4d82-b074-bc1795fd524e
01-10 15:10:35.324 11945 11960 I _DownloadInfo: mStatus: 0
01-10 15:10:35.324 11945 11960 I _DownloadInfo: mReceivedBytes: 0
01-10 15:10:35.324 11945 11960 I _DownloadInfo: mFileName: fe5bdd33864fd8e71c4ac7f34aa607f8
01-10 15:10:35.324 11945 11960 I _DownloadInfo: mDownloadFailedErrCode: 0
01-10 15:10:35.324 11945 11960 I _DownloadInfo: mNetType:wifi
01-10 15:10:35.324 11945 11960 I _DownloadInfo: mDownloadFailedTime:0
01-10 15:10:35.324 11945 11960 I _DownloadInfo: mHeaderParamString:{"Accept-Encoding":"gzip"}
01-10 15:10:35.324 11945 11960 I _DownloadInfo: mAppid:0 mpackageName:null mVersioncode:null via:null
01-10 15:10:35.324 11945 11960 I _DownloadInfo: mChannelid:null traceId:fbad3f33-b0a0-47a7-a9c1-bbf78ca8cc04 extraData:null downloadType:0 mIconUrl:null mAppName:null showNotification:0 isAutoInstallBySDK:false
01-10 15:10:35.325 11945 11960 I _DownloadInfo: mFileSize = 0
01-10 15:10:35.325 11945 11960 I _DownloadInfo: mFileNameB = fe5bdd33864fd8e71c4ac7f34aa607f8
01-10 15:10:35.325 11945 12020 I wlogin_sdk[null:6]: init start
01-10 15:10:35.328 11945 12020 I wlogin_sdk[null:22]: get guid from file
01-10 15:10:35.331 11945 12020 I wlogin_sdk[null:45]: get saved guid 6c63e073f07d7cfdd6f3806f7b9a76ac
01-10 15:10:35.332 11945 12020 I wlogin_sdk[null:19]: generate guid temporarily
01-10 15:10:35.332 11945 12020 D PandoraEx.MonitorReporter: module[device], systemApi[SE#G_AID], scene[back], strategy[cache_only], isSystemCall[false
01-10 15:10:35.332 11945 12020 I wlogin_sdk[null:31]: Encode 2 len:8
01-10 15:10:35.333 11945 12020 I wlogin_sdk[null:31]: Encode 4 len:16
01-10 15:10:35.333 11945 11960 I LogBuilder: [Binder:11945_2:36] a.b(1): TMAssistantFile|hasExternalStorage=true, externalPath=/storage/emulated/0/Android/data/com.tencent.mobileqq|^
01-10 15:10:35.334 11945 12020 I wlogin_sdk[P:2]: android_id 72e17896d850e2df
01-10 15:10:35.334 11945 12020 I wlogin_sdk[P:2]: mac 02:00:00:00:00:00
01-10 15:10:35.334 11945 12020 I wlogin_sdk[null:31]: Encode 2 len:8
01-10 15:10:35.335 11945 12020 I wlogin_sdk[null:31]: Encode 4 len:16
01-10 15:10:35.335 11945 12020 I wlogin_sdk[null:76]: get current guid 6c63e073f07d7cfdd6f3806f7b9a76ac
01-10 15:10:35.335 11945 12020 I wlogin_sdk[null:31]: Encode 2 len:8
01-10 15:10:35.336 11945 12020 I wlogin_sdk[null:31]: Encode 4 len:16
01-10 15:10:35.336 11945 12020 I wlogin_sdk[null:19]: generate guid temporarily
01-10 15:10:35.336 11945 12020 I wlogin_sdk[P:2]: android_id 72e17896d850e2df
01-10 15:10:35.336 11945 12020 I wlogin_sdk[P:2]: mac 02:00:00:00:00:00
01-10 15:10:35.337 11945 12020 I wlogin_sdk[null:31]: Encode 2 len:8
01-10 15:10:35.337 11945 12020 I wlogin_sdk[null:31]: Encode 4 len:16
01-10 15:10:35.337 11945 11960 E _DownloadInfo: isSavePathExisted /storage/emulated/0/Android/data/com.tencent.mobileqq/tencent/TMAssistantSDK/Download/com.tencent.mobileqq/fe5bdd33864fd8e71c4ac7f34aa607f8,taskList=[]
01-10 15:10:35.337 11945 11960 I _DownloadInfo: mFileNameA = fe5bdd33864fd8e71c4ac7f34aa607f8
01-10 15:10:35.343 11945 12020 I wlogin_sdk[null:31]: Encode 2 len:8
01-10 15:10:35.344 11945 11960 I LogBuilder: [Binder:11945_2:36] a.b(1): TMAssistantFile|hasExternalStorage=true, externalPath=/storage/emulated/0/Android/data/com.tencent.mobileqq|^
01-10 15:10:35.346 11945 11960 I _DownloadInfo: halleytest updateStatus status=1, mStatus = 0
01-10 15:10:35.346 11945 11960 I DBManager: addDownloadInfo di=com.tencent.tmdownloader.internal.downloadservice.c@c212a4
01-10 15:10:35.346 11945 11960 I DBManager: addDownloadInfo di.filename=fe5bdd33864fd8e71c4ac7f34aa607f8,mURL=https://vatplat.gtimg.cn/offline/208/5245/5256/20230109/comp_bsdiff_141657.7z
01-10 15:10:35.346 11945 12020 I wlogin_sdk[null:31]: Encode 4 len:16
01-10 15:10:35.352 11945 11960 I ServiceDownloadTaskManager: clientKey:OfflineDownload,state:1,errorcode:0,url:563173104
01-10 15:10:35.353 11945 12020 I wlogin_sdk[P:8]: guid src 1
01-10 15:10:35.353  3525  4634 I TMAssistantDownloadSDKClient: clientKey:OfflineDownload,state:1, errorcode:0,url:https://vatplat.gtimg.cn/offline/208/5245/5256/20230109/comp_bsdiff_141657.7z
01-10 15:10:35.353  3525  4634 I TMAssistantDownloadSDKClient:  listener : com.tencent.biz.common.offline.a.e$a@a61b860   linstenerWeakReference :java.lang.ref.WeakReference@c08f119
01-10 15:10:35.354 11945 12020 I wlogin_sdk[null:31]: Encode 2 len:8
01-10 15:10:35.354  3525  4634 I TMAssistantDownloadMessageThread: recreate mMessagehandlerThread!
01-10 15:10:35.354 11945 12020 I wlogin_sdk[null:31]: Encode 4 len:16
01-10 15:10:35.354 11945 12020 I wlogin_sdk[null:28]: qimeiget listener = null
01-10 15:10:35.359 11945 11960 I TMADownloadSDKService: <OnDownloadStateChanged>exit
01-10 15:10:35.359  3525 12025 I TMAssistantDownloadMessageThread: <handleMessage> received postTaskStateChangedMessage signal
01-10 15:10:35.360 11945 11945 I _DownloadInfo: halleyTest onTaskPendingMainloop
01-10 15:10:35.361 11945 11960 I _DownloadInfo: <downloadReport> reportLog type=8,postReport.data: 1673334635|0|null|null|0|100|0DEA13072F38EF55F0FBF159C26F69FE|https://vatplat.gtimg.cn/offline/208/5245/5256/20230109/comp_bsdiff_141657.7z|-1|0|-1|0|0|null
01-10 15:10:35.361 11945 12012 I SDKReportManager2: <init>SDKReportManager2() process : com.tencent.mobileqq:TMAssistantDownloadSDKService
01-10 15:10:35.361 11945 12012 I DSDK_ProcessUtils: current process:com.tencent.mobileqq:TMAssistantDownloadSDKService,is remote op process:false
01-10 15:10:35.361 11945 12012 I DSDK_ProcessUtils: current process:com.tencent.mobileqq:TMAssistantDownloadSDKService,is remote op process:false
01-10 15:10:35.361 11945 12012 I SDKReportManager2: >>postReport not in sdk process, post report at SDK process,current process : com.tencent.mobileqq:TMAssistantDownloadSDKService
01-10 15:10:35.361 11945 12012 I BaseIPCClient: initTMAssistantDownloadSDK,clientKey:com.tencent.tmdownloader.RemoteOpProxy,mServiceInterface:null,threadId:86
01-10 15:10:35.367 11945 11960 I LogBuilder: [Binder:11945_2:36] a.b(1): TMAssistantFile|hasExternalStorage=true, externalPath=/storage/emulated/0/Android/data/com.tencent.mobileqq|^
01-10 15:10:35.367 11945 11960 I TMAssistantFile: getSaveFilePath rootDirString=/storage/emulated/0/Android/data/com.tencent.mobileqq/tencent/TMAssistantSDK/Download/com.tencent.mobileqq
01-10 15:10:35.368 11945 11960 I _DownloadInfo: halleyTest createNewTask mURL=https://vatplat.gtimg.cn/offline/208/5245/5256/20230109/comp_bsdiff_141657.7z,saveFilePath=/storage/emulated/0/Android/data/com.tencent.mobileqq/tencent/TMAssistantSDK/Download/com.tencent.mobileqq/fe5bdd33864fd8e71c4ac7f34aa607f8,fileName=fe5bdd33864fd8e71c4ac7f34aa607f8
01-10 15:10:35.368 11945 11960 I ApkDownloadManager: call startDownload, return errCode: 0
01-10 15:10:35.368 11945 11960 I TMADownloadSDKService: <startDownloadTask>returnValue: 0
01-10 15:10:35.368 11945 11960 I TMADownloadSDKService: <startDownloadTask>exit
01-10 15:10:35.368  3525  4634 I TMAssistantDownloadSDKClient: returnValue: 0
01-10 15:10:35.368  3525  4634 I TMAssistantDownloadSDKClient: exit
01-10 15:10:35.369 11945 12020 I wlogin_sdk[null:31]: Encode 2 len:8
01-10 15:10:35.369 11945 12020 I wlogin_sdk[null:31]: Encode 4 len:16
01-10 15:10:35.371 11945 12012 I BaseIPCClient: initTMAssistantDownloadSDK bindResult:true
01-10 15:10:35.371 11945 12012 I RemoteOpProxy: <postReport> process:com.tencent.mobileqq:TMAssistantDownloadSDKService, getServiceInterface()
01-10 15:10:35.371 11945 12012 I BaseIPCClientTIME_COST: <getServiceInterface> time before init:1673334635371ms
01-10 15:10:35.371 11945 12012 I BaseIPCClientTIME_COST: tid = 86
01-10 15:10:35.371 11945 12012 I BaseIPCClient: initTMAssistantDownloadSDK,clientKey:com.tencent.tmdownloader.RemoteOpProxy,mServiceInterface:null,threadId:86
01-10 15:10:35.373  3525  3525 I DSDK_ProcessUtils: remote op process is:com.tencent.mobileqq
01-10 15:10:35.375 11945 12012 I BaseIPCClient: initTMAssistantDownloadSDK bindResult:true
01-10 15:10:35.375 11945 12012 I BaseIPCClientTIME_COST: onServiceConnected=false,onServiceDisconnected=false
01-10 15:10:35.375 11945 12020 I wlogin_sdk[null:30]: loadTKTreeMap sigfile start name_file
01-10 15:10:35.376 11945 11945 I BaseIPCClientTIME_COST: onServiceConnected,clientKey:com.tencent.tmdownloader.RemoteOpProxy,mServiceInterface:com.tencent.tmdownloader.internal.remote.c@428fa0e,IBinder:android.os.BinderProxy@676ec2f
01-10 15:10:35.376 11945 11945 I BaseIPCClientTIME_COST: threadId:2
01-10 15:10:35.376 11945 11945 I BaseIPCClientTIME_COST: time:1673334635376ms
01-10 15:10:35.376 11945 11945 I BaseIPCClientTIME_COST: is main thread:true
01-10 15:10:35.376 11945 12012 I BaseIPCClientTIME_COST: <getServiceInterface> time after init:1673334635376ms
01-10 15:10:35.376 11945 12012 I BaseIPCClientTIME_COST: tid = 86
01-10 15:10:35.376 11945 12012 I BaseIPCClientTIME_COST: mServiceInterface = com.tencent.tmdownloader.internal.remote.c@428fa0e
01-10 15:10:35.376 11945 12012 I RemoteOpProxy: <postReport> process:com.tencent.mobileqq:TMAssistantDownloadSDKService
01-10 15:10:35.377  3525  4379 I RemoteOpImpl: <RemoteOpImpl.postReport> process:com.tencent.mobileqq, type = 8, data = 1673334635|0|null|null|0|100|0DEA13072F38EF55F0FBF159C26F69FE|https://vatplat.gtimg.cn/offline/208/5245/5256/20230109/comp_bsdiff_141657.7z|-1|0|-1|0|0|null
01-10 15:10:35.377  3525  4379 I SDKReportManager2: <init>SDKReportManager2() process : com.tencent.mobileqq
01-10 15:10:35.377  3525  4379 I DSDK_ProcessUtils: current process:com.tencent.mobileqq,is remote op process:true
01-10 15:10:35.377  3525  4379 I DSDK_ProcessUtils: current process:com.tencent.mobileqq,is remote op process:true
01-10 15:10:35.377  3525  4379 I GetConfigEngine: memoryFrequencyControl passed!
01-10 15:10:35.378  3525  4379 I DSDK_ProcessUtils: current process:com.tencent.mobileqq,is remote op process:true
01-10 15:10:35.378  3525  4379 I SettingTable: <SettingTable> init begin, process com.tencent.mobileqq
01-10 15:10:35.378  3525  4379 I DSDK_ProcessUtils: current process:com.tencent.mobileqq,is remote op process:true
01-10 15:10:35.378  3525  4379 I SettingTable: <getString> key=KEY_GET_CFG_REQUEST_DAY,process:com.tencent.mobileqq
01-10 15:10:35.380  2064  3007 D libsensor-displayalgo: the value of  brightness:433.000000,R:50172845.129069,G:49339102.162590,B:45502153.103908,EVENT_C:6940.000000,EVENT_R:2702.500000,EVENT_G:3495.500000,EVENT_B:1370.500000
01-10 15:10:35.380  2064  3007 I libsensor-displayalgo: the value of  Coef1:1107.681000,Coef4:2.383000, scale1:0.935522, scale4:0.923264
01-10 15:10:35.380  2064  3007 E libsensor-displayalgo: RGB_test_0407_400_oldzy!
01-10 15:10:35.381  2064  3007 I libsensor-displayalgo: the value of  RESULT2276.214855,898.890854,1125.044177,401.271004
01-10 15:10:35.381  2064  3007 I libsensor-displayalgo: the value of  getChannelDataCalibrated2385.491532,832.598463,1306.905374,437.580230
01-10 15:10:35.381  2064  3007 I libsensor-displayalgo: the value of  REAL LUX274.729309
01-10 15:10:35.381  2064  3007 I libsensor-displayalgo: the value of  CAL REAL LUX274.729309
01-10 15:10:35.381  3525  4379 I SettingTable: <get> time cost : 3ms
01-10 15:10:35.381  3525  4379 I DSDK_ProcessUtils: current process:com.tencent.mobileqq,is remote op process:true
01-10 15:10:35.381  3525  4379 I SettingTable: <getString> key=KEY_GET_CFG_REQUEST_HOUR,process:com.tencent.mobileqq
01-10 15:10:35.381  3525  4379 I SettingTable: <get> time cost : 0ms
01-10 15:10:35.381  3525  4379 I DSDK_ProcessUtils: current process:com.tencent.mobileqq,is remote op process:true
01-10 15:10:35.382  3525  4379 I SettingTable: <getInt> key=KEY_GET_CFG_SUCC_COUNT,process:com.tencent.mobileqq
01-10 15:10:35.382  3525  4379 I SettingTable: <get> time cost : 0ms
01-10 15:10:35.382  3525  4379 I DSDK_ProcessUtils: current process:com.tencent.mobileqq,is remote op process:true
01-10 15:10:35.382  3525  4379 I SettingTable: <setInt>key=KEY_GET_CFG_SUCC_COUNT, value=0, process:com.tencent.mobileqq
01-10 15:10:35.382  3525  4379 I SettingTable: <setInt> exit
01-10 15:10:35.382  3525  4379 I GetConfigEngine: persistenceFrequencyControl passed!
01-10 15:10:35.382  3525  4379 I DSDK_ProcessUtils: current process:com.tencent.mobileqq,is remote op process:true
01-10 15:10:35.382  3525  4379 I SettingTable: <getString> key=KEY_CRG_DATE,process:com.tencent.mobileqq
01-10 15:10:35.383  3525  4379 I SettingTable: <get> time cost : 0ms
01-10 15:10:35.383  3525  4379 I nemo_bgg: <requestAllConfig> date = 20230110, KEY_CRG_DATE = 20230109
01-10 15:10:35.386 11945 11945 I _DownloadInfo: halleyTest onTaskStartedMainloop
01-10 15:10:35.386 11945 12026 I _DownloadInfo: halleyTest onTaskStartedSubloop saveFileName =
01-10 15:10:35.386 11945 12026 I _DownloadInfo: halleyTest onTaskStartedSubloop percent=0,receivedBytes=0
01-10 15:10:35.386 11945 12026 I _DownloadInfo: halleytest updateStatus status=2, mStatus = 1
01-10 15:10:35.386 11945 12026 I DBManager: addDownloadInfo di=com.tencent.tmdownloader.internal.downloadservice.c@c212a4
01-10 15:10:35.386 11945 12026 I DBManager: addDownloadInfo di.filename=fe5bdd33864fd8e71c4ac7f34aa607f8,mURL=https://vatplat.gtimg.cn/offline/208/5245/5256/20230109/comp_bsdiff_141657.7z
01-10 15:10:35.387  3525  4379 I ProtocolPackage: enter
01-10 15:10:35.387  3525  4379 I ProtocolPackage: enter
01-10 15:10:35.392 11945 12020 I wlogin_sdk[null:48]: file /data/user/0/com.tencent.mobileqq/databases/name_file last update time 1669175562000,beforeWrite=false
01-10 15:10:35.397 11945 12020 I wlogin_sdk[null:406]: loadTKTreeMap dbdata is null at com.tencent.mobileqq:TMAssistantDownloadSDKService
01-10 15:10:35.401 11945 12020 I wlogin_sdk[null:69]: read wtlogin_report_datafailed
01-10 15:10:35.401 11945 12020 I wlogin_sdk[null:9]: need_pow_test false because not msf
01-10 15:10:35.401 11945 12020 I wlogin_sdk[P:10]: init ok os ver:12 cur_guid:6c63e073f07d7cfdd6f3806f7b9a76ac svn 2529 at com.tencent.mobileqq:TMAssistantDownloadSDKService
01-10 15:10:35.402 11945 12020 I wlogin_sdk[null:6]: start ShareKeyInit
01-10 15:10:35.402 11945 12020 I SharedPreferencesProxy: create new ContentProviderClient: WLOGIN_DEVICE_INFO
01-10 15:10:35.413 11945 12020 I wlogin_sdk[null:50]: [pubkey]getPubKeyFromFile 547
01-10 15:10:35.415 11945 12020 I wlogin_sdk[null:101]: [pubkey]checkPubKeyValid result:true
01-10 15:10:35.415 11945 12026 I ServiceDownloadTaskManager: clientKey:OfflineDownload,state:2,errorcode:0,url:563173104
01-10 15:10:35.415 11945 12020 I wlogin_sdk[null:30]: setPubKey 0440eaf325b9c66225143aa7f3961c953c3d5a8048c2b73293cdc7dcbab7f35c4c66aa8917a8fd511f9d969d02c8501bcaa3e3b11746f00567e3aea303ac5f2d25 ver:2
01-10 15:10:35.417  3525  3723 I TMAssistantDownloadSDKClient: clientKey:OfflineDownload,state:2, errorcode:0,url:https://vatplat.gtimg.cn/offline/208/5245/5256/20230109/comp_bsdiff_141657.7z
01-10 15:10:35.422 11945 12020 I wlogin_sdk[null:42]: getInitKeyTime 0
01-10 15:10:35.423  3525  3723 I TMAssistantDownloadSDKClient:  listener : com.tencent.biz.common.offline.a.e$a@a61b860   linstenerWeakReference :java.lang.ref.WeakReference@c08f119
01-10 15:10:35.424  3525 12025 I TMAssistantDownloadMessageThread: <handleMessage> received postTaskStateChangedMessage signal
01-10 15:10:35.432 11945 12020 I wlogin_sdk[null:45]: saveInitKeyTime time:1
01-10 15:10:35.434 11945 12020 I wlogin_sdk[null:34]: constructX509PublicKey publickey 3059301306072a8648ce3d020106082a8648ce3d0301070342000440eaf325b9c66225143aa7f3961c953c3d5a8048c2b73293cdc7dcbab7f35c4c66aa8917a8fd511f9d969d02c8501bcaa3e3b11746f00567e3aea303ac5f2d25 at com.tencent.mobileqq:TMAssistantDownloadSDKService
01-10 15:10:35.436 11945 12020 I wlogin_sdk[null:31]: Encode 2 len:8
01-10 15:10:35.437 11945 12020 I wlogin_sdk[null:31]: Encode 4 len:16
