01-10 15:10:36.143  3525  4379 I SDKReportManager2: >>postReport exit
01-10 15:10:36.147 11945 12043 I ServiceDownloadTaskManager: clientKey:OfflineDownload,state:2,errorcode:0,url:-750494159
01-10 15:10:36.148  3525  4379 I TMAssistantDownloadSDKClient: clientKey:OfflineDownload,state:2, errorcode:0,url:https://gamecenter-offline.gtimg.cn/offline/208/5276/5277/20230106/comp_bsdiff_141413.7z
01-10 15:10:36.148  3525  4379 I TMAssistantDownloadSDKClient:  listener : com.tencent.biz.common.offline.a.e$a@a61b860   linstenerWeakReference :java.lang.ref.WeakReference@c08f119
01-10 15:10:36.148  3525 12025 I TMAssistantDownloadMessageThread: <handleMessage> received postTaskStateChangedMessage signal
01-10 15:10:36.148 11945 12043 I TMADownloadSDKService: <OnDownloadStateChanged>exit
01-10 15:10:36.149 11945 12043 I _DownloadInfo: >buildInfo parseInt error!
01-10 15:10:36.149 11945 12043 I _DownloadInfo: java.lang.NumberFormatException: s == null
01-10 15:10:36.149 11945 12043 I _DownloadInfo: 	at java.lang.Integer.parseInt(Integer.java:577)
01-10 15:10:36.149 11945 12043 I _DownloadInfo: 	at java.lang.Integer.parseInt(Integer.java:650)
01-10 15:10:36.149 11945 12043 I _DownloadInfo: 	at com.tencent.tmdownloader.internal.downloadservice.c.a(P:118)
01-10 15:10:36.149 11945 12043 I _DownloadInfo: 	at com.tencent.tmdownloader.internal.downloadservice.c.a(P:1)
01-10 15:10:36.149 11945 12043 I _DownloadInfo: 	at com.tencent.tmdownloader.internal.downloadservice.d.onTaskStartedSubloop(P:5)
01-10 15:10:36.149 11945 12043 I _DownloadInfo: 	at com.tencent.hlyyb.downloader.e.d.d(Unknown Source:320)
01-10 15:10:36.149 11945 12043 I _DownloadInfo: 	at com.tencent.hlyyb.downloader.e.i.run(P:1)
01-10 15:10:36.149 11945 12043 I _DownloadInfo: 	at java.util.concurrent.Executors$RunnableAdapter.call(Executors.java:462)
01-10 15:10:36.149 11945 12043 I _DownloadInfo: 	at java.util.concurrent.FutureTask.run(FutureTask.java:266)
01-10 15:10:36.149 11945 12043 I _DownloadInfo: 	at java.util.concurrent.ThreadPoolExecutor.runWorker(ThreadPoolExecutor.java:1167)
01-10 15:10:36.149 11945 12043 I _DownloadInfo: 	at java.util.concurrent.ThreadPoolExecutor$Worker.run(ThreadPoolExecutor.java:641)
01-10 15:10:36.149 11945 12043 I _DownloadInfo: 	at java.lang.Thread.run(Thread.java:920)
01-10 15:10:36.149 11945 11960 I LogBuilder: [Binder:11945_2:36] a.b(1): TMAssistantFile|hasExternalStorage=true, externalPath=/storage/emulated/0/Android/data/com.tencent.mobileqq|^
01-10 15:10:36.149 11945 11960 I TMAssistantFile: getSaveFilePath rootDirString=/storage/emulated/0/Android/data/com.tencent.mobileqq/tencent/TMAssistantSDK/Download/com.tencent.mobileqq
01-10 15:10:36.149 11945 11960 I _DownloadInfo: halleyTest createNewTask mURL=https://gamecenter-offline.gtimg.cn/offline/208/5276/5277/20230106/comp_bsdiff_141413.7z,saveFilePath=/storage/emulated/0/Android/data/com.tencent.mobileqq/tencent/TMAssistantSDK/Download/com.tencent.mobileqq/86bff9a329adeeff92712feb3ee7317e,fileName=86bff9a329adeeff92712feb3ee7317e
01-10 15:10:36.149 11945 11960 I ApkDownloadManager: call startDownload, return errCode: 0
01-10 15:10:36.149 11945 11960 I TMADownloadSDKService: <startDownloadTask>returnValue: 0
01-10 15:10:36.149 11945 11960 I TMADownloadSDKService: <startDownloadTask>exit
01-10 15:10:36.149  3525  4634 I TMAssistantDownloadSDKClient: returnValue: 0
01-10 15:10:36.149  3525  4634 I TMAssistantDownloadSDKClient: exit
01-10 15:10:36.210  1939  2041 I mstatdaemon: Entering time loop
01-10 15:10:36.210  1939  2041 I mstatdaemon: t = 1673334636
01-10 15:10:36.210  1939  2041 I mstatdaemon: translated_t = 1357344636
01-10 15:10:36.210  1939  2041 I mstat_log: mstatcommitLog log_alloc() failed
01-10 15:10:36.237  3411  3693 D MSF.C.MonitorNetFlowStore: MonitorWriteDataThread Enter
01-10 15:10:36.246 11646 11693 I appium  : channel read: POST /wd/hub/session/67124945-504d-40c7-934d-8dcdbec05d6d/element
01-10 15:10:36.247 11646 11693 I appium  : FindElement command
01-10 15:10:36.248 11646 11693 I appium  : method: 'id', selector: 'cn.missevan:id/title'
01-10 15:10:36.249 11646 11693 I appium  : Waiting up to 100ms for the device to idle
01-10 15:10:36.253  3411  3693 D MSF.C.MonitorNetFlowStore: write data lenth : 1073 | read data lenth : 13538, has been stored.
01-10 15:10:36.253  3411  3693 D MSF.C.MonitorNetFlowStore: MonitorWriteDataThread End takeTimes=15
01-10 15:10:36.253  3411  3693 D MSF.C.MonitorNetFlowStore: MonitorWriteDataThread Enter
01-10 15:10:36.258  3411  3693 D MSF.C.MonitorNetFlowStore: write data lenth : 1470 | read data lenth : 174261, has been stored.
01-10 15:10:36.259  3411  3693 D MSF.C.MonitorNetFlowStore: MonitorWriteDataThread End takeTimes=6
01-10 15:10:36.259  3411  3693 D MSF.C.MonitorNetFlowStore: MonitorWriteDataThread Enter
01-10 15:10:36.263  3411  3693 D MSF.C.MonitorNetFlowStore: write data lenth : 0 | read data lenth : 0, has been stored.
01-10 15:10:36.263  3411  3693 D MSF.C.MonitorNetFlowStore: MonitorWriteDataThread End takeTimes=4
01-10 15:10:36.264  3411  3693 D MSF.C.MonitorNetFlowStore: MonitorWriteDataThread Enter
01-10 15:10:36.266  3411  3693 D MSF.C.MonitorNetFlowStore: write data lenth : 0 | read data lenth : 0, has been stored.
01-10 15:10:36.266  3411  3693 D MSF.C.MonitorNetFlowStore: MonitorWriteDataThread End takeTimes=2
01-10 15:10:36.271 11945 11954 I nloadSDKServic: This is sticky GC, maxfree is 8388608 minfree is 2097152
01-10 15:10:36.275 11945 11957 I PERF_LOG: GC.happened gc!!!!!!!!!
01-10 15:10:36.280  2064  3007 D libsensor-displayalgo: the value of  brightness:433.000000,R:50172845.129069,G:49339102.162590,B:45502153.103908,EVENT_C:6895.000000,EVENT_R:2689.500000,EVENT_G:3470.000000,EVENT_B:1357.500000
01-10 15:10:36.280  2064  3007 I libsensor-displayalgo: the value of  Coef1:1107.681000,Coef4:2.383000, scale1:0.935522, scale4:0.923264
01-10 15:10:36.280  2064  3007 E libsensor-displayalgo: RGB_test_0407_400_oldzy!
01-10 15:10:36.280  2064  3007 I libsensor-displayalgo: the value of  RESULT2276.214855,898.890854,1125.044177,401.271004
01-10 15:10:36.280  2064  3007 I libsensor-displayalgo: the value of  getChannelDataCalibrated2385.491532,832.598463,1306.905374,437.580230
01-10 15:10:36.281  2064  3007 I libsensor-displayalgo: the value of  REAL LUX271.939362
01-10 15:10:36.281  2064  3007 I libsensor-displayalgo: the value of  CAL REAL LUX271.939362
01-10 15:10:36.298 11646 11693 I appium  : AppiumResponse: {"sessionId":"67124945-504d-40c7-934d-8dcdbec05d6d","value":{"error":"no such element","message":"An element could not be located on the page using the given search parameters","stacktrace":"io.appium.uiautomator2.common.exceptions.ElementNotFoundException: An element could not be located on the page using the given search parameters\n\tat io.appium.uiautomator2.handler.FindElement.safeHandle(FindElement.java:70)\n\tat io.appium.uiautomator2.handler.request.SafeRequestHandler.handle(SafeRequestHandler.java:59)\n\tat io.appium.uiautomator2.server.AppiumServlet.handleRequest(AppiumServlet.java:266)\n\tat io.appium.uiautomator2.server.AppiumServlet.handleHttpRequest(AppiumServlet.java:260)\n\tat io.appium.uiautomator2.http.ServerHandler.channelRead(ServerHandler.java:68)\n\tat io.netty.channel.AbstractChannelHandlerContext.invokeChannelRead(AbstractChannelHandlerContext.java:366)\n\tat io.netty.channel.AbstractChannelHandlerContext.invokeChannelRead(AbstractChannelHandlerContext.java:352)\n\tat io.netty.channel.AbstractChannelHandlerContext.fireChannelRead(AbstractChannelHandlerContext.java:345)\n\tat io.netty.handler.codec.MessageToMessageDecoder.channelRead(MessageToMessageDecoder.java:102)\n\tat io.netty.channel.AbstractChannelHandlerContext.invokeChannelRead(AbstractChannelHandlerContext.java:366)\n\tat io.netty.channel.AbstractChannelHandlerContext.invokeChannelRead(AbstractChannelHandlerContext.java:352)\n\tat io.netty.channel.AbstractChannelHandlerContext.fireChannelRead(AbstractChannelHandlerContext.java:345)\n\tat io.netty.channel.CombinedChannelDuplexHandler$DelegatingChannelHandlerContext.fireChannelRead(CombinedChannelDuplexHandler.java:435)\n\tat io.netty.handler.codec.ByteToMessageDecoder.fireChannelRead(ByteToMessageDecoder.java:293)\n\tat io.netty.handler.codec.ByteToMessageDecoder.channelRead(ByteToMessageDecoder.java:267)\n\tat io.netty.channel.CombinedChannelDuplexHandler.channelRead(CombinedChannelDuplexHandler.java:250)\n\tat io.netty.channel.AbstractChannelHandlerContext.invokeChannelRead(AbstractChannelHandlerContext.java:366)\n\tat io.netty.channel.AbstractChannelHandlerContext.invokeChannelRead(AbstractChannelHandlerContext.java:352)\n\tat io.netty.channel.AbstractChannelHandlerContext.fireChannelRead(AbstractChannelHandlerContext.java:345)\n\tat io.netty.handler.timeout.IdleStateHandler.channelRead(IdleStateHandler.java:266)\n\tat io.netty.channel.AbstractChannelHandlerContext.invokeChannelRead(AbstractChannelHandlerContext.java:366)\n\tat io.netty.channel.AbstractChannelHandlerContext.invokeChannelRead(AbstractChannelHandlerContext.java:352)\n\tat io.netty.channel.AbstractChannelHandlerContext.fireChannelRead(AbstractChannelHandlerContext.java:345)\n\tat io.netty.channel.DefaultChannelPipeline$HeadContext.channelRead(DefaultChannelPipeline.java:1294)\n\tat io.netty.channel.AbstractChannelHandlerContext.invokeChannelRead(AbstractChannelHandlerContext.java:366)\n\tat io.netty.channel.AbstractChannelHandlerContext.invokeChannelRead(AbstractChannelHandlerContext.java:352)\n\tat io.netty.channel.DefaultChannelPipeline.fireChannelRead(DefaultChannelPipeline.java:911)\n\tat io.netty.channel.nio.AbstractNioByteChannel$NioByteUnsafe.read(AbstractNioByteChannel.java:131)\n\tat io.netty.channel.nio.NioEventLoop.processSelectedKey(NioEventLoop.java:611)\n\tat io.netty.channel.nio.NioEventLoop.processSelectedKeysOptimized(NioEventLoop.java:552)\n\tat io.netty.channel.nio.NioEventLoop.processSelectedKeys(NioEventLoop.java:466)\n\tat io.netty.channel.nio.NioEventLoop.run(NioEventLoop.java:438)\n\tat io.netty.util.concurrent.SingleThreadEventExecutor$2.run(SingleThreadEventExecutor.java:140)\n\tat io.netty.util.concurrent.DefaultThreadFactory$DefaultRunnableDecorator.run(DefaultThreadFactory.java:144)\n\tat java.lang.Thread.run(Thread.java:920)\n"}}
01-10 15:10:36.405  3525  4629 I SettingTable: <initCache> begin
01-10 15:10:36.406  3525  4629 I SettingTable: loading cache key = key_report_config,value = ,data = 9
01-10 15:10:36.406  3525  4629 I SettingTable: loading cache key = key_filter_config,value = ,data = 126
01-10 15:10:36.406  3525  4629 I SettingTable: loading cache key = key_new_app_center_config,value = ,data = 263
01-10 15:10:36.406  3525  4629 I SettingTable: loading cache key = key_bypass_config,value = ,data = 3
01-10 15:10:36.407  3525  4629 I SettingTable: loading cache key = analysis_last_ana_day,value = 20230110,data = 0
01-10 15:10:36.407  3525  4629 I SettingTable: loading cache key = analysis_succ_times,value = 0,data = 0
01-10 15:10:36.407  3525  4629 I SettingTable: loading cache key = KEY_CRG_DATE,value = 20230110,data = 0
01-10 15:10:36.407  3525  4629 I SettingTable: loading cache key = KEY_GET_CFG_REQUEST_DAY,value = 20230110,data = 0
01-10 15:10:36.407  3525  4629 I SettingTable: loading cache key = KEY_GET_CFG_REQUEST_HOUR,value = 2023011015,data = 0
01-10 15:10:36.407  3525  4629 I SettingTable: loading cache key = KEY_GET_CFG_SUCC_COUNT,value = 1,data = 0
01-10 15:10:36.407  3525  4629 I SettingTable: loading cache key = key_recommend_games_config,value = ,data = 3175
01-10 15:10:36.498 11945 12043 I _DownloadInfo: halleyTest onTaskDetectedSubloop saveFileName = 86bff9a329adeeff92712feb3ee7317e
01-10 15:10:36.498 11945 12043 I _DownloadInfo: halleyTest onTaskDetectedSubloop percent=0,receivedBytes=0
01-10 15:10:36.498 11945 12043 I DBManager: addDownloadInfo di=com.tencent.tmdownloader.internal.downloadservice.c@3ae2646
01-10 15:10:36.498 11945 12043 I DBManager: addDownloadInfo di.filename=86bff9a329adeeff92712feb3ee7317e,mURL=https://gamecenter-offline.gtimg.cn/offline/208/5276/5277/20230106/comp_bsdiff_141413.7z
01-10 15:10:36.503 11945 12043 I _DownloadInfo: halleytest updateStatus status=2, mStatus = 2
01-10 15:10:36.503 11945 12043 I DBManager: addDownloadInfo di=com.tencent.tmdownloader.internal.downloadservice.c@3ae2646
01-10 15:10:36.503 11945 12043 I DBManager: addDownloadInfo di.filename=86bff9a329adeeff92712feb3ee7317e,mURL=https://gamecenter-offline.gtimg.cn/offline/208/5276/5277/20230106/comp_bsdiff_141413.7z
01-10 15:10:36.504 11945 12043 I ServiceDownloadTaskManager: clientKey:OfflineDownload,state:2,errorcode:0,url:-750494159
01-10 15:10:36.505  3525  3723 I TMAssistantDownloadSDKClient: clientKey:OfflineDownload,state:2, errorcode:0,url:https://gamecenter-offline.gtimg.cn/offline/208/5276/5277/20230106/comp_bsdiff_141413.7z
01-10 15:10:36.505  3525  3723 I TMAssistantDownloadSDKClient:  listener : com.tencent.biz.common.offline.a.e$a@a61b860   linstenerWeakReference :java.lang.ref.WeakReference@c08f119
01-10 15:10:36.505 11945 12043 I TMADownloadSDKService: <OnDownloadStateChanged>exit
01-10 15:10:36.510  3525 12025 I TMAssistantDownloadMessageThread: <handleMessage> received postTaskStateChangedMessage signal
01-10 15:10:36.513 11945 11945 I ServiceDownloadTaskManager: clientKey:OfflineDownload,receivedLen:47007,url:-750494159
01-10 15:10:36.514 11945 12043 I _DownloadInfo: halleyTest onTaskReceivedSubloop failCode=0
01-10 15:10:36.514 11945 12043 I _DownloadInfo: halleyTest onTaskReceivedSubloop mReceivedBytes =47007
01-10 15:10:36.514 11945 12043 I _DownloadInfo: halleyTest onTaskReceivedSubloop receivedLength=47007
01-10 15:10:36.515 11945 11945 I TMADownloadSDKService: <OnDownloadProgressChanged>exit
01-10 15:10:36.515  3525 12025 I TMAssistantDownloadMessageThread: <handleMessage> received postTaskProgressChangedMessage signal
01-10 15:10:36.515 11945 12043 I _DownloadInfo: halleyTest onTaskCompletedSubloop saveFileName = 86bff9a329adeeff92712feb3ee7317e
01-10 15:10:36.515 11945 11945 I _DownloadInfo: halleyTest onTaskCompletedMainloop
01-10 15:10:36.515 11945 12043 I ServiceDownloadTaskManager: clientKey:OfflineDownload,receivedLen:47007,url:-750494159
01-10 15:10:36.515  3525 12025 I TMAssistantDownloadMessageThread: <handleMessage> received postTaskProgressChangedMessage signal
01-10 15:10:36.515 11945 12043 I TMADownloadSDKService: <OnDownloadProgressChanged>exit
01-10 15:10:36.515 11945 12043 I _DownloadInfo: halleytest updateStatus status=4, mStatus = 2
01-10 15:10:36.516 11945 12043 I DBManager: addDownloadInfo di=com.tencent.tmdownloader.internal.downloadservice.c@3ae2646
01-10 15:10:36.516 11945 12043 I DBManager: addDownloadInfo di.filename=86bff9a329adeeff92712feb3ee7317e,mURL=https://gamecenter-offline.gtimg.cn/offline/208/5276/5277/20230106/comp_bsdiff_141413.7z
01-10 15:10:36.519 11945 12043 I ServiceDownloadTaskManager: clientKey:OfflineDownload,state:4,errorcode:0,url:-750494159
01-10 15:10:36.520  3525  3723 I TMAssistantDownloadSDKClient: clientKey:OfflineDownload,state:4, errorcode:0,url:https://gamecenter-offline.gtimg.cn/offline/208/5276/5277/20230106/comp_bsdiff_141413.7z
01-10 15:10:36.520  3525  3723 I TMAssistantDownloadSDKClient:  listener : com.tencent.biz.common.offline.a.e$a@a61b860   linstenerWeakReference :java.lang.ref.WeakReference@c08f119
01-10 15:10:36.520  3525 12025 I TMAssistantDownloadMessageThread: <handleMessage> received postTaskStateChangedMessage signal
01-10 15:10:36.520  3525 12025 I TMAssistantDownloadSDKClient: enter
01-10 15:10:36.520  3525 12025 I TMAssistantDownloadSDKClient: clientKey:OfflineDownload,url:https://gamecenter-offline.gtimg.cn/offline/208/5276/5277/20230106/comp_bsdiff_141413.7z
01-10 15:10:36.521 11945 11960 I TMADownloadSDKService: <getDownloadTaskInfo>enter
01-10 15:10:36.523 11945 12043 I TMADownloadSDKService: <OnDownloadStateChanged>exit
01-10 15:10:36.523 11945 12043 I _DownloadInfo: halleyTest onTaskCompletedSubloop mReceivedBytes=47007,totalSize=47007
01-10 15:10:36.523 11945 12043 I _DownloadInfo: <downloadReport> reportLog type=8,postReport.data: 1673334636|0|null|null|0|103|1DC369ED3462902B65CD38D5890B05A0|https://gamecenter-offline.gtimg.cn/offline/208/5276/5277/20230106/comp_bsdiff_141413.7z|-1|0|1673334636140|372|47007|null
01-10 15:10:36.523 11945 12043 E BoutiqueGameRT: download complete, mTaskPackageName is empty! || not bgg
01-10 15:10:36.523 11945 12012 I DSDK_ProcessUtils: current process:com.tencent.mobileqq:TMAssistantDownloadSDKService,is remote op process:false
01-10 15:10:36.523 11945 12012 I SDKReportManager2: >>postReport not in sdk process, post report at SDK process,current process : com.tencent.mobileqq:TMAssistantDownloadSDKService
01-10 15:10:36.523 11945 12043 I _DownloadInfo: >buildInfo parseInt error!
01-10 15:10:36.523 11945 12043 I _DownloadInfo: java.lang.NumberFormatException: s == null
01-10 15:10:36.523 11945 12043 I _DownloadInfo: 	at java.lang.Integer.parseInt(Integer.java:577)
01-10 15:10:36.523 11945 12043 I _DownloadInfo: 	at java.lang.Integer.parseInt(Integer.java:650)
01-10 15:10:36.523 11945 12043 I _DownloadInfo: 	at com.tencent.tmdownloader.internal.downloadservice.c.a(P:118)
01-10 15:10:36.523 11945 12043 I _DownloadInfo: 	at com.tencent.tmdownloader.internal.downloadservice.c.a(P:1)
01-10 15:10:36.523 11945 12043 I _DownloadInfo: 	at com.tencent.tmdownloader.internal.downloadservice.d.onTaskCompletedSubloop(P:9)
01-10 15:10:36.523 11945 12043 I _DownloadInfo: 	at com.tencent.hlyyb.downloader.e.d.d(Unknown Source:72)
01-10 15:10:36.523 11945 12043 I _DownloadInfo: 	at com.tencent.hlyyb.downloader.e.i.run(P:1)
01-10 15:10:36.523 11945 12043 I _DownloadInfo: 	at java.util.concurrent.Executors$RunnableAdapter.call(Executors.java:462)
01-10 15:10:36.523 11945 12043 I _DownloadInfo: 	at java.util.concurrent.FutureTask.run(FutureTask.java:266)
01-10 15:10:36.523 11945 12043 I _DownloadInfo: 	at java.util.concurrent.ThreadPoolExecutor.runWorker(ThreadPoolExecutor.java:1167)
01-10 15:10:36.523 11945 12043 I _DownloadInfo: 	at java.util.concurrent.ThreadPoolExecutor$Worker.run(ThreadPoolExecutor.java:641)
01-10 15:10:36.523 11945 12043 I _DownloadInfo: 	at java.lang.Thread.run(Thread.java:920)
01-10 15:10:36.524 11945 12012 I RemoteOpProxy: <postReport> process:com.tencent.mobileqq:TMAssistantDownloadSDKService, getServiceInterface()
01-10 15:10:36.524 11945 12012 I RemoteOpProxy: <postReport> process:com.tencent.mobileqq:TMAssistantDownloadSDKService
01-10 15:10:36.524  3525  3723 I RemoteOpImpl: <RemoteOpImpl.postReport> process:com.tencent.mobileqq, type = 8, data = 1673334636|0|null|null|0|103|1DC369ED3462902B65CD38D5890B05A0|https://gamecenter-offline.gtimg.cn/offline/208/5276/5277/20230106/comp_bsdiff_141413.7z|-1|0|1673334636140|372|47007|null
01-10 15:10:36.524  3525  3723 I DSDK_ProcessUtils: current process:com.tencent.mobileqq,is remote op process:true
01-10 15:10:36.524  3525  3723 I SDKReportManager2: >>postReport type = 8 data = 1673334636|0|null|null|0|103|1DC369ED3462902B65CD38D5890B05A0|https://gamecenter-offline.gtimg.cn/offline/208/5276/5277/20230106/comp_bsdiff_141413.7z|-1|0|1673334636140|372|47007|null,process:com.tencent.mobileqq
01-10 15:10:36.524  3525  3723 I SDKReportManager2: >>postReport exit
01-10 15:10:36.528 11945 11960 I LogBuilder: [Binder:11945_2:36] a.b(1): TMAssistantFile|hasExternalStorage=true, externalPath=/storage/emulated/0/Android/data/com.tencent.mobileqq|^
01-10 15:10:36.528 11945 11960 I TMAssistantFile: getSaveFilePath rootDirString=/storage/emulated/0/Android/data/com.tencent.mobileqq/tencent/TMAssistantSDK/Download/com.tencent.mobileqq
01-10 15:10:36.533 11945 11960 I LogBuilder: [Binder:11945_2:36] a.b(1): TMAssistantFile|hasExternalStorage=true, externalPath=/storage/emulated/0/Android/data/com.tencent.mobileqq|^
01-10 15:10:36.533 11945 11960 I TMAssistantFile: getSaveFilePath rootDirString=/storage/emulated/0/Android/data/com.tencent.mobileqq/tencent/TMAssistantSDK/Download/com.tencent.mobileqq
01-10 15:10:36.533 11945 11960 I ServiceDownloadTaskManager: TMAssistantDownloadTaskInfo pkg is: null, mAppName is: null dt mAppName is: null, isAutoInstallBySDK is: false
01-10 15:10:36.533 11945 11960 I TMADownloadSDKService: <getDownloadTaskInfo>returnValue: com.tencent.tmassistant.aidl.TMAssistantDownloadTaskInfo@8ec85c9
01-10 15:10:36.533 11945 11960 I TMADownloadSDKService: <getDownloadTaskInfo>exit
01-10 15:10:36.533  3525 12025 I TMAssistantDownloadSDKClient: returnValue(taskInfo): com.tencent.tmassistant.aidl.TMAssistantDownloadTaskInfo@d39325
01-10 15:10:36.537  3525 12025 W SwiftBrowserOfflineHandler: now reset bid cache! 5277
01-10 15:10:36.538  3525 12025 W BidDownloader: can not recognize download compress file format, /storage/emulated/0/Android/data/com.tencent.mobileqq/tencent/MobileQQ/pddata/app/offline/tmp/5277.7z
01-10 15:10:36.538  3525 12025 D LzmaDecodeHelper: isUseNewLoad, isToggle: false
01-10 15:10:36.538  3525 12025 D SoLoadCore: loadSo begin, libName[DecodeSo]
01-10 15:10:36.539  3525 12025 W SoLoadCore: assestCrcConfigs already exists
01-10 15:10:36.539  3525 12025 D SoLoadCore: getRightcrcWhenLoadSo libDecodeSo.so: 3204176052
01-10 15:10:36.539  3525 12025 E LIBNATIVE-MEMORY-LIBRARY-LIB: jni-loadlibrary-util.cpp:MyNativeLoad(70) >> native load /data/app/~~lG7xG2hkDc7uakEhlV0hOA==/com.tencent.mobileqq-zSg5QPLGjT5fbNRsmv7Ksg==/lib/arm64/libDecodeSo.so, isSystem 0
01-10 15:10:36.539  3525 12025 D SoLoadCore: System.loadLibrary, lib = DecodeSo suc
01-10 15:10:36.539  3525 12025 D SoLoadUtilNew: loadSoByName[DecodeSo], loadRes[true], resultCode[15728640]
01-10 15:10:36.549  3525 12025 I HtmlCheckUpdate: -->offline:doUpdateZip start:5277
01-10 15:10:36.562  3525  3525 I OfflineExpire: loaded predown bid=5277 code=0 finish=false cnt=18 this=198972632
01-10 15:10:36.564  3525  3552 I OfflineExpire: realStart predown bid=5279
01-10 15:10:36.564  3525  4634 I TMAssistantDownloadManager: <getDownloadSDKClient> clientKey = OfflineDownload,process Name:com.tencent.mobileqq
01-10 15:10:36.565  3525  4634 I TMAssistantDownloadManager: enter
01-10 15:10:36.565  3525  4634 I TMAssistantDownloadManager: clientKey: OfflineDownload
01-10 15:10:36.565  3525  4634 I TMAssistantDownloadManager: SDKClient exists
01-10 15:10:36.565  3525  4634 I TMAssistantDownloadManager: returnValue(clientItem): com.tencent.tmdownloader.TMAssistantDownloadClient@bdd82c7
01-10 15:10:36.565  3525  4634 I TMAssistantDownloadManager: exit
01-10 15:10:36.565  3525  4634 I TMAssistantDownloadSDKClient: enter
01-10 15:10:36.565  3525  4634 I TMAssistantDownloadSDKClient: clientKey:OfflineDownload,url:https://gamecenter-offline.gtimg.cn/offline/208/5276/5279/20230106/comp_bsdiff_141415.7z
01-10 15:10:36.565 11945 11960 I TMADownloadSDKService: <getDownloadTaskInfo>enter
01-10 15:10:36.571 11945 11960 I LogBuilder: [Binder:11945_2:36] a.b(1): TMAssistantFile|hasExternalStorage=true, externalPath=/storage/emulated/0/Android/data/com.tencent.mobileqq|^
01-10 15:10:36.571 11945 11960 I TMAssistantFile: getSaveFilePath rootDirString=/storage/emulated/0/Android/data/com.tencent.mobileqq/tencent/TMAssistantSDK/Download/com.tencent.mobileqq
01-10 15:10:36.571 11945 11960 I DownloadHelper: genExistedAPKFileNameByUrl url = https://gamecenter-offline.gtimg.cn/offline/208/5276/5279/20230106/comp_bsdiff_141415.7z
01-10 15:10:36.572 11945 11960 I DownloadHelper: genExistedAPKFileNameByUrl fileName == null, return fileName = 16f336b57771e36a44f65bcd9115b2af.apk
01-10 15:10:36.576 11945 11960 I LogBuilder: [Binder:11945_2:36] a.b(1): TMAssistantFile|hasExternalStorage=true, externalPath=/storage/emulated/0/Android/data/com.tencent.mobileqq|^
01-10 15:10:36.577 11945 11960 I TMAssistantFile: getSaveFilePath rootDirString=/storage/emulated/0/Android/data/com.tencent.mobileqq/tencent/TMAssistantSDK/Download/com.tencent.mobileqq
01-10 15:10:36.583 11945 11960 I LogBuilder: [Binder:11945_2:36] a.b(1): TMAssistantFile|hasExternalStorage=true, externalPath=/storage/emulated/0/Android/data/com.tencent.mobileqq|^
01-10 15:10:36.583 11945 11960 I TMAssistantFile: getSaveFilePath rootDirString=/storage/emulated/0/Android/data/com.tencent.mobileqq/tencent/TMAssistantSDK/Download/com.tencent.mobileqq
01-10 15:10:36.583 11945 11960 I TMADownloadSDKService: <getDownloadTaskInfo>returnValue: null
01-10 15:10:36.583 11945 11960 I TMADownloadSDKService: <getDownloadTaskInfo>exit
01-10 15:10:36.584  3525  4634 I TMAssistantDownloadSDKClient: returnValue(taskInfo): null
01-10 15:10:36.586  3525  4634 I TMAssistantDownloadManager: <getDownloadSDKClient> clientKey = OfflineDownload,process Name:com.tencent.mobileqq
01-10 15:10:36.586  3525  4634 I TMAssistantDownloadManager: enter
01-10 15:10:36.586  3525  4634 I TMAssistantDownloadManager: clientKey: OfflineDownload
01-10 15:10:36.587  3525  4634 I TMAssistantDownloadManager: SDKClient exists
01-10 15:10:36.587  3525  4634 I TMAssistantDownloadManager: returnValue(clientItem): com.tencent.tmdownloader.TMAssistantDownloadClient@bdd82c7
01-10 15:10:36.587  3525  4634 I TMAssistantDownloadManager: exit
01-10 15:10:36.587  3525  4634 I TMAssistantDownloadSDKClient: enter
01-10 15:10:36.587  3525  4634 I TMAssistantDownloadSDKClient: returnValue: true
01-10 15:10:36.587  3525  4634 I TMAssistantDownloadSDKClient: exit
01-10 15:10:36.587  3525  4634 I TMAssistantDownloadSDKClient: enter
01-10 15:10:36.587  3525  4634 I TMAssistantDownloadSDKClient: clientKey:OfflineDownload,url:https://gamecenter-offline.gtimg.cn/offline/208/5276/5279/20230106/comp_bsdiff_141415.7z; priority: 0; contentType: resource/tm.android.unknown; fileName  16f336b57771e36a44f65bcd9115b2af
01-10 15:10:36.587  3525  4634 I TMAssistantDownloadSDKClient: params.size: 1
01-10 15:10:36.587  3525  4634 I TMAssistantDownloadSDKClient: startDownloadTask
01-10 15:10:36.588 11945 11960 I TMADownloadSDKService: <startDownloadTask>enter
01-10 15:10:36.588 11945 11960 I TMADownloadSDKService: <startDownloadTask>clientkey:OfflineDownload,url:https://gamecenter-offline.gtimg.cn/offline/208/5276/5279/20230106/comp_bsdiff_141415.7z,manager:com.tencent.tmdownloader.internal.downloadservice.a.c@6fd0447,fileName:16f336b57771e36a44f65bcd9115b2af
01-10 15:10:36.588 11945 11960 I TMADownloadSDKService: startDownloadTask params size : 2
01-10 15:10:36.588 11945 11960 I TMADownloadSDKService: startDownloadTask params do not cotain notification
01-10 15:10:36.592 11945 11960 I ServiceDownloadTaskManager: clientKey:OfflineDownload
01-10 15:10:36.592 11945 11960 I ServiceDownloadTaskManager: clientKey:OfflineDownload,taskItem is null
01-10 15:10:36.592 11945 11960 I ServiceDownloadTaskManager: clientKey:OfflineDownload,add newTask
01-10 15:10:36.592 11945 11960 I ServiceDownloadTaskManager: clientKey:OfflineDownload,start newTask download
01-10 15:10:36.592 11945 11960 I ApkDownloadManager: call startDownload, url: https://gamecenter-offline.gtimg.cn/offline/208/5276/5279/20230106/comp_bsdiff_141415.7zpriority: 0
01-10 15:10:36.601 11945 11960 I LogBuilder: [Binder:11945_2:36] a.b(1): TMAssistantFile|hasExternalStorage=true, externalPath=/storage/emulated/0/Android/data/com.tencent.mobileqq|^
01-10 15:10:36.601 11945 11960 I TMAssistantFile: getSaveFilePath rootDirString=/storage/emulated/0/Android/data/com.tencent.mobileqq/tencent/TMAssistantSDK/Download/com.tencent.mobileqq
01-10 15:10:36.603 11945 11960 W ApkDownloadManager: fileSize
01-10 15:10:36.608 11945 11960 I LogBuilder: [Binder:11945_2:36] a.b(1): TMAssistantFile|hasExternalStorage=true, externalPath=/storage/emulated/0/Android/data/com.tencent.mobileqq|^
01-10 15:10:36.608 11945 11960 I TMAssistantFile: getSaveFilePath rootDirString=/storage/emulated/0/Android/data/com.tencent.mobileqq/tencent/TMAssistantSDK/Download/com.tencent.mobileqq
01-10 15:10:36.608 11945 11960 I ApkDownloadManager: call startDownload, fileExited = false
01-10 15:10:36.608 11945 11960 I ApkDownloadManager: di.mQQBusinessId = null
01-10 15:10:36.608 11945 11960 I ApkDownloadManager: di.mCallingStack = java.lang.Throwable
01-10 15:10:36.608 11945 11960 I ApkDownloadManager: 	at com.tencent.tmdownloader.TMAssistantDownloadClient.startDownloadTask(P:32)
01-10 15:10:36.608 11945 11960 I ApkDownloadManager: 	at com.tencent.biz.common.offline.a.e.a(P:16)
01-10 15:10:36.608 11945 11960 I ApkDownloadManager: 	at com.tencent.biz.common.offline.BidDownloader$2.run(P:6)
01-10 15:10:36.608 11945 11960 I ApkDownloadManager: 	at android.os.Handler.handleCallback(Handler.java:938)
01-10 15:10:36.608 11945 11960 I ApkDownloadManager: 	at android.os.Handler.dispatchMessage(Handler.java:99)
01-10 15:10:36.608 11945 11960 I ApkDownloadManager: 	at android.os.Looper.loopOnce(Looper.java:211)
01-10 15:10:36.608 11945 11960 I ApkDownloadManager: 	at android.os.Looper.loop(Looper.java:300)
01-10 15:10:36.608 11945 11960 I ApkDownloadManager: 	at android.os.HandlerThread.run(HandlerThread.java:67)
01-10 15:10:36.608 11945 11960 I _DownloadInfo: url: https://gamecenter-offline.gtimg.cn/offline/208/5276/5279/20230106/comp_bsdiff_141415.7z
01-10 15:10:36.608 11945 11960 I _DownloadInfo: startDownloadIfReady...
01-10 15:10:36.608 11945 11960 I _DownloadInfo: --------dump DownloadInfo-----------
01-10 15:10:36.608 11945 11960 I _DownloadInfo: mContentType: resource/tm.android.unknown
01-10 15:10:36.608 11945 11960 I _DownloadInfo: mURL: https://gamecenter-offline.gtimg.cn/offline/208/5276/5279/20230106/comp_bsdiff_141415.7z
01-10 15:10:36.608 11945 11960 I _DownloadInfo: mBakUrl: null
01-10 15:10:36.608 11945 11960 I _DownloadInfo: mTotalBytes: 0
01-10 15:10:36.609 11945 11960 I _DownloadInfo: mUUID: 95cf7f54-1ffc-4e9d-971a-e2740cdbf667
01-10 15:10:36.609 11945 11960 I _DownloadInfo: mStatus: 0
01-10 15:10:36.609 11945 11960 I _DownloadInfo: mReceivedBytes: 0
01-10 15:10:36.609 11945 11960 I _DownloadInfo: mFileName: 16f336b57771e36a44f65bcd9115b2af
01-10 15:10:36.609 11945 11960 I _DownloadInfo: mDownloadFailedErrCode: 0
01-10 15:10:36.609 11945 11960 I _DownloadInfo: mNetType:wifi
01-10 15:10:36.609 11945 11960 I _DownloadInfo: mDownloadFailedTime:0
01-10 15:10:36.609 11945 11960 I _DownloadInfo: mHeaderParamString:{"Accept-Encoding":"gzip"}
01-10 15:10:36.609 11945 11960 I _DownloadInfo: mAppid:0 mpackageName:null mVersioncode:null via:null
01-10 15:10:36.609 11945 11960 I _DownloadInfo: mChannelid:null traceId:f8ef0470-b9b8-42f0-b859-085ffb606c70 extraData:null downloadType:0 mIconUrl:null mAppName:null showNotification:0 isAutoInstallBySDK:false
01-10 15:10:36.609 11945 11960 I _DownloadInfo: mFileSize = 0
01-10 15:10:36.609 11945 11960 I _DownloadInfo: mFileNameB = 16f336b57771e36a44f65bcd9115b2af
01-10 15:10:36.624 11945 11960 I LogBuilder: [Binder:11945_2:36] a.b(1): TMAssistantFile|hasExternalStorage=true, externalPath=/storage/emulated/0/Android/data/com.tencent.mobileqq|^
01-10 15:10:36.624 11945 11960 E _DownloadInfo: isSavePathExisted /storage/emulated/0/Android/data/com.tencent.mobileqq/tencent/TMAssistantSDK/Download/com.tencent.mobileqq/16f336b57771e36a44f65bcd9115b2af,taskList=[com.tencent.hlyyb.downloader.e.i@9e50221, com.tencent.hlyyb.downloader.e.i@fee64ce]
01-10 15:10:36.624 11945 11960 I _DownloadInfo: mFileNameA = 16f336b57771e36a44f65bcd9115b2af
01-10 15:10:36.629 11945 11960 I LogBuilder: [Binder:11945_2:36] a.b(1): TMAssistantFile|hasExternalStorage=true, externalPath=/storage/emulated/0/Android/data/com.tencent.mobileqq|^
01-10 15:10:36.630 11945 11960 I _DownloadInfo: halleytest updateStatus status=1, mStatus = 0
01-10 15:10:36.630 11945 11960 I DBManager: addDownloadInfo di=com.tencent.tmdownloader.internal.downloadservice.c@8bdfef
01-10 15:10:36.630 11945 11960 I DBManager: addDownloadInfo di.filename=16f336b57771e36a44f65bcd9115b2af,mURL=https://gamecenter-offline.gtimg.cn/offline/208/5276/5279/20230106/comp_bsdiff_141415.7z
01-10 15:10:36.634 11945 11960 I ServiceDownloadTaskManager: clientKey:OfflineDownload,state:1,errorcode:0,url:-475674963
01-10 15:10:36.635  3525  4634 I TMAssistantDownloadSDKClient: clientKey:OfflineDownload,state:1, errorcode:0,url:https://gamecenter-offline.gtimg.cn/offline/208/5276/5279/20230106/comp_bsdiff_141415.7z
01-10 15:10:36.635  3525  4634 I TMAssistantDownloadSDKClient:  listener : com.tencent.biz.common.offline.a.e$a@a61b860   linstenerWeakReference :java.lang.ref.WeakReference@c08f119
01-10 15:10:36.635  3525 12025 I TMAssistantDownloadMessageThread: <handleMessage> received postTaskStateChangedMessage signal
01-10 15:10:36.635 11945 11960 I TMADownloadSDKService: <OnDownloadStateChanged>exit
01-10 15:10:36.636 11945 11945 I _DownloadInfo: halleyTest onTaskPendingMainloop
01-10 15:10:36.636 11945 11960 I _DownloadInfo: <downloadReport> reportLog type=8,postReport.data: 1673334636|0|null|null|0|100|22F2726A214968C0587B6DD6F026F3AD|https://gamecenter-offline.gtimg.cn/offline/208/5276/5279/20230106/comp_bsdiff_141415.7z|-1|0|-1|0|0|null
01-10 15:10:36.636 11945 12012 I DSDK_ProcessUtils: current process:com.tencent.mobileqq:TMAssistantDownloadSDKService,is remote op process:false
01-10 15:10:36.636 11945 12012 I SDKReportManager2: >>postReport not in sdk process, post report at SDK process,current process : com.tencent.mobileqq:TMAssistantDownloadSDKService
01-10 15:10:36.636 11945 12012 I RemoteOpProxy: <postReport> process:com.tencent.mobileqq:TMAssistantDownloadSDKService, getServiceInterface()
01-10 15:10:36.636 11945 12012 I RemoteOpProxy: <postReport> process:com.tencent.mobileqq:TMAssistantDownloadSDKService
01-10 15:10:36.636  3525  3723 I RemoteOpImpl: <RemoteOpImpl.postReport> process:com.tencent.mobileqq, type = 8, data = 1673334636|0|null|null|0|100|22F2726A214968C0587B6DD6F026F3AD|https://gamecenter-offline.gtimg.cn/offline/208/5276/5279/20230106/comp_bsdiff_141415.7z|-1|0|-1|0|0|null
01-10 15:10:36.636  3525  3723 I DSDK_ProcessUtils: current process:com.tencent.mobileqq,is remote op process:true
01-10 15:10:36.636  3525  3723 I SDKReportManager2: >>postReport type = 8 data = 1673334636|0|null|null|0|100|22F2726A214968C0587B6DD6F026F3AD|https://gamecenter-offline.gtimg.cn/offline/208/5276/5279/20230106/comp_bsdiff_141415.7z|-1|0|-1|0|0|null,process:com.tencent.mobileqq
01-10 15:10:36.637  3525  3723 I SDKReportManager2: >>postReport exit
01-10 15:10:36.638 11945 12026 I _DownloadInfo: halleyTest onTaskStartedSubloop saveFileName =
01-10 15:10:36.638 11945 12026 I _DownloadInfo: halleyTest onTaskStartedSubloop percent=0,receivedBytes=0
01-10 15:10:36.638 11945 12026 I _DownloadInfo: halleytest updateStatus status=2, mStatus = 1
01-10 15:10:36.638 11945 12026 I DBManager: addDownloadInfo di=com.tencent.tmdownloader.internal.downloadservice.c@8bdfef
01-10 15:10:36.638 11945 12026 I DBManager: addDownloadInfo di.filename=16f336b57771e36a44f65bcd9115b2af,mURL=https://gamecenter-offline.gtimg.cn/offline/208/5276/5279/20230106/comp_bsdiff_141415.7z
01-10 15:10:36.638 11945 11945 I _DownloadInfo: halleyTest onTaskStartedMainloop
01-10 15:10:36.641 11945 12026 I ServiceDownloadTaskManager: clientKey:OfflineDownload,state:2,errorcode:0,url:-475674963
01-10 15:10:36.641  3525  4379 I TMAssistantDownloadSDKClient: clientKey:OfflineDownload,state:2, errorcode:0,url:https://gamecenter-offline.gtimg.cn/offline/208/5276/5279/20230106/comp_bsdiff_141415.7z
01-10 15:10:36.641  3525  4379 I TMAssistantDownloadSDKClient:  listener : com.tencent.biz.common.offline.a.e$a@a61b860   linstenerWeakReference :java.lang.ref.WeakReference@c08f119
01-10 15:10:36.642 11945 12026 I TMADownloadSDKService: <OnDownloadStateChanged>exit
01-10 15:10:36.642  3525 12025 I TMAssistantDownloadMessageThread: <handleMessage> received postTaskStateChangedMessage signal
01-10 15:10:36.642 11945 12026 I _DownloadInfo: >buildInfo parseInt error!
01-10 15:10:36.642 11945 12026 I _DownloadInfo: java.lang.NumberFormatException: s == null
01-10 15:10:36.642 11945 12026 I _DownloadInfo: 	at java.lang.Integer.parseInt(Integer.java:577)
01-10 15:10:36.642 11945 12026 I _DownloadInfo: 	at java.lang.Integer.parseInt(Integer.java:650)
01-10 15:10:36.642 11945 12026 I _DownloadInfo: 	at com.tencent.tmdownloader.internal.downloadservice.c.a(P:118)
01-10 15:10:36.642 11945 12026 I _DownloadInfo: 	at com.tencent.tmdownloader.internal.downloadservice.c.a(P:1)
01-10 15:10:36.642 11945 12026 I _DownloadInfo: 	at com.tencent.tmdownloader.internal.downloadservice.d.onTaskStartedSubloop(P:5)
01-10 15:10:36.642 11945 12026 I _DownloadInfo: 	at com.tencent.hlyyb.downloader.e.d.d(Unknown Source:320)
01-10 15:10:36.642 11945 12026 I _DownloadInfo: 	at com.tencent.hlyyb.downloader.e.i.run(P:1)
01-10 15:10:36.642 11945 12026 I _DownloadInfo: 	at java.util.concurrent.Executors$RunnableAdapter.call(Executors.java:462)
01-10 15:10:36.642 11945 12026 I _DownloadInfo: 	at java.util.concurrent.FutureTask.run(FutureTask.java:266)
01-10 15:10:36.642 11945 12026 I _DownloadInfo: 	at java.util.concurrent.ThreadPoolExecutor.runWorker(ThreadPoolExecutor.java:1167)
01-10 15:10:36.642 11945 12026 I _DownloadInfo: 	at java.util.concurrent.ThreadPoolExecutor$Worker.run(ThreadPoolExecutor.java:641)
01-10 15:10:36.642 11945 12026 I _DownloadInfo: 	at java.lang.Thread.run(Thread.java:920)
01-10 15:10:36.650 11945 11960 I LogBuilder: [Binder:11945_2:36] a.b(1): TMAssistantFile|hasExternalStorage=true, externalPath=/storage/emulated/0/Android/data/com.tencent.mobileqq|^
01-10 15:10:36.650 11945 11960 I TMAssistantFile: getSaveFilePath rootDirString=/storage/emulated/0/Android/data/com.tencent.mobileqq/tencent/TMAssistantSDK/Download/com.tencent.mobileqq
01-10 15:10:36.650 11945 11960 I _DownloadInfo: halleyTest createNewTask mURL=https://gamecenter-offline.gtimg.cn/offline/208/5276/5279/20230106/comp_bsdiff_141415.7z,saveFilePath=/storage/emulated/0/Android/data/com.tencent.mobileqq/tencent/TMAssistantSDK/Download/com.tencent.mobileqq/16f336b57771e36a44f65bcd9115b2af,fileName=16f336b57771e36a44f65bcd9115b2af
01-10 15:10:36.650 11945 11960 I ApkDownloadManager: call startDownload, return errCode: 0
01-10 15:10:36.650 11945 11960 I TMADownloadSDKService: <startDownloadTask>returnValue: 0
01-10 15:10:36.650 11945 11960 I TMADownloadSDKService: <startDownloadTask>exit
01-10 15:10:36.651  3525  4634 I TMAssistantDownloadSDKClient: returnValue: 0
01-10 15:10:36.651  3525  4634 I TMAssistantDownloadSDKClient: exit
01-10 15:10:36.680  2064  3007 D libsensor-displayalgo: the value of  brightness:433.000000,R:50172845.129069,G:49339102.162590,B:45502153.103908,EVENT_C:6940.500000,EVENT_R:2701.500000,EVENT_G:3494.000000,EVENT_B:1369.500000
01-10 15:10:36.681  2064  3007 I libsensor-displayalgo: the value of  Coef1:1107.681000,Coef4:2.383000, scale1:0.935522, scale4:0.923264
01-10 15:10:36.681  2064  3007 E libsensor-displayalgo: RGB_test_0407_400_oldzy!
01-10 15:10:36.681  2064  3007 I libsensor-displayalgo: the value of  RESULT2276.214855,898.890854,1125.044177,401.271004
01-10 15:10:36.681  2064  3007 I libsensor-displayalgo: the value of  getChannelDataCalibrated2385.491532,832.598463,1306.905374,437.580230
01-10 15:10:36.681  2064  3007 I libsensor-displayalgo: the value of  REAL LUX274.815277
01-10 15:10:36.681  2064  3007 I libsensor-displayalgo: the value of  CAL REAL LUX274.815277
01-10 15:10:36.802 11945 12026 I _DownloadInfo: halleyTest onTaskDetectedSubloop saveFileName = 16f336b57771e36a44f65bcd9115b2af
01-10 15:10:36.802 11945 12026 I _DownloadInfo: halleyTest onTaskDetectedSubloop percent=0,receivedBytes=0
01-10 15:10:36.802 11945 12026 I DBManager: addDownloadInfo di=com.tencent.tmdownloader.internal.downloadservice.c@8bdfef
01-10 15:10:36.802 11945 12026 I DBManager: addDownloadInfo di.filename=16f336b57771e36a44f65bcd9115b2af,mURL=https://gamecenter-offline.gtimg.cn/offline/208/5276/5279/20230106/comp_bsdiff_141415.7z
01-10 15:10:36.807 11945 12026 I _DownloadInfo: halleytest updateStatus status=2, mStatus = 2
01-10 15:10:36.807 11945 12026 I DBManager: addDownloadInfo di=com.tencent.tmdownloader.internal.downloadservice.c@8bdfef
01-10 15:10:36.807 11945 12026 I DBManager: addDownloadInfo di.filename=16f336b57771e36a44f65bcd9115b2af,mURL=https://gamecenter-offline.gtimg.cn/offline/208/5276/5279/20230106/comp_bsdiff_141415.7z
01-10 15:10:36.808 11945 12026 I ServiceDownloadTaskManager: clientKey:OfflineDownload,state:2,errorcode:0,url:-475674963
01-10 15:10:36.808  3525  4379 I TMAssistantDownloadSDKClient: clientKey:OfflineDownload,state:2, errorcode:0,url:https://gamecenter-offline.gtimg.cn/offline/208/5276/5279/20230106/comp_bsdiff_141415.7z
01-10 15:10:36.808  3525  4379 I TMAssistantDownloadSDKClient:  listener : com.tencent.biz.common.offline.a.e$a@a61b860   linstenerWeakReference :java.lang.ref.WeakReference@c08f119
01-10 15:10:36.809 11945 12026 I TMADownloadSDKService: <OnDownloadStateChanged>exit
01-10 15:10:36.809  3525 12025 I TMAssistantDownloadMessageThread: <handleMessage> received postTaskStateChangedMessage signal
01-10 15:10:36.821 11646 11693 I appium  : channel read: POST /wd/hub/session/67124945-504d-40c7-934d-8dcdbec05d6d/element
01-10 15:10:36.822 11646 11693 I appium  : FindElement command
01-10 15:10:36.827 11646 11693 I appium  : method: 'id', selector: 'cn.missevan:id/title'
01-10 15:10:36.827 11646 11693 I appium  : Waiting up to 100ms for the device to idle
01-10 15:10:36.887 11945 12026 I _DownloadInfo: halleyTest onTaskReceivedSubloop failCode=0
01-10 15:10:36.887 11945 12026 I _DownloadInfo: halleyTest onTaskReceivedSubloop mReceivedBytes =212992
01-10 15:10:36.888 11945 12026 I _DownloadInfo: halleyTest onTaskReceivedSubloop receivedLength=212992
01-10 15:10:36.888 11945 11945 I ServiceDownloadTaskManager: clientKey:OfflineDownload,receivedLen:212992,url:-475674963
01-10 15:10:36.889 11945 11945 I TMADownloadSDKService: <OnDownloadProgressChanged>exit
01-10 15:10:36.890  3525 12025 I TMAssistantDownloadMessageThread: <handleMessage> received postTaskProgressChangedMessage signal
01-10 15:10:36.960 11646 11693 I appium  : AppiumResponse: {"sessionId":"67124945-504d-40c7-934d-8dcdbec05d6d","value":{"error":"no such element","message":"An element could not be located on the page using the given search parameters","stacktrace":"io.appium.uiautomator2.common.exceptions.ElementNotFoundException: An element could not be located on the page using the given search parameters\n\tat io.appium.uiautomator2.handler.FindElement.safeHandle(FindElement.java:70)\n\tat io.appium.uiautomator2.handler.request.SafeRequestHandler.handle(SafeRequestHandler.java:59)\n\tat io.appium.uiautomator2.server.AppiumServlet.handleRequest(AppiumServlet.java:266)\n\tat io.appium.uiautomator2.server.AppiumServlet.handleHttpRequest(AppiumServlet.java:260)\n\tat io.appium.uiautomator2.http.ServerHandler.channelRead(ServerHandler.java:68)\n\tat io.netty.channel.AbstractChannelHandlerContext.invokeChannelRead(AbstractChannelHandlerContext.java:366)\n\tat io.netty.channel.AbstractChannelHandlerContext.invokeChannelRead(AbstractChannelHandlerContext.java:352)\n\tat io.netty.channel.AbstractChannelHandlerContext.fireChannelRead(AbstractChannelHandlerContext.java:345)\n\tat io.netty.handler.codec.MessageToMessageDecoder.channelRead(MessageToMessageDecoder.java:102)\n\tat io.netty.channel.AbstractChannelHandlerContext.invokeChannelRead(AbstractChannelHandlerContext.java:366)\n\tat io.netty.channel.AbstractChannelHandlerContext.invokeChannelRead(AbstractChannelHandlerContext.java:352)\n\tat io.netty.channel.AbstractChannelHandlerContext.fireChannelRead(AbstractChannelHandlerContext.java:345)\n\tat io.netty.channel.CombinedChannelDuplexHandler$DelegatingChannelHandlerContext.fireChannelRead(CombinedChannelDuplexHandler.java:435)\n\tat io.netty.handler.codec.ByteToMessageDecoder.fireChannelRead(ByteToMessageDecoder.java:293)\n\tat io.netty.handler.codec.ByteToMessageDecoder.channelRead(ByteToMessageDecoder.java:267)\n\tat io.netty.channel.CombinedChannelDuplexHandler.channelRead(CombinedChannelDuplexHandler.java:250)\n\tat io.netty.channel.AbstractChannelHandlerContext.invokeChannelRead(AbstractChannelHandlerContext.java:366)\n\tat io.netty.channel.AbstractChannelHandlerContext.invokeChannelRead(AbstractChannelHandlerContext.java:352)\n\tat io.netty.channel.AbstractChannelHandlerContext.fireChannelRead(AbstractChannelHandlerContext.java:345)\n\tat io.netty.handler.timeout.IdleStateHandler.channelRead(IdleStateHandler.java:266)\n\tat io.netty.channel.AbstractChannelHandlerContext.invokeChannelRead(AbstractChannelHandlerContext.java:366)\n\tat io.netty.channel.AbstractChannelHandlerContext.invokeChannelRead(AbstractChannelHandlerContext.java:352)\n\tat io.netty.channel.AbstractChannelHandlerContext.fireChannelRead(AbstractChannelHandlerContext.java:345)\n\tat io.netty.channel.DefaultChannelPipeline$HeadContext.channelRead(DefaultChannelPipeline.java:1294)\n\tat io.netty.channel.AbstractChannelHandlerContext.invokeChannelRead(AbstractChannelHandlerContext.java:366)\n\tat io.netty.channel.AbstractChannelHandlerContext.invokeChannelRead(AbstractChannelHandlerContext.java:352)\n\tat io.netty.channel.DefaultChannelPipeline.fireChannelRead(DefaultChannelPipeline.java:911)\n\tat io.netty.channel.nio.AbstractNioByteChannel$NioByteUnsafe.read(AbstractNioByteChannel.java:131)\n\tat io.netty.channel.nio.NioEventLoop.processSelectedKey(NioEventLoop.java:611)\n\tat io.netty.channel.nio.NioEventLoop.processSelectedKeysOptimized(NioEventLoop.java:552)\n\tat io.netty.channel.nio.NioEventLoop.processSelectedKeys(NioEventLoop.java:466)\n\tat io.netty.channel.nio.NioEventLoop.run(NioEventLoop.java:438)\n\tat io.netty.util.concurrent.SingleThreadEventExecutor$2.run(SingleThreadEventExecutor.java:140)\n\tat io.netty.util.concurrent.DefaultThreadFactory$DefaultRunnableDecorator.run(DefaultThreadFactory.java:144)\n\tat java.lang.Thread.run(Thread.java:920)\n"}}
01-10 15:10:36.981  2064  3007 D libsensor-displayalgo: the value of  brightness:433.000000,R:50172845.129069,G:49339102.162590,B:45502153.103908,EVENT_C:6937.000000,EVENT_R:2701.000000,EVENT_G:3495.000000,EVENT_B:1370.000000
01-10 15:10:36.981  2064  3007 I libsensor-displayalgo: the value of  Coef1:1107.681000,Coef4:2.383000, scale1:0.935522, scale4:0.923264
01-10 15:10:36.981  2064  3007 E libsensor-displayalgo: RGB_test_0407_400_oldzy!
01-10 15:10:36.983  2064  3007 I libsensor-displayalgo: the value of  RESULT2276.214855,898.890854,1125.044177,401.271004
01-10 15:10:36.983  2064  3007 I libsensor-displayalgo: the value of  getChannelDataCalibrated2385.491532,832.598463,1306.905374,437.580230
01-10 15:10:36.983  2064  3007 I libsensor-displayalgo: the value of  REAL LUX274.591980
01-10 15:10:36.983  2064  3007 I libsensor-displayalgo: the value of  CAL REAL LUX274.591980
01-10 15:10:37.155  3525  4629 I SDKReportManager2: >>mPostHandler handleMessage enter
01-10 15:10:37.155  3525  4629 I SDKReportManager2: >>mPostHandler msg = MSG_POST_REPORT
01-10 15:10:37.156  3525  4629 I SDKREPORT: >>sendRequest type = 8 data = 1673334635|0|null|null|0|100|0DEA13072F38EF55F0FBF159C26F69FE|https://vatplat.gtimg.cn/offline/208/5245/5256/20230109/comp_bsdiff_141657.7z|-1|0|-1|0|0|null1673334635|0|null|null|0|103|0DEA13072F38EF55F0FBF159C26F69FE|https://vatplat.gtimg.cn/offline/208/5245/5256/20230109/comp_bsdiff_141657.7z|-1|0|1673334635385|547|168682|null1673334636|0|null|null|0|100|1DC369ED3462902B65CD38D5890B05A0|https://gamecenter-offline.gtimg.cn/offline/208/5276/5277/20230106/comp_bsdiff_141413.7z|-1|0|-1|0|0|null1673334636|0|null|null|0|103|1DC369ED3462902B65CD38D5890B05A0|https://gamecenter-offline.gtimg.cn/offline/208/5276/5277/20230106/comp_bsdiff_141413.7z|-1|0|1673334636140|372|47007|null1673334636|0|null|null|0|100|22F2726A214968C0587B6DD6F026F3AD|https://gamecenter-offline.gtimg.cn/offline/208/5276/5279/20230106/comp_bsdiff_141415.7z|-1|0|-1|0|0|null
01-10 15:10:37.158  3525  4629 I ProtocolPackage: enter
01-10 15:10:37.158  3525  4629 I ProtocolPackage: enter
01-10 15:10:37.160  3525  4629 I DeviceInfoUtil_: <getRamAvailable> :2737
01-10 15:10:37.164  3525  4629 I DeviceInfoUtil_: <getSDFreeSize> blockSize 4096
01-10 15:10:37.164  3525  4629 I DeviceInfoUtil_: <getSDFreeSize> freeBlocks 19543409
01-10 15:10:37.164  3525  4629 I DeviceInfoUtil_: <getSDFreeSize> 76341
01-10 15:10:37.168  3525  4629 I DeviceInfoUtil_: <getSDAllSize> blockSize 4096
01-10 15:10:37.168  3525  4629 I DeviceInfoUtil_: <getSDAllSize> allBlocks 27116795
01-10 15:10:37.168  3525  4629 I DeviceInfoUtil_: <getSDAllSize> 105924
01-10 15:10:37.168  3525  4629 I DeviceInfoUtil_: >>getTerminalExtra
01-10 15:10:37.168  3525  4629 I DeviceInfoUtil_:  terminalExtra.cpuName = 0
01-10 15:10:37.168  3525  4629 I DeviceInfoUtil_:   terminalExtra.cpuCoresNum = 8
01-10 15:10:37.168  3525  4629 I DeviceInfoUtil_:   terminalExtra.cpuMaxFreq = 1804800
01-10 15:10:37.168  3525  4629 I DeviceInfoUtil_:   terminalExtra.cpuMinFreq = 614400
01-10 15:10:37.168  3525  4629 I DeviceInfoUtil_:   terminalExtra.ramTotalSize = 7237
01-10 15:10:37.168  3525  4629 I DeviceInfoUtil_:   terminalExtra.ramRemainSize = 2737
01-10 15:10:37.168  3525  4629 I DeviceInfoUtil_:   terminalExtra.flashRemainSize = 76341
01-10 15:10:37.168  3525  4629 I DeviceInfoUtil_:   terminalExtra.flashTotalSize = 105924
01-10 15:10:37.168  3525  4629 I DeviceInfoUtil_:   terminalExtra.abiList =
01-10 15:10:37.168  3525  4629 I SelfUpdateSDK: getQQDownloaderAPILevel
01-10 15:10:37.171  3525  4629 D beacon  : QQ fix, get current processName: com.tencent.mobileqq osVer: Android 12,level 31 model: 2209129SC;
01-10 15:10:37.171  3525  4629 E BeaconReport: don't init beacon twice!!
01-10 15:10:37.172  3525  4629 E GlobalUtil: >getQimeijava.lang.NoSuchMethodException: No similar method getQIMEI with params [] could be found on type class com.tencent.beacon.event.UserAction.
01-10 15:10:37.172  3525  4629 I GlobalUtil: >getQimei
01-10 15:10:37.172  3525  4629 I GlobalUtil: >getQadid 01F682C4D22AB1CB99750723F5CDA3C6
01-10 15:10:37.172  3525  4629 I ProtocolPackage: exit
01-10 15:10:37.172  3525  4629 I ProtocolPackage: exit
