06-21 16:20:54.709  1289  1506 I SDM     : HWDeviceDRM::SetupAtomic: Setting mode: WxH: 1080x2400, vrefresh: 60, hskew: 0
06-21 16:20:54.709  1289  2256 I vendor.qti.hardware.display.composer-service: FrameNotifyProcess Sensor: notify citsensorservice to trigger cwb
06-21 16:20:54.710  2055  3808 I libcitsensorservice@2.0-impl: msg_transfer
06-21 16:20:54.711  2055  3319 D vendor.xiaomi.sensor.citsensorservice@2.0-service: handle id:11 wxh:1280x2400 uwxuh:1080x2400 size: 9216000 fd:15 fd_meta:16 flags:0x4000228 usage:0x33  format:0x3 layer_count: 1
06-21 16:20:54.712  1289  1864 I SDM     : HWCSession::SetCWBOutputBuffer: CWB config passed by cwb_client : tappoint 1  CWB_ROI : (829.000000 4.000000 915.000000 90.000000)
06-21 16:20:54.713  1335  2243 D FPSMonitor: threadFuncFpsMonitor display 0, fps 60
06-21 16:20:54.713  2055  3320 I libsensor-displayalgo: displayInfoCallback::display info won't handle!!!
06-21 16:20:54.714  1289 14528 I SDM     : HWCSession::ProcessRequests: Successfully configured CWB buffer.
06-21 16:20:54.718  1308  1430 E ANDR-PERF-UTIL: Failed to update node /sys/class/kgsl/kgsl-3d0/idle_timer with value 32
06-21 16:20:54.718  1308  1430 E ANDR-PERF-UTIL: 0
06-21 16:20:54.718  1308  1430 E ANDR-PERF-RESOURCEQS: Failed to reset optimization [10, 11]
06-21 16:20:54.736  1289 14528 I SDM     : HWCSession::ProcessRequests: Pushing release fence in fenece wait queue.
06-21 16:20:54.736  1289 14528 I SDM     : HWCSession::ProcessRequests: Creating AsyncFenceWaits async thread.
06-21 16:20:54.736  1289 14528 I SDM     : HWCSession::ProcessRequests: Remove current CWB request from the pending request queue.
06-21 16:20:54.736  1289 14528 I SDM     : HWCSession::ProcessRequests: No pending cwb requests found in the queue.
06-21 16:20:54.752  1289  1506 I SDM     : HWDeviceDRM::SetupConcurrentWriteback: Tear down the Concurrent Writeback topology
06-21 16:20:54.753  1289 14530 I SDM     : HWCSession::NotifyCWBStatus: Notify the client about buffer status 0.
06-21 16:20:54.754  1289 14530 I SDM     : HWCSession::PerformFenceWaits: Remove current release fence from the pending fence wait queue.
06-21 16:20:54.754  1289 14530 I SDM     : HWCSession::PerformFenceWaits: CWB fence queue is empty. No pending release fence to wait on.
06-21 16:20:54.759  2055  3327 D libsensor-displayalgo: the value of  brightness:438.000000,R:78288747.866619,G:78288943.845811,B:78301111.058432,EVENT_C:6896.500000,EVENT_R:2676.000000,EVENT_G:3479.500000,EVENT_B:1393.500000
06-21 16:20:54.759  2055  3327 I libsensor-displayalgo: the value of  Coef1:1107.681000,Coef4:2.383000, scale1:0.935522, scale4:0.923264
06-21 16:20:54.759  2055  3327 E libsensor-displayalgo: RGB_test_0407_400_oldzy!
06-21 16:20:54.760  2055  3327 I libsensor-displayalgo: the value of  RESULT3143.488055,1241.879062,1522.354140,570.296979
06-21 16:20:54.760  2055  3327 I libsensor-displayalgo: the value of  getChannelDataCalibrated3295.775618,1150.219382,1769.438579,622.440776
06-21 16:20:54.760  2055  3327 I libsensor-displayalgo: the value of  REAL LUX211.765762
06-21 16:20:54.760  2055  3327 I libsensor-displayalgo: the value of  CAL REAL LUX211.765762
06-21 16:20:54.785  2423  3216 I BatteryService: current mPlugType2current mHealthInfo.batteryLevel100current mHealthInfo.batteryTemperature384
06-21 16:20:54.790  5797  7029 D ThermalIECHandler: storeDataStyle: thermal_iec_monitor_persistence_data_style_iec_state; startIECTime: -1; IECScreenOffOverPeriodTime: 70496382
06-21 16:20:54.791  4108  4108 D QtiCarrierConfigHelper: WARNING, no carrier configs on phone Id: 0
06-21 16:20:54.791  4108  4108 D QtiCarrierConfigHelper: WARNING, no carrier configs on phone Id: 1
06-21 16:20:54.791  4162  4162 D DynamicService:  ACTION_BATTERY_CHANGED change,USB plug = 2
06-21 16:20:54.792  5797  6910 D PowerCheckerService: onBatteryChanged, mBatteryLevel = 100, status = 2, level = 100, plug = 2, scale = 100
06-21 16:20:54.792  5797  6439 D PowerKeeper.FrozenApp: onBatteryChanged plug=true mBatteryPlugged=2
06-21 16:20:54.792  5682  5682 I BatteryInfoReceiver: ACTION_BATTERY_CHANGED
06-21 16:20:54.793  5797  7046 D PowerKeeper.Thermal: mBatteryTemperature: 38
06-21 16:20:54.796  5682  5682 I PowerNoticeUI: handleBatteryChanged oldPlugType 2 mPlugType 2 oldBatteryLevel 100 mBatteryLevel 100 temperature 384
06-21 16:20:54.798  4152  4152 V DeviceStatisticsService: chargerType=2 batteryLevel=100 totalBatteryCapacity=4175000
06-21 16:20:55.059  2055  3327 D libsensor-displayalgo: the value of  brightness:438.000000,R:78288747.866619,G:78288943.845811,B:78301111.058432,EVENT_C:6896.500000,EVENT_R:2676.000000,EVENT_G:3479.500000,EVENT_B:1393.500000
06-21 16:20:55.059  2055  3327 I libsensor-displayalgo: the value of  Coef1:1107.681000,Coef4:2.383000, scale1:0.935522, scale4:0.923264
06-21 16:20:55.059  2055  3327 E libsensor-displayalgo: RGB_test_0407_400_oldzy!
06-21 16:20:55.059  2055  3327 I libsensor-displayalgo: the value of  RESULT3143.488055,1241.879062,1522.354140,570.296979
06-21 16:20:55.060  2055  3327 I libsensor-displayalgo: the value of  getChannelDataCalibrated3295.775618,1150.219382,1769.438579,622.440776
06-21 16:20:55.060  2055  3327 I libsensor-displayalgo: the value of  REAL LUX211.765762
06-21 16:20:55.060  2055  3327 I libsensor-displayalgo: the value of  CAL REAL LUX211.765762
06-21 16:20:55.359  2055  3327 D libsensor-displayalgo: the value of  brightness:438.000000,R:78288747.866619,G:78288943.845811,B:78301111.058432,EVENT_C:6896.500000,EVENT_R:2676.000000,EVENT_G:3479.500000,EVENT_B:1393.500000
06-21 16:20:55.360  2055  3327 I libsensor-displayalgo: the value of  Coef1:1107.681000,Coef4:2.383000, scale1:0.935522, scale4:0.923264
06-21 16:20:55.360  2055  3327 E libsensor-displayalgo: RGB_test_0407_400_oldzy!
06-21 16:20:55.360  2055  3327 I libsensor-displayalgo: the value of  RESULT3143.488055,1241.879062,1522.354140,570.296979
06-21 16:20:55.360  2055  3327 I libsensor-displayalgo: the value of  getChannelDataCalibrated3295.775618,1150.219382,1769.438579,622.440776
06-21 16:20:55.360  2055  3327 I libsensor-displayalgo: the value of  REAL LUX211.765762
06-21 16:20:55.360  2055  3327 I libsensor-displayalgo: the value of  CAL REAL LUX211.765762
06-21 16:20:55.635  9896  9928 I appium  : channel read: POST /wd/hub/session/3db555f4-38ab-4c1a-8864-b6332498843e/element
06-21 16:20:55.637  9896  9928 I appium  : FindElement command
06-21 16:20:55.640  9896  9928 I appium  : method: 'id', selector: 'cn.missevan:id/tv_send_log'
06-21 16:20:55.640  9896  9928 I appium  : Waiting up to 100ms for the device to idle
06-21 16:20:55.659  2055  3327 D libsensor-displayalgo: the value of  brightness:438.000000,R:78288747.866619,G:78288943.845811,B:78301111.058432,EVENT_C:6896.500000,EVENT_R:2676.000000,EVENT_G:3479.500000,EVENT_B:1393.500000
06-21 16:20:55.659  2055  3327 I libsensor-displayalgo: the value of  Coef1:1107.681000,Coef4:2.383000, scale1:0.935522, scale4:0.923264
06-21 16:20:55.659  2055  3327 E libsensor-displayalgo: RGB_test_0407_400_oldzy!
06-21 16:20:55.660  2055  3327 I libsensor-displayalgo: the value of  RESULT3143.488055,1241.879062,1522.354140,570.296979
06-21 16:20:55.660  2055  3327 I libsensor-displayalgo: the value of  getChannelDataCalibrated3295.775618,1150.219382,1769.438579,622.440776
06-21 16:20:55.660  2055  3327 I libsensor-displayalgo: the value of  REAL LUX211.765762
06-21 16:20:55.660  2055  3327 I libsensor-displayalgo: the value of  CAL REAL LUX211.765762
06-21 16:20:55.700  9896  9928 I appium  : AppiumResponse: {"sessionId":"3db555f4-38ab-4c1a-8864-b6332498843e","value":{"ELEMENT":"00000000-0000-037b-ffff-ffff00003873","element-6066-11e4-a52e-4f735466cecf":"00000000-0000-037b-ffff-ffff00003873"}}
06-21 16:20:55.717  9896  9928 I appium  : channel read: POST /wd/hub/session/3db555f4-38ab-4c1a-8864-b6332498843e/element/00000000-0000-037b-ffff-ffff00003873/click
06-21 16:20:55.719  9896  9928 I appium  : Click command
06-21 16:20:55.753  2423  2876 D MIUIInput: Input event injection from pid 9881, MotionEvent: DOWN
06-21 16:20:55.755  2423  3213 D MIUIInput: [MotionEvent] publisher action=0x4, 76603445, channel 'f33ef00 NavigationBar0 (server)'
06-21 16:20:55.756  2423  3213 D MIUIInput: [MotionEvent] publisher action=0x0, 76603445, channel 'a18407d cn.missevan/cn.missevan.activity.MainActivity (server)'
06-21 16:20:55.758  1447  2086 D RefreshRateConfigs: TouchBoost - choose 120.00fps
06-21 16:20:55.758  9965  9965 D MIUIInput: [MotionEvent] ViewRootImpl windowName 'cn.missevan/cn.missevan.activity.MainActivity', { action=ACTION_DOWN, id[0]=0, pointerCount=1, eventTime=76603445, downTime=76603444, phoneEventTime=16:20:55.739 } moveCount:0
06-21 16:20:55.759  1289  2256 I vendor.qti.hardware.display.composer-service: FrameNotifyProcess Sensor: notify citsensorservice to trigger cwb
06-21 16:20:55.759  2055  3808 I libcitsensorservice@2.0-impl: msg_transfer
06-21 16:20:55.759  2055  3319 D vendor.xiaomi.sensor.citsensorservice@2.0-service: handle id:11 wxh:1280x2400 uwxuh:1080x2400 size: 9216000 fd:15 fd_meta:16 flags:0x4000228 usage:0x33  format:0x3 layer_count: 1
06-21 16:20:55.760  1289  1864 I SDM     : HWCSession::SetCWBOutputBuffer: CWB config passed by cwb_client : tappoint 1  CWB_ROI : (829.000000 4.000000 915.000000 90.000000)
06-21 16:20:55.762  1289 14532 I SDM     : HWCSession::ProcessRequests: Successfully configured CWB buffer.
06-21 16:20:55.762  2423  5687 D MIUIInput: Input event injection from pid 9881, MotionEvent: UP
06-21 16:20:55.763  2423  3213 D MIUIInput: [MotionEvent] publisher action=0x1, 76603445, channel 'a18407d cn.missevan/cn.missevan.activity.MainActivity (server)'
06-21 16:20:55.764  9965  9965 D MIUIInput: [MotionEvent] ViewRootImpl windowName 'cn.missevan/cn.missevan.activity.MainActivity', { action=ACTION_UP, id[0]=0, pointerCount=1, eventTime=76603445, downTime=76603444, phoneEventTime=16:20:55.739 } moveCount:0
06-21 16:20:55.772  9965  9965 D IS_CTS_MODE: true
06-21 16:20:55.772  9965  9965 D MULTI_WINDOW_SWITCH_ENABLED: false
06-21 16:20:55.775  1289  1864 I SDM     : HWCDisplay::SetActiveConfigWithConstraints: config: 1, WxH 1080x2400, fps 120
06-21 16:20:55.776  1289  1864 W SDM     : HWDeviceDRM::GetSupportedBitClkRate: Requested rate not supported: 831000000
06-21 16:20:55.776  1289  1864 I SDM     : HWDeviceDRM::UpdateMixerAttributes: Mixer WxH 1080x2400-0 for Peripheral
06-21 16:20:55.776  1289  1864 I SDM     : HWCDisplay::SubmitDisplayConfig: Active configuration changed from config 0 to 1
06-21 16:20:55.776  1289  1864 I SDM     : HWCDisplay::SubmitDisplayConfig: Active WxH 1080x2400 fps 120
06-21 16:20:55.778  1289  1506 I SDM     : HWDeviceDRM::SetupAtomic: Setting mode: WxH: 1080x2400, vrefresh: 120, hskew: 0
06-21 16:20:55.779  1308  1430 E ANDR-PERF-UTIL: Failed to update node /sys/class/kgsl/kgsl-3d0/idle_timer with value 32
06-21 16:20:55.779  1308  1430 E ANDR-PERF-UTIL: 0
06-21 16:20:55.779  1308  1430 E ANDR-PERF-RESOURCEQS: Failed to reset optimization [10, 11]
06-21 16:20:55.779  1289 14532 I SDM     : HWCSession::ProcessRequests: Pushing release fence in fenece wait queue.
06-21 16:20:55.779  1289 14532 I SDM     : HWCSession::ProcessRequests: Creating AsyncFenceWaits async thread.
06-21 16:20:55.780  1289 14532 I SDM     : HWCSession::ProcessRequests: Remove current CWB request from the pending request queue.
06-21 16:20:55.780  1289 14532 I SDM     : HWCSession::ProcessRequests: No pending cwb requests found in the queue.
06-21 16:20:55.781  1335  2243 D FPSMonitor: threadFuncFpsMonitor display 0, fps 120
06-21 16:20:55.782  2055  3320 I libsensor-displayalgo: displayInfoCallback::display info won't handle!!!
06-21 16:20:55.797  9896  9928 I appium  : Waiting up to 100ms for the device to idle
06-21 16:20:55.800  9896  9928 I appium  : AppiumResponse: {"sessionId":"3db555f4-38ab-4c1a-8864-b6332498843e","value":null}
06-21 16:20:55.814  9896  9928 I appium  : channel read: POST /wd/hub/session/3db555f4-38ab-4c1a-8864-b6332498843e/element
06-21 16:20:55.814  9896  9928 I appium  : FindElement command
06-21 16:20:55.815  9896  9928 I appium  : method: 'id', selector: 'cn.missevan:id/positive_btn'
06-21 16:20:55.815  9896  9928 I appium  : Waiting up to 100ms for the device to idle
06-21 16:20:55.820  1289  1506 I SDM     : HWDeviceDRM::SetupConcurrentWriteback: Tear down the Concurrent Writeback topology
06-21 16:20:55.826  1289 14533 I SDM     : HWCSession::NotifyCWBStatus: Notify the client about buffer status 0.
06-21 16:20:55.827  1289 14533 I SDM     : HWCSession::PerformFenceWaits: Remove current release fence from the pending fence wait queue.
06-21 16:20:55.827  1289 14533 I SDM     : HWCSession::PerformFenceWaits: CWB fence queue is empty. No pending release fence to wait on.
06-21 16:20:55.842  2423  2876 I WindowManagerService: Physical orientation applied, rotation=0 sfOrientation=ORIENTATION_0
06-21 16:20:55.862  9965  9965 D DecorView[MainActivity]: onWindowFocusChanged hasWindowFocus false
06-21 16:20:55.898  2423  5687 W InputManager-JNI: Input channel object 'd175f4a PopupWindow:f4434 (client)' was disposed without first being removed with the input manager!
06-21 16:20:55.924  9965  9965 D EditorStubImpl: Type = 2, RectF = RectF(34.0, 796.0, 144.0, 906.0), mInsertionHandleData = [HandleData{mIsShow=true, mPosition=RectF(34.0, 796.0, 144.0, 906.0)}]
06-21 16:20:55.924  9965  9965 D EditorStubImpl: isMultiHandle = false, status = 3, sendData = [RectF(34.0, 796.0, 144.0, 906.0)]
06-21 16:20:55.924  9965  9965 I HandWritingStubImpl: isKeyboardTypeChanged: false
06-21 16:20:55.927  9965  9965 D DecorView[]: onWindowFocusChanged hasWindowFocus true
06-21 16:20:55.944  4190  4718 W RenderInspector: QueueBuffer time out on StatusBar, count=1, avg=12 ms, max=12 ms.
06-21 16:20:55.958  2055  3327 D libsensor-displayalgo: the value of  brightness:438.000000,R:78288747.866619,G:78288943.845811,B:78301111.058432,EVENT_C:6892.000000,EVENT_R:2682.000000,EVENT_G:3482.000000,EVENT_B:1392.500000
06-21 16:20:55.959  2055  3327 I libsensor-displayalgo: the value of  Coef1:1107.681000,Coef4:2.383000, scale1:0.935522, scale4:0.923264
06-21 16:20:55.959  2055  3327 E libsensor-displayalgo: RGB_test_0407_400_oldzy!
06-21 16:20:55.959  2055  3327 I libsensor-displayalgo: the value of  RESULT3143.488055,1241.879062,1522.354140,570.296979
06-21 16:20:55.959  2055  3327 I libsensor-displayalgo: the value of  getChannelDataCalibrated3295.775618,1150.219382,1769.438579,622.440776
06-21 16:20:55.959  2055  3327 I libsensor-displayalgo: the value of  REAL LUX211.416946
06-21 16:20:55.959  2055  3327 I libsensor-displayalgo: the value of  CAL REAL LUX211.416946
06-21 16:20:56.063  1289  2256 I vendor.qti.hardware.display.composer-service: FrameNotifyProcess Sensor: notify citsensorservice to trigger cwb
06-21 16:20:56.063  2055  2137 I libcitsensorservice@2.0-impl: msg_transfer
06-21 16:20:56.063  2055  3319 D vendor.xiaomi.sensor.citsensorservice@2.0-service: handle id:11 wxh:1280x2400 uwxuh:1080x2400 size: 9216000 fd:15 fd_meta:16 flags:0x4000228 usage:0x33  format:0x3 layer_count: 1
06-21 16:20:56.063  1289  1864 I SDM     : HWCSession::SetCWBOutputBuffer: CWB config passed by cwb_client : tappoint 1  CWB_ROI : (829.000000 4.000000 915.000000 90.000000)
06-21 16:20:56.067  1289 14535 I SDM     : HWCSession::ProcessRequests: Successfully configured CWB buffer.
06-21 16:20:56.075  1289 14535 I SDM     : HWCSession::ProcessRequests: Pushing release fence in fenece wait queue.
06-21 16:20:56.075  1289 14535 I SDM     : HWCSession::ProcessRequests: Creating AsyncFenceWaits async thread.
06-21 16:20:56.076  1289 14535 I SDM     : HWCSession::ProcessRequests: Remove current CWB request from the pending request queue.
06-21 16:20:56.076  1289 14535 I SDM     : HWCSession::ProcessRequests: No pending cwb requests found in the queue.
06-21 16:20:56.077  1289  1506 I SDM     : HWDeviceDRM::SetupConcurrentWriteback: Tear down the Concurrent Writeback topology
06-21 16:20:56.090  1289 14536 I SDM     : HWCSession::NotifyCWBStatus: Notify the client about buffer status 0.
06-21 16:20:56.090  1289 14536 I SDM     : HWCSession::PerformFenceWaits: Remove current release fence from the pending fence wait queue.
06-21 16:20:56.090  1289 14536 I SDM     : HWCSession::PerformFenceWaits: CWB fence queue is empty. No pending release fence to wait on.
06-21 16:20:56.259  2055  3327 D libsensor-displayalgo: the value of  brightness:438.000000,R:49135741.319903,G:49170221.785778,B:49198404.815356,EVENT_C:6429.000000,EVENT_R:2521.000000,EVENT_G:3233.000000,EVENT_B:1294.500000
06-21 16:20:56.259  2055  3327 I libsensor-displayalgo: the value of  Coef1:1107.681000,Coef4:2.383000, scale1:0.935522, scale4:0.923264
06-21 16:20:56.259  2055  3327 E libsensor-displayalgo: RGB_test_0407_400_oldzy!
06-21 16:20:56.260  2055  3327 I libsensor-displayalgo: the value of  RESULT2284.515836,895.719986,1130.713406,408.020108
06-21 16:20:56.260  2055  3327 I libsensor-displayalgo: the value of  getChannelDataCalibrated2395.190139,829.609356,1314.232918,445.326491
06-21 16:20:56.260  2055  3327 I libsensor-displayalgo: the value of  REAL LUX239.237305
06-21 16:20:56.260  2055  3327 I libsensor-displayalgo: the value of  CAL REAL LUX239.237305
06-21 16:20:56.293  1289  2256 I vendor.qti.hardware.display.composer-service: FrameNotifyProcess Sensor: notify citsensorservice to trigger cwb
06-21 16:20:56.294  2055 15083 I libcitsensorservice@2.0-impl: msg_transfer
06-21 16:20:56.294  2055  3319 D vendor.xiaomi.sensor.citsensorservice@2.0-service: handle id:11 wxh:1280x2400 uwxuh:1080x2400 size: 9216000 fd:15 fd_meta:16 flags:0x4000228 usage:0x33  format:0x3 layer_count: 1
06-21 16:20:56.295  1289  1864 I SDM     : HWCSession::SetCWBOutputBuffer: CWB config passed by cwb_client : tappoint 1  CWB_ROI : (829.000000 4.000000 915.000000 90.000000)
06-21 16:20:56.297  1289 14537 I SDM     : HWCSession::ProcessRequests: Successfully configured CWB buffer.
06-21 16:20:56.308  1289 14537 I SDM     : HWCSession::ProcessRequests: Pushing release fence in fenece wait queue.
06-21 16:20:56.308  1289 14537 I SDM     : HWCSession::ProcessRequests: Creating AsyncFenceWaits async thread.
06-21 16:20:56.308  1289 14537 I SDM     : HWCSession::ProcessRequests: Remove current CWB request from the pending request queue.
06-21 16:20:56.309  1289 14537 I SDM     : HWCSession::ProcessRequests: No pending cwb requests found in the queue.
06-21 16:20:56.314  1289  1506 I SDM     : HWDeviceDRM::SetupConcurrentWriteback: Tear down the Concurrent Writeback topology
06-21 16:20:56.316  1308  1430 E ANDR-PERF-UTIL: Failed to update node /sys/class/kgsl/kgsl-3d0/idle_timer with value 32
06-21 16:20:56.316  1308  1430 E ANDR-PERF-UTIL: 0
06-21 16:20:56.316  1308  1430 E ANDR-PERF-RESOURCEQS: Failed to reset optimization [10, 11]
06-21 16:20:56.320  1289 14539 I SDM     : HWCSession::NotifyCWBStatus: Notify the client about buffer status 0.
06-21 16:20:56.321  1289 14539 I SDM     : HWCSession::PerformFenceWaits: Remove current release fence from the pending fence wait queue.
06-21 16:20:56.321  1289 14539 I SDM     : HWCSession::PerformFenceWaits: CWB fence queue is empty. No pending release fence to wait on.
06-21 16:20:56.350  9896  9928 W QueryController: Could not detect idle state.
06-21 16:20:56.369  9896  9928 I appium  : AppiumResponse: {"sessionId":"3db555f4-38ab-4c1a-8864-b6332498843e","value":{"ELEMENT":"00000000-0000-03d5-ffff-ffff00003881","element-6066-11e4-a52e-4f735466cecf":"00000000-0000-03d5-ffff-ffff00003881"}}
06-21 16:20:56.388  9896  9928 I appium  : channel read: POST /wd/hub/session/3db555f4-38ab-4c1a-8864-b6332498843e/element/00000000-0000-03d5-ffff-ffff00003881/click
06-21 16:20:56.390  9896  9928 I appium  : Click command
06-21 16:20:56.419  2423  2876 D MIUIInput: Input event injection from pid 9881, MotionEvent: DOWN
06-21 16:20:56.420  2423  3213 D MIUIInput: [MotionEvent] publisher action=0x4, 76604109, channel 'f33ef00 NavigationBar0 (server)'
06-21 16:20:56.421  2423  3213 D MIUIInput: [MotionEvent] publisher action=0x0, 76604109, channel '8c1e1ee cn.missevan/cn.missevan.activity.MainActivity (server)'
06-21 16:20:56.424  9965  9965 D MIUIInput: [MotionEvent] ViewRootImpl windowName 'cn.missevan/cn.missevan.activity.MainActivity', { action=ACTION_DOWN, id[0]=0, pointerCount=1, eventTime=76604109, downTime=76604108, phoneEventTime=16:20:56.402 } moveCount:0
06-21 16:20:56.426  1289  2256 I vendor.qti.hardware.display.composer-service: FrameNotifyProcess Sensor: notify citsensorservice to trigger cwb
06-21 16:20:56.426  2055 15083 I libcitsensorservice@2.0-impl: msg_transfer
06-21 16:20:56.426  2055  3319 D vendor.xiaomi.sensor.citsensorservice@2.0-service: handle id:11 wxh:1280x2400 uwxuh:1080x2400 size: 9216000 fd:15 fd_meta:16 flags:0x4000228 usage:0x33  format:0x3 layer_count: 1
06-21 16:20:56.427  2423  5687 D MIUIInput: Input event injection from pid 9881, MotionEvent: UP
06-21 16:20:56.427  1289  1864 I SDM     : HWCSession::SetCWBOutputBuffer: CWB config passed by cwb_client : tappoint 1  CWB_ROI : (829.000000 4.000000 915.000000 90.000000)
06-21 16:20:56.427  2423  3213 D MIUIInput: [MotionEvent] publisher action=0x1, 76604109, channel '8c1e1ee cn.missevan/cn.missevan.activity.MainActivity (server)'
06-21 16:20:56.428  1289 14541 I SDM     : HWCSession::ProcessRequests: Successfully configured CWB buffer.
06-21 16:20:56.428  9965  9965 D MIUIInput: [MotionEvent] ViewRootImpl windowName 'cn.missevan/cn.missevan.activity.MainActivity', { action=ACTION_UP, id[0]=0, pointerCount=1, eventTime=76604109, downTime=76604108, phoneEventTime=16:20:56.402 } moveCount:0
06-21 16:20:56.430  1308  1430 E ANDR-PERF-UTIL: Failed to update node /sys/class/kgsl/kgsl-3d0/idle_timer with value 32
06-21 16:20:56.430  1308  1430 E ANDR-PERF-UTIL: 0
06-21 16:20:56.430  1308  1430 E ANDR-PERF-RESOURCEQS: Failed to reset optimization [10, 11]
06-21 16:20:56.438  1289 14541 I SDM     : HWCSession::ProcessRequests: Pushing release fence in fenece wait queue.
06-21 16:20:56.438  1289 14541 I SDM     : HWCSession::ProcessRequests: Creating AsyncFenceWaits async thread.
06-21 16:20:56.439  1289 14541 I SDM     : HWCSession::ProcessRequests: Remove current CWB request from the pending request queue.
06-21 16:20:56.440  1289 14541 I SDM     : HWCSession::ProcessRequests: No pending cwb requests found in the queue.
06-21 16:20:56.444  2423  2876 W InputManager-JNI: Input channel object '8c1e1ee cn.missevan/cn.missevan.activity.MainActivity (client)' was disposed without first being removed with the input manager!
06-21 16:20:56.445  9896  9928 I appium  : Waiting up to 100ms for the device to idle
06-21 16:20:56.446  1289  1506 I SDM     : HWDeviceDRM::SetupConcurrentWriteback: Tear down the Concurrent Writeback topology
06-21 16:20:56.446  9896  9928 I appium  : AppiumResponse: {"sessionId":"3db555f4-38ab-4c1a-8864-b6332498843e","value":null}
06-21 16:20:56.452  1289 14542 I SDM     : HWCSession::NotifyCWBStatus: Notify the client about buffer status 0.
06-21 16:20:56.453  1289 14542 I SDM     : HWCSession::PerformFenceWaits: Remove current release fence from the pending fence wait queue.
06-21 16:20:56.453  1289 14542 I SDM     : HWCSession::PerformFenceWaits: CWB fence queue is empty. No pending release fence to wait on.
06-21 16:20:56.489  9965  9965 D DecorView[]: updateDecorCaptionStatus displayWindowDecor is false
06-21 16:20:56.559  2055  3327 D libsensor-displayalgo: the value of  brightness:438.000000,R:41238433.464118,G:41241222.033885,B:41464543.377372,EVENT_C:5787.500000,EVENT_R:2302.500000,EVENT_G:2882.500000,EVENT_B:1158.000000
06-21 16:20:56.559  2055  3327 I libsensor-displayalgo: the value of  Coef1:1107.681000,Coef4:2.383000, scale1:0.935522, scale4:0.923264
06-21 16:20:56.559  2055  3327 E libsensor-displayalgo: RGB_test_0407_400_oldzy!
06-21 16:20:56.559  2055  3327 I libsensor-displayalgo: the value of  RESULT2024.779084,791.358271,1010.164728,359.584227
06-21 16:20:56.559  2055  3327 I libsensor-displayalgo: the value of  getChannelDataCalibrated2122.870334,732.950292,1174.118685,392.461987
06-21 16:20:56.559  2055  3327 I libsensor-displayalgo: the value of  REAL LUX214.997711
06-21 16:20:56.559  2055  3327 I libsensor-displayalgo: the value of  CAL REAL LUX214.997711
06-21 16:20:56.576  2423  2876 I WindowManagerService: Physical orientation applied, rotation=0 sfOrientation=ORIENTATION_0
06-21 16:20:56.590  9965  9965 D DecorView[MainActivity]: onWindowFocusChanged hasWindowFocus true
06-21 16:20:56.592  9965  9965 I HandWritingStubImpl: isKeyboardTypeChanged: false
06-21 16:20:56.592  9965  9965 I HandWritingStubImpl: refreshLastKeyboardType: 1
06-21 16:20:56.592  9965  9965 I HandWritingStubImpl: getCurrentKeyboardType: 1
06-21 16:20:56.613  9965  9965 I HandWritingStubImpl: isKeyboardTypeChanged: false
06-21 16:20:56.614  9965  9965 D DecorView[MainActivity]: onWindowFocusChanged hasWindowFocus false
06-21 16:20:56.614  7949  7949 E BaseInputMethodService: onFinishInput
06-21 16:20:56.615  7949  7949 E BaseInputMethodService: onStartInput
06-21 16:20:56.615  9965  9965 D EditorStubImpl: Type = 2, RectF = RectF(34.0, 796.0, 144.0, 906.0), mInsertionHandleData = [HandleData{mIsShow=false, mPosition=RectF(34.0, 796.0, 144.0, 906.0)}]
06-21 16:20:56.620  9965  9965 D DecorView[]: onWindowFocusChanged hasWindowFocus true
06-21 16:20:56.726  1289  2256 I vendor.qti.hardware.display.composer-service: FrameNotifyProcess Sensor: notify citsensorservice to trigger cwb
06-21 16:20:56.726  2055  3808 I libcitsensorservice@2.0-impl: msg_transfer
06-21 16:20:56.727  2055  3319 D vendor.xiaomi.sensor.citsensorservice@2.0-service: handle id:11 wxh:1280x2400 uwxuh:1080x2400 size: 9216000 fd:15 fd_meta:16 flags:0x4000228 usage:0x33  format:0x3 layer_count: 1
06-21 16:20:56.727  1289  1864 I SDM     : HWCSession::SetCWBOutputBuffer: CWB config passed by cwb_client : tappoint 1  CWB_ROI : (829.000000 4.000000 915.000000 90.000000)
06-21 16:20:56.730  1289 14554 I SDM     : HWCSession::ProcessRequests: Successfully configured CWB buffer.
06-21 16:20:56.735  1289 14554 I SDM     : HWCSession::ProcessRequests: Pushing release fence in fenece wait queue.
06-21 16:20:56.736  1289 14554 I SDM     : HWCSession::ProcessRequests: Creating AsyncFenceWaits async thread.
06-21 16:20:56.736  1289 14554 I SDM     : HWCSession::ProcessRequests: Remove current CWB request from the pending request queue.
06-21 16:20:56.736  1289 14554 I SDM     : HWCSession::ProcessRequests: No pending cwb requests found in the queue.
06-21 16:20:56.742  1289  1506 I SDM     : HWDeviceDRM::SetupConcurrentWriteback: Tear down the Concurrent Writeback topology
06-21 16:20:56.749  1289 14555 I SDM     : HWCSession::NotifyCWBStatus: Notify the client about buffer status 0.
06-21 16:20:56.749  1289 14555 I SDM     : HWCSession::PerformFenceWaits: Remove current release fence from the pending fence wait queue.
06-21 16:20:56.749  1289 14555 I SDM     : HWCSession::PerformFenceWaits: CWB fence queue is empty. No pending release fence to wait on.
06-21 16:20:56.808  9965 14546 D config.Worker: config,ver: null
06-21 16:20:56.808  9965 14546 D ab.Worker: ab,ver: null
06-21 16:20:56.859  2055  3327 D libsensor-displayalgo: the value of  brightness:438.000000,R:59434303.676542,G:59618767.741018,B:59438612.821248,EVENT_C:6209.500000,EVENT_R:2451.000000,EVENT_G:3110.500000,EVENT_B:1244.500000
06-21 16:20:56.860  2055  3327 I libsensor-displayalgo: the value of  Coef1:1107.681000,Coef4:2.383000, scale1:0.935522, scale4:0.923264
06-21 16:20:56.860  2055  3327 E libsensor-displayalgo: RGB_test_0407_400_oldzy!
06-21 16:20:56.860  2055  3327 I libsensor-displayalgo: the value of  RESULT2606.751157,1025.125544,1279.327543,468.670050
06-21 16:20:56.860  2055  3327 I libsensor-displayalgo: the value of  getChannelDataCalibrated2733.036282,949.463844,1486.967750,511.521822
06-21 16:20:56.860  2055  3327 I libsensor-displayalgo: the value of  REAL LUX203.066589
06-21 16:20:56.860  2055  3327 I libsensor-displayalgo: the value of  CAL REAL LUX203.066589
06-21 16:20:57.055  1289  2256 I vendor.qti.hardware.display.composer-service: FrameNotifyProcess Sensor: notify citsensorservice to trigger cwb
06-21 16:20:57.055  2055  2137 I libcitsensorservice@2.0-impl: msg_transfer
06-21 16:20:57.056  2055  3319 D vendor.xiaomi.sensor.citsensorservice@2.0-service: handle id:11 wxh:1280x2400 uwxuh:1080x2400 size: 9216000 fd:15 fd_meta:16 flags:0x4000228 usage:0x33  format:0x3 layer_count: 1
06-21 16:20:57.057  1289  1864 I SDM     : HWCSession::SetCWBOutputBuffer: CWB config passed by cwb_client : tappoint 1  CWB_ROI : (829.000000 4.000000 915.000000 90.000000)
06-21 16:20:57.057  1289 14560 I SDM     : HWCSession::ProcessRequests: Successfully configured CWB buffer.
06-21 16:20:57.065  1289 14560 I SDM     : HWCSession::ProcessRequests: Pushing release fence in fenece wait queue.
06-21 16:20:57.065  1289 14560 I SDM     : HWCSession::ProcessRequests: Creating AsyncFenceWaits async thread.
06-21 16:20:57.066  1289 14560 I SDM     : HWCSession::ProcessRequests: Remove current CWB request from the pending request queue.
06-21 16:20:57.066  1289 14560 I SDM     : HWCSession::ProcessRequests: No pending cwb requests found in the queue.
06-21 16:20:57.071  1289  1506 I SDM     : HWDeviceDRM::SetupConcurrentWriteback: Tear down the Concurrent Writeback topology
06-21 16:20:57.078  1289 14561 I SDM     : HWCSession::NotifyCWBStatus: Notify the client about buffer status 0.
06-21 16:20:57.079  1289 14561 I SDM     : HWCSession::PerformFenceWaits: Remove current release fence from the pending fence wait queue.
06-21 16:20:57.079  1289 14561 I SDM     : HWCSession::PerformFenceWaits: CWB fence queue is empty. No pending release fence to wait on.
06-21 16:20:57.160  2055  3327 D libsensor-displayalgo: the value of  brightness:438.000000,R:41238433.464118,G:41241222.033885,B:41464543.377372,EVENT_C:5790.000000,EVENT_R:2303.500000,EVENT_G:2883.500000,EVENT_B:1160.000000
06-21 16:20:57.160  2055  3327 I libsensor-displayalgo: the value of  Coef1:1107.681000,Coef4:2.383000, scale1:0.935522, scale4:0.923264
06-21 16:20:57.160  2055  3327 E libsensor-displayalgo: RGB_test_0407_400_oldzy!
06-21 16:20:57.161  2055  3327 I libsensor-displayalgo: the value of  RESULT2024.779084,791.358271,1010.164728,359.584227
06-21 16:20:57.161  2055  3327 I libsensor-displayalgo: the value of  getChannelDataCalibrated2122.870334,732.950292,1174.118685,392.461987
06-21 16:20:57.161  2055  3327 I libsensor-displayalgo: the value of  REAL LUX215.019485
06-21 16:20:57.161  2055  3327 I libsensor-displayalgo: the value of  CAL REAL LUX215.019485
06-21 16:20:57.285  6831  7071 D MemoryCeilingMonitor: [handleMemoryCalculate]
06-21 16:20:57.285  6831  7071 D MemoryCeilingMonitor: [calculate] tot: 5981032, max: 268435456, free: 760856, heap: 5220176, per: 0.01944667100906372
06-21 16:20:57.359  1289  2256 I vendor.qti.hardware.display.composer-service: FrameNotifyProcess Sensor: notify citsensorservice to trigger cwb
06-21 16:20:57.360  2055 15083 I libcitsensorservice@2.0-impl: msg_transfer
06-21 16:20:57.361  2055  3319 D vendor.xiaomi.sensor.citsensorservice@2.0-service: handle id:11 wxh:1280x2400 uwxuh:1080x2400 size: 9216000 fd:15 fd_meta:16 flags:0x4000228 usage:0x33  format:0x3 layer_count: 1
06-21 16:20:57.362  1289  1864 I SDM     : HWCSession::SetCWBOutputBuffer: CWB config passed by cwb_client : tappoint 1  CWB_ROI : (829.000000 4.000000 915.000000 90.000000)
06-21 16:20:57.363  1289 14562 I SDM     : HWCSession::ProcessRequests: Successfully configured CWB buffer.
06-21 16:20:57.370  1289 14562 I SDM     : HWCSession::ProcessRequests: Pushing release fence in fenece wait queue.
06-21 16:20:57.370  1289 14562 I SDM     : HWCSession::ProcessRequests: Creating AsyncFenceWaits async thread.
06-21 16:20:57.370  1289 14562 I SDM     : HWCSession::ProcessRequests: Remove current CWB request from the pending request queue.
06-21 16:20:57.370  1289 14562 I SDM     : HWCSession::ProcessRequests: No pending cwb requests found in the queue.
06-21 16:20:57.376  1289  1506 I SDM     : HWDeviceDRM::SetupConcurrentWriteback: Tear down the Concurrent Writeback topology
06-21 16:20:57.383  1289 14563 I SDM     : HWCSession::NotifyCWBStatus: Notify the client about buffer status 0.
06-21 16:20:57.383  1289 14563 I SDM     : HWCSession::PerformFenceWaits: Remove current release fence from the pending fence wait queue.
06-21 16:20:57.383  1289 14563 I SDM     : HWCSession::PerformFenceWaits: CWB fence queue is empty. No pending release fence to wait on.
06-21 16:20:57.459  2055  3327 D libsensor-displayalgo: the value of  brightness:438.000000,R:41238433.464118,G:41241222.033885,B:41464543.377372,EVENT_C:5787.500000,EVENT_R:2305.500000,EVENT_G:2884.500000,EVENT_B:1158.000000
06-21 16:20:57.459  2055  3327 I libsensor-displayalgo: the value of  Coef1:1107.681000,Coef4:2.383000, scale1:0.935522, scale4:0.923264
06-21 16:20:57.459  2055  3327 E libsensor-displayalgo: RGB_test_0407_400_oldzy!
06-21 16:20:57.460  2055  3327 I libsensor-displayalgo: the value of  RESULT2024.779084,791.358271,1010.164728,359.584227
06-21 16:20:57.460  2055  3327 I libsensor-displayalgo: the value of  getChannelDataCalibrated2122.870334,732.950292,1174.118685,392.461987
06-21 16:20:57.460  2055  3327 I libsensor-displayalgo: the value of  REAL LUX214.975586
06-21 16:20:57.460  2055  3327 I libsensor-displayalgo: the value of  CAL REAL LUX214.975586
06-21 16:20:57.578  2423  5745 W ProcessStats: Tracking association SourceState{623b87c system/1000 BTopFgs #30501} whose proc state 2 is better than process ProcessState{b538505 com.google.android.gms.persistent/10158 pkg=com.google.android.gms} proc state 3 (2 skipped)
06-21 16:20:57.638  9965  9975 I cn.missevan: This is sticky GC, maxfree is 8388608 minfree is 2097152
06-21 16:20:57.640  9965  9977 W System  : A resource failed to call close.
06-21 16:20:57.652 10179 10365 D AudioTrack: [audioTrackData][fine] 35s(f:35041 m:0 s:13 k:0) : pid 10179 uid 10499 sessionId 505 sr 44100 ch 2 fmt 1
06-21 16:20:57.664  1289  2256 I vendor.qti.hardware.display.composer-service: FrameNotifyProcess Sensor: notify citsensorservice to trigger cwb
06-21 16:20:57.665  2055  2137 I libcitsensorservice@2.0-impl: msg_transfer
06-21 16:20:57.665  2055  3319 D vendor.xiaomi.sensor.citsensorservice@2.0-service: handle id:11 wxh:1280x2400 uwxuh:1080x2400 size: 9216000 fd:15 fd_meta:16 flags:0x4000228 usage:0x33  format:0x3 layer_count: 1
06-21 16:20:57.666  1289  1864 I SDM     : HWCSession::SetCWBOutputBuffer: CWB config passed by cwb_client : tappoint 1  CWB_ROI : (829.000000 4.000000 915.000000 90.000000)
06-21 16:20:57.667  1289 14564 I SDM     : HWCSession::ProcessRequests: Successfully configured CWB buffer.
06-21 16:20:57.675  1289 14564 I SDM     : HWCSession::ProcessRequests: Pushing release fence in fenece wait queue.
06-21 16:20:57.675  1289 14564 I SDM     : HWCSession::ProcessRequests: Creating AsyncFenceWaits async thread.
06-21 16:20:57.676  1289 14564 I SDM     : HWCSession::ProcessRequests: Remove current CWB request from the pending request queue.
06-21 16:20:57.676  1289 14564 I SDM     : HWCSession::ProcessRequests: No pending cwb requests found in the queue.
06-21 16:20:57.681  1289  1506 I SDM     : HWDeviceDRM::SetupConcurrentWriteback: Tear down the Concurrent Writeback topology
06-21 16:20:57.688  1289 14565 I SDM     : HWCSession::NotifyCWBStatus: Notify the client about buffer status 0.
06-21 16:20:57.688  1289 14565 I SDM     : HWCSession::PerformFenceWaits: Remove current release fence from the pending fence wait queue.
06-21 16:20:57.688  1289 14565 I SDM     : HWCSession::PerformFenceWaits: CWB fence queue is empty. No pending release fence to wait on.
06-21 16:20:57.759  2055  3327 D libsensor-displayalgo: the value of  brightness:438.000000,R:41238433.464118,G:41241222.033885,B:41464543.377372,EVENT_C:5790.500000,EVENT_R:2307.500000,EVENT_G:2888.500000,EVENT_B:1159.500000
06-21 16:20:57.759  2055  3327 I libsensor-displayalgo: the value of  Coef1:1107.681000,Coef4:2.383000, scale1:0.935522, scale4:0.923264
06-21 16:20:57.759  2055  3327 E libsensor-displayalgo: RGB_test_0407_400_oldzy!
06-21 16:20:57.759  2055  3327 I libsensor-displayalgo: the value of  RESULT2024.779084,791.358271,1010.164728,359.584227
06-21 16:20:57.759  2055  3327 I libsensor-displayalgo: the value of  getChannelDataCalibrated2122.870334,732.950292,1174.118685,392.461987
06-21 16:20:57.759  2055  3327 I libsensor-displayalgo: the value of  REAL LUX215.172089
06-21 16:20:57.759  2055  3327 I libsensor-displayalgo: the value of  CAL REAL LUX215.172089
06-21 16:20:57.969  1289  2256 I vendor.qti.hardware.display.composer-service: FrameNotifyProcess Sensor: notify citsensorservice to trigger cwb
06-21 16:20:57.971  2055  3808 I libcitsensorservice@2.0-impl: msg_transfer
06-21 16:20:57.971  2055  3319 D vendor.xiaomi.sensor.citsensorservice@2.0-service: handle id:11 wxh:1280x2400 uwxuh:1080x2400 size: 9216000 fd:15 fd_meta:16 flags:0x4000228 usage:0x33  format:0x3 layer_count: 1
06-21 16:20:57.972  1289  1864 I SDM     : HWCSession::SetCWBOutputBuffer: CWB config passed by cwb_client : tappoint 1  CWB_ROI : (829.000000 4.000000 915.000000 90.000000)
06-21 16:20:57.974  1289 14566 I SDM     : HWCSession::ProcessRequests: Successfully configured CWB buffer.
06-21 16:20:57.980  1289 14566 I SDM     : HWCSession::ProcessRequests: Pushing release fence in fenece wait queue.
06-21 16:20:57.980  1289 14566 I SDM     : HWCSession::ProcessRequests: Creating AsyncFenceWaits async thread.
06-21 16:20:57.981  1289 14566 I SDM     : HWCSession::ProcessRequests: Remove current CWB request from the pending request queue.
06-21 16:20:57.981  1289 14566 I SDM     : HWCSession::ProcessRequests: No pending cwb requests found in the queue.
06-21 16:20:57.986  1289  1506 I SDM     : HWDeviceDRM::SetupConcurrentWriteback: Tear down the Concurrent Writeback topology
06-21 16:20:57.992  1289 14567 I SDM     : HWCSession::NotifyCWBStatus: Notify the client about buffer status 0.
06-21 16:20:57.993  1289 14567 I SDM     : HWCSession::PerformFenceWaits: Remove current release fence from the pending fence wait queue.
06-21 16:20:57.994  1289 14567 I SDM     : HWCSession::PerformFenceWaits: CWB fence queue is empty. No pending release fence to wait on.
06-21 16:20:58.059  2055  3327 D libsensor-displayalgo: the value of  brightness:438.000000,R:41481288.247637,G:41485647.122142,B:41707764.810693,EVENT_C:5778.000000,EVENT_R:2301.000000,EVENT_G:2878.000000,EVENT_B:1157.000000
06-21 16:20:58.059  2055  3327 I libsensor-displayalgo: the value of  Coef1:1107.681000,Coef4:2.383000, scale1:0.935522, scale4:0.923264
06-21 16:20:58.059  2055  3327 E libsensor-displayalgo: RGB_test_0407_400_oldzy!
06-21 16:20:58.060  2055  3327 I libsensor-displayalgo: the value of  RESULT2033.007988,794.653584,1014.000148,361.120392
06-21 16:20:58.060  2055  3327 I libsensor-displayalgo: the value of  getChannelDataCalibrated2131.497891,736.002387,1178.576610,394.138607
06-21 16:20:58.060  2055  3327 I libsensor-displayalgo: the value of  REAL LUX213.699844
06-21 16:20:58.060  2055  3327 I libsensor-displayalgo: the value of  CAL REAL LUX213.699844
06-21 16:20:58.282  1289  2256 I vendor.qti.hardware.display.composer-service: FrameNotifyProcess Sensor: notify citsensorservice to trigger cwb
06-21 16:20:58.283  2055  3808 I libcitsensorservice@2.0-impl: msg_transfer
06-21 16:20:58.286  2055  3319 D vendor.xiaomi.sensor.citsensorservice@2.0-service: handle id:11 wxh:1280x2400 uwxuh:1080x2400 size: 9216000 fd:15 fd_meta:16 flags:0x4000228 usage:0x33  format:0x3 layer_count: 1
06-21 16:20:58.286  1289  1864 I SDM     : HWCSession::SetCWBOutputBuffer: CWB config passed by cwb_client : tappoint 1  CWB_ROI : (829.000000 4.000000 915.000000 90.000000)
06-21 16:20:58.288  1289 14568 I SDM     : HWCSession::ProcessRequests: Successfully configured CWB buffer.
06-21 16:20:58.295  1289 14568 I SDM     : HWCSession::ProcessRequests: Pushing release fence in fenece wait queue.
06-21 16:20:58.295  1289 14568 I SDM     : HWCSession::ProcessRequests: Creating AsyncFenceWaits async thread.
06-21 16:20:58.296  1289 14568 I SDM     : HWCSession::ProcessRequests: Remove current CWB request from the pending request queue.
06-21 16:20:58.296  1289 14568 I SDM     : HWCSession::ProcessRequests: No pending cwb requests found in the queue.
06-21 16:20:58.299  1289  1506 I SDM     : HWDeviceDRM::SetupConcurrentWriteback: Tear down the Concurrent Writeback topology
06-21 16:20:58.305  1289 14569 I SDM     : HWCSession::NotifyCWBStatus: Notify the client about buffer status 0.
06-21 16:20:58.306  1289 14569 I SDM     : HWCSession::PerformFenceWaits: Remove current release fence from the pending fence wait queue.
06-21 16:20:58.306  1289 14569 I SDM     : HWCSession::PerformFenceWaits: CWB fence queue is empty. No pending release fence to wait on.
06-21 16:20:58.360  2055  3327 D libsensor-displayalgo: the value of  brightness:438.000000,R:41481288.247637,G:41485647.122142,B:41707764.810693,EVENT_C:5785.500000,EVENT_R:2302.500000,EVENT_G:2882.500000,EVENT_B:1157.000000
06-21 16:20:58.360  2055  3327 I libsensor-displayalgo: the value of  Coef1:1107.681000,Coef4:2.383000, scale1:0.935522, scale4:0.923264
06-21 16:20:58.360  2055  3327 E libsensor-displayalgo: RGB_test_0407_400_oldzy!
06-21 16:20:58.361  2055  3327 I libsensor-displayalgo: the value of  RESULT2033.007988,794.653584,1014.000148,361.120392
06-21 16:20:58.361  2055  3327 I libsensor-displayalgo: the value of  getChannelDataCalibrated2131.497891,736.002387,1178.576610,394.138607
06-21 16:20:58.361  2055  3327 I libsensor-displayalgo: the value of  REAL LUX214.377365
06-21 16:20:58.361  2055  3327 I libsensor-displayalgo: the value of  CAL REAL LUX214.377365
06-21 16:20:58.586  1289  2256 I vendor.qti.hardware.display.composer-service: FrameNotifyProcess Sensor: notify citsensorservice to trigger cwb
06-21 16:20:58.587  2055  3808 I libcitsensorservice@2.0-impl: msg_transfer
06-21 16:20:58.588  2055  3319 D vendor.xiaomi.sensor.citsensorservice@2.0-service: handle id:11 wxh:1280x2400 uwxuh:1080x2400 size: 9216000 fd:15 fd_meta:16 flags:0x4000228 usage:0x33  format:0x3 layer_count: 1
06-21 16:20:58.590  1289  1864 I SDM     : HWCSession::SetCWBOutputBuffer: CWB config passed by cwb_client : tappoint 1  CWB_ROI : (829.000000 4.000000 915.000000 90.000000)
06-21 16:20:58.591  1289 14570 I SDM     : HWCSession::ProcessRequests: Successfully configured CWB buffer.
06-21 16:20:58.598  1289 14570 I SDM     : HWCSession::ProcessRequests: Pushing release fence in fenece wait queue.
06-21 16:20:58.599  1289 14570 I SDM     : HWCSession::ProcessRequests: Creating AsyncFenceWaits async thread.
06-21 16:20:58.600  1289 14570 I SDM     : HWCSession::ProcessRequests: Remove current CWB request from the pending request queue.
06-21 16:20:58.600  1289 14570 I SDM     : HWCSession::ProcessRequests: No pending cwb requests found in the queue.
06-21 16:20:58.604  1289  1506 I SDM     : HWDeviceDRM::SetupConcurrentWriteback: Tear down the Concurrent Writeback topology
06-21 16:20:58.610  1289 14571 I SDM     : HWCSession::NotifyCWBStatus: Notify the client about buffer status 0.
06-21 16:20:58.610  1289 14571 I SDM     : HWCSession::PerformFenceWaits: Remove current release fence from the pending fence wait queue.
06-21 16:20:58.610  1289 14571 I SDM     : HWCSession::PerformFenceWaits: CWB fence queue is empty. No pending release fence to wait on.
06-21 16:20:58.660  2055  3327 D libsensor-displayalgo: the value of  brightness:438.000000,R:41481288.247637,G:41485647.122142,B:41707764.810693,EVENT_C:5780.500000,EVENT_R:2301.000000,EVENT_G:2880.500000,EVENT_B:1157.000000
06-21 16:20:58.660  2055  3327 I libsensor-displayalgo: the value of  Coef1:1107.681000,Coef4:2.383000, scale1:0.935522, scale4:0.923264
06-21 16:20:58.660  2055  3327 E libsensor-displayalgo: RGB_test_0407_400_oldzy!
06-21 16:20:58.661  2055  3327 I libsensor-displayalgo: the value of  RESULT2033.007988,794.653584,1014.000148,361.120392
06-21 16:20:58.661  2055  3327 I libsensor-displayalgo: the value of  getChannelDataCalibrated2131.497891,736.002387,1178.576610,394.138607
06-21 16:20:58.661  2055  3327 I libsensor-displayalgo: the value of  REAL LUX213.990021
06-21 16:20:58.661  2055  3327 I libsensor-displayalgo: the value of  CAL REAL LUX213.990021
06-21 16:20:58.822 10278 10421 D config.Worker: config,ver: null
06-21 16:20:58.822 10278 10421 D ab.Worker: ab,ver: null
06-21 16:20:58.897  2423  3334 D MiuiNetworkPolicy: updateLimit mLimitEnabled=false,enabled=true,mNetworkPriorityMode=1
06-21 16:20:58.899  1289  2256 I vendor.qti.hardware.display.composer-service: FrameNotifyProcess Sensor: notify citsensorservice to trigger cwb
06-21 16:20:58.900  2055 15083 I libcitsensorservice@2.0-impl: msg_transfer
06-21 16:20:58.900  2055  3319 D vendor.xiaomi.sensor.citsensorservice@2.0-service: handle id:11 wxh:1280x2400 uwxuh:1080x2400 size: 9216000 fd:15 fd_meta:16 flags:0x4000228 usage:0x33  format:0x3 layer_count: 1
06-21 16:20:58.901  1289  1864 I SDM     : HWCSession::SetCWBOutputBuffer: CWB config passed by cwb_client : tappoint 1  CWB_ROI : (829.000000 4.000000 915.000000 90.000000)
06-21 16:20:58.904  1289 14580 I SDM     : HWCSession::ProcessRequests: Successfully configured CWB buffer.
06-21 16:20:58.910  1289 14580 I SDM     : HWCSession::ProcessRequests: Pushing release fence in fenece wait queue.
06-21 16:20:58.910  1289 14580 I SDM     : HWCSession::ProcessRequests: Creating AsyncFenceWaits async thread.
06-21 16:20:58.910  1289 14580 I SDM     : HWCSession::ProcessRequests: Remove current CWB request from the pending request queue.
06-21 16:20:58.910  1289 14580 I SDM     : HWCSession::ProcessRequests: No pending cwb requests found in the queue.
06-21 16:20:58.916  1289  1506 I SDM     : HWDeviceDRM::SetupConcurrentWriteback: Tear down the Concurrent Writeback topology
06-21 16:20:58.923  1289 14581 I SDM     : HWCSession::NotifyCWBStatus: Notify the client about buffer status 0.
06-21 16:20:58.923  1289 14581 I SDM     : HWCSession::PerformFenceWaits: Remove current release fence from the pending fence wait queue.
06-21 16:20:58.923  1289 14581 I SDM     : HWCSession::PerformFenceWaits: CWB fence queue is empty. No pending release fence to wait on.
06-21 16:20:58.959  2055  3327 D libsensor-displayalgo: the value of  brightness:438.000000,R:41481288.247637,G:41485647.122142,B:41707764.810693,EVENT_C:5777.500000,EVENT_R:2300.000000,EVENT_G:2879.000000,EVENT_B:1156.500000
06-21 16:20:58.960  2055  3327 I libsensor-displayalgo: the value of  Coef1:1107.681000,Coef4:2.383000, scale1:0.935522, scale4:0.923264
06-21 16:20:58.960  2055  3327 E libsensor-displayalgo: RGB_test_0407_400_oldzy!
06-21 16:20:58.960  2055  3327 I libsensor-displayalgo: the value of  RESULT2033.007988,794.653584,1014.000148,361.120392
06-21 16:20:58.961  2055  3327 I libsensor-displayalgo: the value of  getChannelDataCalibrated2131.497891,736.002387,1178.576610,394.138607
06-21 16:20:58.961  2055  3327 I libsensor-displayalgo: the value of  REAL LUX213.788391
06-21 16:20:58.961  2055  3327 I libsensor-displayalgo: the value of  CAL REAL LUX213.788391
06-21 16:20:59.212  1289  2256 I vendor.qti.hardware.display.composer-service: FrameNotifyProcess Sensor: notify citsensorservice to trigger cwb
06-21 16:20:59.213  2055  3808 I libcitsensorservice@2.0-impl: msg_transfer
06-21 16:20:59.214  2055  3319 D vendor.xiaomi.sensor.citsensorservice@2.0-service: handle id:11 wxh:1280x2400 uwxuh:1080x2400 size: 9216000 fd:15 fd_meta:16 flags:0x4000228 usage:0x33  format:0x3 layer_count: 1
06-21 16:20:59.214  1289  1864 I SDM     : HWCSession::SetCWBOutputBuffer: CWB config passed by cwb_client : tappoint 1  CWB_ROI : (829.000000 4.000000 915.000000 90.000000)
06-21 16:20:59.217  1289 14582 I SDM     : HWCSession::ProcessRequests: Successfully configured CWB buffer.
06-21 16:20:59.223  1289 14582 I SDM     : HWCSession::ProcessRequests: Pushing release fence in fenece wait queue.
06-21 16:20:59.224  1289 14582 I SDM     : HWCSession::ProcessRequests: Creating AsyncFenceWaits async thread.
06-21 16:20:59.224  1289 14582 I SDM     : HWCSession::ProcessRequests: Remove current CWB request from the pending request queue.
06-21 16:20:59.224  1289 14582 I SDM     : HWCSession::ProcessRequests: No pending cwb requests found in the queue.
06-21 16:20:59.229  1289  1506 I SDM     : HWDeviceDRM::SetupConcurrentWriteback: Tear down the Concurrent Writeback topology
06-21 16:20:59.236  1289 14583 I SDM     : HWCSession::NotifyCWBStatus: Notify the client about buffer status 0.
06-21 16:20:59.236  1289 14583 I SDM     : HWCSession::PerformFenceWaits: Remove current release fence from the pending fence wait queue.
06-21 16:20:59.236  1289 14583 I SDM     : HWCSession::PerformFenceWaits: CWB fence queue is empty. No pending release fence to wait on.
06-21 16:20:59.259  2055  3327 D libsensor-displayalgo: the value of  brightness:438.000000,R:41481288.247637,G:41485647.122142,B:41707764.810693,EVENT_C:5775.000000,EVENT_R:2300.000000,EVENT_G:2881.500000,EVENT_B:1158.500000
06-21 16:20:59.259  2055  3327 I libsensor-displayalgo: the value of  Coef1:1107.681000,Coef4:2.383000, scale1:0.935522, scale4:0.923264
06-21 16:20:59.259  2055  3327 E libsensor-displayalgo: RGB_test_0407_400_oldzy!
06-21 16:20:59.260  2055  3327 I libsensor-displayalgo: the value of  RESULT2033.007988,794.653584,1014.000148,361.120392
06-21 16:20:59.260  2055  3327 I libsensor-displayalgo: the value of  getChannelDataCalibrated2131.497891,736.002387,1178.576610,394.138607
06-21 16:20:59.260  2055  3327 I libsensor-displayalgo: the value of  REAL LUX213.563217
06-21 16:20:59.260  2055  3327 I libsensor-displayalgo: the value of  CAL REAL LUX213.563217
