11-16 15:53:20.989 11568 11604 I chatty  : uid=10233(io.appium.uiautomator2.server) expire 3 lines
11-16 15:53:20.999    48    48 W migration/6: type=1400 audit(0.0:77876): avc: granted { setsched } for pid=48 scontext=u:r:kernel:s0 tcontext=u:r:kernel:s0 tclass=process
11-16 15:53:21.094  2010  6397 I WindowManager: addWindowToken: displayid:0 binder:android.os.Binder@10dfcd1 token:WindowToken{1106706 android.os.Binder@10dfcd1}
11-16 15:53:21.105  8251  8251 D MouseWheelSynthesizer: mMoveStepInDp: 64, mMoveStepInPixel: 192, mUpTimeDelayed: 100
11-16 15:53:21.107  8251  8251 D ViewRootImpl: ViewRootImpl mIsInProductivePCDisplay: false
11-16 15:53:21.107  4297  5325 I PG_ash  : view add pid:8251 uid:10231
11-16 15:53:21.110  2010  6397 E WindowManager: App trying to use insecure INPUT_FEATURE_NO_INPUT_CHANNEL flag. Ignoring
11-16 15:53:21.112  2010  6397 I WindowManager: addWindow: Window{10c1905 u0 Toast} client:android.os.BinderProxy@1391385 currentDisplayId:0 requestDisplayId:0 token:android.os.Binder@10dfcd1
11-16 15:53:21.113  8251  8251 D InputEventReceiver: dispatchInputInterval 1000000
11-16 15:53:21.116  8251  8287 D OpenGLRenderer: disableOutlineDraw is true
11-16 15:53:21.115    48    48 W migration/6: type=1400 audit(0.0:77877): avc: granted { setsched } for pid=48 scontext=u:r:kernel:s0 tcontext=u:r:kernel:s0 tclass=process
11-16 15:53:21.131  8251  8287 D mali_winsys: EGLint new_window_surface(egl_winsys_display *, void *, EGLSurface, EGLConfig, egl_winsys_surface **, EGLBoolean) returns 0x3000
11-16 15:53:21.137  8251  8251 I HwViewRootImpl: removeInvalidNode all the node in jank list is out of time
11-16 15:53:21.139    48    48 W migration/6: type=1400 audit(0.0:77878): avc: granted { setsched } for pid=48 scontext=u:r:kernel:s0 tcontext=u:r:kernel:s0 tclass=process
11-16 15:53:21.139    54    54 W migration/7: type=1400 audit(0.0:77879): avc: granted { setsched } for pid=54 scontext=u:r:kernel:s0 tcontext=u:r:kernel:s0 tclass=process
11-16 15:53:21.146  2010  2624 I WindowManager: dispatchResized : win = Window{10c1905 u0 Toast} drawState = HAS_DRAWN
11-16 15:53:21.161  2010  2623 W WindowManager: Unable to start animation, surface is null or no children.
11-16 15:53:21.161  2010  2623 I WindowManager: Policy visibility false: Window{14fba5d u0 Toast}
11-16 15:53:21.286  2010  2752 I HwBatteryService: power_ui state= 1 mQuickChargeStatus=1
11-16 15:53:21.287  2010  2752 I HwBatteryService: handleWirelessTxStatus
11-16 15:53:21.287  2010  2752 I HwBatteryService: switch not open, return, mWirelessTxFlag : 0
11-16 15:53:21.287  2010  2752 W HwBatteryService: need return. Invalid value: 0
11-16 15:53:21.287  2010  2752 D HwBatteryService: setHwChargeTimeRemaining, time = -1 String time: 0
11-16 15:53:21.287  2010  2752 I HwBatteryService: IS_WATCH : false
11-16 15:53:21.291   733   733 W health@2.0-serv: type=1400 audit(0.0:77880): avc: denied { read } for pid=733 name="u:object_r:system_prop:s0" dev="tmpfs" ino=11911 scontext=u:r:hal_health_default:s0 tcontext=u:object_r:system_prop:s0 tclass=file permissive=0
11-16 15:53:21.295   733   733 E libc    : Access denied finding property "sys.check.usbupdate"
11-16 15:53:21.296   733   733 W libc    : Unable to set property "sys.check.usbupdate" to "start": connection failed; errno=13 (Permission denied)
11-16 15:53:21.291   733   733 W health@2.0-serv: type=1400 audit(0.0:77881): avc: denied { write } for pid=733 name="property_service" dev="tmpfs" ino=17333 scontext=u:r:hal_health_default:s0 tcontext=u:object_r:property_socket:s0 tclass=sock_file permissive=0
11-16 15:53:21.457  2010  3976 I chatty  : uid=1000(system) HwSelfCureEngin expire 7 lines
11-16 15:53:21.477  4624  4826 I HotspotComponent: handleEvent
11-16 15:53:21.477  4624  4826 I HotspotComponent: handleEvent not handle the event:1121
11-16 15:53:21.477  4624  4826 I WifiProComponent: default event
11-16 15:53:21.477  4624  4826 I HotspotComponent: handleEvent
11-16 15:53:21.477  4624  4838 D HwCHRWifiRSSIGroupSummery: updatArpSummery rssi:-1 HwCHRWifiRSSIGroup [mRssiIndex=4, mRttTcpPackets=0, mRttTcpDuration=0, mRttLanDuration=8060, mRttLanFailures=0, mRttLanSucc=605, mRttLanMax=301, mRttLanMin=3,mSameFrequency=8,mAdjacentFrequency=0]
11-16 15:53:21.477  4624  4826 I HotspotComponent: handleEvent not handle the event:1128
11-16 15:53:21.499  2010  2010 I WindowManager: removeWindowToken: displayid:0 binder:android.os.Binder@c30cd5 token:null
11-16 15:53:21.499  2010  2010 W WindowManager: removeWindowToken: Attempted to remove non-existing token: android.os.Binder@c30cd5
11-16 15:53:21.887  4667  4954 E BoosterUtil: convertSubIdToSlotId failed, subId:0, slotId:-1
11-16 15:53:21.887  4667  4954 E BoosterUtil: getDefaultDataSlotId failed, invalid slotId:-1, subId:0
11-16 15:53:21.937   882   882 I aptouch_daemon: check_afe_status, afe[204 60 Xa01] [ctrl:X40020 ftr:X8140] dif[78 -87] raw[36363 21366] [exp:X0 aN:0 lo:0]
11-16 15:53:21.968  2010  2637 I chatty  : uid=1000(system) android.bg expire 2 lines
11-16 15:53:22.096  2010  2019 I chatty  : uid=1000(system) GC expire 5 lines
11-16 15:53:22.186  1021  1062 E bastetd : [ProxySocket    ] NotifySocketErrState# No record found by comm prop, state=196619
11-16 15:53:22.187    48    48 W migration/6: type=1400 audit(0.0:77884): avc: granted { setsched } for pid=48 scontext=u:r:kernel:s0 tcontext=u:r:kernel:s0 tclass=process
11-16 15:53:22.187    54    54 W migration/7: type=1400 audit(0.0:77885): avc: granted { setsched } for pid=54 scontext=u:r:kernel:s0 tcontext=u:r:kernel:s0 tclass=process
11-16 15:53:22.379    54    54 W migration/7: type=1400 audit(0.0:77886): avc: granted { setsched } for pid=54 scontext=u:r:kernel:s0 tcontext=u:r:kernel:s0 tclass=process
11-16 15:53:22.379    48    48 W migration/6: type=1400 audit(0.0:77887): avc: granted { setsched } for pid=48 scontext=u:r:kernel:s0 tcontext=u:r:kernel:s0 tclass=process
11-16 15:53:22.906  4667  4954 E BoosterUtil: convertSubIdToSlotId failed, subId:0, slotId:-1
11-16 15:53:22.906  4667  4954 E BoosterUtil: getDefaultDataSlotId failed, invalid slotId:-1, subId:0
11-16 15:53:23.023  2010  2653 I PowerManagerService: handleSandman: wakefulness: 1,startDreaming: false
11-16 15:53:23.098  2010  2010 I WindowManager: removeWindowToken: displayid:0 binder:android.os.Binder@10dfcd1 token:WindowToken{1106706 android.os.Binder@10dfcd1}
11-16 15:53:23.098  8251  8251 I ViewRootImpl: dispatchDetachedFromWindow in doDie
11-16 15:53:23.103  4297  5325 I PG_ash  : view remove pid:8251 uid:10231
11-16 15:53:23.103  8251  8287 W libEGL  : EGLNativeWindowType 0x7e0de51f10 disconnect failed
11-16 15:53:23.111  2010  4210 I WindowManager: removeIfPossible: Window{10c1905 u0 Toast} callers=com.android.server.wm.WindowState.removeIfPossible:5163788 com.android.server.wm.WindowManagerService.removeWindow:4766012 android.view.IWindowSession$Stub.onTransact:5317436 com.android.server.wm.Session.onTransact:6796980 android.os.Binder.execTransactInternal:6255836
11-16 15:53:23.112  2010  4210 I WindowManager: Not removing Window{10c1905 u0 Toast EXITING} due to exit animation
11-16 15:53:23.130  2010  6397 W NotificationService: Toast already killed. pkg=cn.missevan callback=android.app.ITransientNotification$Stub$Proxy@14d420f
11-16 15:53:23.221  2010  2624 I WindowManager: Exit animation finished in Window{10c1905 u0 Toast EXITING}: remove=true
11-16 15:53:23.246  2010  2624 I WindowManager: postWindowRemoveCleanupLocked: Window{10c1905 u0 Toast}
11-16 15:53:23.247  2010  2624 I WindowManager: Removing Window{10c1905 u0 Toast} from WindowToken{1106706 android.os.Binder@10dfcd1}
11-16 15:53:23.247  2010  2624 I WindowManager: removeWindowToken: displayid:0 binder:android.os.Binder@10dfcd1 token:null
11-16 15:53:23.383   681  1277 W /system/bin/netd: A binder object at 0x7df992ff80 is being transacted on, however, this object is in the same process as its proxy. Transacting with this binder is expensive compared to just calling the corresponding functionality in the same process.
11-16 15:53:23.383   681  1277 I PreDnsController: CanPreDnsQuery,persist.sys.predns is false!
11-16 15:53:23.793  2010  2010 I WindowManager: removeWindowToken: displayid:0 binder:android.os.Binder@1095cb5 token:null
11-16 15:53:23.793  2010  2010 W WindowManager: removeWindowToken: Attempted to remove non-existing token: android.os.Binder@1095cb5
11-16 15:53:23.856  2010  5433 D HwConnectivityServiceEx: set 10231 wlan0 value false
11-16 15:53:23.929  4667  4954 E BoosterUtil: convertSubIdToSlotId failed, subId:0, slotId:-1
11-16 15:53:23.930  4667  4954 E BoosterUtil: getDefaultDataSlotId failed, invalid slotId:-1, subId:0
11-16 15:53:24.010  2010  2653 I PowerManagerService: handleSandman: wakefulness: 1,startDreaming: false
11-16 15:53:24.037  8251  8251 W HiTouch_PressGestureDetector: Touch pointer move a lot. The moving distance of X is:0.0, limit is:60The moving distance of Y is:179.0769, limit is:60
11-16 15:53:24.054  8251  8251 I RmeSchedManager: SetMarginData, input:3, animation:4, traversal:4, util:600, frameRate:60
11-16 15:53:24.088 11568 11610 I appium  : The event has been delayed for 35ms
11-16 15:53:24.114 11568 11610 I appium  : [105271300 (success)] Synthesized: MotionEvent { action=ACTION_MOVE, actionButton=0, id[0]=0, x[0]=588.0, y[0]=1387.8462, toolType[0]=TOOL_TYPE_FINGER, buttonState=0, classification=NONE, metaState=0, flags=0x0, edgeFlags=0x0, pointerCount=1, historySize=0, eventTime=105271300, downTime=105270213, deviceId=0, source=0x1002, displayId=0 }
11-16 15:53:24.114 11568 11610 I appium  : The event has been delayed for 25ms
11-16 15:53:24.157 11568 11610 I appium  : [105271326 (success)] Synthesized: MotionEvent { action=ACTION_MOVE, actionButton=0, id[0]=0, x[0]=588.0, y[0]=1298.3077, toolType[0]=TOOL_TYPE_FINGER, buttonState=0, classification=NONE, metaState=0, flags=0x0, edgeFlags=0x0, pointerCount=1, historySize=0, eventTime=105271326, downTime=105270213, deviceId=0, source=0x1002, displayId=0 }
11-16 15:53:24.157 11568 11610 I appium  : The event has been delayed for 42ms
11-16 15:53:24.167  8251  8287 I RmeSchedManager: SetMarginData, input:3, animation:4, traversal:4, util:600, frameRate:60
11-16 15:53:24.182 11568 11610 I appium  : [105271369 (success)] Synthesized: MotionEvent { action=ACTION_MOVE, actionButton=0, id[0]=0, x[0]=588.0, y[0]=1208.7693, toolType[0]=TOOL_TYPE_FINGER, buttonState=0, classification=NONE, metaState=0, flags=0x0, edgeFlags=0x0, pointerCount=1, historySize=0, eventTime=105271369, downTime=105270213, deviceId=0, source=0x1002, displayId=0 }
11-16 15:53:24.182 11568 11610 I appium  : The event has been delayed for 24ms
11-16 15:53:24.218 11568 11610 I appium  : [105271394 (success)] Synthesized: MotionEvent { action=ACTION_MOVE, actionButton=0, id[0]=0, x[0]=588.0, y[0]=1119.2307, toolType[0]=TOOL_TYPE_FINGER, buttonState=0, classification=NONE, metaState=0, flags=0x0, edgeFlags=0x0, pointerCount=1, historySize=0, eventTime=105271394, downTime=105270213, deviceId=0, source=0x1002, displayId=0 }
11-16 15:53:24.219 11568 11610 I appium  : The event has been delayed for 36ms
11-16 15:53:24.261 11568 11610 I appium  : [105271430 (success)] Synthesized: MotionEvent { action=ACTION_MOVE, actionButton=0, id[0]=0, x[0]=588.0, y[0]=1029.6924, toolType[0]=TOOL_TYPE_FINGER, buttonState=0, classification=NONE, metaState=0, flags=0x0, edgeFlags=0x0, pointerCount=1, historySize=0, eventTime=105271430, downTime=105270213, deviceId=0, source=0x1002, displayId=0 }
11-16 15:53:24.261 11568 11610 I appium  : The event has been delayed for 42ms
11-16 15:53:24.268  8251  8287 I RmeSchedManager: SetMarginData, input:3, animation:4, traversal:4, util:600, frameRate:60
11-16 15:53:24.284 11568 11610 I appium  : [105271473 (success)] Synthesized: MotionEvent { action=ACTION_MOVE, actionButton=0, id[0]=0, x[0]=588.0, y[0]=940.1539, toolType[0]=TOOL_TYPE_FINGER, buttonState=0, classification=NONE, metaState=0, flags=0x0, edgeFlags=0x0, pointerCount=1, historySize=0, eventTime=105271473, downTime=105270213, deviceId=0, source=0x1002, displayId=0 }
11-16 15:53:24.285 11568 11610 I appium  : The event has been delayed for 23ms
11-16 15:53:24.317 11568 11610 I appium  : [105271496 (success)] Synthesized: MotionEvent { action=ACTION_MOVE, actionButton=0, id[0]=0, x[0]=588.0, y[0]=850.6154, toolType[0]=TOOL_TYPE_FINGER, buttonState=0, classification=NONE, metaState=0, flags=0x0, edgeFlags=0x0, pointerCount=1, historySize=0, eventTime=105271496, downTime=105270213, deviceId=0, source=0x1002, displayId=0 }
11-16 15:53:24.317 11568 11610 I appium  : The event has been delayed for 32ms
11-16 15:53:24.347    48    48 W migration/6: type=1400 audit(0.0:77888): avc: granted { setsched } for pid=48 scontext=u:r:kernel:s0 tcontext=u:r:kernel:s0 tclass=process
11-16 15:53:24.347    54    54 W migration/7: type=1400 audit(0.0:77889): avc: granted { setsched } for pid=54 scontext=u:r:kernel:s0 tcontext=u:r:kernel:s0 tclass=process
11-16 15:53:24.354 11568 11610 I appium  : [105271529 (success)] Synthesized: MotionEvent { action=ACTION_MOVE, actionButton=0, id[0]=0, x[0]=588.0, y[0]=761.07697, toolType[0]=TOOL_TYPE_FINGER, buttonState=0, classification=NONE, metaState=0, flags=0x0, edgeFlags=0x0, pointerCount=1, historySize=0, eventTime=105271529, downTime=105270213, deviceId=0, source=0x1002, displayId=0 }
11-16 15:53:24.355 11568 11610 I appium  : The event has been delayed for 37ms
11-16 15:53:24.386 11568 11610 I appium  : [105271566 (success)] Synthesized: MotionEvent { action=ACTION_MOVE, actionButton=0, id[0]=0, x[0]=588.0, y[0]=671.53845, toolType[0]=TOOL_TYPE_FINGER, buttonState=0, classification=NONE, metaState=0, flags=0x0, edgeFlags=0x0, pointerCount=1, historySize=0, eventTime=105271566, downTime=105270213, deviceId=0, source=0x1002, displayId=0 }
11-16 15:53:24.386 11568 11610 I appium  : The event has been delayed for 31ms
11-16 15:53:24.392  8251  8287 I RmeSchedManager: SetMarginData, input:3, animation:4, traversal:4, util:600, frameRate:60
11-16 15:53:24.418  8251  8263 I cn.missevan: Background concurrent copying GC freed 447286(22MB) AllocSpace objects, 135(11MB) LOS objects, 44% free, 30MB/54MB, paused 68us total 104.921ms
11-16 15:53:24.420 11568 11610 I appium  : [105271598 (success)] Synthesized: MotionEvent { action=ACTION_MOVE, actionButton=0, id[0]=0, x[0]=588.0, y[0]=582.0, toolType[0]=TOOL_TYPE_FINGER, buttonState=0, classification=NONE, metaState=0, flags=0x0, edgeFlags=0x0, pointerCount=1, historySize=0, eventTime=105271598, downTime=105270213, deviceId=0, source=0x1002, displayId=0 }
11-16 15:53:24.420 11568 11610 I appium  : The event has been delayed for 33ms
11-16 15:53:24.435  8251  8265 W System  : A resource failed to call close.
11-16 15:53:24.437 11568 11610 I appium  : [105271631 (success)] Synthesized: MotionEvent { action=ACTION_UP, actionButton=0, id[0]=0, x[0]=588.0, y[0]=582.0, toolType[0]=TOOL_TYPE_FINGER, buttonState=0, classification=NONE, metaState=0, flags=0x0, edgeFlags=0x0, pointerCount=1, historySize=0, eventTime=105271631, downTime=105270213, deviceId=0, source=0x1002, displayId=0 }
11-16 15:53:24.438 11568 11610 I appium  : AppiumResponse: {"sessionId":"d1d00c15-8f09-4817-aaed-6d00297f9ea4","value":null}
11-16 15:53:24.539    54    54 W migration/7: type=1400 audit(0.0:77890): avc: granted { setsched } for pid=54 scontext=u:r:kernel:s0 tcontext=u:r:kernel:s0 tclass=process
11-16 15:53:24.539    48    48 W migration/6: type=1400 audit(0.0:77891): avc: granted { setsched } for pid=48 scontext=u:r:kernel:s0 tcontext=u:r:kernel:s0 tclass=process
11-16 15:53:24.224  2010  2653 I chatty  : uid=1000(system) PowerManagerSer identical 2 lines
11-16 15:53:24.358  2010  2653 I PowerManagerService: handleSandman: wakefulness: 1,startDreaming: false
11-16 15:53:24.615  2010  2623 W WindowManager: Unable to start animation, surface is null or no children.
11-16 15:53:24.615  2010  2623 I WindowManager: Policy visibility false: Window{10c1905 u0 Toast}
11-16 15:53:24.633  8251  8287 I RmeSchedManager: SetMarginData, input:3, animation:4, traversal:4, util:600, frameRate:60
11-16 15:53:24.703  8251  8287 I RmeSchedManager: SetMarginData, input:3, animation:4, traversal:4, util:600, frameRate:60
11-16 15:53:24.757  2010  3879 I chatty  : uid=1000(system) WifiService expire 49 lines
11-16 15:53:24.758  2010 11971 D HwConnectivityServiceEx: set 1000 wlan0 value false
11-16 15:53:24.760  2010 11971 I chatty  : uid=1000(system) MobileQosDetect expire 10 lines
11-16 15:53:24.767  8251  8287 I RmeSchedManager: SetMarginData, input:3, animation:4, traversal:4, util:600, frameRate:60
11-16 15:53:24.813  4644  5101 D DeviceMonitorPowerKit: run, sCountNum is 1
11-16 15:53:24.813  4644  5101 D DeviceMonitorPowerKit: interval is 439981, ElapsedRealtime is 477889396, isNeedRepeat: false
11-16 15:53:24.813  4644  5101 E DeviceMonitorPowerKit: not Satify ApplyResource
11-16 15:53:24.831  8251  8287 I RmeSchedManager: SetMarginData, input:3, animation:4, traversal:4, util:600, frameRate:60
11-16 15:53:24.894  8251  8251 I RmeSchedManager: SetMarginData, input:3, animation:4, traversal:4, util:600, frameRate:60
11-16 15:53:24.955  4667  5956 I chatty  : uid=1000(system) JNITID-5956 expire 29 lines
11-16 15:53:24.955  4667  4954 E BoosterUtil: convertSubIdToSlotId failed, subId:0, slotId:-1
11-16 15:53:24.955  4667  4954 E BoosterUtil: getDefaultDataSlotId failed, invalid slotId:-1, subId:0
11-16 15:53:24.955  4667  4954 I chatty  : uid=1000(system) OllieAwareThrea expire 11 lines
11-16 15:53:24.956  4667  5324 I chatty  : uid=1000(system) EmcomThread expire 30 lines
11-16 15:53:24.956  2010  3970 I chatty  : uid=1000(system) wifipro_feature expire 69 lines
11-16 15:53:24.961  8251  8287 I RmeSchedManager: SetMarginData, input:3, animation:4, traversal:4, util:600, frameRate:60
11-16 15:53:24.980   681 15256 I netd    : trafficSwapActiveStatsMap() <0.32ms>
11-16 15:53:24.997  4667  6060 I chatty  : uid=1000(system) LteRecoveryEngi expire 11 lines
11-16 15:53:25.026  8251  8287 I RmeSchedManager: SetMarginData, input:3, animation:4, traversal:4, util:600, frameRate:60
11-16 15:53:25.292  8251  8287 I RmeSchedManager: SetMarginData, input:3, animation:4, traversal:4, util:600, frameRate:60
11-16 15:53:25.359  8251  8287 I RmeSchedManager: SetMarginData, input:3, animation:4, traversal:4, util:600, frameRate:60
11-16 15:53:25.425  8251  8287 I RmeSchedManager: SetMarginData, input:3, animation:4, traversal:4, util:600, frameRate:60
11-16 15:53:25.503  8251  8251 I RmeSchedManager: SetMarginData, input:3, animation:4, traversal:4, util:600, frameRate:60
11-16 15:53:25.570  8251  8251 I RmeSchedManager: SetMarginData, input:3, animation:4, traversal:4, util:600, frameRate:60
11-16 15:53:25.668  8251  8287 I RmeSchedManager: SetMarginData, input:3, animation:4, traversal:4, util:600, frameRate:60
11-16 15:53:25.731   681  1155 W IptablesRestoreController: iptables-restore process 11464 terminated status=15
11-16 15:53:25.733  8251  8287 I RmeSchedManager: SetMarginData, input:3, animation:4, traversal:4, util:600, frameRate:60
11-16 15:53:25.733   681  1155 W IptablesRestoreController: iptables-restore process 11465 terminated status=15
11-16 15:53:25.802  8251  8287 I RmeSchedManager: SetMarginData, input:3, animation:4, traversal:4, util:600, frameRate:60
11-16 15:53:25.804  2010  2010 I WindowManager: removeWindowToken: displayid:0 binder:android.os.Binder@11be09d token:null
11-16 15:53:25.804  2010  2010 W WindowManager: removeWindowToken: Attempted to remove non-existing token: android.os.Binder@11be09d
11-16 15:53:25.850   681 15256 I netd    : trafficSwapActiveStatsMap() <0.37ms>
11-16 15:53:25.868  8251  8287 I RmeSchedManager: SetMarginData, input:3, animation:4, traversal:4, util:600, frameRate:60
11-16 15:53:25.934  8251  8287 I RmeSchedManager: SetMarginData, input:3, animation:4, traversal:4, util:600, frameRate:60
11-16 15:53:25.982  4667  4954 E BoosterUtil: convertSubIdToSlotId failed, subId:0, slotId:-1
11-16 15:53:25.982  4667  4954 E BoosterUtil: getDefaultDataSlotId failed, invalid slotId:-1, subId:0
11-16 15:53:26.001  8251  8287 I RmeSchedManager: SetMarginData, input:3, animation:4, traversal:4, util:600, frameRate:60
11-16 15:53:26.142  8251  8287 I RmeSchedManager: SetMarginData, input:3, animation:4, traversal:4, util:600, frameRate:60
11-16 15:53:26.204  8251  8251 I RmeSchedManager: SetMarginData, input:3, animation:4, traversal:4, util:600, frameRate:60
11-16 15:53:26.280  8251  8287 I RmeSchedManager: SetMarginData, input:3, animation:4, traversal:4, util:600, frameRate:60
11-16 15:53:26.337  8251  8251 I RmeSchedManager: SetMarginData, input:3, animation:4, traversal:4, util:600, frameRate:60
11-16 15:53:26.404  8251  8251 I RmeSchedManager: SetMarginData, input:3, animation:4, traversal:4, util:600, frameRate:60
11-16 15:53:26.473 11568 11610 I appium  : channel read: POST /wd/hub/session/d1d00c15-8f09-4817-aaed-6d00297f9ea4/element
11-16 15:53:26.474 11568 11610 I appium  : FindElement command
11-16 15:53:26.475 11568 11610 I appium  : method: 'id', selector: 'cn.missevan:id/follow_user'
11-16 15:53:26.475 11568 11610 I appium  : Waiting up to 100ms for the device to idle
11-16 15:53:26.476  2010  5433 I chatty  : uid=1000(system) Binder:2010_11 expire 24 lines
11-16 15:53:26.479 11568 11610 W AccessibilityInteractionClient: old interaction Id is: -1,current interaction Id is:115
11-16 15:53:26.480  8251  8287 I RmeSchedManager: SetMarginData, input:3, animation:4, traversal:4, util:600, frameRate:60
11-16 15:53:26.512 11568 11610 W AccessibilityInteractionClient: old interaction Id is: -1,current interaction Id is:116
11-16 15:53:26.534 11568 11610 W AccessibilityInteractionClient: old interaction Id is: -1,current interaction Id is:117
11-16 15:53:26.537  8251  8251 I RmeSchedManager: SetMarginData, input:3, animation:4, traversal:4, util:600, frameRate:60
11-16 15:53:26.538 11568 11610 W AccessibilityInteractionClient: old interaction Id is: -1,current interaction Id is:118
11-16 15:53:26.544 11568 11610 W AccessibilityInteractionClient: old interaction Id is: -1,current interaction Id is:119
11-16 15:53:26.549 11568 11610 W AccessibilityInteractionClient: old interaction Id is: -1,current interaction Id is:120
11-16 15:53:26.551 11568 11610 W AccessibilityInteractionClient: old interaction Id is: -1,current interaction Id is:121
11-16 15:53:26.554 11568 11610 W AccessibilityInteractionClient: old interaction Id is: -1,current interaction Id is:122
11-16 15:53:26.559 11568 11610 W AccessibilityInteractionClient: old interaction Id is: -1,current interaction Id is:123
11-16 15:53:26.561 11568 11610 W AccessibilityInteractionClient: old interaction Id is: -1,current interaction Id is:124
11-16 15:53:26.563 11568 11610 W AccessibilityInteractionClient: old interaction Id is: -1,current interaction Id is:125
11-16 15:53:26.564 11568 11610 W AccessibilityInteractionClient: old interaction Id is: -1,current interaction Id is:126
11-16 15:53:26.570 11568 11610 I appium  : AppiumResponse: {"sessionId":"d1d00c15-8f09-4817-aaed-6d00297f9ea4","value":{"ELEMENT":"00000000-0000-01be-ffff-ffff00000f8a","element-6066-11e4-a52e-4f735466cecf":"00000000-0000-01be-ffff-ffff00000f8a"}}
11-16 15:53:26.593 11568 11610 I appium  : channel read: POST /wd/hub/session/d1d00c15-8f09-4817-aaed-6d00297f9ea4/element/00000000-0000-01be-ffff-ffff00000f8a/click
11-16 15:53:26.595 11568 11610 I appium  : Click command
11-16 15:53:26.596 11568 11610 W AccessibilityInteractionClient: old interaction Id is: -1,current interaction Id is:127
11-16 15:53:26.610 11568 11610 W AccessibilityInteractionClient: old interaction Id is: -1,current interaction Id is:128
11-16 15:53:26.614  8251  8287 I RmeSchedManager: SetMarginData, input:3, animation:4, traversal:4, util:600, frameRate:60
11-16 15:53:26.643  2010  2621 I chatty  : uid=1000(system) android.ui expire 8 lines
11-16 15:53:26.643  2010  2653 I PowerManagerService: handleSandman: wakefulness: 1,startDreaming: false
11-16 15:53:26.647  8251  8251 E cn.missevan: No package ID ff found for ID 0xffffffff.
11-16 15:53:26.647  8251  8251 I Resource: printErrorResource, maybe not an error because module has entative action to load resource.
11-16 15:53:26.647  8251  8251 I Resources_debug: The apk asset path = ApkAssets{path=/system/framework/framework-res.apk}
11-16 15:53:26.647  8251  8251 I Resources_debug: The apk asset path = ApkAssets{path=/system/framework/framework-res-hwext.apk}
11-16 15:53:26.647  8251  8251 I Resources_debug: The apk asset path = ApkAssets{path=/hw_product/overlay/frameworkResOverlay.apk}
11-16 15:53:26.647  8251  8251 I Resources_debug: The apk asset path = ApkAssets{path=/data/app/cn.missevan-FedeLrCpwXuVCodTxv8LaQ==/base.apk}
11-16 15:53:26.647  8251  8251 I Resources_debug: The apk asset path = ApkAssets{path=/data/app/com.huawei.webview-B0mYPuQe_TfsHqgHcGUBCA==/base.apk}
11-16 15:53:26.655 11568 11610 I appium  : Waiting up to 100ms for the device to idle
11-16 15:53:26.656 11568 11610 I appium  : AppiumResponse: {"sessionId":"d1d00c15-8f09-4817-aaed-6d00297f9ea4","value":null}
11-16 15:53:26.657  8251  8251 V AudioManager: querySoundEffectsEnabled...
11-16 15:53:26.658  2010  5433 D HwConnectivityServiceEx: set 10231 wlan0 value false
11-16 15:53:26.674 11568 11604 W AccessibilityInteractionClient: old interaction Id is: -1,current interaction Id is:17
11-16 15:53:26.676 11568 11610 I appium  : channel read: POST /wd/hub/session/d1d00c15-8f09-4817-aaed-6d00297f9ea4/element
11-16 15:53:26.677 11568 11610 I appium  : FindElement command
11-16 15:53:26.679 11568 11610 I appium  : method: 'xpath', selector: '//*[@class="android.widget.Toast"]'
11-16 15:53:26.679 11568 11610 I appium  : Waiting up to 100ms for the device to idle
11-16 15:53:26.806  2010  6390 I WindowManager: addWindowToken: displayid:0 binder:android.os.Binder@e63829 token:WindowToken{1106790 android.os.Binder@e63829}
11-16 15:53:26.811  8251  8251 D MouseWheelSynthesizer: mMoveStepInDp: 64, mMoveStepInPixel: 192, mUpTimeDelayed: 100
11-16 15:53:26.811 11568 11604 W AccessibilityInteractionClient: old interaction Id is: -1,current interaction Id is:18
11-16 15:53:26.811  8251  8251 D ViewRootImpl: ViewRootImpl mIsInProductivePCDisplay: false
11-16 15:53:26.813  4297  5325 I PG_ash  : view add pid:8251 uid:10231
11-16 15:53:26.814  2010  5433 E WindowManager: App trying to use insecure INPUT_FEATURE_NO_INPUT_CHANNEL flag. Ignoring
11-16 15:53:26.816  2010  5433 I WindowManager: addWindow: Window{cc4a09 u0 Toast} client:android.os.BinderProxy@1388fed currentDisplayId:0 requestDisplayId:0 token:android.os.Binder@e63829
11-16 15:53:26.817  8251  8251 D InputEventReceiver: dispatchInputInterval 1000000
11-16 15:53:26.837  8251  8287 D mali_winsys: EGLint new_window_surface(egl_winsys_display *, void *, EGLSurface, EGLConfig, egl_winsys_surface **, EGLBoolean) returns 0x3000
11-16 15:53:26.843  8251  8287 D OpenGLRenderer: disableOutlineDraw is true
11-16 15:53:26.845 11568 11610 W QueryController: Could not detect idle state.
11-16 15:53:26.850  2010  2624 I WindowManager: dispatchResized : win = Window{cc4a09 u0 Toast} drawState = HAS_DRAWN
11-16 15:53:26.851 11568 11604 W AccessibilityInteractionClient: old interaction Id is: -1,current interaction Id is:19
11-16 15:53:26.856 11568 11610 I appium  : The following attributes will be included to the page source: [class]
11-16 15:53:26.862 11568 11610 W AccessibilityInteractionClient: old interaction Id is: -1,current interaction Id is:129
11-16 15:53:26.879 11568 11610 W AccessibilityInteractionClient: old interaction Id is: -1,current interaction Id is:130
11-16 15:53:26.886 11568 11610 W AccessibilityInteractionClient: old interaction Id is: -1,current interaction Id is:131
11-16 15:53:26.887 11568 11610 W AccessibilityInteractionClient: old interaction Id is: -1,current interaction Id is:132
11-16 15:53:26.889 11568 11610 W AccessibilityInteractionClient: old interaction Id is: -1,current interaction Id is:133
11-16 15:53:26.891 11568 11610 W AccessibilityInteractionClient: old interaction Id is: -1,current interaction Id is:134
11-16 15:53:26.893 11568 11610 W AccessibilityInteractionClient: old interaction Id is: -1,current interaction Id is:135
11-16 15:53:26.894 11568 11610 W AccessibilityInteractionClient: old interaction Id is: -1,current interaction Id is:136
11-16 15:53:26.895 11568 11610 W AccessibilityInteractionClient: old interaction Id is: -1,current interaction Id is:137
11-16 15:53:26.896 11568 11610 W AccessibilityInteractionClient: old interaction Id is: -1,current interaction Id is:138
11-16 15:53:26.897 11568 11610 W AccessibilityInteractionClient: old interaction Id is: -1,current interaction Id is:139
11-16 15:53:26.907 11568 11610 W AccessibilityInteractionClient: old interaction Id is: -1,current interaction Id is:140
11-16 15:53:26.908 11568 11610 W AccessibilityInteractionClient: old interaction Id is: -1,current interaction Id is:141
11-16 15:53:26.909 11568 11610 W AccessibilityInteractionClient: old interaction Id is: -1,current interaction Id is:142
11-16 15:53:26.911 11568 11610 W AccessibilityInteractionClient: old interaction Id is: -1,current interaction Id is:143
11-16 15:53:26.912 11568 11610 W AccessibilityInteractionClient: old interaction Id is: -1,current interaction Id is:144
11-16 15:53:26.913 11568 11610 W AccessibilityInteractionClient: old interaction Id is: -1,current interaction Id is:145
11-16 15:53:26.914 11568 11610 W AccessibilityInteractionClient: old interaction Id is: -1,current interaction Id is:146
11-16 15:53:26.915 11568 11610 W AccessibilityInteractionClient: old interaction Id is: -1,current interaction Id is:147
11-16 15:53:26.916 11568 11610 W AccessibilityInteractionClient: old interaction Id is: -1,current interaction Id is:148
11-16 15:53:26.917 11568 11610 W AccessibilityInteractionClient: old interaction Id is: -1,current interaction Id is:149
11-16 15:53:26.923 11568 11610 W AccessibilityInteractionClient: old interaction Id is: -1,current interaction Id is:150
11-16 15:53:26.924 11568 11610 W AccessibilityInteractionClient: old interaction Id is: -1,current interaction Id is:151
11-16 15:53:26.929 11568 11610 W AccessibilityInteractionClient: old interaction Id is: -1,current interaction Id is:152
11-16 15:53:26.931 11568 11610 W AccessibilityInteractionClient: old interaction Id is: -1,current interaction Id is:153
11-16 15:53:26.932 11568 11610 W AccessibilityInteractionClient: old interaction Id is: -1,current interaction Id is:154
11-16 15:53:26.934 11568 11610 W AccessibilityInteractionClient: old interaction Id is: -1,current interaction Id is:155
11-16 15:53:26.936 11568 11610 W AccessibilityInteractionClient: old interaction Id is: -1,current interaction Id is:156
11-16 15:53:26.941 11568 11610 W AccessibilityInteractionClient: old interaction Id is: -1,current interaction Id is:157
11-16 15:53:26.959 11568 11610 I appium  : Adding toast message to root: 
11-16 15:53:26.996 11568 11610 I appium  : Took 0ms to retrieve 1 matches for '//*[@class="android.widget.Toast"]' XPath query
11-16 15:53:26.998 11568 11610 I appium  : AppiumResponse: {"sessionId":"d1d00c15-8f09-4817-aaed-6d00297f9ea4","value":{"ELEMENT":"90c082f7-0855-439f-af0d-e32bc9b674f4","element-6066-11e4-a52e-4f735466cecf":"90c082f7-0855-439f-af0d-e32bc9b674f4"}}
11-16 15:53:27.002  4667  4954 E BoosterUtil: convertSubIdToSlotId failed, subId:0, slotId:-1
11-16 15:53:27.002  4667  4954 E BoosterUtil: getDefaultDataSlotId failed, invalid slotId:-1, subId:0
11-16 15:53:27.009 11568 11610 I appium  : channel read: GET /wd/hub/session/d1d00c15-8f09-4817-aaed-6d00297f9ea4/element/90c082f7-0855-439f-af0d-e32bc9b674f4/attribute/text
11-16 15:53:27.010 11568 11610 I appium  : GetElementAttribute command
11-16 15:53:27.033  4624  4833 I NcDftChip: NcChipDftEvent receive:NcChipDftEvent{Id=909009521, Length=464, Flag=0}
11-16 15:53:27.033  4624  4826 I HotspotComponent: handleChipEvent
11-16 15:53:27.410 11568 11610 W QueryController: Could not detect idle state.
11-16 15:53:27.411 11568 11610 I appium  : The element identified by '90c082f7-0855-439f-af0d-e32bc9b674f4' has been reported as stale (null). Trying to restore it
11-16 15:53:27.411 11568 11610 I appium  : The following attributes will be included to the page source: [class]
11-16 15:53:27.419 11568 11610 W AccessibilityInteractionClient: old interaction Id is: -1,current interaction Id is:158
11-16 15:53:27.434 11568 11610 W AccessibilityInteractionClient: old interaction Id is: -1,current interaction Id is:159
11-16 15:53:27.445 11568 11610 W AccessibilityInteractionClient: old interaction Id is: -1,current interaction Id is:160
11-16 15:53:27.446 11568 11610 W AccessibilityInteractionClient: old interaction Id is: -1,current interaction Id is:161
11-16 15:53:27.448 11568 11610 W AccessibilityInteractionClient: old interaction Id is: -1,current interaction Id is:162
11-16 15:53:27.458 11568 11610 W AccessibilityInteractionClient: old interaction Id is: -1,current interaction Id is:163
11-16 15:53:27.461 11568 11610 W AccessibilityInteractionClient: old interaction Id is: -1,current interaction Id is:164
11-16 15:53:27.476 11568 11610 W AccessibilityInteractionClient: old interaction Id is: -1,current interaction Id is:165
11-16 15:53:27.477 11568 11610 W AccessibilityInteractionClient: old interaction Id is: -1,current interaction Id is:166
11-16 15:53:27.479 11568 11610 W AccessibilityInteractionClient: old interaction Id is: -1,current interaction Id is:167
11-16 15:53:27.480 11568 11610 W AccessibilityInteractionClient: old interaction Id is: -1,current interaction Id is:168
11-16 15:53:27.482 11568 11610 W AccessibilityInteractionClient: old interaction Id is: -1,current interaction Id is:169
11-16 15:53:27.484 11568 11610 W AccessibilityInteractionClient: old interaction Id is: -1,current interaction Id is:170
11-16 15:53:27.485 11568 11610 W AccessibilityInteractionClient: old interaction Id is: -1,current interaction Id is:171
11-16 15:53:27.489 11568 11610 I appium  : Adding toast message to root: 
11-16 15:53:27.524 11568 11610 I appium  : Took 0ms to retrieve 1 matches for '//*[@class="android.widget.Toast"]' XPath query
11-16 15:53:27.526 11568 11610 I appium  : AppiumResponse: {"sessionId":"d1d00c15-8f09-4817-aaed-6d00297f9ea4","value":""}
11-16 15:53:27.542 11568 11610 I appium  : channel read: POST /wd/hub/session/d1d00c15-8f09-4817-aaed-6d00297f9ea4/element
11-16 15:53:27.542 11568 11610 I appium  : FindElement command
11-16 15:53:27.543 11568 11610 I appium  : method: 'id', selector: 'cn.missevan:id/follow_user'
11-16 15:53:27.543 11568 11610 I appium  : Waiting up to 100ms for the device to idle
11-16 15:53:27.545 11568 11610 W AccessibilityInteractionClient: old interaction Id is: -1,current interaction Id is:172
11-16 15:53:27.562 11568 11610 W AccessibilityInteractionClient: old interaction Id is: -1,current interaction Id is:173
11-16 15:53:27.575 11568 11610 W AccessibilityInteractionClient: old interaction Id is: -1,current interaction Id is:174
11-16 15:53:27.592 11568 11610 W AccessibilityInteractionClient: old interaction Id is: -1,current interaction Id is:175
11-16 15:53:27.594 11568 11610 W AccessibilityInteractionClient: old interaction Id is: -1,current interaction Id is:176
11-16 15:53:27.598 11568 11610 W AccessibilityInteractionClient: old interaction Id is: -1,current interaction Id is:177
11-16 15:53:27.601 11568 11610 W AccessibilityInteractionClient: old interaction Id is: -1,current interaction Id is:178
11-16 15:53:27.603 11568 11610 W AccessibilityInteractionClient: old interaction Id is: -1,current interaction Id is:179
11-16 15:53:27.605 11568 11610 W AccessibilityInteractionClient: old interaction Id is: -1,current interaction Id is:180
11-16 15:53:27.606 11568 11610 W AccessibilityInteractionClient: old interaction Id is: -1,current interaction Id is:181
11-16 15:53:27.607 11568 11610 W AccessibilityInteractionClient: old interaction Id is: -1,current interaction Id is:182
11-16 15:53:27.609 11568 11610 W AccessibilityInteractionClient: old interaction Id is: -1,current interaction Id is:183
11-16 15:53:27.612 11568 11610 I appium  : AppiumResponse: {"sessionId":"d1d00c15-8f09-4817-aaed-6d00297f9ea4","value":{"ELEMENT":"00000000-0000-01be-ffff-ffff00000f8a","element-6066-11e4-a52e-4f735466cecf":"00000000-0000-01be-ffff-ffff00000f8a"}}
11-16 15:53:27.629 11568 11610 I appium  : channel read: POST /wd/hub/session/d1d00c15-8f09-4817-aaed-6d00297f9ea4/element/00000000-0000-01be-ffff-ffff00000f8a/click
11-16 15:53:27.630 11568 11610 I appium  : Click command
11-16 15:53:27.631 11568 11610 W AccessibilityInteractionClient: old interaction Id is: -1,current interaction Id is:184
11-16 15:53:27.634 11568 11610 W AccessibilityInteractionClient: old interaction Id is: -1,current interaction Id is:185
11-16 15:53:27.657  2010  2653 I PowerManagerService: handleSandman: wakefulness: 1,startDreaming: false
11-16 15:53:27.659  8251  8251 E cn.missevan: No package ID ff found for ID 0xffffffff.
11-16 15:53:27.659  8251  8251 I Resource: printErrorResource, maybe not an error because module has entative action to load resource.
11-16 15:53:27.659  8251  8251 I Resources_debug: The apk asset path = ApkAssets{path=/system/framework/framework-res.apk}
11-16 15:53:27.659  8251  8251 I Resources_debug: The apk asset path = ApkAssets{path=/system/framework/framework-res-hwext.apk}
11-16 15:53:27.659  8251  8251 I Resources_debug: The apk asset path = ApkAssets{path=/hw_product/overlay/frameworkResOverlay.apk}
11-16 15:53:27.660  8251  8251 I Resources_debug: The apk asset path = ApkAssets{path=/data/app/cn.missevan-FedeLrCpwXuVCodTxv8LaQ==/base.apk}
11-16 15:53:27.660  8251  8251 I Resources_debug: The apk asset path = ApkAssets{path=/data/app/com.huawei.webview-B0mYPuQe_TfsHqgHcGUBCA==/base.apk}
11-16 15:53:27.661  8251  8251 V AudioManager: querySoundEffectsEnabled...
11-16 15:53:27.667  8251  8251 I DecorView[]: pkgName:cn.missevan old windowMode:0 new windoMode:1, isFixedSize:false
11-16 15:53:27.670   769  1981 I chatty  : uid=1000(system) Binder:769_3 expire 1 line
11-16 15:53:27.673 11568 11610 I appium  : Waiting up to 100ms for the device to idle
11-16 15:53:27.675  8251  8251 D MouseWheelSynthesizer: mMoveStepInDp: 64, mMoveStepInPixel: 192, mUpTimeDelayed: 100
11-16 15:53:27.676  8251  8251 D ViewRootImpl: ViewRootImpl mIsInProductivePCDisplay: false
11-16 15:53:27.677 11568 11610 I appium  : AppiumResponse: {"sessionId":"d1d00c15-8f09-4817-aaed-6d00297f9ea4","value":null}
11-16 15:53:27.678  2010  6390 E WindowManager: App trying to use insecure INPUT_FEATURE_NO_INPUT_CHANNEL flag. Ignoring
11-16 15:53:27.680  2010  6390 I WindowManager: Changing focus from Window{dae85d u0 cn.missevan/cn.missevan.activity.MainActivity} to Window{c4e209 u0 cn.missevan/cn.missevan.activity.MainActivity} displayId=0 Callers=com.android.server.wm.RootWindowContainer.updateFocusedWindowLocked:6670244 com.android.server.wm.WindowManagerService.updateFocusedWindowLocked:6669720 com.android.server.wm.WindowManagerService.addWindow:5412324 com.android.server.wm.HwWindowManagerService.addWindow:2064624
11-16 15:53:27.681  2010  6390 I HwPhoneWindowManager: StatusToSurfaceFlinger Window{c4e209 u0 cn.missevan/cn.missevan.activity.MainActivity} sideMode = 1 notchMode = 0 dataIn val = 4
11-16 15:53:27.681  2010  6390 I HwDisplayContentEx: currentFocus windowstate not null
11-16 15:53:27.681  2010  2621 D StatusBarManagerService: win:Window{c4e209 u0 cn.missevan/cn.missevan.activity.MainActivity}mIsColorEnable:truelight:false
11-16 15:53:27.682  2010  6390 I HwDisplayContentEx: trans currentFocus windowstate not null
11-16 15:53:27.682  2010  6390 I WindowManager: addWindow: Window{c4e209 u0 cn.missevan/cn.missevan.activity.MainActivity} client:android.os.BinderProxy@dc8045 currentDisplayId:0 requestDisplayId:0 token:Token{fa2686 ActivityRecord{cfa4c6 u0 cn.missevan/.activity.MainActivity t114}}
11-16 15:53:27.682  2010  2621 I StatusBarDisable: setFlags what=0 which=1 pkg=Window{c4e209 u0 cn.missevan/cn.missevan.activity.MainActivity}
11-16 15:53:27.682  4088 13407 D HwCommandQueue: CommandQueue, set Launcher StatusBar Color
11-16 15:53:27.682  8251  8251 D InputEventReceiver: dispatchInputInterval 1000000
11-16 15:53:27.691  2010  5433 I PackageManager: Returning preferred activity: com.huawei.android.launcher/com.huawei.android.launcher.unihome.UniHomeLauncher
11-16 15:53:27.691  2010  5433 I PackageManager: choose best activity: com.huawei.android.launcher, com.huawei.android.launcher.unihome.UniHomeLauncher
11-16 15:53:27.691  8251 11644 D HiTouch_PressGestureDetector: onAttached, package=cn.missevan, windowType=2, mIsHiTouchRestricted=false
11-16 15:53:27.693 11568 11610 I appium  : channel read: POST /wd/hub/session/d1d00c15-8f09-4817-aaed-6d00297f9ea4/element
11-16 15:53:27.693 11568 11610 I appium  : FindElement command
11-16 15:53:27.694 11568 11610 I appium  : method: 'id', selector: 'cn.missevan:id/tv_sure'
11-16 15:53:27.694 11568 11610 I appium  : Waiting up to 100ms for the device to idle
11-16 15:53:27.699    48    48 W migration/6: type=1400 audit(0.0:77892): avc: granted { setsched } for pid=48 scontext=u:r:kernel:s0 tcontext=u:r:kernel:s0 tclass=process
11-16 15:53:27.699    54    54 W migration/7: type=1400 audit(0.0:77893): avc: granted { setsched } for pid=54 scontext=u:r:kernel:s0 tcontext=u:r:kernel:s0 tclass=process
11-16 15:53:27.702  8251  8287 D mali_winsys: EGLint new_window_surface(egl_winsys_display *, void *, EGLSurface, EGLConfig, egl_winsys_surface **, EGLBoolean) returns 0x3000
11-16 15:53:27.713  8251  8251 I HwViewRootImpl: removeInvalidNode all the node in jank list is out of time
11-16 15:53:27.714  8251  8287 D OpenGLRenderer: disableOutlineDraw is true
11-16 15:53:27.717  2010  2624 I WindowManager: dispatchResized : win = Window{c4e209 u0 cn.missevan/cn.missevan.activity.MainActivity} drawState = READY_TO_SHOW
11-16 15:53:27.725  2010  2621 D StatusBarManagerService: win:Window{c4e209 u0 cn.missevan/cn.missevan.activity.MainActivity}mIsColorEnable:truelight:false
11-16 15:53:27.726  4088  7340 D HwCommandQueue: CommandQueue, set Launcher StatusBar Color
11-16 15:53:27.726  2010  2621 I StatusBarDisable: setFlags what=0 which=1 pkg=Window{c4e209 u0 cn.missevan/cn.missevan.activity.MainActivity}
11-16 15:53:27.744  8251  8251 D DecorView: showOrHideHighlightView: hasFocus=false; winMode=1; isMrgNull=true
11-16 15:53:27.815  2010  2010 I WindowManager: removeWindowToken: displayid:0 binder:android.os.Binder@131ea31 token:null
11-16 15:53:27.815  2010  2010 W WindowManager: removeWindowToken: Attempted to remove non-existing token: android.os.Binder@131ea31
11-16 15:53:27.819    54    54 W migration/7: type=1400 audit(0.0:77894): avc: granted { setsched } for pid=54 scontext=u:r:kernel:s0 tcontext=u:r:kernel:s0 tclass=process
11-16 15:53:28.023  4667  4954 E BoosterUtil: convertSubIdToSlotId failed, subId:0, slotId:-1
11-16 15:53:28.023  4667  4954 E BoosterUtil: getDefaultDataSlotId failed, invalid slotId:-1, subId:0
11-16 15:53:28.209 11568 11610 W QueryController: Could not detect idle state.
11-16 15:53:28.213 11568 11610 W AccessibilityInteractionClient: old interaction Id is: -1,current interaction Id is:186
11-16 15:53:28.222 11568 11610 I appium  : AppiumResponse: {"sessionId":"d1d00c15-8f09-4817-aaed-6d00297f9ea4","value":{"ELEMENT":"00000000-0000-01ce-ffff-ffff000011d2","element-6066-11e4-a52e-4f735466cecf":"00000000-0000-01ce-ffff-ffff000011d2"}}
11-16 15:53:28.277 11568 11610 I appium  : channel read: POST /wd/hub/session/d1d00c15-8f09-4817-aaed-6d00297f9ea4/element/00000000-0000-01ce-ffff-ffff000011d2/click
11-16 15:53:28.278 11568 11610 I appium  : Click command
11-16 15:53:28.279 11568 11610 W AccessibilityInteractionClient: old interaction Id is: -1,current interaction Id is:187
11-16 15:53:28.282 11568 11610 W AccessibilityInteractionClient: old interaction Id is: -1,current interaction Id is:188
11-16 15:53:28.304   769   981 I SurfaceFlinger: stop waiting, err=0, mTransactionPending=0, mPendingSyncInputWindows=1
11-16 15:53:28.307  8251  8251 W Settings: Setting device_provisioned has moved from android.provider.Settings.Secure to android.provider.Settings.Global.
11-16 15:53:28.307  8251  8251 V HiTouch_HiTouchSensor: User setup is finished.
11-16 15:53:28.309  2010  2653 I PowerManagerService: handleSandman: wakefulness: 1,startDreaming: false
11-16 15:53:28.322 11568 11610 I appium  : Waiting up to 100ms for the device to idle
11-16 15:53:28.324 11568 11610 I appium  : AppiumResponse: {"sessionId":"d1d00c15-8f09-4817-aaed-6d00297f9ea4","value":null}
11-16 15:53:28.324  8251  8251 V AudioManager: querySoundEffectsEnabled...
11-16 15:53:28.324  8251  8251 I ViewRootImpl: dispatchDetachedFromWindow in doDie
11-16 15:53:28.334   769   981 W BufferQueueProducer: [cn.missevan/cn.missevan.activity.MainActivity#1]:1390: disconnect: not connected (req=1)
11-16 15:53:28.334  8251  8287 W libEGL  : EGLNativeWindowType 0x7db45e79d0 disconnect failed
11-16 15:53:28.335  2010  5433 I WindowManager: removeIfPossible: Window{c4e209 u0 cn.missevan/cn.missevan.activity.MainActivity} callers=com.android.server.wm.WindowState.removeIfPossible:5163788 com.android.server.wm.WindowManagerService.removeWindow:4766012 android.view.IWindowSession$Stub.onTransact:5317436 com.android.server.wm.Session.onTransact:6796980 android.os.Binder.execTransactInternal:6255836
11-16 15:53:28.337  2010  5433 I WindowManager: Not removing Window{c4e209 u0 cn.missevan/cn.missevan.activity.MainActivity EXITING} due to exit animation
11-16 15:53:28.338  2010  5433 I WindowManager: Changing focus from Window{c4e209 u0 cn.missevan/cn.missevan.activity.MainActivity EXITING} to Window{dae85d u0 cn.missevan/cn.missevan.activity.MainActivity} displayId=0 Callers=com.android.server.wm.RootWindowContainer.updateFocusedWindowLocked:6670244 com.android.server.wm.WindowManagerService.updateFocusedWindowLocked:6669720 com.android.server.wm.WindowState.setupWindowForRemoveOnExit:4973984 com.android.server.wm.WindowState.removeIfPossible:5167672
11-16 15:53:28.339  2010  5433 I HwPhoneWindowManager: StatusToSurfaceFlinger Window{dae85d u0 cn.missevan/cn.missevan.activity.MainActivity} sideMode = 1 notchMode = 0 dataIn val = 4
11-16 15:53:28.339    54    54 W migration/7: type=1400 audit(0.0:77895): avc: granted { setsched } for pid=54 scontext=u:r:kernel:s0 tcontext=u:r:kernel:s0 tclass=process
11-16 15:53:28.339   769   981 D SurfaceFlingerEx: surfaceStatus: = 4
11-16 15:53:28.339   769   981 I RoundCornerDisplay: [OnSurfaceStatusChanged]hidestatus is not changed: new = 0, old = 0
11-16 15:53:28.339   769   981 I RoundCornerDisplay: [OnSurfaceStatusChanged]sideRegionStatus is not changed: sideRegionStatus = 1, m_sideRegionMode = 0
11-16 15:53:28.339  2010  5433 V HwPhoneWindowManager: updateSystemUiColorLw window=Window{dae85d u0 cn.missevan/cn.missevan.activity.MainActivity},EmuiStyle=0,StatusBarColor=0x0,NavigationBarColor=0xff000000, mForceNotchStatusBar=false
11-16 15:53:28.339  2010  5433 I HwDisplayContentEx: currentFocus windowstate not null
11-16 15:53:28.339  4088 13407 I HwCommandQueue: updateBarBgColor
11-16 15:53:28.339  4088 13407 D HwCommandQueue: CommandQueue, setBarBackgroundColor
11-16 15:53:28.339  2010  5433 I HwDisplayContentEx: trans currentFocus windowstate not null
11-16 15:53:28.340  2010  2621 D StatusBarManagerService: win:Window{dae85d u0 cn.missevan/cn.missevan.activity.MainActivity}mIsColorEnable:truelight:false
11-16 15:53:28.340  2010  2621 I StatusBarDisable: setFlags what=0 which=1 pkg=Window{dae85d u0 cn.missevan/cn.missevan.activity.MainActivity}
11-16 15:53:28.340  4088  7340 D HwCommandQueue: CommandQueue, set Launcher StatusBar Color
11-16 15:53:28.347 11568 11610 I appium  : channel read: POST /wd/hub/session/d1d00c15-8f09-4817-aaed-6d00297f9ea4/element
11-16 15:53:28.348 11568 11610 I appium  : FindElement command
11-16 15:53:28.349 11568 11610 I appium  : method: 'xpath', selector: '//*[@class="android.widget.Toast"]'
11-16 15:53:28.349 11568 11610 I appium  : Waiting up to 100ms for the device to idle
11-16 15:53:28.355  8251  8251 D DecorView: showOrHideHighlightView: hasFocus=true; winMode=1; isMrgNull=true
11-16 15:53:28.356  8251  8251 W HwRemoteInputMethodManager: isCasting false because IHwDistributedWindowManager is invalid.
11-16 15:53:28.358  8251  8287 I RmeSchedManager: SetMarginData, input:3, animation:4, traversal:4, util:600, frameRate:60
11-16 15:53:28.360  2010  6397 D HwInputMethodManagerService: isSecMethodUsing = false
11-16 15:53:28.396 24423 24980 D MemoryCeilingMonitor: [handleMemoryCalculate]
11-16 15:53:28.397 24423 24980 D MemoryCeilingMonitor: [calculate] tot: 5979208, max: 402653184, free: 303440, heap: 5675768, per: 0.014095922311147055
11-16 15:53:28.411  8251  8287 I RmeSchedManager: SetMarginData, input:3, animation:4, traversal:4, util:600, frameRate:60
11-16 15:53:28.439  2010  5433 I WindowManager: addWindowToken: displayid:0 binder:android.os.Binder@e43bc1 token:WindowToken{1106609 android.os.Binder@e43bc1}
11-16 15:53:28.505  2010  2624 I WindowManager: Exit animation finished in Window{c4e209 u0 cn.missevan/cn.missevan.activity.MainActivity EXITING}: remove=true
11-16 15:53:28.505  2010  2624 E WindowManager: win=Window{c4e209 u0 cn.missevan/cn.missevan.activity.MainActivity EXITING} destroySurfaces: appStopped=false win.mWindowRemovalAllowed=true win.mRemoveOnExit=true
11-16 15:53:28.507  2010  2624 I WindowManager: postWindowRemoveCleanupLocked: Window{c4e209 u0 cn.missevan/cn.missevan.activity.MainActivity}
11-16 15:53:28.507  2010  2624 I WindowManager: Removing Window{c4e209 u0 cn.missevan/cn.missevan.activity.MainActivity} from AppWindowToken{12e42e9 token=Token{fa2686 ActivityRecord{cfa4c6 u0 cn.missevan/.activity.MainActivity t114}}}
