11-16 15:53:12.923  2010  2624 I WindowManager: Removing Window{118dbad u0 Toast} from WindowToken{11067a7 android.os.Binder@1095cb5}
11-16 15:53:12.923  2010  2624 I WindowManager: removeWindowToken: displayid:0 binder:android.os.Binder@1095cb5 token:null
11-16 15:53:13.472  2010  2653 I PowerManagerService: handleSandman: wakefulness: 1,startDreaming: false
11-16 15:53:13.475  8251  8251 V AudioManager: querySoundEffectsEnabled...
11-16 15:53:13.488  1021  1062 E bastetd : [ProxySocket    ] NotifySocketErrState# No record found by comm prop, state=196619
11-16 15:53:13.493  8251  8251 I DecorView[]: pkgName:cn.missevan old windowMode:0 new windoMode:1, isFixedSize:false
11-16 15:53:13.496  8251  8251 D MouseWheelSynthesizer: mMoveStepInDp: 64, mMoveStepInPixel: 192, mUpTimeDelayed: 100
11-16 15:53:13.497  8251  8251 D ViewRootImpl: ViewRootImpl mIsInProductivePCDisplay: false
11-16 15:53:13.498  8251  8251 I DecorView[]: pkgName:cn.missevan old windowMode:1 new windoMode:1, isFixedSize:false
11-16 15:53:13.499  2010  4210 E WindowManager: App trying to use insecure INPUT_FEATURE_NO_INPUT_CHANNEL flag. Ignoring
11-16 15:53:13.501  2010  4210 I WindowManager: Changing focus from Window{dae85d u0 cn.missevan/cn.missevan.activity.MainActivity} to Window{118db05 u0 cn.missevan/cn.missevan.activity.MainActivity} displayId=0 Callers=com.android.server.wm.RootWindowContainer.updateFocusedWindowLocked:6670244 com.android.server.wm.WindowManagerService.updateFocusedWindowLocked:6669720 com.android.server.wm.WindowManagerService.addWindow:5412324 com.android.server.wm.HwWindowManagerService.addWindow:2064624
11-16 15:53:13.502  2010  4210 I HwPhoneWindowManager: StatusToSurfaceFlinger Window{118db05 u0 cn.missevan/cn.missevan.activity.MainActivity} sideMode = 1 notchMode = 0 dataIn val = 4
11-16 15:53:13.499    48    48 W migration/6: type=1400 audit(0.0:77850): avc: granted { setsched } for pid=48 scontext=u:r:kernel:s0 tcontext=u:r:kernel:s0 tclass=process
11-16 15:53:13.502  2010  4210 I HwDisplayContentEx: currentFocus windowstate not null
11-16 15:53:13.502  2010  2621 D StatusBarManagerService: win:Window{118db05 u0 cn.missevan/cn.missevan.activity.MainActivity}mIsColorEnable:truelight:false
11-16 15:53:13.503  2010  4210 I HwDisplayContentEx: trans currentFocus windowstate not null
11-16 15:53:13.503  2010  2621 I StatusBarDisable: setFlags what=0 which=1 pkg=Window{118db05 u0 cn.missevan/cn.missevan.activity.MainActivity}
11-16 15:53:13.503  4088  4773 D HwCommandQueue: CommandQueue, set Launcher StatusBar Color
11-16 15:53:13.503  2010  4210 I WindowManager: addWindow: Window{118db05 u0 cn.missevan/cn.missevan.activity.MainActivity} client:android.os.BinderProxy@12099c5 currentDisplayId:0 requestDisplayId:0 token:Token{fa2686 ActivityRecord{cfa4c6 u0 cn.missevan/.activity.MainActivity t114}}
11-16 15:53:13.503  8251  8251 D InputEventReceiver: dispatchInputInterval 1000000
11-16 15:53:13.507    54    54 W migration/7: type=1400 audit(0.0:77851): avc: granted { setsched } for pid=54 scontext=u:r:kernel:s0 tcontext=u:r:kernel:s0 tclass=process
11-16 15:53:13.506  8251  8287 D OpenGLRenderer: disableOutlineDraw is true
11-16 15:53:13.510  2010  2621 D StatusBarManagerService: win:Window{118db05 u0 cn.missevan/cn.missevan.activity.MainActivity}mIsColorEnable:truelight:false
11-16 15:53:13.510  2010  2621 I StatusBarDisable: setFlags what=0 which=1 pkg=Window{118db05 u0 cn.missevan/cn.missevan.activity.MainActivity}
11-16 15:53:13.511  4088  4773 D HwCommandQueue: CommandQueue, set Launcher StatusBar Color
11-16 15:53:13.511  2010  6390 I PackageManager: Returning preferred activity: com.huawei.android.launcher/com.huawei.android.launcher.unihome.UniHomeLauncher
11-16 15:53:13.511  2010  6390 I PackageManager: choose best activity: com.huawei.android.launcher, com.huawei.android.launcher.unihome.UniHomeLauncher
11-16 15:53:13.511  8251 11630 D HiTouch_PressGestureDetector: onAttached, package=cn.missevan, windowType=2, mIsHiTouchRestricted=false
11-16 15:53:13.520  8251  8287 D mali_winsys: EGLint new_window_surface(egl_winsys_display *, void *, EGLSurface, EGLConfig, egl_winsys_surface **, EGLBoolean) returns 0x3000
11-16 15:53:13.530  8251  8251 W InputMethodManager: startInputReason = 1
11-16 15:53:13.530  8251  8251 W HwRemoteInputMethodManager: isCasting false because IHwDistributedWindowManager is invalid.
11-16 15:53:13.533  2010  2624 I WindowManager: dispatchResized : win = Window{118db05 u0 cn.missevan/cn.missevan.activity.MainActivity} drawState = READY_TO_SHOW
11-16 15:53:13.535  2010  2624 D HwAppTransitionImpl: windowAnimations = 7f140008 dose not come from system, not to override it.
11-16 15:53:13.539  2010  6397 D HwInputMethodManagerService: isSecMethodUsing = false
11-16 15:53:13.542 10621 10621 I guohongxin_haha: whiteList :1
11-16 15:53:13.542 10621 10621 I guohongxin_haha: intervalTime :3600000
11-16 15:53:13.543 10621 10681 I ImeNamedRunnable: Thread pool-6-thread-1, Runnable named igsm::onStartInput, use time 0ms
11-16 15:53:13.543 10621 10687 I ImeNamedRunnable: Thread pool-1-thread-1, Runnable named iinputm::onStartInput, use time 0ms
11-16 15:53:13.548 10621 10621 I ring_expand: floatImeState : false
11-16 15:53:13.548 10621 10621 I ring_expand: isLeftrightSplit : false
11-16 15:53:13.548 10621 10621 I ring_expand: is_compress : false
11-16 15:53:13.548 10621 10621 I ring_expand: final Global.screenW = 1176
11-16 15:53:13.548 10621 10621 I HuaweiIME: SysInfo.getSysParam: orientation=1||config d=3.0,w=1176,h=2328||metrics d=3.0,w=1176,h=2328||sdk=29,bar_h=72||appScale=3.3,sysScale=3.0||isMultiWin=false,isPadMode=false, boardw=1176, boardH=705, candH=130, boardL=24, boardR=1152, ver=8.2.39.394, realW=1176, realH=2400, isInLargeWinMode=false, displayId=0, cuid=4C0287-GCECEG-98C264-297267-0814C4-7B
11-16 15:53:13.549 10621 10621 I HuaweiIME: isPortrait-adjustOffset-r: 5
11-16 15:53:13.549 10621 10621 I HuaweiIME:  isNight : false
11-16 15:53:13.552  8251  8251 D DecorView: showOrHideHighlightView: hasFocus=false; winMode=1; isMrgNull=true
11-16 15:53:13.659    54    54 W migration/7: type=1400 audit(0.0:77852): avc: granted { setsched } for pid=54 scontext=u:r:kernel:s0 tcontext=u:r:kernel:s0 tclass=process
11-16 15:53:13.689  4667  4954 E BoosterUtil: convertSubIdToSlotId failed, subId:0, slotId:-1
11-16 15:53:13.689  4667  4954 E BoosterUtil: getDefaultDataSlotId failed, invalid slotId:-1, subId:0
11-16 15:53:13.689  4667  5324 I chatty  : uid=1000(system) EmcomThread expire 33 lines
11-16 15:53:13.690  2010  3970 I chatty  : uid=1000(system) wifipro_feature expire 63 lines
11-16 15:53:14.288  8251  8251 W Settings: Setting device_provisioned has moved from android.provider.Settings.Secure to android.provider.Settings.Global.
11-16 15:53:14.288  8251  8251 V HiTouch_HiTouchSensor: User setup is finished.
11-16 15:53:14.288  2010  3879 I chatty  : uid=1000(system) WifiService expire 52 lines
11-16 15:53:14.290  2010  2653 I PowerManagerService: handleSandman: wakefulness: 1,startDreaming: false
11-16 15:53:14.296  2010  2623 W WindowManager: Unable to start animation, surface is null or no children.
11-16 15:53:14.296  2010  2623 I WindowManager: Policy visibility false: Window{118dbad u0 Toast}
11-16 15:53:14.305  8251  8251 V AudioManager: querySoundEffectsEnabled...
11-16 15:53:14.311  8251  8287 I RmeSchedManager: SetMarginData, input:3, animation:4, traversal:4, util:600, frameRate:60
11-16 15:53:14.319    54    54 W migration/7: type=1400 audit(0.0:77853): avc: granted { setsched } for pid=54 scontext=u:r:kernel:s0 tcontext=u:r:kernel:s0 tclass=process
11-16 15:53:14.373  8251  8287 I RmeSchedManager: SetMarginData, input:3, animation:4, traversal:4, util:600, frameRate:60
11-16 15:53:14.390  8251  8251 I ViewRootImpl: dispatchDetachedFromWindow in doDie
11-16 15:53:14.396  8251  8287 W libEGL  : EGLNativeWindowType 0x7e058ef890 disconnect failed
11-16 15:53:14.397  2010  4557 I WindowManager: removeIfPossible: Window{118db05 u0 cn.missevan/cn.missevan.activity.MainActivity} callers=com.android.server.wm.WindowState.removeIfPossible:5163788 com.android.server.wm.WindowManagerService.removeWindow:4766012 android.view.IWindowSession$Stub.onTransact:5317436 com.android.server.wm.Session.onTransact:6796980 android.os.Binder.execTransactInternal:6255836
11-16 15:53:14.397  2010  4557 D HwAppTransitionImpl: windowAnimations = 7f140008 dose not come from system, not to override it.
11-16 15:53:14.398  2010  4557 I WindowManager: Not removing Window{118db05 u0 cn.missevan/cn.missevan.activity.MainActivity EXITING} due to exit animation
11-16 15:53:14.399  2010  4557 I WindowManager: Changing focus from Window{118db05 u0 cn.missevan/cn.missevan.activity.MainActivity EXITING} to Window{dae85d u0 cn.missevan/cn.missevan.activity.MainActivity} displayId=0 Callers=com.android.server.wm.RootWindowContainer.updateFocusedWindowLocked:6670244 com.android.server.wm.WindowManagerService.updateFocusedWindowLocked:6669720 com.android.server.wm.WindowState.setupWindowForRemoveOnExit:4973984 com.android.server.wm.WindowState.removeIfPossible:5167672
11-16 15:53:14.400  2010  4557 I HwPhoneWindowManager: StatusToSurfaceFlinger Window{dae85d u0 cn.missevan/cn.missevan.activity.MainActivity} sideMode = 1 notchMode = 0 dataIn val = 4
11-16 15:53:14.400  2010  4557 V HwPhoneWindowManager: updateSystemUiColorLw window=Window{dae85d u0 cn.missevan/cn.missevan.activity.MainActivity},EmuiStyle=0,StatusBarColor=0x0,NavigationBarColor=0xff000000, mForceNotchStatusBar=false
11-16 15:53:14.401  2010  4557 I HwDisplayContentEx: currentFocus windowstate not null
11-16 15:53:14.401  4088 13407 I HwCommandQueue: updateBarBgColor
11-16 15:53:14.401  4088 13407 D HwCommandQueue: CommandQueue, setBarBackgroundColor
11-16 15:53:14.401  2010  4557 I HwDisplayContentEx: trans currentFocus windowstate not null
11-16 15:53:14.401  2010  2621 D StatusBarManagerService: win:Window{dae85d u0 cn.missevan/cn.missevan.activity.MainActivity}mIsColorEnable:truelight:false
11-16 15:53:14.401  2010  2621 I StatusBarDisable: setFlags what=0 which=1 pkg=Window{dae85d u0 cn.missevan/cn.missevan.activity.MainActivity}
11-16 15:53:14.401  4088  4773 D HwCommandQueue: CommandQueue, set Launcher StatusBar Color
11-16 15:53:14.409  2010  4557 I WindowManager: addWindowToken: displayid:0 binder:android.os.Binder@131ea31 token:WindowToken{1106734 android.os.Binder@131ea31}
11-16 15:53:14.418  8251  8251 D DecorView: showOrHideHighlightView: hasFocus=true; winMode=1; isMrgNull=true
11-16 15:53:14.420  8251  8251 W InputMethodManager: startInputReason = 1
11-16 15:53:14.420  8251  8251 W HwRemoteInputMethodManager: isCasting false because IHwDistributedWindowManager is invalid.
11-16 15:53:14.422  2010  4210 D HwInputMethodManagerService: isSecMethodUsing = false
11-16 15:53:14.427  2010  4210 D HwConnectivityServiceEx: set 10231 wlan0 value false
11-16 15:53:14.427 10621 10621 I guohongxin_haha: whiteList :1
11-16 15:53:14.427 10621 10621 I guohongxin_haha: intervalTime :3600000
11-16 15:53:14.428 10621 10681 I ImeNamedRunnable: Thread pool-6-thread-1, Runnable named igsm::onStartInput, use time 0ms
11-16 15:53:14.429 10621 10687 I ImeNamedRunnable: Thread pool-1-thread-1, Runnable named iinputm::onStartInput, use time 0ms
11-16 15:53:14.432 10621 10621 I ring_expand: floatImeState : false
11-16 15:53:14.432 10621 10621 I ring_expand: isLeftrightSplit : false
11-16 15:53:14.432 10621 10621 I ring_expand: is_compress : false
11-16 15:53:14.432 10621 10621 I ring_expand: final Global.screenW = 1176
11-16 15:53:14.432 10621 10621 I HuaweiIME: SysInfo.getSysParam: orientation=1||config d=3.0,w=1176,h=2328||metrics d=3.0,w=1176,h=2328||sdk=29,bar_h=72||appScale=3.3,sysScale=3.0||isMultiWin=false,isPadMode=false, boardw=1176, boardH=705, candH=130, boardL=24, boardR=1152, ver=8.2.39.394, realW=1176, realH=2400, isInLargeWinMode=false, displayId=0, cuid=4C0287-GCECEG-98C264-297267-0814C4-7B
11-16 15:53:14.433 10621 10621 I HuaweiIME: isPortrait-adjustOffset-r: 5
11-16 15:53:14.433 10621 10621 I HuaweiIME:  isNight : false
11-16 15:53:14.444  8251  8251 I RmeSchedManager: SetMarginData, input:3, animation:4, traversal:4, util:600, frameRate:60
11-16 15:53:14.506  8251  8287 I RmeSchedManager: SetMarginData, input:3, animation:4, traversal:4, util:600, frameRate:60
11-16 15:53:14.553  2010  2624 I WindowManager: Exit animation finished in Window{118db05 u0 cn.missevan/cn.missevan.activity.MainActivity EXITING}: remove=true
11-16 15:53:14.553  2010  2624 E WindowManager: win=Window{118db05 u0 cn.missevan/cn.missevan.activity.MainActivity EXITING} destroySurfaces: appStopped=false win.mWindowRemovalAllowed=true win.mRemoveOnExit=true
11-16 15:53:14.554  2010  2624 I WindowManager: postWindowRemoveCleanupLocked: Window{118db05 u0 cn.missevan/cn.missevan.activity.MainActivity}
11-16 15:53:14.554  2010  2624 I WindowManager: Removing Window{118db05 u0 cn.missevan/cn.missevan.activity.MainActivity} from AppWindowToken{12e42e9 token=Token{fa2686 ActivityRecord{cfa4c6 u0 cn.missevan/.activity.MainActivity t114}}}
11-16 15:53:14.568  8251  8251 I RmeSchedManager: SetMarginData, input:3, animation:4, traversal:4, util:600, frameRate:60
11-16 15:53:14.658  8251  8287 I RmeSchedManager: SetMarginData, input:3, animation:4, traversal:4, util:600, frameRate:60
11-16 15:53:14.679    54    54 W migration/7: type=1400 audit(0.0:77854): avc: granted { setsched } for pid=54 scontext=u:r:kernel:s0 tcontext=u:r:kernel:s0 tclass=process
11-16 15:53:14.714  4667  5956 I chatty  : uid=1000(system) JNITID-5956 expire 31 lines
11-16 15:53:14.714  4667  4954 E BoosterUtil: convertSubIdToSlotId failed, subId:0, slotId:-1
11-16 15:53:14.714  4667  4954 E BoosterUtil: getDefaultDataSlotId failed, invalid slotId:-1, subId:0
11-16 15:53:14.714  4667  4954 I chatty  : uid=1000(system) OllieAwareThrea expire 12 lines
11-16 15:53:14.718  8251  8251 I RmeSchedManager: SetMarginData, input:3, animation:4, traversal:4, util:600, frameRate:60
11-16 15:53:14.789  8251  8287 I RmeSchedManager: SetMarginData, input:3, animation:4, traversal:4, util:600, frameRate:60
11-16 15:53:14.796  2010  2010 I WindowManager: removeWindowToken: displayid:0 binder:android.os.Binder@11be09d token:WindowToken{1106693 android.os.Binder@11be09d}
11-16 15:53:14.804  8251  8251 I ViewRootImpl: dispatchDetachedFromWindow in doDie
11-16 15:53:14.806  4297  5325 I PG_ash  : view remove pid:8251 uid:10231
11-16 15:53:14.809  8251  8287 W libEGL  : EGLNativeWindowType 0x7eda73b2d0 disconnect failed
11-16 15:53:14.810  2010  6390 I WindowManager: removeIfPossible: Window{118da09 u0 Toast} callers=com.android.server.wm.WindowState.removeIfPossible:5163788 com.android.server.wm.WindowManagerService.removeWindow:4766012 android.view.IWindowSession$Stub.onTransact:5317436 com.android.server.wm.Session.onTransact:6796980 android.os.Binder.execTransactInternal:6255836
11-16 15:53:14.810  2010  6390 I WindowManager: Not removing Window{118da09 u0 Toast EXITING} due to exit animation
11-16 15:53:14.814  2010  6390 W NotificationService: Toast already killed. pkg=cn.missevan callback=android.app.ITransientNotification$Stub$Proxy@140c24e
11-16 15:53:14.815  8251  8251 D MouseWheelSynthesizer: mMoveStepInDp: 64, mMoveStepInPixel: 192, mUpTimeDelayed: 100
11-16 15:53:14.816  8251  8251 D ViewRootImpl: ViewRootImpl mIsInProductivePCDisplay: false
11-16 15:53:14.817  4297  5325 I PG_ash  : view add pid:8251 uid:10231
11-16 15:53:14.818  2010  4557 E WindowManager: App trying to use insecure INPUT_FEATURE_NO_INPUT_CHANNEL flag. Ignoring
11-16 15:53:14.820  2010  4557 I WindowManager: addWindow: Window{140165d u0 Toast} client:android.os.BinderProxy@1396a4d currentDisplayId:0 requestDisplayId:0 token:android.os.Binder@131ea31
11-16 15:53:14.819    54    54 W migration/7: type=1400 audit(0.0:77855): avc: granted { setsched } for pid=54 scontext=u:r:kernel:s0 tcontext=u:r:kernel:s0 tclass=process
11-16 15:53:14.820  8251  8251 D InputEventReceiver: dispatchInputInterval 1000000
11-16 15:53:14.823  8251  8287 D OpenGLRenderer: disableOutlineDraw is true
11-16 15:53:14.833  8251  8287 D mali_winsys: EGLint new_window_surface(egl_winsys_display *, void *, EGLSurface, EGLConfig, egl_winsys_surface **, EGLBoolean) returns 0x3000
11-16 15:53:14.843  2010  2624 I WindowManager: dispatchResized : win = Window{140165d u0 Toast} drawState = HAS_DRAWN
11-16 15:53:14.852  8251  8251 I RmeSchedManager: SetMarginData, input:3, animation:4, traversal:4, util:600, frameRate:60
11-16 15:53:14.902  2010  2624 I WindowManager: Exit animation finished in Window{118da09 u0 Toast EXITING}: remove=true
11-16 15:53:14.923  2010  2624 I WindowManager: postWindowRemoveCleanupLocked: Window{118da09 u0 Toast}
11-16 15:53:14.923  2010  2624 I WindowManager: Removing Window{118da09 u0 Toast} from WindowToken{1106693 android.os.Binder@11be09d}
11-16 15:53:14.923  2010  2624 I WindowManager: removeWindowToken: displayid:0 binder:android.os.Binder@11be09d token:null
11-16 15:53:14.925  8251  8287 I RmeSchedManager: SetMarginData, input:3, animation:4, traversal:4, util:600, frameRate:60
11-16 15:53:14.939    54    54 W migration/7: type=1400 audit(0.0:77856): avc: granted { setsched } for pid=54 scontext=u:r:kernel:s0 tcontext=u:r:kernel:s0 tclass=process
11-16 15:53:14.971   681 15256 I netd    : trafficSwapActiveStatsMap() <0.63ms>
11-16 15:53:14.975  4667  6060 I chatty  : uid=1000(system) LteRecoveryEngi expire 10 lines
11-16 15:53:14.991  8251  8287 I RmeSchedManager: SetMarginData, input:3, animation:4, traversal:4, util:600, frameRate:60
11-16 15:53:15.057  8251  8287 I RmeSchedManager: SetMarginData, input:3, animation:4, traversal:4, util:600, frameRate:60
11-16 15:53:15.059    48    48 W migration/6: type=1400 audit(0.0:77857): avc: granted { setsched } for pid=48 scontext=u:r:kernel:s0 tcontext=u:r:kernel:s0 tclass=process
11-16 15:53:15.128  8251  8287 I RmeSchedManager: SetMarginData, input:3, animation:4, traversal:4, util:600, frameRate:60
11-16 15:53:15.191  8251  8287 I chatty  : uid=10231(cn.missevan) RenderThread identical 10 lines
11-16 15:53:15.258  8251  8287 I RmeSchedManager: SetMarginData, input:3, animation:4, traversal:4, util:600, frameRate:60
11-16 15:53:15.323  8251  8287 I RmeSchedManager: SetMarginData, input:3, animation:4, traversal:4, util:600, frameRate:60
11-16 15:53:15.725  8251  8287 I RmeSchedManager: SetMarginData, input:3, animation:4, traversal:4, util:600, frameRate:60
11-16 15:53:15.733  4667  4954 E BoosterUtil: convertSubIdToSlotId failed, subId:0, slotId:-1
11-16 15:53:15.733  4667  4954 E BoosterUtil: getDefaultDataSlotId failed, invalid slotId:-1, subId:0
11-16 15:53:15.791  8251  8287 I RmeSchedManager: SetMarginData, input:3, animation:4, traversal:4, util:600, frameRate:60
11-16 15:53:15.843   681 15256 I netd    : trafficSwapActiveStatsMap() <0.12ms>
11-16 15:53:15.858  8251  8287 I RmeSchedManager: SetMarginData, input:3, animation:4, traversal:4, util:600, frameRate:60
11-16 15:53:15.923  8251  8287 I RmeSchedManager: SetMarginData, input:3, animation:4, traversal:4, util:600, frameRate:60
11-16 15:53:15.989  8251  8287 I RmeSchedManager: SetMarginData, input:3, animation:4, traversal:4, util:600, frameRate:60
11-16 15:53:16.039  2010  2653 I PowerManagerService: handleSandman: wakefulness: 1,startDreaming: false
11-16 15:53:16.042  8251  8251 V AudioManager: querySoundEffectsEnabled...
11-16 15:53:16.151  8251  8251 I DecorView[]: pkgName:cn.missevan old windowMode:0 new windoMode:1, isFixedSize:false
11-16 15:53:16.159  8251  8251 D MouseWheelSynthesizer: mMoveStepInDp: 64, mMoveStepInPixel: 192, mUpTimeDelayed: 100
11-16 15:53:16.159  8251  8251 D ViewRootImpl: ViewRootImpl mIsInProductivePCDisplay: false
11-16 15:53:16.161  2010  6390 E WindowManager: App trying to use insecure INPUT_FEATURE_NO_INPUT_CHANNEL flag. Ignoring
11-16 15:53:16.162  2010  6390 I WindowManager: Changing focus from Window{dae85d u0 cn.missevan/cn.missevan.activity.MainActivity} to Window{113dd05 u0 cn.missevan/cn.missevan.activity.MainActivity} displayId=0 Callers=com.android.server.wm.RootWindowContainer.updateFocusedWindowLocked:6670244 com.android.server.wm.WindowManagerService.updateFocusedWindowLocked:6669720 com.android.server.wm.WindowManagerService.addWindow:5412324 com.android.server.wm.HwWindowManagerService.addWindow:2064624
11-16 15:53:16.163  2010  6390 I HwPhoneWindowManager: StatusToSurfaceFlinger Window{113dd05 u0 cn.missevan/cn.missevan.activity.MainActivity} sideMode = 1 notchMode = 0 dataIn val = 4
11-16 15:53:16.164  2010  6390 I HwDisplayContentEx: currentFocus windowstate not null
11-16 15:53:16.164  2010  2621 D StatusBarManagerService: win:Window{113dd05 u0 cn.missevan/cn.missevan.activity.MainActivity}mIsColorEnable:truelight:false
11-16 15:53:16.164  2010  2621 I StatusBarDisable: setFlags what=0 which=1 pkg=Window{113dd05 u0 cn.missevan/cn.missevan.activity.MainActivity}
11-16 15:53:16.164  2010  6390 I HwDisplayContentEx: trans currentFocus windowstate not null
11-16 15:53:16.164  4088 13407 D HwCommandQueue: CommandQueue, set Launcher StatusBar Color
11-16 15:53:16.164  2010  6390 I WindowManager: addWindow: Window{113dd05 u0 cn.missevan/cn.missevan.activity.MainActivity} client:android.os.BinderProxy@10e9d8d currentDisplayId:0 requestDisplayId:0 token:Token{fa2686 ActivityRecord{cfa4c6 u0 cn.missevan/.activity.MainActivity t114}}
11-16 15:53:16.164  8251  8251 D InputEventReceiver: dispatchInputInterval 1000000
11-16 15:53:16.174  2010  6390 I PackageManager: Returning preferred activity: com.huawei.android.launcher/com.huawei.android.launcher.unihome.UniHomeLauncher
11-16 15:53:16.174  2010  6390 I PackageManager: choose best activity: com.huawei.android.launcher, com.huawei.android.launcher.unihome.UniHomeLauncher
11-16 15:53:16.175  8251 11632 D HiTouch_PressGestureDetector: onAttached, package=cn.missevan, windowType=2, mIsHiTouchRestricted=false
11-16 15:53:16.179    48    48 W migration/6: type=1400 audit(0.0:77858): avc: granted { setsched } for pid=48 scontext=u:r:kernel:s0 tcontext=u:r:kernel:s0 tclass=process
11-16 15:53:16.182  8251  8287 D mali_winsys: EGLint new_window_surface(egl_winsys_display *, void *, EGLSurface, EGLConfig, egl_winsys_surface **, EGLBoolean) returns 0x3000
11-16 15:53:16.179    54    54 W migration/7: type=1400 audit(0.0:77859): avc: granted { setsched } for pid=54 scontext=u:r:kernel:s0 tcontext=u:r:kernel:s0 tclass=process
11-16 15:53:16.193  8251  8287 D OpenGLRenderer: disableOutlineDraw is true
11-16 15:53:16.194  2010  2624 I WindowManager: dispatchResized : win = Window{113dd05 u0 cn.missevan/cn.missevan.activity.MainActivity} drawState = READY_TO_SHOW
11-16 15:53:16.195  8251  8251 W InputMethodManager: startInputReason = 1
11-16 15:53:16.195  8251  8251 W HwRemoteInputMethodManager: isCasting false because IHwDistributedWindowManager is invalid.
11-16 15:53:16.200  2010  4210 D HwInputMethodManagerService: isSecMethodUsing = false
11-16 15:53:16.202  8251  8251 D DecorView: showOrHideHighlightView: hasFocus=false; winMode=1; isMrgNull=true
11-16 15:53:16.203  2010  2621 D StatusBarManagerService: win:Window{113dd05 u0 cn.missevan/cn.missevan.activity.MainActivity}mIsColorEnable:truelight:false
11-16 15:53:16.204  2010  2621 I StatusBarDisable: setFlags what=0 which=1 pkg=Window{113dd05 u0 cn.missevan/cn.missevan.activity.MainActivity}
11-16 15:53:16.204  4088  4773 D HwCommandQueue: CommandQueue, set Launcher StatusBar Color
11-16 15:53:16.205 10621 10621 I guohongxin_haha: whiteList :1
11-16 15:53:16.205 10621 10621 I guohongxin_haha: intervalTime :3600000
11-16 15:53:16.205 10621 10681 I ImeNamedRunnable: Thread pool-6-thread-1, Runnable named igsm::onStartInput, use time 0ms
11-16 15:53:16.206 10621 10687 I ImeNamedRunnable: Thread pool-1-thread-1, Runnable named iinputm::onStartInput, use time 0ms
11-16 15:53:16.209 10621 10621 I ring_expand: floatImeState : false
11-16 15:53:16.210 10621 10621 I ring_expand: isLeftrightSplit : false
11-16 15:53:16.210 10621 10621 I ring_expand: is_compress : false
11-16 15:53:16.210 10621 10621 I ring_expand: final Global.screenW = 1176
11-16 15:53:16.210 10621 10621 I HuaweiIME: SysInfo.getSysParam: orientation=1||config d=3.0,w=1176,h=2328||metrics d=3.0,w=1176,h=2328||sdk=29,bar_h=72||appScale=3.3,sysScale=3.0||isMultiWin=false,isPadMode=false, boardw=1176, boardH=705, candH=130, boardL=24, boardR=1152, ver=8.2.39.394, realW=1176, realH=2400, isInLargeWinMode=false, displayId=0, cuid=4C0287-GCECEG-98C264-297267-0814C4-7B
11-16 15:53:16.210 10621 10621 I HuaweiIME: isPortrait-adjustOffset-r: 5
11-16 15:53:16.210 10621 10621 I HuaweiIME:  isNight : false
11-16 15:53:16.319    54    54 W migration/7: type=1400 audit(0.0:77860): avc: granted { setsched } for pid=54 scontext=u:r:kernel:s0 tcontext=u:r:kernel:s0 tclass=process
11-16 15:53:16.319    48    48 W migration/6: type=1400 audit(0.0:77861): avc: granted { setsched } for pid=48 scontext=u:r:kernel:s0 tcontext=u:r:kernel:s0 tclass=process
11-16 15:53:16.321  2010  2623 W WindowManager: Unable to start animation, surface is null or no children.
11-16 15:53:16.321  2010  2623 I WindowManager: Policy visibility false: Window{118da09 u0 Toast}
11-16 15:53:16.747  2010  3880 I chatty  : uid=1000(system) ClientModeImpl expire 12 lines
11-16 15:53:16.750  2010 11971 D HwConnectivityServiceEx: set 1000 wlan0 value false
11-16 15:53:16.759  4667  4954 E BoosterUtil: convertSubIdToSlotId failed, subId:0, slotId:-1
11-16 15:53:16.759  4667  4954 E BoosterUtil: getDefaultDataSlotId failed, invalid slotId:-1, subId:0
11-16 15:53:16.809  2010  2010 I WindowManager: removeWindowToken: displayid:0 binder:android.os.Binder@131ea31 token:WindowToken{1106734 android.os.Binder@131ea31}
11-16 15:53:16.820  8251  8251 I ViewRootImpl: dispatchDetachedFromWindow in doDie
11-16 15:53:16.822  4297  5325 I PG_ash  : view remove pid:8251 uid:10231
11-16 15:53:16.825  8251  8287 W libEGL  : EGLNativeWindowType 0x7eda73b2d0 disconnect failed
11-16 15:53:16.826  2010  4210 I WindowManager: removeIfPossible: Window{140165d u0 Toast} callers=com.android.server.wm.WindowState.removeIfPossible:5163788 com.android.server.wm.WindowManagerService.removeWindow:4766012 android.view.IWindowSession$Stub.onTransact:5317436 com.android.server.wm.Session.onTransact:6796980 android.os.Binder.execTransactInternal:6255836
11-16 15:53:16.826  2010  4210 I WindowManager: Not removing Window{140165d u0 Toast EXITING} due to exit animation
11-16 15:53:16.831  2010  4210 W NotificationService: Toast already killed. pkg=cn.missevan callback=android.app.ITransientNotification$Stub$Proxy@dc9c24
11-16 15:53:16.839    48    48 W migration/6: type=1400 audit(0.0:77862): avc: granted { setsched } for pid=48 scontext=u:r:kernel:s0 tcontext=u:r:kernel:s0 tclass=process
11-16 15:53:16.921  2010  2624 I WindowManager: Exit animation finished in Window{140165d u0 Toast EXITING}: remove=true
11-16 15:53:16.937  2010  2800 I chatty  : uid=1000(system) InputDispatcher expire 42 lines
11-16 15:53:16.938  8251  8251 W Settings: Setting device_provisioned has moved from android.provider.Settings.Secure to android.provider.Settings.Global.
11-16 15:53:16.938  8251  8251 V HiTouch_HiTouchSensor: User setup is finished.
11-16 15:53:16.938  2010  2653 I PowerManagerService: handleSandman: wakefulness: 1,startDreaming: false
11-16 15:53:16.942  2010  2624 I WindowManager: postWindowRemoveCleanupLocked: Window{140165d u0 Toast}
11-16 15:53:16.943  2010  2624 I WindowManager: Removing Window{140165d u0 Toast} from WindowToken{1106734 android.os.Binder@131ea31}
11-16 15:53:16.943  2010  2624 I WindowManager: removeWindowToken: displayid:0 binder:android.os.Binder@131ea31 token:null
11-16 15:53:16.954  8251  8251 V AudioManager: querySoundEffectsEnabled...
11-16 15:53:16.954  8251  8251 I ViewRootImpl: dispatchDetachedFromWindow in doDie
11-16 15:53:16.959    54    54 W migration/7: type=1400 audit(0.0:77863): avc: granted { setsched } for pid=54 scontext=u:r:kernel:s0 tcontext=u:r:kernel:s0 tclass=process
11-16 15:53:16.961  8251  8287 W libEGL  : EGLNativeWindowType 0x7e0de51f10 disconnect failed
11-16 15:53:16.962  2010  6390 I WindowManager: removeIfPossible: Window{113dd05 u0 cn.missevan/cn.missevan.activity.MainActivity} callers=com.android.server.wm.WindowState.removeIfPossible:5163788 com.android.server.wm.WindowManagerService.removeWindow:4766012 android.view.IWindowSession$Stub.onTransact:5317436 com.android.server.wm.Session.onTransact:6796980 android.os.Binder.execTransactInternal:6255836
11-16 15:53:16.964  2010  6390 I WindowManager: Not removing Window{113dd05 u0 cn.missevan/cn.missevan.activity.MainActivity EXITING} due to exit animation
11-16 15:53:16.964  2010  6390 I WindowManager: Changing focus from Window{113dd05 u0 cn.missevan/cn.missevan.activity.MainActivity EXITING} to Window{dae85d u0 cn.missevan/cn.missevan.activity.MainActivity} displayId=0 Callers=com.android.server.wm.RootWindowContainer.updateFocusedWindowLocked:6670244 com.android.server.wm.WindowManagerService.updateFocusedWindowLocked:6669720 com.android.server.wm.WindowState.setupWindowForRemoveOnExit:4973984 com.android.server.wm.WindowState.removeIfPossible:5167672
11-16 15:53:16.965  2010  6390 I HwPhoneWindowManager: StatusToSurfaceFlinger Window{dae85d u0 cn.missevan/cn.missevan.activity.MainActivity} sideMode = 1 notchMode = 0 dataIn val = 4
11-16 15:53:16.966  2010  6390 V HwPhoneWindowManager: updateSystemUiColorLw window=Window{dae85d u0 cn.missevan/cn.missevan.activity.MainActivity},EmuiStyle=0,StatusBarColor=0x0,NavigationBarColor=0xff000000, mForceNotchStatusBar=false
11-16 15:53:16.966  2010  6390 I HwDisplayContentEx: currentFocus windowstate not null
11-16 15:53:16.966  4088 13407 I HwCommandQueue: updateBarBgColor
11-16 15:53:16.966  4088 13407 D HwCommandQueue: CommandQueue, setBarBackgroundColor
11-16 15:53:16.966  2010  6390 I chatty  : uid=1000(system) Binder:2010_18 expire 11 lines
11-16 15:53:16.966  2010  6390 I HwDisplayContentEx: trans currentFocus windowstate not null
11-16 15:53:16.966  2010  2621 D StatusBarManagerService: win:Window{dae85d u0 cn.missevan/cn.missevan.activity.MainActivity}mIsColorEnable:truelight:false
11-16 15:53:16.966  2010  2621 I StatusBarDisable: setFlags what=0 which=1 pkg=Window{dae85d u0 cn.missevan/cn.missevan.activity.MainActivity}
11-16 15:53:16.966  4088 18141 D HwCommandQueue: CommandQueue, set Launcher StatusBar Color
11-16 15:53:16.970  2010  4557 I chatty  : uid=1000(system) Binder:2010_C expire 4 lines
11-16 15:53:16.971  8251  8251 I RmeSchedManager: SetMarginData, input:3, animation:4, traversal:4, util:600, frameRate:60
11-16 15:53:16.973  8251  8251 D DecorView: showOrHideHighlightView: hasFocus=true; winMode=1; isMrgNull=true
11-16 15:53:16.975  8251  8251 W InputMethodManager: startInputReason = 1
11-16 15:53:16.975  8251  8251 W HwRemoteInputMethodManager: isCasting false because IHwDistributedWindowManager is invalid.
11-16 15:53:16.975  2010  6390 D HwInputMethodManagerService: isSecMethodUsing = false
11-16 15:53:16.978 10621 10621 I guohongxin_haha: whiteList :1
11-16 15:53:16.978 10621 10621 I guohongxin_haha: intervalTime :3600000
11-16 15:53:16.979 10621 10681 I ImeNamedRunnable: Thread pool-6-thread-1, Runnable named igsm::onStartInput, use time 0ms
11-16 15:53:16.979 10621 10687 I ImeNamedRunnable: Thread pool-1-thread-1, Runnable named iinputm::onStartInput, use time 0ms
11-16 15:53:16.982 10621 10621 I ring_expand: floatImeState : false
11-16 15:53:16.982 10621 10621 I ring_expand: isLeftrightSplit : false
11-16 15:53:16.982 10621 10621 I ring_expand: is_compress : false
11-16 15:53:16.982 10621 10621 I ring_expand: final Global.screenW = 1176
11-16 15:53:16.982 10621 10621 I HuaweiIME: SysInfo.getSysParam: orientation=1||config d=3.0,w=1176,h=2328||metrics d=3.0,w=1176,h=2328||sdk=29,bar_h=72||appScale=3.3,sysScale=3.0||isMultiWin=false,isPadMode=false, boardw=1176, boardH=705, candH=130, boardL=24, boardR=1152, ver=8.2.39.394, realW=1176, realH=2400, isInLargeWinMode=false, displayId=0, cuid=4C0287-GCECEG-98C264-297267-0814C4-7B
11-16 15:53:16.983 10621 10621 I HuaweiIME: isPortrait-adjustOffset-r: 5
11-16 15:53:16.983 10621 10621 I HuaweiIME:  isNight : false
11-16 15:53:17.035  8251  8251 I RmeSchedManager: SetMarginData, input:3, animation:4, traversal:4, util:600, frameRate:60
11-16 15:53:17.099    54    54 W migration/7: type=1400 audit(0.0:77864): avc: granted { setsched } for pid=54 scontext=u:r:kernel:s0 tcontext=u:r:kernel:s0 tclass=process
11-16 15:53:17.102  8251  8251 I RmeSchedManager: SetMarginData, input:3, animation:4, traversal:4, util:600, frameRate:60
11-16 15:53:17.120  2010  2624 I WindowManager: Exit animation finished in Window{113dd05 u0 cn.missevan/cn.missevan.activity.MainActivity EXITING}: remove=true
11-16 15:53:17.120  2010  2624 E WindowManager: win=Window{113dd05 u0 cn.missevan/cn.missevan.activity.MainActivity EXITING} destroySurfaces: appStopped=false win.mWindowRemovalAllowed=true win.mRemoveOnExit=true
11-16 15:53:17.122  2010  2624 I WindowManager: postWindowRemoveCleanupLocked: Window{113dd05 u0 cn.missevan/cn.missevan.activity.MainActivity}
11-16 15:53:17.122  2010  2624 I WindowManager: Removing Window{113dd05 u0 cn.missevan/cn.missevan.activity.MainActivity} from AppWindowToken{12e42e9 token=Token{fa2686 ActivityRecord{cfa4c6 u0 cn.missevan/.activity.MainActivity t114}}}
11-16 15:53:17.174  8251  8287 I RmeSchedManager: SetMarginData, input:3, animation:4, traversal:4, util:600, frameRate:60
11-16 15:53:17.235  8251  8251 I RmeSchedManager: SetMarginData, input:3, animation:4, traversal:4, util:600, frameRate:60
11-16 15:53:17.308  8251  8287 I RmeSchedManager: SetMarginData, input:3, animation:4, traversal:4, util:600, frameRate:60
11-16 15:53:17.369  8251  8251 I RmeSchedManager: SetMarginData, input:3, animation:4, traversal:4, util:600, frameRate:60
11-16 15:53:17.435  8251  8251 I RmeSchedManager: SetMarginData, input:3, animation:4, traversal:4, util:600, frameRate:60
11-16 15:53:17.507  2010  2653 I PowerManagerService: handleSandman: wakefulness: 1,startDreaming: false
11-16 15:53:17.520  8251  8251 V AudioManager: querySoundEffectsEnabled...
11-16 15:53:17.519    48    48 W migration/6: type=1400 audit(0.0:77866): avc: granted { setsched } for pid=48 scontext=u:r:kernel:s0 tcontext=u:r:kernel:s0 tclass=process
11-16 15:53:17.519    54    54 W migration/7: type=1400 audit(0.0:77867): avc: granted { setsched } for pid=54 scontext=u:r:kernel:s0 tcontext=u:r:kernel:s0 tclass=process
11-16 15:53:17.534 11568 11610 I chatty  : uid=10233(io.appium.uiautomator2.server) expire 79 lines
11-16 15:53:17.619    54    54 W migration/7: type=1400 audit(0.0:77868): avc: granted { setsched } for pid=54 scontext=u:r:kernel:s0 tcontext=u:r:kernel:s0 tclass=process
11-16 15:53:17.619    48    48 W migration/6: type=1400 audit(0.0:77869): avc: granted { setsched } for pid=48 scontext=u:r:kernel:s0 tcontext=u:r:kernel:s0 tclass=process
11-16 15:53:17.638  2010  4557 I WindowManager: addWindowToken: displayid:0 binder:android.os.Binder@124d029 token:WindowToken{1106762 android.os.Binder@124d029}
11-16 15:53:17.654  8251  8251 D MouseWheelSynthesizer: mMoveStepInDp: 64, mMoveStepInPixel: 192, mUpTimeDelayed: 100
11-16 15:53:17.655  8251  8251 D ViewRootImpl: ViewRootImpl mIsInProductivePCDisplay: false
11-16 15:53:17.657  4297  5325 I PG_ash  : view add pid:8251 uid:10231
11-16 15:53:17.659  2010  4557 E WindowManager: App trying to use insecure INPUT_FEATURE_NO_INPUT_CHANNEL flag. Ignoring
11-16 15:53:17.661  2010  4557 I WindowManager: addWindow: Window{14fba5d u0 Toast} client:android.os.BinderProxy@10ee599 currentDisplayId:0 requestDisplayId:0 token:android.os.Binder@124d029
11-16 15:53:17.662  8251  8251 D InputEventReceiver: dispatchInputInterval 1000000
11-16 15:53:17.665  8251  8287 D OpenGLRenderer: disableOutlineDraw is true
11-16 15:53:17.678  8251  8287 D mali_winsys: EGLint new_window_surface(egl_winsys_display *, void *, EGLSurface, EGLConfig, egl_winsys_surface **, EGLBoolean) returns 0x3000
11-16 15:53:17.689  2010  2624 I WindowManager: dispatchResized : win = Window{14fba5d u0 Toast} drawState = HAS_DRAWN
11-16 15:53:17.699    48    48 W migration/6: type=1400 audit(0.0:77870): avc: granted { setsched } for pid=48 scontext=u:r:kernel:s0 tcontext=u:r:kernel:s0 tclass=process
11-16 15:53:17.786  4667  4954 E BoosterUtil: convertSubIdToSlotId failed, subId:0, slotId:-1
11-16 15:53:17.786  4667  4954 E BoosterUtil: getDefaultDataSlotId failed, invalid slotId:-1, subId:0
11-16 15:53:17.822  2010  4210 D HwConnectivityServiceEx: set 10231 wlan0 value false
11-16 15:53:18.321  2010  2623 W WindowManager: Unable to start animation, surface is null or no children.
11-16 15:53:18.321  2010  2623 I WindowManager: Policy visibility false: Window{140165d u0 Toast}
11-16 15:53:18.388 24423 24980 D MemoryCeilingMonitor: [handleMemoryCalculate]
11-16 15:53:18.389 24423 24980 D MemoryCeilingMonitor: [calculate] tot: 5979208, max: 402653184, free: 336336, heap: 5642872, per: 0.014014224211374918
11-16 15:53:18.807  4667  4954 E BoosterUtil: convertSubIdToSlotId failed, subId:0, slotId:-1
11-16 15:53:18.807  4667  4954 E BoosterUtil: getDefaultDataSlotId failed, invalid slotId:-1, subId:0
11-16 15:53:18.861  2010  4210 D HwConnectivityServiceEx: set 1000 wlan0 value false
11-16 15:53:19.223  2010  2010 I WindowManager: removeWindowToken: displayid:0 binder:android.os.Binder@136df09 token:null
11-16 15:53:19.223  2010  2010 W WindowManager: removeWindowToken: Attempted to remove non-existing token: android.os.Binder@136df09
11-16 15:53:19.642  2010  2010 I WindowManager: removeWindowToken: displayid:0 binder:android.os.Binder@124d029 token:WindowToken{1106762 android.os.Binder@124d029}
11-16 15:53:19.654  8251  8251 I ViewRootImpl: dispatchDetachedFromWindow in doDie
11-16 15:53:19.655  4297  5325 I PG_ash  : view remove pid:8251 uid:10231
11-16 15:53:19.659  8251  8287 W libEGL  : EGLNativeWindowType 0x7e0de51f10 disconnect failed
11-16 15:53:19.660  2010  4210 I WindowManager: removeIfPossible: Window{14fba5d u0 Toast} callers=com.android.server.wm.WindowState.removeIfPossible:5163788 com.android.server.wm.WindowManagerService.removeWindow:4766012 android.view.IWindowSession$Stub.onTransact:5317436 com.android.server.wm.Session.onTransact:6796980 android.os.Binder.execTransactInternal:6255836
11-16 15:53:19.660  2010  4210 I WindowManager: Not removing Window{14fba5d u0 Toast EXITING} due to exit animation
11-16 15:53:19.664  2010  4557 W NotificationService: Toast already killed. pkg=cn.missevan callback=android.app.ITransientNotification$Stub$Proxy@13684ab
11-16 15:53:19.754  2010  2624 I WindowManager: Exit animation finished in Window{14fba5d u0 Toast EXITING}: remove=true
11-16 15:53:19.775  2010  2624 I WindowManager: postWindowRemoveCleanupLocked: Window{14fba5d u0 Toast}
11-16 15:53:19.775  2010  2624 I WindowManager: Removing Window{14fba5d u0 Toast} from WindowToken{1106762 android.os.Binder@124d029}
11-16 15:53:19.775  2010  2624 I WindowManager: removeWindowToken: displayid:0 binder:android.os.Binder@124d029 token:null
11-16 15:53:19.833  4667  4954 E BoosterUtil: convertSubIdToSlotId failed, subId:0, slotId:-1
11-16 15:53:19.833  4667  4954 E BoosterUtil: getDefaultDataSlotId failed, invalid slotId:-1, subId:0
11-16 15:53:19.976   681 15256 I netd    : trafficSwapActiveStatsMap() <0.34ms>
11-16 15:53:19.999    48    48 W migration/6: type=1400 audit(0.0:77872): avc: granted { setsched } for pid=48 scontext=u:r:kernel:s0 tcontext=u:r:kernel:s0 tclass=process
11-16 15:53:19.999    54    54 W migration/7: type=1400 audit(0.0:77873): avc: granted { setsched } for pid=54 scontext=u:r:kernel:s0 tcontext=u:r:kernel:s0 tclass=process
11-16 15:53:20.029  2010  6390 D HwConnectivityServiceEx: set 10231 wlan0 value false
11-16 15:53:20.043  2010  4210 V ActivityManager: Successfully start provider ContentProviderRecord{d44bd4 u0 cn.missevan/com.umeng.message.component.UmengMessageProvider} launchingApp=null caller pid= 9033
11-16 15:53:20.060  2010  4210 I JobScheduler: pending queue: 1 jobs.
11-16 15:53:20.060  2010  4210 I JobScheduler: About to run job on context 0, job: JobStatus{10642f1 #u0a231/21000 cn.missevan/com.umeng.message.component.UmengMessageHandlerService u=0 s=10231 TIME=none:0 READY}
11-16 15:53:20.064  2010  2010 I JobServiceContext: APP response begin time, startJob due to preemption. jobid:21000
11-16 15:53:20.064  2010  2647 D ActivityManager: setPrivilegeType r: ServiceRecord{12ec649 u0 cn.missevan/com.umeng.message.component.UmengMessageHandlerService}, interfaceDescriptor : android.app.job.IJobService
11-16 15:53:20.064  2010  2653 I PowerManagerService: handleSandman: wakefulness: 1,startDreaming: false
11-16 15:53:20.065  2010  4210 I JobServiceContext: APP response end time startJob.
11-16 15:53:20.066  2010  2653 I PowerManagerService: handleSandman: wakefulness: 1,startDreaming: false
11-16 15:53:20.069  2010  6390 I JobScheduler: APP response end time, Completed JobStatus{10642f1 #u0a231/21000 cn.missevan/com.umeng.message.component.UmengMessageHandlerService u=0 s=10231 TIME=none:-10ms READY}, reschedule=false
11-16 15:53:20.072  2010  4210 I JobScheduler: pending queue: 1 jobs.
11-16 15:53:20.072  2010  4210 I JobScheduler: About to run job on context 0, job: JobStatus{10642f1 #u0a231/21000 cn.missevan/com.umeng.message.component.UmengMessageHandlerService u=0 s=10231 TIME=none:-1ms READY}
11-16 15:53:20.076  2010  2010 I JobServiceContext: APP response begin time, startJob due to preemption. jobid:21000
11-16 15:53:20.076  2010  2653 I PowerManagerService: handleSandman: wakefulness: 1,startDreaming: false
11-16 15:53:20.077  2010  2647 D ActivityManager: setPrivilegeType r: ServiceRecord{12ec629 u0 cn.missevan/com.umeng.message.component.UmengMessageHandlerService}, interfaceDescriptor : android.app.job.IJobService
11-16 15:53:20.077  2010  4210 I JobServiceContext: APP response end time startJob.
11-16 15:53:20.081   681  1277 W /system/bin/netd: A binder object at 0x7df992ff80 is being transacted on, however, this object is in the same process as its proxy. Transacting with this binder is expensive compared to just calling the corresponding functionality in the same process.
11-16 15:53:20.081   681  1277 I PreDnsController: CanPreDnsQuery,persist.sys.predns is false!
11-16 15:53:20.082  2010  2653 I PowerManagerService: handleSandman: wakefulness: 1,startDreaming: false
11-16 15:53:20.084  2010  4210 I JobScheduler: APP response end time, Completed JobStatus{10642f1 #u0a231/21000 cn.missevan/com.umeng.message.component.UmengMessageHandlerService u=0 s=10231 TIME=none:-12ms READY}, reschedule=false
11-16 15:53:20.085   681  1281 I         : ApiCount[0, 0, 0, 168, 0, 0, 0, 4, 0, 0, 354, 384, 0, 38, 14, 0, 45, 0, 3480, 9001]
11-16 15:53:20.086  2010  2010 I chatty  : uid=1000(system) Binder:2010_F expire 10 lines
11-16 15:53:20.159  2010  6397 I JobScheduler: pending queue: 1 jobs.
11-16 15:53:20.159  2010  6397 I JobScheduler: About to run job on context 0, job: JobStatus{1064243 #u0a231/21000 cn.missevan/com.umeng.message.component.UmengMessageHandlerService u=0 s=10231 TIME=none:-1ms READY}
11-16 15:53:20.165  2010  2647 D ActivityManager: setPrivilegeType r: ServiceRecord{12ec609 u0 cn.missevan/com.umeng.message.component.UmengMessageHandlerService}, interfaceDescriptor : android.app.job.IJobService
11-16 15:53:20.166  2010  2653 I PowerManagerService: handleSandman: wakefulness: 1,startDreaming: false
11-16 15:53:20.166  2010  2010 I JobServiceContext: APP response begin time, startJob due to preemption. jobid:21000
11-16 15:53:20.167  2010  6397 I JobServiceContext: APP response end time startJob.
11-16 15:53:20.168  2010  2640 I AlarmManager: remove alarm:Alarm{14d0517 type 1 when 1668585500080 PendingIntent{10d4919: PendingIntentRecord{1227389 cn.missevan startService}}cn.missevan procName cn.missevan} according to operation:10d4919
11-16 15:53:20.170  2010  2640 D SmartHeartBeat: isPendingAlarm, false, pkg:com.android.deskclock, action:com.android.deskclock.ALARM_ALERT,not pending alarm with AlarmClockInfo
11-16 15:53:20.186  2010  4210 I NotificationService: enqueueNotificationInternal: pkg=cn.missevan id=478160566 notification=Notification(channel=upush_default pri=0 contentView=null vibrate=default sound=default tick defaults=0x7 flags=0x10 color=0x00000000 vis=PRIVATE)
11-16 15:53:20.188  2010  4210 I NotificationService: enqueueNotificationInternal Channel Info : pkg=cn.missevan id=478160566 importance =3
11-16 15:53:20.190  2010  2010 I ZenLog  : intercepted: 0|cn.missevan|478160566|um|10231,!priority
11-16 15:53:20.192  2010  2010 I HwNotificationService: isHwSoundAllow pkg=cn.missevan, channelId=upush_default, userId=0, soundVibrate=1
11-16 15:53:20.193   765  1875 I APM::AudioPolicyEngine: ignore device 8000 from 11003
11-16 15:53:20.193   765  1875 I APM_AudioPolicyManager: getOutputsForDevices, openOutputs size is 2, outputs size is 2
11-16 15:53:20.193  2010  2653 I PowerManagerService: handleSandman: wakefulness: 1,startDreaming: false
11-16 15:53:20.195  2010  4210 I JobScheduler: APP response end time, Completed JobStatus{1064243 #u0a231/21000 cn.missevan/com.umeng.message.component.UmengMessageHandlerService u=0 s=10231 TIME=none:-37ms READY}, reschedule=false
11-16 15:53:20.196  2010  2010 V HwNotificationService: isHwVibrateAllow pkg=cn.missevan, channelId=upush_default, userId=0, isVibrateEnable=false
11-16 15:53:20.196  2010  2010 I NotificationService: buzzBeepBlinkLocked hasValidSound=true,hasValidVibrate=false,vibration=[0, 100, 150, 100],key=0|cn.missevan|478160566|um|10231
11-16 15:53:20.196  2010  2010 I NotificationService: muting noisy, suppressed due to DND :0|cn.missevan|478160566|um|10231
11-16 15:53:20.200  4297  4981 I AppManager: app:cn.missevan Notification update time:478324764
11-16 15:53:20.206  4088  4088 I NotificationListener: onNotificationPosted: StatusBarNotification(pkg=cn.missevan user=UserHandle{0} id=478160566 tag=um key=0|cn.missevan|478160566|um|10231: Notification(channel=upush_default pri=0 contentView=null vibrate=default sound=default tick defaults=0x7 flags=0x10 color=0x00000000 vis=PRIVATE)) important=3, post=1668585200188, when=1668585200172,showWhen=true, vis=0, userid=0, hasFullScreenIntent=false,style=null
11-16 15:53:20.217  4088  4088 I NotificationListener: onRankingUpdate
11-16 15:53:20.218  4088  4088 I NotificationViewHierarchyManager: updateNotificationViews activeNotificationSize=16
11-16 15:53:20.243  4088  4088 I NotificationViewHierarchyManager: updateNotificationViews activeNotificationSize=17
11-16 15:53:20.243  4088  4088 D PluginInstanceManager: startListening
11-16 15:53:20.243  4088  4384 D PluginInstanceManager: queryAll com.android.systemui.action.PLUGIN_NOTIFICATION_MENU_ROW
11-16 15:53:20.244  4088  4384 D PluginInstanceManager: Found 0 plugins
11-16 15:53:20.257  4088  4088 W View    : requestLayout() improperly called by huawei.android.widget.ImageView{b204e68 I.ED..... ......ID 0,0-1080,2 #7f0a02d8 app:id/hw_notification_more_divider} during layout: running second layout pass
11-16 15:53:20.330  2010  4210 I JobScheduler: CANCEL: 1022165 #u0a231/2050 cn.missevan/com.taobao.accs.internal.AccsJobService, reason:cancel() called by app, callingUid=10231 uid=10231 jobId=2050
11-16 15:53:20.342  2010  4210 D SmartHeartBeat: isPendingAlarm, false, pkg:com.android.deskclock, action:com.android.deskclock.ALARM_ALERT,not pending alarm with AlarmClockInfo
11-16 15:53:20.343  2010  4210 I JobScheduler.Time: realNextDelayExpiredElapsedMillis: 478625087 mNextDelayExpiredElapsedMillis:478625087
11-16 15:53:20.351  2010  4210 D SmartHeartBeat: isPendingAlarm, false, pkg:com.android.deskclock, action:com.android.deskclock.ALARM_ALERT,not pending alarm with AlarmClockInfo
11-16 15:53:20.352  2010  4210 I JobScheduler.Time: realNextJobExpiredElapsedMillis: 479525087mNextJobExpiredElapsedMillis479525087
11-16 15:53:20.354  2010  6397 I JobScheduler.Time: Add job to TimeTracking: 10642f1 #u0a231/2050 cn.missevan/com.taobao.accs.internal.AccsJobService, delayTime:478594917, deadlineTime:478594917
11-16 15:53:20.359  2010  6397 D SmartHeartBeat: isPendingAlarm, false, pkg:com.android.deskclock, action:com.android.deskclock.ALARM_ALERT,not pending alarm with AlarmClockInfo
11-16 15:53:20.359    54    54 W migration/7: type=1400 audit(0.0:77874): avc: granted { setsched } for pid=54 scontext=u:r:kernel:s0 tcontext=u:r:kernel:s0 tclass=process
11-16 15:53:20.359    48    48 W migration/6: type=1400 audit(0.0:77875): avc: granted { setsched } for pid=48 scontext=u:r:kernel:s0 tcontext=u:r:kernel:s0 tclass=process
11-16 15:53:20.360  2010  6397 I JobScheduler.Time: realNextJobExpiredElapsedMillis: 478594917mNextJobExpiredElapsedMillis478594917
11-16 15:53:20.367  2010  6397 D SmartHeartBeat: isPendingAlarm, false, pkg:com.android.deskclock, action:com.android.deskclock.ALARM_ALERT,not pending alarm with AlarmClockInfo
11-16 15:53:20.368  2010  6397 I JobScheduler.Time: realNextDelayExpiredElapsedMillis: 478594917 mNextDelayExpiredElapsedMillis:478594917
11-16 15:53:20.486 18343 18788 I FWK-BackOffDelayTimerTask: Run task returns: true, with delay: 60
11-16 15:53:20.486 18343 18784 I FWK-BackOffDelayTimerTask: Run task returns: true, with delay: 60
11-16 15:53:20.758  2010  3971 I chatty  : uid=1000(system) HuaweiWifiWatch expire 22 lines
11-16 15:53:20.855  4667  4954 E BoosterUtil: convertSubIdToSlotId failed, subId:0, slotId:-1
11-16 15:53:20.855  4667  4954 E BoosterUtil: getDefaultDataSlotId failed, invalid slotId:-1, subId:0
11-16 15:53:20.974  2010  2653 I PowerManagerService: handleSandman: wakefulness: 1,startDreaming: false
11-16 15:53:20.979  8251  8251 V AudioManager: querySoundEffectsEnabled...
