12-22 12:09:32.254  8079 11222 V Avrcp_ext: updateCurrentMediaState: mMediaController: MediaController (cn.missevan@5e3081) null
12-22 12:09:32.254  8079 11222 V Avrcp_ext: updateCurrentMediaState: isPlaying = false
12-22 12:09:32.254  8079 11222 W Avrcp_ext: isMusicActive: false getBluetoothPlayState: 0 A2dp State: 11 mAudioPlaybackIsActive: false
12-22 12:09:32.254  8079 11222 D Avrcp_ext: isMusicActive = false mAudioPlaybackIsActive = false player state = PlaybackState {state=0, position=0, buffered position=0, speed=0.0, updated=0, actions=2363190, custom actions=[], active item id=-1, error=null}
12-22 12:09:32.254  8079 11222 I Avrcp_ext: Skipping update due to invalid playback state
12-22 12:09:32.255  8079 11222 V Avrcp_ext: updatePlaybackState, state: PlaybackState {state=0, position=0, buffered position=0, speed=0.0, updated=0, actions=2363190, custom actions=[], active item id=-1, error=null} device: null
12-22 12:09:32.255  8079 11222 V Avrcp_ext: Device: no name:
12-22 12:09:32.255  8079 11222 V Avrcp_ext: Device: no name:
12-22 12:09:32.255  8079 11222 V Avrcp_ext: Device: no name:
12-22 12:09:32.255  8079 11222 V Avrcp_ext: Device: no name:
12-22 12:09:32.255  8079 11222 V Avrcp_ext: Device: no name:
12-22 12:09:32.255  8079 11222 V Avrcp_ext: updatePlayerStateAndPosition, old=PlaybackState {state=0, position=0, buffered position=0, speed=0.0, updated=0, actions=2363190, custom actions=[], active item id=-1, error=null}, state=PlaybackState {state=0, position=0, buffered position=0, speed=0.0, updated=0, actions=2363190, custom actions=[], active item id=-1, error=null}
12-22 12:09:32.255  8079 11222 V Avrcp_ext: old state = PlaybackState {state=0, position=0, buffered position=0, speed=0.0, updated=0, actions=2363190, custom actions=[], active item id=-1, error=null}, new state= PlaybackState {state=0, position=0, buffered position=0, speed=0.0, updated=0, actions=2363190, custom actions=[], active item id=-1, error=null}
12-22 12:09:32.255  8079 11222 D HeadsetService: getHeadsetService(): returning com.android.bluetooth.hfp.HeadsetService@edaeae5
12-22 12:09:32.255  8079 11222 D HeadsetService:  isAudioOn: The number of audio connected devices 0
12-22 12:09:32.255  8079 11222 D HeadsetService: isScoOrCallActive(): Call Active:falseCall is Ringing:falseSCO is Active:false
12-22 12:09:32.255  8079 11222 D HeadsetService:  isAudioOn: The number of audio connected devices 0
12-22 12:09:32.255  8079 11222 I Avrcp_ext: updatePlayStatusForDevice: device: null
12-22 12:09:32.255  8079 11222 V Avrcp_ext: updatePlaybackState (1): old=PlaybackState {state=0, position=0, buffered position=0, speed=0.0, updated=0, actions=2363190, custom actions=[], active item id=-1, error=null}(0), new=PlaybackState {state=0, position=0, buffered position=0, speed=0.0, updated=0, actions=2363190, custom actions=[], active item id=-1, error=null}(0)
12-22 12:09:32.255  8079 11222 I Avrcp_ext: Exit updatePlayStatusForDevice
12-22 12:09:32.255  8079 11222 D HeadsetService:  isAudioOn: The number of audio connected devices 0
12-22 12:09:32.255  8079 11222 D HeadsetService: isScoOrCallActive(): Call Active:falseCall is Ringing:falseSCO is Active:false
12-22 12:09:32.255  8079 11222 D HeadsetService:  isAudioOn: The number of audio connected devices 0
12-22 12:09:32.255  8079 11222 I Avrcp_ext: updatePlayStatusForDevice: device: null
12-22 12:09:32.255  8079 11222 V Avrcp_ext: updatePlaybackState (1): old=PlaybackState {state=0, position=0, buffered position=0, speed=0.0, updated=0, actions=2363190, custom actions=[], active item id=-1, error=null}(0), new=PlaybackState {state=0, position=0, buffered position=0, speed=0.0, updated=0, actions=2363190, custom actions=[], active item id=-1, error=null}(0)
12-22 12:09:32.255  8079 11222 I Avrcp_ext: Exit updatePlayStatusForDevice
12-22 12:09:32.255  8079 11222 D HeadsetService:  isAudioOn: The number of audio connected devices 0
12-22 12:09:32.255  8079 11222 D HeadsetService: isScoOrCallActive(): Call Active:falseCall is Ringing:falseSCO is Active:false
12-22 12:09:32.255  8079 11222 D HeadsetService:  isAudioOn: The number of audio connected devices 0
12-22 12:09:32.255  8079 11222 I Avrcp_ext: updatePlayStatusForDevice: device: null
12-22 12:09:32.256  8079 11222 V Avrcp_ext: updatePlaybackState (1): old=PlaybackState {state=0, position=0, buffered position=0, speed=0.0, updated=0, actions=2363190, custom actions=[], active item id=-1, error=null}(0), new=PlaybackState {state=0, position=0, buffered position=0, speed=0.0, updated=0, actions=2363190, custom actions=[], active item id=-1, error=null}(0)
12-22 12:09:32.256  8079 11222 I Avrcp_ext: Exit updatePlayStatusForDevice
12-22 12:09:32.256  8079 11222 D HeadsetService:  isAudioOn: The number of audio connected devices 0
12-22 12:09:32.256  8079 11222 D HeadsetService: isScoOrCallActive(): Call Active:falseCall is Ringing:falseSCO is Active:false
12-22 12:09:32.256  8079 11222 D HeadsetService:  isAudioOn: The number of audio connected devices 0
12-22 12:09:32.256  8079 11222 I Avrcp_ext: updatePlayStatusForDevice: device: null
12-22 12:09:32.256  8079 11222 V Avrcp_ext: updatePlaybackState (1): old=PlaybackState {state=0, position=0, buffered position=0, speed=0.0, updated=0, actions=2363190, custom actions=[], active item id=-1, error=null}(0), new=PlaybackState {state=0, position=0, buffered position=0, speed=0.0, updated=0, actions=2363190, custom actions=[], active item id=-1, error=null}(0)
12-22 12:09:32.256  8079 11222 I Avrcp_ext: Exit updatePlayStatusForDevice
12-22 12:09:32.256  8079 11222 D HeadsetService:  isAudioOn: The number of audio connected devices 0
12-22 12:09:32.256  8079 11222 D HeadsetService: isScoOrCallActive(): Call Active:falseCall is Ringing:falseSCO is Active:false
12-22 12:09:32.256  8079 11222 D HeadsetService:  isAudioOn: The number of audio connected devices 0
12-22 12:09:32.256  8079 11222 I Avrcp_ext: updatePlayStatusForDevice: device: null
12-22 12:09:32.256  8079 11222 V Avrcp_ext: updatePlaybackState (1): old=PlaybackState {state=0, position=0, buffered position=0, speed=0.0, updated=0, actions=2363190, custom actions=[], active item id=-1, error=null}(0), new=PlaybackState {state=0, position=0, buffered position=0, speed=0.0, updated=0, actions=2363190, custom actions=[], active item id=-1, error=null}(0)
12-22 12:09:32.256  8079 11222 I Avrcp_ext: Exit updatePlayStatusForDevice
12-22 12:09:32.256  8079 11222 D Avrcp_ext: Enter sendPlayPosNotificationRsp
12-22 12:09:32.256  8079 11222 D Avrcp_ext: sendPlayPosNotificationRsp: Not registered or requesting.
12-22 12:09:32.256  8079 11222 D Avrcp_ext: Enter sendPlayPosNotificationRsp
12-22 12:09:32.256  8079 11222 D Avrcp_ext: sendPlayPosNotificationRsp: Not registered or requesting.
12-22 12:09:32.256  8079 11222 D Avrcp_ext: Enter sendPlayPosNotificationRsp
12-22 12:09:32.256  8079 11222 D Avrcp_ext: sendPlayPosNotificationRsp: Not registered or requesting.
12-22 12:09:32.256  8079 11222 D Avrcp_ext: Enter sendPlayPosNotificationRsp
12-22 12:09:32.256  8079 11222 D Avrcp_ext: sendPlayPosNotificationRsp: Not registered or requesting.
12-22 12:09:32.256  8079 11222 D Avrcp_ext: Enter sendPlayPosNotificationRsp
12-22 12:09:32.256  8079 11222 D Avrcp_ext: sendPlayPosNotificationRsp: Not registered or requesting.
12-22 12:09:32.256  8079 11222 V Avrcp_ext: Exit updatePlayerStateAndPosition
12-22 12:09:32.256  8079 11222 D Avrcp_ext: AudioManager Player: AudioPlaybackConfiguration piid:111 deviceId:0 type:android.media.SoundPool u/pid:1000/4496 state:idle attr:AudioAttributes: usage=USAGE_ASSISTANCE_SONIFICATION content=CONTENT_TYPE_SONIFICATION flags=0x800 tags= bundle=null sessionId:0
12-22 12:09:32.256  8079 11222 D Avrcp_ext: AudioManager Player: AudioPlaybackConfiguration piid:6383 deviceId:0 type:android.media.AudioTrack u/pid:10269/18703 state:started attr:AudioAttributes: usage=USAGE_MEDIA content=CONTENT_TYPE_MUSIC flags=0xA00 tags= bundle=null sessionId:7593
12-22 12:09:32.257  2475  3673 D AudioServiceStubImpl: disableBTSpatialAudio listAudioPorts return 0
12-22 12:09:32.257  8079 11222 D Avrcp_ext: AudioManager Player in started state: cn.missevan
12-22 12:09:32.257  8079 11222 D Avrcp_ext: AudioManager Active Player: cn.missevan
12-22 12:09:32.257  8079 11222 D Avrcp_ext: AudioManager Player: AudioPlaybackConfiguration piid:1527 deviceId:0 type:android.media.SoundPool u/pid:10079/9868 state:idle attr:AudioAttributes: usage=USAGE_ASSISTANCE_SONIFICATION content=CONTENT_TYPE_SONIFICATION flags=0x800 tags= bundle=null sessionId:0
12-22 12:09:32.257  8079 11222 D Avrcp_ext: AudioManager Player: AudioPlaybackConfiguration piid:95 deviceId:0 type:android.media.SoundPool u/pid:1000/2475 state:idle attr:AudioAttributes: usage=USAGE_ASSISTANCE_SONIFICATION content=CONTENT_TYPE_SONIFICATION flags=0x800 tags= bundle=null sessionId:0
12-22 12:09:32.257  8079 11222 D Avrcp_ext: AudioManager Player: AudioPlaybackConfiguration piid:1535 deviceId:0 type:android.media.SoundPool u/pid:1027/9739 state:idle attr:AudioAttributes: usage=USAGE_ASSISTANCE_SONIFICATION content=CONTENT_TYPE_SONIFICATION flags=0x800 tags= bundle=null sessionId:0
12-22 12:09:32.260  1191  3675 I EffectsFactory: EffectCreate() create_effect
12-22 12:09:32.262  8079 11222 D Avrcp_ext: AudioManager isPlaying: true, mAudioPlaybackIsActive: false, isMusiActive: false
12-22 12:09:32.271  1411  2035 V APM::EffectDescriptor: registerEffect() effect Volume listener for Music, io 37, session 7593 id 5995
12-22 12:09:32.271  1411  2035 V APM::EffectDescriptor: registerEffect() memory 1, total memory 4
12-22 12:09:32.271  1411  2035 V APM::EffectDescriptor: setEffectEnabled(true) total CPU 0
12-22 12:09:32.272  1411  2035 V AudioPolicyManagerImpl: notification filter: setNotificationFilter notificationFilterFeature=1
12-22 12:09:32.272  1411  2035 D AudioPolicyManagerImpl: notification filter: setNotificationFilter muteMaskInt=0
12-22 12:09:32.273  1191  3675 D AHAL: AudioStream: astream_out_set_parameters: 808: enter: usecase(0: deep-buffer-playback) kvpairs: appname=+cn.missevan
12-22 12:09:32.273  1191  3675 D AHAL: AudioStreamCustom: SetParameters: 198: SetParameters(): set app name +cn.missevan
12-22 12:09:32.273  1191  3675 D AHAL: AudioStreamCustom: platform_set_out_scenario: 20: platform_set_out_scenario
12-22 12:09:32.273  1191  3675 D AHAL: AudioStreamCustom: get_scenario: 107: app_name cn.missevan, scenario is 4
12-22 12:09:32.273  1191  3675 D AHAL: AudioStreamCustom: isSupportMisoundAsc mode is0
12-22 12:09:32.273  1191  3675 D AHAL: AudioStream: SetParameters: 2204: enter
12-22 12:09:32.273  1191  3675 I AHAL: AudioStream: SetParameters: 2213: ret 0, plugin device cont -1 stream -1
12-22 12:09:32.273  1191  3675 D AHAL: AudioStream: SetParameters: 2252: exit 0
12-22 12:09:32.273  1191  3675 D AHAL: AudioStream: astream_out_set_parameters: 825: Exit ret: 0
12-22 12:09:32.273  1411  2035 D APM_AudioPolicyManager: startOutput() output 37, stream 3, session 7593 appname cn.missevan uid 10269
12-22 12:09:32.281  1191  3675 V EffectMiSound: MiSound_command() start, cmdCode=20
12-22 12:09:32.281  1191  3675 V EffectMiSound: MiSound_Command EFFECT_CMD_OFFLOAD
12-22 12:09:32.281 18703 18703 D CompatibilityChangeReporter: Compat change id reported: 160794467; UID 10269; state: DISABLED
12-22 12:09:32.282  1191  3675 V EffectMiSound: MiSound_command() start, cmdCode=1
12-22 12:09:32.282  1191  3675 V EffectMiSound: MiSound_setConfig start
12-22 12:09:32.282  1191  3675 V EffectMiSound: MiSound_command() start, cmdCode=9
12-22 12:09:32.282  1191  3675 V EffectMiSound: MiSound_Command EFFECT_CMD_SET_DEVICE: 0x00000002
12-22 12:09:32.282  1191  3675 D MiSoundQdspGefDriver: setDevice(device=0x00000002): old device 0x00000002
12-22 12:09:32.282  1191  3675 V EffectMiSound: MiSound_command() start, cmdCode=11
12-22 12:09:32.282  1191  3675 V EffectMiSound: MiSound_Command EFFECT_CMD_SET_AUDIO_MODE: 0
12-22 12:09:32.287  1191  3675 D DlbDlbEffect: effectCommand(handle=0xb40000724c16f5e0, cmdCode=5, cmdSize=20, pCmdData=0xb40000724a422b20, replySize=4, pReplyData=0xb40000724a412d48)
12-22 12:09:32.287  1191  3675 D DlbDlbEffect: handle_EFFECT_CMD_SET_PARAM()
12-22 12:09:32.287  1191  3675 V DlbDapEffectContext: setParam() received parameter EFFECT_PARAM_SKIP_HARD_BYPASS
12-22 12:09:32.287  1191  3675 V DlbEffectQdspDap: setPreferredOffType()
12-22 12:09:32.287  1191  3675 D DlbQdspGefDriver: setPreferredOffType(type=2)
12-22 12:09:32.287  1191  3675 D DlbDlbEffect: effectCommand(handle=0xb40000724c16f5e0, cmdCode=4, cmdSize=0, pCmdData=0x0, replySize=4, pReplyData=0xb40000724a412fa0)
12-22 12:09:32.287  1191  3675 D DlbDlbEffect: handle_EFFECT_CMD_DISABLE()
12-22 12:09:32.287  1191  3675 V DlbEffectQdspDap: setEnabled()
12-22 12:09:32.287  1191  3675 V DlbEffectQdspDap: updateEnabled(enabled=0, bypassed=0)
12-22 12:09:32.287  1191  3675 D DlbQdspGefDriver: setEnabled(enable=0)
12-22 12:09:32.287  1191  3675 D DlbQdspGefDriver: setEnabled(): Skip the transient enabled state 0
12-22 12:09:32.288  1191  3675 D DlbDlbEffect: effectCommand(handle=0xb40000724c16f5e0, cmdCode=20, cmdSize=8, pCmdData=0xb40000724a412d48, replySize=4, pReplyData=0xb40000724a412fa0)
12-22 12:09:32.288  1191  3675 D DlbDlbEffect: handle_EFFECT_CMD_OFFLOAD(offload=0, ioHandle=37)
12-22 12:09:32.288  1191  3675 V EffectMiSound: MiSound_command() start, cmdCode=1
12-22 12:09:32.288  1191  3675 V EffectMiSound: MiSound_setConfig start
12-22 12:09:32.290  1191  3675 D DlbDlbEffect: effectCommand(handle=0xb40000724c16f5e0, cmdCode=1, cmdSize=112, pCmdData=0x72340030a0, replySize=4, pReplyData=0x723400311c)
12-22 12:09:32.290  1191  3675 D DlbDlbEffect: handle_EFFECT_CMD_SET_CONFIG()
12-22 12:09:32.290  1191  3675 D DlbDlbEffect: effectCommand(handle=0xb40000724c16f5e0, cmdCode=9, cmdSize=4, pCmdData=0xb40000724a412d48, replySize=4, pReplyData=0xb40000724a412fa0)
12-22 12:09:32.290  1191  3675 D DlbDlbEffect: handle_EFFECT_CMD_SET_DEVICE(device=0x00000002)
12-22 12:09:32.290  1191  3675 V DlbDapEffectContext: setDevice(00000002)
12-22 12:09:32.290  1191  3675 V DlbEffectQdspDap: setBypass(bypass = 0)
12-22 12:09:32.290  1191  3675 V DlbEffectQdspDap: setDevice()
12-22 12:09:32.290  1191  3675 D DlbQdspGefDriver: setDevice(device=0x00000002): old device 0x00000002
12-22 12:09:32.290  1235  1235 D DMSService: setActiveDevice called with device = 0x2 (original 0x2)
12-22 12:09:32.294  1191  3675 D DlbDlbEffect: effectCommand(handle=0xb40000724c16f5e0, cmdCode=11, cmdSize=4, pCmdData=0xb40000724a412d48, replySize=4, pReplyData=0xb40000724a412fa0)
12-22 12:09:32.294  1191  3675 V DlbDlbEffect: handle_EFFECT_CMD_SET_AUDIO_MODE(mode=0x00000000)
12-22 12:09:32.294  1191  3675 D DlbDlbEffect: effectCommand(handle=0xb40000724c16f5e0, cmdCode=20, cmdSize=8, pCmdData=0xb40000724a412d48, replySize=4, pReplyData=0xb40000724a412fa0)
12-22 12:09:32.294  1191  3675 D DlbDlbEffect: handle_EFFECT_CMD_OFFLOAD(offload=1, ioHandle=37)
12-22 12:09:32.295  1191  2217 D DlbDlbEffect: effectCommand(handle=0xb40000724c16f5e0, cmdCode=3, cmdSize=0, pCmdData=0x0, replySize=4, pReplyData=0xb40000724a438038)
12-22 12:09:32.295  1191  2217 D DlbDlbEffect: handle_EFFECT_CMD_ENABLE()
12-22 12:09:32.295  1191  2217 V DlbEffectQdspDap: setEnabled()
12-22 12:09:32.295  1191  2217 V DlbEffectQdspDap: updateEnabled(enabled=1, bypassed=0)
12-22 12:09:32.295  1191  2217 D DlbQdspGefDriver: setEnabled(enable=1)
12-22 12:09:32.295  1191  2217 D DlbQdspGefDriver: setEnabled(): the enabled state is already 1
12-22 12:09:32.295  1411  2035 V APM::EffectDescriptor: moveEffects session 0 srcOutput 13 dstOutput 37
12-22 12:09:32.295  1411  2035 D APM_AudioPolicyManager: getNewOutputDevices selected devices {type:0x2,@:}
12-22 12:09:32.295  1191  2217 D DlbDlbEffect: effectCommand(handle=0xb40000724c16f5e0, cmdCode=10, cmdSize=8, pCmdData=0xb40000724a438138, replySize=0, pReplyData=0x0)
12-22 12:09:32.295  1411  2035 D APM_AudioPolicyManager: setOutputDevices output 37 device {type:0x2,@:} delayMs 0 force 0 requiresMuteCheck 0
12-22 12:09:32.295  1191  2217 V DlbDlbEffect: handle_EFFECT_CMD_SET_VOLUME(vl=16777216, vr=16777216)
12-22 12:09:32.295  1411  2035 D APM_AudioPolicyManager: setOutputDevices() prevDevice {type:0x2,@:}
12-22 12:09:32.296  1411  2035 D AudioPolicyManagerCustom: checkAndSetVolume() set volumeSource 4 volume index 60 for device 0x2, volumeDb=-24.360001
12-22 12:09:32.297  1411  2034 D AudioFlingerImpl: setGameParameters keyvalue: volume_change=6;flags=8
12-22 12:09:32.297 18869 18869 I @@@BBPLOG: Info T210DF4F8 CPlayMain L102 BPSDK 3.0.0.223, 13:40:51 Dec 21 2022. CPU: ARMV8. OS
12-22 12:09:32.297  1191  2217 D AHAL: AudioDeviceCustom: SetParameters flags=8;volume_change=6
12-22 12:09:32.297  1191  2217 D AHAL: AudioDevice: SetParameters: 1420: enter: flags=8;volume_change=6
12-22 12:09:32.297  1191  2217 D AHAL: AudioVoice: VoiceSetParameters: 109: Enter params: flags=8;volume_change=6
12-22 12:09:32.297  1191  2217 D AHAL: AudioVoice: VoiceSetParameters: 330: Exit ret: 0
12-22 12:09:32.297  1191  2217 D AHAL: FM: fm_set_parameters: 263: Enter
12-22 12:09:32.297  1191  2217 D AHAL: FM: fm_set_parameters: 321: exit
12-22 12:09:32.297  1191  2217 D AHAL: Loopback_karaoke: karaoke_set_parameters: Enter
12-22 12:09:32.297  1191  2217 D AHAL: Loopback_karaoke: karaoke_set_parameters: Exit
12-22 12:09:32.297  1191  2217 D AHAL: AudioDevice: SetParameters: 2210: exit: flags=8;volume_change=6
12-22 12:09:32.305 18869 18869 I @@@BBPLOG: Info T210DF4F8 CPlayMain L265 The DataLog BUVID: XYC2BA4C0C2EA864029214D8750B032D1D354
12-22 12:09:32.305  1411 22240 E AudioFlingerImpl: open /proc/18703/cmdline error
12-22 12:09:32.305  1411 22240 I AudioFlingerImpl: setAppName(), name=[], active=[1]
12-22 12:09:32.305  1191  2217 V EffectMiSound: MiSound_command() start, cmdCode=24
12-22 12:09:32.305  1191  2217 V EffectMiSound: MiSound_Command EFFECT_CMD_SET_APP_NAME: stream=3, name=+
12-22 12:09:32.305  8079 11222 V Avrcp_ext: updateCurrentMediaState: mMediaController: MediaController (cn.missevan@5e3081) null
12-22 12:09:32.305  8079 11222 V Avrcp_ext: updateCurrentMediaState: isPlaying = false
12-22 12:09:32.305  8079 11222 W Avrcp_ext: isMusicActive: true getBluetoothPlayState: 0 A2dp State: 11 mAudioPlaybackIsActive: true
12-22 12:09:32.305  1411  2278 D AudioFlinger: PlaybackThread::ioConfigChanged, thread 0xb40000725b931b80, event 8
12-22 12:09:32.305 18703 18905 D AudioTrack: [APM]-AT reScheduleCpu() cpuSet=248 tid=18905
12-22 12:09:32.305  1411  2278 D AudioFlinger: updateWakeLockUids_l AudioOut_25 uids:10269
12-22 12:09:32.306 18703 18905 D AudioTrack: [APM]-AT reScheduleCpu() cpuSet=248 tid=18905
12-22 12:09:32.306 18869 18869 I @@@BBPLOG: Info T210DF4F8 CPlayMain L258 The DataLog UserID: 0X8BC053
12-22 12:09:32.306 18869 18869 I @@@BBPLOG: Info T210DF4F8 CPlayMain L279 The DataLog AppVer: 5.7.6
12-22 12:09:32.306 18869 18869 I @@@BBPLOG: Info T210df4f8 BBPFuncLog L123 ----CIPMng::Clear Value is 00000000 start.
12-22 12:09:32.306 18869 18869 I @@@BBPLOG: Info T210df4f8 BBPFuncLog L142 ----CIPMng::Clear leave! no return. Ussed Time: 0
12-22 12:09:32.306 18869 18869 I @@@BBPLOG: Info T210DF4F8 CPlayMain L287 The DataLog net type: 3
12-22 12:09:32.306 18869 18869 I @@@BBPLOG: Info T210DF4F8 CPlayMain L299 The DataLog app type:   6
12-22 12:09:32.306 18869 18869 I @@@BBPLOG: Info T210DF4F8 CPlayMain L272 The Session UUID: 661a2bde-f73f-4e39-bc5a-9f9f419a3ff0
12-22 12:09:32.307  8079 11222 D Avrcp_ext: isMusicActive = true mAudioPlaybackIsActive = true player state = PlaybackState {state=0, position=0, buffered position=0, speed=0.0, updated=0, actions=2363190, custom actions=[], active item id=-1, error=null}
12-22 12:09:32.308  1191 24861 D AHAL: AudioStream: AutoPerfLock: 141: (Acquired) perf_lock_handle: 0x3e3a6, count: 1
12-22 12:09:32.308  1191 24861 D AHAL: AudioDevice: GetPalDeviceIds: 2580: haldeviceIds: 1
12-22 12:09:32.308  1191 24861 D AHAL: AudioDevice: GetPalDeviceIds: 2587: Found haldeviceId: 2 and PAL Device ID 3
12-22 12:09:32.308  1191 24861 D AHAL: AudioDevice: GetPalDeviceIds: 2606: devices allocated 1, pal device ids before returning 1
12-22 12:09:32.308  1191 24861 D AHAL: AudioStreamCustom: prepareCustomDevice: 265: uses custom key for pal stream 2, device 3, key
12-22 12:09:32.308  1191 24861 V android.hardware.audio.service_64: getCurrentDate
12-22 12:09:32.308  1191 24861 V android.hardware.audio.service_64: current time is : 2022 year, 12 month, 22 daty
12-22 12:09:32.308  1191 24861 D android.hardware.audio.service_64: do not need to seed data to xlog
12-22 12:09:32.308  1191 24861 D android.hardware.audio.service_64: send_EarsCompensation_dailyuse_to_xlog
12-22 12:09:32.308  1191 24861 E android.hardware.audio.service_64: get_int_by_key: unable to get property persist.vendor.audio.scenario
12-22 12:09:32.308  1191 24861 I android.hardware.audio.service_64: get property key: persist.vendor.audio.ears.compensation.state, value: 0
12-22 12:09:32.308  1191 24861 E android.hardware.audio.service_64: the EarsCompensation is closed
12-22 12:09:32.308  1191 24861 D android.hardware.audio.service_64: get_headset_type the type is speaker
12-22 12:09:32.308  1191 24861 D android.hardware.audio.service_64: send_misound_dailyuse_to_xlog, the headset type is speaker
12-22 12:09:32.308  1191 24861 D android.hardware.audio.service_64:  send_misound_dailyuse_to_xlog: misound without usb
12-22 12:09:32.308  1191 24861 D AHAL: AudioStream: Open: 2540: Enter OutPrimary
12-22 12:09:32.308  1191 24861 D AHAL: AudioStream: Open: 2546: no_of_devices 1
12-22 12:09:32.308  1191 24861 D AHAL: AudioStream: Open: 2602: halInputFormat 6 halOutputFormat 6 palformat 21
12-22 12:09:32.308  1191 24861 D PAL: API: pal_get_param: 856: Enter:
12-22 12:09:32.308  1191 24861 D PAL: ResourceManager: getParameter: 7595: param_id=52 (PAL_PARAM_ID_HIFI_PCM_FILTER)
12-22 12:09:32.308  1191 24861 I PAL: ResourceManager: getParameter: 7730: get parameter for HIFI PCM Filter
12-22 12:09:32.308  1191 24861 D PAL: API: pal_get_param: 868: Exit, status 0
12-22 12:09:32.308  1191 24861 D AHAL: AudioStream: Open: 2662: channels 2 samplerate 48000 format id 21, stream type 2  stream bitwidth 24
12-22 12:09:32.308  1191 24861 D AHAL: AudioStream: Open: 2663: msample_rate 0 mchannels 0
12-22 12:09:32.308  1191 24861 D AHAL: AudioStream: Open: 2664: mNoOfOutDevices 1
12-22 12:09:32.308  1191 24861 D AHAL: AudioStream: Open: 2665: (0:ret)    adevice->spk_num =0
12-22 12:09:32.308  1191 24861 I PAL: API: pal_stream_open: 156: Enter, stream type:2 (PAL_STREAM_DEEP_BUFFER)
12-22 12:09:32.308  1191 24861 D PAL: Stream: create: 110: Enter.
12-22 12:09:32.308  1191 24861 D PAL: Stream: create: 154: dattr sound card is = 0x0
12-22 12:09:32.308  1191 24861 D PAL: Stream: create: 171: no custom key found
12-22 12:09:32.308  1191 24861 D PAL: ResourceManager: getDeviceInfo: 1663: enter
12-22 12:09:32.308  1191 24861 D PAL: ResourceManager: getDeviceConfig: 2296: device id 0x3 (PAL_DEVICE_OUT_SPEAKER) channels 1 samplerate 48000, bitwidth 32 format 23 SndDev speaker priority 0xffffffff
12-22 12:09:32.308  1191 24861 D PAL: Stream: create: 194: stream type 0x2 (PAL_STREAM_DEEP_BUFFER)
12-22 12:09:32.308  1191 24861 D PAL: ResourceManager: isStreamSupported: 2319: Enter. type 2
12-22 12:09:32.308  1191 24861 D PAL: StreamPCM: isBitWidthSupported: 1683: bitWidth 24
12-22 12:09:32.308  1191 24861 D PAL: StreamPCM: isSampleRateSupported: 1638: sampleRate 48000
12-22 12:09:32.308  1191 24861 D PAL: StreamPCM: isChannelSupported: 1661: numChannels 2
12-22 12:09:32.308  1191 24861 I PAL: ResourceManager: isStreamSupported: 2440: config suppported
12-22 12:09:32.308  1191 24861 D PAL: ResourceManager: isStreamSupported: 2531: Exit. result 1
12-22 12:09:32.308  1191 24861 D PAL: StreamPCM: StreamPCM: 73: Enter
12-22 12:09:32.308  1191 24861 D PAL: ResourceManager: updateDeviceConfig: 6496: Enter
12-22 12:09:32.308  1191 24861 D PAL: ResourceManager: getDeviceInfo: 1663: enter
12-22 12:09:32.308  1191 24861 I PAL: ResourceManager: getActiveStream_l: 4898: no active streams found for device 3 ret -2
12-22 12:09:32.308  1191 24861 D PAL: ResourceManager: getSharedBEActiveStreamDevs: 6012: got dev 3 (PAL_DEVICE_OUT_SPEAKER) active streams on dev is 0
12-22 12:09:32.308  1191 24861 D PAL: ResourceManager: updateSndName: 7111: Updated snd device to speaker for device PAL_DEVICE_OUT_SPEAKER
12-22 12:09:32.308  1191 24861 I PAL: Device: setDeviceAttributes: 292: DeviceAttributes for Device Id 3 (PAL_DEVICE_OUT_SPEAKER) updated
12-22 12:09:32.308  1191 24861 D PAL: ResourceManager: updateDeviceConfig: 6621: Exit
12-22 12:09:32.308  1191 24861 D PAL: ResourceManager: registerStream: 2547: Enter. stream 0xb40000724a440a00K
12-22 12:09:32.308  1191 24861 D PAL: Stream: getStreamType: 400: streamType - 2 (PAL_STREAM_DEEP_BUFFER)
12-22 12:09:32.308  1191 24861 D PAL: ResourceManager: registerStream: 2553: stream type 2 (PAL_STREAM_DEEP_BUFFER)
12-22 12:09:32.308  1191 24861 D PAL: ResourceManager: registerStream: 2691: Exit. ret 0
12-22 12:09:32.308  1191 24861 D PAL: StreamPCM: StreamPCM: 168: Exit. state 0
12-22 12:09:32.308  1191 24861 D PAL: Stream: create: 300: Exit stream 0xb40000724a440a00K create successful
12-22 12:09:32.308  1191 24861 D PAL: StreamPCM: open: 178: Enter. session handle - 0xb40000724a401c00K device count - 1
12-22 12:09:32.308  1191 24861 D PAL: SessionAlsaPcm: open: 98: Enter
12-22 12:09:32.308  1191 24861 D PAL: Stream: getAssociatedDevices: 492: no. of devices 1
12-22 12:09:32.308  1191 24861 D PAL: ResourceManager: getBackEndNames: 6086: getBackEndNames (RX): MI2S-LPAIF-RX-PRIMARY
12-22 12:09:32.308  1191 24861 D PAL: ResourceManager: getVirtualAudioMixer: 3411: ar 0xb40000724a401c48K audio_virt_mixer 0xb40000724c17f1c0K
12-22 12:09:32.308  1191 24861 I PAL: ResourceManager: allocateFrontEndIds: 5647: allocateFrontEndIds: front end 117
12-22 12:09:32.308  1191 24861 D PAL: SessionAlsaUtils: open: 352: Entry
12-22 12:09:32.308  1191 24861 D PAL: Stream: getAssociatedDevices: 492: no. of devices 1
12-22 12:09:32.308  1191 24861 D PAL: PayloadBuilder: populateStreamKV: 2574: enter
12-22 12:09:32.308  1191 24861 I PAL: PayloadBuilder: populateStreamKV: 2588: stream type 2 (PAL_STREAM_DEEP_BUFFER)
12-22 12:09:32.308  1191 24861 D PAL: PayloadBuilder: retrieveSelectors: 2543: Enter: size_of_all :21 type:2
12-22 12:09:32.308  1191 24861 D PAL: PayloadBuilder: isIdTypeAvailable: 2533: idtype :2 passed type :2
12-22 12:09:32.308  1191 24861 D PAL: PayloadBuilder: retrieveSelectors: 2548: KeysAndValues_size: 5
12-22 12:09:32.308  1191 24861 D PAL: PayloadBuilder: retrieveSelectors: 2561: gkv_selectors: Direction
12-22 12:09:32.308  1191 24861 D PAL: PayloadBuilder: retrieveSelectors: 2561: gkv_selectors: Instance
12-22 12:09:32.308  1191 24861 D PAL: PayloadBuilder: getSelectorValues: 2383: Enter
12-22 12:09:32.308  1191 24861 D PAL: PayloadBuilder: getSelectorValues: 2404: selectors_strings :Direction
12-22 12:09:32.308  1191 24861 I PAL: PayloadBuilder: getSelectorValues: 2416: Direction: 1
12-22 12:09:32.308  1191 24861 D PAL: PayloadBuilder: getSelectorValues: 2404: selectors_strings :Instance
12-22 12:09:32.308  1191 24861 I PAL: PayloadBuilder: getSelectorValues: 2432: Instance: 1
12-22 12:09:32.308  1191 24861 D PAL: PayloadBuilder: getSelectorValues: 2516: Exit
12-22 12:09:32.308  1191 24861 D PAL: PayloadBuilder: retrieveKVs: 2338: Enter
12-22 12:09:32.308  1191 24861 D PAL: PayloadBuilder: isIdTypeAvailable: 2533: idtype :2 passed type :2
12-22 12:09:32.308  1191 24861 D PAL: PayloadBuilder: compareSelectorPairs: 2258: Enter: selector size: 2 filled_sel size: 2
12-22 12:09:32.308  1191 24861 D PAL: PayloadBuilder: compareSelectorPairs: 2265: Return True
12-22 12:09:32.308  1191 24861 D PAL: PayloadBuilder: compareSelectorPairs: 2284: Exit result: 1
12-22 12:09:32.308  1191 24861 I PAL: PayloadBuilder: findKVs: 2306: key: 0xa1000000 value: 0xa1000001
12-22 12:09:32.308  1191 24861 I PAL: PayloadBuilder: findKVs: 2306: key: 0xab000000 value: 0x1
12-22 12:09:32.308  1191 24861 D PAL: PayloadBuilder: retrieveKVs: 2342: KVs found for the stream type/dev id: 2
12-22 12:09:32.308  1191 24861 D PAL: PayloadBuilder: retrieveKVs: 2368: Exit, status 0
12-22 12:09:32.308  1191 24861 D PAL: PayloadBuilder: populateStreamCkv: 2891: Enter
12-22 12:09:32.308  1191 24861 D PAL: PayloadBuilder: populateStreamCkv: 2922: Entered default a4000000 f
12-22 12:09:32.308  1191 24861 D PAL: PayloadBuilder: populateStreamCkv: 2927: Exit, status 0
12-22 12:09:32.308  1191 24861 D PAL: ResourceManager: getVirtualAudioMixer: 3411: ar 0x722d9c7600K audio_virt_mixer 0xb40000724c17f1c0K
12-22 12:09:32.308  1191 24861 D PAL: SessionAlsaUtils: getFeMixerControl: 309: mixer control PCM117 control
12-22 12:09:32.308  1191 24861 D PAL: SessionAlsaUtils: getFeMixerControl: 309: mixer control PCM117 metadata
12-22 12:09:32.308  1191 24861 D PAL: SessionAlsaUtils: getFeMixerControl: 309: mixer control PCM117 connect
12-22 12:09:32.309  1191 24861 E PLUGIN: mixer: amp_pcm_mtd_control_put: 1085 pcm id 117, idx 8, value 0
12-22 12:09:32.309  1191 24861 D PAL: Stream: getSoundCardId: 536: sound card id = 0x0
12-22 12:09:32.309  1191 24861 I PAL: PayloadBuilder: populateDeviceKV: 2702: Enter device id:3 (PAL_DEVICE_OUT_SPEAKER)
12-22 12:09:32.309  1191 24861 D PAL: PayloadBuilder: retrieveSelectors: 2543: Enter: size_of_all :25 type:3
12-22 12:09:32.309  1191 24861 D PAL: PayloadBuilder: isIdTypeAvailable: 2533: idtype :3 passed type :3
12-22 12:09:32.309  1191 24861 D PAL: PayloadBuilder: retrieveSelectors: 2548: KeysAndValues_size: 1
12-22 12:09:32.309  1191 24861 D PAL: PayloadBuilder: retrieveKVs: 2338: Enter
12-22 12:09:32.309  1191 24861 D PAL: PayloadBuilder: isIdTypeAvailable: 2533: idtype :3 passed type :3
12-22 12:09:32.309  1191 24861 I PAL: PayloadBuilder: findKVs: 2319: key: 0xa2000000 value: 0xa2000001
12-22 12:09:32.309  1191 24861 D PAL: PayloadBuilder: retrieveKVs: 2342: KVs found for the stream type/dev id: 3
12-22 12:09:32.309  1191 24861 D PAL: PayloadBuilder: retrieveKVs: 2368: Exit, status 0
12-22 12:09:32.309  1191 24861 I PAL: PayloadBuilder: populateDeviceKV: 2730: Exit device id:3 (PAL_DEVICE_OUT_SPEAKER), status 0
12-22 12:09:32.309  1191 24861 D PAL: PayloadBuilder: populateDevicePPKV: 2841: Enter
12-22 12:09:32.309  1191 24861 I PAL: PayloadBuilder: populateDevicePPKV: 2845: Rx device id:3 (PAL_DEVICE_OUT_SPEAKER)
12-22 12:09:32.309  1191 24861 D PAL: PayloadBuilder: retrieveSelectors: 2543: Enter: size_of_all :18 type:3
12-22 12:09:32.309  1191 24861 D PAL: PayloadBuilder: isIdTypeAvailable: 2533: idtype :3 passed type :3
12-22 12:09:32.309  1191 24861 D PAL: PayloadBuilder: retrieveSelectors: 2548: KeysAndValues_size: 6
12-22 12:09:32.309  1191 24861 D PAL: PayloadBuilder: retrieveSelectors: 2561: gkv_selectors: StreamType
12-22 12:09:32.309  1191 24861 D PAL: PayloadBuilder: retrieveSelectors: 2561: gkv_selectors: CustomConfig
12-22 12:09:32.309  1191 24861 D PAL: PayloadBuilder: retrieveSelectors: 2561: gkv_selectors: SubType
12-22 12:09:32.309  1191 24861 D PAL: PayloadBuilder: getSelectorValues: 2383: Enter
12-22 12:09:32.309  1191 24861 D PAL: PayloadBuilder: getSelectorValues: 2404: selectors_strings :StreamType
12-22 12:09:32.309  1191 24861 I PAL: PayloadBuilder: getSelectorValues: 2486: stream type: 2
12-22 12:09:32.309  1191 24861 D PAL: PayloadBuilder: getSelectorValues: 2404: selectors_strings :CustomConfig
12-22 12:09:32.309  1191 24861 D PAL: PayloadBuilder: getSelectorValues: 2404: selectors_strings :SubType
12-22 12:09:32.309  1191 24861 D PAL: PayloadBuilder: getSelectorValues: 2516: Exit
12-22 12:09:32.309  1191 24861 D PAL: PayloadBuilder: retrieveKVs: 2338: Enter
12-22 12:09:32.309  1191 24861 D PAL: PayloadBuilder: isIdTypeAvailable: 2533: idtype :3 passed type :3
12-22 12:09:32.309  1191 24861 D PAL: PayloadBuilder: compareSelectorPairs: 2258: Enter: selector size: 5 filled_sel size: 1
12-22 12:09:32.309  1191 24861 D PAL: PayloadBuilder: compareSelectorPairs: 2273: Inside the find loop count=1
12-22 12:09:32.309  1191 24861 D PAL: PayloadBuilder: compareSelectorPairs: 2276: After find count:1
12-22 12:09:32.309  1191 24861 D PAL: PayloadBuilder: compareSelectorPairs: 2279: Return True
12-22 12:09:32.309  1191 24861 D PAL: PayloadBuilder: compareSelectorPairs: 2284: Exit result: 1
12-22 12:09:32.309  1191 24861 I PAL: PayloadBuilder: findKVs: 2306: key: 0xa2000000 value: 0xa2000001
12-22 12:09:32.309  1191 24861 I PAL: PayloadBuilder: findKVs: 2306: key: 0xac000000 value: 0xac000002
12-22 12:09:32.309  1191 24861 D PAL: PayloadBuilder: retrieveKVs: 2342: KVs found for the stream type/dev id: 3
12-22 12:09:32.309  1191 24861 D PAL: PayloadBuilder: retrieveKVs: 2368: Exit, status 0
12-22 12:09:32.309  1191 24861 D PAL: PayloadBuilder: populateDevicePPKV: 2877: Exit, status: 0
12-22 12:09:32.309  1191 24861 D PAL: PayloadBuilder: populateDevicePPCkv: 2939: Enter
12-22 12:09:32.309  1191 24861 D PAL: Stream: getAssociatedDevices: 492: no. of devices 1
12-22 12:09:32.309  1191 24861 I PAL: PayloadBuilder: populateDevicePPCkv: 2986: SpeakerProt Status[1], RAS Status[0]
12-22 12:09:32.309  1191 24861 D PAL: PayloadBuilder: populateDevicePPCkv: 3005: Entered default d2000000 0
12-22 12:09:32.309  1191 24861 D PAL: PayloadBuilder: populateDevicePPCkv: 3021: Exit, status 0
12-22 12:09:32.309  1191 24861 D PAL: SessionAlsaUtils: open: 462: Speaker protection enabled
12-22 12:09:32.309  1191 24861 D PAL: Stream: getVolumeData: 574: num config 1
12-22 12:09:32.309  1191 24861 D PAL: Stream: getAssociatedDevices: 492: no. of devices 1
12-22 12:09:32.309  1191 24861 D PAL: PayloadBuilder: populateCalKeyVector: 3137: Mono channel speaker
12-22 12:09:32.309  1191 24861 D PAL: SessionAlsaUtils: getBeMixerControl: 319: mixer control MI2S-LPAIF-RX-PRIMARY metadata
12-22 12:09:32.309  1191 24861 E PLUGIN: mixer: amp_pcm_mtd_control_put: 1085 pcm id 117, idx 8, value 9
12-22 12:09:32.309  8079 11222 I Avrcp_ext: Skipping update due to invalid playback state
12-22 12:09:32.309  1243  8486 D agm_server_wrapper: Aif id 15 already added to session list of 117
12-22 12:09:32.309  1191 24861 D PAL: SessionAlsaUtils: open: 532: Exit, status 0
12-22 12:09:32.309  1191 24861 D PAL: ResourceManager: registerMixerEventCallback: 3972: callback exists for pcm id 117, overwrite
12-22 12:09:32.309  1191 24861 D PAL: SessionAlsaPcm: open: 230: Exit status: 0
12-22 12:09:32.309  1191 24861 D PAL: ResourceManager: getPALDeviceName: 6666: id 3 (PAL_DEVICE_OUT_SPEAKER)
12-22 12:09:32.309  1191 24861 I PAL: Device: open: 367: Enter. deviceCount 0 for device id 3 (PAL_DEVICE_OUT_SPEAKER)
12-22 12:09:32.309  1191 24861 D PAL: ResourceManager: getVirtualAudioMixer: 3411: ar 0x722d9c8208K audio_virt_mixer 0xb40000724c17f1c0K
12-22 12:09:32.309  1191 24861 D PAL: SessionAlsaUtils: getBeMixerControl: 319: mixer control MI2S-LPAIF-RX-PRIMARY rate ch fmt
12-22 12:09:32.309  1191 24861 I PAL: SessionAlsaUtils: setDeviceMediaConfig: 950: MI2S-LPAIF-RX-PRIMARY rate ch fmt data_fmt 48000 1 10 1
12-22 12:09:32.309  1191 24861 D PAL: ResourceManager: getAudioRoute: 3400: ar 0xb40000724c18b150K audio_route 0xb40000724c155ab0K
12-22 12:09:32.309  1191 24861 D PAL: Device: open: 391: audio_route 0xb40000724c155ab0K SND device name speaker
12-22 12:09:32.309  1191 24861 D audio_route: Apply path: speaker
12-22 12:09:32.309  1191 24861 E audio_route: Path: speaker, length: 1
12-22 12:09:32.309  1191 24861 E audio_route:   id=0: ctl=aw_dev_0_switch
12-22 12:09:32.309  1191 24861 E audio_route:     id=0 value=1
12-22 12:09:32.310  1191 24861 I PAL: Device: open: 413: Exit. deviceCount 1 for device id 3 (PAL_DEVICE_OUT_SPEAKER), exit status: 0
12-22 12:09:32.310  1191 24861 D PAL: StreamPCM: open: 259: streamLL opened. state 1
12-22 12:09:32.310  1191 24861 D PAL: StreamPCM: open: 272: Exit ret 0
12-22 12:09:32.310  1191 24861 D PAL: API: notify_concurrent_stream: 70: Notify concurrent stream type 2, direction 1, active 1
12-22 12:09:32.310  1191 24861 D PAL: ResourceManager: HandleConcurrencyForSoundTriggerStreams: 4428: Enter, stream type 2 (PAL_STREAM_DEEP_BUFFER), direction 1, active 1
12-22 12:09:32.310  1191 24861 I PAL: ResourceManager: GetConcurrencyInfo: 4283: stream type 2 (PAL_STREAM_DEEP_BUFFER) Tx conc 0, Rx conc 1, concurrency allowed
12-22 12:09:32.310  1191 24861 I PAL: ResourceManager: GetConcurrencyInfo: 4283: stream type 2 (PAL_STREAM_DEEP_BUFFER) Tx conc 0, Rx conc 1, concurrency allowed
12-22 12:09:32.310  1191 24861 I PAL: ResourceManager: GetConcurrencyInfo: 4283: stream type 2 (PAL_STREAM_DEEP_BUFFER) Tx conc 0, Rx conc 1, concurrency allowed
12-22 12:09:32.310  1191 24861 D PAL: ResourceManager: HandleDetectionStreamAction: 4156: Enter
12-22 12:09:32.310  1191 24861 D PAL: ResourceManager: isStreamActive: 2863: Enter.
12-22 12:09:32.310  1191 24861 D PAL: ResourceManager: isStreamActive: 2870: Exit, ret 1
12-22 12:09:32.310  1191 24861 D PAL: ResourceManager: HandleDetectionStreamAction: 4214: Exit, status 0
12-22 12:09:32.310  1191 24861 D PAL: ResourceManager: HandleDetectionStreamAction: 4156: Enter
12-22 12:09:32.310  1191 24861 D PAL: ResourceManager: isStreamActive: 2863: Enter.
12-22 12:09:32.310  1191 24861 D PAL: ResourceManager: isStreamActive: 2870: Exit, ret 1
12-22 12:09:32.310  1191 24861 D PAL: ResourceManager: HandleDetectionStreamAction: 4214: Exit, status 0
12-22 12:09:32.310  1191 24861 D PAL: ResourceManager: HandleDetectionStreamAction: 4156: Enter
12-22 12:09:32.310  1191 24861 D PAL: ResourceManager: isStreamActive: 2863: Enter.
12-22 12:09:32.310  1191 24861 D PAL: ResourceManager: isStreamActive: 2870: Exit, ret 1
12-22 12:09:32.310  1191 24861 D PAL: ResourceManager: HandleDetectionStreamAction: 4214: Exit, status 0
12-22 12:09:32.310  1191 24861 D PAL: ResourceManager: handleConcurrentStreamSwitch: 4347: No ST session active, reset capture profile
12-22 12:09:32.310  1191 24861 D PAL: ResourceManager: handleConcurrentStreamSwitch: 4358: stop/unload stream type 17 (PAL_STREAM_VOICE_UI)
12-22 12:09:32.310  1191 24861 D PAL: ResourceManager: HandleDetectionStreamAction: 4156: Enter
12-22 12:09:32.310  1191 24861 D PAL: ResourceManager: isStreamActive: 2863: Enter.
12-22 12:09:32.310  1191 24861 D PAL: ResourceManager: isStreamActive: 2870: Exit, ret 1
12-22 12:09:32.310  1191 24861 D PAL: ResourceManager: HandleDetectionStreamAction: 4214: Exit, status 0
12-22 12:09:32.310  1191 24861 D PAL: ResourceManager: handleConcurrentStreamSwitch: 4358: stop/unload stream type 23 (PAL_STREAM_ACD)
12-22 12:09:32.310  1191 24861 D PAL: ResourceManager: HandleDetectionStreamAction: 4156: Enter
12-22 12:09:32.310  1191 24861 D PAL: ResourceManager: isStreamActive: 2863: Enter.
12-22 12:09:32.310  1191 24861 D PAL: ResourceManager: isStreamActive: 2870: Exit, ret 1
12-22 12:09:32.310  1191 24861 D PAL: ResourceManager: HandleDetectionStreamAction: 4214: Exit, status 0
12-22 12:09:32.310  1191 24861 D PAL: ResourceManager: handleConcurrentStreamSwitch: 4358: stop/unload stream type 25 (PAL_STREAM_SENSOR_PCM_DATA)
12-22 12:09:32.310  1191 24861 D PAL: ResourceManager: HandleDetectionStreamAction: 4156: Enter
12-22 12:09:32.310  1191 24861 D PAL: ResourceManager: isStreamActive: 2863: Enter.
12-22 12:09:32.310  1191 24861 D PAL: ResourceManager: isStreamActive: 2870: Exit, ret 1
12-22 12:09:32.310  1191 24861 D PAL: ResourceManager: HandleDetectionStreamAction: 4214: Exit, status 0
12-22 12:09:32.310  1191 24861 D PAL: ResourceManager: handleConcurrentStreamSwitch: 4366: load/start stream type 17 (PAL_STREAM_VOICE_UI)
12-22 12:09:32.310  1191 24861 D PAL: ResourceManager: HandleDetectionStreamAction: 4156: Enter
12-22 12:09:32.310  1191 24861 D PAL: ResourceManager: isStreamActive: 2863: Enter.
12-22 12:09:32.310  1191 24861 D PAL: ResourceManager: isStreamActive: 2870: Exit, ret 1
12-22 12:09:32.310  1191 24861 D PAL: ResourceManager: HandleDetectionStreamAction: 4214: Exit, status 0
12-22 12:09:32.310  1191 24861 D PAL: ResourceManager: handleConcurrentStreamSwitch: 4366: load/start stream type 23 (PAL_STREAM_ACD)
12-22 12:09:32.310  1191 24861 D PAL: ResourceManager: HandleDetectionStreamAction: 4156: Enter
12-22 12:09:32.310  1191 24861 D PAL: ResourceManager: isStreamActive: 2863: Enter.
12-22 12:09:32.310  1191 24861 D PAL: ResourceManager: isStreamActive: 2870: Exit, ret 1
12-22 12:09:32.310  1191 24861 D PAL: ResourceManager: HandleDetectionStreamAction: 4214: Exit, status 0
12-22 12:09:32.310  1191 24861 D PAL: ResourceManager: handleConcurrentStreamSwitch: 4366: load/start stream type 25 (PAL_STREAM_SENSOR_PCM_DATA)
12-22 12:09:32.310  1191 24861 D PAL: ResourceManager: HandleDetectionStreamAction: 4156: Enter
12-22 12:09:32.310  1191 24861 D PAL: ResourceManager: isStreamActive: 2863: Enter.
12-22 12:09:32.310  1191 24861 D PAL: ResourceManager: isStreamActive: 2870: Exit, ret 1
12-22 12:09:32.310  1191 24861 D PAL: ResourceManager: HandleDetectionStreamAction: 4214: Exit, status 0
12-22 12:09:32.310  1191 24861 D PAL: ResourceManager: HandleConcurrencyForSoundTriggerStreams: 4484: Exit
12-22 12:09:32.310  1191 24861 I PAL: API: pal_stream_open: 194: Exit. Value of stream_handle 0xb40000724a440a00K, status 0
12-22 12:09:32.310  1191 24861 D AHAL: AudioStream: Open: 2676: (0:ret)
12-22 12:09:32.310  1191 24861 D AHAL: AudioStream: GetBufferSize: 2496: type 2
12-22 12:09:32.310  1191 24861 D AHAL: AudioStream: Open: 2794: fragment_size_ 11520 fragments_ 2
12-22 12:09:32.310  1191 24861 D PAL: API: pal_stream_set_buffer_size: 604: Enter. Stream handle :0xb40000724a440a00K
12-22 12:09:32.310  1191 24861 D PAL: Stream: setBufInfo: 616: Out Buffer size 11520 and Out Buffer count 2 metaData sz 0
12-22 12:09:32.310  1191 24861 D PAL: Stream: setBufInfo: 630: no of buf 2 and send buf 11520
12-22 12:09:32.310  1191 24861 D PAL: API: pal_stream_set_buffer_size: 612: Exit. status 0
12-22 12:09:32.310  1191 24861 D AHAL: AudioStream: Open: 2824: Exit ret: 0
12-22 12:09:32.310  1191 24861 D AHAL: AudioStream: ~AutoPerfLock: 151: (release) perf_lock_handle: 0x3e3a6, count: 1
12-22 12:09:32.310  1191 24861 D AHAL: AudioStream: ~AutoPerfLock: 155: Releasing perf_lock_handle: 0x3e3a6
12-22 12:09:32.310  8079 11222 V Avrcp_ext: updatePlaybackState, state: PlaybackState {state=0, position=0, buffered position=0, speed=0.0, updated=0, actions=2363190, custom actions=[], active item id=-1, error=null} device: null
12-22 12:09:32.310  8079 11222 V Avrcp_ext: Device: no name:
12-22 12:09:32.310  8079 11222 V Avrcp_ext: Device: no name:
12-22 12:09:32.310  8079 11222 V Avrcp_ext: Device: no name:
12-22 12:09:32.310  8079 11222 V Avrcp_ext: Device: no name:
12-22 12:09:32.310  8079 11222 V Avrcp_ext: Device: no name:
12-22 12:09:32.310  8079 11222 V Avrcp_ext: updatePlayerStateAndPosition, old=PlaybackState {state=0, position=0, buffered position=0, speed=0.0, updated=0, actions=2363190, custom actions=[], active item id=-1, error=null}, state=PlaybackState {state=0, position=0, buffered position=0, speed=0.0, updated=0, actions=2363190, custom actions=[], active item id=-1, error=null}
12-22 12:09:32.310  8079 11222 V Avrcp_ext: old state = PlaybackState {state=0, position=0, buffered position=0, speed=0.0, updated=0, actions=2363190, custom actions=[], active item id=-1, error=null}, new state= PlaybackState {state=0, position=0, buffered position=0, speed=0.0, updated=0, actions=2363190, custom actions=[], active item id=-1, error=null}
12-22 12:09:32.310  8079 11222 D HeadsetService: getHeadsetService(): returning com.android.bluetooth.hfp.HeadsetService@edaeae5
12-22 12:09:32.310  8079 11222 D HeadsetService:  isAudioOn: The number of audio connected devices 0
12-22 12:09:32.310  8079 11222 D HeadsetService: isScoOrCallActive(): Call Active:falseCall is Ringing:falseSCO is Active:false
12-22 12:09:32.310  8079 11222 D HeadsetService:  isAudioOn: The number of audio connected devices 0
12-22 12:09:32.310  8079 11222 I Avrcp_ext: updatePlayStatusForDevice: device: null
12-22 12:09:32.310  8079 11222 V Avrcp_ext: updatePlaybackState (1): old=PlaybackState {state=0, position=0, buffered position=0, speed=0.0, updated=0, actions=2363190, custom actions=[], active item id=-1, error=null}(0), new=PlaybackState {state=0, position=0, buffered position=0, speed=0.0, updated=0, actions=2363190, custom actions=[], active item id=-1, error=null}(0)
12-22 12:09:32.310  8079 11222 I Avrcp_ext: Exit updatePlayStatusForDevice
12-22 12:09:32.310  8079 11222 D HeadsetService:  isAudioOn: The number of audio connected devices 0
12-22 12:09:32.310  8079 11222 D HeadsetService: isScoOrCallActive(): Call Active:falseCall is Ringing:falseSCO is Active:false
12-22 12:09:32.310  8079 11222 D HeadsetService:  isAudioOn: The number of audio connected devices 0
12-22 12:09:32.310  8079 11222 I Avrcp_ext: updatePlayStatusForDevice: device: null
12-22 12:09:32.311  8079 11222 V Avrcp_ext: updatePlaybackState (1): old=PlaybackState {state=0, position=0, buffered position=0, speed=0.0, updated=0, actions=2363190, custom actions=[], active item id=-1, error=null}(0), new=PlaybackState {state=0, position=0, buffered position=0, speed=0.0, updated=0, actions=2363190, custom actions=[], active item id=-1, error=null}(0)
12-22 12:09:32.311  8079 11222 I Avrcp_ext: Exit updatePlayStatusForDevice
12-22 12:09:32.311  8079 11222 D HeadsetService:  isAudioOn: The number of audio connected devices 0
12-22 12:09:32.311  8079 11222 D HeadsetService: isScoOrCallActive(): Call Active:falseCall is Ringing:falseSCO is Active:false
12-22 12:09:32.311  8079 11222 D HeadsetService:  isAudioOn: The number of audio connected devices 0
12-22 12:09:32.311  8079 11222 I Avrcp_ext: updatePlayStatusForDevice: device: null
12-22 12:09:32.311  8079 11222 V Avrcp_ext: updatePlaybackState (1): old=PlaybackState {state=0, position=0, buffered position=0, speed=0.0, updated=0, actions=2363190, custom actions=[], active item id=-1, error=null}(0), new=PlaybackState {state=0, position=0, buffered position=0, speed=0.0, updated=0, actions=2363190, custom actions=[], active item id=-1, error=null}(0)
12-22 12:09:32.311  8079 11222 I Avrcp_ext: Exit updatePlayStatusForDevice
12-22 12:09:32.311  8079 11222 D HeadsetService:  isAudioOn: The number of audio connected devices 0
12-22 12:09:32.311  8079 11222 D HeadsetService: isScoOrCallActive(): Call Active:falseCall is Ringing:falseSCO is Active:false
12-22 12:09:32.311  8079 11222 D HeadsetService:  isAudioOn: The number of audio connected devices 0
12-22 12:09:32.311  8079 11222 I Avrcp_ext: updatePlayStatusForDevice: device: null
12-22 12:09:32.311  8079 11222 V Avrcp_ext: updatePlaybackState (1): old=PlaybackState {state=0, position=0, buffered position=0, speed=0.0, updated=0, actions=2363190, custom actions=[], active item id=-1, error=null}(0), new=PlaybackState {state=0, position=0, buffered position=0, speed=0.0, updated=0, actions=2363190, custom actions=[], active item id=-1, error=null}(0)
12-22 12:09:32.311  8079 11222 I Avrcp_ext: Exit updatePlayStatusForDevice
12-22 12:09:32.311  8079 11222 D HeadsetService:  isAudioOn: The number of audio connected devices 0
12-22 12:09:32.311  8079 11222 D HeadsetService: isScoOrCallActive(): Call Active:falseCall is Ringing:falseSCO is Active:false
12-22 12:09:32.311  8079 11222 D HeadsetService:  isAudioOn: The number of audio connected devices 0
12-22 12:09:32.311  8079 11222 I Avrcp_ext: updatePlayStatusForDevice: device: null
12-22 12:09:32.311  8079 11222 V Avrcp_ext: updatePlaybackState (1): old=PlaybackState {state=0, position=0, buffered position=0, speed=0.0, updated=0, actions=2363190, custom actions=[], active item id=-1, error=null}(0), new=PlaybackState {state=0, position=0, buffered position=0, speed=0.0, updated=0, actions=2363190, custom actions=[], active item id=-1, error=null}(0)
12-22 12:09:32.311  8079 11222 I Avrcp_ext: Exit updatePlayStatusForDevice
12-22 12:09:32.311  8079 11222 D Avrcp_ext: Enter sendPlayPosNotificationRsp
12-22 12:09:32.311  8079 11222 D Avrcp_ext: sendPlayPosNotificationRsp: Not registered or requesting.
12-22 12:09:32.311  8079 11222 D Avrcp_ext: Enter sendPlayPosNotificationRsp
12-22 12:09:32.311  8079 11222 D Avrcp_ext: sendPlayPosNotificationRsp: Not registered or requesting.
12-22 12:09:32.311  8079 11222 D Avrcp_ext: Enter sendPlayPosNotificationRsp
12-22 12:09:32.311  8079 11222 D Avrcp_ext: sendPlayPosNotificationRsp: Not registered or requesting.
12-22 12:09:32.311  8079 11222 D Avrcp_ext: Enter sendPlayPosNotificationRsp
12-22 12:09:32.311  8079 11222 D Avrcp_ext: sendPlayPosNotificationRsp: Not registered or requesting.
12-22 12:09:32.311  8079 11222 D Avrcp_ext: Enter sendPlayPosNotificationRsp
12-22 12:09:32.311  8079 11222 D Avrcp_ext: sendPlayPosNotificationRsp: Not registered or requesting.
12-22 12:09:32.311  8079 11222 V Avrcp_ext: Exit updatePlayerStateAndPosition
12-22 12:09:32.311  1191 24861 D AHAL: AudioStream: AutoPerfLock: 141: (Acquired) perf_lock_handle: 0x3e3a7, count: 1
12-22 12:09:32.311  1191 24861 I PAL: API: pal_stream_start: 256: Enter. Stream handle 0xb40000724a440a00K
12-22 12:09:32.311  1191 24861 D PAL: StreamPCM: start: 361: Enter. session handle - 0xb40000724a401c00K mStreamAttr->direction - 1 state 1 (STREAM_INIT)
12-22 12:09:32.311  1191 24861 E PAL: StreamPCM: start: 389: Rx device id is 3 (PAL_DEVICE_OUT_SPEAKER)
12-22 12:09:32.311  1191 24861 D PAL: SpeakerProtection: start: 2212: Enter
12-22 12:09:32.311  1191 24861 D PAL: SpeakerProtection: spkrProtProcessingMode: 1354: Flag 1
12-22 12:09:32.311  1191 24861 D PAL: SpeakerProtection: spkrProtProcessingMode: 1382: Custom payload size 0, Payload 0x0
12-22 12:09:32.311  1191 24861 D PAL: SpeakerProtection: spkrProtSetSpkrStatus: 154: Enter
12-22 12:09:32.311  1191 24861 D PAL: SpeakerProtection: spkrProtSetSpkrStatus: 164: Exit
