12-22 12:09:21.592 18567 18600 I appium  : [585665951 (success)] Synthesized: MotionEvent { action=ACTION_MOVE, actionButton=0, id[0]=0, x[0]=722.7692, y[0]=1353.0, toolType[0]=TOOL_TYPE_FINGER, buttonState=0, classification=NONE, metaState=0, flags=0x0, edgeFlags=0x0, pointerCount=1, historySize=0, eventTime=585665951, downTime=585665229, deviceId=0, source=0x1002, displayId=0, eventId=-78957784 }
12-22 12:09:21.615 17367 17367 I HandWritingStubImpl: isKeyboardTypeChanged: false
12-22 12:09:21.617 18567 18600 I appium  : [585665970 (success)] Synthesized: MotionEvent { action=ACTION_MOVE, actionButton=0, id[0]=0, x[0]=756.0, y[0]=1353.0, toolType[0]=TOOL_TYPE_FINGER, buttonState=0, classification=NONE, metaState=0, flags=0x0, edgeFlags=0x0, pointerCount=1, historySize=0, eventTime=585665970, downTime=585665229, deviceId=0, source=0x1002, displayId=0, eventId=-775263951 }
12-22 12:09:21.622  2475  2489 D MIUIInput: Input event injection from pid 18552, MotionEvent: UP
12-22 12:09:21.622  2475  3037 D MIUIInput: [MotionEvent] publisher action=0x1, 585665989, channel 'd9dd20c cn.missevan/cn.missevan.activity.MainActivity (server)'
12-22 12:09:21.631 17367 17367 I HandWritingStubImpl: isKeyboardTypeChanged: false
12-22 12:09:21.637 18567 18600 I appium  : [585665989 (success)] Synthesized: MotionEvent { action=ACTION_UP, actionButton=0, id[0]=0, x[0]=756.0, y[0]=1353.0, toolType[0]=TOOL_TYPE_FINGER, buttonState=0, classification=NONE, metaState=0, flags=0x0, edgeFlags=0x0, pointerCount=1, historySize=0, eventTime=585665989, downTime=585665229, deviceId=0, source=0x1002, displayId=0, eventId=-327624449 }
12-22 12:09:21.639 17367 17367 I HandWritingStubImpl: isKeyboardTypeChanged: false
12-22 12:09:21.643 18567 18600 I appium  : AppiumResponse: {"sessionId":"53e6c0c2-ec4f-48a8-8c08-30c2d1077e58","value":null}
12-22 12:09:21.648 17367 17367 I HandWritingStubImpl: isKeyboardTypeChanged: false
12-22 12:09:21.656 17367 17367 I HandWritingStubImpl: isKeyboardTypeChanged: false
12-22 12:09:21.664 17367 17367 I HandWritingStubImpl: isKeyboardTypeChanged: false
12-22 12:09:21.672 17367 17367 I HandWritingStubImpl: isKeyboardTypeChanged: false
12-22 12:09:21.680 17367 17367 I HandWritingStubImpl: isKeyboardTypeChanged: false
12-22 12:09:21.689 17367 17367 I HandWritingStubImpl: isKeyboardTypeChanged: false
12-22 12:09:21.697 17367 17367 I HandWritingStubImpl: isKeyboardTypeChanged: false
12-22 12:09:21.705 17367 17367 I HandWritingStubImpl: isKeyboardTypeChanged: false
12-22 12:09:21.713 17367 17367 I HandWritingStubImpl: isKeyboardTypeChanged: false
12-22 12:09:21.721 17367 17367 I HandWritingStubImpl: isKeyboardTypeChanged: false
12-22 12:09:21.727  1251  2448 I vendor.qti.hardware.display.composer-service: FrameNotifyProcess Sensor: notify citsensorservice to trigger cwb
12-22 12:09:21.728  2027  2097 I libcitsensorservice@2.0-impl: msg_transfer
12-22 12:09:21.728  2027  3266 D vendor.xiaomi.sensor.citsensorservice@2.0-service: handle id:10 wxh:1280x2400 uwxuh:1080x2400 size: 9216000 fd:15 fd_meta:16 flags:0x4000228 usage:0x33  format:0x3 layer_count: 1
12-22 12:09:21.728  1251  2216 I SDM     : HWCSession::SetCWBOutputBuffer: CWB config passed by cwb_client : tappoint 1  CWB_ROI : (829.000000 4.000000 915.000000 90.000000)
12-22 12:09:21.729  1251 18621 I SDM     : HWCSession::ProcessRequests: Successfully configured CWB buffer.
12-22 12:09:21.730 17367 17367 I HandWritingStubImpl: isKeyboardTypeChanged: false
12-22 12:09:21.738 17367 17367 I HandWritingStubImpl: isKeyboardTypeChanged: false
12-22 12:09:21.741  1251 18621 I SDM     : HWCSession::ProcessRequests: Pushing release fence in fenece wait queue.
12-22 12:09:21.741  1251 18621 I SDM     : HWCSession::ProcessRequests: Creating AsyncFenceWaits async thread.
12-22 12:09:21.742  1251 18621 I SDM     : HWCSession::ProcessRequests: Remove current CWB request from the pending request queue.
12-22 12:09:21.742  1251 18621 I SDM     : HWCSession::ProcessRequests: No pending cwb requests found in the queue.
12-22 12:09:21.744  1251  1467 I SDM     : HWDeviceDRM::SetupConcurrentWriteback: Tear down the Concurrent Writeback topology
12-22 12:09:21.746 17367 17367 I HandWritingStubImpl: isKeyboardTypeChanged: false
12-22 12:09:21.753  1251 18622 I SDM     : HWCSession::NotifyCWBStatus: Notify the client about buffer status 0.
12-22 12:09:21.753  1251 18622 I SDM     : HWCSession::PerformFenceWaits: Remove current release fence from the pending fence wait queue.
12-22 12:09:21.753  1251 18622 I SDM     : HWCSession::PerformFenceWaits: CWB fence queue is empty. No pending release fence to wait on.
12-22 12:09:21.754 17367 17367 I HandWritingStubImpl: isKeyboardTypeChanged: false
12-22 12:09:21.763 17367 17367 I HandWritingStubImpl: isKeyboardTypeChanged: false
12-22 12:09:21.771 17367 17367 I HandWritingStubImpl: isKeyboardTypeChanged: false
12-22 12:09:21.779 17367 17367 I HandWritingStubImpl: isKeyboardTypeChanged: false
12-22 12:09:21.787 17367 17367 I HandWritingStubImpl: isKeyboardTypeChanged: false
12-22 12:09:21.796 17367 17367 I HandWritingStubImpl: isKeyboardTypeChanged: false
12-22 12:09:21.804 17367 17367 I HandWritingStubImpl: isKeyboardTypeChanged: false
12-22 12:09:21.812 17367 17367 I HandWritingStubImpl: isKeyboardTypeChanged: false
12-22 12:09:21.820 17367 17367 I HandWritingStubImpl: isKeyboardTypeChanged: false
12-22 12:09:21.829 17367 17367 I HandWritingStubImpl: isKeyboardTypeChanged: false
12-22 12:09:21.837 17367 17367 I HandWritingStubImpl: isKeyboardTypeChanged: false
12-22 12:09:21.845 17367 17367 I HandWritingStubImpl: isKeyboardTypeChanged: false
12-22 12:09:21.853 17367 17367 I HandWritingStubImpl: isKeyboardTypeChanged: false
12-22 12:09:21.861 17367 17367 I HandWritingStubImpl: isKeyboardTypeChanged: false
12-22 12:09:21.870 17367 17367 I HandWritingStubImpl: isKeyboardTypeChanged: false
12-22 12:09:21.878 17367 17367 I HandWritingStubImpl: isKeyboardTypeChanged: false
12-22 12:09:21.882  2027  3285 D libsensor-displayalgo: the value of  brightness:372.000000,R:34501622.073560,G:28784324.149754,B:25084146.376848,EVENT_C:2459.500000,EVENT_R:1093.000000,EVENT_G:1283.500000,EVENT_B:551.000000
12-22 12:09:21.882  2027  3285 I libsensor-displayalgo: the value of  Coef1:1107.681000,Coef4:2.383000, scale1:0.935522, scale4:0.923264
12-22 12:09:21.882  2027  3285 E libsensor-displayalgo: RGB_test_0407_400_oldzy!
12-22 12:09:21.882  2027  3285 I libsensor-displayalgo: the value of  RESULT1478.728980,602.550486,733.240153,249.363444
12-22 12:09:21.882  2027  3285 I libsensor-displayalgo: the value of  getChannelDataCalibrated1543.385482,559.087931,845.918677,269.965211
12-22 12:09:21.882  2027  3285 I libsensor-displayalgo: the value of  REAL LUX41.604881
12-22 12:09:21.882  2027  3285 I libsensor-displayalgo: the value of  CAL REAL LUX41.604881
12-22 12:09:21.886 17367 17367 I HandWritingStubImpl: isKeyboardTypeChanged: false
12-22 12:09:21.894 17367 17367 I HandWritingStubImpl: isKeyboardTypeChanged: false
12-22 12:09:21.903 17367 17367 I HandWritingStubImpl: isKeyboardTypeChanged: false
12-22 12:09:21.911 17367 17367 I HandWritingStubImpl: isKeyboardTypeChanged: false
12-22 12:09:21.919 17367 17367 I HandWritingStubImpl: isKeyboardTypeChanged: false
12-22 12:09:21.927 17367 17367 I HandWritingStubImpl: isKeyboardTypeChanged: false
12-22 12:09:21.936 17367 17367 I HandWritingStubImpl: isKeyboardTypeChanged: false
12-22 12:09:21.944 17367 17367 I HandWritingStubImpl: isKeyboardTypeChanged: false
12-22 12:09:21.952 17367 17367 I HandWritingStubImpl: isKeyboardTypeChanged: false
12-22 12:09:21.960 17367 17367 I HandWritingStubImpl: isKeyboardTypeChanged: false
12-22 12:09:21.969 17367 17367 I HandWritingStubImpl: isKeyboardTypeChanged: false
12-22 12:09:21.976 17367 17367 I HandWritingStubImpl: isKeyboardTypeChanged: false
12-22 12:09:21.985 17367 17367 I HandWritingStubImpl: isKeyboardTypeChanged: false
12-22 12:09:22.149  1251  2448 I vendor.qti.hardware.display.composer-service: FrameNotifyProcess Sensor: notify citsensorservice to trigger cwb
12-22 12:09:22.149  2027  2097 I libcitsensorservice@2.0-impl: msg_transfer
12-22 12:09:22.149  2027  3266 D vendor.xiaomi.sensor.citsensorservice@2.0-service: handle id:10 wxh:1280x2400 uwxuh:1080x2400 size: 9216000 fd:15 fd_meta:16 flags:0x4000228 usage:0x33  format:0x3 layer_count: 1
12-22 12:09:22.150  1251  2216 I SDM     : HWCSession::SetCWBOutputBuffer: CWB config passed by cwb_client : tappoint 1  CWB_ROI : (829.000000 4.000000 915.000000 90.000000)
12-22 12:09:22.151  1251 18623 I SDM     : HWCSession::ProcessRequests: Successfully configured CWB buffer.
12-22 12:09:22.158  1251  2448 I vendor.qti.hardware.display.composer-service: FrameNotifyProcess Sensor: notify citsensorservice to trigger cwb
12-22 12:09:22.158  1251 18623 I SDM     : HWCSession::ProcessRequests: Pushing release fence in fenece wait queue.
12-22 12:09:22.158  1251 18623 I SDM     : HWCSession::ProcessRequests: Creating AsyncFenceWaits async thread.
12-22 12:09:22.158  2027  2097 I libcitsensorservice@2.0-impl: msg_transfer
12-22 12:09:22.158  1251 18623 I SDM     : HWCSession::ProcessRequests: Remove current CWB request from the pending request queue.
12-22 12:09:22.158  1251 18623 I SDM     : HWCSession::ProcessRequests: No pending cwb requests found in the queue.
12-22 12:09:22.164  1251  1467 I SDM     : HWDeviceDRM::SetupConcurrentWriteback: Tear down the Concurrent Writeback topology
12-22 12:09:22.172  1251 18626 I SDM     : HWCSession::NotifyCWBStatus: Notify the client about buffer status 0.
12-22 12:09:22.172  1251 18626 I SDM     : HWCSession::PerformFenceWaits: Remove current release fence from the pending fence wait queue.
12-22 12:09:22.172  1251 18626 I SDM     : HWCSession::PerformFenceWaits: CWB fence queue is empty. No pending release fence to wait on.
12-22 12:09:22.282  2027  3285 D libsensor-displayalgo: the value of  brightness:372.000000,R:34501622.073560,G:28784324.149754,B:25084146.376848,EVENT_C:2476.500000,EVENT_R:1099.000000,EVENT_G:1291.500000,EVENT_B:554.500000
12-22 12:09:22.282  2027  3285 I libsensor-displayalgo: the value of  Coef1:1107.681000,Coef4:2.383000, scale1:0.935522, scale4:0.923264
12-22 12:09:22.282  2027  3285 E libsensor-displayalgo: RGB_test_0407_400_oldzy!
12-22 12:09:22.282  2027  3285 I libsensor-displayalgo: the value of  RESULT1478.728980,602.550486,733.240153,249.363444
12-22 12:09:22.282  2027  3285 I libsensor-displayalgo: the value of  getChannelDataCalibrated1543.385482,559.087931,845.918677,269.965211
12-22 12:09:22.282  2027  3285 I libsensor-displayalgo: the value of  REAL LUX42.658119
12-22 12:09:22.282  2027  3285 I libsensor-displayalgo: the value of  CAL REAL LUX42.658119
12-22 12:09:22.582  2027  3285 D libsensor-displayalgo: the value of  brightness:372.000000,R:34501622.073560,G:28784324.149754,B:25084146.376848,EVENT_C:2476.500000,EVENT_R:1099.000000,EVENT_G:1291.500000,EVENT_B:554.500000
12-22 12:09:22.582  2027  3285 I libsensor-displayalgo: the value of  Coef1:1107.681000,Coef4:2.383000, scale1:0.935522, scale4:0.923264
12-22 12:09:22.582  2027  3285 E libsensor-displayalgo: RGB_test_0407_400_oldzy!
12-22 12:09:22.582  2027  3285 I libsensor-displayalgo: the value of  RESULT1478.728980,602.550486,733.240153,249.363444
12-22 12:09:22.582  2027  3285 I libsensor-displayalgo: the value of  getChannelDataCalibrated1543.385482,559.087931,845.918677,269.965211
12-22 12:09:22.582  2027  3285 I libsensor-displayalgo: the value of  REAL LUX42.658119
12-22 12:09:22.583  2027  3285 I libsensor-displayalgo: the value of  CAL REAL LUX42.658119
12-22 12:09:22.882  2027  3285 D libsensor-displayalgo: the value of  brightness:372.000000,R:34501622.073560,G:28784324.149754,B:25084146.376848,EVENT_C:2476.500000,EVENT_R:1099.000000,EVENT_G:1291.500000,EVENT_B:554.500000
12-22 12:09:22.882  2027  3285 I libsensor-displayalgo: the value of  Coef1:1107.681000,Coef4:2.383000, scale1:0.935522, scale4:0.923264
12-22 12:09:22.882  2027  3285 E libsensor-displayalgo: RGB_test_0407_400_oldzy!
12-22 12:09:22.882  2027  3285 I libsensor-displayalgo: the value of  RESULT1478.728980,602.550486,733.240153,249.363444
12-22 12:09:22.882  2027  3285 I libsensor-displayalgo: the value of  getChannelDataCalibrated1543.385482,559.087931,845.918677,269.965211
12-22 12:09:22.883  2027  3285 I libsensor-displayalgo: the value of  REAL LUX42.658119
12-22 12:09:22.883  2027  3285 I libsensor-displayalgo: the value of  CAL REAL LUX42.658119
12-22 12:09:23.094  1251  2216 I SDM     : HWCDisplay::SetActiveConfigWithConstraints: config: 0, WxH 1080x2400, fps 60
12-22 12:09:23.095  1251  2216 W SDM     : HWDeviceDRM::GetSupportedBitClkRate: Requested rate not supported: 831000000
12-22 12:09:23.095  1251  2216 I SDM     : HWDeviceDRM::UpdateMixerAttributes: Mixer WxH 1080x2400-0 for Peripheral
12-22 12:09:23.096  1251  2216 I SDM     : HWCDisplay::SubmitDisplayConfig: Active configuration changed from config 1 to 0
12-22 12:09:23.096  1251  2216 I SDM     : HWCDisplay::SubmitDisplayConfig: Active WxH 1080x2400 fps 60
12-22 12:09:23.098  1251  1467 I SDM     : HWDeviceDRM::SetupAtomic: Setting mode: WxH: 1080x2400, vrefresh: 60, hskew: 0
12-22 12:09:23.099  1251  2448 I vendor.qti.hardware.display.composer-service: FrameNotifyProcess Sensor: notify citsensorservice to trigger cwb
12-22 12:09:23.100  2027  2097 I libcitsensorservice@2.0-impl: msg_transfer
12-22 12:09:23.100  2027  3266 D vendor.xiaomi.sensor.citsensorservice@2.0-service: handle id:10 wxh:1280x2400 uwxuh:1080x2400 size: 9216000 fd:15 fd_meta:16 flags:0x4000228 usage:0x33  format:0x3 layer_count: 1
12-22 12:09:23.101  1251  2216 I SDM     : HWCSession::SetCWBOutputBuffer: CWB config passed by cwb_client : tappoint 1  CWB_ROI : (829.000000 4.000000 915.000000 90.000000)
12-22 12:09:23.103  1328  2240 D FPSMonitor: threadFuncFpsMonitor display 0, fps 60
12-22 12:09:23.103  2027  3267 I libsensor-displayalgo: displayInfoCallback::display info won't handle!!!
12-22 12:09:23.105  1251 18629 I SDM     : HWCSession::ProcessRequests: Successfully configured CWB buffer.
12-22 12:09:23.133  1251 18629 I SDM     : HWCSession::ProcessRequests: Pushing release fence in fenece wait queue.
12-22 12:09:23.133  1251 18629 I SDM     : HWCSession::ProcessRequests: Creating AsyncFenceWaits async thread.
12-22 12:09:23.133  1251 18629 I SDM     : HWCSession::ProcessRequests: Remove current CWB request from the pending request queue.
12-22 12:09:23.133  1251 18629 I SDM     : HWCSession::ProcessRequests: No pending cwb requests found in the queue.
12-22 12:09:23.149  1251 18630 I SDM     : HWCSession::NotifyCWBStatus: Notify the client about buffer status 0.
12-22 12:09:23.150  1251 18630 I SDM     : HWCSession::PerformFenceWaits: Remove current release fence from the pending fence wait queue.
12-22 12:09:23.150  1251 18630 I SDM     : HWCSession::PerformFenceWaits: CWB fence queue is empty. No pending release fence to wait on.
12-22 12:09:23.150  1251  1467 I SDM     : HWDeviceDRM::SetupConcurrentWriteback: Tear down the Concurrent Writeback topology
12-22 12:09:23.183  2027  3285 D libsensor-displayalgo: the value of  brightness:372.000000,R:34501622.073560,G:28784324.149754,B:25084146.376848,EVENT_C:2469.000000,EVENT_R:1096.500000,EVENT_G:1289.500000,EVENT_B:553.500000
12-22 12:09:23.183  2027  3285 I libsensor-displayalgo: the value of  Coef1:1107.681000,Coef4:2.383000, scale1:0.935522, scale4:0.923264
12-22 12:09:23.183  2027  3285 E libsensor-displayalgo: RGB_test_0407_400_oldzy!
12-22 12:09:23.184  2027  3285 I libsensor-displayalgo: the value of  RESULT1478.728980,602.550486,733.240153,249.363444
12-22 12:09:23.184  2027  3285 I libsensor-displayalgo: the value of  getChannelDataCalibrated1543.385482,559.087931,845.918677,269.965211
12-22 12:09:23.184  2027  3285 I libsensor-displayalgo: the value of  REAL LUX42.213306
12-22 12:09:23.184  2027  3285 I libsensor-displayalgo: the value of  CAL REAL LUX42.213306
12-22 12:09:23.483  2027  3285 D libsensor-displayalgo: the value of  brightness:372.000000,R:34501622.073560,G:28784324.149754,B:25084146.376848,EVENT_C:2469.000000,EVENT_R:1096.500000,EVENT_G:1289.500000,EVENT_B:553.500000
12-22 12:09:23.483  2027  3285 I libsensor-displayalgo: the value of  Coef1:1107.681000,Coef4:2.383000, scale1:0.935522, scale4:0.923264
12-22 12:09:23.483  2027  3285 E libsensor-displayalgo: RGB_test_0407_400_oldzy!
12-22 12:09:23.484  2027  3285 I libsensor-displayalgo: the value of  RESULT1478.728980,602.550486,733.240153,249.363444
12-22 12:09:23.484  2027  3285 I libsensor-displayalgo: the value of  getChannelDataCalibrated1543.385482,559.087931,845.918677,269.965211
12-22 12:09:23.484  2027  3285 I libsensor-displayalgo: the value of  REAL LUX42.213306
12-22 12:09:23.484  2027  3285 I libsensor-displayalgo: the value of  CAL REAL LUX42.213306
12-22 12:09:23.859 13055 13425 D MSF.C.NetConnTag.true: preDetectTimeoutMsg return before connSucc.
12-22 12:09:23.883  2027  3285 D libsensor-displayalgo: the value of  brightness:372.000000,R:34501622.073560,G:28784324.149754,B:25084146.376848,EVENT_C:2469.000000,EVENT_R:1096.500000,EVENT_G:1289.500000,EVENT_B:553.500000
12-22 12:09:23.883  2027  3285 I libsensor-displayalgo: the value of  Coef1:1107.681000,Coef4:2.383000, scale1:0.935522, scale4:0.923264
12-22 12:09:23.883  2027  3285 E libsensor-displayalgo: RGB_test_0407_400_oldzy!
12-22 12:09:23.883  2027  3285 I libsensor-displayalgo: the value of  RESULT1478.728980,602.550486,733.240153,249.363444
12-22 12:09:23.884  2027  3285 I libsensor-displayalgo: the value of  getChannelDataCalibrated1543.385482,559.087931,845.918677,269.965211
12-22 12:09:23.884  2027  3285 I libsensor-displayalgo: the value of  REAL LUX42.213306
12-22 12:09:23.884  2027  3285 I libsensor-displayalgo: the value of  CAL REAL LUX42.213306
12-22 12:09:24.183  2027  3285 D libsensor-displayalgo: the value of  brightness:372.000000,R:34501622.073560,G:28784324.149754,B:25084146.376848,EVENT_C:2486.000000,EVENT_R:1102.500000,EVENT_G:1298.000000,EVENT_B:555.000000
12-22 12:09:24.183  2027  3285 I libsensor-displayalgo: the value of  Coef1:1107.681000,Coef4:2.383000, scale1:0.935522, scale4:0.923264
12-22 12:09:24.183  2027  3285 E libsensor-displayalgo: RGB_test_0407_400_oldzy!
12-22 12:09:24.184  2027  3285 I libsensor-displayalgo: the value of  RESULT1478.728980,602.550486,733.240153,249.363444
12-22 12:09:24.184  2027  3285 I libsensor-displayalgo: the value of  getChannelDataCalibrated1543.385482,559.087931,845.918677,269.965211
12-22 12:09:24.184  2027  3285 I libsensor-displayalgo: the value of  REAL LUX43.451752
12-22 12:09:24.184  2027  3285 I libsensor-displayalgo: the value of  CAL REAL LUX43.451752
12-22 12:09:24.483  2027  3285 D libsensor-displayalgo: the value of  brightness:372.000000,R:34501622.073560,G:28784324.149754,B:25084146.376848,EVENT_C:2469.000000,EVENT_R:1098.500000,EVENT_G:1288.000000,EVENT_B:553.000000
12-22 12:09:24.483  2027  3285 I libsensor-displayalgo: the value of  Coef1:1107.681000,Coef4:2.383000, scale1:0.935522, scale4:0.923264
12-22 12:09:24.483  2027  3285 E libsensor-displayalgo: RGB_test_0407_400_oldzy!
12-22 12:09:24.484  2027  3285 I libsensor-displayalgo: the value of  RESULT1478.728980,602.550486,733.240153,249.363444
12-22 12:09:24.484  2027  3285 I libsensor-displayalgo: the value of  getChannelDataCalibrated1543.385482,559.087931,845.918677,269.965211
12-22 12:09:24.484  2027  3285 I libsensor-displayalgo: the value of  REAL LUX42.110260
12-22 12:09:24.484  2027  3285 I libsensor-displayalgo: the value of  CAL REAL LUX42.110260
12-22 12:09:24.783  2027  3285 D libsensor-displayalgo: the value of  brightness:372.000000,R:34501622.073560,G:28784324.149754,B:25084146.376848,EVENT_C:2489.000000,EVENT_R:1104.000000,EVENT_G:1297.500000,EVENT_B:555.000000
12-22 12:09:24.783  2027  3285 I libsensor-displayalgo: the value of  Coef1:1107.681000,Coef4:2.383000, scale1:0.935522, scale4:0.923264
12-22 12:09:24.783  2027  3285 E libsensor-displayalgo: RGB_test_0407_400_oldzy!
12-22 12:09:24.784  2027  3285 I libsensor-displayalgo: the value of  RESULT1478.728980,602.550486,733.240153,249.363444
12-22 12:09:24.784  2027  3285 I libsensor-displayalgo: the value of  getChannelDataCalibrated1543.385482,559.087931,845.918677,269.965211
12-22 12:09:24.784  2027  3285 I libsensor-displayalgo: the value of  REAL LUX43.584175
12-22 12:09:24.784  2027  3285 I libsensor-displayalgo: the value of  CAL REAL LUX43.584175
12-22 12:09:25.083  2027  3285 D libsensor-displayalgo: the value of  brightness:372.000000,R:34501622.073560,G:28784324.149754,B:25084146.376848,EVENT_C:2482.500000,EVENT_R:1100.000000,EVENT_G:1295.000000,EVENT_B:554.500000
12-22 12:09:25.083  2027  3285 I libsensor-displayalgo: the value of  Coef1:1107.681000,Coef4:2.383000, scale1:0.935522, scale4:0.923264
12-22 12:09:25.083  2027  3285 E libsensor-displayalgo: RGB_test_0407_400_oldzy!
12-22 12:09:25.084  2027  3285 I libsensor-displayalgo: the value of  RESULT1478.728980,602.550486,733.240153,249.363444
12-22 12:09:25.084  2027  3285 I libsensor-displayalgo: the value of  getChannelDataCalibrated1543.385482,559.087931,845.918677,269.965211
12-22 12:09:25.084  2027  3285 I libsensor-displayalgo: the value of  REAL LUX43.203121
12-22 12:09:25.084  2027  3285 I libsensor-displayalgo: the value of  CAL REAL LUX43.203121
12-22 12:09:25.308 13055 13339 D MemoryCeilingMonitor: [handleMemoryCalculate]
12-22 12:09:25.309 13055 13339 D MemoryCeilingMonitor: [calculate] tot: 6048440, max: 268435456, free: 441936, heap: 5606504, per: 0.020885854959487915
12-22 12:09:25.483  2027  3285 D libsensor-displayalgo: the value of  brightness:372.000000,R:34501622.073560,G:28784324.149754,B:25084146.376848,EVENT_C:2486.000000,EVENT_R:1103.000000,EVENT_G:1296.500000,EVENT_B:555.500000
12-22 12:09:25.483  2027  3285 I libsensor-displayalgo: the value of  Coef1:1107.681000,Coef4:2.383000, scale1:0.935522, scale4:0.923264
12-22 12:09:25.483  2027  3285 E libsensor-displayalgo: RGB_test_0407_400_oldzy!
12-22 12:09:25.484  2027  3285 I libsensor-displayalgo: the value of  RESULT1478.728980,602.550486,733.240153,249.363444
12-22 12:09:25.484  2027  3285 I libsensor-displayalgo: the value of  getChannelDataCalibrated1543.385482,559.087931,845.918677,269.965211
12-22 12:09:25.484  2027  3285 I libsensor-displayalgo: the value of  REAL LUX43.324032
12-22 12:09:25.484  2027  3285 I libsensor-displayalgo: the value of  CAL REAL LUX43.324032
12-22 12:09:25.783  2027  3285 D libsensor-displayalgo: the value of  brightness:372.000000,R:34501622.073560,G:28784324.149754,B:25084146.376848,EVENT_C:2480.000000,EVENT_R:1103.000000,EVENT_G:1294.000000,EVENT_B:554.500000
12-22 12:09:25.783  2027  3285 I libsensor-displayalgo: the value of  Coef1:1107.681000,Coef4:2.383000, scale1:0.935522, scale4:0.923264
12-22 12:09:25.783  2027  3285 E libsensor-displayalgo: RGB_test_0407_400_oldzy!
12-22 12:09:25.783  2027  3285 I libsensor-displayalgo: the value of  RESULT1478.728980,602.550486,733.240153,249.363444
12-22 12:09:25.784  2027  3285 I libsensor-displayalgo: the value of  getChannelDataCalibrated1543.385482,559.087931,845.918677,269.965211
12-22 12:09:25.784  2027  3285 I libsensor-displayalgo: the value of  REAL LUX42.868073
12-22 12:09:25.784  2027  3285 I libsensor-displayalgo: the value of  CAL REAL LUX42.868073
12-22 12:09:25.855  9843  9973 D com.milink.runtime:new_milink:MessengerService: tick for 1000-5128
12-22 12:09:25.858  9843  9973 D com.milink.runtime:new_milink:MessengerService: tick for 10123-9768
12-22 12:09:25.860  9843  9973 D com.milink.runtime:new_milink:MessengerService: tick for 10114-4665
12-22 12:09:25.862  9843  9973 D com.milink.runtime:new_milink:MessengerService: set next timeout check task
12-22 12:09:25.864  9843  9870 I com.milink.runtime:new_milink:DataContentProvider: Call content://provider.milink.mi.com/messenger#poll from com.xiaomi.mirror, content://provider.milink.mi.com/messenger#poll
12-22 12:09:25.865  5128 10035 I com.xiaomi.mirror:new_milink:MessengerClient: empty packet, skip it.
12-22 12:09:25.865  9843  9860 I com.milink.runtime:new_milink:DataContentProvider: Call content://provider.milink.mi.com/messenger#poll from com.milink.service, content://provider.milink.mi.com/messenger#poll
12-22 12:09:25.866  9768 10033 I com.milink.service:audio:new_milink:MessengerClient: empty packet, skip it.
12-22 12:09:25.902  2475  3663 D ConnectivityService: NetReassign [no changes]
12-22 12:09:25.934  1251  2448 I vendor.qti.hardware.display.composer-service: FrameNotifyProcess Sensor: notify citsensorservice to trigger cwb
12-22 12:09:25.935  2027  2027 I libcitsensorservice@2.0-impl: msg_transfer
12-22 12:09:25.936  2027  3266 D vendor.xiaomi.sensor.citsensorservice@2.0-service: handle id:10 wxh:1280x2400 uwxuh:1080x2400 size: 9216000 fd:15 fd_meta:16 flags:0x4000228 usage:0x33  format:0x3 layer_count: 1
12-22 12:09:25.936  1251  2216 I SDM     : HWCSession::SetCWBOutputBuffer: CWB config passed by cwb_client : tappoint 1  CWB_ROI : (829.000000 4.000000 915.000000 90.000000)
12-22 12:09:25.947  1251 18632 I SDM     : HWCSession::ProcessRequests: Successfully configured CWB buffer.
12-22 12:09:25.953  1251 18632 I SDM     : HWCSession::ProcessRequests: Pushing release fence in fenece wait queue.
12-22 12:09:25.954  1251 18632 I SDM     : HWCSession::ProcessRequests: Creating AsyncFenceWaits async thread.
12-22 12:09:25.954  1251 18632 I SDM     : HWCSession::ProcessRequests: Remove current CWB request from the pending request queue.
12-22 12:09:25.954  1251 18632 I SDM     : HWCSession::ProcessRequests: No pending cwb requests found in the queue.
12-22 12:09:25.970  1251  1467 I SDM     : HWDeviceDRM::SetupConcurrentWriteback: Tear down the Concurrent Writeback topology
12-22 12:09:25.982  1251 18633 I SDM     : HWCSession::NotifyCWBStatus: Notify the client about buffer status 0.
12-22 12:09:25.983  1251 18633 I SDM     : HWCSession::PerformFenceWaits: Remove current release fence from the pending fence wait queue.
12-22 12:09:25.983  1251 18633 I SDM     : HWCSession::PerformFenceWaits: CWB fence queue is empty. No pending release fence to wait on.
12-22 12:09:26.015  5773  8966 D SLM-SRV-SLAService: checktemp temperature = 32507 temperature_average = 32762 isPerformanceMode = false thermal_enable_slm = true
12-22 12:09:26.082  2027  3285 D libsensor-displayalgo: the value of  brightness:372.000000,R:34501303.808028,G:28784058.998259,B:25083914.350636,EVENT_C:2484.000000,EVENT_R:1102.500000,EVENT_G:1295.000000,EVENT_B:554.500000
12-22 12:09:26.082  2027  3285 I libsensor-displayalgo: the value of  Coef1:1107.681000,Coef4:2.383000, scale1:0.935522, scale4:0.923264
12-22 12:09:26.082  2027  3285 E libsensor-displayalgo: RGB_test_0407_400_oldzy!
12-22 12:09:26.083  2027  3285 I libsensor-displayalgo: the value of  RESULT1478.719511,602.546440,733.235727,249.361853
12-22 12:09:26.083  2027  3285 I libsensor-displayalgo: the value of  getChannelDataCalibrated1543.375600,559.084177,845.913570,269.963488
12-22 12:09:26.083  2027  3285 I libsensor-displayalgo: the value of  REAL LUX43.215378
12-22 12:09:26.083  2027  3285 I libsensor-displayalgo: the value of  CAL REAL LUX43.215378
12-22 12:09:26.114 18567 18584 I tomator2.serve: ProcessProfilingInfo new_methods=0 is saved saved_to_disk=0 resolve_classes_delay=8000
12-22 12:09:26.383  2027  3285 D libsensor-displayalgo: the value of  brightness:372.000000,R:34501303.808028,G:28784058.998259,B:25083914.350636,EVENT_C:2484.000000,EVENT_R:1102.500000,EVENT_G:1295.000000,EVENT_B:554.500000
12-22 12:09:26.383  2027  3285 I libsensor-displayalgo: the value of  Coef1:1107.681000,Coef4:2.383000, scale1:0.935522, scale4:0.923264
12-22 12:09:26.383  2027  3285 E libsensor-displayalgo: RGB_test_0407_400_oldzy!
12-22 12:09:26.384  2027  3285 I libsensor-displayalgo: the value of  RESULT1478.719511,602.546440,733.235727,249.361853
12-22 12:09:26.384  2027  3285 I libsensor-displayalgo: the value of  getChannelDataCalibrated1543.375600,559.084177,845.913570,269.963488
12-22 12:09:26.384  2027  3285 I libsensor-displayalgo: the value of  REAL LUX43.215378
12-22 12:09:26.384  2027  3285 I libsensor-displayalgo: the value of  CAL REAL LUX43.215378
12-22 12:09:26.683  2027  3285 D libsensor-displayalgo: the value of  brightness:372.000000,R:34501303.808028,G:28784058.998259,B:25083914.350636,EVENT_C:2484.000000,EVENT_R:1102.500000,EVENT_G:1295.000000,EVENT_B:554.500000
12-22 12:09:26.683  2027  3285 I libsensor-displayalgo: the value of  Coef1:1107.681000,Coef4:2.383000, scale1:0.935522, scale4:0.923264
12-22 12:09:26.683  2027  3285 E libsensor-displayalgo: RGB_test_0407_400_oldzy!
12-22 12:09:26.684  2027  3285 I libsensor-displayalgo: the value of  RESULT1478.719511,602.546440,733.235727,249.361853
12-22 12:09:26.684  2027  3285 I libsensor-displayalgo: the value of  getChannelDataCalibrated1543.375600,559.084177,845.913570,269.963488
12-22 12:09:26.684  2027  3285 I libsensor-displayalgo: the value of  REAL LUX43.215378
12-22 12:09:26.684  2027  3285 I libsensor-displayalgo: the value of  CAL REAL LUX43.215378
12-22 12:09:26.837  6206  7013 D UidObserver: onUidIdle uid=10269 uidstate=100
12-22 12:09:27.083  2027  3285 D libsensor-displayalgo: the value of  brightness:372.000000,R:34501303.808028,G:28784058.998259,B:25083914.350636,EVENT_C:2512.500000,EVENT_R:1115.500000,EVENT_G:1312.000000,EVENT_B:560.500000
12-22 12:09:27.083  2027  3285 I libsensor-displayalgo: the value of  Coef1:1107.681000,Coef4:2.383000, scale1:0.935522, scale4:0.923264
12-22 12:09:27.083  2027  3285 E libsensor-displayalgo: RGB_test_0407_400_oldzy!
12-22 12:09:27.083  2027  3285 I libsensor-displayalgo: the value of  RESULT1478.719511,602.546440,733.235727,249.361853
12-22 12:09:27.084  2027  3285 I libsensor-displayalgo: the value of  getChannelDataCalibrated1543.375600,559.084177,845.913570,269.963488
12-22 12:09:27.084  2027  3285 I libsensor-displayalgo: the value of  REAL LUX45.022709
12-22 12:09:27.084  2027  3285 I libsensor-displayalgo: the value of  CAL REAL LUX45.022709
12-22 12:09:27.383  2027  3285 D libsensor-displayalgo: the value of  brightness:372.000000,R:34501303.808028,G:28784058.998259,B:25083914.350636,EVENT_C:2482.500000,EVENT_R:1102.500000,EVENT_G:1294.500000,EVENT_B:554.500000
12-22 12:09:27.383  2027  3285 I libsensor-displayalgo: the value of  Coef1:1107.681000,Coef4:2.383000, scale1:0.935522, scale4:0.923264
12-22 12:09:27.383  2027  3285 E libsensor-displayalgo: RGB_test_0407_400_oldzy!
12-22 12:09:27.384  2027  3285 I libsensor-displayalgo: the value of  RESULT1478.719511,602.546440,733.235727,249.361853
12-22 12:09:27.384  2027  3285 I libsensor-displayalgo: the value of  getChannelDataCalibrated1543.375600,559.084177,845.913570,269.963488
12-22 12:09:27.384  2027  3285 I libsensor-displayalgo: the value of  REAL LUX43.086758
12-22 12:09:27.384  2027  3285 I libsensor-displayalgo: the value of  CAL REAL LUX43.086758
12-22 12:09:27.450  2475  3040 I BatteryService: current mPlugType2current mHealthInfo.batteryLevel27current mHealthInfo.batteryTemperature318
12-22 12:09:27.453  6206  7182 D ThermalIECHandler: storeDataStyle: thermal_iec_monitor_persistence_data_style_iec_state; startIECTime: -1; IECScreenOffOverPeriodTime: 1410825231
12-22 12:09:27.455  6171  6171 I BatteryInfoReceiver: ACTION_BATTERY_CHANGED
12-22 12:09:27.455  6206  7099 D PowerCheckerService: onBatteryChanged, mBatteryLevel = 27, status = 2, level = 27, plug = 2, scale = 100
12-22 12:09:27.455  6206  6950 D PowerKeeper.FrozenApp: onBatteryChanged plug=true mBatteryPlugged=2
12-22 12:09:27.456  6206  7192 D PowerKeeper.Thermal: mBatteryTemperature: 31
12-22 12:09:27.458  9660  9660 D DynamicService:  ACTION_BATTERY_CHANGED change,USB plug = 2
12-22 12:09:27.458  4409  4409 D QtiCarrierConfigHelper: WARNING, no carrier configs on phone Id: 1
12-22 12:09:27.459  6171  7523 I android_os_HwBinder: HwBinder: Starting thread pool for getting: vendor.xiaomi.hardware.micharge@1.0::IMiCharge/default
12-22 12:09:27.460  1344 28451 I vendor.xiaomi.hardware.micharge@1.0-service: ReadFilePathValue path = /sys/class/qcom-battery/night_charging value = 0
12-22 12:09:27.460  6171  7523 I ChargeProtectionUtils: getNightChargingState: 0
12-22 12:09:27.461  6171  6171 I PowerNoticeUI: handleBatteryChanged oldPlugType 2 mPlugType 2 oldBatteryLevel 27 mBatteryLevel 27 temperature 318
12-22 12:09:27.462  4453  4453 V DeviceStatisticsService: chargerType=2 batteryLevel=27 totalBatteryCapacity=4266600
12-22 12:09:27.683  2027  3285 D libsensor-displayalgo: the value of  brightness:372.000000,R:34501303.808028,G:28784058.998259,B:25083914.350636,EVENT_C:2468.000000,EVENT_R:1096.000000,EVENT_G:1288.000000,EVENT_B:551.500000
12-22 12:09:27.683  2027  3285 I libsensor-displayalgo: the value of  Coef1:1107.681000,Coef4:2.383000, scale1:0.935522, scale4:0.923264
12-22 12:09:27.683  2027  3285 E libsensor-displayalgo: RGB_test_0407_400_oldzy!
12-22 12:09:27.684  2027  3285 I libsensor-displayalgo: the value of  RESULT1478.719511,602.546440,733.235727,249.361853
12-22 12:09:27.684  2027  3285 I libsensor-displayalgo: the value of  getChannelDataCalibrated1543.375600,559.084177,845.913570,269.963488
12-22 12:09:27.684  2027  3285 I libsensor-displayalgo: the value of  REAL LUX42.256447
12-22 12:09:27.684  2027  3285 I libsensor-displayalgo: the value of  CAL REAL LUX42.256447
12-22 12:09:27.983  2027  3285 D libsensor-displayalgo: the value of  brightness:372.000000,R:34501303.808028,G:28784058.998259,B:25083914.350636,EVENT_C:2496.000000,EVENT_R:1107.500000,EVENT_G:1303.500000,EVENT_B:556.500000
12-22 12:09:27.983  2027  3285 I libsensor-displayalgo: the value of  Coef1:1107.681000,Coef4:2.383000, scale1:0.935522, scale4:0.923264
12-22 12:09:27.983  2027  3285 E libsensor-displayalgo: RGB_test_0407_400_oldzy!
12-22 12:09:27.984  2027  3285 I libsensor-displayalgo: the value of  RESULT1478.719511,602.546440,733.235727,249.361853
12-22 12:09:27.984  2027  3285 I libsensor-displayalgo: the value of  getChannelDataCalibrated1543.375600,559.084177,845.913570,269.963488
12-22 12:09:27.984  2027  3285 I libsensor-displayalgo: the value of  REAL LUX44.098042
12-22 12:09:27.984  2027  3285 I libsensor-displayalgo: the value of  CAL REAL LUX44.098042
12-22 12:09:28.283  2027  3285 D libsensor-displayalgo: the value of  brightness:372.000000,R:34501303.808028,G:28784058.998259,B:25083914.350636,EVENT_C:2474.500000,EVENT_R:1098.500000,EVENT_G:1289.000000,EVENT_B:552.500000
12-22 12:09:28.283  2027  3285 I libsensor-displayalgo: the value of  Coef1:1107.681000,Coef4:2.383000, scale1:0.935522, scale4:0.923264
12-22 12:09:28.283  2027  3285 E libsensor-displayalgo: RGB_test_0407_400_oldzy!
12-22 12:09:28.284  2027  3285 I libsensor-displayalgo: the value of  RESULT1478.719511,602.546440,733.235727,249.361853
12-22 12:09:28.284  2027  3285 I libsensor-displayalgo: the value of  getChannelDataCalibrated1543.375600,559.084177,845.913570,269.963488
12-22 12:09:28.284  2027  3285 I libsensor-displayalgo: the value of  REAL LUX42.585190
12-22 12:09:28.284  2027  3285 I libsensor-displayalgo: the value of  CAL REAL LUX42.585190
12-22 12:09:28.683  2027  3285 D libsensor-displayalgo: the value of  brightness:372.000000,R:34501303.808028,G:28784058.998259,B:25083914.350636,EVENT_C:2482.000000,EVENT_R:1102.000000,EVENT_G:1295.000000,EVENT_B:554.500000
12-22 12:09:28.683  2027  3285 I libsensor-displayalgo: the value of  Coef1:1107.681000,Coef4:2.383000, scale1:0.935522, scale4:0.923264
12-22 12:09:28.683  2027  3285 E libsensor-displayalgo: RGB_test_0407_400_oldzy!
12-22 12:09:28.684  2027  3285 I libsensor-displayalgo: the value of  RESULT1478.719511,602.546440,733.235727,249.361853
12-22 12:09:28.684  2027  3285 I libsensor-displayalgo: the value of  getChannelDataCalibrated1543.375600,559.084177,845.913570,269.963488
12-22 12:09:28.684  2027  3285 I libsensor-displayalgo: the value of  REAL LUX43.093075
12-22 12:09:28.684  2027  3285 I libsensor-displayalgo: the value of  CAL REAL LUX43.093075
12-22 12:09:28.932  2475  3663 D ConnectivityService: NetReassign [no changes]
12-22 12:09:28.982  2027  3285 D libsensor-displayalgo: the value of  brightness:372.000000,R:34501303.808028,G:28784058.998259,B:25083914.350636,EVENT_C:2481.500000,EVENT_R:1101.500000,EVENT_G:1293.500000,EVENT_B:553.500000
12-22 12:09:28.983  2027  3285 I libsensor-displayalgo: the value of  Coef1:1107.681000,Coef4:2.383000, scale1:0.935522, scale4:0.923264
12-22 12:09:28.983  2027  3285 E libsensor-displayalgo: RGB_test_0407_400_oldzy!
12-22 12:09:28.983  2027  3285 I libsensor-displayalgo: the value of  RESULT1478.719511,602.546440,733.235727,249.361853
12-22 12:09:28.983  2027  3285 I libsensor-displayalgo: the value of  getChannelDataCalibrated1543.375600,559.084177,845.913570,269.963488
12-22 12:09:28.984  2027  3285 I libsensor-displayalgo: the value of  REAL LUX43.089630
12-22 12:09:28.984  2027  3285 I libsensor-displayalgo: the value of  CAL REAL LUX43.089630
12-22 12:09:29.283  2027  3285 D libsensor-displayalgo: the value of  brightness:372.000000,R:34501303.808028,G:28784058.998259,B:25083914.350636,EVENT_C:2489.500000,EVENT_R:1104.000000,EVENT_G:1299.000000,EVENT_B:555.500000
12-22 12:09:29.283  2027  3285 I libsensor-displayalgo: the value of  Coef1:1107.681000,Coef4:2.383000, scale1:0.935522, scale4:0.923264
12-22 12:09:29.283  2027  3285 E libsensor-displayalgo: RGB_test_0407_400_oldzy!
12-22 12:09:29.284  2027  3285 I libsensor-displayalgo: the value of  RESULT1478.719511,602.546440,733.235727,249.361853
12-22 12:09:29.284  2027  3285 I libsensor-displayalgo: the value of  getChannelDataCalibrated1543.375600,559.084177,845.913570,269.963488
12-22 12:09:29.284  2027  3285 I libsensor-displayalgo: the value of  REAL LUX43.647739
12-22 12:09:29.284  2027  3285 I libsensor-displayalgo: the value of  CAL REAL LUX43.647739
12-22 12:09:29.583  2027  3285 D libsensor-displayalgo: the value of  brightness:372.000000,R:34501303.808028,G:28784058.998259,B:25083914.350636,EVENT_C:2470.000000,EVENT_R:1098.500000,EVENT_G:1289.000000,EVENT_B:552.500000
12-22 12:09:29.583  2027  3285 I libsensor-displayalgo: the value of  Coef1:1107.681000,Coef4:2.383000, scale1:0.935522, scale4:0.923264
12-22 12:09:29.583  2027  3285 E libsensor-displayalgo: RGB_test_0407_400_oldzy!
12-22 12:09:29.584  2027  3285 I libsensor-displayalgo: the value of  RESULT1478.719511,602.546440,733.235727,249.361853
12-22 12:09:29.584  2027  3285 I libsensor-displayalgo: the value of  getChannelDataCalibrated1543.375600,559.084177,845.913570,269.963488
12-22 12:09:29.584  2027  3285 I libsensor-displayalgo: the value of  REAL LUX42.267601
12-22 12:09:29.584  2027  3285 I libsensor-displayalgo: the value of  CAL REAL LUX42.267601
12-22 12:09:29.590  2475  2489 I ActivityManager: Force stopping cn.missevan appid=10269 user=0: from process:18636
12-22 12:09:29.592  2475  2489 I Process : Sending signal. PID: 17759 SIG: 19
12-22 12:09:29.592  2475  2489 I Process : Sending signal. PID: 17513 SIG: 19
12-22 12:09:29.593  2475  2489 I Process : Sending signal. PID: 17954 SIG: 19
12-22 12:09:29.593  2475  2489 I Process : Sending signal. PID: 17367 SIG: 19
12-22 12:09:29.596  2475  2489 I SmartPower.cn.missevan:pushservice/10269(17759): invisible->died(59314ms) R(process died ) adj=500.
12-22 12:09:29.596  2475  2489 I ActivityManager: Killing 17759:cn.missevan:pushservice/u0a269 (adj 500): stop cn.missevan due to from process:18636
12-22 12:09:29.598  2475  2489 D PerfImpl: perfProcessKillBoost: cn.missevan:pushservice, 17759, 0
12-22 12:09:29.599  1267  5422 E ANDR-PERF-LM: ThreadHelper: thread_callback() 145: More than one pending updates!!! This should not happen. MeterMgr should avoid this case.
12-22 12:09:29.602 17867 20957 I i.xmsf:service: oneway function results for code 3 on binder at 0xb400007a4cb9aa00 will be dropped but finished with status UNKNOWN_TRANSACTION
12-22 12:09:29.602  6526  6583 I com.xiaomi.xms: oneway function results for code 3 on binder at 0xb400007a4cbfdae0 will be dropped but finished with status UNKNOWN_TRANSACTION
12-22 12:09:29.604  2475  2489 I SmartPower.cn.missevan:player/10269(17513): invisible->died(62174ms) R(process died ) adj=250.
12-22 12:09:29.605  2475  2489 I ActivityManager: Killing 17513:cn.missevan:player/u0a269 (adj 250): stop cn.missevan due to from process:18636
12-22 12:09:29.607  2475  2489 D PerfImpl: perfProcessKillBoost: cn.missevan:player, 17513, 0
12-22 12:09:29.607  1267  5422 E ANDR-PERF-LM: ThreadHelper: thread_callback() 145: More than one pending updates!!! This should not happen. MeterMgr should avoid this case.
12-22 12:09:29.608  2475  2693 I libprocessgroup: Successfully killed process cgroup uid 10269 pid 17759 in 5ms
12-22 12:09:29.609 17867 20957 I i.xmsf:service: oneway function results for code 3 on binder at 0xb400007a4cb9aa00 will be dropped but finished with status UNKNOWN_TRANSACTION
12-22 12:09:29.609  6526  6583 I com.xiaomi.xms: oneway function results for code 3 on binder at 0xb400007a4cbfdae0 will be dropped but finished with status UNKNOWN_TRANSACTION
12-22 12:09:29.609  2475  2489 I SmartPower.cn.missevan:channel/10269(17954): invisible->died(52306ms) R(process died ) adj=905.
12-22 12:09:29.610  2475  2489 I ActivityManager: Killing 17954:cn.missevan:channel/u0a269 (adj 905): stop cn.missevan due to from process:18636
12-22 12:09:29.610  2475  2489 D PerfImpl: perfProcessKillBoost: cn.missevan:channel, 17954, 0
12-22 12:09:29.611  1267  5422 E ANDR-PERF-LM: ThreadHelper: thread_callback() 145: More than one pending updates!!! This should not happen. MeterMgr should avoid this case.
12-22 12:09:29.612 17867 20957 I i.xmsf:service: oneway function results for code 3 on binder at 0xb400007a4cb9aa00 will be dropped but finished with status UNKNOWN_TRANSACTION
12-22 12:09:29.613  6526  6583 I com.xiaomi.xms: oneway function results for code 3 on binder at 0xb400007a4cbfdae0 will be dropped but finished with status UNKNOWN_TRANSACTION
12-22 12:09:29.613  2475  2489 I SmartPower.cn.missevan/10269(17367): visible->died(62761ms) R(process died ) adj=0.
12-22 12:09:29.614  2475  2489 I ActivityManager: Killing 17367:cn.missevan/u0a269 (adj 0): stop cn.missevan due to from process:18636
12-22 12:09:29.614  1878  5598 I CameraImpl: checkAllClientsStoppedAndReclaimMem reclaim camera provider anon memory.
12-22 12:09:29.614  1878  5598 I CameraImpl: checkAllClientsStoppedAndReclaimMem reclaim camera provider anon memory.
12-22 12:09:29.616  2475  2489 D PerfImpl: perfProcessKillBoost: cn.missevan, 17367, 0
12-22 12:09:29.616  6206  7804 D UidObserver: onUidGone entry uid = 10269
12-22 12:09:29.616  1267  5422 E ANDR-PERF-LM: ThreadHelper: thread_callback() 145: More than one pending updates!!! This should not happen. MeterMgr should avoid this case.
12-22 12:09:29.617  2475  3758 I SmartPower: cn.missevan/10269 state=foreground adj=0 proc size=4 move to died process died
12-22 12:09:29.619  1131  4325 E traffic : traffic monitor has been disabled or argment error.
12-22 12:09:29.619 17867 20957 I i.xmsf:service: oneway function results for code 3 on binder at 0xb400007a4cb9aa00 will be dropped but finished with status UNKNOWN_TRANSACTION
12-22 12:09:29.619  6526  6583 I com.xiaomi.xms: oneway function results for code 3 on binder at 0xb400007a4cbfdae0 will be dropped but finished with status UNKNOWN_TRANSACTION
12-22 12:09:29.621  2475  2489 W ActivityTaskManager: Force removing ActivityRecord{edf1a8f u0 cn.missevan/.activity.MainActivity t332 f}}: app died, no saved state
12-22 12:09:29.625  2475  3650 I MiuiNetworkPolicyTrafficLimit: updateWhiteListUidForMobileTraffic uid=10269,add=false
12-22 12:09:29.627  2475  3650 D MiuiNetworkPolicyTrafficLimit: updateWhiteListUidForMobileTraffic rst=true
12-22 12:09:29.630  2475  2489 W InputManager-JNI: Input channel object 'd9dd20c cn.missevan/cn.missevan.activity.MainActivity (client)' was disposed without first being removed with the input manager!
12-22 12:09:29.640  1251  2448 I vendor.qti.hardware.display.composer-service: FrameNotifyProcess Sensor: notify citsensorservice to trigger cwb
12-22 12:09:29.641  2027  2097 I libcitsensorservice@2.0-impl: msg_transfer
12-22 12:09:29.641  2027  3266 D vendor.xiaomi.sensor.citsensorservice@2.0-service: handle id:10 wxh:1280x2400 uwxuh:1080x2400 size: 9216000 fd:15 fd_meta:16 flags:0x4000228 usage:0x33  format:0x3 layer_count: 1
12-22 12:09:29.641  1251  2216 I SDM     : HWCSession::SetCWBOutputBuffer: CWB config passed by cwb_client : tappoint 1  CWB_ROI : (829.000000 4.000000 915.000000 90.000000)
12-22 12:09:29.641  2475  2489 D PerfImpl: perfWarmLaunchBoost: com.miui.home, -1, 1
12-22 12:09:29.642  1267  1540 E ANDR-PERF-OPTSHANDLER: Perflock resource /sys/class/devfreq/soc:qcom,cpubw/max_freq not supported
12-22 12:09:29.642  1267  1540 E ANDR-PERF-RESOURCEQS: Failed to apply optimization [6, 6]
12-22 12:09:29.642  1267  1540 E ANDR-PERF-OPTSHANDLER: Perflock resource /sys/class/devfreq/soc:qcom,cpubw/min_freq not supported
12-22 12:09:29.642  1267  1540 E ANDR-PERF-RESOURCEQS: Failed to apply optimization [6, 0]
12-22 12:09:29.647  1267  1540 E ANDR-PERF-OPTSHANDLER: Perflock resource /sys/class/devfreq/soc:qcom,cpu0-llcc-ddr-lat/min_freq not supported
12-22 12:09:29.647  1267  1540 E ANDR-PERF-RESOURCEQS: Failed to apply optimization [13, 12]
12-22 12:09:29.648  1251 18641 I SDM     : HWCSession::ProcessRequests: Successfully configured CWB buffer.
12-22 12:09:29.649  2475  4898 D ConnectivityService: ConnectivityService NetworkRequestInfo binderDied(uid/pid:10269/17513, android.os.BinderProxy@c72073e)
12-22 12:09:29.650  2475  4827 D MediaSessionService: Media button session is changed to null
12-22 12:09:29.650  2475  4364 D ConnectivityService: ConnectivityService NetworkRequestInfo binderDied(uid/pid:10269/17513, android.os.BinderProxy@2b6299f)
12-22 12:09:29.650  2475  3663 D ConnectivityService: releasing NetworkRequest [ REQUEST id=6804, [ Capabilities: INTERNET&NOT_RESTRICTED&TRUSTED&NOT_VCN_MANAGED Uid: 10269 RequestorUid: 10269 RequestorPkg: cn.missevan] ] (release request)
12-22 12:09:29.650  8079 11223 W Avrcp_ext: onMediaKeyEventSessionChanged(PackageName): Media keyevent session changed to a player we don't have a session for
12-22 12:09:29.652  8079 11222 V Avrcp_ext: MediaController session destroyed
12-22 12:09:29.652  8079 11222 V Avrcp_ext: updateNewIds: Addressed:14 to 14, Browse:-1 to -1
12-22 12:09:29.654  8079 11222 D Avrcp_ext: updateCurrentController: MediaController (cn.missevan@6a8a149) null to null
12-22 12:09:29.654  9768  9768 I Cir_Miplay_ActiveSessionRecord: onSessionDestroyed
12-22 12:09:29.657  9768  9768 I ActiveSessionRecord: onSessionDestroyed
12-22 12:09:29.658  1251 18641 I SDM     : HWCSession::ProcessRequests: Pushing release fence in fenece wait queue.
12-22 12:09:29.658  1251 18641 I SDM     : HWCSession::ProcessRequests: Creating AsyncFenceWaits async thread.
12-22 12:09:29.659  1132  1132 I Zygote  : Process 17513 exited due to signal 9 (Killed)
12-22 12:09:29.660  1251 18641 I SDM     : HWCSession::ProcessRequests: Remove current CWB request from the pending request queue.
12-22 12:09:29.660  1251 18641 I SDM     : HWCSession::ProcessRequests: No pending cwb requests found in the queue.
12-22 12:09:29.660  2475  2489 W ActivityTaskManager: Can't find TaskDisplayArea to determine support for multi window. Task id=332 attached=false
12-22 12:09:29.660  2475  2489 W ActivityTaskManager: Can't find TaskDisplayArea to determine support for multi window. Task id=332 attached=false
12-22 12:09:29.661  8079 11222 V Avrcp_ext: updateNewIds: Addressed:14 to 0, Browse:-1 to -1
12-22 12:09:29.665  2475  2489 W ProcessStats: Tracking association SourceState{3ed9438 com.android.systemui/1000 BTopFgs #318895} whose proc state 2 is better than process ProcessState{aa15c11 com.miui.notification:remote/1000 pkg=com.miui.notification} proc state 3 (39 skipped)
12-22 12:09:29.666  8079 11222 V Avrcp_ext: updateCurrentMediaState: mMediaController: null
12-22 12:09:29.666  8079 11222 V Avrcp_ext: updateCurrentMediaState: isPlaying = false
12-22 12:09:29.666  8079 11222 W Avrcp_ext: isMusicActive: false getBluetoothPlayState: 0 A2dp State: 11 mAudioPlaybackIsActive: false
12-22 12:09:29.667  8079 11222 V Avrcp_ext: updateCurrentMediaState: isPlaying = false
12-22 12:09:29.667  8079 11222 V Avrcp_ext: Media update: id -1-1? [MediaAttributes: none] : [MediaAttributes: none]
12-22 12:09:29.667  8079 11222 D Avrcp_ext: isPackageNameValid: browsedPackage = isValid = false
12-22 12:09:29.667  8079 11222 V Avrcp_ext: updatePlaybackState, state: PlaybackState {state=2, position=-1, buffered position=0, speed=0.0, updated=1415020136, actions=0, custom actions=[], active item id=-1, error=null} device: null
12-22 12:09:29.667  8079 11222 V Avrcp_ext: Device: no name:
12-22 12:09:29.667  8079 11222 V Avrcp_ext: Device: no name:
12-22 12:09:29.667  8079 11222 V Avrcp_ext: Device: no name:
12-22 12:09:29.667  8079 11222 V Avrcp_ext: Device: no name:
12-22 12:09:29.667  8079 11222 V Avrcp_ext: Device: no name:
12-22 12:09:29.667  8079 11222 V Avrcp_ext: updatePlayerStateAndPosition, old=PlaybackState {state=0, position=0, buffered position=0, speed=0.0, updated=0, actions=2363190, custom actions=[], active item id=-1, error=null}, state=PlaybackState {state=2, position=-1, buffered position=0, speed=0.0, updated=1415020136, actions=0, custom actions=[], active item id=-1, error=null}
12-22 12:09:29.667  8079 11222 V Avrcp_ext: old state = PlaybackState {state=0, position=0, buffered position=0, speed=0.0, updated=0, actions=2363190, custom actions=[], active item id=-1, error=null}, new state= PlaybackState {state=2, position=-1, buffered position=0, speed=0.0, updated=1415020136, actions=0, custom actions=[], active item id=-1, error=null}
