11-16 16:21:30.000  2010  4209 D SmartHeartBeat: isPendingAlarm, false, pkg:com.android.deskclock, action:com.android.deskclock.ALARM_ALERT,not pending alarm with AlarmClockInfo
11-16 16:21:30.003  2010  4209 I JobScheduler.Time: realNextJobExpiredElapsedMillis: 480284555mNextJobExpiredElapsedMillis480284555
11-16 16:21:30.012  2010  4209 D SmartHeartBeat: isPendingAlarm, false, pkg:com.android.deskclock, action:com.android.deskclock.ALARM_ALERT,not pending alarm with AlarmClockInfo
11-16 16:21:30.013  2010  4209 I JobScheduler.Time: realNextDelayExpiredElapsedMillis: 480284555 mNextDelayExpiredElapsedMillis:480284555
11-16 16:21:30.050 17557 17557 I RmeSchedManager: SetMarginData, input:3, animation:4, traversal:4, util:600, frameRate:60
11-16 16:21:30.058   882   882 I aptouch_daemon: print_log, touch:1, down:1 (+0)
11-16 16:21:30.063   752   752 W uniperf server: EnterActionProc DoParse failed, cmdId=13120
11-16 16:21:30.063   752   752 D uniperf hal: do UniPerfEvent failed, cmdId=13120, ret=2
11-16 16:21:30.066  2010  2653 I PowerManagerService: handleSandman: wakefulness: 1,startDreaming: false
11-16 16:21:30.072 10621 10621 I HuaweiIME: flagShowRemindDialog :true
11-16 16:21:30.117 17557 17557 I RmeSchedManager: SetMarginData, input:3, animation:4, traversal:4, util:600, frameRate:60
11-16 16:21:30.120   882   882 I aptouch_daemon: print_log, touch:0, down:0
11-16 16:21:30.124   681  1277 W /system/bin/netd: A binder object at 0x7df992ff80 is being transacted on, however, this object is in the same process as its proxy. Transacting with this binder is expensive compared to just calling the corresponding functionality in the same process.
11-16 16:21:30.124   681  1277 I PreDnsController: CanPreDnsQuery,persist.sys.predns is false!
11-16 16:21:30.137 10621 10621 I HuaweiIME: flagShowRemindDialog :true
11-16 16:21:30.153  2010  4557 I WindowManager: navColorWin was set to default navbar color so should add SYSTEM_UI_FLAG_LIGHT_NAVIGATION_BAR a518
11-16 16:21:30.166 10621 10621 I HuaweiIME: flagShowRemindDialog :true
11-16 16:21:30.167    48    48 W migration/6: type=1400 audit(0.0:79803): avc: granted { setsched } for pid=48 scontext=u:r:kernel:s0 tcontext=u:r:kernel:s0 tclass=process
11-16 16:21:30.167    54    54 W migration/7: type=1400 audit(0.0:79804): avc: granted { setsched } for pid=54 scontext=u:r:kernel:s0 tcontext=u:r:kernel:s0 tclass=process
11-16 16:21:30.183 17557 17557 I RmeSchedManager: SetMarginData, input:3, animation:4, traversal:4, util:600, frameRate:60
11-16 16:21:30.184 10621 10621 I HuaweiIME: flagShowRemindDialog :true
11-16 16:21:30.250 17557 17557 I RmeSchedManager: SetMarginData, input:3, animation:4, traversal:4, util:600, frameRate:60
11-16 16:21:30.267    54    54 W migration/7: type=1400 audit(0.0:79805): avc: granted { setsched } for pid=54 scontext=u:r:kernel:s0 tcontext=u:r:kernel:s0 tclass=process
11-16 16:21:30.267    48    48 W migration/6: type=1400 audit(0.0:79806): avc: granted { setsched } for pid=48 scontext=u:r:kernel:s0 tcontext=u:r:kernel:s0 tclass=process
11-16 16:21:30.312   882   882 I aptouch_daemon: print_log, touch:1, down:1 (+0)
11-16 16:21:30.314   752   752 W uniperf server: EnterActionProc DoParse failed, cmdId=13120
11-16 16:21:30.314   752   752 D uniperf hal: do UniPerfEvent failed, cmdId=13120, ret=2
11-16 16:21:30.160  2010  4557 I WindowManager: navColorWin was set to default navbar color so should add SYSTEM_UI_FLAG_LIGHT_NAVIGATION_BAR a518
11-16 16:21:30.315  2010  2653 I PowerManagerService: handleSandman: wakefulness: 1,startDreaming: false
11-16 16:21:30.318 10621 10621 I HuaweiIME: flagShowRemindDialog :true
11-16 16:21:30.359  4667  4954 E BoosterUtil: convertSubIdToSlotId failed, subId:0, slotId:-1
11-16 16:21:30.359  4667  4954 E BoosterUtil: getDefaultDataSlotId failed, invalid slotId:-1, subId:0
11-16 16:21:30.387   882   882 I aptouch_daemon: print_log, touch:0, down:0
11-16 16:21:30.403  2010  4557 I WindowManager: navColorWin was set to default navbar color so should add SYSTEM_UI_FLAG_LIGHT_NAVIGATION_BAR a518
11-16 16:21:30.410  2010  6414 I WindowManager: navColorWin was set to default navbar color so should add SYSTEM_UI_FLAG_LIGHT_NAVIGATION_BAR a518
11-16 16:21:30.416 10621 10621 I HuaweiIME: flagShowRemindDialog :true
11-16 16:21:30.422   882   882 I aptouch_daemon: print_log, touch:1, down:1 (+0)
11-16 16:21:30.424   752   752 W uniperf server: EnterActionProc DoParse failed, cmdId=13120
11-16 16:21:30.424   752   752 D uniperf hal: do UniPerfEvent failed, cmdId=13120, ret=2
11-16 16:21:30.425  2010  2653 I PowerManagerService: handleSandman: wakefulness: 1,startDreaming: false
11-16 16:21:30.427    48    48 W migration/6: type=1400 audit(0.0:79807): avc: granted { setsched } for pid=48 scontext=u:r:kernel:s0 tcontext=u:r:kernel:s0 tclass=process
11-16 16:21:30.434 10621 10621 I HuaweiIME: flagShowRemindDialog :true
11-16 16:21:30.444  2010 11971 D HwConnectivityServiceEx: set 1000 wlan0 value false
11-16 16:21:30.445  2010 11971 I chatty  : uid=1000(system) MobileQosDetect expire 11 lines
11-16 16:21:30.496   882   882 I aptouch_daemon: print_log, touch:0, down:0
11-16 16:21:30.520  2010  4557 I WindowManager: navColorWin was set to default navbar color so should add SYSTEM_UI_FLAG_LIGHT_NAVIGATION_BAR a518
11-16 16:21:30.526 18343 18875 I HWBR-O-1111|SplashAdPreloadManager: preloadWithLimit in scheduleTask
11-16 16:21:30.526 18343 18875 I HWBR-O-1111|SplashAdPreloadManager: preloadWithLimit
11-16 16:21:30.527 18343 18875 I HWBR-O-1111|SplashAdPreloadManager: isRunningBackground is true
11-16 16:21:30.533 10621 10621 I HuaweiIME: flagShowRemindDialog :true
11-16 16:21:30.547   882   882 I aptouch_daemon: print_log, touch:1, down:1 (+0)
11-16 16:21:30.548   752   752 W uniperf server: EnterActionProc DoParse failed, cmdId=13120
11-16 16:21:30.549   752   752 D uniperf hal: do UniPerfEvent failed, cmdId=13120, ret=2
11-16 16:21:30.526  2010  4557 I WindowManager: navColorWin was set to default navbar color so should add SYSTEM_UI_FLAG_LIGHT_NAVIGATION_BAR a518
11-16 16:21:30.549  2010  2653 I PowerManagerService: handleSandman: wakefulness: 1,startDreaming: false
11-16 16:21:30.568 10621 10621 I HuaweiIME: flagShowRemindDialog :true
11-16 16:21:30.605   882   882 I aptouch_daemon: print_log, touch:0, down:0
11-16 16:21:30.638  2010  4557 I WindowManager: navColorWin was set to default navbar color so should add SYSTEM_UI_FLAG_LIGHT_NAVIGATION_BAR a518
11-16 16:21:30.650 10621 10621 I HuaweiIME: flagShowRemindDialog :true
11-16 16:21:30.688   882   882 I aptouch_daemon: check_afe_status, afe[204 120 Xa02] [ctrl:X40020 ftr:X8140] dif[72 -107] raw[36345 21353] [exp:X0 aN:0 lo:0]
11-16 16:21:30.644  2010  4557 I WindowManager: navColorWin was set to default navbar color so should add SYSTEM_UI_FLAG_LIGHT_NAVIGATION_BAR a518
11-16 16:21:31.387  4667  4954 E BoosterUtil: convertSubIdToSlotId failed, subId:0, slotId:-1
11-16 16:21:31.387  4667  4954 E BoosterUtil: getDefaultDataSlotId failed, invalid slotId:-1, subId:0
11-16 16:21:31.451  4439  5572 I SmartChgBase/Arb_HidlParam: Apply.[moduleName:BASP, param:dc_vterm_dec, detailsWithValue:source=trigger;event=heartbeat;chargestatus=start;value=20;]
11-16 16:21:31.451  4439  5572 I SmartChgBase/Arb_HidlParam: CalcVtermRoundDec [ret:16, ndcVstep:16, target:20, step:20]
11-16 16:21:31.455   758   758 I power_hidl: ExeSetState type=vterm_dec, value=lvc 16
11-16 16:21:31.455   758   758 I power_hidl: start write compatible, scene: vterm_dec, value: lvc 16
11-16 16:21:31.457   758   758 I power_hidl: ExeSetState success, type=vterm_dec, index=45
11-16 16:21:31.458  4439  5572 I SmartChgBase/Arb_HidlParam: SetHidlValue Success:[module:BASP, scene:vterm_dec, value:lvc 16]
11-16 16:21:31.461   758   758 I power_hidl: ExeSetState type=vterm_dec, value=sc 16
11-16 16:21:31.462   758   758 I power_hidl: start write compatible, scene: vterm_dec, value: sc 16
11-16 16:21:31.462   758   758 I power_hidl: ExeSetState success, type=vterm_dec, index=45
11-16 16:21:31.463  4439  5572 I SmartChgBase/Arb_HidlParam: SetHidlValue Success:[module:BASP, scene:vterm_dec, value:sc 16]
11-16 16:21:31.467   758   758 I power_hidl: ExeSetState type=vterm_dec, value=wl_sc 16
11-16 16:21:31.467   758   758 I power_hidl: start write compatible, scene: vterm_dec, value: wl_sc 16
11-16 16:21:31.468   758   758 I power_hidl: ExeSetState success, type=vterm_dec, index=45
11-16 16:21:31.469  4439  5572 I SmartChgBase/Arb_HidlParam: SetHidlValue Success:[module:BASP, scene:vterm_dec, value:wl_sc 16]
11-16 16:21:31.469  4439  5572 I SmartChgBase/Arb_HidlParam: Apply.[moduleName:BASP, param:ichg_ratio, detailsWithValue:source=trigger;event=heartbeat;chargestatus=start;value=90;]
11-16 16:21:31.472   758   758 I power_hidl: ExeSetState type=ichg_ratio, value=all 90
11-16 16:21:31.472   758   758 I power_hidl: start write compatible, scene: ichg_ratio, value: all 90
11-16 16:21:31.472   758   758 I power_hidl: ExeSetState success, type=ichg_ratio, index=46
11-16 16:21:31.473  4439  5572 I SmartChgBase/Arb_HidlParam: SetHidlValue Success:[module:BASP, scene:ichg_ratio, value:all 90]
11-16 16:21:31.473  4439  5572 I SmartChgBase/Arb_HidlParam: Apply.[moduleName:BASP, param:nondc_vterm_dec, detailsWithValue:source=trigger;event=heartbeat;chargestatus=start;value=20;]
11-16 16:21:31.473  4439  5572 I SmartChgBase/Arb_HidlParam: CalcVtermRoundDec [ret:16, ndcVstep:16, target:20, step:20]
11-16 16:21:31.476   758   758 I power_hidl: ExeSetState type=vterm_dec, value=dcp 16
11-16 16:21:31.476   758   758 I power_hidl: start write compatible, scene: vterm_dec, value: dcp 16
11-16 16:21:31.476   758   758 I power_hidl: ExeSetState success, type=vterm_dec, index=45
11-16 16:21:31.477  4439  5572 I SmartChgBase/Arb_HidlParam: SetHidlValue Success:[module:BASP, scene:vterm_dec, value:dcp 16]
11-16 16:21:31.479   758   758 I power_hidl: ExeSetState type=vterm_dec, value=fcp 16
11-16 16:21:31.479   758   758 I power_hidl: start write compatible, scene: vterm_dec, value: fcp 16
11-16 16:21:31.480   758   758 E power_hidl: file /sys/devices/virtual/hw_power/interface/vterm_dec write failed
11-16 16:21:31.480   758   758 E power_hidl: write fcp 16 to /sys/class/hw_power/interface/vterm_dec fail
11-16 16:21:31.480   758   758 I power_hidl: ExeSetState success, type=vterm_dec, index=45
11-16 16:21:31.480  4439  5572 E SmartChgBase/Arb_HidlParam: SetHidlValue Fail: Hidl Set Fail [ret:1, module:BASP, scene:vterm_dec, value:fcp 16]
11-16 16:21:31.483   758   758 I power_hidl: ExeSetState type=vterm_dec, value=pd 16
11-16 16:21:31.483   758   758 I power_hidl: start write compatible, scene: vterm_dec, value: pd 16
11-16 16:21:31.483   758   758 I power_hidl: ExeSetState success, type=vterm_dec, index=45
11-16 16:21:31.484  4439  5572 I SmartChgBase/Arb_HidlParam: SetHidlValue Success:[module:BASP, scene:vterm_dec, value:pd 16]
11-16 16:21:31.486   758   758 I power_hidl: ExeSetState type=vterm_dec, value=wl 16
11-16 16:21:31.486   758   758 I power_hidl: start write compatible, scene: vterm_dec, value: wl 16
11-16 16:21:31.486   758   758 I power_hidl: ExeSetState success, type=vterm_dec, index=45
11-16 16:21:31.487  4439  5572 I SmartChgBase/Arb_HidlParam: SetHidlValue Success:[module:BASP, scene:vterm_dec, value:wl 16]
11-16 16:21:31.488   758   758 I power_hidl: ExeSetState type=basp_coul_vdec, value=16
11-16 16:21:31.488   758   758 I power_hidl: start hvdp mmi test, type=basp_coul_vdec, value=16
11-16 16:21:31.489   758   758 I power_hidl: ExeSetState success, type=basp_coul_vdec, index=52
11-16 16:21:31.489  4439  5572 I SmartChgBase/Arb_HidlParam: SetHidlValue Success:[module:BASP, scene:basp_coul_vdec, value:16]
11-16 16:21:31.490  4439  5572 I SmartChgBase/Arb_HidlParam: Apply Skipped: IsApplyExcept return true. [moduleName:ASW, param:soc_control, detailsWithValue:source=trigger;event=heartbeat;chargestatus=start;value=1 95 100 1 1;]
11-16 16:21:31.490  4439  5545 E SmartChgBase/File: file /data/user_de/0/com.huawei.systemmanager/files/smart_charge/base/mock/enable is invalid in IsFileExist
11-16 16:21:31.490  4439  5545 E SmartChgBase/File: file /data/user_de/0/com.huawei.systemmanager/files/smart_charge/base/mock/enable is invalid in IsFileExist
11-16 16:21:31.742 16593 16593 I wpa_supplicant: TDLS: Discard message - TDLS disabled or unsupported by driver
11-16 16:21:31.796   681  1156 I         : ApiCount[0, 0, 0, 170, 0, 0, 0, 4, 0, 0, 354, 406, 0, 38, 14, 0, 45, 0, 3537, 9402]
11-16 16:21:31.817   882   882 I aptouch_daemon: print_log, touch:1, down:1 (+0)
11-16 16:21:31.823   752   752 W uniperf server: EnterActionProc DoParse failed, cmdId=13120
11-16 16:21:31.823   752   752 D uniperf hal: do UniPerfEvent failed, cmdId=13120, ret=2
11-16 16:21:31.826  2010  2653 I PowerManagerService: handleSandman: wakefulness: 1,startDreaming: false
11-16 16:21:31.826  2010  2621 I chatty  : uid=1000(system) android.ui expire 14 lines
11-16 16:21:31.836 10621 10621 I HuaweiIME: flagShowRemindDialog :true
11-16 16:21:31.882   882   882 I aptouch_daemon: print_log, touch:0, down:0
11-16 16:21:31.888 10621 10621 I HuaweiIME: flagShowRemindDialog :true
11-16 16:21:31.904 10621 10621 I HuaweiIME: flagShowRemindDialog :true
11-16 16:21:31.915  4667  6060 I chatty  : uid=1000(system) LteRecoveryEngi expire 15 lines
11-16 16:21:32.042  2010  4557 D HwConnectivityServiceEx: set 10231 wlan0 value false
11-16 16:21:32.410  4667  4954 E BoosterUtil: convertSubIdToSlotId failed, subId:0, slotId:-1
11-16 16:21:32.410  4667  4954 E BoosterUtil: getDefaultDataSlotId failed, invalid slotId:-1, subId:0
11-16 16:21:32.686   882   882 I aptouch_daemon: print_log, touch:1, down:1 (+0)
11-16 16:21:32.691   752   752 W uniperf server: EnterActionProc DoParse failed, cmdId=13120
11-16 16:21:32.692   752   752 D uniperf hal: do UniPerfEvent failed, cmdId=13120, ret=2
11-16 16:21:32.694  2010  2653 I PowerManagerService: handleSandman: wakefulness: 1,startDreaming: false
11-16 16:21:32.709 10621 10621 I HuaweiIME: flagShowRemindDialog :true
11-16 16:21:32.790 10621 10621 I HuaweiIME: flagShowRemindDialog :true
11-16 16:21:32.908 10621 10621 I HuaweiIME: flagShowRemindDialog :true
11-16 16:21:32.923 10621 10621 I HuaweiIME: flagShowRemindDialog :true
11-16 16:21:32.973 10621 10621 I HuaweiIME: flagShowRemindDialog :true
11-16 16:21:32.987    48    48 W migration/6: type=1400 audit(0.0:79815): avc: granted { setsched } for pid=48 scontext=u:r:kernel:s0 tcontext=u:r:kernel:s0 tclass=process
11-16 16:21:32.990 10621 10621 I HuaweiIME: flagShowRemindDialog :true
11-16 16:21:33.073 10621 10621 I HuaweiIME: flagShowRemindDialog :true
11-16 16:21:33.075   882   882 I aptouch_daemon: print_log, touch:0, down:0
11-16 16:21:33.089 10621 10621 I HuaweiIME: flagShowRemindDialog :true
11-16 16:21:33.087    54    54 W migration/7: type=1400 audit(0.0:79816): avc: granted { setsched } for pid=54 scontext=u:r:kernel:s0 tcontext=u:r:kernel:s0 tclass=process
11-16 16:21:33.267    54    54 W migration/7: type=1400 audit(0.0:79817): avc: granted { setsched } for pid=54 scontext=u:r:kernel:s0 tcontext=u:r:kernel:s0 tclass=process
11-16 16:21:33.267    48    48 W migration/6: type=1400 audit(0.0:79818): avc: granted { setsched } for pid=48 scontext=u:r:kernel:s0 tcontext=u:r:kernel:s0 tclass=process
11-16 16:21:33.430  4667  5956 I chatty  : uid=1000(system) JNITID-5956 expire 70 lines
11-16 16:21:32.894  2010  2653 I chatty  : uid=1000(system) PowerManagerSer identical 2 lines
11-16 16:21:32.995  2010  2653 I PowerManagerService: handleSandman: wakefulness: 1,startDreaming: false
11-16 16:21:33.432  4667  4954 E BoosterUtil: convertSubIdToSlotId failed, subId:0, slotId:-1
11-16 16:21:33.432  4667  4954 E BoosterUtil: getDefaultDataSlotId failed, invalid slotId:-1, subId:0
11-16 16:21:33.432  4667  4954 I chatty  : uid=1000(system) OllieAwareThrea expire 29 lines
11-16 16:21:33.436  4667  5324 I chatty  : uid=1000(system) EmcomThread expire 69 lines
11-16 16:21:33.553   882   882 I aptouch_daemon: print_log, touch:1, down:1 (+0)
11-16 16:21:33.557   752   752 W uniperf server: EnterActionProc DoParse failed, cmdId=13120
11-16 16:21:33.557   752   752 D uniperf hal: do UniPerfEvent failed, cmdId=13120, ret=2
11-16 16:21:33.559  2010  2653 I PowerManagerService: handleSandman: wakefulness: 1,startDreaming: false
11-16 16:21:33.570 10621 10621 I HuaweiIME: flagShowRemindDialog :true
11-16 16:21:33.654 10621 10621 I HuaweiIME: flagShowRemindDialog :true
11-16 16:21:33.667    48    48 W migration/6: type=1400 audit(0.0:79819): avc: granted { setsched } for pid=48 scontext=u:r:kernel:s0 tcontext=u:r:kernel:s0 tclass=process
11-16 16:21:33.671 10621 10621 I HuaweiIME: flagShowRemindDialog :true
11-16 16:21:33.837 10621 10621 I HuaweiIME: flagShowRemindDialog :true
11-16 16:21:33.852   882   882 I aptouch_daemon: print_log, touch:0, down:0
11-16 16:21:33.854 10621 10621 I HuaweiIME: flagShowRemindDialog :true
11-16 16:21:33.870 10621 10621 I HuaweiIME: flagShowRemindDialog :true
11-16 16:21:34.110   681 15256 I netd    : trafficSwapActiveStatsMap() <0.41ms>
11-16 16:21:34.445 24423 24444 I PERF_LOG: GC.happened gc!!!!!!!!!
11-16 16:21:34.451  2010  3971 I chatty  : uid=1000(system) HuaweiWifiWatch expire 26 lines
11-16 16:21:33.661  2010  2653 I chatty  : uid=1000(system) PowerManagerSer identical 1 line
11-16 16:21:33.761  2010  2653 I PowerManagerService: handleSandman: wakefulness: 1,startDreaming: false
11-16 16:21:34.454  2010 11971 D HwConnectivityServiceEx: set 1000 wlan0 value false
11-16 16:21:34.456  4667  4954 E BoosterUtil: convertSubIdToSlotId failed, subId:0, slotId:-1
11-16 16:21:34.457  4667  4954 E BoosterUtil: getDefaultDataSlotId failed, invalid slotId:-1, subId:0
11-16 16:21:34.631   882   882 I aptouch_daemon: print_log, touch:1, down:1 (+0)
11-16 16:21:34.636   752   752 W uniperf server: EnterActionProc DoParse failed, cmdId=13120
11-16 16:21:34.636   752   752 D uniperf hal: do UniPerfEvent failed, cmdId=13120, ret=2
11-16 16:21:34.639  2010  2653 I PowerManagerService: handleSandman: wakefulness: 1,startDreaming: false
11-16 16:21:34.654 10621 10621 I HuaweiIME: flagShowRemindDialog :true
11-16 16:21:34.693   882   882 I aptouch_daemon: print_log, touch:0, down:0
11-16 16:21:34.698   681  1277 W /system/bin/netd: A binder object at 0x7df992ff80 is being transacted on, however, this object is in the same process as its proxy. Transacting with this binder is expensive compared to just calling the corresponding functionality in the same process.
11-16 16:21:34.699   681  1277 I PreDnsController: CanPreDnsQuery,persist.sys.predns is false!
11-16 16:21:34.706 10621 10621 I HuaweiIME: flagShowRemindDialog :true
11-16 16:21:34.707    48    48 W migration/6: type=1400 audit(0.0:79823): avc: granted { setsched } for pid=48 scontext=u:r:kernel:s0 tcontext=u:r:kernel:s0 tclass=process
11-16 16:21:34.707    54    54 W migration/7: type=1400 audit(0.0:79824): avc: granted { setsched } for pid=54 scontext=u:r:kernel:s0 tcontext=u:r:kernel:s0 tclass=process
11-16 16:21:34.719  2010  5443 I WindowManager: navColorWin was set to default navbar color so should add SYSTEM_UI_FLAG_LIGHT_NAVIGATION_BAR a518
11-16 16:21:34.725  2010  5433 I WindowManager: navColorWin was set to default navbar color so should add SYSTEM_UI_FLAG_LIGHT_NAVIGATION_BAR a518
11-16 16:21:34.729 10621 10621 I HuaweiIME: flagShowRemindDialog :true
11-16 16:21:34.730 10621 10635 W System  : A resource failed to call close.
11-16 16:21:34.730 10621 10635 W System  : A resource failed to call close.
11-16 16:21:34.827    54    54 W migration/7: type=1400 audit(0.0:79825): avc: granted { setsched } for pid=54 scontext=u:r:kernel:s0 tcontext=u:r:kernel:s0 tclass=process
11-16 16:21:34.827    48    48 W migration/6: type=1400 audit(0.0:79826): avc: granted { setsched } for pid=48 scontext=u:r:kernel:s0 tcontext=u:r:kernel:s0 tclass=process
11-16 16:21:34.919 10621 10621 I HuaweiIME: flagShowRemindDialog :true
11-16 16:21:35.058  2010  5433 D HwConnectivityServiceEx: set 10231 wlan0 value false
11-16 16:21:35.094   882   882 I aptouch_daemon: print_log, touch:1, down:1 (+0)
11-16 16:21:35.096   752   752 W uniperf server: EnterActionProc DoParse failed, cmdId=13120
11-16 16:21:35.096   752   752 D uniperf hal: do UniPerfEvent failed, cmdId=13120, ret=2
11-16 16:21:35.098  2010  2653 I PowerManagerService: handleSandman: wakefulness: 1,startDreaming: false
11-16 16:21:35.101 10621 10621 I HuaweiIME: flagShowRemindDialog :true
11-16 16:21:35.144   882   882 I aptouch_daemon: print_log, touch:0, down:0
11-16 16:21:35.151 10621 10621 I HuaweiIME: flagShowRemindDialog :true
11-16 16:21:35.160  2010  4214 I chatty  : uid=1000(system) Binder:2010_B expire 7 lines
11-16 16:21:35.161 17557 17557 W HwRemoteInputMethodManager: isCasting false because IHwDistributedWindowManager is invalid.
11-16 16:21:35.162  4297  5488 I PGServer: report state:10006 event type:1 pid:0 uid:0 pkg:null to pid: 4297
11-16 16:21:35.164   765  1027 D AudioPolicyService: getUidState(10074) cacheIter->second.first, return cacheIter->second.second(3)
11-16 16:21:35.166 10621 10687 I ImeNamedRunnable: Thread pool-1-thread-1, Runnable named CloudDataManager:clearItems, use time 0ms
11-16 16:21:35.168 17557 17557 W InputMethodManager: startInputReason = 4
11-16 16:21:35.168 17557 17557 W HwRemoteInputMethodManager: isCasting false because IHwDistributedWindowManager is invalid.
11-16 16:21:35.169  2010  4214 D HwInputMethodManagerService: isSecMethodUsing = false
11-16 16:21:35.167    48    48 W migration/6: type=1400 audit(0.0:79827): avc: granted { setsched } for pid=48 scontext=u:r:kernel:s0 tcontext=u:r:kernel:s0 tclass=process
11-16 16:21:35.176   769  2657 W BufferQueueProducer: [InputMethod#0]:1390: disconnect: not connected (req=1)
11-16 16:21:35.176 10621 10762 W libEGL  : EGLNativeWindowType 0xc13976c8 disconnect failed
11-16 16:21:35.182  2010  4214 I WindowManager: dispatchResized : win = Window{10b8cb1 u0 cn.missevan/cn.missevan.activity.MainActivity} drawState = HAS_DRAWN
11-16 16:21:35.186 10621 10621 D Tinker.DefaultAppLike: onTrimMemory level:20
11-16 16:21:35.187 10621 10621 I guohongxin_haha: whiteList :1
11-16 16:21:35.188 10621 10621 I guohongxin_haha: intervalTime :3600000
11-16 16:21:35.188 10621 10681 I ImeNamedRunnable: Thread pool-6-thread-1, Runnable named igsm::onStartInput, use time 0ms
11-16 16:21:35.188 10621 10687 I ImeNamedRunnable: Thread pool-1-thread-1, Runnable named iinputm::onStartInput, use time 0ms
11-16 16:21:35.190 10621 10621 I ring_expand: floatImeState : false
11-16 16:21:35.190 10621 10621 I ring_expand: isLeftrightSplit : false
11-16 16:21:35.190 10621 10621 I ring_expand: is_compress : false
11-16 16:21:35.190 10621 10621 I ring_expand: final Global.screenW = 1176
11-16 16:21:35.190 10621 10621 I HuaweiIME: SysInfo.getSysParam: orientation=1||config d=3.0,w=1176,h=2328||metrics d=3.0,w=1176,h=2328||sdk=29,bar_h=72||appScale=3.3,sysScale=3.0||isMultiWin=false,isPadMode=false, boardw=1176, boardH=705, candH=130, boardL=24, boardR=1152, ver=8.2.39.394, realW=1176, realH=2400, isInLargeWinMode=false, displayId=0, cuid=4C0287-GCECEG-98C264-297267-0814C4-7B
11-16 16:21:35.191 10621 10621 I HuaweiIME: isPortrait-adjustOffset-r: 5
11-16 16:21:35.191 10621 10621 I HuaweiIME:  isNight : false
11-16 16:21:35.369 17557 17557 W HwRemoteInputMethodManager: isCasting false because IHwDistributedWindowManager is invalid.
11-16 16:21:35.385  2010  2624 I WindowManager: Exit animation finished in Window{cc4b05 u0 InputMethod EXITING}: remove=false
11-16 16:21:35.388 17557 17557 I HwViewRootImpl: removeInvalidNode all the node in jank list is out of time
11-16 16:21:35.404  2010  2624 I HwPhoneWindowManager: StatusToSurfaceFlinger Window{10b8cb1 u0 cn.missevan/cn.missevan.activity.MainActivity} sideMode = 1 notchMode = 0 dataIn val = 4
11-16 16:21:35.405   769  1987 D SurfaceFlingerEx: surfaceStatus: = 4
11-16 16:21:35.405   769  1987 I RoundCornerDisplay: [OnSurfaceStatusChanged]hidestatus is not changed: new = 0, old = 0
11-16 16:21:35.405   769  1987 I RoundCornerDisplay: [OnSurfaceStatusChanged]sideRegionStatus is not changed: sideRegionStatus = 1, m_sideRegionMode = 0
11-16 16:21:35.482  4667  4954 E BoosterUtil: convertSubIdToSlotId failed, subId:0, slotId:-1
11-16 16:21:35.482  4667  4954 E BoosterUtil: getDefaultDataSlotId failed, invalid slotId:-1, subId:0
11-16 16:21:36.010  2010  5443 D HwConnectivityServiceEx: set 10231 NULL value false
11-16 16:21:36.106  2010  2781 I chatty  : uid=1000(system) AlarmManager expire 6 lines
11-16 16:21:36.107  2010  2781 I ActivityManager: sendIntentSender target:PendingIntentRecord{e0b74d com.tencent.mobileqq broadcastIntent}, intent:flg=0x4 hwFlg=0x810
11-16 16:21:36.108  2010  2781 E HwActivityTaskManagerServiceEx: isNeedInterceptStart isNeedInterceptAlarm getPackageUid exception
11-16 16:21:36.110  2010  2653 I PowerManagerService: handleSandman: wakefulness: 1,startDreaming: false
11-16 16:21:36.114  2010  2781 I ActivityManager: sendIntentSender target:PendingIntentRecord{134d809 android broadcastIntent}, intent:flg=0x4 hwFlg=0x810
11-16 16:21:36.114  2010  2781 E HwActivityTaskManagerServiceEx: isNeedInterceptStart isNeedInterceptAlarm getPackageUid exception
11-16 16:21:36.116  2010  2781 I ActivityManager: sendIntentSender target:PendingIntentRecord{13ae111 com.tencent.mm broadcastIntent}, intent:flg=0x4 hwFlg=0x810
11-16 16:21:36.117  2010  5433 V BroadcastQueue: Finished with ordered broadcast BroadcastRecord{1406741 u0 com.tencent.mobileqq:MSF_12654909}
11-16 16:21:36.117  2010  3901 I chatty  : uid=1000(system) LocationHander expire 49 lines
11-16 16:21:36.117  2010  2781 E HwActivityTaskManagerServiceEx: isNeedInterceptStart isNeedInterceptAlarm getPackageUid exception
11-16 16:21:36.118  2010  2653 I PowerManagerService: handleSandman: wakefulness: 1,startDreaming: false
11-16 16:21:36.119  2010  3901 V BroadcastQueue: Finished with ordered broadcast BroadcastRecord{140668b u0 com.android.internal.location.ALARM_WAKEUP}
11-16 16:21:36.119  2010  2781 I ActivityManager: sendIntentSender target:PendingIntentRecord{f3b681 com.huawei.systemmanager broadcastIntent}, intent:flg=0x4 hwFlg=0x810
11-16 16:21:36.122  2010  2646 V BroadcastQueue: Finished with ordered broadcast BroadcastRecord{1406775 u0 com.tencent.mm.TrafficStatsReceiver}
11-16 16:21:36.124   741   741 I chatty  : uid=1000(system) gnss@2.0-servic expire 8 lines
11-16 16:21:36.124   741  4520 I chatty  : uid=1000(system) hisignss expire 108 lines
11-16 16:21:36.125  2010  3901 W SettingsEx: SettingsEx.Systemex.getInt deprecated use Settings.System.getInt instead, callers = com.android.server.location.HwCmccGpsFeature.setDelAidData:1361764 com.android.server.location.HwGnssLocationProvider.hwHandleMessage:1759480 com.android.server.location.GnssLocationProvider.startNavigating:2940896
11-16 16:21:36.126  1071 14005 I FusionD : (FdAddEvent:302):before mutex:0.
11-16 16:21:36.126  1071  1126 I FusionD : (FdEventProcThread:1585):handle event 0.
11-16 16:21:36.126  1071  1126 I FusionD : (FdStartGnss:1399):gnss start.
11-16 16:21:36.126  1071 14005 I FusionD : (sendLocationSourceStatus:1294):send cmd ret[0] type [0] status [1].
11-16 16:21:36.127  2220  2220 W HIGNSS  : PE_MGR:set position mode, pos_mode:1, pos_recurrence:0, interval:1000, pref_acc:0, pref_time:0, low_power_mode:0
11-16 16:21:36.127  2220 28779 W HIGNSS  : PE_MGR:[RDDT] timeout wait
11-16 16:21:36.128  2010  4163 I chatty  : uid=1000(system) HwBinder:2010_4 expire 27 lines
11-16 16:21:36.129  2220  2220 W HIGNSS  : PE_BITAID:gps bit aid file:/data/vendor/gnss/nav_bit_aid.dat not exists
11-16 16:21:36.129  2220  2220 W HIGNSS  : PE_BITAID:glo bit aid file:/data/vendor/gnss/nav_bit_aid_glo.dat not exists
11-16 16:21:36.129 21552 21609 I chatty  : uid=1000(system) higeo_callback_ expire 24 lines
11-16 16:21:36.130  2010  5433 I chatty  : uid=1000(system) Binder:2010_11 expire 11 lines
11-16 16:21:36.132  4624  4827 D SensorManager: 0x7ee0a20d70 addFd fd=126
11-16 16:21:36.132  1071 14005 E FusionD : (FdMsgProcessing:965):Msg Id is invalid!
11-16 16:21:36.133  1071 14005 I AR_FusionD: (SendMessage:432):socket 14 send 44 data:
11-16 16:21:36.133  1071 14005 I FusionD : (sendBatteryState:150):FusdLbs: sendBatteryState.
11-16 16:21:36.134 21552 21585 I chatty  : uid=1000(system) higeo_manager_h expire 4 lines
11-16 16:21:36.134  1071  1126 I FusionD : (SendGnssStatus:476):SendGnssStatus:1.
11-16 16:21:36.134  1055  1055 E Sensors@1.2-impl: Sensors::batch: sensorHandle: 0, samplingPeriodNs: 200000000, maxReportLatencyNs: 0
11-16 16:21:36.135  1055  1055 I Sensors@1.2-impl: IsConfigParamNeedUpdate: service: 2010, sensor: 0, first set config, create it
11-16 16:21:36.135  1055  1055 I Sensors@1.2-impl: SetReportConfig: the sensor not find, create it
11-16 16:21:36.135  1055  1055 I Sensors@1.2-impl: GetSensorConfig: sensor: 0, Can't get param
11-16 16:21:36.135  1055  1055 I Sensors@1.2-impl: GetSensorConfig: sensor: 0, Can't get param
11-16 16:21:36.136  1071  1126 I FusionD : (FlpEnableAr_v2:609):start AR.
11-16 16:21:36.136  1071  1126 I FusionD : (FdStartGnss:1446):gnss start done.
11-16 16:21:36.136  1055  1055 I Sensors@1.2-impl: JudgeOptimizeConfig: sensor: 0, oldPeriod: 0, initPeroid: 200000000
11-16 16:21:36.137  1055  1055 I Sensors@1.2-impl: SetOptimizeConfig: sensor: 0 first setconfig, create it
11-16 16:21:36.137  1055  1055 I Sensors@1.2-impl: GetSampleFifoConfig: sensor: 0, period: 200000000, reportDelay: 0
11-16 16:21:36.137  1055  1055 I SensorHub: batch called handle:0 sampleNs:200000000 latencyNs:0
11-16 16:21:36.137  1055  1055 I SensorHub: in Batch, handle = 0, flags = 0, periodNs = 200000000, timeout = 0
11-16 16:21:36.138  2010  4214 V BroadcastQueue: Finished with ordered broadcast BroadcastRecord{140670d u0 com.huawei.hwsystemmanager.power.SCHEDULE_RECORD_REMAING_TIME_SCENE}
11-16 16:21:36.139  1055  1055 I Sensors@1.2-impl: activate-0 enabled-1 fwkOals-1 camOals-0 fwkOcolor-0 camOcolor-0 fwkOtof-0 camOtof-0
11-16 16:21:36.139  1055  1055 I Sensors@1.2-impl: GetTotalOpenCnt: The sensor haven't open
11-16 16:21:36.139  1055  1055 I Sensors@1.2-impl: IsOpenNeedUpdate: service: 2010, sensor: 0, open: 1, openCnt: 0
11-16 16:21:36.139  1055  1055 I SensorHub: Activate, handle: 0, enabled:1, err: 0
11-16 16:21:36.139  1071 14005 E FusionD : (FdMsgProcessing:965):Msg Id is invalid!
11-16 16:21:36.139  1071 14005 I AR_FusionD: (SendMessage:432):socket 14 send 44 data:
11-16 16:21:36.139  1071 14005 I FusionD : (sendScreenState:170):FusdLbs: sendScreenState.
11-16 16:21:36.142  2010  2747 I chatty  : uid=1000(system) Binder:2010_3 expire 10 lines
11-16 16:21:36.144  1071 14005 E FusionD : (FdMsgProcessing:965):Msg Id is invalid!
11-16 16:21:36.144  1071 14005 I AR_FusionD: (SendMessage:432):socket 14 send 44 data:
11-16 16:21:36.144  1071 14005 I FusionD : (sendNetworkRoamingState:190):FusdLbs: sendNetworkRoamingState.
11-16 16:21:36.146  4624  4827 E HiGeoSessionEvent:  higeo event error : 21
11-16 16:21:36.148   727   761 I ArHal   : (ArDataNetlinkCb:942):cmd[2].length[336]
11-16 16:21:36.148  1071  1125 I FusionD : (FdOnArData:493):ar count 1
11-16 16:21:36.148   727   762 I AR_impl : ActChangedCb start count[14]
11-16 16:21:36.148  1071  1125 I AR_FusionD: (SendMessage:432):socket 14 send 32 data:
11-16 16:21:36.149 20069 22799 I LBSLog_HwNLPService: [I/HwLocation/LBSLog_HwNLPService 20069:6799 null:2] registerGPSTime in
11-16 16:21:36.150  4624  4827 E HiGeoSessionEvent:  higeo event error : 21
11-16 16:21:36.150  1071  1125 I FusionD : (SetArStatus:547):setArStatus done.
11-16 16:21:36.150  1071  1125 I FusionD : (FdOnArData:493):ar count 1
11-16 16:21:36.150  1071  1125 I AR_FusionD: (SendMessage:432):socket 14 send 32 data:
11-16 16:21:36.152 20069 22799 I APKUtil : [I/HwLocation/APKUtil 20069:6799 null:2] getPackageInfo From Cache
11-16 16:21:36.153  1071  1125 I FusionD : (SetArStatus:547):setArStatus done.
11-16 16:21:36.153  1071  1125 I FusionD : (FdOnArData:493):ar count 1
11-16 16:21:36.153  1071  1125 I AR_FusionD: (SendMessage:432):socket 14 send 32 data:
11-16 16:21:36.155  4624  4827 E HiGeoSessionEvent:  higeo event error : 22
11-16 16:21:36.155   727   762 I AR_impl : able to onActivityChangedV1_1
11-16 16:21:36.155   727   762 I AR_impl : ActChangedCb end, pid[727]
11-16 16:21:36.155  1071  1125 I FusionD : (SetArStatus:547):setArStatus done.
11-16 16:21:36.155  1071  1125 I FusionD : (FdOnArData:493):ar count 1
11-16 16:21:36.155  1071  1125 I AR_FusionD: (SendMessage:432):socket 14 send 32 data:
11-16 16:21:36.156  1071  1125 I FusionD : (SetArStatus:547):setArStatus done.
11-16 16:21:36.156  1071  1125 I FusionD : (FdOnArData:493):ar count 1
11-16 16:21:36.156  1071  1125 I AR_FusionD: (SendMessage:432):socket 14 send 32 data:
11-16 16:21:36.157  1071  1125 I FusionD : (SetArStatus:547):setArStatus done.
11-16 16:21:36.157  1071  1125 I FusionD : (FdOnArData:493):ar count 1
11-16 16:21:36.157  1071  1125 I AR_FusionD: (SendMessage:432):socket 14 send 32 data:
11-16 16:21:36.158  1071  1125 I FusionD : (SetArStatus:547):setArStatus done.
11-16 16:21:36.159  1071 14005 E FusionD : (FdMsgProcessing:965):Msg Id is invalid!
11-16 16:21:36.159  1071 14005 I AR_FusionD: (SendMessage:432):socket 14 send 44 data:
11-16 16:21:36.159  1071 14005 I FusionD : (sendMapNavigatingState:328):FusdLbs: sendMapNavigatingState.
11-16 16:21:36.160  2010  3953 I chatty  : uid=1000(system) PermissionUsing expire 6 lines
11-16 16:21:36.161  2010  2653 I PowerManagerService: handleSandman: wakefulness: 1,startDreaming: false
11-16 16:21:36.167 21552 21579 I chatty  : uid=1000(system) LocationThread expire 48 lines
11-16 16:21:36.172  4599  6890 I HwNaturalBase: [CommonHandler]: 35164Kb ram is used.
11-16 16:21:36.167    48    48 W migration/6: type=1400 audit(0.0:79833): avc: granted { setsched } for pid=48 scontext=u:r:kernel:s0 tcontext=u:r:kernel:s0 tclass=process
11-16 16:21:36.167    54    54 W migration/7: type=1400 audit(0.0:79834): avc: granted { setsched } for pid=54 scontext=u:r:kernel:s0 tcontext=u:r:kernel:s0 tclass=process
11-16 16:21:36.174 21552 21588 I chatty  : uid=1000(system) LocationListene expire 6 lines
11-16 16:21:36.174  1071 14005 I FusionD : (sendHDGnssMode:209):FusdLbs: hdGnssModeState.0
11-16 16:21:36.174  4439  4439 D StatusBarManager: statusBarServiceBinder true
11-16 16:21:36.174  4439  4439 D StatusBarManager: Transact: transferToStatusbarIcon to status bar service
11-16 16:21:36.175  1071 14005 I FusionD : (FdSendSavePowerMode:941):isSavePowerMode: 0
11-16 16:21:36.175  1071 14005 I FusionD : (CheckSavePowerMode:287):FusdLbs: RTK_SAVE_POWER_MODE. isSavePowerMode: 0
11-16 16:21:36.175  4088 23004 I HwCommandQueue: CommandQueue, setStatusBarShowIcon type2isShow:false
11-16 16:21:36.176  4439  4439 D StatusBarManager: statusBarServiceBinder true
11-16 16:21:36.176  4439  4439 D StatusBarManager: Transact: transferToStatusbarIcon to status bar service
11-16 16:21:36.176  4088 23004 I HwCommandQueue: CommandQueue, setStatusBarShowIcon type1isShow:false
11-16 16:21:36.177  1071 14005 I FusionD : (sendMccCode:229):FusdLbs: sendMccCode.460
11-16 16:21:36.178  4439  4439 D StatusBarManager: statusBarServiceBinder true
11-16 16:21:36.178  4439  4439 D StatusBarManager: Transact: transferToStatusbarIcon to status bar service
11-16 16:21:36.178  4088 23004 I HwCommandQueue: CommandQueue, setStatusBarShowIcon type3isShow:false
11-16 16:21:36.167  2010  2653 I PowerManagerService: handleSandman: wakefulness: 1,startDreaming: false
11-16 16:21:36.180  2010  2647 D ActivityManager: setPrivilegeType r: ServiceRecord{10c70a9 u0 com.huawei.systemmanager/com.huawei.securitycenter.permission.service.permissionuse.PermissionUsingService}, interfaceDescriptor : com.huawei.securitycenter.IHwSecService
11-16 16:21:36.182  2010  6414 I HwActivityTaskManagerServiceEx: registerHwActivityNotifier notifier: android.app.IHwActivityNotifier$Stub$Proxy@1159d3b, reason: activityLifeState, callingUid: 1000 callingPid: 4439
11-16 16:21:36.183  2010  6414 I HwActivityTaskManagerServiceEx: registerHwActivityNotifier notifier: android.app.IHwActivityNotifier$Stub$Proxy@1159d11, reason: systemAlertWindowChange, callingUid: 1000 callingPid: 4439
11-16 16:21:36.183  4439 15659 W HSC_BG_FoldScreenManagerAdapter: onStart: only enable for foldable device!
11-16 16:21:36.185  4439 15659 D StatusBarManager: statusBarServiceBinder true
11-16 16:21:36.186  4439 15659 D StatusBarManager: Transact: transferToStatusbarIcon to status bar service
11-16 16:21:36.186  4088 23004 I HwCommandQueue: CommandQueue, setStatusBarShowIcon type3isShow:true
11-16 16:21:36.201  2220  2220 W HIGNSS  : PE_MGR:Received AF_IMMEDIATE_START
11-16 16:21:36.206  4088  4088 I AnimatedImageView: onVisibilityChanged state:0
11-16 16:21:36.206  4088  4088 I chatty  : uid=10061(com.huawei.magazine) com.android.systemui identical 1 line
11-16 16:21:36.207  4088  4088 I AnimatedImageView: onVisibilityChanged state:0
11-16 16:21:36.207  2220  2286 W HIGNSS  : AGNSSMGR:agnss so dlopen success!! dlerror:(null)
11-16 16:21:36.207  4088  4088 I AnimatedImageView: onVisibilityChanged state:0
11-16 16:21:36.208  2220 18679 W HIGNSS  : HISUPL:PrivateCheckAndAssignSesID: sess num before:0, arrange new id:0, status:0x00000000
11-16 16:21:36.209  2220  2285 W HIGNSS  : RIL:send_single_line_cmd_single_result error!
11-16 16:21:36.213  2220  2285 W HIGNSS  : RIL:send_single_line_cmd_single_result error!
11-16 16:21:36.221  2220 18685 W HIGNSS  : HISUPL:SessId:0:RunProtocolEngine: FetchSetId returned 0xffffffff
11-16 16:21:36.222  4624  4833 I NcDftChip: NcChipDftEvent receive:NcChipDftEvent{Id=910800039, Length=20, Flag=1}
11-16 16:21:36.222  4624  4826 I PgnssNcChipNative: 910800039 changeDataToObj: 20, 18, 0, 0, 1, 0, 0, 0, 0, 1, 0, 0, 33554434
11-16 16:21:36.222  4624  4826 D GnssDftHandler: gnss hal error num is = 910800039
11-16 16:21:36.222  4624  4826 D iMonitor: create: 910800039
11-16 16:21:36.223  4624  4826 I iMonitor: send: 910800039
11-16 16:21:36.224  4624  4827 I GnssDataBaseManager: makeSuplInfoValues: start
11-16 16:21:36.225  2220  2286 W HIGNSS  : HISUPL:CheckSessionFinished: CheckSessionFinished cp1:1 cp2:1 supl:1
11-16 16:21:36.228  4624  4827 I GnssDataBaseManager: check If server database exist, record Count = 1
11-16 16:21:36.229  4624  4827 I GnssSuplStatisticsCounter: reset gnss supl counter.
11-16 16:21:36.231  2010  2649 I chatty  : uid=1000(system) HwBinder:2010_1 expire 52 lines
11-16 16:21:36.287    54    54 W migration/7: type=1400 audit(0.0:79835): avc: granted { setsched } for pid=54 scontext=u:r:kernel:s0 tcontext=u:r:kernel:s0 tclass=process
11-16 16:21:36.287    48    48 W migration/6: type=1400 audit(0.0:79836): avc: granted { setsched } for pid=48 scontext=u:r:kernel:s0 tcontext=u:r:kernel:s0 tclass=process
11-16 16:21:36.329  2220  2286 W HIGNSS  : AGNSSMGR:dlclose agnss so success!!!
11-16 16:21:36.505  4667  4954 E BoosterUtil: convertSubIdToSlotId failed, subId:0, slotId:-1
11-16 16:21:36.505  4667  4954 E BoosterUtil: getDefaultDataSlotId failed, invalid slotId:-1, subId:0
11-16 16:21:37.220  2220  2220 W HIGNSS  : LS:[LSQ_SOLUTION] satellite num: 0 < 4
11-16 16:21:37.221  2220  2220 W HIGNSS  : CHR:[TCXO-BIAS-CHANGE] time: 1, cnt: 1, valid: 0, freq_bias:0.000000, tempr:0.000000, sats_num: 0, qop: 0
11-16 16:21:37.225  2220  2220 W HIGNSS  : FUS:fusion results invalid, flag = 0!
11-16 16:21:37.225  2220  2220 W HIGNSS  : PE_CDPP:[NORMAL]location check failed, cdpp can not be done!
11-16 16:21:37.227  2220  2220 W HIGNSS  : PE_MSA:[MSA_SELECT]the num of sat can be reported is less than 4, report all valid data!
11-16 16:21:37.227  2220  2220 W HIGNSS  : PE_MSA:[MSA-DOPPLER]No location and no acq data, not do doppler consistence!
11-16 16:21:37.227  2220  2220 W HIGNSS  : PE_MSA:[MSA-REPORT] no gnss msr data to be report!
11-16 16:21:37.228  2220  2287 W HIGNSS  : CTL:can't find dst, 0x11110021
11-16 16:21:37.235  2220  2220 W HIGNSS  : PE_MGR:[RC]: Failed to calibrate clock, since refclk isn't enabled and request sync pulse failed!
11-16 16:21:37.243  2010  2653 I PowerManagerService: handleSandman: wakefulness: 1,startDreaming: false
11-16 16:21:37.477 16593 16593 I wpa_supplicant: TDLS: Discard message - TDLS disabled or unsupported by driver
11-16 16:21:37.245  2010  2653 I PowerManagerService: handleSandman: wakefulness: 1,startDreaming: false
11-16 16:21:37.527  4667  4954 E BoosterUtil: convertSubIdToSlotId failed, subId:0, slotId:-1
11-16 16:21:37.527  4667  4954 E BoosterUtil: getDefaultDataSlotId failed, invalid slotId:-1, subId:0
11-16 16:21:37.749 24423 24980 D MemoryCeilingMonitor: [handleMemoryCalculate]
11-16 16:21:37.749 24423 24980 D MemoryCeilingMonitor: [calculate] tot: 5971688, max: 402653184, free: 1966016, heap: 4005672, per: 0.009948194026947021
11-16 16:21:37.937   755  2790 I motion@1.0-service: motion-hal Motion::readEvents motionType: 7
11-16 16:21:37.938   755  2790 I motion@1.0-service: motion-hal Motion::readEvents motionType == MOTIONHUB_TYPE_ROTATION
11-16 16:21:37.938   755  2790 D motion@1.0-service: motion-hal Motion::ReadMotionData motionResult->motion: 7
11-16 16:21:37.938   755  2790 D motion@1.0-service: motion-hal Motion::ReadMotionData motionsData = 0: 1
11-16 16:21:37.938   755  2790 D motion@1.0-service: motion-hal Motion::ReadMotionData motionsData = 1: -1
11-16 16:21:37.938   755  2792 I motion@1.0-service: pollMotionResult g_pollResultReturn = 2
11-16 16:21:37.938  2010  2791 I chatty  : uid=1000(system) HWExtMotionServ expire 10 lines
11-16 16:21:37.940   755  2790 D motion@1.0-service: g_motionPollResultReady::unlock out
11-16 16:21:37.940   755  2790 I motion@1.0-service: ActMotionCb motionClientVector.size = 0
11-16 16:21:37.940   755  2790 I motion@1.0-service: ActMotionCb out
11-16 16:21:38.075  2010  2747 D HwConnectivityServiceEx: set 10231 wlan0 value false
11-16 16:21:38.219  2220  2220 W HIGNSS  : LS:[LSQ_SOLUTION] satellite num: 0 < 4
11-16 16:21:38.220  2220  2220 W HIGNSS  : CHR:[TCXO-BIAS-CHANGE] time: 2, cnt: 2, valid: 0, freq_bias:0.000000, tempr:0.000000, sats_num: 0, qop: 0
11-16 16:21:38.221  2220  2220 W HIGNSS  : FUS:fusion results invalid, flag = 0!
11-16 16:21:38.222  2220  2220 W HIGNSS  : PE_CDPP:[NORMAL]location check failed, cdpp can not be done!
11-16 16:21:38.223  2220  2220 W HIGNSS  : PE_MSA:[MSA_SELECT]the num of sat can be reported is less than 4, report all valid data!
11-16 16:21:38.223  2220  2220 W HIGNSS  : PE_MSA:[MSA-DOPPLER]No location and no acq data, not do doppler consistence!
11-16 16:21:38.223  2220  2220 W HIGNSS  : PE_MSA:[MSA-REPORT] no gnss msr data to be report!
11-16 16:21:38.225  2220  2287 W HIGNSS  : CTL:can't find dst, 0x11110021
11-16 16:21:38.235  2010  2653 I PowerManagerService: handleSandman: wakefulness: 1,startDreaming: false
11-16 16:21:38.282   681 15256 I netd    : trafficSwapActiveStatsMap() <0.86ms>
11-16 16:21:38.255  2010  2653 I PowerManagerService: handleSandman: wakefulness: 1,startDreaming: false
11-16 16:21:38.456  2010 11971 D HwConnectivityServiceEx: set 1000 wlan0 value false
11-16 16:21:38.553  4667  4954 E BoosterUtil: convertSubIdToSlotId failed, subId:0, slotId:-1
11-16 16:21:38.554  4667  4954 E BoosterUtil: getDefaultDataSlotId failed, invalid slotId:-1, subId:0
11-16 16:21:38.672  1046  1131 I storaged: storaged_t::event: storage_info refreshed.
11-16 16:21:39.124   681 15256 I netd    : trafficSwapActiveStatsMap() <0.39ms>
11-16 16:21:39.219  2220  2220 W HIGNSS  : LS:[LSQ_SOLUTION] satellite num: 0 < 4
11-16 16:21:39.220  2220  2220 W HIGNSS  : CHR:[TCXO-BIAS-CHANGE] time: 3, cnt: 3, valid: 0, freq_bias:0.000000, tempr:0.000000, sats_num: 0, qop: 0
11-16 16:21:39.222  2220  2220 W HIGNSS  : FUS:fusion results invalid, flag = 0!
11-16 16:21:39.223  2220  2220 W HIGNSS  : PE_CDPP:[NORMAL]location check failed, cdpp can not be done!
11-16 16:21:39.224  2220  2220 W HIGNSS  : PE_MSA:[MSA_SELECT]the num of sat can be reported is less than 4, report all valid data!
11-16 16:21:39.224  2220  2220 W HIGNSS  : PE_MSA:[MSA-DOPPLER]No location and no acq data, not do doppler consistence!
11-16 16:21:39.225  2220  2220 W HIGNSS  : PE_MSA:[MSA-REPORT] no gnss msr data to be report!
11-16 16:21:39.226  2220  2287 W HIGNSS  : CTL:can't find dst, 0x11110021
11-16 16:21:39.240  2010  2653 I PowerManagerService: handleSandman: wakefulness: 1,startDreaming: false
11-16 16:21:39.254  2010  2653 I PowerManagerService: handleSandman: wakefulness: 1,startDreaming: false
11-16 16:21:39.578  4667  4954 E BoosterUtil: convertSubIdToSlotId failed, subId:0, slotId:-1
11-16 16:21:39.578  4667  4954 E BoosterUtil: getDefaultDataSlotId failed, invalid slotId:-1, subId:0
11-16 16:21:40.218  2220  2220 W HIGNSS  : LS:[LSQ_SOLUTION] satellite num: 0 < 4
11-16 16:21:40.218  2220  2220 W HIGNSS  : CHR:[TCXO-BIAS-CHANGE] time: 4, cnt: 4, valid: 0, freq_bias:0.000000, tempr:0.000000, sats_num: 0, qop: 0
11-16 16:21:40.219  2220  2220 W HIGNSS  : FUS:fusion results invalid, flag = 0!
11-16 16:21:40.220  2220  2220 W HIGNSS  : PE_CDPP:[NORMAL]location check failed, cdpp can not be done!
11-16 16:21:40.220  2220  2220 W HIGNSS  : PE_MSA:[MSA_SELECT]the num of sat can be reported is less than 4, report all valid data!
11-16 16:21:40.220  2220  2220 W HIGNSS  : PE_MSA:[MSA-DOPPLER]No location and no acq data, not do doppler consistence!
11-16 16:21:40.220  2220  2220 W HIGNSS  : PE_MSA:[MSA-REPORT] no gnss msr data to be report!
11-16 16:21:40.221  2220  2287 W HIGNSS  : CTL:can't find dst, 0x11110021
11-16 16:21:40.228  2010  2653 I PowerManagerService: handleSandman: wakefulness: 1,startDreaming: false
11-16 16:21:40.273 10621 10635 W System  : A resource failed to call close.
11-16 16:21:40.288   882   882 I aptouch_daemon: check_afe_status, idle in. 133
11-16 16:21:40.463  1021  1062 E bastetd : [ProxySocket    ] NotifySocketErrState# No record found by comm prop, state=196619
11-16 16:21:40.360  2010  2653 I chatty  : uid=1000(system) PowerManagerSer identical 3 lines
11-16 16:21:40.562  2010  2653 I PowerManagerService: handleSandman: wakefulness: 1,startDreaming: false
11-16 16:21:40.601  4667  4954 E BoosterUtil: convertSubIdToSlotId failed, subId:0, slotId:-1
11-16 16:21:40.601  4667  4954 E BoosterUtil: getDefaultDataSlotId failed, invalid slotId:-1, subId:0
11-16 16:21:41.096  2010  6414 D HwConnectivityServiceEx: set 10231 wlan0 value false
11-16 16:21:41.218  2220  2220 W HIGNSS  : LS:[LSQ_SOLUTION] satellite num: 0 < 4
11-16 16:21:41.219  2220  2220 W HIGNSS  : CHR:[TCXO-BIAS-CHANGE] time: 5, cnt: 5, valid: 0, freq_bias:0.000000, tempr:0.000000, sats_num: 0, qop: 0
11-16 16:21:41.221  2220  2220 W HIGNSS  : FUS:fusion results invalid, flag = 0!
11-16 16:21:41.222  2220  2220 W HIGNSS  : PE_CDPP:[NORMAL]location check failed, cdpp can not be done!
11-16 16:21:41.223  2220  2220 W HIGNSS  : PE_MSA:[MSA_SELECT]the num of sat can be reported is less than 4, report all valid data!
11-16 16:21:41.223  2220  2220 W HIGNSS  : PE_MSA:[MSA-DOPPLER]No location and no acq data, not do doppler consistence!
11-16 16:21:41.223  2220  2220 W HIGNSS  : PE_MSA:[MSA-REPORT] no gnss msr data to be report!
11-16 16:21:41.224  2220  2287 W HIGNSS  : CTL:can't find dst, 0x11110021
11-16 16:21:41.228  2010  2653 I PowerManagerService: handleSandman: wakefulness: 1,startDreaming: false
11-16 16:21:41.230  2010  2653 I PowerManagerService: handleSandman: wakefulness: 1,startDreaming: false
11-16 16:21:41.624  4667  4954 E BoosterUtil: convertSubIdToSlotId failed, subId:0, slotId:-1
11-16 16:21:41.624  4667  4954 E BoosterUtil: getDefaultDataSlotId failed, invalid slotId:-1, subId:0
11-16 16:21:41.904  2010  2781 I ActivityManager: sendIntentSender target:PendingIntentRecord{1048f65 com.huawei.nearby broadcastIntent}, intent:flg=0x4 hwFlg=0x810
11-16 16:21:41.904  2010  2781 E HwActivityTaskManagerServiceEx: isNeedInterceptStart isNeedInterceptAlarm getPackageUid exception
11-16 16:21:41.907  4644  4644 I MonitorStrategy: alarm, action=DeviceMonitorService.MonitorStrategy.NormalAlarm
11-16 16:21:41.908  4644  5025 I MonitorStrategy: check changed status
11-16 16:21:41.909  4644  5025 D CommonUtils: Current screen state isOn: true
11-16 16:21:41.909  2010  6414 V BroadcastQueue: Finished with ordered broadcast BroadcastRecord{14066a5 u0 DeviceMonitorService.MonitorStrategy.NormalAlarm}
11-16 16:21:41.909  4644  5025 I ElectionHeartbeatInfo: reset current master weight=2889
11-16 16:21:41.910  4644  5025 I P2pInfo : getP2pMac: 52:**:**:**:e0:5c
11-16 16:21:41.910  4644  5025 I P2pInfo : getGoMac: unknow
11-16 16:21:41.910  4644  5025 I MonitorStrategy: local DeviceInfo=[udid=986B********4786, type=PHONE, uuid=7F32********2AD1, brmac=unknow, accountId=0, selfWeight= 2889, group=[256, 512, 1, 257], online={}, softbusver=11.3.0.001, packagever=2.0.0.245, seqNum=-1, ip=10.21.251***, aport=383***, sport=426***, pport=343***, p2p_mac=52:**:**:**:e0:5c, go_mac=unknow, hashcode=190728800, heartbeat=161999281745]
11-16 16:21:41.910  4644  5025 W MonitorStrategy: condition heartbeat bluetooth off
11-16 16:21:41.910  4644  5025 I MonitorStrategy: device check lost at heartbeat, bleBackGround false or not screenOne or need more time
11-16 16:21:41.910  4644  5025 I RoleElectionEngine: hasn't relayed when increment, weightAuto: 2889, seqAuto: 90
11-16 16:21:41.910  2010  2653 I PowerManagerService: handleSandman: wakefulness: 1,startDreaming: false
11-16 16:21:41.910  4644  5025 I MonitorStrategy: start alarm isContinueClock=true, isHighPerformance=false, now=480026474, startTime=480326474
11-16 16:21:41.924  4644  5025 I MonitorStrategy: in switch strategy, seqAuto= 90, seqRelay=0
11-16 16:21:41.924  4644  5025 I HwIdHandler: getCurUserId: false
11-16 16:21:41.920  2010  2653 I PowerManagerService: handleSandman: wakefulness: 1,startDreaming: false
