07-08 18:26:12.132 17574 17617 I appium  : AppiumResponse: {"sessionId":"cbcf25de-cae6-411f-a30f-af2f305fbb1c","value":{"error":"no such element","message":"An element could not be located on the page using the given search parameters","stacktrace":"io.appium.uiautomator2.common.exceptions.ElementNotFoundException: An element could not be located on the page using the given search parameters\n\tat io.appium.uiautomator2.handler.FindElement.safeHandle(FindElement.java:70)\n\tat io.appium.uiautomator2.handler.request.SafeRequestHandler.handle(SafeRequestHandler.java:59)\n\tat io.appium.uiautomator2.server.AppiumServlet.handleRequest(AppiumServlet.java:266)\n\tat io.appium.uiautomator2.server.AppiumServlet.handleHttpRequest(AppiumServlet.java:260)\n\tat io.appium.uiautomator2.http.ServerHandler.channelRead(ServerHandler.java:68)\n\tat io.netty.channel.AbstractChannelHandlerContext.invokeChannelRead(AbstractChannelHandlerContext.java:366)\n\tat io.netty.channel.AbstractChannelHandlerContext.invokeChannelRead(AbstractChannelHandlerContext.java:352)\n\tat io.netty.channel.AbstractChannelHandlerContext.fireChannelRead(AbstractChannelHandlerContext.java:345)\n\tat io.netty.handler.codec.MessageToMessageDecoder.channelRead(MessageToMessageDecoder.java:102)\n\tat io.netty.channel.AbstractChannelHandlerContext.invokeChannelRead(AbstractChannelHandlerContext.java:366)\n\tat io.netty.channel.AbstractChannelHandlerContext.invokeChannelRead(AbstractChannelHandlerContext.java:352)\n\tat io.netty.channel.AbstractChannelHandlerContext.fireChannelRead(AbstractChannelHandlerContext.java:345)\n\tat io.netty.channel.CombinedChannelDuplexHandler$DelegatingChannelHandlerContext.fireChannelRead(CombinedChannelDuplexHandler.java:435)\n\tat io.netty.handler.codec.ByteToMessageDecoder.fireChannelRead(ByteToMessageDecoder.java:293)\n\tat io.netty.handler.codec.ByteToMessageDecoder.channelRead(ByteToMessageDecoder.java:267)\n\tat io.netty.channel.CombinedChannelDuplexHandler.channelRead(CombinedChannelDuplexHandler.java:250)\n\tat io.netty.channel.AbstractChannelHandlerContext.invokeChannelRead(AbstractChannelHandlerContext.java:366)\n\tat io.netty.channel.AbstractChannelHandlerContext.invokeChannelRead(AbstractChannelHandlerContext.java:352)\n\tat io.netty.channel.AbstractChannelHandlerContext.fireChannelRead(AbstractChannelHandlerContext.java:345)\n\tat io.netty.handler.timeout.IdleStateHandler.channelRead(IdleStateHandler.java:266)\n\tat io.netty.channel.AbstractChannelHandlerContext.invokeChannelRead(AbstractChannelHandlerContext.java:366)\n\tat io.netty.channel.AbstractChannelHandlerContext.invokeChannelRead(AbstractChannelHandlerContext.java:352)\n\tat io.netty.channel.AbstractChannelHandlerContext.fireChannelRead(AbstractChannelHandlerContext.java:345)\n\tat io.netty.channel.DefaultChannelPipeline$HeadContext.channelRead(DefaultChannelPipeline.java:1294)\n\tat io.netty.channel.AbstractChannelHandlerContext.invokeChannelRead(AbstractChannelHandlerContext.java:366)\n\tat io.netty.channel.AbstractChannelHandlerContext.invokeChannelRead(AbstractChannelHandlerContext.java:352)\n\tat io.netty.channel.DefaultChannelPipeline.fireChannelRead(DefaultChannelPipeline.java:911)\n\tat io.netty.channel.nio.AbstractNioByteChannel$NioByteUnsafe.read(AbstractNioByteChannel.java:131)\n\tat io.netty.channel.nio.NioEventLoop.processSelectedKey(NioEventLoop.java:611)\n\tat io.netty.channel.nio.NioEventLoop.processSelectedKeysOptimized(NioEventLoop.java:552)\n\tat io.netty.channel.nio.NioEventLoop.processSelectedKeys(NioEventLoop.java:466)\n\tat io.netty.channel.nio.NioEventLoop.run(NioEventLoop.java:438)\n\tat io.netty.util.concurrent.SingleThreadEventExecutor$2.run(SingleThreadEventExecutor.java:140)\n\tat io.netty.util.concurrent.DefaultThreadFactory$DefaultRunnableDecorator.run(DefaultThreadFactory.java:144)\n\tat java.lang.Thread.run(Thread.java:923)\n"}}
07-08 18:26:12.156 17649 17733 D NAccs.Config:  getAgooAppKey appkey:umeng:546d7dd7fd98c58fc800082c
07-08 18:26:12.156 17649 17733 D NAccs.NotifManager:  report,utdid=YBDcoH9kD04DAL3KyNHgNEPF,regId=Y4lRzd9sV12KyCILYDruhtTNRDewx8ZVdFoJCHJro8aWUsz/UzoWy/vAojCvd5a1,type=MI_TOKEN
07-08 18:26:12.157 17649 17733 D NAccs.Config:  getAgooAppKey appkey:umeng:546d7dd7fd98c58fc800082c
07-08 18:26:12.157 17649 17733 D NAccs.ACCSManager:  getAccsInstance key:default|0
07-08 18:26:12.157 18209 18257 I awcn.SerializeHelper:  restore end. file:/data/user/0/cn.missevan/files/awcn_strategy/channel/WIFI$d41d8cd98f00b204e9800998ecf8427e size:2646 cost:45
07-08 18:26:12.157 17649 17733 D NAccs.InAppConn_default:  start
07-08 18:26:12.158 18209 18257 I awcn.StrategyTable:  strategy map size:2
07-08 18:26:12.158 17649 17733 E NAccs.ACCSMgrImpl_default:  sendMessage dataId:1657275972158.4
07-08 18:26:12.159 17649 17733 D NAccs.InAppConn_default:  sendMessage ready dataId:1657275972158.4 type:DATA delay:0
07-08 18:26:12.159 17649 17733 I NAccs.NotifManager:  reportThirdPushToken,dataId=1657275972158.4,regId=Y4lRzd9sV12KyCILYDruhtTNRDewx8ZVdFoJCHJro8aWUsz/UzoWy/vAojCvd5a1,type=MI_TOKEN
07-08 18:26:12.160 17649 17887 E NAccs.InAppConn_default:  sendMessage start dataId:1657275972158.4 type:DATA
07-08 18:26:12.160 17649 17887 D awcn.SessionCenter: |[seq:umeng:546d7dd7fd98c58fc800082c] getInternal u:https://umengacs.m.taobao.com sessionType:LongLink timeout:10000
07-08 18:26:12.160 17649 17887 D awcn.StrategyCenter:  getSchemeByHost host:umengacs.m.taobao.com scheme:https
07-08 18:26:12.161 17649 17887 D awcn.SessionCenter: |[seq:umeng:546d7dd7fd98c58fc800082c] get internal hit cache session session:Session@[umeng:546d7dd7fd98c58fc800082c.AWCN1_1|http2_0rtt_acs]
07-08 18:26:12.161 17649 17887 D NAccs.Msg_default:  Build Message dataId:1657275972158.4
07-08 18:26:12.161 17649 17887 D NAccs.Msg_default:  	version:2 compress:0
07-08 18:26:12.161 17649 17887 D NAccs.Msg_default:  	flag: 0x40
07-08 18:26:12.161 17649 17887 D NAccs.Msg_default:  	totalLength:278
07-08 18:26:12.161 17649 17887 D NAccs.Msg_default:  	dataLength:276
07-08 18:26:12.162 17649 17887 D NAccs.Msg_default:  	flags:ffff8800
07-08 18:26:12.162 17649 17887 D NAccs.Msg_default:  	targetLength:18
07-08 18:26:12.162 17649 17887 D NAccs.Msg_default:  	target:2|agooTokenReport|
07-08 18:26:12.162 17649 17887 D NAccs.Msg_default:  	sourceLength:53
07-08 18:26:12.162 17649 17887 D NAccs.Msg_default:  	source:YBDcoH9kD04DAL3KyNHgNEPF|cn.missevan|agooTokenReport|
07-08 18:26:12.162 17649 17887 D NAccs.Msg_default:  	dataIdLength:15
07-08 18:26:12.162 17649 17887 D NAccs.Msg_default:  	dataId:1657275972158.4
07-08 18:26:12.162 17649 17887 D NAccs.Msg_default:  	extHeader len:0
07-08 18:26:12.162 17649 17887 D NAccs.Msg_default:  	oriData:{"thirdTokenType":"MI_TOKEN","utdid":"YBDcoH9kD04DAL3KyNHgNEPF","appkey":"umeng:546d7dd7fd98c58fc800082c","token":"Y4lRzd9sV12KyCILYDruhtTNRDewx8ZVdFoJCHJro8aWUsz\/UzoWy\/vAojCvd5a1"}
07-08 18:26:12.162 17649 17887 D NAccs.InAppConn_default:  sendMessage dataId:1657275972158.4 command:100 host:https://umengacs.m.taobao.com len:282 utdid:YBDcoH9kD04DAL3KyNHgNEPF
07-08 18:26:12.162 17649 17887 E awcn.TnetSpdySession: |[seq:umeng:546d7dd7fd98c58fc800082c.AWCN1_1] sendCustomFrame dataId:4 type:200
07-08 18:26:12.163 17649 17887 E NAccs.InAppConn_default:  sendMessage end dataId:1657275972158.4 status:true
07-08 18:26:12.167 18209 18257 I awcn.SerializeHelper:  restore end. file:/data/user/0/cn.missevan/files/awcn_strategy/channel/StrategyConfig size:1358 cost:8
07-08 18:26:12.167 18209 18257 I awcn.AmdcThreadPoolExecutor:  thread created! name:AMDC1
07-08 18:26:12.168 18209 18257 I awcn.StrategyTable:  strategy map size:2
07-08 18:26:12.168 18209 18272 I awcn.StrategyInfoHolder:  start loading strategy files
07-08 18:26:12.168 18209 18257 I awcn.StrategyCenter:  StrategyCenter initialize finished.
07-08 18:26:12.169 18209 18257 E awcn.StrategyCenter:  registerListener listener:[anet.channel.SessionCenter$a@da0f60c]
07-08 18:26:12.169 18209 18272 I awcn.StrategyInfoHolder:  end loading strategy files total cost:1
07-08 18:26:12.169 18209 18257 I NAccs.SilenceConn_default:  init awcn register new conn protocol host: umengacs.m.taobao.com
07-08 18:26:12.170 18209 18257 I NAccs.SilenceConn_default:  init awcn success!
07-08 18:26:12.170 18209 18257 I NAccs.SilenceConn_default:  start thread
07-08 18:26:12.170 18209 18257 D NAccs.SilenceConn_default:  try ping, force:false
07-08 18:26:12.171 18209 18273 I NAccs.NetworkThread_default:  NetworkThread run
07-08 18:26:12.172 18209 18273 D NAccs.NetworkThread_default:  ready to get message
07-08 18:26:12.172 18209 18257 D NAccs.SilenceConn_default:  sendMessage ready dataId:1657275972170.2 type:PING delay:0
07-08 18:26:12.172 18209 18273 D NAccs.NetworkThread_default:  no message, wait
07-08 18:26:12.173 18209 18257 I NAccs.BaseIntentService:  onHandleIntent,action=org.agoo.android.intent.action.REPORT,agooCommand=cn.missevan.intent.action.COMMAND,mipushCommand=cn.missevan.intent.thirdPush.action.COMMAND
07-08 18:26:12.173 18209 18257 I NAccs.BaseIntentService:  is report cache msg,Config.isReportCacheMsg(mContext)=false
07-08 18:26:12.174 18209 18257 D NAccs.isClearTime:  now=1657275972173,now - lastTime=716169,istrue=false
07-08 18:26:12.174 18209 18257 I NAccs.BaseIntentService:  is clear all msg=false
07-08 18:26:12.174 18209 18257 D NAccs.isClearTime:  now=1657275972173,now - lastTime=716169,istrue=false
07-08 18:26:12.174 18209 18257 D NAccs.FileCheckUtils:  st.getAvailableBlocks()=16868801,st.getAvailableBlocks() * blockSize=69094608896
07-08 18:26:12.178 18209 18273 D NAccs.NetworkThread_default:  try get message
07-08 18:26:12.179 18209 18273 D NAccs.NetworkThread_default:  sendMessage not null
07-08 18:26:12.179 18209 18273 I NAccs.NetworkThread_default:  sendMessage type:PING status:3
07-08 18:26:12.181 18209 18273 I NAccs.HeartbeatManager:  hb use job
07-08 18:26:12.181 18209 18273 D NAccs.OrangeAdapter:  isSmartHb result:true
07-08 18:26:12.181 18209 18273 D NAccs.OrangeAdapter:  isSmartHb result:true
07-08 18:26:12.181 18209 18273 D NAccs.NetworkThread_default:  sendMessage force:false last ping:1657275972181
07-08 18:26:12.181 18209 18273 D NAccs.SilenceConn_default:  tryConnect force:true
07-08 18:26:12.182 18209 18273 I NAccs.NetworkThread_default:  tryConnect force:true failTimes:0
07-08 18:26:12.182 18209 18273 I NAccs.NetworkThread_default:  tryConnect, need sleep
07-08 18:26:12.207 17649 17757 E awcn.TnetSpdySession: |[seq:umeng:546d7dd7fd98c58fc800082c.AWCN1_1] [spdyCustomControlFrameRecvCallback] len:99 frameCb:com.taobao.accs.net.j@4c97d14
07-08 18:26:12.209 17649 17757 E awcn.TnetSpdySession: |[seq:umeng:546d7dd7fd98c58fc800082c.AWCN1_1] str:20 40 0 5f 0 5d a0 0 35 59 42 44 63 6f 48 39 6b 44 30 34 44 41 4c 33 4b 79 4e 48 67 4e 45 50 46 7c 63 6e 2e 6d 69 73 73 65 76 61 6e 7c 61 67 6f 6f 54 6f 6b 65 6e 52 65 70 6f 72 74 7c 12 32 7c 61 67 6f 6f 54 6f 6b 65 6e 52 65 70 6f 72 74 7c f 31 36 35 37 32 37 35 39 37 32 31 35 38 2e 34 0 0
07-08 18:26:12.209 17649 17757 E NAccs.InAppConn_default:  onDataReceive type:200 dataid:-1
07-08 18:26:12.210 17649 17733 I NAccs.MsgRecv_default:  onMessage host:https://umengacs.m.taobao.com
07-08 18:26:12.210 17649 17733 D NAccs.MsgRecv_default:  version:2
07-08 18:26:12.210 17649 17733 D NAccs.MsgRecv_default:  compress:0
07-08 18:26:12.210 17649 17733 D NAccs.MsgRecv_default:  totalLen:95
07-08 18:26:12.210 17649 17733 D NAccs.MsgRecv_default:  buf len:93
07-08 18:26:12.211 17649 17733 D NAccs.MsgRecv_default:  flag:a000
07-08 18:26:12.211 17649 17733 D NAccs.MsgRecv_default:  target:YBDcoH9kD04DAL3KyNHgNEPF|cn.missevan|agooTokenReport|
07-08 18:26:12.211 17649 17733 D NAccs.MsgRecv_default:  source:2|agooTokenReport|
07-08 18:26:12.211 17649 17733 D NAccs.MsgRecv_default:  dataId:1657275972158.4
07-08 18:26:12.211 17649 17733 D NAccs.MsgRecv_default:  extHeaderLen:0
07-08 18:26:12.211 17649 17733 D NAccs.MsgRecv_default:  oriData:[B@25b9271
07-08 18:26:12.212 17649 17733 E NAccs.MsgRecv_default:  handleMessage dataId:1657275972158.4 type:DATA reqType:ACK resType:NO_ACK target:YBDcoH9kD04DAL3KyNHgNEPF|cn.missevan|agooTokenReport|
07-08 18:26:12.212 17649 17733 D NAccs.MsgRecv_default:  handleMessage reqMessage not null
07-08 18:26:12.212 17649 17733 D NAccs.MsgRecv_default:  onResult command:100 erorcode:200
07-08 18:26:12.213 17649 17733 E NAccs.MsgDistribute:  distribute ready action:com.taobao.accs.intent.action.RECEIVE dataId:1657275972158.4 serviceId:agooTokenReport
07-08 18:26:12.213 17649 17733 D NAccs.MsgDistribute:  distribute start appkey:umeng:546d7dd7fd98c58fc800082c config:default
07-08 18:26:12.214 17649 17733 D NAccs.MsgDistribute:  handleControlMsg configTag:default dataId:1657275972158.4 serviceId:agooTokenReport command:100 errorCode:200 appReceiver:
07-08 18:26:12.214 17649 17733 E NAccs.MsgDistribute:  handleBusinessMsg start dataId:1657275972158.4 serviceId:agooTokenReport command:100 t1:1 t2:0 t3:0 t4:0 t5:0 t6:0
07-08 18:26:12.214 17649 17733 E NAccs.MsgDistribute:  handleBusinessMsg start dataId:1657275972158.4 serviceId:agooTokenReport command:100
07-08 18:26:12.215 17649 17733 E NAccs.MsgDistribute:  handleBusinessMsg to start service className:org.android.agoo.accs.AgooService
07-08 18:26:12.215 17649 17733 I NAccs.a :  dispatchIntent bind service start intent:Intent { act=com.taobao.accs.intent.action.RECEIVE pkg=cn.missevan cmp=cn.missevan/org.android.agoo.accs.AgooService (has extras) }
07-08 18:26:12.227  1969  8110 D CompatibilityInfo: mCompatibilityFlags - 0
07-08 18:26:12.227  1969  8110 D CompatibilityInfo: applicationDensity - 440
07-08 18:26:12.227  1969  8110 D CompatibilityInfo: applicationScale - 1.0
07-08 18:26:12.229 17649 17649 D NAccs.AgooService:  into--[onCreate]
07-08 18:26:12.230 17649 17649 D NAccs.OrangeAdapter:  isBindService result:true
07-08 18:26:12.233 17649 17649 D NAccs.OrangeAdapter:  isBindService result:true
07-08 18:26:12.234 17649 17649 D NAccs.a :  bindService connected componentName:ComponentInfo{cn.missevan/org.android.agoo.accs.AgooService}
07-08 18:26:12.236 17649 17649 I NAccs.TaoBaseService:  handleMessage on receive msg msg:{ when=-2ms what=0 target=com.taobao.accs.base.TaoBaseService$1 }
07-08 18:26:12.237 17649 17649 I NAccs.TaoBaseService:  handleMessage get intent success intent:Intent { act=com.taobao.accs.intent.action.RECEIVE pkg=cn.missevan cmp=cn.missevan/org.android.agoo.accs.AgooService (has extras) }
07-08 18:26:12.237 17649 17733 E NAccs.a :  onReceiveData dataId:1657275972158.4 serviceId:agooTokenReport command:100 className:org.android.agoo.accs.AgooService
07-08 18:26:12.237 17649 17649 E NAccs.a :  onSendData start dataId:1657275972158.4 serviceId:agooTokenReport
07-08 18:26:12.237 17649 17649 I NAccs.AgooService:  onSendData,dataId=1657275972158.4,errorCode=200,serviceId=agooTokenReport
07-08 18:26:12.237 17649 17649 E NAccs.a :  onSendData end dataId:1657275972158.4
07-08 18:26:12.326   599   599 E SELinux : avc:  denied  { find } for pid=7093 uid=10181 name=tethering scontext=u:r:vendor_systemhelper_app:s0:c512,c768 tcontext=u:object_r:tethering_service:s0 tclass=service_manager permissive=0
07-08 18:26:12.413 17799 17924 D NAccs.InAppConn_default:  startChannelService
07-08 18:26:12.415 17799 17924 D NAccs.Config:  getAgooAppKey appkey:umeng:546d7dd7fd98c58fc800082c
07-08 18:26:12.416 17799 17924 I NAccs.a :  dispatchIntent bind service start intent:Intent { act=com.taobao.accs.intent.action.START_SERVICE cmp=cn.missevan/com.taobao.accs.ChannelService (has extras) }
07-08 18:26:12.423 17799 17924 D NAccs.AdapterGlobalClientInfo:  getAgooCustomServiceName serviceName:com.umeng.message.UmengIntentService
07-08 18:26:12.423 17799 17924 I NAccs.a :  dispatchIntent bind service start intent:Intent { act=org.agoo.android.intent.action.REPORT pkg=cn.missevan cmp=cn.missevan/com.umeng.message.UmengIntentService }
07-08 18:26:12.424 17799 17799 D NAccs.a :  bindService connected componentName:ComponentInfo{cn.missevan/com.taobao.accs.ChannelService}
07-08 18:26:12.428 18209 18209 I NAccs.BaseService:  handleMessage on receive msg msg:{ when=-2ms what=0 target=com.taobao.accs.base.BaseService$1 }
07-08 18:26:12.428 18209 18209 I NAccs.BaseService:  handleMessage get intent success intent:Intent { act=com.taobao.accs.intent.action.START_SERVICE cmp=cn.missevan/com.taobao.accs.ChannelService (has extras) }
07-08 18:26:12.429 18209 18257 I NAccs.ElectionServiceImpl:  onStartCommand begin action:com.taobao.accs.intent.action.START_SERVICE
07-08 18:26:12.429 18209 18257 I NAccs.ElectionServiceImpl:  handleStartCommand configTag:default appkey:umeng:546d7dd7fd98c58fc800082c appSecret:64e8358a59d434e5546720db97ab5996 ttid:android@umeng pkg:cn.missevan
07-08 18:26:12.430 17799 17799 D NAccs.a :  bindService connected componentName:ComponentInfo{cn.missevan/com.umeng.message.UmengIntentService}
07-08 18:26:12.430 18209 18257 I NAccs.ElectionServiceImpl:  getConnection configTag:default start:false
07-08 18:26:12.430 18209 18257 I NAccs.ServiceImpl:  onHostStartCommand intent:Intent { act=com.taobao.accs.intent.action.START_SERVICE cmp=cn.missevan/com.taobao.accs.ChannelService (has extras) }
07-08 18:26:12.430 18209 18257 D NAccs.ServiceImpl:  onHostStartCommand key:appKey  value:umeng:546d7dd7fd98c58fc800082c
07-08 18:26:12.430 18209 18257 D NAccs.ServiceImpl:  onHostStartCommand key:configTag  value:default
07-08 18:26:12.430 18209 18257 D NAccs.ServiceImpl:  onHostStartCommand key:mode  value:0
07-08 18:26:12.430 18209 18257 D NAccs.ServiceImpl:  onHostStartCommand key:ttid  value:android@umeng
07-08 18:26:12.430 18209 18257 D NAccs.ServiceImpl:  onHostStartCommand key:packageName  value:cn.missevan
07-08 18:26:12.430 18209 18257 D NAccs.ServiceImpl:  onHostStartCommand key:app_sercet  value:64e8358a59d434e5546720db97ab5996
07-08 18:26:12.430 18209 18257 D NAccs.ServiceImpl:  onHostStartCommand key:agoo_app_key  value:umeng:546d7dd7fd98c58fc800082c
07-08 18:26:12.430 18209 18257 I NAccs.LoadSoFailUtil:  getSoFailTimes times:0
07-08 18:26:12.430 18209 18257 D NAccs.ServiceImpl:  handleAction action:com.taobao.accs.intent.action.START_SERVICE
07-08 18:26:12.430 18209 18257 I NAccs.ServiceImpl:  tryConnect appkey:umeng:546d7dd7fd98c58fc800082c configTag:default|0
07-08 18:26:12.430 18209 18257 D NAccs.SilenceConn_default:  start
07-08 18:26:12.430 18209 18257 D NAccs.SilenceConn_default:  try ping, force:false
07-08 18:26:12.431 18209 18257 D NAccs.SilenceConn_default:  sendMessage ready dataId:1657275972430.3 type:PING delay:0
07-08 18:26:12.435 18209 18209 I NAccs.BaseIntentService:  handleMessage on receive msg msg:{ when=-4ms what=0 target=org.android.agoo.control.g }
07-08 18:26:12.435 18209 18209 I NAccs.BaseIntentService:  handleMessage get intent success intent:Intent { act=org.agoo.android.intent.action.REPORT pkg=cn.missevan cmp=cn.missevan/com.umeng.message.UmengIntentService }
07-08 18:26:12.437 18209 18257 I NAccs.BaseIntentService:  onHandleIntent,action=org.agoo.android.intent.action.REPORT,agooCommand=cn.missevan.intent.action.COMMAND,mipushCommand=cn.missevan.intent.thirdPush.action.COMMAND
07-08 18:26:12.437 18209 18257 I NAccs.BaseIntentService:  is report cache msg,Config.isReportCacheMsg(mContext)=false
07-08 18:26:12.438 18209 18257 D NAccs.isClearTime:  now=1657275972438,now - lastTime=716434,istrue=false
07-08 18:26:12.438 18209 18257 I NAccs.BaseIntentService:  is clear all msg=false
07-08 18:26:12.438 18209 18257 D NAccs.isClearTime:  now=1657275972438,now - lastTime=716434,istrue=false
07-08 18:26:12.438 18209 18257 D NAccs.SilenceConn_default:  clearRepeatControlCommand message:201/
07-08 18:26:12.527   599   599 E SELinux : avc:  denied  { find } for pid=7093 uid=10181 name=tethering scontext=u:r:vendor_systemhelper_app:s0:c512,c768 tcontext=u:object_r:tethering_service:s0 tclass=service_manager permissive=0
07-08 18:26:12.662 17574 17617 I appium  : channel read: POST /wd/hub/session/cbcf25de-cae6-411f-a30f-af2f305fbb1c/element
07-08 18:26:12.664 17848 17994 D NAccs.InAppConn_default:  startChannelService
07-08 18:26:12.664 17574 17617 I appium  : FindElement command
07-08 18:26:12.665 17848 17994 D NAccs.Config:  getAgooAppKey appkey:umeng:546d7dd7fd98c58fc800082c
07-08 18:26:12.665 17848 17994 I NAccs.a :  dispatchIntent bind service start intent:Intent { act=com.taobao.accs.intent.action.START_SERVICE cmp=cn.missevan/com.taobao.accs.ChannelService (has extras) }
07-08 18:26:12.669 17574 17617 I appium  : method: 'id', selector: 'cn.missevan:id/textView5'
07-08 18:26:12.669 17574 17617 I appium  : Waiting up to 10000ms for the device to idle
07-08 18:26:12.672 17848 17994 D NAccs.AdapterGlobalClientInfo:  getAgooCustomServiceName serviceName:com.umeng.message.UmengIntentService
07-08 18:26:12.672 17848 17994 I NAccs.a :  dispatchIntent bind service start intent:Intent { act=org.agoo.android.intent.action.REPORT pkg=cn.missevan cmp=cn.missevan/com.umeng.message.UmengIntentService }
07-08 18:26:12.672 17848 17848 D NAccs.a :  bindService connected componentName:ComponentInfo{cn.missevan/com.taobao.accs.ChannelService}
07-08 18:26:12.676 18209 18209 I NAccs.BaseService:  handleMessage on receive msg msg:{ when=-1ms what=0 target=com.taobao.accs.base.BaseService$1 }
07-08 18:26:12.676 18209 18209 I NAccs.BaseService:  handleMessage get intent success intent:Intent { act=com.taobao.accs.intent.action.START_SERVICE cmp=cn.missevan/com.taobao.accs.ChannelService (has extras) }
07-08 18:26:12.677 18209 18257 I NAccs.ElectionServiceImpl:  onStartCommand begin action:com.taobao.accs.intent.action.START_SERVICE
07-08 18:26:12.677 18209 18257 I NAccs.ElectionServiceImpl:  handleStartCommand configTag:default appkey:umeng:546d7dd7fd98c58fc800082c appSecret:64e8358a59d434e5546720db97ab5996 ttid:android@umeng pkg:cn.missevan
07-08 18:26:12.678 18209 18257 I NAccs.ElectionServiceImpl:  getConnection configTag:default start:false
07-08 18:26:12.678 18209 18257 I NAccs.ServiceImpl:  onHostStartCommand intent:Intent { act=com.taobao.accs.intent.action.START_SERVICE cmp=cn.missevan/com.taobao.accs.ChannelService (has extras) }
07-08 18:26:12.678 18209 18257 D NAccs.ServiceImpl:  onHostStartCommand key:appKey  value:umeng:546d7dd7fd98c58fc800082c
07-08 18:26:12.678 18209 18257 D NAccs.ServiceImpl:  onHostStartCommand key:configTag  value:default
07-08 18:26:12.678 18209 18257 D NAccs.ServiceImpl:  onHostStartCommand key:mode  value:0
07-08 18:26:12.678 18209 18257 D NAccs.ServiceImpl:  onHostStartCommand key:ttid  value:android@umeng
07-08 18:26:12.678 18209 18257 D NAccs.ServiceImpl:  onHostStartCommand key:packageName  value:cn.missevan
07-08 18:26:12.678 18209 18257 D NAccs.ServiceImpl:  onHostStartCommand key:app_sercet  value:64e8358a59d434e5546720db97ab5996
07-08 18:26:12.679 18209 18257 D NAccs.ServiceImpl:  onHostStartCommand key:agoo_app_key  value:umeng:546d7dd7fd98c58fc800082c
07-08 18:26:12.679 18209 18257 I NAccs.LoadSoFailUtil:  getSoFailTimes times:0
07-08 18:26:12.679 18209 18257 D NAccs.ServiceImpl:  handleAction action:com.taobao.accs.intent.action.START_SERVICE
07-08 18:26:12.679 18209 18257 I NAccs.ServiceImpl:  tryConnect appkey:umeng:546d7dd7fd98c58fc800082c configTag:default|0
07-08 18:26:12.679 18209 18257 D NAccs.SilenceConn_default:  start
07-08 18:26:12.679 18209 18257 D NAccs.SilenceConn_default:  try ping, force:false
07-08 18:26:12.679 17848 17848 D NAccs.a :  bindService connected componentName:ComponentInfo{cn.missevan/com.umeng.message.UmengIntentService}
07-08 18:26:12.680 18209 18257 D NAccs.SilenceConn_default:  sendMessage ready dataId:1657275972679.4 type:PING delay:0
07-08 18:26:12.680 18209 18257 D NAccs.SilenceConn_default:  clearRepeatControlCommand message:201/
07-08 18:26:12.680 18209 18209 I NAccs.BaseIntentService:  handleMessage on receive msg msg:{ when=0 what=0 target=org.android.agoo.control.g }
07-08 18:26:12.680 18209 18209 I NAccs.BaseIntentService:  handleMessage get intent success intent:Intent { act=org.agoo.android.intent.action.REPORT pkg=cn.missevan cmp=cn.missevan/com.umeng.message.UmengIntentService }
07-08 18:26:12.681 18209 18257 I NAccs.BaseIntentService:  onHandleIntent,action=org.agoo.android.intent.action.REPORT,agooCommand=cn.missevan.intent.action.COMMAND,mipushCommand=cn.missevan.intent.thirdPush.action.COMMAND
07-08 18:26:12.681 18209 18257 I NAccs.BaseIntentService:  is report cache msg,Config.isReportCacheMsg(mContext)=false
07-08 18:26:12.682 18209 18257 D NAccs.isClearTime:  now=1657275972681,now - lastTime=716677,istrue=false
07-08 18:26:12.682 18209 18257 I NAccs.BaseIntentService:  is clear all msg=false
07-08 18:26:12.682 18209 18257 D NAccs.isClearTime:  now=1657275972681,now - lastTime=716677,istrue=false
07-08 18:26:12.728   599   599 E SELinux : avc:  denied  { find } for pid=7093 uid=10181 name=tethering scontext=u:r:vendor_systemhelper_app:s0:c512,c768 tcontext=u:object_r:tethering_service:s0 tclass=service_manager permissive=0
07-08 18:26:12.728  7023 12025 W MiuiPerfServiceClient: interceptAndQueuing:17649|cn.missevan|229|171|unknown|null|cn.missevan/cn.missevan.activity.MainActivity|282550471161745|Slow handle traversal|4
07-08 18:26:12.729  7023 12025 I com.miui.daemo: oneway function results will be dropped but finished with status OK and parcel size 4
07-08 18:26:12.805 17574 17617 I appium  : AppiumResponse: {"sessionId":"cbcf25de-cae6-411f-a30f-af2f305fbb1c","value":{"error":"no such element","message":"An element could not be located on the page using the given search parameters","stacktrace":"io.appium.uiautomator2.common.exceptions.ElementNotFoundException: An element could not be located on the page using the given search parameters\n\tat io.appium.uiautomator2.handler.FindElement.safeHandle(FindElement.java:70)\n\tat io.appium.uiautomator2.handler.request.SafeRequestHandler.handle(SafeRequestHandler.java:59)\n\tat io.appium.uiautomator2.server.AppiumServlet.handleRequest(AppiumServlet.java:266)\n\tat io.appium.uiautomator2.server.AppiumServlet.handleHttpRequest(AppiumServlet.java:260)\n\tat io.appium.uiautomator2.http.ServerHandler.channelRead(ServerHandler.java:68)\n\tat io.netty.channel.AbstractChannelHandlerContext.invokeChannelRead(AbstractChannelHandlerContext.java:366)\n\tat io.netty.channel.AbstractChannelHandlerContext.invokeChannelRead(AbstractChannelHandlerContext.java:352)\n\tat io.netty.channel.AbstractChannelHandlerContext.fireChannelRead(AbstractChannelHandlerContext.java:345)\n\tat io.netty.handler.codec.MessageToMessageDecoder.channelRead(MessageToMessageDecoder.java:102)\n\tat io.netty.channel.AbstractChannelHandlerContext.invokeChannelRead(AbstractChannelHandlerContext.java:366)\n\tat io.netty.channel.AbstractChannelHandlerContext.invokeChannelRead(AbstractChannelHandlerContext.java:352)\n\tat io.netty.channel.AbstractChannelHandlerContext.fireChannelRead(AbstractChannelHandlerContext.java:345)\n\tat io.netty.channel.CombinedChannelDuplexHandler$DelegatingChannelHandlerContext.fireChannelRead(CombinedChannelDuplexHandler.java:435)\n\tat io.netty.handler.codec.ByteToMessageDecoder.fireChannelRead(ByteToMessageDecoder.java:293)\n\tat io.netty.handler.codec.ByteToMessageDecoder.channelRead(ByteToMessageDecoder.java:267)\n\tat io.netty.channel.CombinedChannelDuplexHandler.channelRead(CombinedChannelDuplexHandler.java:250)\n\tat io.netty.channel.AbstractChannelHandlerContext.invokeChannelRead(AbstractChannelHandlerContext.java:366)\n\tat io.netty.channel.AbstractChannelHandlerContext.invokeChannelRead(AbstractChannelHandlerContext.java:352)\n\tat io.netty.channel.AbstractChannelHandlerContext.fireChannelRead(AbstractChannelHandlerContext.java:345)\n\tat io.netty.handler.timeout.IdleStateHandler.channelRead(IdleStateHandler.java:266)\n\tat io.netty.channel.AbstractChannelHandlerContext.invokeChannelRead(AbstractChannelHandlerContext.java:366)\n\tat io.netty.channel.AbstractChannelHandlerContext.invokeChannelRead(AbstractChannelHandlerContext.java:352)\n\tat io.netty.channel.AbstractChannelHandlerContext.fireChannelRead(AbstractChannelHandlerContext.java:345)\n\tat io.netty.channel.DefaultChannelPipeline$HeadContext.channelRead(DefaultChannelPipeline.java:1294)\n\tat io.netty.channel.AbstractChannelHandlerContext.invokeChannelRead(AbstractChannelHandlerContext.java:366)\n\tat io.netty.channel.AbstractChannelHandlerContext.invokeChannelRead(AbstractChannelHandlerContext.java:352)\n\tat io.netty.channel.DefaultChannelPipeline.fireChannelRead(DefaultChannelPipeline.java:911)\n\tat io.netty.channel.nio.AbstractNioByteChannel$NioByteUnsafe.read(AbstractNioByteChannel.java:131)\n\tat io.netty.channel.nio.NioEventLoop.processSelectedKey(NioEventLoop.java:611)\n\tat io.netty.channel.nio.NioEventLoop.processSelectedKeysOptimized(NioEventLoop.java:552)\n\tat io.netty.channel.nio.NioEventLoop.processSelectedKeys(NioEventLoop.java:466)\n\tat io.netty.channel.nio.NioEventLoop.run(NioEventLoop.java:438)\n\tat io.netty.util.concurrent.SingleThreadEventExecutor$2.run(SingleThreadEventExecutor.java:140)\n\tat io.netty.util.concurrent.DefaultThreadFactory$DefaultRunnableDecorator.run(DefaultThreadFactory.java:144)\n\tat java.lang.Thread.run(Thread.java:923)\n"}}
07-08 18:26:12.905   908 12402 I vendor.qti.bluetooth@1.0-ibs_handler: ProcessIbsCmd: Received IBS_WAKE_IND: 0xFD
07-08 18:26:12.905   908 12402 D vendor.qti.bluetooth@1.0-ibs_handler: SerialClockVote: vote for UART CLK ON
07-08 18:26:12.905   908 12402 D vendor.qti.bluetooth@1.0-wake_lock: Acquire wakelock is acquired
07-08 18:26:12.906   908 12402 I vendor.qti.bluetooth@1.0-ibs_handler: ProcessIbsCmd: Writing IBS_WAKE_ACK
07-08 18:26:12.907 12146 12405 V bt_stack: [VERBOSE1:btm_ble_gap.cc(1924)] btm_ble_process_ext_adv_pkt: bda=0d:01:c4:5f:05:4d
07-08 18:26:12.908 12146 12405 V bt_stack: [VERBOSE1:btm_ble_gap.cc(1848)] btm_ble_process_adv_addr: bda=0d:01:c4:5f:05:4d
07-08 18:26:12.908 12146 12405 V bt_stack: [VERBOSE1:btm_inq.cc(1019)] BTM_InqDbRead: bd addr 0d:01:c4:5f:05:4d
07-08 18:26:12.929   599   599 E SELinux : avc:  denied  { find } for pid=7093 uid=10181 name=tethering scontext=u:r:vendor_systemhelper_app:s0:c512,c768 tcontext=u:object_r:tethering_service:s0 tclass=service_manager permissive=0
07-08 18:26:12.986   908 12402 I vendor.qti.bluetooth@1.0-ibs_handler: ProcessIbsCmd: Received IBS_SLEEP_IND: 0xFE
07-08 18:26:12.987   908 12402 D vendor.qti.bluetooth@1.0-ibs_handler: SerialClockVote: vote for UART CLK OFF
07-08 18:26:13.130   599   599 E SELinux : avc:  denied  { find } for pid=7093 uid=10181 name=tethering scontext=u:r:vendor_systemhelper_app:s0:c512,c768 tcontext=u:object_r:tethering_service:s0 tclass=service_manager permissive=0
07-08 18:26:13.137   908 12312 D vendor.qti.bluetooth@1.0-wake_lock: Release wakelock is released
07-08 18:26:13.331 17574 17617 I appium  : channel read: POST /wd/hub/session/cbcf25de-cae6-411f-a30f-af2f305fbb1c/element
07-08 18:26:13.333 17574 17617 I appium  : FindElement command
07-08 18:26:13.334   599   599 E SELinux : avc:  denied  { find } for pid=7093 uid=10181 name=tethering scontext=u:r:vendor_systemhelper_app:s0:c512,c768 tcontext=u:object_r:tethering_service:s0 tclass=service_manager permissive=0
07-08 18:26:13.336 17574 17617 I appium  : method: 'id', selector: 'cn.missevan:id/textView5'
07-08 18:26:13.336 17574 17617 I appium  : Waiting up to 10000ms for the device to idle
07-08 18:26:13.338  1969  2374 D MIUIInput: [MotionEvent] notifyMotion - eventTime=282551903208000, deviceId=3, source=0x1002, policyFlags=0x0, action=0x0, flags=0x0, downTime=282551903208000, moveCount:0
07-08 18:26:13.339  1969  2373 W InputDispatcher: checkSynergyInfo mode:0 info:0 0, id:-1
07-08 18:26:13.339  1969  2373 D MIUIInput: [MotionEvent] publisher action=0x0, 282551903, channel '1aae95f cn.missevan/cn.missevan.activity.MainActivity (server)'
07-08 18:26:13.340 17649 17649 D MIUIInput: [MotionEvent] ViewRootImpl { action=ACTION_DOWN, id[0]=0, pointerCount=1, eventTime=282551903, downTime=282551903 } moveCount:0
07-08 18:26:13.343  1969  2131 E PointerController: [doFadingAnimationLocked:632]
07-08 18:26:13.343  1969  2131 E PointerController: [updatePointerLocked:811] mLocked.pointerIconChanged = 0
07-08 18:26:13.343  1969  2131 E PointerController: [updatePointerLocked:812] mLocked.presentationChanged = 0
07-08 18:26:13.343  1969  2131 E PointerController: [updatePointerLocked:813] mLocked.presentation = 3
07-08 18:26:13.343  1969  2131 E PointerController: [updatePointerLocked:814] mLocked.requestedPointerType = 1000
07-08 18:26:13.351  1000  1000 D CompositionEngine: writeOutputDependentGeometryStateToHWC layer[cn.missevan/cn.missevan.activity.MainActivity#0] set Z 134217728 miFodLayer 134217728
07-08 18:26:13.351  1000  1000 D CompositionEngine: writeOutputDependentGeometryStateToHWC layer[#0] set Z 134217729 miFodLayer 134217728
07-08 18:26:13.351  1000  1000 D CompositionEngine: writeOutputDependentGeometryStateToHWC layer[StatusBar#0] set Z 134217730 miFodLayer 134217728
07-08 18:26:13.351  1000  1000 D CompositionEngine: writeOutputDependentGeometryStateToHWC layer[Sprite#3] set Z 134217731 miFodLayer 134217728
07-08 18:26:13.351  1000  1000 D CompositionEngine: writeOutputDependentGeometryStateToHWC layer[RoundCorner#0] set Z 134217732 miFodLayer 134217728
07-08 18:26:13.351  1000  1000 D CompositionEngine: writeOutputDependentGeometryStateToHWC layer[RoundCorner#1] set Z 134217733 miFodLayer 134217728
07-08 18:26:13.372  1969  2393 I MiuiNetworkPolicy: bandwidth: 4 KB/s, Max bandwidth: 3677 KB/s
07-08 18:26:13.392  1969  2374 D MIUIInput: [MotionEvent] notifyMotion - eventTime=282551957932000, deviceId=3, source=0x1002, policyFlags=0x0, action=0x1, flags=0x0, downTime=282551903208000, moveCount:0
07-08 18:26:13.393  1969  2373 W InputDispatcher: checkSynergyInfo mode:0 info:0 0, id:-1
07-08 18:26:13.393  1969  2373 D MIUIInput: [MotionEvent] publisher action=0x1, 282551957, channel '1aae95f cn.missevan/cn.missevan.activity.MainActivity (server)'
07-08 18:26:13.393 17649 17649 D MIUIInput: [MotionEvent] ViewRootImpl { action=ACTION_UP, id[0]=0, pointerCount=1, eventTime=282551957, downTime=282551903 } moveCount:0
07-08 18:26:13.399  1969  2131 E PointerController: [doFadingAnimationLocked:632]
07-08 18:26:13.399  1969  2131 E PointerController: [updatePointerLocked:811] mLocked.pointerIconChanged = 0
07-08 18:26:13.399  1969  2131 E PointerController: [updatePointerLocked:812] mLocked.presentationChanged = 0
07-08 18:26:13.399  1969  2131 E PointerController: [updatePointerLocked:813] mLocked.presentation = 3
07-08 18:26:13.399  1969  2131 E PointerController: [updatePointerLocked:814] mLocked.requestedPointerType = 1000
07-08 18:26:13.406  1000  1000 D CompositionEngine: writeOutputDependentGeometryStateToHWC layer[cn.missevan/cn.missevan.activity.MainActivity#0] set Z 134217728 miFodLayer 134217728
07-08 18:26:13.406  1000  1000 D CompositionEngine: writeOutputDependentGeometryStateToHWC layer[#0] set Z 134217729 miFodLayer 134217728
07-08 18:26:13.406  1000  1000 D CompositionEngine: writeOutputDependentGeometryStateToHWC layer[StatusBar#0] set Z 134217730 miFodLayer 134217728
07-08 18:26:13.406  1000  1000 D CompositionEngine: writeOutputDependentGeometryStateToHWC layer[Sprite#3] set Z 134217731 miFodLayer 134217728
07-08 18:26:13.406  1000  1000 D CompositionEngine: writeOutputDependentGeometryStateToHWC layer[RoundCorner#0] set Z 134217732 miFodLayer 134217728
07-08 18:26:13.406  1000  1000 D CompositionEngine: writeOutputDependentGeometryStateToHWC layer[RoundCorner#1] set Z 134217733 miFodLayer 134217728
07-08 18:26:13.417  1000  1000 D CompositionEngine: writeOutputDependentGeometryStateToHWC layer[cn.missevan/cn.missevan.activity.MainActivity#0] set Z 134217728 miFodLayer 134217728
07-08 18:26:13.417  1000  1000 D CompositionEngine: writeOutputDependentGeometryStateToHWC layer[#0] set Z 134217729 miFodLayer 134217728
07-08 18:26:13.417  1000  1000 D CompositionEngine: writeOutputDependentGeometryStateToHWC layer[StatusBar#0] set Z 134217730 miFodLayer 134217728
07-08 18:26:13.417  1000  1000 D CompositionEngine: writeOutputDependentGeometryStateToHWC layer[Sprite#3] set Z 134217731 miFodLayer 134217728
07-08 18:26:13.417  1000  1000 D CompositionEngine: writeOutputDependentGeometryStateToHWC layer[RoundCorner#0] set Z 134217732 miFodLayer 134217728
07-08 18:26:13.417  1000  1000 D CompositionEngine: writeOutputDependentGeometryStateToHWC layer[RoundCorner#1] set Z 134217733 miFodLayer 134217728
07-08 18:26:13.428  1000  1000 D CompositionEngine: writeOutputDependentGeometryStateToHWC layer[cn.missevan/cn.missevan.activity.MainActivity#0] set Z 134217728 miFodLayer 134217728
07-08 18:26:13.428  1000  1000 D CompositionEngine: writeOutputDependentGeometryStateToHWC layer[#0] set Z 134217729 miFodLayer 134217728
07-08 18:26:13.428  1000  1000 D CompositionEngine: writeOutputDependentGeometryStateToHWC layer[StatusBar#0] set Z 134217730 miFodLayer 134217728
07-08 18:26:13.428  1000  1000 D CompositionEngine: writeOutputDependentGeometryStateToHWC layer[Sprite#3] set Z 134217731 miFodLayer 134217728
07-08 18:26:13.428  1000  1000 D CompositionEngine: writeOutputDependentGeometryStateToHWC layer[RoundCorner#0] set Z 134217732 miFodLayer 134217728
07-08 18:26:13.428  1000  1000 D CompositionEngine: writeOutputDependentGeometryStateToHWC layer[RoundCorner#1] set Z 134217733 miFodLayer 134217728
07-08 18:26:13.438   910  2332 E CamX    : [ERROR][NCS    ] camxncsservice.cpp:594 EnqueueJob() Can not enqueue jobs when thread is stopped
07-08 18:26:13.438   910  2332 W CamX    : [ WARN][NCS    ] camxncsintfqsee.cpp:2263 FillSensorData() Buffer queue for sensor 7 has been freed: bufh=0x0, bufsize=1248, stride=4
07-08 18:26:13.440  1000  1000 D CompositionEngine: writeOutputDependentGeometryStateToHWC layer[cn.missevan/cn.missevan.activity.MainActivity#0] set Z 134217728 miFodLayer 134217728
07-08 18:26:13.440  1000  1000 D CompositionEngine: writeOutputDependentGeometryStateToHWC layer[#0] set Z 134217729 miFodLayer 134217728
07-08 18:26:13.440  1000  1000 D CompositionEngine: writeOutputDependentGeometryStateToHWC layer[StatusBar#0] set Z 134217730 miFodLayer 134217728
07-08 18:26:13.440  1000  1000 D CompositionEngine: writeOutputDependentGeometryStateToHWC layer[Sprite#3] set Z 134217731 miFodLayer 134217728
07-08 18:26:13.440  1000  1000 D CompositionEngine: writeOutputDependentGeometryStateToHWC layer[RoundCorner#0] set Z 134217732 miFodLayer 134217728
07-08 18:26:13.440  1000  1000 D CompositionEngine: writeOutputDependentGeometryStateToHWC layer[RoundCorner#1] set Z 134217733 miFodLayer 134217728
07-08 18:26:13.440   969  1771 D DisplayFeatureHal: HandleSunlightScreen enter modeId 0, cookie = 0
07-08 18:26:13.440   969  1771 D DisplayFeatureHal: HandleSunlightScreen exit ret -1
07-08 18:26:13.451  1000  1000 D CompositionEngine: writeOutputDependentGeometryStateToHWC layer[cn.missevan/cn.missevan.activity.MainActivity#0] set Z 134217728 miFodLayer 134217728
07-08 18:26:13.451  1000  1000 D CompositionEngine: writeOutputDependentGeometryStateToHWC layer[#0] set Z 134217729 miFodLayer 134217728
07-08 18:26:13.451  1000  1000 D CompositionEngine: writeOutputDependentGeometryStateToHWC layer[StatusBar#0] set Z 134217730 miFodLayer 134217728
07-08 18:26:13.451  1000  1000 D CompositionEngine: writeOutputDependentGeometryStateToHWC layer[Sprite#3] set Z 134217731 miFodLayer 134217728
07-08 18:26:13.451  1000  1000 D CompositionEngine: writeOutputDependentGeometryStateToHWC layer[RoundCorner#0] set Z 134217732 miFodLayer 134217728
07-08 18:26:13.451  1000  1000 D CompositionEngine: writeOutputDependentGeometryStateToHWC layer[RoundCorner#1] set Z 134217733 miFodLayer 134217728
07-08 18:26:13.462  1000  1000 D CompositionEngine: writeOutputDependentGeometryStateToHWC layer[cn.missevan/cn.missevan.activity.MainActivity#0] set Z 134217728 miFodLayer 134217728
07-08 18:26:13.462  1000  1000 D CompositionEngine: writeOutputDependentGeometryStateToHWC layer[#0] set Z 134217729 miFodLayer 134217728
07-08 18:26:13.462  1000  1000 D CompositionEngine: writeOutputDependentGeometryStateToHWC layer[StatusBar#0] set Z 134217730 miFodLayer 134217728
07-08 18:26:13.462  1000  1000 D CompositionEngine: writeOutputDependentGeometryStateToHWC layer[Sprite#3] set Z 134217731 miFodLayer 134217728
07-08 18:26:13.462  1000  1000 D CompositionEngine: writeOutputDependentGeometryStateToHWC layer[RoundCorner#0] set Z 134217732 miFodLayer 134217728
07-08 18:26:13.462  1000  1000 D CompositionEngine: writeOutputDependentGeometryStateToHWC layer[RoundCorner#1] set Z 134217733 miFodLayer 134217728
07-08 18:26:13.473  1000  1000 D CompositionEngine: writeOutputDependentGeometryStateToHWC layer[cn.missevan/cn.missevan.activity.MainActivity#0] set Z 134217728 miFodLayer 134217728
07-08 18:26:13.473  1000  1000 D CompositionEngine: writeOutputDependentGeometryStateToHWC layer[#0] set Z 134217729 miFodLayer 134217728
07-08 18:26:13.473  1000  1000 D CompositionEngine: writeOutputDependentGeometryStateToHWC layer[StatusBar#0] set Z 134217730 miFodLayer 134217728
07-08 18:26:13.473  1000  1000 D CompositionEngine: writeOutputDependentGeometryStateToHWC layer[Sprite#3] set Z 134217731 miFodLayer 134217728
07-08 18:26:13.473  1000  1000 D CompositionEngine: writeOutputDependentGeometryStateToHWC layer[RoundCorner#0] set Z 134217732 miFodLayer 134217728
07-08 18:26:13.473  1000  1000 D CompositionEngine: writeOutputDependentGeometryStateToHWC layer[RoundCorner#1] set Z 134217733 miFodLayer 134217728
07-08 18:26:13.484  1000  1000 D CompositionEngine: writeOutputDependentGeometryStateToHWC layer[cn.missevan/cn.missevan.activity.MainActivity#0] set Z 134217728 miFodLayer 134217728
07-08 18:26:13.484  1000  1000 D CompositionEngine: writeOutputDependentGeometryStateToHWC layer[#0] set Z 134217729 miFodLayer 134217728
07-08 18:26:13.484  1000  1000 D CompositionEngine: writeOutputDependentGeometryStateToHWC layer[StatusBar#0] set Z 134217730 miFodLayer 134217728
07-08 18:26:13.484  1000  1000 D CompositionEngine: writeOutputDependentGeometryStateToHWC layer[Sprite#3] set Z 134217731 miFodLayer 134217728
07-08 18:26:13.485  1000  1000 D CompositionEngine: writeOutputDependentGeometryStateToHWC layer[RoundCorner#0] set Z 134217732 miFodLayer 134217728
07-08 18:26:13.485  1000  1000 D CompositionEngine: writeOutputDependentGeometryStateToHWC layer[RoundCorner#1] set Z 134217733 miFodLayer 134217728
07-08 18:26:13.485   908 12402 I vendor.qti.bluetooth@1.0-ibs_handler: ProcessIbsCmd: Received IBS_WAKE_IND: 0xFD
07-08 18:26:13.485   908 12402 D vendor.qti.bluetooth@1.0-ibs_handler: SerialClockVote: vote for UART CLK ON
07-08 18:26:13.486   908 12402 D vendor.qti.bluetooth@1.0-wake_lock: Acquire wakelock is acquired
07-08 18:26:13.486   908 12402 I vendor.qti.bluetooth@1.0-ibs_handler: ProcessIbsCmd: Writing IBS_WAKE_ACK
07-08 18:26:13.487 12146 12405 V bt_stack: [VERBOSE1:btm_ble_gap.cc(1924)] btm_ble_process_ext_adv_pkt: bda=d4:5e:ec:42:d1:94
07-08 18:26:13.487 12146 12405 V bt_stack: [VERBOSE1:btm_ble_gap.cc(1848)] btm_ble_process_adv_addr: bda=d4:5e:ec:42:d1:94
07-08 18:26:13.487 12146 12405 V bt_stack: [VERBOSE1:btm_ble_gap.cc(2058)]  Waiting for scan response d4:5e:ec:42:d1:94
07-08 18:26:13.496  1000  1000 D CompositionEngine: writeOutputDependentGeometryStateToHWC layer[cn.missevan/cn.missevan.activity.MainActivity#0] set Z 134217728 miFodLayer 134217728
07-08 18:26:13.496  1000  1000 D CompositionEngine: writeOutputDependentGeometryStateToHWC layer[#0] set Z 134217729 miFodLayer 134217728
07-08 18:26:13.496  1000  1000 D CompositionEngine: writeOutputDependentGeometryStateToHWC layer[StatusBar#0] set Z 134217730 miFodLayer 134217728
07-08 18:26:13.496  1000  1000 D CompositionEngine: writeOutputDependentGeometryStateToHWC layer[Sprite#3] set Z 134217731 miFodLayer 134217728
07-08 18:26:13.496  1000  1000 D CompositionEngine: writeOutputDependentGeometryStateToHWC layer[RoundCorner#0] set Z 134217732 miFodLayer 134217728
07-08 18:26:13.496  1000  1000 D CompositionEngine: writeOutputDependentGeometryStateToHWC layer[RoundCorner#1] set Z 134217733 miFodLayer 134217728
07-08 18:26:13.506  1000  1000 D CompositionEngine: writeOutputDependentGeometryStateToHWC layer[cn.missevan/cn.missevan.activity.MainActivity#0] set Z 134217728 miFodLayer 134217728
07-08 18:26:13.507  1000  1000 D CompositionEngine: writeOutputDependentGeometryStateToHWC layer[#0] set Z 134217729 miFodLayer 134217728
07-08 18:26:13.507  1000  1000 D CompositionEngine: writeOutputDependentGeometryStateToHWC layer[StatusBar#0] set Z 134217730 miFodLayer 134217728
07-08 18:26:13.507  1000  1000 D CompositionEngine: writeOutputDependentGeometryStateToHWC layer[Sprite#3] set Z 134217731 miFodLayer 134217728
07-08 18:26:13.507  1000  1000 D CompositionEngine: writeOutputDependentGeometryStateToHWC layer[RoundCorner#0] set Z 134217732 miFodLayer 134217728
07-08 18:26:13.507  1000  1000 D CompositionEngine: writeOutputDependentGeometryStateToHWC layer[RoundCorner#1] set Z 134217733 miFodLayer 134217728
07-08 18:26:13.511 17649 17649 I Banner  : [main] banner pause loop
07-08 18:26:13.512 17649 17649 I chatty  : uid=10837(cn.missevan) identical 3 lines
07-08 18:26:13.512 17649 17649 I Banner  : [main] banner pause loop
07-08 18:26:13.513 17649 18276 I SettingFragment: [AsyncTask #1] cache file: cache, exist: true
07-08 18:26:13.516 17649 18276 I chatty  : uid=10837(cn.missevan) AsyncTask #1 identical 1 line
07-08 18:26:13.516 17649 18276 I SettingFragment: [AsyncTask #1] cache file: cache, exist: true
07-08 18:26:13.517 17649 18276 I SettingFragment: [AsyncTask #1] cache file: Dubbing, exist: true
07-08 18:26:13.518  1000  1000 D CompositionEngine: writeOutputDependentGeometryStateToHWC layer[cn.missevan/cn.missevan.activity.MainActivity#0] set Z 134217728 miFodLayer 134217728
07-08 18:26:13.518  1000  1000 D CompositionEngine: writeOutputDependentGeometryStateToHWC layer[#0] set Z 134217729 miFodLayer 134217728
07-08 18:26:13.518  1000  1000 D CompositionEngine: writeOutputDependentGeometryStateToHWC layer[StatusBar#0] set Z 134217730 miFodLayer 134217728
07-08 18:26:13.518  1000  1000 D CompositionEngine: writeOutputDependentGeometryStateToHWC layer[Sprite#3] set Z 134217731 miFodLayer 134217728
07-08 18:26:13.518  1000  1000 D CompositionEngine: writeOutputDependentGeometryStateToHWC layer[RoundCorner#0] set Z 134217732 miFodLayer 134217728
07-08 18:26:13.518  1000  1000 D CompositionEngine: writeOutputDependentGeometryStateToHWC layer[RoundCorner#1] set Z 134217733 miFodLayer 134217728
07-08 18:26:13.529  1000  1000 D CompositionEngine: writeOutputDependentGeometryStateToHWC layer[cn.missevan/cn.missevan.activity.MainActivity#0] set Z 134217728 miFodLayer 134217728
07-08 18:26:13.529  1000  1000 D CompositionEngine: writeOutputDependentGeometryStateToHWC layer[#0] set Z 134217729 miFodLayer 134217728
07-08 18:26:13.529  1000  1000 D CompositionEngine: writeOutputDependentGeometryStateToHWC layer[StatusBar#0] set Z 134217730 miFodLayer 134217728
07-08 18:26:13.529  1000  1000 D CompositionEngine: writeOutputDependentGeometryStateToHWC layer[Sprite#3] set Z 134217731 miFodLayer 134217728
07-08 18:26:13.529  1000  1000 D CompositionEngine: writeOutputDependentGeometryStateToHWC layer[RoundCorner#0] set Z 134217732 miFodLayer 134217728
07-08 18:26:13.529  1000  1000 D CompositionEngine: writeOutputDependentGeometryStateToHWC layer[RoundCorner#1] set Z 134217733 miFodLayer 134217728
07-08 18:26:13.535   599   599 E SELinux : avc:  denied  { find } for pid=7093 uid=10181 name=tethering scontext=u:r:vendor_systemhelper_app:s0:c512,c768 tcontext=u:object_r:tethering_service:s0 tclass=service_manager permissive=0
07-08 18:26:13.539 17574 17617 W ByMatcher: Node returned null child: android.view.accessibility.AccessibilityNodeInfo@2fdf4; boundsInParent: Rect(0, 0 - 1024, 1690); boundsInScreen: Rect(28, 697 - 1052, 2186); packageName: cn.missevan; className: androidx.recyclerview.widget.RecyclerView; text: null; error: null; maxTextLength: -1; stateDescription: null; contentDescription: null; tooltipText: null; viewIdResName: cn.missevan:id/rv_profile_item; checkable: false; checked: false; focusable: true; focused: false; selected: false; clickable: false; longClickable: false; contextClickable: false; enabled: true; password: false; scrollable: false; importantForAccessibility: true; visible: true; actions: [AccessibilityAction: ACTION_FOCUS - null, AccessibilityAction: ACTION_SELECT - null, AccessibilityAction: ACTION_CLEAR_SELECTION - null, AccessibilityAction: ACTION_ACCESSIBILITY_FOCUS - null, AccessibilityAction: ACTION_SHOW_ON_SCREEN - null]
07-08 18:26:13.539 17574 17617 W ByMatcher: Skipping null child (10 of 14)
07-08 18:26:13.540  1000  1000 D CompositionEngine: writeOutputDependentGeometryStateToHWC layer[cn.missevan/cn.missevan.activity.MainActivity#0] set Z 134217728 miFodLayer 134217728
07-08 18:26:13.540  1000  1000 D CompositionEngine: writeOutputDependentGeometryStateToHWC layer[#0] set Z 134217729 miFodLayer 134217728
07-08 18:26:13.540  1000  1000 D CompositionEngine: writeOutputDependentGeometryStateToHWC layer[StatusBar#0] set Z 134217730 miFodLayer 134217728
07-08 18:26:13.540  1000  1000 D CompositionEngine: writeOutputDependentGeometryStateToHWC layer[Sprite#3] set Z 134217731 miFodLayer 134217728
07-08 18:26:13.540  1000  1000 D CompositionEngine: writeOutputDependentGeometryStateToHWC layer[RoundCorner#0] set Z 134217732 miFodLayer 134217728
07-08 18:26:13.540  1000  1000 D CompositionEngine: writeOutputDependentGeometryStateToHWC layer[RoundCorner#1] set Z 134217733 miFodLayer 134217728
07-08 18:26:13.546 17574 17617 W ByMatcher: Skipping null child (11 of 14)
07-08 18:26:13.551  1000  1000 D CompositionEngine: writeOutputDependentGeometryStateToHWC layer[cn.missevan/cn.missevan.activity.MainActivity#0] set Z 134217728 miFodLayer 134217728
