07-08 18:26:15.196  1000  1000 D CompositionEngine: writeOutputDependentGeometryStateToHWC layer[StatusBar#0] set Z 134217732 miFodLayer 134217728
07-08 18:26:15.196  1000  1000 D CompositionEngine: writeOutputDependentGeometryStateToHWC layer[Sprite#3] set Z 134217733 miFodLayer 134217728
07-08 18:26:15.196  1000  1000 D CompositionEngine: writeOutputDependentGeometryStateToHWC layer[RoundCorner#0] set Z 134217734 miFodLayer 134217728
07-08 18:26:15.196  1000  1000 D CompositionEngine: writeOutputDependentGeometryStateToHWC layer[RoundCorner#1] set Z 134217735 miFodLayer 134217728
07-08 18:26:15.201 15896 15896 D IMEBottomManager: onGlobalLayout..
07-08 18:26:15.201 15896 15896 I IMEBottomManager: rootViewHeight : 2086 fullScreenHeight:1922 inputAreaHeight:0 miuiBottomHeight:164
07-08 18:26:15.201 15896 15896 I IMEBottomManager: heightLeftForMIUI 164
07-08 18:26:15.208  1000  1000 D CompositionEngine: writeOutputDependentGeometryStateToHWC layer[cn.missevan/cn.missevan.activity.MainActivity#0] set Z 134217728 miFodLayer 134217728
07-08 18:26:15.208  1000  1000 D CompositionEngine: writeOutputDependentGeometryStateToHWC layer[Dim Layer for - Task=1979#0] set Z 134217729 miFodLayer 134217728
07-08 18:26:15.208  1000  1000 D CompositionEngine: writeOutputDependentGeometryStateToHWC layer[cn.missevan/cn.missevan.activity.MainActivity#1] set Z 134217730 miFodLayer 134217728
07-08 18:26:15.208  1000  1000 D CompositionEngine: writeOutputDependentGeometryStateToHWC layer[#0] set Z 134217731 miFodLayer 134217728
07-08 18:26:15.208  1000  1000 D CompositionEngine: writeOutputDependentGeometryStateToHWC layer[StatusBar#0] set Z 134217732 miFodLayer 134217728
07-08 18:26:15.208  1000  1000 D CompositionEngine: writeOutputDependentGeometryStateToHWC layer[Sprite#3] set Z 134217733 miFodLayer 134217728
07-08 18:26:15.208  1000  1000 D CompositionEngine: writeOutputDependentGeometryStateToHWC layer[RoundCorner#0] set Z 134217734 miFodLayer 134217728
07-08 18:26:15.208  1000  1000 D CompositionEngine: writeOutputDependentGeometryStateToHWC layer[RoundCorner#1] set Z 134217735 miFodLayer 134217728
07-08 18:26:15.218  1000  1000 D CompositionEngine: writeOutputDependentGeometryStateToHWC layer[cn.missevan/cn.missevan.activity.MainActivity#0] set Z 134217728 miFodLayer 134217728
07-08 18:26:15.218  1000  1000 D CompositionEngine: writeOutputDependentGeometryStateToHWC layer[Dim Layer for - Task=1979#0] set Z 134217729 miFodLayer 134217728
07-08 18:26:15.219  1000  1000 D CompositionEngine: writeOutputDependentGeometryStateToHWC layer[cn.missevan/cn.missevan.activity.MainActivity#1] set Z 134217730 miFodLayer 134217728
07-08 18:26:15.219  1000  1000 D CompositionEngine: writeOutputDependentGeometryStateToHWC layer[#0] set Z 134217731 miFodLayer 134217728
07-08 18:26:15.219  1000  1000 D CompositionEngine: writeOutputDependentGeometryStateToHWC layer[StatusBar#0] set Z 134217732 miFodLayer 134217728
07-08 18:26:15.219  1000  1000 D CompositionEngine: writeOutputDependentGeometryStateToHWC layer[Sprite#3] set Z 134217733 miFodLayer 134217728
07-08 18:26:15.219  1000  1000 D CompositionEngine: writeOutputDependentGeometryStateToHWC layer[RoundCorner#0] set Z 134217734 miFodLayer 134217728
07-08 18:26:15.219  1000  1000 D CompositionEngine: writeOutputDependentGeometryStateToHWC layer[RoundCorner#1] set Z 134217735 miFodLayer 134217728
07-08 18:26:15.230  1000  1000 D CompositionEngine: writeOutputDependentGeometryStateToHWC layer[cn.missevan/cn.missevan.activity.MainActivity#0] set Z 134217728 miFodLayer 134217728
07-08 18:26:15.230  1000  1000 D CompositionEngine: writeOutputDependentGeometryStateToHWC layer[Dim Layer for - Task=1979#0] set Z 134217729 miFodLayer 134217728
07-08 18:26:15.230  1000  1000 D CompositionEngine: writeOutputDependentGeometryStateToHWC layer[cn.missevan/cn.missevan.activity.MainActivity#1] set Z 134217730 miFodLayer 134217728
07-08 18:26:15.230  1000  1000 D CompositionEngine: writeOutputDependentGeometryStateToHWC layer[#0] set Z 134217731 miFodLayer 134217728
07-08 18:26:15.230  1000  1000 D CompositionEngine: writeOutputDependentGeometryStateToHWC layer[StatusBar#0] set Z 134217732 miFodLayer 134217728
07-08 18:26:15.230  1000  1000 D CompositionEngine: writeOutputDependentGeometryStateToHWC layer[Sprite#3] set Z 134217733 miFodLayer 134217728
07-08 18:26:15.230  1000  1000 D CompositionEngine: writeOutputDependentGeometryStateToHWC layer[RoundCorner#0] set Z 134217734 miFodLayer 134217728
07-08 18:26:15.230  1000  1000 D CompositionEngine: writeOutputDependentGeometryStateToHWC layer[RoundCorner#1] set Z 134217735 miFodLayer 134217728
07-08 18:26:15.241  1000  1000 D CompositionEngine: writeOutputDependentGeometryStateToHWC layer[cn.missevan/cn.missevan.activity.MainActivity#0] set Z 134217728 miFodLayer 134217728
07-08 18:26:15.241  1000  1000 D CompositionEngine: writeOutputDependentGeometryStateToHWC layer[Dim Layer for - Task=1979#0] set Z 134217729 miFodLayer 134217728
07-08 18:26:15.241  1000  1000 D CompositionEngine: writeOutputDependentGeometryStateToHWC layer[cn.missevan/cn.missevan.activity.MainActivity#1] set Z 134217730 miFodLayer 134217728
07-08 18:26:15.241  1000  1000 D CompositionEngine: writeOutputDependentGeometryStateToHWC layer[#0] set Z 134217731 miFodLayer 134217728
07-08 18:26:15.241  1000  1000 D CompositionEngine: writeOutputDependentGeometryStateToHWC layer[StatusBar#0] set Z 134217732 miFodLayer 134217728
07-08 18:26:15.241  1000  1000 D CompositionEngine: writeOutputDependentGeometryStateToHWC layer[Sprite#3] set Z 134217733 miFodLayer 134217728
07-08 18:26:15.241  1000  1000 D CompositionEngine: writeOutputDependentGeometryStateToHWC layer[RoundCorner#0] set Z 134217734 miFodLayer 134217728
07-08 18:26:15.241  1000  1000 D CompositionEngine: writeOutputDependentGeometryStateToHWC layer[RoundCorner#1] set Z 134217735 miFodLayer 134217728
07-08 18:26:15.252  1000  1000 D CompositionEngine: writeOutputDependentGeometryStateToHWC layer[cn.missevan/cn.missevan.activity.MainActivity#0] set Z 134217728 miFodLayer 134217728
07-08 18:26:15.252  1000  1000 D CompositionEngine: writeOutputDependentGeometryStateToHWC layer[Dim Layer for - Task=1979#0] set Z 134217729 miFodLayer 134217728
07-08 18:26:15.252  1000  1000 D CompositionEngine: writeOutputDependentGeometryStateToHWC layer[cn.missevan/cn.missevan.activity.MainActivity#1] set Z 134217730 miFodLayer 134217728
07-08 18:26:15.252  1000  1000 D CompositionEngine: writeOutputDependentGeometryStateToHWC layer[#0] set Z 134217731 miFodLayer 134217728
07-08 18:26:15.252  1000  1000 D CompositionEngine: writeOutputDependentGeometryStateToHWC layer[StatusBar#0] set Z 134217732 miFodLayer 134217728
07-08 18:26:15.252  1000  1000 D CompositionEngine: writeOutputDependentGeometryStateToHWC layer[Sprite#3] set Z 134217733 miFodLayer 134217728
07-08 18:26:15.253  1000  1000 D CompositionEngine: writeOutputDependentGeometryStateToHWC layer[RoundCorner#0] set Z 134217734 miFodLayer 134217728
07-08 18:26:15.253  1000  1000 D CompositionEngine: writeOutputDependentGeometryStateToHWC layer[RoundCorner#1] set Z 134217735 miFodLayer 134217728
07-08 18:26:15.263  1000  1000 D CompositionEngine: writeOutputDependentGeometryStateToHWC layer[cn.missevan/cn.missevan.activity.MainActivity#0] set Z 134217728 miFodLayer 134217728
07-08 18:26:15.263  1000  1000 D CompositionEngine: writeOutputDependentGeometryStateToHWC layer[Dim Layer for - Task=1979#0] set Z 134217729 miFodLayer 134217728
07-08 18:26:15.263  1000  1000 D CompositionEngine: writeOutputDependentGeometryStateToHWC layer[cn.missevan/cn.missevan.activity.MainActivity#1] set Z 134217730 miFodLayer 134217728
07-08 18:26:15.263  1000  1000 D CompositionEngine: writeOutputDependentGeometryStateToHWC layer[#0] set Z 134217731 miFodLayer 134217728
07-08 18:26:15.263  1000  1000 D CompositionEngine: writeOutputDependentGeometryStateToHWC layer[StatusBar#0] set Z 134217732 miFodLayer 134217728
07-08 18:26:15.263  1000  1000 D CompositionEngine: writeOutputDependentGeometryStateToHWC layer[Sprite#3] set Z 134217733 miFodLayer 134217728
07-08 18:26:15.263  1000  1000 D CompositionEngine: writeOutputDependentGeometryStateToHWC layer[RoundCorner#0] set Z 134217734 miFodLayer 134217728
07-08 18:26:15.263  1000  1000 D CompositionEngine: writeOutputDependentGeometryStateToHWC layer[RoundCorner#1] set Z 134217735 miFodLayer 134217728
07-08 18:26:15.274  1000  1000 D CompositionEngine: writeOutputDependentGeometryStateToHWC layer[cn.missevan/cn.missevan.activity.MainActivity#0] set Z 134217728 miFodLayer 134217728
07-08 18:26:15.274  1000  1000 D CompositionEngine: writeOutputDependentGeometryStateToHWC layer[Dim Layer for - Task=1979#0] set Z 134217729 miFodLayer 134217728
07-08 18:26:15.274  1000  1000 D CompositionEngine: writeOutputDependentGeometryStateToHWC layer[cn.missevan/cn.missevan.activity.MainActivity#1] set Z 134217730 miFodLayer 134217728
07-08 18:26:15.274  1000  1000 D CompositionEngine: writeOutputDependentGeometryStateToHWC layer[#0] set Z 134217731 miFodLayer 134217728
07-08 18:26:15.274  1000  1000 D CompositionEngine: writeOutputDependentGeometryStateToHWC layer[StatusBar#0] set Z 134217732 miFodLayer 134217728
07-08 18:26:15.274  1000  1000 D CompositionEngine: writeOutputDependentGeometryStateToHWC layer[Sprite#3] set Z 134217733 miFodLayer 134217728
07-08 18:26:15.274  1000  1000 D CompositionEngine: writeOutputDependentGeometryStateToHWC layer[RoundCorner#0] set Z 134217734 miFodLayer 134217728
07-08 18:26:15.274  1000  1000 D CompositionEngine: writeOutputDependentGeometryStateToHWC layer[RoundCorner#1] set Z 134217735 miFodLayer 134217728
07-08 18:26:15.285  1000  1000 D CompositionEngine: writeOutputDependentGeometryStateToHWC layer[cn.missevan/cn.missevan.activity.MainActivity#0] set Z 134217728 miFodLayer 134217728
07-08 18:26:15.285  1000  1000 D CompositionEngine: writeOutputDependentGeometryStateToHWC layer[Dim Layer for - Task=1979#0] set Z 134217729 miFodLayer 134217728
07-08 18:26:15.285  1000  1000 D CompositionEngine: writeOutputDependentGeometryStateToHWC layer[cn.missevan/cn.missevan.activity.MainActivity#1] set Z 134217730 miFodLayer 134217728
07-08 18:26:15.285  1000  1000 D CompositionEngine: writeOutputDependentGeometryStateToHWC layer[#0] set Z 134217731 miFodLayer 134217728
07-08 18:26:15.285  1000  1000 D CompositionEngine: writeOutputDependentGeometryStateToHWC layer[StatusBar#0] set Z 134217732 miFodLayer 134217728
07-08 18:26:15.285  1000  1000 D CompositionEngine: writeOutputDependentGeometryStateToHWC layer[Sprite#3] set Z 134217733 miFodLayer 134217728
07-08 18:26:15.285  1000  1000 D CompositionEngine: writeOutputDependentGeometryStateToHWC layer[RoundCorner#0] set Z 134217734 miFodLayer 134217728
07-08 18:26:15.285  1000  1000 D CompositionEngine: writeOutputDependentGeometryStateToHWC layer[RoundCorner#1] set Z 134217735 miFodLayer 134217728
07-08 18:26:15.297  1000  1000 D CompositionEngine: writeOutputDependentGeometryStateToHWC layer[cn.missevan/cn.missevan.activity.MainActivity#0] set Z 134217728 miFodLayer 134217728
07-08 18:26:15.297  1000  1000 D CompositionEngine: writeOutputDependentGeometryStateToHWC layer[Dim Layer for - Task=1979#0] set Z 134217729 miFodLayer 134217728
07-08 18:26:15.297  1000  1000 D CompositionEngine: writeOutputDependentGeometryStateToHWC layer[cn.missevan/cn.missevan.activity.MainActivity#1] set Z 134217730 miFodLayer 134217728
07-08 18:26:15.297  1000  1000 D CompositionEngine: writeOutputDependentGeometryStateToHWC layer[#0] set Z 134217731 miFodLayer 134217728
07-08 18:26:15.297  1000  1000 D CompositionEngine: writeOutputDependentGeometryStateToHWC layer[StatusBar#0] set Z 134217732 miFodLayer 134217728
07-08 18:26:15.297  1000  1000 D CompositionEngine: writeOutputDependentGeometryStateToHWC layer[Sprite#3] set Z 134217733 miFodLayer 134217728
07-08 18:26:15.297  1000  1000 D CompositionEngine: writeOutputDependentGeometryStateToHWC layer[RoundCorner#0] set Z 134217734 miFodLayer 134217728
07-08 18:26:15.297  1000  1000 D CompositionEngine: writeOutputDependentGeometryStateToHWC layer[RoundCorner#1] set Z 134217735 miFodLayer 134217728
07-08 18:26:15.298   910  2332 E CamX    : [ERROR][NCS    ] camxncsservice.cpp:594 EnqueueJob() Can not enqueue jobs when thread is stopped
07-08 18:26:15.298   910  2332 W CamX    : [ WARN][NCS    ] camxncsintfqsee.cpp:2263 FillSensorData() Buffer queue for sensor 7 has been freed: bufh=0x0, bufsize=1248, stride=4
07-08 18:26:15.300   969  1771 D DisplayFeatureHal: HandleSunlightScreen enter modeId 0, cookie = 0
07-08 18:26:15.300   969  1771 D DisplayFeatureHal: HandleSunlightScreen exit ret -1
07-08 18:26:15.307  1000  1000 D CompositionEngine: writeOutputDependentGeometryStateToHWC layer[cn.missevan/cn.missevan.activity.MainActivity#0] set Z 134217728 miFodLayer 134217728
07-08 18:26:15.307  1000  1000 D CompositionEngine: writeOutputDependentGeometryStateToHWC layer[Dim Layer for - Task=1979#0] set Z 134217729 miFodLayer 134217728
07-08 18:26:15.307  1000  1000 D CompositionEngine: writeOutputDependentGeometryStateToHWC layer[cn.missevan/cn.missevan.activity.MainActivity#1] set Z 134217730 miFodLayer 134217728
07-08 18:26:15.307  1000  1000 D CompositionEngine: writeOutputDependentGeometryStateToHWC layer[#0] set Z 134217731 miFodLayer 134217728
07-08 18:26:15.308  1000  1000 D CompositionEngine: writeOutputDependentGeometryStateToHWC layer[StatusBar#0] set Z 134217732 miFodLayer 134217728
07-08 18:26:15.308  1000  1000 D CompositionEngine: writeOutputDependentGeometryStateToHWC layer[Sprite#3] set Z 134217733 miFodLayer 134217728
07-08 18:26:15.308  1000  1000 D CompositionEngine: writeOutputDependentGeometryStateToHWC layer[RoundCorner#0] set Z 134217734 miFodLayer 134217728
07-08 18:26:15.308  1000  1000 D CompositionEngine: writeOutputDependentGeometryStateToHWC layer[RoundCorner#1] set Z 134217735 miFodLayer 134217728
07-08 18:26:15.319  1000  1000 D CompositionEngine: writeOutputDependentGeometryStateToHWC layer[cn.missevan/cn.missevan.activity.MainActivity#0] set Z 134217728 miFodLayer 134217728
07-08 18:26:15.319  1000  1000 D CompositionEngine: writeOutputDependentGeometryStateToHWC layer[Dim Layer for - Task=1979#0] set Z 134217729 miFodLayer 134217728
07-08 18:26:15.319  1000  1000 D CompositionEngine: writeOutputDependentGeometryStateToHWC layer[#0] set Z 134217730 miFodLayer 134217728
07-08 18:26:15.319  1000  1000 D CompositionEngine: writeOutputDependentGeometryStateToHWC layer[StatusBar#0] set Z 134217731 miFodLayer 134217728
07-08 18:26:15.319  1000  1000 D CompositionEngine: writeOutputDependentGeometryStateToHWC layer[Sprite#3] set Z 134217732 miFodLayer 134217728
07-08 18:26:15.319  1000  1000 D CompositionEngine: writeOutputDependentGeometryStateToHWC layer[RoundCorner#0] set Z 134217733 miFodLayer 134217728
07-08 18:26:15.319  1000  1000 D CompositionEngine: writeOutputDependentGeometryStateToHWC layer[RoundCorner#1] set Z 134217734 miFodLayer 134217728
07-08 18:26:15.330  1000  1000 D CompositionEngine: writeOutputDependentGeometryStateToHWC layer[cn.missevan/cn.missevan.activity.MainActivity#0] set Z 134217728 miFodLayer 134217728
07-08 18:26:15.330  1000  1000 D CompositionEngine: writeOutputDependentGeometryStateToHWC layer[#0] set Z 134217729 miFodLayer 134217728
07-08 18:26:15.330  1000  1000 D CompositionEngine: writeOutputDependentGeometryStateToHWC layer[StatusBar#0] set Z 134217730 miFodLayer 134217728
07-08 18:26:15.330  1000  1000 D CompositionEngine: writeOutputDependentGeometryStateToHWC layer[Sprite#3] set Z 134217731 miFodLayer 134217728
07-08 18:26:15.330  1000  1000 D CompositionEngine: writeOutputDependentGeometryStateToHWC layer[RoundCorner#0] set Z 134217732 miFodLayer 134217728
07-08 18:26:15.331  1000  1000 D CompositionEngine: writeOutputDependentGeometryStateToHWC layer[RoundCorner#1] set Z 134217733 miFodLayer 134217728
07-08 18:26:15.341  1000  1000 D CompositionEngine: writeOutputDependentGeometryStateToHWC layer[cn.missevan/cn.missevan.activity.MainActivity#0] set Z 134217728 miFodLayer 134217728
07-08 18:26:15.341  1000  1000 D CompositionEngine: writeOutputDependentGeometryStateToHWC layer[#0] set Z 134217729 miFodLayer 134217728
07-08 18:26:15.341  1000  1000 D CompositionEngine: writeOutputDependentGeometryStateToHWC layer[StatusBar#0] set Z 134217730 miFodLayer 134217728
07-08 18:26:15.341  1000  1000 D CompositionEngine: writeOutputDependentGeometryStateToHWC layer[Sprite#3] set Z 134217731 miFodLayer 134217728
07-08 18:26:15.341  1000  1000 D CompositionEngine: writeOutputDependentGeometryStateToHWC layer[RoundCorner#0] set Z 134217732 miFodLayer 134217728
07-08 18:26:15.341  1000  1000 D CompositionEngine: writeOutputDependentGeometryStateToHWC layer[RoundCorner#1] set Z 134217733 miFodLayer 134217728
07-08 18:26:15.345   599   599 E SELinux : avc:  denied  { find } for pid=7093 uid=10181 name=tethering scontext=u:r:vendor_systemhelper_app:s0:c512,c768 tcontext=u:object_r:tethering_service:s0 tclass=service_manager permissive=0
07-08 18:26:15.352  1000  1000 D CompositionEngine: writeOutputDependentGeometryStateToHWC layer[cn.missevan/cn.missevan.activity.MainActivity#0] set Z 134217728 miFodLayer 134217728
07-08 18:26:15.352  1000  1000 D CompositionEngine: writeOutputDependentGeometryStateToHWC layer[#0] set Z 134217729 miFodLayer 134217728
07-08 18:26:15.352  1000  1000 D CompositionEngine: writeOutputDependentGeometryStateToHWC layer[StatusBar#0] set Z 134217730 miFodLayer 134217728
07-08 18:26:15.352  1000  1000 D CompositionEngine: writeOutputDependentGeometryStateToHWC layer[Sprite#3] set Z 134217731 miFodLayer 134217728
07-08 18:26:15.352  1000  1000 D CompositionEngine: writeOutputDependentGeometryStateToHWC layer[RoundCorner#0] set Z 134217732 miFodLayer 134217728
07-08 18:26:15.352  1000  1000 D CompositionEngine: writeOutputDependentGeometryStateToHWC layer[RoundCorner#1] set Z 134217733 miFodLayer 134217728
07-08 18:26:15.363  1000  1000 D CompositionEngine: writeOutputDependentGeometryStateToHWC layer[cn.missevan/cn.missevan.activity.MainActivity#0] set Z 134217728 miFodLayer 134217728
07-08 18:26:15.363  1000  1000 D CompositionEngine: writeOutputDependentGeometryStateToHWC layer[#0] set Z 134217729 miFodLayer 134217728
07-08 18:26:15.363  1000  1000 D CompositionEngine: writeOutputDependentGeometryStateToHWC layer[StatusBar#0] set Z 134217730 miFodLayer 134217728
07-08 18:26:15.363  1000  1000 D CompositionEngine: writeOutputDependentGeometryStateToHWC layer[Sprite#3] set Z 134217731 miFodLayer 134217728
07-08 18:26:15.363  1000  1000 D CompositionEngine: writeOutputDependentGeometryStateToHWC layer[RoundCorner#0] set Z 134217732 miFodLayer 134217728
07-08 18:26:15.363  1000  1000 D CompositionEngine: writeOutputDependentGeometryStateToHWC layer[RoundCorner#1] set Z 134217733 miFodLayer 134217728
07-08 18:26:15.374  1000  1000 D CompositionEngine: writeOutputDependentGeometryStateToHWC layer[cn.missevan/cn.missevan.activity.MainActivity#0] set Z 134217728 miFodLayer 134217728
07-08 18:26:15.374  1000  1000 D CompositionEngine: writeOutputDependentGeometryStateToHWC layer[#0] set Z 134217729 miFodLayer 134217728
07-08 18:26:15.374  1000  1000 D CompositionEngine: writeOutputDependentGeometryStateToHWC layer[StatusBar#0] set Z 134217730 miFodLayer 134217728
07-08 18:26:15.374  1000  1000 D CompositionEngine: writeOutputDependentGeometryStateToHWC layer[Sprite#3] set Z 134217731 miFodLayer 134217728
07-08 18:26:15.374  1000  1000 D CompositionEngine: writeOutputDependentGeometryStateToHWC layer[RoundCorner#0] set Z 134217732 miFodLayer 134217728
07-08 18:26:15.374  1000  1000 D CompositionEngine: writeOutputDependentGeometryStateToHWC layer[RoundCorner#1] set Z 134217733 miFodLayer 134217728
07-08 18:26:15.385  1000  1000 D CompositionEngine: writeOutputDependentGeometryStateToHWC layer[cn.missevan/cn.missevan.activity.MainActivity#0] set Z 134217728 miFodLayer 134217728
07-08 18:26:15.385  1000  1000 D CompositionEngine: writeOutputDependentGeometryStateToHWC layer[#0] set Z 134217729 miFodLayer 134217728
07-08 18:26:15.385  1000  1000 D CompositionEngine: writeOutputDependentGeometryStateToHWC layer[StatusBar#0] set Z 134217730 miFodLayer 134217728
07-08 18:26:15.385  1000  1000 D CompositionEngine: writeOutputDependentGeometryStateToHWC layer[RoundCorner#0] set Z 134217731 miFodLayer 134217728
07-08 18:26:15.385  1000  1000 D CompositionEngine: writeOutputDependentGeometryStateToHWC layer[RoundCorner#1] set Z 134217732 miFodLayer 134217728
07-08 18:26:15.427   910  2332 E CamX    : [ERROR][NCS    ] camxncsservice.cpp:594 EnqueueJob() Can not enqueue jobs when thread is stopped
07-08 18:26:15.427   910  2332 W CamX    : [ WARN][NCS    ] camxncsintfqsee.cpp:2263 FillSensorData() Buffer queue for sensor 10 has been freed: bufh=0x0, bufsize=360, stride=4
07-08 18:26:15.546   599   599 E SELinux : avc:  denied  { find } for pid=7093 uid=10181 name=tethering scontext=u:r:vendor_systemhelper_app:s0:c512,c768 tcontext=u:object_r:tethering_service:s0 tclass=service_manager permissive=0
07-08 18:26:15.566 17649 18013 D CronetEngine: [thread_background]
07-08 18:26:15.566 17649 18013 D CronetEngine: url: https://app.uat.missevan.com/member/logout
07-08 18:26:15.566 17649 18013 D CronetEngine:  ip: 10.21.250.10
07-08 18:26:15.566 17649 18013 D CronetEngine:  hostResolverProvider:
07-08 18:26:15.566 17649 18013 D CronetEngine:  hostResolveIps: []
07-08 18:26:15.566 17649 18013 D CronetEngine: exception: null
07-08 18:26:15.569 17649 18161 I BLOG    : [RxCachedThreadScheduler-14] HTTP request: [2022-07-08T10:26:15.172Z] POST https://app.uat.missevan.com/member/logout 200 390ms 0
07-08 18:26:15.603 17649 17649 I result  : [main] 1
07-08 18:26:15.604 17649 17649 I result  : [main] 0
07-08 18:26:15.606 17649 17649 I Player.SinglePlayerConnection: [main] updateAllConfig
07-08 18:26:15.607 17799 17823 I Player.BaseAidlPlayerService: [Binder:17799_3] updateConfig, configs: Bundle[mParcelledData.dataSize=36]
07-08 18:26:15.608 17799 17799 I Player.Aidl: [main] updateConfig
07-08 18:26:15.611 17799 17799 I Player.BBPlayer: [main] updateConfig, user id: 0
07-08 18:26:15.612 17799 17799 I @@@BBPLOG: Info T430164F8 CPlayMain L243 The DataLog UserID: 0X0
07-08 18:26:15.613 17799 17799 I Player.AlphaVideoPlayerCore: [main] updateConfig, user id: 0
07-08 18:26:15.614 17799 17799 I @@@BBPLOG: Info T430164F8 CPlayMain L243 The DataLog UserID: 0X0
07-08 18:26:15.615 17799 17799 D Player.BBPlayer: [main] event(1342177297): msg_log_cb, arg1: 0, arg2: 0, any: Info T430164F8 CPlayMain L243 The DataLog UserID: 0X0
07-08 18:26:15.615 17799 17799 D Player.BBPlayer:
07-08 18:26:15.616 17799 17799 I Player.BBPlayer: [main] msg_log_cb, Info T430164F8 CPlayMain L243 The DataLog UserID: 0X0
07-08 18:26:15.616 17799 17799 I Player.BBPlayer:
07-08 18:26:15.619 17799 17799 D Player.AlphaVideoPlayerCore: [main] event(1342177297): msg_log_cb, arg1: 0, arg2: 0, any: Info T430164F8 CPlayMain L243 The DataLog UserID: 0X0
07-08 18:26:15.619 17799 17799 D Player.AlphaVideoPlayerCore:
07-08 18:26:15.620 17799 17799 I Player.AlphaVideoPlayerCore: [main] msg_log_cb, Info T430164F8 CPlayMain L243 The DataLog UserID: 0X0
07-08 18:26:15.620 17799 17799 I Player.AlphaVideoPlayerCore:
07-08 18:26:15.621 17649 17649 W cr_PlatformSer-Internal: GMS is installed but not enabled
07-08 18:26:15.653  2828  2828 D Zygote  : Forked child process 18297
07-08 18:26:15.656 18297 18297 W Zygote  : Unable to open libbeluga.so: dlopen failed: library "libbeluga.so" not found.
07-08 18:26:15.657  1969  2167 I ActivityManager: Start proc 18297:com.google.android.webview:sandboxed_process0:org.chromium.content.app.SandboxedProcessService0:0/u0i93 for  {cn.missevan/org.chromium.content.app.SandboxedProcessService0:0} caller=cn.missevan
07-08 18:26:15.669 17649 17649 I BLOG    : [main] SobotSessionServer  ---> onDestroy
07-08 18:26:15.675 18297 18297 E ocessService0:: Not starting debugger since process cannot load the jdwp agent.
07-08 18:26:15.683  1969  8493 D CompatibilityInfo: mCompatibilityFlags - 0
07-08 18:26:15.683  1969  8493 D CompatibilityInfo: applicationDensity - 440
07-08 18:26:15.683  1969  8493 D CompatibilityInfo: applicationScale - 1.0
07-08 18:26:15.684  1969  8493 D CompatibilityInfo: mCompatibilityFlags - 0
07-08 18:26:15.684  1969  8493 D CompatibilityInfo: applicationDensity - 440
07-08 18:26:15.684  1969  8493 D CompatibilityInfo: applicationScale - 1.0
07-08 18:26:15.685  1969  2393 I MiuiNetworkPolicy: updateUidState uid = 99093, uidState = 3
07-08 18:26:15.690 17649 17649 D LeakCanary: Watching instance of com.sobot.chat.server.SobotSessionServer (com.sobot.chat.server.SobotSessionServer received Service#onDestroy() callback) with key 6bffe130-8b07-4f54-8088-6f5c479b9929
07-08 18:26:15.691 17649 17649 I PlayerServiceConnection: [main] sendCommend, command: cn.missevan.player.command.LOGIN_STATE_CHANGED, media session is connected
07-08 18:26:15.694 17848 17848 I PlaybackPreparer: [main] onCommand received: cn.missevan.player.command.LOGIN_STATE_CHANGED
07-08 18:26:15.696 18297 18297 D NetworkSecurityConfig: No Network Security Config specified, using platform default
07-08 18:26:15.696 18297 18297 D NetworkSecurityConfig: No Network Security Config specified, using platform default
07-08 18:26:15.697 17848 17848 I PlaybackPreparer: [main] pause player, abandonAudioFocus
07-08 18:26:15.698 18297 18297 I cr_ChildProcessService: Creating new ChildProcessService pid=18297
07-08 18:26:15.701  1969  8110 I MediaFocusControl: abandonAudioFocus() from uid/pid 10837/17848 clientId=android.media.AudioManager@6297d85cn.missevan.lib.utils.b@dc727da
07-08 18:26:15.701  1283  2290 D MediaMetricsService: submitInternal: isTrusted:1 given uid -1; sanitized uid: 1000 sanitized pkg: android.uid.system sanitized pkg version: 0
07-08 18:26:15.701  1283  2290 D MediaMetricsService: submitInternal: item->getKey().c_str() = audio.service.focus
07-08 18:26:15.701  1283  2290 D MediaMetricsService: submitInternal: item->getCString(kCodecPackageName, &msg_send->packgeName) = 0
07-08 18:26:15.701  1283  2290 D MediaMetricsService: submitInternal: item->getInt32(kCodecHdrInfo, &msg_send->hdr) = 0
07-08 18:26:15.701  1283  2290 D MediaMetricsService: submitInternal: item->getInt32(kCodecFrameRateCal, &msg_send->frameRateCal) = 0
07-08 18:26:15.701  1283  2290 D MediaMetricsService: submitInternal: msg_send->frameRateCal = 1347641172
07-08 18:26:15.701  1283  2290 D MediaMetricsService: submitInternal: isTrusted:1 given uid 10837; sanitized uid: 10837 sanitized pkg: 10837 sanitized pkg version: 0
07-08 18:26:15.701  1283  2290 D MediaMetricsService: submitInternal: item->getKey().c_str() = audio.focus
07-08 18:26:15.701  1283  2290 D MediaMetricsService: submitInternal: item->getCString(kCodecPackageName, &msg_send->packgeName) = 0
07-08 18:26:15.701  1283  2290 D MediaMetricsService: submitInternal: item->getInt32(kCodecHdrInfo, &msg_send->hdr) = 0
07-08 18:26:15.701  1283  2290 D MediaMetricsService: submitInternal: item->getInt32(kCodecFrameRateCal, &msg_send->frameRateCal) = 0
07-08 18:26:15.701  1283  2290 D MediaMetricsService: submitInternal: msg_send->frameRateCal = 1299147108
07-08 18:26:15.701 17848 17848 I Player.AudioUtils: [main] abandonAudioFocus, SDK_INT: 30, has abandon focus: true
07-08 18:26:15.703 17649 18277 I PlayerServiceConnection: [Binder:17649_9] onPlayerEvent: key = cn.missevan.player.event.WAITING_NODE_CHOICE
07-08 18:26:15.704 17649 18277 I PlayerServiceConnection: [Binder:17649_9] node choice waiting state changed: false
07-08 18:26:15.746 17649 18013 D CronetEngine: [thread_background]
07-08 18:26:15.746 17649 18013 D CronetEngine: url: https://fm.uat.missevan.com/api/v2/recommended/top
07-08 18:26:15.746 17649 18013 D CronetEngine:  ip: 10.21.250.10
07-08 18:26:15.746 17649 18013 D CronetEngine:  hostResolverProvider:
07-08 18:26:15.746 17649 18013 D CronetEngine:  hostResolveIps: []
07-08 18:26:15.746 17649 18013 D CronetEngine: exception: null
07-08 18:26:15.747   599   599 E SELinux : avc:  denied  { find } for pid=7093 uid=10181 name=tethering scontext=u:r:vendor_systemhelper_app:s0:c512,c768 tcontext=u:object_r:tethering_service:s0 tclass=service_manager permissive=0
07-08 18:26:15.748 17649 18162 I BLOG    : [RxCachedThreadScheduler-15] HTTP request: [2022-07-08T10:26:15.670Z] GET https://fm.uat.missevan.com/api/v2/recommended/top 200 75ms 0
07-08 18:26:15.770 17649 18013 D CronetEngine: [thread_background]
07-08 18:26:15.770 17649 18013 D CronetEngine: url: https://fm.uat.missevan.com/api/v2/recommended/homepage?persona_id=2
07-08 18:26:15.770 17649 18013 D CronetEngine:  ip: 10.21.250.10
07-08 18:26:15.770 17649 18013 D CronetEngine:  hostResolverProvider:
07-08 18:26:15.770 17649 18013 D CronetEngine:  hostResolveIps: []
07-08 18:26:15.770 17649 18013 D CronetEngine: exception: null
07-08 18:26:15.771 17649 18156 I BLOG    : [RxCachedThreadScheduler-10] HTTP request: [2022-07-08T10:26:15.672Z] GET https://fm.uat.missevan.com/api/v2/recommended/homepage?persona_id=2 200 97ms 0
07-08 18:26:15.791 17649 17649 I Banner  : [main] banner resume loop
07-08 18:26:15.792 17649 17649 I chatty  : uid=10837(cn.missevan) identical 3 lines
07-08 18:26:15.792 17649 17649 I Banner  : [main] banner resume loop
07-08 18:26:15.801 17649 18013 D CronetEngine: [thread_background]
07-08 18:26:15.801 17649 18013 D CronetEngine: url: https://app.uat.missevan.com/you-might-like/my-favors?persona_id=2
07-08 18:26:15.801 17649 18013 D CronetEngine:  ip: 10.21.250.10
07-08 18:26:15.801 17649 18013 D CronetEngine:  hostResolverProvider:
07-08 18:26:15.801 17649 18013 D CronetEngine:  hostResolveIps: []
07-08 18:26:15.801 17649 18013 D CronetEngine: exception: null
07-08 18:26:15.802 17649 18013 D CronetEngine: [thread_background]
07-08 18:26:15.802 17649 18013 D CronetEngine: url: https://app.uat.missevan.com/site/get-top?persona_id=2
07-08 18:26:15.802 17649 18013 D CronetEngine:  ip: 10.21.250.10
07-08 18:26:15.802 17649 18013 D CronetEngine:  hostResolverProvider:
07-08 18:26:15.802 17649 18013 D CronetEngine:  hostResolveIps: []
07-08 18:26:15.802 17649 18013 D CronetEngine: exception: null
07-08 18:26:15.802 17649 17829 I BLOG    : [RxCachedThreadScheduler-6] HTTP request: [2022-07-08T10:26:15.671Z] GET https://app.uat.missevan.com/you-might-like/my-favors?persona_id=2 200 127ms 0
07-08 18:26:15.806 17649 18159 I BLOG    : [RxCachedThreadScheduler-12] HTTP request: [2022-07-08T10:26:15.669Z] GET https://app.uat.missevan.com/site/get-top?persona_id=2 200 130ms 0
07-08 18:26:15.812 17649 18013 D CronetEngine: [thread_background]
07-08 18:26:15.812 17649 18013 D CronetEngine: url: https://app.uat.missevan.com/person/homepage-icons
07-08 18:26:15.812 17649 18013 D CronetEngine:  ip: 10.21.250.10
07-08 18:26:15.812 17649 18013 D CronetEngine:  hostResolverProvider:
07-08 18:26:15.812 17649 18013 D CronetEngine:  hostResolveIps: []
07-08 18:26:15.812 17649 18013 D CronetEngine: exception: null
07-08 18:26:15.813 17649 17762 I BLOG    : [RxCachedThreadScheduler-2] HTTP request: [2022-07-08T10:26:15.705Z] GET https://app.uat.missevan.com/person/homepage-icons 200 104ms 0
07-08 18:26:15.817 17649 18013 D CronetEngine: [thread_background]
07-08 18:26:15.817 17649 18013 D CronetEngine: url: https://app.uat.missevan.com/site/icons
07-08 18:26:15.817 17649 18013 D CronetEngine:  ip: 10.21.250.10
07-08 18:26:15.817 17649 18013 D CronetEngine:  hostResolverProvider:
07-08 18:26:15.817 17649 18013 D CronetEngine:  hostResolveIps: []
07-08 18:26:15.817 17649 18013 D CronetEngine: exception: null
07-08 18:26:15.818 17649 18152 I BLOG    : [RxCachedThreadScheduler-8] HTTP request: [2022-07-08T10:26:15.671Z] GET https://app.uat.missevan.com/site/icons 200 145ms 0
07-08 18:26:15.822 17649 17794 I Umeng   : [UMThread-2] userId: alias:dev3457162,type:user_id
07-08 18:26:15.844 17649 18013 D CronetEngine: [thread_background]
07-08 18:26:15.844 17649 18013 D CronetEngine: url: https://app.uat.missevan.com/you-might-like/get-recommends?persona_id=2
07-08 18:26:15.844 17649 18013 D CronetEngine:  ip: 10.21.250.10
07-08 18:26:15.844 17649 18013 D CronetEngine:  hostResolverProvider:
07-08 18:26:15.844 17649 18013 D CronetEngine:  hostResolveIps: []
07-08 18:26:15.844 17649 18013 D CronetEngine: exception: null
07-08 18:26:15.845 17649 17753 I BLOG    : [RxCachedThreadScheduler-1] HTTP request: [2022-07-08T10:26:15.672Z] GET https://app.uat.missevan.com/you-might-like/get-recommends?persona_id=2 200 171ms 0
07-08 18:26:15.874  1000  1000 D CompositionEngine: writeOutputDependentGeometryStateToHWC layer[cn.missevan/cn.missevan.activity.MainActivity#0] set Z 134217728 miFodLayer 134217728
07-08 18:26:15.874  1000  1000 D CompositionEngine: writeOutputDependentGeometryStateToHWC layer[#0] set Z 134217729 miFodLayer 134217728
07-08 18:26:15.874  1000  1000 D CompositionEngine: writeOutputDependentGeometryStateToHWC layer[StatusBar#0] set Z 134217730 miFodLayer 134217728
07-08 18:26:15.874  1000  1000 D CompositionEngine: writeOutputDependentGeometryStateToHWC layer[RoundCorner#0] set Z 134217731 miFodLayer 134217728
07-08 18:26:15.874  1000  1000 D CompositionEngine: writeOutputDependentGeometryStateToHWC layer[RoundCorner#1] set Z 134217732 miFodLayer 134217728
07-08 18:26:15.880 17649 18013 D CronetEngine: [thread_background]
07-08 18:26:15.880 17649 18013 D CronetEngine: url: https://data.uat.missevan.com/statistics/collect-events
07-08 18:26:15.880 17649 18013 D CronetEngine:  ip: 10.21.250.10
07-08 18:26:15.880 17649 18013 D CronetEngine:  hostResolverProvider:
07-08 18:26:15.880 17649 18013 D CronetEngine:  hostResolveIps: []
07-08 18:26:15.880 17649 18013 D CronetEngine: exception: null
07-08 18:26:15.880 17649 18155 I BLOG    : [RxCachedThreadScheduler-9] HTTP request: [2022-07-08T10:26:15.779Z] GET https://app.uat.missevan.com/site/tab-icons?tab_id=101 200 98ms 0
07-08 18:26:15.881 17649 18013 D CronetEngine: [thread_background]
07-08 18:26:15.881 17649 18013 D CronetEngine: url: https://app.uat.missevan.com/site/tab-icons?tab_id=101
07-08 18:26:15.881 17649 18013 D CronetEngine:  ip: 10.21.250.10
07-08 18:26:15.881 17649 18013 D CronetEngine:  hostResolverProvider:
07-08 18:26:15.881 17649 18013 D CronetEngine:  hostResolveIps: []
07-08 18:26:15.881 17649 18013 D CronetEngine: exception: null
07-08 18:26:15.916 17649 18013 D CronetEngine: [thread_background]
07-08 18:26:15.916 17649 18013 D CronetEngine: url: https://app.uat.missevan.com/drama/recommend-modules?catalog_id=89
07-08 18:26:15.916 17649 18013 D CronetEngine:  ip: 10.21.250.10
07-08 18:26:15.916 17649 18013 D CronetEngine:  hostResolverProvider:
07-08 18:26:15.916 17649 18013 D CronetEngine:  hostResolveIps: []
07-08 18:26:15.916 17649 18013 D CronetEngine: exception: null
07-08 18:26:15.918   910  2332 E CamX    : [ERROR][NCS    ] camxncsservice.cpp:594 EnqueueJob() Can not enqueue jobs when thread is stopped
07-08 18:26:15.918   910  2332 W CamX    : [ WARN][NCS    ] camxncsintfqsee.cpp:2263 FillSensorData() Buffer queue for sensor 7 has been freed: bufh=0x0, bufsize=1248, stride=4
07-08 18:26:15.919 17649 17790 I BLOG    : [RxCachedThreadScheduler-5] HTTP request: [2022-07-08T10:26:15.782Z] GET https://app.uat.missevan.com/drama/recommend-modules?catalog_id=89 200 131ms 0
07-08 18:26:15.920   969  1771 D DisplayFeatureHal: HandleSunlightScreen enter modeId 0, cookie = 0
07-08 18:26:15.920   969  1771 D DisplayFeatureHal: HandleSunlightScreen exit ret -1
07-08 18:26:15.924 17649 18013 D CronetEngine: [thread_background]
07-08 18:26:15.924 17649 18013 D CronetEngine: url: https://app.uat.missevan.com/catalog/recommend-modules?catalog_id=108
07-08 18:26:15.924 17649 18013 D CronetEngine:  ip: 10.21.250.10
07-08 18:26:15.924 17649 18013 D CronetEngine:  hostResolverProvider:
07-08 18:26:15.924 17649 18013 D CronetEngine:  hostResolveIps: []
07-08 18:26:15.924 17649 18013 D CronetEngine: exception: null
07-08 18:26:15.926 17649 18163 I BLOG    : [RxCachedThreadScheduler-16] HTTP request: [2022-07-08T10:26:15.781Z] GET https://app.uat.missevan.com/catalog/recommend-modules?catalog_id=108 200 139ms 0
07-08 18:26:15.928 17649 18013 D CronetEngine: [thread_background]
07-08 18:26:15.928 17649 18013 D CronetEngine: url: https://app.uat.missevan.com/catalog/get-hot-sounds?catalog_id=108&page=1&page_size=18
07-08 18:26:15.928 17649 18013 D CronetEngine:  ip: 10.21.250.10
07-08 18:26:15.928 17649 18013 D CronetEngine:  hostResolverProvider:
07-08 18:26:15.928 17649 18013 D CronetEngine:  hostResolveIps: []
07-08 18:26:15.928 17649 18013 D CronetEngine: exception: null
07-08 18:26:15.929 17649 18165 I BLOG    : [RxCachedThreadScheduler-17] HTTP request: [2022-07-08T10:26:15.781Z] GET https://app.uat.missevan.com/catalog/get-hot-sounds?catalog_id=108&page=1&page_size=18 200 146ms 0
07-08 18:26:15.940 17649 18013 D CronetEngine: [thread_background]
07-08 18:26:15.940 17649 18013 D CronetEngine: url: https://app.uat.missevan.com/site/tab-icons?tab_id=102
07-08 18:26:15.940 17649 18013 D CronetEngine:  ip: 10.21.250.10
07-08 18:26:15.940 17649 18013 D CronetEngine:  hostResolverProvider:
07-08 18:26:15.940 17649 18013 D CronetEngine:  hostResolveIps: []
07-08 18:26:15.940 17649 18013 D CronetEngine: exception: null
07-08 18:26:15.941 17649 18158 I BLOG    : [RxCachedThreadScheduler-11] HTTP request: [2022-07-08T10:26:15.780Z] GET https://app.uat.missevan.com/site/tab-icons?tab_id=102 200 158ms 0
07-08 18:26:15.948   599   599 E SELinux : avc:  denied  { find } for pid=7093 uid=10181 name=tethering scontext=u:r:vendor_systemhelper_app:s0:c512,c768 tcontext=u:object_r:tethering_service:s0 tclass=service_manager permissive=0
07-08 18:26:16.034 17649 18013 D CronetEngine: [thread_background]
07-08 18:26:16.034 17649 18013 D CronetEngine: url: https://app.uat.missevan.com/drama/catalog-homepage?catalog_id=89
07-08 18:26:16.034 17649 18013 D CronetEngine:  ip: 10.21.250.10
07-08 18:26:16.034 17649 18013 D CronetEngine:  hostResolverProvider:
07-08 18:26:16.034 17649 18013 D CronetEngine:  hostResolveIps: []
07-08 18:26:16.034 17649 18013 D CronetEngine: exception: null
07-08 18:26:16.041 17649 17854 I BLOG    : [RxCachedThreadScheduler-7] HTTP request: [2022-07-08T10:26:15.779Z] GET https://app.uat.missevan.com/drama/catalog-homepage?catalog_id=89 200 252ms 0
07-08 18:26:16.090 17649 18013 D CronetEngine: [thread_background]
07-08 18:26:16.090 17649 18013 D CronetEngine: url: https://app.uat.missevan.com/message/unread-notice
07-08 18:26:16.090 17649 18013 D CronetEngine:  ip: 10.21.250.10
07-08 18:26:16.090 17649 18013 D CronetEngine:  hostResolverProvider:
07-08 18:26:16.090 17649 18013 D CronetEngine:  hostResolveIps: []
07-08 18:26:16.090 17649 18013 D CronetEngine: exception: null
07-08 18:26:16.092 17649 18159 I BLOG    : [RxCachedThreadScheduler-12] HTTP request: [2022-07-08T10:26:16.002Z] GET https://app.uat.missevan.com/message/unread-notice 200 85ms 0
07-08 18:26:16.104 17649 17649 D LeakCanary: Watching instance of me.yokeyword.fragmentation.SwipeBackLayout (cn.missevan.view.fragment.profile.SettingFragment received Fragment#onDestroyView() callback (references to its views should be cleared to prevent leaks)) with key 0b66284d-09ae-4889-8b69-5d19b86828c6
07-08 18:26:16.105 17649 17649 D LeakCanary: Watching instance of androidx.loader.app.LoaderManagerImpl$LoaderViewModel (androidx.loader.app.LoaderManagerImpl$LoaderViewModel received ViewModel#onCleared() callback) with key 6ed30b38-6900-4e5f-b94f-77ce79626ccb
07-08 18:26:16.105 17649 17649 D LeakCanary: Watching instance of leakcanary.internal.ViewModelClearedWatcher (leakcanary.internal.ViewModelClearedWatcher received ViewModel#onCleared() callback) with key 2e36798d-c99c-48d9-8e30-8da2bd447807
07-08 18:26:16.105 17649 17649 D LeakCanary: Watching instance of cn.missevan.view.fragment.profile.SettingFragment (cn.missevan.view.fragment.profile.SettingFragment received Fragment#onDestroy() callback) with key e65732e7-a97a-492c-afb2-02ba6adb48a8
07-08 18:26:16.114 17574 17617 W ByMatcher: Node returned null child: android.view.accessibility.AccessibilityNodeInfo@19ad3f; boundsInParent: Rect(0, 0 - 1080, 138); boundsInScreen: Rect(0, 440 - 1080, 578); packageName: cn.missevan; className: android.widget.LinearLayout; text: null; error: null; maxTextLength: -1; stateDescription: null; contentDescription: null; tooltipText: null; viewIdResName: null; checkable: false; checked: false; focusable: false; focused: false; selected: false; clickable: false; longClickable: false; contextClickable: false; enabled: true; password: false; scrollable: false; importantForAccessibility: false; visible: true; actions: [AccessibilityAction: ACTION_SELECT - null, AccessibilityAction: ACTION_CLEAR_SELECTION - null, AccessibilityAction: ACTION_ACCESSIBILITY_FOCUS - null, AccessibilityAction: ACTION_SHOW_ON_SCREEN - null]
07-08 18:26:16.114 17574 17617 W ByMatcher: Skipping null child (2 of 3)
07-08 18:26:16.116 17574 17617 W ByMatcher: Node returned null child: android.view.accessibility.AccessibilityNodeInfo@192d9d; boundsInParent: Rect(0, 0 - 1080, 2729); boundsInScreen: Rect(0, 229 - 1080, 2340); packageName: cn.missevan; className: android.widget.LinearLayout; text: null; error: null; maxTextLength: -1; stateDescription: null; contentDescription: null; tooltipText: null; viewIdResName: null; checkable: false; checked: false; focusable: false; focused: false; selected: false; clickable: false; longClickable: false; contextClickable: false; enabled: true; password: false; scrollable: false; importantForAccessibility: false; visible: true; actions: [AccessibilityAction: ACTION_SELECT - null, AccessibilityAction: ACTION_CLEAR_SELECTION - null, AccessibilityAction: ACTION_ACCESSIBILITY_FOCUS - null, AccessibilityAction: ACTION_SHOW_ON_SCREEN - null]
07-08 18:26:16.117 17574 17617 W ByMatcher: Skipping null child (12 of 32)
07-08 18:26:16.120 17574 17617 W ByMatcher: Skipping null child (13 of 32)
07-08 18:26:16.127 17649 18013 D CronetEngine: [thread_background]
07-08 18:26:16.127 17649 18013 D CronetEngine: url: https://app.uat.missevan.com/catalog/sound-homepage?catalog_id=108
07-08 18:26:16.127 17649 18013 D CronetEngine:  ip: 10.21.250.10
07-08 18:26:16.127 17649 18013 D CronetEngine:  hostResolverProvider:
07-08 18:26:16.127 17649 18013 D CronetEngine:  hostResolveIps: []
07-08 18:26:16.127 17649 18013 D CronetEngine: exception: null
07-08 18:26:16.128 17649 18161 I BLOG    : [RxCachedThreadScheduler-14] HTTP request: [2022-07-08T10:26:15.780Z] GET https://app.uat.missevan.com/catalog/sound-homepage?catalog_id=108 200 345ms 0
07-08 18:26:16.130 17574 17617 W ByMatcher: Skipping null child (14 of 32)
07-08 18:26:16.148   599   599 E SELinux : avc:  denied  { find } for pid=7093 uid=10181 name=tethering scontext=u:r:vendor_systemhelper_app:s0:c512,c768 tcontext=u:object_r:tethering_service:s0 tclass=service_manager permissive=0
07-08 18:26:16.181   908 12402 I vendor.qti.bluetooth@1.0-ibs_handler: ProcessIbsCmd: Received IBS_WAKE_IND: 0xFD
07-08 18:26:16.181   908 12402 D vendor.qti.bluetooth@1.0-ibs_handler: SerialClockVote: vote for UART CLK ON
07-08 18:26:16.182   908 12402 D vendor.qti.bluetooth@1.0-wake_lock: Acquire wakelock is acquired
07-08 18:26:16.182   908 12402 I vendor.qti.bluetooth@1.0-ibs_handler: ProcessIbsCmd: Writing IBS_WAKE_ACK
07-08 18:26:16.183 12146 12405 V bt_stack: [VERBOSE1:btm_ble_gap.cc(1924)] btm_ble_process_ext_adv_pkt: bda=c8:28:32:16:78:36
07-08 18:26:16.183 12146 12405 V bt_stack: [VERBOSE1:btm_ble_gap.cc(1848)] btm_ble_process_adv_addr: bda=c8:28:32:16:78:36
07-08 18:26:16.183 12146 12405 V bt_stack: [VERBOSE1:btm_ble_gap.cc(2058)]  Waiting for scan response c8:28:32:16:78:36
07-08 18:26:16.183 12146 12405 V bt_stack: [VERBOSE1:btm_ble_gap.cc(1924)] btm_ble_process_ext_adv_pkt: bda=c8:28:32:16:78:36
07-08 18:26:16.183 12146 12405 V bt_stack: [VERBOSE1:btm_ble_gap.cc(1848)] btm_ble_process_adv_addr: bda=c8:28:32:16:78:36
07-08 18:26:16.183 12146 12405 V bt_stack: [VERBOSE1:btm_inq.cc(1019)] BTM_InqDbRead: bd addr c8:28:32:16:78:36
07-08 18:26:16.185  3576 12463 E MiuiFastConnectService: check adv data not fast connect
07-08 18:26:16.185  3576 12463 D MiuiNearbyService: getNearbyService() - returning com.android.bluetooth.ble.app.MiuiNearbyService@99639a
07-08 18:26:16.186  8006  8935 E IDM-BleBackGround: MiConnect EndPoint found
07-08 18:26:16.192 17574 17617 W ByMatcher: Skipping null child (15 of 32)
07-08 18:26:16.202 17574 17617 W ByMatcher: Skipping null child (16 of 32)
07-08 18:26:16.204 17574 17617 W ByMatcher: Skipping null child (17 of 32)
07-08 18:26:16.206 17574 17617 W ByMatcher: Skipping null child (18 of 32)
07-08 18:26:16.207 17574 17617 W ByMatcher: Skipping null child (19 of 32)
07-08 18:26:16.208 17574 17617 W ByMatcher: Skipping null child (20 of 32)
07-08 18:26:16.210 17574 17617 W ByMatcher: Skipping null child (21 of 32)
07-08 18:26:16.211 17574 17617 W ByMatcher: Skipping null child (22 of 32)
07-08 18:26:16.212 17574 17617 W ByMatcher: Skipping null child (23 of 32)
07-08 18:26:16.214 17574 17617 W ByMatcher: Skipping null child (24 of 32)
07-08 18:26:16.215 17574 17617 W ByMatcher: Skipping null child (25 of 32)
07-08 18:26:16.216 17574 17617 W ByMatcher: Skipping null child (26 of 32)
07-08 18:26:16.218 17574 17617 W ByMatcher: Skipping null child (27 of 32)
07-08 18:26:16.219 17574 17617 W ByMatcher: Skipping null child (28 of 32)
07-08 18:26:16.221 17574 17617 W ByMatcher: Skipping null child (29 of 32)
07-08 18:26:16.222 17574 17617 W ByMatcher: Skipping null child (30 of 32)
07-08 18:26:16.224 17574 17617 W ByMatcher: Skipping null child (31 of 32)
07-08 18:26:16.253 17574 17617 I appium  : AppiumResponse: {"sessionId":"cbcf25de-cae6-411f-a30f-af2f305fbb1c","value":{"ELEMENT":"00000000-0000-0f4b-ffff-ffff0000008b","element-6066-11e4-a52e-4f735466cecf":"00000000-0000-0f4b-ffff-ffff0000008b"}}
07-08 18:26:16.263   908 12402 I vendor.qti.bluetooth@1.0-ibs_handler: ProcessIbsCmd: Received IBS_SLEEP_IND: 0xFE
07-08 18:26:16.263   908 12402 D vendor.qti.bluetooth@1.0-ibs_handler: SerialClockVote: vote for UART CLK OFF
07-08 18:26:16.278 17574 17617 I appium  : channel read: POST /wd/hub/session/cbcf25de-cae6-411f-a30f-af2f305fbb1c/element/00000000-0000-0f4b-ffff-ffff0000008b/click
07-08 18:26:16.280 17574 17617 I appium  : Click command
07-08 18:26:16.306  7023 12025 W MiuiPerfServiceClient: interceptAndQueuing:17649|cn.missevan|146|71|unknown|null|cn.missevan/cn.missevan.activity.MainActivity|282554500680441|Slow handle traversal|3
07-08 18:26:16.306  7023 12025 I com.miui.daemo: oneway function results will be dropped but finished with status OK and parcel size 4
07-08 18:26:16.327   910  2332 E CamX    : [ERROR][NCS    ] camxncsservice.cpp:594 EnqueueJob() Can not enqueue jobs when thread is stopped
07-08 18:26:16.327   910  2332 W CamX    : [ WARN][NCS    ] camxncsintfqsee.cpp:2263 FillSensorData() Buffer queue for sensor 10 has been freed: bufh=0x0, bufsize=360, stride=4
07-08 18:26:16.329   910  2332 E CamX    : [ERROR][NCS    ] camxncsservice.cpp:594 EnqueueJob() Can not enqueue jobs when thread is stopped
07-08 18:26:16.329   910  2332 W CamX    : [ WARN][NCS    ] camxncsintfqsee.cpp:2263 FillSensorData() Buffer queue for sensor 7 has been freed: bufh=0x0, bufsize=1248, stride=4
07-08 18:26:16.329   969  1771 D DisplayFeatureHal: HandleSunlightScreen enter modeId 0, cookie = 0
07-08 18:26:16.329   969  1771 D DisplayFeatureHal: HandleSunlightScreen exit ret -1
07-08 18:26:16.349   599   599 E SELinux : avc:  denied  { find } for pid=7093 uid=10181 name=tethering scontext=u:r:vendor_systemhelper_app:s0:c512,c768 tcontext=u:object_r:tethering_service:s0 tclass=service_manager permissive=0
07-08 18:26:16.374  1969  2393 I MiuiNetworkPolicy: bandwidth: 14 KB/s, Max bandwidth: 3677 KB/s
07-08 18:26:16.413   908 12312 D vendor.qti.bluetooth@1.0-wake_lock: Release wakelock is released
07-08 18:26:16.513  9145  9369 D UidObserver: onUidIdle uid=10837 uidstate=100
07-08 18:26:16.551   599   599 E SELinux : avc:  denied  { find } for pid=7093 uid=10181 name=tethering scontext=u:r:vendor_systemhelper_app:s0:c512,c768 tcontext=u:object_r:tethering_service:s0 tclass=service_manager permissive=0
07-08 18:26:16.729   910  2332 E CamX    : [ERROR][NCS    ] camxncsservice.cpp:594 EnqueueJob() Can not enqueue jobs when thread is stopped
07-08 18:26:16.729   910  2332 W CamX    : [ WARN][NCS    ] camxncsintfqsee.cpp:2263 FillSensorData() Buffer queue for sensor 7 has been freed: bufh=0x0, bufsize=1248, stride=4
07-08 18:26:16.731   969  1771 D DisplayFeatureHal: HandleSunlightScreen enter modeId 0, cookie = 0
07-08 18:26:16.731   969  1771 D DisplayFeatureHal: HandleSunlightScreen exit ret -1
07-08 18:26:16.751   599   599 E SELinux : avc:  denied  { find } for pid=7093 uid=10181 name=tethering scontext=u:r:vendor_systemhelper_app:s0:c512,c768 tcontext=u:object_r:tethering_service:s0 tclass=service_manager permissive=0
07-08 18:26:16.776  1000  1000 D CompositionEngine: writeOutputDependentGeometryStateToHWC layer[cn.missevan/cn.missevan.activity.MainActivity#0] set Z 134217728 miFodLayer 134217728
07-08 18:26:16.776  1000  1000 D CompositionEngine: writeOutputDependentGeometryStateToHWC layer[#0] set Z 134217729 miFodLayer 134217728
07-08 18:26:16.776  1000  1000 D CompositionEngine: writeOutputDependentGeometryStateToHWC layer[StatusBar#0] set Z 134217730 miFodLayer 134217728
07-08 18:26:16.776  1000  1000 D CompositionEngine: writeOutputDependentGeometryStateToHWC layer[RoundCorner#0] set Z 134217731 miFodLayer 134217728
07-08 18:26:16.776  1000  1000 D CompositionEngine: writeOutputDependentGeometryStateToHWC layer[RoundCorner#1] set Z 134217732 miFodLayer 134217728
07-08 18:26:16.776  1969  2373 W InputDispatcher: checkSynergyInfo mode:0 info:0 0, id:-1
