11-16 16:21:58.276  2010  3881 I chatty  : uid=1000(system) WifiP2pService expire 21 lines
11-16 16:21:59.033  4667  4954 E BoosterUtil: convertSubIdToSlotId failed, subId:0, slotId:-1
11-16 16:21:59.033  4667  4954 E BoosterUtil: getDefaultDataSlotId failed, invalid slotId:-1, subId:0
11-16 16:22:00.057  4667  4954 E BoosterUtil: convertSubIdToSlotId failed, subId:0, slotId:-1
11-16 16:22:00.057  4667  4954 E BoosterUtil: getDefaultDataSlotId failed, invalid slotId:-1, subId:0
11-16 16:22:01.081  4667  4954 E BoosterUtil: convertSubIdToSlotId failed, subId:0, slotId:-1
11-16 16:22:01.081  4667  4954 E BoosterUtil: getDefaultDataSlotId failed, invalid slotId:-1, subId:0
11-16 16:22:02.105  4667  4954 E BoosterUtil: convertSubIdToSlotId failed, subId:0, slotId:-1
11-16 16:22:02.105  4667  4954 E BoosterUtil: getDefaultDataSlotId failed, invalid slotId:-1, subId:0
11-16 16:22:03.133  4667  4954 E BoosterUtil: convertSubIdToSlotId failed, subId:0, slotId:-1
11-16 16:22:03.134  4667  4954 E BoosterUtil: getDefaultDataSlotId failed, invalid slotId:-1, subId:0
11-16 16:22:03.237  2010  2653 I chatty  : uid=1000(system) PowerManagerSer expire 6 lines
11-16 16:22:04.153  4667  4954 E BoosterUtil: convertSubIdToSlotId failed, subId:0, slotId:-1
11-16 16:22:04.153  4667  4954 E BoosterUtil: getDefaultDataSlotId failed, invalid slotId:-1, subId:0
11-16 16:22:05.177  4667  4954 E BoosterUtil: convertSubIdToSlotId failed, subId:0, slotId:-1
11-16 16:22:05.177  4667  4954 E BoosterUtil: getDefaultDataSlotId failed, invalid slotId:-1, subId:0
11-16 16:22:05.251  2010  2747 I chatty  : uid=1000(system) Binder:2010_3 expire 1 line
11-16 16:22:05.276  2010  3881 I chatty  : uid=1000(system) WifiP2pService expire 3 lines
11-16 16:22:06.200  4667  4954 E BoosterUtil: convertSubIdToSlotId failed, subId:0, slotId:-1
11-16 16:22:06.200  4667  4954 E BoosterUtil: getDefaultDataSlotId failed, invalid slotId:-1, subId:0
11-16 16:22:06.241  2010  2653 I chatty  : uid=1000(system) PowerManagerSer expire 2 lines
11-16 16:22:06.275  2010  3881 I chatty  : uid=1000(system) WifiP2pService expire 3 lines
11-16 16:22:06.484  2010 11971 I chatty  : uid=1000(system) MobileQosDetect expire 1 line
11-16 16:22:07.225  4667  4954 E BoosterUtil: convertSubIdToSlotId failed, subId:0, slotId:-1
11-16 16:22:07.225  4667  4954 E BoosterUtil: getDefaultDataSlotId failed, invalid slotId:-1, subId:0
11-16 16:22:07.238  2010  2653 I chatty  : uid=1000(system) PowerManagerSer expire 26 lines
11-16 16:22:07.276  2010  3881 I chatty  : uid=1000(system) WifiP2pService expire 33 lines
11-16 16:22:08.248  4667  4954 E BoosterUtil: convertSubIdToSlotId failed, subId:0, slotId:-1
11-16 16:22:08.249  4667  4954 E BoosterUtil: getDefaultDataSlotId failed, invalid slotId:-1, subId:0
11-16 16:22:08.266  2010  2747 I chatty  : uid=1000(system) Binder:2010_3 expire 10 lines
11-16 16:22:09.272  4667  4954 E BoosterUtil: convertSubIdToSlotId failed, subId:0, slotId:-1
11-16 16:22:09.272  4667  4954 E BoosterUtil: getDefaultDataSlotId failed, invalid slotId:-1, subId:0
11-16 16:22:10.296  4667  4954 E BoosterUtil: convertSubIdToSlotId failed, subId:0, slotId:-1
11-16 16:22:10.296  4667  4954 E BoosterUtil: getDefaultDataSlotId failed, invalid slotId:-1, subId:0
11-16 16:22:10.488  2010 11971 I chatty  : uid=1000(system) MobileQosDetect expire 4 lines
11-16 16:22:11.284  2010  4214 I chatty  : uid=1000(system) Binder:2010_B expire 14 lines
11-16 16:22:11.321  4667  4954 E BoosterUtil: convertSubIdToSlotId failed, subId:0, slotId:-1
11-16 16:22:11.321  4667  4954 E BoosterUtil: getDefaultDataSlotId failed, invalid slotId:-1, subId:0
11-16 16:22:12.344  4667  4954 E BoosterUtil: convertSubIdToSlotId failed, subId:0, slotId:-1
11-16 16:22:12.344  4667  4954 E BoosterUtil: getDefaultDataSlotId failed, invalid slotId:-1, subId:0
11-16 16:22:13.370  4667  4954 E BoosterUtil: convertSubIdToSlotId failed, subId:0, slotId:-1
11-16 16:22:13.370  4667  4954 E BoosterUtil: getDefaultDataSlotId failed, invalid slotId:-1, subId:0
11-16 16:22:14.396  4667  4954 E BoosterUtil: convertSubIdToSlotId failed, subId:0, slotId:-1
11-16 16:22:14.396  4667  4954 E BoosterUtil: getDefaultDataSlotId failed, invalid slotId:-1, subId:0
11-16 16:22:15.417  4667  4954 E BoosterUtil: convertSubIdToSlotId failed, subId:0, slotId:-1
11-16 16:22:15.418  4667  4954 E BoosterUtil: getDefaultDataSlotId failed, invalid slotId:-1, subId:0
11-16 16:22:16.441  4667  4954 E BoosterUtil: convertSubIdToSlotId failed, subId:0, slotId:-1
11-16 16:22:16.441  4667  4954 E BoosterUtil: getDefaultDataSlotId failed, invalid slotId:-1, subId:0
11-16 16:22:17.315  2010  6414 I chatty  : uid=1000(system) Binder:2010_1D expire 8 lines
11-16 16:22:17.469  4667  4954 E BoosterUtil: convertSubIdToSlotId failed, subId:0, slotId:-1
11-16 16:22:17.469  4667  4954 E BoosterUtil: getDefaultDataSlotId failed, invalid slotId:-1, subId:0
11-16 16:22:18.250  2010  2653 I chatty  : uid=1000(system) PowerManagerSer expire 27 lines
11-16 16:22:18.273  2010  3881 I chatty  : uid=1000(system) WifiP2pService expire 33 lines
11-16 16:22:18.489  4667  4954 E BoosterUtil: convertSubIdToSlotId failed, subId:0, slotId:-1
11-16 16:22:18.489  4667  4954 E BoosterUtil: getDefaultDataSlotId failed, invalid slotId:-1, subId:0
11-16 16:22:19.515  4667  4954 E BoosterUtil: convertSubIdToSlotId failed, subId:0, slotId:-1
11-16 16:22:19.515  4667  4954 E BoosterUtil: getDefaultDataSlotId failed, invalid slotId:-1, subId:0
11-16 16:22:20.536  4667  4954 E BoosterUtil: convertSubIdToSlotId failed, subId:0, slotId:-1
11-16 16:22:20.536  4667  4954 E BoosterUtil: getDefaultDataSlotId failed, invalid slotId:-1, subId:0
11-16 16:22:21.561  4667  4954 E BoosterUtil: convertSubIdToSlotId failed, subId:0, slotId:-1
11-16 16:22:21.561  4667  4954 E BoosterUtil: getDefaultDataSlotId failed, invalid slotId:-1, subId:0
11-16 16:22:21.634  4667  4954 E Booster_BroadcastProxy: [isDataOn]isDataOn failed, invalid slotId=-1
11-16 16:22:21.634  4667  4954 I NetworkQoeChr: wifi and data disconnect
11-16 16:22:21.635  4667  4954 I NetworkQoeChr: end qoe report
11-16 16:22:21.649  4667  4954 I NetworkQoeChr: wifi or data connect
11-16 16:22:22.584  4667  4954 E BoosterUtil: convertSubIdToSlotId failed, subId:0, slotId:-1
11-16 16:22:22.584  4667  4954 E BoosterUtil: getDefaultDataSlotId failed, invalid slotId:-1, subId:0
11-16 16:22:23.608  4667  4954 E BoosterUtil: convertSubIdToSlotId failed, subId:0, slotId:-1
11-16 16:22:23.608  4667  4954 E BoosterUtil: getDefaultDataSlotId failed, invalid slotId:-1, subId:0
11-16 16:22:24.631  4667  4954 E BoosterUtil: convertSubIdToSlotId failed, subId:0, slotId:-1
11-16 16:22:24.632  4667  4954 E BoosterUtil: getDefaultDataSlotId failed, invalid slotId:-1, subId:0
11-16 16:22:25.655  4667  4954 E BoosterUtil: convertSubIdToSlotId failed, subId:0, slotId:-1
11-16 16:22:25.655  4667  4954 E BoosterUtil: getDefaultDataSlotId failed, invalid slotId:-1, subId:0
11-16 16:22:26.680  4667  4954 E BoosterUtil: convertSubIdToSlotId failed, subId:0, slotId:-1
11-16 16:22:26.680  4667  4954 E BoosterUtil: getDefaultDataSlotId failed, invalid slotId:-1, subId:0
11-16 16:22:27.703  4667  4954 E BoosterUtil: convertSubIdToSlotId failed, subId:0, slotId:-1
11-16 16:22:27.703  4667  4954 E BoosterUtil: getDefaultDataSlotId failed, invalid slotId:-1, subId:0
11-16 16:22:28.241  2010  2752 I chatty  : uid=1000(system) UEventObserver expire 6 lines
11-16 16:22:28.728  4667  4954 E BoosterUtil: convertSubIdToSlotId failed, subId:0, slotId:-1
11-16 16:22:28.728  4667  4954 E BoosterUtil: getDefaultDataSlotId failed, invalid slotId:-1, subId:0
11-16 16:22:29.231  2010  2653 I chatty  : uid=1000(system) PowerManagerSer expire 22 lines
11-16 16:22:29.260  2010  3881 I chatty  : uid=1000(system) WifiP2pService expire 15 lines
11-16 16:22:29.751  4667  4954 E BoosterUtil: convertSubIdToSlotId failed, subId:0, slotId:-1
11-16 16:22:29.751  4667  4954 E BoosterUtil: getDefaultDataSlotId failed, invalid slotId:-1, subId:0
11-16 16:22:30.776  4667  4954 E BoosterUtil: convertSubIdToSlotId failed, subId:0, slotId:-1
11-16 16:22:30.776  4667  4954 E BoosterUtil: getDefaultDataSlotId failed, invalid slotId:-1, subId:0
11-16 16:22:31.800  4667  4954 E BoosterUtil: convertSubIdToSlotId failed, subId:0, slotId:-1
11-16 16:22:31.800  4667  4954 E BoosterUtil: getDefaultDataSlotId failed, invalid slotId:-1, subId:0
11-16 16:22:32.742  2010  2624 I chatty  : uid=1000(system) android.anim expire 9 lines
11-16 16:22:32.796  2010  2621 I chatty  : uid=1000(system) android.ui expire 6 lines
11-16 16:22:32.796  4088  7340 D HwCommandQueue: CommandQueue, set Launcher StatusBar Color
11-16 16:22:32.808 17557 17557 I ViewRootImpl: dispatchDetachedFromWindow in doDie
11-16 16:22:32.823  4088  6833 I HwCommandQueue: updateBarBgColor
11-16 16:22:32.824  4088  6833 D HwCommandQueue: CommandQueue, setBarBackgroundColor
11-16 16:22:32.824  4088  7340 D HwCommandQueue: CommandQueue, set Launcher StatusBar Color
11-16 16:22:32.826  4667  4954 E BoosterUtil: convertSubIdToSlotId failed, subId:0, slotId:-1
11-16 16:22:32.826  4667  4954 E BoosterUtil: getDefaultDataSlotId failed, invalid slotId:-1, subId:0
11-16 16:22:32.847  4088  7340 D HwCommandQueue: CommandQueue, set Launcher StatusBar Color
11-16 16:22:33.109  2010  2789 I chatty  : uid=1000(system) GestureNavManag expire 6 lines
11-16 16:22:33.457  2010  2786 I chatty  : uid=1000(system) sManagerService expire 2 lines
11-16 16:22:33.847  4667  4954 E BoosterUtil: convertSubIdToSlotId failed, subId:0, slotId:-1
11-16 16:22:33.847  4667  4954 E BoosterUtil: getDefaultDataSlotId failed, invalid slotId:-1, subId:0
11-16 16:22:34.028  2010  2624 I chatty  : uid=1000(system) android.anim expire 1 line
11-16 16:22:34.106  2010  2789 I chatty  : uid=1000(system) GestureNavManag expire 2 lines
11-16 16:22:34.114  2010  2653 I chatty  : uid=1000(system) PowerManagerSer expire 5 lines
11-16 16:22:34.248  2010  3881 I chatty  : uid=1000(system) WifiP2pService expire 3 lines
11-16 16:22:34.256  2010  2624 I chatty  : uid=1000(system) android.anim expire 1 line
11-16 16:22:34.270  2010  2653 I chatty  : uid=1000(system) PowerManagerSer expire 3 lines
11-16 16:22:34.364  2010  6414 I chatty  : uid=1000(system) Binder:2010_1D expire 2 lines
11-16 16:22:34.507  2010 11971 I chatty  : uid=1000(system) MobileQosDetect expire 1 line
11-16 16:22:34.613  2010  2789 I chatty  : uid=1000(system) GestureNavManag expire 2 lines
11-16 16:22:34.872  4667  4954 E BoosterUtil: convertSubIdToSlotId failed, subId:0, slotId:-1
11-16 16:22:34.872  4667  4954 E BoosterUtil: getDefaultDataSlotId failed, invalid slotId:-1, subId:0
11-16 16:22:35.226  2010  2653 I chatty  : uid=1000(system) PowerManagerSer expire 2 lines
11-16 16:22:35.250  2010  3881 I chatty  : uid=1000(system) WifiP2pService expire 3 lines
11-16 16:22:35.896  4667  4954 E BoosterUtil: convertSubIdToSlotId failed, subId:0, slotId:-1
11-16 16:22:35.896  4667  4954 E BoosterUtil: getDefaultDataSlotId failed, invalid slotId:-1, subId:0
11-16 16:22:36.127  2010  2781 I chatty  : uid=1000(system) AlarmManager expire 2 lines
11-16 16:22:36.130  2010  2653 I chatty  : uid=1000(system) PowerManagerSer expire 19 lines
11-16 16:22:36.131  2010  3901 I chatty  : uid=1000(system) LocationHander expire 1 line
11-16 16:22:36.156  2010  5443 I chatty  : uid=1000(system) Binder:2010_13 expire 13 lines
11-16 16:22:36.919  4667  4954 E BoosterUtil: convertSubIdToSlotId failed, subId:0, slotId:-1
11-16 16:22:36.919  4667  4954 E BoosterUtil: getDefaultDataSlotId failed, invalid slotId:-1, subId:0
11-16 16:22:37.736  2010  2789 I chatty  : uid=1000(system) GestureNavManag expire 1 line
11-16 16:22:37.743  2010  2786 I chatty  : uid=1000(system) sManagerService expire 5 lines
11-16 16:22:37.746  2010  5176 I chatty  : uid=1000(system) Binder:2010_10 expire 10 lines
11-16 16:22:37.764  9372  9372 I ActivityThread: Handle window ActivityRecord{987fcd4 token=android.os.BinderProxy@1d5be79 {com.huawei.android.launcher/com.huawei.android.launcher.unihome.UniHomeLauncher}} visibility: true
11-16 16:22:37.796  2010  2616 I chatty  : uid=1000(system) Binder:2010_1 expire 21 lines
11-16 16:22:37.810  2010  2624 I chatty  : uid=1000(system) android.anim expire 6 lines
11-16 16:22:37.814  2010  2623 I chatty  : uid=1000(system) android.display expire 10 lines
11-16 16:22:37.814  2010  2010 I chatty  : uid=1000(system) Binder:2010_F expire 2 lines
11-16 16:22:37.829  2010  2747 I chatty  : uid=1000(system) Binder:2010_3 expire 12 lines
11-16 16:22:37.837  4439  5342 I HwNetworkPolicyManager: getHwUidPolicy uid = 10096 policy = 0
11-16 16:22:37.843  2010  5433 I chatty  : uid=1000(system) Binder:2010_11 expire 3 lines
11-16 16:22:37.859  2010  2647 I chatty  : uid=1000(system) ActivityManager expire 2 lines
11-16 16:22:37.941  4667  4954 E BoosterUtil: convertSubIdToSlotId failed, subId:0, slotId:-1
11-16 16:22:37.941  4667  4954 E BoosterUtil: getDefaultDataSlotId failed, invalid slotId:-1, subId:0
11-16 16:22:38.673  1046  1131 I storaged: storaged_t::event: storage_info refreshed.
11-16 16:22:38.967  4667  4954 E BoosterUtil: convertSubIdToSlotId failed, subId:0, slotId:-1
11-16 16:22:38.967  4667  4954 E BoosterUtil: getDefaultDataSlotId failed, invalid slotId:-1, subId:0
11-16 16:22:39.996  4667  4954 E BoosterUtil: convertSubIdToSlotId failed, subId:0, slotId:-1
11-16 16:22:39.996  4667  4954 E BoosterUtil: getDefaultDataSlotId failed, invalid slotId:-1, subId:0
11-16 16:22:40.197  2010  2620 I chatty  : uid=1000(system) android.fg expire 18 lines
11-16 16:22:40.601  2010  4214 I chatty  : uid=1000(system) Binder:2010_B expire 13 lines
11-16 16:22:41.016  4667  4954 E BoosterUtil: convertSubIdToSlotId failed, subId:0, slotId:-1
11-16 16:22:41.016  4667  4954 E BoosterUtil: getDefaultDataSlotId failed, invalid slotId:-1, subId:0
11-16 16:22:42.038  4667  4954 E BoosterUtil: convertSubIdToSlotId failed, subId:0, slotId:-1
11-16 16:22:42.038  4667  4954 E BoosterUtil: getDefaultDataSlotId failed, invalid slotId:-1, subId:0
11-16 16:22:42.513  2010 11971 I chatty  : uid=1000(system) MobileQosDetect expire 5 lines
11-16 16:22:43.061  4667  4954 E BoosterUtil: convertSubIdToSlotId failed, subId:0, slotId:-1
11-16 16:22:43.061  4667  4954 E BoosterUtil: getDefaultDataSlotId failed, invalid slotId:-1, subId:0
11-16 16:22:44.089  4667  4954 E BoosterUtil: convertSubIdToSlotId failed, subId:0, slotId:-1
11-16 16:22:44.089  4667  4954 E BoosterUtil: getDefaultDataSlotId failed, invalid slotId:-1, subId:0
11-16 16:22:45.112  4667  4954 E BoosterUtil: convertSubIdToSlotId failed, subId:0, slotId:-1
11-16 16:22:45.112  4667  4954 E BoosterUtil: getDefaultDataSlotId failed, invalid slotId:-1, subId:0
11-16 16:22:46.133  4667  4954 E BoosterUtil: convertSubIdToSlotId failed, subId:0, slotId:-1
11-16 16:22:46.133  4667  4954 E BoosterUtil: getDefaultDataSlotId failed, invalid slotId:-1, subId:0
11-16 16:22:46.543  2010  2653 I chatty  : uid=1000(system) PowerManagerSer expire 12 lines
11-16 16:22:47.159  4667  4954 E BoosterUtil: convertSubIdToSlotId failed, subId:0, slotId:-1
11-16 16:22:47.159  4667  4954 E BoosterUtil: getDefaultDataSlotId failed, invalid slotId:-1, subId:0
11-16 16:22:48.182  4667  4954 E BoosterUtil: convertSubIdToSlotId failed, subId:0, slotId:-1
11-16 16:22:48.182  4667  4954 E BoosterUtil: getDefaultDataSlotId failed, invalid slotId:-1, subId:0
11-16 16:22:49.205  4667  4954 E BoosterUtil: convertSubIdToSlotId failed, subId:0, slotId:-1
11-16 16:22:49.205  4667  4954 E BoosterUtil: getDefaultDataSlotId failed, invalid slotId:-1, subId:0
11-16 16:22:50.232  4667  4954 E BoosterUtil: convertSubIdToSlotId failed, subId:0, slotId:-1
11-16 16:22:50.232  4667  4954 E BoosterUtil: getDefaultDataSlotId failed, invalid slotId:-1, subId:0
11-16 16:22:51.255  4667  4954 E BoosterUtil: convertSubIdToSlotId failed, subId:0, slotId:-1
11-16 16:22:51.255  4667  4954 E BoosterUtil: getDefaultDataSlotId failed, invalid slotId:-1, subId:0
11-16 16:22:52.285  4667  4954 E BoosterUtil: convertSubIdToSlotId failed, subId:0, slotId:-1
11-16 16:22:52.285  4667  4954 E BoosterUtil: getDefaultDataSlotId failed, invalid slotId:-1, subId:0
11-16 16:22:53.303  4667  4954 E BoosterUtil: convertSubIdToSlotId failed, subId:0, slotId:-1
11-16 16:22:53.303  4667  4954 E BoosterUtil: getDefaultDataSlotId failed, invalid slotId:-1, subId:0
11-16 16:22:54.327  4667  4954 E BoosterUtil: convertSubIdToSlotId failed, subId:0, slotId:-1
11-16 16:22:54.327  4667  4954 E BoosterUtil: getDefaultDataSlotId failed, invalid slotId:-1, subId:0
11-16 16:22:55.356  4667  4954 E BoosterUtil: convertSubIdToSlotId failed, subId:0, slotId:-1
11-16 16:22:55.357  4667  4954 E BoosterUtil: getDefaultDataSlotId failed, invalid slotId:-1, subId:0
11-16 16:22:56.375  4667  4954 E BoosterUtil: convertSubIdToSlotId failed, subId:0, slotId:-1
11-16 16:22:56.375  4667  4954 E BoosterUtil: getDefaultDataSlotId failed, invalid slotId:-1, subId:0
11-16 16:22:57.399  4667  4954 E BoosterUtil: convertSubIdToSlotId failed, subId:0, slotId:-1
11-16 16:22:57.399  4667  4954 E BoosterUtil: getDefaultDataSlotId failed, invalid slotId:-1, subId:0
11-16 16:22:58.427  4667  4954 E BoosterUtil: convertSubIdToSlotId failed, subId:0, slotId:-1
11-16 16:22:58.427  4667  4954 E BoosterUtil: getDefaultDataSlotId failed, invalid slotId:-1, subId:0
11-16 16:22:58.957  2010  2752 I chatty  : uid=1000(system) UEventObserver expire 6 lines
11-16 16:22:59.442  2010  2653 I chatty  : uid=1000(system) PowerManagerSer expire 8 lines
11-16 16:22:59.453  4667  4954 E BoosterUtil: convertSubIdToSlotId failed, subId:0, slotId:-1
11-16 16:22:59.454  4667  4954 E BoosterUtil: getDefaultDataSlotId failed, invalid slotId:-1, subId:0
11-16 16:22:59.509  2010  3903 I chatty  : uid=1000(system) Thread-6 expire 3 lines
11-16 16:22:59.511  2010  2633 I chatty  : uid=1000(system) HwActivityTaskM expire 1 line
11-16 16:23:00.471  4667  4954 E BoosterUtil: convertSubIdToSlotId failed, subId:0, slotId:-1
11-16 16:23:00.471  4667  4954 E BoosterUtil: getDefaultDataSlotId failed, invalid slotId:-1, subId:0
11-16 16:23:00.541  2010  2616 I chatty  : uid=1000(system) Binder:2010_1 expire 9 lines
11-16 16:23:00.560  4667  4667 I HwCoreAppHelperService: LocalReceiver receives:android.intent.action.PACKAGE_RESTARTED,pkg:io.appium.uiautomator2.server.test,uid:10234
11-16 16:23:00.972  2010  2641 I chatty  : uid=1000(system) ActivityManager expire 1 line
11-16 16:23:01.028 18911 18911 D ActivityThread: Attach thread to application
11-16 16:23:01.041 18911 18933 I ActivityThread: Init compatible state: true
11-16 16:23:01.448 18911 18911 I ActivityThread: finishPreloaded preloadStatus 0
11-16 16:23:01.495  4667  4954 E BoosterUtil: convertSubIdToSlotId failed, subId:0, slotId:-1
11-16 16:23:01.495  4667  4954 E BoosterUtil: getDefaultDataSlotId failed, invalid slotId:-1, subId:0
11-16 16:23:02.520  4667  4954 E BoosterUtil: convertSubIdToSlotId failed, subId:0, slotId:-1
11-16 16:23:02.520  4667  4954 E BoosterUtil: getDefaultDataSlotId failed, invalid slotId:-1, subId:0
11-16 16:23:03.551  4667  4954 E BoosterUtil: convertSubIdToSlotId failed, subId:0, slotId:-1
11-16 16:23:03.553  4667  4954 E BoosterUtil: getDefaultDataSlotId failed, invalid slotId:-1, subId:0
11-16 16:23:03.818  2010  6414 I chatty  : uid=1000(system) Binder:2010_1D expire 2 lines
11-16 16:23:04.573  4667  4954 E BoosterUtil: convertSubIdToSlotId failed, subId:0, slotId:-1
11-16 16:23:04.573  4667  4954 E BoosterUtil: getDefaultDataSlotId failed, invalid slotId:-1, subId:0
11-16 16:23:05.228  2010  2747 I chatty  : uid=1000(system) Binder:2010_3 expire 3 lines
11-16 16:23:05.244  2010  2624 I chatty  : uid=1000(system) android.anim expire 2 lines
11-16 16:23:05.253  2010  5176 I chatty  : uid=1000(system) Binder:2010_10 expire 4 lines
11-16 16:23:05.449  2010  2624 I chatty  : uid=1000(system) android.anim expire 1 line
11-16 16:23:05.454  2010  2786 I chatty  : uid=1000(system) sManagerService expire 1 line
11-16 16:23:05.468  2010  2653 I chatty  : uid=1000(system) PowerManagerSer expire 1 line
11-16 16:23:05.468  2010  2624 I chatty  : uid=1000(system) android.anim expire 1 line
11-16 16:23:05.483  2010  4557 I chatty  : uid=1000(system) Binder:2010_C expire 6 lines
11-16 16:23:05.594  4667  4954 E BoosterUtil: convertSubIdToSlotId failed, subId:0, slotId:-1
11-16 16:23:05.594  4667  4954 E BoosterUtil: getDefaultDataSlotId failed, invalid slotId:-1, subId:0
11-16 16:23:06.087  2010  2653 I chatty  : uid=1000(system) PowerManagerSer expire 16 lines
11-16 16:23:06.088  2010  4557 I chatty  : uid=1000(system) Binder:2010_C expire 17 lines
11-16 16:23:06.101  2010  5176 I chatty  : uid=1000(system) Binder:2010_10 expire 10 lines
11-16 16:23:06.113  2010  6414 I chatty  : uid=1000(system) Binder:2010_1D expire 10 lines
11-16 16:23:06.542  2010 11971 I chatty  : uid=1000(system) MobileQosDetect expire 6 lines
11-16 16:23:06.614  4667  4954 E BoosterUtil: convertSubIdToSlotId failed, subId:0, slotId:-1
11-16 16:23:06.614  4667  4954 E BoosterUtil: getDefaultDataSlotId failed, invalid slotId:-1, subId:0
11-16 16:23:07.302  2010  2621 I chatty  : uid=1000(system) android.ui expire 6 lines
11-16 16:23:07.312 10621 10621 I ViewRootImpl: dispatchDetachedFromWindow in doDie
11-16 16:23:07.317  2010  5443 I chatty  : uid=1000(system) Binder:2010_13 expire 2 lines
11-16 16:23:07.322  2010  2647 I chatty  : uid=1000(system) ActivityManager expire 2 lines
11-16 16:23:07.465  2010  2624 I chatty  : uid=1000(system) android.anim expire 11 lines
11-16 16:23:07.477  2010  3903 I chatty  : uid=1000(system) Thread-6 expire 6 lines
11-16 16:23:07.477  2010  2633 I chatty  : uid=1000(system) HwActivityTaskM expire 2 lines
11-16 16:23:07.506  2010  2623 I chatty  : uid=1000(system) android.display expire 4 lines
11-16 16:23:07.638  4667  4954 E BoosterUtil: convertSubIdToSlotId failed, subId:0, slotId:-1
11-16 16:23:07.638  4667  4954 E BoosterUtil: getDefaultDataSlotId failed, invalid slotId:-1, subId:0
11-16 16:23:08.628  2010  4214 I chatty  : uid=1000(system) Binder:2010_B expire 13 lines
11-16 16:23:08.664  4667  4954 E BoosterUtil: convertSubIdToSlotId failed, subId:0, slotId:-1
11-16 16:23:08.664  4667  4954 E BoosterUtil: getDefaultDataSlotId failed, invalid slotId:-1, subId:0
11-16 16:23:09.688  4667  4954 E BoosterUtil: convertSubIdToSlotId failed, subId:0, slotId:-1
11-16 16:23:09.689  4667  4954 E BoosterUtil: getDefaultDataSlotId failed, invalid slotId:-1, subId:0
11-16 16:23:10.713  4667  4954 E BoosterUtil: convertSubIdToSlotId failed, subId:0, slotId:-1
11-16 16:23:10.713  4667  4954 E BoosterUtil: getDefaultDataSlotId failed, invalid slotId:-1, subId:0
11-16 16:23:11.735  4667  4954 E BoosterUtil: convertSubIdToSlotId failed, subId:0, slotId:-1
11-16 16:23:11.736  4667  4954 E BoosterUtil: getDefaultDataSlotId failed, invalid slotId:-1, subId:0
11-16 16:23:12.759  4667  4954 E BoosterUtil: convertSubIdToSlotId failed, subId:0, slotId:-1
11-16 16:23:12.759  4667  4954 E BoosterUtil: getDefaultDataSlotId failed, invalid slotId:-1, subId:0
11-16 16:23:13.785  4667  4954 E BoosterUtil: convertSubIdToSlotId failed, subId:0, slotId:-1
11-16 16:23:13.785  4667  4954 E BoosterUtil: getDefaultDataSlotId failed, invalid slotId:-1, subId:0
11-16 16:23:14.812  4667  4954 E BoosterUtil: convertSubIdToSlotId failed, subId:0, slotId:-1
11-16 16:23:14.812  4667  4954 E BoosterUtil: getDefaultDataSlotId failed, invalid slotId:-1, subId:0
11-16 16:23:15.496  2010  2620 I chatty  : uid=1000(system) android.fg expire 9 lines
11-16 16:23:15.832  4667  4954 E BoosterUtil: convertSubIdToSlotId failed, subId:0, slotId:-1
11-16 16:23:15.832  4667  4954 E BoosterUtil: getDefaultDataSlotId failed, invalid slotId:-1, subId:0
11-16 16:23:16.856  4667  4954 E BoosterUtil: convertSubIdToSlotId failed, subId:0, slotId:-1
11-16 16:23:16.856  4667  4954 E BoosterUtil: getDefaultDataSlotId failed, invalid slotId:-1, subId:0
11-16 16:23:17.039  2010  3941 I chatty  : uid=1000(system) Binder:2010_5 expire 12 lines
11-16 16:23:17.082  2010  4557 I chatty  : uid=1000(system) Binder:2010_C expire 12 lines
11-16 16:23:17.603  2010  2781 I chatty  : uid=1000(system) AlarmManager expire 4 lines
11-16 16:23:17.880  4667  4954 E BoosterUtil: convertSubIdToSlotId failed, subId:0, slotId:-1
11-16 16:23:17.880  4667  4954 E BoosterUtil: getDefaultDataSlotId failed, invalid slotId:-1, subId:0
11-16 16:23:18.907  4667  4954 E BoosterUtil: convertSubIdToSlotId failed, subId:0, slotId:-1
11-16 16:23:18.907  4667  4954 E BoosterUtil: getDefaultDataSlotId failed, invalid slotId:-1, subId:0
11-16 16:23:19.817  2010  2653 I chatty  : uid=1000(system) PowerManagerSer expire 11 lines
11-16 16:23:19.931  4667  4954 E BoosterUtil: convertSubIdToSlotId failed, subId:0, slotId:-1
11-16 16:23:19.931  4667  4954 E BoosterUtil: getDefaultDataSlotId failed, invalid slotId:-1, subId:0
11-16 16:23:20.431 17557 17557 I ViewRootImpl: dispatchDetachedFromWindow in doDie
11-16 16:23:20.956  4667  4954 E BoosterUtil: convertSubIdToSlotId failed, subId:0, slotId:-1
11-16 16:23:20.956  4667  4954 E BoosterUtil: getDefaultDataSlotId failed, invalid slotId:-1, subId:0
11-16 16:23:21.975  4667  4954 E BoosterUtil: convertSubIdToSlotId failed, subId:0, slotId:-1
11-16 16:23:21.976  4667  4954 E BoosterUtil: getDefaultDataSlotId failed, invalid slotId:-1, subId:0
11-16 16:23:22.898 17557 17557 I ViewRootImpl: dispatchDetachedFromWindow in doDie
11-16 16:23:22.998  4667  4954 E BoosterUtil: convertSubIdToSlotId failed, subId:0, slotId:-1
11-16 16:23:22.998  4667  4954 E BoosterUtil: getDefaultDataSlotId failed, invalid slotId:-1, subId:0
11-16 16:23:24.028  4667  4954 E BoosterUtil: convertSubIdToSlotId failed, subId:0, slotId:-1
11-16 16:23:24.028  4667  4954 E BoosterUtil: getDefaultDataSlotId failed, invalid slotId:-1, subId:0
11-16 16:23:25.048  4667  4954 E BoosterUtil: convertSubIdToSlotId failed, subId:0, slotId:-1
11-16 16:23:25.048  4667  4954 E BoosterUtil: getDefaultDataSlotId failed, invalid slotId:-1, subId:0
11-16 16:23:26.075  4667  4954 E BoosterUtil: convertSubIdToSlotId failed, subId:0, slotId:-1
11-16 16:23:26.075  4667  4954 E BoosterUtil: getDefaultDataSlotId failed, invalid slotId:-1, subId:0
11-16 16:23:27.096  4667  4954 E BoosterUtil: convertSubIdToSlotId failed, subId:0, slotId:-1
11-16 16:23:27.096  4667  4954 E BoosterUtil: getDefaultDataSlotId failed, invalid slotId:-1, subId:0
11-16 16:23:28.124  4667  4954 E BoosterUtil: convertSubIdToSlotId failed, subId:0, slotId:-1
11-16 16:23:28.124  4667  4954 E BoosterUtil: getDefaultDataSlotId failed, invalid slotId:-1, subId:0
11-16 16:23:29.144  4667  4954 E BoosterUtil: convertSubIdToSlotId failed, subId:0, slotId:-1
11-16 16:23:29.144  4667  4954 E BoosterUtil: getDefaultDataSlotId failed, invalid slotId:-1, subId:0
11-16 16:23:29.678  2010  2752 I chatty  : uid=1000(system) UEventObserver expire 6 lines
11-16 16:23:29.751  2010  6414 I chatty  : uid=1000(system) Binder:2010_1D expire 3 lines
11-16 16:23:30.168  4667  4954 E BoosterUtil: convertSubIdToSlotId failed, subId:0, slotId:-1
11-16 16:23:30.168  4667  4954 E BoosterUtil: getDefaultDataSlotId failed, invalid slotId:-1, subId:0
11-16 16:23:31.192  4667  4954 E BoosterUtil: convertSubIdToSlotId failed, subId:0, slotId:-1
11-16 16:23:31.192  4667  4954 E BoosterUtil: getDefaultDataSlotId failed, invalid slotId:-1, subId:0
11-16 16:23:32.219  4667  4954 E BoosterUtil: convertSubIdToSlotId failed, subId:0, slotId:-1
11-16 16:23:32.219  4667  4954 E BoosterUtil: getDefaultDataSlotId failed, invalid slotId:-1, subId:0
11-16 16:23:33.239  4667  4954 E BoosterUtil: convertSubIdToSlotId failed, subId:0, slotId:-1
11-16 16:23:33.239  4667  4954 E BoosterUtil: getDefaultDataSlotId failed, invalid slotId:-1, subId:0
11-16 16:23:34.264  4667  4954 E BoosterUtil: convertSubIdToSlotId failed, subId:0, slotId:-1
11-16 16:23:34.264  4667  4954 E BoosterUtil: getDefaultDataSlotId failed, invalid slotId:-1, subId:0
11-16 16:23:35.287  4667  4954 E BoosterUtil: convertSubIdToSlotId failed, subId:0, slotId:-1
11-16 16:23:35.288  4667  4954 E BoosterUtil: getDefaultDataSlotId failed, invalid slotId:-1, subId:0
11-16 16:23:36.143  2010  3901 I chatty  : uid=1000(system) LocationHander expire 2 lines
11-16 16:23:36.314  4667  4954 E BoosterUtil: convertSubIdToSlotId failed, subId:0, slotId:-1
11-16 16:23:36.314  4667  4954 E BoosterUtil: getDefaultDataSlotId failed, invalid slotId:-1, subId:0
11-16 16:23:37.334  4667  4954 E BoosterUtil: convertSubIdToSlotId failed, subId:0, slotId:-1
11-16 16:23:37.334  4667  4954 E BoosterUtil: getDefaultDataSlotId failed, invalid slotId:-1, subId:0
11-16 16:23:38.268  2010  2653 I chatty  : uid=1000(system) PowerManagerSer expire 17 lines
11-16 16:23:38.359  4667  4954 E BoosterUtil: convertSubIdToSlotId failed, subId:0, slotId:-1
11-16 16:23:38.359  4667  4954 E BoosterUtil: getDefaultDataSlotId failed, invalid slotId:-1, subId:0
11-16 16:23:38.675  1046  1131 I storaged: storaged_t::event: storage_info refreshed.
11-16 16:23:39.384  4667  4954 E BoosterUtil: convertSubIdToSlotId failed, subId:0, slotId:-1
11-16 16:23:39.384  4667  4954 E BoosterUtil: getDefaultDataSlotId failed, invalid slotId:-1, subId:0
11-16 16:23:40.407  4667  4954 E BoosterUtil: convertSubIdToSlotId failed, subId:0, slotId:-1
11-16 16:23:40.407  4667  4954 E BoosterUtil: getDefaultDataSlotId failed, invalid slotId:-1, subId:0
11-16 16:23:41.431  4667  4954 E BoosterUtil: convertSubIdToSlotId failed, subId:0, slotId:-1
11-16 16:23:41.431  4667  4954 E BoosterUtil: getDefaultDataSlotId failed, invalid slotId:-1, subId:0
11-16 16:23:42.458  4667  4954 E BoosterUtil: convertSubIdToSlotId failed, subId:0, slotId:-1
11-16 16:23:42.458  4667  4954 E BoosterUtil: getDefaultDataSlotId failed, invalid slotId:-1, subId:0
11-16 16:23:42.778  2010  5176 I chatty  : uid=1000(system) Binder:2010_10 expire 4 lines
11-16 16:23:43.240  2010  4557 I chatty  : uid=1000(system) Binder:2010_C expire 5 lines
11-16 16:23:43.246  2010  2010 I chatty  : uid=1000(system) Binder:2010_F expire 1 line
11-16 16:23:43.262  4667  4667 I HwCoreAppHelperService: LocalReceiver receives:android.intent.action.PACKAGE_RESTARTED,pkg:io.appium.uiautomator2.server.test,uid:10234
11-16 16:23:43.480  4667  4954 E BoosterUtil: convertSubIdToSlotId failed, subId:0, slotId:-1
11-16 16:23:43.480  4667  4954 E BoosterUtil: getDefaultDataSlotId failed, invalid slotId:-1, subId:0
11-16 16:23:43.649  2010  2641 I chatty  : uid=1000(system) ActivityManager expire 1 line
11-16 16:23:43.706 19136 19136 D ActivityThread: Attach thread to application
11-16 16:23:43.721 19136 19156 I ActivityThread: Init compatible state: true
11-16 16:23:44.159 19136 19136 I ActivityThread: finishPreloaded preloadStatus 0
11-16 16:23:44.504  4667  4954 E BoosterUtil: convertSubIdToSlotId failed, subId:0, slotId:-1
11-16 16:23:44.505  4667  4954 E BoosterUtil: getDefaultDataSlotId failed, invalid slotId:-1, subId:0
11-16 16:23:44.847  2010  4214 I chatty  : uid=1000(system) Binder:2010_B expire 3 lines
11-16 16:23:45.416  2010  4557 I chatty  : uid=1000(system) Binder:2010_C expire 1 line
11-16 16:23:45.461  2010  2653 I chatty  : uid=1000(system) PowerManagerSer expire 3 lines
11-16 16:23:45.527  4667  4954 E BoosterUtil: convertSubIdToSlotId failed, subId:0, slotId:-1
11-16 16:23:45.527  4667  4954 E BoosterUtil: getDefaultDataSlotId failed, invalid slotId:-1, subId:0
11-16 16:23:46.515  2010  4214 I chatty  : uid=1000(system) Binder:2010_B expire 2 lines
11-16 16:23:46.555  4667  4954 E BoosterUtil: convertSubIdToSlotId failed, subId:0, slotId:-1
11-16 16:23:46.556  4667  4954 E BoosterUtil: getDefaultDataSlotId failed, invalid slotId:-1, subId:0
11-16 16:23:46.581  2010 11971 I chatty  : uid=1000(system) MobileQosDetect expire 1 line
11-16 16:23:47.101  2010  2653 I chatty  : uid=1000(system) PowerManagerSer expire 4 lines
11-16 16:23:47.133  2010  4214 I chatty  : uid=1000(system) Binder:2010_B expire 1 line
11-16 16:23:47.301  2010  3881 I chatty  : uid=1000(system) WifiP2pService expire 3 lines
11-16 16:23:47.306  2010  2653 I chatty  : uid=1000(system) PowerManagerSer expire 2 lines
11-16 16:23:47.581  4667  4954 E BoosterUtil: convertSubIdToSlotId failed, subId:0, slotId:-1
11-16 16:23:47.581  4667  4954 E BoosterUtil: getDefaultDataSlotId failed, invalid slotId:-1, subId:0
11-16 16:23:47.974  2010  4214 I chatty  : uid=1000(system) Binder:2010_B expire 1 line
11-16 16:23:48.263  2010  2653 I chatty  : uid=1000(system) PowerManagerSer expire 2 lines
11-16 16:23:48.280  2010  3881 I chatty  : uid=1000(system) WifiP2pService expire 33 lines
11-16 16:23:48.300  2010  6453 I chatty  : uid=1000(system) Binder:2010_1F expire 5 lines
11-16 16:23:48.602  4667  4954 E BoosterUtil: convertSubIdToSlotId failed, subId:0, slotId:-1
11-16 16:23:48.602  4667  4954 E BoosterUtil: getDefaultDataSlotId failed, invalid slotId:-1, subId:0
11-16 16:23:48.820  2010  2653 I chatty  : uid=1000(system) PowerManagerSer expire 33 lines
11-16 16:23:48.832  2010  4214 I chatty  : uid=1000(system) Binder:2010_B expire 1 line
11-16 16:23:49.385  2010  4557 I chatty  : uid=1000(system) Binder:2010_C expire 7 lines
11-16 16:23:49.477  2010  2748 I chatty  : uid=1000(system) Binder:2010_4 expire 27 lines
11-16 16:23:49.622  4667  4954 E BoosterUtil: convertSubIdToSlotId failed, subId:0, slotId:-1
11-16 16:23:49.622  4667  4954 E BoosterUtil: getDefaultDataSlotId failed, invalid slotId:-1, subId:0
11-16 16:23:50.580  2010 11971 I chatty  : uid=1000(system) MobileQosDetect expire 3 lines
11-16 16:23:50.638  2010  2616 I chatty  : uid=1000(system) Binder:2010_1 expire 19 lines
11-16 16:23:50.645  4667  4954 E BoosterUtil: convertSubIdToSlotId failed, subId:0, slotId:-1
11-16 16:23:50.645  4667  4954 E BoosterUtil: getDefaultDataSlotId failed, invalid slotId:-1, subId:0
11-16 16:23:51.562  2010  6452 I chatty  : uid=1000(system) Binder:2010_1E expire 4 lines
11-16 16:23:51.649  4667  4954 I NetworkQoeChr: onQoeStatusEnd
11-16 16:23:51.661  4624  4624 W ContextImpl: Calling a method in the system process without a qualified user: android.app.ContextImpl.sendBroadcast:1183 com.huawei.android.chr.ChrCore.report:5584 com.huawei.android.chr.ChrCore.report:469 com.huawei.android.chr.dataservice.ChrDataService.saveToChrModel:979 com.huawei.android.chr.dataservice.PsQoeManager.saveQoeEvent:101
11-16 16:23:51.663  4624  4624 W ContextImpl: Calling a method in the system process without a qualified user: android.app.ContextImpl.sendBroadcast:1183 com.huawei.android.chr.ProtocolLogManager.setChrInfo2DbEx:1017 com.huawei.android.chr.ProtocolLogManager.setChrInfo2Db:962 com.huawei.android.chr.dataservice.PsQoeManager.saveQoeEvent:114 com.huawei.android.chr.dataservice.ChrDataService.handleMessage:13681
11-16 16:23:51.668  2010  5176 I chatty  : uid=1000(system) Binder:2010_10 expire 10 lines
11-16 16:23:51.672  4667  4954 E BoosterUtil: convertSubIdToSlotId failed, subId:0, slotId:-1
11-16 16:23:51.672  4667  4954 E BoosterUtil: getDefaultDataSlotId failed, invalid slotId:-1, subId:0
11-16 16:23:52.699  4667  4954 E BoosterUtil: convertSubIdToSlotId failed, subId:0, slotId:-1
11-16 16:23:52.699  4667  4954 E BoosterUtil: getDefaultDataSlotId failed, invalid slotId:-1, subId:0
11-16 16:23:52.807  2010  2621 I chatty  : uid=1000(system) android.ui expire 16 lines
11-16 16:23:52.807  4088 23004 D HwCommandQueue: CommandQueue, set Launcher StatusBar Color
11-16 16:23:53.721  4667  4954 E BoosterUtil: convertSubIdToSlotId failed, subId:0, slotId:-1
11-16 16:23:53.721  4667  4954 E BoosterUtil: getDefaultDataSlotId failed, invalid slotId:-1, subId:0
11-16 16:23:54.048  4088 23004 D HwCommandQueue: CommandQueue, set Launcher StatusBar Color
11-16 16:23:54.107  2010  2624 I chatty  : uid=1000(system) android.anim expire 16 lines
11-16 16:23:54.125  4088  6833 D HwCommandQueue: CommandQueue, set Launcher StatusBar Color
11-16 16:23:54.743  4667  4954 E BoosterUtil: convertSubIdToSlotId failed, subId:0, slotId:-1
11-16 16:23:54.744  4667  4954 E BoosterUtil: getDefaultDataSlotId failed, invalid slotId:-1, subId:0
11-16 16:23:55.597 17557 17557 I ViewRootImpl: dispatchDetachedFromWindow in doDie
11-16 16:23:55.615  4088 23004 I HwCommandQueue: updateBarBgColor
11-16 16:23:55.615  4088 23004 D HwCommandQueue: CommandQueue, setBarBackgroundColor
11-16 16:23:55.616  4088  7340 D HwCommandQueue: CommandQueue, set Launcher StatusBar Color
11-16 16:23:55.616  4088  7340 D HwCommandQueue: CommandQueue, set Launcher StatusBar Color
11-16 16:23:55.765  4667  4954 E BoosterUtil: convertSubIdToSlotId failed, subId:0, slotId:-1
11-16 16:23:55.765  4667  4954 E BoosterUtil: getDefaultDataSlotId failed, invalid slotId:-1, subId:0
11-16 16:23:56.796  4667  4954 E BoosterUtil: convertSubIdToSlotId failed, subId:0, slotId:-1
11-16 16:23:56.796  4667  4954 E BoosterUtil: getDefaultDataSlotId failed, invalid slotId:-1, subId:0
11-16 16:23:57.631  2010  2010 I chatty  : uid=1000(system) Binder:2010_F expire 1 line
11-16 16:23:57.631 17557 17557 I ViewRootImpl: dispatchDetachedFromWindow in doDie
11-16 16:23:57.813  4667  4954 E BoosterUtil: convertSubIdToSlotId failed, subId:0, slotId:-1
11-16 16:23:57.813  4667  4954 E BoosterUtil: getDefaultDataSlotId failed, invalid slotId:-1, subId:0
11-16 16:23:58.038  2010  3876 I chatty  : uid=1000(system) NetworkStats expire 9 lines
11-16 16:23:58.599  2010  2620 I chatty  : uid=1000(system) android.fg expire 3 lines
11-16 16:23:58.838  4667  4954 E BoosterUtil: convertSubIdToSlotId failed, subId:0, slotId:-1
11-16 16:23:58.838  4667  4954 E BoosterUtil: getDefaultDataSlotId failed, invalid slotId:-1, subId:0
11-16 16:23:59.139  2010  2623 I chatty  : uid=1000(system) android.display expire 2 lines
11-16 16:23:59.269  2010  2653 I chatty  : uid=1000(system) PowerManagerSer expire 8 lines
11-16 16:23:59.298  2010  3881 I chatty  : uid=1000(system) WifiP2pService expire 3 lines
11-16 16:23:59.755  4088 23004 D HwCommandQueue: CommandQueue, set Launcher StatusBar Color
11-16 16:23:59.770 17557 17557 I ViewRootImpl: dispatchDetachedFromWindow in doDie
11-16 16:23:59.783  4088 23004 I HwCommandQueue: updateBarBgColor
11-16 16:23:59.783  4088 23004 D HwCommandQueue: CommandQueue, setBarBackgroundColor
11-16 16:23:59.784  4088  6833 D HwCommandQueue: CommandQueue, set Launcher StatusBar Color
11-16 16:23:59.811  4088  6833 D HwCommandQueue: CommandQueue, set Launcher StatusBar Color
11-16 16:23:59.867  4667  4954 E BoosterUtil: convertSubIdToSlotId failed, subId:0, slotId:-1
11-16 16:23:59.867  4667  4954 E BoosterUtil: getDefaultDataSlotId failed, invalid slotId:-1, subId:0
11-16 16:24:00.041  2010  2789 I chatty  : uid=1000(system) GestureNavManag expire 7 lines
11-16 16:24:00.283  2010  3881 I chatty  : uid=1000(system) WifiP2pService expire 33 lines
11-16 16:24:00.376  2010  2653 I chatty  : uid=1000(system) PowerManagerSer expire 30 lines
11-16 16:24:00.403  2010  2752 I chatty  : uid=1000(system) UEventObserver expire 6 lines
11-16 16:24:00.449  2010  2624 I chatty  : uid=1000(system) android.anim expire 2 lines
11-16 16:24:00.472  2010  4557 I chatty  : uid=1000(system) Binder:2010_C expire 29 lines
11-16 16:24:00.717  2010  2616 I chatty  : uid=1000(system) Binder:2010_1 expire 6 lines
11-16 16:24:00.885  4667  4954 E BoosterUtil: convertSubIdToSlotId failed, subId:0, slotId:-1
11-16 16:24:00.885  4667  4954 E BoosterUtil: getDefaultDataSlotId failed, invalid slotId:-1, subId:0
11-16 16:24:01.872  2010  2786 I chatty  : uid=1000(system) sManagerService expire 4 lines
11-16 16:24:01.895  2010  2748 I chatty  : uid=1000(system) Binder:2010_4 expire 7 lines
11-16 16:24:01.909  4667  4954 E BoosterUtil: convertSubIdToSlotId failed, subId:0, slotId:-1
11-16 16:24:01.909  4667  4954 E BoosterUtil: getDefaultDataSlotId failed, invalid slotId:-1, subId:0
11-16 16:24:01.919  2010  2010 I chatty  : uid=1000(system) Binder:2010_F expire 3 lines
11-16 16:24:01.920  9372  9372 I ActivityThread: Handle window ActivityRecord{987fcd4 token=android.os.BinderProxy@1d5be79 {com.huawei.android.launcher/com.huawei.android.launcher.unihome.UniHomeLauncher}} visibility: true
11-16 16:24:01.930  2010  2623 I chatty  : uid=1000(system) android.display expire 7 lines
11-16 16:24:01.957  4439  5394 I HwNetworkPolicyManager: getHwUidPolicy uid = 10096 policy = 0
11-16 16:24:01.977  2010  2647 I chatty  : uid=1000(system) ActivityManager expire 2 lines
11-16 16:24:01.983  2010  5176 I chatty  : uid=1000(system) Binder:2010_10 expire 1 line
11-16 16:24:02.938  4667  4954 E BoosterUtil: convertSubIdToSlotId failed, subId:0, slotId:-1
11-16 16:24:02.938  4667  4954 E BoosterUtil: getDefaultDataSlotId failed, invalid slotId:-1, subId:0
11-16 16:24:03.958  4667  4954 E BoosterUtil: convertSubIdToSlotId failed, subId:0, slotId:-1
11-16 16:24:03.958  4667  4954 E BoosterUtil: getDefaultDataSlotId failed, invalid slotId:-1, subId:0
11-16 16:24:04.987  4667  4954 E BoosterUtil: convertSubIdToSlotId failed, subId:0, slotId:-1
11-16 16:24:04.987  4667  4954 E BoosterUtil: getDefaultDataSlotId failed, invalid slotId:-1, subId:0
11-16 16:24:05.977  2010  6452 I chatty  : uid=1000(system) Binder:2010_1E expire 9 lines
11-16 16:24:06.008  4667  4954 E BoosterUtil: convertSubIdToSlotId failed, subId:0, slotId:-1
11-16 16:24:06.008  4667  4954 E BoosterUtil: getDefaultDataSlotId failed, invalid slotId:-1, subId:0
11-16 16:24:06.600  2010 11971 I chatty  : uid=1000(system) MobileQosDetect expire 1 line
11-16 16:24:06.793  2010  2620 I chatty  : uid=1000(system) android.fg expire 12 lines
11-16 16:24:07.030  4667  4954 E BoosterUtil: convertSubIdToSlotId failed, subId:0, slotId:-1
11-16 16:24:07.030  4667  4954 E BoosterUtil: getDefaultDataSlotId failed, invalid slotId:-1, subId:0
11-16 16:24:08.056  4667  4954 E BoosterUtil: convertSubIdToSlotId failed, subId:0, slotId:-1
11-16 16:24:08.056  4667  4954 E BoosterUtil: getDefaultDataSlotId failed, invalid slotId:-1, subId:0
11-16 16:24:09.080  4667  4954 E BoosterUtil: convertSubIdToSlotId failed, subId:0, slotId:-1
11-16 16:24:09.080  4667  4954 E BoosterUtil: getDefaultDataSlotId failed, invalid slotId:-1, subId:0
11-16 16:24:10.103  4667  4954 E BoosterUtil: convertSubIdToSlotId failed, subId:0, slotId:-1
11-16 16:24:10.103  4667  4954 E BoosterUtil: getDefaultDataSlotId failed, invalid slotId:-1, subId:0
11-16 16:24:11.128  4667  4954 E BoosterUtil: convertSubIdToSlotId failed, subId:0, slotId:-1
11-16 16:24:11.129  4667  4954 E BoosterUtil: getDefaultDataSlotId failed, invalid slotId:-1, subId:0
11-16 16:24:11.267  2010  2653 I chatty  : uid=1000(system) PowerManagerSer expire 7 lines
11-16 16:24:11.293  2010  3881 I chatty  : uid=1000(system) WifiP2pService expire 6 lines
11-16 16:24:11.799  2010  6453 I chatty  : uid=1000(system) Binder:2010_1F expire 3 lines
11-16 16:24:11.942  2010  2621 I chatty  : uid=1000(system) android.ui expire 6 lines
11-16 16:24:12.152  4667  4954 E BoosterUtil: convertSubIdToSlotId failed, subId:0, slotId:-1
11-16 16:24:12.152  4667  4954 E BoosterUtil: getDefaultDataSlotId failed, invalid slotId:-1, subId:0
11-16 16:24:13.174  4088 18141 D HwCommandQueue: CommandQueue, set Launcher StatusBar Color
11-16 16:24:13.174  4667  4954 E BoosterUtil: convertSubIdToSlotId failed, subId:0, slotId:-1
11-16 16:24:13.174  4667  4954 E BoosterUtil: getDefaultDataSlotId failed, invalid slotId:-1, subId:0
11-16 16:24:13.182  2010  6452 I chatty  : uid=1000(system) Binder:2010_1E expire 2 lines
11-16 16:24:13.198  2010  2624 I chatty  : uid=1000(system) android.anim expire 1 line
11-16 16:24:13.205  2010  2621 I chatty  : uid=1000(system) android.ui expire 2 lines
11-16 16:24:13.205  4088 23004 D HwCommandQueue: CommandQueue, set Launcher StatusBar Color
11-16 16:24:13.264  2010  2653 I chatty  : uid=1000(system) PowerManagerSer expire 2 lines
11-16 16:24:13.283  2010  3881 I chatty  : uid=1000(system) WifiP2pService expire 3 lines
11-16 16:24:13.933  2010  2653 I chatty  : uid=1000(system) PowerManagerSer expire 1 line
11-16 16:24:14.004 17557 17557 I ViewRootImpl: dispatchDetachedFromWindow in doDie
11-16 16:24:14.011  2010  6453 I chatty  : uid=1000(system) Binder:2010_1F expire 8 lines
11-16 16:24:14.015  4088 23004 I HwCommandQueue: updateBarBgColor
11-16 16:24:14.015  4088 23004 D HwCommandQueue: CommandQueue, setBarBackgroundColor
11-16 16:24:14.015  2010  2621 I chatty  : uid=1000(system) android.ui expire 22 lines
11-16 16:24:14.021  4088 18141 D HwCommandQueue: CommandQueue, set Launcher StatusBar Color
11-16 16:24:14.023  2010  6452 I chatty  : uid=1000(system) Binder:2010_1E expire 4 lines
11-16 16:24:14.028  4088 18141 D HwCommandQueue: CommandQueue, set Launcher StatusBar Color
11-16 16:24:14.188  2010  2624 I chatty  : uid=1000(system) android.anim expire 22 lines
11-16 16:24:14.197  4667  4954 E BoosterUtil: convertSubIdToSlotId failed, subId:0, slotId:-1
11-16 16:24:14.197  4667  4954 E BoosterUtil: getDefaultDataSlotId failed, invalid slotId:-1, subId:0
11-16 16:24:14.263  2010  2653 I chatty  : uid=1000(system) PowerManagerSer expire 54 lines
11-16 16:24:14.283  2010  3881 I chatty  : uid=1000(system) WifiP2pService expire 33 lines
11-16 16:24:14.609  2010 11971 I chatty  : uid=1000(system) MobileQosDetect expire 3 lines
11-16 16:24:15.076  2010  2789 I chatty  : uid=1000(system) GestureNavManag expire 6 lines
11-16 16:24:15.221  4667  4954 E BoosterUtil: convertSubIdToSlotId failed, subId:0, slotId:-1
11-16 16:24:15.222  4667  4954 E BoosterUtil: getDefaultDataSlotId failed, invalid slotId:-1, subId:0
11-16 16:24:16.247  4667  4954 E BoosterUtil: convertSubIdToSlotId failed, subId:0, slotId:-1
11-16 16:24:16.247  4667  4954 E BoosterUtil: getDefaultDataSlotId failed, invalid slotId:-1, subId:0
11-16 16:24:17.278  4667  4954 E BoosterUtil: convertSubIdToSlotId failed, subId:0, slotId:-1
11-16 16:24:17.278  4667  4954 E BoosterUtil: getDefaultDataSlotId failed, invalid slotId:-1, subId:0
11-16 16:24:18.053  2010  2616 I chatty  : uid=1000(system) Binder:2010_1 expire 7 lines
11-16 16:24:18.294  4667  4954 E BoosterUtil: convertSubIdToSlotId failed, subId:0, slotId:-1
11-16 16:24:18.294  4667  4954 E BoosterUtil: getDefaultDataSlotId failed, invalid slotId:-1, subId:0
11-16 16:24:18.898  2010  2748 I chatty  : uid=1000(system) Binder:2010_4 expire 10 lines
11-16 16:24:19.317  4667  4954 E BoosterUtil: convertSubIdToSlotId failed, subId:0, slotId:-1
11-16 16:24:19.317  4667  4954 E BoosterUtil: getDefaultDataSlotId failed, invalid slotId:-1, subId:0
11-16 16:24:19.420 17900 19245 D HwCustConnectivityManagerImpl: isBlockNetworkRequestByNonAis, INVALID_SUBSCRIPTION_ID
11-16 16:24:19.422  2010  3889 I chatty  : uid=1000(system) ConnectivitySer expire 10 lines
11-16 16:24:19.422 17900 19245 D HwCustConnectivityManagerImpl: isBlockNetworkRequestByNonAis, INVALID_SUBSCRIPTION_ID
11-16 16:24:19.432  4088 18141 D HwCommandQueue: CommandQueue, set Launcher StatusBar Color
11-16 16:24:19.444  2010  5176 I chatty  : uid=1000(system) Binder:2010_10 expire 8 lines
11-16 16:24:19.738 17900 17900 D HwCustConnectivityManagerImpl: isBlockNetworkRequestByNonAis, INVALID_SUBSCRIPTION_ID
11-16 16:24:19.772  2010  2010 I chatty  : uid=1000(system) Binder:2010_F expire 2 lines
11-16 16:24:19.775  2010  2640 I chatty  : uid=1000(system) ActivityManager expire 2 lines
11-16 16:24:19.785  2010  4557 I chatty  : uid=1000(system) Binder:2010_C expire 2 lines
11-16 16:24:19.904  2010  4214 I chatty  : uid=1000(system) Binder:2010_B expire 12 lines
11-16 16:24:20.040  2010  5549 I chatty  : uid=1000(system) Binder:2010_15 expire 3 lines
11-16 16:24:20.215  2010  3903 I chatty  : uid=1000(system) Thread-6 expire 1 line
11-16 16:24:20.329 17557 17557 I ViewRootImpl: dispatchDetachedFromWindow in doDie
11-16 16:24:20.343  4667  4954 E BoosterUtil: convertSubIdToSlotId failed, subId:0, slotId:-1
11-16 16:24:20.343  4667  4954 E BoosterUtil: getDefaultDataSlotId failed, invalid slotId:-1, subId:0
11-16 16:24:20.362  4088 23004 D HwCommandQueue: CommandQueue, set Launcher StatusBar Color
11-16 16:24:21.048  2010  3876 I chatty  : uid=1000(system) NetworkStats expire 9 lines
11-16 16:24:21.366  4667  4954 E BoosterUtil: convertSubIdToSlotId failed, subId:0, slotId:-1
11-16 16:24:21.366  4667  4954 E BoosterUtil: getDefaultDataSlotId failed, invalid slotId:-1, subId:0
11-16 16:24:22.389  4667  4954 E BoosterUtil: convertSubIdToSlotId failed, subId:0, slotId:-1
11-16 16:24:22.389  4667  4954 E BoosterUtil: getDefaultDataSlotId failed, invalid slotId:-1, subId:0
11-16 16:24:22.475  2010  3993 I chatty  : uid=1000(system) HwProximitySens expire 3 lines
11-16 16:24:22.858 17557 17557 I ViewRootImpl: dispatchDetachedFromWindow in doDie
11-16 16:24:23.413  4667  4954 E BoosterUtil: convertSubIdToSlotId failed, subId:0, slotId:-1
11-16 16:24:23.413  4667  4954 E BoosterUtil: getDefaultDataSlotId failed, invalid slotId:-1, subId:0
11-16 16:24:24.360  2010  2623 I chatty  : uid=1000(system) android.display expire 2 lines
11-16 16:24:24.440  4667  4954 E BoosterUtil: convertSubIdToSlotId failed, subId:0, slotId:-1
11-16 16:24:24.440  4667  4954 E BoosterUtil: getDefaultDataSlotId failed, invalid slotId:-1, subId:0
11-16 16:24:25.267  2010  2653 I chatty  : uid=1000(system) PowerManagerSer expire 5 lines
11-16 16:24:25.292  2010  3881 I chatty  : uid=1000(system) WifiP2pService expire 5 lines
11-16 16:24:25.465  4667  4954 E BoosterUtil: convertSubIdToSlotId failed, subId:0, slotId:-1
11-16 16:24:25.465  4667  4954 E BoosterUtil: getDefaultDataSlotId failed, invalid slotId:-1, subId:0
11-16 16:24:26.295  2010  2653 I chatty  : uid=1000(system) PowerManagerSer expire 35 lines
11-16 16:24:26.317  2010  3881 I chatty  : uid=1000(system) WifiP2pService expire 28 lines
11-16 16:24:26.491  4667  4954 E BoosterUtil: convertSubIdToSlotId failed, subId:0, slotId:-1
11-16 16:24:26.491  4667  4954 E BoosterUtil: getDefaultDataSlotId failed, invalid slotId:-1, subId:0
