06-14 16:07:26.946 18465 18465 E chromium: [ERROR:network_service_instance_impl.cc(179)] Failed to grant sandbox access to network context data for /data/user/0/cn.missevan/app_webview/Default with result 7: No such file or directory (2)
06-14 16:07:26.953 18539 18539 E ocessService0:: Not starting debugger since process cannot load the jdwp agent.
06-14 16:07:26.954 18465 18465 D CompatibilityChangeReporter: Compat change id reported: 171228096; UID 10486; state: ENABLED
06-14 16:07:26.958 18539 18539 I MessageMonitor: Load libmiui_runtime
06-14 16:07:26.960  2431  4793 D ConnectivityService: requestNetwork for uid/pid:10486/18465 activeRequest: null callbackRequest: 491 [NetworkRequest [ REQUEST id=492, [ Capabilities: INTERNET&NOT_RESTRICTED&TRUSTED&NOT_VCN_MANAGED Uid: 10486 RequestorUid: 10486 RequestorPkg: cn.missevan] ]] callback flags: 0 priority: 2147483647
06-14 16:07:26.961  2431  3373 D ConnectivityService: NetReassign [492 : null → 100]
06-14 16:07:26.961   680   680 E SELinux : avc:  denied  { find } for pid=18539 uid=99015 name=pc_mode_service scontext=u:r:isolated_app:s0:c512,c768 tcontext=u:object_r:pc_mode_service:s0 tclass=service_manager permissive=0
06-14 16:07:26.963  2431  3346 D WifiNetworkFactory: got request NetworkRequest [ REQUEST id=492, [ Capabilities: INTERNET&NOT_RESTRICTED&TRUSTED&NOT_VCN_MANAGED Uid: 10486 RequestorUid: 10486 RequestorPkg: cn.missevan] ]
06-14 16:07:26.963  2431  3346 D UntrustedWifiNetworkFactory: got request NetworkRequest [ REQUEST id=492, [ Capabilities: INTERNET&NOT_RESTRICTED&TRUSTED&NOT_VCN_MANAGED Uid: 10486 RequestorUid: 10486 RequestorPkg: cn.missevan] ]
06-14 16:07:26.963  2431  3346 D OemPaidWifiNetworkFactory: got request NetworkRequest [ REQUEST id=492, [ Capabilities: INTERNET&NOT_RESTRICTED&TRUSTED&NOT_VCN_MANAGED Uid: 10486 RequestorUid: 10486 RequestorPkg: cn.missevan] ]
06-14 16:07:26.964  2431  4484 D SymlinkUtils: attachApplication file op go pass: 1 ms
06-14 16:07:26.964  2431  3373 D ConnectivityService: NetReassign [no changes]
06-14 16:07:26.965  2431  3472 E AppOps  : checkOperation
06-14 16:07:26.965  2431  3472 E AppOps  : java.lang.SecurityException: Specified package cn.missevan under uid 99015 but it is not
06-14 16:07:26.965  2431  3472 E AppOps  : 	at com.android.server.appop.AppOpsService.verifyAndGetBypass(AppOpsService.java:4783)
06-14 16:07:26.965  2431  3472 E AppOps  : 	at com.android.server.appop.AppOpsService.verifyAndGetBypass(AppOpsService.java:4675)
06-14 16:07:26.965  2431  3472 E AppOps  : 	at com.android.server.appop.AppOpsService.checkOperationUnchecked(AppOpsService.java:3272)
06-14 16:07:26.965  2431  3472 E AppOps  : 	at com.android.server.appop.AppOpsService.checkOperationImpl(AppOpsService.java:3255)
06-14 16:07:26.965  2431  3472 E AppOps  : 	at com.android.server.appop.AppOpsService.access$3700(AppOpsService.java:220)
06-14 16:07:26.965  2431  3472 E AppOps  : 	at com.android.server.appop.AppOpsService$CheckOpsDelegateDispatcher.lambda$checkOperation$0(AppOpsService.java:7667)
06-14 16:07:26.965  2431  3472 E AppOps  : 	at com.android.server.appop.AppOpsService$CheckOpsDelegateDispatcher$$ExternalSyntheticLambda17.apply(Unknown Source:25)
06-14 16:07:26.965  2431  3472 E AppOps  : 	at com.android.server.policy.AppOpsPolicy.checkOperation(AppOpsPolicy.java:207)
06-14 16:07:26.965  2431  3472 E AppOps  : 	at com.android.server.appop.AppOpsService$CheckOpsDelegateDispatcher.checkOperation(AppOpsService.java:7666)
06-14 16:07:26.965  2431  3472 E AppOps  : 	at com.android.server.appop.AppOpsService.checkOperation(AppOpsService.java:3242)
06-14 16:07:26.965  2431  3472 E AppOps  : 	at android.app.AppOpsManager.checkOpNoThrow(AppOpsManager.java:8727)
06-14 16:07:26.965  2431  3472 E AppOps  : 	at android.miui.AppOpsUtils.getApplicationAutoStart(AppOpsUtils.java:84)
06-14 16:07:26.965  2431  3472 E AppOps  : 	at com.android.server.am.AppStateManager$AppState$RunningProcess$1.run(AppStateManager.java:1484)
06-14 16:07:26.965  2431  3472 E AppOps  : 	at android.os.Handler.handleCallback(Handler.java:938)
06-14 16:07:26.965  2431  3472 E AppOps  : 	at android.os.Handler.dispatchMessage(Handler.java:99)
06-14 16:07:26.965  2431  3472 E AppOps  : 	at android.os.Looper.loopOnce(Looper.java:211)
06-14 16:07:26.965  2431  3472 E AppOps  : 	at android.os.Looper.loop(Looper.java:300)
06-14 16:07:26.965  2431  3472 E AppOps  : 	at android.os.HandlerThread.run(HandlerThread.java:67)
06-14 16:07:26.971 18539 18539 E MQSEventManagerDelegate: failed to get MQSService.
06-14 16:07:26.971 18539 18539 W MQSEventManagerDelegate: registerApplicationScoutThread getMQSService null
06-14 16:07:26.971 18539 18539 W ActivityThread: registerApplicationScoutThread result:false
06-14 16:07:26.972 18539 18539 D CompatibilityChangeReporter: Compat change id reported: 171979766; UID 99015; state: ENABLED
06-14 16:07:26.979 18465 18465 I MissEvanApplication: installApp, runOn THREAD_BACK_IO
06-14 16:07:26.980 18465 18465 I Prefs   : setKvsValue, key: LastUpdateTime, value: 1686727294217
06-14 16:07:26.980 18465 18566 I MissEvanApplication: installApp, getAdvertisingIdInfo
06-14 16:07:26.980 18465 18465 I SplashFragment: onViewCreated
06-14 16:07:26.980 18465 18465 I SplashFragment: onStart
06-14 16:07:26.980 18465 18465 W Activity: PerfMonitor: Slow Operation: Activity cn.missevan/.activity.MainActivity onStart took 125ms
06-14 16:07:26.981 18465 18465 I Contexts: App lifecycle event: onStart(App come into foreground)
06-14 16:07:26.981 18465 18465 I MissevanApplicationLike: App is in foreground.
06-14 16:07:26.982 18465 18465 I Contexts: onActivityResumed: MainActivity
06-14 16:07:26.983 18539 18539 E ForceDarkHelperStubImpl: getForceDarkOriginState transact failed , mService: null
06-14 16:07:26.983 18539 18539 I ForceDarkHelperStubImpl: initialize for cn.missevan , ForceDarkOrigin
06-14 16:07:26.985 18465 18465 I SplashFragment: onResume
06-14 16:07:26.985 18465 18465 I Contexts: App lifecycle event: onResume
06-14 16:07:26.986 18539 18539 D OpenGLRenderer: JNI_OnLoad success
06-14 16:07:26.986 18539 18539 I MiuiForceDarkConfig: setConfig density:2.750000, mainRule:0, secondaryRule:0, tertiaryRule:0
06-14 16:07:26.988 18539 18539 W MonitorTrack: skip enableAppCoredump, isn't omni test
06-14 16:07:26.989 18539 18539 D NetworkSecurityConfig: No Network Security Config specified, using platform default
06-14 16:07:26.989 18539 18539 D NetworkSecurityConfig: No Network Security Config specified, using platform default
06-14 16:07:26.990 18539 18539 I cr_WebViewApkApp: Launched version=95.0.4638.74 minSdkVersion=29 isBundle=false processName=com.google.android.webview:sandboxed_process0:org.chromium.content.app.SandboxedProcessService0:0
06-14 16:07:26.993 18539 18539 I cr_ChildProcessService: Creating new ChildProcessService pid=18539
06-14 16:07:26.996  2431  3472 I SmartPower: cn.missevan/99015 state=background adj=250 proc size=1 move to inactive adj below visible
06-14 16:07:26.997   680   680 E SELinux : avc:  denied  { find } for pid=18539 uid=99015 name=content_capture scontext=u:r:isolated_app:s0:c512,c768 tcontext=u:object_r:content_capture_service:s0 tclass=service_manager permissive=0
06-14 16:07:26.997 18465 18465 D DecorView[]: getWindowModeFromSystem  windowmode is 1
06-14 16:07:26.997 18465 18465 D DecorView[]: updateDecorCaptionStatus displayWindowDecor is false
06-14 16:07:26.998  2431  5693 W WindowManager: Failed looking up window session=Session{b81a150 18465:u0a10486} callers=com.android.server.wm.WindowManagerService.windowForClientLocked:6127 com.android.server.wm.Session.insetsModified:641 android.view.IWindowSession$Stub.onTransact:1163
06-14 16:07:27.005  4258  4258 D RecentsImpl: mActivityStateObserver cn.missevan.activity.MainActivity
06-14 16:07:27.006  4258  4258 W RecentsImpl: onResumed className=cn.missevan.activity.MainActivity   mIsInAnotherPro=false   isKeyguardLocked=false
06-14 16:07:27.006  4258  4386 W RecentsImpl: disableTouchBySwipeStatusBar    disable=false
06-14 16:07:27.006  4258  4386 D GestureStubView_Touch: disableTouchBySwipeStatusBar    old=false   new=false
06-14 16:07:27.006  4258  4386 D GestureStubView_Touch: disableTouchBySwipeStatusBar    old=false   new=false
06-14 16:07:27.006  4258  4258 D RecentsImpl: showNavStubView
06-14 16:07:27.006  4258  4258 D NavStubView_Touch: setKeepHidden    old=false   new=false
06-14 16:07:27.006 18465 18465 W Looper  : PerfMonitor looperActivity : package=cn.missevan/.activity.MainActivity time=0ms latency=322ms running=0ms  procState=-1  historyMsgCount=5 (msgIndex=2 wall=93ms seq=2 running=72ms runnable=2ms late=4ms h=android.app.ActivityThread$H w=110) (msgIndex=3 wall=224ms seq=3 running=162ms runnable=4ms late=96ms h=android.app.ActivityThread$H w=159)
06-14 16:07:27.007  4258  4386 W RecentsImpl: disableBackStubWindow    disableTouch=false
06-14 16:07:27.007  4258  4386 D GestureStubView_Touch: disableTouch    old=true   new=false
06-14 16:07:27.007  4258  4386 D GestureStubView_Touch: updateTouchable    old=true   new=true
06-14 16:07:27.007  4258  4386 D GestureStubView_Touch: disableTouch    old=true   new=false
06-14 16:07:27.007  4258  4386 D GestureStubView_Touch: updateTouchable    old=true   new=true
06-14 16:07:27.007  4258  4386 D RecentsImpl: showBackStubWindow  hasNavigationBar=true
06-14 16:07:27.008 18465 18465 I MEDirectPlayer.MainActivity.exo.core0: preparePlay, id: null, url: rawresource:///2131886082, position: 0
06-14 16:07:27.008 18465 18465 I MEDirectPlayer.MainActivity.exo.core0: onPrepare, id: 0, isReplay: false
06-14 16:07:27.008 18465 18502 I MEDirectPlayer.MainActivity.exo.core0: Start preprocess.
06-14 16:07:27.008 18465 18502 I MEDirectPlayer.MainActivity.exo.core0: Preprocess, processor: Default, processed: false
06-14 16:07:27.008  4258  4386 D GestureStubView_Touch: setKeepHidden    old=true   new=false
06-14 16:07:27.008  4258  4386 D GestureStubView_Touch: updateTouchable    old=true   new=false
06-14 16:07:27.008  4258  4386 D GestureStubView_Touch:   updateTouchable---requestApplyInsets
06-14 16:07:27.008 18465 18465 D AndroidRuntime: Shutting down VM
06-14 16:07:27.009 18465 18465 E AndroidRuntime: FATAL EXCEPTION: main
06-14 16:07:27.009 18465 18465 E AndroidRuntime: Process: cn.missevan, PID: 18465
06-14 16:07:27.009 18465 18465 E AndroidRuntime: java.lang.ExceptionInInitializerError
06-14 16:07:27.009 18465 18465 E AndroidRuntime: 	at cn.missevan.play.db.CommonLogHelper.getInstance(Unknown Source:0)
06-14 16:07:27.009 18465 18465 E AndroidRuntime: 	at cn.missevan.play.hook.StatisticsCommonImpl.getLogDbHelper(Unknown Source:0)
06-14 16:07:27.009 18465 18465 E AndroidRuntime: 	at cn.missevan.play.hook.AbsStatistics.<init>(SourceFile:4)
06-14 16:07:27.009 18465 18465 E AndroidRuntime: 	at cn.missevan.play.hook.StatisticsCommonImpl.<init>(SourceFile:1)
06-14 16:07:27.009 18465 18465 E AndroidRuntime: 	at cn.missevan.play.hook.StatisticsCommonImpl.<init>(Unknown Source:0)
06-14 16:07:27.009 18465 18465 E AndroidRuntime: 	at cn.missevan.play.hook.StatisticsCommonImpl$Holder.<clinit>(Unknown Source:3)
06-14 16:07:27.009 18465 18465 E AndroidRuntime: 	at cn.missevan.play.hook.StatisticsCommonImpl.getInstance(Unknown Source:0)
06-14 16:07:27.009 18465 18465 E AndroidRuntime: 	at cn.missevan.play.hook.StatisticsUtils.reportCommonStatisticsData(Unknown Source:0)
06-14 16:07:27.009 18465 18465 E AndroidRuntime: 	at cn.missevan.activity.MainActivity$MyRunnable.run(SourceFile:1)
06-14 16:07:27.009 18465 18465 E AndroidRuntime: 	at android.os.Handler.handleCallback(Handler.java:938)
06-14 16:07:27.009 18465 18465 E AndroidRuntime: 	at android.os.Handler.dispatchMessage(Handler.java:99)
06-14 16:07:27.009 18465 18465 E AndroidRuntime: 	at android.os.Looper.loopOnce(Looper.java:211)
06-14 16:07:27.009 18465 18465 E AndroidRuntime: 	at android.os.Looper.loop(Looper.java:300)
06-14 16:07:27.009 18465 18465 E AndroidRuntime: 	at android.app.ActivityThread.main(ActivityThread.java:8258)
06-14 16:07:27.009 18465 18465 E AndroidRuntime: 	at java.lang.reflect.Method.invoke(Native Method)
06-14 16:07:27.009 18465 18465 E AndroidRuntime: 	at com.android.internal.os.RuntimeInit$MethodAndArgsCaller.run(RuntimeInit.java:556)
06-14 16:07:27.009 18465 18465 E AndroidRuntime: 	at com.android.internal.os.ZygoteInit.main(ZygoteInit.java:1049)
06-14 16:07:27.009 18465 18465 E AndroidRuntime: Caused by: java.lang.RuntimeException: YourApplication is not configured as <application>. Please check AndroidManifest.xml <application> section.
06-14 16:07:27.009 18465 18465 E AndroidRuntime: & YourApplication must inherit PlayApplication.
06-14 16:07:27.009 18465 18465 E AndroidRuntime: 	at cn.missevan.play.PlayApplication.getApplication(SourceFile:2)
06-14 16:07:27.009 18465 18465 E AndroidRuntime: 	at cn.missevan.transfer.utils.DepotHelper.getInstance(SourceFile:3)
06-14 16:07:27.009 18465 18465 E AndroidRuntime: 	at cn.missevan.play.db.AbsLogHelper.getSQLiteDatabase(Unknown Source:0)
06-14 16:07:27.009 18465 18465 E AndroidRuntime: 	at cn.missevan.transfer.expose.AbstractTransferDB.<init>(SourceFile:2)
06-14 16:07:27.009 18465 18465 E AndroidRuntime: 	at cn.missevan.play.db.AbsLogHelper.<init>(SourceFile:1)
06-14 16:07:27.009 18465 18465 E AndroidRuntime: 	at cn.missevan.play.db.CommonLogHelper.<init>(SourceFile:1)
06-14 16:07:27.009 18465 18465 E AndroidRuntime: 	at cn.missevan.play.db.CommonLogHelper.<init>(Unknown Source:0)
06-14 16:07:27.009 18465 18465 E AndroidRuntime: 	at cn.missevan.play.db.CommonLogHelper$Holder.<clinit>(Unknown Source:3)
06-14 16:07:27.009 18465 18465 E AndroidRuntime: 	... 17 more
06-14 16:07:27.009  4258  4386 W GestureStubView: adaptRotation   currentRotation=0   mRotation=0
06-14 16:07:27.009  4258  4386 D GestureStubView: resetRenderProperty: showGestureStub   isLayoutParamChanged=false
06-14 16:07:27.009  4258  4386 D GestureStubView_Touch: disableTouch    old=false   new=false
06-14 16:07:27.009  4258  4386 D GestureStubView: showGestureStub
06-14 16:07:27.009 18465 18465 W OOMEventManagerFK: Failed to mkdir /data/mqsas/hprof/
06-14 16:07:27.010  4258  4386 D GestureStubView_Touch: setKeepHidden    old=true   new=false
06-14 16:07:27.010  4258  4386 D GestureStubView_Touch: updateTouchable    old=true   new=false
06-14 16:07:27.010  4258  4386 D GestureStubView_Touch:   updateTouchable---requestApplyInsets
06-14 16:07:27.010  4258  4386 W GestureStubView: adaptRotation   currentRotation=0   mRotation=0
06-14 16:07:27.010  4258  4386 D GestureStubView: resetRenderProperty: showGestureStub   isLayoutParamChanged=false
06-14 16:07:27.010  4258  4386 D GestureStubView_Touch: disableTouch    old=false   new=false
06-14 16:07:27.010  4258  4386 D GestureStubView: showGestureStub
06-14 16:07:27.008 18465 18465 W cn.missevan: type=1400 audit(0.0:5564): avc: denied { search } for name="mqsas" dev="dm-17" ino=394 scontext=u:r:untrusted_app_27:s0:c230,c257,c512,c768 tcontext=u:object_r:mqsas_data_file:s0 tclass=dir permissive=0 app=cn.missevan
06-14 16:07:27.008 18465 18465 W cn.missevan: type=1400 audit(0.0:5565): avc: denied { search } for name="mqsas" dev="dm-17" ino=394 scontext=u:r:untrusted_app_27:s0:c230,c257,c512,c768 tcontext=u:object_r:mqsas_data_file:s0 tclass=dir permissive=0 app=cn.missevan
06-14 16:07:27.008 18465 18465 W cn.missevan: type=1400 audit(0.0:5566): avc: denied { search } for name="mqsas" dev="dm-17" ino=394 scontext=u:r:untrusted_app_27:s0:c230,c257,c512,c768 tcontext=u:object_r:mqsas_data_file:s0 tclass=dir permissive=0 app=cn.missevan
06-14 16:07:27.008 18465 18465 W cn.missevan: type=1400 audit(0.0:5567): avc: denied { search } for name="mqsas" dev="dm-17" ino=394 scontext=u:r:untrusted_app_27:s0:c230,c257,c512,c768 tcontext=u:object_r:mqsas_data_file:s0 tclass=dir permissive=0 app=cn.missevan
06-14 16:07:27.008 18465 18465 W cn.missevan: type=1400 audit(0.0:5568): avc: denied { getattr } for path="/data/mqsas" dev="dm-17" ino=394 scontext=u:r:untrusted_app_27:s0:c230,c257,c512,c768 tcontext=u:object_r:mqsas_data_file:s0 tclass=dir permissive=0 app=cn.missevan
06-14 16:07:27.011  5294  5333 W MQSEventManager: jeoccur
06-14 16:07:27.014  4258  4386 D GestureStubView: gatherTransparentRegion: need render w:54  h:1440
06-14 16:07:27.014  4258  4386 D GestureStubView: gatherTransparentRegion: need render w:54  h:1440
06-14 16:07:27.016  5294  5492 D DigestGenerator: digest=============cn.missevanjava.lang.ExceptionInInitializerError
06-14 16:07:27.016  5294  5492 D DigestGenerator: at cn.missevan.play.XX.CommonLogHelper.getInstance(Unknown Source:)
06-14 16:07:27.016  5294  5492 D DigestGenerator: at cn.missevan.play.hook.StatisticsCommonImpl.getLogDbHelper(Unknown Source:)
06-14 16:07:27.016  5294  5492 D DigestGenerator: at cn.missevan.play.hook.AbsStatistics.<init>(SourceFile:)
06-14 16:07:27.016  5294  5492 D DigestGenerator: at cn.missevan.play.hook.StatisticsCommonImpl.<init>(SourceFile:)
06-14 16:07:27.016  5294  5492 D DigestGenerator: at cn.missevan.play.hook.StatisticsCommonImpl.<init>(Unknown Source:)
06-14 16:07:27.016  5294  5492 D DigestGenerator: at cn.missevan.play.hook.StatisticsCommonImpl$Holder.<clinit>(Unknown Source:)
06-14 16:07:27.016  5294  5492 D DigestGenerator: at cn.missevan.play.hook.StatisticsCommonImpl.getInstance(Unknown Source:)
06-14 16:07:27.016  5294  5492 D DigestGenerator: at cn.missevan.play.hook.StatisticsUtils.reportCommonStatisticsData(Unknown Source:)
06-14 16:07:27.016  5294  5492 D DigestGenerator: at cn.missevan.activity.MainActivity$MyRunnable.run(SourceFile:)
06-14 16:07:27.016  5294  5492 D DigestGenerator: at android.os.Handler.handleCallback(Handler.java:XX)
06-14 16:07:27.016  5294  5492 D DigestGenerator: at android.os.Handler.dispatchMessage(Handler.java:XX)
06-14 16:07:27.016  5294  5492 D DigestGenerator: at android.os.Looper.loopOnce(Looper.java:XX)
06-14 16:07:27.016  5294  5492 D DigestGenerator: at android.os.Looper.loop(Looper.java:XX)
06-14 16:07:27.016  5294  5492 D DigestGenerator: at android.app.ActivityThread.main(ActivityThread.java:XX)
06-14 16:07:27.016  5294  5492 D DigestGenerator: at java.lang.reflect.Method.invoke(Native Method)
06-14 16:07:27.016  5294  5492 D DigestGenerator: at com.android.internal.os.RuntimeInit$MethodAndArgsCaller.run(RuntimeInit.java:XX)
06-14 16:07:27.016  5294  5492 D DigestGenerator: at com.android.internal.os.ZygoteInit.main(ZygoteInit.java:XX)
06-14 16:07:27.016  5294  5492 D DigestGenerator: Caused by: java.lang.RuntimeException: YourApplication is not configured as <application>. Please check AndroidManifest.xml <application> section.
06-14 16:07:27.016  5294  5492 D DigestGenerator: & YourApplication must inherit PlayApplication.
06-14 16:07:27.016  5294  5492 D DigestGenerator: at cn.missevan.play.PlayApplication.getApplication(SourceFile:)
06-14 16:07:27.016  5294  5492 D DigestGenerator: at cn.missevan.transfer.utils.DepotHelper.getInstance(SourceFile:)
06-14 16:07:27.016  5294  5492 D DigestGenerator: at cn.missevan.play.XX.AbsLogHelper.getSQLiteDatabase(Unknown Source:)
06-14 16:07:27.016  5294  5492 D DigestGenerator: at cn.missevan.transfer.expose.AbstractTransferDB.<init>(SourceFile:)
06-14 16:07:27.016  5294  5492 D DigestGenerator: at cn.missevan.play.XX.AbsLogHelper.<init>(SourceFile:)
06-14 16:07:27.016  5294  5492 D DigestGenerator: at cn.missevan.play.XX.CommonLogHelper.<init>(SourceFile:)
06-14 16:07:27.016  5294  5492 D DigestGenerator: at cn.missevan.play.XX.CommonLogHelper.<init>(Unknown Source:)
06-14 16:07:27.016  5294  5492 D DigestGenerator: at cn.missevan.play.XX.CommonLogHelper$Holder.<clinit>(Unknown Source:)
06-14 16:07:27.023  5294  5492 W MQSEventManager: begin to storeEvent
06-14 16:07:27.023 18465 18465 W SQLiteLog: (28) double-quoted string literal: "CoRiVtHO8PPeJXI+AJ2NqXlBJIOCfeilE85n8Iy3e9G/IrPkmRL4oct2RHTt5IyYZXG+RZZa6SV2
06-14 16:07:27.023 18465 18465 W SQLiteLog: mRw3oisPbzELpqoW9cSp2YKvvg/zZnLa0YJ9ihUM0jJn5L/k5v0+CVL2vQKULMAI5Ftl8LwWhg==
06-14 16:07:27.023 18465 18465 W SQLiteLog: "
06-14 16:07:27.023 18465 18465 W SQLiteLog: (28) double-quoted string literal: "null"
06-14 16:07:27.023 18465 18465 E Tinker.UncaughtHandler: TinkerUncaughtHandler catch exception:java.lang.ExceptionInInitializerError
06-14 16:07:27.023 18465 18465 E Tinker.UncaughtHandler: 	at cn.missevan.play.db.CommonLogHelper.getInstance(Unknown Source:0)
06-14 16:07:27.023 18465 18465 E Tinker.UncaughtHandler: 	at cn.missevan.play.hook.StatisticsCommonImpl.getLogDbHelper(Unknown Source:0)
06-14 16:07:27.023 18465 18465 E Tinker.UncaughtHandler: 	at cn.missevan.play.hook.AbsStatistics.<init>(SourceFile:4)
06-14 16:07:27.023 18465 18465 E Tinker.UncaughtHandler: 	at cn.missevan.play.hook.StatisticsCommonImpl.<init>(SourceFile:1)
06-14 16:07:27.023 18465 18465 E Tinker.UncaughtHandler: 	at cn.missevan.play.hook.StatisticsCommonImpl.<init>(Unknown Source:0)
06-14 16:07:27.023 18465 18465 E Tinker.UncaughtHandler: 	at cn.missevan.play.hook.StatisticsCommonImpl$Holder.<clinit>(Unknown Source:3)
06-14 16:07:27.023 18465 18465 E Tinker.UncaughtHandler: 	at cn.missevan.play.hook.StatisticsCommonImpl.getInstance(Unknown Source:0)
06-14 16:07:27.023 18465 18465 E Tinker.UncaughtHandler: 	at cn.missevan.play.hook.StatisticsUtils.reportCommonStatisticsData(Unknown Source:0)
06-14 16:07:27.023 18465 18465 E Tinker.UncaughtHandler: 	at cn.missevan.activity.MainActivity$MyRunnable.run(SourceFile:1)
06-14 16:07:27.023 18465 18465 E Tinker.UncaughtHandler: 	at android.os.Handler.handleCallback(Handler.java:938)
06-14 16:07:27.023 18465 18465 E Tinker.UncaughtHandler: 	at android.os.Handler.dispatchMessage(Handler.java:99)
06-14 16:07:27.023 18465 18465 E Tinker.UncaughtHandler: 	at android.os.Looper.loopOnce(Looper.java:211)
06-14 16:07:27.023 18465 18465 E Tinker.UncaughtHandler: 	at android.os.Looper.loop(Looper.java:300)
06-14 16:07:27.023 18465 18465 E Tinker.UncaughtHandler: 	at android.app.ActivityThread.main(ActivityThread.java:8258)
06-14 16:07:27.023 18465 18465 E Tinker.UncaughtHandler: 	at java.lang.reflect.Method.invoke(Native Method)
06-14 16:07:27.023 18465 18465 E Tinker.UncaughtHandler: 	at com.android.internal.os.RuntimeInit$MethodAndArgsCaller.run(RuntimeInit.java:556)
06-14 16:07:27.023 18465 18465 E Tinker.UncaughtHandler: 	at com.android.internal.os.ZygoteInit.main(ZygoteInit.java:1049)
06-14 16:07:27.023 18465 18465 E Tinker.UncaughtHandler: Caused by: java.lang.RuntimeException: YourApplication is not configured as <application>. Please check AndroidManifest.xml <application> section.
06-14 16:07:27.023 18465 18465 E Tinker.UncaughtHandler: & YourApplication must inherit PlayApplication.
06-14 16:07:27.023 18465 18465 E Tinker.UncaughtHandler: 	at cn.missevan.play.PlayApplication.getApplication(SourceFile:2)
06-14 16:07:27.023 18465 18465 E Tinker.UncaughtHandler: 	at cn.missevan.transfer.utils.DepotHelper.getInstance(SourceFile:3)
06-14 16:07:27.023 18465 18465 E Tinker.UncaughtHandler: 	at cn.missevan.play.db.AbsLogHelper.getSQLiteDatabase(Unknown Source:0)
06-14 16:07:27.023 18465 18465 E Tinker.UncaughtHandler: 	at cn.missevan.transfer.expose.AbstractTransferDB.<init>(SourceFile:2)
06-14 16:07:27.023 18465 18465 E Tinker.UncaughtHandler: 	at cn.missevan.play.db.AbsLogHelper.<init>(SourceFile:1)
06-14 16:07:27.023 18465 18465 E Tinker.UncaughtHandler: 	at cn.missevan.play.db.CommonLogHelper.<init>(SourceFile:1)
06-14 16:07:27.023 18465 18465 E Tinker.UncaughtHandler: 	at cn.missevan.play.db.CommonLogHelper.<init>(Unknown Source:0)
06-14 16:07:27.023 18465 18465 E Tinker.UncaughtHandler: 	at cn.missevan.play.db.CommonLogHelper$Holder.<clinit>(Unknown Source:3)
06-14 16:07:27.023 18465 18465 E Tinker.UncaughtHandler: 	... 17 more
06-14 16:07:27.026  5294  5492 W JavaExceptionHandler: Too noisy! skip duplicate java exception report:cn.missevan now=1686730047026 mLastReportTime=1686730030331 interval=60000
06-14 16:07:27.026  5294  5492 W MQSEventManager: Too noisy! Bail the event:cn.missevan type:1
06-14 16:07:27.026  2431  3388 W ActivityTaskManager:   Force finishing activity cn.missevan/.activity.MainActivity
06-14 16:07:27.027  2431 18572 I DropBoxManagerService: add tag=data_app_crash isTagEnabled=true flags=0x2
06-14 16:07:27.036  2431  2650 W BroadcastQueue: Background execution not allowed: receiving Intent { act=android.intent.action.DROPBOX_ENTRY_ADDED flg=0x10 (has extras) } to com.google.android.gms/.stats.service.DropBoxEntryAddedReceiver
06-14 16:07:27.037  2431  2650 W BroadcastQueue: Background execution not allowed: receiving Intent { act=android.intent.action.DROPBOX_ENTRY_ADDED flg=0x10 (has extras) } to com.google.android.gms/.chimera.GmsIntentOperationService$PersistentTrustedReceiver
06-14 16:07:27.037 18465 18465 I Process : Sending signal. PID: 18465 SIG: 9
06-14 16:07:27.040  4233  4233 I OneHandedController: stopOneHanded mState=STATE_NONE, uiEvent=ONE_HANDED_TRIGGER_APP_TAPS_OUT
06-14 16:07:27.040  4258  4258 D EventBus: No subscribers registered for event class com.miui.home.recents.messages.TaskSnapshotChangedEvent
06-14 16:07:27.040  4258  4258 D EventBus: No subscribers registered for event class org.greenrobot.eventbus.NoSubscriberEvent
06-14 16:07:27.041 18452 18452 W BpBinder: PerfMonitor binderTransact :  time=730ms interface=android.app.IActivityManager code=1598246212
06-14 16:07:27.058   679   679 W lowmemorykiller: Failed to open /proc/18465/oom_score_adj; errno=2: process 18465 might have been killed
06-14 16:07:27.058  1113  1113 I Zygote  : Process 18465 exited due to signal 9 (Killed)
06-14 16:07:27.058  2431  4793 D ConnectivityService: ConnectivityService NetworkRequestInfo binderDied(uid/pid:10486/18465, android.os.BinderProxy@d27fe80)
06-14 16:07:27.060  2431  5724 D ConnectivityService: ConnectivityService NetworkRequestInfo binderDied(uid/pid:10486/18465, android.os.BinderProxy@55c78fe)
06-14 16:07:27.060  2431  3921 I WindowManager: WIN DEATH: Window{43c8705 u0 cn.missevan/cn.missevan.activity.MainActivity}
06-14 16:07:27.060  2431  3921 W InputManager-JNI: Input channel object '43c8705 cn.missevan/cn.missevan.activity.MainActivity (client)' was disposed without first being removed with the input manager!
06-14 16:07:27.061  2431  3373 D ConnectivityService: releasing NetworkRequest [ REQUEST id=492, [ Capabilities: INTERNET&NOT_RESTRICTED&TRUSTED&NOT_VCN_MANAGED Uid: 10486 RequestorUid: 10486 RequestorPkg: cn.missevan] ] (release request)
06-14 16:07:27.066  2431  2652 I libprocessgroup: Successfully killed process cgroup uid 10486 pid 18465 in 0ms
06-14 16:07:27.066  2431  2893 I SmartPower.cn.missevan/10486(18465): visible->died(393ms) R(process died ) adj=200.
06-14 16:07:27.066  2431  2893 I ActivityManager: Process cn.missevan (pid 18465) has died: prcp TOP
06-14 16:07:27.066  2431  3472 I SmartPower: cn.missevan/10486 state=foreground adj=200 proc size=4 move to died process died
06-14 16:07:27.070 18539 18539 I cr_ChildProcessService: Destroying ChildProcessService pid=18539
06-14 16:07:27.071  2431  2893 I ActivityManager: Killing 18539:com.google.android.webview:sandboxed_process0:org.chromium.content.app.SandboxedProcessService0:0/u0a486i15 (adj 0): isolated not needed
06-14 16:07:27.072  2431  2893 I SmartPower.com.google.android.webview:sandboxed_process0:org.chromium.content.app.SandboxedProbackground->died(152ms) R(process died ) adj=0.
06-14 16:07:27.072  2431  3472 I SmartPower: cn.missevan/99015 state=inactive adj=0 proc size=0 move to -1 process died
06-14 16:07:27.072  2431  2893 D PerfImpl: perfProcessKillBoost: com.google.android.webview:sandboxed_process0:org.chromium.content.app.SandboxedProcessService0:0, 18539, 0
06-14 16:07:27.073  1280  5192 E ANDR-PERF-LM: ThreadHelper: thread_callback() 145: More than one pending updates!!! This should not happen. MeterMgr should avoid this case.
06-14 16:07:27.075  1112  5383 E traffic : traffic monitor has been disabled or argment error.
06-14 16:07:27.076  2431  2893 D PerfImpl: perfWarmLaunchBoost: com.miui.home, -1, 1
06-14 16:07:27.076  5858  9068 D UidObserver: onUidGone entry uid = 10486
06-14 16:07:27.076  6318  6352 I com.xiaomi.xms: oneway function results for code 3 on binder at 0xb4000071a0ce98a0 will be dropped but finished with status UNKNOWN_TRANSACTION
06-14 16:07:27.076  1280  1420 E ANDR-PERF-OPTSHANDLER: Perflock resource /sys/class/devfreq/soc:qcom,cpubw/max_freq not supported
06-14 16:07:27.077  1280  1420 E ANDR-PERF-RESOURCEQS: Failed to apply optimization [6, 6]
06-14 16:07:27.077  1280  1420 E ANDR-PERF-OPTSHANDLER: Perflock resource /sys/class/devfreq/soc:qcom,cpubw/min_freq not supported
06-14 16:07:27.077  1280  1420 E ANDR-PERF-RESOURCEQS: Failed to apply optimization [6, 0]
06-14 16:07:27.077 11272  9752 I i.xmsf:service: oneway function results for code 3 on binder at 0xb4000071a1148920 will be dropped but finished with status UNKNOWN_TRANSACTION
06-14 16:07:27.077  1280  1420 E ANDR-PERF-OPTSHANDLER: Perflock resource /sys/class/devfreq/soc:qcom,cpu0-llcc-ddr-lat/min_freq not supported
06-14 16:07:27.077  1280  1420 E ANDR-PERF-RESOURCEQS: Failed to apply optimization [13, 12]
06-14 16:07:27.081  2431  3286 I MiuiNetworkPolicyTrafficLimit: updateWhiteListUidForMobileTraffic uid=10486,add=false
06-14 16:07:27.082  2431  3286 D MiuiNetworkPolicyTrafficLimit: updateWhiteListUidForMobileTraffic rst=true
06-14 16:07:27.084  2431  2652 I libprocessgroup: Successfully killed process cgroup uid 99015 pid 18539 in 12ms
06-14 16:07:27.084  4258  4258 D Launcher.Lifecycle: onResume:UserHandle{0},7fa0569,false
06-14 16:07:27.084  4258  4258 W Settings: Setting device_provisioned has moved from android.provider.Settings.Secure to android.provider.Settings.Global.
06-14 16:07:27.084  4258  4495 D MiBridge: requestCpuHighFreq---- uid: 10079 level: 1 timeoutms:500
06-14 16:07:27.085  1893  1925 W MiuiBooster: "MiuiBoosterService requestCpuHighFreq: 10079, 1, 500"
06-14 16:07:27.085  1893  1925 W MiuiBooster: "requestCpuHighFreq,final level:1,final timeoutms:500"
06-14 16:07:27.085  1893  1925 W MiuiBooster: "perf_hint_hc start"
06-14 16:07:27.085  1893  1925 W MiuiBooster: "big_core_value[level-1]:4095"
06-14 16:07:27.085  1893  1925 W MiuiBooster: "little_core_value[level-1]:4095"
06-14 16:07:27.085  1893  1925 W MiuiBooster: "prime_core_value[level - 1]:4095"
06-14 16:07:27.086  1893  1925 W MiuiBooster: "perf_handle:9430"
06-14 16:07:27.086  4258  4495 D MiBridge: requestCpuHighFreq handle: 1
06-14 16:07:27.086  4258  4258 D Launcher.FullbackHome: FallbackHomeCompat::needKillSelf::needKillSelf = false
06-14 16:07:27.086  4258  4495 D Launcher_CPUBooster: boostCpuToMax:0
06-14 16:07:27.087  5647 12080 D LauncherOverlay: setActivityState:3
06-14 16:07:27.088  5647  5647 D LauncherOverlay.Window: onResume
06-14 16:07:27.091  5961  5961 D BoundBrokerSvc: onUnbind: Intent { act=com.google.android.gms.safetynet.service.START pkg=com.google.android.gms }
06-14 16:07:27.095  2431  2637 W ActivityManager: setHasOverlayUi called on unknown pid: 18465
06-14 16:07:27.096  2431  2638 W InputManager-JNI: Input channel object 'ea9b93a Splash Screen cn.missevan (client)' was disposed without first being removed with the input manager!
06-14 16:07:27.098  4040  4040 I Zygote  : Process 18539 exited due to signal 9 (Killed)
06-14 16:07:27.099 18416 18446 I appium  : channel read: GET /wd/hub/session/f6406227-0c55-4967-8b92-51e48784af96/appium/device/pixel_ratio
06-14 16:07:27.103  4233 10277 D BLASTBufferQueue: releaseBufferCallback ReleaseCallbackId: bufferId:18180596564557 framenumber:4
06-14 16:07:27.104  2431  2638 W ActivityTaskManager: Can't find TaskDisplayArea to determine support for multi window. Task id=33 attached=false
06-14 16:07:27.104  2431  2638 W ActivityTaskManager: Can't find TaskDisplayArea to determine support for multi window. Task id=33 attached=false
06-14 16:07:27.105 18416 18446 I appium  : GetDevicePixelRatio command
06-14 16:07:27.106 18416 18446 I appium  : AppiumResponse: {"sessionId":"f6406227-0c55-4967-8b92-51e48784af96","value":2.75}
06-14 16:07:27.115  5735  9201 I ProcessMonitor: onForegroundInfoChanged: ForegroundInfo{mForegroundPackageName='com.miui.home', mForegroundUid=10079, mForegroundPid=4258, mLastForegroundPackageName='cn.missevan', mLastForegroundUid=10486, mLastForegroundPid=18465, mMultiWindowForegroundPackageName='com.miui.home', mMultiWindowForegroundUid=10079, mFlags=0}
06-14 16:07:27.116 12904 12931 I ^_^MemoryTrim: onAppBackground()
06-14 16:07:27.117  5858  8557 D PerfEngineController: ForegroundInfo{mForegroundPackageName='com.miui.home', mForegroundUid=10079, mForegroundPid=4258, mLastForegroundPackageName='cn.missevan', mLastForegroundUid=10486, mLastForegroundPid=18465, mMultiWindowForegroundPackageName='com.miui.home', mMultiWindowForegroundUid=10079, mFlags=0}
06-14 16:07:27.117  9252  9272 D AutoInstallService: onForegroundInfoChanged: com.miui.home
06-14 16:07:27.117  5858  7249 D LS-ForegroundStatusManager: handleMessage ForegroundInfoChanged. pkg = com.miui.home, uid = 10079, mCurrentForegroundUid = 10486
06-14 16:07:27.117  5858  7249 D LS-ForegroundStatusManager: onForegroundChanged mCurrentForegroundUid = 10486, new uid = 10079
06-14 16:07:27.117  4258  5886 D AppObserver: ForegroundInfo{mForegroundPackageName='com.miui.home', mForegroundUid=10079, mForegroundPid=4258, mLastForegroundPackageName='cn.missevan', mLastForegroundUid=10486, mLastForegroundPid=18465, mMultiWindowForegroundPackageName='com.miui.home', mMultiWindowForegroundUid=10079, mFlags=0}
06-14 16:07:27.118  5858  7669 I ThermalInfoCollector: collectForgroundAppsInfo: cn.missevan
06-14 16:07:27.117  8276 10866 I GST     : forePkg: com.miui.home, preForePkg: cn.missevan
06-14 16:07:27.119  5858  7526 D ThermalIECHandler: IECAll48Allowed: false; IECMonitorAllowed: false; IECTestState: false
06-14 16:07:27.120  5858  7243 D BL-BatteryLifeChecker:  onMessage. what = -10
06-14 16:07:27.120  5858  7243 D BL-BatteryLifeChecker:  onMessage. Foreground uid = 10079, isForeground = true
06-14 16:07:27.120  5858  7243 D BL-BatteryLifeChecker:  onMessage. what = -10
06-14 16:07:27.120  5858  7243 D BL-BatteryLifeChecker:  onMessage. Foreground uid = 10486, isForeground = false
06-14 16:07:27.121  4233  4653 D BLASTBufferQueue: releaseBufferCallback ReleaseCallbackId: bufferId:18180596564558 framenumber:5
06-14 16:07:27.124 18416 18446 I appium  : channel read: GET /wd/hub/session/f6406227-0c55-4967-8b92-51e48784af96/appium/device/system_bars
06-14 16:07:27.124  5405  5419 I SLM-SRV-SLAToast: foreground uid:10079, isColdStart:false, isLinkTurboEnable:false
06-14 16:07:27.125 18416 18446 I appium  : GetSystemBars command
06-14 16:07:27.126  4233 10277 D BLASTBufferQueue: releaseBufferCallback ReleaseCallbackId: bufferId:18180596564560 framenumber:6
06-14 16:07:27.127  2431  2921 I WindowManagerService: Physical orientation applied, rotation=0 sfOrientation=ORIENTATION_0
06-14 16:07:27.127  5735  9201 I GameBoosterService: onForegroundInfoChanged: Cur=com.miui.home	 last=cn.missevan
06-14 16:07:27.130 18416 18446 I appium  : AppiumResponse: {"sessionId":"f6406227-0c55-4967-8b92-51e48784af96","value":{"statusBar":104}}
06-14 16:07:27.131  5735  9201 D GameBoosterService: onGameStatusChange foreground:ForegroundInfo{mForegroundPackageName='com.miui.home', mForegroundUid=10079, mForegroundPid=4258, mLastForegroundPackageName='cn.missevan', mLastForegroundUid=10486, mLastForegroundPid=18465, mMultiWindowForegroundPackageName='com.miui.home', mMultiWindowForegroundUid=10079, mFlags=0}
06-14 16:07:27.131  5735  9201 I VideoBoxUtils: isSupportVideoBox: true
06-14 16:07:27.133  5735  9201 I VideoToolBoxService: splitMode: onfalse
06-14 16:07:27.133  5735  9201 I VideoToolBoxService: onForegroundInfoChanged: Exit Vtb
06-14 16:07:27.133  4258  4258 E RotationHelper: setCurrentTransitionRequest: request=0
06-14 16:07:27.133  4258  4258 D RecentsImpl: mActivityStateObserver com.miui.home.launcher.Launcher
06-14 16:07:27.134  4258  4258 W RecentsImpl: onResumed className=com.miui.home.launcher.Launcher   mIsInAnotherPro=false   isKeyguardLocked=false
06-14 16:07:27.134  4258  4258 D Launcher: notifyBackGestureStatus
06-14 16:07:27.134  4258  4258 D Launcher.Lifecycle: onWindowFocusChanged:true,UserHandle{0},7fa0569,false
06-14 16:07:27.134  4258  4258 D Launcher_UnlockAnimationStateMachine: onWindowFocus:IDLE
06-14 16:07:27.134  4258  4258 D DecorView[]: onWindowFocusChanged hasWindowFocus true
06-14 16:07:27.134  4258  4327 E Launcher: notifyBackGestureStatus:run usingFsGesture=true   show=true   focus=true   pause=false
06-14 16:07:27.134  4258  4327 D Launcher: notifyFsGestureHomeStatus    enableBackGesture=false   isSupportRecentsAndFsGesture=true
06-14 16:07:27.135  4258  4258 I HandWritingStubImpl: isKeyboardTypeChanged: false
06-14 16:07:27.135  4258  4258 I HandWritingStubImpl: refreshLastKeyboardType: 1
06-14 16:07:27.135  4258  4258 I HandWritingStubImpl: getCurrentKeyboardType: 1
06-14 16:07:27.136 11272  9752 I i.xmsf:service: oneway function results for code 3 on binder at 0xb4000071a1148920 will be dropped but finished with status UNKNOWN_TRANSACTION
06-14 16:07:27.137  6318  6352 I com.xiaomi.xms: oneway function results for code 3 on binder at 0xb4000071a0ce98a0 will be dropped but finished with status UNKNOWN_TRANSACTION
06-14 16:07:27.138  4233  4387 D BLASTBufferQueue: releaseBufferCallback ReleaseCallbackId: bufferId:18180596564559 framenumber:7
06-14 16:07:27.138  5858  8056 D UidObserver: onUidGone entry uid = 99015
06-14 16:07:27.139 13581 13581 E BaseInputMethodService: onFinishInput
06-14 16:07:27.140 13581 13581 E BaseInputMethodService: onStartInput
06-14 16:07:27.140  4258  4327 W RecentsImpl: updateFsgWindowVisibilityState   isEnter=false   typeFrom=typefrom_home   isOpen=true   mIsInAnotherPro=false   mIsStatusBarExpansion=false
06-14 16:07:27.140  4258  4327 W RecentsImpl: getTopActivity from observer.   cn=ComponentInfo{com.miui.home/com.miui.home.launcher.Launcher}
06-14 16:07:27.141  4258  4386 D RecentsImpl: hideBackStubWindow
06-14 16:07:27.142  4258  4258 I HandWritingStubImpl: isKeyboardTypeChanged: false
06-14 16:07:27.144  4233 10277 D BLASTBufferQueue: releaseBufferCallback ReleaseCallbackId: bufferId:18180596564557 framenumber:8
06-14 16:07:27.147 18416 18446 I appium  : channel read: GET /wd/hub/session/f6406227-0c55-4967-8b92-51e48784af96/window/current/size
06-14 16:07:27.149 18416 18446 I appium  : GetDeviceSize command
06-14 16:07:27.149 18416 18446 I appium  : Get window size of the device
06-14 16:07:27.151  4258  4258 D RecentsImpl: showNavStubView
06-14 16:07:27.151  4258  4258 D NavStubView_Touch: setKeepHidden    old=false   new=false
06-14 16:07:27.153  4233  4233 D NotifBadge: recevie broadbcast ACTION_APPLICATION_MESSAGE_QUERY, requestFirstTime=false
06-14 16:07:27.154  4233  4387 D BLASTBufferQueue: releaseBufferCallback ReleaseCallbackId: bufferId:18180596564558 framenumber:9
06-14 16:07:27.160 18416 18446 I appium  : AppiumResponse: {"sessionId":"f6406227-0c55-4967-8b92-51e48784af96","value":{"height":2256,"width":1080}}
06-14 16:07:27.162  4233  9361 D BLASTBufferQueue: releaseBufferCallback ReleaseCallbackId: bufferId:18180596564560 framenumber:10
06-14 16:07:27.169  4233  4387 D BLASTBufferQueue: releaseBufferCallback ReleaseCallbackId: bufferId:18180596564559 framenumber:11
06-14 16:07:27.176  5858  7526 D ThermalIECHandler: storeDataStyle: thermal_iec_monitor_persistence_data_style_iec_state; startIECTime: -1; IECScreenOffOverPeriodTime: 15568078
06-14 16:07:27.176  5858  7526 D ThermalIECHandler: storeDataStyle: thermal_iec_monitor_persistence_data_style_iec_state; startIECTime: -1; IECScreenOffOverPeriodTime: 15568078
06-14 16:07:27.177  4233  4387 D BLASTBufferQueue: releaseBufferCallback ReleaseCallbackId: bufferId:18180596564557 framenumber:12
06-14 16:07:27.185  4233  4387 D BLASTBufferQueue: releaseBufferCallback ReleaseCallbackId: bufferId:18180596564558 framenumber:13
06-14 16:07:27.187  4258  4327 D StatusBarController: handleMessage: flag 800000  disable false
06-14 16:07:27.187  4258  4258 D Launcher_WallpaperUtils: changeStatusBarMode:false
06-14 16:07:27.193  4233  4387 D BLASTBufferQueue: releaseBufferCallback ReleaseCallbackId: bufferId:18180596564560 framenumber:14
06-14 16:07:27.196  2018  3127 D libsensor-displayalgo: the value of  brightness:438.000000,R:77029758.916591,G:77074316.140183,B:77138017.713673,EVENT_C:6042.500000,EVENT_R:2265.500000,EVENT_G:3115.500000,EVENT_B:1232.000000
06-14 16:07:27.196  2018  3127 I libsensor-displayalgo: the value of  Coef1:1107.681000,Coef4:2.383000, scale1:0.935522, scale4:0.923264
06-14 16:07:27.196  2018  3127 E libsensor-displayalgo: RGB_test_0407_400_oldzy!
06-14 16:07:27.196  2018  3127 I libsensor-displayalgo: the value of  RESULT3110.346329,1228.529805,1507.498098,564.107927
06-14 16:07:27.196  2018  3127 I libsensor-displayalgo: the value of  getChannelDataCalibrated3261.028327,1137.855396,1752.171339,615.685842
06-14 16:07:27.196  2018  3127 I libsensor-displayalgo: the value of  REAL LUX165.752213
06-14 16:07:27.196  2018  3127 I libsensor-displayalgo: the value of  CAL REAL LUX165.752213
06-14 16:07:27.201  4233  4387 D BLASTBufferQueue: releaseBufferCallback ReleaseCallbackId: bufferId:18180596564559 framenumber:15
06-14 16:07:27.210  4233  4387 D BLASTBufferQueue: releaseBufferCallback ReleaseCallbackId: bufferId:18180596564557 framenumber:16
06-14 16:07:27.217  1265  2358 I vendor.qti.hardware.display.composer-service: FrameNotifyProcess Sensor: notify citsensorservice to trigger cwb
06-14 16:07:27.218  2018  2108 I libcitsensorservice@2.0-impl: msg_transfer
06-14 16:07:27.218  2018  3098 D vendor.xiaomi.sensor.citsensorservice@2.0-service: handle id:9 wxh:1280x2400 uwxuh:1080x2400 size: 9216000 fd:15 fd_meta:16 flags:0x4000228 usage:0x33  format:0x3 layer_count: 1
06-14 16:07:27.218  4233  4387 D BLASTBufferQueue: releaseBufferCallback ReleaseCallbackId: bufferId:18180596564558 framenumber:17
06-14 16:07:27.218  1265  1890 I SDM     : HWCSession::SetCWBOutputBuffer: CWB config passed by cwb_client : tappoint 1  CWB_ROI : (829.000000 4.000000 915.000000 90.000000)
06-14 16:07:27.219  1265 18586 I SDM     : HWCSession::ProcessRequests: Successfully configured CWB buffer.
06-14 16:07:27.227  4233  4387 D BLASTBufferQueue: releaseBufferCallback ReleaseCallbackId: bufferId:18180596564560 framenumber:18
06-14 16:07:27.227  1265 18586 I SDM     : HWCSession::ProcessRequests: Pushing release fence in fenece wait queue.
06-14 16:07:27.227  1265 18586 I SDM     : HWCSession::ProcessRequests: Creating AsyncFenceWaits async thread.
06-14 16:07:27.228  1265 18586 I SDM     : HWCSession::ProcessRequests: Remove current CWB request from the pending request queue.
06-14 16:07:27.228  1265 18586 I SDM     : HWCSession::ProcessRequests: No pending cwb requests found in the queue.
06-14 16:07:27.235  1265  1584 I SDM     : HWDeviceDRM::SetupConcurrentWriteback: Tear down the Concurrent Writeback topology
06-14 16:07:27.235  4233  4387 D BLASTBufferQueue: releaseBufferCallback ReleaseCallbackId: bufferId:18180596564559 framenumber:19
06-14 16:07:27.242  1265 18587 I SDM     : HWCSession::NotifyCWBStatus: Notify the client about buffer status 0.
06-14 16:07:27.242  1265 18587 I SDM     : HWCSession::PerformFenceWaits: Remove current release fence from the pending fence wait queue.
06-14 16:07:27.242  1265 18587 I SDM     : HWCSession::PerformFenceWaits: CWB fence queue is empty. No pending release fence to wait on.
06-14 16:07:27.243  4233  4387 D BLASTBufferQueue: releaseBufferCallback ReleaseCallbackId: bufferId:18180596564557 framenumber:20
06-14 16:07:27.251  4233  4387 D BLASTBufferQueue: releaseBufferCallback ReleaseCallbackId: bufferId:18180596564558 framenumber:21
06-14 16:07:27.259  4233  4387 D BLASTBufferQueue: releaseBufferCallback ReleaseCallbackId: bufferId:18180596564560 framenumber:22
06-14 16:07:27.259 18416 18446 I appium  : channel read: GET /wd/hub/session/f6406227-0c55-4967-8b92-51e48784af96/window/current/size
06-14 16:07:27.260 18416 18446 I appium  : GetDeviceSize command
06-14 16:07:27.260 18416 18446 I appium  : Get window size of the device
06-14 16:07:27.262 18416 18446 I appium  : AppiumResponse: {"sessionId":"f6406227-0c55-4967-8b92-51e48784af96","value":{"height":2256,"width":1080}}
06-14 16:07:27.267  4233  4387 D BLASTBufferQueue: releaseBufferCallback ReleaseCallbackId: bufferId:18180596564559 framenumber:23
06-14 16:07:27.270 18416 18446 I appium  : channel read: GET /wd/hub/session/f6406227-0c55-4967-8b92-51e48784af96/window/current/size
06-14 16:07:27.271 18416 18446 I appium  : GetDeviceSize command
06-14 16:07:27.271 18416 18446 I appium  : Get window size of the device
06-14 16:07:27.272 18416 18446 I appium  : AppiumResponse: {"sessionId":"f6406227-0c55-4967-8b92-51e48784af96","value":{"height":2256,"width":1080}}
06-14 16:07:27.275  4233  4387 D BLASTBufferQueue: releaseBufferCallback ReleaseCallbackId: bufferId:18180596564557 framenumber:24
06-14 16:07:27.283  4233  4387 D BLASTBufferQueue: releaseBufferCallback ReleaseCallbackId: bufferId:18180596564558 framenumber:25
06-14 16:07:27.288  4258  4504 E Launcher.Transfer: transfer is closed
06-14 16:07:27.292  4233  4387 D BLASTBufferQueue: releaseBufferCallback ReleaseCallbackId: bufferId:18180596564560 framenumber:26
06-14 16:07:27.300  4233  4387 D BLASTBufferQueue: releaseBufferCallback ReleaseCallbackId: bufferId:18180596564559 framenumber:27
06-14 16:07:27.303 13054 13594 I QzoneConfig: key = qzonesetting secondaryKey= qzone_lastgetfeedtime value= null
06-14 16:07:27.308  4233  4387 D BLASTBufferQueue: releaseBufferCallback ReleaseCallbackId: bufferId:18180596564557 framenumber:28
06-14 16:07:27.316  4233  4387 D BLASTBufferQueue: releaseBufferCallback ReleaseCallbackId: bufferId:18180596564558 framenumber:29
06-14 16:07:27.325  4233  4387 D BLASTBufferQueue: releaseBufferCallback ReleaseCallbackId: bufferId:18180596564560 framenumber:30
06-14 16:07:27.333  4233  4387 D BLASTBufferQueue: releaseBufferCallback ReleaseCallbackId: bufferId:18180596564559 framenumber:31
06-14 16:07:27.341  4233  4387 D BLASTBufferQueue: releaseBufferCallback ReleaseCallbackId: bufferId:18180596564557 framenumber:32
06-14 16:07:27.349  4233  4387 D BLASTBufferQueue: releaseBufferCallback ReleaseCallbackId: bufferId:18180596564558 framenumber:33
06-14 16:07:27.358  4233  4387 D BLASTBufferQueue: releaseBufferCallback ReleaseCallbackId: bufferId:18180596564560 framenumber:34
06-14 16:07:27.366  4233  4387 D BLASTBufferQueue: releaseBufferCallback ReleaseCallbackId: bufferId:18180596564559 framenumber:35
06-14 16:07:27.374  4233  4387 D BLASTBufferQueue: releaseBufferCallback ReleaseCallbackId: bufferId:18180596564557 framenumber:36
06-14 16:07:27.382  4233  4387 D BLASTBufferQueue: releaseBufferCallback ReleaseCallbackId: bufferId:18180596564558 framenumber:37
06-14 16:07:27.390  4233  4387 D BLASTBufferQueue: releaseBufferCallback ReleaseCallbackId: bufferId:18180596564560 framenumber:38
06-14 16:07:27.399  4233  4387 D BLASTBufferQueue: releaseBufferCallback ReleaseCallbackId: bufferId:18180596564559 framenumber:39
06-14 16:07:27.407  4233  4387 D BLASTBufferQueue: releaseBufferCallback ReleaseCallbackId: bufferId:18180596564557 framenumber:40
06-14 16:07:27.415  4233  4387 D BLASTBufferQueue: releaseBufferCallback ReleaseCallbackId: bufferId:18180596564558 framenumber:41
06-14 16:07:27.419  2431  6205 W WindowManager: Failed looking up window session=Session{9949f7a 4233:1000} callers=com.android.server.wm.WindowManagerService.windowForClientLocked:6127 com.android.server.wm.WindowManagerService.relayoutWindow:2504 com.android.server.wm.Session.relayout:237
06-14 16:07:27.422  2431  6205 W WindowManager: Cannot find window which accessibility connection is added to
06-14 16:07:27.422  2431  6205 W WindowManager: Failed looking up window session=Session{9949f7a 4233:1000} callers=com.android.server.wm.WindowManagerService.windowForClientLocked:6127 com.android.server.wm.WindowManagerService.removeWindow:2298 com.android.server.wm.Session.remove:220
06-14 16:07:27.424  4233  4387 D BLASTBufferQueue: releaseBufferCallback ReleaseCallbackId: bufferId:18180596564560 framenumber:42
06-14 16:07:27.441  4258  4386 D GestureStubView_Touch: setKeepHidden    old=false   new=true
06-14 16:07:27.441  4258  4386 D GestureStubView_Touch: updateTouchable    old=false   new=true
06-14 16:07:27.441  4258  4386 D GestureStubView_Touch:   updateTouchable---requestApplyInsets
06-14 16:07:27.442  4258  4386 D GestureStubView_Touch: disableTouch    old=false   new=true
06-14 16:07:27.442  4258  4386 D GestureStubView_Touch: updateTouchable    old=true   new=true
06-14 16:07:27.442  4258  4386 D GestureStubView: hideGestureStub
06-14 16:07:27.442  4258  4386 D GestureStubView_Touch: setKeepHidden    old=false   new=true
06-14 16:07:27.442  4258  4386 D GestureStubView_Touch: updateTouchable    old=false   new=true
06-14 16:07:27.442  4258  4386 D GestureStubView_Touch:   updateTouchable---requestApplyInsets
06-14 16:07:27.442  4258  4386 D GestureStubView_Touch: disableTouch    old=false   new=true
06-14 16:07:27.442  4258  4386 D GestureStubView_Touch: updateTouchable    old=true   new=true
06-14 16:07:27.442  4258  4386 D GestureStubView: hideGestureStub
06-14 16:07:27.496  2018  3127 D libsensor-displayalgo: the value of  brightness:438.000000,R:53471783.158449,G:58369948.189132,B:65348604.687848,EVENT_C:5523.000000,EVENT_R:2071.000000,EVENT_G:2849.000000,EVENT_B:1129.000000
06-14 16:07:27.496  2018  3127 I libsensor-displayalgo: the value of  Coef1:1107.681000,Coef4:2.383000, scale1:0.935522, scale4:0.923264
06-14 16:07:27.496  2018  3127 E libsensor-displayalgo: RGB_test_0407_400_oldzy!
06-14 16:07:27.496  2018  3127 I libsensor-displayalgo: the value of  RESULT2534.266114,969.658843,1257.627616,465.609105
