06-19 15:46:37.318  1265 32533 I SDM     : HWCSession::NotifyCWBStatus: Notify the client about buffer status 0.
06-19 15:46:37.318  1265 32533 I SDM     : HWCSession::PerformFenceWaits: Remove current release fence from the pending fence wait queue.
06-19 15:46:37.318  1265 32533 I SDM     : HWCSession::PerformFenceWaits: CWB fence queue is empty. No pending release fence to wait on.
06-19 15:46:37.319 31540 31540 E cn.missevan: No package ID ff found for ID 0xffffffff.
06-19 15:46:37.319 31540 31540 E cn.missevan: No package ID ff found for ID 0xffffffff.
06-19 15:46:37.322 31540 31540 E cn.missevan: No package ID ff found for ID 0xffffffff.
06-19 15:46:37.322 31540 31540 E cn.missevan: No package ID ff found for ID 0xffffffff.
06-19 15:46:37.325 31540 31540 E cn.missevan: No package ID ff found for ID 0xffffffff.
06-19 15:46:37.325 31540 31540 E cn.missevan: No package ID ff found for ID 0xffffffff.
06-19 15:46:37.560  5294 26774 W MiuiPerfServiceClient: interceptAndQueuing:31540|cn.missevan|101|53|353781939019936|Slow handle traversal|2
06-19 15:46:37.574  2018  3127 D libsensor-displayalgo: the value of  brightness:438.000000,R:77375716.939127,G:77376143.464170,B:77391269.635761,EVENT_C:6335.000000,EVENT_R:2375.000000,EVENT_G:3257.000000,EVENT_B:1272.500000
06-19 15:46:37.574  2018  3127 I libsensor-displayalgo: the value of  Coef1:1107.681000,Coef4:2.383000, scale1:0.935522, scale4:0.923264
06-19 15:46:37.574  2018  3127 E libsensor-displayalgo: RGB_test_0407_400_oldzy!
06-19 15:46:37.574  2018  3127 I libsensor-displayalgo: the value of  RESULT3118.837702,1232.115395,1511.231984,565.637200
06-19 15:46:37.574  2018  3127 I libsensor-displayalgo: the value of  getChannelDataCalibrated3269.931069,1141.176343,1756.511250,617.354941
06-19 15:46:37.575  2018  3127 I libsensor-displayalgo: the value of  REAL LUX184.850189
06-19 15:46:37.575  2018  3127 I libsensor-displayalgo: the value of  CAL REAL LUX184.850189
06-19 15:46:37.663  1265  2358 I vendor.qti.hardware.display.composer-service: FrameNotifyProcess Sensor: notify citsensorservice to trigger cwb
06-19 15:46:37.663  2018  2108 I libcitsensorservice@2.0-impl: msg_transfer
06-19 15:46:37.663  2018  3098 D vendor.xiaomi.sensor.citsensorservice@2.0-service: handle id:9 wxh:1280x2400 uwxuh:1080x2400 size: 9216000 fd:15 fd_meta:16 flags:0x4000228 usage:0x33  format:0x3 layer_count: 1
06-19 15:46:37.664  1265  1887 I SDM     : HWCSession::SetCWBOutputBuffer: CWB config passed by cwb_client : tappoint 1  CWB_ROI : (829.000000 4.000000 915.000000 90.000000)
06-19 15:46:37.668  1265 32536 I SDM     : HWCSession::ProcessRequests: Successfully configured CWB buffer.
06-19 15:46:37.675  1265 32536 I SDM     : HWCSession::ProcessRequests: Pushing release fence in fenece wait queue.
06-19 15:46:37.675  1265 32536 I SDM     : HWCSession::ProcessRequests: Creating AsyncFenceWaits async thread.
06-19 15:46:37.675  1265 32536 I SDM     : HWCSession::ProcessRequests: Remove current CWB request from the pending request queue.
06-19 15:46:37.676  1265 32536 I SDM     : HWCSession::ProcessRequests: No pending cwb requests found in the queue.
06-19 15:46:37.679  1265  1584 I SDM     : HWDeviceDRM::SetupConcurrentWriteback: Tear down the Concurrent Writeback topology
06-19 15:46:37.688  1265 32537 I SDM     : HWCSession::NotifyCWBStatus: Notify the client about buffer status 0.
06-19 15:46:37.688  1265 32537 I SDM     : HWCSession::PerformFenceWaits: Remove current release fence from the pending fence wait queue.
06-19 15:46:37.688  1265 32537 I SDM     : HWCSession::PerformFenceWaits: CWB fence queue is empty. No pending release fence to wait on.
06-19 15:46:37.745  5405  9696 W SLM-SRV-SLAService: mobileDataName set null
06-19 15:46:37.745  5405  9696 D SLM-SRV-SLAService: isIfaceRemoved If number:1-->1
06-19 15:46:37.745  5405  9696 D SLM-SRV-SLAService: startIfaceMonitorTimer mRetryCount:10
06-19 15:46:37.875  2018  3127 D libsensor-displayalgo: the value of  brightness:438.000000,R:77375716.939127,G:77376143.464170,B:77391269.635761,EVENT_C:6327.000000,EVENT_R:2371.000000,EVENT_G:3251.500000,EVENT_B:1272.500000
06-19 15:46:37.875  2018  3127 I libsensor-displayalgo: the value of  Coef1:1107.681000,Coef4:2.383000, scale1:0.935522, scale4:0.923264
06-19 15:46:37.875  2018  3127 E libsensor-displayalgo: RGB_test_0407_400_oldzy!
06-19 15:46:37.876  2018  3127 I libsensor-displayalgo: the value of  RESULT3118.837702,1232.115395,1511.231984,565.637200
06-19 15:46:37.876  2018  3127 I libsensor-displayalgo: the value of  getChannelDataCalibrated3269.931069,1141.176343,1756.511250,617.354941
06-19 15:46:37.876  2018  3127 I libsensor-displayalgo: the value of  REAL LUX184.186172
06-19 15:46:37.876  2018  3127 I libsensor-displayalgo: the value of  CAL REAL LUX184.186172
06-19 15:46:37.946 24568 24576 I service:synclo: This is non sticky GC, maxfree is 8388608 minfree is 2097152
06-19 15:46:37.955 30969 30990 I ui.cloudservic: This is non sticky GC, maxfree is 8388608 minfree is 2097152
06-19 15:46:38.059  1265  2358 I vendor.qti.hardware.display.composer-service: FrameNotifyProcess Sensor: notify citsensorservice to trigger cwb
06-19 15:46:38.059  2018  2108 I libcitsensorservice@2.0-impl: msg_transfer
06-19 15:46:38.059  2018  3098 D vendor.xiaomi.sensor.citsensorservice@2.0-service: handle id:9 wxh:1280x2400 uwxuh:1080x2400 size: 9216000 fd:15 fd_meta:16 flags:0x4000228 usage:0x33  format:0x3 layer_count: 1
06-19 15:46:38.060  1265  1887 I SDM     : HWCSession::SetCWBOutputBuffer: CWB config passed by cwb_client : tappoint 1  CWB_ROI : (829.000000 4.000000 915.000000 90.000000)
06-19 15:46:38.061  1265 32541 I SDM     : HWCSession::ProcessRequests: Successfully configured CWB buffer.
06-19 15:46:38.069  1265 32541 I SDM     : HWCSession::ProcessRequests: Pushing release fence in fenece wait queue.
06-19 15:46:38.069  1265 32541 I SDM     : HWCSession::ProcessRequests: Creating AsyncFenceWaits async thread.
06-19 15:46:38.069  1265 32541 I SDM     : HWCSession::ProcessRequests: Remove current CWB request from the pending request queue.
06-19 15:46:38.069  1265 32541 I SDM     : HWCSession::ProcessRequests: No pending cwb requests found in the queue.
06-19 15:46:38.074  1265  1584 I SDM     : HWDeviceDRM::SetupConcurrentWriteback: Tear down the Concurrent Writeback topology
06-19 15:46:38.083  1265 32542 I SDM     : HWCSession::NotifyCWBStatus: Notify the client about buffer status 0.
06-19 15:46:38.083  1265 32542 I SDM     : HWCSession::PerformFenceWaits: Remove current release fence from the pending fence wait queue.
06-19 15:46:38.083  1265 32542 I SDM     : HWCSession::PerformFenceWaits: CWB fence queue is empty. No pending release fence to wait on.
06-19 15:46:38.174  2018  3127 D libsensor-displayalgo: the value of  brightness:438.000000,R:77375716.939127,G:77376143.464170,B:77391269.635761,EVENT_C:6336.500000,EVENT_R:2374.000000,EVENT_G:3256.500000,EVENT_B:1273.000000
06-19 15:46:38.174  2018  3127 I libsensor-displayalgo: the value of  Coef1:1107.681000,Coef4:2.383000, scale1:0.935522, scale4:0.923264
06-19 15:46:38.174  2018  3127 E libsensor-displayalgo: RGB_test_0407_400_oldzy!
06-19 15:46:38.175  2018  3127 I libsensor-displayalgo: the value of  RESULT3118.837702,1232.115395,1511.231984,565.637200
06-19 15:46:38.175  2018  3127 I libsensor-displayalgo: the value of  getChannelDataCalibrated3269.931069,1141.176343,1756.511250,617.354941
06-19 15:46:38.175  2018  3127 I libsensor-displayalgo: the value of  REAL LUX184.930389
06-19 15:46:38.175  2018  3127 I libsensor-displayalgo: the value of  CAL REAL LUX184.930389
06-19 15:46:38.281 31474 31511 I appium  : channel read: POST /wd/hub/session/a6b5e7da-4d2b-4f41-acf9-63a2775631d3/element
06-19 15:46:38.282 31474 31511 I appium  : FindElement command
06-19 15:46:38.284 31474 31511 I appium  : method: 'id', selector: 'cn.missevan:id/title'
06-19 15:46:38.285 31474 31511 I appium  : Waiting up to 100ms for the device to idle
06-19 15:46:38.361  1265  2358 I vendor.qti.hardware.display.composer-service: FrameNotifyProcess Sensor: notify citsensorservice to trigger cwb
06-19 15:46:38.362  2018  2108 I libcitsensorservice@2.0-impl: msg_transfer
06-19 15:46:38.362  2018  3098 D vendor.xiaomi.sensor.citsensorservice@2.0-service: handle id:9 wxh:1280x2400 uwxuh:1080x2400 size: 9216000 fd:15 fd_meta:16 flags:0x4000228 usage:0x33  format:0x3 layer_count: 1
06-19 15:46:38.362  1265  1887 I SDM     : HWCSession::SetCWBOutputBuffer: CWB config passed by cwb_client : tappoint 1  CWB_ROI : (829.000000 4.000000 915.000000 90.000000)
06-19 15:46:38.366  1265 32544 I SDM     : HWCSession::ProcessRequests: Successfully configured CWB buffer.
06-19 15:46:38.374  1265 32544 I SDM     : HWCSession::ProcessRequests: Pushing release fence in fenece wait queue.
06-19 15:46:38.375  1265 32544 I SDM     : HWCSession::ProcessRequests: Creating AsyncFenceWaits async thread.
06-19 15:46:38.376  1265 32544 I SDM     : HWCSession::ProcessRequests: Remove current CWB request from the pending request queue.
06-19 15:46:38.378  1265  1584 I SDM     : HWDeviceDRM::SetupConcurrentWriteback: Tear down the Concurrent Writeback topology
06-19 15:46:38.382  1265 32544 I SDM     : HWCSession::ProcessRequests: No pending cwb requests found in the queue.
06-19 15:46:38.387  1265 32545 I SDM     : HWCSession::NotifyCWBStatus: Notify the client about buffer status 0.
06-19 15:46:38.388  1265 32545 I SDM     : HWCSession::PerformFenceWaits: Remove current release fence from the pending fence wait queue.
06-19 15:46:38.388  1265 32545 I SDM     : HWCSession::PerformFenceWaits: CWB fence queue is empty. No pending release fence to wait on.
06-19 15:46:38.402 31474 31511 W QueryController: Could not detect idle state.
06-19 15:46:38.475  2018  3127 D libsensor-displayalgo: the value of  brightness:438.000000,R:77375716.939127,G:77376143.464170,B:77391269.635761,EVENT_C:6339.500000,EVENT_R:2375.000000,EVENT_G:3257.500000,EVENT_B:1273.000000
06-19 15:46:38.475  2018  3127 I libsensor-displayalgo: the value of  Coef1:1107.681000,Coef4:2.383000, scale1:0.935522, scale4:0.923264
06-19 15:46:38.475  2018  3127 E libsensor-displayalgo: RGB_test_0407_400_oldzy!
06-19 15:46:38.476  2018  3127 I libsensor-displayalgo: the value of  RESULT3118.837702,1232.115395,1511.231984,565.637200
06-19 15:46:38.476  2018  3127 I libsensor-displayalgo: the value of  getChannelDataCalibrated3269.931069,1141.176343,1756.511250,617.354941
06-19 15:46:38.476  2018  3127 I libsensor-displayalgo: the value of  REAL LUX185.149918
06-19 15:46:38.476  2018  3127 I libsensor-displayalgo: the value of  CAL REAL LUX185.149918
06-19 15:46:38.656 31474 31511 I appium  : AppiumResponse: {"sessionId":"a6b5e7da-4d2b-4f41-acf9-63a2775631d3","value":{"ELEMENT":"00000000-0000-0663-ffff-ffff00000636","element-6066-11e4-a52e-4f735466cecf":"00000000-0000-0663-ffff-ffff00000636"}}
06-19 15:46:38.674  1265  2358 I vendor.qti.hardware.display.composer-service: FrameNotifyProcess Sensor: notify citsensorservice to trigger cwb
06-19 15:46:38.674  2018  7182 I libcitsensorservice@2.0-impl: msg_transfer
06-19 15:46:38.675 31474 31511 I appium  : channel read: POST /wd/hub/session/a6b5e7da-4d2b-4f41-acf9-63a2775631d3/element/00000000-0000-0663-ffff-ffff00000636/click
06-19 15:46:38.675  2018  3098 D vendor.xiaomi.sensor.citsensorservice@2.0-service: handle id:9 wxh:1280x2400 uwxuh:1080x2400 size: 9216000 fd:15 fd_meta:16 flags:0x4000228 usage:0x33  format:0x3 layer_count: 1
06-19 15:46:38.675 31474 31511 I appium  : Click command
06-19 15:46:38.676  1265  1887 I SDM     : HWCSession::SetCWBOutputBuffer: CWB config passed by cwb_client : tappoint 1  CWB_ROI : (829.000000 4.000000 915.000000 90.000000)
06-19 15:46:38.682  1265 32548 I SDM     : HWCSession::ProcessRequests: Successfully configured CWB buffer.
06-19 15:46:38.694  1265 32548 I SDM     : HWCSession::ProcessRequests: Pushing release fence in fenece wait queue.
06-19 15:46:38.694  1265 32548 I SDM     : HWCSession::ProcessRequests: Creating AsyncFenceWaits async thread.
06-19 15:46:38.695  1265 32548 I SDM     : HWCSession::ProcessRequests: Remove current CWB request from the pending request queue.
06-19 15:46:38.695  1265 32548 I SDM     : HWCSession::ProcessRequests: No pending cwb requests found in the queue.
06-19 15:46:38.699  1265  1584 I SDM     : HWDeviceDRM::SetupConcurrentWriteback: Tear down the Concurrent Writeback topology
06-19 15:46:38.708  1265 32549 I SDM     : HWCSession::NotifyCWBStatus: Notify the client about buffer status 0.
06-19 15:46:38.709  1265 32549 I SDM     : HWCSession::PerformFenceWaits: Remove current release fence from the pending fence wait queue.
06-19 15:46:38.709  1265 32549 I SDM     : HWCSession::PerformFenceWaits: CWB fence queue is empty. No pending release fence to wait on.
06-19 15:46:38.775  2018  3127 D libsensor-displayalgo: the value of  brightness:438.000000,R:77375716.939127,G:77376143.464170,B:77391269.635761,EVENT_C:6334.000000,EVENT_R:2377.500000,EVENT_G:3256.000000,EVENT_B:1273.500000
06-19 15:46:38.775  2018  3127 I libsensor-displayalgo: the value of  Coef1:1107.681000,Coef4:2.383000, scale1:0.935522, scale4:0.923264
06-19 15:46:38.775  2018  3127 E libsensor-displayalgo: RGB_test_0407_400_oldzy!
06-19 15:46:38.775  2018  3127 I libsensor-displayalgo: the value of  RESULT3118.837702,1232.115395,1511.231984,565.637200
06-19 15:46:38.775  2018  3127 I libsensor-displayalgo: the value of  getChannelDataCalibrated3269.931069,1141.176343,1756.511250,617.354941
06-19 15:46:38.775  2018  3127 I libsensor-displayalgo: the value of  REAL LUX184.558640
06-19 15:46:38.776  2018  3127 I libsensor-displayalgo: the value of  CAL REAL LUX184.558640
06-19 15:46:38.901 31474 31511 W QueryController: Could not detect idle state.
06-19 15:46:38.929  2431  4792 D MIUIInput: Input event injection from pid 31457, MotionEvent: DOWN
06-19 15:46:38.930  2431  2938 D MIUIInput: [MotionEvent] publisher action=0x4, 353783517, channel '7c87e50 NavigationBar0 (server)'
06-19 15:46:38.930  2431  2938 D MIUIInput: [MotionEvent] publisher action=0x0, 353783517, channel '3e15da0 cn.missevan/cn.missevan.activity.MainActivity (server)'
06-19 15:46:38.934 31540 31540 D MIUIInput: [MotionEvent] ViewRootImpl windowName 'cn.missevan/cn.missevan.activity.MainActivity', { action=ACTION_DOWN, id[0]=0, pointerCount=1, eventTime=353783517, downTime=353783516, phoneEventTime=15:46:38.917 } moveCount:0
06-19 15:46:38.941  2431  4792 D MIUIInput: Input event injection from pid 31457, MotionEvent: UP
06-19 15:46:38.941  2431  2938 D MIUIInput: [MotionEvent] publisher action=0x1, 353783517, channel '3e15da0 cn.missevan/cn.missevan.activity.MainActivity (server)'
06-19 15:46:38.944 31540 31540 D MIUIInput: [MotionEvent] ViewRootImpl windowName 'cn.missevan/cn.missevan.activity.MainActivity', { action=ACTION_UP, id[0]=0, pointerCount=1, eventTime=353783517, downTime=353783516, phoneEventTime=15:46:38.917 } moveCount:0
06-19 15:46:38.955 31474 31511 I appium  : Waiting up to 100ms for the device to idle
06-19 15:46:38.983 31540 31540 D DecorView[MainActivity]: getWindowModeFromSystem  windowmode is 1
06-19 15:46:38.983 31540 31540 D DecorView[MainActivity]: updateDecorCaptionStatus displayWindowDecor is false
06-19 15:46:38.986  2431  4483 I WindowManagerService: Physical orientation applied, rotation=0 sfOrientation=ORIENTATION_0
06-19 15:46:39.005  1265  2358 I vendor.qti.hardware.display.composer-service: FrameNotifyProcess Sensor: notify citsensorservice to trigger cwb
06-19 15:46:39.005  2018  7182 I libcitsensorservice@2.0-impl: msg_transfer
06-19 15:46:39.006  2018  3098 D vendor.xiaomi.sensor.citsensorservice@2.0-service: handle id:9 wxh:1280x2400 uwxuh:1080x2400 size: 9216000 fd:15 fd_meta:16 flags:0x4000228 usage:0x33  format:0x3 layer_count: 1
06-19 15:46:39.006  1265  1887 I SDM     : HWCSession::SetCWBOutputBuffer: CWB config passed by cwb_client : tappoint 1  CWB_ROI : (829.000000 4.000000 915.000000 90.000000)
06-19 15:46:39.010  1265 32553 I SDM     : HWCSession::ProcessRequests: Successfully configured CWB buffer.
06-19 15:46:39.021  1265 32553 I SDM     : HWCSession::ProcessRequests: Pushing release fence in fenece wait queue.
06-19 15:46:39.021  1265 32553 I SDM     : HWCSession::ProcessRequests: Creating AsyncFenceWaits async thread.
06-19 15:46:39.021  1265 32553 I SDM     : HWCSession::ProcessRequests: Remove current CWB request from the pending request queue.
06-19 15:46:39.021  1265 32553 I SDM     : HWCSession::ProcessRequests: No pending cwb requests found in the queue.
06-19 15:46:39.025  1265  1584 I SDM     : HWDeviceDRM::SetupConcurrentWriteback: Tear down the Concurrent Writeback topology
06-19 15:46:39.029  1265 32554 I SDM     : HWCSession::NotifyCWBStatus: Notify the client about buffer status 0.
06-19 15:46:39.030  1265 32554 I SDM     : HWCSession::PerformFenceWaits: Remove current release fence from the pending fence wait queue.
06-19 15:46:39.030  1265 32554 I SDM     : HWCSession::PerformFenceWaits: CWB fence queue is empty. No pending release fence to wait on.
06-19 15:46:39.062 31474 31511 W QueryController: Could not detect idle state.
06-19 15:46:39.069 31474 31511 I appium  : AppiumResponse: {"sessionId":"a6b5e7da-4d2b-4f41-acf9-63a2775631d3","value":null}
06-19 15:46:39.074  2018  3127 D libsensor-displayalgo: the value of  brightness:438.000000,R:77375716.939127,G:77376143.464170,B:77391269.635761,EVENT_C:6330.500000,EVENT_R:2375.500000,EVENT_G:3254.000000,EVENT_B:1272.000000
06-19 15:46:39.075  2018  3127 I libsensor-displayalgo: the value of  Coef1:1107.681000,Coef4:2.383000, scale1:0.935522, scale4:0.923264
06-19 15:46:39.075  2018  3127 E libsensor-displayalgo: RGB_test_0407_400_oldzy!
06-19 15:46:39.075  2018  3127 I libsensor-displayalgo: the value of  RESULT3118.837702,1232.115395,1511.231984,565.637200
06-19 15:46:39.075  2018  3127 I libsensor-displayalgo: the value of  getChannelDataCalibrated3269.931069,1141.176343,1756.511250,617.354941
06-19 15:46:39.075  2018  3127 I libsensor-displayalgo: the value of  REAL LUX184.417877
06-19 15:46:39.075  2018  3127 I libsensor-displayalgo: the value of  CAL REAL LUX184.417877
06-19 15:46:39.084 31474 31511 I appium  : channel read: POST /wd/hub/session/a6b5e7da-4d2b-4f41-acf9-63a2775631d3/element
06-19 15:46:39.085 31474 31511 I appium  : FindElement command
06-19 15:46:39.087 31474 31511 I appium  : method: 'id', selector: 'cn.missevan:id/header_download'
06-19 15:46:39.088 31474 31511 I appium  : Waiting up to 100ms for the device to idle
06-19 15:46:39.292 31474 31511 W QueryController: Could not detect idle state.
06-19 15:46:39.308  1265  2358 I vendor.qti.hardware.display.composer-service: FrameNotifyProcess Sensor: notify citsensorservice to trigger cwb
06-19 15:46:39.308  2018  2108 I libcitsensorservice@2.0-impl: msg_transfer
06-19 15:46:39.308  2018  3098 D vendor.xiaomi.sensor.citsensorservice@2.0-service: handle id:9 wxh:1280x2400 uwxuh:1080x2400 size: 9216000 fd:15 fd_meta:16 flags:0x4000228 usage:0x33  format:0x3 layer_count: 1
06-19 15:46:39.309  1265  1887 I SDM     : HWCSession::SetCWBOutputBuffer: CWB config passed by cwb_client : tappoint 1  CWB_ROI : (829.000000 4.000000 915.000000 90.000000)
06-19 15:46:39.312 31474 31511 I appium  : AppiumResponse: {"sessionId":"a6b5e7da-4d2b-4f41-acf9-63a2775631d3","value":{"ELEMENT":"00000000-0000-0663-ffff-ffff000006e8","element-6066-11e4-a52e-4f735466cecf":"00000000-0000-0663-ffff-ffff000006e8"}}
06-19 15:46:39.313  1265 32555 I SDM     : HWCSession::ProcessRequests: Successfully configured CWB buffer.
06-19 15:46:39.319  1265 32555 I SDM     : HWCSession::ProcessRequests: Pushing release fence in fenece wait queue.
06-19 15:46:39.320  1265 32555 I SDM     : HWCSession::ProcessRequests: Creating AsyncFenceWaits async thread.
06-19 15:46:39.320  1265 32555 I SDM     : HWCSession::ProcessRequests: Remove current CWB request from the pending request queue.
06-19 15:46:39.320  1265 32555 I SDM     : HWCSession::ProcessRequests: No pending cwb requests found in the queue.
06-19 15:46:39.324  1265  1584 I SDM     : HWDeviceDRM::SetupConcurrentWriteback: Tear down the Concurrent Writeback topology
06-19 15:46:39.334  1265 32556 I SDM     : HWCSession::NotifyCWBStatus: Notify the client about buffer status 0.
06-19 15:46:39.334  1265 32556 I SDM     : HWCSession::PerformFenceWaits: Remove current release fence from the pending fence wait queue.
06-19 15:46:39.334  1265 32556 I SDM     : HWCSession::PerformFenceWaits: CWB fence queue is empty. No pending release fence to wait on.
06-19 15:46:39.375  2018  3127 D libsensor-displayalgo: the value of  brightness:438.000000,R:77375716.939127,G:77376143.464170,B:77391269.635761,EVENT_C:6318.500000,EVENT_R:2370.000000,EVENT_G:3245.000000,EVENT_B:1269.500000
06-19 15:46:39.376  2018  3127 I libsensor-displayalgo: the value of  Coef1:1107.681000,Coef4:2.383000, scale1:0.935522, scale4:0.923264
06-19 15:46:39.376  2018  3127 E libsensor-displayalgo: RGB_test_0407_400_oldzy!
06-19 15:46:39.376  2018  3127 I libsensor-displayalgo: the value of  RESULT3118.837702,1232.115395,1511.231984,565.637200
06-19 15:46:39.376  2018  3127 I libsensor-displayalgo: the value of  getChannelDataCalibrated3269.931069,1141.176343,1756.511250,617.354941
06-19 15:46:39.376  2018  3127 I libsensor-displayalgo: the value of  REAL LUX183.571930
06-19 15:46:39.376  2018  3127 I libsensor-displayalgo: the value of  CAL REAL LUX183.571930
06-19 15:46:39.474  1265  2358 I vendor.qti.hardware.display.composer-service: FrameNotifyProcess Sensor: notify citsensorservice to trigger cwb
06-19 15:46:39.475  2018  2018 I libcitsensorservice@2.0-impl: msg_transfer
06-19 15:46:39.475  2018  3098 D vendor.xiaomi.sensor.citsensorservice@2.0-service: handle id:9 wxh:1280x2400 uwxuh:1080x2400 size: 9216000 fd:15 fd_meta:16 flags:0x4000228 usage:0x33  format:0x3 layer_count: 1
06-19 15:46:39.476  1265  1887 I SDM     : HWCSession::SetCWBOutputBuffer: CWB config passed by cwb_client : tappoint 1  CWB_ROI : (829.000000 4.000000 915.000000 90.000000)
06-19 15:46:39.477  1265 32557 I SDM     : HWCSession::ProcessRequests: Successfully configured CWB buffer.
06-19 15:46:39.485  1265 32557 I SDM     : HWCSession::ProcessRequests: Pushing release fence in fenece wait queue.
06-19 15:46:39.485  1265 32557 I SDM     : HWCSession::ProcessRequests: Creating AsyncFenceWaits async thread.
06-19 15:46:39.487  1265 32557 I SDM     : HWCSession::ProcessRequests: Remove current CWB request from the pending request queue.
06-19 15:46:39.488  1265 32557 I SDM     : HWCSession::ProcessRequests: No pending cwb requests found in the queue.
06-19 15:46:39.490  1265  1584 I SDM     : HWDeviceDRM::SetupConcurrentWriteback: Tear down the Concurrent Writeback topology
06-19 15:46:39.498  1265 32559 I SDM     : HWCSession::NotifyCWBStatus: Notify the client about buffer status 0.
06-19 15:46:39.498  1265 32559 I SDM     : HWCSession::PerformFenceWaits: Remove current release fence from the pending fence wait queue.
06-19 15:46:39.498  1265 32559 I SDM     : HWCSession::PerformFenceWaits: CWB fence queue is empty. No pending release fence to wait on.
06-19 15:46:39.553 31540 31550 I cn.missevan: This is sticky GC, maxfree is 8388608 minfree is 2097152
06-19 15:46:39.655  1265  2358 I vendor.qti.hardware.display.composer-service: FrameNotifyProcess Sensor: notify citsensorservice to trigger cwb
06-19 15:46:39.656  2018  2018 I libcitsensorservice@2.0-impl: msg_transfer
06-19 15:46:39.656  2018  3098 D vendor.xiaomi.sensor.citsensorservice@2.0-service: handle id:9 wxh:1280x2400 uwxuh:1080x2400 size: 9216000 fd:15 fd_meta:16 flags:0x4000228 usage:0x33  format:0x3 layer_count: 1
06-19 15:46:39.658  1265  1889 I SDM     : HWCSession::SetCWBOutputBuffer: CWB config passed by cwb_client : tappoint 1  CWB_ROI : (829.000000 4.000000 915.000000 90.000000)
06-19 15:46:39.663  1265 32563 I SDM     : HWCSession::ProcessRequests: Successfully configured CWB buffer.
06-19 15:46:39.670  1265 32563 I SDM     : HWCSession::ProcessRequests: Pushing release fence in fenece wait queue.
06-19 15:46:39.672  1265 32563 I SDM     : HWCSession::ProcessRequests: Creating AsyncFenceWaits async thread.
06-19 15:46:39.672  1265 32563 I SDM     : HWCSession::ProcessRequests: Remove current CWB request from the pending request queue.
06-19 15:46:39.672  1265 32563 I SDM     : HWCSession::ProcessRequests: No pending cwb requests found in the queue.
06-19 15:46:39.674  1265  1584 I SDM     : HWDeviceDRM::SetupConcurrentWriteback: Tear down the Concurrent Writeback topology
06-19 15:46:39.675  2018  3127 D libsensor-displayalgo: the value of  brightness:438.000000,R:77375716.939127,G:77376143.464170,B:77391269.635761,EVENT_C:6318.000000,EVENT_R:2370.000000,EVENT_G:3244.000000,EVENT_B:1269.000000
06-19 15:46:39.675  2018  3127 I libsensor-displayalgo: the value of  Coef1:1107.681000,Coef4:2.383000, scale1:0.935522, scale4:0.923264
06-19 15:46:39.675  2018  3127 E libsensor-displayalgo: RGB_test_0407_400_oldzy!
06-19 15:46:39.675  2018  3127 I libsensor-displayalgo: the value of  RESULT3118.837702,1232.115395,1511.231984,565.637200
06-19 15:46:39.675  2018  3127 I libsensor-displayalgo: the value of  getChannelDataCalibrated3269.931069,1141.176343,1756.511250,617.354941
06-19 15:46:39.675  2018  3127 I libsensor-displayalgo: the value of  REAL LUX183.531754
06-19 15:46:39.675  2018  3127 I libsensor-displayalgo: the value of  CAL REAL LUX183.531754
06-19 15:46:39.679  1265 32565 I SDM     : HWCSession::NotifyCWBStatus: Notify the client about buffer status 0.
06-19 15:46:39.680  1265 32565 I SDM     : HWCSession::PerformFenceWaits: Remove current release fence from the pending fence wait queue.
06-19 15:46:39.680  1265 32565 I SDM     : HWCSession::PerformFenceWaits: CWB fence queue is empty. No pending release fence to wait on.
06-19 15:46:39.754  5405  9696 W SLM-SRV-SLAService: mobileDataName set null
06-19 15:46:39.754  5405  9696 D SLM-SRV-SLAService: isIfaceRemoved If number:1-->1
06-19 15:46:39.754  5405  9696 D SLM-SRV-SLAService: startIfaceMonitorTimer mRetryCount:11
06-19 15:46:39.754  5405  9696 I SLM-SRV-SLAService: processNetworkCallback ON_LOST
06-19 15:46:39.754  5405  9696 I SLM-SRV-SLAService: updateInterface
06-19 15:46:39.758  5405  9696 I SLM-SRV-SLAService: If name:wlan0, If number:1
06-19 15:46:39.758  5405  9696 I SLM-SRV-SLAService: updateSLAD
06-19 15:46:39.758  5405  9696 I SLM-SRV-SLAService: isSLAReady:false, isDWReady:false
06-19 15:46:39.758  5405  9696 D SLM-SRV-SLAService: slad is already disabled
06-19 15:46:39.758  5405  9696 I SLM-SRV-SLSAppLib: setSLSEnableStatus:false
06-19 15:46:39.759  5405  9696 D SLM-SRV-SLAAppLib: getLinkTurboWhiteList:10250,10234,10239,10219,10224,10220,10231,10232,10261,10366,10467,
06-19 15:46:39.759  5405  9696 D SLM-SRV-SLAAppLib: getLinkTurboWhiteList:10250,10234,10239,10219,10224,10220,10231,10232,10261,10366,10467,
06-19 15:46:39.759  5405  9696 I SLM-SRV-SLSAppLib: setSLAAppWhiteList:10250,10234,10239,10219,10224,10220,10231,10232,10261,10366,10467,
06-19 15:46:39.826  5294 26774 W MiuiPerfServiceClient: interceptAndQueuing:31540|cn.missevan|124|120|353784258043321|Slow main thread|2
06-19 15:46:39.942  8680  8709 D com.milink.runtime:new_milink:MessengerService: tick for 10123-5809
06-19 15:46:39.944  8680  8709 D com.milink.runtime:new_milink:MessengerService: tick for 1000-4824
06-19 15:46:39.947  8680  8709 D com.milink.runtime:new_milink:MessengerService: tick for 10114-4681
06-19 15:46:39.955  8680  8906 I com.milink.runtime:new_milink:DataContentProvider: Call content://provider.milink.mi.com/messenger#poll from com.xiaomi.mirror, content://provider.milink.mi.com/messenger#poll
06-19 15:46:39.958  4824  8722 I com.xiaomi.mirror:new_milink:MessengerClient: empty packet, skip it.
06-19 15:46:39.958  8680  8709 D com.milink.runtime:new_milink:MessengerService: set next timeout check task
06-19 15:46:39.959  8680  8906 I com.milink.runtime:new_milink:DataContentProvider: Call content://provider.milink.mi.com/messenger#poll from com.milink.service, content://provider.milink.mi.com/messenger#poll
06-19 15:46:39.961  5809  8723 I com.milink.service:audio:new_milink:MessengerClient: empty packet, skip it.
06-19 15:46:39.975  2018  3127 D libsensor-displayalgo: the value of  brightness:438.000000,R:48033106.479941,G:48190782.099502,B:48206721.395758,EVENT_C:5546.500000,EVENT_R:2117.000000,EVENT_G:2825.000000,EVENT_B:1101.500000
06-19 15:46:39.975  2018  3127 I libsensor-displayalgo: the value of  Coef1:1107.681000,Coef4:2.383000, scale1:0.935522, scale4:0.923264
06-19 15:46:39.975  2018  3127 E libsensor-displayalgo: RGB_test_0407_400_oldzy!
06-19 15:46:39.976  2018  3127 I libsensor-displayalgo: the value of  RESULT2251.929105,882.062356,1116.113596,402.036568
06-19 15:46:39.976  2018  3127 I libsensor-displayalgo: the value of  getChannelDataCalibrated2361.024730,816.959758,1297.263497,438.795860
06-19 15:46:39.976  2018  3127 I libsensor-displayalgo: the value of  REAL LUX191.477051
06-19 15:46:39.976  2018  3127 I libsensor-displayalgo: the value of  CAL REAL LUX191.477051
06-19 15:46:39.978  1265  2358 I vendor.qti.hardware.display.composer-service: FrameNotifyProcess Sensor: notify citsensorservice to trigger cwb
06-19 15:46:39.979  2018  2018 I libcitsensorservice@2.0-impl: msg_transfer
06-19 15:46:39.979  2018  3098 D vendor.xiaomi.sensor.citsensorservice@2.0-service: handle id:9 wxh:1280x2400 uwxuh:1080x2400 size: 9216000 fd:15 fd_meta:16 flags:0x4000228 usage:0x33  format:0x3 layer_count: 1
06-19 15:46:39.979  1265  1889 I SDM     : HWCSession::SetCWBOutputBuffer: CWB config passed by cwb_client : tappoint 1  CWB_ROI : (829.000000 4.000000 915.000000 90.000000)
06-19 15:46:39.981  1265 32566 I SDM     : HWCSession::ProcessRequests: Successfully configured CWB buffer.
06-19 15:46:39.991  1265  2358 I vendor.qti.hardware.display.composer-service: FrameNotifyProcess Sensor: notify citsensorservice to trigger cwb
06-19 15:46:39.991  2018  2018 I libcitsensorservice@2.0-impl: msg_transfer
06-19 15:46:39.996  1265 32566 I SDM     : HWCSession::ProcessRequests: Pushing release fence in fenece wait queue.
06-19 15:46:39.996  1265 32566 I SDM     : HWCSession::ProcessRequests: Creating AsyncFenceWaits async thread.
06-19 15:46:39.996  1265 32566 I SDM     : HWCSession::ProcessRequests: Remove current CWB request from the pending request queue.
06-19 15:46:39.996  1265 32566 I SDM     : HWCSession::ProcessRequests: No pending cwb requests found in the queue.
06-19 15:46:40.000  1265  1584 I SDM     : HWDeviceDRM::SetupConcurrentWriteback: Tear down the Concurrent Writeback topology
06-19 15:46:40.008  1265 32568 I SDM     : HWCSession::NotifyCWBStatus: Notify the client about buffer status 0.
06-19 15:46:40.009  1265 32568 I SDM     : HWCSession::PerformFenceWaits: Remove current release fence from the pending fence wait queue.
06-19 15:46:40.009  1265 32568 I SDM     : HWCSession::PerformFenceWaits: CWB fence queue is empty. No pending release fence to wait on.
06-19 15:46:40.275  2018  3127 D libsensor-displayalgo: the value of  brightness:438.000000,R:35636749.629531,G:28273007.102206,B:679905.209946,EVENT_C:4745.500000,EVENT_R:1891.500000,EVENT_G:2379.500000,EVENT_B:908.000000
06-19 15:46:40.275  2018  3127 I libsensor-displayalgo: the value of  Coef1:1107.681000,Coef4:2.383000, scale1:0.935522, scale4:0.923264
06-19 15:46:40.275  2018  3127 E libsensor-displayalgo: RGB_test_0407_400_oldzy!
06-19 15:46:40.275  2018  3127 I libsensor-displayalgo: the value of  RESULT1584.224374,660.069812,787.551596,246.186727
06-19 15:46:40.275  2018  3127 I libsensor-displayalgo: the value of  getChannelDataCalibrated1660.972771,611.351873,915.374511,268.696247
06-19 15:46:40.275  2018  3127 I libsensor-displayalgo: the value of  REAL LUX184.109238
06-19 15:46:40.275  2018  3127 I libsensor-displayalgo: the value of  CAL REAL LUX184.109238
06-19 15:46:40.398 31474 31511 I appium  : channel read: POST /wd/hub/session/a6b5e7da-4d2b-4f41-acf9-63a2775631d3/appium/device/press_keycode
06-19 15:46:40.399 31474 31511 I appium  : PressKeyCode command
06-19 15:46:40.399 31474 31511 I appium  : Calling PressKeyCode...
06-19 15:46:40.575  2018  3127 D libsensor-displayalgo: the value of  brightness:438.000000,R:35636749.629531,G:28273007.102206,B:679905.209946,EVENT_C:4745.500000,EVENT_R:1891.500000,EVENT_G:2379.500000,EVENT_B:908.000000
06-19 15:46:40.576  2018  3127 I libsensor-displayalgo: the value of  Coef1:1107.681000,Coef4:2.383000, scale1:0.935522, scale4:0.923264
06-19 15:46:40.576  2018  3127 E libsensor-displayalgo: RGB_test_0407_400_oldzy!
06-19 15:46:40.576  2018  3127 I libsensor-displayalgo: the value of  RESULT1584.224374,660.069812,787.551596,246.186727
06-19 15:46:40.576  2018  3127 I libsensor-displayalgo: the value of  getChannelDataCalibrated1660.972771,611.351873,915.374511,268.696247
06-19 15:46:40.576  2018  3127 I libsensor-displayalgo: the value of  REAL LUX184.109238
06-19 15:46:40.576  2018  3127 I libsensor-displayalgo: the value of  CAL REAL LUX184.109238
06-19 15:46:40.596 31474 31511 W QueryController: Could not detect idle state.
06-19 15:46:40.607  2431  4483 W MiuiInputKeyEventLog: keyCode:4 down:true eventTime:353785197 downTime:353785197 policyFlags:2b000000 flags:0 metaState:0 deviceId:-1 isScreenOn:true keyguardActive:false repeatCount:0
06-19 15:46:40.609  2431  4483 D WindowManager: interceptKeyTq keycode=4 interactive=true keyguardActive=false policyFlags=2b000000
06-19 15:46:40.610  2431  4483 D MIUIInput: Input event injection from pid 31457, KeyEvent:DOWN, keycode:4
06-19 15:46:40.612  2431  2635 W ActivityManager: Sending non-protected broadcast miui.intent.KEYCODE_BACK from system 2431:system/1000 pkg android. Callers=com.android.server.am.ActivityManagerService.broadcastIntentLocked:13794 com.android.server.am.ActivityManagerService.broadcastIntentLocked:13204 com.android.server.am.ActivityManagerService.broadcastIntentWithFeature:14053 android.app.ContextImpl.sendBroadcastAsUser:1400 com.android.server.policy.BaseMiuiPhoneWindowManager$16.run:2837
06-19 15:46:40.612  2431  2938 D WindowManager: interceptKeyTi keyCode=4 down=true repeatCount=0 keyguardOn=false canceled=false
06-19 15:46:40.612  2431  2635 W ActivityManager: Sending non-protected broadcast miui.intent.KEYCODE_BACK from system 2431:system/1000 pkg android. Callers=com.android.server.am.ActivityManagerService.broadcastIntentLocked:13893 com.android.server.am.ActivityManagerService.broadcastIntentLocked:13204 com.android.server.am.ActivityManagerService.broadcastIntentWithFeature:14053 android.app.ContextImpl.sendBroadcastAsUser:1400 com.android.server.policy.BaseMiuiPhoneWindowManager$16.run:2837
06-19 15:46:40.612  1265  2358 I vendor.qti.hardware.display.composer-service: FrameNotifyProcess Sensor: notify citsensorservice to trigger cwb
06-19 15:46:40.613  2018  7182 I libcitsensorservice@2.0-impl: msg_transfer
06-19 15:46:40.613  2431  2938 D MIUIInput: [KeyEvent] publisher action:0x0,  keyCode:4 , 353785197,channel '3e15da0 cn.missevan/cn.missevan.activity.MainActivity (server)'
06-19 15:46:40.614  2018  3098 D vendor.xiaomi.sensor.citsensorservice@2.0-service: handle id:9 wxh:1280x2400 uwxuh:1080x2400 size: 9216000 fd:15 fd_meta:16 flags:0x4000228 usage:0x33  format:0x3 layer_count: 1
06-19 15:46:40.614  1265  1889 I SDM     : HWCSession::SetCWBOutputBuffer: CWB config passed by cwb_client : tappoint 1  CWB_ROI : (829.000000 4.000000 915.000000 90.000000)
06-19 15:46:40.615 31540 31540 D MIUIInput: [KeyEvent] ViewRootImpl windowName 'cn.missevan/cn.missevan.activity.MainActivity', KeyEvent { action=ACTION_DOWN, keyCode=KEYCODE_BACK, scanCode=0, metaState=0, flags=0x0, repeatCount=0, eventTime=353785197, downTime=353785197, deviceId=-1, source=0x101, displayId=-1 }, phoneEventTime=15:46:40.597
06-19 15:46:40.615  1265 32570 I SDM     : HWCSession::ProcessRequests: Successfully configured CWB buffer.
06-19 15:46:40.619  2431  4483 W MiuiInputKeyEventLog: keyCode:4 down:false eventTime:353785197 downTime:353785197 policyFlags:2b000000 flags:0 metaState:0 deviceId:-1 isScreenOn:true keyguardActive:false repeatCount:0
06-19 15:46:40.620  2431  4483 D WindowManager: interceptKeyTq keycode=4 interactive=true keyguardActive=false policyFlags=2b000000
06-19 15:46:40.620  2431  4483 D MIUIInput: Input event injection from pid 31457, KeyEvent:UP, keycode:4
06-19 15:46:40.620  2431  2938 D WindowManager: interceptKeyTi keyCode=4 down=false repeatCount=0 keyguardOn=false canceled=false
06-19 15:46:40.621  2431  2938 D MIUIInput: [KeyEvent] publisher action:0x1,  keyCode:4 , 353785197,channel '3e15da0 cn.missevan/cn.missevan.activity.MainActivity (server)'
06-19 15:46:40.621  2431  2635 W ActivityManager: Sending non-protected broadcast miui.intent.KEYCODE_BACK from system 2431:system/1000 pkg android. Callers=com.android.server.am.ActivityManagerService.broadcastIntentLocked:13794 com.android.server.am.ActivityManagerService.broadcastIntentLocked:13204 com.android.server.am.ActivityManagerService.broadcastIntentWithFeature:14053 android.app.ContextImpl.sendBroadcastAsUser:1400 com.android.server.policy.BaseMiuiPhoneWindowManager$16.run:2837
06-19 15:46:40.621 31540 31540 D MIUIInput: [KeyEvent] ViewRootImpl windowName 'cn.missevan/cn.missevan.activity.MainActivity', KeyEvent { action=ACTION_UP, keyCode=KEYCODE_BACK, scanCode=0, metaState=0, flags=0x0, repeatCount=0, eventTime=353785197, downTime=353785197, deviceId=-1, source=0x101, displayId=-1 }, phoneEventTime=15:46:40.597
06-19 15:46:40.621  2431  2635 W ActivityManager: Sending non-protected broadcast miui.intent.KEYCODE_BACK from system 2431:system/1000 pkg android. Callers=com.android.server.am.ActivityManagerService.broadcastIntentLocked:13893 com.android.server.am.ActivityManagerService.broadcastIntentLocked:13204 com.android.server.am.ActivityManagerService.broadcastIntentWithFeature:14053 android.app.ContextImpl.sendBroadcastAsUser:1400 com.android.server.policy.BaseMiuiPhoneWindowManager$16.run:2837
06-19 15:46:40.625 31540 31540 D IS_CTS_MODE: true
06-19 15:46:40.625 31540 31540 D MULTI_WINDOW_SWITCH_ENABLED: false
06-19 15:46:40.630  1265 32570 I SDM     : HWCSession::ProcessRequests: Pushing release fence in fenece wait queue.
06-19 15:46:40.630  1265 32570 I SDM     : HWCSession::ProcessRequests: Creating AsyncFenceWaits async thread.
06-19 15:46:40.635  1265 32570 I SDM     : HWCSession::ProcessRequests: Remove current CWB request from the pending request queue.
06-19 15:46:40.635  1265 32570 I SDM     : HWCSession::ProcessRequests: No pending cwb requests found in the queue.
06-19 15:46:40.636 31474 31511 I appium  : AppiumResponse: {"sessionId":"a6b5e7da-4d2b-4f41-acf9-63a2775631d3","value":null}
06-19 15:46:40.636  1265  1584 I SDM     : HWDeviceDRM::SetupConcurrentWriteback: Tear down the Concurrent Writeback topology
06-19 15:46:40.648  1265 32571 I SDM     : HWCSession::NotifyCWBStatus: Notify the client about buffer status 0.
06-19 15:46:40.648  1265 32571 I SDM     : HWCSession::PerformFenceWaits: Remove current release fence from the pending fence wait queue.
06-19 15:46:40.648  1265 32571 I SDM     : HWCSession::PerformFenceWaits: CWB fence queue is empty. No pending release fence to wait on.
06-19 15:46:40.650  2431  4483 W InputManager-JNI: Input channel object '7f00b2b cn.missevan/cn.missevan.activity.MainActivity (client)' was disposed without first being removed with the input manager!
06-19 15:46:40.662 31474 31511 I appium  : channel read: POST /wd/hub/session/a6b5e7da-4d2b-4f41-acf9-63a2775631d3/element
06-19 15:46:40.663 31474 31511 I appium  : FindElement command
06-19 15:46:40.664 31474 31511 I appium  : method: 'id', selector: 'cn.missevan:id/fl_search'
06-19 15:46:40.665 31474 31511 I appium  : Waiting up to 100ms for the device to idle
06-19 15:46:40.669 31540 31540 D DecorView[MainActivity]: getWindowModeFromSystem  windowmode is 1
06-19 15:46:40.669 31540 31540 D DecorView[MainActivity]: updateDecorCaptionStatus displayWindowDecor is false
06-19 15:46:40.671  2431  4792 I WindowManagerService: Physical orientation applied, rotation=0 sfOrientation=ORIENTATION_0
06-19 15:46:40.773 31474 31511 W QueryController: Could not detect idle state.
06-19 15:46:40.812 31474 31511 I appium  : AppiumResponse: {"sessionId":"a6b5e7da-4d2b-4f41-acf9-63a2775631d3","value":{"ELEMENT":"00000000-0000-0663-ffff-ffff0000003b","element-6066-11e4-a52e-4f735466cecf":"00000000-0000-0663-ffff-ffff0000003b"}}
06-19 15:46:40.828 31474 31511 I appium  : channel read: POST /wd/hub/session/a6b5e7da-4d2b-4f41-acf9-63a2775631d3/element/00000000-0000-0663-ffff-ffff0000003b/click
06-19 15:46:40.829 31474 31511 I appium  : Click command
06-19 15:46:40.876  2018  3127 D libsensor-displayalgo: the value of  brightness:438.000000,R:35636749.629531,G:28273007.102206,B:679905.209946,EVENT_C:4745.500000,EVENT_R:1890.500000,EVENT_G:2379.000000,EVENT_B:909.000000
06-19 15:46:40.876  2018  3127 I libsensor-displayalgo: the value of  Coef1:1107.681000,Coef4:2.383000, scale1:0.935522, scale4:0.923264
06-19 15:46:40.876  2018  3127 E libsensor-displayalgo: RGB_test_0407_400_oldzy!
06-19 15:46:40.876  2018  3127 I libsensor-displayalgo: the value of  RESULT1584.224374,660.069812,787.551596,246.186727
06-19 15:46:40.876  2018  3127 I libsensor-displayalgo: the value of  getChannelDataCalibrated1660.972771,611.351873,915.374511,268.696247
06-19 15:46:40.876  2018  3127 I libsensor-displayalgo: the value of  REAL LUX184.042969
06-19 15:46:40.876  2018  3127 I libsensor-displayalgo: the value of  CAL REAL LUX184.042969
06-19 15:46:40.913  1265  2358 I vendor.qti.hardware.display.composer-service: FrameNotifyProcess Sensor: notify citsensorservice to trigger cwb
06-19 15:46:40.913  2018  2108 I libcitsensorservice@2.0-impl: msg_transfer
06-19 15:46:40.913  2018  3098 D vendor.xiaomi.sensor.citsensorservice@2.0-service: handle id:9 wxh:1280x2400 uwxuh:1080x2400 size: 9216000 fd:15 fd_meta:16 flags:0x4000228 usage:0x33  format:0x3 layer_count: 1
06-19 15:46:40.914  1265  1889 I SDM     : HWCSession::SetCWBOutputBuffer: CWB config passed by cwb_client : tappoint 1  CWB_ROI : (829.000000 4.000000 915.000000 90.000000)
06-19 15:46:40.916  1265 32573 I SDM     : HWCSession::ProcessRequests: Successfully configured CWB buffer.
06-19 15:46:40.925  1265 32573 I SDM     : HWCSession::ProcessRequests: Pushing release fence in fenece wait queue.
06-19 15:46:40.925  1265 32573 I SDM     : HWCSession::ProcessRequests: Creating AsyncFenceWaits async thread.
06-19 15:46:40.925  1265 32573 I SDM     : HWCSession::ProcessRequests: Remove current CWB request from the pending request queue.
06-19 15:46:40.925  1265 32573 I SDM     : HWCSession::ProcessRequests: No pending cwb requests found in the queue.
06-19 15:46:40.929  1265  1584 I SDM     : HWDeviceDRM::SetupConcurrentWriteback: Tear down the Concurrent Writeback topology
06-19 15:46:40.939  1265 32574 I SDM     : HWCSession::NotifyCWBStatus: Notify the client about buffer status 0.
06-19 15:46:40.940  1265 32574 I SDM     : HWCSession::PerformFenceWaits: Remove current release fence from the pending fence wait queue.
06-19 15:46:40.940  1265 32574 I SDM     : HWCSession::PerformFenceWaits: CWB fence queue is empty. No pending release fence to wait on.
06-19 15:46:41.176  2018  3127 D libsensor-displayalgo: the value of  brightness:438.000000,R:77375716.939127,G:77376143.464170,B:77391269.635761,EVENT_C:5267.000000,EVENT_R:2052.000000,EVENT_G:2668.000000,EVENT_B:1026.000000
06-19 15:46:41.176  2018  3127 I libsensor-displayalgo: the value of  Coef1:1107.681000,Coef4:2.383000, scale1:0.935522, scale4:0.923264
06-19 15:46:41.176  2018  3127 E libsensor-displayalgo: RGB_test_0407_400_oldzy!
06-19 15:46:41.176  2018  3127 I libsensor-displayalgo: the value of  RESULT3118.837702,1232.115395,1511.231984,565.637200
06-19 15:46:41.176  2018  3127 I libsensor-displayalgo: the value of  getChannelDataCalibrated3269.931069,1141.176343,1756.511250,617.354941
06-19 15:46:41.176  2018  3127 I libsensor-displayalgo: the value of  REAL LUX114.879013
06-19 15:46:41.176  2018  3127 I libsensor-displayalgo: the value of  CAL REAL LUX114.879013
06-19 15:46:41.292  1265  2358 I vendor.qti.hardware.display.composer-service: FrameNotifyProcess Sensor: notify citsensorservice to trigger cwb
06-19 15:46:41.293  2018  7182 I libcitsensorservice@2.0-impl: msg_transfer
06-19 15:46:41.293  2018  3098 D vendor.xiaomi.sensor.citsensorservice@2.0-service: handle id:9 wxh:1280x2400 uwxuh:1080x2400 size: 9216000 fd:15 fd_meta:16 flags:0x4000228 usage:0x33  format:0x3 layer_count: 1
06-19 15:46:41.294  1265  1889 I SDM     : HWCSession::SetCWBOutputBuffer: CWB config passed by cwb_client : tappoint 1  CWB_ROI : (829.000000 4.000000 915.000000 90.000000)
06-19 15:46:41.297  1265 32580 I SDM     : HWCSession::ProcessRequests: Successfully configured CWB buffer.
06-19 15:46:41.306  1265 32580 I SDM     : HWCSession::ProcessRequests: Pushing release fence in fenece wait queue.
06-19 15:46:41.306  1265 32580 I SDM     : HWCSession::ProcessRequests: Creating AsyncFenceWaits async thread.
06-19 15:46:41.306  1265 32580 I SDM     : HWCSession::ProcessRequests: Remove current CWB request from the pending request queue.
06-19 15:46:41.306  1265 32580 I SDM     : HWCSession::ProcessRequests: No pending cwb requests found in the queue.
06-19 15:46:41.310  1265  1584 I SDM     : HWDeviceDRM::SetupConcurrentWriteback: Tear down the Concurrent Writeback topology
06-19 15:46:41.317  1265 32581 I SDM     : HWCSession::NotifyCWBStatus: Notify the client about buffer status 0.
06-19 15:46:41.317  1265 32581 I SDM     : HWCSession::PerformFenceWaits: Remove current release fence from the pending fence wait queue.
06-19 15:46:41.317  1265 32581 I SDM     : HWCSession::PerformFenceWaits: CWB fence queue is empty. No pending release fence to wait on.
06-19 15:46:41.327 31474 31511 W QueryController: Could not detect idle state.
06-19 15:46:41.364  2431  4792 D MIUIInput: Input event injection from pid 31457, MotionEvent: DOWN
06-19 15:46:41.365  2431  2938 D MIUIInput: [MotionEvent] publisher action=0x4, 353785956, channel '7c87e50 NavigationBar0 (server)'
06-19 15:46:41.365  2431  2938 D MIUIInput: [MotionEvent] publisher action=0x0, 353785956, channel '3e15da0 cn.missevan/cn.missevan.activity.MainActivity (server)'
06-19 15:46:41.366 31540 31540 D MIUIInput: [MotionEvent] ViewRootImpl windowName 'cn.missevan/cn.missevan.activity.MainActivity', { action=ACTION_DOWN, id[0]=0, pointerCount=1, eventTime=353785956, downTime=353785955, phoneEventTime=15:46:41.356 } moveCount:0
06-19 15:46:41.373  2431  4792 D MIUIInput: Input event injection from pid 31457, MotionEvent: UP
06-19 15:46:41.374  2431  2938 D MIUIInput: [MotionEvent] publisher action=0x1, 353785956, channel '3e15da0 cn.missevan/cn.missevan.activity.MainActivity (server)'
06-19 15:46:41.375 31540 31540 D MIUIInput: [MotionEvent] ViewRootImpl windowName 'cn.missevan/cn.missevan.activity.MainActivity', { action=ACTION_UP, id[0]=0, pointerCount=1, eventTime=353785956, downTime=353785955, phoneEventTime=15:46:41.356 } moveCount:0
06-19 15:46:41.385 31474 31511 I appium  : Waiting up to 100ms for the device to idle
06-19 15:46:41.393 31540 31540 I HandWritingStubImpl: isKeyboardTypeChanged: false
06-19 15:46:41.393 31540 31540 I HandWritingStubImpl: isKeyboardTypeChanged: false
06-19 15:46:41.393 31540 31540 I HandWritingStubImpl: isKeyboardTypeChanged: false
06-19 15:46:41.394 31540 31540 I HandWritingStubImpl: isKeyboardTypeChanged: false
06-19 15:46:41.394 31540 31540 I HandWritingStubImpl: isKeyboardTypeChanged: false
06-19 15:46:41.417 31540 31540 I HandWritingStubImpl: refreshLastKeyboardType: 1
06-19 15:46:41.418 31540 31540 I HandWritingStubImpl: getCurrentKeyboardType: 1
06-19 15:46:41.422  2431  5698 W ProcessStats: Tracking association SourceState{247f7ff com.milink.service:audio/10123 BTopFgs #135122} whose proc state 2 is better than process ProcessState{5114ddc com.milink.runtime/10123 pkg=com.milink.service} proc state 3 (57 skipped)
06-19 15:46:41.431  2431  4792 W InputManager-JNI: Input channel object '16b4bf1 InputMethod (client)' was disposed without first being removed with the input manager!
06-19 15:46:41.442 25657 25657 I LatinIME: onDestroy
06-19 15:46:41.443 13581 13581 D MigrateFileUtils: not_granted_external_storage
06-19 15:46:41.453 13581 13581 D EdgeSuppression: vertical_edge_suppression_size is changed from to 33
06-19 15:46:41.454 13581 13581 D EdgeSuppression: vertical_edge_suppression_size is changed to 33
06-19 15:46:41.454 13581 13581 W Settings: Setting device_provisioned has moved from android.provider.Settings.Secure to android.provider.Settings.Global, returning global URI.
06-19 15:46:41.460 31540 31540 I HandWritingStubImpl: isKeyboardTypeChanged: false
06-19 15:46:41.460 13581 13581 D SogouIME: SogouIME.onCreate
06-19 15:46:41.460 13581 13581 E BaseInputMethodService: onCreate
06-19 15:46:41.463 13581 13581 D IS_CTS_MODE: true
06-19 15:46:41.463 13581 13581 D MULTI_WINDOW_SWITCH_ENABLED: false
06-19 15:46:41.463 31540 31540 V TextView: sendCursorInfo support:true
06-19 15:46:41.463 31540 31540 I HandWritingStubImpl: isKeyboardTypeChanged: false
06-19 15:46:41.464  2431  2431 E RemoteFillService: Error calling on fill request
06-19 15:46:41.464  2431  2431 E RemoteFillService: java.util.concurrent.CancellationException
06-19 15:46:41.464  2431  2431 E RemoteFillService: 	at java.util.concurrent.CompletableFuture.cancel(CompletableFuture.java:2292)
06-19 15:46:41.464  2431  2431 E RemoteFillService: 	at com.android.internal.infra.AndroidFuture.cancel(AndroidFuture.java:154)
06-19 15:46:41.464  2431  2431 E RemoteFillService: 	at com.android.internal.infra.ServiceConnector$Impl$CompletionAwareJob.cancel(ServiceConnector.java:711)
