12-22 12:22:55.817 30968 30968 I HandWritingStubImpl: isKeyboardTypeChanged: false
12-22 12:22:55.826 30968 30968 I HandWritingStubImpl: isKeyboardTypeChanged: false
12-22 12:22:55.834 30968 30968 I HandWritingStubImpl: isKeyboardTypeChanged: false
12-22 12:22:55.842 30968 30968 I HandWritingStubImpl: isKeyboardTypeChanged: false
12-22 12:22:55.850 30968 30968 I HandWritingStubImpl: isKeyboardTypeChanged: false
12-22 12:22:55.858 30968 30968 I HandWritingStubImpl: isKeyboardTypeChanged: false
12-22 12:22:55.867 30968 30968 I HandWritingStubImpl: isKeyboardTypeChanged: false
12-22 12:22:55.875 30968 30968 I HandWritingStubImpl: isKeyboardTypeChanged: false
12-22 12:22:55.881  2027  3285 D libsensor-displayalgo: the value of  brightness:384.000000,R:9604960.604339,G:7804241.495808,B:8587774.544631,EVENT_C:1737.000000,EVENT_R:901.000000,EVENT_G:882.500000,EVENT_B:431.000000
12-22 12:22:55.881  2027  3285 I libsensor-displayalgo: the value of  Coef1:1107.681000,Coef4:2.383000, scale1:0.935522, scale4:0.923264
12-22 12:22:55.881  2027  3285 E libsensor-displayalgo: RGB_black_white_scenario_0822!
12-22 12:22:55.881  2027  3285 I libsensor-displayalgo: the value of  RESULT263.878576,100.386701,133.510771,46.659920
12-22 12:22:55.881  2027  3285 I libsensor-displayalgo: the value of  getChannelDataCalibrated275.560573,93.092326,154.227778,50.540839
12-22 12:22:55.881  2027  3285 I libsensor-displayalgo: the value of  REAL LUX74.910507
12-22 12:22:55.881  2027  3285 I libsensor-displayalgo: the value of  CAL REAL LUX74.910507
12-22 12:22:55.883 30968 30968 I HandWritingStubImpl: isKeyboardTypeChanged: false
12-22 12:22:55.891 30968 30968 I HandWritingStubImpl: isKeyboardTypeChanged: false
12-22 12:22:55.900 30968 30968 I HandWritingStubImpl: isKeyboardTypeChanged: false
12-22 12:22:55.908 30968 30968 I HandWritingStubImpl: isKeyboardTypeChanged: false
12-22 12:22:55.916 30968 30968 I HandWritingStubImpl: isKeyboardTypeChanged: false
12-22 12:22:55.925 30968 30968 I HandWritingStubImpl: isKeyboardTypeChanged: false
12-22 12:22:55.934 30968 30968 I HandWritingStubImpl: isKeyboardTypeChanged: false
12-22 12:22:55.941 30968 30968 I HandWritingStubImpl: isKeyboardTypeChanged: false
12-22 12:22:55.949 30968 30968 I HandWritingStubImpl: isKeyboardTypeChanged: false
12-22 12:22:55.957 30968 30968 I HandWritingStubImpl: isKeyboardTypeChanged: false
12-22 12:22:55.965 30968 30968 I HandWritingStubImpl: isKeyboardTypeChanged: false
12-22 12:22:55.974 30968 30968 I HandWritingStubImpl: isKeyboardTypeChanged: false
12-22 12:22:55.982 30968 30968 I HandWritingStubImpl: isKeyboardTypeChanged: false
12-22 12:22:55.990 30968 30968 I HandWritingStubImpl: isKeyboardTypeChanged: false
12-22 12:22:55.996  1251  2448 I vendor.qti.hardware.display.composer-service: FrameNotifyProcess Sensor: notify citsensorservice to trigger cwb
12-22 12:22:55.996  2027  2027 I libcitsensorservice@2.0-impl: msg_transfer
12-22 12:22:55.996  2027  3266 D vendor.xiaomi.sensor.citsensorservice@2.0-service: handle id:10 wxh:1280x2400 uwxuh:1080x2400 size: 9216000 fd:15 fd_meta:16 flags:0x4000228 usage:0x33  format:0x3 layer_count: 1
12-22 12:22:55.997  1251  2215 I SDM     : HWCSession::SetCWBOutputBuffer: CWB config passed by cwb_client : tappoint 1  CWB_ROI : (829.000000 4.000000 915.000000 90.000000)
12-22 12:22:55.998  1251 32032 I SDM     : HWCSession::ProcessRequests: Successfully configured CWB buffer.
12-22 12:22:55.998 30968 30968 I HandWritingStubImpl: isKeyboardTypeChanged: false
12-22 12:22:56.008  1251 32032 I SDM     : HWCSession::ProcessRequests: Pushing release fence in fenece wait queue.
12-22 12:22:56.008  1251 32032 I SDM     : HWCSession::ProcessRequests: Creating AsyncFenceWaits async thread.
12-22 12:22:56.008  1251 32032 I SDM     : HWCSession::ProcessRequests: Remove current CWB request from the pending request queue.
12-22 12:22:56.008  1251 32032 I SDM     : HWCSession::ProcessRequests: No pending cwb requests found in the queue.
12-22 12:22:56.013  1251  1467 I SDM     : HWDeviceDRM::SetupConcurrentWriteback: Tear down the Concurrent Writeback topology
12-22 12:22:56.015 30968 30968 I HandWritingStubImpl: isKeyboardTypeChanged: false
12-22 12:22:56.021  1251 32033 I SDM     : HWCSession::NotifyCWBStatus: Notify the client about buffer status 0.
12-22 12:22:56.022  1251 32033 I SDM     : HWCSession::PerformFenceWaits: Remove current release fence from the pending fence wait queue.
12-22 12:22:56.022  1251 32033 I SDM     : HWCSession::PerformFenceWaits: CWB fence queue is empty. No pending release fence to wait on.
12-22 12:22:56.023 30968 30968 I HandWritingStubImpl: isKeyboardTypeChanged: false
12-22 12:22:56.032 30968 30968 I HandWritingStubImpl: isKeyboardTypeChanged: false
12-22 12:22:56.039 30968 30968 I HandWritingStubImpl: isKeyboardTypeChanged: false
12-22 12:22:56.043  5773  8966 D SLM-SRV-SLAService: checktemp temperature = 36765 temperature_average = 36487 isPerformanceMode = false thermal_enable_slm = true
12-22 12:22:56.047 30968 30968 I HandWritingStubImpl: isKeyboardTypeChanged: false
12-22 12:22:56.056 30968 30968 I HandWritingStubImpl: isKeyboardTypeChanged: false
12-22 12:22:56.064 30968 30968 I HandWritingStubImpl: isKeyboardTypeChanged: false
12-22 12:22:56.072 30968 30968 I HandWritingStubImpl: isKeyboardTypeChanged: false
12-22 12:22:56.080 30968 30968 I HandWritingStubImpl: isKeyboardTypeChanged: false
12-22 12:22:56.089 30968 30968 I HandWritingStubImpl: isKeyboardTypeChanged: false
12-22 12:22:56.097 30968 30968 I HandWritingStubImpl: isKeyboardTypeChanged: false
12-22 12:22:56.105 30968 30968 I HandWritingStubImpl: isKeyboardTypeChanged: false
12-22 12:22:56.113 30968 30968 I HandWritingStubImpl: isKeyboardTypeChanged: false
12-22 12:22:56.122 30968 30968 I HandWritingStubImpl: isKeyboardTypeChanged: false
12-22 12:22:56.131 30968 30968 I HandWritingStubImpl: isKeyboardTypeChanged: false
12-22 12:22:56.138 30968 30968 I HandWritingStubImpl: isKeyboardTypeChanged: false
12-22 12:22:56.146 30968 30968 I HandWritingStubImpl: isKeyboardTypeChanged: false
12-22 12:22:56.154 30968 30968 I HandWritingStubImpl: isKeyboardTypeChanged: false
12-22 12:22:56.163 30968 30968 I HandWritingStubImpl: isKeyboardTypeChanged: false
12-22 12:22:56.171 30968 30968 I HandWritingStubImpl: isKeyboardTypeChanged: false
12-22 12:22:56.179 30968 30968 I HandWritingStubImpl: isKeyboardTypeChanged: false
12-22 12:22:56.181  2027  3285 D libsensor-displayalgo: the value of  brightness:384.000000,R:9604960.604339,G:7804241.495808,B:8587774.544631,EVENT_C:1748.000000,EVENT_R:908.000000,EVENT_G:890.000000,EVENT_B:434.000000
12-22 12:22:56.181  2027  3285 I libsensor-displayalgo: the value of  Coef1:1107.681000,Coef4:2.383000, scale1:0.935522, scale4:0.923264
12-22 12:22:56.181  2027  3285 E libsensor-displayalgo: RGB_black_white_scenario_0822!
12-22 12:22:56.181  2027  3285 I libsensor-displayalgo: the value of  RESULT263.878576,100.386701,133.510771,46.659920
12-22 12:22:56.181  2027  3285 I libsensor-displayalgo: the value of  getChannelDataCalibrated275.560573,93.092326,154.227778,50.540839
12-22 12:22:56.181  2027  3285 I libsensor-displayalgo: the value of  REAL LUX75.520454
12-22 12:22:56.181  2027  3285 I libsensor-displayalgo: the value of  CAL REAL LUX75.520454
12-22 12:22:56.181  2027  3285 I libsensor-ssccalapi: value of set_lux: 66.021164
12-22 12:22:56.187 30968 30968 I HandWritingStubImpl: isKeyboardTypeChanged: false
12-22 12:22:56.196 30968 30968 I HandWritingStubImpl: isKeyboardTypeChanged: false
12-22 12:22:56.204 30968 30968 I HandWritingStubImpl: isKeyboardTypeChanged: false
12-22 12:22:56.212 30968 30968 I HandWritingStubImpl: isKeyboardTypeChanged: false
12-22 12:22:56.220 30968 30968 I HandWritingStubImpl: isKeyboardTypeChanged: false
12-22 12:22:56.229 30968 30968 I HandWritingStubImpl: isKeyboardTypeChanged: false
12-22 12:22:56.237 30968 30968 I HandWritingStubImpl: isKeyboardTypeChanged: false
12-22 12:22:56.245 30968 30968 I HandWritingStubImpl: isKeyboardTypeChanged: false
12-22 12:22:56.253 30968 30968 I HandWritingStubImpl: isKeyboardTypeChanged: false
12-22 12:22:56.262 30968 30968 I HandWritingStubImpl: isKeyboardTypeChanged: false
12-22 12:22:56.270 30968 30968 I HandWritingStubImpl: isKeyboardTypeChanged: false
12-22 12:22:56.278 30968 30968 I HandWritingStubImpl: isKeyboardTypeChanged: false
12-22 12:22:56.286 30968 30968 I HandWritingStubImpl: isKeyboardTypeChanged: false
12-22 12:22:56.294 30968 30968 I HandWritingStubImpl: isKeyboardTypeChanged: false
12-22 12:22:56.301  1251  2448 I vendor.qti.hardware.display.composer-service: FrameNotifyProcess Sensor: notify citsensorservice to trigger cwb
12-22 12:22:56.301  2027  2027 I libcitsensorservice@2.0-impl: msg_transfer
12-22 12:22:56.301  2027  3266 D vendor.xiaomi.sensor.citsensorservice@2.0-service: handle id:10 wxh:1280x2400 uwxuh:1080x2400 size: 9216000 fd:15 fd_meta:16 flags:0x4000228 usage:0x33  format:0x3 layer_count: 1
12-22 12:22:56.301  1251  2215 I SDM     : HWCSession::SetCWBOutputBuffer: CWB config passed by cwb_client : tappoint 1  CWB_ROI : (829.000000 4.000000 915.000000 90.000000)
12-22 12:22:56.302  1251 32034 I SDM     : HWCSession::ProcessRequests: Successfully configured CWB buffer.
12-22 12:22:56.303 30968 30968 I HandWritingStubImpl: isKeyboardTypeChanged: false
12-22 12:22:56.311  1251 32034 I SDM     : HWCSession::ProcessRequests: Pushing release fence in fenece wait queue.
12-22 12:22:56.311  1251 32034 I SDM     : HWCSession::ProcessRequests: Creating AsyncFenceWaits async thread.
12-22 12:22:56.311 30968 30968 I HandWritingStubImpl: isKeyboardTypeChanged: false
12-22 12:22:56.311  1251 32034 I SDM     : HWCSession::ProcessRequests: Remove current CWB request from the pending request queue.
12-22 12:22:56.311  1251 32034 I SDM     : HWCSession::ProcessRequests: No pending cwb requests found in the queue.
12-22 12:22:56.318  1251  1467 I SDM     : HWDeviceDRM::SetupConcurrentWriteback: Tear down the Concurrent Writeback topology
12-22 12:22:56.319 30968 30968 I HandWritingStubImpl: isKeyboardTypeChanged: false
12-22 12:22:56.325  1251 32035 I SDM     : HWCSession::NotifyCWBStatus: Notify the client about buffer status 0.
12-22 12:22:56.325  1251 32035 I SDM     : HWCSession::PerformFenceWaits: Remove current release fence from the pending fence wait queue.
12-22 12:22:56.325  1251 32035 I SDM     : HWCSession::PerformFenceWaits: CWB fence queue is empty. No pending release fence to wait on.
12-22 12:22:56.329 30968 30968 I HandWritingStubImpl: isKeyboardTypeChanged: false
12-22 12:22:56.336 30968 30968 I HandWritingStubImpl: isKeyboardTypeChanged: false
12-22 12:22:56.344 30968 30968 I HandWritingStubImpl: isKeyboardTypeChanged: false
12-22 12:22:56.352 30968 30968 I HandWritingStubImpl: isKeyboardTypeChanged: false
12-22 12:22:56.360 30968 30968 I HandWritingStubImpl: isKeyboardTypeChanged: false
12-22 12:22:56.369 30968 30968 I HandWritingStubImpl: isKeyboardTypeChanged: false
12-22 12:22:56.377 30968 30968 I HandWritingStubImpl: isKeyboardTypeChanged: false
12-22 12:22:56.381  1328  1328 D SRE     : sensorCallback mDisplayId = 0 dataCallback value=<  66.0212,  91.3201, 384.0000>,time=1415826847045117, sensor=5, temperature(K)=  91.3201
12-22 12:22:56.381  1328  1328 D SRE     : setSREStrength mDisplayId = 0, mLastLux = 48, lux = 66, mSREEnabled = 1, mLastFreezeStatus = 0, freeze = 0
12-22 12:22:56.385 30968 30968 I HandWritingStubImpl: isKeyboardTypeChanged: false
12-22 12:22:56.394 30968 30968 I HandWritingStubImpl: isKeyboardTypeChanged: false
12-22 12:22:56.402 30968 30968 I HandWritingStubImpl: isKeyboardTypeChanged: false
12-22 12:22:56.410 30968 30968 I HandWritingStubImpl: isKeyboardTypeChanged: false
12-22 12:22:56.418 30968 30968 I HandWritingStubImpl: isKeyboardTypeChanged: false
12-22 12:22:56.428 30968 30968 I HandWritingStubImpl: isKeyboardTypeChanged: false
12-22 12:22:56.435 30968 30968 I HandWritingStubImpl: isKeyboardTypeChanged: false
12-22 12:22:56.443 30968 30968 I HandWritingStubImpl: isKeyboardTypeChanged: false
12-22 12:22:56.451 30968 30968 I HandWritingStubImpl: isKeyboardTypeChanged: false
12-22 12:22:56.459 30968 30968 I HandWritingStubImpl: isKeyboardTypeChanged: false
12-22 12:22:56.468 30968 30968 I HandWritingStubImpl: isKeyboardTypeChanged: false
12-22 12:22:56.476 30968 30968 I HandWritingStubImpl: isKeyboardTypeChanged: false
12-22 12:22:56.484 30968 30968 I HandWritingStubImpl: isKeyboardTypeChanged: false
12-22 12:22:56.492 30968 30968 I HandWritingStubImpl: isKeyboardTypeChanged: false
12-22 12:22:56.500 30968 30968 I HandWritingStubImpl: isKeyboardTypeChanged: false
12-22 12:22:56.509 30968 30968 I HandWritingStubImpl: isKeyboardTypeChanged: false
12-22 12:22:56.517 30968 30968 I HandWritingStubImpl: isKeyboardTypeChanged: false
12-22 12:22:56.525 30968 30968 I HandWritingStubImpl: isKeyboardTypeChanged: false
12-22 12:22:56.534 30968 30968 I HandWritingStubImpl: isKeyboardTypeChanged: false
12-22 12:22:56.541 30968 30968 I HandWritingStubImpl: isKeyboardTypeChanged: false
12-22 12:22:56.550 30968 30968 I HandWritingStubImpl: isKeyboardTypeChanged: false
12-22 12:22:56.558 30968 30968 I HandWritingStubImpl: isKeyboardTypeChanged: false
12-22 12:22:56.566 30968 30968 I HandWritingStubImpl: isKeyboardTypeChanged: false
12-22 12:22:56.574 30968 30968 I HandWritingStubImpl: isKeyboardTypeChanged: false
12-22 12:22:56.581  2027  3285 D libsensor-displayalgo: the value of  brightness:384.000000,R:9604960.604339,G:7804241.495808,B:8587774.544631,EVENT_C:1747.500000,EVENT_R:905.000000,EVENT_G:889.000000,EVENT_B:435.000000
12-22 12:22:56.581  2027  3285 I libsensor-displayalgo: the value of  Coef1:1107.681000,Coef4:2.383000, scale1:0.935522, scale4:0.923264
12-22 12:22:56.581  2027  3285 E libsensor-displayalgo: RGB_black_white_scenario_0822!
12-22 12:22:56.581  2027  3285 I libsensor-displayalgo: the value of  RESULT263.878576,100.386701,133.510771,46.659920
12-22 12:22:56.581  2027  3285 I libsensor-displayalgo: the value of  getChannelDataCalibrated275.560573,93.092326,154.227778,50.540839
12-22 12:22:56.581  2027  3285 I libsensor-displayalgo: the value of  REAL LUX75.471542
12-22 12:22:56.581  2027  3285 I libsensor-displayalgo: the value of  CAL REAL LUX75.471542
12-22 12:22:56.581  2027  3285 I libsensor-ssccalapi: value of set_lux: 74.910507
12-22 12:22:56.583 30968 30968 I HandWritingStubImpl: isKeyboardTypeChanged: false
12-22 12:22:56.584  9768 31652 I SafeBinderCall: onPositionChange binder cost:2
12-22 12:22:56.584  4496  4496 D MiPlayDetailViewModel: onPositionChange(): position = 37038
12-22 12:22:56.607 30968 30968 I HandWritingStubImpl: isKeyboardTypeChanged: false
12-22 12:22:56.615 30968 30968 I HandWritingStubImpl: isKeyboardTypeChanged: false
12-22 12:22:56.621  1251  2448 I vendor.qti.hardware.display.composer-service: FrameNotifyProcess Sensor: notify citsensorservice to trigger cwb
12-22 12:22:56.622  2027  2096 I libcitsensorservice@2.0-impl: msg_transfer
12-22 12:22:56.622  2027  3266 D vendor.xiaomi.sensor.citsensorservice@2.0-service: handle id:10 wxh:1280x2400 uwxuh:1080x2400 size: 9216000 fd:15 fd_meta:16 flags:0x4000228 usage:0x33  format:0x3 layer_count: 1
12-22 12:22:56.622  1251  2215 I SDM     : HWCSession::SetCWBOutputBuffer: CWB config passed by cwb_client : tappoint 1  CWB_ROI : (829.000000 4.000000 915.000000 90.000000)
12-22 12:22:56.623  1251 32036 I SDM     : HWCSession::ProcessRequests: Successfully configured CWB buffer.
12-22 12:22:56.623 30968 30968 I HandWritingStubImpl: isKeyboardTypeChanged: false
12-22 12:22:56.633 30968 30968 I HandWritingStubImpl: isKeyboardTypeChanged: false
12-22 12:22:56.635  1251 32036 I SDM     : HWCSession::ProcessRequests: Pushing release fence in fenece wait queue.
12-22 12:22:56.635  1251 32036 I SDM     : HWCSession::ProcessRequests: Creating AsyncFenceWaits async thread.
12-22 12:22:56.635  1251 32036 I SDM     : HWCSession::ProcessRequests: Remove current CWB request from the pending request queue.
12-22 12:22:56.635  1251 32036 I SDM     : HWCSession::ProcessRequests: No pending cwb requests found in the queue.
12-22 12:22:56.639  1251  1467 I SDM     : HWDeviceDRM::SetupConcurrentWriteback: Tear down the Concurrent Writeback topology
12-22 12:22:56.640 30968 30968 I HandWritingStubImpl: isKeyboardTypeChanged: false
12-22 12:22:56.648 30968 30968 I HandWritingStubImpl: isKeyboardTypeChanged: false
12-22 12:22:56.650  1251 32037 I SDM     : HWCSession::NotifyCWBStatus: Notify the client about buffer status 0.
12-22 12:22:56.650  1251 32037 I SDM     : HWCSession::PerformFenceWaits: Remove current release fence from the pending fence wait queue.
12-22 12:22:56.650  1251 32037 I SDM     : HWCSession::PerformFenceWaits: CWB fence queue is empty. No pending release fence to wait on.
12-22 12:22:56.656 30968 30968 I HandWritingStubImpl: isKeyboardTypeChanged: false
12-22 12:22:56.665 30968 30968 I HandWritingStubImpl: isKeyboardTypeChanged: false
12-22 12:22:56.673 30968 30968 I HandWritingStubImpl: isKeyboardTypeChanged: false
12-22 12:22:56.681  1328  1328 D SRE     : sensorCallback mDisplayId = 0 dataCallback value=<  74.9100,  90.8733, 384.0000>,time=1415827147045325, sensor=5, temperature(K)=  90.8733
12-22 12:22:56.681  1328  1328 D SRE     : setSREStrength mDisplayId = 0, mLastLux = 66, lux = 74, mSREEnabled = 1, mLastFreezeStatus = 0, freeze = 0
12-22 12:22:56.681 30968 30968 I HandWritingStubImpl: isKeyboardTypeChanged: false
12-22 12:22:56.690 30968 30968 I HandWritingStubImpl: isKeyboardTypeChanged: false
12-22 12:22:56.698 30968 30968 I HandWritingStubImpl: isKeyboardTypeChanged: false
12-22 12:22:56.706 30968 30968 I HandWritingStubImpl: isKeyboardTypeChanged: false
12-22 12:22:56.714 30968 30968 I HandWritingStubImpl: isKeyboardTypeChanged: false
12-22 12:22:56.722 30968 30968 I HandWritingStubImpl: isKeyboardTypeChanged: false
12-22 12:22:56.732 30968 30968 I HandWritingStubImpl: isKeyboardTypeChanged: false
12-22 12:22:56.739 30968 30968 I HandWritingStubImpl: isKeyboardTypeChanged: false
12-22 12:22:56.747 30968 30968 I HandWritingStubImpl: isKeyboardTypeChanged: false
12-22 12:22:56.755 30968 30968 I HandWritingStubImpl: isKeyboardTypeChanged: false
12-22 12:22:56.764 30968 30968 I HandWritingStubImpl: isKeyboardTypeChanged: false
12-22 12:22:56.772 30968 30968 I HandWritingStubImpl: isKeyboardTypeChanged: false
12-22 12:22:56.780 30968 30968 I HandWritingStubImpl: isKeyboardTypeChanged: false
12-22 12:22:56.788 30968 30968 I HandWritingStubImpl: isKeyboardTypeChanged: false
12-22 12:22:56.796 30968 30968 I HandWritingStubImpl: isKeyboardTypeChanged: false
12-22 12:22:56.805 30968 30968 I HandWritingStubImpl: isKeyboardTypeChanged: false
12-22 12:22:56.813 30968 30968 I HandWritingStubImpl: isKeyboardTypeChanged: false
12-22 12:22:56.821 30968 30968 I HandWritingStubImpl: isKeyboardTypeChanged: false
12-22 12:22:56.830 30968 30968 I HandWritingStubImpl: isKeyboardTypeChanged: false
12-22 12:22:56.837 30968 30968 I HandWritingStubImpl: isKeyboardTypeChanged: false
12-22 12:22:56.846 30968 30968 I HandWritingStubImpl: isKeyboardTypeChanged: false
12-22 12:22:56.854 30968 30968 I HandWritingStubImpl: isKeyboardTypeChanged: false
12-22 12:22:56.862 30968 30968 I HandWritingStubImpl: isKeyboardTypeChanged: false
12-22 12:22:56.870 30968 30968 I HandWritingStubImpl: isKeyboardTypeChanged: false
12-22 12:22:56.879 30968 30968 I HandWritingStubImpl: isKeyboardTypeChanged: false
12-22 12:22:56.881  2027  3285 D libsensor-displayalgo: the value of  brightness:384.000000,R:9604960.604339,G:7804241.495808,B:8587774.544631,EVENT_C:1742.000000,EVENT_R:905.500000,EVENT_G:885.000000,EVENT_B:433.500000
12-22 12:22:56.881  2027  3285 I libsensor-displayalgo: the value of  Coef1:1107.681000,Coef4:2.383000, scale1:0.935522, scale4:0.923264
12-22 12:22:56.881  2027  3285 E libsensor-displayalgo: RGB_black_white_scenario_0822!
12-22 12:22:56.881  2027  3285 I libsensor-displayalgo: the value of  RESULT263.878576,100.386701,133.510771,46.659920
12-22 12:22:56.881  2027  3285 I libsensor-displayalgo: the value of  getChannelDataCalibrated275.560573,93.092326,154.227778,50.540839
12-22 12:22:56.881  2027  3285 I libsensor-displayalgo: the value of  REAL LUX75.004372
12-22 12:22:56.881  2027  3285 I libsensor-displayalgo: the value of  CAL REAL LUX75.004372
12-22 12:22:56.887 30968 30968 I HandWritingStubImpl: isKeyboardTypeChanged: false
12-22 12:22:56.895 30968 30968 I HandWritingStubImpl: isKeyboardTypeChanged: false
12-22 12:22:56.903 30968 30968 I HandWritingStubImpl: isKeyboardTypeChanged: false
12-22 12:22:56.911 30968 30968 I HandWritingStubImpl: isKeyboardTypeChanged: false
12-22 12:22:56.920 30968 30968 I HandWritingStubImpl: isKeyboardTypeChanged: false
12-22 12:22:56.926  1251  2448 I vendor.qti.hardware.display.composer-service: FrameNotifyProcess Sensor: notify citsensorservice to trigger cwb
12-22 12:22:56.926  2027  2027 I libcitsensorservice@2.0-impl: msg_transfer
12-22 12:22:56.926  2027  3266 D vendor.xiaomi.sensor.citsensorservice@2.0-service: handle id:10 wxh:1280x2400 uwxuh:1080x2400 size: 9216000 fd:15 fd_meta:16 flags:0x4000228 usage:0x33  format:0x3 layer_count: 1
12-22 12:22:56.926  1251  2215 I SDM     : HWCSession::SetCWBOutputBuffer: CWB config passed by cwb_client : tappoint 1  CWB_ROI : (829.000000 4.000000 915.000000 90.000000)
12-22 12:22:56.928  1251 32038 I SDM     : HWCSession::ProcessRequests: Successfully configured CWB buffer.
12-22 12:22:56.929 30968 30968 I HandWritingStubImpl: isKeyboardTypeChanged: false
12-22 12:22:56.936 30968 30968 I HandWritingStubImpl: isKeyboardTypeChanged: false
12-22 12:22:56.939  1251 32038 I SDM     : HWCSession::ProcessRequests: Pushing release fence in fenece wait queue.
12-22 12:22:56.939  1251 32038 I SDM     : HWCSession::ProcessRequests: Creating AsyncFenceWaits async thread.
12-22 12:22:56.939  1251 32038 I SDM     : HWCSession::ProcessRequests: Remove current CWB request from the pending request queue.
12-22 12:22:56.939  1251 32038 I SDM     : HWCSession::ProcessRequests: No pending cwb requests found in the queue.
12-22 12:22:56.943  1251  1467 I SDM     : HWDeviceDRM::SetupConcurrentWriteback: Tear down the Concurrent Writeback topology
12-22 12:22:56.944 30968 30968 I HandWritingStubImpl: isKeyboardTypeChanged: false
12-22 12:22:56.953 30968 30968 I HandWritingStubImpl: isKeyboardTypeChanged: false
12-22 12:22:56.960  1251 32039 I SDM     : HWCSession::NotifyCWBStatus: Notify the client about buffer status 0.
12-22 12:22:56.960  1251 32039 I SDM     : HWCSession::PerformFenceWaits: Remove current release fence from the pending fence wait queue.
12-22 12:22:56.960  1251 32039 I SDM     : HWCSession::PerformFenceWaits: CWB fence queue is empty. No pending release fence to wait on.
12-22 12:22:56.961 30968 30968 I HandWritingStubImpl: isKeyboardTypeChanged: false
12-22 12:22:56.969 30968 30968 I HandWritingStubImpl: isKeyboardTypeChanged: false
12-22 12:22:56.977 30968 30968 I HandWritingStubImpl: isKeyboardTypeChanged: false
12-22 12:22:56.985 30968 30968 I HandWritingStubImpl: isKeyboardTypeChanged: false
12-22 12:22:56.994 30968 30968 I HandWritingStubImpl: isKeyboardTypeChanged: false
12-22 12:22:57.002 30968 30968 I HandWritingStubImpl: isKeyboardTypeChanged: false
12-22 12:22:57.010 30968 30968 I HandWritingStubImpl: isKeyboardTypeChanged: false
12-22 12:22:57.018 30968 30968 I HandWritingStubImpl: isKeyboardTypeChanged: false
12-22 12:22:57.027 30968 30968 I HandWritingStubImpl: isKeyboardTypeChanged: false
12-22 12:22:57.036 30968 30968 I HandWritingStubImpl: isKeyboardTypeChanged: false
12-22 12:22:57.043 30968 30968 I HandWritingStubImpl: isKeyboardTypeChanged: false
12-22 12:22:57.051 30968 30968 I HandWritingStubImpl: isKeyboardTypeChanged: false
12-22 12:22:57.060 30968 30968 I HandWritingStubImpl: isKeyboardTypeChanged: false
12-22 12:22:57.068 30968 30968 I HandWritingStubImpl: isKeyboardTypeChanged: false
12-22 12:22:57.076 30968 30968 I HandWritingStubImpl: isKeyboardTypeChanged: false
12-22 12:22:57.084 30968 30968 I HandWritingStubImpl: isKeyboardTypeChanged: false
12-22 12:22:57.092 30968 30968 I HandWritingStubImpl: isKeyboardTypeChanged: false
12-22 12:22:57.101 30968 30968 I HandWritingStubImpl: isKeyboardTypeChanged: false
12-22 12:22:57.109 30968 30968 I HandWritingStubImpl: isKeyboardTypeChanged: false
12-22 12:22:57.117 30968 30968 I HandWritingStubImpl: isKeyboardTypeChanged: false
12-22 12:22:57.125 30968 30968 I HandWritingStubImpl: isKeyboardTypeChanged: false
12-22 12:22:57.135 30968 30968 I HandWritingStubImpl: isKeyboardTypeChanged: false
12-22 12:22:57.142 30968 30968 I HandWritingStubImpl: isKeyboardTypeChanged: false
12-22 12:22:57.150 30968 30968 I HandWritingStubImpl: isKeyboardTypeChanged: false
12-22 12:22:57.158 30968 30968 I HandWritingStubImpl: isKeyboardTypeChanged: false
12-22 12:22:57.167 30968 30968 I HandWritingStubImpl: isKeyboardTypeChanged: false
12-22 12:22:57.175 30968 30968 I HandWritingStubImpl: isKeyboardTypeChanged: false
12-22 12:22:57.182  2027  3285 D libsensor-displayalgo: the value of  brightness:384.000000,R:9604960.604339,G:7804241.495808,B:8587774.544631,EVENT_C:1755.000000,EVENT_R:909.000000,EVENT_G:894.000000,EVENT_B:436.500000
12-22 12:22:57.182  2027  3285 I libsensor-displayalgo: the value of  Coef1:1107.681000,Coef4:2.383000, scale1:0.935522, scale4:0.923264
12-22 12:22:57.182  2027  3285 E libsensor-displayalgo: RGB_black_white_scenario_0822!
12-22 12:22:57.182  2027  3285 I libsensor-displayalgo: the value of  RESULT263.878576,100.386701,133.510771,46.659920
12-22 12:22:57.182  2027  3285 I libsensor-displayalgo: the value of  getChannelDataCalibrated275.560573,93.092326,154.227778,50.540839
12-22 12:22:57.182  2027  3285 I libsensor-displayalgo: the value of  REAL LUX75.955688
12-22 12:22:57.182  2027  3285 I libsensor-displayalgo: the value of  CAL REAL LUX75.955688
12-22 12:22:57.183 30968 30968 I HandWritingStubImpl: isKeyboardTypeChanged: false
12-22 12:22:57.191 30968 30968 I HandWritingStubImpl: isKeyboardTypeChanged: false
12-22 12:22:57.199 30968 30968 I HandWritingStubImpl: isKeyboardTypeChanged: false
12-22 12:22:57.208 30968 30968 I HandWritingStubImpl: isKeyboardTypeChanged: false
12-22 12:22:57.216 30968 30968 I HandWritingStubImpl: isKeyboardTypeChanged: false
12-22 12:22:57.224 30968 30968 I HandWritingStubImpl: isKeyboardTypeChanged: false
12-22 12:22:57.230  1251  2448 I vendor.qti.hardware.display.composer-service: FrameNotifyProcess Sensor: notify citsensorservice to trigger cwb
12-22 12:22:57.230  2027  2027 I libcitsensorservice@2.0-impl: msg_transfer
12-22 12:22:57.230  2027  3266 D vendor.xiaomi.sensor.citsensorservice@2.0-service: handle id:10 wxh:1280x2400 uwxuh:1080x2400 size: 9216000 fd:15 fd_meta:16 flags:0x4000228 usage:0x33  format:0x3 layer_count: 1
12-22 12:22:57.231  1251  2215 I SDM     : HWCSession::SetCWBOutputBuffer: CWB config passed by cwb_client : tappoint 1  CWB_ROI : (829.000000 4.000000 915.000000 90.000000)
12-22 12:22:57.232  1251 32040 I SDM     : HWCSession::ProcessRequests: Successfully configured CWB buffer.
12-22 12:22:57.233 30968 30968 I HandWritingStubImpl: isKeyboardTypeChanged: false
12-22 12:22:57.241 30968 30968 I HandWritingStubImpl: isKeyboardTypeChanged: false
12-22 12:22:57.245  1251 32040 I SDM     : HWCSession::ProcessRequests: Pushing release fence in fenece wait queue.
12-22 12:22:57.245  1251 32040 I SDM     : HWCSession::ProcessRequests: Creating AsyncFenceWaits async thread.
12-22 12:22:57.245  1251 32040 I SDM     : HWCSession::ProcessRequests: Remove current CWB request from the pending request queue.
12-22 12:22:57.246  1251 32040 I SDM     : HWCSession::ProcessRequests: No pending cwb requests found in the queue.
12-22 12:22:57.248  1251  1467 I SDM     : HWDeviceDRM::SetupConcurrentWriteback: Tear down the Concurrent Writeback topology
12-22 12:22:57.249 30968 30968 I HandWritingStubImpl: isKeyboardTypeChanged: false
12-22 12:22:57.255  1251 32041 I SDM     : HWCSession::NotifyCWBStatus: Notify the client about buffer status 0.
12-22 12:22:57.255  1251 32041 I SDM     : HWCSession::PerformFenceWaits: Remove current release fence from the pending fence wait queue.
12-22 12:22:57.255  1251 32041 I SDM     : HWCSession::PerformFenceWaits: CWB fence queue is empty. No pending release fence to wait on.
12-22 12:22:57.257 30968 30968 I HandWritingStubImpl: isKeyboardTypeChanged: false
12-22 12:22:57.273 30968 30968 I HandWritingStubImpl: isKeyboardTypeChanged: false
12-22 12:22:57.281 30968 30968 I HandWritingStubImpl: isKeyboardTypeChanged: false
12-22 12:22:57.290 30968 30968 I HandWritingStubImpl: isKeyboardTypeChanged: false
12-22 12:22:57.298 30968 30968 I HandWritingStubImpl: isKeyboardTypeChanged: false
12-22 12:22:57.306 30968 30968 I HandWritingStubImpl: isKeyboardTypeChanged: false
12-22 12:22:57.314 30968 30968 I HandWritingStubImpl: isKeyboardTypeChanged: false
12-22 12:22:57.323 30968 30968 I HandWritingStubImpl: isKeyboardTypeChanged: false
12-22 12:22:57.332 30968 30968 I HandWritingStubImpl: isKeyboardTypeChanged: false
12-22 12:22:57.339 30968 30968 I HandWritingStubImpl: isKeyboardTypeChanged: false
12-22 12:22:57.347 30968 30968 I HandWritingStubImpl: isKeyboardTypeChanged: false
12-22 12:22:57.356 30968 30968 I HandWritingStubImpl: isKeyboardTypeChanged: false
12-22 12:22:57.364 30968 30968 I HandWritingStubImpl: isKeyboardTypeChanged: false
12-22 12:22:57.372 30968 30968 I HandWritingStubImpl: isKeyboardTypeChanged: false
12-22 12:22:57.381 30968 30968 I HandWritingStubImpl: isKeyboardTypeChanged: false
12-22 12:22:57.389 30968 30968 I HandWritingStubImpl: isKeyboardTypeChanged: false
12-22 12:22:57.397 30968 30968 I HandWritingStubImpl: isKeyboardTypeChanged: false
12-22 12:22:57.405 30968 30968 I HandWritingStubImpl: isKeyboardTypeChanged: false
12-22 12:22:57.413 30968 30968 I HandWritingStubImpl: isKeyboardTypeChanged: false
12-22 12:22:57.421 30968 30968 I HandWritingStubImpl: isKeyboardTypeChanged: false
12-22 12:22:57.431 30968 30968 I HandWritingStubImpl: isKeyboardTypeChanged: false
12-22 12:22:57.438 30968 30968 I HandWritingStubImpl: isKeyboardTypeChanged: false
12-22 12:22:57.446 30968 30968 I HandWritingStubImpl: isKeyboardTypeChanged: false
12-22 12:22:57.454 30968 30968 I HandWritingStubImpl: isKeyboardTypeChanged: false
12-22 12:22:57.462 30968 30968 I HandWritingStubImpl: isKeyboardTypeChanged: false
12-22 12:22:57.471 30968 30968 I HandWritingStubImpl: isKeyboardTypeChanged: false
12-22 12:22:57.479 30968 30968 I HandWritingStubImpl: isKeyboardTypeChanged: false
12-22 12:22:57.481  2027  3285 D libsensor-displayalgo: the value of  brightness:384.000000,R:9604960.604339,G:7804241.495808,B:8587774.544631,EVENT_C:1752.500000,EVENT_R:910.000000,EVENT_G:892.500000,EVENT_B:436.500000
12-22 12:22:57.481  2027  3285 I libsensor-displayalgo: the value of  Coef1:1107.681000,Coef4:2.383000, scale1:0.935522, scale4:0.923264
12-22 12:22:57.481  2027  3285 E libsensor-displayalgo: RGB_black_white_scenario_0822!
12-22 12:22:57.481  2027  3285 I libsensor-displayalgo: the value of  RESULT263.878576,100.386701,133.510771,46.659920
12-22 12:22:57.481  2027  3285 I libsensor-displayalgo: the value of  getChannelDataCalibrated275.560573,93.092326,154.227778,50.540839
12-22 12:22:57.481  2027  3285 I libsensor-displayalgo: the value of  REAL LUX75.673309
12-22 12:22:57.481  2027  3285 I libsensor-displayalgo: the value of  CAL REAL LUX75.673309
12-22 12:22:57.487 30968 30968 I HandWritingStubImpl: isKeyboardTypeChanged: false
12-22 12:22:57.495 30968 30968 I HandWritingStubImpl: isKeyboardTypeChanged: false
12-22 12:22:57.504 30968 30968 I HandWritingStubImpl: isKeyboardTypeChanged: false
12-22 12:22:57.512 30968 30968 I HandWritingStubImpl: isKeyboardTypeChanged: false
12-22 12:22:57.520 30968 30968 I HandWritingStubImpl: isKeyboardTypeChanged: false
12-22 12:22:57.528 30968 30968 I HandWritingStubImpl: isKeyboardTypeChanged: false
12-22 12:22:57.534  1251  2448 I vendor.qti.hardware.display.composer-service: FrameNotifyProcess Sensor: notify citsensorservice to trigger cwb
12-22 12:22:57.535  2027  4130 I libcitsensorservice@2.0-impl: msg_transfer
12-22 12:22:57.535  2027  3266 D vendor.xiaomi.sensor.citsensorservice@2.0-service: handle id:10 wxh:1280x2400 uwxuh:1080x2400 size: 9216000 fd:15 fd_meta:16 flags:0x4000228 usage:0x33  format:0x3 layer_count: 1
12-22 12:22:57.535  1251  2215 I SDM     : HWCSession::SetCWBOutputBuffer: CWB config passed by cwb_client : tappoint 1  CWB_ROI : (829.000000 4.000000 915.000000 90.000000)
12-22 12:22:57.536  1251 32042 I SDM     : HWCSession::ProcessRequests: Successfully configured CWB buffer.
12-22 12:22:57.537 30968 30968 I HandWritingStubImpl: isKeyboardTypeChanged: false
12-22 12:22:57.545 30968 30968 I HandWritingStubImpl: isKeyboardTypeChanged: false
12-22 12:22:57.545  1251 32042 I SDM     : HWCSession::ProcessRequests: Pushing release fence in fenece wait queue.
12-22 12:22:57.545  1251 32042 I SDM     : HWCSession::ProcessRequests: Creating AsyncFenceWaits async thread.
12-22 12:22:57.545  1251 32042 I SDM     : HWCSession::ProcessRequests: Remove current CWB request from the pending request queue.
12-22 12:22:57.546  1251 32042 I SDM     : HWCSession::ProcessRequests: No pending cwb requests found in the queue.
12-22 12:22:57.551  1251  1467 I SDM     : HWDeviceDRM::SetupConcurrentWriteback: Tear down the Concurrent Writeback topology
12-22 12:22:57.553 30968 30968 I HandWritingStubImpl: isKeyboardTypeChanged: false
12-22 12:22:57.559  1251 32043 I SDM     : HWCSession::NotifyCWBStatus: Notify the client about buffer status 0.
12-22 12:22:57.560  1251 32043 I SDM     : HWCSession::PerformFenceWaits: Remove current release fence from the pending fence wait queue.
12-22 12:22:57.560  1251 32043 I SDM     : HWCSession::PerformFenceWaits: CWB fence queue is empty. No pending release fence to wait on.
12-22 12:22:57.561 30968 30968 I HandWritingStubImpl: isKeyboardTypeChanged: false
12-22 12:22:57.569 30968 30968 I HandWritingStubImpl: isKeyboardTypeChanged: false
12-22 12:22:57.578 30968 30968 I HandWritingStubImpl: isKeyboardTypeChanged: false
12-22 12:22:57.581  9768 31652 I SafeBinderCall: onPositionChange binder cost:0
12-22 12:22:57.581  4496  4496 D MiPlayDetailViewModel: onPositionChange(): position = 38036
12-22 12:22:57.586 30968 30968 I HandWritingStubImpl: isKeyboardTypeChanged: false
12-22 12:22:57.594 30968 30968 I HandWritingStubImpl: isKeyboardTypeChanged: false
12-22 12:22:57.602 30968 30968 I HandWritingStubImpl: isKeyboardTypeChanged: false
12-22 12:22:57.610 30968 30968 I HandWritingStubImpl: isKeyboardTypeChanged: false
12-22 12:22:57.619 30968 30968 I HandWritingStubImpl: isKeyboardTypeChanged: false
12-22 12:22:57.627 30968 30968 I HandWritingStubImpl: isKeyboardTypeChanged: false
12-22 12:22:57.636 30968 30968 I HandWritingStubImpl: isKeyboardTypeChanged: false
12-22 12:22:57.643 30968 30968 I HandWritingStubImpl: isKeyboardTypeChanged: false
12-22 12:22:57.652 30968 30968 I HandWritingStubImpl: isKeyboardTypeChanged: false
12-22 12:22:57.660 30968 30968 I HandWritingStubImpl: isKeyboardTypeChanged: false
12-22 12:22:57.668 30968 30968 I HandWritingStubImpl: isKeyboardTypeChanged: false
12-22 12:22:57.676 30968 30968 I HandWritingStubImpl: isKeyboardTypeChanged: false
12-22 12:22:57.684 30968 30968 I HandWritingStubImpl: isKeyboardTypeChanged: false
12-22 12:22:57.693 30968 30968 I HandWritingStubImpl: isKeyboardTypeChanged: false
12-22 12:22:57.701 30968 30968 I HandWritingStubImpl: isKeyboardTypeChanged: false
12-22 12:22:57.709 30968 30968 I HandWritingStubImpl: isKeyboardTypeChanged: false
12-22 12:22:57.717 30968 30968 I HandWritingStubImpl: isKeyboardTypeChanged: false
12-22 12:22:57.718  1192 11175 I vendor.qti.bluetooth@1.0-ibs_handler: ProcessIbsCmd: Received IBS_WAKE_IND: 0xFD
12-22 12:22:57.718  1192 11175 D vendor.qti.bluetooth@1.0-ibs_handler: SerialClockVote: vote for UART CLK ON
12-22 12:22:57.718  1192 11175 D vendor.qti.bluetooth@1.0-wake_lock: Acquire wakelock is acquired
12-22 12:22:57.718  1192 11175 I vendor.qti.bluetooth@1.0-ibs_handler: ProcessIbsCmd: Writing IBS_WAKE_ACK
12-22 12:22:57.726 30968 30968 I HandWritingStubImpl: isKeyboardTypeChanged: false
12-22 12:22:57.735 30968 30968 I HandWritingStubImpl: isKeyboardTypeChanged: false
12-22 12:22:57.742 30968 30968 I HandWritingStubImpl: isKeyboardTypeChanged: false
12-22 12:22:57.750 30968 30968 I HandWritingStubImpl: isKeyboardTypeChanged: false
12-22 12:22:57.758 30968 30968 I HandWritingStubImpl: isKeyboardTypeChanged: false
12-22 12:22:57.767 30968 30968 I HandWritingStubImpl: isKeyboardTypeChanged: false
12-22 12:22:57.770  1192 11175 I vendor.qti.bluetooth@1.0-ibs_handler: ProcessIbsCmd: Received IBS_SLEEP_IND: 0xFE
12-22 12:22:57.770  1192 11175 D vendor.qti.bluetooth@1.0-ibs_handler: SerialClockVote: vote for UART CLK OFF
12-22 12:22:57.775 30968 30968 I HandWritingStubImpl: isKeyboardTypeChanged: false
12-22 12:22:57.782  2027  3285 D libsensor-displayalgo: the value of  brightness:384.000000,R:9604960.604339,G:7804241.495808,B:8587774.544631,EVENT_C:1754.500000,EVENT_R:911.000000,EVENT_G:893.000000,EVENT_B:437.000000
12-22 12:22:57.782  2027  3285 I libsensor-displayalgo: the value of  Coef1:1107.681000,Coef4:2.383000, scale1:0.935522, scale4:0.923264
12-22 12:22:57.782  2027  3285 E libsensor-displayalgo: RGB_black_white_scenario_0822!
12-22 12:22:57.782  2027  3285 I libsensor-displayalgo: the value of  RESULT263.878576,100.386701,133.510771,46.659920
12-22 12:22:57.782  2027  3285 I libsensor-displayalgo: the value of  getChannelDataCalibrated275.560573,93.092326,154.227778,50.540839
12-22 12:22:57.782  2027  3285 I libsensor-displayalgo: the value of  REAL LUX75.758888
12-22 12:22:57.782  2027  3285 I libsensor-displayalgo: the value of  CAL REAL LUX75.758888
12-22 12:22:57.783 30968 30968 I HandWritingStubImpl: isKeyboardTypeChanged: false
12-22 12:22:57.791 30968 30968 I HandWritingStubImpl: isKeyboardTypeChanged: false
12-22 12:22:57.800 30968 30968 I HandWritingStubImpl: isKeyboardTypeChanged: false
12-22 12:22:57.808 30968 30968 I HandWritingStubImpl: isKeyboardTypeChanged: false
12-22 12:22:57.816 30968 30968 I HandWritingStubImpl: isKeyboardTypeChanged: false
12-22 12:22:57.824 30968 30968 I HandWritingStubImpl: isKeyboardTypeChanged: false
12-22 12:22:57.834 30968 30968 I HandWritingStubImpl: isKeyboardTypeChanged: false
12-22 12:22:57.840  1251  2448 I vendor.qti.hardware.display.composer-service: FrameNotifyProcess Sensor: notify citsensorservice to trigger cwb
12-22 12:22:57.840  2027  2096 I libcitsensorservice@2.0-impl: msg_transfer
12-22 12:22:57.841 30968 30968 I HandWritingStubImpl: isKeyboardTypeChanged: false
12-22 12:22:57.841  2027  3266 D vendor.xiaomi.sensor.citsensorservice@2.0-service: handle id:10 wxh:1280x2400 uwxuh:1080x2400 size: 9216000 fd:15 fd_meta:16 flags:0x4000228 usage:0x33  format:0x3 layer_count: 1
12-22 12:22:57.841  1251  2215 I SDM     : HWCSession::SetCWBOutputBuffer: CWB config passed by cwb_client : tappoint 1  CWB_ROI : (829.000000 4.000000 915.000000 90.000000)
12-22 12:22:57.842  1251 32045 I SDM     : HWCSession::ProcessRequests: Successfully configured CWB buffer.
12-22 12:22:57.849 30968 30968 I HandWritingStubImpl: isKeyboardTypeChanged: false
12-22 12:22:57.852  1251 32045 I SDM     : HWCSession::ProcessRequests: Pushing release fence in fenece wait queue.
12-22 12:22:57.852  1251 32045 I SDM     : HWCSession::ProcessRequests: Creating AsyncFenceWaits async thread.
12-22 12:22:57.852  1251 32045 I SDM     : HWCSession::ProcessRequests: Remove current CWB request from the pending request queue.
12-22 12:22:57.853  1251 32045 I SDM     : HWCSession::ProcessRequests: No pending cwb requests found in the queue.
12-22 12:22:57.856  1251  1467 I SDM     : HWDeviceDRM::SetupConcurrentWriteback: Tear down the Concurrent Writeback topology
12-22 12:22:57.857 30968 30968 I HandWritingStubImpl: isKeyboardTypeChanged: false
12-22 12:22:57.863  1251 32046 I SDM     : HWCSession::NotifyCWBStatus: Notify the client about buffer status 0.
12-22 12:22:57.863  1251 32046 I SDM     : HWCSession::PerformFenceWaits: Remove current release fence from the pending fence wait queue.
12-22 12:22:57.863  1251 32046 I SDM     : HWCSession::PerformFenceWaits: CWB fence queue is empty. No pending release fence to wait on.
12-22 12:22:57.865 30968 30968 I HandWritingStubImpl: isKeyboardTypeChanged: false
12-22 12:22:57.874 30968 30968 I HandWritingStubImpl: isKeyboardTypeChanged: false
12-22 12:22:57.882 30968 30968 I HandWritingStubImpl: isKeyboardTypeChanged: false
12-22 12:22:57.890 30968 30968 I HandWritingStubImpl: isKeyboardTypeChanged: false
12-22 12:22:57.898 30968 30968 I HandWritingStubImpl: isKeyboardTypeChanged: false
12-22 12:22:57.907 30968 30968 I HandWritingStubImpl: isKeyboardTypeChanged: false
12-22 12:22:57.915 30968 30968 I HandWritingStubImpl: isKeyboardTypeChanged: false
12-22 12:22:57.920  1192 11131 D vendor.qti.bluetooth@1.0-wake_lock: Release wakelock is released
12-22 12:22:57.924 30968 30968 I HandWritingStubImpl: isKeyboardTypeChanged: false
12-22 12:22:57.932 30968 30968 I HandWritingStubImpl: isKeyboardTypeChanged: false
12-22 12:22:57.940 30968 30968 I HandWritingStubImpl: isKeyboardTypeChanged: false
12-22 12:22:57.948 30968 30968 I HandWritingStubImpl: isKeyboardTypeChanged: false
12-22 12:22:57.956 30968 30968 I HandWritingStubImpl: isKeyboardTypeChanged: false
12-22 12:22:57.965 30968 30968 I HandWritingStubImpl: isKeyboardTypeChanged: false
12-22 12:22:57.973 30968 30968 I HandWritingStubImpl: isKeyboardTypeChanged: false
12-22 12:22:57.981 30968 30968 I HandWritingStubImpl: isKeyboardTypeChanged: false
12-22 12:22:57.989 30968 30968 I HandWritingStubImpl: isKeyboardTypeChanged: false
12-22 12:22:57.997 30968 30968 I HandWritingStubImpl: isKeyboardTypeChanged: false
12-22 12:22:58.006 30968 30968 I HandWritingStubImpl: isKeyboardTypeChanged: false
12-22 12:22:58.014 30968 30968 I HandWritingStubImpl: isKeyboardTypeChanged: false
12-22 12:22:58.022 30968 30968 I HandWritingStubImpl: isKeyboardTypeChanged: false
12-22 12:22:58.030 30968 30968 I HandWritingStubImpl: isKeyboardTypeChanged: false
12-22 12:22:58.040 30968 30968 I HandWritingStubImpl: isKeyboardTypeChanged: false
12-22 12:22:58.047 30968 30968 I HandWritingStubImpl: isKeyboardTypeChanged: false
12-22 12:22:58.055 30968 30968 I HandWritingStubImpl: isKeyboardTypeChanged: false
12-22 12:22:58.063 30968 30968 I HandWritingStubImpl: isKeyboardTypeChanged: false
12-22 12:22:58.071 30968 30968 I HandWritingStubImpl: isKeyboardTypeChanged: false
12-22 12:22:58.080 30968 30968 I HandWritingStubImpl: isKeyboardTypeChanged: false
12-22 12:22:58.088 30968 30968 I HandWritingStubImpl: isKeyboardTypeChanged: false
12-22 12:22:58.096 30968 30968 I HandWritingStubImpl: isKeyboardTypeChanged: false
12-22 12:22:58.104 30968 30968 I HandWritingStubImpl: isKeyboardTypeChanged: false
12-22 12:22:58.113 30968 30968 I HandWritingStubImpl: isKeyboardTypeChanged: false
12-22 12:22:58.121 30968 30968 I HandWritingStubImpl: isKeyboardTypeChanged: false
12-22 12:22:58.129 30968 30968 I HandWritingStubImpl: isKeyboardTypeChanged: false
12-22 12:22:58.138 30968 30968 I HandWritingStubImpl: isKeyboardTypeChanged: false
12-22 12:22:58.143  1251  2448 I vendor.qti.hardware.display.composer-service: FrameNotifyProcess Sensor: notify citsensorservice to trigger cwb
12-22 12:22:58.144  2027  2096 I libcitsensorservice@2.0-impl: msg_transfer
12-22 12:22:58.144  2027  3266 D vendor.xiaomi.sensor.citsensorservice@2.0-service: handle id:10 wxh:1280x2400 uwxuh:1080x2400 size: 9216000 fd:15 fd_meta:16 flags:0x4000228 usage:0x33  format:0x3 layer_count: 1
12-22 12:22:58.144  1251  2215 I SDM     : HWCSession::SetCWBOutputBuffer: CWB config passed by cwb_client : tappoint 1  CWB_ROI : (829.000000 4.000000 915.000000 90.000000)
12-22 12:22:58.145  1251 32047 I SDM     : HWCSession::ProcessRequests: Successfully configured CWB buffer.
12-22 12:22:58.145 30968 30968 I HandWritingStubImpl: isKeyboardTypeChanged: false
12-22 12:22:58.153  1251 32047 I SDM     : HWCSession::ProcessRequests: Pushing release fence in fenece wait queue.
12-22 12:22:58.153  1251 32047 I SDM     : HWCSession::ProcessRequests: Creating AsyncFenceWaits async thread.
12-22 12:22:58.154  1251 32047 I SDM     : HWCSession::ProcessRequests: Remove current CWB request from the pending request queue.
12-22 12:22:58.154  1251 32047 I SDM     : HWCSession::ProcessRequests: No pending cwb requests found in the queue.
12-22 12:22:58.159 13055 13339 D MemoryCeilingMonitor: [handleMemoryCalculate]
12-22 12:22:58.160 13055 13339 D MemoryCeilingMonitor: [calculate] tot: 6020816, max: 268435456, free: 1254000, heap: 4766816, per: 0.017757773399353027
12-22 12:22:58.160  1251  1467 I SDM     : HWDeviceDRM::SetupConcurrentWriteback: Tear down the Concurrent Writeback topology
12-22 12:22:58.170 30968 30968 I HandWritingStubImpl: isKeyboardTypeChanged: false
12-22 12:22:58.172  1251 32048 I SDM     : HWCSession::NotifyCWBStatus: Notify the client about buffer status 0.
12-22 12:22:58.172  1251 32048 I SDM     : HWCSession::PerformFenceWaits: Remove current release fence from the pending fence wait queue.
12-22 12:22:58.172  1251 32048 I SDM     : HWCSession::PerformFenceWaits: CWB fence queue is empty. No pending release fence to wait on.
12-22 12:22:58.178 30968 30968 I HandWritingStubImpl: isKeyboardTypeChanged: false
12-22 12:22:58.181  2027  3285 D libsensor-displayalgo: the value of  brightness:384.000000,R:9604960.604339,G:7804241.495808,B:8587774.544631,EVENT_C:1761.500000,EVENT_R:912.000000,EVENT_G:897.500000,EVENT_B:438.500000
12-22 12:22:58.181  2027  3285 I libsensor-displayalgo: the value of  Coef1:1107.681000,Coef4:2.383000, scale1:0.935522, scale4:0.923264
12-22 12:22:58.181  2027  3285 E libsensor-displayalgo: RGB_black_white_scenario_0822!
12-22 12:22:58.181  2027  3285 I libsensor-displayalgo: the value of  RESULT263.878576,100.386701,133.510771,46.659920
12-22 12:22:58.181  2027  3285 I libsensor-displayalgo: the value of  getChannelDataCalibrated275.560573,93.092326,154.227778,50.540839
12-22 12:22:58.181  2027  3285 I libsensor-displayalgo: the value of  REAL LUX76.298088
12-22 12:22:58.181  2027  3285 I libsensor-displayalgo: the value of  CAL REAL LUX76.298088
12-22 12:22:58.186 30968 30968 I HandWritingStubImpl: isKeyboardTypeChanged: false
12-22 12:22:58.195 30968 30968 I HandWritingStubImpl: isKeyboardTypeChanged: false
12-22 12:22:58.203 30968 30968 I HandWritingStubImpl: isKeyboardTypeChanged: false
12-22 12:22:58.211 30968 30968 I HandWritingStubImpl: isKeyboardTypeChanged: false
12-22 12:22:58.219 30968 30968 I HandWritingStubImpl: isKeyboardTypeChanged: false
12-22 12:22:58.228 30968 30968 I HandWritingStubImpl: isKeyboardTypeChanged: false
12-22 12:22:58.237 30968 30968 I HandWritingStubImpl: isKeyboardTypeChanged: false
12-22 12:22:58.244 30968 30968 I HandWritingStubImpl: isKeyboardTypeChanged: false
12-22 12:22:58.252 30968 30968 I HandWritingStubImpl: isKeyboardTypeChanged: false
12-22 12:22:58.260 30968 30968 I HandWritingStubImpl: isKeyboardTypeChanged: false
12-22 12:22:58.269 30968 30968 I HandWritingStubImpl: isKeyboardTypeChanged: false
12-22 12:22:58.277 30968 30968 I HandWritingStubImpl: isKeyboardTypeChanged: false
12-22 12:22:58.285 30968 30968 I HandWritingStubImpl: isKeyboardTypeChanged: false
12-22 12:22:58.293 30968 30968 I HandWritingStubImpl: isKeyboardTypeChanged: false
12-22 12:22:58.302 30968 30968 I HandWritingStubImpl: isKeyboardTypeChanged: false
12-22 12:22:58.310 30968 30968 I HandWritingStubImpl: isKeyboardTypeChanged: false
12-22 12:22:58.318 30968 30968 I HandWritingStubImpl: isKeyboardTypeChanged: false
12-22 12:22:58.326 30968 30968 I HandWritingStubImpl: isKeyboardTypeChanged: false
12-22 12:22:58.336 30968 30968 I HandWritingStubImpl: isKeyboardTypeChanged: false
12-22 12:22:58.343 30968 30968 I HandWritingStubImpl: isKeyboardTypeChanged: false
12-22 12:22:58.351 30968 30968 I HandWritingStubImpl: isKeyboardTypeChanged: false
12-22 12:22:58.359 30968 30968 I HandWritingStubImpl: isKeyboardTypeChanged: false
12-22 12:22:58.367 30968 30968 I HandWritingStubImpl: isKeyboardTypeChanged: false
12-22 12:22:58.375 30968 30968 I HandWritingStubImpl: isKeyboardTypeChanged: false
12-22 12:22:58.384 30968 30968 I HandWritingStubImpl: isKeyboardTypeChanged: false
12-22 12:22:58.392 30968 30968 I HandWritingStubImpl: isKeyboardTypeChanged: false
12-22 12:22:58.400 30968 30968 I HandWritingStubImpl: isKeyboardTypeChanged: false
12-22 12:22:58.409 30968 30968 I HandWritingStubImpl: isKeyboardTypeChanged: false
12-22 12:22:58.417 30968 30968 I HandWritingStubImpl: isKeyboardTypeChanged: false
12-22 12:22:58.425 30968 30968 I HandWritingStubImpl: isKeyboardTypeChanged: false
12-22 12:22:58.433 30968 30968 I HandWritingStubImpl: isKeyboardTypeChanged: false
12-22 12:22:58.442 30968 30968 I HandWritingStubImpl: isKeyboardTypeChanged: false
12-22 12:22:58.448  1251  2448 I vendor.qti.hardware.display.composer-service: FrameNotifyProcess Sensor: notify citsensorservice to trigger cwb
12-22 12:22:58.449  2027  4130 I libcitsensorservice@2.0-impl: msg_transfer
12-22 12:22:58.449  2027  3266 D vendor.xiaomi.sensor.citsensorservice@2.0-service: handle id:10 wxh:1280x2400 uwxuh:1080x2400 size: 9216000 fd:15 fd_meta:16 flags:0x4000228 usage:0x33  format:0x3 layer_count: 1
12-22 12:22:58.449  1251  2215 I SDM     : HWCSession::SetCWBOutputBuffer: CWB config passed by cwb_client : tappoint 1  CWB_ROI : (829.000000 4.000000 915.000000 90.000000)
12-22 12:22:58.450 30968 30968 I HandWritingStubImpl: isKeyboardTypeChanged: false
12-22 12:22:58.450  1251 32049 I SDM     : HWCSession::ProcessRequests: Successfully configured CWB buffer.
12-22 12:22:58.458  1192 11175 I vendor.qti.bluetooth@1.0-ibs_handler: ProcessIbsCmd: Received IBS_WAKE_IND: 0xFD
