11-16 15:46:04.501  4088  6833 I HwCommandQueue: updateBarBgColor
11-16 15:46:04.501  4088  6833 D HwCommandQueue: CommandQueue, setBarBackgroundColor
11-16 15:46:04.501  4088  6833 D HwCommandQueue: CommandQueue, set Launcher StatusBar Color
11-16 15:46:04.504  4088  4773 D HwCommandQueue: CommandQueue, set Launcher StatusBar Color
11-16 15:46:04.657  8251  8379 D HwCustConnectivityManagerImpl: isBlockNetworkRequestByNonAis, INVALID_SUBSCRIPTION_ID
11-16 15:46:04.787  2010  2747 I chatty  : uid=1000(system) Binder:2010_3 expire 109 lines
11-16 15:46:04.787  2010  2010 I chatty  : uid=1000(system) Binder:2010_F expire 17 lines
11-16 15:46:04.792  2010  2653 I chatty  : uid=1000(system) PowerManagerSer expire 74 lines
11-16 15:46:04.821  8251  8251 V ActivityThread: callActivityOnCreate
11-16 15:46:04.843  8442  8442 D ActivityThread: Attach thread to application
11-16 15:46:04.853  8442  8470 I ActivityThread: Init compatible state: true
11-16 15:46:04.870  8251  8251 D ActivityThread: add activity client record, r= ActivityRecord{8eed664 token=android.os.BinderProxy@c1447ae {cn.missevan/cn.missevan.activity.MainActivity}} token= android.os.BinderProxy@c1447ae
11-16 15:46:04.889  2010  6452 I chatty  : uid=1000(system) Binder:2010_1E expire 26 lines
11-16 15:46:04.949  8251  8251 D HwCustConnectivityManagerImpl: isBlockNetworkRequestByNonAis, INVALID_SUBSCRIPTION_ID
11-16 15:46:04.950  8251  8251 D HwCustConnectivityManagerImpl: isBlockNetworkRequestByNonAis, INVALID_SUBSCRIPTION_ID
11-16 15:46:04.950  8497  8497 D ActivityThread: Attach thread to application
11-16 15:46:04.966  8497  8558 E ActivityThread: getApplicationInfo metadata error
11-16 15:46:04.966  8497  8558 I ActivityThread: Init compatible state: false
11-16 15:46:04.980  8497  8497 I ActivityThread: finishPreloaded preloadStatus 0
11-16 15:46:04.992  2010  2616 I chatty  : uid=1000(system) Binder:2010_1 expire 10 lines
11-16 15:46:04.994  2010  2621 I chatty  : uid=1000(system) android.ui expire 30 lines
11-16 15:46:04.994  4088  4773 D HwCommandQueue: CommandQueue, set Launcher StatusBar Color
11-16 15:46:05.060  4088  6833 D HwCommandQueue: CommandQueue, set Launcher StatusBar Color
11-16 15:46:05.064  2010  2623 I chatty  : uid=1000(system) android.display expire 18 lines
11-16 15:46:05.067  4088  4773 D HwCommandQueue: CommandQueue, set Launcher StatusBar Color
11-16 15:46:05.083  8251  8612 D HwCustConnectivityManagerImpl: isBlockNetworkRequestByNonAis, INVALID_SUBSCRIPTION_ID
11-16 15:46:05.088  8251  8612 D HwCustConnectivityManagerImpl: isBlockNetworkRequestByNonAis, INVALID_SUBSCRIPTION_ID
11-16 15:46:05.110  8442  8442 I ActivityThread: finishPreloaded preloadStatus 0
11-16 15:46:05.125  8613  8613 D ActivityThread: Attach thread to application
11-16 15:46:05.136  8613  8654 I ActivityThread: Init compatible state: true
11-16 15:46:05.152  8251  8485 E ActivityThread: Failed to find provider info for com.vivo.push.sdk.service.SystemPushConfig
11-16 15:46:05.169  2010  8673 I chatty  : uid=1000(system) Binder:2010_F expire 5 lines
11-16 15:46:05.174  2010  6414 I chatty  : uid=1000(system) Binder:2010_1D expire 25 lines
11-16 15:46:05.192  2010  3881 I chatty  : uid=1000(system) WifiP2pService expire 33 lines
11-16 15:46:05.349  8613  8613 I ActivityThread: finishPreloaded preloadStatus 0
11-16 15:46:05.421  8251  8251 D ActivityThread: Remove activity client record, r= ActivityRecord{5ff8c2 token=android.os.BinderProxy@bc69303 {cn.missevan/cn.missevan.activity.SplashActivity}} token= android.os.BinderProxy@bc69303
11-16 15:46:05.421  8251  8251 I ViewRootImpl: dispatchDetachedFromWindow in doDie
11-16 15:46:05.479  8442  8768 D HwCustConnectivityManagerImpl: isBlockNetworkRequestByNonAis, INVALID_SUBSCRIPTION_ID
11-16 15:46:05.480  8442  8768 D HwCustConnectivityManagerImpl: isBlockNetworkRequestByNonAis, INVALID_SUBSCRIPTION_ID
11-16 15:46:05.588  2010  2620 I chatty  : uid=1000(system) android.fg expire 21 lines
11-16 15:46:06.329  8251  8251 I ViewRootImpl: dispatchDetachedFromWindow in doDie
11-16 15:46:06.338  2010  3876 I chatty  : uid=1000(system) NetworkStats expire 26 lines
11-16 15:46:06.338  4088  7340 I HwCommandQueue: updateBarBgColor
11-16 15:46:06.338  4088  7340 D HwCommandQueue: CommandQueue, setBarBackgroundColor
11-16 15:46:06.339  4088 23004 D HwCommandQueue: CommandQueue, set Launcher StatusBar Color
11-16 15:46:06.389 11567 11567 V ActivityThread: callActivityOnCreate
11-16 15:46:06.389  2010  2786 I chatty  : uid=1000(system) sManagerService expire 14 lines
11-16 15:46:06.399  4439  5342 I HwNetworkPolicyManager: getHwUidPolicy uid = 10057 policy = 0
11-16 15:46:06.408  2010  2647 I chatty  : uid=1000(system) ActivityManager expire 10 lines
11-16 15:46:06.413 11567 11567 I RtgSchedEvent: current pid:11567 AppType:15
11-16 15:46:06.413 11567 11567 D ActivityThread: add activity client record, r= ActivityRecord{17b2eea token=android.os.BinderProxy@51b2bc7 {com.android.permissioncontroller/com.android.packageinstaller.permission.ui.GrantPermissionsActivity}} token= android.os.BinderProxy@51b2bc7
11-16 15:46:06.440  4088  7340 D HwCommandQueue: CommandQueue, set Launcher StatusBar Color
11-16 15:46:07.080   522 11097 D vold    : Remounting 10231 as mode read
11-16 15:46:07.085   522 11097 D vold    : Found matching PID 8251
11-16 15:46:07.088   522 11097 D vold    : Found matching PID 8442
11-16 15:46:07.089   522 11097 D vold    : Found matching PID 8613
11-16 15:46:07.091   522 11097 D vold    : Found matching PID 8678
11-16 15:46:07.095   522 11097 D vold    : Remounting 10231 as mode write
11-16 15:46:07.099   522 11097 D vold    : Found matching PID 8251
11-16 15:46:07.101   522 11097 D vold    : Found matching PID 8442
11-16 15:46:07.103   522 11097 D vold    : Found matching PID 8613
11-16 15:46:07.105   522 11097 D vold    : Found matching PID 8678
11-16 15:46:07.131  8251  8251 D ActivityThread: Won't deliver top position change in state=4
11-16 15:46:07.133  4088  7340 D HwCommandQueue: CommandQueue, set Launcher StatusBar Color
11-16 15:46:07.181  8251  8251 I ViewRootImpl: dispatchDetachedFromWindow in doDie
11-16 15:46:07.190  8251  8251 D HwCustConnectivityManagerImpl: isBlockNetworkRequestByNonAis, INVALID_SUBSCRIPTION_ID
11-16 15:46:07.192  2010  3889 I chatty  : uid=1000(system) ConnectivitySer expire 14 lines
11-16 15:46:07.194  8251  8251 I RtgSchedEvent: current pid:8251 AppType:7
11-16 15:46:07.206 11567 11567 D ActivityThread: Remove activity client record, r= ActivityRecord{17b2eea token=android.os.BinderProxy@51b2bc7 {com.android.permissioncontroller/com.android.packageinstaller.permission.ui.GrantPermissionsActivity}} token= android.os.BinderProxy@51b2bc7
11-16 15:46:07.206 11567 11567 I ViewRootImpl: dispatchDetachedFromWindow in doDie
11-16 15:46:07.639  8850  8850 D ActivityThread: Attach thread to application
11-16 15:46:07.645  8850  8871 I ActivityThread: Init compatible state: true
11-16 15:46:07.822  8850  8850 I ActivityThread: finishPreloaded preloadStatus 0
11-16 15:46:08.689  8251  8361 W SystemConfig: No directory /product_services/etc/sysconfig, skipping
11-16 15:46:08.689  8251  8361 W SystemConfig: No directory /product_services/etc/permissions, skipping
11-16 15:46:08.689  8251  8361 W SystemConfig: No directory /system/emui/base/sysconfig, skipping
11-16 15:46:08.689  8251  8361 W SystemConfig: No directory /system/emui/china/sysconfig, skipping
11-16 15:46:08.690  8251  8361 W SystemConfig: No directory /vendor/etc/sysconfig, skipping
11-16 15:46:08.692  8251  8361 W SystemConfig: No directory /odm/cust/all/cn/sysconfig, skipping
11-16 15:46:08.692  8251  8361 W SystemConfig: No directory /odm/cust/all/cn/permissions, skipping
11-16 15:46:08.693  8251  8361 W SystemConfig: No directory /odm/etc/sysconfig, skipping
11-16 15:46:08.693  8251  8361 W SystemConfig: No directory /odm/hw_odm/LIO-AN00/sysconfig, skipping
11-16 15:46:08.693  8251  8361 W SystemConfig: No directory /odm/hw_odm/LIO-AN00/permissions, skipping
11-16 15:46:08.693  8251  8361 W SystemConfig: No directory /hw_product/etc/sysconfig, skipping
11-16 15:46:08.694  8251  8361 W SystemConfig: No directory /hw_product/region_comm/china/sysconfig, skipping
11-16 15:46:08.694  8251  8361 W SystemConfig: No directory /preas/china/sysconfig, skipping
11-16 15:46:08.694  8251  8361 W SystemConfig: No directory /hw_product/hw_oem/LIO-AN00/sysconfig, skipping
11-16 15:46:08.694  8251  8361 W SystemConfig: No directory /hw_product/hw_oem/LIO-AN00/permissions, skipping
11-16 15:46:08.694  8251  8361 W SystemConfig: No directory /preload/LIO-AN00/all/cn/sysconfig, skipping
11-16 15:46:08.695  8251  8361 W SystemConfig: No directory /cust/global/sysconfig, skipping
11-16 15:46:08.695  8251  8361 W SystemConfig: No directory /cust/global/permissions, skipping
11-16 15:46:08.695  8251  8361 W SystemConfig: No directory /cust/hw/cn/sysconfig, skipping
11-16 15:46:08.695  8251  8361 W SystemConfig: No directory /cust/hw/cn/permissions, skipping
11-16 15:46:08.695  8251  8361 W SystemConfig: No directory /version/cust/all/cn/sysconfig, skipping
11-16 15:46:08.695  8251  8361 W SystemConfig: No directory /hw_product/special_cust/LIO-AN00/all/cn/sysconfig, skipping
11-16 15:46:08.695  8251  8361 W SystemConfig: No directory /hw_product/special_cust/LIO-AN00/all/cn/permissions, skipping
11-16 15:46:08.695  8251  8361 W SystemConfig: No directory /version/special_cust/LIO-AN00/all/cn/sysconfig, skipping
11-16 15:46:08.695  8251  8361 W SystemConfig: No directory /version/special_cust/LIO-AN00/all/cn/permissions, skipping
11-16 15:46:08.695  8251  8361 W SystemConfig: No directory /cust/cotalite/sysconfig, skipping
11-16 15:46:08.695  8251  8361 W SystemConfig: No directory /cust/cotalite/permissions, skipping
11-16 15:46:08.695  8251  8361 W SystemConfig: No directory /cust/ecota/sysconfig, skipping
11-16 15:46:08.695  8251  8361 W SystemConfig: No directory /cust/ecota/permissions, skipping
11-16 15:46:10.036  4088  4588 D HwCommandQueue: CommandQueue, set Launcher StatusBar Color
11-16 15:46:10.117  2010  2748 I chatty  : uid=1000(system) Binder:2010_4 expire 18 lines
11-16 15:46:10.266  4088  4773 D HwCommandQueue: CommandQueue, set Launcher StatusBar Color
11-16 15:46:10.272  8251  8251 I ViewRootImpl: dispatchDetachedFromWindow in doDie
11-16 15:46:10.278  4088  7340 I HwCommandQueue: updateBarBgColor
11-16 15:46:10.279  4088  7340 D HwCommandQueue: CommandQueue, setBarBackgroundColor
11-16 15:46:10.279  4088  4773 D HwCommandQueue: CommandQueue, set Launcher StatusBar Color
11-16 15:46:11.048  4088  4773 D HwCommandQueue: CommandQueue, set Launcher StatusBar Color
11-16 15:46:11.083  4088  7340 D HwCommandQueue: CommandQueue, set Launcher StatusBar Color
11-16 15:46:11.427  8251  8251 I ViewRootImpl: dispatchDetachedFromWindow in doDie
11-16 15:46:11.437  4088  4773 I HwCommandQueue: updateBarBgColor
11-16 15:46:11.437  4088  4773 D HwCommandQueue: CommandQueue, setBarBackgroundColor
11-16 15:46:11.438  4088  4588 D HwCommandQueue: CommandQueue, set Launcher StatusBar Color
11-16 15:46:11.442  4088  4588 D HwCommandQueue: CommandQueue, set Launcher StatusBar Color
11-16 15:46:12.215  4667  4954 I chatty  : uid=1000(system) OllieAwareThrea expire 62 lines
11-16 15:46:12.334  2010 11971 I chatty  : uid=1000(system) MobileQosDetect expire 11 lines
11-16 15:46:14.717  9033  9033 D ActivityThread: Attach thread to application
11-16 15:46:14.730  9033  9051 I ActivityThread: Init compatible state: true
11-16 15:46:14.979  9033  9033 I ActivityThread: finishPreloaded preloadStatus 0
11-16 15:46:15.020  9033  9078 D HwCustConnectivityManagerImpl: isBlockNetworkRequestByNonAis, INVALID_SUBSCRIPTION_ID
11-16 15:46:15.439  2010  3901 I chatty  : uid=1000(system) LocationHander expire 13 lines
11-16 15:46:20.194  4088  7340 D HwCommandQueue: CommandQueue, set Launcher StatusBar Color
11-16 15:46:20.195  8613  9109 D HwCustConnectivityManagerImpl: isBlockNetworkRequestByNonAis, INVALID_SUBSCRIPTION_ID
11-16 15:46:20.200  8613  9109 D HwCustConnectivityManagerImpl: isBlockNetworkRequestByNonAis, INVALID_SUBSCRIPTION_ID
11-16 15:46:20.304  2010  4209 I chatty  : uid=1000(system) Binder:2010_7 expire 12 lines
11-16 15:46:20.448  8613  8613 D HwCustConnectivityManagerImpl: isBlockNetworkRequestByNonAis, INVALID_SUBSCRIPTION_ID
11-16 15:46:20.449  2010  3889 I chatty  : uid=1000(system) ConnectivitySer expire 6 lines
11-16 15:46:20.472  2010  2747 I chatty  : uid=1000(system) Binder:2010_3 expire 23 lines
11-16 15:46:20.479  2010  2010 I chatty  : uid=1000(system) Binder:2010_F expire 13 lines
11-16 15:46:20.622  2010  4211 I chatty  : uid=1000(system) Binder:2010_9 expire 15 lines
11-16 15:46:20.689  2010  6452 I chatty  : uid=1000(system) Binder:2010_1E expire 10 lines
11-16 15:46:20.737  2010  6414 I chatty  : uid=1000(system) Binder:2010_1D expire 13 lines
11-16 15:46:20.737  2010  2653 I chatty  : uid=1000(system) PowerManagerSer expire 25 lines
11-16 15:46:20.892  2010  2624 I chatty  : uid=1000(system) android.anim expire 12 lines
11-16 15:46:20.928  2010  3903 I chatty  : uid=1000(system) Thread-6 expire 13 lines
11-16 15:46:21.350  8251  8251 I ViewRootImpl: dispatchDetachedFromWindow in doDie
11-16 15:46:21.390  2010  2621 I chatty  : uid=1000(system) android.ui expire 10 lines
11-16 15:46:21.390  4088  4588 D HwCommandQueue: CommandQueue, set Launcher StatusBar Color
11-16 15:46:21.650  2010  3876 I chatty  : uid=1000(system) NetworkStats expire 18 lines
11-16 15:46:37.407  2010  6453 I chatty  : uid=1000(system) Binder:2010_1F expire 13 lines
11-16 15:46:38.624  1046  1131 I storaged: storaged_t::event: storage_info refreshed.
11-16 15:46:41.855  2010  2781 I chatty  : uid=1000(system) AlarmManager expire 12 lines
11-16 15:46:41.938  2010  2752 I chatty  : uid=1000(system) UEventObserver expire 12 lines
11-16 15:46:43.963  4667  4954 I chatty  : uid=1000(system) OllieAwareThrea expire 108 lines
11-16 15:46:44.362  2010  6452 I chatty  : uid=1000(system) Binder:2010_1E expire 12 lines
11-16 15:46:56.447  2010  6387 I chatty  : uid=1000(system) Binder:2010_16 expire 20 lines
11-16 15:47:00.006  2010  2653 I chatty  : uid=1000(system) PowerManagerSer expire 67 lines
11-16 15:47:04.384  2010 11971 I chatty  : uid=1000(system) MobileQosDetect expire 13 lines
11-16 15:47:15.533  2010  2748 I chatty  : uid=1000(system) Binder:2010_4 expire 15 lines
11-16 15:47:26.609  2010  3881 I chatty  : uid=1000(system) WifiP2pService expire 69 lines
11-16 15:47:38.627  1046  1131 I storaged: storaged_t::event: storage_info refreshed.
11-16 15:47:39.259  4667  4954 I chatty  : uid=1000(system) OllieAwareThrea expire 48 lines
11-16 15:47:43.392  2010  2752 I chatty  : uid=1000(system) UEventObserver expire 12 lines
11-16 15:47:49.596  2010  2653 I chatty  : uid=1000(system) PowerManagerSer expire 55 lines
11-16 15:47:49.619  2010  3881 I chatty  : uid=1000(system) WifiP2pService expire 66 lines
11-16 15:48:03.680  4088  7340 D HwCommandQueue: CommandQueue, set Launcher StatusBar Color
11-16 15:48:03.680  2010  2748 I chatty  : uid=1000(system) Binder:2010_4 expire 21 lines
11-16 15:48:03.686  8251  8251 I ViewRootImpl: dispatchDetachedFromWindow in doDie
11-16 15:48:03.694  4088  4588 I HwCommandQueue: updateBarBgColor
11-16 15:48:03.694  4088  4588 D HwCommandQueue: CommandQueue, setBarBackgroundColor
11-16 15:48:03.694  4088  4588 D HwCommandQueue: CommandQueue, set Launcher StatusBar Color
11-16 15:48:03.700  4088  4773 D HwCommandQueue: CommandQueue, set Launcher StatusBar Color
11-16 15:48:03.727  4088  7340 D HwCommandQueue: CommandQueue, set Launcher StatusBar Color
11-16 15:48:03.746  8251  8251 I ViewRootImpl: dispatchDetachedFromWindow in doDie
11-16 15:48:03.749  2010  6452 I chatty  : uid=1000(system) Binder:2010_1E expire 20 lines
11-16 15:48:03.752  4088  4773 I HwCommandQueue: updateBarBgColor
11-16 15:48:03.752  4088  4773 D HwCommandQueue: CommandQueue, setBarBackgroundColor
11-16 15:48:03.753  2010  2621 I chatty  : uid=1000(system) android.ui expire 24 lines
11-16 15:48:03.754  4088  4773 D HwCommandQueue: CommandQueue, set Launcher StatusBar Color
11-16 15:48:03.756  4088  7340 D HwCommandQueue: CommandQueue, set Launcher StatusBar Color
11-16 15:48:03.811  4088  4773 D HwCommandQueue: CommandQueue, set Launcher StatusBar Color
11-16 15:48:03.811  2010  6453 I chatty  : uid=1000(system) Binder:2010_1F expire 37 lines
11-16 15:48:03.817  8251  8251 I ViewRootImpl: dispatchDetachedFromWindow in doDie
11-16 15:48:03.824  4088  4588 I HwCommandQueue: updateBarBgColor
11-16 15:48:03.824  4088  4588 D HwCommandQueue: CommandQueue, setBarBackgroundColor
11-16 15:48:03.824  4088  4773 D HwCommandQueue: CommandQueue, set Launcher StatusBar Color
11-16 15:48:03.834  4667  4954 I chatty  : uid=1000(system) OllieAwareThrea expire 30 lines
11-16 15:48:04.440  2010 11971 I chatty  : uid=1000(system) MobileQosDetect expire 14 lines
11-16 15:48:04.497  2010  6387 I chatty  : uid=1000(system) Binder:2010_16 expire 14 lines
11-16 15:48:04.497  2010  2620 I chatty  : uid=1000(system) android.fg expire 18 lines
11-16 15:48:09.046  2010  2624 I chatty  : uid=1000(system) android.anim expire 12 lines
11-16 15:48:09.337  2010  2789 I chatty  : uid=1000(system) GestureNavManag expire 10 lines
11-16 15:48:11.601  2010  2653 I chatty  : uid=1000(system) PowerManagerSer expire 24 lines
11-16 15:48:11.621  2010  3881 I chatty  : uid=1000(system) WifiP2pService expire 12 lines
11-16 15:48:17.377  2010  2647 I chatty  : uid=1000(system) ActivityManager expire 10 lines
11-16 15:48:18.307  2010  2633 I chatty  : uid=1000(system) HwActivityTaskM expire 11 lines
11-16 15:48:18.333  2010  2623 I chatty  : uid=1000(system) android.display expire 15 lines
11-16 15:48:18.490  2010  6388 I chatty  : uid=1000(system) Binder:2010_17 expire 15 lines
11-16 15:48:18.503  4667  4667 I chatty  : uid=1000(system) com.huawei.systemserver expire 5 lines
11-16 15:48:18.961  9429  9429 D ActivityThread: Attach thread to application
11-16 15:48:18.975  9429  9450 I ActivityThread: Init compatible state: true
11-16 15:48:19.191  4667  4954 I chatty  : uid=1000(system) OllieAwareThrea expire 26 lines
11-16 15:48:19.365  9429  9429 I ActivityThread: finishPreloaded preloadStatus 0
11-16 15:48:27.088  2010  3876 I chatty  : uid=1000(system) NetworkStats expire 18 lines
11-16 15:48:27.344  4088  4773 D HwCommandQueue: CommandQueue, set Launcher StatusBar Color
11-16 15:48:28.529  4088  7340 D HwCommandQueue: CommandQueue, set Launcher StatusBar Color
11-16 15:48:28.535  8251  8251 I ViewRootImpl: dispatchDetachedFromWindow in doDie
11-16 15:48:28.543  4088  7340 I HwCommandQueue: updateBarBgColor
11-16 15:48:28.544  4088  7340 D HwCommandQueue: CommandQueue, setBarBackgroundColor
11-16 15:48:28.545  4088  4588 D HwCommandQueue: CommandQueue, set Launcher StatusBar Color
11-16 15:48:28.573  4088  4588 D HwCommandQueue: CommandQueue, set Launcher StatusBar Color
11-16 15:48:31.529  2010  2653 I chatty  : uid=1000(system) PowerManagerSer expire 26 lines
11-16 15:48:31.587  4088  7340 D HwCommandQueue: CommandQueue, set Launcher StatusBar Color
11-16 15:48:32.506  4667  4954 I chatty  : uid=1000(system) OllieAwareThrea expire 22 lines
11-16 15:48:33.188  4088  4773 D HwCommandQueue: CommandQueue, set Launcher StatusBar Color
11-16 15:48:33.188  2010  4211 I chatty  : uid=1000(system) Binder:2010_9 expire 32 lines
11-16 15:48:33.202  8251  8251 I ViewRootImpl: dispatchDetachedFromWindow in doDie
11-16 15:48:33.215  4088  4588 I HwCommandQueue: updateBarBgColor
11-16 15:48:33.215  4088  4588 D HwCommandQueue: CommandQueue, setBarBackgroundColor
11-16 15:48:33.215  4088  4773 D HwCommandQueue: CommandQueue, set Launcher StatusBar Color
11-16 15:48:33.242  4088  4773 D HwCommandQueue: CommandQueue, set Launcher StatusBar Color
11-16 15:48:37.902  2010  6452 I chatty  : uid=1000(system) Binder:2010_1E expire 12 lines
11-16 15:48:38.229  2010  2747 I chatty  : uid=1000(system) Binder:2010_3 expire 24 lines
11-16 15:48:38.627  1046  1131 I storaged: storaged_t::event: storage_info refreshed.
11-16 15:48:39.069  8251  8251 I ViewRootImpl: dispatchDetachedFromWindow in doDie
11-16 15:48:42.847  2010  2621 I chatty  : uid=1000(system) android.ui expire 14 lines
11-16 15:48:42.850  4088  4773 D HwCommandQueue: CommandQueue, set Launcher StatusBar Color
11-16 15:48:43.770  4667  4954 I chatty  : uid=1000(system) OllieAwareThrea expire 84 lines
11-16 15:48:44.072  4088  7340 D HwCommandQueue: CommandQueue, set Launcher StatusBar Color
11-16 15:48:44.078  8251  8251 I ViewRootImpl: dispatchDetachedFromWindow in doDie
11-16 15:48:44.085  4088  4773 I HwCommandQueue: updateBarBgColor
11-16 15:48:44.085  4088  4773 D HwCommandQueue: CommandQueue, setBarBackgroundColor
11-16 15:48:44.085  4088  4773 D HwCommandQueue: CommandQueue, set Launcher StatusBar Color
11-16 15:48:44.096  4088  7340 D HwCommandQueue: CommandQueue, set Launcher StatusBar Color
11-16 15:48:44.804  2010  2752 I chatty  : uid=1000(system) UEventObserver expire 12 lines
11-16 15:48:44.840  2010  6388 I chatty  : uid=1000(system) Binder:2010_17 expire 17 lines
11-16 15:48:45.023  2010  2616 I chatty  : uid=1000(system) Binder:2010_1 expire 45 lines
11-16 15:48:45.538  2010  3950 I chatty  : uid=1000(system) SecurityCenterA expire 1 line
11-16 15:48:45.901  8251  8251 I ViewRootImpl: dispatchDetachedFromWindow in doDie
11-16 15:48:45.926  4088  4588 D HwCommandQueue: CommandQueue, set Launcher StatusBar Color
11-16 15:48:46.212  2010  2624 I chatty  : uid=1000(system) android.anim expire 32 lines
11-16 15:48:50.914  4088  7340 D HwCommandQueue: CommandQueue, set Launcher StatusBar Color
11-16 15:49:00.007  2010  2653 I chatty  : uid=1000(system) PowerManagerSer expire 50 lines
11-16 15:49:15.275  2010  2747 I chatty  : uid=1000(system) Binder:2010_3 expire 24 lines
11-16 15:49:15.560  2010  6452 I chatty  : uid=1000(system) Binder:2010_1E expire 10 lines
11-16 15:49:26.167  9372  9372 I ActivityThread: Handle window ActivityRecord{987fcd4 token=android.os.BinderProxy@1d5be79 {com.huawei.android.launcher/com.huawei.android.launcher.unihome.UniHomeLauncher}} visibility: true
11-16 15:49:26.202  4439  4643 I HwNetworkPolicyManager: getHwUidPolicy uid = 10096 policy = 0
11-16 15:49:26.217  2010  6388 I chatty  : uid=1000(system) Binder:2010_17 expire 15 lines
11-16 15:49:26.621  2010  3881 I chatty  : uid=1000(system) WifiP2pService expire 48 lines
11-16 15:49:26.679  9372  9372 I RtgSchedEvent: current pid:9372 AppType:28
11-16 15:49:26.680  2010  2616 I chatty  : uid=1000(system) Binder:2010_1 expire 27 lines
11-16 15:49:26.697  2010  6452 I chatty  : uid=1000(system) Binder:2010_1E expire 25 lines
11-16 15:49:26.715  4088  7340 I HwCommandQueue: updateBarBgColor
11-16 15:49:26.715  4088  7340 D HwCommandQueue: CommandQueue, setBarBackgroundColor
11-16 15:49:26.715  4088  4773 D HwCommandQueue: CommandQueue, set Launcher StatusBar Color
11-16 15:49:26.731  4667  4954 I chatty  : uid=1000(system) OllieAwareThrea expire 25 lines
11-16 15:49:26.739  2010  6387 I chatty  : uid=1000(system) Binder:2010_16 expire 41 lines
11-16 15:49:26.745  2010  2623 I chatty  : uid=1000(system) android.display expire 15 lines
11-16 15:49:26.848  2010  2621 I chatty  : uid=1000(system) android.ui expire 12 lines
11-16 15:49:27.213  2010  4211 I chatty  : uid=1000(system) Binder:2010_9 expire 34 lines
11-16 15:49:27.643  2010  2010 I chatty  : uid=1000(system) Binder:2010_F expire 27 lines
11-16 15:49:27.678  4088 23004 D HwCommandQueue: CommandQueue, set Launcher StatusBar Color
11-16 15:49:27.683  5992  5992 D ActivityThread: Won't deliver top position change in state=5
11-16 15:49:27.700  5992  5992 W ContextImpl: Calling a method in the system process without a qualified user: android.app.ContextImpl.sendBroadcast:1183 android.content.ContextWrapper.sendBroadcast:453 com.android.settings.HWSettings.onResume:297 android.app.Instrumentation.callActivityOnResume:1472 android.app.Activity.performResume:8351
11-16 15:49:27.710  5992  5992 I RtgSchedEvent: current pid:5992 AppType:255
11-16 15:49:27.715  4439  5342 I HwNetworkPolicyManager: getHwUidPolicy uid = 1000 policy = 0
11-16 15:49:27.717  4088 23004 I HwCommandQueue: updateBarBgColor
11-16 15:49:27.717  4088 23004 D HwCommandQueue: CommandQueue, setBarBackgroundColor
11-16 15:49:27.723 29619 29691 E ActivityThread: Failed to find provider info for com.android.settings.SettingsBadgeUpdateProvider
11-16 15:49:27.744  2010  2640 I chatty  : uid=1000(system) ActivityManager expire 10 lines
11-16 15:49:27.795  2010  2641 I chatty  : uid=1000(system) ActivityManager expire 10 lines
11-16 15:49:27.816  9694  9694 D ActivityThread: Attach thread to application
11-16 15:49:27.823  4568 14685 W ContextImpl: Calling a method in the system process without a qualified user: android.app.ContextImpl.bindService:1777 android.content.ContextWrapper.bindService:705 ohos.abilityshell.support.O00000O.O000000:709 ohos.abilityshell.support.O00000O.connectAbility:579 ohos.abilityshell.support.O00000o.O000000:153
11-16 15:49:27.829  9694  9714 I ActivityThread: Init compatible state: false
11-16 15:49:27.830  9694  9694 I LoadedApk: makePaths: outLibPaths=[/data/app/com.huawei.hidisk-ClVV3V9HviKH7rOpcJ777g==/lib/arm64, /data/app/com.huawei.hidisk-ClVV3V9HviKH7rOpcJ777g==/base.apk!/lib/arm64-v8a, /system/lib64:/hw_product/lib64:/system/product/lib64]
11-16 15:49:27.842  9715  9715 D ActivityThread: Attach thread to application
11-16 15:49:27.850  9715  9737 I ActivityThread: Init compatible state: false
11-16 15:49:27.854  9715  9715 I LoadedApk: makePaths: outLibPaths=[/data/app/com.huawei.vassistant-3rl7iWgsWINiRIqD3v4QhA==/lib/arm64, /data/app/com.huawei.vassistant-3rl7iWgsWINiRIqD3v4QhA==/base.apk!/lib/arm64-v8a, /system/lib64:/hw_product/lib64:/system/product/lib64]
11-16 15:49:27.958 29619 29691 E ActivityThread: Failed to find provider info for com.android.settings.SettingsBadgeUpdateProvider
11-16 15:49:27.973  9715  9715 I ActivityThread: finishPreloaded preloadStatus 0
11-16 15:49:28.047  9694  9694 I ActivityThread: finishPreloaded preloadStatus 0
11-16 15:49:28.067  4667  4695 I chatty  : uid=1000(system) Binder:4667_1 expire 5 lines
11-16 15:49:28.113  2010  9865 I chatty  : uid=1000(system) Binder:2010_F expire 1 line
11-16 15:49:28.703   522 11097 D vold    : sdlock: poll
11-16 15:49:28.704   522 11097 I chatty  : uid=0(root) Binder:522_9 identical 5 lines
11-16 15:49:28.705   522 11097 D vold    : sdlock: poll
11-16 15:49:28.925  2010  2653 I chatty  : uid=1000(system) PowerManagerSer expire 90 lines
11-16 15:49:29.321  2010  2747 I chatty  : uid=1000(system) Binder:2010_3 expire 49 lines
11-16 15:49:30.793  2010  6414 I chatty  : uid=1000(system) Binder:2010_1D expire 8 lines
11-16 15:49:31.306  4599  7172 W ContextImpl: Calling a method in the system process without a qualified user: android.app.ContextImpl.bindService:1777 android.content.ContextWrapper.bindService:705 com.huawei.c.c.d.c.f:156 com.huawei.c.c.d.c.b:232 com.huawei.c.c.d.c.a:210
11-16 15:49:32.528  2010 11971 I chatty  : uid=1000(system) MobileQosDetect expire 10 lines
11-16 15:49:36.276  2010 10073 I chatty  : uid=1000(system) Binder:2010_F expire 1 line
11-16 15:49:37.509  2010  2624 I chatty  : uid=1000(system) android.anim expire 31 lines
11-16 15:49:37.649 29619 29691 E ActivityThread: Failed to find provider info for com.android.settings.SettingsBadgeUpdateProvider
11-16 15:49:37.735 29619 29635 E ActivityThread: Failed to find provider info for com.android.settings.SettingsBadgeUpdateProvider
11-16 15:49:38.629  1046  1131 I storaged: storaged_t::event: storage_info refreshed.
11-16 15:49:42.260  2010  2623 I chatty  : uid=1000(system) android.display expire 42 lines
11-16 15:49:42.263  5992  5992 V ActivityThread: callActivityOnCreate
11-16 15:49:42.263  2010  3903 I chatty  : uid=1000(system) Thread-6 expire 23 lines
11-16 15:49:42.279  2010  6387 I chatty  : uid=1000(system) Binder:2010_16 expire 50 lines
11-16 15:49:42.287  2010  2747 I chatty  : uid=1000(system) Binder:2010_3 expire 108 lines
11-16 15:49:42.325 10108 10108 D ActivityThread: Attach thread to application
11-16 15:49:42.331 10108 10135 I ActivityThread: Init compatible state: false
11-16 15:49:42.354 10108 10108 I ActivityThread: finishPreloaded preloadStatus 0
11-16 15:49:42.384 10151 10151 D ActivityThread: Attach thread to application
11-16 15:49:42.390 10151 10173 I ActivityThread: Init compatible state: false
11-16 15:49:42.393 10151 10151 I LoadedApk: makePaths: outLibPaths=[/hw_product/region_comm/china/app/HwFloatMenu/lib/arm64, /system/lib64:/hw_product/lib64:/system/product/lib64]
11-16 15:49:42.416 10151 10151 I ActivityThread: finishPreloaded preloadStatus 0
11-16 15:49:42.425  5992  5992 D ActivityThread: add activity client record, r= ActivityRecord{9a100e token=android.os.BinderProxy@f1fe9b4 {com.android.settings/com.android.settings.Settings$MoreAssistanceSettingsActivity}} token= android.os.BinderProxy@f1fe9b4
11-16 15:49:42.466  2010  2616 I chatty  : uid=1000(system) Binder:2010_1 expire 27 lines
11-16 15:49:42.471  2010  6453 I chatty  : uid=1000(system) Binder:2010_1F expire 12 lines
11-16 15:49:42.473  2010  2621 I chatty  : uid=1000(system) android.ui expire 10 lines
11-16 15:49:42.473  4088  4588 D HwCommandQueue: CommandQueue, set Launcher StatusBar Color
11-16 15:49:42.580  2010  2653 I chatty  : uid=1000(system) PowerManagerSer expire 104 lines
11-16 15:49:42.618  2010  3881 I chatty  : uid=1000(system) WifiP2pService expire 48 lines
11-16 15:49:44.367  5992  5992 D ActivityThread: Won't deliver top position change in state=5
11-16 15:49:44.368  2010  2633 I chatty  : uid=1000(system) HwActivityTaskM expire 10 lines
11-16 15:49:44.388  5992  5992 W ContextImpl: Calling a method in the system process without a qualified user: android.app.ContextImpl.sendBroadcast:1183 android.content.ContextWrapper.sendBroadcast:453 com.android.settings.HWSettings.onResume:297 android.app.Instrumentation.callActivityOnResume:1472 android.app.Activity.performResume:8351
11-16 15:49:44.398  2010  4211 I chatty  : uid=1000(system) Binder:2010_9 expire 58 lines
11-16 15:49:44.403  4088  4588 D HwCommandQueue: CommandQueue, set Launcher StatusBar Color
11-16 15:49:44.411  2010  6388 I chatty  : uid=1000(system) Binder:2010_17 expire 60 lines
11-16 15:49:44.420 29619 29691 E ActivityThread: Failed to find provider info for com.android.settings.SettingsBadgeUpdateProvider
11-16 15:49:44.462 29619 29691 E ActivityThread: Failed to find provider info for com.android.settings.SettingsBadgeUpdateProvider
11-16 15:49:44.790  5992  5992 D ActivityThread: Remove activity client record, r= ActivityRecord{9a100e token=android.os.BinderProxy@f1fe9b4 {com.android.settings/com.android.settings.Settings$MoreAssistanceSettingsActivity}} token= android.os.BinderProxy@f1fe9b4
11-16 15:49:44.790  5992  5992 I ViewRootImpl: dispatchDetachedFromWindow in doDie
11-16 15:49:45.354   522 11097 D vold    : sdlock: poll
11-16 15:49:45.355   522 11097 D vold    : sdlock: poll
11-16 15:49:45.612  4667  5915 I chatty  : uid=1000(system) Binder:4667_5 expire 4 lines
11-16 15:49:46.250  2010  2752 I chatty  : uid=1000(system) UEventObserver expire 12 lines
11-16 15:49:47.532  5992  5992 V ActivityThread: callActivityOnCreate
11-16 15:49:47.588 10217 10217 D ActivityThread: Attach thread to application
11-16 15:49:47.595 10217 10235 I ActivityThread: Init compatible state: false
11-16 15:49:47.598 10217 10217 I LoadedApk: makePaths: outLibPaths=[/data/app/com.huawei.calendar-c_gVbOg_U3PgPf44_ZnRLQ==/lib/arm64, /data/app/com.huawei.calendar-c_gVbOg_U3PgPf44_ZnRLQ==/base.apk!/lib/arm64-v8a, /data/app/com.huawei.calendar-c_gVbOg_U3PgPf44_ZnRLQ==/split_calendar_widget.apk!/lib/arm64-v8a, /system/lib64:/hw_product/lib64:/system/product/lib64]
11-16 15:49:47.694  5992  5992 D ActivityThread: add activity client record, r= ActivityRecord{8a8f5cd token=android.os.BinderProxy@bb6fe12 {com.android.settings/com.android.settings.Settings$AppAndNotificationDashboardActivity}} token= android.os.BinderProxy@bb6fe12
11-16 15:49:47.746 10217 10217 I ActivityThread: finishPreloaded preloadStatus 0
11-16 15:49:47.765 10279 10279 D ActivityThread: Attach thread to application
11-16 15:49:47.771 10279 10302 I ActivityThread: Init compatible state: false
11-16 15:49:47.774 10279 10279 I LoadedApk: makePaths: outLibPaths=[/system/priv-app/CalendarProvider/lib/arm64, /system/priv-app/CalendarProvider/CalendarProvider.apk!/lib/arm64-v8a, /system/lib64:/hw_product/lib64:/system/product/lib64]
11-16 15:49:47.807 10279 10279 I ActivityThread: finishPreloaded preloadStatus 0
11-16 15:49:47.879  2010  2624 I chatty  : uid=1000(system) android.anim expire 45 lines
11-16 15:49:47.885  4088 23004 D HwCommandQueue: CommandQueue, set Launcher StatusBar Color
11-16 15:49:48.526  5992  5992 D ActivityThread: Won't deliver top position change in state=5
11-16 15:49:48.541  5992  5992 W ContextImpl: Calling a method in the system process without a qualified user: android.app.ContextImpl.sendBroadcast:1183 android.content.ContextWrapper.sendBroadcast:453 com.android.settings.HWSettings.onResume:297 android.app.Instrumentation.callActivityOnResume:1472 android.app.Activity.performResume:8351
11-16 15:49:48.549  2010  2748 I chatty  : uid=1000(system) Binder:2010_4 expire 36 lines
11-16 15:49:48.553  4088  4588 D HwCommandQueue: CommandQueue, set Launcher StatusBar Color
11-16 15:49:48.557 29619 12527 E ActivityThread: Failed to find provider info for com.android.settings.SettingsBadgeUpdateProvider
11-16 15:49:48.566  2010  6452 I chatty  : uid=1000(system) Binder:2010_1E expire 19 lines
11-16 15:49:48.940  5992  5992 D ActivityThread: Remove activity client record, r= ActivityRecord{8a8f5cd token=android.os.BinderProxy@bb6fe12 {com.android.settings/com.android.settings.Settings$AppAndNotificationDashboardActivity}} token= android.os.BinderProxy@bb6fe12
11-16 15:49:48.940  5992  5992 I ViewRootImpl: dispatchDetachedFromWindow in doDie
11-16 15:49:49.514   522 11097 D vold    : sdlock: poll
11-16 15:49:49.516   522 11097 D vold    : sdlock: poll
11-16 15:49:54.388  5992  5992 V ActivityThread: callActivityOnCreate
11-16 15:49:54.447  5992  5992 D ActivityThread: add activity client record, r= ActivityRecord{3e2a031 token=android.os.BinderProxy@6a8b8cc {com.android.settings/com.android.settings.Settings$DisplaySettingsActivity}} token= android.os.BinderProxy@6a8b8cc
11-16 15:49:54.491  4088 23004 D HwCommandQueue: CommandQueue, set Launcher StatusBar Color
11-16 15:49:54.501 10358 10358 D ActivityThread: Attach thread to application
11-16 15:49:54.511 10358 10394 I ActivityThread: Init compatible state: false
11-16 15:49:54.720 10358 10452 W PackageParser: Unknown element under <manifest>: queries at /data/user_de/0/com.huawei.android.hsf/modules/external/huawei_module_networkkit/60000300/networkkit.apk Binary XML file line #14
11-16 15:49:54.737 10358 10452 W SystemConfig: No directory /product_services/etc/sysconfig, skipping
11-16 15:49:54.737 10358 10452 W SystemConfig: No directory /product_services/etc/permissions, skipping
11-16 15:49:54.737 10358 10452 W SystemConfig: No directory /system/emui/base/sysconfig, skipping
11-16 15:49:54.738 10358 10452 W SystemConfig: No directory /system/emui/china/sysconfig, skipping
11-16 15:49:54.738 10358 10452 W SystemConfig: No directory /vendor/etc/sysconfig, skipping
11-16 15:49:54.746 10358 10452 W SystemConfig: No directory /odm/cust/all/cn/sysconfig, skipping
11-16 15:49:54.746 10358 10452 W SystemConfig: No directory /odm/cust/all/cn/permissions, skipping
11-16 15:49:54.746 10358 10452 W SystemConfig: No directory /odm/etc/sysconfig, skipping
11-16 15:49:54.747 10358 10452 W SystemConfig: No directory /odm/hw_odm/LIO-AN00/sysconfig, skipping
11-16 15:49:54.747 10358 10452 W SystemConfig: No directory /odm/hw_odm/LIO-AN00/permissions, skipping
11-16 15:49:54.747 10358 10452 W SystemConfig: No directory /hw_product/etc/sysconfig, skipping
11-16 15:49:54.748 10358 10452 W SystemConfig: No directory /hw_product/region_comm/china/sysconfig, skipping
11-16 15:49:54.748 10358 10358 I ActivityThread: finishPreloaded preloadStatus 0
11-16 15:49:54.749 10358 10452 W SystemConfig: No directory /preas/china/sysconfig, skipping
11-16 15:49:54.749 10358 10452 W SystemConfig: No directory /hw_product/hw_oem/LIO-AN00/sysconfig, skipping
11-16 15:49:54.749 10358 10452 W SystemConfig: No directory /hw_product/hw_oem/LIO-AN00/permissions, skipping
11-16 15:49:54.749 10358 10452 W SystemConfig: No directory /preload/LIO-AN00/all/cn/sysconfig, skipping
11-16 15:49:54.749 10358 10452 W SystemConfig: No directory /cust/global/sysconfig, skipping
11-16 15:49:54.749 10358 10452 W SystemConfig: No directory /cust/global/permissions, skipping
11-16 15:49:54.749 10358 10452 W SystemConfig: No directory /cust/hw/cn/sysconfig, skipping
11-16 15:49:54.749 10358 10452 W SystemConfig: No directory /cust/hw/cn/permissions, skipping
11-16 15:49:54.749 10358 10452 W SystemConfig: No directory /version/cust/all/cn/sysconfig, skipping
11-16 15:49:54.750 10358 10452 W SystemConfig: No directory /hw_product/special_cust/LIO-AN00/all/cn/sysconfig, skipping
11-16 15:49:54.750 10358 10452 W SystemConfig: No directory /hw_product/special_cust/LIO-AN00/all/cn/permissions, skipping
11-16 15:49:54.750 10358 10452 W SystemConfig: No directory /version/special_cust/LIO-AN00/all/cn/sysconfig, skipping
11-16 15:49:54.750 10358 10452 W SystemConfig: No directory /version/special_cust/LIO-AN00/all/cn/permissions, skipping
11-16 15:49:54.750 10358 10452 W SystemConfig: No directory /cust/cotalite/sysconfig, skipping
11-16 15:49:54.750 10358 10452 W SystemConfig: No directory /cust/cotalite/permissions, skipping
11-16 15:49:54.750 10358 10452 W SystemConfig: No directory /cust/ecota/sysconfig, skipping
11-16 15:49:54.750 10358 10452 W SystemConfig: No directory /cust/ecota/permissions, skipping
11-16 15:49:54.769  2010  6387 I chatty  : uid=1000(system) Binder:2010_16 expire 7 lines
11-16 15:49:58.321  2010  3903 I chatty  : uid=1000(system) Thread-6 expire 48 lines
11-16 15:49:58.322  5992  5992 V ActivityThread: callActivityOnCreate
11-16 15:49:58.323  2010  2623 I chatty  : uid=1000(system) android.display expire 56 lines
11-16 15:49:58.333  2010  2747 I chatty  : uid=1000(system) Binder:2010_3 expire 122 lines
11-16 15:49:58.337  5992  5992 D ActivityThread: add activity client record, r= ActivityRecord{dd05515 token=android.os.BinderProxy@8c481c3 {com.android.settings/com.android.settings.SubSettings}} token= android.os.BinderProxy@8c481c3
11-16 15:49:58.359  2010  2633 I chatty  : uid=1000(system) HwActivityTaskM expire 19 lines
11-16 15:49:58.375  2010  2621 I chatty  : uid=1000(system) android.ui expire 10 lines
11-16 15:49:58.375  4088 23004 D HwCommandQueue: CommandQueue, set Launcher StatusBar Color
11-16 15:49:58.407  2010  2624 I chatty  : uid=1000(system) android.anim expire 90 lines
11-16 15:49:58.452  2010  2653 I chatty  : uid=1000(system) PowerManagerSer expire 77 lines
11-16 15:49:58.624  2010  3881 I chatty  : uid=1000(system) WifiP2pService expire 36 lines
11-16 15:49:59.455  4667  4699 I chatty  : uid=1000(system) Binder:4667_2 expire 2 lines
11-16 15:49:59.455  4667  4954 I chatty  : uid=1000(system) OllieAwareThrea expire 47 lines
11-16 15:49:59.637  5992  5992 D ActivityThread: Won't deliver top position change in state=5
11-16 15:49:59.662  4088  7340 D HwCommandQueue: CommandQueue, set Launcher StatusBar Color
11-16 15:49:59.960  2010  2789 I chatty  : uid=1000(system) GestureNavManag expire 10 lines
11-16 15:50:00.033  5992  5992 D ActivityThread: Remove activity client record, r= ActivityRecord{dd05515 token=android.os.BinderProxy@8c481c3 {com.android.settings/com.android.settings.SubSettings}} token= android.os.BinderProxy@8c481c3
11-16 15:50:00.033  5992  5992 I ViewRootImpl: dispatchDetachedFromWindow in doDie
11-16 15:50:00.441  5992  5992 D ActivityThread: Won't deliver top position change in state=5
11-16 15:50:00.466  5992  5992 W ContextImpl: Calling a method in the system process without a qualified user: android.app.ContextImpl.sendBroadcast:1183 android.content.ContextWrapper.sendBroadcast:453 com.android.settings.HWSettings.onResume:297 android.app.Instrumentation.callActivityOnResume:1472 android.app.Activity.performResume:8351
11-16 15:50:00.481  4088  6833 D HwCommandQueue: CommandQueue, set Launcher StatusBar Color
11-16 15:50:00.498  2010  4214 I chatty  : uid=1000(system) Binder:2010_B expire 30 lines
11-16 15:50:00.516  2010  4605 I chatty  : uid=1000(system) Binder:2010_E expire 11 lines
11-16 15:50:00.521 29619 29691 E ActivityThread: Failed to find provider info for com.android.settings.SettingsBadgeUpdateProvider
11-16 15:50:00.532  2010  2640 I chatty  : uid=1000(system) ActivityManager expire 11 lines
11-16 15:50:00.561 29619 29691 E ActivityThread: Failed to find provider info for com.android.settings.SettingsBadgeUpdateProvider
11-16 15:50:00.562  2010  6398 I chatty  : uid=1000(system) Binder:2010_1B expire 8 lines
11-16 15:50:00.858  5992  5992 D ActivityThread: Remove activity client record, r= ActivityRecord{3e2a031 token=android.os.BinderProxy@6a8b8cc {com.android.settings/com.android.settings.Settings$DisplaySettingsActivity}} token= android.os.BinderProxy@6a8b8cc
11-16 15:50:00.858  5992  5992 I ViewRootImpl: dispatchDetachedFromWindow in doDie
11-16 15:50:00.863  2010  6413 I chatty  : uid=1000(system) Binder:2010_1C expire 10 lines
11-16 15:50:00.872  4667  7564 I chatty  : uid=1000(system) Binder:4667_9 expire 1 line
11-16 15:50:00.884  2010  2648 I chatty  : uid=1000(system) batterystats-wo expire 1 line
11-16 15:50:00.894  2010  6397 I chatty  : uid=1000(system) Binder:2010_1A expire 20 lines
11-16 15:50:01.437   522 11097 D vold    : sdlock: poll
11-16 15:50:01.438   522 11097 D vold    : sdlock: poll
11-16 15:50:01.476  2010  4210 I chatty  : uid=1000(system) Binder:2010_8 expire 95 lines
11-16 15:50:05.458  5992  5992 V ActivityThread: callActivityOnCreate
11-16 15:50:05.503  5992  5992 D ActivityThread: add activity client record, r= ActivityRecord{f2b0a7a token=android.os.BinderProxy@51b9a47 {com.android.settings/com.android.settings.Settings$MoreAssistanceSettingsActivity}} token= android.os.BinderProxy@51b9a47
11-16 15:50:05.545  4088  7340 D HwCommandQueue: CommandQueue, set Launcher StatusBar Color
11-16 15:50:06.679  5992  5992 D ActivityThread: Won't deliver top position change in state=5
11-16 15:50:06.692  5992  5992 W ContextImpl: Calling a method in the system process without a qualified user: android.app.ContextImpl.sendBroadcast:1183 android.content.ContextWrapper.sendBroadcast:453 com.android.settings.HWSettings.onResume:297 android.app.Instrumentation.callActivityOnResume:1472 android.app.Activity.performResume:8351
11-16 15:50:06.700 29619 12527 E ActivityThread: Failed to find provider info for com.android.settings.SettingsBadgeUpdateProvider
11-16 15:50:06.709  4088  6833 D HwCommandQueue: CommandQueue, set Launcher StatusBar Color
11-16 15:50:06.739  2010  4211 I chatty  : uid=1000(system) Binder:2010_9 expire 17 lines
11-16 15:50:06.757 29619 12527 E ActivityThread: Failed to find provider info for com.android.settings.SettingsBadgeUpdateProvider
11-16 15:50:07.091  5992  5992 D ActivityThread: Remove activity client record, r= ActivityRecord{f2b0a7a token=android.os.BinderProxy@51b9a47 {com.android.settings/com.android.settings.Settings$MoreAssistanceSettingsActivity}} token= android.os.BinderProxy@51b9a47
11-16 15:50:07.091  5992  5992 I ViewRootImpl: dispatchDetachedFromWindow in doDie
11-16 15:50:07.653   522 11097 D vold    : sdlock: poll
11-16 15:50:07.654   522 11097 D vold    : sdlock: poll
11-16 15:50:07.912  4667 10362 I chatty  : uid=1000(system) Binder:4667_C expire 2 lines
11-16 15:50:09.221  5992  5992 V ActivityThread: callActivityOnCreate
11-16 15:50:09.273 10572 10572 D ActivityThread: Attach thread to application
11-16 15:50:09.281 10572 10590 I ActivityThread: Init compatible state: false
11-16 15:50:09.283 10572 10572 I LoadedApk: makePaths: outLibPaths=[/system/app/HiViewTunnel/lib/arm64, /system/lib64:/hw_product/lib64:/system/product/lib64]
11-16 15:50:09.319 10572 10572 I ActivityThread: finishPreloaded preloadStatus 0
11-16 15:50:09.325  5992  5992 I LoadedApk: makePaths: outLibPaths=[/hw_product/region_comm/china/app/HwHiAiEngine/lib/arm64, /hw_product/region_comm/china/app/HwHiAiEngine/HwHiAiEngine.apk!/lib/arm64-v8a, /system/lib64:/hw_product/lib64:/system/product/lib64]
11-16 15:50:09.349  5992  5992 D ActivityThread: add activity client record, r= ActivityRecord{8a3432 token=android.os.BinderProxy@4e9c6be {com.android.settings/com.android.settings.Settings$HwSystemDashboardActivity}} token= android.os.BinderProxy@4e9c6be
11-16 15:50:09.394  2010  2621 I chatty  : uid=1000(system) android.ui expire 48 lines
11-16 15:50:09.394  4088  4588 D HwCommandQueue: CommandQueue, set Launcher StatusBar Color
11-16 15:50:09.897  2010  2747 I chatty  : uid=1000(system) Binder:2010_3 expire 94 lines
11-16 15:50:10.613  2010  2653 I chatty  : uid=1000(system) PowerManagerSer expire 74 lines
11-16 15:50:10.636  2010  3881 I chatty  : uid=1000(system) WifiP2pService expire 15 lines
11-16 15:50:10.793  2010  2623 I chatty  : uid=1000(system) android.display expire 35 lines
11-16 15:50:10.794  2010  2633 I chatty  : uid=1000(system) HwActivityTaskM expire 10 lines
11-16 15:50:10.794  2010  3903 I chatty  : uid=1000(system) Thread-6 expire 12 lines
11-16 15:50:10.796  5992  5992 V ActivityThread: callActivityOnCreate
11-16 15:50:10.813  5992  5992 D ActivityThread: add activity client record, r= ActivityRecord{d360db4 token=android.os.BinderProxy@ee09df2 {com.android.settings/com.android.settings.Settings$InputMethodAndLanguageSettingsHomeActivity}} token= android.os.BinderProxy@ee09df2
11-16 15:50:10.830  5992  5992 W InputMethodSubtype: list size = 2
11-16 15:50:10.860  4088  6833 D HwCommandQueue: CommandQueue, set Launcher StatusBar Color
11-16 15:50:10.909  2010  2624 I chatty  : uid=1000(system) android.anim expire 61 lines
11-16 15:50:10.926  2010  4214 I chatty  : uid=1000(system) Binder:2010_B expire 27 lines
11-16 15:50:12.044  4088  7340 D HwCommandQueue: CommandQueue, set Launcher StatusBar Color
11-16 15:50:12.098  4088  7340 D HwCommandQueue: CommandQueue, set Launcher StatusBar Color
11-16 15:50:12.133  4088  7340 D HwCommandQueue: CommandQueue, set Launcher StatusBar Color
11-16 15:50:12.246  2010  2786 I chatty  : uid=1000(system) sManagerService expire 12 lines
11-16 15:50:13.585  4088  6833 I HwCommandQueue: updateBarBgColor
11-16 15:50:13.585  4088  6833 D HwCommandQueue: CommandQueue, setBarBackgroundColor
11-16 15:50:13.586  4088  4588 D HwCommandQueue: CommandQueue, set Launcher StatusBar Color
11-16 15:50:13.591  4088  4588 D HwCommandQueue: CommandQueue, set Launcher StatusBar Color
11-16 15:50:13.593  5992  5992 I RtgSchedEvent: current pid:5992 AppType:255
11-16 15:50:13.642 10621 10621 D ActivityThread: Attach thread to application
11-16 15:50:13.653 10621 10639 I ActivityThread: Init compatible state: false
11-16 15:50:13.659 10621 10621 I LoadedApk: makePaths: outLibPaths=[/system/app/BaiduInput_for_Huawei/lib/arm, /system/app/BaiduInput_for_Huawei/BaiduInput_for_Huawei.apk!/lib/armeabi-v7a, /system/lib:/hw_product/lib]
11-16 15:50:14.014 10621 10621 I ActivityThread: finishPreloaded preloadStatus 0
11-16 15:50:14.594  9372  9372 I ActivityThread: Handle window ActivityRecord{987fcd4 token=android.os.BinderProxy@1d5be79 {com.huawei.android.launcher/com.huawei.android.launcher.unihome.UniHomeLauncher}} visibility: true
11-16 15:50:14.622  2010  2010 I chatty  : uid=1000(system) Binder:2010_F expire 13 lines
11-16 15:50:14.631  2010  4210 I chatty  : uid=1000(system) Binder:2010_8 expire 24 lines
11-16 15:50:14.631  4439  5342 I HwNetworkPolicyManager: getHwUidPolicy uid = 10096 policy = 0
11-16 15:50:14.636  4088  7340 D HwCommandQueue: CommandQueue, set Launcher StatusBar Color
11-16 15:50:14.789  2010  5433 I chatty  : uid=1000(system) Binder:2010_11 expire 18 lines
11-16 15:50:15.003  2010  2647 I chatty  : uid=1000(system) ActivityManager expire 10 lines
11-16 15:50:15.399  9372  9372 I RtgSchedEvent: current pid:9372 AppType:28
11-16 15:50:15.407  2010  6469 I chatty  : uid=1000(system) Binder:2010_21 expire 1 line
11-16 15:50:15.448  4088  6833 I HwCommandQueue: updateBarBgColor
11-16 15:50:15.448  4088  6833 D HwCommandQueue: CommandQueue, setBarBackgroundColor
11-16 15:50:15.448  4088 23004 D HwCommandQueue: CommandQueue, set Launcher StatusBar Color
11-16 15:50:15.513  2010  2781 I chatty  : uid=1000(system) AlarmManager expire 13 lines
11-16 15:50:15.518  2010  3901 I chatty  : uid=1000(system) LocationHander expire 6 lines
11-16 15:50:16.465  4088 23004 D HwCommandQueue: CommandQueue, set Launcher StatusBar Color
11-16 15:50:16.471  8251  8251 D ActivityThread: Won't deliver top position change in state=5
11-16 15:50:16.501  4439  4643 I HwNetworkPolicyManager: getHwUidPolicy uid = 10231 policy = 0
11-16 15:50:16.504  2010  6390 I chatty  : uid=1000(system) Binder:2010_18 expire 11 lines
11-16 15:50:16.505  4088  6833 I HwCommandQueue: updateBarBgColor
11-16 15:50:16.505  4088  6833 D HwCommandQueue: CommandQueue, setBarBackgroundColor
11-16 15:50:16.505  4088  6833 D HwCommandQueue: CommandQueue, set Launcher StatusBar Color
11-16 15:50:16.508  8251  8251 I RtgSchedEvent: current pid:8251 AppType:7
11-16 15:50:16.536  2010  6413 I chatty  : uid=1000(system) Binder:2010_1C expire 54 lines
11-16 15:50:16.645  4088 23004 D HwCommandQueue: CommandQueue, set Launcher StatusBar Color
11-16 15:50:17.962  4088 23004 D HwCommandQueue: CommandQueue, set Launcher StatusBar Color
11-16 15:50:19.777  4088 23004 D HwCommandQueue: CommandQueue, set Launcher StatusBar Color
