11-16 16:08:08.106  5992  5992 W ContextImpl: Calling a method in the system process without a qualified user: android.app.ContextImpl.startService:1698 android.content.ContextWrapper.startService:669 android.content.ContextWrapper.startService:669 com.android.settings.deviceinfo.UsbReceiver.startUsbService:344 com.android.settings.deviceinfo.UsbReceiver.onUsbStateReceive:240
11-16 16:08:08.110  2010  4213 V BroadcastQueue: Finished with ordered broadcast BroadcastRecord{11e71dd u-1 android.hardware.usb.action.USB_STATE}
11-16 16:08:08.124  2010  2747 I NotificationService: enqueueNotificationInternal: pkg=com.android.settings id=1000002 notification=Notification(channel=SETTINGS_USB pri=1 contentView=null vibrate=null sound=null tick defaults=0x0 flags=0x2 color=0x00000000 vis=PRIVATE)
11-16 16:08:08.125  2010  2747 I NotificationService: enqueueNotificationInternal Channel Info : pkg=com.android.settings id=1000002 importance =1
11-16 16:08:08.128  2010  2010 I ZenLog  : intercepted: 0|com.android.settings|1000002|null|1000,!priority
11-16 16:08:08.136  5992  5992 W ContextImpl: Calling a method in the system process without a qualified user: android.app.ContextImpl.startService:1698 android.content.ContextWrapper.startService:669 android.content.ContextWrapper.startService:669 com.android.settings.deviceinfo.UsbReceiver.startUsbService:344 com.android.settings.deviceinfo.UsbReceiver.onUsbStateReceive:188
11-16 16:08:08.137  5992  5992 W ContextImpl: Calling a method in the system process without a qualified user: android.app.ContextImpl.startService:1698 android.content.ContextWrapper.startService:669 android.content.ContextWrapper.startService:669 com.android.settings.deviceinfo.UsbReceiver.startUsbService:344 com.android.settings.deviceinfo.UsbReceiver.onUsbStateReceive:240
11-16 16:08:08.138  2010  6414 V BroadcastQueue: Finished with ordered broadcast BroadcastRecord{11e7071 u-1 android.hardware.usb.action.USB_STATE}
11-16 16:08:08.157 14417 14417 I ActivityThread: finishPreloaded preloadStatus 0
11-16 16:08:08.190  2010  6414 I HwSwingFaceRotationHub: handleFenceResult FaceDirection -2
11-16 16:08:08.191  2010  2620 D HwWindowManagerServiceEx: notifySwingRotation rotation:-2
11-16 16:08:08.191  2010  2620 I HwDisplayRotationEx: swingRotationForSensor desireRotation 0 swingRotation -2 sensorRotation -1 lastRotation 0
11-16 16:08:08.191  2010  2620 I HwWindowManagerServiceEx: setLandAnimationInfo : false
11-16 16:08:08.212  2010  3903 I HwAudioServiceEx: HwAudioHandlerEx receive unknown msg
11-16 16:08:08.239  2010  2653 I PowerManagerService: handleSandman: wakefulness: 1,startDreaming: false
11-16 16:08:08.398  2010  6388 D HwConnectivityServiceEx: set 10150 wlan0 value true
11-16 16:08:08.398  2010  6388 I ConnectivityService: B uid 10150
11-16 16:08:08.399  2010  6388 I ConnectivityService: B net to uid=10150
11-16 16:08:08.410  2010  2647 D ActivityManager: setPrivilegeType r: ServiceRecord{e69b89 u0 com.android.gallery3d/com.huawei.gallery.media.RecycleClearService}, interfaceDescriptor : com.huawei.gallery.service.IAsyncService
11-16 16:08:08.431  2010  2647 D ActivityManager: setPrivilegeType r: ServiceRecord{e69aa9 u0 com.android.gallery3d/com.huawei.gallery.media.classifymerge.ClassifyDataMergeService}, interfaceDescriptor : com.huawei.gallery.service.IAsyncService
11-16 16:08:08.441  2010  2647 D ActivityManager: setPrivilegeType r: ServiceRecord{e69ac9 u0 com.android.gallery3d/com.huawei.gallery.media.SystemRecycleRecoverService}, interfaceDescriptor : com.huawei.gallery.service.IAsyncService
11-16 16:08:08.462  2010  2647 D ActivityManager: setPrivilegeType r: ServiceRecord{10c7029 u0 com.android.gallery3d/com.huawei.gallery.photoshare.kvdb.PhotoShareKvClearService}, interfaceDescriptor : com.huawei.gallery.service.IAsyncService
--------- beginning of main
11-16 16:08:08.483    54    54 W migration/7: type=1400 audit(0.0:78660): avc: granted { setsched } for pid=54 scontext=u:r:kernel:s0 tcontext=u:r:kernel:s0 tclass=process
11-16 16:08:08.485 14328 14402 D Gallery2_Common_BitmapLoader: bitmap from GalleryPool is null
11-16 16:08:08.485 14328 14402 D Gallery2_Common_BitmapLoader: bitmap from GalleryPool is null
11-16 16:08:08.489   765  1874 E peq_android: volume index exceed range: 65535
11-16 16:08:08.498 13855 14472 I SecurityComp10105309: SecureX509TrustManager: checkServerTrusted begin ,server ca chain size is : 2 ,auth type is : ECDHE_RSA
11-16 16:08:08.499 13855 14472 I SecurityComp10105309: SecureX509TrustManager: check server i : 0
11-16 16:08:08.509   765  1874 I AudioFlinger: pid(12792):mVol=1.000000, tVol=0.000000, pVol=1.000000, sVol=1.000000, cVol = 1.000000, scale=1.000000, output=13, mDevice=0x2, mStreamType=3
11-16 16:08:08.510 13855 14472 I SecurityComp10105309: SecureX509TrustManager: client root ca size is : 31
11-16 16:08:08.510   765  1874 E peq_android: volume index exceed range: 65535
11-16 16:08:08.523  1044 13553 I MetadataRetrieverClient: PN=mediaserver, SN=StagefrightMetadataRetriever, CN=1, MU=10300
11-16 16:08:08.529   765  1874 E peq_android: volume index exceed range: 65535
11-16 16:08:08.537  1044 13553 D StagefrightMetadataRetriever: FileSource remote
11-16 16:08:08.537 13855 14472 I SecurityComp10105309: SecureX509TrustManager: checkServerTrusted succeed ,root ca issuer is : CN=GlobalSign, O=GlobalSign, OU=GlobalSign Root CA - R3
11-16 16:08:08.540  1042  1309 I MediaExtractorFactory: MediaExtractorFactory::CreateFromService (null), uid = 1013
11-16 16:08:08.544  4624 10697 E NcDftMisc: trigger detail event fail
11-16 16:08:08.545  1035  1219 D dubaid  : [BufferedLogServer.cpp] ReceiveMessage# Received buffered log from DubaiService-5
11-16 16:08:08.547   681 15256 I netd    : trafficSwapActiveStatsMap() <0.40ms>
11-16 16:08:08.549   765  1874 E peq_android: volume index exceed range: 65535
11-16 16:08:08.552  1042  1309 I MPEG4Extractor: constructor
11-16 16:08:08.552  1042  1309 I MediaExtractorFactory: Created an extractor 'MPEG4Extractor' with confidence 0.40
11-16 16:08:08.557  1042  1309 D SampleTable: Time-to-sample table size : 16
11-16 16:08:08.557  1042  1309 D SampleTable: Sample-to-chunk table nums : 3
11-16 16:08:08.557  1042  1309 D SampleTable: Time-to-sample table size : 2368
11-16 16:08:08.558  1042  1309 D SampleTable: Sync sample table size : 48
11-16 16:08:08.558  1042  1309 D SampleTable: Sample-to-chunk table nums : 6
11-16 16:08:08.565  1044 13553 E MetadataRetrieverClient: failed to extract an album art
11-16 16:08:08.570   765  1874 E peq_android: volume index exceed range: 65535
11-16 16:08:08.572 14328 14489 E MediaMetadataRetrieverJNI: getEmbeddedPicture: Call to getEmbeddedPicture failed.
11-16 16:08:08.574  1044 13553 I StagefrightMetadataRetriever: getFrameAtTime: -1 us option: 5 colorFormat: 4, metaOnly: 0
11-16 16:08:08.580  1044 13553 W HwExtendedCodec: The mime is not in hisi extended mime.
11-16 16:08:08.580  1044 13553 I HwExtendedUtils: Warning: base Time clock is rollback!!
11-16 16:08:08.589 13855 14472 I HwOUC   : [A_NORMAL_Patch-8032]revocationVerification isRevoked:false(SecureX509TrustManagerEx:3)
11-16 16:08:08.589   765  1874 E peq_android: volume index exceed range: 65535
11-16 16:08:08.590  1044 14492 I OMXClient: IOmx service obtained
11-16 16:08:08.592  1050  1050 I OMXMaster: makeComponentInstance(OMX.hisi.video.decoder.avc) in android.hardwar process
11-16 16:08:08.600  1035  2829 I dubaid  : [EpsDisplay.cpp] HandleVideoDecodeInfo# eps display video info HandleHardDecodeChange codec not clear!
11-16 16:08:08.602  1044 14492 I ACodec  : In onAllocateComponent create compenent, codec name: OMX.hisi.video.decoder.avc
11-16 16:08:08.606  1050  1050 I OMXParms: VIDEO-[SetParameter]:[280]index(0x1000017) ParamStandardComponentRole
11-16 16:08:08.607  1050  1050 I OMXParms: VIDEO-[SetComponentRole]:[782]set component role(video_decoder.avc) to decoder
11-16 16:08:08.607  1050  1050 I OMXParms: VIDEO-[SetComponentRole]:[783]CompressionFormat(7)
11-16 16:08:08.607  1050 15238 I OMXParms: VIDEO-[GetExtensionIndex]:[198]omx extension [OMX.google.android.index.storeMetaDataInBuffers] is not support
11-16 16:08:08.607  1050 15238 I OMXParms: VIDEO-[GetExtensionIndex]:[198]omx extension [OMX.google.android.index.storeANWBufferInMetadata] is not support
11-16 16:08:08.607  1050 15238 I OMXParms: VIDEO-[GetExtensionIndex]:[198]omx extension [OMX.google.android.index.configureVideoTunnelMode] is not support
11-16 16:08:08.607  1050 15238 I OMXParms: VIDEO-[GetExtensionIndex]:[198]omx extension [OMX.google.android.index.useAndroidNativeBuffer] is not support
11-16 16:08:08.607  1050 15238 I OMXParms: VIDEO-[GetParameter]:[257]index(0x7f000011) ??
11-16 16:08:08.607  1050 15753 I OMXParms: VIDEO-[SetParameter]:[280]index(0x7f000011) ??
11-16 16:08:08.607  1050  2057 I OMXParms: VIDEO-[GetParameter]:[257]index(0x6000001) ParamVideoPortFormat
11-16 16:08:08.608  1050 15753 I OMXParms: VIDEO-[SetParameter]:[280]index(0x6000001) ParamVideoPortFormat
11-16 16:08:08.608  1050 15238 I OMXParms: VIDEO-[GetParameter]:[257]index(0x6000001) ParamVideoPortFormat
11-16 16:08:08.608  1050 15238 I OMXParms: VIDEO-[GetParameter]:[257]index(0x7f000006) ??
11-16 16:08:08.608  1050 15753 I OMXParms: VIDEO-[GetParameter]:[257]index(0x6000001) ParamVideoPortFormat
11-16 16:08:08.608  1050 15753 I OMXParms: VIDEO-[GetParameter]:[257]index(0x7f000006) ??
11-16 16:08:08.609  1050 15238 I OMXParms: VIDEO-[GetParameter]:[257]index(0x6000001) ParamVideoPortFormat
11-16 16:08:08.609  1044 14492 W ACodec  : [OMX.hisi.video.decoder.avc] does not support color format 19
11-16 16:08:08.609  1050 15753 I OMXParms: VIDEO-[GetParameter]:[257]index(0x6000001) ParamVideoPortFormat
11-16 16:08:08.609  1050 15238 I OMXParms: VIDEO-[SetParameter]:[280]index(0x6000001) ParamVideoPortFormat
11-16 16:08:08.609  1044 14492 D ACodec  : Setting [OMX.hisi.video.decoder.avc] input port buffer number: 2
11-16 16:08:08.609  1050 15753 I OMXParms: VIDEO-[GetParameter]:[257]index(0x2000001) ParamPortDefinition
11-16 16:08:08.609  1050 15238 I OMXParms: VIDEO-[SetParameter]:[280]index(0x2000001) ParamPortDefinition
11-16 16:08:08.609  1050 15238 I OMXParms: VIDEO-[PrinfPortInfo]:[454]----------------------------- start
11-16 16:08:08.609  1050 15238 I OMXParms: VIDEO-[PrinfPortInfo]:[455]port index 0
11-16 16:08:08.609  1050 15238 I OMXParms: VIDEO-[PrinfPortInfo]:[456]def.eDomain 1
11-16 16:08:08.609  1050 15238 I OMXParms: VIDEO-[PrinfPortInfo]:[457]def.bEnabled 1
11-16 16:08:08.609  1050 15238 I OMXParms: VIDEO-[PrinfPortInfo]:[458]def.bPopulated 0
11-16 16:08:08.609  1050 15238 I OMXParms: VIDEO-[PrinfPortInfo]:[459]def.nBufferCountActual 2
11-16 16:08:08.609  1050 15238 I OMXParms: VIDEO-[PrinfPortInfo]:[460]def.nBufferCountMin 1
11-16 16:08:08.609  1050 15238 I OMXParms: VIDEO-[PrinfPortInfo]:[461]def.nBufferSize :4096
11-16 16:08:08.609  1050 15238 I OMXParms: VIDEO-[PrinfPortInfo]:[464]cMIMEType : (null)
11-16 16:08:08.609  1050 15238 I OMXParms: VIDEO-[PrinfPortInfo]:[465]width : 64
11-16 16:08:08.609  1050 15238 I OMXParms: VIDEO-[PrinfPortInfo]:[466]height : 64
11-16 16:08:08.609  1050 15238 I OMXParms: VIDEO-[PrinfPortInfo]:[467]framerate : 30
11-16 16:08:08.609  1050 15238 I OMXParms: VIDEO-[PrinfPortInfo]:[468]bitrate : 0
11-16 16:08:08.609  1050 15238 I OMXParms: VIDEO-[PrinfPortInfo]:[469]stride : 0
11-16 16:08:08.609  1050 15238 I OMXParms: VIDEO-[PrinfPortInfo]:[470]nSliceHeight 0
11-16 16:08:08.609  1050 15238 I OMXParms: VIDEO-[PrinfPortInfo]:[471]eCompressionFormat 7
11-16 16:08:08.609  1050 15238 I OMXParms: VIDEO-[PrinfPortInfo]:[472]eColorFormat 0
11-16 16:08:08.609  1050 15238 I OMXParms: VIDEO-[PrinfPortInfo]:[473]----------------------------- end
11-16 16:08:08.609  1050 15238 I OMXParms: VIDEO-[PrinfPortInfo]:[454]----------------------------- start
11-16 16:08:08.609  1050 15238 I OMXParms: VIDEO-[PrinfPortInfo]:[455]port index 0
11-16 16:08:08.609  1050 15238 I OMXParms: VIDEO-[PrinfPortInfo]:[456]def.eDomain 1
11-16 16:08:08.609  1050 15238 I OMXParms: VIDEO-[PrinfPortInfo]:[457]def.bEnabled 1
11-16 16:08:08.609  1050 15238 I OMXParms: VIDEO-[PrinfPortInfo]:[458]def.bPopulated 0
11-16 16:08:08.609  1050 15238 I OMXParms: VIDEO-[PrinfPortInfo]:[459]def.nBufferCountActual 2
11-16 16:08:08.609  1050 15238 I OMXParms: VIDEO-[PrinfPortInfo]:[460]def.nBufferCountMin 1
11-16 16:08:08.609  1050 15238 I OMXParms: VIDEO-[PrinfPortInfo]:[461]def.nBufferSize :2097152
11-16 16:08:08.609  1050 15238 I OMXParms: VIDEO-[PrinfPortInfo]:[464]cMIMEType : (null)
11-16 16:08:08.609  1050 15238 I OMXParms: VIDEO-[PrinfPortInfo]:[465]width : 64
11-16 16:08:08.609  1050 15238 I OMXParms: VIDEO-[PrinfPortInfo]:[466]height : 64
11-16 16:08:08.609  1050 15238 I OMXParms: VIDEO-[PrinfPortInfo]:[467]framerate : 30
11-16 16:08:08.609  1050 15238 I OMXParms: VIDEO-[PrinfPortInfo]:[468]bitrate : 0
11-16 16:08:08.609  1050 15238 I OMXParms: VIDEO-[PrinfPortInfo]:[469]stride : 0
11-16 16:08:08.609  1050 15238 I OMXParms: VIDEO-[PrinfPortInfo]:[470]nSliceHeight 0
11-16 16:08:08.609  1050 15238 I OMXParms: VIDEO-[PrinfPortInfo]:[471]eCompressionFormat 7
11-16 16:08:08.609  1050 15238 I OMXParms: VIDEO-[PrinfPortInfo]:[472]eColorFormat 0
11-16 16:08:08.609  1050 15238 I OMXParms: VIDEO-[PrinfPortInfo]:[473]----------------------------- end
11-16 16:08:08.609  1044 14492 D ACodec  : Setting [OMX.hisi.video.decoder.avc] output port buffer number: 1
11-16 16:08:08.609  1050 15753 I OMXParms: VIDEO-[GetParameter]:[257]index(0x2000001) ParamPortDefinition
11-16 16:08:08.609  1050  2057 I OMXParms: VIDEO-[SetParameter]:[280]index(0x2000001) ParamPortDefinition
11-16 16:08:08.609  1050  2057 I OMXParms: VIDEO-[PrinfPortInfo]:[454]----------------------------- start
11-16 16:08:08.609  1050  2057 I OMXParms: VIDEO-[PrinfPortInfo]:[455]port index 1
11-16 16:08:08.609  1050  2057 I OMXParms: VIDEO-[PrinfPortInfo]:[456]def.eDomain 1
11-16 16:08:08.609  1050  2057 I OMXParms: VIDEO-[PrinfPortInfo]:[457]def.bEnabled 1
11-16 16:08:08.609  1050  2057 I OMXParms: VIDEO-[PrinfPortInfo]:[458]def.bPopulated 0
11-16 16:08:08.609  1050  2057 I OMXParms: VIDEO-[PrinfPortInfo]:[459]def.nBufferCountActual 1
11-16 16:08:08.609  1050  2057 I OMXParms: VIDEO-[PrinfPortInfo]:[460]def.nBufferCountMin 1
11-16 16:08:08.609  1050  2057 I OMXParms: VIDEO-[PrinfPortInfo]:[461]def.nBufferSize :6144
11-16 16:08:08.609  1050  2057 I OMXParms: VIDEO-[PrinfPortInfo]:[464]cMIMEType : (null)
11-16 16:08:08.609  1050  2057 I OMXParms: VIDEO-[PrinfPortInfo]:[465]width : 64
11-16 16:08:08.609  1050  2057 I OMXParms: VIDEO-[PrinfPortInfo]:[466]height : 64
11-16 16:08:08.609  1050  2057 I OMXParms: VIDEO-[PrinfPortInfo]:[467]framerate : 30
11-16 16:08:08.610  1050  2057 I OMXParms: VIDEO-[PrinfPortInfo]:[468]bitrate : 0
11-16 16:08:08.610  1050  2057 I OMXParms: VIDEO-[PrinfPortInfo]:[469]stride : 64
11-16 16:08:08.610  1050  2057 I OMXParms: VIDEO-[PrinfPortInfo]:[470]nSliceHeight 64
11-16 16:08:08.610  1050  2057 I OMXParms: VIDEO-[PrinfPortInfo]:[471]eCompressionFormat 0
11-16 16:08:08.610  1050  2057 I OMXParms: VIDEO-[PrinfPortInfo]:[472]eColorFormat 21
11-16 16:08:08.610  1050  2057 I OMXParms: VIDEO-[PrinfPortInfo]:[473]----------------------------- end
11-16 16:08:08.610  1050  2057 I OMXParms: VIDEO-[PrinfPortInfo]:[454]----------------------------- start
11-16 16:08:08.610  1050  2057 I OMXParms: VIDEO-[PrinfPortInfo]:[455]port index 1
11-16 16:08:08.610  1050  2057 I OMXParms: VIDEO-[PrinfPortInfo]:[456]def.eDomain 1
11-16 16:08:08.610  1050  2057 I OMXParms: VIDEO-[PrinfPortInfo]:[457]def.bEnabled 1
11-16 16:08:08.610  1050  2057 I OMXParms: VIDEO-[PrinfPortInfo]:[458]def.bPopulated 0
11-16 16:08:08.610  1050  2057 I OMXParms: VIDEO-[PrinfPortInfo]:[459]def.nBufferCountActual 1
11-16 16:08:08.610  1050  2057 I OMXParms: VIDEO-[PrinfPortInfo]:[460]def.nBufferCountMin 1
11-16 16:08:08.610  1050  2057 I OMXParms: VIDEO-[PrinfPortInfo]:[461]def.nBufferSize :18432
11-16 16:08:08.610  1050  2057 I OMXParms: VIDEO-[PrinfPortInfo]:[464]cMIMEType : (null)
11-16 16:08:08.610  1050  2057 I OMXParms: VIDEO-[PrinfPortInfo]:[465]width : 64
11-16 16:08:08.610  1050  2057 I OMXParms: VIDEO-[PrinfPortInfo]:[466]height : 64
11-16 16:08:08.610  1050  2057 I OMXParms: VIDEO-[PrinfPortInfo]:[467]framerate : 30
11-16 16:08:08.610  1050  2057 I OMXParms: VIDEO-[PrinfPortInfo]:[468]bitrate : 0
11-16 16:08:08.610  1050  2057 I OMXParms: VIDEO-[PrinfPortInfo]:[469]stride : 64
11-16 16:08:08.610  1050  2057 I OMXParms: VIDEO-[PrinfPortInfo]:[470]nSliceHeight 64
11-16 16:08:08.610  1050  2057 I OMXParms: VIDEO-[PrinfPortInfo]:[471]eCompressionFormat 0
11-16 16:08:08.610  1050  2057 I OMXParms: VIDEO-[PrinfPortInfo]:[472]eColorFormat 21
11-16 16:08:08.610  1050  2057 I OMXParms: VIDEO-[PrinfPortInfo]:[473]----------------------------- end
11-16 16:08:08.610  1050 15752 I OMXParms: VIDEO-[GetParameter]:[257]index(0x2000001) ParamPortDefinition
11-16 16:08:08.610  1050 15752 I OMXParms: VIDEO-[SetParameter]:[280]index(0x2000001) ParamPortDefinition
11-16 16:08:08.610  1050 15752 I OMXParms: VIDEO-[PrinfPortInfo]:[454]----------------------------- start
11-16 16:08:08.610  1050 15752 I OMXParms: VIDEO-[PrinfPortInfo]:[455]port index 0
11-16 16:08:08.610  1050 15752 I OMXParms: VIDEO-[PrinfPortInfo]:[456]def.eDomain 1
11-16 16:08:08.610  1050 15752 I OMXParms: VIDEO-[PrinfPortInfo]:[457]def.bEnabled 1
11-16 16:08:08.610  1050 15752 I OMXParms: VIDEO-[PrinfPortInfo]:[458]def.bPopulated 0
11-16 16:08:08.610  1050 15752 I OMXParms: VIDEO-[PrinfPortInfo]:[459]def.nBufferCountActual 2
11-16 16:08:08.610  1050 15752 I OMXParms: VIDEO-[PrinfPortInfo]:[460]def.nBufferCountMin 1
11-16 16:08:08.610  1050 15752 I OMXParms: VIDEO-[PrinfPortInfo]:[461]def.nBufferSize :2097152
11-16 16:08:08.610  1050 15752 I OMXParms: VIDEO-[PrinfPortInfo]:[464]cMIMEType : (null)
11-16 16:08:08.610  1050 15752 I OMXParms: VIDEO-[PrinfPortInfo]:[465]width : 626
11-16 16:08:08.610  1050 15752 I OMXParms: VIDEO-[PrinfPortInfo]:[466]height : 1280
11-16 16:08:08.610  1050 15752 I OMXParms: VIDEO-[PrinfPortInfo]:[467]framerate : 3538944
11-16 16:08:08.610  1050 15752 I OMXParms: VIDEO-[PrinfPortInfo]:[468]bitrate : 0
11-16 16:08:08.610  1050 15752 I OMXParms: VIDEO-[PrinfPortInfo]:[469]stride : 0
11-16 16:08:08.610  1050 15752 I OMXParms: VIDEO-[PrinfPortInfo]:[470]nSliceHeight 0
11-16 16:08:08.610  1050 15752 I OMXParms: VIDEO-[PrinfPortInfo]:[471]eCompressionFormat 7
11-16 16:08:08.610  1050 15752 I OMXParms: VIDEO-[PrinfPortInfo]:[472]eColorFormat 0
11-16 16:08:08.610  1050 15752 I OMXParms: VIDEO-[PrinfPortInfo]:[473]----------------------------- end
11-16 16:08:08.610  1050 15752 I OMXParms: VIDEO-[PrinfPortInfo]:[454]----------------------------- start
11-16 16:08:08.610  1050 15752 I OMXParms: VIDEO-[PrinfPortInfo]:[455]port index 0
11-16 16:08:08.610  1050 15752 I OMXParms: VIDEO-[PrinfPortInfo]:[456]def.eDomain 1
11-16 16:08:08.610  1050 15752 I OMXParms: VIDEO-[PrinfPortInfo]:[457]def.bEnabled 1
11-16 16:08:08.610  1050 15752 I OMXParms: VIDEO-[PrinfPortInfo]:[458]def.bPopulated 0
11-16 16:08:08.610  1050 15752 I OMXParms: VIDEO-[PrinfPortInfo]:[459]def.nBufferCountActual 2
11-16 16:08:08.610  1050 15752 I OMXParms: VIDEO-[PrinfPortInfo]:[460]def.nBufferCountMin 1
11-16 16:08:08.610  1050 15752 I OMXParms: VIDEO-[PrinfPortInfo]:[461]def.nBufferSize :2097152
11-16 16:08:08.610  1050 15752 I OMXParms: VIDEO-[PrinfPortInfo]:[464]cMIMEType : (null)
11-16 16:08:08.610  1050 15752 I OMXParms: VIDEO-[PrinfPortInfo]:[465]width : 626
11-16 16:08:08.610  1050 15752 I OMXParms: VIDEO-[PrinfPortInfo]:[466]height : 1280
11-16 16:08:08.610  1050 15752 I OMXParms: VIDEO-[PrinfPortInfo]:[467]framerate : 54
11-16 16:08:08.610  1050 15752 I OMXParms: VIDEO-[PrinfPortInfo]:[468]bitrate : 0
11-16 16:08:08.610  1050 15752 I OMXParms: VIDEO-[PrinfPortInfo]:[469]stride : 0
11-16 16:08:08.610  1050 15752 I OMXParms: VIDEO-[PrinfPortInfo]:[470]nSliceHeight 0
11-16 16:08:08.610  1050 15752 I OMXParms: VIDEO-[PrinfPortInfo]:[471]eCompressionFormat 7
11-16 16:08:08.610  1050 15752 I OMXParms: VIDEO-[PrinfPortInfo]:[472]eColorFormat 0
11-16 16:08:08.610  1050 15752 I OMXParms: VIDEO-[PrinfPortInfo]:[473]----------------------------- end
11-16 16:08:08.610  1050  2671 I OMXParms: VIDEO-[GetParameter]:[257]index(0x2000001) ParamPortDefinition
11-16 16:08:08.610   765  1874 E peq_android: volume index exceed range: 65535
11-16 16:08:08.610  1050  2671 I OMXParms: VIDEO-[SetParameter]:[280]index(0x2000001) ParamPortDefinition
11-16 16:08:08.610  1050  2671 I OMXParms: VIDEO-[PrinfPortInfo]:[454]----------------------------- start
11-16 16:08:08.610  1050  2671 I OMXParms: VIDEO-[PrinfPortInfo]:[455]port index 1
11-16 16:08:08.610  1050  2671 I OMXParms: VIDEO-[PrinfPortInfo]:[456]def.eDomain 1
11-16 16:08:08.610  1050  2671 I OMXParms: VIDEO-[PrinfPortInfo]:[457]def.bEnabled 1
11-16 16:08:08.610  1050  2671 I OMXParms: VIDEO-[PrinfPortInfo]:[458]def.bPopulated 0
11-16 16:08:08.610  1050  2671 I OMXParms: VIDEO-[PrinfPortInfo]:[459]def.nBufferCountActual 1
11-16 16:08:08.610  1050  2671 I OMXParms: VIDEO-[PrinfPortInfo]:[460]def.nBufferCountMin 1
11-16 16:08:08.610  1050  2671 I OMXParms: VIDEO-[PrinfPortInfo]:[461]def.nBufferSize :18432
11-16 16:08:08.610  1050  2671 I OMXParms: VIDEO-[PrinfPortInfo]:[464]cMIMEType : (null)
11-16 16:08:08.610  1050  2671 I OMXParms: VIDEO-[PrinfPortInfo]:[465]width : 626
11-16 16:08:08.610  1050  2671 I OMXParms: VIDEO-[PrinfPortInfo]:[466]height : 1280
11-16 16:08:08.610  1050  2671 I OMXParms: VIDEO-[PrinfPortInfo]:[467]framerate : 30
11-16 16:08:08.610  1050  2671 I OMXParms: VIDEO-[PrinfPortInfo]:[468]bitrate : 0
11-16 16:08:08.610  1050  2671 I OMXParms: VIDEO-[PrinfPortInfo]:[469]stride : 64
11-16 16:08:08.610  1050  2671 I OMXParms: VIDEO-[PrinfPortInfo]:[470]nSliceHeight 64
11-16 16:08:08.610  1050  2671 I OMXParms: VIDEO-[PrinfPortInfo]:[471]eCompressionFormat 0
11-16 16:08:08.610  1050  2671 I OMXParms: VIDEO-[PrinfPortInfo]:[472]eColorFormat 21
11-16 16:08:08.610  1050  2671 I OMXParms: VIDEO-[PrinfPortInfo]:[473]----------------------------- end
11-16 16:08:08.610  1050  2671 I OMXParms: VIDEO-[PrinfPortInfo]:[454]----------------------------- start
11-16 16:08:08.610  1050  2671 I OMXParms: VIDEO-[PrinfPortInfo]:[455]port index 1
11-16 16:08:08.610  1050  2671 I OMXParms: VIDEO-[PrinfPortInfo]:[456]def.eDomain 1
11-16 16:08:08.610  1050  2671 I OMXParms: VIDEO-[PrinfPortInfo]:[457]def.bEnabled 1
11-16 16:08:08.610  1050  2671 I OMXParms: VIDEO-[PrinfPortInfo]:[458]def.bPopulated 0
11-16 16:08:08.611  1050  2671 I OMXParms: VIDEO-[PrinfPortInfo]:[459]def.nBufferCountActual 1
11-16 16:08:08.611  1050  2671 I OMXParms: VIDEO-[PrinfPortInfo]:[460]def.nBufferCountMin 1
11-16 16:08:08.611  1050  2671 I OMXParms: VIDEO-[PrinfPortInfo]:[461]def.nBufferSize :1447680
11-16 16:08:08.611  1050  2671 I OMXParms: VIDEO-[PrinfPortInfo]:[464]cMIMEType : (null)
11-16 16:08:08.611  1050  2671 I OMXParms: VIDEO-[PrinfPortInfo]:[465]width : 626
11-16 16:08:08.611  1050  2671 I OMXParms: VIDEO-[PrinfPortInfo]:[466]height : 1280
11-16 16:08:08.611  1050  2671 I OMXParms: VIDEO-[PrinfPortInfo]:[467]framerate : 30
11-16 16:08:08.611  1050  2671 I OMXParms: VIDEO-[PrinfPortInfo]:[468]bitrate : 0
11-16 16:08:08.611  1050  2671 I OMXParms: VIDEO-[PrinfPortInfo]:[469]stride : 626
11-16 16:08:08.611  1050  2671 I OMXParms: VIDEO-[PrinfPortInfo]:[470]nSliceHeight 64
11-16 16:08:08.611  1050  2671 I OMXParms: VIDEO-[PrinfPortInfo]:[471]eCompressionFormat 0
11-16 16:08:08.611  1050  2671 I OMXParms: VIDEO-[PrinfPortInfo]:[472]eColorFormat 21
11-16 16:08:08.611  1050  2671 I OMXParms: VIDEO-[PrinfPortInfo]:[473]----------------------------- end
11-16 16:08:08.611  1050 15752 I OMXParms: VIDEO-[SetConfig]:[336]index(0x7f00000b) ??
11-16 16:08:08.611  1050 15752 I OMXParms: VIDEO-[GetParameter]:[257]index(0x2000001) ParamPortDefinition
11-16 16:08:08.611  1050  2671 I OMXParms: VIDEO-[GetParameter]:[257]index(0x2000001) ParamPortDefinition
11-16 16:08:08.611  1050 15752 I OMXParms: VIDEO-[GetParameter]:[257]index(0x2000001) ParamPortDefinition
11-16 16:08:08.611  1050 15752 I OMXParms: VIDEO-[GetParameter]:[257]index(0x7f000006) ??
11-16 16:08:08.611  1050  2671 I OMXParms: VIDEO-[GetConfig]:[310]index(0x700000f) ConfigCommonOutputCrop
11-16 16:08:08.611  1050  2671 D OMXParms: VIDEO-[GetImageCropInfo]:[924]GetImageCropInfo: left 0, top 0, width 626, height 1280
11-16 16:08:08.611  1050 15752 I OMXParms: VIDEO-[SetConfig]:[336]index(0x7f00000b) ??
11-16 16:08:08.612  1050  2671 I OMXParms: VIDEO-[GetConfig]:[310]index(0x7f00000b) ??
11-16 16:08:08.612  1050  2671 I ColorParams: VIDEO-[PrintColorAspects]:[104]Range 2 Primaries 1 MatrixCoeffs 1 Transfer 3
11-16 16:08:08.612  1044 14492 I ACodec  : [OMX.hisi.video.decoder.avc] got color aspects (R:2(Limited), P:1(BT709_5), M:1(BT709_5), T:3(SMPTE170M)) err=0(NO_ERROR)
11-16 16:08:08.613  1044 14492 I ACodec  : onStart
11-16 16:08:08.613  1050  1050 I ComponentImp: VIDEO-[SetState]:[718]change state(1) to (2)
11-16 16:08:08.615  1050  1050 I VIDEO   : VIDEO-[IsVRMode]:[46]is not vr mode
11-16 16:08:08.615  1050  1050 I VIDEO   : VIDEO-[IsDisableHFBCFromUser]:[54]is not disable hfbc from user
11-16 16:08:08.615  1050  1050 I VIDEO   : VIDEO-[GetHiGPUVersion]:[37]gpu version is 0
11-16 16:08:08.616  1050  1050 I HiDecoder: VIDEO-[GetMaxHfbcInstance]:[147]it is not fold display product
11-16 16:08:08.616  1050  1050 I HiDecoder: VIDEO-[Init]:[173]init decoder: type=video_decoder.avc, frame_rate=54, w=626, h=1280
11-16 16:08:08.620  1050  1050 I HiDecoder: VIDEO-[SetMsgPoolBuffer]:[1409]allocate message buffer, is secure:0
11-16 16:08:08.621  1050  1050 I HiDecoder: VIDEO-[SetMediaInfo]:[1441]set video format
11-16 16:08:08.621  1050  1050 I FirmwareAdapter: VIDEO-[SetVideoFormat]:[262]height : 1280
11-16 16:08:08.621  1050  1050 I FirmwareAdapter: VIDEO-[SetVideoFormat]:[263]width  : 626
11-16 16:08:08.621  1050  1050 I FirmwareAdapter: VIDEO-[SetVideoFormat]:[264]codetype : video_decoder.avc
11-16 16:08:08.621  1050  1050 I FirmwareAdapter: VIDEO-[SetVideoFormat]:[265]colorformat : 0
11-16 16:08:08.621  1050  1050 I FirmwareAdapter: VIDEO-[SetCtrlInfo]:[296]isTvp : 0
11-16 16:08:08.621  1050  1050 I FirmwareAdapter: VIDEO-[SetCtrlInfo]:[297]islowdly : 0
11-16 16:08:08.621  1050  1050 I FirmwareAdapter: VIDEO-[SetCtrlInfo]:[298]pathMode : 0
11-16 16:08:08.621  1050  1050 I FirmwareAdapter: VIDEO-[SetCtrlInfo]:[299]decMode : 0
11-16 16:08:08.621  1050  1050 I FirmwareAdapter: VIDEO-[SetCtrlInfo]:[300]gpuVersion : 0
11-16 16:08:08.621  1050  1050 I FirmwareAdapter: VIDEO-[SetCtrlInfo]:[301]fast insert eop : 0
11-16 16:08:08.621  1050  1050 I HiDecoder: VIDEO-[SetCallbacks]:[1424]set callback
11-16 16:08:08.621  1050  1050 I FirmwareAdapter: VIDEO-[Configure]:[652]we have sec chan num:0, unsec chan num:1
11-16 16:08:08.624  1050  1050 I VIDEO   : VIDEO-[StartTask]:[1141][VFMWThreadState] create vfmw_ctrl thread successfully
11-16 16:08:08.625  1050 14496 I VIDEO   : VIDEO-[ScdWaitThread]:[4688][VFMWThreadState] enter scd thread
11-16 16:08:08.625  1050  1050 I VIDEO   : VIDEO-[VctrlCreatScdVdmTask]:[1109][VFMWThreadState] create scd thread success
11-16 16:08:08.625  1050 14497 I VIDEO   : VIDEO-[VdmWaitThread]:[4711][VFMWThreadState] enter vdh process thread
11-16 16:08:08.625  1050  1050 I VIDEO   : VIDEO-[VctrlCreatScdVdmTask]:[1124][VFMWThreadState] create vdh thread success
11-16 16:08:08.625  1050 14495 I VIDEO   : VIDEO-[VctrlVfmwThread]:[4617][VFMWThreadState] enter vfmw_ctrl thread
11-16 16:08:08.625  1050  1050 I VIDEO   : VIDEO-[VdecVctrlOpenVfmw]:[205]The vfmw is successfully opened
11-16 16:08:08.625  1050  1050 I HiDecoder: VIDEO-[SetSegmentBuffer]:[1459]get segment buffer size
11-16 16:08:08.626  1050  1050 I VIDEO   : VIDEO-[PrintArrInfoParam]:[1151]yStride: 0x3c00, uvStride: 0x1e00, yHeadStride: 0x80.
11-16 16:08:08.626  1050  1050 I VIDEO   : VIDEO-[PrintArrInfoParam]:[1153]slotWidth: 0x780, vahbStride: 0x0, yHeadSize: 0x5000.
11-16 16:08:08.626  1050  1050 I VIDEO   : VIDEO-[PrintArrInfoParam]:[1155]uvHeadSize: 0x5000, yPayloadSize: 0x258000, uvPayloadSize: 0x12c000.
11-16 16:08:08.626  1050  1050 I VIDEO   : VIDEO-[PrintArrInfoParam]:[1156]imgSlotLen: 0x38e000.
11-16 16:08:08.626  1050  1050 I FirmwareAdapter: VIDEO-[GetBufferSize]:[187]segment buffer size is 5308432, context buffer size is 2551752, total size is 0
11-16 16:08:08.626  1050  1050 I HiDecoder: VIDEO-[SetCtxBuffer]:[1474]get context buffer size
11-16 16:08:08.626  1050  1050 I HiDecoder: VIDEO-[SetInputEosBuffer]:[1506]alloc eos buffer
11-16 16:08:08.627  1050  1050 I FirmwareAdapter: VIDEO-[SetMaxRawPacketInfo]:[251]mActInBufNum : 2
11-16 16:08:08.627  1050  1050 I FirmwareAdapter: VIDEO-[SetMaxRawPacketInfo]:[252]mActInBufSize : 2097152
11-16 16:08:08.627  1050  1050 I VIDEO   : VIDEO-[PrintArrInfoParam]:[1151]yStride: 0x3c00, uvStride: 0x1e00, yHeadStride: 0x80.
11-16 16:08:08.627  1050  1050 I VIDEO   : VIDEO-[PrintArrInfoParam]:[1153]slotWidth: 0x780, vahbStride: 0x0, yHeadSize: 0x5000.
11-16 16:08:08.627  1050  1050 I VIDEO   : VIDEO-[PrintArrInfoParam]:[1155]uvHeadSize: 0x5000, yPayloadSize: 0x258000, uvPayloadSize: 0x12c000.
11-16 16:08:08.627  1050  1050 I VIDEO   : VIDEO-[PrintArrInfoParam]:[1156]imgSlotLen: 0x38e000.
11-16 16:08:08.628  1050  1050 I VIDEO   : VIDEO-[VctrlCreateChanWithOption]:[2688]vfmw channel create success chanId 3
11-16 16:08:08.629  1050  1050 I PerformamceConfig: VIDEO-[DynamicFreqSelect]:[155]vdecFreq: -1
11-16 16:08:08.629  1050 15753 I OMXParms: VIDEO-[GetParameter]:[257]index(0x2000001) ParamPortDefinition
11-16 16:08:08.630   765  1874 E peq_android: volume index exceed range: 65535
11-16 16:08:08.630  4667  4954 E BoosterUtil: convertSubIdToSlotId failed, subId:0, slotId:-1
11-16 16:08:08.630  4667  4954 E BoosterUtil: getDefaultDataSlotId failed, invalid slotId:-1, subId:0
11-16 16:08:08.636  1050  1050 I ComponentImp: VIDEO-[AllocateBuffer]:[177]alloc port 0, size 2097152
11-16 16:08:08.637  1050 15753 I ComponentImp: VIDEO-[AllocateBuffer]:[177]alloc port 0, size 2097152
11-16 16:08:08.637  1050 15238 I OMXParms: VIDEO-[GetParameter]:[257]index(0x2000001) ParamPortDefinition
11-16 16:08:08.639  1044  1044 W Binder:1044_10: type=1400 audit(0.0:78661): avc: denied { call } for pid=1044 scontext=u:r:mediaserver:s0 tcontext=u:r:ITouchservice:s0 tclass=binder permissive=0
11-16 16:08:08.639  1050  1050 I ComponentImp: VIDEO-[AllocateBuffer]:[177]alloc port 1, size 1447680
11-16 16:08:08.640  1050  1050 I ComponentImp: VIDEO-[DealWithPortsPopulated]:[481]state change : idle pending ---> idle over
11-16 16:08:08.640  1050  1050 I ComponentImp: VIDEO-[SetState]:[718]change state(2) to (3)
11-16 16:08:08.640  1050  1050 I ComponentImp: VIDEO-[BindImageBuffer]:[673]length : 1447680, sharedfd 21
11-16 16:08:08.641  1042  1309 D MediaBufferGroup: creating MemoryDealer
11-16 16:08:08.642  1050 14495 I VIDEO   : VIDEO-[H264_ReportColorAspectsInfo]:[454]syntax value : range 0 primaries 1 matrix 1 transfer 1
11-16 16:08:08.642  1050 14499 I ComponentImp: VIDEO-[EventProcess]:[333]event type (0)
11-16 16:08:08.642  1050 14499 I ColorParams: VIDEO-[PrintColorAspects]:[104]Range 2 Primaries 1 MatrixCoeffs 1 Transfer 3
11-16 16:08:08.642  1050  1050 I OMXParms: VIDEO-[GetParameter]:[257]index(0x2000001) ParamPortDefinition
11-16 16:08:08.643  1050 15238 I OMXParms: VIDEO-[GetParameter]:[257]index(0x7f000006) ??
11-16 16:08:08.643  1050 15753 I OMXParms: VIDEO-[GetConfig]:[310]index(0x700000f) ConfigCommonOutputCrop
11-16 16:08:08.643  1050 15753 D OMXParms: VIDEO-[GetImageCropInfo]:[924]GetImageCropInfo: left 0, top 0, width 626, height 1280
11-16 16:08:08.643  1050  1050 I OMXParms: VIDEO-[SetConfig]:[336]index(0x7f00000b) ??
11-16 16:08:08.643  1050 15238 I OMXParms: VIDEO-[GetConfig]:[310]index(0x7f00000b) ??
11-16 16:08:08.643  1050 15238 I ColorParams: VIDEO-[PrintColorAspects]:[104]Range 2 Primaries 1 MatrixCoeffs 1 Transfer 3
11-16 16:08:08.643  1044 14492 I ACodec  : [OMX.hisi.video.decoder.avc] got color aspects (R:2(Limited), P:1(BT709_5), M:1(BT709_5), T:3(SMPTE170M)) err=0(NO_ERROR)
11-16 16:08:08.649   765  1874 E peq_android: volume index exceed range: 65535
11-16 16:08:08.653  1042  1309 D SampleTable: Sample entry table nums : 338
11-16 16:08:08.666 13855 14472 I HwOUC   : [A_NORMAL_Patch-8032]doNetworkRequest getResponseCode: 200(NetworkRequest:10)
11-16 16:08:08.669  1050 14499 I HiDecoder: VIDEO-[UpdateDecodeParam]:[1546]need report image info change:0, need realloc pmv buf:1
11-16 16:08:08.669  1050 14499 I HiDecoder: VIDEO-[UpdateDecodeParam]:[1551]update decode params: bitDepth:8=>8, dispWidth:626=>626, dispHeight:1280=>1280
11-16 16:08:08.669  1050 14499 I HiDecoder: VIDEO-[UpdateDecodeParam]:[1554]update decode params: decWidth:626=>640, decHeight:1280=>1280
11-16 16:08:08.669  1050 14499 I HiDecoder: VIDEO-[DealWithImageInfoChange]:[1698]pmv size:204800, mFrameBufferList size():1
11-16 16:08:08.669  1050 14499 I HiDecoder: VIDEO-[IsNeedDisableHFBC]:[1997]output buffer is not native buffer, not support HFBC
11-16 16:08:08.669  1050 14499 I HiDecoder: VIDEO-[SetHfbcMode]:[2090]disable hfbc
11-16 16:08:08.669  1050 14499 I HiDecoder: VIDEO-[UpdateOutputBufCnt]:[2122]update output buffer num: min count(6), max count(10)
11-16 16:08:08.669  1050 14499 I PerformamceConfig: VIDEO-[DynamicFreqSelect]:[155]vdecFreq: -1
11-16 16:08:08.669   765  1874 E peq_android: volume index exceed range: 65535
11-16 16:08:08.670  1050 14499 V RemoveGap: VIDEO-[ReleaseBuffers]:[80]release the buffer allocated in normal mode
11-16 16:08:08.671  1050 14499 I HiDecoder: VIDEO-[ReBindBufferWithoutReport]:[1027]re-alloc buffer in normal mode
11-16 16:08:08.680 13855 14472 I HwOUC   : [A_NORMAL_Patch-8032]getNewVersionFromServer status: 200(RequestNewVersion:9)
11-16 16:08:08.681 13855 14472 I HwOUC   : [A_NORMAL_Patch-8032]NewVersionRequest retrieve newVersionInfo.xml: {"status":"1","blVersionCheckResults":[{"cooperativeFeatureSupported":"true","upgradePathId":0,"cooperativeUpgradeStatus":"0","mccId":0,"pollingPeriod":"1","userType":"2","blVersionInfo":{"updateAction":"patchCheck","laneId":522134942633689856,"laneName":"HotaLane_LIO-AN00_all_cn_C00_R5","currentBlVersionId":997837334441365120,"currentBlVersionNumber":"LIO-AN00 102.0.0.280(C00E230R5P6)","targetBlVersionId":0,"blVersionType":1,"transactionId":"4b633980-899d-4027-9e00-4819f512af90"},"ruleGroupId":0,"currentVersionMatchType":1,"blVersionType":1,"status":"1"},{"cooperativeFeatureSupported":"true","upgradePathId":0,"cooperativeUpgradeStatus":"0","mccId":0,"pollingPeriod":"1","userType":"2","blVersionInfo":{"updateAction":"patchCheck","laneId":555092801033864832,"laneName":"PatchLane_LIO-LGRP3-CHN","currentBlVersionId":1,"currentBlVersionNumber":"LIO-LGRP3-CHN 102.0.0.280","targetBlVersionId":0,"blVersionType":3,"transactionId":"4b633980-899d-4027-9e00-4819f512af90"},"ruleGroupId":0,"currentVersionMatchType":3,"blVersionType":3,"status":"1"}],"cotaInfo":{"vendorCota":"UNKNOWN","country":"UNKNOWN","vendorExpiredTime":"1669190887515"},"allSceneVersionQueryStatus":"0"}(RequestNewVersion:14)
11-16 16:08:08.683 13855 14324 I HwOUC   : [A_NORMAL-8031]getAllSceneSwitch, switchValue : true(BlNewVersionBuilder:1)
11-16 16:08:08.684 13855 14324 I HwOUC   : [A_NORMAL-8031]getAllSceneSwitch, switchValue : true(BlNewVersionBuilder:1)
11-16 16:08:08.685 13855 14324 I P_OUC   : [A_NORMAL-8031]check no new version.server response status:1(PatchCheck:9)
11-16 16:08:08.686 13855 14324 I HwOUC   : [A_NORMAL-8031]getNextCheckType ENTERPRISE_CHECK(NormalMode:2)
11-16 16:08:08.688  1050 14498 D RemoveGap: VIDEO-[IsSizeChanged]:[92]IsSizeChanged: width 626 -> 640, height 1280 -> 1280, stride 640 -> 640
11-16 16:08:08.688  1050 14498 V RemoveGap: VIDEO-[ReportSizeChange]:[204]Normal mode report new resolution: width 640, stride 640, height 1280, frameSize 1228800
11-16 16:08:08.688  1050 14498 I ComponentImp: VIDEO-[EventProcess]:[333]event type (2)
11-16 16:08:08.688  1050 14498 D HiDecoder: VIDEO-[GetNormalImage]:[1148]report image info change event in normal mode
11-16 16:08:08.689  1050 15238 I OMXParms: VIDEO-[GetParameter]:[257]index(0x2000001) ParamPortDefinition
11-16 16:08:08.689  1050 15753 I OMXParms: VIDEO-[GetParameter]:[257]index(0x7f000006) ??
11-16 16:08:08.689  1050  1050 I OMXParms: VIDEO-[GetConfig]:[310]index(0x700000f) ConfigCommonOutputCrop
11-16 16:08:08.689  1050  1050 I OMXParms: VIDEO-[GetImageCropInfo]:[906]Update ImageCropInfo: width 640, height 1280
11-16 16:08:08.689  1050  1050 D OMXParms: VIDEO-[GetImageCropInfo]:[924]GetImageCropInfo: left 0, top 0, width 626, height 1280
11-16 16:08:08.689  1050 15238 I OMXParms: VIDEO-[SetConfig]:[336]index(0x7f00000b) ??
11-16 16:08:08.689  1050 15753 I OMXParms: VIDEO-[GetConfig]:[310]index(0x7f00000b) ??
11-16 16:08:08.689  1050 15753 I ColorParams: VIDEO-[PrintColorAspects]:[104]Range 2 Primaries 1 MatrixCoeffs 1 Transfer 3
11-16 16:08:08.689  1044 14492 I ACodec  : [OMX.hisi.video.decoder.avc] got color aspects (R:2(Limited), P:1(BT709_5), M:1(BT709_5), T:3(SMPTE170M)) err=0(NO_ERROR)
11-16 16:08:08.689  1050  2671 I ComponentImp: VIDEO-[DisablePort]:[858]disable port (1)
11-16 16:08:08.689  1050  2671 W Conversion: VIDEO-[FillColorAspectsInBuffer]:[336]phandle is invalid (0x0)
11-16 16:08:08.689  1050  2671 W ComponentImp: VIDEO-[FillColorAspects]:[300]failed to fill ColorAspects
11-16 16:08:08.689   765  1874 E peq_android: volume index exceed range: 65535
11-16 16:08:08.689  1044 14492 I ACodec  : [OMX.hisi.video.decoder.avc] Now handling output port settings change
11-16 16:08:08.690  1050  2671 I ComponentImp: VIDEO-[FreeBuffer]:[211]free port 1
11-16 16:08:08.690  1050  2671 I HiDecoder: VIDEO-[UnBindOutputBuffer]:[536]Frame Buffer List size : 1
11-16 16:08:08.690  1050  2671 I ComponentImp: VIDEO-[DealWithPortsEmpty]:[510]notify client port (1) disable over
11-16 16:08:08.690  1044 14492 I ACodec  : [OMX.hisi.video.decoder.avc] Output port now disabled.
11-16 16:08:08.690  1050  2671 I ComponentImp: VIDEO-[EnablePort]:[841]enable port (1)
11-16 16:08:08.690  1050  1050 I OMXParms: VIDEO-[GetParameter]:[257]index(0x2000001) ParamPortDefinition
11-16 16:08:08.692 14328 14328 I CloudAlbumSDK[11.1.8.301].NetBatteryManager: init
11-16 16:08:08.692  1050  1050 I ComponentImp: VIDEO-[AllocateBuffer]:[177]alloc port 1, size 1228800
11-16 16:08:08.695  1050  1050 I chatty  : uid=1046(mediacodec) omx@1.0-service identical 3 lines
11-16 16:08:08.696  1050  1050 I ComponentImp: VIDEO-[AllocateBuffer]:[177]alloc port 1, size 1228800
11-16 16:08:08.697 13855 14500 I HwOUC   : [Thread-8-8035]/data/user/0/com.huawei.android.hwouc/files/bugtrace_log has been set label(FileUtils:2)
11-16 16:08:08.697  1050  1050 I ComponentImp: VIDEO-[AllocateBuffer]:[177]alloc port 1, size 1228800
11-16 16:08:08.699  1050  1050 I ComponentImp: VIDEO-[AllocateBuffer]:[177]alloc port 1, size 1228800
11-16 16:08:08.699  1050  1050 I ComponentImp: VIDEO-[DealWithPortsPopulated]:[466]finish re-config port
11-16 16:08:08.699  1050  1050 I ComponentImp: VIDEO-[BindImageBuffer]:[673]length : 1228800, sharedfd 43
11-16 16:08:08.700  1050  1050 I ComponentImp: VIDEO-[BindImageBuffer]:[673]length : 1228800, sharedfd 41
11-16 16:08:08.700  1050  1050 I ComponentImp: VIDEO-[BindImageBuffer]:[673]length : 1228800, sharedfd 39
11-16 16:08:08.700  1050  1050 I ComponentImp: VIDEO-[BindImageBuffer]:[673]length : 1228800, sharedfd 37
11-16 16:08:08.700  1050  1050 I ComponentImp: VIDEO-[BindImageBuffer]:[673]length : 1228800, sharedfd 35
11-16 16:08:08.700  1050  1050 I ComponentImp: VIDEO-[BindImageBuffer]:[673]length : 1228800, sharedfd 33
11-16 16:08:08.700  1050  1050 I ComponentImp: VIDEO-[BindImageBuffer]:[673]length : 1228800, sharedfd 31
11-16 16:08:08.700 12792 13557 D CCodecBuffers: [c2.android.aac.decoder#196:1D-Input.Impl[N]] codec released a buffer owned by client (index 0)
11-16 16:08:08.701  1044 14492 I ACodec  : [OMX.hisi.video.decoder.avc] Output port now reenabled.
11-16 16:08:08.701  1050 14498 W Conversion: VIDEO-[FillColorAspectsInBuffer]:[336]phandle is invalid (0x0)
11-16 16:08:08.701  1050 14498 W ComponentImp: VIDEO-[FillColorAspects]:[300]failed to fill ColorAspects
11-16 16:08:08.704  1050 14497 E VIDEO   : VIDEO-[CheckFrameStore]:[1335]plfs(fs=0xe5c0e7e0, eFoState=1) is null, logic_fs_id = -1
11-16 16:08:08.704 14328 14328 I CloudAlbumSDK[11.1.8.301].NetBatteryManager: onReceive action: android.net.conn.CONNECTIVITY_CHANGE
11-16 16:08:08.704 14328 14328 I CloudAlbumSDK[11.1.8.301].NetBatteryManager: onReceive action: android.intent.action.BATTERY_CHANGED
11-16 16:08:08.710   765  1874 E peq_android: volume index exceed range: 65535
11-16 16:08:08.712 13855 14501 I SecurityComp10105309: SecureX509TrustManager: loadBksCA
11-16 16:08:08.712 13855 14501 I SecurityComp10105309: BksUtil: getFilesBksIS
11-16 16:08:08.712 13855 14501 I SecurityComp10105309: SecureX509TrustManager: get bks not from assets
11-16 16:08:08.714  1044 14492 W ACodec  : forcing OMX state to Idle when received shutdown in ExecutingState
11-16 16:08:08.714  1050  2671 I ComponentImp: VIDEO-[SetState]:[718]change state(3) to (2)
11-16 16:08:08.714  1050 14498 I HiDecoder: VIDEO-[ProcessNormalImageThread]:[1192]exit get new image thread
11-16 16:08:08.714  1050 14499 I HiDecoder: VIDEO-[ProcessEventThread]:[964]exit process event thread
11-16 16:08:08.715  1050  2671 W Conversion: VIDEO-[FillColorAspectsInBuffer]:[336]phandle is invalid (0x0)
11-16 16:08:08.715  1050  2671 W ComponentImp: VIDEO-[FillColorAspects]:[300]failed to fill ColorAspects
11-16 16:08:08.715  1050  2671 W Conversion: VIDEO-[FillColorAspectsInBuffer]:[336]phandle is invalid (0x0)
11-16 16:08:08.715  1050  2671 W ComponentImp: VIDEO-[FillColorAspects]:[300]failed to fill ColorAspects
11-16 16:08:08.715  1050  2671 W Conversion: VIDEO-[FillColorAspectsInBuffer]:[336]phandle is invalid (0x0)
11-16 16:08:08.715  1050  2671 W ComponentImp: VIDEO-[FillColorAspects]:[300]failed to fill ColorAspects
11-16 16:08:08.715  1050  2671 W Conversion: VIDEO-[FillColorAspectsInBuffer]:[336]phandle is invalid (0x0)
11-16 16:08:08.715  1050  2671 W ComponentImp: VIDEO-[FillColorAspects]:[300]failed to fill ColorAspects
11-16 16:08:08.715  1050  2671 W Conversion: VIDEO-[FillColorAspectsInBuffer]:[336]phandle is invalid (0x0)
11-16 16:08:08.715  1050  2671 W ComponentImp: VIDEO-[FillColorAspects]:[300]failed to fill ColorAspects
11-16 16:08:08.715  1050  2671 W Conversion: VIDEO-[FillColorAspectsInBuffer]:[336]phandle is invalid (0x0)
11-16 16:08:08.715  1050  2671 W ComponentImp: VIDEO-[FillColorAspects]:[300]failed to fill ColorAspects
11-16 16:08:08.715  1050  2671 W Conversion: VIDEO-[FillColorAspectsInBuffer]:[336]phandle is invalid (0x0)
11-16 16:08:08.715  1050  2671 W ComponentImp: VIDEO-[FillColorAspects]:[300]failed to fill ColorAspects
11-16 16:08:08.715  1050  1050 I ComponentImp: VIDEO-[SetState]:[718]change state(2) to (1)
11-16 16:08:08.715  1050  2671 I ComponentImp: VIDEO-[FreeBuffer]:[211]free port 0
11-16 16:08:08.716  1050  2671 I ComponentImp: VIDEO-[FreeBuffer]:[211]free port 0
11-16 16:08:08.716  1050  2671 I ComponentImp: VIDEO-[FreeBuffer]:[211]free port 1
11-16 16:08:08.716  1050 15753 I ComponentImp: VIDEO-[FreeBuffer]:[211]free port 1
11-16 16:08:08.716  1050 15238 I ComponentImp: VIDEO-[FreeBuffer]:[211]free port 1
11-16 16:08:08.717  1050 15752 I ComponentImp: VIDEO-[FreeBuffer]:[211]free port 1
11-16 16:08:08.717  1050  2057 I ComponentImp: VIDEO-[FreeBuffer]:[211]free port 1
11-16 16:08:08.717  1050  1984 I ComponentImp: VIDEO-[FreeBuffer]:[211]free port 1
11-16 16:08:08.718  1050  1205 I ComponentImp: VIDEO-[FreeBuffer]:[211]free port 1
11-16 16:08:08.718  1050  1205 I VIDEO   : VIDEO-[VctrlDestroyChanWithOption]:[2795]VctrlStopChan chanId 3
11-16 16:08:08.718  1050  1205 I VIDEO   : VIDEO-[VctrlDestroyChanWithOption]:[2824]vfmw destroy chan and free chan resource success, chanId 3
11-16 16:08:08.718  1050  1205 V RemoveGap: VIDEO-[ReleaseBuffers]:[80]release the buffer allocated in normal mode
11-16 16:08:08.719  1050 14497 I VIDEO   : VIDEO-[VdmWaitThread]:[4720][VFMWThreadState] exit vdh process thread
11-16 16:08:08.719  1050 14496 I VIDEO   : VIDEO-[ScdWaitThread]:[4697][VFMWThreadState] exit scd thread
11-16 16:08:08.724  1050  1205 I VIDEO   : VIDEO-[VctrlExitTask]:[1227]Wait for vfmw thread cost 10 ms, cmd:3, state:0
11-16 16:08:08.725  1050  1205 I HiDecoder: VIDEO-[~HiDecoder]:[91]deinit
11-16 16:08:08.725  1050  1205 I HiDecoder: VIDEO-[~HiDecoder]:[95]mAdapter is already nullptr
11-16 16:08:08.726  1050  1205 I FirmwareAdapter: VIDEO-[~FirmwareAdapter]:[106]deinit
11-16 16:08:08.726  1050  1205 I ComponentImp: VIDEO-[DealWithPortsEmpty]:[520]state change : load pending ---> loaded over
11-16 16:08:08.726  1050  1205 I ComponentImp: VIDEO-[DealWithPortsEmpty]:[522]in total, etb_num:6, ebd_num:6, ftb_num:9, fbd_num:9
11-16 16:08:08.727  1050  1050 I ComponentImp: VIDEO-[~ComponentImp]:[32]component impl deinit
11-16 16:08:08.727  1050  1050 I VIDEO   : VIDEO-[OMX_FreeHandle]:[211]unload (OMX.hisi.video.decoder.avc) success, component type : normal_dec, num : 0
11-16 16:08:08.729   765  1874 E peq_android: volume index exceed range: 65535
11-16 16:08:08.740 14328 14502 I FLTAG.FL: hook version:1.0.5
11-16 16:08:08.749   765  1874 E peq_android: volume index exceed range: 65535
11-16 16:08:08.752   681  1277 W /system/bin/netd: A binder object at 0x7df992ff80 is being transacted on, however, this object is in the same process as its proxy. Transacting with this binder is expensive compared to just calling the corresponding functionality in the same process.
11-16 16:08:08.752   681  1277 I PreDnsController: CanPreDnsQuery,persist.sys.predns is false!
11-16 16:08:08.752   681  1277 I OemNetd : startPreDnsQuery(10100)
11-16 16:08:08.764 14328 14407 I FLTAG.FL: Use the ApplicationInfoEx to reflect isDirectBootAware
11-16 16:08:08.765 14328 14407 I FLTAG.FL: getCachePath:/data/user/0/com.android.gallery3d/cache/feature
11-16 16:08:08.770   765  1874 E peq_android: volume index exceed range: 65535
11-16 16:08:08.770  1042 17440 I MPEG4Extractor: destructor
11-16 16:08:08.774  2010  2010 W ContextImpl: Calling a method in the system process without a qualified user: android.app.ContextImpl.sendBroadcast:2803324 com.android.server.HwConnectivityManagerImpl.sendIntentDnsEvent:1234520 com.android.server.HwConnectivityManagerImpl.onDnsEventAction:2343364 com.android.server.HwConnectivityManagerImpl$DnsEventHandler.handleMessage:2380360 android.os.Handler.dispatchMessage:6246556
11-16 16:08:08.776  4624  4838 I HotspotComponent: onWifiBroadcastReceived :com.intent.action.wifi_dns_statistics
11-16 16:08:08.778  4624  4838 I WifiStatSsid: writeSummaryToParcel duration ms:0 bytes:228
11-16 16:08:08.778  4624  4838 I HotspotComponent: onStatDump
11-16 16:08:08.779  4624  4838 D WifiDftDataBaseManager: queryAllApkActionRcd enter
11-16 16:08:08.780  4624  4838 D WifiDftDataBaseManager: queryAllApkActionRcd get record count:1
11-16 16:08:08.780  4624  4838 I WifiDftDataBaseManager: addOrUpdateAPKActionRecord enter
11-16 16:08:08.780  4624  4838 I WifiDftDataBaseManager: updateApkActionRecord enter
11-16 16:08:08.786 14328 14502 D HwMapsInitializer: getHwMapFeatureVersionCode = 11.1.0.301
11-16 16:08:08.788 14328 14502 I FLTAG_FPI: FeatureFramework version:FeatureVersion: [package: com.huawei.featurelayer.featureframework] path: [] version: [1.0.401]
11-16 16:08:08.789 14328 14502 I FLTAG_AFM: Use the ApplicationInfoEx to reflect isDirectBootAware
11-16 16:08:08.789   765  1874 E peq_android: volume index exceed range: 65535
11-16 16:08:08.790 14328 14502 I FLTAG_AFM: getCachePath:/data/data/com.android.gallery3d/cache/feature
11-16 16:08:08.792 14328 14502 I FLTAG_VC: init cost in millis: 1
11-16 16:08:08.792  4624  4838 I WifiStat: writeSummaryToParcel duration ms:13 bytes:2520
11-16 16:08:08.793  4624  4838 I WifiP2pStat: writeSummaryToParcel duration ms:0 bytes:148
11-16 16:08:08.803 14328 14502 I FLTAG_UF: Use the ResourcesEx to reflect Resources
11-16 16:08:08.808  4624 14504 I WifiStatSsid: commitPendingDataToDisk file:/data/user_de/0/com.huawei.hiview/files/SsidStat/MissEvan@5G duration ms:3 bytes:228
11-16 16:08:08.808  4624 14511 I WifiP2pStat: commitPendingDataToDisk file:/data/user_de/0/com.huawei.hiview/files/WifiP2pStat.bin duration ms:1 bytes:148
11-16 16:08:08.809   765  1874 E peq_android: volume index exceed range: 65535
11-16 16:08:08.810 13855 14501 I SecurityComp10105309: SecureSSLSocketFactory: createSocket s host port autoClose
11-16 16:08:08.810 14328 14507 I FLTAG_VC: registerVersionReceiver for com.android.gallery3d
11-16 16:08:08.810 13855 14501 I SecurityComp10105309: SecureSSLSocketFactory: set default protocols
11-16 16:08:08.810 13855 14501 I SecurityComp10105309: SecureSSLSocketFactory: set default cipher suites
11-16 16:08:08.813 14328 14507 I FLTAG_VC: deleteOldVersions in 2000
11-16 16:08:08.821 14328 14502 I FLTAG.FL: init for com.android.gallery3d success ? true
11-16 16:08:08.822 14328 14407 I FLTAG.FL: copyAllFeaturesToCache cost millis:58
11-16 16:08:08.823    54    54 W migration/7: type=1400 audit(0.0:78662): avc: granted { setsched } for pid=54 scontext=u:r:kernel:s0 tcontext=u:r:kernel:s0 tclass=process
11-16 16:08:08.823  4624 14509 I WifiStat: commitPendingDataToDisk file:/data/user_de/0/com.huawei.hiview/files/WifiStat.bin duration ms:12 bytes:2520
11-16 16:08:08.823 14328 14502 I FLTAG_FM: loadFeature class:com.huawei.featurelayer.sharedfeature.map.IMapsInitializer
11-16 16:08:08.824 14328 14502 W droid.gallery3: Unsupported class loader
11-16 16:08:08.826 14328 14502 W droid.gallery3: Skipping duplicate class check due to unsupported classloader
11-16 16:08:08.830   765  1874 E peq_android: volume index exceed range: 65535
