12-19 16:46:11.419  1251  2214 I SDM     : HWCSession::SetCWBOutputBuffer: CWB config passed by cwb_client : tappoint 1  CWB_ROI : (829.000000 4.000000 915.000000 90.000000)
12-19 16:46:11.421  1251 22418 I SDM     : HWCSession::ProcessRequests: Successfully configured CWB buffer.
12-19 16:46:11.426  1251 22418 I SDM     : HWCSession::ProcessRequests: Pushing release fence in fenece wait queue.
12-19 16:46:11.426  1251 22418 I SDM     : HWCSession::ProcessRequests: Creating AsyncFenceWaits async thread.
12-19 16:46:11.427  1251 22418 I SDM     : HWCSession::ProcessRequests: Remove current CWB request from the pending request queue.
12-19 16:46:11.427  1251 22418 I SDM     : HWCSession::ProcessRequests: No pending cwb requests found in the queue.
12-19 16:46:11.432  1251  1467 I SDM     : HWDeviceDRM::SetupConcurrentWriteback: Tear down the Concurrent Writeback topology
12-19 16:46:11.439  1251 22419 I SDM     : HWCSession::NotifyCWBStatus: Notify the client about buffer status 0.
12-19 16:46:11.440  1251 22419 I SDM     : HWCSession::PerformFenceWaits: Remove current release fence from the pending fence wait queue.
12-19 16:46:11.440  1251 22419 I SDM     : HWCSession::PerformFenceWaits: CWB fence queue is empty. No pending release fence to wait on.
12-19 16:46:11.483  2027  3285 D libsensor-displayalgo: the value of  brightness:396.000000,R:69253161.631847,G:61883008.955583,B:49159035.898923,EVENT_C:6551.000000,EVENT_R:2520.000000,EVENT_G:3310.000000,EVENT_B:1262.000000
12-19 16:46:11.483  2027  3285 I libsensor-displayalgo: the value of  Coef1:1107.681000,Coef4:2.383000, scale1:0.935522, scale4:0.923264
12-19 16:46:11.483  2027  3285 E libsensor-displayalgo: RGB_test_0407_400_oldzy!
12-19 16:46:11.484  2027  3285 I libsensor-displayalgo: the value of  RESULT2557.631479,1043.508217,1237.881852,440.324749
12-19 16:46:11.484  2027  3285 I libsensor-displayalgo: the value of  getChannelDataCalibrated2672.209948,967.147521,1431.762512,477.185245
12-19 16:46:11.484  2027  3285 I libsensor-displayalgo: the value of  REAL LUX236.904160
12-19 16:46:11.484  2027  3285 I libsensor-displayalgo: the value of  CAL REAL LUX236.904160
12-19 16:46:11.496  2475  3650 D MiuiNetworkPolicy: updateLimit mLimitEnabled=true,enabled=false,mNetworkPriorityMode=1
12-19 16:46:11.509   693   693 I servicemanager: Since 'apexservice' could not be found, trying to start it as a lazy AIDL service
12-19 16:46:11.522  2475  3034 I BatteryService: current mPlugType2current mHealthInfo.batteryLevel100current mHealthInfo.batteryTemperature345
12-19 16:46:11.525  6206  7182 D ThermalIECHandler: storeDataStyle: thermal_iec_monitor_persistence_data_style_iec_state; startIECTime: -1; IECScreenOffOverPeriodTime: 1166483803
12-19 16:46:11.527  6206  6950 D PowerKeeper.FrozenApp: onBatteryChanged plug=true mBatteryPlugged=2
12-19 16:46:11.527  6206  7099 D PowerCheckerService: onBatteryChanged, mBatteryLevel = 100, status = 5, level = 100, plug = 2, scale = 100
12-19 16:46:11.527  6171  6171 I BatteryInfoReceiver: ACTION_BATTERY_CHANGED
12-19 16:46:11.527  6206  7192 D PowerKeeper.Thermal: mBatteryTemperature: 34
12-19 16:46:11.528  6171  6171 I PowerNoticeUI: handleBatteryChanged oldPlugType 2 mPlugType 2 oldBatteryLevel 100 mBatteryLevel 100 temperature 345
12-19 16:46:11.529  9660  9660 D DynamicService:  ACTION_BATTERY_CHANGED change,USB plug = 2
12-19 16:46:11.529  4453  4453 V DeviceStatisticsService: chargerType=2 batteryLevel=100 totalBatteryCapacity=4358000
12-19 16:46:11.530  4409  4409 D QtiCarrierConfigHelper: WARNING, no carrier configs on phone Id: 1
12-19 16:46:11.542   693   693 I BpBinder: onLastStrongRef automatically unlinking death recipients: <uncached descriptor>
12-19 16:46:11.542   693   693 I servicemanager: Tried to unregister apexservice, but there is about to be a client.
12-19 16:46:11.819  1251  2448 I vendor.qti.hardware.display.composer-service: FrameNotifyProcess Sensor: notify citsensorservice to trigger cwb
12-19 16:46:11.821  2027  4130 I libcitsensorservice@2.0-impl: msg_transfer
12-19 16:46:11.822  2027  3266 D vendor.xiaomi.sensor.citsensorservice@2.0-service: handle id:10 wxh:1280x2400 uwxuh:1080x2400 size: 9216000 fd:15 fd_meta:16 flags:0x4000228 usage:0x33  format:0x3 layer_count: 1
12-19 16:46:11.822  1251  2214 I SDM     : HWCSession::SetCWBOutputBuffer: CWB config passed by cwb_client : tappoint 1  CWB_ROI : (829.000000 4.000000 915.000000 90.000000)
12-19 16:46:11.824  1251 22439 I SDM     : HWCSession::ProcessRequests: Successfully configured CWB buffer.
12-19 16:46:11.828 32290 32290 I HandWritingStubImpl: isKeyboardTypeChanged: false
12-19 16:46:11.829  1251 22439 I SDM     : HWCSession::ProcessRequests: Pushing release fence in fenece wait queue.
12-19 16:46:11.829  1251 22439 I SDM     : HWCSession::ProcessRequests: Creating AsyncFenceWaits async thread.
12-19 16:46:11.830  1251 22439 I SDM     : HWCSession::ProcessRequests: Remove current CWB request from the pending request queue.
12-19 16:46:11.830  1251 22439 I SDM     : HWCSession::ProcessRequests: No pending cwb requests found in the queue.
12-19 16:46:11.834  1251  1467 I SDM     : HWDeviceDRM::SetupConcurrentWriteback: Tear down the Concurrent Writeback topology
12-19 16:46:11.842  1251 22440 I SDM     : HWCSession::NotifyCWBStatus: Notify the client about buffer status 0.
12-19 16:46:11.842  1251 22440 I SDM     : HWCSession::PerformFenceWaits: Remove current release fence from the pending fence wait queue.
12-19 16:46:11.842  1251 22440 I SDM     : HWCSession::PerformFenceWaits: CWB fence queue is empty. No pending release fence to wait on.
12-19 16:46:11.884  2027  3285 D libsensor-displayalgo: the value of  brightness:396.000000,R:69253161.631847,G:61883008.955583,B:49159035.898923,EVENT_C:6466.500000,EVENT_R:2495.000000,EVENT_G:3266.000000,EVENT_B:1244.000000
12-19 16:46:11.884  2027  3285 I libsensor-displayalgo: the value of  Coef1:1107.681000,Coef4:2.383000, scale1:0.935522, scale4:0.923264
12-19 16:46:11.884  2027  3285 E libsensor-displayalgo: RGB_test_0407_400_oldzy!
12-19 16:46:11.885  2027  3285 I libsensor-displayalgo: the value of  RESULT2557.631479,1043.508217,1237.881852,440.324749
12-19 16:46:11.885  2027  3285 I libsensor-displayalgo: the value of  getChannelDataCalibrated2672.209948,967.147521,1431.762512,477.185245
12-19 16:46:11.885  2027  3285 I libsensor-displayalgo: the value of  REAL LUX231.343353
12-19 16:46:11.885  2027  3285 I libsensor-displayalgo: the value of  CAL REAL LUX231.343353
12-19 16:46:12.183  2027  3285 D libsensor-displayalgo: the value of  brightness:396.000000,R:69253161.631847,G:61883008.955583,B:49159035.898923,EVENT_C:6466.500000,EVENT_R:2495.000000,EVENT_G:3266.000000,EVENT_B:1244.000000
12-19 16:46:12.183  2027  3285 I libsensor-displayalgo: the value of  Coef1:1107.681000,Coef4:2.383000, scale1:0.935522, scale4:0.923264
12-19 16:46:12.183  2027  3285 E libsensor-displayalgo: RGB_test_0407_400_oldzy!
12-19 16:46:12.184  2027  3285 I libsensor-displayalgo: the value of  RESULT2557.631479,1043.508217,1237.881852,440.324749
12-19 16:46:12.184  2027  3285 I libsensor-displayalgo: the value of  getChannelDataCalibrated2672.209948,967.147521,1431.762512,477.185245
12-19 16:46:12.184  2027  3285 I libsensor-displayalgo: the value of  REAL LUX231.343353
12-19 16:46:12.184  2027  3285 I libsensor-displayalgo: the value of  CAL REAL LUX231.343353
12-19 16:46:12.214  1251  2448 I vendor.qti.hardware.display.composer-service: FrameNotifyProcess Sensor: notify citsensorservice to trigger cwb
12-19 16:46:12.214  2027  2027 I libcitsensorservice@2.0-impl: msg_transfer
12-19 16:46:12.215  2027  3266 D vendor.xiaomi.sensor.citsensorservice@2.0-service: handle id:10 wxh:1280x2400 uwxuh:1080x2400 size: 9216000 fd:15 fd_meta:16 flags:0x4000228 usage:0x33  format:0x3 layer_count: 1
12-19 16:46:12.215  1251  2214 I SDM     : HWCSession::SetCWBOutputBuffer: CWB config passed by cwb_client : tappoint 1  CWB_ROI : (829.000000 4.000000 915.000000 90.000000)
12-19 16:46:12.216  1251 22461 I SDM     : HWCSession::ProcessRequests: Successfully configured CWB buffer.
12-19 16:46:12.222  1251 22461 I SDM     : HWCSession::ProcessRequests: Pushing release fence in fenece wait queue.
12-19 16:46:12.222  1251 22461 I SDM     : HWCSession::ProcessRequests: Creating AsyncFenceWaits async thread.
12-19 16:46:12.223  1251 22461 I SDM     : HWCSession::ProcessRequests: Remove current CWB request from the pending request queue.
12-19 16:46:12.223  1251 22461 I SDM     : HWCSession::ProcessRequests: No pending cwb requests found in the queue.
12-19 16:46:12.229  1251  1467 I SDM     : HWDeviceDRM::SetupConcurrentWriteback: Tear down the Concurrent Writeback topology
12-19 16:46:12.237  1251 22462 I SDM     : HWCSession::NotifyCWBStatus: Notify the client about buffer status 0.
12-19 16:46:12.237  1251 22462 I SDM     : HWCSession::PerformFenceWaits: Remove current release fence from the pending fence wait queue.
12-19 16:46:12.237  1251 22462 I SDM     : HWCSession::PerformFenceWaits: CWB fence queue is empty. No pending release fence to wait on.
12-19 16:46:12.364 32290 32290 I HandWritingStubImpl: isKeyboardTypeChanged: false
12-19 16:46:12.482  2027  3285 D libsensor-displayalgo: the value of  brightness:396.000000,R:69253161.631847,G:61883008.955583,B:49159035.898923,EVENT_C:6457.000000,EVENT_R:2491.500000,EVENT_G:3262.000000,EVENT_B:1244.000000
12-19 16:46:12.482  2027  3285 I libsensor-displayalgo: the value of  Coef1:1107.681000,Coef4:2.383000, scale1:0.935522, scale4:0.923264
12-19 16:46:12.482  2027  3285 E libsensor-displayalgo: RGB_test_0407_400_oldzy!
12-19 16:46:12.482  2027  3285 I libsensor-displayalgo: the value of  RESULT2557.631479,1043.508217,1237.881852,440.324749
12-19 16:46:12.482  2027  3285 I libsensor-displayalgo: the value of  getChannelDataCalibrated2672.209948,967.147521,1431.762512,477.185245
12-19 16:46:12.482  2027  3285 I libsensor-displayalgo: the value of  REAL LUX230.622849
12-19 16:46:12.482  2027  3285 I libsensor-displayalgo: the value of  CAL REAL LUX230.622849
12-19 16:46:12.518  1251  2448 I vendor.qti.hardware.display.composer-service: FrameNotifyProcess Sensor: notify citsensorservice to trigger cwb
12-19 16:46:12.518  2027  2027 I libcitsensorservice@2.0-impl: msg_transfer
12-19 16:46:12.518  2027  3266 D vendor.xiaomi.sensor.citsensorservice@2.0-service: handle id:10 wxh:1280x2400 uwxuh:1080x2400 size: 9216000 fd:15 fd_meta:16 flags:0x4000228 usage:0x33  format:0x3 layer_count: 1
12-19 16:46:12.521  1251  2214 I SDM     : HWCSession::SetCWBOutputBuffer: CWB config passed by cwb_client : tappoint 1  CWB_ROI : (829.000000 4.000000 915.000000 90.000000)
12-19 16:46:12.522  1251 22466 I SDM     : HWCSession::ProcessRequests: Successfully configured CWB buffer.
12-19 16:46:12.529  1251 22466 I SDM     : HWCSession::ProcessRequests: Pushing release fence in fenece wait queue.
12-19 16:46:12.529  1251 22466 I SDM     : HWCSession::ProcessRequests: Creating AsyncFenceWaits async thread.
12-19 16:46:12.530  1251 22466 I SDM     : HWCSession::ProcessRequests: Remove current CWB request from the pending request queue.
12-19 16:46:12.530  1251 22466 I SDM     : HWCSession::ProcessRequests: No pending cwb requests found in the queue.
12-19 16:46:12.534  1251  1467 I SDM     : HWDeviceDRM::SetupConcurrentWriteback: Tear down the Concurrent Writeback topology
12-19 16:46:12.541  1251 22468 I SDM     : HWCSession::NotifyCWBStatus: Notify the client about buffer status 0.
12-19 16:46:12.541  1251 22468 I SDM     : HWCSession::PerformFenceWaits: Remove current release fence from the pending fence wait queue.
12-19 16:46:12.541  1251 22468 I SDM     : HWCSession::PerformFenceWaits: CWB fence queue is empty. No pending release fence to wait on.
12-19 16:46:12.705   693   693 I servicemanager: Notifying apexservice they have clients: 1
12-19 16:46:12.783  2027  3285 D libsensor-displayalgo: the value of  brightness:396.000000,R:69253161.631847,G:61883008.955583,B:49159035.898923,EVENT_C:6498.500000,EVENT_R:2503.500000,EVENT_G:3282.500000,EVENT_B:1252.500000
12-19 16:46:12.783  2027  3285 I libsensor-displayalgo: the value of  Coef1:1107.681000,Coef4:2.383000, scale1:0.935522, scale4:0.923264
12-19 16:46:12.783  2027  3285 E libsensor-displayalgo: RGB_test_0407_400_oldzy!
12-19 16:46:12.783  2027  3285 I libsensor-displayalgo: the value of  RESULT2557.631479,1043.508217,1237.881852,440.324749
12-19 16:46:12.783  2027  3285 I libsensor-displayalgo: the value of  getChannelDataCalibrated2672.209948,967.147521,1431.762512,477.185245
12-19 16:46:12.783  2027  3285 I libsensor-displayalgo: the value of  REAL LUX233.341537
12-19 16:46:12.783  2027  3285 I libsensor-displayalgo: the value of  CAL REAL LUX233.341537
12-19 16:46:12.803 20676 22484 I appium  : channel read: GET /wd/hub/sessions
12-19 16:46:12.804 20676 22484 I appium  : GetSessions command
12-19 16:46:12.810 20676 22484 I appium  : AppiumResponse: {"sessionId":"None","value":[{"id":"f3b67db2-defe-497f-91e0-dff5be58304a","capabilities":{"appPackage":"cn.missevan","networkConnectionEnabled":true,"noReset":true,"warnings":{},"databaseEnabled":false,"deviceName":"b8fc130c","platform":"LINUX","deviceUDID":"b8fc130c","appActivity":".activity.MainAc
12-19 16:46:12.832 20676 22486 I appium  : channel read: DELETE /wd/hub/session/f3b67db2-defe-497f-91e0-dff5be58304a
12-19 16:46:12.833 20676 22486 I appium  : DeleteSession command
12-19 16:46:12.836 20676 22486 I appium  : Stopping uiautomator2 io.appium.uiautomator2.http io.appium.uiautomator2.server
12-19 16:46:12.837 20676 22486 I appium  : AppiumResponse: {"sessionId":"f3b67db2-defe-497f-91e0-dff5be58304a","value":null}
12-19 16:46:12.907 32290 32290 I HandWritingStubImpl: isKeyboardTypeChanged: false
12-19 16:46:12.921  1251  2448 I vendor.qti.hardware.display.composer-service: FrameNotifyProcess Sensor: notify citsensorservice to trigger cwb
12-19 16:46:12.922  2027  2096 I libcitsensorservice@2.0-impl: msg_transfer
12-19 16:46:12.923  2027  3266 D vendor.xiaomi.sensor.citsensorservice@2.0-service: handle id:10 wxh:1280x2400 uwxuh:1080x2400 size: 9216000 fd:15 fd_meta:16 flags:0x4000228 usage:0x33  format:0x3 layer_count: 1
12-19 16:46:12.923  1251  2214 I SDM     : HWCSession::SetCWBOutputBuffer: CWB config passed by cwb_client : tappoint 1  CWB_ROI : (829.000000 4.000000 915.000000 90.000000)
12-19 16:46:12.924  1251 22498 I SDM     : HWCSession::ProcessRequests: Successfully configured CWB buffer.
12-19 16:46:12.930  1251 22498 I SDM     : HWCSession::ProcessRequests: Pushing release fence in fenece wait queue.
12-19 16:46:12.930  1251 22498 I SDM     : HWCSession::ProcessRequests: Creating AsyncFenceWaits async thread.
12-19 16:46:12.931  1251 22498 I SDM     : HWCSession::ProcessRequests: Remove current CWB request from the pending request queue.
12-19 16:46:12.931  1251 22498 I SDM     : HWCSession::ProcessRequests: No pending cwb requests found in the queue.
12-19 16:46:12.937  1251  1467 I SDM     : HWDeviceDRM::SetupConcurrentWriteback: Tear down the Concurrent Writeback topology
12-19 16:46:12.944  1251 22499 I SDM     : HWCSession::NotifyCWBStatus: Notify the client about buffer status 0.
12-19 16:46:12.944  1251 22499 I SDM     : HWCSession::PerformFenceWaits: Remove current release fence from the pending fence wait queue.
12-19 16:46:12.944  1251 22499 I SDM     : HWCSession::PerformFenceWaits: CWB fence queue is empty. No pending release fence to wait on.
12-19 16:46:12.967 20676 20694 I TestRunner: finished: startServer(io.appium.uiautomator2.server.test.AppiumUiAutomator2Server)
12-19 16:46:12.980 20676 20694 I TestRunner: run finished: 1 tests, 0 failed, 0 ignored
12-19 16:46:12.992 20676 20694 I MonitoringInstr: waitForActivitiesToComplete() took: 0ms
12-19 16:46:13.014  2475  4263 I ActivityManager: Force stopping io.appium.uiautomator2.server appid=10259 user=0: finished inst
12-19 16:46:13.014  2475  4263 I Process : Sending signal. PID: 20676 SIG: 19
12-19 16:46:13.017  2475  4263 I SmartPower.io.appium.uiautomator2.server/10259(20676): background->died(57420ms) R(process died ) adj=0.
12-19 16:46:13.018  2475  3758 I SmartPower: io.appium.uiautomator2.server/10259 state=background adj=0 proc size=1 move to died process died
12-19 16:46:13.019  1878 18534 I CameraImpl: checkAllClientsStoppedAndReclaimMem reclaim camera provider anon memory.
12-19 16:46:13.019  1878 18534 I CameraImpl: checkAllClientsStoppedAndReclaimMem reclaim camera provider anon memory.
12-19 16:46:13.021  6206 10185 D UidObserver: onUidGone entry uid = 10259
12-19 16:46:13.022  2475  3650 I MiuiNetworkPolicyTrafficLimit: updateWhiteListUidForMobileTraffic uid=10259,add=false
12-19 16:46:13.022  2475  3650 D MiuiNetworkPolicyTrafficLimit: updateWhiteListUidForMobileTraffic rst=true
12-19 16:46:13.022  2475  4263 I ActivityManager: Killing 20676:io.appium.uiautomator2.server/u0a259 (adj 0): stop io.appium.uiautomator2.server due to finished inst
12-19 16:46:13.023 20658 20658 D AndroidRuntime: Shutting down VM
12-19 16:46:13.025  2475  4263 D PerfImpl: perfProcessKillBoost: io.appium.uiautomator2.server, 20676, 0
12-19 16:46:13.026  1267  5422 E ANDR-PERF-LM: ThreadHelper: thread_callback() 145: More than one pending updates!!! This should not happen. MeterMgr should avoid this case.
12-19 16:46:13.028 24830 29038 I i.xmsf:service: oneway function results for code 3 on binder at 0xb400007a4cba08e0 will be dropped but finished with status UNKNOWN_TRANSACTION
12-19 16:46:13.028  6526  6583 I com.xiaomi.xms: oneway function results for code 3 on binder at 0xb400007a4cbfdae0 will be dropped but finished with status UNKNOWN_TRANSACTION
12-19 16:46:13.030  2475  4263 W ProcessStats: Tracking association SourceState{5bada8b com.miui.thirdappassistant/1000 BTopFgs #236446} whose proc state 2 is better than process ProcessState{ab8ac79 com.miui.analytics/10089 pkg=com.miui.analytics} proc state 3 (87 skipped)
12-19 16:46:13.036  2475  2693 I libprocessgroup: Successfully killed process cgroup uid 10259 pid 20676 in 10ms
12-19 16:46:13.045  1132  1132 I Zygote  : Process 20676 exited due to signal 9 (Killed)
12-19 16:46:13.082  2027  3285 D libsensor-displayalgo: the value of  brightness:396.000000,R:69253161.631847,G:61883008.955583,B:49159035.898923,EVENT_C:6476.000000,EVENT_R:2496.500000,EVENT_G:3268.000000,EVENT_B:1244.500000
12-19 16:46:13.082  2027  3285 I libsensor-displayalgo: the value of  Coef1:1107.681000,Coef4:2.383000, scale1:0.935522, scale4:0.923264
12-19 16:46:13.082  2027  3285 E libsensor-displayalgo: RGB_test_0407_400_oldzy!
12-19 16:46:13.083  2027  3285 I libsensor-displayalgo: the value of  RESULT2557.631479,1043.508217,1237.881852,440.324749
12-19 16:46:13.083  2027  3285 I libsensor-displayalgo: the value of  getChannelDataCalibrated2672.209948,967.147521,1431.762512,477.185245
12-19 16:46:13.083  2027  3285 I libsensor-displayalgo: the value of  REAL LUX232.007675
12-19 16:46:13.083  2027  3285 I libsensor-displayalgo: the value of  CAL REAL LUX232.007675
12-19 16:46:13.262  2475  5722 I SmartPower.com.miui.securityinputmethod/10111(16952): visible->invisible(9344ms) R(become invisible) adj=100.
12-19 16:46:13.263  2475  5722 I SmartPower.com.miui.securityinputmethod/10111(16952): invisible->background(0ms) R(become background) adj=100.
12-19 16:46:13.263  2475  3758 I SmartPower: com.miui.securityinputmethod/10111 state=foreground adj=100 proc size=1 move to inactive become invisible
12-19 16:46:13.267  1251  2448 I vendor.qti.hardware.display.composer-service: FrameNotifyProcess Sensor: notify citsensorservice to trigger cwb
12-19 16:46:13.267  2027  2027 I libcitsensorservice@2.0-impl: msg_transfer
12-19 16:46:13.267  2027  3266 D vendor.xiaomi.sensor.citsensorservice@2.0-service: handle id:10 wxh:1280x2400 uwxuh:1080x2400 size: 9216000 fd:15 fd_meta:16 flags:0x4000228 usage:0x33  format:0x3 layer_count: 1
12-19 16:46:13.268  1251  2214 I SDM     : HWCSession::SetCWBOutputBuffer: CWB config passed by cwb_client : tappoint 1  CWB_ROI : (829.000000 4.000000 915.000000 90.000000)
12-19 16:46:13.269  1251 22504 I SDM     : HWCSession::ProcessRequests: Successfully configured CWB buffer.
12-19 16:46:13.270  2475  5722 I WindowManagerService: Physical orientation applied, rotation=0 sfOrientation=ORIENTATION_0
12-19 16:46:13.276  1251 22504 I SDM     : HWCSession::ProcessRequests: Pushing release fence in fenece wait queue.
12-19 16:46:13.276  1251 22504 I SDM     : HWCSession::ProcessRequests: Creating AsyncFenceWaits async thread.
12-19 16:46:13.276  1251 22504 I SDM     : HWCSession::ProcessRequests: Remove current CWB request from the pending request queue.
12-19 16:46:13.276  1251 22504 I SDM     : HWCSession::ProcessRequests: No pending cwb requests found in the queue.
12-19 16:46:13.282  1251  1467 I SDM     : HWDeviceDRM::SetupConcurrentWriteback: Tear down the Concurrent Writeback topology
12-19 16:46:13.289  1251 22509 I SDM     : HWCSession::NotifyCWBStatus: Notify the client about buffer status 0.
12-19 16:46:13.290  1251 22509 I SDM     : HWCSession::PerformFenceWaits: Remove current release fence from the pending fence wait queue.
12-19 16:46:13.290  1251 22509 I SDM     : HWCSession::PerformFenceWaits: CWB fence queue is empty. No pending release fence to wait on.
12-19 16:46:13.408 32290 32290 I HandWritingStubImpl: isKeyboardTypeChanged: false
12-19 16:46:13.483  2027  3285 D libsensor-displayalgo: the value of  brightness:396.000000,R:69253161.631847,G:61883008.955583,B:49159035.898923,EVENT_C:6462.000000,EVENT_R:2497.500000,EVENT_G:3267.500000,EVENT_B:1242.000000
12-19 16:46:13.483  2027  3285 I libsensor-displayalgo: the value of  Coef1:1107.681000,Coef4:2.383000, scale1:0.935522, scale4:0.923264
12-19 16:46:13.483  2027  3285 E libsensor-displayalgo: RGB_test_0407_400_oldzy!
12-19 16:46:13.483  2027  3285 I libsensor-displayalgo: the value of  RESULT2557.631479,1043.508217,1237.881852,440.324749
12-19 16:46:13.483  2027  3285 I libsensor-displayalgo: the value of  getChannelDataCalibrated2672.209948,967.147521,1431.762512,477.185245
12-19 16:46:13.483  2027  3285 I libsensor-displayalgo: the value of  REAL LUX231.162231
12-19 16:46:13.483  2027  3285 I libsensor-displayalgo: the value of  CAL REAL LUX231.162231
12-19 16:46:13.515  2475  2691 I Process : Sending signal. PID: 20676 SIG: 18
12-19 16:46:13.515  2475  2691 W Process : Unable to open /proc/20676/status
12-19 16:46:13.536  1192 17646 I vendor.qti.bluetooth@1.0-ibs_handler: ProcessIbsCmd: Received IBS_WAKE_IND: 0xFD
12-19 16:46:13.536  1192 17646 D vendor.qti.bluetooth@1.0-ibs_handler: SerialClockVote: vote for UART CLK ON
12-19 16:46:13.537  1192 17646 D vendor.qti.bluetooth@1.0-wake_lock: Acquire wakelock is acquired
12-19 16:46:13.537  1192 17646 I vendor.qti.bluetooth@1.0-ibs_handler: ProcessIbsCmd: Writing IBS_WAKE_ACK
12-19 16:46:13.542 17724 17907 E MiuiFastConnectService: check adv data not fast connect
12-19 16:46:13.577  1192 17646 I vendor.qti.bluetooth@1.0-ibs_handler: ProcessIbsCmd: Received IBS_SLEEP_IND: 0xFE
12-19 16:46:13.577  1192 17646 D vendor.qti.bluetooth@1.0-ibs_handler: SerialClockVote: vote for UART CLK OFF
12-19 16:46:13.619  1251  2448 I vendor.qti.hardware.display.composer-service: FrameNotifyProcess Sensor: notify citsensorservice to trigger cwb
12-19 16:46:13.619  2027  2096 I libcitsensorservice@2.0-impl: msg_transfer
12-19 16:46:13.620  2027  3266 D vendor.xiaomi.sensor.citsensorservice@2.0-service: handle id:10 wxh:1280x2400 uwxuh:1080x2400 size: 9216000 fd:15 fd_meta:16 flags:0x4000228 usage:0x33  format:0x3 layer_count: 1
12-19 16:46:13.620  1251  2214 I SDM     : HWCSession::SetCWBOutputBuffer: CWB config passed by cwb_client : tappoint 1  CWB_ROI : (829.000000 4.000000 915.000000 90.000000)
12-19 16:46:13.621  1251 22513 I SDM     : HWCSession::ProcessRequests: Successfully configured CWB buffer.
12-19 16:46:13.629  1251 22513 I SDM     : HWCSession::ProcessRequests: Pushing release fence in fenece wait queue.
12-19 16:46:13.629  1251 22513 I SDM     : HWCSession::ProcessRequests: Creating AsyncFenceWaits async thread.
12-19 16:46:13.630  1251 22513 I SDM     : HWCSession::ProcessRequests: Remove current CWB request from the pending request queue.
12-19 16:46:13.630  1251 22513 I SDM     : HWCSession::ProcessRequests: No pending cwb requests found in the queue.
12-19 16:46:13.635  1251  1467 I SDM     : HWDeviceDRM::SetupConcurrentWriteback: Tear down the Concurrent Writeback topology
12-19 16:46:13.643  1251 22514 I SDM     : HWCSession::NotifyCWBStatus: Notify the client about buffer status 0.
12-19 16:46:13.644  1251 22514 I SDM     : HWCSession::PerformFenceWaits: Remove current release fence from the pending fence wait queue.
12-19 16:46:13.644  1251 22514 I SDM     : HWCSession::PerformFenceWaits: CWB fence queue is empty. No pending release fence to wait on.
12-19 16:46:13.728  1192 17505 D vendor.qti.bluetooth@1.0-wake_lock: Release wakelock is released
12-19 16:46:13.782  2027  3285 D libsensor-displayalgo: the value of  brightness:396.000000,R:69253161.631847,G:61883008.955583,B:49159035.898923,EVENT_C:6511.000000,EVENT_R:2503.000000,EVENT_G:3292.500000,EVENT_B:1258.500000
12-19 16:46:13.782  2027  3285 I libsensor-displayalgo: the value of  Coef1:1107.681000,Coef4:2.383000, scale1:0.935522, scale4:0.923264
12-19 16:46:13.782  2027  3285 E libsensor-displayalgo: RGB_test_0407_400_oldzy!
12-19 16:46:13.782  2027  3285 I libsensor-displayalgo: the value of  RESULT2557.631479,1043.508217,1237.881852,440.324749
12-19 16:46:13.782  2027  3285 I libsensor-displayalgo: the value of  getChannelDataCalibrated2672.209948,967.147521,1431.762512,477.185245
12-19 16:46:13.782  2027  3285 I libsensor-displayalgo: the value of  REAL LUX234.210175
12-19 16:46:13.782  2027  3285 I libsensor-displayalgo: the value of  CAL REAL LUX234.210175
12-19 16:46:13.852  4371  5534 D QCNEJ/NativeHalConnector: -> SND notifyDefaultNetworkChanged(1)
12-19 16:46:13.854  5773  8961 I SLM-SRV-SLAService: onCapabilitiesChanged WIFI master
12-19 16:46:13.857  9197  9235 D TAB.NetworkUtils: network onCapabilitiesChanged
12-19 16:46:13.906  5773  8966 D SLM-SRV-SLAService: checktemp temperature = 35468 temperature_average = 35018 isPerformanceMode = false thermal_enable_slm = true
12-19 16:46:13.909 32290 32290 I HandWritingStubImpl: isKeyboardTypeChanged: false
12-19 16:46:13.924  1251  2448 I vendor.qti.hardware.display.composer-service: FrameNotifyProcess Sensor: notify citsensorservice to trigger cwb
12-19 16:46:13.924  2027  4130 I libcitsensorservice@2.0-impl: msg_transfer
12-19 16:46:13.924  2027  3266 D vendor.xiaomi.sensor.citsensorservice@2.0-service: handle id:10 wxh:1280x2400 uwxuh:1080x2400 size: 9216000 fd:15 fd_meta:16 flags:0x4000228 usage:0x33  format:0x3 layer_count: 1
12-19 16:46:13.924  1251  2214 I SDM     : HWCSession::SetCWBOutputBuffer: CWB config passed by cwb_client : tappoint 1  CWB_ROI : (829.000000 4.000000 915.000000 90.000000)
12-19 16:46:13.927  1251 22520 I SDM     : HWCSession::ProcessRequests: Successfully configured CWB buffer.
12-19 16:46:13.933  1251 22520 I SDM     : HWCSession::ProcessRequests: Pushing release fence in fenece wait queue.
12-19 16:46:13.933  1251 22520 I SDM     : HWCSession::ProcessRequests: Creating AsyncFenceWaits async thread.
12-19 16:46:13.933  1251 22520 I SDM     : HWCSession::ProcessRequests: Remove current CWB request from the pending request queue.
12-19 16:46:13.933  1251 22520 I SDM     : HWCSession::ProcessRequests: No pending cwb requests found in the queue.
12-19 16:46:13.938  2475  5745 I ActivityManager: Force stopping io.appium.uiautomator2.server.test appid=10260 user=0: from process:22521
12-19 16:46:13.940  1251  1467 I SDM     : HWDeviceDRM::SetupConcurrentWriteback: Tear down the Concurrent Writeback topology
12-19 16:46:13.943  9739  9739 D RegisteredServicesCache: Intent action: android.intent.action.PACKAGE_RESTARTED
12-19 16:46:13.943  6526  6691 D MyLog   : -->log(0): [Tid:43] pcc handle intent in sjm android.intent.action.PACKAGE_RESTARTED
12-19 16:46:13.946  9660  9660 D CarrierSvcBindHelper: No carrier app for: 0
12-19 16:46:13.946  9660  9660 E PhoneInterfaceManager: [PhoneIntfMgr] getCarrierPackageNamesForIntentAndPhone: No UICC
12-19 16:46:13.946  9660  9660 D CarrierSvcBindHelper: No carrier app for: 1
12-19 16:46:13.948  1251 22522 I SDM     : HWCSession::NotifyCWBStatus: Notify the client about buffer status 0.
12-19 16:46:13.948  1251 22522 I SDM     : HWCSession::PerformFenceWaits: Remove current release fence from the pending fence wait queue.
12-19 16:46:13.948  1251 22522 I SDM     : HWCSession::PerformFenceWaits: CWB fence queue is empty. No pending release fence to wait on.
12-19 16:46:13.951  9739  9739 E RegisteredServicesCache: Skipping application component ComponentInfo{com.UCMobile/com.alibaba.ariver.commonability.device.jsapi.nfc.service.TinyAppHostApduService}: it must request the permission android.permission.NFC
12-19 16:46:13.951  9739  9739 E RegisteredServicesCache: Skipping application component ComponentInfo{com.UCMobile/com.alipay.mobile.aompdevice.nfc.service.TinyAppHostApduService}: it must request the permission android.permission.NFC
12-19 16:46:13.969  9739  9739 E RegisteredServicesCache: Skipping application component ComponentInfo{com.taobao.taobao/com.alibaba.ariver.commonability.device.jsapi.nfc.service.TinyAppHostApduService}: it must request the permission android.permission.NFC
12-19 16:46:13.977  9739  9739 D RegisteredServicesCache: Adding service: ComponentInfo{com.google.android.gms/com.google.android.gms.nearby.mediums.nearfieldcommunication.NfcAdvertisingService} AIDs: [F00000FE2C]
12-19 16:46:13.977  9739  9739 D RegisteredServicesCache: Adding service: ComponentInfo{com.xiaomi.digitalkey/com.xiaomi.digitalkey.ccc.OnHostService} AIDs: [A000000809434343444B467631]
12-19 16:46:13.977  9739  9739 D RegisteredServicesCache: Adding service: ComponentInfo{com.eg.android.AlipayGphone/com.alibaba.ariver.commonability.device.jsapi.nfc.service.TinyAppHostApduService} AIDs: []
12-19 16:46:13.977  9739  9739 D RegisteredServicesCache: Adding service: ComponentInfo{com.eg.android.AlipayGphone/com.alipay.mobile.aompdevice.nfc.service.TinyAppHostApduService} AIDs: []
12-19 16:46:13.977  9739  9739 D RegisteredServicesCache: Adding service: ComponentInfo{com.eg.android.AlipayGphone/com.alipay.android.phone.offlinepay.nfc.CardService} AIDs: [B06937896756002478]
12-19 16:46:13.977  9739  9739 D RegisteredServicesCache: Adding service: ComponentInfo{com.quark.browser/com.alibaba.ariver.commonability.device.jsapi.nfc.service.TinyAppHostApduService} AIDs: []
12-19 16:46:13.977  9739  9739 D RegisteredServicesCache: Adding service: ComponentInfo{com.quark.browser/com.alipay.mobile.aompdevice.nfc.service.TinyAppHostApduService} AIDs: []
12-19 16:46:13.977  9739  9739 D RegisteredServicesCache: Adding service: ComponentInfo{com.taobao.litetao/com.alibaba.ariver.commonability.device.jsapi.nfc.service.TinyAppHostApduService} AIDs: []
12-19 16:46:13.977  9739  9739 D RegisteredServicesCache: Adding service: ComponentInfo{com.tencent.mobileqq/com.tencent.mm.plugin.appbrand.jsapi.nfc.hce.HCEService} AIDs: [F123456789]
12-19 16:46:13.977  9739  9739 D RegisteredServicesCache: Adding service: ComponentInfo{com.android.nfc/com.android.nfc.cardemulation.ESEWalletDummyService} AIDs: [AAAAAAAAAAAAAAAAAAAAAAAAAAAAAAAA]
12-19 16:46:13.977  9739  9739 D RegisteredServicesCache: Adding service: ComponentInfo{com.android.nfc/com.android.nfc.cardemulation.SIMWalletDummyService} AIDs: [BBBBBBBBBBBBBBBBBBBBBBBBBBBBBBBB]
12-19 16:46:13.979  9739  9739 D CardEmulationManager: Current default: ComponentInfo{com.android.nfc/com.android.nfc.cardemulation.ESEWalletDummyService}
12-19 16:46:13.979  9739  9739 D RegisteredAidCache: onServicesUpdated
12-19 16:46:13.979  9739  9739 D RegisteredAidCache: generateServiceMap component: ComponentInfo{com.google.android.gms/com.google.android.gms.nearby.mediums.nearfieldcommunication.NfcAdvertisingService}
12-19 16:46:13.979  9739  9739 D RegisteredAidCache: generateServiceMap component: ComponentInfo{com.xiaomi.digitalkey/com.xiaomi.digitalkey.ccc.OnHostService}
12-19 16:46:13.979  9739  9739 D RegisteredAidCache: generateServiceMap component: ComponentInfo{com.eg.android.AlipayGphone/com.alibaba.ariver.commonability.device.jsapi.nfc.service.TinyAppHostApduService}
12-19 16:46:13.979  9739  9739 D RegisteredAidCache: generateServiceMap component: ComponentInfo{com.eg.android.AlipayGphone/com.alipay.mobile.aompdevice.nfc.service.TinyAppHostApduService}
12-19 16:46:13.979  9739  9739 D RegisteredAidCache: generateServiceMap component: ComponentInfo{com.eg.android.AlipayGphone/com.alipay.android.phone.offlinepay.nfc.CardService}
12-19 16:46:13.979  9739  9739 D RegisteredAidCache: generateServiceMap component: ComponentInfo{com.quark.browser/com.alibaba.ariver.commonability.device.jsapi.nfc.service.TinyAppHostApduService}
12-19 16:46:13.979  9739  9739 D RegisteredAidCache: generateServiceMap component: ComponentInfo{com.quark.browser/com.alipay.mobile.aompdevice.nfc.service.TinyAppHostApduService}
12-19 16:46:13.979  9739  9739 D RegisteredAidCache: generateServiceMap component: ComponentInfo{com.taobao.litetao/com.alibaba.ariver.commonability.device.jsapi.nfc.service.TinyAppHostApduService}
12-19 16:46:13.979  9739  9739 D RegisteredAidCache: generateServiceMap component: ComponentInfo{com.tencent.mobileqq/com.tencent.mm.plugin.appbrand.jsapi.nfc.hce.HCEService}
12-19 16:46:13.979  9739  9739 D RegisteredAidCache: generateServiceMap component: ComponentInfo{com.android.nfc/com.android.nfc.cardemulation.ESEWalletDummyService}
12-19 16:46:13.979  9739  9739 D RegisteredAidCache: generateServiceMap component: ComponentInfo{com.android.nfc/com.android.nfc.cardemulation.SIMWalletDummyService}
12-19 16:46:13.979  9739  9739 D RegisteredAidCache: generateAidCacheLocked: starting with aid A000000809434343444B467631
12-19 16:46:13.979  9739  9739 D RegisteredAidCache: Exact AID, resolving.
12-19 16:46:13.979  9739  9739 D RegisteredAidCache: resolveAidLocked: DECISION: making single handling service ComponentInfo{com.xiaomi.digitalkey/com.xiaomi.digitalkey.ccc.OnHostService} default.
12-19 16:46:13.979  9739  9739 D RegisteredAidCache: AIDs: [A000000809434343444B467631] were resolved.
12-19 16:46:13.980  9739  9739 D RegisteredAidCache: generateAidCacheLocked: starting with aid AAAAAAAAAAAAAAAAAAAAAAAAAAAAAAAA
12-19 16:46:13.980  9739  9739 D RegisteredAidCache: Exact AID, resolving.
12-19 16:46:13.980  9739  9739 D RegisteredAidCache: resolveAidLocked: DECISION: routing to payment default default ApduService: ComponentInfo{com.android.nfc/com.android.nfc.cardemulation.ESEWalletDummyService}, description: , Static AID Groups: Category: payment, AIDs:AAAAAAAAAAAAAAAAAAAAAAAAAAAAAAAA, , Dynamic AID Groups:
12-19 16:46:13.980  9739  9739 D RegisteredAidCache: AIDs: [AAAAAAAAAAAAAAAAAAAAAAAAAAAAAAAA] were resolved.
12-19 16:46:13.980  9739  9739 D RegisteredAidCache: generateAidCacheLocked: starting with aid B06937896756002478
12-19 16:46:13.980  9739  9739 D RegisteredAidCache: Exact AID, resolving.
12-19 16:46:13.980  9739  9739 D RegisteredAidCache: resolveAidLocked: (Ignoring handling service ComponentInfo{com.eg.android.AlipayGphone/com.alipay.android.phone.offlinepay.nfc.CardService} because it's not the payment default.)
12-19 16:46:13.980  9739  9739 D RegisteredAidCache: resolveAidLocked: DECISION: routing to all matching services
12-19 16:46:13.980  9739  9739 D RegisteredAidCache: AIDs: [B06937896756002478] were resolved.
12-19 16:46:13.980  9739  9739 D RegisteredAidCache: generateAidCacheLocked: starting with aid BBBBBBBBBBBBBBBBBBBBBBBBBBBBBBBB
12-19 16:46:13.980  9739  9739 D RegisteredAidCache: Exact AID, resolving.
12-19 16:46:13.980  9739  9739 D RegisteredAidCache: resolveAidLocked: (Ignoring handling service ComponentInfo{com.android.nfc/com.android.nfc.cardemulation.SIMWalletDummyService} because it's not the payment default.)
12-19 16:46:13.980  9739  9739 D RegisteredAidCache: resolveAidLocked: DECISION: routing to all matching services
12-19 16:46:13.980  9739  9739 D RegisteredAidCache: AIDs: [BBBBBBBBBBBBBBBBBBBBBBBBBBBBBBBB] were resolved.
12-19 16:46:13.980  9739  9739 D RegisteredAidCache: generateAidCacheLocked: starting with aid F00000FE2C
12-19 16:46:13.980  9739  9739 D RegisteredAidCache: Exact AID, resolving.
12-19 16:46:13.980  9739  9739 D RegisteredAidCache: resolveAidLocked: DECISION: making single handling service ComponentInfo{com.google.android.gms/com.google.android.gms.nearby.mediums.nearfieldcommunication.NfcAdvertisingService} default.
12-19 16:46:13.980  9739  9739 D RegisteredAidCache: AIDs: [F00000FE2C] were resolved.
12-19 16:46:13.980  9739  9739 D RegisteredAidCache: generateAidCacheLocked: starting with aid F123456789
12-19 16:46:13.980  9739  9739 D RegisteredAidCache: Exact AID, resolving.
12-19 16:46:13.980  9739  9739 D RegisteredAidCache: resolveAidLocked: (Ignoring handling service ComponentInfo{com.tencent.mobileqq/com.tencent.mm.plugin.appbrand.jsapi.nfc.hce.HCEService} because it's not the payment default.)
12-19 16:46:13.980  9739  9739 D RegisteredAidCache: resolveAidLocked: DECISION: routing to all matching services
12-19 16:46:13.980  9739  9739 D RegisteredAidCache: AIDs: [F123456789] were resolved.
12-19 16:46:13.980  9739  9739 D RegisteredAidCache: Exact or Prefix AID.F123456789
12-19 16:46:13.980  9739  9739 D RegisteredAidCache: AIDs: [F123456789] were resolved.
12-19 16:46:13.980  9739  9739 D RegisteredAidCache: Exact or Prefix AID.F00000FE2C
12-19 16:46:13.980  9739  9739 D RegisteredAidCache: AIDs: [F00000FE2C] were resolved.
12-19 16:46:13.980  9739  9739 D RegisteredAidCache: Exact or Prefix AID.BBBBBBBBBBBBBBBBBBBBBBBBBBBBBBBB
12-19 16:46:13.980  9739  9739 D RegisteredAidCache: AIDs: [BBBBBBBBBBBBBBBBBBBBBBBBBBBBBBBB] were resolved.
12-19 16:46:13.980  9739  9739 D RegisteredAidCache: Exact or Prefix AID.B06937896756002478
12-19 16:46:13.980  9739  9739 D RegisteredAidCache: AIDs: [B06937896756002478] were resolved.
12-19 16:46:13.980  9739  9739 D RegisteredAidCache: Exact or Prefix AID.AAAAAAAAAAAAAAAAAAAAAAAAAAAAAAAA
12-19 16:46:13.980  9739  9739 D RegisteredAidCache: AIDs: [AAAAAAAAAAAAAAAAAAAAAAAAAAAAAAAA] were resolved.
12-19 16:46:13.980  9739  9739 D RegisteredAidCache: Exact or Prefix AID.A000000809434343444B467631
12-19 16:46:13.980  9739  9739 D RegisteredAidCache: AIDs: [A000000809434343444B467631] were resolved.
12-19 16:46:13.980  9739  9739 I RegisteredAidCache: updateRoutingLocked(false): Enter
12-19 16:46:13.980  9739  9739 I AidRoutingManager: configureRouting(false): Enter
12-19 16:46:13.980  9739  9739 E AidRoutingManager: Size of routing table970
12-19 16:46:13.980  9739  9739 D AidRoutingManager: configureRouting: seList: add 1
12-19 16:46:13.980  9739  9739 D AidRoutingManager: configureRouting: A000000809434343444B467631=AidEntry{isOnHost:true, offHostSE:Host, route:0, aidInfo:0x0, power:0x11}
12-19 16:46:13.980  9739  9739 D AidRoutingManager: #######Routing AID A000000809434343444B467631 to route 0 with power 17
12-19 16:46:13.980  9739  9739 D AidRoutingManager: configureRouting: F00000FE2C=AidEntry{isOnHost:true, offHostSE:Host, route:0, aidInfo:0x0, power:0x11}
12-19 16:46:13.980  9739  9739 D AidRoutingManager: configureRouting: AAAAAAAAAAAAAAAAAAAAAAAAAAAAAAAA=AidEntry{isOnHost:false, offHostSE:eSE1, route:0, aidInfo:0x0, power:0x3b}
12-19 16:46:13.980  9739  9739 I NfcService: Add T4T Nfcee AID
12-19 16:46:13.980  9739  9739 D NfcService: T4TNfceePowerState : 59
12-19 16:46:13.980  9739  9739 D AidRoutingManager: Routing table unchanged, not updating
12-19 16:46:13.980  9739  9739 I RegisteredAidCache: updateRoutingLocked(false): exit
12-19 16:46:13.980  9739  9739 D RegisteredServicesCache: ApduService: ComponentInfo{com.google.android.gms/com.google.android.gms.nearby.mediums.nearfieldcommunication.NfcAdvertisingService}, description: Nearby, Static AID Groups: Category: other, AIDs:F00000FE2C, , Dynamic AID Groups:
12-19 16:46:13.980  9739  9739 D RegisteredServicesCache: ApduService: ComponentInfo{com.xiaomi.digitalkey/com.xiaomi.digitalkey.ccc.OnHostService}, description: CCC Digital Key HCE Service, Static AID Groups: Category: other, AIDs:A000000809434343444B467631, , Dynamic AID Groups:
12-19 16:46:13.980  9739  9739 D RegisteredServicesCache: ApduService: ComponentInfo{com.eg.android.AlipayGphone/com.alibaba.ariver.commonability.device.jsapi.nfc.service.TinyAppHostApduService}, description: (Alipay) NFC, Static AID Groups: , Dynamic AID Groups:
12-19 16:46:13.980  9739  9739 D RegisteredServicesCache: ApduService: ComponentInfo{com.eg.android.AlipayGphone/com.alipay.mobile.aompdevice.nfc.service.TinyAppHostApduService}, description: (Alipay) NFC, Static AID Groups: , Dynamic AID Groups:
12-19 16:46:13.980  9739  9739 D RegisteredServicesCache: ApduService: ComponentInfo{com.eg.android.AlipayGphone/com.alipay.android.phone.offlinepay.nfc.CardService}, description: , Static AID Groups: Category: payment, AIDs:B06937896756002478, , Dynamic AID Groups:
12-19 16:46:13.980  9739  9739 D RegisteredServicesCache: ApduService: ComponentInfo{com.quark.browser/com.alibaba.ariver.commonability.device.jsapi.nfc.service.TinyAppHostApduService}, description: , Static AID Groups: , Dynamic AID Groups:
12-19 16:46:13.980  9739  9739 D RegisteredServicesCache: ApduService: ComponentInfo{com.quark.browser/com.alipay.mobile.aompdevice.nfc.service.TinyAppHostApduService}, description: , Static AID Groups: , Dynamic AID Groups:
12-19 16:46:13.980  9739  9739 D RegisteredServicesCache: ApduService: ComponentInfo{com.taobao.litetao/com.alibaba.ariver.commonability.device.jsapi.nfc.service.TinyAppHostApduService}, description: , Static AID Groups: , Dynamic AID Groups:
12-19 16:46:13.980  9739  9739 D RegisteredServicesCache: ApduService: ComponentInfo{com.tencent.mobileqq/com.tencent.mm.plugin.appbrand.jsapi.nfc.hce.HCEService}, description: , Static AID Groups: Category: payment, AIDs:F123456789, , Dynamic AID Groups:
12-19 16:46:13.980  9739  9739 D RegisteredServicesCache: ApduService: ComponentInfo{com.android.nfc/com.android.nfc.cardemulation.ESEWalletDummyService}, description: , Static AID Groups: Category: payment, AIDs:AAAAAAAAAAAAAAAAAAAAAAAAAAAAAAAA, , Dynamic AID Groups:
12-19 16:46:13.980  9739  9739 D RegisteredServicesCache: ApduService: ComponentInfo{com.android.nfc/com.android.nfc.cardemulation.SIMWalletDummyService}, description: SIM, Static AID Groups: Category: payment, AIDs:BBBBBBBBBBBBBBBBBBBBBBBBBBBBBBBB, , Dynamic AID Groups:
12-19 16:46:13.981  9739  9739 D RegisteredNfcFServicesCache: Service unchanged, not updating
12-19 16:46:13.981  9739  9739 I libnfc_nci: [INFO:NativeT4tNfcee.cpp(865)] nfcManager_isFwSupportNonStdT4TAid Enter isFwSupport = 1
12-19 16:46:13.981  9739  9739 I libnfc_nci: [INFO:SecureElement.cpp(1509)] SecureElement::getEseHandleFromGenericId: enter; ESE-ID = 0x7F
12-19 16:46:13.981  9739  9739 I libnfc_nci: [INFO:SecureElement.cpp(1544)] SecureElement::getEseHandleFromGenericId: enter; ESE-Handle = 0x410
12-19 16:46:13.981  9739 11057 E libnfc_nci: [ERROR:nfa_ee_act.cc(1366)] The AID entry is already in the database for different NFCEE ID:0x00
12-19 16:46:13.982  4424 18970 I SecureElement-Terminal-SIM1: isNfcEventAllowed: No access rules for checking.
12-19 16:46:13.986  7911  7911 E adbd    : failed to connect to socket 'tcp:6790': Connection refused
12-19 16:46:14.058  1953  2016 I mstatdaemon: Entering time loop
12-19 16:46:14.058  1953  2016 I mstatdaemon: t = 1671439574
12-19 16:46:14.058  1953  2016 I mstatdaemon: translated_t = 1355449574
12-19 16:46:14.058  1953  2016 I mstat_log: mstatcommitLog log_alloc() failed
12-19 16:46:14.082  2027  3285 D libsensor-displayalgo: the value of  brightness:396.000000,R:69253161.631847,G:61883008.955583,B:49159035.898923,EVENT_C:6464.000000,EVENT_R:2492.000000,EVENT_G:3264.000000,EVENT_B:1243.500000
12-19 16:46:14.082  2027  3285 I libsensor-displayalgo: the value of  Coef1:1107.681000,Coef4:2.383000, scale1:0.935522, scale4:0.923264
12-19 16:46:14.082  2027  3285 E libsensor-displayalgo: RGB_test_0407_400_oldzy!
12-19 16:46:14.083  2027  3285 I libsensor-displayalgo: the value of  RESULT2557.631479,1043.508217,1237.881852,440.324749
12-19 16:46:14.083  2027  3285 I libsensor-displayalgo: the value of  getChannelDataCalibrated2672.209948,967.147521,1431.762512,477.185245
12-19 16:46:14.083  2027  3285 I libsensor-displayalgo: the value of  REAL LUX231.229645
12-19 16:46:14.083  2027  3285 I libsensor-displayalgo: the value of  CAL REAL LUX231.229645
12-19 16:46:14.089 22525 22525 D AndroidRuntime: >>>>>> START com.android.internal.os.RuntimeInit uid 2000 <<<<<<
12-19 16:46:14.092 22525 22525 I AndroidRuntime: Using default boot image
12-19 16:46:14.092 22525 22525 I AndroidRuntime: Leaving lock profiling enabled
12-19 16:46:14.092 22525 22525 W libc    : Access denied finding property "odsign.verification.success"
12-19 16:46:14.087 22525 22525 W app_process: type=1400 audit(0.0:99434): avc: denied { read } for name="u:object_r:odsign_prop:s0" dev="tmpfs" ino=250 scontext=u:r:shell:s0 tcontext=u:object_r:odsign_prop:s0 tclass=file permissive=0
12-19 16:46:14.094 22525 22525 W app_process: ART APEX data files are untrusted.
12-19 16:46:14.157 22525 22525 D app_process: Time zone APEX ICU file found: /apex/com.android.tzdata/etc/icu/icu_tzdata.dat
12-19 16:46:14.157 22525 22525 D app_process: I18n APEX ICU file found: /apex/com.android.i18n/etc/icu/icudt68l.dat
12-19 16:46:14.187 22525 22525 D AndroidRuntime: Calling main entry com.android.commands.am.Am
12-19 16:46:14.195  2475  5745 I ActivityManager: Force stopping io.appium.uiautomator2.server appid=10259 user=0: start instr
12-19 16:46:14.201  1878  2827 I CameraImpl: checkAllClientsStoppedAndReclaimMem reclaim camera provider anon memory.
12-19 16:46:14.208  1132  1132 D Zygote  : Forked child process 22541
12-19 16:46:14.209  2475  2692 I ActivityManager: Start proc 22541:io.appium.uiautomator2.server/u0a259 for added application io.appium.uiautomator2.server caller=android
12-19 16:46:14.221 22541 22541 I tomator2.serve: Late-enabling -Xcheck:jni
12-19 16:46:14.229  1251  2448 I vendor.qti.hardware.display.composer-service: FrameNotifyProcess Sensor: notify citsensorservice to trigger cwb
12-19 16:46:14.229  2027  2096 I libcitsensorservice@2.0-impl: msg_transfer
12-19 16:46:14.230  2027  3266 D vendor.xiaomi.sensor.citsensorservice@2.0-service: handle id:10 wxh:1280x2400 uwxuh:1080x2400 size: 9216000 fd:15 fd_meta:16 flags:0x4000228 usage:0x33  format:0x3 layer_count: 1
12-19 16:46:14.230  1251  2214 I SDM     : HWCSession::SetCWBOutputBuffer: CWB config passed by cwb_client : tappoint 1  CWB_ROI : (829.000000 4.000000 915.000000 90.000000)
12-19 16:46:14.232  1251 22543 I SDM     : HWCSession::ProcessRequests: Successfully configured CWB buffer.
12-19 16:46:14.238  1251 22543 I SDM     : HWCSession::ProcessRequests: Pushing release fence in fenece wait queue.
12-19 16:46:14.238  1251 22543 I SDM     : HWCSession::ProcessRequests: Creating AsyncFenceWaits async thread.
12-19 16:46:14.238  1251 22543 I SDM     : HWCSession::ProcessRequests: Remove current CWB request from the pending request queue.
12-19 16:46:14.238  1251 22543 I SDM     : HWCSession::ProcessRequests: No pending cwb requests found in the queue.
12-19 16:46:14.240  7911  7916 I adbd    : jdwp connection from 22541
12-19 16:46:14.245  1251  1467 I SDM     : HWDeviceDRM::SetupConcurrentWriteback: Tear down the Concurrent Writeback topology
12-19 16:46:14.246 22541 22541 I MessageMonitor: Load libmiui_runtime
12-19 16:46:14.251  2475  5745 D SymlinkUtils: attachApplication file op go pass: 0 ms
12-19 16:46:14.252  2475  5745 I SmartPower.io.appium.uiautomator2.server/10259(22541): died->background(1237ms) R(process start ) adj=-10000.
12-19 16:46:14.252  2475  3758 I SmartPower: io.appium.uiautomator2.server/10259 state=died adj=0 proc size=1 move to background process start
12-19 16:46:14.253  1251 22550 I SDM     : HWCSession::NotifyCWBStatus: Notify the client about buffer status 0.
12-19 16:46:14.253  1251 22550 I SDM     : HWCSession::PerformFenceWaits: Remove current release fence from the pending fence wait queue.
12-19 16:46:14.253  1251 22550 I SDM     : HWCSession::PerformFenceWaits: CWB fence queue is empty. No pending release fence to wait on.
12-19 16:46:14.263  5652 28739 W MQSService: CallerName:io.appium.uiautomator2.server,calling Uid:10259
12-19 16:46:14.263  5652 28739 D MQSService: registerApplicationScoutThread pid = 22541, packageName = io.appium.uiautomator2.server
12-19 16:46:14.269 22541 22541 D CompatibilityChangeReporter: Compat change id reported: 171979766; UID 10259; state: DISABLED
12-19 16:46:14.273  2475  3650 I MiuiNetworkPolicyTrafficLimit: updateWhiteListUidForMobileTraffic uid=10259,add=true
12-19 16:46:14.274  2475  3650 D MiuiNetworkPolicyTrafficLimit: updateWhiteListUidForMobileTraffic rst=true
12-19 16:46:14.284 22541 22541 W tomator2.serve: ClassLoaderContext classpath size mismatch. expected=0, found=1 (PCL[] | PCL[/system/framework/android.test.runner.jar*1585996318])
12-19 16:46:14.285 22541 22541 W tomator2.serve: ClassLoaderContext classpath size mismatch. expected=0, found=2 (PCL[] | PCL[/system/framework/android.test.runner.jar*1585996318:/system/framework/android.test.mock.jar*2170516817])
