12-22 11:50:50.418  1251  2448 I vendor.qti.hardware.display.composer-service: FrameNotifyProcess Sensor: notify citsensorservice to trigger cwb
12-22 11:50:50.419  2027  2097 I libcitsensorservice@2.0-impl: msg_transfer
12-22 11:50:50.419  2027  3266 D vendor.xiaomi.sensor.citsensorservice@2.0-service: handle id:10 wxh:1280x2400 uwxuh:1080x2400 size: 9216000 fd:15 fd_meta:16 flags:0x4000228 usage:0x33  format:0x3 layer_count: 1
12-22 11:50:50.420  1251  2215 I SDM     : HWCSession::SetCWBOutputBuffer: CWB config passed by cwb_client : tappoint 1  CWB_ROI : (829.000000 4.000000 915.000000 90.000000)
12-22 11:50:50.421  1251 32366 I SDM     : HWCSession::ProcessRequests: Successfully configured CWB buffer.
12-22 11:50:50.429  1251 32366 I SDM     : HWCSession::ProcessRequests: Pushing release fence in fenece wait queue.
12-22 11:50:50.429  1251 32366 I SDM     : HWCSession::ProcessRequests: Creating AsyncFenceWaits async thread.
12-22 11:50:50.429  1251 32366 I SDM     : HWCSession::ProcessRequests: Remove current CWB request from the pending request queue.
12-22 11:50:50.429  1251 32366 I SDM     : HWCSession::ProcessRequests: No pending cwb requests found in the queue.
12-22 11:50:50.435  1251  1467 I SDM     : HWDeviceDRM::SetupConcurrentWriteback: Tear down the Concurrent Writeback topology
12-22 11:50:50.443  1251 32367 I SDM     : HWCSession::NotifyCWBStatus: Notify the client about buffer status 0.
12-22 11:50:50.443  1251 32367 I SDM     : HWCSession::PerformFenceWaits: Remove current release fence from the pending fence wait queue.
12-22 11:50:50.443  1251 32367 I SDM     : HWCSession::PerformFenceWaits: CWB fence queue is empty. No pending release fence to wait on.
12-22 11:50:50.450  1192 11175 I vendor.qti.bluetooth@1.0-ibs_handler: ProcessIbsCmd: Received IBS_WAKE_IND: 0xFD
12-22 11:50:50.450  1192 11175 D vendor.qti.bluetooth@1.0-ibs_handler: SerialClockVote: vote for UART CLK ON
12-22 11:50:50.450  1192 11175 D vendor.qti.bluetooth@1.0-wake_lock: Acquire wakelock is acquired
12-22 11:50:50.450  1192 11175 I vendor.qti.bluetooth@1.0-ibs_handler: ProcessIbsCmd: Writing IBS_WAKE_ACK
12-22 11:50:50.452  8079 11099 D BluetoothRemoteDevices: Property type: 1
12-22 11:50:50.452  8079 11099 D BluetoothRemoteDevices: Skip name update for B8:7C:6F:7E:5C:B0
12-22 11:50:50.452  8079 11099 D BluetoothRemoteDevices: Property type: 4
12-22 11:50:50.452  8079 11099 D BluetoothRemoteDevices: Skip class update for B8:7C:6F:7E:5C:B0
12-22 11:50:50.452  8079 11099 D BluetoothRemoteDevices: Property type: 5
12-22 11:50:50.452  8079 11099 D BluetoothRemoteDevices: BT_PROPERTY_TYPE_OF_DEVICE B8:7C:6F:7E:5C:B0
12-22 11:50:50.455 28881 11959 E MiuiConfigNetConnectController : empty last pop
12-22 11:50:50.455 28881 11959 D MiuiConfigNetConnectController : getDeviceTimes B8:7C:6F:7E:5C:B0
12-22 11:50:50.456 28881 11959 D MiuiConfigNetConnectController : device is in the DeviceBlackList: B8:7C:6F:7E:5C:B0
12-22 11:50:50.482  2027  3285 D libsensor-displayalgo: the value of  brightness:369.000000,R:70890239.206027,G:63382457.368488,B:50291292.731193,EVENT_C:3315.500000,EVENT_R:1375.000000,EVENT_G:1763.000000,EVENT_B:714.000000
12-22 11:50:50.482  2027  3285 I libsensor-displayalgo: the value of  Coef1:1107.681000,Coef4:2.383000, scale1:0.935522, scale4:0.923264
12-22 11:50:50.482  2027  3285 E libsensor-displayalgo: RGB_test_0407_400_oldzy!
12-22 11:50:50.482  2027  3285 I libsensor-displayalgo: the value of  RESULT2482.127801,1013.814098,1202.772282,428.047677
12-22 11:50:50.482  2027  3285 I libsensor-displayalgo: the value of  getChannelDataCalibrated2590.311385,940.824383,1387.144857,463.350886
12-22 11:50:50.482  2027  3285 I libsensor-displayalgo: the value of  REAL LUX31.550468
12-22 11:50:50.482  2027  3285 I libsensor-displayalgo: the value of  CAL REAL LUX31.550468
12-22 11:50:50.491  1192 11175 I vendor.qti.bluetooth@1.0-ibs_handler: ProcessIbsCmd: Received IBS_SLEEP_IND: 0xFE
12-22 11:50:50.491  1192 11175 D vendor.qti.bluetooth@1.0-ibs_handler: SerialClockVote: vote for UART CLK OFF
12-22 11:50:50.641  1192 11131 D vendor.qti.bluetooth@1.0-wake_lock: Release wakelock is released
12-22 11:50:50.782  2027  3285 D libsensor-displayalgo: the value of  brightness:369.000000,R:70890239.206027,G:63382457.368488,B:50291292.731193,EVENT_C:3315.500000,EVENT_R:1375.000000,EVENT_G:1763.000000,EVENT_B:714.000000
12-22 11:50:50.782  2027  3285 I libsensor-displayalgo: the value of  Coef1:1107.681000,Coef4:2.383000, scale1:0.935522, scale4:0.923264
12-22 11:50:50.782  2027  3285 E libsensor-displayalgo: RGB_test_0407_400_oldzy!
12-22 11:50:50.782  2027  3285 I libsensor-displayalgo: the value of  RESULT2482.127801,1013.814098,1202.772282,428.047677
12-22 11:50:50.782  2027  3285 I libsensor-displayalgo: the value of  getChannelDataCalibrated2590.311385,940.824383,1387.144857,463.350886
12-22 11:50:50.782  2027  3285 I libsensor-displayalgo: the value of  REAL LUX31.550468
12-22 11:50:50.782  2027  3285 I libsensor-displayalgo: the value of  CAL REAL LUX31.550468
12-22 11:50:50.791  1251  2448 I vendor.qti.hardware.display.composer-service: FrameNotifyProcess Sensor: notify citsensorservice to trigger cwb
12-22 11:50:50.792  2027  4130 I libcitsensorservice@2.0-impl: msg_transfer
12-22 11:50:50.792  2027  3266 D vendor.xiaomi.sensor.citsensorservice@2.0-service: handle id:10 wxh:1280x2400 uwxuh:1080x2400 size: 9216000 fd:15 fd_meta:16 flags:0x4000228 usage:0x33  format:0x3 layer_count: 1
12-22 11:50:50.793  1251  2215 I SDM     : HWCSession::SetCWBOutputBuffer: CWB config passed by cwb_client : tappoint 1  CWB_ROI : (829.000000 4.000000 915.000000 90.000000)
12-22 11:50:50.801  1251 32376 I SDM     : HWCSession::ProcessRequests: Successfully configured CWB buffer.
12-22 11:50:50.807  1251  2448 I vendor.qti.hardware.display.composer-service: FrameNotifyProcess Sensor: notify citsensorservice to trigger cwb
12-22 11:50:50.807  2027  4130 I libcitsensorservice@2.0-impl: msg_transfer
12-22 11:50:50.809  1251 32376 I SDM     : HWCSession::ProcessRequests: Pushing release fence in fenece wait queue.
12-22 11:50:50.809  1251 32376 I SDM     : HWCSession::ProcessRequests: Creating AsyncFenceWaits async thread.
12-22 11:50:50.809  1251 32376 I SDM     : HWCSession::ProcessRequests: Remove current CWB request from the pending request queue.
12-22 11:50:50.809  1251 32376 I SDM     : HWCSession::ProcessRequests: No pending cwb requests found in the queue.
12-22 11:50:50.814  1251  1467 I SDM     : HWDeviceDRM::SetupConcurrentWriteback: Tear down the Concurrent Writeback topology
12-22 11:50:50.821  1251 32378 I SDM     : HWCSession::NotifyCWBStatus: Notify the client about buffer status 0.
12-22 11:50:50.822  1251 32378 I SDM     : HWCSession::PerformFenceWaits: Remove current release fence from the pending fence wait queue.
12-22 11:50:50.822  1251 32378 I SDM     : HWCSession::PerformFenceWaits: CWB fence queue is empty. No pending release fence to wait on.
12-22 11:50:50.853 30996 30996 I HandWritingStubImpl: isKeyboardTypeChanged: false
12-22 11:50:50.875  5652  5672 W MiuiPerfServiceClient: interceptAndQueuing:30996|cn.missevan|71|42|584553813873518|Slow handle traversal|2
12-22 11:50:51.083  2027  3285 D libsensor-displayalgo: the value of  brightness:369.000000,R:72860214.577830,G:65146250.472813,B:51682400.910209,EVENT_C:3400.000000,EVENT_R:1402.000000,EVENT_G:1811.000000,EVENT_B:731.500000
12-22 11:50:51.083  2027  3285 I libsensor-displayalgo: the value of  Coef1:1107.681000,Coef4:2.383000, scale1:0.935522, scale4:0.923264
12-22 11:50:51.083  2027  3285 E libsensor-displayalgo: RGB_test_0407_400_oldzy!
12-22 11:50:51.084  2027  3285 I libsensor-displayalgo: the value of  RESULT2524.671819,1032.312958,1221.584384,435.826185
12-22 11:50:51.084  2027  3285 I libsensor-displayalgo: the value of  getChannelDataCalibrated2634.709684,957.991414,1408.840660,471.770926
12-22 11:50:51.084  2027  3285 I libsensor-displayalgo: the value of  REAL LUX34.469147
12-22 11:50:51.084  2027  3285 I libsensor-displayalgo: the value of  CAL REAL LUX34.469147
12-22 11:50:51.085 30932 30962 I appium  : channel read: POST /wd/hub/session/d04556ec-3a9e-4037-bf27-d12cab210bb7/elements
12-22 11:50:51.086 30932 30962 I appium  : FindElements command
12-22 11:50:51.087 30932 30962 I appium  : method: 'id', selector: 'cn.missevan:id/tvTitle'
12-22 11:50:51.087 30932 30962 I appium  : Waiting up to 100ms for the device to idle
12-22 11:50:51.110  1251  2448 I vendor.qti.hardware.display.composer-service: FrameNotifyProcess Sensor: notify citsensorservice to trigger cwb
12-22 11:50:51.111  2027  2027 I libcitsensorservice@2.0-impl: msg_transfer
12-22 11:50:51.112  2027  3266 D vendor.xiaomi.sensor.citsensorservice@2.0-service: handle id:10 wxh:1280x2400 uwxuh:1080x2400 size: 9216000 fd:15 fd_meta:16 flags:0x4000228 usage:0x33  format:0x3 layer_count: 1
12-22 11:50:51.112  1251  2215 I SDM     : HWCSession::SetCWBOutputBuffer: CWB config passed by cwb_client : tappoint 1  CWB_ROI : (829.000000 4.000000 915.000000 90.000000)
12-22 11:50:51.113  1251 32380 I SDM     : HWCSession::ProcessRequests: Successfully configured CWB buffer.
12-22 11:50:51.125  1251 32380 I SDM     : HWCSession::ProcessRequests: Pushing release fence in fenece wait queue.
12-22 11:50:51.125  1251 32380 I SDM     : HWCSession::ProcessRequests: Creating AsyncFenceWaits async thread.
12-22 11:50:51.125  1251 32380 I SDM     : HWCSession::ProcessRequests: Remove current CWB request from the pending request queue.
12-22 11:50:51.126  1251 32380 I SDM     : HWCSession::ProcessRequests: No pending cwb requests found in the queue.
12-22 11:50:51.128  1251  1467 I SDM     : HWDeviceDRM::SetupConcurrentWriteback: Tear down the Concurrent Writeback topology
12-22 11:50:51.138  1251 32381 I SDM     : HWCSession::NotifyCWBStatus: Notify the client about buffer status 0.
12-22 11:50:51.138  1251 32381 I SDM     : HWCSession::PerformFenceWaits: Remove current release fence from the pending fence wait queue.
12-22 11:50:51.138  1251 32381 I SDM     : HWCSession::PerformFenceWaits: CWB fence queue is empty. No pending release fence to wait on.
12-22 11:50:51.163 30996 30996 I HandWritingStubImpl: isKeyboardTypeChanged: false
12-22 11:50:51.194  2475  3037 D MIUIInput: [MotionEvent] publisher action=0x0, 584555561, channel 'cfd4fe GestureStubHome (server)'
12-22 11:50:51.195  9868  9868 D NavStubView: onTouchEvent: action=0, count=1
12-22 11:50:51.197  9868  9868 D NavStubView: onTouch ACTION_DOWN sendMessageDelayed MSG_CHECK_GESTURE_STUB_TOUCHABLE
12-22 11:50:51.198  2475  3752 D SchedBoost: startBoostInternal 2000
12-22 11:50:51.198  2475  3752 D SchedBoost: ready to boost
12-22 11:50:51.200  2475  3752 D SchedBoost: startBoostInternal 2000
12-22 11:50:51.200  2475  3752 D SchedBoost: ready to boost
12-22 11:50:51.200  1267  1540 E ANDR-PERF-OPTSHANDLER: checkAlreadySetCpuset: fopen failed, errno Permission denied, trying pgid as pid to check
12-22 11:50:51.205 30932 30962 W QueryController: Could not detect idle state.
12-22 11:50:51.258 30932 30962 I appium  : Found zero matches
12-22 11:50:51.260 30932 30962 I appium  : AppiumResponse: {"sessionId":"d04556ec-3a9e-4037-bf27-d12cab210bb7","value":[]}
12-22 11:50:51.293  9868  9868 D NavStubView: onTouchEvent: action=2, count=1
12-22 11:50:51.294  9868 10228 D MiBridge: requestCpuHighFreq---- uid: 10079 level: 1 timeoutms:1000
12-22 11:50:51.294  1914  1940 W MiuiBooster: "MiuiBoosterService requestCpuHighFreq: 10079, 1, 1000"
12-22 11:50:51.294  1914  1940 W MiuiBooster: "requestCpuHighFreq,final level:1,final timeoutms:1000"
12-22 11:50:51.294  1914  1940 W MiuiBooster: "perf_hint_hc start"
12-22 11:50:51.294  1914  1940 W MiuiBooster: "big_core_value[level-1]:4095"
12-22 11:50:51.294  1914  1940 W MiuiBooster: "little_core_value[level-1]:4095"
12-22 11:50:51.294  1914  1940 W MiuiBooster: "prime_core_value[level - 1]:4095"
12-22 11:50:51.295  9868  9868 D NavStubView: onPointEvent: rawX=655.0   rawY=2393.9001   action=0   mIsInFsMode=false
12-22 11:50:51.295  2475  3752 D SchedBoost: startBoostInternal 2000
12-22 11:50:51.295  2475  3752 D SchedBoost: ready to boost
12-22 11:50:51.295  1914  1940 W MiuiBooster: "perf_handle:253376"
12-22 11:50:51.295  9868 10228 D MiBridge: requestCpuHighFreq handle: 1
12-22 11:50:51.295  9868 10228 D Launcher_CPUBooster: boostCpuToMax:0
12-22 11:50:51.295  9868  9868 E RotationHelper: setCurrentTransitionRequest: request=2
12-22 11:50:51.295  9868  9868 E RotationHelper: notifyChange activityFlags=1, mMultiWindowRotationRequest=3, mCurrentTransitionRequest=2, mCurrentStateRequest=0
12-22 11:50:51.295  2475  3752 D SchedBoost: startBoostInternal 2000
12-22 11:50:51.295  2475  3752 D SchedBoost: ready to boost
12-22 11:50:51.296  9868  9868 W RecentsModel: getRunningTaskContainHome
12-22 11:50:51.296  2475  3752 D SchedBoost: startBoostInternal 2000
12-22 11:50:51.296  2475  3752 D SchedBoost: ready to boost
12-22 11:50:51.296  9868 10133 I Launcher: notifyPowerKeeperGesture status: gesture_start
12-22 11:50:51.296  2475  3752 D SchedBoost: startBoostInternal 2000
12-22 11:50:51.297  2475  3752 D SchedBoost: ready to boost
12-22 11:50:51.297  6206  7182 I DisplayFrameSetting: appToHomeGestrueStart is back to home, during gesture setFps: 120
12-22 11:50:51.297  9868  9868 W RecentsModel: getRunningTask   taskInfo=TaskInfo{userId=0 pcFlags:0 taskId=317 displayId=0 isRunning=true baseIntent=Intent { act=android.intent.action.MAIN cat=[android.intent.category.LAUNCHER] flg=0x10200000 cmp=cn.missevan/.activity.MainActivity } baseActivity=ComponentInfo{cn.missevan/cn.missevan.activity.MainActivity} topActivity=ComponentInfo{cn.missevan/cn.missevan.activity.MainActivity} origActivity=null realActivity=ComponentInfo{cn.missevan/cn.missevan.activity.MainActivity} numActivities=1 lastActiveTime=1413901765 supportsSplitScreenMultiWindow=true supportsMultiWindow=true resizeMode=1 isResizeable=true token=WCT{android.window.IWindowContainerToken$Stub$Proxy@b4c9752} topActivityType=1 pictureInPictureParams=PictureInPictureParams( aspectRatio=null sourceRectHint=null hasSetActions=false isAutoPipEnabled=false isSeamlessResizeEnabled=true) displayCutoutSafeInsets=null topActivityInfo=ActivityInfo{1239a23 cn.missevan.activity.MainActivity} launchCookies=[] positionInParent=Point(0, 0) parentTaskId=-1 isFocused=true isVisible=true topActivityInSizeCompat=false topActivityInMiuiSizeCompat=false locusId= null windowMode=0}
12-22 11:50:51.297  9868  9868 W RecentsModel: getTaskInfoIgnoreFreeform   taskInfo=ComponentInfo{cn.missevan/cn.missevan.activity.MainActivity}
12-22 11:50:51.297  9868  9868 D NavStubView: current window mode:2 (1:home, 2:app, 3:recent-task, 4:keyguard, 5:quick-switch, 6:assistant, 7:one-hand)
12-22 11:50:51.297  9868  9868 W NavStubView: mIsBlockedAfterExitSmallWindowMode=false
12-22 11:50:51.297  9868  9868 W NavStubView: mIsBlockedAfterStartNewTask=false
12-22 11:50:51.298  9868  9868 D NavStubView: isAppHandleGesture, runningTaskClassName=cn.missevan.activity.MainActivity, isAppHandleGesture=false
12-22 11:50:51.298  6206  7182 I DisplayFrameSetting: setScreenEffect pkg=cn.missevan fps=120 cookie=244
12-22 11:50:51.298  2475  2677 D PerfImpl: perfGetWorkLoadType
12-22 11:50:51.299  9868  9868 E BlurUtils: fastBlur ratio=0.0   withAnim=false   sBlurRatioValue=0.0
12-22 11:50:51.299  9868  9868 E Launcher: changeViewByFsGestureState,  view=ShortcutMenuLayer,  alpha=0.0,  scale=0.85
12-22 11:50:51.299  9868  9868 D NavStubView: NavStubView::removeAllTopWindowMessages
12-22 11:50:51.299  2475  2677 D PerfImpl: perfScrollBoost: cn.missevan, -1, 4
12-22 11:50:51.299  9868 10133 D ActivityManagerWrapper: startRecentsActivityAtLeastS
12-22 11:50:51.299  9868 10210 D RecentsTopWindowCrop_RecentsSmallWindowCrop: resetSmallWindowCrop
12-22 11:50:51.299  9868  9868 D EventBus: No subscribers registered for event class com.miui.home.launcher.common.messages.CloseAllOverLauncherWindowMessage
12-22 11:50:51.299  9868  9868 D EventBus: No subscribers registered for event class org.greenrobot.eventbus.NoSubscriberEvent
12-22 11:50:51.299  2475  2677 D PerfImpl: perfGetWorkLoadType
12-22 11:50:51.299  9868  9868 D NavStubView: onPointEvent: rawX=653.36896   rawY=2384.5095   action=2   mIsInFsMode=false
12-22 11:50:51.300  2475  2677 D PerfImpl: perfDragBoost: cn.missevan, -1, 1
12-22 11:50:51.300  9868  9868 W GestureStateMachine: InitState msg=1
12-22 11:50:51.300  9868  9868 W GestureStateMachine: AppWaitToDragState enter
12-22 11:50:51.301  9868  9868 D NavStubView: onTouchEvent: action=2, count=1
12-22 11:50:51.302  9868  9868 W GestureStateMachine: AppWaitToDragState msg=3
12-22 11:50:51.302  9868  9868 D NavStubView: onPointEvent: rawX=651.3696   rawY=2364.9812   action=2   mIsInFsMode=false
12-22 11:50:51.302  2475  3752 D SchedBoost: startBoostInternal 2000
12-22 11:50:51.302  2475  3752 D SchedBoost: ready to boost
12-22 11:50:51.303  9868  9868 W GestureStateMachine: AppWaitToDragState msg=2
12-22 11:50:51.303  9868  9868 W GestureStateMachine: AppWaitToDragState msg=3
12-22 11:50:51.303  2475  3752 D SchedBoost: startBoostInternal 2000
12-22 11:50:51.303  2475  3752 D SchedBoost: ready to boost
12-22 11:50:51.289  1267  1267 W perf-hal-servic: type=1400 audit(0.0:120312): avc: denied { search } for name="1914" dev="proc" ino=21977752 scontext=u:r:vendor_hal_perf_default:s0 tcontext=u:r:miuibooster:s0 tclass=dir permissive=0
12-22 11:50:51.308  1131  1163 E traffic : traffic monitor has been disabled or argment error.
12-22 11:50:51.309  9868  9868 D NavStubView: onTouchEvent: action=2, count=1
12-22 11:50:51.310  9868  9868 D NavStubView: onPointEvent: rawX=648.8168   rawY=2343.5327   action=2   mIsInFsMode=false
12-22 11:50:51.310  9868  9868 W GestureStateMachine: AppWaitToDragState msg=3
12-22 11:50:51.312  2475  3752 D SchedBoost: startBoostInternal 2000
12-22 11:50:51.312  2475  3752 D SchedBoost: ready to boost
12-22 11:50:51.312  2475  3650 I MiuiNetworkPolicyTrafficLimit: updateWhiteListUidForMobileTraffic uid=10079,add=true
12-22 11:50:51.313  2475  3752 D SchedBoost: startBoostInternal 2000
12-22 11:50:51.313  2475  3752 D SchedBoost: ready to boost
12-22 11:50:51.315  2475  3650 I MiuiNetworkPolicyTrafficLimit: updateWhiteListUidForMobileTraffic uid=10068,add=true
12-22 11:50:51.315  2475  3650 D MiuiNetworkPolicyTrafficLimit: updateWhiteListUidForMobileTraffic rst=true
12-22 11:50:51.316  2475  3650 D MiuiNetworkPolicyTrafficLimit: updateWhiteListUidForMobileTraffic rst=true
12-22 11:50:51.318  9868  9868 D NavStubView: onTouchEvent: action=2, count=1
12-22 11:50:51.319  2475  3752 D SchedBoost: startBoostInternal 2000
12-22 11:50:51.319  2475  3752 D SchedBoost: ready to boost
12-22 11:50:51.319  2475  3752 D SchedBoost: startBoostInternal 2000
12-22 11:50:51.319  2475  3752 D SchedBoost: ready to boost
12-22 11:50:51.331  9868 10313 D RecentsAnimationListenerImpl: onAnimationStart, homeContentInsets=Rect(0, 104 - 0, 44), minimizedHomeBounds=null
12-22 11:50:51.331  9868 10313 D RemoteAnimationTargetSet: 0, RemoteAnimationTargetCompat{taskId=2, mode=0, isTranslucent=false, clipRect=Rect(0, 0 - 0, 0), position=Point(0, 0), sourceContainerBounds=Rect(0, 0 - 1080, 2400), prefixOrderIndex=28, isNotInRecents=true, contentInsets=Rect(0, 104 - 0, 44), activityType=2, packageName=com.miui.home}
12-22 11:50:51.331  9868 10313 D RemoteAnimationTargetSet: 1, RemoteAnimationTargetCompat{taskId=317, mode=1, isTranslucent=false, clipRect=Rect(0, 0 - 0, 0), position=Point(0, 0), sourceContainerBounds=Rect(0, 0 - 1080, 2400), prefixOrderIndex=32, isNotInRecents=false, contentInsets=Rect(0, 104 - 0, 44), activityType=1, packageName=cn.missevan}
12-22 11:50:51.331  9868 10313 E ClipAnimationHelper: updateSourceStack  mSourceInsets=Rect(0, 104 - 0, 44), mSourceStackBounds=Rect(0, 0 - 1080, 2400)
12-22 11:50:51.331  9868 10313 E ClipAnimationHelper: updateHomeStack  mSourceInsets=Rect(0, 104 - 0, 44), mHomeStackBounds=Rect(0, 0 - 1080, 2400)
12-22 11:50:51.331  9868 10313 E ClipAnimationHelper: updateTargetRect  mSourceRect=RectF(0.0, 104.0, 1080.0, 2454.7234)   mTargetRect=RectF(305.0, 104.0, 775.0, 1127.0)   mSourceWindowClipInsets=RectF(0.0, 104.0, 0.0, 0.0)   mHomeStackBounds=Rect(0, 0 - 1080, 2400)   targetRect=Rect(305, 104 - 775, 1127)
12-22 11:50:51.331  9868 10313 D RecentsAnimationListenerImpl: mIsStart=true
12-22 11:50:51.336  2475  5745 I WindowManagerService: Physical orientation applied, rotation=0 sfOrientation=ORIENTATION_0
12-22 11:50:51.337  9868  9868 D NavStubView: onPointEvent: rawX=647.09467   rawY=2328.2332   action=2   mIsInFsMode=false
12-22 11:50:51.338  9868  9868 D Launcher.Lifecycle: onStart:UserHandle{0},77bb0e6,false
12-22 11:50:51.339  5996 18960 D LauncherOverlay: setActivityState:1
12-22 11:50:51.340  9868  9868 D NavStubView: onTouchEvent: action=2, count=1
12-22 11:50:51.345  2475  3752 D SchedBoost: startBoostInternal 2000
12-22 11:50:51.345  2475  3752 D SchedBoost: ready to boost
12-22 11:50:51.346  2475  3752 D SchedBoost: startBoostInternal 2000
12-22 11:50:51.346  2475  3752 D SchedBoost: ready to boost
12-22 11:50:51.348  1431  1431 D MI-SF   : Launcher Changed hasLauncher=1
12-22 11:50:51.354  2475  5745 I WindowManagerService: Physical orientation applied, rotation=0 sfOrientation=ORIENTATION_0
12-22 11:50:51.353  9868  9868 W RenderThread: type=1400 audit(0.0:120313): avc: denied { read write } for name="metis" dev="tmpfs" ino=820 scontext=u:r:platform_app:s0:c512,c768 tcontext=u:object_r:migt_dev:s0 tclass=chr_file permissive=0 app=com.miui.home
12-22 11:50:51.362  9868  9868 W GestureStateMachine: AppWaitToDragState msg=3
12-22 11:50:51.362  9868  9868 W GestureStateMachine: AppWaitToDragState msg=2
12-22 11:50:51.362  9868  9868 D NavStubView: onPointEvent: rawX=644.5263   rawY=2296.8794   action=2   mIsInFsMode=false
12-22 11:50:51.363  9868  9868 D NavStubView: onTouchEvent: action=2, count=1
12-22 11:50:51.365  9868  9868 W GestureStateMachine: AppWaitToDragState msg=3
12-22 11:50:51.365  9868  9868 D NavStubView: onPointEvent: rawX=643.0   rawY=2247.3396   action=2   mIsInFsMode=false
12-22 11:50:51.365  2475  3752 D SchedBoost: startBoostInternal 2000
12-22 11:50:51.365  2475  3752 D SchedBoost: ready to boost
12-22 11:50:51.365  2475  3752 D SchedBoost: startBoostInternal 2000
12-22 11:50:51.365  2475  3752 D SchedBoost: ready to boost
12-22 11:50:51.365  9868  9868 W GestureStateMachine: AppWaitToDragState msg=2
12-22 11:50:51.365  9868  9868 W GestureStateMachine: AppWaitToDragState msg=3
12-22 11:50:51.365  9868  9868 D LauncherClient.Service: service already connected:com.miui.personalassistant
12-22 11:50:51.367  9868  9868 D NavStubView: onTouchEvent: action=2, count=1
12-22 11:50:51.368  9868  9868 D NavStubView: onPointEvent: rawX=642.8732   rawY=2232.2563   action=2   mIsInFsMode=false
12-22 11:50:51.369  2475  3752 D SchedBoost: startBoostInternal 2000
12-22 11:50:51.369  2475  3752 D SchedBoost: ready to boost
12-22 11:50:51.369  9868  9868 W GestureStateMachine: AppWaitToDragState msg=3
12-22 11:50:51.369  2475  3752 D SchedBoost: startBoostInternal 2000
12-22 11:50:51.369  2475  3752 D SchedBoost: ready to boost
12-22 11:50:51.370  2475  6390 I WindowManagerService: Physical orientation applied, rotation=0 sfOrientation=ORIENTATION_0
12-22 11:50:51.371  2475  4363 I SmartPower.com.miui.personalassistant/10068(5996): background->visible(49843ms) R(become visible) adj=100.
12-22 11:50:51.371  2475  3758 I SmartPower: com.miui.personalassistant/10068 state=inactive adj=100 proc size=1 move to foreground become visible
12-22 11:50:51.371  4176  4881 W OpenGLRenderer: Surface doesn't have any previously queued frames, nothing to readback from
12-22 11:50:51.373  4176  4247 D HomeWallpaperRenderer: OFFSET  x: 1.0  y: 0.0
12-22 11:50:51.373  4176  4881 W OpenGLRenderer: Surface doesn't have any previously queued frames, nothing to readback from
12-22 11:50:51.376  9868  9868 D NavStubView: onTouchEvent: action=2, count=1
12-22 11:50:51.376  9868  9868 D NavStubView: onPointEvent: rawX=642.61633   rawY=2218.4368   action=2   mIsInFsMode=false
12-22 11:50:51.377  9868  9868 W GestureStateMachine: AppWaitToDragState msg=3
12-22 11:50:51.377  2475  3752 D SchedBoost: startBoostInternal 2000
12-22 11:50:51.377  2475  3752 D SchedBoost: ready to boost
12-22 11:50:51.378  2475  3752 D SchedBoost: startBoostInternal 2000
12-22 11:50:51.378  2475  3752 D SchedBoost: ready to boost
12-22 11:50:51.380  9868  9868 W GestureStateMachine: AppWaitToDragState msg=2
12-22 11:50:51.381  2027  3285 D libsensor-displayalgo: the value of  brightness:369.000000,R:69958012.844226,G:62531679.378205,B:49658743.593785,EVENT_C:3386.000000,EVENT_R:1397.500000,EVENT_G:1802.500000,EVENT_B:728.000000
12-22 11:50:51.381  2027  3285 I libsensor-displayalgo: the value of  Coef1:1107.681000,Coef4:2.383000, scale1:0.935522, scale4:0.923264
12-22 11:50:51.381  2027  3285 E libsensor-displayalgo: RGB_test_0407_400_oldzy!
12-22 11:50:51.382  2027  3285 I libsensor-displayalgo: the value of  RESULT2461.586955,1004.929916,1193.616177,424.323694
12-22 11:50:51.382  2027  3285 I libsensor-displayalgo: the value of  getChannelDataCalibrated2568.875266,932.579819,1376.585215,459.319767
12-22 11:50:51.382  2027  3285 I libsensor-displayalgo: the value of  REAL LUX37.692665
12-22 11:50:51.382  2027  3285 I libsensor-displayalgo: the value of  CAL REAL LUX37.692665
12-22 11:50:51.384  9868  9868 D NavStubView: onTouchEvent: action=2, count=1
12-22 11:50:51.384  9868  9868 D NavStubView: onPointEvent: rawX=642.5   rawY=2206.1267   action=2   mIsInFsMode=false
12-22 11:50:51.385  9868  9868 W GestureStateMachine: AppWaitToDragState msg=3
12-22 11:50:51.385  2475  3752 D SchedBoost: startBoostInternal 2000
12-22 11:50:51.385  2475  3752 D SchedBoost: ready to boost
12-22 11:50:51.386  2475  3752 D SchedBoost: startBoostInternal 2000
12-22 11:50:51.386  2475  3752 D SchedBoost: ready to boost
12-22 11:50:51.386  2475  4363 I WindowManagerService: Physical orientation applied, rotation=0 sfOrientation=ORIENTATION_0
12-22 11:50:51.392  9868  9868 D NavStubView: onTouchEvent: action=2, count=1
12-22 11:50:51.394  9868  9868 D NavStubView: onPointEvent: rawX=642.6572   rawY=2194.7075   action=2   mIsInFsMode=false
12-22 11:50:51.394  9868  9868 W GestureStateMachine: AppWaitToDragState msg=3
12-22 11:50:51.396  9868  9868 W GestureStateMachine: AppWaitToDragState msg=2
12-22 11:50:51.400  9868  9868 D NavStubView: onTouchEvent: action=2, count=1
12-22 11:50:51.401  9868  9868 D NavStubView: onPointEvent: rawX=643.09064   rawY=2184.4795   action=2   mIsInFsMode=false
12-22 11:50:51.401  5996  5996 D LauncherOverlay.Window: onStart
12-22 11:50:51.401  9868  9868 W GestureStateMachine: AppWaitToDragState msg=11
12-22 11:50:51.402  9868  9868 W GestureStateMachine: AppDragState msg=3
12-22 11:50:51.402  2475  3752 D SchedBoost: startBoostInternal 2000
12-22 11:50:51.402  2475  3752 D SchedBoost: ready to boost
12-22 11:50:51.402  2475  3752 D SchedBoost: startBoostInternal 2000
12-22 11:50:51.402  2475  3752 D SchedBoost: ready to boost
12-22 11:50:51.404  2475  3752 D SchedBoost: startBoostInternal 2000
12-22 11:50:51.404  2475  3752 D SchedBoost: ready to boost
12-22 11:50:51.404  2475  3752 D SchedBoost: startBoostInternal 2000
12-22 11:50:51.404  2475  3752 D SchedBoost: ready to boost
12-22 11:50:51.404  6171  6171 I GameBoosterService: onReceive: android.intent.action.CLOSE_SYSTEM_DIALOGS
12-22 11:50:51.407  4496  4496 V ShadeControllerImpl: NotificationShadeWindow: com.android.systemui.statusbar.phone.NotificationShadeWindowView{219c5db I.E...... ......ID 0,0-1080,2400} canPanelBeCollapsed(): false
12-22 11:50:51.407  4496  4496 I vol.MiuiVolumeDialogImp-plugin: dismissH mShowing:false dialog showing:false reason:2
12-22 11:50:51.408  5996 18960 I OpenGLRenderer: Davey! duration=87876ms; Flags=1, FrameTimelineVsyncId=46236098, IntendedVsync=584467888324436, Vsync=584467888324436, InputEventId=0, HandleInputStart=584467888781312, AnimationStart=584467888783239, PerformTraversalsStart=584467888783864, DrawStart=584467938757614, FrameDeadline=584467908324435, FrameInterval=584467888722926, FrameStartTime=8333333, SyncQueued=584467938914801, SyncStart=584467942423343, IssueDrawCommandsStart=584467942535166, SwapBuffers=584467944726989, FrameCompleted=584555768736278, DequeueBufferDuration=14062, QueueBufferDuration=725521, GpuCompleted=584555768736278, SwapBuffersCompleted=584467945974541, DisplayPresentTime=0,
12-22 11:50:51.409  9868  9868 D NavStubView: onTouchEvent: action=2, count=1
12-22 11:50:51.409  9868  9868 D NavStubView: onPointEvent: rawX=643.59247   rawY=2175.3584   action=2   mIsInFsMode=false
12-22 11:50:51.410  9868  9868 W GestureStateMachine: AppDragState msg=3
12-22 11:50:51.412  9868  9868 W GestureStateMachine: AppDragState msg=2
12-22 11:50:51.413  1251  2448 I vendor.qti.hardware.display.composer-service: FrameNotifyProcess Sensor: notify citsensorservice to trigger cwb
12-22 11:50:51.413  2027  4130 I libcitsensorservice@2.0-impl: msg_transfer
12-22 11:50:51.413  2027  3266 D vendor.xiaomi.sensor.citsensorservice@2.0-service: handle id:10 wxh:1280x2400 uwxuh:1080x2400 size: 9216000 fd:15 fd_meta:16 flags:0x4000228 usage:0x33  format:0x3 layer_count: 1
12-22 11:50:51.414  1251  2215 I SDM     : HWCSession::SetCWBOutputBuffer: CWB config passed by cwb_client : tappoint 1  CWB_ROI : (829.000000 4.000000 915.000000 90.000000)
12-22 11:50:51.415  2475  3752 D SchedBoost: startBoostInternal 2000
12-22 11:50:51.415  2475  3752 D SchedBoost: ready to boost
12-22 11:50:51.416  2475  3752 D SchedBoost: startBoostInternal 2000
12-22 11:50:51.416  2475  3752 D SchedBoost: ready to boost
12-22 11:50:51.416  1251 32388 I SDM     : HWCSession::ProcessRequests: Successfully configured CWB buffer.
12-22 11:50:51.417  9868  9868 D NavStubView: onTouchEvent: action=2, count=1
12-22 11:50:51.417  9868  9868 D NavStubView: onPointEvent: rawX=643.7   rawY=2167.6582   action=2   mIsInFsMode=false
12-22 11:50:51.418  2475  3752 D SchedBoost: startBoostInternal 2000
12-22 11:50:51.418  2475  3752 D SchedBoost: ready to boost
12-22 11:50:51.418  9868  9868 W GestureStateMachine: AppDragState msg=3
12-22 11:50:51.418  2475  3752 D SchedBoost: startBoostInternal 2000
12-22 11:50:51.418  2475  3752 D SchedBoost: ready to boost
12-22 11:50:51.424  1251 32388 I SDM     : HWCSession::ProcessRequests: Pushing release fence in fenece wait queue.
12-22 11:50:51.424  1251 32388 I SDM     : HWCSession::ProcessRequests: Creating AsyncFenceWaits async thread.
12-22 11:50:51.424  1251 32388 I SDM     : HWCSession::ProcessRequests: Remove current CWB request from the pending request queue.
12-22 11:50:51.425  9868  9868 D NavStubView: onTouchEvent: action=2, count=1
12-22 11:50:51.425  1251 32388 I SDM     : HWCSession::ProcessRequests: No pending cwb requests found in the queue.
12-22 11:50:51.425  2475  6390 I WindowManagerService: Physical orientation applied, rotation=0 sfOrientation=ORIENTATION_0
12-22 11:50:51.426  9868  9868 D NavStubView: onPointEvent: rawX=643.7   rawY=2160.5295   action=2   mIsInFsMode=false
12-22 11:50:51.426  2475  3752 D SchedBoost: startBoostInternal 2000
12-22 11:50:51.426  2475  3752 D SchedBoost: ready to boost
12-22 11:50:51.426  2475  3752 D SchedBoost: startBoostInternal 2000
12-22 11:50:51.426  2475  3752 D SchedBoost: ready to boost
12-22 11:50:51.426  9868  9868 W GestureStateMachine: AppDragState msg=3
12-22 11:50:51.427  4176  4881 W OpenGLRenderer: Surface doesn't have any previously queued frames, nothing to readback from
12-22 11:50:51.429  9868  9868 W GestureStateMachine: AppDragState msg=2
12-22 11:50:51.430  1251  1467 I SDM     : HWDeviceDRM::SetupConcurrentWriteback: Tear down the Concurrent Writeback topology
12-22 11:50:51.433  9868  9868 D NavStubView: onTouchEvent: action=2, count=1
12-22 11:50:51.434  9868  9868 D NavStubView: onPointEvent: rawX=643.7   rawY=2154.6782   action=2   mIsInFsMode=false
12-22 11:50:51.434  9868  9868 W GestureStateMachine: AppDragState msg=3
12-22 11:50:51.435  2475  3752 D SchedBoost: startBoostInternal 2000
12-22 11:50:51.435  2475  3752 D SchedBoost: ready to boost
12-22 11:50:51.436  2475  3752 D SchedBoost: startBoostInternal 2000
12-22 11:50:51.436  2475  3752 D SchedBoost: ready to boost
12-22 11:50:51.440  1251 32389 I SDM     : HWCSession::NotifyCWBStatus: Notify the client about buffer status 0.
12-22 11:50:51.441  1251 32389 I SDM     : HWCSession::PerformFenceWaits: Remove current release fence from the pending fence wait queue.
12-22 11:50:51.441  1251 32389 I SDM     : HWCSession::PerformFenceWaits: CWB fence queue is empty. No pending release fence to wait on.
12-22 11:50:51.441  9868  9868 D NavStubView: onTouchEvent: action=2, count=1
12-22 11:50:51.442  9868  9868 D NavStubView: onPointEvent: rawX=643.7   rawY=2149.8936   action=2   mIsInFsMode=false
12-22 11:50:51.443  2475  3752 D SchedBoost: startBoostInternal 2000
12-22 11:50:51.443  2475  3752 D SchedBoost: ready to boost
12-22 11:50:51.443  9868  9868 W GestureStateMachine: AppDragState msg=3
12-22 11:50:51.443  2475  3752 D SchedBoost: startBoostInternal 2000
12-22 11:50:51.443  2475  3752 D SchedBoost: ready to boost
12-22 11:50:51.445  9868  9868 W GestureStateMachine: AppDragState msg=2
12-22 11:50:51.447  2475  2680 D PerfImpl: perfFirstDrawBoost: com.miui.home, 9868, 1
12-22 11:50:51.448  1267  5422 E ANDR-PERF-LM: ThreadHelper: thread_callback() 145: More than one pending updates!!! This should not happen. MeterMgr should avoid this case.
12-22 11:50:51.450  9868  9868 D NavStubView: onTouchEvent: action=2, count=1
12-22 11:50:51.451  9868  9868 D NavStubView: onPointEvent: rawX=643.75323   rawY=2145.488   action=2   mIsInFsMode=false
12-22 11:50:51.451  9868  9868 W GestureStateMachine: AppDragState msg=3
12-22 11:50:51.453  2475  3752 D SchedBoost: startBoostInternal 2000
12-22 11:50:51.453  2475  3752 D SchedBoost: ready to boost
12-22 11:50:51.453  2475  3752 D SchedBoost: startBoostInternal 2000
12-22 11:50:51.453  2475  3752 D SchedBoost: ready to boost
12-22 11:50:51.458  9868  9868 D NavStubView: onTouchEvent: action=2, count=1
12-22 11:50:51.458  9868  9868 D NavStubView: onPointEvent: rawX=644.2449   rawY=2141.5186   action=2   mIsInFsMode=false
12-22 11:50:51.459  2475  3752 D SchedBoost: startBoostInternal 2000
12-22 11:50:51.459  2475  3752 D SchedBoost: ready to boost
12-22 11:50:51.459  9868  9868 W GestureStateMachine: AppDragState msg=3
12-22 11:50:51.459  2475  3752 D SchedBoost: startBoostInternal 2000
12-22 11:50:51.459  2475  3752 D SchedBoost: ready to boost
12-22 11:50:51.460  9868 10058 E StateBroadcastUtils: sendFsStateBroadCast state=crossSafeArea   channel=gesture   packageName=
12-22 11:50:51.461  9868  9868 W GestureStateMachine: AppDragState msg=2
12-22 11:50:51.466  9868  9868 D NavStubView: onTouchEvent: action=2, count=1
12-22 11:50:51.467  9868  9868 D NavStubView: onPointEvent: rawX=644.659   rawY=2138.525   action=2   mIsInFsMode=false
12-22 11:50:51.467  9868  9868 W GestureStateMachine: AppDragState msg=3
12-22 11:50:51.468  2475  3752 D SchedBoost: startBoostInternal 2000
12-22 11:50:51.468  2475  3752 D SchedBoost: ready to boost
12-22 11:50:51.468  2475  3752 D SchedBoost: startBoostInternal 2000
12-22 11:50:51.469  2475  3752 D SchedBoost: ready to boost
12-22 11:50:51.474  9868  9868 D NavStubView: onTouchEvent: action=2, count=1
12-22 11:50:51.475  9868  9868 D NavStubView: onPointEvent: rawX=645.1431   rawY=2135.8276   action=2   mIsInFsMode=false
12-22 11:50:51.476  9868  9868 W GestureStateMachine: AppDragState msg=3
12-22 11:50:51.476  9868  9868 W GestureStateMachine: AppDragState msg=2
12-22 11:50:51.476  2475  3752 D SchedBoost: startBoostInternal 2000
12-22 11:50:51.476  2475  3752 D SchedBoost: ready to boost
12-22 11:50:51.477  9868  9868 W GestureStateMachine: AppTaskHoldState enter
12-22 11:50:51.477  9868  9868 D NavStubView: showRecents
12-22 11:50:51.477  2475  3752 D SchedBoost: startBoostInternal 2000
12-22 11:50:51.477  9868  9868 E Launcher: changeViewByFsGestureState,  view=ShortcutMenuLayer,  alpha=0.0,  scale=0.85
12-22 11:50:51.477  2475  3752 D SchedBoost: ready to boost
12-22 11:50:51.477  9868  9868 D StateManager: goToState  state=OverviewState   anim=false
12-22 11:50:51.477  9868  9868 D StateManager: LauncherState changed, from com.miui.home.launcher.LauncherState@fbb56e4 to com.miui.home.recents.OverviewState@f95a74d
12-22 11:50:51.477  9868  9868 D Launcher: notifyBackGestureStatus
12-22 11:50:51.477  9868  9868 E OverviewState: onStateEnabled
12-22 11:50:51.477  9868  9868 D RecentsModel: getSmartRecentsTaskLoadPlan runningTaskId 317
12-22 11:50:51.478  9868  9868 D RecentsModel: getSmartRecentsTaskLoadPlan cost 1
12-22 11:50:51.478  9868  9868 D TaskView: TaskView bind task, task=[TaskKey{id=302, stackId=0, baseIntent=Intent { act=android.intent.action.MAIN cat=[android.intent.category.LAUNCHER] flg=0x10200000 cmp=com.android.settings/.MainSettings }, userId=0, lastActiveTime=1411082725, windowingMode=1, isThumbnailBlur=false, isScreening=false, topActivity=ComponentInfo{com.android.settings/com.android.settings.Settings$WifiSettingsActivity}, mHashCode=9920434}, title=WLAN, titleDescription=设置 WLAN, bounds=null, isLaunchTarget=false, isStackTask=true, isSystemApp=true, isDockable=true, baseActivity=ComponentInfo{com.android.settings/com.android.settings.MainSettings}, isLocked=false, isAccessLocked=false, mNeedHide=false] , isLock=false
12-22 11:50:51.479  9868  9868 D TaskView: TaskView bind task, task=[TaskKey{id=311, stackId=0, baseIntent=Intent { act=android.settings.APPLICATION_DETAILS_SETTINGS dat=package:cn.missevan flg=0x10008000 cmp=com.android.settings/.applications.InstalledAppDetails }, userId=0, lastActiveTime=1413788135, windowingMode=1, isThumbnailBlur=false, isScreening=false, topActivity=null, mHashCode=10188553}, title=应用信息, titleDescription=设置 应用信息, bounds=null, isLaunchTarget=false, isStackTask=true, isSystemApp=true, isDockable=true, baseActivity=null, isLocked=false, isAccessLocked=false, mNeedHide=false] , isLock=false
12-22 11:50:51.480  9868  9868 D TaskView: TaskView bind task, task=[TaskKey{id=317, stackId=0, baseIntent=Intent { act=android.intent.action.MAIN cat=[android.intent.category.LAUNCHER] flg=0x10200000 cmp=cn.missevan/.activity.MainActivity }, userId=0, lastActiveTime=1413870285, windowingMode=1, isThumbnailBlur=false, isScreening=false, topActivity=ComponentInfo{cn.missevan/cn.missevan.activity.MainActivity}, mHashCode=10367299}, title=猫耳FM, titleDescription=猫耳FM, bounds=null, isLaunchTarget=true, isStackTask=true, isSystemApp=false, isDockable=true, baseActivity=ComponentInfo{cn.missevan/cn.missevan.activity.MainActivity}, isLocked=false, isAccessLocked=false, mNeedHide=false] , isLock=false
12-22 11:50:51.481  9868  9868 D TaskView: TaskView bind task, task=[TaskKey{id=317, stackId=0, baseIntent=Intent { act=android.intent.action.MAIN cat=[android.intent.category.LAUNCHER] flg=0x10200000 cmp=cn.missevan/.activity.MainActivity }, userId=0, lastActiveTime=1413870285, windowingMode=1, isThumbnailBlur=false, isScreening=false, topActivity=ComponentInfo{cn.missevan/cn.missevan.activity.MainActivity}, mHashCode=10367299}, title=猫耳FM, titleDescription=猫耳FM, bounds=null, isLaunchTarget=true, isStackTask=true, isSystemApp=false, isDockable=true, baseActivity=ComponentInfo{cn.missevan/cn.missevan.activity.MainActivity}, isLocked=false, isAccessLocked=false, mNeedHide=false] , isLock=false
12-22 11:50:51.481  9868  9868 D TaskView: TaskView bind task, task=[TaskKey{id=311, stackId=0, baseIntent=Intent { act=android.settings.APPLICATION_DETAILS_SETTINGS dat=package:cn.missevan flg=0x10008000 cmp=com.android.settings/.applications.InstalledAppDetails }, userId=0, lastActiveTime=1413788135, windowingMode=1, isThumbnailBlur=false, isScreening=false, topActivity=null, mHashCode=10188553}, title=应用信息, titleDescription=设置 应用信息, bounds=null, isLaunchTarget=false, isStackTask=true, isSystemApp=true, isDockable=true, baseActivity=null, isLocked=false, isAccessLocked=false, mNeedHide=false] , isLock=false
12-22 11:50:51.481  9868  9868 D TaskView: TaskView bind task, task=[TaskKey{id=302, stackId=0, baseIntent=Intent { act=android.intent.action.MAIN cat=[android.intent.category.LAUNCHER] flg=0x10200000 cmp=com.android.settings/.MainSettings }, userId=0, lastActiveTime=1411082725, windowingMode=1, isThumbnailBlur=false, isScreening=false, topActivity=ComponentInfo{com.android.settings/com.android.settings.Settings$WifiSettingsActivity}, mHashCode=9920434}, title=WLAN, titleDescription=设置 WLAN, bounds=null, isLaunchTarget=false, isStackTask=true, isSystemApp=true, isDockable=true, baseActivity=ComponentInfo{com.android.settings/com.android.settings.MainSettings}, isLocked=false, isAccessLocked=false, mNeedHide=false] , isLock=false
12-22 11:50:51.481  9868 10058 E Launcher: notifyBackGestureStatus:run usingFsGesture=true   show=true   focus=false   pause=true
12-22 11:50:51.482  9868  9868 D EventBus: No subscribers registered for event class com.miui.home.launcher.common.messages.CloseAllOverLauncherWindowMessage
12-22 11:50:51.482  9868  9868 D EventBus: No subscribers registered for event class org.greenrobot.eventbus.NoSubscriberEvent
12-22 11:50:51.482  9868  9868 E RotationHelper: setCurrentStateRequest: request=1
12-22 11:50:51.482  9868  9868 E RotationHelper: notifyChange activityFlags=1, mMultiWindowRotationRequest=3, mCurrentTransitionRequest=2, mCurrentStateRequest=1
12-22 11:50:51.482  9868  9868 E StateManager: setWorkspaceProperty  state=OverviewState
12-22 11:50:51.482  9868 10058 D RecentsContainer: notifyRecentTaskState: true
12-22 11:50:51.482  9868  9868 E RecentsViewStateController: setState: state=OverviewState
12-22 11:50:51.483  9868  9868 E OverviewState: onStateTransitionEnd
12-22 11:50:51.483  9868  9868 E RotationHelper: setCurrentStateRequest: request=1
12-22 11:50:51.483  5996 18960 D LauncherOverlay: closeOverlay:0
12-22 11:50:51.483  9868 10210 I HandWritingStubImpl: isKeyboardTypeChanged: false
12-22 11:50:51.483  5996  5996 D LauncherOverlay.SlidingWindow: hideOverlay:0
12-22 11:50:51.483  9868  9868 D NavStubView: onTouchEvent: action=2, count=1
12-22 11:50:51.483  2475  4680 I HapticFeedbackUtil: 4,2,true
12-22 11:50:51.484  9868  9868 D RecentsContainer: onMeasure, rotation=0
12-22 11:50:51.484  1367  1367 D vendor.hardware.vibratorfeature: configStrengthForEffect id : 4 , strength: 1.000000
12-22 11:50:51.484  9868  9868 D RecentsContainer: rotateRecentsContainer, recentsRotation=0, widthAndHeight=[1080, 2400]
12-22 11:50:51.484  9868  9868 D TaskStackLayoutAlgorithm: initialize: windowRect=Rect(0, 0 - 1080, 2400), mVisualRotationSystemInsets=Rect(0, 104 - 0, 44), mTaskStackViewRect=Rect(0, 104 - 1080, 2400), mTaskViewRect=RectF(305.74, 104.0, 774.26, 1236.0676)
12-22 11:50:51.484  9868  9868 D TaskStackLayoutAlgorithm: initialize: windowRect=Rect(0, 0 - 1080, 2400), mVisualRotationSystemInsets=Rect(0, 104 - 0, 44), mTaskStackViewRect=Rect(0, 104 - 1080, 2400), mTaskViewRect=RectF(305.74, 104.0, 774.26, 1236.0676)
12-22 11:50:51.485  2475  4263 W ActivityHelper: Unable to access /d/ion/heaps/system: No such file or directory
12-22 11:50:51.485  2475  4263 W ActivityHelper: Unable to access /d/ion/ion_mm_heap: No such file or directory
12-22 11:50:51.485  9868  9868 D TaskView: TaskView bind task, task=[TaskKey{id=268, stackId=0, baseIntent=Intent { act=android.intent.action.MAIN cat=[android.intent.category.LAUNCHER] flg=0x10200000 cmp=com.tencent.mobileqq/.activity.SplashActivity }, userId=0, lastActiveTime=1362846747, windowingMode=1, isThumbnailBlur=false, isScreening=false, topActivity=ComponentInfo{com.tencent.mobileqq/com.tencent.mobileqq.activity.SplashActivity}, mHashCode=8907540}, title=QQ, titleDescription=QQ, bounds=null, isLaunchTarget=false, isStackTask=true, isSystemApp=false, isDockable=true, baseActivity=ComponentInfo{com.tencent.mobileqq/com.tencent.mobileqq.activity.SplashActivity}, isLocked=false, isAccessLocked=false, mNeedHide=false] , isLock=false
12-22 11:50:51.487  9868 10159 D RecentsContainer: getFreeMemory:4292839424
12-22 11:50:51.490  9868  9868 D NavStubView: onPointEvent: rawX=645.61804   rawY=2133.5918   action=2   mIsInFsMode=false
12-22 11:50:51.492  9868  9868 D NavStubView: onTouchEvent: action=2, count=1
12-22 11:50:51.493  9868  9868 W GestureStateMachine: AppTaskHoldState msg=3
12-22 11:50:51.494  9868  9868 D NavStubView: onPointEvent: rawX=646.1131   rawY=2131.5347   action=2   mIsInFsMode=false
12-22 11:50:51.496 30996 30996 D CompatibilityChangeReporter: Compat change id reported: 150939131; UID 10269; state: DISABLED
12-22 11:50:51.496  2475  3752 D SchedBoost: startBoostInternal 2000
12-22 11:50:51.496  2475  3752 D SchedBoost: ready to boost
12-22 11:50:51.497  2475  3752 D SchedBoost: startBoostInternal 2000
12-22 11:50:51.497  2475  3752 D SchedBoost: ready to boost
12-22 11:50:51.497  2475  3752 D SchedBoost: startBoostInternal 2000
12-22 11:50:51.497  2475  3752 D SchedBoost: ready to boost
12-22 11:50:51.497  2475  3752 D SchedBoost: startBoostInternal 2000
12-22 11:50:51.497  2475  3752 D SchedBoost: ready to boost
12-22 11:50:51.499  9868  9868 D NavStubView: onTouchEvent: action=2, count=1
12-22 11:50:51.501  9868  9868 W GestureStateMachine: AppTaskHoldState msg=2
12-22 11:50:51.501  9868  9868 W GestureStateMachine: AppTaskHoldState msg=3
12-22 11:50:51.504  4176  4247 D HomeWallpaperRenderer: OFFSET  x: 1.0  y: 0.0
12-22 11:50:51.505  4176  4881 W OpenGLRenderer: Surface doesn't have any previously queued frames, nothing to readback from
12-22 11:50:51.506  1367  1367 D vendor.hardware.vibratorfeature: Vibrator perform effect 4
12-22 11:50:51.506  1367  1367 D vendor.hardware.vibratorfeature: uses mCurrMagnitudeExt 1.000000
12-22 11:50:51.506  1367  1367 D vendor.hardware.vibratorfeature: getAmplitudeFromEffectStrength 1.000000
12-22 11:50:51.506  1367  1367 D vendor.hardware.vibratorfeature: return from driver is 28
12-22 11:50:51.506  1367  1367 D vendor.hardware.vibratorfeature: playLengthMs is 78
12-22 11:50:51.507  1367 32391 D vendor.hardware.vibratorfeature: Starting perform on another thread
12-22 11:50:51.508  2475  3752 D SchedBoost: startBoostInternal 2000
12-22 11:50:51.508  2475  3752 D SchedBoost: ready to boost
12-22 11:50:51.508  2475  3752 D SchedBoost: startBoostInternal 2000
12-22 11:50:51.508  2475  3752 D SchedBoost: ready to boost
12-22 11:50:51.509  9868 10210 D RecentsAndFSGestureUtils: canTaskEnterSmallWindow, pkg=cn.missevan, taskId=317, result=true, because only use taskId to distinguish
12-22 11:50:51.509  9868 10210 D NavStubView: NavStubView::initTopWindowCrop
12-22 11:50:51.509  9868 10210 D NavStubView: NavStubView::initTopWindowCrop    addView
12-22 11:50:51.512  9868  9868 D NavStubView: onPointEvent: rawX=646.5094   rawY=2129.678   action=2   mIsInFsMode=false
12-22 11:50:51.513  9868  9868 D NavStubView: onTouchEvent: action=2, count=1
12-22 11:50:51.513  4176  4247 D HomeWallpaperRenderer: OFFSET  x: 1.0  y: 0.0
12-22 11:50:51.513  4176  4881 W OpenGLRenderer: Surface doesn't have any previously queued frames, nothing to readback from
12-22 11:50:51.514  4665 32387 I Market-HomeKeyReceiver: onReceive: action: android.intent.action.CLOSE_SYSTEM_DIALOGS
12-22 11:50:51.514  4665 32387 I Market-HomeKeyReceiver: reason: fs_gesture
12-22 11:50:51.516  2475  3752 D SchedBoost: startBoostInternal 2000
12-22 11:50:51.516  2475  3752 D SchedBoost: ready to boost
12-22 11:50:51.517  2475  3752 D SchedBoost: startBoostInternal 2000
12-22 11:50:51.517  2475  3752 D SchedBoost: ready to boost
12-22 11:50:51.517  9868  9868 W GestureStateMachine: AppTaskHoldState msg=3
12-22 11:50:51.517  9868  9868 D NavStubView: onPointEvent: rawX=646.9966   rawY=2128.312   action=2   mIsInFsMode=false
12-22 11:50:51.518  9868  9868 W GestureStateMachine: AppTaskHoldState msg=2
12-22 11:50:51.518  9868  9868 D NavStubView: onTouchEvent: action=2, count=1
12-22 11:50:51.520  9868  9868 W GestureStateMachine: AppTaskHoldState msg=3
12-22 11:50:51.521  9868  9868 D NavStubView: onPointEvent: rawX=647.4835   rawY=2126.9387   action=2   mIsInFsMode=false
12-22 11:50:51.522  2475  3752 D SchedBoost: startBoostInternal 2000
12-22 11:50:51.522  2475  3752 D SchedBoost: ready to boost
12-22 11:50:51.523  2475  3752 D SchedBoost: startBoostInternal 2000
12-22 11:50:51.523  2475  3752 D SchedBoost: ready to boost
12-22 11:50:51.524  9868  9868 D NavStubView: onTouchEvent: action=2, count=1
12-22 11:50:51.525  9868  9868 W GestureStateMachine: AppTaskHoldState msg=3
12-22 11:50:51.526  9868  9868 D NavStubView: onPointEvent: rawX=647.8821   rawY=2125.9448   action=2   mIsInFsMode=false
12-22 11:50:51.528  2475  3752 D SchedBoost: startBoostInternal 2000
12-22 11:50:51.528  2475  3752 D SchedBoost: ready to boost
12-22 11:50:51.529  2475  3752 D SchedBoost: startBoostInternal 2000
12-22 11:50:51.529  2475  3752 D SchedBoost: ready to boost
12-22 11:50:51.529 20304 20444 D IdProviderImpl: getOAID from com.miui.analytics
12-22 11:50:51.532  9868  9868 D NavStubView: onTouchEvent: action=2, count=1
12-22 11:50:51.534  9868  9868 W GestureStateMachine: AppTaskHoldState msg=3
12-22 11:50:51.534  9868  9868 D NavStubView: onPointEvent: rawX=648.16516   rawY=2125.0464   action=2   mIsInFsMode=false
12-22 11:50:51.537  4176  4881 W OpenGLRenderer: Surface doesn't have any previously queued frames, nothing to readback from
12-22 11:50:51.538  2475  3752 D SchedBoost: startBoostInternal 2000
12-22 11:50:51.538  2475  3752 D SchedBoost: ready to boost
12-22 11:50:51.538  2475  3752 D SchedBoost: startBoostInternal 2000
12-22 11:50:51.538  2475  3752 D SchedBoost: ready to boost
12-22 11:50:51.539  4176  4247 D HomeWallpaperRenderer: OFFSET  x: 1.0  y: 0.0
