06-20 17:45:49.586 13581 13581 E BaseInputMethodService: onComputeInsets
06-20 17:45:49.589  3502  3540 I appium  : channel read: POST /wd/hub/session/b6df04a0-d83f-425f-ba13-0230845afe7b/element
06-20 17:45:49.592  3502  3540 I appium  : FindElement command
06-20 17:45:49.594  3502  3540 I appium  : method: 'xpath', selector: '//*[@class="android.widget.Toast"]'
06-20 17:45:49.594  3502  3540 I appium  : Waiting up to 100ms for the device to idle
06-20 17:45:49.603  1265  2358 I vendor.qti.hardware.display.composer-service: FrameNotifyProcess Sensor: notify citsensorservice to trigger cwb
06-20 17:45:49.603  2018  2111 I libcitsensorservice@2.0-impl: msg_transfer
06-20 17:45:49.603  2018  3098 D vendor.xiaomi.sensor.citsensorservice@2.0-service: handle id:9 wxh:1280x2400 uwxuh:1080x2400 size: 9216000 fd:15 fd_meta:16 flags:0x4000228 usage:0x33  format:0x3 layer_count: 1
06-20 17:45:49.603 13581 14559 D BLASTBufferQueue: releaseBufferCallback ReleaseCallbackId: bufferId:58329950847995 framenumber:8
06-20 17:45:49.604  1265  1887 I SDM     : HWCSession::SetCWBOutputBuffer: CWB config passed by cwb_client : tappoint 1  CWB_ROI : (829.000000 4.000000 915.000000 90.000000)
06-20 17:45:49.605  1265  3668 I SDM     : HWCSession::ProcessRequests: Successfully configured CWB buffer.
06-20 17:45:49.611  1265  3668 I SDM     : HWCSession::ProcessRequests: Pushing release fence in fenece wait queue.
06-20 17:45:49.611  1265  3668 I SDM     : HWCSession::ProcessRequests: Creating AsyncFenceWaits async thread.
06-20 17:45:49.611  1265  3668 I SDM     : HWCSession::ProcessRequests: Remove current CWB request from the pending request queue.
06-20 17:45:49.612  1265  3668 I SDM     : HWCSession::ProcessRequests: No pending cwb requests found in the queue.
06-20 17:45:49.618  1265  1584 I SDM     : HWDeviceDRM::SetupConcurrentWriteback: Tear down the Concurrent Writeback topology
06-20 17:45:49.619 31630 31630 I HandWritingStubImpl: isKeyboardTypeChanged: false
06-20 17:45:49.625  1265  3669 I SDM     : HWCSession::NotifyCWBStatus: Notify the client about buffer status 0.
06-20 17:45:49.625  1265  3669 I SDM     : HWCSession::PerformFenceWaits: Remove current release fence from the pending fence wait queue.
06-20 17:45:49.625  1265  3669 I SDM     : HWCSession::PerformFenceWaits: CWB fence queue is empty. No pending release fence to wait on.
06-20 17:45:49.683  2018  3127 D libsensor-displayalgo: the value of  brightness:438.000000,R:57568089.492803,G:57750523.594761,B:57577464.236132,EVENT_C:5367.000000,EVENT_R:2074.000000,EVENT_G:2737.000000,EVENT_B:1074.500000
06-20 17:45:49.683  2018  3127 I libsensor-displayalgo: the value of  Coef1:1107.681000,Coef4:2.383000, scale1:0.935522, scale4:0.923264
06-20 17:45:49.683  2018  3127 E libsensor-displayalgo: RGB_test_0407_400_oldzy!
06-20 17:45:49.683  2018  3127 I libsensor-displayalgo: the value of  RESULT2550.249845,1002.315258,1253.459413,458.003203
06-20 17:45:49.683  2018  3127 I libsensor-displayalgo: the value of  getChannelDataCalibrated2673.797741,928.337123,1456.901115,499.879676
06-20 17:45:49.683  2018  3127 I libsensor-displayalgo: the value of  REAL LUX158.443298
06-20 17:45:49.683  2018  3127 I libsensor-displayalgo: the value of  CAL REAL LUX158.443298
06-20 17:45:49.700  3502  3540 W QueryController: Could not detect idle state.
06-20 17:45:49.705  3502  3540 I appium  : The following attributes will be included to the page source: [class]
06-20 17:45:49.778  2431  4069 I WindowManagerService: Physical orientation applied, rotation=0 sfOrientation=ORIENTATION_0
06-20 17:45:49.907  1265  2358 I vendor.qti.hardware.display.composer-service: FrameNotifyProcess Sensor: notify citsensorservice to trigger cwb
06-20 17:45:49.908  2018  2108 I libcitsensorservice@2.0-impl: msg_transfer
06-20 17:45:49.909  2018  3098 D vendor.xiaomi.sensor.citsensorservice@2.0-service: handle id:9 wxh:1280x2400 uwxuh:1080x2400 size: 9216000 fd:15 fd_meta:16 flags:0x4000228 usage:0x33  format:0x3 layer_count: 1
06-20 17:45:49.909  1265  1887 I SDM     : HWCSession::SetCWBOutputBuffer: CWB config passed by cwb_client : tappoint 1  CWB_ROI : (829.000000 4.000000 915.000000 90.000000)
06-20 17:45:49.910  1265  3671 I SDM     : HWCSession::ProcessRequests: Successfully configured CWB buffer.
06-20 17:45:49.917  1265  3671 I SDM     : HWCSession::ProcessRequests: Pushing release fence in fenece wait queue.
06-20 17:45:49.917  1265  3671 I SDM     : HWCSession::ProcessRequests: Creating AsyncFenceWaits async thread.
06-20 17:45:49.918  1265  3671 I SDM     : HWCSession::ProcessRequests: Remove current CWB request from the pending request queue.
06-20 17:45:49.918  1265  3671 I SDM     : HWCSession::ProcessRequests: No pending cwb requests found in the queue.
06-20 17:45:49.922  1265  1584 I SDM     : HWDeviceDRM::SetupConcurrentWriteback: Tear down the Concurrent Writeback topology
06-20 17:45:49.929  1265  3672 I SDM     : HWCSession::NotifyCWBStatus: Notify the client about buffer status 0.
06-20 17:45:49.929  1265  3672 I SDM     : HWCSession::PerformFenceWaits: Remove current release fence from the pending fence wait queue.
06-20 17:45:49.929  1265  3672 I SDM     : HWCSession::PerformFenceWaits: CWB fence queue is empty. No pending release fence to wait on.
06-20 17:45:49.955  3502  3540 I appium  : Adding toast message to root: 音单删除成功
06-20 17:45:49.955  3502  3540 W tomator2.serve: Accessing hidden field Landroid/view/accessibility/AccessibilityNodeInfo;->mSealed:Z (max-target-r, reflection, allowed)
06-20 17:45:49.982  2018  3127 D libsensor-displayalgo: the value of  brightness:438.000000,R:77296384.557271,G:77297133.237939,B:77313059.061408,EVENT_C:5908.000000,EVENT_R:2250.000000,EVENT_G:3026.500000,EVENT_B:1192.000000
06-20 17:45:49.982  2018  3127 I libsensor-displayalgo: the value of  Coef1:1107.681000,Coef4:2.383000, scale1:0.935522, scale4:0.923264
06-20 17:45:49.982  2018  3127 E libsensor-displayalgo: RGB_test_0407_400_oldzy!
06-20 17:45:49.983  2018  3127 I libsensor-displayalgo: the value of  RESULT3116.697536,1231.266004,1510.266625,565.233393
06-20 17:45:49.983  2018  3127 I libsensor-displayalgo: the value of  getChannelDataCalibrated3267.687221,1140.389644,1755.389210,616.914213
06-20 17:45:49.983  2018  3127 I libsensor-displayalgo: the value of  REAL LUX155.623138
06-20 17:45:49.983  2018  3127 I libsensor-displayalgo: the value of  CAL REAL LUX155.623138
06-20 17:45:50.077  3502  3540 I appium  : Took 0ms to retrieve 1 matches for '//*[@class="android.widget.Toast"]' XPath query
06-20 17:45:50.080  3502  3540 I appium  : AppiumResponse: {"sessionId":"b6df04a0-d83f-425f-ba13-0230845afe7b","value":{"ELEMENT":"4c8e9a16-0eff-4b4f-a9d4-f2643464743c","element-6066-11e4-a52e-4f735466cecf":"4c8e9a16-0eff-4b4f-a9d4-f2643464743c"}}
06-20 17:45:50.117  3502  3540 I appium  : channel read: GET /wd/hub/session/b6df04a0-d83f-425f-ba13-0230845afe7b/element/4c8e9a16-0eff-4b4f-a9d4-f2643464743c/attribute/text
06-20 17:45:50.118  3502  3540 I appium  : GetElementAttribute command
06-20 17:45:50.124 31630 31630 I HandWritingStubImpl: isKeyboardTypeChanged: false
06-20 17:45:50.211  1265  2358 I vendor.qti.hardware.display.composer-service: FrameNotifyProcess Sensor: notify citsensorservice to trigger cwb
06-20 17:45:50.212  2018  7182 I libcitsensorservice@2.0-impl: msg_transfer
06-20 17:45:50.212  2018  3098 D vendor.xiaomi.sensor.citsensorservice@2.0-service: handle id:9 wxh:1280x2400 uwxuh:1080x2400 size: 9216000 fd:15 fd_meta:16 flags:0x4000228 usage:0x33  format:0x3 layer_count: 1
06-20 17:45:50.213  1265  1887 I SDM     : HWCSession::SetCWBOutputBuffer: CWB config passed by cwb_client : tappoint 1  CWB_ROI : (829.000000 4.000000 915.000000 90.000000)
06-20 17:45:50.214  1265  3673 I SDM     : HWCSession::ProcessRequests: Successfully configured CWB buffer.
06-20 17:45:50.222  1265  3673 I SDM     : HWCSession::ProcessRequests: Pushing release fence in fenece wait queue.
06-20 17:45:50.223  1265  3673 I SDM     : HWCSession::ProcessRequests: Creating AsyncFenceWaits async thread.
06-20 17:45:50.223  1265  3673 I SDM     : HWCSession::ProcessRequests: Remove current CWB request from the pending request queue.
06-20 17:45:50.223  1265  3673 I SDM     : HWCSession::ProcessRequests: No pending cwb requests found in the queue.
06-20 17:45:50.228  1265  1584 I SDM     : HWDeviceDRM::SetupConcurrentWriteback: Tear down the Concurrent Writeback topology
06-20 17:45:50.234  1265  3674 I SDM     : HWCSession::NotifyCWBStatus: Notify the client about buffer status 0.
06-20 17:45:50.235  1265  3674 I SDM     : HWCSession::PerformFenceWaits: Remove current release fence from the pending fence wait queue.
06-20 17:45:50.235  1265  3674 I SDM     : HWCSession::PerformFenceWaits: CWB fence queue is empty. No pending release fence to wait on.
06-20 17:45:50.283  2018  3127 D libsensor-displayalgo: the value of  brightness:438.000000,R:77296384.557271,G:77297133.237939,B:77313059.061408,EVENT_C:5906.000000,EVENT_R:2249.500000,EVENT_G:3028.500000,EVENT_B:1192.000000
06-20 17:45:50.283  2018  3127 I libsensor-displayalgo: the value of  Coef1:1107.681000,Coef4:2.383000, scale1:0.935522, scale4:0.923264
06-20 17:45:50.283  2018  3127 E libsensor-displayalgo: RGB_test_0407_400_oldzy!
06-20 17:45:50.284  2018  3127 I libsensor-displayalgo: the value of  RESULT3116.697536,1231.266004,1510.266625,565.233393
06-20 17:45:50.284  2018  3127 I libsensor-displayalgo: the value of  getChannelDataCalibrated3267.687221,1140.389644,1755.389210,616.914213
06-20 17:45:50.284  2018  3127 I libsensor-displayalgo: the value of  REAL LUX155.591858
06-20 17:45:50.284  2018  3127 I libsensor-displayalgo: the value of  CAL REAL LUX155.591858
06-20 17:45:50.298  3502  3540 W QueryController: Could not detect idle state.
06-20 17:45:50.299  3502  3540 I appium  : The element identified by '4c8e9a16-0eff-4b4f-a9d4-f2643464743c' has been reported as stale (null). Trying to restore it
06-20 17:45:50.301  3502  3540 I appium  : The following attributes will be included to the page source: [class]
06-20 17:45:50.319  3502  3540 I appium  : Adding toast message to root: 音单删除成功
06-20 17:45:50.410  3502  3540 I appium  : Took 0ms to retrieve 1 matches for '//*[@class="android.widget.Toast"]' XPath query
06-20 17:45:50.412  3502  3540 I appium  : AppiumResponse: {"sessionId":"b6df04a0-d83f-425f-ba13-0230845afe7b","value":"音单删除成功"}
06-20 17:45:50.424  3502  3540 I appium  : channel read: POST /wd/hub/session/b6df04a0-d83f-425f-ba13-0230845afe7b/element
06-20 17:45:50.425  3502  3540 I appium  : FindElement command
06-20 17:45:50.427  3502  3540 I appium  : method: 'id', selector: 'cn.missevan:id/tv_independent_header_filtrate'
06-20 17:45:50.427  3502  3540 I appium  : Waiting up to 100ms for the device to idle
06-20 17:45:50.464  3502  3540 I appium  : AppiumResponse: {"sessionId":"b6df04a0-d83f-425f-ba13-0230845afe7b","value":{"ELEMENT":"00000000-0000-0c66-ffff-ffff000043c4","element-6066-11e4-a52e-4f735466cecf":"00000000-0000-0c66-ffff-ffff000043c4"}}
06-20 17:45:50.483  3502  3540 I appium  : channel read: POST /wd/hub/session/b6df04a0-d83f-425f-ba13-0230845afe7b/element/00000000-0000-0c66-ffff-ffff000043c4/click
06-20 17:45:50.486  3502  3540 I appium  : Click command
06-20 17:45:50.506  2431  6208 D MIUIInput: Input event injection from pid 3459, MotionEvent: DOWN
06-20 17:45:50.507  2431  2938 D MIUIInput: [MotionEvent] publisher action=0x4, 394339727, channel '7c87e50 NavigationBar0 (server)'
06-20 17:45:50.507  2431  2938 D MIUIInput: [MotionEvent] publisher action=0x0, 394339727, channel '762bbdd cn.missevan/cn.missevan.activity.MainActivity (server)'
06-20 17:45:50.510 16104 16104 D MIUIInput: [MotionEvent] ViewRootImpl windowName 'cn.missevan/cn.missevan.activity.MainActivity', { action=ACTION_DOWN, id[0]=0, pointerCount=1, eventTime=394339727, downTime=394339726, phoneEventTime=17:45:50.500 } moveCount:0
06-20 17:45:50.516  2431  6208 D MIUIInput: Input event injection from pid 3459, MotionEvent: UP
06-20 17:45:50.517  2431  2938 D MIUIInput: [MotionEvent] publisher action=0x1, 394339727, channel '762bbdd cn.missevan/cn.missevan.activity.MainActivity (server)'
06-20 17:45:50.518 16104 16104 D MIUIInput: [MotionEvent] ViewRootImpl windowName 'cn.missevan/cn.missevan.activity.MainActivity', { action=ACTION_UP, id[0]=0, pointerCount=1, eventTime=394339727, downTime=394339726, phoneEventTime=17:45:50.500 } moveCount:0
06-20 17:45:50.518 16104 16104 E cn.missevan: No package ID ff found for ID 0xffffffff.
06-20 17:45:50.530  1265  2358 I vendor.qti.hardware.display.composer-service: FrameNotifyProcess Sensor: notify citsensorservice to trigger cwb
06-20 17:45:50.530  2018  2108 I libcitsensorservice@2.0-impl: msg_transfer
06-20 17:45:50.531  2018  3098 D vendor.xiaomi.sensor.citsensorservice@2.0-service: handle id:9 wxh:1280x2400 uwxuh:1080x2400 size: 9216000 fd:15 fd_meta:16 flags:0x4000228 usage:0x33  format:0x3 layer_count: 1
06-20 17:45:50.532  3502  3540 I appium  : Waiting up to 100ms for the device to idle
06-20 17:45:50.532  1265  1889 I SDM     : HWCSession::SetCWBOutputBuffer: CWB config passed by cwb_client : tappoint 1  CWB_ROI : (829.000000 4.000000 915.000000 90.000000)
06-20 17:45:50.534  3502  3540 I appium  : AppiumResponse: {"sessionId":"b6df04a0-d83f-425f-ba13-0230845afe7b","value":null}
06-20 17:45:50.543  1265  3676 I SDM     : HWCSession::ProcessRequests: Successfully configured CWB buffer.
06-20 17:45:50.549  1265  3676 I SDM     : HWCSession::ProcessRequests: Pushing release fence in fenece wait queue.
06-20 17:45:50.549  1265  3676 I SDM     : HWCSession::ProcessRequests: Creating AsyncFenceWaits async thread.
06-20 17:45:50.550  1265  3676 I SDM     : HWCSession::ProcessRequests: Remove current CWB request from the pending request queue.
06-20 17:45:50.550  1265  3676 I SDM     : HWCSession::ProcessRequests: No pending cwb requests found in the queue.
06-20 17:45:50.553 18812 18822 I i.xmsf:service: This is non sticky GC, maxfree is 8388608 minfree is 2097152
06-20 17:45:50.556  1265  1584 I SDM     : HWDeviceDRM::SetupConcurrentWriteback: Tear down the Concurrent Writeback topology
06-20 17:45:50.561  2431  6208 I SmartPower.com.sohu.inputmethod.sogou.xiaomi:identifier/10132(29315): visible->invisible(6559ms) R(become invisible) adj=0.
06-20 17:45:50.561  2431  6208 I SmartPower.com.sohu.inputmethod.sogou.xiaomi:scrashly/10132(4441): visible->invisible(6559ms) R(become invisible) adj=999.
06-20 17:45:50.563  1265  3678 I SDM     : HWCSession::NotifyCWBStatus: Notify the client about buffer status 0.
06-20 17:45:50.563  1265  3678 I SDM     : HWCSession::PerformFenceWaits: Remove current release fence from the pending fence wait queue.
06-20 17:45:50.563  1265  3678 I SDM     : HWCSession::PerformFenceWaits: CWB fence queue is empty. No pending release fence to wait on.
06-20 17:45:50.566  2431  6208 I WindowManagerService: Physical orientation applied, rotation=0 sfOrientation=ORIENTATION_0
06-20 17:45:50.571 13581 13581 E BaseInputMethodService: onComputeInsets
06-20 17:45:50.583  2018  3127 D libsensor-displayalgo: the value of  brightness:438.000000,R:77296384.557271,G:77297133.237939,B:77313059.061408,EVENT_C:5907.500000,EVENT_R:2252.500000,EVENT_G:3029.000000,EVENT_B:1191.500000
06-20 17:45:50.583  2018  3127 I libsensor-displayalgo: the value of  Coef1:1107.681000,Coef4:2.383000, scale1:0.935522, scale4:0.923264
06-20 17:45:50.583  2018  3127 E libsensor-displayalgo: RGB_test_0407_400_oldzy!
06-20 17:45:50.583  2018  3127 I libsensor-displayalgo: the value of  RESULT3116.697536,1231.266004,1510.266625,565.233393
06-20 17:45:50.583  2018  3127 I libsensor-displayalgo: the value of  getChannelDataCalibrated3267.687221,1140.389644,1755.389210,616.914213
06-20 17:45:50.583  2018  3127 I libsensor-displayalgo: the value of  REAL LUX155.647964
06-20 17:45:50.583  2018  3127 I libsensor-displayalgo: the value of  CAL REAL LUX155.647964
06-20 17:45:50.658 31630 31630 I HandWritingStubImpl: isKeyboardTypeChanged: false
06-20 17:45:50.878  1265  2358 I vendor.qti.hardware.display.composer-service: FrameNotifyProcess Sensor: notify citsensorservice to trigger cwb
06-20 17:45:50.879  2018  2111 I libcitsensorservice@2.0-impl: msg_transfer
06-20 17:45:50.879  2018  3098 D vendor.xiaomi.sensor.citsensorservice@2.0-service: handle id:9 wxh:1280x2400 uwxuh:1080x2400 size: 9216000 fd:15 fd_meta:16 flags:0x4000228 usage:0x33  format:0x3 layer_count: 1
06-20 17:45:50.880  1265  1889 I SDM     : HWCSession::SetCWBOutputBuffer: CWB config passed by cwb_client : tappoint 1  CWB_ROI : (829.000000 4.000000 915.000000 90.000000)
06-20 17:45:50.884  1265  3679 I SDM     : HWCSession::ProcessRequests: Successfully configured CWB buffer.
06-20 17:45:50.885  2018  3127 D libsensor-displayalgo: the value of  brightness:438.000000,R:77296384.557271,G:77297133.237939,B:77313059.061408,EVENT_C:5907.500000,EVENT_R:2252.500000,EVENT_G:3029.000000,EVENT_B:1191.500000
06-20 17:45:50.885  2018  3127 I libsensor-displayalgo: the value of  Coef1:1107.681000,Coef4:2.383000, scale1:0.935522, scale4:0.923264
06-20 17:45:50.885  2018  3127 E libsensor-displayalgo: RGB_test_0407_400_oldzy!
06-20 17:45:50.885  2018  3127 I libsensor-displayalgo: the value of  RESULT3116.697536,1231.266004,1510.266625,565.233393
06-20 17:45:50.885  2018  3127 I libsensor-displayalgo: the value of  getChannelDataCalibrated3267.687221,1140.389644,1755.389210,616.914213
06-20 17:45:50.885  2018  3127 I libsensor-displayalgo: the value of  REAL LUX155.647964
06-20 17:45:50.885  2018  3127 I libsensor-displayalgo: the value of  CAL REAL LUX155.647964
06-20 17:45:50.888 16104 16114 I cn.missevan: This is sticky GC, maxfree is 8388608 minfree is 2097152
06-20 17:45:50.897  1265  3679 I SDM     : HWCSession::ProcessRequests: Pushing release fence in fenece wait queue.
06-20 17:45:50.897  1265  3679 I SDM     : HWCSession::ProcessRequests: Creating AsyncFenceWaits async thread.
06-20 17:45:50.897  1265  3679 I SDM     : HWCSession::ProcessRequests: Remove current CWB request from the pending request queue.
06-20 17:45:50.898  1265  3679 I SDM     : HWCSession::ProcessRequests: No pending cwb requests found in the queue.
06-20 17:45:50.899  1265  1584 I SDM     : HWDeviceDRM::SetupConcurrentWriteback: Tear down the Concurrent Writeback topology
06-20 17:45:50.909  1265  3680 I SDM     : HWCSession::NotifyCWBStatus: Notify the client about buffer status 0.
06-20 17:45:50.909  1265  3680 I SDM     : HWCSession::PerformFenceWaits: Remove current release fence from the pending fence wait queue.
06-20 17:45:50.909  1265  3680 I SDM     : HWCSession::PerformFenceWaits: CWB fence queue is empty. No pending release fence to wait on.
06-20 17:45:51.054  1265  2358 I vendor.qti.hardware.display.composer-service: FrameNotifyProcess Sensor: notify citsensorservice to trigger cwb
06-20 17:45:51.055  2018  2108 I libcitsensorservice@2.0-impl: msg_transfer
06-20 17:45:51.054 10662 10806 D MemoryCeilingMonitor: [handleMemoryCalculate]
06-20 17:45:51.055  2018  3098 D vendor.xiaomi.sensor.citsensorservice@2.0-service: handle id:9 wxh:1280x2400 uwxuh:1080x2400 size: 9216000 fd:15 fd_meta:16 flags:0x4000228 usage:0x33  format:0x3 layer_count: 1
06-20 17:45:51.055 10662 10806 D MemoryCeilingMonitor: [calculate] tot: 6078568, max: 268435456, free: 258360, heap: 5820208, per: 0.02168196439743042
06-20 17:45:51.056  1265  1889 I SDM     : HWCSession::SetCWBOutputBuffer: CWB config passed by cwb_client : tappoint 1  CWB_ROI : (829.000000 4.000000 915.000000 90.000000)
06-20 17:45:51.057  1265  3681 I SDM     : HWCSession::ProcessRequests: Successfully configured CWB buffer.
06-20 17:45:51.072  1265  3681 I SDM     : HWCSession::ProcessRequests: Pushing release fence in fenece wait queue.
06-20 17:45:51.074  1265  3681 I SDM     : HWCSession::ProcessRequests: Creating AsyncFenceWaits async thread.
06-20 17:45:51.076  1265  3681 I SDM     : HWCSession::ProcessRequests: Remove current CWB request from the pending request queue.
06-20 17:45:51.076  1265  3681 I SDM     : HWCSession::ProcessRequests: No pending cwb requests found in the queue.
06-20 17:45:51.082  1265  3683 I SDM     : HWCSession::NotifyCWBStatus: Notify the client about buffer status 0.
06-20 17:45:51.082  1265  3683 I SDM     : HWCSession::PerformFenceWaits: Remove current release fence from the pending fence wait queue.
06-20 17:45:51.082  1265  3683 I SDM     : HWCSession::PerformFenceWaits: CWB fence queue is empty. No pending release fence to wait on.
06-20 17:45:51.083  1265  1584 I SDM     : HWDeviceDRM::SetupConcurrentWriteback: Tear down the Concurrent Writeback topology
06-20 17:45:51.090  8680  8693 I com.milink.runtime:new_milink:DataContentProvider: Call content://provider.milink.mi.com/messenger#poll from com.xiaomi.market, content://provider.milink.mi.com/messenger#poll
06-20 17:45:51.091 31630 31705 I com.xiaomi.market:new_milink:MessengerClient: empty packet, skip it.
06-20 17:45:51.183  2018  3127 D libsensor-displayalgo: the value of  brightness:438.000000,R:77296384.557271,G:77297133.237939,B:77313059.061408,EVENT_C:5906.500000,EVENT_R:2248.500000,EVENT_G:3027.000000,EVENT_B:1192.000000
06-20 17:45:51.183  2018  3127 I libsensor-displayalgo: the value of  Coef1:1107.681000,Coef4:2.383000, scale1:0.935522, scale4:0.923264
06-20 17:45:51.183  2018  3127 E libsensor-displayalgo: RGB_test_0407_400_oldzy!
06-20 17:45:51.184  2018  3127 I libsensor-displayalgo: the value of  RESULT3116.697536,1231.266004,1510.266625,565.233393
06-20 17:45:51.184  2018  3127 I libsensor-displayalgo: the value of  getChannelDataCalibrated3267.687221,1140.389644,1755.389210,616.914213
06-20 17:45:51.184  2018  3127 I libsensor-displayalgo: the value of  REAL LUX155.596588
06-20 17:45:51.185  2018  3127 I libsensor-displayalgo: the value of  CAL REAL LUX155.596588
06-20 17:45:51.200 31630 31630 I HandWritingStubImpl: isKeyboardTypeChanged: false
06-20 17:45:51.341  5405  9716 D SLM-SRV-SLAService: checktemp temperature = 34524 temperature_average = 34218 isPerformanceMode = false thermal_enable_slm = true
06-20 17:45:51.483  2018  3127 D libsensor-displayalgo: the value of  brightness:438.000000,R:77296384.557271,G:77297133.237939,B:77313059.061408,EVENT_C:5906.500000,EVENT_R:2248.500000,EVENT_G:3027.000000,EVENT_B:1192.000000
06-20 17:45:51.483  2018  3127 I libsensor-displayalgo: the value of  Coef1:1107.681000,Coef4:2.383000, scale1:0.935522, scale4:0.923264
06-20 17:45:51.483  2018  3127 E libsensor-displayalgo: RGB_test_0407_400_oldzy!
06-20 17:45:51.484  2018  3127 I libsensor-displayalgo: the value of  RESULT3116.697536,1231.266004,1510.266625,565.233393
06-20 17:45:51.484  2018  3127 I libsensor-displayalgo: the value of  getChannelDataCalibrated3267.687221,1140.389644,1755.389210,616.914213
06-20 17:45:51.484  2018  3127 I libsensor-displayalgo: the value of  REAL LUX155.596588
06-20 17:45:51.485  2018  3127 I libsensor-displayalgo: the value of  CAL REAL LUX155.596588
06-20 17:45:51.542  2431  2645 W ProcessStats: Tracking association SourceState{6098218 com.android.systemui/1000 BTopFgs #175335} whose proc state 2 is better than process ProcessState{e3fe471 com.miui.notification:remote/1000 pkg=com.miui.notification} proc state 3 (15 skipped)
06-20 17:45:51.571  3502  3540 I appium  : channel read: POST /wd/hub/session/b6df04a0-d83f-425f-ba13-0230845afe7b/element
06-20 17:45:51.573  3502  3540 I appium  : FindElement command
06-20 17:45:51.576  3502  3540 I appium  : method: 'id', selector: 'cn.missevan:id/tv_title'
06-20 17:45:51.576  3502  3540 I appium  : Waiting up to 100ms for the device to idle
06-20 17:45:51.668  3502  3540 I appium  : AppiumResponse: {"sessionId":"b6df04a0-d83f-425f-ba13-0230845afe7b","value":{"ELEMENT":"00000000-0000-0c66-ffff-ffff0000433a","element-6066-11e4-a52e-4f735466cecf":"00000000-0000-0c66-ffff-ffff0000433a"}}
06-20 17:45:51.687  3502  3540 I appium  : channel read: GET /wd/hub/session/b6df04a0-d83f-425f-ba13-0230845afe7b/element/00000000-0000-0c66-ffff-ffff0000433a/text
06-20 17:45:51.689  3502  3540 I appium  : GetText command
06-20 17:45:51.704  3502  3540 I appium  : AppiumResponse: {"sessionId":"b6df04a0-d83f-425f-ba13-0230845afe7b","value":"是"}
06-20 17:45:51.717  1265  2358 I vendor.qti.hardware.display.composer-service: FrameNotifyProcess Sensor: notify citsensorservice to trigger cwb
06-20 17:45:51.718  2018  2108 I libcitsensorservice@2.0-impl: msg_transfer
06-20 17:45:51.720  2018  3098 D vendor.xiaomi.sensor.citsensorservice@2.0-service: handle id:9 wxh:1280x2400 uwxuh:1080x2400 size: 9216000 fd:15 fd_meta:16 flags:0x4000228 usage:0x33  format:0x3 layer_count: 1
06-20 17:45:51.720  1265  1889 I SDM     : HWCSession::SetCWBOutputBuffer: CWB config passed by cwb_client : tappoint 1  CWB_ROI : (829.000000 4.000000 915.000000 90.000000)
06-20 17:45:51.725  1265  3685 I SDM     : HWCSession::ProcessRequests: Successfully configured CWB buffer.
06-20 17:45:51.727  2431  4069 W InputManager-JNI: Input channel object 'b867d51 Toast (client)' was disposed without first being removed with the input manager!
06-20 17:45:51.729  3502  3540 I appium  : channel read: POST /wd/hub/session/b6df04a0-d83f-425f-ba13-0230845afe7b/elements
06-20 17:45:51.730  3502  3540 I appium  : FindElements command
06-20 17:45:51.732  3502  3540 I appium  : method: 'id', selector: 'cn.missevan:id/tvTitle'
06-20 17:45:51.733  3502  3540 I appium  : Waiting up to 100ms for the device to idle
06-20 17:45:51.734 31630 31630 I HandWritingStubImpl: isKeyboardTypeChanged: false
06-20 17:45:51.734  1265  3685 I SDM     : HWCSession::ProcessRequests: Pushing release fence in fenece wait queue.
06-20 17:45:51.735  1265  3685 I SDM     : HWCSession::ProcessRequests: Creating AsyncFenceWaits async thread.
06-20 17:45:51.735  1265  3685 I SDM     : HWCSession::ProcessRequests: Remove current CWB request from the pending request queue.
06-20 17:45:51.735  1265  3685 I SDM     : HWCSession::ProcessRequests: No pending cwb requests found in the queue.
06-20 17:45:51.736  2431  4069 W NotificationService: Toast already killed. pkg=cn.missevan token=android.os.BinderProxy@50cf145
06-20 17:45:51.741  1265  1584 I SDM     : HWDeviceDRM::SetupConcurrentWriteback: Tear down the Concurrent Writeback topology
06-20 17:45:51.748  1265  3686 I SDM     : HWCSession::NotifyCWBStatus: Notify the client about buffer status 0.
06-20 17:45:51.749  1265  3686 I SDM     : HWCSession::PerformFenceWaits: Remove current release fence from the pending fence wait queue.
06-20 17:45:51.749  1265  3686 I SDM     : HWCSession::PerformFenceWaits: CWB fence queue is empty. No pending release fence to wait on.
06-20 17:45:51.753  2431  3286 D MiuiNetworkPolicy: updateLimit mLimitEnabled=true,enabled=false,mNetworkPriorityMode=1
06-20 17:45:51.783  2018  3127 D libsensor-displayalgo: the value of  brightness:438.000000,R:77296384.557271,G:77297133.237939,B:77313059.061408,EVENT_C:5901.500000,EVENT_R:2250.500000,EVENT_G:3025.500000,EVENT_B:1191.000000
06-20 17:45:51.783  2018  3127 I libsensor-displayalgo: the value of  Coef1:1107.681000,Coef4:2.383000, scale1:0.935522, scale4:0.923264
06-20 17:45:51.783  2018  3127 E libsensor-displayalgo: RGB_test_0407_400_oldzy!
06-20 17:45:51.784  2018  3127 I libsensor-displayalgo: the value of  RESULT3116.697536,1231.266004,1510.266625,565.233393
06-20 17:45:51.784  2018  3127 I libsensor-displayalgo: the value of  getChannelDataCalibrated3267.687221,1140.389644,1755.389210,616.914213
06-20 17:45:51.784  2018  3127 I libsensor-displayalgo: the value of  REAL LUX155.181274
06-20 17:45:51.784  2018  3127 I libsensor-displayalgo: the value of  CAL REAL LUX155.181274
06-20 17:45:51.825  3502  3540 I appium  : Caching 2 found elements
06-20 17:45:51.827  3502  3540 I appium  : Cached 2 elements
06-20 17:45:51.831  3502  3540 I appium  : AppiumResponse: {"sessionId":"b6df04a0-d83f-425f-ba13-0230845afe7b","value":[{"ELEMENT":"00000000-0000-0c66-ffff-ffff000042af","element-6066-11e4-a52e-4f735466cecf":"00000000-0000-0c66-ffff-ffff000042af"},{"ELEMENT":"00000000-0000-0c66-ffff-ffff000042b3","element-6066-11e4-a52e-4f735466cecf":"00000000-0000-0c66-fff…
06-20 17:45:51.842  3502  3540 I appium  : channel read: POST /wd/hub/session/b6df04a0-d83f-425f-ba13-0230845afe7b/element/00000000-0000-0c66-ffff-ffff000042b3/click
06-20 17:45:51.843  3502  3540 I appium  : Click command
06-20 17:45:52.022  1265  2358 I vendor.qti.hardware.display.composer-service: FrameNotifyProcess Sensor: notify citsensorservice to trigger cwb
06-20 17:45:52.022  2018  2111 I libcitsensorservice@2.0-impl: msg_transfer
06-20 17:45:52.023  2018  3098 D vendor.xiaomi.sensor.citsensorservice@2.0-service: handle id:9 wxh:1280x2400 uwxuh:1080x2400 size: 9216000 fd:15 fd_meta:16 flags:0x4000228 usage:0x33  format:0x3 layer_count: 1
06-20 17:45:52.023  1265  1889 I SDM     : HWCSession::SetCWBOutputBuffer: CWB config passed by cwb_client : tappoint 1  CWB_ROI : (829.000000 4.000000 915.000000 90.000000)
06-20 17:45:52.024  1265  3687 I SDM     : HWCSession::ProcessRequests: Successfully configured CWB buffer.
06-20 17:45:52.035  1265  3687 I SDM     : HWCSession::ProcessRequests: Pushing release fence in fenece wait queue.
06-20 17:45:52.035  1265  3687 I SDM     : HWCSession::ProcessRequests: Creating AsyncFenceWaits async thread.
06-20 17:45:52.035  1265  3687 I SDM     : HWCSession::ProcessRequests: Remove current CWB request from the pending request queue.
06-20 17:45:52.035  1265  3687 I SDM     : HWCSession::ProcessRequests: No pending cwb requests found in the queue.
06-20 17:45:52.039  1265  1584 I SDM     : HWDeviceDRM::SetupConcurrentWriteback: Tear down the Concurrent Writeback topology
06-20 17:45:52.044  1265  3688 I SDM     : HWCSession::NotifyCWBStatus: Notify the client about buffer status 0.
06-20 17:45:52.045  1265  3688 I SDM     : HWCSession::PerformFenceWaits: Remove current release fence from the pending fence wait queue.
06-20 17:45:52.045  1265  3688 I SDM     : HWCSession::PerformFenceWaits: CWB fence queue is empty. No pending release fence to wait on.
06-20 17:45:52.060  2431  4793 D MIUIInput: Input event injection from pid 3459, MotionEvent: DOWN
06-20 17:45:52.061  2431  2938 D MIUIInput: [MotionEvent] publisher action=0x4, 394341078, channel '7c87e50 NavigationBar0 (server)'
06-20 17:45:52.061  2431  2938 D MIUIInput: [MotionEvent] publisher action=0x0, 394341078, channel '762bbdd cn.missevan/cn.missevan.activity.MainActivity (server)'
06-20 17:45:52.061 16104 16104 D MIUIInput: [MotionEvent] ViewRootImpl windowName 'cn.missevan/cn.missevan.activity.MainActivity', { action=ACTION_DOWN, id[0]=0, pointerCount=1, eventTime=394341078, downTime=394341077, phoneEventTime=17:45:51.851 } moveCount:0
06-20 17:45:52.063  3459  3501 W BpBinder: PerfMonitor binderTransact :  time=212ms interface=android.view.IWindowManager code=102
06-20 17:45:52.064  3502  3540 W BpBinder: PerfMonitor binderTransact :  time=213ms interface=android.app.IUiAutomationConnection code=3
06-20 17:45:52.065  2431  4793 D MIUIInput: Input event injection from pid 3459, MotionEvent: UP
06-20 17:45:52.065  2431  2938 D MIUIInput: [MotionEvent] publisher action=0x1, 394341078, channel '762bbdd cn.missevan/cn.missevan.activity.MainActivity (server)'
06-20 17:45:52.065 16104 16104 D MIUIInput: [MotionEvent] ViewRootImpl windowName 'cn.missevan/cn.missevan.activity.MainActivity', { action=ACTION_UP, id[0]=0, pointerCount=1, eventTime=394341078, downTime=394341077, phoneEventTime=17:45:51.851 } moveCount:0
06-20 17:45:52.066 16104 16104 E cn.missevan: No package ID ff found for ID 0xffffffff.
06-20 17:45:52.079  3502  3540 I appium  : Waiting up to 100ms for the device to idle
06-20 17:45:52.080  3502  3540 I appium  : AppiumResponse: {"sessionId":"b6df04a0-d83f-425f-ba13-0230845afe7b","value":null}
06-20 17:45:52.082  2018  3127 D libsensor-displayalgo: the value of  brightness:438.000000,R:77296384.557271,G:77297133.237939,B:77313059.061408,EVENT_C:5892.000000,EVENT_R:2247.000000,EVENT_G:3019.500000,EVENT_B:1190.000000
06-20 17:45:52.082  2018  3127 I libsensor-displayalgo: the value of  Coef1:1107.681000,Coef4:2.383000, scale1:0.935522, scale4:0.923264
06-20 17:45:52.082  2018  3127 E libsensor-displayalgo: RGB_test_0407_400_oldzy!
06-20 17:45:52.082  2018  3127 I libsensor-displayalgo: the value of  RESULT3116.697536,1231.266004,1510.266625,565.233393
06-20 17:45:52.082  2018  3127 I libsensor-displayalgo: the value of  getChannelDataCalibrated3267.687221,1140.389644,1755.389210,616.914213
06-20 17:45:52.082  2018  3127 I libsensor-displayalgo: the value of  REAL LUX154.450989
06-20 17:45:52.082  2018  3127 I libsensor-displayalgo: the value of  CAL REAL LUX154.450989
06-20 17:45:52.159  5294 28586 W MiuiPerfServiceClient: interceptAndQueuing:16104|cn.missevan|75|75|394340098666965|Slow handle traversal|1
06-20 17:45:52.278 31630 31630 I HandWritingStubImpl: isKeyboardTypeChanged: false
06-20 17:45:52.325  1265  2358 I vendor.qti.hardware.display.composer-service: FrameNotifyProcess Sensor: notify citsensorservice to trigger cwb
06-20 17:45:52.325  2018  2111 I libcitsensorservice@2.0-impl: msg_transfer
06-20 17:45:52.326  2018  3098 D vendor.xiaomi.sensor.citsensorservice@2.0-service: handle id:9 wxh:1280x2400 uwxuh:1080x2400 size: 9216000 fd:15 fd_meta:16 flags:0x4000228 usage:0x33  format:0x3 layer_count: 1
06-20 17:45:52.327  1265  1889 I SDM     : HWCSession::SetCWBOutputBuffer: CWB config passed by cwb_client : tappoint 1  CWB_ROI : (829.000000 4.000000 915.000000 90.000000)
06-20 17:45:52.327  1265  3690 I SDM     : HWCSession::ProcessRequests: Successfully configured CWB buffer.
06-20 17:45:52.337  1265  3690 I SDM     : HWCSession::ProcessRequests: Pushing release fence in fenece wait queue.
06-20 17:45:52.337  1265  3690 I SDM     : HWCSession::ProcessRequests: Creating AsyncFenceWaits async thread.
06-20 17:45:52.337  1265  3690 I SDM     : HWCSession::ProcessRequests: Remove current CWB request from the pending request queue.
06-20 17:45:52.337  1265  3690 I SDM     : HWCSession::ProcessRequests: No pending cwb requests found in the queue.
06-20 17:45:52.341  1265  1584 I SDM     : HWDeviceDRM::SetupConcurrentWriteback: Tear down the Concurrent Writeback topology
06-20 17:45:52.349  1265  3691 I SDM     : HWCSession::NotifyCWBStatus: Notify the client about buffer status 0.
06-20 17:45:52.349  1265  3691 I SDM     : HWCSession::PerformFenceWaits: Remove current release fence from the pending fence wait queue.
06-20 17:45:52.349  1265  3691 I SDM     : HWCSession::PerformFenceWaits: CWB fence queue is empty. No pending release fence to wait on.
06-20 17:45:52.360 16104 16114 I cn.missevan: This is non sticky GC, maxfree is 8388608 minfree is 2097152
06-20 17:45:52.360 16104 16114 I cn.missevan: Background concurrent copying GC freed 116486(21MB) AllocSpace objects, 13(260KB) LOS objects, 31% free, 53MB/77MB, paused 122us,54us total 187.143ms
06-20 17:45:52.383  2018  3127 D libsensor-displayalgo: the value of  brightness:438.000000,R:77296384.557271,G:77297133.237939,B:77313059.061408,EVENT_C:5901.000000,EVENT_R:2249.500000,EVENT_G:3024.500000,EVENT_B:1191.500000
06-20 17:45:52.383  2018  3127 I libsensor-displayalgo: the value of  Coef1:1107.681000,Coef4:2.383000, scale1:0.935522, scale4:0.923264
06-20 17:45:52.383  2018  3127 E libsensor-displayalgo: RGB_test_0407_400_oldzy!
06-20 17:45:52.384  2018  3127 I libsensor-displayalgo: the value of  RESULT3116.697536,1231.266004,1510.266625,565.233393
06-20 17:45:52.384  2018  3127 I libsensor-displayalgo: the value of  getChannelDataCalibrated3267.687221,1140.389644,1755.389210,616.914213
06-20 17:45:52.384  2018  3127 I libsensor-displayalgo: the value of  REAL LUX155.097595
06-20 17:45:52.384  2018  3127 I libsensor-displayalgo: the value of  CAL REAL LUX155.097595
06-20 17:45:52.487  1930  1967 I mstatdaemon: Entering time loop
06-20 17:45:52.488  1930  1967 I mstatdaemon: t = 1687254352
06-20 17:45:52.488  1930  1967 I mstatdaemon: translated_t = 1371264352
06-20 17:45:52.488  1930  1967 I mstat_log: mstatcommitLog log_alloc() failed
06-20 17:45:52.630  1265  2358 I vendor.qti.hardware.display.composer-service: FrameNotifyProcess Sensor: notify citsensorservice to trigger cwb
06-20 17:45:52.631  2018  7182 I libcitsensorservice@2.0-impl: msg_transfer
06-20 17:45:52.632  2018  3098 D vendor.xiaomi.sensor.citsensorservice@2.0-service: handle id:9 wxh:1280x2400 uwxuh:1080x2400 size: 9216000 fd:15 fd_meta:16 flags:0x4000228 usage:0x33  format:0x3 layer_count: 1
06-20 17:45:52.633  1265  1889 I SDM     : HWCSession::SetCWBOutputBuffer: CWB config passed by cwb_client : tappoint 1  CWB_ROI : (829.000000 4.000000 915.000000 90.000000)
06-20 17:45:52.633  1265  3692 I SDM     : HWCSession::ProcessRequests: Successfully configured CWB buffer.
06-20 17:45:52.641  1265  3692 I SDM     : HWCSession::ProcessRequests: Pushing release fence in fenece wait queue.
06-20 17:45:52.642  1265  3692 I SDM     : HWCSession::ProcessRequests: Creating AsyncFenceWaits async thread.
06-20 17:45:52.643  1265  3692 I SDM     : HWCSession::ProcessRequests: Remove current CWB request from the pending request queue.
06-20 17:45:52.643  1265  3692 I SDM     : HWCSession::ProcessRequests: No pending cwb requests found in the queue.
06-20 17:45:52.646  1265  1584 I SDM     : HWDeviceDRM::SetupConcurrentWriteback: Tear down the Concurrent Writeback topology
06-20 17:45:52.655  1265  3693 I SDM     : HWCSession::NotifyCWBStatus: Notify the client about buffer status 0.
06-20 17:45:52.655  1265  3693 I SDM     : HWCSession::PerformFenceWaits: Remove current release fence from the pending fence wait queue.
06-20 17:45:52.655  1265  3693 I SDM     : HWCSession::PerformFenceWaits: CWB fence queue is empty. No pending release fence to wait on.
06-20 17:45:52.682  2018  3127 D libsensor-displayalgo: the value of  brightness:438.000000,R:77296384.557271,G:77297133.237939,B:77313059.061408,EVENT_C:5895.500000,EVENT_R:2246.000000,EVENT_G:3021.500000,EVENT_B:1189.500000
06-20 17:45:52.682  2018  3127 I libsensor-displayalgo: the value of  Coef1:1107.681000,Coef4:2.383000, scale1:0.935522, scale4:0.923264
06-20 17:45:52.682  2018  3127 E libsensor-displayalgo: RGB_test_0407_400_oldzy!
06-20 17:45:52.683  2018  3127 I libsensor-displayalgo: the value of  RESULT3116.697536,1231.266004,1510.266625,565.233393
06-20 17:45:52.683  2018  3127 I libsensor-displayalgo: the value of  getChannelDataCalibrated3267.687221,1140.389644,1755.389210,616.914213
06-20 17:45:52.683  2018  3127 I libsensor-displayalgo: the value of  REAL LUX154.867340
06-20 17:45:52.683  2018  3127 I libsensor-displayalgo: the value of  CAL REAL LUX154.867340
06-20 17:45:52.779  2431  2945 I BatteryService: current mPlugType2current mHealthInfo.batteryLevel100current mHealthInfo.batteryTemperature340
06-20 17:45:52.782  5858  7526 D ThermalIECHandler: storeDataStyle: thermal_iec_monitor_persistence_data_style_iec_state; startIECTime: -1; IECScreenOffOverPeriodTime: 518734563
06-20 17:45:52.787  4190  4190 D DynamicService:  ACTION_BATTERY_CHANGED change,USB plug = 2
06-20 17:45:52.792  5858  7218 D PowerCheckerService: onBatteryChanged, mBatteryLevel = 100, status = 5, level = 100, plug = 2, scale = 100
06-20 17:45:52.793  5858  6736 D PowerKeeper.FrozenApp: onBatteryChanged plug=true mBatteryPlugged=2
06-20 17:45:52.793  5858  7667 D PowerKeeper.Thermal: mBatteryTemperature: 34
06-20 17:45:52.797  4176  4176 V DeviceStatisticsService: chargerType=2 batteryLevel=100 totalBatteryCapacity=4160000
06-20 17:45:52.800  5735  5735 I BatteryInfoReceiver: ACTION_BATTERY_CHANGED
06-20 17:45:52.801  5735  5735 I PowerNoticeUI: handleBatteryChanged oldPlugType 2 mPlugType 2 oldBatteryLevel 100 mBatteryLevel 100 temperature 340
06-20 17:45:52.803  4145  4145 D QtiCarrierConfigHelper: WARNING, no carrier configs on phone Id: 1
06-20 17:45:52.805  2431  2647 I android_os_HwBinder: HwBinder: Starting thread pool for getting: vendor.xiaomi.hardware.micharge@1.0::IMiCharge/default
06-20 17:45:52.806  1322  1351 E vendor.xiaomi.hardware.micharge@1.0-service: Failed to open node /sys/class/qcom-battery/reverse_chg_mode
06-20 17:45:52.806  1322  1351 I vendor.xiaomi.hardware.micharge@1.0-service: ReadFilePathValue path = /sys/class/qcom-battery/reverse_chg_mode value =
06-20 17:45:52.811  2431  2647 I android_os_HwBinder: HwBinder: Starting thread pool for getting: vendor.xiaomi.hardware.micharge@1.0::IMiCharge/default
06-20 17:45:52.813  5735 10484 I android_os_HwBinder: HwBinder: Starting thread pool for getting: vendor.xiaomi.hardware.micharge@1.0::IMiCharge/default
06-20 17:45:52.813  1322  1351 I vendor.xiaomi.hardware.micharge@1.0-service: ReadFilePathValue path = /sys/class/qcom-battery/fastchg_mode value = 0
06-20 17:45:52.814  1322  1351 I vendor.xiaomi.hardware.micharge@1.0-service: ReadFilePathValue path = /sys/class/qcom-battery/night_charging value = 0
06-20 17:45:52.814  5735 10484 I ChargeProtectionUtils: getNightChargingState: 0
06-20 17:45:52.814 31630 31630 I HandWritingStubImpl: isKeyboardTypeChanged: false
06-20 17:45:52.934  1265  2358 I vendor.qti.hardware.display.composer-service: FrameNotifyProcess Sensor: notify citsensorservice to trigger cwb
06-20 17:45:52.935  2018  2108 I libcitsensorservice@2.0-impl: msg_transfer
06-20 17:45:52.936  2018  3098 D vendor.xiaomi.sensor.citsensorservice@2.0-service: handle id:9 wxh:1280x2400 uwxuh:1080x2400 size: 9216000 fd:15 fd_meta:16 flags:0x4000228 usage:0x33  format:0x3 layer_count: 1
06-20 17:45:52.936  1265  1889 I SDM     : HWCSession::SetCWBOutputBuffer: CWB config passed by cwb_client : tappoint 1  CWB_ROI : (829.000000 4.000000 915.000000 90.000000)
06-20 17:45:52.942  1265  3695 I SDM     : HWCSession::ProcessRequests: Successfully configured CWB buffer.
06-20 17:45:52.951  1265  3695 I SDM     : HWCSession::ProcessRequests: Pushing release fence in fenece wait queue.
06-20 17:45:52.952  1265  3695 I SDM     : HWCSession::ProcessRequests: Creating AsyncFenceWaits async thread.
06-20 17:45:52.952  1265  3695 I SDM     : HWCSession::ProcessRequests: Remove current CWB request from the pending request queue.
06-20 17:45:52.956  1265  3695 I SDM     : HWCSession::ProcessRequests: No pending cwb requests found in the queue.
06-20 17:45:52.958  1265  1584 I SDM     : HWDeviceDRM::SetupConcurrentWriteback: Tear down the Concurrent Writeback topology
06-20 17:45:52.962  1265  3696 I SDM     : HWCSession::NotifyCWBStatus: Notify the client about buffer status 0.
06-20 17:45:52.962  1265  3696 I SDM     : HWCSession::PerformFenceWaits: Remove current release fence from the pending fence wait queue.
06-20 17:45:52.962  1265  3696 I SDM     : HWCSession::PerformFenceWaits: CWB fence queue is empty. No pending release fence to wait on.
06-20 17:45:52.982  2018  3127 D libsensor-displayalgo: the value of  brightness:438.000000,R:77296384.557271,G:77297133.237939,B:77313059.061408,EVENT_C:5898.500000,EVENT_R:2248.500000,EVENT_G:3026.000000,EVENT_B:1190.500000
06-20 17:45:52.982  2018  3127 I libsensor-displayalgo: the value of  Coef1:1107.681000,Coef4:2.383000, scale1:0.935522, scale4:0.923264
06-20 17:45:52.982  2018  3127 E libsensor-displayalgo: RGB_test_0407_400_oldzy!
06-20 17:45:52.982  2018  3127 I libsensor-displayalgo: the value of  RESULT3116.697536,1231.266004,1510.266625,565.233393
06-20 17:45:52.982  2018  3127 I libsensor-displayalgo: the value of  getChannelDataCalibrated3267.687221,1140.389644,1755.389210,616.914213
06-20 17:45:52.982  2018  3127 I libsensor-displayalgo: the value of  REAL LUX155.108322
06-20 17:45:52.982  2018  3127 I libsensor-displayalgo: the value of  CAL REAL LUX155.108322
06-20 17:45:53.153  5294 28586 W MiuiPerfServiceClient: interceptAndQueuing:16104|cn.missevan|140|85|394341438837902|Slow handle animation|4
06-20 17:45:53.239  1265  2358 I vendor.qti.hardware.display.composer-service: FrameNotifyProcess Sensor: notify citsensorservice to trigger cwb
06-20 17:45:53.240  2018  2108 I libcitsensorservice@2.0-impl: msg_transfer
06-20 17:45:53.241  2018  3098 D vendor.xiaomi.sensor.citsensorservice@2.0-service: handle id:9 wxh:1280x2400 uwxuh:1080x2400 size: 9216000 fd:15 fd_meta:16 flags:0x4000228 usage:0x33  format:0x3 layer_count: 1
06-20 17:45:53.242  1265  1889 I SDM     : HWCSession::SetCWBOutputBuffer: CWB config passed by cwb_client : tappoint 1  CWB_ROI : (829.000000 4.000000 915.000000 90.000000)
06-20 17:45:53.246  1265  3697 I SDM     : HWCSession::ProcessRequests: Successfully configured CWB buffer.
06-20 17:45:53.254  1265  3697 I SDM     : HWCSession::ProcessRequests: Pushing release fence in fenece wait queue.
06-20 17:45:53.255  1265  3697 I SDM     : HWCSession::ProcessRequests: Creating AsyncFenceWaits async thread.
06-20 17:45:53.255  1265  3697 I SDM     : HWCSession::ProcessRequests: Remove current CWB request from the pending request queue.
06-20 17:45:53.255  1265  3697 I SDM     : HWCSession::ProcessRequests: No pending cwb requests found in the queue.
06-20 17:45:53.256  1265  1584 I SDM     : HWDeviceDRM::SetupConcurrentWriteback: Tear down the Concurrent Writeback topology
06-20 17:45:53.270  1265  3698 I SDM     : HWCSession::NotifyCWBStatus: Notify the client about buffer status 0.
06-20 17:45:53.270  1265  3698 I SDM     : HWCSession::PerformFenceWaits: Remove current release fence from the pending fence wait queue.
06-20 17:45:53.270  1265  3698 I SDM     : HWCSession::PerformFenceWaits: CWB fence queue is empty. No pending release fence to wait on.
06-20 17:45:53.282  2018  3127 D libsensor-displayalgo: the value of  brightness:438.000000,R:77375716.939127,G:77376143.464170,B:77391269.635761,EVENT_C:5900.000000,EVENT_R:2253.500000,EVENT_G:3027.500000,EVENT_B:1189.500000
06-20 17:45:53.282  2018  3127 I libsensor-displayalgo: the value of  Coef1:1107.681000,Coef4:2.383000, scale1:0.935522, scale4:0.923264
06-20 17:45:53.282  2018  3127 E libsensor-displayalgo: RGB_test_0407_400_oldzy!
06-20 17:45:53.282  2018  3127 I libsensor-displayalgo: the value of  RESULT3118.837702,1232.115395,1511.231984,565.637200
06-20 17:45:53.282  2018  3127 I libsensor-displayalgo: the value of  getChannelDataCalibrated3269.931069,1141.176343,1756.511250,617.354941
06-20 17:45:53.282  2018  3127 I libsensor-displayalgo: the value of  REAL LUX155.031204
06-20 17:45:53.282  2018  3127 I libsensor-displayalgo: the value of  CAL REAL LUX155.031204
06-20 17:45:53.339 31630 31630 I HandWritingStubImpl: isKeyboardTypeChanged: false
06-20 17:45:53.543  1265  2358 I vendor.qti.hardware.display.composer-service: FrameNotifyProcess Sensor: notify citsensorservice to trigger cwb
06-20 17:45:53.543  2018  7182 I libcitsensorservice@2.0-impl: msg_transfer
06-20 17:45:53.544  2018  3098 D vendor.xiaomi.sensor.citsensorservice@2.0-service: handle id:9 wxh:1280x2400 uwxuh:1080x2400 size: 9216000 fd:15 fd_meta:16 flags:0x4000228 usage:0x33  format:0x3 layer_count: 1
06-20 17:45:53.544  1265  1889 I SDM     : HWCSession::SetCWBOutputBuffer: CWB config passed by cwb_client : tappoint 1  CWB_ROI : (829.000000 4.000000 915.000000 90.000000)
06-20 17:45:53.546  1265  3699 I SDM     : HWCSession::ProcessRequests: Successfully configured CWB buffer.
06-20 17:45:53.554  1265  3699 I SDM     : HWCSession::ProcessRequests: Pushing release fence in fenece wait queue.
06-20 17:45:53.554  1265  3699 I SDM     : HWCSession::ProcessRequests: Creating AsyncFenceWaits async thread.
06-20 17:45:53.554  1265  3699 I SDM     : HWCSession::ProcessRequests: Remove current CWB request from the pending request queue.
06-20 17:45:53.555  1265  3699 I SDM     : HWCSession::ProcessRequests: No pending cwb requests found in the queue.
06-20 17:45:53.560  1265  1584 I SDM     : HWDeviceDRM::SetupConcurrentWriteback: Tear down the Concurrent Writeback topology
06-20 17:45:53.567  1265  3700 I SDM     : HWCSession::NotifyCWBStatus: Notify the client about buffer status 0.
06-20 17:45:53.567  1265  3700 I SDM     : HWCSession::PerformFenceWaits: Remove current release fence from the pending fence wait queue.
06-20 17:45:53.567  1265  3700 I SDM     : HWCSession::PerformFenceWaits: CWB fence queue is empty. No pending release fence to wait on.
06-20 17:45:53.582  2018  3127 D libsensor-displayalgo: the value of  brightness:438.000000,R:77375716.939127,G:77376143.464170,B:77391269.635761,EVENT_C:5916.500000,EVENT_R:2256.500000,EVENT_G:3032.000000,EVENT_B:1191.000000
06-20 17:45:53.582  2018  3127 I libsensor-displayalgo: the value of  Coef1:1107.681000,Coef4:2.383000, scale1:0.935522, scale4:0.923264
06-20 17:45:53.582  2018  3127 E libsensor-displayalgo: RGB_test_0407_400_oldzy!
06-20 17:45:53.582  2018  3127 I libsensor-displayalgo: the value of  RESULT3118.837702,1232.115395,1511.231984,565.637200
06-20 17:45:53.582  2018  3127 I libsensor-displayalgo: the value of  getChannelDataCalibrated3269.931069,1141.176343,1756.511250,617.354941
06-20 17:45:53.582  2018  3127 I libsensor-displayalgo: the value of  REAL LUX156.165482
06-20 17:45:53.582  2018  3127 I libsensor-displayalgo: the value of  CAL REAL LUX156.165482
06-20 17:45:53.681 10074  4831 D MiuiFastConnectService: stopBleScan: scanning: true
06-20 17:45:53.682 10074  4831 D BluetoothAdapter: isLeEnabled(): ON
06-20 17:45:53.689  4046  4794 D BtGatt.GattService: stopScan() - queue size =1
06-20 17:45:53.696  4046  4234 I BtGatt.ScanManager: msg.what = 1, msg.arg1 = 0(mMiuiControllingType)
06-20 17:45:53.697  4046  4234 D BtGatt.ScanManager: track LE scan event: callerPackage = [com.xiaomi.bluetooth], scanMode = [0], reportDelayMillis = [0], behavior = [2], scannerId = [7], duration = [59952]
06-20 17:45:53.698  4046  4234 D BtGatt.ScanManager: stop scan
06-20 17:45:53.698  1175  1175 D vendor.qti.bluetooth@1.0-ibs_handler: SerialClockVote: vote for UART CLK ON
06-20 17:45:53.699  1175  1175 D vendor.qti.bluetooth@1.0-wake_lock: Acquire wakelock is acquired
