06-08 15:51:04.036  1245  9029 I SDM     : HWCSession::ProcessRequests: Creating AsyncFenceWaits async thread.
06-08 15:51:04.037  1245  9029 I SDM     : HWCSession::ProcessRequests: Remove current CWB request from the pending request queue.
06-08 15:51:04.038  1245  9029 I SDM     : HWCSession::ProcessRequests: No pending cwb requests found in the queue.
06-08 15:51:04.040  1245  1464 I SDM     : HWDeviceDRM::SetupConcurrentWriteback: Tear down the Concurrent Writeback topology
06-08 15:51:04.046  1245  9030 I SDM     : HWCSession::NotifyCWBStatus: Notify the client about buffer status 0.
06-08 15:51:04.047  1245  9030 I SDM     : HWCSession::PerformFenceWaits: Remove current release fence from the pending fence wait queue.
06-08 15:51:04.047  1245  9030 I SDM     : HWCSession::PerformFenceWaits: CWB fence queue is empty. No pending release fence to wait on.
06-08 15:51:04.205  1977  2997 D libsensor-displayalgo: the value of  brightness:410.000000,R:77377048.549670,G:77377477.358127,B:77392598.475746,EVENT_C:6757.000000,EVENT_R:2617.500000,EVENT_G:3406.500000,EVENT_B:1372.500000
06-08 15:51:04.205  1977  2997 I libsensor-displayalgo: the value of  Coef1:1107.681000,Coef4:2.383000, scale1:0.935522, scale4:0.923264
06-08 15:51:04.205  1977  2997 E libsensor-displayalgo: RGB_test_0407_400_oldzy!
06-08 15:51:04.206  1977  2997 I libsensor-displayalgo: the value of  RESULT2999.057479,1184.960970,1456.676648,544.407468
06-08 15:51:04.206  1977  2997 I libsensor-displayalgo: the value of  getChannelDataCalibrated3136.774168,1097.900615,1687.586047,591.200841
06-08 15:51:04.207  1977  2997 I libsensor-displayalgo: the value of  REAL LUX212.946060
06-08 15:51:04.207  1977  2997 I libsensor-displayalgo: the value of  CAL REAL LUX212.946060
06-08 15:51:04.280  1245  2285 I vendor.qti.hardware.display.composer-service: FrameNotifyProcess Sensor: notify citsensorservice to trigger cwb
06-08 15:51:04.280  1977  3798 I libcitsensorservice@2.0-impl: msg_transfer
06-08 15:51:04.280  1977  2987 D vendor.xiaomi.sensor.citsensorservice@2.0-service: handle id:8 wxh:1280x2400 uwxuh:1080x2400 size: 9216000 fd:15 fd_meta:16 flags:0x4000228 usage:0x33  format:0x3 layer_count: 1
06-08 15:51:04.281  1245  3014 I SDM     : HWCSession::SetCWBOutputBuffer: CWB config passed by cwb_client : tappoint 1  CWB_ROI : (829.000000 4.000000 915.000000 90.000000)
06-08 15:51:04.282  1245  9031 I SDM     : HWCSession::ProcessRequests: Successfully configured CWB buffer.
06-08 15:51:04.290  1245  9031 I SDM     : HWCSession::ProcessRequests: Pushing release fence in fenece wait queue.
06-08 15:51:04.290  1245  9031 I SDM     : HWCSession::ProcessRequests: Creating AsyncFenceWaits async thread.
06-08 15:51:04.290  1245  9031 I SDM     : HWCSession::ProcessRequests: Remove current CWB request from the pending request queue.
06-08 15:51:04.291  1245  9031 I SDM     : HWCSession::ProcessRequests: No pending cwb requests found in the queue.
06-08 15:51:04.295  1245  1464 I SDM     : HWDeviceDRM::SetupConcurrentWriteback: Tear down the Concurrent Writeback topology
06-08 15:51:04.301  1245  9033 I SDM     : HWCSession::NotifyCWBStatus: Notify the client about buffer status 0.
06-08 15:51:04.302  1245  9033 I SDM     : HWCSession::PerformFenceWaits: Remove current release fence from the pending fence wait queue.
06-08 15:51:04.302  1245  9033 I SDM     : HWCSession::PerformFenceWaits: CWB fence queue is empty. No pending release fence to wait on.
06-08 15:51:04.502  2403  2911 D MIUIInput: [MotionEvent] notifyMotion - eventTime=2068887957512000, deviceId=8, source=0x1002, policyFlags=0x0, action=0x0, flags=0x0, downTime=2068887957512000, moveCount:0
06-08 15:51:04.503  2403  2910 D MIUIInput: [MotionEvent] publisher action=0x0, 2068887957, channel '98f7aec GestureStubHome (server)'
06-08 15:51:04.507  1977  2997 D libsensor-displayalgo: the value of  brightness:410.000000,R:77377048.549670,G:77377477.358127,B:77392598.475746,EVENT_C:6694.500000,EVENT_R:2598.500000,EVENT_G:3372.000000,EVENT_B:1358.500000
06-08 15:51:04.507  1977  2997 I libsensor-displayalgo: the value of  Coef1:1107.681000,Coef4:2.383000, scale1:0.935522, scale4:0.923264
06-08 15:51:04.507  1977  2997 E libsensor-displayalgo: RGB_test_0407_400_oldzy!
06-08 15:51:04.507  1977  2997 I libsensor-displayalgo: the value of  RESULT2999.057479,1184.960970,1456.676648,544.407468
06-08 15:51:04.508  1977  2997 I libsensor-displayalgo: the value of  getChannelDataCalibrated3136.774168,1097.900615,1687.586047,591.200841
06-08 15:51:04.508  1977  2997 I libsensor-displayalgo: the value of  REAL LUX208.819046
06-08 15:51:04.508  1977  2997 I libsensor-displayalgo: the value of  CAL REAL LUX208.819046
06-08 15:51:04.511  1245  2285 I vendor.qti.hardware.display.composer-service: FrameNotifyProcess Sensor: notify citsensorservice to trigger cwb
06-08 15:51:04.512  2403  5877 D BLASTBufferQueue: releaseBufferCallback ReleaseCallbackId: bufferId:10320806414750 framenumber:13
06-08 15:51:04.512  1977  1977 I libcitsensorservice@2.0-impl: msg_transfer
06-08 15:51:04.512  1977  2987 D vendor.xiaomi.sensor.citsensorservice@2.0-service: handle id:8 wxh:1280x2400 uwxuh:1080x2400 size: 9216000 fd:15 fd_meta:16 flags:0x4000228 usage:0x33  format:0x3 layer_count: 1
06-08 15:51:04.513  1245  3014 I SDM     : HWCSession::SetCWBOutputBuffer: CWB config passed by cwb_client : tappoint 1  CWB_ROI : (829.000000 4.000000 915.000000 90.000000)
06-08 15:51:04.514  7124  7124 D MIUIInput: [MotionEvent] ViewRootImpl windowName 'GestureStubHome', { action=ACTION_DOWN, id[0]=0, pointerCount=1, eventTime=2068887957, downTime=2068887957, phoneEventTime=15:51:04.500 } moveCount:0
06-08 15:51:04.515  7124  7124 D NavStubView: onTouchEvent: action=0, count=1
06-08 15:51:04.516  1245  9035 I SDM     : HWCSession::ProcessRequests: Successfully configured CWB buffer.
06-08 15:51:04.516  7124  7124 D NavStubView: onTouch ACTION_DOWN sendMessageDelayed MSG_CHECK_GESTURE_STUB_TOUCHABLE
06-08 15:51:04.517  2403  3423 D SchedBoost: startBoostInternal 2000
06-08 15:51:04.517  2403  3423 D SchedBoost: ready to boost
06-08 15:51:04.520  2403  3423 D SchedBoost: startBoostInternal 2000
06-08 15:51:04.520  2403  3423 D SchedBoost: ready to boost
06-08 15:51:04.520  1262  1454 E ANDR-PERF-OPTSHANDLER: checkAlreadySetCpuset: fopen failed, errno Permission denied, trying pgid as pid to check
06-08 15:51:04.526  1245  9035 I SDM     : HWCSession::ProcessRequests: Pushing release fence in fenece wait queue.
06-08 15:51:04.526  1245  9035 I SDM     : HWCSession::ProcessRequests: Creating AsyncFenceWaits async thread.
06-08 15:51:04.526  1245  9035 I SDM     : HWCSession::ProcessRequests: Remove current CWB request from the pending request queue.
06-08 15:51:04.526  1245  9035 I SDM     : HWCSession::ProcessRequests: No pending cwb requests found in the queue.
06-08 15:51:04.533  1245  1464 I SDM     : HWDeviceDRM::SetupConcurrentWriteback: Tear down the Concurrent Writeback topology
06-08 15:51:04.535  7124  7124 D NavStubView: onTouchEvent: action=2, count=1
06-08 15:51:04.535  2403  2566 D PerfImpl: perfGetWorkLoadType
06-08 15:51:04.535  7124  7473 D MiBridge: requestCpuHighFreq---- uid: 10079 level: 1 timeoutms:1000
06-08 15:51:04.536  7124  7124 D NavStubView: onPointEvent: rawX=615.0   rawY=2369.4001   action=0   mIsInFsMode=false
06-08 15:51:04.536  2403  2566 D PerfImpl: perfScrollBoost: cn.missevan, -1, 4
06-08 15:51:04.536  7124  7124 E RotationHelper: setCurrentTransitionRequest: request=2
06-08 15:51:04.536  7124  7124 E RotationHelper: notifyChange activityFlags=1, mMultiWindowRotationRequest=3, mCurrentTransitionRequest=2, mCurrentStateRequest=0
06-08 15:51:04.536  2403  3423 D SchedBoost: startBoostInternal 2000
06-08 15:51:04.536  7124  7124 W RecentsModel: getRunningTaskContainHome
06-08 15:51:04.536  2403  3423 D SchedBoost: ready to boost
06-08 15:51:04.536  1875  1898 W MiuiBooster: "MiuiBoosterService requestCpuHighFreq: 10079, 1, 1000"
06-08 15:51:04.536  1875  1898 W MiuiBooster: "requestCpuHighFreq,final level:1,final timeoutms:1000"
06-08 15:51:04.537  1875  1898 W MiuiBooster: "perf_hint_hc start"
06-08 15:51:04.537  1875  1898 W MiuiBooster: "big_core_value[level-1]:4095"
06-08 15:51:04.537  1875  1898 W MiuiBooster: "little_core_value[level-1]:4095"
06-08 15:51:04.537  1875  1898 W MiuiBooster: "prime_core_value[level - 1]:4095"
06-08 15:51:04.537  5823  7760 I DisplayFrameSetting: appToHomeGestrueStart is back to home, during gesture setFps: 120
06-08 15:51:04.537  7124  7399 I Launcher: notifyPowerKeeperGesture status: gesture_start
06-08 15:51:04.537  7124  7124 W RecentsModel: getRunningTask   taskInfo=TaskInfo{userId=0 pcFlags:0 taskId=425 displayId=0 isRunning=true baseIntent=Intent { act=android.intent.action.MAIN cat=[android.intent.category.LAUNCHER] flg=0x10200000 cmp=cn.missevan/.activity.MainActivity } baseActivity=ComponentInfo{cn.missevan/cn.missevan.activity.MainActivity} topActivity=ComponentInfo{cn.missevan/cn.missevan.activity.MainActivity} origActivity=null realActivity=ComponentInfo{cn.missevan/cn.missevan.activity.MainActivity} numActivities=1 lastActiveTime=3037064829 supportsSplitScreenMultiWindow=true supportsMultiWindow=true resizeMode=1 isResizeable=true token=WCT{android.window.IWindowContainerToken$Stub$Proxy@ebeef38} topActivityType=1 pictureInPictureParams=PictureInPictureParams( aspectRatio=null sourceRectHint=null hasSetActions=false isAutoPipEnabled=false isSeamlessResizeEnabled=true) displayCutoutSafeInsets=null topActivityInfo=ActivityInfo{17f1b11 cn.missevan.activity.MainActivity} launchCookies=[] positionInParent=Point(0, 0) parentTaskId=-1 isFocused=true isVisible=true topActivityInSizeCompat=false topActivityInMiuiSizeCompat=false locusId= null windowMode=0}
06-08 15:51:04.537  7124  7124 W RecentsModel: getTaskInfoIgnoreFreeform   taskInfo=ComponentInfo{cn.missevan/cn.missevan.activity.MainActivity}
06-08 15:51:04.537  7124  7124 D NavStubView: current window mode:2 (1:home, 2:app, 3:recent-task, 4:keyguard, 5:quick-switch, 6:assistant, 7:one-hand)
06-08 15:51:04.538  5823  7760 I DisplayFrameSetting: setScreenEffect pkg=cn.missevan fps=120 cookie=244
06-08 15:51:04.538  7124  7124 W NavStubView: mIsBlockedAfterExitSmallWindowMode=false
06-08 15:51:04.538  7124  7124 W NavStubView: mIsBlockedAfterStartNewTask=false
06-08 15:51:04.538  7124  7124 D NavStubView: isAppHandleGesture, runningTaskClassName=cn.missevan.activity.MainActivity, isAppHandleGesture=false
06-08 15:51:04.534  1262  1262 W perf-hal-servic: type=1400 audit(0.0:272499): avc: denied { search } for name="1875" dev="proc" ino=72505779 scontext=u:r:vendor_hal_perf_default:s0 tcontext=u:r:miuibooster:s0 tclass=dir permissive=0
06-08 15:51:04.534  1262  1262 W perf-hal-servic: type=1400 audit(0.0:272500): avc: denied { search } for name="1875" dev="proc" ino=72505779 scontext=u:r:vendor_hal_perf_default:s0 tcontext=u:r:miuibooster:s0 tclass=dir permissive=0
06-08 15:51:04.538  2403  2566 D PerfImpl: perfGetWorkLoadType
06-08 15:51:04.538  2403  3423 D SchedBoost: startBoostInternal 2000
06-08 15:51:04.538  2403  3423 D SchedBoost: ready to boost
06-08 15:51:04.538  7124  7124 E BlurUtils: fastBlur ratio=0.0   withAnim=false   sBlurRatioValue=0.0
06-08 15:51:04.538  7124  7124 E Launcher: changeViewByFsGestureState,  view=ShortcutMenuLayer,  alpha=0.0,  scale=0.85
06-08 15:51:04.539  7124  7124 D NavStubView: NavStubView::removeAllTopWindowMessages
06-08 15:51:04.539  2403  3423 D SchedBoost: startBoostInternal 2000
06-08 15:51:04.539  2403  3423 D SchedBoost: ready to boost
06-08 15:51:04.539  7124  7124 D EventBus: No subscribers registered for event class com.miui.home.launcher.common.messages.CloseAllOverLauncherWindowMessage
06-08 15:51:04.539  7124  7124 D EventBus: No subscribers registered for event class org.greenrobot.eventbus.NoSubscriberEvent
06-08 15:51:04.539  7124  7124 D NavStubView: onPointEvent: rawX=614.0375   rawY=2348.558   action=2   mIsInFsMode=false
06-08 15:51:04.539  2403  3423 D SchedBoost: startBoostInternal 2000
06-08 15:51:04.539  2403  3423 D SchedBoost: ready to boost
06-08 15:51:04.539  2403  2566 D PerfImpl: perfDragBoost: cn.missevan, -1, 1
06-08 15:51:04.539  7124  7124 W GestureStateMachine: InitState msg=1
06-08 15:51:04.540  1875  1898 W MiuiBooster: "perf_handle:774976"
06-08 15:51:04.540  7124  7124 W GestureStateMachine: AppWaitToDragState enter
06-08 15:51:04.542  7124  7463 D RecentsTopWindowCrop_RecentsSmallWindowCrop: resetSmallWindowCrop
06-08 15:51:04.543  7124  7124 D NavStubView: onTouchEvent: action=2, count=1
06-08 15:51:04.543  7124  7473 D MiBridge: requestCpuHighFreq handle: 1
06-08 15:51:04.543  7124  7473 D Launcher_CPUBooster: boostCpuToMax:0
06-08 15:51:04.543  1245  9037 I SDM     : HWCSession::NotifyCWBStatus: Notify the client about buffer status 0.
06-08 15:51:04.544  7124  7124 W GestureStateMachine: AppWaitToDragState msg=3
06-08 15:51:04.544  7124  7124 D NavStubView: onPointEvent: rawX=611.90497   rawY=2299.089   action=2   mIsInFsMode=false
06-08 15:51:04.545  7124  7124 W GestureStateMachine: AppWaitToDragState msg=2
06-08 15:51:04.545  7124  7124 W GestureStateMachine: AppWaitToDragState msg=3
06-08 15:51:04.548  2403  2568 W ProcessStats: Tracking association SourceState{4b46155 com.android.systemui/1000 BTopFgs #851004} whose proc state 2 is better than process ProcessState{333876a com.miui.notification:remote/1000 pkg=com.miui.notification} proc state 3 (47 skipped)
06-08 15:51:04.549  1245  9037 I SDM     : HWCSession::PerformFenceWaits: Remove current release fence from the pending fence wait queue.
06-08 15:51:04.549  1245  9037 I SDM     : HWCSession::PerformFenceWaits: CWB fence queue is empty. No pending release fence to wait on.
06-08 15:51:04.551  7124  7124 D NavStubView: onTouchEvent: action=2, count=1
06-08 15:51:04.552  2403  3423 D SchedBoost: startBoostInternal 2000
06-08 15:51:04.552  2403  3423 D SchedBoost: ready to boost
06-08 15:51:04.553  2403  3423 D SchedBoost: startBoostInternal 2000
06-08 15:51:04.553  2403  3423 D SchedBoost: ready to boost
06-08 15:51:04.553  2403  3423 D SchedBoost: startBoostInternal 2000
06-08 15:51:04.553  2403  3423 D SchedBoost: ready to boost
06-08 15:51:04.555  2403  3423 D SchedBoost: startBoostInternal 2000
06-08 15:51:04.555  2403  3423 D SchedBoost: ready to boost
06-08 15:51:04.565  7124   524 D RecentsAnimationListenerImpl: onAnimationStart, homeContentInsets=Rect(0, 104 - 0, 44), minimizedHomeBounds=null
06-08 15:51:04.566  7124   524 D RemoteAnimationTargetSet: 0, RemoteAnimationTargetCompat{taskId=2, mode=0, isTranslucent=false, clipRect=Rect(0, 0 - 0, 0), position=Point(0, 0), sourceContainerBounds=Rect(0, 0 - 1080, 2400), prefixOrderIndex=21, isNotInRecents=true, contentInsets=Rect(0, 104 - 0, 44), activityType=2, packageName=com.miui.home}
06-08 15:51:04.566  7124   524 D RemoteAnimationTargetSet: 1, RemoteAnimationTargetCompat{taskId=425, mode=1, isTranslucent=false, clipRect=Rect(0, 0 - 0, 0), position=Point(0, 0), sourceContainerBounds=Rect(0, 0 - 1080, 2400), prefixOrderIndex=25, isNotInRecents=false, contentInsets=Rect(0, 104 - 0, 44), activityType=1, packageName=cn.missevan}
06-08 15:51:04.566  7124   524 E ClipAnimationHelper: updateSourceStack  mSourceInsets=Rect(0, 104 - 0, 44), mSourceStackBounds=Rect(0, 0 - 1080, 2400)
06-08 15:51:04.566  7124   524 E ClipAnimationHelper: updateHomeStack  mSourceInsets=Rect(0, 104 - 0, 44), mHomeStackBounds=Rect(0, 0 - 1080, 2400)
06-08 15:51:04.566  7124   524 E ClipAnimationHelper: updateTargetRect  mSourceRect=RectF(0.0, 104.0, 1080.0, 2454.7234)   mTargetRect=RectF(305.0, 104.0, 775.0, 1127.0)   mSourceWindowClipInsets=RectF(0.0, 104.0, 0.0, 0.0)   mHomeStackBounds=Rect(0, 0 - 1080, 2400)   targetRect=Rect(305, 104 - 775, 1127)
06-08 15:51:04.566  7124   524 D RecentsAnimationListenerImpl: mIsStart=true
06-08 15:51:04.572  2403  5873 I WindowManagerService: Physical orientation applied, rotation=0 sfOrientation=ORIENTATION_0
06-08 15:51:04.573  7124  7124 D Launcher.Lifecycle: onStart:UserHandle{0},a1ae5e7,false
06-08 15:51:04.574  7566 22305 D LauncherOverlay: setActivityState:1
06-08 15:51:04.574  7124  7124 D NavStubView: onPointEvent: rawX=610.8811   rawY=2257.1184   action=2   mIsInFsMode=false
06-08 15:51:04.575  7124  7124 D NavStubView: onTouchEvent: action=2, count=1
06-08 15:51:04.577  1103 14312 E traffic : traffic monitor has been disabled or argment error.
06-08 15:51:04.581  2403  3423 D SchedBoost: startBoostInternal 2000
06-08 15:51:04.581  2403  3423 D SchedBoost: ready to boost
06-08 15:51:04.582  2403  3423 D SchedBoost: startBoostInternal 2000
06-08 15:51:04.582  2403  3423 D SchedBoost: ready to boost
06-08 15:51:04.582  1379  1379 D MI-SF   : Launcher Changed hasLauncher=1
06-08 15:51:04.584  2403  3057 I MiuiNetworkPolicyTrafficLimit: updateWhiteListUidForMobileTraffic uid=10079,add=true
06-08 15:51:04.586  2403  3057 I MiuiNetworkPolicyTrafficLimit: updateWhiteListUidForMobileTraffic uid=10068,add=true
06-08 15:51:04.586  2403  3057 D MiuiNetworkPolicyTrafficLimit: updateWhiteListUidForMobileTraffic rst=true
06-08 15:51:04.587  2403  3057 D MiuiNetworkPolicyTrafficLimit: updateWhiteListUidForMobileTraffic rst=true
06-08 15:51:04.589  2403  5873 I WindowManagerService: Physical orientation applied, rotation=0 sfOrientation=ORIENTATION_0
06-08 15:51:04.590  2403  5877 I SmartPower.com.miui.personalassistant/10068(7566): background->visible(38272ms) R(become visible) adj=100.
06-08 15:51:04.591  2403  3429 I SmartPower: com.miui.personalassistant/10068 state=inactive adj=100 proc size=1 move to foreground become visible
06-08 15:51:04.590  7124  7124 W RenderThread: type=1400 audit(0.0:272501): avc: denied { read write } for name="metis" dev="tmpfs" ino=1112 scontext=u:r:platform_app:s0:c512,c768 tcontext=u:object_r:migt_dev:s0 tclass=chr_file permissive=0
06-08 15:51:04.596  2403  2911 D MIUIInput: [MotionEvent] notifyMotion - eventTime=2068888052325000, deviceId=8, source=0x1002, policyFlags=0x0, action=0x1, flags=0x0, downTime=2068887957512000, moveCount:16
06-08 15:51:04.596  2403  2910 D MIUIInput: [MotionEvent] publisher action=0x1, 2068888052, channel '98f7aec GestureStubHome (server)'
06-08 15:51:04.596  7124  7124 D NavStubView: onTouchEvent: action=2, count=1
06-08 15:51:04.597  7124  7124 D MIUIInput: [MotionEvent] ViewRootImpl windowName 'GestureStubHome', { action=ACTION_UP, id[0]=0, pointerCount=1, eventTime=2068888052, downTime=2068887957, phoneEventTime=15:51:04.596 } moveCount:5
06-08 15:51:04.597  7124  7124 D NavStubView: onTouchEvent: action=1, count=1
06-08 15:51:04.597  7124  7124 D NavStubView: ACTION_UP: mIsGestureStarted: true
06-08 15:51:04.598  7124  7124 W GestureStateMachine: AppWaitToDragState msg=3
06-08 15:51:04.598  7124  7124 D NavStubView: onPointEvent: rawX=616.50995   rawY=2141.408   action=2   mIsInFsMode=false
06-08 15:51:04.600  7124  7124 D NavStubView: onPointEvent: rawX=629.8   rawY=1880.8   action=2   mIsInFsMode=false
06-08 15:51:04.600  7124  7344 E StateBroadcastUtils: sendFsStateBroadCast state=crossSafeArea   channel=gesture   packageName=
06-08 15:51:04.600  7124  7124 D NavStubView: onPointEvent: rawX=629.8   rawY=1880.8   action=1   mIsInFsMode=false
06-08 15:51:04.601  7124  7124 D NavStubView: isFastPullUp  mPivotLocY=2169   mFollowTailY=2393.0   TAIL_GAP=25   vx=0.70521307   vy=-10.479115
06-08 15:51:04.601  7124  7124 W GestureStateMachine: AppWaitToDragState msg=3
06-08 15:51:04.601  7124  7124 W GestureStateMachine: AppWaitToDragState msg=3
06-08 15:51:04.601  7124  7124 W GestureStateMachine: AppWaitToDragState msg=5
06-08 15:51:04.601  7124  7124 D LauncherClient.Service: service already connected:com.miui.personalassistant
06-08 15:51:04.601  2403  3423 D SchedBoost: startBoostInternal 2000
06-08 15:51:04.601  2403  3423 D SchedBoost: ready to boost
06-08 15:51:04.602  2403  3423 D SchedBoost: startBoostInternal 2000
06-08 15:51:04.602  2403  3423 D SchedBoost: ready to boost
06-08 15:51:04.604  2403  3423 D SchedBoost: startBoostInternal 2000
06-08 15:51:04.604  2403  3423 D SchedBoost: ready to boost
06-08 15:51:04.607  2403  3423 D SchedBoost: startBoostInternal 2000
06-08 15:51:04.607  2403  3423 D SchedBoost: ready to boost
06-08 15:51:04.607  2403  5877 I WindowManagerService: Physical orientation applied, rotation=0 sfOrientation=ORIENTATION_0
06-08 15:51:04.607  2403  3423 D SchedBoost: startBoostInternal 2000
06-08 15:51:04.607  2403  3423 D SchedBoost: ready to boost
06-08 15:51:04.609  2403  3423 D SchedBoost: startBoostInternal 2000
06-08 15:51:04.609  2403  3423 D SchedBoost: ready to boost
06-08 15:51:04.616  7566  7566 D LauncherOverlay.Window: onStart
06-08 15:51:04.623  2403  4016 I WindowManagerService: Physical orientation applied, rotation=0 sfOrientation=ORIENTATION_0
06-08 15:51:04.624  7566 22305 I OpenGLRenderer: Davey! duration=679701ms; Flags=1, FrameTimelineVsyncId=152612161, IntendedVsync=2068208368180976, Vsync=2068208368180976, InputEventId=1770060729, HandleInputStart=2068208368693329, AnimationStart=2068208368694423, PerformTraversalsStart=2068208368694683, DrawStart=2068208481486350, FrameDeadline=2068208390180975, FrameInterval=2068208368656194, FrameStartTime=8333333, SyncQueued=2068208481661402, SyncStart=2068208483749683, IssueDrawCommandsStart=2068208483914006, SwapBuffers=2068208485907339, FrameCompleted=2068888071333955, DequeueBufferDuration=1270729, QueueBufferDuration=1146354, GpuCompleted=2068888071333955, SwapBuffersCompleted=2068208487940985, DisplayPresentTime=29555319231217668,
06-08 15:51:04.625  6969  7675 W OpenGLRenderer: Surface doesn't have any previously queued frames, nothing to readback from
06-08 15:51:04.626  6969  7165 D HomeWallpaperRenderer: OFFSET  x: 1.0  y: 0.0
06-08 15:51:04.626  6969  7675 W OpenGLRenderer: Surface doesn't have any previously queued frames, nothing to readback from
06-08 15:51:04.630  7124  7124 W GestureStateMachine: AppWaitToDragState msg=11
06-08 15:51:04.630  7124  7124 D NavStubView: performAppToHome
06-08 15:51:04.630  7124  7124 E BlurUtils: fastBlur ratio=0.0   withAnim=true   sBlurRatioValue=0.0
06-08 15:51:04.630  7124  7124 D Launcher: onHomeIntentCallback:0
06-08 15:51:04.630  7124  7124 E NavStubView: startAppToHomeAnim, isQuickSwich=false, isUseSimpleAnim=true
06-08 15:51:04.630  7124  7124 D LauncherFsGestureCompat: componentName is cn.missevan/cn.missevan.activity.MainActivity
06-08 15:51:04.630  7124  7124 I NavStubView: startAppToHomeAnim, homeRotationStartRectF=RectF(177.28, 310.8446, 971.94934, 1911.3999), homeRotationTargetRectF=RectF(842.0, 1350.0, 1002.0, 1510.0), homeRotation=0, currentDisplayRotation=0, animTarget=com.miui.home.launcher.ShortcutIcon{805314b VFE...CL. ........ 795,1248-1049,1528}(çŒ«è€³FM), mCurTaskRadius = 90.0, endRadius = 243.0
06-08 15:51:04.631  7124  7124 D NavStubView: startAppToHomeInGestureThread
06-08 15:51:04.631  7124  7124 D NavStubView: startAppToHomeInGestureThread, mAppToHomeAnim2 start
06-08 15:51:04.631  7124  7344 E StateBroadcastUtils: sendFsStateBroadCast state=toHome   channel=gesture   packageName=
06-08 15:51:04.632  7124  7124 D NavStubView: startAppToHomeInGestureThread, mAppToHomeAnim2 start, hide icon=com.miui.home.launcher.ShortcutIcon{805314b VFE...CL. ........ 795,1248-1049,1528}(çŒ«è€³FM)
06-08 15:51:04.632  7124 11091 W FloatingIconLayer: getFloatingIconLayer
06-08 15:51:04.632  7124  7124 D NavStubView: ===>>>finalization executed from: performAppToHome
06-08 15:51:04.632  7124  7124 E RotationHelper: setCurrentTransitionRequest: request=0
06-08 15:51:04.632  7124  7124 E RotationHelper: notifyChange activityFlags=1, mMultiWindowRotationRequest=3, mCurrentTransitionRequest=0, mCurrentStateRequest=0
06-08 15:51:04.633  7124  7124 E Launcher: changeViewByFsGestureState,  view=ShortcutMenuLayer,  alpha=1.0,  scale=1.0
06-08 15:51:04.634  2403  3423 D SchedBoost: startBoostInternal 2000
06-08 15:51:04.634  2403  3423 D SchedBoost: ready to boost
06-08 15:51:04.634  2403  3423 D SchedBoost: startBoostInternal 2000
06-08 15:51:04.634  2403  3423 D SchedBoost: ready to boost
06-08 15:51:04.638  7124 11091 D NavStubView: startAppToHomeInGestureThread, mAppToHomeAnim2 start, create mFloatingIconLayer=com.miui.home.recents.FloatingIconLayer@4cbea81, isStart=true
06-08 15:51:04.638  7124 11091 W FloatingIconLayer: drawIcon
06-08 15:51:04.643  2403  2566 D PerfImpl: perfGetWorkLoadType
06-08 15:51:04.644  2403  2566 D PerfImpl: perfScrollBoost: cn.missevan, 1750, 1
06-08 15:51:04.645  2403  2566 D PerfImpl: perfGetWorkLoadType
06-08 15:51:04.646  2403  2566 D PerfImpl: perfScrollBoost: cn.missevan, -1, 4
06-08 15:51:04.646  2403  2566 D PerfImpl: perfGetWorkLoadType
06-08 15:51:04.647  2403  2566 D PerfImpl: perfLockRelease
06-08 15:51:04.649  7124  7421 D BLASTBufferQueue: releaseBufferCallback ReleaseCallbackId: bufferId:30597347019531 framenumber:1
06-08 15:51:04.646  7124  7124 W RenderThread: type=1400 audit(0.0:272502): avc: denied { read write } for name="metis" dev="tmpfs" ino=1112 scontext=u:r:platform_app:s0:c512,c768 tcontext=u:object_r:migt_dev:s0 tclass=chr_file permissive=0
06-08 15:51:04.665  2403  4016 D PerfImpl: perfFirstDrawBoost: com.miui.home, 7124, 1
06-08 15:51:04.666  1262  5242 E ANDR-PERF-LM: ThreadHelper: thread_callback() 145: More than one pending updates!!! This should not happen. MeterMgr should avoid this case.
06-08 15:51:04.675  2403  4016 I WindowManagerService: Physical orientation applied, rotation=0 sfOrientation=ORIENTATION_0
06-08 15:51:04.677  7124  7124 D EventBus: No subscribers registered for event class com.miui.home.recents.messages.TaskSnapshotChangedEvent
06-08 15:51:04.677  7124  7124 D EventBus: No subscribers registered for event class org.greenrobot.eventbus.NoSubscriberEvent
06-08 15:51:04.677  6969  7675 W OpenGLRenderer: Surface doesn't have any previously queued frames, nothing to readback from
06-08 15:51:04.686  7124  7399 I Launcher: notifyPowerKeeperGesture status: to_home
06-08 15:51:04.686  4164  4164 V ShadeControllerImpl: NotificationShadeWindow: com.android.systemui.statusbar.phone.NotificationShadeWindowView{4c298e4 I.E...... ......ID 0,0-1080,2400} canPanelBeCollapsed(): false
06-08 15:51:04.687  4164  4164 I vol.MiuiVolumeDialogImp-plugin: dismissH mShowing:false dialog showing:false reason:2
06-08 15:51:04.687  5786  5786 I GameBoosterService: onReceive: android.intent.action.CLOSE_SYSTEM_DIALOGS
06-08 15:51:04.690 21291  9045 I Market-HomeKeyReceiver: onReceive: action: android.intent.action.CLOSE_SYSTEM_DIALOGS
06-08 15:51:04.690 21291  9045 I Market-HomeKeyReceiver: reason: fs_gesture
06-08 15:51:04.700  7124  7463 D NavStubView: NavStubView::exitTopWindowCrop
06-08 15:51:04.703  7612  7612 D DecorView[MainActivity]: onWindowFocusChanged hasWindowFocus false
06-08 15:51:04.804  1977  2997 D libsensor-displayalgo: the value of  brightness:410.000000,R:77377048.549670,G:77377477.358127,B:77392598.475746,EVENT_C:6664.500000,EVENT_R:2580.000000,EVENT_G:3356.000000,EVENT_B:1358.000000
06-08 15:51:04.804  1977  2997 I libsensor-displayalgo: the value of  Coef1:1107.681000,Coef4:2.383000, scale1:0.935522, scale4:0.923264
06-08 15:51:04.804  1977  2997 E libsensor-displayalgo: RGB_test_0407_400_oldzy!
06-08 15:51:04.805  1977  2997 I libsensor-displayalgo: the value of  RESULT2999.057479,1184.960970,1456.676648,544.407468
06-08 15:51:04.805  1977  2997 I libsensor-displayalgo: the value of  getChannelDataCalibrated3136.774168,1097.900615,1687.586047,591.200841
06-08 15:51:04.805  1977  2997 I libsensor-displayalgo: the value of  REAL LUX206.711899
06-08 15:51:04.805  1977  2997 I libsensor-displayalgo: the value of  CAL REAL LUX206.711899
06-08 15:51:04.811  1245  2285 I vendor.qti.hardware.display.composer-service: FrameNotifyProcess Sensor: notify citsensorservice to trigger cwb
06-08 15:51:04.811  1977  2106 I libcitsensorservice@2.0-impl: msg_transfer
06-08 15:51:04.811  1977  2987 D vendor.xiaomi.sensor.citsensorservice@2.0-service: handle id:8 wxh:1280x2400 uwxuh:1080x2400 size: 9216000 fd:15 fd_meta:16 flags:0x4000228 usage:0x33  format:0x3 layer_count: 1
06-08 15:51:04.811  1245  3014 I SDM     : HWCSession::SetCWBOutputBuffer: CWB config passed by cwb_client : tappoint 1  CWB_ROI : (829.000000 4.000000 915.000000 90.000000)
06-08 15:51:04.813  1245  9046 I SDM     : HWCSession::ProcessRequests: Successfully configured CWB buffer.
06-08 15:51:04.822  1245  9046 I SDM     : HWCSession::ProcessRequests: Pushing release fence in fenece wait queue.
06-08 15:51:04.823  1245  9046 I SDM     : HWCSession::ProcessRequests: Creating AsyncFenceWaits async thread.
06-08 15:51:04.823  1245  9046 I SDM     : HWCSession::ProcessRequests: Remove current CWB request from the pending request queue.
06-08 15:51:04.823  1245  9046 I SDM     : HWCSession::ProcessRequests: No pending cwb requests found in the queue.
06-08 15:51:04.827  1245  1464 I SDM     : HWDeviceDRM::SetupConcurrentWriteback: Tear down the Concurrent Writeback topology
06-08 15:51:04.836  1245  9047 I SDM     : HWCSession::NotifyCWBStatus: Notify the client about buffer status 0.
06-08 15:51:04.836  1245  9047 I SDM     : HWCSession::PerformFenceWaits: Remove current release fence from the pending fence wait queue.
06-08 15:51:04.836  1245  9047 I SDM     : HWCSession::PerformFenceWaits: CWB fence queue is empty. No pending release fence to wait on.
06-08 15:51:04.965  2403  2603 I LatencyTracker: ACTION_START_RECENTS_ANIMATION latency=-514596386
06-08 15:51:05.053  7124  7124 D NavStubView: startAppToHomeInGestureThread, mAppToHomeAnim2 update, reset icon=com.miui.home.launcher.ShortcutIcon{805314b VFE...CL. ........ 795,1248-1049,1528}(çŒ«è€³FM)
06-08 15:51:05.053  7124  7124 D QuickstepAppTransitionManagerImpl: resetShortcutIconAlpha, icon=com.miui.home.launcher.ShortcutIcon{805314b VFE...CL. ........ 795,1248-1049,1528}(çŒ«è€³FM), isNeedResetIcon=true, mIsOpenAnimRunning=false, isOpeningTheSameIcon=false
06-08 15:51:05.094  7124  7124 D NavStubView: finish: toRecents=true   sendUserLeaveHint=true
06-08 15:51:05.095  7124  7124 E Launcher: changeViewByFsGestureState,  view=ShortcutMenuLayer,  alpha=1.0,  scale=1.0
06-08 15:51:05.095  7124  7124 D NavStubView: startAppToHomeInGestureThread, mAppToHomeAnim2 end, reset icon=com.miui.home.launcher.ShortcutIcon{805314b VFE...CL. ........ 795,1248-1049,1528}(çŒ«è€³FM)
06-08 15:51:05.095  7124  7124 D QuickstepAppTransitionManagerImpl: resetShortcutIconAlpha, icon=com.miui.home.launcher.ShortcutIcon{805314b VFE...CL. ........ 795,1248-1049,1528}(çŒ«è€³FM), isNeedResetIcon=true, mIsOpenAnimRunning=false, isOpeningTheSameIcon=false
06-08 15:51:05.095  7124 11091 W FloatingIconLayer: releaseSync
06-08 15:51:05.104  1977  2997 D libsensor-displayalgo: the value of  brightness:410.000000,R:53366020.583298,G:58280270.960544,B:65265106.329503,EVENT_C:5993.500000,EVENT_R:2333.500000,EVENT_G:3014.000000,EVENT_B:1223.500000
06-08 15:51:05.104  1977  2997 I libsensor-displayalgo: the value of  Coef1:1107.681000,Coef4:2.383000, scale1:0.935522, scale4:0.923264
06-08 15:51:05.104  1977  2997 E libsensor-displayalgo: RGB_test_0407_400_oldzy!
06-08 15:51:05.105  1977  2997 I libsensor-displayalgo: the value of  RESULT2432.712347,930.274578,1210.349560,447.297126
06-08 15:51:05.105  1977  2997 I libsensor-displayalgo: the value of  getChannelDataCalibrated2544.422473,861.926305,1402.211694,485.743589
06-08 15:51:05.105  1977  2997 I libsensor-displayalgo: the value of  REAL LUX201.340973
06-08 15:51:05.105  1977  2997 I libsensor-displayalgo: the value of  CAL REAL LUX201.340973
06-08 15:51:05.111  2403  5873 D PerfImpl: perfWarmLaunchBoost: com.miui.home, -1, 1
06-08 15:51:05.111  1262  1454 E ANDR-PERF-OPTSHANDLER: Perflock resource /sys/class/devfreq/soc:qcom,cpubw/max_freq not supported
06-08 15:51:05.111  1262  1454 E ANDR-PERF-RESOURCEQS: Failed to apply optimization [6, 6]
06-08 15:51:05.111  1262  1454 E ANDR-PERF-OPTSHANDLER: Perflock resource /sys/class/devfreq/soc:qcom,cpubw/min_freq not supported
06-08 15:51:05.111  1262  1454 E ANDR-PERF-RESOURCEQS: Failed to apply optimization [6, 0]
06-08 15:51:05.116  1245  2285 I vendor.qti.hardware.display.composer-service: FrameNotifyProcess Sensor: notify citsensorservice to trigger cwb
06-08 15:51:05.116  1977  1977 I libcitsensorservice@2.0-impl: msg_transfer
06-08 15:51:05.116  1977  2987 D vendor.xiaomi.sensor.citsensorservice@2.0-service: handle id:8 wxh:1280x2400 uwxuh:1080x2400 size: 9216000 fd:15 fd_meta:16 flags:0x4000228 usage:0x33  format:0x3 layer_count: 1
06-08 15:51:05.116  1245  3014 I SDM     : HWCSession::SetCWBOutputBuffer: CWB config passed by cwb_client : tappoint 1  CWB_ROI : (829.000000 4.000000 915.000000 90.000000)
06-08 15:51:05.117  1262  1454 E ANDR-PERF-OPTSHANDLER: Perflock resource /sys/class/devfreq/soc:qcom,cpu0-llcc-ddr-lat/min_freq not supported
06-08 15:51:05.117  1262  1454 E ANDR-PERF-RESOURCEQS: Failed to apply optimization [13, 12]
06-08 15:51:05.120  1245  9049 I SDM     : HWCSession::ProcessRequests: Successfully configured CWB buffer.
06-08 15:51:05.120  7124  7124 D Launcher.Lifecycle: onResume:UserHandle{0},a1ae5e7,false
06-08 15:51:05.120  7124  7124 W Settings: Setting device_provisioned has moved from android.provider.Settings.Secure to android.provider.Settings.Global.
06-08 15:51:05.120  7124  7473 D MiBridge: requestCpuHighFreq---- uid: 10079 level: 1 timeoutms:500
06-08 15:51:05.120  1875  1898 W MiuiBooster: "MiuiBoosterService requestCpuHighFreq: 10079, 1, 500"
06-08 15:51:05.120  1875  1898 W MiuiBooster: "requestCpuHighFreq,final level:1,final timeoutms:500"
06-08 15:51:05.120  1875  1898 W MiuiBooster: "perf_hint_hc start"
06-08 15:51:05.120  1875  1898 W MiuiBooster: "big_core_value[level-1]:4095"
06-08 15:51:05.120  1875  1898 W MiuiBooster: "little_core_value[level-1]:4095"
06-08 15:51:05.120  1875  1898 W MiuiBooster: "prime_core_value[level - 1]:4095"
06-08 15:51:05.121  7124  7124 D Launcher.FullbackHome: FallbackHomeCompat::needKillSelf::needKillSelf = false
06-08 15:51:05.121  7566 22305 D LauncherOverlay: setActivityState:3
06-08 15:51:05.121  1875  1898 W MiuiBooster: "perf_handle:774981"
06-08 15:51:05.122  7566  7566 D LauncherOverlay.Window: onResume
06-08 15:51:05.123  7124  7473 D MiBridge: requestCpuHighFreq handle: 1
06-08 15:51:05.123  7124  7473 D Launcher_CPUBooster: boostCpuToMax:0
06-08 15:51:05.126  1245  9049 I SDM     : HWCSession::ProcessRequests: Pushing release fence in fenece wait queue.
06-08 15:51:05.126  1245  9049 I SDM     : HWCSession::ProcessRequests: Creating AsyncFenceWaits async thread.
06-08 15:51:05.126  1245  9049 I SDM     : HWCSession::ProcessRequests: Remove current CWB request from the pending request queue.
06-08 15:51:05.126  1245  9049 I SDM     : HWCSession::ProcessRequests: No pending cwb requests found in the queue.
06-08 15:51:05.130  1245  1464 I SDM     : HWDeviceDRM::SetupConcurrentWriteback: Tear down the Concurrent Writeback topology
06-08 15:51:05.137  7124  7399 D RecentsAnimationListenerImpl: finish, toRecents=true, sendUserLeaveHint=true
06-08 15:51:05.137  7124  7399 D RecentsAnimationListenerImpl: mIsStart=false
06-08 15:51:05.140  2403  2568 I SmartPower.cn.missevan/10462(7612): visible->invisible(39295ms) R(become invisible) adj=0.
06-08 15:51:05.141  2403  2568 I SmartPower.cn.missevan:pushservice/10462(8258): invisible->background(36117ms) R(become background) adj=500.
06-08 15:51:05.141  2403  2568 I SmartPower.cn.missevan:player/10462(7983): invisible->background(38582ms) R(become background) adj=250.
06-08 15:51:05.141  1245  9051 I SDM     : HWCSession::NotifyCWBStatus: Notify the client about buffer status 0.
06-08 15:51:05.141  2403  2568 I SmartPower.cn.missevan:channel/10462(8486): invisible->background(28910ms) R(become background) adj=905.
06-08 15:51:05.141  2403  2568 I SmartPower.cn.missevan/10462(7612): invisible->background(0ms) R(become background) adj=0.
06-08 15:51:05.141  1245  9051 I SDM     : HWCSession::PerformFenceWaits: Remove current release fence from the pending fence wait queue.
06-08 15:51:05.141  1245  9051 I SDM     : HWCSession::PerformFenceWaits: CWB fence queue is empty. No pending release fence to wait on.
06-08 15:51:05.141  2403  3429 I SmartPower: cn.missevan/10462 state=foreground adj=0 proc size=4 move to inactive become invisible
06-08 15:51:05.143  7124  7124 E RotationHelper: setCurrentTransitionRequest: request=0
06-08 15:51:05.148  7124  7124 D Launcher.Lifecycle: onWindowFocusChanged:true,UserHandle{0},a1ae5e7,false
06-08 15:51:05.148  7124  7124 D Launcher_UnlockAnimationStateMachine: onWindowFocus:IDLE
06-08 15:51:05.148  7124  7124 D DecorView[]: onWindowFocusChanged hasWindowFocus true
06-08 15:51:05.149  5786  6155 I ProcessMonitor: onForegroundInfoChanged: ForegroundInfo{mForegroundPackageName='com.miui.home', mForegroundUid=10079, mForegroundPid=7124, mLastForegroundPackageName='cn.missevan', mLastForegroundUid=10462, mLastForegroundPid=7612, mMultiWindowForegroundPackageName='com.miui.home', mMultiWindowForegroundUid=10079, mFlags=0}
06-08 15:51:05.149  7124  7124 I HandWritingStubImpl: isKeyboardTypeChanged: false
06-08 15:51:05.149  7124  7124 I HandWritingStubImpl: refreshLastKeyboardType: 1
06-08 15:51:05.149  7124  7124 I HandWritingStubImpl: getCurrentKeyboardType: 1
06-08 15:51:05.150  5823  5842 D PerfEngineController: ForegroundInfo{mForegroundPackageName='com.miui.home', mForegroundUid=10079, mForegroundPid=7124, mLastForegroundPackageName='cn.missevan', mLastForegroundUid=10462, mLastForegroundPid=7612, mMultiWindowForegroundPackageName='com.miui.home', mMultiWindowForegroundUid=10079, mFlags=0}
06-08 15:51:05.151 20707 26979 D AutoInstallService: onForegroundInfoChanged: com.miui.home
06-08 15:51:05.151  5786  6155 I GameBoosterService: onForegroundInfoChanged: Cur=com.miui.home	 last=cn.missevan
06-08 15:51:05.151 13365 13377 I GST     : forePkg: com.miui.home, preForePkg: cn.missevan
06-08 15:51:05.152  7124   524 D AppObserver: ForegroundInfo{mForegroundPackageName='com.miui.home', mForegroundUid=10079, mForegroundPid=7124, mLastForegroundPackageName='cn.missevan', mLastForegroundUid=10462, mLastForegroundPid=7612, mMultiWindowForegroundPackageName='com.miui.home', mMultiWindowForegroundUid=10079, mFlags=0}
06-08 15:51:05.152  5823  7439 D LS-ForegroundStatusManager: handleMessage ForegroundInfoChanged. pkg = com.miui.home, uid = 10079, mCurrentForegroundUid = 10462
06-08 15:51:05.152  5823  7439 D LS-ForegroundStatusManager: onForegroundChanged mCurrentForegroundUid = 10462, new uid = 10079
06-08 15:51:05.153  5823  7674 I ThermalInfoCollector: collectForgroundAppsInfo: cn.missevan
06-08 15:51:05.154  5786  6155 D GameBoosterService: onGameStatusChange foreground:ForegroundInfo{mForegroundPackageName='com.miui.home', mForegroundUid=10079, mForegroundPid=7124, mLastForegroundPackageName='cn.missevan', mLastForegroundUid=10462, mLastForegroundPid=7612, mMultiWindowForegroundPackageName='com.miui.home', mMultiWindowForegroundUid=10079, mFlags=0}
06-08 15:51:05.155  5786  6155 I VideoBoxUtils: isSupportVideoBox: true
06-08 15:51:05.157  7124  7124 I HandWritingStubImpl: isKeyboardTypeChanged: false
06-08 15:51:05.157  7124  7124 D NavStubView: switchToScreenshot failed, isThumbnailDataValid=false, isRecentsLoaded=true
06-08 15:51:05.157  7124  7124 I HandWritingStubImpl: isKeyboardTypeChanged: false
06-08 15:51:05.157  5823  7418 D BL-BatteryLifeChecker:  onMessage. what = -10
06-08 15:51:05.158  5823  7418 D BL-BatteryLifeChecker:  onMessage. Foreground uid = 10079, isForeground = true
06-08 15:51:05.158  5823  7760 D ThermalIECHandler: IECAll48Allowed: false; IECMonitorAllowed: false; IECTestState: false
06-08 15:51:05.159  7825  7825 E BaseInputMethodService: onUnbindInput
06-08 15:51:05.160 26154 26174 I ^_^MemoryTrim: onAppBackground()
06-08 15:51:05.161  7825  7825 E BaseInputMethodService: onBindInput
06-08 15:51:05.162  7825  7825 E BaseInputMethodService: onFinishInput
06-08 15:51:05.162  7825  7825 E BaseInputMethodService: onStartInput
06-08 15:51:05.163  5452  5519 I SLM-SRV-SLAToast: foreground uid:10079, isColdStart:false, isLinkTurboEnable:false
06-08 15:51:05.164  1604  1966 D IdProviderImpl: getOAID from com.miui.analytics
06-08 15:51:05.165  5823  7418 D BL-BatteryLifeChecker:  onMessage. what = -10
06-08 15:51:05.165  5823  7418 D BL-BatteryLifeChecker:  onMessage. Foreground uid = 10462, isForeground = false
06-08 15:51:05.165  5786  6155 I VideoToolBoxService: splitMode: onfalse
06-08 15:51:05.166  5786  6155 I VideoToolBoxService: onForegroundInfoChanged: Exit Vtb
06-08 15:51:05.168  7612  7612 I HandWritingStubImpl: isKeyboardTypeChanged: false
06-08 15:51:05.168  4164  4164 D NotifBadge: recevie broadbcast ACTION_APPLICATION_MESSAGE_QUERY, requestFirstTime=false
06-08 15:51:05.169  4164  4164 I OneHandedController: stopOneHanded mState=STATE_NONE, uiEvent=ONE_HANDED_TRIGGER_APP_TAPS_OUT
06-08 15:51:05.172  7612  7743 W SQLiteLog: (28) double-quoted string literal: "CoRiVtHO8PPeJXI+AJ2NqXlBJIOCfeilE85n8Iy3e9G/IrPkmRL4oct2RHTt5IyYvmd/lwAY8qDS
06-08 15:51:05.172  7612  7743 W SQLiteLog: H8bGA5yLYMdEsERpFY5mijPfWxZlkq6ysG/FQwW0hm+L0griTlgaU+GfDTENwck3r1HSpAtgFA==
06-08 15:51:05.172  7612  7743 W SQLiteLog: "
06-08 15:51:05.172  7612  7743 W SQLiteLog: (28) double-quoted string literal: "6F853AE09638804DD09B1FF748D5EC16"
06-08 15:51:05.174  7124  7124 D RecentsImpl: mActivityStateObserver com.miui.home.launcher.Launcher
06-08 15:51:05.174  7124  7124 W RecentsImpl: onResumed className=com.miui.home.launcher.Launcher   mIsInAnotherPro=false   isKeyguardLocked=false
06-08 15:51:05.174  7124  7124 D Launcher: notifyBackGestureStatus
06-08 15:51:05.177  7124  7344 E Launcher: notifyBackGestureStatus:run usingFsGesture=true   show=true   focus=true   pause=false
06-08 15:51:05.177  7124  7344 D Launcher: notifyFsGestureHomeStatus    enableBackGesture=false   isSupportRecentsAndFsGesture=true
06-08 15:51:05.179  7124  7344 W RecentsImpl: updateFsgWindowVisibilityState   isEnter=false   typeFrom=typefrom_home   isOpen=true   mIsInAnotherPro=false   mIsStatusBarExpansion=false
06-08 15:51:05.179  7124  7344 W RecentsImpl: getTopActivity from observer.   cn=ComponentInfo{com.miui.home/com.miui.home.launcher.Launcher}
06-08 15:51:05.179  7124  7124 D RecentsImpl: showNavStubView
06-08 15:51:05.179  7124  7124 D NavStubView_Touch: setKeepHidden    old=false   new=false
06-08 15:51:05.179  7124  7399 D RecentsImpl: hideBackStubWindow
06-08 15:51:05.182  5823  7760 D ThermalIECHandler: storeDataStyle: thermal_iec_monitor_persistence_data_style_iec_state; startIECTime: -1; IECScreenOffOverPeriodTime: 3035475955
06-08 15:51:05.182  5823  7760 D ThermalIECHandler: storeDataStyle: thermal_iec_monitor_persistence_data_style_iec_state; startIECTime: -1; IECScreenOffOverPeriodTime: 3035475955
06-08 15:51:05.198  1103 14312 E traffic : traffic monitor has been disabled or argment error.
06-08 15:51:05.202  2403  3057 I MiuiNetworkPolicyTrafficLimit: updateWhiteListUidForMobileTraffic uid=10462,add=false
06-08 15:51:05.203  2403  3057 D MiuiNetworkPolicyTrafficLimit: updateWhiteListUidForMobileTraffic rst=true
06-08 15:51:05.210  2403  2911 D MIUIInput: [MotionEvent] notifyMotion - eventTime=2068888666903000, deviceId=8, source=0x1002, policyFlags=0x0, action=0x0, flags=0x0, downTime=2068888666903000, moveCount:0
06-08 15:51:05.210  2403  2910 D MIUIInput: [MotionEvent] publisher action=0x4, 2068888666, channel '9ede85b NavigationBar0 (server)'
06-08 15:51:05.210  2403  2910 D MIUIInput: [MotionEvent] publisher action=0x4, 2068888666, channel '127ebfc LauncherOverlayWindow:com.miui.personalassistant (server)'
06-08 15:51:05.211  2403  2910 D MIUIInput: [MotionEvent] publisher action=0x0, 2068888666, channel '26557a3 com.miui.home/com.miui.home.launcher.Launcher (server)'
06-08 15:51:05.211  7124  7124 D MIUIInput: [MotionEvent] ViewRootImpl windowName 'com.miui.home/com.miui.home.launcher.Launcher', { action=ACTION_DOWN, id[0]=0, pointerCount=1, eventTime=2068888666, downTime=2068888666, phoneEventTime=15:51:05.210 } moveCount:0
06-08 15:51:05.212  7124  7124 D EventBus: No subscribers registered for event class com.miui.home.launcher.common.messages.EndSpringAnimatorMessage
06-08 15:51:05.212  7124  7124 D EventBus: No subscribers registered for event class org.greenrobot.eventbus.NoSubscriberEvent
06-08 15:51:05.212  7124  7124 D Launcher.Feed: touchState : 0 scrolling : false normalEditing : false WidgetThumbnailViewShowing : false UninstallDialogShowing : false isMinusScreenShowing: false
06-08 15:51:05.212  7124  7124 D Launcher.Feed: can not use
06-08 15:51:05.212  7124  7124 D Launcher.StatusBarController: try intercept touch, isProxySurvive=true
06-08 15:51:05.213  7124  7124 D Launcher.Workspace: Workspace touch down
06-08 15:51:05.213  7124  7124 D ScreenView_Workspace: onIntercept:0.0
06-08 15:51:05.213  7124  7124 D ScreenView_Workspace: not intercept
06-08 15:51:05.213  7124  7124 D Launcher.CellLayout: touch item:ShortcutInfo, id=487, itemType=0, user=UserHandle{0}, mIconType=0, pkgName=cn.missevan, className=cn.missevan.activity.SplashActivity, screenId=3, container=-100, cellX=3, cellY=4, spanX=1, spanY=1
06-08 15:51:05.213  7124  7124 D Launcher.itemIcon: folmeDown
06-08 15:51:05.218  2403  4473 D BLASTBufferQueue: releaseBufferCallback ReleaseCallbackId: bufferId:10320806414751 framenumber:14
06-08 15:51:05.218  7124  7480 D Launcher.Boost: bindcore 200
06-08 15:51:05.222  7124  7344 D StatusBarController: handleMessage: flag 800000  disable false
06-08 15:51:05.223  7124  7124 D Launcher_WallpaperUtils: changeStatusBarMode:false
06-08 15:51:05.230  2403  3454 I WindowManagerService: Physical orientation applied, rotation=0 sfOrientation=ORIENTATION_0
06-08 15:51:05.245  7124   524 D RecentsModel: onTaskStackChangedBackground
06-08 15:51:05.245  7124  9281 D RecentsModel: onTaskStackChangedBackground    MSG_TASK_STACK_CHANGE
06-08 15:51:05.245  7124  9281 D RecentsModel: preloadRecents
06-08 15:51:05.245  7124  9281 W RecentsModel: getRunningTask
06-08 15:51:05.245  5786  6155 I SCTaskStackListener: onTaskStackChanged! inSplit = false
06-08 15:51:05.245  5823  5842 I MultiScreenObserver: onTaskStackChanged, splitScreenMode: false isCameraFloat: false isSmallScreen: false
06-08 15:51:05.245  5786 26156 I SCTaskStackListener: onTaskStackChanged! inSplit = false
06-08 15:51:05.246  7124  9281 W RecentsModel: getRunningTask   taskInfo=TaskInfo{userId=0 pcFlags:0 taskId=2 displayId=0 isRunning=true baseIntent=Intent { act=android.intent.action.MAIN cat=[android.intent.category.HOME] flg=0x10800100 cmp=com.miui.home/.launcher.Launcher } baseActivity=ComponentInfo{com.miui.home/com.miui.home.launcher.Launcher} topActivity=ComponentInfo{com.miui.home/com.miui.home.launcher.Launcher} origActivity=null realActivity=ComponentInfo{com.miui.home/com.miui.home.launcher.Launcher} numActivities=1 lastActiveTime=3037065538 supportsSplitScreenMultiWindow=true supportsMultiWindow=true resizeMode=2 isResizeable=true token=WCT{android.window.IWindowContainerToken$Stub$Proxy@aed5d6} topActivityType=2 pictureInPictureParams=PictureInPictureParams( aspectRatio=null sourceRectHint=null hasSetActions=false isAutoPipEnabled=false isSeamlessResizeEnabled=true) displayCutoutSafeInsets=null topActivityInfo=ActivityInfo{91c7057 com.miui.home.launcher.Launcher} launchCookies=[] positionInParent=Point(0, 0) parentTaskId=-1 isFocused=true isVisible=true topActivityInSizeCompat=false topActivityInMiuiSizeCompat=false locusId= null windowMode=0}
06-08 15:51:05.246  7124  9281 W RecentsModel: getTaskInfoIgnoreHomeAndFreeform   taskInfo=ComponentInfo{com.miui.home/com.miui.home.launcher.Launcher}
06-08 15:51:05.247  7124  9281 E ActivityManagerWrapper: get all recent tasks force including 2
06-08 15:51:05.247  7124  9281 E ActivityManagerWrapper: getRecentTasks: size=1
06-08 15:51:05.247  7124  9281 E ActivityManagerWrapper: getRecentTasks: taskId=425   userId=0   baseIntent=Intent { act=android.intent.action.MAIN cat=[android.intent.category.LAUNCHER] flg=0x10200000 cmp=cn.missevan/.activity.MainActivity }
06-08 15:51:05.268  2403  3454 W ActivityTaskManager: Skip mGoingToSleepWakeLock release for sleepingOrShuttingDown
06-08 15:51:05.322  7124  7463 E Launcher.Transfer: transfer is closed
06-08 15:51:05.404  1977  2997 D libsensor-displayalgo: the value of  brightness:410.000000,R:53461510.016621,G:58359605.414545,B:65346075.829370,EVENT_C:6055.000000,EVENT_R:2353.500000,EVENT_G:3046.500000,EVENT_B:1238.000000
06-08 15:51:05.404  1977  2997 I libsensor-displayalgo: the value of  Coef1:1107.681000,Coef4:2.383000, scale1:0.935522, scale4:0.923264
06-08 15:51:05.404  1977  2997 E libsensor-displayalgo: RGB_test_0407_400_oldzy!
06-08 15:51:05.404  1977  2997 I libsensor-displayalgo: the value of  RESULT2435.191478,931.352495,1211.427387,447.746075
06-08 15:51:05.404  1977  2997 I libsensor-displayalgo: the value of  getChannelDataCalibrated2547.015446,862.925026,1403.460376,486.231126
06-08 15:51:05.404  1977  2997 I libsensor-displayalgo: the value of  REAL LUX205.065552
06-08 15:51:05.404  1977  2997 I libsensor-displayalgo: the value of  CAL REAL LUX205.065552
06-08 15:51:05.421  1245  2285 I vendor.qti.hardware.display.composer-service: FrameNotifyProcess Sensor: notify citsensorservice to trigger cwb
06-08 15:51:05.421  1977  3798 I libcitsensorservice@2.0-impl: msg_transfer
06-08 15:51:05.421  1977  2987 D vendor.xiaomi.sensor.citsensorservice@2.0-service: handle id:8 wxh:1280x2400 uwxuh:1080x2400 size: 9216000 fd:15 fd_meta:16 flags:0x4000228 usage:0x33  format:0x3 layer_count: 1
06-08 15:51:05.421  1245  3014 I SDM     : HWCSession::SetCWBOutputBuffer: CWB config passed by cwb_client : tappoint 1  CWB_ROI : (829.000000 4.000000 915.000000 90.000000)
06-08 15:51:05.423  1245  9057 I SDM     : HWCSession::ProcessRequests: Successfully configured CWB buffer.
