07-11 19:31:44.279  1000  1000 D CompositionEngine: writeOutputDependentGeometryStateToHWC layer[#0] set Z 134217730 miFodLayer 134217728
07-11 19:31:44.279  1000  1000 D CompositionEngine: writeOutputDependentGeometryStateToHWC layer[StatusBar#0] set Z 134217731 miFodLayer 134217728
07-11 19:31:44.279  1000  1000 D CompositionEngine: writeOutputDependentGeometryStateToHWC layer[RoundCorner#0] set Z 134217732 miFodLayer 134217728
07-11 19:31:44.279  1000  1000 D CompositionEngine: writeOutputDependentGeometryStateToHWC layer[RoundCorner#1] set Z 134217733 miFodLayer 134217728
07-11 19:31:44.336   599   599 E SELinux : avc:  denied  { find } for pid=7093 uid=10181 name=tethering scontext=u:r:vendor_systemhelper_app:s0:c512,c768 tcontext=u:object_r:tethering_service:s0 tclass=service_manager permissive=0
07-11 19:31:44.537   599   599 E SELinux : avc:  denied  { find } for pid=7093 uid=10181 name=tethering scontext=u:r:vendor_systemhelper_app:s0:c512,c768 tcontext=u:object_r:tethering_service:s0 tclass=service_manager permissive=0
07-11 19:31:44.611  1969  2393 I MiuiNetworkPolicy: bandwidth: 4 KB/s, Max bandwidth: 4827 KB/s
07-11 19:31:44.738   599   599 E SELinux : avc:  denied  { find } for pid=7093 uid=10181 name=tethering scontext=u:r:vendor_systemhelper_app:s0:c512,c768 tcontext=u:object_r:tethering_service:s0 tclass=service_manager permissive=0
07-11 19:31:44.939   599   599 E SELinux : avc:  denied  { find } for pid=7093 uid=10181 name=tethering scontext=u:r:vendor_systemhelper_app:s0:c512,c768 tcontext=u:object_r:tethering_service:s0 tclass=service_manager permissive=0
07-11 19:31:45.027   910  2332 E CamX    : [ERROR][NCS    ] camxncsservice.cpp:594 EnqueueJob() Can not enqueue jobs when thread is stopped
07-11 19:31:45.027   910  2332 W CamX    : [ WARN][NCS    ] camxncsintfqsee.cpp:2263 FillSensorData() Buffer queue for sensor 10 has been freed: bufh=0x0, bufsize=360, stride=4
07-11 19:31:45.059   908 12402 I vendor.qti.bluetooth@1.0-ibs_handler: ProcessIbsCmd: Received IBS_WAKE_IND: 0xFD
07-11 19:31:45.059   908 12402 D vendor.qti.bluetooth@1.0-ibs_handler: SerialClockVote: vote for UART CLK ON
07-11 19:31:45.060   908 12402 D vendor.qti.bluetooth@1.0-wake_lock: Acquire wakelock is acquired
07-11 19:31:45.060   908 12402 I vendor.qti.bluetooth@1.0-ibs_handler: ProcessIbsCmd: Writing IBS_WAKE_ACK
07-11 19:31:45.062 12146 12405 V bt_stack: [VERBOSE1:btm_ble_gap.cc(1924)] btm_ble_process_ext_adv_pkt: bda=7c:25:da:a1:a6:8e
07-11 19:31:45.062 12146 12405 V bt_stack: [VERBOSE1:btm_ble_gap.cc(1848)] btm_ble_process_adv_addr: bda=7c:25:da:a1:a6:8e
07-11 19:31:45.062 12146 12405 V bt_stack: [VERBOSE1:btm_inq.cc(1019)] BTM_InqDbRead: bd addr 7c:25:da:a1:a6:8e
07-11 19:31:45.066  3576 12463 E MiuiFastConnectService: check adv data not fast connect
07-11 19:31:45.126   910  2332 E CamX    : [ERROR][NCS    ] camxncsservice.cpp:594 EnqueueJob() Can not enqueue jobs when thread is stopped
07-11 19:31:45.127   910  2332 W CamX    : [ WARN][NCS    ] camxncsintfqsee.cpp:2263 FillSensorData() Buffer queue for sensor 10 has been freed: bufh=0x0, bufsize=360, stride=4
07-11 19:31:45.141   599   599 E SELinux : avc:  denied  { find } for pid=7093 uid=10181 name=tethering scontext=u:r:vendor_systemhelper_app:s0:c512,c768 tcontext=u:object_r:tethering_service:s0 tclass=service_manager permissive=0
07-11 19:31:45.141   908 12402 I vendor.qti.bluetooth@1.0-ibs_handler: ProcessIbsCmd: Received IBS_SLEEP_IND: 0xFE
07-11 19:31:45.141   908 12402 D vendor.qti.bluetooth@1.0-ibs_handler: SerialClockVote: vote for UART CLK OFF
07-11 19:31:45.291   908 12312 D vendor.qti.bluetooth@1.0-wake_lock: Release wakelock is released
07-11 19:31:45.304  1969  2374 D MIUIInput: [MotionEvent] notifyMotion - eventTime=536096981066000, deviceId=3, source=0x1002, policyFlags=0x0, action=0x0, flags=0x0, downTime=536096981066000, moveCount:0
07-11 19:31:45.306  1969  2373 W InputDispatcher: checkSynergyInfo mode:0 info:0 0, id:-1
07-11 19:31:45.306  1969  2373 D MIUIInput: [MotionEvent] publisher action=0x4, 536096981, channel '7d88cc7 LauncherOverlayWindow:com.miui.personalassistant (server)'
07-11 19:31:45.307  1969  2373 D MIUIInput: [MotionEvent] publisher action=0x0, 536096981, channel '3d707f7 com.miui.home/com.miui.home.launcher.Launcher (server)'
07-11 19:31:45.307  1969  2373 D MIUIInput: [MotionEvent] publisher action=0x0, 536096981, channel 'b20a658 com.miui.miwallpaper.wallpaperservice.MiuiKeyguardPictorialWallpaper (server)'
07-11 19:31:45.307  1969  2373 D MIUIInput: [MotionEvent] publisher action=0x0, 536096981, channel 'a766ba7 com.miui.miwallpaper.wallpaperservice.ImageWallpaper (server)'
07-11 19:31:45.308  3005  3005 D MIUIInput: [MotionEvent] ViewRootImpl { action=ACTION_DOWN, id[0]=0, pointerCount=1, eventTime=536096981, downTime=536096981 } moveCount:0
07-11 19:31:45.308  3005  3005 D EventBus: No subscribers registered for event class com.miui.home.launcher.common.messages.EndSpringAnimatorMessage
07-11 19:31:45.308  3005  3005 D EventBus: No subscribers registered for event class org.greenrobot.eventbus.NoSubscriberEvent
07-11 19:31:45.309  3005  3005 D Launcher.Feed: touchState : 0 scrolling : false normalEditing : false WidgetThumbnailViewShowing : false UninstallDialogShowing : false isMinusScreenShowing: false
07-11 19:31:45.310  1969  2131 E PointerController: [doFadingAnimationLocked:632]
07-11 19:31:45.310  1969  2131 E PointerController: [updatePointerLocked:811] mLocked.pointerIconChanged = 0
07-11 19:31:45.310  1969  2131 E PointerController: [updatePointerLocked:812] mLocked.presentationChanged = 0
07-11 19:31:45.310  1969  2131 E PointerController: [updatePointerLocked:813] mLocked.presentation = 3
07-11 19:31:45.310  1969  2131 E PointerController: [updatePointerLocked:814] mLocked.requestedPointerType = 1000
07-11 19:31:45.311  3005  3005 D Launcher.StatusBarController: try intercept touch, isProxySurvive=true
07-11 19:31:45.311  1969  2461 W SchedBoost: SchedBoost begin: proc: 3005/3210, mode: 2 aff:[4, 5, 6]
07-11 19:31:45.312  3005  3005 D Launcher.Workspace: Workspace touch down
07-11 19:31:45.312  1000  1000 D CompositionEngine: writeOutputDependentGeometryStateToHWC layer[com.miui.miwallpaper.wallpaperservice.ImageWallpaper#0] set Z 134217728 miFodLayer 134217728
07-11 19:31:45.312  3005  3005 D ScreenView_Workspace: onIntercept:0.0
07-11 19:31:45.312  3005  3005 D ScreenView_Workspace: not intercept
07-11 19:31:45.312  1000  1000 D CompositionEngine: writeOutputDependentGeometryStateToHWC layer[com.miui.home/com.miui.home.launcher.Launcher#0] set Z 134217729 miFodLayer 134217728
07-11 19:31:45.312  1000  1000 D CompositionEngine: writeOutputDependentGeometryStateToHWC layer[#0] set Z 134217730 miFodLayer 134217728
07-11 19:31:45.312  1000  1000 D CompositionEngine: writeOutputDependentGeometryStateToHWC layer[StatusBar#0] set Z 134217731 miFodLayer 134217728
07-11 19:31:45.312  1000  1000 D CompositionEngine: writeOutputDependentGeometryStateToHWC layer[Sprite#10] set Z 134217732 miFodLayer 134217728
07-11 19:31:45.312  1000  1000 D CompositionEngine: writeOutputDependentGeometryStateToHWC layer[RoundCorner#0] set Z 134217733 miFodLayer 134217728
07-11 19:31:45.312  1000  1000 D CompositionEngine: writeOutputDependentGeometryStateToHWC layer[RoundCorner#1] set Z 134217734 miFodLayer 134217728
07-11 19:31:45.312  3005  3005 D Launcher.CellLayout: touch item:ShortcutInfo, id=935, itemType=0, user=UserHandle{0}, mIconType=0, pkgName=cn.missevan, className=cn.missevan.activity.SplashActivity, screenId=3, container=-100, cellX=0, cellY=3, spanX=1, spanY=1
07-11 19:31:45.313  3005  3005 D Launcher.itemIcon: folmeDown
07-11 19:31:45.315  3005  7754 D Launcher.Boost: bindcore 200
07-11 19:31:45.341   599   599 E SELinux : avc:  denied  { find } for pid=7093 uid=10181 name=tethering scontext=u:r:vendor_systemhelper_app:s0:c512,c768 tcontext=u:object_r:tethering_service:s0 tclass=service_manager permissive=0
07-11 19:31:45.352  1969  2374 D MIUIInput: [MotionEvent] notifyMotion - eventTime=536097030054000, deviceId=3, source=0x1002, policyFlags=0x0, action=0x1, flags=0x0, downTime=536096981066000, moveCount:0
07-11 19:31:45.352  1969  2373 W InputDispatcher: checkSynergyInfo mode:0 info:0 0, id:-1
07-11 19:31:45.353  1969  2373 D MIUIInput: [MotionEvent] publisher action=0x1, 536097030, channel '3d707f7 com.miui.home/com.miui.home.launcher.Launcher (server)'
07-11 19:31:45.353  1969  2373 D MIUIInput: [MotionEvent] publisher action=0x1, 536097030, channel 'b20a658 com.miui.miwallpaper.wallpaperservice.MiuiKeyguardPictorialWallpaper (server)'
07-11 19:31:45.353  1969  2373 D MIUIInput: [MotionEvent] publisher action=0x1, 536097030, channel 'a766ba7 com.miui.miwallpaper.wallpaperservice.ImageWallpaper (server)'
07-11 19:31:45.353  3005  3005 D MIUIInput: [MotionEvent] ViewRootImpl { action=ACTION_UP, id[0]=0, pointerCount=1, eventTime=536097030, downTime=536096981 } moveCount:0
07-11 19:31:45.353  3005  3005 D Launcher.Workspace: Workspace touch up or cancel
07-11 19:31:45.353  3005  3005 D ScreenView_Workspace: oninterceput up
07-11 19:31:45.353  3005  3520 I RenderThread: RenderThread resumed
07-11 19:31:45.353  3005  3520 I RenderThread: All controllers paused.
07-11 19:31:45.353  3005  3520 I RenderThread: RenderThread paused, waiting for signal
07-11 19:31:45.354  3005  3005 D Launcher.itemIcon: folmeUp
07-11 19:31:45.355  3005  3005 E QuickstepAppTransitionManagerImpl: getActivityLaunchOptions   iconLoc=Rect(77, 1027 - 249, 1199)
07-11 19:31:45.356  3005  3005 I Timeline: Timeline: Activity_launch_request time:536097034
07-11 19:31:45.359  1969  8361 I ActivityTaskManager: START u0 {act=android.intent.action.MAIN cat=[android.intent.category.LAUNCHER] flg=0x10200000 cmp=cn.missevan/.activity.SplashActivity bnds=[77,1027][249,1199] (has extras)} from uid 10092
07-11 19:31:45.359  1969  8361 D MiuiMultiWindowAdapter: MiuiMultiWindowAdapter::getFreeformBlackList::sSmallWindowBlackList = [com.miui.securitycenter, com.miui.weather2, com.miui.miservice, com.android.calendar, com.xiaomi.calendar, com.android.contacts, com.miui.mishare.connectivity, com.android.settings, com.android.printspooler, com.miui.backup, com.miui.huanji, com.miui.calculator, com.android.deskclock, com.android.thememanager, com.mfashiongallery.emag, com.miui.virtualsim, com.miui.smarttravel, com.mi.health, com.android.camera, com.lbe.security.miui, com.miui.cleanmaster, com.miui.newhome, com.miui.voiceassist, com.android.phone, com.miui.yellowpage, com.android.updater, com.miui.tsmclient, com.miui.securitycore, com.xiaomi.account, com.xiaomi.shop, com.xiaomi.smarthome, com.mipay.wallet, com.xiaomi.youpin, com.xiaomi.hm.health, com.miui.bugreport, com.xiaomi.mibrain.speech, com.xiaomi.mimoji, com.xiaomi.scanner, com.duokan.phone.remotecontroller, com.miui.hybrid, com.android.incallui, com.miui.video, com.miui.videoplayer, com.miui.player, com.miui.fm, com.miui.packageinstaller, com.mi.android.globallauncher, com.mi.android.globallauncher-poco, com.google.android.dialer, com.google.android.apps.magazines, com.miui.compass, com.miui.greenguard, com.kiteguard, com.google.android.apps.prodcasts, com.google.ar.lens, com.xiangkan.android, com.android.bankabc, com.sohu.inputmethod.sogou, com.tencent.mtt, com.shyz.toutiao, com.netease.mc.mi, com.outfit7.talkingtomgoldrun.mi, com.doudz.mi, com.wepie.snake.new.mi, cn.jj, com.standddz002.mi, com.miHoYo.bh3.mi, com.qqgame.hlddz, com.happyelements.AndroidAnimal, com.minitech.miniworld.TMobile.mi, com.mfp.jelly.xiaomi, com.lilithgames.afk.mi, com.tencent.peng, com.teenpatti.hd.gold, blockpuzzle.jewelgames.jewelslegend, com.playgendary.tanks, com.chillingo.robberybobfree.android.row, com.episodeinteractive.android.catalog, com.playrix.township, com.ansangha.drdriving, com.google.android.youtube, com.gbits.atm.mi, com.tencent.tetris, com.sukhavati.gotoplaying.bubble.BubbleShooter.mint, com.block.puzzle.game.hippo.mi, com.youzu.bs.mi, com.appsomniacs.da2, com.miHoYo.Yuanshen, com.baidu.BaiduMap, com.google.android.googlequicksearchbox]
07-11 19:31:45.360  1969  2131 E PointerController: [doFadingAnimationLocked:632]
07-11 19:31:45.360  1969  2131 E PointerController: [updatePointerLocked:811] mLocked.pointerIconChanged = 0
07-11 19:31:45.360  1969  2131 E PointerController: [updatePointerLocked:812] mLocked.presentationChanged = 0
07-11 19:31:45.360  1969  2131 E PointerController: [updatePointerLocked:813] mLocked.presentation = 3
07-11 19:31:45.360  1969  2131 E PointerController: [updatePointerLocked:814] mLocked.requestedPointerType = 1000
07-11 19:31:45.361   953   953 I ANDR-PERF-LM: LMPerfGlue: perfmodule_submit_request() 132: perfmodule_submit_request()
07-11 19:31:45.361   953   953 I ANDR-PERF-LM: Core: getInstance() 84: LM getInstance
07-11 19:31:45.361   953   953 I ANDR-PERF-LM: WQ: push() 59: LMTriggerQ push() size=0
07-11 19:31:45.361   953   953 I ANDR-PERF-LM: WQ: push() 61: LMTriggerQ push() done size=1
07-11 19:31:45.362   953  1543 I ANDR-PERF-LM: WQ: pop() 42: LMTriggerQ pop() done size=0
07-11 19:31:45.362   953   953 I ANDR-PERF-LM: LMPerfGlue: perfmodule_submit_request() 132: perfmodule_submit_request()
07-11 19:31:45.362   953  1543 I ANDR-PERF-LM: Core: lmMain() 381: Calling runAsync for AdaptLaunch
07-11 19:31:45.362   953   953 I ANDR-PERF-LM: Core: getInstance() 84: LM getInstance
07-11 19:31:45.362   953   953 I ANDR-PERF-LM: WQ: push() 59: LMTriggerQ push() size=0
07-11 19:31:45.362   953  1543 D ANDR-PERF-LM: Feature: lookup() 101: Feature Name = AppClassifier, total featuers = 3, featureFound = 1
07-11 19:31:45.362   953   953 I ANDR-PERF-LM: WQ: push() 61: LMTriggerQ push() done size=1
07-11 19:31:45.362   953   953 I ANDR-PERF-LM: LMPerfGlue: perfmodule_submit_request() 132: perfmodule_submit_request()
07-11 19:31:45.362   953   953 I ANDR-PERF-LM: Core: getInstance() 84: LM getInstance
07-11 19:31:45.362   953   953 D ANDR-PERF-LM: Feature: lookup() 101: Feature Name = AppClassifier, total featuers = 3, featureFound = 1
07-11 19:31:45.363   953  1543 D ANDR-PERF-LM: Feature: getData() 112: data.data = 1
07-11 19:31:45.363   953  1543 I ANDR-PERF-LM: Core: lmMain() 391: runAsync for AdaptLaunch returned
07-11 19:31:45.363   953  1543 I ANDR-PERF-LM: Core: lmMain() 373: Waiting on trigger Queue
07-11 19:31:45.363   953  1543 I ANDR-PERF-LM: WQ: pop() 31: LMTriggerQ pop() size=1
07-11 19:31:45.363   953  1543 I ANDR-PERF-LM: WQ: pop() 42: LMTriggerQ pop() done size=0
07-11 19:31:45.363   953  1543 I ANDR-PERF-LM: Core: lmMain() 381: Calling runAsync for AdaptLaunch
07-11 19:31:45.363   953   953 D ANDR-PERF-LM: Feature: getData() 112: data.data = 1
07-11 19:31:45.363   953   953 I ANDR-PERF-LM: FeedbackAPI: getFeedback() 60: app:cn.missevan feature:AppClassifier feedback = 1
07-11 19:31:45.363   953  1543 I ANDR-PERF-LM: MetaMeter: isValidAsync() 194: AsyncInfo: hintID = 4225
07-11 19:31:45.363   953  1543 I ANDR-PERF-LM: hintType: 2
07-11 19:31:45.363   953  1543 I ANDR-PERF-LM: isPrimary = 0
07-11 19:31:45.363   953  1543 I ANDR-PERF-LM: MetaMeter: isValidAsync() 203: Invalid (hintID,hintType,appName,duration,appPID,appThreadTID) = (4225, 2,cn.missevan,-1,1969,8361)
07-11 19:31:45.363   953  1543 E ANDR-PERF-LM: MetaMeter: handleAsync() 164: AdaptLaunch Invalid Async
07-11 19:31:45.363   953  1543 I ANDR-PERF-LM: Core: lmMain() 391: runAsync for AdaptLaunch returned
07-11 19:31:45.363   953  1543 I ANDR-PERF-LM: Core: lmMain() 373: Waiting on trigger Queue
07-11 19:31:45.363   953  1543 I ANDR-PERF-LM: WQ: pop() 31: LMTriggerQ pop() size=0
07-11 19:31:45.363   953   953 I ANDR-PERF-LM: LMPerfGlue: perfmodule_submit_request() 132: perfmodule_submit_request()
07-11 19:31:45.363   953   953 I ANDR-PERF-LM: Core: getInstance() 84: LM getInstance
07-11 19:31:45.364   953   953 I ANDR-PERF-LM: WQ: push() 59: LMTriggerQ push() size=0
07-11 19:31:45.364   953   953 I ANDR-PERF-LM: WQ: push() 61: LMTriggerQ push() done size=1
07-11 19:31:45.364  1969  8361 E ANDR-PERF-JNI: com_qualcomm_qtiperformance_native_perf_io_prefetch_start
07-11 19:31:45.364   953  1543 I ANDR-PERF-LM: WQ: pop() 42: LMTriggerQ pop() done size=0
07-11 19:31:45.364   953  1543 I ANDR-PERF-LM: Core: lmMain() 381: Calling runAsync for AdaptLaunch
07-11 19:31:45.364   953  1543 I ANDR-PERF-LM: MetaMeter: isValidAsync() 194: AsyncInfo: hintID = 4225
07-11 19:31:45.364   953  1543 I ANDR-PERF-LM: hintType: 3
07-11 19:31:45.364   953  1543 I ANDR-PERF-LM: isPrimary = 0
07-11 19:31:45.364   953  1543 I ANDR-PERF-LM: MetaMeter: isValidAsync() 203: Invalid (hintID,hintType,appName,duration,appPID,appThreadTID) = (4225, 3,cn.missevan,-1,1969,8361)
07-11 19:31:45.364   953  1543 E ANDR-PERF-LM: MetaMeter: handleAsync() 164: AdaptLaunch Invalid Async
07-11 19:31:45.364   953  1543 I ANDR-PERF-LM: Core: lmMain() 391: runAsync for AdaptLaunch returned
07-11 19:31:45.364   953  1543 I ANDR-PERF-LM: Core: lmMain() 373: Waiting on trigger Queue
07-11 19:31:45.364   953  1543 I ANDR-PERF-LM: WQ: pop() 31: LMTriggerQ pop() size=0
07-11 19:31:45.366   953   953 I ANDR-PERF-LM: LMPerfGlue: perfmodule_submit_request() 132: perfmodule_submit_request()
07-11 19:31:45.366   953   953 I ANDR-PERF-LM: Core: getInstance() 84: LM getInstance
07-11 19:31:45.366   953   953 I ANDR-PERF-LM: WQ: push() 59: LMTriggerQ push() size=0
07-11 19:31:45.366   953   953 I ANDR-PERF-LM: WQ: push() 61: LMTriggerQ push() done size=1
07-11 19:31:45.366   953  1543 I ANDR-PERF-LM: WQ: pop() 42: LMTriggerQ pop() done size=0
07-11 19:31:45.366   953  1543 I ANDR-PERF-LM: Core: lmMain() 381: Calling runAsync for AdaptLaunch
07-11 19:31:45.366   953  1543 I ANDR-PERF-LM: Core: lmMain() 391: runAsync for AdaptLaunch returned
07-11 19:31:45.366   953  1543 I ANDR-PERF-LM: Core: lmMain() 373: Waiting on trigger Queue
07-11 19:31:45.366   953  1543 I ANDR-PERF-LM: WQ: pop() 31: LMTriggerQ pop() size=0
07-11 19:31:45.366   953   953 I ANDR-PERF-LM: LMPerfGlue: perfmodule_submit_request() 132: perfmodule_submit_request()
07-11 19:31:45.366   953   953 I ANDR-PERF-LM: Core: getInstance() 84: LM getInstance
07-11 19:31:45.366   953   953 I ANDR-PERF-LM: WQ: push() 59: LMTriggerQ push() size=0
07-11 19:31:45.366   953   953 I ANDR-PERF-LM: WQ: push() 61: LMTriggerQ push() done size=1
07-11 19:31:45.366   953  1543 I ANDR-PERF-LM: WQ: pop() 42: LMTriggerQ pop() done size=0
07-11 19:31:45.366   953  1543 I ANDR-PERF-LM: Core: lmMain() 381: Calling runAsync for AdaptLaunch
07-11 19:31:45.366   953  1543 I ANDR-PERF-LM: Core: lmMain() 391: runAsync for AdaptLaunch returned
07-11 19:31:45.366   953  1543 I ANDR-PERF-LM: Core: lmMain() 373: Waiting on trigger Queue
07-11 19:31:45.366   953  1543 I ANDR-PERF-LM: WQ: pop() 31: LMTriggerQ pop() size=0
07-11 19:31:45.367  1000  1000 D CompositionEngine: writeOutputDependentGeometryStateToHWC layer[com.miui.miwallpaper.wallpaperservice.ImageWallpaper#0] set Z 134217728 miFodLayer 134217728
07-11 19:31:45.368  1000  1000 D CompositionEngine: writeOutputDependentGeometryStateToHWC layer[com.miui.home/com.miui.home.launcher.Launcher#0] set Z 134217729 miFodLayer 134217728
07-11 19:31:45.368  1000  1000 D CompositionEngine: writeOutputDependentGeometryStateToHWC layer[#0] set Z 134217730 miFodLayer 134217728
07-11 19:31:45.368  1000  1000 D CompositionEngine: writeOutputDependentGeometryStateToHWC layer[StatusBar#0] set Z 134217731 miFodLayer 134217728
07-11 19:31:45.368  1000  1000 D CompositionEngine: writeOutputDependentGeometryStateToHWC layer[Sprite#10] set Z 134217732 miFodLayer 134217728
07-11 19:31:45.368  1000  1000 D CompositionEngine: writeOutputDependentGeometryStateToHWC layer[RoundCorner#0] set Z 134217733 miFodLayer 134217728
07-11 19:31:45.368  1000  1000 D CompositionEngine: writeOutputDependentGeometryStateToHWC layer[RoundCorner#1] set Z 134217734 miFodLayer 134217728
07-11 19:31:45.368  1969  8361 D CompatibilityInfo: mCompatibilityFlags - 0
07-11 19:31:45.368  1969  8361 D CompatibilityInfo: applicationDensity - 440
07-11 19:31:45.368  1969  8361 D CompatibilityInfo: applicationScale - 1.0
07-11 19:31:45.370   953   953 I ANDR-PERF-LM: LMPerfGlue: perfmodule_submit_request() 132: perfmodule_submit_request()
07-11 19:31:45.370   953   953 I ANDR-PERF-LM: Core: getInstance() 84: LM getInstance
07-11 19:31:45.370   953   953 I ANDR-PERF-LM: WQ: push() 59: LMTriggerQ push() size=0
07-11 19:31:45.370   953   953 I ANDR-PERF-LM: WQ: push() 61: LMTriggerQ push() done size=1
07-11 19:31:45.370   953  1543 I ANDR-PERF-LM: WQ: pop() 42: LMTriggerQ pop() done size=0
07-11 19:31:45.370   953  1543 I ANDR-PERF-LM: Core: lmMain() 381: Calling runAsync for GameOptimization
07-11 19:31:45.370   953  1543 D ANDR-PERF-LM: Feature: lookup() 101: Feature Name = AppClassifier, total featuers = 3, featureFound = 1
07-11 19:31:45.370   953  1543 D ANDR-PERF-LM: Feature: getData() 112: data.data = 1
07-11 19:31:45.370  1969  8361 D ActivityTrigger: ActivityTrigger activityPauseTrigger
07-11 19:31:45.370   953  1543 I ANDR-PERF-LM: Core: lmMain() 391: runAsync for GameOptimization returned
07-11 19:31:45.370   953  1543 I ANDR-PERF-LM: Core: lmMain() 381: Calling runAsync for AdaptLaunch
07-11 19:31:45.370   953  1543 I ANDR-PERF-LM: MetaMeter: isValidAsync() 194: AsyncInfo: hintID = 4098
07-11 19:31:45.370   953  1543 I ANDR-PERF-LM: hintType: -1
07-11 19:31:45.370   953  1543 I ANDR-PERF-LM: isPrimary = 0
07-11 19:31:45.370   953  1543 I ANDR-PERF-LM: MetaMeter: isValidAsync() 196: (hintID,hintType,Primary) = (4098, -1, 1)
07-11 19:31:45.370   953  1543 I ANDR-PERF-LM: MetaMeter: handleAsync() 173: AdaptLaunch MetaMeter handleAsync start() Entry
07-11 19:31:45.370   953  1543 I ANDR-PERF-LM: MetaMeter: isPrimaryASync() 185: (hintID,hintType,Primary) = (4098, -1, 1)
07-11 19:31:45.370   953  1543 D ANDR-PERF-LM: MetaMeter: handlePrimaryAsync() 102: AdaptLaunch MeterMgr-0 oldState = 0, newState = 1, asyncId = 4098
07-11 19:31:45.370   953  1543 D ANDR-PERF-LM: MetaMeter: handlePrimaryAsync() 109: AdaptLaunch starting meters 0
07-11 19:31:45.370   953  1543 I ANDR-PERF-LM: MetaMeter: startMeters() 221: AsyncInfo:(hintID,hintType,Primary,MeterHelper,started)=(4098,-1,1,0xb400007aa66670e0,0)
07-11 19:31:45.370   953  1543 I ANDR-PERF-LM: Meter: asyncTriggerUpdate() 63: (hintID,hintType,meterName) = (4098, -1,VmRss)
07-11 19:31:45.370   953  1543 D ANDR-PERF-LM: ThreadHelper: wakeUp() 103: (Meter,Helper,Name,pending)=(0xb400007aa662c700,0xb400007aa6667180,AdaptLaunch VmRss,1)
07-11 19:31:45.370   953  1543 I ANDR-PERF-LM: MetaMeter: handleAsync() 189: AdaptLaunch MetaMeter handleAsync End() Exit
07-11 19:31:45.370   953   953 I ANDR-PERF-LM: LMPerfGlue: perfmodule_submit_request() 132: perfmodule_submit_request()
07-11 19:31:45.370   953   953 I ANDR-PERF-LM: Core: getInstance() 84: LM getInstance
07-11 19:31:45.370   953   953 I ANDR-PERF-LM: WQ: push() 59: LMTriggerQ push() size=0
07-11 19:31:45.370   953   953 I ANDR-PERF-LM: WQ: push() 61: LMTriggerQ push() done size=1
07-11 19:31:45.370   953  1543 I ANDR-PERF-LM: MetaMeter: isValidAsync() 194: AsyncInfo: hintID = 4098
07-11 19:31:45.370   953  1543 I ANDR-PERF-LM: hintType: -1
07-11 19:31:45.370   953  1543 I ANDR-PERF-LM: isPrimary = 0
07-11 19:31:45.370   953  1543 I ANDR-PERF-LM: MetaMeter: isValidAsync() 196: (hintID,hintType,Primary) = (4098, -1, 1)
07-11 19:31:45.370   953  1543 I ANDR-PERF-LM: MetaMeter: handleAsync() 173: AdaptLaunch MetaMeter handleAsync start() Entry
07-11 19:31:45.370   953  1543 I ANDR-PERF-LM: MetaMeter: isPrimaryASync() 185: (hintID,hintType,Primary) = (4098, -1, 1)
07-11 19:31:45.370   953  1543 D ANDR-PERF-LM: MetaMeter: handlePrimaryAsync() 102: AdaptLaunch MeterMgr-1 oldState = 0, newState = 1, asyncId = 4098
07-11 19:31:45.370   953  1543 D ANDR-PERF-LM: MetaMeter: handlePrimaryAsync() 109: AdaptLaunch starting meters 1
07-11 19:31:45.370   953  1543 I ANDR-PERF-LM: MetaMeter: startMeters() 221: AsyncInfo:(hintID,hintType,Primary,MeterHelper,started)=(4098,-1,1,0xb400007aa6667220,0)
07-11 19:31:45.370   953  1543 I ANDR-PERF-LM: Meter: asyncTriggerUpdate() 63: (hintID,hintType,meterName) = (4098, -1,VmRss)
07-11 19:31:45.370   953  1543 D ANDR-PERF-LM: ThreadHelper: wakeUp() 103: (Meter,Helper,Name,pending)=(0xb400007aa662c8c0,0xb400007aa66672c0,AdaptLaunch VmRss,1)
07-11 19:31:45.370   953  1543 D ANDR-PERF-LM: MetaMeter: restoreMeterMgr() 66: AdaptLaunch Setting Stop Notification. (index,state)=(0,1)
07-11 19:31:45.370   953  1543 D ANDR-PERF-LM: MetaMeter: restoreMeterMgr() 68: AdaptLaunch Setting Stop Notification  (index,state)=(0,2)
07-11 19:31:45.370   953  1543 I ANDR-PERF-LM: Meter: asyncTriggerUpdate() 55:  stop notification on VmRss
07-11 19:31:45.370   953  4012 D ANDR-PERF-LM: ThreadHelper: thread_callback() 149: Starting:(Meter,Helper,Name,pending)=(0xb400007aa662c8c0,0xb400007aa66672c0,AdaptLaunch VmRss,0)
07-11 19:31:45.370   953  1543 I ANDR-PERF-LM: MetaMeter: handleAsync() 189: AdaptLaunch MetaMeter handleAsync End() Exit
07-11 19:31:45.370   953  1543 I ANDR-PERF-LM: Core: lmMain() 391: runAsync for AdaptLaunch returned
07-11 19:31:45.370   953  1543 I ANDR-PERF-LM: Core: lmMain() 373: Waiting on trigger Queue
07-11 19:31:45.370   953  1543 I ANDR-PERF-LM: WQ: pop() 31: LMTriggerQ pop() size=1
07-11 19:31:45.370   953  1543 I ANDR-PERF-LM: WQ: pop() 42: LMTriggerQ pop() done size=0
07-11 19:31:45.370   953  1543 I ANDR-PERF-LM: Core: lmMain() 381: Calling runAsync for GameOptimization
07-11 19:31:45.370   953  1543 D ANDR-PERF-LM: Feature: lookup() 101: Feature Name = AppClassifier, total featuers = 3, featureFound = 1
07-11 19:31:45.370   953  4011 D ANDR-PERF-LM: ThreadHelper: thread_callback() 149: Starting:(Meter,Helper,Name,pending)=(0xb400007aa662c700,0xb400007aa6667180,AdaptLaunch VmRss,0)
07-11 19:31:45.370   953  1543 D ANDR-PERF-LM: Feature: getData() 112: data.data = 1
07-11 19:31:45.370   953  1543 I ANDR-PERF-LM: Core: lmMain() 391: runAsync for GameOptimization returned
07-11 19:31:45.370   953  1543 I ANDR-PERF-LM: Core: lmMain() 381: Calling runAsync for AdaptLaunch
07-11 19:31:45.370   953  1543 I ANDR-PERF-LM: Core: lmMain() 391: runAsync for AdaptLaunch returned
07-11 19:31:45.370   953  1543 I ANDR-PERF-LM: Core: lmMain() 373: Waiting on trigger Queue
07-11 19:31:45.370   953  1543 I ANDR-PERF-LM: WQ: pop() 31: LMTriggerQ pop() size=0
07-11 19:31:45.377   952  1541 E ANDR-IOP: io prefetch is disabled
07-11 19:31:45.378  3005  3005 D Launcher.Lifecycle: onPause:UserHandle{0},ecc0b42,true
07-11 19:31:45.378  3005  3005 D Launcher_UnlockAnimationStateMachine: setState:PAUSE_WAIT
07-11 19:31:45.378  1000  1000 D CompositionEngine: writeOutputDependentGeometryStateToHWC layer[com.miui.miwallpaper.wallpaperservice.ImageWallpaper#0] set Z 134217728 miFodLayer 134217728
07-11 19:31:45.378  1000  1000 D CompositionEngine: writeOutputDependentGeometryStateToHWC layer[com.miui.home/com.miui.home.launcher.Launcher#0] set Z 134217729 miFodLayer 134217728
07-11 19:31:45.378  1000  1000 D CompositionEngine: writeOutputDependentGeometryStateToHWC layer[#0] set Z 134217730 miFodLayer 134217728
07-11 19:31:45.378  1000  1000 D CompositionEngine: writeOutputDependentGeometryStateToHWC layer[StatusBar#0] set Z 134217731 miFodLayer 134217728
07-11 19:31:45.378  1000  1000 D CompositionEngine: writeOutputDependentGeometryStateToHWC layer[Sprite#10] set Z 134217732 miFodLayer 134217728
07-11 19:31:45.378  1000  1000 D CompositionEngine: writeOutputDependentGeometryStateToHWC layer[RoundCorner#0] set Z 134217733 miFodLayer 134217728
07-11 19:31:45.378  1000  1000 D CompositionEngine: writeOutputDependentGeometryStateToHWC layer[RoundCorner#1] set Z 134217734 miFodLayer 134217728
07-11 19:31:45.380   953   953 I ANDR-PERF-LM: LMPerfGlue: perfmodule_submit_request() 132: perfmodule_submit_request()
07-11 19:31:45.380   953   953 I ANDR-PERF-LM: Core: getInstance() 84: LM getInstance
07-11 19:31:45.380   953   953 I ANDR-PERF-LM: WQ: push() 59: LMTriggerQ push() size=0
07-11 19:31:45.380   953   953 I ANDR-PERF-LM: WQ: push() 61: LMTriggerQ push() done size=1
07-11 19:31:45.381   953  1543 I ANDR-PERF-LM: WQ: pop() 42: LMTriggerQ pop() done size=0
07-11 19:31:45.381   953  1543 I ANDR-PERF-LM: Core: lmMain() 381: Calling runAsync for GameOptimization
07-11 19:31:45.381   953  1543 D ANDR-PERF-LM: Feature: lookup() 101: Feature Name = AppClassifier, total featuers = 3, featureFound = 1
07-11 19:31:45.381   953  1543 D ANDR-PERF-LM: Feature: getData() 112: data.data = 1
07-11 19:31:45.381   953  1543 I ANDR-PERF-LM: Core: lmMain() 391: runAsync for GameOptimization returned
07-11 19:31:45.381   953  1543 I ANDR-PERF-LM: Core: lmMain() 381: Calling runAsync for AdaptLaunch
07-11 19:31:45.381   953  1543 I ANDR-PERF-LM: MetaMeter: isValidAsync() 194: AsyncInfo: hintID = 4098
07-11 19:31:45.381   953  1543 I ANDR-PERF-LM: hintType: -1
07-11 19:31:45.381   953  1543 I ANDR-PERF-LM: isPrimary = 0
07-11 19:31:45.381   953  1543 I ANDR-PERF-LM: MetaMeter: isValidAsync() 196: (hintID,hintType,Primary) = (4098, -1, 1)
07-11 19:31:45.381   953  1543 I ANDR-PERF-LM: MetaMeter: handleAsync() 173: AdaptLaunch MetaMeter handleAsync start() Entry
07-11 19:31:45.381   953  1543 I ANDR-PERF-LM: MetaMeter: isPrimaryASync() 185: (hintID,hintType,Primary) = (4098, -1, 1)
07-11 19:31:45.381   953  1543 W ANDR-PERF-LM: MetaMeter: handlePrimaryAsync() 116: AdaptLaunch MetaMeter. No MeterMgr Available to handle this Primary Async. !!!!
07-11 19:31:45.381   953  1543 I ANDR-PERF-LM: MetaMeter: handleAsync() 189: AdaptLaunch MetaMeter handleAsync End() Exit
07-11 19:31:45.381   953  1543 I ANDR-PERF-LM: MetaMeter: isValidAsync() 194: AsyncInfo: hintID = 4098
07-11 19:31:45.381   953  1543 I ANDR-PERF-LM: hintType: -1
07-11 19:31:45.381   953  1543 I ANDR-PERF-LM: isPrimary = 0
07-11 19:31:45.381   953  1543 I ANDR-PERF-LM: MetaMeter: isValidAsync() 196: (hintID,hintType,Primary) = (4098, -1, 1)
07-11 19:31:45.382   953  1543 I ANDR-PERF-LM: MetaMeter: handleAsync() 173: AdaptLaunch MetaMeter handleAsync start() Entry
07-11 19:31:45.382   953  1543 I ANDR-PERF-LM: MetaMeter: isPrimaryASync() 185: (hintID,hintType,Primary) = (4098, -1, 1)
07-11 19:31:45.382   953  1543 W ANDR-PERF-LM: MetaMeter: handlePrimaryAsync() 116: AdaptLaunch MetaMeter. No MeterMgr Available to handle this Primary Async. !!!!
07-11 19:31:45.382   953  1543 I ANDR-PERF-LM: MetaMeter: handleAsync() 189: AdaptLaunch MetaMeter handleAsync End() Exit
07-11 19:31:45.382   953  1543 I ANDR-PERF-LM: Core: lmMain() 391: runAsync for AdaptLaunch returned
07-11 19:31:45.382   953  1543 I ANDR-PERF-LM: Core: lmMain() 373: Waiting on trigger Queue
07-11 19:31:45.382   953  1543 I ANDR-PERF-LM: WQ: pop() 31: LMTriggerQ pop() size=0
07-11 19:31:45.383 28706 10377 D LauncherOverlay: setActivityState:1
07-11 19:31:45.383 28706 28706 D LauncherOverlay.Window: onPause
07-11 19:31:45.384 20727 20945 D IdProviderImpl: getOAID
07-11 19:31:45.385  1969  2132 D DecorView: createDecorCaptionView windowingMode:1 mWindowMode 1 isFullscreen: true
07-11 19:31:45.385  3005  3005 I RenderVsyncUpdater: All controllers paused.
07-11 19:31:45.390  2647  2791 D ImageWallpaperRenderer: OFFSET  x: 1.0  y: 0.0
07-11 19:31:45.390  1000  1000 D CompositionEngine: writeOutputDependentGeometryStateToHWC layer[com.miui.miwallpaper.wallpaperservice.ImageWallpaper#0] set Z 134217728 miFodLayer 134217728
07-11 19:31:45.390  1000  1000 D CompositionEngine: writeOutputDependentGeometryStateToHWC layer[com.miui.home/com.miui.home.launcher.Launcher#0] set Z 134217729 miFodLayer 134217728
07-11 19:31:45.390  1000  1000 D CompositionEngine: writeOutputDependentGeometryStateToHWC layer[#0] set Z 134217730 miFodLayer 134217728
07-11 19:31:45.390  1000  1000 D CompositionEngine: writeOutputDependentGeometryStateToHWC layer[StatusBar#0] set Z 134217731 miFodLayer 134217728
07-11 19:31:45.390  1000  1000 D CompositionEngine: writeOutputDependentGeometryStateToHWC layer[Sprite#10] set Z 134217732 miFodLayer 134217728
07-11 19:31:45.390  1000  1000 D CompositionEngine: writeOutputDependentGeometryStateToHWC layer[RoundCorner#0] set Z 134217733 miFodLayer 134217728
07-11 19:31:45.390  1000  1000 D CompositionEngine: writeOutputDependentGeometryStateToHWC layer[RoundCorner#1] set Z 134217734 miFodLayer 134217728
07-11 19:31:45.390   788   788 D Zygote  : Forked child process 20257
07-11 19:31:45.391  1969  2393 I MiuiNetworkPolicy: updateUidState uid = 10837, uidState = 19
07-11 19:31:45.393 20257 20257 W Zygote  : Unable to open libbeluga.so: dlopen failed: library "libbeluga.so" not found.
07-11 19:31:45.395  3005  3005 I RenderVsyncUpdater: All controllers paused.
07-11 19:31:45.395  1969  2167 I ActivityManager: Start proc 20257:cn.missevan/u0a837 for pre-top-activity {cn.missevan/cn.missevan.activity.SplashActivity} caller=com.miui.home
07-11 19:31:45.397  2647  2791 D ImageWallpaperRenderer: OFFSET  x: 1.0  y: 0.0
07-11 19:31:45.402  1969  3003 D MIUIInput: [FoucsChange]: Display  0 FocusedWindow From Window{3d707f7 mode=1 rootTaskId=1 u0 com.miui.home/com.miui.home.launcher.Launcher}(1,1)  to null(0,0)
07-11 19:31:45.402  1000  1000 D CompositionEngine: writeOutputDependentGeometryStateToHWC layer[com.miui.miwallpaper.wallpaperservice.ImageWallpaper#0] set Z 134217728 miFodLayer 134217728
07-11 19:31:45.403  1000  1000 D CompositionEngine: writeOutputDependentGeometryStateToHWC layer[com.miui.home/com.miui.home.launcher.Launcher#0] set Z 134217729 miFodLayer 134217728
07-11 19:31:45.403  1000  1000 D CompositionEngine: writeOutputDependentGeometryStateToHWC layer[#0] set Z 134217730 miFodLayer 134217728
07-11 19:31:45.403  1000  1000 D CompositionEngine: writeOutputDependentGeometryStateToHWC layer[StatusBar#0] set Z 134217731 miFodLayer 134217728
07-11 19:31:45.403  1000  1000 D CompositionEngine: writeOutputDependentGeometryStateToHWC layer[Sprite#10] set Z 134217732 miFodLayer 134217728
07-11 19:31:45.403  1000  1000 D CompositionEngine: writeOutputDependentGeometryStateToHWC layer[RoundCorner#0] set Z 134217733 miFodLayer 134217728
07-11 19:31:45.403  3005  3005 D Launcher.Lifecycle: onWindowFocusChanged:false,UserHandle{0},ecc0b42,true
07-11 19:31:45.403  1000  1000 D CompositionEngine: writeOutputDependentGeometryStateToHWC layer[RoundCorner#1] set Z 134217734 miFodLayer 134217728
07-11 19:31:45.412  2647  2791 D ImageWallpaperRenderer: OFFSET  x: 1.0  y: 0.0
07-11 19:31:45.413  1000  1000 D CompositionEngine: writeOutputDependentGeometryStateToHWC layer[com.miui.miwallpaper.wallpaperservice.ImageWallpaper#0] set Z 134217728 miFodLayer 134217728
07-11 19:31:45.413  1000  1000 D CompositionEngine: writeOutputDependentGeometryStateToHWC layer[com.miui.home/com.miui.home.launcher.Launcher#0] set Z 134217729 miFodLayer 134217728
07-11 19:31:45.413  1000  1000 D CompositionEngine: writeOutputDependentGeometryStateToHWC layer[#0] set Z 134217730 miFodLayer 134217728
07-11 19:31:45.413  1000  1000 D CompositionEngine: writeOutputDependentGeometryStateToHWC layer[StatusBar#0] set Z 134217731 miFodLayer 134217728
07-11 19:31:45.413  1000  1000 D CompositionEngine: writeOutputDependentGeometryStateToHWC layer[Sprite#10] set Z 134217732 miFodLayer 134217728
07-11 19:31:45.413  1000  1000 D CompositionEngine: writeOutputDependentGeometryStateToHWC layer[RoundCorner#0] set Z 134217733 miFodLayer 134217728
07-11 19:31:45.413  1000  1000 D CompositionEngine: writeOutputDependentGeometryStateToHWC layer[RoundCorner#1] set Z 134217734 miFodLayer 134217728
07-11 19:31:45.413 20257 20257 I chatty  : uid=10837(cn.missevan) expire 26 lines
07-11 19:31:45.419  2647  2791 D ImageWallpaperRenderer: OFFSET  x: 1.0  y: 0.0
07-11 19:31:45.420   953   953 I ANDR-PERF-LM: LMPerfGlue: perfmodule_submit_request() 132: perfmodule_submit_request()
07-11 19:31:45.420   953   953 I ANDR-PERF-LM: Core: getInstance() 84: LM getInstance
07-11 19:31:45.420   953   953 I ANDR-PERF-LM: WQ: push() 59: LMTriggerQ push() size=0
07-11 19:31:45.420   953   953 I ANDR-PERF-LM: WQ: push() 61: LMTriggerQ push() done size=1
07-11 19:31:45.420   953  1543 I ANDR-PERF-LM: WQ: pop() 42: LMTriggerQ pop() done size=0
07-11 19:31:45.420   953  1543 I ANDR-PERF-LM: Core: lmMain() 381: Calling runAsync for AdaptLaunch
07-11 19:31:45.420   953  1543 I ANDR-PERF-LM: MetaMeter: isValidAsync() 194: AsyncInfo: hintID = 4225
07-11 19:31:45.420   953  1543 I ANDR-PERF-LM: hintType: 103
07-11 19:31:45.420   953  1543 I ANDR-PERF-LM: isPrimary = 0
07-11 19:31:45.420   953  1543 I ANDR-PERF-LM: MetaMeter: isValidAsync() 203: Invalid (hintID,hintType,appName,duration,appPID,appThreadTID) = (4225, 103,cn.missevan,20257,1969,3307)
07-11 19:31:45.420   953  1543 E ANDR-PERF-LM: MetaMeter: handleAsync() 164: AdaptLaunch Invalid Async
07-11 19:31:45.420   953  1543 I ANDR-PERF-LM: Core: lmMain() 391: runAsync for AdaptLaunch returned
07-11 19:31:45.420   953  1543 I ANDR-PERF-LM: Core: lmMain() 373: Waiting on trigger Queue
07-11 19:31:45.420   953  1543 I ANDR-PERF-LM: WQ: pop() 31: LMTriggerQ pop() size=0
07-11 19:31:45.421  1969  3307 D CompatibilityInfo: mCompatibilityFlags - 0
07-11 19:31:45.421  1969  3307 D CompatibilityInfo: applicationDensity - 440
07-11 19:31:45.421  1969  3307 D CompatibilityInfo: applicationScale - 1.0
07-11 19:31:45.423  1000  1000 D CompositionEngine: writeOutputDependentGeometryStateToHWC layer[com.miui.miwallpaper.wallpaperservice.ImageWallpaper#0] set Z 134217728 miFodLayer 134217728
07-11 19:31:45.423  1000  1000 D CompositionEngine: writeOutputDependentGeometryStateToHWC layer[com.miui.home/com.miui.home.launcher.Launcher#0] set Z 134217729 miFodLayer 134217728
07-11 19:31:45.423  1000  1000 D CompositionEngine: writeOutputDependentGeometryStateToHWC layer[#0] set Z 134217730 miFodLayer 134217728
07-11 19:31:45.423  1000  1000 D CompositionEngine: writeOutputDependentGeometryStateToHWC layer[StatusBar#0] set Z 134217731 miFodLayer 134217728
07-11 19:31:45.423  1000  1000 D CompositionEngine: writeOutputDependentGeometryStateToHWC layer[Sprite#10] set Z 134217732 miFodLayer 134217728
07-11 19:31:45.423  1000  1000 D CompositionEngine: writeOutputDependentGeometryStateToHWC layer[RoundCorner#0] set Z 134217733 miFodLayer 134217728
07-11 19:31:45.423  1000  1000 D CompositionEngine: writeOutputDependentGeometryStateToHWC layer[RoundCorner#1] set Z 134217734 miFodLayer 134217728
07-11 19:31:45.423  1969  3307 D CompatibilityInfo: mCompatibilityFlags - 0
07-11 19:31:45.423  1969  3307 D CompatibilityInfo: applicationDensity - 440
07-11 19:31:45.423  1969  3307 D CompatibilityInfo: applicationScale - 1.0
07-11 19:31:45.424  7437 12852 I ProcessMonitor: onForegroundInfoChanged: ForegroundInfo{mForegroundPackageName='cn.missevan', mForegroundUid=10837, mForegroundPid=20257, mLastForegroundPackageName='com.miui.home', mLastForegroundUid=10092, mLastForegroundPid=3005, mMultiWindowForegroundPackageName='null', mMultiWindowForegroundUid=-1, mFlags=1}
07-11 19:31:45.423  7687  7709 D PerfEngineController: ForegroundInfo{mForegroundPackageName='cn.missevan', mForegroundUid=10837, mForegroundPid=20257, mLastForegroundPackageName='com.miui.home', mLastForegroundUid=10092, mLastForegroundPid=3005, mMultiWindowForegroundPackageName='null', mMultiWindowForegroundUid=-1, mFlags=1}
07-11 19:31:45.424  3005 12240 D AppObserver: ForegroundInfo{mForegroundPackageName='cn.missevan', mForegroundUid=10837, mForegroundPid=20257, mLastForegroundPackageName='com.miui.home', mLastForegroundUid=10092, mLastForegroundPid=3005, mMultiWindowForegroundPackageName='null', mMultiWindowForegroundUid=-1, mFlags=1}
07-11 19:31:45.424  9176 28202 I GST     : forePkg: cn.missevan, preForePkg: com.miui.home
07-11 19:31:45.424  7437 12852 I GameBoosterService: onForegroundInfoChanged: Cur=cn.missevan	 last=com.miui.home
07-11 19:31:45.425 18157 20938 D AutoInstallService: onForegroundInfoChanged: cn.missevan
07-11 19:31:45.429  1969  2461 W SchedBoost: SchedBoost continue: proc: 3005/3210
07-11 19:31:45.429  1969  2132 I Timeline: Timeline: App_transition_ready time:536097107
07-11 19:31:45.432  2687  2687 D StatusBar: disable<e i a s b h r c s > disable2<q i n >
07-11 19:31:45.432  2687  2687 D StatusBar: disable<e i a s b h r c s > disable2<q i n >
07-11 19:31:45.433  3005 12240 E LauncherAnimationRunner: onAnimationStart
07-11 19:31:45.433  3005 12240 E LauncherAnimationRunner: onAnimationStart:   mode=1   taskId=2   isTranslucent=false
07-11 19:31:45.433  3005 12240 E LauncherAnimationRunner: onAnimationStart:   mode=0   taskId=2025   isTranslucent=false
07-11 19:31:45.433  3005  3005 E QuickstepAppTransitionManagerImpl: startIconLaunchAnimator:launcherClosing=true   iconLoc=Rect(77, 1027 - 249, 1199)
07-11 19:31:45.433  3005  3005 E QuickstepAppTransitionManagerImpl: startOpeningWindowAnimators:iconLoc=Rect(77, 1027 - 249, 1199)
07-11 19:31:45.433  3005  3005 E ClipAnimationHelper: updateSourceStack  mSourceInsets=Rect(0, 0 - 0, 0), mSourceStackBounds=Rect(0, 0 - 1080, 2340)
07-11 19:31:45.433  3005  3005 E ClipAnimationHelper: updateHomeStack  mSourceInsets=Rect(0, 0 - 0, 0), mHomeStackBounds=Rect(0, 0 - 1080, 2340)
07-11 19:31:45.433  3005  3005 E ClipAnimationHelper: updateTargetRect  mSourceRect=RectF(0.0, 0.0, 1080.0, 2340.0)   mTargetRect=RectF(0.0, 0.0, 1080.0, 2340.0)   mSourceWindowClipInsets=RectF(0.0, 0.0, 0.0, 0.0)   mHomeStackBounds=Rect(0, 0 - 1080, 2340)   targetRect=Rect(0, 0 - 1080, 2340)
07-11 19:31:45.434  7437 12852 D GameBoosterService: onGameStatusChange foreground:ForegroundInfo{mForegroundPackageName='cn.missevan', mForegroundUid=10837, mForegroundPid=20257, mLastForegroundPackageName='com.miui.home', mLastForegroundUid=10092, mLastForegroundPid=3005, mMultiWindowForegroundPackageName='null', mMultiWindowForegroundUid=-1, mFlags=1}
07-11 19:31:45.434  7437 12852 I GameBoosterService: onForegroundInfoChanged: Exit
07-11 19:31:45.434  7437 12852 I VideoBoxUtils: isSupportVideoBox: true
07-11 19:31:45.434  3005  3005 I QuickstepAppTransitionManagerImpl: startOpeningWindowAnimators, currentDisplayRotation=0, homeRotation=0, startRectF=RectF(83.0, 1033.0, 243.0, 1193.0), endRectF=RectF(0.0, 0.0, 1080.0, 2340.0), startRadius = 243.0, endRadius = 110.0, isUseTranslucentAnim = false
07-11 19:31:45.434  2687  3111 D MiuiPhoneStatusBarPolicy: updateManagedProfile: secondSpace = false
07-11 19:31:45.435  3005  3005 W DimLayer: createDimLayer
07-11 19:31:45.435  3005  3005 E QuickstepAppTransitionManagerImpl: startLauncherContentAnimator:isAppOpening=true
07-11 19:31:45.435  7437 12852 I VideoToolBoxService: onForegroundInfoChanged: Exit Vtb
07-11 19:31:45.435  3005 10578 W FloatingIconLayer: getFloatingIconLayer
07-11 19:31:45.435  3005  3005 E BlurUtils: fastBlur ratio=1.0   withAnim=true   sBlurRatioValue=0.0
07-11 19:31:45.436  3005 10578 W FloatingIconLayer: drawIcon
07-11 19:31:45.436  1000  1000 D CompositionEngine: writeOutputDependentGeometryStateToHWC layer[com.miui.miwallpaper.wallpaperservice.ImageWallpaper#0] set Z 134217728 miFodLayer 134217728
07-11 19:31:45.436  1000  1000 D CompositionEngine: writeOutputDependentGeometryStateToHWC layer[com.miui.home/com.miui.home.launcher.Launcher#0] set Z 134217729 miFodLayer 134217728
07-11 19:31:45.436  1000  1000 D CompositionEngine: writeOutputDependentGeometryStateToHWC layer[#0] set Z 134217730 miFodLayer 134217728
07-11 19:31:45.436  1000  1000 D CompositionEngine: writeOutputDependentGeometryStateToHWC layer[StatusBar#0] set Z 134217731 miFodLayer 134217728
07-11 19:31:45.436  1000  1000 D CompositionEngine: writeOutputDependentGeometryStateToHWC layer[Sprite#10] set Z 134217732 miFodLayer 134217728
07-11 19:31:45.436  1000  1000 D CompositionEngine: writeOutputDependentGeometryStateToHWC layer[RoundCorner#0] set Z 134217733 miFodLayer 134217728
07-11 19:31:45.436  1000  1000 D CompositionEngine: writeOutputDependentGeometryStateToHWC layer[RoundCorner#1] set Z 134217734 miFodLayer 134217728
07-11 19:31:45.437  2647  2791 D ImageWallpaperRenderer: OFFSET  x: 1.0  y: 0.0
07-11 19:31:45.438  1000  1238 W SurfaceFlinger: eEarlyWakeup is deprecated. Use eExplicitEarlyWakeup[Start|End]
07-11 19:31:45.438  1000  1884 W SurfaceFlinger: eEarlyWakeup is deprecated. Use eExplicitEarlyWakeup[Start|End]
07-11 19:31:45.439  2647  2791 D ImageWallpaperRenderer: OFFSET  x: 1.0  y: 0.0
07-11 19:31:45.439  1969  2393 I MiuiNetworkPolicy: updateUidState uid = 10837, uidState = 2
07-11 19:31:45.440  3005  3202 D NavStubView: gatherTransparentRegion: need render w:1080  h:35
07-11 19:31:45.440 28706 28706 I AssistHolderView.Content: forceFitSystemWindows pb = 0
07-11 19:31:45.440  3005  3202 W NavStubView_Touch: onComputeInternalInsets  bounds=Rect(0, 0 - 1080, 35)   mHideGestureLine=true   mIsShowNavBar=true   mKeepHidden=false   mDisableTouch=false   mUseEmptyTouchableRegion=false
07-11 19:31:45.440  3005  3202 W NavStubView_Touch:   onComputeInternalInsets  region=SkRegion((0,0,1080,35))
07-11 19:31:45.440  1969  2393 I MiuiNetworkPolicyTrafficLimit: updateWhiteListUidForMobileTraffic uid=10837,add=true
07-11 19:31:45.441 28706 28706 W ExtendedOnScrollListener2: calculateScrollY firstView is null!
07-11 19:31:45.441  1969  2393 D MiuiNetworkPolicyTrafficLimit: updateWhiteListUidForMobileTraffic rst=true
07-11 19:31:45.441 28706 28706 W AssistHolderView.Bg: scrollWithAssistList no header bg!
07-11 19:31:45.442  2687  2687 D StatusBar: disable<e i a s b h r c s > disable2<q i n >
07-11 19:31:45.445  6950  6950 D VA_AppChangedListener: get package name by pid:cn.missevan
07-11 19:31:45.445  2687  2760 D CommandQueue: setStatus: setStatus: what = 0, action = upate_specail_mode, ext = Bundle[mParcelledData.dataSize=88][pkg = cn.missevan[enable_config = false
07-11 19:31:45.445  6950  6950 D VA_AppChangedListener: packageName:cn.missevan,current:com.miui.home
07-11 19:31:45.445  6950  6950 D VA_AppChangedListener: onAppChanged...cn.missevan
07-11 19:31:45.445  6950  6950 D VA_AppChangedListener: onAppChanged notify listener:k
07-11 19:31:45.445  6950  6950 I VA_HybridLifecycleListener: onTopAppChanged: newApp=cn.missevan from=com.miui.home fromPkg=cn.missevan
07-11 19:31:45.445  6950  6950 D VA_AppChangedListener: onAppChanged notify listener:
07-11 19:31:45.446  6950  6950 D VA_AppChangedListener: onAppChanged notify listener:g
07-11 19:31:45.446  6950  6950 E VA_AppBackListener: onTopAppChanged newApp=cn.missevan,oldApp=com.miui.home,mPersistentApp=null,innerApp=false
07-11 19:31:45.446  3005  3202 D NavStubView_Touch: onSystemUiFlagsChanged  mIsShowStatusBar    old= true   new=false
07-11 19:31:45.446  6950  6950 W VA_LingXiViewManager: hide failed for LingXiView is null
07-11 19:31:45.446  3005  3202 D NavStubView_Touch: onSystemUiFlagsChanged  mIsShowNavBar    old= true   new=true
07-11 19:31:45.446  1000  1000 D CompositionEngine: writeOutputDependentGeometryStateToHWC layer[com.miui.miwallpaper.wallpaperservice.ImageWallpaper#0] set Z 134217728 miFodLayer 134217728
07-11 19:31:45.446  1000  1000 D CompositionEngine: writeOutputDependentGeometryStateToHWC layer[com.miui.home/com.miui.home.launcher.Launcher#0] set Z 134217729 miFodLayer 134217728
07-11 19:31:45.446  1000  1000 D CompositionEngine: writeOutputDependentGeometryStateToHWC layer[#0] set Z 134217730 miFodLayer 134217728
07-11 19:31:45.446  1000  1000 D CompositionEngine: writeOutputDependentGeometryStateToHWC layer[StatusBar#0] set Z 134217731 miFodLayer 134217728
07-11 19:31:45.446  1000  1000 D CompositionEngine: writeOutputDependentGeometryStateToHWC layer[Sprite#10] set Z 134217732 miFodLayer 134217728
07-11 19:31:45.446  1000  1000 D CompositionEngine: writeOutputDependentGeometryStateToHWC layer[RoundCorner#0] set Z 134217733 miFodLayer 134217728
07-11 19:31:45.446  1000  1000 D CompositionEngine: writeOutputDependentGeometryStateToHWC layer[RoundCorner#1] set Z 134217734 miFodLayer 134217728
07-11 19:31:45.449  1000  1884 W SurfaceFlinger: eEarlyWakeup is deprecated. Use eExplicitEarlyWakeup[Start|End]
07-11 19:31:45.449  3005  3005 E BlurUtils: fastBlurDirectly ratio=0.0047692955   win=com.android.internal.policy.MiuiPhoneWindow@db96431
07-11 19:31:45.449  3005  3196 D GestureStubView: gatherTransparentRegion: need render w:54  h:1404
07-11 19:31:45.450  3005  3196 D GestureStubView: gatherTransparentRegion: need render w:54  h:1404
07-11 19:31:45.450  3005  3005 D RecentsContainer: onApplyWindowInsets, insets=WindowInsets{
07-11 19:31:45.450  3005  3005 D RecentsContainer:     statusBars=Insets{left=0, top=0, right=0, bottom=0} max=Insets{left=0, top=90, right=0, bottom=0} vis=false
07-11 19:31:45.450  3005  3005 D RecentsContainer:     navigationBars=Insets{left=0, top=0, right=0, bottom=0} max=null vis=false
07-11 19:31:45.450  3005  3005 D RecentsContainer:     =Insets{left=0, top=0, right=0, bottom=0} max=null vis=false
07-11 19:31:45.450  3005  3005 D RecentsContainer:     ime=Insets{left=0, top=0, right=0, bottom=0} max=null vis=false
07-11 19:31:45.450  3005  3005 D RecentsContainer:     systemGestures=Insets{left=0, top=90, right=0, bottom=0} max=Insets{left=0, top=90, right=0, bottom=0} vis=true
07-11 19:31:45.450  3005  3005 D RecentsContainer:     mandatorySystemGestures=Insets{left=0, top=90, right=0, bottom=0} max=Insets{left=0, top=90, right=0, bottom=0} vis=true
07-11 19:31:45.450  3005  3005 D RecentsContainer:     tappableElement=Insets{left=0, top=90, right=0, bottom=0} max=Insets{left=0, top=90, right=0, bottom=0} vis=true
07-11 19:31:45.450  3005  3005 D RecentsContainer:     displayCutout=Insets{left=0, top=90, right=0, bottom=0} max=Insets{left=0, top=90, right=0, bottom=0} vis=true
07-11 19:31:45.450  3005  3005 D RecentsContainer:     windowDecor=null max=null vis=false
07-11 19:31:45.450  3005  3005 D RecentsContainer:     cutout=DisplayCutout{insets=Rect(0, 90 - 0, 0) waterfall=Insets{left=0, top=0, right=0, bottom=0} boundingRect={Bounds=[Rect(0, 0 - 0, 0), Rect(0, 0 - 177, 90), Rect(0, 0 - 0, 0), Rect(0, 0 - 0, 0)]}}
