06-21 16:01:23.183  1429  1967 D APM_AudioPolicyManager: getNewOutputDevices selected devices AUDIO_DEVICE_NONE
06-21 16:01:23.183  1429  1967 D APM_AudioPolicyManager: setOutputDevices output 37 device AUDIO_DEVICE_NONE delayMs 218 force 0 requiresMuteCheck 1
06-21 16:01:23.183  1429  1967 D APM_AudioPolicyManager: setOutputDevices() prevDevice {type:0x2,@:}
06-21 16:01:23.189  1189  1228 V EffectMiSound: MiSound_command() start, cmdCode=20
06-21 16:01:23.189  1189  1228 V EffectMiSound: MiSound_Command EFFECT_CMD_OFFLOAD
06-21 16:01:23.190  1189  1228 V EffectMiSound: MiSound_command() start, cmdCode=1
06-21 16:01:23.190  1189  1228 V EffectMiSound: MiSound_setConfig start
06-21 16:01:23.190  1189  1228 V EffectMiSound: MiSound_command() start, cmdCode=9
06-21 16:01:23.190  1189  1228 V EffectMiSound: MiSound_Command EFFECT_CMD_SET_DEVICE: 0x00000002
06-21 16:01:23.190  1189  1228 D MiSoundQdspGefDriver: setDevice(device=0x00000002): old device 0x00000002
06-21 16:01:23.190  1189  1228 V EffectMiSound: MiSound_command() start, cmdCode=11
06-21 16:01:23.190  1189  1228 V EffectMiSound: MiSound_Command EFFECT_CMD_SET_AUDIO_MODE: 0
06-21 16:01:23.190  1189  1228 D DlbDlbEffect: effectCommand(handle=0xb4000076be76f0a0, cmdCode=5, cmdSize=20, pCmdData=0xb4000076b0267da0, replySize=4, pReplyData=0xb4000076b0233580)
06-21 16:01:23.190  1189  1228 D DlbDlbEffect: handle_EFFECT_CMD_SET_PARAM()
06-21 16:01:23.190  1189  1228 V DlbDapEffectContext: setParam() received parameter EFFECT_PARAM_SKIP_HARD_BYPASS
06-21 16:01:23.190  1189  1228 V DlbEffectQdspDap: setPreferredOffType()
06-21 16:01:23.190  1189  1228 D DlbQdspGefDriver: setPreferredOffType(type=2)
06-21 16:01:23.190  1189  1228 D DlbDlbEffect: effectCommand(handle=0xb4000076be76f0a0, cmdCode=4, cmdSize=0, pCmdData=0x0, replySize=4, pReplyData=0xb4000076b02335f8)
06-21 16:01:23.190  1189  1228 D DlbDlbEffect: handle_EFFECT_CMD_DISABLE()
06-21 16:01:23.190  1189  1228 V DlbEffectQdspDap: setEnabled()
06-21 16:01:23.190  1189  1228 V DlbEffectQdspDap: updateEnabled(enabled=0, bypassed=0)
06-21 16:01:23.190  1189  1228 D DlbQdspGefDriver: setEnabled(enable=0)
06-21 16:01:23.190  1189  1228 D DlbQdspGefDriver: setEnabled(): Skip the transient enabled state 0
06-21 16:01:23.190  1189  1228 D DlbDlbEffect: effectCommand(handle=0xb4000076be76f0a0, cmdCode=20, cmdSize=8, pCmdData=0xb4000076b0233580, replySize=4, pReplyData=0xb4000076b02335f8)
06-21 16:01:23.190  1189  1228 D DlbDlbEffect: handle_EFFECT_CMD_OFFLOAD(offload=0, ioHandle=13)
06-21 16:01:23.191  1189  1228 V EffectMiSound: MiSound_command() start, cmdCode=1
06-21 16:01:23.191  1189  1228 V EffectMiSound: MiSound_setConfig start
06-21 16:01:23.191  1189  1228 D DlbDlbEffect: effectCommand(handle=0xb4000076be76f0a0, cmdCode=1, cmdSize=112, pCmdData=0x76ba53f0a0, replySize=4, pReplyData=0x76ba53f11c)
06-21 16:01:23.191  1189  1228 D DlbDlbEffect: handle_EFFECT_CMD_SET_CONFIG()
06-21 16:01:23.191  1189  1228 D DlbDlbEffect: effectCommand(handle=0xb4000076be76f0a0, cmdCode=9, cmdSize=4, pCmdData=0xb4000076b0233580, replySize=4, pReplyData=0xb4000076b02335f8)
06-21 16:01:23.191  1189  1228 D DlbDlbEffect: handle_EFFECT_CMD_SET_DEVICE(device=0x00000002)
06-21 16:01:23.191  1189  1228 V DlbDapEffectContext: setDevice(00000002)
06-21 16:01:23.191  1189  1228 V DlbEffectQdspDap: setBypass(bypass = 0)
06-21 16:01:23.191  1189  1228 V DlbEffectQdspDap: setDevice()
06-21 16:01:23.191  1189  1228 D DlbQdspGefDriver: setDevice(device=0x00000002): old device 0x00000002
06-21 16:01:23.191  1260  1260 D DMSService: setActiveDevice called with device = 0x2 (original 0x2)
06-21 16:01:23.192  1189  1228 D DlbDlbEffect: effectCommand(handle=0xb4000076be76f0a0, cmdCode=11, cmdSize=4, pCmdData=0xb4000076b0233580, replySize=4, pReplyData=0xb4000076b02335f8)
06-21 16:01:23.192  1189  1228 V DlbDlbEffect: handle_EFFECT_CMD_SET_AUDIO_MODE(mode=0x00000000)
06-21 16:01:23.192  1189  1228 D DlbDlbEffect: effectCommand(handle=0xb4000076be76f0a0, cmdCode=20, cmdSize=8, pCmdData=0xb4000076b0233580, replySize=4, pReplyData=0xb4000076b02335f8)
06-21 16:01:23.192  1189  1228 D DlbDlbEffect: handle_EFFECT_CMD_OFFLOAD(offload=1, ioHandle=13)
06-21 16:01:23.192  1189  1228 D DlbDlbEffect: effectCommand(handle=0xb4000076be76f0a0, cmdCode=3, cmdSize=0, pCmdData=0x0, replySize=4, pReplyData=0xb4000076b02335f8)
06-21 16:01:23.192  1189  1228 D DlbDlbEffect: handle_EFFECT_CMD_ENABLE()
06-21 16:01:23.192  1189  1228 V DlbEffectQdspDap: setEnabled()
06-21 16:01:23.192  1189  1228 V DlbEffectQdspDap: updateEnabled(enabled=1, bypassed=0)
06-21 16:01:23.192  1189  1228 D DlbQdspGefDriver: setEnabled(enable=1)
06-21 16:01:23.192  1189  1228 D DlbQdspGefDriver: setEnabled(): the enabled state is already 1
06-21 16:01:23.192  1429  1967 V APM::EffectDescriptor: moveEffects session 0 srcOutput 37 dstOutput 13
06-21 16:01:23.194  1189  1228 D AHAL: AudioStream: astream_out_set_parameters: 808: enter: usecase(0: deep-buffer-playback) kvpairs: appname=-cn.missevan
06-21 16:01:23.195  1189  1228 D AHAL: AudioStreamCustom: SetParameters: 198: SetParameters(): set app name -cn.missevan
06-21 16:01:23.195  1189  1228 D AHAL: AudioStreamCustom: isSupportMisoundAsc mode is0
06-21 16:01:23.195  1189  1228 D AHAL: AudioStream: SetParameters: 2204: enter
06-21 16:01:23.195  1189  1228 I AHAL: AudioStream: SetParameters: 2213: ret 0, plugin device cont -1 stream -1
06-21 16:01:23.195  1189  1228 D AHAL: AudioStream: SetParameters: 2252: exit 0
06-21 16:01:23.195  1189  1228 D AHAL: AudioStream: astream_out_set_parameters: 825: Exit ret: 0
06-21 16:01:23.196  1429  1967 D APM_AudioPolicyManager: releaseOutput portId 85
06-21 16:01:23.196  1429  1967 D APM_AudioPolicyManager: releaseOutput() output 37, stream 3, session 433 [uid=10499]
06-21 16:01:23.198  2423  3334 D MiuiNetworkPolicy: updateLimit mLimitEnabled=true,enabled=false,mNetworkPriorityMode=1
06-21 16:01:23.209  2423  2876 I WindowManagerService: Physical orientation applied, rotation=0 sfOrientation=ORIENTATION_0
06-21 16:01:23.222  5790 30807 I SafeBinderCall: onPositionChange binder cost:1
06-21 16:01:23.222  4190  4190 D MiPlayDetailViewModel: onPositionChange(): position = 7987
06-21 16:01:23.227 29445 29484 W QueryController: Could not detect idle state.
06-21 16:01:23.229  5322  9959 W MiuiPerfServiceClient: interceptAndQueuing:29513|cn.missevan|214|83|75430833290077|Slow handle traversal|5
06-21 16:01:23.233 29513 30124 D BLASTBufferQueue: releaseBufferCallback ReleaseCallbackId: bufferId:126757369806887 framenumber:1
06-21 16:01:23.234 29445 29484 I appium  : AppiumResponse: {"sessionId":"ec832cae-5da2-429d-a853-90de0bafd2d5","value":null}
06-21 16:01:23.240 29513 29528 D BLASTBufferQueue: releaseBufferCallback ReleaseCallbackId: bufferId:126757369806886 framenumber:2
06-21 16:01:23.248 29513 29528 D BLASTBufferQueue: releaseBufferCallback ReleaseCallbackId: bufferId:126757369806885 framenumber:3
06-21 16:01:23.264  2423  5715 I WindowManagerService: Physical orientation applied, rotation=0 sfOrientation=ORIENTATION_0
06-21 16:01:23.357  2055  3327 D libsensor-displayalgo: the value of  brightness:438.000000,R:16565159.633102,G:16538533.111130,B:16712082.203467,EVENT_C:5199.000000,EVENT_R:2133.000000,EVENT_G:2542.500000,EVENT_B:1042.000000
06-21 16:01:23.357  2055  3327 I libsensor-displayalgo: the value of  Coef1:1107.681000,Coef4:2.383000, scale1:0.935522, scale4:0.923264
06-21 16:01:23.357  2055  3327 E libsensor-displayalgo: RGB_test_0407_400_oldzy!
06-21 16:01:23.358  2055  3327 I libsensor-displayalgo: the value of  RESULT1087.055903,420.734855,554.609215,187.942651
06-21 16:01:23.358  2055  3327 I libsensor-displayalgo: the value of  getChannelDataCalibrated1139.718770,389.681572,644.624609,205.126757
06-21 16:01:23.358  2055  3327 I libsensor-displayalgo: the value of  REAL LUX239.125763
06-21 16:01:23.358  2055  3327 I libsensor-displayalgo: the value of  CAL REAL LUX239.125763
06-21 16:01:23.371  1289  2256 I vendor.qti.hardware.display.composer-service: FrameNotifyProcess Sensor: notify citsensorservice to trigger cwb
06-21 16:01:23.371  2055  2140 I libcitsensorservice@2.0-impl: msg_transfer
06-21 16:01:23.371  2055  3319 D vendor.xiaomi.sensor.citsensorservice@2.0-service: handle id:11 wxh:1280x2400 uwxuh:1080x2400 size: 9216000 fd:15 fd_meta:16 flags:0x4000228 usage:0x33  format:0x3 layer_count: 1
06-21 16:01:23.372  1289  1865 I SDM     : HWCSession::SetCWBOutputBuffer: CWB config passed by cwb_client : tappoint 1  CWB_ROI : (829.000000 4.000000 915.000000 90.000000)
06-21 16:01:23.373  1289 30869 I SDM     : HWCSession::ProcessRequests: Successfully configured CWB buffer.
06-21 16:01:23.382  1289 30869 I SDM     : HWCSession::ProcessRequests: Pushing release fence in fenece wait queue.
06-21 16:01:23.382  1289 30869 I SDM     : HWCSession::ProcessRequests: Creating AsyncFenceWaits async thread.
06-21 16:01:23.382  1289 30869 I SDM     : HWCSession::ProcessRequests: Remove current CWB request from the pending request queue.
06-21 16:01:23.382  1289 30869 I SDM     : HWCSession::ProcessRequests: No pending cwb requests found in the queue.
06-21 16:01:23.387  1289  1506 I SDM     : HWDeviceDRM::SetupConcurrentWriteback: Tear down the Concurrent Writeback topology
06-21 16:01:23.396  1289 30870 I SDM     : HWCSession::NotifyCWBStatus: Notify the client about buffer status 0.
06-21 16:01:23.396  1289 30870 I SDM     : HWCSession::PerformFenceWaits: Remove current release fence from the pending fence wait queue.
06-21 16:01:23.396  1289 30870 I SDM     : HWCSession::PerformFenceWaits: CWB fence queue is empty. No pending release fence to wait on.
06-21 16:01:23.411  2423  5182 I WindowManagerService: Physical orientation applied, rotation=0 sfOrientation=ORIENTATION_0
06-21 16:01:23.411 29513 29523 I cn.missevan: This is sticky GC, maxfree is 8388608 minfree is 2097152
06-21 16:01:23.447  2423  5182 I WindowManagerService: Physical orientation applied, rotation=0 sfOrientation=ORIENTATION_0
06-21 16:01:23.478  2423  5182 I WindowManagerService: Physical orientation applied, rotation=0 sfOrientation=ORIENTATION_0
06-21 16:01:23.500  6831  7071 D MemoryCeilingMonitor: [handleMemoryCalculate]
06-21 16:01:23.500  6831  7071 D MemoryCeilingMonitor: [calculate] tot: 5821576, max: 268435456, free: 1818624, heap: 4002952, per: 0.014912158250808716
06-21 16:01:23.505  2423  2876 I WindowManagerService: Physical orientation applied, rotation=0 sfOrientation=ORIENTATION_0
06-21 16:01:23.540  3814  4695 V Avrcp_ext: AvrcpMessageHandler: received message=29
06-21 16:01:23.545  3814  4695 V Avrcp_ext: updateCurrentMediaState: mMediaController: MediaController (cn.missevan@d50a6f9) 他似晨风起 | 预告, null, null
06-21 16:01:23.546  3814  4695 V Avrcp_ext: updateCurrentMediaState: isPlaying = false
06-21 16:01:23.546  3814  4695 W Avrcp_ext: isMusicActive: false getBluetoothPlayState: 1 A2dp State: 11 mAudioPlaybackIsActive: false
06-21 16:01:23.547  3814  4695 D Avrcp_ext: isMusicActive = false mAudioPlaybackIsActive = false player state = PlaybackState {state=3, position=8312, buffered position=70844, speed=1.0, updated=77605293, actions=894, custom actions=[], active item id=-1, error=null}
06-21 16:01:23.547  3814  4695 D Avrcp_ext: overwrite album_artist :if album is blank
06-21 16:01:23.548  3814  4695 V Avrcp_ext: Media update: id -1➡-1? [MediaAttributes: 他⋯告 -  by  (90094 0/0) - ] : [MediaAttributes: 他⋯告 -  by  (90094 0/0) - ]
06-21 16:01:23.548  3814  4695 D Avrcp_ext: isPackageNameValid: browsedPackage = cn.missevanisValid = true
06-21 16:01:23.548  3814  4695 V Avrcp_ext: isBrowseSupported for cn.missevan: false
06-21 16:01:23.548  3814  4695 V Avrcp_ext: updatePlaybackState, state: PlaybackState {state=3, position=8312, buffered position=70844, speed=1.0, updated=77605293, actions=894, custom actions=[], active item id=-1, error=null} device: null
06-21 16:01:23.548  3814  4695 V Avrcp_ext: Device: no name:
06-21 16:01:23.548  3814  4695 V Avrcp_ext: Device: no name:
06-21 16:01:23.548  3814  4695 V Avrcp_ext: Device: no name:
06-21 16:01:23.548  3814  4695 V Avrcp_ext: Device: no name:
06-21 16:01:23.548  3814  4695 V Avrcp_ext: Device: no name:
06-21 16:01:23.548  3814  4695 V Avrcp_ext: updatePlayerStateAndPosition, old=PlaybackState {state=3, position=7804, buffered position=70844, speed=1.0, updated=77604785, actions=894, custom actions=[], active item id=-1, error=null}, state=PlaybackState {state=3, position=8312, buffered position=70844, speed=1.0, updated=77605293, actions=894, custom actions=[], active item id=-1, error=null}
06-21 16:01:23.548  3814  4695 V Avrcp_ext: old state = PlaybackState {state=3, position=7804, buffered position=70844, speed=1.0, updated=77604785, actions=894, custom actions=[], active item id=-1, error=null}, new state= PlaybackState {state=3, position=8312, buffered position=70844, speed=1.0, updated=77605293, actions=894, custom actions=[], active item id=-1, error=null}
06-21 16:01:23.548  3814  4695 D HeadsetService: getHeadsetService(): returning com.android.bluetooth.hfp.HeadsetService@cd6daf0
06-21 16:01:23.548  3814  4695 D HeadsetService:  isAudioOn: The number of audio connected devices 0
06-21 16:01:23.548  3814  4695 D HeadsetService: isScoOrCallActive(): Call Active:falseCall is Ringing:falseSCO is Active:false
06-21 16:01:23.548  3814  4695 D HeadsetService:  isAudioOn: The number of audio connected devices 0
06-21 16:01:23.548  3814  4695 V Avrcp_ext: isPlayStateTobeUpdated: device: null
06-21 16:01:23.548  3814  4695 V Avrcp_ext: Single connection exists
06-21 16:01:23.548  3814  4695 D HeadsetService:  isAudioOn: The number of audio connected devices 0
06-21 16:01:23.548  3814  4695 D HeadsetService: isScoOrCallActive(): Call Active:falseCall is Ringing:falseSCO is Active:false
06-21 16:01:23.548  3814  4695 D HeadsetService:  isAudioOn: The number of audio connected devices 0
06-21 16:01:23.548  3814  4695 V Avrcp_ext: isPlayStateTobeUpdated: device: null
06-21 16:01:23.548  3814  4695 V Avrcp_ext: Single connection exists
06-21 16:01:23.548  3814  4695 D HeadsetService:  isAudioOn: The number of audio connected devices 0
06-21 16:01:23.549  3814  4695 D HeadsetService: isScoOrCallActive(): Call Active:falseCall is Ringing:falseSCO is Active:false
06-21 16:01:23.549  3814  4695 D HeadsetService:  isAudioOn: The number of audio connected devices 0
06-21 16:01:23.549  3814  4695 V Avrcp_ext: isPlayStateTobeUpdated: device: null
06-21 16:01:23.549  3814  4695 V Avrcp_ext: Single connection exists
06-21 16:01:23.549  3814  4695 D HeadsetService:  isAudioOn: The number of audio connected devices 0
06-21 16:01:23.549  3814  4695 D HeadsetService: isScoOrCallActive(): Call Active:falseCall is Ringing:falseSCO is Active:false
06-21 16:01:23.549  3814  4695 D HeadsetService:  isAudioOn: The number of audio connected devices 0
06-21 16:01:23.549  3814  4695 V Avrcp_ext: isPlayStateTobeUpdated: device: null
06-21 16:01:23.549  3814  4695 V Avrcp_ext: Single connection exists
06-21 16:01:23.549  3814  4695 D HeadsetService:  isAudioOn: The number of audio connected devices 0
06-21 16:01:23.549  3814  4695 D HeadsetService: isScoOrCallActive(): Call Active:falseCall is Ringing:falseSCO is Active:false
06-21 16:01:23.549  3814  4695 D HeadsetService:  isAudioOn: The number of audio connected devices 0
06-21 16:01:23.549  3814  4695 V Avrcp_ext: isPlayStateTobeUpdated: device: null
06-21 16:01:23.549  3814  4695 V Avrcp_ext: Single connection exists
06-21 16:01:23.549  3814  4695 D Avrcp_ext: Enter sendPlayPosNotificationRsp
06-21 16:01:23.549  3814  4695 D Avrcp_ext: sendPlayPosNotificationRsp: Not registered or requesting.
06-21 16:01:23.549  3814  4695 D Avrcp_ext: Enter sendPlayPosNotificationRsp
06-21 16:01:23.549  3814  4695 D Avrcp_ext: sendPlayPosNotificationRsp: Not registered or requesting.
06-21 16:01:23.549  3814  4695 D Avrcp_ext: Enter sendPlayPosNotificationRsp
06-21 16:01:23.549  3814  4695 D Avrcp_ext: sendPlayPosNotificationRsp: Not registered or requesting.
06-21 16:01:23.549  3814  4695 D Avrcp_ext: Enter sendPlayPosNotificationRsp
06-21 16:01:23.549  3814  4695 D Avrcp_ext: sendPlayPosNotificationRsp: Not registered or requesting.
06-21 16:01:23.549  3814  4695 D Avrcp_ext: Enter sendPlayPosNotificationRsp
06-21 16:01:23.549  3814  4695 D Avrcp_ext: sendPlayPosNotificationRsp: Not registered or requesting.
06-21 16:01:23.549  3814  4695 V Avrcp_ext: Exit updatePlayerStateAndPosition
06-21 16:01:23.549  3814  4695 V Avrcp_ext: Exit handleMessage
06-21 16:01:23.567  2423  2876 I WindowManagerService: Physical orientation applied, rotation=0 sfOrientation=ORIENTATION_0
06-21 16:01:23.577 29513 29513 I HandWritingStubImpl: isKeyboardTypeChanged: false
06-21 16:01:23.577 29513 29513 I HandWritingStubImpl: isKeyboardTypeChanged: false
06-21 16:01:23.578 29513 29513 I HandWritingStubImpl: isKeyboardTypeChanged: false
06-21 16:01:23.578 29513 29513 I HandWritingStubImpl: isKeyboardTypeChanged: false
06-21 16:01:23.579 29513 29513 I HandWritingStubImpl: isKeyboardTypeChanged: false
06-21 16:01:23.579 29513 29513 I HandWritingStubImpl: isKeyboardTypeChanged: false
06-21 16:01:23.579 29513 29513 I HandWritingStubImpl: isKeyboardTypeChanged: false
06-21 16:01:23.579 29513 29513 I HandWritingStubImpl: isKeyboardTypeChanged: false
06-21 16:01:23.627  2423  5182 I WindowManagerService: Physical orientation applied, rotation=0 sfOrientation=ORIENTATION_0
06-21 16:01:23.637 29513 29523 I cn.missevan: This is non sticky GC, maxfree is 8388608 minfree is 2097152
06-21 16:01:23.637 29513 29523 I cn.missevan: Background concurrent copying GC freed 437896(19MB) AllocSpace objects, 50(10MB) LOS objects, 32% free, 49MB/73MB, paused 199us,113us total 185.092ms
06-21 16:01:23.657  2423  5182 I WindowManagerService: Physical orientation applied, rotation=0 sfOrientation=ORIENTATION_0
06-21 16:01:23.658  2055  3327 D libsensor-displayalgo: the value of  brightness:438.000000,R:14446778.933095,G:13843208.414984,B:14538202.735625,EVENT_C:5124.000000,EVENT_R:2108.000000,EVENT_G:2501.500000,EVENT_B:1029.000000
06-21 16:01:23.658  2055  3327 I libsensor-displayalgo: the value of  Coef1:1107.681000,Coef4:2.383000, scale1:0.935522, scale4:0.923264
06-21 16:01:23.658  2055  3327 E libsensor-displayalgo: RGB_black_white_scenario_0822!
06-21 16:01:23.658  2055  3327 I libsensor-displayalgo: the value of  RESULT518.063913,196.239810,266.997861,91.449758
06-21 16:01:23.658  2055  3327 I libsensor-displayalgo: the value of  getChannelDataCalibrated543.161731,181.755889,310.332729,99.811257
06-21 16:01:23.658  2055  3327 I libsensor-displayalgo: the value of  REAL LUX274.883392
06-21 16:01:23.658  2055  3327 I libsensor-displayalgo: the value of  CAL REAL LUX274.883392
06-21 16:01:23.676  1289  2256 I vendor.qti.hardware.display.composer-service: FrameNotifyProcess Sensor: notify citsensorservice to trigger cwb
06-21 16:01:23.676  2055  2055 I libcitsensorservice@2.0-impl: msg_transfer
06-21 16:01:23.676  2055  3319 D vendor.xiaomi.sensor.citsensorservice@2.0-service: handle id:11 wxh:1280x2400 uwxuh:1080x2400 size: 9216000 fd:15 fd_meta:16 flags:0x4000228 usage:0x33  format:0x3 layer_count: 1
06-21 16:01:23.677  1289  1865 I SDM     : HWCSession::SetCWBOutputBuffer: CWB config passed by cwb_client : tappoint 1  CWB_ROI : (829.000000 4.000000 915.000000 90.000000)
06-21 16:01:23.678  1289 30873 I SDM     : HWCSession::ProcessRequests: Successfully configured CWB buffer.
06-21 16:01:23.686  1289 30873 I SDM     : HWCSession::ProcessRequests: Pushing release fence in fenece wait queue.
06-21 16:01:23.686  1289 30873 I SDM     : HWCSession::ProcessRequests: Creating AsyncFenceWaits async thread.
06-21 16:01:23.686  1289 30873 I SDM     : HWCSession::ProcessRequests: Remove current CWB request from the pending request queue.
06-21 16:01:23.686  1289 30873 I SDM     : HWCSession::ProcessRequests: No pending cwb requests found in the queue.
06-21 16:01:23.690  5790  5790 I ActiveSessionRecord: onPlaybackStateChanged: PlaybackState {state=6, position=0, buffered position=0, speed=1.0, updated=77605433, actions=894, custom actions=[], active item id=-1, error=null}
06-21 16:01:23.691  4190  4190 V MediaTimeout: processState 0|cn.missevan|1500|null|10499: PlaybackState {state=6, position=0, buffered position=0, speed=1.0, updated=77605433, actions=894, custom actions=[], active item id=-1, error=null}
06-21 16:01:23.691  1289  1506 I SDM     : HWDeviceDRM::SetupConcurrentWriteback: Tear down the Concurrent Writeback topology
06-21 16:01:23.692  5790  5790 I ActiveAudioSessionManager: stopPositionCallbackTask
06-21 16:01:23.693  5790  5790 I SafeBinderCall: onPlaybackStateChange binder cost:0
06-21 16:01:23.693  5790  5790 I Cir_Miplay_ActiveSessionRecord: onPlaybackStateChanged:6
06-21 16:01:23.693  5790  5790 I Cir_Miplay_ActiveSessionRecordStack: onPlaybackStateChange.
06-21 16:01:23.697  3814  4695 V Avrcp_ext: onPlaybackStateChanged: state PlaybackState {state=6, position=0, buffered position=0, speed=1.0, updated=77605433, actions=894, custom actions=[], active item id=-1, error=null}
06-21 16:01:23.698  5790  5790 I Cir_Miplay_ActiveAudioSessionManager: TopAudioSession play change
06-21 16:01:23.698  5790  5790 I Cir_Miplay_MiPlayAudioService: dispatchPlaybackStateChange:6
06-21 16:01:23.699  5790  5790 I Cir_Miplay_MiPlayAudioService: localPlayStateChange state:6
06-21 16:01:23.699  5790  5790 I Cir_Miplay_MiPlayAudioService: playStateNotify state:6  ,id:,uuid:local_device_id
06-21 16:01:23.699  5790  5790 I MiPlayClientSDK: =======================================================================
06-21 16:01:23.699  5790  5790 I MiPlayClientSDK: onPlayStateChange start
06-21 16:01:23.699  5790  5790 I MiPlayClientSDK: local_device_id, state:6
06-21 16:01:23.699  5790  5790 I MiPlayClientSDK: onPlayStateChange end
06-21 16:01:23.699  5790  5790 I MiPlayClientSDK: =======================================================================
06-21 16:01:23.699  5790  5790 I MiPlayProxyDeviceManager: onPlayStateChange
06-21 16:01:23.699  5790  5790 I MiPlay  : onPlaybackStateChanged,local_device_id, state:none
06-21 16:01:23.701  1289 30874 I SDM     : HWCSession::NotifyCWBStatus: Notify the client about buffer status 0.
06-21 16:01:23.701  4190  4190 D MiPlayDetailViewModel: onPlaybackStateChange(): state = 6
06-21 16:01:23.701  1289 30874 I SDM     : HWCSession::PerformFenceWaits: Remove current release fence from the pending fence wait queue.
06-21 16:01:23.701  1289 30874 I SDM     : HWCSession::PerformFenceWaits: CWB fence queue is empty. No pending release fence to wait on.
06-21 16:01:23.702  3814  4695 V Avrcp_ext: updateCurrentMediaState: mMediaController: MediaController (cn.missevan@d50a6f9) 他似晨风起 | 预告, null, null
06-21 16:01:23.702  3814  4695 V Avrcp_ext: updateCurrentMediaState: isPlaying = false
06-21 16:01:23.703  3814  4695 W Avrcp_ext: isMusicActive: false getBluetoothPlayState: 1 A2dp State: 11 mAudioPlaybackIsActive: false
06-21 16:01:23.703  3814  4695 D Avrcp_ext: isMusicActive = false mAudioPlaybackIsActive = false player state = PlaybackState {state=6, position=0, buffered position=0, speed=1.0, updated=77605433, actions=894, custom actions=[], active item id=-1, error=null}
06-21 16:01:23.704  3814  4695 D Avrcp_ext: overwrite album_artist :if album is blank
06-21 16:01:23.704  3814  4695 I Avrcp_ext: Skipping update due to invalid playback state
06-21 16:01:23.704  3814  4695 V Avrcp_ext: updatePlaybackState, state: PlaybackState {state=6, position=0, buffered position=0, speed=1.0, updated=77605433, actions=894, custom actions=[], active item id=-1, error=null} device: null
06-21 16:01:23.704  3814  4695 V Avrcp_ext: Device: no name:
06-21 16:01:23.704  3814  4695 V Avrcp_ext: Device: no name:
06-21 16:01:23.704  3814  4695 V Avrcp_ext: Device: no name:
06-21 16:01:23.704  3814  4695 V Avrcp_ext: Device: no name:
06-21 16:01:23.704  3814  4695 V Avrcp_ext: Device: no name:
06-21 16:01:23.704  3814  4695 V Avrcp_ext: updatePlayerStateAndPosition, old=PlaybackState {state=3, position=8312, buffered position=70844, speed=1.0, updated=77605293, actions=894, custom actions=[], active item id=-1, error=null}, state=PlaybackState {state=6, position=0, buffered position=0, speed=1.0, updated=77605433, actions=894, custom actions=[], active item id=-1, error=null}
06-21 16:01:23.704  3814  4695 V Avrcp_ext: old state = PlaybackState {state=3, position=8312, buffered position=70844, speed=1.0, updated=77605293, actions=894, custom actions=[], active item id=-1, error=null}, new state= PlaybackState {state=6, position=0, buffered position=0, speed=1.0, updated=77605433, actions=894, custom actions=[], active item id=-1, error=null}
06-21 16:01:23.704  3814  4695 D HeadsetService: getHeadsetService(): returning com.android.bluetooth.hfp.HeadsetService@cd6daf0
06-21 16:01:23.704  3814  4695 D HeadsetService:  isAudioOn: The number of audio connected devices 0
06-21 16:01:23.704  3814  4695 D HeadsetService: isScoOrCallActive(): Call Active:falseCall is Ringing:falseSCO is Active:false
06-21 16:01:23.704  3814  4695 D HeadsetService:  isAudioOn: The number of audio connected devices 0
06-21 16:01:23.704  3814  4695 I Avrcp_ext: updatePlayStatusForDevice: device: null
06-21 16:01:23.705  3814  4695 V Avrcp_ext: updatePlaybackState (1): old=PlaybackState {state=6, position=0, buffered position=0, speed=1.0, updated=77596867, actions=894, custom actions=[], active item id=-1, error=null}(2), new=PlaybackState {state=6, position=0, buffered position=0, speed=1.0, updated=77605433, actions=894, custom actions=[], active item id=-1, error=null}(2)
06-21 16:01:23.705  3814  4695 I Avrcp_ext: Exit updatePlayStatusForDevice
06-21 16:01:23.705  3814  4695 D HeadsetService:  isAudioOn: The number of audio connected devices 0
06-21 16:01:23.705  3814  4695 D HeadsetService: isScoOrCallActive(): Call Active:falseCall is Ringing:falseSCO is Active:false
06-21 16:01:23.705  3814  4695 D HeadsetService:  isAudioOn: The number of audio connected devices 0
06-21 16:01:23.705  3814  4695 I Avrcp_ext: updatePlayStatusForDevice: device: null
06-21 16:01:23.705  3814  4695 V Avrcp_ext: updatePlaybackState (1): old=PlaybackState {state=6, position=0, buffered position=0, speed=1.0, updated=77596867, actions=894, custom actions=[], active item id=-1, error=null}(2), new=PlaybackState {state=6, position=0, buffered position=0, speed=1.0, updated=77605433, actions=894, custom actions=[], active item id=-1, error=null}(2)
06-21 16:01:23.705  3814  4695 I Avrcp_ext: Exit updatePlayStatusForDevice
06-21 16:01:23.705  3814  4695 D HeadsetService:  isAudioOn: The number of audio connected devices 0
06-21 16:01:23.705  3814  4695 D HeadsetService: isScoOrCallActive(): Call Active:falseCall is Ringing:falseSCO is Active:false
06-21 16:01:23.705  3814  4695 D HeadsetService:  isAudioOn: The number of audio connected devices 0
06-21 16:01:23.705  3814  4695 I Avrcp_ext: updatePlayStatusForDevice: device: null
06-21 16:01:23.705  3814  4695 V Avrcp_ext: updatePlaybackState (1): old=PlaybackState {state=6, position=0, buffered position=0, speed=1.0, updated=77596867, actions=894, custom actions=[], active item id=-1, error=null}(2), new=PlaybackState {state=6, position=0, buffered position=0, speed=1.0, updated=77605433, actions=894, custom actions=[], active item id=-1, error=null}(2)
06-21 16:01:23.705  3814  4695 I Avrcp_ext: Exit updatePlayStatusForDevice
06-21 16:01:23.705  3814  4695 D HeadsetService:  isAudioOn: The number of audio connected devices 0
06-21 16:01:23.705  3814  4695 D HeadsetService: isScoOrCallActive(): Call Active:falseCall is Ringing:falseSCO is Active:false
06-21 16:01:23.705  3814  4695 D HeadsetService:  isAudioOn: The number of audio connected devices 0
06-21 16:01:23.705  3814  4695 I Avrcp_ext: updatePlayStatusForDevice: device: null
06-21 16:01:23.705  3814  4695 V Avrcp_ext: updatePlaybackState (1): old=PlaybackState {state=6, position=0, buffered position=0, speed=1.0, updated=77596867, actions=894, custom actions=[], active item id=-1, error=null}(2), new=PlaybackState {state=6, position=0, buffered position=0, speed=1.0, updated=77605433, actions=894, custom actions=[], active item id=-1, error=null}(2)
06-21 16:01:23.705  3814  4695 I Avrcp_ext: Exit updatePlayStatusForDevice
06-21 16:01:23.705  3814  4695 D HeadsetService:  isAudioOn: The number of audio connected devices 0
06-21 16:01:23.705  3814  4695 D HeadsetService: isScoOrCallActive(): Call Active:falseCall is Ringing:falseSCO is Active:false
06-21 16:01:23.705  3814  4695 D HeadsetService:  isAudioOn: The number of audio connected devices 0
06-21 16:01:23.705  3814  4695 I Avrcp_ext: updatePlayStatusForDevice: device: null
06-21 16:01:23.705  3814  4695 V Avrcp_ext: updatePlaybackState (1): old=PlaybackState {state=6, position=0, buffered position=0, speed=1.0, updated=77596867, actions=894, custom actions=[], active item id=-1, error=null}(2), new=PlaybackState {state=6, position=0, buffered position=0, speed=1.0, updated=77605433, actions=894, custom actions=[], active item id=-1, error=null}(2)
06-21 16:01:23.705  3814  4695 I Avrcp_ext: Exit updatePlayStatusForDevice
06-21 16:01:23.705  3814  4695 D Avrcp_ext: Enter sendPlayPosNotificationRsp
06-21 16:01:23.705  3814  4695 D Avrcp_ext: sendPlayPosNotificationRsp: Not registered or requesting.
06-21 16:01:23.705  3814  4695 D Avrcp_ext: Enter sendPlayPosNotificationRsp
06-21 16:01:23.705  3814  4695 D Avrcp_ext: sendPlayPosNotificationRsp: Not registered or requesting.
06-21 16:01:23.705  3814  4695 D Avrcp_ext: Enter sendPlayPosNotificationRsp
06-21 16:01:23.705  3814  4695 D Avrcp_ext: sendPlayPosNotificationRsp: Not registered or requesting.
06-21 16:01:23.705  3814  4695 D Avrcp_ext: Enter sendPlayPosNotificationRsp
06-21 16:01:23.705  3814  4695 D Avrcp_ext: sendPlayPosNotificationRsp: Not registered or requesting.
06-21 16:01:23.705  3814  4695 D Avrcp_ext: Enter sendPlayPosNotificationRsp
06-21 16:01:23.705  3814  4695 D Avrcp_ext: sendPlayPosNotificationRsp: Not registered or requesting.
06-21 16:01:23.705  3814  4695 V Avrcp_ext: Exit updatePlayerStateAndPosition
06-21 16:01:23.705  3814  4695 V Avrcp_ext:  Exit onPlaybackStateChanged
06-21 16:01:23.712  5790  5790 I MiPlayProxyDeviceManager: onTopActiveSessionChange, cn.missevan
06-21 16:01:23.712  5790  5790 I SafeBinderCall: onTopActiveSessionChange binder cost:0
06-21 16:01:23.713  3814  4695 V Avrcp_ext: onMetadataChanged
06-21 16:01:23.713  4190  4190 D MiPlayDetailViewModel: onMediaMetaChange(): metaData.title = 他似晨风起 | 第一期
06-21 16:01:23.713  5790  5790 I SafeBinderCall: onMediaMetaChange binder cost:1
06-21 16:01:23.715  4190  4190 D MiPlayDetailViewModel: onActiveAudioSessionChange(): audioSessionList?.size = 1
06-21 16:01:23.715  5790  6101 I SafeBinderCall: onActiveAudioSessionChange binder cost:3
06-21 16:01:23.715  5790  5790 I Cir_Miplay_ActiveAudioSessionManager: dispatchTopActiveSessionChangeCallbackLocked, size:1
06-21 16:01:23.715  3814  4695 V Avrcp_ext: updateCurrentMediaState: mMediaController: MediaController (cn.missevan@d50a6f9) 他似晨风起 | 第一期, null, null
06-21 16:01:23.715  3814  4695 V Avrcp_ext: updateCurrentMediaState: isPlaying = false
06-21 16:01:23.715  3814  4695 W Avrcp_ext: isMusicActive: false getBluetoothPlayState: 2 A2dp State: 11 mAudioPlaybackIsActive: false
06-21 16:01:23.716  3814  4695 D Avrcp_ext: isMusicActive = false mAudioPlaybackIsActive = false player state = PlaybackState {state=6, position=0, buffered position=0, speed=1.0, updated=77605433, actions=894, custom actions=[], active item id=-1, error=null}
06-21 16:01:23.716  5790  5790 I Cir_Miplay_MiPlayAudioService: onTopActiveSessionChange, cn.missevan
06-21 16:01:23.716  5790  5790 I Cir_Miplay_MiPlayAudioService: topActiveSessionChange appId:cn.missevan
06-21 16:01:23.716  5790  5790 I Cir_Miplay_MiPlayAudioStatUtils: recordPackageName:cn.missevan
06-21 16:01:23.716  5790  5790 I Cir_Miplay_MiPlayAudioStatUtils: packageNameEquals.
06-21 16:01:23.717  5790  5790 I Cir_Miplay_ActiveSessionRecord: dispatch meta change, MediaMetaData{mArtist='null', mAlbum='null', mTitle='他似晨风起 | 第一期', mArt=valid, mDuration=2968631, mLrc='null'}
06-21 16:01:23.717  5790  5790 I Cir_Miplay_MiPlayAudioService: dispatchMetaChange:cn.missevan  ActiveSsionPackageName:cn.missevan
06-21 16:01:23.717  3814  4695 D Avrcp_ext: overwrite album_artist :if album is blank
06-21 16:01:23.718  3814  4695 I Avrcp_ext: Skipping update due to invalid playback state
06-21 16:01:23.718  3814  4695 V Avrcp_ext: updatePlaybackState, state: PlaybackState {state=6, position=0, buffered position=0, speed=1.0, updated=77605433, actions=894, custom actions=[], active item id=-1, error=null} device: null
06-21 16:01:23.718  3814  4695 V Avrcp_ext: Device: no name:
06-21 16:01:23.718  3814  4695 V Avrcp_ext: Device: no name:
06-21 16:01:23.718  3814  4695 V Avrcp_ext: Device: no name:
06-21 16:01:23.718  3814  4695 V Avrcp_ext: Device: no name:
06-21 16:01:23.718  3814  4695 V Avrcp_ext: Device: no name:
06-21 16:01:23.718  3814  4695 V Avrcp_ext: updatePlayerStateAndPosition, old=PlaybackState {state=6, position=0, buffered position=0, speed=1.0, updated=77605433, actions=894, custom actions=[], active item id=-1, error=null}, state=PlaybackState {state=6, position=0, buffered position=0, speed=1.0, updated=77605433, actions=894, custom actions=[], active item id=-1, error=null}
06-21 16:01:23.718  3814  4695 V Avrcp_ext: old state = PlaybackState {state=6, position=0, buffered position=0, speed=1.0, updated=77605433, actions=894, custom actions=[], active item id=-1, error=null}, new state= PlaybackState {state=6, position=0, buffered position=0, speed=1.0, updated=77605433, actions=894, custom actions=[], active item id=-1, error=null}
06-21 16:01:23.718  3814  4695 D HeadsetService: getHeadsetService(): returning com.android.bluetooth.hfp.HeadsetService@cd6daf0
06-21 16:01:23.718  3814  4695 D HeadsetService:  isAudioOn: The number of audio connected devices 0
06-21 16:01:23.718  3814  4695 D HeadsetService: isScoOrCallActive(): Call Active:falseCall is Ringing:falseSCO is Active:false
06-21 16:01:23.718  3814  4695 D HeadsetService:  isAudioOn: The number of audio connected devices 0
06-21 16:01:23.718  3814  4695 I Avrcp_ext: updatePlayStatusForDevice: device: null
06-21 16:01:23.718  3814  4695 V Avrcp_ext: updatePlaybackState (1): old=PlaybackState {state=6, position=0, buffered position=0, speed=1.0, updated=77605433, actions=894, custom actions=[], active item id=-1, error=null}(2), new=PlaybackState {state=6, position=0, buffered position=0, speed=1.0, updated=77605433, actions=894, custom actions=[], active item id=-1, error=null}(2)
06-21 16:01:23.718  3814  4695 I Avrcp_ext: Exit updatePlayStatusForDevice
06-21 16:01:23.718  3814  4695 D HeadsetService:  isAudioOn: The number of audio connected devices 0
06-21 16:01:23.718  3814  4695 D HeadsetService: isScoOrCallActive(): Call Active:falseCall is Ringing:falseSCO is Active:false
06-21 16:01:23.718  3814  4695 D HeadsetService:  isAudioOn: The number of audio connected devices 0
06-21 16:01:23.718  3814  4695 I Avrcp_ext: updatePlayStatusForDevice: device: null
06-21 16:01:23.718  3814  4695 V Avrcp_ext: updatePlaybackState (1): old=PlaybackState {state=6, position=0, buffered position=0, speed=1.0, updated=77605433, actions=894, custom actions=[], active item id=-1, error=null}(2), new=PlaybackState {state=6, position=0, buffered position=0, speed=1.0, updated=77605433, actions=894, custom actions=[], active item id=-1, error=null}(2)
06-21 16:01:23.718  3814  4695 I Avrcp_ext: Exit updatePlayStatusForDevice
06-21 16:01:23.718  3814  4695 D HeadsetService:  isAudioOn: The number of audio connected devices 0
06-21 16:01:23.718  3814  4695 D HeadsetService: isScoOrCallActive(): Call Active:falseCall is Ringing:falseSCO is Active:false
06-21 16:01:23.718  3814  4695 D HeadsetService:  isAudioOn: The number of audio connected devices 0
06-21 16:01:23.718  3814  4695 I Avrcp_ext: updatePlayStatusForDevice: device: null
06-21 16:01:23.718  3814  4695 V Avrcp_ext: updatePlaybackState (1): old=PlaybackState {state=6, position=0, buffered position=0, speed=1.0, updated=77605433, actions=894, custom actions=[], active item id=-1, error=null}(2), new=PlaybackState {state=6, position=0, buffered position=0, speed=1.0, updated=77605433, actions=894, custom actions=[], active item id=-1, error=null}(2)
06-21 16:01:23.718  3814  4695 I Avrcp_ext: Exit updatePlayStatusForDevice
06-21 16:01:23.718  3814  4695 D HeadsetService:  isAudioOn: The number of audio connected devices 0
06-21 16:01:23.718  3814  4695 D HeadsetService: isScoOrCallActive(): Call Active:falseCall is Ringing:falseSCO is Active:false
06-21 16:01:23.718  3814  4695 D HeadsetService:  isAudioOn: The number of audio connected devices 0
06-21 16:01:23.718  3814  4695 I Avrcp_ext: updatePlayStatusForDevice: device: null
06-21 16:01:23.718  3814  4695 V Avrcp_ext: updatePlaybackState (1): old=PlaybackState {state=6, position=0, buffered position=0, speed=1.0, updated=77605433, actions=894, custom actions=[], active item id=-1, error=null}(2), new=PlaybackState {state=6, position=0, buffered position=0, speed=1.0, updated=77605433, actions=894, custom actions=[], active item id=-1, error=null}(2)
06-21 16:01:23.718  3814  4695 I Avrcp_ext: Exit updatePlayStatusForDevice
06-21 16:01:23.718  3814  4695 D HeadsetService:  isAudioOn: The number of audio connected devices 0
06-21 16:01:23.718  3814  4695 D HeadsetService: isScoOrCallActive(): Call Active:falseCall is Ringing:falseSCO is Active:false
06-21 16:01:23.718  3814  4695 D HeadsetService:  isAudioOn: The number of audio connected devices 0
06-21 16:01:23.718  3814  4695 I Avrcp_ext: updatePlayStatusForDevice: device: null
06-21 16:01:23.718  3814  4695 V Avrcp_ext: updatePlaybackState (1): old=PlaybackState {state=6, position=0, buffered position=0, speed=1.0, updated=77605433, actions=894, custom actions=[], active item id=-1, error=null}(2), new=PlaybackState {state=6, position=0, buffered position=0, speed=1.0, updated=77605433, actions=894, custom actions=[], active item id=-1, error=null}(2)
06-21 16:01:23.718  3814  4695 I Avrcp_ext: Exit updatePlayStatusForDevice
06-21 16:01:23.718  3814  4695 D Avrcp_ext: Enter sendPlayPosNotificationRsp
06-21 16:01:23.718  3814  4695 D Avrcp_ext: sendPlayPosNotificationRsp: Not registered or requesting.
06-21 16:01:23.718  3814  4695 D Avrcp_ext: Enter sendPlayPosNotificationRsp
06-21 16:01:23.718  3814  4695 D Avrcp_ext: sendPlayPosNotificationRsp: Not registered or requesting.
06-21 16:01:23.718  3814  4695 D Avrcp_ext: Enter sendPlayPosNotificationRsp
06-21 16:01:23.718  3814  4695 D Avrcp_ext: sendPlayPosNotificationRsp: Not registered or requesting.
06-21 16:01:23.718  3814  4695 D Avrcp_ext: Enter sendPlayPosNotificationRsp
06-21 16:01:23.718  3814  4695 D Avrcp_ext: sendPlayPosNotificationRsp: Not registered or requesting.
06-21 16:01:23.718  3814  4695 D Avrcp_ext: Enter sendPlayPosNotificationRsp
06-21 16:01:23.718  3814  4695 D Avrcp_ext: sendPlayPosNotificationRsp: Not registered or requesting.
06-21 16:01:23.718  3814  4695 V Avrcp_ext: Exit updatePlayerStateAndPosition
06-21 16:01:23.720  5790 12090 I Cir_Miplay_MiPlayAudioService: dispatchMetaChange:MediaMetaData{mArtist='null', mAlbum='null', mTitle='他似晨风起 | 第一期', mArt=valid, mDuration=2968631, mLrc='null'}
06-21 16:01:23.720  5790 12090 I Cir_Miplay_MetaInfoManager: setMetadata.
06-21 16:01:23.720  5790  5790 I MiPlayClientSDK: =======================================================================
06-21 16:01:23.720  5790  5790 I MiPlayClientSDK: onMediaInfoChange start
06-21 16:01:23.721  5790  5790 I MiPlayClientSDK: local_device_id, MediaMetaData{mArtist='null', mAlbum='null', mTitle='他似晨风起 | 第一期', mDuration=2968631, mId='', mCoverUrl='', mStatus=0, mVolume=0, mArt=android.graphics.Bitmap@3676649, mPosition=0, mLrc='null', mPackgeName='cn.missevan', mSourceName='2738969101的Xiaomi Civi 2', mDeviceState=0}
06-21 16:01:23.721  5790  5790 I MiPlayClientSDK: onMediaInfoChange end
06-21 16:01:23.721  5790  5790 I MiPlayClientSDK: =======================================================================
06-21 16:01:23.721  5790  5790 I MiPlayProxyDeviceManager: onMediaInfoChange
06-21 16:01:23.721  5790  5790 I MiPlay  : onMediaMetaChanged,local_device_id, meta:MediaMetaData{mArtist='null', mAlbum='null', mTitle='他似晨风起 | 第一期', mDuration=2968631, art:valid}
06-21 16:01:23.725  4190  4190 I SafeBinderCall: call getMediaMetaData binder cost:5
06-21 16:01:23.725  4190  4190 I SafeBinderCall: call getPosition binder cost:0
06-21 16:01:23.726  4190  4190 I SafeBinderCall: call getPlaybackState binder cost:1
06-21 16:01:23.768 29732 29898 I MediaCodec: init video box disabled for codec not supported
06-21 16:01:23.769 29732 30877 D CCodec  : allocate(c2.android.aac.decoder)
06-21 16:01:23.772 29732 30877 I CCodec  : setting up 'default' as default (vendor) store
06-21 16:01:23.773  1965  5841 V C2Store : in init
06-21 16:01:23.773  1965  5841 V C2Store : loading dll
06-21 16:01:23.779 29732 30877 I CCodec  : Created component [c2.android.aac.decoder]
06-21 16:01:23.779 29732 30877 D CCodecConfig: read media type: audio/mp4a-latm
06-21 16:01:23.784 29732 30877 D ReflectedParamUpdater: extent() != 1 for single value type: algo.buffers.max-count.values
06-21 16:01:23.785 29732 30877 D ReflectedParamUpdater: extent() != 1 for single value type: output.subscribed-indices.values
06-21 16:01:23.785 29732 30877 D ReflectedParamUpdater: extent() != 1 for single value type: input.buffers.allocator-ids.values
06-21 16:01:23.786 29732 30877 D ReflectedParamUpdater: extent() != 1 for single value type: output.buffers.allocator-ids.values
06-21 16:01:23.787 29732 30877 D ReflectedParamUpdater: extent() != 1 for single value type: algo.buffers.allocator-ids.values
06-21 16:01:23.787 29732 30877 D ReflectedParamUpdater: extent() != 1 for single value type: output.buffers.pool-ids.values
06-21 16:01:23.787 29732 30877 D ReflectedParamUpdater: extent() != 1 for single value type: algo.buffers.pool-ids.values
06-21 16:01:23.790 29732 30877 I CCodecConfig: query failed after returning 19 values (BAD_INDEX)
06-21 16:01:23.790 29732 30877 D CCodecConfig: c2 config diff is Dict {
06-21 16:01:23.790 29732 30877 D CCodecConfig:   c2::u32 coded.aac-packaging.value = 0
06-21 16:01:23.790 29732 30877 D CCodecConfig:   c2::u32 coded.bitrate.value = 64000
06-21 16:01:23.790 29732 30877 D CCodecConfig:   c2::u32 coded.pl.level = 0
06-21 16:01:23.790 29732 30877 D CCodecConfig:   c2::u32 coded.pl.profile = 8192
06-21 16:01:23.790 29732 30877 D CCodecConfig:   c2::i32 coding.drc.album-mode.value = 0
06-21 16:01:23.790 29732 30877 D CCodecConfig:   c2::float coding.drc.attenuation-factor.value = 1
06-21 16:01:23.790 29732 30877 D CCodecConfig:   c2::float coding.drc.boost-factor.value = 1
06-21 16:01:23.790 29732 30877 D CCodecConfig:   c2::i32 coding.drc.compression-mode.value = 3
06-21 16:01:23.790 29732 30877 D CCodecConfig:   c2::i32 coding.drc.effect-type.value = 3
06-21 16:01:23.790 29732 30877 D CCodecConfig:   c2::float coding.drc.encoded-level.value = 0.25
06-21 16:01:23.790 29732 30877 D CCodecConfig:   c2::float coding.drc.reference-level.value = -16
06-21 16:01:23.790 29732 30877 D CCodecConfig:   c2::u32 input.buffers.max-size.value = 8192
06-21 16:01:23.790 29732 30877 D CCodecConfig:   c2::u32 input.delay.value = 0
06-21 16:01:23.790 29732 30877 D CCodecConfig:   string input.media-type.value = "audio/mp4a-latm"
06-21 16:01:23.790 29732 30877 D CCodecConfig:   c2::u32 output.delay.value = 2
06-21 16:01:23.790 29732 30877 D CCodecConfig:   c2::float output.drc.output-loudness.value = 0.25
06-21 16:01:23.790 29732 30877 D CCodecConfig:   string output.media-type.value = "audio/raw"
06-21 16:01:23.790 29732 30877 D CCodecConfig:   c2::u32 raw.channel-count.value = 1
06-21 16:01:23.790 29732 30877 D CCodecConfig:   c2::u32 raw.max-channel-count.value = 8
06-21 16:01:23.790 29732 30877 D CCodecConfig:   c2::u32 raw.sample-rate.value = 44100
06-21 16:01:23.790 29732 30877 D CCodecConfig: }
06-21 16:01:23.792 29732 30877 I MediaCodec: MediaCodec will operate in async mode
06-21 16:01:23.792 29732 30877 D CCodec  : [c2.android.aac.decoder] buffers are bound to CCodec for this session
06-21 16:01:23.792 29732 30877 D CCodecConfig: no c2 equivalents for log-session-id
06-21 16:01:23.792 29732 30877 D CCodecConfig: no c2 equivalents for flags
06-21 16:01:23.793 29732 30877 D CCodecConfig: config failed => CORRUPTED
06-21 16:01:23.793 29732 30877 D CCodecConfig: c2 config diff is   c2::u32 raw.channel-count.value = 2
06-21 16:01:23.793 29732 30877 W Codec2Client: query -- param skipped: index = 1107298332.
06-21 16:01:23.794 29732 30877 D CCodec  : client requested max input size 1538, which is smaller than what component recommended (8192); overriding with component recommendation.
06-21 16:01:23.794 29732 30877 W CCodec  : This behavior is subject to change. It is recommended that app developers double check whether the requested max input size is in reasonable range.
06-21 16:01:23.794 29732 30877 D CCodec  : setup formats input: AMessage(what = 0x00000000) = {
06-21 16:01:23.794 29732 30877 D CCodec  :   int32_t aac-drc-album-mode = 0
06-21 16:01:23.794 29732 30877 D CCodec  :   int32_t aac-drc-boost-level = 127
06-21 16:01:23.794 29732 30877 D CCodec  :   int32_t aac-drc-cut-level = 127
06-21 16:01:23.794 29732 30877 D CCodec  :   int32_t aac-drc-effect-type = 3
06-21 16:01:23.794 29732 30877 D CCodec  :   int32_t aac-drc-heavy-compression = 3
06-21 16:01:23.794 29732 30877 D CCodec  :   int32_t aac-encoded-target-level = -1
06-21 16:01:23.794 29732 30877 D CCodec  :   int32_t aac-max-output-channel_count = 8
06-21 16:01:23.794 29732 30877 D CCodec  :   int32_t aac-target-ref-level = 64
06-21 16:01:23.794 29732 30877 D CCodec  :   int32_t bitrate = 64000
06-21 16:01:23.794 29732 30877 D CCodec  :   int32_t channel-count = 2
06-21 16:01:23.794 29732 30877 D CCodec  :   int32_t level = 0
06-21 16:01:23.794 29732 30877 D CCodec  :   int32_t max-input-size = 8192
06-21 16:01:23.794 29732 30877 D CCodec  :   string mime = "audio/mp4a-latm"
06-21 16:01:23.794 29732 30877 D CCodec  :   int32_t profile = 2
06-21 16:01:23.794 29732 30877 D CCodec  :   int32_t sample-rate = 44100
06-21 16:01:23.794 29732 30877 D CCodec  : }
06-21 16:01:23.794 29732 30877 D CCodec  : setup formats output: AMessage(what = 0x00000000) = {
06-21 16:01:23.794 29732 30877 D CCodec  :   int32_t aac-drc-album-mode = 0
06-21 16:01:23.794 29732 30877 D CCodec  :   int32_t aac-drc-boost-level = 127
06-21 16:01:23.794 29732 30877 D CCodec  :   int32_t aac-drc-cut-level = 127
06-21 16:01:23.794 29732 30877 D CCodec  :   int32_t aac-drc-effect-type = 3
06-21 16:01:23.794 29732 30877 D CCodec  :   int32_t aac-drc-heavy-compression = 3
06-21 16:01:23.794 29732 30877 D CCodec  :   int32_t aac-drc-output-loudness = -1
06-21 16:01:23.794 29732 30877 D CCodec  :   int32_t aac-encoded-target-level = -1
06-21 16:01:23.794 29732 30877 D CCodec  :   int32_t aac-max-output-channel_count = 8
06-21 16:01:23.794 29732 30877 D CCodec  :   int32_t aac-target-ref-level = 64
06-21 16:01:23.794 29732 30877 D CCodec  :   int32_t channel-count = 2
06-21 16:01:23.794 29732 30877 D CCodec  :   string mime = "audio/raw"
06-21 16:01:23.794 29732 30877 D CCodec  :   int32_t sample-rate = 44100
06-21 16:01:23.794 29732 30877 D CCodec  :   int32_t android._config-pcm-encoding = 2
06-21 16:01:23.794 29732 30877 D CCodec  : }
06-21 16:01:23.794 29732 30877 I CCodecConfig: query failed after returning 19 values (BAD_INDEX)
06-21 16:01:23.794 29732 30877 D MediaImpl: MediaImpl::sendMine: audio/mp4a-latm
06-21 16:01:23.794 29732 30877 D MediaStub: MediaStub::sendMine audio/mp4a-latm
06-21 16:01:23.795 29732 29898 D MediaCodec: keep callback message for reclaim
06-21 16:01:23.797 29732 30877 W Codec2Client: query -- param skipped: index = 1342179345.
06-21 16:01:23.797 29732 30877 W Codec2Client: query -- param skipped: index = 2415921170.
06-21 16:01:23.797 29732 30877 W Codec2Client: query -- param skipped: index = 1610614798.
06-21 16:01:23.798 29732 30877 D CCodecBufferChannel: [c2.android.aac.decoder#187] Created input block pool with allocatorID 16 => poolID 20 - OK (0)
06-21 16:01:23.799  1965  5841 D BufferPoolAccessor2.0: Destruction - bufferpool2 0xb400007e65233028 cached: 0/0M, 0/0% in use; allocs: 300, 99% recycled; transfers: 300, 99% unfetched
06-21 16:01:23.800 29732 30588 D BufferPoolAccessor2.0: Destruction - bufferpool2 0x7126c49828 cached: 0/0M, 0/0% in use; allocs: 309, 98% recycled; transfers: 304, 98% unfetched
06-21 16:01:23.800 29732 30877 I CCodecBufferChannel: [c2.android.aac.decoder#187] Created output block pool with allocatorID 16 => poolID 80 - OK
06-21 16:01:23.800 29732 30877 D CCodecBufferChannel: [c2.android.aac.decoder#187] Configured output block pool ids 80 => OK
06-21 16:01:23.800 29732 30877 D CCodecBufferChannel: [c2.android.aac.decoder#187] start: updating output delay 2
06-21 16:01:23.800  1319  2814 I QC2CompStore: Setting heap usage to system
06-21 16:01:23.802  1965 30878 D SimpleC2Component: Using output block pool with poolID 80 => got 80 - 0
06-21 16:01:23.809  5790  5790 I ActiveSessionRecord: onPlaybackStateChanged: PlaybackState {state=3, position=0, buffered position=33390, speed=1.0, updated=77605553, actions=894, custom actions=[], active item id=-1, error=null}
06-21 16:01:23.810  3814  4695 V Avrcp_ext: onPlaybackStateChanged: state PlaybackState {state=3, position=0, buffered position=33390, speed=1.0, updated=77605553, actions=894, custom actions=[], active item id=-1, error=null}
06-21 16:01:23.813  3814  4695 V Avrcp_ext: updateCurrentMediaState: mMediaController: MediaController (cn.missevan@d50a6f9) 他似晨风起 | 第一期, null, null
