06-19 15:28:28.474  2018  3127 D libsensor-displayalgo: the value of  brightness:438.000000,R:77375716.939127,G:77376143.464170,B:77391269.635761,EVENT_C:5976.000000,EVENT_R:2267.000000,EVENT_G:3056.500000,EVENT_B:1207.500000
06-19 15:28:28.474  1265 16622 I SDM     : HWCSession::ProcessRequests: Creating AsyncFenceWaits async thread.
06-19 15:28:28.474  1265 16622 I SDM     : HWCSession::ProcessRequests: Remove current CWB request from the pending request queue.
06-19 15:28:28.474  1265 16622 I SDM     : HWCSession::ProcessRequests: No pending cwb requests found in the queue.
06-19 15:28:28.477  2018  3127 I libsensor-displayalgo: the value of  Coef1:1107.681000,Coef4:2.383000, scale1:0.935522, scale4:0.923264
06-19 15:28:28.479  1265  1584 I SDM     : HWDeviceDRM::SetupConcurrentWriteback: Tear down the Concurrent Writeback topology
06-19 15:28:28.481  2018  3127 E libsensor-displayalgo: RGB_test_0407_400_oldzy!
06-19 15:28:28.481  2018  3127 I libsensor-displayalgo: the value of  RESULT3118.837702,1232.115395,1511.231984,565.637200
06-19 15:28:28.481  2018  3127 I libsensor-displayalgo: the value of  getChannelDataCalibrated3269.931069,1141.176343,1756.511250,617.354941
06-19 15:28:28.481  2018  3127 I libsensor-displayalgo: the value of  REAL LUX159.743179
06-19 15:28:28.481  2018  3127 I libsensor-displayalgo: the value of  CAL REAL LUX159.743179
06-19 15:28:28.487  1265 16623 I SDM     : HWCSession::NotifyCWBStatus: Notify the client about buffer status 0.
06-19 15:28:28.488  1265 16623 I SDM     : HWCSession::PerformFenceWaits: Remove current release fence from the pending fence wait queue.
06-19 15:28:28.489  1265 16623 I SDM     : HWCSession::PerformFenceWaits: CWB fence queue is empty. No pending release fence to wait on.
06-19 15:28:28.774  2018  3127 D libsensor-displayalgo: the value of  brightness:438.000000,R:77375716.939127,G:77376143.464170,B:77391269.635761,EVENT_C:5986.500000,EVENT_R:2272.500000,EVENT_G:3064.000000,EVENT_B:1211.000000
06-19 15:28:28.774  2018  3127 I libsensor-displayalgo: the value of  Coef1:1107.681000,Coef4:2.383000, scale1:0.935522, scale4:0.923264
06-19 15:28:28.774  2018  3127 E libsensor-displayalgo: RGB_test_0407_400_oldzy!
06-19 15:28:28.775  2018  3127 I libsensor-displayalgo: the value of  RESULT3118.837702,1232.115395,1511.231984,565.637200
06-19 15:28:28.775  2018  3127 I libsensor-displayalgo: the value of  getChannelDataCalibrated3269.931069,1141.176343,1756.511250,617.354941
06-19 15:28:28.775  2018  3127 I libsensor-displayalgo: the value of  REAL LUX160.333786
06-19 15:28:28.775  2018  3127 I libsensor-displayalgo: the value of  CAL REAL LUX160.333786
06-19 15:28:28.778  1265  2358 I vendor.qti.hardware.display.composer-service: FrameNotifyProcess Sensor: notify citsensorservice to trigger cwb
06-19 15:28:28.779  2018  2018 I libcitsensorservice@2.0-impl: msg_transfer
06-19 15:28:28.782  2018  3098 D vendor.xiaomi.sensor.citsensorservice@2.0-service: handle id:9 wxh:1280x2400 uwxuh:1080x2400 size: 9216000 fd:15 fd_meta:16 flags:0x4000228 usage:0x33  format:0x3 layer_count: 1
06-19 15:28:28.783  1265  1889 I SDM     : HWCSession::SetCWBOutputBuffer: CWB config passed by cwb_client : tappoint 1  CWB_ROI : (829.000000 4.000000 915.000000 90.000000)
06-19 15:28:28.786  1265 16626 I SDM     : HWCSession::ProcessRequests: Successfully configured CWB buffer.
06-19 15:28:28.793  1265 16626 I SDM     : HWCSession::ProcessRequests: Pushing release fence in fenece wait queue.
06-19 15:28:28.793  1265 16626 I SDM     : HWCSession::ProcessRequests: Creating AsyncFenceWaits async thread.
06-19 15:28:28.793  1265 16626 I SDM     : HWCSession::ProcessRequests: Remove current CWB request from the pending request queue.
06-19 15:28:28.793  1265 16626 I SDM     : HWCSession::ProcessRequests: No pending cwb requests found in the queue.
06-19 15:28:28.800  1265  1584 I SDM     : HWDeviceDRM::SetupConcurrentWriteback: Tear down the Concurrent Writeback topology
06-19 15:28:28.807  1265 16627 I SDM     : HWCSession::NotifyCWBStatus: Notify the client about buffer status 0.
06-19 15:28:28.808  1265 16627 I SDM     : HWCSession::PerformFenceWaits: Remove current release fence from the pending fence wait queue.
06-19 15:28:28.808  1265 16627 I SDM     : HWCSession::PerformFenceWaits: CWB fence queue is empty. No pending release fence to wait on.
06-19 15:28:28.848 13375 13384 I i.xmsf:service: This is non sticky GC, maxfree is 8388608 minfree is 2097152
06-19 15:28:29.074  2018  3127 D libsensor-displayalgo: the value of  brightness:438.000000,R:77375716.939127,G:77376143.464170,B:77391269.635761,EVENT_C:5972.500000,EVENT_R:2267.000000,EVENT_G:3058.500000,EVENT_B:1209.000000
06-19 15:28:29.075  2018  3127 I libsensor-displayalgo: the value of  Coef1:1107.681000,Coef4:2.383000, scale1:0.935522, scale4:0.923264
06-19 15:28:29.075  2018  3127 E libsensor-displayalgo: RGB_test_0407_400_oldzy!
06-19 15:28:29.075  2018  3127 I libsensor-displayalgo: the value of  RESULT3118.837702,1232.115395,1511.231984,565.637200
06-19 15:28:29.075  2018  3127 I libsensor-displayalgo: the value of  getChannelDataCalibrated3269.931069,1141.176343,1756.511250,617.354941
06-19 15:28:29.075  2018  3127 I libsensor-displayalgo: the value of  REAL LUX159.465332
06-19 15:28:29.076  2018  3127 I libsensor-displayalgo: the value of  CAL REAL LUX159.465332
06-19 15:28:29.090  1265  2358 I vendor.qti.hardware.display.composer-service: FrameNotifyProcess Sensor: notify citsensorservice to trigger cwb
06-19 15:28:29.091  2018  2018 I libcitsensorservice@2.0-impl: msg_transfer
06-19 15:28:29.091  2018  3098 D vendor.xiaomi.sensor.citsensorservice@2.0-service: handle id:9 wxh:1280x2400 uwxuh:1080x2400 size: 9216000 fd:15 fd_meta:16 flags:0x4000228 usage:0x33  format:0x3 layer_count: 1
06-19 15:28:29.091  1265  1889 I SDM     : HWCSession::SetCWBOutputBuffer: CWB config passed by cwb_client : tappoint 1  CWB_ROI : (829.000000 4.000000 915.000000 90.000000)
06-19 15:28:29.092  1265 16630 I SDM     : HWCSession::ProcessRequests: Successfully configured CWB buffer.
06-19 15:28:29.098  1265 16630 I SDM     : HWCSession::ProcessRequests: Pushing release fence in fenece wait queue.
06-19 15:28:29.099  1265 16630 I SDM     : HWCSession::ProcessRequests: Creating AsyncFenceWaits async thread.
06-19 15:28:29.099  1265 16630 I SDM     : HWCSession::ProcessRequests: Remove current CWB request from the pending request queue.
06-19 15:28:29.099  1265 16630 I SDM     : HWCSession::ProcessRequests: No pending cwb requests found in the queue.
06-19 15:28:29.104  1265  1584 I SDM     : HWDeviceDRM::SetupConcurrentWriteback: Tear down the Concurrent Writeback topology
06-19 15:28:29.112  1265 16631 I SDM     : HWCSession::NotifyCWBStatus: Notify the client about buffer status 0.
06-19 15:28:29.112  1265 16631 I SDM     : HWCSession::PerformFenceWaits: Remove current release fence from the pending fence wait queue.
06-19 15:28:29.112  1265 16631 I SDM     : HWCSession::PerformFenceWaits: CWB fence queue is empty. No pending release fence to wait on.
06-19 15:28:29.374  2018  3127 D libsensor-displayalgo: the value of  brightness:438.000000,R:77375716.939127,G:77376143.464170,B:77391269.635761,EVENT_C:5981.500000,EVENT_R:2271.500000,EVENT_G:3065.500000,EVENT_B:1210.500000
06-19 15:28:29.374  2018  3127 I libsensor-displayalgo: the value of  Coef1:1107.681000,Coef4:2.383000, scale1:0.935522, scale4:0.923264
06-19 15:28:29.374  2018  3127 E libsensor-displayalgo: RGB_test_0407_400_oldzy!
06-19 15:28:29.375  2018  3127 I libsensor-displayalgo: the value of  RESULT3118.837702,1232.115395,1511.231984,565.637200
06-19 15:28:29.375  2018  3127 I libsensor-displayalgo: the value of  getChannelDataCalibrated3269.931069,1141.176343,1756.511250,617.354941
06-19 15:28:29.375  2018  3127 I libsensor-displayalgo: the value of  REAL LUX160.127487
06-19 15:28:29.375  2018  3127 I libsensor-displayalgo: the value of  CAL REAL LUX160.127487
06-19 15:28:29.399  5809 14657 I SafeBinderCall: onPositionChange binder cost:1
06-19 15:28:29.399  4233  4233 D MiPlayDetailViewModel: onPositionChange(): position = 79483
06-19 15:28:29.403  1265  2358 I vendor.qti.hardware.display.composer-service: FrameNotifyProcess Sensor: notify citsensorservice to trigger cwb
06-19 15:28:29.404  2018  2018 I libcitsensorservice@2.0-impl: msg_transfer
06-19 15:28:29.405  2018  3098 D vendor.xiaomi.sensor.citsensorservice@2.0-service: handle id:9 wxh:1280x2400 uwxuh:1080x2400 size: 9216000 fd:15 fd_meta:16 flags:0x4000228 usage:0x33  format:0x3 layer_count: 1
06-19 15:28:29.405  1265  1889 I SDM     : HWCSession::SetCWBOutputBuffer: CWB config passed by cwb_client : tappoint 1  CWB_ROI : (829.000000 4.000000 915.000000 90.000000)
06-19 15:28:29.406  1265 16633 I SDM     : HWCSession::ProcessRequests: Successfully configured CWB buffer.
06-19 15:28:29.411  1265 16633 I SDM     : HWCSession::ProcessRequests: Pushing release fence in fenece wait queue.
06-19 15:28:29.411  1265 16633 I SDM     : HWCSession::ProcessRequests: Creating AsyncFenceWaits async thread.
06-19 15:28:29.411  1265 16633 I SDM     : HWCSession::ProcessRequests: Remove current CWB request from the pending request queue.
06-19 15:28:29.412  1265 16633 I SDM     : HWCSession::ProcessRequests: No pending cwb requests found in the queue.
06-19 15:28:29.417  1265  1584 I SDM     : HWDeviceDRM::SetupConcurrentWriteback: Tear down the Concurrent Writeback topology
06-19 15:28:29.424  1265 16634 I SDM     : HWCSession::NotifyCWBStatus: Notify the client about buffer status 0.
06-19 15:28:29.425  1265 16634 I SDM     : HWCSession::PerformFenceWaits: Remove current release fence from the pending fence wait queue.
06-19 15:28:29.425  1265 16634 I SDM     : HWCSession::PerformFenceWaits: CWB fence queue is empty. No pending release fence to wait on.
06-19 15:28:29.502 13400 14655 D AudioTrack: [audioTrackData][fine] 40s(f:40039 m:1871 s:0 k:0) : pid 13400 uid 10494 sessionId 1417 sr 44100 ch 2 fmt 1
06-19 15:28:29.541  1175  1175 D vendor.qti.bluetooth@1.0-ibs_handler: SerialClockVote: vote for UART CLK ON
06-19 15:28:29.545  1175  1175 D vendor.qti.bluetooth@1.0-wake_lock: Acquire wakelock is acquired
06-19 15:28:29.545  1175  1175 I vendor.qti.bluetooth@1.0-ibs_handler: DeviceWakeUp: Writing IBS_WAKE_IND
06-19 15:28:29.555  1175  8918 I vendor.qti.bluetooth@1.0-ibs_handler: ProcessIbsCmd: Received IBS_WAKE_ACK: 0xFC
06-19 15:28:29.555  1175  8918 I vendor.qti.bluetooth@1.0-ibs_handler: ProcessIbsCmd: Signal wack_cond_
06-19 15:28:29.555  1175  1175 D vendor.qti.bluetooth@1.0-ibs_handler: DeviceWakeUp: Unblocked from waiting for FC, pthread_cond_timedwait ret = 0
06-19 15:28:29.559  1175  8918 I vendor.qti.bluetooth@1.0-ibs_handler: ProcessIbsCmd: Received IBS_WAKE_IND: 0xFD
06-19 15:28:29.560  1175  8918 I vendor.qti.bluetooth@1.0-ibs_handler: ProcessIbsCmd: Writing IBS_WAKE_ACK
06-19 15:28:29.561  8770  8921 V bt_stack: [VERBOSE1:ble_advertiser_hci_interface.cc(690)] Enable
06-19 15:28:29.561  8770  8921 V bt_stack: [VERBOSE1:ble_advertiser_hci_interface.cc(674)] SetRandomAddress
06-19 15:28:29.562  8770  8921 V bt_stack: [VERBOSE1:ble_advertiser_hci_interface.cc(690)] Enable
06-19 15:28:29.608  1175  8918 I vendor.qti.bluetooth@1.0-ibs_handler: ProcessIbsCmd: Received IBS_SLEEP_IND: 0xFE
06-19 15:28:29.675  2018  3127 D libsensor-displayalgo: the value of  brightness:438.000000,R:77375716.939127,G:77376143.464170,B:77391269.635761,EVENT_C:5976.500000,EVENT_R:2269.500000,EVENT_G:3060.500000,EVENT_B:1208.500000
06-19 15:28:29.675  2018  3127 I libsensor-displayalgo: the value of  Coef1:1107.681000,Coef4:2.383000, scale1:0.935522, scale4:0.923264
06-19 15:28:29.675  2018  3127 E libsensor-displayalgo: RGB_test_0407_400_oldzy!
06-19 15:28:29.676  2018  3127 I libsensor-displayalgo: the value of  RESULT3118.837702,1232.115395,1511.231984,565.637200
06-19 15:28:29.676  2018  3127 I libsensor-displayalgo: the value of  getChannelDataCalibrated3269.931069,1141.176343,1756.511250,617.354941
06-19 15:28:29.676  2018  3127 I libsensor-displayalgo: the value of  REAL LUX159.785004
06-19 15:28:29.676  2018  3127 I libsensor-displayalgo: the value of  CAL REAL LUX159.785004
06-19 15:28:29.731  1265  2358 I vendor.qti.hardware.display.composer-service: FrameNotifyProcess Sensor: notify citsensorservice to trigger cwb
06-19 15:28:29.732  2018  2111 I libcitsensorservice@2.0-impl: msg_transfer
06-19 15:28:29.733  2018  3098 D vendor.xiaomi.sensor.citsensorservice@2.0-service: handle id:9 wxh:1280x2400 uwxuh:1080x2400 size: 9216000 fd:15 fd_meta:16 flags:0x4000228 usage:0x33  format:0x3 layer_count: 1
06-19 15:28:29.733  1265  1889 I SDM     : HWCSession::SetCWBOutputBuffer: CWB config passed by cwb_client : tappoint 1  CWB_ROI : (829.000000 4.000000 915.000000 90.000000)
06-19 15:28:29.734  1265 16637 I SDM     : HWCSession::ProcessRequests: Successfully configured CWB buffer.
06-19 15:28:29.742  1265 16637 I SDM     : HWCSession::ProcessRequests: Pushing release fence in fenece wait queue.
06-19 15:28:29.742  1265 16637 I SDM     : HWCSession::ProcessRequests: Creating AsyncFenceWaits async thread.
06-19 15:28:29.745  1265 16637 I SDM     : HWCSession::ProcessRequests: Remove current CWB request from the pending request queue.
06-19 15:28:29.745  1265 16637 I SDM     : HWCSession::ProcessRequests: No pending cwb requests found in the queue.
06-19 15:28:29.748  1265  1584 I SDM     : HWDeviceDRM::SetupConcurrentWriteback: Tear down the Concurrent Writeback topology
06-19 15:28:29.754  1265 16638 I SDM     : HWCSession::NotifyCWBStatus: Notify the client about buffer status 0.
06-19 15:28:29.754  1265 16638 I SDM     : HWCSession::PerformFenceWaits: Remove current release fence from the pending fence wait queue.
06-19 15:28:29.754  1265 16638 I SDM     : HWCSession::PerformFenceWaits: CWB fence queue is empty. No pending release fence to wait on.
06-19 15:28:29.974  2018  3127 D libsensor-displayalgo: the value of  brightness:438.000000,R:77375716.939127,G:77376143.464170,B:77391269.635761,EVENT_C:5984.500000,EVENT_R:2270.500000,EVENT_G:3064.500000,EVENT_B:1210.500000
06-19 15:28:29.974  2018  3127 I libsensor-displayalgo: the value of  Coef1:1107.681000,Coef4:2.383000, scale1:0.935522, scale4:0.923264
06-19 15:28:29.974  2018  3127 E libsensor-displayalgo: RGB_test_0407_400_oldzy!
06-19 15:28:29.975  2018  3127 I libsensor-displayalgo: the value of  RESULT3118.837702,1232.115395,1511.231984,565.637200
06-19 15:28:29.975  2018  3127 I libsensor-displayalgo: the value of  getChannelDataCalibrated3269.931069,1141.176343,1756.511250,617.354941
06-19 15:28:29.975  2018  3127 I libsensor-displayalgo: the value of  REAL LUX160.331421
06-19 15:28:29.975  2018  3127 I libsensor-displayalgo: the value of  CAL REAL LUX160.331421
06-19 15:28:30.043  1265  2358 I vendor.qti.hardware.display.composer-service: FrameNotifyProcess Sensor: notify citsensorservice to trigger cwb
06-19 15:28:30.044  2018  2108 I libcitsensorservice@2.0-impl: msg_transfer
06-19 15:28:30.044  2018  3098 D vendor.xiaomi.sensor.citsensorservice@2.0-service: handle id:9 wxh:1280x2400 uwxuh:1080x2400 size: 9216000 fd:15 fd_meta:16 flags:0x4000228 usage:0x33  format:0x3 layer_count: 1
06-19 15:28:30.045  1265  1889 I SDM     : HWCSession::SetCWBOutputBuffer: CWB config passed by cwb_client : tappoint 1  CWB_ROI : (829.000000 4.000000 915.000000 90.000000)
06-19 15:28:30.045  1265 16639 I SDM     : HWCSession::ProcessRequests: Successfully configured CWB buffer.
06-19 15:28:30.052  1265 16639 I SDM     : HWCSession::ProcessRequests: Pushing release fence in fenece wait queue.
06-19 15:28:30.052  1265 16639 I SDM     : HWCSession::ProcessRequests: Creating AsyncFenceWaits async thread.
06-19 15:28:30.053  1265 16639 I SDM     : HWCSession::ProcessRequests: Remove current CWB request from the pending request queue.
06-19 15:28:30.053  1265 16639 I SDM     : HWCSession::ProcessRequests: No pending cwb requests found in the queue.
06-19 15:28:30.059  1265  1584 I SDM     : HWDeviceDRM::SetupConcurrentWriteback: Tear down the Concurrent Writeback topology
06-19 15:28:30.066  1265 16640 I SDM     : HWCSession::NotifyCWBStatus: Notify the client about buffer status 0.
06-19 15:28:30.067  1265 16640 I SDM     : HWCSession::PerformFenceWaits: Remove current release fence from the pending fence wait queue.
06-19 15:28:30.067  1265 16640 I SDM     : HWCSession::PerformFenceWaits: CWB fence queue is empty. No pending release fence to wait on.
06-19 15:28:30.274  2018  3127 D libsensor-displayalgo: the value of  brightness:438.000000,R:77375716.939127,G:77376143.464170,B:77391269.635761,EVENT_C:5985.000000,EVENT_R:2268.500000,EVENT_G:3065.000000,EVENT_B:1210.500000
06-19 15:28:30.274  2018  3127 I libsensor-displayalgo: the value of  Coef1:1107.681000,Coef4:2.383000, scale1:0.935522, scale4:0.923264
06-19 15:28:30.274  2018  3127 E libsensor-displayalgo: RGB_test_0407_400_oldzy!
06-19 15:28:30.275  2018  3127 I libsensor-displayalgo: the value of  RESULT3118.837702,1232.115395,1511.231984,565.637200
06-19 15:28:30.275  2018  3127 I libsensor-displayalgo: the value of  getChannelDataCalibrated3269.931069,1141.176343,1756.511250,617.354941
06-19 15:28:30.275  2018  3127 I libsensor-displayalgo: the value of  REAL LUX160.464890
06-19 15:28:30.275  2018  3127 I libsensor-displayalgo: the value of  CAL REAL LUX160.464890
06-19 15:28:30.356  1265  2358 I vendor.qti.hardware.display.composer-service: FrameNotifyProcess Sensor: notify citsensorservice to trigger cwb
06-19 15:28:30.357  2018  2018 I libcitsensorservice@2.0-impl: msg_transfer
06-19 15:28:30.357  2018  3098 D vendor.xiaomi.sensor.citsensorservice@2.0-service: handle id:9 wxh:1280x2400 uwxuh:1080x2400 size: 9216000 fd:15 fd_meta:16 flags:0x4000228 usage:0x33  format:0x3 layer_count: 1
06-19 15:28:30.358  1265  1889 I SDM     : HWCSession::SetCWBOutputBuffer: CWB config passed by cwb_client : tappoint 1  CWB_ROI : (829.000000 4.000000 915.000000 90.000000)
06-19 15:28:30.359  1265 16642 I SDM     : HWCSession::ProcessRequests: Successfully configured CWB buffer.
06-19 15:28:30.366  1265 16642 I SDM     : HWCSession::ProcessRequests: Pushing release fence in fenece wait queue.
06-19 15:28:30.366  1265 16642 I SDM     : HWCSession::ProcessRequests: Creating AsyncFenceWaits async thread.
06-19 15:28:30.367  1265 16642 I SDM     : HWCSession::ProcessRequests: Remove current CWB request from the pending request queue.
06-19 15:28:30.367  1265 16642 I SDM     : HWCSession::ProcessRequests: No pending cwb requests found in the queue.
06-19 15:28:30.372  1265  1584 I SDM     : HWDeviceDRM::SetupConcurrentWriteback: Tear down the Concurrent Writeback topology
06-19 15:28:30.379  1265 16643 I SDM     : HWCSession::NotifyCWBStatus: Notify the client about buffer status 0.
06-19 15:28:30.379  1265 16643 I SDM     : HWCSession::PerformFenceWaits: Remove current release fence from the pending fence wait queue.
06-19 15:28:30.379  1265 16643 I SDM     : HWCSession::PerformFenceWaits: CWB fence queue is empty. No pending release fence to wait on.
06-19 15:28:30.399  4233  4233 D MiPlayDetailViewModel: onPositionChange(): position = 80483
06-19 15:28:30.399  5809 14657 I SafeBinderCall: onPositionChange binder cost:1
06-19 15:28:30.568  1175  8924 I vendor.qti.bluetooth@1.0-ibs_handler: DeviceSleep: TX Awake, Sending SLEEP_IND
06-19 15:28:30.568  1175  8924 D vendor.qti.bluetooth@1.0-ibs_handler: SerialClockVote: vote for UART CLK OFF
06-19 15:28:30.576  2018  3127 D libsensor-displayalgo: the value of  brightness:438.000000,R:77375716.939127,G:77376143.464170,B:77391269.635761,EVENT_C:5984.000000,EVENT_R:2271.000000,EVENT_G:3066.500000,EVENT_B:1211.000000
06-19 15:28:30.576  2018  3127 I libsensor-displayalgo: the value of  Coef1:1107.681000,Coef4:2.383000, scale1:0.935522, scale4:0.923264
06-19 15:28:30.576  2018  3127 E libsensor-displayalgo: RGB_test_0407_400_oldzy!
06-19 15:28:30.577  2018  3127 I libsensor-displayalgo: the value of  RESULT3118.837702,1232.115395,1511.231984,565.637200
06-19 15:28:30.577  2018  3127 I libsensor-displayalgo: the value of  getChannelDataCalibrated3269.931069,1141.176343,1756.511250,617.354941
06-19 15:28:30.577  2018  3127 I libsensor-displayalgo: the value of  REAL LUX160.327667
06-19 15:28:30.577  2018  3127 I libsensor-displayalgo: the value of  CAL REAL LUX160.327667
06-19 15:28:30.669  1265  2358 I vendor.qti.hardware.display.composer-service: FrameNotifyProcess Sensor: notify citsensorservice to trigger cwb
06-19 15:28:30.669  2018  2018 I libcitsensorservice@2.0-impl: msg_transfer
06-19 15:28:30.671  2018  3098 D vendor.xiaomi.sensor.citsensorservice@2.0-service: handle id:9 wxh:1280x2400 uwxuh:1080x2400 size: 9216000 fd:15 fd_meta:16 flags:0x4000228 usage:0x33  format:0x3 layer_count: 1
06-19 15:28:30.671  1265  1889 I SDM     : HWCSession::SetCWBOutputBuffer: CWB config passed by cwb_client : tappoint 1  CWB_ROI : (829.000000 4.000000 915.000000 90.000000)
06-19 15:28:30.673  1265 16646 I SDM     : HWCSession::ProcessRequests: Successfully configured CWB buffer.
06-19 15:28:30.679  1265 16646 I SDM     : HWCSession::ProcessRequests: Pushing release fence in fenece wait queue.
06-19 15:28:30.679  1265 16646 I SDM     : HWCSession::ProcessRequests: Creating AsyncFenceWaits async thread.
06-19 15:28:30.681  1265 16646 I SDM     : HWCSession::ProcessRequests: Remove current CWB request from the pending request queue.
06-19 15:28:30.685  1265 16646 I SDM     : HWCSession::ProcessRequests: No pending cwb requests found in the queue.
06-19 15:28:30.692  1265 16647 I SDM     : HWCSession::NotifyCWBStatus: Notify the client about buffer status 0.
06-19 15:28:30.693  1265  1584 I SDM     : HWDeviceDRM::SetupConcurrentWriteback: Tear down the Concurrent Writeback topology
06-19 15:28:30.693  1265 16647 I SDM     : HWCSession::PerformFenceWaits: Remove current release fence from the pending fence wait queue.
06-19 15:28:30.693  1265 16647 I SDM     : HWCSession::PerformFenceWaits: CWB fence queue is empty. No pending release fence to wait on.
06-19 15:28:30.718  1175  8886 D vendor.qti.bluetooth@1.0-wake_lock: Release wakelock is released
06-19 15:28:30.874  2018  3127 D libsensor-displayalgo: the value of  brightness:438.000000,R:77375716.939127,G:77376143.464170,B:77391269.635761,EVENT_C:5976.000000,EVENT_R:2267.500000,EVENT_G:3062.000000,EVENT_B:1208.500000
06-19 15:28:30.874  2018  3127 I libsensor-displayalgo: the value of  Coef1:1107.681000,Coef4:2.383000, scale1:0.935522, scale4:0.923264
06-19 15:28:30.875  2018  3127 E libsensor-displayalgo: RGB_test_0407_400_oldzy!
06-19 15:28:30.875  2018  3127 I libsensor-displayalgo: the value of  RESULT3118.837702,1232.115395,1511.231984,565.637200
06-19 15:28:30.875  2018  3127 I libsensor-displayalgo: the value of  getChannelDataCalibrated3269.931069,1141.176343,1756.511250,617.354941
06-19 15:28:30.875  2018  3127 I libsensor-displayalgo: the value of  REAL LUX159.893356
06-19 15:28:30.875  2018  3127 I libsensor-displayalgo: the value of  CAL REAL LUX159.893356
06-19 15:28:30.982  1265  2358 I vendor.qti.hardware.display.composer-service: FrameNotifyProcess Sensor: notify citsensorservice to trigger cwb
06-19 15:28:30.983  2018  2018 I libcitsensorservice@2.0-impl: msg_transfer
06-19 15:28:30.986  2018  3098 D vendor.xiaomi.sensor.citsensorservice@2.0-service: handle id:9 wxh:1280x2400 uwxuh:1080x2400 size: 9216000 fd:15 fd_meta:16 flags:0x4000228 usage:0x33  format:0x3 layer_count: 1
06-19 15:28:30.986  1265  1889 I SDM     : HWCSession::SetCWBOutputBuffer: CWB config passed by cwb_client : tappoint 1  CWB_ROI : (829.000000 4.000000 915.000000 90.000000)
06-19 15:28:30.989  1265 16649 I SDM     : HWCSession::ProcessRequests: Successfully configured CWB buffer.
06-19 15:28:30.999  1265 16649 I SDM     : HWCSession::ProcessRequests: Pushing release fence in fenece wait queue.
06-19 15:28:31.000  1265 16649 I SDM     : HWCSession::ProcessRequests: Creating AsyncFenceWaits async thread.
06-19 15:28:31.000  1265 16649 I SDM     : HWCSession::ProcessRequests: Remove current CWB request from the pending request queue.
06-19 15:28:31.000  1265 16649 I SDM     : HWCSession::ProcessRequests: No pending cwb requests found in the queue.
06-19 15:28:31.006  1265  1584 I SDM     : HWDeviceDRM::SetupConcurrentWriteback: Tear down the Concurrent Writeback topology
06-19 15:28:31.013  1265 16650 I SDM     : HWCSession::NotifyCWBStatus: Notify the client about buffer status 0.
06-19 15:28:31.014  1265 16650 I SDM     : HWCSession::PerformFenceWaits: Remove current release fence from the pending fence wait queue.
06-19 15:28:31.014  1265 16650 I SDM     : HWCSession::PerformFenceWaits: CWB fence queue is empty. No pending release fence to wait on.
06-19 15:28:31.174  2018  3127 D libsensor-displayalgo: the value of  brightness:438.000000,R:77375716.939127,G:77376143.464170,B:77391269.635761,EVENT_C:5985.500000,EVENT_R:2272.500000,EVENT_G:3065.500000,EVENT_B:1212.000000
06-19 15:28:31.174  2018  3127 I libsensor-displayalgo: the value of  Coef1:1107.681000,Coef4:2.383000, scale1:0.935522, scale4:0.923264
06-19 15:28:31.174  2018  3127 E libsensor-displayalgo: RGB_test_0407_400_oldzy!
06-19 15:28:31.176  2018  3127 I libsensor-displayalgo: the value of  RESULT3118.837702,1232.115395,1511.231984,565.637200
06-19 15:28:31.176  2018  3127 I libsensor-displayalgo: the value of  getChannelDataCalibrated3269.931069,1141.176343,1756.511250,617.354941
06-19 15:28:31.176  2018  3127 I libsensor-displayalgo: the value of  REAL LUX160.250229
06-19 15:28:31.176  2018  3127 I libsensor-displayalgo: the value of  CAL REAL LUX160.250229
06-19 15:28:31.295  1265  2358 I vendor.qti.hardware.display.composer-service: FrameNotifyProcess Sensor: notify citsensorservice to trigger cwb
06-19 15:28:31.296  2018  2018 I libcitsensorservice@2.0-impl: msg_transfer
06-19 15:28:31.297  2018  3098 D vendor.xiaomi.sensor.citsensorservice@2.0-service: handle id:9 wxh:1280x2400 uwxuh:1080x2400 size: 9216000 fd:15 fd_meta:16 flags:0x4000228 usage:0x33  format:0x3 layer_count: 1
06-19 15:28:31.297  1265  1889 I SDM     : HWCSession::SetCWBOutputBuffer: CWB config passed by cwb_client : tappoint 1  CWB_ROI : (829.000000 4.000000 915.000000 90.000000)
06-19 15:28:31.303  1265 16652 I SDM     : HWCSession::ProcessRequests: Successfully configured CWB buffer.
06-19 15:28:31.311  1265 16652 I SDM     : HWCSession::ProcessRequests: Pushing release fence in fenece wait queue.
06-19 15:28:31.312  1265 16652 I SDM     : HWCSession::ProcessRequests: Creating AsyncFenceWaits async thread.
06-19 15:28:31.312  1265 16652 I SDM     : HWCSession::ProcessRequests: Remove current CWB request from the pending request queue.
06-19 15:28:31.313  1265 16652 I SDM     : HWCSession::ProcessRequests: No pending cwb requests found in the queue.
06-19 15:28:31.318  1265  1584 I SDM     : HWDeviceDRM::SetupConcurrentWriteback: Tear down the Concurrent Writeback topology
06-19 15:28:31.325  1265 16653 I SDM     : HWCSession::NotifyCWBStatus: Notify the client about buffer status 0.
06-19 15:28:31.326  1265 16653 I SDM     : HWCSession::PerformFenceWaits: Remove current release fence from the pending fence wait queue.
06-19 15:28:31.326  1265 16653 I SDM     : HWCSession::PerformFenceWaits: CWB fence queue is empty. No pending release fence to wait on.
06-19 15:28:31.399  4233  4233 D MiPlayDetailViewModel: onPositionChange(): position = 81483
06-19 15:28:31.399  5809 14657 I SafeBinderCall: onPositionChange binder cost:1
06-19 15:28:31.474  2018  3127 D libsensor-displayalgo: the value of  brightness:438.000000,R:77375716.939127,G:77376143.464170,B:77391269.635761,EVENT_C:5974.500000,EVENT_R:2268.000000,EVENT_G:3059.500000,EVENT_B:1207.500000
06-19 15:28:31.475  2018  3127 I libsensor-displayalgo: the value of  Coef1:1107.681000,Coef4:2.383000, scale1:0.935522, scale4:0.923264
06-19 15:28:31.475  2018  3127 E libsensor-displayalgo: RGB_test_0407_400_oldzy!
06-19 15:28:31.475  2018  3127 I libsensor-displayalgo: the value of  RESULT3118.837702,1232.115395,1511.231984,565.637200
06-19 15:28:31.476  2018  3127 I libsensor-displayalgo: the value of  getChannelDataCalibrated3269.931069,1141.176343,1756.511250,617.354941
06-19 15:28:31.476  2018  3127 I libsensor-displayalgo: the value of  REAL LUX159.736130
06-19 15:28:31.476  2018  3127 I libsensor-displayalgo: the value of  CAL REAL LUX159.736130
06-19 15:28:31.608  1265  2358 I vendor.qti.hardware.display.composer-service: FrameNotifyProcess Sensor: notify citsensorservice to trigger cwb
06-19 15:28:31.609  2018  2018 I libcitsensorservice@2.0-impl: msg_transfer
06-19 15:28:31.610  2018  3098 D vendor.xiaomi.sensor.citsensorservice@2.0-service: handle id:9 wxh:1280x2400 uwxuh:1080x2400 size: 9216000 fd:15 fd_meta:16 flags:0x4000228 usage:0x33  format:0x3 layer_count: 1
06-19 15:28:31.610  1265  1889 I SDM     : HWCSession::SetCWBOutputBuffer: CWB config passed by cwb_client : tappoint 1  CWB_ROI : (829.000000 4.000000 915.000000 90.000000)
06-19 15:28:31.612  1265 16655 I SDM     : HWCSession::ProcessRequests: Successfully configured CWB buffer.
06-19 15:28:31.617  1265 16655 I SDM     : HWCSession::ProcessRequests: Pushing release fence in fenece wait queue.
06-19 15:28:31.618  1265 16655 I SDM     : HWCSession::ProcessRequests: Creating AsyncFenceWaits async thread.
06-19 15:28:31.620  1265 16655 I SDM     : HWCSession::ProcessRequests: Remove current CWB request from the pending request queue.
06-19 15:28:31.621  1265 16655 I SDM     : HWCSession::ProcessRequests: No pending cwb requests found in the queue.
06-19 15:28:31.623  1265  1584 I SDM     : HWDeviceDRM::SetupConcurrentWriteback: Tear down the Concurrent Writeback topology
06-19 15:28:31.630  1265 16656 I SDM     : HWCSession::NotifyCWBStatus: Notify the client about buffer status 0.
06-19 15:28:31.631  1265 16656 I SDM     : HWCSession::PerformFenceWaits: Remove current release fence from the pending fence wait queue.
06-19 15:28:31.631  1265 16656 I SDM     : HWCSession::PerformFenceWaits: CWB fence queue is empty. No pending release fence to wait on.
06-19 15:28:31.773  2018  3127 D libsensor-displayalgo: the value of  brightness:438.000000,R:77375716.939127,G:77376143.464170,B:77391269.635761,EVENT_C:5982.000000,EVENT_R:2270.500000,EVENT_G:3062.000000,EVENT_B:1210.000000
06-19 15:28:31.773  2018  3127 I libsensor-displayalgo: the value of  Coef1:1107.681000,Coef4:2.383000, scale1:0.935522, scale4:0.923264
06-19 15:28:31.773  2018  3127 E libsensor-displayalgo: RGB_test_0407_400_oldzy!
06-19 15:28:31.773  2018  3127 I libsensor-displayalgo: the value of  RESULT3118.837702,1232.115395,1511.231984,565.637200
06-19 15:28:31.774  2018  3127 I libsensor-displayalgo: the value of  getChannelDataCalibrated3269.931069,1141.176343,1756.511250,617.354941
06-19 15:28:31.774  2018  3127 I libsensor-displayalgo: the value of  REAL LUX160.081848
06-19 15:28:31.774  2018  3127 I libsensor-displayalgo: the value of  CAL REAL LUX160.081848
06-19 15:28:31.922  1265  2358 I vendor.qti.hardware.display.composer-service: FrameNotifyProcess Sensor: notify citsensorservice to trigger cwb
06-19 15:28:31.922  2018  2018 I libcitsensorservice@2.0-impl: msg_transfer
06-19 15:28:31.923  2018  3098 D vendor.xiaomi.sensor.citsensorservice@2.0-service: handle id:9 wxh:1280x2400 uwxuh:1080x2400 size: 9216000 fd:15 fd_meta:16 flags:0x4000228 usage:0x33  format:0x3 layer_count: 1
06-19 15:28:31.923  1265  1889 I SDM     : HWCSession::SetCWBOutputBuffer: CWB config passed by cwb_client : tappoint 1  CWB_ROI : (829.000000 4.000000 915.000000 90.000000)
06-19 15:28:31.924  1265 16658 I SDM     : HWCSession::ProcessRequests: Successfully configured CWB buffer.
06-19 15:28:31.937  1265 16658 I SDM     : HWCSession::ProcessRequests: Pushing release fence in fenece wait queue.
06-19 15:28:31.937  1265 16658 I SDM     : HWCSession::ProcessRequests: Creating AsyncFenceWaits async thread.
06-19 15:28:31.937  1265 16658 I SDM     : HWCSession::ProcessRequests: Remove current CWB request from the pending request queue.
06-19 15:28:31.937  1265 16658 I SDM     : HWCSession::ProcessRequests: No pending cwb requests found in the queue.
06-19 15:28:31.944  1265  1584 I SDM     : HWDeviceDRM::SetupConcurrentWriteback: Tear down the Concurrent Writeback topology
06-19 15:28:31.951  1265 16659 I SDM     : HWCSession::NotifyCWBStatus: Notify the client about buffer status 0.
06-19 15:28:31.952  1265 16659 I SDM     : HWCSession::PerformFenceWaits: Remove current release fence from the pending fence wait queue.
06-19 15:28:31.952  1265 16659 I SDM     : HWCSession::PerformFenceWaits: CWB fence queue is empty. No pending release fence to wait on.
06-19 15:28:32.075  2018  3127 D libsensor-displayalgo: the value of  brightness:438.000000,R:77375716.939127,G:77376143.464170,B:77391269.635761,EVENT_C:5982.500000,EVENT_R:2271.500000,EVENT_G:3065.000000,EVENT_B:1211.000000
06-19 15:28:32.075  2018  3127 I libsensor-displayalgo: the value of  Coef1:1107.681000,Coef4:2.383000, scale1:0.935522, scale4:0.923264
06-19 15:28:32.075  2018  3127 E libsensor-displayalgo: RGB_test_0407_400_oldzy!
06-19 15:28:32.076  2018  3127 I libsensor-displayalgo: the value of  RESULT3118.837702,1232.115395,1511.231984,565.637200
06-19 15:28:32.076  2018  3127 I libsensor-displayalgo: the value of  getChannelDataCalibrated3269.931069,1141.176343,1756.511250,617.354941
06-19 15:28:32.076  2018  3127 I libsensor-displayalgo: the value of  REAL LUX160.134705
06-19 15:28:32.076  2018  3127 I libsensor-displayalgo: the value of  CAL REAL LUX160.134705
06-19 15:28:32.250  1265  2358 I vendor.qti.hardware.display.composer-service: FrameNotifyProcess Sensor: notify citsensorservice to trigger cwb
06-19 15:28:32.250  2018  2018 I libcitsensorservice@2.0-impl: msg_transfer
06-19 15:28:32.251  2018  3098 D vendor.xiaomi.sensor.citsensorservice@2.0-service: handle id:9 wxh:1280x2400 uwxuh:1080x2400 size: 9216000 fd:15 fd_meta:16 flags:0x4000228 usage:0x33  format:0x3 layer_count: 1
06-19 15:28:32.252  1265  1889 I SDM     : HWCSession::SetCWBOutputBuffer: CWB config passed by cwb_client : tappoint 1  CWB_ROI : (829.000000 4.000000 915.000000 90.000000)
06-19 15:28:32.254  1265 16662 I SDM     : HWCSession::ProcessRequests: Successfully configured CWB buffer.
06-19 15:28:32.260  1265 16662 I SDM     : HWCSession::ProcessRequests: Pushing release fence in fenece wait queue.
06-19 15:28:32.261  1265 16662 I SDM     : HWCSession::ProcessRequests: Creating AsyncFenceWaits async thread.
06-19 15:28:32.261  1265 16662 I SDM     : HWCSession::ProcessRequests: Remove current CWB request from the pending request queue.
06-19 15:28:32.261  1265 16662 I SDM     : HWCSession::ProcessRequests: No pending cwb requests found in the queue.
06-19 15:28:32.266  1265  1584 I SDM     : HWDeviceDRM::SetupConcurrentWriteback: Tear down the Concurrent Writeback topology
06-19 15:28:32.272  1265 16663 I SDM     : HWCSession::NotifyCWBStatus: Notify the client about buffer status 0.
06-19 15:28:32.273  1265 16663 I SDM     : HWCSession::PerformFenceWaits: Remove current release fence from the pending fence wait queue.
06-19 15:28:32.273  1265 16663 I SDM     : HWCSession::PerformFenceWaits: CWB fence queue is empty. No pending release fence to wait on.
06-19 15:28:32.375  2018  3127 D libsensor-displayalgo: the value of  brightness:438.000000,R:77375716.939127,G:77376143.464170,B:77391269.635761,EVENT_C:5987.500000,EVENT_R:2273.000000,EVENT_G:3067.000000,EVENT_B:1212.000000
06-19 15:28:32.375  2018  3127 I libsensor-displayalgo: the value of  Coef1:1107.681000,Coef4:2.383000, scale1:0.935522, scale4:0.923264
06-19 15:28:32.375  2018  3127 E libsensor-displayalgo: RGB_test_0407_400_oldzy!
06-19 15:28:32.376  2018  3127 I libsensor-displayalgo: the value of  RESULT3118.837702,1232.115395,1511.231984,565.637200
06-19 15:28:32.376  2018  3127 I libsensor-displayalgo: the value of  getChannelDataCalibrated3269.931069,1141.176343,1756.511250,617.354941
06-19 15:28:32.376  2018  3127 I libsensor-displayalgo: the value of  REAL LUX160.440781
06-19 15:28:32.376  2018  3127 I libsensor-displayalgo: the value of  CAL REAL LUX160.440781
06-19 15:28:32.398  4233  4233 D MiPlayDetailViewModel: onPositionChange(): position = 82483
06-19 15:28:32.399  5809 14657 I SafeBinderCall: onPositionChange binder cost:1
06-19 15:28:32.554  1265  2358 I vendor.qti.hardware.display.composer-service: FrameNotifyProcess Sensor: notify citsensorservice to trigger cwb
06-19 15:28:32.554  2018  2018 I libcitsensorservice@2.0-impl: msg_transfer
06-19 15:28:32.554  2018  3098 D vendor.xiaomi.sensor.citsensorservice@2.0-service: handle id:9 wxh:1280x2400 uwxuh:1080x2400 size: 9216000 fd:15 fd_meta:16 flags:0x4000228 usage:0x33  format:0x3 layer_count: 1
06-19 15:28:32.555  1265  1889 I SDM     : HWCSession::SetCWBOutputBuffer: CWB config passed by cwb_client : tappoint 1  CWB_ROI : (829.000000 4.000000 915.000000 90.000000)
06-19 15:28:32.556  1265 16664 I SDM     : HWCSession::ProcessRequests: Successfully configured CWB buffer.
06-19 15:28:32.564  1265 16664 I SDM     : HWCSession::ProcessRequests: Pushing release fence in fenece wait queue.
06-19 15:28:32.564  1265 16664 I SDM     : HWCSession::ProcessRequests: Creating AsyncFenceWaits async thread.
06-19 15:28:32.565  1265 16664 I SDM     : HWCSession::ProcessRequests: Remove current CWB request from the pending request queue.
06-19 15:28:32.565  1265 16664 I SDM     : HWCSession::ProcessRequests: No pending cwb requests found in the queue.
06-19 15:28:32.570  1265  1584 I SDM     : HWDeviceDRM::SetupConcurrentWriteback: Tear down the Concurrent Writeback topology
06-19 15:28:32.577  1265 16665 I SDM     : HWCSession::NotifyCWBStatus: Notify the client about buffer status 0.
06-19 15:28:32.577  1265 16665 I SDM     : HWCSession::PerformFenceWaits: Remove current release fence from the pending fence wait queue.
06-19 15:28:32.577  1265 16665 I SDM     : HWCSession::PerformFenceWaits: CWB fence queue is empty. No pending release fence to wait on.
06-19 15:28:32.674  2018  3127 D libsensor-displayalgo: the value of  brightness:438.000000,R:77375716.939127,G:77376143.464170,B:77391269.635761,EVENT_C:5982.000000,EVENT_R:2269.000000,EVENT_G:3063.000000,EVENT_B:1210.500000
06-19 15:28:32.674  2018  3127 I libsensor-displayalgo: the value of  Coef1:1107.681000,Coef4:2.383000, scale1:0.935522, scale4:0.923264
06-19 15:28:32.674  2018  3127 E libsensor-displayalgo: RGB_test_0407_400_oldzy!
06-19 15:28:32.675  2018  3127 I libsensor-displayalgo: the value of  RESULT3118.837702,1232.115395,1511.231984,565.637200
06-19 15:28:32.675  2018  3127 I libsensor-displayalgo: the value of  getChannelDataCalibrated3269.931069,1141.176343,1756.511250,617.354941
06-19 15:28:32.675  2018  3127 I libsensor-displayalgo: the value of  REAL LUX160.143280
06-19 15:28:32.675  2018  3127 I libsensor-displayalgo: the value of  CAL REAL LUX160.143280
06-19 15:28:32.876  1265  2358 I vendor.qti.hardware.display.composer-service: FrameNotifyProcess Sensor: notify citsensorservice to trigger cwb
06-19 15:28:32.877  2018  2111 I libcitsensorservice@2.0-impl: msg_transfer
06-19 15:28:32.878  2018  3098 D vendor.xiaomi.sensor.citsensorservice@2.0-service: handle id:9 wxh:1280x2400 uwxuh:1080x2400 size: 9216000 fd:15 fd_meta:16 flags:0x4000228 usage:0x33  format:0x3 layer_count: 1
06-19 15:28:32.878  1265  1889 I SDM     : HWCSession::SetCWBOutputBuffer: CWB config passed by cwb_client : tappoint 1  CWB_ROI : (829.000000 4.000000 915.000000 90.000000)
06-19 15:28:32.880  1265 16669 I SDM     : HWCSession::ProcessRequests: Successfully configured CWB buffer.
06-19 15:28:32.892  1265 16669 I SDM     : HWCSession::ProcessRequests: Pushing release fence in fenece wait queue.
06-19 15:28:32.892  1265 16669 I SDM     : HWCSession::ProcessRequests: Creating AsyncFenceWaits async thread.
06-19 15:28:32.894  1265 16669 I SDM     : HWCSession::ProcessRequests: Remove current CWB request from the pending request queue.
06-19 15:28:32.894  1265 16669 I SDM     : HWCSession::ProcessRequests: No pending cwb requests found in the queue.
06-19 15:28:32.899  1265  1584 I SDM     : HWDeviceDRM::SetupConcurrentWriteback: Tear down the Concurrent Writeback topology
06-19 15:28:32.906  1265 16670 I SDM     : HWCSession::NotifyCWBStatus: Notify the client about buffer status 0.
06-19 15:28:32.907  1265 16670 I SDM     : HWCSession::PerformFenceWaits: Remove current release fence from the pending fence wait queue.
06-19 15:28:32.907  1265 16670 I SDM     : HWCSession::PerformFenceWaits: CWB fence queue is empty. No pending release fence to wait on.
06-19 15:28:32.974  2018  3127 D libsensor-displayalgo: the value of  brightness:438.000000,R:77375716.939127,G:77376143.464170,B:77391269.635761,EVENT_C:5997.000000,EVENT_R:2276.500000,EVENT_G:3073.000000,EVENT_B:1213.000000
06-19 15:28:32.974  2018  3127 I libsensor-displayalgo: the value of  Coef1:1107.681000,Coef4:2.383000, scale1:0.935522, scale4:0.923264
06-19 15:28:32.974  2018  3127 E libsensor-displayalgo: RGB_test_0407_400_oldzy!
06-19 15:28:32.975  2018  3127 I libsensor-displayalgo: the value of  RESULT3118.837702,1232.115395,1511.231984,565.637200
06-19 15:28:32.975  2018  3127 I libsensor-displayalgo: the value of  getChannelDataCalibrated3269.931069,1141.176343,1756.511250,617.354941
06-19 15:28:32.975  2018  3127 I libsensor-displayalgo: the value of  REAL LUX161.171051
06-19 15:28:32.975  2018  3127 I libsensor-displayalgo: the value of  CAL REAL LUX161.171051
06-19 15:28:32.996 29212 29398 D MemoryCeilingMonitor: [handleMemoryCalculate]
06-19 15:28:32.996 29212 29398 D MemoryCeilingMonitor: [calculate] tot: 6201672, max: 268435456, free: 657600, heap: 5544072, per: 0.02065327763557434
06-19 15:28:33.188  1265  2358 I vendor.qti.hardware.display.composer-service: FrameNotifyProcess Sensor: notify citsensorservice to trigger cwb
06-19 15:28:33.188  2018  2018 I libcitsensorservice@2.0-impl: msg_transfer
06-19 15:28:33.189  2018  3098 D vendor.xiaomi.sensor.citsensorservice@2.0-service: handle id:9 wxh:1280x2400 uwxuh:1080x2400 size: 9216000 fd:15 fd_meta:16 flags:0x4000228 usage:0x33  format:0x3 layer_count: 1
06-19 15:28:33.189  1265  1889 I SDM     : HWCSession::SetCWBOutputBuffer: CWB config passed by cwb_client : tappoint 1  CWB_ROI : (829.000000 4.000000 915.000000 90.000000)
06-19 15:28:33.190  1265 16674 I SDM     : HWCSession::ProcessRequests: Successfully configured CWB buffer.
06-19 15:28:33.197  1265 16674 I SDM     : HWCSession::ProcessRequests: Pushing release fence in fenece wait queue.
06-19 15:28:33.197  1265 16674 I SDM     : HWCSession::ProcessRequests: Creating AsyncFenceWaits async thread.
06-19 15:28:33.199  1265 16674 I SDM     : HWCSession::ProcessRequests: Remove current CWB request from the pending request queue.
06-19 15:28:33.200  1265 16674 I SDM     : HWCSession::ProcessRequests: No pending cwb requests found in the queue.
06-19 15:28:33.204  1265  1584 I SDM     : HWDeviceDRM::SetupConcurrentWriteback: Tear down the Concurrent Writeback topology
06-19 15:28:33.211  1265 16675 I SDM     : HWCSession::NotifyCWBStatus: Notify the client about buffer status 0.
06-19 15:28:33.211  1265 16675 I SDM     : HWCSession::PerformFenceWaits: Remove current release fence from the pending fence wait queue.
06-19 15:28:33.211  1265 16675 I SDM     : HWCSession::PerformFenceWaits: CWB fence queue is empty. No pending release fence to wait on.
06-19 15:28:33.274  2018  3127 D libsensor-displayalgo: the value of  brightness:438.000000,R:77375716.939127,G:77376143.464170,B:77391269.635761,EVENT_C:5983.500000,EVENT_R:2270.000000,EVENT_G:3066.500000,EVENT_B:1209.000000
06-19 15:28:33.275  2018  3127 I libsensor-displayalgo: the value of  Coef1:1107.681000,Coef4:2.383000, scale1:0.935522, scale4:0.923264
06-19 15:28:33.275  2018  3127 E libsensor-displayalgo: RGB_test_0407_400_oldzy!
06-19 15:28:33.276  2018  3127 I libsensor-displayalgo: the value of  RESULT3118.837702,1232.115395,1511.231984,565.637200
06-19 15:28:33.276  2018  3127 I libsensor-displayalgo: the value of  getChannelDataCalibrated3269.931069,1141.176343,1756.511250,617.354941
06-19 15:28:33.276  2018  3127 I libsensor-displayalgo: the value of  REAL LUX160.492554
06-19 15:28:33.276  2018  3127 I libsensor-displayalgo: the value of  CAL REAL LUX160.492554
06-19 15:28:33.400  4233  4233 D MiPlayDetailViewModel: onPositionChange(): position = 83483
06-19 15:28:33.400  5809 14657 I SafeBinderCall: onPositionChange binder cost:2
06-19 15:28:33.493  1265  2358 I vendor.qti.hardware.display.composer-service: FrameNotifyProcess Sensor: notify citsensorservice to trigger cwb
06-19 15:28:33.494  2018  2111 I libcitsensorservice@2.0-impl: msg_transfer
06-19 15:28:33.494  2018  3098 D vendor.xiaomi.sensor.citsensorservice@2.0-service: handle id:9 wxh:1280x2400 uwxuh:1080x2400 size: 9216000 fd:15 fd_meta:16 flags:0x4000228 usage:0x33  format:0x3 layer_count: 1
06-19 15:28:33.495  1265  1889 I SDM     : HWCSession::SetCWBOutputBuffer: CWB config passed by cwb_client : tappoint 1  CWB_ROI : (829.000000 4.000000 915.000000 90.000000)
06-19 15:28:33.497  1265 16677 I SDM     : HWCSession::ProcessRequests: Successfully configured CWB buffer.
06-19 15:28:33.503  1265 16677 I SDM     : HWCSession::ProcessRequests: Pushing release fence in fenece wait queue.
06-19 15:28:33.503  1265 16677 I SDM     : HWCSession::ProcessRequests: Creating AsyncFenceWaits async thread.
06-19 15:28:33.503  1265 16677 I SDM     : HWCSession::ProcessRequests: Remove current CWB request from the pending request queue.
06-19 15:28:33.503  1265 16677 I SDM     : HWCSession::ProcessRequests: No pending cwb requests found in the queue.
06-19 15:28:33.508  1265  1584 I SDM     : HWDeviceDRM::SetupConcurrentWriteback: Tear down the Concurrent Writeback topology
06-19 15:28:33.515  1265 16678 I SDM     : HWCSession::NotifyCWBStatus: Notify the client about buffer status 0.
06-19 15:28:33.515  1265 16678 I SDM     : HWCSession::PerformFenceWaits: Remove current release fence from the pending fence wait queue.
06-19 15:28:33.515  1265 16678 I SDM     : HWCSession::PerformFenceWaits: CWB fence queue is empty. No pending release fence to wait on.
06-19 15:28:33.574  2018  3127 D libsensor-displayalgo: the value of  brightness:438.000000,R:77375716.939127,G:77376143.464170,B:77391269.635761,EVENT_C:6005.000000,EVENT_R:2276.000000,EVENT_G:3077.500000,EVENT_B:1213.500000
06-19 15:28:33.574  2018  3127 I libsensor-displayalgo: the value of  Coef1:1107.681000,Coef4:2.383000, scale1:0.935522, scale4:0.923264
06-19 15:28:33.574  2018  3127 E libsensor-displayalgo: RGB_test_0407_400_oldzy!
06-19 15:28:33.574  2018  3127 I libsensor-displayalgo: the value of  RESULT3118.837702,1232.115395,1511.231984,565.637200
06-19 15:28:33.574  2018  3127 I libsensor-displayalgo: the value of  getChannelDataCalibrated3269.931069,1141.176343,1756.511250,617.354941
06-19 15:28:33.574  2018  3127 I libsensor-displayalgo: the value of  REAL LUX161.918655
06-19 15:28:33.575  2018  3127 I libsensor-displayalgo: the value of  CAL REAL LUX161.918655
06-19 15:28:33.705  5405  9716 D SLM-SRV-SLAService: checktemp temperature = 36487 temperature_average = 36734 isPerformanceMode = false thermal_enable_slm = true
06-19 15:28:33.745  1930  1967 I mstatdaemon: Entering time loop
06-19 15:28:33.745  1930  1967 I mstatdaemon: t = 1687159713
06-19 15:28:33.745  1930  1967 I mstatdaemon: translated_t = 1371169713
06-19 15:28:33.745  1930  1967 I mstat_log: mstatcommitLog log_alloc() failed
06-19 15:28:33.805  1265  2358 I vendor.qti.hardware.display.composer-service: FrameNotifyProcess Sensor: notify citsensorservice to trigger cwb
06-19 15:28:33.806  2018  2108 I libcitsensorservice@2.0-impl: msg_transfer
06-19 15:28:33.807  2018  3098 D vendor.xiaomi.sensor.citsensorservice@2.0-service: handle id:9 wxh:1280x2400 uwxuh:1080x2400 size: 9216000 fd:15 fd_meta:16 flags:0x4000228 usage:0x33  format:0x3 layer_count: 1
06-19 15:28:33.808  1265  1889 I SDM     : HWCSession::SetCWBOutputBuffer: CWB config passed by cwb_client : tappoint 1  CWB_ROI : (829.000000 4.000000 915.000000 90.000000)
06-19 15:28:33.809  1265 16681 I SDM     : HWCSession::ProcessRequests: Successfully configured CWB buffer.
06-19 15:28:33.815  1265 16681 I SDM     : HWCSession::ProcessRequests: Pushing release fence in fenece wait queue.
06-19 15:28:33.815  1265 16681 I SDM     : HWCSession::ProcessRequests: Creating AsyncFenceWaits async thread.
06-19 15:28:33.815  1265 16681 I SDM     : HWCSession::ProcessRequests: Remove current CWB request from the pending request queue.
06-19 15:28:33.815  1265 16681 I SDM     : HWCSession::ProcessRequests: No pending cwb requests found in the queue.
06-19 15:28:33.821  1265  1584 I SDM     : HWDeviceDRM::SetupConcurrentWriteback: Tear down the Concurrent Writeback topology
06-19 15:28:33.828  1265 16682 I SDM     : HWCSession::NotifyCWBStatus: Notify the client about buffer status 0.
06-19 15:28:33.828  1265 16682 I SDM     : HWCSession::PerformFenceWaits: Remove current release fence from the pending fence wait queue.
06-19 15:28:33.828  1265 16682 I SDM     : HWCSession::PerformFenceWaits: CWB fence queue is empty. No pending release fence to wait on.
06-19 15:28:33.874  2018  3127 D libsensor-displayalgo: the value of  brightness:438.000000,R:77375716.939127,G:77376143.464170,B:77391269.635761,EVENT_C:5973.000000,EVENT_R:2267.500000,EVENT_G:3062.000000,EVENT_B:1209.500000
06-19 15:28:33.874  2018  3127 I libsensor-displayalgo: the value of  Coef1:1107.681000,Coef4:2.383000, scale1:0.935522, scale4:0.923264
06-19 15:28:33.875  2018  3127 E libsensor-displayalgo: RGB_test_0407_400_oldzy!
06-19 15:28:33.875  2018  3127 I libsensor-displayalgo: the value of  RESULT3118.837702,1232.115395,1511.231984,565.637200
06-19 15:28:33.875  2018  3127 I libsensor-displayalgo: the value of  getChannelDataCalibrated3269.931069,1141.176343,1756.511250,617.354941
