12-22 11:32:58.818  4496  4660 D PeopleSpaceWidgetMgr: Sbn doesn't contain valid PeopleTileKey: null/0/cn.missevan
12-22 11:32:58.818  4496  4496 D NotificationFilterController: filter group summary suppressed key=0|com.miui.securitycenter|2147483647|ranker_group|1000|ranker_group
12-22 11:32:58.819  4496  4496 D NotificationFilterController: filter group summary suppressed key=0|com.android.browser|-1010951121|null|10077
12-22 11:32:58.819  4496  4496 D NotificationFilterController: filter group summary suppressed key=0|com.quark.browser|1893866727|null|10253
12-22 11:32:58.819  4496  4496 D NotificationFilterController: filter group summary suppressed key=0|com.miui.screenrecorder|2147483647|ranker_group|1000|ranker_group
12-22 11:32:58.820  4496  4496 D InterruptionStateProvider: No alerting: filtered notification: 0|cn.missevan|1500|null|10269
12-22 11:32:58.821  4496  4496 D InterruptionStateProvider: No alerting: filtered notification: 0|cn.missevan|1500|null|10269
12-22 11:32:58.828  4496  4496 D NotificationFilterController: filter group summary suppressed key=0|com.miui.securitycenter|2147483647|ranker_group|1000|ranker_group
12-22 11:32:58.828  4496  4496 D NotificationFilterController: filter group summary suppressed key=0|com.android.browser|-1010951121|null|10077
12-22 11:32:58.828  4496  4496 D NotificationFilterController: filter group summary suppressed key=0|com.quark.browser|1893866727|null|10253
12-22 11:32:58.828  4496  4496 D NotificationFilterController: filter group summary suppressed key=0|com.miui.screenrecorder|2147483647|ranker_group|1000|ranker_group
12-22 11:32:58.835  4496  4660 D PeopleSpaceWidgetMgr: Sbn doesn't contain valid PeopleTileKey: null/0/cn.missevan
12-22 11:32:58.837 10338 10348 I cn.missevan: This is non sticky GC, maxfree is 8388608 minfree is 2097152
12-22 11:32:58.837 10338 10348 I cn.missevan: Background concurrent copying GC freed 468511(21MB) AllocSpace objects, 52(13MB) LOS objects, 40% free, 35MB/59MB, paused 100us,57us total 446.997ms
12-22 11:32:58.844  4496  4496 D NotificationFilterController: filter group summary suppressed key=0|com.miui.securitycenter|2147483647|ranker_group|1000|ranker_group
12-22 11:32:58.844  4496  4496 D NotificationFilterController: filter group summary suppressed key=0|com.android.browser|-1010951121|null|10077
12-22 11:32:58.844  4496  4496 D NotificationFilterController: filter group summary suppressed key=0|com.quark.browser|1893866727|null|10253
12-22 11:32:58.844  4496  4496 D NotificationFilterController: filter group summary suppressed key=0|com.miui.screenrecorder|2147483647|ranker_group|1000|ranker_group
12-22 11:32:58.845  4496  4496 D InterruptionStateProvider: No alerting: filtered notification: 0|cn.missevan|1500|null|10269
12-22 11:32:58.846  4496  4496 D InterruptionStateProvider: No alerting: filtered notification: 0|cn.missevan|1500|null|10269
12-22 11:32:58.847 13055 13339 D MemoryCeilingMonitor: [handleMemoryCalculate]
12-22 11:32:58.847 13055 13339 D MemoryCeilingMonitor: [calculate] tot: 5998208, max: 268435456, free: 1392608, heap: 4605600, per: 0.01715719699859619
12-22 11:32:58.848  4496  4496 D NotificationFilterController: filter group summary suppressed key=0|com.miui.securitycenter|2147483647|ranker_group|1000|ranker_group
12-22 11:32:58.849  8079 11222 V Avrcp_ext: AvrcpMessageHandler: received message=29
12-22 11:32:58.850  8079 11222 V Avrcp_ext: updateCurrentMediaState: mMediaController: MediaController (cn.missevan@c95cf37) 他似晨风起 | 第一期, null, null
12-22 11:32:58.850  8079 11222 V Avrcp_ext: updateCurrentMediaState: isPlaying = false
12-22 11:32:58.850  8079 11222 W Avrcp_ext: isMusicActive: true getBluetoothPlayState: 1 A2dp State: 11 mAudioPlaybackIsActive: true
12-22 11:32:58.850  8079 11222 D Avrcp_ext: isMusicActive = true mAudioPlaybackIsActive = true player state = PlaybackState {state=3, position=642, buffered position=77484, speed=1.0, updated=1412829319, actions=2363190, custom actions=[], active item id=-1, error=null}
12-22 11:32:58.850  8079 11222 D Avrcp_ext: overwrite album_artist :if album is blank
12-22 11:32:58.850  8079 11222 V Avrcp_ext: Media update: id -1➡-1? [MediaAttributes: 他⋯期 -  by  (2968631 0/0) - ] : [MediaAttributes: 他⋯期 -  by  (2968631 0/0) - ]
12-22 11:32:58.850  8079 11222 D Avrcp_ext: isPackageNameValid: browsedPackage = cn.missevanisValid = true
12-22 11:32:58.850  8079 11222 V Avrcp_ext: isBrowseSupported for cn.missevan: false
12-22 11:32:58.850  8079 11222 V Avrcp_ext: updatePlaybackState, state: PlaybackState {state=3, position=642, buffered position=77484, speed=1.0, updated=1412829319, actions=2363190, custom actions=[], active item id=-1, error=null} device: null
12-22 11:32:58.850  8079 11222 V Avrcp_ext: Device: no name:
12-22 11:32:58.850  8079 11222 V Avrcp_ext: Device: no name:
12-22 11:32:58.850  8079 11222 V Avrcp_ext: Device: no name:
12-22 11:32:58.850  8079 11222 V Avrcp_ext: Device: no name:
12-22 11:32:58.850  8079 11222 V Avrcp_ext: Device: no name:
12-22 11:32:58.850  8079 11222 V Avrcp_ext: updatePlayerStateAndPosition, old=PlaybackState {state=3, position=140, buffered position=77484, speed=1.0, updated=1412828817, actions=2363190, custom actions=[], active item id=-1, error=null}, state=PlaybackState {state=3, position=642, buffered position=77484, speed=1.0, updated=1412829319, actions=2363190, custom actions=[], active item id=-1, error=null}
12-22 11:32:58.850  8079 11222 V Avrcp_ext: old state = PlaybackState {state=3, position=140, buffered position=77484, speed=1.0, updated=1412828817, actions=2363190, custom actions=[], active item id=-1, error=null}, new state= PlaybackState {state=3, position=642, buffered position=77484, speed=1.0, updated=1412829319, actions=2363190, custom actions=[], active item id=-1, error=null}
12-22 11:32:58.850  8079 11222 D HeadsetService: getHeadsetService(): returning com.android.bluetooth.hfp.HeadsetService@edaeae5
12-22 11:32:58.850  8079 11222 D HeadsetService:  isAudioOn: The number of audio connected devices 0
12-22 11:32:58.850  8079 11222 D HeadsetService: isScoOrCallActive(): Call Active:falseCall is Ringing:falseSCO is Active:false
12-22 11:32:58.850  8079 11222 D HeadsetService:  isAudioOn: The number of audio connected devices 0
12-22 11:32:58.850  8079 11222 V Avrcp_ext: isPlayStateTobeUpdated: device: null
12-22 11:32:58.850  8079 11222 V Avrcp_ext: Single connection exists
12-22 11:32:58.850  8079 11222 D HeadsetService:  isAudioOn: The number of audio connected devices 0
12-22 11:32:58.850  8079 11222 D HeadsetService: isScoOrCallActive(): Call Active:falseCall is Ringing:falseSCO is Active:false
12-22 11:32:58.850  8079 11222 D HeadsetService:  isAudioOn: The number of audio connected devices 0
12-22 11:32:58.850  8079 11222 V Avrcp_ext: isPlayStateTobeUpdated: device: null
12-22 11:32:58.850  8079 11222 V Avrcp_ext: Single connection exists
12-22 11:32:58.850  8079 11222 D HeadsetService:  isAudioOn: The number of audio connected devices 0
12-22 11:32:58.851  8079 11222 D HeadsetService: isScoOrCallActive(): Call Active:falseCall is Ringing:falseSCO is Active:false
12-22 11:32:58.851  8079 11222 D HeadsetService:  isAudioOn: The number of audio connected devices 0
12-22 11:32:58.851  8079 11222 V Avrcp_ext: isPlayStateTobeUpdated: device: null
12-22 11:32:58.851  8079 11222 V Avrcp_ext: Single connection exists
12-22 11:32:58.851  8079 11222 D HeadsetService:  isAudioOn: The number of audio connected devices 0
12-22 11:32:58.851  8079 11222 D HeadsetService: isScoOrCallActive(): Call Active:falseCall is Ringing:falseSCO is Active:false
12-22 11:32:58.851  8079 11222 D HeadsetService:  isAudioOn: The number of audio connected devices 0
12-22 11:32:58.851  8079 11222 V Avrcp_ext: isPlayStateTobeUpdated: device: null
12-22 11:32:58.851  8079 11222 V Avrcp_ext: Single connection exists
12-22 11:32:58.851  8079 11222 D HeadsetService:  isAudioOn: The number of audio connected devices 0
12-22 11:32:58.851  8079 11222 D HeadsetService: isScoOrCallActive(): Call Active:falseCall is Ringing:falseSCO is Active:false
12-22 11:32:58.851  8079 11222 D HeadsetService:  isAudioOn: The number of audio connected devices 0
12-22 11:32:58.851  8079 11222 V Avrcp_ext: isPlayStateTobeUpdated: device: null
12-22 11:32:58.851  8079 11222 V Avrcp_ext: Single connection exists
12-22 11:32:58.851  8079 11222 D Avrcp_ext: Enter sendPlayPosNotificationRsp
12-22 11:32:58.851  8079 11222 D Avrcp_ext: sendPlayPosNotificationRsp: Not registered or requesting.
12-22 11:32:58.851  8079 11222 D Avrcp_ext: Enter sendPlayPosNotificationRsp
12-22 11:32:58.851  8079 11222 D Avrcp_ext: sendPlayPosNotificationRsp: Not registered or requesting.
12-22 11:32:58.851  8079 11222 D Avrcp_ext: Enter sendPlayPosNotificationRsp
12-22 11:32:58.851  8079 11222 D Avrcp_ext: sendPlayPosNotificationRsp: Not registered or requesting.
12-22 11:32:58.851  8079 11222 D Avrcp_ext: Enter sendPlayPosNotificationRsp
12-22 11:32:58.851  8079 11222 D Avrcp_ext: sendPlayPosNotificationRsp: Not registered or requesting.
12-22 11:32:58.851  8079 11222 D Avrcp_ext: Enter sendPlayPosNotificationRsp
12-22 11:32:58.851  8079 11222 D Avrcp_ext: sendPlayPosNotificationRsp: Not registered or requesting.
12-22 11:32:58.851  8079 11222 V Avrcp_ext: Exit updatePlayerStateAndPosition
12-22 11:32:58.851  8079 11222 V Avrcp_ext: Exit handleMessage
12-22 11:32:58.851  4496  4496 D NotificationFilterController: filter group summary suppressed key=0|com.android.browser|-1010951121|null|10077
12-22 11:32:58.851  4496  4496 D NotificationFilterController: filter group summary suppressed key=0|com.quark.browser|1893866727|null|10253
12-22 11:32:58.851  4496  4496 D NotificationFilterController: filter group summary suppressed key=0|com.miui.screenrecorder|2147483647|ranker_group|1000|ranker_group
12-22 11:32:58.854  2475  5741 I WindowManagerService: Physical orientation applied, rotation=0 sfOrientation=ORIENTATION_0
12-22 11:32:58.855  4496  4660 D PeopleSpaceWidgetMgr: Sbn doesn't contain valid PeopleTileKey: null/0/cn.missevan
12-22 11:32:58.857  4496  4496 I MediaCarouselController: media_data_arrive: addOrUpdatePlayer
12-22 11:32:58.857  4496  4496 I MiuiMediaControlPanel: media_data_arrive: bindPlayer: mPlayerViewHolder=com.android.systemui.media.PlayerViewHolder@4a1f0cb
12-22 11:32:58.857  4496  4496 I MiuiMediaControlPanel: media_data_arrive: bindPlayer: 猫耳FM, 他似晨风起 | 第一期, Megrezz
12-22 11:32:58.857  4496  4496 I MiuiMediaControlPanel: MediaAction: contentDesc=快退; MediaAction: contentDesc=上一首; MediaAction: contentDesc=暂停; MediaAction: contentDesc=下一首; MediaAction: contentDesc=快进;
12-22 11:32:58.870  4496  4496 I MediaCarouselController: media_data_arrive: addOrUpdatePlayer
12-22 11:32:58.870  4496  4496 I MiuiMediaControlPanel: media_data_arrive: bindPlayer: mPlayerViewHolder=com.android.systemui.media.PlayerViewHolder@4a1f0cb
12-22 11:32:58.870  4496  4496 I MiuiMediaControlPanel: media_data_arrive: bindPlayer: 猫耳FM, 他似晨风起 | 第一期, Megrezz
12-22 11:32:58.870  4496  4496 I MiuiMediaControlPanel: MediaAction: contentDesc=快退; MediaAction: contentDesc=上一首; MediaAction: contentDesc=暂停; MediaAction: contentDesc=下一首; MediaAction: contentDesc=快进;
12-22 11:32:58.881 10640 11203 I CCodecBufferChannel: pipelineRoom(2) is <= numClientBuffers(3). Not signalling any more buffers to client
12-22 11:32:58.881 10640 15827 I CCodecBufferChannel: pipelineRoom(2) is <= numClientBuffers(2). Not signalling any more buffers to client
12-22 11:32:58.884 10640 11203 I CCodecBufferChannel: pipelineRoom(1) is <= numClientBuffers(2). Not signalling any more buffers to client
12-22 11:32:58.885 10640 15827 I CCodecBufferChannel: pipelineRoom(1) is <= numClientBuffers(1). Not signalling any more buffers to client
12-22 11:32:58.887  4496  4496 I MediaCarouselController: media_data_arrive: addOrUpdatePlayer
12-22 11:32:58.887  4496  4496 I MiuiMediaControlPanel: media_data_arrive: bindPlayer: mPlayerViewHolder=com.android.systemui.media.PlayerViewHolder@4a1f0cb
12-22 11:32:58.887  4496  4496 I MiuiMediaControlPanel: media_data_arrive: bindPlayer: 猫耳FM, 他似晨风起 | 第一期, Megrezz
12-22 11:32:58.887  4496  4496 I MiuiMediaControlPanel: MediaAction: contentDesc=快退; MediaAction: contentDesc=上一首; MediaAction: contentDesc=暂停; MediaAction: contentDesc=下一首; MediaAction: contentDesc=快进;
12-22 11:32:58.892  4496  4496 I MediaCarouselController: media_data_arrive: addOrUpdatePlayer
12-22 11:32:58.893  4496  4496 I MiuiMediaControlPanel: media_data_arrive: bindPlayer: mPlayerViewHolder=com.android.systemui.media.PlayerViewHolder@4a1f0cb
12-22 11:32:58.893  4496  4496 I MiuiMediaControlPanel: media_data_arrive: bindPlayer: 猫耳FM, 他似晨风起 | 第一期, Megrezz
12-22 11:32:58.893  4496  4496 I MiuiMediaControlPanel: MediaAction: contentDesc=快退; MediaAction: contentDesc=上一首; MediaAction: contentDesc=暂停; MediaAction: contentDesc=下一首; MediaAction: contentDesc=快进;
12-22 11:32:58.918 20304 20444 D IdProviderImpl: getOAID from com.miui.analytics
12-22 11:32:58.927 20304 20444 D IdProviderImpl: getOAID from com.miui.analytics
12-22 11:32:58.931 20304 20444 D IdProviderImpl: getOAID from com.miui.analytics
12-22 11:32:58.935 20304 20444 D IdProviderImpl: getOAID from com.miui.analytics
12-22 11:32:58.939 20304 20444 D IdProviderImpl: getOAID from com.miui.analytics
12-22 11:32:58.941  2475  4364 I WindowManagerService: Physical orientation applied, rotation=0 sfOrientation=ORIENTATION_0
12-22 11:32:58.942 20304 20444 D IdProviderImpl: getOAID from com.miui.analytics
12-22 11:32:58.946 20304 20444 D IdProviderImpl: getOAID from com.miui.analytics
12-22 11:32:58.952 20304 20444 D IdProviderImpl: getOAID from com.miui.analytics
12-22 11:32:58.957  1251  2448 I vendor.qti.hardware.display.composer-service: FrameNotifyProcess Sensor: notify citsensorservice to trigger cwb
12-22 11:32:58.957  2027  2027 I libcitsensorservice@2.0-impl: msg_transfer
12-22 11:32:58.957  2027  3266 D vendor.xiaomi.sensor.citsensorservice@2.0-service: handle id:10 wxh:1280x2400 uwxuh:1080x2400 size: 9216000 fd:15 fd_meta:16 flags:0x4000228 usage:0x33  format:0x3 layer_count: 1
12-22 11:32:58.958  1251  2216 I SDM     : HWCSession::SetCWBOutputBuffer: CWB config passed by cwb_client : tappoint 1  CWB_ROI : (829.000000 4.000000 915.000000 90.000000)
12-22 11:32:58.959 20304 20444 D IdProviderImpl: getOAID from com.miui.analytics
12-22 11:32:58.968  1251 15840 I SDM     : HWCSession::ProcessRequests: Successfully configured CWB buffer.
12-22 11:32:58.973  1251 15840 I SDM     : HWCSession::ProcessRequests: Pushing release fence in fenece wait queue.
12-22 11:32:58.973  1251 15840 I SDM     : HWCSession::ProcessRequests: Creating AsyncFenceWaits async thread.
12-22 11:32:58.973  1251 15840 I SDM     : HWCSession::ProcessRequests: Remove current CWB request from the pending request queue.
12-22 11:32:58.974  1251 15840 I SDM     : HWCSession::ProcessRequests: No pending cwb requests found in the queue.
12-22 11:32:58.980  1251  1467 I SDM     : HWDeviceDRM::SetupConcurrentWriteback: Tear down the Concurrent Writeback topology
12-22 11:32:58.980 15599 15636 W QueryController: Could not detect idle state.
12-22 11:32:58.988  1251 15841 I SDM     : HWCSession::NotifyCWBStatus: Notify the client about buffer status 0.
12-22 11:32:58.988  1251 15841 I SDM     : HWCSession::PerformFenceWaits: Remove current release fence from the pending fence wait queue.
12-22 11:32:58.988  1251 15841 I SDM     : HWCSession::PerformFenceWaits: CWB fence queue is empty. No pending release fence to wait on.
12-22 11:32:58.989 10640 11203 I CCodecBufferChannel: pipelineRoom(2) is <= numClientBuffers(3). Not signalling any more buffers to client
12-22 11:32:58.989 10640 15827 I CCodecBufferChannel: pipelineRoom(2) is <= numClientBuffers(2). Not signalling any more buffers to client
12-22 11:32:58.990 10640 11203 I CCodecBufferChannel: pipelineRoom(2) is <= numClientBuffers(3). Not signalling any more buffers to client
12-22 11:32:58.991 10640 15827 I CCodecBufferChannel: pipelineRoom(2) is <= numClientBuffers(2). Not signalling any more buffers to client
12-22 11:32:58.995  2475  4364 W MiuiInputKeyEventLog: keyCode:4 down:true eventTime:583483349 downTime:583483349 policyFlags:2b000000 flags:0 metaState:0 deviceId:-1 isScreenOn:true keyguardActive:false repeatCount:0
12-22 11:32:58.995  2475  4364 D MIUIInput: Input event injection from pid 15582, KeyEvent:DOWN, keycode:4
12-22 11:32:58.995  2475  2677 W ActivityManager: Sending non-protected broadcast miui.intent.KEYCODE_BACK from system 2475:system/1000 pkg android. Callers=com.android.server.am.ActivityManagerService.broadcastIntentLocked:13794 com.android.server.am.ActivityManagerService.broadcastIntentLocked:13204 com.android.server.am.ActivityManagerService.broadcastIntentWithFeature:14053 android.app.ContextImpl.sendBroadcastAsUser:1400 com.android.server.policy.BaseMiuiPhoneWindowManager$16.run:2837
12-22 11:32:58.996  2475  3037 D MIUIInput: [KeyEvent] publisher action:0x0,  keyCode:4 , 583483349,channel '12e3817 cn.missevan/cn.missevan.activity.MainActivity (server)'
12-22 11:32:58.996  2475  2677 W ActivityManager: Sending non-protected broadcast miui.intent.KEYCODE_BACK from system 2475:system/1000 pkg android. Callers=com.android.server.am.ActivityManagerService.broadcastIntentLocked:13893 com.android.server.am.ActivityManagerService.broadcastIntentLocked:13204 com.android.server.am.ActivityManagerService.broadcastIntentWithFeature:14053 android.app.ContextImpl.sendBroadcastAsUser:1400 com.android.server.policy.BaseMiuiPhoneWindowManager$16.run:2837
12-22 11:32:58.997 10338 10338 D MIUIInput: [KeyEvent] ViewRootImpl windowName 'cn.missevan/cn.missevan.activity.MainActivity', KeyEvent { action=ACTION_DOWN, keyCode=KEYCODE_BACK, scanCode=0, metaState=0, flags=0x0, repeatCount=0, eventTime=583483349, downTime=583483349, deviceId=-1, source=0x101, displayId=-1 }, phoneEventTime=11:32:58.980
12-22 11:32:59.003  2475  6308 W MiuiInputKeyEventLog: keyCode:4 down:false eventTime:583483349 downTime:583483349 policyFlags:2b000000 flags:0 metaState:0 deviceId:-1 isScreenOn:true keyguardActive:false repeatCount:0
12-22 11:32:59.004  2475  6308 D MIUIInput: Input event injection from pid 15582, KeyEvent:UP, keycode:4
12-22 11:32:59.004  2475  2677 W ActivityManager: Sending non-protected broadcast miui.intent.KEYCODE_BACK from system 2475:system/1000 pkg android. Callers=com.android.server.am.ActivityManagerService.broadcastIntentLocked:13794 com.android.server.am.ActivityManagerService.broadcastIntentLocked:13204 com.android.server.am.ActivityManagerService.broadcastIntentWithFeature:14053 android.app.ContextImpl.sendBroadcastAsUser:1400 com.android.server.policy.BaseMiuiPhoneWindowManager$16.run:2837
12-22 11:32:59.004  2475  2677 W ActivityManager: Sending non-protected broadcast miui.intent.KEYCODE_BACK from system 2475:system/1000 pkg android. Callers=com.android.server.am.ActivityManagerService.broadcastIntentLocked:13893 com.android.server.am.ActivityManagerService.broadcastIntentLocked:13204 com.android.server.am.ActivityManagerService.broadcastIntentWithFeature:14053 android.app.ContextImpl.sendBroadcastAsUser:1400 com.android.server.policy.BaseMiuiPhoneWindowManager$16.run:2837
12-22 11:32:59.004  2475  3037 D MIUIInput: [KeyEvent] publisher action:0x1,  keyCode:4 , 583483349,channel '12e3817 cn.missevan/cn.missevan.activity.MainActivity (server)'
12-22 11:32:59.005 10338 10338 D MIUIInput: [KeyEvent] ViewRootImpl windowName 'cn.missevan/cn.missevan.activity.MainActivity', KeyEvent { action=ACTION_UP, keyCode=KEYCODE_BACK, scanCode=0, metaState=0, flags=0x0, repeatCount=0, eventTime=583483349, downTime=583483349, deviceId=-1, source=0x101, displayId=-1 }, phoneEventTime=11:32:58.980
12-22 11:32:59.016  2475  4364 W InputManager-JNI: Input channel object '12e3817 cn.missevan/cn.missevan.activity.MainActivity (client)' was disposed without first being removed with the input manager!
12-22 11:32:59.040 10338 10338 W InputEventReceiver: Attempted to finish an input event but the input event receiver has already been disposed.
12-22 11:32:59.066  2475  6390 I WindowManagerService: Physical orientation applied, rotation=0 sfOrientation=ORIENTATION_0
12-22 11:32:59.073 10338 10338 D DecorView[MainActivity]: onWindowFocusChanged hasWindowFocus true
12-22 11:32:59.075 10338 10338 I HandWritingStubImpl: refreshLastKeyboardType: 1
12-22 11:32:59.075 10338 10338 I HandWritingStubImpl: getCurrentKeyboardType: 1
12-22 11:32:59.080  2027  3285 D libsensor-displayalgo: the value of  brightness:369.000000,R:17233110.458461,G:14822094.109751,B:12411748.980491,EVENT_C:1489.000000,EVENT_R:667.500000,EVENT_G:785.500000,EVENT_B:333.500000
12-22 11:32:59.081  2027  3285 I libsensor-displayalgo: the value of  Coef1:1107.681000,Coef4:2.383000, scale1:0.935522, scale4:0.923264
12-22 11:32:59.081  2027  3285 E libsensor-displayalgo: RGB_test_0407_400_oldzy!
12-22 11:32:59.081  2027  3285 I libsensor-displayalgo: the value of  RESULT928.634243,372.406088,467.529326,154.949523
12-22 11:32:59.081  2027  3285 I libsensor-displayalgo: the value of  getChannelDataCalibrated969.108783,345.594650,539.196745,167.728976
12-22 11:32:59.081  2027  3285 I libsensor-displayalgo: the value of  REAL LUX22.294975
12-22 11:32:59.081  2027  3285 I libsensor-displayalgo: the value of  CAL REAL LUX22.294975
12-22 11:32:59.082 21839 21839 E BaseInputMethodService: onFinishInput
12-22 11:32:59.083 21839 21839 E BaseInputMethodService: onStartInput
12-22 11:32:59.086 10338 10338 I HandWritingStubImpl: isKeyboardTypeChanged: false
12-22 11:32:59.114 10640 11203 I CCodecBufferChannel: pipelineRoom(1) is <= numClientBuffers(1). Not signalling any more buffers to client
12-22 11:32:59.114 10640 11203 I CCodecBufferChannel: pipelineRoom(1) is <= numClientBuffers(1). Not signalling any more buffers to client
12-22 11:32:59.165  2475  4364 I WindowManagerService: Physical orientation applied, rotation=0 sfOrientation=ORIENTATION_0
12-22 11:32:59.176  4496  4496 D MiPlayDetailViewModel: onPositionChange(): position = 966
12-22 11:32:59.176  9768 15831 I SafeBinderCall: onPositionChange binder cost:0
12-22 11:32:59.233 15582 15598 W BpBinder: PerfMonitor binderTransact :  time=230ms interface=android.view.IWindowManager code=102
12-22 11:32:59.234 15599 15636 W BpBinder: PerfMonitor binderTransact :  time=231ms interface=android.app.IUiAutomationConnection code=3
12-22 11:32:59.235 15599 15636 I appium  : AppiumResponse: {"sessionId":"ef3e2d56-ce17-4482-919e-6f52b7e3ab7b","value":null}
12-22 11:32:59.257  2475  4364 I WindowManagerService: Physical orientation applied, rotation=0 sfOrientation=ORIENTATION_0
12-22 11:32:59.259  1251  2448 I vendor.qti.hardware.display.composer-service: FrameNotifyProcess Sensor: notify citsensorservice to trigger cwb
12-22 11:32:59.259  2027  2027 I libcitsensorservice@2.0-impl: msg_transfer
12-22 11:32:59.260  2027  3266 D vendor.xiaomi.sensor.citsensorservice@2.0-service: handle id:10 wxh:1280x2400 uwxuh:1080x2400 size: 9216000 fd:15 fd_meta:16 flags:0x4000228 usage:0x33  format:0x3 layer_count: 1
12-22 11:32:59.260  1251  2216 I SDM     : HWCSession::SetCWBOutputBuffer: CWB config passed by cwb_client : tappoint 1  CWB_ROI : (829.000000 4.000000 915.000000 90.000000)
12-22 11:32:59.296  1251 15842 I SDM     : HWCSession::ProcessRequests: Successfully configured CWB buffer.
12-22 11:32:59.302  1251 15842 I SDM     : HWCSession::ProcessRequests: Pushing release fence in fenece wait queue.
12-22 11:32:59.302  1251 15842 I SDM     : HWCSession::ProcessRequests: Creating AsyncFenceWaits async thread.
12-22 11:32:59.302  1251 15842 I SDM     : HWCSession::ProcessRequests: Remove current CWB request from the pending request queue.
12-22 11:32:59.302  1251 15842 I SDM     : HWCSession::ProcessRequests: No pending cwb requests found in the queue.
12-22 11:32:59.305 10640 15827 I CCodecBufferChannel: pipelineRoom(2) is <= numClientBuffers(2). Not signalling any more buffers to client
12-22 11:32:59.309  1251  1467 I SDM     : HWDeviceDRM::SetupConcurrentWriteback: Tear down the Concurrent Writeback topology
12-22 11:32:59.329  1251 15843 I SDM     : HWCSession::NotifyCWBStatus: Notify the client about buffer status 0.
12-22 11:32:59.330  1251 15843 I SDM     : HWCSession::PerformFenceWaits: Remove current release fence from the pending fence wait queue.
12-22 11:32:59.330  1251 15843 I SDM     : HWCSession::PerformFenceWaits: CWB fence queue is empty. No pending release fence to wait on.
12-22 11:32:59.365  2475  4364 I WindowManagerService: Physical orientation applied, rotation=0 sfOrientation=ORIENTATION_0
12-22 11:32:59.381  2027  3285 D libsensor-displayalgo: the value of  brightness:369.000000,R:65692186.068315,G:55882356.975660,B:47789495.254406,EVENT_C:2956.500000,EVENT_R:1198.000000,EVENT_G:1570.000000,EVENT_B:618.000000
12-22 11:32:59.381  2027  3285 I libsensor-displayalgo: the value of  Coef1:1107.681000,Coef4:2.383000, scale1:0.935522, scale4:0.923264
12-22 11:32:59.381  2027  3285 E libsensor-displayalgo: RGB_test_0407_400_oldzy!
12-22 11:32:59.381  2027  3285 I libsensor-displayalgo: the value of  RESULT2313.263388,950.890386,1117.210022,398.518246
12-22 11:32:59.381  2027  3285 I libsensor-displayalgo: the value of  getChannelDataCalibrated2414.087012,882.430873,1288.466786,431.386016
12-22 11:32:59.381  2027  3285 I libsensor-displayalgo: the value of  REAL LUX24.033125
12-22 11:32:59.381  2027  3285 I libsensor-displayalgo: the value of  CAL REAL LUX24.033125
12-22 11:32:59.430 10640 11203 I CCodecBufferChannel: pipelineRoom(1) is <= numClientBuffers(2). Not signalling any more buffers to client
12-22 11:32:59.431 10640 15827 I CCodecBufferChannel: pipelineRoom(1) is <= numClientBuffers(1). Not signalling any more buffers to client
12-22 11:32:59.462  2475  4364 I WindowManagerService: Physical orientation applied, rotation=0 sfOrientation=ORIENTATION_0
12-22 11:32:59.541 10640 11203 I CCodecBufferChannel: pipelineRoom(2) is <= numClientBuffers(3). Not signalling any more buffers to client
12-22 11:32:59.541 10640 15827 I CCodecBufferChannel: pipelineRoom(2) is <= numClientBuffers(2). Not signalling any more buffers to client
12-22 11:32:59.561  2475  4364 I WindowManagerService: Physical orientation applied, rotation=0 sfOrientation=ORIENTATION_0
12-22 11:32:59.564  1251  2448 I vendor.qti.hardware.display.composer-service: FrameNotifyProcess Sensor: notify citsensorservice to trigger cwb
12-22 11:32:59.564  2027  4130 I libcitsensorservice@2.0-impl: msg_transfer
12-22 11:32:59.564  2027  3266 D vendor.xiaomi.sensor.citsensorservice@2.0-service: handle id:10 wxh:1280x2400 uwxuh:1080x2400 size: 9216000 fd:15 fd_meta:16 flags:0x4000228 usage:0x33  format:0x3 layer_count: 1
12-22 11:32:59.565  1251  2216 I SDM     : HWCSession::SetCWBOutputBuffer: CWB config passed by cwb_client : tappoint 1  CWB_ROI : (829.000000 4.000000 915.000000 90.000000)
12-22 11:32:59.566  1251 15844 I SDM     : HWCSession::ProcessRequests: Successfully configured CWB buffer.
12-22 11:32:59.574  1251 15844 I SDM     : HWCSession::ProcessRequests: Pushing release fence in fenece wait queue.
12-22 11:32:59.574  1251 15844 I SDM     : HWCSession::ProcessRequests: Creating AsyncFenceWaits async thread.
12-22 11:32:59.574  1251 15844 I SDM     : HWCSession::ProcessRequests: Remove current CWB request from the pending request queue.
12-22 11:32:59.574  1251 15844 I SDM     : HWCSession::ProcessRequests: No pending cwb requests found in the queue.
12-22 11:32:59.581  1251  1467 I SDM     : HWDeviceDRM::SetupConcurrentWriteback: Tear down the Concurrent Writeback topology
12-22 11:32:59.595  1251 15845 I SDM     : HWCSession::NotifyCWBStatus: Notify the client about buffer status 0.
12-22 11:32:59.596  1251 15845 I SDM     : HWCSession::PerformFenceWaits: Remove current release fence from the pending fence wait queue.
12-22 11:32:59.596  1251 15845 I SDM     : HWCSession::PerformFenceWaits: CWB fence queue is empty. No pending release fence to wait on.
12-22 11:32:59.660  2475  4364 I WindowManagerService: Physical orientation applied, rotation=0 sfOrientation=ORIENTATION_0
12-22 11:32:59.672  5652 16870 W MiuiPerfServiceClient: interceptAndQueuing:10338|cn.missevan|232|124|583482972246166|Slow handle traversal|8
12-22 11:32:59.680  2027  3285 D libsensor-displayalgo: the value of  brightness:369.000000,R:65692186.068315,G:55882356.975660,B:47789495.254406,EVENT_C:2943.500000,EVENT_R:1194.000000,EVENT_G:1563.000000,EVENT_B:615.500000
12-22 11:32:59.681  2027  3285 I libsensor-displayalgo: the value of  Coef1:1107.681000,Coef4:2.383000, scale1:0.935522, scale4:0.923264
12-22 11:32:59.681  2027  3285 E libsensor-displayalgo: RGB_test_0407_400_oldzy!
12-22 11:32:59.681  2027  3285 I libsensor-displayalgo: the value of  RESULT2313.263388,950.890386,1117.210022,398.518246
12-22 11:32:59.681  2027  3285 I libsensor-displayalgo: the value of  getChannelDataCalibrated2414.087012,882.430873,1288.466786,431.386016
12-22 11:32:59.681  2027  3285 I libsensor-displayalgo: the value of  REAL LUX23.151051
12-22 11:32:59.681  2027  3285 I libsensor-displayalgo: the value of  CAL REAL LUX23.151051
12-22 11:32:59.754 10640 11203 I CCodecBufferChannel: pipelineRoom(2) is <= numClientBuffers(3). Not signalling any more buffers to client
12-22 11:32:59.754 10640 15827 I CCodecBufferChannel: pipelineRoom(2) is <= numClientBuffers(2). Not signalling any more buffers to client
12-22 11:32:59.759  2475  4364 I WindowManagerService: Physical orientation applied, rotation=0 sfOrientation=ORIENTATION_0
12-22 11:32:59.802  1953  2016 I mstatdaemon: Entering time loop
12-22 11:32:59.802  1953  2016 I mstatdaemon: t = 1671679979
12-22 11:32:59.802  1953  2016 I mstatdaemon: translated_t = 1355689979
12-22 11:32:59.802  1953  2016 I mstat_log: mstatcommitLog log_alloc() failed
12-22 11:32:59.866  2475  4364 I WindowManagerService: Physical orientation applied, rotation=0 sfOrientation=ORIENTATION_0
12-22 11:32:59.868  1251  2448 I vendor.qti.hardware.display.composer-service: FrameNotifyProcess Sensor: notify citsensorservice to trigger cwb
12-22 11:32:59.868  2027  2027 I libcitsensorservice@2.0-impl: msg_transfer
12-22 11:32:59.869  2027  3266 D vendor.xiaomi.sensor.citsensorservice@2.0-service: handle id:10 wxh:1280x2400 uwxuh:1080x2400 size: 9216000 fd:15 fd_meta:16 flags:0x4000228 usage:0x33  format:0x3 layer_count: 1
12-22 11:32:59.869  1251  2216 I SDM     : HWCSession::SetCWBOutputBuffer: CWB config passed by cwb_client : tappoint 1  CWB_ROI : (829.000000 4.000000 915.000000 90.000000)
12-22 11:32:59.870  1251 15846 I SDM     : HWCSession::ProcessRequests: Successfully configured CWB buffer.
12-22 11:32:59.871 10640 11203 I CCodecBufferChannel: pipelineRoom(2) is <= numClientBuffers(2). Not signalling any more buffers to client
12-22 11:32:59.871 10640 11203 I CCodecBufferChannel: pipelineRoom(2) is <= numClientBuffers(2). Not signalling any more buffers to client
12-22 11:32:59.872 10640 15827 I CCodecBufferChannel: pipelineRoom(1) is <= numClientBuffers(1). Not signalling any more buffers to client
12-22 11:32:59.872 10640 15827 I CCodecBufferChannel: pipelineRoom(2) is <= numClientBuffers(2). Not signalling any more buffers to client
12-22 11:32:59.878  1251 15846 I SDM     : HWCSession::ProcessRequests: Pushing release fence in fenece wait queue.
12-22 11:32:59.878  1251 15846 I SDM     : HWCSession::ProcessRequests: Creating AsyncFenceWaits async thread.
12-22 11:32:59.879  1251 15846 I SDM     : HWCSession::ProcessRequests: Remove current CWB request from the pending request queue.
12-22 11:32:59.879  1251 15846 I SDM     : HWCSession::ProcessRequests: No pending cwb requests found in the queue.
12-22 11:32:59.885  1251  1467 I SDM     : HWDeviceDRM::SetupConcurrentWriteback: Tear down the Concurrent Writeback topology
12-22 11:32:59.892  1251 15847 I SDM     : HWCSession::NotifyCWBStatus: Notify the client about buffer status 0.
12-22 11:32:59.893  1251 15847 I SDM     : HWCSession::PerformFenceWaits: Remove current release fence from the pending fence wait queue.
12-22 11:32:59.893  1251 15847 I SDM     : HWCSession::PerformFenceWaits: CWB fence queue is empty. No pending release fence to wait on.
12-22 11:32:59.965  2475  4364 I WindowManagerService: Physical orientation applied, rotation=0 sfOrientation=ORIENTATION_0
12-22 11:32:59.981  2027  3285 D libsensor-displayalgo: the value of  brightness:369.000000,R:65692186.068315,G:55882356.975660,B:47789495.254406,EVENT_C:2957.500000,EVENT_R:1199.000000,EVENT_G:1569.000000,EVENT_B:618.500000
12-22 11:32:59.981  2027  3285 I libsensor-displayalgo: the value of  Coef1:1107.681000,Coef4:2.383000, scale1:0.935522, scale4:0.923264
12-22 11:32:59.981  2027  3285 E libsensor-displayalgo: RGB_test_0407_400_oldzy!
12-22 11:32:59.981  2027  3285 I libsensor-displayalgo: the value of  RESULT2313.263388,950.890386,1117.210022,398.518246
12-22 11:32:59.981  2027  3285 I libsensor-displayalgo: the value of  getChannelDataCalibrated2414.087012,882.430873,1288.466786,431.386016
12-22 11:32:59.981  2027  3285 I libsensor-displayalgo: the value of  REAL LUX23.979881
12-22 11:32:59.981  2027  3285 I libsensor-displayalgo: the value of  CAL REAL LUX23.979881
12-22 11:32:59.987 10640 11203 I CCodecBufferChannel: pipelineRoom(2) is <= numClientBuffers(2). Not signalling any more buffers to client
12-22 11:32:59.988 10640 15827 I CCodecBufferChannel: pipelineRoom(1) is <= numClientBuffers(1). Not signalling any more buffers to client
12-22 11:33:00.003  4496  4496 D KeyguardUpdateMonitor: received broadcast android.intent.action.TIME_TICK
12-22 11:33:00.014  4496  4496 D KeyguardUpdateMonitor: handleTimeUpdate
12-22 11:33:00.036  5652 16870 W MiuiPerfServiceClient: interceptAndQueuing:4496|com.android.systemui|325|134|583483246325906|Slow main thread|4
12-22 11:33:00.065  2475  4364 I WindowManagerService: Physical orientation applied, rotation=0 sfOrientation=ORIENTATION_0
12-22 11:33:00.111 10640 11203 I CCodecBufferChannel: pipelineRoom(2) is <= numClientBuffers(2). Not signalling any more buffers to client
12-22 11:33:00.172  1251  2448 I vendor.qti.hardware.display.composer-service: FrameNotifyProcess Sensor: notify citsensorservice to trigger cwb
12-22 11:33:00.173  2475  4364 I WindowManagerService: Physical orientation applied, rotation=0 sfOrientation=ORIENTATION_0
12-22 11:33:00.173  2027  2027 I libcitsensorservice@2.0-impl: msg_transfer
12-22 11:33:00.174  2027  3266 D vendor.xiaomi.sensor.citsensorservice@2.0-service: handle id:10 wxh:1280x2400 uwxuh:1080x2400 size: 9216000 fd:15 fd_meta:16 flags:0x4000228 usage:0x33  format:0x3 layer_count: 1
12-22 11:33:00.174  1251  2216 I SDM     : HWCSession::SetCWBOutputBuffer: CWB config passed by cwb_client : tappoint 1  CWB_ROI : (829.000000 4.000000 915.000000 90.000000)
12-22 11:33:00.175  9768 15831 I SafeBinderCall: onPositionChange binder cost:1
12-22 11:33:00.175  1251 15848 I SDM     : HWCSession::ProcessRequests: Successfully configured CWB buffer.
12-22 11:33:00.176  4496  4496 D MiPlayDetailViewModel: onPositionChange(): position = 1966
12-22 11:33:00.184  1251 15848 I SDM     : HWCSession::ProcessRequests: Pushing release fence in fenece wait queue.
12-22 11:33:00.184  1251 15848 I SDM     : HWCSession::ProcessRequests: Creating AsyncFenceWaits async thread.
12-22 11:33:00.185  1251 15848 I SDM     : HWCSession::ProcessRequests: Remove current CWB request from the pending request queue.
12-22 11:33:00.185  1251 15848 I SDM     : HWCSession::ProcessRequests: No pending cwb requests found in the queue.
12-22 11:33:00.189  1251  1467 I SDM     : HWDeviceDRM::SetupConcurrentWriteback: Tear down the Concurrent Writeback topology
12-22 11:33:00.198  1251 15849 I SDM     : HWCSession::NotifyCWBStatus: Notify the client about buffer status 0.
12-22 11:33:00.199  1251 15849 I SDM     : HWCSession::PerformFenceWaits: Remove current release fence from the pending fence wait queue.
12-22 11:33:00.199  1251 15849 I SDM     : HWCSession::PerformFenceWaits: CWB fence queue is empty. No pending release fence to wait on.
12-22 11:33:00.274  2475  4364 I WindowManagerService: Physical orientation applied, rotation=0 sfOrientation=ORIENTATION_0
12-22 11:33:00.278 15599 15636 I appium  : channel read: POST /wd/hub/session/ef3e2d56-ce17-4482-919e-6f52b7e3ab7b/actions
12-22 11:33:00.280 15599 15636 I appium  : W3CActions command
12-22 11:33:00.283  2027  3285 D libsensor-displayalgo: the value of  brightness:369.000000,R:65692186.068315,G:55882356.975660,B:47789495.254406,EVENT_C:2951.500000,EVENT_R:1196.500000,EVENT_G:1567.500000,EVENT_B:617.500000
12-22 11:33:00.283  2027  3285 I libsensor-displayalgo: the value of  Coef1:1107.681000,Coef4:2.383000, scale1:0.935522, scale4:0.923264
12-22 11:33:00.283  2027  3285 E libsensor-displayalgo: RGB_test_0407_400_oldzy!
12-22 11:33:00.284  2027  3285 I libsensor-displayalgo: the value of  RESULT2313.263388,950.890386,1117.210022,398.518246
12-22 11:33:00.284  2027  3285 I libsensor-displayalgo: the value of  getChannelDataCalibrated2414.087012,882.430873,1288.466786,431.386016
12-22 11:33:00.284  2027  3285 I libsensor-displayalgo: the value of  REAL LUX23.663671
12-22 11:33:00.284  2027  3285 I libsensor-displayalgo: the value of  CAL REAL LUX23.663671
12-22 11:33:00.307 10640 11203 I CCodecBufferChannel: pipelineRoom(1) is <= numClientBuffers(1). Not signalling any more buffers to client
12-22 11:33:00.308 10640 11203 I CCodecBufferChannel: pipelineRoom(1) is <= numClientBuffers(1). Not signalling any more buffers to client
12-22 11:33:00.382  2475  6308 I WindowManagerService: Physical orientation applied, rotation=0 sfOrientation=ORIENTATION_0
12-22 11:33:00.432 10640 15827 I CCodecBufferChannel: pipelineRoom(2) is <= numClientBuffers(2). Not signalling any more buffers to client
12-22 11:33:00.432 10640 11203 I CCodecBufferChannel: pipelineRoom(2) is <= numClientBuffers(2). Not signalling any more buffers to client
12-22 11:33:00.478  1251  2448 I vendor.qti.hardware.display.composer-service: FrameNotifyProcess Sensor: notify citsensorservice to trigger cwb
12-22 11:33:00.478  2027  2027 I libcitsensorservice@2.0-impl: msg_transfer
12-22 11:33:00.479  2027  3266 D vendor.xiaomi.sensor.citsensorservice@2.0-service: handle id:10 wxh:1280x2400 uwxuh:1080x2400 size: 9216000 fd:15 fd_meta:16 flags:0x4000228 usage:0x33  format:0x3 layer_count: 1
12-22 11:33:00.479  1251  2216 I SDM     : HWCSession::SetCWBOutputBuffer: CWB config passed by cwb_client : tappoint 1  CWB_ROI : (829.000000 4.000000 915.000000 90.000000)
12-22 11:33:00.481  1251 15850 I SDM     : HWCSession::ProcessRequests: Successfully configured CWB buffer.
12-22 11:33:00.482  2475  5741 I WindowManagerService: Physical orientation applied, rotation=0 sfOrientation=ORIENTATION_0
12-22 11:33:00.490  1251 15850 I SDM     : HWCSession::ProcessRequests: Pushing release fence in fenece wait queue.
12-22 11:33:00.490  1251 15850 I SDM     : HWCSession::ProcessRequests: Creating AsyncFenceWaits async thread.
12-22 11:33:00.490  1251 15850 I SDM     : HWCSession::ProcessRequests: Remove current CWB request from the pending request queue.
12-22 11:33:00.490  1251 15850 I SDM     : HWCSession::ProcessRequests: No pending cwb requests found in the queue.
12-22 11:33:00.494  1251  1467 I SDM     : HWDeviceDRM::SetupConcurrentWriteback: Tear down the Concurrent Writeback topology
12-22 11:33:00.503  1251 15851 I SDM     : HWCSession::NotifyCWBStatus: Notify the client about buffer status 0.
12-22 11:33:00.504  1251 15851 I SDM     : HWCSession::PerformFenceWaits: Remove current release fence from the pending fence wait queue.
12-22 11:33:00.504  1251 15851 I SDM     : HWCSession::PerformFenceWaits: CWB fence queue is empty. No pending release fence to wait on.
12-22 11:33:00.546 10640 11203 I CCodecBufferChannel: pipelineRoom(2) is <= numClientBuffers(3). Not signalling any more buffers to client
12-22 11:33:00.547 10640 15827 I CCodecBufferChannel: pipelineRoom(2) is <= numClientBuffers(2). Not signalling any more buffers to client
12-22 11:33:00.548 10640 11203 I CCodecBufferChannel: pipelineRoom(3) is <= numClientBuffers(3). Not signalling any more buffers to client
12-22 11:33:00.549 10640 15827 I CCodecBufferChannel: pipelineRoom(3) is <= numClientBuffers(3). Not signalling any more buffers to client
12-22 11:33:00.567  2475  5741 D MIUIInput: Input event injection from pid 15582, MotionEvent: DOWN
12-22 11:33:00.568  2475  3037 D MIUIInput: [MotionEvent] publisher action=0x4, 583484914, channel 'a6e61f2 NavigationBar0 (server)'
12-22 11:33:00.568  2475  3037 D MIUIInput: [MotionEvent] publisher action=0x0, 583484914, channel 'fd65eb cn.missevan/cn.missevan.activity.MainActivity (server)'
12-22 11:33:00.579 15599 15636 I appium  : [583484914 (success)] Synthesized: MotionEvent { action=ACTION_DOWN, actionButton=0, id[0]=0, x[0]=540.0, y[0]=1692.0, toolType[0]=TOOL_TYPE_FINGER, buttonState=0, classification=NONE, metaState=0, flags=0x0, edgeFlags=0x0, pointerCount=1, historySize=0, eventTime=583484914, downTime=583484913, deviceId=0, source=0x1002, displayId=0, eventId=-201262234 }
12-22 11:33:00.580 15599 15636 I appium  : The event has been delayed for 33ms
12-22 11:33:00.582  2475  5741 I WindowManagerService: Physical orientation applied, rotation=0 sfOrientation=ORIENTATION_0
12-22 11:33:00.629 10640 11203 I CCodecBufferChannel: pipelineRoom(2) is <= numClientBuffers(3). Not signalling any more buffers to client
12-22 11:33:00.629 10640 15827 I CCodecBufferChannel: pipelineRoom(2) is <= numClientBuffers(2). Not signalling any more buffers to client
12-22 11:33:00.681  2027  3285 D libsensor-displayalgo: the value of  brightness:369.000000,R:65692186.068315,G:55882356.975660,B:47789495.254406,EVENT_C:2950.500000,EVENT_R:1195.500000,EVENT_G:1569.000000,EVENT_B:617.000000
12-22 11:33:00.681  2027  3285 I libsensor-displayalgo: the value of  Coef1:1107.681000,Coef4:2.383000, scale1:0.935522, scale4:0.923264
12-22 11:33:00.682  2027  3285 E libsensor-displayalgo: RGB_test_0407_400_oldzy!
12-22 11:33:00.682  2027  3285 I libsensor-displayalgo: the value of  RESULT2313.263388,950.890386,1117.210022,398.518246
12-22 11:33:00.682  2027  3285 I libsensor-displayalgo: the value of  getChannelDataCalibrated2414.087012,882.430873,1288.466786,431.386016
12-22 11:33:00.682  2027  3285 I libsensor-displayalgo: the value of  REAL LUX23.739666
12-22 11:33:00.682  2027  3285 I libsensor-displayalgo: the value of  CAL REAL LUX23.739666
12-22 11:33:00.689  2475  5741 I WindowManagerService: Physical orientation applied, rotation=0 sfOrientation=ORIENTATION_0
12-22 11:33:00.782  1251  2448 I vendor.qti.hardware.display.composer-service: FrameNotifyProcess Sensor: notify citsensorservice to trigger cwb
12-22 11:33:00.783  2475  5741 I WindowManagerService: Physical orientation applied, rotation=0 sfOrientation=ORIENTATION_0
12-22 11:33:00.782  2027  4130 I libcitsensorservice@2.0-impl: msg_transfer
12-22 11:33:00.784  2027  3266 D vendor.xiaomi.sensor.citsensorservice@2.0-service: handle id:10 wxh:1280x2400 uwxuh:1080x2400 size: 9216000 fd:15 fd_meta:16 flags:0x4000228 usage:0x33  format:0x3 layer_count: 1
12-22 11:33:00.784  1251  2216 I SDM     : HWCSession::SetCWBOutputBuffer: CWB config passed by cwb_client : tappoint 1  CWB_ROI : (829.000000 4.000000 915.000000 90.000000)
12-22 11:33:00.789  1251 15852 I SDM     : HWCSession::ProcessRequests: Successfully configured CWB buffer.
12-22 11:33:00.794  1251 15852 I SDM     : HWCSession::ProcessRequests: Pushing release fence in fenece wait queue.
12-22 11:33:00.794  1251 15852 I SDM     : HWCSession::ProcessRequests: Creating AsyncFenceWaits async thread.
12-22 11:33:00.795  1251 15852 I SDM     : HWCSession::ProcessRequests: Remove current CWB request from the pending request queue.
12-22 11:33:00.795  1251 15852 I SDM     : HWCSession::ProcessRequests: No pending cwb requests found in the queue.
12-22 11:33:00.799  1251  1467 I SDM     : HWDeviceDRM::SetupConcurrentWriteback: Tear down the Concurrent Writeback topology
12-22 11:33:00.806  1251 15853 I SDM     : HWCSession::NotifyCWBStatus: Notify the client about buffer status 0.
12-22 11:33:00.806  1251 15853 I SDM     : HWCSession::PerformFenceWaits: Remove current release fence from the pending fence wait queue.
12-22 11:33:00.806  1251 15853 I SDM     : HWCSession::PerformFenceWaits: CWB fence queue is empty. No pending release fence to wait on.
12-22 11:33:00.866 10640 11203 I CCodecBufferChannel: pipelineRoom(2) is <= numClientBuffers(3). Not signalling any more buffers to client
12-22 11:33:00.868 10640 15827 I CCodecBufferChannel: pipelineRoom(2) is <= numClientBuffers(2). Not signalling any more buffers to client
12-22 11:33:00.887  2475  5741 I WindowManagerService: Physical orientation applied, rotation=0 sfOrientation=ORIENTATION_0
12-22 11:33:00.982  2027  3285 D libsensor-displayalgo: the value of  brightness:369.000000,R:65692186.068315,G:55882356.975660,B:47789495.254406,EVENT_C:2941.000000,EVENT_R:1193.500000,EVENT_G:1560.500000,EVENT_B:615.500000
12-22 11:33:00.982  2027  3285 I libsensor-displayalgo: the value of  Coef1:1107.681000,Coef4:2.383000, scale1:0.935522, scale4:0.923264
12-22 11:33:00.982  2027  3285 E libsensor-displayalgo: RGB_test_0407_400_oldzy!
12-22 11:33:00.983  2027  3285 I libsensor-displayalgo: the value of  RESULT2313.263388,950.890386,1117.210022,398.518246
12-22 11:33:00.983  2027  3285 I libsensor-displayalgo: the value of  getChannelDataCalibrated2414.087012,882.430873,1288.466786,431.386016
12-22 11:33:00.983  2027  3285 I libsensor-displayalgo: the value of  REAL LUX22.879711
12-22 11:33:00.983  2027  3285 I libsensor-displayalgo: the value of  CAL REAL LUX22.879711
12-22 11:33:00.995  2475  5741 I WindowManagerService: Physical orientation applied, rotation=0 sfOrientation=ORIENTATION_0
12-22 11:33:01.004 10640 11203 I CCodecBufferChannel: pipelineRoom(2) is <= numClientBuffers(2). Not signalling any more buffers to client
12-22 11:33:01.004 10640 11203 I CCodecBufferChannel: pipelineRoom(2) is <= numClientBuffers(2). Not signalling any more buffers to client
12-22 11:33:01.005 10640 15827 I CCodecBufferChannel: pipelineRoom(2) is <= numClientBuffers(2). Not signalling any more buffers to client
12-22 11:33:01.076 10640 11203 I CCodecBufferChannel: pipelineRoom(2) is <= numClientBuffers(3). Not signalling any more buffers to client
12-22 11:33:01.077 10640 15827 I CCodecBufferChannel: pipelineRoom(2) is <= numClientBuffers(2). Not signalling any more buffers to client
12-22 11:33:01.088  1251  2448 I vendor.qti.hardware.display.composer-service: FrameNotifyProcess Sensor: notify citsensorservice to trigger cwb
12-22 11:33:01.088  2027  2027 I libcitsensorservice@2.0-impl: msg_transfer
12-22 11:33:01.088  2027  3266 D vendor.xiaomi.sensor.citsensorservice@2.0-service: handle id:10 wxh:1280x2400 uwxuh:1080x2400 size: 9216000 fd:15 fd_meta:16 flags:0x4000228 usage:0x33  format:0x3 layer_count: 1
12-22 11:33:01.089  1251  2216 I SDM     : HWCSession::SetCWBOutputBuffer: CWB config passed by cwb_client : tappoint 1  CWB_ROI : (829.000000 4.000000 915.000000 90.000000)
12-22 11:33:01.089  1251 15856 I SDM     : HWCSession::ProcessRequests: Successfully configured CWB buffer.
12-22 11:33:01.094  2475  6308 I WindowManagerService: Physical orientation applied, rotation=0 sfOrientation=ORIENTATION_0
12-22 11:33:01.098  1251 15856 I SDM     : HWCSession::ProcessRequests: Pushing release fence in fenece wait queue.
12-22 11:33:01.098  1251 15856 I SDM     : HWCSession::ProcessRequests: Creating AsyncFenceWaits async thread.
12-22 11:33:01.098  1251 15856 I SDM     : HWCSession::ProcessRequests: Remove current CWB request from the pending request queue.
12-22 11:33:01.098  2475  3650 D MiuiNetworkPolicy: updateLimit mLimitEnabled=false,enabled=true,mNetworkPriorityMode=1
12-22 11:33:01.098  1251 15856 I SDM     : HWCSession::ProcessRequests: No pending cwb requests found in the queue.
12-22 11:33:01.104  1251  1467 I SDM     : HWDeviceDRM::SetupConcurrentWriteback: Tear down the Concurrent Writeback topology
12-22 11:33:01.111  1251 15857 I SDM     : HWCSession::NotifyCWBStatus: Notify the client about buffer status 0.
12-22 11:33:01.111  1251 15857 I SDM     : HWCSession::PerformFenceWaits: Remove current release fence from the pending fence wait queue.
12-22 11:33:01.111  1251 15857 I SDM     : HWCSession::PerformFenceWaits: CWB fence queue is empty. No pending release fence to wait on.
12-22 11:33:01.175  9768 15831 I SafeBinderCall: onPositionChange binder cost:0
12-22 11:33:01.175  4496  4496 D MiPlayDetailViewModel: onPositionChange(): position = 2966
12-22 11:33:01.192  2475  6308 I WindowManagerService: Physical orientation applied, rotation=0 sfOrientation=ORIENTATION_0
12-22 11:33:01.281  2027  3285 D libsensor-displayalgo: the value of  brightness:369.000000,R:65692186.068315,G:55882356.975660,B:47789495.254406,EVENT_C:2961.000000,EVENT_R:1199.500000,EVENT_G:1571.500000,EVENT_B:618.000000
12-22 11:33:01.281  2027  3285 I libsensor-displayalgo: the value of  Coef1:1107.681000,Coef4:2.383000, scale1:0.935522, scale4:0.923264
12-22 11:33:01.281  2027  3285 E libsensor-displayalgo: RGB_test_0407_400_oldzy!
12-22 11:33:01.282  2027  3285 I libsensor-displayalgo: the value of  RESULT2313.263388,950.890386,1117.210022,398.518246
12-22 11:33:01.282  2027  3285 I libsensor-displayalgo: the value of  getChannelDataCalibrated2414.087012,882.430873,1288.466786,431.386016
12-22 11:33:01.282  2027  3285 I libsensor-displayalgo: the value of  REAL LUX24.362410
12-22 11:33:01.282  2027  3285 I libsensor-displayalgo: the value of  CAL REAL LUX24.362410
12-22 11:33:01.304  2475  6308 I WindowManagerService: Physical orientation applied, rotation=0 sfOrientation=ORIENTATION_0
12-22 11:33:01.310 10640 11203 I CCodecBufferChannel: pipelineRoom(2) is <= numClientBuffers(3). Not signalling any more buffers to client
