12-22 11:13:58.683  2027  3285 I libsensor-displayalgo: the value of  RESULT2498.540787,1022.906167,1208.859144,431.578969
12-22 11:13:58.683  2027  3285 I libsensor-displayalgo: the value of  getChannelDataCalibrated2606.615798,949.590715,1393.071410,467.027713
12-22 11:13:58.683  2027  3285 I libsensor-displayalgo: the value of  REAL LUX28.270115
12-22 11:13:58.683  2027  3285 I libsensor-displayalgo: the value of  CAL REAL LUX28.270115
12-22 11:13:58.685 15928 15938 I m.zhihu.androi: This is sticky GC, maxfree is 8388608 minfree is 2097152
12-22 11:13:58.754  1192 11175 I vendor.qti.bluetooth@1.0-ibs_handler: ProcessIbsCmd: Received IBS_WAKE_IND: 0xFD
12-22 11:13:58.754  1192 11175 D vendor.qti.bluetooth@1.0-ibs_handler: SerialClockVote: vote for UART CLK ON
12-22 11:13:58.754  1192 11175 D vendor.qti.bluetooth@1.0-wake_lock: Acquire wakelock is acquired
12-22 11:13:58.754  1192 11175 I vendor.qti.bluetooth@1.0-ibs_handler: ProcessIbsCmd: Writing IBS_WAKE_ACK
12-22 11:13:58.764 28881 11959 E MiuiConfigNetConnectController : empty last pop
12-22 11:13:58.764 28881 11959 D MiuiConfigNetConnectController : getDeviceTimes B8:7C:6F:7E:5C:B0
12-22 11:13:58.766 28881 11959 D MiuiConfigNetConnectController : device is in the DeviceBlackList: B8:7C:6F:7E:5C:B0
12-22 11:13:58.795  1192 11175 I vendor.qti.bluetooth@1.0-ibs_handler: ProcessIbsCmd: Received IBS_SLEEP_IND: 0xFE
12-22 11:13:58.795  1192 11175 D vendor.qti.bluetooth@1.0-ibs_handler: SerialClockVote: vote for UART CLK OFF
12-22 11:13:58.867  1251  2448 I vendor.qti.hardware.display.composer-service: FrameNotifyProcess Sensor: notify citsensorservice to trigger cwb
12-22 11:13:58.867  2027  2097 I libcitsensorservice@2.0-impl: msg_transfer
12-22 11:13:58.868  2027  3266 D vendor.xiaomi.sensor.citsensorservice@2.0-service: handle id:10 wxh:1280x2400 uwxuh:1080x2400 size: 9216000 fd:15 fd_meta:16 flags:0x4000228 usage:0x33  format:0x3 layer_count: 1
12-22 11:13:58.868  1251  2216 I SDM     : HWCSession::SetCWBOutputBuffer: CWB config passed by cwb_client : tappoint 1  CWB_ROI : (829.000000 4.000000 915.000000 90.000000)
12-22 11:13:58.870  1251 30382 I SDM     : HWCSession::ProcessRequests: Successfully configured CWB buffer.
12-22 11:13:58.878  1251 30382 I SDM     : HWCSession::ProcessRequests: Pushing release fence in fenece wait queue.
12-22 11:13:58.878  1251 30382 I SDM     : HWCSession::ProcessRequests: Creating AsyncFenceWaits async thread.
12-22 11:13:58.879  1251 30382 I SDM     : HWCSession::ProcessRequests: Remove current CWB request from the pending request queue.
12-22 11:13:58.880  1251 30382 I SDM     : HWCSession::ProcessRequests: No pending cwb requests found in the queue.
12-22 11:13:58.885  1251  1467 I SDM     : HWDeviceDRM::SetupConcurrentWriteback: Tear down the Concurrent Writeback topology
12-22 11:13:58.891  1251 30383 I SDM     : HWCSession::NotifyCWBStatus: Notify the client about buffer status 0.
12-22 11:13:58.891  1251 30383 I SDM     : HWCSession::PerformFenceWaits: Remove current release fence from the pending fence wait queue.
12-22 11:13:58.891  1251 30383 I SDM     : HWCSession::PerformFenceWaits: CWB fence queue is empty. No pending release fence to wait on.
12-22 11:13:58.945  1192 11131 D vendor.qti.bluetooth@1.0-wake_lock: Release wakelock is released
12-22 11:13:58.983  2027  3285 D libsensor-displayalgo: the value of  brightness:362.000000,R:73392590.416796,G:65624507.120736,B:52063249.006410,EVENT_C:3196.500000,EVENT_R:1266.000000,EVENT_G:1704.000000,EVENT_B:670.000000
12-22 11:13:58.984  2027  3285 I libsensor-displayalgo: the value of  Coef1:1107.681000,Coef4:2.383000, scale1:0.935522, scale4:0.923264
12-22 11:13:58.984  2027  3285 E libsensor-displayalgo: RGB_test_0407_400_oldzy!
12-22 11:13:58.984  2027  3285 I libsensor-displayalgo: the value of  RESULT2498.540787,1022.906167,1208.859144,431.578969
12-22 11:13:58.985  2027  3285 I libsensor-displayalgo: the value of  getChannelDataCalibrated2606.615798,949.590715,1393.071410,467.027713
12-22 11:13:58.985  2027  3285 I libsensor-displayalgo: the value of  REAL LUX27.360350
12-22 11:13:58.985  2027  3285 I libsensor-displayalgo: the value of  CAL REAL LUX27.360350
12-22 11:13:59.172  1251  2448 I vendor.qti.hardware.display.composer-service: FrameNotifyProcess Sensor: notify citsensorservice to trigger cwb
12-22 11:13:59.173  2027  2097 I libcitsensorservice@2.0-impl: msg_transfer
12-22 11:13:59.174  2027  3266 D vendor.xiaomi.sensor.citsensorservice@2.0-service: handle id:10 wxh:1280x2400 uwxuh:1080x2400 size: 9216000 fd:15 fd_meta:16 flags:0x4000228 usage:0x33  format:0x3 layer_count: 1
12-22 11:13:59.174  1251  2216 I SDM     : HWCSession::SetCWBOutputBuffer: CWB config passed by cwb_client : tappoint 1  CWB_ROI : (829.000000 4.000000 915.000000 90.000000)
12-22 11:13:59.175  1251 30384 I SDM     : HWCSession::ProcessRequests: Successfully configured CWB buffer.
12-22 11:13:59.182  1251 30384 I SDM     : HWCSession::ProcessRequests: Pushing release fence in fenece wait queue.
12-22 11:13:59.182  1251 30384 I SDM     : HWCSession::ProcessRequests: Creating AsyncFenceWaits async thread.
12-22 11:13:59.183  1251 30384 I SDM     : HWCSession::ProcessRequests: Remove current CWB request from the pending request queue.
12-22 11:13:59.184  1251 30384 I SDM     : HWCSession::ProcessRequests: No pending cwb requests found in the queue.
12-22 11:13:59.189  1251  1467 I SDM     : HWDeviceDRM::SetupConcurrentWriteback: Tear down the Concurrent Writeback topology
12-22 11:13:59.195  1251 30385 I SDM     : HWCSession::NotifyCWBStatus: Notify the client about buffer status 0.
12-22 11:13:59.196  1251 30385 I SDM     : HWCSession::PerformFenceWaits: Remove current release fence from the pending fence wait queue.
12-22 11:13:59.196  1251 30385 I SDM     : HWCSession::PerformFenceWaits: CWB fence queue is empty. No pending release fence to wait on.
12-22 11:13:59.382  2027  3285 D libsensor-displayalgo: the value of  brightness:362.000000,R:73392590.416796,G:65624507.120736,B:52063249.006410,EVENT_C:3196.000000,EVENT_R:1267.000000,EVENT_G:1704.500000,EVENT_B:671.000000
12-22 11:13:59.382  2027  3285 I libsensor-displayalgo: the value of  Coef1:1107.681000,Coef4:2.383000, scale1:0.935522, scale4:0.923264
12-22 11:13:59.382  2027  3285 E libsensor-displayalgo: RGB_test_0407_400_oldzy!
12-22 11:13:59.383  2027  3285 I libsensor-displayalgo: the value of  RESULT2498.540787,1022.906167,1208.859144,431.578969
12-22 11:13:59.383  2027  3285 I libsensor-displayalgo: the value of  getChannelDataCalibrated2606.615798,949.590715,1393.071410,467.027713
12-22 11:13:59.383  2027  3285 I libsensor-displayalgo: the value of  REAL LUX27.228874
12-22 11:13:59.383  2027  3285 I libsensor-displayalgo: the value of  CAL REAL LUX27.228874
12-22 11:13:59.478  1251  2448 I vendor.qti.hardware.display.composer-service: FrameNotifyProcess Sensor: notify citsensorservice to trigger cwb
12-22 11:13:59.479  2027  2027 I libcitsensorservice@2.0-impl: msg_transfer
12-22 11:13:59.480  2027  3266 D vendor.xiaomi.sensor.citsensorservice@2.0-service: handle id:10 wxh:1280x2400 uwxuh:1080x2400 size: 9216000 fd:15 fd_meta:16 flags:0x4000228 usage:0x33  format:0x3 layer_count: 1
12-22 11:13:59.480  1251  2216 I SDM     : HWCSession::SetCWBOutputBuffer: CWB config passed by cwb_client : tappoint 1  CWB_ROI : (829.000000 4.000000 915.000000 90.000000)
12-22 11:13:59.480  1251 30386 I SDM     : HWCSession::ProcessRequests: Successfully configured CWB buffer.
12-22 11:13:59.489  1251 30386 I SDM     : HWCSession::ProcessRequests: Pushing release fence in fenece wait queue.
12-22 11:13:59.489  1251 30386 I SDM     : HWCSession::ProcessRequests: Creating AsyncFenceWaits async thread.
12-22 11:13:59.489  1251 30386 I SDM     : HWCSession::ProcessRequests: Remove current CWB request from the pending request queue.
12-22 11:13:59.489  1251 30386 I SDM     : HWCSession::ProcessRequests: No pending cwb requests found in the queue.
12-22 11:13:59.497  1251  1467 I SDM     : HWDeviceDRM::SetupConcurrentWriteback: Tear down the Concurrent Writeback topology
12-22 11:13:59.500  1251 30387 I SDM     : HWCSession::NotifyCWBStatus: Notify the client about buffer status 0.
12-22 11:13:59.503  1251 30387 I SDM     : HWCSession::PerformFenceWaits: Remove current release fence from the pending fence wait queue.
12-22 11:13:59.504  1251 30387 I SDM     : HWCSession::PerformFenceWaits: CWB fence queue is empty. No pending release fence to wait on.
12-22 11:13:59.519  2475  3650 D MiuiNetworkPolicy: updateLimit mLimitEnabled=true,enabled=false,mNetworkPriorityMode=1
12-22 11:13:59.682  2027  3285 D libsensor-displayalgo: the value of  brightness:362.000000,R:73392590.416796,G:65624507.120736,B:52063249.006410,EVENT_C:3198.500000,EVENT_R:1264.500000,EVENT_G:1705.000000,EVENT_B:670.000000
12-22 11:13:59.683  2027  3285 I libsensor-displayalgo: the value of  Coef1:1107.681000,Coef4:2.383000, scale1:0.935522, scale4:0.923264
12-22 11:13:59.683  2027  3285 E libsensor-displayalgo: RGB_test_0407_400_oldzy!
12-22 11:13:59.683  2027  3285 I libsensor-displayalgo: the value of  RESULT2498.540787,1022.906167,1208.859144,431.578969
12-22 11:13:59.683  2027  3285 I libsensor-displayalgo: the value of  getChannelDataCalibrated2606.615798,949.590715,1393.071410,467.027713
12-22 11:13:59.683  2027  3285 I libsensor-displayalgo: the value of  REAL LUX27.603554
12-22 11:13:59.683  2027  3285 I libsensor-displayalgo: the value of  CAL REAL LUX27.603554
12-22 11:13:59.730  1953  2016 I mstatdaemon: Entering time loop
12-22 11:13:59.730  1953  2016 I mstatdaemon: t = 1671678839
12-22 11:13:59.730  1953  2016 I mstatdaemon: translated_t = 1355688839
12-22 11:13:59.730  1953  2016 I mstat_log: mstatcommitLog log_alloc() failed
12-22 11:13:59.781  1251  2448 I vendor.qti.hardware.display.composer-service: FrameNotifyProcess Sensor: notify citsensorservice to trigger cwb
12-22 11:13:59.781  2027  2027 I libcitsensorservice@2.0-impl: msg_transfer
12-22 11:13:59.785  2027  3266 D vendor.xiaomi.sensor.citsensorservice@2.0-service: handle id:10 wxh:1280x2400 uwxuh:1080x2400 size: 9216000 fd:15 fd_meta:16 flags:0x4000228 usage:0x33  format:0x3 layer_count: 1
12-22 11:13:59.786  1251  2216 I SDM     : HWCSession::SetCWBOutputBuffer: CWB config passed by cwb_client : tappoint 1  CWB_ROI : (829.000000 4.000000 915.000000 90.000000)
12-22 11:13:59.788  1251 30388 I SDM     : HWCSession::ProcessRequests: Successfully configured CWB buffer.
12-22 11:13:59.792  1251 30388 I SDM     : HWCSession::ProcessRequests: Pushing release fence in fenece wait queue.
12-22 11:13:59.792  1251 30388 I SDM     : HWCSession::ProcessRequests: Creating AsyncFenceWaits async thread.
12-22 11:13:59.793  1251 30388 I SDM     : HWCSession::ProcessRequests: Remove current CWB request from the pending request queue.
12-22 11:13:59.793  1251 30388 I SDM     : HWCSession::ProcessRequests: No pending cwb requests found in the queue.
12-22 11:13:59.797  1251  1467 I SDM     : HWDeviceDRM::SetupConcurrentWriteback: Tear down the Concurrent Writeback topology
12-22 11:13:59.804  1251 30389 I SDM     : HWCSession::NotifyCWBStatus: Notify the client about buffer status 0.
12-22 11:13:59.805  1251 30389 I SDM     : HWCSession::PerformFenceWaits: Remove current release fence from the pending fence wait queue.
12-22 11:13:59.805  1251 30389 I SDM     : HWCSession::PerformFenceWaits: CWB fence queue is empty. No pending release fence to wait on.
12-22 11:13:59.935  9660  9660 D MiuiImsPhoneCallTrackerStubImpl: onReceive : android.net.wifi.RSSI_CHANGED
12-22 11:13:59.935  9660  9660 D MiuiImsPhoneCallTrackerStubImpl: onReceive : android.net.wifi.RSSI_CHANGED
12-22 11:13:59.943  4371  5534 D QCNEJ/NativeHalConnector: -> SND notifyDefaultNetworkChanged(1)
12-22 11:13:59.952  5773  8961 I SLM-SRV-SLAService: onCapabilitiesChanged WIFI master
12-22 11:13:59.955 32044 32111 D WM-NetworkStateTracker: Network capabilities changed: [ Transports: WIFI Capabilities: NOT_METERED&INTERNET&NOT_RESTRICTED&TRUSTED&NOT_VPN&VALIDATED&NOT_ROAMING&FOREGROUND&NOT_CONGESTED&NOT_SUSPENDED&NOT_VCN_MANAGED LinkUpBandwidth>=68990Kbps LinkDnBandwidth>=71287Kbps TransportInfo: <SSID: <unknown ssid>, BSSID: 02:00:00:00:00:00, MAC: 02:00:00:00:00:00, Security type: 2, Supplicant state: COMPLETED, Wi-Fi standard: 5, RSSI: -65, Link speed: 650Mbps, Tx Link speed: 650Mbps, Max Supported Tx Link speed: 866Mbps, Rx Link speed: 390Mbps, Max Supported Rx Link speed: 866Mbps, Frequency: 5240MHz, Net ID: -1, Metered hint: false, score: 60, CarrierMerged: false, SubscriptionId: -1, IsPrimary: -1> SignalStrength: -65]
12-22 11:13:59.955  9282  9466 D TAB.NetworkUtils: network onCapabilitiesChanged
12-22 11:13:59.983  2027  3285 D libsensor-displayalgo: the value of  brightness:362.000000,R:73392590.416796,G:65624507.120736,B:52063249.006410,EVENT_C:3200.000000,EVENT_R:1267.000000,EVENT_G:1708.500000,EVENT_B:672.000000
12-22 11:13:59.983  2027  3285 I libsensor-displayalgo: the value of  Coef1:1107.681000,Coef4:2.383000, scale1:0.935522, scale4:0.923264
12-22 11:13:59.983  2027  3285 E libsensor-displayalgo: RGB_test_0407_400_oldzy!
12-22 11:13:59.983  2027  3285 I libsensor-displayalgo: the value of  RESULT2498.540787,1022.906167,1208.859144,431.578969
12-22 11:13:59.984  2027  3285 I libsensor-displayalgo: the value of  getChannelDataCalibrated2606.615798,949.590715,1393.071410,467.027713
12-22 11:13:59.984  2027  3285 I libsensor-displayalgo: the value of  REAL LUX27.611938
12-22 11:13:59.984  2027  3285 I libsensor-displayalgo: the value of  CAL REAL LUX27.611938
12-22 11:14:00.018  4496  4496 D KeyguardUpdateMonitor: received broadcast android.intent.action.TIME_TICK
12-22 11:14:00.044  4496  4496 D KeyguardUpdateMonitor: handleTimeUpdate
12-22 11:14:00.068  4496  4508 I ndroid.systemu: This is non sticky GC, maxfree is 8388608 minfree is 2097152
12-22 11:14:00.068  4496  4508 I ndroid.systemu: NativeAlloc concurrent copying GC freed 358072(13MB) AllocSpace objects, 0(0B) LOS objects, 43% free, 31MB/55MB, paused 99us,41us total 105.027ms
12-22 11:14:00.072  4496  4509 W JavaBinder: BinderProxy is being destroyed but the application did not call unlinkToDeath to unlink all of its death recipients beforehand.  Releasing leaked death recipient: miui.systemui.devicecontrols.controller.ControlsProviderLifecycleManager
12-22 11:14:00.072  4496  4509 I BpBinder: onLastStrongRef automatically unlinking death recipients: <uncached descriptor>
12-22 11:14:00.073  4496  4509 W JavaBinder: BinderProxy is being destroyed but the application did not call unlinkToDeath to unlink all of its death recipients beforehand.  Releasing leaked death recipient: miui.systemui.devicecontrols.controller.ControlsProviderLifecycleManager
12-22 11:14:00.073  4496  4509 I BpBinder: onLastStrongRef automatically unlinking death recipients: <uncached descriptor>
12-22 11:14:00.076  4496  4510 W System  : A resource failed to call close.
12-22 11:14:00.077  4496  4510 W System  : A resource failed to call close.
12-22 11:14:00.077  4496  4510 W System  : A resource failed to call close.
12-22 11:14:00.078  4496  4510 W System  : A resource failed to call release.
12-22 11:14:00.079  4496  4510 W System  : A resource failed to call release.
12-22 11:14:00.086  1251  2448 I vendor.qti.hardware.display.composer-service: FrameNotifyProcess Sensor: notify citsensorservice to trigger cwb
12-22 11:14:00.086  2027  2027 I libcitsensorservice@2.0-impl: msg_transfer
12-22 11:14:00.087  2027  3266 D vendor.xiaomi.sensor.citsensorservice@2.0-service: handle id:10 wxh:1280x2400 uwxuh:1080x2400 size: 9216000 fd:15 fd_meta:16 flags:0x4000228 usage:0x33  format:0x3 layer_count: 1
12-22 11:14:00.087  1251  2216 I SDM     : HWCSession::SetCWBOutputBuffer: CWB config passed by cwb_client : tappoint 1  CWB_ROI : (829.000000 4.000000 915.000000 90.000000)
12-22 11:14:00.088  1251 30390 I SDM     : HWCSession::ProcessRequests: Successfully configured CWB buffer.
12-22 11:14:00.095  1251 30390 I SDM     : HWCSession::ProcessRequests: Pushing release fence in fenece wait queue.
12-22 11:14:00.095  1251 30390 I SDM     : HWCSession::ProcessRequests: Creating AsyncFenceWaits async thread.
12-22 11:14:00.095  1251 30390 I SDM     : HWCSession::ProcessRequests: Remove current CWB request from the pending request queue.
12-22 11:14:00.096  1251 30390 I SDM     : HWCSession::ProcessRequests: No pending cwb requests found in the queue.
12-22 11:14:00.102  1251  1467 I SDM     : HWDeviceDRM::SetupConcurrentWriteback: Tear down the Concurrent Writeback topology
12-22 11:14:00.109  1251 30392 I SDM     : HWCSession::NotifyCWBStatus: Notify the client about buffer status 0.
12-22 11:14:00.109  1251 30392 I SDM     : HWCSession::PerformFenceWaits: Remove current release fence from the pending fence wait queue.
12-22 11:14:00.109  1251 30392 I SDM     : HWCSession::PerformFenceWaits: CWB fence queue is empty. No pending release fence to wait on.
12-22 11:14:00.284  2027  3285 D libsensor-displayalgo: the value of  brightness:362.000000,R:72036278.010570,G:64405846.195409,B:51096803.996525,EVENT_C:3167.000000,EVENT_R:1255.500000,EVENT_G:1688.000000,EVENT_B:662.500000
12-22 11:14:00.284  2027  3285 I libsensor-displayalgo: the value of  Coef1:1107.681000,Coef4:2.383000, scale1:0.935522, scale4:0.923264
12-22 11:14:00.284  2027  3285 E libsensor-displayalgo: RGB_test_0407_400_oldzy!
12-22 11:14:00.285  2027  3285 I libsensor-displayalgo: the value of  RESULT2469.734022,1010.382267,1196.114831,426.298078
12-22 11:14:00.285  2027  3285 I libsensor-displayalgo: the value of  getChannelDataCalibrated2576.562988,937.964449,1378.385051,461.313064
12-22 11:14:00.285  2027  3285 I libsensor-displayalgo: the value of  REAL LUX27.442163
12-22 11:14:00.285  2027  3285 I libsensor-displayalgo: the value of  CAL REAL LUX27.442163
12-22 11:14:00.398  1251  2448 I vendor.qti.hardware.display.composer-service: FrameNotifyProcess Sensor: notify citsensorservice to trigger cwb
12-22 11:14:00.398  2027  4130 I libcitsensorservice@2.0-impl: msg_transfer
12-22 11:14:00.399  2027  3266 D vendor.xiaomi.sensor.citsensorservice@2.0-service: handle id:10 wxh:1280x2400 uwxuh:1080x2400 size: 9216000 fd:15 fd_meta:16 flags:0x4000228 usage:0x33  format:0x3 layer_count: 1
12-22 11:14:00.399  1251  2216 I SDM     : HWCSession::SetCWBOutputBuffer: CWB config passed by cwb_client : tappoint 1  CWB_ROI : (829.000000 4.000000 915.000000 90.000000)
12-22 11:14:00.401  1251 30393 I SDM     : HWCSession::ProcessRequests: Successfully configured CWB buffer.
12-22 11:14:00.408  1251 30393 I SDM     : HWCSession::ProcessRequests: Pushing release fence in fenece wait queue.
12-22 11:14:00.408  1251 30393 I SDM     : HWCSession::ProcessRequests: Creating AsyncFenceWaits async thread.
12-22 11:14:00.409  1251 30393 I SDM     : HWCSession::ProcessRequests: Remove current CWB request from the pending request queue.
12-22 11:14:00.409  1251 30393 I SDM     : HWCSession::ProcessRequests: No pending cwb requests found in the queue.
12-22 11:14:00.414  1251  1467 I SDM     : HWDeviceDRM::SetupConcurrentWriteback: Tear down the Concurrent Writeback topology
12-22 11:14:00.421  1251 30394 I SDM     : HWCSession::NotifyCWBStatus: Notify the client about buffer status 0.
12-22 11:14:00.422  1251 30394 I SDM     : HWCSession::PerformFenceWaits: Remove current release fence from the pending fence wait queue.
12-22 11:14:00.423  1251 30394 I SDM     : HWCSession::PerformFenceWaits: CWB fence queue is empty. No pending release fence to wait on.
12-22 11:14:00.583  2027  3285 D libsensor-displayalgo: the value of  brightness:362.000000,R:72036278.010570,G:64405846.195409,B:51096803.996525,EVENT_C:3179.500000,EVENT_R:1260.000000,EVENT_G:1694.500000,EVENT_B:666.500000
12-22 11:14:00.583  2027  3285 I libsensor-displayalgo: the value of  Coef1:1107.681000,Coef4:2.383000, scale1:0.935522, scale4:0.923264
12-22 11:14:00.583  2027  3285 E libsensor-displayalgo: RGB_test_0407_400_oldzy!
12-22 11:14:00.584  2027  3285 I libsensor-displayalgo: the value of  RESULT2469.734022,1010.382267,1196.114831,426.298078
12-22 11:14:00.584  2027  3285 I libsensor-displayalgo: the value of  getChannelDataCalibrated2576.562988,937.964449,1378.385051,461.313064
12-22 11:14:00.584  2027  3285 I libsensor-displayalgo: the value of  REAL LUX28.125500
12-22 11:14:00.584  2027  3285 I libsensor-displayalgo: the value of  CAL REAL LUX28.125500
12-22 11:14:00.702  1251  2448 I vendor.qti.hardware.display.composer-service: FrameNotifyProcess Sensor: notify citsensorservice to trigger cwb
12-22 11:14:00.703  2027  2027 I libcitsensorservice@2.0-impl: msg_transfer
12-22 11:14:00.703  2027  3266 D vendor.xiaomi.sensor.citsensorservice@2.0-service: handle id:10 wxh:1280x2400 uwxuh:1080x2400 size: 9216000 fd:15 fd_meta:16 flags:0x4000228 usage:0x33  format:0x3 layer_count: 1
12-22 11:14:00.704  1251  2216 I SDM     : HWCSession::SetCWBOutputBuffer: CWB config passed by cwb_client : tappoint 1  CWB_ROI : (829.000000 4.000000 915.000000 90.000000)
12-22 11:14:00.705  1251 30395 I SDM     : HWCSession::ProcessRequests: Successfully configured CWB buffer.
12-22 11:14:00.713  1251 30395 I SDM     : HWCSession::ProcessRequests: Pushing release fence in fenece wait queue.
12-22 11:14:00.713  1251 30395 I SDM     : HWCSession::ProcessRequests: Creating AsyncFenceWaits async thread.
12-22 11:14:00.714  1251 30395 I SDM     : HWCSession::ProcessRequests: Remove current CWB request from the pending request queue.
12-22 11:14:00.714  1251 30395 I SDM     : HWCSession::ProcessRequests: No pending cwb requests found in the queue.
12-22 11:14:00.719  1251  1467 I SDM     : HWDeviceDRM::SetupConcurrentWriteback: Tear down the Concurrent Writeback topology
12-22 11:14:00.725  1251 30396 I SDM     : HWCSession::NotifyCWBStatus: Notify the client about buffer status 0.
12-22 11:14:00.726  1251 30396 I SDM     : HWCSession::PerformFenceWaits: Remove current release fence from the pending fence wait queue.
12-22 11:14:00.727  1251 30396 I SDM     : HWCSession::PerformFenceWaits: CWB fence queue is empty. No pending release fence to wait on.
12-22 11:14:00.982  2027  3285 D libsensor-displayalgo: the value of  brightness:362.000000,R:72036278.010570,G:64405846.195409,B:51096803.996525,EVENT_C:3174.500000,EVENT_R:1260.500000,EVENT_G:1691.500000,EVENT_B:665.000000
12-22 11:14:00.982  2027  3285 I libsensor-displayalgo: the value of  Coef1:1107.681000,Coef4:2.383000, scale1:0.935522, scale4:0.923264
12-22 11:14:00.982  2027  3285 E libsensor-displayalgo: RGB_test_0407_400_oldzy!
12-22 11:14:00.983  2027  3285 I libsensor-displayalgo: the value of  RESULT2469.734022,1010.382267,1196.114831,426.298078
12-22 11:14:00.983  2027  3285 I libsensor-displayalgo: the value of  getChannelDataCalibrated2576.562988,937.964449,1378.385051,461.313064
12-22 11:14:00.983  2027  3285 I libsensor-displayalgo: the value of  REAL LUX27.739128
12-22 11:14:00.983  2027  3285 I libsensor-displayalgo: the value of  CAL REAL LUX27.739128
12-22 11:14:01.006  1251  2448 I vendor.qti.hardware.display.composer-service: FrameNotifyProcess Sensor: notify citsensorservice to trigger cwb
12-22 11:14:01.006  2027  2027 I libcitsensorservice@2.0-impl: msg_transfer
12-22 11:14:01.007  2027  3266 D vendor.xiaomi.sensor.citsensorservice@2.0-service: handle id:10 wxh:1280x2400 uwxuh:1080x2400 size: 9216000 fd:15 fd_meta:16 flags:0x4000228 usage:0x33  format:0x3 layer_count: 1
12-22 11:14:01.007  1251  2216 I SDM     : HWCSession::SetCWBOutputBuffer: CWB config passed by cwb_client : tappoint 1  CWB_ROI : (829.000000 4.000000 915.000000 90.000000)
12-22 11:14:01.008  1251 30398 I SDM     : HWCSession::ProcessRequests: Successfully configured CWB buffer.
12-22 11:14:01.016  1251 30398 I SDM     : HWCSession::ProcessRequests: Pushing release fence in fenece wait queue.
12-22 11:14:01.016  1251 30398 I SDM     : HWCSession::ProcessRequests: Creating AsyncFenceWaits async thread.
12-22 11:14:01.016  1251 30398 I SDM     : HWCSession::ProcessRequests: Remove current CWB request from the pending request queue.
12-22 11:14:01.017  1251 30398 I SDM     : HWCSession::ProcessRequests: No pending cwb requests found in the queue.
12-22 11:14:01.023  1251  1467 I SDM     : HWDeviceDRM::SetupConcurrentWriteback: Tear down the Concurrent Writeback topology
12-22 11:14:01.030  1251 30399 I SDM     : HWCSession::NotifyCWBStatus: Notify the client about buffer status 0.
12-22 11:14:01.031  1251 30399 I SDM     : HWCSession::PerformFenceWaits: Remove current release fence from the pending fence wait queue.
12-22 11:14:01.031  1251 30399 I SDM     : HWCSession::PerformFenceWaits: CWB fence queue is empty. No pending release fence to wait on.
12-22 11:14:01.283  2027  3285 D libsensor-displayalgo: the value of  brightness:362.000000,R:72036278.010570,G:64405846.195409,B:51096803.996525,EVENT_C:3164.500000,EVENT_R:1256.000000,EVENT_G:1685.500000,EVENT_B:663.500000
12-22 11:14:01.283  2027  3285 I libsensor-displayalgo: the value of  Coef1:1107.681000,Coef4:2.383000, scale1:0.935522, scale4:0.923264
12-22 11:14:01.283  2027  3285 E libsensor-displayalgo: RGB_test_0407_400_oldzy!
12-22 11:14:01.284  2027  3285 I libsensor-displayalgo: the value of  RESULT2469.734022,1010.382267,1196.114831,426.298078
12-22 11:14:01.284  2027  3285 I libsensor-displayalgo: the value of  getChannelDataCalibrated2576.562988,937.964449,1378.385051,461.313064
12-22 11:14:01.284  2027  3285 I libsensor-displayalgo: the value of  REAL LUX27.051889
12-22 11:14:01.284  2027  3285 I libsensor-displayalgo: the value of  CAL REAL LUX27.051889
12-22 11:14:01.311  1251  2448 I vendor.qti.hardware.display.composer-service: FrameNotifyProcess Sensor: notify citsensorservice to trigger cwb
12-22 11:14:01.311  2027  2097 I libcitsensorservice@2.0-impl: msg_transfer
12-22 11:14:01.312  2027  3266 D vendor.xiaomi.sensor.citsensorservice@2.0-service: handle id:10 wxh:1280x2400 uwxuh:1080x2400 size: 9216000 fd:15 fd_meta:16 flags:0x4000228 usage:0x33  format:0x3 layer_count: 1
12-22 11:14:01.312  1251  2216 I SDM     : HWCSession::SetCWBOutputBuffer: CWB config passed by cwb_client : tappoint 1  CWB_ROI : (829.000000 4.000000 915.000000 90.000000)
12-22 11:14:01.314  1251 30418 I SDM     : HWCSession::ProcessRequests: Successfully configured CWB buffer.
12-22 11:14:01.321  1251 30418 I SDM     : HWCSession::ProcessRequests: Pushing release fence in fenece wait queue.
12-22 11:14:01.321  1251 30418 I SDM     : HWCSession::ProcessRequests: Creating AsyncFenceWaits async thread.
12-22 11:14:01.321  1251 30418 I SDM     : HWCSession::ProcessRequests: Remove current CWB request from the pending request queue.
12-22 11:14:01.321  1251 30418 I SDM     : HWCSession::ProcessRequests: No pending cwb requests found in the queue.
12-22 11:14:01.327  1251  1467 I SDM     : HWDeviceDRM::SetupConcurrentWriteback: Tear down the Concurrent Writeback topology
12-22 11:14:01.334  1251 30419 I SDM     : HWCSession::NotifyCWBStatus: Notify the client about buffer status 0.
12-22 11:14:01.335  1251 30419 I SDM     : HWCSession::PerformFenceWaits: Remove current release fence from the pending fence wait queue.
12-22 11:14:01.336  1251 30419 I SDM     : HWCSession::PerformFenceWaits: CWB fence queue is empty. No pending release fence to wait on.
12-22 11:14:01.582  2027  3285 D libsensor-displayalgo: the value of  brightness:362.000000,R:72036278.010570,G:64405846.195409,B:51096803.996525,EVENT_C:3175.500000,EVENT_R:1260.000000,EVENT_G:1690.500000,EVENT_B:664.000000
12-22 11:14:01.582  2027  3285 I libsensor-displayalgo: the value of  Coef1:1107.681000,Coef4:2.383000, scale1:0.935522, scale4:0.923264
12-22 11:14:01.582  2027  3285 E libsensor-displayalgo: RGB_test_0407_400_oldzy!
12-22 11:14:01.582  2027  3285 I libsensor-displayalgo: the value of  RESULT2469.734022,1010.382267,1196.114831,426.298078
12-22 11:14:01.582  2027  3285 I libsensor-displayalgo: the value of  getChannelDataCalibrated2576.562988,937.964449,1378.385051,461.313064
12-22 11:14:01.582  2027  3285 I libsensor-displayalgo: the value of  REAL LUX27.864290
12-22 11:14:01.582  2027  3285 I libsensor-displayalgo: the value of  CAL REAL LUX27.864290
12-22 11:14:01.615  1251  2448 I vendor.qti.hardware.display.composer-service: FrameNotifyProcess Sensor: notify citsensorservice to trigger cwb
12-22 11:14:01.615  2027  4130 I libcitsensorservice@2.0-impl: msg_transfer
12-22 11:14:01.616  2027  3266 D vendor.xiaomi.sensor.citsensorservice@2.0-service: handle id:10 wxh:1280x2400 uwxuh:1080x2400 size: 9216000 fd:15 fd_meta:16 flags:0x4000228 usage:0x33  format:0x3 layer_count: 1
12-22 11:14:01.616  1251  2216 I SDM     : HWCSession::SetCWBOutputBuffer: CWB config passed by cwb_client : tappoint 1  CWB_ROI : (829.000000 4.000000 915.000000 90.000000)
12-22 11:14:01.618  1251 30420 I SDM     : HWCSession::ProcessRequests: Successfully configured CWB buffer.
12-22 11:14:01.625  1251 30420 I SDM     : HWCSession::ProcessRequests: Pushing release fence in fenece wait queue.
12-22 11:14:01.625  1251 30420 I SDM     : HWCSession::ProcessRequests: Creating AsyncFenceWaits async thread.
12-22 11:14:01.626  1251 30420 I SDM     : HWCSession::ProcessRequests: Remove current CWB request from the pending request queue.
12-22 11:14:01.626  1251 30420 I SDM     : HWCSession::ProcessRequests: No pending cwb requests found in the queue.
12-22 11:14:01.632  1251  1467 I SDM     : HWDeviceDRM::SetupConcurrentWriteback: Tear down the Concurrent Writeback topology
12-22 11:14:01.639  1251 30421 I SDM     : HWCSession::NotifyCWBStatus: Notify the client about buffer status 0.
12-22 11:14:01.639  1251 30421 I SDM     : HWCSession::PerformFenceWaits: Remove current release fence from the pending fence wait queue.
12-22 11:14:01.639  1251 30421 I SDM     : HWCSession::PerformFenceWaits: CWB fence queue is empty. No pending release fence to wait on.
12-22 11:14:01.883  2027  3285 D libsensor-displayalgo: the value of  brightness:362.000000,R:72036278.010570,G:64405846.195409,B:51096803.996525,EVENT_C:3174.500000,EVENT_R:1259.500000,EVENT_G:1691.500000,EVENT_B:666.000000
12-22 11:14:01.883  2027  3285 I libsensor-displayalgo: the value of  Coef1:1107.681000,Coef4:2.383000, scale1:0.935522, scale4:0.923264
12-22 11:14:01.883  2027  3285 E libsensor-displayalgo: RGB_test_0407_400_oldzy!
12-22 11:14:01.884  2027  3285 I libsensor-displayalgo: the value of  RESULT2469.734022,1010.382267,1196.114831,426.298078
12-22 11:14:01.884  2027  3285 I libsensor-displayalgo: the value of  getChannelDataCalibrated2576.562988,937.964449,1378.385051,461.313064
12-22 11:14:01.884  2027  3285 I libsensor-displayalgo: the value of  REAL LUX27.695591
12-22 11:14:01.884  2027  3285 I libsensor-displayalgo: the value of  CAL REAL LUX27.695591
12-22 11:14:01.920  1251  2448 I vendor.qti.hardware.display.composer-service: FrameNotifyProcess Sensor: notify citsensorservice to trigger cwb
12-22 11:14:01.920  2027  2027 I libcitsensorservice@2.0-impl: msg_transfer
12-22 11:14:01.921  2027  3266 D vendor.xiaomi.sensor.citsensorservice@2.0-service: handle id:10 wxh:1280x2400 uwxuh:1080x2400 size: 9216000 fd:15 fd_meta:16 flags:0x4000228 usage:0x33  format:0x3 layer_count: 1
12-22 11:14:01.921  1251  2216 I SDM     : HWCSession::SetCWBOutputBuffer: CWB config passed by cwb_client : tappoint 1  CWB_ROI : (829.000000 4.000000 915.000000 90.000000)
12-22 11:14:01.923  1251 30422 I SDM     : HWCSession::ProcessRequests: Successfully configured CWB buffer.
12-22 11:14:01.930  1251 30422 I SDM     : HWCSession::ProcessRequests: Pushing release fence in fenece wait queue.
12-22 11:14:01.931  1251 30422 I SDM     : HWCSession::ProcessRequests: Creating AsyncFenceWaits async thread.
12-22 11:14:01.932  1251 30422 I SDM     : HWCSession::ProcessRequests: Remove current CWB request from the pending request queue.
12-22 11:14:01.932  1251 30422 I SDM     : HWCSession::ProcessRequests: No pending cwb requests found in the queue.
12-22 11:14:01.936  1251  1467 I SDM     : HWDeviceDRM::SetupConcurrentWriteback: Tear down the Concurrent Writeback topology
12-22 11:14:01.943  1251 30423 I SDM     : HWCSession::NotifyCWBStatus: Notify the client about buffer status 0.
12-22 11:14:01.943  1251 30423 I SDM     : HWCSession::PerformFenceWaits: Remove current release fence from the pending fence wait queue.
12-22 11:14:01.943  1251 30423 I SDM     : HWCSession::PerformFenceWaits: CWB fence queue is empty. No pending release fence to wait on.
12-22 11:14:02.182  2027  3285 D libsensor-displayalgo: the value of  brightness:362.000000,R:72036278.010570,G:64405846.195409,B:51096803.996525,EVENT_C:3170.500000,EVENT_R:1256.500000,EVENT_G:1690.000000,EVENT_B:664.500000
12-22 11:14:02.182  2027  3285 I libsensor-displayalgo: the value of  Coef1:1107.681000,Coef4:2.383000, scale1:0.935522, scale4:0.923264
12-22 11:14:02.182  2027  3285 E libsensor-displayalgo: RGB_test_0407_400_oldzy!
12-22 11:14:02.183  2027  3285 I libsensor-displayalgo: the value of  RESULT2469.734022,1010.382267,1196.114831,426.298078
12-22 11:14:02.183  2027  3285 I libsensor-displayalgo: the value of  getChannelDataCalibrated2576.562988,937.964449,1378.385051,461.313064
12-22 11:14:02.183  2027  3285 I libsensor-displayalgo: the value of  REAL LUX27.580002
12-22 11:14:02.183  2027  3285 I libsensor-displayalgo: the value of  CAL REAL LUX27.580002
12-22 11:14:02.224  1251  2448 I vendor.qti.hardware.display.composer-service: FrameNotifyProcess Sensor: notify citsensorservice to trigger cwb
12-22 11:14:02.226  2027  2027 I libcitsensorservice@2.0-impl: msg_transfer
12-22 11:14:02.226  2027  3266 D vendor.xiaomi.sensor.citsensorservice@2.0-service: handle id:10 wxh:1280x2400 uwxuh:1080x2400 size: 9216000 fd:15 fd_meta:16 flags:0x4000228 usage:0x33  format:0x3 layer_count: 1
12-22 11:14:02.227  1251  2216 I SDM     : HWCSession::SetCWBOutputBuffer: CWB config passed by cwb_client : tappoint 1  CWB_ROI : (829.000000 4.000000 915.000000 90.000000)
12-22 11:14:02.228  1251 30424 I SDM     : HWCSession::ProcessRequests: Successfully configured CWB buffer.
12-22 11:14:02.234  1251 30424 I SDM     : HWCSession::ProcessRequests: Pushing release fence in fenece wait queue.
12-22 11:14:02.236  1251 30424 I SDM     : HWCSession::ProcessRequests: Creating AsyncFenceWaits async thread.
12-22 11:14:02.237  1251 30424 I SDM     : HWCSession::ProcessRequests: Remove current CWB request from the pending request queue.
12-22 11:14:02.239  1251 30424 I SDM     : HWCSession::ProcessRequests: No pending cwb requests found in the queue.
12-22 11:14:02.247  1251 30425 I SDM     : HWCSession::NotifyCWBStatus: Notify the client about buffer status 0.
12-22 11:14:02.248  1251 30425 I SDM     : HWCSession::PerformFenceWaits: Remove current release fence from the pending fence wait queue.
12-22 11:14:02.248  1251 30425 I SDM     : HWCSession::PerformFenceWaits: CWB fence queue is empty. No pending release fence to wait on.
12-22 11:14:02.249  1251  1467 I SDM     : HWDeviceDRM::SetupConcurrentWriteback: Tear down the Concurrent Writeback topology
12-22 11:14:02.528  1251  2448 I vendor.qti.hardware.display.composer-service: FrameNotifyProcess Sensor: notify citsensorservice to trigger cwb
12-22 11:14:02.528  2027  2027 I libcitsensorservice@2.0-impl: msg_transfer
12-22 11:14:02.529  2027  3266 D vendor.xiaomi.sensor.citsensorservice@2.0-service: handle id:10 wxh:1280x2400 uwxuh:1080x2400 size: 9216000 fd:15 fd_meta:16 flags:0x4000228 usage:0x33  format:0x3 layer_count: 1
12-22 11:14:02.530  1251  2216 I SDM     : HWCSession::SetCWBOutputBuffer: CWB config passed by cwb_client : tappoint 1  CWB_ROI : (829.000000 4.000000 915.000000 90.000000)
12-22 11:14:02.531  1251 30426 I SDM     : HWCSession::ProcessRequests: Successfully configured CWB buffer.
12-22 11:14:02.538  1251 30426 I SDM     : HWCSession::ProcessRequests: Pushing release fence in fenece wait queue.
12-22 11:14:02.538  1251 30426 I SDM     : HWCSession::ProcessRequests: Creating AsyncFenceWaits async thread.
12-22 11:14:02.539  1251 30426 I SDM     : HWCSession::ProcessRequests: Remove current CWB request from the pending request queue.
12-22 11:14:02.539  1251 30426 I SDM     : HWCSession::ProcessRequests: No pending cwb requests found in the queue.
12-22 11:14:02.545  1251  1467 I SDM     : HWDeviceDRM::SetupConcurrentWriteback: Tear down the Concurrent Writeback topology
12-22 11:14:02.552  1251 30427 I SDM     : HWCSession::NotifyCWBStatus: Notify the client about buffer status 0.
12-22 11:14:02.552  1251 30427 I SDM     : HWCSession::PerformFenceWaits: Remove current release fence from the pending fence wait queue.
12-22 11:14:02.552  1251 30427 I SDM     : HWCSession::PerformFenceWaits: CWB fence queue is empty. No pending release fence to wait on.
12-22 11:14:02.583  2027  3285 D libsensor-displayalgo: the value of  brightness:362.000000,R:72036278.010570,G:64405846.195409,B:51096803.996525,EVENT_C:3187.000000,EVENT_R:1263.000000,EVENT_G:1698.000000,EVENT_B:666.000000
12-22 11:14:02.584  2027  3285 I libsensor-displayalgo: the value of  Coef1:1107.681000,Coef4:2.383000, scale1:0.935522, scale4:0.923264
12-22 11:14:02.584  2027  3285 E libsensor-displayalgo: RGB_test_0407_400_oldzy!
12-22 11:14:02.587  2027  3285 I libsensor-displayalgo: the value of  RESULT2469.734022,1010.382267,1196.114831,426.298078
12-22 11:14:02.587  2027  3285 I libsensor-displayalgo: the value of  getChannelDataCalibrated2576.562988,937.964449,1378.385051,461.313064
12-22 11:14:02.587  2027  3285 I libsensor-displayalgo: the value of  REAL LUX28.741571
12-22 11:14:02.587  2027  3285 I libsensor-displayalgo: the value of  CAL REAL LUX28.741571
12-22 11:14:02.832  1251  2448 I vendor.qti.hardware.display.composer-service: FrameNotifyProcess Sensor: notify citsensorservice to trigger cwb
12-22 11:14:02.833  2027  2027 I libcitsensorservice@2.0-impl: msg_transfer
12-22 11:14:02.835  2027  3266 D vendor.xiaomi.sensor.citsensorservice@2.0-service: handle id:10 wxh:1280x2400 uwxuh:1080x2400 size: 9216000 fd:15 fd_meta:16 flags:0x4000228 usage:0x33  format:0x3 layer_count: 1
12-22 11:14:02.836  1251  2216 I SDM     : HWCSession::SetCWBOutputBuffer: CWB config passed by cwb_client : tappoint 1  CWB_ROI : (829.000000 4.000000 915.000000 90.000000)
12-22 11:14:02.837  1251 30428 I SDM     : HWCSession::ProcessRequests: Successfully configured CWB buffer.
12-22 11:14:02.842  1251 30428 I SDM     : HWCSession::ProcessRequests: Pushing release fence in fenece wait queue.
12-22 11:14:02.843  1251 30428 I SDM     : HWCSession::ProcessRequests: Creating AsyncFenceWaits async thread.
12-22 11:14:02.843  1251 30428 I SDM     : HWCSession::ProcessRequests: Remove current CWB request from the pending request queue.
12-22 11:14:02.843  1251 30428 I SDM     : HWCSession::ProcessRequests: No pending cwb requests found in the queue.
12-22 11:14:02.849  1251  1467 I SDM     : HWDeviceDRM::SetupConcurrentWriteback: Tear down the Concurrent Writeback topology
12-22 11:14:02.857  1251 30429 I SDM     : HWCSession::NotifyCWBStatus: Notify the client about buffer status 0.
12-22 11:14:02.857  1251 30429 I SDM     : HWCSession::PerformFenceWaits: Remove current release fence from the pending fence wait queue.
12-22 11:14:02.857  1251 30429 I SDM     : HWCSession::PerformFenceWaits: CWB fence queue is empty. No pending release fence to wait on.
12-22 11:14:02.882  2027  3285 D libsensor-displayalgo: the value of  brightness:362.000000,R:72036278.010570,G:64405846.195409,B:51096803.996525,EVENT_C:3162.500000,EVENT_R:1255.500000,EVENT_G:1684.000000,EVENT_B:662.000000
12-22 11:14:02.883  2027  3285 I libsensor-displayalgo: the value of  Coef1:1107.681000,Coef4:2.383000, scale1:0.935522, scale4:0.923264
12-22 11:14:02.883  2027  3285 E libsensor-displayalgo: RGB_test_0407_400_oldzy!
12-22 11:14:02.884  2027  3285 I libsensor-displayalgo: the value of  RESULT2469.734022,1010.382267,1196.114831,426.298078
12-22 11:14:02.884  2027  3285 I libsensor-displayalgo: the value of  getChannelDataCalibrated2576.562988,937.964449,1378.385051,461.313064
12-22 11:14:02.884  2027  3285 I libsensor-displayalgo: the value of  REAL LUX26.983196
12-22 11:14:02.884  2027  3285 I libsensor-displayalgo: the value of  CAL REAL LUX26.983196
12-22 11:14:03.137  1251  2448 I vendor.qti.hardware.display.composer-service: FrameNotifyProcess Sensor: notify citsensorservice to trigger cwb
12-22 11:14:03.138  2027  2027 I libcitsensorservice@2.0-impl: msg_transfer
12-22 11:14:03.138  2027  3266 D vendor.xiaomi.sensor.citsensorservice@2.0-service: handle id:10 wxh:1280x2400 uwxuh:1080x2400 size: 9216000 fd:15 fd_meta:16 flags:0x4000228 usage:0x33  format:0x3 layer_count: 1
12-22 11:14:03.139  1251  2216 I SDM     : HWCSession::SetCWBOutputBuffer: CWB config passed by cwb_client : tappoint 1  CWB_ROI : (829.000000 4.000000 915.000000 90.000000)
12-22 11:14:03.140  1251 30430 I SDM     : HWCSession::ProcessRequests: Successfully configured CWB buffer.
12-22 11:14:03.148  1251 30430 I SDM     : HWCSession::ProcessRequests: Pushing release fence in fenece wait queue.
12-22 11:14:03.148  1251 30430 I SDM     : HWCSession::ProcessRequests: Creating AsyncFenceWaits async thread.
12-22 11:14:03.149  1251 30430 I SDM     : HWCSession::ProcessRequests: Remove current CWB request from the pending request queue.
12-22 11:14:03.149  1251 30430 I SDM     : HWCSession::ProcessRequests: No pending cwb requests found in the queue.
12-22 11:14:03.154  1251  1467 I SDM     : HWDeviceDRM::SetupConcurrentWriteback: Tear down the Concurrent Writeback topology
12-22 11:14:03.161  1251 30431 I SDM     : HWCSession::NotifyCWBStatus: Notify the client about buffer status 0.
12-22 11:14:03.162  1251 30431 I SDM     : HWCSession::PerformFenceWaits: Remove current release fence from the pending fence wait queue.
12-22 11:14:03.162  1251 30431 I SDM     : HWCSession::PerformFenceWaits: CWB fence queue is empty. No pending release fence to wait on.
12-22 11:14:03.182  2027  3285 D libsensor-displayalgo: the value of  brightness:362.000000,R:72035033.618040,G:64404733.033646,B:51095925.549162,EVENT_C:3168.000000,EVENT_R:1257.000000,EVENT_G:1687.500000,EVENT_B:663.500000
12-22 11:14:03.182  2027  3285 I libsensor-displayalgo: the value of  Coef1:1107.681000,Coef4:2.383000, scale1:0.935522, scale4:0.923264
12-22 11:14:03.182  2027  3285 E libsensor-displayalgo: RGB_test_0407_400_oldzy!
12-22 11:14:03.183  2027  3285 I libsensor-displayalgo: the value of  RESULT2469.707585,1010.370756,1196.103142,426.293243
12-22 11:14:03.183  2027  3285 I libsensor-displayalgo: the value of  getChannelDataCalibrated2576.535408,937.953763,1378.371581,461.307831
12-22 11:14:03.183  2027  3285 I libsensor-displayalgo: the value of  REAL LUX27.353933
12-22 11:14:03.183  2027  3285 I libsensor-displayalgo: the value of  CAL REAL LUX27.353933
12-22 11:14:03.442  1251  2448 I vendor.qti.hardware.display.composer-service: FrameNotifyProcess Sensor: notify citsensorservice to trigger cwb
12-22 11:14:03.443  2027  2027 I libcitsensorservice@2.0-impl: msg_transfer
12-22 11:14:03.444  2027  3266 D vendor.xiaomi.sensor.citsensorservice@2.0-service: handle id:10 wxh:1280x2400 uwxuh:1080x2400 size: 9216000 fd:15 fd_meta:16 flags:0x4000228 usage:0x33  format:0x3 layer_count: 1
12-22 11:14:03.444  1251  2216 I SDM     : HWCSession::SetCWBOutputBuffer: CWB config passed by cwb_client : tappoint 1  CWB_ROI : (829.000000 4.000000 915.000000 90.000000)
12-22 11:14:03.446  1251 30432 I SDM     : HWCSession::ProcessRequests: Successfully configured CWB buffer.
12-22 11:14:03.453  1251 30432 I SDM     : HWCSession::ProcessRequests: Pushing release fence in fenece wait queue.
12-22 11:14:03.453  1251 30432 I SDM     : HWCSession::ProcessRequests: Creating AsyncFenceWaits async thread.
12-22 11:14:03.453  1251 30432 I SDM     : HWCSession::ProcessRequests: Remove current CWB request from the pending request queue.
12-22 11:14:03.453  1251 30432 I SDM     : HWCSession::ProcessRequests: No pending cwb requests found in the queue.
12-22 11:14:03.458  1251  1467 I SDM     : HWDeviceDRM::SetupConcurrentWriteback: Tear down the Concurrent Writeback topology
12-22 11:14:03.465  1251 30433 I SDM     : HWCSession::NotifyCWBStatus: Notify the client about buffer status 0.
12-22 11:14:03.465  1251 30433 I SDM     : HWCSession::PerformFenceWaits: Remove current release fence from the pending fence wait queue.
12-22 11:14:03.465  1251 30433 I SDM     : HWCSession::PerformFenceWaits: CWB fence queue is empty. No pending release fence to wait on.
12-22 11:14:03.482  2027  3285 D libsensor-displayalgo: the value of  brightness:362.000000,R:72035033.618040,G:64404733.033646,B:51095925.549162,EVENT_C:3171.000000,EVENT_R:1259.000000,EVENT_G:1688.500000,EVENT_B:662.500000
12-22 11:14:03.482  2027  3285 I libsensor-displayalgo: the value of  Coef1:1107.681000,Coef4:2.383000, scale1:0.935522, scale4:0.923264
12-22 11:14:03.483  2027  3285 E libsensor-displayalgo: RGB_test_0407_400_oldzy!
12-22 11:14:03.483  2027  3285 I libsensor-displayalgo: the value of  RESULT2469.707585,1010.370756,1196.103142,426.293243
12-22 11:14:03.483  2027  3285 I libsensor-displayalgo: the value of  getChannelDataCalibrated2576.535408,937.953763,1378.371581,461.307831
12-22 11:14:03.483  2027  3285 I libsensor-displayalgo: the value of  REAL LUX27.616985
12-22 11:14:03.483  2027  3285 I libsensor-displayalgo: the value of  CAL REAL LUX27.616985
12-22 11:14:03.747  1251  2448 I vendor.qti.hardware.display.composer-service: FrameNotifyProcess Sensor: notify citsensorservice to trigger cwb
12-22 11:14:03.748  2027  2027 I libcitsensorservice@2.0-impl: msg_transfer
12-22 11:14:03.751  2027  3266 D vendor.xiaomi.sensor.citsensorservice@2.0-service: handle id:10 wxh:1280x2400 uwxuh:1080x2400 size: 9216000 fd:15 fd_meta:16 flags:0x4000228 usage:0x33  format:0x3 layer_count: 1
12-22 11:14:03.752  1251  2216 I SDM     : HWCSession::SetCWBOutputBuffer: CWB config passed by cwb_client : tappoint 1  CWB_ROI : (829.000000 4.000000 915.000000 90.000000)
12-22 11:14:03.753  1251 30434 I SDM     : HWCSession::ProcessRequests: Successfully configured CWB buffer.
12-22 11:14:03.758  1251 30434 I SDM     : HWCSession::ProcessRequests: Pushing release fence in fenece wait queue.
12-22 11:14:03.758  1251 30434 I SDM     : HWCSession::ProcessRequests: Creating AsyncFenceWaits async thread.
12-22 11:14:03.758  1251 30434 I SDM     : HWCSession::ProcessRequests: Remove current CWB request from the pending request queue.
12-22 11:14:03.758  1251 30434 I SDM     : HWCSession::ProcessRequests: No pending cwb requests found in the queue.
12-22 11:14:03.762  1251  1467 I SDM     : HWDeviceDRM::SetupConcurrentWriteback: Tear down the Concurrent Writeback topology
12-22 11:14:03.770  1251 30435 I SDM     : HWCSession::NotifyCWBStatus: Notify the client about buffer status 0.
12-22 11:14:03.770  1251 30435 I SDM     : HWCSession::PerformFenceWaits: Remove current release fence from the pending fence wait queue.
12-22 11:14:03.770  1251 30435 I SDM     : HWCSession::PerformFenceWaits: CWB fence queue is empty. No pending release fence to wait on.
12-22 11:14:03.782  2027  3285 D libsensor-displayalgo: the value of  brightness:362.000000,R:72035033.618040,G:64404733.033646,B:51095925.549162,EVENT_C:3174.000000,EVENT_R:1259.000000,EVENT_G:1690.000000,EVENT_B:663.500000
12-22 11:14:03.782  2027  3285 I libsensor-displayalgo: the value of  Coef1:1107.681000,Coef4:2.383000, scale1:0.935522, scale4:0.923264
12-22 11:14:03.782  2027  3285 E libsensor-displayalgo: RGB_test_0407_400_oldzy!
12-22 11:14:03.782  2027  3285 I libsensor-displayalgo: the value of  RESULT2469.707585,1010.370756,1196.103142,426.293243
12-22 11:14:03.782  2027  3285 I libsensor-displayalgo: the value of  getChannelDataCalibrated2576.535408,937.953763,1378.371581,461.307831
12-22 11:14:03.782  2027  3285 I libsensor-displayalgo: the value of  REAL LUX27.815725
12-22 11:14:03.782  2027  3285 I libsensor-displayalgo: the value of  CAL REAL LUX27.815725
12-22 11:14:04.058  1251  2448 I vendor.qti.hardware.display.composer-service: FrameNotifyProcess Sensor: notify citsensorservice to trigger cwb
12-22 11:14:04.059  2027  2027 I libcitsensorservice@2.0-impl: msg_transfer
12-22 11:14:04.059  2027  3266 D vendor.xiaomi.sensor.citsensorservice@2.0-service: handle id:10 wxh:1280x2400 uwxuh:1080x2400 size: 9216000 fd:15 fd_meta:16 flags:0x4000228 usage:0x33  format:0x3 layer_count: 1
12-22 11:14:04.060  1251  2216 I SDM     : HWCSession::SetCWBOutputBuffer: CWB config passed by cwb_client : tappoint 1  CWB_ROI : (829.000000 4.000000 915.000000 90.000000)
12-22 11:14:04.061  1251 30436 I SDM     : HWCSession::ProcessRequests: Successfully configured CWB buffer.
12-22 11:14:04.069  1251 30436 I SDM     : HWCSession::ProcessRequests: Pushing release fence in fenece wait queue.
12-22 11:14:04.069  1251 30436 I SDM     : HWCSession::ProcessRequests: Creating AsyncFenceWaits async thread.
12-22 11:14:04.070  1251 30436 I SDM     : HWCSession::ProcessRequests: Remove current CWB request from the pending request queue.
12-22 11:14:04.070  1251 30436 I SDM     : HWCSession::ProcessRequests: No pending cwb requests found in the queue.
12-22 11:14:04.075  1251  1467 I SDM     : HWDeviceDRM::SetupConcurrentWriteback: Tear down the Concurrent Writeback topology
12-22 11:14:04.082  1251 30437 I SDM     : HWCSession::NotifyCWBStatus: Notify the client about buffer status 0.
12-22 11:14:04.082  1251 30437 I SDM     : HWCSession::PerformFenceWaits: Remove current release fence from the pending fence wait queue.
12-22 11:14:04.082  1251 30437 I SDM     : HWCSession::PerformFenceWaits: CWB fence queue is empty. No pending release fence to wait on.
12-22 11:14:04.183  2027  3285 D libsensor-displayalgo: the value of  brightness:362.000000,R:72035033.618040,G:64404733.033646,B:51095925.549162,EVENT_C:3168.000000,EVENT_R:1257.500000,EVENT_G:1688.500000,EVENT_B:663.500000
