06-14 17:22:29.598  2018  3127 I libsensor-displayalgo: the value of  getChannelDataCalibrated2361.024730,816.959758,1297.263497,438.795860
06-14 17:22:29.598  2018  3127 I libsensor-displayalgo: the value of  REAL LUX300.246094
06-14 17:22:29.598  2018  3127 I libsensor-displayalgo: the value of  CAL REAL LUX300.246094
06-14 17:22:29.600 13815 13815 I HandWritingStubImpl: isKeyboardTypeChanged: false
06-14 17:22:29.616 13815 13815 I HandWritingStubImpl: isKeyboardTypeChanged: false
06-14 17:22:29.624 13815 13815 I HandWritingStubImpl: isKeyboardTypeChanged: false
06-14 17:22:29.665  2431  3377 W NsdServiceInfo: Key lengths > 9 are discouraged: commonData
06-14 17:22:29.666  1112  1142 W netd    : dnssd_clientstub DNSServiceProcessResult called with NULL DNSServiceRef
06-14 17:22:29.672  1112  1142 W netd    : dnssd_clientstub DNSServiceProcessResult called with NULL DNSServiceRef
06-14 17:22:29.673  2431  3377 E NsdService: id 423 for SERVICE_GET_ADDR_SUCCESS has no client mapping
06-14 17:22:29.675  2431  3377 E NsdService: Unhandled { when=-6ms what=393242 obj=com.android.server.NsdService$NativeEvent@62a53c9 target=com.android.internal.util.StateMachine$SmHandler }
06-14 17:22:29.678  6504 18727 W IDM-BonjourGovernor: apps is null
06-14 17:22:29.722 13815 13824 I cn.missevan: This is non sticky GC, maxfree is 8388608 minfree is 2097152
06-14 17:22:29.722 13815 13824 I cn.missevan: NativeAlloc concurrent copying GC freed 229743(15MB) AllocSpace objects, 44(1572KB) LOS objects, 47% free, 26MB/50MB, paused 95us,68us total 130.428ms
06-14 17:22:29.736 13672 13796 I appium  : AppiumResponse: {"sessionId":"6f052ff6-a7d6-495c-9b6c-0e28c167043c","value":{"ELEMENT":"00000000-0000-0231-ffff-ffff00000a93","element-6066-11e4-a52e-4f735466cecf":"00000000-0000-0231-ffff-ffff00000a93"}}
06-14 17:22:29.751 13672 13796 I appium  : channel read: POST /wd/hub/session/6f052ff6-a7d6-495c-9b6c-0e28c167043c/element
06-14 17:22:29.752 13672 13796 I appium  : FindElement command
06-14 17:22:29.755 13672 13796 I appium  : method: 'id', selector: 'cn.missevan:id/layout'
06-14 17:22:29.756 13672 13796 I appium  : Waiting up to 100ms for the device to idle
06-14 17:22:29.788  1265  2358 I vendor.qti.hardware.display.composer-service: FrameNotifyProcess Sensor: notify citsensorservice to trigger cwb
06-14 17:22:29.789  2018  2018 I libcitsensorservice@2.0-impl: msg_transfer
06-14 17:22:29.789  2018  3098 D vendor.xiaomi.sensor.citsensorservice@2.0-service: handle id:9 wxh:1280x2400 uwxuh:1080x2400 size: 9216000 fd:15 fd_meta:16 flags:0x4000228 usage:0x33  format:0x3 layer_count: 1
06-14 17:22:29.790  1265  1890 I SDM     : HWCSession::SetCWBOutputBuffer: CWB config passed by cwb_client : tappoint 1  CWB_ROI : (829.000000 4.000000 915.000000 90.000000)
06-14 17:22:29.792  1265 14948 I SDM     : HWCSession::ProcessRequests: Successfully configured CWB buffer.
06-14 17:22:29.799  1265 14948 I SDM     : HWCSession::ProcessRequests: Pushing release fence in fenece wait queue.
06-14 17:22:29.800  1265 14948 I SDM     : HWCSession::ProcessRequests: Creating AsyncFenceWaits async thread.
06-14 17:22:29.802  1265 14948 I SDM     : HWCSession::ProcessRequests: Remove current CWB request from the pending request queue.
06-14 17:22:29.803  1265 14948 I SDM     : HWCSession::ProcessRequests: No pending cwb requests found in the queue.
06-14 17:22:29.811  1265 14950 I SDM     : HWCSession::NotifyCWBStatus: Notify the client about buffer status 0.
06-14 17:22:29.811  1265  1584 I SDM     : HWDeviceDRM::SetupConcurrentWriteback: Tear down the Concurrent Writeback topology
06-14 17:22:29.813  1265 14950 I SDM     : HWCSession::PerformFenceWaits: Remove current release fence from the pending fence wait queue.
06-14 17:22:29.813  1265 14950 I SDM     : HWCSession::PerformFenceWaits: CWB fence queue is empty. No pending release fence to wait on.
06-14 17:22:29.897  2018  3127 D libsensor-displayalgo: the value of  brightness:438.000000,R:38541004.565426,G:35878802.176993,B:38381637.895586,EVENT_C:5995.000000,EVENT_R:2354.000000,EVENT_G:3005.000000,EVENT_B:1192.000000
06-14 17:22:29.898  2018  3127 I libsensor-displayalgo: the value of  Coef1:1107.681000,Coef4:2.383000, scale1:0.935522, scale4:0.923264
06-14 17:22:29.898  2018  3127 E libsensor-displayalgo: RGB_test_0407_400_oldzy!
06-14 17:22:29.898  2018  3127 I libsensor-displayalgo: the value of  RESULT1870.135939,740.664339,926.835739,330.128334
06-14 17:22:29.898  2018  3127 I libsensor-displayalgo: the value of  getChannelDataCalibrated1960.735438,685.997940,1077.265053,360.312862
06-14 17:22:29.898  2018  3127 I libsensor-displayalgo: the value of  REAL LUX241.979767
06-14 17:22:29.898  2018  3127 I libsensor-displayalgo: the value of  CAL REAL LUX241.979767
06-14 17:22:30.152 13672 13796 W QueryController: Could not detect idle state.
06-14 17:22:30.197  2018  3127 D libsensor-displayalgo: the value of  brightness:438.000000,R:38541004.565426,G:35878802.176993,B:38381637.895586,EVENT_C:5995.000000,EVENT_R:2354.000000,EVENT_G:3005.000000,EVENT_B:1192.000000
06-14 17:22:30.197  2018  3127 I libsensor-displayalgo: the value of  Coef1:1107.681000,Coef4:2.383000, scale1:0.935522, scale4:0.923264
06-14 17:22:30.197  2018  3127 E libsensor-displayalgo: RGB_test_0407_400_oldzy!
06-14 17:22:30.197  2018  3127 I libsensor-displayalgo: the value of  RESULT1870.135939,740.664339,926.835739,330.128334
06-14 17:22:30.197  2018  3127 I libsensor-displayalgo: the value of  getChannelDataCalibrated1960.735438,685.997940,1077.265053,360.312862
06-14 17:22:30.197  2018  3127 I libsensor-displayalgo: the value of  REAL LUX241.979767
06-14 17:22:30.197  2018  3127 I libsensor-displayalgo: the value of  CAL REAL LUX241.979767
06-14 17:22:30.243 13672 13796 I appium  : AppiumResponse: {"sessionId":"6f052ff6-a7d6-495c-9b6c-0e28c167043c","value":{"ELEMENT":"00000000-0000-0231-ffff-ffff00000abb","element-6066-11e4-a52e-4f735466cecf":"00000000-0000-0231-ffff-ffff00000abb"}}
06-14 17:22:30.263 13672 13796 I appium  : channel read: POST /wd/hub/session/6f052ff6-a7d6-495c-9b6c-0e28c167043c/element/00000000-0000-0231-ffff-ffff00000abb/click
06-14 17:22:30.265 13672 13796 I appium  : Click command
06-14 17:22:30.280  2431  5696 D MIUIInput: Input event injection from pid 13642, MotionEvent: DOWN
06-14 17:22:30.280  2431  2938 D MIUIInput: [MotionEvent] publisher action=0x4, 14037114, channel '7c87e50 NavigationBar0 (server)'
06-14 17:22:30.280  2431  2938 D MIUIInput: [MotionEvent] publisher action=0x0, 14037114, channel 'c5106db cn.missevan/cn.missevan.activity.MainActivity (server)'
06-14 17:22:30.282 13815 13815 D MIUIInput: [MotionEvent] ViewRootImpl windowName 'cn.missevan/cn.missevan.activity.MainActivity', { action=ACTION_DOWN, id[0]=0, pointerCount=1, eventTime=14037114, downTime=14037113, phoneEventTime=17:22:30.276 } moveCount:0
06-14 17:22:30.283  1265  2358 I vendor.qti.hardware.display.composer-service: FrameNotifyProcess Sensor: notify citsensorservice to trigger cwb
06-14 17:22:30.283  2018  2108 I libcitsensorservice@2.0-impl: msg_transfer
06-14 17:22:30.285  2018  3098 D vendor.xiaomi.sensor.citsensorservice@2.0-service: handle id:9 wxh:1280x2400 uwxuh:1080x2400 size: 9216000 fd:15 fd_meta:16 flags:0x4000228 usage:0x33  format:0x3 layer_count: 1
06-14 17:22:30.285  1265  1890 I SDM     : HWCSession::SetCWBOutputBuffer: CWB config passed by cwb_client : tappoint 1  CWB_ROI : (829.000000 4.000000 915.000000 90.000000)
06-14 17:22:30.285  2431  5696 D MIUIInput: Input event injection from pid 13642, MotionEvent: UP
06-14 17:22:30.286  2431  2938 D MIUIInput: [MotionEvent] publisher action=0x1, 14037114, channel 'c5106db cn.missevan/cn.missevan.activity.MainActivity (server)'
06-14 17:22:30.286 13815 13815 D MIUIInput: [MotionEvent] ViewRootImpl windowName 'cn.missevan/cn.missevan.activity.MainActivity', { action=ACTION_UP, id[0]=0, pointerCount=1, eventTime=14037114, downTime=14037113, phoneEventTime=17:22:30.275 } moveCount:0
06-14 17:22:30.287 13815 13815 E cn.missevan: No package ID ff found for ID 0xffffffff.
06-14 17:22:30.288  1265 14952 I SDM     : HWCSession::ProcessRequests: Successfully configured CWB buffer.
06-14 17:22:30.299  1265 14952 I SDM     : HWCSession::ProcessRequests: Pushing release fence in fenece wait queue.
06-14 17:22:30.299  1265 14952 I SDM     : HWCSession::ProcessRequests: Creating AsyncFenceWaits async thread.
06-14 17:22:30.300  1265 14952 I SDM     : HWCSession::ProcessRequests: Remove current CWB request from the pending request queue.
06-14 17:22:30.300  1265 14952 I SDM     : HWCSession::ProcessRequests: No pending cwb requests found in the queue.
06-14 17:22:30.304 13672 13796 I appium  : Waiting up to 100ms for the device to idle
06-14 17:22:30.306 13672 13796 I appium  : AppiumResponse: {"sessionId":"6f052ff6-a7d6-495c-9b6c-0e28c167043c","value":null}
06-14 17:22:30.306  1265  1584 I SDM     : HWDeviceDRM::SetupConcurrentWriteback: Tear down the Concurrent Writeback topology
06-14 17:22:30.309 14018 14018 I @@@BBPLOG: Info T847DE4F8 CPlayMain L330 It sets resume
06-14 17:22:30.312  1265 14953 I SDM     : HWCSession::NotifyCWBStatus: Notify the client about buffer status 0.
06-14 17:22:30.313  1265 14953 I SDM     : HWCSession::PerformFenceWaits: Remove current release fence from the pending fence wait queue.
06-14 17:22:30.313  1265 14953 I SDM     : HWCSession::PerformFenceWaits: CWB fence queue is empty. No pending release fence to wait on.
06-14 17:22:30.318 13672 13796 I appium  : channel read: POST /wd/hub/session/6f052ff6-a7d6-495c-9b6c-0e28c167043c/element
06-14 17:22:30.318 13672 13796 I appium  : FindElement command
06-14 17:22:30.319 13672 13796 I appium  : method: 'id', selector: 'cn.missevan:id/playViewsContainer'
06-14 17:22:30.320 13672 13796 I appium  : Waiting up to 100ms for the device to idle
06-14 17:22:30.363 13815 13815 I HandWritingStubImpl: isKeyboardTypeChanged: false
06-14 17:22:30.376 13815 13815 D IS_CTS_MODE: true
06-14 17:22:30.376 13815 13815 D MULTI_WINDOW_SWITCH_ENABLED: false
06-14 17:22:30.394  2431  4484 W InputManager-JNI: Input channel object '8d15def cn.missevan/cn.missevan.activity.MainActivity (client)' was disposed without first being removed with the input manager!
06-14 17:22:30.411 13815 13815 D DecorView[MainActivity]: getWindowModeFromSystem  windowmode is 1
06-14 17:22:30.411 13815 13815 D DecorView[MainActivity]: updateDecorCaptionStatus displayWindowDecor is false
06-14 17:22:30.416  2431  4484 I WindowManagerService: Physical orientation applied, rotation=0 sfOrientation=ORIENTATION_0
06-14 17:22:30.419 13815 13815 I HandWritingStubImpl: refreshLastKeyboardType: 1
06-14 17:22:30.420 13815 13815 I HandWritingStubImpl: getCurrentKeyboardType: 1
06-14 17:22:30.422 13581 13581 E BaseInputMethodService: onFinishInput
06-14 17:22:30.422 13581 13581 E BaseInputMethodService: onStartInput
06-14 17:22:30.423 13581 13581 E BaseInputMethodService: onComputeInsets
06-14 17:22:30.430 13815 13815 I HandWritingStubImpl: isKeyboardTypeChanged: false
06-14 17:22:30.437 13581 29149 D BLASTBufferQueue: releaseBufferCallback ReleaseCallbackId: bufferId:58329950847146 framenumber:16
06-14 17:22:30.439  5294  5333 W MiuiPerfServiceClient: interceptAndQueuing:13815|cn.missevan|112|107|14036360736935|Slow main thread|2
06-14 17:22:30.497  2018  3127 D libsensor-displayalgo: the value of  brightness:438.000000,R:38541004.565426,G:35878802.176993,B:38381637.895586,EVENT_C:5995.000000,EVENT_R:2353.000000,EVENT_G:3006.000000,EVENT_B:1192.500000
06-14 17:22:30.497  2018  3127 I libsensor-displayalgo: the value of  Coef1:1107.681000,Coef4:2.383000, scale1:0.935522, scale4:0.923264
06-14 17:22:30.497  2018  3127 E libsensor-displayalgo: RGB_test_0407_400_oldzy!
06-14 17:22:30.497  2018  3127 I libsensor-displayalgo: the value of  RESULT1870.135939,740.664339,926.835739,330.128334
06-14 17:22:30.497  2018  3127 I libsensor-displayalgo: the value of  getChannelDataCalibrated1960.735438,685.997940,1077.265053,360.312862
06-14 17:22:30.497  2018  3127 I libsensor-displayalgo: the value of  REAL LUX242.022339
06-14 17:22:30.497  2018  3127 I libsensor-displayalgo: the value of  CAL REAL LUX242.022339
06-14 17:22:30.507 13815 13815 I HandWritingStubImpl: refreshLastKeyboardType: 1
06-14 17:22:30.507 13815 13815 I HandWritingStubImpl: getCurrentKeyboardType: 1
06-14 17:22:30.509 13581 13581 E BaseInputMethodService: onFinishInput
06-14 17:22:30.509 13581 13581 E BaseInputMethodService: onStartInput
06-14 17:22:30.512 13581 13581 E BaseInputMethodService: onComputeInsets
06-14 17:22:30.515 13815 13815 I HandWritingStubImpl: isKeyboardTypeChanged: false
06-14 17:22:30.515 13815 13815 I HandWritingStubImpl: isKeyboardTypeChanged: false
06-14 17:22:30.521 13815 13815 I HandWritingStubImpl: isKeyboardTypeChanged: false
06-14 17:22:30.528 13581 29149 D BLASTBufferQueue: releaseBufferCallback ReleaseCallbackId: bufferId:58329950847145 framenumber:17
06-14 17:22:30.530 13815 13815 I HandWritingStubImpl: isKeyboardTypeChanged: false
06-14 17:22:30.537 13815 13815 I HandWritingStubImpl: isKeyboardTypeChanged: false
06-14 17:22:30.545 13815 13815 I HandWritingStubImpl: isKeyboardTypeChanged: false
06-14 17:22:30.553 13815 13815 I HandWritingStubImpl: isKeyboardTypeChanged: false
06-14 17:22:30.562 13815 13815 I HandWritingStubImpl: isKeyboardTypeChanged: false
06-14 17:22:30.570 13815 13815 I HandWritingStubImpl: isKeyboardTypeChanged: false
06-14 17:22:30.578 13815 13815 I HandWritingStubImpl: isKeyboardTypeChanged: false
06-14 17:22:30.585  1265  2358 I vendor.qti.hardware.display.composer-service: FrameNotifyProcess Sensor: notify citsensorservice to trigger cwb
06-14 17:22:30.585  2018  2018 I libcitsensorservice@2.0-impl: msg_transfer
06-14 17:22:30.586  2018  3098 D vendor.xiaomi.sensor.citsensorservice@2.0-service: handle id:9 wxh:1280x2400 uwxuh:1080x2400 size: 9216000 fd:15 fd_meta:16 flags:0x4000228 usage:0x33  format:0x3 layer_count: 1
06-14 17:22:30.586  1265  1890 I SDM     : HWCSession::SetCWBOutputBuffer: CWB config passed by cwb_client : tappoint 1  CWB_ROI : (829.000000 4.000000 915.000000 90.000000)
06-14 17:22:30.587 13815 13815 I HandWritingStubImpl: isKeyboardTypeChanged: false
06-14 17:22:30.587  1265 14954 I SDM     : HWCSession::ProcessRequests: Successfully configured CWB buffer.
06-14 17:22:30.595 13815 13815 I HandWritingStubImpl: isKeyboardTypeChanged: false
06-14 17:22:30.595  1265 14954 I SDM     : HWCSession::ProcessRequests: Pushing release fence in fenece wait queue.
06-14 17:22:30.595  1265 14954 I SDM     : HWCSession::ProcessRequests: Creating AsyncFenceWaits async thread.
06-14 17:22:30.595  1265 14954 I SDM     : HWCSession::ProcessRequests: Remove current CWB request from the pending request queue.
06-14 17:22:30.596  1265 14954 I SDM     : HWCSession::ProcessRequests: No pending cwb requests found in the queue.
06-14 17:22:30.601  1265  1584 I SDM     : HWDeviceDRM::SetupConcurrentWriteback: Tear down the Concurrent Writeback topology
06-14 17:22:30.603 13815 13815 I HandWritingStubImpl: isKeyboardTypeChanged: false
06-14 17:22:30.609  1265 14955 I SDM     : HWCSession::NotifyCWBStatus: Notify the client about buffer status 0.
06-14 17:22:30.610  1265 14955 I SDM     : HWCSession::PerformFenceWaits: Remove current release fence from the pending fence wait queue.
06-14 17:22:30.611  1265 14955 I SDM     : HWCSession::PerformFenceWaits: CWB fence queue is empty. No pending release fence to wait on.
06-14 17:22:30.611 13815 13815 I HandWritingStubImpl: isKeyboardTypeChanged: false
06-14 17:22:30.619 13815 13815 I HandWritingStubImpl: isKeyboardTypeChanged: false
06-14 17:22:30.628 13815 13815 I HandWritingStubImpl: isKeyboardTypeChanged: false
06-14 17:22:30.636 13815 13815 I HandWritingStubImpl: isKeyboardTypeChanged: false
06-14 17:22:30.644 13815 13815 I HandWritingStubImpl: isKeyboardTypeChanged: false
06-14 17:22:30.652 13815 13815 I HandWritingStubImpl: isKeyboardTypeChanged: false
06-14 17:22:30.661 13815 13815 I HandWritingStubImpl: isKeyboardTypeChanged: false
06-14 17:22:30.669 13815 13815 I HandWritingStubImpl: isKeyboardTypeChanged: false
06-14 17:22:30.677 13815 13815 I HandWritingStubImpl: isKeyboardTypeChanged: false
06-14 17:22:30.685 13815 13815 I HandWritingStubImpl: isKeyboardTypeChanged: false
06-14 17:22:30.694 13815 13815 I HandWritingStubImpl: isKeyboardTypeChanged: false
06-14 17:22:30.702 13815 13815 I HandWritingStubImpl: isKeyboardTypeChanged: false
06-14 17:22:30.711 13815 13815 I HandWritingStubImpl: isKeyboardTypeChanged: false
06-14 17:22:30.718 13815 13815 I HandWritingStubImpl: isKeyboardTypeChanged: false
06-14 17:22:30.726 13815 13815 I HandWritingStubImpl: isKeyboardTypeChanged: false
06-14 17:22:30.731 13672 13796 I appium  : AppiumResponse: {"sessionId":"6f052ff6-a7d6-495c-9b6c-0e28c167043c","value":{"ELEMENT":"00000000-0000-0231-ffff-ffff00000b41","element-6066-11e4-a52e-4f735466cecf":"00000000-0000-0231-ffff-ffff00000b41"}}
06-14 17:22:30.735 13815 13815 I HandWritingStubImpl: isKeyboardTypeChanged: false
06-14 17:22:30.743 13815 13815 I HandWritingStubImpl: isKeyboardTypeChanged: false
06-14 17:22:30.751 13815 13815 I HandWritingStubImpl: isKeyboardTypeChanged: false
06-14 17:22:30.759  6207  6207 I CNSS    : cnss_open_log_file: directory /data/vendor/wlan_logs/ created
06-14 17:22:30.759 13815 13815 I HandWritingStubImpl: isKeyboardTypeChanged: false
06-14 17:22:30.768 13815 13815 I HandWritingStubImpl: isKeyboardTypeChanged: false
06-14 17:22:30.776 13815 13815 I HandWritingStubImpl: isKeyboardTypeChanged: false
06-14 17:22:30.785 13815 13815 I HandWritingStubImpl: isKeyboardTypeChanged: false
06-14 17:22:30.793 13815 13815 I HandWritingStubImpl: isKeyboardTypeChanged: false
06-14 17:22:30.797  2018  3127 D libsensor-displayalgo: the value of  brightness:438.000000,R:74514329.776797,G:73445586.319106,B:74399114.036499,EVENT_C:6690.000000,EVENT_R:2574.500000,EVENT_G:3396.000000,EVENT_B:1345.500000
06-14 17:22:30.797  2018  3127 I libsensor-displayalgo: the value of  Coef1:1107.681000,Coef4:2.383000, scale1:0.935522, scale4:0.923264
06-14 17:22:30.797  2018  3127 E libsensor-displayalgo: RGB_test_0407_400_oldzy!
06-14 17:22:30.797  2018  3127 I libsensor-displayalgo: the value of  RESULT3021.020456,1196.963999,1463.497596,546.943967
06-14 17:22:30.797  2018  3127 I libsensor-displayalgo: the value of  getChannelDataCalibrated3167.375026,1108.619375,1701.029372,596.952535
06-14 17:22:30.797  2018  3127 I libsensor-displayalgo: the value of  REAL LUX209.654419
06-14 17:22:30.797  2018  3127 I libsensor-displayalgo: the value of  CAL REAL LUX209.654419
06-14 17:22:30.801 13815 13815 I HandWritingStubImpl: isKeyboardTypeChanged: false
06-14 17:22:30.821 13815 13815 I HandWritingStubImpl: isKeyboardTypeChanged: false
06-14 17:22:30.843 13815 13815 I HandWritingStubImpl: isKeyboardTypeChanged: false
06-14 17:22:30.854 13815 13815 I HandWritingStubImpl: isKeyboardTypeChanged: false
06-14 17:22:30.859 13815 13815 I HandWritingStubImpl: isKeyboardTypeChanged: false
06-14 17:22:30.867 13815 13815 I HandWritingStubImpl: isKeyboardTypeChanged: false
06-14 17:22:30.874 13815 13815 I HandWritingStubImpl: isKeyboardTypeChanged: false
06-14 17:22:30.878 14018 14018 I @@@BBPLOG: Info T847DE4F8 CPlayMain L283 The Session UUID: a5613ef0-2235-4c5b-9c1d-01c0d2a0a6c0
06-14 17:22:30.879 14018 14018 I @@@BBPLOG: Info T847DE4F8 bbPlayer L143 Open source: https://cn-ahwh-ct-01-05.bilivideo.com/mefmxcodeboss/aod/202011/07/749a44ed0e4b2c0ccb9c960e94035c5a104613-128k.m4a?e=ig8euxZM2rNcNbdlhoNvNC8BqJIzNbfqXBvEuENvNC8aNEVEtEvE9IMvXBvE2ENvNCImNEVEIj0Y2J_aug859r1qXg8xNEVE5XREto8GuFGv2U7SuxI72X6fTr859IB_&uipk=5&nbs=1&deadline=1686741750&gen=playurlv2&os=bcache&oi=3729190097&trid=00001e4be68206624926857676fb0566cb11B&mid=0&platform=android&upsig=61f1949c1e0d58f78733a5544b878f5f&uparams=e,uipk,nbs,deadline,gen,os,oi,trid,mid,platform&cdnid=63405&bvc=vod&nettype=0&orderid=0,1&logo=00000000
06-14 17:22:30.881 14018 14225 I @@@BBPLOG: Info TAA2D1CB0 CPlayMain L707 Open task cache enable
06-14 17:22:30.883 13815 13815 I HandWritingStubImpl: isKeyboardTypeChanged: false
06-14 17:22:30.887  2431  5696 D ConnectivityService: requestNetwork for uid/pid:10486/14018 activeRequest: null callbackRequest: 796 [NetworkRequest [ REQUEST id=797, [ Capabilities: INTERNET&NOT_RESTRICTED&TRUSTED&NOT_VCN_MANAGED Uid: 10486 RequestorUid: 10486 RequestorPkg: cn.missevan] ]] callback flags: 0 priority: 2147483647
06-14 17:22:30.887  2431  3373 D ConnectivityService: NetReassign [797 : null → 100]
06-14 17:22:30.888  2431  3346 D WifiNetworkFactory: got request NetworkRequest [ REQUEST id=797, [ Capabilities: INTERNET&NOT_RESTRICTED&TRUSTED&NOT_VCN_MANAGED Uid: 10486 RequestorUid: 10486 RequestorPkg: cn.missevan] ]
06-14 17:22:30.889 14018 14225 I @@@BBPLOG: Info TAA2D1CB0 CFileSrc L53 Open url: https://cn-ahwh-ct-01-05.bilivideo.com/mefmxcodeboss/aod/202011/07/749a44ed0e4b2c0ccb9c960e94035c5a104613-128k.m4a?e=ig8euxZM2rNcNbdlhoNvNC8BqJIzNbfqXBvEuENvNC8aNEVEtEvE9IMvXBvE2ENvNCImNEVEIj0Y2J_aug859r1qXg8xNEVE5XREto8GuFGv2U7SuxI72X6fTr859IB_&uipk=5&nbs=1&deadline=1686741750&gen=playurlv2&os=bcache&oi=3729190097&trid=00001e4be68206624926857676fb0566cb11B&mid=0&platform=android&upsig=61f1949c1e0d58f78733a5544b878f5f&uparams=e,uipk,nbs,deadline,gen,os,oi,trid,mid,platform&cdnid=63405&bvc=vod&nettype=0&orderid=0,1&logo=00000000, flag: 0x1000
06-14 17:22:30.889 14018 14225 I @@@BBPLOG: Info TAA2D1CB0 CBPMFileIO L76 Get .bpm cache, header size: 671, media size: 1528161, cache chunk size: 262144, cached chunk cnt: 6, cache chunk cnt: 6
06-14 17:22:30.889 14018 14225 I @@@BBPLOG: Info TAA2D1CB0 CCacheIO L224 Read from cache, file name /data/user/0/cn.missevan/cache/bbp/player/main/08ffebf1fbe39343f4454bec538160dd.bpm
06-14 17:22:30.889 14018 14225 I @@@BBPLOG: Info TAA2D1CB0 CCacheIO L238 Open done, IOProtocol: file+cache
06-14 17:22:30.889  2431  3346 D UntrustedWifiNetworkFactory: got request NetworkRequest [ REQUEST id=797, [ Capabilities: INTERNET&NOT_RESTRICTED&TRUSTED&NOT_VCN_MANAGED Uid: 10486 RequestorUid: 10486 RequestorPkg: cn.missevan] ]
06-14 17:22:30.889  2431  3346 D OemPaidWifiNetworkFactory: got request NetworkRequest [ REQUEST id=797, [ Capabilities: INTERNET&NOT_RESTRICTED&TRUSTED&NOT_VCN_MANAGED Uid: 10486 RequestorUid: 10486 RequestorPkg: cn.missevan] ]
06-14 17:22:30.891 13815 13815 I HandWritingStubImpl: isKeyboardTypeChanged: false
06-14 17:22:30.894 14018 14225 I @@@BBPLOG: Info TAA2D1CB0 CSrcEng L115 The source format is: 1, size: 262144, 70797466
06-14 17:22:30.895 14018 14225 I @@@BBPLOG: Info TAA2D1CB0 BBPFuncLog L113 ----CMP4ParserBase::ReadBoxMoov Value is 00000000 start.
06-14 17:22:30.895 14018 14225 I @@@BBPLOG: Info TAA2D1CB0 BBPFuncLog L140 ----CMP4ParserBase::ReadBoxMoov leave! no return. Ussed Time: 1
06-14 17:22:30.897  1265  2358 I vendor.qti.hardware.display.composer-service: FrameNotifyProcess Sensor: notify citsensorservice to trigger cwb
06-14 17:22:30.897  2018  3874 I libcitsensorservice@2.0-impl: msg_transfer
06-14 17:22:30.897  2018  3098 D vendor.xiaomi.sensor.citsensorservice@2.0-service: handle id:9 wxh:1280x2400 uwxuh:1080x2400 size: 9216000 fd:15 fd_meta:16 flags:0x4000228 usage:0x33  format:0x3 layer_count: 1
06-14 17:22:30.898  1265  1890 I SDM     : HWCSession::SetCWBOutputBuffer: CWB config passed by cwb_client : tappoint 1  CWB_ROI : (829.000000 4.000000 915.000000 90.000000)
06-14 17:22:30.899 13815 13815 I HandWritingStubImpl: isKeyboardTypeChanged: false
06-14 17:22:30.900 14018 14962 I @@@BBPLOG: Info TAF3A7CB0 CAudioTrackRnd L40 Create audio render: CAudioTrackRnd
06-14 17:22:30.900 14018 14962 I @@@BBPLOG: Info TAF3A7CB0 CAudioTrackRnd L73 Init audio, sample rate: 44100, channels: 2, sizePerSecond: 176400
06-14 17:22:30.901 14018 14956 I @@@BBPLOG: Info TAF711CB0 CRndNDK L129 First Frame: 17 ms, dns: 0 ms, req: 0 ms, rsp: 0 ms, dat: 0 ms
06-14 17:22:30.902  1265 14961 I SDM     : HWCSession::ProcessRequests: Successfully configured CWB buffer.
06-14 17:22:30.903  1383  2165 D APM_AudioPolicyManager: selectOutput flags 8
06-14 17:22:30.906  1383  2222 D AudioFlinger: updateWakeLockUids_l AudioOut_15 uids:
06-14 17:22:30.907  1383  2222 D AudioFlinger: PlaybackThread::ioConfigChanged, thread 0xb400007df10b4240, event 0
06-14 17:22:30.907  1383  2199 D AudioFlinger: updateWakeLockUids_l AudioOut_D uids:
06-14 17:22:30.907  1383  2199 D AudioFlinger: PlaybackThread::ioConfigChanged, thread 0xb400007e18137c80, event 0
06-14 17:22:30.907  1265 14961 I SDM     : HWCSession::ProcessRequests: Pushing release fence in fenece wait queue.
06-14 17:22:30.907  1265 14961 I SDM     : HWCSession::ProcessRequests: Creating AsyncFenceWaits async thread.
06-14 17:22:30.907  1265 14961 I SDM     : HWCSession::ProcessRequests: Remove current CWB request from the pending request queue.
06-14 17:22:30.907  1265 14961 I SDM     : HWCSession::ProcessRequests: No pending cwb requests found in the queue.
06-14 17:22:30.907 13815 13815 I HandWritingStubImpl: isKeyboardTypeChanged: false
06-14 17:22:30.908  1174  4973 D DlbDlbEffect: effectCommand(handle=0xb40000715496f110, cmdCode=10, cmdSize=8, pCmdData=0xb400007152c12168, replySize=0, pReplyData=0x0)
06-14 17:22:30.908  1174  4973 V DlbDlbEffect: handle_EFFECT_CMD_SET_VOLUME(vl=16777216, vr=16777216)
06-14 17:22:30.913  1383  2230 D AudioFlinger: updateWakeLockUids_l AudioOut_1D uids:
06-14 17:22:30.913  1383  2232 D AudioFlinger: updateWakeLockUids_l AudioOut_25 uids:
06-14 17:22:30.913  1383  2242 D AudioFlinger: updateWakeLockUids_l AudioOut_55 uids:
06-14 17:22:30.914  1383  2242 D AudioFlinger: PlaybackThread::ioConfigChanged, thread 0xb400007deb818e80, event 0
06-14 17:22:30.914  1383  2232 D AudioFlinger: PlaybackThread::ioConfigChanged, thread 0xb400007df1289740, event 0
06-14 17:22:30.914  1383  2230 D AudioFlinger: PlaybackThread::ioConfigChanged, thread 0xb400007df1184c80, event 0
06-14 17:22:30.914  1383  2240 D AudioFlinger: updateWakeLockUids_l AudioOut_45 uids:
06-14 17:22:30.914  1383  2240 D AudioFlinger: PlaybackThread::ioConfigChanged, thread 0xb400007deb7c7f00, event 0
06-14 17:22:30.914  1265  1584 I SDM     : HWDeviceDRM::SetupConcurrentWriteback: Tear down the Concurrent Writeback topology
06-14 17:22:30.916 13815 13815 I HandWritingStubImpl: isKeyboardTypeChanged: false
06-14 17:22:30.917  1383  2165 D APM_AudioPolicyManager: selectOutput flags 8
06-14 17:22:30.918  1383  2165 D APM_AudioPolicyManager: selectOutput flags 8
06-14 17:22:30.918 14018 14962 I @@@BBPLOG: Info TAF3A7CB0 CAudioTrackRnd L148 The audio track offset time is: 180, sys offset time is: 0
06-14 17:22:30.918 14018 14962 I @@@BBPLOG: Info TAF3A7CB0 CAudioTrackRnd L172 Create an AudioTrack using the new api from api 21, with usage: 1
06-14 17:22:30.918 14018 14962 D AudioTrack: set(sessionId=0)
06-14 17:22:30.918 14018 14962 D AudioTrack: set(): streamType -1, sampleRate 44100, format 0x1, channelMask 0x3, frameCount 3536, flags #0, notificationFrames 0, sessionId 0, transferType 3, uid 10486(cn.missevan), pid 14018
06-14 17:22:30.924 13815 13815 I HandWritingStubImpl: isKeyboardTypeChanged: false
06-14 17:22:30.924  1265 14963 I SDM     : HWCSession::NotifyCWBStatus: Notify the client about buffer status 0.
06-14 17:22:30.924  1265 14963 I SDM     : HWCSession::PerformFenceWaits: Remove current release fence from the pending fence wait queue.
06-14 17:22:30.924  1265 14963 I SDM     : HWCSession::PerformFenceWaits: CWB fence queue is empty. No pending release fence to wait on.
06-14 17:22:30.931  1383  2165 D MediaImpl: setPlaybackCaptureAllowed: playbackCaptureAllowed 0
06-14 17:22:30.932 13815 13815 I HandWritingStubImpl: isKeyboardTypeChanged: false
06-14 17:22:30.936  1383  2165 D APM_AudioPolicyManager: getOutputForAttrInt()+ attributes={ Content type: AUDIO_CONTENT_TYPE_MUSIC Usage: AUDIO_USAGE_MEDIA Source: AUDIO_SOURCE_INVALID Flags: 0xc00 Tags:  } stream=AUDIO_STREAM_MUSIC session 601 output 0 selectedDeviceId 0 device AUDIO_DEVICE_NONE sampling rate 44100 format 0x1channel mask 0x3 flags 0 stream AUDIO_STREAM_MUSIC uid 10486
06-14 17:22:30.936  1383  2165 D APM_AudioPolicyManager: getOutputForAttrInt() device {type:0x2,@:}, sampling rate 44100, format 0x1, channel mask 0x3, flags 0 stream AUDIO_STREAM_MUSIC
06-14 17:22:30.937  1174  1224 D AHAL: FM: fm_get_parameters: 232: enter
06-14 17:22:30.937  1174  1224 D AHAL: FM: fm_get_parameters: 239: exit
06-14 17:22:30.937  1174  1224 D AHAL: Loopback_karaoke: karaoke_get_parameters: Enter
06-14 17:22:30.937  1174  1224 D AHAL: Loopback_karaoke: karaoke_get_parameters: Exit
06-14 17:22:30.938  1174  1224 D AHAL: FM: fm_get_parameters: 232: enter
06-14 17:22:30.938  1174  1224 D AHAL: FM: fm_get_parameters: 239: exit
06-14 17:22:30.938  1174  1224 D AHAL: Loopback_karaoke: karaoke_get_parameters: Enter
06-14 17:22:30.938  1174  1224 D AHAL: Loopback_karaoke: karaoke_get_parameters: Exit
06-14 17:22:30.939  1383  2165 I AudioPolicyManagerCustom: setting force DEEP buffer now
06-14 17:22:30.939  1383  2165 D APM_AudioPolicyManager: selectOutput flags 8
06-14 17:22:30.939  1383  2165 V AudioPolicyManagerCustom: getOutputForDevice() returns output 37
06-14 17:22:30.939  1383  2165 D APM_AudioPolicyManager: getOutputForAttrInt()- attributes={ Content type: AUDIO_CONTENT_TYPE_MUSIC Usage: AUDIO_USAGE_MEDIA Source: AUDIO_SOURCE_INVALID Flags: 0xc00 Tags:  } stream=AUDIO_STREAM_MUSIC session 601 output 37 selectedDeviceId 0 device {type:0x2,@:} sampling rate 44100 format 0x1channel mask 0x3 flags 0x8 stream AUDIO_STREAM_MUSIC uid 10486
06-14 17:22:30.939  1383  2165 D APM_AudioPolicyManager: getOutputForAttr() returns output 37 requestedPortId 0 selectedDeviceId 3 for port ID 98
06-14 17:22:30.940 13815 13815 I HandWritingStubImpl: isKeyboardTypeChanged: false
06-14 17:22:30.942  3844  4724 V Avrcp_ext: onMetadataChanged
06-14 17:22:30.942  1383  2165 I AudioFlinger: create audiotrack for cn.missevan  uid 10486
06-14 17:22:30.942  1383  2165 D AudioFlinger: Client defaulted notificationFrames to 1768 for frameCount 3536
06-14 17:22:30.943  3844  4724 V Avrcp_ext: updateCurrentMediaState: mMediaController: MediaController (cn.missevan@ac0ceaa) 他似晨风起 | 预告, null, null
06-14 17:22:30.943  3844  4724 V Avrcp_ext: updateCurrentMediaState: isPlaying = false
06-14 17:22:30.943  3844  4724 W Avrcp_ext: isMusicActive: false getBluetoothPlayState: 0 A2dp State: 11 mAudioPlaybackIsActive: false
06-14 17:22:30.944  3844  4724 D Avrcp_ext: isMusicActive = false mAudioPlaybackIsActive = false player state = PlaybackState {state=0, position=0, buffered position=0, speed=0.0, updated=0, actions=894, custom actions=[], active item id=-1, error=null}
06-14 17:22:30.944  3844  4724 D Avrcp_ext: overwrite album_artist :if album is blank
06-14 17:22:30.945  3844  4724 I Avrcp_ext: Skipping update due to invalid playback state
06-14 17:22:30.946  3844  4724 V Avrcp_ext: updatePlaybackState, state: PlaybackState {state=0, position=0, buffered position=0, speed=0.0, updated=0, actions=894, custom actions=[], active item id=-1, error=null} device: null
06-14 17:22:30.946  3844  4724 V Avrcp_ext: Device: no name:
06-14 17:22:30.946  3844  4724 V Avrcp_ext: Device: no name:
06-14 17:22:30.946  3844  4724 V Avrcp_ext: Device: no name:
06-14 17:22:30.946  3844  4724 V Avrcp_ext: Device: no name:
06-14 17:22:30.946  3844  4724 V Avrcp_ext: Device: no name:
06-14 17:22:30.946  3844  4724 V Avrcp_ext: updatePlayerStateAndPosition, old=PlaybackState {state=0, position=0, buffered position=0, speed=0.0, updated=0, actions=894, custom actions=[], active item id=-1, error=null}, state=PlaybackState {state=0, position=0, buffered position=0, speed=0.0, updated=0, actions=894, custom actions=[], active item id=-1, error=null}
06-14 17:22:30.946  3844  4724 V Avrcp_ext: old state = PlaybackState {state=0, position=0, buffered position=0, speed=0.0, updated=0, actions=894, custom actions=[], active item id=-1, error=null}, new state= PlaybackState {state=0, position=0, buffered position=0, speed=0.0, updated=0, actions=894, custom actions=[], active item id=-1, error=null}
06-14 17:22:30.946  3844  4724 D HeadsetService: getHeadsetService(): returning com.android.bluetooth.hfp.HeadsetService@7e2faf
06-14 17:22:30.946  3844  4724 D HeadsetService:  isAudioOn: The number of audio connected devices 0
06-14 17:22:30.946  3844  4724 D HeadsetService: isScoOrCallActive(): Call Active:falseCall is Ringing:falseSCO is Active:false
06-14 17:22:30.946  3844  4724 D HeadsetService:  isAudioOn: The number of audio connected devices 0
06-14 17:22:30.946  3844  4724 I Avrcp_ext: updatePlayStatusForDevice: device: null
06-14 17:22:30.946  3844  4724 V Avrcp_ext: updatePlaybackState (1): old=PlaybackState {state=0, position=0, buffered position=0, speed=0.0, updated=0, actions=894, custom actions=[], active item id=-1, error=null}(0), new=PlaybackState {state=0, position=0, buffered position=0, speed=0.0, updated=0, actions=894, custom actions=[], active item id=-1, error=null}(0)
06-14 17:22:30.946  3844  4724 I Avrcp_ext: Exit updatePlayStatusForDevice
06-14 17:22:30.946  3844  4724 D HeadsetService:  isAudioOn: The number of audio connected devices 0
06-14 17:22:30.946  3844  4724 D HeadsetService: isScoOrCallActive(): Call Active:falseCall is Ringing:falseSCO is Active:false
06-14 17:22:30.946  3844  4724 D HeadsetService:  isAudioOn: The number of audio connected devices 0
06-14 17:22:30.946  3844  4724 I Avrcp_ext: updatePlayStatusForDevice: device: null
06-14 17:22:30.946  3844  4724 V Avrcp_ext: updatePlaybackState (1): old=PlaybackState {state=0, position=0, buffered position=0, speed=0.0, updated=0, actions=894, custom actions=[], active item id=-1, error=null}(0), new=PlaybackState {state=0, position=0, buffered position=0, speed=0.0, updated=0, actions=894, custom actions=[], active item id=-1, error=null}(0)
06-14 17:22:30.946  3844  4724 I Avrcp_ext: Exit updatePlayStatusForDevice
06-14 17:22:30.946  3844  4724 D HeadsetService:  isAudioOn: The number of audio connected devices 0
06-14 17:22:30.946  3844  4724 D HeadsetService: isScoOrCallActive(): Call Active:falseCall is Ringing:falseSCO is Active:false
06-14 17:22:30.946  3844  4724 D HeadsetService:  isAudioOn: The number of audio connected devices 0
06-14 17:22:30.946  3844  4724 I Avrcp_ext: updatePlayStatusForDevice: device: null
06-14 17:22:30.946  3844  4724 V Avrcp_ext: updatePlaybackState (1): old=PlaybackState {state=0, position=0, buffered position=0, speed=0.0, updated=0, actions=894, custom actions=[], active item id=-1, error=null}(0), new=PlaybackState {state=0, position=0, buffered position=0, speed=0.0, updated=0, actions=894, custom actions=[], active item id=-1, error=null}(0)
06-14 17:22:30.946  3844  4724 I Avrcp_ext: Exit updatePlayStatusForDevice
06-14 17:22:30.946  3844  4724 D HeadsetService:  isAudioOn: The number of audio connected devices 0
06-14 17:22:30.946  3844  4724 D HeadsetService: isScoOrCallActive(): Call Active:falseCall is Ringing:falseSCO is Active:false
06-14 17:22:30.946  3844  4724 D HeadsetService:  isAudioOn: The number of audio connected devices 0
06-14 17:22:30.946  3844  4724 I Avrcp_ext: updatePlayStatusForDevice: device: null
06-14 17:22:30.946  3844  4724 V Avrcp_ext: updatePlaybackState (1): old=PlaybackState {state=0, position=0, buffered position=0, speed=0.0, updated=0, actions=894, custom actions=[], active item id=-1, error=null}(0), new=PlaybackState {state=0, position=0, buffered position=0, speed=0.0, updated=0, actions=894, custom actions=[], active item id=-1, error=null}(0)
06-14 17:22:30.946  3844  4724 I Avrcp_ext: Exit updatePlayStatusForDevice
06-14 17:22:30.946  3844  4724 D HeadsetService:  isAudioOn: The number of audio connected devices 0
06-14 17:22:30.946  3844  4724 D HeadsetService: isScoOrCallActive(): Call Active:falseCall is Ringing:falseSCO is Active:false
06-14 17:22:30.946  3844  4724 D HeadsetService:  isAudioOn: The number of audio connected devices 0
06-14 17:22:30.946  3844  4724 I Avrcp_ext: updatePlayStatusForDevice: device: null
06-14 17:22:30.946  3844  4724 V Avrcp_ext: updatePlaybackState (1): old=PlaybackState {state=0, position=0, buffered position=0, speed=0.0, updated=0, actions=894, custom actions=[], active item id=-1, error=null}(0), new=PlaybackState {state=0, position=0, buffered position=0, speed=0.0, updated=0, actions=894, custom actions=[], active item id=-1, error=null}(0)
06-14 17:22:30.946  3844  4724 I Avrcp_ext: Exit updatePlayStatusForDevice
06-14 17:22:30.946  3844  4724 D Avrcp_ext: Enter sendPlayPosNotificationRsp
06-14 17:22:30.946  3844  4724 D Avrcp_ext: sendPlayPosNotificationRsp: Not registered or requesting.
06-14 17:22:30.946  3844  4724 D Avrcp_ext: Enter sendPlayPosNotificationRsp
06-14 17:22:30.946  3844  4724 D Avrcp_ext: sendPlayPosNotificationRsp: Not registered or requesting.
06-14 17:22:30.946  3844  4724 D Avrcp_ext: Enter sendPlayPosNotificationRsp
06-14 17:22:30.946  3844  4724 D Avrcp_ext: sendPlayPosNotificationRsp: Not registered or requesting.
06-14 17:22:30.946  3844  4724 D Avrcp_ext: Enter sendPlayPosNotificationRsp
06-14 17:22:30.946  3844  4724 D Avrcp_ext: sendPlayPosNotificationRsp: Not registered or requesting.
06-14 17:22:30.946  3844  4724 D Avrcp_ext: Enter sendPlayPosNotificationRsp
06-14 17:22:30.946  3844  4724 D Avrcp_ext: sendPlayPosNotificationRsp: Not registered or requesting.
06-14 17:22:30.946  3844  4724 V Avrcp_ext: Exit updatePlayerStateAndPosition
06-14 17:22:30.947  1383  2165 D AF::TrackHandle: OpPlayAudio: track:114 usage:1 not muted
06-14 17:22:30.948 13815 13815 I HandWritingStubImpl: isKeyboardTypeChanged: false
06-14 17:22:30.957 13815 13815 I HandWritingStubImpl: isKeyboardTypeChanged: false
06-14 17:22:30.957  1383  2165 I AudioFlinger: create audiotrack for cn.missevan  uid 10486
06-14 17:22:30.957  1383  2165 I AF::Track: isInWhiteList curPkgName cn.missevan  uid 10486
06-14 17:22:30.957  1383  2165 D AF::Track: Track(114): usage = 1 mbIsAttrNeedFade = 0
06-14 17:22:30.958  1383  2165 D AudioFlinger: before exit flags=0
06-14 17:22:30.958  1383  2165 D AudioFlinger: [APM] reScheduleCpu()  audioCpuSet = 0xf8
06-14 17:22:30.959  1174  1224 D AHAL: AudioStream: astream_out_get_parameters: 839: enter
06-14 17:22:30.959  1174  1224 D AHAL: AudioStream: astream_out_get_parameters: 861: keys: is_direct_pcm_track
06-14 17:22:30.959  1174  1224 D AHAL: AudioStream: astream_out_get_parameters: 898: exit: returns - is_direct_pcm_track=false
06-14 17:22:30.960  5809  5809 I Cir_Miplay_ActiveAudioSessionManager: dispatchTopActiveSessionChangeCallbackLocked, size:1
06-14 17:22:30.960  3844  4724 V Avrcp_ext: onMetadataChanged
06-14 17:22:30.960  5809  5809 I Cir_Miplay_MiPlayAudioService: onTopActiveSessionChange, cn.missevan
06-14 17:22:30.960  5809  5809 I Cir_Miplay_MiPlayAudioService: topActiveSessionChange appId:cn.missevan
06-14 17:22:30.960  5809  5809 I Cir_Miplay_MiPlayAudioStatUtils: recordPackageName:cn.missevan
06-14 17:22:30.960  5809  5809 I Cir_Miplay_MiPlayAudioStatUtils: packageNameEquals.
06-14 17:22:30.960  5809  5809 I Cir_Miplay_ActiveSessionRecord: dispatch meta change, MediaMetaData{mArtist='null', mAlbum='null', mTitle='他似晨风起 | 预告', mArt=valid, mDuration=90044, mLrc='null'}
06-14 17:22:30.961  5809  5809 I Cir_Miplay_MiPlayAudioService: dispatchMetaChange:cn.missevan  ActiveSsionPackageName:cn.missevan
06-14 17:22:30.963  3844  4724 V Avrcp_ext: updateCurrentMediaState: mMediaController: MediaController (cn.missevan@ac0ceaa) 他似晨风起 | 预告, null, null
06-14 17:22:30.963  3844  4724 V Avrcp_ext: updateCurrentMediaState: isPlaying = false
06-14 17:22:30.963  3844  4724 W Avrcp_ext: isMusicActive: false getBluetoothPlayState: 0 A2dp State: 11 mAudioPlaybackIsActive: false
06-14 17:22:30.964  3844  4724 D Avrcp_ext: isMusicActive = false mAudioPlaybackIsActive = false player state = PlaybackState {state=0, position=0, buffered position=0, speed=0.0, updated=0, actions=894, custom actions=[], active item id=-1, error=null}
06-14 17:22:30.965 13815 13815 I HandWritingStubImpl: isKeyboardTypeChanged: false
06-14 17:22:30.965 14018 14962 D AudioTrack: isWhiteListPackage() Uid 10486, package name cn.missevan
06-14 17:22:30.966  3844  4724 D Avrcp_ext: overwrite album_artist :if album is blank
06-14 17:22:30.967  3844  4724 I Avrcp_ext: Skipping update due to invalid playback state
06-14 17:22:30.968  3844  4724 V Avrcp_ext: updatePlaybackState, state: PlaybackState {state=0, position=0, buffered position=0, speed=0.0, updated=0, actions=894, custom actions=[], active item id=-1, error=null} device: null
06-14 17:22:30.968  3844  4724 V Avrcp_ext: Device: no name:
06-14 17:22:30.968 14018 14962 D AudioTrack: [APM]-AT reScheduleCpu() cpuSet=248 tid=14964
06-14 17:22:30.968  3844  4724 V Avrcp_ext: Device: no name:
06-14 17:22:30.968  3844  4724 V Avrcp_ext: Device: no name:
06-14 17:22:30.968  3844  4724 V Avrcp_ext: Device: no name:
06-14 17:22:30.968  3844  4724 V Avrcp_ext: Device: no name:
06-14 17:22:30.968  3844  4724 V Avrcp_ext: updatePlayerStateAndPosition, old=PlaybackState {state=0, position=0, buffered position=0, speed=0.0, updated=0, actions=894, custom actions=[], active item id=-1, error=null}, state=PlaybackState {state=0, position=0, buffered position=0, speed=0.0, updated=0, actions=894, custom actions=[], active item id=-1, error=null}
06-14 17:22:30.968  3844  4724 V Avrcp_ext: old state = PlaybackState {state=0, position=0, buffered position=0, speed=0.0, updated=0, actions=894, custom actions=[], active item id=-1, error=null}, new state= PlaybackState {state=0, position=0, buffered position=0, speed=0.0, updated=0, actions=894, custom actions=[], active item id=-1, error=null}
06-14 17:22:30.968  5809 14611 I Cir_Miplay_MiPlayAudioService: dispatchMetaChange:MediaMetaData{mArtist='null', mAlbum='null', mTitle='他似晨风起 | 预告', mArt=valid, mDuration=90044, mLrc='null'}
06-14 17:22:30.968  3844  4724 D HeadsetService: getHeadsetService(): returning com.android.bluetooth.hfp.HeadsetService@7e2faf
06-14 17:22:30.968  3844  4724 D HeadsetService:  isAudioOn: The number of audio connected devices 0
06-14 17:22:30.968  3844  4724 D HeadsetService: isScoOrCallActive(): Call Active:falseCall is Ringing:falseSCO is Active:false
06-14 17:22:30.968  3844  4724 D HeadsetService:  isAudioOn: The number of audio connected devices 0
06-14 17:22:30.968  3844  4724 I Avrcp_ext: updatePlayStatusForDevice: device: null
06-14 17:22:30.968  3844  4724 V Avrcp_ext: updatePlaybackState (1): old=PlaybackState {state=0, position=0, buffered position=0, speed=0.0, updated=0, actions=894, custom actions=[], active item id=-1, error=null}(0), new=PlaybackState {state=0, position=0, buffered position=0, speed=0.0, updated=0, actions=894, custom actions=[], active item id=-1, error=null}(0)
06-14 17:22:30.968  3844  4724 I Avrcp_ext: Exit updatePlayStatusForDevice
06-14 17:22:30.968  5809 14611 I Cir_Miplay_MetaInfoManager: setMetadata.
06-14 17:22:30.968  3844  4724 D HeadsetService:  isAudioOn: The number of audio connected devices 0
06-14 17:22:30.968  3844  4724 D HeadsetService: isScoOrCallActive(): Call Active:falseCall is Ringing:falseSCO is Active:false
06-14 17:22:30.968  3844  4724 D HeadsetService:  isAudioOn: The number of audio connected devices 0
06-14 17:22:30.968  3844  4724 I Avrcp_ext: updatePlayStatusForDevice: device: null
06-14 17:22:30.968  3844  4724 V Avrcp_ext: updatePlaybackState (1): old=PlaybackState {state=0, position=0, buffered position=0, speed=0.0, updated=0, actions=894, custom actions=[], active item id=-1, error=null}(0), new=PlaybackState {state=0, position=0, buffered position=0, speed=0.0, updated=0, actions=894, custom actions=[], active item id=-1, error=null}(0)
06-14 17:22:30.968  3844  4724 I Avrcp_ext: Exit updatePlayStatusForDevice
06-14 17:22:30.968  3844  4724 D HeadsetService:  isAudioOn: The number of audio connected devices 0
06-14 17:22:30.968  3844  4724 D HeadsetService: isScoOrCallActive(): Call Active:falseCall is Ringing:falseSCO is Active:false
06-14 17:22:30.968  3844  4724 D HeadsetService:  isAudioOn: The number of audio connected devices 0
06-14 17:22:30.968  3844  4724 I Avrcp_ext: updatePlayStatusForDevice: device: null
06-14 17:22:30.968  3844  4724 V Avrcp_ext: updatePlaybackState (1): old=PlaybackState {state=0, position=0, buffered position=0, speed=0.0, updated=0, actions=894, custom actions=[], active item id=-1, error=null}(0), new=PlaybackState {state=0, position=0, buffered position=0, speed=0.0, updated=0, actions=894, custom actions=[], active item id=-1, error=null}(0)
06-14 17:22:30.968  3844  4724 I Avrcp_ext: Exit updatePlayStatusForDevice
06-14 17:22:30.968  3844  4724 D HeadsetService:  isAudioOn: The number of audio connected devices 0
06-14 17:22:30.968  3844  4724 D HeadsetService: isScoOrCallActive(): Call Active:falseCall is Ringing:falseSCO is Active:false
06-14 17:22:30.968  3844  4724 D HeadsetService:  isAudioOn: The number of audio connected devices 0
06-14 17:22:30.968  3844  4724 I Avrcp_ext: updatePlayStatusForDevice: device: null
06-14 17:22:30.968  3844  4724 V Avrcp_ext: updatePlaybackState (1): old=PlaybackState {state=0, position=0, buffered position=0, speed=0.0, updated=0, actions=894, custom actions=[], active item id=-1, error=null}(0), new=PlaybackState {state=0, position=0, buffered position=0, speed=0.0, updated=0, actions=894, custom actions=[], active item id=-1, error=null}(0)
06-14 17:22:30.968  3844  4724 I Avrcp_ext: Exit updatePlayStatusForDevice
06-14 17:22:30.968  3844  4724 D HeadsetService:  isAudioOn: The number of audio connected devices 0
06-14 17:22:30.968  3844  4724 D HeadsetService: isScoOrCallActive(): Call Active:falseCall is Ringing:falseSCO is Active:false
06-14 17:22:30.968  3844  4724 D HeadsetService:  isAudioOn: The number of audio connected devices 0
06-14 17:22:30.968  3844  4724 I Avrcp_ext: updatePlayStatusForDevice: device: null
06-14 17:22:30.968  3844  4724 V Avrcp_ext: updatePlaybackState (1): old=PlaybackState {state=0, position=0, buffered position=0, speed=0.0, updated=0, actions=894, custom actions=[], active item id=-1, error=null}(0), new=PlaybackState {state=0, position=0, buffered position=0, speed=0.0, updated=0, actions=894, custom actions=[], active item id=-1, error=null}(0)
06-14 17:22:30.968  3844  4724 I Avrcp_ext: Exit updatePlayStatusForDevice
06-14 17:22:30.968  3844  4724 D Avrcp_ext: Enter sendPlayPosNotificationRsp
06-14 17:22:30.968  3844  4724 D Avrcp_ext: sendPlayPosNotificationRsp: Not registered or requesting.
06-14 17:22:30.968  3844  4724 D Avrcp_ext: Enter sendPlayPosNotificationRsp
06-14 17:22:30.968  3844  4724 D Avrcp_ext: sendPlayPosNotificationRsp: Not registered or requesting.
06-14 17:22:30.968  3844  4724 D Avrcp_ext: Enter sendPlayPosNotificationRsp
06-14 17:22:30.968  3844  4724 D Avrcp_ext: sendPlayPosNotificationRsp: Not registered or requesting.
06-14 17:22:30.968  3844  4724 D Avrcp_ext: Enter sendPlayPosNotificationRsp
06-14 17:22:30.968  3844  4724 D Avrcp_ext: sendPlayPosNotificationRsp: Not registered or requesting.
06-14 17:22:30.968  3844  4724 D Avrcp_ext: Enter sendPlayPosNotificationRsp
06-14 17:22:30.968  3844  4724 D Avrcp_ext: sendPlayPosNotificationRsp: Not registered or requesting.
06-14 17:22:30.968  3844  4724 V Avrcp_ext: Exit updatePlayerStateAndPosition
06-14 17:22:30.968 14018 14962 E libprocessgroup: set_timerslack_ns write failed: Operation not permitted
06-14 17:22:30.970  2431  2444 I MediaFocusControl: requestAudioFocus() from uid/pid 10486/14018 AA=USAGE_MEDIA/CONTENT_TYPE_MUSIC clientId=android.media.AudioManager@e1add18cn.missevan.lib.utils.AudioFocusManager@95da371 callingPack=cn.missevan req=1 flags=0x1 sdk=28
06-14 17:22:30.971  2431  2444 I AudioService.FadeOutManager: unfadeOutUid() uid:10486
06-14 17:22:30.974  5809  5809 I MiPlayProxyDeviceManager: onTopActiveSessionChange, cn.missevan
06-14 17:22:30.981  5809  5809 I SafeBinderCall: onTopActiveSessionChange binder cost:0
06-14 17:22:30.982  2431  4793 I WindowManagerService: Physical orientation applied, rotation=0 sfOrientation=ORIENTATION_0
06-14 17:22:30.983 13815 13815 I HandWritingStubImpl: isKeyboardTypeChanged: false
06-14 17:22:30.986 13815 13815 I HandWritingStubImpl: isKeyboardTypeChanged: false
06-14 17:22:30.989  4233  4233 D MiPlayDetailViewModel: onActiveAudioSessionChange(): audioSessionList?.size = 1
06-14 17:22:30.989  5809  6131 I SafeBinderCall: onActiveAudioSessionChange binder cost:7
06-14 17:22:30.990 13815 13815 I HandWritingStubImpl: isKeyboardTypeChanged: false
06-14 17:22:30.990  5809  5809 I MiPlayProxyDeviceManager: onTopActiveSessionChange, cn.missevan
06-14 17:22:30.991  3844  4724 V Avrcp_ext: onPlaybackStateChanged: state PlaybackState {state=3, position=60, buffered position=0, speed=1.0, updated=23124577, actions=894, custom actions=[], active item id=-1, error=null}
06-14 17:22:30.993  4233  4233 I SafeBinderCall: call getMediaMetaData binder cost:2
06-14 17:22:30.996  4233  4233 I SafeBinderCall: call getPosition binder cost:3
06-14 17:22:30.997  4233  4233 I SafeBinderCall: call getPlaybackState binder cost:1
06-14 17:22:30.998  5809  5809 I SafeBinderCall: onTopActiveSessionChange binder cost:0
06-14 17:22:30.998  3844  4724 V Avrcp_ext: updateCurrentMediaState: mMediaController: MediaController (cn.missevan@ac0ceaa) 他似晨风起 | 预告, null, null
06-14 17:22:30.999  3844  4724 V Avrcp_ext: updateCurrentMediaState: isPlaying = false
06-14 17:22:30.999  3844  4724 W Avrcp_ext: isMusicActive: false getBluetoothPlayState: 0 A2dp State: 11 mAudioPlaybackIsActive: false
06-14 17:22:30.999  5809  5809 I SafeBinderCall: onMediaMetaChange binder cost:1
06-14 17:22:30.999  3844  4724 D Avrcp_ext: isMusicActive = false mAudioPlaybackIsActive = false player state = PlaybackState {state=3, position=85, buffered position=0, speed=1.0, updated=23124602, actions=894, custom actions=[], active item id=-1, error=null}
