06-14 17:22:33.038 13672 13796 I appium  : AppiumResponse: {"sessionId":"6f052ff6-a7d6-495c-9b6c-0e28c167043c","value":null}
06-14 17:22:33.039  1265  1890 I SDM     : HWCSession::SetCWBOutputBuffer: CWB config passed by cwb_client : tappoint 1  CWB_ROI : (829.000000 4.000000 915.000000 90.000000)
06-14 17:22:33.040 13815 13815 I HandWritingStubImpl: isKeyboardTypeChanged: false
06-14 17:22:33.040  1265 14995 I SDM     : HWCSession::ProcessRequests: Successfully configured CWB buffer.
06-14 17:22:33.047  1265 14995 I SDM     : HWCSession::ProcessRequests: Pushing release fence in fenece wait queue.
06-14 17:22:33.047  1265 14995 I SDM     : HWCSession::ProcessRequests: Creating AsyncFenceWaits async thread.
06-14 17:22:33.047 13815 13815 I HandWritingStubImpl: isKeyboardTypeChanged: false
06-14 17:22:33.047  1265 14995 I SDM     : HWCSession::ProcessRequests: Remove current CWB request from the pending request queue.
06-14 17:22:33.047  1265 14995 I SDM     : HWCSession::ProcessRequests: No pending cwb requests found in the queue.
06-14 17:22:33.053  1265  1584 I SDM     : HWDeviceDRM::SetupConcurrentWriteback: Tear down the Concurrent Writeback topology
06-14 17:22:33.055 13815 13815 I HandWritingStubImpl: isKeyboardTypeChanged: false
06-14 17:22:33.061  1265 14998 I SDM     : HWCSession::NotifyCWBStatus: Notify the client about buffer status 0.
06-14 17:22:33.061  1265 14998 I SDM     : HWCSession::PerformFenceWaits: Remove current release fence from the pending fence wait queue.
06-14 17:22:33.061  1265 14998 I SDM     : HWCSession::PerformFenceWaits: CWB fence queue is empty. No pending release fence to wait on.
06-14 17:22:33.063 13815 13815 I HandWritingStubImpl: isKeyboardTypeChanged: false
06-14 17:22:33.071 13815 13815 I HandWritingStubImpl: isKeyboardTypeChanged: false
06-14 17:22:33.080 13815 13815 I HandWritingStubImpl: isKeyboardTypeChanged: false
06-14 17:22:33.088 13815 13815 I HandWritingStubImpl: isKeyboardTypeChanged: false
06-14 17:22:33.096 13815 13815 I HandWritingStubImpl: isKeyboardTypeChanged: false
06-14 17:22:33.105 13815 13815 I HandWritingStubImpl: isKeyboardTypeChanged: false
06-14 17:22:33.113 13815 13815 I HandWritingStubImpl: isKeyboardTypeChanged: false
06-14 17:22:33.121 13815 13815 I HandWritingStubImpl: isKeyboardTypeChanged: false
06-14 17:22:33.129 13815 13815 I HandWritingStubImpl: isKeyboardTypeChanged: false
06-14 17:22:33.138 13815 13815 I HandWritingStubImpl: isKeyboardTypeChanged: false
06-14 17:22:33.146 13815 13815 I HandWritingStubImpl: isKeyboardTypeChanged: false
06-14 17:22:33.154 13815 13815 I HandWritingStubImpl: isKeyboardTypeChanged: false
06-14 17:22:33.162 13815 13815 I HandWritingStubImpl: isKeyboardTypeChanged: false
06-14 17:22:33.170 13815 13815 I HandWritingStubImpl: isKeyboardTypeChanged: false
06-14 17:22:33.178 13815 13815 I HandWritingStubImpl: isKeyboardTypeChanged: false
06-14 17:22:33.187 13815 13815 I HandWritingStubImpl: isKeyboardTypeChanged: false
06-14 17:22:33.195 13815 13815 I HandWritingStubImpl: isKeyboardTypeChanged: false
06-14 17:22:33.196  2018  3127 D libsensor-displayalgo: the value of  brightness:438.000000,R:38541004.565426,G:35878802.176993,B:38381637.895586,EVENT_C:5993.500000,EVENT_R:2355.500000,EVENT_G:3005.000000,EVENT_B:1193.500000
06-14 17:22:33.196  2018  3127 I libsensor-displayalgo: the value of  Coef1:1107.681000,Coef4:2.383000, scale1:0.935522, scale4:0.923264
06-14 17:22:33.196  2018  3127 E libsensor-displayalgo: RGB_test_0407_400_oldzy!
06-14 17:22:33.196  2018  3127 I libsensor-displayalgo: the value of  RESULT1870.135939,740.664339,926.835739,330.128334
06-14 17:22:33.196  2018  3127 I libsensor-displayalgo: the value of  getChannelDataCalibrated1960.735438,685.997940,1077.265053,360.312862
06-14 17:22:33.196  2018  3127 I libsensor-displayalgo: the value of  REAL LUX241.695496
06-14 17:22:33.196  2018  3127 I libsensor-displayalgo: the value of  CAL REAL LUX241.695496
06-14 17:22:33.203 13815 13815 I HandWritingStubImpl: isKeyboardTypeChanged: false
06-14 17:22:33.211 13815 13815 I HandWritingStubImpl: isKeyboardTypeChanged: false
06-14 17:22:33.220 13815 13815 I HandWritingStubImpl: isKeyboardTypeChanged: false
06-14 17:22:33.228 13815 13815 I HandWritingStubImpl: isKeyboardTypeChanged: false
06-14 17:22:33.236 13815 13815 I HandWritingStubImpl: isKeyboardTypeChanged: false
06-14 17:22:33.244 13815 13815 I HandWritingStubImpl: isKeyboardTypeChanged: false
06-14 17:22:33.252 13815 13815 I HandWritingStubImpl: isKeyboardTypeChanged: false
06-14 17:22:33.261 13815 13815 I HandWritingStubImpl: isKeyboardTypeChanged: false
06-14 17:22:33.269 13815 13815 I HandWritingStubImpl: isKeyboardTypeChanged: false
06-14 17:22:33.277 13815 13815 I HandWritingStubImpl: isKeyboardTypeChanged: false
06-14 17:22:33.286 13815 13815 I HandWritingStubImpl: isKeyboardTypeChanged: false
06-14 17:22:33.294 13815 13815 I HandWritingStubImpl: isKeyboardTypeChanged: false
06-14 17:22:33.302 13815 13815 I HandWritingStubImpl: isKeyboardTypeChanged: false
06-14 17:22:33.311 13815 13815 I HandWritingStubImpl: isKeyboardTypeChanged: false
06-14 17:22:33.319 13815 13815 I HandWritingStubImpl: isKeyboardTypeChanged: false
06-14 17:22:33.327 13815 13815 I HandWritingStubImpl: isKeyboardTypeChanged: false
06-14 17:22:33.335 13815 13815 I HandWritingStubImpl: isKeyboardTypeChanged: false
06-14 17:22:33.342  1265  2358 I vendor.qti.hardware.display.composer-service: FrameNotifyProcess Sensor: notify citsensorservice to trigger cwb
06-14 17:22:33.343  2018  3874 I libcitsensorservice@2.0-impl: msg_transfer
06-14 17:22:33.343  2018  3098 D vendor.xiaomi.sensor.citsensorservice@2.0-service: handle id:9 wxh:1280x2400 uwxuh:1080x2400 size: 9216000 fd:15 fd_meta:16 flags:0x4000228 usage:0x33  format:0x3 layer_count: 1
06-14 17:22:33.343  1265  1890 I SDM     : HWCSession::SetCWBOutputBuffer: CWB config passed by cwb_client : tappoint 1  CWB_ROI : (829.000000 4.000000 915.000000 90.000000)
06-14 17:22:33.344  1265 14999 I SDM     : HWCSession::ProcessRequests: Successfully configured CWB buffer.
06-14 17:22:33.345 13815 13815 I HandWritingStubImpl: isKeyboardTypeChanged: false
06-14 17:22:33.352 13815 13815 I HandWritingStubImpl: isKeyboardTypeChanged: false
06-14 17:22:33.353  1265 14999 I SDM     : HWCSession::ProcessRequests: Pushing release fence in fenece wait queue.
06-14 17:22:33.353  1265 14999 I SDM     : HWCSession::ProcessRequests: Creating AsyncFenceWaits async thread.
06-14 17:22:33.354  1265 14999 I SDM     : HWCSession::ProcessRequests: Remove current CWB request from the pending request queue.
06-14 17:22:33.355  1265 14999 I SDM     : HWCSession::ProcessRequests: No pending cwb requests found in the queue.
06-14 17:22:33.358  1265  1584 I SDM     : HWDeviceDRM::SetupConcurrentWriteback: Tear down the Concurrent Writeback topology
06-14 17:22:33.360 13815 13815 I HandWritingStubImpl: isKeyboardTypeChanged: false
06-14 17:22:33.365  1265 15000 I SDM     : HWCSession::NotifyCWBStatus: Notify the client about buffer status 0.
06-14 17:22:33.366  1265 15000 I SDM     : HWCSession::PerformFenceWaits: Remove current release fence from the pending fence wait queue.
06-14 17:22:33.366  1265 15000 I SDM     : HWCSession::PerformFenceWaits: CWB fence queue is empty. No pending release fence to wait on.
06-14 17:22:33.368 13815 13815 I HandWritingStubImpl: isKeyboardTypeChanged: false
06-14 17:22:33.376 13815 13815 I HandWritingStubImpl: isKeyboardTypeChanged: false
06-14 17:22:33.384 13815 13815 I HandWritingStubImpl: isKeyboardTypeChanged: false
06-14 17:22:33.393 13815 13815 I HandWritingStubImpl: isKeyboardTypeChanged: false
06-14 17:22:33.401 13815 13815 I HandWritingStubImpl: isKeyboardTypeChanged: false
06-14 17:22:33.410 13815 13815 I HandWritingStubImpl: isKeyboardTypeChanged: false
06-14 17:22:33.417 13815 13815 I HandWritingStubImpl: isKeyboardTypeChanged: false
06-14 17:22:33.426 13815 13815 I HandWritingStubImpl: isKeyboardTypeChanged: false
06-14 17:22:33.434 13815 13815 I HandWritingStubImpl: isKeyboardTypeChanged: false
06-14 17:22:33.442 13815 13815 I HandWritingStubImpl: isKeyboardTypeChanged: false
06-14 17:22:33.451 13815 13815 I HandWritingStubImpl: isKeyboardTypeChanged: false
06-14 17:22:33.459 13815 13815 I HandWritingStubImpl: isKeyboardTypeChanged: false
06-14 17:22:33.467 13815 13815 I HandWritingStubImpl: isKeyboardTypeChanged: false
06-14 17:22:33.476 13815 13815 I HandWritingStubImpl: isKeyboardTypeChanged: false
06-14 17:22:33.484 13815 13815 I HandWritingStubImpl: isKeyboardTypeChanged: false
06-14 17:22:33.491 13815 13815 I HandWritingStubImpl: isKeyboardTypeChanged: false
06-14 17:22:33.496  2018  3127 D libsensor-displayalgo: the value of  brightness:438.000000,R:77375716.939127,G:77376143.464170,B:77391269.635761,EVENT_C:6787.500000,EVENT_R:2610.000000,EVENT_G:3439.000000,EVENT_B:1361.500000
06-14 17:22:33.496  2018  3127 I libsensor-displayalgo: the value of  Coef1:1107.681000,Coef4:2.383000, scale1:0.935522, scale4:0.923264
06-14 17:22:33.496  2018  3127 E libsensor-displayalgo: RGB_test_0407_400_oldzy!
06-14 17:22:33.496  2018  3127 I libsensor-displayalgo: the value of  RESULT3118.837702,1232.115395,1511.231984,565.637200
06-14 17:22:33.496  2018  3127 I libsensor-displayalgo: the value of  getChannelDataCalibrated3269.931069,1141.176343,1756.511250,617.354941
06-14 17:22:33.496  2018  3127 I libsensor-displayalgo: the value of  REAL LUX208.976288
06-14 17:22:33.496  2018  3127 I libsensor-displayalgo: the value of  CAL REAL LUX208.976288
06-14 17:22:33.500 13815 13815 I HandWritingStubImpl: isKeyboardTypeChanged: false
06-14 17:22:33.505 16696 16704 I com.miui.phras: This is non sticky GC, maxfree is 8388608 minfree is 2097152
06-14 17:22:33.508 13815 13815 I HandWritingStubImpl: isKeyboardTypeChanged: false
06-14 17:22:33.509  1265  2358 I vendor.qti.hardware.display.composer-service: FrameNotifyProcess Sensor: notify citsensorservice to trigger cwb
06-14 17:22:33.509  2018  2108 I libcitsensorservice@2.0-impl: msg_transfer
06-14 17:22:33.509  2018  3098 D vendor.xiaomi.sensor.citsensorservice@2.0-service: handle id:9 wxh:1280x2400 uwxuh:1080x2400 size: 9216000 fd:15 fd_meta:16 flags:0x4000228 usage:0x33  format:0x3 layer_count: 1
06-14 17:22:33.510  1265  1890 I SDM     : HWCSession::SetCWBOutputBuffer: CWB config passed by cwb_client : tappoint 1  CWB_ROI : (829.000000 4.000000 915.000000 90.000000)
06-14 17:22:33.515  1265 15001 I SDM     : HWCSession::ProcessRequests: Successfully configured CWB buffer.
06-14 17:22:33.516 13815 13815 I HandWritingStubImpl: isKeyboardTypeChanged: false
06-14 17:22:33.516 11272 11280 I i.xmsf:service: This is non sticky GC, maxfree is 8388608 minfree is 2097152
06-14 17:22:33.523  1265 15001 I SDM     : HWCSession::ProcessRequests: Pushing release fence in fenece wait queue.
06-14 17:22:33.523  1265 15001 I SDM     : HWCSession::ProcessRequests: Creating AsyncFenceWaits async thread.
06-14 17:22:33.524  1265 15001 I SDM     : HWCSession::ProcessRequests: Remove current CWB request from the pending request queue.
06-14 17:22:33.524  1265 15001 I SDM     : HWCSession::ProcessRequests: No pending cwb requests found in the queue.
06-14 17:22:33.524 13815 13815 I HandWritingStubImpl: isKeyboardTypeChanged: false
06-14 17:22:33.531  1265  1584 I SDM     : HWDeviceDRM::SetupConcurrentWriteback: Tear down the Concurrent Writeback topology
06-14 17:22:33.532 13815 13815 I HandWritingStubImpl: isKeyboardTypeChanged: false
06-14 17:22:33.538  1265 15003 I SDM     : HWCSession::NotifyCWBStatus: Notify the client about buffer status 0.
06-14 17:22:33.538  1265 15003 I SDM     : HWCSession::PerformFenceWaits: Remove current release fence from the pending fence wait queue.
06-14 17:22:33.538  1265 15003 I SDM     : HWCSession::PerformFenceWaits: CWB fence queue is empty. No pending release fence to wait on.
06-14 17:22:33.541 13815 13815 I HandWritingStubImpl: isKeyboardTypeChanged: false
06-14 17:22:33.550 13815 13815 I HandWritingStubImpl: isKeyboardTypeChanged: false
06-14 17:22:33.558 13815 13815 I HandWritingStubImpl: isKeyboardTypeChanged: false
06-14 17:22:33.566 13815 13815 I HandWritingStubImpl: isKeyboardTypeChanged: false
06-14 17:22:33.575 13815 13815 I HandWritingStubImpl: isKeyboardTypeChanged: false
06-14 17:22:33.583 13815 13815 I HandWritingStubImpl: isKeyboardTypeChanged: false
06-14 17:22:33.591 13815 13815 I HandWritingStubImpl: isKeyboardTypeChanged: false
06-14 17:22:33.599 13815 13815 I HandWritingStubImpl: isKeyboardTypeChanged: false
06-14 17:22:33.607 13815 13815 I HandWritingStubImpl: isKeyboardTypeChanged: false
06-14 17:22:33.615 13815 13815 I HandWritingStubImpl: isKeyboardTypeChanged: false
06-14 17:22:33.623 13815 13815 I HandWritingStubImpl: isKeyboardTypeChanged: false
06-14 17:22:33.632 13815 13815 I HandWritingStubImpl: isKeyboardTypeChanged: false
06-14 17:22:33.639 13815 13815 I HandWritingStubImpl: isKeyboardTypeChanged: false
06-14 17:22:33.648 13815 13815 I HandWritingStubImpl: isKeyboardTypeChanged: false
06-14 17:22:33.656 13815 13815 I HandWritingStubImpl: isKeyboardTypeChanged: false
06-14 17:22:33.664 13815 13815 I HandWritingStubImpl: isKeyboardTypeChanged: false
06-14 17:22:33.672 13815 13815 I HandWritingStubImpl: isKeyboardTypeChanged: false
06-14 17:22:33.681 13815 13815 I HandWritingStubImpl: isKeyboardTypeChanged: false
06-14 17:22:33.689 13815 13815 I HandWritingStubImpl: isKeyboardTypeChanged: false
06-14 17:22:33.697 13815 13815 I HandWritingStubImpl: isKeyboardTypeChanged: false
06-14 17:22:33.706 13815 13815 I HandWritingStubImpl: isKeyboardTypeChanged: false
06-14 17:22:33.714 13815 13815 I HandWritingStubImpl: isKeyboardTypeChanged: false
06-14 17:22:33.722 13815 13815 I HandWritingStubImpl: isKeyboardTypeChanged: false
06-14 17:22:33.730 13815 13815 I HandWritingStubImpl: isKeyboardTypeChanged: false
06-14 17:22:33.738 13815 13815 I HandWritingStubImpl: isKeyboardTypeChanged: false
06-14 17:22:33.747 13815 13815 I HandWritingStubImpl: isKeyboardTypeChanged: false
06-14 17:22:33.755 13815 13815 I HandWritingStubImpl: isKeyboardTypeChanged: false
06-14 17:22:33.763 13815 13815 I HandWritingStubImpl: isKeyboardTypeChanged: false
06-14 17:22:33.771 13815 13815 I HandWritingStubImpl: isKeyboardTypeChanged: false
06-14 17:22:33.779 13815 13815 I HandWritingStubImpl: isKeyboardTypeChanged: false
06-14 17:22:33.788 13815 13815 I HandWritingStubImpl: isKeyboardTypeChanged: false
06-14 17:22:33.796 13815 13815 I HandWritingStubImpl: isKeyboardTypeChanged: false
06-14 17:22:33.796  2018  3127 D libsensor-displayalgo: the value of  brightness:438.000000,R:77375716.939127,G:77376143.464170,B:77391269.635761,EVENT_C:7294.500000,EVENT_R:2772.000000,EVENT_G:3722.500000,EVENT_B:1471.000000
06-14 17:22:33.796  2018  3127 I libsensor-displayalgo: the value of  Coef1:1107.681000,Coef4:2.383000, scale1:0.935522, scale4:0.923264
06-14 17:22:33.796  2018  3127 E libsensor-displayalgo: RGB_test_0407_400_oldzy!
06-14 17:22:33.797  2018  3127 I libsensor-displayalgo: the value of  RESULT3118.837702,1232.115395,1511.231984,565.637200
06-14 17:22:33.797  2018  3127 I libsensor-displayalgo: the value of  getChannelDataCalibrated3269.931069,1141.176343,1756.511250,617.354941
06-14 17:22:33.797  2018  3127 I libsensor-displayalgo: the value of  REAL LUX242.654022
06-14 17:22:33.797  2018  3127 I libsensor-displayalgo: the value of  CAL REAL LUX242.654022
06-14 17:22:33.804 13815 13815 I HandWritingStubImpl: isKeyboardTypeChanged: false
06-14 17:22:33.812 13815 13815 I HandWritingStubImpl: isKeyboardTypeChanged: false
06-14 17:22:33.821 13815 13815 I HandWritingStubImpl: isKeyboardTypeChanged: false
06-14 17:22:33.829 13815 13815 I HandWritingStubImpl: isKeyboardTypeChanged: false
06-14 17:22:33.837 13815 13815 I HandWritingStubImpl: isKeyboardTypeChanged: false
06-14 17:22:33.846 13815 13815 I HandWritingStubImpl: isKeyboardTypeChanged: false
06-14 17:22:33.854 13815 13815 I HandWritingStubImpl: isKeyboardTypeChanged: false
06-14 17:22:33.862 13815 13815 I HandWritingStubImpl: isKeyboardTypeChanged: false
06-14 17:22:33.870 13815 13815 I HandWritingStubImpl: isKeyboardTypeChanged: false
06-14 17:22:33.878 13815 13815 I HandWritingStubImpl: isKeyboardTypeChanged: false
06-14 17:22:33.887 13815 13815 I HandWritingStubImpl: isKeyboardTypeChanged: false
06-14 17:22:33.895 13815 13815 I HandWritingStubImpl: isKeyboardTypeChanged: false
06-14 17:22:33.903 13815 13815 I HandWritingStubImpl: isKeyboardTypeChanged: false
06-14 17:22:33.911 13815 13815 I HandWritingStubImpl: isKeyboardTypeChanged: false
06-14 17:22:33.919 13815 13815 I HandWritingStubImpl: isKeyboardTypeChanged: false
06-14 17:22:33.928 13815 13815 I HandWritingStubImpl: isKeyboardTypeChanged: false
06-14 17:22:33.936 13815 13815 I HandWritingStubImpl: isKeyboardTypeChanged: false
06-14 17:22:33.944 13815 13815 I HandWritingStubImpl: isKeyboardTypeChanged: false
06-14 17:22:33.952 13815 13815 I HandWritingStubImpl: isKeyboardTypeChanged: false
06-14 17:22:33.961 13815 13815 I HandWritingStubImpl: isKeyboardTypeChanged: false
06-14 17:22:33.969 13815 13815 I HandWritingStubImpl: isKeyboardTypeChanged: false
06-14 17:22:33.977 13815 13815 I HandWritingStubImpl: isKeyboardTypeChanged: false
06-14 17:22:33.986 13815 13815 I HandWritingStubImpl: isKeyboardTypeChanged: false
06-14 17:22:33.994 13815 13815 I HandWritingStubImpl: isKeyboardTypeChanged: false
06-14 17:22:34.002 13815 13815 I HandWritingStubImpl: isKeyboardTypeChanged: false
06-14 17:22:34.010 13815 13815 I HandWritingStubImpl: isKeyboardTypeChanged: false
06-14 17:22:34.017  4233  4233 D MiPlayDetailViewModel: onPositionChange(): position = 3103
06-14 17:22:34.017  5809 14967 I SafeBinderCall: onPositionChange binder cost:1
06-14 17:22:34.019 13815 13815 I HandWritingStubImpl: isKeyboardTypeChanged: false
06-14 17:22:34.027 13815 13815 I HandWritingStubImpl: isKeyboardTypeChanged: false
06-14 17:22:34.035 13815 13815 I HandWritingStubImpl: isKeyboardTypeChanged: false
06-14 17:22:34.043 13815 13815 I HandWritingStubImpl: isKeyboardTypeChanged: false
06-14 17:22:34.052 13815 13815 I HandWritingStubImpl: isKeyboardTypeChanged: false
06-14 17:22:34.060 13815 13815 I HandWritingStubImpl: isKeyboardTypeChanged: false
06-14 17:22:34.068 13815 13815 I HandWritingStubImpl: isKeyboardTypeChanged: false
06-14 17:22:34.076 13815 13815 I HandWritingStubImpl: isKeyboardTypeChanged: false
06-14 17:22:34.084 13815 13815 I HandWritingStubImpl: isKeyboardTypeChanged: false
06-14 17:22:34.085 13672 13796 I appium  : channel read: POST /wd/hub/session/6f052ff6-a7d6-495c-9b6c-0e28c167043c/appium/device/press_keycode
06-14 17:22:34.086 13672 13796 I appium  : PressKeyCode command
06-14 17:22:34.086 13672 13796 I appium  : Calling PressKeyCode...
06-14 17:22:34.092 13815 13815 I HandWritingStubImpl: isKeyboardTypeChanged: false
06-14 17:22:34.096  2018  3127 D libsensor-displayalgo: the value of  brightness:438.000000,R:77375716.939127,G:77376143.464170,B:77391269.635761,EVENT_C:7294.500000,EVENT_R:2772.000000,EVENT_G:3722.500000,EVENT_B:1471.000000
06-14 17:22:34.097  2018  3127 I libsensor-displayalgo: the value of  Coef1:1107.681000,Coef4:2.383000, scale1:0.935522, scale4:0.923264
06-14 17:22:34.097  2018  3127 E libsensor-displayalgo: RGB_test_0407_400_oldzy!
06-14 17:22:34.097  2018  3127 I libsensor-displayalgo: the value of  RESULT3118.837702,1232.115395,1511.231984,565.637200
06-14 17:22:34.097  2018  3127 I libsensor-displayalgo: the value of  getChannelDataCalibrated3269.931069,1141.176343,1756.511250,617.354941
06-14 17:22:34.097  2018  3127 I libsensor-displayalgo: the value of  REAL LUX242.654022
06-14 17:22:34.097  2018  3127 I libsensor-displayalgo: the value of  CAL REAL LUX242.654022
06-14 17:22:34.098  2431  5698 W MiuiInputKeyEventLog: keyCode:4 down:true eventTime:14040926 downTime:14040926 policyFlags:2b000000 flags:0 metaState:0 deviceId:-1 isScreenOn:true keyguardActive:false repeatCount:0
06-14 17:22:34.099  1265  2358 I vendor.qti.hardware.display.composer-service: FrameNotifyProcess Sensor: notify citsensorservice to trigger cwb
06-14 17:22:34.099  2018  2108 I libcitsensorservice@2.0-impl: msg_transfer
06-14 17:22:34.101 13815 13815 I HandWritingStubImpl: isKeyboardTypeChanged: false
06-14 17:22:34.101  2431  5698 D WindowManager: interceptKeyTq keycode=4 interactive=true keyguardActive=false policyFlags=2b000000
06-14 17:22:34.102  2018  3098 D vendor.xiaomi.sensor.citsensorservice@2.0-service: handle id:9 wxh:1280x2400 uwxuh:1080x2400 size: 9216000 fd:15 fd_meta:16 flags:0x4000228 usage:0x33  format:0x3 layer_count: 1
06-14 17:22:34.102  2431  5698 D MIUIInput: Input event injection from pid 13642, KeyEvent:DOWN, keycode:4
06-14 17:22:34.102  1265  1890 I SDM     : HWCSession::SetCWBOutputBuffer: CWB config passed by cwb_client : tappoint 1  CWB_ROI : (829.000000 4.000000 915.000000 90.000000)
06-14 17:22:34.104  2431  2635 W ActivityManager: Sending non-protected broadcast miui.intent.KEYCODE_BACK from system 2431:system/1000 pkg android. Callers=com.android.server.am.ActivityManagerService.broadcastIntentLocked:13794 com.android.server.am.ActivityManagerService.broadcastIntentLocked:13204 com.android.server.am.ActivityManagerService.broadcastIntentWithFeature:14053 android.app.ContextImpl.sendBroadcastAsUser:1400 com.android.server.policy.BaseMiuiPhoneWindowManager$16.run:2837
06-14 17:22:34.104  2431  2938 D WindowManager: interceptKeyTi keyCode=4 down=true repeatCount=0 keyguardOn=false canceled=false
06-14 17:22:34.104  2431  2635 W ActivityManager: Sending non-protected broadcast miui.intent.KEYCODE_BACK from system 2431:system/1000 pkg android. Callers=com.android.server.am.ActivityManagerService.broadcastIntentLocked:13893 com.android.server.am.ActivityManagerService.broadcastIntentLocked:13204 com.android.server.am.ActivityManagerService.broadcastIntentWithFeature:14053 android.app.ContextImpl.sendBroadcastAsUser:1400 com.android.server.policy.BaseMiuiPhoneWindowManager$16.run:2837
06-14 17:22:34.105  2431  2938 D MIUIInput: [KeyEvent] publisher action:0x0,  keyCode:4 , 14040926,channel 'c5106db cn.missevan/cn.missevan.activity.MainActivity (server)'
06-14 17:22:34.105 13815 13815 D MIUIInput: [KeyEvent] ViewRootImpl windowName 'cn.missevan/cn.missevan.activity.MainActivity', KeyEvent { action=ACTION_DOWN, keyCode=KEYCODE_BACK, scanCode=0, metaState=0, flags=0x0, repeatCount=0, eventTime=14040926, downTime=14040926, deviceId=-1, source=0x101, displayId=-1 }, phoneEventTime=17:22:34.088
06-14 17:22:34.106  1265 15009 I SDM     : HWCSession::ProcessRequests: Successfully configured CWB buffer.
06-14 17:22:34.107  2431  5698 W MiuiInputKeyEventLog: keyCode:4 down:false eventTime:14040926 downTime:14040926 policyFlags:2b000000 flags:0 metaState:0 deviceId:-1 isScreenOn:true keyguardActive:false repeatCount:0
06-14 17:22:34.108 13815 13815 I HandWritingStubImpl: isKeyboardTypeChanged: false
06-14 17:22:34.109  2431  2635 W ActivityManager: Sending non-protected broadcast miui.intent.KEYCODE_BACK from system 2431:system/1000 pkg android. Callers=com.android.server.am.ActivityManagerService.broadcastIntentLocked:13794 com.android.server.am.ActivityManagerService.broadcastIntentLocked:13204 com.android.server.am.ActivityManagerService.broadcastIntentWithFeature:14053 android.app.ContextImpl.sendBroadcastAsUser:1400 com.android.server.policy.BaseMiuiPhoneWindowManager$16.run:2837
06-14 17:22:34.109  2431  5698 D WindowManager: interceptKeyTq keycode=4 interactive=true keyguardActive=false policyFlags=2b000000
06-14 17:22:34.110  2431  2635 W ActivityManager: Sending non-protected broadcast miui.intent.KEYCODE_BACK from system 2431:system/1000 pkg android. Callers=com.android.server.am.ActivityManagerService.broadcastIntentLocked:13893 com.android.server.am.ActivityManagerService.broadcastIntentLocked:13204 com.android.server.am.ActivityManagerService.broadcastIntentWithFeature:14053 android.app.ContextImpl.sendBroadcastAsUser:1400 com.android.server.policy.BaseMiuiPhoneWindowManager$16.run:2837
06-14 17:22:34.110  2431  5698 D MIUIInput: Input event injection from pid 13642, KeyEvent:UP, keycode:4
06-14 17:22:34.110  2431  2938 D WindowManager: interceptKeyTi keyCode=4 down=false repeatCount=0 keyguardOn=false canceled=false
06-14 17:22:34.111  2431  2938 D MIUIInput: [KeyEvent] publisher action:0x1,  keyCode:4 , 14040926,channel 'c5106db cn.missevan/cn.missevan.activity.MainActivity (server)'
06-14 17:22:34.111 13815 13815 D MIUIInput: [KeyEvent] ViewRootImpl windowName 'cn.missevan/cn.missevan.activity.MainActivity', KeyEvent { action=ACTION_UP, keyCode=KEYCODE_BACK, scanCode=0, metaState=0, flags=0x0, repeatCount=0, eventTime=14040926, downTime=14040926, deviceId=-1, source=0x101, displayId=-1 }, phoneEventTime=17:22:34.088
06-14 17:22:34.114 13815 13815 I HandWritingStubImpl: isKeyboardTypeChanged: false
06-14 17:22:34.116  1265 15009 I SDM     : HWCSession::ProcessRequests: Pushing release fence in fenece wait queue.
06-14 17:22:34.116  1265 15009 I SDM     : HWCSession::ProcessRequests: Creating AsyncFenceWaits async thread.
06-14 17:22:34.116  1265 15009 I SDM     : HWCSession::ProcessRequests: Remove current CWB request from the pending request queue.
06-14 17:22:34.116  1265 15009 I SDM     : HWCSession::ProcessRequests: No pending cwb requests found in the queue.
06-14 17:22:34.118 13815 13815 I HandWritingStubImpl: refreshLastKeyboardType: 1
06-14 17:22:34.119 13815 13815 I HandWritingStubImpl: getCurrentKeyboardType: 1
06-14 17:22:34.122  1265  1584 I SDM     : HWDeviceDRM::SetupConcurrentWriteback: Tear down the Concurrent Writeback topology
06-14 17:22:34.123 13815 13815 I HandWritingStubImpl: isKeyboardTypeChanged: false
06-14 17:22:34.124 13815 13815 I HandWritingStubImpl: isKeyboardTypeChanged: false
06-14 17:22:34.125 13815 13815 I HandWritingStubImpl: isKeyboardTypeChanged: false
06-14 17:22:34.126  4824  5896 W Binder  : Caught a RuntimeException from the binder stub implementation.
06-14 17:22:34.126  4824  5896 W Binder  : java.lang.SecurityException: Permission denial
06-14 17:22:34.126  4824  5896 W Binder  : 	at com.xiaomi.mirror.MirrorAppService.enforceSignature(MirrorAppService.java:30)
06-14 17:22:34.126  4824  5896 W Binder  : 	at com.xiaomi.mirror.MirrorAppService.isWorking(MirrorAppService.java:35)
06-14 17:22:34.126  4824  5896 W Binder  : 	at com.xiaomi.mirror.MirrorAppService.notifyInputTypeAndPos(MirrorAppService.java:88)
06-14 17:22:34.126  4824  5896 W Binder  : 	at com.xiaomi.mirror.IMirrorAppService$Stub.onTransact(IMirrorAppService.java:135)
06-14 17:22:34.126  4824  5896 W Binder  : 	at android.os.Binder.execTransactInternal(Binder.java:1190)
06-14 17:22:34.126  4824  5896 W Binder  : 	at android.os.Binder.execTransact(Binder.java:1149)
06-14 17:22:34.127 13581 13581 E BaseInputMethodService: onFinishInput
06-14 17:22:34.127 13581 13581 E BaseInputMethodService: onStartInput
06-14 17:22:34.128 13672 13796 I appium  : AppiumResponse: {"sessionId":"6f052ff6-a7d6-495c-9b6c-0e28c167043c","value":null}
06-14 17:22:34.131  1265 15010 I SDM     : HWCSession::NotifyCWBStatus: Notify the client about buffer status 0.
06-14 17:22:34.133  1265 15010 I SDM     : HWCSession::PerformFenceWaits: Remove current release fence from the pending fence wait queue.
06-14 17:22:34.133 13581 13581 E BaseInputMethodService: onComputeInsets
06-14 17:22:34.133  1265 15010 I SDM     : HWCSession::PerformFenceWaits: CWB fence queue is empty. No pending release fence to wait on.
06-14 17:22:34.252 13815 13824 I cn.missevan: This is non sticky GC, maxfree is 8388608 minfree is 2097152
06-14 17:22:34.252 13815 13824 I cn.missevan: NativeAlloc concurrent copying GC freed 256882(15MB) AllocSpace objects, 70(3172KB) LOS objects, 45% free, 28MB/52MB, paused 96us,73us total 134.408ms
06-14 17:22:34.315 13815 13815 I HandWritingStubImpl: isKeyboardTypeChanged: false
06-14 17:22:34.315 13815 13815 D InputMethodManager: showSoftInput() view=cn.missevan.view.widget.SkinCompatClearableEditText{3b4daee VFED..CL. .F...... 28,19-942,102 #7f0b0468 app:id/et_search aid=1073741992} flags=2 reason=SHOW_SOFT_INPUT
06-14 17:22:34.316  2431  5698 I InputMethodManagerService: IMMS.showSoftInput(), client = com.android.internal.view.IInputMethodClient$Stub$Proxy@1f4b92f
06-14 17:22:34.316  2431  5698 I InputMethodManagerService: IMMS.showCurrentInputLocked(), curMethod = com.android.internal.view.IInputMethod$Stub$Proxy@8f91b80, flags = 2
06-14 17:22:34.316  2431  5698 I SmartPower.com.sohu.inputmethod.sogou.xiaomi:scrashly/10132(13802): background->visible(2074ms) R(show input method) adj=925.
06-14 17:22:34.317  2431  5698 I SmartPower.com.sohu.inputmethod.sogou.xiaomi/10132(13581): background->visible(2075ms) R(show input method) adj=100.
06-14 17:22:34.318  2431  5698 I InputMethodManagerService: IMMS.showCurrentInputLocked request ims to show inputMethod.
06-14 17:22:34.318  2431  3472 I SmartPower: com.sohu.inputmethod.sogou.xiaomi/10132 state=inactive adj=100 proc size=2 move to foreground show input method
06-14 17:22:34.318  5858  8057 D MirrorManager:  sendAcceptInput 1 0
06-14 17:22:34.319 13581 13581 V InputMethod: IMS.showSoftInput()
06-14 17:22:34.319 13581 13581 E BaseInputMethodService: onConfigureWindow
06-14 17:22:34.320 13581 13581 E BaseInputMethodService: onStartInputView
06-14 17:22:34.322 13581 13581 I InputMethodService: customizeBottomViewColor, isCustom : true
06-14 17:22:34.322 13581 13581 I IMEBottomManager: customizeBottomViewColor, isCustom : true
06-14 17:22:34.322 13815 13815 I HandWritingStubImpl: isKeyboardTypeChanged: false
06-14 17:22:34.328 13581 14610 W System.err: java.lang.SecurityException: getDataNetworkTypeForSubscriber
06-14 17:22:34.328 13581 14610 W System.err: 	at android.os.Parcel.createExceptionOrNull(Parcel.java:2426)
06-14 17:22:34.328 13581 14610 W System.err: 	at android.os.Parcel.createException(Parcel.java:2410)
06-14 17:22:34.328 13581 14610 W System.err: 	at android.os.Parcel.readException(Parcel.java:2393)
06-14 17:22:34.328 13581 14610 W System.err: 	at android.os.Parcel.readException(Parcel.java:2335)
06-14 17:22:34.328 13581 14610 W System.err: 	at com.android.internal.telephony.ITelephony$Stub$Proxy.getNetworkTypeForSubscriber(ITelephony.java:9323)
06-14 17:22:34.328 13581 14610 W System.err: 	at android.telephony.TelephonyManager.getNetworkType(TelephonyManager.java:2971)
06-14 17:22:34.328 13581 14610 W System.err: 	at android.telephony.TelephonyManager.getNetworkType(TelephonyManager.java:2935)
06-14 17:22:34.328 13581 14610 W System.err: 	at com.sogou.bu.basic.util.InfoManager.t(SogouSource:468)
06-14 17:22:34.328 13581 14610 W System.err: 	at com.sohu.inputmethod.flx.b.n(SogouSource:203)
06-14 17:22:34.328 13581 14610 W System.err: 	at cnh$j.a(SogouSource:750)
06-14 17:22:34.328 13581 14610 W System.err: 	at cnh.a(SogouSource:1931)
06-14 17:22:34.328 13581 14610 W System.err: 	at cnl.a(SogouSource:562)
06-14 17:22:34.328 13581 14610 W System.err: 	at com.sohu.inputmethod.sogou.MainImeServiceDel.hQ(SogouSource:9765)
06-14 17:22:34.328 13581 14610 W System.err: 	at com.sohu.inputmethod.sogou.MainImeServiceDel.lambda$hDNuEpXxMoRkwa0gwYA6-uVthVo(Unknown Source:0)
06-14 17:22:34.328 13581 14610 W System.err: 	at com.sohu.inputmethod.sogou.-$$Lambda$MainImeServiceDel$hDNuEpXxMoRkwa0gwYA6-uVthVo.call(Unknown Source:2)
06-14 17:22:34.328 13581 14610 W System.err: 	at bad.call(SogouSource:82)
06-14 17:22:34.328 13581 14610 W System.err: 	at bab.a(SogouSource:143)
06-14 17:22:34.328 13581 14610 W System.err: 	at bab.a(SogouSource:128)
06-14 17:22:34.328 13581 14610 W System.err: 	at bay$a.run(SogouSource:77)
06-14 17:22:34.328 13581 14610 W System.err: 	at bbd.run(SogouSource:70)
06-14 17:22:34.328 13581 14610 W System.err: 	at java.util.concurrent.ThreadPoolExecutor.runWorker(ThreadPoolExecutor.java:1167)
06-14 17:22:34.328 13581 14610 W System.err: 	at java.util.concurrent.ThreadPoolExecutor$Worker.run(ThreadPoolExecutor.java:641)
06-14 17:22:34.328 13581 14610 W System.err: 	at java.lang.Thread.run(Thread.java:920)
06-14 17:22:34.328 13581 13581 I RichImeStatus: onConfigImeType:[curLanId: 0, imeType: 2]
06-14 17:22:34.337  2431  5696 I InputMethodManagerService: IMMS.applyImeVisibility(), setVisible = true, mCurclient = ClientState{8cead1c uid=10486 pid=13815 displayId=0}
06-14 17:22:34.337  2431  5696 I WindowManager: WMS.showImePostLayout(), imeTarget = Window{c5106db u0 cn.missevan/cn.missevan.activity.MainActivity}
06-14 17:22:34.338  4233  4233 I OneHandedController: stopOneHanded mState=STATE_NONE, uiEvent=ONE_HANDED_TRIGGER_POP_IME_OUT
06-14 17:22:34.340  2431  4801 I SmartPower.com.sohu.inputmethod.sogou.xiaomi:scrashly/10132(13802): visible->invisible(24ms) R(become invisible) adj=925.
06-14 17:22:34.345  2431  4801 I WindowManagerService: Physical orientation applied, rotation=0 sfOrientation=ORIENTATION_0
06-14 17:22:34.348 13581 13581 E BaseInputMethodService: onComputeInsets
06-14 17:22:34.355  4233  4233 I OneHandedController: stopOneHanded mState=STATE_NONE, uiEvent=ONE_HANDED_TRIGGER_POP_IME_OUT
06-14 17:22:34.359 13581 13581 E BaseInputMethodService: onComputeInsets
06-14 17:22:34.360  2431  2638 I ImeInsetsSourceProvider: ImeInsetsSourceProvider.scheduleShowImePostLayout() Run showImeRunner.
06-14 17:22:34.360  2431  2638 I ImeInsetsSourceProvider: ImeInsetsSourceProvider.scheduleShowImePostLayout() isReadyToShowIme.
06-14 17:22:34.361 13815 13815 D InsetsController: show(ime(), fromIme=true)
06-14 17:22:34.363 13815 13815 I HandWritingStubImpl: isKeyboardTypeChanged: false
06-14 17:22:34.367  2431  2637 I WindowManager: input method visible height changed 885
06-14 17:22:34.368  2431  2638 W Choreographer: Frame time is 0.005936 ms in the future!  Check that graphics HAL is generating vsync timestamps using the correct timebase.
06-14 17:22:34.369  5735  5735 I f       : startRecord newCounts: 43
06-14 17:22:34.370  4591  9465 W AdaptiveDiscoveryWorker: Exiting Adaptive Discovery. Current NetworkInfo is NULL.
06-14 17:22:34.396  2018  3127 D libsensor-displayalgo: the value of  brightness:438.000000,R:77375716.939127,G:77376143.464170,B:77391269.635761,EVENT_C:7288.000000,EVENT_R:2770.000000,EVENT_G:3718.000000,EVENT_B:1471.500000
06-14 17:22:34.397  2018  3127 I libsensor-displayalgo: the value of  Coef1:1107.681000,Coef4:2.383000, scale1:0.935522, scale4:0.923264
06-14 17:22:34.397  2018  3127 E libsensor-displayalgo: RGB_test_0407_400_oldzy!
06-14 17:22:34.397  2018  3127 I libsensor-displayalgo: the value of  RESULT3118.837702,1232.115395,1511.231984,565.637200
06-14 17:22:34.397  2018  3127 I libsensor-displayalgo: the value of  getChannelDataCalibrated3269.931069,1141.176343,1756.511250,617.354941
06-14 17:22:34.397  2018  3127 I libsensor-displayalgo: the value of  REAL LUX242.025299
06-14 17:22:34.397  2018  3127 I libsensor-displayalgo: the value of  CAL REAL LUX242.025299
06-14 17:22:34.406  1265  2358 I vendor.qti.hardware.display.composer-service: FrameNotifyProcess Sensor: notify citsensorservice to trigger cwb
06-14 17:22:34.406  2018  2108 I libcitsensorservice@2.0-impl: msg_transfer
06-14 17:22:34.406  2018  3098 D vendor.xiaomi.sensor.citsensorservice@2.0-service: handle id:9 wxh:1280x2400 uwxuh:1080x2400 size: 9216000 fd:15 fd_meta:16 flags:0x4000228 usage:0x33  format:0x3 layer_count: 1
06-14 17:22:34.407  1265  1890 I SDM     : HWCSession::SetCWBOutputBuffer: CWB config passed by cwb_client : tappoint 1  CWB_ROI : (829.000000 4.000000 915.000000 90.000000)
06-14 17:22:34.415  1265 15013 I SDM     : HWCSession::ProcessRequests: Successfully configured CWB buffer.
06-14 17:22:34.421  1265 15013 I SDM     : HWCSession::ProcessRequests: Pushing release fence in fenece wait queue.
06-14 17:22:34.421  1265 15013 I SDM     : HWCSession::ProcessRequests: Creating AsyncFenceWaits async thread.
06-14 17:22:34.421  1265 15013 I SDM     : HWCSession::ProcessRequests: Remove current CWB request from the pending request queue.
06-14 17:22:34.422  1265 15013 I SDM     : HWCSession::ProcessRequests: No pending cwb requests found in the queue.
06-14 17:22:34.428  1265  1584 I SDM     : HWDeviceDRM::SetupConcurrentWriteback: Tear down the Concurrent Writeback topology
06-14 17:22:34.429  4233  4233 I OneHandedController: stopOneHanded mState=STATE_NONE, uiEvent=ONE_HANDED_TRIGGER_POP_IME_OUT
06-14 17:22:34.435  1265 15014 I SDM     : HWCSession::NotifyCWBStatus: Notify the client about buffer status 0.
06-14 17:22:34.435  1265 15014 I SDM     : HWCSession::PerformFenceWaits: Remove current release fence from the pending fence wait queue.
06-14 17:22:34.435  1265 15014 I SDM     : HWCSession::PerformFenceWaits: CWB fence queue is empty. No pending release fence to wait on.
06-14 17:22:34.502  5405  9716 D SLM-SRV-SLAService: checktemp temperature = 33843 temperature_average = 33683 isPerformanceMode = false thermal_enable_slm = true
06-14 17:22:34.619 13815 13815 I HandWritingStubImpl: isKeyboardTypeChanged: false
06-14 17:22:34.620 13815 13815 I HandWritingStubImpl: isKeyboardTypeChanged: false
06-14 17:22:34.642  2431  3408 I BatteryService: current mPlugType2current mHealthInfo.batteryLevel100current mHealthInfo.batteryTemperature328
06-14 17:22:34.646  5858  7526 D ThermalIECHandler: storeDataStyle: thermal_iec_monitor_persistence_data_style_iec_state; startIECTime: -1; IECScreenOffOverPeriodTime: 15568078
06-14 17:22:34.646  4145  4145 D QtiCarrierConfigHelper: WARNING, no carrier configs on phone Id: 1
06-14 17:22:34.648  5858  6736 D PowerKeeper.FrozenApp: onBatteryChanged plug=true mBatteryPlugged=2
06-14 17:22:34.649  5858  7218 D PowerCheckerService: onBatteryChanged, mBatteryLevel = 100, status = 2, level = 100, plug = 2, scale = 100
06-14 17:22:34.649  5858  7667 D PowerKeeper.Thermal: mBatteryTemperature: 32
06-14 17:22:34.649  2431  2647 I android_os_HwBinder: HwBinder: Starting thread pool for getting: vendor.xiaomi.hardware.micharge@1.0::IMiCharge/default
06-14 17:22:34.649  1322  1322 E vendor.xiaomi.hardware.micharge@1.0-service: Failed to open node /sys/class/qcom-battery/reverse_chg_mode
06-14 17:22:34.650  1322  1322 I vendor.xiaomi.hardware.micharge@1.0-service: ReadFilePathValue path = /sys/class/qcom-battery/reverse_chg_mode value =
06-14 17:22:34.651  4176  4176 V DeviceStatisticsService: chargerType=2 batteryLevel=100 totalBatteryCapacity=4275000
06-14 17:22:34.651  4190  4190 D DynamicService:  ACTION_BATTERY_CHANGED change,USB plug = 2
06-14 17:22:34.652  2431  2647 I android_os_HwBinder: HwBinder: Starting thread pool for getting: vendor.xiaomi.hardware.micharge@1.0::IMiCharge/default
06-14 17:22:34.652  5735  5735 I BatteryInfoReceiver: ACTION_BATTERY_CHANGED
06-14 17:22:34.653  1322  1322 I vendor.xiaomi.hardware.micharge@1.0-service: ReadFilePathValue path = /sys/class/qcom-battery/fastchg_mode value = 0
06-14 17:22:34.657  5735  5735 I PowerNoticeUI: handleBatteryChanged oldPlugType 2 mPlugType 2 oldBatteryLevel 100 mBatteryLevel 100 temperature 328
06-14 17:22:34.692  1930  1967 I mstatdaemon: Entering time loop
06-14 17:22:34.693  1930  1967 I mstatdaemon: t = 1686734554
06-14 17:22:34.693  1930  1967 I mstatdaemon: translated_t = 1370744554
06-14 17:22:34.693  1930  1967 I mstat_log: mstatcommitLog log_alloc() failed
06-14 17:22:34.697  2018  3127 D libsensor-displayalgo: the value of  brightness:438.000000,R:77375716.939127,G:77376143.464170,B:77391269.635761,EVENT_C:7285.000000,EVENT_R:2768.500000,EVENT_G:3718.000000,EVENT_B:1468.000000
06-14 17:22:34.697  2018  3127 I libsensor-displayalgo: the value of  Coef1:1107.681000,Coef4:2.383000, scale1:0.935522, scale4:0.923264
06-14 17:22:34.697  2018  3127 E libsensor-displayalgo: RGB_test_0407_400_oldzy!
06-14 17:22:34.697  2018  3127 I libsensor-displayalgo: the value of  RESULT3118.837702,1232.115395,1511.231984,565.637200
06-14 17:22:34.697  2018  3127 I libsensor-displayalgo: the value of  getChannelDataCalibrated3269.931069,1141.176343,1756.511250,617.354941
06-14 17:22:34.698  2018  3127 I libsensor-displayalgo: the value of  REAL LUX242.154480
06-14 17:22:34.698  2018  3127 I libsensor-displayalgo: the value of  CAL REAL LUX242.154480
06-14 17:22:34.784  1265  2358 I vendor.qti.hardware.display.composer-service: FrameNotifyProcess Sensor: notify citsensorservice to trigger cwb
06-14 17:22:34.784  2018  3874 I libcitsensorservice@2.0-impl: msg_transfer
06-14 17:22:34.784  2018  3098 D vendor.xiaomi.sensor.citsensorservice@2.0-service: handle id:9 wxh:1280x2400 uwxuh:1080x2400 size: 9216000 fd:15 fd_meta:16 flags:0x4000228 usage:0x33  format:0x3 layer_count: 1
06-14 17:22:34.785  1265  1890 I SDM     : HWCSession::SetCWBOutputBuffer: CWB config passed by cwb_client : tappoint 1  CWB_ROI : (829.000000 4.000000 915.000000 90.000000)
06-14 17:22:34.786  1265 15016 I SDM     : HWCSession::ProcessRequests: Successfully configured CWB buffer.
06-14 17:22:34.793  1265 15016 I SDM     : HWCSession::ProcessRequests: Pushing release fence in fenece wait queue.
06-14 17:22:34.793  1265 15016 I SDM     : HWCSession::ProcessRequests: Creating AsyncFenceWaits async thread.
06-14 17:22:34.793  1265  2358 I vendor.qti.hardware.display.composer-service: FrameNotifyProcess Sensor: notify citsensorservice to trigger cwb
06-14 17:22:34.794  2018  3874 I libcitsensorservice@2.0-impl: msg_transfer
06-14 17:22:34.794  1265 15016 I SDM     : HWCSession::ProcessRequests: Remove current CWB request from the pending request queue.
06-14 17:22:34.794  1265 15016 I SDM     : HWCSession::ProcessRequests: No pending cwb requests found in the queue.
06-14 17:22:34.798  1265  1584 I SDM     : HWDeviceDRM::SetupConcurrentWriteback: Tear down the Concurrent Writeback topology
06-14 17:22:34.805  1265 15018 I SDM     : HWCSession::NotifyCWBStatus: Notify the client about buffer status 0.
06-14 17:22:34.805  1265 15018 I SDM     : HWCSession::PerformFenceWaits: Remove current release fence from the pending fence wait queue.
06-14 17:22:34.805  1265 15018 I SDM     : HWCSession::PerformFenceWaits: CWB fence queue is empty. No pending release fence to wait on.
06-14 17:22:34.997  2018  3127 D libsensor-displayalgo: the value of  brightness:438.000000,R:77375716.939127,G:77376143.464170,B:77391269.635761,EVENT_C:7296.000000,EVENT_R:2771.500000,EVENT_G:3721.000000,EVENT_B:1470.000000
06-14 17:22:34.997  2018  3127 I libsensor-displayalgo: the value of  Coef1:1107.681000,Coef4:2.383000, scale1:0.935522, scale4:0.923264
06-14 17:22:34.997  2018  3127 E libsensor-displayalgo: RGB_test_0407_400_oldzy!
06-14 17:22:34.997  2018  3127 I libsensor-displayalgo: the value of  RESULT3118.837702,1232.115395,1511.231984,565.637200
06-14 17:22:34.997  2018  3127 I libsensor-displayalgo: the value of  getChannelDataCalibrated3269.931069,1141.176343,1756.511250,617.354941
06-14 17:22:34.998  2018  3127 I libsensor-displayalgo: the value of  REAL LUX242.791718
06-14 17:22:34.998  2018  3127 I libsensor-displayalgo: the value of  CAL REAL LUX242.791718
06-14 17:22:35.017  4233  4233 D MiPlayDetailViewModel: onPositionChange(): position = 4102
06-14 17:22:35.017  5809 14967 I SafeBinderCall: onPositionChange binder cost:1
06-14 17:22:35.121 13815 13815 I HandWritingStubImpl: isKeyboardTypeChanged: false
06-14 17:22:35.122 13815 13815 I HandWritingStubImpl: isKeyboardTypeChanged: false
06-14 17:22:35.136  1265  2358 I vendor.qti.hardware.display.composer-service: FrameNotifyProcess Sensor: notify citsensorservice to trigger cwb
06-14 17:22:35.137  2018  2108 I libcitsensorservice@2.0-impl: msg_transfer
06-14 17:22:35.139  2018  3098 D vendor.xiaomi.sensor.citsensorservice@2.0-service: handle id:9 wxh:1280x2400 uwxuh:1080x2400 size: 9216000 fd:15 fd_meta:16 flags:0x4000228 usage:0x33  format:0x3 layer_count: 1
06-14 17:22:35.139  1265  1890 I SDM     : HWCSession::SetCWBOutputBuffer: CWB config passed by cwb_client : tappoint 1  CWB_ROI : (829.000000 4.000000 915.000000 90.000000)
06-14 17:22:35.144  1265 15020 I SDM     : HWCSession::ProcessRequests: Successfully configured CWB buffer.
06-14 17:22:35.153  1265 15020 I SDM     : HWCSession::ProcessRequests: Pushing release fence in fenece wait queue.
06-14 17:22:35.154  1265 15020 I SDM     : HWCSession::ProcessRequests: Creating AsyncFenceWaits async thread.
06-14 17:22:35.154  1265 15020 I SDM     : HWCSession::ProcessRequests: Remove current CWB request from the pending request queue.
06-14 17:22:35.154  1265 15020 I SDM     : HWCSession::ProcessRequests: No pending cwb requests found in the queue.
06-14 17:22:35.160  1265  1584 I SDM     : HWDeviceDRM::SetupConcurrentWriteback: Tear down the Concurrent Writeback topology
06-14 17:22:35.167  1265 15021 I SDM     : HWCSession::NotifyCWBStatus: Notify the client about buffer status 0.
06-14 17:22:35.168  1265 15021 I SDM     : HWCSession::PerformFenceWaits: Remove current release fence from the pending fence wait queue.
06-14 17:22:35.168  1265 15021 I SDM     : HWCSession::PerformFenceWaits: CWB fence queue is empty. No pending release fence to wait on.
06-14 17:22:35.193 13672 13796 I appium  : channel read: POST /wd/hub/session/6f052ff6-a7d6-495c-9b6c-0e28c167043c/appium/device/press_keycode
06-14 17:22:35.194 13672 13796 I appium  : PressKeyCode command
06-14 17:22:35.194 13672 13796 I appium  : Calling PressKeyCode...
06-14 17:22:35.204  2431  4801 W MiuiInputKeyEventLog: keyCode:4 down:true eventTime:14042035 downTime:14042035 policyFlags:2b000000 flags:0 metaState:0 deviceId:-1 isScreenOn:true keyguardActive:false repeatCount:0
06-14 17:22:35.206  2431  4801 D WindowManager: interceptKeyTq keycode=4 interactive=true keyguardActive=false policyFlags=2b000000
06-14 17:22:35.206  2431  2635 W ActivityManager: Sending non-protected broadcast miui.intent.KEYCODE_BACK from system 2431:system/1000 pkg android. Callers=com.android.server.am.ActivityManagerService.broadcastIntentLocked:13794 com.android.server.am.ActivityManagerService.broadcastIntentLocked:13204 com.android.server.am.ActivityManagerService.broadcastIntentWithFeature:14053 android.app.ContextImpl.sendBroadcastAsUser:1400 com.android.server.policy.BaseMiuiPhoneWindowManager$16.run:2837
06-14 17:22:35.206  2431  2635 W ActivityManager: Sending non-protected broadcast miui.intent.KEYCODE_BACK from system 2431:system/1000 pkg android. Callers=com.android.server.am.ActivityManagerService.broadcastIntentLocked:13893 com.android.server.am.ActivityManagerService.broadcastIntentLocked:13204 com.android.server.am.ActivityManagerService.broadcastIntentWithFeature:14053 android.app.ContextImpl.sendBroadcastAsUser:1400 com.android.server.policy.BaseMiuiPhoneWindowManager$16.run:2837
06-14 17:22:35.207  2431  4801 D MIUIInput: Input event injection from pid 13642, KeyEvent:DOWN, keycode:4
06-14 17:22:35.208  2431  2938 D WindowManager: interceptKeyTi keyCode=4 down=true repeatCount=0 keyguardOn=false canceled=false
06-14 17:22:35.209  2431  2938 D MIUIInput: [KeyEvent] publisher action:0x0,  keyCode:4 , 14042035,channel 'c5106db cn.missevan/cn.missevan.activity.MainActivity (server)'
06-14 17:22:35.211 13815 13815 D MIUIInput: [KeyEvent] ViewRootImpl windowName 'cn.missevan/cn.missevan.activity.MainActivity', KeyEvent { action=ACTION_DOWN, keyCode=KEYCODE_BACK, scanCode=0, metaState=0, flags=0x0, repeatCount=0, eventTime=14042035, downTime=14042035, deviceId=-1, source=0x101, displayId=-1 }, phoneEventTime=17:22:35.196
06-14 17:22:35.214  2431  4801 W MiuiInputKeyEventLog: keyCode:4 down:false eventTime:14042035 downTime:14042035 policyFlags:2b000000 flags:0 metaState:0 deviceId:-1 isScreenOn:true keyguardActive:false repeatCount:0
06-14 17:22:35.216  2431  2635 W ActivityManager: Sending non-protected broadcast miui.intent.KEYCODE_BACK from system 2431:system/1000 pkg android. Callers=com.android.server.am.ActivityManagerService.broadcastIntentLocked:13794 com.android.server.am.ActivityManagerService.broadcastIntentLocked:13204 com.android.server.am.ActivityManagerService.broadcastIntentWithFeature:14053 android.app.ContextImpl.sendBroadcastAsUser:1400 com.android.server.policy.BaseMiuiPhoneWindowManager$16.run:2837
06-14 17:22:35.216  2431  2635 W ActivityManager: Sending non-protected broadcast miui.intent.KEYCODE_BACK from system 2431:system/1000 pkg android. Callers=com.android.server.am.ActivityManagerService.broadcastIntentLocked:13893 com.android.server.am.ActivityManagerService.broadcastIntentLocked:13204 com.android.server.am.ActivityManagerService.broadcastIntentWithFeature:14053 android.app.ContextImpl.sendBroadcastAsUser:1400 com.android.server.policy.BaseMiuiPhoneWindowManager$16.run:2837
06-14 17:22:35.217  2431  4801 D WindowManager: interceptKeyTq keycode=4 interactive=true keyguardActive=false policyFlags=2b000000
06-14 17:22:35.218  2431  4801 D MIUIInput: Input event injection from pid 13642, KeyEvent:UP, keycode:4
06-14 17:22:35.218  2431  2938 D WindowManager: interceptKeyTi keyCode=4 down=false repeatCount=0 keyguardOn=false canceled=false
06-14 17:22:35.219  2431  2938 D MIUIInput: [KeyEvent] publisher action:0x1,  keyCode:4 , 14042035,channel 'c5106db cn.missevan/cn.missevan.activity.MainActivity (server)'
06-14 17:22:35.219 13815 13815 D MIUIInput: [KeyEvent] ViewRootImpl windowName 'cn.missevan/cn.missevan.activity.MainActivity', KeyEvent { action=ACTION_UP, keyCode=KEYCODE_BACK, scanCode=0, metaState=0, flags=0x0, repeatCount=0, eventTime=14042035, downTime=14042035, deviceId=-1, source=0x101, displayId=-1 }, phoneEventTime=17:22:35.196
06-14 17:22:35.220 13581 13581 E BaseInputMethodService: onFinishInputView
06-14 17:22:35.223 13815 13815 I HandWritingStubImpl: isKeyboardTypeChanged: false
06-14 17:22:35.224 13815 13815 I HandWritingStubImpl: isKeyboardTypeChanged: false
06-14 17:22:35.231 13581 13581 E BaseInputMethodService: onComputeInsets
06-14 17:22:35.231  5858  5878 D MirrorManager:  sendAcceptInput 0 0
06-14 17:22:35.234 13581 13581 E BaseInputMethodService: onConfigureWindow
