12-22 11:44:42.458  2027  3266 D vendor.xiaomi.sensor.citsensorservice@2.0-service: handle id:10 wxh:1280x2400 uwxuh:1080x2400 size: 9216000 fd:15 fd_meta:16 flags:0x4000228 usage:0x33  format:0x3 layer_count: 1
12-22 11:44:42.458  1251  2216 I SDM     : HWCSession::SetCWBOutputBuffer: CWB config passed by cwb_client : tappoint 1  CWB_ROI : (829.000000 4.000000 915.000000 90.000000)
12-22 11:44:42.459  1251 28280 I SDM     : HWCSession::ProcessRequests: Successfully configured CWB buffer.
12-22 11:44:42.469  1251 28280 I SDM     : HWCSession::ProcessRequests: Pushing release fence in fenece wait queue.
12-22 11:44:42.469  1251 28280 I SDM     : HWCSession::ProcessRequests: Creating AsyncFenceWaits async thread.
12-22 11:44:42.469  1251 28280 I SDM     : HWCSession::ProcessRequests: Remove current CWB request from the pending request queue.
12-22 11:44:42.470  1251 28280 I SDM     : HWCSession::ProcessRequests: No pending cwb requests found in the queue.
12-22 11:44:42.474  1251  1467 I SDM     : HWDeviceDRM::SetupConcurrentWriteback: Tear down the Concurrent Writeback topology
12-22 11:44:42.483  1251 28281 I SDM     : HWCSession::NotifyCWBStatus: Notify the client about buffer status 0.
12-22 11:44:42.483  1251 28281 I SDM     : HWCSession::PerformFenceWaits: Remove current release fence from the pending fence wait queue.
12-22 11:44:42.483  1251 28281 I SDM     : HWCSession::PerformFenceWaits: CWB fence queue is empty. No pending release fence to wait on.
12-22 11:44:42.682  2027  3285 D libsensor-displayalgo: the value of  brightness:369.000000,R:9326270.138849,G:7860492.536328,B:13055050.203041,EVENT_C:1284.500000,EVENT_R:614.000000,EVENT_G:668.000000,EVENT_B:308.000000
12-22 11:44:42.682  2027  3285 I libsensor-displayalgo: the value of  Coef1:1107.681000,Coef4:2.383000, scale1:0.935522, scale4:0.923264
12-22 11:44:42.682  2027  3285 E libsensor-displayalgo: RGB_black_white_scenario_0822!
12-22 11:44:42.682  2027  3285 I libsensor-displayalgo: the value of  RESULT294.609094,126.638794,145.725829,59.653304
12-22 11:44:42.682  2027  3285 I libsensor-displayalgo: the value of  getChannelDataCalibrated307.449637,117.521413,168.064094,64.573207
12-22 11:44:42.682  2027  3285 I libsensor-displayalgo: the value of  REAL LUX53.209019
12-22 11:44:42.682  2027  3285 I libsensor-displayalgo: the value of  CAL REAL LUX53.209019
12-22 11:44:42.777  1251  2448 I vendor.qti.hardware.display.composer-service: FrameNotifyProcess Sensor: notify citsensorservice to trigger cwb
12-22 11:44:42.778  2027  2097 I libcitsensorservice@2.0-impl: msg_transfer
12-22 11:44:42.778  2027  3266 D vendor.xiaomi.sensor.citsensorservice@2.0-service: handle id:10 wxh:1280x2400 uwxuh:1080x2400 size: 9216000 fd:15 fd_meta:16 flags:0x4000228 usage:0x33  format:0x3 layer_count: 1
12-22 11:44:42.778  1251  2216 I SDM     : HWCSession::SetCWBOutputBuffer: CWB config passed by cwb_client : tappoint 1  CWB_ROI : (829.000000 4.000000 915.000000 90.000000)
12-22 11:44:42.779  1251 28282 I SDM     : HWCSession::ProcessRequests: Successfully configured CWB buffer.
12-22 11:44:42.789  1251 28282 I SDM     : HWCSession::ProcessRequests: Pushing release fence in fenece wait queue.
12-22 11:44:42.789  1251 28282 I SDM     : HWCSession::ProcessRequests: Creating AsyncFenceWaits async thread.
12-22 11:44:42.789  1251 28282 I SDM     : HWCSession::ProcessRequests: Remove current CWB request from the pending request queue.
12-22 11:44:42.789  1251 28282 I SDM     : HWCSession::ProcessRequests: No pending cwb requests found in the queue.
12-22 11:44:42.795  1251  1467 I SDM     : HWDeviceDRM::SetupConcurrentWriteback: Tear down the Concurrent Writeback topology
12-22 11:44:42.804  1251 28283 I SDM     : HWCSession::NotifyCWBStatus: Notify the client about buffer status 0.
12-22 11:44:42.805  1251 28283 I SDM     : HWCSession::PerformFenceWaits: Remove current release fence from the pending fence wait queue.
12-22 11:44:42.805  1251 28283 I SDM     : HWCSession::PerformFenceWaits: CWB fence queue is empty. No pending release fence to wait on.
12-22 11:44:42.982  2027  3285 D libsensor-displayalgo: the value of  brightness:369.000000,R:9326270.138849,G:7860492.536328,B:13055050.203041,EVENT_C:1281.000000,EVENT_R:612.000000,EVENT_G:665.000000,EVENT_B:308.500000
12-22 11:44:42.982  2027  3285 I libsensor-displayalgo: the value of  Coef1:1107.681000,Coef4:2.383000, scale1:0.935522, scale4:0.923264
12-22 11:44:42.982  2027  3285 E libsensor-displayalgo: RGB_black_white_scenario_0822!
12-22 11:44:42.983  2027  3285 I libsensor-displayalgo: the value of  RESULT294.609094,126.638794,145.725829,59.653304
12-22 11:44:42.983  2027  3285 I libsensor-displayalgo: the value of  getChannelDataCalibrated307.449637,117.521413,168.064094,64.573207
12-22 11:44:42.983  2027  3285 I libsensor-displayalgo: the value of  REAL LUX52.860287
12-22 11:44:42.983  2027  3285 I libsensor-displayalgo: the value of  CAL REAL LUX52.860287
12-22 11:44:42.983  2027  3285 I libsensor-ssccalapi: value of set_lux: 52.860287
12-22 11:44:43.082  1251  2448 I vendor.qti.hardware.display.composer-service: FrameNotifyProcess Sensor: notify citsensorservice to trigger cwb
12-22 11:44:43.082  2027  4130 I libcitsensorservice@2.0-impl: msg_transfer
12-22 11:44:43.082  1328  1328 D SRE     : sensorCallback mDisplayId = 0 dataCallback value=<  52.8600,  68.8662, 369.0000>,time=1413533547050641, sensor=5, temperature(K)=  68.8662
12-22 11:44:43.082  1328  1328 D SRE     : setSREStrength mDisplayId = 0, mLastLux = 29, lux = 52, mSREEnabled = 1, mLastFreezeStatus = 0, freeze = 0
12-22 11:44:43.083  2027  3266 D vendor.xiaomi.sensor.citsensorservice@2.0-service: handle id:10 wxh:1280x2400 uwxuh:1080x2400 size: 9216000 fd:15 fd_meta:16 flags:0x4000228 usage:0x33  format:0x3 layer_count: 1
12-22 11:44:43.083  1251  2216 I SDM     : HWCSession::SetCWBOutputBuffer: CWB config passed by cwb_client : tappoint 1  CWB_ROI : (829.000000 4.000000 915.000000 90.000000)
12-22 11:44:43.084  1251 28284 I SDM     : HWCSession::ProcessRequests: Successfully configured CWB buffer.
12-22 11:44:43.095  1251 28284 I SDM     : HWCSession::ProcessRequests: Pushing release fence in fenece wait queue.
12-22 11:44:43.095  1251 28284 I SDM     : HWCSession::ProcessRequests: Creating AsyncFenceWaits async thread.
12-22 11:44:43.096  1251 28284 I SDM     : HWCSession::ProcessRequests: Remove current CWB request from the pending request queue.
12-22 11:44:43.096  1251 28284 I SDM     : HWCSession::ProcessRequests: No pending cwb requests found in the queue.
12-22 11:44:43.099  1251  1467 I SDM     : HWDeviceDRM::SetupConcurrentWriteback: Tear down the Concurrent Writeback topology
12-22 11:44:43.108  1251 28285 I SDM     : HWCSession::NotifyCWBStatus: Notify the client about buffer status 0.
12-22 11:44:43.108  1251 28285 I SDM     : HWCSession::PerformFenceWaits: Remove current release fence from the pending fence wait queue.
12-22 11:44:43.108  1251 28285 I SDM     : HWCSession::PerformFenceWaits: CWB fence queue is empty. No pending release fence to wait on.
12-22 11:44:43.260 26463 26472 I tomator2.serve: This is sticky GC, maxfree is 8388608 minfree is 2097152
12-22 11:44:43.281  2027  3285 D libsensor-displayalgo: the value of  brightness:369.000000,R:9326270.138849,G:7860492.536328,B:13055050.203041,EVENT_C:1284.500000,EVENT_R:613.500000,EVENT_G:667.000000,EVENT_B:307.000000
12-22 11:44:43.282  2027  3285 I libsensor-displayalgo: the value of  Coef1:1107.681000,Coef4:2.383000, scale1:0.935522, scale4:0.923264
12-22 11:44:43.282  2027  3285 E libsensor-displayalgo: RGB_black_white_scenario_0822!
12-22 11:44:43.282  2027  3285 I libsensor-displayalgo: the value of  RESULT294.609094,126.638794,145.725829,59.653304
12-22 11:44:43.282  2027  3285 I libsensor-displayalgo: the value of  getChannelDataCalibrated307.449637,117.521413,168.064094,64.573207
12-22 11:44:43.282  2027  3285 I libsensor-displayalgo: the value of  REAL LUX53.263603
12-22 11:44:43.282  2027  3285 I libsensor-displayalgo: the value of  CAL REAL LUX53.263603
12-22 11:44:43.351 13055 13378 D WorkerThreadMonitor: Kill MSF check result[ senderSize:0,sendInterval:49034,receiveInterval=19007,addCmdCount=229
12-22 11:44:43.403  1251  2448 I vendor.qti.hardware.display.composer-service: FrameNotifyProcess Sensor: notify citsensorservice to trigger cwb
12-22 11:44:43.403  2027  4130 I libcitsensorservice@2.0-impl: msg_transfer
12-22 11:44:43.404  2027  3266 D vendor.xiaomi.sensor.citsensorservice@2.0-service: handle id:10 wxh:1280x2400 uwxuh:1080x2400 size: 9216000 fd:15 fd_meta:16 flags:0x4000228 usage:0x33  format:0x3 layer_count: 1
12-22 11:44:43.404  1251  2216 I SDM     : HWCSession::SetCWBOutputBuffer: CWB config passed by cwb_client : tappoint 1  CWB_ROI : (829.000000 4.000000 915.000000 90.000000)
12-22 11:44:43.405  1251 28286 I SDM     : HWCSession::ProcessRequests: Successfully configured CWB buffer.
12-22 11:44:43.414  1251 28286 I SDM     : HWCSession::ProcessRequests: Pushing release fence in fenece wait queue.
12-22 11:44:43.414  1251 28286 I SDM     : HWCSession::ProcessRequests: Creating AsyncFenceWaits async thread.
12-22 11:44:43.414  1251 28286 I SDM     : HWCSession::ProcessRequests: Remove current CWB request from the pending request queue.
12-22 11:44:43.414  1251 28286 I SDM     : HWCSession::ProcessRequests: No pending cwb requests found in the queue.
12-22 11:44:43.420  1251  1467 I SDM     : HWDeviceDRM::SetupConcurrentWriteback: Tear down the Concurrent Writeback topology
12-22 11:44:43.429  1251 28287 I SDM     : HWCSession::NotifyCWBStatus: Notify the client about buffer status 0.
12-22 11:44:43.430  1251 28287 I SDM     : HWCSession::PerformFenceWaits: Remove current release fence from the pending fence wait queue.
12-22 11:44:43.430  1251 28287 I SDM     : HWCSession::PerformFenceWaits: CWB fence queue is empty. No pending release fence to wait on.
12-22 11:44:43.682  2027  3285 D libsensor-displayalgo: the value of  brightness:369.000000,R:9326270.138849,G:7860492.536328,B:13055050.203041,EVENT_C:1287.500000,EVENT_R:617.000000,EVENT_G:669.500000,EVENT_B:309.500000
12-22 11:44:43.682  2027  3285 I libsensor-displayalgo: the value of  Coef1:1107.681000,Coef4:2.383000, scale1:0.935522, scale4:0.923264
12-22 11:44:43.682  2027  3285 E libsensor-displayalgo: RGB_black_white_scenario_0822!
12-22 11:44:43.682  2027  3285 I libsensor-displayalgo: the value of  RESULT294.609094,126.638794,145.725829,59.653304
12-22 11:44:43.683  2027  3285 I libsensor-displayalgo: the value of  getChannelDataCalibrated307.449637,117.521413,168.064094,64.573207
12-22 11:44:43.683  2027  3285 I libsensor-displayalgo: the value of  REAL LUX53.254028
12-22 11:44:43.683  2027  3285 I libsensor-displayalgo: the value of  CAL REAL LUX53.254028
12-22 11:44:43.705  2475  3037 D MIUIInput: [MotionEvent] publisher action=0x4, 584188073, channel 'a6e61f2 NavigationBar0 (server)'
12-22 11:44:43.705  2475  3037 D MIUIInput: [MotionEvent] publisher action=0x0, 584188073, channel 'da81964 com.lbe.security.miui/com.android.packageinstaller.permission.ui.GrantPermissionsActivity (server)'
12-22 11:44:43.708  1251  2448 I vendor.qti.hardware.display.composer-service: FrameNotifyProcess Sensor: notify citsensorservice to trigger cwb
12-22 11:44:43.708  2027  4130 I libcitsensorservice@2.0-impl: msg_transfer
12-22 11:44:43.708  2027  3266 D vendor.xiaomi.sensor.citsensorservice@2.0-service: handle id:10 wxh:1280x2400 uwxuh:1080x2400 size: 9216000 fd:15 fd_meta:16 flags:0x4000228 usage:0x33  format:0x3 layer_count: 1
12-22 11:44:43.708  1251  2216 I SDM     : HWCSession::SetCWBOutputBuffer: CWB config passed by cwb_client : tappoint 1  CWB_ROI : (829.000000 4.000000 915.000000 90.000000)
12-22 11:44:43.710  1251 28288 I SDM     : HWCSession::ProcessRequests: Successfully configured CWB buffer.
12-22 11:44:43.717  5652  7078 W MiuiPerfServiceClient: interceptAndQueuing:26565|cn.missevan|131|59|584186168546263|Slow main thread|4
12-22 11:44:43.719  5652  7078 W MiuiPerfServiceClient: interceptAndQueuing:26565|cn.missevan|236|121|584186495347200|Slow handle traversal|3
12-22 11:44:43.722  1251 28288 I SDM     : HWCSession::ProcessRequests: Pushing release fence in fenece wait queue.
12-22 11:44:43.722  1251 28288 I SDM     : HWCSession::ProcessRequests: Creating AsyncFenceWaits async thread.
12-22 11:44:43.722  1251 28288 I SDM     : HWCSession::ProcessRequests: Remove current CWB request from the pending request queue.
12-22 11:44:43.723  1251 28288 I SDM     : HWCSession::ProcessRequests: No pending cwb requests found in the queue.
12-22 11:44:43.725  1251  1467 I SDM     : HWDeviceDRM::SetupConcurrentWriteback: Tear down the Concurrent Writeback topology
12-22 11:44:43.737  1251 28289 I SDM     : HWCSession::NotifyCWBStatus: Notify the client about buffer status 0.
12-22 11:44:43.737  1251 28289 I SDM     : HWCSession::PerformFenceWaits: Remove current release fence from the pending fence wait queue.
12-22 11:44:43.737  1251 28289 I SDM     : HWCSession::PerformFenceWaits: CWB fence queue is empty. No pending release fence to wait on.
12-22 11:44:43.754  2475  3037 D MIUIInput: [MotionEvent] publisher action=0x1, 584188122, channel 'da81964 com.lbe.security.miui/com.android.packageinstaller.permission.ui.GrantPermissionsActivity (server)'
12-22 11:44:43.764 20304 20444 D IdProviderImpl: getOAID from com.miui.analytics
12-22 11:44:43.784  5561 32365 I MediaProvider: Invalidating LocalCallingIdentity cache for package cn.missevan. Reason: op android:read_external_storage
12-22 11:44:43.785  1411 25676 D AF::TrackHandle: OpPlayAudio: track:817 usage:1 not muted
12-22 11:44:43.787  1411 25676 D AF::TrackHandle: OpPlayAudio: track:817 usage:1 not muted
12-22 11:44:43.787  5561 32365 I MediaProvider: Invalidating LocalCallingIdentity cache for package cn.missevan. Reason: op android:read_external_storage
12-22 11:44:43.787  1411 25676 D AF::TrackHandle: OpPlayAudio: track:817 usage:1 not muted
12-22 11:44:43.789  1411 22240 D AF::TrackHandle: OpPlayAudio: track:817 usage:1 not muted
12-22 11:44:43.792  5561 32365 I MediaProvider: Invalidating LocalCallingIdentity cache for package cn.missevan. Reason: op android:read_external_storage
12-22 11:44:43.792  5561 32365 I MediaProvider: Invalidating LocalCallingIdentity cache for package cn.missevan. Reason: op android:read_external_storage
12-22 11:44:43.795  1411 22240 D AF::TrackHandle: OpPlayAudio: track:817 usage:1 not muted
12-22 11:44:43.796  1411 22240 D AF::TrackHandle: OpPlayAudio: track:817 usage:1 not muted
12-22 11:44:43.797  5561  5583 I MediaProvider: Invalidating LocalCallingIdentity cache for package cn.missevan. Reason: op android:read_external_storage
12-22 11:44:43.798  1411 22240 D AF::TrackHandle: OpPlayAudio: track:817 usage:1 not muted
12-22 11:44:43.799  5561  5583 I MediaProvider: Invalidating LocalCallingIdentity cache for package cn.missevan. Reason: op android:read_external_storage
12-22 11:44:43.801  5561 32365 I MediaProvider: Invalidating LocalCallingIdentity cache for package cn.missevan. Reason: op android:read_external_storage
12-22 11:44:43.803 16926 16926 V GrantPermissionsActivity: Permission grant result requestId=2173588211700898239 callingUid=10269 callingPackage=cn.missevan permission=android.permission.WRITE_EXTERNAL_STORAGE isImplicit=false result=4
12-22 11:44:43.803 16926 16926 V GrantPermissionsActivity: Permission grant result requestId=2173588211700898239 callingUid=10269 callingPackage=cn.missevan permission=android.permission.READ_EXTERNAL_STORAGE isImplicit=false result=4
12-22 11:44:43.803 16926 16926 V GrantPermissionsActivity: Permission grant result requestId=2173588211700898239 callingUid=10269 callingPackage=cn.missevan permission=android.permission.ACCESS_MEDIA_LOCATION isImplicit=true result=4
12-22 11:44:43.826  2475  6391 D PerfImpl: perfWarmLaunchBoost: cn.missevan, -1, 2
12-22 11:44:43.827  1267  1540 E ANDR-PERF-OPTSHANDLER: Perflock resource /sys/class/devfreq/soc:qcom,cpubw/max_freq not supported
12-22 11:44:43.827  1267  1540 E ANDR-PERF-RESOURCEQS: Failed to apply optimization [6, 6]
12-22 11:44:43.827  1267  1540 E ANDR-PERF-OPTSHANDLER: Perflock resource /sys/class/devfreq/soc:qcom,cpubw/min_freq not supported
12-22 11:44:43.827  1267  1540 E ANDR-PERF-RESOURCEQS: Failed to apply optimization [6, 0]
12-22 11:44:43.827  9868  9868 D EventBus: No subscribers registered for event class com.miui.home.recents.messages.TaskSnapshotChangedEvent
12-22 11:44:43.827  9868  9868 D EventBus: No subscribers registered for event class org.greenrobot.eventbus.NoSubscriberEvent
12-22 11:44:43.829  1267  1540 E ANDR-PERF-OPTSHANDLER: Perflock resource /sys/class/devfreq/soc:qcom,cpu0-llcc-ddr-lat/min_freq not supported
12-22 11:44:43.829  1267  1540 E ANDR-PERF-RESOURCEQS: Failed to apply optimization [13, 12]
12-22 11:44:43.860 16926 16926 D DecorView[]: onWindowFocusChanged hasWindowFocus false
12-22 11:44:43.873 25677 25691 D AutoInstallService: onForegroundInfoChanged: cn.missevan
12-22 11:44:43.873  7579  7617 I GST     : forePkg: cn.missevan, preForePkg: com.lbe.security.miui
12-22 11:44:43.878  6206  7150 D LS-ForegroundStatusManager: handleMessage ForegroundInfoChanged. pkg = cn.missevan, uid = 10269, mCurrentForegroundUid = 10055
12-22 11:44:43.878  6206  7150 D LS-ForegroundStatusManager: onForegroundChanged mCurrentForegroundUid = 10055, new uid = 10269
12-22 11:44:43.878  6206  7117 D BL-BatteryLifeChecker:  onMessage. what = -10
12-22 11:44:43.878  6206  7117 D BL-BatteryLifeChecker:  onMessage. Foreground uid = 10055, isForeground = false
12-22 11:44:43.878  6206  7117 D BL-BatteryLifeChecker:  onMessage. what = -10
12-22 11:44:43.878  6206  7117 D BL-BatteryLifeChecker:  onMessage. Foreground uid = 10269, isForeground = true
12-22 11:44:43.879  5773  5811 I SLM-SRV-SLAToast: foreground uid:10269, isColdStart:false, isLinkTurboEnable:false
12-22 11:44:43.879  6171 23635 I ProcessMonitor: onForegroundInfoChanged: ForegroundInfo{mForegroundPackageName='cn.missevan', mForegroundUid=10269, mForegroundPid=26565, mLastForegroundPackageName='com.lbe.security.miui', mLastForegroundUid=10055, mLastForegroundPid=16926, mMultiWindowForegroundPackageName='cn.missevan', mMultiWindowForegroundUid=10269, mFlags=0}
12-22 11:44:43.880  6206 10185 D PerfEngineController: ForegroundInfo{mForegroundPackageName='cn.missevan', mForegroundUid=10269, mForegroundPid=26565, mLastForegroundPackageName='com.lbe.security.miui', mLastForegroundUid=10055, mLastForegroundPid=16926, mMultiWindowForegroundPackageName='cn.missevan', mMultiWindowForegroundUid=10269, mFlags=0}
12-22 11:44:43.881  9868 26769 D AppObserver: ForegroundInfo{mForegroundPackageName='cn.missevan', mForegroundUid=10269, mForegroundPid=26565, mLastForegroundPackageName='com.lbe.security.miui', mLastForegroundUid=10055, mLastForegroundPid=16926, mMultiWindowForegroundPackageName='cn.missevan', mMultiWindowForegroundUid=10269, mFlags=0}
12-22 11:44:43.882  6206  7200 I ThermalInfoCollector: collectForgroundAppsInfo: com.lbe.security.miui
12-22 11:44:43.886  6206  7182 D ThermalIECHandler: IECAll48Allowed: false; IECMonitorAllowed: false; IECTestState: false
12-22 11:44:43.888  6171 23635 I GameBoosterService: onForegroundInfoChanged: Cur=cn.missevan	 last=com.lbe.security.miui
12-22 11:44:43.898  6171 23635 D GameBoosterService: onGameStatusChange foreground:ForegroundInfo{mForegroundPackageName='cn.missevan', mForegroundUid=10269, mForegroundPid=26565, mLastForegroundPackageName='com.lbe.security.miui', mLastForegroundUid=10055, mLastForegroundPid=16926, mMultiWindowForegroundPackageName='cn.missevan', mMultiWindowForegroundUid=10269, mFlags=0}
12-22 11:44:43.898  6171 23635 I VideoBoxUtils: isSupportVideoBox: true
12-22 11:44:43.898  2475  6391 W InputManager-JNI: Input channel object 'ce2da0b Panel:cn.missevan/cn.missevan.activity.MainActivity (client)' was disposed without first being removed with the input manager!
12-22 11:44:43.916  6171 23635 I VideoToolBoxService: splitMode: onfalse
12-22 11:44:43.916  6171 23635 I VideoToolBoxService: onForegroundInfoChanged: Exit Vtb
12-22 11:44:43.920  6171 23635 W ContextImpl: Calling a method in the system process without a qualified user: android.app.ContextImpl.startService:1827 android.content.ContextWrapper.startService:786 e.d.d.n.k.b:39 e.d.d.n.k$c.onForegroundInfoChanged:21 com.miui.gamebooster.mutiwindow.h$a.onForegroundInfoChanged:152
12-22 11:44:43.925 26565 26635 W SQLiteLog: (28) double-quoted string literal: "A7575C1AB96EE5C229DE3D13CF8371F9"
12-22 11:44:43.925 26565 26635 W SQLiteLog: (28) double-quoted string literal: ""
12-22 11:44:43.925 26565 26635 W SQLiteLog: (28) double-quoted string literal: "A7575C1AB96EE5C229DE3D13CF8371F9"
12-22 11:44:43.925 26565 26635 W SQLiteLog: (28) double-quoted string literal: "-1"
12-22 11:44:43.926  6206  7182 D ThermalIECHandler: storeDataStyle: thermal_iec_monitor_persistence_data_style_iec_state; startIECTime: -1; IECScreenOffOverPeriodTime: 1410825231
12-22 11:44:43.926  6206  7182 D ThermalIECHandler: storeDataStyle: thermal_iec_monitor_persistence_data_style_iec_state; startIECTime: -1; IECScreenOffOverPeriodTime: 1410825231
12-22 11:44:43.934  2475  2679 W WindowManager: Unable to start animation, surface is null or no children.
12-22 11:44:43.945 26565 26565 D DecorView[MainActivity]: getWindowModeFromSystem  windowmode is 1
12-22 11:44:43.945 26565 26565 D DecorView[MainActivity]: updateDecorCaptionStatus displayWindowDecor is false
12-22 11:44:43.945  9868  9868 D RecentsImpl: mActivityStateObserver cn.missevan.activity.MainActivity
12-22 11:44:43.948  9868  9868 W RecentsImpl: onResumed className=cn.missevan.activity.MainActivity   mIsInAnotherPro=false   isKeyguardLocked=false
12-22 11:44:43.949  9868 10133 W RecentsImpl: disableTouchBySwipeStatusBar    disable=false
12-22 11:44:43.949  9868 10133 D GestureStubView_Touch: disableTouchBySwipeStatusBar    old=false   new=false
12-22 11:44:43.949  9868 10133 D GestureStubView_Touch: disableTouchBySwipeStatusBar    old=false   new=false
12-22 11:44:43.949  9868  9868 D RecentsImpl: showNavStubView
12-22 11:44:43.949  9868  9868 D NavStubView_Touch: setKeepHidden    old=false   new=false
12-22 11:44:43.952  9868 10133 W RecentsImpl: disableBackStubWindow    disableTouch=false
12-22 11:44:43.952  9868 10133 D GestureStubView_Touch: disableTouch    old=false   new=false
12-22 11:44:43.952  9868 10133 D GestureStubView_Touch: disableTouch    old=false   new=false
12-22 11:44:43.952  9868 10133 D RecentsImpl: showBackStubWindow  hasNavigationBar=true
12-22 11:44:43.953  9868 10133 D GestureStubView_Touch: setKeepHidden    old=false   new=false
12-22 11:44:43.953  9868 10133 W GestureStubView: adaptRotation   currentRotation=0   mRotation=0
12-22 11:44:43.953  9868 10133 D GestureStubView: resetRenderProperty: showGestureStub   isLayoutParamChanged=false
12-22 11:44:43.953  9868 10133 D GestureStubView_Touch: disableTouch    old=false   new=false
12-22 11:44:43.953  9868 10133 D GestureStubView: showGestureStub
12-22 11:44:43.953  9868 10133 D GestureStubView_Touch: setKeepHidden    old=false   new=false
12-22 11:44:43.953  9868 10133 W GestureStubView: adaptRotation   currentRotation=0   mRotation=0
12-22 11:44:43.953  9868 10133 D GestureStubView: resetRenderProperty: showGestureStub   isLayoutParamChanged=false
12-22 11:44:43.953  9868 10133 D GestureStubView_Touch: disableTouch    old=false   new=false
12-22 11:44:43.953  9868 10133 D GestureStubView: showGestureStub
12-22 11:44:43.959  9868 10133 D GestureStubView: gatherTransparentRegion: need render w:54  h:1440
12-22 11:44:43.959  9868 10133 D GestureStubView: gatherTransparentRegion: need render w:54  h:1440
12-22 11:44:43.960 26463 26500 I appium  : AppiumResponse: {"sessionId":"2e41cab1-f840-447c-afd6-bb44ca270381","value":"iVBORw0KGgoAAAANSUhEUgAABDgAAAlgCAYAAABtGofVAAAAAXNSR0IArs4c6QAAAARzQklUCAgI\nCHwIZIgAACAASURBVHicZL3Zki3JcmRnMU97ylNogCDQIJsAyG5CgOYLKeQ38Il/VB/Mvif3GHME\nH8yXeiR4REpu3VOZe8fgbqamqmae/Ou//T/7uq7WNK0ty2zrulpV1db3H0vT1Nq2s3VdbRwHy7LM\n+LMsi…
12-22 11:44:43.977  9868 26769 D RecentsModel: onTaskStackChangedBackground
12-22 11:44:43.977  9868 10982 D RecentsModel: onTaskStackChangedBackground    MSG_TASK_STACK_CHANGE
12-22 11:44:43.977  9868 10982 D RecentsModel: preloadRecents
12-22 11:44:43.977  9868 10982 W RecentsModel: getRunningTask
12-22 11:44:43.982  2027  3285 D libsensor-displayalgo: the value of  brightness:369.000000,R:9326270.138849,G:7860492.536328,B:13055050.203041,EVENT_C:1284.000000,EVENT_R:613.500000,EVENT_G:666.500000,EVENT_B:309.000000
12-22 11:44:43.982  2027  3285 I libsensor-displayalgo: the value of  Coef1:1107.681000,Coef4:2.383000, scale1:0.935522, scale4:0.923264
12-22 11:44:43.982  2027  3285 E libsensor-displayalgo: RGB_black_white_scenario_0822!
12-22 11:44:43.982  2027  3285 I libsensor-displayalgo: the value of  RESULT294.609094,126.638794,145.725829,59.653304
12-22 11:44:43.982  2027  3285 I libsensor-displayalgo: the value of  getChannelDataCalibrated307.449637,117.521413,168.064094,64.573207
12-22 11:44:43.982  2027  3285 I libsensor-displayalgo: the value of  REAL LUX53.043102
12-22 11:44:43.982  2027  3285 I libsensor-displayalgo: the value of  CAL REAL LUX53.043102
12-22 11:44:43.990 26463 26472 I tomator2.serve: This is non sticky GC, maxfree is 8388608 minfree is 2097152
12-22 11:44:43.990 26463 26472 I tomator2.serve: Background concurrent copying GC freed 61711(5463KB) AllocSpace objects, 25(46MB) LOS objects, 28% free, 59MB/83MB, paused 190us,24us total 123.671ms
12-22 11:44:43.994  2475  6391 I WindowManagerService: Physical orientation applied, rotation=0 sfOrientation=ORIENTATION_0
12-22 11:44:43.998 26565 26565 D DecorView[MainActivity]: onWindowFocusChanged hasWindowFocus true
12-22 11:44:44.000 26565 26565 I HandWritingStubImpl: isKeyboardTypeChanged: false
12-22 11:44:44.000 26565 26565 I HandWritingStubImpl: refreshLastKeyboardType: 1
12-22 11:44:44.000 26565 26565 I HandWritingStubImpl: getCurrentKeyboardType: 1
12-22 11:44:44.005  2475  5746 I WindowManagerService: Physical orientation applied, rotation=0 sfOrientation=ORIENTATION_0
12-22 11:44:44.012  6206 10185 I MultiScreenObserver: onTaskStackChanged, splitScreenMode: false isCameraFloat: false isSmallScreen: false
12-22 11:44:44.012  9868 10982 W RecentsModel: getRunningTask   taskInfo=TaskInfo{userId=0 pcFlags:0 taskId=314 displayId=0 isRunning=true baseIntent=Intent { act=android.intent.action.MAIN cat=[android.intent.category.LAUNCHER] flg=0x10200000 cmp=cn.missevan/.activity.MainActivity } baseActivity=ComponentInfo{cn.missevan/cn.missevan.activity.MainActivity} topActivity=ComponentInfo{cn.missevan/cn.missevan.activity.MainActivity} origActivity=null realActivity=ComponentInfo{cn.missevan/cn.missevan.activity.MainActivity} numActivities=1 lastActiveTime=1413534480 supportsSplitScreenMultiWindow=true supportsMultiWindow=true resizeMode=1 isResizeable=true token=WCT{android.window.IWindowContainerToken$Stub$Proxy@5a6cff0} topActivityType=1 pictureInPictureParams=PictureInPictureParams( aspectRatio=null sourceRectHint=null hasSetActions=false isAutoPipEnabled=false isSeamlessResizeEnabled=true) displayCutoutSafeInsets=null topActivityInfo=ActivityInfo{f01d969 cn.missevan.activity.MainActivity} launchCookies=[] positionInParent=Point(0, 0) parentTaskId=-1 isFocused=true isVisible=true topActivityInSizeCompat=false topActivityInMiuiSizeCompat=false locusId= null windowMode=0}
12-22 11:44:44.012  9868 10982 W RecentsModel: getTaskInfoIgnoreHomeAndFreeform   taskInfo=ComponentInfo{cn.missevan/cn.missevan.activity.MainActivity}
12-22 11:44:44.013  9868 10982 E ActivityManagerWrapper: get all recent tasks force including 314
12-22 11:44:44.013  1251  2448 I vendor.qti.hardware.display.composer-service: FrameNotifyProcess Sensor: notify citsensorservice to trigger cwb
12-22 11:44:44.014  2027  2097 I libcitsensorservice@2.0-impl: msg_transfer
12-22 11:44:44.014  2027  3266 D vendor.xiaomi.sensor.citsensorservice@2.0-service: handle id:10 wxh:1280x2400 uwxuh:1080x2400 size: 9216000 fd:15 fd_meta:16 flags:0x4000228 usage:0x33  format:0x3 layer_count: 1
12-22 11:44:44.014  1251  2216 I SDM     : HWCSession::SetCWBOutputBuffer: CWB config passed by cwb_client : tappoint 1  CWB_ROI : (829.000000 4.000000 915.000000 90.000000)
12-22 11:44:44.015  6171 24026 I SCTaskStackListener: onTaskStackChanged! inSplit = false
12-22 11:44:44.016  6171 23635 I SCTaskStackListener: onTaskStackChanged! inSplit = false
12-22 11:44:44.018 26565 26565 I HandWritingStubImpl: isKeyboardTypeChanged: false
12-22 11:44:44.018  9868 10982 E ActivityManagerWrapper: getRecentTasks: size=5
12-22 11:44:44.019  9868 10982 E ActivityManagerWrapper: getRecentTasks: taskId=314   userId=0   baseIntent=Intent { act=android.intent.action.MAIN cat=[android.intent.category.LAUNCHER] flg=0x10200000 cmp=cn.missevan/.activity.MainActivity }
12-22 11:44:44.018  1251 28291 I SDM     : HWCSession::ProcessRequests: Successfully configured CWB buffer.
12-22 11:44:44.019  9868 10982 E ActivityManagerWrapper: getRecentTasks: taskId=311   userId=0   baseIntent=Intent { act=android.settings.APPLICATION_DETAILS_SETTINGS dat=package:cn.missevan flg=0x10008000 cmp=com.android.settings/.applications.InstalledAppDetails }
12-22 11:44:44.019  9868 10982 E ActivityManagerWrapper: getRecentTasks: taskId=302   userId=0   baseIntent=Intent { act=android.intent.action.MAIN cat=[android.intent.category.LAUNCHER] flg=0x10200000 cmp=com.android.settings/.MainSettings }
12-22 11:44:44.019  9868 10982 E ActivityManagerWrapper: getRecentTasks: taskId=268   userId=0   baseIntent=Intent { act=android.intent.action.MAIN cat=[android.intent.category.LAUNCHER] flg=0x10200000 cmp=com.tencent.mobileqq/.activity.SplashActivity }
12-22 11:44:44.019  9868 10982 E ActivityManagerWrapper: getRecentTasks: taskId=278   userId=0   baseIntent=Intent { act=android.intent.action.MAIN cat=[android.intent.category.LAUNCHER] flg=0x10200000 cmp=com.zhihu.android/.app.ui.activity.LauncherActivity }
12-22 11:44:44.023  2475  4364 I SmartPower.com.lbe.security.miui:ui/10055(16926): visible->invisible(2046ms) R(become invisible) adj=702.
12-22 11:44:44.023  2475  4364 I SmartPower.com.lbe.security.miui:ui/10055(16926): invisible->background(0ms) R(become background) adj=702.
12-22 11:44:44.023  2475  4364 I SmartPower.com.lbe.security.miui/10055(7453): invisible->background(2327ms) R(become background) adj=200.
12-22 11:44:44.024  1251 28291 I SDM     : HWCSession::ProcessRequests: Pushing release fence in fenece wait queue.
12-22 11:44:44.024  1251 28291 I SDM     : HWCSession::ProcessRequests: Creating AsyncFenceWaits async thread.
12-22 11:44:44.024  1251 28291 I SDM     : HWCSession::ProcessRequests: Remove current CWB request from the pending request queue.
12-22 11:44:44.025  1251 28291 I SDM     : HWCSession::ProcessRequests: No pending cwb requests found in the queue.
12-22 11:44:44.025  2475  3758 I SmartPower: com.lbe.security.miui/10055 state=foreground adj=200 proc size=2 move to inactive become background
12-22 11:44:44.027 21839 21839 E BaseInputMethodService: onFinishInput
12-22 11:44:44.027  1131  4325 E traffic : traffic monitor has been disabled or argment error.
12-22 11:44:44.027 21839 21839 E BaseInputMethodService: onStartInput
12-22 11:44:44.030  1251  1467 I SDM     : HWDeviceDRM::SetupConcurrentWriteback: Tear down the Concurrent Writeback topology
12-22 11:44:44.037  2475  3650 I MiuiNetworkPolicyTrafficLimit: updateWhiteListUidForMobileTraffic uid=10055,add=false
12-22 11:44:44.037  1251 28292 I SDM     : HWCSession::NotifyCWBStatus: Notify the client about buffer status 0.
12-22 11:44:44.037  1251 28292 I SDM     : HWCSession::PerformFenceWaits: Remove current release fence from the pending fence wait queue.
12-22 11:44:44.037  1251 28292 I SDM     : HWCSession::PerformFenceWaits: CWB fence queue is empty. No pending release fence to wait on.
12-22 11:44:44.038  2475  3650 D MiuiNetworkPolicyTrafficLimit: updateWhiteListUidForMobileTraffic rst=true
12-22 11:44:44.056  2475  6226 I WindowManagerService: Physical orientation applied, rotation=0 sfOrientation=ORIENTATION_0
12-22 11:44:44.063 20304 20444 D IdProviderImpl: getOAID from com.miui.analytics
12-22 11:44:44.067  2475  4364 W InputManager-JNI: Input channel object 'da81964 com.lbe.security.miui/com.android.packageinstaller.permission.ui.GrantPermissionsActivity (client)' was disposed without first being removed with the input manager!
12-22 11:44:44.085  2475  4364 W InputManager-JNI: Input channel object 'e54def com.lbe.security.miui/com.android.packageinstaller.permission.ui.GrantPermissionsActivity (client)' was disposed without first being removed with the input manager!
12-22 11:44:44.129 26565 26565 E DownloadReceiver: [main] --------DOWNLOAD_QUEUE_CHANGE-----------
12-22 11:44:44.131  2475  4364 E NotificationVibratorHelper: Error creating vibration waveform with pattern: [0]
12-22 11:44:44.172  2475  6391 I WindowManagerService: Physical orientation applied, rotation=0 sfOrientation=ORIENTATION_0
12-22 11:44:44.181 26565 26565 E DownloadReceiver: [main] --------DOWNLOAD_START_JOB-----------
12-22 11:44:44.183  2475  2980 E NotificationVibratorHelper: Error creating vibration waveform with pattern: [0]
12-22 11:44:44.202 26565 26582 D BLASTBufferQueue: releaseBufferCallback ReleaseCallbackId: bufferId:114095806218292 framenumber:1