12-22 12:27:43.982  2027  3285 D libsensor-displayalgo: the value of  brightness:393.000000,R:49264592.218442,G:48705179.087082,B:45265753.212993,EVENT_C:3528.000000,EVENT_R:1564.500000,EVENT_G:1854.000000,EVENT_B:790.000000
12-22 12:27:43.982  2027  3285 I libsensor-displayalgo: the value of  Coef1:1107.681000,Coef4:2.383000, scale1:0.935522, scale4:0.923264
12-22 12:27:43.982  2027  3285 E libsensor-displayalgo: RGB_test_0407_400_oldzy!
12-22 12:27:43.983  2027  3285 I libsensor-displayalgo: the value of  RESULT2126.451217,837.700052,1056.253288,375.758948
12-22 12:27:43.983  2027  3285 I libsensor-displayalgo: the value of  getChannelDataCalibrated2221.435953,776.506089,1221.307908,407.164688
12-22 12:27:43.983  2027  3285 I libsensor-displayalgo: the value of  REAL LUX60.189049
12-22 12:27:43.983  2027  3285 I libsensor-displayalgo: the value of  CAL REAL LUX60.189049
12-22 12:27:44.177 23436 23436 W esthd-24809: type=1400 audit(0.0:121466): avc: granted { nlmsg_readpriv } for scontext=u:r:untrusted_app_27:s0:c512,c768 tcontext=u:r:untrusted_app_27:s0:c512,c768 tclass=netlink_route_socket app=com.xunmeng.pinduoduo
12-22 12:27:44.181 23436 23436 W esthd-24809: type=1400 audit(0.0:121467): avc: denied { read } for name="drivers" dev="proc" ino=4026531852 scontext=u:r:untrusted_app_27:s0:c512,c768 tcontext=u:object_r:proc_tty_drivers:s0 tclass=file permissive=0 app=com.xunmeng.pinduoduo
12-22 12:27:44.185 23436 23436 W esthd-24809: type=1400 audit(0.0:121468): avc: denied { read } for name="tcp" dev="proc" ino=4026532037 scontext=u:r:untrusted_app_27:s0:c512,c768 tcontext=u:object_r:proc_net_tcp_udp:s0 tclass=file permissive=0 app=com.xunmeng.pinduoduo
12-22 12:27:44.283  2027  3285 D libsensor-displayalgo: the value of  brightness:393.000000,R:49264592.218442,G:48705179.087082,B:45265753.212993,EVENT_C:3542.500000,EVENT_R:1567.000000,EVENT_G:1863.500000,EVENT_B:791.500000
12-22 12:27:44.283  2027  3285 I libsensor-displayalgo: the value of  Coef1:1107.681000,Coef4:2.383000, scale1:0.935522, scale4:0.923264
12-22 12:27:44.283  2027  3285 E libsensor-displayalgo: RGB_test_0407_400_oldzy!
12-22 12:27:44.284  2027  3285 I libsensor-displayalgo: the value of  RESULT2126.451217,837.700052,1056.253288,375.758948
12-22 12:27:44.284  2027  3285 I libsensor-displayalgo: the value of  getChannelDataCalibrated2221.435953,776.506089,1221.307908,407.164688
12-22 12:27:44.284  2027  3285 I libsensor-displayalgo: the value of  REAL LUX61.428524
12-22 12:27:44.284  2027  3285 I libsensor-displayalgo: the value of  CAL REAL LUX61.428524
12-22 12:27:44.417  2475  3650 D MiuiNetworkPolicy: updateLimit mLimitEnabled=true,enabled=false,mNetworkPriorityMode=1
12-22 12:27:44.601 23436 23436 W esthd-24810: type=1400 audit(0.0:121469): avc: granted { nlmsg_readpriv } for scontext=u:r:untrusted_app_27:s0:c512,c768 tcontext=u:r:untrusted_app_27:s0:c512,c768 tclass=netlink_route_socket app=com.xunmeng.pinduoduo
12-22 12:27:44.628 13055 13378 D WorkerThreadMonitor: Kill MSF check result[ senderSize:0,sendInterval:10768,receiveInterval=10663,addCmdCount=289
12-22 12:27:44.684  2027  3285 D libsensor-displayalgo: the value of  brightness:393.000000,R:49264592.218442,G:48705179.087082,B:45265753.212993,EVENT_C:3529.000000,EVENT_R:1566.500000,EVENT_G:1855.000000,EVENT_B:791.000000
12-22 12:27:44.684  2027  3285 I libsensor-displayalgo: the value of  Coef1:1107.681000,Coef4:2.383000, scale1:0.935522, scale4:0.923264
12-22 12:27:44.684  2027  3285 E libsensor-displayalgo: RGB_test_0407_400_oldzy!
12-22 12:27:44.684  2027  3285 I libsensor-displayalgo: the value of  RESULT2126.451217,837.700052,1056.253288,375.758948
12-22 12:27:44.684  2027  3285 I libsensor-displayalgo: the value of  getChannelDataCalibrated2221.435953,776.506089,1221.307908,407.164688
12-22 12:27:44.684  2027  3285 I libsensor-displayalgo: the value of  REAL LUX60.148472
12-22 12:27:44.684  2027  3285 I libsensor-displayalgo: the value of  CAL REAL LUX60.148472
12-22 12:27:44.982  2027  3285 D libsensor-displayalgo: the value of  brightness:393.000000,R:49264592.218442,G:48705179.087082,B:45265753.212993,EVENT_C:3514.000000,EVENT_R:1557.500000,EVENT_G:1847.000000,EVENT_B:787.500000
12-22 12:27:44.982  2027  3285 I libsensor-displayalgo: the value of  Coef1:1107.681000,Coef4:2.383000, scale1:0.935522, scale4:0.923264
12-22 12:27:44.982  2027  3285 E libsensor-displayalgo: RGB_test_0407_400_oldzy!
12-22 12:27:44.983  2027  3285 I libsensor-displayalgo: the value of  RESULT2126.451217,837.700052,1056.253288,375.758948
12-22 12:27:44.983  2027  3285 I libsensor-displayalgo: the value of  getChannelDataCalibrated2221.435953,776.506089,1221.307908,407.164688
12-22 12:27:44.983  2027  3285 I libsensor-displayalgo: the value of  REAL LUX59.349499
12-22 12:27:44.983  2027  3285 I libsensor-displayalgo: the value of  CAL REAL LUX59.349499
12-22 12:27:45.114  6547  6588 I appium  : channel read: POST /wd/hub/session/f6b797fb-d416-4e5a-8eb3-0d6651418eeb/elements
12-22 12:27:45.116  6547  6588 I appium  : FindElements command
12-22 12:27:45.118  6547  6588 I appium  : method: 'id', selector: 'cn.missevan:id/tv_menu_title'
12-22 12:27:45.119  6547  6588 I appium  : Waiting up to 100ms for the device to idle
12-22 12:27:45.200  9868  9882 I com.miui.home: This is sticky GC, maxfree is 8388608 minfree is 2097152
12-22 12:27:45.203  9868  9884 W System  : A resource failed to call release.
12-22 12:27:45.203  9868  9884 W System  : A resource failed to call release.
12-22 12:27:45.203 19413 19872 I SmartThreadExecutor: handleMessage: start check 0
12-22 12:27:45.204 19413 19872 I SmartThreadExecutor: handleMessage: check end 0 -101 false
12-22 12:27:45.225  1251  2448 I vendor.qti.hardware.display.composer-service: FrameNotifyProcess Sensor: notify citsensorservice to trigger cwb
12-22 12:27:45.226  2027  4130 I libcitsensorservice@2.0-impl: msg_transfer
12-22 12:27:45.228  2027  3266 D vendor.xiaomi.sensor.citsensorservice@2.0-service: handle id:10 wxh:1280x2400 uwxuh:1080x2400 size: 9216000 fd:15 fd_meta:16 flags:0x4000228 usage:0x33  format:0x3 layer_count: 1
12-22 12:27:45.230  1251  2215 I SDM     : HWCSession::SetCWBOutputBuffer: CWB config passed by cwb_client : tappoint 1  CWB_ROI : (829.000000 4.000000 915.000000 90.000000)
12-22 12:27:45.232  1251  7636 I SDM     : HWCSession::ProcessRequests: Successfully configured CWB buffer.
12-22 12:27:45.239  1251  7636 I SDM     : HWCSession::ProcessRequests: Pushing release fence in fenece wait queue.
12-22 12:27:45.240  1251  7636 I SDM     : HWCSession::ProcessRequests: Creating AsyncFenceWaits async thread.
12-22 12:27:45.240  1251  7636 I SDM     : HWCSession::ProcessRequests: Remove current CWB request from the pending request queue.
12-22 12:27:45.241  1251  7636 I SDM     : HWCSession::ProcessRequests: No pending cwb requests found in the queue.
12-22 12:27:45.256  1251  1467 I SDM     : HWDeviceDRM::SetupConcurrentWriteback: Tear down the Concurrent Writeback topology
12-22 12:27:45.265  1251  7637 I SDM     : HWCSession::NotifyCWBStatus: Notify the client about buffer status 0.
12-22 12:27:45.266  1251  7637 I SDM     : HWCSession::PerformFenceWaits: Remove current release fence from the pending fence wait queue.
12-22 12:27:45.266  1251  7637 I SDM     : HWCSession::PerformFenceWaits: CWB fence queue is empty. No pending release fence to wait on.
12-22 12:27:45.283  2027  3285 D libsensor-displayalgo: the value of  brightness:393.000000,R:49264592.218442,G:48705179.087082,B:45265753.212993,EVENT_C:3550.000000,EVENT_R:1573.000000,EVENT_G:1867.000000,EVENT_B:795.000000
12-22 12:27:45.283  2027  3285 I libsensor-displayalgo: the value of  Coef1:1107.681000,Coef4:2.383000, scale1:0.935522, scale4:0.923264
12-22 12:27:45.283  2027  3285 E libsensor-displayalgo: RGB_test_0407_400_oldzy!
12-22 12:27:45.283  2027  3285 I libsensor-displayalgo: the value of  RESULT2126.451217,837.700052,1056.253288,375.758948
12-22 12:27:45.284  2027  3285 I libsensor-displayalgo: the value of  getChannelDataCalibrated2221.435953,776.506089,1221.307908,407.164688
12-22 12:27:45.284  2027  3285 I libsensor-displayalgo: the value of  REAL LUX61.606548
12-22 12:27:45.284  2027  3285 I libsensor-displayalgo: the value of  CAL REAL LUX61.606548
12-22 12:27:45.341  6547  6588 I appium  : Found zero matches
12-22 12:27:45.348  6547  6588 I appium  : AppiumResponse: {"sessionId":"f6b797fb-d416-4e5a-8eb3-0d6651418eeb","value":[]}
12-22 12:27:45.583  2027  3285 D libsensor-displayalgo: the value of  brightness:393.000000,R:49264592.218442,G:48705179.087082,B:45265753.212993,EVENT_C:3550.000000,EVENT_R:1573.000000,EVENT_G:1867.000000,EVENT_B:795.000000
12-22 12:27:45.583  2027  3285 I libsensor-displayalgo: the value of  Coef1:1107.681000,Coef4:2.383000, scale1:0.935522, scale4:0.923264
12-22 12:27:45.583  2027  3285 E libsensor-displayalgo: RGB_test_0407_400_oldzy!
12-22 12:27:45.584  2027  3285 I libsensor-displayalgo: the value of  RESULT2126.451217,837.700052,1056.253288,375.758948
12-22 12:27:45.584  2027  3285 I libsensor-displayalgo: the value of  getChannelDataCalibrated2221.435953,776.506089,1221.307908,407.164688
12-22 12:27:45.584  2027  3285 I libsensor-displayalgo: the value of  REAL LUX61.606548
12-22 12:27:45.584  2027  3285 I libsensor-displayalgo: the value of  CAL REAL LUX61.606548
12-22 12:27:45.883  2027  3285 D libsensor-displayalgo: the value of  brightness:393.000000,R:49264592.218442,G:48705179.087082,B:45265753.212993,EVENT_C:3550.000000,EVENT_R:1573.000000,EVENT_G:1867.000000,EVENT_B:795.000000
12-22 12:27:45.883  2027  3285 I libsensor-displayalgo: the value of  Coef1:1107.681000,Coef4:2.383000, scale1:0.935522, scale4:0.923264
12-22 12:27:45.883  2027  3285 E libsensor-displayalgo: RGB_test_0407_400_oldzy!
12-22 12:27:45.884  2027  3285 I libsensor-displayalgo: the value of  RESULT2126.451217,837.700052,1056.253288,375.758948
12-22 12:27:45.884  2027  3285 I libsensor-displayalgo: the value of  getChannelDataCalibrated2221.435953,776.506089,1221.307908,407.164688
12-22 12:27:45.884  2027  3285 I libsensor-displayalgo: the value of  REAL LUX61.606548
12-22 12:27:45.884  2027  3285 I libsensor-displayalgo: the value of  CAL REAL LUX61.606548
12-22 12:27:45.894  6547  6588 I appium  : channel read: POST /wd/hub/session/f6b797fb-d416-4e5a-8eb3-0d6651418eeb/elements
12-22 12:27:45.897  6547  6588 I appium  : FindElements command
12-22 12:27:45.903  6547  6588 I appium  : method: 'id', selector: 'cn.missevan:id/tv_menu_title'
12-22 12:27:45.905  6547  6588 I appium  : Waiting up to 100ms for the device to idle
12-22 12:27:46.059  5773  8966 D SLM-SRV-SLAService: checktemp temperature = 35300 temperature_average = 35693 isPerformanceMode = false thermal_enable_slm = true
12-22 12:27:46.140  6547  6588 I appium  : Found zero matches
12-22 12:27:46.150  6547  6588 I appium  : AppiumResponse: {"sessionId":"f6b797fb-d416-4e5a-8eb3-0d6651418eeb","value":[]}
12-22 12:27:46.283  2027  3285 D libsensor-displayalgo: the value of  brightness:393.000000,R:49264592.218442,G:48705179.087082,B:45265753.212993,EVENT_C:3543.500000,EVENT_R:1568.000000,EVENT_G:1860.500000,EVENT_B:792.000000
12-22 12:27:46.283  2027  3285 I libsensor-displayalgo: the value of  Coef1:1107.681000,Coef4:2.383000, scale1:0.935522, scale4:0.923264
12-22 12:27:46.283  2027  3285 E libsensor-displayalgo: RGB_test_0407_400_oldzy!
12-22 12:27:46.284  2027  3285 I libsensor-displayalgo: the value of  RESULT2126.451217,837.700052,1056.253288,375.758948
12-22 12:27:46.284  2027  3285 I libsensor-displayalgo: the value of  getChannelDataCalibrated2221.435953,776.506089,1221.307908,407.164688
12-22 12:27:46.284  2027  3285 I libsensor-displayalgo: the value of  REAL LUX61.284279
12-22 12:27:46.284  2027  3285 I libsensor-displayalgo: the value of  CAL REAL LUX61.284279
12-22 12:27:46.583  2027  3285 D libsensor-displayalgo: the value of  brightness:393.000000,R:49264592.218442,G:48705179.087082,B:45265753.212993,EVENT_C:3516.000000,EVENT_R:1558.000000,EVENT_G:1846.000000,EVENT_B:787.500000
12-22 12:27:46.583  2027  3285 I libsensor-displayalgo: the value of  Coef1:1107.681000,Coef4:2.383000, scale1:0.935522, scale4:0.923264
12-22 12:27:46.583  2027  3285 E libsensor-displayalgo: RGB_test_0407_400_oldzy!
12-22 12:27:46.584  2027  3285 I libsensor-displayalgo: the value of  RESULT2126.451217,837.700052,1056.253288,375.758948
12-22 12:27:46.584  2027  3285 I libsensor-displayalgo: the value of  getChannelDataCalibrated2221.435953,776.506089,1221.307908,407.164688
12-22 12:27:46.584  2027  3285 I libsensor-displayalgo: the value of  REAL LUX59.426308
12-22 12:27:46.584  2027  3285 I libsensor-displayalgo: the value of  CAL REAL LUX59.426308
12-22 12:27:46.680  6547  6588 I appium  : channel read: POST /wd/hub/session/f6b797fb-d416-4e5a-8eb3-0d6651418eeb/elements
12-22 12:27:46.683  6547  6588 I appium  : FindElements command
12-22 12:27:46.690  6547  6588 I appium  : method: 'id', selector: 'cn.missevan:id/tv_menu_title'
12-22 12:27:46.692  6547  6588 I appium  : Waiting up to 100ms for the device to idle
12-22 12:27:46.871  6547  6588 I appium  : Found zero matches
12-22 12:27:46.875  6547  6588 I appium  : AppiumResponse: {"sessionId":"f6b797fb-d416-4e5a-8eb3-0d6651418eeb","value":[]}
12-22 12:27:46.883  2027  3285 D libsensor-displayalgo: the value of  brightness:393.000000,R:49264592.218442,G:48705179.087082,B:45265753.212993,EVENT_C:3530.000000,EVENT_R:1562.500000,EVENT_G:1854.500000,EVENT_B:790.000000
12-22 12:27:46.883  2027  3285 I libsensor-displayalgo: the value of  Coef1:1107.681000,Coef4:2.383000, scale1:0.935522, scale4:0.923264
12-22 12:27:46.883  2027  3285 E libsensor-displayalgo: RGB_test_0407_400_oldzy!
12-22 12:27:46.883  2027  3285 I libsensor-displayalgo: the value of  RESULT2126.451217,837.700052,1056.253288,375.758948
12-22 12:27:46.883  2027  3285 I libsensor-displayalgo: the value of  getChannelDataCalibrated2221.435953,776.506089,1221.307908,407.164688
12-22 12:27:46.883  2027  3285 I libsensor-displayalgo: the value of  REAL LUX60.428345
12-22 12:27:46.884  2027  3285 I libsensor-displayalgo: the value of  CAL REAL LUX60.428345
12-22 12:27:47.183  2027  3285 D libsensor-displayalgo: the value of  brightness:393.000000,R:49264592.218442,G:48705179.087082,B:45265753.212993,EVENT_C:3523.500000,EVENT_R:1563.000000,EVENT_G:1851.000000,EVENT_B:789.000000
12-22 12:27:47.183  2027  3285 I libsensor-displayalgo: the value of  Coef1:1107.681000,Coef4:2.383000, scale1:0.935522, scale4:0.923264
12-22 12:27:47.183  2027  3285 E libsensor-displayalgo: RGB_test_0407_400_oldzy!
12-22 12:27:47.183  2027  3285 I libsensor-displayalgo: the value of  RESULT2126.451217,837.700052,1056.253288,375.758948
12-22 12:27:47.183  2027  3285 I libsensor-displayalgo: the value of  getChannelDataCalibrated2221.435953,776.506089,1221.307908,407.164688
12-22 12:27:47.183  2027  3285 I libsensor-displayalgo: the value of  REAL LUX59.872738
12-22 12:27:47.184  2027  3285 I libsensor-displayalgo: the value of  CAL REAL LUX59.872738
12-22 12:27:47.204  2475  3040 I BatteryService: current mPlugType2current mHealthInfo.batteryLevel26current mHealthInfo.batteryTemperature351
12-22 12:27:47.210  6206  7182 D ThermalIECHandler: storeDataStyle: thermal_iec_monitor_persistence_data_style_iec_state; startIECTime: -1; IECScreenOffOverPeriodTime: 1410825231
12-22 12:27:47.210  6171  6171 I BatteryInfoReceiver: ACTION_BATTERY_CHANGED
12-22 12:27:47.211  9660  9660 D DynamicService:  ACTION_BATTERY_CHANGED change,USB plug = 2
12-22 12:27:47.214  4453  4453 V DeviceStatisticsService: chargerType=2 batteryLevel=26 totalBatteryCapacity=4223000
12-22 12:27:47.214  6206  7099 D PowerCheckerService: onBatteryChanged, mBatteryLevel = 26, status = 2, level = 26, plug = 2, scale = 100
12-22 12:27:47.214  6206  6950 D PowerKeeper.FrozenApp: onBatteryChanged plug=true mBatteryPlugged=2
12-22 12:27:47.216  6206  7192 D PowerKeeper.Thermal: mBatteryTemperature: 35
12-22 12:27:47.217  6171  6171 I PowerNoticeUI: handleBatteryChanged oldPlugType 2 mPlugType 2 oldBatteryLevel 26 mBatteryLevel 26 temperature 351
12-22 12:27:47.219  2475  2688 I android_os_HwBinder: HwBinder: Starting thread pool for getting: vendor.xiaomi.hardware.micharge@1.0::IMiCharge/default
12-22 12:27:47.217  4409  4409 D QtiCarrierConfigHelper: WARNING, no carrier configs on phone Id: 1
12-22 12:27:47.220  1344 28451 E vendor.xiaomi.hardware.micharge@1.0-service: Failed to open node /sys/class/qcom-battery/reverse_chg_mode
12-22 12:27:47.220  1344 28451 I vendor.xiaomi.hardware.micharge@1.0-service: ReadFilePathValue path = /sys/class/qcom-battery/reverse_chg_mode value =
12-22 12:27:47.222  2475  2688 I android_os_HwBinder: HwBinder: Starting thread pool for getting: vendor.xiaomi.hardware.micharge@1.0::IMiCharge/default
12-22 12:27:47.222  1344 28451 I vendor.xiaomi.hardware.micharge@1.0-service: ReadFilePathValue path = /sys/class/qcom-battery/fastchg_mode value = 0
12-22 12:27:47.398  6547  6588 I appium  : channel read: POST /wd/hub/session/f6b797fb-d416-4e5a-8eb3-0d6651418eeb/elements
12-22 12:27:47.401  6547  6588 I appium  : FindElements command
12-22 12:27:47.408  6547  6588 I appium  : method: 'id', selector: 'cn.missevan:id/tv_menu_title'
12-22 12:27:47.409  6547  6588 I appium  : Waiting up to 100ms for the device to idle
12-22 12:27:47.482  2027  3285 D libsensor-displayalgo: the value of  brightness:393.000000,R:49264592.218442,G:48705179.087082,B:45265753.212993,EVENT_C:3529.000000,EVENT_R:1565.000000,EVENT_G:1856.000000,EVENT_B:790.000000
12-22 12:27:47.483  2027  3285 I libsensor-displayalgo: the value of  Coef1:1107.681000,Coef4:2.383000, scale1:0.935522, scale4:0.923264
12-22 12:27:47.483  2027  3285 E libsensor-displayalgo: RGB_test_0407_400_oldzy!
12-22 12:27:47.483  2027  3285 I libsensor-displayalgo: the value of  RESULT2126.451217,837.700052,1056.253288,375.758948
12-22 12:27:47.483  2027  3285 I libsensor-displayalgo: the value of  getChannelDataCalibrated2221.435953,776.506089,1221.307908,407.164688
12-22 12:27:47.483  2027  3285 I libsensor-displayalgo: the value of  REAL LUX60.331764
12-22 12:27:47.483  2027  3285 I libsensor-displayalgo: the value of  CAL REAL LUX60.331764
12-22 12:27:47.622  6547  6588 I appium  : Found zero matches
12-22 12:27:47.633  6547  6588 I appium  : AppiumResponse: {"sessionId":"f6b797fb-d416-4e5a-8eb3-0d6651418eeb","value":[]}
12-22 12:27:47.885  2027  3285 D libsensor-displayalgo: the value of  brightness:393.000000,R:49264592.218442,G:48705179.087082,B:45265753.212993,EVENT_C:3530.000000,EVENT_R:1564.500000,EVENT_G:1855.000000,EVENT_B:790.500000
12-22 12:27:47.885  2027  3285 I libsensor-displayalgo: the value of  Coef1:1107.681000,Coef4:2.383000, scale1:0.935522, scale4:0.923264
12-22 12:27:47.885  2027  3285 E libsensor-displayalgo: RGB_test_0407_400_oldzy!
12-22 12:27:47.885  2027  3285 I libsensor-displayalgo: the value of  RESULT2126.451217,837.700052,1056.253288,375.758948
12-22 12:27:47.885  2027  3285 I libsensor-displayalgo: the value of  getChannelDataCalibrated2221.435953,776.506089,1221.307908,407.164688
12-22 12:27:47.885  2027  3285 I libsensor-displayalgo: the value of  REAL LUX60.335079
12-22 12:27:47.885  2027  3285 I libsensor-displayalgo: the value of  CAL REAL LUX60.335079
12-22 12:27:48.161  6547  6588 I appium  : channel read: POST /wd/hub/session/f6b797fb-d416-4e5a-8eb3-0d6651418eeb/elements
12-22 12:27:48.163  6547  6588 I appium  : FindElements command
12-22 12:27:48.170  6547  6588 I appium  : method: 'id', selector: 'cn.missevan:id/tv_menu_title'
12-22 12:27:48.172  6547  6588 I appium  : Waiting up to 100ms for the device to idle
12-22 12:27:48.182  2027  3285 D libsensor-displayalgo: the value of  brightness:393.000000,R:49264592.218442,G:48705179.087082,B:45265753.212993,EVENT_C:3533.500000,EVENT_R:1565.000000,EVENT_G:1855.500000,EVENT_B:790.500000
12-22 12:27:48.183  2027  3285 I libsensor-displayalgo: the value of  Coef1:1107.681000,Coef4:2.383000, scale1:0.935522, scale4:0.923264
12-22 12:27:48.183  2027  3285 E libsensor-displayalgo: RGB_test_0407_400_oldzy!
12-22 12:27:48.183  2027  3285 I libsensor-displayalgo: the value of  RESULT2126.451217,837.700052,1056.253288,375.758948
12-22 12:27:48.183  2027  3285 I libsensor-displayalgo: the value of  getChannelDataCalibrated2221.435953,776.506089,1221.307908,407.164688
12-22 12:27:48.183  2027  3285 I libsensor-displayalgo: the value of  REAL LUX60.585995
12-22 12:27:48.183  2027  3285 I libsensor-displayalgo: the value of  CAL REAL LUX60.585995
12-22 12:27:48.361  6547  6588 I appium  : Found zero matches
12-22 12:27:48.371  6547  6588 I appium  : AppiumResponse: {"sessionId":"f6b797fb-d416-4e5a-8eb3-0d6651418eeb","value":[]}
12-22 12:27:48.484  2027  3285 D libsensor-displayalgo: the value of  brightness:393.000000,R:49264592.218442,G:48705179.087082,B:45265753.212993,EVENT_C:3535.000000,EVENT_R:1567.500000,EVENT_G:1858.500000,EVENT_B:792.500000
12-22 12:27:48.484  2027  3285 I libsensor-displayalgo: the value of  Coef1:1107.681000,Coef4:2.383000, scale1:0.935522, scale4:0.923264
12-22 12:27:48.484  2027  3285 E libsensor-displayalgo: RGB_test_0407_400_oldzy!
12-22 12:27:48.485  2027  3285 I libsensor-displayalgo: the value of  RESULT2126.451217,837.700052,1056.253288,375.758948
12-22 12:27:48.485  2027  3285 I libsensor-displayalgo: the value of  getChannelDataCalibrated2221.435953,776.506089,1221.307908,407.164688
12-22 12:27:48.485  2027  3285 I libsensor-displayalgo: the value of  REAL LUX60.571621
12-22 12:27:48.485  2027  3285 I libsensor-displayalgo: the value of  CAL REAL LUX60.571621
12-22 12:27:48.785  2027  3285 D libsensor-displayalgo: the value of  brightness:393.000000,R:49264592.218442,G:48705179.087082,B:45265753.212993,EVENT_C:3515.500000,EVENT_R:1560.000000,EVENT_G:1847.000000,EVENT_B:786.500000
12-22 12:27:48.785  2027  3285 I libsensor-displayalgo: the value of  Coef1:1107.681000,Coef4:2.383000, scale1:0.935522, scale4:0.923264
12-22 12:27:48.785  2027  3285 E libsensor-displayalgo: RGB_test_0407_400_oldzy!
12-22 12:27:48.785  2027  3285 I libsensor-displayalgo: the value of  RESULT2126.451217,837.700052,1056.253288,375.758948
12-22 12:27:48.785  2027  3285 I libsensor-displayalgo: the value of  getChannelDataCalibrated2221.435953,776.506089,1221.307908,407.164688
12-22 12:27:48.785  2027  3285 I libsensor-displayalgo: the value of  REAL LUX59.442345
12-22 12:27:48.786  2027  3285 I libsensor-displayalgo: the value of  CAL REAL LUX59.442345
12-22 12:27:48.897  6547  6588 I appium  : channel read: POST /wd/hub/session/f6b797fb-d416-4e5a-8eb3-0d6651418eeb/elements
12-22 12:27:48.899  6547  6588 I appium  : FindElements command
12-22 12:27:48.906  6547  6588 I appium  : method: 'id', selector: 'cn.missevan:id/tv_menu_title'
12-22 12:27:48.908  6547  6588 I appium  : Waiting up to 100ms for the device to idle
12-22 12:27:49.084  2027  3285 D libsensor-displayalgo: the value of  brightness:393.000000,R:49264592.218442,G:48705179.087082,B:45265753.212993,EVENT_C:3547.000000,EVENT_R:1571.500000,EVENT_G:1863.000000,EVENT_B:794.000000
12-22 12:27:49.084  2027  3285 I libsensor-displayalgo: the value of  Coef1:1107.681000,Coef4:2.383000, scale1:0.935522, scale4:0.923264
12-22 12:27:49.084  2027  3285 E libsensor-displayalgo: RGB_test_0407_400_oldzy!
12-22 12:27:49.084  2027  3285 I libsensor-displayalgo: the value of  RESULT2126.451217,837.700052,1056.253288,375.758948
12-22 12:27:49.084  2027  3285 I libsensor-displayalgo: the value of  getChannelDataCalibrated2221.435953,776.506089,1221.307908,407.164688
12-22 12:27:49.084  2027  3285 I libsensor-displayalgo: the value of  REAL LUX61.350609
12-22 12:27:49.085  2027  3285 I libsensor-displayalgo: the value of  CAL REAL LUX61.350609
12-22 12:27:49.128  6547  6588 I appium  : Found zero matches
12-22 12:27:49.134 13055 13339 D MemoryCeilingMonitor: [handleMemoryCalculate]
12-22 12:27:49.135 13055 13339 D MemoryCeilingMonitor: [calculate] tot: 6051664, max: 268435456, free: 360448, heap: 5691216, per: 0.02120143175125122
12-22 12:27:49.136  6547  6588 I appium  : AppiumResponse: {"sessionId":"f6b797fb-d416-4e5a-8eb3-0d6651418eeb","value":[]}
12-22 12:27:49.386  2027  3285 D libsensor-displayalgo: the value of  brightness:393.000000,R:49264592.218442,G:48705179.087082,B:45265753.212993,EVENT_C:3535.000000,EVENT_R:1569.000000,EVENT_G:1858.500000,EVENT_B:792.000000
12-22 12:27:49.386  2027  3285 I libsensor-displayalgo: the value of  Coef1:1107.681000,Coef4:2.383000, scale1:0.935522, scale4:0.923264
12-22 12:27:49.386  2027  3285 E libsensor-displayalgo: RGB_test_0407_400_oldzy!
12-22 12:27:49.387  2027  3285 I libsensor-displayalgo: the value of  RESULT2126.451217,837.700052,1056.253288,375.758948
12-22 12:27:49.387  2027  3285 I libsensor-displayalgo: the value of  getChannelDataCalibrated2221.435953,776.506089,1221.307908,407.164688
12-22 12:27:49.387  2027  3285 I libsensor-displayalgo: the value of  REAL LUX60.555687
12-22 12:27:49.387  2027  3285 I libsensor-displayalgo: the value of  CAL REAL LUX60.555687
12-22 12:27:49.426  2475  3650 D MiuiNetworkPolicy: updateLimit mLimitEnabled=false,enabled=true,mNetworkPriorityMode=1
12-22 12:27:49.663  6547  6588 I appium  : channel read: POST /wd/hub/session/f6b797fb-d416-4e5a-8eb3-0d6651418eeb/elements
12-22 12:27:49.666  6547  6588 I appium  : FindElements command
12-22 12:27:49.673  6547  6588 I appium  : method: 'id', selector: 'cn.missevan:id/tv_menu_title'
12-22 12:27:49.674  6547  6588 I appium  : Waiting up to 100ms for the device to idle
12-22 12:27:49.783  2027  3285 D libsensor-displayalgo: the value of  brightness:393.000000,R:49264592.218442,G:48705179.087082,B:45265753.212993,EVENT_C:3525.000000,EVENT_R:1563.000000,EVENT_G:1851.500000,EVENT_B:791.000000
12-22 12:27:49.783  2027  3285 I libsensor-displayalgo: the value of  Coef1:1107.681000,Coef4:2.383000, scale1:0.935522, scale4:0.923264
12-22 12:27:49.783  2027  3285 E libsensor-displayalgo: RGB_test_0407_400_oldzy!
12-22 12:27:49.784  2027  3285 I libsensor-displayalgo: the value of  RESULT2126.451217,837.700052,1056.253288,375.758948
12-22 12:27:49.784  2027  3285 I libsensor-displayalgo: the value of  getChannelDataCalibrated2221.435953,776.506089,1221.307908,407.164688
12-22 12:27:49.784  2027  3285 I libsensor-displayalgo: the value of  REAL LUX59.838890
12-22 12:27:49.784  2027  3285 I libsensor-displayalgo: the value of  CAL REAL LUX59.838890
12-22 12:27:49.876  6547  6588 I appium  : Found zero matches
12-22 12:27:49.886  6547  6588 I appium  : AppiumResponse: {"sessionId":"f6b797fb-d416-4e5a-8eb3-0d6651418eeb","value":[]}
12-22 12:27:50.004  1953  2016 I mstatdaemon: Entering time loop
12-22 12:27:50.004  1953  2016 I mstatdaemon: t = 1671683270
12-22 12:27:50.004  1953  2016 I mstatdaemon: translated_t = 1355693270
12-22 12:27:50.004  1953  2016 I mstat_log: mstatcommitLog log_alloc() failed
12-22 12:27:50.085  2027  3285 D libsensor-displayalgo: the value of  brightness:393.000000,R:49264592.218442,G:48705179.087082,B:45265753.212993,EVENT_C:3540.500000,EVENT_R:1571.500000,EVENT_G:1862.000000,EVENT_B:791.500000
12-22 12:27:50.085  2027  3285 I libsensor-displayalgo: the value of  Coef1:1107.681000,Coef4:2.383000, scale1:0.935522, scale4:0.923264
12-22 12:27:50.085  2027  3285 E libsensor-displayalgo: RGB_test_0407_400_oldzy!
12-22 12:27:50.085  2027  3285 I libsensor-displayalgo: the value of  RESULT2126.451217,837.700052,1056.253288,375.758948
12-22 12:27:50.085  2027  3285 I libsensor-displayalgo: the value of  getChannelDataCalibrated2221.435953,776.506089,1221.307908,407.164688
12-22 12:27:50.085  2027  3285 I libsensor-displayalgo: the value of  REAL LUX61.049458
12-22 12:27:50.086  2027  3285 I libsensor-displayalgo: the value of  CAL REAL LUX61.049458
12-22 12:27:50.384  2027  3285 D libsensor-displayalgo: the value of  brightness:393.000000,R:49264592.218442,G:48705179.087082,B:45265753.212993,EVENT_C:3417.000000,EVENT_R:1511.000000,EVENT_G:1792.000000,EVENT_B:755.000000
12-22 12:27:50.384  2027  3285 I libsensor-displayalgo: the value of  Coef1:1107.681000,Coef4:2.383000, scale1:0.935522, scale4:0.923264
12-22 12:27:50.384  2027  3285 E libsensor-displayalgo: RGB_test_0407_400_oldzy!
12-22 12:27:50.385  2027  3285 I libsensor-displayalgo: the value of  RESULT2126.451217,837.700052,1056.253288,375.758948
12-22 12:27:50.385  2027  3285 I libsensor-displayalgo: the value of  getChannelDataCalibrated2221.435953,776.506089,1221.307908,407.164688
12-22 12:27:50.385  2027  3285 I libsensor-displayalgo: the value of  REAL LUX54.394543
12-22 12:27:50.385  2027  3285 I libsensor-displayalgo: the value of  CAL REAL LUX54.394543
12-22 12:27:50.422  6547  6588 I appium  : channel read: GET /wd/hub/session/f6b797fb-d416-4e5a-8eb3-0d6651418eeb/screenshot
12-22 12:27:50.426  6547  6588 I appium  : CaptureScreenshot command
12-22 12:27:50.682  2027  3285 D libsensor-displayalgo: the value of  brightness:393.000000,R:49264592.218442,G:48705179.087082,B:45265753.212993,EVENT_C:3524.500000,EVENT_R:1564.000000,EVENT_G:1851.000000,EVENT_B:789.000000
12-22 12:27:50.682  2027  3285 I libsensor-displayalgo: the value of  Coef1:1107.681000,Coef4:2.383000, scale1:0.935522, scale4:0.923264
12-22 12:27:50.683  2027  3285 E libsensor-displayalgo: RGB_test_0407_400_oldzy!
12-22 12:27:50.683  2027  3285 I libsensor-displayalgo: the value of  RESULT2126.451217,837.700052,1056.253288,375.758948
12-22 12:27:50.683  2027  3285 I libsensor-displayalgo: the value of  getChannelDataCalibrated2221.435953,776.506089,1221.307908,407.164688
12-22 12:27:50.683  2027  3285 I libsensor-displayalgo: the value of  REAL LUX59.905609
12-22 12:27:50.683  2027  3285 I libsensor-displayalgo: the value of  CAL REAL LUX59.905609
12-22 12:27:50.983  2027  3285 D libsensor-displayalgo: the value of  brightness:393.000000,R:49264592.218442,G:48705179.087082,B:45265753.212993,EVENT_C:3534.000000,EVENT_R:1566.000000,EVENT_G:1854.000000,EVENT_B:790.500000
12-22 12:27:50.983  2027  3285 I libsensor-displayalgo: the value of  Coef1:1107.681000,Coef4:2.383000, scale1:0.935522, scale4:0.923264
12-22 12:27:50.983  2027  3285 E libsensor-displayalgo: RGB_test_0407_400_oldzy!
12-22 12:27:50.984  2027  3285 I libsensor-displayalgo: the value of  RESULT2126.451217,837.700052,1056.253288,375.758948
12-22 12:27:50.984  2027  3285 I libsensor-displayalgo: the value of  getChannelDataCalibrated2221.435953,776.506089,1221.307908,407.164688
12-22 12:27:50.984  2027  3285 I libsensor-displayalgo: the value of  REAL LUX60.515316
12-22 12:27:50.984  2027  3285 I libsensor-displayalgo: the value of  CAL REAL LUX60.515316
12-22 12:27:51.384  2027  3285 D libsensor-displayalgo: the value of  brightness:393.000000,R:49264592.218442,G:48705179.087082,B:45265753.212993,EVENT_C:3526.500000,EVENT_R:1564.000000,EVENT_G:1851.000000,EVENT_B:790.500000
12-22 12:27:51.384  2027  3285 I libsensor-displayalgo: the value of  Coef1:1107.681000,Coef4:2.383000, scale1:0.935522, scale4:0.923264
12-22 12:27:51.384  2027  3285 E libsensor-displayalgo: RGB_test_0407_400_oldzy!
12-22 12:27:51.384  2027  3285 I libsensor-displayalgo: the value of  RESULT2126.451217,837.700052,1056.253288,375.758948
12-22 12:27:51.384  2027  3285 I libsensor-displayalgo: the value of  getChannelDataCalibrated2221.435953,776.506089,1221.307908,407.164688
12-22 12:27:51.384  2027  3285 I libsensor-displayalgo: the value of  REAL LUX59.924911
12-22 12:27:51.384  2027  3285 I libsensor-displayalgo: the value of  CAL REAL LUX59.924911
12-22 12:27:51.459  9843  9973 D com.milink.runtime:new_milink:MessengerService: tick for 1000-5128
12-22 12:27:51.462  9843  9973 D com.milink.runtime:new_milink:MessengerService: tick for 10114-453
12-22 12:27:51.465  9843  9973 D com.milink.runtime:new_milink:MessengerService: tick for 10123-9768
12-22 12:27:51.468  9843  9973 D com.milink.runtime:new_milink:MessengerService: tick for 10123-7016
12-22 12:27:51.471  9843  9973 D com.milink.runtime:new_milink:MessengerService: set next timeout check task
12-22 12:27:51.471  9843  9860 I com.milink.runtime:new_milink:DataContentProvider: Call content://provider.milink.mi.com/messenger#poll from com.xiaomi.mirror, content://provider.milink.mi.com/messenger#poll
12-22 12:27:51.471  7016  7084 D CompatibilityChangeReporter: Compat change id reported: 150939131; UID 10123; state: ENABLED
12-22 12:27:51.473  5128 10035 I com.xiaomi.mirror:new_milink:MessengerClient: empty packet, skip it.
12-22 12:27:51.475  9843  9860 I com.milink.runtime:new_milink:DataContentProvider: Call content://provider.milink.mi.com/messenger#poll from com.milink.service, content://provider.milink.mi.com/messenger#poll
12-22 12:27:51.476  9768 10033 I com.milink.service:audio:new_milink:MessengerClient: empty packet, skip it.
12-22 12:27:51.509  9843  9860 I com.milink.runtime:new_milink:DataContentProvider: Call content://provider.milink.mi.com/messenger#poll from com.milink.service, content://provider.milink.mi.com/messenger#poll
12-22 12:27:51.511  7016  7084 I com.milink.service:new_milink:MessengerClient: empty packet, skip it.
12-22 12:27:51.683  2027  3285 D libsensor-displayalgo: the value of  brightness:393.000000,R:49264592.218442,G:48705179.087082,B:45265753.212993,EVENT_C:3533.500000,EVENT_R:1568.500000,EVENT_G:1857.500000,EVENT_B:791.000000
12-22 12:27:51.683  2027  3285 I libsensor-displayalgo: the value of  Coef1:1107.681000,Coef4:2.383000, scale1:0.935522, scale4:0.923264
12-22 12:27:51.683  2027  3285 E libsensor-displayalgo: RGB_test_0407_400_oldzy!
12-22 12:27:51.684  2027  3285 I libsensor-displayalgo: the value of  RESULT2126.451217,837.700052,1056.253288,375.758948
12-22 12:27:51.684  2027  3285 I libsensor-displayalgo: the value of  getChannelDataCalibrated2221.435953,776.506089,1221.307908,407.164688
12-22 12:27:51.684  2027  3285 I libsensor-displayalgo: the value of  REAL LUX60.504414
12-22 12:27:51.684  2027  3285 I libsensor-displayalgo: the value of  CAL REAL LUX60.504414
12-22 12:27:51.982  2027  3285 D libsensor-displayalgo: the value of  brightness:393.000000,R:49264592.218442,G:48705179.087082,B:45265753.212993,EVENT_C:3535.000000,EVENT_R:1568.500000,EVENT_G:1856.000000,EVENT_B:790.500000
12-22 12:27:51.982  2027  3285 I libsensor-displayalgo: the value of  Coef1:1107.681000,Coef4:2.383000, scale1:0.935522, scale4:0.923264
12-22 12:27:51.983  2027  3285 E libsensor-displayalgo: RGB_test_0407_400_oldzy!
12-22 12:27:51.983  2027  3285 I libsensor-displayalgo: the value of  RESULT2126.451217,837.700052,1056.253288,375.758948
12-22 12:27:51.983  2027  3285 I libsensor-displayalgo: the value of  getChannelDataCalibrated2221.435953,776.506089,1221.307908,407.164688
12-22 12:27:51.983  2027  3285 I libsensor-displayalgo: the value of  REAL LUX60.582638
12-22 12:27:51.983  2027  3285 I libsensor-displayalgo: the value of  CAL REAL LUX60.582638
12-22 12:27:52.281  2027  3285 D libsensor-displayalgo: the value of  brightness:393.000000,R:49264592.218442,G:48705179.087082,B:45265753.212993,EVENT_C:3557.000000,EVENT_R:1576.500000,EVENT_G:1867.500000,EVENT_B:795.000000
12-22 12:27:52.282  2027  3285 I libsensor-displayalgo: the value of  Coef1:1107.681000,Coef4:2.383000, scale1:0.935522, scale4:0.923264
12-22 12:27:52.282  2027  3285 E libsensor-displayalgo: RGB_test_0407_400_oldzy!
12-22 12:27:52.282  2027  3285 I libsensor-displayalgo: the value of  RESULT2126.451217,837.700052,1056.253288,375.758948
12-22 12:27:52.282  2027  3285 I libsensor-displayalgo: the value of  getChannelDataCalibrated2221.435953,776.506089,1221.307908,407.164688
12-22 12:27:52.282  2027  3285 I libsensor-displayalgo: the value of  REAL LUX61.991364
12-22 12:27:52.282  2027  3285 I libsensor-displayalgo: the value of  CAL REAL LUX61.991364
12-22 12:27:52.285  6547  6559 I tomator2.serve: This is sticky GC, maxfree is 8388608 minfree is 2097152
12-22 12:27:52.286  6547  6559 I tomator2.serve: Background young concurrent copying GC freed 41094(1767KB) AllocSpace objects, 10(16MB) LOS objects, 0% free, 124MB/124MB, paused 13.432ms,62us total 65.124ms
12-22 12:27:52.315  6547  6559 I tomator2.serve: This is non sticky GC, maxfree is 8388608 minfree is 2097152
12-22 12:27:52.342  6547  6559 I tomator2.serve: This is sticky GC, maxfree is 8388608 minfree is 2097152
12-22 12:27:52.360  6547  6588 I appium  : AppiumResponse: {"sessionId":"f6b797fb-d416-4e5a-8eb3-0d6651418eeb","value":"iVBORw0KGgoAAAANSUhEUgAABDgAAAlgCAYAAABtGofVAAAAAXNSR0IArs4c6QAAAARzQklUCAgI\nCHwIZIgAACAASURBVHicVL3Zrm1Jlqb1mdm02a5mn+MeSVYCxVtxgygJgRCik7jjBimfigfgkosC\nkWSJqKzMSI/wCHc/3V5rzd5aLobN6Z4hueTneOy9ZmM27B9/M5b63/+P/yfHrOiamhg9MYKta3a/\noZJiG…
12-22 12:27:52.377  6547  6559 I tomator2.serve: This is non sticky GC, maxfree is 8388608 minfree is 2097152
12-22 12:27:52.583  2027  3285 D libsensor-displayalgo: the value of  brightness:393.000000,R:49264592.218442,G:48705179.087082,B:45265753.212993,EVENT_C:3535.000000,EVENT_R:1569.000000,EVENT_G:1857.500000,EVENT_B:792.000000
12-22 12:27:52.583  2027  3285 I libsensor-displayalgo: the value of  Coef1:1107.681000,Coef4:2.383000, scale1:0.935522, scale4:0.923264
12-22 12:27:52.583  2027  3285 E libsensor-displayalgo: RGB_test_0407_400_oldzy!
12-22 12:27:52.584  2027  3285 I libsensor-displayalgo: the value of  RESULT2126.451217,837.700052,1056.253288,375.758948
12-22 12:27:52.584  2027  3285 I libsensor-displayalgo: the value of  getChannelDataCalibrated2221.435953,776.506089,1221.307908,407.164688
12-22 12:27:52.584  2027  3285 I libsensor-displayalgo: the value of  REAL LUX60.510189
12-22 12:27:52.584  2027  3285 I libsensor-displayalgo: the value of  CAL REAL LUX60.510189