06-14 17:29:23.299  2018  3127 I libsensor-displayalgo: the value of  RESULT1094.771653,426.484681,556.592075,189.256823
06-14 17:29:23.299  2018  3127 I libsensor-displayalgo: the value of  getChannelDataCalibrated1147.808313,395.007019,646.929295,206.561087
06-14 17:29:23.299  2018  3127 I libsensor-displayalgo: the value of  REAL LUX225.687683
06-14 17:29:23.299  2018  3127 I libsensor-displayalgo: the value of  CAL REAL LUX225.687683
06-14 17:29:23.353  2431  3919 I WindowManagerService: Physical orientation applied, rotation=0 sfOrientation=ORIENTATION_0
06-14 17:29:23.379 13036 13188 D MemoryCeilingMonitor: [handleMemoryCalculate]
06-14 17:29:23.379 13036 13188 D MemoryCeilingMonitor: [calculate] tot: 7043528, max: 268435456, free: 1448592, heap: 5594936, per: 0.020842760801315308
06-14 17:29:23.408  4233  4233 D MiPlayDetailViewModel: onPositionChange(): position = 606
06-14 17:29:23.408  5809 20702 I SafeBinderCall: onPositionChange binder cost:0
06-14 17:29:23.415 19365 19379 W BpBinder: PerfMonitor binderTransact :  time=202ms interface=android.view.IWindowManager code=102
06-14 17:29:23.416 19380 19409 W BpBinder: PerfMonitor binderTransact :  time=203ms interface=android.app.IUiAutomationConnection code=3
06-14 17:29:23.420 19380 19409 I appium  : AppiumResponse: {"sessionId":"894ce2d8-ad4e-487d-b469-10b66a201f99","value":null}
06-14 17:29:23.452  2431  3919 I WindowManagerService: Physical orientation applied, rotation=0 sfOrientation=ORIENTATION_0
06-14 17:29:23.471  1265  2358 I vendor.qti.hardware.display.composer-service: FrameNotifyProcess Sensor: notify citsensorservice to trigger cwb
06-14 17:29:23.471  2018  3874 I libcitsensorservice@2.0-impl: msg_transfer
06-14 17:29:23.472  2018  3098 D vendor.xiaomi.sensor.citsensorservice@2.0-service: handle id:9 wxh:1280x2400 uwxuh:1080x2400 size: 9216000 fd:15 fd_meta:16 flags:0x4000228 usage:0x33  format:0x3 layer_count: 1
06-14 17:29:23.472  1265  1890 I SDM     : HWCSession::SetCWBOutputBuffer: CWB config passed by cwb_client : tappoint 1  CWB_ROI : (829.000000 4.000000 915.000000 90.000000)
06-14 17:29:23.473  1265 20840 I SDM     : HWCSession::ProcessRequests: Successfully configured CWB buffer.
06-14 17:29:23.480  1265 20840 I SDM     : HWCSession::ProcessRequests: Pushing release fence in fenece wait queue.
06-14 17:29:23.480  1265 20840 I SDM     : HWCSession::ProcessRequests: Creating AsyncFenceWaits async thread.
06-14 17:29:23.480  1265 20840 I SDM     : HWCSession::ProcessRequests: Remove current CWB request from the pending request queue.
06-14 17:29:23.481  1265 20840 I SDM     : HWCSession::ProcessRequests: No pending cwb requests found in the queue.
06-14 17:29:23.487  1265  1584 I SDM     : HWDeviceDRM::SetupConcurrentWriteback: Tear down the Concurrent Writeback topology
06-14 17:29:23.495  1265 20843 I SDM     : HWCSession::NotifyCWBStatus: Notify the client about buffer status 0.
06-14 17:29:23.495  1265 20843 I SDM     : HWCSession::PerformFenceWaits: Remove current release fence from the pending fence wait queue.
06-14 17:29:23.495  1265 20843 I SDM     : HWCSession::PerformFenceWaits: CWB fence queue is empty. No pending release fence to wait on.
06-14 17:29:23.549  2431  3390 I WindowManagerService: Physical orientation applied, rotation=0 sfOrientation=ORIENTATION_0
06-14 17:29:23.574 19380 19409 I appium  : channel read: POST /wd/hub/session/894ce2d8-ad4e-487d-b469-10b66a201f99/element
06-14 17:29:23.579 19380 19409 I appium  : FindElement command
06-14 17:29:23.586 19380 19409 I appium  : method: 'id', selector: 'cn.missevan:id/next'
06-14 17:29:23.587 19380 19409 I appium  : Waiting up to 100ms for the device to idle
06-14 17:29:23.596  2018  3127 D libsensor-displayalgo: the value of  brightness:438.000000,R:70035800.608870,G:66111787.755739,B:70333124.189158,EVENT_C:6721.500000,EVENT_R:2571.000000,EVENT_G:3429.500000,EVENT_B:1353.500000
06-14 17:29:23.596  2018  3127 I libsensor-displayalgo: the value of  Coef1:1107.681000,Coef4:2.383000, scale1:0.935522, scale4:0.923264
06-14 17:29:23.596  2018  3127 E libsensor-displayalgo: RGB_test_0407_400_oldzy!
06-14 17:29:23.596  2018  3127 I libsensor-displayalgo: the value of  RESULT2839.064065,1132.981318,1370.898203,512.539815
06-14 17:29:23.596  2018  3127 I libsensor-displayalgo: the value of  getChannelDataCalibrated2976.603683,1049.359081,1593.400710,559.402718
06-14 17:29:23.596  2018  3127 I libsensor-displayalgo: the value of  REAL LUX225.960022
06-14 17:29:23.596  2018  3127 I libsensor-displayalgo: the value of  CAL REAL LUX225.960022
06-14 17:29:23.660  2431  3390 I WindowManagerService: Physical orientation applied, rotation=0 sfOrientation=ORIENTATION_0
06-14 17:29:23.769  2431  3919 I WindowManagerService: Physical orientation applied, rotation=0 sfOrientation=ORIENTATION_0
06-14 17:29:23.783 19380 19409 W QueryController: Could not detect idle state.
06-14 17:29:23.784  1265  2358 I vendor.qti.hardware.display.composer-service: FrameNotifyProcess Sensor: notify citsensorservice to trigger cwb
06-14 17:29:23.786  2018  2018 I libcitsensorservice@2.0-impl: msg_transfer
06-14 17:29:23.786  2018  3098 D vendor.xiaomi.sensor.citsensorservice@2.0-service: handle id:9 wxh:1280x2400 uwxuh:1080x2400 size: 9216000 fd:15 fd_meta:16 flags:0x4000228 usage:0x33  format:0x3 layer_count: 1
06-14 17:29:23.787  1265  1890 I SDM     : HWCSession::SetCWBOutputBuffer: CWB config passed by cwb_client : tappoint 1  CWB_ROI : (829.000000 4.000000 915.000000 90.000000)
06-14 17:29:23.788  1265 20846 I SDM     : HWCSession::ProcessRequests: Successfully configured CWB buffer.
06-14 17:29:23.797  1265 20846 I SDM     : HWCSession::ProcessRequests: Pushing release fence in fenece wait queue.
06-14 17:29:23.797  1265 20846 I SDM     : HWCSession::ProcessRequests: Creating AsyncFenceWaits async thread.
06-14 17:29:23.798  1265 20846 I SDM     : HWCSession::ProcessRequests: Remove current CWB request from the pending request queue.
06-14 17:29:23.798  1265 20846 I SDM     : HWCSession::ProcessRequests: No pending cwb requests found in the queue.
06-14 17:29:23.800  1265  1584 I SDM     : HWDeviceDRM::SetupConcurrentWriteback: Tear down the Concurrent Writeback topology
06-14 17:29:23.808  1265 20847 I SDM     : HWCSession::NotifyCWBStatus: Notify the client about buffer status 0.
06-14 17:29:23.808  1265 20847 I SDM     : HWCSession::PerformFenceWaits: Remove current release fence from the pending fence wait queue.
06-14 17:29:23.808  1265 20847 I SDM     : HWCSession::PerformFenceWaits: CWB fence queue is empty. No pending release fence to wait on.
06-14 17:29:23.822 19380 19409 W ByMatcher: Node returned null child: android.view.accessibility.AccessibilityNodeInfo@308f96; boundsInParent: Rect(0, 0 - 1080, 956); boundsInScreen: Rect(0, 220 - 1080, 1176); packageName: cn.missevan; className: android.widget.FrameLayout; text: null; error: null; maxTextLength: -1; stateDescription: null; contentDescription: null; tooltipText: null; viewIdResName: cn.missevan:id/danmakuView; checkable: false; checked: false; focusable: false; focused: false; selected: false; clickable: false; longClickable: false; contextClickable: false; enabled: true; password: false; scrollable: false; importantForAccessibility: false; visible: true; actions: [AccessibilityAction: ACTION_SELECT - null, AccessibilityAction: ACTION_CLEAR_SELECTION - null, AccessibilityAction: ACTION_ACCESSIBILITY_FOCUS - null, AccessibilityAction: ACTION_SHOW_ON_SCREEN - null]
06-14 17:29:23.822 19380 19409 W ByMatcher: Skipping null child (1 of 2)
06-14 17:29:23.856  2431  3919 I WindowManagerService: Physical orientation applied, rotation=0 sfOrientation=ORIENTATION_0
06-14 17:29:23.874 19380 19409 I appium  : AppiumResponse: {"sessionId":"894ce2d8-ad4e-487d-b469-10b66a201f99","value":{"ELEMENT":"00000000-0000-0286-ffff-ffff00000cf9","element-6066-11e4-a52e-4f735466cecf":"00000000-0000-0286-ffff-ffff00000cf9"}}
06-14 17:29:23.887 19380 19409 I appium  : channel read: POST /wd/hub/session/894ce2d8-ad4e-487d-b469-10b66a201f99/element/00000000-0000-0286-ffff-ffff00000cf9/click
06-14 17:29:23.887 19380 19409 I appium  : Click command
06-14 17:29:23.896  2018  3127 D libsensor-displayalgo: the value of  brightness:438.000000,R:70035800.608870,G:66111787.755739,B:70333124.189158,EVENT_C:6712.500000,EVENT_R:2564.000000,EVENT_G:3423.000000,EVENT_B:1349.500000
06-14 17:29:23.896  2018  3127 I libsensor-displayalgo: the value of  Coef1:1107.681000,Coef4:2.383000, scale1:0.935522, scale4:0.923264
06-14 17:29:23.896  2018  3127 E libsensor-displayalgo: RGB_test_0407_400_oldzy!
06-14 17:29:23.896  2018  3127 I libsensor-displayalgo: the value of  RESULT2839.064065,1132.981318,1370.898203,512.539815
06-14 17:29:23.896  2018  3127 I libsensor-displayalgo: the value of  getChannelDataCalibrated2976.603683,1049.359081,1593.400710,559.402718
06-14 17:29:23.896  2018  3127 I libsensor-displayalgo: the value of  REAL LUX225.617935
06-14 17:29:23.896  2018  3127 I libsensor-displayalgo: the value of  CAL REAL LUX225.617935
06-14 17:29:23.964  2431  3919 I WindowManagerService: Physical orientation applied, rotation=0 sfOrientation=ORIENTATION_0
06-14 17:29:24.063  2431  3390 I WindowManagerService: Physical orientation applied, rotation=0 sfOrientation=ORIENTATION_0
06-14 17:29:24.083 19380 19409 W QueryController: Could not detect idle state.
06-14 17:29:24.088  1265  2358 I vendor.qti.hardware.display.composer-service: FrameNotifyProcess Sensor: notify citsensorservice to trigger cwb
06-14 17:29:24.089  2018  2018 I libcitsensorservice@2.0-impl: msg_transfer
06-14 17:29:24.090  2018  3098 D vendor.xiaomi.sensor.citsensorservice@2.0-service: handle id:9 wxh:1280x2400 uwxuh:1080x2400 size: 9216000 fd:15 fd_meta:16 flags:0x4000228 usage:0x33  format:0x3 layer_count: 1
06-14 17:29:24.091  1265  1890 I SDM     : HWCSession::SetCWBOutputBuffer: CWB config passed by cwb_client : tappoint 1  CWB_ROI : (829.000000 4.000000 915.000000 90.000000)
06-14 17:29:24.094  1265 20848 I SDM     : HWCSession::ProcessRequests: Successfully configured CWB buffer.
06-14 17:29:24.100  1265 20848 I SDM     : HWCSession::ProcessRequests: Pushing release fence in fenece wait queue.
06-14 17:29:24.100  1265 20848 I SDM     : HWCSession::ProcessRequests: Creating AsyncFenceWaits async thread.
06-14 17:29:24.100  1265 20848 I SDM     : HWCSession::ProcessRequests: Remove current CWB request from the pending request queue.
06-14 17:29:24.100  1265 20848 I SDM     : HWCSession::ProcessRequests: No pending cwb requests found in the queue.
06-14 17:29:24.106  1265  1584 I SDM     : HWDeviceDRM::SetupConcurrentWriteback: Tear down the Concurrent Writeback topology
06-14 17:29:24.112  1265 20849 I SDM     : HWCSession::NotifyCWBStatus: Notify the client about buffer status 0.
06-14 17:29:24.112  1265 20849 I SDM     : HWCSession::PerformFenceWaits: Remove current release fence from the pending fence wait queue.
06-14 17:29:24.112  1265 20849 I SDM     : HWCSession::PerformFenceWaits: CWB fence queue is empty. No pending release fence to wait on.
06-14 17:29:24.163  2431  3390 I WindowManagerService: Physical orientation applied, rotation=0 sfOrientation=ORIENTATION_0
06-14 17:29:24.198  2018  3127 D libsensor-displayalgo: the value of  brightness:438.000000,R:70035800.608870,G:66111787.755739,B:70333124.189158,EVENT_C:6724.000000,EVENT_R:2571.000000,EVENT_G:3431.000000,EVENT_B:1354.500000
06-14 17:29:24.198  2018  3127 I libsensor-displayalgo: the value of  Coef1:1107.681000,Coef4:2.383000, scale1:0.935522, scale4:0.923264
06-14 17:29:24.198  2018  3127 E libsensor-displayalgo: RGB_test_0407_400_oldzy!
06-14 17:29:24.199  2018  3127 I libsensor-displayalgo: the value of  RESULT2839.064065,1132.981318,1370.898203,512.539815
06-14 17:29:24.199  2018  3127 I libsensor-displayalgo: the value of  getChannelDataCalibrated2976.603683,1049.359081,1593.400710,559.402718
06-14 17:29:24.199  2018  3127 I libsensor-displayalgo: the value of  REAL LUX226.123459
06-14 17:29:24.199  2018  3127 I libsensor-displayalgo: the value of  CAL REAL LUX226.123459
06-14 17:29:24.256 16696 16704 I com.miui.phras: This is non sticky GC, maxfree is 8388608 minfree is 2097152
06-14 17:29:24.266  2431  3390 I WindowManagerService: Physical orientation applied, rotation=0 sfOrientation=ORIENTATION_0
06-14 17:29:24.283 19380 19409 W QueryController: Could not detect idle state.
06-14 17:29:24.301  2431  3919 D MIUIInput: Input event injection from pid 19365, MotionEvent: DOWN
06-14 17:29:24.302  2431  2938 D MIUIInput: [MotionEvent] publisher action=0x4, 14451135, channel '7c87e50 NavigationBar0 (server)'
06-14 17:29:24.303  2431  2938 D MIUIInput: [MotionEvent] publisher action=0x0, 14451135, channel '697bc7c cn.missevan/cn.missevan.activity.MainActivity (server)'
06-14 17:29:24.304 19428 19428 D MIUIInput: [MotionEvent] ViewRootImpl windowName 'cn.missevan/cn.missevan.activity.MainActivity', { action=ACTION_DOWN, id[0]=0, pointerCount=1, eventTime=14451135, downTime=14451134, phoneEventTime=17:29:24.297 } moveCount:0
06-14 17:29:24.308  2431  3390 D MIUIInput: Input event injection from pid 19365, MotionEvent: UP
06-14 17:29:24.308  2431  2938 D MIUIInput: [MotionEvent] publisher action=0x1, 14451135, channel '697bc7c cn.missevan/cn.missevan.activity.MainActivity (server)'
06-14 17:29:24.309 19428 19428 D MIUIInput: [MotionEvent] ViewRootImpl windowName 'cn.missevan/cn.missevan.activity.MainActivity', { action=ACTION_UP, id[0]=0, pointerCount=1, eventTime=14451135, downTime=14451134, phoneEventTime=17:29:24.296 } moveCount:0
06-14 17:29:24.318 19380 19409 I appium  : Waiting up to 100ms for the device to idle
06-14 17:29:24.321  2431  3390 I MediaFocusControl: abandonAudioFocus() from uid/pid 10486/19614 clientId=android.media.AudioManager@bcb80dbcn.missevan.lib.utils.AudioFocusManager@b4ac778
06-14 17:29:24.322 19614 19614 I @@@BBPLOG: Info T847DE4F8 CPlayMain L367 Set audio track usage: 2
06-14 17:29:24.323  2431  3390 W InputManager-JNI: Input channel object '7563100 PopupWindow:fb429cc (client)' was disposed without first being removed with the input manager!
06-14 17:29:24.331 19428 19428 I HandWritingStubImpl: isKeyboardTypeChanged: false
06-14 17:29:24.332 19428 19428 I HandWritingStubImpl: isKeyboardTypeChanged: false
06-14 17:29:24.332 19428 19428 I HandWritingStubImpl: isKeyboardTypeChanged: false
06-14 17:29:24.332 19428 19428 I HandWritingStubImpl: isKeyboardTypeChanged: false
06-14 17:29:24.332 19428 19428 I HandWritingStubImpl: isKeyboardTypeChanged: false
06-14 17:29:24.333 19428 19428 I HandWritingStubImpl: isKeyboardTypeChanged: false
06-14 17:29:24.333 19428 19428 I HandWritingStubImpl: isKeyboardTypeChanged: false
06-14 17:29:24.333 19428 19428 I HandWritingStubImpl: isKeyboardTypeChanged: false
06-14 17:29:24.372 19614 19614 I @@@BBPLOG: Info T847DE4F8 CPlayMain L283 The Session UUID: 5f246105-224f-4407-a420-5d4e114e6a71
06-14 17:29:24.376 19614 19614 I @@@BBPLOG: Info T847DE4F8 bbPlayer L143 Open source: https://cn-hbyc-ct-02-10.bilivideo.com/mefmxcodeboss/aod/202008/09/a8ed53e7fcc22eaf6755411db3a5a8b8200456-128k.m4a?e=ig8euxZM2rNcNbdlhoNvNC8BqJIzNbfqXBvEuENvNC8aNEVEtEvE9IMvXBvE2ENvNCImNEVEIj0Y2J_aug859r1qXg8xNEVE5XREto8GuFGv2U7SuxI72X6fTr859IB_&uipk=5&nbs=1&deadline=1686742155&gen=playurlv2&os=bcache&oi=3729190097&trid=00004aa5495f08a04a95a21d3a114520a247B&mid=0&platform=android&upsig=4de830da985c8127656651689b5b63ef&uparams=e,uipk,nbs,deadline,gen,os,oi,trid,mid,platform&cdnid=7278&bvc=vod&nettype=0&orderid=0,1&logo=00000000
06-14 17:29:24.384 19614 19814 I @@@BBPLOG: Info TABF09CB0 CPlayMain L707 Open task cache enable
06-14 17:29:24.390  3844  4724 V Avrcp_ext: onMetadataChanged
06-14 17:29:24.391  5809  5809 I MiPlayProxyDeviceManager: onTopActiveSessionChange, cn.missevan
06-14 17:29:24.392  5809  5809 I SafeBinderCall: onTopActiveSessionChange binder cost:0
06-14 17:29:24.393  3844  4724 V Avrcp_ext: updateCurrentMediaState: mMediaController: MediaController (cn.missevan@938b0ca)  | , Megrezz, null
06-14 17:29:24.393  3844  4724 V Avrcp_ext: updateCurrentMediaState: isPlaying = false
06-14 17:29:24.393  3844  4724 W Avrcp_ext: isMusicActive: true getBluetoothPlayState: 1 A2dp State: 11 mAudioPlaybackIsActive: true
06-14 17:29:24.393  5809  5809 I SafeBinderCall: onMediaMetaChange binder cost:1
06-14 17:29:24.394  1265  2358 I vendor.qti.hardware.display.composer-service: FrameNotifyProcess Sensor: notify citsensorservice to trigger cwb
06-14 17:29:24.394  5809  5809 I Cir_Miplay_ActiveAudioSessionManager: dispatchTopActiveSessionChangeCallbackLocked, size:1
06-14 17:29:24.394  3844  4724 D Avrcp_ext: isMusicActive = true mAudioPlaybackIsActive = true player state = PlaybackState {state=3, position=1593, buffered position=0, speed=1.0, updated=23537998, actions=894, custom actions=[], active item id=-1, error=null}
06-14 17:29:24.394  2018  3874 I libcitsensorservice@2.0-impl: msg_transfer
06-14 17:29:24.395  2018  3098 D vendor.xiaomi.sensor.citsensorservice@2.0-service: handle id:9 wxh:1280x2400 uwxuh:1080x2400 size: 9216000 fd:15 fd_meta:16 flags:0x4000228 usage:0x33  format:0x3 layer_count: 1
06-14 17:29:24.395  3844  4724 D Avrcp_ext: overwrite album_artist :if album is blank
06-14 17:29:24.395  1265  1890 I SDM     : HWCSession::SetCWBOutputBuffer: CWB config passed by cwb_client : tappoint 1  CWB_ROI : (829.000000 4.000000 915.000000 90.000000)
06-14 17:29:24.395  5809  5809 I Cir_Miplay_MiPlayAudioService: onTopActiveSessionChange, cn.missevan
06-14 17:29:24.395  5809  5809 I Cir_Miplay_MiPlayAudioService: topActiveSessionChange appId:cn.missevan
06-14 17:29:24.395  5809  5809 I Cir_Miplay_MiPlayAudioStatUtils: recordPackageName:cn.missevan
06-14 17:29:24.396  5809  5809 I Cir_Miplay_MiPlayAudioStatUtils: packageNameEquals.
06-14 17:29:24.396  5809  5809 I Cir_Miplay_ActiveSessionRecord: dispatch meta change, MediaMetaData{mArtist='Megrezz', mAlbum='null', mTitle=' | ', mArt=valid, mDuration=2968630, mLrc='null'}
06-14 17:29:24.396  5809  5809 I Cir_Miplay_MiPlayAudioService: dispatchMetaChange:cn.missevan  ActiveSsionPackageName:cn.missevan
06-14 17:29:24.397 19614 19814 I @@@BBPLOG: Info TABF09CB0 CFileSrc L53 Open url: https://cn-hbyc-ct-02-10.bilivideo.com/mefmxcodeboss/aod/202008/09/a8ed53e7fcc22eaf6755411db3a5a8b8200456-128k.m4a?e=ig8euxZM2rNcNbdlhoNvNC8BqJIzNbfqXBvEuENvNC8aNEVEtEvE9IMvXBvE2ENvNCImNEVEIj0Y2J_aug859r1qXg8xNEVE5XREto8GuFGv2U7SuxI72X6fTr859IB_&uipk=5&nbs=1&deadline=1686742155&gen=playurlv2&os=bcache&oi=3729190097&trid=00004aa5495f08a04a95a21d3a114520a247B&mid=0&platform=android&upsig=4de830da985c8127656651689b5b63ef&uparams=e,uipk,nbs,deadline,gen,os,oi,trid,mid,platform&cdnid=7278&bvc=vod&nettype=0&orderid=0,1&logo=00000000, flag: 0x1000
06-14 17:29:24.397 19614 19814 I @@@BBPLOG: Info TABF09CB0 CBPMFileIO L76 Get .bpm cache, header size: 328, media size: 50145976, cache chunk size: 262144, cached chunk cnt: 192, cache chunk cnt: 192
06-14 17:29:24.397 19614 19814 I @@@BBPLOG: Info TABF09CB0 CCacheIO L224 Read from cache, file name /data/user/0/cn.missevan/cache/bbp/player/main/fdb1adbaead748a0e5664bc9dd97ac2a.bpm
06-14 17:29:24.397  3844  4724 V Avrcp_ext: Media update: id -1-1? [MediaAttributes:  -  by Mz (2968630 0/0) - ] : [MediaAttributes:  -  by Mz (90093 0/0) - ]
06-14 17:29:24.397 19614 19814 I @@@BBPLOG: Info TABF09CB0 CCacheIO L238 Open done, IOProtocol: file+cache
06-14 17:29:24.397  3844  4724 D Avrcp_ext: isPackageNameValid: browsedPackage = cn.missevanisValid = true
06-14 17:29:24.397  3844  4724 V Avrcp_ext: isBrowseSupported for cn.missevan: false
06-14 17:29:24.397  3844  4724 V Avrcp_ext: Send track changed
06-14 17:29:24.397  3844  4724 V Avrcp_ext: updatePlaybackState, state: PlaybackState {state=3, position=1593, buffered position=0, speed=1.0, updated=23537998, actions=894, custom actions=[], active item id=-1, error=null} device: null
06-14 17:29:24.397  3844  4724 V Avrcp_ext: Device: no name:
06-14 17:29:24.397  3844  4724 V Avrcp_ext: Device: no name:
06-14 17:29:24.397  3844  4724 V Avrcp_ext: Device: no name:
06-14 17:29:24.397  3844  4724 V Avrcp_ext: Device: no name:
06-14 17:29:24.397  3844  4724 V Avrcp_ext: Device: no name:
06-14 17:29:24.397  3844  4724 V Avrcp_ext: updatePlayerStateAndPosition, old=PlaybackState {state=3, position=32, buffered position=0, speed=1.0, updated=23536437, actions=894, custom actions=[], active item id=-1, error=null}, state=PlaybackState {state=3, position=1593, buffered position=0, speed=1.0, updated=23537998, actions=894, custom actions=[], active item id=-1, error=null}
06-14 17:29:24.397  3844  4724 V Avrcp_ext: old state = PlaybackState {state=3, position=32, buffered position=0, speed=1.0, updated=23536437, actions=894, custom actions=[], active item id=-1, error=null}, new state= PlaybackState {state=3, position=1593, buffered position=0, speed=1.0, updated=23537998, actions=894, custom actions=[], active item id=-1, error=null}
06-14 17:29:24.397  3844  4724 D HeadsetService: getHeadsetService(): returning com.android.bluetooth.hfp.HeadsetService@7e2faf
06-14 17:29:24.397  3844  4724 D HeadsetService:  isAudioOn: The number of audio connected devices 0
06-14 17:29:24.397  3844  4724 D HeadsetService: isScoOrCallActive(): Call Active:falseCall is Ringing:falseSCO is Active:false
06-14 17:29:24.397  3844  4724 D HeadsetService:  isAudioOn: The number of audio connected devices 0
06-14 17:29:24.397  3844  4724 V Avrcp_ext: isPlayStateTobeUpdated: device: null
06-14 17:29:24.397  3844  4724 V Avrcp_ext: Single connection exists
06-14 17:29:24.397  3844  4724 D HeadsetService:  isAudioOn: The number of audio connected devices 0
06-14 17:29:24.397  3844  4724 D HeadsetService: isScoOrCallActive(): Call Active:falseCall is Ringing:falseSCO is Active:false
06-14 17:29:24.397  3844  4724 D HeadsetService:  isAudioOn: The number of audio connected devices 0
06-14 17:29:24.397  3844  4724 V Avrcp_ext: isPlayStateTobeUpdated: device: null
06-14 17:29:24.397  3844  4724 V Avrcp_ext: Single connection exists
06-14 17:29:24.397  3844  4724 D HeadsetService:  isAudioOn: The number of audio connected devices 0
06-14 17:29:24.397  3844  4724 D HeadsetService: isScoOrCallActive(): Call Active:falseCall is Ringing:falseSCO is Active:false
06-14 17:29:24.397  3844  4724 D HeadsetService:  isAudioOn: The number of audio connected devices 0
06-14 17:29:24.397  3844  4724 V Avrcp_ext: isPlayStateTobeUpdated: device: null
06-14 17:29:24.397  3844  4724 V Avrcp_ext: Single connection exists
06-14 17:29:24.397  3844  4724 D HeadsetService:  isAudioOn: The number of audio connected devices 0
06-14 17:29:24.398  3844  4724 D HeadsetService: isScoOrCallActive(): Call Active:falseCall is Ringing:falseSCO is Active:false
06-14 17:29:24.398  3844  4724 D HeadsetService:  isAudioOn: The number of audio connected devices 0
06-14 17:29:24.398  3844  4724 V Avrcp_ext: isPlayStateTobeUpdated: device: null
06-14 17:29:24.398  3844  4724 V Avrcp_ext: Single connection exists
06-14 17:29:24.398  3844  4724 D HeadsetService:  isAudioOn: The number of audio connected devices 0
06-14 17:29:24.398  3844  4724 D HeadsetService: isScoOrCallActive(): Call Active:falseCall is Ringing:falseSCO is Active:false
06-14 17:29:24.398  3844  4724 D HeadsetService:  isAudioOn: The number of audio connected devices 0
06-14 17:29:24.398  3844  4724 V Avrcp_ext: isPlayStateTobeUpdated: device: null
06-14 17:29:24.398  3844  4724 V Avrcp_ext: Single connection exists
06-14 17:29:24.398  3844  4724 D Avrcp_ext: Enter sendPlayPosNotificationRsp
06-14 17:29:24.398  3844  4724 D Avrcp_ext: sendPlayPosNotificationRsp: Not registered or requesting.
06-14 17:29:24.398  3844  4724 D Avrcp_ext: Enter sendPlayPosNotificationRsp
06-14 17:29:24.398  3844  4724 D Avrcp_ext: sendPlayPosNotificationRsp: Not registered or requesting.
06-14 17:29:24.398  3844  4724 D Avrcp_ext: Enter sendPlayPosNotificationRsp
06-14 17:29:24.398  3844  4724 D Avrcp_ext: sendPlayPosNotificationRsp: Not registered or requesting.
06-14 17:29:24.398  3844  4724 D Avrcp_ext: Enter sendPlayPosNotificationRsp
06-14 17:29:24.398  3844  4724 D Avrcp_ext: sendPlayPosNotificationRsp: Not registered or requesting.
06-14 17:29:24.398  3844  4724 D Avrcp_ext: Enter sendPlayPosNotificationRsp
06-14 17:29:24.398  3844  4724 D Avrcp_ext: sendPlayPosNotificationRsp: Not registered or requesting.
06-14 17:29:24.398  3844  4724 V Avrcp_ext: Exit updatePlayerStateAndPosition
06-14 17:29:24.398  1265 20851 I SDM     : HWCSession::ProcessRequests: Successfully configured CWB buffer.
06-14 17:29:24.398  5809 14611 I Cir_Miplay_MiPlayAudioService: dispatchMetaChange:MediaMetaData{mArtist='Megrezz', mAlbum='null', mTitle=' | ', mArt=valid, mDuration=2968630, mLrc='null'}
06-14 17:29:24.398  5809 14611 I Cir_Miplay_MetaInfoManager: setMetadata.
06-14 17:29:24.398  5809  5809 I MiPlayClientSDK: =======================================================================
06-14 17:29:24.399  5809  5809 I MiPlayClientSDK: onMediaInfoChange start
06-14 17:29:24.399  5809  5809 I MiPlayClientSDK: local_device_id, MediaMetaData{mArtist='Megrezz', mAlbum='null', mTitle=' | ', mDuration=2968630, mId='', mCoverUrl='', mStatus=0, mVolume=0, mArt=android.graphics.Bitmap@54b72bc, mPosition=0, mLrc='null', mPackgeName='cn.missevan', mSourceName='2738969101Xiaomi Civi 2', mDeviceState=2}
06-14 17:29:24.399  5809  5809 I MiPlayClientSDK: onMediaInfoChange end
06-14 17:29:24.399  5809  5809 I MiPlayClientSDK: =======================================================================
06-14 17:29:24.399  5809  5809 I MiPlayProxyDeviceManager: onMediaInfoChange
06-14 17:29:24.399  5809  5809 I MiPlay  : onMediaMetaChanged,local_device_id, meta:MediaMetaData{mArtist='Megrezz', mAlbum='null', mTitle=' | ', mDuration=2968630, art:valid}
06-14 17:29:24.405  4233  4233 D MiPlayDetailViewModel: onMediaMetaChange(): metaData.title =  | 
06-14 17:29:24.408 19614 19814 I @@@BBPLOG: Info TABF09CB0 CSrcEng L115 The source format is: 1, size: 262144, 70797466
06-14 17:29:24.409  5809 20702 I SafeBinderCall: onPositionChange binder cost:0
06-14 17:29:24.410  4233  4233 D MiPlayDetailViewModel: onPositionChange(): position = 1607
06-14 17:29:24.415  4233  4233 D MiPlayDetailViewModel: onActiveAudioSessionChange(): audioSessionList?.size = 1
06-14 17:29:24.415  5809  6131 I SafeBinderCall: onActiveAudioSessionChange binder cost:23
06-14 17:29:24.418  4233  4233 I SafeBinderCall: call getMediaMetaData binder cost:2
06-14 17:29:24.418  1265 20851 I SDM     : HWCSession::ProcessRequests: Pushing release fence in fenece wait queue.
06-14 17:29:24.418  1265 20851 I SDM     : HWCSession::ProcessRequests: Creating AsyncFenceWaits async thread.
06-14 17:29:24.419  1265 20851 I SDM     : HWCSession::ProcessRequests: Remove current CWB request from the pending request queue.
06-14 17:29:24.419  1265 20851 I SDM     : HWCSession::ProcessRequests: No pending cwb requests found in the queue.
06-14 17:29:24.419 19614 19814 I @@@BBPLOG: Info TABF09CB0 BBPFuncLog L113 ----CMP4ParserBase::ReadBoxMoov Value is 00000000 start.
06-14 17:29:24.420  4233  4233 I SafeBinderCall: call getPosition binder cost:1
06-14 17:29:24.420  4233  4233 I SafeBinderCall: call getPlaybackState binder cost:0
06-14 17:29:24.427  1265  1584 I SDM     : HWDeviceDRM::SetupConcurrentWriteback: Tear down the Concurrent Writeback topology
06-14 17:29:24.427 19614 19814 I @@@BBPLOG: Info TABF09CB0 BBPFuncLog L140 ----CMP4ParserBase::ReadBoxMoov leave! no return. Ussed Time: 8
06-14 17:29:24.429 19380 19409 W QueryController: Could not detect idle state.
06-14 17:29:24.429  1265 20852 I SDM     : HWCSession::NotifyCWBStatus: Notify the client about buffer status 0.
06-14 17:29:24.430  1265 20852 I SDM     : HWCSession::PerformFenceWaits: Remove current release fence from the pending fence wait queue.
06-14 17:29:24.430  1265 20852 I SDM     : HWCSession::PerformFenceWaits: CWB fence queue is empty. No pending release fence to wait on.
06-14 17:29:24.430 19380 19409 I appium  : AppiumResponse: {"sessionId":"894ce2d8-ad4e-487d-b469-10b66a201f99","value":null}
06-14 17:29:24.431 19614 20677 I @@@BBPLOG: Info TAEAB1CB0 CRndNDK L129 First Frame: 47 ms, dns: 0 ms, req: 0 ms, rsp: 0 ms, dat: 0 ms
06-14 17:29:24.460  3844  4724 V Avrcp_ext: onMetadataChanged
06-14 17:29:24.461  5809  5809 I MiPlayProxyDeviceManager: onTopActiveSessionChange, cn.missevan
06-14 17:29:24.463  5809  5809 I SafeBinderCall: onTopActiveSessionChange binder cost:1
06-14 17:29:24.464  4233  4233 D MiPlayDetailViewModel: onActiveAudioSessionChange(): audioSessionList?.size = 1
06-14 17:29:24.464  5809  6131 I SafeBinderCall: onActiveAudioSessionChange binder cost:1
06-14 17:29:24.464  2431  4793 I MediaFocusControl: requestAudioFocus() from uid/pid 10486/19614 AA=USAGE_MEDIA/CONTENT_TYPE_MUSIC clientId=android.media.AudioManager@bcb80dbcn.missevan.lib.utils.AudioFocusManager@b4ac778 callingPack=cn.missevan req=1 flags=0x1 sdk=28
06-14 17:29:24.466  2431  4793 I AudioService.FadeOutManager: unfadeOutUid() uid:10486
06-14 17:29:24.466  5809  5809 I SafeBinderCall: onMediaMetaChange binder cost:3
06-14 17:29:24.467  5809  5809 I Cir_Miplay_ActiveAudioSessionManager: dispatchTopActiveSessionChangeCallbackLocked, size:1
06-14 17:29:24.467  4233  4233 I SafeBinderCall: call getMediaMetaData binder cost:3
06-14 17:29:24.468  4233  4233 I SafeBinderCall: call getPosition binder cost:1
06-14 17:29:24.469  4233  4233 I SafeBinderCall: call getPlaybackState binder cost:1
06-14 17:29:24.469  3844  4724 V Avrcp_ext: updateCurrentMediaState: mMediaController: MediaController (cn.missevan@938b0ca)  | , Megrezz, null
06-14 17:29:24.469  3844  4724 V Avrcp_ext: updateCurrentMediaState: isPlaying = false
06-14 17:29:24.469  3844  4724 W Avrcp_ext: isMusicActive: true getBluetoothPlayState: 1 A2dp State: 11 mAudioPlaybackIsActive: true
06-14 17:29:24.469  3844  4724 D Avrcp_ext: isMusicActive = true mAudioPlaybackIsActive = true player state = PlaybackState {state=3, position=34, buffered position=0, speed=1.0, updated=23538073, actions=894, custom actions=[], active item id=-1, error=null}
06-14 17:29:24.470  3844  4724 D Avrcp_ext: overwrite album_artist :if album is blank
06-14 17:29:24.471  5809  5809 I Cir_Miplay_MiPlayAudioService: onTopActiveSessionChange, cn.missevan
06-14 17:29:24.471  5809  5809 I Cir_Miplay_MiPlayAudioService: topActiveSessionChange appId:cn.missevan
06-14 17:29:24.472  5809  5809 I Cir_Miplay_MiPlayAudioStatUtils: recordPackageName:cn.missevan
06-14 17:29:24.472  5809  5809 I Cir_Miplay_MiPlayAudioStatUtils: packageNameEquals.
06-14 17:29:24.472  4233  4233 V MediaTimeout: processState 0|cn.missevan|1500|null|10486: PlaybackState {state=3, position=32, buffered position=0, speed=1.0, updated=23538071, actions=894, custom actions=[], active item id=-1, error=null}
06-14 17:29:24.472  5809  5809 I Cir_Miplay_ActiveSessionRecord: dispatch meta change, MediaMetaData{mArtist='Megrezz', mAlbum='null', mTitle=' | ', mArt=valid, mDuration=2968630, mLrc='null'}
06-14 17:29:24.472  5809  5809 I Cir_Miplay_MiPlayAudioService: dispatchMetaChange:cn.missevan  ActiveSsionPackageName:cn.missevan
06-14 17:29:24.472  5809  5809 I Cir_Miplay_ActiveSessionRecord: onPlaybackStateChanged:3
06-14 17:29:24.472  5809  5809 I Cir_Miplay_ActiveSessionRecordStack: onPlaybackStateChange.
06-14 17:29:24.473  3844  4724 V Avrcp_ext: Media update: id -1-1? [MediaAttributes:  -  by Mz (2968630 0/0) - ] : [MediaAttributes:  -  by Mz (2968630 0/0) - ]
06-14 17:29:24.474  3844  4724 D Avrcp_ext: isPackageNameValid: browsedPackage = cn.missevanisValid = true
06-14 17:29:24.474  3844  4724 V Avrcp_ext: isBrowseSupported for cn.missevan: false
06-14 17:29:24.474  3844  4724 V Avrcp_ext: updatePlaybackState, state: PlaybackState {state=3, position=34, buffered position=0, speed=1.0, updated=23538073, actions=894, custom actions=[], active item id=-1, error=null} device: null
06-14 17:29:24.474  3844  4724 V Avrcp_ext: Device: no name:
06-14 17:29:24.474  3844  4724 V Avrcp_ext: Device: no name:
06-14 17:29:24.474  3844  4724 V Avrcp_ext: Device: no name:
06-14 17:29:24.474  3844  4724 V Avrcp_ext: Device: no name:
06-14 17:29:24.474  3844  4724 V Avrcp_ext: Device: no name:
06-14 17:29:24.474  3844  4724 V Avrcp_ext: updatePlayerStateAndPosition, old=PlaybackState {state=3, position=1593, buffered position=0, speed=1.0, updated=23537998, actions=894, custom actions=[], active item id=-1, error=null}, state=PlaybackState {state=3, position=34, buffered position=0, speed=1.0, updated=23538073, actions=894, custom actions=[], active item id=-1, error=null}
06-14 17:29:24.474  3844  4724 V Avrcp_ext: old state = PlaybackState {state=3, position=1593, buffered position=0, speed=1.0, updated=23537998, actions=894, custom actions=[], active item id=-1, error=null}, new state= PlaybackState {state=3, position=34, buffered position=0, speed=1.0, updated=23538073, actions=894, custom actions=[], active item id=-1, error=null}
06-14 17:29:24.474  3844  4724 D HeadsetService: getHeadsetService(): returning com.android.bluetooth.hfp.HeadsetService@7e2faf
06-14 17:29:24.474  3844  4724 D HeadsetService:  isAudioOn: The number of audio connected devices 0
06-14 17:29:24.474  3844  4724 D HeadsetService: isScoOrCallActive(): Call Active:falseCall is Ringing:falseSCO is Active:false
06-14 17:29:24.474  3844  4724 D HeadsetService:  isAudioOn: The number of audio connected devices 0
06-14 17:29:24.474  3844  4724 V Avrcp_ext: isPlayStateTobeUpdated: device: null
06-14 17:29:24.474  3844  4724 V Avrcp_ext: Single connection exists
06-14 17:29:24.474  3844  4724 D HeadsetService:  isAudioOn: The number of audio connected devices 0
06-14 17:29:24.474  3844  4724 D HeadsetService: isScoOrCallActive(): Call Active:falseCall is Ringing:falseSCO is Active:false
06-14 17:29:24.474  3844  4724 D HeadsetService:  isAudioOn: The number of audio connected devices 0
06-14 17:29:24.474  3844  4724 V Avrcp_ext: isPlayStateTobeUpdated: device: null
06-14 17:29:24.474  3844  4724 V Avrcp_ext: Single connection exists
06-14 17:29:24.474  3844  4724 D HeadsetService:  isAudioOn: The number of audio connected devices 0
06-14 17:29:24.474  3844  4724 D HeadsetService: isScoOrCallActive(): Call Active:falseCall is Ringing:falseSCO is Active:false
06-14 17:29:24.474  3844  4724 D HeadsetService:  isAudioOn: The number of audio connected devices 0
06-14 17:29:24.474  3844  4724 V Avrcp_ext: isPlayStateTobeUpdated: device: null
06-14 17:29:24.474  3844  4724 V Avrcp_ext: Single connection exists
06-14 17:29:24.474  3844  4724 D HeadsetService:  isAudioOn: The number of audio connected devices 0
06-14 17:29:24.474  3844  4724 D HeadsetService: isScoOrCallActive(): Call Active:falseCall is Ringing:falseSCO is Active:false
06-14 17:29:24.474  3844  4724 D HeadsetService:  isAudioOn: The number of audio connected devices 0
06-14 17:29:24.474  3844  4724 V Avrcp_ext: isPlayStateTobeUpdated: device: null
06-14 17:29:24.474  3844  4724 V Avrcp_ext: Single connection exists
06-14 17:29:24.474  3844  4724 D HeadsetService:  isAudioOn: The number of audio connected devices 0
06-14 17:29:24.474  3844  4724 D HeadsetService: isScoOrCallActive(): Call Active:falseCall is Ringing:falseSCO is Active:false
06-14 17:29:24.474  3844  4724 D HeadsetService:  isAudioOn: The number of audio connected devices 0
06-14 17:29:24.474  3844  4724 V Avrcp_ext: isPlayStateTobeUpdated: device: null
06-14 17:29:24.474  3844  4724 V Avrcp_ext: Single connection exists
06-14 17:29:24.474  3844  4724 D Avrcp_ext: Enter sendPlayPosNotificationRsp
06-14 17:29:24.474  3844  4724 D Avrcp_ext: sendPlayPosNotificationRsp: Not registered or requesting.
06-14 17:29:24.474  3844  4724 D Avrcp_ext: Enter sendPlayPosNotificationRsp
06-14 17:29:24.474  3844  4724 D Avrcp_ext: sendPlayPosNotificationRsp: Not registered or requesting.
06-14 17:29:24.474  3844  4724 D Avrcp_ext: Enter sendPlayPosNotificationRsp
06-14 17:29:24.474  3844  4724 D Avrcp_ext: sendPlayPosNotificationRsp: Not registered or requesting.
06-14 17:29:24.474  3844  4724 D Avrcp_ext: Enter sendPlayPosNotificationRsp
06-14 17:29:24.474  3844  4724 D Avrcp_ext: sendPlayPosNotificationRsp: Not registered or requesting.
06-14 17:29:24.474  3844  4724 D Avrcp_ext: Enter sendPlayPosNotificationRsp
06-14 17:29:24.474  3844  4724 D Avrcp_ext: sendPlayPosNotificationRsp: Not registered or requesting.
06-14 17:29:24.474  3844  4724 V Avrcp_ext: Exit updatePlayerStateAndPosition
06-14 17:29:24.474  3844  4724 V Avrcp_ext: onPlaybackStateChanged: state PlaybackState {state=3, position=32, buffered position=0, speed=1.0, updated=23538071, actions=894, custom actions=[], active item id=-1, error=null}
06-14 17:29:24.475  5809  5809 I Cir_Miplay_ActiveAudioSessionManager: TopAudioSession play change
06-14 17:29:24.475  3844  4724 V Avrcp_ext: updateCurrentMediaState: mMediaController: MediaController (cn.missevan@938b0ca)  | , Megrezz, null
06-14 17:29:24.475  3844  4724 V Avrcp_ext: updateCurrentMediaState: isPlaying = false
06-14 17:29:24.475  3844  4724 W Avrcp_ext: isMusicActive: true getBluetoothPlayState: 1 A2dp State: 11 mAudioPlaybackIsActive: true
06-14 17:29:24.475  5809 14611 I Cir_Miplay_MiPlayAudioService: dispatchMetaChange:MediaMetaData{mArtist='Megrezz', mAlbum='null', mTitle=' | ', mArt=valid, mDuration=2968630, mLrc='null'}
06-14 17:29:24.475  3844  4724 D Avrcp_ext: isMusicActive = true mAudioPlaybackIsActive = true player state = PlaybackState {state=3, position=40, buffered position=0, speed=1.0, updated=23538079, actions=894, custom actions=[], active item id=-1, error=null}
06-14 17:29:24.475  5809 14611 I Cir_Miplay_MetaInfoManager: setMetadata.
06-14 17:29:24.475  5809  5809 I Cir_Miplay_MiPlayAudioService: dispatchPlaybackStateChange:3
06-14 17:29:24.475  5809  5809 I Cir_Miplay_MiPlayAudioService: localPlayStateChange state:3
06-14 17:29:24.476  5809  5809 I Cir_Miplay_MiPlayAudioService: playStateNotify state:3  ,id:,uuid:local_device_id
06-14 17:29:24.476  5809  5809 I ActiveSessionRecord: onPlaybackStateChanged: PlaybackState {state=3, position=32, buffered position=0, speed=1.0, updated=23538071, actions=894, custom actions=[], active item id=-1, error=null}
06-14 17:29:24.478  5809  5809 I ActiveAudioSessionManager: startPositionCallbackTask
06-14 17:29:24.478  5809  5809 I SafeBinderCall: onPlaybackStateChange binder cost:0
06-14 17:29:24.479  5809  5809 I MiPlayClientSDK: =======================================================================
06-14 17:29:24.479  5809  5809 I MiPlayClientSDK: onMediaInfoChange start
06-14 17:29:24.479  5809  5809 I MiPlayClientSDK: local_device_id, MediaMetaData{mArtist='Megrezz', mAlbum='null', mTitle=' | ', mDuration=2968630, mId='', mCoverUrl='', mStatus=0, mVolume=0, mArt=android.graphics.Bitmap@77d5245, mPosition=0, mLrc='null', mPackgeName='cn.missevan', mSourceName='2738969101Xiaomi Civi 2', mDeviceState=2}
06-14 17:29:24.479  5809  5809 I MiPlayClientSDK: onMediaInfoChange end
06-14 17:29:24.479  5809  5809 I MiPlayClientSDK: =======================================================================
06-14 17:29:24.479  5809  5809 I MiPlayProxyDeviceManager: onMediaInfoChange
06-14 17:29:24.479  5809  5809 I MiPlay  : onMediaMetaChanged,local_device_id, meta:MediaMetaData{mArtist='Megrezz', mAlbum='null', mTitle=' | ', mDuration=2968630, art:valid}
06-14 17:29:24.479  5809  5809 I MiPlayClientSDK: =======================================================================
06-14 17:29:24.479  5809  5809 I MiPlayClientSDK: onPlayStateChange start
06-14 17:29:24.479  5809  5809 I MiPlayClientSDK: local_device_id, state:3
06-14 17:29:24.479  5809  5809 I MiPlayClientSDK: onPlayStateChange end
06-14 17:29:24.479  5809  5809 I MiPlayClientSDK: =======================================================================
06-14 17:29:24.479  5809  5809 I MiPlayProxyDeviceManager: onPlayStateChange
06-14 17:29:24.479  5809  5809 I MiPlay  : onPlaybackStateChanged,local_device_id, state:pause
06-14 17:29:24.479  4233  4233 D MiPlayDetailViewModel: onPlaybackStateChange(): state = 3
06-14 17:29:24.481  3844  4724 D Avrcp_ext: overwrite album_artist :if album is blank
06-14 17:29:24.482  3844  4724 V Avrcp_ext: Media update: id -1-1? [MediaAttributes:  -  by Mz (2968630 0/0) - ] : [MediaAttributes:  -  by Mz (2968630 0/0) - ]
06-14 17:29:24.482  3844  4724 D Avrcp_ext: isPackageNameValid: browsedPackage = cn.missevanisValid = true
06-14 17:29:24.482  3844  4724 V Avrcp_ext: isBrowseSupported for cn.missevan: false
06-14 17:29:24.482  3844  4724 V Avrcp_ext: updatePlaybackState, state: PlaybackState {state=3, position=40, buffered position=0, speed=1.0, updated=23538079, actions=894, custom actions=[], active item id=-1, error=null} device: null
06-14 17:29:24.482  3844  4724 V Avrcp_ext: Device: no name:
06-14 17:29:24.482  3844  4724 V Avrcp_ext: Device: no name:
06-14 17:29:24.482  3844  4724 V Avrcp_ext: Device: no name:
06-14 17:29:24.482  3844  4724 V Avrcp_ext: Device: no name:
06-14 17:29:24.482  3844  4724 V Avrcp_ext: Device: no name:
06-14 17:29:24.482  3844  4724 V Avrcp_ext: updatePlayerStateAndPosition, old=PlaybackState {state=3, position=34, buffered position=0, speed=1.0, updated=23538073, actions=894, custom actions=[], active item id=-1, error=null}, state=PlaybackState {state=3, position=40, buffered position=0, speed=1.0, updated=23538079, actions=894, custom actions=[], active item id=-1, error=null}
06-14 17:29:24.482  3844  4724 V Avrcp_ext: old state = PlaybackState {state=3, position=34, buffered position=0, speed=1.0, updated=23538073, actions=894, custom actions=[], active item id=-1, error=null}, new state= PlaybackState {state=3, position=40, buffered position=0, speed=1.0, updated=23538079, actions=894, custom actions=[], active item id=-1, error=null}
06-14 17:29:24.482  3844  4724 D HeadsetService: getHeadsetService(): returning com.android.bluetooth.hfp.HeadsetService@7e2faf
06-14 17:29:24.482  3844  4724 D HeadsetService:  isAudioOn: The number of audio connected devices 0
06-14 17:29:24.482  3844  4724 D HeadsetService: isScoOrCallActive(): Call Active:falseCall is Ringing:falseSCO is Active:false
06-14 17:29:24.482  3844  4724 D HeadsetService:  isAudioOn: The number of audio connected devices 0
06-14 17:29:24.483  3844  4724 V Avrcp_ext: isPlayStateTobeUpdated: device: null
06-14 17:29:24.483  3844  4724 V Avrcp_ext: Single connection exists
06-14 17:29:24.483  3844  4724 D HeadsetService:  isAudioOn: The number of audio connected devices 0
06-14 17:29:24.483  3844  4724 D HeadsetService: isScoOrCallActive(): Call Active:falseCall is Ringing:falseSCO is Active:false
06-14 17:29:24.483  3844  4724 D HeadsetService:  isAudioOn: The number of audio connected devices 0
06-14 17:29:24.483  3844  4724 V Avrcp_ext: isPlayStateTobeUpdated: device: null
06-14 17:29:24.483  3844  4724 V Avrcp_ext: Single connection exists
06-14 17:29:24.483  3844  4724 D HeadsetService:  isAudioOn: The number of audio connected devices 0
06-14 17:29:24.483  3844  4724 D HeadsetService: isScoOrCallActive(): Call Active:falseCall is Ringing:falseSCO is Active:false
06-14 17:29:24.483  3844  4724 D HeadsetService:  isAudioOn: The number of audio connected devices 0
06-14 17:29:24.483  3844  4724 V Avrcp_ext: isPlayStateTobeUpdated: device: null
06-14 17:29:24.483  3844  4724 V Avrcp_ext: Single connection exists
06-14 17:29:24.483  3844  4724 D HeadsetService:  isAudioOn: The number of audio connected devices 0
06-14 17:29:24.483  3844  4724 D HeadsetService: isScoOrCallActive(): Call Active:falseCall is Ringing:falseSCO is Active:false
06-14 17:29:24.483  3844  4724 D HeadsetService:  isAudioOn: The number of audio connected devices 0
06-14 17:29:24.483  3844  4724 V Avrcp_ext: isPlayStateTobeUpdated: device: null
06-14 17:29:24.483  3844  4724 V Avrcp_ext: Single connection exists
06-14 17:29:24.483  3844  4724 D HeadsetService:  isAudioOn: The number of audio connected devices 0
06-14 17:29:24.483  3844  4724 D HeadsetService: isScoOrCallActive(): Call Active:falseCall is Ringing:falseSCO is Active:false
06-14 17:29:24.483  3844  4724 D HeadsetService:  isAudioOn: The number of audio connected devices 0
06-14 17:29:24.483  3844  4724 V Avrcp_ext: isPlayStateTobeUpdated: device: null
06-14 17:29:24.483  3844  4724 V Avrcp_ext: Single connection exists
06-14 17:29:24.483  3844  4724 D Avrcp_ext: Enter sendPlayPosNotificationRsp
06-14 17:29:24.483  3844  4724 D Avrcp_ext: sendPlayPosNotificationRsp: Not registered or requesting.
06-14 17:29:24.483  3844  4724 D Avrcp_ext: Enter sendPlayPosNotificationRsp
06-14 17:29:24.483  3844  4724 D Avrcp_ext: sendPlayPosNotificationRsp: Not registered or requesting.
06-14 17:29:24.483  3844  4724 D Avrcp_ext: Enter sendPlayPosNotificationRsp
06-14 17:29:24.483  3844  4724 D Avrcp_ext: sendPlayPosNotificationRsp: Not registered or requesting.
06-14 17:29:24.483  3844  4724 D Avrcp_ext: Enter sendPlayPosNotificationRsp
06-14 17:29:24.483  3844  4724 D Avrcp_ext: sendPlayPosNotificationRsp: Not registered or requesting.
06-14 17:29:24.483  3844  4724 D Avrcp_ext: Enter sendPlayPosNotificationRsp
06-14 17:29:24.483  3844  4724 D Avrcp_ext: sendPlayPosNotificationRsp: Not registered or requesting.
06-14 17:29:24.483  3844  4724 V Avrcp_ext: Exit updatePlayerStateAndPosition
06-14 17:29:24.483  3844  4724 V Avrcp_ext:  Exit onPlaybackStateChanged
06-14 17:29:24.483  2431  3919 I WindowManagerService: Physical orientation applied, rotation=0 sfOrientation=ORIENTATION_0
06-14 17:29:24.496  2018  3127 D libsensor-displayalgo: the value of  brightness:438.000000,R:70615716.672459,G:66648922.215982,B:70914520.100506,EVENT_C:6722.500000,EVENT_R:2568.500000,EVENT_G:3427.500000,EVENT_B:1354.500000
06-14 17:29:24.496  2018  3127 I libsensor-displayalgo: the value of  Coef1:1107.681000,Coef4:2.383000, scale1:0.935522, scale4:0.923264
06-14 17:29:24.496  2018  3127 E libsensor-displayalgo: RGB_test_0407_400_oldzy!
06-14 17:29:24.496  2018  3127 I libsensor-displayalgo: the value of  RESULT2855.008022,1139.538879,1378.028060,515.554797
06-14 17:29:24.496  2018  3127 I libsensor-displayalgo: the value of  getChannelDataCalibrated2993.320052,1055.432646,1601.687773,562.693369
06-14 17:29:24.496  2018  3127 I libsensor-displayalgo: the value of  REAL LUX224.892090
06-14 17:29:24.496  2018  3127 I libsensor-displayalgo: the value of  CAL REAL LUX224.892090
06-14 17:29:24.505  5858  6965 D UidObserver: onUidIdle uid=10259 uidstate=100
06-14 17:29:24.521  5405  9716 D SLM-SRV-SLAService: checktemp temperature = 35726 temperature_average = 35513 isPerformanceMode = false thermal_enable_slm = true
06-14 17:29:24.524  2431  3919 I WindowManagerService: Physical orientation applied, rotation=0 sfOrientation=ORIENTATION_0
06-14 17:29:24.551 19428 20070 D BLASTBufferQueue: releaseBufferCallback ReleaseCallbackId: bufferId:83442624626720 framenumber:1
06-14 17:29:24.558 19428 20070 D BLASTBufferQueue: releaseBufferCallback ReleaseCallbackId: bufferId:83442624626723 framenumber:2
06-14 17:29:24.568 19428 20070 D BLASTBufferQueue: releaseBufferCallback ReleaseCallbackId: bufferId:83442624626722 framenumber:3
06-14 17:29:24.597  2431  3919 I WindowManagerService: Physical orientation applied, rotation=0 sfOrientation=ORIENTATION_0
06-14 17:29:24.610  2431  3919 I WindowManagerService: Physical orientation applied, rotation=0 sfOrientation=ORIENTATION_0
06-14 17:29:24.647 19428 19437 I cn.missevan: This is sticky GC, maxfree is 8388608 minfree is 2097152
06-14 17:29:24.660  2431  3390 I WindowManagerService: Physical orientation applied, rotation=0 sfOrientation=ORIENTATION_0
06-14 17:29:24.671  2431  3919 I WindowManagerService: Physical orientation applied, rotation=0 sfOrientation=ORIENTATION_0
06-14 17:29:24.682  2431  3919 I WindowManagerService: Physical orientation applied, rotation=0 sfOrientation=ORIENTATION_0
06-14 17:29:24.698  1265  2358 I vendor.qti.hardware.display.composer-service: FrameNotifyProcess Sensor: notify citsensorservice to trigger cwb
06-14 17:29:24.698  2018  2018 I libcitsensorservice@2.0-impl: msg_transfer
06-14 17:29:24.698  2018  3098 D vendor.xiaomi.sensor.citsensorservice@2.0-service: handle id:9 wxh:1280x2400 uwxuh:1080x2400 size: 9216000 fd:15 fd_meta:16 flags:0x4000228 usage:0x33  format:0x3 layer_count: 1
06-14 17:29:24.698  1265  1890 I SDM     : HWCSession::SetCWBOutputBuffer: CWB config passed by cwb_client : tappoint 1  CWB_ROI : (829.000000 4.000000 915.000000 90.000000)
06-14 17:29:24.700  1265 20856 I SDM     : HWCSession::ProcessRequests: Successfully configured CWB buffer.
06-14 17:29:24.706 19428 19428 I HandWritingStubImpl: isKeyboardTypeChanged: false
06-14 17:29:24.706 19428 19428 I HandWritingStubImpl: isKeyboardTypeChanged: false
06-14 17:29:24.706 19428 19428 I HandWritingStubImpl: isKeyboardTypeChanged: false
06-14 17:29:24.706 19428 19428 I HandWritingStubImpl: isKeyboardTypeChanged: false
06-14 17:29:24.707 19428 19428 I HandWritingStubImpl: isKeyboardTypeChanged: false
06-14 17:29:24.707 19428 19428 I HandWritingStubImpl: isKeyboardTypeChanged: false
06-14 17:29:24.707 19428 19428 I HandWritingStubImpl: isKeyboardTypeChanged: false
06-14 17:29:24.707 19428 19428 I HandWritingStubImpl: isKeyboardTypeChanged: false
06-14 17:29:24.708  1265 20856 I SDM     : HWCSession::ProcessRequests: Pushing release fence in fenece wait queue.
06-14 17:29:24.708  1265 20856 I SDM     : HWCSession::ProcessRequests: Creating AsyncFenceWaits async thread.
06-14 17:29:24.708  1265 20856 I SDM     : HWCSession::ProcessRequests: Remove current CWB request from the pending request queue.
06-14 17:29:24.709  1265 20856 I SDM     : HWCSession::ProcessRequests: No pending cwb requests found in the queue.
06-14 17:29:24.714  1265  1584 I SDM     : HWDeviceDRM::SetupConcurrentWriteback: Tear down the Concurrent Writeback topology
06-14 17:29:24.717  1930  1967 I mstatdaemon: Entering time loop
