06-14 17:29:22.303  2431  2921 I WindowManagerService: Physical orientation applied, rotation=0 sfOrientation=ORIENTATION_0
06-14 17:29:22.331  2431  4926 I WindowManagerService: Physical orientation applied, rotation=0 sfOrientation=ORIENTATION_0
06-14 17:29:22.346 19428 19542 D BLASTBufferQueue: releaseBufferCallback ReleaseCallbackId: bufferId:83442624626716 framenumber:1
06-14 17:29:22.369  2431  4926 I WindowManagerService: Physical orientation applied, rotation=0 sfOrientation=ORIENTATION_0
06-14 17:29:22.384  2431  2892 I WindowManagerService: Physical orientation applied, rotation=0 sfOrientation=ORIENTATION_0
06-14 17:29:22.395  2018  3127 D libsensor-displayalgo: the value of  brightness:438.000000,R:18998001.610172,G:18971905.786467,B:19142044.774358,EVENT_C:5015.000000,EVENT_R:1971.000000,EVENT_G:2517.000000,EVENT_B:1003.500000
06-14 17:29:22.395  2018  3127 I libsensor-displayalgo: the value of  Coef1:1107.681000,Coef4:2.383000, scale1:0.935522, scale4:0.923264
06-14 17:29:22.396  2018  3127 E libsensor-displayalgo: RGB_test_0407_400_oldzy!
06-14 17:29:22.396  2018  3127 I libsensor-displayalgo: the value of  RESULT1193.485987,462.776436,607.653565,206.775886
06-14 17:29:22.396  2018  3127 I libsensor-displayalgo: the value of  getChannelDataCalibrated1251.304903,428.620179,706.278278,225.681966
06-14 17:29:22.396  2018  3127 I libsensor-displayalgo: the value of  REAL LUX226.672577
06-14 17:29:22.396  2018  3127 I libsensor-displayalgo: the value of  CAL REAL LUX226.672577
06-14 17:29:22.408  4233  4233 D MiPlayDetailViewModel: onPositionChange(): position = 13027
06-14 17:29:22.408  5809 20702 I SafeBinderCall: onPositionChange binder cost:0
06-14 17:29:22.427  2431  6206 I WindowManagerService: Physical orientation applied, rotation=0 sfOrientation=ORIENTATION_0
06-14 17:29:22.436  2431  6206 I WindowManagerService: Physical orientation applied, rotation=0 sfOrientation=ORIENTATION_0
06-14 17:29:22.460  2431  2892 I WindowManagerService: Physical orientation applied, rotation=0 sfOrientation=ORIENTATION_0
06-14 17:29:22.476  2431  6206 I WindowManagerService: Physical orientation applied, rotation=0 sfOrientation=ORIENTATION_0
06-14 17:29:22.532  2431  4926 I WindowManagerService: Physical orientation applied, rotation=0 sfOrientation=ORIENTATION_0
06-14 17:29:22.549  2431  2444 I WindowManagerService: Physical orientation applied, rotation=0 sfOrientation=ORIENTATION_0
06-14 17:29:22.558  1265  2358 I vendor.qti.hardware.display.composer-service: FrameNotifyProcess Sensor: notify citsensorservice to trigger cwb
06-14 17:29:22.559  2018  3874 I libcitsensorservice@2.0-impl: msg_transfer
06-14 17:29:22.559  2018  3098 D vendor.xiaomi.sensor.citsensorservice@2.0-service: handle id:9 wxh:1280x2400 uwxuh:1080x2400 size: 9216000 fd:15 fd_meta:16 flags:0x4000228 usage:0x33  format:0x3 layer_count: 1
06-14 17:29:22.559  1265  1890 I SDM     : HWCSession::SetCWBOutputBuffer: CWB config passed by cwb_client : tappoint 1  CWB_ROI : (829.000000 4.000000 915.000000 90.000000)
06-14 17:29:22.559  1265 20828 I SDM     : HWCSession::ProcessRequests: Successfully configured CWB buffer.
06-14 17:29:22.560 19614 19614 I @@@BBPLOG: Info T847DE4F8 CPlayMain L283 The Session UUID: 2d53682d-7feb-4366-b98d-e6aab4c56e6c
06-14 17:29:22.560 19614 19614 I @@@BBPLOG: Info T847DE4F8 bbPlayer L143 Open source: http://cn-sxxa-ct-03-04.bilivideo.com/mefmxcodeboss/aod/202011/07/749a44ed0e4b2c0ccb9c960e94035c5a104613-128k.m4a?e=ig8euxZM2rNcNbdlhoNvNC8BqJIzNbfqXBvEuENvNC8aNEVEtEvE9IMvXBvE2ENvNCImNEVEIj0Y2J_aug859r1qXg8xNEVE5XREto8GuFGv2U7SuxI72X6fTr859IB_&uipk=5&nbs=1&deadline=1686742162&gen=playurlv2&os=bcache&oi=3729190097&trid=0000c958dbf290e04504a24ca2e3356e81cbB&mid=0&platform=android&upsig=5e30edc342d6f5ba2a3dbcd8d525b1db&uparams=e,uipk,nbs,deadline,gen,os,oi,trid,mid,platform&cdnid=63304&bvc=vod&nettype=0&orderid=0,1&logo=00000000
06-14 17:29:22.564 19614 19814 I @@@BBPLOG: Info TABF09CB0 CPlayMain L707 Open task cache enable
06-14 17:29:22.568  1265 20828 I SDM     : HWCSession::ProcessRequests: Pushing release fence in fenece wait queue.
06-14 17:29:22.568  1265 20828 I SDM     : HWCSession::ProcessRequests: Creating AsyncFenceWaits async thread.
06-14 17:29:22.569  1265 20828 I SDM     : HWCSession::ProcessRequests: Remove current CWB request from the pending request queue.
06-14 17:29:22.569  1265 20828 I SDM     : HWCSession::ProcessRequests: No pending cwb requests found in the queue.
06-14 17:29:22.574  1265  1584 I SDM     : HWDeviceDRM::SetupConcurrentWriteback: Tear down the Concurrent Writeback topology
06-14 17:29:22.575 19614 19814 I @@@BBPLOG: Info TABF09CB0 CFileSrc L53 Open url: http://cn-sxxa-ct-03-04.bilivideo.com/mefmxcodeboss/aod/202011/07/749a44ed0e4b2c0ccb9c960e94035c5a104613-128k.m4a?e=ig8euxZM2rNcNbdlhoNvNC8BqJIzNbfqXBvEuENvNC8aNEVEtEvE9IMvXBvE2ENvNCImNEVEIj0Y2J_aug859r1qXg8xNEVE5XREto8GuFGv2U7SuxI72X6fTr859IB_&uipk=5&nbs=1&deadline=1686742162&gen=playurlv2&os=bcache&oi=3729190097&trid=0000c958dbf290e04504a24ca2e3356e81cbB&mid=0&platform=android&upsig=5e30edc342d6f5ba2a3dbcd8d525b1db&uparams=e,uipk,nbs,deadline,gen,os,oi,trid,mid,platform&cdnid=63304&bvc=vod&nettype=0&orderid=0,1&logo=00000000, flag: 0x1000
06-14 17:29:22.575 19614 19814 I @@@BBPLOG: Info TABF09CB0 CCronetHttpIO L348 [0x710608d8c0] Open, url: http://cn-sxxa-ct-03-04.bilivideo.com/mefmxcodeboss/aod/202011/07/749a44ed0e4b2c0ccb9c960e94035c5a104613-128k.m4a?e=ig8euxZM2rNcNbdlhoNvNC8BqJIzNbfqXBvEuENvNC8aNEVEtEvE9IMvXBvE2ENvNCImNEVEIj0Y2J_aug859r1qXg8xNEVE5XREto8GuFGv2U7SuxI72X6fTr859IB_&uipk=5&nbs=1&deadline=1686742162&gen=playurlv2&os=bcache&oi=3729190097&trid=0000c958dbf290e04504a24ca2e3356e81cbB&mid=0&platform=android&upsig=5e30edc342d6f5ba2a3dbcd8d525b1db&uparams=e,uipk,nbs,deadline,gen,os,oi,trid,mid,platform&cdnid=63304&bvc=vod&nettype=0&orderid=0,1&logo=00000000, offset: 0
06-14 17:29:22.581  1265 20829 I SDM     : HWCSession::NotifyCWBStatus: Notify the client about buffer status 0.
06-14 17:29:22.582  1265 20829 I SDM     : HWCSession::PerformFenceWaits: Remove current release fence from the pending fence wait queue.
06-14 17:29:22.582  1265 20829 I SDM     : HWCSession::PerformFenceWaits: CWB fence queue is empty. No pending release fence to wait on.
06-14 17:29:22.632  3844  4724 V Avrcp_ext: onMetadataChanged
06-14 17:29:22.633  5809  5809 I MiPlayProxyDeviceManager: onTopActiveSessionChange, cn.missevan
06-14 17:29:22.634  3844  4724 V Avrcp_ext: updateCurrentMediaState: mMediaController: MediaController (cn.missevan@938b0ca)  | , Megrezz, null
06-14 17:29:22.634  3844  4724 V Avrcp_ext: updateCurrentMediaState: isPlaying = false
06-14 17:29:22.634  3844  4724 W Avrcp_ext: isMusicActive: true getBluetoothPlayState: 1 A2dp State: 11 mAudioPlaybackIsActive: true
06-14 17:29:22.634  3844  4724 D Avrcp_ext: isMusicActive = true mAudioPlaybackIsActive = true player state = PlaybackState {state=3, position=13254, buffered position=0, speed=1.0, updated=23536238, actions=894, custom actions=[], active item id=-1, error=null}
06-14 17:29:22.635  5809  5809 I SafeBinderCall: onTopActiveSessionChange binder cost:0
06-14 17:29:22.636  5809  6131 I SafeBinderCall: onActiveAudioSessionChange binder cost:1
06-14 17:29:22.637  3844  4724 D Avrcp_ext: overwrite album_artist :if album is blank
06-14 17:29:22.637  5809  5809 I SafeBinderCall: onMediaMetaChange binder cost:2
06-14 17:29:22.638  4233  4233 D MiPlayDetailViewModel: onActiveAudioSessionChange(): audioSessionList?.size = 1
06-14 17:29:22.639  5809  5809 I Cir_Miplay_ActiveAudioSessionManager: dispatchTopActiveSessionChangeCallbackLocked, size:1
06-14 17:29:22.639  5809  5809 I Cir_Miplay_MiPlayAudioService: onTopActiveSessionChange, cn.missevan
06-14 17:29:22.639  5809  5809 I Cir_Miplay_MiPlayAudioService: topActiveSessionChange appId:cn.missevan
06-14 17:29:22.639  5809  5809 I Cir_Miplay_MiPlayAudioStatUtils: recordPackageName:cn.missevan
06-14 17:29:22.639  5809  5809 I Cir_Miplay_MiPlayAudioStatUtils: packageNameEquals.
06-14 17:29:22.640  5809  5809 I Cir_Miplay_ActiveSessionRecord: dispatch meta change, MediaMetaData{mArtist='Megrezz', mAlbum='null', mTitle=' | ', mArt=valid, mDuration=90044, mLrc='null'}
06-14 17:29:22.640  5809  5809 I Cir_Miplay_MiPlayAudioService: dispatchMetaChange:cn.missevan  ActiveSsionPackageName:cn.missevan
06-14 17:29:22.641  3844  4724 V Avrcp_ext: Media update: id -1-1? [MediaAttributes:  -  by Mz (90044 0/0) - ] : [MediaAttributes:  -  by Mz (2968630 0/0) - ]
06-14 17:29:22.641  3844  4724 D Avrcp_ext: isPackageNameValid: browsedPackage = cn.missevanisValid = true
06-14 17:29:22.641  3844  4724 V Avrcp_ext: isBrowseSupported for cn.missevan: false
06-14 17:29:22.641  3844  4724 V Avrcp_ext: Send track changed
06-14 17:29:22.641  3844  4724 V Avrcp_ext: updatePlaybackState, state: PlaybackState {state=3, position=13254, buffered position=0, speed=1.0, updated=23536238, actions=894, custom actions=[], active item id=-1, error=null} device: null
06-14 17:29:22.641  3844  4724 V Avrcp_ext: Device: no name:
06-14 17:29:22.641  3844  4724 V Avrcp_ext: Device: no name:
06-14 17:29:22.641  3844  4724 V Avrcp_ext: Device: no name:
06-14 17:29:22.641  3844  4724 V Avrcp_ext: Device: no name:
06-14 17:29:22.641  3844  4724 V Avrcp_ext: Device: no name:
06-14 17:29:22.641  3844  4724 V Avrcp_ext: updatePlayerStateAndPosition, old=PlaybackState {state=3, position=6571, buffered position=0, speed=1.0, updated=23529555, actions=894, custom actions=[], active item id=-1, error=null}, state=PlaybackState {state=3, position=13254, buffered position=0, speed=1.0, updated=23536238, actions=894, custom actions=[], active item id=-1, error=null}
06-14 17:29:22.641  3844  4724 V Avrcp_ext: old state = PlaybackState {state=3, position=6571, buffered position=0, speed=1.0, updated=23529555, actions=894, custom actions=[], active item id=-1, error=null}, new state= PlaybackState {state=3, position=13254, buffered position=0, speed=1.0, updated=23536238, actions=894, custom actions=[], active item id=-1, error=null}
06-14 17:29:22.641  3844  4724 D HeadsetService: getHeadsetService(): returning com.android.bluetooth.hfp.HeadsetService@7e2faf
06-14 17:29:22.641  3844  4724 D HeadsetService:  isAudioOn: The number of audio connected devices 0
06-14 17:29:22.641  3844  4724 D HeadsetService: isScoOrCallActive(): Call Active:falseCall is Ringing:falseSCO is Active:false
06-14 17:29:22.641  3844  4724 D HeadsetService:  isAudioOn: The number of audio connected devices 0
06-14 17:29:22.641  3844  4724 V Avrcp_ext: isPlayStateTobeUpdated: device: null
06-14 17:29:22.641  3844  4724 V Avrcp_ext: Single connection exists
06-14 17:29:22.641  3844  4724 D HeadsetService:  isAudioOn: The number of audio connected devices 0
06-14 17:29:22.641  3844  4724 D HeadsetService: isScoOrCallActive(): Call Active:falseCall is Ringing:falseSCO is Active:false
06-14 17:29:22.641  3844  4724 D HeadsetService:  isAudioOn: The number of audio connected devices 0
06-14 17:29:22.641  3844  4724 V Avrcp_ext: isPlayStateTobeUpdated: device: null
06-14 17:29:22.641  3844  4724 V Avrcp_ext: Single connection exists
06-14 17:29:22.642  3844  4724 D HeadsetService:  isAudioOn: The number of audio connected devices 0
06-14 17:29:22.642  3844  4724 D HeadsetService: isScoOrCallActive(): Call Active:falseCall is Ringing:falseSCO is Active:false
06-14 17:29:22.642  3844  4724 D HeadsetService:  isAudioOn: The number of audio connected devices 0
06-14 17:29:22.642  3844  4724 V Avrcp_ext: isPlayStateTobeUpdated: device: null
06-14 17:29:22.642  3844  4724 V Avrcp_ext: Single connection exists
06-14 17:29:22.642  3844  4724 D HeadsetService:  isAudioOn: The number of audio connected devices 0
06-14 17:29:22.642  3844  4724 D HeadsetService: isScoOrCallActive(): Call Active:falseCall is Ringing:falseSCO is Active:false
06-14 17:29:22.642  3844  4724 D HeadsetService:  isAudioOn: The number of audio connected devices 0
06-14 17:29:22.642  3844  4724 V Avrcp_ext: isPlayStateTobeUpdated: device: null
06-14 17:29:22.642  3844  4724 V Avrcp_ext: Single connection exists
06-14 17:29:22.642  3844  4724 D HeadsetService:  isAudioOn: The number of audio connected devices 0
06-14 17:29:22.642  3844  4724 D HeadsetService: isScoOrCallActive(): Call Active:falseCall is Ringing:falseSCO is Active:false
06-14 17:29:22.642  3844  4724 D HeadsetService:  isAudioOn: The number of audio connected devices 0
06-14 17:29:22.642  5809 14611 I Cir_Miplay_MiPlayAudioService: dispatchMetaChange:MediaMetaData{mArtist='Megrezz', mAlbum='null', mTitle=' | ', mArt=valid, mDuration=90044, mLrc='null'}
06-14 17:29:22.642  3844  4724 V Avrcp_ext: isPlayStateTobeUpdated: device: null
06-14 17:29:22.642  3844  4724 V Avrcp_ext: Single connection exists
06-14 17:29:22.642  5809 14611 I Cir_Miplay_MetaInfoManager: setMetadata.
06-14 17:29:22.642  3844  4724 D Avrcp_ext: Enter sendPlayPosNotificationRsp
06-14 17:29:22.643  3844  4724 D Avrcp_ext: sendPlayPosNotificationRsp: Not registered or requesting.
06-14 17:29:22.643  3844  4724 D Avrcp_ext: Enter sendPlayPosNotificationRsp
06-14 17:29:22.643  3844  4724 D Avrcp_ext: sendPlayPosNotificationRsp: Not registered or requesting.
06-14 17:29:22.643  3844  4724 D Avrcp_ext: Enter sendPlayPosNotificationRsp
06-14 17:29:22.643  3844  4724 D Avrcp_ext: sendPlayPosNotificationRsp: Not registered or requesting.
06-14 17:29:22.643  3844  4724 D Avrcp_ext: Enter sendPlayPosNotificationRsp
06-14 17:29:22.643  3844  4724 D Avrcp_ext: sendPlayPosNotificationRsp: Not registered or requesting.
06-14 17:29:22.643  3844  4724 D Avrcp_ext: Enter sendPlayPosNotificationRsp
06-14 17:29:22.643  3844  4724 D Avrcp_ext: sendPlayPosNotificationRsp: Not registered or requesting.
06-14 17:29:22.643  3844  4724 V Avrcp_ext: Exit updatePlayerStateAndPosition
06-14 17:29:22.643  5809  5809 I MiPlayClientSDK: =======================================================================
06-14 17:29:22.643  5809  5809 I MiPlayClientSDK: onMediaInfoChange start
06-14 17:29:22.643  5809  5809 I MiPlayClientSDK: local_device_id, MediaMetaData{mArtist='Megrezz', mAlbum='null', mTitle=' | ', mDuration=90044, mId='', mCoverUrl='', mStatus=0, mVolume=0, mArt=android.graphics.Bitmap@1b0d90, mPosition=0, mLrc='null', mPackgeName='cn.missevan', mSourceName='2738969101Xiaomi Civi 2', mDeviceState=2}
06-14 17:29:22.643  5809  5809 I MiPlayClientSDK: onMediaInfoChange end
06-14 17:29:22.643  5809  5809 I MiPlayClientSDK: =======================================================================
06-14 17:29:22.643  5809  5809 I MiPlayProxyDeviceManager: onMediaInfoChange
06-14 17:29:22.643  5809  5809 I MiPlay  : onMediaMetaChanged,local_device_id, meta:MediaMetaData{mArtist='Megrezz', mAlbum='null', mTitle=' | ', mDuration=90044, art:valid}
06-14 17:29:22.644  4233  4233 I SafeBinderCall: call getMediaMetaData binder cost:2
06-14 17:29:22.645  4233  4233 I SafeBinderCall: call getPosition binder cost:1
06-14 17:29:22.646  4233  4233 I SafeBinderCall: call getPlaybackState binder cost:1
06-14 17:29:22.698  2018  3127 D libsensor-displayalgo: the value of  brightness:438.000000,R:17825789.906389,G:17469835.384995,B:17972811.854246,EVENT_C:4991.000000,EVENT_R:1965.500000,EVENT_G:2500.000000,EVENT_B:997.500000
06-14 17:29:22.698  2018  3127 I libsensor-displayalgo: the value of  Coef1:1107.681000,Coef4:2.383000, scale1:0.935522, scale4:0.923264
06-14 17:29:22.698  2018  3127 E libsensor-displayalgo: RGB_test_0407_400_oldzy!
06-14 17:29:22.699  2018  3127 I libsensor-displayalgo: the value of  RESULT1132.619122,440.131536,576.354725,195.990141
06-14 17:29:22.699  2018  3127 I libsensor-displayalgo: the value of  getChannelDataCalibrated1187.489318,407.646637,669.899505,213.910051
06-14 17:29:22.699  2018  3127 I libsensor-displayalgo: the value of  REAL LUX229.312027
06-14 17:29:22.699  2018  3127 I libsensor-displayalgo: the value of  CAL REAL LUX229.312027
06-14 17:29:22.719 19614 19828 I @@@BBPLOG: Info T17E9ECB0 CCronetHttpIO L130 [0x710608d8c0] HTTP unknown Status: 200
06-14 17:29:22.720 19614 19814 I @@@BBPLOG: Info TABF09CB0 CCacheIO L238 Open done, IOProtocol: unknown+cache
06-14 17:29:22.736 19614 19814 I @@@BBPLOG: Info TABF09CB0 CSrcEng L115 The source format is: 1, size: 10725, 70797466
06-14 17:29:22.787 19614 19814 I @@@BBPLOG: Info TABF09CB0 BBPFuncLog L113 ----CMP4ParserBase::ReadBoxMoov Value is 00000000 start.
06-14 17:29:22.788 19614 19814 I @@@BBPLOG: Info TABF09CB0 BBPFuncLog L140 ----CMP4ParserBase::ReadBoxMoov leave! no return. Ussed Time: 2
06-14 17:29:22.797 19614 20677 I @@@BBPLOG: Info TAEAB1CB0 CRndNDK L129 First Frame: 232 ms, dns: 0 ms, req: 0 ms, rsp: 154 ms, dat: 0 ms
06-14 17:29:22.804  3844  4724 V Avrcp_ext: onMetadataChanged
06-14 17:29:22.805  5809  5809 I Cir_Miplay_ActiveAudioSessionManager: dispatchTopActiveSessionChangeCallbackLocked, size:1
06-14 17:29:22.806  5809  5809 I Cir_Miplay_MiPlayAudioService: onTopActiveSessionChange, cn.missevan
06-14 17:29:22.806  5809  5809 I Cir_Miplay_MiPlayAudioService: topActiveSessionChange appId:cn.missevan
06-14 17:29:22.806  5809  5809 I Cir_Miplay_MiPlayAudioStatUtils: recordPackageName:cn.missevan
06-14 17:29:22.806  5809  5809 I Cir_Miplay_MiPlayAudioStatUtils: packageNameEquals.
06-14 17:29:22.807  5809  5809 I Cir_Miplay_ActiveSessionRecord: dispatch meta change, MediaMetaData{mArtist='Megrezz', mAlbum='null', mTitle=' | ', mArt=valid, mDuration=90093, mLrc='null'}
06-14 17:29:22.807  5809  5809 I Cir_Miplay_MiPlayAudioService: dispatchMetaChange:cn.missevan  ActiveSsionPackageName:cn.missevan
06-14 17:29:22.808  5809  5809 I MiPlayProxyDeviceManager: onTopActiveSessionChange, cn.missevan
06-14 17:29:22.810  2431  6206 I MediaFocusControl: requestAudioFocus() from uid/pid 10486/19614 AA=USAGE_MEDIA/CONTENT_TYPE_MUSIC clientId=android.media.AudioManager@bcb80dbcn.missevan.lib.utils.AudioFocusManager@b4ac778 callingPack=cn.missevan req=1 flags=0x1 sdk=28
06-14 17:29:22.810  5809  5809 I SafeBinderCall: onTopActiveSessionChange binder cost:0
06-14 17:29:22.810  2431  6206 I AudioService.FadeOutManager: unfadeOutUid() uid:10486
06-14 17:29:22.811  5809  6131 I SafeBinderCall: onActiveAudioSessionChange binder cost:1
06-14 17:29:22.811  3844  4724 V Avrcp_ext: updateCurrentMediaState: mMediaController: MediaController (cn.missevan@938b0ca)  | , Megrezz, null
06-14 17:29:22.811  3844  4724 V Avrcp_ext: updateCurrentMediaState: isPlaying = false
06-14 17:29:22.811  3844  4724 W Avrcp_ext: isMusicActive: true getBluetoothPlayState: 1 A2dp State: 11 mAudioPlaybackIsActive: true
06-14 17:29:22.811  3844  4724 D Avrcp_ext: isMusicActive = true mAudioPlaybackIsActive = true player state = PlaybackState {state=3, position=13431, buffered position=0, speed=1.0, updated=23536415, actions=894, custom actions=[], active item id=-1, error=null}
06-14 17:29:22.812  5809  5809 I SafeBinderCall: onMediaMetaChange binder cost:2
06-14 17:29:22.813  3844  4724 D Avrcp_ext: overwrite album_artist :if album is blank
06-14 17:29:22.816  5809 14611 I Cir_Miplay_MiPlayAudioService: dispatchMetaChange:MediaMetaData{mArtist='Megrezz', mAlbum='null', mTitle=' | ', mArt=valid, mDuration=90093, mLrc='null'}
06-14 17:29:22.816  5809 14611 I Cir_Miplay_MetaInfoManager: setMetadata.
06-14 17:29:22.817  4233  4233 D MiPlayDetailViewModel: onActiveAudioSessionChange(): audioSessionList?.size = 1
06-14 17:29:22.815  3844  4724 V Avrcp_ext: Media update: id -1-1? [MediaAttributes:  -  by Mz (90093 0/0) - ] : [MediaAttributes:  -  by Mz (90044 0/0) - ]
06-14 17:29:22.817  3844  4724 D Avrcp_ext: isPackageNameValid: browsedPackage = cn.missevanisValid = true
06-14 17:29:22.817  3844  4724 V Avrcp_ext: isBrowseSupported for cn.missevan: false
06-14 17:29:22.817  3844  4724 V Avrcp_ext: Send track changed
06-14 17:29:22.817  3844  4724 V Avrcp_ext: updatePlaybackState, state: PlaybackState {state=3, position=13431, buffered position=0, speed=1.0, updated=23536415, actions=894, custom actions=[], active item id=-1, error=null} device: null
06-14 17:29:22.817  3844  4724 V Avrcp_ext: Device: no name:
06-14 17:29:22.817  3844  4724 V Avrcp_ext: Device: no name:
06-14 17:29:22.817  3844  4724 V Avrcp_ext: Device: no name:
06-14 17:29:22.817  3844  4724 V Avrcp_ext: Device: no name:
06-14 17:29:22.817  3844  4724 V Avrcp_ext: Device: no name:
06-14 17:29:22.817  3844  4724 V Avrcp_ext: updatePlayerStateAndPosition, old=PlaybackState {state=3, position=13254, buffered position=0, speed=1.0, updated=23536238, actions=894, custom actions=[], active item id=-1, error=null}, state=PlaybackState {state=3, position=13431, buffered position=0, speed=1.0, updated=23536415, actions=894, custom actions=[], active item id=-1, error=null}
06-14 17:29:22.817  3844  4724 V Avrcp_ext: old state = PlaybackState {state=3, position=13254, buffered position=0, speed=1.0, updated=23536238, actions=894, custom actions=[], active item id=-1, error=null}, new state= PlaybackState {state=3, position=13431, buffered position=0, speed=1.0, updated=23536415, actions=894, custom actions=[], active item id=-1, error=null}
06-14 17:29:22.817  3844  4724 D HeadsetService: getHeadsetService(): returning com.android.bluetooth.hfp.HeadsetService@7e2faf
06-14 17:29:22.817  3844  4724 D HeadsetService:  isAudioOn: The number of audio connected devices 0
06-14 17:29:22.817  3844  4724 D HeadsetService: isScoOrCallActive(): Call Active:falseCall is Ringing:falseSCO is Active:false
06-14 17:29:22.817  3844  4724 D HeadsetService:  isAudioOn: The number of audio connected devices 0
06-14 17:29:22.817  3844  4724 V Avrcp_ext: isPlayStateTobeUpdated: device: null
06-14 17:29:22.817  3844  4724 V Avrcp_ext: Single connection exists
06-14 17:29:22.817  3844  4724 D HeadsetService:  isAudioOn: The number of audio connected devices 0
06-14 17:29:22.817  3844  4724 D HeadsetService: isScoOrCallActive(): Call Active:falseCall is Ringing:falseSCO is Active:false
06-14 17:29:22.817  3844  4724 D HeadsetService:  isAudioOn: The number of audio connected devices 0
06-14 17:29:22.817  3844  4724 V Avrcp_ext: isPlayStateTobeUpdated: device: null
06-14 17:29:22.817  3844  4724 V Avrcp_ext: Single connection exists
06-14 17:29:22.817  3844  4724 D HeadsetService:  isAudioOn: The number of audio connected devices 0
06-14 17:29:22.817  3844  4724 D HeadsetService: isScoOrCallActive(): Call Active:falseCall is Ringing:falseSCO is Active:false
06-14 17:29:22.817  3844  4724 D HeadsetService:  isAudioOn: The number of audio connected devices 0
06-14 17:29:22.817  3844  4724 V Avrcp_ext: isPlayStateTobeUpdated: device: null
06-14 17:29:22.817  3844  4724 V Avrcp_ext: Single connection exists
06-14 17:29:22.817  3844  4724 D HeadsetService:  isAudioOn: The number of audio connected devices 0
06-14 17:29:22.817  3844  4724 D HeadsetService: isScoOrCallActive(): Call Active:falseCall is Ringing:falseSCO is Active:false
06-14 17:29:22.817  3844  4724 D HeadsetService:  isAudioOn: The number of audio connected devices 0
06-14 17:29:22.817  3844  4724 V Avrcp_ext: isPlayStateTobeUpdated: device: null
06-14 17:29:22.817  3844  4724 V Avrcp_ext: Single connection exists
06-14 17:29:22.817  3844  4724 D HeadsetService:  isAudioOn: The number of audio connected devices 0
06-14 17:29:22.817  3844  4724 D HeadsetService: isScoOrCallActive(): Call Active:falseCall is Ringing:falseSCO is Active:false
06-14 17:29:22.817  3844  4724 D HeadsetService:  isAudioOn: The number of audio connected devices 0
06-14 17:29:22.817  3844  4724 V Avrcp_ext: isPlayStateTobeUpdated: device: null
06-14 17:29:22.817  3844  4724 V Avrcp_ext: Single connection exists
06-14 17:29:22.817  3844  4724 D Avrcp_ext: Enter sendPlayPosNotificationRsp
06-14 17:29:22.817  3844  4724 D Avrcp_ext: sendPlayPosNotificationRsp: Not registered or requesting.
06-14 17:29:22.817  3844  4724 D Avrcp_ext: Enter sendPlayPosNotificationRsp
06-14 17:29:22.817  3844  4724 D Avrcp_ext: sendPlayPosNotificationRsp: Not registered or requesting.
06-14 17:29:22.817  3844  4724 D Avrcp_ext: Enter sendPlayPosNotificationRsp
06-14 17:29:22.817  3844  4724 D Avrcp_ext: sendPlayPosNotificationRsp: Not registered or requesting.
06-14 17:29:22.817  3844  4724 D Avrcp_ext: Enter sendPlayPosNotificationRsp
06-14 17:29:22.817  3844  4724 D Avrcp_ext: sendPlayPosNotificationRsp: Not registered or requesting.
06-14 17:29:22.817  3844  4724 D Avrcp_ext: Enter sendPlayPosNotificationRsp
06-14 17:29:22.817  3844  4724 D Avrcp_ext: sendPlayPosNotificationRsp: Not registered or requesting.
06-14 17:29:22.817  3844  4724 V Avrcp_ext: Exit updatePlayerStateAndPosition
06-14 17:29:22.818  5809  5809 I MiPlayClientSDK: =======================================================================
06-14 17:29:22.818  5809  5809 I MiPlayClientSDK: onMediaInfoChange start
06-14 17:29:22.818  5809  5809 I MiPlayClientSDK: local_device_id, MediaMetaData{mArtist='Megrezz', mAlbum='null', mTitle=' | ', mDuration=90093, mId='', mCoverUrl='', mStatus=0, mVolume=0, mArt=android.graphics.Bitmap@706d689, mPosition=0, mLrc='null', mPackgeName='cn.missevan', mSourceName='2738969101Xiaomi Civi 2', mDeviceState=2}
06-14 17:29:22.818  5809  5809 I MiPlayClientSDK: onMediaInfoChange end
06-14 17:29:22.818  5809  5809 I MiPlayClientSDK: =======================================================================
06-14 17:29:22.818  5809  5809 I MiPlayProxyDeviceManager: onMediaInfoChange
06-14 17:29:22.821  5809  5809 I MiPlay  : onMediaMetaChanged,local_device_id, meta:MediaMetaData{mArtist='Megrezz', mAlbum='null', mTitle=' | ', mDuration=90093, art:valid}
06-14 17:29:22.821  5809  5809 I ActiveSessionRecord: onPlaybackStateChanged: PlaybackState {state=3, position=12, buffered position=0, speed=1.0, updated=23536417, actions=894, custom actions=[], active item id=-1, error=null}
06-14 17:29:22.821  2431  2444 I WindowManagerService: Physical orientation applied, rotation=0 sfOrientation=ORIENTATION_0
06-14 17:29:22.823  5809  5809 I ActiveAudioSessionManager: startPositionCallbackTask
06-14 17:29:22.824  5809  5809 I SafeBinderCall: onPlaybackStateChange binder cost:1
06-14 17:29:22.824  5809  5809 I Cir_Miplay_ActiveSessionRecord: onPlaybackStateChanged:3
06-14 17:29:22.824  5809  5809 I Cir_Miplay_ActiveSessionRecordStack: onPlaybackStateChange.
06-14 17:29:22.826  4233  4233 I SafeBinderCall: call getMediaMetaData binder cost:4
06-14 17:29:22.827  5809  5809 I Cir_Miplay_ActiveAudioSessionManager: TopAudioSession play change
06-14 17:29:22.827  5809  5809 I Cir_Miplay_MiPlayAudioService: dispatchPlaybackStateChange:3
06-14 17:29:22.827  5809  5809 I Cir_Miplay_MiPlayAudioService: localPlayStateChange state:3
06-14 17:29:22.827  5809  5809 I Cir_Miplay_MiPlayAudioService: playStateNotify state:3  ,id:,uuid:local_device_id
06-14 17:29:22.827  4233  4233 I SafeBinderCall: call getPosition binder cost:1
06-14 17:29:22.827  5809  5809 I MiPlayClientSDK: =======================================================================
06-14 17:29:22.827  5809  5809 I MiPlayClientSDK: onPlayStateChange start
06-14 17:29:22.827  5809  5809 I MiPlayClientSDK: local_device_id, state:3
06-14 17:29:22.827  5809  5809 I MiPlayClientSDK: onPlayStateChange end
06-14 17:29:22.827  5809  5809 I MiPlayClientSDK: =======================================================================
06-14 17:29:22.827  5809  5809 I MiPlayProxyDeviceManager: onPlayStateChange
06-14 17:29:22.827  5809  5809 I MiPlay  : onPlaybackStateChanged,local_device_id, state:pause
06-14 17:29:22.829  4233  4233 I SafeBinderCall: call getPlaybackState binder cost:2
06-14 17:29:22.832  3844  4724 V Avrcp_ext: onPlaybackStateChanged: state PlaybackState {state=3, position=12, buffered position=0, speed=1.0, updated=23536417, actions=894, custom actions=[], active item id=-1, error=null}
06-14 17:29:22.833  4233  4233 D MiPlayDetailViewModel: onPlaybackStateChange(): state = 3
06-14 17:29:22.833  4233  4233 V MediaTimeout: processState 0|cn.missevan|1500|null|10486: PlaybackState {state=3, position=12, buffered position=0, speed=1.0, updated=23536417, actions=894, custom actions=[], active item id=-1, error=null}
06-14 17:29:22.833  3844  4724 V Avrcp_ext: updateCurrentMediaState: mMediaController: MediaController (cn.missevan@938b0ca)  | , Megrezz, null
06-14 17:29:22.833  3844  4724 V Avrcp_ext: updateCurrentMediaState: isPlaying = false
06-14 17:29:22.833  3844  4724 W Avrcp_ext: isMusicActive: true getBluetoothPlayState: 1 A2dp State: 11 mAudioPlaybackIsActive: true
06-14 17:29:22.834  2431  2892 I WindowManagerService: Physical orientation applied, rotation=0 sfOrientation=ORIENTATION_0
06-14 17:29:22.834  3844  4724 D Avrcp_ext: isMusicActive = true mAudioPlaybackIsActive = true player state = PlaybackState {state=3, position=32, buffered position=0, speed=1.0, updated=23536437, actions=894, custom actions=[], active item id=-1, error=null}
06-14 17:29:22.835  3844  4724 D Avrcp_ext: overwrite album_artist :if album is blank
06-14 17:29:22.836  3844  4724 V Avrcp_ext: Media update: id -1-1? [MediaAttributes:  -  by Mz (90093 0/0) - ] : [MediaAttributes:  -  by Mz (90093 0/0) - ]
06-14 17:29:22.836  3844  4724 D Avrcp_ext: isPackageNameValid: browsedPackage = cn.missevanisValid = true
06-14 17:29:22.836  3844  4724 V Avrcp_ext: isBrowseSupported for cn.missevan: false
06-14 17:29:22.837  3844  4724 V Avrcp_ext: updatePlaybackState, state: PlaybackState {state=3, position=32, buffered position=0, speed=1.0, updated=23536437, actions=894, custom actions=[], active item id=-1, error=null} device: null
06-14 17:29:22.837  3844  4724 V Avrcp_ext: Device: no name:
06-14 17:29:22.837  3844  4724 V Avrcp_ext: Device: no name:
06-14 17:29:22.837  3844  4724 V Avrcp_ext: Device: no name:
06-14 17:29:22.837  3844  4724 V Avrcp_ext: Device: no name:
06-14 17:29:22.837  3844  4724 V Avrcp_ext: Device: no name:
06-14 17:29:22.837  3844  4724 V Avrcp_ext: updatePlayerStateAndPosition, old=PlaybackState {state=3, position=13431, buffered position=0, speed=1.0, updated=23536415, actions=894, custom actions=[], active item id=-1, error=null}, state=PlaybackState {state=3, position=32, buffered position=0, speed=1.0, updated=23536437, actions=894, custom actions=[], active item id=-1, error=null}
06-14 17:29:22.837  3844  4724 V Avrcp_ext: old state = PlaybackState {state=3, position=13431, buffered position=0, speed=1.0, updated=23536415, actions=894, custom actions=[], active item id=-1, error=null}, new state= PlaybackState {state=3, position=32, buffered position=0, speed=1.0, updated=23536437, actions=894, custom actions=[], active item id=-1, error=null}
06-14 17:29:22.837  3844  4724 D HeadsetService: getHeadsetService(): returning com.android.bluetooth.hfp.HeadsetService@7e2faf
06-14 17:29:22.837  3844  4724 D HeadsetService:  isAudioOn: The number of audio connected devices 0
06-14 17:29:22.837  3844  4724 D HeadsetService: isScoOrCallActive(): Call Active:falseCall is Ringing:falseSCO is Active:false
06-14 17:29:22.837  3844  4724 D HeadsetService:  isAudioOn: The number of audio connected devices 0
06-14 17:29:22.837  3844  4724 V Avrcp_ext: isPlayStateTobeUpdated: device: null
06-14 17:29:22.837  3844  4724 V Avrcp_ext: Single connection exists
06-14 17:29:22.837  3844  4724 D HeadsetService:  isAudioOn: The number of audio connected devices 0
06-14 17:29:22.837  3844  4724 D HeadsetService: isScoOrCallActive(): Call Active:falseCall is Ringing:falseSCO is Active:false
06-14 17:29:22.837  3844  4724 D HeadsetService:  isAudioOn: The number of audio connected devices 0
06-14 17:29:22.837  3844  4724 V Avrcp_ext: isPlayStateTobeUpdated: device: null
06-14 17:29:22.837  3844  4724 V Avrcp_ext: Single connection exists
06-14 17:29:22.837  3844  4724 D HeadsetService:  isAudioOn: The number of audio connected devices 0
06-14 17:29:22.837  3844  4724 D HeadsetService: isScoOrCallActive(): Call Active:falseCall is Ringing:falseSCO is Active:false
06-14 17:29:22.837  3844  4724 D HeadsetService:  isAudioOn: The number of audio connected devices 0
06-14 17:29:22.837  3844  4724 V Avrcp_ext: isPlayStateTobeUpdated: device: null
06-14 17:29:22.837  3844  4724 V Avrcp_ext: Single connection exists
06-14 17:29:22.837  3844  4724 D HeadsetService:  isAudioOn: The number of audio connected devices 0
06-14 17:29:22.837  3844  4724 D HeadsetService: isScoOrCallActive(): Call Active:falseCall is Ringing:falseSCO is Active:false
06-14 17:29:22.837  3844  4724 D HeadsetService:  isAudioOn: The number of audio connected devices 0
06-14 17:29:22.837  3844  4724 V Avrcp_ext: isPlayStateTobeUpdated: device: null
06-14 17:29:22.837  3844  4724 V Avrcp_ext: Single connection exists
06-14 17:29:22.837  3844  4724 D HeadsetService:  isAudioOn: The number of audio connected devices 0
06-14 17:29:22.837  3844  4724 D HeadsetService: isScoOrCallActive(): Call Active:falseCall is Ringing:falseSCO is Active:false
06-14 17:29:22.837  3844  4724 D HeadsetService:  isAudioOn: The number of audio connected devices 0
06-14 17:29:22.837  3844  4724 V Avrcp_ext: isPlayStateTobeUpdated: device: null
06-14 17:29:22.837  3844  4724 V Avrcp_ext: Single connection exists
06-14 17:29:22.837  3844  4724 D Avrcp_ext: Enter sendPlayPosNotificationRsp
06-14 17:29:22.837  3844  4724 D Avrcp_ext: sendPlayPosNotificationRsp: Not registered or requesting.
06-14 17:29:22.837  3844  4724 D Avrcp_ext: Enter sendPlayPosNotificationRsp
06-14 17:29:22.837  3844  4724 D Avrcp_ext: sendPlayPosNotificationRsp: Not registered or requesting.
06-14 17:29:22.837  3844  4724 D Avrcp_ext: Enter sendPlayPosNotificationRsp
06-14 17:29:22.837  3844  4724 D Avrcp_ext: sendPlayPosNotificationRsp: Not registered or requesting.
06-14 17:29:22.837  3844  4724 D Avrcp_ext: Enter sendPlayPosNotificationRsp
06-14 17:29:22.837  3844  4724 D Avrcp_ext: sendPlayPosNotificationRsp: Not registered or requesting.
06-14 17:29:22.837  3844  4724 D Avrcp_ext: Enter sendPlayPosNotificationRsp
06-14 17:29:22.837  3844  4724 D Avrcp_ext: sendPlayPosNotificationRsp: Not registered or requesting.
06-14 17:29:22.837  3844  4724 V Avrcp_ext: Exit updatePlayerStateAndPosition
06-14 17:29:22.837  3844  4724 V Avrcp_ext:  Exit onPlaybackStateChanged
06-14 17:29:22.871  1265  2358 I vendor.qti.hardware.display.composer-service: FrameNotifyProcess Sensor: notify citsensorservice to trigger cwb
06-14 17:29:22.873  2018  2018 I libcitsensorservice@2.0-impl: msg_transfer
06-14 17:29:22.883  2018  3098 D vendor.xiaomi.sensor.citsensorservice@2.0-service: handle id:9 wxh:1280x2400 uwxuh:1080x2400 size: 9216000 fd:15 fd_meta:16 flags:0x4000228 usage:0x33  format:0x3 layer_count: 1
06-14 17:29:22.884  1265  1890 I SDM     : HWCSession::SetCWBOutputBuffer: CWB config passed by cwb_client : tappoint 1  CWB_ROI : (829.000000 4.000000 915.000000 90.000000)
06-14 17:29:22.902  1265 20834 I SDM     : HWCSession::ProcessRequests: Successfully configured CWB buffer.
06-14 17:29:22.913  1265 20834 I SDM     : HWCSession::ProcessRequests: Pushing release fence in fenece wait queue.
06-14 17:29:22.913  1265 20834 I SDM     : HWCSession::ProcessRequests: Creating AsyncFenceWaits async thread.
06-14 17:29:22.913  1265 20834 I SDM     : HWCSession::ProcessRequests: Remove current CWB request from the pending request queue.
06-14 17:29:22.916  1265 20834 I SDM     : HWCSession::ProcessRequests: No pending cwb requests found in the queue.
06-14 17:29:22.919  1265  1584 I SDM     : HWDeviceDRM::SetupConcurrentWriteback: Tear down the Concurrent Writeback topology
06-14 17:29:22.929  1265 20835 I SDM     : HWCSession::NotifyCWBStatus: Notify the client about buffer status 0.
06-14 17:29:22.932  1265 20835 I SDM     : HWCSession::PerformFenceWaits: Remove current release fence from the pending fence wait queue.
06-14 17:29:22.932  1265 20835 I SDM     : HWCSession::PerformFenceWaits: CWB fence queue is empty. No pending release fence to wait on.
06-14 17:29:22.933  2431  6206 I WindowManagerService: Physical orientation applied, rotation=0 sfOrientation=ORIENTATION_0
06-14 17:29:22.996  2018  3127 D libsensor-displayalgo: the value of  brightness:438.000000,R:17179532.525539,G:16530643.363877,B:17295223.073298,EVENT_C:4904.500000,EVENT_R:1936.500000,EVENT_G:2454.500000,EVENT_B:982.000000
06-14 17:29:22.996  2018  3127 I libsensor-displayalgo: the value of  Coef1:1107.681000,Coef4:2.383000, scale1:0.935522, scale4:0.923264
06-14 17:29:22.997  2018  3127 E libsensor-displayalgo: RGB_test_0407_400_oldzy!
06-14 17:29:22.997  2018  3127 I libsensor-displayalgo: the value of  RESULT1094.771653,426.484681,556.592075,189.256823
06-14 17:29:22.997  2018  3127 I libsensor-displayalgo: the value of  getChannelDataCalibrated1147.808313,395.007019,646.929295,206.561087
06-14 17:29:22.997  2018  3127 I libsensor-displayalgo: the value of  REAL LUX226.261658
06-14 17:29:22.997  2018  3127 I libsensor-displayalgo: the value of  CAL REAL LUX226.261658
06-14 17:29:23.033  2431  6206 I WindowManagerService: Physical orientation applied, rotation=0 sfOrientation=ORIENTATION_0
06-14 17:29:23.129  5735  6461 W Parcel  : **** enforceInterface() expected 'com.miui.gamebooster.service.ISecurityCenterNotificationListener' but read 'android.service.notification.INotificationListener'
06-14 17:29:23.131  2431  6206 I WindowManagerService: Physical orientation applied, rotation=0 sfOrientation=ORIENTATION_0
06-14 17:29:23.132  5735  6461 W Binder  : Caught a RuntimeException from the binder stub implementation.
06-14 17:29:23.132  5735  6461 W Binder  : java.lang.SecurityException: Binder invocation to an incorrect interface
06-14 17:29:23.132  5735  6461 W Binder  : 	at android.os.Parcel.nativeEnforceInterface(Native Method)
06-14 17:29:23.132  5735  6461 W Binder  : 	at android.os.Parcel.enforceInterface(Parcel.java:699)
06-14 17:29:23.132  5735  6461 W Binder  : 	at com.miui.gamebooster.service.ISecurityCenterNotificationListener$Stub.onTransact(Unknown Source:18)
06-14 17:29:23.132  5735  6461 W Binder  : 	at android.os.Binder.execTransactInternal(Binder.java:1190)
06-14 17:29:23.132  5735  6461 W Binder  : 	at android.os.Binder.execTransact(Binder.java:1149)
06-14 17:29:23.134  5735  6461 W Parcel  : **** enforceInterface() expected 'com.miui.gamebooster.service.ISecurityCenterNotificationListener' but read 'android.service.notification.INotificationListener'
06-14 17:29:23.138  5735  6461 W Binder  : Caught a RuntimeException from the binder stub implementation.
06-14 17:29:23.138  5735  6461 W Binder  : java.lang.SecurityException: Binder invocation to an incorrect interface
06-14 17:29:23.138  5735  6461 W Binder  : 	at android.os.Parcel.nativeEnforceInterface(Native Method)
06-14 17:29:23.138  5735  6461 W Binder  : 	at android.os.Parcel.enforceInterface(Parcel.java:699)
06-14 17:29:23.138  5735  6461 W Binder  : 	at com.miui.gamebooster.service.ISecurityCenterNotificationListener$Stub.onTransact(Unknown Source:18)
06-14 17:29:23.138  5735  6461 W Binder  : 	at android.os.Binder.execTransactInternal(Binder.java:1190)
06-14 17:29:23.138  5735  6461 W Binder  : 	at android.os.Binder.execTransact(Binder.java:1149)
06-14 17:29:23.141  5285  5285 D MiBarrage: No barrage: not in game scene or in video scene
06-14 17:29:23.143  5285  5285 D MiBarrage: No barrage: not in game scene or in video scene
06-14 17:29:23.145  5735  8037 V onNotificationPostedCallBack: flags=98
06-14 17:29:23.146  5735  8037 V m       : ret=0
06-14 17:29:23.151  4233  4233 D InterruptionStateProvider: No alerting: filtered notification: 0|cn.missevan|1500|null|10486
06-14 17:29:23.153  4233  4233 D InterruptionStateProvider: No alerting: filtered notification: 0|cn.missevan|1500|null|10486
06-14 17:29:23.154  5735  8037 V onNotificationPostedCallBack: flags=98
06-14 17:29:23.158  5735  8037 V m       : ret=0
06-14 17:29:23.160 19614 19828 I @@@BBPLOG: Info T17E9ECB0 CCronetHttpIO L271 [0x710608d8c0] OnRequestFinished, connect time: 52, dns time: 31, remote ip: 117.23.60.5
06-14 17:29:23.160 19614 19828 I @@@BBPLOG: Info T17E9ECB0 CCronetHttpIO L214 [0x710608d8c0] OnSucceeded
06-14 17:29:23.161 19614 20833 I @@@BBPLOG: Info TAC233CB0 CBPMFileIO L326 Cache done!
06-14 17:29:23.161 19614 20833 I @@@BBPLOG: Info TAC233CB0 CCacheIO L142 Finish cache, file name /data/user/0/cn.missevan/cache/bbp/player/main/08ffebf1fbe39343f4454bec538160dd.bpm
06-14 17:29:23.162  4233  4475 D PeopleSpaceWidgetMgr: Sbn doesn't contain valid PeopleTileKey: null/0/cn.missevan
06-14 17:29:23.166  1265  2358 I vendor.qti.hardware.display.composer-service: FrameNotifyProcess Sensor: notify citsensorservice to trigger cwb
06-14 17:29:23.166  2018  3874 I libcitsensorservice@2.0-impl: msg_transfer
06-14 17:29:23.167  2018  3098 D vendor.xiaomi.sensor.citsensorservice@2.0-service: handle id:9 wxh:1280x2400 uwxuh:1080x2400 size: 9216000 fd:15 fd_meta:16 flags:0x4000228 usage:0x33  format:0x3 layer_count: 1
06-14 17:29:23.167  1265  1890 I SDM     : HWCSession::SetCWBOutputBuffer: CWB config passed by cwb_client : tappoint 1  CWB_ROI : (829.000000 4.000000 915.000000 90.000000)
06-14 17:29:23.169  1265 20836 I SDM     : HWCSession::ProcessRequests: Successfully configured CWB buffer.
06-14 17:29:23.173  4233  4233 D InterruptionStateProvider: No alerting: filtered notification: 0|cn.missevan|1500|null|10486
06-14 17:29:23.174  4233  4233 D InterruptionStateProvider: No alerting: filtered notification: 0|cn.missevan|1500|null|10486
06-14 17:29:23.176  1265 20836 I SDM     : HWCSession::ProcessRequests: Pushing release fence in fenece wait queue.
06-14 17:29:23.176  1265 20836 I SDM     : HWCSession::ProcessRequests: Creating AsyncFenceWaits async thread.
06-14 17:29:23.177  1265 20836 I SDM     : HWCSession::ProcessRequests: Remove current CWB request from the pending request queue.
06-14 17:29:23.177  1265 20836 I SDM     : HWCSession::ProcessRequests: No pending cwb requests found in the queue.
06-14 17:29:23.179  4233  4233 I MediaCarouselController: media_data_arrive: addOrUpdatePlayer
06-14 17:29:23.179  4233  4233 I MiuiMediaControlPanel: media_data_arrive: bindPlayer: mPlayerViewHolder=com.android.systemui.media.PlayerViewHolder@f0f354d
06-14 17:29:23.180  4233  4233 I MiuiMediaControlPanel: media_data_arrive: bindPlayer: FM,  | , Megrezz
06-14 17:29:23.180  4233  4233 I MiuiMediaControlPanel: MediaAction: contentDesc=; MediaAction: contentDesc=; MediaAction: contentDesc=; MediaAction: contentDesc=; MediaAction: contentDesc=;
06-14 17:29:23.180  4233  4475 D PeopleSpaceWidgetMgr: Sbn doesn't contain valid PeopleTileKey: null/0/cn.missevan
06-14 17:29:23.181  4233  4233 D MiuiMediaControlPanel: setArtwork---ProcessArtworkTask
06-14 17:29:23.183  1265  1584 I SDM     : HWDeviceDRM::SetupConcurrentWriteback: Tear down the Concurrent Writeback topology
06-14 17:29:23.190  1265 20837 I SDM     : HWCSession::NotifyCWBStatus: Notify the client about buffer status 0.
06-14 17:29:23.191  1265 20837 I SDM     : HWCSession::PerformFenceWaits: Remove current release fence from the pending fence wait queue.
06-14 17:29:23.191  1265 20837 I SDM     : HWCSession::PerformFenceWaits: CWB fence queue is empty. No pending release fence to wait on.
06-14 17:29:23.194  5285  5297 I .xiaomi.barrag: This is non sticky GC, maxfree is 8388608 minfree is 2097152
06-14 17:29:23.194  5285  5297 W .xiaomi.barrag: Reducing the number of considered missed Gc histogram windows from 1442 to 100
06-14 17:29:23.195  4233  4233 I MediaCarouselController: media_data_arrive: addOrUpdatePlayer
06-14 17:29:23.195  4233  4233 I MiuiMediaControlPanel: media_data_arrive: bindPlayer: mPlayerViewHolder=com.android.systemui.media.PlayerViewHolder@f0f354d
06-14 17:29:23.195  4233  4233 I MiuiMediaControlPanel: media_data_arrive: bindPlayer: FM,  | , Megrezz
06-14 17:29:23.195  4233  4233 I MiuiMediaControlPanel: MediaAction: contentDesc=; MediaAction: contentDesc=; MediaAction: contentDesc=; MediaAction: contentDesc=; MediaAction: contentDesc=;
06-14 17:29:23.197 19380 19409 I appium  : channel read: POST /wd/hub/session/894ce2d8-ad4e-487d-b469-10b66a201f99/appium/device/press_keycode
06-14 17:29:23.197 19380 19409 I appium  : PressKeyCode command
06-14 17:29:23.197 19380 19409 I appium  : Calling PressKeyCode...
06-14 17:29:23.206 12128 12208 D IdProviderImpl: getOAID from com.miui.analytics
06-14 17:29:23.207  2431  2892 W MiuiInputKeyEventLog: keyCode:4 down:true eventTime:14450037 downTime:14450037 policyFlags:2b000000 flags:0 metaState:0 deviceId:-1 isScreenOn:true keyguardActive:false repeatCount:0
06-14 17:29:23.208  2431  2892 D WindowManager: interceptKeyTq keycode=4 interactive=true keyguardActive=false policyFlags=2b000000
06-14 17:29:23.208  2431  2892 D MIUIInput: Input event injection from pid 19365, KeyEvent:DOWN, keycode:4
06-14 17:29:23.208  2431  2635 W ActivityManager: Sending non-protected broadcast miui.intent.KEYCODE_BACK from system 2431:system/1000 pkg android. Callers=com.android.server.am.ActivityManagerService.broadcastIntentLocked:13794 com.android.server.am.ActivityManagerService.broadcastIntentLocked:13204 com.android.server.am.ActivityManagerService.broadcastIntentWithFeature:14053 android.app.ContextImpl.sendBroadcastAsUser:1400 com.android.server.policy.BaseMiuiPhoneWindowManager$16.run:2837
06-14 17:29:23.208  2431  2635 W ActivityManager: Sending non-protected broadcast miui.intent.KEYCODE_BACK from system 2431:system/1000 pkg android. Callers=com.android.server.am.ActivityManagerService.broadcastIntentLocked:13893 com.android.server.am.ActivityManagerService.broadcastIntentLocked:13204 com.android.server.am.ActivityManagerService.broadcastIntentWithFeature:14053 android.app.ContextImpl.sendBroadcastAsUser:1400 com.android.server.policy.BaseMiuiPhoneWindowManager$16.run:2837
06-14 17:29:23.209  2431  2938 D WindowManager: interceptKeyTi keyCode=4 down=true repeatCount=0 keyguardOn=false canceled=false
06-14 17:29:23.209  2431  2938 D MIUIInput: [KeyEvent] publisher action:0x0,  keyCode:4 , 14450037,channel 'a618f91 cn.missevan/cn.missevan.activity.MainActivity (server)'
06-14 17:29:23.210 19428 19428 D MIUIInput: [KeyEvent] ViewRootImpl windowName 'cn.missevan/cn.missevan.activity.MainActivity', KeyEvent { action=ACTION_DOWN, keyCode=KEYCODE_BACK, scanCode=0, metaState=0, flags=0x0, repeatCount=0, eventTime=14450037, downTime=14450037, deviceId=-1, source=0x101, displayId=-1 }, phoneEventTime=17:29:23.198
06-14 17:29:23.213  2431  4793 W MiuiInputKeyEventLog: keyCode:4 down:false eventTime:14450037 downTime:14450037 policyFlags:2b000000 flags:0 metaState:0 deviceId:-1 isScreenOn:true keyguardActive:false repeatCount:0
06-14 17:29:23.214  2431  4793 D WindowManager: interceptKeyTq keycode=4 interactive=true keyguardActive=false policyFlags=2b000000
06-14 17:29:23.214  2431  4793 D MIUIInput: Input event injection from pid 19365, KeyEvent:UP, keycode:4
06-14 17:29:23.214  2431  2635 W ActivityManager: Sending non-protected broadcast miui.intent.KEYCODE_BACK from system 2431:system/1000 pkg android. Callers=com.android.server.am.ActivityManagerService.broadcastIntentLocked:13794 com.android.server.am.ActivityManagerService.broadcastIntentLocked:13204 com.android.server.am.ActivityManagerService.broadcastIntentWithFeature:14053 android.app.ContextImpl.sendBroadcastAsUser:1400 com.android.server.policy.BaseMiuiPhoneWindowManager$16.run:2837
06-14 17:29:23.214  2431  2938 D WindowManager: interceptKeyTi keyCode=4 down=false repeatCount=0 keyguardOn=false canceled=false
06-14 17:29:23.215  2431  2938 D MIUIInput: [KeyEvent] publisher action:0x1,  keyCode:4 , 14450037,channel 'a618f91 cn.missevan/cn.missevan.activity.MainActivity (server)'
06-14 17:29:23.215  2431  2635 W ActivityManager: Sending non-protected broadcast miui.intent.KEYCODE_BACK from system 2431:system/1000 pkg android. Callers=com.android.server.am.ActivityManagerService.broadcastIntentLocked:13893 com.android.server.am.ActivityManagerService.broadcastIntentLocked:13204 com.android.server.am.ActivityManagerService.broadcastIntentWithFeature:14053 android.app.ContextImpl.sendBroadcastAsUser:1400 com.android.server.policy.BaseMiuiPhoneWindowManager$16.run:2837
06-14 17:29:23.216 12128 12208 D IdProviderImpl: getOAID from com.miui.analytics
06-14 17:29:23.217 19428 19428 D MIUIInput: [KeyEvent] ViewRootImpl windowName 'cn.missevan/cn.missevan.activity.MainActivity', KeyEvent { action=ACTION_UP, keyCode=KEYCODE_BACK, scanCode=0, metaState=0, flags=0x0, repeatCount=0, eventTime=14450037, downTime=14450037, deviceId=-1, source=0x101, displayId=-1 }, phoneEventTime=17:29:23.199
06-14 17:29:23.223  2431  6206 W InputManager-JNI: Input channel object 'a618f91 cn.missevan/cn.missevan.activity.MainActivity (client)' was disposed without first being removed with the input manager!
06-14 17:29:23.234 19428 19428 W InputEventReceiver: Attempted to finish an input event but the input event receiver has already been disposed.
06-14 17:29:23.245  2431  2444 I WindowManagerService: Physical orientation applied, rotation=0 sfOrientation=ORIENTATION_0
06-14 17:29:23.252 19428 19428 D DecorView[MainActivity]: onWindowFocusChanged hasWindowFocus true
06-14 17:29:23.253 19428 19428 I HandWritingStubImpl: refreshLastKeyboardType: 1
06-14 17:29:23.253 19428 19428 I HandWritingStubImpl: getCurrentKeyboardType: 1
06-14 17:29:23.258 13581 13581 E BaseInputMethodService: onFinishInput
06-14 17:29:23.258 13581 13581 E BaseInputMethodService: onStartInput
06-14 17:29:23.262 19428 19428 I HandWritingStubImpl: isKeyboardTypeChanged: false
06-14 17:29:23.297  2018  3127 D libsensor-displayalgo: the value of  brightness:438.000000,R:17179532.525539,G:16530643.363877,B:17295223.073298,EVENT_C:4897.500000,EVENT_R:1935.000000,EVENT_G:2451.500000,EVENT_B:982.000000
06-14 17:29:23.297  2018  3127 I libsensor-displayalgo: the value of  Coef1:1107.681000,Coef4:2.383000, scale1:0.935522, scale4:0.923264
06-14 17:29:23.297  2018  3127 E libsensor-displayalgo: RGB_test_0407_400_oldzy!
