07-14 18:56:26.106   991  1520 D APM_AudioPolicyManager: stopOutput() output 29, stream 3, session 1889 uid 10837
07-14 18:56:26.106   991  1520 D APM_AudioPolicyManager: getNewOutputDevices selected devices AUDIO_DEVICE_NONE
07-14 18:56:26.106   991  1520 D APM_AudioPolicyManager: setOutputDevices device AUDIO_DEVICE_NONE delayMs 160 force 0
07-14 18:56:26.107  6407  6946 I PowerCheckerService: uid:10837change to inactive
07-14 18:56:26.107  6407  6680 I AppActiveChecker: uid:10837change to inactive
07-14 18:56:26.108   991  1520 D APM_AudioPolicyManager: setOutputDevices setting same device AUDIO_DEVICE_NONE or null device, force=0, patch handle=8
07-14 18:56:26.110   991  1520 W APM::AudioPolicyEngine: getDevicesForStrategy() unknown strategy: -1
07-14 18:56:26.110   991  1520 W APM::AudioPolicyEngine: getDevicesForStrategy() unknown strategy: -1
07-14 18:56:26.110 25153 25153 I ExoPlayerImpl: Release da79c2e [ExoPlayerLib/2.17.1] [umi, Mi 10, Xiaomi, 30] [goog.exo.core, goog.exo.exoplayer, goog.exo.decoder, goog.exo.datasource, goog.exo.extractor]
07-14 18:56:26.111 25153 25518 I CCodecConfig: query failed after returning 7 values (BAD_INDEX)
07-14 18:56:26.111 25153 25518 W Codec2Client: query -- param skipped: index = 1342179345.
07-14 18:56:26.111 25153 25518 W Codec2Client: query -- param skipped: index = 2415921170.
07-14 18:56:26.113   995   995 D CompositionEngine: writeOutputDependentGeometryStateToHWC layer[cn.missevan/cn.missevan.activity.MainActivity#0] set Z 134217728 miFodLayer 134217728
07-14 18:56:26.113   995   995 D CompositionEngine: writeOutputDependentGeometryStateToHWC layer[#0] set Z 134217729 miFodLayer 134217728
07-14 18:56:26.113   995   995 D CompositionEngine: writeOutputDependentGeometryStateToHWC layer[Sprite#4] set Z 134217730 miFodLayer 134217728
07-14 18:56:26.113   995   995 D CompositionEngine: writeOutputDependentGeometryStateToHWC layer[RoundCorner#0] set Z 134217731 miFodLayer 134217728
07-14 18:56:26.113   995   995 D CompositionEngine: writeOutputDependentGeometryStateToHWC layer[RoundCorner#1] set Z 134217732 miFodLayer 134217728
07-14 18:56:26.114 25153 25518 D CCodecBuffers: [c2.android.mp3.decoder#818:Output[N]] popFromStashAndRegister: output format changed to AMessage(what = 0x00000000) = {
07-14 18:56:26.114 25153 25518 D CCodecBuffers:   int32_t channel-count = 2
07-14 18:56:26.114 25153 25518 D CCodecBuffers:   string mime = "audio/raw"
07-14 18:56:26.114 25153 25518 D CCodecBuffers:   int32_t sample-rate = 44100
07-14 18:56:26.114 25153 25518 D CCodecBuffers: }
07-14 18:56:26.114   601   601 E SELinux : avc:  denied  { find } for pid=4514 uid=10181 name=tethering scontext=u:r:vendor_systemhelper_app:s0:c512,c768 tcontext=u:object_r:tethering_service:s0 tclass=service_manager permissive=0
07-14 18:56:26.114  1358 19644 I OMX-VDEC-1080P: omx_vdec::component_deinit() complete
07-14 18:56:26.115 25153 25518 D CCodecBufferChannel: [c2.android.mp3.decoder#818] MediaCodec discarded an unknown buffer
07-14 18:56:26.115 25153 25518 I chatty  : uid=10837(cn.missevan) identical 2 lines
07-14 18:56:26.115 25153 25518 D CCodecBufferChannel: [c2.android.mp3.decoder#818] MediaCodec discarded an unknown buffer
07-14 18:56:26.115 25153 25518 I hw-BpHwBinder: onLastStrongRef automatically unlinking death recipients
07-14 18:56:26.116  1452 19702 I hw-BpHwBinder: onLastStrongRef automatically unlinking death recipients
07-14 18:56:26.116 25153 25518 E libc    : Access denied finding property "ro.vendor.media.video.frc.support"
07-14 18:56:26.116  1295  1295 D MediaMetricsService: submitInternal: isTrusted:0 given uid -1; sanitized uid: 10837 sanitized pkg: 10837 sanitized pkg version: 0
07-14 18:56:26.116  1295  1295 D MediaMetricsService: submitInternal: item->getKey().c_str() = codec
07-14 18:56:26.116  1295  1295 D MediaMetricsService: submitInternal: item->getCString(kCodecPackageName, &msg_send->packgeName) = 0
07-14 18:56:26.117  1295  1295 D MediaMetricsService: submitInternal: item->getInt32(kCodecHdrInfo, &msg_send->hdr) = 1
07-14 18:56:26.117  1295  1295 D MediaMetricsService: submitInternal: item->getInt32(kCodecFrameRateCal, &msg_send->frameRateCal) = 1
07-14 18:56:26.117  1295  1295 D MediaMetricsService: submitInternal: msg_send->frameRateCal = -1
07-14 18:56:26.117   901  2169 V EffectMiSound: MiSound_command() start, cmdCode=20
07-14 18:56:26.117   901  2169 V EffectMiSound: MiSound_Command EFFECT_CMD_OFFLOAD
07-14 18:56:26.117   901  2169 V EffectMiSound: MiSound_command() start, cmdCode=1
07-14 18:56:26.117   901  2169 V EffectMiSound: MiSound_setConfig start
07-14 18:56:26.117   901  2169 I EffectMiSound: MiSound_updateState(), enable=0, hifi=0, device=0x2, headset=0, samplingRate=48000
07-14 18:56:26.117   901  2169 I EffectMiSound: MiSound_updateState(), mode=0, music=0, movie=0, reset=0
07-14 18:56:26.117   901  2169 D EffectMiSound: MiSound_updateShareParam enter
07-14 18:56:26.118   901  2169 I EffectMiSound: MiSound_updateState(), Speaker Dual Mode is not supported. Stop update state.
07-14 18:56:26.118 25084 25117 I appium  : Found zero matches
07-14 18:56:26.118   901  1076 V EffectMiSound: MiSound_command() start, cmdCode=9
07-14 18:56:26.118   901  1076 V EffectMiSound: MiSound_Command EFFECT_CMD_SET_DEVICE: 0x00000002
07-14 18:56:26.118   901  1076 V EffectMiSound: MiSound_command() start, cmdCode=11
07-14 18:56:26.118   901  1076 V EffectMiSound: MiSound_Command EFFECT_CMD_SET_AUDIO_MODE: 0
07-14 18:56:26.118 25153 25539 D AudioTrack: stop(sessionID=1889)
07-14 18:56:26.118 25153 25539 D AudioTrack: stop(237): prior state:STATE_FLUSHED
07-14 18:56:26.118 25153 25539 D AudioTrack: ~AudioTrack(sessionID=1889)
07-14 18:56:26.118  1295  1295 D MediaMetricsService: submitInternal: isTrusted:0 given uid -1; sanitized uid: 10837 sanitized pkg: 10837 sanitized pkg version: 0
07-14 18:56:26.118  1295  1295 D MediaMetricsService: submitInternal: item->getKey().c_str() = audio.track.237
07-14 18:56:26.118  1295  1295 D MediaMetricsService: submitInternal: item->getCString(kCodecPackageName, &msg_send->packgeName) = 0
07-14 18:56:26.118  1295  1295 D MediaMetricsService: submitInternal: item->getInt32(kCodecHdrInfo, &msg_send->hdr) = 0
07-14 18:56:26.118  1295  1295 D MediaMetricsService: submitInternal: item->getInt32(kCodecFrameRateCal, &msg_send->frameRateCal) = 0
07-14 18:56:26.118  1295  1295 D MediaMetricsService: submitInternal: msg_send->frameRateCal = 129
07-14 18:56:26.118  1295  1295 D MediaMetricsService: submitInternal: isTrusted:0 given uid -1; sanitized uid: 10837 sanitized pkg: 10837 sanitized pkg version: 0
07-14 18:56:26.118  1295  1295 D MediaMetricsService: submitInternal: item->getKey().c_str() = audio.track.237
07-14 18:56:26.118  1295  1295 D MediaMetricsService: submitInternal: item->getCString(kCodecPackageName, &msg_send->packgeName) = 0
07-14 18:56:26.118  1295  1295 D MediaMetricsService: submitInternal: item->getInt32(kCodecHdrInfo, &msg_send->hdr) = 0
07-14 18:56:26.118  1295  1295 D MediaMetricsService: submitInternal: item->getInt32(kCodecFrameRateCal, &msg_send->frameRateCal) = 0
07-14 18:56:26.118  1295  1295 D MediaMetricsService: submitInternal: msg_send->frameRateCal = 129
07-14 18:56:26.119 25084 25117 I appium  : AppiumResponse: {"sessionId":"d1be5e9e-1e64-4511-b884-1fbd617cbe96","value":[]}
07-14 18:56:26.119  1358 19644 I OMX-VDEC-1080P: Exit OMX vdec Destructor: fd=8
07-14 18:56:26.120  1358 19644 I OMX_VPP : VppTerm
07-14 18:56:26.120  1358 19644 I OMX_VPP : video clip interpolated = 0%,0--74
07-14 18:56:26.120  1358 19644 I OMX_VPP : VppOmxComponent::clearVppFakeBufs size 0
07-14 18:56:26.120  1358 19644 I OMX_VPP : VppOmxComponent::~VppOmxComponent
07-14 18:56:26.120  1358 19644 I OMX_VPP : Destructed VppBufferManager
07-14 18:56:26.122 25153 25509 D SurfaceUtils: disconnecting from surface 0x78a578d010, reason disconnectFromSurface
07-14 18:56:26.122  2502  3492 D Avrcp_ext: AudioManager Player: AudioPlaybackConfiguration piid:23 type:android.media.SoundPool u/pid:1000/2565 state:idle attr:AudioAttributes: usage=USAGE_ASSISTANCE_SONIFICATION content=CONTENT_TYPE_SONIFICATION flags=0x800 tags= bundle=null
07-14 18:56:26.122  2502  3492 D Avrcp_ext: AudioManager Player: AudioPlaybackConfiguration piid:1431 type:android.media.SoundPool u/pid:10146/19310 state:idle attr:AudioAttributes: usage=USAGE_ASSISTANT content=CONTENT_TYPE_SPEECH flags=0x800 tags= bundle=null
07-14 18:56:26.122  2502  3492 D Avrcp_ext: AudioManager Player: AudioPlaybackConfiguration piid:15 type:android.media.SoundPool u/pid:1000/1894 state:idle attr:AudioAttributes: usage=USAGE_ASSISTANCE_SONIFICATION content=CONTENT_TYPE_SONIFICATION flags=0x800 tags= bundle=null
07-14 18:56:26.122  2502  3492 D Avrcp_ext: AudioManager Player: AudioPlaybackConfiguration piid:31 type:android.media.SoundPool u/pid:10092/2988 state:idle attr:AudioAttributes: usage=USAGE_ASSISTANCE_SONIFICATION content=CONTENT_TYPE_SONIFICATION flags=0x800 tags= bundle=null
07-14 18:56:26.122  2502  3492 D Avrcp_ext: AudioManager Player: AudioPlaybackConfiguration piid:47 type:android.media.SoundPool u/pid:1027/4465 state:idle attr:AudioAttributes: usage=USAGE_ASSISTANCE_SONIFICATION content=CONTENT_TYPE_SONIFICATION flags=0x800 tags= bundle=null
07-14 18:56:26.124   995   995 D CompositionEngine: writeOutputDependentGeometryStateToHWC layer[cn.missevan/cn.missevan.activity.MainActivity#0] set Z 134217728 miFodLayer 134217728
07-14 18:56:26.124   995   995 D CompositionEngine: writeOutputDependentGeometryStateToHWC layer[#0] set Z 134217729 miFodLayer 134217728
07-14 18:56:26.124   995   995 D CompositionEngine: writeOutputDependentGeometryStateToHWC layer[Sprite#4] set Z 134217730 miFodLayer 134217728
07-14 18:56:26.124   995   995 D CompositionEngine: writeOutputDependentGeometryStateToHWC layer[RoundCorner#0] set Z 134217731 miFodLayer 134217728
07-14 18:56:26.124   995   995 D CompositionEngine: writeOutputDependentGeometryStateToHWC layer[RoundCorner#1] set Z 134217732 miFodLayer 134217728
07-14 18:56:26.127 25153 25509 E libc    : Access denied finding property "ro.vendor.media.video.frc.support"
07-14 18:56:26.128  1295  1295 D MediaMetricsService: submitInternal: isTrusted:0 given uid -1; sanitized uid: 10837 sanitized pkg: 10837 sanitized pkg version: 0
07-14 18:56:26.128  1295  1295 D MediaMetricsService: submitInternal: item->getKey().c_str() = codec
07-14 18:56:26.128  1295  1295 D MediaMetricsService: submitInternal: item->getCString(kCodecPackageName, &msg_send->packgeName) = 1
07-14 18:56:26.128  1295  1295 D MediaMetricsService: submitInternal: item->getInt32(kCodecHdrInfo, &msg_send->hdr) = 1
07-14 18:56:26.128  1295  1295 D MediaMetricsService: submitInternal: item->getInt32(kCodecFrameRateCal, &msg_send->frameRateCal) = 1
07-14 18:56:26.128  1295  1295 D MediaMetricsService: submitInternal: msg_send->frameRateCal = -1
07-14 18:56:26.135   995   995 D CompositionEngine: writeOutputDependentGeometryStateToHWC layer[cn.missevan/cn.missevan.activity.MainActivity#0] set Z 134217728 miFodLayer 134217728
07-14 18:56:26.135   995   995 D CompositionEngine: writeOutputDependentGeometryStateToHWC layer[#0] set Z 134217729 miFodLayer 134217728
07-14 18:56:26.135   995   995 D CompositionEngine: writeOutputDependentGeometryStateToHWC layer[Sprite#4] set Z 134217730 miFodLayer 134217728
07-14 18:56:26.135   995   995 D CompositionEngine: writeOutputDependentGeometryStateToHWC layer[RoundCorner#0] set Z 134217731 miFodLayer 134217728
07-14 18:56:26.135   995   995 D CompositionEngine: writeOutputDependentGeometryStateToHWC layer[RoundCorner#1] set Z 134217732 miFodLayer 134217728
07-14 18:56:26.138 25153 25153 W MessageQueue: Handler (android.os.Handler) {3bf3a1c} sending message to a Handler on a dead thread
07-14 18:56:26.138 25153 25153 W MessageQueue: java.lang.IllegalStateException: Handler (android.os.Handler) {3bf3a1c} sending message to a Handler on a dead thread
07-14 18:56:26.138 25153 25153 W MessageQueue: 	at android.os.MessageQueue.enqueueMessage(MessageQueue.java:563)
07-14 18:56:26.138 25153 25153 W MessageQueue: 	at android.os.Handler.enqueueMessage(Handler.java:778)
07-14 18:56:26.138 25153 25153 W MessageQueue: 	at android.os.Handler.sendMessageAtTime(Handler.java:727)
07-14 18:56:26.138 25153 25153 W MessageQueue: 	at android.os.Handler.sendMessageDelayed(Handler.java:697)
07-14 18:56:26.138 25153 25153 W MessageQueue: 	at android.os.Handler.sendMessage(Handler.java:635)
07-14 18:56:26.138 25153 25153 W MessageQueue: 	at android.os.Message.sendToTarget(Message.java:474)
07-14 18:56:26.138 25153 25153 W MessageQueue: 	at com.google.android.exoplayer2.util.SystemHandlerWrapper$SystemMessage.sendToTarget(SourceFile:153)
07-14 18:56:26.138 25153 25153 W MessageQueue: 	at com.google.android.exoplayer2.ExoPlayerImplInternal.setPlayWhenReady(SourceFile:311)
07-14 18:56:26.138 25153 25153 W MessageQueue: 	at com.google.android.exoplayer2.ExoPlayerImpl.updatePlayWhenReady(SourceFile:2550)
07-14 18:56:26.138 25153 25153 W MessageQueue: 	at com.google.android.exoplayer2.ExoPlayerImpl.setPlayWhenReady(SourceFile:733)
07-14 18:56:26.138 25153 25153 W MessageQueue: 	at com.google.android.exoplayer2.SimpleExoPlayer.setPlayWhenReady(SourceFile:833)
07-14 18:56:26.138 25153 25153 W MessageQueue: 	at cn.missevan.view.widget.SplashView.pause(SourceFile:345)
07-14 18:56:26.138 25153 25153 W MessageQueue: 	at cn.missevan.view.fragment.SplashFragment.onPause(SourceFile:726)
07-14 18:56:26.138 25153 25153 W MessageQueue: 	at androidx.fragment.app.Fragment.performPause(SourceFile:3166)
07-14 18:56:26.138 25153 25153 W MessageQueue: 	at androidx.fragment.app.FragmentStateManager.pause(SourceFile:611)
07-14 18:56:26.138 25153 25153 W MessageQueue: 	at androidx.fragment.app.FragmentStateManager.moveToExpectedState(SourceFile:291)
07-14 18:56:26.138 25153 25153 W MessageQueue: 	at androidx.fragment.app.FragmentManager.executeOpsTogether(SourceFile:1790)
07-14 18:56:26.138 25153 25153 W MessageQueue: 	at androidx.fragment.app.FragmentManager.removeRedundantOperationsAndExecute(SourceFile:1708)
07-14 18:56:26.138 25153 25153 W MessageQueue: 	at androidx.fragment.app.FragmentManager.execPendingActions(SourceFile:1651)
07-14 18:56:26.138 25153 25153 W MessageQueue: 	at androidx.fragment.app.FragmentManager.executePendingTransactions(SourceFile:561)
07-14 18:56:26.138 25153 25153 W MessageQueue: 	at androidx.fragment.app.FragmentationMagician$4.run(SourceFile:79)
07-14 18:56:26.138 25153 25153 W MessageQueue: 	at androidx.fragment.app.FragmentationMagician.hookStateSaved(SourceFile:119)
07-14 18:56:26.138 25153 25153 W MessageQueue: 	at androidx.fragment.app.FragmentationMagician.executePendingTransactionsAllowingStateLoss(SourceFile:76)
07-14 18:56:26.138 25153 25153 W MessageQueue: 	at me.yokeyword.fragmentation.i$14.run(SourceFile:174)
07-14 18:56:26.138 25153 25153 W MessageQueue: 	at me.yokeyword.fragmentation.b.b.cxZ(SourceFile:65)
07-14 18:56:26.138 25153 25153 W MessageQueue: 	at me.yokeyword.fragmentation.b.b.b(SourceFile:56)
07-14 18:56:26.138 25153 25153 W MessageQueue: 	at me.yokeyword.fragmentation.b.b.a(SourceFile:18)
07-14 18:56:26.138 25153 25153 W MessageQueue: 	at me.yokeyword.fragmentation.b.b$1.run(SourceFile:48)
07-14 18:56:26.138 25153 25153 W MessageQueue: 	at android.os.Handler.handleCallback(Handler.java:938)
07-14 18:56:26.138 25153 25153 W MessageQueue: 	at android.os.Handler.dispatchMessage(Handler.java:99)
07-14 18:56:26.138 25153 25153 W MessageQueue: 	at android.os.Looper.loop(Looper.java:236)
07-14 18:56:26.138 25153 25153 W MessageQueue: 	at android.app.ActivityThread.main(ActivityThread.java:7876)
07-14 18:56:26.138 25153 25153 W MessageQueue: 	at java.lang.reflect.Method.invoke(Native Method)
07-14 18:56:26.138 25153 25153 W MessageQueue: 	at com.android.internal.os.RuntimeInit$MethodAndArgsCaller.run(RuntimeInit.java:656)
07-14 18:56:26.138 25153 25153 W MessageQueue: 	at com.android.internal.os.ZygoteInit.main(ZygoteInit.java:967)
07-14 18:56:26.142   901  2169 D audio_hw_primary: out_set_parameters: enter: usecase(0: deep-buffer-playback) kvpairs: appname=-cn.missevan
07-14 18:56:26.143  2502  3492 D Avrcp_ext: AudioManager isPlaying: false, mA2dpState: 11, isMusiActive: false
07-14 18:56:26.143  2502  3492 V Avrcp_ext: AvrcpMessageHandler: received message=29
07-14 18:56:26.143 25153 25539 D AudioTrack: stop(sessionID=1889)
07-14 18:56:26.143 25153 25539 D AudioTrack: stop(237): prior state:STATE_FLUSHED
07-14 18:56:26.143  1295  1295 D MediaMetricsService: submitInternal: isTrusted:0 given uid -1; sanitized uid: 10837 sanitized pkg: 10837 sanitized pkg version: 0
07-14 18:56:26.143  1295  1295 D MediaMetricsService: submitInternal: item->getKey().c_str() = audio.track.237
07-14 18:56:26.143  1295  1295 D MediaMetricsService: submitInternal: item->getCString(kCodecPackageName, &msg_send->packgeName) = 0
07-14 18:56:26.143  1295  1295 D MediaMetricsService: submitInternal: item->getInt32(kCodecHdrInfo, &msg_send->hdr) = 0
07-14 18:56:26.143  1295  1295 D MediaMetricsService: submitInternal: item->getInt32(kCodecFrameRateCal, &msg_send->frameRateCal) = 0
07-14 18:56:26.143  1295  1295 D MediaMetricsService: submitInternal: msg_send->frameRateCal = 1685021541
07-14 18:56:26.143  1295  1295 D MediaMetricsService: submitInternal: isTrusted:0 given uid -1; sanitized uid: 10837 sanitized pkg: 10837 sanitized pkg version: 0
07-14 18:56:26.143  1295  1295 D MediaMetricsService: submitInternal: item->getKey().c_str() = audio.track.237
07-14 18:56:26.143  1295  1295 D MediaMetricsService: submitInternal: item->getCString(kCodecPackageName, &msg_send->packgeName) = 0
07-14 18:56:26.143  1295  1295 D MediaMetricsService: submitInternal: item->getInt32(kCodecHdrInfo, &msg_send->hdr) = 0
07-14 18:56:26.143  1295  1295 D MediaMetricsService: submitInternal: item->getInt32(kCodecFrameRateCal, &msg_send->frameRateCal) = 0
07-14 18:56:26.143  2502  3492 V Avrcp_ext: updateCurrentMediaState: mMediaController: MediaController (cn.missevan@4df1e5c) null, null, null
07-14 18:56:26.143  1295  1295 D MediaMetricsService: submitInternal: msg_send->frameRateCal = 1685021541
07-14 18:56:26.143  2502  3492 V Avrcp_ext: isMusicActive: false getBluetoothPlayState: 0
07-14 18:56:26.143  2502  3492 V Avrcp_ext: updateCurrentMediaState: isPlaying = false
07-14 18:56:26.144  2502  3492 V Avrcp_ext: updateCurrentMediaState: get media attributes:
07-14 18:56:26.144  2502  3492 D Avrcp_ext: overwrite album_artist :if album is blank
07-14 18:56:26.144  2502  3492 D Avrcp_ext:  albumName : device :null
07-14 18:56:26.144  1295  1295 D MediaMetricsService: submitInternal: isTrusted:0 given uid -1; sanitized uid: 10837 sanitized pkg: 10837 sanitized pkg version: 0
07-14 18:56:26.144  1295  1295 D MediaMetricsService: submitInternal: item->getKey().c_str() = audiotrack
07-14 18:56:26.144  1295  1295 D MediaMetricsService: submitInternal: item->getCString(kCodecPackageName, &msg_send->packgeName) = 0
07-14 18:56:26.144  1295  1295 D MediaMetricsService: submitInternal: item->getInt32(kCodecHdrInfo, &msg_send->hdr) = 0
07-14 18:56:26.144  1295  1295 D MediaMetricsService: submitInternal: item->getInt32(kCodecFrameRateCal, &msg_send->frameRateCal) = 0
07-14 18:56:26.144  1295  1295 D MediaMetricsService: submitInternal: msg_send->frameRateCal = 1667328356
07-14 18:56:26.144   991  1520 D APM_AudioPolicyManager: releaseOutput() output 29, stream 3, session 1889 [uid=10837]
07-14 18:56:26.145  2502  3492 I Avrcp_ext: Skipping update due to invalid playback state
07-14 18:56:26.145 25153 25153 D LeakCanary: Watching instance of skin.support.constraint.SkinCompatConstraintLayout (cn.missevan.view.fragment.SplashFragment received Fragment#onDestroyView() callback (references to its views should be cleared to prevent leaks)) with key e3cc4fd8-f437-4631-b9e4-1bb495bc6b5e
07-14 18:56:26.145  2502  3492 V Avrcp_ext: updatePlaybackState, state: PlaybackState {state=0, position=0, buffered position=0, speed=0.0, updated=202052613, actions=2461191, custom actions=[], active item id=-1, error=null} device: null
07-14 18:56:26.145  2502  3492 V Avrcp_ext: Device: no name:
07-14 18:56:26.145  2502  3492 I chatty  : uid=1002(bluetooth) BluetoothAvrcpH identical 3 lines
07-14 18:56:26.145  2502  3492 V Avrcp_ext: Device: no name:
07-14 18:56:26.145  2502  3492 V Avrcp_ext: updatePlayerStateAndPosition, old=PlaybackState {state=0, position=0, buffered position=0, speed=0.0, updated=202052613, actions=2461191, custom actions=[], active item id=-1, error=null}, state=PlaybackState {state=0, position=0, buffered position=0, speed=0.0, updated=202052613, actions=2461191, custom actions=[], active item id=-1, error=null}
07-14 18:56:26.145  2502  3492 V Avrcp_ext: old state = PlaybackState {state=0, position=0, buffered position=0, speed=0.0, updated=202052613, actions=2461191, custom actions=[], active item id=-1, error=null}, new state= PlaybackState {state=0, position=0, buffered position=0, speed=0.0, updated=202052613, actions=2461191, custom actions=[], active item id=-1, error=null}
07-14 18:56:26.145  2502  3492 D HeadsetService: getHeadsetService(): returning com.android.bluetooth.hfp.HeadsetService@4392678
07-14 18:56:26.145 25153 25153 D LeakCanary: Watching instance of androidx.loader.app.LoaderManagerImpl$LoaderViewModel (androidx.loader.app.LoaderManagerImpl$LoaderViewModel received ViewModel#onCleared() callback) with key 34502fd8-bdd6-4909-890f-76986313b18d
07-14 18:56:26.145 25153 25153 D LeakCanary: Watching instance of leakcanary.internal.ViewModelClearedWatcher (leakcanary.internal.ViewModelClearedWatcher received ViewModel#onCleared() callback) with key 1aa163aa-df05-461d-aa0c-cc47d783cfc5
07-14 18:56:26.146  2502  3492 D HeadsetService:  isAudioOn: The number of audio connected devices 0
07-14 18:56:26.146  2502  3492 D HeadsetService: isScoOrCallActive(): Call Active:falseCall is Ringing:falseSCO is Active:false
07-14 18:56:26.146 25153 25153 I ExoPlayerImpl: Release 85ec163 [ExoPlayerLib/2.17.1] [umi, Mi 10, Xiaomi, 30] [goog.exo.core, goog.exo.exoplayer, goog.exo.decoder, goog.exo.datasource, goog.exo.extractor]
07-14 18:56:26.146  2502  3492 D HeadsetService:  isAudioOn: The number of audio connected devices 0
07-14 18:56:26.146  2502  3492 I Avrcp_ext: updatePlayStatusForDevice: device: null
07-14 18:56:26.146  2502  3492 V Avrcp_ext: updatePlaybackState (1): old=PlaybackState {state=0, position=0, buffered position=0, speed=0.0, updated=202052613, actions=2461191, custom actions=[], active item id=-1, error=null}(0), new=PlaybackState {state=0, position=0, buffered position=0, speed=0.0, updated=202052613, actions=2461191, custom actions=[], active item id=-1, error=null}(0)
07-14 18:56:26.146  2502  3492 I Avrcp_ext: Exit updatePlayStatusForDevice
07-14 18:56:26.146 25153 25153 D LeakCanary: Watching instance of cn.missevan.view.fragment.SplashFragment (cn.missevan.view.fragment.SplashFragment received Fragment#onDestroy() callback) with key ccc1c7f8-6b4f-4d15-8c3a-7b5e12fac5f4
07-14 18:56:26.146  2502  3492 D HeadsetService:  isAudioOn: The number of audio connected devices 0
07-14 18:56:26.146  2502  3492 D HeadsetService: isScoOrCallActive(): Call Active:falseCall is Ringing:falseSCO is Active:false
07-14 18:56:26.146  2502  3492 D HeadsetService:  isAudioOn: The number of audio connected devices 0
07-14 18:56:26.146  2502  3492 I Avrcp_ext: updatePlayStatusForDevice: device: null
07-14 18:56:26.146   995   995 D CompositionEngine: writeOutputDependentGeometryStateToHWC layer[cn.missevan/cn.missevan.activity.MainActivity#0] set Z 134217728 miFodLayer 134217728
07-14 18:56:26.146  2502  3492 V Avrcp_ext: updatePlaybackState (1): old=PlaybackState {state=0, position=0, buffered position=0, speed=0.0, updated=202052613, actions=2461191, custom actions=[], active item id=-1, error=null}(0), new=PlaybackState {state=0, position=0, buffered position=0, speed=0.0, updated=202052613, actions=2461191, custom actions=[], active item id=-1, error=null}(0)
07-14 18:56:26.146  2502  3492 I Avrcp_ext: Exit updatePlayStatusForDevice
07-14 18:56:26.146   995   995 D CompositionEngine: writeOutputDependentGeometryStateToHWC layer[#0] set Z 134217729 miFodLayer 134217728
07-14 18:56:26.146   995   995 D CompositionEngine: writeOutputDependentGeometryStateToHWC layer[Sprite#4] set Z 134217730 miFodLayer 134217728
07-14 18:56:26.146   995   995 D CompositionEngine: writeOutputDependentGeometryStateToHWC layer[RoundCorner#0] set Z 134217731 miFodLayer 134217728
07-14 18:56:26.146   995   995 D CompositionEngine: writeOutputDependentGeometryStateToHWC layer[RoundCorner#1] set Z 134217732 miFodLayer 134217728
07-14 18:56:26.146  2502  3492 D HeadsetService:  isAudioOn: The number of audio connected devices 0
07-14 18:56:26.146  2502  3492 D HeadsetService: isScoOrCallActive(): Call Active:falseCall is Ringing:falseSCO is Active:false
07-14 18:56:26.146  2502  3492 D HeadsetService:  isAudioOn: The number of audio connected devices 0
07-14 18:56:26.146  2502  3492 I Avrcp_ext: updatePlayStatusForDevice: device: null
07-14 18:56:26.146  2502  3492 V Avrcp_ext: updatePlaybackState (1): old=PlaybackState {state=0, position=0, buffered position=0, speed=0.0, updated=202052613, actions=2461191, custom actions=[], active item id=-1, error=null}(0), new=PlaybackState {state=0, position=0, buffered position=0, speed=0.0, updated=202052613, actions=2461191, custom actions=[], active item id=-1, error=null}(0)
07-14 18:56:26.146  2502  3492 I Avrcp_ext: Exit updatePlayStatusForDevice
07-14 18:56:26.147  1295  1295 D MediaMetricsService: submitInternal: isTrusted:1 given uid -1; sanitized uid: 1041 sanitized pkg: audioserver sanitized pkg version: 0
07-14 18:56:26.147  1295  1295 D MediaMetricsService: submitInternal: item->getKey().c_str() = audio.track.237
07-14 18:56:26.147  1295  1295 D MediaMetricsService: submitInternal: item->getCString(kCodecPackageName, &msg_send->packgeName) = 0
07-14 18:56:26.147  1295  1295 D MediaMetricsService: submitInternal: item->getInt32(kCodecHdrInfo, &msg_send->hdr) = 0
07-14 18:56:26.147  1295  1295 D MediaMetricsService: submitInternal: item->getInt32(kCodecFrameRateCal, &msg_send->frameRateCal) = 0
07-14 18:56:26.147  1295  1295 D MediaMetricsService: submitInternal: msg_send->frameRateCal = 1597387103
07-14 18:56:26.147  2502  3492 D HeadsetService:  isAudioOn: The number of audio connected devices 0
07-14 18:56:26.147  2502  3492 D HeadsetService: isScoOrCallActive(): Call Active:falseCall is Ringing:falseSCO is Active:false
07-14 18:56:26.147  2502  3492 D HeadsetService:  isAudioOn: The number of audio connected devices 0
07-14 18:56:26.147  2502  3492 I Avrcp_ext: updatePlayStatusForDevice: device: null
07-14 18:56:26.147  2502  3492 V Avrcp_ext: updatePlaybackState (1): old=PlaybackState {state=0, position=0, buffered position=0, speed=0.0, updated=202052613, actions=2461191, custom actions=[], active item id=-1, error=null}(0), new=PlaybackState {state=0, position=0, buffered position=0, speed=0.0, updated=202052613, actions=2461191, custom actions=[], active item id=-1, error=null}(0)
07-14 18:56:26.147  2502  3492 I Avrcp_ext: Exit updatePlayStatusForDevice
07-14 18:56:26.147  2502  3492 D HeadsetService:  isAudioOn: The number of audio connected devices 0
07-14 18:56:26.147  2502  3492 D HeadsetService: isScoOrCallActive(): Call Active:falseCall is Ringing:falseSCO is Active:false
07-14 18:56:26.147  2502  3492 D HeadsetService:  isAudioOn: The number of audio connected devices 0
07-14 18:56:26.147  2502  3492 I Avrcp_ext: updatePlayStatusForDevice: device: null
07-14 18:56:26.147  2502  3492 V Avrcp_ext: updatePlaybackState (1): old=PlaybackState {state=0, position=0, buffered position=0, speed=0.0, updated=202052613, actions=2461191, custom actions=[], active item id=-1, error=null}(0), new=PlaybackState {state=0, position=0, buffered position=0, speed=0.0, updated=202052613, actions=2461191, custom actions=[], active item id=-1, error=null}(0)
07-14 18:56:26.147  2502  3492 I Avrcp_ext: Exit updatePlayStatusForDevice
07-14 18:56:26.147  2502  3492 D Avrcp_ext: Enter sendPlayPosNotificationRsp
07-14 18:56:26.147  2502  3492 D Avrcp_ext: sendPlayPosNotificationRsp: Not registered or requesting.
07-14 18:56:26.147  2502  3492 D Avrcp_ext: Enter sendPlayPosNotificationRsp
07-14 18:56:26.147  2502  3492 D Avrcp_ext: sendPlayPosNotificationRsp: Not registered or requesting.
07-14 18:56:26.147  2502  3492 D Avrcp_ext: Enter sendPlayPosNotificationRsp
07-14 18:56:26.147  2502  3492 D Avrcp_ext: sendPlayPosNotificationRsp: Not registered or requesting.
07-14 18:56:26.147  2502  3492 D Avrcp_ext: Enter sendPlayPosNotificationRsp
07-14 18:56:26.147  2502  3492 D Avrcp_ext: sendPlayPosNotificationRsp: Not registered or requesting.
07-14 18:56:26.147  2502  3492 D Avrcp_ext: Enter sendPlayPosNotificationRsp
07-14 18:56:26.147  2502  3492 D Avrcp_ext: sendPlayPosNotificationRsp: Not registered or requesting.
07-14 18:56:26.147  2502  3492 V Avrcp_ext: Exit updatePlayerStateAndPosition
07-14 18:56:26.147  2502  3492 V Avrcp_ext: Exit handleMessage
07-14 18:56:26.153  2565  2565 D StatusBar: disable<e i a s b h r c s > disable2<q i n >
07-14 18:56:26.153  1894  4829 W ActivityManager: Sending non-protected broadcast com.android.systemui.fullscreen.statechange from system 2565:com.android.systemui/1000 pkg com.android.systemui. Callers=
07-14 18:56:26.154  2565  2565 D StatusBar: disable<e i a s b h r c s > disable2<q i n >
07-14 18:56:26.157   995   995 D CompositionEngine: writeOutputDependentGeometryStateToHWC layer[cn.missevan/cn.missevan.activity.MainActivity#0] set Z 134217728 miFodLayer 134217728
07-14 18:56:26.157   995   995 D CompositionEngine: writeOutputDependentGeometryStateToHWC layer[#0] set Z 134217729 miFodLayer 134217728
07-14 18:56:26.157   995   995 D CompositionEngine: writeOutputDependentGeometryStateToHWC layer[Sprite#4] set Z 134217730 miFodLayer 134217728
07-14 18:56:26.157   995   995 D CompositionEngine: writeOutputDependentGeometryStateToHWC layer[RoundCorner#0] set Z 134217731 miFodLayer 134217728
07-14 18:56:26.158   995   995 D CompositionEngine: writeOutputDependentGeometryStateToHWC layer[RoundCorner#1] set Z 134217732 miFodLayer 134217728
07-14 18:56:26.161  2988  3111 D GestureStubView: gatherTransparentRegion: need render w:54  h:1404
07-14 18:56:26.162  2988  3113 D NavStubView: gatherTransparentRegion: need render w:1080  h:35
07-14 18:56:26.162  2988  3113 W NavStubView_Touch: onComputeInternalInsets  bounds=Rect(0, 0 - 1080, 35)   mHideGestureLine=true   mIsShowNavBar=true   mKeepHidden=false   mDisableTouch=false   mUseEmptyTouchableRegion=false
07-14 18:56:26.162  2988  3113 W NavStubView_Touch:   onComputeInternalInsets  region=SkRegion((0,0,1080,35))
07-14 18:56:26.162  2988  3111 D GestureStubView: gatherTransparentRegion: need render w:54  h:1404
07-14 18:56:26.162  2988  3113 D NavStubView_Touch: onSystemUiFlagsChanged  mIsShowStatusBar    old= false   new=true
07-14 18:56:26.162  2988  3113 D NavStubView_Touch: onSystemUiFlagsChanged  mIsShowNavBar    old= true   new=true
07-14 18:56:26.162 25153 25153 I MainFragment: [main] onCreateView
07-14 18:56:26.163  2565  2565 D StatusBar: disable<e i a s b h r c s > disable2<q i n >
07-14 18:56:26.168   904  3454 I vendor.qti.bluetooth@1.0-ibs_handler: ProcessIbsCmd: Received IBS_WAKE_IND: 0xFD
07-14 18:56:26.169   904  3454 D vendor.qti.bluetooth@1.0-ibs_handler: SerialClockVote: vote for UART CLK ON
07-14 18:56:26.169   995   995 D CompositionEngine: writeOutputDependentGeometryStateToHWC layer[cn.missevan/cn.missevan.activity.MainActivity#0] set Z 134217728 miFodLayer 134217728
07-14 18:56:26.169   995   995 D CompositionEngine: writeOutputDependentGeometryStateToHWC layer[#0] set Z 134217729 miFodLayer 134217728
07-14 18:56:26.169   995   995 D CompositionEngine: writeOutputDependentGeometryStateToHWC layer[Sprite#4] set Z 134217730 miFodLayer 134217728
07-14 18:56:26.169   995   995 D CompositionEngine: writeOutputDependentGeometryStateToHWC layer[RoundCorner#0] set Z 134217731 miFodLayer 134217728
07-14 18:56:26.169   995   995 D CompositionEngine: writeOutputDependentGeometryStateToHWC layer[RoundCorner#1] set Z 134217732 miFodLayer 134217728
07-14 18:56:26.169   904  3454 D vendor.qti.bluetooth@1.0-wake_lock: Acquire wakelock is acquired
07-14 18:56:26.169   904  3454 I vendor.qti.bluetooth@1.0-ibs_handler: ProcessIbsCmd: Writing IBS_WAKE_ACK
07-14 18:56:26.170  2502  3457 V bt_stack: [VERBOSE1:btm_ble_gap.cc(1924)] btm_ble_process_ext_adv_pkt: bda=d4:5e:ec:42:d1:94
07-14 18:56:26.170  2502  3457 V bt_stack: [VERBOSE1:btm_ble_gap.cc(1848)] btm_ble_process_adv_addr: bda=d4:5e:ec:42:d1:94
07-14 18:56:26.170  2502  3457 V bt_stack: [VERBOSE1:btm_ble_gap.cc(2058)]  Waiting for scan response d4:5e:ec:42:d1:94
07-14 18:56:26.170  2502  3457 V bt_stack: [VERBOSE1:btm_ble_gap.cc(1924)] btm_ble_process_ext_adv_pkt: bda=d4:5e:ec:42:d1:94
07-14 18:56:26.170  2502  3457 V bt_stack: [VERBOSE1:btm_ble_gap.cc(1848)] btm_ble_process_adv_addr: bda=d4:5e:ec:42:d1:94
07-14 18:56:26.170  2502  3457 V bt_stack: [VERBOSE1:btm_inq.cc(1019)] BTM_InqDbRead: bd addr d4:5e:ec:42:d1:94
07-14 18:56:26.171  1894  2393 D WifiScoreReportInjector: Fast switch not enabled
07-14 18:56:26.171  3471  3587 E MiuiFastConnectService: check adv data not fast connect
07-14 18:56:26.171  3471  3587 D MiuiNearbyService: getNearbyService() - returning com.android.bluetooth.ble.app.MiuiNearbyService@32df939
07-14 18:56:26.173  5834  6616 E IDM-BleBackGround: MiConnect EndPoint found
07-14 18:56:26.180   995   995 D CompositionEngine: writeOutputDependentGeometryStateToHWC layer[cn.missevan/cn.missevan.activity.MainActivity#0] set Z 134217728 miFodLayer 134217728
07-14 18:56:26.180   995   995 D CompositionEngine: writeOutputDependentGeometryStateToHWC layer[#0] set Z 134217729 miFodLayer 134217728
07-14 18:56:26.180   995   995 D CompositionEngine: writeOutputDependentGeometryStateToHWC layer[Sprite#4] set Z 134217730 miFodLayer 134217728
07-14 18:56:26.180   995   995 D CompositionEngine: writeOutputDependentGeometryStateToHWC layer[RoundCorner#0] set Z 134217731 miFodLayer 134217728
07-14 18:56:26.180   995   995 D CompositionEngine: writeOutputDependentGeometryStateToHWC layer[RoundCorner#1] set Z 134217732 miFodLayer 134217728
07-14 18:56:26.191   995   995 D CompositionEngine: writeOutputDependentGeometryStateToHWC layer[cn.missevan/cn.missevan.activity.MainActivity#0] set Z 134217728 miFodLayer 134217728
07-14 18:56:26.191   995   995 D CompositionEngine: writeOutputDependentGeometryStateToHWC layer[#0] set Z 134217729 miFodLayer 134217728
07-14 18:56:26.192   995   995 D CompositionEngine: writeOutputDependentGeometryStateToHWC layer[StatusBar#0] set Z 134217730 miFodLayer 134217728
07-14 18:56:26.192   995   995 D CompositionEngine: writeOutputDependentGeometryStateToHWC layer[Sprite#4] set Z 134217731 miFodLayer 134217728
07-14 18:56:26.192   995   995 D CompositionEngine: writeOutputDependentGeometryStateToHWC layer[RoundCorner#0] set Z 134217732 miFodLayer 134217728
07-14 18:56:26.192   995   995 D CompositionEngine: writeOutputDependentGeometryStateToHWC layer[RoundCorner#1] set Z 134217733 miFodLayer 134217728
07-14 18:56:26.202   995   995 D CompositionEngine: writeOutputDependentGeometryStateToHWC layer[cn.missevan/cn.missevan.activity.MainActivity#0] set Z 134217728 miFodLayer 134217728
07-14 18:56:26.202   995   995 D CompositionEngine: writeOutputDependentGeometryStateToHWC layer[#0] set Z 134217729 miFodLayer 134217728
07-14 18:56:26.202   995   995 D CompositionEngine: writeOutputDependentGeometryStateToHWC layer[StatusBar#0] set Z 134217730 miFodLayer 134217728
07-14 18:56:26.202   995   995 D CompositionEngine: writeOutputDependentGeometryStateToHWC layer[Sprite#4] set Z 134217731 miFodLayer 134217728
07-14 18:56:26.202   995   995 D CompositionEngine: writeOutputDependentGeometryStateToHWC layer[RoundCorner#0] set Z 134217732 miFodLayer 134217728
07-14 18:56:26.203   995   995 D CompositionEngine: writeOutputDependentGeometryStateToHWC layer[RoundCorner#1] set Z 134217733 miFodLayer 134217728
07-14 18:56:26.214   995   995 D CompositionEngine: writeOutputDependentGeometryStateToHWC layer[cn.missevan/cn.missevan.activity.MainActivity#0] set Z 134217728 miFodLayer 134217728
07-14 18:56:26.214   995   995 D CompositionEngine: writeOutputDependentGeometryStateToHWC layer[#0] set Z 134217729 miFodLayer 134217728
07-14 18:56:26.214   995   995 D CompositionEngine: writeOutputDependentGeometryStateToHWC layer[StatusBar#0] set Z 134217730 miFodLayer 134217728
07-14 18:56:26.214   995   995 D CompositionEngine: writeOutputDependentGeometryStateToHWC layer[Sprite#4] set Z 134217731 miFodLayer 134217728
07-14 18:56:26.214   995   995 D CompositionEngine: writeOutputDependentGeometryStateToHWC layer[RoundCorner#0] set Z 134217732 miFodLayer 134217728
07-14 18:56:26.214   995   995 D CompositionEngine: writeOutputDependentGeometryStateToHWC layer[RoundCorner#1] set Z 134217733 miFodLayer 134217728
07-14 18:56:26.218 25153 25545 I cn.missevan: Thread[86,tid=25545,Native,Thread*=0x78c0c88800,peer=0x139b2da8,"glide-source-thread-0"] recursive attempt to load library "/data/app/~~q3vJY8E0jP-Kd2qtdct1Ug==/cn.missevan-Baouc2MF9pvJDnKQvqxO0g==/lib/arm64/libglide-webp.so"
07-14 18:56:26.225   995   995 D CompositionEngine: writeOutputDependentGeometryStateToHWC layer[cn.missevan/cn.missevan.activity.MainActivity#0] set Z 134217728 miFodLayer 134217728
07-14 18:56:26.225   995   995 D CompositionEngine: writeOutputDependentGeometryStateToHWC layer[#0] set Z 134217729 miFodLayer 134217728
07-14 18:56:26.225   995   995 D CompositionEngine: writeOutputDependentGeometryStateToHWC layer[StatusBar#0] set Z 134217730 miFodLayer 134217728
07-14 18:56:26.225   995   995 D CompositionEngine: writeOutputDependentGeometryStateToHWC layer[Sprite#4] set Z 134217731 miFodLayer 134217728
07-14 18:56:26.225   995   995 D CompositionEngine: writeOutputDependentGeometryStateToHWC layer[RoundCorner#0] set Z 134217732 miFodLayer 134217728
07-14 18:56:26.225   995   995 D CompositionEngine: writeOutputDependentGeometryStateToHWC layer[RoundCorner#1] set Z 134217733 miFodLayer 134217728
07-14 18:56:26.236   995   995 D CompositionEngine: writeOutputDependentGeometryStateToHWC layer[cn.missevan/cn.missevan.activity.MainActivity#0] set Z 134217728 miFodLayer 134217728
07-14 18:56:26.236   995   995 D CompositionEngine: writeOutputDependentGeometryStateToHWC layer[#0] set Z 134217729 miFodLayer 134217728
07-14 18:56:26.236   995   995 D CompositionEngine: writeOutputDependentGeometryStateToHWC layer[StatusBar#0] set Z 134217730 miFodLayer 134217728
07-14 18:56:26.236   995   995 D CompositionEngine: writeOutputDependentGeometryStateToHWC layer[Sprite#4] set Z 134217731 miFodLayer 134217728
07-14 18:56:26.236   995   995 D CompositionEngine: writeOutputDependentGeometryStateToHWC layer[RoundCorner#0] set Z 134217732 miFodLayer 134217728
07-14 18:56:26.236   995   995 D CompositionEngine: writeOutputDependentGeometryStateToHWC layer[RoundCorner#1] set Z 134217733 miFodLayer 134217728
07-14 18:56:26.244 25153 25153 I MainFragment: [main] catPlayCat: SLEEP_CAT_STATUS
07-14 18:56:26.247   995   995 D CompositionEngine: writeOutputDependentGeometryStateToHWC layer[cn.missevan/cn.missevan.activity.MainActivity#0] set Z 134217728 miFodLayer 134217728
07-14 18:56:26.247   995   995 D CompositionEngine: writeOutputDependentGeometryStateToHWC layer[#0] set Z 134217729 miFodLayer 134217728
07-14 18:56:26.247   995   995 D CompositionEngine: writeOutputDependentGeometryStateToHWC layer[StatusBar#0] set Z 134217730 miFodLayer 134217728
07-14 18:56:26.247   995   995 D CompositionEngine: writeOutputDependentGeometryStateToHWC layer[Sprite#4] set Z 134217731 miFodLayer 134217728
07-14 18:56:26.247   995   995 D CompositionEngine: writeOutputDependentGeometryStateToHWC layer[RoundCorner#0] set Z 134217732 miFodLayer 134217728
07-14 18:56:26.247   995   995 D CompositionEngine: writeOutputDependentGeometryStateToHWC layer[RoundCorner#1] set Z 134217733 miFodLayer 134217728
07-14 18:56:26.249   904  3454 I vendor.qti.bluetooth@1.0-ibs_handler: ProcessIbsCmd: Received IBS_SLEEP_IND: 0xFE
07-14 18:56:26.249   904  3454 D vendor.qti.bluetooth@1.0-ibs_handler: SerialClockVote: vote for UART CLK OFF
07-14 18:56:26.258   995   995 D CompositionEngine: writeOutputDependentGeometryStateToHWC layer[cn.missevan/cn.missevan.activity.MainActivity#0] set Z 134217728 miFodLayer 134217728
07-14 18:56:26.258   995   995 D CompositionEngine: writeOutputDependentGeometryStateToHWC layer[#0] set Z 134217729 miFodLayer 134217728
07-14 18:56:26.258   995   995 D CompositionEngine: writeOutputDependentGeometryStateToHWC layer[StatusBar#0] set Z 134217730 miFodLayer 134217728
07-14 18:56:26.258   995   995 D CompositionEngine: writeOutputDependentGeometryStateToHWC layer[Sprite#4] set Z 134217731 miFodLayer 134217728
07-14 18:56:26.258   995   995 D CompositionEngine: writeOutputDependentGeometryStateToHWC layer[RoundCorner#0] set Z 134217732 miFodLayer 134217728
07-14 18:56:26.258   995   995 D CompositionEngine: writeOutputDependentGeometryStateToHWC layer[RoundCorner#1] set Z 134217733 miFodLayer 134217728
07-14 18:56:26.270   995   995 D CompositionEngine: writeOutputDependentGeometryStateToHWC layer[cn.missevan/cn.missevan.activity.MainActivity#0] set Z 134217728 miFodLayer 134217728
07-14 18:56:26.270   995   995 D CompositionEngine: writeOutputDependentGeometryStateToHWC layer[#0] set Z 134217729 miFodLayer 134217728
07-14 18:56:26.270   995   995 D CompositionEngine: writeOutputDependentGeometryStateToHWC layer[StatusBar#0] set Z 134217730 miFodLayer 134217728
07-14 18:56:26.270   995   995 D CompositionEngine: writeOutputDependentGeometryStateToHWC layer[RoundCorner#0] set Z 134217731 miFodLayer 134217728
07-14 18:56:26.270   995   995 D CompositionEngine: writeOutputDependentGeometryStateToHWC layer[RoundCorner#1] set Z 134217732 miFodLayer 134217728
07-14 18:56:26.280   995   995 D CompositionEngine: writeOutputDependentGeometryStateToHWC layer[cn.missevan/cn.missevan.activity.MainActivity#0] set Z 134217728 miFodLayer 134217728
07-14 18:56:26.280   995   995 D CompositionEngine: writeOutputDependentGeometryStateToHWC layer[#0] set Z 134217729 miFodLayer 134217728
07-14 18:56:26.280   995   995 D CompositionEngine: writeOutputDependentGeometryStateToHWC layer[StatusBar#0] set Z 134217730 miFodLayer 134217728
07-14 18:56:26.280   995   995 D CompositionEngine: writeOutputDependentGeometryStateToHWC layer[RoundCorner#0] set Z 134217731 miFodLayer 134217728
07-14 18:56:26.280   995   995 D CompositionEngine: writeOutputDependentGeometryStateToHWC layer[RoundCorner#1] set Z 134217732 miFodLayer 134217728
07-14 18:56:26.291   995   995 D CompositionEngine: writeOutputDependentGeometryStateToHWC layer[cn.missevan/cn.missevan.activity.MainActivity#0] set Z 134217728 miFodLayer 134217728
07-14 18:56:26.291   995   995 D CompositionEngine: writeOutputDependentGeometryStateToHWC layer[#0] set Z 134217729 miFodLayer 134217728
07-14 18:56:26.291   995   995 D CompositionEngine: writeOutputDependentGeometryStateToHWC layer[StatusBar#0] set Z 134217730 miFodLayer 134217728
07-14 18:56:26.291   995   995 D CompositionEngine: writeOutputDependentGeometryStateToHWC layer[RoundCorner#0] set Z 134217731 miFodLayer 134217728
07-14 18:56:26.291   995   995 D CompositionEngine: writeOutputDependentGeometryStateToHWC layer[RoundCorner#1] set Z 134217732 miFodLayer 134217728
07-14 18:56:26.298 25153 25153 I Player.SinglePlayer: [main] init, from: UGCRecommendPageFragment
07-14 18:56:26.299 25153 25153 I Player.SinglePlayerConnection: [main] createPlayerIndex
07-14 18:56:26.299 25153 25153 I Player.SinglePlayerConnection.core0: [main] createPlayerIndex, currentIndex: null, nextIndex: 0
07-14 18:56:26.300 25294 25538 I Player.BaseAidlPlayerService.core0: [Binder:25294_4] createPlayer
07-14 18:56:26.301 25153 25153 I Player.SinglePlayer.core0: [main] initPlayer, from: UGCRecommendPageFragment
07-14 18:56:26.301 25294 25294 I Player.Aidl.core0: [main] createPlayerCore
07-14 18:56:26.302 25153 25153 I Player.SinglePlayerConnection.core0: [main] createPlayerStateEvent
07-14 18:56:26.302 25294 25294 I Player.Aidl.core0: [main] createNewCore
07-14 18:56:26.302 25153 25153 I Player.SinglePlayerConnection.core0: [main] createPlayerEvent
07-14 18:56:26.302   995   995 D CompositionEngine: writeOutputDependentGeometryStateToHWC layer[cn.missevan/cn.missevan.activity.MainActivity#0] set Z 134217728 miFodLayer 134217728
07-14 18:56:26.302   995   995 D CompositionEngine: writeOutputDependentGeometryStateToHWC layer[#0] set Z 134217729 miFodLayer 134217728
07-14 18:56:26.302   995   995 D CompositionEngine: writeOutputDependentGeometryStateToHWC layer[StatusBar#0] set Z 134217730 miFodLayer 134217728
07-14 18:56:26.302   995   995 D CompositionEngine: writeOutputDependentGeometryStateToHWC layer[RoundCorner#0] set Z 134217731 miFodLayer 134217728
07-14 18:56:26.303   995   995 D CompositionEngine: writeOutputDependentGeometryStateToHWC layer[RoundCorner#1] set Z 134217732 miFodLayer 134217728
07-14 18:56:26.304 25294 25294 I Player.BBPlayer.core0: [main] init
07-14 18:56:26.306 25294 25294 I @@@BBPLOG: Info TD63B14F8 CPlayMain L94 BPSDK 3.0.0.214, 21:33:24 Jun 13 2022. CPU: ARMV8. OS
07-14 18:56:26.307 25294 25294 I @@@BBPLOG: Info TD63B14F8 CPlayMain L243 The DataLog UserID: 0X34C08A
07-14 18:56:26.307 25294 25294 I @@@BBPLOG: Info TD63B14F8 CPlayMain L250 The DataLog BUVID: XY2D9B72F2546DEAAD7E5CFE9D2961F9CF2FF
07-14 18:56:26.307 25294 25294 I @@@BBPLOG: Info TD63B14F8 CPlayMain L264 The DataLog AppVer: 5.7.0
07-14 18:56:26.307 25294 25294 I @@@BBPLOG: Info TD63B14F8 CPlayMain L284 The DataLog app type:   6
07-14 18:56:26.307 25294 25294 I @@@BBPLOG: Info Td63b14f8 BBPFuncLog L123 ----CIPMng::Clear Value is 00000000 start.
07-14 18:56:26.307 25294 25294 I @@@BBPLOG: Info Td63b14f8 BBPFuncLog L142 ----CIPMng::Clear leave! no return. Ussed Time: 0
07-14 18:56:26.307 25294 25294 I @@@BBPLOG: Info TD63B14F8 CPlayMain L272 The DataLog net type: 3
07-14 18:56:26.307 25294 25294 I @@@BBPLOG: Info TD63B14F8 CPlayMain L312 Set cronet engine: 0x7931df7840
07-14 18:56:26.307 25294 25294 I @@@BBPLOG: Info TD63B14F8 CPlayMain L257 The Session UUID: 7088faef-db01-4fc5-9eed-dfddaf71e8d1
07-14 18:56:26.308 25294 25294 I Player.Aidl.core0: [main] initPlayerCore
07-14 18:56:26.310 25294 25294 D Player.BBPlayer.core0: [main] event(1342177297): msg_log_cb, arg1: 0, arg2: 0, any: Info TD63B14F8 CPlayMain L257 The Session UUID: 7088faef-db01-4fc5-9eed-dfddaf71e8d1
07-14 18:56:26.310 25294 25294 D Player.BBPlayer.core0:
07-14 18:56:26.311 25294 25294 I Player.BBPlayer.core0: [main] msg_log_cb, Info TD63B14F8 CPlayMain L257 The Session UUID: 7088faef-db01-4fc5-9eed-dfddaf71e8d1
07-14 18:56:26.311 25294 25294 I Player.BBPlayer.core0:
07-14 18:56:26.313   995   995 D CompositionEngine: writeOutputDependentGeometryStateToHWC layer[cn.missevan/cn.missevan.activity.MainActivity#0] set Z 134217728 miFodLayer 134217728
07-14 18:56:26.313   995   995 D CompositionEngine: writeOutputDependentGeometryStateToHWC layer[#0] set Z 134217729 miFodLayer 134217728
07-14 18:56:26.313   995   995 D CompositionEngine: writeOutputDependentGeometryStateToHWC layer[StatusBar#0] set Z 134217730 miFodLayer 134217728
07-14 18:56:26.313   995   995 D CompositionEngine: writeOutputDependentGeometryStateToHWC layer[RoundCorner#0] set Z 134217731 miFodLayer 134217728
07-14 18:56:26.313   995   995 D CompositionEngine: writeOutputDependentGeometryStateToHWC layer[RoundCorner#1] set Z 134217732 miFodLayer 134217728
07-14 18:56:26.315   601   601 E SELinux : avc:  denied  { find } for pid=4514 uid=10181 name=tethering scontext=u:r:vendor_systemhelper_app:s0:c512,c768 tcontext=u:object_r:tethering_service:s0 tclass=service_manager permissive=0
07-14 18:56:26.324   995   995 D CompositionEngine: writeOutputDependentGeometryStateToHWC layer[cn.missevan/cn.missevan.activity.MainActivity#0] set Z 134217728 miFodLayer 134217728
07-14 18:56:26.324   995   995 D CompositionEngine: writeOutputDependentGeometryStateToHWC layer[#0] set Z 134217729 miFodLayer 134217728
07-14 18:56:26.324   995   995 D CompositionEngine: writeOutputDependentGeometryStateToHWC layer[StatusBar#0] set Z 134217730 miFodLayer 134217728
07-14 18:56:26.324   995   995 D CompositionEngine: writeOutputDependentGeometryStateToHWC layer[RoundCorner#0] set Z 134217731 miFodLayer 134217728
07-14 18:56:26.324   995   995 D CompositionEngine: writeOutputDependentGeometryStateToHWC layer[RoundCorner#1] set Z 134217732 miFodLayer 134217728
07-14 18:56:26.329 25153 25153 W MainActivityViewModel: [main] DownloadFileResolver, Start process local downloaded files!!!
07-14 18:56:26.334 25153 25348 I DownloadFileResolver: [DefaultDispatcher-worker-5] Found downloaded files: 0
07-14 18:56:26.335   995   995 D CompositionEngine: writeOutputDependentGeometryStateToHWC layer[cn.missevan/cn.missevan.activity.MainActivity#0] set Z 134217728 miFodLayer 134217728
07-14 18:56:26.336   995   995 D CompositionEngine: writeOutputDependentGeometryStateToHWC layer[#0] set Z 134217729 miFodLayer 134217728
07-14 18:56:26.336   995   995 D CompositionEngine: writeOutputDependentGeometryStateToHWC layer[StatusBar#0] set Z 134217730 miFodLayer 134217728
07-14 18:56:26.336   995   995 D CompositionEngine: writeOutputDependentGeometryStateToHWC layer[RoundCorner#0] set Z 134217731 miFodLayer 134217728
07-14 18:56:26.336   995   995 D CompositionEngine: writeOutputDependentGeometryStateToHWC layer[RoundCorner#1] set Z 134217732 miFodLayer 134217728
07-14 18:56:26.347   995   995 D CompositionEngine: writeOutputDependentGeometryStateToHWC layer[cn.missevan/cn.missevan.activity.MainActivity#0] set Z 134217728 miFodLayer 134217728
