07-14 18:56:28.151 25153 25153 E cn.missevan: No package ID ff found for ID 0xffffffff.
07-14 18:56:28.178 25153 25153 I chatty  : uid=10837(cn.missevan) identical 6 lines
07-14 18:56:28.178 25153 25153 E cn.missevan: No package ID ff found for ID 0xffffffff.
07-14 18:56:28.189 25153 25153 W ViewPager2Helper: [main] ReplaceSnapHelper success
07-14 18:56:28.190 25153 25153 I Banner  : [main] banner resume loop
07-14 18:56:28.191 25153 25153 I chatty  : uid=10837(cn.missevan) identical 1 line
07-14 18:56:28.191 25153 25153 I Banner  : [main] banner resume loop
07-14 18:56:28.192 25153 25497 D CronetEngine: [thread_background]
07-14 18:56:28.192 25153 25497 D CronetEngine: url: https://static-test.maoercdn.com/coversmini/201412/09/171c5fcde9e2c86220d1075e547fc554163351.jpg?x-oss-process=image/resize,w_310/format,webp
07-14 18:56:28.192 25153 25497 D CronetEngine:  ip: 10.21.251.43
07-14 18:56:28.192 25153 25497 D CronetEngine:  hostResolverProvider:
07-14 18:56:28.192 25153 25497 D CronetEngine:  hostResolveIps: []
07-14 18:56:28.192 25153 25497 D CronetEngine: exception: null
07-14 18:56:28.252 25153 25153 E cn.missevan: No package ID ff found for ID 0xffffffff.
07-14 18:56:28.291 25153 25153 I chatty  : uid=10837(cn.missevan) identical 10 lines
07-14 18:56:28.292 25153 25153 E cn.missevan: No package ID ff found for ID 0xffffffff.
07-14 18:56:28.298 25153 25497 D CronetEngine: [thread_background]
07-14 18:56:28.298 25153 25497 D CronetEngine: url: https://static-test.maoercdn.com/coversmini/201411/04/20dcf6f4875c50fdbd6d1d13640073f9115420.jpg?x-oss-process=image/resize,w_310/format,webp
07-14 18:56:28.298 25153 25497 D CronetEngine:  ip: 10.21.251.43
07-14 18:56:28.298 25153 25497 D CronetEngine:  hostResolverProvider:
07-14 18:56:28.298 25153 25497 D CronetEngine:  hostResolveIps: []
07-14 18:56:28.298 25153 25497 D CronetEngine: exception: null
07-14 18:56:28.302 25153 25497 D CronetEngine: [thread_background]
07-14 18:56:28.302 25153 25497 D CronetEngine: url: https://static-test.maoercdn.com/coversmini/201512/26/ab60a0bfd43b932ea0ec3104e8dfe8d4175214.jpg?x-oss-process=image/resize,w_310/format,webp
07-14 18:56:28.302 25153 25497 D CronetEngine:  ip: 10.21.251.43
07-14 18:56:28.302 25153 25497 D CronetEngine:  hostResolverProvider:
07-14 18:56:28.302 25153 25497 D CronetEngine:  hostResolveIps: []
07-14 18:56:28.302 25153 25497 D CronetEngine: exception: null
07-14 18:56:28.305 25153 25497 D CronetEngine: [thread_background]
07-14 18:56:28.305 25153 25497 D CronetEngine: url: https://static-test.maoercdn.com/coversmini/201501/09/e0a8bf802cf065403aa9c522440e9fd3154657.png?x-oss-process=image/resize,w_310/format,webp
07-14 18:56:28.305 25153 25497 D CronetEngine:  ip: 10.21.251.43
07-14 18:56:28.305 25153 25497 D CronetEngine:  hostResolverProvider:
07-14 18:56:28.305 25153 25497 D CronetEngine:  hostResolveIps: []
07-14 18:56:28.305 25153 25497 D CronetEngine: exception: null
07-14 18:56:28.309 25153 25153 W Glide   : Load failed for https://static-test.maoercdn.com/coversmini/201409/18/9aad329c7ebf1c647ada596e0a769d40120346.jpeg with size [310x310]
07-14 18:56:28.309 25153 25153 W Glide   : class com.bumptech.glide.load.a.q: Failed to load resource
07-14 18:56:28.309 25153 25153 W Glide   : There was 1 root cause:
07-14 18:56:28.309 25153 25153 W Glide   : com.bumptech.glide.load.e(, status code: 404)
07-14 18:56:28.309 25153 25153 W Glide   :  call GlideException#logRootCauses(String) for more detail
07-14 18:56:28.309 25153 25153 W Glide   :   Cause (1 of 1): class com.bumptech.glide.load.a.q: Fetching data failed, class java.io.InputStream, REMOTE
07-14 18:56:28.309 25153 25153 W Glide   : There was 1 root cause:
07-14 18:56:28.309 25153 25153 W Glide   : com.bumptech.glide.load.e(, status code: 404)
07-14 18:56:28.309 25153 25153 W Glide   :  call GlideException#logRootCauses(String) for more detail
07-14 18:56:28.309 25153 25153 W Glide   :     Cause (1 of 1): class com.bumptech.glide.load.e: , status code: 404
07-14 18:56:28.309 25153 25153 I Glide   : Root cause (1 of 1)
07-14 18:56:28.309 25153 25153 I Glide   : com.bumptech.glide.load.e: , status code: 404
07-14 18:56:28.309 25153 25153 I Glide   : 	at com.bumptech.glide.integration.okhttp3.b.onResponse(SourceFile:71)
07-14 18:56:28.309 25153 25153 I Glide   : 	at okhttp3.ac$a.execute(SourceFile:221)
07-14 18:56:28.309 25153 25153 I Glide   : 	at okhttp3.internal.b.run(SourceFile:32)
07-14 18:56:28.309 25153 25153 I Glide   : 	at java.util.concurrent.ThreadPoolExecutor.runWorker(ThreadPoolExecutor.java:1167)
07-14 18:56:28.309 25153 25153 I Glide   : 	at java.util.concurrent.ThreadPoolExecutor$Worker.run(ThreadPoolExecutor.java:641)
07-14 18:56:28.309 25153 25153 I Glide   : 	at java.lang.Thread.run(Thread.java:923)
07-14 18:56:28.310 25153 25153 W Glide   : Load failed for https://static-test.maoercdn.com/coversmini/201410/06/473132973052de90073b6f1772afe588212640.jpg with size [310x310]
07-14 18:56:28.310 25153 25153 W Glide   : class com.bumptech.glide.load.a.q: Failed to load resource
07-14 18:56:28.310 25153 25153 W Glide   : There was 1 root cause:
07-14 18:56:28.310 25153 25153 W Glide   : com.bumptech.glide.load.e(, status code: 404)
07-14 18:56:28.310 25153 25153 W Glide   :  call GlideException#logRootCauses(String) for more detail
07-14 18:56:28.310 25153 25153 W Glide   :   Cause (1 of 1): class com.bumptech.glide.load.a.q: Fetching data failed, class java.io.InputStream, REMOTE
07-14 18:56:28.310 25153 25153 W Glide   : There was 1 root cause:
07-14 18:56:28.310 25153 25153 W Glide   : com.bumptech.glide.load.e(, status code: 404)
07-14 18:56:28.310 25153 25153 W Glide   :  call GlideException#logRootCauses(String) for more detail
07-14 18:56:28.310 25153 25153 W Glide   :     Cause (1 of 1): class com.bumptech.glide.load.e: , status code: 404
07-14 18:56:28.310 25153 25153 I Glide   : Root cause (1 of 1)
07-14 18:56:28.310 25153 25153 I Glide   : com.bumptech.glide.load.e: , status code: 404
07-14 18:56:28.310 25153 25153 I Glide   : 	at com.bumptech.glide.integration.okhttp3.b.onResponse(SourceFile:71)
07-14 18:56:28.310 25153 25153 I Glide   : 	at okhttp3.ac$a.execute(SourceFile:221)
07-14 18:56:28.310 25153 25153 I Glide   : 	at okhttp3.internal.b.run(SourceFile:32)
07-14 18:56:28.310 25153 25153 I Glide   : 	at java.util.concurrent.ThreadPoolExecutor.runWorker(ThreadPoolExecutor.java:1167)
07-14 18:56:28.310 25153 25153 I Glide   : 	at java.util.concurrent.ThreadPoolExecutor$Worker.run(ThreadPoolExecutor.java:641)
07-14 18:56:28.310 25153 25153 I Glide   : 	at java.lang.Thread.run(Thread.java:923)
07-14 18:56:28.311 25153 25153 W Glide   : Load failed for https://static-test.maoercdn.com/coversmini/201611/28/0001bd32554e279b2acd7c0f3f089c03163225.jpg with size [310x310]
07-14 18:56:28.311 25153 25153 W Glide   : class com.bumptech.glide.load.a.q: Failed to load resource
07-14 18:56:28.311 25153 25153 W Glide   : There was 1 root cause:
07-14 18:56:28.311 25153 25153 W Glide   : com.bumptech.glide.load.e(, status code: 404)
07-14 18:56:28.311 25153 25153 W Glide   :  call GlideException#logRootCauses(String) for more detail
07-14 18:56:28.311 25153 25153 W Glide   :   Cause (1 of 1): class com.bumptech.glide.load.a.q: Fetching data failed, class java.io.InputStream, REMOTE
07-14 18:56:28.311 25153 25153 W Glide   : There was 1 root cause:
07-14 18:56:28.311 25153 25153 W Glide   : com.bumptech.glide.load.e(, status code: 404)
07-14 18:56:28.311 25153 25153 W Glide   :  call GlideException#logRootCauses(String) for more detail
07-14 18:56:28.311 25153 25153 W Glide   :     Cause (1 of 1): class com.bumptech.glide.load.e: , status code: 404
07-14 18:56:28.311 25153 25153 I Glide   : Root cause (1 of 1)
07-14 18:56:28.311 25153 25153 I Glide   : com.bumptech.glide.load.e: , status code: 404
07-14 18:56:28.311 25153 25153 I Glide   : 	at com.bumptech.glide.integration.okhttp3.b.onResponse(SourceFile:71)
07-14 18:56:28.311 25153 25153 I Glide   : 	at okhttp3.ac$a.execute(SourceFile:221)
07-14 18:56:28.311 25153 25153 I Glide   : 	at okhttp3.internal.b.run(SourceFile:32)
07-14 18:56:28.311 25153 25153 I Glide   : 	at java.util.concurrent.ThreadPoolExecutor.runWorker(ThreadPoolExecutor.java:1167)
07-14 18:56:28.311 25153 25153 I Glide   : 	at java.util.concurrent.ThreadPoolExecutor$Worker.run(ThreadPoolExecutor.java:641)
07-14 18:56:28.311 25153 25153 I Glide   : 	at java.lang.Thread.run(Thread.java:923)
07-14 18:56:28.312 25153 25153 W Glide   : Load failed for https://static-test.maoercdn.com/coversmini/201604/15/93f511d4f1793a17c0c927815e7efbc5135406.jpg with size [310x310]
07-14 18:56:28.312 25153 25153 W Glide   : class com.bumptech.glide.load.a.q: Failed to load resource
07-14 18:56:28.312 25153 25153 W Glide   : There was 1 root cause:
07-14 18:56:28.312 25153 25153 W Glide   : com.bumptech.glide.load.e(, status code: 404)
07-14 18:56:28.312 25153 25153 W Glide   :  call GlideException#logRootCauses(String) for more detail
07-14 18:56:28.312 25153 25153 W Glide   :   Cause (1 of 1): class com.bumptech.glide.load.a.q: Fetching data failed, class java.io.InputStream, REMOTE
07-14 18:56:28.312 25153 25153 W Glide   : There was 1 root cause:
07-14 18:56:28.312 25153 25153 W Glide   : com.bumptech.glide.load.e(, status code: 404)
07-14 18:56:28.312 25153 25153 W Glide   :  call GlideException#logRootCauses(String) for more detail
07-14 18:56:28.312 25153 25153 W Glide   :     Cause (1 of 1): class com.bumptech.glide.load.e: , status code: 404
07-14 18:56:28.312 25153 25153 I Glide   : Root cause (1 of 1)
07-14 18:56:28.312 25153 25153 I Glide   : com.bumptech.glide.load.e: , status code: 404
07-14 18:56:28.312 25153 25153 I Glide   : 	at com.bumptech.glide.integration.okhttp3.b.onResponse(SourceFile:71)
07-14 18:56:28.312 25153 25153 I Glide   : 	at okhttp3.ac$a.execute(SourceFile:221)
07-14 18:56:28.312 25153 25153 I Glide   : 	at okhttp3.internal.b.run(SourceFile:32)
07-14 18:56:28.312 25153 25153 I Glide   : 	at java.util.concurrent.ThreadPoolExecutor.runWorker(ThreadPoolExecutor.java:1167)
07-14 18:56:28.312 25153 25153 I Glide   : 	at java.util.concurrent.ThreadPoolExecutor$Worker.run(ThreadPoolExecutor.java:641)
07-14 18:56:28.312 25153 25153 I Glide   : 	at java.lang.Thread.run(Thread.java:923)
07-14 18:56:28.313 25153 25153 W Glide   : Load failed for https://static-test.maoercdn.com/coversmini/201412/09/171c5fcde9e2c86220d1075e547fc554163351.jpg with size [310x310]
07-14 18:56:28.313 25153 25153 W Glide   : class com.bumptech.glide.load.a.q: Failed to load resource
07-14 18:56:28.313 25153 25153 W Glide   : There was 1 root cause:
07-14 18:56:28.313 25153 25153 W Glide   : com.bumptech.glide.load.e(, status code: 404)
07-14 18:56:28.313 25153 25153 W Glide   :  call GlideException#logRootCauses(String) for more detail
07-14 18:56:28.313 25153 25153 W Glide   :   Cause (1 of 1): class com.bumptech.glide.load.a.q: Fetching data failed, class java.io.InputStream, REMOTE
07-14 18:56:28.313 25153 25153 W Glide   : There was 1 root cause:
07-14 18:56:28.313 25153 25153 W Glide   : com.bumptech.glide.load.e(, status code: 404)
07-14 18:56:28.313 25153 25153 W Glide   :  call GlideException#logRootCauses(String) for more detail
07-14 18:56:28.313 25153 25153 W Glide   :     Cause (1 of 1): class com.bumptech.glide.load.e: , status code: 404
07-14 18:56:28.313 25153 25153 I Glide   : Root cause (1 of 1)
07-14 18:56:28.313 25153 25153 I Glide   : com.bumptech.glide.load.e: , status code: 404
07-14 18:56:28.313 25153 25153 I Glide   : 	at com.bumptech.glide.integration.okhttp3.b.onResponse(SourceFile:71)
07-14 18:56:28.313 25153 25153 I Glide   : 	at okhttp3.ac$a.execute(SourceFile:221)
07-14 18:56:28.313 25153 25153 I Glide   : 	at okhttp3.internal.b.run(SourceFile:32)
07-14 18:56:28.313 25153 25153 I Glide   : 	at java.util.concurrent.ThreadPoolExecutor.runWorker(ThreadPoolExecutor.java:1167)
07-14 18:56:28.313 25153 25153 I Glide   : 	at java.util.concurrent.ThreadPoolExecutor$Worker.run(ThreadPoolExecutor.java:641)
07-14 18:56:28.313 25153 25153 I Glide   : 	at java.lang.Thread.run(Thread.java:923)
07-14 18:56:28.321 25153 25153 W Glide   : Load failed for https://static-test.maoercdn.com/coversmini/201411/04/20dcf6f4875c50fdbd6d1d13640073f9115420.jpg with size [310x310]
07-14 18:56:28.321 25153 25153 W Glide   : class com.bumptech.glide.load.a.q: Failed to load resource
07-14 18:56:28.321 25153 25153 W Glide   : There was 1 root cause:
07-14 18:56:28.321 25153 25153 W Glide   : com.bumptech.glide.load.e(, status code: 404)
07-14 18:56:28.321 25153 25153 W Glide   :  call GlideException#logRootCauses(String) for more detail
07-14 18:56:28.321 25153 25153 W Glide   :   Cause (1 of 1): class com.bumptech.glide.load.a.q: Fetching data failed, class java.io.InputStream, REMOTE
07-14 18:56:28.321 25153 25153 W Glide   : There was 1 root cause:
07-14 18:56:28.321 25153 25153 W Glide   : com.bumptech.glide.load.e(, status code: 404)
07-14 18:56:28.321 25153 25153 W Glide   :  call GlideException#logRootCauses(String) for more detail
07-14 18:56:28.321 25153 25153 W Glide   :     Cause (1 of 1): class com.bumptech.glide.load.e: , status code: 404
07-14 18:56:28.322 25153 25153 I Glide   : Root cause (1 of 1)
07-14 18:56:28.322 25153 25153 I Glide   : com.bumptech.glide.load.e: , status code: 404
07-14 18:56:28.322 25153 25153 I Glide   : 	at com.bumptech.glide.integration.okhttp3.b.onResponse(SourceFile:71)
07-14 18:56:28.322 25153 25153 I Glide   : 	at okhttp3.ac$a.execute(SourceFile:221)
07-14 18:56:28.322 25153 25153 I Glide   : 	at okhttp3.internal.b.run(SourceFile:32)
07-14 18:56:28.322 25153 25153 I Glide   : 	at java.util.concurrent.ThreadPoolExecutor.runWorker(ThreadPoolExecutor.java:1167)
07-14 18:56:28.322 25153 25153 I Glide   : 	at java.util.concurrent.ThreadPoolExecutor$Worker.run(ThreadPoolExecutor.java:641)
07-14 18:56:28.322 25153 25153 I Glide   : 	at java.lang.Thread.run(Thread.java:923)
07-14 18:56:28.322 25153 25153 W Glide   : Load failed for https://static-test.maoercdn.com/coversmini/201501/09/e0a8bf802cf065403aa9c522440e9fd3154657.png with size [310x310]
07-14 18:56:28.322 25153 25153 W Glide   : class com.bumptech.glide.load.a.q: Failed to load resource
07-14 18:56:28.322 25153 25153 W Glide   : There was 1 root cause:
07-14 18:56:28.322 25153 25153 W Glide   : com.bumptech.glide.load.e(, status code: 404)
07-14 18:56:28.322 25153 25153 W Glide   :  call GlideException#logRootCauses(String) for more detail
07-14 18:56:28.322 25153 25153 W Glide   :   Cause (1 of 1): class com.bumptech.glide.load.a.q: Fetching data failed, class java.io.InputStream, REMOTE
07-14 18:56:28.322 25153 25153 W Glide   : There was 1 root cause:
07-14 18:56:28.322 25153 25153 W Glide   : com.bumptech.glide.load.e(, status code: 404)
07-14 18:56:28.322 25153 25153 W Glide   :  call GlideException#logRootCauses(String) for more detail
07-14 18:56:28.322 25153 25153 W Glide   :     Cause (1 of 1): class com.bumptech.glide.load.e: , status code: 404
07-14 18:56:28.322 25153 25153 I Glide   : Root cause (1 of 1)
07-14 18:56:28.322 25153 25153 I Glide   : com.bumptech.glide.load.e: , status code: 404
07-14 18:56:28.322 25153 25153 I Glide   : 	at com.bumptech.glide.integration.okhttp3.b.onResponse(SourceFile:71)
07-14 18:56:28.322 25153 25153 I Glide   : 	at okhttp3.ac$a.execute(SourceFile:221)
07-14 18:56:28.322 25153 25153 I Glide   : 	at okhttp3.internal.b.run(SourceFile:32)
07-14 18:56:28.322 25153 25153 I Glide   : 	at java.util.concurrent.ThreadPoolExecutor.runWorker(ThreadPoolExecutor.java:1167)
07-14 18:56:28.322 25153 25153 I Glide   : 	at java.util.concurrent.ThreadPoolExecutor$Worker.run(ThreadPoolExecutor.java:641)
07-14 18:56:28.322 25153 25153 I Glide   : 	at java.lang.Thread.run(Thread.java:923)
07-14 18:56:28.322 25153 25153 W Glide   : Load failed for https://static-test.maoercdn.com/coversmini/201512/26/ab60a0bfd43b932ea0ec3104e8dfe8d4175214.jpg with size [310x310]
07-14 18:56:28.322 25153 25153 W Glide   : class com.bumptech.glide.load.a.q: Failed to load resource
07-14 18:56:28.322 25153 25153 W Glide   : There was 1 root cause:
07-14 18:56:28.322 25153 25153 W Glide   : com.bumptech.glide.load.e(, status code: 404)
07-14 18:56:28.322 25153 25153 W Glide   :  call GlideException#logRootCauses(String) for more detail
07-14 18:56:28.322 25153 25153 W Glide   :   Cause (1 of 1): class com.bumptech.glide.load.a.q: Fetching data failed, class java.io.InputStream, REMOTE
07-14 18:56:28.322 25153 25153 W Glide   : There was 1 root cause:
07-14 18:56:28.322 25153 25153 W Glide   : com.bumptech.glide.load.e(, status code: 404)
07-14 18:56:28.322 25153 25153 W Glide   :  call GlideException#logRootCauses(String) for more detail
07-14 18:56:28.322 25153 25153 W Glide   :     Cause (1 of 1): class com.bumptech.glide.load.e: , status code: 404
07-14 18:56:28.322 25153 25153 I Glide   : Root cause (1 of 1)
07-14 18:56:28.322 25153 25153 I Glide   : com.bumptech.glide.load.e: , status code: 404
07-14 18:56:28.322 25153 25153 I Glide   : 	at com.bumptech.glide.integration.okhttp3.b.onResponse(SourceFile:71)
07-14 18:56:28.322 25153 25153 I Glide   : 	at okhttp3.ac$a.execute(SourceFile:221)
07-14 18:56:28.322 25153 25153 I Glide   : 	at okhttp3.internal.b.run(SourceFile:32)
07-14 18:56:28.322 25153 25153 I Glide   : 	at java.util.concurrent.ThreadPoolExecutor.runWorker(ThreadPoolExecutor.java:1167)
07-14 18:56:28.322 25153 25153 I Glide   : 	at java.util.concurrent.ThreadPoolExecutor$Worker.run(ThreadPoolExecutor.java:641)
07-14 18:56:28.322 25153 25153 I Glide   : 	at java.lang.Thread.run(Thread.java:923)
07-14 18:56:28.323   601   601 E SELinux : avc:  denied  { find } for pid=4514 uid=10181 name=tethering scontext=u:r:vendor_systemhelper_app:s0:c512,c768 tcontext=u:object_r:tethering_service:s0 tclass=service_manager permissive=0
07-14 18:56:28.325 25153 25497 D CronetEngine: [thread_background]
07-14 18:56:28.325 25153 25497 D CronetEngine: url: https://static-test.maoercdn.com/coversmini/202103/04/56902e2674a318d3216d0e81e731373e165624.jpg?x-oss-process=image/resize,w_310/format,webp
07-14 18:56:28.325 25153 25497 D CronetEngine:  ip: 10.21.251.43
07-14 18:56:28.325 25153 25497 D CronetEngine:  hostResolverProvider:
07-14 18:56:28.325 25153 25497 D CronetEngine:  hostResolveIps: []
07-14 18:56:28.325 25153 25497 D CronetEngine: exception: null
07-14 18:56:28.325 25153 25497 D CronetEngine: [thread_background]
07-14 18:56:28.325 25153 25497 D CronetEngine: url: https://static-test.maoercdn.com/coversmini/201507/11/fa51ce9e96e3c40e91e1a2edde1ec1d5145842.jpg?x-oss-process=image/resize,w_310/format,webp
07-14 18:56:28.325 25153 25497 D CronetEngine:  ip: 10.21.251.43
07-14 18:56:28.325 25153 25497 D CronetEngine:  hostResolverProvider:
07-14 18:56:28.325 25153 25497 D CronetEngine:  hostResolveIps: []
07-14 18:56:28.325 25153 25497 D CronetEngine: exception: null
07-14 18:56:28.331 25153 25153 W Glide   : Load failed for https://static-test.maoercdn.com/coversmini/201507/11/fa51ce9e96e3c40e91e1a2edde1ec1d5145842.jpg with size [310x310]
07-14 18:56:28.331 25153 25153 W Glide   : class com.bumptech.glide.load.a.q: Failed to load resource
07-14 18:56:28.331 25153 25153 W Glide   : There was 1 root cause:
07-14 18:56:28.331 25153 25153 W Glide   : com.bumptech.glide.load.e(, status code: 404)
07-14 18:56:28.331 25153 25153 W Glide   :  call GlideException#logRootCauses(String) for more detail
07-14 18:56:28.331 25153 25153 W Glide   :   Cause (1 of 1): class com.bumptech.glide.load.a.q: Fetching data failed, class java.io.InputStream, REMOTE
07-14 18:56:28.331 25153 25153 W Glide   : There was 1 root cause:
07-14 18:56:28.331 25153 25153 W Glide   : com.bumptech.glide.load.e(, status code: 404)
07-14 18:56:28.331 25153 25153 W Glide   :  call GlideException#logRootCauses(String) for more detail
07-14 18:56:28.331 25153 25153 W Glide   :     Cause (1 of 1): class com.bumptech.glide.load.e: , status code: 404
07-14 18:56:28.331 25153 25153 I Glide   : Root cause (1 of 1)
07-14 18:56:28.331 25153 25153 I Glide   : com.bumptech.glide.load.e: , status code: 404
07-14 18:56:28.331 25153 25153 I Glide   : 	at com.bumptech.glide.integration.okhttp3.b.onResponse(SourceFile:71)
07-14 18:56:28.331 25153 25153 I Glide   : 	at okhttp3.ac$a.execute(SourceFile:221)
07-14 18:56:28.331 25153 25153 I Glide   : 	at okhttp3.internal.b.run(SourceFile:32)
07-14 18:56:28.331 25153 25153 I Glide   : 	at java.util.concurrent.ThreadPoolExecutor.runWorker(ThreadPoolExecutor.java:1167)
07-14 18:56:28.331 25153 25153 I Glide   : 	at java.util.concurrent.ThreadPoolExecutor$Worker.run(ThreadPoolExecutor.java:641)
07-14 18:56:28.331 25153 25153 I Glide   : 	at java.lang.Thread.run(Thread.java:923)
07-14 18:56:28.410 25153 25497 D CronetEngine: [thread_background]
07-14 18:56:28.410 25153 25497 D CronetEngine: url: http://static-test.missevan.com/dramacoversmini/202011/24/0e6d4dd27ec7c9da18a79cf3cda5d7aa151717.jpg?x-oss-process=image/resize,w_248/format,webp
07-14 18:56:28.410 25153 25497 D CronetEngine:  ip: 10.21.251.43
07-14 18:56:28.410 25153 25497 D CronetEngine:  hostResolverProvider:
07-14 18:56:28.410 25153 25497 D CronetEngine:  hostResolveIps: []
07-14 18:56:28.410 25153 25497 D CronetEngine: exception: null
07-14 18:56:28.411 25153 25153 W Glide   : Load failed for http://static-test.missevan.com/dramacoversmini/202011/24/0e6d4dd27ec7c9da18a79cf3cda5d7aa151717.jpg with size [248x248]
07-14 18:56:28.411 25153 25153 W Glide   : class com.bumptech.glide.load.a.q: Failed to load resource
07-14 18:56:28.411 25153 25153 W Glide   : There was 1 root cause:
07-14 18:56:28.411 25153 25153 W Glide   : com.bumptech.glide.load.e(Not Found, status code: 404)
07-14 18:56:28.411 25153 25153 W Glide   :  call GlideException#logRootCauses(String) for more detail
07-14 18:56:28.411 25153 25153 W Glide   :   Cause (1 of 1): class com.bumptech.glide.load.a.q: Fetching data failed, class java.io.InputStream, REMOTE
07-14 18:56:28.411 25153 25153 W Glide   : There was 1 root cause:
07-14 18:56:28.411 25153 25153 W Glide   : com.bumptech.glide.load.e(Not Found, status code: 404)
07-14 18:56:28.411 25153 25153 W Glide   :  call GlideException#logRootCauses(String) for more detail
07-14 18:56:28.411 25153 25153 W Glide   :     Cause (1 of 1): class com.bumptech.glide.load.e: Not Found, status code: 404
07-14 18:56:28.412 25153 25153 I Glide   : Root cause (1 of 1)
07-14 18:56:28.412 25153 25153 I Glide   : com.bumptech.glide.load.e: Not Found, status code: 404
07-14 18:56:28.412 25153 25153 I Glide   : 	at com.bumptech.glide.integration.okhttp3.b.onResponse(SourceFile:71)
07-14 18:56:28.412 25153 25153 I Glide   : 	at okhttp3.ac$a.execute(SourceFile:221)
07-14 18:56:28.412 25153 25153 I Glide   : 	at okhttp3.internal.b.run(SourceFile:32)
07-14 18:56:28.412 25153 25153 I Glide   : 	at java.util.concurrent.ThreadPoolExecutor.runWorker(ThreadPoolExecutor.java:1167)
07-14 18:56:28.412 25153 25153 I Glide   : 	at java.util.concurrent.ThreadPoolExecutor$Worker.run(ThreadPoolExecutor.java:641)
07-14 18:56:28.412 25153 25153 I Glide   : 	at java.lang.Thread.run(Thread.java:923)
07-14 18:56:28.418 25153 25497 D CronetEngine: [thread_background]
07-14 18:56:28.418 25153 25497 D CronetEngine: url: http://static-test.missevan.com/dramacoversmini/201604/20/4ee0abe42a28ebac1ef8e3a0eda0daa0150201.jpg?x-oss-process=image/resize,w_248/format,webp
07-14 18:56:28.418 25153 25497 D CronetEngine:  ip: 10.21.251.43
07-14 18:56:28.418 25153 25497 D CronetEngine:  hostResolverProvider:
07-14 18:56:28.418 25153 25497 D CronetEngine:  hostResolveIps: []
07-14 18:56:28.418 25153 25497 D CronetEngine: exception: null
07-14 18:56:28.424 25153 25153 W Glide   : Load failed for http://static-test.missevan.com/dramacoversmini/201604/20/4ee0abe42a28ebac1ef8e3a0eda0daa0150201.jpg with size [248x248]
07-14 18:56:28.424 25153 25153 W Glide   : class com.bumptech.glide.load.a.q: Failed to load resource
07-14 18:56:28.424 25153 25153 W Glide   : There was 1 root cause:
07-14 18:56:28.424 25153 25153 W Glide   : com.bumptech.glide.load.e(Not Found, status code: 404)
07-14 18:56:28.424 25153 25153 W Glide   :  call GlideException#logRootCauses(String) for more detail
07-14 18:56:28.424 25153 25153 W Glide   :   Cause (1 of 1): class com.bumptech.glide.load.a.q: Fetching data failed, class java.io.InputStream, REMOTE
07-14 18:56:28.424 25153 25153 W Glide   : There was 1 root cause:
07-14 18:56:28.424 25153 25153 W Glide   : com.bumptech.glide.load.e(Not Found, status code: 404)
07-14 18:56:28.424 25153 25153 W Glide   :  call GlideException#logRootCauses(String) for more detail
07-14 18:56:28.424 25153 25153 W Glide   :     Cause (1 of 1): class com.bumptech.glide.load.e: Not Found, status code: 404
07-14 18:56:28.424 25153 25153 I Glide   : Root cause (1 of 1)
07-14 18:56:28.424 25153 25153 I Glide   : com.bumptech.glide.load.e: Not Found, status code: 404
07-14 18:56:28.424 25153 25153 I Glide   : 	at com.bumptech.glide.integration.okhttp3.b.onResponse(SourceFile:71)
07-14 18:56:28.424 25153 25153 I Glide   : 	at okhttp3.ac$a.execute(SourceFile:221)
07-14 18:56:28.424 25153 25153 I Glide   : 	at okhttp3.internal.b.run(SourceFile:32)
07-14 18:56:28.424 25153 25153 I Glide   : 	at java.util.concurrent.ThreadPoolExecutor.runWorker(ThreadPoolExecutor.java:1167)
07-14 18:56:28.424 25153 25153 I Glide   : 	at java.util.concurrent.ThreadPoolExecutor$Worker.run(ThreadPoolExecutor.java:641)
07-14 18:56:28.424 25153 25153 I Glide   : 	at java.lang.Thread.run(Thread.java:923)
07-14 18:56:28.425  4431 23449 W MiuiPerfServiceClient: interceptAndQueuing:25153|cn.missevan|634|167|unknown|null|cn.missevan/cn.missevan.activity.MainActivity|115761506474380|Slow handle traversal|9
07-14 18:56:28.425  4431 23449 I com.miui.daemo: oneway function results will be dropped but finished with status OK and parcel size 4
07-14 18:56:28.431 25153 25497 D CronetEngine: [thread_background]
07-14 18:56:28.431 25153 25497 D CronetEngine: url: http://static-test.missevan.com/dramacoversmini/201605/01/0a6ca0ceeb612fbf29d7ea609b171bcf061022.jpg?x-oss-process=image/resize,w_310/format,webp
07-14 18:56:28.431 25153 25497 D CronetEngine:  ip: 10.21.251.43
07-14 18:56:28.431 25153 25497 D CronetEngine:  hostResolverProvider:
07-14 18:56:28.431 25153 25497 D CronetEngine:  hostResolveIps: []
07-14 18:56:28.431 25153 25497 D CronetEngine: exception: null
07-14 18:56:28.435 25153 25153 W Glide   : Load failed for http://static-test.missevan.com/dramacoversmini/201605/01/0a6ca0ceeb612fbf29d7ea609b171bcf061022.jpg with size [310x310]
07-14 18:56:28.435 25153 25153 W Glide   : class com.bumptech.glide.load.a.q: Failed to load resource
07-14 18:56:28.435 25153 25153 W Glide   : There was 1 root cause:
07-14 18:56:28.435 25153 25153 W Glide   : com.bumptech.glide.load.e(Not Found, status code: 404)
07-14 18:56:28.435 25153 25153 W Glide   :  call GlideException#logRootCauses(String) for more detail
07-14 18:56:28.435 25153 25153 W Glide   :   Cause (1 of 1): class com.bumptech.glide.load.a.q: Fetching data failed, class java.io.InputStream, REMOTE
07-14 18:56:28.435 25153 25153 W Glide   : There was 1 root cause:
07-14 18:56:28.435 25153 25153 W Glide   : com.bumptech.glide.load.e(Not Found, status code: 404)
07-14 18:56:28.435 25153 25153 W Glide   :  call GlideException#logRootCauses(String) for more detail
07-14 18:56:28.435 25153 25153 W Glide   :     Cause (1 of 1): class com.bumptech.glide.load.e: Not Found, status code: 404
07-14 18:56:28.435 25153 25153 I Glide   : Root cause (1 of 1)
07-14 18:56:28.435 25153 25153 I Glide   : com.bumptech.glide.load.e: Not Found, status code: 404
07-14 18:56:28.435 25153 25153 I Glide   : 	at com.bumptech.glide.integration.okhttp3.b.onResponse(SourceFile:71)
07-14 18:56:28.435 25153 25153 I Glide   : 	at okhttp3.ac$a.execute(SourceFile:221)
07-14 18:56:28.435 25153 25153 I Glide   : 	at okhttp3.internal.b.run(SourceFile:32)
07-14 18:56:28.435 25153 25153 I Glide   : 	at java.util.concurrent.ThreadPoolExecutor.runWorker(ThreadPoolExecutor.java:1167)
07-14 18:56:28.435 25153 25153 I Glide   : 	at java.util.concurrent.ThreadPoolExecutor$Worker.run(ThreadPoolExecutor.java:641)
07-14 18:56:28.435 25153 25153 I Glide   : 	at java.lang.Thread.run(Thread.java:923)
07-14 18:56:28.436 25153 25153 W Glide   : Load failed for http://static-test.missevan.com/dramacoversmini/201605/01/0a6ca0ceeb612fbf29d7ea609b171bcf061022.jpg with size [310x310]
07-14 18:56:28.436 25153 25153 W Glide   : class com.bumptech.glide.load.a.q: Failed to load resource
07-14 18:56:28.436 25153 25153 W Glide   : There was 1 root cause:
07-14 18:56:28.436 25153 25153 W Glide   : com.bumptech.glide.load.e(Not Found, status code: 404)
07-14 18:56:28.436 25153 25153 W Glide   :  call GlideException#logRootCauses(String) for more detail
07-14 18:56:28.436 25153 25153 W Glide   :   Cause (1 of 1): class com.bumptech.glide.load.a.q: Fetching data failed, class java.io.InputStream, REMOTE
07-14 18:56:28.436 25153 25153 W Glide   : There was 1 root cause:
07-14 18:56:28.436 25153 25153 W Glide   : com.bumptech.glide.load.e(Not Found, status code: 404)
07-14 18:56:28.436 25153 25153 W Glide   :  call GlideException#logRootCauses(String) for more detail
07-14 18:56:28.436 25153 25153 W Glide   :     Cause (1 of 1): class com.bumptech.glide.load.e: Not Found, status code: 404
07-14 18:56:28.436 25153 25153 I Glide   : Root cause (1 of 1)
07-14 18:56:28.436 25153 25153 I Glide   : com.bumptech.glide.load.e: Not Found, status code: 404
07-14 18:56:28.436 25153 25153 I Glide   : 	at com.bumptech.glide.integration.okhttp3.b.onResponse(SourceFile:71)
07-14 18:56:28.436 25153 25153 I Glide   : 	at okhttp3.ac$a.execute(SourceFile:221)
07-14 18:56:28.436 25153 25153 I Glide   : 	at okhttp3.internal.b.run(SourceFile:32)
07-14 18:56:28.436 25153 25153 I Glide   : 	at java.util.concurrent.ThreadPoolExecutor.runWorker(ThreadPoolExecutor.java:1167)
07-14 18:56:28.436 25153 25153 I Glide   : 	at java.util.concurrent.ThreadPoolExecutor$Worker.run(ThreadPoolExecutor.java:641)
07-14 18:56:28.436 25153 25153 I Glide   : 	at java.lang.Thread.run(Thread.java:923)
07-14 18:56:28.448 25153 25497 D CronetEngine: [thread_background]
07-14 18:56:28.448 25153 25497 D CronetEngine: url: https://static-test.maoercdn.com/coversmini/201703/24/f4fc64ba0d5752b71ce2786e80b14731234436.jpg?x-oss-process=image/resize,w_310/format,webp
07-14 18:56:28.448 25153 25497 D CronetEngine:  ip: 10.21.251.43
07-14 18:56:28.448 25153 25497 D CronetEngine:  hostResolverProvider:
07-14 18:56:28.448 25153 25497 D CronetEngine:  hostResolveIps: []
07-14 18:56:28.448 25153 25497 D CronetEngine: exception: null
07-14 18:56:28.455 25153 25153 W Glide   : Load failed for https://static-test.maoercdn.com/coversmini/201703/24/f4fc64ba0d5752b71ce2786e80b14731234436.jpg with size [310x310]
07-14 18:56:28.455 25153 25153 W Glide   : class com.bumptech.glide.load.a.q: Failed to load resource
07-14 18:56:28.455 25153 25153 W Glide   : There was 1 root cause:
07-14 18:56:28.455 25153 25153 W Glide   : com.bumptech.glide.load.e(, status code: 404)
07-14 18:56:28.455 25153 25153 W Glide   :  call GlideException#logRootCauses(String) for more detail
07-14 18:56:28.455 25153 25153 W Glide   :   Cause (1 of 1): class com.bumptech.glide.load.a.q: Fetching data failed, class java.io.InputStream, REMOTE
07-14 18:56:28.455 25153 25153 W Glide   : There was 1 root cause:
07-14 18:56:28.455 25153 25153 W Glide   : com.bumptech.glide.load.e(, status code: 404)
07-14 18:56:28.455 25153 25153 W Glide   :  call GlideException#logRootCauses(String) for more detail
07-14 18:56:28.455 25153 25153 W Glide   :     Cause (1 of 1): class com.bumptech.glide.load.e: , status code: 404
07-14 18:56:28.456 25153 25153 I Glide   : Root cause (1 of 1)
07-14 18:56:28.456 25153 25153 I Glide   : com.bumptech.glide.load.e: , status code: 404
07-14 18:56:28.456 25153 25153 I Glide   : 	at com.bumptech.glide.integration.okhttp3.b.onResponse(SourceFile:71)
07-14 18:56:28.456 25153 25153 I Glide   : 	at okhttp3.ac$a.execute(SourceFile:221)
07-14 18:56:28.456 25153 25153 I Glide   : 	at okhttp3.internal.b.run(SourceFile:32)
07-14 18:56:28.456 25153 25153 I Glide   : 	at java.util.concurrent.ThreadPoolExecutor.runWorker(ThreadPoolExecutor.java:1167)
07-14 18:56:28.456 25153 25153 I Glide   : 	at java.util.concurrent.ThreadPoolExecutor$Worker.run(ThreadPoolExecutor.java:641)
07-14 18:56:28.456 25153 25153 I Glide   : 	at java.lang.Thread.run(Thread.java:923)
07-14 18:56:28.458 25153 25497 D CronetEngine: [thread_background]
07-14 18:56:28.458 25153 25497 D CronetEngine: url: http://static-test.missevan.com/dramacoversmini/201912/17/0a305d63ee2aca411413a6241bb71980105648.jpg?x-oss-process=image/resize,w_248/format,webp
07-14 18:56:28.458 25153 25497 D CronetEngine:  ip: 10.21.251.43
07-14 18:56:28.458 25153 25497 D CronetEngine:  hostResolverProvider:
07-14 18:56:28.458 25153 25497 D CronetEngine:  hostResolveIps: []
07-14 18:56:28.458 25153 25497 D CronetEngine: exception: null
07-14 18:56:28.466 25153 25153 W Glide   : Load failed for http://static-test.missevan.com/dramacoversmini/201912/17/0a305d63ee2aca411413a6241bb71980105648.jpg with size [248x248]
07-14 18:56:28.466 25153 25153 W Glide   : class com.bumptech.glide.load.a.q: Failed to load resource
07-14 18:56:28.466 25153 25153 W Glide   : There was 1 root cause:
07-14 18:56:28.466 25153 25153 W Glide   : com.bumptech.glide.load.e(Not Found, status code: 404)
07-14 18:56:28.466 25153 25153 W Glide   :  call GlideException#logRootCauses(String) for more detail
07-14 18:56:28.466 25153 25153 W Glide   :   Cause (1 of 1): class com.bumptech.glide.load.a.q: Fetching data failed, class java.io.InputStream, REMOTE
07-14 18:56:28.466 25153 25153 W Glide   : There was 1 root cause:
07-14 18:56:28.466 25153 25153 W Glide   : com.bumptech.glide.load.e(Not Found, status code: 404)
07-14 18:56:28.466 25153 25153 W Glide   :  call GlideException#logRootCauses(String) for more detail
07-14 18:56:28.466 25153 25153 W Glide   :     Cause (1 of 1): class com.bumptech.glide.load.e: Not Found, status code: 404
07-14 18:56:28.466 25153 25153 I Glide   : Root cause (1 of 1)
07-14 18:56:28.466 25153 25153 I Glide   : com.bumptech.glide.load.e: Not Found, status code: 404
07-14 18:56:28.466 25153 25153 I Glide   : 	at com.bumptech.glide.integration.okhttp3.b.onResponse(SourceFile:71)
07-14 18:56:28.466 25153 25153 I Glide   : 	at okhttp3.ac$a.execute(SourceFile:221)
07-14 18:56:28.466 25153 25153 I Glide   : 	at okhttp3.internal.b.run(SourceFile:32)
07-14 18:56:28.466 25153 25153 I Glide   : 	at java.util.concurrent.ThreadPoolExecutor.runWorker(ThreadPoolExecutor.java:1167)
07-14 18:56:28.466 25153 25153 I Glide   : 	at java.util.concurrent.ThreadPoolExecutor$Worker.run(ThreadPoolExecutor.java:641)
07-14 18:56:28.466 25153 25153 I Glide   : 	at java.lang.Thread.run(Thread.java:923)
07-14 18:56:28.468 25153 25497 D CronetEngine: [thread_background]
07-14 18:56:28.468 25153 25497 D CronetEngine: url: http://static-test.missevan.com/dramacoversmini/201709/07/1f7769e03f2eeafbf233803f7c16b360192304.png?x-oss-process=image/resize,w_310/format,webp
07-14 18:56:28.468 25153 25497 D CronetEngine:  ip: 10.21.251.43
07-14 18:56:28.468 25153 25497 D CronetEngine:  hostResolverProvider:
07-14 18:56:28.468 25153 25497 D CronetEngine:  hostResolveIps: []
07-14 18:56:28.468 25153 25497 D CronetEngine: exception: null
07-14 18:56:28.478 25153 25497 D CronetEngine: [thread_background]
07-14 18:56:28.478 25153 25497 D CronetEngine: url: https://static-test.maoercdn.com/coversmini/201706/08/e6b8d9a16ab6896488bb6aaa3553ce0b112423.png?x-oss-process=image/resize,w_310/format,webp
07-14 18:56:28.478 25153 25497 D CronetEngine:  ip: 10.21.251.43
07-14 18:56:28.478 25153 25497 D CronetEngine:  hostResolverProvider:
07-14 18:56:28.478 25153 25497 D CronetEngine:  hostResolveIps: []
07-14 18:56:28.478 25153 25497 D CronetEngine: exception: null
07-14 18:56:28.479 25153 25497 D CronetEngine: [thread_background]
07-14 18:56:28.479 25153 25497 D CronetEngine: url: https://static-test.maoercdn.com/coversmini/201603/27/2217b1aa0f3031a4f499798c6b8f8886225014.jpg?x-oss-process=image/resize,w_310/format,webp
07-14 18:56:28.479 25153 25497 D CronetEngine:  ip: 10.21.251.43
07-14 18:56:28.479 25153 25497 D CronetEngine:  hostResolverProvider:
07-14 18:56:28.479 25153 25497 D CronetEngine:  hostResolveIps: []
07-14 18:56:28.479 25153 25497 D CronetEngine: exception: null
07-14 18:56:28.480 25153 25497 D CronetEngine: [thread_background]
07-14 18:56:28.480 25153 25497 D CronetEngine: url: https://static-test.maoercdn.com/coversmini/201501/03/7cf292d82b792c1475b1fe0e234d3381204553.jpg?x-oss-process=image/resize,w_310/format,webp
07-14 18:56:28.480 25153 25497 D CronetEngine:  ip: 10.21.251.43
07-14 18:56:28.480 25153 25497 D CronetEngine:  hostResolverProvider:
07-14 18:56:28.480 25153 25497 D CronetEngine:  hostResolveIps: []
07-14 18:56:28.480 25153 25497 D CronetEngine: exception: null
07-14 18:56:28.482 25153 25153 W Glide   : Load failed for http://static-test.missevan.com/dramacoversmini/201709/07/1f7769e03f2eeafbf233803f7c16b360192304.png with size [310x310]
07-14 18:56:28.482 25153 25153 W Glide   : class com.bumptech.glide.load.a.q: Failed to load resource
07-14 18:56:28.482 25153 25153 W Glide   : There was 1 root cause:
07-14 18:56:28.482 25153 25153 W Glide   : com.bumptech.glide.load.e(Not Found, status code: 404)
07-14 18:56:28.482 25153 25153 W Glide   :  call GlideException#logRootCauses(String) for more detail
07-14 18:56:28.482 25153 25153 W Glide   :   Cause (1 of 1): class com.bumptech.glide.load.a.q: Fetching data failed, class java.io.InputStream, REMOTE
07-14 18:56:28.482 25153 25153 W Glide   : There was 1 root cause:
07-14 18:56:28.482 25153 25153 W Glide   : com.bumptech.glide.load.e(Not Found, status code: 404)
07-14 18:56:28.482 25153 25153 W Glide   :  call GlideException#logRootCauses(String) for more detail
07-14 18:56:28.482 25153 25153 W Glide   :     Cause (1 of 1): class com.bumptech.glide.load.e: Not Found, status code: 404
07-14 18:56:28.482 25153 25153 I Glide   : Root cause (1 of 1)
07-14 18:56:28.482 25153 25153 I Glide   : com.bumptech.glide.load.e: Not Found, status code: 404
07-14 18:56:28.482 25153 25153 I Glide   : 	at com.bumptech.glide.integration.okhttp3.b.onResponse(SourceFile:71)
07-14 18:56:28.482 25153 25153 I Glide   : 	at okhttp3.ac$a.execute(SourceFile:221)
07-14 18:56:28.482 25153 25153 I Glide   : 	at okhttp3.internal.b.run(SourceFile:32)
07-14 18:56:28.482 25153 25153 I Glide   : 	at java.util.concurrent.ThreadPoolExecutor.runWorker(ThreadPoolExecutor.java:1167)
07-14 18:56:28.482 25153 25153 I Glide   : 	at java.util.concurrent.ThreadPoolExecutor$Worker.run(ThreadPoolExecutor.java:641)
07-14 18:56:28.482 25153 25153 I Glide   : 	at java.lang.Thread.run(Thread.java:923)
07-14 18:56:28.483 25153 25153 W Glide   : Load failed for http://static-test.missevan.com/dramacoversmini/201709/07/1f7769e03f2eeafbf233803f7c16b360192304.png with size [310x310]
07-14 18:56:28.483 25153 25153 W Glide   : class com.bumptech.glide.load.a.q: Failed to load resource
07-14 18:56:28.483 25153 25153 W Glide   : There was 1 root cause:
07-14 18:56:28.483 25153 25153 W Glide   : com.bumptech.glide.load.e(Not Found, status code: 404)
07-14 18:56:28.483 25153 25153 W Glide   :  call GlideException#logRootCauses(String) for more detail
07-14 18:56:28.483 25153 25153 W Glide   :   Cause (1 of 1): class com.bumptech.glide.load.a.q: Fetching data failed, class java.io.InputStream, REMOTE
07-14 18:56:28.483 25153 25153 W Glide   : There was 1 root cause:
07-14 18:56:28.483 25153 25153 W Glide   : com.bumptech.glide.load.e(Not Found, status code: 404)
07-14 18:56:28.483 25153 25153 W Glide   :  call GlideException#logRootCauses(String) for more detail
07-14 18:56:28.483 25153 25153 W Glide   :     Cause (1 of 1): class com.bumptech.glide.load.e: Not Found, status code: 404
07-14 18:56:28.483 25153 25153 I Glide   : Root cause (1 of 1)
07-14 18:56:28.483 25153 25153 I Glide   : com.bumptech.glide.load.e: Not Found, status code: 404
07-14 18:56:28.483 25153 25153 I Glide   : 	at com.bumptech.glide.integration.okhttp3.b.onResponse(SourceFile:71)
07-14 18:56:28.483 25153 25153 I Glide   : 	at okhttp3.ac$a.execute(SourceFile:221)
07-14 18:56:28.483 25153 25153 I Glide   : 	at okhttp3.internal.b.run(SourceFile:32)
07-14 18:56:28.483 25153 25153 I Glide   : 	at java.util.concurrent.ThreadPoolExecutor.runWorker(ThreadPoolExecutor.java:1167)
07-14 18:56:28.483 25153 25153 I Glide   : 	at java.util.concurrent.ThreadPoolExecutor$Worker.run(ThreadPoolExecutor.java:641)
07-14 18:56:28.483 25153 25153 I Glide   : 	at java.lang.Thread.run(Thread.java:923)
07-14 18:56:28.484 25153 25153 W Glide   : Load failed for https://static-test.maoercdn.com/coversmini/201706/08/e6b8d9a16ab6896488bb6aaa3553ce0b112423.png with size [310x310]
07-14 18:56:28.484 25153 25153 W Glide   : class com.bumptech.glide.load.a.q: Failed to load resource
07-14 18:56:28.484 25153 25153 W Glide   : There was 1 root cause:
07-14 18:56:28.484 25153 25153 W Glide   : com.bumptech.glide.load.e(, status code: 404)
07-14 18:56:28.484 25153 25153 W Glide   :  call GlideException#logRootCauses(String) for more detail
07-14 18:56:28.484 25153 25153 W Glide   :   Cause (1 of 1): class com.bumptech.glide.load.a.q: Fetching data failed, class java.io.InputStream, REMOTE
07-14 18:56:28.484 25153 25153 W Glide   : There was 1 root cause:
07-14 18:56:28.484 25153 25153 W Glide   : com.bumptech.glide.load.e(, status code: 404)
07-14 18:56:28.484 25153 25153 W Glide   :  call GlideException#logRootCauses(String) for more detail
07-14 18:56:28.484 25153 25153 W Glide   :     Cause (1 of 1): class com.bumptech.glide.load.e: , status code: 404
07-14 18:56:28.485 25153 25153 I Glide   : Root cause (1 of 1)
07-14 18:56:28.485 25153 25153 I Glide   : com.bumptech.glide.load.e: , status code: 404
07-14 18:56:28.485 25153 25153 I Glide   : 	at com.bumptech.glide.integration.okhttp3.b.onResponse(SourceFile:71)
07-14 18:56:28.485 25153 25153 I Glide   : 	at okhttp3.ac$a.execute(SourceFile:221)
07-14 18:56:28.485 25153 25153 I Glide   : 	at okhttp3.internal.b.run(SourceFile:32)
07-14 18:56:28.485 25153 25153 I Glide   : 	at java.util.concurrent.ThreadPoolExecutor.runWorker(ThreadPoolExecutor.java:1167)
07-14 18:56:28.485 25153 25153 I Glide   : 	at java.util.concurrent.ThreadPoolExecutor$Worker.run(ThreadPoolExecutor.java:641)
07-14 18:56:28.485 25153 25153 I Glide   : 	at java.lang.Thread.run(Thread.java:923)
07-14 18:56:28.485 25153 25153 W Glide   : Load failed for https://static-test.maoercdn.com/coversmini/201501/03/7cf292d82b792c1475b1fe0e234d3381204553.jpg with size [310x310]
07-14 18:56:28.485 25153 25153 W Glide   : class com.bumptech.glide.load.a.q: Failed to load resource
07-14 18:56:28.485 25153 25153 W Glide   : There was 1 root cause:
07-14 18:56:28.485 25153 25153 W Glide   : com.bumptech.glide.load.e(, status code: 404)
07-14 18:56:28.485 25153 25153 W Glide   :  call GlideException#logRootCauses(String) for more detail
07-14 18:56:28.485 25153 25153 W Glide   :   Cause (1 of 1): class com.bumptech.glide.load.a.q: Fetching data failed, class java.io.InputStream, REMOTE
07-14 18:56:28.485 25153 25153 W Glide   : There was 1 root cause:
07-14 18:56:28.485 25153 25153 W Glide   : com.bumptech.glide.load.e(, status code: 404)
07-14 18:56:28.485 25153 25153 W Glide   :  call GlideException#logRootCauses(String) for more detail
07-14 18:56:28.485 25153 25153 W Glide   :     Cause (1 of 1): class com.bumptech.glide.load.e: , status code: 404
07-14 18:56:28.485 25153 25153 I Glide   : Root cause (1 of 1)
07-14 18:56:28.485 25153 25153 I Glide   : com.bumptech.glide.load.e: , status code: 404
07-14 18:56:28.485 25153 25153 I Glide   : 	at com.bumptech.glide.integration.okhttp3.b.onResponse(SourceFile:71)
07-14 18:56:28.485 25153 25153 I Glide   : 	at okhttp3.ac$a.execute(SourceFile:221)
07-14 18:56:28.485 25153 25153 I Glide   : 	at okhttp3.internal.b.run(SourceFile:32)
07-14 18:56:28.485 25153 25153 I Glide   : 	at java.util.concurrent.ThreadPoolExecutor.runWorker(ThreadPoolExecutor.java:1167)
07-14 18:56:28.485 25153 25153 I Glide   : 	at java.util.concurrent.ThreadPoolExecutor$Worker.run(ThreadPoolExecutor.java:641)
07-14 18:56:28.485 25153 25153 I Glide   : 	at java.lang.Thread.run(Thread.java:923)
07-14 18:56:28.486 25153 25153 W Glide   : Load failed for https://static-test.maoercdn.com/coversmini/201603/27/2217b1aa0f3031a4f499798c6b8f8886225014.jpg with size [310x310]
07-14 18:56:28.486 25153 25153 W Glide   : class com.bumptech.glide.load.a.q: Failed to load resource
07-14 18:56:28.486 25153 25153 W Glide   : There was 1 root cause:
07-14 18:56:28.486 25153 25153 W Glide   : com.bumptech.glide.load.e(, status code: 404)
07-14 18:56:28.486 25153 25153 W Glide   :  call GlideException#logRootCauses(String) for more detail
07-14 18:56:28.486 25153 25153 W Glide   :   Cause (1 of 1): class com.bumptech.glide.load.a.q: Fetching data failed, class java.io.InputStream, REMOTE
07-14 18:56:28.486 25153 25153 W Glide   : There was 1 root cause:
07-14 18:56:28.486 25153 25153 W Glide   : com.bumptech.glide.load.e(, status code: 404)
07-14 18:56:28.486 25153 25153 W Glide   :  call GlideException#logRootCauses(String) for more detail
07-14 18:56:28.486 25153 25153 W Glide   :     Cause (1 of 1): class com.bumptech.glide.load.e: , status code: 404
07-14 18:56:28.486 25153 25153 I Glide   : Root cause (1 of 1)
07-14 18:56:28.486 25153 25153 I Glide   : com.bumptech.glide.load.e: , status code: 404
07-14 18:56:28.486 25153 25153 I Glide   : 	at com.bumptech.glide.integration.okhttp3.b.onResponse(SourceFile:71)
07-14 18:56:28.486 25153 25153 I Glide   : 	at okhttp3.ac$a.execute(SourceFile:221)
07-14 18:56:28.486 25153 25153 I Glide   : 	at okhttp3.internal.b.run(SourceFile:32)
07-14 18:56:28.486 25153 25153 I Glide   : 	at java.util.concurrent.ThreadPoolExecutor.runWorker(ThreadPoolExecutor.java:1167)
07-14 18:56:28.486 25153 25153 I Glide   : 	at java.util.concurrent.ThreadPoolExecutor$Worker.run(ThreadPoolExecutor.java:641)
07-14 18:56:28.486 25153 25153 I Glide   : 	at java.lang.Thread.run(Thread.java:923)
07-14 18:56:28.516 25153 25497 D CronetEngine: [thread_background]
07-14 18:56:28.516 25153 25497 D CronetEngine: url: http://static-test.missevan.com/dramacoversmini/201708/25/3897688370d841d63ae9574e2f317c57123406.jpg?x-oss-process=image/resize,w_205/format,webp
07-14 18:56:28.516 25153 25497 D CronetEngine:  ip: 10.21.251.43
07-14 18:56:28.516 25153 25497 D CronetEngine:  hostResolverProvider:
07-14 18:56:28.516 25153 25497 D CronetEngine:  hostResolveIps: []
07-14 18:56:28.516 25153 25497 D CronetEngine: exception: null
07-14 18:56:28.524   601   601 E SELinux : avc:  denied  { find } for pid=4514 uid=10181 name=tethering scontext=u:r:vendor_systemhelper_app:s0:c512,c768 tcontext=u:object_r:tethering_service:s0 tclass=service_manager permissive=0
07-14 18:56:28.531 25153 25497 D CronetEngine: [thread_background]
07-14 18:56:28.531 25153 25497 D CronetEngine: url: https://static-test.maoercdn.com/coversmini/201804/08/3e713ac3f70fc3998bad8965646646c1174710.jpg?x-oss-process=image/resize,w_310/format,webp
07-14 18:56:28.531 25153 25497 D CronetEngine:  ip: 10.21.251.43
07-14 18:56:28.531 25153 25497 D CronetEngine:  hostResolverProvider:
07-14 18:56:28.531 25153 25497 D CronetEngine:  hostResolveIps: []
07-14 18:56:28.531 25153 25497 D CronetEngine: exception: null
07-14 18:56:28.535 25153 25153 W Glide   : Load failed for https://static-test.maoercdn.com/coversmini/201804/08/3e713ac3f70fc3998bad8965646646c1174710.jpg with size [310x310]
07-14 18:56:28.535 25153 25153 W Glide   : class com.bumptech.glide.load.a.q: Failed to load resource
07-14 18:56:28.535 25153 25153 W Glide   : There was 1 root cause:
07-14 18:56:28.535 25153 25153 W Glide   : com.bumptech.glide.load.e(, status code: 404)
07-14 18:56:28.535 25153 25153 W Glide   :  call GlideException#logRootCauses(String) for more detail
07-14 18:56:28.535 25153 25153 W Glide   :   Cause (1 of 1): class com.bumptech.glide.load.a.q: Fetching data failed, class java.io.InputStream, REMOTE
07-14 18:56:28.535 25153 25153 W Glide   : There was 1 root cause:
07-14 18:56:28.535 25153 25153 W Glide   : com.bumptech.glide.load.e(, status code: 404)
07-14 18:56:28.535 25153 25153 W Glide   :  call GlideException#logRootCauses(String) for more detail
07-14 18:56:28.535 25153 25153 W Glide   :     Cause (1 of 1): class com.bumptech.glide.load.e: , status code: 404
07-14 18:56:28.536 25153 25153 I Glide   : Root cause (1 of 1)
07-14 18:56:28.536 25153 25153 I Glide   : com.bumptech.glide.load.e: , status code: 404
07-14 18:56:28.536 25153 25153 I Glide   : 	at com.bumptech.glide.integration.okhttp3.b.onResponse(SourceFile:71)
07-14 18:56:28.536 25153 25153 I Glide   : 	at okhttp3.ac$a.execute(SourceFile:221)
07-14 18:56:28.536 25153 25153 I Glide   : 	at okhttp3.internal.b.run(SourceFile:32)
07-14 18:56:28.536 25153 25153 I Glide   : 	at java.util.concurrent.ThreadPoolExecutor.runWorker(ThreadPoolExecutor.java:1167)
07-14 18:56:28.536 25153 25153 I Glide   : 	at java.util.concurrent.ThreadPoolExecutor$Worker.run(ThreadPoolExecutor.java:641)
07-14 18:56:28.536 25153 25153 I Glide   : 	at java.lang.Thread.run(Thread.java:923)
07-14 18:56:28.550 25153 25497 D CronetEngine: [thread_background]
07-14 18:56:28.550 25153 25497 D CronetEngine: url: http://static-test.maoercdn.com/coversmini/201701/24/dbade74b0ab95375c343fdbe3f89aff6095445.png?x-oss-process=image/resize,w_281/format,webp
07-14 18:56:28.550 25153 25497 D CronetEngine:  ip: 10.21.251.43
07-14 18:56:28.550 25153 25497 D CronetEngine:  hostResolverProvider:
07-14 18:56:28.550 25153 25497 D CronetEngine:  hostResolveIps: []
07-14 18:56:28.550 25153 25497 D CronetEngine: exception: null
