07-14 18:56:28.555  1894  2363 I MiuiNetworkPolicy: bandwidth: 135 KB/s, Max bandwidth: 1412 KB/s
07-14 18:56:28.561 25153 25153 W Glide   : Load failed for http://static-test.maoercdn.com/coversmini/201701/24/dbade74b0ab95375c343fdbe3f89aff6095445.png with size [281x279]
07-14 18:56:28.561 25153 25153 W Glide   : class com.bumptech.glide.load.a.q: Failed to load resource
07-14 18:56:28.561 25153 25153 W Glide   : There was 1 root cause:
07-14 18:56:28.561 25153 25153 W Glide   : com.bumptech.glide.load.e(Not Found, status code: 404)
07-14 18:56:28.561 25153 25153 W Glide   :  call GlideException#logRootCauses(String) for more detail
07-14 18:56:28.561 25153 25153 W Glide   :   Cause (1 of 1): class com.bumptech.glide.load.a.q: Fetching data failed, class java.io.InputStream, REMOTE
07-14 18:56:28.561 25153 25153 W Glide   : There was 1 root cause:
07-14 18:56:28.561 25153 25153 W Glide   : com.bumptech.glide.load.e(Not Found, status code: 404)
07-14 18:56:28.561 25153 25153 W Glide   :  call GlideException#logRootCauses(String) for more detail
07-14 18:56:28.561 25153 25153 W Glide   :     Cause (1 of 1): class com.bumptech.glide.load.e: Not Found, status code: 404
07-14 18:56:28.561 25153 25153 I Glide   : Root cause (1 of 1)
07-14 18:56:28.561 25153 25153 I Glide   : com.bumptech.glide.load.e: Not Found, status code: 404
07-14 18:56:28.561 25153 25153 I Glide   : 	at com.bumptech.glide.integration.okhttp3.b.onResponse(SourceFile:71)
07-14 18:56:28.561 25153 25153 I Glide   : 	at okhttp3.ac$a.execute(SourceFile:221)
07-14 18:56:28.561 25153 25153 I Glide   : 	at okhttp3.internal.b.run(SourceFile:32)
07-14 18:56:28.561 25153 25153 I Glide   : 	at java.util.concurrent.ThreadPoolExecutor.runWorker(ThreadPoolExecutor.java:1167)
07-14 18:56:28.561 25153 25153 I Glide   : 	at java.util.concurrent.ThreadPoolExecutor$Worker.run(ThreadPoolExecutor.java:641)
07-14 18:56:28.561 25153 25153 I Glide   : 	at java.lang.Thread.run(Thread.java:923)
07-14 18:56:28.566 25153 25497 D CronetEngine: [thread_background]
07-14 18:56:28.566 25153 25497 D CronetEngine: url: http://static-test.missevan.com/dramacoversmini/201604/15/b704a6b3f25d1874f17c494effdb8e54082150.jpg?x-oss-process=image/resize,w_310/format,webp
07-14 18:56:28.566 25153 25497 D CronetEngine:  ip: 10.21.251.43
07-14 18:56:28.566 25153 25497 D CronetEngine:  hostResolverProvider:
07-14 18:56:28.566 25153 25497 D CronetEngine:  hostResolveIps: []
07-14 18:56:28.566 25153 25497 D CronetEngine: exception: null
07-14 18:56:28.577 25153 25153 W Glide   : Load failed for http://static-test.missevan.com/dramacoversmini/201604/15/b704a6b3f25d1874f17c494effdb8e54082150.jpg with size [310x310]
07-14 18:56:28.577 25153 25153 W Glide   : class com.bumptech.glide.load.a.q: Failed to load resource
07-14 18:56:28.577 25153 25153 W Glide   : There was 1 root cause:
07-14 18:56:28.577 25153 25153 W Glide   : com.bumptech.glide.load.e(Not Found, status code: 404)
07-14 18:56:28.577 25153 25153 W Glide   :  call GlideException#logRootCauses(String) for more detail
07-14 18:56:28.577 25153 25153 W Glide   :   Cause (1 of 1): class com.bumptech.glide.load.a.q: Fetching data failed, class java.io.InputStream, REMOTE
07-14 18:56:28.577 25153 25153 W Glide   : There was 1 root cause:
07-14 18:56:28.577 25153 25153 W Glide   : com.bumptech.glide.load.e(Not Found, status code: 404)
07-14 18:56:28.577 25153 25153 W Glide   :  call GlideException#logRootCauses(String) for more detail
07-14 18:56:28.577 25153 25153 W Glide   :     Cause (1 of 1): class com.bumptech.glide.load.e: Not Found, status code: 404
07-14 18:56:28.577 25153 25153 I Glide   : Root cause (1 of 1)
07-14 18:56:28.577 25153 25153 I Glide   : com.bumptech.glide.load.e: Not Found, status code: 404
07-14 18:56:28.577 25153 25153 I Glide   : 	at com.bumptech.glide.integration.okhttp3.b.onResponse(SourceFile:71)
07-14 18:56:28.577 25153 25153 I Glide   : 	at okhttp3.ac$a.execute(SourceFile:221)
07-14 18:56:28.577 25153 25153 I Glide   : 	at okhttp3.internal.b.run(SourceFile:32)
07-14 18:56:28.577 25153 25153 I Glide   : 	at java.util.concurrent.ThreadPoolExecutor.runWorker(ThreadPoolExecutor.java:1167)
07-14 18:56:28.577 25153 25153 I Glide   : 	at java.util.concurrent.ThreadPoolExecutor$Worker.run(ThreadPoolExecutor.java:641)
07-14 18:56:28.577 25153 25153 I Glide   : 	at java.lang.Thread.run(Thread.java:923)
07-14 18:56:28.578 25153 25153 W Glide   : Load failed for http://static-test.missevan.com/dramacoversmini/201604/15/b704a6b3f25d1874f17c494effdb8e54082150.jpg with size [310x310]
07-14 18:56:28.578 25153 25153 W Glide   : class com.bumptech.glide.load.a.q: Failed to load resource
07-14 18:56:28.578 25153 25153 W Glide   : There was 1 root cause:
07-14 18:56:28.578 25153 25153 W Glide   : com.bumptech.glide.load.e(Not Found, status code: 404)
07-14 18:56:28.578 25153 25153 W Glide   :  call GlideException#logRootCauses(String) for more detail
07-14 18:56:28.578 25153 25153 W Glide   :   Cause (1 of 1): class com.bumptech.glide.load.a.q: Fetching data failed, class java.io.InputStream, REMOTE
07-14 18:56:28.578 25153 25153 W Glide   : There was 1 root cause:
07-14 18:56:28.578 25153 25153 W Glide   : com.bumptech.glide.load.e(Not Found, status code: 404)
07-14 18:56:28.578 25153 25153 W Glide   :  call GlideException#logRootCauses(String) for more detail
07-14 18:56:28.578 25153 25153 W Glide   :     Cause (1 of 1): class com.bumptech.glide.load.e: Not Found, status code: 404
07-14 18:56:28.578 25153 25153 I Glide   : Root cause (1 of 1)
07-14 18:56:28.578 25153 25153 I Glide   : com.bumptech.glide.load.e: Not Found, status code: 404
07-14 18:56:28.578 25153 25153 I Glide   : 	at com.bumptech.glide.integration.okhttp3.b.onResponse(SourceFile:71)
07-14 18:56:28.578 25153 25153 I Glide   : 	at okhttp3.ac$a.execute(SourceFile:221)
07-14 18:56:28.578 25153 25153 I Glide   : 	at okhttp3.internal.b.run(SourceFile:32)
07-14 18:56:28.578 25153 25153 I Glide   : 	at java.util.concurrent.ThreadPoolExecutor.runWorker(ThreadPoolExecutor.java:1167)
07-14 18:56:28.578 25153 25153 I Glide   : 	at java.util.concurrent.ThreadPoolExecutor$Worker.run(ThreadPoolExecutor.java:641)
07-14 18:56:28.578 25153 25153 I Glide   : 	at java.lang.Thread.run(Thread.java:923)
07-14 18:56:28.609 25153 25497 D CronetEngine: [thread_background]
07-14 18:56:28.609 25153 25497 D CronetEngine: url: http://static-test.missevan.com/dramacoversmini/201604/20/eea18b9f2f56bca5141a9217f1d98713164419.jpg?x-oss-process=image/resize,w_310/format,webp
07-14 18:56:28.609 25153 25497 D CronetEngine:  ip: 10.21.251.43
07-14 18:56:28.609 25153 25497 D CronetEngine:  hostResolverProvider:
07-14 18:56:28.609 25153 25497 D CronetEngine:  hostResolveIps: []
07-14 18:56:28.609 25153 25497 D CronetEngine: exception: null
07-14 18:56:28.618 25153 25497 D CronetEngine: [thread_background]
07-14 18:56:28.618 25153 25497 D CronetEngine: url: http://static-test.missevan.com/dramacoversmini/201604/20/57a934f8d31a7ace356108ae3526c419151604.jpg?x-oss-process=image/resize,w_310/format,webp
07-14 18:56:28.618 25153 25497 D CronetEngine:  ip: 10.21.251.43
07-14 18:56:28.618 25153 25497 D CronetEngine:  hostResolverProvider:
07-14 18:56:28.618 25153 25497 D CronetEngine:  hostResolveIps: []
07-14 18:56:28.618 25153 25497 D CronetEngine: exception: null
07-14 18:56:28.620 25153 25153 W Glide   : Load failed for http://static-test.missevan.com/dramacoversmini/201604/20/eea18b9f2f56bca5141a9217f1d98713164419.jpg with size [310x310]
07-14 18:56:28.620 25153 25153 W Glide   : class com.bumptech.glide.load.a.q: Failed to load resource
07-14 18:56:28.620 25153 25153 W Glide   : There was 1 root cause:
07-14 18:56:28.620 25153 25153 W Glide   : com.bumptech.glide.load.e(Not Found, status code: 404)
07-14 18:56:28.620 25153 25153 W Glide   :  call GlideException#logRootCauses(String) for more detail
07-14 18:56:28.620 25153 25153 W Glide   :   Cause (1 of 1): class com.bumptech.glide.load.a.q: Fetching data failed, class java.io.InputStream, REMOTE
07-14 18:56:28.620 25153 25153 W Glide   : There was 1 root cause:
07-14 18:56:28.620 25153 25153 W Glide   : com.bumptech.glide.load.e(Not Found, status code: 404)
07-14 18:56:28.620 25153 25153 W Glide   :  call GlideException#logRootCauses(String) for more detail
07-14 18:56:28.620 25153 25153 W Glide   :     Cause (1 of 1): class com.bumptech.glide.load.e: Not Found, status code: 404
07-14 18:56:28.620 25153 25153 I Glide   : Root cause (1 of 1)
07-14 18:56:28.620 25153 25153 I Glide   : com.bumptech.glide.load.e: Not Found, status code: 404
07-14 18:56:28.620 25153 25153 I Glide   : 	at com.bumptech.glide.integration.okhttp3.b.onResponse(SourceFile:71)
07-14 18:56:28.620 25153 25153 I Glide   : 	at okhttp3.ac$a.execute(SourceFile:221)
07-14 18:56:28.620 25153 25153 I Glide   : 	at okhttp3.internal.b.run(SourceFile:32)
07-14 18:56:28.620 25153 25153 I Glide   : 	at java.util.concurrent.ThreadPoolExecutor.runWorker(ThreadPoolExecutor.java:1167)
07-14 18:56:28.620 25153 25153 I Glide   : 	at java.util.concurrent.ThreadPoolExecutor$Worker.run(ThreadPoolExecutor.java:641)
07-14 18:56:28.620 25153 25153 I Glide   : 	at java.lang.Thread.run(Thread.java:923)
07-14 18:56:28.620 25153 25153 W Glide   : Load failed for http://static-test.missevan.com/dramacoversmini/201604/20/eea18b9f2f56bca5141a9217f1d98713164419.jpg with size [310x310]
07-14 18:56:28.620 25153 25153 W Glide   : class com.bumptech.glide.load.a.q: Failed to load resource
07-14 18:56:28.620 25153 25153 W Glide   : There was 1 root cause:
07-14 18:56:28.620 25153 25153 W Glide   : com.bumptech.glide.load.e(Not Found, status code: 404)
07-14 18:56:28.620 25153 25153 W Glide   :  call GlideException#logRootCauses(String) for more detail
07-14 18:56:28.620 25153 25153 W Glide   :   Cause (1 of 1): class com.bumptech.glide.load.a.q: Fetching data failed, class java.io.InputStream, REMOTE
07-14 18:56:28.620 25153 25153 W Glide   : There was 1 root cause:
07-14 18:56:28.620 25153 25153 W Glide   : com.bumptech.glide.load.e(Not Found, status code: 404)
07-14 18:56:28.620 25153 25153 W Glide   :  call GlideException#logRootCauses(String) for more detail
07-14 18:56:28.620 25153 25153 W Glide   :     Cause (1 of 1): class com.bumptech.glide.load.e: Not Found, status code: 404
07-14 18:56:28.620 25153 25153 I Glide   : Root cause (1 of 1)
07-14 18:56:28.620 25153 25153 I Glide   : com.bumptech.glide.load.e: Not Found, status code: 404
07-14 18:56:28.620 25153 25153 I Glide   : 	at com.bumptech.glide.integration.okhttp3.b.onResponse(SourceFile:71)
07-14 18:56:28.620 25153 25153 I Glide   : 	at okhttp3.ac$a.execute(SourceFile:221)
07-14 18:56:28.620 25153 25153 I Glide   : 	at okhttp3.internal.b.run(SourceFile:32)
07-14 18:56:28.620 25153 25153 I Glide   : 	at java.util.concurrent.ThreadPoolExecutor.runWorker(ThreadPoolExecutor.java:1167)
07-14 18:56:28.620 25153 25153 I Glide   : 	at java.util.concurrent.ThreadPoolExecutor$Worker.run(ThreadPoolExecutor.java:641)
07-14 18:56:28.620 25153 25153 I Glide   : 	at java.lang.Thread.run(Thread.java:923)
07-14 18:56:28.623 25153 25153 W Glide   : Load failed for http://static-test.missevan.com/dramacoversmini/201604/20/57a934f8d31a7ace356108ae3526c419151604.jpg with size [310x310]
07-14 18:56:28.623 25153 25153 W Glide   : class com.bumptech.glide.load.a.q: Failed to load resource
07-14 18:56:28.623 25153 25153 W Glide   : There was 1 root cause:
07-14 18:56:28.623 25153 25153 W Glide   : com.bumptech.glide.load.e(Not Found, status code: 404)
07-14 18:56:28.623 25153 25153 W Glide   :  call GlideException#logRootCauses(String) for more detail
07-14 18:56:28.623 25153 25153 W Glide   :   Cause (1 of 1): class com.bumptech.glide.load.a.q: Fetching data failed, class java.io.InputStream, REMOTE
07-14 18:56:28.623 25153 25153 W Glide   : There was 1 root cause:
07-14 18:56:28.623 25153 25153 W Glide   : com.bumptech.glide.load.e(Not Found, status code: 404)
07-14 18:56:28.623 25153 25153 W Glide   :  call GlideException#logRootCauses(String) for more detail
07-14 18:56:28.623 25153 25153 W Glide   :     Cause (1 of 1): class com.bumptech.glide.load.e: Not Found, status code: 404
07-14 18:56:28.623 25153 25153 I Glide   : Root cause (1 of 1)
07-14 18:56:28.623 25153 25153 I Glide   : com.bumptech.glide.load.e: Not Found, status code: 404
07-14 18:56:28.623 25153 25153 I Glide   : 	at com.bumptech.glide.integration.okhttp3.b.onResponse(SourceFile:71)
07-14 18:56:28.623 25153 25153 I Glide   : 	at okhttp3.ac$a.execute(SourceFile:221)
07-14 18:56:28.623 25153 25153 I Glide   : 	at okhttp3.internal.b.run(SourceFile:32)
07-14 18:56:28.623 25153 25153 I Glide   : 	at java.util.concurrent.ThreadPoolExecutor.runWorker(ThreadPoolExecutor.java:1167)
07-14 18:56:28.623 25153 25153 I Glide   : 	at java.util.concurrent.ThreadPoolExecutor$Worker.run(ThreadPoolExecutor.java:641)
07-14 18:56:28.623 25153 25153 I Glide   : 	at java.lang.Thread.run(Thread.java:923)
07-14 18:56:28.624 25153 25153 W Glide   : Load failed for http://static-test.missevan.com/dramacoversmini/201604/20/57a934f8d31a7ace356108ae3526c419151604.jpg with size [310x310]
07-14 18:56:28.624 25153 25153 W Glide   : class com.bumptech.glide.load.a.q: Failed to load resource
07-14 18:56:28.624 25153 25153 W Glide   : There was 1 root cause:
07-14 18:56:28.624 25153 25153 W Glide   : com.bumptech.glide.load.e(Not Found, status code: 404)
07-14 18:56:28.624 25153 25153 W Glide   :  call GlideException#logRootCauses(String) for more detail
07-14 18:56:28.624 25153 25153 W Glide   :   Cause (1 of 1): class com.bumptech.glide.load.a.q: Fetching data failed, class java.io.InputStream, REMOTE
07-14 18:56:28.624 25153 25153 W Glide   : There was 1 root cause:
07-14 18:56:28.624 25153 25153 W Glide   : com.bumptech.glide.load.e(Not Found, status code: 404)
07-14 18:56:28.624 25153 25153 W Glide   :  call GlideException#logRootCauses(String) for more detail
07-14 18:56:28.624 25153 25153 W Glide   :     Cause (1 of 1): class com.bumptech.glide.load.e: Not Found, status code: 404
07-14 18:56:28.624 25153 25153 I Glide   : Root cause (1 of 1)
07-14 18:56:28.624 25153 25153 I Glide   : com.bumptech.glide.load.e: Not Found, status code: 404
07-14 18:56:28.624 25153 25153 I Glide   : 	at com.bumptech.glide.integration.okhttp3.b.onResponse(SourceFile:71)
07-14 18:56:28.624 25153 25153 I Glide   : 	at okhttp3.ac$a.execute(SourceFile:221)
07-14 18:56:28.624 25153 25153 I Glide   : 	at okhttp3.internal.b.run(SourceFile:32)
07-14 18:56:28.624 25153 25153 I Glide   : 	at java.util.concurrent.ThreadPoolExecutor.runWorker(ThreadPoolExecutor.java:1167)
07-14 18:56:28.624 25153 25153 I Glide   : 	at java.util.concurrent.ThreadPoolExecutor$Worker.run(ThreadPoolExecutor.java:641)
07-14 18:56:28.624 25153 25153 I Glide   : 	at java.lang.Thread.run(Thread.java:923)
07-14 18:56:28.632 25153 25497 D CronetEngine: [thread_background]
07-14 18:56:28.632 25153 25497 D CronetEngine: url: http://static-test.maoercdn.com/coversmini/201612/09/e7c844dda7014cdcbfd69fdade5d0e05185820.jpg?x-oss-process=image/resize,w_281/format,webp
07-14 18:56:28.632 25153 25497 D CronetEngine:  ip: 10.21.251.43
07-14 18:56:28.632 25153 25497 D CronetEngine:  hostResolverProvider:
07-14 18:56:28.632 25153 25497 D CronetEngine:  hostResolveIps: []
07-14 18:56:28.632 25153 25497 D CronetEngine: exception: null
07-14 18:56:28.633 25153 25153 W Glide   : Load failed for http://static-test.maoercdn.com/coversmini/201612/09/e7c844dda7014cdcbfd69fdade5d0e05185820.jpg with size [281x279]
07-14 18:56:28.633 25153 25153 W Glide   : class com.bumptech.glide.load.a.q: Failed to load resource
07-14 18:56:28.633 25153 25153 W Glide   : There was 1 root cause:
07-14 18:56:28.633 25153 25153 W Glide   : com.bumptech.glide.load.e(Not Found, status code: 404)
07-14 18:56:28.633 25153 25153 W Glide   :  call GlideException#logRootCauses(String) for more detail
07-14 18:56:28.633 25153 25153 W Glide   :   Cause (1 of 1): class com.bumptech.glide.load.a.q: Fetching data failed, class java.io.InputStream, REMOTE
07-14 18:56:28.633 25153 25153 W Glide   : There was 1 root cause:
07-14 18:56:28.633 25153 25153 W Glide   : com.bumptech.glide.load.e(Not Found, status code: 404)
07-14 18:56:28.633 25153 25153 W Glide   :  call GlideException#logRootCauses(String) for more detail
07-14 18:56:28.633 25153 25153 W Glide   :     Cause (1 of 1): class com.bumptech.glide.load.e: Not Found, status code: 404
07-14 18:56:28.633 25153 25153 I Glide   : Root cause (1 of 1)
07-14 18:56:28.633 25153 25153 I Glide   : com.bumptech.glide.load.e: Not Found, status code: 404
07-14 18:56:28.633 25153 25153 I Glide   : 	at com.bumptech.glide.integration.okhttp3.b.onResponse(SourceFile:71)
07-14 18:56:28.633 25153 25153 I Glide   : 	at okhttp3.ac$a.execute(SourceFile:221)
07-14 18:56:28.633 25153 25153 I Glide   : 	at okhttp3.internal.b.run(SourceFile:32)
07-14 18:56:28.633 25153 25153 I Glide   : 	at java.util.concurrent.ThreadPoolExecutor.runWorker(ThreadPoolExecutor.java:1167)
07-14 18:56:28.633 25153 25153 I Glide   : 	at java.util.concurrent.ThreadPoolExecutor$Worker.run(ThreadPoolExecutor.java:641)
07-14 18:56:28.633 25153 25153 I Glide   : 	at java.lang.Thread.run(Thread.java:923)
07-14 18:56:28.671 25153 25497 D CronetEngine: [thread_background]
07-14 18:56:28.671 25153 25497 D CronetEngine: url: http://static-test.missevan.com/dramacoversmini/201709/07/1f7769e03f2eeafbf233803f7c16b360192304.png?x-oss-process=image/resize,w_205/format,webp
07-14 18:56:28.671 25153 25497 D CronetEngine:  ip: 10.21.251.43
07-14 18:56:28.671 25153 25497 D CronetEngine:  hostResolverProvider:
07-14 18:56:28.671 25153 25497 D CronetEngine:  hostResolveIps: []
07-14 18:56:28.671 25153 25497 D CronetEngine: exception: null
07-14 18:56:28.678 25153 25153 W Glide   : Load failed for http://static-test.missevan.com/dramacoversmini/201709/07/1f7769e03f2eeafbf233803f7c16b360192304.png with size [205x274]
07-14 18:56:28.678 25153 25153 W Glide   : class com.bumptech.glide.load.a.q: Failed to load resource
07-14 18:56:28.678 25153 25153 W Glide   : There was 1 root cause:
07-14 18:56:28.678 25153 25153 W Glide   : com.bumptech.glide.load.e(Not Found, status code: 404)
07-14 18:56:28.678 25153 25153 W Glide   :  call GlideException#logRootCauses(String) for more detail
07-14 18:56:28.678 25153 25153 W Glide   :   Cause (1 of 1): class com.bumptech.glide.load.a.q: Fetching data failed, class java.io.InputStream, REMOTE
07-14 18:56:28.678 25153 25153 W Glide   : There was 1 root cause:
07-14 18:56:28.678 25153 25153 W Glide   : com.bumptech.glide.load.e(Not Found, status code: 404)
07-14 18:56:28.678 25153 25153 W Glide   :  call GlideException#logRootCauses(String) for more detail
07-14 18:56:28.678 25153 25153 W Glide   :     Cause (1 of 1): class com.bumptech.glide.load.e: Not Found, status code: 404
07-14 18:56:28.678 25153 25153 I Glide   : Root cause (1 of 1)
07-14 18:56:28.678 25153 25153 I Glide   : com.bumptech.glide.load.e: Not Found, status code: 404
07-14 18:56:28.678 25153 25153 I Glide   : 	at com.bumptech.glide.integration.okhttp3.b.onResponse(SourceFile:71)
07-14 18:56:28.678 25153 25153 I Glide   : 	at okhttp3.ac$a.execute(SourceFile:221)
07-14 18:56:28.678 25153 25153 I Glide   : 	at okhttp3.internal.b.run(SourceFile:32)
07-14 18:56:28.678 25153 25153 I Glide   : 	at java.util.concurrent.ThreadPoolExecutor.runWorker(ThreadPoolExecutor.java:1167)
07-14 18:56:28.678 25153 25153 I Glide   : 	at java.util.concurrent.ThreadPoolExecutor$Worker.run(ThreadPoolExecutor.java:641)
07-14 18:56:28.678 25153 25153 I Glide   : 	at java.lang.Thread.run(Thread.java:923)
07-14 18:56:28.725   601   601 E SELinux : avc:  denied  { find } for pid=4514 uid=10181 name=tethering scontext=u:r:vendor_systemhelper_app:s0:c512,c768 tcontext=u:object_r:tethering_service:s0 tclass=service_manager permissive=0
07-14 18:56:28.744 25153 25497 D CronetEngine: [thread_background]
07-14 18:56:28.744 25153 25497 D CronetEngine: url: http://static-test.missevan.com/dramacoversmini/201605/01/0a6ca0ceeb612fbf29d7ea609b171bcf061022.jpg?x-oss-process=image/resize,w_205/format,webp
07-14 18:56:28.744 25153 25497 D CronetEngine:  ip: 10.21.251.43
07-14 18:56:28.744 25153 25497 D CronetEngine:  hostResolverProvider:
07-14 18:56:28.744 25153 25497 D CronetEngine:  hostResolveIps: []
07-14 18:56:28.744 25153 25497 D CronetEngine: exception: null
07-14 18:56:28.745 25153 25153 W Glide   : Load failed for http://static-test.missevan.com/dramacoversmini/201605/01/0a6ca0ceeb612fbf29d7ea609b171bcf061022.jpg with size [205x274]
07-14 18:56:28.745 25153 25153 W Glide   : class com.bumptech.glide.load.a.q: Failed to load resource
07-14 18:56:28.745 25153 25153 W Glide   : There was 1 root cause:
07-14 18:56:28.745 25153 25153 W Glide   : com.bumptech.glide.load.e(Not Found, status code: 404)
07-14 18:56:28.745 25153 25153 W Glide   :  call GlideException#logRootCauses(String) for more detail
07-14 18:56:28.745 25153 25153 W Glide   :   Cause (1 of 1): class com.bumptech.glide.load.a.q: Fetching data failed, class java.io.InputStream, REMOTE
07-14 18:56:28.745 25153 25153 W Glide   : There was 1 root cause:
07-14 18:56:28.745 25153 25153 W Glide   : com.bumptech.glide.load.e(Not Found, status code: 404)
07-14 18:56:28.745 25153 25153 W Glide   :  call GlideException#logRootCauses(String) for more detail
07-14 18:56:28.745 25153 25153 W Glide   :     Cause (1 of 1): class com.bumptech.glide.load.e: Not Found, status code: 404
07-14 18:56:28.745 25153 25153 I Glide   : Root cause (1 of 1)
07-14 18:56:28.745 25153 25153 I Glide   : com.bumptech.glide.load.e: Not Found, status code: 404
07-14 18:56:28.745 25153 25153 I Glide   : 	at com.bumptech.glide.integration.okhttp3.b.onResponse(SourceFile:71)
07-14 18:56:28.745 25153 25153 I Glide   : 	at okhttp3.ac$a.execute(SourceFile:221)
07-14 18:56:28.745 25153 25153 I Glide   : 	at okhttp3.internal.b.run(SourceFile:32)
07-14 18:56:28.745 25153 25153 I Glide   : 	at java.util.concurrent.ThreadPoolExecutor.runWorker(ThreadPoolExecutor.java:1167)
07-14 18:56:28.745 25153 25153 I Glide   : 	at java.util.concurrent.ThreadPoolExecutor$Worker.run(ThreadPoolExecutor.java:641)
07-14 18:56:28.745 25153 25153 I Glide   : 	at java.lang.Thread.run(Thread.java:923)
07-14 18:56:28.758 25153 25497 D CronetEngine: [thread_background]
07-14 18:56:28.758 25153 25497 D CronetEngine: url: http://static-test.missevan.com/dramacoversmini/201604/20/f0b68e003d4dcca18deee810e08e6b8b173035.png?x-oss-process=image/resize,w_205/format,webp
07-14 18:56:28.758 25153 25497 D CronetEngine:  ip: 10.21.251.43
07-14 18:56:28.758 25153 25497 D CronetEngine:  hostResolverProvider:
07-14 18:56:28.758 25153 25497 D CronetEngine:  hostResolveIps: []
07-14 18:56:28.758 25153 25497 D CronetEngine: exception: null
07-14 18:56:28.766 25153 25153 W Glide   : Load failed for http://static-test.missevan.com/dramacoversmini/201604/20/f0b68e003d4dcca18deee810e08e6b8b173035.png with size [205x274]
07-14 18:56:28.766 25153 25153 W Glide   : class com.bumptech.glide.load.a.q: Failed to load resource
07-14 18:56:28.766 25153 25153 W Glide   : There was 1 root cause:
07-14 18:56:28.766 25153 25153 W Glide   : com.bumptech.glide.load.e(Not Found, status code: 404)
07-14 18:56:28.766 25153 25153 W Glide   :  call GlideException#logRootCauses(String) for more detail
07-14 18:56:28.766 25153 25153 W Glide   :   Cause (1 of 1): class com.bumptech.glide.load.a.q: Fetching data failed, class java.io.InputStream, REMOTE
07-14 18:56:28.766 25153 25153 W Glide   : There was 1 root cause:
07-14 18:56:28.766 25153 25153 W Glide   : com.bumptech.glide.load.e(Not Found, status code: 404)
07-14 18:56:28.766 25153 25153 W Glide   :  call GlideException#logRootCauses(String) for more detail
07-14 18:56:28.766 25153 25153 W Glide   :     Cause (1 of 1): class com.bumptech.glide.load.e: Not Found, status code: 404
07-14 18:56:28.766 25153 25153 I Glide   : Root cause (1 of 1)
07-14 18:56:28.766 25153 25153 I Glide   : com.bumptech.glide.load.e: Not Found, status code: 404
07-14 18:56:28.766 25153 25153 I Glide   : 	at com.bumptech.glide.integration.okhttp3.b.onResponse(SourceFile:71)
07-14 18:56:28.766 25153 25153 I Glide   : 	at okhttp3.ac$a.execute(SourceFile:221)
07-14 18:56:28.766 25153 25153 I Glide   : 	at okhttp3.internal.b.run(SourceFile:32)
07-14 18:56:28.766 25153 25153 I Glide   : 	at java.util.concurrent.ThreadPoolExecutor.runWorker(ThreadPoolExecutor.java:1167)
07-14 18:56:28.766 25153 25153 I Glide   : 	at java.util.concurrent.ThreadPoolExecutor$Worker.run(ThreadPoolExecutor.java:641)
07-14 18:56:28.766 25153 25153 I Glide   : 	at java.lang.Thread.run(Thread.java:923)
07-14 18:56:28.809 25153 25497 D CronetEngine: [thread_background]
07-14 18:56:28.809 25153 25497 D CronetEngine: url: http://static-test.missevan.com/dramacoversmini/201606/23/a719e1c0561636407520e19351da80cf102417.jpg?x-oss-process=image/resize,w_205/format,webp
07-14 18:56:28.809 25153 25497 D CronetEngine:  ip: 10.21.251.43
07-14 18:56:28.809 25153 25497 D CronetEngine:  hostResolverProvider:
07-14 18:56:28.809 25153 25497 D CronetEngine:  hostResolveIps: []
07-14 18:56:28.809 25153 25497 D CronetEngine: exception: null
07-14 18:56:28.809 25153 25153 W Glide   : Load failed for http://static-test.missevan.com/dramacoversmini/201606/23/a719e1c0561636407520e19351da80cf102417.jpg with size [205x274]
07-14 18:56:28.809 25153 25153 W Glide   : class com.bumptech.glide.load.a.q: Failed to load resource
07-14 18:56:28.809 25153 25153 W Glide   : There was 1 root cause:
07-14 18:56:28.809 25153 25153 W Glide   : com.bumptech.glide.load.e(Not Found, status code: 404)
07-14 18:56:28.809 25153 25153 W Glide   :  call GlideException#logRootCauses(String) for more detail
07-14 18:56:28.809 25153 25153 W Glide   :   Cause (1 of 1): class com.bumptech.glide.load.a.q: Fetching data failed, class java.io.InputStream, REMOTE
07-14 18:56:28.809 25153 25153 W Glide   : There was 1 root cause:
07-14 18:56:28.809 25153 25153 W Glide   : com.bumptech.glide.load.e(Not Found, status code: 404)
07-14 18:56:28.809 25153 25153 W Glide   :  call GlideException#logRootCauses(String) for more detail
07-14 18:56:28.809 25153 25153 W Glide   :     Cause (1 of 1): class com.bumptech.glide.load.e: Not Found, status code: 404
07-14 18:56:28.809 25153 25153 I Glide   : Root cause (1 of 1)
07-14 18:56:28.809 25153 25153 I Glide   : com.bumptech.glide.load.e: Not Found, status code: 404
07-14 18:56:28.809 25153 25153 I Glide   : 	at com.bumptech.glide.integration.okhttp3.b.onResponse(SourceFile:71)
07-14 18:56:28.809 25153 25153 I Glide   : 	at okhttp3.ac$a.execute(SourceFile:221)
07-14 18:56:28.809 25153 25153 I Glide   : 	at okhttp3.internal.b.run(SourceFile:32)
07-14 18:56:28.809 25153 25153 I Glide   : 	at java.util.concurrent.ThreadPoolExecutor.runWorker(ThreadPoolExecutor.java:1167)
07-14 18:56:28.809 25153 25153 I Glide   : 	at java.util.concurrent.ThreadPoolExecutor$Worker.run(ThreadPoolExecutor.java:641)
07-14 18:56:28.809 25153 25153 I Glide   : 	at java.lang.Thread.run(Thread.java:923)
07-14 18:56:28.857 25084 25117 I appium  : Found zero matches
07-14 18:56:28.862 25084 25117 I appium  : AppiumResponse: {"sessionId":"d1be5e9e-1e64-4511-b884-1fbd617cbe96","value":[]}
07-14 18:56:28.926   601   601 E SELinux : avc:  denied  { find } for pid=4514 uid=10181 name=tethering scontext=u:r:vendor_systemhelper_app:s0:c512,c768 tcontext=u:object_r:tethering_service:s0 tclass=service_manager permissive=0
07-14 18:56:28.963   901  2169 D audio_hw_primary: out_standby: enter: stream (0xe9ae5800) usecase(0: deep-buffer-playback)
07-14 18:56:28.995  5340 19143 I SafeBinderCall: onPositionChange binder cost:1
07-14 18:56:28.995  2565  2565 D MiPlayDetailViewModel: onPositionChange(): position = 0
07-14 18:56:29.105   901  2169 V send_data_to_xlog: send_audio_bigdata_to_xlog
07-14 18:56:29.105   901  2169 E send_data_to_xlog: get_int_by_key: unable to get property persist.vendor.audio.scenario
07-14 18:56:29.105   901  2169 I send_data_to_xlog: get property key: persist.vendor.audio.scenario, value: 4
07-14 18:56:29.105   901  2169 I send_data_to_xlog: get_headset_type the type is speaker
07-14 18:56:29.105   901  2169 D send_data_to_xlog: send_audio_bigdata_to_xlog, the headset type is speaker
07-14 18:56:29.105   901  2169 D send_data_to_xlog: send_audio_bigdata_to_xlog, msg->val[0] is 0, msg->str[0] is speaker, msg->str[1] is: intelligent
07-14 18:56:29.105   901  2169 V xlog_client:  xlog_send  msg_id: 10
07-14 18:56:29.105   901  2169 V xlog_client:  xlog_send
07-14 18:56:29.105   901  2169 V xlog_client: xlog_open fd = 65
07-14 18:56:29.105   901  2169 D xlog_client: xlog_format_msg: send msg 10
07-14 18:56:29.105  1894  2436 I MQSserver: getData len: 512 content: {"name":"music_playback","audio_event":{"headset_type":"speaker","scenario_mode":"intelligent","volume":"0"},"dgt":"null","audio_ext":"null" }
07-14 18:56:29.105  1894  2436 D MQSserver: enter updateCountmusic_playback
07-14 18:56:29.105  1894  2436 D MQSserver: read count frome file: 5
07-14 18:56:29.105  1894  2436 D MQSserver: update RBI json: {"name":"music_playback","audio_event":{"headset_type":"speaker","scenario_mode":"intelligent","volume":"0"},"dgt":"null","audio_ext":"null","onetrack_count":"6"}
07-14 18:56:29.105  1894  2436 D MQSserver: updateCount: name: music_playback/audio_event : {"headset_type":"speaker","scenario_mode":"intelligent","volume":"0"}
07-14 18:56:29.105   901  2169 D xlog_client: _xlog_write_flat_msg: send msg {"name":"music_playback","audio_event":{"headset_type":"speaker","scenario_mode":"intelligent","volume":"0"},"dgt":"null","audio_ext":"null" }
07-14 18:56:29.105   901  2169 V xlog_client: xlog_close 65
07-14 18:56:29.105   901  2169 D audio_hw_primary: disable_audio_route: reset and update mixer path: deep-buffer-playback speaker
07-14 18:56:29.105   901  2169 V audio_route: Reset path: deep-buffer-playback speaker
07-14 18:56:29.105   901  2169 D audio_route: audio_route_reset_and_update_path name deep-buffer-playback speaker
07-14 18:56:29.106   901  2169 D audio_hw_primary: [force reset] del deep-buffer-playback speaker 1
07-14 18:56:29.106   901  2169 E soundtrigger: audio_extn_sound_trigger_update_stream_status: invalid input device 0x0, for event 2
07-14 18:56:29.106   901  2169 D soundtrigger: audio_extn_sound_trigger_update_stream_status: uc_info->id 0 of type 0 for Event 2, with Raise=1
07-14 18:56:29.106   901  2169 I sound_trigger_platform: platform_stdev_check_and_update_concurrency: Received STREAM event, event type 2, usecase type 0
07-14 18:56:29.106   901  2169 D sound_trigger_platform: platform_stdev_get_capture_device: Device = 0x80000004
07-14 18:56:29.106   901  2169 D sound_trigger_platform: platform_stdev_get_capture_device: Available device = 0x80000004
07-14 18:56:29.106   901  2169 D sound_trigger_platform: platform_stdev_check_and_update_concurrency: dedicated path 0, reset backend 1, tx 0, rx 0, concurrency session allowed
07-14 18:56:29.106   901  2169 D msm8974_platform: platform_split_snd_device: snd_device(2) num devices(0) new_snd_devices(0)
07-14 18:56:29.106   901  2169 I msm8974_platform: platform_get_custom_mtmx_params: no matching param with id 0 ip_ch 2 op_ch 2 uc_id 0 snd_dev 2
07-14 18:56:29.106   901  2169 D hardware_info: hw_info_append_hw_type : device_name = speaker
07-14 18:56:29.106   901  2169 D audio_hw_primary: disable_snd_device: device ref cnt is 1[2]
07-14 18:56:29.106   901  2169 D audio_hw_primary: disable_snd_device: snd_device(2: speaker)[SND_DEVICE_OUT_SPEAKER]
07-14 18:56:29.106   901  2169 D msm8974_platform: platform_split_snd_device: snd_device(2) num devices(0) new_snd_devices(0)
07-14 18:56:29.106   901  2169 V audio_route: Reset path: speaker
07-14 18:56:29.106   901  2169 D audio_route: audio_route_reset_and_update_path name speaker
07-14 18:56:29.109   901  2169 I soundtrigger: audio_extn_sound_trigger_update_device_status: device 0x2 of type 0 for Event 0, with Raise=0
07-14 18:56:29.109   901  2169 D audio_hw_primary: out_standby: exit
07-14 18:56:29.111  1894  4055 I system_server: oneway function results will be dropped but finished with status OK and parcel size 4
07-14 18:56:29.126   601   601 E SELinux : avc:  denied  { find } for pid=4514 uid=10181 name=tethering scontext=u:r:vendor_systemhelper_app:s0:c512,c768 tcontext=u:object_r:tethering_service:s0 tclass=service_manager permissive=0
07-14 18:56:29.186  1894  2393 D WifiScoreReportInjector: Fast switch not enabled
07-14 18:56:29.280   915  2384 E CamX    : [ERROR][NCS    ] camxncsintfqsee.cpp:2208 FillSensorData() Invalid sensor index -1
07-14 18:56:29.282   966  1761 D DisplayFeatureHal: HandleSunlightScreen enter modeId 0, cookie = 0
07-14 18:56:29.282   966  1761 D DisplayFeatureHal: HandleSunlightScreen exit ret -1
07-14 18:56:29.327   601   601 E SELinux : avc:  denied  { find } for pid=4514 uid=10181 name=tethering scontext=u:r:vendor_systemhelper_app:s0:c512,c768 tcontext=u:object_r:tethering_service:s0 tclass=service_manager permissive=0
07-14 18:56:29.482 20758 21006 I WnsLogger: [Q:main][WnsSessionMonitor.cpp:132][monitorSession]:monitorSession
07-14 18:56:29.494   904  3454 I vendor.qti.bluetooth@1.0-ibs_handler: ProcessIbsCmd: Received IBS_WAKE_IND: 0xFD
07-14 18:56:29.494   904  3454 D vendor.qti.bluetooth@1.0-ibs_handler: SerialClockVote: vote for UART CLK ON
07-14 18:56:29.494   904  3454 D vendor.qti.bluetooth@1.0-wake_lock: Acquire wakelock is acquired
07-14 18:56:29.494   904  3454 I vendor.qti.bluetooth@1.0-ibs_handler: ProcessIbsCmd: Writing IBS_WAKE_ACK
07-14 18:56:29.496  2502  3457 V bt_stack: [VERBOSE1:btm_ble_gap.cc(1924)] btm_ble_process_ext_adv_pkt: bda=18:1b:ff:1b:3e:12
07-14 18:56:29.496  2502  3457 V bt_stack: [VERBOSE1:btm_ble_gap.cc(1848)] btm_ble_process_adv_addr: bda=18:1b:ff:1b:3e:12
07-14 18:56:29.496  2502  3457 V bt_stack: [VERBOSE1:btm_inq.cc(1019)] BTM_InqDbRead: bd addr 18:1b:ff:1b:3e:12
07-14 18:56:29.497  2502  3457 V bt_stack: [VERBOSE1:btm_ble_gap.cc(1924)] btm_ble_process_ext_adv_pkt: bda=82:77:16:df:41:1c
07-14 18:56:29.497  2502  3457 V bt_stack: [VERBOSE1:btm_ble_gap.cc(1848)] btm_ble_process_adv_addr: bda=82:77:16:df:41:1c
07-14 18:56:29.497  2502  3457 V bt_stack: [VERBOSE1:btm_ble_gap.cc(2058)]  Waiting for scan response 82:77:16:df:41:1c
07-14 18:56:29.497  2502  3457 V bt_stack: [VERBOSE1:btm_ble_gap.cc(1924)] btm_ble_process_ext_adv_pkt: bda=82:77:16:df:41:1c
07-14 18:56:29.497  2502  3457 V bt_stack: [VERBOSE1:btm_ble_gap.cc(1848)] btm_ble_process_adv_addr: bda=82:77:16:df:41:1c
07-14 18:56:29.497  2502  3457 V bt_stack: [VERBOSE1:btm_inq.cc(1019)] BTM_InqDbRead: bd addr 82:77:16:df:41:1c
07-14 18:56:29.505  3471  3587 D MiuiMiHomeConnectController: getDeviceTimes
07-14 18:56:29.506  3471  3587 D MiuiMiHomeConnectController: result.getRssi = -6700:00:00:DF:41:1C
07-14 18:56:29.510  3471  3587 D MiuiMiHomeDownloadManager: check local file : null
07-14 18:56:29.510  3471  3587 D MiuiMiHomeDownloadManager: device: 5306    return rssiNum: -50
07-14 18:56:29.510  3471  3587 D MiuiMiHomeConnectController: rssi num is not fit cloud data
07-14 18:56:29.528   601   601 E SELinux : avc:  denied  { find } for pid=4514 uid=10181 name=tethering scontext=u:r:vendor_systemhelper_app:s0:c512,c768 tcontext=u:object_r:tethering_service:s0 tclass=service_manager permissive=0
07-14 18:56:29.575   904  3454 I vendor.qti.bluetooth@1.0-ibs_handler: ProcessIbsCmd: Received IBS_SLEEP_IND: 0xFE
07-14 18:56:29.576   904  3454 D vendor.qti.bluetooth@1.0-ibs_handler: SerialClockVote: vote for UART CLK OFF
07-14 18:56:29.726   904  3130 D vendor.qti.bluetooth@1.0-wake_lock: Release wakelock is released
07-14 18:56:29.729   601   601 E SELinux : avc:  denied  { find } for pid=4514 uid=10181 name=tethering scontext=u:r:vendor_systemhelper_app:s0:c512,c768 tcontext=u:object_r:tethering_service:s0 tclass=service_manager permissive=0
07-14 18:56:29.931   601   601 E SELinux : avc:  denied  { find } for pid=4514 uid=10181 name=tethering scontext=u:r:vendor_systemhelper_app:s0:c512,c768 tcontext=u:object_r:tethering_service:s0 tclass=service_manager permissive=0
07-14 18:56:29.996  5340 19143 I SafeBinderCall: onPositionChange binder cost:1
07-14 18:56:29.996  2565  2565 D MiPlayDetailViewModel: onPositionChange(): position = 0
07-14 18:56:30.132   601   601 E SELinux : avc:  denied  { find } for pid=4514 uid=10181 name=tethering scontext=u:r:vendor_systemhelper_app:s0:c512,c768 tcontext=u:object_r:tethering_service:s0 tclass=service_manager permissive=0
07-14 18:56:30.534   601   601 I chatty  : uid=1000(system) /system/bin/servicemanager identical 2 lines
07-14 18:56:30.736   601   601 E SELinux : avc:  denied  { find } for pid=4514 uid=10181 name=tethering scontext=u:r:vendor_systemhelper_app:s0:c512,c768 tcontext=u:object_r:tethering_service:s0 tclass=service_manager permissive=0
07-14 18:56:30.829 25559 25633 D config.Worker: config,ver: null
07-14 18:56:30.832 25559 25633 D ab.Worker: ab,ver: null
07-14 18:56:30.833 25559 25633 I neuron.poster: [thread_report] Send package with events=1, bytes=422, statusCode=200, sn=[4]
07-14 18:56:30.834   904  3454 I vendor.qti.bluetooth@1.0-ibs_handler: ProcessIbsCmd: Received IBS_WAKE_IND: 0xFD
07-14 18:56:30.834   904  3454 D vendor.qti.bluetooth@1.0-ibs_handler: SerialClockVote: vote for UART CLK ON
07-14 18:56:30.834   904  3454 D vendor.qti.bluetooth@1.0-wake_lock: Acquire wakelock is acquired
07-14 18:56:30.834   904  3454 I vendor.qti.bluetooth@1.0-ibs_handler: ProcessIbsCmd: Writing IBS_WAKE_ACK
07-14 18:56:30.835  2502  3457 V bt_stack: [VERBOSE1:btm_ble_gap.cc(1924)] btm_ble_process_ext_adv_pkt: bda=41:60:0c:89:0b:54
07-14 18:56:30.835  2502  3457 V bt_stack: [VERBOSE1:btm_ble_gap.cc(1848)] btm_ble_process_adv_addr: bda=41:60:0c:89:0b:54
07-14 18:56:30.836  2502  3457 V bt_stack: [VERBOSE1:btm_inq.cc(1019)] BTM_InqDbRead: bd addr 41:60:0c:89:0b:54
07-14 18:56:30.853 25153 25497 D CronetEngine: [thread_background]
07-14 18:56:30.853 25153 25497 D CronetEngine: url: https://www.uat.missevan.com/files/2021-07-08/dc6eb90c968aa330313818387a792dd1.jpg?x-oss-process=image/resize,w_1003/format,webp
07-14 18:56:30.853 25153 25497 D CronetEngine:  ip: 10.21.251.43
07-14 18:56:30.853 25153 25497 D CronetEngine:  hostResolverProvider:
07-14 18:56:30.853 25153 25497 D CronetEngine:  hostResolveIps: []
07-14 18:56:30.853 25153 25497 D CronetEngine: exception: null
07-14 18:56:30.857 25153 25153 W Glide   : Load failed for https://www.uat.missevan.com/files/2021-07-08/dc6eb90c968aa330313818387a792dd1.jpg with size [1003x263]
07-14 18:56:30.857 25153 25153 W Glide   : class com.bumptech.glide.load.a.q: Failed to load resource
07-14 18:56:30.857 25153 25153 W Glide   : There was 1 root cause:
07-14 18:56:30.857 25153 25153 W Glide   : com.bumptech.glide.load.e(, status code: 404)
07-14 18:56:30.857 25153 25153 W Glide   :  call GlideException#logRootCauses(String) for more detail
07-14 18:56:30.857 25153 25153 W Glide   :   Cause (1 of 1): class com.bumptech.glide.load.a.q: Fetching data failed, class java.io.InputStream, REMOTE
07-14 18:56:30.857 25153 25153 W Glide   : There was 1 root cause:
07-14 18:56:30.857 25153 25153 W Glide   : com.bumptech.glide.load.e(, status code: 404)
07-14 18:56:30.857 25153 25153 W Glide   :  call GlideException#logRootCauses(String) for more detail
07-14 18:56:30.857 25153 25153 W Glide   :     Cause (1 of 1): class com.bumptech.glide.load.e: , status code: 404
07-14 18:56:30.858 25153 25153 I Glide   : Root cause (1 of 1)
07-14 18:56:30.858 25153 25153 I Glide   : com.bumptech.glide.load.e: , status code: 404
07-14 18:56:30.858 25153 25153 I Glide   : 	at com.bumptech.glide.integration.okhttp3.b.onResponse(SourceFile:71)
07-14 18:56:30.858 25153 25153 I Glide   : 	at okhttp3.ac$a.execute(SourceFile:221)
07-14 18:56:30.858 25153 25153 I Glide   : 	at okhttp3.internal.b.run(SourceFile:32)
07-14 18:56:30.858 25153 25153 I Glide   : 	at java.util.concurrent.ThreadPoolExecutor.runWorker(ThreadPoolExecutor.java:1167)
07-14 18:56:30.858 25153 25153 I Glide   : 	at java.util.concurrent.ThreadPoolExecutor$Worker.run(ThreadPoolExecutor.java:641)
07-14 18:56:30.858 25153 25153 I Glide   : 	at java.lang.Thread.run(Thread.java:923)
07-14 18:56:30.915   904  3454 I vendor.qti.bluetooth@1.0-ibs_handler: ProcessIbsCmd: Received IBS_SLEEP_IND: 0xFE
07-14 18:56:30.915   904  3454 D vendor.qti.bluetooth@1.0-ibs_handler: SerialClockVote: vote for UART CLK OFF
07-14 18:56:30.937   601   601 E SELinux : avc:  denied  { find } for pid=4514 uid=10181 name=tethering scontext=u:r:vendor_systemhelper_app:s0:c512,c768 tcontext=u:object_r:tethering_service:s0 tclass=service_manager permissive=0
07-14 18:56:30.994  5340 19143 I SafeBinderCall: onPositionChange binder cost:0
07-14 18:56:30.995  2565  2565 D MiPlayDetailViewModel: onPositionChange(): position = 0
07-14 18:56:31.065   904  3130 D vendor.qti.bluetooth@1.0-wake_lock: Release wakelock is released
07-14 18:56:31.083 25153 25181 D LeakCanary: Setting up flushing for Thread[SL-NetWorkSender,5,main]
07-14 18:56:31.139   601   601 E SELinux : avc:  denied  { find } for pid=4514 uid=10181 name=tethering scontext=u:r:vendor_systemhelper_app:s0:c512,c768 tcontext=u:object_r:tethering_service:s0 tclass=service_manager permissive=0
07-14 18:56:31.340   601   601 I chatty  : uid=1000(system) /system/bin/servicemanager identical 1 line
07-14 18:56:31.542   601   601 E SELinux : avc:  denied  { find } for pid=4514 uid=10181 name=tethering scontext=u:r:vendor_systemhelper_app:s0:c512,c768 tcontext=u:object_r:tethering_service:s0 tclass=service_manager permissive=0
07-14 18:56:31.557  1894  2363 I MiuiNetworkPolicy: bandwidth: 12 KB/s, Max bandwidth: 1412 KB/s
07-14 18:56:31.696 25153 25521 D BufferPoolAccessor2.0: bufferpool2 0x78a56ac228 : 0(0 size) total buffers - 0(0 size) used buffers - 0/5 (recycle/alloc) - 4/94 (fetch/transfer)
07-14 18:56:31.696 25153 25521 D BufferPoolAccessor2.0: evictor expired: 1, evicted: 1
07-14 18:56:31.698  1452  3059 D BufferPoolAccessor2.0: bufferpool2 0xb40000737b70b028 : 0(0 size) total buffers - 0(0 size) used buffers - 44/48 (recycle/alloc) - 4/48 (fetch/transfer)
07-14 18:56:31.698  1452  3059 D BufferPoolAccessor2.0: evictor expired: 1, evicted: 1
07-14 18:56:31.743   601   601 E SELinux : avc:  denied  { find } for pid=4514 uid=10181 name=tethering scontext=u:r:vendor_systemhelper_app:s0:c512,c768 tcontext=u:object_r:tethering_service:s0 tclass=service_manager permissive=0
07-14 18:56:31.830   915  2384 E CamX    : [ERROR][NCS    ] camxncsintfqsee.cpp:2208 FillSensorData() Invalid sensor index -1
07-14 18:56:31.832   966  1761 D DisplayFeatureHal: HandleSunlightScreen enter modeId 0, cookie = 0
07-14 18:56:31.832   966  1761 D DisplayFeatureHal: HandleSunlightScreen exit ret -1
07-14 18:56:31.944   601   601 E SELinux : avc:  denied  { find } for pid=4514 uid=10181 name=tethering scontext=u:r:vendor_systemhelper_app:s0:c512,c768 tcontext=u:object_r:tethering_service:s0 tclass=service_manager permissive=0
07-14 18:56:31.995  2565  2565 D MiPlayDetailViewModel: onPositionChange(): position = 0
07-14 18:56:31.995  5340 19143 I SafeBinderCall: onPositionChange binder cost:1
07-14 18:56:31.995 25559 25580 I .missevan:stat: Waiting for a blocking GC ProfileSaver
07-14 18:56:32.018 25559 25580 I .missevan:stat: WaitForGcToComplete blocked ProfileSaver on ClassLinker for 22.706ms
07-14 18:56:32.026 25559 25573 I .missevan:stat: WaitForGcToComplete blocked RunEmptyCheckpoint on ProfileSaver for 7.738ms
07-14 18:56:32.147   601   601 E SELinux : avc:  denied  { find } for pid=4514 uid=10181 name=tethering scontext=u:r:vendor_systemhelper_app:s0:c512,c768 tcontext=u:object_r:tethering_service:s0 tclass=service_manager permissive=0
07-14 18:56:32.166  5340  5340 I MiPlayAudioService: onTick:549s
07-14 18:56:32.172   904  3454 I vendor.qti.bluetooth@1.0-ibs_handler: ProcessIbsCmd: Received IBS_WAKE_IND: 0xFD
07-14 18:56:32.172   904  3454 D vendor.qti.bluetooth@1.0-ibs_handler: SerialClockVote: vote for UART CLK ON
07-14 18:56:32.172   904  3454 D vendor.qti.bluetooth@1.0-wake_lock: Acquire wakelock is acquired
07-14 18:56:32.172   904  3454 I vendor.qti.bluetooth@1.0-ibs_handler: ProcessIbsCmd: Writing IBS_WAKE_ACK
07-14 18:56:32.174  2502  3457 V bt_stack: [VERBOSE1:btm_ble_gap.cc(1924)] btm_ble_process_ext_adv_pkt: bda=a4:c1:38:46:89:ea
07-14 18:56:32.174  2502  3457 V bt_stack: [VERBOSE1:btm_ble_gap.cc(1848)] btm_ble_process_adv_addr: bda=a4:c1:38:46:89:ea
07-14 18:56:32.174  2502  3457 V bt_stack: [VERBOSE1:btm_ble_gap.cc(2058)]  Waiting for scan response a4:c1:38:46:89:ea
07-14 18:56:32.174  2502  3457 V bt_stack: [VERBOSE1:btm_ble_gap.cc(1924)] btm_ble_process_ext_adv_pkt: bda=a4:c1:38:46:89:ea
07-14 18:56:32.174  2502  3457 V bt_stack: [VERBOSE1:btm_ble_gap.cc(1848)] btm_ble_process_adv_addr: bda=a4:c1:38:46:89:ea
07-14 18:56:32.174  2502  3457 V bt_stack: [VERBOSE1:btm_inq.cc(1019)] BTM_InqDbRead: bd addr a4:c1:38:46:89:ea
07-14 18:56:32.174  2502  3457 V bt_stack: [VERBOSE1:btm_ble_gap.cc(1924)] btm_ble_process_ext_adv_pkt: bda=18:1b:ff:1b:3e:12
07-14 18:56:32.174  2502  3457 V bt_stack: [VERBOSE1:btm_ble_gap.cc(1848)] btm_ble_process_adv_addr: bda=18:1b:ff:1b:3e:12
07-14 18:56:32.175  2502  3457 V bt_stack: [VERBOSE1:btm_inq.cc(1019)] BTM_InqDbRead: bd addr 18:1b:ff:1b:3e:12
07-14 18:56:32.182  3471  3587 D MiuiMiHomeConnectController: getDeviceTimes
07-14 18:56:32.183  3471  3587 D MiuiMiHomeConnectController: result.getRssi = -8100:00:00:46:89:EA
07-14 18:56:32.185  3471  3587 D MiuiMiHomeDownloadManager: check local file : null
07-14 18:56:32.185  3471  3587 D MiuiMiHomeDownloadManager: device: 1371    return rssiNum: -50
07-14 18:56:32.185  3471  3587 D MiuiMiHomeConnectController: rssi num is not fit cloud data
07-14 18:56:32.196  1894  2393 D WifiScoreReportInjector: Fast switch not enabled
07-14 18:56:32.253   904  3454 I vendor.qti.bluetooth@1.0-ibs_handler: ProcessIbsCmd: Received IBS_SLEEP_IND: 0xFE
07-14 18:56:32.254   904  3454 D vendor.qti.bluetooth@1.0-ibs_handler: SerialClockVote: vote for UART CLK OFF
07-14 18:56:32.349   601   601 E SELinux : avc:  denied  { find } for pid=4514 uid=10181 name=tethering scontext=u:r:vendor_systemhelper_app:s0:c512,c768 tcontext=u:object_r:tethering_service:s0 tclass=service_manager permissive=0
07-14 18:56:32.404   904  3130 D vendor.qti.bluetooth@1.0-wake_lock: Release wakelock is released
07-14 18:56:32.428  1894  2363 I MiuiNetworkPolicy: updateUidState uid = 10148, uidState = 16
07-14 18:56:32.472  1894  2363 I MiuiNetworkPolicy: updateUidState uid = 10127, uidState = 19
07-14 18:56:32.550   601   601 E SELinux : avc:  denied  { find } for pid=4514 uid=10181 name=tethering scontext=u:r:vendor_systemhelper_app:s0:c512,c768 tcontext=u:object_r:tethering_service:s0 tclass=service_manager permissive=0
07-14 18:56:32.751   601   601 E SELinux : avc:  denied  { find } for pid=4514 uid=10181 name=tethering scontext=u:r:vendor_systemhelper_app:s0:c512,c768 tcontext=u:object_r:tethering_service:s0 tclass=service_manager permissive=0
07-14 18:56:32.764   904  3454 I vendor.qti.bluetooth@1.0-ibs_handler: ProcessIbsCmd: Received IBS_WAKE_IND: 0xFD
07-14 18:56:32.764   904  3454 D vendor.qti.bluetooth@1.0-ibs_handler: SerialClockVote: vote for UART CLK ON
07-14 18:56:32.764   904  3454 D vendor.qti.bluetooth@1.0-wake_lock: Acquire wakelock is acquired
07-14 18:56:32.764   904  3454 I vendor.qti.bluetooth@1.0-ibs_handler: ProcessIbsCmd: Writing IBS_WAKE_ACK
07-14 18:56:32.765  2502  3457 V bt_stack: [VERBOSE1:btm_ble_gap.cc(1924)] btm_ble_process_ext_adv_pkt: bda=7c:25:da:a1:a6:8e
07-14 18:56:32.765  2502  3457 V bt_stack: [VERBOSE1:btm_ble_gap.cc(1848)] btm_ble_process_adv_addr: bda=7c:25:da:a1:a6:8e
07-14 18:56:32.765  2502  3457 V bt_stack: [VERBOSE1:btm_inq.cc(1019)] BTM_InqDbRead: bd addr 7c:25:da:a1:a6:8e
07-14 18:56:32.767  3471  3587 E MiuiFastConnectService: check adv data not fast connect
07-14 18:56:32.845   904  3454 I vendor.qti.bluetooth@1.0-ibs_handler: ProcessIbsCmd: Received IBS_SLEEP_IND: 0xFE
07-14 18:56:32.845   904  3454 D vendor.qti.bluetooth@1.0-ibs_handler: SerialClockVote: vote for UART CLK OFF
07-14 18:56:32.952   601   601 E SELinux : avc:  denied  { find } for pid=4514 uid=10181 name=tethering scontext=u:r:vendor_systemhelper_app:s0:c512,c768 tcontext=u:object_r:tethering_service:s0 tclass=service_manager permissive=0
07-14 18:56:32.995  5340 19143 I SafeBinderCall: onPositionChange binder cost:1
07-14 18:56:32.995  2565  2565 D MiPlayDetailViewModel: onPositionChange(): position = 0
07-14 18:56:32.995   904  3130 D vendor.qti.bluetooth@1.0-wake_lock: Release wakelock is released
07-14 18:56:33.154   601   601 E SELinux : avc:  denied  { find } for pid=4514 uid=10181 name=tethering scontext=u:r:vendor_systemhelper_app:s0:c512,c768 tcontext=u:object_r:tethering_service:s0 tclass=service_manager permissive=0
07-14 18:56:33.356   601   601 E SELinux : avc:  denied  { find } for pid=4514 uid=10181 name=tethering scontext=u:r:vendor_systemhelper_app:s0:c512,c768 tcontext=u:object_r:tethering_service:s0 tclass=service_manager permissive=0
07-14 18:56:33.376 25153 25230 D NAccs.InAppConn_default:  startChannelService
07-14 18:56:33.377 25153 25230 D NAccs.Config:  getAgooAppKey appkey:umeng:546d7dd7fd98c58fc800082c
07-14 18:56:33.377 25153 25230 I NAccs.a :  dispatchIntent bind service start intent:Intent { act=com.taobao.accs.intent.action.START_SERVICE cmp=cn.missevan/com.taobao.accs.ChannelService (has extras) }
07-14 18:56:33.384 25153 25230 D NAccs.AdapterGlobalClientInfo:  getAgooCustomServiceName serviceName:com.umeng.message.UmengIntentService
07-14 18:56:33.384 25153 25230 I NAccs.a :  dispatchIntent bind service start intent:Intent { act=org.agoo.android.intent.action.REPORT pkg=cn.missevan cmp=cn.missevan/com.umeng.message.UmengIntentService }
07-14 18:56:33.394   782   782 D Zygote  : Forked child process 25653
