07-12 10:46:58.194  1969  2373 D MIUIInput: [MotionEvent] publisher action=0x1, 591009854, channel '621fb02 cn.missevan/cn.missevan.activity.MainActivity (server)'
07-12 10:46:58.194  5637  5637 D MIUIInput: [MotionEvent] ViewRootImpl { action=ACTION_UP, id[0]=0, pointerCount=1, eventTime=591009854, downTime=591009853 } moveCount:0
07-12 10:46:58.194  1374  1903 D libsensor-B2SNotifier: Backlight2SlpiNotifier brightness = 413
07-12 10:46:58.200   908 12312 D vendor.qti.bluetooth@1.0-wake_lock: Release wakelock is released
07-12 10:46:58.201  1000  1000 D CompositionEngine: writeOutputDependentGeometryStateToHWC layer[cn.missevan/cn.missevan.activity.MainActivity#0] set Z 134217728 miFodLayer 134217728
07-12 10:46:58.201  1000  1000 D CompositionEngine: writeOutputDependentGeometryStateToHWC layer[StatusBar#0] set Z 134217729 miFodLayer 134217728
07-12 10:46:58.201  1000  1000 D CompositionEngine: writeOutputDependentGeometryStateToHWC layer[RoundCorner#0] set Z 134217730 miFodLayer 134217728
07-12 10:46:58.201  1000  1000 D CompositionEngine: writeOutputDependentGeometryStateToHWC layer[RoundCorner#1] set Z 134217731 miFodLayer 134217728
07-12 10:46:58.202  6730  6767 I appium  : Waiting up to 10000ms for the device to idle
07-12 10:46:58.203  6730  6767 I appium  : AppiumResponse: {"sessionId":"1ed6b151-fa7f-4d26-8866-896f10d8789d","value":null}
07-12 10:46:58.212  3576 12463 D MiuiFastConnectService: stopBleScan: scanning: true
07-12 10:46:58.213  3576 12463 D BluetoothAdapter: isLeEnabled(): ON
07-12 10:46:58.213 12146 12183 D BtGatt.GattService: stopScan() - queue size =1
07-12 10:46:58.213 12146 12300 I BtGatt.ScanManager: msg.what = 1
07-12 10:46:58.214 12146 12300 D BtGatt.ScanManager: stop scan
07-12 10:46:58.214 12146 12183 D BtGatt.GattService: unregisterScanner() - scannerId=7
07-12 10:46:58.214 12146 12405 V bt_stack: [VERBOSE1:gatt_api.cc(1002)] GATT_Deregister gatt_if=7
07-12 10:46:58.214 12146 12405 V bt_stack: [VERBOSE1:connection_manager.cc(161)] on_app_deregistered : app_id 0x07
07-12 10:46:58.214   908   908 D vendor.qti.bluetooth@1.0-ibs_handler: SerialClockVote: vote for UART CLK ON
07-12 10:46:58.215   908   908 D vendor.qti.bluetooth@1.0-wake_lock: Acquire wakelock is acquired
07-12 10:46:58.215   908   908 I vendor.qti.bluetooth@1.0-ibs_handler: DeviceWakeUp: Writing IBS_WAKE_IND
07-12 10:46:58.220   908 12402 I vendor.qti.bluetooth@1.0-ibs_handler: ProcessIbsCmd: Received IBS_WAKE_ACK: 0xFC
07-12 10:46:58.220  6730  6767 I appium  : channel read: POST /wd/hub/session/1ed6b151-fa7f-4d26-8866-896f10d8789d/element
07-12 10:46:58.221   908 12402 I vendor.qti.bluetooth@1.0-ibs_handler: ProcessIbsCmd: Received IBS_WAKE_IND: 0xFD
07-12 10:46:58.221   908 12402 I vendor.qti.bluetooth@1.0-ibs_handler: ProcessIbsCmd: Writing IBS_WAKE_ACK
07-12 10:46:58.221  6730  6767 I appium  : FindElement command
07-12 10:46:58.221 12146 12262 D BtGatt.GattService: onScanFilterParamsConfigured() - clientIf=7, status=0, action=1, availableSpace=27
07-12 10:46:58.221 12146 12262 D BtGatt.ScanManager: callback done for scannerId - 7 status - 0
07-12 10:46:58.224 12146 12262 D BtGatt.GattService: onScanFilterParamsConfigured() - clientIf=7, status=0, action=1, availableSpace=28
07-12 10:46:58.224 12146 12262 D BtGatt.ScanManager: callback done for scannerId - 7 status - 0
07-12 10:46:58.225 12146 12262 D BtGatt.GattService: onScanFilterParamsConfigured() - clientIf=7, status=0, action=1, availableSpace=29
07-12 10:46:58.225 12146 12262 D BtGatt.ScanManager: callback done for scannerId - 7 status - 0
07-12 10:46:58.225  6730  6767 I appium  : method: 'id', selector: 'cn.missevan:id/et_search'
07-12 10:46:58.225 12146 12262 D BtGatt.GattService: onScanFilterParamsConfigured() - clientIf=7, status=0, action=1, availableSpace=30
07-12 10:46:58.225 12146 12262 D BtGatt.ScanManager: callback done for scannerId - 7 status - 0
07-12 10:46:58.225  6730  6767 I appium  : Waiting up to 10000ms for the device to idle
07-12 10:46:58.226 12146 12262 D BtGatt.GattService: onScanFilterParamsConfigured() - clientIf=7, status=0, action=1, availableSpace=31
07-12 10:46:58.226 12146 12262 D BtGatt.ScanManager: callback done for scannerId - 7 status - 0
07-12 10:46:58.227 12146 12262 D BtGatt.GattService: onScanFilterParamsConfigured() - clientIf=7, status=0, action=1, availableSpace=32
07-12 10:46:58.227 12146 12262 D BtGatt.ScanManager: callback done for scannerId - 7 status - 0
07-12 10:46:58.227 12146 12300 D BtGatt.ScanManager: configureRegularScanParams() - queue=0
07-12 10:46:58.227 12146 12300 D BtGatt.ScanManager: configureRegularScanParams() - ScanSetting LE 1M Scan mode=-2147483648ScanSetting LE Coded Scan mode=-2147483648 mLastConfiguredScanSettingLE1M=0 mLastConfiguredScanSettingLECoded=0scanPhy=1
07-12 10:46:58.227 12146 12300 D BtGatt.ScanManager: configureRegularScanParams() - queue emtpy, scan stopped
07-12 10:46:58.227 12146 12300 D BtGatt.ScanManager: configureRegularScanParams() - queue emtpy, scan stopped
07-12 10:46:58.230  1000  3745 D SurfaceFlinger: getHBMOverlayAlpha backlight=829, mFodSystemBacklight=809, mBrightnessBackup=829
07-12 10:46:58.230  1000  3745 D SurfaceFlinger: brightness=829 alpha=0.584961
07-12 10:46:58.230  1374  1903 D libsensor-B2SNotifier: Backlight2SlpiNotifier brightness = 414
07-12 10:46:58.242   599   599 E SELinux : avc:  denied  { find } for pid=7093 uid=10181 name=tethering scontext=u:r:vendor_systemhelper_app:s0:c512,c768 tcontext=u:object_r:tethering_service:s0 tclass=service_manager permissive=0
07-12 10:46:58.247 26195 26195 I AppiumIME: onFinishInput
07-12 10:46:58.247 26195 26195 I AppiumIME: onStartInput
07-12 10:46:58.250  5637  5637 W RecyclerView: No adapter attached; skipping layout
07-12 10:46:58.251  5637  5637 V TextView: sendCursorInfo support:true
07-12 10:46:58.261  3576 12463 D MiuiFastConnectService: handleMessage: MSG_START_BLE_SCAN
07-12 10:46:58.261  3576 12463 D BluetoothAdapter: isLeEnabled(): ON
07-12 10:46:58.264  6730  6767 I appium  : AppiumResponse: {"sessionId":"1ed6b151-fa7f-4d26-8866-896f10d8789d","value":{"ELEMENT":"00000000-0000-1173-ffff-ffff000009a1","element-6066-11e4-a52e-4f735466cecf":"00000000-0000-1173-ffff-ffff000009a1"}}
07-12 10:46:58.265 12146 12183 D BtGatt.GattService: registerScanner() - UUID=58f6a24d-718c-42e7-a896-2d352312ab87
07-12 10:46:58.266 12146 12405 V bt_stack: [VERBOSE1:bta_gattc_act.cc(200)] bta_gattc_register: state:2
07-12 10:46:58.266 12146 12405 I bt_stack: [INFO:gatt_api.cc(959)] GATT_Register 4243e762-06d4-a215-0b0c-bb3db7d3a9fc
07-12 10:46:58.266 12146 12405 I bt_stack: [INFO:gatt_api.cc(979)] allocated gatt_if=7
07-12 10:46:58.266 12146 12405 V bt_stack: [VERBOSE1:gatt_api.cc(1089)] GATT_StartIf gatt_if=7
07-12 10:46:58.266 12146 12405 V bt_stack: [VERBOSE1:gatt_utils.cc(254)] gatt_find_the_connected_bda start_idx=0
07-12 10:46:58.266 12146 12405 V bt_stack: [VERBOSE1:gatt_utils.cc(266)]  found=0 found_idx=10
07-12 10:46:58.266 12146 12262 D BtGatt.GattService: onScannerRegistered() - UUID=58f6a24d-718c-42e7-a896-2d352312ab87, scannerId=7, status=0
07-12 10:46:58.267  3576 30382 D BluetoothLeScanner: onScannerRegistered() - status=0 scannerId=7 mScannerId=0
07-12 10:46:58.268 12146 12183 D BtGatt.GattService: start scan with filters. callingPackage: com.xiaomi.bluetooth
07-12 10:46:58.269 12146 12183 E BtGatt.GattService:  [Landroid.content.pm.ServiceInfo;@4eb93c1
07-12 10:46:58.270 12146 12300 I BtGatt.ScanManager: msg.what = 0
07-12 10:46:58.270 12146 12300 D BtGatt.ScanManager: handling starting scan
07-12 10:46:58.270 12146 12300 D BtGatt.ScanManager: isAptXLowLatencyModeEnabled: false
07-12 10:46:58.272 12146 12262 D BtGatt.GattService: onScanFilterEnableDisabled() - clientIf=7, status=0, action=1
07-12 10:46:58.272 12146 12262 D BtGatt.ScanManager: callback done for scannerId - 7 status - 0
07-12 10:46:58.272 12146 12300 D BtGatt.ScanManager: Available Filter size: 29
07-12 10:46:58.272 12146 12262 D BtGatt.GattService: onScanFilterConfig() - clientIf=7, action = 0 status = 0, filterType=0, availableSpace=0
07-12 10:46:58.272 12146 12262 D BtGatt.ScanManager: callback done for scannerId - 7 status - 0
07-12 10:46:58.272 12146 12300 D BtGatt.ScanManager: configureFilterParamter 500 10000 1 0, deliveryMode=0
07-12 10:46:58.274 12146 12262 D BtGatt.GattService: onScanFilterParamsConfigured() - clientIf=7, status=0, action=0, availableSpace=31
07-12 10:46:58.274 12146 12262 D BtGatt.ScanManager: callback done for scannerId - 7 status - 0
07-12 10:46:58.274 12146 12262 D BtGatt.GattService: onScanFilterConfig() - clientIf=7, action = 0 status = 0, filterType=0, availableSpace=0
07-12 10:46:58.274 12146 12262 D BtGatt.ScanManager: callback done for scannerId - 7 status - 0
07-12 10:46:58.274 12146 12300 D BtGatt.ScanManager: configureFilterParamter 500 10000 1 0, deliveryMode=0
07-12 10:46:58.276 12146 12262 D BtGatt.GattService: onScanFilterParamsConfigured() - clientIf=7, status=0, action=0, availableSpace=30
07-12 10:46:58.276 12146 12262 D BtGatt.ScanManager: callback done for scannerId - 7 status - 0
07-12 10:46:58.276 12146 12262 D BtGatt.GattService: onScanFilterConfig() - clientIf=7, action = 0 status = 0, filterType=0, availableSpace=0
07-12 10:46:58.276 12146 12262 D BtGatt.ScanManager: callback done for scannerId - 7 status - 0
07-12 10:46:58.277 12146 12300 D BtGatt.ScanManager: configureFilterParamter 500 10000 1 0, deliveryMode=0
07-12 10:46:58.278  1000  1000 D CompositionEngine: writeOutputDependentGeometryStateToHWC layer[cn.missevan/cn.missevan.activity.MainActivity#0] set Z 134217728 miFodLayer 134217728
07-12 10:46:58.278  1000  1000 D CompositionEngine: writeOutputDependentGeometryStateToHWC layer[StatusBar#0] set Z 134217729 miFodLayer 134217728
07-12 10:46:58.278  1000  1000 D CompositionEngine: writeOutputDependentGeometryStateToHWC layer[RoundCorner#0] set Z 134217730 miFodLayer 134217728
07-12 10:46:58.278  1000  1000 D CompositionEngine: writeOutputDependentGeometryStateToHWC layer[RoundCorner#1] set Z 134217731 miFodLayer 134217728
07-12 10:46:58.278 12146 12262 D BtGatt.GattService: onScanFilterParamsConfigured() - clientIf=7, status=0, action=0, availableSpace=29
07-12 10:46:58.278 12146 12262 D BtGatt.ScanManager: callback done for scannerId - 7 status - 0
07-12 10:46:58.279 12146 12262 D BtGatt.GattService: onScanFilterConfig() - clientIf=7, action = 0 status = 0, filterType=0, availableSpace=0
07-12 10:46:58.279 12146 12262 D BtGatt.ScanManager: callback done for scannerId - 7 status - 0
07-12 10:46:58.279 12146 12300 D BtGatt.ScanManager: configureFilterParamter 500 10000 1 0, deliveryMode=0
07-12 10:46:58.281 12146 12262 D BtGatt.GattService: onScanFilterParamsConfigured() - clientIf=7, status=0, action=0, availableSpace=28
07-12 10:46:58.281 12146 12262 D BtGatt.ScanManager: callback done for scannerId - 7 status - 0
07-12 10:46:58.281 12146 12262 D BtGatt.GattService: onScanFilterConfig() - clientIf=7, action = 0 status = 0, filterType=0, availableSpace=0
07-12 10:46:58.281 12146 12262 D BtGatt.ScanManager: callback done for scannerId - 7 status - 0
07-12 10:46:58.281 12146 12300 D BtGatt.ScanManager: configureFilterParamter 500 10000 1 0, deliveryMode=0
07-12 10:46:58.283  1000  3745 D SurfaceFlinger: getHBMOverlayAlpha backlight=830, mFodSystemBacklight=809, mBrightnessBackup=830
07-12 10:46:58.283  1000  3745 D SurfaceFlinger: brightness=830 alpha=0.584473
07-12 10:46:58.284 12146 12262 D BtGatt.GattService: onScanFilterParamsConfigured() - clientIf=7, status=0, action=0, availableSpace=27
07-12 10:46:58.284 12146 12262 D BtGatt.ScanManager: callback done for scannerId - 7 status - 0
07-12 10:46:58.284 12146 12262 D BtGatt.GattService: onScanFilterConfig() - clientIf=7, action = 0 status = 0, filterType=0, availableSpace=0
07-12 10:46:58.284 12146 12262 D BtGatt.ScanManager: callback done for scannerId - 7 status - 0
07-12 10:46:58.285 12146 12300 D BtGatt.ScanManager: configureFilterParamter 500 10000 1 0, deliveryMode=0
07-12 10:46:58.286 12146 12262 D BtGatt.GattService: onScanFilterParamsConfigured() - clientIf=7, status=0, action=0, availableSpace=26
07-12 10:46:58.286 12146 12262 D BtGatt.ScanManager: callback done for scannerId - 7 status - 0
07-12 10:46:58.286 12146 12300 D BtGatt.ScanManager: configureRegularScanParams() - queue=1
07-12 10:46:58.286 12146 12300 D BtGatt.ScanManager: configureRegularScanParams() - ScanSetting LE 1M Scan mode=0ScanSetting LE Coded Scan mode=0 mLastConfiguredScanSettingLE1M=-2147483648 mLastConfiguredScanSettingLECoded=-2147483648scanPhy=255
07-12 10:46:58.287 12146 12300 D BtGatt.ScanManager: configureRegularScanParams - scanInterval LE 1M = 660configureRegularScanParams - scanWindow LE 1M= 66configureRegularScanParams - scanInterval LE Coded= 660configureRegularScanParams - scanWindow LE Coded= 66
07-12 10:46:58.287 12146 12262 D BtGatt.GattService: onScanParamSetupCompleted : 0
07-12 10:46:58.290  1374  1903 D libsensor-B2SNotifier: Backlight2SlpiNotifier brightness = 414
07-12 10:46:58.294  6730  6767 I appium  : channel read: POST /wd/hub/session/1ed6b151-fa7f-4d26-8866-896f10d8789d/element/00000000-0000-1173-ffff-ffff000009a1/click
07-12 10:46:58.295  6730  6767 I appium  : Click command
07-12 10:46:58.329 12146 12405 V bt_stack: [VERBOSE1:btm_ble_gap.cc(1924)] btm_ble_process_ext_adv_pkt: bda=48:7e:be:1a:68:6e
07-12 10:46:58.329 12146 12405 V bt_stack: [VERBOSE1:btm_ble_gap.cc(1848)] btm_ble_process_adv_addr: bda=48:7e:be:1a:68:6e
07-12 10:46:58.329 12146 12405 V bt_stack: [VERBOSE1:btm_ble_gap.cc(2058)]  Waiting for scan response 48:7e:be:1a:68:6e
07-12 10:46:58.329 12146 12405 V bt_stack: [VERBOSE1:btm_ble_gap.cc(1924)] btm_ble_process_ext_adv_pkt: bda=48:7e:be:1a:68:6e
07-12 10:46:58.329 12146 12405 V bt_stack: [VERBOSE1:btm_ble_gap.cc(1848)] btm_ble_process_adv_addr: bda=48:7e:be:1a:68:6e
07-12 10:46:58.329 12146 12405 V bt_stack: [VERBOSE1:btm_inq.cc(1019)] BTM_InqDbRead: bd addr 48:7e:be:1a:68:6e
07-12 10:46:58.351  1000  3745 D SurfaceFlinger: getHBMOverlayAlpha backlight=831, mFodSystemBacklight=809, mBrightnessBackup=831
07-12 10:46:58.352  1000  3745 D SurfaceFlinger: brightness=831 alpha=0.584473
07-12 10:46:58.357  1374  1903 D libsensor-B2SNotifier: Backlight2SlpiNotifier brightness = 415
07-12 10:46:58.408   908 12402 I vendor.qti.bluetooth@1.0-ibs_handler: ProcessIbsCmd: Received IBS_SLEEP_IND: 0xFE
07-12 10:46:58.408  1000  3745 D SurfaceFlinger: getHBMOverlayAlpha backlight=832, mFodSystemBacklight=809, mBrightnessBackup=832
07-12 10:46:58.408  1000  3745 D SurfaceFlinger: brightness=832 alpha=0.583984
07-12 10:46:58.412  1374  1903 D libsensor-B2SNotifier: Backlight2SlpiNotifier brightness = 415
07-12 10:46:58.424  1374  1903 D libsensor-B2SNotifier: Backlight2SlpiNotifier brightness = 415
07-12 10:46:58.443   599   599 E SELinux : avc:  denied  { find } for pid=7093 uid=10181 name=tethering scontext=u:r:vendor_systemhelper_app:s0:c512,c768 tcontext=u:object_r:tethering_service:s0 tclass=service_manager permissive=0
07-12 10:46:58.470  1374  1903 D libsensor-B2SNotifier: Backlight2SlpiNotifier brightness = 416
07-12 10:46:58.470  1000  3745 D SurfaceFlinger: getHBMOverlayAlpha backlight=833, mFodSystemBacklight=809, mBrightnessBackup=833
07-12 10:46:58.470  1000  3745 D SurfaceFlinger: brightness=833 alpha=0.583984
07-12 10:46:58.484  1374  1903 D libsensor-B2SNotifier: Backlight2SlpiNotifier brightness = 416
07-12 10:46:58.529  1000  3745 D SurfaceFlinger: getHBMOverlayAlpha backlight=834, mFodSystemBacklight=809, mBrightnessBackup=834
07-12 10:46:58.529  1000  3745 D SurfaceFlinger: brightness=834 alpha=0.583496
07-12 10:46:58.535  1374  1903 D libsensor-B2SNotifier: Backlight2SlpiNotifier brightness = 416
07-12 10:46:58.545  1374  1903 D libsensor-B2SNotifier: Backlight2SlpiNotifier brightness = 416
07-12 10:46:58.585  1000  3745 D SurfaceFlinger: getHBMOverlayAlpha backlight=835, mFodSystemBacklight=809, mBrightnessBackup=835
07-12 10:46:58.585  1000  3745 D SurfaceFlinger: brightness=835 alpha=0.583496
07-12 10:46:58.590  1374  1903 D libsensor-B2SNotifier: Backlight2SlpiNotifier brightness = 417
07-12 10:46:58.640  1000  3745 D SurfaceFlinger: getHBMOverlayAlpha backlight=836, mFodSystemBacklight=809, mBrightnessBackup=836
07-12 10:46:58.640  1000  3745 D SurfaceFlinger: brightness=836 alpha=0.583008
07-12 10:46:58.642  1374  1903 D libsensor-B2SNotifier: Backlight2SlpiNotifier brightness = 417
07-12 10:46:58.644   599   599 E SELinux : avc:  denied  { find } for pid=7093 uid=10181 name=tethering scontext=u:r:vendor_systemhelper_app:s0:c512,c768 tcontext=u:object_r:tethering_service:s0 tclass=service_manager permissive=0
07-12 10:46:58.696  1000  3745 D SurfaceFlinger: getHBMOverlayAlpha backlight=837, mFodSystemBacklight=809, mBrightnessBackup=837
07-12 10:46:58.696  1000  3745 D SurfaceFlinger: brightness=837 alpha=0.583008
07-12 10:46:58.703  1374  1903 D libsensor-B2SNotifier: Backlight2SlpiNotifier brightness = 418
07-12 10:46:58.714  1374  1903 D libsensor-B2SNotifier: Backlight2SlpiNotifier brightness = 418
07-12 10:46:58.762  1000  3745 D SurfaceFlinger: getHBMOverlayAlpha backlight=838, mFodSystemBacklight=809, mBrightnessBackup=838
07-12 10:46:58.762  1000  3745 D SurfaceFlinger: brightness=838 alpha=0.582520
07-12 10:46:58.768  1374  1903 D libsensor-B2SNotifier: Backlight2SlpiNotifier brightness = 418
07-12 10:46:58.777  1374  1903 D libsensor-B2SNotifier: Backlight2SlpiNotifier brightness = 418
07-12 10:46:58.822  1000  3745 D SurfaceFlinger: getHBMOverlayAlpha backlight=839, mFodSystemBacklight=809, mBrightnessBackup=839
07-12 10:46:58.822  1000  3745 D SurfaceFlinger: brightness=839 alpha=0.582520
07-12 10:46:58.822  1374  1903 D libsensor-B2SNotifier: Backlight2SlpiNotifier brightness = 419
07-12 10:46:58.834  1374  1903 D libsensor-B2SNotifier: Backlight2SlpiNotifier brightness = 419
07-12 10:46:58.845   599   599 E SELinux : avc:  denied  { find } for pid=7093 uid=10181 name=tethering scontext=u:r:vendor_systemhelper_app:s0:c512,c768 tcontext=u:object_r:tethering_service:s0 tclass=service_manager permissive=0
07-12 10:46:58.872  1000  3745 D SurfaceFlinger: getHBMOverlayAlpha backlight=840, mFodSystemBacklight=809, mBrightnessBackup=840
07-12 10:46:58.872  1000  3745 D SurfaceFlinger: brightness=840 alpha=0.582520
07-12 10:46:58.880  1374  1903 D libsensor-B2SNotifier: Backlight2SlpiNotifier brightness = 419
07-12 10:46:58.888  1374  1903 D libsensor-B2SNotifier: Backlight2SlpiNotifier brightness = 419
07-12 10:46:58.943  1000  3745 D SurfaceFlinger: getHBMOverlayAlpha backlight=841, mFodSystemBacklight=809, mBrightnessBackup=841
07-12 10:46:58.943  1000  3745 D SurfaceFlinger: brightness=841 alpha=0.582031
07-12 10:46:58.948  1374  1903 D libsensor-B2SNotifier: Backlight2SlpiNotifier brightness = 420
07-12 10:46:58.956  1374  1903 D libsensor-B2SNotifier: Backlight2SlpiNotifier brightness = 420
07-12 10:46:58.983   908 12402 I vendor.qti.bluetooth@1.0-ibs_handler: ProcessIbsCmd: Received IBS_WAKE_IND: 0xFD
07-12 10:46:58.983   908 12402 I vendor.qti.bluetooth@1.0-ibs_handler: ProcessIbsCmd: Writing IBS_WAKE_ACK
07-12 10:46:58.984 12146 12405 V bt_stack: [VERBOSE1:btm_ble_gap.cc(1924)] btm_ble_process_ext_adv_pkt: bda=48:7e:be:1a:68:6e
07-12 10:46:58.985 12146 12405 V bt_stack: [VERBOSE1:btm_ble_gap.cc(1848)] btm_ble_process_adv_addr: bda=48:7e:be:1a:68:6e
07-12 10:46:58.985 12146 12405 V bt_stack: [VERBOSE1:btm_ble_gap.cc(2058)]  Waiting for scan response 48:7e:be:1a:68:6e
07-12 10:46:58.985 12146 12405 V bt_stack: [VERBOSE1:btm_ble_gap.cc(1924)] btm_ble_process_ext_adv_pkt: bda=48:7e:be:1a:68:6e
07-12 10:46:58.985 12146 12405 V bt_stack: [VERBOSE1:btm_ble_gap.cc(1848)] btm_ble_process_adv_addr: bda=48:7e:be:1a:68:6e
07-12 10:46:58.985 12146 12405 V bt_stack: [VERBOSE1:btm_inq.cc(1019)] BTM_InqDbRead: bd addr 48:7e:be:1a:68:6e
07-12 10:46:58.996  1000  3745 D SurfaceFlinger: getHBMOverlayAlpha backlight=842, mFodSystemBacklight=809, mBrightnessBackup=842
07-12 10:46:58.997  1000  3745 D SurfaceFlinger: brightness=842 alpha=0.582031
07-12 10:46:59.002  1374  1903 D libsensor-B2SNotifier: Backlight2SlpiNotifier brightness = 420
07-12 10:46:59.005 12146 12405 V bt_stack: [VERBOSE1:btm_ble_gap.cc(1924)] btm_ble_process_ext_adv_pkt: bda=48:7e:be:1a:68:6e
07-12 10:46:59.005 12146 12405 V bt_stack: [VERBOSE1:btm_ble_gap.cc(1848)] btm_ble_process_adv_addr: bda=48:7e:be:1a:68:6e
07-12 10:46:59.005 12146 12405 V bt_stack: [VERBOSE1:btm_ble_gap.cc(2058)]  Waiting for scan response 48:7e:be:1a:68:6e
07-12 10:46:59.005 12146 12405 V bt_stack: [VERBOSE1:btm_ble_gap.cc(1924)] btm_ble_process_ext_adv_pkt: bda=48:7e:be:1a:68:6e
07-12 10:46:59.005 12146 12405 V bt_stack: [VERBOSE1:btm_ble_gap.cc(1848)] btm_ble_process_adv_addr: bda=48:7e:be:1a:68:6e
07-12 10:46:59.005 12146 12405 V bt_stack: [VERBOSE1:btm_inq.cc(1019)] BTM_InqDbRead: bd addr 48:7e:be:1a:68:6e
07-12 10:46:59.014 12146 12405 V bt_stack: [VERBOSE1:btm_ble_gap.cc(1924)] btm_ble_process_ext_adv_pkt: bda=d4:5e:ec:42:d1:94
07-12 10:46:59.014 12146 12405 V bt_stack: [VERBOSE1:btm_ble_gap.cc(1848)] btm_ble_process_adv_addr: bda=d4:5e:ec:42:d1:94
07-12 10:46:59.014 12146 12405 V bt_stack: [VERBOSE1:btm_ble_gap.cc(2058)]  Waiting for scan response d4:5e:ec:42:d1:94
07-12 10:46:59.015  1374  1903 D libsensor-B2SNotifier: Backlight2SlpiNotifier brightness = 420
07-12 10:46:59.026 12146 12405 V bt_stack: [VERBOSE1:btm_ble_gap.cc(1924)] btm_ble_process_ext_adv_pkt: bda=48:7e:be:1a:68:6e
07-12 10:46:59.027 12146 12405 V bt_stack: [VERBOSE1:btm_ble_gap.cc(1848)] btm_ble_process_adv_addr: bda=48:7e:be:1a:68:6e
07-12 10:46:59.027 12146 12405 V bt_stack: [VERBOSE1:btm_ble_gap.cc(2058)]  Waiting for scan response 48:7e:be:1a:68:6e
07-12 10:46:59.027 12146 12405 V bt_stack: [VERBOSE1:btm_ble_gap.cc(1924)] btm_ble_process_ext_adv_pkt: bda=48:7e:be:1a:68:6e
07-12 10:46:59.027 12146 12405 V bt_stack: [VERBOSE1:btm_ble_gap.cc(1848)] btm_ble_process_adv_addr: bda=48:7e:be:1a:68:6e
07-12 10:46:59.027 12146 12405 V bt_stack: [VERBOSE1:btm_inq.cc(1019)] BTM_InqDbRead: bd addr 48:7e:be:1a:68:6e
07-12 10:46:59.046   599   599 E SELinux : avc:  denied  { find } for pid=7093 uid=10181 name=tethering scontext=u:r:vendor_systemhelper_app:s0:c512,c768 tcontext=u:object_r:tethering_service:s0 tclass=service_manager permissive=0
07-12 10:46:59.056  1000  3745 D SurfaceFlinger: getHBMOverlayAlpha backlight=843, mFodSystemBacklight=809, mBrightnessBackup=843
07-12 10:46:59.056  1000  3745 D SurfaceFlinger: brightness=843 alpha=0.581543
07-12 10:46:59.057  1374  1903 D libsensor-B2SNotifier: Backlight2SlpiNotifier brightness = 421
07-12 10:46:59.071  1374  1903 D libsensor-B2SNotifier: Backlight2SlpiNotifier brightness = 421
07-12 10:46:59.079  1000  1000 D CompositionEngine: writeOutputDependentGeometryStateToHWC layer[cn.missevan/cn.missevan.activity.MainActivity#0] set Z 134217728 miFodLayer 134217728
07-12 10:46:59.080  1000  1000 D CompositionEngine: writeOutputDependentGeometryStateToHWC layer[StatusBar#0] set Z 134217729 miFodLayer 134217728
07-12 10:46:59.080  1000  1000 D CompositionEngine: writeOutputDependentGeometryStateToHWC layer[RoundCorner#0] set Z 134217730 miFodLayer 134217728
07-12 10:46:59.080  1000  1000 D CompositionEngine: writeOutputDependentGeometryStateToHWC layer[RoundCorner#1] set Z 134217731 miFodLayer 134217728
07-12 10:46:59.080  1969  2373 W InputDispatcher: checkSynergyInfo mode:0 info:0 0, id:-1
07-12 10:46:59.080  1969  2373 D MIUIInput: [MotionEvent] publisher action=0x0, 591010747, channel '621fb02 cn.missevan/cn.missevan.activity.MainActivity (server)'
07-12 10:46:59.080  5637  5637 D MIUIInput: [MotionEvent] ViewRootImpl { action=ACTION_DOWN, id[0]=0, pointerCount=1, eventTime=591010747, downTime=591010746 } moveCount:0
07-12 10:46:59.083  1969  2373 W InputDispatcher: checkSynergyInfo mode:0 info:0 0, id:-1
07-12 10:46:59.083  1969  2373 D MIUIInput: [MotionEvent] publisher action=0x1, 591010747, channel '621fb02 cn.missevan/cn.missevan.activity.MainActivity (server)'
07-12 10:46:59.083  5637  5637 D MIUIInput: [MotionEvent] ViewRootImpl { action=ACTION_UP, id[0]=0, pointerCount=1, eventTime=591010747, downTime=591010746 } moveCount:0
07-12 10:46:59.090  1000  1000 D CompositionEngine: writeOutputDependentGeometryStateToHWC layer[cn.missevan/cn.missevan.activity.MainActivity#0] set Z 134217728 miFodLayer 134217728
07-12 10:46:59.090  1000  1000 D CompositionEngine: writeOutputDependentGeometryStateToHWC layer[StatusBar#0] set Z 134217729 miFodLayer 134217728
07-12 10:46:59.090  1000  1000 D CompositionEngine: writeOutputDependentGeometryStateToHWC layer[RoundCorner#0] set Z 134217730 miFodLayer 134217728
07-12 10:46:59.090  1000  1000 D CompositionEngine: writeOutputDependentGeometryStateToHWC layer[RoundCorner#1] set Z 134217731 miFodLayer 134217728
07-12 10:46:59.091  6730  6767 I appium  : Waiting up to 10000ms for the device to idle
07-12 10:46:59.092  6730  6767 I appium  : AppiumResponse: {"sessionId":"1ed6b151-fa7f-4d26-8866-896f10d8789d","value":null}
07-12 10:46:59.106   908 12402 I vendor.qti.bluetooth@1.0-ibs_handler: ProcessIbsCmd: Received IBS_SLEEP_IND: 0xFE
07-12 10:46:59.109  1000  3745 D SurfaceFlinger: getHBMOverlayAlpha backlight=844, mFodSystemBacklight=809, mBrightnessBackup=844
07-12 10:46:59.109  1000  3745 D SurfaceFlinger: brightness=844 alpha=0.581543
07-12 10:46:59.113  1374  1903 D libsensor-B2SNotifier: Backlight2SlpiNotifier brightness = 421
07-12 10:46:59.118  6730  6767 I appium  : channel read: POST /wd/hub/session/1ed6b151-fa7f-4d26-8866-896f10d8789d/element
07-12 10:46:59.119  6730  6767 I appium  : FindElement command
07-12 10:46:59.121  6730  6767 I appium  : method: 'id', selector: 'cn.missevan:id/et_search'
07-12 10:46:59.121  6730  6767 I appium  : Waiting up to 10000ms for the device to idle
07-12 10:46:59.173  1000  3745 D SurfaceFlinger: getHBMOverlayAlpha backlight=845, mFodSystemBacklight=809, mBrightnessBackup=845
07-12 10:46:59.173  1000  3745 D SurfaceFlinger: brightness=845 alpha=0.581055
07-12 10:46:59.175  1374  1903 D libsensor-B2SNotifier: Backlight2SlpiNotifier brightness = 422
07-12 10:46:59.185  1374  1903 D libsensor-B2SNotifier: Backlight2SlpiNotifier brightness = 422
07-12 10:46:59.230  1000  3745 D SurfaceFlinger: getHBMOverlayAlpha backlight=846, mFodSystemBacklight=809, mBrightnessBackup=846
07-12 10:46:59.230  1000  3745 D SurfaceFlinger: brightness=846 alpha=0.581055
07-12 10:46:59.237  1374  1903 D libsensor-B2SNotifier: Backlight2SlpiNotifier brightness = 422
07-12 10:46:59.246  1374  1903 D libsensor-B2SNotifier: Backlight2SlpiNotifier brightness = 422
07-12 10:46:59.247   599   599 E SELinux : avc:  denied  { find } for pid=7093 uid=10181 name=tethering scontext=u:r:vendor_systemhelper_app:s0:c512,c768 tcontext=u:object_r:tethering_service:s0 tclass=service_manager permissive=0
07-12 10:46:59.285  1000  3745 D SurfaceFlinger: getHBMOverlayAlpha backlight=847, mFodSystemBacklight=809, mBrightnessBackup=847
07-12 10:46:59.285  1000  3745 D SurfaceFlinger: brightness=847 alpha=0.580566
07-12 10:46:59.288  1374  1903 D libsensor-B2SNotifier: Backlight2SlpiNotifier brightness = 423
07-12 10:46:59.289   908 12408 I vendor.qti.bluetooth@1.0-ibs_handler: DeviceSleep: TX Awake, Sending SLEEP_IND
07-12 10:46:59.289   908 12408 D vendor.qti.bluetooth@1.0-ibs_handler: SerialClockVote: vote for UART CLK OFF
07-12 10:46:59.299  1374  1903 D libsensor-B2SNotifier: Backlight2SlpiNotifier brightness = 423
07-12 10:46:59.351  1000  3745 D SurfaceFlinger: getHBMOverlayAlpha backlight=848, mFodSystemBacklight=809, mBrightnessBackup=848
07-12 10:46:59.351  1000  3745 D SurfaceFlinger: brightness=848 alpha=0.580566
07-12 10:46:59.351  1374  1903 D libsensor-B2SNotifier: Backlight2SlpiNotifier brightness = 423
07-12 10:46:59.360  1374  1903 D libsensor-B2SNotifier: Backlight2SlpiNotifier brightness = 423
07-12 10:46:59.407  1000  3745 D SurfaceFlinger: getHBMOverlayAlpha backlight=849, mFodSystemBacklight=809, mBrightnessBackup=849
07-12 10:46:59.407  1000  3745 D SurfaceFlinger: brightness=849 alpha=0.580078
07-12 10:46:59.416  1374  1903 D libsensor-B2SNotifier: Backlight2SlpiNotifier brightness = 424
07-12 10:46:59.427  1374  1903 D libsensor-B2SNotifier: Backlight2SlpiNotifier brightness = 424
07-12 10:46:59.440   908 12312 D vendor.qti.bluetooth@1.0-wake_lock: Release wakelock is released
07-12 10:46:59.448   599   599 E SELinux : avc:  denied  { find } for pid=7093 uid=10181 name=tethering scontext=u:r:vendor_systemhelper_app:s0:c512,c768 tcontext=u:object_r:tethering_service:s0 tclass=service_manager permissive=0
07-12 10:46:59.462  1000  3745 D SurfaceFlinger: getHBMOverlayAlpha backlight=850, mFodSystemBacklight=809, mBrightnessBackup=850
07-12 10:46:59.462  1000  3745 D SurfaceFlinger: brightness=850 alpha=0.580078
07-12 10:46:59.468  1374  1903 D libsensor-B2SNotifier: Backlight2SlpiNotifier brightness = 424
07-12 10:46:59.477  1374  1903 D libsensor-B2SNotifier: Backlight2SlpiNotifier brightness = 424
07-12 10:46:59.530  1000  3745 D SurfaceFlinger: getHBMOverlayAlpha backlight=851, mFodSystemBacklight=809, mBrightnessBackup=851
07-12 10:46:59.530  1000  3745 D SurfaceFlinger: brightness=851 alpha=0.579590
07-12 10:46:59.536  1374  1903 D libsensor-B2SNotifier: Backlight2SlpiNotifier brightness = 425
07-12 10:46:59.545  1374  1903 D libsensor-B2SNotifier: Backlight2SlpiNotifier brightness = 425
07-12 10:46:59.584  1000  3745 D SurfaceFlinger: getHBMOverlayAlpha backlight=852, mFodSystemBacklight=809, mBrightnessBackup=852
07-12 10:46:59.584  1000  3745 D SurfaceFlinger: brightness=852 alpha=0.579590
07-12 10:46:59.593  1374  1903 D libsensor-B2SNotifier: Backlight2SlpiNotifier brightness = 425
07-12 10:46:59.606  1374  1903 D libsensor-B2SNotifier: Backlight2SlpiNotifier brightness = 425
07-12 10:46:59.616  6730  6767 I appium  : AppiumResponse: {"sessionId":"1ed6b151-fa7f-4d26-8866-896f10d8789d","value":{"ELEMENT":"00000000-0000-1173-ffff-ffff000009a1","element-6066-11e4-a52e-4f735466cecf":"00000000-0000-1173-ffff-ffff000009a1"}}
07-12 10:46:59.644  6730  6767 I appium  : channel read: POST /wd/hub/session/1ed6b151-fa7f-4d26-8866-896f10d8789d/element/00000000-0000-1173-ffff-ffff000009a1/value
07-12 10:46:59.645  6730  6767 I appium  : SendKeysToElement command
07-12 10:46:59.647  1000  3745 D SurfaceFlinger: getHBMOverlayAlpha backlight=853, mFodSystemBacklight=809, mBrightnessBackup=853
07-12 10:46:59.647  1000  3745 D SurfaceFlinger: brightness=853 alpha=0.579590
07-12 10:46:59.648  1374  1903 D libsensor-B2SNotifier: Backlight2SlpiNotifier brightness = 426
07-12 10:46:59.649   599   599 E SELinux : avc:  denied  { find } for pid=7093 uid=10181 name=tethering scontext=u:r:vendor_systemhelper_app:s0:c512,c768 tcontext=u:object_r:tethering_service:s0 tclass=service_manager permissive=0
07-12 10:46:59.659  1374  1903 D libsensor-B2SNotifier: Backlight2SlpiNotifier brightness = 426
07-12 10:46:59.667 26195 26195 I AppiumIME: onStartInput
07-12 10:46:59.696  1000  3745 D SurfaceFlinger: getHBMOverlayAlpha backlight=854, mFodSystemBacklight=809, mBrightnessBackup=854
07-12 10:46:59.696  1000  3745 D SurfaceFlinger: brightness=854 alpha=0.579102
07-12 10:46:59.698  1374  1903 D libsensor-B2SNotifier: Backlight2SlpiNotifier brightness = 426
07-12 10:46:59.717   908 12402 I vendor.qti.bluetooth@1.0-ibs_handler: ProcessIbsCmd: Received IBS_WAKE_IND: 0xFD
07-12 10:46:59.717   908 12402 D vendor.qti.bluetooth@1.0-ibs_handler: SerialClockVote: vote for UART CLK ON
07-12 10:46:59.717   908 12402 D vendor.qti.bluetooth@1.0-wake_lock: Acquire wakelock is acquired
07-12 10:46:59.717   908 12402 I vendor.qti.bluetooth@1.0-ibs_handler: ProcessIbsCmd: Writing IBS_WAKE_ACK
07-12 10:46:59.718 12146 12405 V bt_stack: [VERBOSE1:btm_ble_gap.cc(1924)] btm_ble_process_ext_adv_pkt: bda=7c:25:da:a1:a6:8e
07-12 10:46:59.719 12146 12405 V bt_stack: [VERBOSE1:btm_ble_gap.cc(1848)] btm_ble_process_adv_addr: bda=7c:25:da:a1:a6:8e
07-12 10:46:59.719 12146 12405 V bt_stack: [VERBOSE1:btm_inq.cc(1019)] BTM_InqDbRead: bd addr 7c:25:da:a1:a6:8e
07-12 10:46:59.722  3576 12463 E MiuiFastConnectService: check adv data not fast connect
07-12 10:46:59.763  1000  3745 D SurfaceFlinger: getHBMOverlayAlpha backlight=855, mFodSystemBacklight=809, mBrightnessBackup=855
07-12 10:46:59.763  1000  3745 D SurfaceFlinger: brightness=855 alpha=0.579102
07-12 10:46:59.764  1374  1903 D libsensor-B2SNotifier: Backlight2SlpiNotifier brightness = 427
07-12 10:46:59.774  1374  1903 D libsensor-B2SNotifier: Backlight2SlpiNotifier brightness = 427
07-12 10:46:59.798   908 12402 I vendor.qti.bluetooth@1.0-ibs_handler: ProcessIbsCmd: Received IBS_SLEEP_IND: 0xFE
07-12 10:46:59.798   908 12402 D vendor.qti.bluetooth@1.0-ibs_handler: SerialClockVote: vote for UART CLK OFF
07-12 10:46:59.818  1000  3745 D SurfaceFlinger: getHBMOverlayAlpha backlight=856, mFodSystemBacklight=809, mBrightnessBackup=856
07-12 10:46:59.818  1000  3745 D SurfaceFlinger: brightness=856 alpha=0.578613
07-12 10:46:59.824  1374  1903 D libsensor-B2SNotifier: Backlight2SlpiNotifier brightness = 427
07-12 10:46:59.828  2687  2687 D MiuiPhoneStatusBarPolicy: updateBluetooth: action = null
07-12 10:46:59.828  2687  2687 D MiuiPhoneStatusBarPolicy: updateBluetooth: BluetoothFlowState = 0
07-12 10:46:59.835  1374  1903 D libsensor-B2SNotifier: Backlight2SlpiNotifier brightness = 427
07-12 10:46:59.845  2687  2867 I android_os_HwBinder: HwBinder: Starting thread pool for getting: vendor.xiaomi.hardware.micharge@1.0::IMiCharge/default
07-12 10:46:59.846   971  7810 I vendor.xiaomi.hardware.micharge@1.0-service: ReadFilePathValue path = /sys/class/power_supply/wireless/reverse_chg_mode value = 0
07-12 10:46:59.848  2687  2867 I android_os_HwBinder: HwBinder: Starting thread pool for getting: vendor.xiaomi.hardware.micharge@1.0::IMiCharge/default
07-12 10:46:59.848   971  7810 I vendor.xiaomi.hardware.micharge@1.0-service: ReadFilePathValue path = /sys/class/power_supply/wireless/reverse_chg_mode value = 0
07-12 10:46:59.849   599   599 E SELinux : avc:  denied  { find } for pid=7093 uid=10181 name=tethering scontext=u:r:vendor_systemhelper_app:s0:c512,c768 tcontext=u:object_r:tethering_service:s0 tclass=service_manager permissive=0
07-12 10:46:59.850  2687  2867 I android_os_HwBinder: HwBinder: Starting thread pool for getting: vendor.xiaomi.hardware.micharge@1.0::IMiCharge/default
07-12 10:46:59.850   971  7810 I vendor.xiaomi.hardware.micharge@1.0-service: ReadFilePathValue path = /sys/class/power_supply/wireless/reverse_chg_mode value = 0
07-12 10:46:59.875  1000  3745 D SurfaceFlinger: getHBMOverlayAlpha backlight=857, mFodSystemBacklight=809, mBrightnessBackup=857
07-12 10:46:59.875  1000  3745 D SurfaceFlinger: brightness=857 alpha=0.578613
07-12 10:46:59.879  1374  1903 D libsensor-B2SNotifier: Backlight2SlpiNotifier brightness = 428
07-12 10:46:59.940  1000  3745 D SurfaceFlinger: getHBMOverlayAlpha backlight=858, mFodSystemBacklight=809, mBrightnessBackup=858
07-12 10:46:59.940  1000  3745 D SurfaceFlinger: brightness=858 alpha=0.578125
07-12 10:46:59.942  1374  1903 D libsensor-B2SNotifier: Backlight2SlpiNotifier brightness = 428
07-12 10:46:59.948   908 12312 D vendor.qti.bluetooth@1.0-wake_lock: Release wakelock is released
07-12 10:46:59.960  1969  2243 I BackLightController:  grayScale = 0.6 factor = 1.0 inBrightness = 0.20933072 outBrightness = 0
07-12 10:47:00.003  2687  2687 D KeyguardUpdateMonitor: received broadcast android.intent.action.TIME_TICK
07-12 10:47:00.004  2687  2687 D KeyguardUpdateMonitor: handleTimeUpdate
07-12 10:47:00.052   599   599 E SELinux : avc:  denied  { find } for pid=7093 uid=10181 name=tethering scontext=u:r:vendor_systemhelper_app:s0:c512,c768 tcontext=u:object_r:tethering_service:s0 tclass=service_manager permissive=0
07-12 10:47:00.056  1000  1000 D CompositionEngine: writeOutputDependentGeometryStateToHWC layer[cn.missevan/cn.missevan.activity.MainActivity#0] set Z 134217728 miFodLayer 134217728
07-12 10:47:00.056  1000  1000 D CompositionEngine: writeOutputDependentGeometryStateToHWC layer[StatusBar#0] set Z 134217729 miFodLayer 134217728
07-12 10:47:00.056  1000  1000 D CompositionEngine: writeOutputDependentGeometryStateToHWC layer[RoundCorner#0] set Z 134217730 miFodLayer 134217728
07-12 10:47:00.056  1000  1000 D CompositionEngine: writeOutputDependentGeometryStateToHWC layer[RoundCorner#1] set Z 134217731 miFodLayer 134217728
07-12 10:47:00.254   599   599 E SELinux : avc:  denied  { find } for pid=7093 uid=10181 name=tethering scontext=u:r:vendor_systemhelper_app:s0:c512,c768 tcontext=u:object_r:tethering_service:s0 tclass=service_manager permissive=0
07-12 10:47:00.405   908 12402 I vendor.qti.bluetooth@1.0-ibs_handler: ProcessIbsCmd: Received IBS_WAKE_IND: 0xFD
07-12 10:47:00.405   908 12402 D vendor.qti.bluetooth@1.0-ibs_handler: SerialClockVote: vote for UART CLK ON
07-12 10:47:00.406   908 12402 D vendor.qti.bluetooth@1.0-wake_lock: Acquire wakelock is acquired
07-12 10:47:00.406   908 12402 I vendor.qti.bluetooth@1.0-ibs_handler: ProcessIbsCmd: Writing IBS_WAKE_ACK
07-12 10:47:00.408 12146 12405 V bt_stack: [VERBOSE1:btm_ble_gap.cc(1924)] btm_ble_process_ext_adv_pkt: bda=48:7e:be:1a:68:6e
07-12 10:47:00.408 12146 12405 V bt_stack: [VERBOSE1:btm_ble_gap.cc(1848)] btm_ble_process_adv_addr: bda=48:7e:be:1a:68:6e
07-12 10:47:00.408 12146 12405 V bt_stack: [VERBOSE1:btm_ble_gap.cc(2058)]  Waiting for scan response 48:7e:be:1a:68:6e
07-12 10:47:00.408 12146 12405 V bt_stack: [VERBOSE1:btm_ble_gap.cc(1924)] btm_ble_process_ext_adv_pkt: bda=48:7e:be:1a:68:6e
07-12 10:47:00.408 12146 12405 V bt_stack: [VERBOSE1:btm_ble_gap.cc(1848)] btm_ble_process_adv_addr: bda=48:7e:be:1a:68:6e
07-12 10:47:00.408 12146 12405 V bt_stack: [VERBOSE1:btm_inq.cc(1019)] BTM_InqDbRead: bd addr 48:7e:be:1a:68:6e
07-12 10:47:00.408 12146 12405 V bt_stack: [VERBOSE1:btm_ble_gap.cc(1924)] btm_ble_process_ext_adv_pkt: bda=48:7e:be:1a:68:6e
07-12 10:47:00.408 12146 12405 V bt_stack: [VERBOSE1:btm_ble_gap.cc(1848)] btm_ble_process_adv_addr: bda=48:7e:be:1a:68:6e
07-12 10:47:00.408 12146 12405 V bt_stack: [VERBOSE1:btm_ble_gap.cc(2058)]  Waiting for scan response 48:7e:be:1a:68:6e
07-12 10:47:00.409 12146 12405 V bt_stack: [VERBOSE1:btm_ble_gap.cc(1924)] btm_ble_process_ext_adv_pkt: bda=48:7e:be:1a:68:6e
07-12 10:47:00.409 12146 12405 V bt_stack: [VERBOSE1:btm_ble_gap.cc(1848)] btm_ble_process_adv_addr: bda=48:7e:be:1a:68:6e
07-12 10:47:00.409 12146 12405 V bt_stack: [VERBOSE1:btm_inq.cc(1019)] BTM_InqDbRead: bd addr 48:7e:be:1a:68:6e
07-12 10:47:00.455   599   599 E SELinux : avc:  denied  { find } for pid=7093 uid=10181 name=tethering scontext=u:r:vendor_systemhelper_app:s0:c512,c768 tcontext=u:object_r:tethering_service:s0 tclass=service_manager permissive=0
07-12 10:47:00.488   908 12402 I vendor.qti.bluetooth@1.0-ibs_handler: ProcessIbsCmd: Received IBS_SLEEP_IND: 0xFE
07-12 10:47:00.488   908 12402 D vendor.qti.bluetooth@1.0-ibs_handler: SerialClockVote: vote for UART CLK OFF
07-12 10:47:00.566 26195 26195 I AppiumIME: onStartInput
07-12 10:47:00.577  6730  6767 I appium  : AppiumResponse: {"sessionId":"1ed6b151-fa7f-4d26-8866-896f10d8789d","value":null}
07-12 10:47:00.590  1969  2395 D WifiScoreReportInjector: Fast switch not enabled
07-12 10:47:00.622  1000  1000 D CompositionEngine: writeOutputDependentGeometryStateToHWC layer[cn.missevan/cn.missevan.activity.MainActivity#0] set Z 134217728 miFodLayer 134217728
07-12 10:47:00.623  1000  1000 D CompositionEngine: writeOutputDependentGeometryStateToHWC layer[StatusBar#0] set Z 134217729 miFodLayer 134217728
07-12 10:47:00.623  1000  1000 D CompositionEngine: writeOutputDependentGeometryStateToHWC layer[RoundCorner#0] set Z 134217730 miFodLayer 134217728
07-12 10:47:00.623  1000  1000 D CompositionEngine: writeOutputDependentGeometryStateToHWC layer[RoundCorner#1] set Z 134217731 miFodLayer 134217728
07-12 10:47:00.629  6730  6767 I appium  : channel read: POST /wd/hub/session/1ed6b151-fa7f-4d26-8866-896f10d8789d/appium/device/press_keycode
07-12 10:47:00.631  6730  6767 I appium  : PressKeyCode command
07-12 10:47:00.631  6730  6767 I appium  : Calling PressKeyCode...
07-12 10:47:00.638   908 12312 D vendor.qti.bluetooth@1.0-wake_lock: Release wakelock is released
07-12 10:47:00.656   599   599 E SELinux : avc:  denied  { find } for pid=7093 uid=10181 name=tethering scontext=u:r:vendor_systemhelper_app:s0:c512,c768 tcontext=u:object_r:tethering_service:s0 tclass=service_manager permissive=0
07-12 10:47:00.674  1969  2393 I MiuiNetworkPolicy: bandwidth: 3 KB/s, Max bandwidth: 4827 KB/s
07-12 10:47:00.857   599   599 E SELinux : avc:  denied  { find } for pid=7093 uid=10181 name=tethering scontext=u:r:vendor_systemhelper_app:s0:c512,c768 tcontext=u:object_r:tethering_service:s0 tclass=service_manager permissive=0
07-12 10:47:01.007   908 12402 I vendor.qti.bluetooth@1.0-ibs_handler: ProcessIbsCmd: Received IBS_WAKE_IND: 0xFD
07-12 10:47:01.007   908 12402 D vendor.qti.bluetooth@1.0-ibs_handler: SerialClockVote: vote for UART CLK ON
07-12 10:47:01.007   908 12402 D vendor.qti.bluetooth@1.0-wake_lock: Acquire wakelock is acquired
07-12 10:47:01.007   908 12402 I vendor.qti.bluetooth@1.0-ibs_handler: ProcessIbsCmd: Writing IBS_WAKE_ACK
07-12 10:47:01.010 12146 12405 V bt_stack: [VERBOSE1:btm_ble_gap.cc(1924)] btm_ble_process_ext_adv_pkt: bda=48:7e:be:1a:68:6e
07-12 10:47:01.010 12146 12405 V bt_stack: [VERBOSE1:btm_ble_gap.cc(1848)] btm_ble_process_adv_addr: bda=48:7e:be:1a:68:6e
07-12 10:47:01.010 12146 12405 V bt_stack: [VERBOSE1:btm_ble_gap.cc(2058)]  Waiting for scan response 48:7e:be:1a:68:6e
07-12 10:47:01.010 12146 12405 V bt_stack: [VERBOSE1:btm_ble_gap.cc(1924)] btm_ble_process_ext_adv_pkt: bda=48:7e:be:1a:68:6e
07-12 10:47:01.010 12146 12405 V bt_stack: [VERBOSE1:btm_ble_gap.cc(1848)] btm_ble_process_adv_addr: bda=48:7e:be:1a:68:6e
07-12 10:47:01.010 12146 12405 V bt_stack: [VERBOSE1:btm_inq.cc(1019)] BTM_InqDbRead: bd addr 48:7e:be:1a:68:6e
07-12 10:47:01.010 12146 12405 V bt_stack: [VERBOSE1:btm_ble_gap.cc(1924)] btm_ble_process_ext_adv_pkt: bda=c8:28:32:16:78:36
07-12 10:47:01.011 12146 12405 V bt_stack: [VERBOSE1:btm_ble_gap.cc(1848)] btm_ble_process_adv_addr: bda=c8:28:32:16:78:36
07-12 10:47:01.011 12146 12405 V bt_stack: [VERBOSE1:btm_inq.cc(1019)] BTM_InqDbRead: bd addr c8:28:32:16:78:36
07-12 10:47:01.011 12146 12405 V bt_stack: [VERBOSE1:btm_ble_gap.cc(1924)] btm_ble_process_ext_adv_pkt: bda=80:30:49:4a:b5:7e
07-12 10:47:01.011 12146 12405 V bt_stack: [VERBOSE1:btm_ble_gap.cc(1848)] btm_ble_process_adv_addr: bda=80:30:49:4a:b5:7e
07-12 10:47:01.011 12146 12405 V bt_stack: [VERBOSE1:btm_ble_gap.cc(2058)]  Waiting for scan response 80:30:49:4a:b5:7e
07-12 10:47:01.016  3576 12463 E MiuiFastConnectService: check adv data not fast connect
07-12 10:47:01.031 12146 12405 V bt_stack: [VERBOSE1:btm_ble_gap.cc(1924)] btm_ble_process_ext_adv_pkt: bda=48:7e:be:1a:68:6e
07-12 10:47:01.031 12146 12405 V bt_stack: [VERBOSE1:btm_ble_gap.cc(1848)] btm_ble_process_adv_addr: bda=48:7e:be:1a:68:6e
07-12 10:47:01.031 12146 12405 V bt_stack: [VERBOSE1:btm_ble_gap.cc(2058)]  Waiting for scan response 48:7e:be:1a:68:6e
07-12 10:47:01.032 12146 12405 V bt_stack: [VERBOSE1:btm_ble_gap.cc(1924)] btm_ble_process_ext_adv_pkt: bda=48:7e:be:1a:68:6e
07-12 10:47:01.032 12146 12405 V bt_stack: [VERBOSE1:btm_ble_gap.cc(1848)] btm_ble_process_adv_addr: bda=48:7e:be:1a:68:6e
07-12 10:47:01.032 12146 12405 V bt_stack: [VERBOSE1:btm_inq.cc(1019)] BTM_InqDbRead: bd addr 48:7e:be:1a:68:6e
07-12 10:47:01.058   599   599 E SELinux : avc:  denied  { find } for pid=7093 uid=10181 name=tethering scontext=u:r:vendor_systemhelper_app:s0:c512,c768 tcontext=u:object_r:tethering_service:s0 tclass=service_manager permissive=0
07-12 10:47:01.111   908 12402 I vendor.qti.bluetooth@1.0-ibs_handler: ProcessIbsCmd: Received IBS_SLEEP_IND: 0xFE
07-12 10:47:01.111   908 12402 D vendor.qti.bluetooth@1.0-ibs_handler: SerialClockVote: vote for UART CLK OFF
07-12 10:47:01.191  1000  1000 D CompositionEngine: writeOutputDependentGeometryStateToHWC layer[cn.missevan/cn.missevan.activity.MainActivity#0] set Z 134217728 miFodLayer 134217728
07-12 10:47:01.192  1000  1000 D CompositionEngine: writeOutputDependentGeometryStateToHWC layer[StatusBar#0] set Z 134217729 miFodLayer 134217728
07-12 10:47:01.192  1000  1000 D CompositionEngine: writeOutputDependentGeometryStateToHWC layer[RoundCorner#0] set Z 134217730 miFodLayer 134217728
07-12 10:47:01.192  1000  1000 D CompositionEngine: writeOutputDependentGeometryStateToHWC layer[RoundCorner#1] set Z 134217731 miFodLayer 134217728
07-12 10:47:01.194  1969  7080 W BaseMiuiPhoneWindowManager: keyCode:84 down:true eventTime:591012851 downTime:591012851 policyFlags:2b000000 flags:0 deviceId:-1 isScreenOn:true keyguardActive:false repeatCount:0
07-12 10:47:01.196  1969  2373 D MIUIInput: [KeyEvent] publisher action:0x0,  keyCode:84 , 591012851,channel '621fb02 cn.missevan/cn.missevan.activity.MainActivity (server)'
07-12 10:47:01.197  5637  5637 D MIUIInput: [KeyEvent] ViewRootImpl KeyEvent { action=ACTION_DOWN, keyCode=KEYCODE_SEARCH, scanCode=0, metaState=0, flags=0x0, repeatCount=0, eventTime=591012851, downTime=591012851, deviceId=-1, source=0x101, displayId=-1 }
07-12 10:47:01.200 26195 26195 I AppiumIME: onKeyDown (keyCode='84', event.keyCode='84', metaState='0')
07-12 10:47:01.210  1969  7080 W BaseMiuiPhoneWindowManager: keyCode:84 down:false eventTime:591012851 downTime:591012851 policyFlags:2b000000 flags:0 deviceId:-1 isScreenOn:true keyguardActive:false repeatCount:0
07-12 10:47:01.211  1969  2373 D MIUIInput: [KeyEvent] publisher action:0x1,  keyCode:84 , 591012851,channel '621fb02 cn.missevan/cn.missevan.activity.MainActivity (server)'
07-12 10:47:01.212  5637  5637 D MIUIInput: [KeyEvent] ViewRootImpl KeyEvent { action=ACTION_UP, keyCode=KEYCODE_SEARCH, scanCode=0, metaState=0, flags=0x0, repeatCount=0, eventTime=591012851, downTime=591012851, deviceId=-1, source=0x101, displayId=-1 }
07-12 10:47:01.213 26195 26195 I AppiumIME: onKeyUp (keyCode='84', event.keyCode='84', metaState='0')
07-12 10:47:01.219  2687  2687 I vol.MiuiVolumeDialogImp-plugin: dismissH mShowing:false dialog showing:false reason:2
07-12 10:47:01.219  2687  2687 V ShadeControllerImpl: NotificationShadeWindow: com.android.systemui.statusbar.phone.NotificationShadeWindowView{88280a4 I.E...... ......ID 0,0-1080,2340} canPanelBeCollapsed(): false
07-12 10:47:01.224  1000  1000 D CompositionEngine: writeOutputDependentGeometryStateToHWC layer[cn.missevan/cn.missevan.activity.MainActivity#0] set Z 134217728 miFodLayer 134217728
07-12 10:47:01.224  1000  1000 D CompositionEngine: writeOutputDependentGeometryStateToHWC layer[StatusBar#0] set Z 134217729 miFodLayer 134217728
07-12 10:47:01.224  1000  1000 D CompositionEngine: writeOutputDependentGeometryStateToHWC layer[RoundCorner#0] set Z 134217730 miFodLayer 134217728
07-12 10:47:01.224  1000  1000 D CompositionEngine: writeOutputDependentGeometryStateToHWC layer[RoundCorner#1] set Z 134217731 miFodLayer 134217728
07-12 10:47:01.224 26400  6944 I Market-HomeKeyReceiver: onReceive: action: android.intent.action.CLOSE_SYSTEM_DIALOGS
07-12 10:47:01.224 26400  6944 I Market-HomeKeyReceiver: reason: search
07-12 10:47:01.226  6730  6767 I appium  : AppiumResponse: {"sessionId":"1ed6b151-fa7f-4d26-8866-896f10d8789d","value":null}
07-12 10:47:01.251  6730  6767 I appium  : channel read: POST /wd/hub/session/1ed6b151-fa7f-4d26-8866-896f10d8789d/element
07-12 10:47:01.252  6730  6767 I appium  : FindElement command
07-12 10:47:01.255  6730  6767 I appium  : method: 'id', selector: 'cn.missevan:id/cover'
07-12 10:47:01.256  6730  6767 I appium  : Waiting up to 10000ms for the device to idle
07-12 10:47:01.259   599   599 E SELinux : avc:  denied  { find } for pid=7093 uid=10181 name=tethering scontext=u:r:vendor_systemhelper_app:s0:c512,c768 tcontext=u:object_r:tethering_service:s0 tclass=service_manager permissive=0
07-12 10:47:01.261   908 12312 D vendor.qti.bluetooth@1.0-wake_lock: Release wakelock is released
07-12 10:47:01.460   599   599 E SELinux : avc:  denied  { find } for pid=7093 uid=10181 name=tethering scontext=u:r:vendor_systemhelper_app:s0:c512,c768 tcontext=u:object_r:tethering_service:s0 tclass=service_manager permissive=0
07-12 10:47:01.538  1969  2393 D MiuiNetworkPolicy: updateLimit mLimitEnabled=true,enabled=false,mNetworkPriorityMode=1
07-12 10:47:01.661   599   599 E SELinux : avc:  denied  { find } for pid=7093 uid=10181 name=tethering scontext=u:r:vendor_systemhelper_app:s0:c512,c768 tcontext=u:object_r:tethering_service:s0 tclass=service_manager permissive=0
07-12 10:47:01.754   908 12402 I vendor.qti.bluetooth@1.0-ibs_handler: ProcessIbsCmd: Received IBS_WAKE_IND: 0xFD
07-12 10:47:01.754   908 12402 D vendor.qti.bluetooth@1.0-ibs_handler: SerialClockVote: vote for UART CLK ON
07-12 10:47:01.754   908 12402 D vendor.qti.bluetooth@1.0-wake_lock: Acquire wakelock is acquired
07-12 10:47:01.754   908 12402 I vendor.qti.bluetooth@1.0-ibs_handler: ProcessIbsCmd: Writing IBS_WAKE_ACK
07-12 10:47:01.756 12146 12405 V bt_stack: [VERBOSE1:btm_ble_gap.cc(1924)] btm_ble_process_ext_adv_pkt: bda=7c:25:da:a1:a6:8e
07-12 10:47:01.756 12146 12405 V bt_stack: [VERBOSE1:btm_ble_gap.cc(1848)] btm_ble_process_adv_addr: bda=7c:25:da:a1:a6:8e
07-12 10:47:01.756 12146 12405 V bt_stack: [VERBOSE1:btm_inq.cc(1019)] BTM_InqDbRead: bd addr 7c:25:da:a1:a6:8e
07-12 10:47:01.762  3576 12463 E MiuiFastConnectService: check adv data not fast connect
07-12 10:47:01.835   908 12402 I vendor.qti.bluetooth@1.0-ibs_handler: ProcessIbsCmd: Received IBS_SLEEP_IND: 0xFE
07-12 10:47:01.835   908 12402 D vendor.qti.bluetooth@1.0-ibs_handler: SerialClockVote: vote for UART CLK OFF
07-12 10:47:01.862   599   599 E SELinux : avc:  denied  { find } for pid=7093 uid=10181 name=tethering scontext=u:r:vendor_systemhelper_app:s0:c512,c768 tcontext=u:object_r:tethering_service:s0 tclass=service_manager permissive=0
