06-21 16:13:21.127  3814  4306 D BtGatt.ScanManager: track LE scan event: callerPackage = [com.xiaomi.bluetooth], scanMode = [0], reportDelayMillis = [0], behavior = [1], scannerId = [6], duration = [0]
06-21 16:13:21.127  5144  6633 I CCodecBufferChannel: pipelineRoom(2) is <= numClientBuffers(2). Not signalling any more buffers to client
06-21 16:13:21.128  5144  6633 I CCodecBufferChannel: pipelineRoom(1) is <= numClientBuffers(2). Not signalling any more buffers to client
06-21 16:13:21.128  1190  4531 I vendor.qti.bluetooth@1.0-ibs_handler: ProcessIbsCmd: Received IBS_WAKE_IND: 0xFD
06-21 16:13:21.128  1190  4531 I vendor.qti.bluetooth@1.0-ibs_handler: ProcessIbsCmd: Writing IBS_WAKE_ACK
06-21 16:13:21.129  5144  8427 I CCodecBufferChannel: pipelineRoom(1) is <= numClientBuffers(1). Not signalling any more buffers to client
06-21 16:13:21.130  5144  8427 I CCodecBufferChannel: pipelineRoom(2) is <= numClientBuffers(2). Not signalling any more buffers to client
06-21 16:13:21.131  6164  6320 D IdProviderImpl: getOAID from com.miui.analytics
06-21 16:13:21.135  3814  3888 D BtGatt.GattService: onScanFilterEnableDisabled() - clientIf=6, status=0, action=1
06-21 16:13:21.135  3814  3888 D BtGatt.ScanManager: callback done for scannerId - 6 status - 0
06-21 16:13:21.136  3814  4306 D BtGatt.ScanManager: configureScanFilters rssiThreshold: -60, 15
06-21 16:13:21.136  3814  4306 D BtGatt.ScanManager: Available Filter size: 61
06-21 16:13:21.139  3814  3888 D BtGatt.GattService: onScanFilterConfig() - clientIf=6, action = 0 status = 0, filterType=0, availableSpace=0
06-21 16:13:21.139  3814  3888 D BtGatt.ScanManager: callback done for scannerId - 6 status - 0
06-21 16:13:21.140  3814  4306 D BtGatt.ScanManager: configureFilterParamter 500 10000 1 0, deliveryMode=0
06-21 16:13:21.140  4488  4580 I appium  : channel read: POST /wd/hub/session/bde9ac89-d71b-4d5f-af08-eca187838813/element
06-21 16:13:21.141  4488  4580 I appium  : FindElement command
06-21 16:13:21.143  3814  3888 D BtGatt.GattService: onScanFilterParamsConfigured() - clientIf=6, status=0, action=0, availableSpace=63
06-21 16:13:21.143  3814  3888 D BtGatt.ScanManager: callback done for scannerId - 6 status - 0
06-21 16:13:21.144  4488  4580 I appium  : method: 'id', selector: 'com.android.systemui:id/app_name'
06-21 16:13:21.144  4488  4580 I appium  : Waiting up to 100ms for the device to idle
06-21 16:13:21.145  3814  3888 D BtGatt.GattService: onScanFilterConfig() - clientIf=6, action = 0 status = 0, filterType=0, availableSpace=0
06-21 16:13:21.146  3814  3888 D BtGatt.ScanManager: callback done for scannerId - 6 status - 0
06-21 16:13:21.146  3814  4306 D BtGatt.ScanManager: configureFilterParamter 500 10000 1 0, deliveryMode=0
06-21 16:13:21.150  3814  3888 D BtGatt.GattService: onScanFilterParamsConfigured() - clientIf=6, status=0, action=0, availableSpace=62
06-21 16:13:21.150  3814  3888 D BtGatt.ScanManager: callback done for scannerId - 6 status - 0
06-21 16:13:21.151  3814  3888 D BtGatt.GattService: onScanFilterConfig() - clientIf=6, action = 0 status = 0, filterType=0, availableSpace=0
06-21 16:13:21.151  3814  3888 D BtGatt.ScanManager: callback done for scannerId - 6 status - 0
06-21 16:13:21.152  3814  4306 D BtGatt.ScanManager: configureFilterParamter 500 10000 1 0, deliveryMode=0
06-21 16:13:21.155  3814  3888 D BtGatt.GattService: onScanFilterParamsConfigured() - clientIf=6, status=0, action=0, availableSpace=61
06-21 16:13:21.155  3814  3888 D BtGatt.ScanManager: callback done for scannerId - 6 status - 0
06-21 16:13:21.156  3814  3888 D BtGatt.GattService: onScanFilterConfig() - clientIf=6, action = 0 status = 0, filterType=0, availableSpace=0
06-21 16:13:21.157  3814  3888 D BtGatt.ScanManager: callback done for scannerId - 6 status - 0
06-21 16:13:21.157  3814  4306 D BtGatt.ScanManager: configureFilterParamter 500 10000 1 0, deliveryMode=0
06-21 16:13:21.159  3814  3888 D BtGatt.GattService: onScanFilterParamsConfigured() - clientIf=6, status=0, action=0, availableSpace=60
06-21 16:13:21.160  3814  3888 D BtGatt.ScanManager: callback done for scannerId - 6 status - 0
06-21 16:13:21.161  3814  3888 D BtGatt.GattService: onScanFilterConfig() - clientIf=6, action = 0 status = 0, filterType=0, availableSpace=0
06-21 16:13:21.161  3814  3888 D BtGatt.ScanManager: callback done for scannerId - 6 status - 0
06-21 16:13:21.162  3814  4306 D BtGatt.ScanManager: configureFilterParamter 500 10000 1 0, deliveryMode=0
06-21 16:13:21.164  3814  3888 D BtGatt.GattService: onScanFilterParamsConfigured() - clientIf=6, status=0, action=0, availableSpace=59
06-21 16:13:21.164  3814  3888 D BtGatt.ScanManager: callback done for scannerId - 6 status - 0
06-21 16:13:21.165  3814  3888 D BtGatt.GattService: onScanFilterConfig() - clientIf=6, action = 0 status = 0, filterType=0, availableSpace=0
06-21 16:13:21.166  3814  3888 D BtGatt.ScanManager: callback done for scannerId - 6 status - 0
06-21 16:13:21.166  3814  4306 D BtGatt.ScanManager: configureFilterParamter 500 10000 1 0, deliveryMode=0
06-21 16:13:21.168  3814  3888 D BtGatt.GattService: onScanFilterParamsConfigured() - clientIf=6, status=0, action=0, availableSpace=58
06-21 16:13:21.168  3814  3888 D BtGatt.ScanManager: callback done for scannerId - 6 status - 0
06-21 16:13:21.168  3814  4306 D BtGatt.ScanManager: configureRegularScanParams() - queue=1
06-21 16:13:21.168  3814  4306 D BtGatt.ScanManager: configureRegularScanParams() - ScanSetting LE 1M Scan mode=0 ScanSetting LE Coded Scan mode=0 mLastConfiguredScanSettingLE1M=-2147483648 mLastConfiguredScanSettingLECoded=-2147483648 scanPhy=255
06-21 16:13:21.169  3814  4306 W BtGatt.ScanManager: trackLeScan() - mLastStartTime = 0
06-21 16:13:21.170  3814  4306 D BtGatt.ScanManager: configureRegularScanParams - scanInterval LE 1M = 660 configureRegularScanParams - scanWindow LE 1M= 66 configureRegularScanParams - scanInterval LE Coded= 660 configureRegularScanParams - scanWindow LE Coded= 66
06-21 16:13:21.170  3814  3888 D BtGatt.GattService: onScanParamSetupCompleted : 0
06-21 16:13:21.178  2423  5956 I WindowManagerService: Physical orientation applied, rotation=0 sfOrientation=ORIENTATION_0
06-21 16:13:21.195  4653  4802 D MiuiFastConnectService: current device: 00:00:00:41:41:7B, peer device: 00:00:00:40:CC:1F, connect able device: 00:00:00:00:00:00
06-21 16:13:21.195  4653  4802 D MiuiFastConnectService: scanCallback: data=[16,01,09,8C,2E,00,64,4D,F7,CF,89,D3,6C,EE,7B,41,41,EA,D3,6C,EE,1F,CC,40,00,00,00,], rssi: -78
06-21 16:13:21.200  4653  4802 E MiuiFastConnectService: Pre check headset connected
06-21 16:13:21.200  4653  4802 E MiuiFastConnectService: Clear Current Device All Info
06-21 16:13:21.228  1190  4531 I vendor.qti.bluetooth@1.0-ibs_handler: ProcessIbsCmd: Received IBS_SLEEP_IND: 0xFE
06-21 16:13:21.243  5144  6633 I CCodecBufferChannel: pipelineRoom(2) is <= numClientBuffers(2). Not signalling any more buffers to client
06-21 16:13:21.244  5144  6633 I CCodecBufferChannel: pipelineRoom(3) is <= numClientBuffers(3). Not signalling any more buffers to client
06-21 16:13:21.246  5144  8427 I CCodecBufferChannel: pipelineRoom(3) is <= numClientBuffers(3). Not signalling any more buffers to client
06-21 16:13:21.248  5144  8427 I CCodecBufferChannel: pipelineRoom(2) is <= numClientBuffers(2). Not signalling any more buffers to client
06-21 16:13:21.258  2055  3327 D libsensor-displayalgo: the value of  brightness:438.000000,R:4500677.918627,G:4089327.416823,B:4524017.525406,EVENT_C:4304.000000,EVENT_R:1800.000000,EVENT_G:2078.500000,EVENT_B:858.500000
06-21 16:13:21.258  2055  3327 I libsensor-displayalgo: the value of  Coef1:1107.681000,Coef4:2.383000, scale1:0.935522, scale4:0.923264
06-21 16:13:21.258  2055  3327 E libsensor-displayalgo: RGB_black_white_scenario_0822!
06-21 16:13:21.258  2055  3327 I libsensor-displayalgo: the value of  RESULT126.881505,44.508687,66.849058,22.814961
06-21 16:13:21.258  2055  3327 I libsensor-displayalgo: the value of  getChannelDataCalibrated133.028332,41.223623,77.698939,24.900995
06-21 16:13:21.258  2055  3327 I libsensor-displayalgo: the value of  REAL LUX251.374634
06-21 16:13:21.258  2055  3327 I libsensor-displayalgo: the value of  CAL REAL LUX251.374634
06-21 16:13:21.284  2423  4339 I WindowManagerService: Physical orientation applied, rotation=0 sfOrientation=ORIENTATION_0
06-21 16:13:21.287  1289  2256 I vendor.qti.hardware.display.composer-service: FrameNotifyProcess Sensor: notify citsensorservice to trigger cwb
06-21 16:13:21.288  2055  2140 I libcitsensorservice@2.0-impl: msg_transfer
06-21 16:13:21.288  2055  3319 D vendor.xiaomi.sensor.citsensorservice@2.0-service: handle id:11 wxh:1280x2400 uwxuh:1080x2400 size: 9216000 fd:15 fd_meta:16 flags:0x4000228 usage:0x33  format:0x3 layer_count: 1
06-21 16:13:21.289  1289  1864 I SDM     : HWCSession::SetCWBOutputBuffer: CWB config passed by cwb_client : tappoint 1  CWB_ROI : (829.000000 4.000000 915.000000 90.000000)
06-21 16:13:21.291  1289  8450 I SDM     : HWCSession::ProcessRequests: Successfully configured CWB buffer.
06-21 16:13:21.298  1289  8450 I SDM     : HWCSession::ProcessRequests: Pushing release fence in fenece wait queue.
06-21 16:13:21.299  1289  8450 I SDM     : HWCSession::ProcessRequests: Creating AsyncFenceWaits async thread.
06-21 16:13:21.299  1289  8450 I SDM     : HWCSession::ProcessRequests: Remove current CWB request from the pending request queue.
06-21 16:13:21.299  1289  8450 I SDM     : HWCSession::ProcessRequests: No pending cwb requests found in the queue.
06-21 16:13:21.304  1289  1506 I SDM     : HWDeviceDRM::SetupConcurrentWriteback: Tear down the Concurrent Writeback topology
06-21 16:13:21.313  1289  8451 I SDM     : HWCSession::NotifyCWBStatus: Notify the client about buffer status 0.
06-21 16:13:21.317  1289  8451 I SDM     : HWCSession::PerformFenceWaits: Remove current release fence from the pending fence wait queue.
06-21 16:13:21.317  4488  4580 W QueryController: Could not detect idle state.
06-21 16:13:21.318  1289  8451 I SDM     : HWCSession::PerformFenceWaits: CWB fence queue is empty. No pending release fence to wait on.
06-21 16:13:21.337  4488  4580 I appium  : AppiumResponse: {"sessionId":"bde9ac89-d71b-4d5f-af08-eca187838813","value":{"ELEMENT":"00000000-0000-0322-ffff-ffff0000202f","element-6066-11e4-a52e-4f735466cecf":"00000000-0000-0322-ffff-ffff0000202f"}}
06-21 16:13:21.348  4488  4580 I appium  : channel read: POST /wd/hub/session/bde9ac89-d71b-4d5f-af08-eca187838813/element/00000000-0000-0322-ffff-ffff0000202f/click
06-21 16:13:21.350  4488  4580 I appium  : Click command
06-21 16:13:21.367  5144  6633 I CCodecBufferChannel: pipelineRoom(2) is <= numClientBuffers(2). Not signalling any more buffers to client
06-21 16:13:21.383  2423  5956 I WindowManagerService: Physical orientation applied, rotation=0 sfOrientation=ORIENTATION_0
06-21 16:13:21.492  2423  5956 I WindowManagerService: Physical orientation applied, rotation=0 sfOrientation=ORIENTATION_0
06-21 16:13:21.517  4488  4580 W QueryController: Could not detect idle state.
06-21 16:13:21.557  2055  3327 D libsensor-displayalgo: the value of  brightness:438.000000,R:4500006.744430,G:4086533.329756,B:4516307.669993,EVENT_C:4305.000000,EVENT_R:1800.000000,EVENT_G:2079.000000,EVENT_B:858.000000
06-21 16:13:21.558  2055  3327 I libsensor-displayalgo: the value of  Coef1:1107.681000,Coef4:2.383000, scale1:0.935522, scale4:0.923264
06-21 16:13:21.558  2055  3327 E libsensor-displayalgo: RGB_black_white_scenario_0822!
06-21 16:13:21.558  2055  3327 I libsensor-displayalgo: the value of  RESULT126.717628,44.424946,66.773153,22.769026
06-21 16:13:21.558  2055  3327 I libsensor-displayalgo: the value of  getChannelDataCalibrated132.856515,41.146063,77.610715,24.850860
06-21 16:13:21.558  2055  3327 I libsensor-displayalgo: the value of  REAL LUX251.517731
06-21 16:13:21.558  2055  3327 I libsensor-displayalgo: the value of  CAL REAL LUX251.517731
06-21 16:13:21.565  5144  6633 I CCodecBufferChannel: pipelineRoom(3) is <= numClientBuffers(3). Not signalling any more buffers to client
06-21 16:13:21.570  5144  6633 I CCodecBufferChannel: pipelineRoom(3) is <= numClientBuffers(3). Not signalling any more buffers to client
06-21 16:13:21.571  5144  8427 I CCodecBufferChannel: pipelineRoom(2) is <= numClientBuffers(2). Not signalling any more buffers to client
06-21 16:13:21.587  1289  2256 I vendor.qti.hardware.display.composer-service: FrameNotifyProcess Sensor: notify citsensorservice to trigger cwb
06-21 16:13:21.588  2055  2140 I libcitsensorservice@2.0-impl: msg_transfer
06-21 16:13:21.588  2055  3319 D vendor.xiaomi.sensor.citsensorservice@2.0-service: handle id:11 wxh:1280x2400 uwxuh:1080x2400 size: 9216000 fd:15 fd_meta:16 flags:0x4000228 usage:0x33  format:0x3 layer_count: 1
06-21 16:13:21.589  1289  1864 I SDM     : HWCSession::SetCWBOutputBuffer: CWB config passed by cwb_client : tappoint 1  CWB_ROI : (829.000000 4.000000 915.000000 90.000000)
06-21 16:13:21.595  1289  8452 I SDM     : HWCSession::ProcessRequests: Successfully configured CWB buffer.
06-21 16:13:21.599  2423  4028 I WindowManagerService: Physical orientation applied, rotation=0 sfOrientation=ORIENTATION_0
06-21 16:13:21.603  1289  8452 I SDM     : HWCSession::ProcessRequests: Pushing release fence in fenece wait queue.
06-21 16:13:21.603  1289  8452 I SDM     : HWCSession::ProcessRequests: Creating AsyncFenceWaits async thread.
06-21 16:13:21.603  1289  8452 I SDM     : HWCSession::ProcessRequests: Remove current CWB request from the pending request queue.
06-21 16:13:21.603  1289  8452 I SDM     : HWCSession::ProcessRequests: No pending cwb requests found in the queue.
06-21 16:13:21.605  1289  1506 I SDM     : HWDeviceDRM::SetupConcurrentWriteback: Tear down the Concurrent Writeback topology
06-21 16:13:21.618  1289  8453 I SDM     : HWCSession::NotifyCWBStatus: Notify the client about buffer status 0.
06-21 16:13:21.619  1289  8453 I SDM     : HWCSession::PerformFenceWaits: Remove current release fence from the pending fence wait queue.
06-21 16:13:21.619  1289  8453 I SDM     : HWCSession::PerformFenceWaits: CWB fence queue is empty. No pending release fence to wait on.
06-21 16:13:21.652  4190  4190 D MiPlayDetailViewModel: onPositionChange(): position = 2009
06-21 16:13:21.652  5790  8434 I SafeBinderCall: onPositionChange binder cost:1
06-21 16:13:21.684  5144  6633 I CCodecBufferChannel: pipelineRoom(2) is <= numClientBuffers(3). Not signalling any more buffers to client
06-21 16:13:21.684  5144  8427 I CCodecBufferChannel: pipelineRoom(2) is <= numClientBuffers(2). Not signalling any more buffers to client
06-21 16:13:21.702  2423  4028 I WindowManagerService: Physical orientation applied, rotation=0 sfOrientation=ORIENTATION_0
06-21 16:13:21.716  4488  4580 W QueryController: Could not detect idle state.
06-21 16:13:21.749  2423  5957 D MIUIInput: Input event injection from pid 4451, MotionEvent: DOWN
06-21 16:13:21.750  2423  3213 D MIUIInput: [MotionEvent] publisher action=0x4, 76149434, channel 'f33ef00 NavigationBar0 (server)'
06-21 16:13:21.750  2423  3213 D MIUIInput: [MotionEvent] publisher action=0x0, 76149434, channel '4450e86 NotificationShade (server)'
06-21 16:13:21.751  4190  4190 D MIUIInput: [MotionEvent] ViewRootImpl windowName 'NotificationShade', { action=ACTION_DOWN, id[0]=0, pointerCount=1, eventTime=76149434, downTime=76149433, phoneEventTime=16:13:21.728 } moveCount:0
06-21 16:13:21.751  4190  4190 D PanelView: cancelFlingSpring
06-21 16:13:21.755  2423  4339 D MIUIInput: Input event injection from pid 4451, MotionEvent: UP
06-21 16:13:21.756  2423  3213 D MIUIInput: [MotionEvent] publisher action=0x1, 76149434, channel '4450e86 NotificationShade (server)'
06-21 16:13:21.757  4190  4190 D MIUIInput: [MotionEvent] ViewRootImpl windowName 'NotificationShade', { action=ACTION_UP, id[0]=0, pointerCount=1, eventTime=76149434, downTime=76149433, phoneEventTime=16:13:21.728 } moveCount:0
06-21 16:13:21.771  4190  4190 V ShadeControllerImpl: NotificationShadeWindow: com.android.systemui.statusbar.phone.NotificationShadeWindowView{360539c V.E...... ........ 0,0-1080,2400} canPanelBeCollapsed(): true
06-21 16:13:21.773  4190  8454 D ActivityLaunchAnimator: Starting intent with no animation
06-21 16:13:21.773  4190  4190 V PanelView:  updateDismissView false
06-21 16:13:21.776  2423  4028 I ActivityTaskManager: START u0 {act=cn.missevan.action.AUDIO_PLAY flg=0x24000000 cmp=cn.missevan/.activity.MainActivity (has extras)} from uid 10499 from pid -1 callingPackage cn.missevan
06-21 16:13:21.780  2423  4028 W ActivityTaskManager: startActivity called from non-Activity context; forcing Intent.FLAG_ACTIVITY_NEW_TASK for: Intent { act=cn.missevan.action.AUDIO_PLAY flg=0x24000000 cmp=cn.missevan/.activity.MainActivity (has extras) }
06-21 16:13:21.784  4488  4580 I appium  : Waiting up to 100ms for the device to idle
06-21 16:13:21.786  6164  6320 D IdProviderImpl: getOAID from com.miui.analytics
06-21 16:13:21.840  2423  5342 I WindowManagerService: Physical orientation applied, rotation=0 sfOrientation=ORIENTATION_0
06-21 16:13:21.845  4190  4997 D MiBridge: requestCpuHighFreq---- uid: 1000 level: 1 timeoutms:2000
06-21 16:13:21.846  1897  1932 W MiuiBooster: "MiuiBoosterService requestCpuHighFreq: 1000, 1, 2000"
06-21 16:13:21.846  1897  1932 W MiuiBooster: "requestCpuHighFreq,final level:1,final timeoutms:2000"
06-21 16:13:21.846  1897  1932 W MiuiBooster: "perf_hint_hc start"
06-21 16:13:21.846  1897  1932 W MiuiBooster: "big_core_value[level-1]:4095"
06-21 16:13:21.846  1897  1932 W MiuiBooster: "little_core_value[level-1]:4095"
06-21 16:13:21.846  1897  1932 W MiuiBooster: "prime_core_value[level - 1]:4095"
06-21 16:13:21.846  1897  1932 W MiuiBooster: "perf_handle:11097"
06-21 16:13:21.846  4190  4997 D MiBridge: requestCpuHighFreq handle: 1
06-21 16:13:21.846  4190  4997 D CpuBoostUtil: boostCpuToMax:0
06-21 16:13:21.843  1308  1308 W perf-hal-servic: type=1400 audit(0.0:8930): avc: denied { search } for name="1897" dev="proc" ino=2032505 scontext=u:r:vendor_hal_perf_default:s0 tcontext=u:r:miuibooster:s0 tclass=dir permissive=0
06-21 16:13:21.843  1308  1308 W perf-hal-servic: type=1400 audit(0.0:8931): avc: denied { search } for name="1897" dev="proc" ino=2032505 scontext=u:r:vendor_hal_perf_default:s0 tcontext=u:r:miuibooster:s0 tclass=dir permissive=0
06-21 16:13:21.853  2423  2423 W WindowManager: removeWindowToken: Attempted to remove non-existing token: android.os.Binder@e7e6501
06-21 16:13:21.854  4226  4226 D NavStubView_Touch: onSystemUiFlagsChanged  mIsShowStatusBar    old= true   new=true
06-21 16:13:21.854  4226  4226 D NavStubView_Touch: onSystemUiFlagsChanged  mIsShowNavBar    old= true   new=true
06-21 16:13:21.857  2055  3327 D libsensor-displayalgo: the value of  brightness:438.000000,R:4500322.736048,G:4086051.330060,B:4523207.728098,EVENT_C:4307.000000,EVENT_R:1800.500000,EVENT_G:2078.500000,EVENT_B:858.500000
06-21 16:13:21.858  2055  3327 I libsensor-displayalgo: the value of  Coef1:1107.681000,Coef4:2.383000, scale1:0.935522, scale4:0.923264
06-21 16:13:21.859  2055  3327 E libsensor-displayalgo: RGB_black_white_scenario_0822!
06-21 16:13:21.859  2055  3327 I libsensor-displayalgo: the value of  RESULT126.796783,44.485532,66.794289,22.799858
06-21 16:13:21.859  2055  3327 I libsensor-displayalgo: the value of  getChannelDataCalibrated132.939505,41.202178,77.635281,24.884510
06-21 16:13:21.859  2055  3327 I libsensor-displayalgo: the value of  REAL LUX251.574493
06-21 16:13:21.859  2055  3327 I libsensor-displayalgo: the value of  CAL REAL LUX251.574493
06-21 16:13:21.888  4488  4580 W QueryController: Could not detect idle state.
06-21 16:13:21.888  1289  2256 I vendor.qti.hardware.display.composer-service: FrameNotifyProcess Sensor: notify citsensorservice to trigger cwb
06-21 16:13:21.889  2055  2140 I libcitsensorservice@2.0-impl: msg_transfer
06-21 16:13:21.889  2055  3319 D vendor.xiaomi.sensor.citsensorservice@2.0-service: handle id:11 wxh:1280x2400 uwxuh:1080x2400 size: 9216000 fd:15 fd_meta:16 flags:0x4000228 usage:0x33  format:0x3 layer_count: 1
06-21 16:13:21.889  1289  1864 I SDM     : HWCSession::SetCWBOutputBuffer: CWB config passed by cwb_client : tappoint 1  CWB_ROI : (829.000000 4.000000 915.000000 90.000000)
06-21 16:13:21.892  4488  4580 I appium  : AppiumResponse: {"sessionId":"bde9ac89-d71b-4d5f-af08-eca187838813","value":null}
06-21 16:13:21.894  1289  8456 I SDM     : HWCSession::ProcessRequests: Successfully configured CWB buffer.
06-21 16:13:21.900  1289  8456 I SDM     : HWCSession::ProcessRequests: Pushing release fence in fenece wait queue.
06-21 16:13:21.900  1289  8456 I SDM     : HWCSession::ProcessRequests: Creating AsyncFenceWaits async thread.
06-21 16:13:21.901  1289  8456 I SDM     : HWCSession::ProcessRequests: Remove current CWB request from the pending request queue.
06-21 16:13:21.901  1289  8456 I SDM     : HWCSession::ProcessRequests: No pending cwb requests found in the queue.
06-21 16:13:21.905  1190  4531 I vendor.qti.bluetooth@1.0-ibs_handler: ProcessIbsCmd: Received IBS_WAKE_IND: 0xFD
06-21 16:13:21.905  1190  4531 I vendor.qti.bluetooth@1.0-ibs_handler: ProcessIbsCmd: Writing IBS_WAKE_ACK
06-21 16:13:21.907  1289  1506 I SDM     : HWDeviceDRM::SetupConcurrentWriteback: Tear down the Concurrent Writeback topology
06-21 16:13:21.911  4653  4802 E MiuiFastConnectService: check adv data not fast connect
06-21 16:13:21.913  2423  5957 I WindowManagerService: Physical orientation applied, rotation=0 sfOrientation=ORIENTATION_0
06-21 16:13:21.915  1289  8457 I SDM     : HWCSession::NotifyCWBStatus: Notify the client about buffer status 0.
06-21 16:13:21.915  1289  8457 I SDM     : HWCSession::PerformFenceWaits: Remove current release fence from the pending fence wait queue.
06-21 16:13:21.916  1289  8457 I SDM     : HWCSession::PerformFenceWaits: CWB fence queue is empty. No pending release fence to wait on.
06-21 16:13:21.922  4646  4791 W SQLiteLog: (28) double-quoted string literal: "
06-21 16:13:21.923  4646  4791 W SQLiteLog: (28) double-quoted string literal: "1C51DA853CC2C04389212AF8A33EE2B0"
06-21 16:13:21.945  1190  4531 I vendor.qti.bluetooth@1.0-ibs_handler: ProcessIbsCmd: Received IBS_SLEEP_IND: 0xFE
06-21 16:13:21.947  2423  5956 I WindowManagerService: Physical orientation applied, rotation=0 sfOrientation=ORIENTATION_0
06-21 16:13:21.974  2423  4339 W InputManager-JNI: Input channel object 'b47c657 PopupWindow:3608e7c (client)' was disposed without first being removed with the input manager!
06-21 16:13:22.008  4646  4646 W Activity: PerfMonitor: Slow Operation: Activity cn.missevan/.activity.MainActivity onPause took 92ms
06-21 16:13:22.020  4646  4791 W SQLiteLog: (28) double-quoted string literal: "1C51DA853CC2C04389212AF8A33EE2B0"
06-21 16:13:22.020  4646  4791 W SQLiteLog: (28) double-quoted string literal: ""
06-21 16:13:22.020  4646  4791 W SQLiteLog: (28) double-quoted string literal: "1C51DA853CC2C04389212AF8A33EE2B0"
06-21 16:13:22.020  4646  4791 W SQLiteLog: (28) double-quoted string literal: "-1"
06-21 16:13:22.021  4646  4791 W SQLiteLog: (28) double-quoted string literal: "1C51DA853CC2C04389212AF8A33EE2B0"
06-21 16:13:22.021  4646  4791 W SQLiteLog: (28) double-quoted string literal: ""
06-21 16:13:22.021  4646  4791 W SQLiteLog: (28) double-quoted string literal: "1C51DA853CC2C04389212AF8A33EE2B0"
06-21 16:13:22.021  4646  4791 W SQLiteLog: (28) double-quoted string literal: "-1"
06-21 16:13:22.033  2423  5957 I WindowManagerService: Physical orientation applied, rotation=0 sfOrientation=ORIENTATION_0
06-21 16:13:22.038  4190  4603 D BLASTBufferQueue: releaseBufferCallback ReleaseCallbackId: bufferId:17995912970542 framenumber:355
06-21 16:13:22.051  4646  4646 D DecorView[]: onWindowFocusChanged hasWindowFocus true
06-21 16:13:22.051  4646  4646 I HandWritingStubImpl: isKeyboardTypeChanged: false
06-21 16:13:22.051  4646  4646 I HandWritingStubImpl: refreshLastKeyboardType: 1
06-21 16:13:22.051  4646  4646 I HandWritingStubImpl: getCurrentKeyboardType: 1
06-21 16:13:22.055  7949  7949 E BaseInputMethodService: onFinishInput
06-21 16:13:22.056  7949  7949 E BaseInputMethodService: onStartInput
06-21 16:13:22.058  4646  4646 I HandWritingStubImpl: isKeyboardTypeChanged: false
06-21 16:13:22.117  5144  6633 I CCodecBufferChannel: pipelineRoom(2) is <= numClientBuffers(2). Not signalling any more buffers to client
06-21 16:13:22.119  5144  6633 I CCodecBufferChannel: pipelineRoom(2) is <= numClientBuffers(3). Not signalling any more buffers to client
06-21 16:13:22.122  5144  8427 I CCodecBufferChannel: pipelineRoom(2) is <= numClientBuffers(2). Not signalling any more buffers to client
06-21 16:13:22.130  4190  4190 D QS      : setListening false
06-21 16:13:22.157  2055  3327 D libsensor-displayalgo: the value of  brightness:438.000000,R:5440910.649987,G:5179905.702961,B:5524125.682676,EVENT_C:4311.000000,EVENT_R:1800.000000,EVENT_G:2082.000000,EVENT_B:858.500000
06-21 16:13:22.157  2055  3327 I libsensor-displayalgo: the value of  Coef1:1107.681000,Coef4:2.383000, scale1:0.935522, scale4:0.923264
06-21 16:13:22.157  2055  3327 E libsensor-displayalgo: RGB_black_white_scenario_0822!
06-21 16:13:22.158  2055  3327 I libsensor-displayalgo: the value of  RESULT165.259072,58.569606,87.621336,29.820250
06-21 16:13:22.158  2055  3327 I libsensor-displayalgo: the value of  getChannelDataCalibrated173.265115,54.246744,101.842645,32.546797
06-21 16:13:22.158  2055  3327 I libsensor-displayalgo: the value of  REAL LUX249.201752
06-21 16:13:22.158  2055  3327 I libsensor-displayalgo: the value of  CAL REAL LUX249.201752
06-21 16:13:22.168  5144  6632 D BufferPoolAccessor2.0: bufferpool2 0x70a3641628 : 0(0 size) total buffers - 0(0 size) used buffers - 130/135 (recycle/alloc) - 5/130 (fetch/transfer)
06-21 16:13:22.169  5144  6632 D BufferPoolAccessor2.0: evictor expired: 1, evicted: 1
06-21 16:13:22.171  1965  2823 D BufferPoolAccessor2.0: bufferpool2 0xb400007e65233028 : 0(0 size) total buffers - 0(0 size) used buffers - 122/126 (recycle/alloc) - 4/126 (fetch/transfer)
06-21 16:13:22.172  1965  2823 D BufferPoolAccessor2.0: evictor expired: 1, evicted: 1
06-21 16:13:22.177  1190  4538 I vendor.qti.bluetooth@1.0-ibs_handler: DeviceSleep: TX Awake, Sending SLEEP_IND
06-21 16:13:22.177  1190  4538 D vendor.qti.bluetooth@1.0-ibs_handler: SerialClockVote: vote for UART CLK OFF
06-21 16:13:22.196  1289  2256 I vendor.qti.hardware.display.composer-service: FrameNotifyProcess Sensor: notify citsensorservice to trigger cwb
06-21 16:13:22.197  2055  2140 I libcitsensorservice@2.0-impl: msg_transfer
06-21 16:13:22.197  4190  4997 D MiBridge: cancelCpuHighFreq---uid: 1000
06-21 16:13:22.197  2055  3319 D vendor.xiaomi.sensor.citsensorservice@2.0-service: handle id:11 wxh:1280x2400 uwxuh:1080x2400 size: 9216000 fd:15 fd_meta:16 flags:0x4000228 usage:0x33  format:0x3 layer_count: 1
06-21 16:13:22.198  1289  1864 I SDM     : HWCSession::SetCWBOutputBuffer: CWB config passed by cwb_client : tappoint 1  CWB_ROI : (829.000000 4.000000 915.000000 90.000000)
06-21 16:13:22.198  4190  4997 D MiBridge: cancelCpuHighFreq ret: 0
06-21 16:13:22.198  4190  4997 D CpuBoostUtil: cancelCpuHighFreq:0
06-21 16:13:22.198  1289  8461 I SDM     : HWCSession::ProcessRequests: Successfully configured CWB buffer.
06-21 16:13:22.205  1289  8461 I SDM     : HWCSession::ProcessRequests: Pushing release fence in fenece wait queue.
06-21 16:13:22.205  1289  8461 I SDM     : HWCSession::ProcessRequests: Creating AsyncFenceWaits async thread.
06-21 16:13:22.206  1289  8461 I SDM     : HWCSession::ProcessRequests: Remove current CWB request from the pending request queue.
06-21 16:13:22.206  1289  8461 I SDM     : HWCSession::ProcessRequests: No pending cwb requests found in the queue.
06-21 16:13:22.213  1289  1506 I SDM     : HWDeviceDRM::SetupConcurrentWriteback: Tear down the Concurrent Writeback topology
06-21 16:13:22.219  1289  8462 I SDM     : HWCSession::NotifyCWBStatus: Notify the client about buffer status 0.
06-21 16:13:22.219  1289  8462 I SDM     : HWCSession::PerformFenceWaits: Remove current release fence from the pending fence wait queue.
06-21 16:13:22.219  1289  8462 I SDM     : HWCSession::PerformFenceWaits: CWB fence queue is empty. No pending release fence to wait on.
06-21 16:13:22.243  5144  8427 I CCodecBufferChannel: pipelineRoom(1) is <= numClientBuffers(1). Not signalling any more buffers to client
06-21 16:13:22.243  5144  6633 I CCodecBufferChannel: pipelineRoom(1) is <= numClientBuffers(1). Not signalling any more buffers to client
06-21 16:13:22.249  5144  6633 I CCodecBufferChannel: pipelineRoom(2) is <= numClientBuffers(2). Not signalling any more buffers to client
06-21 16:13:22.327  1190  4333 D vendor.qti.bluetooth@1.0-wake_lock: Release wakelock is released
06-21 16:13:22.332  5144  6633 I CCodecBufferChannel: pipelineRoom(3) is <= numClientBuffers(3). Not signalling any more buffers to client
06-21 16:13:22.334  5144  8427 I CCodecBufferChannel: pipelineRoom(2) is <= numClientBuffers(2). Not signalling any more buffers to client
06-21 16:13:22.335  5144  6633 I CCodecBufferChannel: pipelineRoom(2) is <= numClientBuffers(2). Not signalling any more buffers to client
06-21 16:13:22.354  4190  4997 D MiBridge: requestCpuHighFreq---- uid: 1000 level: 1 timeoutms:2000
06-21 16:13:22.354  1897  1932 W MiuiBooster: "MiuiBoosterService requestCpuHighFreq: 1000, 1, 2000"
06-21 16:13:22.354  1897  1932 W MiuiBooster: "requestCpuHighFreq,final level:1,final timeoutms:2000"
06-21 16:13:22.354  1897  1932 W MiuiBooster: "perf_hint_hc start"
06-21 16:13:22.354  1897  1932 W MiuiBooster: "big_core_value[level-1]:4095"
06-21 16:13:22.354  1897  1932 W MiuiBooster: "little_core_value[level-1]:4095"
06-21 16:13:22.354  1897  1932 W MiuiBooster: "prime_core_value[level - 1]:4095"
06-21 16:13:22.356  1897  1932 W MiuiBooster: "perf_handle:11098"
06-21 16:13:22.351  1308  1308 W perf-hal-servic: type=1400 audit(0.0:8932): avc: denied { search } for name="1897" dev="proc" ino=2032505 scontext=u:r:vendor_hal_perf_default:s0 tcontext=u:r:miuibooster:s0 tclass=dir permissive=0
06-21 16:13:22.351  1308  1308 W perf-hal-servic: type=1400 audit(0.0:8933): avc: denied { search } for name="1897" dev="proc" ino=2032505 scontext=u:r:vendor_hal_perf_default:s0 tcontext=u:r:miuibooster:s0 tclass=dir permissive=0
06-21 16:13:22.356  4190  4997 D MiBridge: requestCpuHighFreq handle: 1
06-21 16:13:22.356  4190  4997 D CpuBoostUtil: boostCpuToMax:0
06-21 16:13:22.375  3814  4695 V Avrcp_ext: onMetadataChanged
06-21 16:13:22.377  3814  4695 V Avrcp_ext: updateCurrentMediaState: mMediaController: MediaController (cn.missevan@4a15b12) 他似晨风起 | 预告, Megrezz, null
06-21 16:13:22.377  3814  4695 V Avrcp_ext: updateCurrentMediaState: isPlaying = false
06-21 16:13:22.377  3814  4695 W Avrcp_ext: isMusicActive: true getBluetoothPlayState: 1 A2dp State: 11 mAudioPlaybackIsActive: true
06-21 16:13:22.377  3814  4695 D Avrcp_ext: isMusicActive = true mAudioPlaybackIsActive = true player state = PlaybackState {state=3, position=2735, buffered position=87585, speed=1.0, updated=78324124, actions=894, custom actions=[], active item id=-1, error=null}
06-21 16:13:22.378  5790  5790 I MiPlayProxyDeviceManager: onTopActiveSessionChange, cn.missevan
06-21 16:13:22.378  3814  4695 D Avrcp_ext: overwrite album_artist :if album is blank
06-21 16:13:22.379  3814  4695 V Avrcp_ext: Media update: id -1➡-1? [MediaAttributes: 他⋯告 -  by M⋯z (90094 0/0) - ] : [MediaAttributes: 他⋯告 -  by M⋯z (90094 0/0) - ]
06-21 16:13:22.379  3814  4695 D Avrcp_ext: isPackageNameValid: browsedPackage = cn.missevanisValid = true
06-21 16:13:22.379  3814  4695 V Avrcp_ext: isBrowseSupported for cn.missevan: false
06-21 16:13:22.379  3814  4695 V Avrcp_ext: updatePlaybackState, state: PlaybackState {state=3, position=2735, buffered position=87585, speed=1.0, updated=78324124, actions=894, custom actions=[], active item id=-1, error=null} device: null
06-21 16:13:22.379  3814  4695 V Avrcp_ext: Device: no name:
06-21 16:13:22.379  3814  4695 V Avrcp_ext: Device: no name:
06-21 16:13:22.379  3814  4695 V Avrcp_ext: Device: no name:
06-21 16:13:22.379  3814  4695 V Avrcp_ext: Device: no name:
06-21 16:13:22.379  3814  4695 V Avrcp_ext: Device: no name:
06-21 16:13:22.379  3814  4695 V Avrcp_ext: updatePlayerStateAndPosition, old=PlaybackState {state=3, position=642, buffered position=87585, speed=1.0, updated=78322031, actions=894, custom actions=[], active item id=-1, error=null}, state=PlaybackState {state=3, position=2735, buffered position=87585, speed=1.0, updated=78324124, actions=894, custom actions=[], active item id=-1, error=null}
06-21 16:13:22.379  3814  4695 V Avrcp_ext: old state = PlaybackState {state=3, position=642, buffered position=87585, speed=1.0, updated=78322031, actions=894, custom actions=[], active item id=-1, error=null}, new state= PlaybackState {state=3, position=2735, buffered position=87585, speed=1.0, updated=78324124, actions=894, custom actions=[], active item id=-1, error=null}
06-21 16:13:22.379  3814  4695 D HeadsetService: getHeadsetService(): returning com.android.bluetooth.hfp.HeadsetService@cd6daf0
06-21 16:13:22.379  3814  4695 D HeadsetService:  isAudioOn: The number of audio connected devices 0
06-21 16:13:22.379  3814  4695 D HeadsetService: isScoOrCallActive(): Call Active:falseCall is Ringing:falseSCO is Active:false
06-21 16:13:22.379  3814  4695 D HeadsetService:  isAudioOn: The number of audio connected devices 0
06-21 16:13:22.379  3814  4695 V Avrcp_ext: isPlayStateTobeUpdated: device: null
06-21 16:13:22.379  3814  4695 V Avrcp_ext: Single connection exists
06-21 16:13:22.379  3814  4695 D HeadsetService:  isAudioOn: The number of audio connected devices 0
06-21 16:13:22.379  3814  4695 D HeadsetService: isScoOrCallActive(): Call Active:falseCall is Ringing:falseSCO is Active:false
06-21 16:13:22.379  3814  4695 D HeadsetService:  isAudioOn: The number of audio connected devices 0
06-21 16:13:22.379  3814  4695 V Avrcp_ext: isPlayStateTobeUpdated: device: null
06-21 16:13:22.379  3814  4695 V Avrcp_ext: Single connection exists
06-21 16:13:22.379  3814  4695 D HeadsetService:  isAudioOn: The number of audio connected devices 0
06-21 16:13:22.379  3814  4695 D HeadsetService: isScoOrCallActive(): Call Active:falseCall is Ringing:falseSCO is Active:false
06-21 16:13:22.379  3814  4695 D HeadsetService:  isAudioOn: The number of audio connected devices 0
06-21 16:13:22.379  3814  4695 V Avrcp_ext: isPlayStateTobeUpdated: device: null
06-21 16:13:22.379  3814  4695 V Avrcp_ext: Single connection exists
06-21 16:13:22.379  3814  4695 D HeadsetService:  isAudioOn: The number of audio connected devices 0
06-21 16:13:22.379  3814  4695 D HeadsetService: isScoOrCallActive(): Call Active:falseCall is Ringing:falseSCO is Active:false
06-21 16:13:22.379  3814  4695 D HeadsetService:  isAudioOn: The number of audio connected devices 0
06-21 16:13:22.379  3814  4695 V Avrcp_ext: isPlayStateTobeUpdated: device: null
06-21 16:13:22.379  3814  4695 V Avrcp_ext: Single connection exists
06-21 16:13:22.379  3814  4695 D HeadsetService:  isAudioOn: The number of audio connected devices 0
06-21 16:13:22.379  3814  4695 D HeadsetService: isScoOrCallActive(): Call Active:falseCall is Ringing:falseSCO is Active:false
06-21 16:13:22.379  3814  4695 D HeadsetService:  isAudioOn: The number of audio connected devices 0
06-21 16:13:22.379  3814  4695 V Avrcp_ext: isPlayStateTobeUpdated: device: null
06-21 16:13:22.379  3814  4695 V Avrcp_ext: Single connection exists
06-21 16:13:22.379  3814  4695 D Avrcp_ext: Enter sendPlayPosNotificationRsp
06-21 16:13:22.380  3814  4695 D Avrcp_ext: sendPlayPosNotificationRsp: Not registered or requesting.
06-21 16:13:22.380  3814  4695 D Avrcp_ext: Enter sendPlayPosNotificationRsp
06-21 16:13:22.380  3814  4695 D Avrcp_ext: sendPlayPosNotificationRsp: Not registered or requesting.
06-21 16:13:22.380  3814  4695 D Avrcp_ext: Enter sendPlayPosNotificationRsp
06-21 16:13:22.380  3814  4695 D Avrcp_ext: sendPlayPosNotificationRsp: Not registered or requesting.
06-21 16:13:22.380  3814  4695 D Avrcp_ext: Enter sendPlayPosNotificationRsp
06-21 16:13:22.380  3814  4695 D Avrcp_ext: sendPlayPosNotificationRsp: Not registered or requesting.
06-21 16:13:22.380  3814  4695 D Avrcp_ext: Enter sendPlayPosNotificationRsp
06-21 16:13:22.380  3814  4695 D Avrcp_ext: sendPlayPosNotificationRsp: Not registered or requesting.
06-21 16:13:22.380  3814  4695 V Avrcp_ext: Exit updatePlayerStateAndPosition
06-21 16:13:22.382  5790  5790 I SafeBinderCall: onTopActiveSessionChange binder cost:0
06-21 16:13:22.384  4190  4190 D MiPlayDetailViewModel: onMediaMetaChange(): metaData.title = 他似晨风起 | 预告
06-21 16:13:22.384  5790  5790 I SafeBinderCall: onMediaMetaChange binder cost:2
06-21 16:13:22.385  4190  4190 D MiPlayDetailViewModel: onActiveAudioSessionChange(): audioSessionList?.size = 1
06-21 16:13:22.385  5790  6101 I SafeBinderCall: onActiveAudioSessionChange binder cost:1
06-21 16:13:22.385  5790  5790 I Cir_Miplay_ActiveAudioSessionManager: dispatchTopActiveSessionChangeCallbackLocked, size:1
06-21 16:13:22.386  5790  5790 I Cir_Miplay_MiPlayAudioService: onTopActiveSessionChange, cn.missevan
06-21 16:13:22.386  5790  5790 I Cir_Miplay_MiPlayAudioService: topActiveSessionChange appId:cn.missevan
06-21 16:13:22.386  5790  5790 I Cir_Miplay_MiPlayAudioStatUtils: recordPackageName:cn.missevan
06-21 16:13:22.386  5790  5790 I Cir_Miplay_MiPlayAudioStatUtils: packageNameEquals.
06-21 16:13:22.386  5790  5790 I Cir_Miplay_ActiveSessionRecord: dispatch meta change, MediaMetaData{mArtist='Megrezz', mAlbum='null', mTitle='他似晨风起 | 预告', mArt=valid, mDuration=90094, mLrc='null'}
06-21 16:13:22.386  5790  5790 I Cir_Miplay_MiPlayAudioService: dispatchMetaChange:cn.missevan  ActiveSsionPackageName:cn.missevan
06-21 16:13:22.387  4190  4190 I SafeBinderCall: call getMediaMetaData binder cost:2
06-21 16:13:22.387  4190  4190 I SafeBinderCall: call getPosition binder cost:0
06-21 16:13:22.388  4190  4190 I SafeBinderCall: call getPlaybackState binder cost:1
06-21 16:13:22.389  5790 12090 I Cir_Miplay_MiPlayAudioService: dispatchMetaChange:MediaMetaData{mArtist='Megrezz', mAlbum='null', mTitle='他似晨风起 | 预告', mArt=valid, mDuration=90094, mLrc='null'}
06-21 16:13:22.389  5790  5790 I MiPlayClientSDK: =======================================================================
06-21 16:13:22.389  5790  5790 I MiPlayClientSDK: onMediaInfoChange start
06-21 16:13:22.390  5790 12090 I Cir_Miplay_MetaInfoManager: setMetadata.
06-21 16:13:22.390  5790  5790 I MiPlayClientSDK: local_device_id, MediaMetaData{mArtist='Megrezz', mAlbum='null', mTitle='他似晨风起 | 预告', mDuration=90094, mId='', mCoverUrl='', mStatus=0, mVolume=0, mArt=android.graphics.Bitmap@c8d072c, mPosition=0, mLrc='null', mPackgeName='cn.missevan', mSourceName='2738969101的Xiaomi Civi 2', mDeviceState=2}
06-21 16:13:22.390  5790  5790 I MiPlayClientSDK: onMediaInfoChange end
06-21 16:13:22.390  5790  5790 I MiPlayClientSDK: =======================================================================
06-21 16:13:22.390  5790  5790 I MiPlayProxyDeviceManager: onMediaInfoChange
06-21 16:13:22.390  5790  5790 I MiPlay  : onMediaMetaChanged,local_device_id, meta:MediaMetaData{mArtist='Megrezz', mAlbum='null', mTitle='他似晨风起 | 预告', mDuration=90094, art:valid}
06-21 16:13:22.397  5322  9959 W MiuiPerfServiceClient: interceptAndQueuing:4646|cn.missevan|542|72|76148287568501|Slow main thread|11
06-21 16:13:22.399  5322  9959 W MiuiPerfServiceClient: interceptAndQueuing:4646|cn.missevan|1186|256|76149755630688|Slow main thread|19
06-21 16:13:22.403  4190  4190 D StatusBar: disable<e i a s b h r c s > disable2<q i n >
06-21 16:13:22.403  4190  4190 D CollapsedStatusBarFragment: adjustDisableFlags: mStatusBarView.getState() = 2 mHideIconsForBouncer = false mWereIconsJustHidden = false, mWakeUpCoordinator.getNotificationsFullyHidden = false, mIsExpanded = false, mBypassController.getBypassEnabled = false, mStatusBarStateController.getState() = 0, mKeyguardStateController.isKeyguardGoingAway() = false, mHeadsUpManager.hasPinnedHeadsUp = false, mIsLaunchAnimationRunning = false, mHideIconsDuringLaunchAnimation = true, isFullWidth()true, mShowIconsWhenExpanded = true, mControlPanelExpand = false
06-21 16:13:22.405  4190  4190 D PanelView: shouldDisableHomeFsg changed to false
06-21 16:13:22.406  2423  4339 W ActivityManager: Sending non-protected broadcast com.android.systemui.fsgesture from system 4190:com.android.systemui/1000 pkg com.android.systemui. Callers=
06-21 16:13:22.406  2423  4339 W ActivityManager: Sending non-protected broadcast com.android.systemui.fsgesture from system 4190:com.android.systemui/1000 pkg com.android.systemui. Callers=
06-21 16:13:22.408  4226  4226 D NavStubView_Touch: onSystemUiFlagsChanged  mIsShowStatusBar    old= true   new=true
06-21 16:13:22.408  4226  4226 D NavStubView_Touch: onSystemUiFlagsChanged  mIsShowNavBar    old= true   new=true
06-21 16:13:22.411  4226  4307 W RecentsImpl: updateFsgWindowVisibilityState   isEnter=false   typeFrom=typefrom_status_bar_expansion   isOpen=true   mIsInAnotherPro=false   mIsStatusBarExpansion=true
06-21 16:13:22.411  4226  4307 W RecentsImpl: getTopActivity from observer.   cn=ComponentInfo{cn.missevan/cn.missevan.activity.MainActivity}
06-21 16:13:22.411  4226  4307 W RecentsImpl: adaptToTopActivity   cn=ComponentInfo{cn.missevan/cn.missevan.activity.MainActivity}
06-21 16:13:22.412  4226  4307 W RecentsImpl: onResumed className=cn.missevan.activity.MainActivity   mIsInAnotherPro=false   isKeyguardLocked=false
06-21 16:13:22.413  4226  4361 W RecentsImpl: disableTouchBySwipeStatusBar    disable=false
06-21 16:13:22.415  4226  4361 D GestureStubView_Touch: disableTouchBySwipeStatusBar    old=false   new=false
06-21 16:13:22.415  4226  4361 D GestureStubView_Touch: disableTouchBySwipeStatusBar    old=false   new=false
06-21 16:13:22.415  4226  4361 W RecentsImpl: disableBackStubWindow    disableTouch=false
06-21 16:13:22.416  4226  4361 D GestureStubView_Touch: disableTouch    old=false   new=false
06-21 16:13:22.416  4226  4361 D GestureStubView_Touch: disableTouch    old=false   new=false
06-21 16:13:22.417  4226  4361 D RecentsImpl: showBackStubWindow  hasNavigationBar=true
06-21 16:13:22.417  4226  4361 D GestureStubView_Touch: setKeepHidden    old=false   new=false
06-21 16:13:22.417  4226  4361 W GestureStubView: adaptRotation   currentRotation=0   mRotation=0
06-21 16:13:22.418  4226  4361 D GestureStubView: resetRenderProperty: showGestureStub   isLayoutParamChanged=false
06-21 16:13:22.418  4226  4361 D GestureStubView_Touch: disableTouch    old=false   new=false
06-21 16:13:22.418  4226  4361 D GestureStubView: showGestureStub
06-21 16:13:22.419  4226  4361 D GestureStubView_Touch: setKeepHidden    old=false   new=false
06-21 16:13:22.419  4226  4361 W GestureStubView: adaptRotation   currentRotation=0   mRotation=0
06-21 16:13:22.419  4226  4361 D GestureStubView: resetRenderProperty: showGestureStub   isLayoutParamChanged=false
06-21 16:13:22.419  4226  4361 D GestureStubView_Touch: disableTouch    old=false   new=false
06-21 16:13:22.419  4226  4361 D GestureStubView: showGestureStub
06-21 16:13:22.420  4226  4361 D GestureStubView: gatherTransparentRegion: need render w:54  h:1440
06-21 16:13:22.420  4226  4361 D GestureStubView: gatherTransparentRegion: need render w:54  h:1440
06-21 16:13:22.420  4226  4226 D RecentsImpl: showNavStubView
06-21 16:13:22.420  4226  4226 D NavStubView_Touch: setKeepHidden    old=true   new=false
06-21 16:13:22.420  4226  4226 D NavStubView_Touch: updateTouchable    old=true   new=false
06-21 16:13:22.420  4226  4226 D NavStubView_Touch:   updateTouchable---requestApplyInsets
06-21 16:13:22.427  4226  4226 W NavStubView_Touch: onComputeInternalInsets  bounds=Rect(0, 0 - 1080, 68)   mHideGestureLine=false   mIsShowNavBar=true   mKeepHidden=false   mDisableTouch=false   mUseEmptyTouchableRegion=false
06-21 16:13:22.427  4226  4226 W NavStubView_Touch:   onComputeInternalInsets  region=SkRegion((0,0,1080,68))
06-21 16:13:22.434  5144  6633 I CCodecBufferChannel: pipelineRoom(3) is <= numClientBuffers(3). Not signalling any more buffers to client
06-21 16:13:22.457  2055  3327 D libsensor-displayalgo: the value of  brightness:438.000000,R:9547297.638611,G:8833305.600443,B:9670043.585787,EVENT_C:4569.500000,EVENT_R:1894.000000,EVENT_G:2222.000000,EVENT_B:908.500000
06-21 16:13:22.457  2055  3327 I libsensor-displayalgo: the value of  Coef1:1107.681000,Coef4:2.383000, scale1:0.935522, scale4:0.923264
06-21 16:13:22.457  2055  3327 E libsensor-displayalgo: RGB_black_white_scenario_0822!
06-21 16:13:22.458  2423  4339 I WindowManagerService: Physical orientation applied, rotation=0 sfOrientation=ORIENTATION_0
06-21 16:13:22.459  2055  3327 I libsensor-displayalgo: the value of  RESULT314.581310,118.194199,162.639003,56.567130
06-21 16:13:22.459  2055  3327 I libsensor-displayalgo: the value of  getChannelDataCalibrated329.821330,109.470610,189.035993,61.739216
06-21 16:13:22.459  2055  3327 I libsensor-displayalgo: the value of  REAL LUX255.646896
06-21 16:13:22.459  2055  3327 I libsensor-displayalgo: the value of  CAL REAL LUX255.646896
06-21 16:13:22.469  4190  4190 D StatusBar: disable<e i a s b h r c s > disable2<q i n >
06-21 16:13:22.469  4190  4190 D CollapsedStatusBarFragment: adjustDisableFlags: mStatusBarView.getState() = 0 mHideIconsForBouncer = false mWereIconsJustHidden = false, mWakeUpCoordinator.getNotificationsFullyHidden = false, mIsExpanded = false, mBypassController.getBypassEnabled = false, mStatusBarStateController.getState() = 0, mKeyguardStateController.isKeyguardGoingAway() = false, mHeadsUpManager.hasPinnedHeadsUp = false, mIsLaunchAnimationRunning = false, mHideIconsDuringLaunchAnimation = true, isFullWidth()true, mShowIconsWhenExpanded = true, mControlPanelExpand = false
06-21 16:13:22.470  4190  4190 D QS      : setListening false
06-21 16:13:22.471  5322  9959 W MiuiPerfServiceClient: interceptAndQueuing:4190|com.android.systemui|230|144|76141783059546|Slow handle traversal|8
06-21 16:13:22.514  2423  4028 I WindowManagerService: Physical orientation applied, rotation=0 sfOrientation=ORIENTATION_0
06-21 16:13:22.517  1289  2256 I vendor.qti.hardware.display.composer-service: FrameNotifyProcess Sensor: notify citsensorservice to trigger cwb
06-21 16:13:22.518  2055  2140 I libcitsensorservice@2.0-impl: msg_transfer
06-21 16:13:22.518  2055  3319 D vendor.xiaomi.sensor.citsensorservice@2.0-service: handle id:11 wxh:1280x2400 uwxuh:1080x2400 size: 9216000 fd:15 fd_meta:16 flags:0x4000228 usage:0x33  format:0x3 layer_count: 1
06-21 16:13:22.518  1289  1864 I SDM     : HWCSession::SetCWBOutputBuffer: CWB config passed by cwb_client : tappoint 1  CWB_ROI : (829.000000 4.000000 915.000000 90.000000)
06-21 16:13:22.521  1289  8464 I SDM     : HWCSession::ProcessRequests: Successfully configured CWB buffer.
06-21 16:13:22.527  1289  8464 I SDM     : HWCSession::ProcessRequests: Pushing release fence in fenece wait queue.
06-21 16:13:22.527  1289  8464 I SDM     : HWCSession::ProcessRequests: Creating AsyncFenceWaits async thread.
06-21 16:13:22.527  1289  8464 I SDM     : HWCSession::ProcessRequests: Remove current CWB request from the pending request queue.
06-21 16:13:22.528  1289  8464 I SDM     : HWCSession::ProcessRequests: No pending cwb requests found in the queue.
06-21 16:13:22.533  1289  1506 I SDM     : HWDeviceDRM::SetupConcurrentWriteback: Tear down the Concurrent Writeback topology
06-21 16:13:22.540  1289  8465 I SDM     : HWCSession::NotifyCWBStatus: Notify the client about buffer status 0.
06-21 16:13:22.540  1289  8465 I SDM     : HWCSession::PerformFenceWaits: Remove current release fence from the pending fence wait queue.
06-21 16:13:22.540  1289  8465 I SDM     : HWCSession::PerformFenceWaits: CWB fence queue is empty. No pending release fence to wait on.
06-21 16:13:22.559  5144  6633 I CCodecBufferChannel: pipelineRoom(3) is <= numClientBuffers(3). Not signalling any more buffers to client
06-21 16:13:22.562  5144  6633 I CCodecBufferChannel: pipelineRoom(2) is <= numClientBuffers(3). Not signalling any more buffers to client
06-21 16:13:22.564  5144  8427 I CCodecBufferChannel: pipelineRoom(2) is <= numClientBuffers(2). Not signalling any more buffers to client
06-21 16:13:22.651  4190  4190 D MiPlayDetailViewModel: onPositionChange(): position = 3008
06-21 16:13:22.651  5790  8434 I SafeBinderCall: onPositionChange binder cost:0
06-21 16:13:22.724  4190  4997 D MiBridge: cancelCpuHighFreq---uid: 1000
06-21 16:13:22.725  4190  4997 D MiBridge: cancelCpuHighFreq ret: 0
06-21 16:13:22.725  4190  4997 D CpuBoostUtil: cancelCpuHighFreq:0
06-21 16:13:22.758  2055  3327 D libsensor-displayalgo: the value of  brightness:438.000000,R:14315366.806279,G:13645131.799968,B:14431895.561901,EVENT_C:4599.000000,EVENT_R:1903.000000,EVENT_G:2238.500000,EVENT_B:916.000000
06-21 16:13:22.758  2055  3327 I libsensor-displayalgo: the value of  Coef1:1107.681000,Coef4:2.383000, scale1:0.935522, scale4:0.923264
06-21 16:13:22.758  2055  3327 E libsensor-displayalgo: RGB_black_white_scenario_0822!
06-21 16:13:22.758  2055  3327 I libsensor-displayalgo: the value of  RESULT510.154130,193.511455,262.581947,90.130078
06-21 16:13:22.758  2055  3327 I libsensor-displayalgo: the value of  getChannelDataCalibrated534.868755,179.228906,305.200095,98.370915
06-21 16:13:22.758  2055  3327 I libsensor-displayalgo: the value of  REAL LUX243.380157
06-21 16:13:22.758  2055  3327 I libsensor-displayalgo: the value of  CAL REAL LUX243.380157
06-21 16:13:22.767  5144  6633 I CCodecBufferChannel: pipelineRoom(2) is <= numClientBuffers(3). Not signalling any more buffers to client
