06-21 16:13:19.405  3814  4695 D Avrcp_ext: AudioManager Player: AudioPlaybackConfiguration piid:71 deviceId:0 type:android.media.SoundPool u/pid:1000/4190 state:idle attr:AudioAttributes: usage=USAGE_ASSISTANCE_SONIFICATION content=CONTENT_TYPE_SONIFICATION flags=0x800 tags= bundle=null sessionId:0
06-21 16:13:19.405  3814  4695 D Avrcp_ext: AudioManager Player: AudioPlaybackConfiguration piid:87 deviceId:0 type:android.media.SoundPool u/pid:1027/5346 state:idle attr:AudioAttributes: usage=USAGE_ASSISTANCE_SONIFICATION content=CONTENT_TYPE_SONIFICATION flags=0x800 tags= bundle=null sessionId:0
06-21 16:13:19.405  3814  4695 D Avrcp_ext: AudioManager Player: AudioPlaybackConfiguration piid:79 deviceId:0 type:android.media.SoundPool u/pid:10079/4226 state:idle attr:AudioAttributes: usage=USAGE_ASSISTANCE_SONIFICATION content=CONTENT_TYPE_SONIFICATION flags=0x800 tags= bundle=null sessionId:0
06-21 16:13:19.405  3814  4695 D Avrcp_ext: AudioManager Player: AudioPlaybackConfiguration piid:719 deviceId:3 type:android.media.AudioTrack u/pid:10499/5144 state:stopped attr:AudioAttributes: usage=USAGE_MEDIA content=CONTENT_TYPE_MUSIC flags=0xA00 tags= bundle=null sessionId:457
06-21 16:13:19.405  3814  4695 D Avrcp_ext: AudioManager isPlaying: false, mAudioPlaybackIsActive: false, isMusiActive: true
06-21 16:13:19.405  3814  4695 D Avrcp_ext: AudioManager Reset Active Player
06-21 16:13:19.405  3814  4695 D Avrcp_ext: AudioManager Player: AudioPlaybackConfiguration piid:55 deviceId:0 type:android.media.SoundPool u/pid:1000/2423 state:idle attr:AudioAttributes: usage=USAGE_ASSISTANCE_SONIFICATION content=CONTENT_TYPE_SONIFICATION flags=0x800 tags= bundle=null sessionId:0
06-21 16:13:19.406  3814  4695 D Avrcp_ext: AudioManager Player: AudioPlaybackConfiguration piid:71 deviceId:0 type:android.media.SoundPool u/pid:1000/4190 state:idle attr:AudioAttributes: usage=USAGE_ASSISTANCE_SONIFICATION content=CONTENT_TYPE_SONIFICATION flags=0x800 tags= bundle=null sessionId:0
06-21 16:13:19.406  3814  4695 D Avrcp_ext: AudioManager Player: AudioPlaybackConfiguration piid:87 deviceId:0 type:android.media.SoundPool u/pid:1027/5346 state:idle attr:AudioAttributes: usage=USAGE_ASSISTANCE_SONIFICATION content=CONTENT_TYPE_SONIFICATION flags=0x800 tags= bundle=null sessionId:0
06-21 16:13:19.406  3814  4695 D Avrcp_ext: AudioManager Player: AudioPlaybackConfiguration piid:79 deviceId:0 type:android.media.SoundPool u/pid:10079/4226 state:idle attr:AudioAttributes: usage=USAGE_ASSISTANCE_SONIFICATION content=CONTENT_TYPE_SONIFICATION flags=0x800 tags= bundle=null sessionId:0
06-21 16:13:19.406  3814  4695 D Avrcp_ext: AudioManager isPlaying: false, mAudioPlaybackIsActive: false, isMusiActive: true
06-21 16:13:19.406  3814  4695 D Avrcp_ext: AudioManager Reset Active Player
06-21 16:13:19.411  5144  8393 D CCodecBufferChannel: [c2.android.aac.decoder#415] MediaCodec discarded an unknown buffer
06-21 16:13:19.412  5144  8393 D CCodecBufferChannel: [c2.android.aac.decoder#415] MediaCodec discarded an unknown buffer
06-21 16:13:19.412  5144  8393 D CCodecBufferChannel: [c2.android.aac.decoder#415] MediaCodec discarded an unknown buffer
06-21 16:13:19.412  5144  8393 D CCodecBufferChannel: [c2.android.aac.decoder#415] MediaCodec discarded an unknown buffer
06-21 16:13:19.413  5144  8421 I hw-BpHwBinder: onLastStrongRef automatically unlinking death recipients
06-21 16:13:19.414  1965 24659 I hw-BpHwBinder: onLastStrongRef automatically unlinking death recipients
06-21 16:13:19.414  5144  8393 D MediaCodec: kWhatReleaseCompleted
06-21 16:13:19.415  5144  8393 D MediaImpl: FRC not support: valueSupport :
06-21 16:13:19.415  5144  8393 D MediaImpl: AIE not support: valueSupport :
06-21 16:13:19.415  5144  8393 D MediaImpl: AIS not support: valueSupport :
06-21 16:13:19.416  5144  8393 D MediaCodec: ~MediaCodec
06-21 16:13:19.418  1965 24659 V C2Store : in ~ComponentModule
06-21 16:13:19.419  1965 24659 V C2Store : unloading dll
06-21 16:13:19.458  2055  3327 D libsensor-displayalgo: the value of  brightness:438.000000,R:4613806.326263,G:4153779.033682,B:4583357.797080,EVENT_C:4308.500000,EVENT_R:1800.500000,EVENT_G:2078.500000,EVENT_B:860.000000
06-21 16:13:19.458  2055  3327 I libsensor-displayalgo: the value of  Coef1:1107.681000,Coef4:2.383000, scale1:0.935522, scale4:0.923264
06-21 16:13:19.458  2055  3327 E libsensor-displayalgo: RGB_black_white_scenario_0822!
06-21 16:13:19.458  2055  3327 I libsensor-displayalgo: the value of  RESULT128.789145,45.118725,67.808522,23.023886
06-21 16:13:19.458  2055  3327 I libsensor-displayalgo: the value of  getChannelDataCalibrated135.028387,41.788636,78.814128,25.129022
06-21 16:13:19.458  2055  3327 I libsensor-displayalgo: the value of  REAL LUX251.399429
06-21 16:13:19.458  2055  3327 I libsensor-displayalgo: the value of  CAL REAL LUX251.399429
06-21 16:13:19.461  1289  2256 I vendor.qti.hardware.display.composer-service: FrameNotifyProcess Sensor: notify citsensorservice to trigger cwb
06-21 16:13:19.462  2055  2140 I libcitsensorservice@2.0-impl: msg_transfer
06-21 16:13:19.462  2055  3319 D vendor.xiaomi.sensor.citsensorservice@2.0-service: handle id:11 wxh:1280x2400 uwxuh:1080x2400 size: 9216000 fd:15 fd_meta:16 flags:0x4000228 usage:0x33  format:0x3 layer_count: 1
06-21 16:13:19.462  1289  1864 I SDM     : HWCSession::SetCWBOutputBuffer: CWB config passed by cwb_client : tappoint 1  CWB_ROI : (829.000000 4.000000 915.000000 90.000000)
06-21 16:13:19.463  1289  8422 I SDM     : HWCSession::ProcessRequests: Successfully configured CWB buffer.
06-21 16:13:19.470  1289  8422 I SDM     : HWCSession::ProcessRequests: Pushing release fence in fenece wait queue.
06-21 16:13:19.471  1289  8422 I SDM     : HWCSession::ProcessRequests: Creating AsyncFenceWaits async thread.
06-21 16:13:19.471  1289  8422 I SDM     : HWCSession::ProcessRequests: Remove current CWB request from the pending request queue.
06-21 16:13:19.471  1289  8422 I SDM     : HWCSession::ProcessRequests: No pending cwb requests found in the queue.
06-21 16:13:19.476  1289  1506 I SDM     : HWDeviceDRM::SetupConcurrentWriteback: Tear down the Concurrent Writeback topology
06-21 16:13:19.485  1289  8423 I SDM     : HWCSession::NotifyCWBStatus: Notify the client about buffer status 0.
06-21 16:13:19.485  1289  8423 I SDM     : HWCSession::PerformFenceWaits: Remove current release fence from the pending fence wait queue.
06-21 16:13:19.485  1289  8423 I SDM     : HWCSession::PerformFenceWaits: CWB fence queue is empty. No pending release fence to wait on.
06-21 16:13:19.525  3814  4695 V Avrcp_ext: onPlaybackStateChanged: state PlaybackState {state=6, position=0, buffered position=0, speed=1.0, updated=78321270, actions=894, custom actions=[], active item id=-1, error=null}
06-21 16:13:19.526  5790  5790 I Cir_Miplay_ActiveSessionRecord: onPlaybackStateChanged:6
06-21 16:13:19.526  5790  5790 I Cir_Miplay_ActiveSessionRecordStack: onPlaybackStateChange.
06-21 16:13:19.526  4190  4190 V MediaTimeout: processState 0|cn.missevan|1500|null|10499: PlaybackState {state=6, position=0, buffered position=0, speed=1.0, updated=78321270, actions=894, custom actions=[], active item id=-1, error=null}
06-21 16:13:19.533  3814  4695 V Avrcp_ext: updateCurrentMediaState: mMediaController: MediaController (cn.missevan@4a15b12) 他似晨风起 | 第一期, Megrezz, null
06-21 16:13:19.533  3814  4695 V Avrcp_ext: updateCurrentMediaState: isPlaying = false
06-21 16:13:19.534  3814  4695 W Avrcp_ext: isMusicActive: true getBluetoothPlayState: 1 A2dp State: 11 mAudioPlaybackIsActive: false
06-21 16:13:19.534  3814  4695 D Avrcp_ext: isMusicActive = true mAudioPlaybackIsActive = false player state = PlaybackState {state=6, position=0, buffered position=0, speed=1.0, updated=78321270, actions=894, custom actions=[], active item id=-1, error=null}
06-21 16:13:19.535  3814  4695 D Avrcp_ext: overwrite album_artist :if album is blank
06-21 16:13:19.535  3814  4695 I Avrcp_ext: Skipping update due to invalid playback state
06-21 16:13:19.535  3814  4695 V Avrcp_ext: updatePlaybackState, state: PlaybackState {state=6, position=0, buffered position=0, speed=1.0, updated=78321270, actions=894, custom actions=[], active item id=-1, error=null} device: null
06-21 16:13:19.535  3814  4695 V Avrcp_ext: Device: no name:
06-21 16:13:19.535  3814  4695 V Avrcp_ext: Device: no name:
06-21 16:13:19.535  3814  4695 V Avrcp_ext: Device: no name:
06-21 16:13:19.535  3814  4695 V Avrcp_ext: Device: no name:
06-21 16:13:19.535  3814  4695 V Avrcp_ext: Device: no name:
06-21 16:13:19.535  3814  4695 V Avrcp_ext: updatePlayerStateAndPosition, old=PlaybackState {state=3, position=2046, buffered position=99079, speed=1.0, updated=78321148, actions=894, custom actions=[], active item id=-1, error=null}, state=PlaybackState {state=6, position=0, buffered position=0, speed=1.0, updated=78321270, actions=894, custom actions=[], active item id=-1, error=null}
06-21 16:13:19.535  3814  4695 V Avrcp_ext: old state = PlaybackState {state=3, position=2046, buffered position=99079, speed=1.0, updated=78321148, actions=894, custom actions=[], active item id=-1, error=null}, new state= PlaybackState {state=6, position=0, buffered position=0, speed=1.0, updated=78321270, actions=894, custom actions=[], active item id=-1, error=null}
06-21 16:13:19.535  3814  4695 D HeadsetService: getHeadsetService(): returning com.android.bluetooth.hfp.HeadsetService@cd6daf0
06-21 16:13:19.536  3814  4695 D HeadsetService:  isAudioOn: The number of audio connected devices 0
06-21 16:13:19.536  3814  4695 D HeadsetService: isScoOrCallActive(): Call Active:falseCall is Ringing:falseSCO is Active:false
06-21 16:13:19.536  3814  4695 D HeadsetService:  isAudioOn: The number of audio connected devices 0
06-21 16:13:19.536  3814  4695 I Avrcp_ext: updatePlayStatusForDevice: device: null
06-21 16:13:19.536  3814  4695 V Avrcp_ext: updatePlaybackState (1): old=PlaybackState {state=6, position=0, buffered position=0, speed=1.0, updated=78318925, actions=894, custom actions=[], active item id=-1, error=null}(2), new=PlaybackState {state=6, position=0, buffered position=0, speed=1.0, updated=78321270, actions=894, custom actions=[], active item id=-1, error=null}(2)
06-21 16:13:19.536  3814  4695 I Avrcp_ext: Exit updatePlayStatusForDevice
06-21 16:13:19.536  3814  4695 D HeadsetService:  isAudioOn: The number of audio connected devices 0
06-21 16:13:19.536  3814  4695 D HeadsetService: isScoOrCallActive(): Call Active:falseCall is Ringing:falseSCO is Active:false
06-21 16:13:19.536  3814  4695 D HeadsetService:  isAudioOn: The number of audio connected devices 0
06-21 16:13:19.536  3814  4695 I Avrcp_ext: updatePlayStatusForDevice: device: null
06-21 16:13:19.536  3814  4695 V Avrcp_ext: updatePlaybackState (1): old=PlaybackState {state=6, position=0, buffered position=0, speed=1.0, updated=78318925, actions=894, custom actions=[], active item id=-1, error=null}(2), new=PlaybackState {state=6, position=0, buffered position=0, speed=1.0, updated=78321270, actions=894, custom actions=[], active item id=-1, error=null}(2)
06-21 16:13:19.536  3814  4695 I Avrcp_ext: Exit updatePlayStatusForDevice
06-21 16:13:19.536  3814  4695 D HeadsetService:  isAudioOn: The number of audio connected devices 0
06-21 16:13:19.536  3814  4695 D HeadsetService: isScoOrCallActive(): Call Active:falseCall is Ringing:falseSCO is Active:false
06-21 16:13:19.536  3814  4695 D HeadsetService:  isAudioOn: The number of audio connected devices 0
06-21 16:13:19.536  3814  4695 I Avrcp_ext: updatePlayStatusForDevice: device: null
06-21 16:13:19.536  3814  4695 V Avrcp_ext: updatePlaybackState (1): old=PlaybackState {state=6, position=0, buffered position=0, speed=1.0, updated=78318925, actions=894, custom actions=[], active item id=-1, error=null}(2), new=PlaybackState {state=6, position=0, buffered position=0, speed=1.0, updated=78321270, actions=894, custom actions=[], active item id=-1, error=null}(2)
06-21 16:13:19.536  3814  4695 I Avrcp_ext: Exit updatePlayStatusForDevice
06-21 16:13:19.536  3814  4695 D HeadsetService:  isAudioOn: The number of audio connected devices 0
06-21 16:13:19.536  3814  4695 D HeadsetService: isScoOrCallActive(): Call Active:falseCall is Ringing:falseSCO is Active:false
06-21 16:13:19.536  3814  4695 D HeadsetService:  isAudioOn: The number of audio connected devices 0
06-21 16:13:19.538  3814  4695 I Avrcp_ext: updatePlayStatusForDevice: device: null
06-21 16:13:19.538  3814  4695 V Avrcp_ext: updatePlaybackState (1): old=PlaybackState {state=6, position=0, buffered position=0, speed=1.0, updated=78318925, actions=894, custom actions=[], active item id=-1, error=null}(2), new=PlaybackState {state=6, position=0, buffered position=0, speed=1.0, updated=78321270, actions=894, custom actions=[], active item id=-1, error=null}(2)
06-21 16:13:19.538  3814  4695 I Avrcp_ext: Exit updatePlayStatusForDevice
06-21 16:13:19.538  3814  4695 D HeadsetService:  isAudioOn: The number of audio connected devices 0
06-21 16:13:19.538  3814  4695 D HeadsetService: isScoOrCallActive(): Call Active:falseCall is Ringing:falseSCO is Active:false
06-21 16:13:19.538  3814  4695 D HeadsetService:  isAudioOn: The number of audio connected devices 0
06-21 16:13:19.538  3814  4695 I Avrcp_ext: updatePlayStatusForDevice: device: null
06-21 16:13:19.538  3814  4695 V Avrcp_ext: updatePlaybackState (1): old=PlaybackState {state=6, position=0, buffered position=0, speed=1.0, updated=78318925, actions=894, custom actions=[], active item id=-1, error=null}(2), new=PlaybackState {state=6, position=0, buffered position=0, speed=1.0, updated=78321270, actions=894, custom actions=[], active item id=-1, error=null}(2)
06-21 16:13:19.538  3814  4695 I Avrcp_ext: Exit updatePlayStatusForDevice
06-21 16:13:19.538  3814  4695 D Avrcp_ext: Enter sendPlayPosNotificationRsp
06-21 16:13:19.538  3814  4695 D Avrcp_ext: sendPlayPosNotificationRsp: Not registered or requesting.
06-21 16:13:19.538  3814  4695 D Avrcp_ext: Enter sendPlayPosNotificationRsp
06-21 16:13:19.538  3814  4695 D Avrcp_ext: sendPlayPosNotificationRsp: Not registered or requesting.
06-21 16:13:19.538  3814  4695 D Avrcp_ext: Enter sendPlayPosNotificationRsp
06-21 16:13:19.538  3814  4695 D Avrcp_ext: sendPlayPosNotificationRsp: Not registered or requesting.
06-21 16:13:19.538  3814  4695 D Avrcp_ext: Enter sendPlayPosNotificationRsp
06-21 16:13:19.538  3814  4695 D Avrcp_ext: sendPlayPosNotificationRsp: Not registered or requesting.
06-21 16:13:19.538  3814  4695 D Avrcp_ext: Enter sendPlayPosNotificationRsp
06-21 16:13:19.538  3814  4695 D Avrcp_ext: sendPlayPosNotificationRsp: Not registered or requesting.
06-21 16:13:19.538  3814  4695 V Avrcp_ext: Exit updatePlayerStateAndPosition
06-21 16:13:19.538  3814  4695 V Avrcp_ext:  Exit onPlaybackStateChanged
06-21 16:13:19.539  5790  5790 I Cir_Miplay_ActiveAudioSessionManager: TopAudioSession play change
06-21 16:13:19.539  5790  5790 I Cir_Miplay_MiPlayAudioService: dispatchPlaybackStateChange:6
06-21 16:13:19.539  5790  5790 I Cir_Miplay_MiPlayAudioService: localPlayStateChange state:6
06-21 16:13:19.539  5790  5790 I Cir_Miplay_MiPlayAudioService: playStateNotify state:6  ,id:,uuid:local_device_id
06-21 16:13:19.541  5790  5790 I ActiveSessionRecord: onPlaybackStateChanged: PlaybackState {state=6, position=0, buffered position=0, speed=1.0, updated=78321270, actions=894, custom actions=[], active item id=-1, error=null}
06-21 16:13:19.549  5790  5790 I ActiveAudioSessionManager: stopPositionCallbackTask
06-21 16:13:19.550  4190  4190 D MiPlayDetailViewModel: onPlaybackStateChange(): state = 6
06-21 16:13:19.552  1429  2280 D AudioFlinger: updateWakeLockUids_l AudioOut_25 uids:
06-21 16:13:19.552  1429  1967 V APM::EffectDescriptor: setEffectEnabled(false) total CPU 0
06-21 16:13:19.553  1189  2298 D PAL: API: pal_set_param: 829: Enter: param id 27 (PAL_PARAM_ID_GAIN_LVL_CAL)
06-21 16:13:19.553  1189  2298 I PAL: ResourceManager: setParameter: 7783: Enter param id: 27 (PAL_PARAM_ID_GAIN_LVL_CAL)
06-21 16:13:19.553  1189  2298 D PAL: Stream: getAssociatedDevices: 492: no. of devices 1
06-21 16:13:19.553  1189  2298 D PAL: Stream: getAssociatedSession: 553: session 0xb4000076b01e3200K
06-21 16:13:19.553  1189  2298 D PAL: SessionAlsaPcm: setConfig: 436: Enter tag: -1073741781
06-21 16:13:19.553  1189  2298 D PAL: Stream: getVolumeData: 574: num config 1
06-21 16:13:19.554  1282  1800 E ACDB    : AcdbCmdGetSubgraphCalDataNonPersist:6151 Error[19]: No calibration found
06-21 16:13:19.554  1282  1800 I gsl     : gsl_graph_send_persist_cal:857 Skipping persist cal for SG_ID -1342177278: already started
06-21 16:13:19.554  1282  1800 I gsl     : gsl_graph_send_persist_cal:857 Skipping persist cal for SG_ID -1342177272: already started
06-21 16:13:19.554  1282  1800 I gsl     : gsl_graph_send_persist_cal:857 Skipping persist cal for SG_ID -1342177252: already started
06-21 16:13:19.554  1282  1800 I gsl     : gsl_graph_send_persist_cal:857 Skipping persist cal for SG_ID -1342177279: already started
06-21 16:13:19.554  1189  2298 D PAL: SessionAlsaPcm: setConfig: 561: exit status: 0
06-21 16:13:19.554  1189  2298 D PAL: ResourceManager: setParameter: 8559: Exit status: 0
06-21 16:13:19.554  1189  2298 D PAL: API: pal_set_param: 844: Exit, status 0
06-21 16:13:19.555  1189  2298 D PAL: API: pal_set_param: 829: Enter: param id 27 (PAL_PARAM_ID_GAIN_LVL_CAL)
06-21 16:13:19.555  1189  2298 I PAL: ResourceManager: setParameter: 7783: Enter param id: 27 (PAL_PARAM_ID_GAIN_LVL_CAL)
06-21 16:13:19.555  1189  2298 D PAL: Stream: getAssociatedDevices: 492: no. of devices 1
06-21 16:13:19.555  1189  2298 D PAL: Stream: getAssociatedSession: 553: session 0xb4000076b01e3200K
06-21 16:13:19.555  1189  2298 D PAL: SessionAlsaPcm: setConfig: 436: Enter tag: -1073741781
06-21 16:13:19.555  1189  2298 D PAL: Stream: getVolumeData: 574: num config 1
06-21 16:13:19.555  1282 17694 E ACDB    : AcdbComputeDeltaCKV:5762 Error[19]: No calibration data can be found. There is no difference between CKV[new] and CKV[old].
06-21 16:13:19.555  1282 17694 E ACDB    : AcdbCmdGetSubgraphCalDataNonPersist:5964 Error[19]: Failed to get the delta CKV
06-21 16:13:19.555  1282 17694 I gsl     : gsl_graph_send_persist_cal:857 Skipping persist cal for SG_ID -1342177278: already started
06-21 16:13:19.555  1282 17694 I gsl     : gsl_graph_send_persist_cal:857 Skipping persist cal for SG_ID -1342177272: already started
06-21 16:13:19.555  1282 17694 I gsl     : gsl_graph_send_persist_cal:857 Skipping persist cal for SG_ID -1342177252: already started
06-21 16:13:19.555  1282 17694 I gsl     : gsl_graph_send_persist_cal:857 Skipping persist cal for SG_ID -1342177279: already started
06-21 16:13:19.555  1189  2298 D PAL: SessionAlsaPcm: setConfig: 561: exit status: 0
06-21 16:13:19.555  1189  2298 D PAL: ResourceManager: setParameter: 8559: Exit status: 0
06-21 16:13:19.555  1189  2298 D PAL: API: pal_set_param: 844: Exit, status 0
06-21 16:13:19.555  1429  1967 V APM::EffectDescriptor: unregisterEffect() effect Volume listener for Music, ID 611, memory 1 total memory 1
06-21 16:13:19.555  1429  1967 D APM_AudioPolicyManager: stopOutput portId 101
06-21 16:13:19.555  1429  1967 D APM_AudioPolicyManager: stopOutput() output 37, stream 3, session 457
06-21 16:13:19.556  1429  1967 D APM_AudioPolicyManager: getNewOutputDevices selected devices AUDIO_DEVICE_NONE
06-21 16:13:19.556  1429  1967 D APM_AudioPolicyManager: setOutputDevices output 37 device AUDIO_DEVICE_NONE delayMs 218 force 0 requiresMuteCheck 1
06-21 16:13:19.556  1429  1967 D APM_AudioPolicyManager: setOutputDevices() prevDevice {type:0x2,@:}
06-21 16:13:19.557  5790  5790 I SafeBinderCall: onPlaybackStateChange binder cost:3
06-21 16:13:19.557  5790  5790 I MiPlayClientSDK: =======================================================================
06-21 16:13:19.557  5790  5790 I MiPlayClientSDK: onPlayStateChange start
06-21 16:13:19.557  5790  5790 I MiPlayClientSDK: local_device_id, state:6
06-21 16:13:19.557  5790  5790 I MiPlayClientSDK: onPlayStateChange end
06-21 16:13:19.557  5790  5790 I MiPlayClientSDK: =======================================================================
06-21 16:13:19.557  5790  5790 I MiPlayProxyDeviceManager: onPlayStateChange
06-21 16:13:19.557  5790  5790 I MiPlay  : onPlaybackStateChanged,local_device_id, state:none
06-21 16:13:19.558  5797  6615 I PowerCheckerService: uid:10499change to inactive
06-21 16:13:19.558  5797  6243 I a       : uid:10499change to inactive
06-21 16:13:19.559  5144  5633 I MediaCodec: init video box disabled for codec not supported
06-21 16:13:19.559  5144  8427 D CCodec  : allocate(c2.android.aac.decoder)
06-21 16:13:19.565  1189  2298 V EffectMiSound: MiSound_command() start, cmdCode=20
06-21 16:13:19.565  1189  2298 V EffectMiSound: MiSound_Command EFFECT_CMD_OFFLOAD
06-21 16:13:19.566  1189  2298 V EffectMiSound: MiSound_command() start, cmdCode=1
06-21 16:13:19.566  1189  2298 V EffectMiSound: MiSound_setConfig start
06-21 16:13:19.566  1189  2298 V EffectMiSound: MiSound_command() start, cmdCode=9
06-21 16:13:19.566  1189  2298 V EffectMiSound: MiSound_Command EFFECT_CMD_SET_DEVICE: 0x00000002
06-21 16:13:19.566  1189  2298 D MiSoundQdspGefDriver: setDevice(device=0x00000002): old device 0x00000002
06-21 16:13:19.566  1189  2298 V EffectMiSound: MiSound_command() start, cmdCode=11
06-21 16:13:19.566  1189  2298 V EffectMiSound: MiSound_Command EFFECT_CMD_SET_AUDIO_MODE: 0
06-21 16:13:19.566  1189  2298 D DlbDlbEffect: effectCommand(handle=0xb4000076be76f0a0, cmdCode=5, cmdSize=20, pCmdData=0xb4000076b0267de0, replySize=4, pReplyData=0xb4000076b02335d0)
06-21 16:13:19.566  1189  2298 D DlbDlbEffect: handle_EFFECT_CMD_SET_PARAM()
06-21 16:13:19.566  1189  2298 V DlbDapEffectContext: setParam() received parameter EFFECT_PARAM_SKIP_HARD_BYPASS
06-21 16:13:19.566  1189  2298 V DlbEffectQdspDap: setPreferredOffType()
06-21 16:13:19.566  1189  2298 D DlbQdspGefDriver: setPreferredOffType(type=2)
06-21 16:13:19.567  1189  2298 D DlbDlbEffect: effectCommand(handle=0xb4000076be76f0a0, cmdCode=4, cmdSize=0, pCmdData=0x0, replySize=4, pReplyData=0xb4000076b0233688)
06-21 16:13:19.567  1189  2298 D DlbDlbEffect: handle_EFFECT_CMD_DISABLE()
06-21 16:13:19.567  1189  2298 V DlbEffectQdspDap: setEnabled()
06-21 16:13:19.567  1189  2298 V DlbEffectQdspDap: updateEnabled(enabled=0, bypassed=0)
06-21 16:13:19.567  1189  2298 D DlbQdspGefDriver: setEnabled(enable=0)
06-21 16:13:19.567  1189  2298 D DlbQdspGefDriver: setEnabled(): Skip the transient enabled state 0
06-21 16:13:19.567  1189  2298 D DlbDlbEffect: effectCommand(handle=0xb4000076be76f0a0, cmdCode=20, cmdSize=8, pCmdData=0xb4000076b02335d0, replySize=4, pReplyData=0xb4000076b0233688)
06-21 16:13:19.567  1189  2298 D DlbDlbEffect: handle_EFFECT_CMD_OFFLOAD(offload=0, ioHandle=13)
06-21 16:13:19.567  1189  2298 V EffectMiSound: MiSound_command() start, cmdCode=1
06-21 16:13:19.567  1189  2298 V EffectMiSound: MiSound_setConfig start
06-21 16:13:19.567  1189  2298 D DlbDlbEffect: effectCommand(handle=0xb4000076be76f0a0, cmdCode=1, cmdSize=112, pCmdData=0x76a9dfe0a0, replySize=4, pReplyData=0x76a9dfe11c)
06-21 16:13:19.567  1189  2298 D DlbDlbEffect: handle_EFFECT_CMD_SET_CONFIG()
06-21 16:13:19.567  1189 14575 D DlbDlbEffect: effectCommand(handle=0xb4000076be76f0a0, cmdCode=9, cmdSize=4, pCmdData=0xb4000076b02336a8, replySize=4, pReplyData=0xb4000076b0233670)
06-21 16:13:19.567  1189 14575 D DlbDlbEffect: handle_EFFECT_CMD_SET_DEVICE(device=0x00000002)
06-21 16:13:19.567  1189 14575 V DlbDapEffectContext: setDevice(00000002)
06-21 16:13:19.567  1189 14575 V DlbEffectQdspDap: setBypass(bypass = 0)
06-21 16:13:19.567  1189 14575 V DlbEffectQdspDap: setDevice()
06-21 16:13:19.567  1189 14575 D DlbQdspGefDriver: setDevice(device=0x00000002): old device 0x00000002
06-21 16:13:19.568  1260  1260 D DMSService: setActiveDevice called with device = 0x2 (original 0x2)
06-21 16:13:19.568  1189 14575 D DlbDlbEffect: effectCommand(handle=0xb4000076be76f0a0, cmdCode=11, cmdSize=4, pCmdData=0xb4000076b02336a8, replySize=4, pReplyData=0xb4000076b0233670)
06-21 16:13:19.568  1189 14575 V DlbDlbEffect: handle_EFFECT_CMD_SET_AUDIO_MODE(mode=0x00000000)
06-21 16:13:19.568  1189 14575 D DlbDlbEffect: effectCommand(handle=0xb4000076be76f0a0, cmdCode=20, cmdSize=8, pCmdData=0xb4000076b02336a8, replySize=4, pReplyData=0xb4000076b0233670)
06-21 16:13:19.568  1189 14575 D DlbDlbEffect: handle_EFFECT_CMD_OFFLOAD(offload=1, ioHandle=13)
06-21 16:13:19.568  1189 14575 D DlbDlbEffect: effectCommand(handle=0xb4000076be76f0a0, cmdCode=3, cmdSize=0, pCmdData=0x0, replySize=4, pReplyData=0xb4000076b0233670)
06-21 16:13:19.568  1189 14575 D DlbDlbEffect: handle_EFFECT_CMD_ENABLE()
06-21 16:13:19.568  1189 14575 V DlbEffectQdspDap: setEnabled()
06-21 16:13:19.568  1189 14575 V DlbEffectQdspDap: updateEnabled(enabled=1, bypassed=0)
06-21 16:13:19.568  1189 14575 D DlbQdspGefDriver: setEnabled(enable=1)
06-21 16:13:19.568  1189 14575 D DlbQdspGefDriver: setEnabled(): the enabled state is already 1
06-21 16:13:19.568  1429  1967 V APM::EffectDescriptor: moveEffects session 0 srcOutput 37 dstOutput 13
06-21 16:13:19.571  1189 14575 D AHAL: AudioStream: astream_out_set_parameters: 808: enter: usecase(0: deep-buffer-playback) kvpairs: appname=-cn.missevan
06-21 16:13:19.571  1189 14575 D AHAL: AudioStreamCustom: SetParameters: 198: SetParameters(): set app name -cn.missevan
06-21 16:13:19.571  1189 14575 D AHAL: AudioStreamCustom: isSupportMisoundAsc mode is0
06-21 16:13:19.571  1189 14575 D AHAL: AudioStream: SetParameters: 2204: enter
06-21 16:13:19.571  1189 14575 I AHAL: AudioStream: SetParameters: 2213: ret 0, plugin device cont -1 stream -1
06-21 16:13:19.571  1189 14575 D AHAL: AudioStream: SetParameters: 2252: exit 0
06-21 16:13:19.571  1189 14575 D AHAL: AudioStream: astream_out_set_parameters: 825: Exit ret: 0
06-21 16:13:19.574  1429  1967 D APM_AudioPolicyManager: releaseOutput portId 101
06-21 16:13:19.574  1429  1967 D APM_AudioPolicyManager: releaseOutput() output 37, stream 3, session 457 [uid=10499]
06-21 16:13:19.574  5790  5790 I MiPlayProxyDeviceManager: onTopActiveSessionChange, cn.missevan
06-21 16:13:19.574  3814  4695 V Avrcp_ext: onMetadataChanged
06-21 16:13:19.576  5144  8427 I CCodec  : setting up 'default' as default (vendor) store
06-21 16:13:19.576  1965 24659 V C2Store : in init
06-21 16:13:19.576  1965 24659 V C2Store : loading dll
06-21 16:13:19.576  4488  4580 W QueryController: Could not detect idle state.
06-21 16:13:19.577  5790  5790 I SafeBinderCall: onTopActiveSessionChange binder cost:0
06-21 16:13:19.577  3814  4695 V Avrcp_ext: updateCurrentMediaState: mMediaController: MediaController (cn.missevan@4a15b12) 他似晨风起 | 预告, Megrezz, null
06-21 16:13:19.577  3814  4695 V Avrcp_ext: updateCurrentMediaState: isPlaying = false
06-21 16:13:19.577  3814  4695 W Avrcp_ext: isMusicActive: false getBluetoothPlayState: 2 A2dp State: 11 mAudioPlaybackIsActive: false
06-21 16:13:19.578  3814  4695 D Avrcp_ext: isMusicActive = false mAudioPlaybackIsActive = false player state = PlaybackState {state=6, position=0, buffered position=0, speed=1.0, updated=78321270, actions=894, custom actions=[], active item id=-1, error=null}
06-21 16:13:19.578  5790  5790 I SafeBinderCall: onMediaMetaChange binder cost:1
06-21 16:13:19.579  4190  4190 D MiPlayDetailViewModel: onMediaMetaChange(): metaData.title = 他似晨风起 | 预告
06-21 16:13:19.580  5790  5790 I Cir_Miplay_ActiveAudioSessionManager: dispatchTopActiveSessionChangeCallbackLocked, size:1
06-21 16:13:19.580  4190  4190 D MiPlayDetailViewModel: onActiveAudioSessionChange(): audioSessionList?.size = 1
06-21 16:13:19.582  3814  4695 D Avrcp_ext: overwrite album_artist :if album is blank
06-21 16:13:19.583  4190  4190 I SafeBinderCall: call getMediaMetaData binder cost:2
06-21 16:13:19.583  5144  8427 I CCodec  : Created component [c2.android.aac.decoder]
06-21 16:13:19.583  3814  4695 I Avrcp_ext: Skipping update due to invalid playback state
06-21 16:13:19.583  3814  4695 V Avrcp_ext: updatePlaybackState, state: PlaybackState {state=6, position=0, buffered position=0, speed=1.0, updated=78321270, actions=894, custom actions=[], active item id=-1, error=null} device: null
06-21 16:13:19.583  3814  4695 V Avrcp_ext: Device: no name:
06-21 16:13:19.583  3814  4695 V Avrcp_ext: Device: no name:
06-21 16:13:19.583  3814  4695 V Avrcp_ext: Device: no name:
06-21 16:13:19.583  3814  4695 V Avrcp_ext: Device: no name:
06-21 16:13:19.583  3814  4695 V Avrcp_ext: Device: no name:
06-21 16:13:19.583  3814  4695 V Avrcp_ext: updatePlayerStateAndPosition, old=PlaybackState {state=6, position=0, buffered position=0, speed=1.0, updated=78321270, actions=894, custom actions=[], active item id=-1, error=null}, state=PlaybackState {state=6, position=0, buffered position=0, speed=1.0, updated=78321270, actions=894, custom actions=[], active item id=-1, error=null}
06-21 16:13:19.583  3814  4695 V Avrcp_ext: old state = PlaybackState {state=6, position=0, buffered position=0, speed=1.0, updated=78321270, actions=894, custom actions=[], active item id=-1, error=null}, new state= PlaybackState {state=6, position=0, buffered position=0, speed=1.0, updated=78321270, actions=894, custom actions=[], active item id=-1, error=null}
06-21 16:13:19.583  3814  4695 D HeadsetService: getHeadsetService(): returning com.android.bluetooth.hfp.HeadsetService@cd6daf0
06-21 16:13:19.583  3814  4695 D HeadsetService:  isAudioOn: The number of audio connected devices 0
06-21 16:13:19.583  5144  8427 D CCodecConfig: read media type: audio/mp4a-latm
06-21 16:13:19.583  3814  4695 D HeadsetService: isScoOrCallActive(): Call Active:falseCall is Ringing:falseSCO is Active:false
06-21 16:13:19.583  3814  4695 D HeadsetService:  isAudioOn: The number of audio connected devices 0
06-21 16:13:19.583  3814  4695 I Avrcp_ext: updatePlayStatusForDevice: device: null
06-21 16:13:19.584  3814  4695 V Avrcp_ext: updatePlaybackState (1): old=PlaybackState {state=6, position=0, buffered position=0, speed=1.0, updated=78321270, actions=894, custom actions=[], active item id=-1, error=null}(2), new=PlaybackState {state=6, position=0, buffered position=0, speed=1.0, updated=78321270, actions=894, custom actions=[], active item id=-1, error=null}(2)
06-21 16:13:19.584  3814  4695 I Avrcp_ext: Exit updatePlayStatusForDevice
06-21 16:13:19.584  5790  6101 I SafeBinderCall: onActiveAudioSessionChange binder cost:1
06-21 16:13:19.584  3814  4695 D HeadsetService:  isAudioOn: The number of audio connected devices 0
06-21 16:13:19.584  3814  4695 D HeadsetService: isScoOrCallActive(): Call Active:falseCall is Ringing:falseSCO is Active:false
06-21 16:13:19.584  3814  4695 D HeadsetService:  isAudioOn: The number of audio connected devices 0
06-21 16:13:19.584  3814  4695 I Avrcp_ext: updatePlayStatusForDevice: device: null
06-21 16:13:19.584  3814  4695 V Avrcp_ext: updatePlaybackState (1): old=PlaybackState {state=6, position=0, buffered position=0, speed=1.0, updated=78321270, actions=894, custom actions=[], active item id=-1, error=null}(2), new=PlaybackState {state=6, position=0, buffered position=0, speed=1.0, updated=78321270, actions=894, custom actions=[], active item id=-1, error=null}(2)
06-21 16:13:19.584  3814  4695 I Avrcp_ext: Exit updatePlayStatusForDevice
06-21 16:13:19.584  3814  4695 D HeadsetService:  isAudioOn: The number of audio connected devices 0
06-21 16:13:19.584  3814  4695 D HeadsetService: isScoOrCallActive(): Call Active:falseCall is Ringing:falseSCO is Active:false
06-21 16:13:19.584  3814  4695 D HeadsetService:  isAudioOn: The number of audio connected devices 0
06-21 16:13:19.584  3814  4695 I Avrcp_ext: updatePlayStatusForDevice: device: null
06-21 16:13:19.584  3814  4695 V Avrcp_ext: updatePlaybackState (1): old=PlaybackState {state=6, position=0, buffered position=0, speed=1.0, updated=78321270, actions=894, custom actions=[], active item id=-1, error=null}(2), new=PlaybackState {state=6, position=0, buffered position=0, speed=1.0, updated=78321270, actions=894, custom actions=[], active item id=-1, error=null}(2)
06-21 16:13:19.584  3814  4695 I Avrcp_ext: Exit updatePlayStatusForDevice
06-21 16:13:19.584  3814  4695 D HeadsetService:  isAudioOn: The number of audio connected devices 0
06-21 16:13:19.584  3814  4695 D HeadsetService: isScoOrCallActive(): Call Active:falseCall is Ringing:falseSCO is Active:false
06-21 16:13:19.584  3814  4695 D HeadsetService:  isAudioOn: The number of audio connected devices 0
06-21 16:13:19.584  3814  4695 I Avrcp_ext: updatePlayStatusForDevice: device: null
06-21 16:13:19.584  3814  4695 V Avrcp_ext: updatePlaybackState (1): old=PlaybackState {state=6, position=0, buffered position=0, speed=1.0, updated=78321270, actions=894, custom actions=[], active item id=-1, error=null}(2), new=PlaybackState {state=6, position=0, buffered position=0, speed=1.0, updated=78321270, actions=894, custom actions=[], active item id=-1, error=null}(2)
06-21 16:13:19.584  3814  4695 I Avrcp_ext: Exit updatePlayStatusForDevice
06-21 16:13:19.584  3814  4695 D HeadsetService:  isAudioOn: The number of audio connected devices 0
06-21 16:13:19.584  3814  4695 D HeadsetService: isScoOrCallActive(): Call Active:falseCall is Ringing:falseSCO is Active:false
06-21 16:13:19.584  3814  4695 D HeadsetService:  isAudioOn: The number of audio connected devices 0
06-21 16:13:19.584  3814  4695 I Avrcp_ext: updatePlayStatusForDevice: device: null
06-21 16:13:19.584  3814  4695 V Avrcp_ext: updatePlaybackState (1): old=PlaybackState {state=6, position=0, buffered position=0, speed=1.0, updated=78321270, actions=894, custom actions=[], active item id=-1, error=null}(2), new=PlaybackState {state=6, position=0, buffered position=0, speed=1.0, updated=78321270, actions=894, custom actions=[], active item id=-1, error=null}(2)
06-21 16:13:19.584  3814  4695 I Avrcp_ext: Exit updatePlayStatusForDevice
06-21 16:13:19.584  3814  4695 D Avrcp_ext: Enter sendPlayPosNotificationRsp
06-21 16:13:19.584  3814  4695 D Avrcp_ext: sendPlayPosNotificationRsp: Not registered or requesting.
06-21 16:13:19.584  3814  4695 D Avrcp_ext: Enter sendPlayPosNotificationRsp
06-21 16:13:19.584  3814  4695 D Avrcp_ext: sendPlayPosNotificationRsp: Not registered or requesting.
06-21 16:13:19.584  3814  4695 D Avrcp_ext: Enter sendPlayPosNotificationRsp
06-21 16:13:19.584  3814  4695 D Avrcp_ext: sendPlayPosNotificationRsp: Not registered or requesting.
06-21 16:13:19.584  3814  4695 D Avrcp_ext: Enter sendPlayPosNotificationRsp
06-21 16:13:19.584  3814  4695 D Avrcp_ext: sendPlayPosNotificationRsp: Not registered or requesting.
06-21 16:13:19.584  3814  4695 D Avrcp_ext: Enter sendPlayPosNotificationRsp
06-21 16:13:19.584  4488  4580 I appium  : AppiumResponse: {"sessionId":"bde9ac89-d71b-4d5f-af08-eca187838813","value":null}
06-21 16:13:19.584  3814  4695 D Avrcp_ext: sendPlayPosNotificationRsp: Not registered or requesting.
06-21 16:13:19.584  3814  4695 V Avrcp_ext: Exit updatePlayerStateAndPosition
06-21 16:13:19.585  5790  5790 I Cir_Miplay_MiPlayAudioService: onTopActiveSessionChange, cn.missevan
06-21 16:13:19.585  5790  5790 I Cir_Miplay_MiPlayAudioService: topActiveSessionChange appId:cn.missevan
06-21 16:13:19.585  5790  5790 I Cir_Miplay_MiPlayAudioStatUtils: recordPackageName:cn.missevan
06-21 16:13:19.585  5790  5790 I Cir_Miplay_MiPlayAudioStatUtils: packageNameEquals.
06-21 16:13:19.585  5790  5790 I Cir_Miplay_ActiveSessionRecord: dispatch meta change, MediaMetaData{mArtist='Megrezz', mAlbum='null', mTitle='他似晨风起 | 预告', mArt=valid, mDuration=90094, mLrc='null'}
06-21 16:13:19.585  5790  5790 I Cir_Miplay_MiPlayAudioService: dispatchMetaChange:cn.missevan  ActiveSsionPackageName:cn.missevan
06-21 16:13:19.585  4190  4190 I SafeBinderCall: call getPosition binder cost:2
06-21 16:13:19.585  4190  4190 I SafeBinderCall: call getPlaybackState binder cost:0
06-21 16:13:19.586  5144  8427 D ReflectedParamUpdater: extent() != 1 for single value type: algo.buffers.max-count.values
06-21 16:13:19.586  5144  8427 D ReflectedParamUpdater: extent() != 1 for single value type: output.subscribed-indices.values
06-21 16:13:19.587  5144  8427 D ReflectedParamUpdater: extent() != 1 for single value type: input.buffers.allocator-ids.values
06-21 16:13:19.587  5144  8427 D ReflectedParamUpdater: extent() != 1 for single value type: output.buffers.allocator-ids.values
06-21 16:13:19.587  5144  8427 D ReflectedParamUpdater: extent() != 1 for single value type: algo.buffers.allocator-ids.values
06-21 16:13:19.587  5144  8427 D ReflectedParamUpdater: extent() != 1 for single value type: output.buffers.pool-ids.values
06-21 16:13:19.588  5144  8427 D ReflectedParamUpdater: extent() != 1 for single value type: algo.buffers.pool-ids.values
06-21 16:13:19.589  5790 12090 I Cir_Miplay_MiPlayAudioService: dispatchMetaChange:MediaMetaData{mArtist='Megrezz', mAlbum='null', mTitle='他似晨风起 | 预告', mArt=valid, mDuration=90094, mLrc='null'}
06-21 16:13:19.589  5790  5790 I MiPlayClientSDK: =======================================================================
06-21 16:13:19.589  5790  5790 I MiPlayClientSDK: onMediaInfoChange start
06-21 16:13:19.589  5790  5790 I MiPlayClientSDK: local_device_id, MediaMetaData{mArtist='Megrezz', mAlbum='null', mTitle='他似晨风起 | 预告', mDuration=90094, mId='', mCoverUrl='', mStatus=0, mVolume=0, mArt=android.graphics.Bitmap@92e2c3d, mPosition=0, mLrc='null', mPackgeName='cn.missevan', mSourceName='2738969101的Xiaomi Civi 2', mDeviceState=0}
06-21 16:13:19.589  5790  5790 I MiPlayClientSDK: onMediaInfoChange end
06-21 16:13:19.589  5790  5790 I MiPlayClientSDK: =======================================================================
06-21 16:13:19.589  5790  5790 I MiPlayProxyDeviceManager: onMediaInfoChange
06-21 16:13:19.589  5790  5790 I MiPlay  : onMediaMetaChanged,local_device_id, meta:MediaMetaData{mArtist='Megrezz', mAlbum='null', mTitle='他似晨风起 | 预告', mDuration=90094, art:valid}
06-21 16:13:19.590  5790 12090 I Cir_Miplay_MetaInfoManager: setMetadata.
06-21 16:13:19.591  5144  8427 I CCodecConfig: query failed after returning 19 values (BAD_INDEX)
06-21 16:13:19.591  5144  8427 D CCodecConfig: c2 config diff is Dict {
06-21 16:13:19.591  5144  8427 D CCodecConfig:   c2::u32 coded.aac-packaging.value = 0
06-21 16:13:19.591  5144  8427 D CCodecConfig:   c2::u32 coded.bitrate.value = 64000
06-21 16:13:19.591  5144  8427 D CCodecConfig:   c2::u32 coded.pl.level = 0
06-21 16:13:19.591  5144  8427 D CCodecConfig:   c2::u32 coded.pl.profile = 8192
06-21 16:13:19.591  5144  8427 D CCodecConfig:   c2::i32 coding.drc.album-mode.value = 0
06-21 16:13:19.591  5144  8427 D CCodecConfig:   c2::float coding.drc.attenuation-factor.value = 1
06-21 16:13:19.591  5144  8427 D CCodecConfig:   c2::float coding.drc.boost-factor.value = 1
06-21 16:13:19.591  5144  8427 D CCodecConfig:   c2::i32 coding.drc.compression-mode.value = 3
06-21 16:13:19.591  5144  8427 D CCodecConfig:   c2::i32 coding.drc.effect-type.value = 3
06-21 16:13:19.591  5144  8427 D CCodecConfig:   c2::float coding.drc.encoded-level.value = 0.25
06-21 16:13:19.591  5144  8427 D CCodecConfig:   c2::float coding.drc.reference-level.value = -16
06-21 16:13:19.591  5144  8427 D CCodecConfig:   c2::u32 input.buffers.max-size.value = 8192
06-21 16:13:19.591  5144  8427 D CCodecConfig:   c2::u32 input.delay.value = 0
06-21 16:13:19.591  5144  8427 D CCodecConfig:   string input.media-type.value = "audio/mp4a-latm"
06-21 16:13:19.591  5144  8427 D CCodecConfig:   c2::u32 output.delay.value = 2
06-21 16:13:19.591  5144  8427 D CCodecConfig:   c2::float output.drc.output-loudness.value = 0.25
06-21 16:13:19.591  5144  8427 D CCodecConfig:   string output.media-type.value = "audio/raw"
06-21 16:13:19.591  5144  8427 D CCodecConfig:   c2::u32 raw.channel-count.value = 1
06-21 16:13:19.591  5144  8427 D CCodecConfig:   c2::u32 raw.max-channel-count.value = 8
06-21 16:13:19.591  5144  8427 D CCodecConfig:   c2::u32 raw.sample-rate.value = 44100
06-21 16:13:19.591  5144  8427 D CCodecConfig: }
06-21 16:13:19.593  5144  8427 I MediaCodec: MediaCodec will operate in async mode
06-21 16:13:19.593  5144  8427 D CCodec  : [c2.android.aac.decoder] buffers are bound to CCodec for this session
06-21 16:13:19.593  5144  8427 D CCodecConfig: no c2 equivalents for log-session-id
06-21 16:13:19.593  5144  8427 D CCodecConfig: no c2 equivalents for flags
06-21 16:13:19.594  5144  8427 D CCodecConfig: config failed => CORRUPTED
06-21 16:13:19.594  5144  8427 D CCodecConfig: c2 config diff is   c2::u32 raw.channel-count.value = 2
06-21 16:13:19.597  5144  8427 W Codec2Client: query -- param skipped: index = 1107298332.
06-21 16:13:19.597  5144  8427 D CCodec  : client requested max input size 1206, which is smaller than what component recommended (8192); overriding with component recommendation.
06-21 16:13:19.597  5144  8427 W CCodec  : This behavior is subject to change. It is recommended that app developers double check whether the requested max input size is in reasonable range.
06-21 16:13:19.597  5144  8427 D CCodec  : setup formats input: AMessage(what = 0x00000000) = {
06-21 16:13:19.597  5144  8427 D CCodec  :   int32_t aac-drc-album-mode = 0
06-21 16:13:19.597  5144  8427 D CCodec  :   int32_t aac-drc-boost-level = 127
06-21 16:13:19.597  5144  8427 D CCodec  :   int32_t aac-drc-cut-level = 127
06-21 16:13:19.597  5144  8427 D CCodec  :   int32_t aac-drc-effect-type = 3
06-21 16:13:19.597  5144  8427 D CCodec  :   int32_t aac-drc-heavy-compression = 3
06-21 16:13:19.597  5144  8427 D CCodec  :   int32_t aac-encoded-target-level = -1
06-21 16:13:19.597  5144  8427 D CCodec  :   int32_t aac-max-output-channel_count = 8
06-21 16:13:19.597  5144  8427 D CCodec  :   int32_t aac-target-ref-level = 64
06-21 16:13:19.597  5144  8427 D CCodec  :   int32_t bitrate = 64000
06-21 16:13:19.597  5144  8427 D CCodec  :   int32_t channel-count = 2
06-21 16:13:19.597  5144  8427 D CCodec  :   int32_t level = 0
06-21 16:13:19.597  5144  8427 D CCodec  :   int32_t max-input-size = 8192
06-21 16:13:19.597  5144  8427 D CCodec  :   string mime = "audio/mp4a-latm"
06-21 16:13:19.597  5144  8427 D CCodec  :   int32_t profile = 2
06-21 16:13:19.597  5144  8427 D CCodec  :   int32_t sample-rate = 44100
06-21 16:13:19.597  5144  8427 D CCodec  : }
06-21 16:13:19.597  5144  8427 D CCodec  : setup formats output: AMessage(what = 0x00000000) = {
06-21 16:13:19.597  5144  8427 D CCodec  :   int32_t aac-drc-album-mode = 0
06-21 16:13:19.597  5144  8427 D CCodec  :   int32_t aac-drc-boost-level = 127
06-21 16:13:19.597  5144  8427 D CCodec  :   int32_t aac-drc-cut-level = 127
06-21 16:13:19.597  5144  8427 D CCodec  :   int32_t aac-drc-effect-type = 3
06-21 16:13:19.597  5144  8427 D CCodec  :   int32_t aac-drc-heavy-compression = 3
06-21 16:13:19.597  5144  8427 D CCodec  :   int32_t aac-drc-output-loudness = -1
06-21 16:13:19.597  5144  8427 D CCodec  :   int32_t aac-encoded-target-level = -1
06-21 16:13:19.597  5144  8427 D CCodec  :   int32_t aac-max-output-channel_count = 8
06-21 16:13:19.597  5144  8427 D CCodec  :   int32_t aac-target-ref-level = 64
06-21 16:13:19.597  5144  8427 D CCodec  :   int32_t channel-count = 2
06-21 16:13:19.597  5144  8427 D CCodec  :   string mime = "audio/raw"
06-21 16:13:19.597  5144  8427 D CCodec  :   int32_t sample-rate = 44100
06-21 16:13:19.597  5144  8427 D CCodec  :   int32_t android._config-pcm-encoding = 2
06-21 16:13:19.597  5144  8427 D CCodec  : }
06-21 16:13:19.597  5144  8427 I CCodecConfig: query failed after returning 19 values (BAD_INDEX)
06-21 16:13:19.598  5144  8427 D MediaImpl: MediaImpl::sendMine: audio/mp4a-latm
06-21 16:13:19.598  5144  8427 D MediaStub: MediaStub::sendMine audio/mp4a-latm
06-21 16:13:19.599  5144  5633 D MediaCodec: keep callback message for reclaim
06-21 16:13:19.601  5144  8427 W Codec2Client: query -- param skipped: index = 1342179345.
06-21 16:13:19.601  5144  8427 W Codec2Client: query -- param skipped: index = 2415921170.
06-21 16:13:19.601  5144  8427 W Codec2Client: query -- param skipped: index = 1610614798.
06-21 16:13:19.602  5144  8427 D CCodecBufferChannel: [c2.android.aac.decoder#650] Created input block pool with allocatorID 16 => poolID 24 - OK (0)
06-21 16:13:19.602  1965  1965 D BufferPoolAccessor2.0: Destruction - bufferpool2 0xb400007e66c54228 cached: 0/0M, 0/0% in use; allocs: 3182, 100% recycled; transfers: 3182, 100% unfetched
06-21 16:13:19.603  5144  8427 I CCodecBufferChannel: [c2.android.aac.decoder#650] Created output block pool with allocatorID 16 => poolID 96 - OK
06-21 16:13:19.604  5144  6633 D BufferPoolAccessor2.0: Destruction - bufferpool2 0x711a7fa828 cached: 0/0M, 0/0% in use; allocs: 3195, 100% recycled; transfers: 3186, 100% unfetched
06-21 16:13:19.604  5144  8427 D CCodecBufferChannel: [c2.android.aac.decoder#650] Configured output block pool ids 96 => OK
06-21 16:13:19.604  5144  8427 D CCodecBufferChannel: [c2.android.aac.decoder#650] start: updating output delay 2
06-21 16:13:19.604  1319  2817 I QC2CompStore: Setting heap usage to system
06-21 16:13:19.606  1965  8428 D SimpleC2Component: Using output block pool with poolID 96 => got 96 - 0
06-21 16:13:19.610  1965  8428 I C2SoftAacDec: Reconfiguring decoder: 0->44100 Hz, 0->2 channels
06-21 16:13:19.615  1319  2817 I QC2CompStore: Setting heap usage to system
06-21 16:13:19.616  3814  4695 V Avrcp_ext: onPlaybackStateChanged: state PlaybackState {state=3, position=0, buffered position=61114, speed=1.0, updated=78321361, actions=894, custom actions=[], active item id=-1, error=null}
06-21 16:13:19.618  3814  4695 V Avrcp_ext: updateCurrentMediaState: mMediaController: MediaController (cn.missevan@4a15b12) 他似晨风起 | 预告, Megrezz, null
06-21 16:13:19.618  3814  4695 V Avrcp_ext: updateCurrentMediaState: isPlaying = false
06-21 16:13:19.618  3814  4695 W Avrcp_ext: isMusicActive: false getBluetoothPlayState: 2 A2dp State: 11 mAudioPlaybackIsActive: false
06-21 16:13:19.619  3814  4695 D Avrcp_ext: isMusicActive = false mAudioPlaybackIsActive = false player state = PlaybackState {state=3, position=4, buffered position=61114, speed=1.0, updated=78321365, actions=894, custom actions=[], active item id=-1, error=null}
06-21 16:13:19.620  3814  4695 D Avrcp_ext: overwrite album_artist :if album is blank
06-21 16:13:19.620  4190  4190 V MediaTimeout: processState 0|cn.missevan|1500|null|10499: PlaybackState {state=3, position=0, buffered position=61114, speed=1.0, updated=78321361, actions=894, custom actions=[], active item id=-1, error=null}
06-21 16:13:19.624  5790  5790 I Cir_Miplay_ActiveSessionRecord: onPlaybackStateChanged:3
06-21 16:13:19.625  5790  5790 I Cir_Miplay_ActiveSessionRecordStack: onPlaybackStateChange.
06-21 16:13:19.625  3814  4695 V Avrcp_ext: Media update: id -1➡-1? [MediaAttributes: 他⋯告 -  by M⋯z (90094 0/0) - ] : [MediaAttributes: 他⋯期 -  by M⋯z (2968631 0/0) - ]
06-21 16:13:19.625  3814  4695 D Avrcp_ext: isPackageNameValid: browsedPackage = cn.missevanisValid = true
06-21 16:13:19.625  3814  4695 V Avrcp_ext: isBrowseSupported for cn.missevan: false
06-21 16:13:19.625  3814  4695 V Avrcp_ext: Send track changed
06-21 16:13:19.625  3814  4695 V Avrcp_ext: updatePlaybackState, state: PlaybackState {state=3, position=4, buffered position=61114, speed=1.0, updated=78321365, actions=894, custom actions=[], active item id=-1, error=null} device: null
06-21 16:13:19.625  3814  4695 V Avrcp_ext: Device: no name:
06-21 16:13:19.625  3814  4695 V Avrcp_ext: Device: no name:
06-21 16:13:19.625  3814  4695 V Avrcp_ext: Device: no name:
06-21 16:13:19.625  3814  4695 V Avrcp_ext: Device: no name:
06-21 16:13:19.625  3814  4695 V Avrcp_ext: Device: no name:
06-21 16:13:19.625  3814  4695 V Avrcp_ext: updatePlayerStateAndPosition, old=PlaybackState {state=6, position=0, buffered position=0, speed=1.0, updated=78321270, actions=894, custom actions=[], active item id=-1, error=null}, state=PlaybackState {state=3, position=4, buffered position=61114, speed=1.0, updated=78321365, actions=894, custom actions=[], active item id=-1, error=null}
06-21 16:13:19.625  3814  4695 V Avrcp_ext: old state = PlaybackState {state=6, position=0, buffered position=0, speed=1.0, updated=78321270, actions=894, custom actions=[], active item id=-1, error=null}, new state= PlaybackState {state=3, position=4, buffered position=61114, speed=1.0, updated=78321365, actions=894, custom actions=[], active item id=-1, error=null}
06-21 16:13:19.625  3814  4695 D HeadsetService: getHeadsetService(): returning com.android.bluetooth.hfp.HeadsetService@cd6daf0
06-21 16:13:19.625  3814  4695 D HeadsetService:  isAudioOn: The number of audio connected devices 0
06-21 16:13:19.625  3814  4695 D HeadsetService: isScoOrCallActive(): Call Active:falseCall is Ringing:falseSCO is Active:false
06-21 16:13:19.625  3814  4695 D HeadsetService:  isAudioOn: The number of audio connected devices 0
06-21 16:13:19.625  3814  4695 V Avrcp_ext: isPlayStateTobeUpdated: device: null
06-21 16:13:19.625  3814  4695 V Avrcp_ext: Single connection exists
06-21 16:13:19.625  3814  4695 D HeadsetService:  isAudioOn: The number of audio connected devices 0
06-21 16:13:19.625  3814  4695 D HeadsetService: isScoOrCallActive(): Call Active:falseCall is Ringing:falseSCO is Active:false
06-21 16:13:19.629  1429  2888 D APM_AudioPolicyManager: selectOutput flags 8
06-21 16:13:19.630  3814  4695 D HeadsetService:  isAudioOn: The number of audio connected devices 0
06-21 16:13:19.630  3814  4695 V Avrcp_ext: isPlayStateTobeUpdated: device: null
06-21 16:13:19.630  3814  4695 V Avrcp_ext: Single connection exists
06-21 16:13:19.631  1429  2887 D APM_AudioPolicyManager: selectOutput flags 8
06-21 16:13:19.632  1429  2887 D APM_AudioPolicyManager: selectOutput flags 8
06-21 16:13:19.632  5144  5633 D AudioTrack: set(sessionId=457)
