07-11 19:07:41.755   599   599 E SELinux : avc:  denied  { find } for pid=7093 uid=10181 name=tethering scontext=u:r:vendor_systemhelper_app:s0:c512,c768 tcontext=u:object_r:tethering_service:s0 tclass=service_manager permissive=0
07-11 19:07:41.787 11390 11390 D CAM_OooO0Oo: init proxy = class com.mi.device.Umi
07-11 19:07:41.795 11390 11390 D CameraCharacteristicsVendorTags: preloading...
07-11 19:07:41.796   908 12402 I vendor.qti.bluetooth@1.0-ibs_handler: ProcessIbsCmd: Received IBS_WAKE_IND: 0xFD
07-11 19:07:41.796   908 12402 D vendor.qti.bluetooth@1.0-ibs_handler: SerialClockVote: vote for UART CLK ON
07-11 19:07:41.796   908 12402 D vendor.qti.bluetooth@1.0-wake_lock: Acquire wakelock is acquired
07-11 19:07:41.796   908 12402 I vendor.qti.bluetooth@1.0-ibs_handler: ProcessIbsCmd: Writing IBS_WAKE_ACK
07-11 19:07:41.798 12146 12405 V bt_stack: [VERBOSE1:btm_ble_gap.cc(1924)] btm_ble_process_ext_adv_pkt: bda=7c:25:da:a1:a6:8e
07-11 19:07:41.798 12146 12405 V bt_stack: [VERBOSE1:btm_ble_gap.cc(1848)] btm_ble_process_adv_addr: bda=7c:25:da:a1:a6:8e
07-11 19:07:41.799 12146 12405 V bt_stack: [VERBOSE1:btm_inq.cc(1019)] BTM_InqDbRead: bd addr 7c:25:da:a1:a6:8e
07-11 19:07:41.803  3576 12463 E MiuiFastConnectService: check adv data not fast connect
07-11 19:07:41.806 11390 11390 D CaptureRequestVendorTags: preloading...
07-11 19:07:41.812 11390 11390 D CaptureResultVendorTags: preloading...
07-11 19:07:41.812 11390 11390 D CAM_CameraAppImpl: totalMemory:7G, maxAcquireCount = 35, maxDequeueCount:4
07-11 19:07:41.813 11390 11390 D ImagePool: init: maxAcquireCount=35 maxDequeueCount=4
07-11 19:07:41.813 11390 11390 D CAM_AlgoConnector: startService: bind LocalParallelService start!
07-11 19:07:41.831 11390 11390 D CAM_UpgradeManager: migrateForUpgrade previous -> 6, currentVersion -> 6
07-11 19:07:41.858 11390 11390 I CAM_SplashProvider: onCreate:
07-11 19:07:41.859 11390 11390 V CAM_ParallelProcessProvider: onCreate
07-11 19:07:41.877 11390 11390 V CAM_Display: StatusBarHeight=90
07-11 19:07:41.877   908 12402 I vendor.qti.bluetooth@1.0-ibs_handler: ProcessIbsCmd: Received IBS_SLEEP_IND: 0xFE
07-11 19:07:41.877   908 12402 D vendor.qti.bluetooth@1.0-ibs_handler: SerialClockVote: vote for UART CLK OFF
07-11 19:07:41.883 11390 11390 D DisplayAdapter: init DisplayPreviewRect
07-11 19:07:41.883 11390 11390 W CAM_Display: initialize: sCenterDisplayHeight = 1920, sTopMargin = 90, sTopBarHeight = 165, sBottomMargin = 165, sBottomBarHeight = 480, windowSize = 1080x2340, isNotchDevice = true
07-11 19:07:41.896 11390 11390 I CAM_Display: windowSize=1080x2340 density=2.7500
07-11 19:07:41.897 11390 11390 V CAM_Display: StatusBarHeight=90
07-11 19:07:41.897 11390 11390 D DisplayAdapter: init DisplayPreviewRect
07-11 19:07:41.897 11390 11390 W CAM_Display: initialize: sCenterDisplayHeight = 1920, sTopMargin = 90, sTopBarHeight = 165, sBottomMargin = 165, sBottomBarHeight = 480, windowSize = 1080x2340, isNotchDevice = true
07-11 19:07:41.897 11390 11390 I CAM_Display: windowSize=1080x2340 density=2.7500
07-11 19:07:41.899 11390 11390 D CAM_CameraUtil: antiBanding mCountryIso=CN sRegion=CN
07-11 19:07:41.932 11390 11390 D CAM_ApplicationInit: <application init> consume time:64
07-11 19:07:41.941 11390 11390 I CAM_PermissionManager: getNeedCheckPermissionList() listSize =0
07-11 19:07:41.941 11390 11390 I CAM_PermissionManager: checkCameraPermissions(), all on
07-11 19:07:41.941 11390 11390 D CAM_Camera2CompatAdapterRole: E: init()
07-11 19:07:41.941 11390 11390 D CAM_Camera2CompatAdapterRole: E: reset()
07-11 19:07:41.942 11390 11390 D CAM_Camera2CompatAdapterRole: X: reset()
07-11 19:07:41.942 11390 11390 I CameraManagerGlobal: Connecting to camera service
07-11 19:07:41.950  1272 22907 W ServiceManager: Permission failure: android.permission.CAMERA_OPEN_CLOSE_LISTENER from uid=10072 pid=11390
07-11 19:07:41.951 11390 11390 D CAM_Camera2CompatAdapterRole: All available camera ids: [0, 1, 2, 3, 4, 5, 6, 7, 8, 9, 10]
07-11 19:07:41.955   599   599 E SELinux : avc:  denied  { find } for pid=7093 uid=10181 name=tethering scontext=u:r:vendor_systemhelper_app:s0:c512,c768 tcontext=u:object_r:tethering_service:s0 tclass=service_manager permissive=0
07-11 19:07:41.961 11390 11390 I CameraMetadataJV: setAppNameAndSensorId all [com.antutu:0,ssize,12032x9024,0,false]
07-11 19:07:41.961 11390 11390 I CameraMetadataJV: setAppNameAndSensorId all [com.antutu:1,ssize,5184x3880,0,false]
07-11 19:07:42.027   908 12312 D vendor.qti.bluetooth@1.0-wake_lock: Release wakelock is released
07-11 19:07:42.144 19301 19341 D MemoryCeilingMonitor: [handleMemoryCalculate]
07-11 19:07:42.144 19301 19341 D MemoryCeilingMonitor: [calculate] tot: 4463349, max: 268435456, free: 562037, heap: 3901312, per: 0.014533519744873047
07-11 19:07:42.156   599   599 E SELinux : avc:  denied  { find } for pid=7093 uid=10181 name=tethering scontext=u:r:vendor_systemhelper_app:s0:c512,c768 tcontext=u:object_r:tethering_service:s0 tclass=service_manager permissive=0
07-11 19:07:42.231 11390 11390 D CAM_CameraCapabilities: horizontal view angle: 71.22, size = 9.6256x7.2192, focalLength = 6.7200
07-11 19:07:42.231 11390 11390 D CAM_Camera2CompatAdapterRole: role:   0 ( 71.2°) <->  0
07-11 19:07:42.231 11390 11390 D CAM_CameraCapabilities: horizontal view angle: 67.22, size = 4.1472x3.104, focalLength = 3.1200
07-11 19:07:42.232 11390 11390 D CAM_Camera2CompatAdapterRole: role:   1 ( 67.2°) <->  1
07-11 19:07:42.232 11390 11390 D CAM_CameraCapabilities: horizontal view angle: 95.78, size = 4.71296x3.4944, focalLength = 2.1300
07-11 19:07:42.232 11390 11390 D CAM_Camera2CompatAdapterRole: role:  21 ( 95.8°) <->  3
07-11 19:07:42.232 11390 11390 D CAM_CameraCapabilities: horizontal view angle: 71.63, size = 2.8x2.1, focalLength = 1.9400
07-11 19:07:42.232 11390 11390 D CAM_Camera2CompatAdapterRole: role:  24 ( 71.6°) <->  2
07-11 19:07:42.233 11390 11390 D CAM_CameraCapabilities: horizontal view angle: 71.63, size = 2.8x2.1, focalLength = 1.9400
07-11 19:07:42.233 11390 11390 D CAM_Camera2CompatAdapterRole: role:  25 ( 71.6°) <->  4
07-11 19:07:42.233 11390 11390 D CAM_CameraCapabilities: horizontal view angle: 71.22, size = 9.6256x7.2192, focalLength = 6.7200
07-11 19:07:42.233 11390 11390 D CAM_Camera2CompatAdapterRole: role:  60 ( 71.2°) <->  5 = [0, 3]
07-11 19:07:42.234 11390 11390 D CAM_CameraCapabilities: horizontal view angle: 71.22, size = 9.6256x7.2192, focalLength = 6.7200
07-11 19:07:42.234 11390 11390 D CAM_Camera2CompatAdapterRole: role:  61 ( 71.2°) <->  6 = [0, 4]
07-11 19:07:42.234 11390 11390 D CAM_CameraCapabilities: horizontal view angle: 71.22, size = 9.6256x7.2192, focalLength = 6.7200
07-11 19:07:42.235 11390 11390 D CAM_Camera2CompatAdapterRole: role:  62 ( 71.2°) <->  9 = [0, 3]
07-11 19:07:42.235 11390 11390 D CAM_CameraCapabilities: horizontal view angle: 71.22, size = 9.6256x7.2192, focalLength = 6.7200
07-11 19:07:42.235 11390 11390 D CAM_Camera2CompatAdapterRole: role: 100 ( 71.2°) <->  7
07-11 19:07:42.235 11390 11390 D CAM_CameraCapabilities: horizontal view angle: 67.22, size = 4.1472x3.104, focalLength = 3.1200
07-11 19:07:42.235 11390 11390 D CAM_Camera2CompatAdapterRole: role: 101 ( 67.2°) <->  8
07-11 19:07:42.235 11390 11390 D CAM_CameraCapabilities: horizontal view angle: 71.22, size = 9.6256x7.2192, focalLength = 6.7200
07-11 19:07:42.235 11390 11390 D CAM_Camera2CompatAdapterRole: role: 102 ( 71.2°) <-> 10
07-11 19:07:42.235 11390 11390 D CAM_Camera2CompatAdapterRole: X: init()
07-11 19:07:42.236 11390 11416 E CAM_WatermarkMiSysUtils: isFileExist NO Permission!!!!
07-11 19:07:42.236 11390 11416 E CAM_WatermarkMiSysUtils: isFileExist NO Permission!!!!
07-11 19:07:42.253   953   953 I ANDR-PERF-LM: LMPerfGlue: perfmodule_submit_request() 132: perfmodule_submit_request()
07-11 19:07:42.253   953   953 I ANDR-PERF-LM: Core: getInstance() 84: LM getInstance
07-11 19:07:42.253   953   953 D ANDR-PERF-LM: Feature: lookup() 101: Feature Name = AppClassifier, total featuers = 3, featureFound = 1
07-11 19:07:42.253   953   953 D ANDR-PERF-LM: Feature: getData() 112: data.data = 1
07-11 19:07:42.254   953   953 I ANDR-PERF-LM: FeedbackAPI: getFeedback() 60: app:com.android.camera feature:AppClassifier feedback = 1
07-11 19:07:42.255 11390 11390 D CAM_LocalParallelService: onCreate: start
07-11 19:07:42.256 11390 11390 D ReprocessorFactory: reprocessorType = VIRTUAL_CAMERA
07-11 19:07:42.256 11390 11390 D ReprocessorFactory: getReprocessor: type = VIRTUAL_CAMERA
07-11 19:07:42.257 11390 11390 D VirtualCameraReprocessor: setVTCameraIds: backId=7 frontId=8
07-11 19:07:42.257 11390 11390 D ReprocessorFactory: getReprocessor: type = VIRTUAL_CAMERA
07-11 19:07:42.257 11390 11390 D VirtualCameraReprocessor: init>>
07-11 19:07:42.259 11390 11390 E libc    : Access denied finding property "ro.vendor.knock.type"
07-11 19:07:42.260 11390 11390 D VirtualCameraReprocessor: init<<
07-11 19:07:42.260 11390 11390 D MiCameraAlgo: init: start
07-11 19:07:42.260 11390 11390 D MiCameraAlgo: init: application file path to algorithm lib:/data/user/0/com.android.camera/files
07-11 19:07:42.261 11390 11390 E MiCamAlgoInterfaceJNI: start loading com.xiaomi.camera.algojni
07-11 19:07:42.263 11390 11390 D MiCamAlgoInterfaceJNI: static initializer: loadLibrary com.xiaomi.camera.algojni
07-11 19:07:42.265 11390 11390 E linker  : normalize_path - invalid input: "D", the input path should be absolute
07-11 19:07:42.266 11390 11390 W linker  : Warning: unable to normalize "D" (ignoring)
07-11 19:07:42.266 11390 11390 E linker  : normalize_path - invalid input: "\android_tool\android-ndk-r18b\toolchains\llvm\prebuilt\windows-x86_64\lib64\clang\7.0.2\lib\linux\aarch64", the input path should be absolute
07-11 19:07:42.266 11390 11390 W linker  : Warning: unable to normalize "\android_tool\android-ndk-r18b\toolchains\llvm\prebuilt\windows-x86_64\lib64\clang\7.0.2\lib\linux\aarch64" (ignoring)
07-11 19:07:42.266 11390 11390 E linker  : normalize_path - invalid input: "D", the input path should be absolute
07-11 19:07:42.266 11390 11390 W linker  : Warning: unable to normalize "D" (ignoring)
07-11 19:07:42.266 11390 11390 E linker  : normalize_path - invalid input: "\User\user\AppData\Local\Android\Sdk\ndk-bundle-r18b\toolchains\llvm\prebuilt\windows-x86_64\lib64\clang\7.0.2\lib\linux\aarch64", the input path should be absolute
07-11 19:07:42.266 11390 11390 W linker  : Warning: unable to normalize "\User\user\AppData\Local\Android\Sdk\ndk-bundle-r18b\toolchains\llvm\prebuilt\windows-x86_64\lib64\clang\7.0.2\lib\linux\aarch64" (ignoring)
07-11 19:07:42.269 11390 11390 E linker  : normalize_path - invalid input: "E", the input path should be absolute
07-11 19:07:42.269 11390 11390 W linker  : Warning: unable to normalize "E" (ignoring)
07-11 19:07:42.269 11390 11390 E linker  : normalize_path - invalid input: "\Working\Code\android-ndk-r18b\toolchains\llvm\prebuilt\windows-x86_64\lib64\clang\7.0.2\lib\linux\aarch64", the input path should be absolute
07-11 19:07:42.269 11390 11390 W linker  : Warning: unable to normalize "\Working\Code\android-ndk-r18b\toolchains\llvm\prebuilt\windows-x86_64\lib64\clang\7.0.2\lib\linux\aarch64" (ignoring)
07-11 19:07:42.271 11390 11390 W linker  : Warning: "/vendor/lib64/libxmi_high_dynamic_range.so" unused DT entry: DT_RPATH (type 0xf arg 0x10c5) (ignoring)
07-11 19:07:42.271 11390 11390 W linker  : Warning: "/vendor/lib64/libarcsoft_bodyslim.so" unused DT entry: DT_RPATH (type 0xf arg 0x996) (ignoring)
07-11 19:07:42.271 11390 11390 W linker  : Warning: "/vendor/lib64/libmialgo_ie_capture.so" unused DT entry: DT_RPATH (type 0xf arg 0x94b3) (ignoring)
07-11 19:07:42.272 11390 11390 E linker  : normalize_path - invalid input: "D", the input path should be absolute
07-11 19:07:42.272 11390 11390 W linker  : Warning: unable to normalize "D" (ignoring)
07-11 19:07:42.272 11390 11390 E linker  : normalize_path - invalid input: "\android_tool\android-ndk-r18b\toolchains\llvm\prebuilt\windows-x86_64\lib64\clang\7.0.2\lib\linux\aarch64", the input path should be absolute
07-11 19:07:42.272 11390 11390 W linker  : Warning: unable to normalize "\android_tool\android-ndk-r18b\toolchains\llvm\prebuilt\windows-x86_64\lib64\clang\7.0.2\lib\linux\aarch64" (ignoring)
07-11 19:07:42.272 11390 11390 E linker  : normalize_path - invalid input: "D", the input path should be absolute
07-11 19:07:42.272 11390 11390 W linker  : Warning: unable to normalize "D" (ignoring)
07-11 19:07:42.272 11390 11390 E linker  : normalize_path - invalid input: "\User\user\AppData\Local\Android\Sdk\ndk-bundle-r18b\toolchains\llvm\prebuilt\windows-x86_64\lib64\clang\7.0.2\lib\linux\aarch64", the input path should be absolute
07-11 19:07:42.272 11390 11390 W linker  : Warning: unable to normalize "\User\user\AppData\Local\Android\Sdk\ndk-bundle-r18b\toolchains\llvm\prebuilt\windows-x86_64\lib64\clang\7.0.2\lib\linux\aarch64" (ignoring)
07-11 19:07:42.272 11390 11390 W linker  : Warning: "/vendor/lib64/libalCFR.so" unused DT entry: DT_RPATH (type 0xf arg 0x704) (ignoring)
07-11 19:07:42.272 11390 11390 W linker  : Warning: "/vendor/lib64/libmibokeh_855.so" unused DT entry: DT_RPATH (type 0xf arg 0x1b37) (ignoring)
07-11 19:07:42.272 11390 11390 E linker  : normalize_path - invalid input: "E", the input path should be absolute
07-11 19:07:42.272 11390 11390 W linker  : Warning: unable to normalize "E" (ignoring)
07-11 19:07:42.272 11390 11390 E linker  : normalize_path - invalid input: "\Working\Code\android-ndk-r18b\toolchains\llvm\prebuilt\windows-x86_64\lib64\clang\7.0.2\lib\linux\aarch64", the input path should be absolute
07-11 19:07:42.272 11390 11390 W linker  : Warning: unable to normalize "\Working\Code\android-ndk-r18b\toolchains\llvm\prebuilt\windows-x86_64\lib64\clang\7.0.2\lib\linux\aarch64" (ignoring)
07-11 19:07:42.332 11390 11390 I com.android.camera: vendor/qcom/proprietary/commonsys-intf/adsprpc/src/rpcmem_android.c:141: rpcmem_init_internal: opened ION device fd 69, configured heap IDs: system (0x2000000), contig (0x400000), secure (0x200), secure flags (0x80080000)
07-11 19:07:42.332 11390 11390 I com.android.camera: vendor/qcom/proprietary/commonsys-intf/adsprpc/src/fastrpc_apps_user.c:2736: fastrpc_apps_user_init done
07-11 19:07:42.356 11390 11390 D QSPOWER : Detected Power Optimization SDK running as an Android application, using logcat for all debugging output
07-11 19:07:42.356 11390 11390 E QSPOWER : [36mA t71430164f8 /local/mnt/workspace/pcgbait/docker.ci.tmp/build/aarch64-android-clang6.0/SecondParty/qspower/src/qspower/core/src/internal/soc/qti_soc_freqs.h:27 Unable to read from /sys/class/kgsl/kgsl-3d0/gpu_available_frequencies[0m
07-11 19:07:42.357   599   599 E SELinux : avc:  denied  { find } for pid=7093 uid=10181 name=tethering scontext=u:r:vendor_systemhelper_app:s0:c512,c768 tcontext=u:object_r:tethering_service:s0 tclass=service_manager permissive=0
07-11 19:07:42.350 11390 11390 W .android.camera: type=1400 audit(0.0:3647880): avc: denied { read } for name="gpu_available_frequencies" dev="sysfs" ino=78849 scontext=u:r:platform_app:s0:c512,c768 tcontext=u:object_r:vendor_sysfs_kgsl:s0 tclass=file permissive=0 app=com.android.camera
07-11 19:07:42.412 11390 11390 I MI_Algo_JNI: ###Open /vendor/lib64/libmialgoengine.so with handle:0xd0ffa659d43ad351
07-11 19:07:42.412 11390 11390 I MI_Algo_JNI: Got the function pointer:0x7035dc97fc
07-11 19:07:42.412 11390 11390 I MI_Algo_JNI: Got the MiaInterface pointer:0x7035e2a458
07-11 19:07:42.413 11390 11390 I MI_Algo_JNI: Got the  MIAGetVersionNum pointer:0x0
07-11 19:07:42.413 11390 11390 I MI_Algo_JNI: Init in Java_com_xiaomi_engine_MiCamAlgoInterfaceJNI_init 271 mCAI 0x7035e2a458
07-11 19:07:42.413 11390 11390 I MI_Algo_JNI: Init in Java_com_xiaomi_engine_MiCamAlgoInterfaceJNI_init 284 mCAI /data/user/0/com.android.camera/files
07-11 19:07:42.413 11390 11390 D MIA_INTF: [MIAInit:42]:E
07-11 19:07:42.413 11390 11390 D MIA_SRVC: [MiaService:28]:E 0x709eba1100
07-11 19:07:42.413 11390 11390 D MIA_SRVC: [MiaService:38]:success to load perflock lib
07-11 19:07:42.413 11390 11390 I MIA_SRVC: [init:60]:E
07-11 19:07:42.413 11390 11390 I MIA_SRVC: [init:73]:get bokeh calFilePath: /data/user/0/com.android.camera/files
07-11 19:07:42.414 11390 11390 I BASS    : [device_Init()]:[35] DEVICE PROJECT [BASS] VERSION[2] RELEASE[0] INIT
07-11 19:07:42.414 11390 11390 D MIA_UTIL: [SetCpuAffinityRange:668]:tid:[0] set affinity to CPU0~7
07-11 19:07:42.414 11390 11390 D MIA_UTIL: [SetCpuAffinityRange:674]:before set affinity cpu[0][1]
07-11 19:07:42.414 11390 11390 D MIA_UTIL: [SetCpuAffinityRange:674]:before set affinity cpu[1][1]
07-11 19:07:42.414 11390 11390 D MIA_UTIL: [SetCpuAffinityRange:674]:before set affinity cpu[2][1]
07-11 19:07:42.414 11390 11390 D MIA_UTIL: [SetCpuAffinityRange:674]:before set affinity cpu[3][0]
07-11 19:07:42.414 11390 11390 D MIA_UTIL: [SetCpuAffinityRange:680]:is need to set affinity 1
07-11 19:07:42.414 11390 11390 D MIA_UTIL: [SetCpuAffinityRange:668]:tid:[0] set affinity to CPU0~7
07-11 19:07:42.414 11390 11390 D MIA_UTIL: [SetCpuAffinityRange:674]:before set affinity cpu[0][1]
07-11 19:07:42.414 11390 11390 D MIA_UTIL: [SetCpuAffinityRange:674]:before set affinity cpu[1][1]
07-11 19:07:42.414 11390 11390 D MIA_UTIL: [SetCpuAffinityRange:674]:before set affinity cpu[2][1]
07-11 19:07:42.414 11390 11390 D MIA_UTIL: [SetCpuAffinityRange:674]:before set affinity cpu[3][0]
07-11 19:07:42.414 11390 11390 D MIA_UTIL: [SetCpuAffinityRange:680]:is need to set affinity 1
07-11 19:07:42.414 11390 11390 D MIA_UTIL: [SetCpuAffinityRange:668]:tid:[11390] set affinity to CPU0~7
07-11 19:07:42.414 11390 11390 D MIA_UTIL: [SetCpuAffinityRange:674]:before set affinity cpu[0][1]
07-11 19:07:42.414 11390 11390 D MIA_UTIL: [SetCpuAffinityRange:674]:before set affinity cpu[1][1]
07-11 19:07:42.414 11390 11390 D MIA_UTIL: [SetCpuAffinityRange:674]:before set affinity cpu[2][1]
07-11 19:07:42.414 11390 11390 D MIA_UTIL: [SetCpuAffinityRange:674]:before set affinity cpu[3][0]
07-11 19:07:42.414 11390 11390 D MIA_UTIL: [SetCpuAffinityRange:680]:is need to set affinity 1
07-11 19:07:42.414 11390 11390 D MIA_UTIL: [SetCpuAffinityRange:668]:tid:[11396] set affinity to CPU0~7
07-11 19:07:42.414 11390 11390 D MIA_UTIL: [SetCpuAffinityRange:674]:before set affinity cpu[0][1]
07-11 19:07:42.414 11390 11390 D MIA_UTIL: [SetCpuAffinityRange:674]:before set affinity cpu[1][1]
07-11 19:07:42.414 11390 11390 D MIA_UTIL: [SetCpuAffinityRange:674]:before set affinity cpu[2][1]
07-11 19:07:42.414 11390 11390 D MIA_UTIL: [SetCpuAffinityRange:674]:before set affinity cpu[3][0]
07-11 19:07:42.414 11390 11390 D MIA_UTIL: [SetCpuAffinityRange:680]:is need to set affinity 1
07-11 19:07:42.414 11390 11390 D MIA_UTIL: [SetCpuAffinityRange:668]:tid:[11397] set affinity to CPU0~7
07-11 19:07:42.414 11390 11390 D MIA_UTIL: [SetCpuAffinityRange:674]:before set affinity cpu[0][1]
07-11 19:07:42.414 11390 11390 D MIA_UTIL: [SetCpuAffinityRange:674]:before set affinity cpu[1][1]
07-11 19:07:42.414 11390 11390 D MIA_UTIL: [SetCpuAffinityRange:674]:before set affinity cpu[2][1]
07-11 19:07:42.414 11390 11390 D MIA_UTIL: [SetCpuAffinityRange:674]:before set affinity cpu[3][0]
07-11 19:07:42.414 11390 11390 D MIA_UTIL: [SetCpuAffinityRange:680]:is need to set affinity 1
07-11 19:07:42.414 11390 11390 D MIA_UTIL: [SetCpuAffinityRange:668]:tid:[11398] set affinity to CPU0~7
07-11 19:07:42.414 11390 11390 D MIA_UTIL: [SetCpuAffinityRange:674]:before set affinity cpu[0][1]
07-11 19:07:42.414 11390 11390 D MIA_UTIL: [SetCpuAffinityRange:674]:before set affinity cpu[1][1]
07-11 19:07:42.414 11390 11390 D MIA_UTIL: [SetCpuAffinityRange:674]:before set affinity cpu[2][1]
07-11 19:07:42.414 11390 11390 D MIA_UTIL: [SetCpuAffinityRange:674]:before set affinity cpu[3][0]
07-11 19:07:42.414 11390 11390 D MIA_UTIL: [SetCpuAffinityRange:680]:is need to set affinity 1
07-11 19:07:42.414 11390 11390 D MIA_UTIL: [SetCpuAffinityRange:668]:tid:[11399] set affinity to CPU0~7
07-11 19:07:42.414 11390 11390 D MIA_UTIL: [SetCpuAffinityRange:674]:before set affinity cpu[0][1]
07-11 19:07:42.414 11390 11390 D MIA_UTIL: [SetCpuAffinityRange:674]:before set affinity cpu[1][1]
07-11 19:07:42.414 11390 11390 D MIA_UTIL: [SetCpuAffinityRange:674]:before set affinity cpu[2][1]
07-11 19:07:42.414 11390 11390 D MIA_UTIL: [SetCpuAffinityRange:674]:before set affinity cpu[3][0]
07-11 19:07:42.414 11390 11390 D MIA_UTIL: [SetCpuAffinityRange:680]:is need to set affinity 1
07-11 19:07:42.414 11390 11390 D MIA_UTIL: [SetCpuAffinityRange:668]:tid:[11400] set affinity to CPU0~7
07-11 19:07:42.414 11390 11390 D MIA_UTIL: [SetCpuAffinityRange:674]:before set affinity cpu[0][1]
07-11 19:07:42.414 11390 11390 D MIA_UTIL: [SetCpuAffinityRange:674]:before set affinity cpu[1][1]
07-11 19:07:42.414 11390 11390 D MIA_UTIL: [SetCpuAffinityRange:674]:before set affinity cpu[2][1]
07-11 19:07:42.414 11390 11390 D MIA_UTIL: [SetCpuAffinityRange:674]:before set affinity cpu[3][0]
07-11 19:07:42.414 11390 11390 D MIA_UTIL: [SetCpuAffinityRange:680]:is need to set affinity 1
07-11 19:07:42.414 11390 11390 D MIA_UTIL: [SetCpuAffinityRange:668]:tid:[11401] set affinity to CPU0~7
07-11 19:07:42.414 11390 11390 D MIA_UTIL: [SetCpuAffinityRange:674]:before set affinity cpu[0][1]
07-11 19:07:42.414 11390 11390 D MIA_UTIL: [SetCpuAffinityRange:674]:before set affinity cpu[1][1]
07-11 19:07:42.414 11390 11390 D MIA_UTIL: [SetCpuAffinityRange:674]:before set affinity cpu[2][1]
07-11 19:07:42.414 11390 11390 D MIA_UTIL: [SetCpuAffinityRange:674]:before set affinity cpu[3][0]
07-11 19:07:42.414 11390 11390 D MIA_UTIL: [SetCpuAffinityRange:680]:is need to set affinity 1
07-11 19:07:42.414 11390 11390 D MIA_UTIL: [SetCpuAffinityRange:668]:tid:[11402] set affinity to CPU0~7
07-11 19:07:42.414 11390 11390 D MIA_UTIL: [SetCpuAffinityRange:674]:before set affinity cpu[0][1]
07-11 19:07:42.414 11390 11390 D MIA_UTIL: [SetCpuAffinityRange:674]:before set affinity cpu[1][1]
07-11 19:07:42.414 11390 11390 D MIA_UTIL: [SetCpuAffinityRange:674]:before set affinity cpu[2][1]
07-11 19:07:42.414 11390 11390 D MIA_UTIL: [SetCpuAffinityRange:674]:before set affinity cpu[3][0]
07-11 19:07:42.414 11390 11390 D MIA_UTIL: [SetCpuAffinityRange:680]:is need to set affinity 1
07-11 19:07:42.414 11390 11390 D MIA_UTIL: [SetCpuAffinityRange:668]:tid:[11403] set affinity to CPU0~7
07-11 19:07:42.414 11390 11390 D MIA_UTIL: [SetCpuAffinityRange:674]:before set affinity cpu[0][1]
07-11 19:07:42.414 11390 11390 D MIA_UTIL: [SetCpuAffinityRange:674]:before set affinity cpu[1][1]
07-11 19:07:42.414 11390 11390 D MIA_UTIL: [SetCpuAffinityRange:674]:before set affinity cpu[2][1]
07-11 19:07:42.414 11390 11390 D MIA_UTIL: [SetCpuAffinityRange:674]:before set affinity cpu[3][0]
07-11 19:07:42.414 11390 11390 D MIA_UTIL: [SetCpuAffinityRange:680]:is need to set affinity 1
07-11 19:07:42.414 11390 11390 D MIA_UTIL: [SetCpuAffinityRange:668]:tid:[11404] set affinity to CPU0~7
07-11 19:07:42.415 11390 11390 D MIA_UTIL: [SetCpuAffinityRange:674]:before set affinity cpu[0][1]
07-11 19:07:42.415 11390 11390 D MIA_UTIL: [SetCpuAffinityRange:674]:before set affinity cpu[1][1]
07-11 19:07:42.415 11390 11390 D MIA_UTIL: [SetCpuAffinityRange:674]:before set affinity cpu[2][1]
07-11 19:07:42.415 11390 11390 D MIA_UTIL: [SetCpuAffinityRange:674]:before set affinity cpu[3][0]
07-11 19:07:42.415 11390 11390 D MIA_UTIL: [SetCpuAffinityRange:680]:is need to set affinity 1
07-11 19:07:42.415 11390 11390 D MIA_UTIL: [SetCpuAffinityRange:668]:tid:[11405] set affinity to CPU0~7
07-11 19:07:42.415 11390 11390 D MIA_UTIL: [SetCpuAffinityRange:674]:before set affinity cpu[0][1]
07-11 19:07:42.415 11390 11390 D MIA_UTIL: [SetCpuAffinityRange:674]:before set affinity cpu[1][1]
07-11 19:07:42.415 11390 11390 D MIA_UTIL: [SetCpuAffinityRange:674]:before set affinity cpu[2][1]
07-11 19:07:42.415 11390 11390 D MIA_UTIL: [SetCpuAffinityRange:674]:before set affinity cpu[3][0]
07-11 19:07:42.415 11390 11390 D MIA_UTIL: [SetCpuAffinityRange:680]:is need to set affinity 1
07-11 19:07:42.415 11390 11390 D MIA_UTIL: [SetCpuAffinityRange:668]:tid:[11406] set affinity to CPU0~7
07-11 19:07:42.415 11390 11390 D MIA_UTIL: [SetCpuAffinityRange:674]:before set affinity cpu[0][1]
07-11 19:07:42.415 11390 11390 D MIA_UTIL: [SetCpuAffinityRange:674]:before set affinity cpu[1][1]
07-11 19:07:42.415 11390 11390 D MIA_UTIL: [SetCpuAffinityRange:674]:before set affinity cpu[2][1]
07-11 19:07:42.415 11390 11390 D MIA_UTIL: [SetCpuAffinityRange:674]:before set affinity cpu[3][0]
07-11 19:07:42.415 11390 11390 D MIA_UTIL: [SetCpuAffinityRange:680]:is need to set affinity 1
07-11 19:07:42.415 11390 11390 D MIA_UTIL: [SetCpuAffinityRange:668]:tid:[11407] set affinity to CPU0~7
07-11 19:07:42.415 11390 11390 D MIA_UTIL: [SetCpuAffinityRange:674]:before set affinity cpu[0][1]
07-11 19:07:42.415 11390 11390 D MIA_UTIL: [SetCpuAffinityRange:674]:before set affinity cpu[1][1]
07-11 19:07:42.415 11390 11390 D MIA_UTIL: [SetCpuAffinityRange:674]:before set affinity cpu[2][1]
07-11 19:07:42.415 11390 11390 D MIA_UTIL: [SetCpuAffinityRange:674]:before set affinity cpu[3][0]
07-11 19:07:42.415 11390 11390 D MIA_UTIL: [SetCpuAffinityRange:680]:is need to set affinity 1
07-11 19:07:42.415 11390 11390 D MIA_UTIL: [SetCpuAffinityRange:668]:tid:[11408] set affinity to CPU0~7
07-11 19:07:42.415 11390 11390 D MIA_UTIL: [SetCpuAffinityRange:674]:before set affinity cpu[0][1]
07-11 19:07:42.415 11390 11390 D MIA_UTIL: [SetCpuAffinityRange:674]:before set affinity cpu[1][1]
07-11 19:07:42.415 11390 11390 D MIA_UTIL: [SetCpuAffinityRange:674]:before set affinity cpu[2][1]
07-11 19:07:42.415 11390 11390 D MIA_UTIL: [SetCpuAffinityRange:674]:before set affinity cpu[3][0]
07-11 19:07:42.415 11390 11390 D MIA_UTIL: [SetCpuAffinityRange:680]:is need to set affinity 1
07-11 19:07:42.415 11390 11390 D MIA_UTIL: [SetCpuAffinityRange:668]:tid:[11410] set affinity to CPU0~7
07-11 19:07:42.415 11390 11390 D MIA_UTIL: [SetCpuAffinityRange:674]:before set affinity cpu[0][1]
07-11 19:07:42.415 11390 11390 D MIA_UTIL: [SetCpuAffinityRange:674]:before set affinity cpu[1][1]
07-11 19:07:42.415 11390 11390 D MIA_UTIL: [SetCpuAffinityRange:674]:before set affinity cpu[2][1]
07-11 19:07:42.415 11390 11390 D MIA_UTIL: [SetCpuAffinityRange:674]:before set affinity cpu[3][0]
07-11 19:07:42.415 11390 11390 D MIA_UTIL: [SetCpuAffinityRange:680]:is need to set affinity 1
07-11 19:07:42.415 11390 11390 D MIA_UTIL: [SetCpuAffinityRange:668]:tid:[11412] set affinity to CPU0~7
07-11 19:07:42.415 11390 11390 D MIA_UTIL: [SetCpuAffinityRange:674]:before set affinity cpu[0][1]
07-11 19:07:42.415 11390 11390 D MIA_UTIL: [SetCpuAffinityRange:674]:before set affinity cpu[1][1]
07-11 19:07:42.415 11390 11390 D MIA_UTIL: [SetCpuAffinityRange:674]:before set affinity cpu[2][1]
07-11 19:07:42.415 11390 11390 D MIA_UTIL: [SetCpuAffinityRange:674]:before set affinity cpu[3][0]
07-11 19:07:42.415 11390 11390 D MIA_UTIL: [SetCpuAffinityRange:680]:is need to set affinity 1
07-11 19:07:42.415 11390 11390 D MIA_UTIL: [SetCpuAffinityRange:668]:tid:[11413] set affinity to CPU0~7
07-11 19:07:42.415 11390 11390 D MIA_UTIL: [SetCpuAffinityRange:674]:before set affinity cpu[0][1]
07-11 19:07:42.415 11390 11390 D MIA_UTIL: [SetCpuAffinityRange:674]:before set affinity cpu[1][1]
07-11 19:07:42.415 11390 11390 D MIA_UTIL: [SetCpuAffinityRange:674]:before set affinity cpu[2][1]
07-11 19:07:42.415 11390 11390 D MIA_UTIL: [SetCpuAffinityRange:674]:before set affinity cpu[3][0]
07-11 19:07:42.415 11390 11390 D MIA_UTIL: [SetCpuAffinityRange:680]:is need to set affinity 1
07-11 19:07:42.415 11390 11390 D MIA_UTIL: [SetCpuAffinityRange:668]:tid:[11414] set affinity to CPU0~7
07-11 19:07:42.415 11390 11390 D MIA_UTIL: [SetCpuAffinityRange:674]:before set affinity cpu[0][1]
07-11 19:07:42.415 11390 11390 D MIA_UTIL: [SetCpuAffinityRange:674]:before set affinity cpu[1][1]
07-11 19:07:42.415 11390 11390 D MIA_UTIL: [SetCpuAffinityRange:674]:before set affinity cpu[2][1]
07-11 19:07:42.415 11390 11390 D MIA_UTIL: [SetCpuAffinityRange:674]:before set affinity cpu[3][0]
07-11 19:07:42.415 11390 11390 D MIA_UTIL: [SetCpuAffinityRange:680]:is need to set affinity 1
07-11 19:07:42.415 11390 11390 D MIA_UTIL: [SetCpuAffinityRange:668]:tid:[11415] set affinity to CPU0~7
07-11 19:07:42.415 11390 11390 D MIA_UTIL: [SetCpuAffinityRange:674]:before set affinity cpu[0][1]
07-11 19:07:42.415 11390 11390 D MIA_UTIL: [SetCpuAffinityRange:674]:before set affinity cpu[1][1]
07-11 19:07:42.415 11390 11390 D MIA_UTIL: [SetCpuAffinityRange:674]:before set affinity cpu[2][1]
07-11 19:07:42.415 11390 11390 D MIA_UTIL: [SetCpuAffinityRange:674]:before set affinity cpu[3][0]
07-11 19:07:42.415 11390 11390 D MIA_UTIL: [SetCpuAffinityRange:680]:is need to set affinity 1
07-11 19:07:42.415 11390 11390 D MIA_UTIL: [SetCpuAffinityRange:668]:tid:[11416] set affinity to CPU0~7
07-11 19:07:42.415 11390 11390 D MIA_UTIL: [SetCpuAffinityRange:674]:before set affinity cpu[0][1]
07-11 19:07:42.415 11390 11390 D MIA_UTIL: [SetCpuAffinityRange:674]:before set affinity cpu[1][1]
07-11 19:07:42.415 11390 11390 D MIA_UTIL: [SetCpuAffinityRange:674]:before set affinity cpu[2][1]
07-11 19:07:42.415 11390 11390 D MIA_UTIL: [SetCpuAffinityRange:674]:before set affinity cpu[3][0]
07-11 19:07:42.415 11390 11390 D MIA_UTIL: [SetCpuAffinityRange:680]:is need to set affinity 1
07-11 19:07:42.415 11390 11390 D MIA_UTIL: [SetCpuAffinityRange:668]:tid:[11417] set affinity to CPU0~7
07-11 19:07:42.415 11390 11390 D MIA_UTIL: [SetCpuAffinityRange:674]:before set affinity cpu[0][1]
07-11 19:07:42.415 11390 11390 D MIA_UTIL: [SetCpuAffinityRange:674]:before set affinity cpu[1][1]
07-11 19:07:42.415 11390 11390 D MIA_UTIL: [SetCpuAffinityRange:674]:before set affinity cpu[2][1]
07-11 19:07:42.415 11390 11390 D MIA_UTIL: [SetCpuAffinityRange:674]:before set affinity cpu[3][0]
07-11 19:07:42.415 11390 11390 D MIA_UTIL: [SetCpuAffinityRange:680]:is need to set affinity 1
07-11 19:07:42.415 11390 11390 D MIA_UTIL: [SetCpuAffinityRange:668]:tid:[11418] set affinity to CPU0~7
07-11 19:07:42.415 11390 11390 D MIA_UTIL: [SetCpuAffinityRange:674]:before set affinity cpu[0][1]
07-11 19:07:42.415 11390 11390 D MIA_UTIL: [SetCpuAffinityRange:674]:before set affinity cpu[1][1]
07-11 19:07:42.415 11390 11390 D MIA_UTIL: [SetCpuAffinityRange:674]:before set affinity cpu[2][1]
07-11 19:07:42.415 11390 11390 D MIA_UTIL: [SetCpuAffinityRange:674]:before set affinity cpu[3][0]
07-11 19:07:42.415 11390 11390 D MIA_UTIL: [SetCpuAffinityRange:680]:is need to set affinity 1
07-11 19:07:42.415 11390 11390 D MIA_UTIL: [SetCpuAffinityRange:668]:tid:[11420] set affinity to CPU0~7
07-11 19:07:42.415 11390 11390 D MIA_UTIL: [SetCpuAffinityRange:674]:before set affinity cpu[0][1]
07-11 19:07:42.415 11390 11390 D MIA_UTIL: [SetCpuAffinityRange:674]:before set affinity cpu[1][1]
07-11 19:07:42.415 11390 11390 D MIA_UTIL: [SetCpuAffinityRange:674]:before set affinity cpu[2][1]
07-11 19:07:42.415 11390 11390 D MIA_UTIL: [SetCpuAffinityRange:674]:before set affinity cpu[3][0]
07-11 19:07:42.415 11390 11390 D MIA_UTIL: [SetCpuAffinityRange:680]:is need to set affinity 1
07-11 19:07:42.415 11390 11390 D MIA_UTIL: [SetCpuAffinityRange:668]:tid:[11421] set affinity to CPU0~7
07-11 19:07:42.415 11390 11390 D MIA_UTIL: [SetCpuAffinityRange:674]:before set affinity cpu[0][1]
07-11 19:07:42.415 11390 11390 D MIA_UTIL: [SetCpuAffinityRange:674]:before set affinity cpu[1][1]
07-11 19:07:42.415 11390 11390 D MIA_UTIL: [SetCpuAffinityRange:674]:before set affinity cpu[2][1]
07-11 19:07:42.415 11390 11390 D MIA_UTIL: [SetCpuAffinityRange:674]:before set affinity cpu[3][0]
07-11 19:07:42.415 11390 11390 D MIA_UTIL: [SetCpuAffinityRange:680]:is need to set affinity 1
07-11 19:07:42.415 11390 11390 D MIA_UTIL: [SetCpuAffinityRange:668]:tid:[11422] set affinity to CPU0~7
07-11 19:07:42.415 11390 11390 D MIA_UTIL: [SetCpuAffinityRange:674]:before set affinity cpu[0][1]
07-11 19:07:42.415 11390 11390 D MIA_UTIL: [SetCpuAffinityRange:674]:before set affinity cpu[1][1]
07-11 19:07:42.415 11390 11390 D MIA_UTIL: [SetCpuAffinityRange:674]:before set affinity cpu[2][1]
07-11 19:07:42.415 11390 11390 D MIA_UTIL: [SetCpuAffinityRange:674]:before set affinity cpu[3][0]
07-11 19:07:42.415 11390 11390 D MIA_UTIL: [SetCpuAffinityRange:680]:is need to set affinity 1
07-11 19:07:42.415 11390 11390 D MIA_UTIL: [SetCpuAffinityRange:668]:tid:[11423] set affinity to CPU0~7
07-11 19:07:42.415 11390 11390 D MIA_UTIL: [SetCpuAffinityRange:674]:before set affinity cpu[0][1]
07-11 19:07:42.415 11390 11390 D MIA_UTIL: [SetCpuAffinityRange:674]:before set affinity cpu[1][1]
07-11 19:07:42.415 11390 11390 D MIA_UTIL: [SetCpuAffinityRange:674]:before set affinity cpu[2][1]
07-11 19:07:42.415 11390 11390 D MIA_UTIL: [SetCpuAffinityRange:674]:before set affinity cpu[3][0]
07-11 19:07:42.415 11390 11390 D MIA_UTIL: [SetCpuAffinityRange:680]:is need to set affinity 1
07-11 19:07:42.415 11390 11390 D MIA_UTIL: [SetCpuAffinityRange:668]:tid:[11424] set affinity to CPU0~7
07-11 19:07:42.415 11390 11390 D MIA_UTIL: [SetCpuAffinityRange:674]:before set affinity cpu[0][1]
07-11 19:07:42.415 11390 11390 D MIA_UTIL: [SetCpuAffinityRange:674]:before set affinity cpu[1][1]
07-11 19:07:42.415 11390 11390 D MIA_UTIL: [SetCpuAffinityRange:674]:before set affinity cpu[2][1]
07-11 19:07:42.415 11390 11390 D MIA_UTIL: [SetCpuAffinityRange:674]:before set affinity cpu[3][0]
07-11 19:07:42.415 11390 11390 D MIA_UTIL: [SetCpuAffinityRange:680]:is need to set affinity 1
07-11 19:07:42.415 11390 11390 D MIA_UTIL: [SetCpuAffinityRange:668]:tid:[11425] set affinity to CPU0~7
07-11 19:07:42.415 11390 11390 D MIA_UTIL: [SetCpuAffinityRange:674]:before set affinity cpu[0][1]
07-11 19:07:42.415 11390 11390 D MIA_UTIL: [SetCpuAffinityRange:674]:before set affinity cpu[1][1]
07-11 19:07:42.415 11390 11390 D MIA_UTIL: [SetCpuAffinityRange:674]:before set affinity cpu[2][1]
07-11 19:07:42.415 11390 11390 D MIA_UTIL: [SetCpuAffinityRange:674]:before set affinity cpu[3][0]
07-11 19:07:42.415 11390 11390 D MIA_UTIL: [SetCpuAffinityRange:680]:is need to set affinity 1
07-11 19:07:42.415 11390 11390 D MIA_UTIL: [SetCpuAffinityRange:668]:tid:[11429] set affinity to CPU0~7
07-11 19:07:42.415 11390 11390 D MIA_UTIL: [SetCpuAffinityRange:674]:before set affinity cpu[0][1]
07-11 19:07:42.415 11390 11390 D MIA_UTIL: [SetCpuAffinityRange:674]:before set affinity cpu[1][1]
07-11 19:07:42.415 11390 11390 D MIA_UTIL: [SetCpuAffinityRange:674]:before set affinity cpu[2][1]
07-11 19:07:42.415 11390 11390 D MIA_UTIL: [SetCpuAffinityRange:674]:before set affinity cpu[3][0]
07-11 19:07:42.416 11390 11390 D MIA_UTIL: [SetCpuAffinityRange:680]:is need to set affinity 1
07-11 19:07:42.416 11390 11390 D MIA_UTIL: [SetCpuAffinityRange:668]:tid:[11430] set affinity to CPU0~7
07-11 19:07:42.416 11390 11390 D MIA_UTIL: [SetCpuAffinityRange:674]:before set affinity cpu[0][1]
07-11 19:07:42.416 11390 11390 D MIA_UTIL: [SetCpuAffinityRange:674]:before set affinity cpu[1][1]
07-11 19:07:42.416 11390 11390 D MIA_UTIL: [SetCpuAffinityRange:674]:before set affinity cpu[2][1]
07-11 19:07:42.416 11390 11390 D MIA_UTIL: [SetCpuAffinityRange:674]:before set affinity cpu[3][0]
07-11 19:07:42.416 11390 11390 D MIA_UTIL: [SetCpuAffinityRange:680]:is need to set affinity 1
07-11 19:07:42.416 11390 11390 D MIA_UTIL: [SetCpuAffinityRange:668]:tid:[11431] set affinity to CPU0~7
07-11 19:07:42.416 11390 11390 D MIA_UTIL: [SetCpuAffinityRange:674]:before set affinity cpu[0][1]
07-11 19:07:42.416 11390 11390 D MIA_UTIL: [SetCpuAffinityRange:674]:before set affinity cpu[1][1]
07-11 19:07:42.416 11390 11390 D MIA_UTIL: [SetCpuAffinityRange:674]:before set affinity cpu[2][1]
07-11 19:07:42.416 11390 11390 D MIA_UTIL: [SetCpuAffinityRange:674]:before set affinity cpu[3][0]
07-11 19:07:42.416 11390 11390 D MIA_UTIL: [SetCpuAffinityRange:680]:is need to set affinity 1
07-11 19:07:42.417 11390 11390 D CAM_LocalParallelService: onBind: start
07-11 19:07:42.421  1969  8329 I ActivityManager: Killing 2910:com.xiaomi.misettings/1000 (adj 985): empty for 1869s
07-11 19:07:42.421  1969  8329 I Process : PerfMonitor : current process sending signal quiet. PID: 2910 SIG: 9
07-11 19:07:42.423  1969  2185 I Process : PerfMonitor : current process killing process group. PID: 2910
07-11 19:07:42.424   953   953 I ANDR-PERF-LM: LMPerfGlue: perfmodule_submit_request() 132: perfmodule_submit_request()
07-11 19:07:42.424   953   953 I ANDR-PERF-LM: Core: getInstance() 84: LM getInstance
07-11 19:07:42.424   953   953 I ANDR-PERF-LM: WQ: push() 59: LMTriggerQ push() size=0
07-11 19:07:42.424   953   953 I ANDR-PERF-LM: WQ: push() 61: LMTriggerQ push() done size=1
07-11 19:07:42.424   953  1543 I ANDR-PERF-LM: WQ: pop() 42: LMTriggerQ pop() done size=0
07-11 19:07:42.424   953  1543 I ANDR-PERF-LM: Core: lmMain() 373: Waiting on trigger Queue
07-11 19:07:42.424   953  1543 I ANDR-PERF-LM: WQ: pop() 31: LMTriggerQ pop() size=0
07-11 19:07:42.435 11390 11390 D CAM_AlgoConnector: onServiceConnected: ComponentInfo{com.android.camera/com.android.camera.LocalParallelService}, binder = com.android.camera.LocalParallelService$LocalBinder@b29f489
07-11 19:07:42.464   953   953 I ANDR-PERF-LM: LMPerfGlue: perfmodule_submit_request() 132: perfmodule_submit_request()
07-11 19:07:42.464   787   787 I Zygote  : Process 2910 exited due to signal 9 (Killed)
07-11 19:07:42.464   953   953 I ANDR-PERF-LM: Core: getInstance() 84: LM getInstance
07-11 19:07:42.464   953   953 I ANDR-PERF-LM: WQ: push() 59: LMTriggerQ push() size=0
07-11 19:07:42.464   953   953 I ANDR-PERF-LM: WQ: push() 61: LMTriggerQ push() done size=1
07-11 19:07:42.464   953  1543 I ANDR-PERF-LM: WQ: pop() 42: LMTriggerQ pop() done size=0
07-11 19:07:42.464   953  1543 I ANDR-PERF-LM: Core: lmMain() 373: Waiting on trigger Queue
07-11 19:07:42.464   953  1543 I ANDR-PERF-LM: WQ: pop() 31: LMTriggerQ pop() size=0
07-11 19:07:42.466  7515 12305 I com.xiaomi.xms: oneway function results will be dropped but finished with status UNKNOWN_TRANSACTION and parcel size 0
07-11 19:07:42.558   599   599 E SELinux : avc:  denied  { find } for pid=7093 uid=10181 name=tethering scontext=u:r:vendor_systemhelper_app:s0:c512,c768 tcontext=u:object_r:tethering_service:s0 tclass=service_manager permissive=0
07-11 19:07:42.760   599   599 E SELinux : avc:  denied  { find } for pid=7093 uid=10181 name=tethering scontext=u:r:vendor_systemhelper_app:s0:c512,c768 tcontext=u:object_r:tethering_service:s0 tclass=service_manager permissive=0
07-11 19:07:42.905  4959  4983 I CloudSettingsProvider: uriMatch : 2
07-11 19:07:42.917 11390 11415 D MIVIHelper: begin to setMiViInfo info: {}
07-11 19:07:42.920   600   600 E SELinux : avc:  denied  { find } for interface=vendor.xiaomi.hardware.campostproc::IMiPostProcService sid=u:r:platform_app:s0:c512,c768 pid=11390 scontext=u:r:platform_app:s0:c512,c768 tcontext=u:object_r:default_android_hwservice:s0 tclass=hwservice_manager permissive=0
07-11 19:07:42.921 11390 11415 W MIVIHelper: setMiViInfo: but can not invoke method : null
07-11 19:07:42.961   599   599 E SELinux : avc:  denied  { find } for pid=7093 uid=10181 name=tethering scontext=u:r:vendor_systemhelper_app:s0:c512,c768 tcontext=u:object_r:tethering_service:s0 tclass=service_manager permissive=0
07-11 19:07:43.050   908 12402 I vendor.qti.bluetooth@1.0-ibs_handler: ProcessIbsCmd: Received IBS_WAKE_IND: 0xFD
07-11 19:07:43.050   908 12402 D vendor.qti.bluetooth@1.0-ibs_handler: SerialClockVote: vote for UART CLK ON
07-11 19:07:43.051   908 12402 D vendor.qti.bluetooth@1.0-wake_lock: Acquire wakelock is acquired
07-11 19:07:43.051   908 12402 I vendor.qti.bluetooth@1.0-ibs_handler: ProcessIbsCmd: Writing IBS_WAKE_ACK
07-11 19:07:43.052 12146 12405 V bt_stack: [VERBOSE1:btm_ble_gap.cc(1924)] btm_ble_process_ext_adv_pkt: bda=30:c3:07:39:04:0f
07-11 19:07:43.053 12146 12405 V bt_stack: [VERBOSE1:btm_ble_gap.cc(1848)] btm_ble_process_adv_addr: bda=30:c3:07:39:04:0f
07-11 19:07:43.053 12146 12405 V bt_stack: [VERBOSE1:btm_inq.cc(1019)] BTM_InqDbRead: bd addr 30:c3:07:39:04:0f
07-11 19:07:43.131   908 12402 I vendor.qti.bluetooth@1.0-ibs_handler: ProcessIbsCmd: Received IBS_SLEEP_IND: 0xFE
07-11 19:07:43.131   908 12402 D vendor.qti.bluetooth@1.0-ibs_handler: SerialClockVote: vote for UART CLK OFF
07-11 19:07:43.163   599   599 E SELinux : avc:  denied  { find } for pid=7093 uid=10181 name=tethering scontext=u:r:vendor_systemhelper_app:s0:c512,c768 tcontext=u:object_r:tethering_service:s0 tclass=service_manager permissive=0
07-11 19:07:43.282   908 12312 D vendor.qti.bluetooth@1.0-wake_lock: Release wakelock is released
07-11 19:07:43.364   599   599 E SELinux : avc:  denied  { find } for pid=7093 uid=10181 name=tethering scontext=u:r:vendor_systemhelper_app:s0:c512,c768 tcontext=u:object_r:tethering_service:s0 tclass=service_manager permissive=0
07-11 19:07:44.370   599   599 E SELinux : avc:  denied  { find } for pid=7093 uid=10181 name=tethering scontext=u:r:vendor_systemhelper_app:s0:c512,c768 tcontext=u:object_r:tethering_service:s0 tclass=service_manager permissive=0
07-11 19:07:44.499  1969  2395 I chatty  : uid=1000(system) WifiHandlerThre expire 10 lines
07-11 19:07:44.571   599   599 E SELinux : avc:  denied  { find } for pid=7093 uid=10181 name=tethering scontext=u:r:vendor_systemhelper_app:s0:c512,c768 tcontext=u:object_r:tethering_service:s0 tclass=service_manager permissive=0
07-11 19:07:44.974   599   599 E SELinux : avc:  denied  { find } for pid=7093 uid=10181 name=tethering scontext=u:r:vendor_systemhelper_app:s0:c512,c768 tcontext=u:object_r:tethering_service:s0 tclass=service_manager permissive=0
07-11 19:07:45.057   908 12402 I vendor.qti.bluetooth@1.0-ibs_handler: ProcessIbsCmd: Received IBS_WAKE_IND: 0xFD
07-11 19:07:45.057   908 12402 D vendor.qti.bluetooth@1.0-ibs_handler: SerialClockVote: vote for UART CLK ON
07-11 19:07:45.057   908 12402 D vendor.qti.bluetooth@1.0-wake_lock: Acquire wakelock is acquired
07-11 19:07:45.057   908 12402 I vendor.qti.bluetooth@1.0-ibs_handler: ProcessIbsCmd: Writing IBS_WAKE_ACK
07-11 19:07:45.059 12146 12405 V bt_stack: [VERBOSE1:btm_ble_gap.cc(1924)] btm_ble_process_ext_adv_pkt: bda=7c:25:da:a1:a6:8e
07-11 19:07:45.059 12146 12405 V bt_stack: [VERBOSE1:btm_ble_gap.cc(1848)] btm_ble_process_adv_addr: bda=7c:25:da:a1:a6:8e
07-11 19:07:45.059 12146 12405 V bt_stack: [VERBOSE1:btm_inq.cc(1019)] BTM_InqDbRead: bd addr 7c:25:da:a1:a6:8e
07-11 19:07:45.066  3576 12463 E MiuiFastConnectService: check adv data not fast connect
07-11 19:07:45.138   908 12402 I vendor.qti.bluetooth@1.0-ibs_handler: ProcessIbsCmd: Received IBS_SLEEP_IND: 0xFE
07-11 19:07:45.138   908 12402 D vendor.qti.bluetooth@1.0-ibs_handler: SerialClockVote: vote for UART CLK OFF
07-11 19:07:45.175   599   599 E SELinux : avc:  denied  { find } for pid=7093 uid=10181 name=tethering scontext=u:r:vendor_systemhelper_app:s0:c512,c768 tcontext=u:object_r:tethering_service:s0 tclass=service_manager permissive=0
07-11 19:07:45.289   908 12312 D vendor.qti.bluetooth@1.0-wake_lock: Release wakelock is released
07-11 19:07:45.376   599   599 E SELinux : avc:  denied  { find } for pid=7093 uid=10181 name=tethering scontext=u:r:vendor_systemhelper_app:s0:c512,c768 tcontext=u:object_r:tethering_service:s0 tclass=service_manager permissive=0
07-11 19:07:45.980   599   599 E SELinux : avc:  denied  { find } for pid=7093 uid=10181 name=tethering scontext=u:r:vendor_systemhelper_app:s0:c512,c768 tcontext=u:object_r:tethering_service:s0 tclass=service_manager permissive=0
07-11 19:07:46.014  1969  2393 I chatty  : uid=1000(system) MiuiNetworkPoli expire 14 lines
07-11 19:07:46.181   599   599 E SELinux : avc:  denied  { find } for pid=7093 uid=10181 name=tethering scontext=u:r:vendor_systemhelper_app:s0:c512,c768 tcontext=u:object_r:tethering_service:s0 tclass=service_manager permissive=0
07-11 19:07:46.363   908 12402 I vendor.qti.bluetooth@1.0-ibs_handler: ProcessIbsCmd: Received IBS_WAKE_IND: 0xFD
07-11 19:07:46.363   908 12402 D vendor.qti.bluetooth@1.0-ibs_handler: SerialClockVote: vote for UART CLK ON
07-11 19:07:46.364   908 12402 D vendor.qti.bluetooth@1.0-wake_lock: Acquire wakelock is acquired
07-11 19:07:46.364   908 12402 I vendor.qti.bluetooth@1.0-ibs_handler: ProcessIbsCmd: Writing IBS_WAKE_ACK
07-11 19:07:46.365 12146 12405 V bt_stack: [VERBOSE1:btm_ble_gap.cc(1924)] btm_ble_process_ext_adv_pkt: bda=30:c3:07:39:04:0f
07-11 19:07:46.366 12146 12405 V bt_stack: [VERBOSE1:btm_ble_gap.cc(1848)] btm_ble_process_adv_addr: bda=30:c3:07:39:04:0f
07-11 19:07:46.366 12146 12405 V bt_stack: [VERBOSE1:btm_inq.cc(1019)] BTM_InqDbRead: bd addr 30:c3:07:39:04:0f
07-11 19:07:46.382   599   599 E SELinux : avc:  denied  { find } for pid=7093 uid=10181 name=tethering scontext=u:r:vendor_systemhelper_app:s0:c512,c768 tcontext=u:object_r:tethering_service:s0 tclass=service_manager permissive=0
07-11 19:07:46.445   908 12402 I vendor.qti.bluetooth@1.0-ibs_handler: ProcessIbsCmd: Received IBS_SLEEP_IND: 0xFE
07-11 19:07:46.445   908 12402 D vendor.qti.bluetooth@1.0-ibs_handler: SerialClockVote: vote for UART CLK OFF
07-11 19:07:46.582   599   599 E SELinux : avc:  denied  { find } for pid=7093 uid=10181 name=tethering scontext=u:r:vendor_systemhelper_app:s0:c512,c768 tcontext=u:object_r:tethering_service:s0 tclass=service_manager permissive=0
07-11 19:07:46.595   908 12312 D vendor.qti.bluetooth@1.0-wake_lock: Release wakelock is released
07-11 19:07:46.784   599   599 E SELinux : avc:  denied  { find } for pid=7093 uid=10181 name=tethering scontext=u:r:vendor_systemhelper_app:s0:c512,c768 tcontext=u:object_r:tethering_service:s0 tclass=service_manager permissive=0
07-11 19:07:47.186   599   599 E SELinux : avc:  denied  { find } for pid=7093 uid=10181 name=tethering scontext=u:r:vendor_systemhelper_app:s0:c512,c768 tcontext=u:object_r:tethering_service:s0 tclass=service_manager permissive=0
07-11 19:07:47.308 11390 11425 I TetheringManager: registerTetheringEventCallback:com.android.camera
07-11 19:07:47.387   599   599 E SELinux : avc:  denied  { find } for pid=7093 uid=10181 name=tethering scontext=u:r:vendor_systemhelper_app:s0:c512,c768 tcontext=u:object_r:tethering_service:s0 tclass=service_manager permissive=0
07-11 19:07:47.589   599   599 E SELinux : avc:  denied  { find } for pid=7093 uid=10181 name=tethering scontext=u:r:vendor_systemhelper_app:s0:c512,c768 tcontext=u:object_r:tethering_service:s0 tclass=service_manager permissive=0
07-11 19:07:47.736   908 12402 I vendor.qti.bluetooth@1.0-ibs_handler: ProcessIbsCmd: Received IBS_WAKE_IND: 0xFD
07-11 19:07:47.736   908 12402 D vendor.qti.bluetooth@1.0-ibs_handler: SerialClockVote: vote for UART CLK ON
07-11 19:07:47.736   908 12402 D vendor.qti.bluetooth@1.0-wake_lock: Acquire wakelock is acquired
07-11 19:07:47.736   908 12402 I vendor.qti.bluetooth@1.0-ibs_handler: ProcessIbsCmd: Writing IBS_WAKE_ACK
07-11 19:07:47.738 12146 12405 V bt_stack: [VERBOSE1:btm_ble_gap.cc(1924)] btm_ble_process_ext_adv_pkt: bda=30:c3:07:39:04:0f
07-11 19:07:47.738 12146 12405 V bt_stack: [VERBOSE1:btm_ble_gap.cc(1848)] btm_ble_process_adv_addr: bda=30:c3:07:39:04:0f
07-11 19:07:47.739 12146 12405 V bt_stack: [VERBOSE1:btm_inq.cc(1019)] BTM_InqDbRead: bd addr 30:c3:07:39:04:0f
07-11 19:07:47.790   599   599 E SELinux : avc:  denied  { find } for pid=7093 uid=10181 name=tethering scontext=u:r:vendor_systemhelper_app:s0:c512,c768 tcontext=u:object_r:tethering_service:s0 tclass=service_manager permissive=0
07-11 19:07:47.817   908 12402 I vendor.qti.bluetooth@1.0-ibs_handler: ProcessIbsCmd: Received IBS_SLEEP_IND: 0xFE
07-11 19:07:47.817   908 12402 D vendor.qti.bluetooth@1.0-ibs_handler: SerialClockVote: vote for UART CLK OFF
07-11 19:07:47.967   908 12312 D vendor.qti.bluetooth@1.0-wake_lock: Release wakelock is released
07-11 19:07:47.991   599   599 E SELinux : avc:  denied  { find } for pid=7093 uid=10181 name=tethering scontext=u:r:vendor_systemhelper_app:s0:c512,c768 tcontext=u:object_r:tethering_service:s0 tclass=service_manager permissive=0
07-11 19:07:48.795   599   599 I chatty  : uid=1000(system) /system/bin/servicemanager identical 32 lines
07-11 19:07:48.996   599   599 E SELinux : avc:  denied  { find } for pid=7093 uid=10181 name=tethering scontext=u:r:vendor_systemhelper_app:s0:c512,c768 tcontext=u:object_r:tethering_service:s0 tclass=service_manager permissive=0
07-11 19:07:49.197   599   599 E SELinux : avc:  denied  { find } for pid=7093 uid=10181 name=tethering scontext=u:r:vendor_systemhelper_app:s0:c512,c768 tcontext=u:object_r:tethering_service:s0 tclass=service_manager permissive=0
07-11 19:07:49.599   599   599 E SELinux : avc:  denied  { find } for pid=7093 uid=10181 name=tethering scontext=u:r:vendor_systemhelper_app:s0:c512,c768 tcontext=u:object_r:tethering_service:s0 tclass=service_manager permissive=0
07-11 19:07:49.668   908 12402 I vendor.qti.bluetooth@1.0-ibs_handler: ProcessIbsCmd: Received IBS_WAKE_IND: 0xFD
07-11 19:07:49.668   908 12402 D vendor.qti.bluetooth@1.0-ibs_handler: SerialClockVote: vote for UART CLK ON
07-11 19:07:49.669   908 12402 D vendor.qti.bluetooth@1.0-wake_lock: Acquire wakelock is acquired
07-11 19:07:49.669   908 12402 I vendor.qti.bluetooth@1.0-ibs_handler: ProcessIbsCmd: Writing IBS_WAKE_ACK
07-11 19:07:49.673 12146 12405 V bt_stack: [VERBOSE1:btm_ble_gap.cc(1924)] btm_ble_process_ext_adv_pkt: bda=d4:5e:ec:42:d1:94
07-11 19:07:49.673 12146 12405 V bt_stack: [VERBOSE1:btm_ble_gap.cc(1848)] btm_ble_process_adv_addr: bda=d4:5e:ec:42:d1:94
07-11 19:07:49.673 12146 12405 V bt_stack: [VERBOSE1:btm_ble_gap.cc(2058)]  Waiting for scan response d4:5e:ec:42:d1:94
07-11 19:07:49.673 12146 12405 V bt_stack: [VERBOSE1:btm_ble_gap.cc(1924)] btm_ble_process_ext_adv_pkt: bda=30:c3:07:39:04:0f
07-11 19:07:49.673 12146 12405 V bt_stack: [VERBOSE1:btm_ble_gap.cc(1848)] btm_ble_process_adv_addr: bda=30:c3:07:39:04:0f
