06-21 15:47:20.255  1289 21031 I SDM     : HWCSession::ProcessRequests: Creating AsyncFenceWaits async thread.
06-21 15:47:20.255  1289 21031 I SDM     : HWCSession::ProcessRequests: Remove current CWB request from the pending request queue.
06-21 15:47:20.255  1289 21031 I SDM     : HWCSession::ProcessRequests: No pending cwb requests found in the queue.
06-21 15:47:20.260  1289  1506 I SDM     : HWDeviceDRM::SetupConcurrentWriteback: Tear down the Concurrent Writeback topology
06-21 15:47:20.269  1289 21032 I SDM     : HWCSession::NotifyCWBStatus: Notify the client about buffer status 0.
06-21 15:47:20.269  1289 21032 I SDM     : HWCSession::PerformFenceWaits: Remove current release fence from the pending fence wait queue.
06-21 15:47:20.269  1289 21032 I SDM     : HWCSession::PerformFenceWaits: CWB fence queue is empty. No pending release fence to wait on.
06-21 15:47:20.325 18261 18293 I appium  : AppiumResponse: {"sessionId":"680c5a45-b174-477e-af7f-a20782774a69","value":{"error":"no such element","message":"An element could not be located on the page using the given search parameters","stacktrace":"io.appium.uiautomator2.common.exceptions.ElementNotFoundException: An element could not be located on the page using the given search parameters\n\tat io.appium.uiautomator2.handler.FindElement.safeHandle(FindElement.java:70)\n\tat io.appium.uiautomator2.handler.request.SafeRequestHandler.handle(SafeRequestHandler.java:59)\n\tat io.appium.uiautomator2.server.AppiumServlet.handleRequest(AppiumServlet.java:266)\n\tat io.appium.uiautomator2.server.AppiumServlet.handleHttpRequest(AppiumServlet.java:260)\n\tat io.appium.uiautomator2.http.ServerHandler.channelRead(ServerHandler.java:68)\n\tat io.netty.channel.AbstractChannelHandlerContext.invokeChannelRead(AbstractChannelHandlerContext.java:366)\n\tat io.netty.channel.AbstractChannelHandlerContext.invokeChannelRead(AbstractChannelHandlerContext.java:352)\n\tat io.netty.channel.AbstractChannelHandlerContext.fireChannelRead(AbstractChannelHandlerContext.java:345)\n\tat io.netty.handler.codec.MessageToMessageDecoder.channelRead(MessageToMessageDecoder.java:102)\n\tat io.netty.channel.AbstractChannelHandlerContext.invokeChannelRead(AbstractChannelHandlerContext.java:366)\n\tat io.netty.channel.AbstractChannelHandlerContext.invokeChannelRead(AbstractChannelHandlerContext.java:352)\n\tat io.netty.channel.AbstractChannelHandlerContext.fireChannelRead(AbstractChannelHandlerContext.java:345)\n\tat io.netty.channel.CombinedChannelDuplexHandler$DelegatingChannelHandlerContext.fireChannelRead(CombinedChannelDuplexHandler.java:435)\n\tat io.netty.handler.codec.ByteToMessageDecoder.fireChannelRead(ByteToMessageDecoder.java:293)\n\tat io.netty.handler.codec.ByteToMessageDecoder.channelRead(ByteToMessageDecoder.java:267)\n\tat io.netty.channel.CombinedChannelDuplexHandler.channelRead(CombinedChannelDuplexHandler.java:250)\n\tat io.netty.channel.AbstractChannelHandlerContext.invokeChannelRead(AbstractChannelHandlerContext.java:366)\n\tat io.netty.channel.AbstractChannelHandlerContext.invokeChannelRead(AbstractChannelHandlerContext.java:352)\n\tat io.netty.channel.AbstractChannelHandlerContext.fireChannelRead(AbstractChannelHandlerContext.java:345)\n\tat io.netty.handler.timeout.IdleStateHandler.channelRead(IdleStateHandler.java:266)\n\tat io.netty.channel.AbstractChannelHandlerContext.invokeChannelRead(AbstractChannelHandlerContext.java:366)\n\tat io.netty.channel.AbstractChannelHandlerContext.invokeChannelRead(AbstractChannelHandlerContext.java:352)\n\tat io.netty.channel.AbstractChannelHandlerContext.fireChannelRead(AbstractChannelHandlerContext.java:345)\n\tat io.netty.channel.DefaultChannelPipeline$HeadContext.channelRead(DefaultChannelPipeline.java:1294)\n\tat io.netty.channel.AbstractChannelHandlerContext.invokeChannelRead(AbstractChannelHandlerContext.java:366)\n\tat io.netty.channel.AbstractChannelHandlerContext.invokeChannelRead(AbstractChannelHandlerContext.java:352)\n\tat io.netty.channel.DefaultChannelPipeline.fireChannelRead(DefaultChannelPipeline.java:911)\n\tat io.netty.channel.nio.AbstractNioByteChannel$NioByteUnsafe.read(AbstractNioByteChannel.java:131)\n\tat io.netty.channel.nio.NioEventLoop.processSelectedKey(NioEventLoop.java:611)\n\tat io.netty.channel.nio.NioEventLoop.processSelectedKeysOptimized(NioEventLoop.java:552)\n\tat io.netty.channel.nio.NioEventLoop.processSelectedKeys(NioEventLoop.java:466)\n\tat io.netty.channel.nio.NioEventLoop.run(NioEventLoop.java:438)\n\tat io.netty.util.concurrent.SingleThreadEventExecutor$2.run(SingleThreadEventExecutor.java:140)\n\tat io.netty.util.concurrent.DefaultThreadFactory$DefaultRunnableDecorator.run(DefaultThreadFactory.java:144)\n\tat java.lang.Thread.run(Thread.java:920)\n"}}
06-21 15:47:20.325 18549 20957 I CCodecBufferChannel: pipelineRoom(2) is <= numClientBuffers(2). Not signalling any more buffers to client
06-21 15:47:20.326 18549 19495 I CCodecBufferChannel: pipelineRoom(2) is <= numClientBuffers(2). Not signalling any more buffers to client
06-21 15:47:20.327 18549 19495 I CCodecBufferChannel: pipelineRoom(3) is <= numClientBuffers(3). Not signalling any more buffers to client
06-21 15:47:20.328 18549 20957 I CCodecBufferChannel: pipelineRoom(3) is <= numClientBuffers(3). Not signalling any more buffers to client
06-21 15:47:20.330  2423  2875 I WindowManagerService: Physical orientation applied, rotation=0 sfOrientation=ORIENTATION_0
06-21 15:47:20.403  2055  3327 D libsensor-displayalgo: the value of  brightness:438.000000,R:4491550.735571,G:4084211.232552,B:4525945.707529,EVENT_C:3618.500000,EVENT_R:1537.000000,EVENT_G:1733.500000,EVENT_B:721.000000
06-21 15:47:20.404  2055  3327 I libsensor-displayalgo: the value of  Coef1:1107.681000,Coef4:2.383000, scale1:0.935522, scale4:0.923264
06-21 15:47:20.404  2055  3327 E libsensor-displayalgo: RGB_black_white_scenario_0822!
06-21 15:47:20.404  2055  3327 I libsensor-displayalgo: the value of  RESULT126.867974,44.545894,66.831106,22.844469
06-21 15:47:20.404  2055  3327 I libsensor-displayalgo: the value of  getChannelDataCalibrated133.014145,41.258084,77.678074,24.933200
06-21 15:47:20.404  2055  3327 I libsensor-displayalgo: the value of  REAL LUX208.389435
06-21 15:47:20.404  2055  3327 I libsensor-displayalgo: the value of  CAL REAL LUX208.389435
06-21 15:47:20.429  2423  4339 I WindowManagerService: Physical orientation applied, rotation=0 sfOrientation=ORIENTATION_0
06-21 15:47:20.461 18549 19495 I CCodecBufferChannel: pipelineRoom(2) is <= numClientBuffers(2). Not signalling any more buffers to client
06-21 15:47:20.531  2423  4339 I WindowManagerService: Physical orientation applied, rotation=0 sfOrientation=ORIENTATION_0
06-21 15:47:20.542  4190  4190 D MiPlayDetailViewModel: onPositionChange(): position = 6990
06-21 15:47:20.542  5790 20962 I SafeBinderCall: onPositionChange binder cost:1
06-21 15:47:20.549  1289  2256 I vendor.qti.hardware.display.composer-service: FrameNotifyProcess Sensor: notify citsensorservice to trigger cwb
06-21 15:47:20.549  2055 15083 I libcitsensorservice@2.0-impl: msg_transfer
06-21 15:47:20.550  2055  3319 D vendor.xiaomi.sensor.citsensorservice@2.0-service: handle id:11 wxh:1280x2400 uwxuh:1080x2400 size: 9216000 fd:15 fd_meta:16 flags:0x4000228 usage:0x33  format:0x3 layer_count: 1
06-21 15:47:20.550  1289  1865 I SDM     : HWCSession::SetCWBOutputBuffer: CWB config passed by cwb_client : tappoint 1  CWB_ROI : (829.000000 4.000000 915.000000 90.000000)
06-21 15:47:20.552  1289 21033 I SDM     : HWCSession::ProcessRequests: Successfully configured CWB buffer.
06-21 15:47:20.559  1289 21033 I SDM     : HWCSession::ProcessRequests: Pushing release fence in fenece wait queue.
06-21 15:47:20.559  1289 21033 I SDM     : HWCSession::ProcessRequests: Creating AsyncFenceWaits async thread.
06-21 15:47:20.560  1289 21033 I SDM     : HWCSession::ProcessRequests: Remove current CWB request from the pending request queue.
06-21 15:47:20.560  1289 21033 I SDM     : HWCSession::ProcessRequests: No pending cwb requests found in the queue.
06-21 15:47:20.565  1289  1506 I SDM     : HWDeviceDRM::SetupConcurrentWriteback: Tear down the Concurrent Writeback topology
06-21 15:47:20.569 18549 19495 I CCodecBufferChannel: pipelineRoom(2) is <= numClientBuffers(3). Not signalling any more buffers to client
06-21 15:47:20.569 18549 20957 I CCodecBufferChannel: pipelineRoom(2) is <= numClientBuffers(2). Not signalling any more buffers to client
06-21 15:47:20.571 18549 19495 I CCodecBufferChannel: pipelineRoom(3) is <= numClientBuffers(3). Not signalling any more buffers to client
06-21 15:47:20.574  1289 21034 I SDM     : HWCSession::NotifyCWBStatus: Notify the client about buffer status 0.
06-21 15:47:20.574  1289 21034 I SDM     : HWCSession::PerformFenceWaits: Remove current release fence from the pending fence wait queue.
06-21 15:47:20.574  1289 21034 I SDM     : HWCSession::PerformFenceWaits: CWB fence queue is empty. No pending release fence to wait on.
06-21 15:47:20.637  2423  2875 I WindowManagerService: Physical orientation applied, rotation=0 sfOrientation=ORIENTATION_0
06-21 15:47:20.637 18549 19492 D CCodecBufferChannel: [c2.android.aac.decoder#4] DEBUG: elapsed: n=6 [in=0 pipeline=0 out=2]
06-21 15:47:20.637 18549 19492 D PipelineWatcher: DEBUG: elapsed 2 / 6
06-21 15:47:20.649 18549 19495 I CCodecBufferChannel: pipelineRoom(2) is <= numClientBuffers(2). Not signalling any more buffers to client
06-21 15:47:20.704  2055  3327 D libsensor-displayalgo: the value of  brightness:438.000000,R:4491614.142966,G:4084051.126085,B:4526604.099334,EVENT_C:4257.000000,EVENT_R:1771.500000,EVENT_G:2054.500000,EVENT_B:849.500000
06-21 15:47:20.704  2055  3327 I libsensor-displayalgo: the value of  Coef1:1107.681000,Coef4:2.383000, scale1:0.935522, scale4:0.923264
06-21 15:47:20.704  2055  3327 E libsensor-displayalgo: RGB_black_white_scenario_0822!
06-21 15:47:20.705  2055  3327 I libsensor-displayalgo: the value of  RESULT126.872543,44.550903,66.831052,22.846826
06-21 15:47:20.705  2055  3327 I libsensor-displayalgo: the value of  getChannelDataCalibrated133.018936,41.262724,77.678012,24.935774
06-21 15:47:20.705  2055  3327 I libsensor-displayalgo: the value of  REAL LUX248.777145
06-21 15:47:20.705  2055  3327 I libsensor-displayalgo: the value of  CAL REAL LUX248.777145
06-21 15:47:20.733  2423  4339 I WindowManagerService: Physical orientation applied, rotation=0 sfOrientation=ORIENTATION_0
06-21 15:47:20.776 18549 19495 I CCodecBufferChannel: pipelineRoom(1) is <= numClientBuffers(2). Not signalling any more buffers to client
06-21 15:47:20.778 18549 20957 I CCodecBufferChannel: pipelineRoom(1) is <= numClientBuffers(1). Not signalling any more buffers to client
06-21 15:47:20.782 18549 19495 I CCodecBufferChannel: pipelineRoom(1) is <= numClientBuffers(1). Not signalling any more buffers to client
06-21 15:47:20.784 18549 19495 I CCodecBufferChannel: pipelineRoom(2) is <= numClientBuffers(2). Not signalling any more buffers to client
06-21 15:47:20.785 18549 20957 I CCodecBufferChannel: pipelineRoom(2) is <= numClientBuffers(2). Not signalling any more buffers to client
06-21 15:47:20.839  2423  4027 I WindowManagerService: Physical orientation applied, rotation=0 sfOrientation=ORIENTATION_0
06-21 15:47:20.849 18261 18293 I appium  : channel read: GET /wd/hub/session/680c5a45-b174-477e-af7f-a20782774a69/screenshot
06-21 15:47:20.852 18261 18293 I appium  : CaptureScreenshot command
06-21 15:47:20.853  1289  2256 I vendor.qti.hardware.display.composer-service: FrameNotifyProcess Sensor: notify citsensorservice to trigger cwb
06-21 15:47:20.854  2055  3808 I libcitsensorservice@2.0-impl: msg_transfer
06-21 15:47:20.855  2055  3319 D vendor.xiaomi.sensor.citsensorservice@2.0-service: handle id:11 wxh:1280x2400 uwxuh:1080x2400 size: 9216000 fd:15 fd_meta:16 flags:0x4000228 usage:0x33  format:0x3 layer_count: 1
06-21 15:47:20.856  1289  1865 I SDM     : HWCSession::SetCWBOutputBuffer: CWB config passed by cwb_client : tappoint 1  CWB_ROI : (829.000000 4.000000 915.000000 90.000000)
06-21 15:47:20.858  1289 21036 I SDM     : HWCSession::ProcessRequests: Successfully configured CWB buffer.
06-21 15:47:20.864  1289 21036 I SDM     : HWCSession::ProcessRequests: Pushing release fence in fenece wait queue.
06-21 15:47:20.864  1289 21036 I SDM     : HWCSession::ProcessRequests: Creating AsyncFenceWaits async thread.
06-21 15:47:20.865  1289 21036 I SDM     : HWCSession::ProcessRequests: Remove current CWB request from the pending request queue.
06-21 15:47:20.865  1289 21036 I SDM     : HWCSession::ProcessRequests: No pending cwb requests found in the queue.
06-21 15:47:20.869  1289  1506 I SDM     : HWDeviceDRM::SetupConcurrentWriteback: Tear down the Concurrent Writeback topology
06-21 15:47:20.878  1289 21040 I SDM     : HWCSession::NotifyCWBStatus: Notify the client about buffer status 0.
06-21 15:47:20.879  1289 21040 I SDM     : HWCSession::PerformFenceWaits: Remove current release fence from the pending fence wait queue.
06-21 15:47:20.880  1289 21040 I SDM     : HWCSession::PerformFenceWaits: CWB fence queue is empty. No pending release fence to wait on.
06-21 15:47:20.888 18549 19495 I CCodecBufferChannel: pipelineRoom(1) is <= numClientBuffers(1). Not signalling any more buffers to client
06-21 15:47:20.890 18549 19495 I CCodecBufferChannel: pipelineRoom(2) is <= numClientBuffers(2). Not signalling any more buffers to client
06-21 15:47:20.890 18549 20957 I CCodecBufferChannel: pipelineRoom(2) is <= numClientBuffers(2). Not signalling any more buffers to client
06-21 15:47:20.891 18549 19495 I CCodecBufferChannel: pipelineRoom(1) is <= numClientBuffers(2). Not signalling any more buffers to client
06-21 15:47:20.891 18549 20957 I CCodecBufferChannel: pipelineRoom(1) is <= numClientBuffers(1). Not signalling any more buffers to client
06-21 15:47:20.937  2423  4339 I WindowManagerService: Physical orientation applied, rotation=0 sfOrientation=ORIENTATION_0
06-21 15:47:21.003  2055  3327 D libsensor-displayalgo: the value of  brightness:438.000000,R:4490490.019871,G:4083991.895606,B:4523802.466784,EVENT_C:4351.500000,EVENT_R:1806.000000,EVENT_G:2097.500000,EVENT_B:871.000000
06-21 15:47:21.003  2055  3327 I libsensor-displayalgo: the value of  Coef1:1107.681000,Coef4:2.383000, scale1:0.935522, scale4:0.923264
06-21 15:47:21.003  2055  3327 E libsensor-displayalgo: RGB_black_white_scenario_0822!
06-21 15:47:21.003  2055  3327 I libsensor-displayalgo: the value of  RESULT126.843239,44.529990,66.824526,22.837654
06-21 15:47:21.003  2055  3327 I libsensor-displayalgo: the value of  getChannelDataCalibrated132.988212,41.243353,77.670426,24.925763
06-21 15:47:21.003  2055  3327 I libsensor-displayalgo: the value of  REAL LUX254.356674
06-21 15:47:21.003  2055  3327 I libsensor-displayalgo: the value of  CAL REAL LUX254.356674
06-21 15:47:21.013 18549 19495 I CCodecBufferChannel: pipelineRoom(1) is <= numClientBuffers(2). Not signalling any more buffers to client
06-21 15:47:21.013 18549 20957 I CCodecBufferChannel: pipelineRoom(1) is <= numClientBuffers(1). Not signalling any more buffers to client
06-21 15:47:21.014 18549 19495 I CCodecBufferChannel: pipelineRoom(2) is <= numClientBuffers(2). Not signalling any more buffers to client
06-21 15:47:21.014 18549 20957 I CCodecBufferChannel: pipelineRoom(2) is <= numClientBuffers(2). Not signalling any more buffers to client
06-21 15:47:21.037  2423  2875 I WindowManagerService: Physical orientation applied, rotation=0 sfOrientation=ORIENTATION_0
06-21 15:47:21.143  2423  4339 I WindowManagerService: Physical orientation applied, rotation=0 sfOrientation=ORIENTATION_0
06-21 15:47:21.161  1289  2256 I vendor.qti.hardware.display.composer-service: FrameNotifyProcess Sensor: notify citsensorservice to trigger cwb
06-21 15:47:21.161  2055  3808 I libcitsensorservice@2.0-impl: msg_transfer
06-21 15:47:21.161  2055  3319 D vendor.xiaomi.sensor.citsensorservice@2.0-service: handle id:11 wxh:1280x2400 uwxuh:1080x2400 size: 9216000 fd:15 fd_meta:16 flags:0x4000228 usage:0x33  format:0x3 layer_count: 1
06-21 15:47:21.162  1289  1865 I SDM     : HWCSession::SetCWBOutputBuffer: CWB config passed by cwb_client : tappoint 1  CWB_ROI : (829.000000 4.000000 915.000000 90.000000)
06-21 15:47:21.168  1289 21042 I SDM     : HWCSession::ProcessRequests: Successfully configured CWB buffer.
06-21 15:47:21.176  1289 21042 I SDM     : HWCSession::ProcessRequests: Pushing release fence in fenece wait queue.
06-21 15:47:21.176  1289 21042 I SDM     : HWCSession::ProcessRequests: Creating AsyncFenceWaits async thread.
06-21 15:47:21.176  1289 21042 I SDM     : HWCSession::ProcessRequests: Remove current CWB request from the pending request queue.
06-21 15:47:21.177  1289 21042 I SDM     : HWCSession::ProcessRequests: No pending cwb requests found in the queue.
06-21 15:47:21.178  1289  1506 I SDM     : HWDeviceDRM::SetupConcurrentWriteback: Tear down the Concurrent Writeback topology
06-21 15:47:21.191  1289 21043 I SDM     : HWCSession::NotifyCWBStatus: Notify the client about buffer status 0.
06-21 15:47:21.191  1289 21043 I SDM     : HWCSession::PerformFenceWaits: Remove current release fence from the pending fence wait queue.
06-21 15:47:21.191  1289 21043 I SDM     : HWCSession::PerformFenceWaits: CWB fence queue is empty. No pending release fence to wait on.
06-21 15:47:21.211 18549 19495 I CCodecBufferChannel: pipelineRoom(1) is <= numClientBuffers(1). Not signalling any more buffers to client
06-21 15:47:21.244  2423  2875 I WindowManagerService: Physical orientation applied, rotation=0 sfOrientation=ORIENTATION_0
06-21 15:47:21.303  2055  3327 D libsensor-displayalgo: the value of  brightness:438.000000,R:4491836.961569,G:4083775.694473,B:4530200.814434,EVENT_C:4291.500000,EVENT_R:1789.500000,EVENT_G:2069.000000,EVENT_B:853.500000
06-21 15:47:21.304  2055  3327 I libsensor-displayalgo: the value of  Coef1:1107.681000,Coef4:2.383000, scale1:0.935522, scale4:0.923264
06-21 15:47:21.304  2055  3327 E libsensor-displayalgo: RGB_black_white_scenario_0822!
06-21 15:47:21.304  2055  3327 I libsensor-displayalgo: the value of  RESULT126.912666,44.582072,66.841287,22.862562
06-21 15:47:21.304  2055  3327 I libsensor-displayalgo: the value of  getChannelDataCalibrated133.061002,41.291592,77.689908,24.952948
06-21 15:47:21.304  2055  3327 I libsensor-displayalgo: the value of  REAL LUX250.867126
06-21 15:47:21.304  2055  3327 I libsensor-displayalgo: the value of  CAL REAL LUX250.867126
06-21 15:47:21.334 18549 19495 I CCodecBufferChannel: pipelineRoom(2) is <= numClientBuffers(2). Not signalling any more buffers to client
06-21 15:47:21.339 18549 19495 I CCodecBufferChannel: pipelineRoom(3) is <= numClientBuffers(3). Not signalling any more buffers to client
06-21 15:47:21.339 18549 20957 I CCodecBufferChannel: pipelineRoom(2) is <= numClientBuffers(2). Not signalling any more buffers to client
06-21 15:47:21.345  2423  4027 I WindowManagerService: Physical orientation applied, rotation=0 sfOrientation=ORIENTATION_0
06-21 15:47:21.364 18261 18293 I appium  : AppiumResponse: {"sessionId":"680c5a45-b174-477e-af7f-a20782774a69","value":"iVBORw0KGgoAAAANSUhEUgAABDgAAAlgCAYAAABtGofVAAAAAXNSR0IArs4c6QAAAARzQklUCAgI\nCHwIZIgAACAASURBVHic7L17lF1Hfe/5244CxKch3CTuBvJyt5y7VuKWyE3uWJKTWQu3bLhrsI0h\n9yL5QR6GQAiS/AL8lIllG9vgh/wA2zh2JrEF8mWBZezMGqyHsybBeszcIZbkWSsr7m7PTDJxt4ZM\nEvo4E
06-21 15:47:21.367 18261 18270 I tomator2.serve: This is sticky GC, maxfree is 8388608 minfree is 2097152
06-21 15:47:21.403 18261 18270 I tomator2.serve: This is non sticky GC, maxfree is 8388608 minfree is 2097152