06-08 15:50:39.805  1977  2997 D libsensor-displayalgo: the value of  brightness:410.000000,R:74709709.431923,G:74827476.333381,B:74765208.103312,EVENT_C:6665.000000,EVENT_R:2593.500000,EVENT_G:3355.500000,EVENT_B:1349.500000
06-08 15:50:39.805  1977  2997 I libsensor-displayalgo: the value of  Coef1:1107.681000,Coef4:2.383000, scale1:0.935522, scale4:0.923264
06-08 15:50:39.805  1977  2997 E libsensor-displayalgo: RGB_test_0407_400_oldzy!
06-08 15:50:39.805  1977  2997 I libsensor-displayalgo: the value of  RESULT2929.994090,1156.703560,1425.783064,531.329688
06-08 15:50:39.805  1977  2997 I libsensor-displayalgo: the value of  getChannelDataCalibrated3064.539389,1071.719307,1651.795276,576.998988
06-08 15:50:39.805  1977  2997 I libsensor-displayalgo: the value of  REAL LUX211.491577
06-08 15:50:39.805  1977  2997 I libsensor-displayalgo: the value of  CAL REAL LUX211.491577
06-08 15:50:39.807  1245  2285 I vendor.qti.hardware.display.composer-service: FrameNotifyProcess Sensor: notify citsensorservice to trigger cwb
06-08 15:50:39.807  1977  1977 I libcitsensorservice@2.0-impl: msg_transfer
06-08 15:50:39.808  1977  2987 D vendor.xiaomi.sensor.citsensorservice@2.0-service: handle id:8 wxh:1280x2400 uwxuh:1080x2400 size: 9216000 fd:15 fd_meta:16 flags:0x4000228 usage:0x33  format:0x3 layer_count: 1
06-08 15:50:39.809  1245  3014 I SDM     : HWCSession::SetCWBOutputBuffer: CWB config passed by cwb_client : tappoint 1  CWB_ROI : (829.000000 4.000000 915.000000 90.000000)
06-08 15:50:39.811  1245  8613 I SDM     : HWCSession::ProcessRequests: Successfully configured CWB buffer.
06-08 15:50:39.816  1245  8613 I SDM     : HWCSession::ProcessRequests: Pushing release fence in fenece wait queue.
06-08 15:50:39.816  1245  8613 I SDM     : HWCSession::ProcessRequests: Creating AsyncFenceWaits async thread.
06-08 15:50:39.816  1245  8613 I SDM     : HWCSession::ProcessRequests: Remove current CWB request from the pending request queue.
06-08 15:50:39.816  1245  8613 I SDM     : HWCSession::ProcessRequests: No pending cwb requests found in the queue.
06-08 15:50:39.821  1245  1464 I SDM     : HWDeviceDRM::SetupConcurrentWriteback: Tear down the Concurrent Writeback topology
06-08 15:50:39.829  1245  8614 I SDM     : HWCSession::NotifyCWBStatus: Notify the client about buffer status 0.
06-08 15:50:39.829  1245  8614 I SDM     : HWCSession::PerformFenceWaits: Remove current release fence from the pending fence wait queue.
06-08 15:50:39.829  1245  8614 I SDM     : HWCSession::PerformFenceWaits: CWB fence queue is empty. No pending release fence to wait on.
06-08 15:50:40.205  1977  2997 D libsensor-displayalgo: the value of  brightness:410.000000,R:74709709.431923,G:74827476.333381,B:74765208.103312,EVENT_C:6682.500000,EVENT_R:2598.000000,EVENT_G:3366.000000,EVENT_B:1355.000000
06-08 15:50:40.205  1977  2997 I libsensor-displayalgo: the value of  Coef1:1107.681000,Coef4:2.383000, scale1:0.935522, scale4:0.923264
06-08 15:50:40.205  1977  2997 E libsensor-displayalgo: RGB_test_0407_400_oldzy!
06-08 15:50:40.205  1977  2997 I libsensor-displayalgo: the value of  RESULT2929.994090,1156.703560,1425.783064,531.329688
06-08 15:50:40.206  1977  2997 I libsensor-displayalgo: the value of  getChannelDataCalibrated3064.539389,1071.719307,1651.795276,576.998988
06-08 15:50:40.206  1977  2997 I libsensor-displayalgo: the value of  REAL LUX212.587952
06-08 15:50:40.206  1977  2997 I libsensor-displayalgo: the value of  CAL REAL LUX212.587952
06-08 15:50:40.209  1245  2285 I vendor.qti.hardware.display.composer-service: FrameNotifyProcess Sensor: notify citsensorservice to trigger cwb
06-08 15:50:40.210  1977  1977 I libcitsensorservice@2.0-impl: msg_transfer
06-08 15:50:40.210  1977  2987 D vendor.xiaomi.sensor.citsensorservice@2.0-service: handle id:8 wxh:1280x2400 uwxuh:1080x2400 size: 9216000 fd:15 fd_meta:16 flags:0x4000228 usage:0x33  format:0x3 layer_count: 1
06-08 15:50:40.210  1245  3014 I SDM     : HWCSession::SetCWBOutputBuffer: CWB config passed by cwb_client : tappoint 1  CWB_ROI : (829.000000 4.000000 915.000000 90.000000)
06-08 15:50:40.212  1245  8623 I SDM     : HWCSession::ProcessRequests: Successfully configured CWB buffer.
06-08 15:50:40.218  1245  8623 I SDM     : HWCSession::ProcessRequests: Pushing release fence in fenece wait queue.
06-08 15:50:40.218  1245  8623 I SDM     : HWCSession::ProcessRequests: Creating AsyncFenceWaits async thread.
06-08 15:50:40.218  1245  8623 I SDM     : HWCSession::ProcessRequests: Remove current CWB request from the pending request queue.
06-08 15:50:40.219  1245  8623 I SDM     : HWCSession::ProcessRequests: No pending cwb requests found in the queue.
06-08 15:50:40.225  1245  1464 I SDM     : HWDeviceDRM::SetupConcurrentWriteback: Tear down the Concurrent Writeback topology
06-08 15:50:40.232  1245  8624 I SDM     : HWCSession::NotifyCWBStatus: Notify the client about buffer status 0.
06-08 15:50:40.234  1245  8624 I SDM     : HWCSession::PerformFenceWaits: Remove current release fence from the pending fence wait queue.
06-08 15:50:40.234  1245  8624 I SDM     : HWCSession::PerformFenceWaits: CWB fence queue is empty. No pending release fence to wait on.
06-08 15:50:40.504  1977  2997 D libsensor-displayalgo: the value of  brightness:410.000000,R:74709709.431923,G:74827476.333381,B:74765208.103312,EVENT_C:6734.500000,EVENT_R:2612.000000,EVENT_G:3391.000000,EVENT_B:1367.500000
06-08 15:50:40.504  1977  2997 I libsensor-displayalgo: the value of  Coef1:1107.681000,Coef4:2.383000, scale1:0.935522, scale4:0.923264
06-08 15:50:40.504  1977  2997 E libsensor-displayalgo: RGB_test_0407_400_oldzy!
06-08 15:50:40.505  1977  2997 I libsensor-displayalgo: the value of  RESULT2929.994090,1156.703560,1425.783064,531.329688
06-08 15:50:40.505  1977  2997 I libsensor-displayalgo: the value of  getChannelDataCalibrated3064.539389,1071.719307,1651.795276,576.998988
06-08 15:50:40.505  1977  2997 I libsensor-displayalgo: the value of  REAL LUX215.852066
06-08 15:50:40.505  1977  2997 I libsensor-displayalgo: the value of  CAL REAL LUX215.852066
06-08 15:50:40.596  1245  2285 I vendor.qti.hardware.display.composer-service: FrameNotifyProcess Sensor: notify citsensorservice to trigger cwb
06-08 15:50:40.596  1977  2106 I libcitsensorservice@2.0-impl: msg_transfer
06-08 15:50:40.596  1977  2987 D vendor.xiaomi.sensor.citsensorservice@2.0-service: handle id:8 wxh:1280x2400 uwxuh:1080x2400 size: 9216000 fd:15 fd_meta:16 flags:0x4000228 usage:0x33  format:0x3 layer_count: 1
06-08 15:50:40.596  1245  3014 I SDM     : HWCSession::SetCWBOutputBuffer: CWB config passed by cwb_client : tappoint 1  CWB_ROI : (829.000000 4.000000 915.000000 90.000000)
06-08 15:50:40.598  1245  8632 I SDM     : HWCSession::ProcessRequests: Successfully configured CWB buffer.
06-08 15:50:40.606  1245  8632 I SDM     : HWCSession::ProcessRequests: Pushing release fence in fenece wait queue.
06-08 15:50:40.606  1245  8632 I SDM     : HWCSession::ProcessRequests: Creating AsyncFenceWaits async thread.
06-08 15:50:40.606  1245  8632 I SDM     : HWCSession::ProcessRequests: Remove current CWB request from the pending request queue.
06-08 15:50:40.606  1245  8632 I SDM     : HWCSession::ProcessRequests: No pending cwb requests found in the queue.
06-08 15:50:40.612  1245  1464 I SDM     : HWDeviceDRM::SetupConcurrentWriteback: Tear down the Concurrent Writeback topology
06-08 15:50:40.619  1245  8633 I SDM     : HWCSession::NotifyCWBStatus: Notify the client about buffer status 0.
06-08 15:50:40.620  1245  8633 I SDM     : HWCSession::PerformFenceWaits: Remove current release fence from the pending fence wait queue.
06-08 15:50:40.620  1245  8633 I SDM     : HWCSession::PerformFenceWaits: CWB fence queue is empty. No pending release fence to wait on.
06-08 15:50:40.805  1977  2997 D libsensor-displayalgo: the value of  brightness:410.000000,R:74710384.584256,G:74828152.759173,B:74765882.434622,EVENT_C:6726.000000,EVENT_R:2607.500000,EVENT_G:3390.500000,EVENT_B:1368.000000
06-08 15:50:40.806  1977  2997 I libsensor-displayalgo: the value of  Coef1:1107.681000,Coef4:2.383000, scale1:0.935522, scale4:0.923264
06-08 15:50:40.806  1977  2997 E libsensor-displayalgo: RGB_test_0407_400_oldzy!
06-08 15:50:40.806  1977  2997 I libsensor-displayalgo: the value of  RESULT2930.012301,1156.710927,1425.791315,531.333147
06-08 15:50:40.806  1977  2997 I libsensor-displayalgo: the value of  getChannelDataCalibrated3064.558436,1071.726132,1651.804835,577.002745
06-08 15:50:40.806  1977  2997 I libsensor-displayalgo: the value of  REAL LUX215.357285
06-08 15:50:40.806  1977  2997 I libsensor-displayalgo: the value of  CAL REAL LUX215.357285
06-08 15:50:40.910  1245  2285 I vendor.qti.hardware.display.composer-service: FrameNotifyProcess Sensor: notify citsensorservice to trigger cwb
06-08 15:50:40.911  1977  2106 I libcitsensorservice@2.0-impl: msg_transfer
06-08 15:50:40.911  1977  2987 D vendor.xiaomi.sensor.citsensorservice@2.0-service: handle id:8 wxh:1280x2400 uwxuh:1080x2400 size: 9216000 fd:15 fd_meta:16 flags:0x4000228 usage:0x33  format:0x3 layer_count: 1
06-08 15:50:40.912  1245  3014 I SDM     : HWCSession::SetCWBOutputBuffer: CWB config passed by cwb_client : tappoint 1  CWB_ROI : (829.000000 4.000000 915.000000 90.000000)
06-08 15:50:40.914  1245  8637 I SDM     : HWCSession::ProcessRequests: Successfully configured CWB buffer.
06-08 15:50:40.920  1245  8637 I SDM     : HWCSession::ProcessRequests: Pushing release fence in fenece wait queue.
06-08 15:50:40.920  1245  8637 I SDM     : HWCSession::ProcessRequests: Creating AsyncFenceWaits async thread.
06-08 15:50:40.921  1245  8637 I SDM     : HWCSession::ProcessRequests: Remove current CWB request from the pending request queue.
06-08 15:50:40.921  1245  8637 I SDM     : HWCSession::ProcessRequests: No pending cwb requests found in the queue.
06-08 15:50:40.925  1245  1464 I SDM     : HWDeviceDRM::SetupConcurrentWriteback: Tear down the Concurrent Writeback topology
06-08 15:50:40.932  1245  8638 I SDM     : HWCSession::NotifyCWBStatus: Notify the client about buffer status 0.
06-08 15:50:40.932  1245  8638 I SDM     : HWCSession::PerformFenceWaits: Remove current release fence from the pending fence wait queue.
06-08 15:50:40.932  1245  8638 I SDM     : HWCSession::PerformFenceWaits: CWB fence queue is empty. No pending release fence to wait on.
06-08 15:50:41.105  1977  2997 D libsensor-displayalgo: the value of  brightness:410.000000,R:74710384.584256,G:74828152.759173,B:74765882.434622,EVENT_C:6718.000000,EVENT_R:2604.000000,EVENT_G:3381.500000,EVENT_B:1363.000000
06-08 15:50:41.105  1977  2997 I libsensor-displayalgo: the value of  Coef1:1107.681000,Coef4:2.383000, scale1:0.935522, scale4:0.923264
06-08 15:50:41.105  1977  2997 E libsensor-displayalgo: RGB_test_0407_400_oldzy!
06-08 15:50:41.105  1977  2997 I libsensor-displayalgo: the value of  RESULT2930.012301,1156.710927,1425.791315,531.333147
06-08 15:50:41.105  1977  2997 I libsensor-displayalgo: the value of  getChannelDataCalibrated3064.558436,1071.726132,1651.804835,577.002745
06-08 15:50:41.105  1977  2997 I libsensor-displayalgo: the value of  REAL LUX214.921295
06-08 15:50:41.105  1977  2997 I libsensor-displayalgo: the value of  CAL REAL LUX214.921295
06-08 15:50:41.215  1245  2285 I vendor.qti.hardware.display.composer-service: FrameNotifyProcess Sensor: notify citsensorservice to trigger cwb
06-08 15:50:41.216  1977  2106 I libcitsensorservice@2.0-impl: msg_transfer
06-08 15:50:41.216  1977  2987 D vendor.xiaomi.sensor.citsensorservice@2.0-service: handle id:8 wxh:1280x2400 uwxuh:1080x2400 size: 9216000 fd:15 fd_meta:16 flags:0x4000228 usage:0x33  format:0x3 layer_count: 1
06-08 15:50:41.217  1245  3014 I SDM     : HWCSession::SetCWBOutputBuffer: CWB config passed by cwb_client : tappoint 1  CWB_ROI : (829.000000 4.000000 915.000000 90.000000)
06-08 15:50:41.219  1245  8641 I SDM     : HWCSession::ProcessRequests: Successfully configured CWB buffer.
06-08 15:50:41.225  1245  8641 I SDM     : HWCSession::ProcessRequests: Pushing release fence in fenece wait queue.
06-08 15:50:41.225  1245  8641 I SDM     : HWCSession::ProcessRequests: Creating AsyncFenceWaits async thread.
06-08 15:50:41.226  1245  8641 I SDM     : HWCSession::ProcessRequests: Remove current CWB request from the pending request queue.
06-08 15:50:41.226  1245  8641 I SDM     : HWCSession::ProcessRequests: No pending cwb requests found in the queue.
06-08 15:50:41.229  1245  1464 I SDM     : HWDeviceDRM::SetupConcurrentWriteback: Tear down the Concurrent Writeback topology
06-08 15:50:41.236  1245  8642 I SDM     : HWCSession::NotifyCWBStatus: Notify the client about buffer status 0.
06-08 15:50:41.237  1245  8642 I SDM     : HWCSession::PerformFenceWaits: Remove current release fence from the pending fence wait queue.
06-08 15:50:41.237  1245  8642 I SDM     : HWCSession::PerformFenceWaits: CWB fence queue is empty. No pending release fence to wait on.
06-08 15:50:41.398 26341 26393 D MiuiFastConnectService: stopBleScan: scanning: true
06-08 15:50:41.400 26341 26393 D BluetoothAdapter: isLeEnabled(): ON
06-08 15:50:41.401  2403  2990 I BatteryService: current mPlugType2current mHealthInfo.batteryLevel94current mHealthInfo.batteryTemperature334
06-08 15:50:41.405  1977  2997 D libsensor-displayalgo: the value of  brightness:410.000000,R:74710384.584256,G:74828152.759173,B:74765882.434622,EVENT_C:6690.000000,EVENT_R:2597.500000,EVENT_G:3365.500000,EVENT_B:1356.500000
06-08 15:50:41.405  1977  2997 I libsensor-displayalgo: the value of  Coef1:1107.681000,Coef4:2.383000, scale1:0.935522, scale4:0.923264
06-08 15:50:41.405  1977  2997 E libsensor-displayalgo: RGB_test_0407_400_oldzy!
06-08 15:50:41.406  1977  2997 I libsensor-displayalgo: the value of  RESULT2930.012301,1156.710927,1425.791315,531.333147
06-08 15:50:41.406  1977  2997 I libsensor-displayalgo: the value of  getChannelDataCalibrated3064.558436,1071.726132,1651.804835,577.002745
06-08 15:50:41.406  1977  2997 I libsensor-displayalgo: the value of  REAL LUX212.990295
06-08 15:50:41.406  1977  2997 I libsensor-displayalgo: the value of  CAL REAL LUX212.990295
06-08 15:50:41.407 11442 11456 D BtGatt.GattService: stopScan() - queue size =1
06-08 15:50:41.411  5823  7760 D ThermalIECHandler: storeDataStyle: thermal_iec_monitor_persistence_data_style_iec_state; startIECTime: -1; IECScreenOffOverPeriodTime: 3035475955
06-08 15:50:41.413 11442 11572 I BtGatt.ScanManager: msg.what = 1, msg.arg1 = 0(mMiuiControllingType)
06-08 15:50:41.413 11442 11572 D BtGatt.ScanManager: track LE scan event: callerPackage = [com.xiaomi.bluetooth], scanMode = [0], reportDelayMillis = [0], behavior = [2], scannerId = [7], duration = [59936]
06-08 15:50:41.413  4056  4056 D QtiCarrierConfigHelper: WARNING, no carrier configs on phone Id: 1
06-08 15:50:41.413  5786  5786 I BatteryInfoReceiver: ACTION_BATTERY_CHANGED
06-08 15:50:41.414 11442 11455 D BtGatt.GattService: unregisterScanner() - scannerId=7
06-08 15:50:41.415  2403  2605 I android_os_HwBinder: HwBinder: Starting thread pool for getting: vendor.xiaomi.hardware.micharge@1.0::IMiCharge/default
06-08 15:50:41.415 11442 11572 D BtGatt.ScanManager: stop scan
06-08 15:50:41.415  1307  8169 E vendor.xiaomi.hardware.micharge@1.0-service: Failed to open node /sys/class/qcom-battery/reverse_chg_mode
06-08 15:50:41.415  1307  8169 I vendor.xiaomi.hardware.micharge@1.0-service: ReadFilePathValue path = /sys/class/qcom-battery/reverse_chg_mode value =
06-08 15:50:41.417  1167  1167 D vendor.qti.bluetooth@1.0-ibs_handler: SerialClockVote: vote for UART CLK ON
06-08 15:50:41.411  4125  4125 D DynamicService:  ACTION_BATTERY_CHANGED change,USB plug = 2
06-08 15:50:41.417  1167  1167 D vendor.qti.bluetooth@1.0-wake_lock: Acquire wakelock is acquired
06-08 15:50:41.417  1167  1167 I vendor.qti.bluetooth@1.0-ibs_handler: DeviceWakeUp: Writing IBS_WAKE_IND
06-08 15:50:41.418  5823  6819 D PowerKeeper.FrozenApp: onBatteryChanged plug=true mBatteryPlugged=2
06-08 15:50:41.418  5823  7357 D PowerCheckerService: onBatteryChanged, mBatteryLevel = 94, status = 2, level = 94, plug = 2, scale = 100
06-08 15:50:41.420  5823  7671 D PowerKeeper.Thermal: mBatteryTemperature: 33
06-08 15:50:41.421  5786  5786 I PowerNoticeUI: handleBatteryChanged oldPlugType 2 mPlugType 2 oldBatteryLevel 94 mBatteryLevel 94 temperature 334
06-08 15:50:41.421  4098  4098 V DeviceStatisticsService: chargerType=2 batteryLevel=94 totalBatteryCapacity=4114800
06-08 15:50:41.423  1604  1966 D IdProviderImpl: getOAID from com.miui.analytics
06-08 15:50:41.426  1167 11720 I vendor.qti.bluetooth@1.0-ibs_handler: ProcessIbsCmd: Received IBS_WAKE_ACK: 0xFC
06-08 15:50:41.427  1167 11720 I vendor.qti.bluetooth@1.0-ibs_handler: ProcessIbsCmd: Signal wack_cond_
06-08 15:50:41.427  1167  1167 D vendor.qti.bluetooth@1.0-ibs_handler: DeviceWakeUp: Unblocked from waiting for FC, pthread_cond_timedwait ret = 0
06-08 15:50:41.427  1167 11720 I vendor.qti.bluetooth@1.0-ibs_handler: ProcessIbsCmd: Received IBS_WAKE_IND: 0xFD
06-08 15:50:41.427  1167 11720 I vendor.qti.bluetooth@1.0-ibs_handler: ProcessIbsCmd: Writing IBS_WAKE_ACK
06-08 15:50:41.428  2403  2605 I android_os_HwBinder: HwBinder: Starting thread pool for getting: vendor.xiaomi.hardware.micharge@1.0::IMiCharge/default
06-08 15:50:41.429  1307  8169 I vendor.xiaomi.hardware.micharge@1.0-service: ReadFilePathValue path = /sys/class/qcom-battery/fastchg_mode value = 0
06-08 15:50:41.429  1604  1966 D IdProviderImpl: getOAID from com.miui.analytics
06-08 15:50:41.430 11442 11532 D BtGatt.GattService: onScanFilterParamsConfigured() - clientIf=7, status=0, action=1, availableSpace=59
06-08 15:50:41.430 11442 11532 D BtGatt.ScanManager: callback done for scannerId - 7 status - 0
06-08 15:50:41.430  5786  8361 I android_os_HwBinder: HwBinder: Starting thread pool for getting: vendor.xiaomi.hardware.micharge@1.0::IMiCharge/default
06-08 15:50:41.431  1307  8169 I vendor.xiaomi.hardware.micharge@1.0-service: ReadFilePathValue path = /sys/class/qcom-battery/night_charging value = 0
06-08 15:50:41.431  5786  8361 I ChargeProtectionUtils: getNightChargingState: 0
06-08 15:50:41.431 11442 11532 D BtGatt.GattService: onScanFilterParamsConfigured() - clientIf=7, status=0, action=1, availableSpace=60
06-08 15:50:41.431 11442 11532 D BtGatt.ScanManager: callback done for scannerId - 7 status - 0
06-08 15:50:41.433 11442 11532 D BtGatt.GattService: onScanFilterParamsConfigured() - clientIf=7, status=0, action=1, availableSpace=61
06-08 15:50:41.433 11442 11532 D BtGatt.ScanManager: callback done for scannerId - 7 status - 0
06-08 15:50:41.434 11442 11532 D BtGatt.GattService: onScanFilterParamsConfigured() - clientIf=7, status=0, action=1, availableSpace=62
06-08 15:50:41.434 11442 11532 D BtGatt.ScanManager: callback done for scannerId - 7 status - 0
06-08 15:50:41.435 11442 11532 D BtGatt.GattService: onScanFilterParamsConfigured() - clientIf=7, status=0, action=1, availableSpace=63
06-08 15:50:41.435 11442 11532 D BtGatt.ScanManager: callback done for scannerId - 7 status - 0
06-08 15:50:41.436 11442 11532 D BtGatt.GattService: onScanFilterParamsConfigured() - clientIf=7, status=0, action=1, availableSpace=64
06-08 15:50:41.436 11442 11532 D BtGatt.ScanManager: callback done for scannerId - 7 status - 0
06-08 15:50:41.436 11442 11572 D BtGatt.ScanManager: configureRegularScanParams() - queue=0
06-08 15:50:41.436 11442 11572 D BtGatt.ScanManager: configureRegularScanParams() - ScanSetting LE 1M Scan mode=-2147483648 ScanSetting LE Coded Scan mode=-2147483648 mLastConfiguredScanSettingLE1M=0 mLastConfiguredScanSettingLECoded=0 scanPhy=1
06-08 15:50:41.436 11442 11572 D BtGatt.ScanManager: configureRegularScanParams() - queue emtpy, scan stopped
06-08 15:50:41.436 11442 11572 D BtGatt.ScanManager: configureRegularScanParams() - queue emtpy, scan stopped
06-08 15:50:41.476  1167 11720 I vendor.qti.bluetooth@1.0-ibs_handler: ProcessIbsCmd: Received IBS_SLEEP_IND: 0xFE
06-08 15:50:41.477 26341 26393 D MiuiFastConnectService: handleMessage: MSG_START_BLE_SCAN mode: 0
06-08 15:50:41.477 26341 26393 D BluetoothAdapter: isLeEnabled(): ON
06-08 15:50:41.478 26341 26393 D BluetoothLeImp: isRoutingAllowedForScanStub
06-08 15:50:41.480 11442 11456 D BtGatt.GattService: registerScanner() - UUID=5b5fb3aa-1ef6-4901-8b5d-67f89f7cb2df
06-08 15:50:41.480 11442 11532 D BtGatt.GattService: onScannerRegistered() - UUID=5b5fb3aa-1ef6-4901-8b5d-67f89f7cb2df, scannerId=7, status=0
06-08 15:50:41.481 26341 26354 D BluetoothLeScanner: onScannerRegistered() - status=0 scannerId=7 mScannerId=0
06-08 15:50:41.486 11442 11456 D BtGatt.GattService: start scan with filters. callingPackage: com.xiaomi.bluetooth
06-08 15:50:41.487 11442 11456 D BtGatt.GattService: enforcePrivilegedPermissionIfNeeded([BluetoothLeScanFilter [mDeviceName=null, mDeviceAddress=null, mUuid=null, mUuidMask=null, mServiceSolicitationUuid=null, mServiceSolicitationUuidMask=null, mServiceDataUuid=null, mServiceData=null, mServiceDataMask=null, mManufacturerId=911, mManufacturerData=[], mManufacturerDataMask=null, mOrganizationId=-1, mTDSFlags=-1, mTDSFlagsMask=-1, mWifiNANHash=null], mGroupBasedFiltering=false, BluetoothLeScanFilter [mDeviceName=null, mDeviceAddress=null, mUuid=null, mUuidMask=null, mServiceSolicitationUuid=null, mServiceSolicitationUuidMask=null, mServiceDataUuid=null, mServiceData=null, mServiceDataMask=null, mManufacturerId=65535, mManufacturerData=[77], mManufacturerDataMask=null, mOrganizationId=-1, mTDSFlags=-1, mTDSFlagsMask=-1, mWifiNANHash=null], mGroupBasedFiltering=false, BluetoothLeScanFilter [mDeviceName=null, mDeviceAddress=null, mUuid=null, mUuidMask=null, mServiceSolicitationUuid=null, mServiceSolicitationUuidMask=null, mServiceDataUuid=0000fe95-0000-1000-8000-00805f9b34fb, mServiceData=[], mServiceDataMask=null, mManufacturerId=-1, mManufacturerData=null, mManufacturerDataMask=null, mOrganizationId=-1, mTDSFlags=-1, mTDSFlagsMask=-1, mWifiNANHash=null], mGroupBasedFiltering=false, BluetoothLeScanFilter [mDeviceName=null, mDeviceAddress=null, mUuid=null, mUuidMask=null, mServiceSolicitationUuid=null, mServiceSolicitationUuidMask=null, mServiceDataUuid=0000fdaa-0000-1000-8000-00805f9b34fb, mServiceData=[], mServiceDataMask=null, mManufacturerId=-1, mManufacturerData=null, mManufacturerDataMask=null, mOrganizationId=-1, mTDSFlags=-1, mTDSFlagsMask=-1, mWifiNANHash=null], mGroupBasedFiltering=false, BluetoothLeScanFilter [mDeviceName=null, mDeviceAddress=null, mUuid=null, mUuidMask=null, mServiceSolicitationUuid=null, mServiceSolicitationUuidMask=null, mServiceDataUuid=0000fdee-0000-1000-8000-00805f9b34fb, mServiceData=[1, 1, 1], mServiceDataMask=null, mManufacturerId=-1, mManufacturerData=null, mManufacturerDataMask=null, mOrganizationId=-1, mTDSFlags=-1, mTDSFlagsMask=-1, mWifiNANHash=null], mGroupBasedFiltering=false, BluetoothLeScanFilter [mDeviceName=null, mDeviceAddress=null, mUuid=null, mUuidMask=null, mServiceSolicitationUuid=null, mServiceSolicitationUuidMask=null, mServiceDataUuid=0000fd2d-0000-1000-8000-00805f9b34fb, mServiceData=[], mServiceDataMask=null, mManufacturerId=-1, mManufacturerData=null, mManufacturerDataMask=null, mOrganizationId=-1, mTDSFlags=-1, mTDSFlagsMask=-1, mWifiNANHash=null], mGroupBasedFiltering=false])
06-08 15:50:41.489 11442 11456 W BluetoothUtils: callingUid is Process.BLUETOOTH_UID
06-08 15:50:41.491 11442 11572 I BtGatt.ScanManager: msg.what = 9, msg.arg1 = 0(mMiuiControllingType)
06-08 15:50:41.491 11442 11572 I BtGatt.ScanManager: msg.what = 0, msg.arg1 = 0(mMiuiControllingType)
06-08 15:50:41.491 11442 11572 D BtGatt.ScanManager: handling starting scan
06-08 15:50:41.491 11442 11572 D BtGatt.ScanManager: isAptXLowLatencyModeEnabled: false
06-08 15:50:41.491 11442 11572 D BtGatt.ScanManager: track LE scan event: callerPackage = [com.xiaomi.bluetooth], scanMode = [0], reportDelayMillis = [0], behavior = [1], scannerId = [7], duration = [0]
06-08 15:50:41.493  1167 11720 I vendor.qti.bluetooth@1.0-ibs_handler: ProcessIbsCmd: Received IBS_WAKE_IND: 0xFD
06-08 15:50:41.493  1167 11720 I vendor.qti.bluetooth@1.0-ibs_handler: ProcessIbsCmd: Writing IBS_WAKE_ACK
06-08 15:50:41.496 11442 11532 D BtGatt.GattService: onScanFilterEnableDisabled() - clientIf=7, status=0, action=1
06-08 15:50:41.496 11442 11532 D BtGatt.ScanManager: callback done for scannerId - 7 status - 0
06-08 15:50:41.496 11442 11572 D BtGatt.ScanManager: configureScanFilters rssiThreshold: -60, 15
06-08 15:50:41.496 11442 11572 D BtGatt.ScanManager: Available Filter size: 61
06-08 15:50:41.497 11442 11532 D BtGatt.GattService: onScanFilterConfig() - clientIf=7, action = 0 status = 0, filterType=0, availableSpace=0
06-08 15:50:41.497 11442 11532 D BtGatt.ScanManager: callback done for scannerId - 7 status - 0
06-08 15:50:41.497 11442 11572 D BtGatt.ScanManager: configureFilterParamter 500 10000 1 0, deliveryMode=0
06-08 15:50:41.498  1604  1966 D IdProviderImpl: getOAID from com.miui.analytics
06-08 15:50:41.500 11442 11532 D BtGatt.GattService: onScanFilterParamsConfigured() - clientIf=7, status=0, action=0, availableSpace=63
06-08 15:50:41.500 11442 11532 D BtGatt.ScanManager: callback done for scannerId - 7 status - 0
06-08 15:50:41.501 11442 11532 D BtGatt.GattService: onScanFilterConfig() - clientIf=7, action = 0 status = 0, filterType=0, availableSpace=0
06-08 15:50:41.501 11442 11532 D BtGatt.ScanManager: callback done for scannerId - 7 status - 0
06-08 15:50:41.501 11442 11572 D BtGatt.ScanManager: configureFilterParamter 500 10000 1 0, deliveryMode=0
06-08 15:50:41.503 11442 11532 D BtGatt.GattService: onScanFilterParamsConfigured() - clientIf=7, status=0, action=0, availableSpace=62
06-08 15:50:41.503 11442 11532 D BtGatt.ScanManager: callback done for scannerId - 7 status - 0
06-08 15:50:41.504 11442 11532 D BtGatt.GattService: onScanFilterConfig() - clientIf=7, action = 0 status = 0, filterType=0, availableSpace=0
06-08 15:50:41.504 11442 11532 D BtGatt.ScanManager: callback done for scannerId - 7 status - 0
06-08 15:50:41.504 11442 11572 D BtGatt.ScanManager: configureFilterParamter 500 10000 1 0, deliveryMode=0
06-08 15:50:41.506 11442 11532 D BtGatt.GattService: onScanFilterParamsConfigured() - clientIf=7, status=0, action=0, availableSpace=61
06-08 15:50:41.506 11442 11532 D BtGatt.ScanManager: callback done for scannerId - 7 status - 0
06-08 15:50:41.507 11442 11532 D BtGatt.GattService: onScanFilterConfig() - clientIf=7, action = 0 status = 0, filterType=0, availableSpace=0
06-08 15:50:41.507 11442 11532 D BtGatt.ScanManager: callback done for scannerId - 7 status - 0
06-08 15:50:41.507 11442 11572 D BtGatt.ScanManager: configureFilterParamter 500 10000 1 0, deliveryMode=0
06-08 15:50:41.509 11442 11532 D BtGatt.GattService: onScanFilterParamsConfigured() - clientIf=7, status=0, action=0, availableSpace=60
06-08 15:50:41.509 11442 11532 D BtGatt.ScanManager: callback done for scannerId - 7 status - 0
06-08 15:50:41.509 11442 11532 D BtGatt.GattService: onScanFilterConfig() - clientIf=7, action = 0 status = 0, filterType=0, availableSpace=0
06-08 15:50:41.509 11442 11532 D BtGatt.ScanManager: callback done for scannerId - 7 status - 0
06-08 15:50:41.509 11442 11572 D BtGatt.ScanManager: configureFilterParamter 500 10000 1 0, deliveryMode=0
06-08 15:50:41.512 11442 11532 D BtGatt.GattService: onScanFilterParamsConfigured() - clientIf=7, status=0, action=0, availableSpace=59
06-08 15:50:41.512 11442 11532 D BtGatt.ScanManager: callback done for scannerId - 7 status - 0
06-08 15:50:41.512 11442 11532 D BtGatt.GattService: onScanFilterConfig() - clientIf=7, action = 0 status = 0, filterType=0, availableSpace=0
06-08 15:50:41.512 11442 11532 D BtGatt.ScanManager: callback done for scannerId - 7 status - 0
06-08 15:50:41.512 11442 11572 D BtGatt.ScanManager: configureFilterParamter 500 10000 1 0, deliveryMode=0
06-08 15:50:41.514 11442 11532 D BtGatt.GattService: onScanFilterParamsConfigured() - clientIf=7, status=0, action=0, availableSpace=58
06-08 15:50:41.514 11442 11532 D BtGatt.ScanManager: callback done for scannerId - 7 status - 0
06-08 15:50:41.514 11442 11572 D BtGatt.ScanManager: configureRegularScanParams() - queue=1
06-08 15:50:41.514 11442 11572 D BtGatt.ScanManager: configureRegularScanParams() - ScanSetting LE 1M Scan mode=0 ScanSetting LE Coded Scan mode=0 mLastConfiguredScanSettingLE1M=-2147483648 mLastConfiguredScanSettingLECoded=-2147483648 scanPhy=255
06-08 15:50:41.515 11442 11572 W BtGatt.ScanManager: trackLeScan() - mLastStartTime = 0
06-08 15:50:41.515 11442 11572 D BtGatt.ScanManager: configureRegularScanParams - scanInterval LE 1M = 660 configureRegularScanParams - scanWindow LE 1M= 66 configureRegularScanParams - scanInterval LE Coded= 660 configureRegularScanParams - scanWindow LE Coded= 66
06-08 15:50:41.516 11442 11532 D BtGatt.GattService: onScanParamSetupCompleted : 0
06-08 15:50:41.532  8486  8495 I issevan:channe: This is non sticky GC, maxfree is 8388608 minfree is 2097152
06-08 15:50:41.561  1167 11720 I vendor.qti.bluetooth@1.0-ibs_handler: ProcessIbsCmd: Received IBS_SLEEP_IND: 0xFE
06-08 15:50:41.609  1245  2285 I vendor.qti.hardware.display.composer-service: FrameNotifyProcess Sensor: notify citsensorservice to trigger cwb
06-08 15:50:41.610  1977  1977 I libcitsensorservice@2.0-impl: msg_transfer
06-08 15:50:41.613  1977  2987 D vendor.xiaomi.sensor.citsensorservice@2.0-service: handle id:8 wxh:1280x2400 uwxuh:1080x2400 size: 9216000 fd:15 fd_meta:16 flags:0x4000228 usage:0x33  format:0x3 layer_count: 1
06-08 15:50:41.613  1245  3014 I SDM     : HWCSession::SetCWBOutputBuffer: CWB config passed by cwb_client : tappoint 1  CWB_ROI : (829.000000 4.000000 915.000000 90.000000)
06-08 15:50:41.615  1245  8648 I SDM     : HWCSession::ProcessRequests: Successfully configured CWB buffer.
06-08 15:50:41.626  1245  8648 I SDM     : HWCSession::ProcessRequests: Pushing release fence in fenece wait queue.
06-08 15:50:41.626  1245  8648 I SDM     : HWCSession::ProcessRequests: Creating AsyncFenceWaits async thread.
06-08 15:50:41.626  1245  8648 I SDM     : HWCSession::ProcessRequests: Remove current CWB request from the pending request queue.
06-08 15:50:41.626  1245  8648 I SDM     : HWCSession::ProcessRequests: No pending cwb requests found in the queue.
06-08 15:50:41.633  1245  1464 I SDM     : HWDeviceDRM::SetupConcurrentWriteback: Tear down the Concurrent Writeback topology
06-08 15:50:41.639  1245  8649 I SDM     : HWCSession::NotifyCWBStatus: Notify the client about buffer status 0.
06-08 15:50:41.640  1245  8649 I SDM     : HWCSession::PerformFenceWaits: Remove current release fence from the pending fence wait queue.
06-08 15:50:41.640  1245  8649 I SDM     : HWCSession::PerformFenceWaits: CWB fence queue is empty. No pending release fence to wait on.
06-08 15:50:41.805  1977  2997 D libsensor-displayalgo: the value of  brightness:410.000000,R:74710384.584256,G:74828152.759173,B:74765882.434622,EVENT_C:6726.000000,EVENT_R:2610.500000,EVENT_G:3385.000000,EVENT_B:1365.000000
06-08 15:50:41.806  1977  2997 I libsensor-displayalgo: the value of  Coef1:1107.681000,Coef4:2.383000, scale1:0.935522, scale4:0.923264
06-08 15:50:41.806  1977  2997 E libsensor-displayalgo: RGB_test_0407_400_oldzy!
06-08 15:50:41.806  1977  2997 I libsensor-displayalgo: the value of  RESULT2930.012301,1156.710927,1425.791315,531.333147
06-08 15:50:41.807  1977  2997 I libsensor-displayalgo: the value of  getChannelDataCalibrated3064.558436,1071.726132,1651.804835,577.002745
06-08 15:50:41.807  1977  2997 I libsensor-displayalgo: the value of  REAL LUX215.237640
06-08 15:50:41.807  1977  2997 I libsensor-displayalgo: the value of  CAL REAL LUX215.237640
06-08 15:50:41.913  1245  2285 I vendor.qti.hardware.display.composer-service: FrameNotifyProcess Sensor: notify citsensorservice to trigger cwb
06-08 15:50:41.913  1977  3798 I libcitsensorservice@2.0-impl: msg_transfer
06-08 15:50:41.914  1977  2987 D vendor.xiaomi.sensor.citsensorservice@2.0-service: handle id:8 wxh:1280x2400 uwxuh:1080x2400 size: 9216000 fd:15 fd_meta:16 flags:0x4000228 usage:0x33  format:0x3 layer_count: 1
06-08 15:50:41.915  1245  3014 I SDM     : HWCSession::SetCWBOutputBuffer: CWB config passed by cwb_client : tappoint 1  CWB_ROI : (829.000000 4.000000 915.000000 90.000000)
06-08 15:50:41.916  1245  8652 I SDM     : HWCSession::ProcessRequests: Successfully configured CWB buffer.
06-08 15:50:41.916  7486  7536 I appium  : channel read: POST /wd/hub/session/53fa79a2-a6aa-4624-b900-de5b91b7ec4d/actions
06-08 15:50:41.919  7486  7536 I appium  : W3CActions command
06-08 15:50:41.922  1245  8652 I SDM     : HWCSession::ProcessRequests: Pushing release fence in fenece wait queue.
06-08 15:50:41.924  1245  8652 I SDM     : HWCSession::ProcessRequests: Creating AsyncFenceWaits async thread.
06-08 15:50:41.924  1245  8652 I SDM     : HWCSession::ProcessRequests: Remove current CWB request from the pending request queue.
06-08 15:50:41.924  1245  8652 I SDM     : HWCSession::ProcessRequests: No pending cwb requests found in the queue.
06-08 15:50:41.928  1245  1464 I SDM     : HWDeviceDRM::SetupConcurrentWriteback: Tear down the Concurrent Writeback topology
06-08 15:50:41.936  1245  8653 I SDM     : HWCSession::NotifyCWBStatus: Notify the client about buffer status 0.
06-08 15:50:41.936  1245  8653 I SDM     : HWCSession::PerformFenceWaits: Remove current release fence from the pending fence wait queue.
06-08 15:50:41.936  1245  8653 I SDM     : HWCSession::PerformFenceWaits: CWB fence queue is empty. No pending release fence to wait on.
06-08 15:50:42.106  1977  2997 D libsensor-displayalgo: the value of  brightness:410.000000,R:74710384.584256,G:74828152.759173,B:74765882.434622,EVENT_C:6757.500000,EVENT_R:2619.500000,EVENT_G:3403.000000,EVENT_B:1374.500000
06-08 15:50:42.106  1977  2997 I libsensor-displayalgo: the value of  Coef1:1107.681000,Coef4:2.383000, scale1:0.935522, scale4:0.923264
06-08 15:50:42.107  1977  2997 E libsensor-displayalgo: RGB_test_0407_400_oldzy!
06-08 15:50:42.107  1977  2997 I libsensor-displayalgo: the value of  RESULT2930.012301,1156.710927,1425.791315,531.333147
06-08 15:50:42.107  1977  2997 I libsensor-displayalgo: the value of  getChannelDataCalibrated3064.558436,1071.726132,1651.804835,577.002745
06-08 15:50:42.108  1977  2997 I libsensor-displayalgo: the value of  REAL LUX217.168671
06-08 15:50:42.108  1977  2997 I libsensor-displayalgo: the value of  CAL REAL LUX217.168671
06-08 15:50:42.216  2403  5692 D MIUIInput: Input event injection from pid 7461, MotionEvent: DOWN
06-08 15:50:42.218  2403  2910 D MIUIInput: [MotionEvent] publisher action=0x4, 2068865649, channel '9ede85b NavigationBar0 (server)'
06-08 15:50:42.218  2403  2910 D MIUIInput: [MotionEvent] publisher action=0x0, 2068865649, channel 'b26adee cn.missevan/cn.missevan.activity.MainActivity (server)'
06-08 15:50:42.219  1379  2271 D RefreshRateConfigs: TouchBoost - choose 120.00fps
06-08 15:50:42.220  1245  2285 I vendor.qti.hardware.display.composer-service: FrameNotifyProcess Sensor: notify citsensorservice to trigger cwb
06-08 15:50:42.220  1977  3798 I libcitsensorservice@2.0-impl: msg_transfer
06-08 15:50:42.221  7612  7612 D MIUIInput: [MotionEvent] ViewRootImpl windowName 'cn.missevan/cn.missevan.activity.MainActivity', { action=ACTION_DOWN, id[0]=0, pointerCount=1, eventTime=2068865649, downTime=2068865647, phoneEventTime=15:50:42.193 } moveCount:0
06-08 15:50:42.227  1977  2987 D vendor.xiaomi.sensor.citsensorservice@2.0-service: handle id:8 wxh:1280x2400 uwxuh:1080x2400 size: 9216000 fd:15 fd_meta:16 flags:0x4000228 usage:0x33  format:0x3 layer_count: 1
06-08 15:50:42.228  1245  3014 I SDM     : HWCSession::SetCWBOutputBuffer: CWB config passed by cwb_client : tappoint 1  CWB_ROI : (829.000000 4.000000 915.000000 90.000000)
06-08 15:50:42.228  1245  8656 I SDM     : HWCSession::ProcessRequests: Successfully configured CWB buffer.
06-08 15:50:42.229  7486  7536 I appium  : [2068865649 (success)] Synthesized: MotionEvent { action=ACTION_DOWN, actionButton=0, id[0]=0, x[0]=945.0, y[0]=1759.0, toolType[0]=TOOL_TYPE_FINGER, buttonState=0, classification=NONE, metaState=0, flags=0x0, edgeFlags=0x0, pointerCount=1, historySize=0, eventTime=2068865649, downTime=2068865647, deviceId=0, source=0x1002, displayId=0, eventId=-26745877 }
06-08 15:50:42.230  7486  7536 I appium  : The event has been delayed for 37ms
06-08 15:50:42.234  1245  8656 I SDM     : HWCSession::ProcessRequests: Pushing release fence in fenece wait queue.
06-08 15:50:42.235  1245  8656 I SDM     : HWCSession::ProcessRequests: Creating AsyncFenceWaits async thread.
06-08 15:50:42.235  1245  8656 I SDM     : HWCSession::ProcessRequests: Remove current CWB request from the pending request queue.
06-08 15:50:42.235  1245  8656 I SDM     : HWCSession::ProcessRequests: No pending cwb requests found in the queue.
06-08 15:50:42.241  1245  1464 I SDM     : HWDeviceDRM::SetupConcurrentWriteback: Tear down the Concurrent Writeback topology
06-08 15:50:42.248  1245  8657 I SDM     : HWCSession::NotifyCWBStatus: Notify the client about buffer status 0.
06-08 15:50:42.249  1245  8657 I SDM     : HWCSession::PerformFenceWaits: Remove current release fence from the pending fence wait queue.
06-08 15:50:42.249  1245  8657 I SDM     : HWCSession::PerformFenceWaits: CWB fence queue is empty. No pending release fence to wait on.
06-08 15:50:42.404  1977  2997 D libsensor-displayalgo: the value of  brightness:410.000000,R:74710384.584256,G:74828152.759173,B:74765882.434622,EVENT_C:6748.000000,EVENT_R:2617.500000,EVENT_G:3398.000000,EVENT_B:1372.000000
06-08 15:50:42.405  1977  2997 I libsensor-displayalgo: the value of  Coef1:1107.681000,Coef4:2.383000, scale1:0.935522, scale4:0.923264
06-08 15:50:42.405  1977  2997 E libsensor-displayalgo: RGB_test_0407_400_oldzy!
06-08 15:50:42.405  1977  2997 I libsensor-displayalgo: the value of  RESULT2930.012301,1156.710927,1425.791315,531.333147
06-08 15:50:42.405  1977  2997 I libsensor-displayalgo: the value of  getChannelDataCalibrated3064.558436,1071.726132,1651.804835,577.002745
06-08 15:50:42.405  1977  2997 I libsensor-displayalgo: the value of  REAL LUX216.549225
06-08 15:50:42.405  1977  2997 I libsensor-displayalgo: the value of  CAL REAL LUX216.549225
06-08 15:50:42.520  1167 11736 I vendor.qti.bluetooth@1.0-ibs_handler: DeviceSleep: TX Awake, Sending SLEEP_IND
06-08 15:50:42.520  1167 11736 D vendor.qti.bluetooth@1.0-ibs_handler: SerialClockVote: vote for UART CLK OFF
06-08 15:50:42.621  1245  2285 I vendor.qti.hardware.display.composer-service: FrameNotifyProcess Sensor: notify citsensorservice to trigger cwb
06-08 15:50:42.622  1977  1977 I libcitsensorservice@2.0-impl: msg_transfer
06-08 15:50:42.622  1977  2987 D vendor.xiaomi.sensor.citsensorservice@2.0-service: handle id:8 wxh:1280x2400 uwxuh:1080x2400 size: 9216000 fd:15 fd_meta:16 flags:0x4000228 usage:0x33  format:0x3 layer_count: 1
06-08 15:50:42.623  1245  3014 I SDM     : HWCSession::SetCWBOutputBuffer: CWB config passed by cwb_client : tappoint 1  CWB_ROI : (829.000000 4.000000 915.000000 90.000000)
06-08 15:50:42.626  1245  8661 I SDM     : HWCSession::ProcessRequests: Successfully configured CWB buffer.
06-08 15:50:42.638  1245  8661 I SDM     : HWCSession::ProcessRequests: Pushing release fence in fenece wait queue.
06-08 15:50:42.639  1245  8661 I SDM     : HWCSession::ProcessRequests: Creating AsyncFenceWaits async thread.
06-08 15:50:42.640  1245  8661 I SDM     : HWCSession::ProcessRequests: Remove current CWB request from the pending request queue.
06-08 15:50:42.640  1245  8661 I SDM     : HWCSession::ProcessRequests: No pending cwb requests found in the queue.
06-08 15:50:42.645  1245  1464 I SDM     : HWDeviceDRM::SetupConcurrentWriteback: Tear down the Concurrent Writeback topology
06-08 15:50:42.652  1245  8662 I SDM     : HWCSession::NotifyCWBStatus: Notify the client about buffer status 0.
06-08 15:50:42.652  1245  8662 I SDM     : HWCSession::PerformFenceWaits: Remove current release fence from the pending fence wait queue.
06-08 15:50:42.652  1245  8662 I SDM     : HWCSession::PerformFenceWaits: CWB fence queue is empty. No pending release fence to wait on.
06-08 15:50:42.671  1167 11579 D vendor.qti.bluetooth@1.0-wake_lock: Release wakelock is released
06-08 15:50:42.706  1977  2997 D libsensor-displayalgo: the value of  brightness:410.000000,R:74710384.584256,G:74828152.759173,B:74765882.434622,EVENT_C:6721.500000,EVENT_R:2613.500000,EVENT_G:3382.000000,EVENT_B:1365.000000
06-08 15:50:42.706  1977  2997 I libsensor-displayalgo: the value of  Coef1:1107.681000,Coef4:2.383000, scale1:0.935522, scale4:0.923264
06-08 15:50:42.706  1977  2997 E libsensor-displayalgo: RGB_test_0407_400_oldzy!
06-08 15:50:42.706  1977  2997 I libsensor-displayalgo: the value of  RESULT2930.012301,1156.710927,1425.791315,531.333147
06-08 15:50:42.706  1977  2997 I libsensor-displayalgo: the value of  getChannelDataCalibrated3064.558436,1071.726132,1651.804835,577.002745
06-08 15:50:42.706  1977  2997 I libsensor-displayalgo: the value of  REAL LUX214.670425
06-08 15:50:42.706  1977  2997 I libsensor-displayalgo: the value of  CAL REAL LUX214.670425
06-08 15:50:43.005  1977  2997 D libsensor-displayalgo: the value of  brightness:410.000000,R:74710384.584256,G:74828152.759173,B:74765882.434622,EVENT_C:6721.500000,EVENT_R:2613.500000,EVENT_G:3382.000000,EVENT_B:1365.000000
06-08 15:50:43.005  1977  2997 I libsensor-displayalgo: the value of  Coef1:1107.681000,Coef4:2.383000, scale1:0.935522, scale4:0.923264
06-08 15:50:43.005  1977  2997 E libsensor-displayalgo: RGB_test_0407_400_oldzy!
06-08 15:50:43.006  1977  2997 I libsensor-displayalgo: the value of  RESULT2930.012301,1156.710927,1425.791315,531.333147
06-08 15:50:43.006  1977  2997 I libsensor-displayalgo: the value of  getChannelDataCalibrated3064.558436,1071.726132,1651.804835,577.002745
06-08 15:50:43.006  1977  2997 I libsensor-displayalgo: the value of  REAL LUX214.670425
06-08 15:50:43.006  1977  2997 I libsensor-displayalgo: the value of  CAL REAL LUX214.670425
06-08 15:50:43.024  1245  2285 I vendor.qti.hardware.display.composer-service: FrameNotifyProcess Sensor: notify citsensorservice to trigger cwb
06-08 15:50:43.025  1977  1977 I libcitsensorservice@2.0-impl: msg_transfer
06-08 15:50:43.026  1977  2987 D vendor.xiaomi.sensor.citsensorservice@2.0-service: handle id:8 wxh:1280x2400 uwxuh:1080x2400 size: 9216000 fd:15 fd_meta:16 flags:0x4000228 usage:0x33  format:0x3 layer_count: 1
06-08 15:50:43.026  1245  3014 I SDM     : HWCSession::SetCWBOutputBuffer: CWB config passed by cwb_client : tappoint 1  CWB_ROI : (829.000000 4.000000 915.000000 90.000000)
06-08 15:50:43.029  1245  8667 I SDM     : HWCSession::ProcessRequests: Successfully configured CWB buffer.
06-08 15:50:43.041  1245  8667 I SDM     : HWCSession::ProcessRequests: Pushing release fence in fenece wait queue.
06-08 15:50:43.042  1245  8667 I SDM     : HWCSession::ProcessRequests: Creating AsyncFenceWaits async thread.
06-08 15:50:43.042  1245  8667 I SDM     : HWCSession::ProcessRequests: Remove current CWB request from the pending request queue.
06-08 15:50:43.042  1245  8667 I SDM     : HWCSession::ProcessRequests: No pending cwb requests found in the queue.
06-08 15:50:43.048  1245  1464 I SDM     : HWDeviceDRM::SetupConcurrentWriteback: Tear down the Concurrent Writeback topology
06-08 15:50:43.055  1245  8668 I SDM     : HWCSession::NotifyCWBStatus: Notify the client about buffer status 0.
06-08 15:50:43.055  1245  8668 I SDM     : HWCSession::PerformFenceWaits: Remove current release fence from the pending fence wait queue.
06-08 15:50:43.055  1245  8668 I SDM     : HWCSession::PerformFenceWaits: CWB fence queue is empty. No pending release fence to wait on.
06-08 15:50:43.204  7486  7536 I appium  : [2068866648 (success)] Synthesized: MotionEvent { action=ACTION_MOVE, actionButton=0, id[0]=0, x[0]=945.0, y[0]=1759.0, toolType[0]=TOOL_TYPE_FINGER, buttonState=0, classification=NONE, metaState=0, flags=0x0, edgeFlags=0x0, pointerCount=1, historySize=0, eventTime=2068866648, downTime=2068865647, deviceId=0, source=0x1002, displayId=0, eventId=-795288648 }
06-08 15:50:43.228  7486  7536 I appium  : [2068866669 (success)] Synthesized: MotionEvent { action=ACTION_MOVE, actionButton=0, id[0]=0, x[0]=820.38464, y[0]=1759.0, toolType[0]=TOOL_TYPE_FINGER, buttonState=0, classification=NONE, metaState=0, flags=0x0, edgeFlags=0x0, pointerCount=1, historySize=0, eventTime=2068866669, downTime=2068865647, deviceId=0, source=0x1002, displayId=0, eventId=-744344145 }
06-08 15:50:43.242  7486  7536 I appium  : [2068866688 (success)] Synthesized: MotionEvent { action=ACTION_MOVE, actionButton=0, id[0]=0, x[0]=758.0769, y[0]=1759.0, toolType[0]=TOOL_TYPE_FINGER, buttonState=0, classification=NONE, metaState=0, flags=0x0, edgeFlags=0x0, pointerCount=1, historySize=0, eventTime=2068866688, downTime=2068865647, deviceId=0, source=0x1002, displayId=0, eventId=-1028777621 }
06-08 15:50:43.268  7486  7536 I appium  : [2068866709 (success)] Synthesized: MotionEvent { action=ACTION_MOVE, actionButton=0, id[0]=0, x[0]=695.7692, y[0]=1759.0, toolType[0]=TOOL_TYPE_FINGER, buttonState=0, classification=NONE, metaState=0, flags=0x0, edgeFlags=0x0, pointerCount=1, historySize=0, eventTime=2068866709, downTime=2068865647, deviceId=0, source=0x1002, displayId=0, eventId=-255676172 }
06-08 15:50:43.284  7486  7536 I appium  : [2068866729 (success)] Synthesized: MotionEvent { action=ACTION_MOVE, actionButton=0, id[0]=0, x[0]=633.46155, y[0]=1759.0, toolType[0]=TOOL_TYPE_FINGER, buttonState=0, classification=NONE, metaState=0, flags=0x0, edgeFlags=0x0, pointerCount=1, historySize=0, eventTime=2068866729, downTime=2068865647, deviceId=0, source=0x1002, displayId=0, eventId=-1015854482 }
06-08 15:50:43.310  7486  7536 I appium  : [2068866749 (success)] Synthesized: MotionEvent { action=ACTION_MOVE, actionButton=0, id[0]=0, x[0]=571.1538, y[0]=1759.0, toolType[0]=TOOL_TYPE_FINGER, buttonState=0, classification=NONE, metaState=0, flags=0x0, edgeFlags=0x0, pointerCount=1, historySize=0, eventTime=2068866749, downTime=2068865647, deviceId=0, source=0x1002, displayId=0, eventId=-632323970 }
06-08 15:50:43.326  7486  7536 I appium  : [2068866768 (success)] Synthesized: MotionEvent { action=ACTION_MOVE, actionButton=0, id[0]=0, x[0]=508.84613, y[0]=1759.0, toolType[0]=TOOL_TYPE_FINGER, buttonState=0, classification=NONE, metaState=0, flags=0x0, edgeFlags=0x0, pointerCount=1, historySize=0, eventTime=2068866768, downTime=2068865647, deviceId=0, source=0x1002, displayId=0, eventId=-348494722 }
06-08 15:50:43.341  7486  7536 I appium  : [2068866788 (success)] Synthesized: MotionEvent { action=ACTION_MOVE, actionButton=0, id[0]=0, x[0]=446.53845, y[0]=1759.0, toolType[0]=TOOL_TYPE_FINGER, buttonState=0, classification=NONE, metaState=0, flags=0x0, edgeFlags=0x0, pointerCount=1, historySize=0, eventTime=2068866788, downTime=2068865647, deviceId=0, source=0x1002, displayId=0, eventId=-1072332167 }
06-08 15:50:43.368  7486  7536 I appium  : [2068866808 (success)] Synthesized: MotionEvent { action=ACTION_MOVE, actionButton=0, id[0]=0, x[0]=384.23077, y[0]=1759.0, toolType[0]=TOOL_TYPE_FINGER, buttonState=0, classification=NONE, metaState=0, flags=0x0, edgeFlags=0x0, pointerCount=1, historySize=0, eventTime=2068866808, downTime=2068865647, deviceId=0, source=0x1002, displayId=0, eventId=-298657388 }
06-08 15:50:43.382  7486  7536 I appium  : [2068866829 (success)] Synthesized: MotionEvent { action=ACTION_MOVE, actionButton=0, id[0]=0, x[0]=321.9231, y[0]=1759.0, toolType[0]=TOOL_TYPE_FINGER, buttonState=0, classification=NONE, metaState=0, flags=0x0, edgeFlags=0x0, pointerCount=1, historySize=0, eventTime=2068866829, downTime=2068865647, deviceId=0, source=0x1002, displayId=0, eventId=-877718799 }
06-08 15:50:43.406  1977  2997 D libsensor-displayalgo: the value of  brightness:410.000000,R:74710384.584256,G:74828152.759173,B:74765882.434622,EVENT_C:6736.000000,EVENT_R:2613.500000,EVENT_G:3390.000000,EVENT_B:1369.000000
06-08 15:50:43.406  1977  2997 I libsensor-displayalgo: the value of  Coef1:1107.681000,Coef4:2.383000, scale1:0.935522, scale4:0.923264
06-08 15:50:43.406  1977  2997 E libsensor-displayalgo: RGB_test_0407_400_oldzy!
06-08 15:50:43.407  1977  2997 I libsensor-displayalgo: the value of  RESULT2930.012301,1156.710927,1425.791315,531.333147
06-08 15:50:43.407  1977  2997 I libsensor-displayalgo: the value of  getChannelDataCalibrated3064.558436,1071.726132,1651.804835,577.002745
06-08 15:50:43.407  1977  2997 I libsensor-displayalgo: the value of  REAL LUX215.732819
06-08 15:50:43.407  1977  2997 I libsensor-displayalgo: the value of  CAL REAL LUX215.732819
06-08 15:50:43.413  7486  7536 I appium  : [2068866848 (success)] Synthesized: MotionEvent { action=ACTION_MOVE, actionButton=0, id[0]=0, x[0]=259.61536, y[0]=1759.0, toolType[0]=TOOL_TYPE_FINGER, buttonState=0, classification=NONE, metaState=0, flags=0x0, edgeFlags=0x0, pointerCount=1, historySize=0, eventTime=2068866848, downTime=2068865647, deviceId=0, source=0x1002, displayId=0, eventId=-662807872 }
06-08 15:50:43.417  7486  7536 I appium  : The event has been delayed for 22ms
06-08 15:50:43.421  1245  2285 I vendor.qti.hardware.display.composer-service: FrameNotifyProcess Sensor: notify citsensorservice to trigger cwb
06-08 15:50:43.421  1977  2106 I libcitsensorservice@2.0-impl: msg_transfer
06-08 15:50:43.422  1977  2987 D vendor.xiaomi.sensor.citsensorservice@2.0-service: handle id:8 wxh:1280x2400 uwxuh:1080x2400 size: 9216000 fd:15 fd_meta:16 flags:0x4000228 usage:0x33  format:0x3 layer_count: 1
06-08 15:50:43.422  1245  3014 I SDM     : HWCSession::SetCWBOutputBuffer: CWB config passed by cwb_client : tappoint 1  CWB_ROI : (829.000000 4.000000 915.000000 90.000000)
06-08 15:50:43.423  1245  8673 I SDM     : HWCSession::ProcessRequests: Successfully configured CWB buffer.
