06-21 18:14:44.411  1647 20059 D HwGameAssistantController: isGameForeground? false
06-21 18:14:44.412  1647  1714 I WindowManager: notifyInsetsControlChanged for:Window{f2c3a00 u0 cn.missevan/cn.missevan.activity.MainActivity}
06-21 18:14:44.412  1647  1714 I WindowManager: notifyInsetsControlChanged for:Window{a3e008 u0 cn.missevan/cn.missevan.activity.MainActivity EXITING}
06-21 18:14:44.424  1647  3907 I HwOcrImeController: updateMultiWindow topActivity = ComponentInfo{cn.missevan/cn.missevan.activity.MainActivity} windowMode = 1 mIsInMultiScreen = false
06-21 18:14:44.424  1647  3907 I HwOcrImeController: updateUser userId = 0 mIsOwnerUser = true
06-21 18:14:44.424  1647  3907 I HwOcrImeController: setOcrImeSupportProp mIsOcrImeValid = true mIsHardKeyboardAvailable = false mIsInMultiScreen = false mIsOwnerUser = true
06-21 18:14:44.424  1647  3907 I HwOcrImeController: setOcrImeSupportProp mIsOcrImeValid = true mIsHardKeyboardAvailable = false mIsInMultiScreen = false mIsOwnerUser = true
06-21 18:14:44.424  1647  3907 I HwInputMethodManagerService: removeImeSurfaceFromWindow windowToken = android.os.BinderProxy@c288883
06-21 18:14:44.424  1647  3907 I HwInputMethodManagerService: removeImeSurfaceFromWindow mCurrentWindowToken = android.os.BinderProxy@c288883
06-21 18:14:44.424  1647  3907 I HwInputMethodManagerService: removeImeSurfaceFromWindow
06-21 18:14:44.506  1647  1714 I WindowManager: Exit animation finished in Window{a3e008 u0 cn.missevan/cn.missevan.activity.MainActivity EXITING}: remove=true
06-21 18:14:44.507  1647  1714 I WindowManager: postWindowRemoveCleanupLocked: Window{a3e008 u0 cn.missevan/cn.missevan.activity.MainActivity}
06-21 18:14:44.507  1647  1714 I WindowManager: Removing Window{a3e008 u0 cn.missevan/cn.missevan.activity.MainActivity} from ActivityRecord{6f0769c u0 cn.missevan/.activity.MainActivity t93}
06-21 18:14:44.826  2632  3846 I HwCommBoosterService: reportBoosterPara enter
06-21 18:14:44.826  2632  3846 I HwCommBoosterManager: reportBoosterPara enter
06-21 18:14:44.826  2632  3846 I HwCommBoosterManager: pluginId: 8
06-21 18:14:44.827  2632  2998 I HwCommBoosterManager: handleBoosterMessageSendModuleDataToPlugin enter
06-21 18:14:45.234  2632  2998 E BoosterUtil: convertSubIdToSlotId failed, subId:1, slotId:-1
06-21 18:14:45.234  2632  2998 E BoosterUtil: getDefaultDataSlotId failed, invalid slotId:-1, subId:1
06-21 18:14:45.830  2632  3846 I HwCommBoosterService: reportBoosterPara enter
06-21 18:14:45.830  2632  3846 I HwCommBoosterManager: reportBoosterPara enter
06-21 18:14:45.830  2632  3846 I HwCommBoosterManager: pluginId: 8
06-21 18:14:45.831  2632  2998 I HwCommBoosterManager: handleBoosterMessageSendModuleDataToPlugin enter
06-21 18:14:46.177  2632  2998 I TrafficStatisticsBoosterPlugin: handleMessage, msg = 2
06-21 18:14:46.257  2632  2998 E BoosterUtil: convertSubIdToSlotId failed, subId:1, slotId:-1
06-21 18:14:46.257  2632  2998 E BoosterUtil: getDefaultDataSlotId failed, invalid slotId:-1, subId:1
06-21 18:14:46.832  2632  3846 I HwCommBoosterService: reportBoosterPara enter
06-21 18:14:46.832  2632  3846 I HwCommBoosterManager: reportBoosterPara enter
06-21 18:14:46.832  2632  3846 I HwCommBoosterManager: pluginId: 8
06-21 18:14:46.832  2632  2998 I HwCommBoosterManager: handleBoosterMessageSendModuleDataToPlugin enter
06-21 18:14:46.887  1647  3432 I WindowManager: Changing focus from Window{f2c3a00 u0 cn.missevan/cn.missevan.activity.MainActivity} to Window{b6d2703 u0 cn.missevan/cn.missevan.activity.MainActivity} displayId=0
06-21 18:14:46.888  1647  3432 I HwActivityTaskManagerServiceEx: getVisibleTasks add visible task to list, topActivity : ActivityRecord{6f0769c u0 cn.missevan/.activity.MainActivity t93}
06-21 18:14:46.888  1647  3432 I NavigationCallOut: focusChanged, focus=Window{b6d2703 u0 cn.missevan/cn.missevan.activity.MainActivity}, mIsFocusWinInBlackList=false
06-21 18:14:46.888  1647  3432 I HwPhoneWindowManager: StatusToSurfaceFlinger Window{b6d2703 u0 cn.missevan/cn.missevan.activity.MainActivity} sideMode = 1 notchMode = 0 dataIn val = 4
06-21 18:14:46.890  1647  3432 I HwDisplayContentEx: currentFocus windowstate not null
06-21 18:14:46.890  1647  3432 I HwDisplayContentEx: trans currentFocus windowstate not null
06-21 18:14:46.891  1647  3432 I WindowManager: addWindow: Window{b6d2703 u0 cn.missevan/cn.missevan.activity.MainActivity} currentDisplayId:0 requestDisplayId:0 token:Token{4f3a60f ActivityRecord{6f0769c u0 cn.missevan/.activity.MainActivity t93}}
06-21 18:14:46.891  1647  1711 I StatusBarDisable: setFlags what=0 which=1 pkg=Window{b6d2703 u0 cn.missevan/cn.missevan.activity.MainActivity}
06-21 18:14:46.892  1647  1714 I WindowManager: notifyInsetsControlChanged for:Window{f2c3a00 u0 cn.missevan/cn.missevan.activity.MainActivity}
06-21 18:14:46.892  1647  1714 I WindowManager: notifyInsetsControlChanged for:Window{b6d2703 u0 cn.missevan/cn.missevan.activity.MainActivity}
06-21 18:14:46.892  1647  1714 I WindowManager: Focus not requested for window=Window{b6d2703 u0 cn.missevan/cn.missevan.activity.MainActivity} because it has no surface or is not focusable.
06-21 18:14:46.898  1647  3432 I PackageManager: Returning preferred activity: com.huawei.android.launcher/com.huawei.android.launcher.unihome.UniHomeLauncher
06-21 18:14:46.898  1647  3432 I PackageManager: choose best activity: com.huawei.android.launcher, com.huawei.android.launcher.unihome.UniHomeLauncher
06-21 18:14:46.901  1647  3432 I ActivityTaskManager: updateAllDrawn numInteresting = 2, mNumDrawnWindows = 1, isAllDrawnStatesConsidered = true, isRelaunching = false
06-21 18:14:46.902  1647  1714 I WindowManager: Update InputWindowHandle: b6d2703 cn.missevan/cn.missevan.activity.MainActivity, frame=[118,995,1058,1404], touchableRegion=SkRegion((-118,-995,1058,1405)), visible=true, changed=true isChanged:true
06-21 18:14:46.902  1647  1714 I WindowManager: Focus requested for window=:b6d2703 cn.missevan/cn.missevan.activity.MainActivity
06-21 18:14:46.904  1647  3432 I HwInputMethodManagerService: removeImeSurfaceFromWindow windowToken = android.os.BinderProxy@c82cbb2
06-21 18:14:46.904  1647  3432 I HwInputMethodManagerService: removeImeSurfaceFromWindow mCurrentWindowToken = android.os.BinderProxy@c288883
06-21 18:14:46.914  1647  1714 I WindowManager: commitFinishDrawingLocked activity = ActivityRecord{6f0769c u0 cn.missevan/.activity.MainActivity t93}, canShowWindows = false, allDrawn = false, isAnimating = false
06-21 18:14:46.915  1647 22879 I HwInputMethodManagerService: removeImeSurfaceFromWindow windowToken = android.os.BinderProxy@c82cbb2
06-21 18:14:46.915  1647 22879 I HwInputMethodManagerService: removeImeSurfaceFromWindow mCurrentWindowToken = android.os.BinderProxy@c288883
06-21 18:14:46.915  1647  1714 I WindowManager: commitFinishDrawingLocked activity = ActivityRecord{6f0769c u0 cn.missevan/.activity.MainActivity t93}, canShowWindows = true, allDrawn = true, isAnimating = false
06-21 18:14:46.920  1647  1714 I WindowManager: Update InputWindowHandle: b6d2703 cn.missevan/cn.missevan.activity.MainActivity, frame=[118,995,1058,1404], touchableRegion=SkRegion((-118,-995,1058,1405)), visible=true, changed=true isChanged:true
06-21 18:14:46.926  1647  1711 I StatusBarDisable: setFlags what=0 which=1 pkg=Window{b6d2703 u0 cn.missevan/cn.missevan.activity.MainActivity}
06-21 18:14:46.947  1647  3017 I HwInputMethodManagerService: startInputOrWindowGainedFocus windowToken = android.os.BinderProxy@c82cbb2
06-21 18:14:46.947  1647  3017 I HwOcrImeController: updateMultiWindow topActivity = ComponentInfo{cn.missevan/cn.missevan.activity.MainActivity} windowMode = 1 mIsInMultiScreen = false
06-21 18:14:46.947  1647  3017 I HwOcrImeController: updateUser userId = 0 mIsOwnerUser = true
06-21 18:14:46.947  1647  3017 I HwOcrImeController: setOcrImeSupportProp mIsOcrImeValid = true mIsHardKeyboardAvailable = false mIsInMultiScreen = false mIsOwnerUser = true
06-21 18:14:46.947  1647  3017 I HwOcrImeController: setOcrImeSupportProp mIsOcrImeValid = true mIsHardKeyboardAvailable = false mIsInMultiScreen = false mIsOwnerUser = true
06-21 18:14:46.947  1647  3017 I HwInputMethodManagerService: startInputOrWindowGainedFocus mCurrentWindowToken = android.os.BinderProxy@c82cbb2
06-21 18:14:46.947  1647  3017 D HwInputMethodManagerService: isSecMethodUsing = false
06-21 18:14:46.947  1647  3017 V SecInputMethodManagerService: hideCurrentInputLocked inputShown false
06-21 18:14:46.947  1647  3017 V SecInputMethodManagerService: hideCurrentInputLocked imeWindowVis 0
06-21 18:14:46.947  1647  3017 I HwInputMethodManagerService: windowfocus: hide secure input isNeedWaitShow = false
06-21 18:14:46.947  1647  3017 V InputMethodManagerService: hideCurrentInputLocked inputShown false
06-21 18:14:46.947  1647  3017 V InputMethodManagerService: hideCurrentInputLocked imeWindowVis 0
06-21 18:14:46.947  1647  3017 I HwInputMethodManagerService: hideCurrentInputLocked resetIfCurrentIsOcrIme res = false mCurClient = ClientState{5174c53 uid=10358 pid=4326 displayId=0}
06-21 18:14:46.950  1647  3092 D HwGameAssistantController: isGameForeground? false
06-21 18:14:46.951  1647  1714 I WindowManager: notifyInsetsControlChanged for:Window{f2c3a00 u0 cn.missevan/cn.missevan.activity.MainActivity}
06-21 18:14:46.951  1647  1714 I WindowManager: notifyInsetsControlChanged for:Window{b6d2703 u0 cn.missevan/cn.missevan.activity.MainActivity}
06-21 18:14:46.959  1647  3092 I HwInputMethodManagerService: removeImeSurfaceFromWindow windowToken = android.os.BinderProxy@c288883
06-21 18:14:46.959  1647  3092 I HwInputMethodManagerService: removeImeSurfaceFromWindow mCurrentWindowToken = android.os.BinderProxy@c82cbb2
06-21 18:14:46.959  1647  3092 I HwInputMethodManagerService: removeImeSurfaceFromWindow
06-21 18:14:46.960  1647  3092 I HwOcrImeController: updateMultiWindow topActivity = ComponentInfo{cn.missevan/cn.missevan.activity.MainActivity} windowMode = 1 mIsInMultiScreen = false
06-21 18:14:46.960  1647  3092 I HwOcrImeController: updateUser userId = 0 mIsOwnerUser = true
06-21 18:14:46.960  1647  3092 I HwOcrImeController: setOcrImeSupportProp mIsOcrImeValid = true mIsHardKeyboardAvailable = false mIsInMultiScreen = false mIsOwnerUser = true
06-21 18:14:46.960  1647  3092 I HwOcrImeController: setOcrImeSupportProp mIsOcrImeValid = true mIsHardKeyboardAvailable = false mIsInMultiScreen = false mIsOwnerUser = true
06-21 18:14:46.961  1647  3092 I HwInputMethodManagerService: removeImeSurfaceFromWindow windowToken = android.os.BinderProxy@c82cbb2
06-21 18:14:46.961  1647  3092 I HwInputMethodManagerService: removeImeSurfaceFromWindow mCurrentWindowToken = android.os.BinderProxy@c82cbb2
06-21 18:14:46.961  1647  3092 I HwInputMethodManagerService: removeImeSurfaceFromWindow
06-21 18:14:47.077  1647  1714 I WindowManager: Update InputWindowHandle: b6d2703 cn.missevan/cn.missevan.activity.MainActivity, frame=[118,995,1058,1404], touchableRegion=SkRegion((-118,-995,1058,1405)), visible=true, changed=true isChanged:true
06-21 18:14:47.283  2632  2998 E BoosterUtil: convertSubIdToSlotId failed, subId:1, slotId:-1
06-21 18:14:47.283  2632  2998 E BoosterUtil: getDefaultDataSlotId failed, invalid slotId:-1, subId:1
06-21 18:14:47.554  1647  3092 I WindowManager: removeIfPossible: Window{b6d2703 u0 cn.missevan/cn.missevan.activity.MainActivity} callers=com.android.server.wm.WindowState.removeIfPossible:3083 com.android.server.wm.WindowManagerService.removeWindow:2626 com.android.server.wm.Session.remove:220 android.view.IWindowSession$Stub.onTransact:804 com.android.server.wm.Session.onTransact:171
06-21 18:14:47.557  1647  3092 I WindowManager: Not removing Window{b6d2703 u0 cn.missevan/cn.missevan.activity.MainActivity EXITING} due to exit animation
06-21 18:14:47.557  1647  3092 I WindowManager: Changing focus from Window{b6d2703 u0 cn.missevan/cn.missevan.activity.MainActivity EXITING} to Window{f2c3a00 u0 cn.missevan/cn.missevan.activity.MainActivity} displayId=0
06-21 18:14:47.557  1647  3092 I HwActivityTaskManagerServiceEx: getVisibleTasks add visible task to list, topActivity : ActivityRecord{6f0769c u0 cn.missevan/.activity.MainActivity t93}
06-21 18:14:47.558  1647  3092 I NavigationCallOut: focusChanged, focus=Window{f2c3a00 u0 cn.missevan/cn.missevan.activity.MainActivity}, mIsFocusWinInBlackList=false
06-21 18:14:47.558  1647  3092 I HwPhoneWindowManager: StatusToSurfaceFlinger Window{f2c3a00 u0 cn.missevan/cn.missevan.activity.MainActivity} sideMode = 1 notchMode = 0 dataIn val = 4
06-21 18:14:47.559  1647  3092 V HwPhoneWindowManager: updateSystemUiColorLw window=Window{f2c3a00 u0 cn.missevan/cn.missevan.activity.MainActivity},EmuiStyle=0,StatusBarColor=0x0,NavigationBarColor=0xffffffff, mForceNotchStatusBar=false
06-21 18:14:47.560  1647  3092 I HwDisplayContentEx: currentFocus windowstate not null
06-21 18:14:47.560  1647  3092 I HwDisplayContentEx: trans currentFocus windowstate not null
06-21 18:14:47.562  1647  3092 I WindowManager: notifyInsetsControlChanged for:Window{f2c3a00 u0 cn.missevan/cn.missevan.activity.MainActivity}
06-21 18:14:47.562  1647  3092 I WindowManager: notifyInsetsControlChanged for:Window{b6d2703 u0 cn.missevan/cn.missevan.activity.MainActivity EXITING}
06-21 18:14:47.563  2504  7014 I HwCommandQueue: updateBarBgColor
06-21 18:14:47.563  2504  7014 D HwCommandQueue: CommandQueue, setBarBackgroundColor
06-21 18:14:47.563  1647  1711 I StatusBarDisable: setFlags what=0 which=1 pkg=Window{f2c3a00 u0 cn.missevan/cn.missevan.activity.MainActivity}
06-21 18:14:47.565  1647  3017 I HwInputMethodManagerService: removeImeSurfaceFromWindow windowToken = android.os.BinderProxy@c288883
06-21 18:14:47.565  1647  3017 I HwInputMethodManagerService: removeImeSurfaceFromWindow mCurrentWindowToken = android.os.BinderProxy@c82cbb2
06-21 18:14:47.566  1647  1714 I WindowManager: Update InputWindowHandle: b6d2703 cn.missevan/cn.missevan.activity.MainActivity, frame=[118,995,1058,1404], touchableRegion=SkRegion(), visible=false, changed=true isChanged:true
06-21 18:14:47.566  1647  1714 I WindowManager: Focus requested for window=:f2c3a00 cn.missevan/cn.missevan.activity.MainActivity
06-21 18:14:47.567  1647  1711 I StatusBarDisable: setFlags what=0 which=1 pkg=Window{f2c3a00 u0 cn.missevan/cn.missevan.activity.MainActivity}
06-21 18:14:47.596  1647  3017 I HwInputMethodManagerService: startInputOrWindowGainedFocus windowToken = android.os.BinderProxy@c288883
06-21 18:14:47.596  1647  3017 I HwOcrImeController: updateMultiWindow topActivity = ComponentInfo{cn.missevan/cn.missevan.activity.MainActivity} windowMode = 1 mIsInMultiScreen = false
06-21 18:14:47.596  1647  3017 I HwOcrImeController: updateUser userId = 0 mIsOwnerUser = true
06-21 18:14:47.596  1647  3017 I HwOcrImeController: setOcrImeSupportProp mIsOcrImeValid = true mIsHardKeyboardAvailable = false mIsInMultiScreen = false mIsOwnerUser = true
06-21 18:14:47.596  1647  3017 I HwOcrImeController: setOcrImeSupportProp mIsOcrImeValid = true mIsHardKeyboardAvailable = false mIsInMultiScreen = false mIsOwnerUser = true
06-21 18:14:47.596  1647  3017 I HwInputMethodManagerService: startInputOrWindowGainedFocus mCurrentWindowToken = android.os.BinderProxy@c288883
06-21 18:14:47.596  1647  3017 D HwInputMethodManagerService: isSecMethodUsing = false
06-21 18:14:47.597  1647  3017 V SecInputMethodManagerService: hideCurrentInputLocked inputShown false
06-21 18:14:47.597  1647  3017 V SecInputMethodManagerService: hideCurrentInputLocked imeWindowVis 0
06-21 18:14:47.597  1647  3017 I HwInputMethodManagerService: windowfocus: hide secure input isNeedWaitShow = false
06-21 18:14:47.597  1647  3017 V InputMethodManagerService: hideCurrentInputLocked inputShown false
06-21 18:14:47.597  1647  3017 V InputMethodManagerService: hideCurrentInputLocked imeWindowVis 0
06-21 18:14:47.597  1647  3017 I HwInputMethodManagerService: hideCurrentInputLocked resetIfCurrentIsOcrIme res = false mCurClient = ClientState{5174c53 uid=10358 pid=4326 displayId=0}
06-21 18:14:47.599  1647  3092 D HwGameAssistantController: isGameForeground? false
06-21 18:14:47.599  1647  1714 I WindowManager: notifyInsetsControlChanged for:Window{f2c3a00 u0 cn.missevan/cn.missevan.activity.MainActivity}
06-21 18:14:47.599  1647  1714 I WindowManager: notifyInsetsControlChanged for:Window{b6d2703 u0 cn.missevan/cn.missevan.activity.MainActivity EXITING}
06-21 18:14:47.611  1647  3092 I HwOcrImeController: updateMultiWindow topActivity = ComponentInfo{cn.missevan/cn.missevan.activity.MainActivity} windowMode = 1 mIsInMultiScreen = false
06-21 18:14:47.611  1647  3092 I HwOcrImeController: updateUser userId = 0 mIsOwnerUser = true
06-21 18:14:47.611  1647  3092 I HwOcrImeController: setOcrImeSupportProp mIsOcrImeValid = true mIsHardKeyboardAvailable = false mIsInMultiScreen = false mIsOwnerUser = true
06-21 18:14:47.611  1647  3092 I HwOcrImeController: setOcrImeSupportProp mIsOcrImeValid = true mIsHardKeyboardAvailable = false mIsInMultiScreen = false mIsOwnerUser = true
06-21 18:14:47.611  1647  3092 I HwInputMethodManagerService: removeImeSurfaceFromWindow windowToken = android.os.BinderProxy@c288883
06-21 18:14:47.611  1647  3092 I HwInputMethodManagerService: removeImeSurfaceFromWindow mCurrentWindowToken = android.os.BinderProxy@c288883
06-21 18:14:47.611  1647  3092 I HwInputMethodManagerService: removeImeSurfaceFromWindow
06-21 18:14:47.725  1647  1714 I WindowManager: Exit animation finished in Window{b6d2703 u0 cn.missevan/cn.missevan.activity.MainActivity EXITING}: remove=true
06-21 18:14:47.726  1647  1714 I WindowManager: postWindowRemoveCleanupLocked: Window{b6d2703 u0 cn.missevan/cn.missevan.activity.MainActivity}
06-21 18:14:47.726  1647  1714 I WindowManager: Removing Window{b6d2703 u0 cn.missevan/cn.missevan.activity.MainActivity} from ActivityRecord{6f0769c u0 cn.missevan/.activity.MainActivity t93}
06-21 18:14:47.834  2632  3846 I HwCommBoosterService: reportBoosterPara enter
06-21 18:14:47.834  2632  3846 I HwCommBoosterManager: reportBoosterPara enter
06-21 18:14:47.834  2632  3846 I HwCommBoosterManager: pluginId: 8
06-21 18:14:47.835  2632  2998 I HwCommBoosterManager: handleBoosterMessageSendModuleDataToPlugin enter
06-21 18:14:47.853  1647  3092 I NotificationToast: enqueueToast pkg=cn.missevan callback=android.app.ITransientNotification$Stub$Proxy@cb93399 duration=0,token=android.os.BinderProxy@9e9c65e,displayId=0
06-21 18:14:47.854  1647  3092 I WindowManager: addWindowToken: displayid:0 binder:android.os.Binder@dae4a3f token:WindowToken{98eff0c android.os.Binder@dae4a3f}
06-21 18:14:47.856  1647  3092 I NotificationToast: Show toast pkg=cn.missevan,token=android.os.Binder@dae4a3f,displayId=0
06-21 18:14:47.876  1647  3432 I WindowManager: addWindow: Window{287ea6a u0 Toast} currentDisplayId:0 requestDisplayId:0 token:android.os.Binder@dae4a3f
06-21 18:14:47.890  1647  1714 I WindowManager: Update InputWindowHandle: 287ea6a Toast, frame=[462,2091,714,2208], touchableRegion=SkRegion((0,0,252,117)), visible=true, changed=true isChanged:true
06-21 18:14:47.892  1647  3907 I HwInputMethodManagerService: removeImeSurfaceFromWindow windowToken = android.os.BinderProxy@2e07055
06-21 18:14:47.892  1647  3907 I HwInputMethodManagerService: removeImeSurfaceFromWindow mCurrentWindowToken = android.os.BinderProxy@c288883
06-21 18:14:47.904  1647  1714 I WindowManager: Update InputWindowHandle: 287ea6a Toast, frame=[462,2091,714,2208], touchableRegion=SkRegion((0,0,252,117)), visible=true, changed=true isChanged:true
06-21 18:14:48.009  1647  1714 I WindowManager: setHoldScreenLocked newHoldScreen:Session{d458f3d 4326:u0a10358} currentHoldScreen:null wakeLockState:false
06-21 18:14:48.010  1647  1714 I WindowManager: Update InputWindowHandle: 287ea6a Toast, frame=[462,2091,714,2208], touchableRegion=SkRegion((0,0,252,117)), visible=true, changed=true isChanged:true
06-21 18:14:48.301  2632  2998 E BoosterUtil: convertSubIdToSlotId failed, subId:1, slotId:-1
06-21 18:14:48.301  2632  2998 E BoosterUtil: getDefaultDataSlotId failed, invalid slotId:-1, subId:1
06-21 18:14:48.837  2632  3846 I HwCommBoosterService: reportBoosterPara enter
06-21 18:14:48.837  2632  3846 I HwCommBoosterManager: reportBoosterPara enter
06-21 18:14:48.837  2632  3846 I HwCommBoosterManager: pluginId: 8
06-21 18:14:48.838  2632  2998 I HwCommBoosterManager: handleBoosterMessageSendModuleDataToPlugin enter
06-21 18:14:49.178  2632  2998 I TrafficStatisticsBoosterPlugin: handleMessage, msg = 2
06-21 18:14:49.328  2632  2998 E BoosterUtil: convertSubIdToSlotId failed, subId:1, slotId:-1
06-21 18:14:49.328  2632  2998 E BoosterUtil: getDefaultDataSlotId failed, invalid slotId:-1, subId:1
06-21 18:14:49.840  2632  3846 I HwCommBoosterService: reportBoosterPara enter
06-21 18:14:49.840  2632  3846 I HwCommBoosterManager: reportBoosterPara enter
06-21 18:14:49.840  2632  3846 I HwCommBoosterManager: pluginId: 8
06-21 18:14:49.840  2632  2998 I HwCommBoosterManager: handleBoosterMessageSendModuleDataToPlugin enter
06-21 18:14:49.856  1647  1647 I NotificationToast: HandleDurationReached timeout pkg=cn.missevan
06-21 18:14:49.856  1647  1647 I NotificationToast: cancelToastLocked remove toast pkg=cn.missevan,windowToken=android.os.Binder@dae4a3f,displayId=0
06-21 18:14:49.857  1647  1647 I WindowManager: removeWindowToken: displayid:0 binder:android.os.Binder@dae4a3f token:WindowToken{98eff0c android.os.Binder@dae4a3f}
06-21 18:14:49.880  1647  1714 I WindowManager: Update InputWindowHandle: 287ea6a Toast, frame=[462,2091,714,2208], touchableRegion=SkRegion((0,0,252,117)), visible=true, changed=true isChanged:true
06-21 18:14:49.882  1647 22879 I WindowManager: removeIfPossible: Window{287ea6a u0 Toast} callers=com.android.server.wm.WindowState.removeIfPossible:3083 com.android.server.wm.WindowManagerService.removeWindow:2626 com.android.server.wm.Session.remove:220 android.view.IWindowSession$Stub.onTransact:804 com.android.server.wm.Session.onTransact:171
06-21 18:14:49.882  1647 22879 I WindowManager: Not removing Window{287ea6a u0 Toast EXITING} due to exit animation
06-21 18:14:49.886  1647 22879 W NotificationService: Toast already killed. pkg=cn.missevan token=android.os.BinderProxy@9e9c65e
06-21 18:14:49.888  1647  1714 I WindowManager: Update InputWindowHandle: 287ea6a Toast, frame=[462,2091,714,2208], touchableRegion=SkRegion(), visible=false, changed=true isChanged:true
06-21 18:14:49.976  1647  1714 I WindowManager: Exit animation finished in Window{287ea6a u0 Toast EXITING}: remove=true
06-21 18:14:49.997  1647 22879 I WindowManager: setHoldScreenLocked newHoldScreen:null currentHoldScreen:Session{d458f3d 4326:u0a10358} wakeLockState:true
06-21 18:14:49.998  1647 22879 I WindowManager: postWindowRemoveCleanupLocked: Window{287ea6a u0 Toast}
06-21 18:14:49.999  1647 22879 I WindowManager: Removing Window{287ea6a u0 Toast} from WindowToken{98eff0c android.os.Binder@dae4a3f}
06-21 18:14:49.999  1647 22879 I WindowManager: removeWindowToken: displayid:0 binder:android.os.Binder@dae4a3f token:null
06-21 18:14:50.018  1647  3092 D HwPhoneWindowManager: handleFrequentBackPress, queue={72590102}, focusWin=Window{f2c3a00 u0 cn.missevan/cn.missevan.activity.MainActivity}
06-21 18:14:50.353  2632  2998 E BoosterUtil: convertSubIdToSlotId failed, subId:1, slotId:-1
06-21 18:14:50.354  2632  2998 E BoosterUtil: getDefaultDataSlotId failed, invalid slotId:-1, subId:1
06-21 18:14:50.759  1647  7213 I UsageStatsService: User[0] Results: 2
06-21 18:14:50.842  2632  3846 I HwCommBoosterService: reportBoosterPara enter
06-21 18:14:50.842  2632  3846 I HwCommBoosterManager: reportBoosterPara enter
06-21 18:14:50.843  2632  3846 I HwCommBoosterManager: pluginId: 8
06-21 18:14:50.843  2632  2998 I HwCommBoosterManager: handleBoosterMessageSendModuleDataToPlugin enter
06-21 18:14:51.376  2632  2998 E BoosterUtil: convertSubIdToSlotId failed, subId:1, slotId:-1
06-21 18:14:51.376  2632  2998 E BoosterUtil: getDefaultDataSlotId failed, invalid slotId:-1, subId:1
06-21 18:14:51.845  2632  3846 I HwCommBoosterService: reportBoosterPara enter
06-21 18:14:51.845  2632  3846 I HwCommBoosterManager: reportBoosterPara enter
06-21 18:14:51.845  2632  3846 I HwCommBoosterManager: pluginId: 8
06-21 18:14:51.846  2632  2998 I HwCommBoosterManager: handleBoosterMessageSendModuleDataToPlugin enter
06-21 18:14:51.879  1647  1713 W WindowManager: Unable to start animation, surface is null or no children.
06-21 18:14:51.879  1647  1713 I WindowManager: Policy visibility false: Window{287ea6a u0 Toast}
06-21 18:14:52.179  2632  2998 I TrafficStatisticsBoosterPlugin: handleMessage, msg = 2
06-21 18:14:52.403  2632  2998 E BoosterUtil: convertSubIdToSlotId failed, subId:1, slotId:-1
06-21 18:14:52.403  2632  2998 E BoosterUtil: getDefaultDataSlotId failed, invalid slotId:-1, subId:1
06-21 18:14:52.608  1647 22879 I WindowManager: Changing focus from Window{f2c3a00 u0 cn.missevan/cn.missevan.activity.MainActivity} to Window{d4dc12b u0 cn.missevan/cn.missevan.activity.MainActivity} displayId=0
06-21 18:14:52.609  1647 22879 I HwActivityTaskManagerServiceEx: getVisibleTasks add visible task to list, topActivity : ActivityRecord{6f0769c u0 cn.missevan/.activity.MainActivity t93}
06-21 18:14:52.609  1647 22879 I NavigationCallOut: focusChanged, focus=Window{d4dc12b u0 cn.missevan/cn.missevan.activity.MainActivity}, mIsFocusWinInBlackList=false
06-21 18:14:52.609  1647 22879 I HwPhoneWindowManager: StatusToSurfaceFlinger Window{d4dc12b u0 cn.missevan/cn.missevan.activity.MainActivity} sideMode = 1 notchMode = 0 dataIn val = 4
06-21 18:14:52.611  1647 22879 I HwDisplayContentEx: currentFocus windowstate not null
06-21 18:14:52.611  1647 22879 I HwDisplayContentEx: trans currentFocus windowstate not null
06-21 18:14:52.611  1647 22879 I WindowManager: addWindow: Window{d4dc12b u0 cn.missevan/cn.missevan.activity.MainActivity} currentDisplayId:0 requestDisplayId:0 token:Token{4f3a60f ActivityRecord{6f0769c u0 cn.missevan/.activity.MainActivity t93}}
06-21 18:14:52.611  1647  1711 I StatusBarDisable: setFlags what=0 which=1 pkg=Window{d4dc12b u0 cn.missevan/cn.missevan.activity.MainActivity}
06-21 18:14:52.612  1647  1714 I WindowManager: notifyInsetsControlChanged for:Window{f2c3a00 u0 cn.missevan/cn.missevan.activity.MainActivity}
06-21 18:14:52.612  1647  1714 I WindowManager: notifyInsetsControlChanged for:Window{d4dc12b u0 cn.missevan/cn.missevan.activity.MainActivity}
06-21 18:14:52.613  1647  1714 I WindowManager: Focus not requested for window=Window{d4dc12b u0 cn.missevan/cn.missevan.activity.MainActivity} because it has no surface or is not focusable.
06-21 18:14:52.617  1647 22879 I PackageManager: Returning preferred activity: com.huawei.android.launcher/com.huawei.android.launcher.unihome.UniHomeLauncher
06-21 18:14:52.617  1647 22879 I PackageManager: choose best activity: com.huawei.android.launcher, com.huawei.android.launcher.unihome.UniHomeLauncher
06-21 18:14:52.625  1647  3432 I ActivityTaskManager: updateAllDrawn numInteresting = 2, mNumDrawnWindows = 1, isAllDrawnStatesConsidered = true, isRelaunching = false
06-21 18:14:52.626  1647  1714 I WindowManager: Update InputWindowHandle: d4dc12b cn.missevan/cn.missevan.activity.MainActivity, frame=[0,1902,1176,2400], touchableRegion=SkRegion((0,-1902,1176,498)), visible=true, changed=true isChanged:true
06-21 18:14:52.626  1647  1714 I WindowManager: Focus requested for window=:d4dc12b cn.missevan/cn.missevan.activity.MainActivity
06-21 18:14:52.627  1647 22879 I HwInputMethodManagerService: removeImeSurfaceFromWindow windowToken = android.os.BinderProxy@e8a557a
06-21 18:14:52.627  1647 22879 I HwInputMethodManagerService: removeImeSurfaceFromWindow mCurrentWindowToken = android.os.BinderProxy@c288883
06-21 18:14:52.637  1647  1714 I WindowManager: commitFinishDrawingLocked activity = ActivityRecord{6f0769c u0 cn.missevan/.activity.MainActivity t93}, canShowWindows = false, allDrawn = false, isAnimating = false
06-21 18:14:52.637  1647 20059 I HwInputMethodManagerService: removeImeSurfaceFromWindow windowToken = android.os.BinderProxy@e8a557a
06-21 18:14:52.637  1647 20059 I HwInputMethodManagerService: removeImeSurfaceFromWindow mCurrentWindowToken = android.os.BinderProxy@c288883
06-21 18:14:52.638  1647  1714 I WindowManager: commitFinishDrawingLocked activity = ActivityRecord{6f0769c u0 cn.missevan/.activity.MainActivity t93}, canShowWindows = true, allDrawn = true, isAnimating = false
06-21 18:14:52.642  1647  1714 I WindowManager: Update InputWindowHandle: d4dc12b cn.missevan/cn.missevan.activity.MainActivity, frame=[0,1902,1176,2400], touchableRegion=SkRegion((0,-1902,1176,498)), visible=true, changed=true isChanged:true
06-21 18:14:52.644  1647  1711 I StatusBarDisable: setFlags what=0 which=1 pkg=Window{d4dc12b u0 cn.missevan/cn.missevan.activity.MainActivity}
06-21 18:14:52.662  1647  3092 I HwInputMethodManagerService: startInputOrWindowGainedFocus windowToken = android.os.BinderProxy@e8a557a
06-21 18:14:52.662  1647  3092 I HwOcrImeController: updateMultiWindow topActivity = ComponentInfo{cn.missevan/cn.missevan.activity.MainActivity} windowMode = 1 mIsInMultiScreen = false
06-21 18:14:52.662  1647  3092 I HwOcrImeController: updateUser userId = 0 mIsOwnerUser = true
06-21 18:14:52.662  1647  3092 I HwOcrImeController: setOcrImeSupportProp mIsOcrImeValid = true mIsHardKeyboardAvailable = false mIsInMultiScreen = false mIsOwnerUser = true
06-21 18:14:52.662  1647  3092 I HwOcrImeController: setOcrImeSupportProp mIsOcrImeValid = true mIsHardKeyboardAvailable = false mIsInMultiScreen = false mIsOwnerUser = true
06-21 18:14:52.662  1647  3092 I HwInputMethodManagerService: startInputOrWindowGainedFocus mCurrentWindowToken = android.os.BinderProxy@e8a557a
06-21 18:14:52.662  1647  3092 D HwInputMethodManagerService: isSecMethodUsing = false
06-21 18:14:52.662  1647  3092 V SecInputMethodManagerService: hideCurrentInputLocked inputShown false
06-21 18:14:52.662  1647  3092 V SecInputMethodManagerService: hideCurrentInputLocked imeWindowVis 0
06-21 18:14:52.662  1647  3092 I HwInputMethodManagerService: windowfocus: hide secure input isNeedWaitShow = false
06-21 18:14:52.662  1647  3092 V InputMethodManagerService: hideCurrentInputLocked inputShown false
06-21 18:14:52.662  1647  3092 V InputMethodManagerService: hideCurrentInputLocked imeWindowVis 0
06-21 18:14:52.662  1647  3092 I HwInputMethodManagerService: hideCurrentInputLocked resetIfCurrentIsOcrIme res = false mCurClient = ClientState{5174c53 uid=10358 pid=4326 displayId=0}
06-21 18:14:52.664  1647 22879 D HwGameAssistantController: isGameForeground? false
06-21 18:14:52.665  1647  1714 I WindowManager: notifyInsetsControlChanged for:Window{f2c3a00 u0 cn.missevan/cn.missevan.activity.MainActivity}
06-21 18:14:52.665  1647  1714 I WindowManager: notifyInsetsControlChanged for:Window{d4dc12b u0 cn.missevan/cn.missevan.activity.MainActivity}
06-21 18:14:52.666  1647 22879 I HwInputMethodManagerService: removeImeSurfaceFromWindow windowToken = android.os.BinderProxy@c288883
06-21 18:14:52.666  1647 22879 I HwInputMethodManagerService: removeImeSurfaceFromWindow mCurrentWindowToken = android.os.BinderProxy@e8a557a
06-21 18:14:52.666  1647 22879 I HwInputMethodManagerService: removeImeSurfaceFromWindow
06-21 18:14:52.666  1647 22879 I HwOcrImeController: updateMultiWindow topActivity = ComponentInfo{cn.missevan/cn.missevan.activity.MainActivity} windowMode = 1 mIsInMultiScreen = false
06-21 18:14:52.666  1647 22879 I HwOcrImeController: updateUser userId = 0 mIsOwnerUser = true
06-21 18:14:52.666  1647 22879 I HwOcrImeController: setOcrImeSupportProp mIsOcrImeValid = true mIsHardKeyboardAvailable = false mIsInMultiScreen = false mIsOwnerUser = true
06-21 18:14:52.666  1647 22879 I HwOcrImeController: setOcrImeSupportProp mIsOcrImeValid = true mIsHardKeyboardAvailable = false mIsInMultiScreen = false mIsOwnerUser = true
06-21 18:14:52.666  1647 22879 I HwInputMethodManagerService: removeImeSurfaceFromWindow windowToken = android.os.BinderProxy@e8a557a
06-21 18:14:52.666  1647 22879 I HwInputMethodManagerService: removeImeSurfaceFromWindow mCurrentWindowToken = android.os.BinderProxy@e8a557a
06-21 18:14:52.666  1647 22879 I HwInputMethodManagerService: removeImeSurfaceFromWindow
06-21 18:14:52.797  1647  1714 I WindowManager: Update InputWindowHandle: d4dc12b cn.missevan/cn.missevan.activity.MainActivity, frame=[0,1902,1176,2400], touchableRegion=SkRegion((0,-1902,1176,498)), visible=true, changed=true isChanged:true
06-21 18:14:52.847  2632  3846 I HwCommBoosterService: reportBoosterPara enter
06-21 18:14:52.847  2632  3846 I HwCommBoosterManager: reportBoosterPara enter
06-21 18:14:52.847  2632  3846 I HwCommBoosterManager: pluginId: 8
06-21 18:14:52.847  2632  2998 I HwCommBoosterManager: handleBoosterMessageSendModuleDataToPlugin enter
06-21 18:14:53.341  1647  3092 I WindowManager: removeIfPossible: Window{d4dc12b u0 cn.missevan/cn.missevan.activity.MainActivity} callers=com.android.server.wm.WindowState.removeIfPossible:3083 com.android.server.wm.WindowManagerService.removeWindow:2626 com.android.server.wm.Session.remove:220 android.view.IWindowSession$Stub.onTransact:804 com.android.server.wm.Session.onTransact:171
06-21 18:14:53.344  1647  3092 I WindowManager: Not removing Window{d4dc12b u0 cn.missevan/cn.missevan.activity.MainActivity EXITING} due to exit animation
06-21 18:14:53.345  1647  3092 I WindowManager: Changing focus from Window{d4dc12b u0 cn.missevan/cn.missevan.activity.MainActivity EXITING} to Window{f2c3a00 u0 cn.missevan/cn.missevan.activity.MainActivity} displayId=0
06-21 18:14:53.345  1647  3092 I HwActivityTaskManagerServiceEx: getVisibleTasks add visible task to list, topActivity : ActivityRecord{6f0769c u0 cn.missevan/.activity.MainActivity t93}
06-21 18:14:53.346  1647  3092 I NavigationCallOut: focusChanged, focus=Window{f2c3a00 u0 cn.missevan/cn.missevan.activity.MainActivity}, mIsFocusWinInBlackList=false
06-21 18:14:53.346  1647  3092 I HwPhoneWindowManager: StatusToSurfaceFlinger Window{f2c3a00 u0 cn.missevan/cn.missevan.activity.MainActivity} sideMode = 1 notchMode = 0 dataIn val = 4
06-21 18:14:53.347  1647  3092 V HwPhoneWindowManager: updateSystemUiColorLw window=Window{f2c3a00 u0 cn.missevan/cn.missevan.activity.MainActivity},EmuiStyle=0,StatusBarColor=0x0,NavigationBarColor=0xffffffff, mForceNotchStatusBar=false
06-21 18:14:53.350  1647  3092 I HwDisplayContentEx: currentFocus windowstate not null
06-21 18:14:53.350  1647  3092 I HwDisplayContentEx: trans currentFocus windowstate not null
06-21 18:14:53.353  2504  7014 I HwCommandQueue: updateBarBgColor
06-21 18:14:53.353  2504  7014 D HwCommandQueue: CommandQueue, setBarBackgroundColor
06-21 18:14:53.353  1647  1711 I StatusBarDisable: setFlags what=0 which=1 pkg=Window{f2c3a00 u0 cn.missevan/cn.missevan.activity.MainActivity}
06-21 18:14:53.354  1647  3092 I WindowManager: notifyInsetsControlChanged for:Window{f2c3a00 u0 cn.missevan/cn.missevan.activity.MainActivity}
06-21 18:14:53.354  1647  3092 I WindowManager: notifyInsetsControlChanged for:Window{d4dc12b u0 cn.missevan/cn.missevan.activity.MainActivity EXITING}
06-21 18:14:53.358  1647  1711 I StatusBarDisable: setFlags what=0 which=1 pkg=Window{f2c3a00 u0 cn.missevan/cn.missevan.activity.MainActivity}
06-21 18:14:53.358  1647  1714 I WindowManager: Update InputWindowHandle: d4dc12b cn.missevan/cn.missevan.activity.MainActivity, frame=[0,1902,1176,2400], touchableRegion=SkRegion(), visible=false, changed=true isChanged:true
06-21 18:14:53.358  1647  1714 I WindowManager: Focus requested for window=:f2c3a00 cn.missevan/cn.missevan.activity.MainActivity
06-21 18:14:53.376  1647  3432 I HwInputMethodManagerService: removeImeSurfaceFromWindow windowToken = android.os.BinderProxy@c288883
06-21 18:14:53.376  1647  3432 I HwInputMethodManagerService: removeImeSurfaceFromWindow mCurrentWindowToken = android.os.BinderProxy@e8a557a
06-21 18:14:53.378  1647  3432 E TaskChangeNotificationController: forAllLocalListeners pid must be equal, but the callingPid 4326 pid 1647
06-21 18:14:53.378  1647  3432 E TaskChangeNotificationController: java.lang.Exception
06-21 18:14:53.378  1647  3432 E TaskChangeNotificationController: 	at com.android.server.wm.TaskChangeNotificationController.forAllLocalListeners(TaskChangeNotificationController.java:343)
06-21 18:14:53.378  1647  3432 E TaskChangeNotificationController: 	at com.android.server.wm.TaskChangeNotificationController.notifyTaskDescriptionChanged(TaskChangeNotificationController.java:457)
06-21 18:14:53.378  1647  3432 E TaskChangeNotificationController: 	at com.android.server.wm.Task.updateTaskDescription(Task.java:2649)
06-21 18:14:53.378  1647  3432 E TaskChangeNotificationController: 	at com.android.server.wm.ActivityRecord.setTaskDescription(ActivityRecord.java:7752)
06-21 18:14:53.378  1647  3432 E TaskChangeNotificationController: 	at com.android.server.wm.ActivityClientController.setTaskDescription(ActivityClientController.java:1177)
06-21 18:14:53.378  1647  3432 E TaskChangeNotificationController: 	at android.app.IActivityClientController$Stub.onTransact(IActivityClientController.java:951)
06-21 18:14:53.378  1647  3432 E TaskChangeNotificationController: 	at com.android.server.wm.ActivityClientController.onTransact(ActivityClientController.java:138)
06-21 18:14:53.378  1647  3432 E TaskChangeNotificationController: 	at android.os.Binder.execTransactInternal(Binder.java:1186)
06-21 18:14:53.378  1647  3432 E TaskChangeNotificationController: 	at android.os.Binder.execTransact(Binder.java:1150)
06-21 18:14:53.411  1647 20059 I HwInputMethodManagerService: startInputOrWindowGainedFocus windowToken = android.os.BinderProxy@c288883
06-21 18:14:53.411  1647 20059 I HwOcrImeController: updateMultiWindow topActivity = ComponentInfo{cn.missevan/cn.missevan.activity.MainActivity} windowMode = 1 mIsInMultiScreen = false
06-21 18:14:53.411  1647 20059 I HwOcrImeController: updateUser userId = 0 mIsOwnerUser = true
06-21 18:14:53.411  1647 20059 I HwOcrImeController: setOcrImeSupportProp mIsOcrImeValid = true mIsHardKeyboardAvailable = false mIsInMultiScreen = false mIsOwnerUser = true
06-21 18:14:53.411  1647 20059 I HwOcrImeController: setOcrImeSupportProp mIsOcrImeValid = true mIsHardKeyboardAvailable = false mIsInMultiScreen = false mIsOwnerUser = true
06-21 18:14:53.411  1647 20059 I HwInputMethodManagerService: startInputOrWindowGainedFocus mCurrentWindowToken = android.os.BinderProxy@c288883
06-21 18:14:53.411  1647 20059 D HwInputMethodManagerService: isSecMethodUsing = false
06-21 18:14:53.411  1647 20059 V SecInputMethodManagerService: hideCurrentInputLocked inputShown false
06-21 18:14:53.411  1647 20059 V SecInputMethodManagerService: hideCurrentInputLocked imeWindowVis 0
06-21 18:14:53.411  1647 20059 I HwInputMethodManagerService: windowfocus: hide secure input isNeedWaitShow = false
06-21 18:14:53.412  1647 20059 V InputMethodManagerService: hideCurrentInputLocked inputShown false
06-21 18:14:53.412  1647 20059 V InputMethodManagerService: hideCurrentInputLocked imeWindowVis 0
06-21 18:14:53.412  1647 20059 I HwInputMethodManagerService: hideCurrentInputLocked resetIfCurrentIsOcrIme res = false mCurClient = ClientState{5174c53 uid=10358 pid=4326 displayId=0}
06-21 18:14:53.414  1647 20059 D HwGameAssistantController: isGameForeground? false
06-21 18:14:53.414  1647  1714 I WindowManager: notifyInsetsControlChanged for:Window{f2c3a00 u0 cn.missevan/cn.missevan.activity.MainActivity}
06-21 18:14:53.414  1647  1714 I WindowManager: notifyInsetsControlChanged for:Window{d4dc12b u0 cn.missevan/cn.missevan.activity.MainActivity EXITING}
06-21 18:14:53.426  2632  2998 E BoosterUtil: convertSubIdToSlotId failed, subId:1, slotId:-1
06-21 18:14:53.426  2632  2998 E BoosterUtil: getDefaultDataSlotId failed, invalid slotId:-1, subId:1
06-21 18:14:53.428  1647 20059 I HwOcrImeController: updateMultiWindow topActivity = ComponentInfo{cn.missevan/cn.missevan.activity.MainActivity} windowMode = 1 mIsInMultiScreen = false
06-21 18:14:53.428  1647 20059 I HwOcrImeController: updateUser userId = 0 mIsOwnerUser = true
06-21 18:14:53.428  1647 20059 I HwOcrImeController: setOcrImeSupportProp mIsOcrImeValid = true mIsHardKeyboardAvailable = false mIsInMultiScreen = false mIsOwnerUser = true
06-21 18:14:53.428  1647 20059 I HwOcrImeController: setOcrImeSupportProp mIsOcrImeValid = true mIsHardKeyboardAvailable = false mIsInMultiScreen = false mIsOwnerUser = true
06-21 18:14:53.428  1647 20059 I HwInputMethodManagerService: removeImeSurfaceFromWindow windowToken = android.os.BinderProxy@c288883
06-21 18:14:53.429  1647 20059 I HwInputMethodManagerService: removeImeSurfaceFromWindow mCurrentWindowToken = android.os.BinderProxy@c288883
06-21 18:14:53.429  1647 20059 I HwInputMethodManagerService: removeImeSurfaceFromWindow
06-21 18:14:53.512  1647  1714 I WindowManager: Exit animation finished in Window{d4dc12b u0 cn.missevan/cn.missevan.activity.MainActivity EXITING}: remove=true
06-21 18:14:53.513  1647  1714 I WindowManager: postWindowRemoveCleanupLocked: Window{d4dc12b u0 cn.missevan/cn.missevan.activity.MainActivity}
06-21 18:14:53.513  1647  1714 I WindowManager: Removing Window{d4dc12b u0 cn.missevan/cn.missevan.activity.MainActivity} from ActivityRecord{6f0769c u0 cn.missevan/.activity.MainActivity t93}
06-21 18:14:53.849  2632  3846 I HwCommBoosterService: reportBoosterPara enter
06-21 18:14:53.849  2632  3846 I HwCommBoosterManager: reportBoosterPara enter
06-21 18:14:53.849  2632  3846 I HwCommBoosterManager: pluginId: 8
06-21 18:14:53.850  2632  2998 I HwCommBoosterManager: handleBoosterMessageSendModuleDataToPlugin enter
06-21 18:14:54.445  2632  2998 E BoosterUtil: convertSubIdToSlotId failed, subId:1, slotId:-1
06-21 18:14:54.445  2632  2998 E BoosterUtil: getDefaultDataSlotId failed, invalid slotId:-1, subId:1
06-21 18:14:54.822  1647  3092 E TaskChangeNotificationController: forAllLocalListeners pid must be equal, but the callingPid 4326 pid 1647
06-21 18:14:54.822  1647  3092 E TaskChangeNotificationController: java.lang.Exception
06-21 18:14:54.822  1647  3092 E TaskChangeNotificationController: 	at com.android.server.wm.TaskChangeNotificationController.forAllLocalListeners(TaskChangeNotificationController.java:343)
06-21 18:14:54.822  1647  3092 E TaskChangeNotificationController: 	at com.android.server.wm.TaskChangeNotificationController.notifyTaskDescriptionChanged(TaskChangeNotificationController.java:457)
06-21 18:14:54.822  1647  3092 E TaskChangeNotificationController: 	at com.android.server.wm.Task.updateTaskDescription(Task.java:2649)
06-21 18:14:54.822  1647  3092 E TaskChangeNotificationController: 	at com.android.server.wm.ActivityRecord.setTaskDescription(ActivityRecord.java:7752)
06-21 18:14:54.822  1647  3092 E TaskChangeNotificationController: 	at com.android.server.wm.ActivityClientController.setTaskDescription(ActivityClientController.java:1177)
06-21 18:14:54.822  1647  3092 E TaskChangeNotificationController: 	at android.app.IActivityClientController$Stub.onTransact(IActivityClientController.java:951)
06-21 18:14:54.822  1647  3092 E TaskChangeNotificationController: 	at com.android.server.wm.ActivityClientController.onTransact(ActivityClientController.java:138)
06-21 18:14:54.822  1647  3092 E TaskChangeNotificationController: 	at android.os.Binder.execTransactInternal(Binder.java:1186)
06-21 18:14:54.822  1647  3092 E TaskChangeNotificationController: 	at android.os.Binder.execTransact(Binder.java:1150)
06-21 18:14:54.851  2632  3846 I HwCommBoosterService: reportBoosterPara enter
06-21 18:14:54.851  2632  3846 I HwCommBoosterManager: reportBoosterPara enter
06-21 18:14:54.851  2632  3846 I HwCommBoosterManager: pluginId: 8
06-21 18:14:54.851  2632  2998 I HwCommBoosterManager: handleBoosterMessageSendModuleDataToPlugin enter
06-21 18:14:55.180  2632  2998 I TrafficStatisticsBoosterPlugin: handleMessage, msg = 2
06-21 18:14:55.474  2632  2998 E BoosterUtil: convertSubIdToSlotId failed, subId:1, slotId:-1
06-21 18:14:55.474  2632  2998 E BoosterUtil: getDefaultDataSlotId failed, invalid slotId:-1, subId:1
06-21 18:14:55.853  2632  3846 I HwCommBoosterService: reportBoosterPara enter
06-21 18:14:55.853  2632  3846 I HwCommBoosterManager: reportBoosterPara enter
06-21 18:14:55.853  2632  3846 I HwCommBoosterManager: pluginId: 8
06-21 18:14:55.854  2632  2998 I HwCommBoosterManager: handleBoosterMessageSendModuleDataToPlugin enter
06-21 18:14:56.495  2632  2998 E BoosterUtil: convertSubIdToSlotId failed, subId:1, slotId:-1
06-21 18:14:56.495  2632  2998 E BoosterUtil: getDefaultDataSlotId failed, invalid slotId:-1, subId:1
06-21 18:14:56.548  1647  2220 I HwBatteryService: power_ui state= 1 mQuickChargeStatus=1
06-21 18:14:56.548  1647  2220 I HwBatteryService: handleWirelessTxStatus
06-21 18:14:56.549  1647  2220 I HwBatteryService: switch not open, return, mWirelessTxFlag : 0
06-21 18:14:56.549  1647  2220 W HwBatteryService: need return. Invalid value: 0
06-21 18:14:56.549  1647  2220 D HwBatteryService: setHwChargeTimeRemaining, time = -1 String time: 0
06-21 18:14:56.576  1647  2464 E BatteryService: no autopoweroff in settings
06-21 18:14:56.856  2632  3846 I HwCommBoosterService: reportBoosterPara enter
06-21 18:14:56.856  2632  3846 I HwCommBoosterManager: reportBoosterPara enter
06-21 18:14:56.856  2632  3846 I HwCommBoosterManager: pluginId: 8
06-21 18:14:56.856  2632  2998 I HwCommBoosterManager: handleBoosterMessageSendModuleDataToPlugin enter
06-21 18:14:56.863  1647 22879 I NotificationToast: enqueueToast pkg=cn.missevan callback=android.app.ITransientNotification$Stub$Proxy@5aa3d71 duration=0,token=android.os.BinderProxy@e9ac756,displayId=0
06-21 18:14:56.864  1647 22879 I WindowManager: addWindowToken: displayid:0 binder:android.os.Binder@32743d7 token:WindowToken{dad94c4 android.os.Binder@32743d7}
06-21 18:14:56.864  1647 22879 I NotificationToast: Show toast pkg=cn.missevan,token=android.os.Binder@32743d7,displayId=0
06-21 18:14:56.874  1647 22879 I WindowManager: addWindow: Window{79402e2 u0 Toast} currentDisplayId:0 requestDisplayId:0 token:android.os.Binder@32743d7
06-21 18:14:56.883  1647  1714 I WindowManager: Update InputWindowHandle: 79402e2 Toast, frame=[462,2091,714,2208], touchableRegion=SkRegion((0,0,252,117)), visible=true, changed=true isChanged:true
06-21 18:14:56.885  1647  2480 I HwInputMethodManagerService: removeImeSurfaceFromWindow windowToken = android.os.BinderProxy@9d43fad
06-21 18:14:56.885  1647  2480 I HwInputMethodManagerService: removeImeSurfaceFromWindow mCurrentWindowToken = android.os.BinderProxy@c288883
06-21 18:14:56.897  1647  1714 I WindowManager: Update InputWindowHandle: 79402e2 Toast, frame=[462,2091,714,2208], touchableRegion=SkRegion((0,0,252,117)), visible=true, changed=true isChanged:true
06-21 18:14:57.015  1647  1714 I WindowManager: setHoldScreenLocked newHoldScreen:Session{d458f3d 4326:u0a10358} currentHoldScreen:null wakeLockState:false
06-21 18:14:57.016  1647  1714 I WindowManager: Update InputWindowHandle: 79402e2 Toast, frame=[462,2091,714,2208], touchableRegion=SkRegion((0,0,252,117)), visible=true, changed=true isChanged:true
06-21 18:14:57.523  2632  2998 E BoosterUtil: convertSubIdToSlotId failed, subId:1, slotId:-1
06-21 18:14:57.523  2632  2998 E BoosterUtil: getDefaultDataSlotId failed, invalid slotId:-1, subId:1
06-21 18:14:57.858  2632  3846 I HwCommBoosterService: reportBoosterPara enter
06-21 18:14:57.858  2632  3846 I HwCommBoosterManager: reportBoosterPara enter
06-21 18:14:57.858  2632  3846 I HwCommBoosterManager: pluginId: 8
06-21 18:14:57.858  2632  2998 I HwCommBoosterManager: handleBoosterMessageSendModuleDataToPlugin enter
06-21 18:14:58.182  2632  2998 I TrafficStatisticsBoosterPlugin: handleMessage, msg = 2
06-21 18:14:58.543  2632  2998 E BoosterUtil: convertSubIdToSlotId failed, subId:1, slotId:-1
06-21 18:14:58.543  2632  2998 E BoosterUtil: getDefaultDataSlotId failed, invalid slotId:-1, subId:1
06-21 18:14:58.860  2632  3846 I HwCommBoosterService: reportBoosterPara enter
06-21 18:14:58.860  2632  3846 I HwCommBoosterManager: reportBoosterPara enter
06-21 18:14:58.860  2632  3846 I HwCommBoosterManager: pluginId: 8
06-21 18:14:58.861  2632  2998 I HwCommBoosterManager: handleBoosterMessageSendModuleDataToPlugin enter
06-21 18:14:58.866  1647  1647 I NotificationToast: HandleDurationReached timeout pkg=cn.missevan
06-21 18:14:58.866  1647  1647 I NotificationToast: cancelToastLocked remove toast pkg=cn.missevan,windowToken=android.os.Binder@32743d7,displayId=0
06-21 18:14:58.866  1647  1647 I WindowManager: removeWindowToken: displayid:0 binder:android.os.Binder@32743d7 token:WindowToken{dad94c4 android.os.Binder@32743d7}
06-21 18:14:58.886  1647  1714 I WindowManager: Update InputWindowHandle: 79402e2 Toast, frame=[462,2091,714,2208], touchableRegion=SkRegion((0,0,252,117)), visible=true, changed=true isChanged:true
06-21 18:14:58.887  1647  3432 I WindowManager: removeIfPossible: Window{79402e2 u0 Toast} callers=com.android.server.wm.WindowState.removeIfPossible:3083 com.android.server.wm.WindowManagerService.removeWindow:2626 com.android.server.wm.Session.remove:220 android.view.IWindowSession$Stub.onTransact:804 com.android.server.wm.Session.onTransact:171
06-21 18:14:58.888  1647  3432 I WindowManager: Not removing Window{79402e2 u0 Toast EXITING} due to exit animation
06-21 18:14:58.891  1647  3907 W NotificationService: Toast already killed. pkg=cn.missevan token=android.os.BinderProxy@e9ac756
06-21 18:14:58.892  1647  1714 I WindowManager: Update InputWindowHandle: 79402e2 Toast, frame=[462,2091,714,2208], touchableRegion=SkRegion(), visible=false, changed=true isChanged:true
06-21 18:14:58.982  1647  1714 I WindowManager: Exit animation finished in Window{79402e2 u0 Toast EXITING}: remove=true
