12-19 16:55:55.509  1191  1238 D DlbDlbEffect: effectCommand(handle=0xb40000724c16f5e0, cmdCode=9, cmdSize=4, pCmdData=0xb40000724a412788, replySize=4, pReplyData=0xb40000724a4127f0)
12-19 16:55:55.509  1191  1238 D DlbDlbEffect: handle_EFFECT_CMD_SET_DEVICE(device=0x00000002)
12-19 16:55:55.509  1191  1238 V DlbDapEffectContext: setDevice(00000002)
12-19 16:55:55.509  1191  1238 V DlbEffectQdspDap: setBypass(bypass = 0)
12-19 16:55:55.509  1191  1238 V DlbEffectQdspDap: setDevice()
12-19 16:55:55.509  1191  1238 D DlbQdspGefDriver: setDevice(device=0x00000002): old device 0x00000002
12-19 16:55:55.510  1235  1235 D DMSService: setActiveDevice called with device = 0x2 (original 0x2)
12-19 16:55:55.510  1191  1238 D DlbDlbEffect: effectCommand(handle=0xb40000724c16f5e0, cmdCode=11, cmdSize=4, pCmdData=0xb40000724a412788, replySize=4, pReplyData=0xb40000724a4127f0)
12-19 16:55:55.510  1191  1238 V DlbDlbEffect: handle_EFFECT_CMD_SET_AUDIO_MODE(mode=0x00000000)
12-19 16:55:55.510  1191  1238 D DlbDlbEffect: effectCommand(handle=0xb40000724c16f5e0, cmdCode=20, cmdSize=8, pCmdData=0xb40000724a412788, replySize=4, pReplyData=0xb40000724a4127f0)
12-19 16:55:55.510  1191  1238 D DlbDlbEffect: handle_EFFECT_CMD_OFFLOAD(offload=1, ioHandle=37)
12-19 16:55:55.511  1191  1238 D DlbDlbEffect: effectCommand(handle=0xb40000724c16f5e0, cmdCode=3, cmdSize=0, pCmdData=0x0, replySize=4, pReplyData=0xb40000724a4127f0)
12-19 16:55:55.511  1191  1238 D DlbDlbEffect: handle_EFFECT_CMD_ENABLE()
12-19 16:55:55.511  1191  1238 V DlbEffectQdspDap: setEnabled()
12-19 16:55:55.511  1191  1238 V DlbEffectQdspDap: updateEnabled(enabled=1, bypassed=0)
12-19 16:55:55.511  1191  1238 D DlbQdspGefDriver: setEnabled(enable=1)
12-19 16:55:55.511  1191  1238 D DlbQdspGefDriver: setEnabled(): the enabled state is already 1
12-19 16:55:55.511  1411  2035 V APM::EffectDescriptor: moveEffects session 0 srcOutput 13 dstOutput 37
12-19 16:55:55.511  1411  2035 D APM_AudioPolicyManager: getNewOutputDevices selected devices {type:0x2,@:}
12-19 16:55:55.511  1411  2035 D APM_AudioPolicyManager: setOutputDevices output 37 device {type:0x2,@:} delayMs 0 force 0 requiresMuteCheck 0
12-19 16:55:55.511  1411  2035 D APM_AudioPolicyManager: setOutputDevices() prevDevice {type:0x2,@:}
12-19 16:55:55.511  1411  2035 D AudioPolicyManagerCustom: checkAndSetVolume() set volumeSource 4 volume index 0 for device 0x2, volumeDb=-758.000000
12-19 16:55:55.513  1411  2034 D AudioFlingerImpl: setGameParameters keyvalue: volume_change=0;flags=8
12-19 16:55:55.513  1191  1238 D AHAL: AudioDeviceCustom: SetParameters flags=8;volume_change=0
12-19 16:55:55.513  1191  1238 D AHAL: AudioDevice: SetParameters: 1420: enter: flags=8;volume_change=0
12-19 16:55:55.513  1191  1238 D AHAL: AudioVoice: VoiceSetParameters: 109: Enter params: flags=8;volume_change=0
12-19 16:55:55.513  1191  1238 D AHAL: AudioVoice: VoiceSetParameters: 330: Exit ret: 0
12-19 16:55:55.513  1191  1238 D AHAL: FM: fm_set_parameters: 263: Enter
12-19 16:55:55.513  1191  1238 D AHAL: FM: fm_set_parameters: 321: exit
12-19 16:55:55.513  1191  1238 D AHAL: Loopback_karaoke: karaoke_set_parameters: Enter
12-19 16:55:55.514  1191  1238 D AHAL: Loopback_karaoke: karaoke_set_parameters: Exit
12-19 16:55:55.514  1191  1238 D AHAL: AudioDevice: SetParameters: 2210: exit: flags=8;volume_change=0
12-19 16:55:55.519  1191  1238 D DlbDlbEffect: effectCommand(handle=0xb40000724c16f5e0, cmdCode=10, cmdSize=8, pCmdData=0xb40000724a412788, replySize=0, pReplyData=0x0)
12-19 16:55:55.519  1191  1238 V DlbDlbEffect: handle_EFFECT_CMD_SET_VOLUME(vl=16777216, vr=16777216)
12-19 16:55:55.526  1411  2278 D AudioFlinger: PlaybackThread::ioConfigChanged, thread 0xb40000725b931b80, event 8
12-19 16:55:55.527  1411  9382 E AudioFlingerImpl: open /proc/28369/cmdline error
12-19 16:55:55.527  1411  9382 I AudioFlingerImpl: setAppName(), name=[], active=[1]
12-19 16:55:55.527  1191  1238 V EffectMiSound: MiSound_command() start, cmdCode=24
12-19 16:55:55.527  1191  1238 V EffectMiSound: MiSound_Command EFFECT_CMD_SET_APP_NAME: stream=3, name=+
12-19 16:55:55.527  1411  2278 D AudioFlinger: updateWakeLockUids_l AudioOut_25 uids:10266
12-19 16:55:55.527 28369 28675 D AudioTrack: [APM]-AT reScheduleCpu() cpuSet=248 tid=28675
12-19 16:55:55.528 28369 28675 D AudioTrack: [APM]-AT reScheduleCpu() cpuSet=248 tid=28675
12-19 16:55:55.529  6206  7048 I PowerCheckerService: uid:10266 change to active
12-19 16:55:55.529  1191 24861 D AHAL: AudioStream: AutoPerfLock: 141: (Acquired) perf_lock_handle: 0x32f0d, count: 1
12-19 16:55:55.529  1191 24861 D AHAL: AudioDevice: GetPalDeviceIds: 2580: haldeviceIds: 1
12-19 16:55:55.529  1191 24861 D AHAL: AudioDevice: GetPalDeviceIds: 2587: Found haldeviceId: 2 and PAL Device ID 3
12-19 16:55:55.529  1191 24861 D AHAL: AudioDevice: GetPalDeviceIds: 2606: devices allocated 1, pal device ids before returning 1
12-19 16:55:55.529  1191 24861 D AHAL: AudioStreamCustom: prepareCustomDevice: 265: uses custom key for pal stream 2, device 3, key
12-19 16:55:55.529  1191 24861 V android.hardware.audio.service_64: getCurrentDate
12-19 16:55:55.529  1191 24861 V android.hardware.audio.service_64: current time is : 2022 year, 12 month, 19 daty
12-19 16:55:55.529  1191 24861 D android.hardware.audio.service_64: do not need to seed data to xlog
12-19 16:55:55.529  1191 24861 D android.hardware.audio.service_64: send_EarsCompensation_dailyuse_to_xlog
12-19 16:55:55.529  1191 24861 E android.hardware.audio.service_64: get_int_by_key: unable to get property persist.vendor.audio.scenario
12-19 16:55:55.529  1191 24861 I android.hardware.audio.service_64: get property key: persist.vendor.audio.ears.compensation.state, value: 0
12-19 16:55:55.529  1191 24861 E android.hardware.audio.service_64: the EarsCompensation is closed
12-19 16:55:55.529  1191 24861 D android.hardware.audio.service_64: get_headset_type the type is speaker
12-19 16:55:55.529  1191 24861 D android.hardware.audio.service_64: send_misound_dailyuse_to_xlog, the headset type is speaker
12-19 16:55:55.529  1191 24861 D android.hardware.audio.service_64:  send_misound_dailyuse_to_xlog: misound without usb
12-19 16:55:55.529  1191 24861 D AHAL: AudioStream: Open: 2540: Enter OutPrimary
12-19 16:55:55.529  1191 24861 D AHAL: AudioStream: Open: 2546: no_of_devices 1
12-19 16:55:55.529  1191 24861 D AHAL: AudioStream: Open: 2602: halInputFormat 6 halOutputFormat 6 palformat 21
12-19 16:55:55.529  1191 24861 D PAL: API: pal_get_param: 856: Enter:
12-19 16:55:55.529  1191 24861 D PAL: ResourceManager: getParameter: 7595: param_id=52 (PAL_PARAM_ID_HIFI_PCM_FILTER)
12-19 16:55:55.529  1191 24861 I PAL: ResourceManager: getParameter: 7730: get parameter for HIFI PCM Filter
12-19 16:55:55.529  1191 24861 D PAL: API: pal_get_param: 868: Exit, status 0
12-19 16:55:55.529  1191 24861 D AHAL: AudioStream: Open: 2662: channels 2 samplerate 48000 format id 21, stream type 2  stream bitwidth 24
12-19 16:55:55.529  1191 24861 D AHAL: AudioStream: Open: 2663: msample_rate 0 mchannels 0
12-19 16:55:55.529  1191 24861 D AHAL: AudioStream: Open: 2664: mNoOfOutDevices 1
12-19 16:55:55.529  1191 24861 D AHAL: AudioStream: Open: 2665: (0:ret)    adevice->spk_num =0
12-19 16:55:55.529  1191 24861 I PAL: API: pal_stream_open: 156: Enter, stream type:2 (PAL_STREAM_DEEP_BUFFER)
12-19 16:55:55.529  1191 24861 D PAL: Stream: create: 110: Enter.
12-19 16:55:55.529  1191 24861 D PAL: Stream: create: 154: dattr sound card is = 0x0
12-19 16:55:55.529  1191 24861 D PAL: Stream: create: 171: no custom key found
12-19 16:55:55.529  1191 24861 D PAL: ResourceManager: getDeviceInfo: 1663: enter
12-19 16:55:55.529  1191 24861 D PAL: ResourceManager: getDeviceConfig: 2296: device id 0x3 (PAL_DEVICE_OUT_SPEAKER) channels 1 samplerate 48000, bitwidth 32 format 23 SndDev speaker priority 0xffffffff
12-19 16:55:55.529  1191 24861 D PAL: Stream: create: 194: stream type 0x2 (PAL_STREAM_DEEP_BUFFER)
12-19 16:55:55.529  1191 24861 D PAL: ResourceManager: isStreamSupported: 2319: Enter. type 2
12-19 16:55:55.529  1191 24861 D PAL: StreamPCM: isBitWidthSupported: 1683: bitWidth 24
12-19 16:55:55.529  1191 24861 D PAL: StreamPCM: isSampleRateSupported: 1638: sampleRate 48000
12-19 16:55:55.529  1191 24861 D PAL: StreamPCM: isChannelSupported: 1661: numChannels 2
12-19 16:55:55.529  1191 24861 I PAL: ResourceManager: isStreamSupported: 2440: config suppported
12-19 16:55:55.529  1191 24861 D PAL: ResourceManager: isStreamSupported: 2531: Exit. result 1
12-19 16:55:55.529  1191 24861 D PAL: StreamPCM: StreamPCM: 73: Enter
12-19 16:55:55.529  1191 24861 D PAL: ResourceManager: updateDeviceConfig: 6496: Enter
12-19 16:55:55.529  1191 24861 D PAL: ResourceManager: getDeviceInfo: 1663: enter
12-19 16:55:55.529  1191 24861 I PAL: ResourceManager: getActiveStream_l: 4898: no active streams found for device 3 ret -2
12-19 16:55:55.529  1191 24861 D PAL: ResourceManager: getSharedBEActiveStreamDevs: 6012: got dev 3 (PAL_DEVICE_OUT_SPEAKER) active streams on dev is 0
12-19 16:55:55.529  1191 24861 D PAL: ResourceManager: updateSndName: 7111: Updated snd device to speaker for device PAL_DEVICE_OUT_SPEAKER
12-19 16:55:55.529  1191 24861 I PAL: Device: setDeviceAttributes: 292: DeviceAttributes for Device Id 3 (PAL_DEVICE_OUT_SPEAKER) updated
12-19 16:55:55.529  1191 24861 D PAL: ResourceManager: updateDeviceConfig: 6621: Exit
12-19 16:55:55.529  1191 24861 D PAL: ResourceManager: registerStream: 2547: Enter. stream 0xb40000724a441040K
12-19 16:55:55.529  1191 24861 D PAL: Stream: getStreamType: 400: streamType - 2 (PAL_STREAM_DEEP_BUFFER)
12-19 16:55:55.529  1191 24861 D PAL: ResourceManager: registerStream: 2553: stream type 2 (PAL_STREAM_DEEP_BUFFER)
12-19 16:55:55.529  1191 24861 D PAL: ResourceManager: registerStream: 2691: Exit. ret 0
12-19 16:55:55.529  1191 24861 D PAL: StreamPCM: StreamPCM: 168: Exit. state 0
12-19 16:55:55.529  1191 24861 D PAL: Stream: create: 300: Exit stream 0xb40000724a441040K create successful
12-19 16:55:55.529  1191 24861 D PAL: StreamPCM: open: 178: Enter. session handle - 0xb40000724a472800K device count - 1
12-19 16:55:55.529  1191 24861 D PAL: SessionAlsaPcm: open: 98: Enter
12-19 16:55:55.529  1191 24861 D PAL: Stream: getAssociatedDevices: 492: no. of devices 1
12-19 16:55:55.529  1191 24861 D PAL: ResourceManager: getBackEndNames: 6086: getBackEndNames (RX): MI2S-LPAIF-RX-PRIMARY
12-19 16:55:55.529  1191 24861 D PAL: ResourceManager: getVirtualAudioMixer: 3411: ar 0xb40000724a472848K audio_virt_mixer 0xb40000724c17f1c0K
12-19 16:55:55.529  1191 24861 I PAL: ResourceManager: allocateFrontEndIds: 5647: allocateFrontEndIds: front end 117
12-19 16:55:55.529  1191 24861 D PAL: SessionAlsaUtils: open: 352: Entry
12-19 16:55:55.529  1191 24861 D PAL: Stream: getAssociatedDevices: 492: no. of devices 1
12-19 16:55:55.529  1191 24861 D PAL: PayloadBuilder: populateStreamKV: 2574: enter
12-19 16:55:55.529  1191 24861 I PAL: PayloadBuilder: populateStreamKV: 2588: stream type 2 (PAL_STREAM_DEEP_BUFFER)
12-19 16:55:55.529  1191 24861 D PAL: PayloadBuilder: retrieveSelectors: 2543: Enter: size_of_all :21 type:2
12-19 16:55:55.529  1191 24861 D PAL: PayloadBuilder: isIdTypeAvailable: 2533: idtype :2 passed type :2
12-19 16:55:55.529  1191 24861 D PAL: PayloadBuilder: retrieveSelectors: 2548: KeysAndValues_size: 5
12-19 16:55:55.530  1191 24861 D PAL: PayloadBuilder: retrieveSelectors: 2561: gkv_selectors: Direction
12-19 16:55:55.530  1191 24861 D PAL: PayloadBuilder: retrieveSelectors: 2561: gkv_selectors: Instance
12-19 16:55:55.530  1191 24861 D PAL: PayloadBuilder: getSelectorValues: 2383: Enter
12-19 16:55:55.530  1191 24861 D PAL: PayloadBuilder: getSelectorValues: 2404: selectors_strings :Direction
12-19 16:55:55.530  1191 24861 I PAL: PayloadBuilder: getSelectorValues: 2416: Direction: 1
12-19 16:55:55.530  1191 24861 D PAL: PayloadBuilder: getSelectorValues: 2404: selectors_strings :Instance
12-19 16:55:55.530  1191 24861 I PAL: PayloadBuilder: getSelectorValues: 2432: Instance: 1
12-19 16:55:55.530  1191 24861 D PAL: PayloadBuilder: getSelectorValues: 2516: Exit
12-19 16:55:55.530  1191 24861 D PAL: PayloadBuilder: retrieveKVs: 2338: Enter
12-19 16:55:55.530  1191 24861 D PAL: PayloadBuilder: isIdTypeAvailable: 2533: idtype :2 passed type :2
12-19 16:55:55.530  1191 24861 D PAL: PayloadBuilder: compareSelectorPairs: 2258: Enter: selector size: 2 filled_sel size: 2
12-19 16:55:55.530  1191 24861 D PAL: PayloadBuilder: compareSelectorPairs: 2265: Return True
12-19 16:55:55.530  1191 24861 D PAL: PayloadBuilder: compareSelectorPairs: 2284: Exit result: 1
12-19 16:55:55.530  1191 24861 I PAL: PayloadBuilder: findKVs: 2306: key: 0xa1000000 value: 0xa1000001
12-19 16:55:55.530  1191 24861 I PAL: PayloadBuilder: findKVs: 2306: key: 0xab000000 value: 0x1
12-19 16:55:55.530  1191 24861 D PAL: PayloadBuilder: retrieveKVs: 2342: KVs found for the stream type/dev id: 2
12-19 16:55:55.530  1191 24861 D PAL: PayloadBuilder: retrieveKVs: 2368: Exit, status 0
12-19 16:55:55.530  1191 24861 D PAL: PayloadBuilder: populateStreamCkv: 2891: Enter
12-19 16:55:55.530  1191 24861 D PAL: PayloadBuilder: populateStreamCkv: 2922: Entered default a4000000 f
12-19 16:55:55.530  1191 24861 D PAL: PayloadBuilder: populateStreamCkv: 2927: Exit, status 0
12-19 16:55:55.530  1191 24861 D PAL: ResourceManager: getVirtualAudioMixer: 3411: ar 0x722d9c7600K audio_virt_mixer 0xb40000724c17f1c0K
12-19 16:55:55.530  1191 24861 D PAL: SessionAlsaUtils: getFeMixerControl: 309: mixer control PCM117 control
12-19 16:55:55.530  1191 24861 D PAL: SessionAlsaUtils: getFeMixerControl: 309: mixer control PCM117 metadata
12-19 16:55:55.530  1191 24861 D PAL: SessionAlsaUtils: getFeMixerControl: 309: mixer control PCM117 connect
12-19 16:55:55.530  1191 24861 E PLUGIN: mixer: amp_pcm_mtd_control_put: 1085 pcm id 117, idx 8, value 0
12-19 16:55:55.530  1191 24861 D PAL: Stream: getSoundCardId: 536: sound card id = 0x0
12-19 16:55:55.530  1191 24861 I PAL: PayloadBuilder: populateDeviceKV: 2702: Enter device id:3 (PAL_DEVICE_OUT_SPEAKER)
12-19 16:55:55.530  1191 24861 D PAL: PayloadBuilder: retrieveSelectors: 2543: Enter: size_of_all :25 type:3
12-19 16:55:55.530  1191 24861 D PAL: PayloadBuilder: isIdTypeAvailable: 2533: idtype :3 passed type :3
12-19 16:55:55.530  1191 24861 D PAL: PayloadBuilder: retrieveSelectors: 2548: KeysAndValues_size: 1
12-19 16:55:55.530  1191 24861 D PAL: PayloadBuilder: retrieveKVs: 2338: Enter
12-19 16:55:55.530  1191 24861 D PAL: PayloadBuilder: isIdTypeAvailable: 2533: idtype :3 passed type :3
12-19 16:55:55.530  1191 24861 I PAL: PayloadBuilder: findKVs: 2319: key: 0xa2000000 value: 0xa2000001
12-19 16:55:55.530  1191 24861 D PAL: PayloadBuilder: retrieveKVs: 2342: KVs found for the stream type/dev id: 3
12-19 16:55:55.530  1191 24861 D PAL: PayloadBuilder: retrieveKVs: 2368: Exit, status 0
12-19 16:55:55.530  1191 24861 I PAL: PayloadBuilder: populateDeviceKV: 2730: Exit device id:3 (PAL_DEVICE_OUT_SPEAKER), status 0
12-19 16:55:55.530  1191 24861 D PAL: PayloadBuilder: populateDevicePPKV: 2841: Enter
12-19 16:55:55.530  1191 24861 I PAL: PayloadBuilder: populateDevicePPKV: 2845: Rx device id:3 (PAL_DEVICE_OUT_SPEAKER)
12-19 16:55:55.530  1191 24861 D PAL: PayloadBuilder: retrieveSelectors: 2543: Enter: size_of_all :18 type:3
12-19 16:55:55.530  1191 24861 D PAL: PayloadBuilder: isIdTypeAvailable: 2533: idtype :3 passed type :3
12-19 16:55:55.530  1191 24861 D PAL: PayloadBuilder: retrieveSelectors: 2548: KeysAndValues_size: 6
12-19 16:55:55.530  1191 24861 D PAL: PayloadBuilder: retrieveSelectors: 2561: gkv_selectors: StreamType
12-19 16:55:55.530  1191 24861 D PAL: PayloadBuilder: retrieveSelectors: 2561: gkv_selectors: CustomConfig
12-19 16:55:55.530  1191 24861 D PAL: PayloadBuilder: retrieveSelectors: 2561: gkv_selectors: SubType
12-19 16:55:55.530  1191 24861 D PAL: PayloadBuilder: getSelectorValues: 2383: Enter
12-19 16:55:55.530  1191 24861 D PAL: PayloadBuilder: getSelectorValues: 2404: selectors_strings :StreamType
12-19 16:55:55.530  1191 24861 I PAL: PayloadBuilder: getSelectorValues: 2486: stream type: 2
12-19 16:55:55.530  1191 24861 D PAL: PayloadBuilder: getSelectorValues: 2404: selectors_strings :CustomConfig
12-19 16:55:55.530  1191 24861 D PAL: PayloadBuilder: getSelectorValues: 2404: selectors_strings :SubType
12-19 16:55:55.530  1191 24861 D PAL: PayloadBuilder: getSelectorValues: 2516: Exit
12-19 16:55:55.530  1191 24861 D PAL: PayloadBuilder: retrieveKVs: 2338: Enter
12-19 16:55:55.530  1191 24861 D PAL: PayloadBuilder: isIdTypeAvailable: 2533: idtype :3 passed type :3
12-19 16:55:55.530  1191 24861 D PAL: PayloadBuilder: compareSelectorPairs: 2258: Enter: selector size: 5 filled_sel size: 1
12-19 16:55:55.530  1191 24861 D PAL: PayloadBuilder: compareSelectorPairs: 2273: Inside the find loop count=1
12-19 16:55:55.530  1191 24861 D PAL: PayloadBuilder: compareSelectorPairs: 2276: After find count:1
12-19 16:55:55.530  1191 24861 D PAL: PayloadBuilder: compareSelectorPairs: 2279: Return True
12-19 16:55:55.530  1191 24861 D PAL: PayloadBuilder: compareSelectorPairs: 2284: Exit result: 1
12-19 16:55:55.530  1191 24861 I PAL: PayloadBuilder: findKVs: 2306: key: 0xa2000000 value: 0xa2000001
12-19 16:55:55.530  1191 24861 I PAL: PayloadBuilder: findKVs: 2306: key: 0xac000000 value: 0xac000002
12-19 16:55:55.530  1191 24861 D PAL: PayloadBuilder: retrieveKVs: 2342: KVs found for the stream type/dev id: 3
12-19 16:55:55.530  1191 24861 D PAL: PayloadBuilder: retrieveKVs: 2368: Exit, status 0
12-19 16:55:55.530  1191 24861 D PAL: PayloadBuilder: populateDevicePPKV: 2877: Exit, status: 0
12-19 16:55:55.530  1191 24861 D PAL: PayloadBuilder: populateDevicePPCkv: 2939: Enter
12-19 16:55:55.530  1191 24861 D PAL: Stream: getAssociatedDevices: 492: no. of devices 1
12-19 16:55:55.530  1191 24861 I PAL: PayloadBuilder: populateDevicePPCkv: 2986: SpeakerProt Status[1], RAS Status[0]
12-19 16:55:55.530  1191 24861 D PAL: PayloadBuilder: populateDevicePPCkv: 3005: Entered default d2000000 0
12-19 16:55:55.530  1191 24861 D PAL: PayloadBuilder: populateDevicePPCkv: 3021: Exit, status 0
12-19 16:55:55.530  1191 24861 D PAL: SessionAlsaUtils: open: 462: Speaker protection enabled
12-19 16:55:55.530  1191 24861 D PAL: Stream: getVolumeData: 574: num config 1
12-19 16:55:55.530  1191 24861 D PAL: Stream: getAssociatedDevices: 492: no. of devices 1
12-19 16:55:55.530  1191 24861 D PAL: PayloadBuilder: populateCalKeyVector: 3137: Mono channel speaker
12-19 16:55:55.530  1191 24861 D PAL: SessionAlsaUtils: getBeMixerControl: 319: mixer control MI2S-LPAIF-RX-PRIMARY metadata
12-19 16:55:55.530  6206  6785 I a       : uid:10266 change to active
12-19 16:55:55.530  1191 24861 E PLUGIN: mixer: amp_pcm_mtd_control_put: 1085 pcm id 117, idx 8, value 9
12-19 16:55:55.530  1243  5376 D agm_server_wrapper: Aif id 15 already added to session list of 117
12-19 16:55:55.530  1191 24861 D PAL: SessionAlsaUtils: open: 532: Exit, status 0
12-19 16:55:55.530  1191 24861 D PAL: ResourceManager: registerMixerEventCallback: 3972: callback exists for pcm id 117, overwrite
12-19 16:55:55.530  1191 24861 D PAL: SessionAlsaPcm: open: 230: Exit status: 0
12-19 16:55:55.530  1191 24861 D PAL: ResourceManager: getPALDeviceName: 6666: id 3 (PAL_DEVICE_OUT_SPEAKER)
12-19 16:55:55.530  1191 24861 I PAL: Device: open: 367: Enter. deviceCount 0 for device id 3 (PAL_DEVICE_OUT_SPEAKER)
12-19 16:55:55.531  1191 24861 D PAL: ResourceManager: getVirtualAudioMixer: 3411: ar 0x722d9c8208K audio_virt_mixer 0xb40000724c17f1c0K
12-19 16:55:55.531  1191 24861 D PAL: SessionAlsaUtils: getBeMixerControl: 319: mixer control MI2S-LPAIF-RX-PRIMARY rate ch fmt
12-19 16:55:55.531  1191 24861 I PAL: SessionAlsaUtils: setDeviceMediaConfig: 950: MI2S-LPAIF-RX-PRIMARY rate ch fmt data_fmt 48000 1 10 1
12-19 16:55:55.531  1191 24861 D PAL: ResourceManager: getAudioRoute: 3400: ar 0xb40000724c18b150K audio_route 0xb40000724c155ab0K
12-19 16:55:55.531  1191 24861 D PAL: Device: open: 391: audio_route 0xb40000724c155ab0K SND device name speaker
12-19 16:55:55.531  1191 24861 D audio_route: Apply path: speaker
12-19 16:55:55.531  1191 24861 E audio_route: Path: speaker, length: 1
12-19 16:55:55.531  1191 24861 E audio_route:   id=0: ctl=aw_dev_0_switch
12-19 16:55:55.531  1191 24861 E audio_route:     id=0 value=1
12-19 16:55:55.531  1191 24861 I PAL: Device: open: 413: Exit. deviceCount 1 for device id 3 (PAL_DEVICE_OUT_SPEAKER), exit status: 0
12-19 16:55:55.531  1191 24861 D PAL: StreamPCM: open: 259: streamLL opened. state 1
12-19 16:55:55.531  1191 24861 D PAL: StreamPCM: open: 272: Exit ret 0
12-19 16:55:55.531  1191 24861 D PAL: API: notify_concurrent_stream: 70: Notify concurrent stream type 2, direction 1, active 1
12-19 16:55:55.531  1191 24861 D PAL: ResourceManager: HandleConcurrencyForSoundTriggerStreams: 4428: Enter, stream type 2 (PAL_STREAM_DEEP_BUFFER), direction 1, active 1
12-19 16:55:55.531  1191 24861 I PAL: ResourceManager: GetConcurrencyInfo: 4283: stream type 2 (PAL_STREAM_DEEP_BUFFER) Tx conc 0, Rx conc 1, concurrency allowed
12-19 16:55:55.531  1191 24861 I PAL: ResourceManager: GetConcurrencyInfo: 4283: stream type 2 (PAL_STREAM_DEEP_BUFFER) Tx conc 0, Rx conc 1, concurrency allowed
12-19 16:55:55.531  1191 24861 I PAL: ResourceManager: GetConcurrencyInfo: 4283: stream type 2 (PAL_STREAM_DEEP_BUFFER) Tx conc 0, Rx conc 1, concurrency allowed
12-19 16:55:55.531  1191 24861 D PAL: ResourceManager: HandleDetectionStreamAction: 4156: Enter
12-19 16:55:55.531  1191 24861 D PAL: ResourceManager: isStreamActive: 2863: Enter.
12-19 16:55:55.531  1191 24861 D PAL: ResourceManager: isStreamActive: 2870: Exit, ret 1
12-19 16:55:55.531  1191 24861 D PAL: ResourceManager: HandleDetectionStreamAction: 4214: Exit, status 0
12-19 16:55:55.531  1191 24861 D PAL: ResourceManager: HandleDetectionStreamAction: 4156: Enter
12-19 16:55:55.531  1191 24861 D PAL: ResourceManager: isStreamActive: 2863: Enter.
12-19 16:55:55.531  1191 24861 D PAL: ResourceManager: isStreamActive: 2870: Exit, ret 1
12-19 16:55:55.531  1191 24861 D PAL: ResourceManager: HandleDetectionStreamAction: 4214: Exit, status 0
12-19 16:55:55.531  1191 24861 D PAL: ResourceManager: HandleDetectionStreamAction: 4156: Enter
12-19 16:55:55.531  1191 24861 D PAL: ResourceManager: isStreamActive: 2863: Enter.
12-19 16:55:55.531  1191 24861 D PAL: ResourceManager: isStreamActive: 2870: Exit, ret 1
12-19 16:55:55.531  1191 24861 D PAL: ResourceManager: HandleDetectionStreamAction: 4214: Exit, status 0
12-19 16:55:55.531  1191 24861 D PAL: ResourceManager: handleConcurrentStreamSwitch: 4347: No ST session active, reset capture profile
12-19 16:55:55.531  1191 24861 D PAL: ResourceManager: handleConcurrentStreamSwitch: 4358: stop/unload stream type 17 (PAL_STREAM_VOICE_UI)
12-19 16:55:55.531  1191 24861 D PAL: ResourceManager: HandleDetectionStreamAction: 4156: Enter
12-19 16:55:55.531  1191 24861 D PAL: ResourceManager: isStreamActive: 2863: Enter.
12-19 16:55:55.531  1191 24861 D PAL: ResourceManager: isStreamActive: 2870: Exit, ret 1
12-19 16:55:55.531  1191 24861 D PAL: ResourceManager: HandleDetectionStreamAction: 4214: Exit, status 0
12-19 16:55:55.531  1191 24861 D PAL: ResourceManager: handleConcurrentStreamSwitch: 4358: stop/unload stream type 23 (PAL_STREAM_ACD)
12-19 16:55:55.531  1191 24861 D PAL: ResourceManager: HandleDetectionStreamAction: 4156: Enter
12-19 16:55:55.531  1191 24861 D PAL: ResourceManager: isStreamActive: 2863: Enter.
12-19 16:55:55.531  1191 24861 D PAL: ResourceManager: isStreamActive: 2870: Exit, ret 1
12-19 16:55:55.531  1191 24861 D PAL: ResourceManager: HandleDetectionStreamAction: 4214: Exit, status 0
12-19 16:55:55.531  1191 24861 D PAL: ResourceManager: handleConcurrentStreamSwitch: 4358: stop/unload stream type 25 (PAL_STREAM_SENSOR_PCM_DATA)
12-19 16:55:55.531  1191 24861 D PAL: ResourceManager: HandleDetectionStreamAction: 4156: Enter
12-19 16:55:55.531  1191 24861 D PAL: ResourceManager: isStreamActive: 2863: Enter.
12-19 16:55:55.531  1191 24861 D PAL: ResourceManager: isStreamActive: 2870: Exit, ret 1
12-19 16:55:55.531  1191 24861 D PAL: ResourceManager: HandleDetectionStreamAction: 4214: Exit, status 0
12-19 16:55:55.531  1191 24861 D PAL: ResourceManager: handleConcurrentStreamSwitch: 4366: load/start stream type 17 (PAL_STREAM_VOICE_UI)
12-19 16:55:55.531  1191 24861 D PAL: ResourceManager: HandleDetectionStreamAction: 4156: Enter
12-19 16:55:55.531  1191 24861 D PAL: ResourceManager: isStreamActive: 2863: Enter.
12-19 16:55:55.531  1191 24861 D PAL: ResourceManager: isStreamActive: 2870: Exit, ret 1
12-19 16:55:55.531  1191 24861 D PAL: ResourceManager: HandleDetectionStreamAction: 4214: Exit, status 0
12-19 16:55:55.531  1191 24861 D PAL: ResourceManager: handleConcurrentStreamSwitch: 4366: load/start stream type 23 (PAL_STREAM_ACD)
12-19 16:55:55.531  1191 24861 D PAL: ResourceManager: HandleDetectionStreamAction: 4156: Enter
12-19 16:55:55.531  1191 24861 D PAL: ResourceManager: isStreamActive: 2863: Enter.
12-19 16:55:55.531  1191 24861 D PAL: ResourceManager: isStreamActive: 2870: Exit, ret 1
12-19 16:55:55.531  1191 24861 D PAL: ResourceManager: HandleDetectionStreamAction: 4214: Exit, status 0
12-19 16:55:55.531  1191 24861 D PAL: ResourceManager: handleConcurrentStreamSwitch: 4366: load/start stream type 25 (PAL_STREAM_SENSOR_PCM_DATA)
12-19 16:55:55.531  1191 24861 D PAL: ResourceManager: HandleDetectionStreamAction: 4156: Enter
12-19 16:55:55.531  1191 24861 D PAL: ResourceManager: isStreamActive: 2863: Enter.
12-19 16:55:55.531  1191 24861 D PAL: ResourceManager: isStreamActive: 2870: Exit, ret 1
12-19 16:55:55.531  1191 24861 D PAL: ResourceManager: HandleDetectionStreamAction: 4214: Exit, status 0
12-19 16:55:55.531  1191 24861 D PAL: ResourceManager: HandleConcurrencyForSoundTriggerStreams: 4484: Exit
12-19 16:55:55.531  1191 24861 I PAL: API: pal_stream_open: 194: Exit. Value of stream_handle 0xb40000724a441040K, status 0
12-19 16:55:55.531  1191 24861 D AHAL: AudioStream: Open: 2676: (0:ret)
12-19 16:55:55.531  1191 24861 D AHAL: AudioStream: GetBufferSize: 2496: type 2
12-19 16:55:55.531  1191 24861 D AHAL: AudioStream: Open: 2794: fragment_size_ 11520 fragments_ 2
12-19 16:55:55.531  1191 24861 D PAL: API: pal_stream_set_buffer_size: 604: Enter. Stream handle :0xb40000724a441040K
12-19 16:55:55.531  1191 24861 D PAL: Stream: setBufInfo: 616: Out Buffer size 11520 and Out Buffer count 2 metaData sz 0
12-19 16:55:55.531  1191 24861 D PAL: Stream: setBufInfo: 630: no of buf 2 and send buf 11520
12-19 16:55:55.531  1191 24861 D PAL: API: pal_stream_set_buffer_size: 612: Exit. status 0
12-19 16:55:55.531  1191 24861 D AHAL: AudioStream: Open: 2824: Exit ret: 0
12-19 16:55:55.531  1191 24861 D AHAL: AudioStream: ~AutoPerfLock: 151: (release) perf_lock_handle: 0x32f0d, count: 1
12-19 16:55:55.531  1191 24861 D AHAL: AudioStream: ~AutoPerfLock: 155: Releasing perf_lock_handle: 0x32f0d
12-19 16:55:55.531  1191 24861 D AHAL: AudioStream: AutoPerfLock: 141: (Acquired) perf_lock_handle: 0x32f0e, count: 1
12-19 16:55:55.531  1191 24861 I PAL: API: pal_stream_start: 256: Enter. Stream handle 0xb40000724a441040K
12-19 16:55:55.531  1191 24861 D PAL: StreamPCM: start: 361: Enter. session handle - 0xb40000724a472800K mStreamAttr->direction - 1 state 1 (STREAM_INIT)
12-19 16:55:55.531  1191 24861 E PAL: StreamPCM: start: 389: Rx device id is 3 (PAL_DEVICE_OUT_SPEAKER)
12-19 16:55:55.531  1191 24861 D PAL: SpeakerProtection: start: 2212: Enter
12-19 16:55:55.531  1191 24861 D PAL: SpeakerProtection: spkrProtProcessingMode: 1354: Flag 1
12-19 16:55:55.531  1191 24861 D PAL: SpeakerProtection: spkrProtProcessingMode: 1382: Custom payload size 0, Payload 0x0
12-19 16:55:55.531  1191 24861 D PAL: SpeakerProtection: spkrProtSetSpkrStatus: 154: Enter
12-19 16:55:55.531  1191 24861 D PAL: SpeakerProtection: spkrProtSetSpkrStatus: 164: Exit
12-19 16:55:55.531  1191 24861 D PAL: ResourceManager: getAudioRoute: 3400: ar 0x722d9c7dc8K audio_route 0xb40000724c155ab0K
12-19 16:55:55.531  1191 24861 D PAL: SpeakerProtection: spkrProtProcessingMode: 1461: get the audio route vi-feedback
12-19 16:55:55.531  1191 24861 D PAL: PayloadBuilder: getDeviceKV: 2007: Enter: device ID: 38 (PAL_DEVICE_IN_VI_FEEDBACK)
12-19 16:55:55.531  1191 24861 D PAL: PayloadBuilder: retrieveKVs: 2338: Enter
12-19 16:55:55.531  1191 24861 D PAL: PayloadBuilder: isIdTypeAvailable: 2533: idtype :38 passed type :38
12-19 16:55:55.531  1191 24861 I PAL: PayloadBuilder: findKVs: 2319: key: 0xa3000000 value: 0xa3000009
12-19 16:55:55.531  1191 24861 D PAL: PayloadBuilder: retrieveKVs: 2342: KVs found for the stream type/dev id: 38
12-19 16:55:55.531  1191 24861 D PAL: PayloadBuilder: retrieveKVs: 2368: Exit, status 0
12-19 16:55:55.532  1191 24861 D PAL: ResourceManager: getVirtualAudioMixer: 3411: ar 0x722d9c7ae8K audio_virt_mixer 0xb40000724c17f1c0K
12-19 16:55:55.532  1191 24861 D PAL: SessionAlsaUtils: getBeMixerControl: 319: mixer control MI2S-LPAIF-TX-PRIMARY rate ch fmt
12-19 16:55:55.532  1191 24861 I PAL: SessionAlsaUtils: setDeviceMediaConfig: 950: MI2S-LPAIF-TX-PRIMARY rate ch fmt data_fmt 48000 1 10 1
12-19 16:55:55.532  1191 24861 I PAL: ResourceManager: allocateFrontEndIds: 5679: allocateFrontEndIds: front end 121
12-19 16:55:55.532  1191 24861 D agm_client_wrapper: agm_session_open called with handle = 2d9c75d0 , *handle = 0
12-19 16:55:55.535  1243 20086 D AGM: graph: graph_open: 543 entry
12-19 16:55:55.535  1243 20086 D AGM: metadata: metadata_print: 78 *************************Metadata*************************
12-19 16:55:55.535  1243 20086 D AGM: metadata: metadata_print: 79 GKV size:1
12-19 16:55:55.535  1243 20086 D AGM: metadata: metadata_print: 82 key:0xa3000000, value:0xa3000009
12-19 16:55:55.535  1243 20086 D kv_xml_parser: metadata_print:    key[DeviceTX] value[VI_TX]
12-19 16:55:55.535  1243 20086 D AGM: metadata: metadata_print: 87
12-19 16:55:55.535  1243 20086 D AGM: metadata: CKV count:1
12-19 16:55:55.535  1243 20086 D AGM: metadata: metadata_print: 90 key:0xbf000000, value:0x0
12-19 16:55:55.535  1243 20086 D kv_xml_parser: metadata_print:    key[SP_VI_Map] value[RightSpeaker]
12-19 16:55:55.535  1243 20086 D AGM: metadata: metadata_print: 93
12-19 16:55:55.535  1243 20086 D AGM: metadata: metadata_print: 95 Property ID:134217744 (0x00000010)
12-19 16:55:55.535  1243 20086 D AGM: metadata: metadata_print: 96 property count:1
12-19 16:55:55.535  1243 20086 D AGM: metadata: metadata_print: 99 Property Values:
12-19 16:55:55.535  1243 20086 D AGM: metadata: metadata_print: 101 0x2
12-19 16:55:55.535  1243 20086 D AGM: metadata: metadata_print: 103
12-19 16:55:55.535  1243 20086 D AGM: metadata: metadata_print: 104 ****************Metadata Done***************************
12-19 16:55:55.535  1243 20086 D AGM: metadata:
12-19 16:55:55.535  1243 20086 E ACDB    : AcdbCmdGetGraphAlias:4153 Error[19]: Graph Alias chunk data does not exist. Is it enabled?.
12-19 16:55:55.535  1243 20086 E gsl     : gsl_get_graph_alias:2182 acdb get graph alias failed 19, len 255
12-19 16:55:55.535  1243 20086 D AGM: graph: print_graph_alias: 2201 gsl_get_graph_alias failed: ret = 19
12-19 16:55:55.535  1243 20086 D AGM: graph: graph_open: 660 miid 42d5 mid 700100b tag c0000005
12-19 16:55:55.535  1243 20086 D kv_xml_parser: graph_open:                        tag device_hw_ep_tx
12-19 16:55:55.535  1243 20086 I GPR:    : __gpr_cmd_register_v2:902 GPR Register: Source Port is 8208 heap_index: 0
12-19 16:55:55.535  1243 20086 I gsl     : gsl_graph_open_sgids_and_connections:2717 num_sgid= 1
12-19 16:55:55.535  1243 20086 I gsl     : gsl_graph_open_sgids_and_connections:2718 sg list:
12-19 16:55:55.535  1243 20086 I gsl     : gsl_graph_open_sgids_and_connections:2720 b00000d5
12-19 16:55:55.535  1243 20086 I gsl     : gsl_send_spf_cmd:156 sending pkt with token 0x1ed8
12-19 16:55:55.536  2475  3673 D AudioServiceStubImpl: disableBTSpatialAudio enter listAudioPorts
12-19 16:55:55.537  1243 20086 I gsl     : gsl_send_spf_cmd:183 rcvd pkt token : 0x1ed8
12-19 16:55:55.537  1243 20086 I gsl     : gsl_send_spf_cmd:156 sending pkt with token 0x1ed9
12-19 16:55:55.537  1243 20086 I gsl     : gsl_send_spf_cmd:183 rcvd pkt token : 0x1ed9
12-19 16:55:55.537  1243 20086 E ACDB    : AcdbCmdGetProcSubgraphCalDataPersist:8408 Error[19]: No calibration found
12-19 16:55:55.537  1243 20086 D AGM: graph: graph_open: 693 graph_handle 0x47534c
12-19 16:55:55.537  1243 20086 D AGM: graph: graph_open: 728 exit, ret 0
12-19 16:55:55.537  1191 24861 D agm_client_wrapper: agm_session_open Received handle = 0x722d9c75d0 , *handle = b400006fe2a5b100
12-19 16:55:55.537  1191 24861 D PLUGIN: pcm: agm_pcm_hw_params: 461 agm_pcm_hw_params: mode: 268435456
12-19 16:55:55.537 17286 17683 D Avrcp_ext: AudioManager Player: AudioPlaybackConfiguration piid:1527 deviceId:0 type:android.media.SoundPool u/pid:10079/9868 state:idle attr:AudioAttributes: usage=USAGE_ASSISTANCE_SONIFICATION content=CONTENT_TYPE_SONIFICATION flags=0x800 tags= bundle=null sessionId:0
12-19 16:55:55.538  1191 24861 D audio_route: Apply path: vi-feedback
12-19 16:55:55.538  1191 24861 E audio_route: Path: vi-feedback, length: 0
12-19 16:55:55.538  1191 24861 D PAL: SpeakerProtection: spkrProtProcessingMode: 2043: pcm start for TX
12-19 16:55:55.538  1243  2181 D AGM: graph: graph_prepare: 789 entry graph_handle 0x47534c
12-19 16:55:55.538  1243  2181 D AGM: graph_module: configure_hw_ep_media_config: 630 entry mod tag c0000005 miid 42d5 mid 700100b
12-19 16:55:55.538  1243  2181 D AGM: graph_module: configure_hw_ep_media_config: 665 rate 48000 bw 32 ch 1, data_fmt 1
12-19 16:55:55.538  1243  2181 I gsl     : gsl_send_spf_cmd:156 sending pkt with token 0x1eda
12-19 16:55:55.538  1243  2181 I gsl     : gsl_send_spf_cmd:183 rcvd pkt token : 0x1eda
12-19 16:55:55.538  1243  2181 D AGM: graph_module: configure_hw_ep_media_config: 675 exit, ret 0
12-19 16:55:55.538 17286 17683 D Avrcp_ext: AudioManager Player: AudioPlaybackConfiguration piid:95 deviceId:0 type:android.media.SoundPool u/pid:1000/2475 state:idle attr:AudioAttributes: usage=USAGE_ASSISTANCE_SONIFICATION content=CONTENT_TYPE_SONIFICATION flags=0x800 tags= bundle=null sessionId:0
12-19 16:55:55.538  1243  2181 I gsl     : gsl_send_spf_cmd:156 sending pkt with token 0x1edb
12-19 16:55:55.538 17286 17683 D Avrcp_ext: AudioManager Player: AudioPlaybackConfiguration piid:111 deviceId:0 type:android.media.SoundPool u/pid:1000/4496 state:idle attr:AudioAttributes: usage=USAGE_ASSISTANCE_SONIFICATION content=CONTENT_TYPE_SONIFICATION flags=0x800 tags= bundle=null sessionId:0
12-19 16:55:55.538  1243  2181 I gsl     : gsl_send_spf_cmd:183 rcvd pkt token : 0x1edb
12-19 16:55:55.538  1243  2181 D AGM: graph_module: configure_i2s_ep: 351 exit, ret 0
12-19 16:55:55.538  1243  2181 I gsl     : gsl_send_spf_cmd:156 sending pkt with token 0x1edc
12-19 16:55:55.539 17286 17683 D Avrcp_ext: AudioManager Player: AudioPlaybackConfiguration piid:1535 deviceId:0 type:android.media.SoundPool u/pid:1027/9739 state:idle attr:AudioAttributes: usage=USAGE_ASSISTANCE_SONIFICATION content=CONTENT_TYPE_SONIFICATION flags=0x800 tags= bundle=null sessionId:0
12-19 16:55:55.539  1243  2181 I gsl     : gsl_send_spf_cmd:183 rcvd pkt token : 0x1edc
12-19 16:55:55.539  1243  2181 D AGM: graph: graph_prepare: 867 exit, ret 0
12-19 16:55:55.539  1243 24708 D AGM: graph: graph_start: 881 entry graph_handle 0x47534c
12-19 16:55:55.539  1243 24708 I gsl     : gsl_send_spf_cmd:156 sending pkt with token 0x1edd
12-19 16:55:55.540 17286 17683 D Avrcp_ext: AudioManager Player: AudioPlaybackConfiguration piid:3359 deviceId:3 type:android.media.AudioTrack u/pid:10266/28369 state:started attr:AudioAttributes: usage=USAGE_MEDIA content=CONTENT_TYPE_MUSIC flags=0xA00 tags= bundle=null sessionId:4649
12-19 16:55:55.541  1243 24708 I gsl     : gsl_send_spf_cmd:183 rcvd pkt token : 0x1edd
12-19 16:55:55.541  1243 24708 D AGM: graph: graph_start: 893 exit, ret 0
12-19 16:55:55.541  1191 24861 D PAL: SpeakerProtection: start: 2229: Calling Device start
12-19 16:55:55.541  1191 24861 D PAL: Device: start_l: 483: Enter. deviceCount 1 deviceStartStopCount 0 for device id 3 (PAL_DEVICE_OUT_SPEAKER)
12-19 16:55:55.541  1191 24861 D PAL: ResourceManager: getVirtualAudioMixer: 3411: ar 0x722d9c86b8K audio_virt_mixer 0xb40000724c17f1c0K
12-19 16:55:55.541  1191 24861 D PAL: SessionAlsaUtils: getBeMixerControl: 319: mixer control MI2S-LPAIF-RX-PRIMARY rate ch fmt
12-19 16:55:55.541  1191 24861 I PAL: SessionAlsaUtils: setDeviceMediaConfig: 950: MI2S-LPAIF-RX-PRIMARY rate ch fmt data_fmt 48000 1 10 1
12-19 16:55:55.541  1191 24861 D PAL: Device: start_l: 504: Exit, status 0
12-19 16:55:55.541  1191 24861 D PAL: SessionAlsaPcm: start: 764: Enter
12-19 16:55:55.541  1191 24861 D PAL: Stream: getStreamType: 400: streamType - 2 (PAL_STREAM_DEEP_BUFFER)
12-19 16:55:55.541  1191 24861 I PAL: ResourceManager: voteSleepMonitor: 1430: Enter for stream type 2
12-19 16:55:55.541  1191 24861 I PAL: ResourceManager: voteSleepMonitor: 1482: Voting done for nlpi use case, lpi votes 0, nlpi votes : 1
12-19 16:55:55.541  1191 24861 D PAL: Stream: getBufInfo: 724: In Buffer size 960, In Buffer count 4
12-19 16:55:55.541  1191 24861 D PAL: Stream: getBufInfo: 728: Out Buffer size 11520 and Out Buffer count 2
12-19 16:55:55.541  1191 24861 D agm_client_wrapper: agm_session_open called with handle = 2d9c7dc0 , *handle = 0
12-19 16:55:55.542  1243 20086 D AGM: graph: graph_open: 543 entry
12-19 16:55:55.542  1243 20086 D AGM: metadata: metadata_print: 78 *************************Metadata*************************
12-19 16:55:55.542  1243 20086 D AGM: metadata: metadata_print: 79 GKV size:4
12-19 16:55:55.542  1243 20086 D AGM: metadata: metadata_print: 82 key:0xa1000000, value:0xa1000001
12-19 16:55:55.542  1243 20086 D kv_xml_parser: metadata_print:    key[StreamRX] value[PCM_Deep_Buffer]
12-19 16:55:55.542  1243 20086 D AGM: metadata: metadata_print: 82 key:0xab000000, value:0x1
12-19 16:55:55.542  1243 20086 D kv_xml_parser: metadata_print:    key[Instance] value[Instance_1]
12-19 16:55:55.542  1243 20086 D AGM: metadata: metadata_print: 82 key:0xa2000000, value:0xa2000001
12-19 16:55:55.542  1243 20086 D kv_xml_parser: metadata_print:    key[DeviceRX] value[Speaker]
12-19 16:55:55.542  1243 20086 D AGM: metadata: metadata_print: 82 key:0xac000000, value:0xac000002
12-19 16:55:55.542  1243 20086 D kv_xml_parser: metadata_print:    key[DevicePP_Rx] value[Audio_MBDRC]
12-19 16:55:55.542  1243 20086 D AGM: metadata: metadata_print: 87
12-19 16:55:55.542  1243 20086 D AGM: metadata: CKV count:3
12-19 16:55:55.542  1243 20086 D AGM: metadata: metadata_print: 90 key:0xa4000000, value:0xf
12-19 16:55:55.542  1243 20086 D kv_xml_parser: metadata_print:    key[Volume] value[Level_15]
12-19 16:55:55.542  1243 20086 D AGM: metadata: metadata_print: 90 key:0xd2000000, value:0x0
12-19 16:55:55.542  1243 20086 D AGM: metadata: metadata_print: 90 key:0xbe000000, value:0x1
12-19 16:55:55.542  1243 20086 D kv_xml_parser: metadata_print:    key[SP_Dev_Map] value[Right_Mono]
12-19 16:55:55.542  1243 20086 D AGM: metadata: metadata_print: 93
12-19 16:55:55.542  1243 20086 D AGM: metadata: metadata_print: 95 Property ID:134217744 (0x00000010)
12-19 16:55:55.542  1243 20086 D AGM: metadata: metadata_print: 96 property count:4
12-19 16:55:55.542  1243 20086 D AGM: metadata: metadata_print: 99 Property Values:
12-19 16:55:55.542  1243 20086 D AGM: metadata: metadata_print: 101 0x1
12-19 16:55:55.542  1243 20086 D AGM: metadata: metadata_print: 101 0x3
12-19 16:55:55.542  1243 20086 D AGM: metadata: metadata_print: 101 0x2
12-19 16:55:55.542  1243 20086 D AGM: metadata: metadata_print: 101 0x5
12-19 16:55:55.542  1243 20086 D AGM: metadata: metadata_print: 103
12-19 16:55:55.542  1243 20086 D AGM: metadata: metadata_print: 104 ****************Metadata Done***************************
12-19 16:55:55.542  1243 20086 D AGM: metadata:
12-19 16:55:55.542  1243 20086 E ACDB    : AcdbCmdGetGraphAlias:4153 Error[19]: Graph Alias chunk data does not exist. Is it enabled?.
12-19 16:55:55.542  1243 20086 E gsl     : gsl_get_graph_alias:2182 acdb get graph alias failed 19, len 255
12-19 16:55:55.542  1243 20086 D AGM: graph: print_graph_alias: 2201 gsl_get_graph_alias failed: ret = 19
12-19 16:55:55.542  1243 20086 D AGM: graph: graph_open: 616 miid 4001 mid 7001000 tag c0000002
12-19 16:55:55.542  1243 20086 D kv_xml_parser: graph_open:                        tag stream_input_media_format
12-19 16:55:55.542  1243 20086 D AGM: graph: graph_open: 660 miid 42d7 mid 700100a tag c0000004
12-19 16:55:55.542  1243 20086 D kv_xml_parser: graph_open:                        tag device_hw_ep_rx
12-19 16:55:55.542  1243 20086 D AGM: graph: graph_open: 616 miid 4019 mid 7001019 tag c0000006
12-19 16:55:55.542  1243 20086 D kv_xml_parser: graph_open:                        tag stream_pause
12-19 16:55:55.542  1243 20086 D AGM: graph: graph_open: 616 miid 4003 mid 7001005 tag c000000e
12-19 16:55:55.542  1243 20086 D kv_xml_parser: graph_open:                        tag stream_pcm_decoder
12-19 16:55:55.542  1243 20086 D AGM: graph: graph_open: 616 miid 4004 mid 7001003 tag c0000010
12-19 16:55:55.542  1243 20086 D kv_xml_parser: graph_open:                        tag stream_pcm_converter
12-19 16:55:55.542  1243 20086 D AGM: graph: graph_open: 616 miid 4163 mid 7001032 tag c0000013
12-19 16:55:55.542  1243 20086 D kv_xml_parser: graph_open:                        tag stream_spr
12-19 16:55:55.542  1243 20086 I GPR:    : __gpr_cmd_register_v2:902 GPR Register: Source Port is 8209 heap_index: 0
12-19 16:55:55.542  1243 20086 I gsl     : gsl_graph_open_sgids_and_connections:2717 num_sgid= 4
12-19 16:55:55.542  1243 20086 I gsl     : gsl_graph_open_sgids_and_connections:2718 sg list:
12-19 16:55:55.542  1243 20086 I gsl     : gsl_graph_open_sgids_and_connections:2720 b0000002
12-19 16:55:55.542  1243 20086 I gsl     : gsl_graph_open_sgids_and_connections:2720 b0000008
12-19 16:55:55.542  1243 20086 I gsl     : gsl_graph_open_sgids_and_connections:2720 b000001c
12-19 16:55:55.542  1243 20086 I gsl     : gsl_graph_open_sgids_and_connections:2720 b0000001
12-19 16:55:55.542  1243 20086 I gsl     : gsl_print_sg_conn_info:187 num_sg_conn = 3
12-19 16:55:55.542  1243 20086 I gsl     : gsl_print_sg_conn_info:189 sg b0000008 has 1 children:
12-19 16:55:55.542  1243 20086 I gsl     : gsl_print_sg_conn_info:192 b0000002,
12-19 16:55:55.542  1243 20086 I gsl     : gsl_print_sg_conn_info:189 sg b000001c has 1 children:
12-19 16:55:55.542  1243 20086 I gsl     : gsl_print_sg_conn_info:192 b0000008,
12-19 16:55:55.542  1243 20086 I gsl     : gsl_print_sg_conn_info:189 sg b0000001 has 1 children:
12-19 16:55:55.542  1243 20086 I gsl     : gsl_print_sg_conn_info:192 b000001c,
12-19 16:55:55.542  1243 20086 I gsl     : gsl_send_spf_cmd:156 sending pkt with token 0x1ede
12-19 16:55:55.545  2475  3673 D AudioServiceStubImpl: disableBTSpatialAudio listAudioPorts return 0
12-19 16:55:55.546  1243 20086 I gsl     : gsl_send_spf_cmd:183 rcvd pkt token : 0x1ede
12-19 16:55:55.546  1243 20086 I gsl     : gsl_send_spf_cmd:156 sending pkt with token 0x1edf
12-19 16:55:55.546  1243 20086 I gsl     : gsl_send_spf_cmd:183 rcvd pkt token : 0x1edf
12-19 16:55:55.547  1243 20086 I gsl     : gsl_send_spf_cmd:156 sending pkt with token 0x1ee0
12-19 16:55:55.548  1243 20086 I gsl     : gsl_send_spf_cmd:183 rcvd pkt token : 0x1ee0
12-19 16:55:55.548  1243 20086 I gsl     : gsl_send_spf_cmd:156 sending pkt with token 0x1ee1
12-19 16:55:55.548  1243 20086 I gsl     : gsl_send_spf_cmd:183 rcvd pkt token : 0x1ee1
12-19 16:55:55.549  1243 20086 E ACDB    : AcdbCmdGetProcSubgraphCalDataPersist:8408 Error[19]: No calibration found
12-19 16:55:55.549  1243 20086 E ACDB    : AcdbCmdGetProcSubgraphCalDataPersist:8408 Error[19]: No calibration found
12-19 16:55:55.549  1243 20086 E ACDB    : AcdbCmdGetProcSubgraphCalDataPersist:8408 Error[19]: No calibration found
12-19 16:55:55.549  1243 20086 E ACDB    : AcdbCmdGetProcSubgraphCalDataPersist:8408 Error[19]: No calibration found
12-19 16:55:55.549  1243 20086 D AGM: graph: graph_open: 693 graph_handle 0x147534c
12-19 16:55:55.549  1243 20086 D AGM: graph: graph_open: 728 exit, ret 0
12-19 16:55:55.549  1191 24861 D agm_client_wrapper: agm_session_open Received handle = 0x722d9c7dc0 , *handle = b400006fe2a59a80
12-19 16:55:55.549  1191 24861 D PLUGIN: pcm: agm_pcm_hw_params: 461 agm_pcm_hw_params: mode: 0
12-19 16:55:55.549  1191 24861 D PAL: Stream: getAssociatedDevices: 492: no. of devices 1
12-19 16:55:55.549  1191 24861 D PAL: ResourceManager: getDeviceNameFromID: 1185: pcm id name is PCM117
12-19 16:55:55.549  1191 24861 D PAL: ResourceManager: getDeviceNameFromID: 1185: pcm id name is PCM117
12-19 16:55:55.549  1191 24861 D PAL: SessionAlsaUtils: setStreamMetadataType: 1224: - mixer -PCM117 control-
12-19 16:55:55.549  1191 24861 E PLUGIN: mixer: amp_pcm_mtd_control_put: 1085 pcm id 117, idx 8, value 9
12-19 16:55:55.549  1191 24861 D PAL: SessionAlsaUtils: getModuleInstanceId: 1053: - mixer -PCM117 getTaggedInfo-
12-19 16:55:55.549  1191 24861 D PAL: SessionAlsaUtils: getModuleInstanceId: 1075: num of tags associated with stream 117 is 20
12-19 16:55:55.549  1191 24861 D PAL: SessionAlsaUtils: getModuleInstanceId: 1081: tag id[0] = 0xc0000001, num_modules = 0x1
12-19 16:55:55.549  1191 24861 D PAL: SessionAlsaUtils: getModuleInstanceId: 1081: tag id[1] = 0xc0000002, num_modules = 0x1
12-19 16:55:55.549  1191 24861 D PAL: SessionAlsaUtils: getModuleInstanceId: 1081: tag id[2] = 0xc0000003, num_modules = 0x2
12-19 16:55:55.549  1191 24861 D PAL: SessionAlsaUtils: getModuleInstanceId: 1081: tag id[3] = 0xc0000004, num_modules = 0x1
12-19 16:55:55.549  1191 24861 D PAL: SessionAlsaUtils: getModuleInstanceId: 1081: tag id[4] = 0xc0000006, num_modules = 0x1
12-19 16:55:55.549  1191 24861 D PAL: SessionAlsaUtils: getModuleInstanceId: 1081: tag id[5] = 0xc0000007, num_modules = 0x1
12-19 16:55:55.549  1191 24861 D PAL: SessionAlsaUtils: getModuleInstanceId: 1081: tag id[6] = 0xc000000d, num_modules = 0x1
12-19 16:55:55.549  1191 24861 D PAL: SessionAlsaUtils: getModuleInstanceId: 1081: tag id[7] = 0xc000000e, num_modules = 0x1
12-19 16:55:55.549  1191 24861 D PAL: SessionAlsaUtils: getModuleInstanceId: 1081: tag id[8] = 0xc0000010, num_modules = 0x1
12-19 16:55:55.549  1191 24861 D PAL: SessionAlsaUtils: getModuleInstanceId: 1081: tag id[9] = 0xc0000011, num_modules = 0x1
12-19 16:55:55.549  1191 24861 D PAL: SessionAlsaUtils: getModuleInstanceId: 1081: tag id[10] = 0xc0000013, num_modules = 0x1
12-19 16:55:55.549  1191 24861 D PAL: SessionAlsaUtils: getModuleInstanceId: 1081: tag id[11] = 0xc0000019, num_modules = 0x1
12-19 16:55:55.549  1191 24861 D PAL: SessionAlsaUtils: getModuleInstanceId: 1089: MIID is 0x40b6
12-19 16:55:55.549  1191 24861 D PAL: Session: configureMFC: 689: miid : 40b6 id = 117, data MI2S-LPAIF-RX-PRIMARY, dev id = 3
12-19 16:55:55.549  1191 24861 D PAL: PayloadBuilder: payloadMFCConfig: 374: header params
12-19 16:55:55.549  1191 24861 D PAL: PayloadBuilder:  IID:40b6 param_id:8001024 error_code:0 param_size:10
12-19 16:55:55.549  1191 24861 D PAL: PayloadBuilder: payloadMFCConfig: 398: sample_rate:48000 bit_width:32 num_channels:1 Miid:16566
12-19 16:55:55.549  1191 24861 D PAL: PayloadBuilder: payloadMFCConfig: 400: customPayload address 0xb40000724a464080K and size 32
12-19 16:55:55.549  1191 24861 I PAL: Session: updateCustomPayload: 400: customPayloadSize = 32
12-19 16:55:55.549  1191 24861 D PAL: ResourceManager: getDeviceNameFromID: 1185: pcm id name is PCM117
12-19 16:55:55.549  1191 24861 D PAL: SessionAlsaUtils: setMixerParameter: 1180: - mixer -PCM117-
12-19 16:55:55.549  1191 24861 D PAL: SessionAlsaUtils: setMixerParameter: 1188: - mixer -PCM117 setParam-
12-19 16:55:55.549  1191 24861 E PLUGIN: mixer: amp_pcm_set_param_put: 1341 be idx 15, pcm idx 117, pcm_control 9
12-19 16:55:55.549  1243  7705 D AGM: graph: graph_set_config: 1087 entry graph_handle 0x147534c
12-19 16:55:55.549  1243  7705 I gsl     : gsl_send_spf_cmd:156 sending pkt with token 0x1ee2
12-19 16:55:55.550  1243  7705 I gsl     : gsl_send_spf_cmd:183 rcvd pkt token : 0x1ee2
12-19 16:55:55.550  1243  7705 D AGM: graph: graph_set_config: 1095 exit, graph handle 0x147534c, ret 0
12-19 16:55:55.550  1191 24861 D PAL: SessionAlsaUtils: setMixerParameter: 1197: ret = 0, cnt = 32
12-19 16:55:55.550  1191 24861 D PAL: SpeakerProtection: setParameter: 2250: Inside Speaker Protection Set parameters
12-19 16:55:55.550  1191 24861 D PAL: ResourceManager: getDeviceNameFromID: 1185: pcm id name is PCM117
12-19 16:55:55.550  1191 24861 D PAL: SpeakerProtection: setAwReValue: 2562: set re value number 0, value 7080 for PCM117
12-19 16:55:55.550  1191 24861 D PAL: ResourceManager: getDeviceNameFromID: 1185: pcm id name is PCM117
12-19 16:55:55.550  1191 24861 D PAL: SessionAlsaUtils: setMixerParameter: 1180: - mixer -PCM117-
12-19 16:55:55.550  1191 24861 D PAL: SessionAlsaUtils: setMixerParameter: 1188: - mixer -PCM117 setParam-
12-19 16:55:55.550  1191 24861 E PLUGIN: mixer: amp_pcm_set_param_put: 1341 be idx 15, pcm idx 117, pcm_control 9
12-19 16:55:55.550  1243  5376 D AGM: graph: graph_set_config: 1087 entry graph_handle 0x147534c
12-19 16:55:55.550  1243  5376 I gsl     : gsl_send_spf_cmd:156 sending pkt with token 0x1ee3
12-19 16:55:55.550  1243  5376 I gsl     : gsl_send_spf_cmd:183 rcvd pkt token : 0x1ee3
12-19 16:55:55.550  1243  5376 D AGM: graph: graph_set_config: 1095 exit, graph handle 0x147534c, ret 0
12-19 16:55:55.550  1191 24861 D PAL: SessionAlsaUtils: setMixerParameter: 1197: ret = 0, cnt = 48
12-19 16:55:55.550  1243  1897 D AGM: graph: graph_prepare: 789 entry graph_handle 0x147534c
12-19 16:55:55.550  1243  1897 D AGM: graph_module: configure_pcm_shared_mem_ep: 1447 entry mod tag c0000002 miid 4001 mid 7001000
