12-19 16:56:04.216 28972 29011 D IdProviderImpl: getOAID from cn.missevan
12-19 16:56:04.278  2475  3680 D ConnectivityService: requestNetwork for uid/pid:10266/28972 activeRequest: null callbackRequest: 3979 [NetworkRequest [ REQUEST id=3980, [ Capabilities: INTERNET&NOT_RESTRICTED&TRUSTED&NOT_VCN_MANAGED Uid: 10266 RequestorUid: 10266 RequestorPkg: cn.missevan] ]] callback flags: 0 priority: 2147483647
12-19 16:56:04.279  2475  3663 D ConnectivityService: NetReassign [3980 : null → 148]
12-19 16:56:04.284  2475  3651 D WifiNetworkFactory: got request NetworkRequest [ REQUEST id=3980, [ Capabilities: INTERNET&NOT_RESTRICTED&TRUSTED&NOT_VCN_MANAGED Uid: 10266 RequestorUid: 10266 RequestorPkg: cn.missevan] ]
12-19 16:56:04.284  2475  3651 D UntrustedWifiNetworkFactory: got request NetworkRequest [ REQUEST id=3980, [ Capabilities: INTERNET&NOT_RESTRICTED&TRUSTED&NOT_VCN_MANAGED Uid: 10266 RequestorUid: 10266 RequestorPkg: cn.missevan] ]
12-19 16:56:04.284  2475  3651 D OemPaidWifiNetworkFactory: got request NetworkRequest [ REQUEST id=3980, [ Capabilities: INTERNET&NOT_RESTRICTED&TRUSTED&NOT_VCN_MANAGED Uid: 10266 RequestorUid: 10266 RequestorPkg: cn.missevan] ]
12-19 16:56:04.381  1251  2448 I vendor.qti.hardware.display.composer-service: FrameNotifyProcess Sensor: notify citsensorservice to trigger cwb
12-19 16:56:04.382  2027  6676 I libcitsensorservice@2.0-impl: msg_transfer
12-19 16:56:04.383  2027  3266 D vendor.xiaomi.sensor.citsensorservice@2.0-service: handle id:10 wxh:1280x2400 uwxuh:1080x2400 size: 9216000 fd:15 fd_meta:16 flags:0x4000228 usage:0x33  format:0x3 layer_count: 1
12-19 16:56:04.383  2027  3285 D libsensor-displayalgo: the value of  brightness:429.000000,R:70065429.414555,G:62651643.629439,B:49707511.744981,EVENT_C:4975.500000,EVENT_R:1798.000000,EVENT_G:2607.500000,EVENT_B:960.000000
12-19 16:56:04.383  2027  3285 I libsensor-displayalgo: the value of  Coef1:1107.681000,Coef4:2.383000, scale1:0.935522, scale4:0.923264
12-19 16:56:04.383  2027  3285 E libsensor-displayalgo: RGB_test_0407_400_oldzy!
12-19 16:56:04.384  2027  3285 I libsensor-displayalgo: the value of  RESULT2706.256669,1104.796795,1305.367711,465.654371
12-19 16:56:04.384  2027  3285 I libsensor-displayalgo: the value of  getChannelDataCalibrated2835.220722,1023.371057,1515.684700,507.432069
12-19 16:56:04.384  2027  3285 I libsensor-displayalgo: the value of  REAL LUX134.757797
12-19 16:56:04.384  2027  3285 I libsensor-displayalgo: the value of  CAL REAL LUX134.757797
12-19 16:56:04.384  1251  2216 I SDM     : HWCSession::SetCWBOutputBuffer: CWB config passed by cwb_client : tappoint 1  CWB_ROI : (829.000000 4.000000 915.000000 90.000000)
12-19 16:56:04.386  1251 29031 I SDM     : HWCSession::ProcessRequests: Successfully configured CWB buffer.
12-19 16:56:04.391  1251  2448 I vendor.qti.hardware.display.composer-service: FrameNotifyProcess Sensor: notify citsensorservice to trigger cwb
12-19 16:56:04.391  2027  6676 I libcitsensorservice@2.0-impl: msg_transfer
12-19 16:56:04.393  1251 29031 I SDM     : HWCSession::ProcessRequests: Pushing release fence in fenece wait queue.
12-19 16:56:04.393  1251 29031 I SDM     : HWCSession::ProcessRequests: Creating AsyncFenceWaits async thread.
12-19 16:56:04.394  1251 29031 I SDM     : HWCSession::ProcessRequests: Remove current CWB request from the pending request queue.
12-19 16:56:04.394  1251 29031 I SDM     : HWCSession::ProcessRequests: No pending cwb requests found in the queue.
12-19 16:56:04.399  1251  1467 I SDM     : HWDeviceDRM::SetupConcurrentWriteback: Tear down the Concurrent Writeback topology
12-19 16:56:04.412  1251 29033 I SDM     : HWCSession::NotifyCWBStatus: Notify the client about buffer status 0.
12-19 16:56:04.412  1251 29033 I SDM     : HWCSession::PerformFenceWaits: Remove current release fence from the pending fence wait queue.
12-19 16:56:04.412  1251 29033 I SDM     : HWCSession::PerformFenceWaits: CWB fence queue is empty. No pending release fence to wait on.
12-19 16:56:04.414 28209 28209 I HandWritingStubImpl: isKeyboardTypeChanged: false
12-19 16:56:04.415 28209 28209 I HandWritingStubImpl: isKeyboardTypeChanged: false
12-19 16:56:04.420  5652 27845 W MiuiPerfServiceClient: interceptAndQueuing:28209|cn.missevan|127|124|555394553149798|Slow main thread|2
12-19 16:56:04.462  9660  9660 D DynamicService: PhoneStateListener.onDataActivity: direction=0
12-19 16:56:04.462  9660  9660 D DynamicService: modem or radio power state change,messageType: 128 state: 0
12-19 16:56:04.462  9660  9660 D DynamicService: listeners is null or md controller is disable!!!
12-19 16:56:04.555  2475  3034 I BatteryService: current mPlugType2current mHealthInfo.batteryLevel100current mHealthInfo.batteryTemperature344
12-19 16:56:04.559  6206  7182 D ThermalIECHandler: storeDataStyle: thermal_iec_monitor_persistence_data_style_iec_state; startIECTime: -1; IECScreenOffOverPeriodTime: 1166483803
12-19 16:56:04.560  6171  6171 I BatteryInfoReceiver: ACTION_BATTERY_CHANGED
12-19 16:56:04.561  6171  6171 I PowerNoticeUI: handleBatteryChanged oldPlugType 2 mPlugType 2 oldBatteryLevel 100 mBatteryLevel 100 temperature 344
12-19 16:56:04.563  4453  4453 V DeviceStatisticsService: chargerType=2 batteryLevel=100 totalBatteryCapacity=4358000
12-19 16:56:04.563  6206  6950 D PowerKeeper.FrozenApp: onBatteryChanged plug=true mBatteryPlugged=2
12-19 16:56:04.563  6206  7099 D PowerCheckerService: onBatteryChanged, mBatteryLevel = 100, status = 5, level = 100, plug = 2, scale = 100
12-19 16:56:04.565  2475  2688 I android_os_HwBinder: HwBinder: Starting thread pool for getting: vendor.xiaomi.hardware.micharge@1.0::IMiCharge/default
12-19 16:56:04.564  6206  7192 D PowerKeeper.Thermal: mBatteryTemperature: 34
12-19 16:56:04.565  4409  4409 D QtiCarrierConfigHelper: WARNING, no carrier configs on phone Id: 1
12-19 16:56:04.565  1344  1360 E vendor.xiaomi.hardware.micharge@1.0-service: Failed to open node /sys/class/qcom-battery/reverse_chg_mode
12-19 16:56:04.565  1344  1360 I vendor.xiaomi.hardware.micharge@1.0-service: ReadFilePathValue path = /sys/class/qcom-battery/reverse_chg_mode value =
12-19 16:56:04.567  2475  2688 I android_os_HwBinder: HwBinder: Starting thread pool for getting: vendor.xiaomi.hardware.micharge@1.0::IMiCharge/default
12-19 16:56:04.567  9660  9660 D DynamicService:  ACTION_BATTERY_CHANGED change,USB plug = 2
12-19 16:56:04.569  1344  1360 I vendor.xiaomi.hardware.micharge@1.0-service: ReadFilePathValue path = /sys/class/qcom-battery/fastchg_mode value = 0
12-19 16:56:04.604 32290 32290 I HandWritingStubImpl: isKeyboardTypeChanged: false
12-19 16:56:04.683  2027  3285 D libsensor-displayalgo: the value of  brightness:429.000000,R:70065429.414555,G:62651643.629439,B:49707511.744981,EVENT_C:5002.000000,EVENT_R:1801.500000,EVENT_G:2624.000000,EVENT_B:969.000000
12-19 16:56:04.683  2027  3285 I libsensor-displayalgo: the value of  Coef1:1107.681000,Coef4:2.383000, scale1:0.935522, scale4:0.923264
12-19 16:56:04.683  2027  3285 E libsensor-displayalgo: RGB_test_0407_400_oldzy!
12-19 16:56:04.683  2027  3285 I libsensor-displayalgo: the value of  RESULT2706.256669,1104.796795,1305.367711,465.654371
12-19 16:56:04.683  2027  3285 I libsensor-displayalgo: the value of  getChannelDataCalibrated2835.220722,1023.371057,1515.684700,507.432069
12-19 16:56:04.683  2027  3285 I libsensor-displayalgo: the value of  REAL LUX136.515717
12-19 16:56:04.683  2027  3285 I libsensor-displayalgo: the value of  CAL REAL LUX136.515717
12-19 16:56:04.726  2475  3037 D MIUIInput: [MotionEvent] publisher action=0x4, 555395362, channel 'a6e61f2 NavigationBar0 (server)'
12-19 16:56:04.726  2475  3037 D MIUIInput: [MotionEvent] publisher action=0x0, 555395362, channel '5c8308f cn.missevan/cn.missevan.activity.MainActivity (server)'
12-19 16:56:04.779  2475  3037 D MIUIInput: [MotionEvent] publisher action=0x1, 555395415, channel '5c8308f cn.missevan/cn.missevan.activity.MainActivity (server)'
12-19 16:56:04.785 28209 28209 I HandWritingStubImpl: isKeyboardTypeChanged: false
12-19 16:56:04.787 28209 28209 I HandWritingStubImpl: isKeyboardTypeChanged: false
12-19 16:56:04.788 28209 28209 I HandWritingStubImpl: getCurrentKeyboardType: 1
12-19 16:56:04.792 28209 28209 I HandWritingStubImpl: isKeyboardTypeChanged: false
12-19 16:56:04.792 21839 21839 E BaseInputMethodService: onStartInput
12-19 16:56:04.794 28209 28209 I HandWritingStubImpl: isKeyboardTypeChanged: false
12-19 16:56:04.787 28209 28209 W cn.missevan: type=1400 audit(0.0:99620): avc: granted { nlmsg_readpriv } for scontext=u:r:untrusted_app_27:s0:c10,c257,c512,c768 tcontext=u:r:untrusted_app_27:s0:c10,c257,c512,c768 tclass=netlink_route_socket app=cn.missevan
12-19 16:56:04.802 28209 28209 I HandWritingStubImpl: isKeyboardTypeChanged: false
12-19 16:56:04.807 28209 28209 I HandWritingStubImpl: isKeyboardTypeChanged: false
12-19 16:56:04.808 28209 28209 I HandWritingStubImpl: isKeyboardTypeChanged: false
12-19 16:56:04.809 28209 28209 I HandWritingStubImpl: isKeyboardTypeChanged: false
12-19 16:56:04.816  1251  2448 I vendor.qti.hardware.display.composer-service: FrameNotifyProcess Sensor: notify citsensorservice to trigger cwb
12-19 16:56:04.816  2027  6676 I libcitsensorservice@2.0-impl: msg_transfer
12-19 16:56:04.816  2027  3266 D vendor.xiaomi.sensor.citsensorservice@2.0-service: handle id:10 wxh:1280x2400 uwxuh:1080x2400 size: 9216000 fd:15 fd_meta:16 flags:0x4000228 usage:0x33  format:0x3 layer_count: 1
12-19 16:56:04.816  1251  2216 I SDM     : HWCSession::SetCWBOutputBuffer: CWB config passed by cwb_client : tappoint 1  CWB_ROI : (829.000000 4.000000 915.000000 90.000000)
12-19 16:56:04.818  1251 29036 I SDM     : HWCSession::ProcessRequests: Successfully configured CWB buffer.
12-19 16:56:04.825  1251 29036 I SDM     : HWCSession::ProcessRequests: Pushing release fence in fenece wait queue.
12-19 16:56:04.825  1251 29036 I SDM     : HWCSession::ProcessRequests: Creating AsyncFenceWaits async thread.
12-19 16:56:04.825  1251 29036 I SDM     : HWCSession::ProcessRequests: Remove current CWB request from the pending request queue.
12-19 16:56:04.826  1251 29036 I SDM     : HWCSession::ProcessRequests: No pending cwb requests found in the queue.
12-19 16:56:04.832  1251  1467 I SDM     : HWDeviceDRM::SetupConcurrentWriteback: Tear down the Concurrent Writeback topology
12-19 16:56:04.839  1251 29037 I SDM     : HWCSession::NotifyCWBStatus: Notify the client about buffer status 0.
12-19 16:56:04.839  1251 29037 I SDM     : HWCSession::PerformFenceWaits: Remove current release fence from the pending fence wait queue.
12-19 16:56:04.839  1251 29037 I SDM     : HWCSession::PerformFenceWaits: CWB fence queue is empty. No pending release fence to wait on.
12-19 16:56:04.983  2027  3285 D libsensor-displayalgo: the value of  brightness:429.000000,R:70065429.414555,G:62651643.629439,B:49707511.744981,EVENT_C:4927.000000,EVENT_R:1771.000000,EVENT_G:2589.000000,EVENT_B:953.500000
12-19 16:56:04.983  2027  3285 I libsensor-displayalgo: the value of  Coef1:1107.681000,Coef4:2.383000, scale1:0.935522, scale4:0.923264
12-19 16:56:04.983  2027  3285 E libsensor-displayalgo: RGB_test_0407_400_oldzy!
12-19 16:56:04.984  2027  3285 I libsensor-displayalgo: the value of  RESULT2706.256669,1104.796795,1305.367711,465.654371
12-19 16:56:04.984  2027  3285 I libsensor-displayalgo: the value of  getChannelDataCalibrated2835.220722,1023.371057,1515.684700,507.432069
12-19 16:56:04.984  2027  3285 I libsensor-displayalgo: the value of  REAL LUX132.039154
12-19 16:56:04.984  2027  3285 I libsensor-displayalgo: the value of  CAL REAL LUX132.039154
12-19 16:56:04.998  2475  3037 D MIUIInput: [MotionEvent] publisher action=0x4, 555395634, channel 'a6e61f2 NavigationBar0 (server)'
12-19 16:56:04.998  2475  3037 D MIUIInput: [MotionEvent] publisher action=0x0, 555395634, channel '5c8308f cn.missevan/cn.missevan.activity.MainActivity (server)'
12-19 16:56:05.069  2475  3037 D MIUIInput: [MotionEvent] publisher action=0x1, 555395705, channel '5c8308f cn.missevan/cn.missevan.activity.MainActivity (server)'
12-19 16:56:05.108 28731 28749 I van:pushservic: ProcessProfilingInfo new_methods=799 is saved saved_to_disk=1 resolve_classes_delay=8000
12-19 16:56:05.130 32290 32290 I HandWritingStubImpl: isKeyboardTypeChanged: false
12-19 16:56:05.283  2027  3285 D libsensor-displayalgo: the value of  brightness:429.000000,R:70065429.414555,G:62651643.629439,B:49707511.744981,EVENT_C:4927.000000,EVENT_R:1771.000000,EVENT_G:2589.000000,EVENT_B:953.500000
12-19 16:56:05.283  2027  3285 I libsensor-displayalgo: the value of  Coef1:1107.681000,Coef4:2.383000, scale1:0.935522, scale4:0.923264
12-19 16:56:05.283  2027  3285 E libsensor-displayalgo: RGB_test_0407_400_oldzy!
12-19 16:56:05.283  2027  3285 I libsensor-displayalgo: the value of  RESULT2706.256669,1104.796795,1305.367711,465.654371
12-19 16:56:05.284  2027  3285 I libsensor-displayalgo: the value of  getChannelDataCalibrated2835.220722,1023.371057,1515.684700,507.432069
12-19 16:56:05.284  2027  3285 I libsensor-displayalgo: the value of  REAL LUX132.039154
12-19 16:56:05.284  2027  3285 I libsensor-displayalgo: the value of  CAL REAL LUX132.039154
12-19 16:56:05.286 28209 28209 I HandWritingStubImpl: isKeyboardTypeChanged: false
12-19 16:56:05.287 28209 28209 I HandWritingStubImpl: isKeyboardTypeChanged: false
12-19 16:56:05.301  1251  2448 I vendor.qti.hardware.display.composer-service: FrameNotifyProcess Sensor: notify citsensorservice to trigger cwb
12-19 16:56:05.301  2027  2027 I libcitsensorservice@2.0-impl: msg_transfer
12-19 16:56:05.302  2027  3266 D vendor.xiaomi.sensor.citsensorservice@2.0-service: handle id:10 wxh:1280x2400 uwxuh:1080x2400 size: 9216000 fd:15 fd_meta:16 flags:0x4000228 usage:0x33  format:0x3 layer_count: 1
12-19 16:56:05.302  1251  2216 I SDM     : HWCSession::SetCWBOutputBuffer: CWB config passed by cwb_client : tappoint 1  CWB_ROI : (829.000000 4.000000 915.000000 90.000000)
12-19 16:56:05.303  1251 29042 I SDM     : HWCSession::ProcessRequests: Successfully configured CWB buffer.
12-19 16:56:05.310  1251 29042 I SDM     : HWCSession::ProcessRequests: Pushing release fence in fenece wait queue.
12-19 16:56:05.310  1251 29042 I SDM     : HWCSession::ProcessRequests: Creating AsyncFenceWaits async thread.
12-19 16:56:05.310  1251 29042 I SDM     : HWCSession::ProcessRequests: Remove current CWB request from the pending request queue.
12-19 16:56:05.311  1251 29042 I SDM     : HWCSession::ProcessRequests: No pending cwb requests found in the queue.
12-19 16:56:05.317  1251  1467 I SDM     : HWDeviceDRM::SetupConcurrentWriteback: Tear down the Concurrent Writeback topology
12-19 16:56:05.324  1251 29043 I SDM     : HWCSession::NotifyCWBStatus: Notify the client about buffer status 0.
12-19 16:56:05.325  1251 29043 I SDM     : HWCSession::PerformFenceWaits: Remove current release fence from the pending fence wait queue.
12-19 16:56:05.325  1251 29043 I SDM     : HWCSession::PerformFenceWaits: CWB fence queue is empty. No pending release fence to wait on.
12-19 16:56:05.390  2475  3037 D MIUIInput: [MotionEvent] publisher action=0x4, 555396026, channel 'a6e61f2 NavigationBar0 (server)'
12-19 16:56:05.390  2475  3037 D MIUIInput: [MotionEvent] publisher action=0x0, 555396026, channel '5c8308f cn.missevan/cn.missevan.activity.MainActivity (server)'
12-19 16:56:05.443  2475  3037 D MIUIInput: [MotionEvent] publisher action=0x1, 555396079, channel '5c8308f cn.missevan/cn.missevan.activity.MainActivity (server)'
12-19 16:56:05.445 28209 28209 I HandWritingStubImpl: isKeyboardTypeChanged: false
12-19 16:56:05.446 28209 28209 I HandWritingStubImpl: isKeyboardTypeChanged: false
12-19 16:56:05.447 21839 21839 E BaseInputMethodService: onViewClicked:false
12-19 16:56:05.447 28209 28209 D InputMethodManager: showSoftInput() view=skin.support.widget.SkinCompatEditText{e706b79 VFED..CL. .F.P.... 299,560-877,616 #7f0b0422 app:id/etPhoneNum aid=1073741829} flags=0 reason=SHOW_SOFT_INPUT
12-19 16:56:05.448  2475  6308 I InputMethodManagerService: IMMS.showSoftInput(), client = com.android.internal.view.IInputMethodClient$Stub$Proxy@5c3561f
12-19 16:56:05.448  2475  6308 I InputMethodManagerService: IMMS.showCurrentInputLocked(), curMethod = com.android.internal.view.IInputMethod$Stub$Proxy@3f25629, flags = 0
12-19 16:56:05.449  2475  6308 I SmartPower.com.sohu.inputmethod.sogou.xiaomi:scrashly/10132(14326): background->visible(18279ms) R(show input method) adj=915.
12-19 16:56:05.449  2475  6308 I SmartPower.com.sohu.inputmethod.sogou.xiaomi/10132(21839): background->visible(18279ms) R(show input method) adj=100.
12-19 16:56:05.450  2475  6308 I InputMethodManagerService: IMMS.showCurrentInputLocked request ims to show inputMethod.
12-19 16:56:05.450  2475  3758 I SmartPower: com.sohu.inputmethod.sogou.xiaomi/10132 state=inactive adj=100 proc size=2 move to foreground show input method
12-19 16:56:05.451 21839 21839 V InputMethod: IMS.showSoftInput()
12-19 16:56:05.451 21839 21839 E BaseInputMethodService: onConfigureWindow
12-19 16:56:05.451  6206 10185 D MirrorManager:  sendAcceptInput 1 0
12-19 16:56:05.453 21839 21839 E BaseInputMethodService: onStartInputView
12-19 16:56:05.456 21839 21839 I InputMethodService: customizeBottomViewColor, isCustom : true
12-19 16:56:05.456 21839 21839 I IMEBottomManager: customizeBottomViewColor, isCustom : true
12-19 16:56:05.458 28209 28209 I HandWritingStubImpl: isKeyboardTypeChanged: false
12-19 16:56:05.462 21839 21839 I RichImeStatus: onConfigImeType:[curLanId: 0, imeType: -1]
12-19 16:56:05.462  2475  2475 E RemoteFillService: Error calling on fill request
12-19 16:56:05.462  2475  2475 E RemoteFillService: java.util.concurrent.CancellationException
12-19 16:56:05.462  2475  2475 E RemoteFillService: 	at java.util.concurrent.CompletableFuture.cancel(CompletableFuture.java:2292)
12-19 16:56:05.462  2475  2475 E RemoteFillService: 	at com.android.internal.infra.AndroidFuture.cancel(AndroidFuture.java:154)
12-19 16:56:05.462  2475  2475 E RemoteFillService: 	at com.android.internal.infra.ServiceConnector$Impl$CompletionAwareJob.cancel(ServiceConnector.java:711)
12-19 16:56:05.462  2475  2475 E RemoteFillService: 	at com.android.server.autofill.RemoteFillService.cancelCurrentRequest(RemoteFillService.java:134)
12-19 16:56:05.462  2475  2475 E RemoteFillService: 	at com.android.server.autofill.Session.cancelCurrentRequestLocked(Session.java:749)
12-19 16:56:05.462  2475  2475 E RemoteFillService: 	at com.android.server.autofill.Session.requestNewFillResponseLocked(Session.java:826)
12-19 16:56:05.462  2475  2475 E RemoteFillService: 	at com.android.server.autofill.Session.requestNewFillResponseOnViewEnteredIfNecessaryLocked(Session.java:2665)
12-19 16:56:05.462  2475  2475 E RemoteFillService: 	at com.android.server.autofill.Session.updateLocked(Session.java:2880)
12-19 16:56:05.462  2475  2475 E RemoteFillService: 	at com.android.server.autofill.AutofillManagerServiceImpl.updateSessionLocked(AutofillManagerServiceImpl.java:607)
12-19 16:56:05.462  2475  2475 E RemoteFillService: 	at com.android.server.autofill.AutofillManagerService$AutoFillManagerServiceStub.updateSession(AutofillManagerService.java:1618)
12-19 16:56:05.462  2475  2475 E RemoteFillService: 	at android.view.autofill.IAutoFillManager$Stub.onTransact(IAutoFillManager.java:369)
12-19 16:56:05.462  2475  2475 E RemoteFillService: 	at android.os.Binder.execTransactInternal(Binder.java:1190)
12-19 16:56:05.462  2475  2475 E RemoteFillService: 	at android.os.Binder.execTransact(Binder.java:1149)
12-19 16:56:05.465 28209 28209 I AssistStructure: Flattened final assist data: 13880 bytes, containing 1 windows, 121 views
12-19 16:56:05.468 21839 29046 W System.err: java.lang.SecurityException: getDataNetworkTypeForSubscriber
12-19 16:56:05.468 21839 29046 W System.err: 	at android.os.Parcel.createExceptionOrNull(Parcel.java:2426)
12-19 16:56:05.468 21839 29046 W System.err: 	at android.os.Parcel.createException(Parcel.java:2410)
12-19 16:56:05.468 21839 29046 W System.err: 	at android.os.Parcel.readException(Parcel.java:2393)
12-19 16:56:05.468 21839 29046 W System.err: 	at android.os.Parcel.readException(Parcel.java:2335)
12-19 16:56:05.468 21839 29046 W System.err: 	at com.android.internal.telephony.ITelephony$Stub$Proxy.getNetworkTypeForSubscriber(ITelephony.java:9323)
12-19 16:56:05.468 21839 29046 W System.err: 	at android.telephony.TelephonyManager.getNetworkType(TelephonyManager.java:2971)
12-19 16:56:05.468 21839 29046 W System.err: 	at android.telephony.TelephonyManager.getNetworkType(TelephonyManager.java:2935)
12-19 16:56:05.468 21839 29046 W System.err: 	at com.sogou.bu.basic.util.InfoManager.t(SogouSource:468)
12-19 16:56:05.468 21839 29046 W System.err: 	at com.sohu.inputmethod.flx.b.n(SogouSource:203)
12-19 16:56:05.468 21839 29046 W System.err: 	at cnh$j.a(SogouSource:750)
12-19 16:56:05.468 21839 29046 W System.err: 	at cnh.a(SogouSource:1931)
12-19 16:56:05.468 21839 29046 W System.err: 	at cnl.a(SogouSource:562)
12-19 16:56:05.468 21839 29046 W System.err: 	at com.sohu.inputmethod.sogou.MainImeServiceDel.hQ(SogouSource:9765)
12-19 16:56:05.468 21839 29046 W System.err: 	at com.sohu.inputmethod.sogou.MainImeServiceDel.lambda$hDNuEpXxMoRkwa0gwYA6-uVthVo(Unknown Source:0)
12-19 16:56:05.468 21839 29046 W System.err: 	at com.sohu.inputmethod.sogou.-$$Lambda$MainImeServiceDel$hDNuEpXxMoRkwa0gwYA6-uVthVo.call(Unknown Source:2)
12-19 16:56:05.468 21839 29046 W System.err: 	at bad.call(SogouSource:82)
12-19 16:56:05.469 21839 29046 W System.err: 	at bab.a(SogouSource:143)
12-19 16:56:05.469 21839 29046 W System.err: 	at bab.a(SogouSource:128)
12-19 16:56:05.469 21839 29046 W System.err: 	at bay$a.run(SogouSource:77)
12-19 16:56:05.469 21839 29046 W System.err: 	at bbd.run(SogouSource:70)
12-19 16:56:05.469 21839 29046 W System.err: 	at java.util.concurrent.ThreadPoolExecutor.runWorker(ThreadPoolExecutor.java:1167)
12-19 16:56:05.469 21839 29046 W System.err: 	at java.util.concurrent.ThreadPoolExecutor$Worker.run(ThreadPoolExecutor.java:641)
12-19 16:56:05.469 21839 29046 W System.err: 	at java.lang.Thread.run(Thread.java:920)
12-19 16:56:05.472  2475  4262 I AssistStructure: Flattened final assist data: 13492 bytes, containing 1 windows, 121 views
12-19 16:56:05.474  2475  4262 I InputMethodManagerService: IMMS.applyImeVisibility(), setVisible = true, mCurclient = ClientState{3789586 uid=10266 pid=28209 displayId=0}
12-19 16:56:05.475  2475  4262 I WindowManager: WMS.showImePostLayout(), imeTarget = Window{5c8308f u0 cn.missevan/cn.missevan.activity.MainActivity}
12-19 16:56:05.475  4496  4496 I OneHandedController: stopOneHanded mState=STATE_NONE, uiEvent=ONE_HANDED_TRIGGER_POP_IME_OUT
12-19 16:56:05.476  9660  9660 D DynamicService: PhoneStateListener.onDataActivity: direction=3
12-19 16:56:05.476  9660  9660 D DynamicService: modem or radio power state change,messageType: 128 state: 3
12-19 16:56:05.476  9660  9660 D DynamicService: listeners is null or md controller is disable!!!
12-19 16:56:05.483  2475  3680 I SmartPower.com.sohu.inputmethod.sogou.xiaomi:scrashly/10132(14326): visible->invisible(34ms) R(become invisible) adj=915.
12-19 16:56:05.491  2475  3680 I WindowManagerService: Physical orientation applied, rotation=0 sfOrientation=ORIENTATION_0
12-19 16:56:05.493  4496  4496 I OneHandedController: stopOneHanded mState=STATE_NONE, uiEvent=ONE_HANDED_TRIGGER_POP_IME_OUT
12-19 16:56:05.493 21839 21839 E BaseInputMethodService: onComputeInsets
12-19 16:56:05.506 21839 21839 E BaseInputMethodService: onComputeInsets
12-19 16:56:05.514  2475  2680 I ImeInsetsSourceProvider: ImeInsetsSourceProvider.scheduleShowImePostLayout() Run showImeRunner.
12-19 16:56:05.514  2475  2680 I ImeInsetsSourceProvider: ImeInsetsSourceProvider.scheduleShowImePostLayout() isReadyToShowIme.
12-19 16:56:05.514 28209 28209 D InsetsController: show(ime(), fromIme=true)
12-19 16:56:05.518 28209 28209 I HandWritingStubImpl: isKeyboardTypeChanged: false
12-19 16:56:05.530  2475  2679 I WindowManager: input method visible height changed 885
12-19 16:56:05.534  6171  6171 I f       : startRecord newCounts: 22
12-19 16:56:05.582  4496  4496 I OneHandedController: stopOneHanded mState=STATE_NONE, uiEvent=ONE_HANDED_TRIGGER_POP_IME_OUT
12-19 16:56:05.585  2027  3285 D libsensor-displayalgo: the value of  brightness:429.000000,R:70065429.414555,G:62651643.629439,B:49707511.744981,EVENT_C:4928.000000,EVENT_R:1776.000000,EVENT_G:2586.000000,EVENT_B:953.000000
12-19 16:56:05.585  2027  3285 I libsensor-displayalgo: the value of  Coef1:1107.681000,Coef4:2.383000, scale1:0.935522, scale4:0.923264
12-19 16:56:05.585  2027  3285 E libsensor-displayalgo: RGB_test_0407_400_oldzy!
12-19 16:56:05.586  2027  3285 I libsensor-displayalgo: the value of  RESULT2706.256669,1104.796795,1305.367711,465.654371
12-19 16:56:05.586  2027  3285 I libsensor-displayalgo: the value of  getChannelDataCalibrated2835.220722,1023.371057,1515.684700,507.432069
12-19 16:56:05.586  2027  3285 I libsensor-displayalgo: the value of  REAL LUX131.825348
12-19 16:56:05.586  2027  3285 I libsensor-displayalgo: the value of  CAL REAL LUX131.825348
12-19 16:56:05.605  1251  2448 I vendor.qti.hardware.display.composer-service: FrameNotifyProcess Sensor: notify citsensorservice to trigger cwb
12-19 16:56:05.605  2027  6676 I libcitsensorservice@2.0-impl: msg_transfer
12-19 16:56:05.606  2027  3266 D vendor.xiaomi.sensor.citsensorservice@2.0-service: handle id:10 wxh:1280x2400 uwxuh:1080x2400 size: 9216000 fd:15 fd_meta:16 flags:0x4000228 usage:0x33  format:0x3 layer_count: 1
12-19 16:56:05.606  1251  2216 I SDM     : HWCSession::SetCWBOutputBuffer: CWB config passed by cwb_client : tappoint 1  CWB_ROI : (829.000000 4.000000 915.000000 90.000000)
12-19 16:56:05.607  1251 29050 I SDM     : HWCSession::ProcessRequests: Successfully configured CWB buffer.
12-19 16:56:05.615  1251 29050 I SDM     : HWCSession::ProcessRequests: Pushing release fence in fenece wait queue.
12-19 16:56:05.615  1251 29050 I SDM     : HWCSession::ProcessRequests: Creating AsyncFenceWaits async thread.
12-19 16:56:05.616  1251 29050 I SDM     : HWCSession::ProcessRequests: Remove current CWB request from the pending request queue.
12-19 16:56:05.616  1251 29050 I SDM     : HWCSession::ProcessRequests: No pending cwb requests found in the queue.
12-19 16:56:05.622  1251  1467 I SDM     : HWDeviceDRM::SetupConcurrentWriteback: Tear down the Concurrent Writeback topology
12-19 16:56:05.628  1251 29051 I SDM     : HWCSession::NotifyCWBStatus: Notify the client about buffer status 0.
12-19 16:56:05.629  1251 29051 I SDM     : HWCSession::PerformFenceWaits: Remove current release fence from the pending fence wait queue.
12-19 16:56:05.629  1251 29051 I SDM     : HWCSession::PerformFenceWaits: CWB fence queue is empty. No pending release fence to wait on.
12-19 16:56:05.672 32290 32290 I HandWritingStubImpl: isKeyboardTypeChanged: false
12-19 16:56:05.758 28209 28874 D ConnectivityManager: getMobileDataEnabled()+ subId=1
12-19 16:56:05.759 28209 28209 D ConnectivityManager: getMobileDataEnabled()+ subId=1
12-19 16:56:05.762 28209 28874 D ConnectivityManager: getMobileDataEnabled()- subId=1 retVal=true
12-19 16:56:05.766 28209 28209 D ConnectivityManager: getMobileDataEnabled()- subId=1 retVal=true
12-19 16:56:05.772  2475  3663 D ConnectivityService: releasing NetworkRequest [ REQUEST id=3978, [ Transports: CELLULAR Capabilities: INTERNET&NOT_RESTRICTED&TRUSTED&NOT_VPN&NOT_VCN_MANAGED Uid: 10266 RequestorUid: 10266 RequestorPkg: cn.missevan] ] (release request)
12-19 16:56:05.767 28209 28209 W nirvana_base_ex: type=1400 audit(0.0:99621): avc: granted { nlmsg_readpriv } for scontext=u:r:untrusted_app_27:s0:c10,c257,c512,c768 tcontext=u:r:untrusted_app_27:s0:c10,c257,c512,c768 tclass=netlink_route_socket app=cn.missevan
12-19 16:56:05.775  2475  3663 D ConnectivityService: [155 CELLULAR] disconnected, was satisfying 19
12-19 16:56:05.776  9660 10227 D DcNetworkAgent: NetworkAgent: NetworkAgent channel lost
12-19 16:56:05.787 28209 28209 I HandWritingStubImpl: isKeyboardTypeChanged: false
12-19 16:56:05.787 28209 28209 I HandWritingStubImpl: isKeyboardTypeChanged: false
12-19 16:56:05.796  4371  5535 D QCNEJ/WwanInfoRelay: network lost: 155
12-19 16:56:05.796  2475  3663 D ConnectivityService: NetReassign [no changes]
12-19 16:56:05.797  2475  3663 D WifiAssistant: maybeClearNotification: 155
12-19 16:56:05.797  2475  3663 D WifiAssistant: maybeClearNotification: no eventId 155
12-19 16:56:05.797  4496  4852 D PluginSecurityController: onLost 155
12-19 16:56:05.808  9197  9235 D TAB.NetworkUtils: network onLost
12-19 16:56:05.808  2475  2475 W DnsResolver: resNetworkResult:android.system.ErrnoException: resNetworkResult failed: ESRCH (No such process)
12-19 16:56:05.809  2475  2475 W DnsResolver: resNetworkResult:android.system.ErrnoException: resNetworkResult failed: ESRCH (No such process)
12-19 16:56:05.809  2475 28929 D NetworkMonitor/155: PROBE_DNS connect.rom.miui.com 4274ms FAIL in type ADDRCONFIG android.net.DnsResolver$DnsException: android.system.ErrnoException: resNetworkResult failed: ESRCH (No such process)
12-19 16:56:05.816  5773  8961 W SLM-SRV-SLAService: mobileDataName set null
12-19 16:56:05.816  5773  8961 D SLM-SRV-SLAService: isIfaceRemoved If number:1-->1
12-19 16:56:05.816  5773  8961 D SLM-SRV-SLAService: startIfaceMonitorTimer mRetryCount:1
12-19 16:56:05.819  2475  3680 W ContextImpl: Calling a method in the system process without a qualified user: android.app.ContextImpl.sendBroadcastMultiplePermissions:1266 android.content.Context.sendBroadcastMultiplePermissions:2225 com.android.server.TelephonyRegistry.broadcastDataConnectionStateChanged:3093 com.android.server.TelephonyRegistry.notifyDataConnectionForSubscriber:2078 com.android.internal.telephony.ITelephonyRegistry$Stub.onTransact:544
12-19 16:56:05.821  9660  9660 D NetworkSpeedTracker: receive actionandroid.intent.action.ANY_DATA_STATE
12-19 16:56:05.821  2475  2691 W BroadcastQueue: Appop Denial: receiving Intent { act=android.intent.action.ANY_DATA_STATE flg=0x10 (has extras) } to ProcessRecord{703b0f9 4496:com.android.systemui/1000} (pid=4496, uid=1000) excludes appop android:read_phone_state due to sender android (uid 1001)
12-19 16:56:05.821  2475  2691 W BroadcastQueue: Appop Denial: receiving Intent { act=android.intent.action.ANY_DATA_STATE flg=0x10 (has extras) } to ProcessRecord{58156a3 5652:com.miui.daemon/1000} (pid=5652, uid=1000) excludes appop android:read_phone_state due to sender android (uid 1001)
12-19 16:56:05.821  2475  2691 W BroadcastQueue: Appop Denial: receiving Intent { act=android.intent.action.ANY_DATA_STATE flg=0x10 (has extras) } to ProcessRecord{a5b8e01 9660:com.android.phone/1001} (pid=9660, uid=1001) excludes appop android:read_phone_state due to sender android (uid 1001)
12-19 16:56:05.821  2475  2691 W BroadcastQueue: Appop Denial: receiving Intent { act=android.intent.action.ANY_DATA_STATE flg=0x10 (has extras) } to ProcessRecord{a5b8e01 9660:com.android.phone/1001} (pid=9660, uid=1001) excludes appop android:read_phone_state due to sender android (uid 1001)
12-19 16:56:05.822  9660 10478 D NetworkSpeedTracker: mConnectState: DISCONNECTED
12-19 16:56:05.828  2475  2676 I EthernetTracker: interfaceLinkStateChanged, iface: rmnet_data3, up: true
12-19 16:56:05.831  4496  4660 D NetworkController.MobileSignalController(1): update5GConnectState: true
12-19 16:56:05.831  4496  4660 D NetworkController.MobileSignalController(1): NotQcom5G, signal level = 5
12-19 16:56:05.831  4496  4660 D NetworkController.MobileSignalController(1): Show 5G icon
12-19 16:56:05.847  9660  9660 D DynamicService: PhoneStateListener.onDataActivity: direction=3
12-19 16:56:05.847  9660  9660 D DynamicService: modem or radio power state change,messageType: 128 state: 3
12-19 16:56:05.847  9660  9660 D DynamicService: PhoneStateListener.onDataActivity: direction=0
12-19 16:56:05.847  9660  9660 D DynamicService: modem or radio power state change,messageType: 128 state: 0
12-19 16:56:05.847  9660  9660 D DynamicService: listeners is null or md controller is disable!!!
12-19 16:56:05.911  4496  4508 I ndroid.systemu: This is sticky GC, maxfree is 8388608 minfree is 2097152
12-19 16:56:05.918  1184  1303 E minksocket: MinkIPC_QRTR_Service: client with node 1 port 6243 went down
12-19 16:56:05.918  1184  1303 E minksocket: MinkIPC_QRTR_Service: client with node 1 port 624b went down
12-19 16:56:05.930  2475  2676 I EthernetTracker: interfaceLinkStateChanged, iface: rmnet_data3, up: true
12-19 16:56:05.932  2475  2676 I EthernetTracker: interfaceLinkStateChanged, iface: rmnet_data3, up: true
12-19 16:56:05.934  2475  2676 I EthernetTracker: interfaceLinkStateChanged, iface: rmnet_data3, up: true
12-19 16:56:05.953  1251  2448 I vendor.qti.hardware.display.composer-service: FrameNotifyProcess Sensor: notify citsensorservice to trigger cwb
12-19 16:56:05.954  2027  6676 I libcitsensorservice@2.0-impl: msg_transfer
12-19 16:56:05.954  2027  3266 D vendor.xiaomi.sensor.citsensorservice@2.0-service: handle id:10 wxh:1280x2400 uwxuh:1080x2400 size: 9216000 fd:15 fd_meta:16 flags:0x4000228 usage:0x33  format:0x3 layer_count: 1
12-19 16:56:05.954  1251  2216 I SDM     : HWCSession::SetCWBOutputBuffer: CWB config passed by cwb_client : tappoint 1  CWB_ROI : (829.000000 4.000000 915.000000 90.000000)
12-19 16:56:05.957  1251 29071 I SDM     : HWCSession::ProcessRequests: Successfully configured CWB buffer.
12-19 16:56:05.966  1251  2448 I vendor.qti.hardware.display.composer-service: FrameNotifyProcess Sensor: notify citsensorservice to trigger cwb
12-19 16:56:05.967  2027  6676 I libcitsensorservice@2.0-impl: msg_transfer
12-19 16:56:05.969  1251 29071 I SDM     : HWCSession::ProcessRequests: Pushing release fence in fenece wait queue.
12-19 16:56:05.970  1251 29071 I SDM     : HWCSession::ProcessRequests: Creating AsyncFenceWaits async thread.
12-19 16:56:05.970  1251 29071 I SDM     : HWCSession::ProcessRequests: Remove current CWB request from the pending request queue.
12-19 16:56:05.971  1251 29071 I SDM     : HWCSession::ProcessRequests: No pending cwb requests found in the queue.
12-19 16:56:05.975  1251  1467 I SDM     : HWDeviceDRM::SetupConcurrentWriteback: Tear down the Concurrent Writeback topology
12-19 16:56:05.981  2027  3285 D libsensor-displayalgo: the value of  brightness:429.000000,R:70065429.414555,G:62651643.629439,B:49707511.744981,EVENT_C:5142.500000,EVENT_R:1869.000000,EVENT_G:2691.500000,EVENT_B:994.000000
12-19 16:56:05.982  2027  3285 I libsensor-displayalgo: the value of  Coef1:1107.681000,Coef4:2.383000, scale1:0.935522, scale4:0.923264
12-19 16:56:05.982  2027  3285 E libsensor-displayalgo: RGB_test_0407_400_oldzy!
12-19 16:56:05.982  2027  3285 I libsensor-displayalgo: the value of  RESULT2706.256669,1104.796795,1305.367711,465.654371
12-19 16:56:05.982  2027  3285 I libsensor-displayalgo: the value of  getChannelDataCalibrated2835.220722,1023.371057,1515.684700,507.432069
12-19 16:56:05.982  2027  3285 I libsensor-displayalgo: the value of  REAL LUX144.926941
12-19 16:56:05.982  2027  3285 I libsensor-displayalgo: the value of  CAL REAL LUX144.926941
12-19 16:56:05.983  1251 29073 I SDM     : HWCSession::NotifyCWBStatus: Notify the client about buffer status 0.
12-19 16:56:05.987  2475  2676 I EthernetTracker: interfaceLinkStateChanged, iface: rmnet_data3, up: false
12-19 16:56:05.987  1251 29073 I SDM     : HWCSession::PerformFenceWaits: Remove current release fence from the pending fence wait queue.
12-19 16:56:05.988  1251 29073 I SDM     : HWCSession::PerformFenceWaits: CWB fence queue is empty. No pending release fence to wait on.
12-19 16:56:05.998  2475  3037 D MIUIInput: [MotionEvent] publisher action=0x4, 555396635, channel 'a6e61f2 NavigationBar0 (server)'
12-19 16:56:05.999  2475  3037 D MIUIInput: [MotionEvent] publisher action=0x0, 555396635, channel 'd1cbb44 InputMethod (server)'
12-19 16:56:06.001  2475  2489 I HapticFeedbackUtil: 3,2,true
12-19 16:56:06.001  1367  1367 D vendor.hardware.vibratorfeature: configStrengthForEffect id : 3 , strength: 1.000000
12-19 16:56:06.003  1367  1367 D vendor.hardware.vibratorfeature: Vibrator perform effect 3
12-19 16:56:06.003  1367  1367 D vendor.hardware.vibratorfeature: uses mCurrMagnitudeExt 1.000000
12-19 16:56:06.003  1367  1367 D vendor.hardware.vibratorfeature: getAmplitudeFromEffectStrength 1.000000
12-19 16:56:06.004  1367  1367 D vendor.hardware.vibratorfeature: return from driver is 20
12-19 16:56:06.004  1367  1367 D vendor.hardware.vibratorfeature: playLengthMs is 70
12-19 16:56:06.004  1184  1303 E minksocket: MinkIPC_QRTR_Service: client with node 1 port 6237 went down
12-19 16:56:06.004  1367 29077 D vendor.hardware.vibratorfeature: Starting perform on another thread
12-19 16:56:06.005  1184  1303 E minksocket: MinkIPC_QRTR_Service: client with node 1 port 623b went down
12-19 16:56:06.005  1184  1303 E minksocket: MinkIPC_QRTR_Service: client with node 1 port 623f went down
12-19 16:56:06.009 21839 21839 E BaseInputMethodService: onComputeInsets
12-19 16:56:06.010  1184  1303 E minksocket: MinkIPC_QRTR_Service: client with node 1 port 624f went down
12-19 16:56:06.013  1184  1303 E minksocket: MinkIPC_QRTR_Service: client with node 1 port 6247 went down
12-19 16:56:06.017 21839 21839 E BaseInputMethodService: onComputeInsets
12-19 16:56:06.020  2475  2489 W ContextImpl: Calling a method in the system process without a qualified user: android.app.ContextImpl.sendBroadcastMultiplePermissions:1266 android.content.Context.sendBroadcastMultiplePermissions:2225 com.android.server.TelephonyRegistry.broadcastDataConnectionStateChanged:3093 com.android.server.TelephonyRegistry.notifyDataConnectionForSubscriber:2078 com.android.internal.telephony.ITelephonyRegistry$Stub.onTransact:544
12-19 16:56:06.026 21839 21839 E BaseInputMethodService: onComputeInsets
12-19 16:56:06.030  2475  2691 W BroadcastQueue: Appop Denial: receiving Intent { act=android.intent.action.ANY_DATA_STATE flg=0x10 (has extras) } to ProcessRecord{703b0f9 4496:com.android.systemui/1000} (pid=4496, uid=1000) excludes appop android:read_phone_state due to sender android (uid 1001)
12-19 16:56:06.031  2475  2691 W BroadcastQueue: Appop Denial: receiving Intent { act=android.intent.action.ANY_DATA_STATE flg=0x10 (has extras) } to ProcessRecord{58156a3 5652:com.miui.daemon/1000} (pid=5652, uid=1000) excludes appop android:read_phone_state due to sender android (uid 1001)
12-19 16:56:06.031  2475  2691 W BroadcastQueue: Appop Denial: receiving Intent { act=android.intent.action.ANY_DATA_STATE flg=0x10 (has extras) } to ProcessRecord{a5b8e01 9660:com.android.phone/1001} (pid=9660, uid=1001) excludes appop android:read_phone_state due to sender android (uid 1001)
12-19 16:56:06.031  9660  9660 D NetworkSpeedTracker: receive actionandroid.intent.action.ANY_DATA_STATE
12-19 16:56:06.031  2475  2691 W BroadcastQueue: Appop Denial: receiving Intent { act=android.intent.action.ANY_DATA_STATE flg=0x10 (has extras) } to ProcessRecord{a5b8e01 9660:com.android.phone/1001} (pid=9660, uid=1001) excludes appop android:read_phone_state due to sender android (uid 1001)
12-19 16:56:06.031  9660 10478 D NetworkSpeedTracker: mConnectState: DISCONNECTED
12-19 16:56:06.032  5773  8954 W SLM-SRV-SLAService: mobileDataName set null
12-19 16:56:06.032  5773  8954 D SLM-SRV-SLAService: isIfaceRemoved If number:1-->1
12-19 16:56:06.032  5773  8954 D SLM-SRV-SLAService: startIfaceMonitorTimer mRetryCount:2
12-19 16:56:06.035 21839 21839 E BaseInputMethodService: onComputeInsets
12-19 16:56:06.043 21839 21839 E BaseInputMethodService: onComputeInsets
12-19 16:56:06.044  2475  3037 D MIUIInput: [MotionEvent] publisher action=0x1, 555396680, channel 'd1cbb44 InputMethod (server)'
12-19 16:56:06.045  9660  9660 D DynamicService: PhoneStateListener.onDataActivity: direction=0
12-19 16:56:06.045  9660  9660 D DynamicService: modem or radio power state change,messageType: 128 state: 0
12-19 16:56:06.046 28209 28209 I HandWritingStubImpl: isKeyboardTypeChanged: false
12-19 16:56:06.048 28209 28209 I HandWritingStubImpl: isKeyboardTypeChanged: false
12-19 16:56:06.049  9660  9660 D DynamicService: PhoneStateListener.onDataActivity: direction=4
12-19 16:56:06.049  9660  9660 D DynamicService: modem or radio power state change,messageType: 128 state: 4
12-19 16:56:06.051 28209 28209 I HandWritingStubImpl: isKeyboardTypeChanged: false
12-19 16:56:06.051 21839 21839 E BaseInputMethodService: onComputeInsets
12-19 16:56:06.052 28209 28209 I HandWritingStubImpl: isKeyboardTypeChanged: false
12-19 16:56:06.053  5128  5141 W Binder  : Caught a RuntimeException from the binder stub implementation.
12-19 16:56:06.053  5128  5141 W Binder  : java.lang.SecurityException: Permission denial
12-19 16:56:06.053  5128  5141 W Binder  : 	at com.xiaomi.mirror.MirrorAppService.enforceSignature(MirrorAppService.java:30)
12-19 16:56:06.053  5128  5141 W Binder  : 	at com.xiaomi.mirror.MirrorAppService.isWorking(MirrorAppService.java:35)
12-19 16:56:06.053  5128  5141 W Binder  : 	at com.xiaomi.mirror.MirrorAppService.notifyInputTypeAndPos(MirrorAppService.java:88)
12-19 16:56:06.053  5128  5141 W Binder  : 	at com.xiaomi.mirror.IMirrorAppService$Stub.onTransact(IMirrorAppService.java:135)
12-19 16:56:06.053  5128  5141 W Binder  : 	at android.os.Binder.execTransactInternal(Binder.java:1190)
12-19 16:56:06.053  5128  5141 W Binder  : 	at android.os.Binder.execTransact(Binder.java:1149)
12-19 16:56:06.060 21839 21839 E BaseInputMethodService: onComputeInsets
12-19 16:56:06.068 21839 21839 E BaseInputMethodService: onComputeInsets
12-19 16:56:06.074  1367 29077 D vendor.hardware.vibratorfeature: Notifying perform complete
12-19 16:56:06.076 21839 21839 E BaseInputMethodService: onComputeInsets
12-19 16:56:06.077  1367  1367 D vendor.hardware.vibratorfeature: QTI Vibrator off
12-19 16:56:06.077  1367  1367 D DynamicEffectThread: pause
12-19 16:56:06.077  1367  1367 D DynamicEffectDevice: FFDevice pause
12-19 16:56:06.163 28972 28981 I issevan:channe: This is sticky GC, maxfree is 8388608 minfree is 2097152
12-19 16:56:06.192  2475  3037 D MIUIInput: [MotionEvent] publisher action=0x4, 555396828, channel 'a6e61f2 NavigationBar0 (server)'
12-19 16:56:06.192  2475  3037 D MIUIInput: [MotionEvent] publisher action=0x0, 555396828, channel 'd1cbb44 InputMethod (server)'
12-19 16:56:06.197  2475  4262 I HapticFeedbackUtil: 3,2,true
12-19 16:56:06.200 21839 21839 E BaseInputMethodService: onComputeInsets
12-19 16:56:06.200  1367  1367 D vendor.hardware.vibratorfeature: configStrengthForEffect id : 3 , strength: 1.000000
12-19 16:56:06.206  2475  3666 W NsdServiceInfo: Key lengths > 9 are discouraged: commonData
12-19 16:56:06.207  1131  1160 W netd    : dnssd_clientstub DNSServiceProcessResult called with NULL DNSServiceRef
12-19 16:56:06.208 21839 21839 E BaseInputMethodService: onComputeInsets
12-19 16:56:06.208  1367  1367 D vendor.hardware.vibratorfeature: Vibrator perform effect 3
12-19 16:56:06.208  1367  1367 D vendor.hardware.vibratorfeature: uses mCurrMagnitudeExt 1.000000
12-19 16:56:06.208  1367  1367 D vendor.hardware.vibratorfeature: getAmplitudeFromEffectStrength 1.000000
12-19 16:56:06.208 32290 32290 I HandWritingStubImpl: isKeyboardTypeChanged: false
12-19 16:56:06.208  1367  1367 D vendor.hardware.vibratorfeature: return from driver is 20
12-19 16:56:06.208  1367  1367 D vendor.hardware.vibratorfeature: playLengthMs is 70
12-19 16:56:06.209  1367 29080 D vendor.hardware.vibratorfeature: Starting perform on another thread
12-19 16:56:06.212  1131  1160 W netd    : dnssd_clientstub DNSServiceProcessResult called with NULL DNSServiceRef
12-19 16:56:06.213  2475  3666 E NsdService: id 3110 for SERVICE_GET_ADDR_SUCCESS has no client mapping
12-19 16:56:06.213  2475  3666 E NsdService: Unhandled { when=-1ms what=393242 obj=com.android.server.NsdService$NativeEvent@22b0388 target=com.android.internal.util.StateMachine$SmHandler }
12-19 16:56:06.214 19850 24872 W IDM-BonjourGovernor: apps is null
12-19 16:56:06.216 21839 21839 E BaseInputMethodService: onComputeInsets
12-19 16:56:06.224 21839 21839 E BaseInputMethodService: onComputeInsets
12-19 16:56:06.232 21839 21839 E BaseInputMethodService: onComputeInsets
12-19 16:56:06.240 21839 21839 E BaseInputMethodService: onComputeInsets
12-19 16:56:06.242  2475  3037 D MIUIInput: [MotionEvent] publisher action=0x1, 555396878, channel 'd1cbb44 InputMethod (server)'
12-19 16:56:06.245 28209 28209 I HandWritingStubImpl: isKeyboardTypeChanged: false
12-19 16:56:06.249 21839 21839 E BaseInputMethodService: onComputeInsets
12-19 16:56:06.249 28209 28209 I HandWritingStubImpl: isKeyboardTypeChanged: false
12-19 16:56:06.250 28209 28209 I HandWritingStubImpl: isKeyboardTypeChanged: false
12-19 16:56:06.252 28209 28209 I HandWritingStubImpl: isKeyboardTypeChanged: false
12-19 16:56:06.253  5128  5141 W Binder  : Caught a RuntimeException from the binder stub implementation.
12-19 16:56:06.253  5128  5141 W Binder  : java.lang.SecurityException: Permission denial
12-19 16:56:06.253  5128  5141 W Binder  : 	at com.xiaomi.mirror.MirrorAppService.enforceSignature(MirrorAppService.java:30)
12-19 16:56:06.253  5128  5141 W Binder  : 	at com.xiaomi.mirror.MirrorAppService.isWorking(MirrorAppService.java:35)
12-19 16:56:06.253  5128  5141 W Binder  : 	at com.xiaomi.mirror.MirrorAppService.notifyInputTypeAndPos(MirrorAppService.java:88)
12-19 16:56:06.253  5128  5141 W Binder  : 	at com.xiaomi.mirror.IMirrorAppService$Stub.onTransact(IMirrorAppService.java:135)
12-19 16:56:06.253  5128  5141 W Binder  : 	at android.os.Binder.execTransactInternal(Binder.java:1190)
12-19 16:56:06.253  5128  5141 W Binder  : 	at android.os.Binder.execTransact(Binder.java:1149)
12-19 16:56:06.257 21839 21839 E BaseInputMethodService: onComputeInsets
12-19 16:56:06.265 21839 21839 E BaseInputMethodService: onComputeInsets
12-19 16:56:06.271  1251  2448 I vendor.qti.hardware.display.composer-service: FrameNotifyProcess Sensor: notify citsensorservice to trigger cwb
12-19 16:56:06.271  2027  6676 I libcitsensorservice@2.0-impl: msg_transfer
12-19 16:56:06.272  2027  3266 D vendor.xiaomi.sensor.citsensorservice@2.0-service: handle id:10 wxh:1280x2400 uwxuh:1080x2400 size: 9216000 fd:15 fd_meta:16 flags:0x4000228 usage:0x33  format:0x3 layer_count: 1
12-19 16:56:06.272  1251  2216 I SDM     : HWCSession::SetCWBOutputBuffer: CWB config passed by cwb_client : tappoint 1  CWB_ROI : (829.000000 4.000000 915.000000 90.000000)
12-19 16:56:06.273  1251 29081 I SDM     : HWCSession::ProcessRequests: Successfully configured CWB buffer.
12-19 16:56:06.273 21839 21839 E BaseInputMethodService: onComputeInsets
12-19 16:56:06.275  9179  9314 D MemoryCeilingMonitor: [handleMemoryCalculate]
12-19 16:56:06.276  9179  9314 D MemoryCeilingMonitor: [calculate] tot: 5733680, max: 268435456, free: 566360, heap: 5167320, per: 0.019249767065048218
12-19 16:56:06.279  1367 29080 D vendor.hardware.vibratorfeature: Notifying perform complete
12-19 16:56:06.280  1367  1367 D vendor.hardware.vibratorfeature: QTI Vibrator off
12-19 16:56:06.280  1367  1367 D DynamicEffectThread: pause
12-19 16:56:06.280  1367  1367 D DynamicEffectDevice: FFDevice pause
12-19 16:56:06.282  2027  3285 D libsensor-displayalgo: the value of  brightness:429.000000,R:70065429.414555,G:62651643.629439,B:49707511.744981,EVENT_C:5181.500000,EVENT_R:1900.000000,EVENT_G:2701.500000,EVENT_B:1000.000000
12-19 16:56:06.282  2027  3285 I libsensor-displayalgo: the value of  Coef1:1107.681000,Coef4:2.383000, scale1:0.935522, scale4:0.923264
12-19 16:56:06.282  2027  3285 E libsensor-displayalgo: RGB_test_0407_400_oldzy!
12-19 16:56:06.282  2027  3285 I libsensor-displayalgo: the value of  RESULT2706.256669,1104.796795,1305.367711,465.654371
12-19 16:56:06.282  2027  3285 I libsensor-displayalgo: the value of  getChannelDataCalibrated2835.220722,1023.371057,1515.684700,507.432069
12-19 16:56:06.282  2027  3285 I libsensor-displayalgo: the value of  REAL LUX146.478165
12-19 16:56:06.282  2027  3285 I libsensor-displayalgo: the value of  CAL REAL LUX146.478165
12-19 16:56:06.283  1251 29081 I SDM     : HWCSession::ProcessRequests: Pushing release fence in fenece wait queue.
12-19 16:56:06.284  1251 29081 I SDM     : HWCSession::ProcessRequests: Creating AsyncFenceWaits async thread.
12-19 16:56:06.284  1251 29081 I SDM     : HWCSession::ProcessRequests: Remove current CWB request from the pending request queue.
12-19 16:56:06.284  1251 29081 I SDM     : HWCSession::ProcessRequests: No pending cwb requests found in the queue.
12-19 16:56:06.288  1251  1467 I SDM     : HWDeviceDRM::SetupConcurrentWriteback: Tear down the Concurrent Writeback topology
12-19 16:56:06.295  1251 29082 I SDM     : HWCSession::NotifyCWBStatus: Notify the client about buffer status 0.
12-19 16:56:06.296  1251 29082 I SDM     : HWCSession::PerformFenceWaits: Remove current release fence from the pending fence wait queue.
12-19 16:56:06.296  1251 29082 I SDM     : HWCSession::PerformFenceWaits: CWB fence queue is empty. No pending release fence to wait on.
12-19 16:56:06.339  2475  3037 D MIUIInput: [MotionEvent] publisher action=0x4, 555396975, channel 'a6e61f2 NavigationBar0 (server)'
12-19 16:56:06.340  2475  3037 D MIUIInput: [MotionEvent] publisher action=0x0, 555396975, channel 'd1cbb44 InputMethod (server)'
12-19 16:56:06.342  2475  5722 I HapticFeedbackUtil: 3,2,true
12-19 16:56:06.342  1367  1367 D vendor.hardware.vibratorfeature: configStrengthForEffect id : 3 , strength: 1.000000
12-19 16:56:06.346  1367  1367 D vendor.hardware.vibratorfeature: Vibrator perform effect 3
12-19 16:56:06.346  1367  1367 D vendor.hardware.vibratorfeature: uses mCurrMagnitudeExt 1.000000
12-19 16:56:06.346  1367  1367 D vendor.hardware.vibratorfeature: getAmplitudeFromEffectStrength 1.000000
