12-22 11:09:25.057 27712 27712 W pool-3-thread-1: type=1400 audit(0.0:119543): avc: denied { read } for name="version" dev="proc" ino=4026532016 scontext=u:r:untrusted_app_27:s0:c13,c257,c512,c768 tcontext=u:object_r:proc_version:s0 tclass=file permissive=0 app=com.tencent.mobileqq
12-22 11:09:25.063  1251 27733 I SDM     : HWCSession::ProcessRequests: Pushing release fence in fenece wait queue.
12-22 11:09:25.063  1251 27733 I SDM     : HWCSession::ProcessRequests: Creating AsyncFenceWaits async thread.
12-22 11:09:25.063  1251 27733 I SDM     : HWCSession::ProcessRequests: Remove current CWB request from the pending request queue.
12-22 11:09:25.064  1251 27733 I SDM     : HWCSession::ProcessRequests: No pending cwb requests found in the queue.
12-22 11:09:25.066  2475  5737 W ServiceManager: Permission failure: android.permission.HIGH_SAMPLING_RATE_SENSORS from uid=10269 pid=27712
12-22 11:09:25.069  1251  1467 I SDM     : HWDeviceDRM::SetupConcurrentWriteback: Tear down the Concurrent Writeback topology
12-22 11:09:25.077  1251 27740 I SDM     : HWCSession::NotifyCWBStatus: Notify the client about buffer status 0.
12-22 11:09:25.077  1251 27740 I SDM     : HWCSession::PerformFenceWaits: Remove current release fence from the pending fence wait queue.
12-22 11:09:25.077  1251 27740 I SDM     : HWCSession::PerformFenceWaits: CWB fence queue is empty. No pending release fence to wait on.
12-22 11:09:25.082  2027  3285 D libsensor-displayalgo: the value of  brightness:357.000000,R:66945852.638903,G:59830376.237511,B:47520618.852753,EVENT_C:3150.500000,EVENT_R:1259.000000,EVENT_G:1674.000000,EVENT_B:668.000000
12-22 11:09:25.082  2027  3285 I libsensor-displayalgo: the value of  Coef1:1107.681000,Coef4:2.383000, scale1:0.935522, scale4:0.923264
12-22 11:09:25.082  2027  3285 E libsensor-displayalgo: RGB_test_0407_400_oldzy!
12-22 11:09:25.083  2027  3285 I libsensor-displayalgo: the value of  RESULT2334.281559,952.907748,1135.192671,401.938086
12-22 11:09:25.084  2027  3285 I libsensor-displayalgo: the value of  getChannelDataCalibrated2434.692271,884.831994,1307.433723,434.853464
12-22 11:09:25.085  2027  3285 I libsensor-displayalgo: the value of  REAL LUX34.150043
12-22 11:09:25.086  2027  3285 I libsensor-displayalgo: the value of  CAL REAL LUX34.150043
12-22 11:09:25.091  9768 18773 I CmdControl: [getCmdData:472][send] cmd :27, seq: 33630, length: 0
12-22 11:09:25.093 27712 27749 D IdProviderImpl: getOAID from cn.missevan
12-22 11:09:25.094  2475  5737 W ProcessStats: Tracking association SourceState{5bada8b com.miui.thirdappassistant/1000 BTopFgs #312474} whose proc state 2 is better than process ProcessState{ab8ac79 com.miui.analytics/10089 pkg=com.miui.analytics} proc state 3 (192 skipped)
12-22 11:09:25.129 27090 27121 W QueryController: Could not detect idle state.
12-22 11:09:25.135 27090 27121 I appium  : AppiumResponse: {"sessionId":"0049667a-dc5f-4f2e-aa4a-80c9113efb86","value":null}
12-22 11:09:25.148  2475  4263 D ConnectivityService: requestNetwork for uid/pid:10269/27712 activeRequest: null callbackRequest: 6486 [NetworkRequest [ REQUEST id=6487, [ Capabilities: INTERNET&NOT_RESTRICTED&TRUSTED&NOT_VCN_MANAGED Uid: 10269 RequestorUid: 10269 RequestorPkg: cn.missevan] ]] callback flags: 0 priority: 2147483647
12-22 11:09:25.149  2475  3663 D ConnectivityService: NetReassign [6487 : null  195]
12-22 11:09:25.152  2475  3651 D WifiNetworkFactory: got request NetworkRequest [ REQUEST id=6487, [ Capabilities: INTERNET&NOT_RESTRICTED&TRUSTED&NOT_VCN_MANAGED Uid: 10269 RequestorUid: 10269 RequestorPkg: cn.missevan] ]
12-22 11:09:25.152  2475  3651 D UntrustedWifiNetworkFactory: got request NetworkRequest [ REQUEST id=6487, [ Capabilities: INTERNET&NOT_RESTRICTED&TRUSTED&NOT_VCN_MANAGED Uid: 10269 RequestorUid: 10269 RequestorPkg: cn.missevan] ]
12-22 11:09:25.152  2475  3651 D OemPaidWifiNetworkFactory: got request NetworkRequest [ REQUEST id=6487, [ Capabilities: INTERNET&NOT_RESTRICTED&TRUSTED&NOT_VCN_MANAGED Uid: 10269 RequestorUid: 10269 RequestorPkg: cn.missevan] ]
12-22 11:09:25.157 27090 27121 I appium  : channel read: POST /wd/hub/session/0049667a-dc5f-4f2e-aa4a-80c9113efb86/element
12-22 11:09:25.158 27090 27121 I appium  : FindElement command
12-22 11:09:25.160 27090 27121 I appium  : method: 'id', selector: 'cn.missevan:id/textView5'
12-22 11:09:25.160 27090 27121 I appium  : Waiting up to 100ms for the device to idle
12-22 11:09:25.366  1251  2448 I vendor.qti.hardware.display.composer-service: FrameNotifyProcess Sensor: notify citsensorservice to trigger cwb
12-22 11:09:25.366  2027  2097 I libcitsensorservice@2.0-impl: msg_transfer
12-22 11:09:25.367  2027  3266 D vendor.xiaomi.sensor.citsensorservice@2.0-service: handle id:10 wxh:1280x2400 uwxuh:1080x2400 size: 9216000 fd:15 fd_meta:16 flags:0x4000228 usage:0x33  format:0x3 layer_count: 1
12-22 11:09:25.368  1251  2216 I SDM     : HWCSession::SetCWBOutputBuffer: CWB config passed by cwb_client : tappoint 1  CWB_ROI : (829.000000 4.000000 915.000000 90.000000)
12-22 11:09:25.369  1251 27769 I SDM     : HWCSession::ProcessRequests: Successfully configured CWB buffer.
12-22 11:09:25.377  1251 27769 I SDM     : HWCSession::ProcessRequests: Pushing release fence in fenece wait queue.
12-22 11:09:25.377  1251 27769 I SDM     : HWCSession::ProcessRequests: Creating AsyncFenceWaits async thread.
12-22 11:09:25.377  1251 27769 I SDM     : HWCSession::ProcessRequests: Remove current CWB request from the pending request queue.
12-22 11:09:25.377  1251 27769 I SDM     : HWCSession::ProcessRequests: No pending cwb requests found in the queue.
12-22 11:09:25.382  2027  3285 D libsensor-displayalgo: the value of  brightness:357.000000,R:66945852.638903,G:59830376.237511,B:47520618.852753,EVENT_C:3150.500000,EVENT_R:1259.000000,EVENT_G:1674.000000,EVENT_B:668.000000
12-22 11:09:25.382  2027  3285 I libsensor-displayalgo: the value of  Coef1:1107.681000,Coef4:2.383000, scale1:0.935522, scale4:0.923264
12-22 11:09:25.382  2027  3285 E libsensor-displayalgo: RGB_test_0407_400_oldzy!
12-22 11:09:25.382  1251  1467 I SDM     : HWDeviceDRM::SetupConcurrentWriteback: Tear down the Concurrent Writeback topology
12-22 11:09:25.383  2027  3285 I libsensor-displayalgo: the value of  RESULT2334.281559,952.907748,1135.192671,401.938086
12-22 11:09:25.383  2027  3285 I libsensor-displayalgo: the value of  getChannelDataCalibrated2434.692271,884.831994,1307.433723,434.853464
12-22 11:09:25.383  2027  3285 I libsensor-displayalgo: the value of  REAL LUX34.150043
12-22 11:09:25.383  2027  3285 I libsensor-displayalgo: the value of  CAL REAL LUX34.150043
12-22 11:09:25.389  1251 27770 I SDM     : HWCSession::NotifyCWBStatus: Notify the client about buffer status 0.
12-22 11:09:25.390  1251 27770 I SDM     : HWCSession::PerformFenceWaits: Remove current release fence from the pending fence wait queue.
12-22 11:09:25.390  1251 27770 I SDM     : HWCSession::PerformFenceWaits: CWB fence queue is empty. No pending release fence to wait on.
12-22 11:09:25.628 27090 27121 W QueryController: Could not detect idle state.
12-22 11:09:25.670  1251  2448 I vendor.qti.hardware.display.composer-service: FrameNotifyProcess Sensor: notify citsensorservice to trigger cwb
12-22 11:09:25.670  2027  4130 I libcitsensorservice@2.0-impl: msg_transfer
12-22 11:09:25.671  2027  3266 D vendor.xiaomi.sensor.citsensorservice@2.0-service: handle id:10 wxh:1280x2400 uwxuh:1080x2400 size: 9216000 fd:15 fd_meta:16 flags:0x4000228 usage:0x33  format:0x3 layer_count: 1
12-22 11:09:25.672  1251  2216 I SDM     : HWCSession::SetCWBOutputBuffer: CWB config passed by cwb_client : tappoint 1  CWB_ROI : (829.000000 4.000000 915.000000 90.000000)
12-22 11:09:25.676  1251 27771 I SDM     : HWCSession::ProcessRequests: Successfully configured CWB buffer.
12-22 11:09:25.682 27090 27121 I appium  : AppiumResponse: {"sessionId":"0049667a-dc5f-4f2e-aa4a-80c9113efb86","value":{"ELEMENT":"00000000-0000-0a4e-ffff-ffff00000089","element-6066-11e4-a52e-4f735466cecf":"00000000-0000-0a4e-ffff-ffff00000089"}}
12-22 11:09:25.682  2027  3285 D libsensor-displayalgo: the value of  brightness:357.000000,R:66945852.638903,G:59830376.237511,B:47520618.852753,EVENT_C:3065.500000,EVENT_R:1231.000000,EVENT_G:1628.500000,EVENT_B:651.000000
12-22 11:09:25.682  2027  3285 I libsensor-displayalgo: the value of  Coef1:1107.681000,Coef4:2.383000, scale1:0.935522, scale4:0.923264
12-22 11:09:25.682  2027  3285 E libsensor-displayalgo: RGB_test_0407_400_oldzy!
12-22 11:09:25.681  1251 27771 I SDM     : HWCSession::ProcessRequests: Pushing release fence in fenece wait queue.
12-22 11:09:25.682  1251 27771 I SDM     : HWCSession::ProcessRequests: Creating AsyncFenceWaits async thread.
12-22 11:09:25.682  2027  3285 I libsensor-displayalgo: the value of  RESULT2334.281559,952.907748,1135.192671,401.938086
12-22 11:09:25.682  2027  3285 I libsensor-displayalgo: the value of  getChannelDataCalibrated2434.692271,884.831994,1307.433723,434.853464
12-22 11:09:25.682  2027  3285 I libsensor-displayalgo: the value of  REAL LUX28.517597
12-22 11:09:25.682  2027  3285 I libsensor-displayalgo: the value of  CAL REAL LUX28.517597
12-22 11:09:25.682  1251 27771 I SDM     : HWCSession::ProcessRequests: Remove current CWB request from the pending request queue.
12-22 11:09:25.682  1251 27771 I SDM     : HWCSession::ProcessRequests: No pending cwb requests found in the queue.
12-22 11:09:25.686  1251  1467 I SDM     : HWDeviceDRM::SetupConcurrentWriteback: Tear down the Concurrent Writeback topology
12-22 11:09:25.694  1251 27772 I SDM     : HWCSession::NotifyCWBStatus: Notify the client about buffer status 0.
12-22 11:09:25.694  1251 27772 I SDM     : HWCSession::PerformFenceWaits: Remove current release fence from the pending fence wait queue.
12-22 11:09:25.694  1251 27772 I SDM     : HWCSession::PerformFenceWaits: CWB fence queue is empty. No pending release fence to wait on.
12-22 11:09:25.703 27090 27121 I appium  : channel read: POST /wd/hub/session/0049667a-dc5f-4f2e-aa4a-80c9113efb86/element/00000000-0000-0a4e-ffff-ffff00000089/click
12-22 11:09:25.704 27090 27121 I appium  : Click command
12-22 11:09:25.716  9768 18773 I CmdControl: [getCmdData:472][send] cmd :26, seq: 124, length: 0
12-22 11:09:25.726  2475  4263 D MIUIInput: Input event injection from pid 27075, MotionEvent: DOWN
12-22 11:09:25.727  2475  3037 D MIUIInput: [MotionEvent] publisher action=0x4, 582070080, channel 'a6e61f2 NavigationBar0 (server)'
12-22 11:09:25.728  2475  3037 D MIUIInput: [MotionEvent] publisher action=0x0, 582070080, channel '248130c cn.missevan/cn.missevan.activity.MainActivity (server)'
12-22 11:09:25.735  2475  4263 D MIUIInput: Input event injection from pid 27075, MotionEvent: UP
12-22 11:09:25.736  2475  3037 D MIUIInput: [MotionEvent] publisher action=0x1, 582070080, channel '248130c cn.missevan/cn.missevan.activity.MainActivity (server)'
12-22 11:09:25.753 27090 27121 I appium  : Waiting up to 100ms for the device to idle
12-22 11:09:25.754 27090 27121 I appium  : AppiumResponse: {"sessionId":"0049667a-dc5f-4f2e-aa4a-80c9113efb86","value":null}
12-22 11:09:25.759 27154 27782 D CompatibilityChangeReporter: Compat change id reported: 149924527; UID 10269; state: ENABLED
12-22 11:09:25.759 27154 27782 D CompatibilityChangeReporter: Compat change id reported: 132649864; UID 10269; state: DISABLED
12-22 11:09:25.760  9660 10164 D TelephonyProvider: Using old permission behavior for telephony provider compat
12-22 11:09:25.760 27154 27154 E UniAccount: 5.1.0AR02B0701 
12-22 11:09:25.763 27154 27154 D IS_CTS_MODE: true
12-22 11:09:25.763 27154 27154 D MULTI_WINDOW_SWITCH_ENABLED: false
12-22 11:09:25.766 27154 27780 D ConnectivityManager: getMobileDataEnabled()+ subId=1
12-22 11:09:25.767  7453  7461 I e.security.miu: This is sticky GC, maxfree is 8388608 minfree is 2097152
12-22 11:09:25.768 27154 27780 D ConnectivityManager: getMobileDataEnabled()- subId=1 retVal=false
12-22 11:09:25.771  7453  7463 W System  : A resource failed to call end.
12-22 11:09:25.772 27154 27779 D ConnectivityManager: getMobileDataEnabled()+ subId=1
12-22 11:09:25.773 27154 27779 D ConnectivityManager: getMobileDataEnabled()- subId=1 retVal=false
12-22 11:09:25.774 27090 27121 I appium  : channel read: POST /wd/hub/session/0049667a-dc5f-4f2e-aa4a-80c9113efb86/element
12-22 11:09:25.775 27090 27121 I appium  : FindElement command
12-22 11:09:25.775 27154 27773 E AuthSDK : getVendorList isUploadMode = false
12-22 11:09:25.776 27090 27121 I appium  : method: 'id', selector: 'cn.missevan:id/passwordLogin'
12-22 11:09:25.777 27090 27121 I appium  : Waiting up to 100ms for the device to idle
12-22 11:09:25.779 27154 27779 D ConnectivityManager: getMobileDataEnabled()+ subId=1
12-22 11:09:25.781 27154 27779 D ConnectivityManager: getMobileDataEnabled()- subId=1 retVal=false
12-22 11:09:25.790 27154 27773 E AuthSDK : checkEnvAvailable errorCode = 600008; errorMsg = 
12-22 11:09:25.799  2475  5737 W InputManager-JNI: Input channel object 'b8aee0a cn.missevan/cn.missevan.activity.MainActivity (client)' was disposed without first being removed with the input manager!
12-22 11:09:25.821 27154 27154 D DecorView[]: updateDecorCaptionStatus displayWindowDecor is false
12-22 11:09:25.822 27536 27553 I van:pushservic: ProcessProfilingInfo new_methods=0 is saved saved_to_disk=0 resolve_classes_delay=8000
12-22 11:09:25.870  2475  2484 I system_server: This is sticky GC, maxfree is 8388608 minfree is 2097152
12-22 11:09:25.876  2475  2486 W System  : A resource failed to call release.
12-22 11:09:25.876  2475  2486 W System  : A resource failed to call close.
12-22 11:09:25.876  2475  2486 W System  : A resource failed to call close.
12-22 11:09:25.879  2475  5737 I WindowManagerService: Physical orientation applied, rotation=0 sfOrientation=ORIENTATION_0
12-22 11:09:25.889  5773  8966 D SLM-SRV-SLAService: checktemp temperature = 28277 temperature_average = 28064 isPerformanceMode = false thermal_enable_slm = true
12-22 11:09:25.890 27154 27154 E Umeng   : [main] umeng verify error: init error: {"carrierFailedResultData":"","code":"600008","msg":"","requestCode":0,"requestId":"b8c9c1cf-b1a8-45eb-a85b-38a63ca6569d","vendorName":"cm_zyhl"}
12-22 11:09:25.894 27090 27121 W ByMatcher: Node returned null child: android.view.accessibility.AccessibilityNodeInfo@8000770c; boundsInParent: Rect(0, 0 - 1080, 2400); boundsInScreen: Rect(0, 0 - 1080, 2400); packageName: cn.missevan; className: android.widget.FrameLayout; text: null; error: null; maxTextLength: -1; stateDescription: null; contentDescription: null; tooltipText: null; viewIdResName: null; checkable: false; checked: false; focusable: false; focused: false; selected: false; clickable: false; longClickable: false; contextClickable: false; enabled: true; password: false; scrollable: false; importantForAccessibility: true; visible: true; actions: [AccessibilityAction: ACTION_SELECT - null, AccessibilityAction: ACTION_CLEAR_SELECTION - null, AccessibilityAction: ACTION_ACCESSIBILITY_FOCUS - null, AccessibilityAction: ACTION_SHOW_ON_SCREEN - null]
12-22 11:09:25.895 27090 27121 W ByMatcher: Skipping null child (0 of 2)
12-22 11:09:25.896 27090 27121 W ByMatcher: Skipping null child (1 of 2)
12-22 11:09:25.897 27090 27121 W ByMatcher: Node returned null child: android.view.accessibility.AccessibilityNodeInfo@8000770c; boundsInParent: Rect(0, 0 - 1080, 2400); boundsInScreen: Rect(0, 0 - 1080, 2400); packageName: cn.missevan; className: android.widget.FrameLayout; text: null; error: null; maxTextLength: -1; stateDescription: null; contentDescription: null; tooltipText: null; viewIdResName: null; checkable: false; checked: false; focusable: false; focused: false; selected: false; clickable: false; longClickable: false; contextClickable: false; enabled: true; password: false; scrollable: false; importantForAccessibility: true; visible: true; actions: [AccessibilityAction: ACTION_SELECT - null, AccessibilityAction: ACTION_CLEAR_SELECTION - null, AccessibilityAction: ACTION_ACCESSIBILITY_FOCUS - null, AccessibilityAction: ACTION_SHOW_ON_SCREEN - null]
12-22 11:09:25.899 27090 27121 W ByMatcher: Skipping null child (0 of 2)
12-22 11:09:25.901 27090 27121 W ByMatcher: Skipping null child (1 of 2)
12-22 11:09:25.901 27154 27154 D DecorView[MainActivity]: onWindowFocusChanged hasWindowFocus false
12-22 11:09:25.904 27090 27121 I appium  : AppiumResponse: {"sessionId":"0049667a-dc5f-4f2e-aa4a-80c9113efb86","value":{"error":"no such element","message":"An element could not be located on the page using the given search parameters","stacktrace":"io.appium.uiautomator2.common.exceptions.ElementNotFoundException: An element could not be located on the page using the given search parameters\n\tat io.appium.uiautomator2.handler.FindElement.safeHandle(FindElement.java:70)\n\tat io.appium.uiautomator2.handler.request.SafeRequestHandler.handle(SafeRequestHandler.java:59)\n\tat io.appium.uiautomator2.server.AppiumServlet.handleRequest(AppiumServlet.java:266)\n\tat io.appium.uiautomator2.server.AppiumServlet.handleHttpRequest(AppiumServlet.java:260)\n\tat io.appium.uiautomator2.http.ServerHandler.channelRead(ServerHandler.java:68)\n\tat io.netty.channel.AbstractChannelHandlerContext.invokeChannelRead(AbstractChannelHandlerContext.java:366)\n\tat io.netty.channel.AbstractChannelHandlerContext.invokeChannelRead(AbstractChannelHandlerContext.java:352)\n\tat io.netty.channel.AbstractChannelHandlerContext.fireChannelRead(AbstractChannelHandlerContext.java:345)\n\tat io.netty.handler.codec.MessageToMessageDecoder.channelRead(MessageToMessageDecoder.java:102)\n\tat io.netty.channel.AbstractChannelHandlerContext.invokeChannelRead(AbstractChannelHandlerContext.java:366)\n\tat io.netty.channel.AbstractChannelHandlerContext.invokeChannelRead(AbstractChannelHandlerContext.java:352)\n\tat io.netty.channel.AbstractChannelHandlerContext.fireChannelRead(AbstractChannelHandlerContext.java:345)\n\tat io.netty.channel.CombinedChannelDuplexHandler$DelegatingChannelHandlerContext.fireChannelRead(CombinedChannelDuplexHandler.java:435)\n\tat io.netty.handler.codec.ByteToMessageDecoder.fireChannelRead(ByteToMessageDecoder.java:293)\n\tat io.netty.handler.codec.ByteToMessageDecoder.channelRead(ByteToMessageDecoder.java:267)\n\tat io.netty.channel.CombinedChannelDuplexHandler.channelRead(CombinedChannelDuplexHandler.java:250)\n\tat io.netty.channel.AbstractChannelHandlerContext.invokeChannelRead(AbstractChannelHandlerContext.java:366)\n\tat io.netty.channel.AbstractChannelHandlerContext.invokeChannelRead(AbstractChannelHandlerContext.java:352)\n\tat io.netty.channel.AbstractChannelHandlerContext.fireChannelRead(AbstractChannelHandlerContext.java:345)\n\tat io.netty.handler.timeout.IdleStateHandler.channelRead(IdleStateHandler.java:266)\n\tat io.netty.channel.AbstractChannelHandlerContext.invokeChannelRead(AbstractChannelHandlerContext.java:366)\n\tat io.netty.channel.AbstractChannelHandlerContext.invokeChannelRead(AbstractChannelHandlerContext.java:352)\n\tat io.netty.channel.AbstractChannelHandlerContext.fireChannelRead(AbstractChannelHandlerContext.java:345)\n\tat io.netty.channel.DefaultChannelPipeline$HeadContext.channelRead(DefaultChannelPipeline.java:1294)\n\tat io.netty.channel.AbstractChannelHandlerContext.invokeChannelRead(AbstractChannelHandlerContext.java:366)\n\tat io.netty.channel.AbstractChannelHandlerContext.invokeChannelRead(AbstractChannelHandlerContext.java:352)\n\tat io.netty.channel.DefaultChannelPipeline.fireChannelRead(DefaultChannelPipeline.java:911)\n\tat io.netty.channel.nio.AbstractNioByteChannel$NioByteUnsafe.read(AbstractNioByteChannel.java:131)\n\tat io.netty.channel.nio.NioEventLoop.processSelectedKey(NioEventLoop.java:611)\n\tat io.netty.channel.nio.NioEventLoop.processSelectedKeysOptimized(NioEventLoop.java:552)\n\tat io.netty.channel.nio.NioEventLoop.processSelectedKeys(NioEventLoop.java:466)\n\tat io.netty.channel.nio.NioEventLoop.run(NioEventLoop.java:438)\n\tat io.netty.util.concurrent.SingleThreadEventExecutor$2.run(SingleThreadEventExecutor.java:140)\n\tat io.netty.util.concurrent.DefaultThreadFactory$DefaultRunnableDecorator.run(DefaultThreadFactory.java:144)\n\tat java.lang.Thread.run(Thread.java:920)\n"}}
12-22 11:09:25.910 27154 27168 D BLASTBufferQueue: releaseBufferCallback ReleaseCallbackId: bufferId:116625541955591 framenumber:1
12-22 11:09:25.916 27154 27154 D DecorView[]: onWindowFocusChanged hasWindowFocus true
12-22 11:09:25.917 27154 27168 D BLASTBufferQueue: releaseBufferCallback ReleaseCallbackId: bufferId:116625541955590 framenumber:2
12-22 11:09:25.977  1251  2448 I vendor.qti.hardware.display.composer-service: FrameNotifyProcess Sensor: notify citsensorservice to trigger cwb
12-22 11:09:25.979  2027  4130 I libcitsensorservice@2.0-impl: msg_transfer
12-22 11:09:25.979  2027  3266 D vendor.xiaomi.sensor.citsensorservice@2.0-service: handle id:10 wxh:1280x2400 uwxuh:1080x2400 size: 9216000 fd:15 fd_meta:16 flags:0x4000228 usage:0x33  format:0x3 layer_count: 1
12-22 11:09:25.979  1251  2216 I SDM     : HWCSession::SetCWBOutputBuffer: CWB config passed by cwb_client : tappoint 1  CWB_ROI : (829.000000 4.000000 915.000000 90.000000)
12-22 11:09:25.980  1251 27798 I SDM     : HWCSession::ProcessRequests: Successfully configured CWB buffer.
12-22 11:09:25.983  2027  3285 D libsensor-displayalgo: the value of  brightness:357.000000,R:66945852.638903,G:59830376.237511,B:47520618.852753,EVENT_C:3058.500000,EVENT_R:1229.000000,EVENT_G:1626.500000,EVENT_B:650.000000
12-22 11:09:25.983  2027  3285 I libsensor-displayalgo: the value of  Coef1:1107.681000,Coef4:2.383000, scale1:0.935522, scale4:0.923264
12-22 11:09:25.983  2027  3285 E libsensor-displayalgo: RGB_test_0407_400_oldzy!
12-22 11:09:25.984  2027  3285 I libsensor-displayalgo: the value of  RESULT2334.281559,952.907748,1135.192671,401.938086
12-22 11:09:25.984  2027  3285 I libsensor-displayalgo: the value of  getChannelDataCalibrated2434.692271,884.831994,1307.433723,434.853464
12-22 11:09:25.984  2027  3285 I libsensor-displayalgo: the value of  REAL LUX28.089209
12-22 11:09:25.984  2027  3285 I libsensor-displayalgo: the value of  CAL REAL LUX28.089209
12-22 11:09:25.987  1251 27798 I SDM     : HWCSession::ProcessRequests: Pushing release fence in fenece wait queue.
12-22 11:09:25.987  1251 27798 I SDM     : HWCSession::ProcessRequests: Creating AsyncFenceWaits async thread.
12-22 11:09:25.988  1251 27798 I SDM     : HWCSession::ProcessRequests: Remove current CWB request from the pending request queue.
12-22 11:09:25.988  1251 27798 I SDM     : HWCSession::ProcessRequests: No pending cwb requests found in the queue.
12-22 11:09:25.992  1251  1467 I SDM     : HWDeviceDRM::SetupConcurrentWriteback: Tear down the Concurrent Writeback topology
12-22 11:09:25.998  1251 27799 I SDM     : HWCSession::NotifyCWBStatus: Notify the client about buffer status 0.
12-22 11:09:25.999  1251 27799 I SDM     : HWCSession::PerformFenceWaits: Remove current release fence from the pending fence wait queue.
12-22 11:09:25.999  1251 27799 I SDM     : HWCSession::PerformFenceWaits: CWB fence queue is empty. No pending release fence to wait on.
12-22 11:09:26.001  2475  4363 W InputManager-JNI: Input channel object 'cba24f cn.missevan/cn.missevan.activity.MainActivity (client)' was disposed without first being removed with the input manager!
12-22 11:09:26.022  2475  4363 D MiuiMultiWindowAdapter: MiuiMultiWindowAdapter::getFreeformIgnoreRequestOrientationList= [com.miui.player, com.sqw.setdl.mi, air.tv.douyu.android, com.youku.phone, com.tencent.gamehelper.smoba, com.taobao.litetao, com.live.shuoqiudi, com.baidu.homework, com.tencent.qqmusic, cn.xiaochuankeji.zuiyouLite, com.facebook.orca, com.android.browser, com.alibaba.android.rimet]
12-22 11:09:26.033 27154 27154 I HandWritingStubImpl: isKeyboardTypeChanged: false
12-22 11:09:26.034 27154 27154 I HandWritingStubImpl: isKeyboardTypeChanged: false
12-22 11:09:26.034 27154 27154 I HandWritingStubImpl: isKeyboardTypeChanged: false
12-22 11:09:26.035 27154 27154 I HandWritingStubImpl: isKeyboardTypeChanged: false
12-22 11:09:26.036 27154 27154 I HandWritingStubImpl: isKeyboardTypeChanged: false
12-22 11:09:26.036 27154 27154 I HandWritingStubImpl: isKeyboardTypeChanged: false
12-22 11:09:26.036 27154 27154 I HandWritingStubImpl: isKeyboardTypeChanged: false
12-22 11:09:26.036 27154 27154 I HandWritingStubImpl: isKeyboardTypeChanged: false
12-22 11:09:26.037 27154 27154 I HandWritingStubImpl: isKeyboardTypeChanged: false
12-22 11:09:26.038 27154 27154 I HandWritingStubImpl: isKeyboardTypeChanged: false
12-22 11:09:26.039 27154 27154 I HandWritingStubImpl: isKeyboardTypeChanged: false
12-22 11:09:26.039 27154 27154 I HandWritingStubImpl: isKeyboardTypeChanged: false
12-22 11:09:26.039 27154 27154 I HandWritingStubImpl: isKeyboardTypeChanged: false
12-22 11:09:26.039 27154 27154 I HandWritingStubImpl: isKeyboardTypeChanged: false
12-22 11:09:26.039 27154 27154 I HandWritingStubImpl: isKeyboardTypeChanged: false
12-22 11:09:26.041  2475  3040 I BatteryService: current mPlugType2current mHealthInfo.batteryLevel28current mHealthInfo.batteryTemperature268
12-22 11:09:26.044 27154 27154 I HandWritingStubImpl: isKeyboardTypeChanged: false
12-22 11:09:26.044 27154 27154 I HandWritingStubImpl: isKeyboardTypeChanged: false
12-22 11:09:26.044 27154 27154 I HandWritingStubImpl: isKeyboardTypeChanged: false
12-22 11:09:26.044 27154 27154 I HandWritingStubImpl: isKeyboardTypeChanged: false
12-22 11:09:26.048 27154 27154 I HandWritingStubImpl: isKeyboardTypeChanged: false
12-22 11:09:26.049  9660  9660 D DynamicService:  ACTION_BATTERY_CHANGED change,USB plug = 2
12-22 11:09:26.050  6206  7099 D PowerCheckerService: onBatteryChanged, mBatteryLevel = 28, status = 2, level = 28, plug = 2, scale = 100
12-22 11:09:26.050  6206  6950 D PowerKeeper.FrozenApp: onBatteryChanged plug=true mBatteryPlugged=2
12-22 11:09:26.051  4409  4409 D QtiCarrierConfigHelper: WARNING, no carrier configs on phone Id: 1
12-22 11:09:26.053  6206  7192 D PowerKeeper.Thermal: mBatteryTemperature: 26
12-22 11:09:26.054  6206  7182 D ThermalIECHandler: storeDataStyle: thermal_iec_monitor_persistence_data_style_iec_state; startIECTime: -1; IECScreenOffOverPeriodTime: 1410825231
12-22 11:09:26.054  6171  6171 I BatteryInfoReceiver: ACTION_BATTERY_CHANGED
12-22 11:09:26.057  6171  6171 I PowerNoticeUI: handleBatteryChanged oldPlugType 2 mPlugType 2 oldBatteryLevel 28 mBatteryLevel 28 temperature 268
12-22 11:09:26.058  2475  2688 I android_os_HwBinder: HwBinder: Starting thread pool for getting: vendor.xiaomi.hardware.micharge@1.0::IMiCharge/default
12-22 11:09:26.059  1344 28451 E vendor.xiaomi.hardware.micharge@1.0-service: Failed to open node /sys/class/qcom-battery/reverse_chg_mode
12-22 11:09:26.059  1344 28451 I vendor.xiaomi.hardware.micharge@1.0-service: ReadFilePathValue path = /sys/class/qcom-battery/reverse_chg_mode value =
12-22 11:09:26.062  4453  4453 V DeviceStatisticsService: chargerType=2 batteryLevel=28 totalBatteryCapacity=4128500
12-22 11:09:26.062  2475  2688 I android_os_HwBinder: HwBinder: Starting thread pool for getting: vendor.xiaomi.hardware.micharge@1.0::IMiCharge/default
12-22 11:09:26.063  1344 28451 I vendor.xiaomi.hardware.micharge@1.0-service: ReadFilePathValue path = /sys/class/qcom-battery/fastchg_mode value = 0
12-22 11:09:26.065  6171  7418 I android_os_HwBinder: HwBinder: Starting thread pool for getting: vendor.xiaomi.hardware.micharge@1.0::IMiCharge/default
12-22 11:09:26.068  1344 28451 I vendor.xiaomi.hardware.micharge@1.0-service: ReadFilePathValue path = /sys/class/qcom-battery/night_charging value = 0
12-22 11:09:26.069 27154 27154 D IS_CTS_MODE: true
12-22 11:09:26.069 27154 27154 D MULTI_WINDOW_SWITCH_ENABLED: false
12-22 11:09:26.070  6171  7418 I ChargeProtectionUtils: getNightChargingState: 0
12-22 11:09:26.090  2475  4363 W InputManager-JNI: Input channel object '6f7009 cn.missevan/cn.missevan.activity.MainActivity (client)' was disposed without first being removed with the input manager!
12-22 11:09:26.134 27154 27154 V TextView: sendCursorInfo support:true
12-22 11:09:26.139 27154 27154 D DecorView[MainActivity]: onWindowFocusChanged hasWindowFocus true
12-22 11:09:26.140 27154 27154 I HandWritingStubImpl: refreshLastKeyboardType: 1
12-22 11:09:26.141 27154 27154 I HandWritingStubImpl: getCurrentKeyboardType: 1
12-22 11:09:26.143 27154 27154 D CompatibilityChangeReporter: Compat change id reported: 163400105; UID 10269; state: DISABLED
12-22 11:09:26.144 27154 27154 I HandWritingStubImpl: isKeyboardTypeChanged: false
12-22 11:09:26.145 21839 21839 E BaseInputMethodService: onFinishInput
12-22 11:09:26.147 21839 21839 E BaseInputMethodService: onStartInput
12-22 11:09:26.151 27154 27154 I AssistStructure: Flattened final assist data: 13904 bytes, containing 1 windows, 121 views
12-22 11:09:26.152 27154 27154 I HandWritingStubImpl: isKeyboardTypeChanged: false
12-22 11:09:26.152 27154 27154 I HandWritingStubImpl: isKeyboardTypeChanged: false
12-22 11:09:26.157 27154 27154 I HandWritingStubImpl: isKeyboardTypeChanged: false
12-22 11:09:26.164  5128  2161 W Binder  : Caught a RuntimeException from the binder stub implementation.
12-22 11:09:26.164  5128  2161 W Binder  : java.lang.SecurityException: Permission denial
12-22 11:09:26.164  5128  2161 W Binder  : 	at com.xiaomi.mirror.MirrorAppService.enforceSignature(MirrorAppService.java:30)
12-22 11:09:26.164  5128  2161 W Binder  : 	at com.xiaomi.mirror.MirrorAppService.isWorking(MirrorAppService.java:35)
12-22 11:09:26.164  5128  2161 W Binder  : 	at com.xiaomi.mirror.MirrorAppService.notifyInputTypeAndPos(MirrorAppService.java:88)
12-22 11:09:26.164  5128  2161 W Binder  : 	at com.xiaomi.mirror.IMirrorAppService$Stub.onTransact(IMirrorAppService.java:135)
12-22 11:09:26.164  5128  2161 W Binder  : 	at android.os.Binder.execTransactInternal(Binder.java:1190)
12-22 11:09:26.164  5128  2161 W Binder  : 	at android.os.Binder.execTransact(Binder.java:1149)
12-22 11:09:26.165 27154 27154 I HandWritingStubImpl: isKeyboardTypeChanged: false
12-22 11:09:26.172  1132  1132 D Zygote  : Forked child process 27800
12-22 11:09:26.173  2475  2692 I ActivityManager: Start proc 27800:com.miui.contentcatcher:autofill/1000 for service {com.miui.contentcatcher/com.miui.contentcatcher.autofill.services.MiuiAutofillService} caller=android
12-22 11:09:26.174 27154 27154 I HandWritingStubImpl: isKeyboardTypeChanged: false
12-22 11:09:26.182 27154 27154 I HandWritingStubImpl: isKeyboardTypeChanged: false
12-22 11:09:26.190 27154 27154 I HandWritingStubImpl: isKeyboardTypeChanged: false
12-22 11:09:26.190 27800 27800 E atcher:autofil: Not starting debugger since process cannot load the jdwp agent.
12-22 11:09:26.197 27800 27800 I MessageMonitor: Load libmiui_runtime
12-22 11:09:26.198 27154 27154 I HandWritingStubImpl: isKeyboardTypeChanged: false
12-22 11:09:26.202  2475  4680 D SymlinkUtils: attachApplication file op go pass: 1 ms
12-22 11:09:26.203  2475  4680 I SmartPower.com.miui.contentcatcher:autofill/1000(27800): died->invisible(101942ms) R(process start ) adj=-10000.
12-22 11:09:26.209 27154 27154 I HandWritingStubImpl: isKeyboardTypeChanged: false
12-22 11:09:26.214  5652  5672 W MQSService: CallerName:android.uid.system:1000,calling Uid:1000
12-22 11:09:26.214  5652  5672 D MQSService: registerApplicationScoutThread pid = 27800, packageName = android.uid.system:1000
12-22 11:09:26.215 27800 27800 D CompatibilityChangeReporter: Compat change id reported: 171979766; UID 1000; state: ENABLED
12-22 11:09:26.215 27154 27154 I HandWritingStubImpl: isKeyboardTypeChanged: false
12-22 11:09:26.223 27154 27154 I HandWritingStubImpl: isKeyboardTypeChanged: false
12-22 11:09:26.231 27154 27154 I HandWritingStubImpl: isKeyboardTypeChanged: false
12-22 11:09:26.239 27154 27154 I HandWritingStubImpl: isKeyboardTypeChanged: false
12-22 11:09:26.243 27800 27800 V GraphicsEnvironment: ANGLE Developer option for 'com.miui.contentcatcher' set to: 'default'
12-22 11:09:26.244 27800 27800 V GraphicsEnvironment: ANGLE GameManagerService for com.miui.contentcatcher: false
12-22 11:09:26.246 27800 27800 I ForceDarkHelperStubImpl: initialize for com.miui.contentcatcher , ForceDarkOrigin
12-22 11:09:26.248 27154 27154 I HandWritingStubImpl: isKeyboardTypeChanged: false
12-22 11:09:26.248 27800 27800 D OpenGLRenderer: JNI_OnLoad success
12-22 11:09:26.248 27800 27800 I MiuiForceDarkConfig: setConfig density:2.750000, mainRule:0, secondaryRule:0, tertiaryRule:0
12-22 11:09:26.249 27800 27800 D NetworkSecurityConfig: Using Network Security Config from resource network_security_config debugBuild: false
12-22 11:09:26.251 27800 27800 D NetworkSecurityConfig: Using Network Security Config from resource network_security_config debugBuild: false
12-22 11:09:26.254 27800 27800 D AutofillProvider: AutofillProvider onCreate
12-22 11:09:26.256 27154 27154 I HandWritingStubImpl: isKeyboardTypeChanged: false
12-22 11:09:26.264 27154 27154 I HandWritingStubImpl: isKeyboardTypeChanged: false
12-22 11:09:26.265 27800 27800 I ContentCatcher: ContentCatcherApp : init packageName: com.miui.contentcatcher,  processName: com.miui.contentcatcher:autofill
12-22 11:09:26.270 27800 27800 I MiCloudSDKDependencyUtil: MiCloudSDK environment: 37
12-22 11:09:26.272 27154 27154 I HandWritingStubImpl: isKeyboardTypeChanged: false
12-22 11:09:26.277 27800 27800 D SharedPrefs_TAG: requestSync:
12-22 11:09:26.279  1251  2448 I vendor.qti.hardware.display.composer-service: FrameNotifyProcess Sensor: notify citsensorservice to trigger cwb
12-22 11:09:26.279  2027  2096 I libcitsensorservice@2.0-impl: msg_transfer
12-22 11:09:26.280  2027  3266 D vendor.xiaomi.sensor.citsensorservice@2.0-service: handle id:10 wxh:1280x2400 uwxuh:1080x2400 size: 9216000 fd:15 fd_meta:16 flags:0x4000228 usage:0x33  format:0x3 layer_count: 1
12-22 11:09:26.281 27154 27154 I HandWritingStubImpl: isKeyboardTypeChanged: false
12-22 11:09:26.280  1251  2216 I SDM     : HWCSession::SetCWBOutputBuffer: CWB config passed by cwb_client : tappoint 1  CWB_ROI : (829.000000 4.000000 915.000000 90.000000)
12-22 11:09:26.283 27800 27800 D SharedPrefs_TAG: requestSync:
12-22 11:09:26.283  2027  3285 D libsensor-displayalgo: the value of  brightness:357.000000,R:60964524.392062,G:54566505.161410,B:43288854.896877,EVENT_C:2781.500000,EVENT_R:1126.500000,EVENT_G:1483.000000,EVENT_B:594.500000
12-22 11:09:26.283  2027  3285 I libsensor-displayalgo: the value of  Coef1:1107.681000,Coef4:2.383000, scale1:0.935522, scale4:0.923264
12-22 11:09:26.283  2027  3285 E libsensor-displayalgo: RGB_test_0407_400_oldzy!
12-22 11:09:26.284  1251 27820 I SDM     : HWCSession::ProcessRequests: Successfully configured CWB buffer.
12-22 11:09:26.287  2027  3285 I libsensor-displayalgo: the value of  RESULT2202.851505,895.821939,1076.848877,378.013912
12-22 11:09:26.289  1251 27820 I SDM     : HWCSession::ProcessRequests: Pushing release fence in fenece wait queue.
12-22 11:09:26.289  1251 27820 I SDM     : HWCSession::ProcessRequests: Creating AsyncFenceWaits async thread.
12-22 11:09:26.289 27154 27154 I HandWritingStubImpl: isKeyboardTypeChanged: false
12-22 11:09:26.289  1251 27820 I SDM     : HWCSession::ProcessRequests: Remove current CWB request from the pending request queue.
12-22 11:09:26.289  2027  3285 I libsensor-displayalgo: the value of  getChannelDataCalibrated2297.608664,831.824397,1240.237514,408.970100
12-22 11:09:26.289  2027  3285 I libsensor-displayalgo: the value of  REAL LUX19.014694
12-22 11:09:26.289  2027  3285 I libsensor-displayalgo: the value of  CAL REAL LUX19.014694
12-22 11:09:26.289  1251 27820 I SDM     : HWCSession::ProcessRequests: No pending cwb requests found in the queue.
12-22 11:09:26.292  2475  4363 I AssistStructure: Flattened final assist data: 13484 bytes, containing 1 windows, 121 views
12-22 11:09:26.296  1251  1467 I SDM     : HWDeviceDRM::SetupConcurrentWriteback: Tear down the Concurrent Writeback topology
12-22 11:09:26.297 27154 27154 I HandWritingStubImpl: isKeyboardTypeChanged: false
12-22 11:09:26.303  1251 27822 I SDM     : HWCSession::NotifyCWBStatus: Notify the client about buffer status 0.
12-22 11:09:26.303  1251 27822 I SDM     : HWCSession::PerformFenceWaits: Remove current release fence from the pending fence wait queue.
12-22 11:09:26.303  1251 27822 I SDM     : HWCSession::PerformFenceWaits: CWB fence queue is empty. No pending release fence to wait on.
12-22 11:09:26.305 27154 27154 I HandWritingStubImpl: isKeyboardTypeChanged: false
12-22 11:09:26.313 27154 27154 I HandWritingStubImpl: isKeyboardTypeChanged: false
12-22 11:09:26.314 27800 27824 D MiCloudSyncAdapterBase: check_sync_error_refactor
12-22 11:09:26.315 27800 27824 D MiCloudSyncAdapterBase: onPerformSync: ---sync start---
12-22 11:09:26.315 27800 27824 D MiCloudSyncAdapterBase: authority: miui.autofill, extras: Bundle[{ignore_settings=true, force=true, ignore_backoff=true}]
12-22 11:09:26.315 27800 27824 D SyncStatUtil: performSyncPhoneState:
12-22 11:09:26.322 27154 27154 I HandWritingStubImpl: isKeyboardTypeChanged: false
12-22 11:09:26.327 10529 10557 D OpenApiStatProvider: insert:
12-22 11:09:26.330 27154 27154 I HandWritingStubImpl: isKeyboardTypeChanged: false
12-22 11:09:26.338 27154 27154 I HandWritingStubImpl: isKeyboardTypeChanged: false
12-22 11:09:26.338 10529 10557 D StatHelper: com.miui.cloudservice.stat.m::a@SourceFile:13, thread:47--eventName=category_single_sync_start_phone_state_key_single_sync_force, eventGroup=category_single_sync_start_phone_state, params={param_storage_low=value_negative, param_wifi=value_positive, param_screen_on=value_positive, param_battery_low=value_negative, param_battery_charging=value_positive}, tip=null
12-22 11:09:26.347 27154 27154 I HandWritingStubImpl: isKeyboardTypeChanged: false
12-22 11:09:26.349 20304 20444 D IdProviderImpl: getOAID from com.miui.analytics
12-22 11:09:26.355 27154 27154 I HandWritingStubImpl: isKeyboardTypeChanged: false
12-22 11:09:26.360  1132  1132 D Zygote  : Forked child process 27826
12-22 11:09:26.361  2475  2692 I ActivityManager: Start proc 27826:com.miui.cloudservice:synclog/u0a103 for content provider {com.miui.cloudservice/com.miui.cloudservice.sync.SyncLogProvider} caller=com.miui.contentcatcher
12-22 11:09:26.363 27154 27154 I HandWritingStubImpl: isKeyboardTypeChanged: false
12-22 11:09:26.371 27154 27154 I HandWritingStubImpl: isKeyboardTypeChanged: false
12-22 11:09:26.375 27826 27826 E service:synclo: Not starting debugger since process cannot load the jdwp agent.
12-22 11:09:26.379 27154 27154 I HandWritingStubImpl: isKeyboardTypeChanged: false
12-22 11:09:26.380 27826 27826 I MessageMonitor: Load libmiui_runtime
12-22 11:09:26.385  2475  4363 D SymlinkUtils: attachApplication file op go pass: 1 ms
12-22 11:09:26.385  2475  4363 I SmartPower.com.miui.cloudservice:synclog/10103(27826): died->background(74914ms) R(process start ) adj=-10000.
12-22 11:09:26.387  2475  3758 I SmartPower: com.miui.micloudsync/10103 state=inactive adj=100 proc size=5 move to background process start
12-22 11:09:26.388 27154 27154 I HandWritingStubImpl: isKeyboardTypeChanged: false
12-22 11:09:26.392  2475  3758 I SmartPower: com.miui.micloudsync/10103 state=background adj=100 proc size=5 move to inactive adj below visible
12-22 11:09:26.396 27154 27154 I HandWritingStubImpl: isKeyboardTypeChanged: false
12-22 11:09:26.398  5652  5672 W MQSService: CallerName:com.miui.cloudservice:10103,calling Uid:10103
12-22 11:09:26.399  5652  5672 D MQSService: registerApplicationScoutThread pid = 27826, packageName = com.miui.cloudservice:10103
12-22 11:09:26.399 27826 27826 D CompatibilityChangeReporter: Compat change id reported: 171979766; UID 10103; state: ENABLED
12-22 11:09:26.404 27154 27154 I HandWritingStubImpl: isKeyboardTypeChanged: false
12-22 11:09:26.412 27154 27154 I HandWritingStubImpl: isKeyboardTypeChanged: false
12-22 11:09:26.420 27154 27154 I HandWritingStubImpl: isKeyboardTypeChanged: false
12-22 11:09:26.425 27090 27121 I appium  : channel read: POST /wd/hub/session/0049667a-dc5f-4f2e-aa4a-80c9113efb86/element
12-22 11:09:26.426 27090 27121 I appium  : FindElement command
12-22 11:09:26.429 27154 27154 I HandWritingStubImpl: isKeyboardTypeChanged: false
12-22 11:09:26.430 27090 27121 I appium  : method: 'id', selector: 'cn.missevan:id/passwordLogin'
12-22 11:09:26.430 27090 27121 I appium  : Waiting up to 100ms for the device to idle
12-22 11:09:26.441 27826 27826 E LoadedApk: Unable to instantiate appComponentFactory
12-22 11:09:26.441 27826 27826 E LoadedApk: java.lang.ClassNotFoundException: Didn't find class "androidx.core.app.CoreComponentFactory" on path: DexPathList[[zip file "/data/app/~~6LZJH1waMbDC2gXen9faoQ==/com.miui.cloudservice-pnOQKxDYjZ2CNoqooRz53Q==/base.apk"],nativeLibraryDirectories=[/data/app/~~6LZJH1waMbDC2gXen9faoQ==/com.miui.cloudservice-pnOQKxDYjZ2CNoqooRz53Q==/lib/arm64, /data/app/~~6LZJH1waMbDC2gXen9faoQ==/com.miui.cloudservice-pnOQKxDYjZ2CNoqooRz53Q==/base.apk!/lib/arm64-v8a, /system/priv-app/RtMiCloudSDK/RtMiCloudSDK.apk!/lib/arm64-v8a, /system/app/miuisystem/miuisystem.apk!/lib/arm64-v8a, /system/app/miui/miui.apk!/lib/arm64-v8a, /system/app/miuisystem/miuisystem.apk!/lib/arm64-v8a, /system/app/miui/miui.apk!/lib/arm64-v8a, /system/lib64, /system_ext/lib64]]
12-22 11:09:26.441 27826 27826 E LoadedApk: 	at dalvik.system.BaseDexClassLoader.findClass(BaseDexClassLoader.java:218)
12-22 11:09:26.441 27826 27826 E LoadedApk: 	at java.lang.ClassLoader.loadClass(ClassLoader.java:379)
12-22 11:09:26.441 27826 27826 E LoadedApk: 	at java.lang.ClassLoader.loadClass(ClassLoader.java:312)
12-22 11:09:26.441 27826 27826 E LoadedApk: 	at android.app.LoadedApk.createAppFactory(LoadedApk.java:270)
12-22 11:09:26.441 27826 27826 E LoadedApk: 	at android.app.LoadedApk.createOrUpdateClassLoaderLocked(LoadedApk.java:987)
12-22 11:09:26.441 27826 27826 E LoadedApk: 	at android.app.LoadedApk.getClassLoader(LoadedApk.java:1074)
12-22 11:09:26.441 27826 27826 E LoadedApk: 	at android.app.LoadedApk.getResources(LoadedApk.java:1333)
12-22 11:09:26.441 27826 27826 E LoadedApk: 	at android.app.ContextImpl.createAppContext(ContextImpl.java:3025)
12-22 11:09:26.441 27826 27826 E LoadedApk: 	at android.app.ContextImpl.createAppContext(ContextImpl.java:3017)
12-22 11:09:26.441 27826 27826 E LoadedApk: 	at android.app.ActivityThread.handleBindApplication(ActivityThread.java:6982)
12-22 11:09:26.441 27826 27826 E LoadedApk: 	at android.app.ActivityThread.access$1600(ActivityThread.java:273)
12-22 11:09:26.441 27826 27826 E LoadedApk: 	at android.app.ActivityThread$H.handleMessage(ActivityThread.java:2125)
12-22 11:09:26.441 27826 27826 E LoadedApk: 	at android.os.Handler.dispatchMessage(Handler.java:106)
12-22 11:09:26.441 27826 27826 E LoadedApk: 	at android.os.Looper.loopOnce(Looper.java:211)
12-22 11:09:26.441 27826 27826 E LoadedApk: 	at android.os.Looper.loop(Looper.java:300)
12-22 11:09:26.441 27826 27826 E LoadedApk: 	at android.app.ActivityThread.main(ActivityThread.java:8258)
12-22 11:09:26.441 27826 27826 E LoadedApk: 	at java.lang.reflect.Method.invoke(Native Method)
12-22 11:09:26.441 27826 27826 E LoadedApk: 	at com.android.internal.os.RuntimeInit$MethodAndArgsCaller.run(RuntimeInit.java:556)
12-22 11:09:26.441 27826 27826 E LoadedApk: 	at com.android.internal.os.ZygoteInit.main(ZygoteInit.java:1049)
12-22 11:09:26.447 27826 27826 V GraphicsEnvironment: ANGLE Developer option for 'com.miui.cloudservice' set to: 'default'
12-22 11:09:26.448 27826 27826 V GraphicsEnvironment: ANGLE GameManagerService for com.miui.cloudservice: false
12-22 11:09:26.448 27826 27826 V GraphicsEnvironment: Updatable production driver is not supported on the device.
12-22 11:09:26.450 27826 27826 I ForceDarkHelperStubImpl: initialize for com.miui.cloudservice , ForceDarkOrigin
12-22 11:09:26.451 27826 27826 D OpenGLRenderer: JNI_OnLoad success
12-22 11:09:26.452 27826 27826 I MiuiForceDarkConfig: setConfig density:2.750000, mainRule:0, secondaryRule:0, tertiaryRule:0
12-22 11:09:26.453 27826 27826 D NetworkSecurityConfig: Using Network Security Config from resource network_security_config debugBuild: false
12-22 11:09:26.454 27826 27826 D NetworkSecurityConfig: Using Network Security Config from resource network_security_config debugBuild: false
12-22 11:09:26.457 27800 27824 I SyncLogSender: Create sync log sender: file.
12-22 11:09:26.461 27826 27826 I AnonymousDeviceIdUtil: enforced
12-22 11:09:26.463 27826 27826 I CloudTelephonyManager: getDeviceId: use restrict_imie
12-22 11:09:26.465 27826 27842 I [miui.autofill,27800]:SyncLog[miui.autofill]: Start Sync:{authority:miui.autofill, start:2022-12-22 11:09:26, extras:{micloud_force=false,force=true,ignore_backoff=true,upload=false}}
12-22 11:09:26.468 27826 27826 I CloudTelephonyManager: getDeviceId: restrict_imie, use cloudId
12-22 11:09:26.468 27826 27826 I CloudTelephonyManager: getDeviceId: Gb
12-22 11:09:26.469 27826 27826 I MiCloudSDKDependencyUtil: MiCloudSDK environment: 37
12-22 11:09:26.474 27826 27826 V CloudApp: has telephony feature
12-22 11:09:26.476 27826 27842 I [miui.autofill,27800]:SyncLog[miui.autofill]: Before Sync: SyncDataInfo[miui.autofill]  {synced count:null, unsynced count:null, unsynced secret count:null, unsynced wifi only count:null}
12-22 11:09:26.477 27800 27824 I MiCloudSdkBuild: MiCloudSdk version: 37
12-22 11:09:26.479 27826 27846 I ##XLogger##: com.miui.cloudservice.sync.IntelligentSyncServi@IPV6@SourceFile:1, thread:52--IntelligentSyncService, Schedule an intelligent sync job.
12-22 11:09:26.482 27800 27824 E MiCloudSyncAdapterBase: onPerformSync: sync switch off. do not sync!!
12-22 11:09:26.483 27826 27846 I ##XLogger##: com.miui.cloudservice.sync.IntelligentSyncServi@IPV6@SourceFile:6, thread:52--IntelligentSyncService, There has been existing an intelligent job! Do not schedule again.
12-22 11:09:26.484 27826 27842 I [miui.autofill,27800]:SyncLog[miui.autofill]: After Sync: SyncDataInfo[miui.autofill]  {synced count:null, unsynced count:null, unsynced secret count:null, unsynced wifi only count:null}
12-22 11:09:26.486 27800 27824 D SyncStatUtil: performSyncTimeStat:
12-22 11:09:26.486 27826 27842 I [miui.autofill,27800]:SyncLog[miui.autofill]: Error:{authority:miui.autofill, start:2022-12-22 11:09:26, end:2022-12-22 11:09:26, delta:0, error:switch_off}
12-22 11:09:26.487 10529 10557 D OpenApiStatProvider: insert:
12-22 11:09:26.487 10529 10557 D StatHelper: com.miui.cloudservice.stat.m::a@SourceFile:13, thread:47--eventName=category_single_sync_result_key_sync_error_time_consume, eventGroup=category_single_sync_result, params={time_start=11, time_end=11, time_consume=169}, tip=null
12-22 11:09:26.489 27800 27824 D SyncStatUtil: performSyncResultStat:
12-22 11:09:26.490 10529 10557 D OpenApiStatProvider: insert:
12-22 11:09:26.490 27826 27826 D AutoDensity: autodensity debugEnable =
12-22 11:09:26.492 10529 10557 D StatHelper: com.miui.cloudservice.stat.m::a@SourceFile:13, thread:47--eventName=category_single_sync_result_key_single_sync_force, eventGroup=category_single_sync_result, params={param_authority=miui.autofill, param_ignore_wifi_settings=value_negative, param_is_successful=value_negative, param_sync_reason=switch_off, param_unsynced_count_after_sync=-2, param_ignore_battery_low=value_negative, param_unsynced_count_before_sync=-2}, tip=null
12-22 11:09:26.493 27800 27824 D SyncStatUtil: performSyncPhoneState:
12-22 11:09:26.493 10529 10556 D OpenApiStatProvider: insert:
12-22 11:09:26.495 20304 20444 D IdProviderImpl: getOAID from com.miui.analytics
12-22 11:09:26.497 27826 27826 D ##XLogger##: com.miui.cloudservice.stat.m::c@SourceFile:6, thread:2--StatHelper, init stats
12-22 11:09:26.500 10529 10556 D StatHelper: com.miui.cloudservice.stat.m::a@SourceFile:13, thread:46--eventName=category_single_sync_end_phone_state_key_single_sync_force, eventGroup=category_single_sync_end_phone_state, params={param_storage_low=value_negative, param_wifi=value_positive, param_screen_on=value_positive, param_battery_low=value_negative, param_battery_charging=value_positive}, tip=null
12-22 11:09:26.500 27826 27826 D OneTrackSdk: updateDebugSwitch sEnable: false sDebugModefalse sDebugPropertyfalse
12-22 11:09:26.500 27826 27826 D OneTrackSdk: updateTestSwitch sTestEnable: false sTestModefalse sTestPropertyfalse
12-22 11:09:26.500 27826 27826 D OneTrackSdk: log on: false, quick upload on: false
12-22 11:09:26.501 27800 27824 D SyncContentUtils: recordSyncResult: authority: miui.autofill, code: -1
12-22 11:09:26.502 20304 20444 D IdProviderImpl: getOAID from com.miui.analytics
12-22 11:09:26.504 10529 10556 D MiCloudProvider: update sync result
12-22 11:09:26.506 20304 20444 D IdProviderImpl: getOAID from com.miui.analytics
12-22 11:09:26.508 27826 27826 D OneTrackImp: OneTrackImp init : Configuration{appId='31*******11', pluginId='null', channel='com.miui.cloudservice', international=false, region='null', overrideMiuiRegionSetting=false, mode=APP, GAIDEnable=true, IMSIEnable=true, IMEIEnable=true, ExceptionCatcherEnable=false, instanceId=null}
12-22 11:09:26.508 27826 27826 D OneTrackImp: OneTrackImp sdk ver : 2.0.3
12-22 11:09:26.510 27826 27852 D BroadcastExecutor: initIfNeeded : 56
12-22 11:09:26.517 27826 27856 E ##XLogger##: com.miui.cloudservice.cloudcontrol.@IPV6@SourceFile:2, thread:60--cloud config is not expired , request canceled
12-22 11:09:26.523  2475  4113 W SyncManager: failed sync operation JobId=100189 ***/com.xiaomi u0 [miui.autofill] USER ExpectedIn=0s STANDBY-EXEMPTED(TOP) Reason=1000, SyncResult: stats [ numConflictDetectedExceptions: 1] miSyncResult:  resultMessageswitch_off
12-22 11:09:26.524  2475  4113 E SyncManager: not retrying sync operation because the error is a hard error: JobId=100189 ***/com.xiaomi u0 [miui.autofill] USER ExpectedIn=0s STANDBY-EXEMPTED(TOP) Reason=1000 Retries=1
