06-08 15:51:55.338 10746 10811 W ByMatcher: Node returned null child: android.view.accessibility.AccessibilityNodeInfo@2fac9; boundsInParent: Rect(0, 0 - 1080, 1992); boundsInScreen: Rect(0, 331 - 1080, 2202); packageName: cn.missevan; className: android.view.ViewGroup; text: null; error: null; maxTextLength: -1; stateDescription: null; contentDescription: null; tooltipText: null; viewIdResName: cn.missevan:id/swipe_refresh_layout; checkable: false; checked: false; focusable: true; focused: false; selected: false; clickable: true; longClickable: false; contextClickable: false; enabled: true; password: false; scrollable: false; importantForAccessibility: true; visible: true; actions: [AccessibilityAction: ACTION_FOCUS - null, AccessibilityAction: ACTION_SELECT - null, AccessibilityAction: ACTION_CLEAR_SELECTION - null, AccessibilityAction: ACTION_CLICK - null, AccessibilityAction: ACTION_ACCESSIBILITY_FOCUS - null, AccessibilityAction: ACTION_SHOW_ON_SCREEN - null]
06-08 15:51:55.340 10746 10811 W ByMatcher: Skipping null child (1 of 2)
06-08 15:51:55.371  1245  2285 I vendor.qti.hardware.display.composer-service: FrameNotifyProcess Sensor: notify citsensorservice to trigger cwb
06-08 15:51:55.371  1977  1977 I libcitsensorservice@2.0-impl: msg_transfer
06-08 15:51:55.371  1977  2987 D vendor.xiaomi.sensor.citsensorservice@2.0-service: handle id:8 wxh:1280x2400 uwxuh:1080x2400 size: 9216000 fd:15 fd_meta:16 flags:0x4000228 usage:0x33  format:0x3 layer_count: 1
06-08 15:51:55.372  1245  1850 I SDM     : HWCSession::SetCWBOutputBuffer: CWB config passed by cwb_client : tappoint 1  CWB_ROI : (829.000000 4.000000 915.000000 90.000000)
06-08 15:51:55.373 10746 10811 W tomator2.serve: Accessing hidden field Landroid/view/accessibility/AccessibilityNodeInfo;->mSourceNodeId:J (unsupported, reflection, allowed)
06-08 15:51:55.376  1245 11327 I SDM     : HWCSession::ProcessRequests: Successfully configured CWB buffer.
06-08 15:51:55.378 10746 10811 I appium  : AppiumResponse: {"sessionId":"6f09ecd0-e9c5-4192-8dd2-174a9e9565e9","value":{"ELEMENT":"00000000-0000-00dd-ffff-ffff00000031","element-6066-11e4-a52e-4f735466cecf":"00000000-0000-00dd-ffff-ffff00000031"}}
06-08 15:51:55.379 10829 11087 D MediaCodec: keep callback message for reclaim
06-08 15:51:55.379  1278  2827 E QC2Interface: Failed to query parameters
06-08 15:51:55.379 10829 11098 I CCodecConfig: query failed after returning 17 values (BAD_INDEX)
06-08 15:51:55.379  1278  1534 E QC2Interface: Failed to query parameters
06-08 15:51:55.379 10829 11098 W Codec2Client: query -- param skipped: index = 1342179345.
06-08 15:51:55.379 10829 11098 W Codec2Client: query -- param skipped: index = 2415921170.
06-08 15:51:55.379 10829 11098 W Codec2Client: query -- param skipped: index = 1610614798.
06-08 15:51:55.380 10829 11098 D CCodecBufferChannel: [c2.qti.avc.decoder#117] start: updating output delay 12
06-08 15:51:55.380  1278  1534 E QC2Interface: Failed to query parameters
06-08 15:51:55.380 10829 11098 D BufferPoolAccessor2.0: bufferpool2 0x7d7c0ca628 : 5(15667200 size) total buffers - 1(3133440 size) used buffers - 122/127 (recycle/alloc) - 5/123 (fetch/transfer)
06-08 15:51:55.382 10829 11098 D SurfaceUtils: connecting to surface 0x7d2fce1010, reason connectToSurface
06-08 15:51:55.382 10829 11098 I MediaCodec: [c2.qti.avc.decoder] setting surface generation to 11088899
06-08 15:51:55.382 10829 11098 D SurfaceUtils: disconnecting from surface 0x7d2fce1010, reason connectToSurface(reconnect)
06-08 15:51:55.382 10829 11098 D SurfaceUtils: connecting to surface 0x7d2fce1010, reason connectToSurface(reconnect)
06-08 15:51:55.383 10829 11098 D Codec2-OutputBufferQueue: remote graphic buffer migration 0/0
06-08 15:51:55.383  1278  2827 E QC2Interface: Few parameters failed to configure
06-08 15:51:55.383 10829 11098 D Codec2Client: setOutputSurface -- failed to set consumer usage (6/BAD_INDEX)
06-08 15:51:55.383 10829 11098 D Codec2Client: setOutputSurface -- generation=11088899 consumer usage=0x900
06-08 15:51:55.384  1245 11327 I SDM     : HWCSession::ProcessRequests: Pushing release fence in fenece wait queue.
06-08 15:51:55.384  1245 11327 I SDM     : HWCSession::ProcessRequests: Creating AsyncFenceWaits async thread.
06-08 15:51:55.384  1243  2276 D qdgralloc: Falling back to default YUV format - no camera/video specific format defined, usage 0x100
06-08 15:51:55.384  1245 11327 I SDM     : HWCSession::ProcessRequests: Remove current CWB request from the pending request queue.
06-08 15:51:55.384  1245 11327 I SDM     : HWCSession::ProcessRequests: No pending cwb requests found in the queue.
06-08 15:51:55.385  1278  1534 D qdgralloc: Falling back to default YUV format - no camera/video specific format defined, usage 0x100
06-08 15:51:55.387 10829 11098 E BufferQueueProducer: [SurfaceTexture-1-10829-1](id:2a4d00000002,api:3,p:10829,c:10829) detachBuffer: slot 12 is not owned by the producer (state = FREE)
06-08 15:51:55.387 10829 11098 E BufferQueueProducer: [SurfaceTexture-1-10829-1](id:2a4d00000002,api:3,p:10829,c:10829) detachBuffer: slot 13 is not owned by the producer (state = FREE)
06-08 15:51:55.387 10829 11098 E BufferQueueProducer: [SurfaceTexture-1-10829-1](id:2a4d00000002,api:3,p:10829,c:10829) detachBuffer: slot 14 is not owned by the producer (state = FREE)
06-08 15:51:55.387 10829 11098 E BufferQueueProducer: [SurfaceTexture-1-10829-1](id:2a4d00000002,api:3,p:10829,c:10829) detachBuffer: slot 15 is not owned by the producer (state = FREE)
06-08 15:51:55.387 10829 11098 E BufferQueueProducer: [SurfaceTexture-1-10829-1](id:2a4d00000002,api:3,p:10829,c:10829) detachBuffer: slot 16 is not owned by the producer (state = FREE)
06-08 15:51:55.388 10829 11098 E BufferQueueProducer: [SurfaceTexture-1-10829-1](id:2a4d00000002,api:3,p:10829,c:10829) detachBuffer: slot 17 is not owned by the producer (state = FREE)
06-08 15:51:55.388 10829 11098 E BufferQueueProducer: [SurfaceTexture-1-10829-1](id:2a4d00000002,api:3,p:10829,c:10829) detachBuffer: slot 18 is not owned by the producer (state = FREE)
06-08 15:51:55.388 10829 11098 E BufferQueueProducer: [SurfaceTexture-1-10829-1](id:2a4d00000002,api:3,p:10829,c:10829) detachBuffer: slot 19 is not owned by the producer (state = FREE)
06-08 15:51:55.388  1245  1464 I SDM     : HWDeviceDRM::SetupConcurrentWriteback: Tear down the Concurrent Writeback topology
06-08 15:51:55.388 10829 11098 E BufferQueueProducer: [SurfaceTexture-1-10829-1](id:2a4d00000002,api:3,p:10829,c:10829) detachBuffer: slot 20 is not owned by the producer (state = FREE)
06-08 15:51:55.388 10829 11098 E BufferQueueProducer: [SurfaceTexture-1-10829-1](id:2a4d00000002,api:3,p:10829,c:10829) detachBuffer: slot 21 is not owned by the producer (state = FREE)
06-08 15:51:55.388 10829 11098 E BufferQueueProducer: [SurfaceTexture-1-10829-1](id:2a4d00000002,api:3,p:10829,c:10829) detachBuffer: slot 22 is not owned by the producer (state = FREE)
06-08 15:51:55.388 10829 11098 E BufferQueueProducer: [SurfaceTexture-1-10829-1](id:2a4d00000002,api:3,p:10829,c:10829) detachBuffer: slot 23 is not owned by the producer (state = FREE)
06-08 15:51:55.388 10829 11098 E BufferQueueProducer: [SurfaceTexture-1-10829-1](id:2a4d00000002,api:3,p:10829,c:10829) detachBuffer: slot 24 is not owned by the producer (state = FREE)
06-08 15:51:55.388 10829 11098 E BufferQueueProducer: [SurfaceTexture-1-10829-1](id:2a4d00000002,api:3,p:10829,c:10829) detachBuffer: slot 25 is not owned by the producer (state = FREE)
06-08 15:51:55.388 10829 11098 E BufferQueueProducer: [SurfaceTexture-1-10829-1](id:2a4d00000002,api:3,p:10829,c:10829) detachBuffer: slot 26 is not owned by the producer (state = FREE)
06-08 15:51:55.389 10829 11098 E BufferQueueProducer: [SurfaceTexture-1-10829-1](id:2a4d00000002,api:3,p:10829,c:10829) detachBuffer: slot 27 is not owned by the producer (state = FREE)
06-08 15:51:55.389 10829 11098 E BufferQueueProducer: [SurfaceTexture-1-10829-1](id:2a4d00000002,api:3,p:10829,c:10829) detachBuffer: slot 28 is not owned by the producer (state = FREE)
06-08 15:51:55.389 10829 11098 E BufferQueueProducer: [SurfaceTexture-1-10829-1](id:2a4d00000002,api:3,p:10829,c:10829) detachBuffer: slot 29 is not owned by the producer (state = FREE)
06-08 15:51:55.389 10829 11098 E BufferQueueProducer: [SurfaceTexture-1-10829-1](id:2a4d00000002,api:3,p:10829,c:10829) detachBuffer: slot 30 is not owned by the producer (state = FREE)
06-08 15:51:55.389 10829 11098 E BufferQueueProducer: [SurfaceTexture-1-10829-1](id:2a4d00000002,api:3,p:10829,c:10829) detachBuffer: slot 31 is not owned by the producer (state = FREE)
06-08 15:51:55.389 10829 11098 E BufferQueueProducer: [SurfaceTexture-1-10829-1](id:2a4d00000002,api:3,p:10829,c:10829) detachBuffer: slot 32 is not owned by the producer (state = FREE)
06-08 15:51:55.389 10829 11098 E BufferQueueProducer: [SurfaceTexture-1-10829-1](id:2a4d00000002,api:3,p:10829,c:10829) detachBuffer: slot 33 is not owned by the producer (state = FREE)
06-08 15:51:55.389 10829 11098 E BufferQueueProducer: [SurfaceTexture-1-10829-1](id:2a4d00000002,api:3,p:10829,c:10829) detachBuffer: slot 34 is not owned by the producer (state = FREE)
06-08 15:51:55.390 10829 11098 E BufferQueueProducer: [SurfaceTexture-1-10829-1](id:2a4d00000002,api:3,p:10829,c:10829) detachBuffer: slot 35 is not owned by the producer (state = FREE)
06-08 15:51:55.390 10829 11098 E BufferQueueProducer: [SurfaceTexture-1-10829-1](id:2a4d00000002,api:3,p:10829,c:10829) detachBuffer: slot 36 is not owned by the producer (state = FREE)
06-08 15:51:55.390 10829 11098 E BufferQueueProducer: [SurfaceTexture-1-10829-1](id:2a4d00000002,api:3,p:10829,c:10829) detachBuffer: slot 37 is not owned by the producer (state = FREE)
06-08 15:51:55.390 10829 11098 E BufferQueueProducer: [SurfaceTexture-1-10829-1](id:2a4d00000002,api:3,p:10829,c:10829) detachBuffer: slot 38 is not owned by the producer (state = FREE)
06-08 15:51:55.390 10829 11098 E BufferQueueProducer: [SurfaceTexture-1-10829-1](id:2a4d00000002,api:3,p:10829,c:10829) detachBuffer: slot 39 is not owned by the producer (state = FREE)
06-08 15:51:55.390 10829 11098 E BufferQueueProducer: [SurfaceTexture-1-10829-1](id:2a4d00000002,api:3,p:10829,c:10829) detachBuffer: slot 40 is not owned by the producer (state = FREE)
06-08 15:51:55.390 10829 11098 E BufferQueueProducer: [SurfaceTexture-1-10829-1](id:2a4d00000002,api:3,p:10829,c:10829) detachBuffer: slot 41 is not owned by the producer (state = FREE)
06-08 15:51:55.390 10829 11098 E BufferQueueProducer: [SurfaceTexture-1-10829-1](id:2a4d00000002,api:3,p:10829,c:10829) detachBuffer: slot 42 is not owned by the producer (state = FREE)
06-08 15:51:55.390 10829 11098 E BufferQueueProducer: [SurfaceTexture-1-10829-1](id:2a4d00000002,api:3,p:10829,c:10829) detachBuffer: slot 43 is not owned by the producer (state = FREE)
06-08 15:51:55.391 10829 11098 E BufferQueueProducer: [SurfaceTexture-1-10829-1](id:2a4d00000002,api:3,p:10829,c:10829) detachBuffer: slot 44 is not owned by the producer (state = FREE)
06-08 15:51:55.391 10829 11098 E BufferQueueProducer: [SurfaceTexture-1-10829-1](id:2a4d00000002,api:3,p:10829,c:10829) detachBuffer: slot 45 is not owned by the producer (state = FREE)
06-08 15:51:55.391 10829 11098 E BufferQueueProducer: [SurfaceTexture-1-10829-1](id:2a4d00000002,api:3,p:10829,c:10829) detachBuffer: slot 46 is not owned by the producer (state = FREE)
06-08 15:51:55.391 10829 11098 E BufferQueueProducer: [SurfaceTexture-1-10829-1](id:2a4d00000002,api:3,p:10829,c:10829) detachBuffer: slot 47 is not owned by the producer (state = FREE)
06-08 15:51:55.391 10829 11098 E BufferQueueProducer: [SurfaceTexture-1-10829-1](id:2a4d00000002,api:3,p:10829,c:10829) detachBuffer: slot 48 is not owned by the producer (state = FREE)
06-08 15:51:55.391 10829 11098 E BufferQueueProducer: [SurfaceTexture-1-10829-1](id:2a4d00000002,api:3,p:10829,c:10829) detachBuffer: slot 49 is not owned by the producer (state = FREE)
06-08 15:51:55.391 10829 11098 E BufferQueueProducer: [SurfaceTexture-1-10829-1](id:2a4d00000002,api:3,p:10829,c:10829) detachBuffer: slot 50 is not owned by the producer (state = FREE)
06-08 15:51:55.391 10829 11098 E BufferQueueProducer: [SurfaceTexture-1-10829-1](id:2a4d00000002,api:3,p:10829,c:10829) detachBuffer: slot 51 is not owned by the producer (state = FREE)
06-08 15:51:55.391 10829 11098 E BufferQueueProducer: [SurfaceTexture-1-10829-1](id:2a4d00000002,api:3,p:10829,c:10829) detachBuffer: slot 52 is not owned by the producer (state = FREE)
06-08 15:51:55.392 10829 11098 E BufferQueueProducer: [SurfaceTexture-1-10829-1](id:2a4d00000002,api:3,p:10829,c:10829) detachBuffer: slot 53 is not owned by the producer (state = FREE)
06-08 15:51:55.392 10829 11098 E BufferQueueProducer: [SurfaceTexture-1-10829-1](id:2a4d00000002,api:3,p:10829,c:10829) detachBuffer: slot 54 is not owned by the producer (state = FREE)
06-08 15:51:55.392 10829 11098 E BufferQueueProducer: [SurfaceTexture-1-10829-1](id:2a4d00000002,api:3,p:10829,c:10829) detachBuffer: slot 55 is not owned by the producer (state = FREE)
06-08 15:51:55.392 10829 11098 E BufferQueueProducer: [SurfaceTexture-1-10829-1](id:2a4d00000002,api:3,p:10829,c:10829) detachBuffer: slot 56 is not owned by the producer (state = FREE)
06-08 15:51:55.392 10829 11098 E BufferQueueProducer: [SurfaceTexture-1-10829-1](id:2a4d00000002,api:3,p:10829,c:10829) detachBuffer: slot 57 is not owned by the producer (state = FREE)
06-08 15:51:55.392 10829 11098 E BufferQueueProducer: [SurfaceTexture-1-10829-1](id:2a4d00000002,api:3,p:10829,c:10829) detachBuffer: slot 58 is not owned by the producer (state = FREE)
06-08 15:51:55.392 10829 11098 E BufferQueueProducer: [SurfaceTexture-1-10829-1](id:2a4d00000002,api:3,p:10829,c:10829) detachBuffer: slot 59 is not owned by the producer (state = FREE)
06-08 15:51:55.392 10829 11098 E BufferQueueProducer: [SurfaceTexture-1-10829-1](id:2a4d00000002,api:3,p:10829,c:10829) detachBuffer: slot 60 is not owned by the producer (state = FREE)
06-08 15:51:55.392 10829 11098 E BufferQueueProducer: [SurfaceTexture-1-10829-1](id:2a4d00000002,api:3,p:10829,c:10829) detachBuffer: slot 61 is not owned by the producer (state = FREE)
06-08 15:51:55.392 10829 11098 E BufferQueueProducer: [SurfaceTexture-1-10829-1](id:2a4d00000002,api:3,p:10829,c:10829) detachBuffer: slot 62 is not owned by the producer (state = FREE)
06-08 15:51:55.392 10829 11098 E BufferQueueProducer: [SurfaceTexture-1-10829-1](id:2a4d00000002,api:3,p:10829,c:10829) detachBuffer: slot 63 is not owned by the producer (state = FREE)
06-08 15:51:55.395  1278  1534 D C2BqBuffer: local generation change 11088899 , bqId: 46510200848387 migrated buffers # 12
06-08 15:51:55.395 10829 11098 D Codec2Client: Surface configure completed
06-08 15:51:55.395 10829 11098 D SurfaceUtils: disconnecting from surface 0x7d800df010, reason disconnectFromSurface
06-08 15:51:55.395 10829 11098 D CCodecBufferChannel: [c2.qti.avc.decoder#117] MediaCodec discarded an unknown buffer
06-08 15:51:55.395  1245 11328 I SDM     : HWCSession::NotifyCWBStatus: Notify the client about buffer status 0.
06-08 15:51:55.395 10829 11098 D CCodecBufferChannel: [c2.qti.avc.decoder#117] MediaCodec discarded an unknown buffer
06-08 15:51:55.395 10829 11098 D CCodecBufferChannel: [c2.qti.avc.decoder#117] MediaCodec discarded an unknown buffer
06-08 15:51:55.395 10829 11098 D CCodecBufferChannel: [c2.qti.avc.decoder#117] MediaCodec discarded an unknown buffer
06-08 15:51:55.395  1278 11100 I QC2Comp : [avcD_1549] Stats: Pending(0) i/p-done(0) Works: Q: 129/Done 130|Work-Rate: Q(0.0/s Avg=20.8/s) Done(0.000/s Avg=20.982/s)| Stream: 30.00fps 0.0Kbps
06-08 15:51:55.395  1278 11100 I QC2Comp : [avcD_1549] Mem-usage:  [In-1D: 5 bufs 14.941 MB] [1D-1708: 4 bufs 0.062 MB] [2D-1709: 20 bufs 63.750 MB] [1D-1708: 12 bufs 0.188 MB] | Total: 78.941 MB
06-08 15:51:55.395  1278 11100 E QC2Comp : comp.release() is called without comp.stop()
06-08 15:51:55.396  1245 11328 I SDM     : HWCSession::PerformFenceWaits: Remove current release fence from the pending fence wait queue.
06-08 15:51:55.396  1245 11328 I SDM     : HWCSession::PerformFenceWaits: CWB fence queue is empty. No pending release fence to wait on.
06-08 15:51:55.405  1278 11100 I QC2V4l2Driver: [avcD_1549] Closed device driver with fd: 6
06-08 15:51:55.407  1278 11100 D BufferPoolAccessor2.0: Destruction - bufferpool2 0xb40000740e021628 cached: 0/0M, 0/0% in use; allocs: 16, 0% recycled; transfers: 0, 0% unfetched
06-08 15:51:55.407  1278 11100 I QC2Comp : NOTE: handleStopCodec returning: 0 (OK=0)
06-08 15:51:55.407  1278  1534 I QC2Comp : NOTE: Release returning: 0 (OK=0)
06-08 15:51:55.408 10829 11098 D MediaCodec: kWhatReleaseCompleted
06-08 15:51:55.408 10829 11329 I hw-BpHwBinder: onLastStrongRef automatically unlinking death recipients
06-08 15:51:55.408 10829 11098 D SurfaceUtils: disconnecting from surface 0x7d2fce1010, reason disconnectFromSurface
06-08 15:51:55.409  1278  1534 I hw-BpHwBinder: onLastStrongRef automatically unlinking death recipients
06-08 15:51:55.409 10829 11072 E BufferQueueProducer: [MediaCodec.release](id:2a4d00000003,api:0,p:-1,c:10829) detachBuffer: BufferQueue has no connected producer
06-08 15:51:55.409  1278  1534 I QC2CompStore: Deleting component(c2.qti.avc.decoder) id(1549)
06-08 15:51:55.409  1278  1534 I QC2Comp : [avcD_1549] Deallocated component c2.qti.avc.decoder [id=1549]
06-08 15:51:55.409 10829 11098 D MediaImpl: FRC not support: valueSupport :
06-08 15:51:55.409 10829 11098 D MediaImpl: AIE not support: valueSupport :
06-08 15:51:55.409 10829 11098 D MediaImpl: AIS not support: valueSupport :
06-08 15:51:55.409 10829 11098 D MediaImpl: sendVideoPlayData, start
06-08 15:51:55.409 10829 11098 D MediaImpl: MediaImpl::sendVideoPlayData::mediacodec_mime : video/avc
06-08 15:51:55.409 10829 11098 D MediaImpl: MediaImpl::sendVideoPlayData::mediacodec_packgeName : cn.missevan
06-08 15:51:55.409 10829 11098 D MediaImpl: MediaImpl::sendVideoPlayData::mine : video/avc
06-08 15:51:55.409 10829 11098 D MediaImpl: MediaImpl::sendVideoPlayData::packgeName : cn.missevan
06-08 15:51:55.409 10829 11098 E send_data_to_xlog: send_video_play_to_xlog, start
06-08 15:51:55.409 10829 11098 D send_data_to_xlog: send_video_play_to_xlog::mine : video/avc
06-08 15:51:55.409 10829 11098 D send_data_to_xlog: send_video_play_to_xlog::packgeName : cn.missevan
06-08 15:51:55.409 10829 11098 V xlog_client:  xlog_send  msg_id: 13
06-08 15:51:55.409 10829 11098 V xlog_client:  xlog_send
06-08 15:51:55.410 10829 11098 E xlog_client: xlog_open: Error in open xlog
06-08 15:51:55.410 10829 11098 E xlog_client: xlog open fail
06-08 15:51:55.410 10829 11098 D MediaCodec: ~MediaCodec
06-08 15:51:55.410 10829 11098 I VideoBoxStub: VideoBoxStub::releaseVideoBox
06-08 15:51:55.410 10829 11098 I VideoBox: VideoBox::~VideoBox
06-08 15:51:55.411 10829 11098 D VideoInfo: cn.missevan destroy c2.qti.avc.decoder in MediaCodec, input num 121 output num 121 render num 120
06-08 15:51:55.411 10829 11098 D VideoInfo: max input intervel 315ms max output intervel 309ms max render interval 51ms
06-08 15:51:55.424 10746 10811 I appium  : channel read: POST /wd/hub/session/6f09ecd0-e9c5-4192-8dd2-174a9e9565e9/element/00000000-0000-00dd-ffff-ffff00000031/click
06-08 15:51:55.425 10746 10811 I appium  : Click command
06-08 15:51:55.508  2403  2605 W ActivityManager: Unable to start service Intent { cmp=com.miui.powerkeeper/.perfshielder.PerfShielderStatisticsService } U=0: not found
06-08 15:51:55.595 10746 10811 W QueryController: Could not detect idle state.
06-08 15:51:55.676  1245  2285 I vendor.qti.hardware.display.composer-service: FrameNotifyProcess Sensor: notify citsensorservice to trigger cwb
06-08 15:51:55.676  1977  1977 I libcitsensorservice@2.0-impl: msg_transfer
06-08 15:51:55.677  1977  2987 D vendor.xiaomi.sensor.citsensorservice@2.0-service: handle id:8 wxh:1280x2400 uwxuh:1080x2400 size: 9216000 fd:15 fd_meta:16 flags:0x4000228 usage:0x33  format:0x3 layer_count: 1
06-08 15:51:55.677  1245  1850 I SDM     : HWCSession::SetCWBOutputBuffer: CWB config passed by cwb_client : tappoint 1  CWB_ROI : (829.000000 4.000000 915.000000 90.000000)
06-08 15:51:55.678  1245 11332 I SDM     : HWCSession::ProcessRequests: Successfully configured CWB buffer.
06-08 15:51:55.685  1245 11332 I SDM     : HWCSession::ProcessRequests: Pushing release fence in fenece wait queue.
06-08 15:51:55.686  1245 11332 I SDM     : HWCSession::ProcessRequests: Creating AsyncFenceWaits async thread.
06-08 15:51:55.686  1245 11332 I SDM     : HWCSession::ProcessRequests: Remove current CWB request from the pending request queue.
06-08 15:51:55.689  1245 11332 I SDM     : HWCSession::ProcessRequests: No pending cwb requests found in the queue.
06-08 15:51:55.692  1245  1464 I SDM     : HWDeviceDRM::SetupConcurrentWriteback: Tear down the Concurrent Writeback topology
06-08 15:51:55.700  1245 11333 I SDM     : HWCSession::NotifyCWBStatus: Notify the client about buffer status 0.
06-08 15:51:55.701  1245 11333 I SDM     : HWCSession::PerformFenceWaits: Remove current release fence from the pending fence wait queue.
06-08 15:51:55.701  1245 11333 I SDM     : HWCSession::PerformFenceWaits: CWB fence queue is empty. No pending release fence to wait on.
06-08 15:51:55.704  1977  2106 D libsensor-displayalgo: the value of  brightness:410.000000,R:77375716.939127,G:77376143.464170,B:77391269.635761,EVENT_C:6914.000000,EVENT_R:2675.500000,EVENT_G:3481.500000,EVENT_B:1407.000000
06-08 15:51:55.705  1977  2106 I libsensor-displayalgo: the value of  Coef1:1107.681000,Coef4:2.383000, scale1:0.935522, scale4:0.923264
06-08 15:51:55.705  1977  2106 E libsensor-displayalgo: RGB_test_0407_400_oldzy!
06-08 15:51:55.705  1977  2106 I libsensor-displayalgo: the value of  RESULT2999.022795,1184.947240,1456.660949,544.400905
06-08 15:51:55.705  1977  2106 I libsensor-displayalgo: the value of  getChannelDataCalibrated3136.737891,1097.887893,1687.567860,591.193714
06-08 15:51:55.705  1977  2106 I libsensor-displayalgo: the value of  REAL LUX222.451797
06-08 15:51:55.705  1977  2106 I libsensor-displayalgo: the value of  CAL REAL LUX222.451797
06-08 15:51:55.990  1245  2285 I vendor.qti.hardware.display.composer-service: FrameNotifyProcess Sensor: notify citsensorservice to trigger cwb
06-08 15:51:55.991  1977  2106 I libcitsensorservice@2.0-impl: msg_transfer
06-08 15:51:55.991  1977  2987 D vendor.xiaomi.sensor.citsensorservice@2.0-service: handle id:8 wxh:1280x2400 uwxuh:1080x2400 size: 9216000 fd:15 fd_meta:16 flags:0x4000228 usage:0x33  format:0x3 layer_count: 1
06-08 15:51:55.991  1245  1850 I SDM     : HWCSession::SetCWBOutputBuffer: CWB config passed by cwb_client : tappoint 1  CWB_ROI : (829.000000 4.000000 915.000000 90.000000)
06-08 15:51:55.995  1245 11334 I SDM     : HWCSession::ProcessRequests: Successfully configured CWB buffer.
06-08 15:51:56.000  1245 11334 I SDM     : HWCSession::ProcessRequests: Pushing release fence in fenece wait queue.
06-08 15:51:56.001  1245 11334 I SDM     : HWCSession::ProcessRequests: Creating AsyncFenceWaits async thread.
06-08 15:51:56.001  1245 11334 I SDM     : HWCSession::ProcessRequests: Remove current CWB request from the pending request queue.
06-08 15:51:56.002  1245 11334 I SDM     : HWCSession::ProcessRequests: No pending cwb requests found in the queue.
06-08 15:51:56.005  1977  2997 D libsensor-displayalgo: the value of  brightness:410.000000,R:77375716.939127,G:77376143.464170,B:77391269.635761,EVENT_C:6879.000000,EVENT_R:2667.000000,EVENT_G:3462.000000,EVENT_B:1396.500000
06-08 15:51:56.005  1977  2997 I libsensor-displayalgo: the value of  Coef1:1107.681000,Coef4:2.383000, scale1:0.935522, scale4:0.923264
06-08 15:51:56.005  1977  2997 E libsensor-displayalgo: RGB_test_0407_400_oldzy!
06-08 15:51:56.005  1245  1464 I SDM     : HWDeviceDRM::SetupConcurrentWriteback: Tear down the Concurrent Writeback topology
06-08 15:51:56.005  1977  2997 I libsensor-displayalgo: the value of  RESULT2999.022795,1184.947240,1456.660949,544.400905
06-08 15:51:56.005  1977  2997 I libsensor-displayalgo: the value of  getChannelDataCalibrated3136.737891,1097.887893,1687.567860,591.193714
06-08 15:51:56.005  1977  2997 I libsensor-displayalgo: the value of  REAL LUX220.267868
06-08 15:51:56.005  1977  2997 I libsensor-displayalgo: the value of  CAL REAL LUX220.267868
06-08 15:51:56.012  1245 11335 I SDM     : HWCSession::NotifyCWBStatus: Notify the client about buffer status 0.
06-08 15:51:56.013  1245 11335 I SDM     : HWCSession::PerformFenceWaits: Remove current release fence from the pending fence wait queue.
06-08 15:51:56.013  1245 11335 I SDM     : HWCSession::PerformFenceWaits: CWB fence queue is empty. No pending release fence to wait on.
06-08 15:51:56.141 10829 11071 D BufferPoolAccessor2.0: bufferpool2 0x7d7bba5228 : 0(0 size) total buffers - 0(0 size) used buffers - 52/57 (recycle/alloc) - 5/94 (fetch/transfer)
06-08 15:51:56.141 10829 11071 D BufferPoolAccessor2.0: evictor expired: 1, evicted: 1
06-08 15:51:56.145  1920  2809 D BufferPoolAccessor2.0: bufferpool2 0xb400007a19253a28 : 0(0 size) total buffers - 0(0 size) used buffers - 43/48 (recycle/alloc) - 5/48 (fetch/transfer)
06-08 15:51:56.145  1920  2809 D BufferPoolAccessor2.0: evictor expired: 1, evicted: 1
06-08 15:51:56.192 10746 10811 W QueryController: Could not detect idle state.
06-08 15:51:56.228  2403  4631 D MIUIInput: Input event injection from pid 10726, MotionEvent: DOWN
06-08 15:51:56.229  2403  2910 D MIUIInput: [MotionEvent] publisher action=0x4, 2068939674, channel '9ede85b NavigationBar0 (server)'
06-08 15:51:56.229  2403  2910 D MIUIInput: [MotionEvent] publisher action=0x0, 2068939674, channel '15251d1 cn.missevan/cn.missevan.activity.MainActivity (server)'
06-08 15:51:56.230  1379  2271 D RefreshRateConfigs: TouchBoost - choose 120.00fps
06-08 15:51:56.231 10829 10829 D MIUIInput: [MotionEvent] ViewRootImpl windowName 'cn.missevan/cn.missevan.activity.MainActivity', { action=ACTION_DOWN, id[0]=0, pointerCount=1, eventTime=2068939674, downTime=2068939673, phoneEventTime=15:51:56.217 } moveCount:0
06-08 15:51:56.239  2403  4016 D MIUIInput: Input event injection from pid 10726, MotionEvent: UP
06-08 15:51:56.240  2403  2910 D MIUIInput: [MotionEvent] publisher action=0x1, 2068939674, channel '15251d1 cn.missevan/cn.missevan.activity.MainActivity (server)'
06-08 15:51:56.240 10829 10829 D MIUIInput: [MotionEvent] ViewRootImpl windowName 'cn.missevan/cn.missevan.activity.MainActivity', { action=ACTION_UP, id[0]=0, pointerCount=1, eventTime=2068939674, downTime=2068939673, phoneEventTime=15:51:56.218 } moveCount:0
06-08 15:51:56.260 10746 10811 I appium  : Waiting up to 100ms for the device to idle
06-08 15:51:56.263 10746 10811 I appium  : AppiumResponse: {"sessionId":"6f09ecd0-e9c5-4192-8dd2-174a9e9565e9","value":null}
06-08 15:51:56.278 10829 10829 W cn.missevan: type=1400 audit(0.0:272580): avc: granted { nlmsg_readpriv } for scontext=u:r:untrusted_app_27:s0:c206,c257,c512,c768 tcontext=u:r:untrusted_app_27:s0:c206,c257,c512,c768 tclass=netlink_route_socket app=cn.missevan
06-08 15:51:56.286 10829 11336 D CompatibilityChangeReporter: Compat change id reported: 149924527; UID 10462; state: ENABLED
06-08 15:51:56.286 10829 11336 D CompatibilityChangeReporter: Compat change id reported: 132649864; UID 10462; state: DISABLED
06-08 15:51:56.291 10829 10829 D IS_CTS_MODE: true
06-08 15:51:56.291 10829 10829 D MULTI_WINDOW_SWITCH_ENABLED: false
06-08 15:51:56.294 10746 10811 I appium  : channel read: POST /wd/hub/session/6f09ecd0-e9c5-4192-8dd2-174a9e9565e9/element
06-08 15:51:56.295 10746 10811 I appium  : FindElement command
06-08 15:51:56.298 10746 10811 I appium  : method: 'id', selector: 'cn.missevan:id/textView5'
06-08 15:51:56.298 10746 10811 I appium  : Waiting up to 100ms for the device to idle
06-08 15:51:56.301 10829 11341 D ConnectivityManager: getMobileDataEnabled()+ subId=1
06-08 15:51:56.302 10829 11341 D ConnectivityManager: getMobileDataEnabled()- subId=1 retVal=true
06-08 15:51:56.304  1977  2997 D libsensor-displayalgo: the value of  brightness:410.000000,R:77375716.939127,G:77376143.464170,B:77391269.635761,EVENT_C:6891.500000,EVENT_R:2671.000000,EVENT_G:3470.500000,EVENT_B:1399.500000
06-08 15:51:56.304  1977  2997 I libsensor-displayalgo: the value of  Coef1:1107.681000,Coef4:2.383000, scale1:0.935522, scale4:0.923264
06-08 15:51:56.304  1977  2997 E libsensor-displayalgo: RGB_test_0407_400_oldzy!
06-08 15:51:56.305  1977  2997 I libsensor-displayalgo: the value of  RESULT2999.022795,1184.947240,1456.660949,544.400905
06-08 15:51:56.305  1977  2997 I libsensor-displayalgo: the value of  getChannelDataCalibrated3136.737891,1097.887893,1687.567860,591.193714
06-08 15:51:56.305  1977  2997 I libsensor-displayalgo: the value of  REAL LUX221.142303
06-08 15:51:56.305  1977  2997 I libsensor-displayalgo: the value of  CAL REAL LUX221.142303
06-08 15:51:56.306 10829 11341 D ConnectivityManager: getMobileDataEnabled()+ subId=1
06-08 15:51:56.307 10829 11341 D ConnectivityManager: getMobileDataEnabled()- subId=1 retVal=true
06-08 15:51:56.310  1245  2285 I vendor.qti.hardware.display.composer-service: FrameNotifyProcess Sensor: notify citsensorservice to trigger cwb
06-08 15:51:56.310  1977  2106 I libcitsensorservice@2.0-impl: msg_transfer
06-08 15:51:56.311  1977  2987 D vendor.xiaomi.sensor.citsensorservice@2.0-service: handle id:8 wxh:1280x2400 uwxuh:1080x2400 size: 9216000 fd:15 fd_meta:16 flags:0x4000228 usage:0x33  format:0x3 layer_count: 1
06-08 15:51:56.311  1245  1850 I SDM     : HWCSession::SetCWBOutputBuffer: CWB config passed by cwb_client : tappoint 1  CWB_ROI : (829.000000 4.000000 915.000000 90.000000)
06-08 15:51:56.312  1245 11355 I SDM     : HWCSession::ProcessRequests: Successfully configured CWB buffer.
06-08 15:51:56.319  1245 11355 I SDM     : HWCSession::ProcessRequests: Pushing release fence in fenece wait queue.
06-08 15:51:56.319  1245 11355 I SDM     : HWCSession::ProcessRequests: Creating AsyncFenceWaits async thread.
06-08 15:51:56.319  1245 11355 I SDM     : HWCSession::ProcessRequests: Remove current CWB request from the pending request queue.
06-08 15:51:56.319  1245 11355 I SDM     : HWCSession::ProcessRequests: No pending cwb requests found in the queue.
06-08 15:51:56.326  1245  1464 I SDM     : HWDeviceDRM::SetupConcurrentWriteback: Tear down the Concurrent Writeback topology
06-08 15:51:56.332  4125  9079 W TelephonyPermissions: reportAccessDeniedToReadIdentifiers:cn.missevan:getDeviceId:1
06-08 15:51:56.334  1245 11356 I SDM     : HWCSession::NotifyCWBStatus: Notify the client about buffer status 0.
06-08 15:51:56.335  1245 11356 I SDM     : HWCSession::PerformFenceWaits: Remove current release fence from the pending fence wait queue.
06-08 15:51:56.335  1245 11356 I SDM     : HWCSession::PerformFenceWaits: CWB fence queue is empty. No pending release fence to wait on.
06-08 15:51:56.336  2403  2421 W InputManager-JNI: Input channel object '8edb852 cn.missevan/cn.missevan.activity.MainActivity (client)' was disposed without first being removed with the input manager!
06-08 15:51:56.338  4125  9079 W TelephonyPermissions: reportAccessDeniedToReadIdentifiers:cn.missevan:getSubscriberIdForSubscriber:1
06-08 15:51:56.358 10829 10849 I cn.missevan: ProcessProfilingInfo new_methods=1918 is saved saved_to_disk=1 resolve_classes_delay=8000
06-08 15:51:56.363 10829 10829 D DecorView[]: updateDecorCaptionStatus displayWindowDecor is false
06-08 15:51:56.466  2403  2421 I WindowManagerService: Physical orientation applied, rotation=0 sfOrientation=ORIENTATION_0
06-08 15:51:56.477 10746 10811 W QueryController: Could not detect idle state.
06-08 15:51:56.490 10829 10829 D DecorView[MainActivity]: onWindowFocusChanged hasWindowFocus false
06-08 15:51:56.492 10829 10844 D BLASTBufferQueue: releaseBufferCallback ReleaseCallbackId: bufferId:46510200848558 framenumber:1
06-08 15:51:56.495 10829 10829 E UniAccount: 5.2.5AR02B0902 
06-08 15:51:56.495 10829 11336 E AuthSDK : getVendorList isUploadMode = false
06-08 15:51:56.519 10829 10829 D DecorView[]: onWindowFocusChanged hasWindowFocus true
06-08 15:51:56.523  2403  4545 D ConnectivityService: requestNetwork for uid/pid:10462/10829 activeRequest: null callbackRequest: 16999 [NetworkRequest [ REQUEST id=16999, [ Transports: CELLULAR Capabilities: INTERNET&NOT_RESTRICTED&TRUSTED&NOT_VPN&NOT_VCN_MANAGED Uid: 10462 RequestorUid: 10462 RequestorPkg: cn.missevan] ]] callback flags: 0 priority: 2147483647
06-08 15:51:56.523  2403  3312 D ConnectivityService: NetReassign [no changes]
06-08 15:51:56.534 10746 10811 I appium  : AppiumResponse: {"sessionId":"6f09ecd0-e9c5-4192-8dd2-174a9e9565e9","value":{"error":"no such element","message":"An element could not be located on the page using the given search parameters","stacktrace":"io.appium.uiautomator2.common.exceptions.ElementNotFoundException: An element could not be located on the page using the given search parameters\n\tat io.appium.uiautomator2.handler.FindElement.safeHandle(FindElement.java:70)\n\tat io.appium.uiautomator2.handler.request.SafeRequestHandler.handle(SafeRequestHandler.java:59)\n\tat io.appium.uiautomator2.server.AppiumServlet.handleRequest(AppiumServlet.java:266)\n\tat io.appium.uiautomator2.server.AppiumServlet.handleHttpRequest(AppiumServlet.java:260)\n\tat io.appium.uiautomator2.http.ServerHandler.channelRead(ServerHandler.java:68)\n\tat io.netty.channel.AbstractChannelHandlerContext.invokeChannelRead(AbstractChannelHandlerContext.java:366)\n\tat io.netty.channel.AbstractChannelHandlerContext.invokeChannelRead(AbstractChannelHandlerContext.java:352)\n\tat io.netty.channel.AbstractChannelHandlerContext.fireChannelRead(AbstractChannelHandlerContext.java:345)\n\tat io.netty.handler.codec.MessageToMessageDecoder.channelRead(MessageToMessageDecoder.java:102)\n\tat io.netty.channel.AbstractChannelHandlerContext.invokeChannelRead(AbstractChannelHandlerContext.java:366)\n\tat io.netty.channel.AbstractChannelHandlerContext.invokeChannelRead(AbstractChannelHandlerContext.java:352)\n\tat io.netty.channel.AbstractChannelHandlerContext.fireChannelRead(AbstractChannelHandlerContext.java:345)\n\tat io.netty.channel.CombinedChannelDuplexHandler$DelegatingChannelHandlerContext.fireChannelRead(CombinedChannelDuplexHandler.java:435)\n\tat io.netty.handler.codec.ByteToMessageDecoder.fireChannelRead(ByteToMessageDecoder.java:293)\n\tat io.netty.handler.codec.ByteToMessageDecoder.channelRead(ByteToMessageDecoder.java:267)\n\tat io.netty.channel.CombinedChannelDuplexHandler.channelRead(CombinedChannelDuplexHandler.java:250)\n\tat io.netty.channel.AbstractChannelHandlerContext.invokeChannelRead(AbstractChannelHandlerContext.java:366)\n\tat io.netty.channel.AbstractChannelHandlerContext.invokeChannelRead(AbstractChannelHandlerContext.java:352)\n\tat io.netty.channel.AbstractChannelHandlerContext.fireChannelRead(AbstractChannelHandlerContext.java:345)\n\tat io.netty.handler.timeout.IdleStateHandler.channelRead(IdleStateHandler.java:266)\n\tat io.netty.channel.AbstractChannelHandlerContext.invokeChannelRead(AbstractChannelHandlerContext.java:366)\n\tat io.netty.channel.AbstractChannelHandlerContext.invokeChannelRead(AbstractChannelHandlerContext.java:352)\n\tat io.netty.channel.AbstractChannelHandlerContext.fireChannelRead(AbstractChannelHandlerContext.java:345)\n\tat io.netty.channel.DefaultChannelPipeline$HeadContext.channelRead(DefaultChannelPipeline.java:1294)\n\tat io.netty.channel.AbstractChannelHandlerContext.invokeChannelRead(AbstractChannelHandlerContext.java:366)\n\tat io.netty.channel.AbstractChannelHandlerContext.invokeChannelRead(AbstractChannelHandlerContext.java:352)\n\tat io.netty.channel.DefaultChannelPipeline.fireChannelRead(DefaultChannelPipeline.java:911)\n\tat io.netty.channel.nio.AbstractNioByteChannel$NioByteUnsafe.read(AbstractNioByteChannel.java:131)\n\tat io.netty.channel.nio.NioEventLoop.processSelectedKey(NioEventLoop.java:611)\n\tat io.netty.channel.nio.NioEventLoop.processSelectedKeysOptimized(NioEventLoop.java:552)\n\tat io.netty.channel.nio.NioEventLoop.processSelectedKeys(NioEventLoop.java:466)\n\tat io.netty.channel.nio.NioEventLoop.run(NioEventLoop.java:438)\n\tat io.netty.util.concurrent.SingleThreadEventExecutor$2.run(SingleThreadEventExecutor.java:140)\n\tat io.netty.util.concurrent.DefaultThreadFactory$DefaultRunnableDecorator.run(DefaultThreadFactory.java:144)\n\tat java.lang.Thread.run(Thread.java:920)\n"}}
06-08 15:51:56.537  4125  4125 D TelephonyProvider: subIdString = 1 subId = 1
06-08 15:51:56.549  4125  4125 D TelephonyProvider: subIdString = 1 subId = 1
06-08 15:51:56.572  2403  4545 W ContextImpl: Calling a method in the system process without a qualified user: android.app.ContextImpl.sendBroadcastMultiplePermissions:1266 android.content.Context.sendBroadcastMultiplePermissions:2225 com.android.server.TelephonyRegistry.broadcastDataConnectionStateChanged:3093 com.android.server.TelephonyRegistry.notifyDataConnectionForSubscriber:2078 com.android.internal.telephony.ITelephonyRegistry$Stub.onTransact:544
06-08 15:51:56.574  4125  4125 D NetworkSpeedTracker: receive actionandroid.intent.action.ANY_DATA_STATE
06-08 15:51:56.574  2403  2617 W BroadcastQueue: Appop Denial: receiving Intent { act=android.intent.action.ANY_DATA_STATE flg=0x10 (has extras) } to ProcessRecord{23851bd 4164:com.android.systemui/1000} (pid=4164, uid=1000) excludes appop android:read_phone_state due to sender android (uid 1001)
06-08 15:51:56.574  2403  2617 W BroadcastQueue: Appop Denial: receiving Intent { act=android.intent.action.ANY_DATA_STATE flg=0x10 (has extras) } to ProcessRecord{46e0a68 4125:com.android.phone/1001} (pid=4125, uid=1001) excludes appop android:read_phone_state due to sender android (uid 1001)
06-08 15:51:56.575  2403  2617 W BroadcastQueue: Appop Denial: receiving Intent { act=android.intent.action.ANY_DATA_STATE flg=0x10 (has extras) } to ProcessRecord{46e0a68 4125:com.android.phone/1001} (pid=4125, uid=1001) excludes appop android:read_phone_state due to sender android (uid 1001)
06-08 15:51:56.576  2403  2617 W BroadcastQueue: Appop Denial: receiving Intent { act=android.intent.action.ANY_DATA_STATE flg=0x10 (has extras) } to ProcessRecord{429a429 5373:com.miui.daemon/1000} (pid=5373, uid=1000) excludes appop android:read_phone_state due to sender android (uid 1001)
06-08 15:51:56.576  4125  4884 D NetworkSpeedTracker: mConnectState: DISCONNECTED
06-08 15:51:56.604  1977  2997 D libsensor-displayalgo: the value of  brightness:410.000000,R:77375716.939127,G:77376143.464170,B:77391269.635761,EVENT_C:6907.500000,EVENT_R:2675.500000,EVENT_G:3478.500000,EVENT_B:1404.000000
06-08 15:51:56.604  1977  2997 I libsensor-displayalgo: the value of  Coef1:1107.681000,Coef4:2.383000, scale1:0.935522, scale4:0.923264
06-08 15:51:56.604  1977  2997 E libsensor-displayalgo: RGB_test_0407_400_oldzy!
06-08 15:51:56.605  1977  2997 I libsensor-displayalgo: the value of  RESULT2999.022795,1184.947240,1456.660949,544.400905
06-08 15:51:56.605  1977  2997 I libsensor-displayalgo: the value of  getChannelDataCalibrated3136.737891,1097.887893,1687.567860,591.193714
06-08 15:51:56.605  1977  2997 I libsensor-displayalgo: the value of  REAL LUX222.100250
06-08 15:51:56.605  1977  2997 I libsensor-displayalgo: the value of  CAL REAL LUX222.100250
06-08 15:51:56.606  1159  1291 E minksocket: MinkIPC_QRTR_Service: client with node 1 port 4914 went down
06-08 15:51:56.608  1159  1291 E minksocket: MinkIPC_QRTR_Service: client with node 1 port 4915 went down
06-08 15:51:56.609  1159  1291 E minksocket: MinkIPC_QRTR_Service: client with node 1 port 4916 went down
06-08 15:51:56.614  1159  1291 E minksocket: MinkIPC_QRTR_Service: client with node 1 port 4918 went down
06-08 15:51:56.615  1159  1291 E minksocket: MinkIPC_QRTR_Service: client with node 1 port 4919 went down
06-08 15:51:56.615  1245  2285 I vendor.qti.hardware.display.composer-service: FrameNotifyProcess Sensor: notify citsensorservice to trigger cwb
06-08 15:51:56.616  1977  1977 I libcitsensorservice@2.0-impl: msg_transfer
06-08 15:51:56.616  1977  2987 D vendor.xiaomi.sensor.citsensorservice@2.0-service: handle id:8 wxh:1280x2400 uwxuh:1080x2400 size: 9216000 fd:15 fd_meta:16 flags:0x4000228 usage:0x33  format:0x3 layer_count: 1
06-08 15:51:56.616  1159  1291 E minksocket: MinkIPC_QRTR_Service: client with node 1 port 491a went down
06-08 15:51:56.616  1245  1850 I SDM     : HWCSession::SetCWBOutputBuffer: CWB config passed by cwb_client : tappoint 1  CWB_ROI : (829.000000 4.000000 915.000000 90.000000)
06-08 15:51:56.617  1245 11374 I SDM     : HWCSession::ProcessRequests: Successfully configured CWB buffer.
06-08 15:51:56.622  1159  1291 E minksocket: MinkIPC_QRTR_Service: client with node 1 port 491c went down
06-08 15:51:56.623  1159  1291 E minksocket: MinkIPC_QRTR_Service: client with node 1 port 491d went down
06-08 15:51:56.625  1245 11374 I SDM     : HWCSession::ProcessRequests: Pushing release fence in fenece wait queue.
06-08 15:51:56.625  1245 11374 I SDM     : HWCSession::ProcessRequests: Creating AsyncFenceWaits async thread.
06-08 15:51:56.625  1245 11374 I SDM     : HWCSession::ProcessRequests: Remove current CWB request from the pending request queue.
06-08 15:51:56.625  1159  1291 E minksocket: MinkIPC_QRTR_Service: client with node 1 port 491e went down
06-08 15:51:56.625  1245 11374 I SDM     : HWCSession::ProcessRequests: No pending cwb requests found in the queue.
06-08 15:51:56.631  1245  1464 I SDM     : HWDeviceDRM::SetupConcurrentWriteback: Tear down the Concurrent Writeback topology
06-08 15:51:56.638  1245 11376 I SDM     : HWCSession::NotifyCWBStatus: Notify the client about buffer status 0.
06-08 15:51:56.638  1245 11376 I SDM     : HWCSession::PerformFenceWaits: Remove current release fence from the pending fence wait queue.
06-08 15:51:56.638  1245 11376 I SDM     : HWCSession::PerformFenceWaits: CWB fence queue is empty. No pending release fence to wait on.
06-08 15:51:56.648 11203 11212 I van:pushservic: This is non sticky GC, maxfree is 8388608 minfree is 2097152
06-08 15:51:56.905  1977  2997 D libsensor-displayalgo: the value of  brightness:410.000000,R:60519154.092245,G:60696912.890206,B:60526632.693010,EVENT_C:6513.500000,EVENT_R:2539.500000,EVENT_G:3268.500000,EVENT_B:1323.500000
06-08 15:51:56.905  1977  2997 I libsensor-displayalgo: the value of  Coef1:1107.681000,Coef4:2.383000, scale1:0.935522, scale4:0.923264
06-08 15:51:56.905  1977  2997 E libsensor-displayalgo: RGB_test_0407_400_oldzy!
06-08 15:51:56.906  1977  2997 I libsensor-displayalgo: the value of  RESULT2536.326152,997.376294,1246.739574,456.643637
06-08 15:51:56.906  1977  2997 I libsensor-displayalgo: the value of  getChannelDataCalibrated2652.794223,924.097986,1444.370179,495.893459
06-08 15:51:56.906  1977  2997 I libsensor-displayalgo: the value of  REAL LUX227.331451
06-08 15:51:56.906  1977  2997 I libsensor-displayalgo: the value of  CAL REAL LUX227.331451
06-08 15:51:56.930  1245  2285 I vendor.qti.hardware.display.composer-service: FrameNotifyProcess Sensor: notify citsensorservice to trigger cwb
06-08 15:51:56.930  1977  1977 I libcitsensorservice@2.0-impl: msg_transfer
06-08 15:51:56.931  1977  2987 D vendor.xiaomi.sensor.citsensorservice@2.0-service: handle id:8 wxh:1280x2400 uwxuh:1080x2400 size: 9216000 fd:15 fd_meta:16 flags:0x4000228 usage:0x33  format:0x3 layer_count: 1
06-08 15:51:56.932  1245  1850 I SDM     : HWCSession::SetCWBOutputBuffer: CWB config passed by cwb_client : tappoint 1  CWB_ROI : (829.000000 4.000000 915.000000 90.000000)
06-08 15:51:56.933  1245 11377 I SDM     : HWCSession::ProcessRequests: Successfully configured CWB buffer.
06-08 15:51:56.938  1245 11377 I SDM     : HWCSession::ProcessRequests: Pushing release fence in fenece wait queue.
06-08 15:51:56.939  1245 11377 I SDM     : HWCSession::ProcessRequests: Creating AsyncFenceWaits async thread.
06-08 15:51:56.939  1245 11377 I SDM     : HWCSession::ProcessRequests: Remove current CWB request from the pending request queue.
06-08 15:51:56.939  1245 11377 I SDM     : HWCSession::ProcessRequests: No pending cwb requests found in the queue.
06-08 15:51:56.944  1245  1464 I SDM     : HWDeviceDRM::SetupConcurrentWriteback: Tear down the Concurrent Writeback topology
06-08 15:51:56.951  1245 11378 I SDM     : HWCSession::NotifyCWBStatus: Notify the client about buffer status 0.
06-08 15:51:56.951  1245 11378 I SDM     : HWCSession::PerformFenceWaits: Remove current release fence from the pending fence wait queue.
06-08 15:51:56.951  1245 11378 I SDM     : HWCSession::PerformFenceWaits: CWB fence queue is empty. No pending release fence to wait on.
06-08 15:51:57.004 10999 11038 I missevan:playe: ProcessProfilingInfo new_methods=0 is saved saved_to_disk=0 resolve_classes_delay=8000
06-08 15:51:57.056  2403  2565 I EthernetTracker: interfaceLinkStateChanged, iface: rmnet_data2, up: true
06-08 15:51:57.063  1159  1291 E minksocket: MinkIPC_QRTR_Service: client with node 1 port 4920 went down
06-08 15:51:57.065  1159  1291 E minksocket: MinkIPC_QRTR_Service: client with node 1 port 4921 went down
06-08 15:51:57.066 10746 10811 I appium  : channel read: POST /wd/hub/session/6f09ecd0-e9c5-4192-8dd2-174a9e9565e9/element
06-08 15:51:57.068  1159  1291 E minksocket: MinkIPC_QRTR_Service: client with node 1 port 4922 went down
06-08 15:51:57.071 10746 10811 I appium  : FindElement command
06-08 15:51:57.072 10746 10811 I appium  : method: 'id', selector: 'cn.missevan:id/textView5'
06-08 15:51:57.073 10746 10811 I appium  : Waiting up to 100ms for the device to idle
06-08 15:51:57.090 10746 10811 I appium  : AppiumResponse: {"sessionId":"6f09ecd0-e9c5-4192-8dd2-174a9e9565e9","value":{"error":"no such element","message":"An element could not be located on the page using the given search parameters","stacktrace":"io.appium.uiautomator2.common.exceptions.ElementNotFoundException: An element could not be located on the page using the given search parameters\n\tat io.appium.uiautomator2.handler.FindElement.safeHandle(FindElement.java:70)\n\tat io.appium.uiautomator2.handler.request.SafeRequestHandler.handle(SafeRequestHandler.java:59)\n\tat io.appium.uiautomator2.server.AppiumServlet.handleRequest(AppiumServlet.java:266)\n\tat io.appium.uiautomator2.server.AppiumServlet.handleHttpRequest(AppiumServlet.java:260)\n\tat io.appium.uiautomator2.http.ServerHandler.channelRead(ServerHandler.java:68)\n\tat io.netty.channel.AbstractChannelHandlerContext.invokeChannelRead(AbstractChannelHandlerContext.java:366)\n\tat io.netty.channel.AbstractChannelHandlerContext.invokeChannelRead(AbstractChannelHandlerContext.java:352)\n\tat io.netty.channel.AbstractChannelHandlerContext.fireChannelRead(AbstractChannelHandlerContext.java:345)\n\tat io.netty.handler.codec.MessageToMessageDecoder.channelRead(MessageToMessageDecoder.java:102)\n\tat io.netty.channel.AbstractChannelHandlerContext.invokeChannelRead(AbstractChannelHandlerContext.java:366)\n\tat io.netty.channel.AbstractChannelHandlerContext.invokeChannelRead(AbstractChannelHandlerContext.java:352)\n\tat io.netty.channel.AbstractChannelHandlerContext.fireChannelRead(AbstractChannelHandlerContext.java:345)\n\tat io.netty.channel.CombinedChannelDuplexHandler$DelegatingChannelHandlerContext.fireChannelRead(CombinedChannelDuplexHandler.java:435)\n\tat io.netty.handler.codec.ByteToMessageDecoder.fireChannelRead(ByteToMessageDecoder.java:293)\n\tat io.netty.handler.codec.ByteToMessageDecoder.channelRead(ByteToMessageDecoder.java:267)\n\tat io.netty.channel.CombinedChannelDuplexHandler.channelRead(CombinedChannelDuplexHandler.java:250)\n\tat io.netty.channel.AbstractChannelHandlerContext.invokeChannelRead(AbstractChannelHandlerContext.java:366)\n\tat io.netty.channel.AbstractChannelHandlerContext.invokeChannelRead(AbstractChannelHandlerContext.java:352)\n\tat io.netty.channel.AbstractChannelHandlerContext.fireChannelRead(AbstractChannelHandlerContext.java:345)\n\tat io.netty.handler.timeout.IdleStateHandler.channelRead(IdleStateHandler.java:266)\n\tat io.netty.channel.AbstractChannelHandlerContext.invokeChannelRead(AbstractChannelHandlerContext.java:366)\n\tat io.netty.channel.AbstractChannelHandlerContext.invokeChannelRead(AbstractChannelHandlerContext.java:352)\n\tat io.netty.channel.AbstractChannelHandlerContext.fireChannelRead(AbstractChannelHandlerContext.java:345)\n\tat io.netty.channel.DefaultChannelPipeline$HeadContext.channelRead(DefaultChannelPipeline.java:1294)\n\tat io.netty.channel.AbstractChannelHandlerContext.invokeChannelRead(AbstractChannelHandlerContext.java:366)\n\tat io.netty.channel.AbstractChannelHandlerContext.invokeChannelRead(AbstractChannelHandlerContext.java:352)\n\tat io.netty.channel.DefaultChannelPipeline.fireChannelRead(DefaultChannelPipeline.java:911)\n\tat io.netty.channel.nio.AbstractNioByteChannel$NioByteUnsafe.read(AbstractNioByteChannel.java:131)\n\tat io.netty.channel.nio.NioEventLoop.processSelectedKey(NioEventLoop.java:611)\n\tat io.netty.channel.nio.NioEventLoop.processSelectedKeysOptimized(NioEventLoop.java:552)\n\tat io.netty.channel.nio.NioEventLoop.processSelectedKeys(NioEventLoop.java:466)\n\tat io.netty.channel.nio.NioEventLoop.run(NioEventLoop.java:438)\n\tat io.netty.util.concurrent.SingleThreadEventExecutor$2.run(SingleThreadEventExecutor.java:140)\n\tat io.netty.util.concurrent.DefaultThreadFactory$DefaultRunnableDecorator.run(DefaultThreadFactory.java:144)\n\tat java.lang.Thread.run(Thread.java:920)\n"}}
06-08 15:51:57.154  2403  2565 I EthernetTracker: interfaceLinkStateChanged, iface: rmnet_data2, up: true
06-08 15:51:57.162  2403  2565 I EthernetTracker: interfaceLinkStateChanged, iface: rmnet_data2, up: true
06-08 15:51:57.195  1159  1291 E minksocket: MinkIPC_QRTR_Service: client with node 1 port 4924 went down
06-08 15:51:57.195  1159  1291 E minksocket: MinkIPC_QRTR_Service: client with node 1 port 4925 went down
