06-20 11:20:08.126  2018  3098 D vendor.xiaomi.sensor.citsensorservice@2.0-service: handle id:9 wxh:1280x2400 uwxuh:1080x2400 size: 9216000 fd:15 fd_meta:16 flags:0x4000228 usage:0x33  format:0x3 layer_count: 1
06-20 11:20:08.127  1265  1887 I SDM     : HWCSession::SetCWBOutputBuffer: CWB config passed by cwb_client : tappoint 1  CWB_ROI : (829.000000 4.000000 915.000000 90.000000)
06-20 11:20:08.128  1265 19270 I SDM     : HWCSession::ProcessRequests: Successfully configured CWB buffer.
06-20 11:20:08.134 10241 12244 I CCodecBufferChannel: pipelineRoom(2) is <= numClientBuffers(2). Not signalling any more buffers to client
06-20 11:20:08.134 10241 12244 I CCodecBufferChannel: pipelineRoom(2) is <= numClientBuffers(2). Not signalling any more buffers to client
06-20 11:20:08.134 10241 18906 I CCodecBufferChannel: pipelineRoom(2) is <= numClientBuffers(2). Not signalling any more buffers to client
06-20 11:20:08.138  1265 19270 I SDM     : HWCSession::ProcessRequests: Pushing release fence in fenece wait queue.
06-20 11:20:08.138  1265 19270 I SDM     : HWCSession::ProcessRequests: Creating AsyncFenceWaits async thread.
06-20 11:20:08.138  1265 19270 I SDM     : HWCSession::ProcessRequests: Remove current CWB request from the pending request queue.
06-20 11:20:08.138  1265 19270 I SDM     : HWCSession::ProcessRequests: No pending cwb requests found in the queue.
06-20 11:20:08.142  1265  1584 I SDM     : HWDeviceDRM::SetupConcurrentWriteback: Tear down the Concurrent Writeback topology
06-20 11:20:08.149  1265 19271 I SDM     : HWCSession::NotifyCWBStatus: Notify the client about buffer status 0.
06-20 11:20:08.150  1265 19271 I SDM     : HWCSession::PerformFenceWaits: Remove current release fence from the pending fence wait queue.
06-20 11:20:08.150  1265 19271 I SDM     : HWCSession::PerformFenceWaits: CWB fence queue is empty. No pending release fence to wait on.
06-20 11:20:08.214  2431  2939 D MIUIInput: [MotionEvent] notifyMotion - eventTime=371197441833000, deviceId=8, source=0x1002, policyFlags=0x0, action=0x0, flags=0x0, downTime=371197441833000, moveCount:0
06-20 11:20:08.215  2431  2938 D MIUIInput: [MotionEvent] publisher action=0x0, 371197441, channel '8b333f4 GestureStubBottom (server)'
06-20 11:20:08.216  4258  4386 D MIUIInput: [MotionEvent] ViewRootImpl windowName 'GestureStubLeft', { action=ACTION_DOWN, id[0]=0, pointerCount=1, eventTime=371197441, downTime=371197441, phoneEventTime=11:20:08.214 } moveCount:0
06-20 11:20:08.217  4258  4386 D GestureStubView: onTouch ACTION_DOWN sendMessageDelayed MSG_CHECK_GESTURE_STUB_TOUCHABLE
06-20 11:20:08.217  4258  4386 D GesturesBackController: onPointerEvent swipeStatus:16
06-20 11:20:08.217  4258  4386 D GesturesBackController: mSwipeStatus == SWIPE_STATUS_ANIMATING, processPointerEvent
06-20 11:20:08.218  2431  2938 I InputDispatcher: checkEvent4GestureLocked, downTime:371197441833000, downX:32, downY:1896, nowAct:2 nowX=36, nowY=1895, nowTime:371197445780324, deltaX:4 deltaY:1 deltaT:3947324, GestureSt:2
06-20 11:20:08.222  2431  2938 I InputDispatcher: checkEvent4GestureLocked, downTime:371197441833000, downX:32, downY:1896, nowAct:2 nowX=45, nowY=1893, nowTime:371197449859803, deltaX:13 deltaY:3 deltaT:8026803, GestureSt:2
06-20 11:20:08.226  4258  4386 D GesturesBackController: onPointerEvent swipeStatus:8
06-20 11:20:08.226  4258  4386 D GesturesBackController: mSwipeStatus != SWIPE_STATUS_ANIMATING, processPointerEvent
06-20 11:20:08.227  2431  2938 I InputDispatcher: checkEvent4GestureLocked, downTime:371197441833000, downX:32, downY:1896, nowAct:2 nowX=60, nowY=1890, nowTime:371197454183605, deltaX:28 deltaY:6 deltaT:12350605, GestureSt:5
06-20 11:20:08.229  2431  2635 D PerfImpl: perfGetWorkLoadType
06-20 11:20:08.230  2431  2635 D PerfImpl: perfScrollBoost: cn.missevan, -1, 4
06-20 11:20:08.230  2431  2635 D PerfImpl: perfGetWorkLoadType
06-20 11:20:08.231  2431  2635 D PerfImpl: perfDragBoost: cn.missevan, -1, 1
06-20 11:20:08.233  4258  4386 D GesturesBackController: onPointerEvent swipeStatus:8
06-20 11:20:08.233  4258  4386 D GestureStubView: onSwipeStart: needAnimation: true
06-20 11:20:08.234  4258  4386 D GestureStubView: renderView
06-20 11:20:08.234  4258  4386 D GesturesBackController: onPointerEvent MotionEvent.ACTION_MOVE processMiuiGestures
06-20 11:20:08.234  4258  4386 D GesturesBackController: mSwipeStatus != SWIPE_STATUS_ANIMATING, processPointerEvent
06-20 11:20:08.237  2431  4484 I WindowManagerService: Physical orientation applied, rotation=0 sfOrientation=ORIENTATION_0
06-20 11:20:08.242  4258  4386 D GesturesBackController: onPointerEvent swipeStatus:2
06-20 11:20:08.242  4258  4386 D GesturesBackController: onPointerEvent MotionEvent.ACTION_MOVE processMiuiGestures
06-20 11:20:08.242  4258  4386 D GesturesBackController: mSwipeStatus != SWIPE_STATUS_ANIMATING, processPointerEvent
06-20 11:20:08.245 10241 12244 I CCodecBufferChannel: pipelineRoom(3) is <= numClientBuffers(3). Not signalling any more buffers to client
06-20 11:20:08.250  4258  4386 D GesturesBackController: onPointerEvent swipeStatus:2
06-20 11:20:08.250  4258  4386 D GesturesBackController: onPointerEvent MotionEvent.ACTION_MOVE processMiuiGestures
06-20 11:20:08.250  4258  4386 D GesturesBackController: mSwipeStatus != SWIPE_STATUS_ANIMATING, processPointerEvent
06-20 11:20:08.251  4258  4304 D BLASTBufferQueue: releaseBufferCallback ReleaseCallbackId: bufferId:18287970750574 framenumber:4235
06-20 11:20:08.258  4258  4386 D GesturesBackController: onPointerEvent swipeStatus:2
06-20 11:20:08.258  4258  4386 D GesturesBackController: onPointerEvent MotionEvent.ACTION_MOVE processMiuiGestures
06-20 11:20:08.258  4258  4386 D GesturesBackController: mSwipeStatus != SWIPE_STATUS_ANIMATING, processPointerEvent
06-20 11:20:08.266  4258  4386 D GesturesBackController: onPointerEvent swipeStatus:2
06-20 11:20:08.266  4258  4386 D GesturesBackController: onPointerEvent MotionEvent.ACTION_MOVE processMiuiGestures
06-20 11:20:08.266  4258  4386 D GesturesBackController: mSwipeStatus != SWIPE_STATUS_ANIMATING, processPointerEvent
06-20 11:20:08.274  4258  4386 D GesturesBackController: onPointerEvent swipeStatus:2
06-20 11:20:08.275  4258  4386 D GesturesBackController: onPointerEvent MotionEvent.ACTION_MOVE processMiuiGestures
06-20 11:20:08.275  4258  4386 D GesturesBackController: mSwipeStatus != SWIPE_STATUS_ANIMATING, processPointerEvent
06-20 11:20:08.283  4258  4386 D GesturesBackController: onPointerEvent swipeStatus:2
06-20 11:20:08.283  4258  4386 D GesturesBackController: onPointerEvent MotionEvent.ACTION_MOVE processMiuiGestures
06-20 11:20:08.283  4258  4386 D GesturesBackController: mSwipeStatus != SWIPE_STATUS_ANIMATING, processPointerEvent
06-20 11:20:08.288  2018  3127 D libsensor-displayalgo: the value of  brightness:438.000000,R:77296384.557271,G:77297133.237939,B:77313059.061408,EVENT_C:7285.000000,EVENT_R:2829.000000,EVENT_G:3674.500000,EVENT_B:1486.000000
06-20 11:20:08.288  2018  3127 I libsensor-displayalgo: the value of  Coef1:1107.681000,Coef4:2.383000, scale1:0.935522, scale4:0.923264
06-20 11:20:08.288  2018  3127 E libsensor-displayalgo: RGB_test_0407_400_oldzy!
06-20 11:20:08.288  2018  3127 I libsensor-displayalgo: the value of  RESULT3116.697536,1231.266004,1510.266625,565.233393
06-20 11:20:08.288  2018  3127 I libsensor-displayalgo: the value of  getChannelDataCalibrated3267.687221,1140.389644,1755.389210,616.914213
06-20 11:20:08.288  2018  3127 I libsensor-displayalgo: the value of  REAL LUX236.575897
06-20 11:20:08.288  2018  3127 I libsensor-displayalgo: the value of  CAL REAL LUX236.575897
06-20 11:20:08.291  4258  4386 D GesturesBackController: onPointerEvent swipeStatus:2
06-20 11:20:08.291  4258  4386 D GesturesBackController: onPointerEvent MotionEvent.ACTION_MOVE processMiuiGestures
06-20 11:20:08.291  4258  4386 D GesturesBackController: mSwipeStatus != SWIPE_STATUS_ANIMATING, processPointerEvent
06-20 11:20:08.299  4258  4386 D GesturesBackController: onPointerEvent swipeStatus:2
06-20 11:20:08.299  4258  4386 D GesturesBackController: onPointerEvent MotionEvent.ACTION_MOVE processMiuiGestures
06-20 11:20:08.299  4258  4386 D GesturesBackController: mSwipeStatus != SWIPE_STATUS_ANIMATING, processPointerEvent
06-20 11:20:08.307  4258  4386 D GesturesBackController: onPointerEvent swipeStatus:2
06-20 11:20:08.308  4258  4386 D GesturesBackController: onPointerEvent MotionEvent.ACTION_MOVE processMiuiGestures
06-20 11:20:08.308  4258  4386 D GesturesBackController: mSwipeStatus != SWIPE_STATUS_ANIMATING, processPointerEvent
06-20 11:20:08.310  2431  2939 D MIUIInput: [MotionEvent] notifyMotion - eventTime=371197537610000, deviceId=8, source=0x1002, policyFlags=0x0, action=0x1, flags=0x0, downTime=371197441833000, moveCount:22
06-20 11:20:08.311  2431  2938 D MIUIInput: [MotionEvent] publisher action=0x1, 371197537, channel '8b333f4 GestureStubBottom (server)'
06-20 11:20:08.311  4258  4386 D GesturesBackController: onPointerEvent swipeStatus:2
06-20 11:20:08.311  4258  4386 D GesturesBackController: onPointerEvent MotionEvent.ACTION_MOVE processMiuiGestures
06-20 11:20:08.311  4258  4386 D GesturesBackController: mSwipeStatus != SWIPE_STATUS_ANIMATING, processPointerEvent
06-20 11:20:08.312  4258  4386 D MIUIInput: [MotionEvent] ViewRootImpl windowName 'GestureStubLeft', { action=ACTION_UP, id[0]=0, pointerCount=1, eventTime=371197537, downTime=371197441, phoneEventTime=11:20:08.310 } moveCount:12
06-20 11:20:08.312  4258  4386 D GestureStubView: ACTION_UP: mIsGestureStarted: true mIsGestureAnimationEnabled: true
06-20 11:20:08.312  4258  4386 D GesturesBackController: onPointerEvent swipeStatus:2
06-20 11:20:08.312  4258  4386 D GestureStubView: onSwipeStop
06-20 11:20:08.312  4258  4386 D GestureStubView: injectKeyEvent keyCode:4
06-20 11:20:08.312  2431  2635 D PerfImpl: perfGetWorkLoadType
06-20 11:20:08.312  2431  2635 D PerfImpl: perfScrollBoost: cn.missevan, 963, 2
06-20 11:20:08.312  2431  2892 W MiuiInputKeyEventLog: keyCode:4 down:true eventTime:371197539 downTime:371197539 policyFlags:2b000000 flags:8 metaState:0 deviceId:-1 isScreenOn:true keyguardActive:false repeatCount:0
06-20 11:20:08.313  2431  2892 D WindowManager: interceptKeyTq keycode=4 interactive=true keyguardActive=false policyFlags=2b000000
06-20 11:20:08.313  2431  2892 D MIUIInput: Input event injection from pid 4258, KeyEvent:DOWN, keycode:4
06-20 11:20:08.313  2431  2635 D PerfImpl: perfGetWorkLoadType
06-20 11:20:08.313  4258  4327 I HapticFeedbackUtil: rtp:163
06-20 11:20:08.314  2431  4484 W MiuiInputKeyEventLog: keyCode:4 down:false eventTime:371197539 downTime:371197539 policyFlags:2b000000 flags:8 metaState:0 deviceId:-1 isScreenOn:true keyguardActive:false repeatCount:0
06-20 11:20:08.314  2431  4484 D WindowManager: interceptKeyTq keycode=4 interactive=true keyguardActive=false policyFlags=2b000000
06-20 11:20:08.314  2431  2938 D WindowManager: interceptKeyTi keyCode=4 down=true repeatCount=0 keyguardOn=false canceled=false
06-20 11:20:08.314  2431  4484 D MIUIInput: Input event injection from pid 4258, KeyEvent:UP, keycode:4
06-20 11:20:08.315  2431  2635 D PerfImpl: perfScrollBoost: cn.missevan, -1, 4
06-20 11:20:08.315  4258  4386 D GesturesBackController: onPointerEvent MotionEvent.ACTION_UP stopGestures isFinish:true speed:4
06-20 11:20:08.315  4258  4386 D GesturesBackController: mSwipeStatus != SWIPE_STATUS_ANIMATING, processPointerEvent
06-20 11:20:08.317  1342  1342 D vendor.hardware.vibratorfeature: Vibrator perform effect 163
06-20 11:20:08.317  1342  1342 D vendor.hardware.vibratorfeature: uses mCurrMagnitudeExt 1.000000
06-20 11:20:08.317  1342  1342 D vendor.hardware.vibratorfeature: getAmplitudeFromEffectStrength 1.000000
06-20 11:20:08.317  1342  1342 D vendor.hardware.vibratorfeature: return from driver is 200
06-20 11:20:08.317  1342  1342 D vendor.hardware.vibratorfeature: playLengthMs is 250
06-20 11:20:08.317  1342 19274 D vendor.hardware.vibratorfeature: Starting perform on another thread
06-20 11:20:08.319  2431  2635 D PerfImpl: perfGetWorkLoadType
06-20 11:20:08.321  2431  2635 D PerfImpl: perfLockRelease
06-20 11:20:08.322  2431  2938 D MIUIInput: [KeyEvent] publisher action:0x0,  keyCode:4 , 371197539,channel 'ac4ec2b cn.missevan/cn.missevan.activity.MainActivity (server)'
06-20 11:20:08.322  2431  2938 D WindowManager: interceptKeyTi keyCode=4 down=false repeatCount=0 keyguardOn=false canceled=false
06-20 11:20:08.323  2431  2635 W ActivityManager: Sending non-protected broadcast miui.intent.KEYCODE_BACK from system 2431:system/1000 pkg android. Callers=com.android.server.am.ActivityManagerService.broadcastIntentLocked:13794 com.android.server.am.ActivityManagerService.broadcastIntentLocked:13204 com.android.server.am.ActivityManagerService.broadcastIntentWithFeature:14053 android.app.ContextImpl.sendBroadcastAsUser:1400 com.android.server.policy.BaseMiuiPhoneWindowManager$16.run:2837
06-20 11:20:08.323  2431  2635 W ActivityManager: Sending non-protected broadcast miui.intent.KEYCODE_BACK from system 2431:system/1000 pkg android. Callers=com.android.server.am.ActivityManagerService.broadcastIntentLocked:13893 com.android.server.am.ActivityManagerService.broadcastIntentLocked:13204 com.android.server.am.ActivityManagerService.broadcastIntentWithFeature:14053 android.app.ContextImpl.sendBroadcastAsUser:1400 com.android.server.policy.BaseMiuiPhoneWindowManager$16.run:2837
06-20 11:20:08.323 10027 10027 D MIUIInput: [KeyEvent] ViewRootImpl windowName 'cn.missevan/cn.missevan.activity.MainActivity', KeyEvent { action=ACTION_DOWN, keyCode=KEYCODE_BACK, scanCode=0, metaState=0, flags=0x8, repeatCount=0, eventTime=371197539, downTime=371197539, deviceId=-1, source=0x101, displayId=0 }, phoneEventTime=11:20:08.312
06-20 11:20:08.324  2431  2635 W ActivityManager: Sending non-protected broadcast miui.intent.KEYCODE_BACK from system 2431:system/1000 pkg android. Callers=com.android.server.am.ActivityManagerService.broadcastIntentLocked:13794 com.android.server.am.ActivityManagerService.broadcastIntentLocked:13204 com.android.server.am.ActivityManagerService.broadcastIntentWithFeature:14053 android.app.ContextImpl.sendBroadcastAsUser:1400 com.android.server.policy.BaseMiuiPhoneWindowManager$16.run:2837
06-20 11:20:08.324  2431  2635 W ActivityManager: Sending non-protected broadcast miui.intent.KEYCODE_BACK from system 2431:system/1000 pkg android. Callers=com.android.server.am.ActivityManagerService.broadcastIntentLocked:13893 com.android.server.am.ActivityManagerService.broadcastIntentLocked:13204 com.android.server.am.ActivityManagerService.broadcastIntentWithFeature:14053 android.app.ContextImpl.sendBroadcastAsUser:1400 com.android.server.policy.BaseMiuiPhoneWindowManager$16.run:2837
06-20 11:20:08.324  2431  2938 D MIUIInput: [KeyEvent] publisher action:0x1,  keyCode:4 , 371197539,channel 'ac4ec2b cn.missevan/cn.missevan.activity.MainActivity (server)'
06-20 11:20:08.325 10027 10027 D MIUIInput: [KeyEvent] ViewRootImpl windowName 'cn.missevan/cn.missevan.activity.MainActivity', KeyEvent { action=ACTION_UP, keyCode=KEYCODE_BACK, scanCode=0, metaState=0, flags=0x8, repeatCount=0, eventTime=371197539, downTime=371197539, deviceId=-1, source=0x101, displayId=0 }, phoneEventTime=11:20:08.311
06-20 11:20:08.327 10027 10027 I HandWritingStubImpl: isKeyboardTypeChanged: false
06-20 11:20:08.339 10241 12244 I CCodecBufferChannel: pipelineRoom(2) is <= numClientBuffers(3). Not signalling any more buffers to client
06-20 11:20:08.339 10241 18906 I CCodecBufferChannel: pipelineRoom(2) is <= numClientBuffers(2). Not signalling any more buffers to client
06-20 11:20:08.362  5809 18911 I SafeBinderCall: onPositionChange binder cost:0
06-20 11:20:08.362  4233  4233 D MiPlayDetailViewModel: onPositionChange(): position = 35983
06-20 11:20:08.423  4258  4386 W GestureStubView: adaptRotation   currentRotation=0   mRotation=0
06-20 11:20:08.423  4258  4386 D GestureStubView: resetRenderProperty: MSG_RESET_ANIMATING_STATUS   isLayoutParamChanged=true
06-20 11:20:08.423  4258  4386 D GestureStubView: reset animating status
06-20 11:20:08.429  1265  2358 I vendor.qti.hardware.display.composer-service: FrameNotifyProcess Sensor: notify citsensorservice to trigger cwb
06-20 11:20:08.429  2018  7182 I libcitsensorservice@2.0-impl: msg_transfer
06-20 11:20:08.430  2018  3098 D vendor.xiaomi.sensor.citsensorservice@2.0-service: handle id:9 wxh:1280x2400 uwxuh:1080x2400 size: 9216000 fd:15 fd_meta:16 flags:0x4000228 usage:0x33  format:0x3 layer_count: 1
06-20 11:20:08.431  1265  1887 I SDM     : HWCSession::SetCWBOutputBuffer: CWB config passed by cwb_client : tappoint 1  CWB_ROI : (829.000000 4.000000 915.000000 90.000000)
06-20 11:20:08.432  1265 19278 I SDM     : HWCSession::ProcessRequests: Successfully configured CWB buffer.
06-20 11:20:08.435  2431  3919 I WindowManagerService: Physical orientation applied, rotation=0 sfOrientation=ORIENTATION_0
06-20 11:20:08.437  4258  4386 D GestureStubView: gatherTransparentRegion: need render w:54  h:1440
06-20 11:20:08.440  1265 19278 I SDM     : HWCSession::ProcessRequests: Pushing release fence in fenece wait queue.
06-20 11:20:08.440  1265 19278 I SDM     : HWCSession::ProcessRequests: Creating AsyncFenceWaits async thread.
06-20 11:20:08.440  1265 19278 I SDM     : HWCSession::ProcessRequests: Remove current CWB request from the pending request queue.
06-20 11:20:08.441  1265 19278 I SDM     : HWCSession::ProcessRequests: No pending cwb requests found in the queue.
06-20 11:20:08.443  4258  4386 D GestureStubView: gatherTransparentRegion: need render w:54  h:1440
06-20 11:20:08.447  1265  1584 I SDM     : HWDeviceDRM::SetupConcurrentWriteback: Tear down the Concurrent Writeback topology
06-20 11:20:08.453  1265 19279 I SDM     : HWCSession::NotifyCWBStatus: Notify the client about buffer status 0.
06-20 11:20:08.453  1265 19279 I SDM     : HWCSession::PerformFenceWaits: Remove current release fence from the pending fence wait queue.
06-20 11:20:08.453  1265 19279 I SDM     : HWCSession::PerformFenceWaits: CWB fence queue is empty. No pending release fence to wait on.
06-20 11:20:08.454  4258  4304 D BLASTBufferQueue: releaseBufferCallback ReleaseCallbackId: bufferId:18287970750578 framenumber:4260
06-20 11:20:08.538 31630 31630 I HandWritingStubImpl: isKeyboardTypeChanged: false
06-20 11:20:08.567  1342 19274 D vendor.hardware.vibratorfeature: Notifying perform complete
06-20 11:20:08.568  1342  1342 D vendor.hardware.vibratorfeature: QTI Vibrator off
06-20 11:20:08.568  1342  1342 D DynamicEffectThread: pause
06-20 11:20:08.568  1342  1342 D DynamicEffectDevice: FFDevice pause
06-20 11:20:08.588  2018  3127 D libsensor-displayalgo: the value of  brightness:438.000000,R:77296384.557271,G:77297133.237939,B:77313059.061408,EVENT_C:7281.500000,EVENT_R:2825.000000,EVENT_G:3674.000000,EVENT_B:1485.500000
06-20 11:20:08.588  2018  3127 I libsensor-displayalgo: the value of  Coef1:1107.681000,Coef4:2.383000, scale1:0.935522, scale4:0.923264
06-20 11:20:08.588  2018  3127 E libsensor-displayalgo: RGB_test_0407_400_oldzy!
06-20 11:20:08.588  2018  3127 I libsensor-displayalgo: the value of  RESULT3116.697536,1231.266004,1510.266625,565.233393
06-20 11:20:08.588  2018  3127 I libsensor-displayalgo: the value of  getChannelDataCalibrated3267.687221,1140.389644,1755.389210,616.914213
06-20 11:20:08.588  2018  3127 I libsensor-displayalgo: the value of  REAL LUX236.497604
06-20 11:20:08.588  2018  3127 I libsensor-displayalgo: the value of  CAL REAL LUX236.497604
06-20 11:20:08.599  8353  8395 D MemoryCeilingMonitor: [handleMemoryCalculate]
06-20 11:20:08.599  8353  8395 D MemoryCeilingMonitor: [calculate] tot: 5806648, max: 268435456, free: 770016, heap: 5036632, per: 0.018762916326522827
06-20 11:20:08.641 10027 10027 I HandWritingStubImpl: isKeyboardTypeChanged: false
06-20 11:20:08.742  1265  2358 I vendor.qti.hardware.display.composer-service: FrameNotifyProcess Sensor: notify citsensorservice to trigger cwb
06-20 11:20:08.743  2018  2111 I libcitsensorservice@2.0-impl: msg_transfer
06-20 11:20:08.743  2018  3098 D vendor.xiaomi.sensor.citsensorservice@2.0-service: handle id:9 wxh:1280x2400 uwxuh:1080x2400 size: 9216000 fd:15 fd_meta:16 flags:0x4000228 usage:0x33  format:0x3 layer_count: 1
06-20 11:20:08.743  1265  1887 I SDM     : HWCSession::SetCWBOutputBuffer: CWB config passed by cwb_client : tappoint 1  CWB_ROI : (829.000000 4.000000 915.000000 90.000000)
06-20 11:20:08.744  1265 19280 I SDM     : HWCSession::ProcessRequests: Successfully configured CWB buffer.
06-20 11:20:08.753  1265 19280 I SDM     : HWCSession::ProcessRequests: Pushing release fence in fenece wait queue.
06-20 11:20:08.753  1265 19280 I SDM     : HWCSession::ProcessRequests: Creating AsyncFenceWaits async thread.
06-20 11:20:08.753  1265 19280 I SDM     : HWCSession::ProcessRequests: Remove current CWB request from the pending request queue.
06-20 11:20:08.753  1265 19280 I SDM     : HWCSession::ProcessRequests: No pending cwb requests found in the queue.
06-20 11:20:08.759  1265  1584 I SDM     : HWDeviceDRM::SetupConcurrentWriteback: Tear down the Concurrent Writeback topology
06-20 11:20:08.766  1265 19281 I SDM     : HWCSession::NotifyCWBStatus: Notify the client about buffer status 0.
06-20 11:20:08.767  1265 19281 I SDM     : HWCSession::PerformFenceWaits: Remove current release fence from the pending fence wait queue.
06-20 11:20:08.767  1265 19281 I SDM     : HWCSession::PerformFenceWaits: CWB fence queue is empty. No pending release fence to wait on.
06-20 11:20:08.802 10241 12244 I CCodecBufferChannel: pipelineRoom(2) is <= numClientBuffers(3). Not signalling any more buffers to client
06-20 11:20:08.803 10241 18906 I CCodecBufferChannel: pipelineRoom(2) is <= numClientBuffers(2). Not signalling any more buffers to client
06-20 11:20:08.805 10241 12244 I CCodecBufferChannel: pipelineRoom(1) is <= numClientBuffers(1). Not signalling any more buffers to client
06-20 11:20:08.888  2018  3127 D libsensor-displayalgo: the value of  brightness:438.000000,R:74639659.936520,G:74757809.984825,B:74695989.632311,EVENT_C:7211.500000,EVENT_R:2808.500000,EVENT_G:3638.500000,EVENT_B:1470.000000
06-20 11:20:08.888  2018  3127 I libsensor-displayalgo: the value of  Coef1:1107.681000,Coef4:2.383000, scale1:0.935522, scale4:0.923264
06-20 11:20:08.888  2018  3127 E libsensor-displayalgo: RGB_test_0407_400_oldzy!
06-20 11:20:08.888  2018  3127 I libsensor-displayalgo: the value of  RESULT3046.542378,1203.064213,1478.956112,552.014898
06-20 11:20:08.888  2018  3127 I libsensor-displayalgo: the value of  getChannelDataCalibrated3194.133368,1114.269349,1718.996869,602.487115
06-20 11:20:08.888  2018  3127 I libsensor-displayalgo: the value of  REAL LUX236.513443
06-20 11:20:08.888  2018  3127 I libsensor-displayalgo: the value of  CAL REAL LUX236.513443
06-20 11:20:08.942  2431  2939 D MIUIInput: [MotionEvent] notifyMotion - eventTime=371198169276000, deviceId=8, source=0x1002, policyFlags=0x0, action=0x0, flags=0x0, downTime=371198169276000, moveCount:0
06-20 11:20:08.943  2431  2938 D MIUIInput: [MotionEvent] publisher action=0x4, 371198169, channel '7c87e50 NavigationBar0 (server)'
06-20 11:20:08.943  2431  2938 D MIUIInput: [MotionEvent] publisher action=0x0, 371198169, channel 'ac4ec2b cn.missevan/cn.missevan.activity.MainActivity (server)'
06-20 11:20:08.944 10027 10027 D MIUIInput: [MotionEvent] ViewRootImpl windowName 'cn.missevan/cn.missevan.activity.MainActivity', { action=ACTION_DOWN, id[0]=0, pointerCount=1, eventTime=371198169, downTime=371198169, phoneEventTime=11:20:08.942 } moveCount:0
06-20 11:20:08.991  2431  2939 D MIUIInput: [MotionEvent] notifyMotion - eventTime=371198218677000, deviceId=8, source=0x1002, policyFlags=0x0, action=0x1, flags=0x0, downTime=371198169276000, moveCount:0
06-20 11:20:08.992  2431  2938 D MIUIInput: [MotionEvent] publisher action=0x1, 371198218, channel 'ac4ec2b cn.missevan/cn.missevan.activity.MainActivity (server)'
06-20 11:20:08.993 10027 10027 D MIUIInput: [MotionEvent] ViewRootImpl windowName 'cn.missevan/cn.missevan.activity.MainActivity', { action=ACTION_UP, id[0]=0, pointerCount=1, eventTime=371198218, downTime=371198169, phoneEventTime=11:20:08.991 } moveCount:0
06-20 11:20:09.054  1265  2358 I vendor.qti.hardware.display.composer-service: FrameNotifyProcess Sensor: notify citsensorservice to trigger cwb
06-20 11:20:09.055  2018  7182 I libcitsensorservice@2.0-impl: msg_transfer
06-20 11:20:09.055  2018  3098 D vendor.xiaomi.sensor.citsensorservice@2.0-service: handle id:9 wxh:1280x2400 uwxuh:1080x2400 size: 9216000 fd:15 fd_meta:16 flags:0x4000228 usage:0x33  format:0x3 layer_count: 1
06-20 11:20:09.055  1265  1887 I SDM     : HWCSession::SetCWBOutputBuffer: CWB config passed by cwb_client : tappoint 1  CWB_ROI : (829.000000 4.000000 915.000000 90.000000)
06-20 11:20:09.056  1265 19282 I SDM     : HWCSession::ProcessRequests: Successfully configured CWB buffer.
06-20 11:20:09.065  1265 19282 I SDM     : HWCSession::ProcessRequests: Pushing release fence in fenece wait queue.
06-20 11:20:09.065  1265 19282 I SDM     : HWCSession::ProcessRequests: Creating AsyncFenceWaits async thread.
06-20 11:20:09.065  1265 19282 I SDM     : HWCSession::ProcessRequests: Remove current CWB request from the pending request queue.
06-20 11:20:09.065  1265 19282 I SDM     : HWCSession::ProcessRequests: No pending cwb requests found in the queue.
06-20 11:20:09.073  1265  1584 I SDM     : HWDeviceDRM::SetupConcurrentWriteback: Tear down the Concurrent Writeback topology
06-20 11:20:09.079  1265 19283 I SDM     : HWCSession::NotifyCWBStatus: Notify the client about buffer status 0.
06-20 11:20:09.080  1265 19283 I SDM     : HWCSession::PerformFenceWaits: Remove current release fence from the pending fence wait queue.
06-20 11:20:09.080  1265 19283 I SDM     : HWCSession::PerformFenceWaits: CWB fence queue is empty. No pending release fence to wait on.
06-20 11:20:09.082 31630 31630 I HandWritingStubImpl: isKeyboardTypeChanged: false
06-20 11:20:09.188  2018  3127 D libsensor-displayalgo: the value of  brightness:438.000000,R:77296384.557271,G:77297133.237939,B:77313059.061408,EVENT_C:7226.000000,EVENT_R:2811.000000,EVENT_G:3643.000000,EVENT_B:1471.500000
06-20 11:20:09.189  2018  3127 I libsensor-displayalgo: the value of  Coef1:1107.681000,Coef4:2.383000, scale1:0.935522, scale4:0.923264
06-20 11:20:09.189  2018  3127 E libsensor-displayalgo: RGB_test_0407_400_oldzy!
06-20 11:20:09.189  2018  3127 I libsensor-displayalgo: the value of  RESULT3116.697536,1231.266004,1510.266625,565.233393
06-20 11:20:09.189  2018  3127 I libsensor-displayalgo: the value of  getChannelDataCalibrated3267.687221,1140.389644,1755.389210,616.914213
06-20 11:20:09.189  2018  3127 I libsensor-displayalgo: the value of  REAL LUX232.835297
06-20 11:20:09.189  2018  3127 I libsensor-displayalgo: the value of  CAL REAL LUX232.835297
06-20 11:20:09.340 10241 12244 I CCodecBufferChannel: pipelineRoom(1) is <= numClientBuffers(2). Not signalling any more buffers to client
06-20 11:20:09.340 10241 18906 I CCodecBufferChannel: pipelineRoom(1) is <= numClientBuffers(1). Not signalling any more buffers to client
06-20 11:20:09.360  1265  2358 I vendor.qti.hardware.display.composer-service: FrameNotifyProcess Sensor: notify citsensorservice to trigger cwb
06-20 11:20:09.361  2018  7182 I libcitsensorservice@2.0-impl: msg_transfer
06-20 11:20:09.361  2018  3098 D vendor.xiaomi.sensor.citsensorservice@2.0-service: handle id:9 wxh:1280x2400 uwxuh:1080x2400 size: 9216000 fd:15 fd_meta:16 flags:0x4000228 usage:0x33  format:0x3 layer_count: 1
06-20 11:20:09.362  1265  1887 I SDM     : HWCSession::SetCWBOutputBuffer: CWB config passed by cwb_client : tappoint 1  CWB_ROI : (829.000000 4.000000 915.000000 90.000000)
06-20 11:20:09.362  1265 19285 I SDM     : HWCSession::ProcessRequests: Successfully configured CWB buffer.
06-20 11:20:09.363  5809 18911 I SafeBinderCall: onPositionChange binder cost:1
06-20 11:20:09.363  4233  4233 D MiPlayDetailViewModel: onPositionChange(): position = 36983
06-20 11:20:09.367 10027 10037 I cn.missevan: This is sticky GC, maxfree is 8388608 minfree is 2097152
06-20 11:20:09.370  1265 19285 I SDM     : HWCSession::ProcessRequests: Pushing release fence in fenece wait queue.
06-20 11:20:09.370  1265 19285 I SDM     : HWCSession::ProcessRequests: Creating AsyncFenceWaits async thread.
06-20 11:20:09.370  1265 19285 I SDM     : HWCSession::ProcessRequests: Remove current CWB request from the pending request queue.
06-20 11:20:09.370  1265 19285 I SDM     : HWCSession::ProcessRequests: No pending cwb requests found in the queue.
06-20 11:20:09.371 10027 10039 W System  : A resource failed to call close.
06-20 11:20:09.376  1265  1584 I SDM     : HWDeviceDRM::SetupConcurrentWriteback: Tear down the Concurrent Writeback topology
06-20 11:20:09.384  1265 19286 I SDM     : HWCSession::NotifyCWBStatus: Notify the client about buffer status 0.
06-20 11:20:09.385  1265 19286 I SDM     : HWCSession::PerformFenceWaits: Remove current release fence from the pending fence wait queue.
06-20 11:20:09.385  1265 19286 I SDM     : HWCSession::PerformFenceWaits: CWB fence queue is empty. No pending release fence to wait on.
06-20 11:20:09.445 10241 12244 I CCodecBufferChannel: pipelineRoom(2) is <= numClientBuffers(3). Not signalling any more buffers to client
06-20 11:20:09.446 10241 18906 I CCodecBufferChannel: pipelineRoom(2) is <= numClientBuffers(2). Not signalling any more buffers to client
06-20 11:20:09.449 10241 12244 I CCodecBufferChannel: pipelineRoom(2) is <= numClientBuffers(3). Not signalling any more buffers to client
06-20 11:20:09.450 10241 18906 I CCodecBufferChannel: pipelineRoom(2) is <= numClientBuffers(2). Not signalling any more buffers to client
06-20 11:20:09.488  2018  3127 D libsensor-displayalgo: the value of  brightness:438.000000,R:77296384.557271,G:77297133.237939,B:77313059.061408,EVENT_C:7321.500000,EVENT_R:2842.000000,EVENT_G:3691.000000,EVENT_B:1494.000000
06-20 11:20:09.488  2018  3127 I libsensor-displayalgo: the value of  Coef1:1107.681000,Coef4:2.383000, scale1:0.935522, scale4:0.923264
06-20 11:20:09.488  2018  3127 E libsensor-displayalgo: RGB_test_0407_400_oldzy!
06-20 11:20:09.488  2018  3127 I libsensor-displayalgo: the value of  RESULT3116.697536,1231.266004,1510.266625,565.233393
06-20 11:20:09.488  2018  3127 I libsensor-displayalgo: the value of  getChannelDataCalibrated3267.687221,1140.389644,1755.389210,616.914213
06-20 11:20:09.488  2018  3127 I libsensor-displayalgo: the value of  REAL LUX238.762634
06-20 11:20:09.488  2018  3127 I libsensor-displayalgo: the value of  CAL REAL LUX238.762634
06-20 11:20:09.574 10241 12244 I CCodecBufferChannel: pipelineRoom(1) is <= numClientBuffers(2). Not signalling any more buffers to client
06-20 11:20:09.575 10241 18906 I CCodecBufferChannel: pipelineRoom(1) is <= numClientBuffers(1). Not signalling any more buffers to client
06-20 11:20:09.577 10241 12244 I CCodecBufferChannel: pipelineRoom(1) is <= numClientBuffers(1). Not signalling any more buffers to client
06-20 11:20:09.579 10241 18906 I CCodecBufferChannel: pipelineRoom(2) is <= numClientBuffers(2). Not signalling any more buffers to client
06-20 11:20:09.610 31630 31630 I HandWritingStubImpl: isKeyboardTypeChanged: false
06-20 11:20:09.682  1265  2358 I vendor.qti.hardware.display.composer-service: FrameNotifyProcess Sensor: notify citsensorservice to trigger cwb
06-20 11:20:09.684  2018  2018 I libcitsensorservice@2.0-impl: msg_transfer
06-20 11:20:09.685  2018  3098 D vendor.xiaomi.sensor.citsensorservice@2.0-service: handle id:9 wxh:1280x2400 uwxuh:1080x2400 size: 9216000 fd:15 fd_meta:16 flags:0x4000228 usage:0x33  format:0x3 layer_count: 1
06-20 11:20:09.686  1265  1887 I SDM     : HWCSession::SetCWBOutputBuffer: CWB config passed by cwb_client : tappoint 1  CWB_ROI : (829.000000 4.000000 915.000000 90.000000)
06-20 11:20:09.688  1265 19287 I SDM     : HWCSession::ProcessRequests: Successfully configured CWB buffer.
06-20 11:20:09.693  1265 19287 I SDM     : HWCSession::ProcessRequests: Pushing release fence in fenece wait queue.
06-20 11:20:09.693  1265 19287 I SDM     : HWCSession::ProcessRequests: Creating AsyncFenceWaits async thread.
06-20 11:20:09.694  1265 19287 I SDM     : HWCSession::ProcessRequests: Remove current CWB request from the pending request queue.
06-20 11:20:09.694  1265 19287 I SDM     : HWCSession::ProcessRequests: No pending cwb requests found in the queue.
06-20 11:20:09.698 10241 12244 I CCodecBufferChannel: pipelineRoom(2) is <= numClientBuffers(3). Not signalling any more buffers to client
06-20 11:20:09.698  1265  1584 I SDM     : HWDeviceDRM::SetupConcurrentWriteback: Tear down the Concurrent Writeback topology
06-20 11:20:09.699 10241 18906 I CCodecBufferChannel: pipelineRoom(2) is <= numClientBuffers(2). Not signalling any more buffers to client
06-20 11:20:09.705  1265 19288 I SDM     : HWCSession::NotifyCWBStatus: Notify the client about buffer status 0.
06-20 11:20:09.706  1265 19288 I SDM     : HWCSession::PerformFenceWaits: Remove current release fence from the pending fence wait queue.
06-20 11:20:09.706  1265 19288 I SDM     : HWCSession::PerformFenceWaits: CWB fence queue is empty. No pending release fence to wait on.
06-20 11:20:09.776 10241 12244 I CCodecBufferChannel: pipelineRoom(1) is <= numClientBuffers(2). Not signalling any more buffers to client
06-20 11:20:09.777 10241 18906 I CCodecBufferChannel: pipelineRoom(1) is <= numClientBuffers(1). Not signalling any more buffers to client
06-20 11:20:09.789  2018  3127 D libsensor-displayalgo: the value of  brightness:438.000000,R:77296384.557271,G:77297133.237939,B:77313059.061408,EVENT_C:7316.000000,EVENT_R:2841.000000,EVENT_G:3693.500000,EVENT_B:1493.500000
06-20 11:20:09.789  2018  3127 I libsensor-displayalgo: the value of  Coef1:1107.681000,Coef4:2.383000, scale1:0.935522, scale4:0.923264
06-20 11:20:09.789  2018  3127 E libsensor-displayalgo: RGB_test_0407_400_oldzy!
06-20 11:20:09.790  2018  3127 I libsensor-displayalgo: the value of  RESULT3116.697536,1231.266004,1510.266625,565.233393
06-20 11:20:09.790  2018  3127 I libsensor-displayalgo: the value of  getChannelDataCalibrated3267.687221,1140.389644,1755.389210,616.914213
06-20 11:20:09.790  2018  3127 I libsensor-displayalgo: the value of  REAL LUX238.566528
06-20 11:20:09.790  2018  3127 I libsensor-displayalgo: the value of  CAL REAL LUX238.566528
06-20 11:20:09.884 10241 18906 D BufferPoolAccessor2.0: bufferpool2 0x7133a67428 : 5(40960 size) total buffers - 1(8192 size) used buffers - 1630/1635 (recycle/alloc) - 7/1634 (fetch/transfer)
06-20 11:20:09.890  1949 18908 D BufferPoolAccessor2.0: bufferpool2 0xb400007b85e3a828 : 4(16384 size) total buffers - 1(4096 size) used buffers - 1627/1631 (recycle/alloc) - 5/1630 (fetch/transfer)
06-20 11:20:09.891 10241 18906 I CCodecBufferChannel: pipelineRoom(2) is <= numClientBuffers(2). Not signalling any more buffers to client
06-20 11:20:09.894 10241 12244 I CCodecBufferChannel: pipelineRoom(2) is <= numClientBuffers(3). Not signalling any more buffers to client
06-20 11:20:09.895 10241 18906 I CCodecBufferChannel: pipelineRoom(2) is <= numClientBuffers(2). Not signalling any more buffers to client
06-20 11:20:09.994  1265  2358 I vendor.qti.hardware.display.composer-service: FrameNotifyProcess Sensor: notify citsensorservice to trigger cwb
06-20 11:20:09.995  2018  7182 I libcitsensorservice@2.0-impl: msg_transfer
06-20 11:20:09.996  2018  3098 D vendor.xiaomi.sensor.citsensorservice@2.0-service: handle id:9 wxh:1280x2400 uwxuh:1080x2400 size: 9216000 fd:15 fd_meta:16 flags:0x4000228 usage:0x33  format:0x3 layer_count: 1
06-20 11:20:09.998  1265  1887 I SDM     : HWCSession::SetCWBOutputBuffer: CWB config passed by cwb_client : tappoint 1  CWB_ROI : (829.000000 4.000000 915.000000 90.000000)
06-20 11:20:10.001  1265 19289 I SDM     : HWCSession::ProcessRequests: Successfully configured CWB buffer.
06-20 11:20:10.007 10241 12244 I CCodecBufferChannel: pipelineRoom(2) is <= numClientBuffers(3). Not signalling any more buffers to client
06-20 11:20:10.008 10241 18906 I CCodecBufferChannel: pipelineRoom(2) is <= numClientBuffers(2). Not signalling any more buffers to client
06-20 11:20:10.013  1265 19289 I SDM     : HWCSession::ProcessRequests: Pushing release fence in fenece wait queue.
06-20 11:20:10.013  1265 19289 I SDM     : HWCSession::ProcessRequests: Creating AsyncFenceWaits async thread.
06-20 11:20:10.013  1265 19289 I SDM     : HWCSession::ProcessRequests: Remove current CWB request from the pending request queue.
06-20 11:20:10.013  1265 19289 I SDM     : HWCSession::ProcessRequests: No pending cwb requests found in the queue.
06-20 11:20:10.018  1265  1584 I SDM     : HWDeviceDRM::SetupConcurrentWriteback: Tear down the Concurrent Writeback topology
06-20 11:20:10.026  1265 19290 I SDM     : HWCSession::NotifyCWBStatus: Notify the client about buffer status 0.
06-20 11:20:10.026  1265 19290 I SDM     : HWCSession::PerformFenceWaits: Remove current release fence from the pending fence wait queue.
06-20 11:20:10.026  1265 19290 I SDM     : HWCSession::PerformFenceWaits: CWB fence queue is empty. No pending release fence to wait on.
06-20 11:20:10.088  2018  3127 D libsensor-displayalgo: the value of  brightness:438.000000,R:77296384.557271,G:77297133.237939,B:77313059.061408,EVENT_C:7323.000000,EVENT_R:2843.000000,EVENT_G:3692.500000,EVENT_B:1492.500000
06-20 11:20:10.089  2018  3127 I libsensor-displayalgo: the value of  Coef1:1107.681000,Coef4:2.383000, scale1:0.935522, scale4:0.923264
06-20 11:20:10.089  2018  3127 E libsensor-displayalgo: RGB_test_0407_400_oldzy!
06-20 11:20:10.090  2018  3127 I libsensor-displayalgo: the value of  RESULT3116.697536,1231.266004,1510.266625,565.233393
06-20 11:20:10.090  2018  3127 I libsensor-displayalgo: the value of  getChannelDataCalibrated3267.687221,1140.389644,1755.389210,616.914213
06-20 11:20:10.090  2018  3127 I libsensor-displayalgo: the value of  REAL LUX239.020920
06-20 11:20:10.090  2018  3127 I libsensor-displayalgo: the value of  CAL REAL LUX239.020920
06-20 11:20:10.128 10241 12244 I CCodecBufferChannel: pipelineRoom(2) is <= numClientBuffers(3). Not signalling any more buffers to client
06-20 11:20:10.129 10241 18906 I CCodecBufferChannel: pipelineRoom(2) is <= numClientBuffers(2). Not signalling any more buffers to client
06-20 11:20:10.144 31630 31630 I HandWritingStubImpl: isKeyboardTypeChanged: false
06-20 11:20:10.218 10241 12244 I CCodecBufferChannel: pipelineRoom(2) is <= numClientBuffers(3). Not signalling any more buffers to client
06-20 11:20:10.218 10241 18906 I CCodecBufferChannel: pipelineRoom(2) is <= numClientBuffers(2). Not signalling any more buffers to client
06-20 11:20:10.298  1265  2358 I vendor.qti.hardware.display.composer-service: FrameNotifyProcess Sensor: notify citsensorservice to trigger cwb
06-20 11:20:10.298  2018  2111 I libcitsensorservice@2.0-impl: msg_transfer
06-20 11:20:10.299  2018  3098 D vendor.xiaomi.sensor.citsensorservice@2.0-service: handle id:9 wxh:1280x2400 uwxuh:1080x2400 size: 9216000 fd:15 fd_meta:16 flags:0x4000228 usage:0x33  format:0x3 layer_count: 1
06-20 11:20:10.299  1265  1887 I SDM     : HWCSession::SetCWBOutputBuffer: CWB config passed by cwb_client : tappoint 1  CWB_ROI : (829.000000 4.000000 915.000000 90.000000)
06-20 11:20:10.305  1265 19291 I SDM     : HWCSession::ProcessRequests: Successfully configured CWB buffer.
06-20 11:20:10.317  1265 19291 I SDM     : HWCSession::ProcessRequests: Pushing release fence in fenece wait queue.
06-20 11:20:10.317  1265 19291 I SDM     : HWCSession::ProcessRequests: Creating AsyncFenceWaits async thread.
06-20 11:20:10.318  1265 19291 I SDM     : HWCSession::ProcessRequests: Remove current CWB request from the pending request queue.
06-20 11:20:10.318  1265 19291 I SDM     : HWCSession::ProcessRequests: No pending cwb requests found in the queue.
06-20 11:20:10.324  1265  1584 I SDM     : HWDeviceDRM::SetupConcurrentWriteback: Tear down the Concurrent Writeback topology
06-20 11:20:10.330  1265 19292 I SDM     : HWCSession::NotifyCWBStatus: Notify the client about buffer status 0.
06-20 11:20:10.330  1265 19292 I SDM     : HWCSession::PerformFenceWaits: Remove current release fence from the pending fence wait queue.
06-20 11:20:10.330  1265 19292 I SDM     : HWCSession::PerformFenceWaits: CWB fence queue is empty. No pending release fence to wait on.
06-20 11:20:10.334 10241 12244 I CCodecBufferChannel: pipelineRoom(1) is <= numClientBuffers(2). Not signalling any more buffers to client
06-20 11:20:10.335 10241 18906 I CCodecBufferChannel: pipelineRoom(1) is <= numClientBuffers(1). Not signalling any more buffers to client
06-20 11:20:10.335 10241 12244 I CCodecBufferChannel: pipelineRoom(1) is <= numClientBuffers(1). Not signalling any more buffers to client
06-20 11:20:10.335 10241 12244 I CCodecBufferChannel: pipelineRoom(1) is <= numClientBuffers(1). Not signalling any more buffers to client
06-20 11:20:10.338 10241 18906 I CCodecBufferChannel: pipelineRoom(2) is <= numClientBuffers(2). Not signalling any more buffers to client
06-20 11:20:10.363  4233  4233 D MiPlayDetailViewModel: onPositionChange(): position = 37983
06-20 11:20:10.363  5809 18911 I SafeBinderCall: onPositionChange binder cost:1
06-20 11:20:10.389  2018  3127 D libsensor-displayalgo: the value of  brightness:438.000000,R:77296384.557271,G:77297133.237939,B:77313059.061408,EVENT_C:7309.500000,EVENT_R:2840.000000,EVENT_G:3689.500000,EVENT_B:1491.500000
06-20 11:20:10.390  2018  3127 I libsensor-displayalgo: the value of  Coef1:1107.681000,Coef4:2.383000, scale1:0.935522, scale4:0.923264
06-20 11:20:10.390  2018  3127 E libsensor-displayalgo: RGB_test_0407_400_oldzy!
06-20 11:20:10.391  2018  3127 I libsensor-displayalgo: the value of  RESULT3116.697536,1231.266004,1510.266625,565.233393
06-20 11:20:10.391  2018  3127 I libsensor-displayalgo: the value of  getChannelDataCalibrated3267.687221,1140.389644,1755.389210,616.914213
06-20 11:20:10.391  2018  3127 I libsensor-displayalgo: the value of  REAL LUX238.125992
06-20 11:20:10.392  2018  3127 I libsensor-displayalgo: the value of  CAL REAL LUX238.125992
06-20 11:20:10.399  5405  9716 D SLM-SRV-SLAService: checktemp temperature = 33695 temperature_average = 33399 isPerformanceMode = false thermal_enable_slm = true
06-20 11:20:10.565 10241 12244 I CCodecBufferChannel: pipelineRoom(2) is <= numClientBuffers(3). Not signalling any more buffers to client
06-20 11:20:10.567 10241 18906 I CCodecBufferChannel: pipelineRoom(2) is <= numClientBuffers(2). Not signalling any more buffers to client
06-20 11:20:10.572 10241 12244 I CCodecBufferChannel: pipelineRoom(2) is <= numClientBuffers(3). Not signalling any more buffers to client
06-20 11:20:10.572 10241 18906 I CCodecBufferChannel: pipelineRoom(2) is <= numClientBuffers(2). Not signalling any more buffers to client
06-20 11:20:10.602  1265  2358 I vendor.qti.hardware.display.composer-service: FrameNotifyProcess Sensor: notify citsensorservice to trigger cwb
06-20 11:20:10.603  2018  2111 I libcitsensorservice@2.0-impl: msg_transfer
06-20 11:20:10.603  2018  3098 D vendor.xiaomi.sensor.citsensorservice@2.0-service: handle id:9 wxh:1280x2400 uwxuh:1080x2400 size: 9216000 fd:15 fd_meta:16 flags:0x4000228 usage:0x33  format:0x3 layer_count: 1
06-20 11:20:10.605  1265  1887 I SDM     : HWCSession::SetCWBOutputBuffer: CWB config passed by cwb_client : tappoint 1  CWB_ROI : (829.000000 4.000000 915.000000 90.000000)
06-20 11:20:10.606  1265 19294 I SDM     : HWCSession::ProcessRequests: Successfully configured CWB buffer.
06-20 11:20:10.614  1265 19294 I SDM     : HWCSession::ProcessRequests: Pushing release fence in fenece wait queue.
06-20 11:20:10.614  1265 19294 I SDM     : HWCSession::ProcessRequests: Creating AsyncFenceWaits async thread.
06-20 11:20:10.614  1265 19294 I SDM     : HWCSession::ProcessRequests: Remove current CWB request from the pending request queue.
06-20 11:20:10.614  1265 19294 I SDM     : HWCSession::ProcessRequests: No pending cwb requests found in the queue.
06-20 11:20:10.619  1265  1584 I SDM     : HWDeviceDRM::SetupConcurrentWriteback: Tear down the Concurrent Writeback topology
06-20 11:20:10.626  1265 19295 I SDM     : HWCSession::NotifyCWBStatus: Notify the client about buffer status 0.
06-20 11:20:10.627  1265 19295 I SDM     : HWCSession::PerformFenceWaits: Remove current release fence from the pending fence wait queue.
06-20 11:20:10.627  1265 19295 I SDM     : HWCSession::PerformFenceWaits: CWB fence queue is empty. No pending release fence to wait on.
06-20 11:20:10.674 10241 12238 D CCodecBufferChannel: [c2.android.aac.decoder#246] DEBUG: elapsed: n=6 [in=0 pipeline=0 out=2]
06-20 11:20:10.675 10241 12238 D PipelineWatcher: DEBUG: elapsed 2 / 6
06-20 11:20:10.688 31630 31630 I HandWritingStubImpl: isKeyboardTypeChanged: false
06-20 11:20:10.689  2018  3127 D libsensor-displayalgo: the value of  brightness:438.000000,R:77296384.557271,G:77297133.237939,B:77313059.061408,EVENT_C:7355.500000,EVENT_R:2855.000000,EVENT_G:3713.000000,EVENT_B:1501.000000
06-20 11:20:10.689  2018  3127 I libsensor-displayalgo: the value of  Coef1:1107.681000,Coef4:2.383000, scale1:0.935522, scale4:0.923264
06-20 11:20:10.689  2018  3127 E libsensor-displayalgo: RGB_test_0407_400_oldzy!
06-20 11:20:10.690  2018  3127 I libsensor-displayalgo: the value of  RESULT3116.697536,1231.266004,1510.266625,565.233393
06-20 11:20:10.690  2018  3127 I libsensor-displayalgo: the value of  getChannelDataCalibrated3267.687221,1140.389644,1755.389210,616.914213
06-20 11:20:10.690  2018  3127 I libsensor-displayalgo: the value of  REAL LUX241.104401
06-20 11:20:10.690  2018  3127 I libsensor-displayalgo: the value of  CAL REAL LUX241.104401
06-20 11:20:10.771 10241 12244 I CCodecBufferChannel: pipelineRoom(2) is <= numClientBuffers(3). Not signalling any more buffers to client
06-20 11:20:10.773 10241 18906 I CCodecBufferChannel: pipelineRoom(2) is <= numClientBuffers(2). Not signalling any more buffers to client
06-20 11:20:10.773 10241 12244 I CCodecBufferChannel: pipelineRoom(2) is <= numClientBuffers(2). Not signalling any more buffers to client
06-20 11:20:10.776 10241 18906 I CCodecBufferChannel: pipelineRoom(3) is <= numClientBuffers(3). Not signalling any more buffers to client
06-20 11:20:10.884 10241 12244 I CCodecBufferChannel: pipelineRoom(2) is <= numClientBuffers(3). Not signalling any more buffers to client
06-20 11:20:10.887 10241 18906 I CCodecBufferChannel: pipelineRoom(2) is <= numClientBuffers(2). Not signalling any more buffers to client
06-20 11:20:10.887 10241 12244 I CCodecBufferChannel: pipelineRoom(2) is <= numClientBuffers(2). Not signalling any more buffers to client
06-20 11:20:10.888 10241 18906 I CCodecBufferChannel: pipelineRoom(3) is <= numClientBuffers(3). Not signalling any more buffers to client
06-20 11:20:10.906  1265  2358 I vendor.qti.hardware.display.composer-service: FrameNotifyProcess Sensor: notify citsensorservice to trigger cwb
06-20 11:20:10.906  2018  2111 I libcitsensorservice@2.0-impl: msg_transfer
06-20 11:20:10.906  2018  3098 D vendor.xiaomi.sensor.citsensorservice@2.0-service: handle id:9 wxh:1280x2400 uwxuh:1080x2400 size: 9216000 fd:15 fd_meta:16 flags:0x4000228 usage:0x33  format:0x3 layer_count: 1
06-20 11:20:10.907  1265  1887 I SDM     : HWCSession::SetCWBOutputBuffer: CWB config passed by cwb_client : tappoint 1  CWB_ROI : (829.000000 4.000000 915.000000 90.000000)
06-20 11:20:10.907  1265 19296 I SDM     : HWCSession::ProcessRequests: Successfully configured CWB buffer.
06-20 11:20:10.916  1265 19296 I SDM     : HWCSession::ProcessRequests: Pushing release fence in fenece wait queue.
06-20 11:20:10.916  1265 19296 I SDM     : HWCSession::ProcessRequests: Creating AsyncFenceWaits async thread.
06-20 11:20:10.916  1265 19296 I SDM     : HWCSession::ProcessRequests: Remove current CWB request from the pending request queue.
06-20 11:20:10.917  1265 19296 I SDM     : HWCSession::ProcessRequests: No pending cwb requests found in the queue.
06-20 11:20:10.923  1265  1584 I SDM     : HWDeviceDRM::SetupConcurrentWriteback: Tear down the Concurrent Writeback topology
06-20 11:20:10.930  1265 19297 I SDM     : HWCSession::NotifyCWBStatus: Notify the client about buffer status 0.
06-20 11:20:10.931  1265 19297 I SDM     : HWCSession::PerformFenceWaits: Remove current release fence from the pending fence wait queue.
06-20 11:20:10.931  1265 19297 I SDM     : HWCSession::PerformFenceWaits: CWB fence queue is empty. No pending release fence to wait on.
06-20 11:20:10.989  2018  3127 D libsensor-displayalgo: the value of  brightness:438.000000,R:77296384.557271,G:77297133.237939,B:77313059.061408,EVENT_C:7371.500000,EVENT_R:2861.500000,EVENT_G:3721.000000,EVENT_B:1504.500000
06-20 11:20:10.989  1930  1967 I mstatdaemon: Entering time loop
06-20 11:20:10.989  2018  3127 I libsensor-displayalgo: the value of  Coef1:1107.681000,Coef4:2.383000, scale1:0.935522, scale4:0.923264
06-20 11:20:10.989  2018  3127 E libsensor-displayalgo: RGB_test_0407_400_oldzy!
06-20 11:20:10.989  1930  1967 I mstatdaemon: t = 1687231210
06-20 11:20:10.989  1930  1967 I mstatdaemon: translated_t = 1371241210
06-20 11:20:10.989  1930  1967 I mstat_log: mstatcommitLog log_alloc() failed
06-20 11:20:10.990  2018  3127 I libsensor-displayalgo: the value of  RESULT3116.697536,1231.266004,1510.266625,565.233393
06-20 11:20:10.990  2018  3127 I libsensor-displayalgo: the value of  getChannelDataCalibrated3267.687221,1140.389644,1755.389210,616.914213
06-20 11:20:10.990  2018  3127 I libsensor-displayalgo: the value of  REAL LUX242.068237
06-20 11:20:10.990  2018  3127 I libsensor-displayalgo: the value of  CAL REAL LUX242.068237
06-20 11:20:11.002 10241 12244 I CCodecBufferChannel: pipelineRoom(2) is <= numClientBuffers(3). Not signalling any more buffers to client
