07-11 15:35:32.242  6950  6950 D VA_ActivityUtils: packageName:ComponentInfo{cn.missevan/cn.missevan.activity.MainActivity}
07-11 15:35:32.242  6950  6950 D VA_AppChangedListener: get package name by top component:cn.missevan
07-11 15:35:32.242  6950  6950 D VA_AppChangedListener: packageName:cn.missevan,current:cn.missevan
07-11 15:35:32.243 15253 15370 E NAccs.InAppConn_default:  onDataReceive type:200 dataid:-1
07-11 15:35:32.243  3005  3005 D RecentsContainer: onApplyWindowInsets, insets=WindowInsets{
07-11 15:35:32.243  3005  3005 D RecentsContainer:     statusBars=Insets{left=0, top=0, right=0, bottom=0} max=Insets{left=0, top=90, right=0, bottom=0} vis=false
07-11 15:35:32.243  3005  3005 D RecentsContainer:     navigationBars=Insets{left=0, top=0, right=0, bottom=0} max=null vis=false
07-11 15:35:32.243  3005  3005 D RecentsContainer:     =Insets{left=0, top=0, right=0, bottom=0} max=null vis=false
07-11 15:35:32.243  3005  3005 D RecentsContainer:     ime=Insets{left=0, top=0, right=0, bottom=0} max=null vis=false
07-11 15:35:32.243  3005  3005 D RecentsContainer:     systemGestures=Insets{left=0, top=90, right=0, bottom=0} max=Insets{left=0, top=90, right=0, bottom=0} vis=true
07-11 15:35:32.243  3005  3005 D RecentsContainer:     mandatorySystemGestures=Insets{left=0, top=90, right=0, bottom=0} max=Insets{left=0, top=90, right=0, bottom=0} vis=true
07-11 15:35:32.243  3005  3005 D RecentsContainer:     tappableElement=Insets{left=0, top=90, right=0, bottom=0} max=Insets{left=0, top=90, right=0, bottom=0} vis=true
07-11 15:35:32.243  3005  3005 D RecentsContainer:     displayCutout=Insets{left=0, top=90, right=0, bottom=0} max=Insets{left=0, top=90, right=0, bottom=0} vis=true
07-11 15:35:32.243  3005  3005 D RecentsContainer:     windowDecor=null max=null vis=false
07-11 15:35:32.243  3005  3005 D RecentsContainer:     cutout=DisplayCutout{insets=Rect(0, 90 - 0, 0) waterfall=Insets{left=0, top=0, right=0, bottom=0} boundingRect={Bounds=[Rect(0, 0 - 0, 0), Rect(0, 0 - 177, 90), Rect(0, 0 - 0, 0), Rect(0, 0 - 0, 0)]}}
07-11 15:35:32.243  3005  3005 D RecentsContainer:     }, rotation=0
07-11 15:35:32.244 15253 15341 I NAccs.MsgRecv_default:  onMessage host:https://umengacs.m.taobao.com
07-11 15:35:32.244 15253 15341 D NAccs.MsgRecv_default:  version:2
07-11 15:35:32.244 15253 15341 D NAccs.MsgRecv_default:  compress:0
07-11 15:35:32.244 15253 15341 D NAccs.MsgRecv_default:  totalLen:134
07-11 15:35:32.244 15253 15341 D NAccs.MsgRecv_default:  buf len:132
07-11 15:35:32.244 15253 15341 D NAccs.MsgRecv_default:  flag:e000
07-11 15:35:32.244 15253 15341 D NAccs.MsgRecv_default:  target:YBDcoH9kD04DAL3KyNHgNEPF|cn.missevan|AgooDeviceCmd|
07-11 15:35:32.244 15253 15341 D NAccs.MsgRecv_default:  source:2|AgooDeviceCmd|
07-11 15:35:32.244  1969  2406 D SlaveWifiManager: getWifiSlaveConnectionInfo
07-11 15:35:32.244 15253 15341 D NAccs.MsgRecv_default:  dataId:1657524932196.3
07-11 15:35:32.244  1969  2406 D SlaveWifiManager: getWifiSlaveConnectionInfo
07-11 15:35:32.244  1969  2406 I chatty  : uid=1000(system) ConnectivitySer identical 4 lines
07-11 15:35:32.244  1969  2406 D SlaveWifiManager: getWifiSlaveConnectionInfo
07-11 15:35:32.244 15253 15341 D NAccs.MsgRecv_default:  extHeaderLen:0
07-11 15:35:32.244  1969  2406 D SlaveWifiManager: getWifiSlaveConnectionInfo
07-11 15:35:32.244  1969  2406 I chatty  : uid=1000(system) ConnectivitySer identical 4 lines
07-11 15:35:32.244  1969  2406 D SlaveWifiManager: getWifiSlaveConnectionInfo
07-11 15:35:32.244 15253 15341 D NAccs.MsgRecv_default:  oriData:[B@4184703
07-11 15:35:32.244  1969  2406 D SlaveWifiManager: getWifiSlaveConnectionInfo
07-11 15:35:32.244  1969  2406 I chatty  : uid=1000(system) ConnectivitySer identical 9 lines
07-11 15:35:32.244  1969  2406 D SlaveWifiManager: getWifiSlaveConnectionInfo
07-11 15:35:32.244 15253 15341 E NAccs.MsgRecv_default:  handleMessage dataId:1657524932196.3 type:DATA reqType:RES resType:NO_ACK target:YBDcoH9kD04DAL3KyNHgNEPF|cn.missevan|AgooDeviceCmd|
07-11 15:35:32.246 15253 15341 D NAccs.MsgRecv_default:  handleMessage reqMessage not null
07-11 15:35:32.246 15253 15341 D NAccs.MsgRecv_default:  onResult command:100 erorcode:200
07-11 15:35:32.246 15253 15341 E NAccs.MsgDistribute:  distribute ready action:com.taobao.accs.intent.action.RECEIVE dataId:1657524932196.3 serviceId:AgooDeviceCmd
07-11 15:35:32.246 15253 15341 D NAccs.MsgDistribute:  distribute start appkey:umeng:546d7dd7fd98c58fc800082c config:default
07-11 15:35:32.246 15253 15341 D NAccs.MsgDistribute:  handleControlMsg configTag:default dataId:1657524932196.3 serviceId:AgooDeviceCmd command:100 errorCode:200 appReceiver:
07-11 15:35:32.247 15253 15341 E NAccs.MsgDistribute:  handleBusinessMsg start dataId:1657524932196.3 serviceId:AgooDeviceCmd command:100 t1:0 t2:0 t3:0 t4:0 t5:0 t6:0
07-11 15:35:32.247 15253 15341 E NAccs.MsgDistribute:  handleBusinessMsg start dataId:1657524932196.3 serviceId:AgooDeviceCmd command:100
07-11 15:35:32.247 15253 15341 E NAccs.MsgDistribute:  handleBusinessMsg getListener not null
07-11 15:35:32.247 15253 15341 E NAccs.a :  onReceiveData dataId:1657524932196.3 serviceId:AgooDeviceCmd command:100 className:com.taobao.agoo.a.b
07-11 15:35:32.247 15253 15253 E NAccs.a :  onResponse start dataId:1657524932196.3 serviceId:AgooDeviceCmd
07-11 15:35:32.247 15253 15253 I NAccs.RequestListener:  RequestListener onResponse dataId:1657524932196.3 listener:com.umeng.message.proguard.p$4@34b5680 json:{"resultCode":"success","cmd":"enablePush"}
07-11 15:35:32.248 15253 15253 D UPush   : push enable success.
07-11 15:35:32.248 15253 15253 I UPush.UMJobIntentService: --->>> enqueueWork, cls is com.umeng.message.UmengMessageCallbackHandlerService
07-11 15:35:32.248 15253 15253 I UPush.UMJobIntentService: cls jobId is 21000
07-11 15:35:32.249 14302 14302 D IMEBottomManager: onGlobalLayout..
07-11 15:35:32.249 14302 14302 I IMEBottomManager: rootViewHeight : 90 fullScreenHeight:90 inputAreaHeight:0 miuiBottomHeight:164
07-11 15:35:32.249 14302 14302 I IMEBottomManager: heightLeftForMIUI 0
07-11 15:35:32.249 14302 14302 I IMEBottomManager: bottomAreaParams.bottomMargin 0
07-11 15:35:32.249 14302 14302 I IMEBottomManager: fullScreenArea New Height -74
07-11 15:35:32.249 14302 14302 E IMEBottomManager: fullScreenAreaNewHeight is error. -74
07-11 15:35:32.251  1000  1000 D CompositionEngine: writeOutputDependentGeometryStateToHWC layer[cn.missevan/cn.missevan.activity.MainActivity#0] set Z 134217728 miFodLayer 134217728
07-11 15:35:32.251  1000  1000 D CompositionEngine: writeOutputDependentGeometryStateToHWC layer[Splash Screen cn.missevan#0] set Z 134217729 miFodLayer 134217728
07-11 15:35:32.251  1000  1000 D CompositionEngine: writeOutputDependentGeometryStateToHWC layer[#0] set Z 134217730 miFodLayer 134217728
07-11 15:35:32.251  1000  1000 D CompositionEngine: writeOutputDependentGeometryStateToHWC layer[StatusBar#0] set Z 134217731 miFodLayer 134217728
07-11 15:35:32.251  1000  1000 D CompositionEngine: writeOutputDependentGeometryStateToHWC layer[RoundCorner#0] set Z 134217732 miFodLayer 134217728
07-11 15:35:32.251  1000  1000 D CompositionEngine: writeOutputDependentGeometryStateToHWC layer[RoundCorner#1] set Z 134217733 miFodLayer 134217728
07-11 15:35:32.251  7515  7515 W PushService: [Tid:2] onStart() with intent.Action = null, chid = null, pkg = null|cn.missevan
07-11 15:35:32.252  1969  1983 D CompatibilityInfo: mCompatibilityFlags - 0
07-11 15:35:32.252  1969  1983 D CompatibilityInfo: applicationDensity - 440
07-11 15:35:32.252  1969  1983 D CompatibilityInfo: applicationScale - 1.0
07-11 15:35:32.252 15253 15253 E NAccs.a :  onResponse end dataId:1657524932196.3
07-11 15:35:32.256 15253 15402 I UPush.MsgCallback: action: com.umeng.message.enablecallback.action
07-11 15:35:32.256 15253 15402 I UPush.MsgCallback: push open status:true
07-11 15:35:32.261  1000  1000 D CompositionEngine: writeOutputDependentGeometryStateToHWC layer[cn.missevan/cn.missevan.activity.MainActivity#0] set Z 134217728 miFodLayer 134217728
07-11 15:35:32.261  1000  1000 D CompositionEngine: writeOutputDependentGeometryStateToHWC layer[Splash Screen cn.missevan#0] set Z 134217729 miFodLayer 134217728
07-11 15:35:32.261  1000  1000 D CompositionEngine: writeOutputDependentGeometryStateToHWC layer[#0] set Z 134217730 miFodLayer 134217728
07-11 15:35:32.261  1000  1000 D CompositionEngine: writeOutputDependentGeometryStateToHWC layer[StatusBar#0] set Z 134217731 miFodLayer 134217728
07-11 15:35:32.261  1000  1000 D CompositionEngine: writeOutputDependentGeometryStateToHWC layer[RoundCorner#0] set Z 134217732 miFodLayer 134217728
07-11 15:35:32.261  1000  1000 D CompositionEngine: writeOutputDependentGeometryStateToHWC layer[RoundCorner#1] set Z 134217733 miFodLayer 134217728
07-11 15:35:32.262 15253 15407 E mcssdk---: MCS-->isExistPackage NameNotFoundException:com.coloros.mcs
07-11 15:35:32.262 15253 15407 I NAccs.OppoPush:  not support oppo push
07-11 15:35:32.265 15253 15510 W XMPush-15253: [Tid:12316] sdk_version = 4_9_1
07-11 15:35:32.265 15253 15510 V XMPush-15253: [Tid:12316] create id manager is: 1
07-11 15:35:32.269 15253 15506 I chromium: [0711/153532.269360:INFO:httpdns.cc(234)] OnEffectiveConnectionTypeChanged called by httpdns context networks 5
07-11 15:35:32.269 15253 15407 W VivoPush.ContextDelegate: (15253)mIsFbeProject = true
07-11 15:35:32.272  1000  1000 D CompositionEngine: writeOutputDependentGeometryStateToHWC layer[cn.missevan/cn.missevan.activity.MainActivity#0] set Z 134217728 miFodLayer 134217728
07-11 15:35:32.272  1000  1000 D CompositionEngine: writeOutputDependentGeometryStateToHWC layer[Splash Screen cn.missevan#0] set Z 134217729 miFodLayer 134217728
07-11 15:35:32.272  1000  1000 D CompositionEngine: writeOutputDependentGeometryStateToHWC layer[#0] set Z 134217730 miFodLayer 134217728
07-11 15:35:32.272  1000  1000 D CompositionEngine: writeOutputDependentGeometryStateToHWC layer[StatusBar#0] set Z 134217731 miFodLayer 134217728
07-11 15:35:32.272  1000  1000 D CompositionEngine: writeOutputDependentGeometryStateToHWC layer[RoundCorner#0] set Z 134217732 miFodLayer 134217728
07-11 15:35:32.272  1000  1000 D CompositionEngine: writeOutputDependentGeometryStateToHWC layer[RoundCorner#1] set Z 134217733 miFodLayer 134217728
07-11 15:35:32.274 15253 15516 D mcssdk---: MCS-->fbeVersion is true
07-11 15:35:32.283  1000  1000 D CompositionEngine: writeOutputDependentGeometryStateToHWC layer[cn.missevan/cn.missevan.activity.MainActivity#0] set Z 134217728 miFodLayer 134217728
07-11 15:35:32.283  1000  1000 D CompositionEngine: writeOutputDependentGeometryStateToHWC layer[Splash Screen cn.missevan#0] set Z 134217729 miFodLayer 134217728
07-11 15:35:32.283  1000  1000 D CompositionEngine: writeOutputDependentGeometryStateToHWC layer[#0] set Z 134217730 miFodLayer 134217728
07-11 15:35:32.283  1000  1000 D CompositionEngine: writeOutputDependentGeometryStateToHWC layer[StatusBar#0] set Z 134217731 miFodLayer 134217728
07-11 15:35:32.283  1000  1000 D CompositionEngine: writeOutputDependentGeometryStateToHWC layer[RoundCorner#0] set Z 134217732 miFodLayer 134217728
07-11 15:35:32.283  1000  1000 D CompositionEngine: writeOutputDependentGeometryStateToHWC layer[RoundCorner#1] set Z 134217733 miFodLayer 134217728
07-11 15:35:32.286 15456 15456 W missevan:playe: Accessing hidden method Landroid/app/ActivityThread;->currentApplication()Landroid/app/Application; (greylist, linking, allowed)
07-11 15:35:32.291  1969  8332 D CompatibilityInfo: mCompatibilityFlags - 0
07-11 15:35:32.291  1969  8332 D CompatibilityInfo: applicationDensity - 440
07-11 15:35:32.291  1969  8332 D CompatibilityInfo: applicationScale - 1.0
07-11 15:35:32.292   953  4011 E ANDR-PERF-LM: VmRssMeter:: start() 400: Could not find pid, can not collect vmrss data
07-11 15:35:32.292   953  4011 D ANDR-PERF-LM: MetaMeter: notifyReceiver() 141: AdaptLaunch : (Id : total,started,returned) = (0,1,1,1)
07-11 15:35:32.292   953  4011 I ANDR-PERF-LM: Meter: asyncTriggerUpdate() 55:  stop notification on VmRss
07-11 15:35:32.292   953  4011 D ANDR-PERF-LM: MetaMeter: notifyReceiver() 148: AdaptLaunch : (Id : total,started,returned,state) = (0,1,0,0,0)
07-11 15:35:32.292   953  4011 D ANDR-PERF-LM: ThreadHelper: thread_callback() 162: Returned from Start:(Meter,Helper,Name,pending)=(0xb400007aa662c700,0xb400007aa6667180,AdaptLaunch VmRss,0)
07-11 15:35:32.292   953  4011 D ANDR-PERF-LM: ThreadHelper: thread_callback() 134: Waiting:(Meter,Helper,Name,pending)=(0xb400007aa662c700,0xb400007aa6667180,AdaptLaunch VmRss,0)
07-11 15:35:32.294  1000  1000 D CompositionEngine: writeOutputDependentGeometryStateToHWC layer[cn.missevan/cn.missevan.activity.MainActivity#0] set Z 134217728 miFodLayer 134217728
07-11 15:35:32.295  1000  1000 D CompositionEngine: writeOutputDependentGeometryStateToHWC layer[Splash Screen cn.missevan#0] set Z 134217729 miFodLayer 134217728
07-11 15:35:32.295  1000  1000 D CompositionEngine: writeOutputDependentGeometryStateToHWC layer[#0] set Z 134217730 miFodLayer 134217728
07-11 15:35:32.295  1000  1000 D CompositionEngine: writeOutputDependentGeometryStateToHWC layer[StatusBar#0] set Z 134217731 miFodLayer 134217728
07-11 15:35:32.295  1000  1000 D CompositionEngine: writeOutputDependentGeometryStateToHWC layer[RoundCorner#0] set Z 134217732 miFodLayer 134217728
07-11 15:35:32.295  1000  1000 D CompositionEngine: writeOutputDependentGeometryStateToHWC layer[RoundCorner#1] set Z 134217733 miFodLayer 134217728
07-11 15:35:32.301 15253 15253 D LeakCanary: Watching instance of com.umeng.message.UmengMessageCallbackHandlerService (com.umeng.message.UmengMessageCallbackHandlerService received Service#onDestroy() callback) with key 1f018b94-c226-4125-a3fb-f09428a92310
07-11 15:35:32.301  7515  7515 W PushService: [Tid:2] onStart() with intent.Action = null, chid = null, pkg = null|cn.missevan
07-11 15:35:32.306  1000  1000 D CompositionEngine: writeOutputDependentGeometryStateToHWC layer[cn.missevan/cn.missevan.activity.MainActivity#0] set Z 134217728 miFodLayer 134217728
07-11 15:35:32.306  1000  1000 D CompositionEngine: writeOutputDependentGeometryStateToHWC layer[Splash Screen cn.missevan#0] set Z 134217729 miFodLayer 134217728
07-11 15:35:32.306  1000  1000 D CompositionEngine: writeOutputDependentGeometryStateToHWC layer[#0] set Z 134217730 miFodLayer 134217728
07-11 15:35:32.306  1000  1000 D CompositionEngine: writeOutputDependentGeometryStateToHWC layer[StatusBar#0] set Z 134217731 miFodLayer 134217728
07-11 15:35:32.306  1000  1000 D CompositionEngine: writeOutputDependentGeometryStateToHWC layer[RoundCorner#0] set Z 134217732 miFodLayer 134217728
07-11 15:35:32.306  1000  1000 D CompositionEngine: writeOutputDependentGeometryStateToHWC layer[RoundCorner#1] set Z 134217733 miFodLayer 134217728
07-11 15:35:32.307 15253 15506 E chromium: [0711/153532.307452:ERROR:request.cc(346)] Error net::ERR_CONNECTION_RESET on chromium request: http://203.107.1.34/191607/resolve?host=fm.uat.missevan.com&query=4
07-11 15:35:32.308 15253 15505 E chromium: [0711/153532.308432:ERROR:response_handler.cc(47)] OnFailed net::ERR_CONNECTION_RESET
07-11 15:35:32.317  1000  1000 D CompositionEngine: writeOutputDependentGeometryStateToHWC layer[cn.missevan/cn.missevan.activity.MainActivity#0] set Z 134217728 miFodLayer 134217728
07-11 15:35:32.317  1000  1000 D CompositionEngine: writeOutputDependentGeometryStateToHWC layer[Splash Screen cn.missevan#0] set Z 134217729 miFodLayer 134217728
07-11 15:35:32.317  1000  1000 D CompositionEngine: writeOutputDependentGeometryStateToHWC layer[#0] set Z 134217730 miFodLayer 134217728
07-11 15:35:32.317  1000  1000 D CompositionEngine: writeOutputDependentGeometryStateToHWC layer[StatusBar#0] set Z 134217731 miFodLayer 134217728
07-11 15:35:32.318  1000  1000 D CompositionEngine: writeOutputDependentGeometryStateToHWC layer[RoundCorner#0] set Z 134217732 miFodLayer 134217728
07-11 15:35:32.318  1000  1000 D CompositionEngine: writeOutputDependentGeometryStateToHWC layer[RoundCorner#1] set Z 134217733 miFodLayer 134217728
07-11 15:35:32.319 15253 15402 I UPush.MessageSharedPrefs: type:user_id,alias:umeng:dev3457162,exclusive:0
07-11 15:35:32.319 15253 15506 E chromium: [0711/153532.319824:ERROR:request.cc(346)] Error net::ERR_CONNECTION_RESET on chromium request: http://203.107.1.34/191607/resolve?host=data.uat.missevan.com&query=4
07-11 15:35:32.326   953  4012 E ANDR-PERF-LM: VmRssMeter:: start() 400: Could not find pid, can not collect vmrss data
07-11 15:35:32.326   953  4012 D ANDR-PERF-LM: MetaMeter: notifyReceiver() 141: AdaptLaunch : (Id : total,started,returned) = (1,1,1,1)
07-11 15:35:32.326   953  4012 E ANDR-PERF-LM: AdaptiveLaunch: writeToDataBase() 63: Meter aborted or could not get meter data for this run
07-11 15:35:32.326   953  4012 I ANDR-PERF-LM: Meter: asyncTriggerUpdate() 55:  stop notification on VmRss
07-11 15:35:32.326   953  4012 D ANDR-PERF-LM: MetaMeter: notifyReceiver() 162: AdaptLaunch : (Id : total,started,returned,state) = (1,1,0,0,0)
07-11 15:35:32.326   953  4012 D ANDR-PERF-LM: ThreadHelper: thread_callback() 162: Returned from Start:(Meter,Helper,Name,pending)=(0xb400007aa662c8c0,0xb400007aa66672c0,AdaptLaunch VmRss,0)
07-11 15:35:32.326   953  4012 D ANDR-PERF-LM: ThreadHelper: thread_callback() 134: Waiting:(Meter,Helper,Name,pending)=(0xb400007aa662c8c0,0xb400007aa66672c0,AdaptLaunch VmRss,0)
07-11 15:35:32.329  1000  1000 D CompositionEngine: writeOutputDependentGeometryStateToHWC layer[cn.missevan/cn.missevan.activity.MainActivity#0] set Z 134217728 miFodLayer 134217728
07-11 15:35:32.329  1000  1000 D CompositionEngine: writeOutputDependentGeometryStateToHWC layer[Splash Screen cn.missevan#0] set Z 134217729 miFodLayer 134217728
07-11 15:35:32.329  1000  1000 D CompositionEngine: writeOutputDependentGeometryStateToHWC layer[#0] set Z 134217730 miFodLayer 134217728
07-11 15:35:32.329  1000  1000 D CompositionEngine: writeOutputDependentGeometryStateToHWC layer[StatusBar#0] set Z 134217731 miFodLayer 134217728
07-11 15:35:32.329  1000  1000 D CompositionEngine: writeOutputDependentGeometryStateToHWC layer[RoundCorner#0] set Z 134217732 miFodLayer 134217728
07-11 15:35:32.329  1000  1000 D CompositionEngine: writeOutputDependentGeometryStateToHWC layer[RoundCorner#1] set Z 134217733 miFodLayer 134217728
07-11 15:35:32.329 15456 15456 I SentryLog: [main] Initializing SDK with DSN: 'https://8e68e4623f6348b0b9984471d41e3e2d@sentry.missevan.com/2'
07-11 15:35:32.330 15253 15505 E chromium: [0711/153532.330728:ERROR:response_handler.cc(47)] OnFailed net::ERR_CONNECTION_RESET
07-11 15:35:32.337 15456 15456 I SentryLog: [main] GlobalHubMode: 'true'
07-11 15:35:32.340 15408 15543 W n:player.singl: Accessing hidden method Lcom/android/id/impl/IdProviderImpl;-><init>()V (greylist, reflection, allowed)
07-11 15:35:32.340 15408 15543 W n:player.singl: Accessing hidden method Lcom/android/id/impl/IdProviderImpl;->getUDID(Landroid/content/Context;)Ljava/lang/String; (greylist, reflection, allowed)
07-11 15:35:32.340 15408 15543 W n:player.singl: Accessing hidden method Lcom/android/id/impl/IdProviderImpl;->getOAID(Landroid/content/Context;)Ljava/lang/String; (greylist, reflection, allowed)
07-11 15:35:32.340 15408 15543 W n:player.singl: Accessing hidden method Lcom/android/id/impl/IdProviderImpl;->getVAID(Landroid/content/Context;)Ljava/lang/String; (greylist, reflection, allowed)
07-11 15:35:32.340 15408 15543 W n:player.singl: Accessing hidden method Lcom/android/id/impl/IdProviderImpl;->getAAID(Landroid/content/Context;)Ljava/lang/String; (greylist, reflection, allowed)
07-11 15:35:32.340  1000  1000 D CompositionEngine: writeOutputDependentGeometryStateToHWC layer[cn.missevan/cn.missevan.activity.MainActivity#0] set Z 134217728 miFodLayer 134217728
07-11 15:35:32.340 15408 15543 D IdProviderImpl: getOAID
07-11 15:35:32.340  1000  1000 D CompositionEngine: writeOutputDependentGeometryStateToHWC layer[Splash Screen cn.missevan#0] set Z 134217729 miFodLayer 134217728
07-11 15:35:32.340  1000  1000 D CompositionEngine: writeOutputDependentGeometryStateToHWC layer[#0] set Z 134217730 miFodLayer 134217728
07-11 15:35:32.340 15456 15535 D SentryLog: [pool-4-thread-1] SU isn't found on this Device.
07-11 15:35:32.340  1000  1000 D CompositionEngine: writeOutputDependentGeometryStateToHWC layer[StatusBar#0] set Z 134217731 miFodLayer 134217728
07-11 15:35:32.340  1000  1000 D CompositionEngine: writeOutputDependentGeometryStateToHWC layer[RoundCorner#0] set Z 134217732 miFodLayer 134217728
07-11 15:35:32.340  1000  1000 D CompositionEngine: writeOutputDependentGeometryStateToHWC layer[RoundCorner#1] set Z 134217733 miFodLayer 134217728
07-11 15:35:32.342 15253 15538 W XMPush-15253: [Tid:12326] (Local) begin execute onCommandResult, command=register, resultCode=0, reason=null
07-11 15:35:32.342 15253 15538 D NAccs.MiPushBroadcastReceiver:  onReceiveRegisterResult regId:Y4lRzd9sV12KyCILYDruhtTNRDewx8ZVdFoJCHJro8aWUsz/UzoWy/vAojCvd5a1
07-11 15:35:32.345 15408 15488 D SentryLog: [SentryAsyncConnection-0] Envelope sent successfully.
07-11 15:35:32.348 15408 15488 D SentryLog: [SentryAsyncConnection-0] Envelope flushed
07-11 15:35:32.349 15408 15488 D SentryLog: [SentryAsyncConnection-0] Marking envelope submission result: true
07-11 15:35:32.350 15253 15541 D VivoPush.PushClientThread: (15253)PushClientThread-handleMessage, task = c{InitCommand}
07-11 15:35:32.351  2687  9801 D CommandQueue: setStatus: setStatus: what = 0, action = upate_specail_mode, ext = Bundle[mParcelledData.dataSize=88][pkg = cn.missevan[enable_config = true
07-11 15:35:32.352  1000  1000 D CompositionEngine: writeOutputDependentGeometryStateToHWC layer[cn.missevan/cn.missevan.activity.MainActivity#0] set Z 134217728 miFodLayer 134217728
07-11 15:35:32.352  1000  1000 D CompositionEngine: writeOutputDependentGeometryStateToHWC layer[#0] set Z 134217729 miFodLayer 134217728
07-11 15:35:32.352  1000  1000 D CompositionEngine: writeOutputDependentGeometryStateToHWC layer[StatusBar#0] set Z 134217730 miFodLayer 134217728
07-11 15:35:32.352  1000  1000 D CompositionEngine: writeOutputDependentGeometryStateToHWC layer[RoundCorner#0] set Z 134217731 miFodLayer 134217728
07-11 15:35:32.352  1000  1000 D CompositionEngine: writeOutputDependentGeometryStateToHWC layer[RoundCorner#1] set Z 134217732 miFodLayer 134217728
07-11 15:35:32.353 15253 15538 V XMPush-15253: [Tid:12326] ASSEMBLE_PUSH : assemble push register
07-11 15:35:32.354 15408 15483 D SentryLog: [pool-3-thread-1] Deleted file /data/user/0/cn.missevan/cache/sentry/4c8d28cb-d7cb-41af-8269-a5a856660bd4.envelope.
07-11 15:35:32.354 15253 15538 V XMPush-15253: [Tid:12326] receive an intent from server, action=com.xiaomi.mipush.RECEIVE_MESSAGE
07-11 15:35:32.354 15253 15538 V XMPush-15253: [Tid:12326] receiving an empty message, drop
07-11 15:35:32.355 15408 15483 D SentryLog: [pool-3-thread-1] File /data/user/0/cn.missevan/cache/sentry/90a071d4-9051-4354-b82e-cba775d69804.envelope is not a File.
07-11 15:35:32.356 15408 15483 D SentryLog: [pool-3-thread-1] Finished processing cached files from /data/user/0/cn.missevan/cache/sentry
07-11 15:35:32.356 15408 15483 D SentryLog: [pool-3-thread-1] Started processing cached files from /data/user/0/cn.missevan/cache/sentry/outbox
07-11 15:35:32.357 15408 15483 D SentryLog: [pool-3-thread-1] Processing dir. /data/user/0/cn.missevan/cache/sentry/outbox
07-11 15:35:32.360 15253 15328 D MobclickAgent: 本次启动数据: 发送成功!
07-11 15:35:32.362 15253 15402 I UPush.MessageSharedPrefs: count:1
07-11 15:35:32.362  1000  1000 D CompositionEngine: writeOutputDependentGeometryStateToHWC layer[cn.missevan/cn.missevan.activity.MainActivity#0] set Z 134217728 miFodLayer 134217728
07-11 15:35:32.362 15253 15402 I UPush.MessageSharedPrefs: typeTmp:user_id,aliasTmp:umeng:dev3457162,type:user_id,alias:umeng:dev3457162
07-11 15:35:32.362  1000  1000 D CompositionEngine: writeOutputDependentGeometryStateToHWC layer[#0] set Z 134217729 miFodLayer 134217728
07-11 15:35:32.362  1000  1000 D CompositionEngine: writeOutputDependentGeometryStateToHWC layer[StatusBar#0] set Z 134217730 miFodLayer 134217728
07-11 15:35:32.362  1000  1000 D CompositionEngine: writeOutputDependentGeometryStateToHWC layer[RoundCorner#0] set Z 134217731 miFodLayer 134217728
07-11 15:35:32.362  1000  1000 D CompositionEngine: writeOutputDependentGeometryStateToHWC layer[RoundCorner#1] set Z 134217732 miFodLayer 134217728
07-11 15:35:32.362 15408 15483 D SentryLog: [pool-3-thread-1] Processing 0 items from cache dir /data/user/0/cn.missevan/cache/sentry/outbox
07-11 15:35:32.363 15408 15483 D SentryLog: [pool-3-thread-1] Finished processing cached files from /data/user/0/cn.missevan/cache/sentry/outbox
07-11 15:35:32.365 15253 15402 D UPush.UTrack: addAlias: <dev3457162, user_id> has been synced to the server before. Ignore this request
07-11 15:35:32.367 15253 15407 E ActivityThread: Failed to find provider info for com.vivo.push.sdk.service.SystemPushConfig
07-11 15:35:32.367 15253 15407 E VivoPush.PushPackageUtils: (15253)cursor is null
07-11 15:35:32.368 15253 15407 E VivoPush.Utility: (15253)systemPushPkgName is null
07-11 15:35:32.368 15253 15407 E NAccs.VivoRegister:  this device is not support vivo push
07-11 15:35:32.371 15191 15228 I appium  : channel read: POST /wd/hub/session/6b41479a-3e1d-468f-938d-b4e58593165e/element
07-11 15:35:32.372 15191 15228 I appium  : FindElement command
07-11 15:35:32.373  1000  1000 D CompositionEngine: writeOutputDependentGeometryStateToHWC layer[cn.missevan/cn.missevan.activity.MainActivity#0] set Z 134217728 miFodLayer 134217728
07-11 15:35:32.373  1000  1000 D CompositionEngine: writeOutputDependentGeometryStateToHWC layer[#0] set Z 134217729 miFodLayer 134217728
07-11 15:35:32.373  1000  1000 D CompositionEngine: writeOutputDependentGeometryStateToHWC layer[StatusBar#0] set Z 134217730 miFodLayer 134217728
07-11 15:35:32.373 15191 15228 I appium  : method: 'id', selector: 'cn.missevan:id/tv_tab_title'
07-11 15:35:32.373  1000  1000 D CompositionEngine: writeOutputDependentGeometryStateToHWC layer[RoundCorner#0] set Z 134217731 miFodLayer 134217728
07-11 15:35:32.373  1000  1000 D CompositionEngine: writeOutputDependentGeometryStateToHWC layer[RoundCorner#1] set Z 134217732 miFodLayer 134217728
07-11 15:35:32.373 15191 15228 I appium  : Waiting up to 10000ms for the device to idle
07-11 15:35:32.375 15456 15456 D SentryLog: [main] UncaughtExceptionHandlerIntegration enabled: true
07-11 15:35:32.377 15456 15456 D SentryLog: [main] default UncaughtExceptionHandler class='xcrash.i'
07-11 15:35:32.378 15456 15456 D SentryLog: [main] UncaughtExceptionHandlerIntegration installed.
07-11 15:35:32.380 15456 15456 D SentryLog: [main] ShutdownHookIntegration installed.
07-11 15:35:32.384 15456 15456 D SentryLog: [main] SendCachedEventFireAndForgetIntegration installed.
07-11 15:35:32.384  1000  1000 D CompositionEngine: writeOutputDependentGeometryStateToHWC layer[cn.missevan/cn.missevan.activity.MainActivity#0] set Z 134217728 miFodLayer 134217728
07-11 15:35:32.384  1000  1000 D CompositionEngine: writeOutputDependentGeometryStateToHWC layer[#0] set Z 134217729 miFodLayer 134217728
07-11 15:35:32.384  1000  1000 D CompositionEngine: writeOutputDependentGeometryStateToHWC layer[StatusBar#0] set Z 134217730 miFodLayer 134217728
07-11 15:35:32.384  1000  1000 D CompositionEngine: writeOutputDependentGeometryStateToHWC layer[RoundCorner#0] set Z 134217731 miFodLayer 134217728
07-11 15:35:32.384  1000  1000 D CompositionEngine: writeOutputDependentGeometryStateToHWC layer[RoundCorner#1] set Z 134217732 miFodLayer 134217728
07-11 15:35:32.385 15456 15456 D SentryLog: [main] NdkIntegration enabled: true
07-11 15:35:32.388 15456 15456 I sentry-native: using database path "/data/user/0/cn.missevan/cache/sentry/.sentry-native"
07-11 15:35:32.388  7515  7515 W PushService: [Tid:2] onStart() with intent.Action = action_cr_config, chid = null, pkg = null|cn.missevan
07-11 15:35:32.388 15456 15456 D sentry-native: starting backend
07-11 15:35:32.389 15456 15456 D SentryLog: [main] NdkIntegration installed.
07-11 15:35:32.389  7515  8126 W PushService: [Tid:322] [Job] Handle intent action = action_cr_config
07-11 15:35:32.389  1969  2393 D MiuiNetworkPolicy: updateLimit mLimitEnabled=true,enabled=false,mNetworkPriorityMode=1
07-11 15:35:32.390 15456 15456 D SentryLog: [main] Registering EnvelopeFileObserverIntegration for path: /data/user/0/cn.missevan/cache/sentry/outbox
07-11 15:35:32.391 15456 15456 D SentryLog: [main] EnvelopeFileObserverIntegration installed.
07-11 15:35:32.392 15456 15456 D SentryLog: [main] SendCachedEventFireAndForgetIntegration installed.
07-11 15:35:32.393 15456 15456 D SentryLog: [main] AnrIntegration enabled: true
07-11 15:35:32.393  1969  3166 D CompatibilityInfo: mCompatibilityFlags - 0
07-11 15:35:32.393  1969  3166 D CompatibilityInfo: applicationDensity - 440
07-11 15:35:32.393  1969  3166 D CompatibilityInfo: applicationScale - 1.0
07-11 15:35:32.395  1969  1969 W NotificationHistory: Attempted to add notif for locked/gone/disabled user 0
07-11 15:35:32.395  1000  1000 D CompositionEngine: writeOutputDependentGeometryStateToHWC layer[cn.missevan/cn.missevan.activity.MainActivity#0] set Z 134217728 miFodLayer 134217728
07-11 15:35:32.395  1000  1000 D CompositionEngine: writeOutputDependentGeometryStateToHWC layer[#0] set Z 134217729 miFodLayer 134217728
07-11 15:35:32.395  1000  1000 D CompositionEngine: writeOutputDependentGeometryStateToHWC layer[StatusBar#0] set Z 134217730 miFodLayer 134217728
07-11 15:35:32.395  1000  1000 D CompositionEngine: writeOutputDependentGeometryStateToHWC layer[RoundCorner#0] set Z 134217731 miFodLayer 134217728
07-11 15:35:32.395  1000  1000 D CompositionEngine: writeOutputDependentGeometryStateToHWC layer[RoundCorner#1] set Z 134217732 miFodLayer 134217728
07-11 15:35:32.396 15456 15550 D SentryLog: [pool-3-thread-1] Started processing cached files from /data/user/0/cn.missevan/cache/sentry
07-11 15:35:32.398 15456 15550 D SentryLog: [pool-3-thread-1] Processing dir. /data/user/0/cn.missevan/cache/sentry
07-11 15:35:32.398  7437 12852 W Parcel  : **** enforceInterface() expected 'com.miui.gamebooster.service.ISecurityCenterNotificationListener' but read 'android.service.notification.INotificationListener'
07-11 15:35:32.398  7437 12852 W Binder  : Caught a RuntimeException from the binder stub implementation.
07-11 15:35:32.398  7437 12852 W Binder  : java.lang.SecurityException: Binder invocation to an incorrect interface
07-11 15:35:32.398  7437 12852 W Binder  : 	at android.os.Parcel.nativeEnforceInterface(Native Method)
07-11 15:35:32.398  7437 12852 W Binder  : 	at android.os.Parcel.enforceInterface(Parcel.java:653)
07-11 15:35:32.398  7437 12852 W Binder  : 	at com.miui.gamebooster.service.ISecurityCenterNotificationListener$Stub.onTransact(Unknown Source:18)
07-11 15:35:32.398  7437 12852 W Binder  : 	at android.os.Binder.execTransactInternal(Binder.java:1159)
07-11 15:35:32.398  7437 12852 W Binder  : 	at android.os.Binder.execTransact(Binder.java:1123)
07-11 15:35:32.400 15456 15550 D SentryLog: [pool-3-thread-1] Processing 0 items from cache dir /data/user/0/cn.missevan/cache/sentry
07-11 15:35:32.401 15456 15550 D SentryLog: [pool-3-thread-1] File /data/user/0/cn.missevan/cache/sentry/outbox is not a File.
07-11 15:35:32.401 15456 15550 D SentryLog: [pool-3-thread-1] File /data/user/0/cn.missevan/cache/sentry/.sentry-native is not a File.
07-11 15:35:32.402 15456 15550 D SentryLog: [pool-3-thread-1] Processing file: /data/user/0/cn.missevan/cache/sentry/session.json
07-11 15:35:32.403 15456 15550 D SentryLog: [pool-3-thread-1] File '/data/user/0/cn.missevan/cache/sentry/session.json' doesn't match extension expected.
07-11 15:35:32.403 15456 15550 D SentryLog: [pool-3-thread-1] Finished processing cached files from /data/user/0/cn.missevan/cache/sentry
07-11 15:35:32.404 15456 15456 D SentryLog: [main] ANR timeout in milliseconds: 5000
07-11 15:35:32.407 15408 15408 D NAccs.AccsClientConfig:  build config:AccsClientConfig{mAppKey='umeng:546d7dd7fd98c58fc800082c', mAppSecret='64e8358a59d434e5546720db97ab5996', mInappHost='umengacs.m.taobao.com', mChannelHost='umengjmacs.m.taobao.com', mStoreId='', mSecurity=2, mAuthCode='', mInappPubKey=11, mChannelPubKey=11, mKeepalive=true, mAutoUnit=false, mTag='default', mConfigEnv=0, mDisableChannel=false, mQuickReconnect=false, mAccsHeartbeatEnable=false, mPullUpEnable=false, mForePingEnable=false, mPingTimeout=0}
07-11 15:35:32.407  1000  1000 D CompositionEngine: writeOutputDependentGeometryStateToHWC layer[cn.missevan/cn.missevan.activity.MainActivity#0] set Z 134217728 miFodLayer 134217728
07-11 15:35:32.407  1000  1000 D CompositionEngine: writeOutputDependentGeometryStateToHWC layer[#0] set Z 134217729 miFodLayer 134217728
07-11 15:35:32.407  1000  1000 D CompositionEngine: writeOutputDependentGeometryStateToHWC layer[StatusBar#0] set Z 134217730 miFodLayer 134217728
07-11 15:35:32.407  1000  1000 D CompositionEngine: writeOutputDependentGeometryStateToHWC layer[RoundCorner#0] set Z 134217731 miFodLayer 134217728
07-11 15:35:32.407  1000  1000 D CompositionEngine: writeOutputDependentGeometryStateToHWC layer[RoundCorner#1] set Z 134217732 miFodLayer 134217728
07-11 15:35:32.408 15456 15456 D SentryLog: [main] AnrIntegration installed.
07-11 15:35:32.408 15408 15408 W NAccs.AccsClientConfig:  build conver old config:AccsClientConfig{mAppKey='umeng:546d7dd7fd98c58fc800082c', mAppSecret='64e8358a59d434e5546720db97ab5996', mInappHost='msgacs.m.taobao.com', mChannelHost='accscdn.m.taobao.com', mStoreId='', mSecurity=2, mAuthCode='', mInappPubKey=-1, mChannelPubKey=-1, mKeepalive=true, mAutoUnit=true, mTag='default', mConfigEnv=0, mDisableChannel=false, mQuickReconnect=false, mAccsHeartbeatEnable=false, mPullUpEnable=true, mForePingEnable=false, mPingTimeout=0}
07-11 15:35:32.409 15408 15408 D NAccs.ACCSClient:  init config:AccsClientConfig{mAppKey='umeng:546d7dd7fd98c58fc800082c', mAppSecret='64e8358a59d434e5546720db97ab5996', mInappHost='umengacs.m.taobao.com', mChannelHost='umengjmacs.m.taobao.com', mStoreId='', mSecurity=2, mAuthCode='', mInappPubKey=11, mChannelPubKey=11, mKeepalive=true, mAutoUnit=false, mTag='default', mConfigEnv=0, mDisableChannel=false, mQuickReconnect=false, mAccsHeartbeatEnable=false, mPullUpEnable=false, mForePingEnable=false, mPingTimeout=0}
07-11 15:35:32.409 15456 15456 D SentryLog: [main] enableSessionTracking enabled: true
07-11 15:35:32.410 15456 15456 D SentryLog: [main] enableAppLifecycleBreadcrumbs enabled: true
07-11 15:35:32.412  2687  2687 D InterruptionStateProvider: No bubble up: not allowed to bubble: 0|android|0|com.android.server.wm.AlertWindowNotification - cn.missevan|1000
07-11 15:35:32.412 15456 15456 D SentryLog: [main] AppLifecycleIntegration installed.
07-11 15:35:32.412  2687  2687 D InterruptionStateProvider: No heads up: unimportant notification: 0|android|0|com.android.server.wm.AlertWindowNotification - cn.missevan|1000
07-11 15:35:32.413 15253 15402 I Umeng   : [UMThread-2] userId: alias:dev3457162已经添加
07-11 15:35:32.414 15456 15550 D SentryLog: [pool-3-thread-1] Started processing cached files from /data/user/0/cn.missevan/cache/sentry/outbox
07-11 15:35:32.414  2687  7848 W AsyncLayoutInflater: Failed to inflate resource in the background! Retrying on the UI thread
07-11 15:35:32.414  2687  7848 W AsyncLayoutInflater: android.view.InflateException: Binary XML file line #3 in com.android.systemui:layout/status_bar_notification_row: Animators may only be run on Looper threads
07-11 15:35:32.414  2687  7848 W AsyncLayoutInflater: Caused by: android.util.AndroidRuntimeException: Animators may only be run on Looper threads
07-11 15:35:32.414  2687  7848 W AsyncLayoutInflater: 	at android.animation.AnimatorSet.start(AnimatorSet.java:705)
07-11 15:35:32.414  2687  7848 W AsyncLayoutInflater: 	at android.animation.AnimatorSet.start(AnimatorSet.java:684)
07-11 15:35:32.414  2687  7848 W AsyncLayoutInflater: 	at android.animation.StateListAnimator.start(StateListAnimator.java:188)
07-11 15:35:32.414  2687  7848 W AsyncLayoutInflater: 	at android.animation.StateListAnimator.setState(StateListAnimator.java:181)
07-11 15:35:32.414  2687  7848 W AsyncLayoutInflater: 	at android.view.View.drawableStateChanged(View.java:23479)
07-11 15:35:32.414  2687  7848 W AsyncLayoutInflater: 	at android.widget.TextView.drawableStateChanged(TextView.java:5856)
07-11 15:35:32.414  2687  7848 W AsyncLayoutInflater: 	at android.view.View.originalRefreshDrawableState(View.java:23552)
07-11 15:35:32.414  2687  7848 W AsyncLayoutInflater: 	at android.view.View$14.refreshDrawableState(View.java:30876)
07-11 15:35:32.414  2687  7848 W AsyncLayoutInflater: 	at com.miui.internal.variable.v21.Android_View_View_class.callOriginalRefreshDrawableState(Android_View_View_class.java:61)
07-11 15:35:32.414  2687  7848 W AsyncLayoutInflater: 	at com.miui.internal.variable.v16.Android_View_View_class_common.handleRefreshDrawableState(Android_View_View_class_common.java:90)
07-11 15:35:32.414  2687  7848 W AsyncLayoutInflater: 	at com.miui.internal.variable.v21.Android_View_View_class.access$000(Android_View_View_class.java:22)
07-11 15:35:32.414  2687  7848 W AsyncLayoutInflater: 	at com.miui.internal.variable.v21.Android_View_View_class$1.refreshDrawableState(Android_View_View_class.java:88)
07-11 15:35:32.414  2687  7848 W AsyncLayoutInflater: 	at android.view.View.refreshDrawableState(View.java:23543)
07-11 15:35:32.414  2687  7848 W AsyncLayoutInflater: 	at com.miui.internal.util.TaggingDrawableHelper.tagView(TaggingDrawableHelper.java:203)
07-11 15:35:32.414  2687  7848 W AsyncLayoutInflater: 	at com.miui.internal.util.TaggingDrawableHelper.tagChildSequenceState(TaggingDrawableHelper.java:59)
07-11 15:35:32.414  2687  7848 W AsyncLayoutInflater: 	at com.miui.internal.variable.v16.Android_View_ViewGroup_class.handleOnChildVisibilityChanged(Android_View_ViewGroup_class.java:144)
07-11 15:35:32.414  2687  7848 W AsyncLayoutInflater: 	at com.miui.internal.variable.v21.Android_View_ViewGroup_class.access$300(Android_View_ViewGroup_class.java:23)
07-11 15:35:32.414  2687  7848 W AsyncLayoutInflater: 	at com.miui.internal.variable.v21.Android_View_ViewGroup_class$1.onChildVisibilityChanged(Android_View_ViewGroup_class.java:186)
07-11 15:35:32.414  2687  7848 W AsyncLayoutInflater: 	at android.view.ViewGroup.onChildVisibilityChanged(ViewGroup.java:1585)
07-11 15:35:32.414  2687  7848 W AsyncLayoutInflater: 	at android.view.View.setFlags(View.java:16276)
07-11 15:35:32.414  2687  7848 W AsyncLayoutInflater: 	at android.view.View.setVisibility(View.java:11775)
07-11 15:35:32.414  2687  7848 W AsyncLayoutInflater: 	at com.android.systemui.statusbar.notification.row.ActivatableNotificationView.updateBackground(ActivatableNotificationView.java:598)
07-11 15:35:32.414  2687  7848 W AsyncLayoutInflater: 	at com.android.systemui.statusbar.notification.row.MiuiExpandableNotificationRow.updateBackground(MiuiExpandableNotificationRow.kt:62)
07-11 15:35:32.414  2687  7848 W AsyncLayoutInflater: 	at com.android.systemui.statusbar.notification.row.ActivatableNotificationView.onFinishInflate(ActivatableNotificationView.java:205)
07-11 15:35:32.414  2687  7848 W AsyncLayoutInflater: 	at com.android.systemui.statusbar.notification.row.ExpandableNotificationRow.onFinishInflate(ExpandableNotificationRow.java:1750)
07-11 15:35:32.414  2687  7848 W AsyncLayoutInflater: 	at com.android.systemui.statusbar.notification.row.MiuiExpandableNotificationRow.onFinishInflate(MiuiExpandableNotificationRow.kt:52)
07-11 15:35:32.414  2687  7848 W AsyncLayoutInflater: 	at android.view.LayoutInflater.rInflate(LayoutInflater.java:1138)
07-11 15:35:32.414  2687  7848 W AsyncLayoutInflater: 	at android.view.LayoutInflater.rInflateChildren(LayoutInflater.java:1086)
07-11 15:35:32.414  2687  7848 W AsyncLayoutInflater: 	at android.view.LayoutInflater.inflate(LayoutInflater.java:684)
07-11 15:35:32.414  2687  7848 W AsyncLayoutInflater: 	at android.view.LayoutInflater.inflate(LayoutInflater.java:536)
07-11 15:35:32.414  2687  7848 W AsyncLayoutInflater: 	at androidx.asynclayoutinflater.view.AsyncLayoutInflater$InflateThread.runInner(AsyncLayoutInflater.java:189)
07-11 15:35:32.414  2687  7848 W AsyncLayoutInflater: 	at androidx.asynclayoutinflater.view.AsyncLayoutInflater$InflateThread.run(AsyncLayoutInflater.java:203)
07-11 15:35:32.414 15456 15550 D SentryLog: [pool-3-thread-1] Processing dir. /data/user/0/cn.missevan/cache/sentry/outbox
07-11 15:35:32.415 15456 15456 D SentryLog: [main] ActivityLifecycleIntegration enabled: true
07-11 15:35:32.416 15456 15456 D SentryLog: [main] ActivityLifecycleIntegration installed.
07-11 15:35:32.417  2988  3526 W TelephonyPermissions: reportAccessDeniedToReadIdentifiers:cn.missevan:getImeiForSlot:-1
07-11 15:35:32.417 15456 15456 D SentryLog: [main] UserInteractionIntegration enabled: true
07-11 15:35:32.417 15456 15456 D SentryLog: [main] UserInteractionIntegration installed.
07-11 15:35:32.417  1000  1000 D CompositionEngine: writeOutputDependentGeometryStateToHWC layer[cn.missevan/cn.missevan.activity.MainActivity#0] set Z 134217728 miFodLayer 134217728
07-11 15:35:32.418  1000  1000 D CompositionEngine: writeOutputDependentGeometryStateToHWC layer[#0] set Z 134217729 miFodLayer 134217728
07-11 15:35:32.418  1000  1000 D CompositionEngine: writeOutputDependentGeometryStateToHWC layer[StatusBar#0] set Z 134217730 miFodLayer 134217728
07-11 15:35:32.418  1000  1000 D CompositionEngine: writeOutputDependentGeometryStateToHWC layer[RoundCorner#0] set Z 134217731 miFodLayer 134217728
07-11 15:35:32.418  1000  1000 D CompositionEngine: writeOutputDependentGeometryStateToHWC layer[RoundCorner#1] set Z 134217732 miFodLayer 134217728
07-11 15:35:32.418 15456 15456 D SentryLog: [main] AppComponentsBreadcrumbsIntegration enabled: true
07-11 15:35:32.418 15408 15555 I UPush   : appkey:546d7dd7fd98c58fc800082c secret:64e8358a59d434e5546720db97ab5996
07-11 15:35:32.419 15456 15456 D SentryLog: [main] AppComponentsBreadcrumbsIntegration installed.
07-11 15:35:32.419 15408 15555 I NAccs.TaobaoRegister:  register appKey:umeng:546d7dd7fd98c58fc800082c configTag:default
07-11 15:35:32.420 15456 15456 D SentryLog: [main] SystemEventsBreadcrumbsIntegration enabled: true
07-11 15:35:32.420 15408 15555 D NAccs.Config:  setAgooAppKey appkey:umeng:546d7dd7fd98c58fc800082c
07-11 15:35:32.421 15456 15550 D SentryLog: [pool-3-thread-1] Processing 0 items from cache dir /data/user/0/cn.missevan/cache/sentry/outbox
07-11 15:35:32.422 15408 15555 D NAccs.ACCSManager:  getAccsInstance key:default|0
07-11 15:35:32.422  2988  3526 W TelephonyPermissions: reportAccessDeniedToReadIdentifiers:cn.missevan:getDeviceId:-1
07-11 15:35:32.422 15456 15550 D SentryLog: [pool-3-thread-1] Finished processing cached files from /data/user/0/cn.missevan/cache/sentry/outbox
07-11 15:35:32.422 15408 15545 W n:player.singl: Accessing hidden method Landroid/os/Build;->getString(Ljava/lang/String;)Ljava/lang/String; (greylist, reflection, allowed)
07-11 15:35:32.427 15253 15326 D MobclickAgent: 事件:{"ekv":[{"F2BE0D7684B1D576B16AC4E21C369146":[{"id":"Um_Event_Login","ts":1657524842247,"equip_id":"62c8036d-3949-d12a-5a63-edc8579958d8","Um_Key_UserID":"3457162","Um_Key_Reasons":"","Um_Key_ISSuc":1,"Um_Key_ISFirst":0,"Um_Key_LoginType":"mobile_password_login","ds":0,"pn":"cn.missevan"},{"id":"Um_Event_LoginPage","ts":1657524842256,"equip_id":"62c8036d-3949-d12a-5a63-edc8579958d8","Um_Key_PageName":"password_login_mobile","ds":0,"pn":"cn.missevan"},{"id":"$$_onUMengEnterBackground","ts":1657524844912,"reason":"Normal","activityName":"cn.missevan.activity.MainActivity@f7da873","pid":12924,"isMainProcess":1,"pairUUID":"ebc0d420-0a4d-4536-acd1-079fffa32497","ds":0,"pn":"cn.missevan"},{"id":"Um_Event_AppStart","ts":1657524931862,"Um_Key_Duration":532,"equip_id":"62c8036d-3949-d12a-5a63-edc8579958d8","Um_Key_UserID":3457162,"Um_Key_AppStartType":"正常启动","ds":0,"pn":"cn.missevan"},{"id":"$$_onUMengEnterForeground","ts":1657524931869,"activityName":"cn.missevan.activity.MainActivity@3c08388","pid":15253,"isMainProcess":1,"pairUUID":"8ce02268-0a27-4106-b46c-e707fdcdd63b","ds":0,"pn":"cn.missevan"}]}]}
07-11 15:35:32.428 15253 15326 D MobclickAgent: 会话:{"sessions":[{"id":"F2BE0D7684B1D576B16AC4E21C369146","start_time":"1657524297972","end_time":"1657524844874","duration":546902,"traffic":{"download_traffic":405994003,"upload_traffic":11814456},"pages":[{"page_name":"cn.missevan.activity.MainActivity","duration":451577,"type":0,"ts":1657524297972},{"page_name":"cn.missevan.activity.MainActivity","duration":7211,"type":0,"ts":1657524750200},{"page_name":"cn.missevan.activity.MainActivity","duration":83838,"type":0,"ts":1657524761036}],"$page_num":3}]}
07-11 15:35:32.428 15253 15326 D MobclickAgent: 账号:{"active_user":{"provider":"_adhoc","puid":"3457162"}}
07-11 15:35:32.428 15253 15326 D MobclickAgent: 基础信息:{"sdk_version":"9.4.7","device_id":"18459b1fe840488a","device_model":"Mi 10","version":5070000,"appkey":"546d7dd7fd98c58fc800082c","channel":"missevan"}
07-11 15:35:32.428  1000  1000 D CompositionEngine: writeOutputDependentGeometryStateToHWC layer[cn.missevan/cn.missevan.activity.MainActivity#0] set Z 134217728 miFodLayer 134217728
07-11 15:35:32.428  1000  1000 D CompositionEngine: writeOutputDependentGeometryStateToHWC layer[#0] set Z 134217729 miFodLayer 134217728
07-11 15:35:32.428  1000  1000 D CompositionEngine: writeOutputDependentGeometryStateToHWC layer[StatusBar#0] set Z 134217730 miFodLayer 134217728
07-11 15:35:32.429  1000  1000 D CompositionEngine: writeOutputDependentGeometryStateToHWC layer[RoundCorner#0] set Z 134217731 miFodLayer 134217728
07-11 15:35:32.429  1000  1000 D CompositionEngine: writeOutputDependentGeometryStateToHWC layer[RoundCorner#1] set Z 134217732 miFodLayer 134217728
07-11 15:35:32.432  1969  8332 W ActivityManager: Unable to start service Intent { act=com.google.android.gms.ads.identifier.service.START pkg=com.google.android.gms } U=0: not found
07-11 15:35:32.433   599   599 E SELinux : avc:  denied  { find } for pid=7093 uid=10181 name=tethering scontext=u:r:vendor_systemhelper_app:s0:c512,c768 tcontext=u:object_r:tethering_service:s0 tclass=service_manager permissive=0
07-11 15:35:32.434 15253 15326 W SQLiteLog: (28) double-quoted string literal: "F2BE0D7684B1D576B16AC4E21C369146"
07-11 15:35:32.436 15456 15456 D SentryLog: [main] SystemEventsBreadcrumbsIntegration installed.
07-11 15:35:32.437 15456 15456 D SentryLog: [main] enableSystemEventsBreadcrumbs enabled: true
07-11 15:35:32.440  1000  1000 D CompositionEngine: writeOutputDependentGeometryStateToHWC layer[cn.missevan/cn.missevan.activity.MainActivity#0] set Z 134217728 miFodLayer 134217728
07-11 15:35:32.440  1000  1000 D CompositionEngine: writeOutputDependentGeometryStateToHWC layer[#0] set Z 134217729 miFodLayer 134217728
07-11 15:35:32.440  1000  1000 D CompositionEngine: writeOutputDependentGeometryStateToHWC layer[StatusBar#0] set Z 134217730 miFodLayer 134217728
07-11 15:35:32.440  1000  1000 D CompositionEngine: writeOutputDependentGeometryStateToHWC layer[RoundCorner#0] set Z 134217731 miFodLayer 134217728
07-11 15:35:32.440  1000  1000 D CompositionEngine: writeOutputDependentGeometryStateToHWC layer[RoundCorner#1] set Z 134217732 miFodLayer 134217728
07-11 15:35:32.445 15408 15408 W n:player.singl: Accessing hidden method Ldalvik/system/CloseGuard;->get()Ldalvik/system/CloseGuard; (greylist,core-platform-api, reflection, allowed)
07-11 15:35:32.445 15408 15408 W n:player.singl: Accessing hidden method Ldalvik/system/CloseGuard;->open(Ljava/lang/String;)V (greylist,core-platform-api, reflection, allowed)
07-11 15:35:32.445 15408 15408 W n:player.singl: Accessing hidden method Ldalvik/system/CloseGuard;->warnIfOpen()V (greylist,core-platform-api, reflection, allowed)
07-11 15:35:32.447  1969  2393 I MiuiNetworkPolicy: updateUidState uid = 10063, uidState = 15
07-11 15:35:32.449 15408 15555 D NAccs.MsgRecv_default:  message file not exist
07-11 15:35:32.450 15408 15555 D NAccs.InAppConn_default:  new connection
07-11 15:35:32.451  1000  1000 D CompositionEngine: writeOutputDependentGeometryStateToHWC layer[cn.missevan/cn.missevan.activity.MainActivity#0] set Z 134217728 miFodLayer 134217728
07-11 15:35:32.451  1000  1000 D CompositionEngine: writeOutputDependentGeometryStateToHWC layer[#0] set Z 134217729 miFodLayer 134217728
07-11 15:35:32.451  1000  1000 D CompositionEngine: writeOutputDependentGeometryStateToHWC layer[StatusBar#0] set Z 134217730 miFodLayer 134217728
07-11 15:35:32.451  1000  1000 D CompositionEngine: writeOutputDependentGeometryStateToHWC layer[RoundCorner#0] set Z 134217731 miFodLayer 134217728
07-11 15:35:32.451  1000  1000 D CompositionEngine: writeOutputDependentGeometryStateToHWC layer[RoundCorner#1] set Z 134217732 miFodLayer 134217728
07-11 15:35:32.452 15456 15456 I SentryLog: [main] TYPE_AMBIENT_TEMPERATURE is not available.
07-11 15:35:32.453 15456 15456 D SentryLog: [main] enableSystemEventBreadcrumbs enabled: true
07-11 15:35:32.453 15408 15555 I NAccs.Utils:  isMainProcess result:false
07-11 15:35:32.453 15408 15555 I NAccs.ACCSMgrImpl_default:  bindApp appKey:umeng:546d7dd7fd98c58fc800082c
07-11 15:35:32.453 15253 15326 D MobclickAgent: 创建新会话: DB6068F13B7BD42630D08ADA5A966F22
07-11 15:35:32.453 15408 15555 D NAccs.UtilityImpl:  enableService comptName:ComponentInfo{cn.missevan/com.taobao.accs.ChannelService}
07-11 15:35:32.459 15253 15275 D CompatibilityChangeReporter: Compat change id reported: 150939131; UID 10837; state: DISABLED
07-11 15:35:32.459 15456 15456 D CompatibilityChangeReporter: Compat change id reported: 147600208; UID 10837; state: DISABLED
07-11 15:35:32.459 15253 15402 I UPush.MessageSharedPrefs: type:uuid,alias:umeng:dev62c8036d-3949-d12a-5a63-edc8579958d8,exclusive:0
