11-14 18:20:42.279  3384  3527 D MiuiFastConnectService: handleMessage: MSG_START_BLE_SCAN
11-14 18:20:42.279   904  3351 I vendor.qti.bluetooth@1.0-ibs_handler: ProcessIbsCmd: Received IBS_WAKE_IND: 0xFD
11-14 18:20:42.279   904  3351 I vendor.qti.bluetooth@1.0-ibs_handler: ProcessIbsCmd: Writing IBS_WAKE_ACK
11-14 18:20:42.280  2492  2681 D BtGatt.GattService: onScanFilterParamsConfigured() - clientIf=6, status=0, action=1, availableSpace=27
11-14 18:20:42.281  2492  2681 D BtGatt.ScanManager: callback done for scannerId - 6 status - 0
11-14 18:20:42.281  3384  3527 D BluetoothAdapter: isLeEnabled(): ON
11-14 18:20:42.282  2492  3526 D BtGatt.GattService: registerScanner() - UUID=0d2bc3ff-9e05-4082-b528-d5d1324dc9b1
11-14 18:20:42.282  2492  3359 V bt_stack: [VERBOSE1:bta_gattc_act.cc(200)] bta_gattc_register: state:2
11-14 18:20:42.282  2492  3359 I bt_stack: [INFO:gatt_api.cc(959)] GATT_Register a01430df-4503-d2e1-8f4d-f3086639748f
11-14 18:20:42.282  2492  3359 I bt_stack: [INFO:gatt_api.cc(979)] allocated gatt_if=6
11-14 18:20:42.282  2492  3359 V bt_stack: [VERBOSE1:gatt_api.cc(1089)] GATT_StartIf gatt_if=6
11-14 18:20:42.282  2492  2681 D BtGatt.GattService: onScannerRegistered() - UUID=0d2bc3ff-9e05-4082-b528-d5d1324dc9b1, scannerId=6, status=0
11-14 18:20:42.282  2492  3359 V bt_stack: [VERBOSE1:gatt_utils.cc(254)] gatt_find_the_connected_bda start_idx=0
11-14 18:20:42.282  2492  3359 V bt_stack: [VERBOSE1:gatt_utils.cc(266)]  found=0 found_idx=10
11-14 18:20:42.283  3384  3400 D BluetoothLeScanner: onScannerRegistered() - status=0 scannerId=6 mScannerId=0
11-14 18:20:42.284  2492  2681 D BtGatt.GattService: onScanFilterParamsConfigured() - clientIf=6, status=0, action=1, availableSpace=28
11-14 18:20:42.284  2492  2681 D BtGatt.ScanManager: callback done for scannerId - 6 status - 0
11-14 18:20:42.285  2492  3526 D BtGatt.GattService: start scan with filters. callingPackage: com.xiaomi.bluetooth
11-14 18:20:42.285  2492  2681 D BtGatt.GattService: onScanFilterParamsConfigured() - clientIf=6, status=0, action=1, availableSpace=29
11-14 18:20:42.286  2492  2681 D BtGatt.ScanManager: callback done for scannerId - 6 status - 0
11-14 18:20:42.287  2492  3526 E BtGatt.GattService:  [Landroid.content.pm.ServiceInfo;@ec95b4
11-14 18:20:42.288  2492  2681 D BtGatt.GattService: onScanFilterParamsConfigured() - clientIf=6, status=0, action=1, availableSpace=30
11-14 18:20:42.288  2492  2681 D BtGatt.ScanManager: callback done for scannerId - 6 status - 0
11-14 18:20:42.289  2492  2681 D BtGatt.GattService: onScanFilterParamsConfigured() - clientIf=6, status=0, action=1, availableSpace=31
11-14 18:20:42.289  2492  2681 D BtGatt.ScanManager: callback done for scannerId - 6 status - 0
11-14 18:20:42.290  2492  2681 D BtGatt.GattService: onScanFilterParamsConfigured() - clientIf=6, status=0, action=1, availableSpace=32
11-14 18:20:42.290  2492  2681 D BtGatt.ScanManager: callback done for scannerId - 6 status - 0
11-14 18:20:42.290  2492  3053 D BtGatt.ScanManager: configureRegularScanParams() - queue=0
11-14 18:20:42.290  2492  3053 D BtGatt.ScanManager: configureRegularScanParams() - ScanSetting LE 1M Scan mode=-2147483648ScanSetting LE Coded Scan mode=-2147483648 mLastConfiguredScanSettingLE1M=0 mLastConfiguredScanSettingLECoded=0scanPhy=1
11-14 18:20:42.290  2492  3053 D BtGatt.ScanManager: configureRegularScanParams() - queue emtpy, scan stopped
11-14 18:20:42.290  2492  3053 D BtGatt.ScanManager: configureRegularScanParams() - queue emtpy, scan stopped
11-14 18:20:42.290  2492  3053 I BtGatt.ScanManager: msg.what = 0
11-14 18:20:42.291  2492  3053 D BtGatt.ScanManager: handling starting scan
11-14 18:20:42.291  2492  3053 D BtGatt.ScanManager: isAptXLowLatencyModeEnabled: false
11-14 18:20:42.292  2492  2681 D BtGatt.GattService: onScanFilterEnableDisabled() - clientIf=6, status=0, action=1
11-14 18:20:42.292  2492  2681 D BtGatt.ScanManager: callback done for scannerId - 6 status - 0
11-14 18:20:42.292  2492  3053 D BtGatt.ScanManager: Available Filter size: 29
11-14 18:20:42.292  2492  2681 D BtGatt.GattService: onScanFilterConfig() - clientIf=6, action = 0 status = 0, filterType=0, availableSpace=0
11-14 18:20:42.292  2492  2681 D BtGatt.ScanManager: callback done for scannerId - 6 status - 0
11-14 18:20:42.292  2492  3053 D BtGatt.ScanManager: configureFilterParamter 500 10000 1 0, deliveryMode=0
11-14 18:20:42.294  2492  2681 D BtGatt.GattService: onScanFilterParamsConfigured() - clientIf=6, status=0, action=0, availableSpace=31
11-14 18:20:42.294  2492  2681 D BtGatt.ScanManager: callback done for scannerId - 6 status - 0
11-14 18:20:42.294  2492  2681 D BtGatt.GattService: onScanFilterConfig() - clientIf=6, action = 0 status = 0, filterType=0, availableSpace=0
11-14 18:20:42.294  2492  2681 D BtGatt.ScanManager: callback done for scannerId - 6 status - 0
11-14 18:20:42.294  2492  3053 D BtGatt.ScanManager: configureFilterParamter 500 10000 1 0, deliveryMode=0
11-14 18:20:42.296  2492  2681 D BtGatt.GattService: onScanFilterParamsConfigured() - clientIf=6, status=0, action=0, availableSpace=30
11-14 18:20:42.296  2492  2681 D BtGatt.ScanManager: callback done for scannerId - 6 status - 0
11-14 18:20:42.297  2492  2681 D BtGatt.GattService: onScanFilterConfig() - clientIf=6, action = 0 status = 0, filterType=0, availableSpace=0
11-14 18:20:42.297  2492  2681 D BtGatt.ScanManager: callback done for scannerId - 6 status - 0
11-14 18:20:42.297  2492  3053 D BtGatt.ScanManager: configureFilterParamter 500 10000 1 0, deliveryMode=0
11-14 18:20:42.298  2492  2681 D BtGatt.GattService: onScanFilterParamsConfigured() - clientIf=6, status=0, action=0, availableSpace=29
11-14 18:20:42.298  2492  2681 D BtGatt.ScanManager: callback done for scannerId - 6 status - 0
11-14 18:20:42.299  2492  2681 D BtGatt.GattService: onScanFilterConfig() - clientIf=6, action = 0 status = 0, filterType=0, availableSpace=0
11-14 18:20:42.299  2492  2681 D BtGatt.ScanManager: callback done for scannerId - 6 status - 0
11-14 18:20:42.299  2492  3053 D BtGatt.ScanManager: configureFilterParamter 500 10000 1 0, deliveryMode=0
11-14 18:20:42.301  2492  2681 D BtGatt.GattService: onScanFilterParamsConfigured() - clientIf=6, status=0, action=0, availableSpace=28
11-14 18:20:42.301  2492  2681 D BtGatt.ScanManager: callback done for scannerId - 6 status - 0
11-14 18:20:42.301  2492  2681 D BtGatt.GattService: onScanFilterConfig() - clientIf=6, action = 0 status = 0, filterType=0, availableSpace=0
11-14 18:20:42.301  2492  2681 D BtGatt.ScanManager: callback done for scannerId - 6 status - 0
11-14 18:20:42.301  2492  3053 D BtGatt.ScanManager: configureFilterParamter 500 10000 1 0, deliveryMode=0
11-14 18:20:42.302  2492  2681 D BtGatt.GattService: onScanFilterParamsConfigured() - clientIf=6, status=0, action=0, availableSpace=27
11-14 18:20:42.302  2492  2681 D BtGatt.ScanManager: callback done for scannerId - 6 status - 0
11-14 18:20:42.302  2492  2681 D BtGatt.GattService: onScanFilterConfig() - clientIf=6, action = 0 status = 0, filterType=0, availableSpace=0
11-14 18:20:42.302  2492  2681 D BtGatt.ScanManager: callback done for scannerId - 6 status - 0
11-14 18:20:42.302  2492  3053 D BtGatt.ScanManager: configureFilterParamter 500 10000 1 0, deliveryMode=0
11-14 18:20:42.304  2492  2681 D BtGatt.GattService: onScanFilterParamsConfigured() - clientIf=6, status=0, action=0, availableSpace=26
11-14 18:20:42.304  2492  2681 D BtGatt.ScanManager: callback done for scannerId - 6 status - 0
11-14 18:20:42.304  2492  3053 D BtGatt.ScanManager: configureRegularScanParams() - queue=1
11-14 18:20:42.304  2492  3053 D BtGatt.ScanManager: configureRegularScanParams() - ScanSetting LE 1M Scan mode=0ScanSetting LE Coded Scan mode=0 mLastConfiguredScanSettingLE1M=-2147483648 mLastConfiguredScanSettingLECoded=-2147483648scanPhy=255
11-14 18:20:42.304  2492  3053 D BtGatt.ScanManager: configureRegularScanParams - scanInterval LE 1M = 660configureRegularScanParams - scanWindow LE 1M= 66configureRegularScanParams - scanInterval LE Coded= 660configureRegularScanParams - scanWindow LE Coded= 66
11-14 18:20:42.304  2492  2681 D BtGatt.GattService: onScanParamSetupCompleted : 0
11-14 18:20:42.389   904  3351 I vendor.qti.bluetooth@1.0-ibs_handler: ProcessIbsCmd: Received IBS_SLEEP_IND: 0xFE
11-14 18:20:42.726 10046  1669 I SafeBinderCall: onPositionChange binder cost:1
11-14 18:20:42.726  2583  2583 D MiPlayDetailViewModel: onPositionChange(): position = 152013
11-14 18:20:42.807 16914 16914 W Choreographer: Frame time is 0.178082 ms in the future!  Check that graphics HAL is generating vsync timestamps using the correct timebase.
11-14 18:20:42.893 11311 11613 D MemoryCeilingMonitor: [handleMemoryCalculate]
11-14 18:20:42.894 11311 11613 D MemoryCeilingMonitor: [calculate] tot: 5909301, max: 268435456, free: 182957, heap: 5726344, per: 0.02133229374885559
11-14 18:20:42.984 17228 18460 D CCodecBufferChannel: [c2.android.aac.decoder#731] DEBUG: elapsed: n=6 [in=0 pipeline=0 out=2 smoothness=4]
11-14 18:20:42.984 17228 18460 D PipelineWatcher: DEBUG: elapsed 2 / 6
11-14 18:20:43.093   904  3351 I vendor.qti.bluetooth@1.0-ibs_handler: ProcessIbsCmd: Received IBS_WAKE_IND: 0xFD
11-14 18:20:43.093   904  3351 I vendor.qti.bluetooth@1.0-ibs_handler: ProcessIbsCmd: Writing IBS_WAKE_ACK
11-14 18:20:43.095  2492  3359 V bt_stack: [VERBOSE1:btm_ble_gap.cc(1924)] btm_ble_process_ext_adv_pkt: bda=7c:25:da:a1:a6:8e
11-14 18:20:43.095  2492  3359 V bt_stack: [VERBOSE1:btm_ble_gap.cc(1848)] btm_ble_process_adv_addr: bda=7c:25:da:a1:a6:8e
11-14 18:20:43.095  2492  3359 V bt_stack: [VERBOSE1:btm_inq.cc(1019)] BTM_InqDbRead: bd addr 7c:25:da:a1:a6:8e
11-14 18:20:43.101  3384  3527 E MiuiFastConnectService: check adv data not fast connect
11-14 18:20:43.125  2492  3359 V bt_stack: [VERBOSE1:btm_ble_gap.cc(1924)] btm_ble_process_ext_adv_pkt: bda=6c:d3:ee:41:41:7b
11-14 18:20:43.125  2492  3359 V bt_stack: [VERBOSE1:btm_ble_gap.cc(1848)] btm_ble_process_adv_addr: bda=6c:d3:ee:41:41:7b
11-14 18:20:43.125  2492  3359 V bt_stack: [VERBOSE1:btm_ble_gap.cc(2058)]  Waiting for scan response 6c:d3:ee:41:41:7b
11-14 18:20:43.204   904  3351 I vendor.qti.bluetooth@1.0-ibs_handler: ProcessIbsCmd: Received IBS_SLEEP_IND: 0xFE
11-14 18:20:43.309   904  3363 I vendor.qti.bluetooth@1.0-ibs_handler: DeviceSleep: TX Awake, Sending SLEEP_IND
11-14 18:20:43.309   904  3363 D vendor.qti.bluetooth@1.0-ibs_handler: SerialClockVote: vote for UART CLK OFF
11-14 18:20:43.444  1537 31102 D BufferPoolAccessor2.0: bufferpool2 0xb400007734272a28 : 6(24576 size) total buffers - 1(4096 size) used buffers - 60141/60173 (recycle/alloc) - 170/60172 (fetch/transfer)
11-14 18:20:43.459   904  3058 D vendor.qti.bluetooth@1.0-wake_lock: Release wakelock is released
11-14 18:20:43.727 10046  1669 I SafeBinderCall: onPositionChange binder cost:0
11-14 18:20:43.727  2583  2583 D MiPlayDetailViewModel: onPositionChange(): position = 153014
11-14 18:20:43.748   904  3351 I vendor.qti.bluetooth@1.0-ibs_handler: ProcessIbsCmd: Received IBS_WAKE_IND: 0xFD
11-14 18:20:43.748   904  3351 D vendor.qti.bluetooth@1.0-ibs_handler: SerialClockVote: vote for UART CLK ON
11-14 18:20:43.748   904  3351 D vendor.qti.bluetooth@1.0-wake_lock: Acquire wakelock is acquired
11-14 18:20:43.748   904  3351 I vendor.qti.bluetooth@1.0-ibs_handler: ProcessIbsCmd: Writing IBS_WAKE_ACK
11-14 18:20:43.749  2492  3359 V bt_stack: [VERBOSE1:btm_ble_gap.cc(1924)] btm_ble_process_ext_adv_pkt: bda=7c:25:da:a1:a6:8e
11-14 18:20:43.749  2492  3359 V bt_stack: [VERBOSE1:btm_ble_gap.cc(1848)] btm_ble_process_adv_addr: bda=7c:25:da:a1:a6:8e
11-14 18:20:43.749  2492  3359 V bt_stack: [VERBOSE1:btm_inq.cc(1019)] BTM_InqDbRead: bd addr 7c:25:da:a1:a6:8e
11-14 18:20:43.752  3384  3527 E MiuiFastConnectService: check adv data not fast connect
11-14 18:20:43.829   904  3351 I vendor.qti.bluetooth@1.0-ibs_handler: ProcessIbsCmd: Received IBS_SLEEP_IND: 0xFE
11-14 18:20:43.829   904  3351 D vendor.qti.bluetooth@1.0-ibs_handler: SerialClockVote: vote for UART CLK OFF
11-14 18:20:43.979   904  3058 D vendor.qti.bluetooth@1.0-wake_lock: Release wakelock is released
11-14 18:20:44.383   904  3351 I vendor.qti.bluetooth@1.0-ibs_handler: ProcessIbsCmd: Received IBS_WAKE_IND: 0xFD
11-14 18:20:44.383   904  3351 D vendor.qti.bluetooth@1.0-ibs_handler: SerialClockVote: vote for UART CLK ON
11-14 18:20:44.383   904  3351 D vendor.qti.bluetooth@1.0-wake_lock: Acquire wakelock is acquired
11-14 18:20:44.383   904  3351 I vendor.qti.bluetooth@1.0-ibs_handler: ProcessIbsCmd: Writing IBS_WAKE_ACK
11-14 18:20:44.386  2492  3359 V bt_stack: [VERBOSE1:btm_ble_gap.cc(1924)] btm_ble_process_ext_adv_pkt: bda=db:e4:8f:19:63:5d
11-14 18:20:44.386  2492  3359 V bt_stack: [VERBOSE1:btm_ble_gap.cc(1848)] btm_ble_process_adv_addr: bda=db:e4:8f:19:63:5d
11-14 18:20:44.386  2492  3359 V bt_stack: [VERBOSE1:btm_ble_gap.cc(2058)]  Waiting for scan response db:e4:8f:19:63:5d
11-14 18:20:44.387  2492  3359 V bt_stack: [VERBOSE1:btm_ble_gap.cc(1924)] btm_ble_process_ext_adv_pkt: bda=db:e4:8f:19:63:5d
11-14 18:20:44.387  2492  3359 V bt_stack: [VERBOSE1:btm_ble_gap.cc(1848)] btm_ble_process_adv_addr: bda=db:e4:8f:19:63:5d
11-14 18:20:44.387  2492  3359 V bt_stack: [VERBOSE1:btm_inq.cc(1019)] BTM_InqDbRead: bd addr db:e4:8f:19:63:5d
11-14 18:20:44.387  2492  3359 V bt_stack: [VERBOSE1:btm_ble_gap.cc(1924)] btm_ble_process_ext_adv_pkt: bda=6c:d3:ee:41:41:7b
11-14 18:20:44.387  2492  3359 V bt_stack: [VERBOSE1:btm_ble_gap.cc(1848)] btm_ble_process_adv_addr: bda=6c:d3:ee:41:41:7b
11-14 18:20:44.387  2492  3359 V bt_stack: [VERBOSE1:btm_ble_gap.cc(2058)]  Waiting for scan response 6c:d3:ee:41:41:7b
11-14 18:20:44.387  2492  3359 V bt_stack: [VERBOSE1:btm_ble_gap.cc(1924)] btm_ble_process_ext_adv_pkt: bda=6c:d3:ee:41:41:7b
11-14 18:20:44.387  2492  3359 V bt_stack: [VERBOSE1:btm_ble_gap.cc(1848)] btm_ble_process_adv_addr: bda=6c:d3:ee:41:41:7b
11-14 18:20:44.387  2492  3359 V bt_stack: [VERBOSE1:btm_inq.cc(1019)] BTM_InqDbRead: bd addr 6c:d3:ee:41:41:7b
11-14 18:20:44.393  2960  2960 D NetworkSpeedTracker: receive actionandroid.intent.action.BATTERY_CHANGED
11-14 18:20:44.393  2960  2960 D NetworkSpeedTracker: onReceive ACTION_BATTERY_CHANGED mBatteryLevel = 51;mIsCharging =true
11-14 18:20:44.394  3384  3527 D MiuiMiHomeConnectController: getDeviceTimes
11-14 18:20:44.394  2831  2831 D QtiCarrierConfigHelper: WARNING, no carrier configs on phone Id: 0
11-14 18:20:44.394 11282 11714 D PowerKeeper.FrozenApp: onBatteryChanged plug=true mBatteryPlugged=2
11-14 18:20:44.394 11282 12380 D PowerCheckerService: onBatteryChanged, mBatteryLevel = 51, status = 2, level = 51, plug = 2, scale = 100
11-14 18:20:44.395 10242 10242 I BatteryInfoReceiver: ACTION_BATTERY_CHANGED
11-14 18:20:44.395 10242 10242 I PowerNoticeUI: handleBatteryChanged oldPlugType 2 mPlugType 2 oldBatteryLevel 51 mBatteryLevel 51 temperature 350
11-14 18:20:44.396  3384  3527 D MiuiMiHomeConnectController: no need to check times for : mDisableTimeCheck yes
11-14 18:20:44.396  3384  3527 D MiuiMiHomeConnectController: result.getRssi = -7300:00:00:19:63:5D
11-14 18:20:44.398  3384  3527 D MiuiMiHomeDownloadManager: check local file : null
11-14 18:20:44.398  3384  3527 D MiuiMiHomeDownloadManager: device: 2054    return rssiNum: -50
11-14 18:20:44.398  3384  3527 D MiuiMiHomeConnectController: rssi num is not fit cloud data
11-14 18:20:44.398  3384  3527 D MiuiFastConnectService: current device: 00:00:00:41:41:7B, peer device: 00:00:00:40:CC:1F, connect able device: 00:00:00:00:00:00
11-14 18:20:44.398  2583  2583 D BatteryController: onReceive: Intent = Intent { act=android.intent.action.BATTERY_CHANGED flg=0x60000010 (has extras) } action = android.intent.action.BATTERY_CHANGED
11-14 18:20:44.398  3384  3527 D MiuiFastConnectService: scanCallback: data=[16,01,09,8C,2E,00,63,1B,F7,CF,89,D3,6C,EE,7B,41,41,3F,D3,6C,EE,1F,CC,40,00,00,00,], rssi: -69
11-14 18:20:44.398  2583  2583 D KeyguardUpdateMonitor: received broadcast android.intent.action.BATTERY_CHANGED
11-14 18:20:44.399  3384  3527 E MiuiFastConnectService: Pre check headset connected
11-14 18:20:44.399  3384  3527 E MiuiFastConnectService: Clear Current Device All Info
11-14 18:20:44.399 10242 12151 I android_os_HwBinder: HwBinder: Starting thread pool for getting: vendor.xiaomi.hardware.micharge@1.0::IMiCharge/default
11-14 18:20:44.399   972 15661 I vendor.xiaomi.hardware.micharge@1.0-service: ReadFilePathValue path = /sys/class/power_supply/battery/night_charging value = 0
11-14 18:20:44.399 10242 12151 I ChargeProtectionUtils: getNightChargingState: 0
11-14 18:20:44.400  2915  2915 D DeviceStatisticsService: chargerType=2 batteryLevel=51 totalBatteryCapacity=3774500
11-14 18:20:44.401  2915  2915 D DeviceInfoHidlClient: getPowerInfoSupportStatus()=1
11-14 18:20:44.401  2915  2915 D DeviceInfoHidlClient: isRadioOn()=true
11-14 18:20:44.401  2915  2915 I DeviceInfoHidlClient: isPowerInfoNeverSent=false batteryLevel=51 batteryLevelIndex=2 chargingMode=2 totalCapacity=3774500 powerSaveMode=false
11-14 18:20:44.465   904  3351 I vendor.qti.bluetooth@1.0-ibs_handler: ProcessIbsCmd: Received IBS_SLEEP_IND: 0xFE
11-14 18:20:44.465   904  3351 D vendor.qti.bluetooth@1.0-ibs_handler: SerialClockVote: vote for UART CLK OFF
11-14 18:20:44.615   904  3058 D vendor.qti.bluetooth@1.0-wake_lock: Release wakelock is released
11-14 18:20:44.725 10046  1669 I SafeBinderCall: onPositionChange binder cost:0
11-14 18:20:44.726  2583  2583 D MiPlayDetailViewModel: onPositionChange(): position = 154013
11-14 18:20:44.782 16914  1665 I DrawHandler: [DFM Handler Thread #0] NOTIFY_RENDERING ---
11-14 18:20:45.727  2583  2583 D MiPlayDetailViewModel: onPositionChange(): position = 155014
11-14 18:20:45.727 10046  1669 I SafeBinderCall: onPositionChange binder cost:1
11-14 18:20:45.767   904  3351 I vendor.qti.bluetooth@1.0-ibs_handler: ProcessIbsCmd: Received IBS_WAKE_IND: 0xFD
11-14 18:20:45.767   904  3351 D vendor.qti.bluetooth@1.0-ibs_handler: SerialClockVote: vote for UART CLK ON
11-14 18:20:45.767   904  3351 D vendor.qti.bluetooth@1.0-wake_lock: Acquire wakelock is acquired
11-14 18:20:45.767   904  3351 I vendor.qti.bluetooth@1.0-ibs_handler: ProcessIbsCmd: Writing IBS_WAKE_ACK
11-14 18:20:45.768  2492  3359 V bt_stack: [VERBOSE1:btm_ble_gap.cc(1924)] btm_ble_process_ext_adv_pkt: bda=7c:25:da:9d:a8:24
11-14 18:20:45.769  2492  3359 V bt_stack: [VERBOSE1:btm_ble_gap.cc(1848)] btm_ble_process_adv_addr: bda=7c:25:da:9d:a8:24
11-14 18:20:45.769  2492  3359 V bt_stack: [VERBOSE1:btm_inq.cc(1019)] BTM_InqDbRead: bd addr 7c:25:da:9d:a8:24
11-14 18:20:45.769  2492  3359 V bt_stack: [VERBOSE1:btm_ble_gap.cc(1924)] btm_ble_process_ext_adv_pkt: bda=7c:25:da:a1:a6:8e
11-14 18:20:45.769  2492  3359 V bt_stack: [VERBOSE1:btm_ble_gap.cc(1848)] btm_ble_process_adv_addr: bda=7c:25:da:a1:a6:8e
11-14 18:20:45.769  2492  3359 V bt_stack: [VERBOSE1:btm_inq.cc(1019)] BTM_InqDbRead: bd addr 7c:25:da:a1:a6:8e
11-14 18:20:45.770  2492  3359 V bt_stack: [VERBOSE1:btm_ble_gap.cc(1924)] btm_ble_process_ext_adv_pkt: bda=6c:d3:ee:41:41:7b
11-14 18:20:45.770  2492  3359 V bt_stack: [VERBOSE1:btm_ble_gap.cc(1848)] btm_ble_process_adv_addr: bda=6c:d3:ee:41:41:7b
11-14 18:20:45.770  2492  3359 V bt_stack: [VERBOSE1:btm_ble_gap.cc(2058)]  Waiting for scan response 6c:d3:ee:41:41:7b
11-14 18:20:45.774  3384  3527 E MiuiFastConnectService: check adv data not fast connect
11-14 18:20:45.774  3384  3527 E MiuiFastConnectService: check adv data not fast connect
11-14 18:20:45.848   904  3351 I vendor.qti.bluetooth@1.0-ibs_handler: ProcessIbsCmd: Received IBS_SLEEP_IND: 0xFE
11-14 18:20:45.848   904  3351 D vendor.qti.bluetooth@1.0-ibs_handler: SerialClockVote: vote for UART CLK OFF
11-14 18:20:45.999   904  3058 D vendor.qti.bluetooth@1.0-wake_lock: Release wakelock is released
11-14 18:20:46.349 17228 18460 D CCodecBufferChannel: [c2.android.aac.decoder#731] DEBUG: elapsed: n=6 [in=0 pipeline=0 out=2 smoothness=4]
11-14 18:20:46.349 17228 18460 D PipelineWatcher: DEBUG: elapsed 2 / 6
11-14 18:20:46.400   904  3351 I vendor.qti.bluetooth@1.0-ibs_handler: ProcessIbsCmd: Received IBS_WAKE_IND: 0xFD
11-14 18:20:46.400   904  3351 D vendor.qti.bluetooth@1.0-ibs_handler: SerialClockVote: vote for UART CLK ON
11-14 18:20:46.401   904  3351 D vendor.qti.bluetooth@1.0-wake_lock: Acquire wakelock is acquired
11-14 18:20:46.401   904  3351 I vendor.qti.bluetooth@1.0-ibs_handler: ProcessIbsCmd: Writing IBS_WAKE_ACK
11-14 18:20:46.403  2492  3359 V bt_stack: [VERBOSE1:btm_ble_gap.cc(1924)] btm_ble_process_ext_adv_pkt: bda=c8:28:32:16:78:36
11-14 18:20:46.403  2492  3359 V bt_stack: [VERBOSE1:btm_ble_gap.cc(1848)] btm_ble_process_adv_addr: bda=c8:28:32:16:78:36
11-14 18:20:46.403  2492  3359 V bt_stack: [VERBOSE1:btm_ble_gap.cc(2058)]  Waiting for scan response c8:28:32:16:78:36
11-14 18:20:46.403  2492  3359 V bt_stack: [VERBOSE1:btm_ble_gap.cc(1924)] btm_ble_process_ext_adv_pkt: bda=c8:28:32:16:78:36
11-14 18:20:46.403  2492  3359 V bt_stack: [VERBOSE1:btm_ble_gap.cc(1848)] btm_ble_process_adv_addr: bda=c8:28:32:16:78:36
11-14 18:20:46.403  2492  3359 V bt_stack: [VERBOSE1:btm_inq.cc(1019)] BTM_InqDbRead: bd addr c8:28:32:16:78:36
11-14 18:20:46.403  2492  3359 V bt_stack: [VERBOSE1:btm_ble_gap.cc(1924)] btm_ble_process_ext_adv_pkt: bda=7c:25:da:a1:a6:8e
11-14 18:20:46.403  2492  3359 V bt_stack: [VERBOSE1:btm_ble_gap.cc(1848)] btm_ble_process_adv_addr: bda=7c:25:da:a1:a6:8e
11-14 18:20:46.403  2492  3359 V bt_stack: [VERBOSE1:btm_inq.cc(1019)] BTM_InqDbRead: bd addr 7c:25:da:a1:a6:8e
11-14 18:20:46.409  3384  3527 E MiuiFastConnectService: check adv data not fast connect
11-14 18:20:46.409  3384  3527 D MiuiNearbyService: getNearbyService() - returning com.android.bluetooth.ble.app.MiuiNearbyService@e89e537
11-14 18:20:46.411 10449 11419 E IDM-BleBackGround: MiConnect EndPoint found
11-14 18:20:46.412  3384  3527 E MiuiFastConnectService: check adv data not fast connect
11-14 18:20:46.482   904  3351 I vendor.qti.bluetooth@1.0-ibs_handler: ProcessIbsCmd: Received IBS_SLEEP_IND: 0xFE
11-14 18:20:46.482   904  3351 D vendor.qti.bluetooth@1.0-ibs_handler: SerialClockVote: vote for UART CLK OFF
11-14 18:20:46.632   904  3058 D vendor.qti.bluetooth@1.0-wake_lock: Release wakelock is released
11-14 18:20:46.726 10046  1669 I SafeBinderCall: onPositionChange binder cost:0
11-14 18:20:46.726  2583  2583 D MiPlayDetailViewModel: onPositionChange(): position = 156014
11-14 18:20:46.799 17228 31101 D BufferPoolAccessor2.0: bufferpool2 0x71aecb5a28 : 5(40960 size) total buffers - 5(40960 size) used buffers - 1/7 (recycle/alloc) - 46/60325 (fetch/transfer)
11-14 18:20:46.968  1850  2402 I chatty  : uid=1000(system) MiuiNetworkPoli expire 3 lines
11-14 18:20:47.024   904  3351 I vendor.qti.bluetooth@1.0-ibs_handler: ProcessIbsCmd: Received IBS_WAKE_IND: 0xFD
11-14 18:20:47.024   904  3351 D vendor.qti.bluetooth@1.0-ibs_handler: SerialClockVote: vote for UART CLK ON
11-14 18:20:47.025   904  3351 D vendor.qti.bluetooth@1.0-wake_lock: Acquire wakelock is acquired
11-14 18:20:47.025   904  3351 I vendor.qti.bluetooth@1.0-ibs_handler: ProcessIbsCmd: Writing IBS_WAKE_ACK
11-14 18:20:47.028  2492  3359 V bt_stack: [VERBOSE1:btm_ble_gap.cc(1924)] btm_ble_process_ext_adv_pkt: bda=7c:25:da:a1:a6:8e
11-14 18:20:47.028  2492  3359 V bt_stack: [VERBOSE1:btm_ble_gap.cc(1848)] btm_ble_process_adv_addr: bda=7c:25:da:a1:a6:8e
11-14 18:20:47.028  2492  3359 V bt_stack: [VERBOSE1:btm_inq.cc(1019)] BTM_InqDbRead: bd addr 7c:25:da:a1:a6:8e
11-14 18:20:47.028  2492  3359 V bt_stack: [VERBOSE1:btm_ble_gap.cc(1924)] btm_ble_process_ext_adv_pkt: bda=d4:5e:ec:42:d1:94
11-14 18:20:47.028  2492  3359 V bt_stack: [VERBOSE1:btm_ble_gap.cc(1848)] btm_ble_process_adv_addr: bda=d4:5e:ec:42:d1:94
11-14 18:20:47.029  2492  3359 V bt_stack: [VERBOSE1:btm_ble_gap.cc(2058)]  Waiting for scan response d4:5e:ec:42:d1:94
11-14 18:20:47.029  2492  3359 V bt_stack: [VERBOSE1:btm_ble_gap.cc(1924)] btm_ble_process_ext_adv_pkt: bda=d4:5e:ec:42:d1:94
11-14 18:20:47.029  2492  3359 V bt_stack: [VERBOSE1:btm_ble_gap.cc(1848)] btm_ble_process_adv_addr: bda=d4:5e:ec:42:d1:94
11-14 18:20:47.029  2492  3359 V bt_stack: [VERBOSE1:btm_inq.cc(1019)] BTM_InqDbRead: bd addr d4:5e:ec:42:d1:94
11-14 18:20:47.031  3384  3527 E MiuiFastConnectService: check adv data not fast connect
11-14 18:20:47.036  3384  3527 D MiuiMiHomeConnectController: getDeviceTimes
11-14 18:20:47.037  3384  3527 D MiuiMiHomeConnectController: no need to check times for : mDisableTimeCheck yes
11-14 18:20:47.037  3384  3527 D MiuiMiHomeConnectController: result.getRssi = -7700:00:00:42:D1:94
11-14 18:20:47.040  3384  3527 D MiuiMiHomeDownloadManager: check local file : null
11-14 18:20:47.040  3384  3527 D MiuiMiHomeDownloadManager: device: 41646    return rssiNum: -50
11-14 18:20:47.040  3384  3527 D MiuiMiHomeConnectController: rssi num is not fit cloud data
11-14 18:20:47.106   904  3351 I vendor.qti.bluetooth@1.0-ibs_handler: ProcessIbsCmd: Received IBS_SLEEP_IND: 0xFE
11-14 18:20:47.106   904  3351 D vendor.qti.bluetooth@1.0-ibs_handler: SerialClockVote: vote for UART CLK OFF
11-14 18:20:47.257   904  3058 D vendor.qti.bluetooth@1.0-wake_lock: Release wakelock is released
11-14 18:20:47.716   904  3351 I vendor.qti.bluetooth@1.0-ibs_handler: ProcessIbsCmd: Received IBS_WAKE_IND: 0xFD
11-14 18:20:47.716   904  3351 D vendor.qti.bluetooth@1.0-ibs_handler: SerialClockVote: vote for UART CLK ON
11-14 18:20:47.716   904  3351 D vendor.qti.bluetooth@1.0-wake_lock: Acquire wakelock is acquired
11-14 18:20:47.716   904  3351 I vendor.qti.bluetooth@1.0-ibs_handler: ProcessIbsCmd: Writing IBS_WAKE_ACK
11-14 18:20:47.718  2492  3359 V bt_stack: [VERBOSE1:btm_ble_gap.cc(1924)] btm_ble_process_ext_adv_pkt: bda=db:e4:8f:19:63:5d
11-14 18:20:47.718  2492  3359 V bt_stack: [VERBOSE1:btm_ble_gap.cc(1848)] btm_ble_process_adv_addr: bda=db:e4:8f:19:63:5d
11-14 18:20:47.718  2492  3359 V bt_stack: [VERBOSE1:btm_ble_gap.cc(2058)]  Waiting for scan response db:e4:8f:19:63:5d
11-14 18:20:47.728 10046  1669 I SafeBinderCall: onPositionChange binder cost:0
11-14 18:20:47.728  2583  2583 D MiPlayDetailViewModel: onPositionChange(): position = 157015
11-14 18:20:47.797   904  3351 I vendor.qti.bluetooth@1.0-ibs_handler: ProcessIbsCmd: Received IBS_SLEEP_IND: 0xFE
11-14 18:20:47.797   904  3351 D vendor.qti.bluetooth@1.0-ibs_handler: SerialClockVote: vote for UART CLK OFF
11-14 18:20:47.947   904  3058 D vendor.qti.bluetooth@1.0-wake_lock: Release wakelock is released
11-14 18:20:48.354   904  3351 I vendor.qti.bluetooth@1.0-ibs_handler: ProcessIbsCmd: Received IBS_WAKE_IND: 0xFD
11-14 18:20:48.354   904  3351 D vendor.qti.bluetooth@1.0-ibs_handler: SerialClockVote: vote for UART CLK ON
11-14 18:20:48.354   904  3351 D vendor.qti.bluetooth@1.0-wake_lock: Acquire wakelock is acquired
11-14 18:20:48.354   904  3351 I vendor.qti.bluetooth@1.0-ibs_handler: ProcessIbsCmd: Writing IBS_WAKE_ACK
11-14 18:20:48.359  2492  3359 V bt_stack: [VERBOSE1:btm_ble_gap.cc(1924)] btm_ble_process_ext_adv_pkt: bda=6c:d3:ee:41:41:7b
11-14 18:20:48.359  2492  3359 V bt_stack: [VERBOSE1:btm_ble_gap.cc(1848)] btm_ble_process_adv_addr: bda=6c:d3:ee:41:41:7b
11-14 18:20:48.359  2492  3359 V bt_stack: [VERBOSE1:btm_ble_gap.cc(2058)]  Waiting for scan response 6c:d3:ee:41:41:7b
11-14 18:20:48.359  2492  3359 V bt_stack: [VERBOSE1:btm_ble_gap.cc(1924)] btm_ble_process_ext_adv_pkt: bda=6c:d3:ee:41:41:7b
11-14 18:20:48.359  2492  3359 V bt_stack: [VERBOSE1:btm_ble_gap.cc(1848)] btm_ble_process_adv_addr: bda=6c:d3:ee:41:41:7b
11-14 18:20:48.359  2492  3359 V bt_stack: [VERBOSE1:btm_inq.cc(1019)] BTM_InqDbRead: bd addr 6c:d3:ee:41:41:7b
11-14 18:20:48.364  3384  3527 D MiuiFastConnectService: current device: 00:00:00:41:41:7B, peer device: 00:00:00:40:CC:1F, connect able device: 00:00:00:00:00:00
11-14 18:20:48.364  3384  3527 D MiuiFastConnectService: scanCallback: data=[16,01,09,8C,2E,00,63,1B,F7,CF,89,D3,6C,EE,7B,41,41,3F,D3,6C,EE,1F,CC,40,00,00,00,], rssi: -70
11-14 18:20:48.367  3384  3527 E MiuiFastConnectService: Pre check headset connected
11-14 18:20:48.367  3384  3527 E MiuiFastConnectService: Clear Current Device All Info
11-14 18:20:48.388   603   603 I chatty  : uid=1000(system) /system/bin/servicemanager expire 48 lines
11-14 18:20:48.435   904  3351 I vendor.qti.bluetooth@1.0-ibs_handler: ProcessIbsCmd: Received IBS_SLEEP_IND: 0xFE
11-14 18:20:48.435   904  3351 D vendor.qti.bluetooth@1.0-ibs_handler: SerialClockVote: vote for UART CLK OFF
11-14 18:20:48.586   904  3058 D vendor.qti.bluetooth@1.0-wake_lock: Release wakelock is released
11-14 18:20:48.603  1537 31102 D BufferPoolAccessor2.0: bufferpool2 0xb400007734272a28 : 6(24576 size) total buffers - 1(4096 size) used buffers - 60362/60394 (recycle/alloc) - 170/60393 (fetch/transfer)
11-14 18:20:48.726 10046  1669 I SafeBinderCall: onPositionChange binder cost:0
11-14 18:20:48.726  2583  2583 D MiPlayDetailViewModel: onPositionChange(): position = 158013
11-14 18:20:49.070   904  3351 I vendor.qti.bluetooth@1.0-ibs_handler: ProcessIbsCmd: Received IBS_WAKE_IND: 0xFD
11-14 18:20:49.070   904  3351 D vendor.qti.bluetooth@1.0-ibs_handler: SerialClockVote: vote for UART CLK ON
11-14 18:20:49.071   904  3351 D vendor.qti.bluetooth@1.0-wake_lock: Acquire wakelock is acquired
11-14 18:20:49.071   904  3351 I vendor.qti.bluetooth@1.0-ibs_handler: ProcessIbsCmd: Writing IBS_WAKE_ACK
11-14 18:20:49.077  2492  3359 V bt_stack: [VERBOSE1:btm_ble_gap.cc(1924)] btm_ble_process_ext_adv_pkt: bda=7c:25:da:a1:a6:8e
11-14 18:20:49.077  2492  3359 V bt_stack: [VERBOSE1:btm_ble_gap.cc(1848)] btm_ble_process_adv_addr: bda=7c:25:da:a1:a6:8e
11-14 18:20:49.077  2492  3359 V bt_stack: [VERBOSE1:btm_inq.cc(1019)] BTM_InqDbRead: bd addr 7c:25:da:a1:a6:8e
11-14 18:20:49.078  2492  3359 V bt_stack: [VERBOSE1:btm_ble_gap.cc(1924)] btm_ble_process_ext_adv_pkt: bda=6c:d3:ee:41:41:7b
11-14 18:20:49.078  2492  3359 V bt_stack: [VERBOSE1:btm_ble_gap.cc(1848)] btm_ble_process_adv_addr: bda=6c:d3:ee:41:41:7b
11-14 18:20:49.078  2492  3359 V bt_stack: [VERBOSE1:btm_ble_gap.cc(2058)]  Waiting for scan response 6c:d3:ee:41:41:7b
11-14 18:20:49.079  2492  3359 V bt_stack: [VERBOSE1:btm_ble_gap.cc(1924)] btm_ble_process_ext_adv_pkt: bda=6c:d3:ee:41:41:7b
11-14 18:20:49.079  2492  3359 V bt_stack: [VERBOSE1:btm_ble_gap.cc(1848)] btm_ble_process_adv_addr: bda=6c:d3:ee:41:41:7b
11-14 18:20:49.079  2492  3359 V bt_stack: [VERBOSE1:btm_inq.cc(1019)] BTM_InqDbRead: bd addr 6c:d3:ee:41:41:7b
11-14 18:20:49.084  3384  3527 E MiuiFastConnectService: check adv data not fast connect
11-14 18:20:49.087  3384  3527 D MiuiFastConnectService: current device: 00:00:00:41:41:7B, peer device: 00:00:00:40:CC:1F, connect able device: 00:00:00:00:00:00
11-14 18:20:49.087  3384  3527 D MiuiFastConnectService: scanCallback: data=[16,01,09,8C,2E,00,63,1B,F7,CF,89,D3,6C,EE,7B,41,41,3F,D3,6C,EE,1F,CC,40,00,00,00,], rssi: -79
11-14 18:20:49.089  3384  3527 E MiuiFastConnectService: Pre check headset connected
11-14 18:20:49.089  3384  3527 E MiuiFastConnectService: Clear Current Device All Info
11-14 18:20:49.152   904  3351 I vendor.qti.bluetooth@1.0-ibs_handler: ProcessIbsCmd: Received IBS_SLEEP_IND: 0xFE
11-14 18:20:49.152   904  3351 D vendor.qti.bluetooth@1.0-ibs_handler: SerialClockVote: vote for UART CLK OFF
11-14 18:20:49.302   904  3058 D vendor.qti.bluetooth@1.0-wake_lock: Release wakelock is released
11-14 18:20:49.610  1001  1001 I chatty  : uid=1000(system) /system/bin/surfaceflinger expire 499 lines
11-14 18:20:49.660 17228 18460 D CCodecBufferChannel: [c2.android.aac.decoder#731] DEBUG: elapsed: n=6 [in=0 pipeline=0 out=2 smoothness=4]
11-14 18:20:49.661 17228 18460 D PipelineWatcher: DEBUG: elapsed 2 / 6
11-14 18:20:49.681   904  3351 I vendor.qti.bluetooth@1.0-ibs_handler: ProcessIbsCmd: Received IBS_WAKE_IND: 0xFD
11-14 18:20:49.681   904  3351 D vendor.qti.bluetooth@1.0-ibs_handler: SerialClockVote: vote for UART CLK ON
11-14 18:20:49.681   904  3351 D vendor.qti.bluetooth@1.0-wake_lock: Acquire wakelock is acquired
11-14 18:20:49.681   904  3351 I vendor.qti.bluetooth@1.0-ibs_handler: ProcessIbsCmd: Writing IBS_WAKE_ACK
11-14 18:20:49.682  2492  3359 V bt_stack: [VERBOSE1:btm_ble_gap.cc(1924)] btm_ble_process_ext_adv_pkt: bda=7c:25:da:a1:a6:8e
11-14 18:20:49.682  2492  3359 V bt_stack: [VERBOSE1:btm_ble_gap.cc(1848)] btm_ble_process_adv_addr: bda=7c:25:da:a1:a6:8e
11-14 18:20:49.683  2492  3359 V bt_stack: [VERBOSE1:btm_inq.cc(1019)] BTM_InqDbRead: bd addr 7c:25:da:a1:a6:8e
11-14 18:20:49.683  2492  3359 V bt_stack: [VERBOSE1:btm_ble_gap.cc(1924)] btm_ble_process_ext_adv_pkt: bda=6c:d3:ee:41:41:7b
11-14 18:20:49.683  2492  3359 V bt_stack: [VERBOSE1:btm_ble_gap.cc(1848)] btm_ble_process_adv_addr: bda=6c:d3:ee:41:41:7b
11-14 18:20:49.683  2492  3359 V bt_stack: [VERBOSE1:btm_ble_gap.cc(2058)]  Waiting for scan response 6c:d3:ee:41:41:7b
11-14 18:20:49.685  3384  3527 E MiuiFastConnectService: check adv data not fast connect
11-14 18:20:49.728  2583  2583 D MiPlayDetailViewModel: onPositionChange(): position = 159015
11-14 18:20:49.728 10046  1669 I SafeBinderCall: onPositionChange binder cost:1
11-14 18:20:49.762   904  3351 I vendor.qti.bluetooth@1.0-ibs_handler: ProcessIbsCmd: Received IBS_SLEEP_IND: 0xFE
11-14 18:20:49.762   904  3351 D vendor.qti.bluetooth@1.0-ibs_handler: SerialClockVote: vote for UART CLK OFF
11-14 18:20:49.913   904  3058 D vendor.qti.bluetooth@1.0-wake_lock: Release wakelock is released
11-14 18:20:50.727  2583  2583 D MiPlayDetailViewModel: onPositionChange(): position = 160014
11-14 18:20:50.727 10046  1669 I SafeBinderCall: onPositionChange binder cost:1
11-14 18:20:51.011   904  3351 I vendor.qti.bluetooth@1.0-ibs_handler: ProcessIbsCmd: Received IBS_WAKE_IND: 0xFD
11-14 18:20:51.011   904  3351 D vendor.qti.bluetooth@1.0-ibs_handler: SerialClockVote: vote for UART CLK ON
11-14 18:20:51.012   904  3351 D vendor.qti.bluetooth@1.0-wake_lock: Acquire wakelock is acquired
11-14 18:20:51.012   904  3351 I vendor.qti.bluetooth@1.0-ibs_handler: ProcessIbsCmd: Writing IBS_WAKE_ACK
11-14 18:20:51.013  2492  3359 V bt_stack: [VERBOSE1:btm_ble_gap.cc(1924)] btm_ble_process_ext_adv_pkt: bda=c8:28:32:16:78:36
11-14 18:20:51.014  2492  3359 V bt_stack: [VERBOSE1:btm_ble_gap.cc(1848)] btm_ble_process_adv_addr: bda=c8:28:32:16:78:36
11-14 18:20:51.014  2492  3359 V bt_stack: [VERBOSE1:btm_ble_gap.cc(2058)]  Waiting for scan response c8:28:32:16:78:36
11-14 18:20:51.014  2492  3359 V bt_stack: [VERBOSE1:btm_ble_gap.cc(1924)] btm_ble_process_ext_adv_pkt: bda=c8:28:32:16:78:36
11-14 18:20:51.014  2492  3359 V bt_stack: [VERBOSE1:btm_ble_gap.cc(1848)] btm_ble_process_adv_addr: bda=c8:28:32:16:78:36
11-14 18:20:51.014  2492  3359 V bt_stack: [VERBOSE1:btm_inq.cc(1019)] BTM_InqDbRead: bd addr c8:28:32:16:78:36
11-14 18:20:51.014  2492  3359 V bt_stack: [VERBOSE1:btm_ble_gap.cc(1924)] btm_ble_process_ext_adv_pkt: bda=db:e4:8f:19:63:5d
11-14 18:20:51.014  2492  3359 V bt_stack: [VERBOSE1:btm_ble_gap.cc(1848)] btm_ble_process_adv_addr: bda=db:e4:8f:19:63:5d
11-14 18:20:51.014  2492  3359 V bt_stack: [VERBOSE1:btm_ble_gap.cc(2058)]  Waiting for scan response db:e4:8f:19:63:5d
11-14 18:20:51.015  2492  3359 V bt_stack: [VERBOSE1:btm_ble_gap.cc(1924)] btm_ble_process_ext_adv_pkt: bda=db:e4:8f:19:63:5d
11-14 18:20:51.015  2492  3359 V bt_stack: [VERBOSE1:btm_ble_gap.cc(1848)] btm_ble_process_adv_addr: bda=db:e4:8f:19:63:5d
11-14 18:20:51.015  2492  3359 V bt_stack: [VERBOSE1:btm_inq.cc(1019)] BTM_InqDbRead: bd addr db:e4:8f:19:63:5d
11-14 18:20:51.020  3384  3527 E MiuiFastConnectService: check adv data not fast connect
11-14 18:20:51.020  3384  3527 D MiuiNearbyService: getNearbyService() - returning com.android.bluetooth.ble.app.MiuiNearbyService@e89e537
11-14 18:20:51.023 10449 11419 E IDM-BleBackGround: MiConnect EndPoint found
11-14 18:20:51.028  3384  3527 D MiuiMiHomeConnectController: getDeviceTimes
11-14 18:20:51.030  3384  3527 D MiuiMiHomeConnectController: no need to check times for : mDisableTimeCheck yes
11-14 18:20:51.030  3384  3527 D MiuiMiHomeConnectController: result.getRssi = -5800:00:00:19:63:5D
11-14 18:20:51.031  3384  3527 D MiuiMiHomeDownloadManager: check local file : null
11-14 18:20:51.031  3384  3527 D MiuiMiHomeDownloadManager: device: 2054    return rssiNum: -50
11-14 18:20:51.031  3384  3527 D MiuiMiHomeConnectController: rssi num is not fit cloud data
11-14 18:20:51.093   904  3351 I vendor.qti.bluetooth@1.0-ibs_handler: ProcessIbsCmd: Received IBS_SLEEP_IND: 0xFE
11-14 18:20:51.093   904  3351 D vendor.qti.bluetooth@1.0-ibs_handler: SerialClockVote: vote for UART CLK OFF
11-14 18:20:51.243   904  3058 D vendor.qti.bluetooth@1.0-wake_lock: Release wakelock is released
11-14 18:20:51.727  2583  2583 D MiPlayDetailViewModel: onPositionChange(): position = 161014
11-14 18:20:51.728 10046  1669 I SafeBinderCall: onPositionChange binder cost:1
11-14 18:20:51.780 16914  1665 I DrawHandler: [DFM Handler Thread #0] NOTIFY_RENDERING ---
11-14 18:20:51.963 17228 31101 D BufferPoolAccessor2.0: bufferpool2 0x71aecb5a28 : 5(40960 size) total buffers - 5(40960 size) used buffers - 1/7 (recycle/alloc) - 46/60548 (fetch/transfer)
11-14 18:20:52.581  1850  2404 I chatty  : uid=1000(system) WifiHandlerThre expire 1 line
11-14 18:20:52.725 10046  1669 I SafeBinderCall: onPositionChange binder cost:0
11-14 18:20:52.726  2583  2583 D MiPlayDetailViewModel: onPositionChange(): position = 162013
11-14 18:20:52.904  2960  2960 D NetworkSpeedTracker: receive actionandroid.intent.action.BATTERY_CHANGED
11-14 18:20:52.904  2960  2960 D NetworkSpeedTracker: onReceive ACTION_BATTERY_CHANGED mBatteryLevel = 51;mIsCharging =true
11-14 18:20:52.905  2831  2831 D QtiCarrierConfigHelper: WARNING, no carrier configs on phone Id: 0
11-14 18:20:52.906  2583  2583 D BatteryController: onReceive: Intent = Intent { act=android.intent.action.BATTERY_CHANGED flg=0x60000010 (has extras) } action = android.intent.action.BATTERY_CHANGED
11-14 18:20:52.906  2583  2583 D KeyguardUpdateMonitor: received broadcast android.intent.action.BATTERY_CHANGED
11-14 18:20:52.909 11282 11714 D PowerKeeper.FrozenApp: onBatteryChanged plug=true mBatteryPlugged=2
11-14 18:20:52.909 11282 12380 D PowerCheckerService: onBatteryChanged, mBatteryLevel = 51, status = 2, level = 51, plug = 2, scale = 100
11-14 18:20:52.910 10242 10242 I BatteryInfoReceiver: ACTION_BATTERY_CHANGED
11-14 18:20:52.911 10242 10242 I PowerNoticeUI: handleBatteryChanged oldPlugType 2 mPlugType 2 oldBatteryLevel 51 mBatteryLevel 51 temperature 350
11-14 18:20:52.911  2915  2915 D DeviceStatisticsService: chargerType=2 batteryLevel=51 totalBatteryCapacity=3775500
11-14 18:20:52.911  2915  2915 D DeviceInfoHidlClient: getPowerInfoSupportStatus()=1
11-14 18:20:52.911  2915  2915 D DeviceInfoHidlClient: isRadioOn()=true
11-14 18:20:52.911  2915  2915 I DeviceInfoHidlClient: isPowerInfoNeverSent=false batteryLevel=51 batteryLevelIndex=2 chargingMode=2 totalCapacity=3775500 powerSaveMode=false
11-14 18:20:52.914 10242 15575 I android_os_HwBinder: HwBinder: Starting thread pool for getting: vendor.xiaomi.hardware.micharge@1.0::IMiCharge/default
11-14 18:20:52.914   972 15661 I vendor.xiaomi.hardware.micharge@1.0-service: ReadFilePathValue path = /sys/class/power_supply/battery/night_charging value = 0
11-14 18:20:52.914 10242 15575 I ChargeProtectionUtils: getNightChargingState: 0
11-14 18:20:52.933 11311 11613 D MemoryCeilingMonitor: [handleMemoryCalculate]
11-14 18:20:52.933 11311 11613 D MemoryCeilingMonitor: [calculate] tot: 5909301, max: 268435456, free: 133805, heap: 5775496, per: 0.02151539921760559
11-14 18:20:52.986 17228 18460 D CCodecBufferChannel: [c2.android.aac.decoder#731] DEBUG: elapsed: n=6 [in=0 pipeline=0 out=2 smoothness=4]
11-14 18:20:52.986 17228 18460 D PipelineWatcher: DEBUG: elapsed 2 / 6
11-14 18:20:53.022   904  3351 I vendor.qti.bluetooth@1.0-ibs_handler: ProcessIbsCmd: Received IBS_WAKE_IND: 0xFD
11-14 18:20:53.022   904  3351 D vendor.qti.bluetooth@1.0-ibs_handler: SerialClockVote: vote for UART CLK ON
11-14 18:20:53.022   904  3351 D vendor.qti.bluetooth@1.0-wake_lock: Acquire wakelock is acquired
11-14 18:20:53.022   904  3351 I vendor.qti.bluetooth@1.0-ibs_handler: ProcessIbsCmd: Writing IBS_WAKE_ACK
11-14 18:20:53.024  2492  3359 V bt_stack: [VERBOSE1:btm_ble_gap.cc(1924)] btm_ble_process_ext_adv_pkt: bda=db:e4:8f:19:63:5d
11-14 18:20:53.024  2492  3359 V bt_stack: [VERBOSE1:btm_ble_gap.cc(1848)] btm_ble_process_adv_addr: bda=db:e4:8f:19:63:5d
11-14 18:20:53.024  2492  3359 V bt_stack: [VERBOSE1:btm_ble_gap.cc(2058)]  Waiting for scan response db:e4:8f:19:63:5d
11-14 18:20:53.024  2492  3359 V bt_stack: [VERBOSE1:btm_ble_gap.cc(1924)] btm_ble_process_ext_adv_pkt: bda=db:e4:8f:19:63:5d
11-14 18:20:53.024  2492  3359 V bt_stack: [VERBOSE1:btm_ble_gap.cc(1848)] btm_ble_process_adv_addr: bda=db:e4:8f:19:63:5d
11-14 18:20:53.024  2492  3359 V bt_stack: [VERBOSE1:btm_inq.cc(1019)] BTM_InqDbRead: bd addr db:e4:8f:19:63:5d
11-14 18:20:53.030  3384  3527 D MiuiMiHomeConnectController: getDeviceTimes
11-14 18:20:53.031  3384  3527 D MiuiMiHomeConnectController: no need to check times for : mDisableTimeCheck yes
11-14 18:20:53.031  3384  3527 D MiuiMiHomeConnectController: result.getRssi = -6000:00:00:19:63:5D
11-14 18:20:53.034  3384  3527 D MiuiMiHomeDownloadManager: check local file : null
11-14 18:20:53.034  3384  3527 D MiuiMiHomeDownloadManager: device: 2054    return rssiNum: -50
11-14 18:20:53.034  3384  3527 D MiuiMiHomeConnectController: rssi num is not fit cloud data
11-14 18:20:53.103   904  3351 I vendor.qti.bluetooth@1.0-ibs_handler: ProcessIbsCmd: Received IBS_SLEEP_IND: 0xFE
11-14 18:20:53.103   904  3351 D vendor.qti.bluetooth@1.0-ibs_handler: SerialClockVote: vote for UART CLK OFF
11-14 18:20:53.243 17228 18463 D CCodecBuffers: [c2.android.aac.decoder#731:1D-Input.Impl[N]] codec released a buffer owned by client (index 0)
11-14 18:20:53.253   904  3058 D vendor.qti.bluetooth@1.0-wake_lock: Release wakelock is released
11-14 18:20:53.445 11311 11341 I PERF_LOG: GC.happened gc!!!!!!!!!
11-14 18:20:53.686  1537 31102 D BufferPoolAccessor2.0: bufferpool2 0xb400007734272a28 : 6(24576 size) total buffers - 1(4096 size) used buffers - 60581/60613 (recycle/alloc) - 171/60612 (fetch/transfer)
11-14 18:20:53.697 16914 16914 D MIUIInput: [MotionEvent] ViewRootImpl { action=ACTION_DOWN, id[0]=0, pointerCount=1, eventTime=49122749, downTime=49122749 } moveCount:0
11-14 18:20:53.724  2583  2583 D MiPlayDetailViewModel: onPositionChange(): position = 163012
11-14 18:20:53.724 10046  1669 I SafeBinderCall: onPositionChange binder cost:0
11-14 18:20:53.729  1850  1915 I chatty  : uid=1000(system) android.display expire 119 lines
11-14 18:20:53.762   951   951 I ANDR-PERF-LM: LMPerfGlue: perfmodule_submit_request() 132: perfmodule_submit_request()
11-14 18:20:53.762   951   951 I ANDR-PERF-LM: Core: getInstance() 84: LM getInstance
11-14 18:20:53.762   951   951 D ANDR-PERF-LM: Feature: lookup() 101: Feature Name = AppClassifier, total featuers = 3, featureFound = 1
11-14 18:20:53.762   951   951 D ANDR-PERF-LM: Feature: getData() 112: data.data = 1
11-14 18:20:53.762   951   951 I ANDR-PERF-LM: FeedbackAPI: getFeedback() 60: app:cn.missevan feature:AppClassifier feedback = 1
11-14 18:20:53.763   951   951 I ANDR-PERF-LM: LMPerfGlue: perfmodule_submit_request() 132: perfmodule_submit_request()
11-14 18:20:53.764   951   951 I ANDR-PERF-LM: Core: getInstance() 84: LM getInstance
11-14 18:20:53.764   951   951 I ANDR-PERF-LM: WQ: push() 59: LMTriggerQ push() size=0
11-14 18:20:53.764   951   951 I ANDR-PERF-LM: WQ: push() 61: LMTriggerQ push() done size=1
11-14 18:20:53.764   951  1213 I ANDR-PERF-LM: WQ: pop() 42: LMTriggerQ pop() done size=0
11-14 18:20:53.764   951  1213 I ANDR-PERF-LM: Core: lmMain() 373: Waiting on trigger Queue
11-14 18:20:53.764   951  1213 I ANDR-PERF-LM: WQ: pop() 31: LMTriggerQ pop() size=0
11-14 18:20:53.764   951   951 I ANDR-PERF-LM: LMPerfGlue: perfmodule_submit_request() 132: perfmodule_submit_request()
11-14 18:20:53.764   951   951 I ANDR-PERF-LM: Core: getInstance() 84: LM getInstance
11-14 18:20:53.764   951   951 D ANDR-PERF-LM: Feature: lookup() 101: Feature Name = AppClassifier, total featuers = 3, featureFound = 1
11-14 18:20:53.764   951   951 D ANDR-PERF-LM: Feature: getData() 112: data.data = 1
11-14 18:20:53.764   951   951 I ANDR-PERF-LM: FeedbackAPI: getFeedback() 60: app:cn.missevan feature:AppClassifier feedback = 1
11-14 18:20:53.877  1850  2375 I chatty  : uid=1000(system) InputDispatcher expire 21 lines
11-14 18:20:53.966 16914 16914 D MIUIInput: [MotionEvent] ViewRootImpl { action=ACTION_UP, id[0]=0, pointerCount=1, eventTime=49123020, downTime=49122749 } moveCount:22
11-14 18:20:53.967   951   951 I ANDR-PERF-LM: LMPerfGlue: perfmodule_submit_request() 132: perfmodule_submit_request()
11-14 18:20:53.967   951   951 I ANDR-PERF-LM: Core: getInstance() 84: LM getInstance
11-14 18:20:53.967   951   951 D ANDR-PERF-LM: Feature: lookup() 101: Feature Name = AppClassifier, total featuers = 3, featureFound = 1
11-14 18:20:53.967   951   951 D ANDR-PERF-LM: Feature: getData() 112: data.data = 1
11-14 18:20:53.967   951   951 I ANDR-PERF-LM: FeedbackAPI: getFeedback() 60: app:cn.missevan feature:AppClassifier feedback = 1
11-14 18:20:53.968   951   951 I ANDR-PERF-LM: LMPerfGlue: perfmodule_submit_request() 132: perfmodule_submit_request()
11-14 18:20:53.968   951   951 I ANDR-PERF-LM: Core: getInstance() 84: LM getInstance
11-14 18:20:53.968   951   951 I ANDR-PERF-LM: WQ: push() 59: LMTriggerQ push() size=0
11-14 18:20:53.968   951   951 I ANDR-PERF-LM: WQ: push() 61: LMTriggerQ push() done size=1
11-14 18:20:53.968   951  1213 I ANDR-PERF-LM: WQ: pop() 42: LMTriggerQ pop() done size=0
11-14 18:20:53.968   951  1213 I ANDR-PERF-LM: Core: lmMain() 373: Waiting on trigger Queue
11-14 18:20:53.968   951  1213 I ANDR-PERF-LM: WQ: pop() 31: LMTriggerQ pop() size=0
11-14 18:20:53.968   951   951 I ANDR-PERF-LM: LMPerfGlue: perfmodule_submit_request() 132: perfmodule_submit_request()
11-14 18:20:53.968   951   951 I ANDR-PERF-LM: Core: getInstance() 84: LM getInstance
11-14 18:20:53.968   951   951 D ANDR-PERF-LM: Feature: lookup() 101: Feature Name = AppClassifier, total featuers = 3, featureFound = 1
11-14 18:20:53.968   951   951 D ANDR-PERF-LM: Feature: getData() 112: data.data = 1
11-14 18:20:53.968   951   951 I ANDR-PERF-LM: FeedbackAPI: getFeedback() 60: app:cn.missevan feature:AppClassifier feedback = 1
11-14 18:20:54.276 11311 11628 D WorkerThreadMonitor: Kill MSF check result[ senderSize:0,sendInterval:180844,receiveInterval=624,addCmdCount=1003
11-14 18:20:54.278   904  3351 I vendor.qti.bluetooth@1.0-ibs_handler: ProcessIbsCmd: Received IBS_WAKE_IND: 0xFD
11-14 18:20:54.278   904  3351 D vendor.qti.bluetooth@1.0-ibs_handler: SerialClockVote: vote for UART CLK ON
11-14 18:20:54.278   904  3351 D vendor.qti.bluetooth@1.0-wake_lock: Acquire wakelock is acquired
11-14 18:20:54.278   904  3351 I vendor.qti.bluetooth@1.0-ibs_handler: ProcessIbsCmd: Writing IBS_WAKE_ACK
11-14 18:20:54.279  2492  3359 V bt_stack: [VERBOSE1:btm_ble_gap.cc(1924)] btm_ble_process_ext_adv_pkt: bda=6c:d3:ee:41:41:7b
11-14 18:20:54.279  2492  3359 V bt_stack: [VERBOSE1:btm_ble_gap.cc(1848)] btm_ble_process_adv_addr: bda=6c:d3:ee:41:41:7b
11-14 18:20:54.280  2492  3359 V bt_stack: [VERBOSE1:btm_ble_gap.cc(2058)]  Waiting for scan response 6c:d3:ee:41:41:7b
11-14 18:20:54.280  2492  3359 V bt_stack: [VERBOSE1:btm_ble_gap.cc(1924)] btm_ble_process_ext_adv_pkt: bda=6c:d3:ee:41:41:7b
11-14 18:20:54.280  2492  3359 V bt_stack: [VERBOSE1:btm_ble_gap.cc(1848)] btm_ble_process_adv_addr: bda=6c:d3:ee:41:41:7b
11-14 18:20:54.280  2492  3359 V bt_stack: [VERBOSE1:btm_inq.cc(1019)] BTM_InqDbRead: bd addr 6c:d3:ee:41:41:7b
11-14 18:20:54.283  3384  3527 D MiuiFastConnectService: current device: 00:00:00:41:41:7B, peer device: 00:00:00:40:CC:1F, connect able device: 00:00:00:00:00:00
11-14 18:20:54.283  3384  3527 D MiuiFastConnectService: scanCallback: data=[16,01,09,8C,2E,00,63,1B,F7,CF,89,D3,6C,EE,7B,41,41,3F,D3,6C,EE,1F,CC,40,00,00,00,], rssi: -73
11-14 18:20:54.285  3384  3527 E MiuiFastConnectService: Pre check headset connected
11-14 18:20:54.285  3384  3527 E MiuiFastConnectService: Clear Current Device All Info
11-14 18:20:54.359   904  3351 I vendor.qti.bluetooth@1.0-ibs_handler: ProcessIbsCmd: Received IBS_SLEEP_IND: 0xFE
11-14 18:20:54.359   904  3351 D vendor.qti.bluetooth@1.0-ibs_handler: SerialClockVote: vote for UART CLK OFF
11-14 18:20:54.444  2986  3120 D MIUIInput: [MotionEvent] ViewRootImpl { action=ACTION_DOWN, id[0]=0, pointerCount=1, eventTime=49123496, downTime=49123496 } moveCount:0
11-14 18:20:54.445  2986  3120 D NavStubView: onTouchEvent: action=0, count=1
11-14 18:20:54.445  2986  3120 D NavStubView: onTouch ACTION_DOWN sendMessageDelayed MSG_CHECK_GESTURE_STUB_TOUCHABLE
11-14 18:20:54.464  1850  1915 I chatty  : uid=1000(system) android.display expire 2 lines
11-14 18:20:54.465  1850  2375 I chatty  : uid=1000(system) InputDispatcher expire 6 lines
11-14 18:20:54.465  2986  3120 D MIUIInput: [MotionEvent] ViewRootImpl { action=ACTION_CANCEL, id[0]=0, pointerCount=1, eventTime=49123520, downTime=49123496 } moveCount:0
11-14 18:20:54.465  2986  3120 D NavStubView: onTouchEvent: action=3, count=1
11-14 18:20:54.465  2986  3120 D NavStubView: currTime - mDownTime < MSG_CHECK_GESTURE_STUB_TOUCHABLE_TIMEOUT updateViewLayout UnTouchable, diffX:0.0 diffY:0.0
11-14 18:20:54.465  2986  3120 D NavStubView: ACTION_UP: mIsGestureStarted: false
11-14 18:20:54.465  2986  3120 D NavStubView: handleMessage MSG_SET_GESTURE_STUB_UNTOUCHABLE
11-14 18:20:54.465  2986  3120 D NavStubView_Touch: disableTouch    old=false   new=true
11-14 18:20:54.465  2986  3120 D NavStubView_Touch: updateTouchable    old=false   new=true
11-14 18:20:54.465  2986  3120 D NavStubView_Touch:   updateTouchable---requestApplyInsets
