12-22 12:25:37.383  2027  3285 D libsensor-displayalgo: the value of  brightness:391.000000,R:72035033.618040,G:64404733.033646,B:51095925.549162,EVENT_C:3864.500000,EVENT_R:1683.500000,EVENT_G:2036.500000,EVENT_B:851.000000
12-22 12:25:37.383  2027  3285 I libsensor-displayalgo: the value of  Coef1:1107.681000,Coef4:2.383000, scale1:0.935522, scale4:0.923264
12-22 12:25:37.383  2027  3285 E libsensor-displayalgo: RGB_test_0407_400_oldzy!
12-22 12:25:37.384  2027  3285 I libsensor-displayalgo: the value of  RESULT2608.450760,1064.820893,1260.881893,449.726453
12-22 12:25:37.384  2027  3285 I libsensor-displayalgo: the value of  getChannelDataCalibrated2724.737125,987.126491,1457.609167,487.274312
12-22 12:25:37.385  2027  3285 I libsensor-displayalgo: the value of  REAL LUX50.975807
12-22 12:25:37.385  2027  3285 I libsensor-displayalgo: the value of  CAL REAL LUX50.975807
12-22 12:25:37.385  2027  3285 I libsensor-ssccalapi: value of set_lux: 50.975807
12-22 12:25:37.482  1328  1328 D SRE     : sensorCallback mDisplayId = 0 dataCallback value=<  50.9762, 227.7213, 391.0000>,time=1415987947049944, sensor=5, temperature(K)= 227.7213
12-22 12:25:37.482  1328  1328 D SRE     : setSREStrength mDisplayId = 0, mLastLux = 58, lux = 50, mSREEnabled = 1, mLastFreezeStatus = 0, freeze = 0
12-22 12:25:37.600  1251  2216 I SDM     : HWCDisplay::SetActiveConfigWithConstraints: config: 0, WxH 1080x2400, fps 60
12-22 12:25:37.601  1251  2216 W SDM     : HWDeviceDRM::GetSupportedBitClkRate: Requested rate not supported: 831000000
12-22 12:25:37.601  1251  2216 I SDM     : HWDeviceDRM::UpdateMixerAttributes: Mixer WxH 1080x2400-0 for Peripheral
12-22 12:25:37.602  1251  2216 I SDM     : HWCDisplay::SubmitDisplayConfig: Active configuration changed from config 1 to 0
12-22 12:25:37.603  1251  2216 I SDM     : HWCDisplay::SubmitDisplayConfig: Active WxH 1080x2400 fps 60
12-22 12:25:37.605  1251  1467 I SDM     : HWDeviceDRM::SetupAtomic: Setting mode: WxH: 1080x2400, vrefresh: 60, hskew: 0
12-22 12:25:37.605  1251  2448 I vendor.qti.hardware.display.composer-service: FrameNotifyProcess Sensor: notify citsensorservice to trigger cwb
12-22 12:25:37.606  2027  2097 I libcitsensorservice@2.0-impl: msg_transfer
12-22 12:25:37.606  2027  3266 D vendor.xiaomi.sensor.citsensorservice@2.0-service: handle id:10 wxh:1280x2400 uwxuh:1080x2400 size: 9216000 fd:15 fd_meta:16 flags:0x4000228 usage:0x33  format:0x3 layer_count: 1
12-22 12:25:37.607  1251  2216 I SDM     : HWCSession::SetCWBOutputBuffer: CWB config passed by cwb_client : tappoint 1  CWB_ROI : (829.000000 4.000000 915.000000 90.000000)
12-22 12:25:37.609  1328  2240 D FPSMonitor: threadFuncFpsMonitor display 0, fps 60
12-22 12:25:37.609  2027  3267 I libsensor-displayalgo: displayInfoCallback::display info won't handle!!!
12-22 12:25:37.620  1251  5120 I SDM     : HWCSession::ProcessRequests: Successfully configured CWB buffer.
12-22 12:25:37.629  1251  5120 I SDM     : HWCSession::ProcessRequests: Pushing release fence in fenece wait queue.
12-22 12:25:37.629  1251  5120 I SDM     : HWCSession::ProcessRequests: Creating AsyncFenceWaits async thread.
12-22 12:25:37.630  1251  5120 I SDM     : HWCSession::ProcessRequests: Remove current CWB request from the pending request queue.
12-22 12:25:37.630  1251  5120 I SDM     : HWCSession::ProcessRequests: No pending cwb requests found in the queue.
12-22 12:25:37.647  1251  1467 I SDM     : HWDeviceDRM::SetupConcurrentWriteback: Tear down the Concurrent Writeback topology
12-22 12:25:37.651  1251  5121 I SDM     : HWCSession::NotifyCWBStatus: Notify the client about buffer status 0.
12-22 12:25:37.652  1251  5121 I SDM     : HWCSession::PerformFenceWaits: Remove current release fence from the pending fence wait queue.
12-22 12:25:37.652  1251  5121 I SDM     : HWCSession::PerformFenceWaits: CWB fence queue is empty. No pending release fence to wait on.
12-22 12:25:37.682  2027  3285 D libsensor-displayalgo: the value of  brightness:391.000000,R:73392590.416796,G:65624507.120736,B:52063249.006410,EVENT_C:3893.000000,EVENT_R:1692.000000,EVENT_G:2054.500000,EVENT_B:857.000000
12-22 12:25:37.682  2027  3285 I libsensor-displayalgo: the value of  Coef1:1107.681000,Coef4:2.383000, scale1:0.935522, scale4:0.923264
12-22 12:25:37.682  2027  3285 E libsensor-displayalgo: RGB_test_0407_400_oldzy!
12-22 12:25:37.683  2027  3285 I libsensor-displayalgo: the value of  RESULT2642.284713,1078.971120,1276.146647,455.866354
12-22 12:25:37.683  2027  3285 I libsensor-displayalgo: the value of  getChannelDataCalibrated2760.079417,1000.244250,1475.255582,493.926836
12-22 12:25:37.683  2027  3285 I libsensor-displayalgo: the value of  REAL LUX50.736107
12-22 12:25:37.683  2027  3285 I libsensor-displayalgo: the value of  CAL REAL LUX50.736107
12-22 12:25:37.706 20304 26892 D IdProviderImpl: getOAID from com.miui.analytics
12-22 12:25:37.810  2475  3037 D MIUIInput: [MotionEvent] publisher action=0x0, 586642177, channel '9a62d61 GestureStubBottom (server)'
12-22 12:25:37.810  9868 10133 D GestureStubView: onTouch ACTION_DOWN sendMessageDelayed MSG_CHECK_GESTURE_STUB_TOUCHABLE
12-22 12:25:37.810  9868 10133 D GesturesBackController: onPointerEvent swipeStatus:16
12-22 12:25:37.810  9868 10133 D GesturesBackController: mSwipeStatus == SWIPE_STATUS_ANIMATING, processPointerEvent
12-22 12:25:37.811  1431  2431 D RefreshRateConfigs: TouchBoost - choose 120.00fps
12-22 12:25:37.814  1251  2216 I SDM     : HWCDisplay::SetActiveConfigWithConstraints: config: 1, WxH 1080x2400, fps 120
12-22 12:25:37.815  1251  2216 W SDM     : HWDeviceDRM::GetSupportedBitClkRate: Requested rate not supported: 831000000
12-22 12:25:37.815  1251  2216 I SDM     : HWDeviceDRM::UpdateMixerAttributes: Mixer WxH 1080x2400-0 for Peripheral
12-22 12:25:37.816  1251  2216 I SDM     : HWCDisplay::SubmitDisplayConfig: Active configuration changed from config 0 to 1
12-22 12:25:37.816  1251  2216 I SDM     : HWCDisplay::SubmitDisplayConfig: Active WxH 1080x2400 fps 120
12-22 12:25:37.817  1251  1467 I SDM     : HWDeviceDRM::SetupAtomic: Setting mode: WxH: 1080x2400, vrefresh: 120, hskew: 0
12-22 12:25:37.820  1328  2240 D FPSMonitor: threadFuncFpsMonitor display 0, fps 120
12-22 12:25:37.820  2027  3267 I libsensor-displayalgo: displayInfoCallback::display info won't handle!!!
12-22 12:25:37.825  2475  2677 D PerfImpl: perfGetWorkLoadType
12-22 12:25:37.826  2475  2677 D PerfImpl: perfScrollBoost: com.google.android.documentsui, -1, 4
12-22 12:25:37.827  2475  2677 D PerfImpl: perfGetWorkLoadType
12-22 12:25:37.827  2475  2677 D PerfImpl: perfDragBoost: com.google.android.documentsui, -1, 1
12-22 12:25:37.831  9868 10133 D GesturesBackController: onPointerEvent swipeStatus:8
12-22 12:25:37.831  9868 10133 D GestureStubView: onSwipeStart: needAnimation: true
12-22 12:25:37.832  9868 10133 D GestureStubView: renderView
12-22 12:25:37.832  9868 10133 D GesturesBackController: onPointerEvent MotionEvent.ACTION_MOVE processMiuiGestures
12-22 12:25:37.832  9868 10133 D GesturesBackController: mSwipeStatus != SWIPE_STATUS_ANIMATING, processPointerEvent
12-22 12:25:37.843  2475  4898 I WindowManagerService: Physical orientation applied, rotation=0 sfOrientation=ORIENTATION_0
12-22 12:25:37.848  9868 10133 D GesturesBackController: onPointerEvent swipeStatus:2
12-22 12:25:37.848  9868 10133 D GesturesBackController: onPointerEvent MotionEvent.ACTION_MOVE processMiuiGestures
12-22 12:25:37.848  9868 10133 D GesturesBackController: mSwipeStatus != SWIPE_STATUS_ANIMATING, processPointerEvent
12-22 12:25:37.854  9868 10133 D GesturesBackController: onPointerEvent swipeStatus:2
12-22 12:25:37.855  9868 10133 D GesturesBackController: onPointerEvent MotionEvent.ACTION_MOVE processMiuiGestures
12-22 12:25:37.855  9868 10133 D GesturesBackController: mSwipeStatus != SWIPE_STATUS_ANIMATING, processPointerEvent
12-22 12:25:37.861  9868 10133 D GesturesBackController: onPointerEvent swipeStatus:2
12-22 12:25:37.861  9868 10133 D GesturesBackController: onPointerEvent MotionEvent.ACTION_MOVE processMiuiGestures
12-22 12:25:37.862  9868 10133 D GesturesBackController: mSwipeStatus != SWIPE_STATUS_ANIMATING, processPointerEvent
12-22 12:25:37.862  9868  9908 D BLASTBufferQueue: releaseBufferCallback ReleaseCallbackId: bufferId:42382737285096 framenumber:23619
12-22 12:25:37.869  9868 10133 D GesturesBackController: onPointerEvent swipeStatus:2
12-22 12:25:37.870  9868 10133 D GesturesBackController: onPointerEvent MotionEvent.ACTION_MOVE processMiuiGestures
12-22 12:25:37.872  9868 10133 D GesturesBackController: mSwipeStatus != SWIPE_STATUS_ANIMATING, processPointerEvent
12-22 12:25:37.880  9868 10133 D GesturesBackController: onPointerEvent swipeStatus:2
12-22 12:25:37.880  9868 10133 D GesturesBackController: onPointerEvent MotionEvent.ACTION_MOVE processMiuiGestures
12-22 12:25:37.880  9868 10133 D GesturesBackController: mSwipeStatus != SWIPE_STATUS_ANIMATING, processPointerEvent
12-22 12:25:37.887  9868 10133 D GesturesBackController: onPointerEvent swipeStatus:2
12-22 12:25:37.888  9868 10133 D GesturesBackController: onPointerEvent MotionEvent.ACTION_MOVE processMiuiGestures
12-22 12:25:37.888  9868 10133 D GesturesBackController: mSwipeStatus != SWIPE_STATUS_ANIMATING, processPointerEvent
12-22 12:25:37.895  9868 10133 D GesturesBackController: onPointerEvent swipeStatus:2
12-22 12:25:37.895  9868 10133 D GesturesBackController: onPointerEvent MotionEvent.ACTION_MOVE processMiuiGestures
12-22 12:25:37.895  9868 10133 D GesturesBackController: mSwipeStatus != SWIPE_STATUS_ANIMATING, processPointerEvent
12-22 12:25:37.903  9868 10133 D GesturesBackController: onPointerEvent swipeStatus:2
12-22 12:25:37.903  9868 10133 D GesturesBackController: onPointerEvent MotionEvent.ACTION_MOVE processMiuiGestures
12-22 12:25:37.903  9868 10133 D GesturesBackController: mSwipeStatus != SWIPE_STATUS_ANIMATING, processPointerEvent
12-22 12:25:37.911  9868 10133 D GesturesBackController: onPointerEvent swipeStatus:2
12-22 12:25:37.911  9868 10133 D GesturesBackController: onPointerEvent MotionEvent.ACTION_MOVE processMiuiGestures
12-22 12:25:37.911  9868 10133 D GesturesBackController: mSwipeStatus != SWIPE_STATUS_ANIMATING, processPointerEvent
12-22 12:25:37.913  1251  2448 I vendor.qti.hardware.display.composer-service: FrameNotifyProcess Sensor: notify citsensorservice to trigger cwb
12-22 12:25:37.919  9868 10133 D GesturesBackController: onPointerEvent swipeStatus:2
12-22 12:25:37.920  9868 10133 D GesturesBackController: onPointerEvent MotionEvent.ACTION_MOVE processMiuiGestures
12-22 12:25:37.920  9868 10133 D GesturesBackController: mSwipeStatus != SWIPE_STATUS_ANIMATING, processPointerEvent
12-22 12:25:37.927  9868 10133 D GesturesBackController: onPointerEvent swipeStatus:2
12-22 12:25:37.928  9868 10133 D GesturesBackController: onPointerEvent MotionEvent.ACTION_MOVE processMiuiGestures
12-22 12:25:37.928  9868 10133 D GesturesBackController: mSwipeStatus != SWIPE_STATUS_ANIMATING, processPointerEvent
12-22 12:25:37.930  2027  2097 I libcitsensorservice@2.0-impl: msg_transfer
12-22 12:25:37.930  2027  3266 D vendor.xiaomi.sensor.citsensorservice@2.0-service: handle id:10 wxh:1280x2400 uwxuh:1080x2400 size: 9216000 fd:15 fd_meta:16 flags:0x4000228 usage:0x33  format:0x3 layer_count: 1
12-22 12:25:37.931  1251  2216 I SDM     : HWCSession::SetCWBOutputBuffer: CWB config passed by cwb_client : tappoint 1  CWB_ROI : (829.000000 4.000000 915.000000 90.000000)
12-22 12:25:37.936  9868 10133 D GesturesBackController: onPointerEvent swipeStatus:2
12-22 12:25:37.936  9868 10133 D GesturesBackController: onPointerEvent MotionEvent.ACTION_MOVE processMiuiGestures
12-22 12:25:37.936  9868 10133 D GesturesBackController: mSwipeStatus != SWIPE_STATUS_ANIMATING, processPointerEvent
12-22 12:25:37.944  9868 10133 D GesturesBackController: onPointerEvent swipeStatus:2
12-22 12:25:37.944  9868 10133 D GesturesBackController: onPointerEvent MotionEvent.ACTION_MOVE processMiuiGestures
12-22 12:25:37.944  9868 10133 D GesturesBackController: mSwipeStatus != SWIPE_STATUS_ANIMATING, processPointerEvent
12-22 12:25:37.946  2475  3037 D MIUIInput: [MotionEvent] publisher action=0x1, 586642314, channel '9a62d61 GestureStubBottom (server)'
12-22 12:25:37.947  9868 10133 D GesturesBackController: onPointerEvent swipeStatus:2
12-22 12:25:37.947  9868 10133 D GesturesBackController: onPointerEvent MotionEvent.ACTION_MOVE processMiuiGestures
12-22 12:25:37.947  9868 10133 D GesturesBackController: mSwipeStatus != SWIPE_STATUS_ANIMATING, processPointerEvent
12-22 12:25:37.947  9868 10133 D GestureStubView: ACTION_UP: mIsGestureStarted: true mIsGestureAnimationEnabled: true
12-22 12:25:37.947  9868 10133 D GesturesBackController: onPointerEvent swipeStatus:2
12-22 12:25:37.947  9868 10133 D GestureStubView: onSwipeStop
12-22 12:25:37.947  9868 10133 D GestureStubView: injectKeyEvent keyCode:4
12-22 12:25:37.947  2475  2677 D PerfImpl: perfGetWorkLoadType
12-22 12:25:37.947  2475  4680 W MiuiInputKeyEventLog: keyCode:4 down:true eventTime:586642315 downTime:586642315 policyFlags:2b000000 flags:8 metaState:0 deviceId:-1 isScreenOn:true keyguardActive:false repeatCount:0
12-22 12:25:37.948  9868 10058 I HapticFeedbackUtil: rtp:163
12-22 12:25:37.948  2475  2677 D PerfImpl: perfScrollBoost: com.google.android.documentsui, 801, 2
12-22 12:25:37.948  2475  4680 D MIUIInput: Input event injection from pid 9868, KeyEvent:DOWN, keycode:4
12-22 12:25:37.948  2475  4898 W MiuiInputKeyEventLog: keyCode:4 down:false eventTime:586642315 downTime:586642315 policyFlags:2b000000 flags:8 metaState:0 deviceId:-1 isScreenOn:true keyguardActive:false repeatCount:0
12-22 12:25:37.949  2475  2677 D PerfImpl: perfGetWorkLoadType
12-22 12:25:37.950  2475  4898 D MIUIInput: Input event injection from pid 9868, KeyEvent:UP, keycode:4
12-22 12:25:37.950  2475  2677 D PerfImpl: perfScrollBoost: com.google.android.documentsui, -1, 4
12-22 12:25:37.950  2475  2677 D PerfImpl: perfGetWorkLoadType
12-22 12:25:37.950  9868 10133 D GesturesBackController: onPointerEvent MotionEvent.ACTION_UP stopGestures isFinish:true speed:2
12-22 12:25:37.950  9868 10133 D GesturesBackController: mSwipeStatus != SWIPE_STATUS_ANIMATING, processPointerEvent
12-22 12:25:37.950  2475  2677 D PerfImpl: perfLockRelease
12-22 12:25:37.951  2475  3037 D MIUIInput: [KeyEvent] publisher action:0x0,  keyCode:4 , 586642315,channel 'cd096e4 com.google.android.documentsui/com.android.documentsui.files.FilesActivity (server)'
12-22 12:25:37.951  2475  2677 W ActivityManager: Sending non-protected broadcast miui.intent.KEYCODE_BACK from system 2475:system/1000 pkg android. Callers=com.android.server.am.ActivityManagerService.broadcastIntentLocked:13794 com.android.server.am.ActivityManagerService.broadcastIntentLocked:13204 com.android.server.am.ActivityManagerService.broadcastIntentWithFeature:14053 android.app.ContextImpl.sendBroadcastAsUser:1400 com.android.server.policy.BaseMiuiPhoneWindowManager$16.run:2837
12-22 12:25:37.952  2475  2677 W ActivityManager: Sending non-protected broadcast miui.intent.KEYCODE_BACK from system 2475:system/1000 pkg android. Callers=com.android.server.am.ActivityManagerService.broadcastIntentLocked:13893 com.android.server.am.ActivityManagerService.broadcastIntentLocked:13204 com.android.server.am.ActivityManagerService.broadcastIntentWithFeature:14053 android.app.ContextImpl.sendBroadcastAsUser:1400 com.android.server.policy.BaseMiuiPhoneWindowManager$16.run:2837
12-22 12:25:37.952  2475  2677 W ActivityManager: Sending non-protected broadcast miui.intent.KEYCODE_BACK from system 2475:system/1000 pkg android. Callers=com.android.server.am.ActivityManagerService.broadcastIntentLocked:13794 com.android.server.am.ActivityManagerService.broadcastIntentLocked:13204 com.android.server.am.ActivityManagerService.broadcastIntentWithFeature:14053 android.app.ContextImpl.sendBroadcastAsUser:1400 com.android.server.policy.BaseMiuiPhoneWindowManager$16.run:2837
12-22 12:25:37.952  2475  2677 W ActivityManager: Sending non-protected broadcast miui.intent.KEYCODE_BACK from system 2475:system/1000 pkg android. Callers=com.android.server.am.ActivityManagerService.broadcastIntentLocked:13893 com.android.server.am.ActivityManagerService.broadcastIntentLocked:13204 com.android.server.am.ActivityManagerService.broadcastIntentWithFeature:14053 android.app.ContextImpl.sendBroadcastAsUser:1400 com.android.server.policy.BaseMiuiPhoneWindowManager$16.run:2837
12-22 12:25:37.952 32407 32407 D MIUIInput: [KeyEvent] ViewRootImpl windowName 'com.google.android.documentsui/com.android.documentsui.files.FilesActivity', KeyEvent { action=ACTION_DOWN, keyCode=KEYCODE_BACK, scanCode=0, metaState=0, flags=0x8, repeatCount=0, eventTime=586642315, downTime=586642315, deviceId=-1, source=0x101, displayId=0 }, phoneEventTime=12:25:37.947
12-22 12:25:37.953  1367  1367 D vendor.hardware.vibratorfeature: Vibrator perform effect 163
12-22 12:25:37.953  1367  1367 D vendor.hardware.vibratorfeature: uses mCurrMagnitudeExt 1.000000
12-22 12:25:37.953  1367  1367 D vendor.hardware.vibratorfeature: getAmplitudeFromEffectStrength 1.000000
12-22 12:25:37.954  1367  1367 D vendor.hardware.vibratorfeature: return from driver is 200
12-22 12:25:37.954  1367  1367 D vendor.hardware.vibratorfeature: playLengthMs is 250
12-22 12:25:37.955  1367  5130 D vendor.hardware.vibratorfeature: Starting perform on another thread
12-22 12:25:37.956  1251  5124 I SDM     : HWCSession::ProcessRequests: Successfully configured CWB buffer.
12-22 12:25:37.958  2475  3037 D MIUIInput: [KeyEvent] publisher action:0x1,  keyCode:4 , 586642315,channel 'cd096e4 com.google.android.documentsui/com.android.documentsui.files.FilesActivity (server)'
12-22 12:25:37.959 32407 32407 D MIUIInput: [KeyEvent] ViewRootImpl windowName 'com.google.android.documentsui/com.android.documentsui.files.FilesActivity', KeyEvent { action=ACTION_UP, keyCode=KEYCODE_BACK, scanCode=0, metaState=0, flags=0x8, repeatCount=0, eventTime=586642315, downTime=586642315, deviceId=-1, source=0x101, displayId=0 }, phoneEventTime=12:25:37.947
12-22 12:25:37.960  1251  5124 I SDM     : HWCSession::ProcessRequests: Pushing release fence in fenece wait queue.
12-22 12:25:37.960  1251  5124 I SDM     : HWCSession::ProcessRequests: Creating AsyncFenceWaits async thread.
12-22 12:25:37.960  1251  5124 I SDM     : HWCSession::ProcessRequests: Remove current CWB request from the pending request queue.
12-22 12:25:37.961  1251  5124 I SDM     : HWCSession::ProcessRequests: No pending cwb requests found in the queue.
12-22 12:25:37.962  1251  1467 I SDM     : HWDeviceDRM::SetupConcurrentWriteback: Tear down the Concurrent Writeback topology
12-22 12:25:37.963 32407 32407 I HandWritingStubImpl: isKeyboardTypeChanged: false
12-22 12:25:37.963 32407 32407 I HandWritingStubImpl: isKeyboardTypeChanged: false
12-22 12:25:37.964 32407 32407 I HandWritingStubImpl: isKeyboardTypeChanged: false
12-22 12:25:37.964 32407 32407 I HandWritingStubImpl: isKeyboardTypeChanged: false
12-22 12:25:37.981  1251  5132 I SDM     : HWCSession::NotifyCWBStatus: Notify the client about buffer status 0.
12-22 12:25:37.981  2027  3285 D libsensor-displayalgo: the value of  brightness:391.000000,R:73392590.416796,G:65624507.120736,B:52063249.006410,EVENT_C:3893.000000,EVENT_R:1692.000000,EVENT_G:2054.500000,EVENT_B:857.000000
12-22 12:25:37.981  1251  5132 I SDM     : HWCSession::PerformFenceWaits: Remove current release fence from the pending fence wait queue.
12-22 12:25:37.981  2027  3285 I libsensor-displayalgo: the value of  Coef1:1107.681000,Coef4:2.383000, scale1:0.935522, scale4:0.923264
12-22 12:25:37.981  1251  5132 I SDM     : HWCSession::PerformFenceWaits: CWB fence queue is empty. No pending release fence to wait on.
12-22 12:25:37.981  2027  3285 E libsensor-displayalgo: RGB_test_0407_400_oldzy!
12-22 12:25:37.981  2027  3285 I libsensor-displayalgo: the value of  RESULT2642.284713,1078.971120,1276.146647,455.866354
12-22 12:25:37.981  2027  3285 I libsensor-displayalgo: the value of  getChannelDataCalibrated2760.079417,1000.244250,1475.255582,493.926836
12-22 12:25:37.981  2027  3285 I libsensor-displayalgo: the value of  REAL LUX50.736107
12-22 12:25:37.981  2027  3285 I libsensor-displayalgo: the value of  CAL REAL LUX50.736107
12-22 12:25:37.997  2475  4680 I WindowManagerService: Physical orientation applied, rotation=0 sfOrientation=ORIENTATION_0
12-22 12:25:38.003 32407 32407 D DefaultSelectionTracker: Ignoring onDataSetChange. No active selection.
12-22 12:25:38.006 32407 32407 W SelectionTracker: Setting gestureTooltypes is likely to result in unexpected behavior.
12-22 12:25:38.024 32407 32407 D DefaultSelectionTracker: Ignoring onDataSetChange. No active selection.
12-22 12:25:38.027 32407 32407 D DefaultSelectionTracker: Ignoring onDataSetChange. No active selection.
12-22 12:25:38.058 32407 32407 D DefaultSelectionTracker: Ignoring onDataSetChange. No active selection.
12-22 12:25:38.061 32407 32407 D DefaultSelectionTracker: Ignoring onDataSetChange. No active selection.
12-22 12:25:38.062  9868 10133 W GestureStubView: adaptRotation   currentRotation=0   mRotation=0
12-22 12:25:38.063  9868 10133 D GestureStubView: resetRenderProperty: MSG_RESET_ANIMATING_STATUS   isLayoutParamChanged=true
12-22 12:25:38.063  9868 10133 D GestureStubView: reset animating status
12-22 12:25:38.085  2475  4898 I WindowManagerService: Physical orientation applied, rotation=0 sfOrientation=ORIENTATION_0
12-22 12:25:38.087  9868 10133 D GestureStubView: gatherTransparentRegion: need render w:54  h:1440
12-22 12:25:38.097  9868 10133 D GestureStubView: gatherTransparentRegion: need render w:54  h:1440
12-22 12:25:38.117  9868 28640 D BLASTBufferQueue: releaseBufferCallback ReleaseCallbackId: bufferId:42382737285176 framenumber:23648
12-22 12:25:38.205  1367  5130 D vendor.hardware.vibratorfeature: Notifying perform complete
12-22 12:25:38.206  1367  1367 D vendor.hardware.vibratorfeature: QTI Vibrator off
12-22 12:25:38.206  1367  1367 D DynamicEffectThread: pause
12-22 12:25:38.206  1367  1367 D DynamicEffectDevice: FFDevice pause
12-22 12:25:38.215  1251  2448 I vendor.qti.hardware.display.composer-service: FrameNotifyProcess Sensor: notify citsensorservice to trigger cwb
12-22 12:25:38.216  2027  2097 I libcitsensorservice@2.0-impl: msg_transfer
12-22 12:25:38.216  2027  3266 D vendor.xiaomi.sensor.citsensorservice@2.0-service: handle id:10 wxh:1280x2400 uwxuh:1080x2400 size: 9216000 fd:15 fd_meta:16 flags:0x4000228 usage:0x33  format:0x3 layer_count: 1
12-22 12:25:38.216  1251  2216 I SDM     : HWCSession::SetCWBOutputBuffer: CWB config passed by cwb_client : tappoint 1  CWB_ROI : (829.000000 4.000000 915.000000 90.000000)
12-22 12:25:38.223  1251  5148 I SDM     : HWCSession::ProcessRequests: Successfully configured CWB buffer.
12-22 12:25:38.231  1251  5148 I SDM     : HWCSession::ProcessRequests: Pushing release fence in fenece wait queue.
12-22 12:25:38.231  1251  5148 I SDM     : HWCSession::ProcessRequests: Creating AsyncFenceWaits async thread.
12-22 12:25:38.232  1251  5148 I SDM     : HWCSession::ProcessRequests: Remove current CWB request from the pending request queue.
12-22 12:25:38.232  1251  5148 I SDM     : HWCSession::ProcessRequests: No pending cwb requests found in the queue.
12-22 12:25:38.233  1251  1467 I SDM     : HWDeviceDRM::SetupConcurrentWriteback: Tear down the Concurrent Writeback topology
12-22 12:25:38.246  1251  5149 I SDM     : HWCSession::NotifyCWBStatus: Notify the client about buffer status 0.
12-22 12:25:38.246  1251  5149 I SDM     : HWCSession::PerformFenceWaits: Remove current release fence from the pending fence wait queue.
12-22 12:25:38.246  1251  5149 I SDM     : HWCSession::PerformFenceWaits: CWB fence queue is empty. No pending release fence to wait on.
12-22 12:25:38.382  2027  3285 D libsensor-displayalgo: the value of  brightness:391.000000,R:73392590.416796,G:65624507.120736,B:52063249.006410,EVENT_C:4032.000000,EVENT_R:1760.000000,EVENT_G:2119.500000,EVENT_B:891.000000
12-22 12:25:38.382  2027  3285 I libsensor-displayalgo: the value of  Coef1:1107.681000,Coef4:2.383000, scale1:0.935522, scale4:0.923264
12-22 12:25:38.382  2027  3285 E libsensor-displayalgo: RGB_test_0407_400_oldzy!
12-22 12:25:38.383  2027  3285 I libsensor-displayalgo: the value of  RESULT2642.284713,1078.971120,1276.146647,455.866354
12-22 12:25:38.383  2027  3285 I libsensor-displayalgo: the value of  getChannelDataCalibrated2760.079417,1000.244250,1475.255582,493.926836
12-22 12:25:38.383  2027  3285 I libsensor-displayalgo: the value of  REAL LUX58.177746
12-22 12:25:38.383  2027  3285 I libsensor-displayalgo: the value of  CAL REAL LUX58.177746
12-22 12:25:38.565  1267  5427 E ANDR-PERF-LM: SilkyScrolls: emptyContentDetection() 636: empty Content found
12-22 12:25:38.579  1251  2448 I vendor.qti.hardware.display.composer-service: FrameNotifyProcess Sensor: notify citsensorservice to trigger cwb
12-22 12:25:38.579  2027  2097 I libcitsensorservice@2.0-impl: msg_transfer
12-22 12:25:38.579  2027  3266 D vendor.xiaomi.sensor.citsensorservice@2.0-service: handle id:10 wxh:1280x2400 uwxuh:1080x2400 size: 9216000 fd:15 fd_meta:16 flags:0x4000228 usage:0x33  format:0x3 layer_count: 1
12-22 12:25:38.580  1251  2216 I SDM     : HWCSession::SetCWBOutputBuffer: CWB config passed by cwb_client : tappoint 1  CWB_ROI : (829.000000 4.000000 915.000000 90.000000)
12-22 12:25:38.580  1251  5160 I SDM     : HWCSession::ProcessRequests: Successfully configured CWB buffer.
12-22 12:25:38.584  1251  2448 I vendor.qti.hardware.display.composer-service: FrameNotifyProcess Sensor: notify citsensorservice to trigger cwb
12-22 12:25:38.584  2027  2097 I libcitsensorservice@2.0-impl: msg_transfer
12-22 12:25:38.585  1251  5160 I SDM     : HWCSession::ProcessRequests: Pushing release fence in fenece wait queue.
12-22 12:25:38.585  1251  5160 I SDM     : HWCSession::ProcessRequests: Creating AsyncFenceWaits async thread.
12-22 12:25:38.585  1251  5160 I SDM     : HWCSession::ProcessRequests: Remove current CWB request from the pending request queue.
12-22 12:25:38.586  1251  5160 I SDM     : HWCSession::ProcessRequests: No pending cwb requests found in the queue.
12-22 12:25:38.593  1251  1467 I SDM     : HWDeviceDRM::SetupConcurrentWriteback: Tear down the Concurrent Writeback topology
12-22 12:25:38.600  1251  5164 I SDM     : HWCSession::NotifyCWBStatus: Notify the client about buffer status 0.
12-22 12:25:38.600  1251  5164 I SDM     : HWCSession::PerformFenceWaits: Remove current release fence from the pending fence wait queue.
12-22 12:25:38.600  1251  5164 I SDM     : HWCSession::PerformFenceWaits: CWB fence queue is empty. No pending release fence to wait on.
12-22 12:25:38.682  2027  3285 D libsensor-displayalgo: the value of  brightness:391.000000,R:73392590.416796,G:65624507.120736,B:52063249.006410,EVENT_C:3940.500000,EVENT_R:1714.500000,EVENT_G:2076.000000,EVENT_B:869.500000
12-22 12:25:38.682  2027  3285 I libsensor-displayalgo: the value of  Coef1:1107.681000,Coef4:2.383000, scale1:0.935522, scale4:0.923264
12-22 12:25:38.683  2027  3285 E libsensor-displayalgo: RGB_test_0407_400_oldzy!
12-22 12:25:38.683  2027  3285 I libsensor-displayalgo: the value of  RESULT2642.284713,1078.971120,1276.146647,455.866354
12-22 12:25:38.683  2027  3285 I libsensor-displayalgo: the value of  getChannelDataCalibrated2760.079417,1000.244250,1475.255582,493.926836
12-22 12:25:38.683  2027  3285 I libsensor-displayalgo: the value of  REAL LUX53.202927
12-22 12:25:38.683  2027  3285 I libsensor-displayalgo: the value of  CAL REAL LUX53.202927
12-22 12:25:38.727 13055 13339 D MemoryCeilingMonitor: [handleMemoryCalculate]
12-22 12:25:38.728 13055 13339 D MemoryCeilingMonitor: [calculate] tot: 6051664, max: 268435456, free: 933888, heap: 5117776, per: 0.01906520128250122
12-22 12:25:38.952 23436 23449 I pinduoduo:tita: This is non sticky GC, maxfree is 8388608 minfree is 2097152
12-22 12:25:38.959  3388  3419 I appium  : channel read: POST /wd/hub/session/89bbb39e-2991-4438-a56d-ac6045d9691b/element
12-22 12:25:38.961  3388  3419 I appium  : FindElement command
12-22 12:25:38.963  3388  3419 I appium  : method: 'id', selector: 'cn.missevan:id/all_episodes'
12-22 12:25:38.964  3388  3419 I appium  : Waiting up to 100ms for the device to idle
12-22 12:25:38.982  2027  3285 D libsensor-displayalgo: the value of  brightness:391.000000,R:73392590.416796,G:65624507.120736,B:52063249.006410,EVENT_C:3940.500000,EVENT_R:1714.500000,EVENT_G:2076.000000,EVENT_B:869.500000
12-22 12:25:38.982  2027  3285 I libsensor-displayalgo: the value of  Coef1:1107.681000,Coef4:2.383000, scale1:0.935522, scale4:0.923264
12-22 12:25:38.982  2027  3285 E libsensor-displayalgo: RGB_test_0407_400_oldzy!
12-22 12:25:38.982  2027  3285 I libsensor-displayalgo: the value of  RESULT2642.284713,1078.971120,1276.146647,455.866354
12-22 12:25:38.982  2027  3285 I libsensor-displayalgo: the value of  getChannelDataCalibrated2760.079417,1000.244250,1475.255582,493.926836
12-22 12:25:38.982  2027  3285 I libsensor-displayalgo: the value of  REAL LUX53.202927
12-22 12:25:38.982  2027  3285 I libsensor-displayalgo: the value of  CAL REAL LUX53.202927
12-22 12:25:39.007  3388  3419 I appium  : AppiumResponse: {"sessionId":"89bbb39e-2991-4438-a56d-ac6045d9691b","value":{"error":"no such element","message":"An element could not be located on the page using the given search parameters","stacktrace":"io.appium.uiautomator2.common.exceptions.ElementNotFoundException: An element could not be located on the page using the given search parameters\n\tat io.appium.uiautomator2.handler.FindElement.safeHandle(FindElement.java:70)\n\tat io.appium.uiautomator2.handler.request.SafeRequestHandler.handle(SafeRequestHandler.java:59)\n\tat io.appium.uiautomator2.server.AppiumServlet.handleRequest(AppiumServlet.java:266)\n\tat io.appium.uiautomator2.server.AppiumServlet.handleHttpRequest(AppiumServlet.java:260)\n\tat io.appium.uiautomator2.http.ServerHandler.channelRead(ServerHandler.java:68)\n\tat io.netty.channel.AbstractChannelHandlerContext.invokeChannelRead(AbstractChannelHandlerContext.java:366)\n\tat io.netty.channel.AbstractChannelHandlerContext.invokeChannelRead(AbstractChannelHandlerContext.java:352)\n\tat io.netty.channel.AbstractChannelHandlerContext.fireChannelRead(AbstractChannelHandlerContext.java:345)\n\tat io.netty.handler.codec.MessageToMessageDecoder.channelRead(MessageToMessageDecoder.java:102)\n\tat io.netty.channel.AbstractChannelHandlerContext.invokeChannelRead(AbstractChannelHandlerContext.java:366)\n\tat io.netty.channel.AbstractChannelHandlerContext.invokeChannelRead(AbstractChannelHandlerContext.java:352)\n\tat io.netty.channel.AbstractChannelHandlerContext.fireChannelRead(AbstractChannelHandlerContext.java:345)\n\tat io.netty.channel.CombinedChannelDuplexHandler$DelegatingChannelHandlerContext.fireChannelRead(CombinedChannelDuplexHandler.java:435)\n\tat io.netty.handler.codec.ByteToMessageDecoder.fireChannelRead(ByteToMessageDecoder.java:293)\n\tat io.netty.handler.codec.ByteToMessageDecoder.channelRead(ByteToMessageDecoder.java:267)\n\tat io.netty.channel.CombinedChannelDuplexHandler.channelRead(CombinedChannelDuplexHandler.java:250)\n\tat io.netty.channel.AbstractChannelHandlerContext.invokeChannelRead(AbstractChannelHandlerContext.java:366)\n\tat io.netty.channel.AbstractChannelHandlerContext.invokeChannelRead(AbstractChannelHandlerContext.java:352)\n\tat io.netty.channel.AbstractChannelHandlerContext.fireChannelRead(AbstractChannelHandlerContext.java:345)\n\tat io.netty.handler.timeout.IdleStateHandler.channelRead(IdleStateHandler.java:266)\n\tat io.netty.channel.AbstractChannelHandlerContext.invokeChannelRead(AbstractChannelHandlerContext.java:366)\n\tat io.netty.channel.AbstractChannelHandlerContext.invokeChannelRead(AbstractChannelHandlerContext.java:352)\n\tat io.netty.channel.AbstractChannelHandlerContext.fireChannelRead(AbstractChannelHandlerContext.java:345)\n\tat io.netty.channel.DefaultChannelPipeline$HeadContext.channelRead(DefaultChannelPipeline.java:1294)\n\tat io.netty.channel.AbstractChannelHandlerContext.invokeChannelRead(AbstractChannelHandlerContext.java:366)\n\tat io.netty.channel.AbstractChannelHandlerContext.invokeChannelRead(AbstractChannelHandlerContext.java:352)\n\tat io.netty.channel.DefaultChannelPipeline.fireChannelRead(DefaultChannelPipeline.java:911)\n\tat io.netty.channel.nio.AbstractNioByteChannel$NioByteUnsafe.read(AbstractNioByteChannel.java:131)\n\tat io.netty.channel.nio.NioEventLoop.processSelectedKey(NioEventLoop.java:611)\n\tat io.netty.channel.nio.NioEventLoop.processSelectedKeysOptimized(NioEventLoop.java:552)\n\tat io.netty.channel.nio.NioEventLoop.processSelectedKeys(NioEventLoop.java:466)\n\tat io.netty.channel.nio.NioEventLoop.run(NioEventLoop.java:438)\n\tat io.netty.util.concurrent.SingleThreadEventExecutor$2.run(SingleThreadEventExecutor.java:140)\n\tat io.netty.util.concurrent.DefaultThreadFactory$DefaultRunnableDecorator.run(DefaultThreadFactory.java:144)\n\tat java.lang.Thread.run(Thread.java:920)\n"}}
12-22 12:25:39.016 28881 11959 D MiuiFastConnectService: stopBleScan: scanning: true
12-22 12:25:39.017 28881 11959 D BluetoothAdapter: isLeEnabled(): ON
12-22 12:25:39.018  8079 11197 D BtGatt.GattService: stopScan() - queue size =1
12-22 12:25:39.019  8079 11126 I BtGatt.ScanManager: msg.what = 1, msg.arg1 = 0(mMiuiControllingType)
12-22 12:25:39.020  8079 11126 D BtGatt.ScanManager: track LE scan event: callerPackage = [com.xiaomi.bluetooth], scanMode = [0], reportDelayMillis = [0], behavior = [2], scannerId = [7], duration = [59913]
12-22 12:25:39.020  8079 11197 D BtGatt.GattService: unregisterScanner() - scannerId=7
12-22 12:25:39.021  8079 11126 D BtGatt.ScanManager: stop scan
12-22 12:25:39.022  1192  1192 D vendor.qti.bluetooth@1.0-ibs_handler: SerialClockVote: vote for UART CLK ON
12-22 12:25:39.023  1192  1192 D vendor.qti.bluetooth@1.0-wake_lock: Acquire wakelock is acquired
12-22 12:25:39.023  1192  1192 I vendor.qti.bluetooth@1.0-ibs_handler: DeviceWakeUp: Writing IBS_WAKE_IND
12-22 12:25:39.024 20304 20444 D IdProviderImpl: getOAID from com.miui.analytics
12-22 12:25:39.031 20304 20444 D IdProviderImpl: getOAID from com.miui.analytics
12-22 12:25:39.032  1192 11175 I vendor.qti.bluetooth@1.0-ibs_handler: ProcessIbsCmd: Received IBS_WAKE_ACK: 0xFC
12-22 12:25:39.032  1192 11175 I vendor.qti.bluetooth@1.0-ibs_handler: ProcessIbsCmd: Signal wack_cond_
12-22 12:25:39.032  1192  1192 D vendor.qti.bluetooth@1.0-ibs_handler: DeviceWakeUp: Unblocked from waiting for FC, pthread_cond_timedwait ret = 0
12-22 12:25:39.033  1192 11175 I vendor.qti.bluetooth@1.0-ibs_handler: ProcessIbsCmd: Received IBS_WAKE_IND: 0xFD
12-22 12:25:39.033  1192 11175 I vendor.qti.bluetooth@1.0-ibs_handler: ProcessIbsCmd: Writing IBS_WAKE_ACK
12-22 12:25:39.036  8079 11099 D BtGatt.GattService: onScanFilterParamsConfigured() - clientIf=7, status=0, action=1, availableSpace=59
12-22 12:25:39.036  8079 11099 D BtGatt.ScanManager: callback done for scannerId - 7 status - 0
12-22 12:25:39.038  8079 11099 D BtGatt.GattService: onScanFilterParamsConfigured() - clientIf=7, status=0, action=1, availableSpace=60
12-22 12:25:39.038  8079 11099 D BtGatt.ScanManager: callback done for scannerId - 7 status - 0
12-22 12:25:39.039  8079 11099 D BtGatt.GattService: onScanFilterParamsConfigured() - clientIf=7, status=0, action=1, availableSpace=61
12-22 12:25:39.039  8079 11099 D BtGatt.ScanManager: callback done for scannerId - 7 status - 0
12-22 12:25:39.040  8079 11099 D BtGatt.GattService: onScanFilterParamsConfigured() - clientIf=7, status=0, action=1, availableSpace=62
12-22 12:25:39.040  8079 11099 D BtGatt.ScanManager: callback done for scannerId - 7 status - 0
12-22 12:25:39.041  8079 11099 D BtGatt.GattService: onScanFilterParamsConfigured() - clientIf=7, status=0, action=1, availableSpace=63
12-22 12:25:39.042  8079 11099 D BtGatt.ScanManager: callback done for scannerId - 7 status - 0
12-22 12:25:39.043  8079 11099 D BtGatt.GattService: onScanFilterParamsConfigured() - clientIf=7, status=0, action=1, availableSpace=64
12-22 12:25:39.043  8079 11099 D BtGatt.ScanManager: callback done for scannerId - 7 status - 0
12-22 12:25:39.043  8079 11126 D BtGatt.ScanManager: configureRegularScanParams() - queue=0
12-22 12:25:39.043  8079 11126 D BtGatt.ScanManager: configureRegularScanParams() - ScanSetting LE 1M Scan mode=-2147483648 ScanSetting LE Coded Scan mode=-2147483648 mLastConfiguredScanSettingLE1M=0 mLastConfiguredScanSettingLECoded=0 scanPhy=1
12-22 12:25:39.043  8079 11126 D BtGatt.ScanManager: configureRegularScanParams() - queue emtpy, scan stopped
12-22 12:25:39.043  8079 11126 D BtGatt.ScanManager: configureRegularScanParams() - queue emtpy, scan stopped
12-22 12:25:39.082  1192 11175 I vendor.qti.bluetooth@1.0-ibs_handler: ProcessIbsCmd: Received IBS_SLEEP_IND: 0xFE
12-22 12:25:39.084 28881 11959 D MiuiFastConnectService: handleMessage: MSG_START_BLE_SCAN mode: 0
12-22 12:25:39.084 28881 11959 D BluetoothAdapter: isLeEnabled(): ON
12-22 12:25:39.085 28881 11959 D BluetoothLeImp: isRoutingAllowedForScanStub
12-22 12:25:39.086  8079 11197 D BtGatt.GattService: registerScanner() - UUID=100fa80f-8560-47c6-90de-273c9f89be8f
12-22 12:25:39.086  8079 11099 D BtGatt.GattService: onScannerRegistered() - UUID=100fa80f-8560-47c6-90de-273c9f89be8f, scannerId=7, status=0
12-22 12:25:39.087 28881  8524 D BluetoothLeScanner: onScannerRegistered() - status=0 scannerId=7 mScannerId=0
12-22 12:25:39.089  8079 11197 D BtGatt.GattService: start scan with filters. callingPackage: com.xiaomi.bluetooth
12-22 12:25:39.089  8079 11197 D BtGatt.GattService: enforcePrivilegedPermissionIfNeeded([BluetoothLeScanFilter [mDeviceName=null, mDeviceAddress=null, mUuid=null, mUuidMask=null, mServiceSolicitationUuid=null, mServiceSolicitationUuidMask=null, mServiceDataUuid=null, mServiceData=null, mServiceDataMask=null, mManufacturerId=911, mManufacturerData=[], mManufacturerDataMask=null, mOrganizationId=-1, mTDSFlags=-1, mTDSFlagsMask=-1, mWifiNANHash=null], mGroupBasedFiltering=false, BluetoothLeScanFilter [mDeviceName=null, mDeviceAddress=null, mUuid=null, mUuidMask=null, mServiceSolicitationUuid=null, mServiceSolicitationUuidMask=null, mServiceDataUuid=null, mServiceData=null, mServiceDataMask=null, mManufacturerId=65535, mManufacturerData=[77], mManufacturerDataMask=null, mOrganizationId=-1, mTDSFlags=-1, mTDSFlagsMask=-1, mWifiNANHash=null], mGroupBasedFiltering=false, BluetoothLeScanFilter [mDeviceName=null, mDeviceAddress=null, mUuid=null, mUuidMask=null, mServiceSolicitationUuid=null, mServiceSolicitationUuidMask=null, mServiceDataUuid=0000fe95-0000-1000-8000-00805f9b34fb, mServiceData=[], mServiceDataMask=null, mManufacturerId=-1, mManufacturerData=null, mManufacturerDataMask=null, mOrganizationId=-1, mTDSFlags=-1, mTDSFlagsMask=-1, mWifiNANHash=null], mGroupBasedFiltering=false, BluetoothLeScanFilter [mDeviceName=null, mDeviceAddress=null, mUuid=null, mUuidMask=null, mServiceSolicitationUuid=null, mServiceSolicitationUuidMask=null, mServiceDataUuid=0000fdaa-0000-1000-8000-00805f9b34fb, mServiceData=[], mServiceDataMask=null, mManufacturerId=-1, mManufacturerData=null, mManufacturerDataMask=null, mOrganizationId=-1, mTDSFlags=-1, mTDSFlagsMask=-1, mWifiNANHash=null], mGroupBasedFiltering=false, BluetoothLeScanFilter [mDeviceName=null, mDeviceAddress=null, mUuid=null, mUuidMask=null, mServiceSolicitationUuid=null, mServiceSolicitationUuidMask=null, mServiceDataUuid=0000fdee-0000-1000-8000-00805f9b34fb, mServiceData=[1, 1, 1], mServiceDataMask=null, mManufacturerId=-1, mManufacturerData=null, mManufacturerDataMask=null, mOrganizationId=-1, mTDSFlags=-1, mTDSFlagsMask=-1, mWifiNANHash=null], mGroupBasedFiltering=false, BluetoothLeScanFilter [mDeviceName=null, mDeviceAddress=null, mUuid=null, mUuidMask=null, mServiceSolicitationUuid=null, mServiceSolicitationUuidMask=null, mServiceDataUuid=0000fd2d-0000-1000-8000-00805f9b34fb, mServiceData=[], mServiceDataMask=null, mManufacturerId=-1, mManufacturerData=null, mManufacturerDataMask=null, mOrganizationId=-1, mTDSFlags=-1, mTDSFlagsMask=-1, mWifiNANHash=null], mGroupBasedFiltering=false])
12-22 12:25:39.091  8079 11197 W BluetoothUtils: callingUid is Process.BLUETOOTH_UID
12-22 12:25:39.093  8079 11126 I BtGatt.ScanManager: msg.what = 9, msg.arg1 = 0(mMiuiControllingType)
12-22 12:25:39.093  8079 11126 I BtGatt.ScanManager: msg.what = 0, msg.arg1 = 0(mMiuiControllingType)
12-22 12:25:39.093  8079 11126 D BtGatt.ScanManager: handling starting scan
12-22 12:25:39.093  8079 11126 D BtGatt.ScanManager: isAptXLowLatencyModeEnabled: false
12-22 12:25:39.093  8079 11126 D BtGatt.ScanManager: track LE scan event: callerPackage = [com.xiaomi.bluetooth], scanMode = [0], reportDelayMillis = [0], behavior = [1], scannerId = [7], duration = [0]
12-22 12:25:39.095  1192 11175 I vendor.qti.bluetooth@1.0-ibs_handler: ProcessIbsCmd: Received IBS_WAKE_IND: 0xFD
12-22 12:25:39.095  1192 11175 I vendor.qti.bluetooth@1.0-ibs_handler: ProcessIbsCmd: Writing IBS_WAKE_ACK
12-22 12:25:39.095  8079 11099 D BtGatt.GattService: onScanFilterEnableDisabled() - clientIf=7, status=0, action=1
12-22 12:25:39.095  8079 11099 D BtGatt.ScanManager: callback done for scannerId - 7 status - 0
12-22 12:25:39.097 20304 20444 D IdProviderImpl: getOAID from com.miui.analytics
12-22 12:25:39.097  8079 11126 D BtGatt.ScanManager: configureScanFilters rssiThreshold: -60, 15
12-22 12:25:39.097  8079 11126 D BtGatt.ScanManager: Available Filter size: 61
12-22 12:25:39.097  8079 11099 D BtGatt.GattService: onScanFilterConfig() - clientIf=7, action = 0 status = 0, filterType=0, availableSpace=0
12-22 12:25:39.098  8079 11099 D BtGatt.ScanManager: callback done for scannerId - 7 status - 0
12-22 12:25:39.098  8079 11126 D BtGatt.ScanManager: configureFilterParamter 500 10000 1 0, deliveryMode=0
12-22 12:25:39.100  8079 11099 D BtGatt.GattService: onScanFilterParamsConfigured() - clientIf=7, status=0, action=0, availableSpace=63
12-22 12:25:39.100  8079 11099 D BtGatt.ScanManager: callback done for scannerId - 7 status - 0
12-22 12:25:39.100  8079 11099 D BtGatt.GattService: onScanFilterConfig() - clientIf=7, action = 0 status = 0, filterType=0, availableSpace=0
12-22 12:25:39.100  8079 11099 D BtGatt.ScanManager: callback done for scannerId - 7 status - 0
12-22 12:25:39.100  8079 11126 D BtGatt.ScanManager: configureFilterParamter 500 10000 1 0, deliveryMode=0
12-22 12:25:39.102  8079 11099 D BtGatt.GattService: onScanFilterParamsConfigured() - clientIf=7, status=0, action=0, availableSpace=62
12-22 12:25:39.102  8079 11099 D BtGatt.ScanManager: callback done for scannerId - 7 status - 0
12-22 12:25:39.102  8079 11099 D BtGatt.GattService: onScanFilterConfig() - clientIf=7, action = 0 status = 0, filterType=0, availableSpace=0
12-22 12:25:39.102  8079 11099 D BtGatt.ScanManager: callback done for scannerId - 7 status - 0
12-22 12:25:39.102  8079 11126 D BtGatt.ScanManager: configureFilterParamter 500 10000 1 0, deliveryMode=0
12-22 12:25:39.104  8079 11099 D BtGatt.GattService: onScanFilterParamsConfigured() - clientIf=7, status=0, action=0, availableSpace=61
12-22 12:25:39.104  8079 11099 D BtGatt.ScanManager: callback done for scannerId - 7 status - 0
12-22 12:25:39.104  8079 11099 D BtGatt.GattService: onScanFilterConfig() - clientIf=7, action = 0 status = 0, filterType=0, availableSpace=0
12-22 12:25:39.104  8079 11099 D BtGatt.ScanManager: callback done for scannerId - 7 status - 0
12-22 12:25:39.105  8079 11126 D BtGatt.ScanManager: configureFilterParamter 500 10000 1 0, deliveryMode=0
12-22 12:25:39.106  8079 11099 D BtGatt.GattService: onScanFilterParamsConfigured() - clientIf=7, status=0, action=0, availableSpace=60
12-22 12:25:39.106  8079 11099 D BtGatt.ScanManager: callback done for scannerId - 7 status - 0
12-22 12:25:39.107  8079 11099 D BtGatt.GattService: onScanFilterConfig() - clientIf=7, action = 0 status = 0, filterType=0, availableSpace=0
12-22 12:25:39.107  8079 11099 D BtGatt.ScanManager: callback done for scannerId - 7 status - 0
12-22 12:25:39.107  8079 11126 D BtGatt.ScanManager: configureFilterParamter 500 10000 1 0, deliveryMode=0
12-22 12:25:39.109  8079 11099 D BtGatt.GattService: onScanFilterParamsConfigured() - clientIf=7, status=0, action=0, availableSpace=59
12-22 12:25:39.109  8079 11099 D BtGatt.ScanManager: callback done for scannerId - 7 status - 0
12-22 12:25:39.109  8079 11099 D BtGatt.GattService: onScanFilterConfig() - clientIf=7, action = 0 status = 0, filterType=0, availableSpace=0
12-22 12:25:39.109  8079 11099 D BtGatt.ScanManager: callback done for scannerId - 7 status - 0
12-22 12:25:39.109  8079 11126 D BtGatt.ScanManager: configureFilterParamter 500 10000 1 0, deliveryMode=0
12-22 12:25:39.111  8079 11099 D BtGatt.GattService: onScanFilterParamsConfigured() - clientIf=7, status=0, action=0, availableSpace=58
12-22 12:25:39.111  8079 11099 D BtGatt.ScanManager: callback done for scannerId - 7 status - 0
12-22 12:25:39.111  8079 11126 D BtGatt.ScanManager: configureRegularScanParams() - queue=1
12-22 12:25:39.111  8079 11126 D BtGatt.ScanManager: configureRegularScanParams() - ScanSetting LE 1M Scan mode=0 ScanSetting LE Coded Scan mode=0 mLastConfiguredScanSettingLE1M=-2147483648 mLastConfiguredScanSettingLECoded=-2147483648 scanPhy=255
12-22 12:25:39.113  8079 11126 W BtGatt.ScanManager: trackLeScan() - mLastStartTime = 0
12-22 12:25:39.113  8079 11126 D BtGatt.ScanManager: configureRegularScanParams - scanInterval LE 1M = 660 configureRegularScanParams - scanWindow LE 1M= 66 configureRegularScanParams - scanInterval LE Coded= 660 configureRegularScanParams - scanWindow LE Coded= 66
12-22 12:25:39.113  8079 11099 D BtGatt.GattService: onScanParamSetupCompleted : 0
12-22 12:25:39.157  1192 11175 I vendor.qti.bluetooth@1.0-ibs_handler: ProcessIbsCmd: Received IBS_SLEEP_IND: 0xFE
12-22 12:25:39.283  2027  3285 D libsensor-displayalgo: the value of  brightness:391.000000,R:73392590.416796,G:65624507.120736,B:52063249.006410,EVENT_C:3940.500000,EVENT_R:1714.500000,EVENT_G:2076.000000,EVENT_B:869.500000
12-22 12:25:39.283  2027  3285 I libsensor-displayalgo: the value of  Coef1:1107.681000,Coef4:2.383000, scale1:0.935522, scale4:0.923264
12-22 12:25:39.283  2027  3285 E libsensor-displayalgo: RGB_test_0407_400_oldzy!
12-22 12:25:39.284  2027  3285 I libsensor-displayalgo: the value of  RESULT2642.284713,1078.971120,1276.146647,455.866354
12-22 12:25:39.284  2027  3285 I libsensor-displayalgo: the value of  getChannelDataCalibrated2760.079417,1000.244250,1475.255582,493.926836
12-22 12:25:39.284  2027  3285 I libsensor-displayalgo: the value of  REAL LUX53.202927
12-22 12:25:39.284  2027  3285 I libsensor-displayalgo: the value of  CAL REAL LUX53.202927
12-22 12:25:39.484  2475  2731 I AutomaticBrightnessController: AmbientLux=50.97625, mAmbientDarkeningThreshold=25.488125, mAmbientBrighteningThreshold=80.97625
12-22 12:25:39.484  2475  2731 I AutomaticBrightnessController: updateAutoBrightness: mScreenAutoBrightness=0.09516309, newScreenAutoBrightness=0.09175604, mAmbientLux=50.97625, mUseDaemonSensorInProgress=false
12-22 12:25:39.495  1251  2216 I SDM     : HWBacklightThermal::StopTimer: hwc thermal dimming: exit at [391] successfully, thermal_cur_bl 384
12-22 12:25:39.497  1251  2216 I SDM     : DisplayBuiltIn::SetPanelBrightness: Set brightness to 390 (9.511401 percent), min=1
12-22 12:25:39.498  2027  3267 I libsensor-ssccalapi: value of set_backlight390
12-22 12:25:39.503  1251  2216 I SDM     : HWBacklightThermal::StopTimer: hwc thermal dimming: exit at [390] successfully, thermal_cur_bl 384
12-22 12:25:39.504  1251  2216 I SDM     : DisplayBuiltIn::SetPanelBrightness: Set brightness to 390 (9.504698 percent), min=1
12-22 12:25:39.505  2027  3267 I libsensor-ssccalapi: value of set_backlight390
12-22 12:25:39.512  1251  2216 I SDM     : HWBacklightThermal::StopTimer: hwc thermal dimming: exit at [390] successfully, thermal_cur_bl 384
12-22 12:25:39.513  1251  2216 I SDM     : DisplayBuiltIn::SetPanelBrightness: Set brightness to 390 (9.496996 percent), min=1
12-22 12:25:39.513  2027  3267 I libsensor-ssccalapi: value of set_backlight390
12-22 12:25:39.521  1251  2216 I SDM     : HWBacklightThermal::StopTimer: hwc thermal dimming: exit at [390] successfully, thermal_cur_bl 384
12-22 12:25:39.522  1251  2216 I SDM     : DisplayBuiltIn::SetPanelBrightness: Set brightness to 390 (9.490964 percent), min=1
12-22 12:25:39.522  2027  3267 I libsensor-ssccalapi: value of set_backlight390
12-22 12:25:39.523  1251  2216 I SDM     : HWCDisplay::SetActiveConfigWithConstraints: config: 0, WxH 1080x2400, fps 60
12-22 12:25:39.524  1251  2216 W SDM     : HWDeviceDRM::GetSupportedBitClkRate: Requested rate not supported: 831000000
12-22 12:25:39.524  1251  2216 I SDM     : HWDeviceDRM::UpdateMixerAttributes: Mixer WxH 1080x2400-0 for Peripheral
12-22 12:25:39.525  1251  2216 I SDM     : HWCDisplay::SubmitDisplayConfig: Active configuration changed from config 1 to 0
12-22 12:25:39.525  1251  2216 I SDM     : HWCDisplay::SubmitDisplayConfig: Active WxH 1080x2400 fps 60
12-22 12:25:39.526  1251  1467 I SDM     : HWDeviceDRM::SetupAtomic: Setting mode: WxH: 1080x2400, vrefresh: 60, hskew: 0
12-22 12:25:39.527  1251  2448 I vendor.qti.hardware.display.composer-service: FrameNotifyProcess Sensor: notify citsensorservice to trigger cwb
12-22 12:25:39.527  2027  4130 I libcitsensorservice@2.0-impl: msg_transfer
12-22 12:25:39.527  2027  3266 D vendor.xiaomi.sensor.citsensorservice@2.0-service: handle id:10 wxh:1280x2400 uwxuh:1080x2400 size: 9216000 fd:15 fd_meta:16 flags:0x4000228 usage:0x33  format:0x3 layer_count: 1
12-22 12:25:39.528  1251  2216 I SDM     : HWCSession::SetCWBOutputBuffer: CWB config passed by cwb_client : tappoint 1  CWB_ROI : (829.000000 4.000000 915.000000 90.000000)
