12-22 11:44:05.373  1191  1238 D DlbDlbEffect: effectCommand(handle=0xb40000724c16f5e0, cmdCode=9, cmdSize=4, pCmdData=0xb40000724a412f00, replySize=4, pReplyData=0xb40000724a412da8)
12-22 11:44:05.373  1191  1238 D DlbDlbEffect: handle_EFFECT_CMD_SET_DEVICE(device=0x00000002)
12-22 11:44:05.373  1191  1238 V DlbDapEffectContext: setDevice(00000002)
12-22 11:44:05.373  1191  1238 V DlbEffectQdspDap: setBypass(bypass = 0)
12-22 11:44:05.373  1191  1238 V DlbEffectQdspDap: setDevice()
12-22 11:44:05.373  1191  1238 D DlbQdspGefDriver: setDevice(device=0x00000002): old device 0x00000002
12-22 11:44:05.373  1235  1235 D DMSService: setActiveDevice called with device = 0x2 (original 0x2)
12-22 11:44:05.373  1191  3675 D DlbDlbEffect: effectCommand(handle=0xb40000724c16f5e0, cmdCode=11, cmdSize=4, pCmdData=0xb40000724a412fe0, replySize=4, pReplyData=0xb40000724a438070)
12-22 11:44:05.373  1191  3675 V DlbDlbEffect: handle_EFFECT_CMD_SET_AUDIO_MODE(mode=0x00000000)
12-22 11:44:05.374  1191  3675 D DlbDlbEffect: effectCommand(handle=0xb40000724c16f5e0, cmdCode=20, cmdSize=8, pCmdData=0xb40000724a412fe0, replySize=4, pReplyData=0xb40000724a438070)
12-22 11:44:05.374  1191  3675 D DlbDlbEffect: handle_EFFECT_CMD_OFFLOAD(offload=1, ioHandle=13)
12-22 11:44:05.374  1191  3675 D DlbDlbEffect: effectCommand(handle=0xb40000724c16f5e0, cmdCode=3, cmdSize=0, pCmdData=0x0, replySize=4, pReplyData=0xb40000724a438070)
12-22 11:44:05.374  1191  3675 D DlbDlbEffect: handle_EFFECT_CMD_ENABLE()
12-22 11:44:05.374  1191  3675 V DlbEffectQdspDap: setEnabled()
12-22 11:44:05.374  1191  3675 V DlbEffectQdspDap: updateEnabled(enabled=1, bypassed=0)
12-22 11:44:05.374  1191  3675 D DlbQdspGefDriver: setEnabled(enable=1)
12-22 11:44:05.374  1191  3675 D DlbQdspGefDriver: setEnabled(): the enabled state is already 1
12-22 11:44:05.374  1411  2035 V APM::EffectDescriptor: moveEffects session 0 srcOutput 37 dstOutput 13
12-22 11:44:05.376  1191  3675 D AHAL: AudioStream: astream_out_set_parameters: 808: enter: usecase(0: deep-buffer-playback) kvpairs: appname=-cn.missevan
12-22 11:44:05.376  1191  3675 D AHAL: AudioStreamCustom: SetParameters: 198: SetParameters(): set app name -cn.missevan
12-22 11:44:05.376  1191  3675 D AHAL: AudioStreamCustom: isSupportMisoundAsc mode is0
12-22 11:44:05.376  1191  3675 D AHAL: AudioStream: SetParameters: 2204: enter
12-22 11:44:05.376  1191  3675 I AHAL: AudioStream: SetParameters: 2213: ret 0, plugin device cont -1 stream -1
12-22 11:44:05.376  1191  3675 D AHAL: AudioStream: SetParameters: 2252: exit 0
12-22 11:44:05.376  1191  3675 D AHAL: AudioStream: astream_out_set_parameters: 825: Exit ret: 0
12-22 11:44:05.377  1411  2035 D APM_AudioPolicyManager: releaseOutput portId 941
12-22 11:44:05.378  1411  2035 D APM_AudioPolicyManager: releaseOutput() output 37, stream 3, session 7353 [uid=10269]
12-22 11:44:05.385  2475  6390 E NotificationVibratorHelper: Error creating vibration waveform with pattern: [0]
12-22 11:44:05.390  2475  2677 D MediaProjectionManagerServiceStubImpl: handleForegroundServicesChanged
12-22 11:44:05.390  2475  2691 E NotificationVibratorHelper: Error creating vibration waveform with pattern: [0]
12-22 11:44:05.391 17867 17895 D MyLog   : -->log(1): [Tid:46] [KeepAliveManager] -->onProcessDied(), pid=26819, uid=10269
12-22 11:44:05.413  4496  4496 D NotificationFilterController: filter group summary suppressed key=0|com.miui.securitycenter|2147483647|ranker_group|1000|ranker_group
12-22 11:44:05.414  4496  4496 D NotificationFilterController: filter group summary suppressed key=0|com.android.browser|-1010951121|null|10077
12-22 11:44:05.414  4496  4496 D NotificationFilterController: filter group summary suppressed key=0|com.quark.browser|1893866727|null|10253
12-22 11:44:05.415  4496  4496 D NotificationFilterController: filter group summary suppressed key=0|com.miui.screenrecorder|2147483647|ranker_group|1000|ranker_group
12-22 11:44:05.417  6171  6193 W Parcel  : **** enforceInterface() expected 'com.miui.gamebooster.service.ISecurityCenterNotificationListener' but read 'android.service.notification.INotificationListener'
12-22 11:44:05.417  6171  6193 W Binder  : Caught a RuntimeException from the binder stub implementation.
12-22 11:44:05.417  6171  6193 W Binder  : java.lang.SecurityException: Binder invocation to an incorrect interface
12-22 11:44:05.417  6171  6193 W Binder  : 	at android.os.Parcel.nativeEnforceInterface(Native Method)
12-22 11:44:05.417  6171  6193 W Binder  : 	at android.os.Parcel.enforceInterface(Parcel.java:699)
12-22 11:44:05.417  6171  6193 W Binder  : 	at com.miui.gamebooster.service.ISecurityCenterNotificationListener$Stub.onTransact(Unknown Source:18)
12-22 11:44:05.417  6171  6193 W Binder  : 	at android.os.Binder.execTransactInternal(Binder.java:1190)
12-22 11:44:05.417  6171  6193 W Binder  : 	at android.os.Binder.execTransact(Binder.java:1149)
12-22 11:44:05.420  5648  5648 D MiBarrage: No barrage: not in game scene or in video scene
12-22 11:44:05.420  4496  4496 D InterruptionStateProvider: No alerting: filtered notification: 0|cn.missevan|1500|null|10269
12-22 11:44:05.425  6171  7410 V onNotificationPostedCallBack: flags=2
12-22 11:44:05.428  4496  4496 D InterruptionStateProvider: No alerting: filtered notification: 0|cn.missevan|1500|null|10269
12-22 11:44:05.431  6171  7410 V m       : ret=0
12-22 11:44:05.437  2475  6257 I WindowManagerService: Physical orientation applied, rotation=0 sfOrientation=ORIENTATION_0
12-22 11:44:05.438  4496  4496 D NotificationFilterController: filter group summary suppressed key=0|com.miui.securitycenter|2147483647|ranker_group|1000|ranker_group
12-22 11:44:05.438  4496  4496 D NotificationFilterController: filter group summary suppressed key=0|com.android.browser|-1010951121|null|10077
12-22 11:44:05.438  4496  4496 D NotificationFilterController: filter group summary suppressed key=0|com.quark.browser|1893866727|null|10253
12-22 11:44:05.438  4496  4496 D NotificationFilterController: filter group summary suppressed key=0|com.miui.screenrecorder|2147483647|ranker_group|1000|ranker_group
12-22 11:44:05.438  6206  7048 I PowerCheckerService: uid:10269change to inactive
12-22 11:44:05.438  6206  6785 I a       : uid:10269change to inactive
12-22 11:44:05.446  4496  4660 D PeopleSpaceWidgetMgr: Sbn doesn't contain valid PeopleTileKey: null/0/cn.missevan
12-22 11:44:05.455  4496  4496 I MediaCarouselController: media_data_arrive: addOrUpdatePlayer
12-22 11:44:05.456  4496  4496 I MiuiMediaControlPanel: media_data_arrive: bindPlayer: mPlayerViewHolder=com.android.systemui.media.PlayerViewHolder@3146bb0
12-22 11:44:05.456  4496  4496 I MiuiMediaControlPanel: media_data_arrive: bindPlayer: FM,  | , Megrezz
12-22 11:44:05.456  4496  4496 I MiuiMediaControlPanel: MediaAction: contentDesc=; MediaAction: contentDesc=; MediaAction: contentDesc=; MediaAction: contentDesc=; MediaAction: contentDesc=;
12-22 11:44:05.456  4496  4496 D MiuiMediaControlPanel: setArtwork---ProcessArtworkTask
12-22 11:44:05.478  2475  2475 W NotificationHistory: Attempted to add notif for locked/gone/disabled user 0
12-22 11:44:05.483  5648  5648 D MiBarrage: No barrage: not in game scene or in video scene
12-22 11:44:05.490  6171  6193 W Parcel  : **** enforceInterface() expected 'com.miui.gamebooster.service.ISecurityCenterNotificationListener' but read 'android.service.notification.INotificationListener'
12-22 11:44:05.491  6171  6193 W Binder  : Caught a RuntimeException from the binder stub implementation.
12-22 11:44:05.491  6171  6193 W Binder  : java.lang.SecurityException: Binder invocation to an incorrect interface
12-22 11:44:05.491  6171  6193 W Binder  : 	at android.os.Parcel.nativeEnforceInterface(Native Method)
12-22 11:44:05.491  6171  6193 W Binder  : 	at android.os.Parcel.enforceInterface(Parcel.java:699)
12-22 11:44:05.491  6171  6193 W Binder  : 	at com.miui.gamebooster.service.ISecurityCenterNotificationListener$Stub.onTransact(Unknown Source:18)
12-22 11:44:05.491  6171  6193 W Binder  : 	at android.os.Binder.execTransactInternal(Binder.java:1190)
12-22 11:44:05.491  6171  6193 W Binder  : 	at android.os.Binder.execTransact(Binder.java:1149)
12-22 11:44:05.495  6171  7410 V onNotificationPostedCallBack: flags=0
12-22 11:44:05.538  5648  5648 D MiBarrage: No barrage: not in game scene or in video scene
12-22 11:44:05.542  1251  2448 I vendor.qti.hardware.display.composer-service: FrameNotifyProcess Sensor: notify citsensorservice to trigger cwb
12-22 11:44:05.543  2027  4130 I libcitsensorservice@2.0-impl: msg_transfer
12-22 11:44:05.543  2027  3266 D vendor.xiaomi.sensor.citsensorservice@2.0-service: handle id:10 wxh:1280x2400 uwxuh:1080x2400 size: 9216000 fd:15 fd_meta:16 flags:0x4000228 usage:0x33  format:0x3 layer_count: 1
12-22 11:44:05.543  1251  2215 I SDM     : HWCSession::SetCWBOutputBuffer: CWB config passed by cwb_client : tappoint 1  CWB_ROI : (829.000000 4.000000 915.000000 90.000000)
12-22 11:44:05.544  2475  5722 I WindowManagerService: Physical orientation applied, rotation=0 sfOrientation=ORIENTATION_0
12-22 11:44:05.550  1251 27869 I SDM     : HWCSession::ProcessRequests: Successfully configured CWB buffer.
12-22 11:44:05.554  6171  6193 W Parcel  : **** enforceInterface() expected 'com.miui.gamebooster.service.ISecurityCenterNotificationListener' but read 'android.service.notification.INotificationListener'
12-22 11:44:05.554  6171  6193 W Binder  : Caught a RuntimeException from the binder stub implementation.
12-22 11:44:05.554  6171  6193 W Binder  : java.lang.SecurityException: Binder invocation to an incorrect interface
12-22 11:44:05.554  6171  6193 W Binder  : 	at android.os.Parcel.nativeEnforceInterface(Native Method)
12-22 11:44:05.554  6171  6193 W Binder  : 	at android.os.Parcel.enforceInterface(Parcel.java:699)
12-22 11:44:05.554  6171  6193 W Binder  : 	at com.miui.gamebooster.service.ISecurityCenterNotificationListener$Stub.onTransact(Unknown Source:18)
12-22 11:44:05.554  6171  6193 W Binder  : 	at android.os.Binder.execTransactInternal(Binder.java:1190)
12-22 11:44:05.554  6171  6193 W Binder  : 	at android.os.Binder.execTransact(Binder.java:1149)
12-22 11:44:05.559  6171  7410 V onNotificationPostedCallBack: flags=0
12-22 11:44:05.563  1251 27869 I SDM     : HWCSession::ProcessRequests: Pushing release fence in fenece wait queue.
12-22 11:44:05.563  1251 27869 I SDM     : HWCSession::ProcessRequests: Creating AsyncFenceWaits async thread.
12-22 11:44:05.565  1251  1467 I SDM     : HWDeviceDRM::SetupConcurrentWriteback: Tear down the Concurrent Writeback topology
12-22 11:44:05.566  1251 27869 I SDM     : HWCSession::ProcessRequests: Remove current CWB request from the pending request queue.
12-22 11:44:05.566  1251 27869 I SDM     : HWCSession::ProcessRequests: No pending cwb requests found in the queue.
12-22 11:44:05.570  2475  5741 I WindowManagerService: Physical orientation applied, rotation=0 sfOrientation=ORIENTATION_0
12-22 11:44:05.575  1251 27870 I SDM     : HWCSession::NotifyCWBStatus: Notify the client about buffer status 0.
12-22 11:44:05.576  1251 27870 I SDM     : HWCSession::PerformFenceWaits: Remove current release fence from the pending fence wait queue.
12-22 11:44:05.576  1251 27870 I SDM     : HWCSession::PerformFenceWaits: CWB fence queue is empty. No pending release fence to wait on.
12-22 11:44:05.581  2027  4130 D libsensor-displayalgo: the value of  brightness:369.000000,R:77346603.142811,G:69170682.854290,B:54859301.535769,EVENT_C:3125.500000,EVENT_R:1278.000000,EVENT_G:1661.500000,EVENT_B:660.500000
12-22 11:44:05.581  2027  4130 I libsensor-displayalgo: the value of  Coef1:1107.681000,Coef4:2.383000, scale1:0.935522, scale4:0.923264
12-22 11:44:05.581  2027  4130 E libsensor-displayalgo: RGB_test_0407_400_oldzy!
12-22 11:44:05.581  2027  4130 I libsensor-displayalgo: the value of  RESULT2620.088106,1073.842636,1263.695511,453.309704
12-22 11:44:05.581  2027  4130 I libsensor-displayalgo: the value of  getChannelDataCalibrated2734.284691,996.531156,1457.406988,490.696396
12-22 11:44:05.581  2027  4130 I libsensor-displayalgo: the value of  REAL LUX12.490085
12-22 11:44:05.581  2027  4130 I libsensor-displayalgo: the value of  CAL REAL LUX12.490085
12-22 11:44:05.642  7774  7783 I id.ext.service: This is sticky GC, maxfree is 8388608 minfree is 2097152
12-22 11:44:05.663  6171  6193 W Parcel  : **** enforceInterface() expected 'com.miui.gamebooster.service.ISecurityCenterNotificationListener' but read 'android.service.notification.INotificationListener'
12-22 11:44:05.663  6171  6193 W Binder  : Caught a RuntimeException from the binder stub implementation.
12-22 11:44:05.663  6171  6193 W Binder  : java.lang.SecurityException: Binder invocation to an incorrect interface
12-22 11:44:05.663  6171  6193 W Binder  : 	at android.os.Parcel.nativeEnforceInterface(Native Method)
12-22 11:44:05.663  6171  6193 W Binder  : 	at android.os.Parcel.enforceInterface(Parcel.java:699)
12-22 11:44:05.663  6171  6193 W Binder  : 	at com.miui.gamebooster.service.ISecurityCenterNotificationListener$Stub.onTransact(Unknown Source:18)
12-22 11:44:05.663  6171  6193 W Binder  : 	at android.os.Binder.execTransactInternal(Binder.java:1190)
12-22 11:44:05.663  6171  6193 W Binder  : 	at android.os.Binder.execTransact(Binder.java:1149)
12-22 11:44:05.677  6171  6193 W Parcel  : **** enforceInterface() expected 'com.miui.gamebooster.service.ISecurityCenterNotificationListener' but read 'android.service.notification.INotificationListener'
12-22 11:44:05.678  6171  6193 W Binder  : Caught a RuntimeException from the binder stub implementation.
12-22 11:44:05.678  6171  6193 W Binder  : java.lang.SecurityException: Binder invocation to an incorrect interface
12-22 11:44:05.678  6171  6193 W Binder  : 	at android.os.Parcel.nativeEnforceInterface(Native Method)
12-22 11:44:05.678  6171  6193 W Binder  : 	at android.os.Parcel.enforceInterface(Parcel.java:699)
12-22 11:44:05.678  6171  6193 W Binder  : 	at com.miui.gamebooster.service.ISecurityCenterNotificationListener$Stub.onTransact(Unknown Source:18)
12-22 11:44:05.678  6171  6193 W Binder  : 	at android.os.Binder.execTransactInternal(Binder.java:1190)
12-22 11:44:05.678  6171  6193 W Binder  : 	at android.os.Binder.execTransact(Binder.java:1149)
12-22 11:44:05.681 20304 20444 D IdProviderImpl: getOAID from com.miui.analytics
12-22 11:44:05.690  5648  5648 D MiBarrage: No barrage: not in game scene or in video scene
12-22 11:44:05.692  5648  5648 D MiBarrage: No barrage: not in game scene or in video scene
12-22 11:44:05.693  4496  4496 D NotificationFilterController: filter group summary suppressed key=0|com.miui.securitycenter|2147483647|ranker_group|1000|ranker_group
12-22 11:44:05.693  4496  4496 D NotificationFilterController: filter group summary suppressed key=0|com.android.browser|-1010951121|null|10077
12-22 11:44:05.693  4496  4496 D NotificationFilterController: filter group summary suppressed key=0|com.quark.browser|1893866727|null|10253
12-22 11:44:05.693  4496  4496 D NotificationFilterController: filter group summary suppressed key=0|com.miui.screenrecorder|2147483647|ranker_group|1000|ranker_group
12-22 11:44:05.698  9768 27712 I SafeBinderCall: onPositionChange binder cost:0
12-22 11:44:05.698  4496  4496 D InterruptionStateProvider: No alerting: filtered notification: 0|cn.missevan|1500|null|10269
12-22 11:44:05.700  4496  4496 D InterruptionStateProvider: No alerting: filtered notification: 0|cn.missevan|1500|null|10269
12-22 11:44:05.688  6171  7410 V onNotificationPostedCallBack: flags=0
12-22 11:44:05.702  6171  7410 V onNotificationPostedCallBack: flags=0
12-22 11:44:05.706  4496  4496 D NotificationFilterController: filter group summary suppressed key=0|com.miui.securitycenter|2147483647|ranker_group|1000|ranker_group
12-22 11:44:05.706  4496  4496 D NotificationFilterController: filter group summary suppressed key=0|com.android.browser|-1010951121|null|10077
12-22 11:44:05.706  4496  4496 D NotificationFilterController: filter group summary suppressed key=0|com.quark.browser|1893866727|null|10253
12-22 11:44:05.706  4496  4496 D NotificationFilterController: filter group summary suppressed key=0|com.miui.screenrecorder|2147483647|ranker_group|1000|ranker_group
12-22 11:44:05.734  4496  4660 D PeopleSpaceWidgetMgr: Sbn doesn't contain valid PeopleTileKey: null/0/cn.missevan
12-22 11:44:05.736  4496  4496 D NotificationFilterController: filter group summary suppressed key=0|com.miui.securitycenter|2147483647|ranker_group|1000|ranker_group
12-22 11:44:05.736  4496  4496 D NotificationFilterController: filter group summary suppressed key=0|com.android.browser|-1010951121|null|10077
12-22 11:44:05.736  4496  4496 D NotificationFilterController: filter group summary suppressed key=0|com.quark.browser|1893866727|null|10253
12-22 11:44:05.739  4496  4496 D NotificationFilterController: filter group summary suppressed key=0|com.miui.screenrecorder|2147483647|ranker_group|1000|ranker_group
12-22 11:44:05.745  4496  4496 D InterruptionStateProvider: No alerting: filtered notification: 0|cn.missevan|1500|null|10269
12-22 11:44:05.748  4496  4496 D InterruptionStateProvider: No alerting: filtered notification: 0|cn.missevan|1500|null|10269
12-22 11:44:05.757  8079 11222 V Avrcp_ext: AvrcpMessageHandler: received message=29
12-22 11:44:05.757 26819 27025 I MediaCodec: video box enabled in settings
12-22 11:44:05.757 26819 27025 I MediaCodec: init video box disabled for codec not supported
12-22 11:44:05.757 26819 27872 D CCodec  : allocate(c2.android.aac.decoder)
12-22 11:44:05.758  8079 11222 V Avrcp_ext: updateCurrentMediaState: mMediaController: MediaController (cn.missevan@db71ed0)  | , null, null
12-22 11:44:05.758  8079 11222 V Avrcp_ext: updateCurrentMediaState: isPlaying = false
12-22 11:44:05.758  8079 11222 W Avrcp_ext: isMusicActive: false getBluetoothPlayState: 2 A2dp State: 11 mAudioPlaybackIsActive: false
12-22 11:44:05.758  8079 11222 D Avrcp_ext: isMusicActive = false mAudioPlaybackIsActive = false player state = PlaybackState {state=6, position=0, buffered position=0, speed=1.0, updated=1413495686, actions=2363190, custom actions=[], active item id=-1, error=null}
12-22 11:44:05.759  4496  4496 D NotificationFilterController: filter group summary suppressed key=0|com.miui.securitycenter|2147483647|ranker_group|1000|ranker_group
12-22 11:44:05.759  4496  4496 D NotificationFilterController: filter group summary suppressed key=0|com.android.browser|-1010951121|null|10077
12-22 11:44:05.759  4496  4496 D NotificationFilterController: filter group summary suppressed key=0|com.quark.browser|1893866727|null|10253
12-22 11:44:05.760  4496  4496 D NotificationFilterController: filter group summary suppressed key=0|com.miui.screenrecorder|2147483647|ranker_group|1000|ranker_group
12-22 11:44:05.763  8079 11222 D Avrcp_ext: overwrite album_artist :if album is blank
12-22 11:44:05.763  8079 11222 I Avrcp_ext: Skipping update due to invalid playback state
12-22 11:44:05.764  8079 11222 V Avrcp_ext: updatePlaybackState, state: PlaybackState {state=6, position=0, buffered position=0, speed=1.0, updated=1413495686, actions=2363190, custom actions=[], active item id=-1, error=null} device: null
12-22 11:44:05.764  8079 11222 V Avrcp_ext: Device: no name:
12-22 11:44:05.764  8079 11222 V Avrcp_ext: Device: no name:
12-22 11:44:05.764  8079 11222 V Avrcp_ext: Device: no name:
12-22 11:44:05.764  8079 11222 V Avrcp_ext: Device: no name:
12-22 11:44:05.764  8079 11222 V Avrcp_ext: Device: no name:
12-22 11:44:05.764  8079 11222 V Avrcp_ext: updatePlayerStateAndPosition, old=PlaybackState {state=6, position=0, buffered position=0, speed=1.0, updated=1413495686, actions=2363190, custom actions=[], active item id=-1, error=null}, state=PlaybackState {state=6, position=0, buffered position=0, speed=1.0, updated=1413495686, actions=2363190, custom actions=[], active item id=-1, error=null}
12-22 11:44:05.764  8079 11222 V Avrcp_ext: old state = PlaybackState {state=6, position=0, buffered position=0, speed=1.0, updated=1413495686, actions=2363190, custom actions=[], active item id=-1, error=null}, new state= PlaybackState {state=6, position=0, buffered position=0, speed=1.0, updated=1413495686, actions=2363190, custom actions=[], active item id=-1, error=null}
12-22 11:44:05.764  8079 11222 D HeadsetService: getHeadsetService(): returning com.android.bluetooth.hfp.HeadsetService@edaeae5
12-22 11:44:05.764  8079 11222 D HeadsetService:  isAudioOn: The number of audio connected devices 0
12-22 11:44:05.764  8079 11222 D HeadsetService: isScoOrCallActive(): Call Active:falseCall is Ringing:falseSCO is Active:false
12-22 11:44:05.764  8079 11222 D HeadsetService:  isAudioOn: The number of audio connected devices 0
12-22 11:44:05.764  8079 11222 I Avrcp_ext: updatePlayStatusForDevice: device: null
12-22 11:44:05.764  8079 11222 V Avrcp_ext: updatePlaybackState (1): old=PlaybackState {state=6, position=0, buffered position=0, speed=1.0, updated=1413495686, actions=2363190, custom actions=[], active item id=-1, error=null}(2), new=PlaybackState {state=6, position=0, buffered position=0, speed=1.0, updated=1413495686, actions=2363190, custom actions=[], active item id=-1, error=null}(2)
12-22 11:44:05.764  8079 11222 I Avrcp_ext: Exit updatePlayStatusForDevice
12-22 11:44:05.764  8079 11222 D HeadsetService:  isAudioOn: The number of audio connected devices 0
12-22 11:44:05.764  8079 11222 D HeadsetService: isScoOrCallActive(): Call Active:falseCall is Ringing:falseSCO is Active:false
12-22 11:44:05.764  8079 11222 D HeadsetService:  isAudioOn: The number of audio connected devices 0
12-22 11:44:05.764  8079 11222 I Avrcp_ext: updatePlayStatusForDevice: device: null
12-22 11:44:05.764  8079 11222 V Avrcp_ext: updatePlaybackState (1): old=PlaybackState {state=6, position=0, buffered position=0, speed=1.0, updated=1413495686, actions=2363190, custom actions=[], active item id=-1, error=null}(2), new=PlaybackState {state=6, position=0, buffered position=0, speed=1.0, updated=1413495686, actions=2363190, custom actions=[], active item id=-1, error=null}(2)
12-22 11:44:05.764  8079 11222 I Avrcp_ext: Exit updatePlayStatusForDevice
12-22 11:44:05.764  8079 11222 D HeadsetService:  isAudioOn: The number of audio connected devices 0
12-22 11:44:05.764  8079 11222 D HeadsetService: isScoOrCallActive(): Call Active:falseCall is Ringing:falseSCO is Active:false
12-22 11:44:05.764  8079 11222 D HeadsetService:  isAudioOn: The number of audio connected devices 0
12-22 11:44:05.764  8079 11222 I Avrcp_ext: updatePlayStatusForDevice: device: null
12-22 11:44:05.764  8079 11222 V Avrcp_ext: updatePlaybackState (1): old=PlaybackState {state=6, position=0, buffered position=0, speed=1.0, updated=1413495686, actions=2363190, custom actions=[], active item id=-1, error=null}(2), new=PlaybackState {state=6, position=0, buffered position=0, speed=1.0, updated=1413495686, actions=2363190, custom actions=[], active item id=-1, error=null}(2)
12-22 11:44:05.764  8079 11222 I Avrcp_ext: Exit updatePlayStatusForDevice
12-22 11:44:05.764  8079 11222 D HeadsetService:  isAudioOn: The number of audio connected devices 0
12-22 11:44:05.764  8079 11222 D HeadsetService: isScoOrCallActive(): Call Active:falseCall is Ringing:falseSCO is Active:false
12-22 11:44:05.764  8079 11222 D HeadsetService:  isAudioOn: The number of audio connected devices 0
12-22 11:44:05.764  8079 11222 I Avrcp_ext: updatePlayStatusForDevice: device: null
12-22 11:44:05.764  8079 11222 V Avrcp_ext: updatePlaybackState (1): old=PlaybackState {state=6, position=0, buffered position=0, speed=1.0, updated=1413495686, actions=2363190, custom actions=[], active item id=-1, error=null}(2), new=PlaybackState {state=6, position=0, buffered position=0, speed=1.0, updated=1413495686, actions=2363190, custom actions=[], active item id=-1, error=null}(2)
12-22 11:44:05.764  8079 11222 I Avrcp_ext: Exit updatePlayStatusForDevice
12-22 11:44:05.764  8079 11222 D HeadsetService:  isAudioOn: The number of audio connected devices 0
12-22 11:44:05.764  8079 11222 D HeadsetService: isScoOrCallActive(): Call Active:falseCall is Ringing:falseSCO is Active:false
12-22 11:44:05.764  8079 11222 D HeadsetService:  isAudioOn: The number of audio connected devices 0
12-22 11:44:05.764  8079 11222 I Avrcp_ext: updatePlayStatusForDevice: device: null
12-22 11:44:05.764  8079 11222 V Avrcp_ext: updatePlaybackState (1): old=PlaybackState {state=6, position=0, buffered position=0, speed=1.0, updated=1413495686, actions=2363190, custom actions=[], active item id=-1, error=null}(2), new=PlaybackState {state=6, position=0, buffered position=0, speed=1.0, updated=1413495686, actions=2363190, custom actions=[], active item id=-1, error=null}(2)
12-22 11:44:05.764  8079 11222 I Avrcp_ext: Exit updatePlayStatusForDevice
12-22 11:44:05.764  8079 11222 D Avrcp_ext: Enter sendPlayPosNotificationRsp
12-22 11:44:05.764  8079 11222 D Avrcp_ext: sendPlayPosNotificationRsp: Not registered or requesting.
12-22 11:44:05.764  8079 11222 D Avrcp_ext: Enter sendPlayPosNotificationRsp
12-22 11:44:05.764  8079 11222 D Avrcp_ext: sendPlayPosNotificationRsp: Not registered or requesting.
12-22 11:44:05.764  8079 11222 D Avrcp_ext: Enter sendPlayPosNotificationRsp
12-22 11:44:05.764  8079 11222 D Avrcp_ext: sendPlayPosNotificationRsp: Not registered or requesting.
12-22 11:44:05.764  8079 11222 D Avrcp_ext: Enter sendPlayPosNotificationRsp
12-22 11:44:05.764  8079 11222 D Avrcp_ext: sendPlayPosNotificationRsp: Not registered or requesting.
12-22 11:44:05.764  8079 11222 D Avrcp_ext: Enter sendPlayPosNotificationRsp
12-22 11:44:05.764  8079 11222 D Avrcp_ext: sendPlayPosNotificationRsp: Not registered or requesting.
12-22 11:44:05.764  8079 11222 V Avrcp_ext: Exit updatePlayerStateAndPosition
12-22 11:44:05.764  8079 11222 V Avrcp_ext: Exit handleMessage
12-22 11:44:05.772  4496  4660 D PeopleSpaceWidgetMgr: Sbn doesn't contain valid PeopleTileKey: null/0/cn.missevan
12-22 11:44:05.788  4496  4496 D MiPlayDetailViewModel: onPositionChange(): position = 0
12-22 11:44:05.811 26819 27872 I CCodec  : setting up 'default' as default (vendor) store
12-22 11:44:05.811  1973 23645 V C2Store : in init
12-22 11:44:05.811  1973 23645 V C2Store : loading dll
12-22 11:44:05.814 26819 27872 I CCodec  : Created component [c2.android.aac.decoder]
12-22 11:44:05.814 26819 27872 D CCodecConfig: read media type: audio/mp4a-latm
12-22 11:44:05.815  4496  4496 D NotificationFilterController: filter group summary suppressed key=0|com.miui.securitycenter|2147483647|ranker_group|1000|ranker_group
12-22 11:44:05.816  4496  4496 D NotificationFilterController: filter group summary suppressed key=0|com.android.browser|-1010951121|null|10077
12-22 11:44:05.816  4496  4496 D NotificationFilterController: filter group summary suppressed key=0|com.quark.browser|1893866727|null|10253
12-22 11:44:05.816  4496  4496 D NotificationFilterController: filter group summary suppressed key=0|com.miui.screenrecorder|2147483647|ranker_group|1000|ranker_group
12-22 11:44:05.816 26819 27872 D ReflectedParamUpdater: extent() != 1 for single value type: algo.buffers.max-count.values
12-22 11:44:05.819 26819 27872 D ReflectedParamUpdater: extent() != 1 for single value type: output.subscribed-indices.values
12-22 11:44:05.820 26819 27872 D ReflectedParamUpdater: extent() != 1 for single value type: input.buffers.allocator-ids.values
12-22 11:44:05.820 26819 27872 D ReflectedParamUpdater: extent() != 1 for single value type: output.buffers.allocator-ids.values
12-22 11:44:05.820 26819 27872 D ReflectedParamUpdater: extent() != 1 for single value type: algo.buffers.allocator-ids.values
12-22 11:44:05.820  4496  4496 D InterruptionStateProvider: No alerting: filtered notification: 0|cn.missevan|1500|null|10269
12-22 11:44:05.820 26819 27872 D ReflectedParamUpdater: extent() != 1 for single value type: output.buffers.pool-ids.values
12-22 11:44:05.820 26819 27872 D ReflectedParamUpdater: extent() != 1 for single value type: algo.buffers.pool-ids.values
12-22 11:44:05.821  4496  4496 D InterruptionStateProvider: No alerting: filtered notification: 0|cn.missevan|1500|null|10269
12-22 11:44:05.822 26819 27872 I CCodecConfig: query failed after returning 19 values (BAD_INDEX)
12-22 11:44:05.823 26819 27872 D CCodecConfig: c2 config diff is Dict {
12-22 11:44:05.823 26819 27872 D CCodecConfig:   c2::u32 coded.aac-packaging.value = 0
12-22 11:44:05.823 26819 27872 D CCodecConfig:   c2::u32 coded.bitrate.value = 64000
12-22 11:44:05.823 26819 27872 D CCodecConfig:   c2::u32 coded.pl.level = 0
12-22 11:44:05.823 26819 27872 D CCodecConfig:   c2::u32 coded.pl.profile = 8192
12-22 11:44:05.823 26819 27872 D CCodecConfig:   c2::i32 coding.drc.album-mode.value = 0
12-22 11:44:05.823 26819 27872 D CCodecConfig:   c2::float coding.drc.attenuation-factor.value = 1
12-22 11:44:05.823 26819 27872 D CCodecConfig:   c2::float coding.drc.boost-factor.value = 1
12-22 11:44:05.823 26819 27872 D CCodecConfig:   c2::i32 coding.drc.compression-mode.value = 3
12-22 11:44:05.823 26819 27872 D CCodecConfig:   c2::i32 coding.drc.effect-type.value = 3
12-22 11:44:05.823 26819 27872 D CCodecConfig:   c2::float coding.drc.encoded-level.value = 0.25
12-22 11:44:05.823 26819 27872 D CCodecConfig:   c2::float coding.drc.reference-level.value = -16
12-22 11:44:05.823 26819 27872 D CCodecConfig:   c2::u32 input.buffers.max-size.value = 8192
12-22 11:44:05.823 26819 27872 D CCodecConfig:   c2::u32 input.delay.value = 0
12-22 11:44:05.823 26819 27872 D CCodecConfig:   string input.media-type.value = "audio/mp4a-latm"
12-22 11:44:05.823 26819 27872 D CCodecConfig:   c2::u32 output.delay.value = 2
12-22 11:44:05.823 26819 27872 D CCodecConfig:   c2::float output.drc.output-loudness.value = 0.25
12-22 11:44:05.823 26819 27872 D CCodecConfig:   string output.media-type.value = "audio/raw"
12-22 11:44:05.823 26819 27872 D CCodecConfig:   c2::u32 raw.channel-count.value = 1
12-22 11:44:05.823 26819 27872 D CCodecConfig:   c2::u32 raw.max-channel-count.value = 8
12-22 11:44:05.823 26819 27872 D CCodecConfig:   c2::u32 raw.sample-rate.value = 44100
12-22 11:44:05.823 26819 27872 D CCodecConfig: }
12-22 11:44:05.825  4496  4496 D NotificationFilterController: filter group summary suppressed key=0|com.miui.securitycenter|2147483647|ranker_group|1000|ranker_group
12-22 11:44:05.826  4496  4496 D NotificationFilterController: filter group summary suppressed key=0|com.android.browser|-1010951121|null|10077
12-22 11:44:05.826  4496  4496 D NotificationFilterController: filter group summary suppressed key=0|com.quark.browser|1893866727|null|10253
12-22 11:44:05.826  4496  4496 D NotificationFilterController: filter group summary suppressed key=0|com.miui.screenrecorder|2147483647|ranker_group|1000|ranker_group
12-22 11:44:05.827 26819 27872 I MediaCodec: MediaCodec will operate in async mode
12-22 11:44:05.831 26819 27872 D CCodec  : [c2.android.aac.decoder] buffers are bound to CCodec for this session
12-22 11:44:05.831 26819 27872 D CCodecConfig: no c2 equivalents for flags
12-22 11:44:05.833 26819 27872 D CCodecConfig: config failed => CORRUPTED
12-22 11:44:05.833 26819 27872 D CCodecConfig: c2 config diff is   c2::u32 raw.channel-count.value = 2
12-22 11:44:05.833 26819 27872 W Codec2Client: query -- param skipped: index = 1107298332.
12-22 11:44:05.834 26819 27872 D CCodec  : client requested max input size 1550, which is smaller than what component recommended (8192); overriding with component recommendation.
12-22 11:44:05.834 26819 27872 W CCodec  : This behavior is subject to change. It is recommended that app developers double check whether the requested max input size is in reasonable range.
12-22 11:44:05.834 26819 27872 D CCodec  : setup formats input: AMessage(what = 0x00000000) = {
12-22 11:44:05.834 26819 27872 D CCodec  :   int32_t aac-drc-album-mode = 0
12-22 11:44:05.834 26819 27872 D CCodec  :   int32_t aac-drc-boost-level = 127
12-22 11:44:05.834 26819 27872 D CCodec  :   int32_t aac-drc-cut-level = 127
12-22 11:44:05.834 26819 27872 D CCodec  :   int32_t aac-drc-effect-type = 3
12-22 11:44:05.834 26819 27872 D CCodec  :   int32_t aac-drc-heavy-compression = 3
12-22 11:44:05.834 26819 27872 D CCodec  :   int32_t aac-encoded-target-level = -1
12-22 11:44:05.834 26819 27872 D CCodec  :   int32_t aac-max-output-channel_count = 8
12-22 11:44:05.834 26819 27872 D CCodec  :   int32_t aac-target-ref-level = 64
12-22 11:44:05.834 26819 27872 D CCodec  :   int32_t bitrate = 64000
12-22 11:44:05.834 26819 27872 D CCodec  :   int32_t channel-count = 2
12-22 11:44:05.834 26819 27872 D CCodec  :   int32_t level = 0
12-22 11:44:05.834 26819 27872 D CCodec  :   int32_t max-input-size = 8192
12-22 11:44:05.834 26819 27872 D CCodec  :   string mime = "audio/mp4a-latm"
12-22 11:44:05.834 26819 27872 D CCodec  :   int32_t profile = 2
12-22 11:44:05.834 26819 27872 D CCodec  :   int32_t sample-rate = 44100
12-22 11:44:05.834 26819 27872 D CCodec  : }
12-22 11:44:05.834 26819 27872 D CCodec  : setup formats output: AMessage(what = 0x00000000) = {
12-22 11:44:05.834 26819 27872 D CCodec  :   int32_t aac-drc-album-mode = 0
12-22 11:44:05.834 26819 27872 D CCodec  :   int32_t aac-drc-boost-level = 127
12-22 11:44:05.834 26819 27872 D CCodec  :   int32_t aac-drc-cut-level = 127
12-22 11:44:05.834 26819 27872 D CCodec  :   int32_t aac-drc-effect-type = 3
12-22 11:44:05.834 26819 27872 D CCodec  :   int32_t aac-drc-heavy-compression = 3
12-22 11:44:05.834 26819 27872 D CCodec  :   int32_t aac-drc-output-loudness = -1
12-22 11:44:05.834 26819 27872 D CCodec  :   int32_t aac-encoded-target-level = -1
12-22 11:44:05.834 26819 27872 D CCodec  :   int32_t aac-max-output-channel_count = 8
12-22 11:44:05.834 26819 27872 D CCodec  :   int32_t aac-target-ref-level = 64
12-22 11:44:05.834 26819 27872 D CCodec  :   int32_t channel-count = 2
12-22 11:44:05.834 26819 27872 D CCodec  :   string mime = "audio/raw"
12-22 11:44:05.834 26819 27872 D CCodec  :   int32_t sample-rate = 44100
12-22 11:44:05.834 26819 27872 D CCodec  :   int32_t android._config-pcm-encoding = 2
12-22 11:44:05.834 26819 27872 D CCodec  : }
12-22 11:44:05.834 26819 27872 I CCodecConfig: query failed after returning 19 values (BAD_INDEX)
12-22 11:44:05.834 26819 27872 D MediaImpl: MediaImpl::sendMine: audio/mp4a-latm
12-22 11:44:05.834 26819 27872 D MediaStub: MediaStub::sendMine audio/mp4a-latm
12-22 11:44:05.835 26819 27025 D MediaCodec: keep callback message for reclaim
12-22 11:44:05.836 26819 27872 W Codec2Client: query -- param skipped: index = 1342179345.
12-22 11:44:05.836 26819 27872 W Codec2Client: query -- param skipped: index = 2415921170.
12-22 11:44:05.836 26819 27872 W Codec2Client: query -- param skipped: index = 1610614798.
12-22 11:44:05.836  4496  4660 D PeopleSpaceWidgetMgr: Sbn doesn't contain valid PeopleTileKey: null/0/cn.missevan
12-22 11:44:05.837  4496  4496 D NotificationFilterController: filter group summary suppressed key=0|com.miui.securitycenter|2147483647|ranker_group|1000|ranker_group
12-22 11:44:05.837  4496  4496 D NotificationFilterController: filter group summary suppressed key=0|com.android.browser|-1010951121|null|10077
12-22 11:44:05.837  4496  4496 D NotificationFilterController: filter group summary suppressed key=0|com.quark.browser|1893866727|null|10253
12-22 11:44:05.837  4496  4496 D NotificationFilterController: filter group summary suppressed key=0|com.miui.screenrecorder|2147483647|ranker_group|1000|ranker_group
12-22 11:44:05.838 26819 27872 D CCodecBufferChannel: [c2.android.aac.decoder#876] Created input block pool with allocatorID 16 => poolID 18 - OK (0)
12-22 11:44:05.839 26819 27872 I CCodecBufferChannel: [c2.android.aac.decoder#876] Created output block pool with allocatorID 16 => poolID 492 - OK
12-22 11:44:05.840  4496  4496 D InterruptionStateProvider: No alerting: filtered notification: 0|cn.missevan|1500|null|10269
12-22 11:44:05.841 26819 27872 D CCodecBufferChannel: [c2.android.aac.decoder#876] Configured output block pool ids 492 => OK
12-22 11:44:05.842  4496  4496 D InterruptionStateProvider: No alerting: filtered notification: 0|cn.missevan|1500|null|10269
12-22 11:44:05.843 26819 27872 D CCodecBufferChannel: [c2.android.aac.decoder#876] start: updating output delay 2
12-22 11:44:05.843  1300  2866 I QC2CompStore: Setting heap usage to system
12-22 11:44:05.845  1973 27873 D SimpleC2Component: Using output block pool with poolID 492 => got 492 - 0
12-22 11:44:05.846  4496  4496 D NotificationFilterController: filter group summary suppressed key=0|com.miui.securitycenter|2147483647|ranker_group|1000|ranker_group
12-22 11:44:05.846  4496  4496 D NotificationFilterController: filter group summary suppressed key=0|com.android.browser|-1010951121|null|10077
12-22 11:44:05.846  4496  4496 D NotificationFilterController: filter group summary suppressed key=0|com.quark.browser|1893866727|null|10253
12-22 11:44:05.846  4496  4496 D NotificationFilterController: filter group summary suppressed key=0|com.miui.screenrecorder|2147483647|ranker_group|1000|ranker_group
12-22 11:44:05.848  1251  2448 I vendor.qti.hardware.display.composer-service: FrameNotifyProcess Sensor: notify citsensorservice to trigger cwb
12-22 11:44:05.848  2027  2097 I libcitsensorservice@2.0-impl: msg_transfer
12-22 11:44:05.848  2027  3266 D vendor.xiaomi.sensor.citsensorservice@2.0-service: handle id:10 wxh:1280x2400 uwxuh:1080x2400 size: 9216000 fd:15 fd_meta:16 flags:0x4000228 usage:0x33  format:0x3 layer_count: 1
12-22 11:44:05.848  1251  2215 I SDM     : HWCSession::SetCWBOutputBuffer: CWB config passed by cwb_client : tappoint 1  CWB_ROI : (829.000000 4.000000 915.000000 90.000000)
12-22 11:44:05.850  4496  4496 I MediaCarouselController: media_data_arrive: addOrUpdatePlayer
12-22 11:44:05.850  4496  4660 D PeopleSpaceWidgetMgr: Sbn doesn't contain valid PeopleTileKey: null/0/cn.missevan
12-22 11:44:05.850  4496  4496 I MiuiMediaControlPanel: media_data_arrive: bindPlayer: mPlayerViewHolder=com.android.systemui.media.PlayerViewHolder@3146bb0
12-22 11:44:05.850  4496  4496 I MiuiMediaControlPanel: media_data_arrive: bindPlayer: FM,  | , Megrezz
12-22 11:44:05.850  4496  4496 I MiuiMediaControlPanel: MediaAction: contentDesc=; MediaAction: contentDesc=; MediaAction: contentDesc=; MediaAction: contentDesc=; MediaAction: contentDesc=;
12-22 11:44:05.860  9768  9768 I Cir_Miplay_ActiveSessionRecord: onPlaybackStateChanged:3
12-22 11:44:05.860  9768  9768 I Cir_Miplay_ActiveSessionRecordStack: onPlaybackStateChange.
12-22 11:44:05.861  4496  4496 I MediaCarouselController: media_data_arrive: addOrUpdatePlayer
12-22 11:44:05.861  9768  9768 I Cir_Miplay_ActiveAudioSessionManager: TopAudioSession play change
12-22 11:44:05.861  9768  9768 I Cir_Miplay_MiPlayAudioService: dispatchPlaybackStateChange:3
12-22 11:44:05.861  9768  9768 I Cir_Miplay_MiPlayAudioService: localPlayStateChange state:3
12-22 11:44:05.861  9768  9768 I Cir_Miplay_MiPlayAudioService: playStateNotify state:3  ,id:,uuid:local_device_id
12-22 11:44:05.861  1973 27873 I C2SoftAacDec: Reconfiguring decoder: 0->44100 Hz, 0->2 channels
12-22 11:44:05.861  9768  9768 I Cir_Miplay_MiPlayAudioService: cancleDownTimer.
12-22 11:44:05.861  9768  9768 I ActiveSessionRecord: onPlaybackStateChanged: PlaybackState {state=3, position=0, buffered position=13212, speed=1.0, updated=1413496328, actions=2363190, custom actions=[], active item id=-1, error=null}
12-22 11:44:05.862  8079 11222 V Avrcp_ext: onPlaybackStateChanged: state PlaybackState {state=3, position=0, buffered position=13212, speed=1.0, updated=1413496328, actions=2363190, custom actions=[], active item id=-1, error=null}
12-22 11:44:05.862  4496  4496 I MiuiMediaControlPanel: media_data_arrive: bindPlayer: mPlayerViewHolder=com.android.systemui.media.PlayerViewHolder@3146bb0
12-22 11:44:05.862  8079 11222 V Avrcp_ext: updateCurrentMediaState: mMediaController: MediaController (cn.missevan@db71ed0)  | , null, null
12-22 11:44:05.862  8079 11222 V Avrcp_ext: updateCurrentMediaState: isPlaying = false
12-22 11:44:05.862  8079 11222 W Avrcp_ext: isMusicActive: false getBluetoothPlayState: 2 A2dp State: 11 mAudioPlaybackIsActive: false
12-22 11:44:05.862  9768  9768 I ActiveAudioSessionManager: startPositionCallbackTask
12-22 11:44:05.863  8079 11222 D Avrcp_ext: isMusicActive = false mAudioPlaybackIsActive = false player state = PlaybackState {state=3, position=0, buffered position=13212, speed=1.0, updated=1413496331, actions=2363190, custom actions=[], active item id=-1, error=null}
12-22 11:44:05.863  9768  9768 I SafeBinderCall: onPlaybackStateChange binder cost:1
12-22 11:44:05.863  9768  9768 I MiPlayClientSDK: =======================================================================
12-22 11:44:05.863  9768  9768 I MiPlayClientSDK: onPlayStateChange start
12-22 11:44:05.863  9768  9768 I MiPlayClientSDK: local_device_id, state:3
12-22 11:44:05.863  9768  9768 I MiPlayClientSDK: onPlayStateChange end
12-22 11:44:05.863  9768  9768 I MiPlayClientSDK: =======================================================================
12-22 11:44:05.863  9768  9768 I MiPlayProxyDeviceManager: onPlayStateChange
12-22 11:44:05.863  9768  9768 I MiPlay  : onPlaybackStateChanged,local_device_id, state:pause
12-22 11:44:05.863  8079 11222 D Avrcp_ext: overwrite album_artist :if album is blank
12-22 11:44:05.863  8079 11222 V Avrcp_ext: Media update: id -1-1? [MediaAttributes:  -  by  (0 0/0) - ] : [MediaAttributes:  -  by  (90094 0/0) - ]
12-22 11:44:05.863  8079 11222 D Avrcp_ext: isPackageNameValid: browsedPackage = cn.missevanisValid = true
12-22 11:44:05.863  8079 11222 V Avrcp_ext: isBrowseSupported for cn.missevan: false
12-22 11:44:05.863  8079 11222 V Avrcp_ext: Send track changed
12-22 11:44:05.863  8079 11222 V Avrcp_ext: updatePlaybackState, state: PlaybackState {state=3, position=0, buffered position=13212, speed=1.0, updated=1413496331, actions=2363190, custom actions=[], active item id=-1, error=null} device: null
12-22 11:44:05.863  8079 11222 V Avrcp_ext: Device: no name:
12-22 11:44:05.863  8079 11222 V Avrcp_ext: Device: no name:
12-22 11:44:05.863  8079 11222 V Avrcp_ext: Device: no name:
12-22 11:44:05.863  8079 11222 V Avrcp_ext: Device: no name:
12-22 11:44:05.863  8079 11222 V Avrcp_ext: Device: no name:
12-22 11:44:05.863  8079 11222 V Avrcp_ext: updatePlayerStateAndPosition, old=PlaybackState {state=6, position=0, buffered position=0, speed=1.0, updated=1413495686, actions=2363190, custom actions=[], active item id=-1, error=null}, state=PlaybackState {state=3, position=0, buffered position=13212, speed=1.0, updated=1413496331, actions=2363190, custom actions=[], active item id=-1, error=null}
12-22 11:44:05.863  8079 11222 V Avrcp_ext: old state = PlaybackState {state=6, position=0, buffered position=0, speed=1.0, updated=1413495686, actions=2363190, custom actions=[], active item id=-1, error=null}, new state= PlaybackState {state=3, position=0, buffered position=13212, speed=1.0, updated=1413496331, actions=2363190, custom actions=[], active item id=-1, error=null}
12-22 11:44:05.863  8079 11222 D HeadsetService: getHeadsetService(): returning com.android.bluetooth.hfp.HeadsetService@edaeae5
12-22 11:44:05.863  8079 11222 D HeadsetService:  isAudioOn: The number of audio connected devices 0
12-22 11:44:05.863  8079 11222 D HeadsetService: isScoOrCallActive(): Call Active:falseCall is Ringing:falseSCO is Active:false
12-22 11:44:05.863  8079 11222 D HeadsetService:  isAudioOn: The number of audio connected devices 0
12-22 11:44:05.863  8079 11222 V Avrcp_ext: isPlayStateTobeUpdated: device: null
12-22 11:44:05.863  8079 11222 V Avrcp_ext: Single connection exists
12-22 11:44:05.863  8079 11222 D HeadsetService:  isAudioOn: The number of audio connected devices 0
12-22 11:44:05.863  8079 11222 D HeadsetService: isScoOrCallActive(): Call Active:falseCall is Ringing:falseSCO is Active:false
12-22 11:44:05.863  8079 11222 D HeadsetService:  isAudioOn: The number of audio connected devices 0
12-22 11:44:05.863  8079 11222 V Avrcp_ext: isPlayStateTobeUpdated: device: null
12-22 11:44:05.863  8079 11222 V Avrcp_ext: Single connection exists
12-22 11:44:05.863  8079 11222 D HeadsetService:  isAudioOn: The number of audio connected devices 0
12-22 11:44:05.863  8079 11222 D HeadsetService: isScoOrCallActive(): Call Active:falseCall is Ringing:falseSCO is Active:false
12-22 11:44:05.863  8079 11222 D HeadsetService:  isAudioOn: The number of audio connected devices 0
12-22 11:44:05.863  8079 11222 V Avrcp_ext: isPlayStateTobeUpdated: device: null
12-22 11:44:05.863  8079 11222 V Avrcp_ext: Single connection exists
12-22 11:44:05.863  8079 11222 D HeadsetService:  isAudioOn: The number of audio connected devices 0
12-22 11:44:05.863  8079 11222 D HeadsetService: isScoOrCallActive(): Call Active:falseCall is Ringing:falseSCO is Active:false
12-22 11:44:05.863  8079 11222 D HeadsetService:  isAudioOn: The number of audio connected devices 0
12-22 11:44:05.863  8079 11222 V Avrcp_ext: isPlayStateTobeUpdated: device: null
12-22 11:44:05.863  8079 11222 V Avrcp_ext: Single connection exists
12-22 11:44:05.863  8079 11222 D HeadsetService:  isAudioOn: The number of audio connected devices 0
12-22 11:44:05.863  8079 11222 D HeadsetService: isScoOrCallActive(): Call Active:falseCall is Ringing:falseSCO is Active:false
12-22 11:44:05.863  8079 11222 D HeadsetService:  isAudioOn: The number of audio connected devices 0
12-22 11:44:05.863  8079 11222 V Avrcp_ext: isPlayStateTobeUpdated: device: null
12-22 11:44:05.863  8079 11222 V Avrcp_ext: Single connection exists
12-22 11:44:05.863  8079 11222 I Avrcp_ext: No active device found, update playstate to stack
12-22 11:44:05.863  8079 11222 E BluetoothAvrcpServiceJni: updatePlayStatusToStack
12-22 11:44:05.863  8079 11222 E bt_btif : update_play_status_to_stack:invalid index,remote suspend not set
12-22 11:44:05.863  8079 11222 E BluetoothAvrcpServiceJni: updatePlayStatusToStack: status: 1
12-22 11:44:05.863  8079 11222 D Avrcp_ext: Enter sendPlayPosNotificationRsp
12-22 11:44:05.863  8079 11222 D Avrcp_ext: sendPlayPosNotificationRsp: Not registered or requesting.
12-22 11:44:05.863  8079 11222 D Avrcp_ext: Enter sendPlayPosNotificationRsp
12-22 11:44:05.863  8079 11222 D Avrcp_ext: sendPlayPosNotificationRsp: Not registered or requesting.
12-22 11:44:05.863  8079 11222 D Avrcp_ext: Enter sendPlayPosNotificationRsp
12-22 11:44:05.863  8079 11222 D Avrcp_ext: sendPlayPosNotificationRsp: Not registered or requesting.
12-22 11:44:05.863  8079 11222 D Avrcp_ext: Enter sendPlayPosNotificationRsp
12-22 11:44:05.863  8079 11222 D Avrcp_ext: sendPlayPosNotificationRsp: Not registered or requesting.
12-22 11:44:05.863  8079 11222 D Avrcp_ext: Enter sendPlayPosNotificationRsp
12-22 11:44:05.863  8079 11222 D Avrcp_ext: sendPlayPosNotificationRsp: Not registered or requesting.
12-22 11:44:05.863  8079 11222 V Avrcp_ext: Exit updatePlayerStateAndPosition
12-22 11:44:05.863  8079 11222 V Avrcp_ext:  Exit onPlaybackStateChanged
12-22 11:44:05.866  9768  9768 I Cir_Miplay_ActiveAudioSessionManager: dispatchTopActiveSessionChangeCallbackLocked, size:1
12-22 11:44:05.866  1251 27876 I SDM     : HWCSession::ProcessRequests: Successfully configured CWB buffer.
12-22 11:44:05.867  9768  9768 I Cir_Miplay_MiPlayAudioService: onTopActiveSessionChange, cn.missevan
12-22 11:44:05.867  9768  9768 I Cir_Miplay_MiPlayAudioService: topActiveSessionChange appId:cn.missevan
12-22 11:44:05.867  9768  9768 I Cir_Miplay_MiPlayAudioStatUtils: recordPackageName:cn.missevan
12-22 11:44:05.867  9768  9768 I Cir_Miplay_MiPlayAudioStatUtils: packageNameEquals.
12-22 11:44:05.867  9768  9768 I Cir_Miplay_ActiveSessionRecord: dispatch meta change, MediaMetaData{mArtist='null', mAlbum='null', mTitle=' | ', mArt=null, mDuration=0, mLrc='null'}
12-22 11:44:05.867  9768  9768 I Cir_Miplay_MiPlayAudioService: dispatchMetaChange:cn.missevan  ActiveSsionPackageName:cn.missevan
12-22 11:44:05.869  9768 12089 I Cir_Miplay_MiPlayAudioService: dispatchMetaChange:MediaMetaData{mArtist='null', mAlbum='null', mTitle=' | ', mArt=null, mDuration=0, mLrc='null'}
12-22 11:44:05.869  9768 12089 I Cir_Miplay_MetaInfoManager: setMetadata.
12-22 11:44:05.869  1251 27876 I SDM     : HWCSession::ProcessRequests: Pushing release fence in fenece wait queue.
12-22 11:44:05.869  1251 27876 I SDM     : HWCSession::ProcessRequests: Creating AsyncFenceWaits async thread.
12-22 11:44:05.870  1251 27876 I SDM     : HWCSession::ProcessRequests: Remove current CWB request from the pending request queue.
12-22 11:44:05.870  1251 27876 I SDM     : HWCSession::ProcessRequests: No pending cwb requests found in the queue.
12-22 11:44:05.871  1300  2866 I QC2CompStore: Setting heap usage to system
12-22 11:44:05.872  9768  9768 I MiPlayProxyDeviceManager: onTopActiveSessionChange, cn.missevan
12-22 11:44:05.872  9768  9768 I SafeBinderCall: onTopActiveSessionChange binder cost:0
12-22 11:44:05.872  9768  9768 I SafeBinderCall: onMediaMetaChange binder cost:0
12-22 11:44:05.872  1251  1467 I SDM     : HWDeviceDRM::SetupConcurrentWriteback: Tear down the Concurrent Writeback topology
12-22 11:44:05.872  9768  9768 I MiPlayClientSDK: =======================================================================
12-22 11:44:05.872  9768  9768 I MiPlayClientSDK: onMediaInfoChange start
12-22 11:44:05.872  9768  9768 I MiPlayClientSDK: local_device_id, MediaMetaData{mArtist='null', mAlbum='null', mTitle=' | ', mDuration=0, mId='', mCoverUrl='', mStatus=0, mVolume=0, mArt=null, mPosition=0, mLrc='null', mPackgeName='cn.missevan', mSourceName='2738969101Xiaomi Civi 2', mDeviceState=2}
12-22 11:44:05.872  9768  9768 I MiPlayClientSDK: onMediaInfoChange end
12-22 11:44:05.872  9768  9768 I MiPlayClientSDK: =======================================================================
