12-22 11:44:07.590 26463 26500 I appium  : [584151946 (success)] Synthesized: MotionEvent { action=ACTION_MOVE, actionButton=0, id[0]=0, x[0]=540.0, y[0]=1171.3845, toolType[0]=TOOL_TYPE_FINGER, buttonState=0, classification=NONE, metaState=0, flags=0x0, edgeFlags=0x0, pointerCount=1, historySize=0, eventTime=584151946, downTime=584150845, deviceId=0, source=0x1002, displayId=0, eventId=-772205547 }
12-22 11:44:07.616 26463 26500 I appium  : [584151967 (success)] Synthesized: MotionEvent { action=ACTION_MOVE, actionButton=0, id[0]=0, x[0]=540.0, y[0]=1084.6154, toolType[0]=TOOL_TYPE_FINGER, buttonState=0, classification=NONE, metaState=0, flags=0x0, edgeFlags=0x0, pointerCount=1, historySize=0, eventTime=584151967, downTime=584150845, deviceId=0, source=0x1002, displayId=0, eventId=-100392148 }
12-22 11:44:07.649 26463 26500 I appium  : [584151986 (success)] Synthesized: MotionEvent { action=ACTION_MOVE, actionButton=0, id[0]=0, x[0]=540.0, y[0]=997.8461, toolType[0]=TOOL_TYPE_FINGER, buttonState=0, classification=NONE, metaState=0, flags=0x0, edgeFlags=0x0, pointerCount=1, historySize=0, eventTime=584151986, downTime=584150845, deviceId=0, source=0x1002, displayId=0, eventId=-559796919 }
12-22 11:44:07.649 26463 26500 I appium  : The event has been delayed for 32ms
12-22 11:44:07.664 26463 26500 I appium  : [584152018 (success)] Synthesized: MotionEvent { action=ACTION_MOVE, actionButton=0, id[0]=0, x[0]=540.0, y[0]=911.0769, toolType[0]=TOOL_TYPE_FINGER, buttonState=0, classification=NONE, metaState=0, flags=0x0, edgeFlags=0x0, pointerCount=1, historySize=0, eventTime=584152018, downTime=584150845, deviceId=0, source=0x1002, displayId=0, eventId=-787232535 }
12-22 11:44:07.680  2475  6257 I WindowManagerService: Physical orientation applied, rotation=0 sfOrientation=ORIENTATION_0
12-22 11:44:07.686 26463 26500 I appium  : [584152033 (success)] Synthesized: MotionEvent { action=ACTION_MOVE, actionButton=0, id[0]=0, x[0]=540.0, y[0]=824.3077, toolType[0]=TOOL_TYPE_FINGER, buttonState=0, classification=NONE, metaState=0, flags=0x0, edgeFlags=0x0, pointerCount=1, historySize=0, eventTime=584152033, downTime=584150845, deviceId=0, source=0x1002, displayId=0, eventId=-372041114 }
12-22 11:44:07.686 26463 26500 I appium  : The event has been delayed for 21ms
12-22 11:44:07.691  1251  2448 I vendor.qti.hardware.display.composer-service: FrameNotifyProcess Sensor: notify citsensorservice to trigger cwb
12-22 11:44:07.692  2027  2097 I libcitsensorservice@2.0-impl: msg_transfer
12-22 11:44:07.692  2027  3266 D vendor.xiaomi.sensor.citsensorservice@2.0-service: handle id:10 wxh:1280x2400 uwxuh:1080x2400 size: 9216000 fd:15 fd_meta:16 flags:0x4000228 usage:0x33  format:0x3 layer_count: 1
12-22 11:44:07.693  1251  2215 I SDM     : HWCSession::SetCWBOutputBuffer: CWB config passed by cwb_client : tappoint 1  CWB_ROI : (829.000000 4.000000 915.000000 90.000000)
12-22 11:44:07.697 26819 27872 I CCodecBufferChannel: pipelineRoom(3) is <= numClientBuffers(3). Not signalling any more buffers to client
12-22 11:44:07.699  4496  4496 D MiPlayDetailViewModel: onPositionChange(): position = 1807
12-22 11:44:07.699  9768 27712 I SafeBinderCall: onPositionChange binder cost:0
12-22 11:44:07.710 26463 26500 I appium  : [584152054 (success)] Synthesized: MotionEvent { action=ACTION_MOVE, actionButton=0, id[0]=0, x[0]=540.0, y[0]=737.53845, toolType[0]=TOOL_TYPE_FINGER, buttonState=0, classification=NONE, metaState=0, flags=0x0, edgeFlags=0x0, pointerCount=1, historySize=0, eventTime=584152054, downTime=584150845, deviceId=0, source=0x1002, displayId=0, eventId=-205412735 }
12-22 11:44:07.718 26463 26500 I appium  : The event has been delayed for 25ms
12-22 11:44:07.726  1251 27903 I SDM     : HWCSession::ProcessRequests: Successfully configured CWB buffer.
12-22 11:44:07.735 26463 26500 I appium  : [584152087 (success)] Synthesized: MotionEvent { action=ACTION_MOVE, actionButton=0, id[0]=0, x[0]=540.0, y[0]=650.76917, toolType[0]=TOOL_TYPE_FINGER, buttonState=0, classification=NONE, metaState=0, flags=0x0, edgeFlags=0x0, pointerCount=1, historySize=0, eventTime=584152087, downTime=584150845, deviceId=0, source=0x1002, displayId=0, eventId=-2466791 }
12-22 11:44:07.739  1251 27903 I SDM     : HWCSession::ProcessRequests: Pushing release fence in fenece wait queue.
12-22 11:44:07.739  1251 27903 I SDM     : HWCSession::ProcessRequests: Creating AsyncFenceWaits async thread.
12-22 11:44:07.740  1251 27903 I SDM     : HWCSession::ProcessRequests: Remove current CWB request from the pending request queue.
12-22 11:44:07.741  1251  1467 I SDM     : HWDeviceDRM::SetupConcurrentWriteback: Tear down the Concurrent Writeback topology
12-22 11:44:07.743  1251 27903 I SDM     : HWCSession::ProcessRequests: No pending cwb requests found in the queue.
12-22 11:44:07.746 26463 26500 I appium  : [584152104 (success)] Synthesized: MotionEvent { action=ACTION_MOVE, actionButton=0, id[0]=0, x[0]=540.0, y[0]=564.0, toolType[0]=TOOL_TYPE_FINGER, buttonState=0, classification=NONE, metaState=0, flags=0x0, edgeFlags=0x0, pointerCount=1, historySize=0, eventTime=584152104, downTime=584150845, deviceId=0, source=0x1002, displayId=0, eventId=-451243710 }
12-22 11:44:07.748  1251 27904 I SDM     : HWCSession::NotifyCWBStatus: Notify the client about buffer status 0.
12-22 11:44:07.748  2475  5716 D MIUIInput: Input event injection from pid 26445, MotionEvent: UP
12-22 11:44:07.749  2475  3037 D MIUIInput: [MotionEvent] publisher action=0x1, 584152115, channel '320871e cn.missevan/cn.missevan.activity.MainActivity (server)'
12-22 11:44:07.749  1251 27904 I SDM     : HWCSession::PerformFenceWaits: Remove current release fence from the pending fence wait queue.
12-22 11:44:07.749  1251 27904 I SDM     : HWCSession::PerformFenceWaits: CWB fence queue is empty. No pending release fence to wait on.
12-22 11:44:07.768 26463 26500 I appium  : [584152115 (success)] Synthesized: MotionEvent { action=ACTION_UP, actionButton=0, id[0]=0, x[0]=540.0, y[0]=564.0, toolType[0]=TOOL_TYPE_FINGER, buttonState=0, classification=NONE, metaState=0, flags=0x0, edgeFlags=0x0, pointerCount=1, historySize=0, eventTime=584152115, downTime=584150845, deviceId=0, source=0x1002, displayId=0, eventId=-164172780 }
12-22 11:44:07.769 26463 26500 I appium  : The event has been delayed for 22ms
12-22 11:44:07.770 26463 26500 I appium  : AppiumResponse: {"sessionId":"2e41cab1-f840-447c-afd6-bb44ca270381","value":null}
12-22 11:44:07.773 26819 27705 I CCodecBufferChannel: pipelineRoom(2) is <= numClientBuffers(3). Not signalling any more buffers to client
12-22 11:44:07.773 26819 27872 I CCodecBufferChannel: pipelineRoom(2) is <= numClientBuffers(2). Not signalling any more buffers to client
12-22 11:44:07.784  2475  5716 I WindowManagerService: Physical orientation applied, rotation=0 sfOrientation=ORIENTATION_0
12-22 11:44:07.811  5652  7078 W MiuiPerfServiceClient: interceptAndQueuing:26565|cn.missevan|240|35|584152161114401|Slow issue draw commands|21
12-22 11:44:07.881  2027  3285 D libsensor-displayalgo: the value of  brightness:369.000000,R:75828897.414301,G:64879864.924322,B:53567881.277537,EVENT_C:3191.500000,EVENT_R:1297.000000,EVENT_G:1697.500000,EVENT_B:674.000000
12-22 11:44:07.881  2027  3285 I libsensor-displayalgo: the value of  Coef1:1107.681000,Coef4:2.383000, scale1:0.935522, scale4:0.923264
12-22 11:44:07.881  2027  3285 E libsensor-displayalgo: RGB_test_0407_400_oldzy!
12-22 11:44:07.881  2027  3285 I libsensor-displayalgo: the value of  RESULT2539.421846,1048.803470,1218.869301,438.152380
12-22 11:44:07.881  2027  3285 I libsensor-displayalgo: the value of  getChannelDataCalibrated2650.102591,973.294689,1405.709382,474.288973
12-22 11:44:07.881  2027  3285 I libsensor-displayalgo: the value of  REAL LUX23.057467
12-22 11:44:07.881  2027  3285 I libsensor-displayalgo: the value of  CAL REAL LUX23.057467
12-22 11:44:07.886  2475  5716 I WindowManagerService: Physical orientation applied, rotation=0 sfOrientation=ORIENTATION_0
12-22 11:44:07.986  2475  5716 I WindowManagerService: Physical orientation applied, rotation=0 sfOrientation=ORIENTATION_0
12-22 11:44:07.995  1251  2448 I vendor.qti.hardware.display.composer-service: FrameNotifyProcess Sensor: notify citsensorservice to trigger cwb
12-22 11:44:07.996  2027  2097 I libcitsensorservice@2.0-impl: msg_transfer
12-22 11:44:07.996  2027  3266 D vendor.xiaomi.sensor.citsensorservice@2.0-service: handle id:10 wxh:1280x2400 uwxuh:1080x2400 size: 9216000 fd:15 fd_meta:16 flags:0x4000228 usage:0x33  format:0x3 layer_count: 1
12-22 11:44:07.996  1251  2215 I SDM     : HWCSession::SetCWBOutputBuffer: CWB config passed by cwb_client : tappoint 1  CWB_ROI : (829.000000 4.000000 915.000000 90.000000)
12-22 11:44:08.006 26819 27705 I CCodecBufferChannel: pipelineRoom(3) is <= numClientBuffers(3). Not signalling any more buffers to client
12-22 11:44:08.006 26819 27872 I CCodecBufferChannel: pipelineRoom(3) is <= numClientBuffers(3). Not signalling any more buffers to client
12-22 11:44:08.021  1251 27915 I SDM     : HWCSession::ProcessRequests: Successfully configured CWB buffer.
12-22 11:44:08.030  1251 27915 I SDM     : HWCSession::ProcessRequests: Pushing release fence in fenece wait queue.
12-22 11:44:08.030  1251 27915 I SDM     : HWCSession::ProcessRequests: Creating AsyncFenceWaits async thread.
12-22 11:44:08.031  1251 27915 I SDM     : HWCSession::ProcessRequests: Remove current CWB request from the pending request queue.
12-22 11:44:08.031  1251 27915 I SDM     : HWCSession::ProcessRequests: No pending cwb requests found in the queue.
12-22 11:44:08.037  1251  1467 I SDM     : HWDeviceDRM::SetupConcurrentWriteback: Tear down the Concurrent Writeback topology
12-22 11:44:08.057  1251 27919 I SDM     : HWCSession::NotifyCWBStatus: Notify the client about buffer status 0.
12-22 11:44:08.057  1251 27919 I SDM     : HWCSession::PerformFenceWaits: Remove current release fence from the pending fence wait queue.
12-22 11:44:08.057  1251 27919 I SDM     : HWCSession::PerformFenceWaits: CWB fence queue is empty. No pending release fence to wait on.
12-22 11:44:08.102  2475  6391 I WindowManagerService: Physical orientation applied, rotation=0 sfOrientation=ORIENTATION_0
12-22 11:44:08.181  2027  3285 D libsensor-displayalgo: the value of  brightness:369.000000,R:77346603.142811,G:69170682.854290,B:54859301.535769,EVENT_C:3435.000000,EVENT_R:1376.500000,EVENT_G:1834.500000,EVENT_B:723.500000
12-22 11:44:08.181  2027  3285 I libsensor-displayalgo: the value of  Coef1:1107.681000,Coef4:2.383000, scale1:0.935522, scale4:0.923264
12-22 11:44:08.181  2027  3285 E libsensor-displayalgo: RGB_test_0407_400_oldzy!
12-22 11:44:08.181  2027  3285 I libsensor-displayalgo: the value of  RESULT2620.088106,1073.842636,1263.695511,453.309704
12-22 11:44:08.181  2027  3285 I libsensor-displayalgo: the value of  getChannelDataCalibrated2734.284691,996.531156,1457.406988,490.696396
12-22 11:44:08.181  2027  3285 I libsensor-displayalgo: the value of  REAL LUX33.373016
12-22 11:44:08.181  2027  3285 I libsensor-displayalgo: the value of  CAL REAL LUX33.373016
12-22 11:44:08.197  2475  6391 I WindowManagerService: Physical orientation applied, rotation=0 sfOrientation=ORIENTATION_0
12-22 11:44:08.300  1251  2448 I vendor.qti.hardware.display.composer-service: FrameNotifyProcess Sensor: notify citsensorservice to trigger cwb
12-22 11:44:08.300  2027  4130 I libcitsensorservice@2.0-impl: msg_transfer
12-22 11:44:08.300  2027  3266 D vendor.xiaomi.sensor.citsensorservice@2.0-service: handle id:10 wxh:1280x2400 uwxuh:1080x2400 size: 9216000 fd:15 fd_meta:16 flags:0x4000228 usage:0x33  format:0x3 layer_count: 1
12-22 11:44:08.300  1251  2215 I SDM     : HWCSession::SetCWBOutputBuffer: CWB config passed by cwb_client : tappoint 1  CWB_ROI : (829.000000 4.000000 915.000000 90.000000)
12-22 11:44:08.301  2475  6391 I WindowManagerService: Physical orientation applied, rotation=0 sfOrientation=ORIENTATION_0
12-22 11:44:08.303  1251 27921 I SDM     : HWCSession::ProcessRequests: Successfully configured CWB buffer.
12-22 11:44:08.310  1251 27921 I SDM     : HWCSession::ProcessRequests: Pushing release fence in fenece wait queue.
12-22 11:44:08.310  1251 27921 I SDM     : HWCSession::ProcessRequests: Creating AsyncFenceWaits async thread.
12-22 11:44:08.310  1251 27921 I SDM     : HWCSession::ProcessRequests: Remove current CWB request from the pending request queue.
12-22 11:44:08.311  1251 27921 I SDM     : HWCSession::ProcessRequests: No pending cwb requests found in the queue.
12-22 11:44:08.317  1251  1467 I SDM     : HWDeviceDRM::SetupConcurrentWriteback: Tear down the Concurrent Writeback topology
12-22 11:44:08.324  1251 27922 I SDM     : HWCSession::NotifyCWBStatus: Notify the client about buffer status 0.
12-22 11:44:08.324  1251 27922 I SDM     : HWCSession::PerformFenceWaits: Remove current release fence from the pending fence wait queue.
12-22 11:44:08.324  1251 27922 I SDM     : HWCSession::PerformFenceWaits: CWB fence queue is empty. No pending release fence to wait on.
12-22 11:44:08.403  2475  6391 I WindowManagerService: Physical orientation applied, rotation=0 sfOrientation=ORIENTATION_0
12-22 11:44:08.411 26819 27872 I CCodecBufferChannel: pipelineRoom(3) is <= numClientBuffers(3). Not signalling any more buffers to client
12-22 11:44:08.481  2027  3285 D libsensor-displayalgo: the value of  brightness:369.000000,R:77058107.766372,G:68907388.558414,B:54660240.826513,EVENT_C:3416.500000,EVENT_R:1371.500000,EVENT_G:1824.000000,EVENT_B:720.000000
12-22 11:44:08.481  2027  3285 I libsensor-displayalgo: the value of  Coef1:1107.681000,Coef4:2.383000, scale1:0.935522, scale4:0.923264
12-22 11:44:08.481  2027  3285 E libsensor-displayalgo: RGB_test_0407_400_oldzy!
12-22 11:44:08.481  2027  3285 I libsensor-displayalgo: the value of  RESULT2613.947866,1071.179149,1260.973517,452.189066
12-22 11:44:08.481  2027  3285 I libsensor-displayalgo: the value of  getChannelDataCalibrated2727.876829,994.059427,1454.267741,489.483334
12-22 11:44:08.481  2027  3285 I libsensor-displayalgo: the value of  REAL LUX32.465809
12-22 11:44:08.481  2027  3285 I libsensor-displayalgo: the value of  CAL REAL LUX32.465809
12-22 11:44:08.481  2027  3285 I libsensor-ssccalapi: value of set_lux: 30.624029
12-22 11:44:08.508  2475  5716 I WindowManagerService: Physical orientation applied, rotation=0 sfOrientation=ORIENTATION_0
12-22 11:44:08.580  1328  1328 D SRE     : sensorCallback mDisplayId = 0 dataCallback value=<  30.6237, 210.6553, 369.0000>,time=1413499047047412, sensor=5, temperature(K)= 210.6553
12-22 11:44:08.580  1328  1328 D SRE     : setSREStrength mDisplayId = 0, mLastLux = 24, lux = 30, mSREEnabled = 1, mLastFreezeStatus = 0, freeze = 0
12-22 11:44:08.597  2475  5716 I WindowManagerService: Physical orientation applied, rotation=0 sfOrientation=ORIENTATION_0
12-22 11:44:08.606  1251  2448 I vendor.qti.hardware.display.composer-service: FrameNotifyProcess Sensor: notify citsensorservice to trigger cwb
12-22 11:44:08.607  2027  2096 I libcitsensorservice@2.0-impl: msg_transfer
12-22 11:44:08.608  2027  3266 D vendor.xiaomi.sensor.citsensorservice@2.0-service: handle id:10 wxh:1280x2400 uwxuh:1080x2400 size: 9216000 fd:15 fd_meta:16 flags:0x4000228 usage:0x33  format:0x3 layer_count: 1
12-22 11:44:08.608  1251  2215 I SDM     : HWCSession::SetCWBOutputBuffer: CWB config passed by cwb_client : tappoint 1  CWB_ROI : (829.000000 4.000000 915.000000 90.000000)
12-22 11:44:08.611  1251 27932 I SDM     : HWCSession::ProcessRequests: Successfully configured CWB buffer.
12-22 11:44:08.611 26819 27705 I CCodecBufferChannel: pipelineRoom(2) is <= numClientBuffers(3). Not signalling any more buffers to client
12-22 11:44:08.611 26819 27872 I CCodecBufferChannel: pipelineRoom(2) is <= numClientBuffers(2). Not signalling any more buffers to client
12-22 11:44:08.615  1251 27932 I SDM     : HWCSession::ProcessRequests: Pushing release fence in fenece wait queue.
12-22 11:44:08.615  1251 27932 I SDM     : HWCSession::ProcessRequests: Creating AsyncFenceWaits async thread.
12-22 11:44:08.616  1251 27932 I SDM     : HWCSession::ProcessRequests: Remove current CWB request from the pending request queue.
12-22 11:44:08.616  1251 27932 I SDM     : HWCSession::ProcessRequests: No pending cwb requests found in the queue.
12-22 11:44:08.622  1251  1467 I SDM     : HWDeviceDRM::SetupConcurrentWriteback: Tear down the Concurrent Writeback topology
12-22 11:44:08.632  1251 27934 I SDM     : HWCSession::NotifyCWBStatus: Notify the client about buffer status 0.
12-22 11:44:08.633  1251 27934 I SDM     : HWCSession::PerformFenceWaits: Remove current release fence from the pending fence wait queue.
12-22 11:44:08.633  1251 27934 I SDM     : HWCSession::PerformFenceWaits: CWB fence queue is empty. No pending release fence to wait on.
12-22 11:44:08.698  9768 27712 I SafeBinderCall: onPositionChange binder cost:0
12-22 11:44:08.698  4496  4496 D MiPlayDetailViewModel: onPositionChange(): position = 2806
12-22 11:44:08.705  2475  5716 I WindowManagerService: Physical orientation applied, rotation=0 sfOrientation=ORIENTATION_0
12-22 11:44:08.781  2027  3285 D libsensor-displayalgo: the value of  brightness:369.000000,R:77101798.296806,G:68931140.355354,B:54678900.042200,EVENT_C:3425.000000,EVENT_R:1374.000000,EVENT_G:1830.500000,EVENT_B:721.000000
12-22 11:44:08.781  2027  3285 I libsensor-displayalgo: the value of  Coef1:1107.681000,Coef4:2.383000, scale1:0.935522, scale4:0.923264
12-22 11:44:08.781  2027  3285 E libsensor-displayalgo: RGB_test_0407_400_oldzy!
12-22 11:44:08.782  2027  3285 I libsensor-displayalgo: the value of  RESULT2614.607873,1071.525836,1261.220325,452.295755
12-22 11:44:08.782  2027  3285 I libsensor-displayalgo: the value of  getChannelDataCalibrated2728.565602,994.381154,1454.552381,489.598822
12-22 11:44:08.782  2027  3285 I libsensor-displayalgo: the value of  REAL LUX33.145905
12-22 11:44:08.782  2027  3285 I libsensor-displayalgo: the value of  CAL REAL LUX33.145905
12-22 11:44:08.796  6206  7013 D MilletUtils: changeFrozenState change uid =10269 state=1
12-22 11:44:08.802  2475  5716 I WindowManagerService: Physical orientation applied, rotation=0 sfOrientation=ORIENTATION_0
12-22 11:44:08.862 19413 19872 I SmartThreadExecutor: handleMessage: start check 0
12-22 11:44:08.862 19413 19872 I SmartThreadExecutor: handleMessage: check end 0 -14 false
12-22 11:44:08.891 26819 27705 I CCodecBufferChannel: pipelineRoom(2) is <= numClientBuffers(3). Not signalling any more buffers to client
12-22 11:44:08.891 26819 27872 I CCodecBufferChannel: pipelineRoom(2) is <= numClientBuffers(2). Not signalling any more buffers to client
12-22 11:44:08.902  2475  5716 I WindowManagerService: Physical orientation applied, rotation=0 sfOrientation=ORIENTATION_0
12-22 11:44:08.910  1251  2448 I vendor.qti.hardware.display.composer-service: FrameNotifyProcess Sensor: notify citsensorservice to trigger cwb
12-22 11:44:08.910  2027  2096 I libcitsensorservice@2.0-impl: msg_transfer
12-22 11:44:08.911  2027  3266 D vendor.xiaomi.sensor.citsensorservice@2.0-service: handle id:10 wxh:1280x2400 uwxuh:1080x2400 size: 9216000 fd:15 fd_meta:16 flags:0x4000228 usage:0x33  format:0x3 layer_count: 1
12-22 11:44:08.911  1251  2215 I SDM     : HWCSession::SetCWBOutputBuffer: CWB config passed by cwb_client : tappoint 1  CWB_ROI : (829.000000 4.000000 915.000000 90.000000)
12-22 11:44:08.912  1251 27939 I SDM     : HWCSession::ProcessRequests: Successfully configured CWB buffer.
12-22 11:44:08.920  1251 27939 I SDM     : HWCSession::ProcessRequests: Pushing release fence in fenece wait queue.
12-22 11:44:08.920  1251 27939 I SDM     : HWCSession::ProcessRequests: Creating AsyncFenceWaits async thread.
12-22 11:44:08.920  1251 27939 I SDM     : HWCSession::ProcessRequests: Remove current CWB request from the pending request queue.
12-22 11:44:08.920  1251 27939 I SDM     : HWCSession::ProcessRequests: No pending cwb requests found in the queue.
12-22 11:44:08.926  1251  1467 I SDM     : HWDeviceDRM::SetupConcurrentWriteback: Tear down the Concurrent Writeback topology
12-22 11:44:08.933  1251 27942 I SDM     : HWCSession::NotifyCWBStatus: Notify the client about buffer status 0.
12-22 11:44:08.934  1251 27942 I SDM     : HWCSession::PerformFenceWaits: Remove current release fence from the pending fence wait queue.
12-22 11:44:08.934  1251 27942 I SDM     : HWCSession::PerformFenceWaits: CWB fence queue is empty. No pending release fence to wait on.
12-22 11:44:08.937  4371  5534 D QCNEJ/NativeHalConnector: -> SND notifyDefaultNetworkChanged(1)
12-22 11:44:08.942 19413 19468 D TAB.NetworkUtils: network onCapabilitiesChanged
12-22 11:44:08.951  5773  8961 I SLM-SRV-SLAService: onCapabilitiesChanged WIFI master
12-22 11:44:08.965  1192 11175 I vendor.qti.bluetooth@1.0-ibs_handler: ProcessIbsCmd: Received IBS_WAKE_IND: 0xFD
12-22 11:44:08.965  1192 11175 D vendor.qti.bluetooth@1.0-ibs_handler: SerialClockVote: vote for UART CLK ON
12-22 11:44:08.965  1192 11175 D vendor.qti.bluetooth@1.0-wake_lock: Acquire wakelock is acquired
12-22 11:44:08.965  1192 11175 I vendor.qti.bluetooth@1.0-ibs_handler: ProcessIbsCmd: Writing IBS_WAKE_ACK
12-22 11:44:08.982 28881 11959 E MiuiConfigNetConnectController : empty last pop
12-22 11:44:08.982 28881 11959 D MiuiConfigNetConnectController : getDeviceTimes B8:7C:6F:7E:5C:B0
12-22 11:44:08.983 28881 11959 D MiuiConfigNetConnectController : device is in the DeviceBlackList: B8:7C:6F:7E:5C:B0
12-22 11:44:09.006  1192 11175 I vendor.qti.bluetooth@1.0-ibs_handler: ProcessIbsCmd: Received IBS_SLEEP_IND: 0xFE
12-22 11:44:09.006  1192 11175 D vendor.qti.bluetooth@1.0-ibs_handler: SerialClockVote: vote for UART CLK OFF
12-22 11:44:09.006  2475  6257 I WindowManagerService: Physical orientation applied, rotation=0 sfOrientation=ORIENTATION_0
12-22 11:44:09.017 26819 27705 I CCodecBufferChannel: pipelineRoom(2) is <= numClientBuffers(3). Not signalling any more buffers to client
12-22 11:44:09.017 26819 27872 I CCodecBufferChannel: pipelineRoom(2) is <= numClientBuffers(2). Not signalling any more buffers to client
12-22 11:44:09.057 26819 27701 D CCodecBufferChannel: [c2.android.aac.decoder#876] DEBUG: elapsed: n=6 [in=0 pipeline=0 out=2]
12-22 11:44:09.058 26819 27701 D PipelineWatcher: DEBUG: elapsed 2 / 6
12-22 11:44:09.081  2027  3285 D libsensor-displayalgo: the value of  brightness:369.000000,R:77101798.296806,G:68931140.355354,B:54678900.042200,EVENT_C:3408.500000,EVENT_R:1366.500000,EVENT_G:1822.000000,EVENT_B:718.000000
12-22 11:44:09.081  2027  3285 I libsensor-displayalgo: the value of  Coef1:1107.681000,Coef4:2.383000, scale1:0.935522, scale4:0.923264
12-22 11:44:09.081  2027  3285 E libsensor-displayalgo: RGB_test_0407_400_oldzy!
12-22 11:44:09.081  2027  3285 I libsensor-displayalgo: the value of  RESULT2614.607873,1071.525836,1261.220325,452.295755
12-22 11:44:09.081  2027  3285 I libsensor-displayalgo: the value of  getChannelDataCalibrated2728.565602,994.381154,1454.552381,489.598822
12-22 11:44:09.082  2027  3285 I libsensor-displayalgo: the value of  REAL LUX32.121140
12-22 11:44:09.082  2027  3285 I libsensor-displayalgo: the value of  CAL REAL LUX32.121140
12-22 11:44:09.091 26819 27705 I CCodecBufferChannel: pipelineRoom(3) is <= numClientBuffers(3). Not signalling any more buffers to client
12-22 11:44:09.106  2475  6257 I WindowManagerService: Physical orientation applied, rotation=0 sfOrientation=ORIENTATION_0
12-22 11:44:09.156  1192 11131 D vendor.qti.bluetooth@1.0-wake_lock: Release wakelock is released
12-22 11:44:09.204  2475  6257 I WindowManagerService: Physical orientation applied, rotation=0 sfOrientation=ORIENTATION_0
12-22 11:44:09.210 26819 27705 I CCodecBufferChannel: pipelineRoom(3) is <= numClientBuffers(3). Not signalling any more buffers to client
12-22 11:44:09.216  1251  2448 I vendor.qti.hardware.display.composer-service: FrameNotifyProcess Sensor: notify citsensorservice to trigger cwb
12-22 11:44:09.216  2027  4130 I libcitsensorservice@2.0-impl: msg_transfer
12-22 11:44:09.216  2027  3266 D vendor.xiaomi.sensor.citsensorservice@2.0-service: handle id:10 wxh:1280x2400 uwxuh:1080x2400 size: 9216000 fd:15 fd_meta:16 flags:0x4000228 usage:0x33  format:0x3 layer_count: 1
12-22 11:44:09.216  1251  2215 I SDM     : HWCSession::SetCWBOutputBuffer: CWB config passed by cwb_client : tappoint 1  CWB_ROI : (829.000000 4.000000 915.000000 90.000000)
12-22 11:44:09.217  1251 27943 I SDM     : HWCSession::ProcessRequests: Successfully configured CWB buffer.
12-22 11:44:09.225  1251 27943 I SDM     : HWCSession::ProcessRequests: Pushing release fence in fenece wait queue.
12-22 11:44:09.225  1251 27943 I SDM     : HWCSession::ProcessRequests: Creating AsyncFenceWaits async thread.
12-22 11:44:09.225  1251 27943 I SDM     : HWCSession::ProcessRequests: Remove current CWB request from the pending request queue.
12-22 11:44:09.225  1251 27943 I SDM     : HWCSession::ProcessRequests: No pending cwb requests found in the queue.
12-22 11:44:09.231  1251  1467 I SDM     : HWDeviceDRM::SetupConcurrentWriteback: Tear down the Concurrent Writeback topology
12-22 11:44:09.238  1251 27944 I SDM     : HWCSession::NotifyCWBStatus: Notify the client about buffer status 0.
12-22 11:44:09.238  1251 27944 I SDM     : HWCSession::PerformFenceWaits: Remove current release fence from the pending fence wait queue.
12-22 11:44:09.239  1251 27944 I SDM     : HWCSession::PerformFenceWaits: CWB fence queue is empty. No pending release fence to wait on.
12-22 11:44:09.311  2475  6390 I WindowManagerService: Physical orientation applied, rotation=0 sfOrientation=ORIENTATION_0
12-22 11:44:09.325 26819 27705 I CCodecBufferChannel: pipelineRoom(2) is <= numClientBuffers(3). Not signalling any more buffers to client
12-22 11:44:09.326 26819 27872 I CCodecBufferChannel: pipelineRoom(2) is <= numClientBuffers(2). Not signalling any more buffers to client
12-22 11:44:09.409  2475  6390 I WindowManagerService: Physical orientation applied, rotation=0 sfOrientation=ORIENTATION_0
12-22 11:44:09.454 26819 27705 I CCodecBufferChannel: pipelineRoom(3) is <= numClientBuffers(3). Not signalling any more buffers to client
12-22 11:44:09.457 26819 27705 I CCodecBufferChannel: pipelineRoom(3) is <= numClientBuffers(3). Not signalling any more buffers to client
12-22 11:44:09.481  2027  3285 D libsensor-displayalgo: the value of  brightness:369.000000,R:77101798.296806,G:68931140.355354,B:54678900.042200,EVENT_C:3412.000000,EVENT_R:1369.000000,EVENT_G:1822.000000,EVENT_B:719.000000
12-22 11:44:09.481  2027  3285 I libsensor-displayalgo: the value of  Coef1:1107.681000,Coef4:2.383000, scale1:0.935522, scale4:0.923264
12-22 11:44:09.481  2027  3285 E libsensor-displayalgo: RGB_test_0407_400_oldzy!
12-22 11:44:09.481  2027  3285 I libsensor-displayalgo: the value of  RESULT2614.607873,1071.525836,1261.220325,452.295755
12-22 11:44:09.481  2027  3285 I libsensor-displayalgo: the value of  getChannelDataCalibrated2728.565602,994.381154,1454.552381,489.598822
12-22 11:44:09.481  2027  3285 I libsensor-displayalgo: the value of  REAL LUX32.192661
12-22 11:44:09.481  2027  3285 I libsensor-displayalgo: the value of  CAL REAL LUX32.192661
12-22 11:44:09.517  2475  6390 I WindowManagerService: Physical orientation applied, rotation=0 sfOrientation=ORIENTATION_0
12-22 11:44:09.518  1251  2448 I vendor.qti.hardware.display.composer-service: FrameNotifyProcess Sensor: notify citsensorservice to trigger cwb
12-22 11:44:09.519  2027  4130 I libcitsensorservice@2.0-impl: msg_transfer
12-22 11:44:09.521  2027  3266 D vendor.xiaomi.sensor.citsensorservice@2.0-service: handle id:10 wxh:1280x2400 uwxuh:1080x2400 size: 9216000 fd:15 fd_meta:16 flags:0x4000228 usage:0x33  format:0x3 layer_count: 1
12-22 11:44:09.521  1251  2215 I SDM     : HWCSession::SetCWBOutputBuffer: CWB config passed by cwb_client : tappoint 1  CWB_ROI : (829.000000 4.000000 915.000000 90.000000)
12-22 11:44:09.530  1251 27947 I SDM     : HWCSession::ProcessRequests: Successfully configured CWB buffer.
12-22 11:44:09.537  1251 27947 I SDM     : HWCSession::ProcessRequests: Pushing release fence in fenece wait queue.
12-22 11:44:09.537  1251 27947 I SDM     : HWCSession::ProcessRequests: Creating AsyncFenceWaits async thread.
12-22 11:44:09.538  1251 27947 I SDM     : HWCSession::ProcessRequests: Remove current CWB request from the pending request queue.
12-22 11:44:09.538  1251 27947 I SDM     : HWCSession::ProcessRequests: No pending cwb requests found in the queue.
12-22 11:44:09.543  1251  1467 I SDM     : HWDeviceDRM::SetupConcurrentWriteback: Tear down the Concurrent Writeback topology
12-22 11:44:09.551  1251 27948 I SDM     : HWCSession::NotifyCWBStatus: Notify the client about buffer status 0.
12-22 11:44:09.551  1251 27948 I SDM     : HWCSession::PerformFenceWaits: Remove current release fence from the pending fence wait queue.
12-22 11:44:09.551  1251 27948 I SDM     : HWCSession::PerformFenceWaits: CWB fence queue is empty. No pending release fence to wait on.
12-22 11:44:09.563 26819 27705 I CCodecBufferChannel: pipelineRoom(2) is <= numClientBuffers(2). Not signalling any more buffers to client
12-22 11:44:09.563 26819 27705 I CCodecBufferChannel: pipelineRoom(2) is <= numClientBuffers(2). Not signalling any more buffers to client
12-22 11:44:09.564 26819 27872 I CCodecBufferChannel: pipelineRoom(3) is <= numClientBuffers(3). Not signalling any more buffers to client
12-22 11:44:09.614  2475  6390 I WindowManagerService: Physical orientation applied, rotation=0 sfOrientation=ORIENTATION_0
12-22 11:44:09.656 26819 27872 I CCodecBufferChannel: pipelineRoom(1) is <= numClientBuffers(1). Not signalling any more buffers to client
12-22 11:44:09.657 26819 27705 I CCodecBufferChannel: pipelineRoom(1) is <= numClientBuffers(1). Not signalling any more buffers to client
12-22 11:44:09.698  9768 27712 I SafeBinderCall: onPositionChange binder cost:0
12-22 11:44:09.698  4496  4496 D MiPlayDetailViewModel: onPositionChange(): position = 3807
12-22 11:44:09.716  2475  6390 I WindowManagerService: Physical orientation applied, rotation=0 sfOrientation=ORIENTATION_0
12-22 11:44:09.773 26819 27705 I CCodecBufferChannel: pipelineRoom(1) is <= numClientBuffers(2). Not signalling any more buffers to client
12-22 11:44:09.773 26819 27872 I CCodecBufferChannel: pipelineRoom(1) is <= numClientBuffers(1). Not signalling any more buffers to client
12-22 11:44:09.784  2027  3285 D libsensor-displayalgo: the value of  brightness:369.000000,R:77101798.296806,G:68931140.355354,B:54678900.042200,EVENT_C:3410.500000,EVENT_R:1368.500000,EVENT_G:1820.500000,EVENT_B:718.000000
12-22 11:44:09.784  2027  3285 I libsensor-displayalgo: the value of  Coef1:1107.681000,Coef4:2.383000, scale1:0.935522, scale4:0.923264
12-22 11:44:09.784  2027  3285 E libsensor-displayalgo: RGB_test_0407_400_oldzy!
12-22 11:44:09.784  2027  3285 I libsensor-displayalgo: the value of  RESULT2614.607873,1071.525836,1261.220325,452.295755
12-22 11:44:09.784  2027  3285 I libsensor-displayalgo: the value of  getChannelDataCalibrated2728.565602,994.381154,1454.552381,489.598822
12-22 11:44:09.784  2027  3285 I libsensor-displayalgo: the value of  REAL LUX32.118637
12-22 11:44:09.784  2027  3285 I libsensor-displayalgo: the value of  CAL REAL LUX32.118637
12-22 11:44:09.787 26819 27705 I CCodecBufferChannel: pipelineRoom(2) is <= numClientBuffers(2). Not signalling any more buffers to client
12-22 11:44:09.787 26819 27705 I CCodecBufferChannel: pipelineRoom(2) is <= numClientBuffers(2). Not signalling any more buffers to client
12-22 11:44:09.804 26819 27872 I CCodecBufferChannel: pipelineRoom(1) is <= numClientBuffers(1). Not signalling any more buffers to client
12-22 11:44:09.805 26819 27705 I CCodecBufferChannel: pipelineRoom(3) is <= numClientBuffers(3). Not signalling any more buffers to client
12-22 11:44:09.817  2475  5716 I WindowManagerService: Physical orientation applied, rotation=0 sfOrientation=ORIENTATION_0
12-22 11:44:09.824  1251  2448 I vendor.qti.hardware.display.composer-service: FrameNotifyProcess Sensor: notify citsensorservice to trigger cwb
12-22 11:44:09.824  2027  2096 I libcitsensorservice@2.0-impl: msg_transfer
12-22 11:44:09.825  2027  3266 D vendor.xiaomi.sensor.citsensorservice@2.0-service: handle id:10 wxh:1280x2400 uwxuh:1080x2400 size: 9216000 fd:15 fd_meta:16 flags:0x4000228 usage:0x33  format:0x3 layer_count: 1
12-22 11:44:09.825  1251  2215 I SDM     : HWCSession::SetCWBOutputBuffer: CWB config passed by cwb_client : tappoint 1  CWB_ROI : (829.000000 4.000000 915.000000 90.000000)
12-22 11:44:09.833  1251 27949 I SDM     : HWCSession::ProcessRequests: Successfully configured CWB buffer.
12-22 11:44:09.839 26463 26500 I appium  : channel read: POST /wd/hub/session/2e41cab1-f840-447c-afd6-bb44ca270381/element
12-22 11:44:09.840 26463 26500 I appium  : FindElement command
12-22 11:44:09.842  1251 27949 I SDM     : HWCSession::ProcessRequests: Pushing release fence in fenece wait queue.
12-22 11:44:09.842  1251 27949 I SDM     : HWCSession::ProcessRequests: Creating AsyncFenceWaits async thread.
12-22 11:44:09.842  1251 27949 I SDM     : HWCSession::ProcessRequests: Remove current CWB request from the pending request queue.
12-22 11:44:09.843  1251 27949 I SDM     : HWCSession::ProcessRequests: No pending cwb requests found in the queue.
12-22 11:44:09.844 26463 26500 I appium  : method: 'id', selector: 'cn.missevan:id/sound_title'
12-22 11:44:09.844 26463 26500 I appium  : Waiting up to 100ms for the device to idle
12-22 11:44:09.844  1953  2016 I mstatdaemon: Entering time loop
12-22 11:44:09.844  1953  2016 I mstatdaemon: t = 1671680649
12-22 11:44:09.845  1953  2016 I mstatdaemon: translated_t = 1355690649
12-22 11:44:09.845  1953  2016 I mstat_log: mstatcommitLog log_alloc() failed
12-22 11:44:09.849  1251  1467 I SDM     : HWDeviceDRM::SetupConcurrentWriteback: Tear down the Concurrent Writeback topology
12-22 11:44:09.877  1251 27950 I SDM     : HWCSession::NotifyCWBStatus: Notify the client about buffer status 0.
12-22 11:44:09.878  1251 27950 I SDM     : HWCSession::PerformFenceWaits: Remove current release fence from the pending fence wait queue.
12-22 11:44:09.878  1251 27950 I SDM     : HWCSession::PerformFenceWaits: CWB fence queue is empty. No pending release fence to wait on.
12-22 11:44:09.921  2475  6390 I WindowManagerService: Physical orientation applied, rotation=0 sfOrientation=ORIENTATION_0
12-22 11:44:09.937 26819 27705 I CCodecBufferChannel: pipelineRoom(1) is <= numClientBuffers(1). Not signalling any more buffers to client
12-22 11:44:09.940 26819 27705 I CCodecBufferChannel: pipelineRoom(2) is <= numClientBuffers(2). Not signalling any more buffers to client
12-22 11:44:09.943 26819 27872 I CCodecBufferChannel: pipelineRoom(1) is <= numClientBuffers(1). Not signalling any more buffers to client
12-22 11:44:09.971 26463 26500 W QueryController: Could not detect idle state.
12-22 11:44:10.018  2475  6390 I WindowManagerService: Physical orientation applied, rotation=0 sfOrientation=ORIENTATION_0
12-22 11:44:10.039 26819 27872 I CCodecBufferChannel: pipelineRoom(2) is <= numClientBuffers(2). Not signalling any more buffers to client
12-22 11:44:10.039 26819 27705 I CCodecBufferChannel: pipelineRoom(2) is <= numClientBuffers(2). Not signalling any more buffers to client
12-22 11:44:10.040 26819 27872 I CCodecBufferChannel: pipelineRoom(3) is <= numClientBuffers(3). Not signalling any more buffers to client
12-22 11:44:10.041 26819 27705 I CCodecBufferChannel: pipelineRoom(3) is <= numClientBuffers(3). Not signalling any more buffers to client
12-22 11:44:10.045 26819 27872 I CCodecBufferChannel: pipelineRoom(2) is <= numClientBuffers(2). Not signalling any more buffers to client
12-22 11:44:10.082  2027  3285 D libsensor-displayalgo: the value of  brightness:369.000000,R:77101798.296806,G:68931140.355354,B:54678900.042200,EVENT_C:3394.500000,EVENT_R:1361.000000,EVENT_G:1813.000000,EVENT_B:713.500000
12-22 11:44:10.082  2027  3285 I libsensor-displayalgo: the value of  Coef1:1107.681000,Coef4:2.383000, scale1:0.935522, scale4:0.923264
12-22 11:44:10.082  2027  3285 E libsensor-displayalgo: RGB_test_0407_400_oldzy!
12-22 11:44:10.082  2027  3285 I libsensor-displayalgo: the value of  RESULT2614.607873,1071.525836,1261.220325,452.295755
12-22 11:44:10.082  2027  3285 I libsensor-displayalgo: the value of  getChannelDataCalibrated2728.565602,994.381154,1454.552381,489.598822
12-22 11:44:10.082  2027  3285 I libsensor-displayalgo: the value of  REAL LUX31.296511
12-22 11:44:10.082  2027  3285 I libsensor-displayalgo: the value of  CAL REAL LUX31.296511
12-22 11:44:10.120  2475  6390 I WindowManagerService: Physical orientation applied, rotation=0 sfOrientation=ORIENTATION_0
12-22 11:44:10.129  1251  2448 I vendor.qti.hardware.display.composer-service: FrameNotifyProcess Sensor: notify citsensorservice to trigger cwb
12-22 11:44:10.129  2027  2096 I libcitsensorservice@2.0-impl: msg_transfer
12-22 11:44:10.129  2027  3266 D vendor.xiaomi.sensor.citsensorservice@2.0-service: handle id:10 wxh:1280x2400 uwxuh:1080x2400 size: 9216000 fd:15 fd_meta:16 flags:0x4000228 usage:0x33  format:0x3 layer_count: 1
12-22 11:44:10.129  1251  2215 I SDM     : HWCSession::SetCWBOutputBuffer: CWB config passed by cwb_client : tappoint 1  CWB_ROI : (829.000000 4.000000 915.000000 90.000000)
12-22 11:44:10.131  1251 27951 I SDM     : HWCSession::ProcessRequests: Successfully configured CWB buffer.
12-22 11:44:10.140  1251 27951 I SDM     : HWCSession::ProcessRequests: Pushing release fence in fenece wait queue.
12-22 11:44:10.140  1251 27951 I SDM     : HWCSession::ProcessRequests: Creating AsyncFenceWaits async thread.
12-22 11:44:10.141  1251 27951 I SDM     : HWCSession::ProcessRequests: Remove current CWB request from the pending request queue.
12-22 11:44:10.141  1251 27951 I SDM     : HWCSession::ProcessRequests: No pending cwb requests found in the queue.
12-22 11:44:10.145  1251  1467 I SDM     : HWDeviceDRM::SetupConcurrentWriteback: Tear down the Concurrent Writeback topology
12-22 11:44:10.154  1251 27952 I SDM     : HWCSession::NotifyCWBStatus: Notify the client about buffer status 0.
12-22 11:44:10.154  1251 27952 I SDM     : HWCSession::PerformFenceWaits: Remove current release fence from the pending fence wait queue.
12-22 11:44:10.154  1251 27952 I SDM     : HWCSession::PerformFenceWaits: CWB fence queue is empty. No pending release fence to wait on.
12-22 11:44:10.182  2475  6390 I WindowManagerService: Physical orientation applied, rotation=0 sfOrientation=ORIENTATION_0
12-22 11:44:10.184 26819 27705 I CCodecBufferChannel: pipelineRoom(2) is <= numClientBuffers(3). Not signalling any more buffers to client
12-22 11:44:10.185 26819 27872 I CCodecBufferChannel: pipelineRoom(2) is <= numClientBuffers(2). Not signalling any more buffers to client
12-22 11:44:10.196 26819 27705 I CCodecBufferChannel: pipelineRoom(3) is <= numClientBuffers(3). Not signalling any more buffers to client
12-22 11:44:10.197 26819 27872 I CCodecBufferChannel: pipelineRoom(2) is <= numClientBuffers(2). Not signalling any more buffers to client
12-22 11:44:10.223  2475  6390 I WindowManagerService: Physical orientation applied, rotation=0 sfOrientation=ORIENTATION_0
12-22 11:44:10.232  1192 11175 I vendor.qti.bluetooth@1.0-ibs_handler: ProcessIbsCmd: Received IBS_WAKE_IND: 0xFD
12-22 11:44:10.232  1192 11175 D vendor.qti.bluetooth@1.0-ibs_handler: SerialClockVote: vote for UART CLK ON
12-22 11:44:10.233  1192 11175 D vendor.qti.bluetooth@1.0-wake_lock: Acquire wakelock is acquired
12-22 11:44:10.233  1192 11175 I vendor.qti.bluetooth@1.0-ibs_handler: ProcessIbsCmd: Writing IBS_WAKE_ACK
12-22 11:44:10.245 28881 11959 E MiuiConfigNetConnectController : empty last pop
12-22 11:44:10.245 28881 11959 D MiuiConfigNetConnectController : getDeviceTimes B8:7C:6F:7E:5C:B0
12-22 11:44:10.245 28881 11959 D MiuiConfigNetConnectController : device is in the DeviceBlackList: B8:7C:6F:7E:5C:B0
12-22 11:44:10.274  1192 11175 I vendor.qti.bluetooth@1.0-ibs_handler: ProcessIbsCmd: Received IBS_SLEEP_IND: 0xFE
12-22 11:44:10.274  1192 11175 D vendor.qti.bluetooth@1.0-ibs_handler: SerialClockVote: vote for UART CLK OFF
12-22 11:44:10.322  2475  6390 I WindowManagerService: Physical orientation applied, rotation=0 sfOrientation=ORIENTATION_0
12-22 11:44:10.323 26819 27705 I CCodecBufferChannel: pipelineRoom(2) is <= numClientBuffers(3). Not signalling any more buffers to client
12-22 11:44:10.325 26819 27872 I CCodecBufferChannel: pipelineRoom(2) is <= numClientBuffers(2). Not signalling any more buffers to client
12-22 11:44:10.328 26819 27705 I CCodecBufferChannel: pipelineRoom(2) is <= numClientBuffers(3). Not signalling any more buffers to client
12-22 11:44:10.330 26819 27872 I CCodecBufferChannel: pipelineRoom(2) is <= numClientBuffers(2). Not signalling any more buffers to client
12-22 11:44:10.381  2027  3285 D libsensor-displayalgo: the value of  brightness:369.000000,R:77101798.296806,G:68931140.355354,B:54678900.042200,EVENT_C:3420.000000,EVENT_R:1371.000000,EVENT_G:1828.500000,EVENT_B:719.500000
12-22 11:44:10.381  2027  3285 I libsensor-displayalgo: the value of  Coef1:1107.681000,Coef4:2.383000, scale1:0.935522, scale4:0.923264
12-22 11:44:10.381  2027  3285 E libsensor-displayalgo: RGB_test_0407_400_oldzy!
12-22 11:44:10.382  2027  3285 I libsensor-displayalgo: the value of  RESULT2614.607873,1071.525836,1261.220325,452.295755
12-22 11:44:10.382  2027  3285 I libsensor-displayalgo: the value of  getChannelDataCalibrated2728.565602,994.381154,1454.552381,489.598822
12-22 11:44:10.382  2027  3285 I libsensor-displayalgo: the value of  REAL LUX32.936989
12-22 11:44:10.382  2027  3285 I libsensor-displayalgo: the value of  CAL REAL LUX32.936989
12-22 11:44:10.424  2475  5716 I WindowManagerService: Physical orientation applied, rotation=0 sfOrientation=ORIENTATION_0
12-22 11:44:10.424  1192 11131 D vendor.qti.bluetooth@1.0-wake_lock: Release wakelock is released
12-22 11:44:10.432  1251  2448 I vendor.qti.hardware.display.composer-service: FrameNotifyProcess Sensor: notify citsensorservice to trigger cwb
12-22 11:44:10.433  2027  2096 I libcitsensorservice@2.0-impl: msg_transfer
12-22 11:44:10.434  2027  3266 D vendor.xiaomi.sensor.citsensorservice@2.0-service: handle id:10 wxh:1280x2400 uwxuh:1080x2400 size: 9216000 fd:15 fd_meta:16 flags:0x4000228 usage:0x33  format:0x3 layer_count: 1
12-22 11:44:10.434  1251  2215 I SDM     : HWCSession::SetCWBOutputBuffer: CWB config passed by cwb_client : tappoint 1  CWB_ROI : (829.000000 4.000000 915.000000 90.000000)
12-22 11:44:10.442  1251 27953 I SDM     : HWCSession::ProcessRequests: Successfully configured CWB buffer.
12-22 11:44:10.443 26819 27705 I CCodecBufferChannel: pipelineRoom(2) is <= numClientBuffers(3). Not signalling any more buffers to client
12-22 11:44:10.444 26819 27872 I CCodecBufferChannel: pipelineRoom(2) is <= numClientBuffers(2). Not signalling any more buffers to client
12-22 11:44:10.446 26819 27705 I CCodecBufferChannel: pipelineRoom(1) is <= numClientBuffers(1). Not signalling any more buffers to client
12-22 11:44:10.451  1251 27953 I SDM     : HWCSession::ProcessRequests: Pushing release fence in fenece wait queue.
12-22 11:44:10.452  1251 27953 I SDM     : HWCSession::ProcessRequests: Creating AsyncFenceWaits async thread.
12-22 11:44:10.460  1251 27953 I SDM     : HWCSession::ProcessRequests: Remove current CWB request from the pending request queue.
12-22 11:44:10.460  1251 27953 I SDM     : HWCSession::ProcessRequests: No pending cwb requests found in the queue.
12-22 11:44:10.462  1251  1467 I SDM     : HWDeviceDRM::SetupConcurrentWriteback: Tear down the Concurrent Writeback topology
12-22 11:44:10.465  1251 27954 I SDM     : HWCSession::NotifyCWBStatus: Notify the client about buffer status 0.
12-22 11:44:10.469  1251 27954 I SDM     : HWCSession::PerformFenceWaits: Remove current release fence from the pending fence wait queue.
12-22 11:44:10.469  1251 27954 I SDM     : HWCSession::PerformFenceWaits: CWB fence queue is empty. No pending release fence to wait on.
12-22 11:44:10.479 26463 26500 I appium  : AppiumResponse: {"sessionId":"2e41cab1-f840-447c-afd6-bb44ca270381","value":{"ELEMENT":"00000000-0000-0c80-ffff-ffff00000c73","element-6066-11e4-a52e-4f735466cecf":"00000000-0000-0c80-ffff-ffff00000c73"}}
12-22 11:44:10.516 26819 27705 I CCodecBufferChannel: pipelineRoom(2) is <= numClientBuffers(3). Not signalling any more buffers to client
12-22 11:44:10.517 26819 27872 I CCodecBufferChannel: pipelineRoom(2) is <= numClientBuffers(2). Not signalling any more buffers to client
12-22 11:44:10.525 26463 26500 I appium  : channel read: GET /wd/hub/session/2e41cab1-f840-447c-afd6-bb44ca270381/element/00000000-0000-0c80-ffff-ffff00000c73/text
12-22 11:44:10.526 26463 26500 I appium  : GetText command
12-22 11:44:10.534  2475  6390 I WindowManagerService: Physical orientation applied, rotation=0 sfOrientation=ORIENTATION_0
12-22 11:44:10.630  2475  6390 I WindowManagerService: Physical orientation applied, rotation=0 sfOrientation=ORIENTATION_0
12-22 11:44:10.651 26819 27705 I CCodecBufferChannel: pipelineRoom(1) is <= numClientBuffers(2). Not signalling any more buffers to client
12-22 11:44:10.651 26819 27872 I CCodecBufferChannel: pipelineRoom(1) is <= numClientBuffers(1). Not signalling any more buffers to client
12-22 11:44:10.670 26819 27704 D BufferPoolAccessor2.0: bufferpool2 0x79c150b828 : 0(0 size) total buffers - 0(0 size) used buffers - 426/431 (recycle/alloc) - 6/423 (fetch/transfer)
12-22 11:44:10.670 26819 27704 D BufferPoolAccessor2.0: evictor expired: 1, evicted: 1
12-22 11:44:10.674  1973  2871 D BufferPoolAccessor2.0: bufferpool2 0xb4000079cf79f628 : 0(0 size) total buffers - 0(0 size) used buffers - 415/419 (recycle/alloc) - 5/419 (fetch/transfer)
12-22 11:44:10.675  1973  2871 D BufferPoolAccessor2.0: evictor expired: 1, evicted: 1
12-22 11:44:10.682  2027  3285 D libsensor-displayalgo: the value of  brightness:369.000000,R:77101798.296806,G:68931140.355354,B:54678900.042200,EVENT_C:3423.000000,EVENT_R:1371.500000,EVENT_G:1829.000000,EVENT_B:720.000000
12-22 11:44:10.682  2027  3285 I libsensor-displayalgo: the value of  Coef1:1107.681000,Coef4:2.383000, scale1:0.935522, scale4:0.923264
12-22 11:44:10.682  2027  3285 E libsensor-displayalgo: RGB_test_0407_400_oldzy!
12-22 11:44:10.682  2027  3285 I libsensor-displayalgo: the value of  RESULT2614.607873,1071.525836,1261.220325,452.295755
12-22 11:44:10.683  2027  3285 I libsensor-displayalgo: the value of  getChannelDataCalibrated2728.565602,994.381154,1454.552381,489.598822
12-22 11:44:10.683  2027  3285 I libsensor-displayalgo: the value of  REAL LUX33.111988
12-22 11:44:10.683  2027  3285 I libsensor-displayalgo: the value of  CAL REAL LUX33.111988
12-22 11:44:10.685 23436 23436 W esthd-24809: type=1400 audit(0.0:120157): avc: granted { nlmsg_readpriv } for scontext=u:r:untrusted_app_27:s0:c512,c768 tcontext=u:r:untrusted_app_27:s0:c512,c768 tclass=netlink_route_socket app=com.xunmeng.pinduoduo
12-22 11:44:10.693 23436 23436 W esthd-24809: type=1400 audit(0.0:120158): avc: denied { read } for name="drivers" dev="proc" ino=4026531852 scontext=u:r:untrusted_app_27:s0:c512,c768 tcontext=u:object_r:proc_tty_drivers:s0 tclass=file permissive=0 app=com.xunmeng.pinduoduo
12-22 11:44:10.693 23436 23436 W esthd-24809: type=1400 audit(0.0:120159): avc: denied { read } for name="tcp" dev="proc" ino=4026532037 scontext=u:r:untrusted_app_27:s0:c512,c768 tcontext=u:object_r:proc_net_tcp_udp:s0 tclass=file permissive=0 app=com.xunmeng.pinduoduo
12-22 11:44:10.700  9768 27712 I SafeBinderCall: onPositionChange binder cost:0
12-22 11:44:10.704  4496  4496 D MiPlayDetailViewModel: onPositionChange(): position = 4808
12-22 11:44:10.713 23436 23436 W esthd-24810: type=1400 audit(0.0:120160): avc: granted { nlmsg_readpriv } for scontext=u:r:untrusted_app_27:s0:c512,c768 tcontext=u:r:untrusted_app_27:s0:c512,c768 tclass=netlink_route_socket app=com.xunmeng.pinduoduo
12-22 11:44:10.725 26463 26500 W QueryController: Could not detect idle state.
12-22 11:44:10.735  2475  6390 I WindowManagerService: Physical orientation applied, rotation=0 sfOrientation=ORIENTATION_0
12-22 11:44:10.736  1251  2448 I vendor.qti.hardware.display.composer-service: FrameNotifyProcess Sensor: notify citsensorservice to trigger cwb
12-22 11:44:10.737  2027  2097 I libcitsensorservice@2.0-impl: msg_transfer
12-22 11:44:10.737  2027  3266 D vendor.xiaomi.sensor.citsensorservice@2.0-service: handle id:10 wxh:1280x2400 uwxuh:1080x2400 size: 9216000 fd:15 fd_meta:16 flags:0x4000228 usage:0x33  format:0x3 layer_count: 1
12-22 11:44:10.738  1251  2215 I SDM     : HWCSession::SetCWBOutputBuffer: CWB config passed by cwb_client : tappoint 1  CWB_ROI : (829.000000 4.000000 915.000000 90.000000)
12-22 11:44:10.740  1251 27955 I SDM     : HWCSession::ProcessRequests: Successfully configured CWB buffer.
12-22 11:44:10.747  1251 27955 I SDM     : HWCSession::ProcessRequests: Pushing release fence in fenece wait queue.
12-22 11:44:10.747  1251 27955 I SDM     : HWCSession::ProcessRequests: Creating AsyncFenceWaits async thread.
12-22 11:44:10.748  1251 27955 I SDM     : HWCSession::ProcessRequests: Remove current CWB request from the pending request queue.
12-22 11:44:10.748  1251 27955 I SDM     : HWCSession::ProcessRequests: No pending cwb requests found in the queue.
12-22 11:44:10.754  1251  1467 I SDM     : HWDeviceDRM::SetupConcurrentWriteback: Tear down the Concurrent Writeback topology
12-22 11:44:10.762  1251 27957 I SDM     : HWCSession::NotifyCWBStatus: Notify the client about buffer status 0.
12-22 11:44:10.762  1251 27957 I SDM     : HWCSession::PerformFenceWaits: Remove current release fence from the pending fence wait queue.
