12-22 11:44:05.222  8079 11222 D HeadsetService: isScoOrCallActive(): Call Active:falseCall is Ringing:falseSCO is Active:false
12-22 11:44:05.222  8079 11222 D HeadsetService:  isAudioOn: The number of audio connected devices 0
12-22 11:44:05.222  8079 11222 I Avrcp_ext: updatePlayStatusForDevice: device: null
12-22 11:44:05.222  8079 11222 V Avrcp_ext: updatePlaybackState (1): old=PlaybackState {state=0, position=0, buffered position=0, speed=0.0, updated=0, actions=2363190, custom actions=[], active item id=-1, error=null}(0), new=PlaybackState {state=6, position=0, buffered position=0, speed=1.0, updated=1413495686, actions=2363190, custom actions=[], active item id=-1, error=null}(2)
12-22 11:44:05.222  8079 11222 I Avrcp_ext: Exit updatePlayStatusForDevice
12-22 11:44:05.222  8079 11222 D Avrcp_ext: Enter sendPlayPosNotificationRsp
12-22 11:44:05.222  8079 11222 D Avrcp_ext: sendPlayPosNotificationRsp: Not registered or requesting.
12-22 11:44:05.222  8079 11222 D Avrcp_ext: Enter sendPlayPosNotificationRsp
12-22 11:44:05.222  8079 11222 D Avrcp_ext: sendPlayPosNotificationRsp: Not registered or requesting.
12-22 11:44:05.222  8079 11222 D Avrcp_ext: Enter sendPlayPosNotificationRsp
12-22 11:44:05.222  8079 11222 D Avrcp_ext: sendPlayPosNotificationRsp: Not registered or requesting.
12-22 11:44:05.222  8079 11222 D Avrcp_ext: Enter sendPlayPosNotificationRsp
12-22 11:44:05.222  8079 11222 D Avrcp_ext: sendPlayPosNotificationRsp: Not registered or requesting.
12-22 11:44:05.222  8079 11222 D Avrcp_ext: Enter sendPlayPosNotificationRsp
12-22 11:44:05.222  8079 11222 D Avrcp_ext: sendPlayPosNotificationRsp: Not registered or requesting.
12-22 11:44:05.222  8079 11222 V Avrcp_ext: Exit updatePlayerStateAndPosition
12-22 11:44:05.222  8079 11222 V Avrcp_ext:  Exit onPlaybackStateChanged
12-22 11:44:05.222  8079 11222 V Avrcp_ext: onMetadataChanged
12-22 11:44:05.223  8079 11222 V Avrcp_ext: updateCurrentMediaState: mMediaController: MediaController (cn.missevan@db71ed0) null
12-22 11:44:05.223  8079 11222 V Avrcp_ext: updateCurrentMediaState: isPlaying = false
12-22 11:44:05.223  8079 11222 W Avrcp_ext: isMusicActive: true getBluetoothPlayState: 2 A2dp State: 11 mAudioPlaybackIsActive: true
12-22 11:44:05.223  8079 11222 D Avrcp_ext: isMusicActive = true mAudioPlaybackIsActive = true player state = PlaybackState {state=6, position=0, buffered position=0, speed=1.0, updated=1413495686, actions=2363190, custom actions=[], active item id=-1, error=null}
12-22 11:44:05.223  9768  9768 I ActiveSessionRecord: onPlaybackStateChanged: PlaybackState {state=6, position=0, buffered position=0, speed=1.0, updated=1413495686, actions=2363190, custom actions=[], active item id=-1, error=null}
12-22 11:44:05.224  9768  9768 I SafeBinderCall: onPlaybackStateChange binder cost:0
12-22 11:44:05.224 26819 27705 I CCodecBufferChannel: pipelineRoom(3) is <= numClientBuffers(3). Not signalling any more buffers to client
12-22 11:44:05.225  8079 11222 I Avrcp_ext: Skipping update due to invalid playback state
12-22 11:44:05.225  8079 11222 V Avrcp_ext: updatePlaybackState, state: PlaybackState {state=6, position=0, buffered position=0, speed=1.0, updated=1413495686, actions=2363190, custom actions=[], active item id=-1, error=null} device: null
12-22 11:44:05.225  8079 11222 V Avrcp_ext: Device: no name:
12-22 11:44:05.225  8079 11222 V Avrcp_ext: Device: no name:
12-22 11:44:05.225  8079 11222 V Avrcp_ext: Device: no name:
12-22 11:44:05.225  8079 11222 V Avrcp_ext: Device: no name:
12-22 11:44:05.225  8079 11222 V Avrcp_ext: Device: no name:
12-22 11:44:05.225  8079 11222 V Avrcp_ext: updatePlayerStateAndPosition, old=PlaybackState {state=6, position=0, buffered position=0, speed=1.0, updated=1413495686, actions=2363190, custom actions=[], active item id=-1, error=null}, state=PlaybackState {state=6, position=0, buffered position=0, speed=1.0, updated=1413495686, actions=2363190, custom actions=[], active item id=-1, error=null}
12-22 11:44:05.225  8079 11222 V Avrcp_ext: old state = PlaybackState {state=6, position=0, buffered position=0, speed=1.0, updated=1413495686, actions=2363190, custom actions=[], active item id=-1, error=null}, new state= PlaybackState {state=6, position=0, buffered position=0, speed=1.0, updated=1413495686, actions=2363190, custom actions=[], active item id=-1, error=null}
12-22 11:44:05.225  8079 11222 D HeadsetService: getHeadsetService(): returning com.android.bluetooth.hfp.HeadsetService@edaeae5
12-22 11:44:05.225  8079 11222 D HeadsetService:  isAudioOn: The number of audio connected devices 0
12-22 11:44:05.225  8079 11222 D HeadsetService: isScoOrCallActive(): Call Active:falseCall is Ringing:falseSCO is Active:false
12-22 11:44:05.225  8079 11222 D HeadsetService:  isAudioOn: The number of audio connected devices 0
12-22 11:44:05.225  8079 11222 I Avrcp_ext: updatePlayStatusForDevice: device: null
12-22 11:44:05.225  8079 11222 V Avrcp_ext: updatePlaybackState (1): old=PlaybackState {state=6, position=0, buffered position=0, speed=1.0, updated=1413495686, actions=2363190, custom actions=[], active item id=-1, error=null}(2), new=PlaybackState {state=6, position=0, buffered position=0, speed=1.0, updated=1413495686, actions=2363190, custom actions=[], active item id=-1, error=null}(2)
12-22 11:44:05.225  8079 11222 I Avrcp_ext: Exit updatePlayStatusForDevice
12-22 11:44:05.225  8079 11222 D HeadsetService:  isAudioOn: The number of audio connected devices 0
12-22 11:44:05.225  8079 11222 D HeadsetService: isScoOrCallActive(): Call Active:falseCall is Ringing:falseSCO is Active:false
12-22 11:44:05.225  8079 11222 D HeadsetService:  isAudioOn: The number of audio connected devices 0
12-22 11:44:05.225  8079 11222 I Avrcp_ext: updatePlayStatusForDevice: device: null
12-22 11:44:05.225  8079 11222 V Avrcp_ext: updatePlaybackState (1): old=PlaybackState {state=6, position=0, buffered position=0, speed=1.0, updated=1413495686, actions=2363190, custom actions=[], active item id=-1, error=null}(2), new=PlaybackState {state=6, position=0, buffered position=0, speed=1.0, updated=1413495686, actions=2363190, custom actions=[], active item id=-1, error=null}(2)
12-22 11:44:05.225  8079 11222 I Avrcp_ext: Exit updatePlayStatusForDevice
12-22 11:44:05.225  8079 11222 D HeadsetService:  isAudioOn: The number of audio connected devices 0
12-22 11:44:05.225  8079 11222 D HeadsetService: isScoOrCallActive(): Call Active:falseCall is Ringing:falseSCO is Active:false
12-22 11:44:05.225  8079 11222 D HeadsetService:  isAudioOn: The number of audio connected devices 0
12-22 11:44:05.225  8079 11222 I Avrcp_ext: updatePlayStatusForDevice: device: null
12-22 11:44:05.225  8079 11222 V Avrcp_ext: updatePlaybackState (1): old=PlaybackState {state=6, position=0, buffered position=0, speed=1.0, updated=1413495686, actions=2363190, custom actions=[], active item id=-1, error=null}(2), new=PlaybackState {state=6, position=0, buffered position=0, speed=1.0, updated=1413495686, actions=2363190, custom actions=[], active item id=-1, error=null}(2)
12-22 11:44:05.225  8079 11222 I Avrcp_ext: Exit updatePlayStatusForDevice
12-22 11:44:05.225  8079 11222 D HeadsetService:  isAudioOn: The number of audio connected devices 0
12-22 11:44:05.225  8079 11222 D HeadsetService: isScoOrCallActive(): Call Active:falseCall is Ringing:falseSCO is Active:false
12-22 11:44:05.225  8079 11222 D HeadsetService:  isAudioOn: The number of audio connected devices 0
12-22 11:44:05.225  8079 11222 I Avrcp_ext: updatePlayStatusForDevice: device: null
12-22 11:44:05.225  8079 11222 V Avrcp_ext: updatePlaybackState (1): old=PlaybackState {state=6, position=0, buffered position=0, speed=1.0, updated=1413495686, actions=2363190, custom actions=[], active item id=-1, error=null}(2), new=PlaybackState {state=6, position=0, buffered position=0, speed=1.0, updated=1413495686, actions=2363190, custom actions=[], active item id=-1, error=null}(2)
12-22 11:44:05.225  8079 11222 I Avrcp_ext: Exit updatePlayStatusForDevice
12-22 11:44:05.225  8079 11222 D HeadsetService:  isAudioOn: The number of audio connected devices 0
12-22 11:44:05.225  8079 11222 D HeadsetService: isScoOrCallActive(): Call Active:falseCall is Ringing:falseSCO is Active:false
12-22 11:44:05.225  8079 11222 D HeadsetService:  isAudioOn: The number of audio connected devices 0
12-22 11:44:05.225  8079 11222 I Avrcp_ext: updatePlayStatusForDevice: device: null
12-22 11:44:05.225  8079 11222 V Avrcp_ext: updatePlaybackState (1): old=PlaybackState {state=6, position=0, buffered position=0, speed=1.0, updated=1413495686, actions=2363190, custom actions=[], active item id=-1, error=null}(2), new=PlaybackState {state=6, position=0, buffered position=0, speed=1.0, updated=1413495686, actions=2363190, custom actions=[], active item id=-1, error=null}(2)
12-22 11:44:05.225  8079 11222 I Avrcp_ext: Exit updatePlayStatusForDevice
12-22 11:44:05.225  8079 11222 D Avrcp_ext: Enter sendPlayPosNotificationRsp
12-22 11:44:05.225  8079 11222 D Avrcp_ext: sendPlayPosNotificationRsp: Not registered or requesting.
12-22 11:44:05.225  8079 11222 D Avrcp_ext: Enter sendPlayPosNotificationRsp
12-22 11:44:05.225  8079 11222 D Avrcp_ext: sendPlayPosNotificationRsp: Not registered or requesting.
12-22 11:44:05.225  8079 11222 D Avrcp_ext: Enter sendPlayPosNotificationRsp
12-22 11:44:05.225  8079 11222 D Avrcp_ext: sendPlayPosNotificationRsp: Not registered or requesting.
12-22 11:44:05.225  8079 11222 D Avrcp_ext: Enter sendPlayPosNotificationRsp
12-22 11:44:05.225  8079 11222 D Avrcp_ext: sendPlayPosNotificationRsp: Not registered or requesting.
12-22 11:44:05.225  8079 11222 D Avrcp_ext: Enter sendPlayPosNotificationRsp
12-22 11:44:05.225  8079 11222 D Avrcp_ext: sendPlayPosNotificationRsp: Not registered or requesting.
12-22 11:44:05.225  8079 11222 V Avrcp_ext: Exit updatePlayerStateAndPosition
12-22 11:44:05.225  8079 11222 V Avrcp_ext: onPlaybackStateChanged: state PlaybackState {state=6, position=0, buffered position=0, speed=1.0, updated=1413495686, actions=2363190, custom actions=[], active item id=-1, error=null}
12-22 11:44:05.227  8079 11222 V Avrcp_ext: updateCurrentMediaState: mMediaController: MediaController (cn.missevan@db71ed0) null
12-22 11:44:05.227  8079 11222 V Avrcp_ext: updateCurrentMediaState: isPlaying = false
12-22 11:44:05.227  8079 11222 W Avrcp_ext: isMusicActive: true getBluetoothPlayState: 2 A2dp State: 11 mAudioPlaybackIsActive: true
12-22 11:44:05.232 26819 27830 D AudioTrack: stop(sessionID=7353)
12-22 11:44:05.232 26819 27830 D AudioTrack: stop(941): prior state:STATE_FLUSHED
12-22 11:44:05.232 26819 27830 D AudioTrack: ~AudioTrack(sessionID=7353)
12-22 11:44:05.232 26819 27830 D AudioTrack: stop(sessionID=7353)
12-22 11:44:05.232 26819 27830 D AudioTrack: stop(941): prior state:STATE_FLUSHED
12-22 11:44:05.233 26819 27025 D MediaCodec: keep callback message for reclaim
12-22 11:44:05.234 26819 27699 I CCodecConfig: query failed after returning 19 values (BAD_INDEX)
12-22 11:44:05.234 26819 27699 W Codec2Client: query -- param skipped: index = 1342179345.
12-22 11:44:05.234 26819 27699 W Codec2Client: query -- param skipped: index = 2415921170.
12-22 11:44:05.234 26819 27699 W Codec2Client: query -- param skipped: index = 1610614798.
12-22 11:44:05.234 26819 27699 D CCodecBufferChannel: [c2.android.aac.decoder#384] start: updating output delay 2
12-22 11:44:05.236 26819 27034 E ImagesKt: [DefaultDispatcher-worker-4] kotlinx.coroutines.JobCancellationException: StandaloneCoroutine was cancelled; job=StandaloneCoroutine{Cancelling}@7cac93c
12-22 11:44:05.236 26819 27034 E ImagesKt:
12-22 11:44:05.237  1251  2448 I vendor.qti.hardware.display.composer-service: FrameNotifyProcess Sensor: notify citsensorservice to trigger cwb
12-22 11:44:05.237 26819 27699 D CCodecBufferChannel: [c2.android.aac.decoder#384] MediaCodec discarded an unknown buffer
12-22 11:44:05.237 26819 27699 D CCodecBufferChannel: [c2.android.aac.decoder#384] MediaCodec discarded an unknown buffer
12-22 11:44:05.237 26819 27699 D CCodecBufferChannel: [c2.android.aac.decoder#384] MediaCodec discarded an unknown buffer
12-22 11:44:05.237 26819 27699 D CCodecBufferChannel: [c2.android.aac.decoder#384] MediaCodec discarded an unknown buffer
12-22 11:44:05.237  2027  2097 I libcitsensorservice@2.0-impl: msg_transfer
12-22 11:44:05.239  2027  3266 D vendor.xiaomi.sensor.citsensorservice@2.0-service: handle id:10 wxh:1280x2400 uwxuh:1080x2400 size: 9216000 fd:15 fd_meta:16 flags:0x4000228 usage:0x33  format:0x3 layer_count: 1
12-22 11:44:05.239  1251  2215 I SDM     : HWCSession::SetCWBOutputBuffer: CWB config passed by cwb_client : tappoint 1  CWB_ROI : (829.000000 4.000000 915.000000 90.000000)
12-22 11:44:05.241  1251 27857 I SDM     : HWCSession::ProcessRequests: Successfully configured CWB buffer.
12-22 11:44:05.243  9768  9768 I MiPlayProxyDeviceManager: onTopActiveSessionChange, cn.missevan
12-22 11:44:05.243 26819 27699 I hw-BpHwBinder: onLastStrongRef automatically unlinking death recipients
12-22 11:44:05.243  1973 23645 I hw-BpHwBinder: onLastStrongRef automatically unlinking death recipients
12-22 11:44:05.243  9768  9768 I SafeBinderCall: onTopActiveSessionChange binder cost:0
12-22 11:44:05.243  8079 11222 D Avrcp_ext: isMusicActive = true mAudioPlaybackIsActive = true player state = PlaybackState {state=6, position=0, buffered position=0, speed=1.0, updated=1413495686, actions=2363190, custom actions=[], active item id=-1, error=null}
12-22 11:44:05.244  9768  9768 I SafeBinderCall: onMediaMetaChange binder cost:1
12-22 11:44:05.244  9768  9889 I SafeBinderCall: onActiveAudioSessionChange binder cost:1
12-22 11:44:05.244  9768  9768 I Cir_Miplay_ActiveAudioSessionManager: dispatchTopActiveSessionChangeCallbackLocked, size:1
12-22 11:44:05.244  9768  9768 I Cir_Miplay_MiPlayAudioService: onTopActiveSessionChange, cn.missevan
12-22 11:44:05.245  9768  9768 I Cir_Miplay_MiPlayAudioService: topActiveSessionChange appId:cn.missevan
12-22 11:44:05.245  9768  9768 I Cir_Miplay_MiPlayAudioStatUtils: recordPackageName:cn.missevan
12-22 11:44:05.245  9768  9768 I Cir_Miplay_MiPlayAudioStatUtils: packageNameEquals.
12-22 11:44:05.246  9768  9768 I Cir_Miplay_ActiveSessionRecord: dispatch meta change, MediaMetaData{mArtist='', mAlbum='', mTitle='', mArt=null, mDuration=0, mLrc=''}
12-22 11:44:05.246 26819 27699 D MediaCodec: kWhatReleaseCompleted
12-22 11:44:05.246  9768  9768 I Cir_Miplay_MiPlayAudioService: dispatchMetaChange:cn.missevan  ActiveSsionPackageName:cn.missevan
12-22 11:44:05.246  9768  9768 I Cir_Miplay_ActiveSessionRecord: onPlaybackStateChanged:6
12-22 11:44:05.246  9768  9768 I Cir_Miplay_ActiveSessionRecordStack: onPlaybackStateChange.
12-22 11:44:05.246 26819 27699 D MediaImpl: FRC not support: valueSupport :
12-22 11:44:05.246 26819 27699 D MediaImpl: AIE not support: valueSupport :
12-22 11:44:05.246 26819 27699 D MediaImpl: AIS not support: valueSupport :
12-22 11:44:05.247  9768 12089 I Cir_Miplay_MiPlayAudioService: dispatchMetaChange:MediaMetaData{mArtist='', mAlbum='', mTitle='', mArt=null, mDuration=0, mLrc=''}
12-22 11:44:05.247  9768 12089 I Cir_Miplay_MetaInfoManager: setMetadata.
12-22 11:44:05.247 26819 27699 D MediaCodec: ~MediaCodec
12-22 11:44:05.248  1251 27857 I SDM     : HWCSession::ProcessRequests: Pushing release fence in fenece wait queue.
12-22 11:44:05.248  1251 27857 I SDM     : HWCSession::ProcessRequests: Creating AsyncFenceWaits async thread.
12-22 11:44:05.248  1251 27857 I SDM     : HWCSession::ProcessRequests: Remove current CWB request from the pending request queue.
12-22 11:44:05.248  4496  4496 V MediaTimeout: processState 0|cn.missevan|1500|null|10269: PlaybackState {state=1, position=0, buffered position=0, speed=1.0, updated=1413495681, actions=2363190, custom actions=[], active item id=-1, error=null}
12-22 11:44:05.248  4496  4496 V MediaTimeout: schedule timeout for 0|cn.missevan|1500|null|10269
12-22 11:44:05.248  1973 23645 V C2Store : in ~ComponentModule
12-22 11:44:05.248  1973 23645 V C2Store : unloading dll
12-22 11:44:05.248  1251 27857 I SDM     : HWCSession::ProcessRequests: No pending cwb requests found in the queue.
12-22 11:44:05.249  4496  4496 D MiPlayDetailViewModel: onPlaybackStateChange(): state = 1
12-22 11:44:05.249  8079 11222 D Avrcp_ext: overwrite album_artist :if album is blank
12-22 11:44:05.249  8079 11222 I Avrcp_ext: Skipping update due to invalid playback state
12-22 11:44:05.249  8079 11222 V Avrcp_ext: updatePlaybackState, state: PlaybackState {state=6, position=0, buffered position=0, speed=1.0, updated=1413495686, actions=2363190, custom actions=[], active item id=-1, error=null} device: null
12-22 11:44:05.249  8079 11222 V Avrcp_ext: Device: no name:
12-22 11:44:05.249  8079 11222 V Avrcp_ext: Device: no name:
12-22 11:44:05.249  8079 11222 V Avrcp_ext: Device: no name:
12-22 11:44:05.249  4496  4496 D MiPlayDetailViewModel: onMediaMetaChange(): metaData.title =
12-22 11:44:05.249  8079 11222 V Avrcp_ext: Device: no name:
12-22 11:44:05.249  8079 11222 V Avrcp_ext: Device: no name:
12-22 11:44:05.249  8079 11222 V Avrcp_ext: updatePlayerStateAndPosition, old=PlaybackState {state=6, position=0, buffered position=0, speed=1.0, updated=1413495686, actions=2363190, custom actions=[], active item id=-1, error=null}, state=PlaybackState {state=6, position=0, buffered position=0, speed=1.0, updated=1413495686, actions=2363190, custom actions=[], active item id=-1, error=null}
12-22 11:44:05.249  8079 11222 V Avrcp_ext: old state = PlaybackState {state=6, position=0, buffered position=0, speed=1.0, updated=1413495686, actions=2363190, custom actions=[], active item id=-1, error=null}, new state= PlaybackState {state=6, position=0, buffered position=0, speed=1.0, updated=1413495686, actions=2363190, custom actions=[], active item id=-1, error=null}
12-22 11:44:05.249  8079 11222 D HeadsetService: getHeadsetService(): returning com.android.bluetooth.hfp.HeadsetService@edaeae5
12-22 11:44:05.249  8079 11222 D HeadsetService:  isAudioOn: The number of audio connected devices 0
12-22 11:44:05.249  8079 11222 D HeadsetService: isScoOrCallActive(): Call Active:falseCall is Ringing:falseSCO is Active:false
12-22 11:44:05.249  8079 11222 D HeadsetService:  isAudioOn: The number of audio connected devices 0
12-22 11:44:05.249  8079 11222 I Avrcp_ext: updatePlayStatusForDevice: device: null
12-22 11:44:05.249  8079 11222 V Avrcp_ext: updatePlaybackState (1): old=PlaybackState {state=6, position=0, buffered position=0, speed=1.0, updated=1413495686, actions=2363190, custom actions=[], active item id=-1, error=null}(2), new=PlaybackState {state=6, position=0, buffered position=0, speed=1.0, updated=1413495686, actions=2363190, custom actions=[], active item id=-1, error=null}(2)
12-22 11:44:05.249  8079 11222 I Avrcp_ext: Exit updatePlayStatusForDevice
12-22 11:44:05.249  8079 11222 D HeadsetService:  isAudioOn: The number of audio connected devices 0
12-22 11:44:05.249  8079 11222 D HeadsetService: isScoOrCallActive(): Call Active:falseCall is Ringing:falseSCO is Active:false
12-22 11:44:05.249  8079 11222 D HeadsetService:  isAudioOn: The number of audio connected devices 0
12-22 11:44:05.249  8079 11222 I Avrcp_ext: updatePlayStatusForDevice: device: null
12-22 11:44:05.249  8079 11222 V Avrcp_ext: updatePlaybackState (1): old=PlaybackState {state=6, position=0, buffered position=0, speed=1.0, updated=1413495686, actions=2363190, custom actions=[], active item id=-1, error=null}(2), new=PlaybackState {state=6, position=0, buffered position=0, speed=1.0, updated=1413495686, actions=2363190, custom actions=[], active item id=-1, error=null}(2)
12-22 11:44:05.249  8079 11222 I Avrcp_ext: Exit updatePlayStatusForDevice
12-22 11:44:05.249  8079 11222 D HeadsetService:  isAudioOn: The number of audio connected devices 0
12-22 11:44:05.249  8079 11222 D HeadsetService: isScoOrCallActive(): Call Active:falseCall is Ringing:falseSCO is Active:false
12-22 11:44:05.249  8079 11222 D HeadsetService:  isAudioOn: The number of audio connected devices 0
12-22 11:44:05.249  8079 11222 I Avrcp_ext: updatePlayStatusForDevice: device: null
12-22 11:44:05.249  8079 11222 V Avrcp_ext: updatePlaybackState (1): old=PlaybackState {state=6, position=0, buffered position=0, speed=1.0, updated=1413495686, actions=2363190, custom actions=[], active item id=-1, error=null}(2), new=PlaybackState {state=6, position=0, buffered position=0, speed=1.0, updated=1413495686, actions=2363190, custom actions=[], active item id=-1, error=null}(2)
12-22 11:44:05.249  8079 11222 I Avrcp_ext: Exit updatePlayStatusForDevice
12-22 11:44:05.249  8079 11222 D HeadsetService:  isAudioOn: The number of audio connected devices 0
12-22 11:44:05.249  8079 11222 D HeadsetService: isScoOrCallActive(): Call Active:falseCall is Ringing:falseSCO is Active:false
12-22 11:44:05.249  8079 11222 D HeadsetService:  isAudioOn: The number of audio connected devices 0
12-22 11:44:05.249  8079 11222 I Avrcp_ext: updatePlayStatusForDevice: device: null
12-22 11:44:05.249  4496  4496 D MiPlayDetailViewModel: onPlaybackStateChange(): state = 6
12-22 11:44:05.249  8079 11222 V Avrcp_ext: updatePlaybackState (1): old=PlaybackState {state=6, position=0, buffered position=0, speed=1.0, updated=1413495686, actions=2363190, custom actions=[], active item id=-1, error=null}(2), new=PlaybackState {state=6, position=0, buffered position=0, speed=1.0, updated=1413495686, actions=2363190, custom actions=[], active item id=-1, error=null}(2)
12-22 11:44:05.249  8079 11222 I Avrcp_ext: Exit updatePlayStatusForDevice
12-22 11:44:05.249  8079 11222 D HeadsetService:  isAudioOn: The number of audio connected devices 0
12-22 11:44:05.249  8079 11222 D HeadsetService: isScoOrCallActive(): Call Active:falseCall is Ringing:falseSCO is Active:false
12-22 11:44:05.249  8079 11222 D HeadsetService:  isAudioOn: The number of audio connected devices 0
12-22 11:44:05.249  8079 11222 I Avrcp_ext: updatePlayStatusForDevice: device: null
12-22 11:44:05.249  8079 11222 V Avrcp_ext: updatePlaybackState (1): old=PlaybackState {state=6, position=0, buffered position=0, speed=1.0, updated=1413495686, actions=2363190, custom actions=[], active item id=-1, error=null}(2), new=PlaybackState {state=6, position=0, buffered position=0, speed=1.0, updated=1413495686, actions=2363190, custom actions=[], active item id=-1, error=null}(2)
12-22 11:44:05.249  8079 11222 I Avrcp_ext: Exit updatePlayStatusForDevice
12-22 11:44:05.249  8079 11222 D Avrcp_ext: Enter sendPlayPosNotificationRsp
12-22 11:44:05.249  8079 11222 D Avrcp_ext: sendPlayPosNotificationRsp: Not registered or requesting.
12-22 11:44:05.250  8079 11222 D Avrcp_ext: Enter sendPlayPosNotificationRsp
12-22 11:44:05.250  8079 11222 D Avrcp_ext: sendPlayPosNotificationRsp: Not registered or requesting.
12-22 11:44:05.250  8079 11222 D Avrcp_ext: Enter sendPlayPosNotificationRsp
12-22 11:44:05.250  8079 11222 D Avrcp_ext: sendPlayPosNotificationRsp: Not registered or requesting.
12-22 11:44:05.250  8079 11222 D Avrcp_ext: Enter sendPlayPosNotificationRsp
12-22 11:44:05.250  8079 11222 D Avrcp_ext: sendPlayPosNotificationRsp: Not registered or requesting.
12-22 11:44:05.250  8079 11222 D Avrcp_ext: Enter sendPlayPosNotificationRsp
12-22 11:44:05.250  8079 11222 D Avrcp_ext: sendPlayPosNotificationRsp: Not registered or requesting.
12-22 11:44:05.250  8079 11222 V Avrcp_ext: Exit updatePlayerStateAndPosition
12-22 11:44:05.250  8079 11222 V Avrcp_ext:  Exit onPlaybackStateChanged
12-22 11:44:05.250  8079 11222 V Avrcp_ext: onMetadataChanged
12-22 11:44:05.250  4496  4496 V MediaTimeout: processState 0|cn.missevan|1500|null|10269: PlaybackState {state=6, position=0, buffered position=0, speed=1.0, updated=1413495686, actions=2363190, custom actions=[], active item id=-1, error=null}
12-22 11:44:05.250  4496  4496 V MediaTimeout: media timeout cancelled for  0|cn.missevan|1500|null|10269, reason: playback started - PlaybackState {state=6, position=0, buffered position=0, speed=1.0, updated=1413495686, actions=2363190, custom actions=[], active item id=-1, error=null}, 0|cn.missevan|1500|null|10269
12-22 11:44:05.250  8079 11222 V Avrcp_ext: updateCurrentMediaState: mMediaController: MediaController (cn.missevan@db71ed0)  | , null, null
12-22 11:44:05.250  8079 11222 V Avrcp_ext: updateCurrentMediaState: isPlaying = false
12-22 11:44:05.250  8079 11222 W Avrcp_ext: isMusicActive: true getBluetoothPlayState: 2 A2dp State: 11 mAudioPlaybackIsActive: true
12-22 11:44:05.251  8079 11222 D Avrcp_ext: isMusicActive = true mAudioPlaybackIsActive = true player state = PlaybackState {state=6, position=0, buffered position=0, speed=1.0, updated=1413495686, actions=2363190, custom actions=[], active item id=-1, error=null}
12-22 11:44:05.251  8079 11222 D Avrcp_ext: overwrite album_artist :if album is blank
12-22 11:44:05.251  8079 11222 I Avrcp_ext: Skipping update due to invalid playback state
12-22 11:44:05.251  8079 11222 V Avrcp_ext: updatePlaybackState, state: PlaybackState {state=6, position=0, buffered position=0, speed=1.0, updated=1413495686, actions=2363190, custom actions=[], active item id=-1, error=null} device: null
12-22 11:44:05.251  8079 11222 V Avrcp_ext: Device: no name:
12-22 11:44:05.251  8079 11222 V Avrcp_ext: Device: no name:
12-22 11:44:05.251  8079 11222 V Avrcp_ext: Device: no name:
12-22 11:44:05.251  8079 11222 V Avrcp_ext: Device: no name:
12-22 11:44:05.251  8079 11222 V Avrcp_ext: Device: no name:
12-22 11:44:05.251  8079 11222 V Avrcp_ext: updatePlayerStateAndPosition, old=PlaybackState {state=6, position=0, buffered position=0, speed=1.0, updated=1413495686, actions=2363190, custom actions=[], active item id=-1, error=null}, state=PlaybackState {state=6, position=0, buffered position=0, speed=1.0, updated=1413495686, actions=2363190, custom actions=[], active item id=-1, error=null}
12-22 11:44:05.251  8079 11222 V Avrcp_ext: old state = PlaybackState {state=6, position=0, buffered position=0, speed=1.0, updated=1413495686, actions=2363190, custom actions=[], active item id=-1, error=null}, new state= PlaybackState {state=6, position=0, buffered position=0, speed=1.0, updated=1413495686, actions=2363190, custom actions=[], active item id=-1, error=null}
12-22 11:44:05.251  8079 11222 D HeadsetService: getHeadsetService(): returning com.android.bluetooth.hfp.HeadsetService@edaeae5
12-22 11:44:05.251  8079 11222 D HeadsetService:  isAudioOn: The number of audio connected devices 0
12-22 11:44:05.251  8079 11222 D HeadsetService: isScoOrCallActive(): Call Active:falseCall is Ringing:falseSCO is Active:false
12-22 11:44:05.251  8079 11222 D HeadsetService:  isAudioOn: The number of audio connected devices 0
12-22 11:44:05.251  8079 11222 I Avrcp_ext: updatePlayStatusForDevice: device: null
12-22 11:44:05.251  8079 11222 V Avrcp_ext: updatePlaybackState (1): old=PlaybackState {state=6, position=0, buffered position=0, speed=1.0, updated=1413495686, actions=2363190, custom actions=[], active item id=-1, error=null}(2), new=PlaybackState {state=6, position=0, buffered position=0, speed=1.0, updated=1413495686, actions=2363190, custom actions=[], active item id=-1, error=null}(2)
12-22 11:44:05.251  8079 11222 I Avrcp_ext: Exit updatePlayStatusForDevice
12-22 11:44:05.251  8079 11222 D HeadsetService:  isAudioOn: The number of audio connected devices 0
12-22 11:44:05.251  8079 11222 D HeadsetService: isScoOrCallActive(): Call Active:falseCall is Ringing:falseSCO is Active:false
12-22 11:44:05.251  8079 11222 D HeadsetService:  isAudioOn: The number of audio connected devices 0
12-22 11:44:05.251  8079 11222 I Avrcp_ext: updatePlayStatusForDevice: device: null
12-22 11:44:05.251  8079 11222 V Avrcp_ext: updatePlaybackState (1): old=PlaybackState {state=6, position=0, buffered position=0, speed=1.0, updated=1413495686, actions=2363190, custom actions=[], active item id=-1, error=null}(2), new=PlaybackState {state=6, position=0, buffered position=0, speed=1.0, updated=1413495686, actions=2363190, custom actions=[], active item id=-1, error=null}(2)
12-22 11:44:05.251  8079 11222 I Avrcp_ext: Exit updatePlayStatusForDevice
12-22 11:44:05.251  8079 11222 D HeadsetService:  isAudioOn: The number of audio connected devices 0
12-22 11:44:05.251  8079 11222 D HeadsetService: isScoOrCallActive(): Call Active:falseCall is Ringing:falseSCO is Active:false
12-22 11:44:05.251  8079 11222 D HeadsetService:  isAudioOn: The number of audio connected devices 0
12-22 11:44:05.251  8079 11222 I Avrcp_ext: updatePlayStatusForDevice: device: null
12-22 11:44:05.251  8079 11222 V Avrcp_ext: updatePlaybackState (1): old=PlaybackState {state=6, position=0, buffered position=0, speed=1.0, updated=1413495686, actions=2363190, custom actions=[], active item id=-1, error=null}(2), new=PlaybackState {state=6, position=0, buffered position=0, speed=1.0, updated=1413495686, actions=2363190, custom actions=[], active item id=-1, error=null}(2)
12-22 11:44:05.251  8079 11222 I Avrcp_ext: Exit updatePlayStatusForDevice
12-22 11:44:05.251  8079 11222 D HeadsetService:  isAudioOn: The number of audio connected devices 0
12-22 11:44:05.251  8079 11222 D HeadsetService: isScoOrCallActive(): Call Active:falseCall is Ringing:falseSCO is Active:false
12-22 11:44:05.251  8079 11222 D HeadsetService:  isAudioOn: The number of audio connected devices 0
12-22 11:44:05.251  8079 11222 I Avrcp_ext: updatePlayStatusForDevice: device: null
12-22 11:44:05.251  8079 11222 V Avrcp_ext: updatePlaybackState (1): old=PlaybackState {state=6, position=0, buffered position=0, speed=1.0, updated=1413495686, actions=2363190, custom actions=[], active item id=-1, error=null}(2), new=PlaybackState {state=6, position=0, buffered position=0, speed=1.0, updated=1413495686, actions=2363190, custom actions=[], active item id=-1, error=null}(2)
12-22 11:44:05.251  8079 11222 I Avrcp_ext: Exit updatePlayStatusForDevice
12-22 11:44:05.251  8079 11222 D HeadsetService:  isAudioOn: The number of audio connected devices 0
12-22 11:44:05.251  8079 11222 D HeadsetService: isScoOrCallActive(): Call Active:falseCall is Ringing:falseSCO is Active:false
12-22 11:44:05.251  8079 11222 D HeadsetService:  isAudioOn: The number of audio connected devices 0
12-22 11:44:05.251  8079 11222 I Avrcp_ext: updatePlayStatusForDevice: device: null
12-22 11:44:05.251  8079 11222 V Avrcp_ext: updatePlaybackState (1): old=PlaybackState {state=6, position=0, buffered position=0, speed=1.0, updated=1413495686, actions=2363190, custom actions=[], active item id=-1, error=null}(2), new=PlaybackState {state=6, position=0, buffered position=0, speed=1.0, updated=1413495686, actions=2363190, custom actions=[], active item id=-1, error=null}(2)
12-22 11:44:05.251  8079 11222 I Avrcp_ext: Exit updatePlayStatusForDevice
12-22 11:44:05.251  8079 11222 D Avrcp_ext: Enter sendPlayPosNotificationRsp
12-22 11:44:05.251  8079 11222 D Avrcp_ext: sendPlayPosNotificationRsp: Not registered or requesting.
12-22 11:44:05.251  8079 11222 D Avrcp_ext: Enter sendPlayPosNotificationRsp
12-22 11:44:05.251  8079 11222 D Avrcp_ext: sendPlayPosNotificationRsp: Not registered or requesting.
12-22 11:44:05.251  8079 11222 D Avrcp_ext: Enter sendPlayPosNotificationRsp
12-22 11:44:05.252  8079 11222 D Avrcp_ext: sendPlayPosNotificationRsp: Not registered or requesting.
12-22 11:44:05.252  8079 11222 D Avrcp_ext: Enter sendPlayPosNotificationRsp
12-22 11:44:05.252  8079 11222 D Avrcp_ext: sendPlayPosNotificationRsp: Not registered or requesting.
12-22 11:44:05.252  8079 11222 D Avrcp_ext: Enter sendPlayPosNotificationRsp
12-22 11:44:05.252  8079 11222 D Avrcp_ext: sendPlayPosNotificationRsp: Not registered or requesting.
12-22 11:44:05.252  8079 11222 V Avrcp_ext: Exit updatePlayerStateAndPosition
12-22 11:44:05.252  8079 11222 D Avrcp_ext: AudioManager Player: AudioPlaybackConfiguration piid:111 deviceId:0 type:android.media.SoundPool u/pid:1000/4496 state:idle attr:AudioAttributes: usage=USAGE_ASSISTANCE_SONIFICATION content=CONTENT_TYPE_SONIFICATION flags=0x800 tags= bundle=null sessionId:0
12-22 11:44:05.252  8079 11222 D Avrcp_ext: AudioManager Player: AudioPlaybackConfiguration piid:1527 deviceId:0 type:android.media.SoundPool u/pid:10079/9868 state:idle attr:AudioAttributes: usage=USAGE_ASSISTANCE_SONIFICATION content=CONTENT_TYPE_SONIFICATION flags=0x800 tags= bundle=null sessionId:0
12-22 11:44:05.252  8079 11222 D Avrcp_ext: AudioManager Player: AudioPlaybackConfiguration piid:6199 deviceId:3 type:android.media.AudioTrack u/pid:10269/26819 state:paused attr:AudioAttributes: usage=USAGE_MEDIA content=CONTENT_TYPE_MUSIC flags=0xA00 tags= bundle=null sessionId:7353
12-22 11:44:05.252  8079 11222 D Avrcp_ext: AudioManager Player: AudioPlaybackConfiguration piid:95 deviceId:0 type:android.media.SoundPool u/pid:1000/2475 state:idle attr:AudioAttributes: usage=USAGE_ASSISTANCE_SONIFICATION content=CONTENT_TYPE_SONIFICATION flags=0x800 tags= bundle=null sessionId:0
12-22 11:44:05.252  8079 11222 D Avrcp_ext: AudioManager Player: AudioPlaybackConfiguration piid:1535 deviceId:0 type:android.media.SoundPool u/pid:1027/9739 state:idle attr:AudioAttributes: usage=USAGE_ASSISTANCE_SONIFICATION content=CONTENT_TYPE_SONIFICATION flags=0x800 tags= bundle=null sessionId:0
12-22 11:44:05.252  8079 11222 D Avrcp_ext: AudioManager isPlaying: false, mAudioPlaybackIsActive: true, isMusiActive: true
12-22 11:44:05.252  8079 11222 D Avrcp_ext: AudioManager Reset Active Player
12-22 11:44:05.253  8079 11222 V Avrcp_ext: updateCurrentMediaState: mMediaController: MediaController (cn.missevan@db71ed0)  | , null, null
12-22 11:44:05.253  8079 11222 V Avrcp_ext: updateCurrentMediaState: isPlaying = false
12-22 11:44:05.253  8079 11222 W Avrcp_ext: isMusicActive: true getBluetoothPlayState: 2 A2dp State: 11 mAudioPlaybackIsActive: false
12-22 11:44:05.253  8079 11222 D Avrcp_ext: isMusicActive = true mAudioPlaybackIsActive = false player state = PlaybackState {state=6, position=0, buffered position=0, speed=1.0, updated=1413495686, actions=2363190, custom actions=[], active item id=-1, error=null}
12-22 11:44:05.253  8079 11222 D Avrcp_ext: overwrite album_artist :if album is blank
12-22 11:44:05.254  1251  1467 I SDM     : HWDeviceDRM::SetupConcurrentWriteback: Tear down the Concurrent Writeback topology
12-22 11:44:05.254  8079 11222 I Avrcp_ext: Skipping update due to invalid playback state
12-22 11:44:05.254  8079 11222 V Avrcp_ext: updatePlaybackState, state: PlaybackState {state=6, position=0, buffered position=0, speed=1.0, updated=1413495686, actions=2363190, custom actions=[], active item id=-1, error=null} device: null
12-22 11:44:05.254  8079 11222 V Avrcp_ext: Device: no name:
12-22 11:44:05.254  8079 11222 V Avrcp_ext: Device: no name:
12-22 11:44:05.254  8079 11222 V Avrcp_ext: Device: no name:
12-22 11:44:05.254  8079 11222 V Avrcp_ext: Device: no name:
12-22 11:44:05.254  8079 11222 V Avrcp_ext: Device: no name:
12-22 11:44:05.254  8079 11222 V Avrcp_ext: updatePlayerStateAndPosition, old=PlaybackState {state=6, position=0, buffered position=0, speed=1.0, updated=1413495686, actions=2363190, custom actions=[], active item id=-1, error=null}, state=PlaybackState {state=6, position=0, buffered position=0, speed=1.0, updated=1413495686, actions=2363190, custom actions=[], active item id=-1, error=null}
12-22 11:44:05.254  8079 11222 V Avrcp_ext: old state = PlaybackState {state=6, position=0, buffered position=0, speed=1.0, updated=1413495686, actions=2363190, custom actions=[], active item id=-1, error=null}, new state= PlaybackState {state=6, position=0, buffered position=0, speed=1.0, updated=1413495686, actions=2363190, custom actions=[], active item id=-1, error=null}
12-22 11:44:05.254  8079 11222 D HeadsetService: getHeadsetService(): returning com.android.bluetooth.hfp.HeadsetService@edaeae5
12-22 11:44:05.254  8079 11222 D HeadsetService:  isAudioOn: The number of audio connected devices 0
12-22 11:44:05.254  8079 11222 D HeadsetService: isScoOrCallActive(): Call Active:falseCall is Ringing:falseSCO is Active:false
12-22 11:44:05.254  8079 11222 D HeadsetService:  isAudioOn: The number of audio connected devices 0
12-22 11:44:05.254  8079 11222 I Avrcp_ext: updatePlayStatusForDevice: device: null
12-22 11:44:05.254  8079 11222 V Avrcp_ext: updatePlaybackState (1): old=PlaybackState {state=6, position=0, buffered position=0, speed=1.0, updated=1413495686, actions=2363190, custom actions=[], active item id=-1, error=null}(2), new=PlaybackState {state=6, position=0, buffered position=0, speed=1.0, updated=1413495686, actions=2363190, custom actions=[], active item id=-1, error=null}(2)
12-22 11:44:05.254  8079 11222 I Avrcp_ext: Exit updatePlayStatusForDevice
12-22 11:44:05.254  8079 11222 D HeadsetService:  isAudioOn: The number of audio connected devices 0
12-22 11:44:05.254  8079 11222 D HeadsetService: isScoOrCallActive(): Call Active:falseCall is Ringing:falseSCO is Active:false
12-22 11:44:05.254  8079 11222 D HeadsetService:  isAudioOn: The number of audio connected devices 0
12-22 11:44:05.254  8079 11222 I Avrcp_ext: updatePlayStatusForDevice: device: null
12-22 11:44:05.254  8079 11222 V Avrcp_ext: updatePlaybackState (1): old=PlaybackState {state=6, position=0, buffered position=0, speed=1.0, updated=1413495686, actions=2363190, custom actions=[], active item id=-1, error=null}(2), new=PlaybackState {state=6, position=0, buffered position=0, speed=1.0, updated=1413495686, actions=2363190, custom actions=[], active item id=-1, error=null}(2)
12-22 11:44:05.254  8079 11222 I Avrcp_ext: Exit updatePlayStatusForDevice
12-22 11:44:05.254  8079 11222 D HeadsetService:  isAudioOn: The number of audio connected devices 0
12-22 11:44:05.254  8079 11222 D HeadsetService: isScoOrCallActive(): Call Active:falseCall is Ringing:falseSCO is Active:false
12-22 11:44:05.254  8079 11222 D HeadsetService:  isAudioOn: The number of audio connected devices 0
12-22 11:44:05.254  8079 11222 I Avrcp_ext: updatePlayStatusForDevice: device: null
12-22 11:44:05.255  8079 11222 V Avrcp_ext: updatePlaybackState (1): old=PlaybackState {state=6, position=0, buffered position=0, speed=1.0, updated=1413495686, actions=2363190, custom actions=[], active item id=-1, error=null}(2), new=PlaybackState {state=6, position=0, buffered position=0, speed=1.0, updated=1413495686, actions=2363190, custom actions=[], active item id=-1, error=null}(2)
12-22 11:44:05.255  8079 11222 I Avrcp_ext: Exit updatePlayStatusForDevice
12-22 11:44:05.255  8079 11222 D HeadsetService:  isAudioOn: The number of audio connected devices 0
12-22 11:44:05.255  8079 11222 D HeadsetService: isScoOrCallActive(): Call Active:falseCall is Ringing:falseSCO is Active:false
12-22 11:44:05.255  8079 11222 D HeadsetService:  isAudioOn: The number of audio connected devices 0
12-22 11:44:05.255  8079 11222 I Avrcp_ext: updatePlayStatusForDevice: device: null
12-22 11:44:05.255  8079 11222 V Avrcp_ext: updatePlaybackState (1): old=PlaybackState {state=6, position=0, buffered position=0, speed=1.0, updated=1413495686, actions=2363190, custom actions=[], active item id=-1, error=null}(2), new=PlaybackState {state=6, position=0, buffered position=0, speed=1.0, updated=1413495686, actions=2363190, custom actions=[], active item id=-1, error=null}(2)
12-22 11:44:05.255  8079 11222 I Avrcp_ext: Exit updatePlayStatusForDevice
12-22 11:44:05.255  8079 11222 D HeadsetService:  isAudioOn: The number of audio connected devices 0
12-22 11:44:05.255  8079 11222 D HeadsetService: isScoOrCallActive(): Call Active:falseCall is Ringing:falseSCO is Active:false
12-22 11:44:05.255  8079 11222 D HeadsetService:  isAudioOn: The number of audio connected devices 0
12-22 11:44:05.255  8079 11222 I Avrcp_ext: updatePlayStatusForDevice: device: null
12-22 11:44:05.255  8079 11222 V Avrcp_ext: updatePlaybackState (1): old=PlaybackState {state=6, position=0, buffered position=0, speed=1.0, updated=1413495686, actions=2363190, custom actions=[], active item id=-1, error=null}(2), new=PlaybackState {state=6, position=0, buffered position=0, speed=1.0, updated=1413495686, actions=2363190, custom actions=[], active item id=-1, error=null}(2)
12-22 11:44:05.255  8079 11222 I Avrcp_ext: Exit updatePlayStatusForDevice
12-22 11:44:05.255  8079 11222 D Avrcp_ext: Enter sendPlayPosNotificationRsp
12-22 11:44:05.255  8079 11222 D Avrcp_ext: sendPlayPosNotificationRsp: Not registered or requesting.
12-22 11:44:05.257  9768  9768 I Cir_Miplay_ActiveAudioSessionManager: TopAudioSession play change
12-22 11:44:05.257  9768  9768 I Cir_Miplay_MiPlayAudioService: dispatchPlaybackStateChange:6
12-22 11:44:05.257  9768  9768 I Cir_Miplay_MiPlayAudioService: localPlayStateChange state:6
12-22 11:44:05.257  9768  9768 I Cir_Miplay_MiPlayAudioService: playStateNotify state:6  ,id:,uuid:local_device_id
12-22 11:44:05.257  9768  9768 I Cir_Miplay_ActiveAudioSessionManager: dispatchTopActiveSessionChangeCallbackLocked, size:1
12-22 11:44:05.258  9768  9768 I Cir_Miplay_MiPlayAudioService: onTopActiveSessionChange, cn.missevan
12-22 11:44:05.258  9768  9768 I Cir_Miplay_MiPlayAudioService: topActiveSessionChange appId:cn.missevan
12-22 11:44:05.258  9768  9768 I Cir_Miplay_MiPlayAudioStatUtils: recordPackageName:cn.missevan
12-22 11:44:05.258  9768  9768 I Cir_Miplay_MiPlayAudioStatUtils: packageNameEquals.
12-22 11:44:05.258  9768  9768 I Cir_Miplay_ActiveSessionRecord: dispatch meta change, MediaMetaData{mArtist='null', mAlbum='null', mTitle=' | ', mArt=null, mDuration=0, mLrc='null'}
12-22 11:44:05.258  9768  9768 I Cir_Miplay_MiPlayAudioService: dispatchMetaChange:cn.missevan  ActiveSsionPackageName:cn.missevan
12-22 11:44:05.258  9768  9768 I MiPlayClientSDK: =======================================================================
12-22 11:44:05.258  9768  9768 I MiPlayClientSDK: onMediaInfoChange start
12-22 11:44:05.258  9768  9768 I MiPlayClientSDK: local_device_id, MediaMetaData{mArtist='', mAlbum='', mTitle='', mDuration=0, mId='', mCoverUrl='', mStatus=0, mVolume=0, mArt=null, mPosition=0, mLrc='', mPackgeName='cn.missevan', mSourceName='2738969101Xiaomi Civi 2', mDeviceState=0}
12-22 11:44:05.258  9768  9768 I MiPlayClientSDK: onMediaInfoChange end
12-22 11:44:05.258  9768  9768 I MiPlayClientSDK: =======================================================================
12-22 11:44:05.258  9768  9768 I MiPlayProxyDeviceManager: onMediaInfoChange
12-22 11:44:05.258  9768  9768 I MiPlay  : onMediaMetaChanged,local_device_id, meta:MediaMetaData{mArtist='', mAlbum='', mTitle='', mDuration=0, art:null}
12-22 11:44:05.258  9768  9768 I MiPlayClientSDK: =======================================================================
12-22 11:44:05.258  9768  9768 I MiPlayClientSDK: onPlayStateChange start
12-22 11:44:05.258  9768  9768 I MiPlayClientSDK: local_device_id, state:6
12-22 11:44:05.258  9768  9768 I MiPlayClientSDK: onPlayStateChange end
12-22 11:44:05.258  9768  9768 I MiPlayClientSDK: =======================================================================
12-22 11:44:05.258  9768  9768 I MiPlayProxyDeviceManager: onPlayStateChange
12-22 11:44:05.258  9768  9768 I MiPlay  : onPlaybackStateChanged,local_device_id, state:none
12-22 11:44:05.260  4496  4496 D MiPlayDetailViewModel: onMediaMetaChange(): metaData.title =  | 
12-22 11:44:05.261  4496  4496 D MiPlayDetailViewModel: onActiveAudioSessionChange(): audioSessionList?.size = 1
12-22 11:44:05.263  1251 27859 I SDM     : HWCSession::NotifyCWBStatus: Notify the client about buffer status 0.
12-22 11:44:05.263  1251 27859 I SDM     : HWCSession::PerformFenceWaits: Remove current release fence from the pending fence wait queue.
12-22 11:44:05.263  1251 27859 I SDM     : HWCSession::PerformFenceWaits: CWB fence queue is empty. No pending release fence to wait on.
12-22 11:44:05.263  4496  4496 I SafeBinderCall: call getMediaMetaData binder cost:1
12-22 11:44:05.263  2475  4680 E NotificationVibratorHelper: Error creating vibration waveform with pattern: [0]
12-22 11:44:05.264  4496  4496 I SafeBinderCall: call getPosition binder cost:1
12-22 11:44:05.264  4496  4496 I SafeBinderCall: call getPlaybackState binder cost:0
12-22 11:44:05.265  9768 12089 I Cir_Miplay_MiPlayAudioService: dispatchMetaChange:MediaMetaData{mArtist='null', mAlbum='null', mTitle=' | ', mArt=null, mDuration=0, mLrc='null'}
12-22 11:44:05.265  9768 12089 I Cir_Miplay_MetaInfoManager: setMetadata.
12-22 11:44:05.266  9768  9768 I MiPlayClientSDK: =======================================================================
12-22 11:44:05.266  9768  9768 I MiPlayClientSDK: onMediaInfoChange start
12-22 11:44:05.266  9768  9768 I MiPlayClientSDK: local_device_id, MediaMetaData{mArtist='null', mAlbum='null', mTitle=' | ', mDuration=0, mId='', mCoverUrl='', mStatus=0, mVolume=0, mArt=null, mPosition=0, mLrc='null', mPackgeName='cn.missevan', mSourceName='2738969101Xiaomi Civi 2', mDeviceState=0}
12-22 11:44:05.266  9768  9768 I MiPlayClientSDK: onMediaInfoChange end
12-22 11:44:05.266  9768  9768 I MiPlayClientSDK: =======================================================================
12-22 11:44:05.266  9768  9768 I MiPlayProxyDeviceManager: onMediaInfoChange
12-22 11:44:05.266  9768  9768 I MiPlay  : onMediaMetaChanged,local_device_id, meta:MediaMetaData{mArtist='null', mAlbum='null', mTitle=' | ', mDuration=0, art:null}
12-22 11:44:05.269  2475  2691 E NotificationVibratorHelper: Error creating vibration waveform with pattern: [0]
12-22 11:44:05.281  2027  3285 D libsensor-displayalgo: the value of  brightness:369.000000,R:77346603.142811,G:69170682.854290,B:54859301.535769,EVENT_C:3125.500000,EVENT_R:1278.000000,EVENT_G:1661.500000,EVENT_B:660.500000
12-22 11:44:05.281  2027  3285 I libsensor-displayalgo: the value of  Coef1:1107.681000,Coef4:2.383000, scale1:0.935522, scale4:0.923264
12-22 11:44:05.281  2027  3285 E libsensor-displayalgo: RGB_test_0407_400_oldzy!
12-22 11:44:05.281  2027  3285 I libsensor-displayalgo: the value of  RESULT2620.088106,1073.842636,1263.695511,453.309704
12-22 11:44:05.281  2027  3285 I libsensor-displayalgo: the value of  getChannelDataCalibrated2734.284691,996.531156,1457.406988,490.696396
12-22 11:44:05.281  2027  3285 I libsensor-displayalgo: the value of  REAL LUX12.490085
12-22 11:44:05.281  2027  3285 I libsensor-displayalgo: the value of  CAL REAL LUX12.490085
12-22 11:44:05.295  5652  7078 W MiuiPerfServiceClient: interceptAndQueuing:26565|cn.missevan|249|117|584147542131382|Slow main thread|5
12-22 11:44:05.354  1411  2035 V APM::EffectDescriptor: setEffectEnabled(false) total CPU 0
12-22 11:44:05.354  1411  2278 D AudioFlinger: updateWakeLockUids_l AudioOut_25 uids:
12-22 11:44:05.358  1411  2035 V APM::EffectDescriptor: unregisterEffect() effect Volume listener for Music, ID 5803, memory 1 total memory 3
12-22 11:44:05.358  1411  2035 D APM_AudioPolicyManager: stopOutput portId 941
12-22 11:44:05.358  1411  2035 D APM_AudioPolicyManager: stopOutput() output 37, stream 3, session 7353
12-22 11:44:05.358  1411  2035 D APM_AudioPolicyManager: getNewOutputDevices selected devices AUDIO_DEVICE_NONE
12-22 11:44:05.358  1411  2035 D APM_AudioPolicyManager: setOutputDevices output 37 device AUDIO_DEVICE_NONE delayMs 218 force 0 requiresMuteCheck 1
12-22 11:44:05.358  1411  2035 D APM_AudioPolicyManager: setOutputDevices() prevDevice {type:0x2,@:}
12-22 11:44:05.363  1191  1238 V EffectMiSound: MiSound_command() start, cmdCode=20
12-22 11:44:05.363  1191  1238 V EffectMiSound: MiSound_Command EFFECT_CMD_OFFLOAD
12-22 11:44:05.363  1191  1238 V EffectMiSound: MiSound_command() start, cmdCode=1
12-22 11:44:05.363  1191  1238 V EffectMiSound: MiSound_setConfig start
12-22 11:44:05.364  1191  1238 V EffectMiSound: MiSound_command() start, cmdCode=9
12-22 11:44:05.364  1191  1238 V EffectMiSound: MiSound_Command EFFECT_CMD_SET_DEVICE: 0x00000002
12-22 11:44:05.364  1191  1238 D MiSoundQdspGefDriver: setDevice(device=0x00000002): old device 0x00000002
12-22 11:44:05.365  1191  1238 V EffectMiSound: MiSound_command() start, cmdCode=11
12-22 11:44:05.365  1191  1238 V EffectMiSound: MiSound_Command EFFECT_CMD_SET_AUDIO_MODE: 0
12-22 11:44:05.366  1191  1238 D DlbDlbEffect: effectCommand(handle=0xb40000724c16f5e0, cmdCode=5, cmdSize=20, pCmdData=0xb40000724a422700, replySize=4, pReplyData=0xb40000724a412f00)
12-22 11:44:05.366  1191  1238 D DlbDlbEffect: handle_EFFECT_CMD_SET_PARAM()
12-22 11:44:05.366  1191  1238 V DlbDapEffectContext: setParam() received parameter EFFECT_PARAM_SKIP_HARD_BYPASS
12-22 11:44:05.366  1191  1238 V DlbEffectQdspDap: setPreferredOffType()
12-22 11:44:05.366  1191  1238 D DlbQdspGefDriver: setPreferredOffType(type=2)
12-22 11:44:05.368  1191  1238 D DlbDlbEffect: effectCommand(handle=0xb40000724c16f5e0, cmdCode=4, cmdSize=0, pCmdData=0x0, replySize=4, pReplyData=0xb40000724a412da8)
12-22 11:44:05.368  1191  1238 D DlbDlbEffect: handle_EFFECT_CMD_DISABLE()
12-22 11:44:05.368  1191  1238 V DlbEffectQdspDap: setEnabled()
12-22 11:44:05.368  1191  1238 V DlbEffectQdspDap: updateEnabled(enabled=0, bypassed=0)
12-22 11:44:05.368  1191  1238 D DlbQdspGefDriver: setEnabled(enable=0)
12-22 11:44:05.368  1191  1238 D DlbQdspGefDriver: setEnabled(): Skip the transient enabled state 0
12-22 11:44:05.370  1191  1238 D DlbDlbEffect: effectCommand(handle=0xb40000724c16f5e0, cmdCode=20, cmdSize=8, pCmdData=0xb40000724a412f00, replySize=4, pReplyData=0xb40000724a412da8)
12-22 11:44:05.370  1191  1238 D DlbDlbEffect: handle_EFFECT_CMD_OFFLOAD(offload=0, ioHandle=13)
12-22 11:44:05.372  1191  1238 V EffectMiSound: MiSound_command() start, cmdCode=1
12-22 11:44:05.372  1191  1238 V EffectMiSound: MiSound_setConfig start
12-22 11:44:05.372  1191  1238 D DlbDlbEffect: effectCommand(handle=0xb40000724c16f5e0, cmdCode=1, cmdSize=112, pCmdData=0x72454090a0, replySize=4, pReplyData=0x724540911c)
12-22 11:44:05.372  1191  1238 D DlbDlbEffect: handle_EFFECT_CMD_SET_CONFIG()
