11-21 16:30:09.212   699   724 I PF_FREQ_GRP: [RecordLimitCmd:68] [CPU_L] start limit freq 509000 ~ 1690000
11-21 16:30:09.212   699   725 W PF_SYS_WRAPPER: [SysOpenAndWriteStr:87] [CPU_B] 1652000 write to /sys/devices/system/cpu/cpu4/cpufreq/scaling_max_freq failed, errno=22 (Invalid argument)
11-21 16:30:09.315   881   881 I aptouch_daemon: filter_touch_detect, down, in: 1, out: 1
11-21 16:30:09.326   699   725 I PF_FREQ_GRP: [RecordLimitCmd:72] [CPU_B] end limit freq 1863000 ~ 2362000
11-21 16:30:09.326   699   724 I PF_FREQ_GRP: [RecordLimitCmd:72] [CPU_L] end limit freq 1690000 ~ 1844000
11-21 16:30:09.328  1778  1849 I PowerManagerService: handleSandman: wakefulness: 1,startDreaming: false
11-21 16:30:09.329  1778  1817 I HwWindowManagerServiceEx: setLandAnimationInfo : false
11-21 16:30:09.339 30971 30971 I HuaweiIME: flagShowRemindDialog :true
11-21 16:30:09.381   881   881 I aptouch_daemon: filter_touch_detect, all_touch_up
11-21 16:30:09.403 30971 30971 I HuaweiIME: flagShowRemindDialog :true
11-21 16:30:09.406   699   724 I PF_FREQ_GRP: [RecordLimitCmd:68] [CPU_L] start limit freq 509000 ~ 1690000
11-21 16:30:09.406   699   725 I PF_FREQ_GRP: [RecordLimitCmd:68] [CPU_B] start limit freq 682000 ~ 1652000
11-21 16:30:09.406   699   725 W PF_SYS_WRAPPER: [SysOpenAndWriteStr:87] [CPU_B] 1652000 write to /sys/devices/system/cpu/cpu4/cpufreq/scaling_max_freq failed, errno=22 (Invalid argument)
11-21 16:30:09.506   881   881 I aptouch_daemon: filter_touch_detect, down, in: 1, out: 1
11-21 16:30:09.514   699   724 I PF_FREQ_GRP: [RecordLimitCmd:72] [CPU_L] end limit freq 1690000 ~ 1844000
11-21 16:30:09.516   699   725 I PF_FREQ_GRP: [RecordLimitCmd:72] [CPU_B] end limit freq 1863000 ~ 2362000
11-21 16:30:09.517  1778  1849 I PowerManagerService: handleSandman: wakefulness: 1,startDreaming: false
11-21 16:30:09.521 30971 30971 I HuaweiIME: flagShowRemindDialog :true
11-21 16:30:09.570 30971 30971 I HuaweiIME: flagShowRemindDialog :true
11-21 16:30:09.572   881   881 I aptouch_daemon: filter_touch_detect, all_touch_up
11-21 16:30:09.586 30971 30971 I HuaweiIME: flagShowRemindDialog :true
11-21 16:30:09.593   699   725 I PF_FREQ_GRP: [RecordLimitCmd:68] [CPU_B] start limit freq 682000 ~ 1652000
11-21 16:30:09.593   699   724 I PF_FREQ_GRP: [RecordLimitCmd:68] [CPU_L] start limit freq 509000 ~ 1690000
11-21 16:30:09.594   699   725 W PF_SYS_WRAPPER: [SysOpenAndWriteStr:87] [CPU_B] 1652000 write to /sys/devices/system/cpu/cpu4/cpufreq/scaling_max_freq failed, errno=22 (Invalid argument)
11-21 16:30:09.673   881   881 I aptouch_daemon: filter_touch_detect, down, in: 1, out: 1
11-21 16:30:09.683   699   724 I PF_FREQ_GRP: [RecordLimitCmd:72] [CPU_L] end limit freq 1690000 ~ 1844000
11-21 16:30:09.683   699   725 I PF_FREQ_GRP: [RecordLimitCmd:72] [CPU_B] end limit freq 1863000 ~ 2362000
11-21 16:30:09.682  1778  1849 I PowerManagerService: handleSandman: wakefulness: 1,startDreaming: false
11-21 16:30:09.685  1778  1817 I HwWindowManagerServiceEx: setLandAnimationInfo : false
11-21 16:30:09.691 30971 30971 I HuaweiIME: flagShowRemindDialog :true
11-21 16:30:09.716   704   777 E ACCKIT_ : PerfMgr: fail to read 0
11-21 16:30:09.745  2204  2365 D NetworkController.MobileSignalController(0_9): mSimSubId:9 onDataActivity: direction=0
11-21 16:30:09.745  2204  2365 I MobileSignalController: copyFrom::dataConnected = true
11-21 16:30:09.745  2204  2365 I MobileSignalController: copyFrom::dataConnected = true
11-21 16:30:09.747   881   881 I aptouch_daemon: filter_touch_detect, all_touch_up
11-21 16:30:09.762   699   725 I PF_FREQ_GRP: [RecordLimitCmd:68] [CPU_B] start limit freq 682000 ~ 1652000
11-21 16:30:09.762   699   724 I PF_FREQ_GRP: [RecordLimitCmd:68] [CPU_L] start limit freq 509000 ~ 1690000
11-21 16:30:09.762   699   725 W PF_SYS_WRAPPER: [SysOpenAndWriteStr:87] [CPU_B] 1652000 write to /sys/devices/system/cpu/cpu4/cpufreq/scaling_max_freq failed, errno=22 (Invalid argument)
11-21 16:30:09.772 30971 30971 I HuaweiIME: flagShowRemindDialog :true
11-21 16:30:09.856   881   881 I aptouch_daemon: filter_touch_detect, down, in: 1, out: 1
11-21 16:30:09.865   699   724 I PF_FREQ_GRP: [RecordLimitCmd:72] [CPU_L] end limit freq 1690000 ~ 1844000
11-21 16:30:09.865   699   725 I PF_FREQ_GRP: [RecordLimitCmd:72] [CPU_B] end limit freq 1863000 ~ 2362000
11-21 16:30:09.866  1778  1849 I PowerManagerService: handleSandman: wakefulness: 1,startDreaming: false
11-21 16:30:09.870 30971 30971 I HuaweiIME: flagShowRemindDialog :true
11-21 16:30:09.889  1778  1817 I HwWindowManagerServiceEx: setLandAnimationInfo : false
11-21 16:30:09.920  2438  2680 D NpdcpAliveManager: ro.odm.npdcp_alive_cfg_enable is false
11-21 16:30:09.922   881   881 I aptouch_daemon: filter_touch_detect, all_touch_up
11-21 16:30:09.936 30971 30971 I HuaweiIME: flagShowRemindDialog :true
11-21 16:30:09.944   699   724 I PF_FREQ_GRP: [RecordLimitCmd:68] [CPU_L] start limit freq 509000 ~ 1690000
11-21 16:30:09.944   699   725 I PF_FREQ_GRP: [RecordLimitCmd:68] [CPU_B] start limit freq 682000 ~ 1652000
11-21 16:30:09.944   699   725 W PF_SYS_WRAPPER: [SysOpenAndWriteStr:87] [CPU_B] 1652000 write to /sys/devices/system/cpu/cpu4/cpufreq/scaling_max_freq failed, errno=22 (Invalid argument)
11-21 16:30:09.958   621 21886 I netd    : trafficSwapActiveStatsMap() <23.30ms>
11-21 16:30:10.019  3905  3905 I wpa_supplicant: TDLS: Discard message - TDLS disabled or unsupported by driver
11-21 16:30:10.031  1778  1817 I HwWindowManagerServiceEx: setLandAnimationInfo : false
11-21 16:30:10.055   881   881 I aptouch_daemon: filter_touch_detect, down, in: 1, out: 1
11-21 16:30:10.061   699   724 I PF_FREQ_GRP: [RecordLimitCmd:72] [CPU_L] end limit freq 1690000 ~ 1844000
11-21 16:30:10.061   699   725 I PF_FREQ_GRP: [RecordLimitCmd:72] [CPU_B] end limit freq 1863000 ~ 2362000
11-21 16:30:10.061  1778  1849 I PowerManagerService: handleSandman: wakefulness: 1,startDreaming: false
11-21 16:30:10.070 30971 30971 I HuaweiIME: flagShowRemindDialog :true
11-21 16:30:10.114   881   881 I aptouch_daemon: filter_touch_detect, all_touch_up
11-21 16:30:10.132  2438  2680 I chatty  : uid=1000(system) OllieAwareThrea expire 14 lines
11-21 16:30:10.136 30971 30971 I HuaweiIME: flagShowRemindDialog :true
11-21 16:30:10.141   699   724 I PF_FREQ_GRP: [RecordLimitCmd:68] [CPU_L] start limit freq 509000 ~ 1690000
11-21 16:30:10.141   699   725 I PF_FREQ_GRP: [RecordLimitCmd:68] [CPU_B] start limit freq 682000 ~ 1652000
11-21 16:30:10.141   699   725 W PF_SYS_WRAPPER: [SysOpenAndWriteStr:87] [CPU_B] 1652000 write to /sys/devices/system/cpu/cpu4/cpufreq/scaling_max_freq failed, errno=22 (Invalid argument)
11-21 16:30:10.222   881   881 I aptouch_daemon: filter_touch_detect, down, in: 1, out: 1
11-21 16:30:10.232   699   724 I PF_FREQ_GRP: [RecordLimitCmd:72] [CPU_L] end limit freq 1690000 ~ 1844000
11-21 16:30:10.232   699   725 I PF_FREQ_GRP: [RecordLimitCmd:72] [CPU_B] end limit freq 1863000 ~ 2362000
11-21 16:30:10.236 30971 30971 I HuaweiIME: flagShowRemindDialog :true
11-21 16:30:10.234  1778  1849 I PowerManagerService: handleSandman: wakefulness: 1,startDreaming: false
11-21 16:30:10.239  1778  1817 I HwWindowManagerServiceEx: setLandAnimationInfo : false
11-21 16:30:10.288   881   881 I aptouch_daemon: filter_touch_detect, all_touch_up
11-21 16:30:10.302 30971 30971 I HuaweiIME: flagShowRemindDialog :true
11-21 16:30:10.305   621  1411 W /system/bin/netd: A binder object at 0x766ae1a280 is being transacted on, however, this object is in the same process as its proxy. Transacting with this binder is expensive compared to just calling the corresponding functionality in the same process.
11-21 16:30:10.312   699   724 I PF_FREQ_GRP: [RecordLimitCmd:68] [CPU_L] start limit freq 509000 ~ 1690000
11-21 16:30:10.312   699   725 I PF_FREQ_GRP: [RecordLimitCmd:68] [CPU_B] start limit freq 682000 ~ 1652000
11-21 16:30:10.312   699   725 W PF_SYS_WRAPPER: [SysOpenAndWriteStr:87] [CPU_B] 1652000 write to /sys/devices/system/cpu/cpu4/cpufreq/scaling_max_freq failed, errno=22 (Invalid argument)
11-21 16:30:10.337 25594 25787 I getEventCount: 0
11-21 16:30:10.362   621  1411 W /system/bin/netd: A binder object at 0x766ae1a280 is being transacted on, however, this object is in the same process as its proxy. Transacting with this binder is expensive compared to just calling the corresponding functionality in the same process.
11-21 16:30:10.376 31755 31885 I tnet-jni: 13603 -  create new session: umengjmacs.m.taobao.com:443
11-21 16:30:10.405   881   881 I aptouch_daemon: filter_touch_detect, down, in: 1, out: 1
11-21 16:30:10.414 31755 31874 I tnet-jni: 13597 - [SpdySessionCallBack.getSSLMeta] - org.android.spdy.SpdySession@683d8cd
11-21 16:30:10.415 31755 31874 I tnet-jni: 13597 - [spdySessionConnectCB] -
11-21 16:30:10.415 31755 31874 I tnet-jni: 13597 - [SpdySessionCallBack.spdySessionConnectCB] - org.android.spdy.SpdySession@683d8cd
11-21 16:30:10.416   699   724 I PF_FREQ_GRP: [RecordLimitCmd:72] [CPU_L] end limit freq 1690000 ~ 1844000
11-21 16:30:10.416   699   725 I PF_FREQ_GRP: [RecordLimitCmd:72] [CPU_B] end limit freq 1863000 ~ 2362000
11-21 16:30:10.417  1778  1849 I PowerManagerService: handleSandman: wakefulness: 1,startDreaming: false
11-21 16:30:10.419 30971 30971 I HuaweiIME: flagShowRemindDialog :true
11-21 16:30:10.422  1778  1812 D HwConnectivityServiceEx: set 10970 wlan0 value false
11-21 16:30:10.426 31755 31874 I tnet-jni: 13597 - index=1  starttime=1669019410426
11-21 16:30:10.427 31755 31874 I tnet-jni: 13597 - index=1   calltime=1669019410427
11-21 16:30:10.463   881   881 I aptouch_daemon: filter_touch_detect, all_touch_up
11-21 16:30:10.476 31755 31874 I tnet-jni: 13597 - [SpdySessionCallBack.putSSLMeta] - org.android.spdy.SpdySession@683d8cd
11-21 16:30:10.479 31755 31874 I tnet-jni: 13597 - [spdyStreamResponseRecv] -
11-21 16:30:10.479 31755 31874 I tnet-jni: 13597 - [SpdySessionCallBack.spdyOnStreamResponse] - org.android.spdy.SpdySession@683d8cd
11-21 16:30:10.480  1778  5933 I JobScheduler: CANCEL: ad591d9 #u0a970/2050 cn.missevan/com.taobao.accs.internal.AccsJobService, reason:cancel() called by app, callingUid=10970 uid=10970 jobId=2050
11-21 16:30:10.485 30971 30971 I HuaweiIME: flagShowRemindDialog :true
11-21 16:30:10.495   699   725 I PF_FREQ_GRP: [RecordLimitCmd:68] [CPU_B] start limit freq 682000 ~ 1652000
11-21 16:30:10.495   699   725 W PF_SYS_WRAPPER: [SysOpenAndWriteStr:87] [CPU_B] 1652000 write to /sys/devices/system/cpu/cpu4/cpufreq/scaling_max_freq failed, errno=22 (Invalid argument)
11-21 16:30:10.496   699   724 I PF_FREQ_GRP: [RecordLimitCmd:68] [CPU_L] start limit freq 509000 ~ 1690000
11-21 16:30:10.499  1778  1849 I PowerManagerService: handleSandman: wakefulness: 1,startDreaming: false
11-21 16:30:10.502  1778  5933 I JobScheduler.Time: realNextJobExpiredElapsedMillis: 1143011707mNextJobExpiredElapsedMillis1143011707
11-21 16:30:10.505  1778  1935 I JobScheduler.Time: Add job to TimeTracking: ae3899f #u0a970/2050 cn.missevan/com.taobao.accs.internal.AccsJobService, delayTime:1141690344, deadlineTime:1141690344
11-21 16:30:10.507  1778  1849 I PowerManagerService: handleSandman: wakefulness: 1,startDreaming: false
11-21 16:30:10.508  1778  1812 V BroadcastQueue: Finished with ordered broadcast BroadcastRecord{aaee823 u0 android.intent.action.DROPBOX_ENTRY_ADDED}
11-21 16:30:10.512  1778  1849 I PowerManagerService: handleSandman: wakefulness: 1,startDreaming: false
11-21 16:30:10.519  1778  1935 I JobScheduler.Time: realNextJobExpiredElapsedMillis: 1141690344mNextJobExpiredElapsedMillis1141690344
11-21 16:30:10.520 31755 31874 I tnet-jni: 13597 - [spdyStreamCloseCallback] -
11-21 16:30:10.520 31755 31874 I tnet-jni: 13597 - [SpdySessionCallBack.spdyStreamCloseCallback] - org.android.spdy.SpdySession@683d8cd
11-21 16:30:10.520 31755 31874 I tnet-jni: 13597 - index=1    endtime=1669019410520
11-21 16:30:10.520  1778  5933 I JobScheduler: CANCEL: ae3899f #u0a970/2050 cn.missevan/com.taobao.accs.internal.AccsJobService, reason:cancel() called by app, callingUid=10970 uid=10970 jobId=2050
11-21 16:30:10.526  1778  1849 I PowerManagerService: handleSandman: wakefulness: 1,startDreaming: false
11-21 16:30:10.531  3905  3905 I wpa_supplicant: TDLS: Discard message - TDLS disabled or unsupported by driver
11-21 16:30:10.531  1778  5933 I JobScheduler.Time: realNextJobExpiredElapsedMillis: 1143011707mNextJobExpiredElapsedMillis1143011707
11-21 16:30:10.532  1778  1935 I JobScheduler.Time: Add job to TimeTracking: b292b65 #u0a970/2050 cn.missevan/com.taobao.accs.internal.AccsJobService, delayTime:1141690371, deadlineTime:1141690371
11-21 16:30:10.542  1778  1935 I JobScheduler.Time: realNextJobExpiredElapsedMillis: 1141690371mNextJobExpiredElapsedMillis1141690371
11-21 16:30:10.591  1778  1817 I HwWindowManagerServiceEx: setLandAnimationInfo : false
11-21 16:30:10.645 31512 31534 I .missevan:patc: Background concurrent copying GC freed 95646(3396KB) AllocSpace objects, 36(47MB) LOS objects, 49% free, 22MB/45MB, paused 115us total 111.130ms
11-21 16:30:10.764   881   881 I aptouch_daemon: filter_touch_detect, down, in: 1, out: 1
11-21 16:30:10.776  1778  1849 I PowerManagerService: handleSandman: wakefulness: 1,startDreaming: false
11-21 16:30:10.820   881   881 I aptouch_daemon: filter_touch_detect, all_touch_up
11-21 16:30:10.847  1778  1935 D HwConnectivityServiceEx: set 10970 wlan0 value false
11-21 16:30:10.867  2527 10922 I PGServer: getTopFrontApp. calling pkg: android
11-21 16:30:10.867  1113  1131 D         : HibSTrategy::HibStrategySwapCandidateProcessAdd packageName com.google.android.gms
11-21 16:30:10.950  2438  2680 D NpdcpAliveManager: ro.odm.npdcp_alive_cfg_enable is false
11-21 16:30:11.038   679  1207 I hisi_effect: SetEffectInfo:367: modules=90 dispPanelId=0
11-21 16:30:11.073  1113  6857 D AwareLog: HiberManagerService::DoReclaim ok, pid=10985, reclaimMode=hiber_anon
11-21 16:30:11.073  1113  6857 D AwareLog: GetReclaimResult:reclaimKb=25112, swapKb=25112, swapUs=165564
11-21 16:30:11.073  1113  6857 D         : HibStrategy::HibStrategySwapCandidateProcessRemove packageName is com.google.android.gms
11-21 16:30:11.073  1113  6857 D AwareLog: HiberManagerService::SendMessageToHiberTask successful
11-21 16:30:11.075  1113  1131 D         : HibSTrategy::HibStrategySwapCandidateProcessAdd packageName com.google.android.gms
11-21 16:30:11.105 31512 31534 I .missevan:patc: Background concurrent copying GC freed 685568(30MB) AllocSpace objects, 20(880KB) LOS objects, 49% free, 23MB/46MB, paused 142us total 103.229ms
11-21 16:30:11.114  2527 10922 I PGServer: getTopFrontApp. calling pkg: android
11-21 16:30:11.320  1113  6857 D AwareLog: HiberManagerService::DoReclaim ok, pid=10969, reclaimMode=hiber_anon
11-21 16:30:11.321  1113  6857 D AwareLog: GetReclaimResult:reclaimKb=25004, swapKb=25004, swapUs=165942
11-21 16:30:11.321  1113  6857 D         : HibStrategy::HibStrategySwapCandidateProcessRemove packageName is com.google.android.gms
11-21 16:30:11.321  1113  6857 D AwareLog: HiberManagerService::SendMessageToHiberTask successful
11-21 16:30:11.323  1113  1131 D         : HibSTrategy::HibStrategySwapCandidateProcessAdd packageName com.tencent.mm
11-21 16:30:11.363  2527 10922 I PGServer: getTopFrontApp. calling pkg: android
11-21 16:30:11.450   621 21886 I netd    : trafficSwapActiveStatsMap() <18.61ms>
11-21 16:30:11.496   881   881 I aptouch_daemon: filter_touch_detect, down, in: 1, out: 1
11-21 16:30:11.501 27354 27387 E CSP_RADAR: Fatal RejectedExecutionException in Runnale Unamed ThreadPoolExecutor
11-21 16:30:11.507  1778 32008 I DropBoxManagerService: add tag=system_app_wtf isTagEnabled=true flags=0x2
11-21 16:30:11.515  1778  1849 I PowerManagerService: handleSandman: wakefulness: 1,startDreaming: false
11-21 16:30:11.516  1113  1131 D         : HibStrategy::HibStrategySwapCandidateProcessRemove packageName is com.tencent.mm
11-21 16:30:11.516  1113  1131 D AwareLog: RECLAIM_INTERRUPTING:pkg=com.tencent.mm,pid= 4258,mState = 5
11-21 16:30:11.516  1113  1131 D AwareLog: HiberManagerService::DoReclaimSuspend:pid=4258
11-21 16:30:11.516  1113  1131 D AwareLog: HiberManagerService::pthread_kill send signal ok
11-21 16:30:11.516  1113  6857 D AwareLog: HiberManagerService::DoReclaim ok, pid=4258, reclaimMode=hiber_anon
11-21 16:30:11.516  1113  6857 D AwareLog: GetReclaimResult:reclaimKb=16640, swapKb=16640, swapUs=109781
11-21 16:30:11.516  1113  6857 D AwareLog: HiberManagerService::SendMessageToHiberTask successful
11-21 16:30:11.562   881   881 I aptouch_daemon: filter_touch_detect, all_touch_up
11-21 16:30:11.569 30858 30858 W HwRemoteInputMethodManager: isCasting false because IHwDistributedWindowManager is invalid.
11-21 16:30:11.571 30858 30858 D HwAutofillHelper: recordCurrentInfo:0
11-21 16:30:11.571 30858 30858 D HwAutofillHelper: inputType = 129
11-21 16:30:11.571 30858 30858 D HwAutofillHelper: inputType is password, now record
11-21 16:30:11.577 30858 30858 W InputMethodManager: startInputReason = 4
11-21 16:30:11.580 30858 30858 W HwRemoteInputMethodManager: isCasting false because IHwDistributedWindowManager is invalid.
11-21 16:30:11.581  1778  1935 D HwInputMethodManagerService: windowGainedFocus  isPasswordType(attribute) = true
11-21 16:30:11.581  1778  1935 D HwInputMethodManagerService: isSecMethodUsing = false
11-21 16:30:11.586  1778  1935 D HwInputMethodManagerService: hideNormalSoftInput = true
11-21 16:30:11.586  1778  1935 W SecInputMethodManagerService: Window already focused, ignoring focus gain of: com.android.internal.view.IInputMethodClient$Stub$Proxy@b381c09 attribute=android.view.inputmethod.EditorInfo@b0c1195, token = android.os.BinderProxy@afbac39
11-21 16:30:11.588  1778  1935 V ActivityManager: startProcess: name=com.huawei.secime app=null knownToBeDead=true thread=null pid=-1 preloadStatus=-1
11-21 16:30:11.588 30971 30971 I guohongxin_haha: whiteList :1
11-21 16:30:11.588 30971 30971 I guohongxin_haha: intervalTime :3600000
11-21 16:30:11.589  1778  1935 V SecInputMethodManagerService: Adding window token: android.os.Binder@abf1659
11-21 16:30:11.590  1778  1935 I WindowManager: addWindowToken: displayid:0 binder:android.os.Binder@abf1659 token:WindowToken{af7acef android.os.Binder@abf1659}
11-21 16:30:11.589 30971 31022 I ImeNamedRunnable: Thread pool-6-thread-1, Runnable named igsm::onStartInput, use time 0ms
11-21 16:30:11.592 30858 30858 I InputMethodManager: showSoftInput
11-21 16:30:11.592   703   703 D AudioPolicyService: getUidState(10066) cacheIter->second.first, return cacheIter->second.second(3)
11-21 16:30:11.595 30971 31029 I ImeNamedRunnable: Thread pool-1-thread-1, Runnable named iinputm::onStartInput, use time 0ms
11-21 16:30:11.597 30858 30858 I HwViewRootImpl: removeInvalidNode all the node in jank list is out of time
11-21 16:30:11.610 30971 30971 I ring_expand: floatImeState : false
11-21 16:30:11.610 30971 30971 I ring_expand: isLeftrightSplit : false
11-21 16:30:11.610 30971 30971 I ring_expand: is_compress : false
11-21 16:30:11.610 30971 30971 I ring_expand: final Global.screenW = 1080
11-21 16:30:11.610 30971 30971 I HuaweiIME: SysInfo.getSysParam: orientation=1||config d=3.0,w=1080,h=2090||metrics d=3.0,w=1080,h=2090||sdk=29,bar_h=102||appScale=3.3,sysScale=3.0||isMultiWin=false,isPadMode=false, boardw=1080, boardH=705, candH=130, boardL=0, boardR=1080, ver=8.2.39.394, realW=1080, realH=2310, isInLargeWinMode=false, displayId=0, cuid=7778CE-1C74CB-B92016-3C442F-8FC517-61
11-21 16:30:11.611 30971 30971 I HuaweiIME: isPortrait-adjustOffset-r: 5
11-21 16:30:11.611 30971 30971 I HuaweiIME:  isNight : false
11-21 16:30:11.614   622   622 D Zygote  : Forked child process 32009
11-21 16:30:11.620  1778  1838 I ActivityManager: Start proc 32009:com.huawei.secime/u0a84 for service {com.huawei.secime/com.huawei.secime.SoftKeyboard}
11-21 16:30:11.624 32009 32009 E m.huawei.secim: LoadAppImageStartupCache enabled : 1
11-21 16:30:11.624 30971 30971 I ring_expand: floatImeState : false
11-21 16:30:11.624 30971 30971 I ring_expand: isLeftrightSplit : false
11-21 16:30:11.624 30971 30971 I ring_expand: is_compress : false
11-21 16:30:11.624 30971 30971 I ring_expand: final Global.screenW = 1080
11-21 16:30:11.625 30971 30971 I HuaweiIME: SysInfo.getSysParam: orientation=1||config d=3.0,w=1080,h=2090||metrics d=3.0,w=1080,h=2090||sdk=29,bar_h=102||appScale=3.3,sysScale=3.0||isMultiWin=false,isPadMode=false, boardw=1080, boardH=705, candH=130, boardL=0, boardR=1080, ver=8.2.39.394, realW=1080, realH=2310, isInLargeWinMode=false, displayId=0, cuid=7778CE-1C74CB-B92016-3C442F-8FC517-61
11-21 16:30:11.626 32009 32009 I m.huawei.secim: Reinit property: dalvik.vm.checkjni= false
11-21 16:30:11.626 32009 32009 I m.huawei.secim: ReInitProperties: persist.vm.debug.dumpapi= false
11-21 16:30:11.626 30971 31029 I ImeNamedRunnable: Thread pool-1-thread-1, Runnable named CloudDataManager:clearItems, use time 0ms
11-21 16:30:11.627 32009 32009 E m.huawei.secim: Not starting debugger since process cannot load the jdwp agent.
11-21 16:30:11.628 30971 30971 I HuaweiIME: isFreeFormVisible : false
11-21 16:30:11.630 30971 30971 I KeymapLoader: initMapScale: appScale=3.3 selfScale=3.3 tmpScale=3.3
11-21 16:30:11.636 30971 30971 I HuaweiIME: theme3 + candTextNm:-1candTextHL:-11365889candFirstTextNM:-11365889candFirstTextHL-11365889sp==null:false
11-21 16:30:11.636 30971 30971 I wangkang: loadMap cost: 4
11-21 16:30:11.636 30971 30971 I HuaweiIME: InputBarView resetSysState false
11-21 16:30:11.640 30971 30971 I HuaweiIME: theme3 + candTextNm:-1candTextHL:-11365889candFirstTextNM:-11365889candFirstTextHL-11365889sp==null:false
11-21 16:30:11.641 30971 30971 I HuaweiIME: InputBarView needShowInputBar 1
11-21 16:30:11.641 30971 30971 I HuaweiIME: InputBarView needShowInputBar true true false
11-21 16:30:11.641 30971 30971 I HuaweiIME: CandidateView init start
11-21 16:30:11.642 32009 32009 D ActivityThread: Attach thread to application
11-21 16:30:11.656  2527  3671 I PGServer: report state:10005 event type:1 pid:0 uid:0 pkg:null to pid: 2527
11-21 16:30:11.656   703   703 D AudioPolicyService: getUidState(10084) !cacheIter->second.first, return PROCESS_STATE_UNKNOWN
11-21 16:30:11.656   703   703 D AudioPolicyService: getUidState(10084) !cacheIter->second.first, return PROCESS_STATE_UNKNOWN
11-21 16:30:11.656  2527  3671 I PGServer: report state:10006 event type:1 pid:0 uid:0 pkg:null to pid: 2527
11-21 16:30:11.659 32009 32028 I ActivityThread: Init compatible state: false
11-21 16:30:11.660  1778  1790 I chatty  : uid=1000(system) reference-colle expire 1 line
11-21 16:30:11.668 30971 31029 I ImeNamedRunnable: Thread pool-1-thread-1, Runnable named CloudDataManager:clearItems, use time 0ms
11-21 16:30:11.670 32009 32028 D HwFrameworkSecurityPartsFactory: HwFrameworkSecurityPartsFactory in.
11-21 16:30:11.670 32009 32028 I HwFrameworkSecurityPartsFactory: add HwFrameworkSecurityPartsFactory to memory.
11-21 16:30:11.671 32009 32009 I LoadedApk: makePaths: outLibPaths=[/system/app/HwSecureIME/lib/arm64, /system/lib64:/hw_product/lib64:/system/product/lib64:/prets/lib64]
11-21 16:30:11.672 32009 32009 D ApplicationLoaders: Returning zygote-cached class loader: /system/framework/android.hidl.base-V1.0-java.jar
11-21 16:30:11.672 32009 32009 D ApplicationLoaders: Returning zygote-cached class loader: /system/framework/android.hidl.manager-V1.0-java.jar
11-21 16:30:11.672 32009 32009 D ApplicationLoaders: Returning zygote-cached class loader: /system/framework/android.hidl.base-V1.0-java.jar
11-21 16:30:11.673 32009 32009 D ApplicationLoaders: createClassLoader zip: /system/app/HwSecureIME/HwSecureIME.apk librarySearchPath: /system/app/HwSecureIME/lib/arm64:/system/lib64:/hw_product/lib64:/system/product/lib64:/prets/lib64 libraryPermittedPath: /data/user_de/0/com.huawei.secime:/system/app/HwSecureIME:/system/lib64:/hw_product/lib64:/system/product/lib64:/prets/lib64 parent: java.lang.BootClassLoader@7ec874d targetSdkVersion: 28 isBundled: true classLoaderName: null sharedLibraries: [dalvik.system.PathClassLoader[DexPathList[[zip file "/system/framework/android.hidl.manager-V1.0-java.jar"],nativeLibraryDirectories=[/system/lib64, /hw_product/lib64, /system/product/lib64, /prets/lib64]]], dalvik.system.PathClassLoader[DexPathList[[zip file "/system/framework/android.hidl.base-V1.0-java.jar"],nativeLibraryDirectories=[/system/lib64, /hw_product/lib64, /system/product/lib64, /prets/lib64]]]]
11-21 16:30:11.672   707   890 W BufferQueueProducer: [InputMethod#0]:1390: disconnect: not connected (req=1)
11-21 16:30:11.673 30971 31073 W libEGL  : EGLNativeWindowType 0xbd433e08 disconnect failed
11-21 16:30:11.686  1778  1817 D StatusBarManagerService: win:Window{af0245d u0 cn.missevan/cn.missevan.activity.MainActivity}mIsColorEnable:truelight:true
11-21 16:30:11.686  1778  1817 I StatusBarDisable: setFlags what=0 which=1 pkg=Window{af0245d u0 cn.missevan/cn.missevan.activity.MainActivity}
11-21 16:30:11.687  2204  4603 D HwCommandQueue: CommandQueue, set Launcher StatusBar Color
11-21 16:30:11.689  1778  5933 I WindowManager: dispatchResized : win = Window{af0245d u0 cn.missevan/cn.missevan.activity.MainActivity} drawState = HAS_DRAWN
11-21 16:30:11.699 30971 30971 D Tinker.DefaultAppLike: onTrimMemory level:20
11-21 16:30:11.703  2527  3671 I PGServer: report state:10006 event type:1 pid:0 uid:0 pkg:null to pid: 2527
11-21 16:30:11.703 32009 32028 I HwApiCacheMangerEx: apicache path=/storage/emulated/0 state=mounted key=com.huawei.secime#10084#256
11-21 16:30:11.704 32009 32028 I HwApiCacheMangerEx: need clear apicache,because volumes changed,oldCnt=0 newCnt=1
11-21 16:30:11.704 32009 32028 I HwApiCacheMangerEx: apicache path=/storage/emulated/0 state=mounted key=com.huawei.secime#10084#0
11-21 16:30:11.704 32009 32028 I HwApiCacheMangerEx: need clear apicache,because volumes changed,oldCnt=1 newCnt=1
11-21 16:30:11.705 32009 32009 I m.huawei.secim: QarthPatchMonintor::Run
11-21 16:30:11.710 32009 32009 I HwTypeface: updateFont: scale=0.95
11-21 16:30:11.711 32009 32009 D SystemFonts: areFontsVariable: script=Hans
11-21 16:30:11.712 32009 32009 I ActivityThread: finishPreloaded preloadStatus 0
11-21 16:30:11.712 32009 32028 I HwPartIawareFactory: add android.common.HwPartIawareFactoryImpl to memory.
11-21 16:30:11.712 32009 32028 I AwareBitmapCacher: init processName:com.huawei.secime pid=32009 uid=10084
11-21 16:30:11.718   704   777 E ACCKIT_ : PerfMgr: fail to read 0
11-21 16:30:11.733 32009 32009 E m.huawei.secim: Invalid ID 0x00000000.
11-21 16:30:11.749 32009 32009 I DecorView[InputMethod]: pkgName:com.huawei.secime old windowMode:0 new windoMode:1, isFixedSize:false
11-21 16:30:11.753  1778  1834 I chatty  : uid=1000(system) android.bg expire 3 lines
11-21 16:30:11.755  1778  1935 V ActivityManager: Successfully start provider ContentProviderRecord{b105663 u0 com.android.providers.settings/.hwext.HwSettingsProvider} launchingApp=null caller pid= 32009
11-21 16:30:11.769 32009 32009 I Icon_Cache: add:2131034134#com.iflytek.speechsuite
11-21 16:30:11.780 32009 32009 I TextToSpeech: Sucessfully bound to com.iflytek.speechsuite
11-21 16:30:11.786   703   703 D AudioPolicyService: getUidState(10087) !cacheIter->second.first, return PROCESS_STATE_UNKNOWN
11-21 16:30:11.791   690   690 E hwvibrator@1.1-service: GetHapticsPara haptic.grade.value
11-21 16:30:11.791   690   690 I hwvibrator@1.1-service: GetHapticsPara: parse cmd error
11-21 16:30:11.791   690   690 E hwvibrator@1.1-service: GetHapticGrade: not find this type
11-21 16:30:11.796  1778  1843 D ActivityManager: setPrivilegeType r: ServiceRecord{b299e69 u0 com.iflytek.speechsuite/.system.TtsService}, interfaceDescriptor : android.speech.tts.ITextToSpeechService
11-21 16:30:11.797  2527 10922 I KStateManager: send binder call message, called pid:22952, calling pid:[1778]
11-21 16:30:11.798 32009 32009 I StubController: system app validUid:10084, isFriend:true
11-21 16:30:11.800  1778  1935 V ActivityManager: Successfully start provider ContentProviderRecord{afc6ebd u0 com.baidu.input_huawei/.vibrator.HwVibratorProvider} launchingApp=null caller pid= 32009
11-21 16:30:11.813 32009 32009 I SecureInputMethod_SoftKeyboard: query mVibratorLevel 0
11-21 16:30:11.826  2527 10922 I KStateManager: send binder call message, called pid:32009, calling pid:[1778]
11-21 16:30:11.826 32009 32009 I TextToSpeech: Connected to ComponentInfo{com.iflytek.speechsuite/com.iflytek.speechsuite.system.TtsService}
11-21 16:30:11.826  1778  1843 D ActivityManager: setPrivilegeType r: ServiceRecord{b3c68e9 u0 com.huawei.secime/.SoftKeyboard}, interfaceDescriptor : com.android.internal.view.IInputMethod
11-21 16:30:11.829 32009 32009 I HwPartPowerOfficeFactory: add HwPartPowerOfficeFactoryImpl to memory.
11-21 16:30:11.838 32009 32009 D InputEventReceiver: dispatchInputInterval 1000000
11-21 16:30:11.840  1778  1935 I SecInputMethodManagerService: getAppShowFlags: other things.
11-21 16:30:11.843 32009 32038 I TextToSpeech: Set up connection to ComponentInfo{com.iflytek.speechsuite/com.iflytek.speechsuite.system.TtsService}
11-21 16:30:11.846   703   703 D AudioPolicyService: getUidState(10087) !cacheIter->second.first, return PROCESS_STATE_UNKNOWN
11-21 16:30:11.846 30858 30858 W InputMethodManager: startInputReason = 5
11-21 16:30:11.846   703   703 D AudioPolicyService: getUidState(10087) cacheIter->second.first, return cacheIter->second.second(-1)
11-21 16:30:11.846   703   703 D AudioPolicyService: getUidState(10084) !cacheIter->second.first, return PROCESS_STATE_UNKNOWN
11-21 16:30:11.846   703 13769 D AudioPolicyService: getUidState(10084) cacheIter->second.first, return cacheIter->second.second(-1)
11-21 16:30:11.847   703 13769 D AudioPolicyService: getUidState(10066) cacheIter->second.first, return cacheIter->second.second(8)
11-21 16:30:11.848 32009 32009 D SecureInputMethod_SoftKeyboard: onInitializeInterface
11-21 16:30:11.851  1778  1812 I chatty  : uid=1000(system) Binder:1778_2 expire 6 lines
11-21 16:30:11.851 32009 32009 D SecureInputMethod_SoftKeyboard: onStartInput input type = 1
11-21 16:30:11.852 32009 32009 I SecureInputMethod_LatinKeyboard: other key code
11-21 16:30:11.866 32009 32009 I chatty  : uid=10084(com.huawei.secime) identical 159 lines
11-21 16:30:11.866 32009 32009 I SecureInputMethod_LatinKeyboard: other key code
11-21 16:30:11.867 32009 32009 D SecureInputMethod_LatinKeyboard: setShifted is shift = false
11-21 16:30:11.871 32009 32009 D SecureInputMethod_SoftKeyboard: onCreateInputView() mCurKeyboardType = 0
11-21 16:30:11.872  1778  1986 D HwActivityManagerServiceEx: notifyAppToTop pid:32009, enable:1
11-21 16:30:11.873  1778  1986 D HwActivityManagerServiceEx: notifyAppToTop pid:30858, enable:0
11-21 16:30:11.874 30858 30858 I RmeSchedManager: init Rme, version is: v1.0
11-21 16:30:11.885 32009 32009 I RmeSchedManager: init Rme, version is: v1.0
11-21 16:30:11.885 32009 32009 I RtgSchedEvent: current pid:32009 AppType:-1
11-21 16:30:11.900  1778  1820 I WindowManager: Exit animation finished in Window{b1f3cb1 u0 InputMethod EXITING}: remove=false
11-21 16:30:11.885 32009 32009 I RmeSchedManager: init Rme, version is: v1.0
11-21 16:30:11.901 32009 32009 I SecureInputMethod_Settings: manufactureId = 17040482
11-21 16:30:11.903 32009 32009 D SecureInputMethod_LatinKeyboardView: setKeyboard TYPE = 0
11-21 16:30:11.904 32009 32009 D SecureInputMethod_SoftKeyboard: onStartInputView mCurKeyboardType = 0 Editor_Type = 1
11-21 16:30:11.917 32009 32009 I SecureInputMethod_Settings: manufactureId = 17040482
11-21 16:30:11.928 32009 32009 D SecureInputMethod_LatinKeyboardView: setKeyboard TYPE = 0
11-21 16:30:11.928 32009 32009 D SecureInputMethod_LatinKeyboard: setShifted is shift = false
11-21 16:30:11.929 32009 32009 D SecureInputMethod_LatinKeyboardView: setKeyboard TYPE = 0
11-21 16:30:11.931  2527  3671 I PGServer: report state:10005 event type:1 pid:0 uid:0 pkg:null to pid: 2527
11-21 16:30:11.943 32009 32009 D MouseWheelSynthesizer: mMoveStepInDp: 64, mMoveStepInPixel: 192, mUpTimeDelayed: 100
11-21 16:30:11.944 32009 32009 D ViewRootImpl: ViewRootImpl mIsInProductivePCDisplay: false
11-21 16:30:11.945 32009 32009 D OpenGLRenderer: disableOutlineDraw is true
11-21 16:30:11.948 32009 32040 I OpenGLRenderer: RenderThread: progress name = [com.huawei.secime], viewCornerType = 0
11-21 16:30:11.951  2527 10922 I KStateManager: send binder call message, called pid:702, calling pid:[1778]
11-21 16:30:11.955  1778  1935 E WindowManager: App trying to use insecure INPUT_FEATURE_NO_INPUT_CHANNEL flag. Ignoring
11-21 16:30:11.959  1778  1935 I WindowManager: addWindow: Window{b390f05 u0 InputMethod} client:android.os.BinderProxy@b3b4131 currentDisplayId:0 requestDisplayId:0 token:android.os.Binder@abf1659
11-21 16:30:11.960 32009 32009 D InputEventReceiver: dispatchInputInterval 1000000
11-21 16:30:11.963  1778  1980 I chatty  : uid=1000(system) AlarmManager expire 3 lines
11-21 16:30:11.964  1778  1980 I ActivityManager: sendIntentSender target:PendingIntentRecord{b2e7239 android broadcastIntent}, intent:flg=0x4 hwFlg=0x810
11-21 16:30:11.965  1778  1980 E HwActivityTaskManagerServiceEx: isNeedInterceptStart isNeedInterceptAlarm getPackageUid exception
11-21 16:30:11.971 32009 32040 D OpenGLRenderer: disableOutlineDraw is true
11-21 16:30:11.973  2438  2680 D NpdcpAliveManager: ro.odm.npdcp_alive_cfg_enable is false
11-21 16:30:11.974  1778  1849 I PowerManagerService: handleSandman: wakefulness: 1,startDreaming: false
11-21 16:30:11.976 32009 32041 I HiTouch_HiTouchSensor: HiTouch restricted: Sub windows restricted.
11-21 16:30:11.976 32009 32041 D HiTouch_PressGestureDetector: onAttached, package=com.huawei.secime, windowType=2011, mIsHiTouchRestricted=true
11-21 16:30:11.981  4468  4468 I PushLog110112306: [main-1]action is com.huawei.push.alarm.HEARTBEAT
11-21 16:30:11.983  1778  3293 V BroadcastQueue: Finished with ordered broadcast BroadcastRecord{aaee809 u0 com.huawei.push.alarm.HEARTBEAT}
11-21 16:30:11.986  1778  1849 I PowerManagerService: handleSandman: wakefulness: 1,startDreaming: false
11-21 16:30:11.988  4468  4549 I PushLog110112306: [ReceiverDispatcher-203]heartbeatArrive, send heart beat
11-21 16:30:11.988  4468  4549 I PushLog110112306: [ReceiverDispatcher-203]enter AlarmTools:setExactAlarm(action:com.huawei.android.push.intent.HEARTBEAT_RSP_TIMEOUT interval:10000ms
11-21 16:30:11.988  4468  4549 I PushLog110112306: [ReceiverDispatcher-203]setExactAlarm expectTriggerTime:1669019421988
11-21 16:30:11.992  1778  1935 I HwWindowManagerServiceEx: Set SecureScreenShot by: Window{b390f05 u0 InputMethod}
11-21 16:30:11.992  1778  1935 I HwWindowManagerServiceEx: Set SecureScreenRecord by: Window{b390f05 u0 InputMethod}
11-21 16:30:12.001 32009 32009 D SecureInputMethod_SoftKeyboard: inputHeight:2090
11-21 16:30:12.002 32009 32040 I iGraphics: [0020080c] pn: com.huawei.secime, p: 32009
11-21 16:30:12.002 32009 32040 I iGraphics: [0030080c] no spt app: com.huawei.secime
11-21 16:30:12.005  1778  1817 D StatusBarManagerService: win:Window{af0245d u0 cn.missevan/cn.missevan.activity.MainActivity}mIsColorEnable:truelight:true
11-21 16:30:12.005  1778  1817 I StatusBarDisable: setFlags what=0 which=1 pkg=Window{af0245d u0 cn.missevan/cn.missevan.activity.MainActivity}
11-21 16:30:12.006  2204  6667 D HwCommandQueue: CommandQueue, set Launcher StatusBar Color
11-21 16:30:12.008  1778  1935 I WindowManager: dispatchResized : win = Window{af0245d u0 cn.missevan/cn.missevan.activity.MainActivity} drawState = HAS_DRAWN
11-21 16:30:12.008  1778  1935 I WindowManager: dispatchResized : win = Window{b390f05 u0 InputMethod} drawState = DRAW_PENDING
11-21 16:30:12.026  1778  1849 I PowerManagerService: handleSandman: wakefulness: 1,startDreaming: false
11-21 16:30:12.030 32009 32040 D mali_winsys: EGLint new_window_surface(egl_winsys_display *, void *, EGLSurface, EGLConfig, egl_winsys_surface **, EGLBoolean) returns 0x3000
11-21 16:30:12.031  4468  4549 I PushLog110112306: [ReceiverDispatcher-203] get charging true
11-21 16:30:12.031  4468  4549 I PushLog110112306: [ReceiverDispatcher-203]send msg to server:0x46, subCmdId:0xFF
11-21 16:30:12.036 32009 32009 I SecureInputMethod_LatinKeyboard: other key
11-21 16:30:12.039 32009 32009 I SecureInputMethod_LatinKeyboard: other key
11-21 16:30:12.039  4468 32054 I PushLog110112306: [IO-pool-thread-540-6397]No exceed campaign msg to display
11-21 16:30:12.039 32009 32009 I SecureInputMethod_LatinKeyboard: other key
11-21 16:30:12.059 32009 32009 I SecureInputMethod_LatinKeyboard: other key
11-21 16:30:12.085  4468  4549 I ent.PushServic: Explicit concurrent copying GC freed 50657(2175KB) AllocSpace objects, 40(1632KB) LOS objects, 76% free, 1905KB/8049KB, paused 1.005ms total 51.960ms
11-21 16:30:12.085   480   480 I hwservicemanager: getTransport: Cannot find entry android.hardware.graphics.mapper@3.0::IMapper/default in either framework or device manifest.
11-21 16:30:12.085  4468  4549 I PushLog110112306: [ReceiverDispatcher-203]call gc finished.
11-21 16:30:12.086 32009 32040 W Gralloc3: mapper 3.x is not supported
11-21 16:30:12.088  4468  4605 I PushLog110112306: [SocketRead_15:52:10-217]enter cancelAlarm(Action=com.huawei.android.push.intent.RESPONSE_FAIL
11-21 16:30:12.090  4468  4605 I PushLog110112306: [SocketRead_15:52:10-217]msg received from server:0x47, subCmdId:0xFF
11-21 16:30:12.090  4468  4605 I PushLog110112306: [SocketRead_15:52:10-217]enter cancelAlarm(Action=com.huawei.android.push.intent.HEARTBEAT_RSP_TIMEOUT
11-21 16:30:12.088  1778  1849 I PowerManagerService: handleSandman: wakefulness: 1,startDreaming: false
11-21 16:30:12.091  1778  1812 I AlarmManager: remove alarm:Alarm{b4558f3 type 0 when 1669019421988 PendingIntent{aa8c145: PendingIntentRecord{ad35965 android broadcastIntent}}android procName com.huawei.android.pushagent.PushService} according to operation:b36b055
11-21 16:30:12.097  4468  4605 I PushLog110112306: [SocketRead_15:52:10-217]enter adjustHeartBeat: findHeartBeat:true,RspTimeOut:false,beatInterval:300000,bestHBSuccessCount:0,range:[180000,300000]
11-21 16:30:12.097  4468  4605 I PushLog110112306: [SocketRead_15:52:10-217]judgeFindBestHB and isBestHBTimeOut: false, isOffset: false
11-21 16:30:12.103  4468  4605 I PushLog110112306: [SocketRead_15:52:10-217] get charging true
11-21 16:30:12.103  4468  4605 I PushLog110112306: [SocketRead_15:52:10-217]after delayHeartBeatReq, is charging, nextHeartBeatTime will be 180000ms later
11-21 16:30:12.103  4468  4605 I PushLog110112306: [SocketRead_15:52:10-217]enter AlarmTools:setExactAlarm(action:com.huawei.push.alarm.HEARTBEAT interval:180000ms
11-21 16:30:12.103  4468  4605 I PushLog110112306: [SocketRead_15:52:10-217]setExactAlarm expectTriggerTime:1669019592103
11-21 16:30:12.110  1778  1849 I PowerManagerService: handleSandman: wakefulness: 1,startDreaming: false
11-21 16:30:12.111  4468  4549 I PushLog110112306: [ReceiverDispatcher-203]enter AlarmTools:setInexactAlarm(action:com.huawei.action.push.intent.CHECK_CHANNEL_CYCLE interval:1200000ms
11-21 16:30:12.111  1778  1849 I PowerManagerService: handleSandman: wakefulness: 1,startDreaming: false
11-21 16:30:12.114  1778  1812 I AlarmManager: remove alarm:Alarm{b479cab type 1 when 1669020601653 PendingIntent{b4adcad: PendingIntentRecord{b2e7269 android broadcastIntent}}android procName com.huawei.android.pushagent.PushService} according to operation:b3ddced
11-21 16:30:12.119 32009 32040 D RtgSchedIpcFile: setCommandByIoctl failed ret:-1, cmdid:21, errno:100
11-21 16:30:12.119  1778  1849 I PowerManagerService: handleSandman: wakefulness: 1,startDreaming: false
11-21 16:30:12.120 32009 32009 I HwViewRootImpl: removeInvalidNode jank list is null
11-21 16:30:12.121 32009 32009 D RtgSchedIpcFile: setCommandByIoctl failed ret:-1, cmdid:22, errno:103
11-21 16:30:12.126  1778  1986 D HwActivityManagerServiceEx: notifyAppToTop pid:30858, enable:1
11-21 16:30:12.126  1778  1986 D HwActivityManagerServiceEx: notifyAppToTop pid:32009, enable:0
11-21 16:30:12.127 30858 30858 I RmeSchedManager: init Rme, version is: v1.0
11-21 16:30:12.128 30858 30858 I RtgSchedEvent: current pid:30858 AppType:7
11-21 16:30:12.130 32009 32009 I RmeSchedManager: init Rme, version is: v1.0
11-21 16:30:12.131 32009 32009 D SecureInputMethod_SoftKeyboard: inputHeight:2090
11-21 16:30:12.149 32009 32009 D SecureInputMethod_SoftKeyboard: inputHeight:2090
11-21 16:30:12.163  1160  1420 W ScreemCommon: ProcessEntry, not beta version or commercial log off
11-21 16:30:12.662   881   881 I aptouch_daemon: filter_touch_detect, down, in: 1, out: 1
11-21 16:30:12.670 32009 32009 I Hwaps   : APS: EventAnalyzed: initAPS: version is 11.0.0.4
11-21 16:30:12.671   699   724 I PF_FREQ_GRP: [RecordLimitCmd:72] [CPU_L] end limit freq 1690000 ~ 1844000
11-21 16:30:12.671   699   725 I PF_FREQ_GRP: [RecordLimitCmd:72] [CPU_B] end limit freq 1863000 ~ 2362000
11-21 16:30:12.671 32009 32009 D Hwaps   : Fpsrequest create,type:EXACTLY_IDENTIFY
11-21 16:30:12.671 32009 32009 D Hwaps   : Fpsrequest create,type:EXACTLY_IDENTIFY
11-21 16:30:12.671 32009 32009 D Hwaps   : Fpsrequest create,type:OPENGL_SETTING
11-21 16:30:12.671 32009 32009 D Hwaps   : FpsController create
11-21 16:30:12.674 32009 32009 D Hwaps   : APS: EventAnalyzed: reInitFpsPara :mBaseFps = 60; mMaxFps = 60
11-21 16:30:12.674  1778  1849 I PowerManagerService: handleSandman: wakefulness: 1,startDreaming: false
11-21 16:30:12.675 32009 32009 D SecureInputMethod_LatinKeyboardView: computeProximityThreshold length = 44 demens = 4806
11-21 16:30:12.679 32009 32009 D MouseWheelSynthesizer: mMoveStepInDp: 64, mMoveStepInPixel: 192, mUpTimeDelayed: 100
11-21 16:30:12.680 32009 32009 D ViewRootImpl: ViewRootImpl mIsInProductivePCDisplay: false
11-21 16:30:12.684  1778  2558 I WindowManager: Adding Window{aec5409 u0 PopupWindow:da6e0c3} to Window{b390f05 u0 InputMethod}
11-21 16:30:12.686  1778  2558 E WindowManager: App trying to use insecure INPUT_FEATURE_NO_INPUT_CHANNEL flag. Ignoring
11-21 16:30:12.687  1778  2558 I WindowManager: addWindow: Window{aec5409 u0 PopupWindow:da6e0c3} client:android.os.BinderProxy@ae843f5 currentDisplayId:0 requestDisplayId:0 token:android.os.BinderProxy@b3b4131
11-21 16:30:12.688 32009 32009 D InputEventReceiver: dispatchInputInterval 1000000
11-21 16:30:12.692 32009 32009 I SecureInputMethod_LatinKeyboard: other key
11-21 16:30:12.694 32009 32040 D OpenGLRenderer: disableOutlineDraw is true
11-21 16:30:12.699 32009 32009 D SecureInputMethod_LatinKeyboardView: computeProximityThreshold length = 44 demens = 4806
11-21 16:30:12.712 32009 32040 D mali_winsys: EGLint new_window_surface(egl_winsys_display *, void *, EGLSurface, EGLConfig, egl_winsys_surface **, EGLBoolean) returns 0x3000
11-21 16:30:12.727   881   881 I aptouch_daemon: filter_touch_detect, all_touch_up
11-21 16:30:12.734 32009 32009 D SecureInputMethod_SoftKeyboard: inputHeight:2090
11-21 16:30:12.742 32009 32009 D SecureInputMethod_LatinKeyboardView: computeProximityThreshold length = 44 demens = 4806
11-21 16:30:12.744 32009 32009 W HwApsManager: HwApsManagerService, registerCallback, start !
11-21 16:30:12.745  1778  2558 I HwApsManagerConfig: registerCallbackLocked success, pkgName:com.huawei.secime, callback_count:25
11-21 16:30:12.745  1778  2558 I HwApsManagerConfig: doCallbackAtFirstRegisterLocked, start ! pkgName:com.huawei.secime
11-21 16:30:12.746 32009 32009 D Hwaps   : APS: EventAnalyzed: registerCallbackInApsManagerService, mPkgName:com.huawei.secime; result = true
11-21 16:30:12.746 32009 32009 D SecureInputMethod_LatinKeyboardView: computeProximityThreshold length = 44 demens = 4806
11-21 16:30:12.747 32009 32009 I SecureInputMethod_LatinKeyboard: other key
11-21 16:30:12.750   699   724 I PF_FREQ_GRP: [RecordLimitCmd:68] [CPU_L] start limit freq 509000 ~ 1690000
11-21 16:30:12.751   699   725 I PF_FREQ_GRP: [RecordLimitCmd:68] [CPU_B] start limit freq 682000 ~ 1652000
11-21 16:30:12.751   699   725 W PF_SYS_WRAPPER: [SysOpenAndWriteStr:87] [CPU_B] 1652000 write to /sys/devices/system/cpu/cpu4/cpufreq/scaling_max_freq failed, errno=22 (Invalid argument)
11-21 16:30:12.760 32009 32009 D SecureInputMethod_LatinKeyboard: setShifted is shift = false
11-21 16:30:12.760 32009 32009 I SecureInputMethod_LatinKeyboard: other key
11-21 16:30:12.762 32009 32009 D SecureInputMethod_SoftKeyboard: inputHeight:2090
11-21 16:30:12.762  1778  2034 I ConnectivityService: handlePromptUnvalidated 138
11-21 16:30:12.762  1778  2034 I ConnectivityService: explicitlySelected:false , acceptUnvalidated:false
11-21 16:30:12.768 32009 32009 D SecureInputMethod_SoftKeyboard: onUpdateSelection
11-21 16:30:12.770  1778  1820 D HwAppTransitionImpl: windowAnimations = 0 dose not come from system, not to override it.
11-21 16:30:12.772  1778  1820 I WindowManager: dispatchResized : win = Window{aec5409 u0 PopupWindow:da6e0c3} drawState = HAS_DRAWN
11-21 16:30:12.827   703   703 D AudioPolicyService: getUidState(10066) cacheIter->second.first, return cacheIter->second.second(6)
11-21 16:30:12.869   881   881 I aptouch_daemon: filter_touch_detect, down, in: 1, out: 1
11-21 16:30:12.875   699   724 I PF_FREQ_GRP: [RecordLimitCmd:72] [CPU_L] end limit freq 1690000 ~ 1844000
11-21 16:30:12.875   699   725 I PF_FREQ_GRP: [RecordLimitCmd:72] [CPU_B] end limit freq 1863000 ~ 2362000
11-21 16:30:12.877  1778  1849 I PowerManagerService: handleSandman: wakefulness: 1,startDreaming: false
11-21 16:30:12.882 32009 32009 D SecureInputMethod_LatinKeyboardView: computeProximityThreshold length = 44 demens = 4806
11-21 16:30:12.883 32009 32009 I SecureInputMethod_LatinKeyboard: other key
11-21 16:30:12.899 32009 32009 D SecureInputMethod_LatinKeyboardView: computeProximityThreshold length = 44 demens = 4806
11-21 16:30:12.912 32009 32009 D SecureInputMethod_SoftKeyboard: inputHeight:2090
11-21 16:30:12.919 32009 32009 D SecureInputMethod_LatinKeyboardView: computeProximityThreshold length = 44 demens = 4806
11-21 16:30:12.932 32009 32009 D SecureInputMethod_LatinKeyboardView: computeProximityThreshold length = 44 demens = 4806
11-21 16:30:12.943   881   881 I aptouch_daemon: filter_touch_detect, all_touch_up
11-21 16:30:12.945 32009 32009 D SecureInputMethod_LatinKeyboardView: computeProximityThreshold length = 44 demens = 4806
11-21 16:30:12.948 32009 32009 D SecureInputMethod_LatinKeyboardView: computeProximityThreshold length = 44 demens = 4806
11-21 16:30:12.949 32009 32009 I SecureInputMethod_LatinKeyboard: other key
11-21 16:30:12.954   699   725 I PF_FREQ_GRP: [RecordLimitCmd:68] [CPU_B] start limit freq 682000 ~ 1652000
11-21 16:30:12.954   699   724 I PF_FREQ_GRP: [RecordLimitCmd:68] [CPU_L] start limit freq 509000 ~ 1690000
11-21 16:30:12.955   699   725 W PF_SYS_WRAPPER: [SysOpenAndWriteStr:87] [CPU_B] 1652000 write to /sys/devices/system/cpu/cpu4/cpufreq/scaling_max_freq failed, errno=22 (Invalid argument)
11-21 16:30:12.955 32009 32009 D SecureInputMethod_LatinKeyboard: setShifted is shift = false
11-21 16:30:12.955 32009 32009 I SecureInputMethod_LatinKeyboard: other key
11-21 16:30:12.958 32009 32009 D SecureInputMethod_SoftKeyboard: inputHeight:2090
11-21 16:30:12.966 32009 32009 D SecureInputMethod_SoftKeyboard: onUpdateSelection
11-21 16:30:12.996  2438  2680 D NpdcpAliveManager: ro.odm.npdcp_alive_cfg_enable is false
11-21 16:30:13.023 32009 32009 I SecureInputMethod_LatinKeyboardView: removePopupView
11-21 16:30:13.085   881   881 I aptouch_daemon: filter_touch_detect, down, in: 1, out: 1
11-21 16:30:13.094 32009 32009 D SecureInputMethod_LatinKeyboardView: computeProximityThreshold length = 44 demens = 4806
11-21 16:30:13.095   699   724 I PF_FREQ_GRP: [RecordLimitCmd:72] [CPU_L] end limit freq 1690000 ~ 1844000
11-21 16:30:13.095   699   725 I PF_FREQ_GRP: [RecordLimitCmd:72] [CPU_B] end limit freq 1863000 ~ 2362000
11-21 16:30:13.096  1778  1849 I PowerManagerService: handleSandman: wakefulness: 1,startDreaming: false
11-21 16:30:13.097 32009 32009 I SecureInputMethod_LatinKeyboard: other key
11-21 16:30:13.110 32009 32009 D SecureInputMethod_SoftKeyboard: inputHeight:2090
11-21 16:30:13.120  1778  2145 I chatty  : uid=1000(system) HwDualBandState expire 17 lines
11-21 16:30:13.121  1778 11458 D HwConnectivityServiceEx: set 1000 wlan0 value false
11-21 16:30:13.121 32009 32009 D SecureInputMethod_LatinKeyboardView: computeProximityThreshold length = 44 demens = 4806
11-21 16:30:13.124  1778 11458 I chatty  : uid=1000(system) MobileQosDetect expire 17 lines
11-21 16:30:13.132 32009 32009 D SecureInputMethod_LatinKeyboardView: computeProximityThreshold length = 44 demens = 4806
11-21 16:30:13.149 32009 32009 D SecureInputMethod_LatinKeyboardView: computeProximityThreshold length = 44 demens = 4806
11-21 16:30:13.160   881   881 I aptouch_daemon: filter_touch_detect, all_touch_up
11-21 16:30:13.162 32009 32009 D SecureInputMethod_LatinKeyboardView: computeProximityThreshold length = 44 demens = 4806
11-21 16:30:13.162 32009 32009 I SecureInputMethod_LatinKeyboard: other key
11-21 16:30:13.165 32009 32009 D SecureInputMethod_LatinKeyboard: setShifted is shift = false
11-21 16:30:13.165 32009 32009 I SecureInputMethod_LatinKeyboard: other key
11-21 16:30:13.166 32009 32009 D SecureInputMethod_SoftKeyboard: inputHeight:2090
11-21 16:30:13.172 32009 32009 D SecureInputMethod_SoftKeyboard: onUpdateSelection
11-21 16:30:13.174   699   725 I PF_FREQ_GRP: [RecordLimitCmd:68] [CPU_B] start limit freq 682000 ~ 1652000
11-21 16:30:13.174   699   724 I PF_FREQ_GRP: [RecordLimitCmd:68] [CPU_L] start limit freq 509000 ~ 1690000
11-21 16:30:13.174   699   725 W PF_SYS_WRAPPER: [SysOpenAndWriteStr:87] [CPU_B] 1652000 write to /sys/devices/system/cpu/cpu4/cpufreq/scaling_max_freq failed, errno=22 (Invalid argument)
11-21 16:30:13.237 32009 32009 I SecureInputMethod_LatinKeyboardView: removePopupView
