11-16 15:45:03.145  2010  2634 D HwGameAssistantController: UPDATE: mCurFgPkg=cn.missevan, mCurFgPid=6611, mIsCurGame=false
11-16 15:45:03.145  4667  5324 I Hicom_XEngineProc: handleForegroundAppChanged pkgName = cn.missevan
11-16 15:45:03.145  4297  4981 D ScenarioService: front pkg : cn.missevan launcher: false
11-16 15:45:03.145  4297  4981 D ScenarioService: new above launcher front pkgs: [cn.missevan]
11-16 15:45:03.146  4297  4981 I AppsUsage: scnOff:false FgAPP:cn.missevan BgAPP:com.huawei.android.launcher
11-16 15:45:03.146  4667  5324 I Hicom_XEngineProc: handleForegroundAppChanged. app is not in game space
11-16 15:45:03.146  4667  6426 I Hicom_MessageServ: sendMessageInternal: MESSAGE_FOREGROUND_ACTIVITY_CHANGED
11-16 15:45:03.146  4297  5325 I PG_ash  : front pkg : cn.missevan
11-16 15:45:03.146  4667  5324 I Hicom_AppLifeCycle: sAppAllSocketClosed NOT contain: 10096
11-16 15:45:03.146  4667  5324 D Hicom_PolicyCenter: last app not enabled
11-16 15:45:03.146  4667  5324 I Hicom_PolicyCenter: mCurrentForegroundUid is not policy exist
11-16 15:45:03.146  4667  5324 I Hicom_PolicyCenter: handleForegroundAppChanged. curPkgName: cn.missevan, lastPkgName: com.huawei.android.launcher, curPkgUid: 10231, lastPkgUid: 10096
11-16 15:45:03.146  4667  5324 I Hicom_NearMpAptDecisionSystem: curApp and lastApp enabled status is the same
11-16 15:45:03.146  4667  5324 I Hicom_MessageServ: handleMessage: MESSAGE_FOREGROUND_ACTIVITY_CHANGED, distributing for + 3 handlers
11-16 15:45:03.146  4297  5488 I PGServer: report state:10010 event type:2 pid:0 uid:0 pkg:com.huawei.android.launcher to pid: 4297
11-16 15:45:03.146  4297  5488 I SceneReceiver: state type: 10010 eventType:2 pid:0 uid:0 pkg:com.huawei.android.launcher
11-16 15:45:03.146  4297  5488 I PGServer: report state:10010 event type:2 pid:0 uid:0 pkg:com.huawei.android.launcher to pid: 2010
11-16 15:45:03.146  4297  5488 I PGServer: report state:10010 event type:2 pid:0 uid:0 pkg:com.huawei.android.launcher to pid: 4667
11-16 15:45:03.146  4297  5488 I PGServer: report state:10000 event type:1 pid:0 uid:0 pkg:cn.missevan to pid: 4297
11-16 15:45:03.146  4297  5488 I ApsAppsTypeHandler: APS: APK: ApsAppsTypeHandler.getInstance, sInstance = com.huawei.android.hwaps.o@544e24c
11-16 15:45:03.146  4297  5488 I SceneReceiver: state type: 10000 eventType:1 pid:0 uid:0 pkg:cn.missevan
11-16 15:45:03.146  4297  5488 I PGServer: report state:10000 event type:1 pid:0 uid:0 pkg:cn.missevan to pid: 2010
11-16 15:45:03.147  4297  5488 I PGServer: report state:10000 event type:1 pid:0 uid:0 pkg:cn.missevan to pid: 4667
11-16 15:45:03.147  2010  6387 I TaskSnapshot: taskId:110 Callers=com.android.server.wm.TaskSnapshotCache.removeRunningEntry:5308388 com.android.server.wm.TaskSnapshotCache.onTaskRemoved:4731464 com.android.server.wm.TaskSnapshotController.notifyTaskRemovedFromRecents:4731932 com.android.server.wm.WindowManagerService.notifyTaskRemovedFromRecents:4733284 com.android.server.wm.TaskRecord.removedFromRecents:4745536 com.android.server.wm.ActivityStackSupervisor.onRecentTaskRemoved:4741660 com.android.server.wm.RecentTasks.notifyTaskRemoved:4741932 com.android.server.wm.RecentTasks.removeForAddTask:4354744
11-16 15:45:03.147  2010  6388 I DE J DES: [effect] Pg pkg:cn.missevan
11-16 15:45:03.147  4297  5292 I PGServer: checkPkgType. calling pkg: android
11-16 15:45:03.147   744  1423 I hisi_effect: SetEffectInfo:367: modules=20 dispPanelId=0
11-16 15:45:03.147 19377  6634 I HiAdKit.KitStatisticsReport:  do not report kit daily active
11-16 15:45:03.149  2010  2624 I WindowManager: performshow Window{10b8d05 u0 Splash Screen cn.missevan} tok.waitingToShow=true isTransitionSet=true parentHidden=false vis=0 tok.hidden=true hasSurface=true policyVis=true destroying=false animating=true
11-16 15:45:03.150  2010  2624 I WindowManager: Checking 1 opening apps (frozen=false timeout=false)...
11-16 15:45:03.150  2010  2624 I WindowManager: Check opening app=AppWindowToken{13e14b1 token=Token{13d1659 ActivityRecord{1354a48 u0 cn.missevan/.activity.MainActivity t111}}}: allDrawn=false startingDisplayed=true startingMoved=false isRelaunching()=false startingWindow=Window{10b8d05 u0 Splash Screen cn.missevan}
11-16 15:45:03.150  2010  2624 I WindowManager: Checking 0 opening apps (frozen=false timeout=false)...
11-16 15:45:03.150  2010  2624 I WindowManager: send SET_LAUNCHER_VISIBLE_IN_FINGER_BOOST visible: true,delay:0, handle:true, userId:0, callingPid: 2010
11-16 15:45:03.150  2010  2624 D WindowManager: setActivityVisibleInFingerBoostInner fit:true record:ActivityRecord{1367cc6 u0 com.huawei.android.launcher/.unihome.UniHomeLauncher t1} isInWallpaperEffect:false, callingPid: 2010
11-16 15:45:03.150  2010  2624 I HwWindowManagerServiceEx: closing apps count = 1
11-16 15:45:03.150   882  2861 I aptouch_daemon: get_cmd, power_time
11-16 15:45:03.150  6611  6630 I ActivityThread: Init compatible state: true
11-16 15:45:03.150   882  2861 I aptouch_daemon: excute_cmd_end, cmd: power_time.
11-16 15:45:03.150   747   747 I aptouch_daemon, [aptouch_interface_client]: ret = ap:core:active:4355019+idle:29050314#side:active:0+idle:0#
11-16 15:45:03.150  6611  6630 D HwFrameworkSecurityPartsFactory: HwFrameworkSecurityPartsFactory in.
11-16 15:45:03.151  6611  6630 I HwFrameworkSecurityPartsFactory: add HwFrameworkSecurityPartsFactory to memory.
11-16 15:45:03.151  6611  6630 D BehaviorCollectManager: hook process for AI virus second
11-16 15:45:03.151  2010  2624 D HwWindowManagerServiceEx: is app exit to launcher info: transit = 12, app = AppWindowToken{1348121 token=Token{1303254 ActivityRecord{1367cc6 u0 com.huawei.android.launcher/.unihome.UniHomeLauncher t1}}}, window = Window{107e7ad u0 com.huawei.android.launcher/com.huawei.android.launcher.unihome.UniHomeLauncher}, mClosingApps = {AppWindowToken{1348121 token=Token{1303254 ActivityRecord{1367cc6 u0 com.huawei.android.launcher/.unihome.UniHomeLauncher t1}}}}, topOpeningApp = AppWindowToken{13e14b1 token=Token{13d1659 ActivityRecord{1354a48 u0 cn.missevan/.activity.MainActivity t111}}}, mExitIconBitmap = null, mExitIconHeight = -1, mExitIconWidth = -1
11-16 15:45:03.151  2010  2624 E WindowManager: icon is null!!
11-16 15:45:03.151  6611  6630 I BehaviorCollectManager: bindAnalyzerService: huawei.android.security.IAppBehaviorDataAnalyzer$Stub$Proxy@93d5c08 pid:6611
11-16 15:45:03.153  2010  2624 V WindowManager: commitVisibility: AppWindowToken{1348121 token=Token{1303254 ActivityRecord{1367cc6 u0 com.huawei.android.launcher/.unihome.UniHomeLauncher t1}}}: hidden=true hiddenRequested=true
11-16 15:45:03.153  2010  2624 E WindowManager: icon is null!!
11-16 15:45:03.153  4297 10342 E AwareLog: CloudPushManagerNRT: mCloudFeatureInfoMap is null.
11-16 15:45:03.153  2010  2624 D HwWindowManagerServiceEx: is app exit to launcher info: transit = 12, app = AppWindowToken{13e14b1 token=Token{13d1659 ActivityRecord{1354a48 u0 cn.missevan/.activity.MainActivity t111}}}, window = null, mClosingApps = {AppWindowToken{1348121 token=Token{1303254 ActivityRecord{1367cc6 u0 com.huawei.android.launcher/.unihome.UniHomeLauncher t1}}}}, topOpeningApp = AppWindowToken{13e14b1 token=Token{13d1659 ActivityRecord{1354a48 u0 cn.missevan/.activity.MainActivity t111}}}, mExitIconBitmap = null, mExitIconHeight = -1, mExitIconWidth = -1
11-16 15:45:03.154  2010  2624 D HwWindowManagerServiceEx: rogWidth = 1176rogHeight = 2400, defaultWidth = 1176,size = 54,resolutionSize =54
11-16 15:45:03.154  2010  2624 D HwWindowManagerServiceEx: getCrossAppTransitAnimRoundCornerRadius radius 54.0
11-16 15:45:03.154  6611  6611 D ApplicationLoaders: createClassLoader zip: /system/framework/org.apache.http.legacy.jar librarySearchPath: /data/app/cn.missevan-FedeLrCpwXuVCodTxv8LaQ==/lib/arm64:/data/app/cn.missevan-FedeLrCpwXuVCodTxv8LaQ==/base.apk!/lib/arm64-v8a libraryPermittedPath: /data/user/0/cn.missevan parent: java.lang.BootClassLoader@fa80f32 targetSdkVersion: 28 isBundled: false classLoaderName: null sharedLibraries: null
11-16 15:45:03.155  2010  2624 V WindowManager: commitVisibility: AppWindowToken{13e14b1 token=Token{13d1659 ActivityRecord{1354a48 u0 cn.missevan/.activity.MainActivity t111}}}: hidden=false hiddenRequested=false
11-16 15:45:03.155  6611  6611 I cn.missevan: The ClassLoaderContext is a special shared library.
11-16 15:45:03.157  6611  6611 D ApplicationLoaders: createClassLoader zip: /data/app/cn.missevan-FedeLrCpwXuVCodTxv8LaQ==/base.apk librarySearchPath: /data/app/cn.missevan-FedeLrCpwXuVCodTxv8LaQ==/lib/arm64:/data/app/cn.missevan-FedeLrCpwXuVCodTxv8LaQ==/base.apk!/lib/arm64-v8a libraryPermittedPath: /data/user/0/cn.missevan parent: java.lang.BootClassLoader@fa80f32 targetSdkVersion: 28 isBundled: false classLoaderName: null sharedLibraries: [dalvik.system.PathClassLoader[DexPathList[[zip file "/system/framework/org.apache.http.legacy.jar"],nativeLibraryDirectories=[/data/app/cn.missevan-FedeLrCpwXuVCodTxv8LaQ==/lib/arm64, /data/app/cn.missevan-FedeLrCpwXuVCodTxv8LaQ==/base.apk!/lib/arm64-v8a, /system/lib64, /hw_product/lib64, /system/product/lib64]]]]
11-16 15:45:03.158  2010  2621 D StatusBarManagerService: win:Window{10b8d05 u0 Splash Screen cn.missevan}mIsColorEnable:truelight:false
11-16 15:45:03.158  2010  2621 I StatusBarDisable: setFlags what=0 which=1 pkg=Window{10b8d05 u0 Splash Screen cn.missevan}
11-16 15:45:03.158  4088 23004 D HwCommandQueue: CommandQueue, set Launcher StatusBar Color
11-16 15:45:03.160  4297  4981 I ScenarioService: app focus change from: com.huawei.android.launcher to:cn.missevan
11-16 15:45:03.160  4297  4981 I ScenarioService: add focus on app:cn.missevan to visiblePkgs
11-16 15:45:03.163  2010  2623 W         : Failed to UpdateQosForCgroupInner, tid=0, policy=10
11-16 15:45:03.163  2010  2623 I WindowManager: handle SET_LAUNCHER_VISIBLE_IN_FINGER_BOOST visible:true handle:trueuserId:0, currentUserId:0
11-16 15:45:03.164  2010  2623 D WindowManager: setLauncherVisibleInFingerBoost record=ActivityRecord{1367cc6 u0 com.huawei.android.launcher/.unihome.UniHomeLauncher t1}
11-16 15:45:03.164  2010  2623 I WindowManager: setLauncherVisible setAlpha to 1.0
11-16 15:45:03.164  2010  2623 D WindowManager: setLauncherVisible wallpaperScale=false
11-16 15:45:03.164  2010  2623 D WindowManager: WS setWallpaperScale return, wallpaper no need to recover
11-16 15:45:03.164   744  1423 I hisi_effect: SetEffectInfo:367: modules=20 dispPanelId=0
11-16 15:45:03.165  6611  6630 I HwApiCacheMangerEx: apicache path=/storage/emulated/0 state=mounted key=cn.missevan#10231#256
11-16 15:45:03.165  6611  6630 I HwApiCacheMangerEx: need clear apicache,because volumes changed,oldCnt=0 newCnt=1
11-16 15:45:03.165  6611  6630 I HwApiCacheMangerEx: apicache path=/storage/emulated/0 state=mounted key=cn.missevan#10231#0
11-16 15:45:03.165  6611  6630 I HwApiCacheMangerEx: need clear apicache,because volumes changed,oldCnt=1 newCnt=1
11-16 15:45:03.166  2010  2786 D HwActivityManagerServiceEx: notifyAppToTop pid:6611, enable:1
11-16 15:45:03.166  2010  2786 W AwareLog: SchedLevelBoost: onFgActivitiesChanged config not set!
11-16 15:45:03.166  6611  6628 I HwPartIawareFactory: add android.common.HwPartIawareFactoryImpl to memory.
11-16 15:45:03.168   765  8801 D AudioPolicyService: getUidState(10231) !cacheIter->second.first, return PROCESS_STATE_UNKNOWN
11-16 15:45:03.168  2010  4177 D HwNetworkManagementService: code == CODE_SET_CHR_REPORT_APP_LIST
11-16 15:45:03.168   681 15256 I OemNetd : setChrAppUid(10, 10231)
11-16 15:45:03.169  2010  4177 I HwNetworkManagementService: chr appuid set succeeded
11-16 15:45:03.169   765  8801 D AudioPolicyService: getUidState(10231) cacheIter->second.first, return cacheIter->second.second(-1)
11-16 15:45:03.171  4667  5324 I Hicom_Monitor: notifyAppStarted: uid = 10231
11-16 15:45:03.171  4667  5324 E Hicom_AbmConfigParser: getAbmSwitchStatus, appPackageName is not in map
11-16 15:45:03.171  4667  5324 I UctpAppMonitor: handleAppStarted: pkgName is cn.missevan mIsNeedToOpen is false
11-16 15:45:03.171  4667  5324 I Hicom_MessageServ: sendMessageInternal: MESSAGE_APP_STARTED
11-16 15:45:03.171  4667  5324 I AppStatisticProc: handleAppStarted: basic instance is null, return
11-16 15:45:03.171  4667  5324 I Hicom_MessageServ: handleMessage: MESSAGE_APP_STARTED, distributing for + 1 handlers
11-16 15:45:03.171  4667  5324 I Hicom_PolicyCenterCoreService: callRelateHandler: MESSAGE_APP_STARTED, distributing...
11-16 15:45:03.171  4667  5324 I Hicom_PolicyCenterBaseSystem: handleAppStartedBase: class name: com.huawei.systemserver.emcom.policycenter.policycenterservice.decisionsystem.MpAptDecisionSystem
11-16 15:45:03.171  4667  5324 D Hicom_PolicyCenterBaseSystem: checkMpInfoValid. multipathPolicy is null for: cn.missevan
11-16 15:45:03.171  4667  5324 I Hicom_PolicyCenterBaseSystem: handleAppStartedBase: class name: com.huawei.systemserver.emcom.policycenter.policycenterservice.decisionsystem.NearMpAptDecisionSystem
11-16 15:45:03.171  4667  5324 E Hicom_XEngineProc: isSupportNearMp. switch disabled
11-16 15:45:03.171  4667  5324 I Hicom_MessageServ: sendMessageInternal: null
11-16 15:45:03.171  4667  5324 I Hicom_PolicyCenterBaseSystem: handleAppStartedBase: class name: com.huawei.systemserver.emcom.policycenter.policycenterservice.decisionsystem.MpFlowDecisionSystem
11-16 15:45:03.171  4667  5324 I Hicom_PolicyCenterBaseSystem: handleAppStartedBase: class name: com.huawei.systemserver.emcom.policycenter.policycenterservice.decisionsystem.ExternalMpDecisionSystem
11-16 15:45:03.171  4667  5324 I Hicom_PolicyCenterBaseSystem: handleAppStartedBase: class name: com.huawei.systemserver.emcom.policycenter.policycenterservice.decisionsystem.MpHttpDecisionSystem
11-16 15:45:03.171  4667  5324 D Hicom_PolicyCenterBaseSystem: checkMpInfoValid. multipathPolicy is null for: cn.missevan
11-16 15:45:03.171  4667  5324 I Hicom_PolicyCenterBaseSystem: handleAppStartedBase: class name: com.huawei.systemserver.emcom.policycenter.policycenterservice.decisionsystem.mplinksubsystem.MpLinkDecisionSystem
11-16 15:45:03.171  4667  5324 I Hicom_MessageServ: handleMessage: null, distributing for + 1 handlers
11-16 15:45:03.172  2010  4177 I HwNetworkPolicy: onTransact, code = 203
11-16 15:45:03.173  4439  4643 I HwNetworkPolicyManager: getHwUidPolicy uid = 10231 policy = 0
11-16 15:45:03.180  6611  6630 I AwareBitmapCacher: init processName:cn.missevan pid=6611 uid=10231
11-16 15:45:03.180  6611  6644 E AwareLog: AtomicFileUtils: readFileLines file not exist: android.util.AtomicFile@75ec723
11-16 15:45:03.184  6611  6611 I HwApiCacheMangerEx: apicache path=/storage/emulated/0 state=mounted key=cn.missevan#10231#256
11-16 15:45:03.184  6611  6611 I HwApiCacheMangerEx: need clear apicache,because volumes changed,oldCnt=1 newCnt=1
11-16 15:45:03.197   744  1423 I hisi_effect: SetEffectInfo:367: modules=20 dispPanelId=0
11-16 15:45:03.198  6611  6611 I StubController: system app validUid:10231, isFriend:false
11-16 15:45:03.199  2010  6453 V ActivityManager: Successfully start provider ContentProviderRecord{127f036 u0 com.android.providers.settings/.hwext.HwSettingsProvider} launchingApp=null caller pid= 6611
11-16 15:45:03.208  1025  4364 D ITouchService: itouch stylusCurrentPkgName = cn.missevan lastOneFramePkgName =
11-16 15:45:03.208  1025  4364 D ITouchService: itouch currentPackageName = cn.missevan
11-16 15:45:03.208  1025  4364 D ITouchService: itouch appType=7 appState=1 gameMode=2
11-16 15:45:03.208  1025  4364 D ITouchService: itouchReaderMonitor empty
11-16 15:45:03.208  1025  4364 D ITouchService: g_itouch_reader_monitor Monitor::IsReaderMonitorEnable()=0
11-16 15:45:03.208  1025  4364 D ITouchService: itouch getCurrentParmID tempPkg=cn.xxx
11-16 15:45:03.208  1025  4364 D ITouchService: itouch:app cn.missevan is  not game app
11-16 15:45:03.208  1025  4364 D ITouchService: itouch:app cn.missevan is  not in StylusPenList
11-16 15:45:03.208  1025  4364 D ITouchService: itouch:styluspen_switch is disable
11-16 15:45:03.208  1025  4364 D ITouchService: itouch:currentAppTypeName =|MUSIC|
11-16 15:45:03.210  9372 18664 I HwLauncher: LocalTaskList loadTasksInBackground:3 numTasks:3 currentUserId:0
11-16 15:45:03.210  2010  4177 I HwAudioService: now type = 28,reportForegroundAppType = 7systemload = 28VOIP_OPTIMIZE_IN_GAMEMODEfalse
11-16 15:45:03.231   744  1423 I hisi_effect: SetEffectInfo:367: modules=20 dispPanelId=0
11-16 15:45:03.231  6611  6611 W pool-3-thread-1: type=1400 audit(0.0:76829): avc: denied { read } for pid=6611 name="version" dev="proc" ino=4026532191 scontext=u:r:untrusted_app_27:s0:c231,c256,c512,c768 tcontext=u:object_r:proc_version:s0 tclass=file permissive=0
11-16 15:45:03.242   505   505 E SELinux : avc:  denied  { find } for interface=vendor.huawei.hardware.sensors::ISensors sid=u:r:untrusted_app_27:s0:c231,c256,c512,c768 pid=6611 scontext=u:r:untrusted_app_27:s0:c231,c256,c512,c768 tcontext=u:object_r:default_hisi_hwservice:s0 tclass=hwservice_manager permissive=0
11-16 15:45:03.257   740 27086 I AudioModuleManager: [AudioModuleGetParameters:71]: list size: 13
11-16 15:45:03.257   740 27086 I audio_hw_usbaudio_hw: [get_typec_parameters:587]: check show hires (false)
11-16 15:45:03.257  2010  3903 I HwAudioServiceEx: HwAudioHandlerEx receive unknown msg
11-16 15:45:03.259   740 27086 I AudioModuleManager: [AudioModuleGetParameters:71]: list size: 13
11-16 15:45:03.259   740 27086 I audio_hw_usbaudio_hw: [get_typec_parameters:587]: check show hires (false)
11-16 15:45:03.262  4297  4981 I ScenarioService: refresh visibleApp:[cn.missevan]
11-16 15:45:03.262  4297  4981 I PGServer: report state:14 event type:1 pid:-1 uid:-1 pkg:cn.missevan to pid: 4297
11-16 15:45:03.262  4297  4981 I ApsAppsTypeHandler: APS: APK: ApsAppsTypeHandler.getInstance, sInstance = com.huawei.android.hwaps.o@544e24c
11-16 15:45:03.262  4297  4981 I PF_API_JNI: ACCKIT_APS_NotifyInfo 3: cn.missevan
11-16 15:45:03.262   766   766 D ACCKIT_ : pack:"cn.missevan"
11-16 15:45:03.262  4297  5325 I PG_ash  : com.huawei.android.launcher become invisible
11-16 15:45:03.263  6611  6665 I HwApiCacheMangerEx: apicache path=/storage/emulated/0 state=mounted key=cn.missevan#10231#0
11-16 15:45:03.263   740 27086 I AudioModuleManager: [AudioModuleGetParameters:71]: list size: 13
11-16 15:45:03.263   740 27086 I audio_hw_usbaudio_hw: [get_typec_parameters:587]: check show hires (false)
11-16 15:45:03.263  6611  6665 I HwApiCacheMangerEx: need clear apicache,because volumes changed,oldCnt=1 newCnt=1
11-16 15:45:03.264  6611  6665 I HwApiCacheMangerEx: apicache path=/storage/emulated/0 state=mounted key=cn.missevan#10231#256
11-16 15:45:03.264  6611  6665 I HwApiCacheMangerEx: need clear apicache,because volumes changed,oldCnt=1 newCnt=1
11-16 15:45:03.265   744  1423 I hisi_effect: SetEffectInfo:367: modules=20 dispPanelId=0
11-16 15:45:03.265  6611  6611 I HwApiCacheMangerEx: apicache path=/storage/emulated/0 state=mounted key=cn.missevan#10231#0
11-16 15:45:03.265  6611  6611 I HwApiCacheMangerEx: need clear apicache,because volumes changed,oldCnt=1 newCnt=1
11-16 15:45:03.266  6611  6611 I HwApiCacheMangerEx: apicache path=/storage/emulated/0 state=mounted key=cn.missevan#10231#256
11-16 15:45:03.266  6611  6611 I HwApiCacheMangerEx: need clear apicache,because volumes changed,oldCnt=1 newCnt=1
11-16 15:45:03.266   740 27086 I AudioModuleManager: [AudioModuleGetParameters:71]: list size: 13
11-16 15:45:03.266   740 27086 I audio_hw_usbaudio_hw: [get_typec_parameters:587]: check show hires (false)
11-16 15:45:03.274   740 27086 I AudioModuleManager: [AudioModuleGetParameters:71]: list size: 13
11-16 15:45:03.274   740 27086 I audio_hw_usbaudio_hw: [get_typec_parameters:587]: check show hires (false)
11-16 15:45:03.281   765  8801 D AudioPolicyService: getUidState(10083) cacheIter->second.first, return cacheIter->second.second(9)
11-16 15:45:03.281  2010  3878 I NetworkPolicy: updateRuleForRestrictBackgroundUL(10083): isForeground=true, isBlacklisted=false, isWhitelisted=true, isRestrictedByAdmin=false, oldRule=0 (NONE), newRule=1 (NONE|ALLOW_METERED), newUidRules=1 (NONE|ALLOW_METERED), oldUidRules=0 (NONE), mRestrictBackground=false
11-16 15:45:03.267  2010  3903 I chatty  : uid=1000(system) Thread-6 identical 3 lines
11-16 15:45:03.275  2010  3903 I HwAudioServiceEx: HwAudioHandlerEx receive unknown msg
11-16 15:45:03.282  2010  2010 D HwConnectivityServiceEx: set 10083 wlan0 value false
11-16 15:45:03.286  6611  6611 D NetworkSecurityConfig: Using Network Security Config from resource network_security_config debugBuild: false
11-16 15:45:03.298  1032  1688 E DE N ABT: mergeProcessorOperatingNormal:1523: COMPONENT_GMP already has data, can't add new data with MODE_COLOR_ENHANCE, mode:MODE_BROWSER|MODE_COLOR_ENHANCE|0x900->MODE_BROWSER|MODE_COLOR_ENHANCE|0x900
11-16 15:45:03.298  1032  1688 E DE N ABT: mergeProcessorOperatingNormal:1523: COMPONENT_GMP already has data, can't add new data with MODE_EYE_PROTECT, mode:MODE_BROWSER|MODE_COLOR_ENHANCE|MODE_EYE_PROTECT|0x900->MODE_BROWSER|MODE_COLOR_ENHANCE|MODE_EYE_PROTECT|0x900
11-16 15:45:03.298  1032  1688 E DE N ABT: mergeProcessorOperatingNormal:1523: COMPONENT_GMP already has data, can't add new data with MODE_COLOR_ENHANCE, mode:MODE_BROWSER|MODE_COLOR_ENHANCE|0x900->MODE_BROWSER|MODE_COLOR_ENHANCE|0x900
11-16 15:45:03.298  1032  1688 E DE N ABT: mergeProcessorOperatingNormal:1523: COMPONENT_GMP already has data, can't add new data with MODE_EYE_PROTECT, mode:MODE_BROWSER|MODE_COLOR_ENHANCE|MODE_EYE_PROTECT|0x900->MODE_BROWSER|MODE_COLOR_ENHANCE|MODE_EYE_PROTECT|0x900
11-16 15:45:03.298   744   744 E hisi_effect: getSupported:278: Unsupported display effect feature!!
11-16 15:45:03.298   744  1423 I hisi_effect: SetEffectInfo:367: modules=20 dispPanelId=0
11-16 15:45:03.300   681  1277 W /system/bin/netd: A binder object at 0x7df992ff80 is being transacted on, however, this object is in the same process as its proxy. Transacting with this binder is expensive compared to just calling the corresponding functionality in the same process.
11-16 15:45:03.300   681  1277 I PreDnsController: CanPreDnsQuery,persist.sys.predns is false!
11-16 15:45:03.309  2010  2010 D HwConnectivityManagerImpl: getNetworkPolicyFlag flagStr null
11-16 15:45:03.310  6611  6689 I cn.missevan: The ClassLoaderContext is a special shared library.
11-16 15:45:03.312  6611  6695 D HwCustConnectivityManagerImpl: isBlockNetworkRequestByNonAis, INVALID_SUBSCRIPTION_ID
11-16 15:45:03.312  6611  6695 I ConnectivityManager: requestNetwork and the calling app is: cn.missevan
11-16 15:45:03.313  2010  6387 I ConnectivityService: requestNetwork for uid/pid:10231/6611 NetworkRequest [ TRACK_DEFAULT id=885, [ Capabilities: INTERNET&NOT_RESTRICTED&TRUSTED Uid: 10231 DNN:  SSCMODE: 0 SNSSAI:  PduSessionType: 0 RouteBitmap: 0] ]
11-16 15:45:03.313  2010  3889 I ConnectivityService: rematching NetworkAgentInfo [WIFI () - 107]
11-16 15:45:03.313  2010  3889 I ConnectivityService: CS = 0, NS = 60
11-16 15:45:03.313  2010  3889 I ConnectivityService: rematch for NetworkAgentInfo [WIFI () - 107]
11-16 15:45:03.314  2010  3889 I ConnectivityService: NetworkAgentInfo [WIFI () - 107] NC all is: 8 4 47 781 21 9 28 25 10 14 33 1 12 758 54
11-16 15:45:03.314  2010  3880 D WifiNetworkFactory: got request NetworkRequest [ TRACK_DEFAULT id=885, [ Capabilities: INTERNET&NOT_RESTRICTED&TRUSTED Uid: 10231 DNN:  SSCMODE: 0 SNSSAI:  PduSessionType: 0 RouteBitmap: 0] ] with score 60 and serial -1
11-16 15:45:03.314  2010  3880 D UntrustedWifiNetworkFactory: got request NetworkRequest [ TRACK_DEFAULT id=885, [ Capabilities: INTERNET&NOT_RESTRICTED&TRUSTED Uid: 10231 DNN:  SSCMODE: 0 SNSSAI:  PduSessionType: 0 RouteBitmap: 0] ] with score 60 and serial -1
11-16 15:45:03.314  2010  3967 D Ethernet: got request NetworkRequest [ TRACK_DEFAULT id=885, [ Capabilities: INTERNET&NOT_RESTRICTED&TRUSTED Uid: 10231 DNN:  SSCMODE: 0 SNSSAI:  PduSessionType: 0 RouteBitmap: 0] ] with score 60 and serial -1
11-16 15:45:03.314  4760  4760 D PhoneSwitcherNetworkRequstListener: got request NetworkRequest [ TRACK_DEFAULT id=885, [ Capabilities: INTERNET&NOT_RESTRICTED&TRUSTED Uid: 10231 DNN:  SSCMODE: 0 SNSSAI:  PduSessionType: 0 RouteBitmap: 0] ] with score 60 and serial -1
11-16 15:45:03.314  4760  4760 D PhoneSwitcherNetworkRequstListener: got request NetworkRequest [ TRACK_DEFAULT id=885, [ Capabilities: INTERNET&NOT_RESTRICTED&TRUSTED Uid: 10231 DNN:  SSCMODE: 0 SNSSAI:  PduSessionType: 0 RouteBitmap: 0] ] with score 60 and serial -1
11-16 15:45:03.315   744  1423 I hisi_effect: SetEffectInfo:367: modules=20 dispPanelId=0
11-16 15:45:03.322  6611  6689 I cn.missevan: The ClassLoaderContext is a special shared library.
11-16 15:45:03.322  6611  6689 W cn.missevan: Unsupported class loader
11-16 15:45:03.323   681  1277 W /system/bin/netd: A binder object at 0x7df992ff80 is being transacted on, however, this object is in the same process as its proxy. Transacting with this binder is expensive compared to just calling the corresponding functionality in the same process.
11-16 15:45:03.323   681  1277 I PreDnsController: CanPreDnsQuery,persist.sys.predns is false!
11-16 15:45:03.324  6611  6689 W cn.missevan: Skipping duplicate class check due to unsupported classloader
11-16 15:45:03.323  6611  6611 W tbs_preinit: type=1400 audit(0.0:76830): avc: granted { execute } for pid=6611 path="/data/data/cn.missevan/app_tbs_64/core_share/libwebp_base.so" dev="sdd74" ino=20963 scontext=u:r:untrusted_app_27:s0:c231,c256,c512,c768 tcontext=u:object_r:app_data_file:s0:c231,c256,c512,c768 tclass=file
11-16 15:45:03.326  2010  2010 D HwConnectivityManagerImpl: getNetworkPolicyFlag flagStr null
11-16 15:45:03.332   744  1423 I hisi_effect: SetEffectInfo:367: modules=20 dispPanelId=0
11-16 15:45:03.335  2010  6388 I JobScheduler: pending queue: 1 jobs.
11-16 15:45:03.335  2010  6388 I JobScheduler: About to run job on context 0, job: JobStatus{10221d9 #u0a231/21000 cn.missevan/com.umeng.message.component.UmengMessageHandlerService u=0 s=10231 TIME=none:0 READY}
11-16 15:45:03.335  6611  6611 I WebViewFactory: Loading com.huawei.webview version 11.1.5.315 (code 3337)
11-16 15:45:03.336  6611  6689 I HwApiCacheMangerEx: apicache path=/storage/emulated/0 state=mounted key=cn.missevan#10231#0
11-16 15:45:03.336  6611  6689 I HwApiCacheMangerEx: need clear apicache,because volumes changed,oldCnt=1 newCnt=1
11-16 15:45:03.337  6611  6611 D ApplicationLoaders: createClassLoader zip: /data/app/com.huawei.webview-B0mYPuQe_TfsHqgHcGUBCA==/base.apk librarySearchPath: /data/app/com.huawei.webview-B0mYPuQe_TfsHqgHcGUBCA==/lib/arm64:/data/app/com.huawei.webview-B0mYPuQe_TfsHqgHcGUBCA==/base.apk!/lib/arm64-v8a libraryPermittedPath:  parent: java.lang.BootClassLoader@fa80f32 targetSdkVersion: 30 isBundled: false classLoaderName: null sharedLibraries: null
11-16 15:45:03.337  6611  6689 I HwApiCacheMangerEx: apicache path=/storage/emulated/0 state=mounted key=cn.missevan#10231#256
11-16 15:45:03.337  6611  6689 I HwApiCacheMangerEx: need clear apicache,because volumes changed,oldCnt=1 newCnt=1
11-16 15:45:03.349   744  1423 I hisi_effect: SetEffectInfo:367: modules=20 dispPanelId=0
11-16 15:45:03.353  6611  6730 I common-logging: make_dir > path : /data/user/0/cn.missevan/filescommonCache/tbs/cn.missevan/logging_cache/
11-16 15:45:03.353  6611  6611 I hwbr_engine_WVCFactoryProvider: use triwebview:false
11-16 15:45:03.353  6611  6730 I common-logging: make_dir > path : /storage/emulated/0/Android/data/cn.missevan/files/commonlog/tbs/cn.missevan/
11-16 15:45:03.354  6611  6730 I common-logging: cpu_byteorder > system is a low byteorder
11-16 15:45:03.354  6611  6730 I common-logging: read_mmap_data > path's json length : 37
11-16 15:45:03.354  6611  6730 I common-logging: dir_json {"version":3,"file":"1668528000000"}
11-16 15:45:03.354  6611  6730 I common-logging: read_mmapdata_tbslog > dir , path and version : /storage/emulated/0/Android/data/cn.missevan/files/commonlog/tbs/cn.missevan/ || 1668528000000 || 3.000000
11-16 15:45:03.354  6611  6730 I common-logging: write_mmap_data > buffer total length 0
11-16 15:45:03.354  6611  6730 I common-logging: log_init > logging init success
11-16 15:45:03.359   740 27086 I AudioModuleManager: [AudioModuleGetParameters:71]: list size: 13
11-16 15:45:03.359   740 27086 I audio_hw_usbaudio_hw: [get_typec_parameters:587]: check show hires (false)
11-16 15:45:03.361  6611  6744 I hwbr_engine_PathUtils: Get data directory:/data/user/0/cn.missevan/app_hws_webview_cn.missevan
11-16 15:45:03.361  2010  3903 I HwAudioServiceEx: HwAudioHandlerEx receive unknown msg
11-16 15:45:03.363  6611  6611 I hwbr_engine_LibraryLoader: Loaded native library version number "88.0.4324.93"
11-16 15:45:03.364  6611  6611 I hwbr_engine_CachingUmaRecorder: Flushed 4 samples from 4 histograms.
11-16 15:45:03.365  6611  6689 E TBSBugly: init #00
11-16 15:45:03.365  6611  6689 E TBSBugly: init return can not use
11-16 15:45:03.365  2010  2786 W Process : Unable to open /proc/-1/status
11-16 15:45:03.365  2010  2786 D HwActivityManagerServiceEx: notifyAppToTop pid:9372, enable:0
11-16 15:45:03.366  9372  9372 I RmeSchedManager: init Rme, version is: v1.0
11-16 15:45:03.366   744  1423 I hisi_effect: SetEffectInfo:367: modules=20 dispPanelId=0
11-16 15:45:03.370  6611  6747 I hwbr_engine_HuaweiKeystore: HuaweiKeystore checkHasOldKey begin.
11-16 15:45:03.371  6611  6747 I hwbr_engine_HuaweiKeystore: HuaweiKeystore getWorkKey begin.
11-16 15:45:03.372  6611  6747 I hwbr_engine_HuaweiKeystore: getSecretKeyFromKeystore: Android KeyStore Access Success
11-16 15:45:03.375  1040  6752 D keymaster_worker: Keystore getKey
11-16 15:45:03.375  1040  6752 D keymaster_worker: Keystore getKey end
11-16 15:45:03.377  1040  6755 D keymaster_worker: Keystore begin
11-16 15:45:03.377  1040  6755 D keymaster_worker: Keystore begin hidl
11-16 15:45:03.377   595   595 I HisiKeyMaster: HisiKmBegin start
11-16 15:45:03.377   595   595 I HisiKeyMaster: Disable the enhanced crypto!
11-16 15:45:03.381   595   595 I HisiKeyMaster: out_params_buffer_len = 4096
11-16 15:45:03.381   595   595 I HisiKeyMaster: HisiKmBegin success
11-16 15:45:03.381  1040  6755 D keymaster_worker: Keystore begin hidl end
11-16 15:45:03.381  1040  6755 D keymaster_worker: Keystore begin end
11-16 15:45:03.382   744  1423 I hisi_effect: SetEffectInfo:367: modules=20 dispPanelId=0
11-16 15:45:03.383  1040  6757 D keymaster_worker: Keystore update
11-16 15:45:03.384  1040  6757 D keymaster_worker: Keystore update hidl
11-16 15:45:03.384   595   595 I HisiKeyMaster: HisiKmUpdate start
11-16 15:45:03.384   595   595 I HisiKeyMaster: Disable the enhanced crypto!
11-16 15:45:03.387   595   595 I HisiKeyMaster: HisiKmUpdate success
11-16 15:45:03.388  1040  6757 D keymaster_worker: Keystore update hidl end
11-16 15:45:03.388  1040  6757 D keymaster_worker: Keystore update end
11-16 15:45:03.389  1040  6759 D keymaster_worker: Keystore finish
11-16 15:45:03.389  1040  6759 D keymaster_worker: Keystore finish hidl
11-16 15:45:03.389   595   595 I HisiKeyMaster: HisiKmFinish start
11-16 15:45:03.389   595   595 I HisiKeyMaster: Disable the enhanced crypto!
11-16 15:45:03.391   595   595 I HisiKeyMaster: output data size=0
11-16 15:45:03.391   595   595 I HisiKeyMaster: HisiKmFinish success
11-16 15:45:03.392   681 15256 I netd    : trafficSwapActiveStatsMap() <0.38ms>
11-16 15:45:03.394  1040  6759 D keymaster_worker: Keystore finish hidl end
11-16 15:45:03.394  1040  6759 D keymaster_worker: Keystore finish end
11-16 15:45:03.395   681 15256 I netd    : trafficSwapActiveStatsMap() <0.73ms>
11-16 15:45:03.399   744  1423 I hisi_effect: SetEffectInfo:367: modules=20 dispPanelId=0
11-16 15:45:03.404  6611  6735 W SystemConfig: No directory /product_services/etc/sysconfig, skipping
11-16 15:45:03.404  6611  6735 W SystemConfig: No directory /product_services/etc/permissions, skipping
11-16 15:45:03.404  6611  6735 W SystemConfig: No directory /system/emui/base/sysconfig, skipping
11-16 15:45:03.405  6611  6735 W SystemConfig: No directory /system/emui/china/sysconfig, skipping
11-16 15:45:03.405  6611  6735 W SystemConfig: No directory /vendor/etc/sysconfig, skipping
11-16 15:45:03.409  6611  6735 W SystemConfig: No directory /odm/cust/all/cn/sysconfig, skipping
11-16 15:45:03.409  6611  6735 W SystemConfig: No directory /odm/cust/all/cn/permissions, skipping
11-16 15:45:03.409  6611  6735 W SystemConfig: No directory /odm/etc/sysconfig, skipping
11-16 15:45:03.409  6611  6735 W SystemConfig: No directory /odm/hw_odm/LIO-AN00/sysconfig, skipping
11-16 15:45:03.410  6611  6735 W SystemConfig: No directory /odm/hw_odm/LIO-AN00/permissions, skipping
11-16 15:45:03.410  6611  6735 W SystemConfig: No directory /hw_product/etc/sysconfig, skipping
11-16 15:45:03.411  6611  6611 E YZSDK   : ----->isDebug = false
11-16 15:45:03.411  6611  6735 W SystemConfig: No directory /hw_product/region_comm/china/sysconfig, skipping
11-16 15:45:03.412  6611  6735 W SystemConfig: No directory /preas/china/sysconfig, skipping
11-16 15:45:03.412  6611  6735 W SystemConfig: No directory /hw_product/hw_oem/LIO-AN00/sysconfig, skipping
11-16 15:45:03.412  6611  6735 W SystemConfig: No directory /hw_product/hw_oem/LIO-AN00/permissions, skipping
11-16 15:45:03.412  6611  6735 W SystemConfig: No directory /preload/LIO-AN00/all/cn/sysconfig, skipping
11-16 15:45:03.412  6611  6735 W SystemConfig: No directory /cust/global/sysconfig, skipping
11-16 15:45:03.412  6611  6735 W SystemConfig: No directory /cust/global/permissions, skipping
11-16 15:45:03.413  6611  6735 W SystemConfig: No directory /cust/hw/cn/sysconfig, skipping
11-16 15:45:03.413  6611  6735 W SystemConfig: No directory /cust/hw/cn/permissions, skipping
11-16 15:45:03.413  6611  6735 W SystemConfig: No directory /version/cust/all/cn/sysconfig, skipping
11-16 15:45:03.413  6611  6735 W SystemConfig: No directory /hw_product/special_cust/LIO-AN00/all/cn/sysconfig, skipping
11-16 15:45:03.413  6611  6735 W SystemConfig: No directory /hw_product/special_cust/LIO-AN00/all/cn/permissions, skipping
11-16 15:45:03.413  6611  6735 W SystemConfig: No directory /version/special_cust/LIO-AN00/all/cn/sysconfig, skipping
11-16 15:45:03.413  6611  6735 W SystemConfig: No directory /version/special_cust/LIO-AN00/all/cn/permissions, skipping
11-16 15:45:03.413  6611  6735 W SystemConfig: No directory /cust/cotalite/sysconfig, skipping
11-16 15:45:03.413  6611  6735 W SystemConfig: No directory /cust/cotalite/permissions, skipping
11-16 15:45:03.413  6611  6735 W SystemConfig: No directory /cust/ecota/sysconfig, skipping
11-16 15:45:03.413  6611  6735 W SystemConfig: No directory /cust/ecota/permissions, skipping
11-16 15:45:03.413  6611  6767 W FileUtils: Failed to chmod(/data/user/0/com.tencent.mm/app_tbs): android.system.ErrnoException: chmod failed: EACCES (Permission denied)
11-16 15:45:03.414  6611  6767 W FileUtils: Failed to chmod(/data/user/0/com.tencent.mm/app_tbs_common_share): android.system.ErrnoException: chmod failed: EACCES (Permission denied)
11-16 15:45:03.416   744  1423 I hisi_effect: SetEffectInfo:367: modules=20 dispPanelId=0
11-16 15:45:03.417  2010  6387 I JobScheduler.Time: Add job to TimeTracking: eafcb7 #u0a231/2050 cn.missevan/com.taobao.accs.internal.AccsJobService, delayTime:478097980, deadlineTime:478097980
11-16 15:45:03.417   681  1277 W /system/bin/netd: A binder object at 0x7df992ff80 is being transacted on, however, this object is in the same process as its proxy. Transacting with this binder is expensive compared to just calling the corresponding functionality in the same process.
11-16 15:45:03.417   681  1277 I PreDnsController: CanPreDnsQuery,persist.sys.predns is false!
11-16 15:45:03.419  2010  6387 D SmartHeartBeat: isPendingAlarm, false, pkg:com.android.deskclock, action:com.android.deskclock.ALARM_ALERT,not pending alarm with AlarmClockInfo
11-16 15:45:03.419  2010  6387 I JobScheduler.Time: realNextJobExpiredElapsedMillis: 478097980mNextJobExpiredElapsedMillis478097980
11-16 15:45:03.422   765  1874 I asd_out_fwk: L = [0], R = [0], continus 20 times, Device = 0x2
11-16 15:45:03.425  2010  6387 D SmartHeartBeat: isPendingAlarm, false, pkg:com.android.deskclock, action:com.android.deskclock.ALARM_ALERT,not pending alarm with AlarmClockInfo
11-16 15:45:03.425  6611  6777 I HwApiCacheMangerEx: apicache path=/storage/emulated/0 state=mounted key=cn.missevan#10231#0
11-16 15:45:03.425  6611  6777 I HwApiCacheMangerEx: need clear apicache,because volumes changed,oldCnt=1 newCnt=1
11-16 15:45:03.425  6611  6777 I HwApiCacheMangerEx: apicache path=/storage/emulated/0 state=mounted key=cn.missevan#10231#256
11-16 15:45:03.425  6611  6777 I HwApiCacheMangerEx: need clear apicache,because volumes changed,oldCnt=1 newCnt=1
11-16 15:45:03.426  2010  6387 I JobScheduler.Time: realNextDelayExpiredElapsedMillis: 478097980 mNextDelayExpiredElapsedMillis:478097980
11-16 15:45:03.429  6611  6767 W FileUtils: Failed to chmod(/data/user/0/com.tencent.mobileqq/app_tbs): android.system.ErrnoException: chmod failed: EACCES (Permission denied)
11-16 15:45:03.429  6611  6767 W FileUtils: Failed to chmod(/data/user/0/com.tencent.mobileqq/app_tbs_common_share): android.system.ErrnoException: chmod failed: EACCES (Permission denied)
11-16 15:45:03.431  2010  6388 V ActivityManager: startProcess: name=cn.missevan:player.main app=null knownToBeDead=true thread=null pid=-1 preloadStatus=-1
11-16 15:45:03.431  6611  6767 I HwApiCacheMangerEx: apicache path=/storage/emulated/0 state=mounted key=cn.missevan#10231#0
11-16 15:45:03.431  6611  6767 I HwApiCacheMangerEx: need clear apicache,because volumes changed,oldCnt=1 newCnt=1
11-16 15:45:03.431  2010  6388 I BigFontUtils: adjustAppProcessConfiguration appInfo:cn.missevan
11-16 15:45:03.433  6611  6665 I HwApiCacheMangerEx: apicache path=/storage/emulated/0 state=mounted key=cn.missevan#10231#256
11-16 15:45:03.433  6611  6665 I HwApiCacheMangerEx: need clear apicache,because volumes changed,oldCnt=1 newCnt=1
11-16 15:45:03.433   744  1423 I hisi_effect: SetEffectInfo:367: modules=20 dispPanelId=0
11-16 15:45:03.433  6611  6611 I HwTypeface: updateFont: scale=1.0
11-16 15:45:03.434  6611  6611 D SystemFonts: areFontsVariable: script=Hans
11-16 15:45:03.434  6611  6611 I ActivityThread: finishPreloaded preloadStatus 0
11-16 15:45:03.434  6611  6611 I RmeSchedManager: init Rme, version is: v1.0
11-16 15:45:03.434  6611  6611 I RtgSchedEvent: current pid:6611 AppType:7
11-16 15:45:03.434  6611  6611 I RmeSchedManager: init Rme, version is: v1.0
11-16 15:45:03.436  6611  6665 E Storages: [DefaultDispatcher-worker-1] VideoCache is empty!
11-16 15:45:03.437  6611  6611 D OpenGLRenderer: disableOutlineDraw is true
11-16 15:45:03.437  6611  6665 E Storages: [DefaultDispatcher-worker-1] AudioSingleCache is empty!
11-16 15:45:03.438  6611  6767 I HwApiCacheMangerEx: apicache path=/storage/emulated/0 state=mounted key=cn.missevan#10231#0
11-16 15:45:03.439  6611  6767 I HwApiCacheMangerEx: need clear apicache,because volumes changed,oldCnt=1 newCnt=1
11-16 15:45:03.439  6611  6767 I HwApiCacheMangerEx: apicache path=/storage/emulated/0 state=mounted key=cn.missevan#10231#256
11-16 15:45:03.439  6611  6767 I HwApiCacheMangerEx: need clear apicache,because volumes changed,oldCnt=1 newCnt=1
11-16 15:45:03.442   681  1277 W /system/bin/netd: A binder object at 0x7df992ff80 is being transacted on, however, this object is in the same process as its proxy. Transacting with this binder is expensive compared to just calling the corresponding functionality in the same process.
11-16 15:45:03.442   681  1277 I PreDnsController: CanPreDnsQuery,persist.sys.predns is false!
11-16 15:45:03.444  2010  2010 D HwConnectivityManagerImpl: getNetworkPolicyFlag flagStr null
11-16 15:45:03.444   682   682 D Zygote  : Forked child process 6788
11-16 15:45:03.445  6611  6785 I OpenGLRenderer: RenderThread: progress name = [cn.missevan], viewCornerType = 0
11-16 15:45:03.445  6611  6665 E Storages: [DefaultDispatcher-worker-1] BBPlayerCache is empty!
11-16 15:45:03.445  6611  6665 E Storages: [DefaultDispatcher-worker-1] BBPlayerAlphaVideo is empty!
11-16 15:45:03.445  2010  2641 I ActivityManager: Start proc 6788:cn.missevan:player.main/u0a231 for service {cn.missevan/cn.missevan.lib.common.player.service.aidl.AidlPlayerService}
11-16 15:45:03.448  2010  2010 D HwConnectivityManagerImpl: getNetworkPolicyFlag flagStr null
11-16 15:45:03.448  6611  6611 V ActivityThread: callActivityOnCreate
11-16 15:45:03.450   744  1423 I hisi_effect: SetEffectInfo:367: modules=20 dispPanelId=0
11-16 15:45:03.450  6611  6794 I iGraphics: [0020080c] pn: cn.missevan, p: 6611
11-16 15:45:03.450  6611  6794 I iGraphics: [0030080c] no spt app: cn.missevan
11-16 15:45:03.452  2010  2624 I WindowManager: Animation done in AppWindowToken{1348121 token=Token{1303254 ActivityRecord{1367cc6 u0 com.huawei.android.launcher/.unihome.UniHomeLauncher t1}}} isHidden:true hiddenRequested:true
11-16 15:45:03.452  2010  2624 I WindowManager: New wallpaper target: null prevTarget: Window{107e7ad u0 com.huawei.android.launcher/com.huawei.android.launcher.unihome.UniHomeLauncher}
11-16 15:45:03.453  4088  4088 D ImageWallpaper: wallpaper visibility changes to: false
11-16 15:45:03.457  2010  2624 I WindowManager: Animation done in AppWindowToken{13e14b1 token=Token{13d1659 ActivityRecord{1354a48 u0 cn.missevan/.activity.MainActivity t111}}} isHidden:false hiddenRequested:false
11-16 15:45:03.458  6788  6788 E libc    : Access denied finding property "persist.device_config.runtime_native.use_app_image_startup_cache"
11-16 15:45:03.458  6788  6788 E van:player.mai: LoadAppImageStartupCache enabled : 1
11-16 15:45:03.459  6611  6689 I MultiProcess: Fallback service has disabled
11-16 15:45:03.459  6611  6689 I MultiProcess: No sandbox if not isolated has enabled
11-16 15:45:03.459  6611  6689 I MultiProcess: Auto recovery has enabled
11-16 15:45:03.460  6788  6788 I van:player.mai: Reinit property: dalvik.vm.checkjni= false
11-16 15:45:03.460  6788  6788 I van:player.mai: ReInitProperties: persist.vm.debug.dumpapi= false
11-16 15:45:03.461  6611  6724 I HwApiCacheMangerEx: apicache path=/storage/emulated/0 state=mounted key=cn.missevan#10231#0
11-16 15:45:03.461  6611  6724 I HwApiCacheMangerEx: need clear apicache,because volumes changed,oldCnt=1 newCnt=1
11-16 15:45:03.463  6788  6788 E van:player.mai: Not starting debugger since process cannot load the jdwp agent.
11-16 15:45:03.466  6611  6689 I MultiProcess: Type 0: 0 is chosen when multi-process is not enabled
11-16 15:45:03.466  8392  6655 I NetworkKit_CountryCodeBean: pool-5-thread-114|null|com.huawei.hms.framework.network.grs.local.model.CountryCodeBean|getVendorCountryCode|39|countryCode by ro.hw.country is: cn
11-16 15:45:03.466  8392  6655 I NetworkKit_CountryCodeBean: pool-5-thread-114|null|com.huawei.hms.framework.network.grs.local.model.CountryCodeBean|init|18|get issue_country code from VENDOR_COUNTRY
11-16 15:45:03.467 29411 29411 I HiBoard_13.0.1.317_Workspace: onWindowVisibilityChanged：8 isOverlayClosed:true
11-16 15:45:03.469  6611  6724 I HwApiCacheMangerEx: apicache path=/storage/emulated/0 state=mounted key=cn.missevan#10231#256
11-16 15:45:03.469  6611  6724 I HwApiCacheMangerEx: need clear apicache,because volumes changed,oldCnt=1 newCnt=1
11-16 15:45:03.469   744  1423 I hisi_effect: SetEffectInfo:367: modules=20 dispPanelId=0
11-16 15:45:03.469  6611  6611 I DecorView[]: pkgName:cn.missevan old windowMode:0 new windoMode:1, isFixedSize:false
11-16 15:45:03.472   769  2657 W BufferQueueProducer: [com.huawei.android.launcher/com.huawei.android.launcher.unihome.UniHomeLauncher#0]:1390: disconnect: not connected (req=1)
11-16 15:45:03.472  9372 18678 W libEGL  : EGLNativeWindowType 0x7ee5214510 disconnect failed
11-16 15:45:03.473   769  2657 W BufferQueueProducer: [com.huawei.intelligent.Workspace#0]:1390: disconnect: not connected (req=1)
11-16 15:45:03.473 29411 10908 W libEGL  : EGLNativeWindowType 0x7eda72b090 disconnect failed
11-16 15:45:03.481  6788  6788 D ActivityThread: Attach thread to application
11-16 15:45:03.484   744  1423 I hisi_effect: SetEffectInfo:367: modules=20 dispPanelId=0
11-16 15:45:03.488  6611  6761 W cn.missevan: Unsupported class loader
11-16 15:45:03.491  6611  6761 W cn.missevan: Skipping duplicate class check due to unsupported classloader
11-16 15:45:03.492  6788  6817 I ActivityThread: Init compatible state: true
11-16 15:45:03.492  6611  6611 E FileNotFoundException: [main] java.io.FileNotFoundException: /system/build.prop: open failed: EACCES (Permission denied)
11-16 15:45:03.492  6611  6611 E FileNotFoundException: 	at libcore.io.IoBridge.open(IoBridge.java:496)
11-16 15:45:03.492  6611  6611 E FileNotFoundException: 	at java.io.FileInputStream.<init>(FileInputStream.java:159)
11-16 15:45:03.492  6611  6611 E FileNotFoundException: 	at cn.missevan.library.util.DeviceHelper.<clinit>(SourceFile:5)
11-16 15:45:03.492  6611  6611 E FileNotFoundException: 	at cn.missevan.library.util.DeviceHelper.isZTKC2016(SourceFile:1)
11-16 15:45:03.492  6611  6611 E FileNotFoundException: 	at cn.missevan.library.util.StatusBarUtils.setStatusBarLightMode(SourceFile:1)
11-16 15:45:03.492  6611  6611 E FileNotFoundException: 	at cn.missevan.library.util.StatusBarUtils.setStatusAndNavigationBarLightMode(SourceFile:1)
11-16 15:45:03.492  6611  6611 E FileNotFoundException: 	at cn.missevan.activity.MainActivity.setTabBar(SourceFile:3)
11-16 15:45:03.492  6611  6611 E FileNotFoundException: 	at cn.missevan.activity.MainActivity.onCreate(SourceFile:2)
11-16 15:45:03.492  6611  6611 E FileNotFoundException: 	at android.app.Activity.performCreate(Activity.java:8214)
11-16 15:45:03.492  6611  6611 E FileNotFoundException: 	at android.app.Activity.performCreate(Activity.java:8202)
11-16 15:45:03.492  6611  6611 E FileNotFoundException: 	at android.app.Instrumentation.callActivityOnCreate(Instrumentation.java:1320)
11-16 15:45:03.492  6611  6611 E FileNotFoundException: 	at android.app.ActivityThread.performLaunchActivity(ActivityThread.java:4033)
11-16 15:45:03.492  6611  6611 E FileNotFoundException: 	at android.app.ActivityThread.handleLaunchActivity(ActivityThread.java:4247)
11-16 15:45:03.492  6611  6611 E FileNotFoundException: 	at android.app.servertransaction.LaunchActivityItem.execute(LaunchActivityItem.java:91)
11-16 15:45:03.492  6611  6611 E FileNotFoundException: 	at android.app.servertransaction.TransactionExecutor.executeCallbacks(TransactionExecutor.java:149)
11-16 15:45:03.492  6611  6611 E FileNotFoundException: 	at android.app.servertransaction.TransactionExecutor.execute(TransactionExecutor.java:103)
11-16 15:45:03.492  6611  6611 E FileNotFoundException: 	at android.app.ActivityThread$H.handleMessage(ActivityThread.java:2613)
11-16 15:45:03.492  6611  6611 E FileNotFoundException: 	at android.os.Handler.dispatchMessage(Handler.java:110)
11-16 15:45:03.492  6611  6611 E FileNotFoundException: 	at android.os.Looper.loop(Looper.java:219)
11-16 15:45:03.492  6611  6611 E FileNotFoundException: 	at android.app.ActivityThread.main(ActivityThread.java:8668)
11-16 15:45:03.492  6611  6611 E FileNotFoundException: 	at java.lang.reflect.Method.invoke(Native Method)
11-16 15:45:03.492  6611  6611 E FileNotFoundException: 	at com.android.internal.os.RuntimeInit$MethodAndArgsCaller.run(RuntimeInit.java:513)
11-16 15:45:03.492  6611  6611 E FileNotFoundException: 	at com.android.internal.os.ZygoteInit.main(ZygoteInit.java:1109)
11-16 15:45:03.492  6611  6611 E FileNotFoundException: Caused by: android.system.ErrnoException: open failed: EACCES (Permission denied)
11-16 15:45:03.492  6611  6611 E FileNotFoundException: 	at libcore.io.Linux.open(Native Method)
11-16 15:45:03.492  6611  6611 E FileNotFoundException: 	at libcore.io.ForwardingOs.open(ForwardingOs.java:167)
11-16 15:45:03.492  6611  6611 E FileNotFoundException: 	at libcore.io.BlockGuardOs.open(BlockGuardOs.java:252)
11-16 15:45:03.492  6611  6611 E FileNotFoundException: 	at libcore.io.ForwardingOs.open(ForwardingOs.java:167)
11-16 15:45:03.492  6611  6611 E FileNotFoundException: 	at android.app.ActivityThread$AndroidOs.open(ActivityThread.java:8464)
11-16 15:45:03.492  6611  6611 E FileNotFoundException: 	at libcore.io.IoBridge.open(IoBridge.java:482)
11-16 15:45:03.492  6611  6611 E FileNotFoundException: 	... 22 more
11-16 15:45:03.492  6611  6611 E FileNotFoundException:
11-16 15:45:03.492  6788  6817 D HwFrameworkSecurityPartsFactory: HwFrameworkSecurityPartsFactory in.
11-16 15:45:03.492  6788  6817 I HwFrameworkSecurityPartsFactory: add HwFrameworkSecurityPartsFactory to memory.
11-16 15:45:03.492  6788  6817 D BehaviorCollectManager: hook process for AI virus second
11-16 15:45:03.493  6788  6817 I BehaviorCollectManager: bindAnalyzerService: huawei.android.security.IAppBehaviorDataAnalyzer$Stub$Proxy@93d5c08 pid:6788
11-16 15:45:03.494  6788  6788 D ApplicationLoaders: createClassLoader zip: /system/framework/org.apache.http.legacy.jar librarySearchPath: /data/app/cn.missevan-FedeLrCpwXuVCodTxv8LaQ==/lib/arm64:/data/app/cn.missevan-FedeLrCpwXuVCodTxv8LaQ==/base.apk!/lib/arm64-v8a libraryPermittedPath: /data/user/0/cn.missevan parent: java.lang.BootClassLoader@fa80f32 targetSdkVersion: 28 isBundled: false classLoaderName: null sharedLibraries: null
11-16 15:45:03.496  6788  6788 I van:player.mai: The ClassLoaderContext is a special shared library.
