11-16 15:45:03.806  6611  6834 W VivoPush.ContextDelegate: (6611)mIsFbeProject = true
11-16 15:45:03.807  6611  6989 I chromium: [1116/154503.807512:INFO:httpdns.cc(234)] OnEffectiveConnectionTypeChanged called by httpdns context networks 5
11-16 15:45:03.808  4088  4088 I PanelView1: notifyBarPanelExpansionChanged isPanelVisibleBecauseOfHeadsUp=false,mInstantExpanding=false,mTracking=false
11-16 15:45:03.808  4088  4088 I PanelView2: notifyBarPanelExpansionChanged mPeekAnimator is non null?false,mHeightAnimator is non null?false
11-16 15:45:03.808  4088  4088 I HwCtrlCtr: ControlCenterImpl: release control blur image!
11-16 15:45:03.808  4088  4088 I PanelView1: notifyBarPanelExpansionChanged isPanelVisibleBecauseOfHeadsUp=false,mInstantExpanding=false,mTracking=false
11-16 15:45:03.808  4088  4088 I PanelView2: notifyBarPanelExpansionChanged mPeekAnimator is non null?false,mHeightAnimator is non null?false
11-16 15:45:03.808  4088  4088 I HwCtrlCtr: ControlCenterImpl: release control blur image!
11-16 15:45:03.810  6611  7005 D VivoPush.PushClientThread: (6611)PushClientThread-handleMessage, task = c{InitCommand}
11-16 15:45:03.811   765 28603 D AudioPolicyService: getUidState(10083) cacheIter->second.first, return cacheIter->second.second(5)
11-16 15:45:03.812  2010  3878 I NetworkPolicy: updateRuleForRestrictBackgroundUL(10083): isForeground=false, isBlacklisted=false, isWhitelisted=true, isRestrictedByAdmin=false, oldRule=1 (NONE|ALLOW_METERED), newRule=0 (NONE), newUidRules=0 (NONE), oldUidRules=1 (NONE|ALLOW_METERED), mRestrictBackground=false
11-16 15:45:03.812  2010  2010 D HwConnectivityServiceEx: set 10083 wlan0 value false
11-16 15:45:03.812  6611  6834 E ActivityThread: Failed to find provider info for com.vivo.push.sdk.service.SystemPushConfig
11-16 15:45:03.812  6611  6834 E VivoPush.PushPackageUtils: (6611)cursor is null
11-16 15:45:03.812  6611  6834 E VivoPush.Utility: (6611)systemPushPkgName is null
11-16 15:45:03.815   681  1277 W /system/bin/netd: A binder object at 0x7df992ff80 is being transacted on, however, this object is in the same process as its proxy. Transacting with this binder is expensive compared to just calling the corresponding functionality in the same process.
11-16 15:45:03.815   681  1277 I PreDnsController: CanPreDnsQuery,persist.sys.predns is false!
11-16 15:45:03.816   681  1277 W /system/bin/netd: A binder object at 0x7df992ff80 is being transacted on, however, this object is in the same process as its proxy. Transacting with this binder is expensive compared to just calling the corresponding functionality in the same process.
11-16 15:45:03.816   681  1277 I PreDnsController: CanPreDnsQuery,persist.sys.predns is false!
11-16 15:45:03.817   681  1277 W /system/bin/netd: A binder object at 0x7df992ff80 is being transacted on, however, this object is in the same process as its proxy. Transacting with this binder is expensive compared to just calling the corresponding functionality in the same process.
11-16 15:45:03.817   681  1277 I PreDnsController: CanPreDnsQuery,persist.sys.predns is false!
11-16 15:45:03.817  2010  2010 D HwConnectivityManagerImpl: getNetworkPolicyFlag flagStr null
11-16 15:45:03.820  2010  2010 I chatty  : uid=1000(system) Binder:2010_F identical 1 line
11-16 15:45:03.820  2010  2010 D HwConnectivityManagerImpl: getNetworkPolicyFlag flagStr null
11-16 15:45:03.821   744  1423 I hisi_effect: SetEffectInfo:367: modules=20 dispPanelId=0
11-16 15:45:03.821   765  1874 I asd_out_fwk: L = [0], R = [0], continus 20 times, Device = 0x2
11-16 15:45:03.826  2010  6465 I JobScheduler: pending queue: 1 jobs.
11-16 15:45:03.826  2010  6465 I JobScheduler: About to run job on context 0, job: JobStatus{dc19d9 #u0a231/21000 cn.missevan/com.umeng.message.component.UmengMessageHandlerService u=0 s=10231 TIME=none:-1ms READY}
11-16 15:45:03.828  2010  3880 I WificondControl: Noise: -74, Snr: 38, Chload: 318, rssi: -29, txBitrate: 400, rxBitrate: 400, frequency: 5745, UlDelay: 0, currentTxBytes: 46476555, currentTxPackets: 379286, currentTxFailed: 0, currentRxBytes: 1063804861, currentRxPackets: 1789392
11-16 15:45:03.829  2010  3880 V HwWifiServiceFactory: get AllImpl object = com.android.server.wifi.HwWifiServiceFactoryImpl@c5e735
11-16 15:45:03.829  2010  2647 D ActivityManager: setPrivilegeType r: ServiceRecord{1033ce9 u0 cn.missevan/com.umeng.message.component.UmengMessageHandlerService}, interfaceDescriptor : android.app.job.IJobService
11-16 15:45:03.829  2010  2653 I PowerManagerService: handleSandman: wakefulness: 1,startDreaming: false
11-16 15:45:03.829  2010  2010 I JobServiceContext: APP response begin time, startJob due to preemption. jobid:21000
11-16 15:45:03.830  2010  4214 I JobServiceContext: APP response end time startJob.
11-16 15:45:03.835  2010  2653 I PowerManagerService: handleSandman: wakefulness: 1,startDreaming: false
11-16 15:45:03.836  2010  6465 I JobScheduler: APP response end time, Completed JobStatus{dc19d9 #u0a231/21000 cn.missevan/com.umeng.message.component.UmengMessageHandlerService u=0 s=10231 TIME=none:-10ms READY}, reschedule=false
11-16 15:45:03.852   505   505 E SELinux : avc:  denied  { find } for interface=vendor.huawei.hardware.sensors::ISensors sid=u:r:untrusted_app_27:s0:c231,c256,c512,c768 pid=6905 scontext=u:r:untrusted_app_27:s0:c231,c256,c512,c768 tcontext=u:object_r:default_hisi_hwservice:s0 tclass=hwservice_manager permissive=0
11-16 15:45:03.854  6905  7018 D NetworkSecurityConfig: Using Network Security Config from resource network_security_config debugBuild: false
11-16 15:45:03.855   744  1423 I hisi_effect: SetEffectInfo:367: modules=20 dispPanelId=0
11-16 15:45:03.855  1021  1062 E bastetd : [ProxySocket    ] NotifySocketErrState# No record found by comm prop, state=196619
11-16 15:45:03.855  1021  1062 I chatty  : uid=0(root) EventThread identical 1 line
11-16 15:45:03.855  1021  1062 E bastetd : [ProxySocket    ] NotifySocketErrState# No record found by comm prop, state=196619
11-16 15:45:03.856   681  1277 W /system/bin/netd: A binder object at 0x7df992ff80 is being transacted on, however, this object is in the same process as its proxy. Transacting with this binder is expensive compared to just calling the corresponding functionality in the same process.
11-16 15:45:03.856   681  1277 I PreDnsController: CanPreDnsQuery,persist.sys.predns is false!
11-16 15:45:03.857  2010  2010 D HwConnectivityManagerImpl: getNetworkPolicyFlag flagStr null
11-16 15:45:03.870  6905  6905 I HwApiCacheMangerEx: apicache path=/storage/emulated/0 state=mounted key=cn.missevan#10231#0
11-16 15:45:03.870  6905  6905 I HwApiCacheMangerEx: need clear apicache,because volumes changed,oldCnt=1 newCnt=1
11-16 15:45:03.870  4603  4660 I appium  : channel read: POST /wd/hub/session/99d1857d-34f3-4904-986a-253a25fab314/elements
11-16 15:45:03.870  4603  4660 I appium  : FindElements command
11-16 15:45:03.871  4603  4660 I appium  : method: 'class name', selector: 'android.widget.Button'
11-16 15:45:03.871  4603  4660 I appium  : Waiting up to 100ms for the device to idle
11-16 15:45:03.871  6905  6905 I HwApiCacheMangerEx: apicache path=/storage/emulated/0 state=mounted key=cn.missevan#10231#256
11-16 15:45:03.871  6905  6905 I HwApiCacheMangerEx: need clear apicache,because volumes changed,oldCnt=1 newCnt=1
11-16 15:45:03.880  9372  9455 D ZrHung.AppEyeUiProbe: not watching, wait.
11-16 15:45:03.880  2010  3941 V ActivityManager: Successfully start provider ContentProviderRecord{f719ef u0 cn.missevan/com.umeng.message.component.UmengMessageProvider} launchingApp=null caller pid= 6905
11-16 15:45:03.883   765 28603 D AudioPolicyService: getUidState(10083) cacheIter->second.first, return cacheIter->second.second(9)
11-16 15:45:03.883  2010  3878 I NetworkPolicy: updateRuleForRestrictBackgroundUL(10083): isForeground=true, isBlacklisted=false, isWhitelisted=true, isRestrictedByAdmin=false, oldRule=0 (NONE), newRule=1 (NONE|ALLOW_METERED), newUidRules=1 (NONE|ALLOW_METERED), oldUidRules=0 (NONE), mRestrictBackground=false
11-16 15:45:03.889   744  1423 I hisi_effect: SetEffectInfo:367: modules=20 dispPanelId=0
11-16 15:45:03.890  2010  6465 V ActivityManager: Successfully start provider ContentProviderRecord{127f036 u0 com.android.providers.settings/.hwext.HwSettingsProvider} launchingApp=null caller pid= 6905
11-16 15:45:03.911  6905  6905 I HwTypeface: updateFont: scale=1.0
11-16 15:45:03.911  6905  6905 D SystemFonts: areFontsVariable: script=Hans
11-16 15:45:03.912  6905  6905 I ActivityThread: finishPreloaded preloadStatus 0
11-16 15:45:03.918  2010  6465 I MediaSessionStack: updateMediaButtonSessionIfNeeded, callers=com.android.server.media.MediaSessionStack.addSession:1155912 com.android.server.media.MediaSessionService.createSessionLocked:1352228
11-16 15:45:03.918  2010  6465 I MediaSessionService: Created session for cn.missevan with tag PlayerService
11-16 15:45:03.918  2010  3924 I HwMediaSessionServiceEx: onActiveSessionsChanged begin
11-16 15:45:03.919  2010  3924 V HwMediaSessionServiceEx: isInMediaWhiteList: cn.missevan, 0
11-16 15:45:03.919  2010  3924 V HwMediaSessionServiceEx: this app is not in media white list, pkgName: cn.missevan
11-16 15:45:03.920  2010  6465 V AudioManager: getStreamMaxVolume  treamType: 3
11-16 15:45:03.920   765 28603 I APM_AudioPolicyManager: getOutputsForDevices, openOutputs size is 2, outputs size is 2
11-16 15:45:03.920  2010  6465 V AudioManager: getStreamVolume streamType: 3 volume: 0
11-16 15:45:03.921  2010  6465 V AudioManager: getStreamMaxVolume  treamType: 3
11-16 15:45:03.921   765 28603 I APM_AudioPolicyManager: getOutputsForDevices, openOutputs size is 2, outputs size is 2
11-16 15:45:03.921  2010  3924 V HwMediaSessionServiceEx: isInMediaWhiteList: cn.missevan, 0
11-16 15:45:03.921  2010  3924 V HwMediaSessionServiceEx: this app is not in media white list, pkgName: cn.missevan
11-16 15:45:03.921  2010  3924 I HwMediaSessionServiceEx: getPlayerInfoList InfoList size: 0
11-16 15:45:03.921  2010  3924 I HwAudioServiceEx: MediaController observer activateListSize = 0
11-16 15:45:03.921  2010  3924 I HwMediaSessionServiceEx: registerEventObserver successfully.
11-16 15:45:03.921  2010  6465 V AudioManager: getStreamVolume streamType: 3 volume: 0
11-16 15:45:03.921  2010  3924 V HwMediaSessionServiceEx: on event EventType: 20, playerId: null
11-16 15:45:03.921  2010  3924 I HwMediaSessionServiceEx: onActiveSessionsChanged begin
11-16 15:45:03.921  2010  6465 V AudioManager: getStreamMaxVolume  treamType: 3
11-16 15:45:03.922   765 28603 I APM_AudioPolicyManager: getOutputsForDevices, openOutputs size is 2, outputs size is 2
11-16 15:45:03.922  2010  6465 V AudioManager: getStreamVolume streamType: 3 volume: 0
11-16 15:45:03.922  2010  3924 V HwMediaSessionServiceEx: isInMediaWhiteList: cn.missevan, 0
11-16 15:45:03.922  2010  3924 V HwMediaSessionServiceEx: this app is not in media white list, pkgName: cn.missevan
11-16 15:45:03.922   744  1423 I hisi_effect: SetEffectInfo:367: modules=20 dispPanelId=0
11-16 15:45:03.923  2010  6465 V AudioManager: getStreamMaxVolume  treamType: 3
11-16 15:45:03.923  2010  3924 V HwMediaSessionServiceEx: isInMediaWhiteList: cn.missevan, 0
11-16 15:45:03.923  2010  3924 V HwMediaSessionServiceEx: this app is not in media white list, pkgName: cn.missevan
11-16 15:45:03.923   765 28603 I APM_AudioPolicyManager: getOutputsForDevices, openOutputs size is 2, outputs size is 2
11-16 15:45:03.923  2010  6465 V AudioManager: getStreamVolume streamType: 3 volume: 0
11-16 15:45:03.923  2010  6465 V AudioManager: getStreamMaxVolume  treamType: 3
11-16 15:45:03.923   765 28603 I APM_AudioPolicyManager: getOutputsForDevices, openOutputs size is 2, outputs size is 2
11-16 15:45:03.923  2010  6465 V AudioManager: getStreamVolume streamType: 3 volume: 0
11-16 15:45:03.923  2010  6465 V AudioManager: getStreamMaxVolume  treamType: 3
11-16 15:45:03.923  2010  3924 V HwMediaSessionServiceEx: isInMediaWhiteList: cn.missevan, 0
11-16 15:45:03.923  2010  3924 V HwMediaSessionServiceEx: this app is not in media white list, pkgName: cn.missevan
11-16 15:45:03.923   765 28603 I APM_AudioPolicyManager: getOutputsForDevices, openOutputs size is 2, outputs size is 2
11-16 15:45:03.923  2010  6465 V AudioManager: getStreamVolume streamType: 3 volume: 0
11-16 15:45:03.924  2010  6465 V AudioManager: getStreamMaxVolume  treamType: 3
11-16 15:45:03.924   765 28603 I APM_AudioPolicyManager: getOutputsForDevices, openOutputs size is 2, outputs size is 2
11-16 15:45:03.924  2010  6465 V AudioManager: getStreamVolume streamType: 3 volume: 0
11-16 15:45:03.924  2010  3924 V HwMediaSessionServiceEx: isInMediaWhiteList: cn.missevan, 0
11-16 15:45:03.924  2010  3924 V HwMediaSessionServiceEx: this app is not in media white list, pkgName: cn.missevan
11-16 15:45:03.924  2010  3924 I HwMediaSessionServiceEx: getPlayerInfoList InfoList size: 0
11-16 15:45:03.924  2010  3924 I HwAudioServiceEx: MediaController observer activateListSize = 0
11-16 15:45:03.924  2010  3924 I HwMediaSessionServiceEx: registerEventObserver successfully.
11-16 15:45:03.924  2010  3924 V HwMediaSessionServiceEx: on event EventType: 20, playerId: null
11-16 15:45:03.956   744  1423 I hisi_effect: SetEffectInfo:367: modules=20 dispPanelId=0
11-16 15:45:03.962   765  1885 I AudioFlinger: thread 0x7f1f2544c0 type 0 TID 1885 waking up
11-16 15:45:03.963   765  1885 I AudioFlinger: acquireWakeLock_l() AudioOut_15 status 0 mWakeLockToken 0x7f2900e8f0
11-16 15:45:03.963  2010  3941 W ProcBatteryStats: timer is running , not start, name: audioserver, uid: 1041, tag: AudioMix
11-16 15:45:03.963  2010  2653 I PowerManagerService: handleSandman: wakefulness: 1,startDreaming: false
11-16 15:45:03.964   765 28603 I APM_AudioPolicyManager: getOutputsForDevices, openOutputs size is 2, outputs size is 2
11-16 15:45:03.964  6905  6905 V AudioManager: getStreamVolume streamType: 3 volume: 0
11-16 15:45:03.964  6905  6905 V AudioManager: isStreamMute   streamType: 3
11-16 15:45:03.968  6905  6905 V AudioManager: getStreamMaxVolume  treamType: 3
11-16 15:45:03.986  1059 18693 D aiserver: IgsService fusionId:4, notifyType:0
11-16 15:45:03.986  1059 18693 I aiserver: #IgsEventManager#GetParsersByFusionType fusionId:4,notifyType:0
11-16 15:45:03.986  1059 18693 I aiserver: #IgsEventManager#SmartScreenParser::parseFusionResult begin....
11-16 15:45:03.986  1059 18693 I aiserver: IgsRegisterParamManager reportRPVecotor size = 1
11-16 15:45:03.986  1059 18693 I aiserver: #IgsEventManager# SmartScreenParser: event_id:5, event_msg=faceDirection:-2
11-16 15:45:03.987  1059 18693 I aiserver: IgsService IgsEventThread eventId =5
11-16 15:45:03.987  1059 18693 I aiserver: IgsService IgsEventThread Find listener,pid=6950, eventId=5
11-16 15:45:03.987  1059 18693 I aiserver: IgsService onIgsEventDoneV2 call
11-16 15:45:03.987  6950 18691 I swingclient: IgsListenerProxy::onIgsEventDoneV2
11-16 15:45:03.987  6950 18691 D HWSWINGCA: -----onSwingEventDone----
11-16 15:45:03.987  6950 18691 I CAWARENESS_SwingManager: onSwingEventDone eventId = 5 eventStr=faceDirection:-2
11-16 15:45:03.987  6950 18691 I CAWARENESS_AbilityContext: [1668584704820] publishing {dataId=100000093, mode=0}
11-16 15:45:03.987  6950 18691 I CAWARENESS_AbilityContext: [1668584704820] deliver {dataId=100000093, mode=0} to 1 receivers
11-16 15:45:03.987  6950 18691 I swingclient: IgsListenerProxy::onIgsEventDone eventId = 5
11-16 15:45:03.988  2010  2647 D ActivityManager: setPrivilegeType r: ServiceRecord{1033d49 u0 cn.missevan/.play.player.PlayerService}, interfaceDescriptor : android.service.media.IMediaBrowserService
11-16 15:45:03.989  6950  7857 I CAWARENESS_CompatibleFenceTrigger: triggerForSwing with IAwarenessListener
11-16 15:45:03.989  6950  7067 I CAWARENESS_CompatibleFenceTrigger: fenceName 13 pid 2010 uid 1000
11-16 15:45:03.989  6950  7067 I CAWARENESS_CacheReportDataService: insertData
11-16 15:45:03.990 19377  6634 I HiAdKit.OpenDeviceIdentifierServiceImpl:  get oaid from:cn.missevan
11-16 15:45:03.990 19377  9925 I HiAdKit.SystemUtil:  isDeviceProvisioned: true
11-16 15:45:03.991 19377  9925 I HiAdKit.HiAdTools:  Target provider service's package name is : com.huawei.hwid
11-16 15:45:03.991  2010  3941 I HwSwingFaceRotationHub: handleFenceResult FaceDirection -2
11-16 15:45:03.991  2010  2620 D HwWindowManagerServiceEx: notifySwingRotation rotation:-2
11-16 15:45:03.991  2010  2620 V HwDisplayRotationEx: setSwingRotation -2
11-16 15:45:03.992 20069 23576 I fwkit_AbsContentProvider: [I/fwkit/fwkit_AbsContentProvider 20069:6629 AbsContentProvider.java:54] KitProcessAgentCoreProvider; callerPackage: com.huawei.hwid; method: query; uri: content://com.huawei.hms.runtimekit.kitcontainerservice.KitProcessAgentCoreProvider/com.huawei.hwid.pps.oaid/oaid/query
11-16 15:45:03.992 20069 23576 I HiAdKit.DC.OaidDataProvider:  query code: 1
11-16 15:45:03.992  2010  2620 I HwDisplayRotationEx: swingRotationForSensor desireRotation 0 swingRotation -2 sensorRotation -1 lastRotation 0
11-16 15:45:03.992  2010  2620 I HwWindowManagerServiceEx: setLandAnimationInfo : false
11-16 15:45:03.994  6950  7069 I CAWARENESS_AwarenessSQLiteDatabase: insert recId is 37834
11-16 15:45:03.994  6950  7069 I CAWARENESS_CacheReportDataService: Current count 168
11-16 15:45:03.998  2010  2647 D ActivityManager: setPrivilegeType r: ServiceRecord{1033d49 u0 cn.missevan/.play.player.PlayerService}, interfaceDescriptor : cn.missevan.play.aidl.IPlayerService
11-16 15:45:04.002   765 28603 D AudioPolicyService: getUidState(10083) cacheIter->second.first, return cacheIter->second.second(5)
11-16 15:45:04.003  2010  3878 I NetworkPolicy: updateRuleForRestrictBackgroundUL(10083): isForeground=false, isBlacklisted=false, isWhitelisted=true, isRestrictedByAdmin=false, oldRule=1 (NONE|ALLOW_METERED), newRule=0 (NONE), newUidRules=0 (NONE), oldUidRules=1 (NONE|ALLOW_METERED), mRestrictBackground=false
11-16 15:45:04.004  2010  2010 D HwConnectivityServiceEx: set 10083 wlan0 value false
11-16 15:45:04.010  6788  6788 I @@@BBPLOG: Info T78C5F0D0 CPlayMain L101 BPSDK 3.0.0.220, 11:41:31 Oct  9 2022. CPU: ARMV8. OS
11-16 15:45:04.011  6788  6788 V AudioManager: isBluetoothA2dpOn...
11-16 15:45:04.012  6788  6788 I AudioSystem: getDeviceConnectionState , Connecting to the Bluetooth device
11-16 15:45:04.012  6788  6788 I IAudioPolicyService: getDeviceConnectionState, BpAudioPolicy: Bluetooth device
11-16 15:45:04.012   765 28603 I IAudioPolicyService: onTransact, BnAudioPolicy Binder transaction: Bluetooth device
11-16 15:45:04.012   765 28603 I APM_AudioPolicyManager: AudioPolicyManager: Bluetooth device
11-16 15:45:04.012  6788  6788 I AudioSystem: getDeviceConnectionState , Connecting to the Bluetooth device
11-16 15:45:04.012  6788  6788 I IAudioPolicyService: getDeviceConnectionState, BpAudioPolicy: Bluetooth device
11-16 15:45:04.012   765 28603 I IAudioPolicyService: onTransact, BnAudioPolicy Binder transaction: Bluetooth device
11-16 15:45:04.012   765 28603 I APM_AudioPolicyManager: AudioPolicyManager: Bluetooth device
11-16 15:45:04.012  6788  6788 I AudioSystem: getDeviceConnectionState , Connecting to the Bluetooth device
11-16 15:45:04.012  6788  6788 I IAudioPolicyService: getDeviceConnectionState, BpAudioPolicy: Bluetooth device
11-16 15:45:04.012   765 28603 I IAudioPolicyService: onTransact, BnAudioPolicy Binder transaction: Bluetooth device
11-16 15:45:04.012   765 28603 I APM_AudioPolicyManager: AudioPolicyManager: Bluetooth device
11-16 15:45:04.018  4603  4660 W QueryController: Could not detect idle state.
11-16 15:45:04.019  2010  6453 E maple   :  info->si_addr not null: 0xc PC: c4bde700
11-16 15:45:04.020  4603  4660 W AccessibilityInteractionClient: old interaction Id is: -1,current interaction Id is:1106
11-16 15:45:04.037  4603  4660 I appium  : Found zero matches
11-16 15:45:04.038  4603  4660 I appium  : AppiumResponse: {"sessionId":"99d1857d-34f3-4904-986a-253a25fab314","value":[]}
11-16 15:45:04.055  6788  7081 D HwCustConnectivityManagerImpl: isBlockNetworkRequestByNonAis, INVALID_SUBSCRIPTION_ID
11-16 15:45:04.055  6788  7081 I ConnectivityManager: requestNetwork and the calling app is: cn.missevan
11-16 15:45:04.055  6788  6788 W chromium: [1116/154504.055851:WARNING:httpdns_adapter.cc(290)] HttpDns init
11-16 15:45:04.056  2010  6465 I ConnectivityService: requestNetwork for uid/pid:10231/6788 NetworkRequest [ TRACK_DEFAULT id=890, [ Capabilities: INTERNET&NOT_RESTRICTED&TRUSTED Uid: 10231 DNN:  SSCMODE: 0 SNSSAI:  PduSessionType: 0 RouteBitmap: 0] ]
11-16 15:45:04.056  2010  3889 I ConnectivityService: rematching NetworkAgentInfo [WIFI () - 107]
11-16 15:45:04.056  2010  3889 I ConnectivityService: CS = 0, NS = 60
11-16 15:45:04.056  2010  3889 I ConnectivityService: rematch for NetworkAgentInfo [WIFI () - 107]
11-16 15:45:04.056  2010  3889 I ConnectivityService: NetworkAgentInfo [WIFI () - 107] NC all is: 8 4 47 885 781 21 9 28 25 888 10 14 33 1 12 758 54 886
11-16 15:45:04.056  2010  3967 D Ethernet: got request NetworkRequest [ TRACK_DEFAULT id=890, [ Capabilities: INTERNET&NOT_RESTRICTED&TRUSTED Uid: 10231 DNN:  SSCMODE: 0 SNSSAI:  PduSessionType: 0 RouteBitmap: 0] ] with score 60 and serial -1
11-16 15:45:04.056  2010  3880 D WifiNetworkFactory: got request NetworkRequest [ TRACK_DEFAULT id=890, [ Capabilities: INTERNET&NOT_RESTRICTED&TRUSTED Uid: 10231 DNN:  SSCMODE: 0 SNSSAI:  PduSessionType: 0 RouteBitmap: 0] ] with score 60 and serial -1
11-16 15:45:04.056  2010  3880 D UntrustedWifiNetworkFactory: got request NetworkRequest [ TRACK_DEFAULT id=890, [ Capabilities: INTERNET&NOT_RESTRICTED&TRUSTED Uid: 10231 DNN:  SSCMODE: 0 SNSSAI:  PduSessionType: 0 RouteBitmap: 0] ] with score 60 and serial -1
11-16 15:45:04.056  4760  4760 D PhoneSwitcherNetworkRequstListener: got request NetworkRequest [ TRACK_DEFAULT id=890, [ Capabilities: INTERNET&NOT_RESTRICTED&TRUSTED Uid: 10231 DNN:  SSCMODE: 0 SNSSAI:  PduSessionType: 0 RouteBitmap: 0] ] with score 60 and serial -1
11-16 15:45:04.056  4760  4760 D PhoneSwitcherNetworkRequstListener: got request NetworkRequest [ TRACK_DEFAULT id=890, [ Capabilities: INTERNET&NOT_RESTRICTED&TRUSTED Uid: 10231 DNN:  SSCMODE: 0 SNSSAI:  PduSessionType: 0 RouteBitmap: 0] ] with score 60 and serial -1
11-16 15:45:04.057  6788  6788 I @@@BBPLOG: Info T78C5F0D0 CPlayMain L257 The DataLog BUVID: XY62BC569EE07C23523C77DF825B578DD5559
11-16 15:45:04.057  6788  6788 I @@@BBPLOG: Info T78C5F0D0 CPlayMain L250 The DataLog UserID: 0X8BC053
11-16 15:45:04.057  6788  6788 I @@@BBPLOG: Info T78c5f0d0 BBPFuncLog L123 ----CIPMng::Clear Value is 00000000 start.
11-16 15:45:04.057  6788  6788 I @@@BBPLOG: Info T78c5f0d0 BBPFuncLog L142 ----CIPMng::Clear leave! no return. Ussed Time: 0
11-16 15:45:04.057  6788  6788 I @@@BBPLOG: Info T78C5F0D0 CPlayMain L279 The DataLog net type: 3
11-16 15:45:04.057  6788  6788 I @@@BBPLOG: Info T78C5F0D0 CPlayMain L319 Set cronet engine: 0x7ee0a64d00
11-16 15:45:04.057  6788  6788 I @@@BBPLOG: Info T78C5F0D0 CPlayMain L291 The DataLog app type:   6
11-16 15:45:04.057  6788  6788 I @@@BBPLOG: Info T78C5F0D0 CPlayMain L264 The Session UUID: 96e9f9a7-aca0-4f44-9352-3476b2912d14
11-16 15:45:04.058  6788  7081 D HwCustConnectivityManagerImpl: isBlockNetworkRequestByNonAis, INVALID_SUBSCRIPTION_ID
11-16 15:45:04.058  2010  6465 I ConnectivityService: listenForNetwork for uid/pid:10231/6788 NetworkRequest [ LISTEN id=891, [ Capabilities: INTERNET&NOT_RESTRICTED&TRUSTED Uid: 10231 DNN:  SSCMODE: 0 SNSSAI:  PduSessionType: 0 RouteBitmap: 0] ]
11-16 15:45:04.058  6788  6788 I @@@BBPLOG: Info T78c5f0d0 bbPlayer L133 Open source: /data/user/0/cn.missevan/cache/splash/wifi/692822fc6461f8636d03435afe171ab2
11-16 15:45:04.059  2010  3889 I ConnectivityService: rematching NetworkAgentInfo [WIFI () - 107]
11-16 15:45:04.059  2010  3889 I ConnectivityService: NetworkAgentInfo [WIFI () - 107] NC all is: 8 4 47 885 781 21 9 28 25 888 890 10 14 33 1 12 758 54 886
11-16 15:45:04.062  6788  7085 I chromium: [1116/154504.062819:INFO:httpdns.cc(234)] OnEffectiveConnectionTypeChanged called by httpdns context networks 5
11-16 15:45:04.065  6788  7077 I @@@BBPLOG: Info TE0F29D50 CSrcEng L118 The source format is 1.  Size: 262144, 70797466
11-16 15:45:04.065  6788  7077 I @@@BBPLOG: Info Te0f29d50 BBPFuncLog L123 ----CMP4ParserBase::ReadBoxMoov Value is 00000000 start.
11-16 15:45:04.065  6788  7077 I @@@BBPLOG: Info TE0F29D50 CMP4Parser L628 The EDITLIST INFO Video Dur = 0, Start = 83, Scale = 12288, OffsetTime = 83
11-16 15:45:04.065  6788  7077 I @@@BBPLOG: Info Te0f29d50 BBPFuncLog L142 ----CMP4ParserBase::ReadBoxMoov leave! no return. Ussed Time: 0
11-16 15:45:04.070  6788  7091 I @@@BBPLOG: Info TE0D41D50 CFMGVideoDec L28 Create soft video decoder!
11-16 15:45:04.091  6788  7077 I @@@BBPLOG: Info TE0F29D50 CPlayEngn L123 The media fill buff is eos.
11-16 15:45:04.096  6788  7091 I @@@BBPLOG: Info TE0D41D50 CRndNDK L51 InitVideo: 1080   X   1920
11-16 15:45:04.096  6788  7091 I @@@BBPLOG: Info TE0D41D50 CNWinVideoRnd L32 It creates CNWinVideoRnd.
11-16 15:45:04.096  6788  7091 I @@@BBPLOG: Info TE0D41D50 CNWinVideoRnd L53 Render   Video Size  1080 X 1920
11-16 15:45:04.096  6788  7091 I @@@BBPLOG: Info TE0D41D50 CRndNDK L76 FFrame: 37   Dns: 0, Req: 0, Rsp: 0, Dat: 5
11-16 15:45:04.097   505   505 I hwservicemanager: getTransport: Cannot find entry android.hardware.graphics.allocator@3.0::IAllocator/default in either framework or device manifest.
11-16 15:45:04.098  6611  6891 W Gralloc3: allocator 3.x is not supported
11-16 15:45:04.099   505   505 I hwservicemanager: getTransport: Cannot find entry android.hardware.graphics.mapper@3.0::IMapper/default in either framework or device manifest.
11-16 15:45:04.100  6788  7091 W Gralloc3: mapper 3.x is not supported
11-16 15:45:04.161  6788  6788 I @@@BBPLOG: Info T78C5F0D0 CPlayMain L264 The Session UUID: 4fb348fe-de7f-4e00-8a4f-94ec8ed8aa5f
11-16 15:45:04.178  6611  6611 I AudioManager: requestAudioFocus focusRequest
11-16 15:45:04.179  2010  6465 I MediaFocusControl: requestAudioFocus() from uid/pid 10231/6611 clientId=android.media.AudioManager@4399df3 callingPack=cn.missevan req=2 flags=0x0 sdk=28
11-16 15:45:04.180  2010  6465 I HwPCUtils#HwMediaFocusControl: isMediaForDPExternalDisplay audioAttributes = AudioAttributes: usage=USAGE_MEDIA content=CONTENT_TYPE_MUSIC flags=0x800 tags= bundle=null, clientId = android.media.AudioManager@4399df3, mInDestopMode = false, uid = 10231
11-16 15:45:04.180  2010  6465 I HwPCUtils#MediaFocusControl: requestAudioFocus isInExternalDisplay = false
11-16 15:45:04.180   765 28603 I APM_HwAudioPolicyMix: getMixPackages size: 0
11-16 15:45:04.180  2010  6465 I HwAudioPolicyMix-JNI: getMixPackages mixId: 0, package size: 0
11-16 15:45:04.180  2010  6465 I HwMediaFocusControl: isRemoteAppFromDmsDp: false, packageName: cn.missevan, packages: []
11-16 15:45:04.181  4297  4981 D PGAudioState: audio focus pkg : cn.missevan last focus pkg : cn.missevan
11-16 15:45:04.181  4297  4981 I AppManager: audio focus pkg: cn.missevan
11-16 15:45:04.182  2010  6465 I HwMediaFocusControl: getRemoteAppFocusStackKey, key:
11-16 15:45:04.182  2010  6465 I HwMediaFocusControl: getAudioFocusStack, use the local audio focus stack
11-16 15:45:04.182  2010  6465 I AudioService.PlaybackActivityMonitor: unduckPlayers: uids winner=10231
11-16 15:45:04.182  2010  6465 I AudioService.PlaybackActivityMonitor: DuckingManager: unduckUid() uid:10231
11-16 15:45:04.183  1052  1076 D AwareLog: iawared: WorkingsetProcessCommand subCmd = 351, userId=10231, pid=6611, cn.missevan
11-16 15:45:04.183  1052  1076 D AwareLog: iawared: WorkingsetPause cn.missevan
11-16 15:45:04.198   765 28603 I APM_AudioPolicyManager: getOutputsForDevices, openOutputs size is 2, outputs size is 2
11-16 15:45:04.198  6788  6788 V AudioManager: getStreamVolume streamType: 3 volume: 0
11-16 15:45:04.198  6788  6788 V AudioManager: isStreamMute   streamType: 3
11-16 15:45:04.200  6788  6788 V AudioManager: getStreamMaxVolume  treamType: 3
11-16 15:45:04.221   765  1874 I asd_out_fwk: L = [0], R = [0], continus 20 times, Device = 0x2
11-16 15:45:04.236  4088  4088 I PanelView1: notifyBarPanelExpansionChanged isPanelVisibleBecauseOfHeadsUp=false,mInstantExpanding=false,mTracking=false
11-16 15:45:04.236  4088  4088 I PanelView2: notifyBarPanelExpansionChanged mPeekAnimator is non null?false,mHeightAnimator is non null?false
11-16 15:45:04.236  4088  4088 I HwCtrlCtr: ControlCenterImpl: release control blur image!
11-16 15:45:04.237  4088  4088 I PanelView1: notifyBarPanelExpansionChanged isPanelVisibleBecauseOfHeadsUp=false,mInstantExpanding=false,mTracking=false
11-16 15:45:04.237  4088  4088 I PanelView2: notifyBarPanelExpansionChanged mPeekAnimator is non null?false,mHeightAnimator is non null?false
11-16 15:45:04.237  4088  4088 I HwCtrlCtr: ControlCenterImpl: release control blur image!
11-16 15:45:04.237  2010  2624 I WindowManager: dispatchResized : win = Window{1079a09 u0 cn.missevan/cn.missevan.activity.MainActivity} drawState = HAS_DRAWN
11-16 15:45:04.257  2010  3880 I WificondControl: Noise: -74, Snr: 38, Chload: 318, rssi: -29, txBitrate: 400, rxBitrate: 400, frequency: 5745, UlDelay: 0, currentTxBytes: 46476555, currentTxPackets: 379286, currentTxFailed: 0, currentRxBytes: 1063804861, currentRxPackets: 1789392
11-16 15:45:04.260  2010  3971 I HuaweiWifiWatchdogStateMachine: POta txb txg rxg:0, 101, 0. Lr =0% Totpkt=101
11-16 15:45:04.260  2010  3879 I WiFi_PRO: MSG_RETURN_AP_CURRY_RSSI rssi = -29
11-16 15:45:04.260  2010  3879 I QosMonitor: queryRtt: rttType = 3
11-16 15:45:04.260  2010  3879 I HwWifiProServiceProxy: ctrlHwWifiNetwork pkgName: WIFIPRO_SERVICE interfaceId: 8
11-16 15:45:04.260  2010  3879 I QosMonitor: postEventFromNative: msg=100,arg1=4,arg2=10
11-16 15:45:04.260  2010  3879 I HwWifiProServiceProxy: ctrlHwWifiNetwork pkgName: WIFIPRO_SERVICE interfaceId: 8
11-16 15:45:04.260  2010  3974 I HwDualBandManager: handle2gApStrongWifiRssiChange
11-16 15:45:04.260  2010  3879 I QosMonitor: postEventFromNative: msg=100,arg1=0,arg2=10
11-16 15:45:04.260  2010  3879 I MQoS    : rtt=208,tcpTxPkts=735636,tcpRxPkts=1988153
11-16 15:45:04.260  2010  3879 I QosMonitor: resetRtt: rttType = 3
11-16 15:45:04.260  2010  3879 I HwWifiProServiceProxy: ctrlHwWifiNetwork pkgName: WIFIPRO_SERVICE interfaceId: 8
11-16 15:45:04.261  2010 11971 I MQoS    : QOS_level:0(0),wifi-link;SIM error;use level-0
11-16 15:45:04.261  2010 11971 I MQoS    : skip-low-Level:0(0),wifi-link;SIM error;use level-0
11-16 15:45:04.262  2010  3971 I HuaweiWifiWatchdogStateMachine: PTcp RTT:208, rtt pkt=95, tcp_rx=181, tcp_tx=224, tcp_reTran=0, rtRate=0
11-16 15:45:04.262  2010  3971 I HuaweiWifiWatchdogStateMachine: start computeQosLevel tcpRtt = 208 ,rssi = -29 ,mBestSpeedInPeriod = 19175
11-16 15:45:04.262  2010  3971 I HuaweiWifiWatchdogStateMachine: smoothConsecutiveQosResults, currentQosLevel = 3
11-16 15:45:04.266  6788  7107 W VideoCapabilities: Unrecognized profile/level 0/0 for video/mpeg2
11-16 15:45:04.266  6788  7107 W VideoCapabilities: Unrecognized profile/level 0/2 for video/mpeg2
11-16 15:45:04.266  6788  7107 W VideoCapabilities: Unrecognized profile/level 0/3 for video/mpeg2
11-16 15:45:04.266  6788  7107 I VideoCapabilities: Unsupported profile 5 for video/mpeg2
11-16 15:45:04.266  6788  7107 I chatty  : uid=10231(cn.missevan) ExoPlayer:Playb identical 2 lines
11-16 15:45:04.266  6788  7107 I VideoCapabilities: Unsupported profile 5 for video/mpeg2
11-16 15:45:04.266  6788  7107 W VideoCapabilities: Unrecognized profile/level 1/32 for video/mp4v-es
11-16 15:45:04.266  6788  7107 W VideoCapabilities: Unrecognized profile/level 32768/2 for video/mp4v-es
11-16 15:45:04.266  6788  7107 W VideoCapabilities: Unrecognized profile/level 32768/64 for video/mp4v-es
11-16 15:45:04.291  6788  7112 D CCodec  : allocate(c2.android.mp3.decoder)
11-16 15:45:04.294  6788  7112 I Codec2Client: Available Codec2 services: "software"
11-16 15:45:04.294  6788  7112 I Codec2Client: Creating a Codec2 client to service "software"
11-16 15:45:04.294  6788  7112 I Codec2Client: Client to Codec2 service "software" created
11-16 15:45:04.295  1056  6581 V C2Store : in init
11-16 15:45:04.295  1056  6581 V C2Store : loading dll
11-16 15:45:04.296  6788  7112 I CCodec  : Created component [c2.android.mp3.decoder]
11-16 15:45:04.296  6788  7112 D CCodecConfig: read media type: audio/mpeg
11-16 15:45:04.296  6788  7112 D ReflectedParamUpdater: extent() != 1 for single value type: algo.buffers.max-count.values
11-16 15:45:04.297  6788  7112 D ReflectedParamUpdater: extent() != 1 for single value type: output.subscribed-indices.values
11-16 15:45:04.297  6788  7112 D ReflectedParamUpdater: extent() != 1 for single value type: input.buffers.allocator-ids.values
11-16 15:45:04.297  6788  7112 D ReflectedParamUpdater: extent() != 1 for single value type: output.buffers.allocator-ids.values
11-16 15:45:04.297  6788  7112 D ReflectedParamUpdater: extent() != 1 for single value type: algo.buffers.allocator-ids.values
11-16 15:45:04.297  6788  7112 D ReflectedParamUpdater: extent() != 1 for single value type: output.buffers.pool-ids.values
11-16 15:45:04.297  6788  7112 D ReflectedParamUpdater: extent() != 1 for single value type: algo.buffers.pool-ids.values
11-16 15:45:04.297  6788  7112 I CCodecConfig: query failed after returning 7 values (BAD_INDEX)
11-16 15:45:04.297  6788  7112 D CCodecConfig: c2 config is Dict {
11-16 15:45:04.297  6788  7112 D CCodecConfig:   c2::u32 coded.bitrate.value = 64000
11-16 15:45:04.297  6788  7112 D CCodecConfig:   c2::u32 input.buffers.max-size.value = 8192
11-16 15:45:04.297  6788  7112 D CCodecConfig:   c2::u32 input.delay.value = 0
11-16 15:45:04.297  6788  7112 D CCodecConfig:   string input.media-type.value = "audio/mpeg"
11-16 15:45:04.297  6788  7112 D CCodecConfig:   string output.media-type.value = "audio/raw"
11-16 15:45:04.297  6788  7112 D CCodecConfig:   c2::u32 raw.channel-count.value = 2
11-16 15:45:04.297  6788  7112 D CCodecConfig:   c2::u32 raw.sample-rate.value = 44100
11-16 15:45:04.297  6788  7112 D CCodecConfig: }
11-16 15:45:04.298  6788  7112 D CCodecConfig: config failed => CORRUPTED
11-16 15:45:04.298  6788  7112 W Codec2Client: query -- param skipped: index = 1107298332.
11-16 15:45:04.298  6788  7112 D CCodec  : client requested max input size 4096, which is smaller than what component recommended (8192); overriding with component recommendation.
11-16 15:45:04.298  6788  7112 W CCodec  : This behavior is subject to change. It is recommended that app developers double check whether the requested max input size is in reasonable range.
11-16 15:45:04.298  6788  7112 D CCodec  : setup formats input: AMessage(what = 0x00000000) = {
11-16 15:45:04.298  6788  7112 D CCodec  :   int32_t channel-count = 2
11-16 15:45:04.298  6788  7112 D CCodec  :   int32_t max-input-size = 8192
11-16 15:45:04.298  6788  7112 D CCodec  :   string mime = "audio/mpeg"
11-16 15:45:04.298  6788  7112 D CCodec  :   int32_t sample-rate = 44100
11-16 15:45:04.298  6788  7112 D CCodec  : } and output: AMessage(what = 0x00000000) = {
11-16 15:45:04.298  6788  7112 D CCodec  :   int32_t channel-count = 2
11-16 15:45:04.298  6788  7112 D CCodec  :   string mime = "audio/raw"
11-16 15:45:04.298  6788  7112 D CCodec  :   int32_t sample-rate = 44100
11-16 15:45:04.298  6788  7112 D CCodec  : }
11-16 15:45:04.298  6788  7112 W Codec2Client: query -- param skipped: index = 1342179345.
11-16 15:45:04.298  6788  7112 W Codec2Client: query -- param skipped: index = 2415921170.
11-16 15:45:04.299  6788  7112 D BufferPoolManager: # of cleaned connections: 0
11-16 15:45:04.299  6788  7112 D BufferPoolManager: create new connection 29155906589952
11-16 15:45:04.299  6788  7112 D CCodecBufferChannel: [c2.android.mp3.decoder#712] Created input block pool with allocatorID 16 => poolID 17 - OK (0)
11-16 15:45:04.299  1056  1056 D BufferPoolManager: # of cleaned connections: 1
11-16 15:45:04.299  1056  1056 D BufferPoolManager: create new connection 4537153571849
11-16 15:45:04.299  6788  7112 I CCodecBufferChannel: [c2.android.mp3.decoder#712] Created output block pool with allocatorID 16 => poolID 213 - OK
11-16 15:45:04.299  6788  7112 D CCodecBufferChannel: [c2.android.mp3.decoder#712] Configured output block pool ids 213 => OK
11-16 15:45:04.299  6788  7112 E ion     : ioctl c0044901 failed with code -1: Not a typewriter
11-16 15:45:04.299  1056  7116 D SimpleC2Component: Using output block pool with poolID 213 => got 213 - 0
11-16 15:45:04.301  4297  4981 I DeviceStateService: app: cn.missevan pid: 6788 start mediacodec.
11-16 15:45:04.301  1056  1056 D BufferPoolManager: register new connection 29155906589953
11-16 15:45:04.301  6788  7112 D BufferPoolManager: client death recipient registered 29155906589953
11-16 15:45:04.302  1056  7116 I C2SoftMp3Dec: Reconfiguring decoder: 0->44100 Hz, 0->2 channels
11-16 15:45:04.302  6788  7115 D BufferPoolManager: register new connection 4537153571850
11-16 15:45:04.302  1056  7116 D BufferPoolManager: client death recipient registered 4537153571850
11-16 15:45:04.304   765 28603 I APM_AudioPolicyManager: getOutputsForDevices, openOutputs size is 2, outputs size is 2
11-16 15:45:04.304   765 28603 I chatty  : uid=1041(audioserver) Binder:765_9 identical 1 line
11-16 15:45:04.304   765 28603 I APM_AudioPolicyManager: getOutputsForDevices, openOutputs size is 2, outputs size is 2
11-16 15:45:04.305  6788  7107 I AudioTrack-JNI: AudioTrack_setup for usage=1 content=2 flags=0x0xa00 tags=
11-16 15:45:04.305   765 28603 I AudioPolicyManagerCustomImpl: sample rate: 44100, format: 0x1, channel_mask: 0x3usage=1 content=2 flags=0x0xa00 tags=bitsPerSample: 16, channelCount = 2 streamType =3
11-16 15:45:04.305   740 27086 I AudioModuleManager: [AudioModuleGetParameters:71]: list size: 13
11-16 15:45:04.306   765 28603 I AudioPolicyManagerCustomImpl: isInLowLatency() 0
11-16 15:45:04.306   765 28603 I APM_AudioPolicyManager: getOutputsForDevices, openOutputs size is 2, outputs size is 2
11-16 15:45:04.306   740 27086 I audio_hw_direct: [adev_get_direct_devices_parameters:908]: get direct_devices (536870924)
11-16 15:45:04.306   765 28603 W AudioPolicyManagerCustomImpl: isDirectOutputSupported: headset is not onsite, not support
11-16 15:45:04.306   765 28603 W AudioPolicyManagerCustomImpl: isDirectOutputSupported: is unsupport stream
11-16 15:45:04.306   765 28603 I AudioPolicyIntefaceImpl: getOutputForAttr() session 993, attr->flags 0xa00, flags 0x8, selectedDeviceId 0, pid 6788, uid 10231
11-16 15:45:04.307   765 28603 E AudioPolicyIntefaceImpl: selectDevice() IDeviceSelectCallback == nullptr
11-16 15:45:04.307   765 28603 I APM_AudioPolicyManager: getOutputForDevice() stream 3, flags 8, forceMutingHaptic 1 device 0x2
11-16 15:45:04.307   765 28603 I AudioPolicyManagerCustomImpl:  ChangeFlagsFromGetOutputForDevice  platform: 0
11-16 15:45:04.307   765 28603 I APM_AudioPolicyManager: getOutputsForDevices, openOutputs size is 2, outputs size is 2
11-16 15:45:04.307   765 28603 I APM_AudioPolicyManager: getOutputForDevice() select output 13 from 2 outputs for device 0x2
11-16 15:45:04.307   765 28603 I APM_AudioPolicyManager: getOutputForDevice() returns output 13
11-16 15:45:04.307   765 28603 I APM_AudioPolicyManager: getOutputForAttr() returns output 13 requestedPortId 0 selectedDeviceId 3 for port ID 173
11-16 15:45:04.307   765 28603 I AudioFlinger: createTrack() sessionId: 993
11-16 15:45:04.307   765 28603 W AudioFlinger: createTrack_l(): mismatch between requested flags (00000008) and output flags (00000002)
11-16 15:45:04.308   765 28603 I AudioFlinger: Client defaulted notificationFrames to 3675 for frameCount 11025
11-16 15:45:04.308   765 28603 I AudioFlinger: createTrack_l : sharedBuffer=0x0 requestframeCnt=11025 actualframeCnt=11025 format=0x1 mFormat=0x3 channelMask=0x3 sampleRate=44100 mSampleRate=48000 requestflags=0x8 actualflags=0 outputflags=0x2 requestnotificationFrameCount=0, notificationFrameCount=3675, hasFastMixer=0 pid=6788 tid=-1
11-16 15:45:04.308   765 28603 I AF::TrackHandle: OpPlayAudio: track:197 usage:1 not muted
11-16 15:45:04.308   765 28603 I AudioFlinger: DevSched: uid is 10231, factor is 1.000000, mode_eq is 1
11-16 15:45:04.309  4297  4981 I PGAudioState: AUDIO_CREATAE_TRACK, audioInfo : [trackId : 197, sessionId : 993, type : audio_out, threadType : MIXER, streamType : MUSIC, pid : 6788, uid : 10231, createState : new, playState : stop, audioTrackVolume: 1.0, finalVolume : 0.0, loop : false, stopByZeroTime : 0]
11-16 15:45:04.310  2010  6453 I AudioService.PlaybackActivityMonitor: trackPlayer() new piid=1671
11-16 15:45:04.312  4297  4981 I PGAudioState: receive session 993 aduio track volume state : 1000
11-16 15:45:04.314  4297  4981 I PGAudioState: already clear stopByZero Time  sessionId : 993
11-16 15:45:04.314  4297  4981 I PGAudioState: not start audio out because audio inactive pid: 6788 uid:10231
11-16 15:45:04.315  6788  7107 D PlayerBase: baseStart() piid=1671
11-16 15:45:04.315  2010  6453 I AudioService.PlaybackActivityMonitor: playerEvent(piid=1671, event=2, binderUid=10231)
11-16 15:45:04.315  2010  6453 I AudioService.PlaybackActivityMonitor: DuckingManager: checkDuck() player piid:1671 uid:10231
11-16 15:45:04.315  2010  6453 I AudioService.PlaybackActivityMonitor: dispatchPlaybackChange to 4 clients
11-16 15:45:04.315  2010  2010 D AudioManager: dispatching onPlaybackConfigChanged()
11-16 15:45:04.315   765  1027 I AudioFlinger: start output session(993) pid(6788)
11-16 15:45:04.315  2010  2010 I AudioPlayerStateMonitor: Found a new active media playback. ID:1671 -- type:android.media.AudioTrack -- u/pid:10231/6788 -- state:started -- attr:AudioAttributes: usage=USAGE_MEDIA content=CONTENT_TYPE_MUSIC flags=0xA00 tags= bundle=null
11-16 15:45:04.315   765  1010 D AudioFlinger: setParameters(): io 0, keyvalue start_stream=3, calling pid 765 calling uid 1041
11-16 15:45:04.315  2010  2010 I MediaSessionStack: updateMediaButtonSessionIfNeeded, callers=com.android.server.media.MediaSessionService.lambda$onStart$0$MediaSessionService:4976912 com.android.server.media.AudioPlayerStateMonitor$MessageHandler.handleMessage:5629932
11-16 15:45:04.315   740 27086 I AudioModuleManager: [AudioModuleSetParameters:51]: list size: 13
11-16 15:45:04.316   740 27086 I sound_trigger_switch: [out_stream_type_match:67]: stream type 0x8 match
11-16 15:45:04.316   740 27086 I sound_trigger_interface_adapter: [sound_trigger_soc_normal_enable:453]: enable value is same
11-16 15:45:04.316   740 27086 I sound_trigger_switch: [update_sound_trigger_mode:168]: sound_trigger_soc_normal_enable: true
11-16 15:45:04.316   740 27086 I sound_trigger_parse_params: [parse_start_stream_params:278]: start stream types 3, 0x8
11-16 15:45:04.316  4088  4088 D AudioManager: dispatching onPlaybackConfigChanged()
11-16 15:45:04.316  4088  4088 I NotificationMediaManager: transConfigurationsToUids: activeMediaUids=10231;
11-16 15:45:04.316   765  1027 I APM_AudioPolicyManager: startOutput() output 13, stream 3, session 993, portId 173, phoneState 0,        communiCf 1, excommcf 0, mediaCf 0, exmediacf 0
11-16 15:45:04.316   765  1027 I APM::AudioOutputDescriptor: IOprofile maxActiveCount == 0 curActiveCount = 0
11-16 15:45:04.316   765  1027 I APM::AudioOutputDescriptor: start, output handle 13, profile name: primary out, curActiveCount: 1
11-16 15:45:04.316   765  1027 I APM_AudioPolicyManager: getOutputsForDevices, openOutputs size is 2, outputs size is 2
11-16 15:45:04.316   765  1027 I APM_AudioPolicyManager: getNewOutputDevices output 13 selected devices {type:0x2} connectdeDevices(11003)
11-16 15:45:04.316   765  1027 I APM_AudioPolicyManager: setOutputDevices device {type:0x2} delayMs 0 force 0 outputDesc 13 from startSource first
11-16 15:45:04.316   765  1027 I APM_AudioPolicyManager: setOutputDevices: suppressing checkDeviceMuteStrategies
11-16 15:45:04.316   765  1027 I APM_AudioPolicyManager: setOutputDevices check for shareModule new device({type:0x2}) mPrimaryDevices({type:0x2}) delayMs(0) force(0) dispatchToHal(0) changePrimaryDevice(0)
11-16 15:45:04.316   765  1027 I APM_AudioPolicyManager: setOutputDevices device {type:0x2} delayMs 0 force 0 outputDesc 13 from startSource second
11-16 15:45:04.316   765  1027 I APM_AudioPolicyManager: setOutputDevices: suppressing checkDeviceMuteStrategies
11-16 15:45:04.316   765  1027 I APM_AudioPolicyManager: setOutputDevices check for shareModule new device({type:0x2}) mPrimaryDevices({type:0x2}) delayMs(0) force(0) dispatchToHal(0) changePrimaryDevice(0)
11-16 15:45:04.316   740 27086 I AudioModuleManager: [AudioModuleGetParameters:71]: list size: 13
11-16 15:45:04.317   765  1027 I APM_AudioPolicyManager: startSource byPassEffectForDmsdp 0, mByPassEffectForDmsdp 0
11-16 15:45:04.317   765  1027 I APM::AudioOutputDescriptor: do not setVolume.
11-16 15:45:04.317   765  1027 I APM_AudioPolicyManager: checkAndSetVolume volumeSource 6, index 0, device 00000002, volumeDb -758.000000, output 13
11-16 15:45:04.318   765  1010 D AudioFlinger: setParameters(): io 0, keyvalue streamDevices=2;streamType=3;volumeIndex=0, calling pid 765 calling uid 1041
11-16 15:45:04.318   740   850 I AudioModuleManager: [AudioModuleSetParameters:51]: list size: 13
11-16 15:45:04.318   740   850 I audio_hw_effect: [voice_enhance_set_volume:1991]: voice enhance volume index value: 0
11-16 15:45:04.319   765  1027 I APM::AudioPolicyEngine: ignore device 8000 from 11003
11-16 15:45:04.319   765  1027 I APM_AudioPolicyManager: getOutputsForDevices, openOutputs size is 2, outputs size is 2
11-16 15:45:04.319   765  1027 I APM_AudioPolicyManager: getOutputsForDevices, openOutputs size is 2, outputs size is 2
11-16 15:45:04.319   765  1027 I APM::AudioPolicyEngine: ignore device 8000 from 11003
11-16 15:45:04.320   765  1010 D AudioFlinger: setParameters(): io 0, keyvalue SmartPA_LowVolume=on, calling pid 765 calling uid 1041
11-16 15:45:04.320   740 27086 I AudioModuleManager: [AudioModuleSetParameters:51]: list size: 13
11-16 15:45:04.320   765  1027 I AudioPolicyManagerCustomBase: SmartPA_LowVolume=on
11-16 15:45:04.320   765  1027 I AudioPolicyManagerCustomBase: start output needFade first: 0
11-16 15:45:04.321   765  1027 I APM_AudioPolicyManager: getOutputsForDevices, openOutputs size is 2, outputs size is 2
11-16 15:45:04.321   765  1027 I AudioPolicyManagerCustomBase: start output needFade second: 0
11-16 15:45:04.321   765  1010 D AudioFlinger: setParameters(): io 0, keyvalue audio_run=on, calling pid 765 calling uid 1041
11-16 15:45:04.321   740 27086 I AudioModuleManager: [AudioModuleSetParameters:51]: list size: 13
11-16 15:45:04.321   765  1027 I APM_AudioPolicyManager: sendAudioCloseOrOpen changed isAudioOpen=1
11-16 15:45:04.321   765  1027 I stereoWidening_frame: volumeDb = -758.000000
11-16 15:45:04.322  6788  7107 D android.media.AudioTrack: [HSM] AudioTrace play() uid: 10231, pid: 6788
11-16 15:45:04.322  4667  6426 E HsmCoreServiceImpl: onTransact in code is: 102
11-16 15:45:04.322  4667  6426 I MediaProcessHandler: processOp opType: 0, uid: 10231, pid: 6788
11-16 15:45:04.322  4667  6426 I MediaProcessHandler: executedCallBack opType: 0 mMediaStatusObservers.size=1
11-16 15:45:04.323  4297  4981 I PGAudioState: AUDIO_ADD_ACTIVE_TRACK, track id : 197
11-16 15:45:04.323  4297  4981 I PGAudioState: not start audio out because audio inactive pid: 6788 uid:10231
11-16 15:45:04.323  2010  6453 I HwSwingMotionGestureHandler: processName:cn.missevan:player.main,pkgName:cn.missevan
11-16 15:45:04.323  2010  6453 I HwSwingMotionGestureHandler: current app:cn.missevan,appType:7
11-16 15:45:04.323  2010  6453 I HwSwingMotionGestureHandler: onMusicPlaying pkgName:cn.missevan
11-16 15:45:04.326  6788  6788 I AudioManager: requestAudioFocus focusRequest
11-16 15:45:04.327  2010  6453 I MediaFocusControl: requestAudioFocus() from uid/pid 10231/6788 clientId=android.media.AudioManager@e5db3c1cn.missevan.lib.utils.AudioUtils@2f08766 callingPack=cn.missevan req=2 flags=0x1 sdk=28
11-16 15:45:04.327  2010  6453 I HwPCUtils#HwMediaFocusControl: isMediaForDPExternalDisplay audioAttributes = AudioAttributes: usage=USAGE_MEDIA content=CONTENT_TYPE_MUSIC flags=0x800 tags= bundle=null, clientId = android.media.AudioManager@e5db3c1cn.missevan.lib.utils.AudioUtils@2f08766, mInDestopMode = false, uid = 10231
11-16 15:45:04.327  2010  6453 I HwPCUtils#MediaFocusControl: requestAudioFocus isInExternalDisplay = false
11-16 15:45:04.327   765  1027 I APM_HwAudioPolicyMix: getMixPackages size: 0
11-16 15:45:04.327  2010  6453 I HwAudioPolicyMix-JNI: getMixPackages mixId: 0, package size: 0
11-16 15:45:04.327  2010  6453 I HwMediaFocusControl: isRemoteAppFromDmsDp: false, packageName: cn.missevan, packages: []
11-16 15:45:04.328  2010  6453 I HwMediaFocusControl: getRemoteAppFocusStackKey, key:
11-16 15:45:04.328  2010  6453 I HwMediaFocusControl: getAudioFocusStack, use the local audio focus stack
11-16 15:45:04.328  2010  6453 I HwPCUtils#HwMediaFocusControl: isMediaForDPExternalDisplay audioAttributes = AudioAttributes: usage=USAGE_MEDIA content=CONTENT_TYPE_MUSIC flags=0x800 tags= bundle=null, clientId = android.media.AudioManager@4399df3, mInDestopMode = false, uid = 10231
11-16 15:45:04.328  2010  6453 I HwPCUtils#HwMediaFocusControl: travelsFocusedStack isInExternalDisplay = false
11-16 15:45:04.328  2010  6453 I AudioService.PlaybackActivityMonitor: unduckPlayers: uids winner=10231
11-16 15:45:04.328  2010  6453 I AudioService.PlaybackActivityMonitor: DuckingManager: unduckUid() uid:10231
11-16 15:45:04.328  4297  4981 D PGAudioState: audio focus pkg : cn.missevan last focus pkg : cn.missevan
11-16 15:45:04.328  4297  4981 I AppManager: audio focus pkg: cn.missevan
11-16 15:45:04.331   765  1874 D AudioMixer: create ModeEQInit name: 0xc5
11-16 15:45:04.331   765  1874 I peq_android: PEQ_OUTPROC_INIT success
