11-16 15:45:15.178  2010  6453 D HwConnectivityServiceEx: set 10231 NULL value false
11-16 15:45:15.192  4603  4660 I appium  : [104782384 (success)] Synthesized: MotionEvent { action=ACTION_MOVE, actionButton=0, id[0]=0, x[0]=478.92307, y[0]=1164.0, toolType[0]=TOOL_TYPE_FINGER, buttonState=0, classification=NONE, metaState=0, flags=0x0, edgeFlags=0x0, pointerCount=1, historySize=0, eventTime=104782384, downTime=104781727, deviceId=0, source=0x1002, displayId=0 }
11-16 15:45:15.209  4603  4660 I appium  : [104782404 (success)] Synthesized: MotionEvent { action=ACTION_MOVE, actionButton=0, id[0]=0, x[0]=551.3077, y[0]=1164.0, toolType[0]=TOOL_TYPE_FINGER, buttonState=0, classification=NONE, metaState=0, flags=0x0, edgeFlags=0x0, pointerCount=1, historySize=0, eventTime=104782404, downTime=104781727, deviceId=0, source=0x1002, displayId=0 }
11-16 15:45:15.213  1064  1450 E ScreemCommon: fail to extract lcd fps mode!
11-16 15:45:15.214  1064  1450 W ScreemCommon: ProcessEntry, not beta version or commercial log off
11-16 15:45:15.226  4603  4660 I appium  : [104782420 (success)] Synthesized: MotionEvent { action=ACTION_MOVE, actionButton=0, id[0]=0, x[0]=623.69226, y[0]=1164.0, toolType[0]=TOOL_TYPE_FINGER, buttonState=0, classification=NONE, metaState=0, flags=0x0, edgeFlags=0x0, pointerCount=1, historySize=0, eventTime=104782420, downTime=104781727, deviceId=0, source=0x1002, displayId=0 }
11-16 15:45:15.243  4603  4660 I appium  : [104782438 (success)] Synthesized: MotionEvent { action=ACTION_MOVE, actionButton=0, id[0]=0, x[0]=696.0769, y[0]=1164.0, toolType[0]=TOOL_TYPE_FINGER, buttonState=0, classification=NONE, metaState=0, flags=0x0, edgeFlags=0x0, pointerCount=1, historySize=0, eventTime=104782438, downTime=104781727, deviceId=0, source=0x1002, displayId=0 }
11-16 15:45:15.262  4603  4660 I appium  : [104782455 (success)] Synthesized: MotionEvent { action=ACTION_MOVE, actionButton=0, id[0]=0, x[0]=768.46155, y[0]=1164.0, toolType[0]=TOOL_TYPE_FINGER, buttonState=0, classification=NONE, metaState=0, flags=0x0, edgeFlags=0x0, pointerCount=1, historySize=0, eventTime=104782455, downTime=104781727, deviceId=0, source=0x1002, displayId=0 }
11-16 15:45:15.276  4603  4660 I appium  : [104782474 (success)] Synthesized: MotionEvent { action=ACTION_MOVE, actionButton=0, id[0]=0, x[0]=840.8461, y[0]=1164.0, toolType[0]=TOOL_TYPE_FINGER, buttonState=0, classification=NONE, metaState=0, flags=0x0, edgeFlags=0x0, pointerCount=1, historySize=0, eventTime=104782474, downTime=104781727, deviceId=0, source=0x1002, displayId=0 }
11-16 15:45:15.279  2010  2653 I PowerManagerService: handleSandman: wakefulness: 1,startDreaming: false
11-16 15:45:15.293  4603  4660 I appium  : [104782488 (success)] Synthesized: MotionEvent { action=ACTION_MOVE, actionButton=0, id[0]=0, x[0]=913.2307, y[0]=1164.0, toolType[0]=TOOL_TYPE_FINGER, buttonState=0, classification=NONE, metaState=0, flags=0x0, edgeFlags=0x0, pointerCount=1, historySize=0, eventTime=104782488, downTime=104781727, deviceId=0, source=0x1002, displayId=0 }
11-16 15:45:15.311  4603  4660 I appium  : [104782504 (success)] Synthesized: MotionEvent { action=ACTION_MOVE, actionButton=0, id[0]=0, x[0]=985.61536, y[0]=1164.0, toolType[0]=TOOL_TYPE_FINGER, buttonState=0, classification=NONE, metaState=0, flags=0x0, edgeFlags=0x0, pointerCount=1, historySize=0, eventTime=104782504, downTime=104781727, deviceId=0, source=0x1002, displayId=0 }
11-16 15:45:15.322  7160  7187 D ZrHung.AppEyeUiProbe: stop UiProbe
11-16 15:45:15.322  7160  7187 D ZrHung.AppEyeUiProbe: not watching, wait.
11-16 15:45:15.325  4603  4660 I appium  : [104782523 (success)] Synthesized: MotionEvent { action=ACTION_MOVE, actionButton=0, id[0]=0, x[0]=1058.0, y[0]=1164.0, toolType[0]=TOOL_TYPE_FINGER, buttonState=0, classification=NONE, metaState=0, flags=0x0, edgeFlags=0x0, pointerCount=1, historySize=0, eventTime=104782523, downTime=104781727, deviceId=0, source=0x1002, displayId=0 }
11-16 15:45:15.327  2010  2800 I InputDispatcher: stylus touch up, set lcd event 0
11-16 15:45:15.339  6611  6611 W HwApsManager: HwApsManagerService, registerCallback, start !
11-16 15:45:15.341  2010  6465 I HwApsManagerConfig: registerCallbackLocked success, pkgName:cn.missevan, callback_count:25
11-16 15:45:15.341  2010  6465 I HwApsManagerConfig: doCallbackAtFirstRegisterLocked, start ! pkgName:cn.missevan
11-16 15:45:15.327  2010  2800 I chatty  : uid=1000(system) InputDispatcher identical 1 line
11-16 15:45:15.327  2010  2800 I InputDispatcher: stylus touch up, set lcd event 0
11-16 15:45:15.341  6611  6611 D Hwaps   : APS: EventAnalyzed: registerCallbackInApsManagerService, mPkgName:cn.missevan; result = true
11-16 15:45:15.358   769   981 I SurfaceFlinger: stop waiting, err=0, mTransactionPending=0, mPendingSyncInputWindows=1
11-16 15:45:15.358  4603  4660 I appium  : [104782537 (success)] Synthesized: MotionEvent { action=ACTION_UP, actionButton=0, id[0]=0, x[0]=1058.0, y[0]=1164.0, toolType[0]=TOOL_TYPE_FINGER, buttonState=0, classification=NONE, metaState=0, flags=0x0, edgeFlags=0x0, pointerCount=1, historySize=0, eventTime=104782537, downTime=104781727, deviceId=0, source=0x1002, displayId=0 }
11-16 15:45:15.359  4603  4660 I appium  : The event has been delayed for 33ms
11-16 15:45:15.359  4603  4660 I appium  : AppiumResponse: {"sessionId":"99d1857d-34f3-4904-986a-253a25fab314","value":null}
11-16 15:45:15.379  4603  4660 I appium  : channel read: POST /wd/hub/session/99d1857d-34f3-4904-986a-253a25fab314/element
11-16 15:45:15.380  4603  4660 I appium  : FindElement command
11-16 15:45:15.381  4603  4660 I appium  : method: 'id', selector: 'cn.missevan:id/ll_content'
11-16 15:45:15.381  4603  4660 I appium  : Waiting up to 100ms for the device to idle
11-16 15:45:15.437  2010  2653 I PowerManagerService: handleSandman: wakefulness: 1,startDreaming: false
11-16 15:45:15.550  4603  4660 W QueryController: Could not detect idle state.
11-16 15:45:15.550  2010  6453 E maple   :  info->si_addr not null: 0xc PC: c4bde700
11-16 15:45:15.552  4603  4660 W AccessibilityInteractionClient: old interaction Id is: -1,current interaction Id is:1112
11-16 15:45:15.591    54    54 W migration/7: type=1400 audit(0.0:76880): avc: granted { setsched } for pid=54 scontext=u:r:kernel:s0 tcontext=u:r:kernel:s0 tclass=process
11-16 15:45:15.594  4603  4660 W AccessibilityInteractionClient: old interaction Id is: -1,current interaction Id is:1113
11-16 15:45:15.617  4603  4660 W AccessibilityInteractionClient: old interaction Id is: -1,current interaction Id is:1114
11-16 15:45:15.620  6611  6785 I RmeSchedManager: SetMarginData, input:3, animation:4, traversal:4, util:600, frameRate:60
11-16 15:45:15.635  4603  4660 W AccessibilityInteractionClient: old interaction Id is: -1,current interaction Id is:1115
11-16 15:45:15.657  4667  6060 D LteRecoveryEngine: UnRecoverState processMessage UPDATE_PS_SLOW_VALUE
11-16 15:45:15.660  4603  4660 W AccessibilityInteractionClient: old interaction Id is: -1,current interaction Id is:1116
11-16 15:45:15.685  6611  6785 I RmeSchedManager: SetMarginData, input:3, animation:4, traversal:4, util:600, frameRate:60
11-16 15:45:15.689  4603  4660 I appium  : AppiumResponse: {"sessionId":"99d1857d-34f3-4904-986a-253a25fab314","value":{"ELEMENT":"00000000-0000-012a-ffff-ffff000000d8","element-6066-11e4-a52e-4f735466cecf":"00000000-0000-012a-ffff-ffff000000d8"}}
11-16 15:45:15.700  4603  4660 I appium  : channel read: POST /wd/hub/session/99d1857d-34f3-4904-986a-253a25fab314/element/00000000-0000-012a-ffff-ffff000000d8/click
11-16 15:45:15.700  4603  4660 I appium  : Click command
11-16 15:45:15.731    54    54 W migration/7: type=1400 audit(0.0:76881): avc: granted { setsched } for pid=54 scontext=u:r:kernel:s0 tcontext=u:r:kernel:s0 tclass=process
11-16 15:45:15.731    48    48 W migration/6: type=1400 audit(0.0:76882): avc: granted { setsched } for pid=48 scontext=u:r:kernel:s0 tcontext=u:r:kernel:s0 tclass=process
11-16 15:45:15.752  6611  6785 I RmeSchedManager: SetMarginData, input:3, animation:4, traversal:4, util:600, frameRate:60
11-16 15:45:15.442  2010  2653 I PowerManagerService: handleSandman: wakefulness: 1,startDreaming: false
11-16 15:45:15.861  2010  6465 D HwConnectivityServiceEx: set 10231 wlan0 value false
11-16 15:45:15.820  6611  6785 I RmeSchedManager: SetMarginData, input:3, animation:4, traversal:4, util:600, frameRate:60
11-16 15:45:15.869  2010  3880 I WificondControl: Noise: -89, Snr: 40, Chload: 167, rssi: -31, txBitrate: 400, rxBitrate: 400, frequency: 5745, UlDelay: 0, currentTxBytes: 46544681, currentTxPackets: 379719, currentTxFailed: 0, currentRxBytes: 1074662439, currentRxPackets: 1790534
11-16 15:45:15.873  2010  3880 V HwWifiServiceFactory: get AllImpl object = com.android.server.wifi.HwWifiServiceFactoryImpl@c5e735
11-16 15:45:15.894  4667  5956 I Booster_Qoe: AdaBoostPredict rlt,index:6,NisPsSlow:0,NProba:312,rsrp(rssi):-40,rsrq(noise):-89,rtt(chload):167,buffhigh(uldelay):0,buffcomm(rtt):24
11-16 15:45:15.894  4667  5956 I Booster_Qoe: AdaBoostPredict rlt,index:2,NisPsSlow:0,NProba:312,rsrp(rssi):-40,rsrq(noise):-89,rtt(chload):167,buffhigh(uldelay):0,buffcomm(rtt):8
11-16 15:45:15.894  4667  5956 I Collector: HandleRawWifiInfo: flag:0, netId:0!
11-16 15:45:15.895  4667  4954 E BoosterUtil: convertSubIdToSlotId failed, subId:0, slotId:-1
11-16 15:45:15.896  4667  4954 E BoosterUtil: getDefaultDataSlotId failed, invalid slotId:-1, subId:0
11-16 15:45:15.896  4667  4954 E NrSmartCure: onNetworkQoeUpdate failed, invalid defaultDataSlotId=-1
11-16 15:45:15.896  4667  5324 I Hicom_Monitor: handleNetworkQoeReport. foregroundAppTcpRtt: 24, maxRatioChannelId: 2
11-16 15:45:15.897  4667  5324 I Hicom_Monitor: handleNetworkQoeReport. qoeString: 10231,4,0,312,1,2,4,0,312,400000,400000,10,10,0,9,135,0
11-16 15:45:15.897  2010  3970 I WiFi_PRO_WifiProStateMachine: APP_SERVICE_QOE_NOTIFY Qoe info 10231,4,0,312,1,2,4,0,312,400000,400000,10,10,0,9,135,0 CID 2 mMasterWifiRssi -31 mMasterCardAmbr 1048576 mSlaveCardAmbr 1048576
11-16 15:45:15.897  4667  5324 I Utils   : multipathPolicy is null
11-16 15:45:15.897  2010  3970 I HwWifiProServiceProxy: ctrlHwWifiNetwork pkgName: WIFIPRO_SERVICE interfaceId: 9
11-16 15:45:15.897  2010  3970 I WiFi_PRO_WifiProStateMachine: isWifi2WifiProcess = false, mIsNeedIgnoreQoeUpdate = false, mIsAppInBlacklist = false, mIsAppInBlacklistFullScreen = false, mIsWiFiNoInternet false, screen on = true, full screen = false, isLandscapeMode = false, mNotifyWifiLinkPoorReason = -1
11-16 15:45:15.897  2010  3970 I WiFi_PRO_WifiProStateMachine: mChannelQoeBadCnt = 0, mAppQoeBadCnt = 0, mNetworkSlowReason = 0, mNetworkSlowChannelBadCnt = 0
11-16 15:45:15.898  2010  3970 E WiFi_PROHumanFactorRecommend: isRichTrafficUser, invalid slotId=-1
11-16 15:45:15.899  2010  3970 E WiFi_PROHumanFactorRecommend: isEconomicTrafficUser, invalid slotId=-1
11-16 15:45:15.900   882   882 I aptouch_daemon: check_afe_status, idle out.
11-16 15:45:15.910  4603  4660 W QueryController: Could not detect idle state.
11-16 15:45:15.911  4603  4660 W AccessibilityInteractionClient: old interaction Id is: -1,current interaction Id is:1117
11-16 15:45:15.912  6611  6611 I DecorView[]: pkgName:cn.missevan old windowMode:0 new windoMode:1, isFixedSize:false
11-16 15:45:15.917   882   882 I aptouch_daemon: print_log, touch:1, down:1 (+0)
11-16 15:45:15.918  2010  2801 D fingersense_manager: Calling fingersense_classify_touch()
11-16 15:45:15.918  2010  2801 I FLP2012 : kr: touch_dn_event
11-16 15:45:15.920  6611  6611 D MouseWheelSynthesizer: mMoveStepInDp: 64, mMoveStepInPixel: 192, mUpTimeDelayed: 100
11-16 15:45:15.920  2010  2801 I FLP2012 : kr: OTHER
11-16 15:45:15.920  2010  2801 D fingersense_manager: fingersense_classify_touch() finished
11-16 15:45:15.920  6611  6611 D ViewRootImpl: ViewRootImpl mIsInProductivePCDisplay: false
11-16 15:45:15.921  2010  6465 I HwPCUtils#HwRioViewManager: check if rio enable, displayId = 0， packageName = cn.missevan
11-16 15:45:15.921  2010  2800 I InputDispatcher: stylus touch down, set lcd event 1
11-16 15:45:15.922  2010  6453 E WindowManager: App trying to use insecure INPUT_FEATURE_NO_INPUT_CHANNEL flag. Ignoring
11-16 15:45:15.922  2010  2653 I PowerManagerService: handleSandman: wakefulness: 1,startDreaming: false
11-16 15:45:15.923  2010  6453 I WindowManager: Changing focus from Window{1079a09 u0 cn.missevan/cn.missevan.activity.MainActivity} to Window{11114b1 u0 cn.missevan/cn.missevan.activity.MainActivity} displayId=0 Callers=com.android.server.wm.RootWindowContainer.updateFocusedWindowLocked:6670244 com.android.server.wm.WindowManagerService.updateFocusedWindowLocked:6669720 com.android.server.wm.WindowManagerService.addWindow:5412324 com.android.server.wm.HwWindowManagerService.addWindow:2064624
11-16 15:45:15.924  2010  6453 I HwPhoneWindowManager: StatusToSurfaceFlinger Window{11114b1 u0 cn.missevan/cn.missevan.activity.MainActivity} sideMode = 1 notchMode = 0 dataIn val = 4
11-16 15:45:15.925  2010  6453 I HwDisplayContentEx: currentFocus windowstate not null
11-16 15:45:15.925  2010  6453 I HwDisplayContentEx: trans currentFocus windowstate not null
11-16 15:45:15.921  2010  2800 I chatty  : uid=1000(system) InputDispatcher identical 1 line
11-16 15:45:15.921  2010  2800 I InputDispatcher: stylus touch down, set lcd event 1
11-16 15:45:15.925  2010  6453 D ZrHung.AppEyeTransparentWindow: TransparentWindow mHungConfigStatus = 0,mHungConfigEnable = 1
11-16 15:45:15.925   769   981 D SurfaceFlingerEx: surfaceStatus: = 4
11-16 15:45:15.925   769   981 I RoundCornerDisplay: [OnSurfaceStatusChanged]hidestatus is not changed: new = 0, old = 0
11-16 15:45:15.925   769   981 I RoundCornerDisplay: [OnSurfaceStatusChanged]sideRegionStatus is not changed: sideRegionStatus = 1, m_sideRegionMode = 0
11-16 15:45:15.925  2010  6453 I WindowManager: addWindow: Window{11114b1 u0 cn.missevan/cn.missevan.activity.MainActivity} client:android.os.BinderProxy@13d418d currentDisplayId:0 requestDisplayId:0 token:Token{13d1659 ActivityRecord{1354a48 u0 cn.missevan/.activity.MainActivity t111}}
11-16 15:45:15.926  6611  6611 D InputEventReceiver: dispatchInputInterval 1000000
11-16 15:45:15.927  2010  2621 I NavigationBarPolicy: pointY:1719.0realSize.y:2400HIT_REGION_TO_MAX:34
11-16 15:45:15.927  2010  2621 D StatusBarManagerService: win:Window{11114b1 u0 cn.missevan/cn.missevan.activity.MainActivity}mIsColorEnable:truelight:true
11-16 15:45:15.928  2010  2621 I StatusBarDisable: setFlags what=0 which=1 pkg=Window{11114b1 u0 cn.missevan/cn.missevan.activity.MainActivity}
11-16 15:45:15.928  4088 23004 D HwCommandQueue: CommandQueue, set Launcher StatusBar Color
11-16 15:45:15.930  6611  6611 I RmeSchedManager: SetMarginData, input:3, animation:4, traversal:4, util:600, frameRate:60
11-16 15:45:15.932  2010  6453 D HwConnectivityServiceEx: set 10231 NULL value false
11-16 15:45:15.937  2010  6453 I PackageManager: Returning preferred activity: com.huawei.android.launcher/com.huawei.android.launcher.unihome.UniHomeLauncher
11-16 15:45:15.937  2010  6453 I PackageManager: choose best activity: com.huawei.android.launcher, com.huawei.android.launcher.unihome.UniHomeLauncher
11-16 15:45:15.940  6611  7386 D HiTouch_PressGestureDetector: onAttached, package=cn.missevan, windowType=2, mIsHiTouchRestricted=false
11-16 15:45:15.943  2010  2621 I InputTransport: Fun_filterMotionEvent reportMoveEvent!
11-16 15:45:15.943  9372  9372 I InputTransport: Fun_filterMotionEvent reportMoveEvent!
11-16 15:45:15.946  6611  6785 D mali_winsys: EGLint new_window_surface(egl_winsys_display *, void *, EGLSurface, EGLConfig, egl_winsys_surface **, EGLBoolean) returns 0x3000
11-16 15:45:15.951    48    48 W migration/6: type=1400 audit(0.0:76883): avc: granted { setsched } for pid=48 scontext=u:r:kernel:s0 tcontext=u:r:kernel:s0 tclass=process
11-16 15:45:15.955  6611  6611 I InputTransport: Fun_filterMotionEvent reportMoveEvent!
11-16 15:45:15.956  6611  6785 D OpenGLRenderer: disableOutlineDraw is true
11-16 15:45:15.956  6611  6611 W InputMethodManager: startInputReason = 1
11-16 15:45:15.957  6611  6611 W HwRemoteInputMethodManager: isCasting false because IHwDistributedWindowManager is invalid.
11-16 15:45:15.958  2010  2624 I WindowManager: dispatchResized : win = Window{11114b1 u0 cn.missevan/cn.missevan.activity.MainActivity} drawState = READY_TO_SHOW
11-16 15:45:15.964  2010  6465 D HwInputMethodManagerService: isSecMethodUsing = false
11-16 15:45:15.967  2010  2621 D StatusBarManagerService: win:Window{11114b1 u0 cn.missevan/cn.missevan.activity.MainActivity}mIsColorEnable:truelight:false
11-16 15:45:15.967   882   882 I aptouch_daemon: print_log, touch:0, down:0
11-16 15:45:15.967  2010  2621 I StatusBarDisable: setFlags what=0 which=1 pkg=Window{11114b1 u0 cn.missevan/cn.missevan.activity.MainActivity}
11-16 15:45:15.967  6611  6611 D DecorView: showOrHideHighlightView: hasFocus=false; winMode=1; isMrgNull=true
11-16 15:45:15.967  4088 23004 D HwCommandQueue: CommandQueue, set Launcher StatusBar Color
11-16 15:45:15.969  2010  2800 I InputDispatcher: stylus touch up, set lcd event 0
11-16 15:45:15.969  2010  2800 I chatty  : uid=1000(system) InputDispatcher identical 1 line
11-16 15:45:15.969  2010  2800 I InputDispatcher: stylus touch up, set lcd event 0
11-16 15:45:15.970 22844 22844 I UnicodeIME: onFinishInput:
11-16 15:45:15.970 22844 22844 I UnicodeIME: onStartInput
11-16 15:45:15.971  2010  2621 I NavigationBarPolicy: onFling::Gest_Navigation_Enable, return!
11-16 15:45:16.152  2220  2220 W HIGNSS  : LS:[LSQ_SOLUTION] satellite num: 0 < 4
11-16 15:45:16.153  2220  2220 W HIGNSS  : CHR:[TCXO-BIAS-CHANGE] time: 10, cnt: 10, valid: 0, freq_bias:0.000000, tempr:0.000000, sats_num: 0, qop: 0
11-16 15:45:16.154  2220  2220 W HIGNSS  : FUS:fusion results invalid, flag = 0!
11-16 15:45:16.154  2220  2220 W HIGNSS  : PE_CDPP:[NORMAL]rcvr int time invalid or acc:60000019996 over 15s!
11-16 15:45:16.155  2220  2220 W HIGNSS  : PE_MSA:[MSA_SELECT]the num of sat can be reported is less than 4, report all valid data!
11-16 15:45:16.155  2220  2220 W HIGNSS  : PE_MSA:[MSA-DOPPLER]No location and no acq data, not do doppler consistence!
11-16 15:45:16.155  2220  2220 W HIGNSS  : PE_MSA:[MSA-REPORT] no gnss msr data to be report!
11-16 15:45:16.156  2220  2287 W HIGNSS  : CTL:can't find dst, 0x11110021
11-16 15:45:16.156   741  4520 D HIGNSS_ADAPTER: ProcessHignssMsg called, msg id: 00000006 PE_RPT_NMEA
11-16 15:45:16.156   741  4520 D HIGNSS_ADAPTER: ReportHignssNmea called.
11-16 15:45:16.157  2010  4163 I         : HwGnssLocationProviderJNI: [LocMgr] Debug: Sending NMEA update to HIGEO
11-16 15:45:16.161   741  4520 I HIGNSS_ADAPTER: ReportHignssNmea success, count: 31, length: 1592
11-16 15:45:16.161   741  4520 D HIGNSS_ADAPTER: ProcessHignssMsg called, msg id: 00000005 PE_RPT_POSITION
11-16 15:45:16.161   741  4520 D HIGNSS_ADAPTER: hisi_callback_report_sv_status, cbv: 2, count: 28
11-16 15:45:16.161   741  4520 D GnssHAL_GnssInterface: gnssSvStatusCb_2_0:gnssSvStatusCb_2_0 called
11-16 15:45:16.163  2010  4163 D GnssLocationProvider: report sv info
11-16 15:45:16.163  2010  4163 I         : HwGnssLocationProviderJNI: callback 2.0 send_svInfor is called .
11-16 15:45:16.163  2010  4163 I         : HwGnssLocationProviderJNI: [LocMgr] Debug: Sending SV status to HIGEO
11-16 15:45:16.164  2010  4163 D GnssLocationProvider: WakeLock acquired by sendMessage(REPORT_SV_STATUS, 0, com.android.server.location.GnssLocationProvider$SvStatusInfo@1351a1d)
11-16 15:45:16.164  2010  2653 I PowerManagerService: handleSandman: wakefulness: 1,startDreaming: false
11-16 15:45:16.164   741  4520 I HIGNSS_ADAPTER: ReportHignssSvStatus success!
11-16 15:45:16.165   741  4520 D HIGNSS_ADAPTER: ProcessHignssMsg called, msg id: 00000007 PE_RPT_GNSS_MEAS
11-16 15:45:16.165   741  4520 D HIGNSS_ADAPTER: ReportHignssMeasurement called.
11-16 15:45:16.165   741  4520 W HIGNSS_ADAPTER: measurement callback is not inited!
11-16 15:45:16.171    48    48 W migration/6: type=1400 audit(0.0:76887): avc: granted { setsched } for pid=48 scontext=u:r:kernel:s0 tcontext=u:r:kernel:s0 tclass=process
11-16 15:45:16.174  2010  3901 D GnssLocationProvider: WakeLock released by handleMessage(REPORT_SV_STATUS, 0, com.android.server.location.GnssLocationProvider$SvStatusInfo@1351a1d)
11-16 15:45:16.174 21552 21579 I HwLBSService.HwGnssListnerManager: onSatelliteStatusChanged, mGnssListeners size: 0
11-16 15:45:16.174 21552 21579 I HwLBSService.HwGnssManager: onSatelliteStatusChanged, mGnssListeners size: 1
11-16 15:45:16.176 21552 21579 I HwLBSService.HwGnssListnerManager: onSatelliteStatusChanged, mGnssListeners size: 0
11-16 15:45:16.176 21552 21579 I HwLBSService.HwGnssManager: onSatelliteStatusChanged, mGnssListeners size: 1
11-16 15:45:16.269  2010  3880 I WificondControl: Noise: -89, Snr: 40, Chload: 193, rssi: -30, txBitrate: 400, rxBitrate: 400, frequency: 5745, UlDelay: 0, currentTxBytes: 46544681, currentTxPackets: 379719, currentTxFailed: 0, currentRxBytes: 1074668549, currentRxPackets: 1790557
11-16 15:45:16.271  2010  3971 I HuaweiWifiWatchdogStateMachine: POta txb txg rxg:0, 6, 0. Lr =0% Totpkt=6
11-16 15:45:16.271  2010  3879 I WiFi_PRO: MSG_RETURN_AP_CURRY_RSSI rssi = -30
11-16 15:45:16.271  2010  3879 I QosMonitor: queryRtt: rttType = 3
11-16 15:45:16.271  2010  3879 I HwWifiProServiceProxy: ctrlHwWifiNetwork pkgName: WIFIPRO_SERVICE interfaceId: 8
11-16 15:45:16.271  2010  3879 I QosMonitor: postEventFromNative: msg=100,arg1=4,arg2=10
11-16 15:45:16.271  2010  3879 I HwWifiProServiceProxy: ctrlHwWifiNetwork pkgName: WIFIPRO_SERVICE interfaceId: 8
11-16 15:45:16.271    54    54 W migration/7: type=1400 audit(0.0:76889): avc: granted { setsched } for pid=54 scontext=u:r:kernel:s0 tcontext=u:r:kernel:s0 tclass=process
11-16 15:45:16.272  2010  3879 I QosMonitor: postEventFromNative: msg=100,arg1=0,arg2=10
11-16 15:45:16.271    48    48 W migration/6: type=1400 audit(0.0:76890): avc: granted { setsched } for pid=48 scontext=u:r:kernel:s0 tcontext=u:r:kernel:s0 tclass=process
11-16 15:45:16.272  2010  3879 I MQoS    : rtt=284,tcpTxPkts=735924,tcpRxPkts=1988544
11-16 15:45:16.272  2010  3879 I QosMonitor: resetRtt: rttType = 3
11-16 15:45:16.272  2010  3879 I HwWifiProServiceProxy: ctrlHwWifiNetwork pkgName: WIFIPRO_SERVICE interfaceId: 8
11-16 15:45:16.174  2010  2653 I PowerManagerService: handleSandman: wakefulness: 1,startDreaming: false
11-16 15:45:16.272  2010 11971 D HwConnectivityServiceEx: set 1000 wlan0 value false
11-16 15:45:16.272  2010  3974 I HwDualBandManager: handle2gApStrongWifiRssiChange
11-16 15:45:16.273  2010 11971 I MQoS    : QOS_level:0(0),wifi-link;SIM error;use level-0
11-16 15:45:16.273  2010  3971 I HuaweiWifiWatchdogStateMachine: PTcp RTT:284, rtt pkt=46, tcp_rx=8, tcp_tx=8, tcp_reTran=1, rtRate=0.12
11-16 15:45:16.273  2010  3971 I HuaweiWifiWatchdogStateMachine: judge good link######, goodLinkLevel=3
11-16 15:45:16.273  2010  3971 D HuaweiWifiWatchdogStateMachine: nothing to do.
11-16 15:45:16.273  2010  3971 I HuaweiWifiWatchdogStateMachine: sendResultMsgToQM bssid:e0:63:**:**:aa:d4, qoslevel=3
11-16 15:45:16.273  2010  3971 I HuaweiWifiWatchdogStateMachine: link good reported, good base rssi:-31
11-16 15:45:16.273  2010  3971 I HuaweiWifiWatchdogStateMachine: start computeQosLevel tcpRtt = 284 ,rssi = -30 ,mBestSpeedInPeriod = 29648
11-16 15:45:16.273  2010  3971 I HuaweiWifiWatchdogStateMachine: smoothConsecutiveQosResults, currentQosLevel = 3
11-16 15:45:16.273  2010  3879 I WiFi_PRO_WifiProStateMachine: onNetworkQosChange, currentWifiLevel == 3, wifiNoInternet = false, updateUiOnly = true
11-16 15:45:16.274  2010  3970 I WiFi_PRO_WifiProStateMachine: isSwitching = false, isDialogDisplayed = false, isAllowWiFiHandoverMobile = true, level = 3
11-16 15:45:16.452  4603  4660 W QueryController: Could not detect idle state.
11-16 15:45:16.456  4603  4660 I appium  : AppiumResponse: {"sessionId":"99d1857d-34f3-4904-986a-253a25fab314","value":{"error":"stale element reference","message":"androidx.test.uiautomator.StaleObjectException","stacktrace":"io.appium.uiautomator2.common.exceptions.StaleElementReferenceException: androidx.test.uiautomator.StaleObjectException\n\tat io.appium.uiautomator2.handler.request.SafeRequestHandler.handle(SafeRequestHandler.java:63)\n\tat io.appium.uiautomator2.server.AppiumServlet.handleRequest(AppiumServlet.java:266)\n\tat io.appium.uiautomator2.server.AppiumServlet.handleHttpRequest(AppiumServlet.java:260)\n\tat io.appium.uiautomator2.http.ServerHandler.channelRead(ServerHandler.java:68)\n\tat io.netty.channel.AbstractChannelHandlerContext.invokeChannelRead(AbstractChannelHandlerContext.java:366)\n\tat io.netty.channel.AbstractChannelHandlerContext.invokeChannelRead(AbstractChannelHandlerContext.java:352)\n\tat io.netty.channel.AbstractChannelHandlerContext.fireChannelRead(AbstractChannelHandlerContext.java:345)\n\tat io.netty.handler.codec.MessageToMessageDecoder.channelRead(MessageToMessageDecoder.java:102)\n\tat io.netty.channel.AbstractChannelHandlerContext.invokeChannelRead(AbstractChannelHandlerContext.java:366)\n\tat io.netty.channel.AbstractChannelHandlerContext.invokeChannelRead(AbstractChannelHandlerContext.java:352)\n\tat io.netty.channel.AbstractChannelHandlerContext.fireChannelRead(AbstractChannelHandlerContext.java:345)\n\tat io.netty.channel.CombinedChannelDuplexHandler$DelegatingChannelHandlerContext.fireChannelRead(CombinedChannelDuplexHandler.java:435)\n\tat io.netty.handler.codec.ByteToMessageDecoder.fireChannelRead(ByteToMessageDecoder.java:293)\n\tat io.netty.handler.codec.ByteToMessageDecoder.channelRead(ByteToMessageDecoder.java:267)\n\tat io.netty.channel.CombinedChannelDuplexHandler.channelRead(CombinedChannelDuplexHandler.java:250)\n\tat io.netty.channel.AbstractChannelHandlerContext.invokeChannelRead(AbstractChannelHandlerContext.java:366)\n\tat io.netty.channel.AbstractChannelHandlerContext.invokeChannelRead(AbstractChannelHandlerContext.java:352)\n\tat io.netty.channel.AbstractChannelHandlerContext.fireChannelRead(AbstractChannelHandlerContext.java:345)\n\tat io.netty.handler.timeout.IdleStateHandler.channelRead(IdleStateHandler.java:266)\n\tat io.netty.channel.AbstractChannelHandlerContext.invokeChannelRead(AbstractChannelHandlerContext.java:366)\n\tat io.netty.channel.AbstractChannelHandlerContext.invokeChannelRead(AbstractChannelHandlerContext.java:352)\n\tat io.netty.channel.AbstractChannelHandlerContext.fireChannelRead(AbstractChannelHandlerContext.java:345)\n\tat io.netty.channel.DefaultChannelPipeline$HeadContext.channelRead(DefaultChannelPipeline.java:1294)\n\tat io.netty.channel.AbstractChannelHandlerContext.invokeChannelRead(AbstractChannelHandlerContext.java:366)\n\tat io.netty.channel.AbstractChannelHandlerContext.invokeChannelRead(AbstractChannelHandlerContext.java:352)\n\tat io.netty.channel.DefaultChannelPipeline.fireChannelRead(DefaultChannelPipeline.java:911)\n\tat io.netty.channel.nio.AbstractNioByteChannel$NioByteUnsafe.read(AbstractNioByteChannel.java:131)\n\tat io.netty.channel.nio.NioEventLoop.processSelectedKey(NioEventLoop.java:611)\n\tat io.netty.channel.nio.NioEventLoop.processSelectedKeysOptimized(NioEventLoop.java:552)\n\tat io.netty.channel.nio.NioEventLoop.processSelectedKeys(NioEventLoop.java:466)\n\tat io.netty.channel.nio.NioEventLoop.run(NioEventLoop.java:438)\n\tat io.netty.util.concurrent.SingleThreadEventExecutor$2.run(SingleThreadEventExecutor.java:140)\n\tat io.netty.util.concurrent.DefaultThreadFactory$DefaultRunnableDecorator.run(DefaultThreadFactory.java:144)\n\tat java.lang.Thread.run(Thread.java:929)\nCaused by: androidx.test.uiautomator.StaleObjectException\n\tat androidx.test.uiautomator.UiObject2.getAccessibilityNodeInfo(UiObject2.java:647)\n\tat androidx.test.uiautomator.UiObject2.hashCode(UiObject2.java:105)\n\tat java.lang.Object.toString(Object.java:291)\n\tat java.util.Formatter$FormatSpecifier.printString(Formatter.java:2978)\n\tat ja
11-16 15:45:16.536  2010  3879 I TrafficMonitor: update:rxPkts:58,txPkts:4,rxBytes:20437,txBytes:346
11-16 15:45:16.536  2010  3879 I TrafficMonitor: no expired. level:2
11-16 15:45:16.536  2010  3879 I TrafficMonitor: gettimer:interval=2000
11-16 15:45:16.536  2010  3879 I TrafficMonitor: during_ms:2002,period_ms:2000
11-16 15:45:16.536  2010  3879 I TrafficMonitor: count:297,rx_sum:58,tx_sum:4,rxBytes:20437,during_ms:2002,rx_speed:10208.29170829171,tx_speed:172.82717282717286,rto:14.5
11-16 15:45:16.536  2010  3879 I HuaweiWifiWatchdogStateMachine: Get speed information rx_speed = 10208 ,tx_speed = 172 ,isSpeedOk = false ,mBestSpeedInPeriod = 10208
11-16 15:45:16.536  4603  4660 I appium  : channel read: GET /wd/hub/session/99d1857d-34f3-4904-986a-253a25fab314/screenshot
11-16 15:45:16.536  4603  4660 I appium  : CaptureScreenshot command
11-16 15:45:16.648  7389  7389 D skia    : HME hme_jpeg_dec version=JPEG_DEC_16.12.1, releasetime=12:06:23 May 10 2021
11-16 15:45:16.648  7389  7389 D skia    : HME SkHmeDecFunction1 constructor ok
11-16 15:45:16.650  7389  7389 D HiTraceC: entered HiTraceInit, Log Registered: 1
11-16 15:45:16.659  4667  6060 D LteRecoveryEngine: UnRecoverState processMessage UPDATE_PS_SLOW_VALUE
11-16 15:45:16.664   505   505 I hwservicemanager: getTransport: Cannot find entry android.hardware.graphics.mapper@3.0::IMapper/default in either framework or device manifest.
11-16 15:45:16.665  7389  7389 W Gralloc3: mapper 3.x is not supported
11-16 15:45:16.853 16593 16593 I wpa_supplicant: TDLS: Discard message - TDLS disabled or unsupported by driver
11-16 15:45:16.917  4667  5956 I Booster_Qoe: AdaBoostPredict rlt,index:6,NisPsSlow:0,NProba:312,rsrp(rssi):-40,rsrq(noise):-89,rtt(chload):193,buffhigh(uldelay):0,buffcomm(rtt):103
11-16 15:45:16.917  4667  5956 I Booster_Qoe: AdaBoostPredict rlt,index:2,NisPsSlow:0,NProba:312,rsrp(rssi):-40,rsrq(noise):-89,rtt(chload):193,buffhigh(uldelay):0,buffcomm(rtt):16
11-16 15:45:16.917  4667  5956 I Collector: HandleRawWifiInfo: flag:0, netId:0!
11-16 15:45:16.918  4667  4954 E BoosterUtil: convertSubIdToSlotId failed, subId:0, slotId:-1
11-16 15:45:16.918  4667  4954 E BoosterUtil: getDefaultDataSlotId failed, invalid slotId:-1, subId:0
11-16 15:45:16.918  4667  4954 E NrSmartCure: onNetworkQoeUpdate failed, invalid defaultDataSlotId=-1
11-16 15:45:16.918  4667  5324 I Hicom_Monitor: handleNetworkQoeReport. foregroundAppTcpRtt: 103, maxRatioChannelId: 2
11-16 15:45:16.918  4667  5324 I Hicom_Monitor: handleNetworkQoeReport. qoeString: 10231,4,0,312,1,2,4,0,312,400000,400000,10,10,0,0,47,0
11-16 15:45:16.918  4667  5324 I Utils   : multipathPolicy is null
11-16 15:45:16.918  2010  3970 I WiFi_PRO_WifiProStateMachine: APP_SERVICE_QOE_NOTIFY Qoe info 10231,4,0,312,1,2,4,0,312,400000,400000,10,10,0,0,47,0 CID 2 mMasterWifiRssi -30 mMasterCardAmbr 1048576 mSlaveCardAmbr 1048576
11-16 15:45:16.919  2010  3970 I HwWifiProServiceProxy: ctrlHwWifiNetwork pkgName: WIFIPRO_SERVICE interfaceId: 9
11-16 15:45:16.919  2010  3970 I WiFi_PRO_WifiProStateMachine: isWifi2WifiProcess = false, mIsNeedIgnoreQoeUpdate = false, mIsAppInBlacklist = false, mIsAppInBlacklistFullScreen = false, mIsWiFiNoInternet false, screen on = true, full screen = false, isLandscapeMode = false, mNotifyWifiLinkPoorReason = -1
11-16 15:45:16.919  2010  3970 I WiFi_PRO_WifiProStateMachine: mChannelQoeBadCnt = 0, mAppQoeBadCnt = 0, mNetworkSlowReason = 0, mNetworkSlowChannelBadCnt = 0
11-16 15:45:16.919  2010  3970 E WiFi_PROHumanFactorRecommend: isRichTrafficUser, invalid slotId=-1
11-16 15:45:16.920  2010  3970 E WiFi_PROHumanFactorRecommend: isEconomicTrafficUser, invalid slotId=-1
11-16 15:45:17.153  2220  2220 W HIGNSS  : LS:[LSQ_SOLUTION] satellite num: 0 < 4
11-16 15:45:17.153  2220  2220 W HIGNSS  : CHR:[TCXO-BIAS-CHANGE] time: 11, cnt: 11, valid: 0, freq_bias:0.000000, tempr:0.000000, sats_num: 0, qop: 0
11-16 15:45:17.155  2220  2220 W HIGNSS  : FUS:fusion results invalid, flag = 0!
11-16 15:45:17.155  2220  2220 W HIGNSS  : PE_CDPP:[NORMAL]rcvr int time invalid or acc:60000021998 over 15s!
11-16 15:45:17.157  2220  2220 W HIGNSS  : PE_MSA:[MSA_SELECT]the num of sat can be reported is less than 4, report all valid data!
11-16 15:45:17.157  2220  2220 W HIGNSS  : PE_MSA:[MSA-DOPPLER]No location and no acq data, not do doppler consistence!
11-16 15:45:17.157  2220  2220 W HIGNSS  : PE_MSA:[MSA-REPORT] no gnss msr data to be report!
11-16 15:45:17.159   741  4520 D HIGNSS_ADAPTER: ProcessHignssMsg called, msg id: 00000006 PE_RPT_NMEA
11-16 15:45:17.159   741  4520 D HIGNSS_ADAPTER: ReportHignssNmea called.
11-16 15:45:17.159  2010  4163 I         : HwGnssLocationProviderJNI: [LocMgr] Debug: Sending NMEA update to HIGEO
11-16 15:45:17.161   741  4520 I HIGNSS_ADAPTER: ReportHignssNmea success, count: 31, length: 1592
11-16 15:45:17.161  2220  2287 W HIGNSS  : CTL:can't find dst, 0x11110021
11-16 15:45:17.163   741  4520 D HIGNSS_ADAPTER: ProcessHignssMsg called, msg id: 00000005 PE_RPT_POSITION
11-16 15:45:17.163   741  4520 D HIGNSS_ADAPTER: hisi_callback_report_sv_status, cbv: 2, count: 28
11-16 15:45:17.163   741  4520 D GnssHAL_GnssInterface: gnssSvStatusCb_2_0:gnssSvStatusCb_2_0 called
11-16 15:45:17.163  2010  4163 D GnssLocationProvider: report sv info
11-16 15:45:17.163  2010  4163 I         : HwGnssLocationProviderJNI: callback 2.0 send_svInfor is called .
11-16 15:45:17.163  2010  4163 I         : HwGnssLocationProviderJNI: [LocMgr] Debug: Sending SV status to HIGEO
11-16 15:45:17.164  2010  4163 D GnssLocationProvider: WakeLock acquired by sendMessage(REPORT_SV_STATUS, 0, com.android.server.location.GnssLocationProvider$SvStatusInfo@1351a18)
11-16 15:45:17.164   741  4520 I HIGNSS_ADAPTER: ReportHignssSvStatus success!
11-16 15:45:17.164   741  4520 D HIGNSS_ADAPTER: ProcessHignssMsg called, msg id: 00000007 PE_RPT_GNSS_MEAS
11-16 15:45:17.164   741  4520 D HIGNSS_ADAPTER: ReportHignssMeasurement called.
11-16 15:45:17.164   741  4520 W HIGNSS_ADAPTER: measurement callback is not inited!
11-16 15:45:17.164  2010  2653 I PowerManagerService: handleSandman: wakefulness: 1,startDreaming: false
11-16 15:45:17.177  2010  3901 D GnssLocationProvider: WakeLock released by handleMessage(REPORT_SV_STATUS, 0, com.android.server.location.GnssLocationProvider$SvStatusInfo@1351a18)
11-16 15:45:17.177 21552 21579 I HwLBSService.HwGnssListnerManager: onSatelliteStatusChanged, mGnssListeners size: 0
11-16 15:45:17.177 21552 21579 I HwLBSService.HwGnssManager: onSatelliteStatusChanged, mGnssListeners size: 1
11-16 15:45:17.176  2010  2653 I PowerManagerService: handleSandman: wakefulness: 1,startDreaming: false
11-16 15:45:17.186  2010  3881 I WifiP2pService: InactiveState139358
11-16 15:45:17.186  2010  3881 V HwWifiServiceFactory: get AllImpl object = com.android.server.wifi.HwWifiServiceFactoryImpl@c5e735
11-16 15:45:17.187  2010  3881 I WifiP2pService: P2pEnabledState when=104784398 what=139358 arg1=0 arg2=591
11-16 15:45:17.187  2010  3881 I WifiP2pService: DefaultStatewhen=104784398 what=139358 arg1=0 arg2=591
11-16 15:45:17.187  2010  3881 V HwWifiServiceFactory: get AllImpl object = com.android.server.wifi.HwWifiServiceFactoryImpl@c5e735
11-16 15:45:17.187 21552 21579 I HwLBSService.HwGnssListnerManager: onSatelliteStatusChanged, mGnssListeners size: 0
11-16 15:45:17.187 21552 21579 I HwLBSService.HwGnssManager: onSatelliteStatusChanged, mGnssListeners size: 1
11-16 15:45:17.191    48    48 W migration/6: type=1400 audit(0.0:76891): avc: granted { setsched } for pid=48 scontext=u:r:kernel:s0 tcontext=u:r:kernel:s0 tclass=process
11-16 15:45:17.191    54    54 W migration/7: type=1400 audit(0.0:76892): avc: granted { setsched } for pid=54 scontext=u:r:kernel:s0 tcontext=u:r:kernel:s0 tclass=process
11-16 15:45:17.345  4603  4660 I appium  : AppiumResponse: {"sessionId":"99d1857d-34f3-4904-986a-253a25fab314","value":"iVBORw0KGgoAAAANSUhEUgAABJgAAAlgCAYAAADEQo0EAAAAAXNSR0IArs4c6QAAAARzQklUCAgI\nCHwIZIgAACAASURBVHic7N1pUBz3nT7wp+ee4RgGdDBIsuXBMrbAsRTwERlZTgKJ7RgllaxQalPr\nbPaQsrVVu97a2qrNvth9l6P2RTZV/6pYSl5YTrKJxSabRYpzoChWhOU4hsi2gAjHjGxLAiQBwwBz\nH/1/M…
11-16 15:45:17.354   681  1271 I         : ApiCount[0, 0, 0, 166, 0, 0, 0, 4, 0, 0, 353, 367, 0, 38, 14, 0, 45, 0, 3464, 8788]