06-08 15:34:10.139  5373  5546 D DigestGenerator: at cn.missevan.play.XX.CommonLogHelper.getInstance(Unknown Source:)
06-08 15:34:10.139  5373  5546 D DigestGenerator: at cn.missevan.play.hook.StatisticsCommonImpl.getLogDbHelper(Unknown Source:)
06-08 15:34:10.139  5373  5546 D DigestGenerator: at cn.missevan.play.hook.AbsStatistics.<init>(SourceFile:)
06-08 15:34:10.139  5373  5546 D DigestGenerator: at cn.missevan.play.hook.StatisticsCommonImpl.<init>(SourceFile:)
06-08 15:34:10.139  5373  5546 D DigestGenerator: at cn.missevan.play.hook.StatisticsCommonImpl.<init>(Unknown Source:)
06-08 15:34:10.139  5373  5546 D DigestGenerator: at cn.missevan.play.hook.StatisticsCommonImpl$Holder.<clinit>(Unknown Source:)
06-08 15:34:10.139  5373  5546 D DigestGenerator: at cn.missevan.play.hook.StatisticsCommonImpl.getInstance(Unknown Source:)
06-08 15:34:10.139  5373  5546 D DigestGenerator: at cn.missevan.play.hook.StatisticsUtils.reportCommonStatisticsData(Unknown Source:)
06-08 15:34:10.139  5373  5546 D DigestGenerator: at cn.missevan.activity.MainActivity$MyRunnable.run(SourceFile:)
06-08 15:34:10.139  5373  5546 D DigestGenerator: at android.os.Handler.handleCallback(Handler.java:XX)
06-08 15:34:10.139  5373  5546 D DigestGenerator: at android.os.Handler.dispatchMessage(Handler.java:XX)
06-08 15:34:10.139  5373  5546 D DigestGenerator: at android.os.Looper.loopOnce(Looper.java:XX)
06-08 15:34:10.139  5373  5546 D DigestGenerator: at android.os.Looper.loop(Looper.java:XX)
06-08 15:34:10.139  5373  5546 D DigestGenerator: at android.app.ActivityThread.main(ActivityThread.java:XX)
06-08 15:34:10.139  5373  5546 D DigestGenerator: at java.lang.reflect.Method.invoke(Native Method)
06-08 15:34:10.139  5373  5546 D DigestGenerator: at com.android.internal.os.RuntimeInit$MethodAndArgsCaller.run(RuntimeInit.java:XX)
06-08 15:34:10.139  5373  5546 D DigestGenerator: at com.android.internal.os.ZygoteInit.main(ZygoteInit.java:XX)
06-08 15:34:10.139  5373  5546 D DigestGenerator: Caused by: java.lang.RuntimeException: YourApplication is not configured as <application>. Please check AndroidManifest.xml <application> section.
06-08 15:34:10.139  5373  5546 D DigestGenerator: & YourApplication must inherit PlayApplication.
06-08 15:34:10.139  5373  5546 D DigestGenerator: at cn.missevan.play.PlayApplication.getApplication(SourceFile:)
06-08 15:34:10.139  5373  5546 D DigestGenerator: at cn.missevan.transfer.utils.DepotHelper.getInstance(SourceFile:)
06-08 15:34:10.139  5373  5546 D DigestGenerator: at cn.missevan.play.XX.AbsLogHelper.getSQLiteDatabase(Unknown Source:)
06-08 15:34:10.139  5373  5546 D DigestGenerator: at cn.missevan.transfer.expose.AbstractTransferDB.<init>(SourceFile:)
06-08 15:34:10.139  5373  5546 D DigestGenerator: at cn.missevan.play.XX.AbsLogHelper.<init>(SourceFile:)
06-08 15:34:10.139  5373  5546 D DigestGenerator: at cn.missevan.play.XX.CommonLogHelper.<init>(SourceFile:)
06-08 15:34:10.139  5373  5546 D DigestGenerator: at cn.missevan.play.XX.CommonLogHelper.<init>(Unknown Source:)
06-08 15:34:10.139  5373  5546 D DigestGenerator: at cn.missevan.play.XX.CommonLogHelper$Holder.<clinit>(Unknown Source:)
06-08 15:34:10.147  5373  5546 W MQSEventManager: begin to storeEvent
06-08 15:34:10.152  5373  5546 D MQSRuleManager: Begin to match mqsas rules
06-08 15:34:10.154  5373  5546 W MQSEventManager: Method in addExceptionCommetAction, actionCommand is null!
06-08 15:34:10.154  5373  5546 W MQSActionExecutor: action is null!
06-08 15:34:10.154  5373  5546 W MQSEventManager: executeResult is 2
06-08 15:34:10.158  2403  3454 I SmartPower.com.miui.personalassistant/10068(7566): visible->invisible(253719ms) R(become invisible) adj=100.
06-08 15:34:10.158  2403  3454 I SmartPower.com.miui.personalassistant/10068(7566): invisible->background(0ms) R(become background) adj=100.
06-08 15:34:10.159  2403  3429 I SmartPower: com.miui.personalassistant/10068 state=foreground adj=100 proc size=1 move to inactive become invisible
06-08 15:34:10.167  2403  3454 I WindowManagerService: Physical orientation applied, rotation=0 sfOrientation=ORIENTATION_0
06-08 15:34:10.176  2403  5877 I WindowManagerService: Physical orientation applied, rotation=0 sfOrientation=ORIENTATION_0
06-08 15:34:10.180  5373  5384 I com.miui.daemo: This is non sticky GC, maxfree is 8388608 minfree is 2097152
06-08 15:34:10.180  5373  5384 W com.miui.daemo: Reducing the number of considered missed Gc histogram windows from 269 to 100
06-08 15:34:10.185  2403 25661 I DropBoxManagerService: add tag=data_app_crash isTagEnabled=true flags=0x2
06-08 15:34:10.187  2403  3919 W ActivityTaskManager:   Force finishing activity cn.missevan/.activity.MainActivity
06-08 15:34:10.202  2403  2617 W BroadcastQueue: Background execution not allowed: receiving Intent { act=android.intent.action.DROPBOX_ENTRY_ADDED flg=0x10 (has extras) } to com.google.android.gms/.stats.service.DropBoxEntryAddedReceiver
06-08 15:34:10.202  2403  2617 W BroadcastQueue: Background execution not allowed: receiving Intent { act=android.intent.action.DROPBOX_ENTRY_ADDED flg=0x10 (has extras) } to com.google.android.gms/.chimera.GmsIntentOperationService$PersistentTrustedReceiver
06-08 15:34:10.204 25555 25555 I Process : Sending signal. PID: 25555 SIG: 9
06-08 15:34:10.210  4164  4164 I OneHandedController: stopOneHanded mState=STATE_NONE, uiEvent=ONE_HANDED_TRIGGER_APP_TAPS_OUT
06-08 15:34:10.213  7124  7124 D EventBus: No subscribers registered for event class com.miui.home.recents.messages.TaskSnapshotChangedEvent
06-08 15:34:10.213  7124  7124 D EventBus: No subscribers registered for event class org.greenrobot.eventbus.NoSubscriberEvent
06-08 15:34:10.215 25542 25542 W BpBinder: PerfMonitor binderTransact :  time=872ms interface=android.app.IActivityManager code=1598246212
06-08 15:34:10.235  2403  2893 I WindowManager: WIN DEATH: Window{ac6804 u0 cn.missevan/cn.missevan.activity.MainActivity}
06-08 15:34:10.235  2403  2893 W InputManager-JNI: Input channel object 'ac6804 cn.missevan/cn.missevan.activity.MainActivity (client)' was disposed without first being removed with the input manager!
06-08 15:34:10.235  2403  4648 D ConnectivityService: ConnectivityService NetworkRequestInfo binderDied(uid/pid:10462/25555, android.os.BinderProxy@c1dd346)
06-08 15:34:10.235  2403  5876 D ConnectivityService: ConnectivityService NetworkRequestInfo binderDied(uid/pid:10462/25555, android.os.BinderProxy@d367907)
06-08 15:34:10.235  2403  3312 D ConnectivityService: releasing NetworkRequest [ REQUEST id=16803, [ Capabilities: INTERNET&NOT_RESTRICTED&TRUSTED&NOT_VCN_MANAGED Uid: 10462 RequestorUid: 10462 RequestorPkg: cn.missevan] ] (release request)
06-08 15:34:10.237  1104  1104 I Zygote  : Process 25555 exited due to signal 9 (Killed)
06-08 15:34:10.237  2403  5253 I SmartPower.cn.missevan/10462(25555): visible->died(533ms) R(process died ) adj=200.
06-08 15:34:10.237  2403  2620 I libprocessgroup: Successfully killed process cgroup uid 10462 pid 25555 in 0ms
06-08 15:34:10.237  2403  5253 I ActivityManager: Process cn.missevan (pid 25555) has died: prcp TOP
06-08 15:34:10.237  2403  3429 I SmartPower: cn.missevan/10462 state=foreground adj=200 proc size=4 move to died process died
06-08 15:34:10.244  2403  4540 W WindowManager: Cannot find window which accessibility connection is added to
06-08 15:34:10.249  1245  2285 I vendor.qti.hardware.display.composer-service: FrameNotifyProcess Sensor: notify citsensorservice to trigger cwb
06-08 15:34:10.249  1977  1977 I libcitsensorservice@2.0-impl: msg_transfer
06-08 15:34:10.249  1977  2987 D vendor.xiaomi.sensor.citsensorservice@2.0-service: handle id:8 wxh:1280x2400 uwxuh:1080x2400 size: 9216000 fd:15 fd_meta:16 flags:0x4000228 usage:0x33  format:0x3 layer_count: 1
06-08 15:34:10.250  1245  3014 I SDM     : HWCSession::SetCWBOutputBuffer: CWB config passed by cwb_client : tappoint 1  CWB_ROI : (829.000000 4.000000 915.000000 90.000000)
06-08 15:34:10.252 21052 21052 D BoundBrokerSvc: onUnbind: Intent { act=com.google.android.gms.safetynet.service.START pkg=com.google.android.gms }
06-08 15:34:10.252  1245 25665 I SDM     : HWCSession::ProcessRequests: Successfully configured CWB buffer.
06-08 15:34:10.252 25624 25624 I cr_ChildProcessService: Destroying ChildProcessService pid=25624
06-08 15:34:10.254  2403  5253 I ActivityManager: Killing 25624:com.google.android.webview:sandboxed_process0:org.chromium.content.app.SandboxedProcessService0:0/u0a462i438 (adj 0): isolated not needed
06-08 15:34:10.255  2403  5253 I SmartPower.com.google.android.webview:sandboxed_process0:org.chromium.content.app.SandboxedProbackground->died(225ms) R(process died ) adj=0.
06-08 15:34:10.255  2403  5253 D PerfImpl: perfProcessKillBoost: com.google.android.webview:sandboxed_process0:org.chromium.content.app.SandboxedProcessService0:0, 25624, 0
06-08 15:34:10.257  2403  2623 E Process : Error getting pid for '0'
06-08 15:34:10.257  2403  3429 I SmartPower: cn.missevan/99438 state=inactive adj=0 proc size=0 move to -1 process died
06-08 15:34:10.257  1262  5242 E ANDR-PERF-LM: ThreadHelper: thread_callback() 145: More than one pending updates!!! This should not happen. MeterMgr should avoid this case.
06-08 15:34:10.258  1837  3108 I CameraImpl: checkAllClientsStoppedAndReclaimMem reclaim camera provider anon memory.
06-08 15:34:10.258  1837  3108 I CameraImpl: checkAllClientsStoppedAndReclaimMem reclaim camera provider anon memory.
06-08 15:34:10.259  5823  8672 D UidObserver: onUidGone entry uid = 10462
06-08 15:34:10.260  7684 19295 I com.xiaomi.xms: oneway function results for code 3 on binder at 0xb400007e50286340 will be dropped but finished with status UNKNOWN_TRANSACTION
06-08 15:34:10.260  1103 14312 E traffic : traffic monitor has been disabled or argment error.
06-08 15:34:10.261  1245 25665 I SDM     : HWCSession::ProcessRequests: Pushing release fence in fenece wait queue.
06-08 15:34:10.261  2403  5253 D PerfImpl: perfWarmLaunchBoost: com.miui.home, -1, 1
06-08 15:34:10.261  1245 25665 I SDM     : HWCSession::ProcessRequests: Creating AsyncFenceWaits async thread.
06-08 15:34:10.261  7888 17507 I i.xmsf:service: oneway function results for code 3 on binder at 0xb400007f2911b0a0 will be dropped but finished with status UNKNOWN_TRANSACTION
06-08 15:34:10.261  1245 25665 I SDM     : HWCSession::ProcessRequests: Remove current CWB request from the pending request queue.
06-08 15:34:10.261  1245 25665 I SDM     : HWCSession::ProcessRequests: No pending cwb requests found in the queue.
06-08 15:34:10.262  1262  1454 E ANDR-PERF-OPTSHANDLER: Perflock resource /sys/class/devfreq/soc:qcom,cpubw/max_freq not supported
06-08 15:34:10.262  1262  1454 E ANDR-PERF-RESOURCEQS: Failed to apply optimization [6, 6]
06-08 15:34:10.262  1262  1454 E ANDR-PERF-OPTSHANDLER: Perflock resource /sys/class/devfreq/soc:qcom,cpubw/min_freq not supported
06-08 15:34:10.262  1262  1454 E ANDR-PERF-RESOURCEQS: Failed to apply optimization [6, 0]
06-08 15:34:10.262  1262  1454 E ANDR-PERF-OPTSHANDLER: Perflock resource /sys/class/devfreq/soc:qcom,cpu0-llcc-ddr-lat/min_freq not supported
06-08 15:34:10.262  1262  1454 E ANDR-PERF-RESOURCEQS: Failed to apply optimization [13, 12]
06-08 15:34:10.262  2403  3057 I MiuiNetworkPolicyTrafficLimit: updateWhiteListUidForMobileTraffic uid=10462,add=false
06-08 15:34:10.263  2403  3057 D MiuiNetworkPolicyTrafficLimit: updateWhiteListUidForMobileTraffic rst=true
06-08 15:34:10.266  1245  1464 I SDM     : HWDeviceDRM::SetupConcurrentWriteback: Tear down the Concurrent Writeback topology
06-08 15:34:10.269  2403  2620 I libprocessgroup: Successfully killed process cgroup uid 99438 pid 25624 in 13ms
06-08 15:34:10.273 25505 25536 I appium  : channel read: GET /wd/hub/session/259b4ffc-5341-49c4-b5e3-2d3e639b6639/appium/device/pixel_ratio
06-08 15:34:10.274 25505 25536 I appium  : GetDevicePixelRatio command
06-08 15:34:10.275  1245 25668 I SDM     : HWCSession::NotifyCWBStatus: Notify the client about buffer status 0.
06-08 15:34:10.276  1245 25668 I SDM     : HWCSession::PerformFenceWaits: Remove current release fence from the pending fence wait queue.
06-08 15:34:10.276  1245 25668 I SDM     : HWCSession::PerformFenceWaits: CWB fence queue is empty. No pending release fence to wait on.
06-08 15:34:10.276  2403  2568 W ActivityManager: setHasOverlayUi called on unknown pid: 25555
06-08 15:34:10.277 25505 25536 I appium  : AppiumResponse: {"sessionId":"259b4ffc-5341-49c4-b5e3-2d3e639b6639","value":2.75}
06-08 15:34:10.279  2403  2893 I SmartPower.com.miui.personalassistant/10068(7566): background->visible(121ms) R(become visible) adj=0.
06-08 15:34:10.280  2403  3429 I SmartPower: com.miui.personalassistant/10068 state=inactive adj=0 proc size=1 move to foreground become visible
06-08 15:34:10.280  5823  7674 I ThermalInfoCollector: collectForgroundAppsInfo: cn.missevan
06-08 15:34:10.280  7124  3176 D AppObserver: ForegroundInfo{mForegroundPackageName='com.miui.home', mForegroundUid=10079, mForegroundPid=7124, mLastForegroundPackageName='cn.missevan', mLastForegroundUid=10462, mLastForegroundPid=25555, mMultiWindowForegroundPackageName='com.miui.home', mMultiWindowForegroundUid=10079, mFlags=0}
06-08 15:34:10.280  5786  6155 I ProcessMonitor: onForegroundInfoChanged: ForegroundInfo{mForegroundPackageName='com.miui.home', mForegroundUid=10079, mForegroundPid=7124, mLastForegroundPackageName='cn.missevan', mLastForegroundUid=10462, mLastForegroundPid=25555, mMultiWindowForegroundPackageName='com.miui.home', mMultiWindowForegroundUid=10079, mFlags=0}
06-08 15:34:10.280  3984  3984 I Zygote  : Process 25624 exited due to signal 9 (Killed)
06-08 15:34:10.280  5823  7439 D LS-ForegroundStatusManager: handleMessage ForegroundInfoChanged. pkg = com.miui.home, uid = 10079, mCurrentForegroundUid = 10462
06-08 15:34:10.280  5823  7439 D LS-ForegroundStatusManager: onForegroundChanged mCurrentForegroundUid = 10462, new uid = 10079
06-08 15:34:10.281  5452  5519 I SLM-SRV-SLAToast: foreground uid:10079, isColdStart:false, isLinkTurboEnable:false
06-08 15:34:10.281 26154 26174 I ^_^MemoryTrim: onAppBackground()
06-08 15:34:10.281  5823  7418 D BL-BatteryLifeChecker:  onMessage. what = -10
06-08 15:34:10.281  5823  7418 D BL-BatteryLifeChecker:  onMessage. Foreground uid = 10079, isForeground = true
06-08 15:34:10.281  5823  7418 D BL-BatteryLifeChecker:  onMessage. what = -10
06-08 15:34:10.281  5823  7418 D BL-BatteryLifeChecker:  onMessage. Foreground uid = 10462, isForeground = false
06-08 15:34:10.280 13365 13377 I GST     : forePkg: com.miui.home, preForePkg: cn.missevan
06-08 15:34:10.280 20707 26979 D AutoInstallService: onForegroundInfoChanged: com.miui.home
06-08 15:34:10.282  5823  8672 D PerfEngineController: ForegroundInfo{mForegroundPackageName='com.miui.home', mForegroundUid=10079, mForegroundPid=7124, mLastForegroundPackageName='cn.missevan', mLastForegroundUid=10462, mLastForegroundPid=25555, mMultiWindowForegroundPackageName='com.miui.home', mMultiWindowForegroundUid=10079, mFlags=0}
06-08 15:34:10.282  5786  6155 I GameBoosterService: onForegroundInfoChanged: Cur=com.miui.home	 last=cn.missevan
06-08 15:34:10.283  5786  6155 D GameBoosterService: onGameStatusChange foreground:ForegroundInfo{mForegroundPackageName='com.miui.home', mForegroundUid=10079, mForegroundPid=7124, mLastForegroundPackageName='cn.missevan', mLastForegroundUid=10462, mLastForegroundPid=25555, mMultiWindowForegroundPackageName='com.miui.home', mMultiWindowForegroundUid=10079, mFlags=0}
06-08 15:34:10.283  5823  7760 D ThermalIECHandler: IECAll48Allowed: false; IECMonitorAllowed: false; IECTestState: false
06-08 15:34:10.283  5786  6155 I VideoBoxUtils: isSupportVideoBox: true
06-08 15:34:10.289  2403  2893 I WindowManagerService: Physical orientation applied, rotation=0 sfOrientation=ORIENTATION_0
06-08 15:34:10.299  7566  7579 I OpenGLRenderer: Davey! duration=266058ms; Flags=1, FrameTimelineVsyncId=152523003, IntendedVsync=2067607692006480, Vsync=2067607692006480, InputEventId=1684821611, HandleInputStart=2067607692456214, AnimationStart=2067607692457100, PerformTraversalsStart=2067607692457360, DrawStart=2067607754062152, FrameDeadline=2067607714006479, FrameInterval=2067607692415746, FrameStartTime=8333333, SyncQueued=2067607754345485, SyncStart=2067607755221527, IssueDrawCommandsStart=2067607755272204, SwapBuffers=2067607757668714, FrameCompleted=2067873751611373, DequeueBufferDuration=1823750, QueueBufferDuration=668802, GpuCompleted=2067873751611373, SwapBuffersCompleted=2067607758924496, DisplayPresentTime=29273595153285221,
06-08 15:34:10.300 25505 25536 I appium  : channel read: GET /wd/hub/session/259b4ffc-5341-49c4-b5e3-2d3e639b6639/appium/device/system_bars
06-08 15:34:10.301 25505 25536 I appium  : GetSystemBars command
06-08 15:34:10.301  2403  2872 I WindowManagerService: Physical orientation applied, rotation=0 sfOrientation=ORIENTATION_0
06-08 15:34:10.302 25505 25536 I appium  : AppiumResponse: {"sessionId":"259b4ffc-5341-49c4-b5e3-2d3e639b6639","value":{"statusBar":104}}
06-08 15:34:10.310 25505 25536 I appium  : channel read: GET /wd/hub/session/259b4ffc-5341-49c4-b5e3-2d3e639b6639/window/current/size
06-08 15:34:10.312 25505 25536 I appium  : GetDeviceSize command
06-08 15:34:10.312 25505 25536 I appium  : Get window size of the device
06-08 15:34:10.313  7124  7124 D Launcher.Lifecycle: onResume:UserHandle{0},a1ae5e7,false
06-08 15:34:10.313  7124  7124 W Settings: Setting device_provisioned has moved from android.provider.Settings.Secure to android.provider.Settings.Global.
06-08 15:34:10.313  7124  7473 D MiBridge: requestCpuHighFreq---- uid: 10079 level: 1 timeoutms:500
06-08 15:34:10.314  7124  7124 D Launcher.FullbackHome: FallbackHomeCompat::needKillSelf::needKillSelf = false
06-08 15:34:10.315  1875  1898 W MiuiBooster: "MiuiBoosterService requestCpuHighFreq: 10079, 1, 500"
06-08 15:34:10.315  1875  1898 W MiuiBooster: "requestCpuHighFreq,final level:1,final timeoutms:500"
06-08 15:34:10.315  1875  1898 W MiuiBooster: "perf_hint_hc start"
06-08 15:34:10.315  1875  1898 W MiuiBooster: "big_core_value[level-1]:4095"
06-08 15:34:10.315  1875  1898 W MiuiBooster: "little_core_value[level-1]:4095"
06-08 15:34:10.315  1875  1898 W MiuiBooster: "prime_core_value[level - 1]:4095"
06-08 15:34:10.316  1875  1898 W MiuiBooster: "perf_handle:774319"
06-08 15:34:10.316  7124  7473 D MiBridge: requestCpuHighFreq handle: 1
06-08 15:34:10.316  7124  7473 D Launcher_CPUBooster: boostCpuToMax:0
06-08 15:34:10.317  5786  6155 I VideoToolBoxService: splitMode: onfalse
06-08 15:34:10.317  5786  6155 I VideoToolBoxService: onForegroundInfoChanged: Exit Vtb
06-08 15:34:10.318  7566  7579 D LauncherOverlay: setActivityState:3
06-08 15:34:10.318  7566  7566 D LauncherOverlay.Window: onResume
06-08 15:34:10.318  7124  7124 D Launcher.RecommendController: Don't request, folder recommend switch off
06-08 15:34:10.319 25505 25536 I appium  : AppiumResponse: {"sessionId":"259b4ffc-5341-49c4-b5e3-2d3e639b6639","value":{"height":2256,"width":1080}}
06-08 15:34:10.333  2403  2570 W InputManager-JNI: Input channel object '6e6fa77 Splash Screen cn.missevan (client)' was disposed without first being removed with the input manager!
06-08 15:34:10.341  4164  4621 D BLASTBufferQueue: releaseBufferCallback ReleaseCallbackId: bufferId:17884243828631 framenumber:11
06-08 15:34:10.348  2403  2893 I WindowManagerService: Physical orientation applied, rotation=0 sfOrientation=ORIENTATION_0
06-08 15:34:10.349  5373 30163 W MiuiPerfServiceClient: interceptAndQueuing:4164|com.android.systemui|119|25|2067873311171321|Slow handle animation|9
06-08 15:34:10.350  4164  4621 D BLASTBufferQueue: releaseBufferCallback ReleaseCallbackId: bufferId:17884243828630 framenumber:12
06-08 15:34:10.352  7124  7124 D RecentsImpl: mActivityStateObserver com.miui.home.launcher.Launcher
06-08 15:34:10.353  7124  7124 W RecentsImpl: onResumed className=com.miui.home.launcher.Launcher   mIsInAnotherPro=false   isKeyguardLocked=false
06-08 15:34:10.353  7124  7124 D Launcher: notifyBackGestureStatus
06-08 15:34:10.353  7124  7124 E RotationHelper: setCurrentTransitionRequest: request=0
06-08 15:34:10.353  7124  7124 E RotationHelper: setCurrentTransitionRequest: request=0
06-08 15:34:10.353  7124  7344 E Launcher: notifyBackGestureStatus:run usingFsGesture=true   show=true   focus=false   pause=false
06-08 15:34:10.353  7124  7124 D Launcher.Lifecycle: onWindowFocusChanged:true,UserHandle{0},a1ae5e7,false
06-08 15:34:10.353  7124  7344 D Launcher: notifyFsGestureHomeStatus    enableBackGesture=false   isSupportRecentsAndFsGesture=true
06-08 15:34:10.353  7124  7124 D Launcher_UnlockAnimationStateMachine: onWindowFocus:IDLE
06-08 15:34:10.353  7124  7124 D DecorView[]: onWindowFocusChanged hasWindowFocus true
06-08 15:34:10.354  7124  7124 I HandWritingStubImpl: isKeyboardTypeChanged: false
06-08 15:34:10.354  7124  7124 I HandWritingStubImpl: refreshLastKeyboardType: 1
06-08 15:34:10.354  7124  7124 I HandWritingStubImpl: getCurrentKeyboardType: 1
06-08 15:34:10.354  2403  2570 W ActivityTaskManager: Can't find TaskDisplayArea to determine support for multi window. Task id=418 attached=false
06-08 15:34:10.354  2403  2570 W ActivityTaskManager: Can't find TaskDisplayArea to determine support for multi window. Task id=418 attached=false
06-08 15:34:10.357  7684 19295 I com.xiaomi.xms: oneway function results for code 3 on binder at 0xb400007e50286340 will be dropped but finished with status UNKNOWN_TRANSACTION
06-08 15:34:10.357  1837  5789 I CameraImpl: checkAllClientsStoppedAndReclaimMem reclaim camera provider anon memory.
06-08 15:34:10.357  7825  7825 E BaseInputMethodService: onFinishInput
06-08 15:34:10.357  1837  5789 I CameraImpl: checkAllClientsStoppedAndReclaimMem reclaim camera provider anon memory.
06-08 15:34:10.357  7825  7825 E BaseInputMethodService: onStartInput
06-08 15:34:10.357  7888 17507 I i.xmsf:service: oneway function results for code 3 on binder at 0xb400007f2911b0a0 will be dropped but finished with status UNKNOWN_TRANSACTION
06-08 15:34:10.357  4164  4177 D BLASTBufferQueue: releaseBufferCallback ReleaseCallbackId: bufferId:17884243828633 framenumber:13
06-08 15:34:10.360  5823  8672 D UidObserver: onUidGone entry uid = 99438
06-08 15:34:10.366  7124  7124 I HandWritingStubImpl: isKeyboardTypeChanged: false
06-08 15:34:10.366  4164  5129 D BLASTBufferQueue: releaseBufferCallback ReleaseCallbackId: bufferId:17884243828632 framenumber:14
06-08 15:34:10.366  7124  7344 W RecentsImpl: updateFsgWindowVisibilityState   isEnter=false   typeFrom=typefrom_home   isOpen=true   mIsInAnotherPro=false   mIsStatusBarExpansion=false
06-08 15:34:10.366  7124  7344 W RecentsImpl: getTopActivity from observer.   cn=ComponentInfo{com.miui.home/com.miui.home.launcher.Launcher}
06-08 15:34:10.366  7124  7399 D RecentsImpl: hideBackStubWindow
06-08 15:34:10.372  7124  7124 D RecentsImpl: showNavStubView
06-08 15:34:10.372  7124  7124 D NavStubView_Touch: setKeepHidden    old=false   new=false
06-08 15:34:10.372  2403  2872 I WindowManagerService: Physical orientation applied, rotation=0 sfOrientation=ORIENTATION_0
06-08 15:34:10.375  6969  7675 W OpenGLRenderer: Surface doesn't have any previously queued frames, nothing to readback from
06-08 15:34:10.376  6969  7165 D HomeWallpaperRenderer: OFFSET  x: 0.0  y: 0.0
06-08 15:34:10.376  6969  7675 W OpenGLRenderer: Surface doesn't have any previously queued frames, nothing to readback from
06-08 15:34:10.377  4164  5129 D BLASTBufferQueue: releaseBufferCallback ReleaseCallbackId: bufferId:17884243828631 framenumber:15
06-08 15:34:10.383  4164  5129 D BLASTBufferQueue: releaseBufferCallback ReleaseCallbackId: bufferId:17884243828630 framenumber:16
06-08 15:34:10.391  4164  5129 D BLASTBufferQueue: releaseBufferCallback ReleaseCallbackId: bufferId:17884243828633 framenumber:17
06-08 15:34:10.392  2403  2872 I WindowManagerService: Physical orientation applied, rotation=0 sfOrientation=ORIENTATION_0
06-08 15:34:10.393  6969  7675 W OpenGLRenderer: Surface doesn't have any previously queued frames, nothing to readback from
06-08 15:34:10.400  4164  4177 D BLASTBufferQueue: releaseBufferCallback ReleaseCallbackId: bufferId:17884243828632 framenumber:18
06-08 15:34:10.404  1977  2997 D libsensor-displayalgo: the value of  brightness:410.000000,R:77296384.557271,G:77297133.237939,B:77313059.061408,EVENT_C:6826.500000,EVENT_R:2635.000000,EVENT_G:3445.500000,EVENT_B:1398.500000
06-08 15:34:10.404  1977  2997 I libsensor-displayalgo: the value of  Coef1:1107.681000,Coef4:2.383000, scale1:0.935522, scale4:0.923264
06-08 15:34:10.404  1977  2997 E libsensor-displayalgo: RGB_test_0407_400_oldzy!
06-08 15:34:10.404  1977  2997 I libsensor-displayalgo: the value of  RESULT2996.964821,1184.130340,1455.730426,544.012232
06-08 15:34:10.404  1977  2997 I libsensor-displayalgo: the value of  getChannelDataCalibrated3134.585415,1097.131011,1686.489833,590.771633
06-08 15:34:10.404  1977  2997 I libsensor-displayalgo: the value of  REAL LUX216.994095
06-08 15:34:10.404  1977  2997 I libsensor-displayalgo: the value of  CAL REAL LUX216.994095
06-08 15:34:10.408  4164  5129 D BLASTBufferQueue: releaseBufferCallback ReleaseCallbackId: bufferId:17884243828631 framenumber:19
06-08 15:34:10.411  2403  3057 I MiuiNetworkPolicyTrafficLimit: updateWhiteListUidForMobileTraffic uid=10238,add=true
06-08 15:34:10.412 25505 25536 I appium  : channel read: GET /wd/hub/session/259b4ffc-5341-49c4-b5e3-2d3e639b6639/window/current/size
06-08 15:34:10.412  2403  3057 D MiuiNetworkPolicyTrafficLimit: updateWhiteListUidForMobileTraffic rst=true
06-08 15:34:10.412 25505 25536 I appium  : GetDeviceSize command
06-08 15:34:10.412 25505 25536 I appium  : Get window size of the device
06-08 15:34:10.416 25505 25536 I appium  : AppiumResponse: {"sessionId":"259b4ffc-5341-49c4-b5e3-2d3e639b6639","value":{"height":2256,"width":1080}}
06-08 15:34:10.417  4164  5129 D BLASTBufferQueue: releaseBufferCallback ReleaseCallbackId: bufferId:17884243828630 framenumber:20
06-08 15:34:10.419  7124  7344 D StatusBarController: handleMessage: flag 800000  disable true
06-08 15:34:10.419  7124  7124 D Launcher_WallpaperUtils: changeStatusBarMode:false
06-08 15:34:10.419 21986 22003 D Wth2:ToolUtils: getCallingPackageName callingPackageName: com.miui.home
06-08 15:34:10.420 21986 22003 D Wth2:ToolUtils: packageName: com.miui.home hasAccessProvider: true
06-08 15:34:10.420 21986 22003 D Wth2:WeatherProvider: WeatherProvider query match is:1
06-08 15:34:10.423 21986 22003 D Wth2:WeatherProvider: queryOriginalWeatherData res getCount: 0
06-08 15:34:10.423 21986 22003 D Wth2:JobUtils: startUpdateJob(), is from jobschedule=false
06-08 15:34:10.424 21986 22003 D Wth2:ServiceJob: doMyJob()
06-08 15:34:10.425 21986 22013 D Wth2:LocationUpdater: run() user don't agree to run
06-08 15:34:10.426  4164  5129 D BLASTBufferQueue: releaseBufferCallback ReleaseCallbackId: bufferId:17884243828633 framenumber:21
06-08 15:34:10.426 21986 22003 D Wth2:ServiceJob: doMyJob()
06-08 15:34:10.426 21986 22013 D Wth2:WeatherUpdater: run() user don't agree to run
06-08 15:34:10.429  4164  4164 D StatusBar: disable<e i a s b h r C!s > disable2<q i n >
06-08 15:34:10.429  4164  4164 D CollapsedStatusBarFragment: adjustDisableFlags: mStatusBarView.getState() = 0 mHideIconsForBouncer = false mWereIconsJustHidden = false, mWakeUpCoordinator.getNotificationsFullyHidden = false, mIsExpanded = false, mBypassController.getBypassEnabled = false, mStatusBarStateController.getState() = 0, mKeyguardStateController.isKeyguardGoingAway() = false, mHeadsUpManager.hasPinnedHeadsUp = false, mIsLaunchAnimationRunning = false, mHideIconsDuringLaunchAnimation = true, isFullWidth()true, mShowIconsWhenExpanded = true, mControlPanelExpand = false
06-08 15:34:10.430  4164  4164 D NotifBadge: recevie broadbcast ACTION_APPLICATION_MESSAGE_QUERY, requestFirstTime=false
06-08 15:34:10.433  4164  5129 D BLASTBufferQueue: releaseBufferCallback ReleaseCallbackId: bufferId:17884243828632 framenumber:22
06-08 15:34:10.437  5823  7760 D ThermalIECHandler: storeDataStyle: thermal_iec_monitor_persistence_data_style_iec_state; startIECTime: -1; IECScreenOffOverPeriodTime: 3035475955
06-08 15:34:10.437  5823  7760 D ThermalIECHandler: storeDataStyle: thermal_iec_monitor_persistence_data_style_iec_state; startIECTime: -1; IECScreenOffOverPeriodTime: 3035475955
06-08 15:34:10.440  4164  5129 D BLASTBufferQueue: releaseBufferCallback ReleaseCallbackId: bufferId:17884243828631 framenumber:23
06-08 15:34:10.449 25505 25536 I appium  : channel read: GET /wd/hub/session/259b4ffc-5341-49c4-b5e3-2d3e639b6639/window/current/size
06-08 15:34:10.450  4164  5129 D BLASTBufferQueue: releaseBufferCallback ReleaseCallbackId: bufferId:17884243828630 framenumber:24
06-08 15:34:10.450 25505 25536 I appium  : GetDeviceSize command
06-08 15:34:10.450 25505 25536 I appium  : Get window size of the device
06-08 15:34:10.452 25505 25536 I appium  : AppiumResponse: {"sessionId":"259b4ffc-5341-49c4-b5e3-2d3e639b6639","value":{"height":2256,"width":1080}}
06-08 15:34:10.457  4164  5129 D BLASTBufferQueue: releaseBufferCallback ReleaseCallbackId: bufferId:17884243828633 framenumber:25
06-08 15:34:10.465  4164  5129 D BLASTBufferQueue: releaseBufferCallback ReleaseCallbackId: bufferId:17884243828632 framenumber:26
06-08 15:34:10.473  4164  5129 D BLASTBufferQueue: releaseBufferCallback ReleaseCallbackId: bufferId:17884243828631 framenumber:27
06-08 15:34:10.482  4164  5129 D BLASTBufferQueue: releaseBufferCallback ReleaseCallbackId: bufferId:17884243828630 framenumber:28
06-08 15:34:10.490  4164  5129 D BLASTBufferQueue: releaseBufferCallback ReleaseCallbackId: bufferId:17884243828633 framenumber:29
06-08 15:34:10.498  4164  5129 D BLASTBufferQueue: releaseBufferCallback ReleaseCallbackId: bufferId:17884243828632 framenumber:30
06-08 15:34:10.506  4164  5129 D BLASTBufferQueue: releaseBufferCallback ReleaseCallbackId: bufferId:17884243828631 framenumber:31
06-08 15:34:10.515  4164  5129 D BLASTBufferQueue: releaseBufferCallback ReleaseCallbackId: bufferId:17884243828630 framenumber:32
06-08 15:34:10.519  7124  7463 E Launcher.Transfer: transfer is closed
06-08 15:34:10.523  4164  5129 D BLASTBufferQueue: releaseBufferCallback ReleaseCallbackId: bufferId:17884243828633 framenumber:33
06-08 15:34:10.531  4164  5129 D BLASTBufferQueue: releaseBufferCallback ReleaseCallbackId: bufferId:17884243828632 framenumber:34
06-08 15:34:10.539  4164  5129 D BLASTBufferQueue: releaseBufferCallback ReleaseCallbackId: bufferId:17884243828631 framenumber:35
06-08 15:34:10.548  4164  5129 D BLASTBufferQueue: releaseBufferCallback ReleaseCallbackId: bufferId:17884243828630 framenumber:36
06-08 15:34:10.556  1245  2285 I vendor.qti.hardware.display.composer-service: FrameNotifyProcess Sensor: notify citsensorservice to trigger cwb
06-08 15:34:10.556  1977  2109 I libcitsensorservice@2.0-impl: msg_transfer
06-08 15:34:10.556  4164  5129 D BLASTBufferQueue: releaseBufferCallback ReleaseCallbackId: bufferId:17884243828633 framenumber:37
06-08 15:34:10.556  1977  2987 D vendor.xiaomi.sensor.citsensorservice@2.0-service: handle id:8 wxh:1280x2400 uwxuh:1080x2400 size: 9216000 fd:15 fd_meta:16 flags:0x4000228 usage:0x33  format:0x3 layer_count: 1
06-08 15:34:10.556  1245  3014 I SDM     : HWCSession::SetCWBOutputBuffer: CWB config passed by cwb_client : tappoint 1  CWB_ROI : (829.000000 4.000000 915.000000 90.000000)
06-08 15:34:10.557  1245 25685 I SDM     : HWCSession::ProcessRequests: Successfully configured CWB buffer.
06-08 15:34:10.565  4164  5129 D BLASTBufferQueue: releaseBufferCallback ReleaseCallbackId: bufferId:17884243828632 framenumber:38
06-08 15:34:10.565  1245 25685 I SDM     : HWCSession::ProcessRequests: Pushing release fence in fenece wait queue.
06-08 15:34:10.566  1245 25685 I SDM     : HWCSession::ProcessRequests: Creating AsyncFenceWaits async thread.
06-08 15:34:10.566  1245 25685 I SDM     : HWCSession::ProcessRequests: Remove current CWB request from the pending request queue.
06-08 15:34:10.566  1245 25685 I SDM     : HWCSession::ProcessRequests: No pending cwb requests found in the queue.
06-08 15:34:10.572  1245  1464 I SDM     : HWDeviceDRM::SetupConcurrentWriteback: Tear down the Concurrent Writeback topology
06-08 15:34:10.573  4164  5129 D BLASTBufferQueue: releaseBufferCallback ReleaseCallbackId: bufferId:17884243828631 framenumber:39
06-08 15:34:10.580  1245 25686 I SDM     : HWCSession::NotifyCWBStatus: Notify the client about buffer status 0.
06-08 15:34:10.580  1245 25686 I SDM     : HWCSession::PerformFenceWaits: Remove current release fence from the pending fence wait queue.
06-08 15:34:10.580  1245 25686 I SDM     : HWCSession::PerformFenceWaits: CWB fence queue is empty. No pending release fence to wait on.
06-08 15:34:10.581  4164  5129 D BLASTBufferQueue: releaseBufferCallback ReleaseCallbackId: bufferId:17884243828630 framenumber:40
06-08 15:34:10.589  4164  5129 D BLASTBufferQueue: releaseBufferCallback ReleaseCallbackId: bufferId:17884243828633 framenumber:41
06-08 15:34:10.597  4164  5129 D BLASTBufferQueue: releaseBufferCallback ReleaseCallbackId: bufferId:17884243828632 framenumber:42
06-08 15:34:10.603  2403  5700 W WindowManager: Failed looking up window session=Session{ecffa52 4164:1000} callers=com.android.server.wm.WindowManagerService.windowForClientLocked:6127 com.android.server.wm.WindowManagerService.relayoutWindow:2504 com.android.server.wm.Session.relayout:237
06-08 15:34:10.605  2403  2421 W WindowManager: Cannot find window which accessibility connection is added to
06-08 15:34:10.606  2403  5700 W WindowManager: Failed looking up window session=Session{ecffa52 4164:1000} callers=com.android.server.wm.WindowManagerService.windowForClientLocked:6127 com.android.server.wm.WindowManagerService.removeWindow:2298 com.android.server.wm.Session.remove:220
06-08 15:34:10.607  4164  5129 D BLASTBufferQueue: releaseBufferCallback ReleaseCallbackId: bufferId:17884243828631 framenumber:43
06-08 15:34:10.665 25505 25536 I appium  : channel read: GET /wd/hub/session/259b4ffc-5341-49c4-b5e3-2d3e639b6639/screenshot
06-08 15:34:10.666 25505 25536 I appium  : CaptureScreenshot command
06-08 15:34:10.667  7124  7399 D GestureStubView_Touch: setKeepHidden    old=false   new=true
06-08 15:34:10.668  7124  7399 D GestureStubView_Touch: updateTouchable    old=false   new=true
06-08 15:34:10.668  7124  7399 D GestureStubView_Touch:   updateTouchable---requestApplyInsets
06-08 15:34:10.668  7124  7399 D GestureStubView_Touch: disableTouch    old=false   new=true
06-08 15:34:10.668  7124  7399 D GestureStubView_Touch: updateTouchable    old=true   new=true
06-08 15:34:10.668  7124  7399 D GestureStubView: hideGestureStub
06-08 15:34:10.668  7124  7399 D GestureStubView_Touch: setKeepHidden    old=false   new=true
06-08 15:34:10.668  7124  7399 D GestureStubView_Touch: updateTouchable    old=false   new=true
06-08 15:34:10.668  7124  7399 D GestureStubView_Touch:   updateTouchable---requestApplyInsets
06-08 15:34:10.668  7124  7399 D GestureStubView_Touch: disableTouch    old=false   new=true
06-08 15:34:10.668  7124  7399 D GestureStubView_Touch: updateTouchable    old=true   new=true
06-08 15:34:10.668  7124  7399 D GestureStubView: hideGestureStub
06-08 15:34:10.691  2403  2568 W ActivityTaskManager: Activity top resumed state loss timeout for ActivityRecord{ecd3f38 u0 cn.missevan/.activity.MainActivity t-1 f}}
06-08 15:34:10.704  1977  2997 D libsensor-displayalgo: the value of  brightness:410.000000,R:53471783.158449,G:58369948.189132,B:65348604.687848,EVENT_C:6319.500000,EVENT_R:2451.000000,EVENT_G:3183.000000,EVENT_B:1296.500000
06-08 15:34:10.704  1977  2997 I libsensor-displayalgo: the value of  Coef1:1107.681000,Coef4:2.383000, scale1:0.935522, scale4:0.923264
06-08 15:34:10.704  1977  2997 E libsensor-displayalgo: RGB_test_0407_400_oldzy!
06-08 15:34:10.704  1977  2997 I libsensor-displayalgo: the value of  RESULT2435.485554,931.477253,1211.565530,447.795215
06-08 15:34:10.704  1977  2997 I libsensor-displayalgo: the value of  getChannelDataCalibrated2547.323026,863.040619,1403.620417,486.284490
06-08 15:34:10.704  1977  2997 I libsensor-displayalgo: the value of  REAL LUX221.494827
06-08 15:34:10.704  1977  2997 I libsensor-displayalgo: the value of  CAL REAL LUX221.494827
06-08 15:34:10.846  1245  2285 I vendor.qti.hardware.display.composer-service: FrameNotifyProcess Sensor: notify citsensorservice to trigger cwb
06-08 15:34:10.846  1977  2109 I libcitsensorservice@2.0-impl: msg_transfer
06-08 15:34:10.846  1977  2987 D vendor.xiaomi.sensor.citsensorservice@2.0-service: handle id:8 wxh:1280x2400 uwxuh:1080x2400 size: 9216000 fd:15 fd_meta:16 flags:0x4000228 usage:0x33  format:0x3 layer_count: 1
06-08 15:34:10.846  1245  3014 I SDM     : HWCSession::SetCWBOutputBuffer: CWB config passed by cwb_client : tappoint 1  CWB_ROI : (829.000000 4.000000 915.000000 90.000000)
06-08 15:34:10.847  1245 25697 I SDM     : HWCSession::ProcessRequests: Successfully configured CWB buffer.
06-08 15:34:10.854  1245 25697 I SDM     : HWCSession::ProcessRequests: Pushing release fence in fenece wait queue.
06-08 15:34:10.854  1245 25697 I SDM     : HWCSession::ProcessRequests: Creating AsyncFenceWaits async thread.
06-08 15:34:10.854  1245 25697 I SDM     : HWCSession::ProcessRequests: Remove current CWB request from the pending request queue.
06-08 15:34:10.854  1245 25697 I SDM     : HWCSession::ProcessRequests: No pending cwb requests found in the queue.
06-08 15:34:10.861  1245  1464 I SDM     : HWDeviceDRM::SetupConcurrentWriteback: Tear down the Concurrent Writeback topology
06-08 15:34:10.861  1245  2285 I vendor.qti.hardware.display.composer-service: FrameNotifyProcess Sensor: notify citsensorservice to trigger cwb
06-08 15:34:10.861  1977  2109 I libcitsensorservice@2.0-impl: msg_transfer
06-08 15:34:10.869  1245 25699 I SDM     : HWCSession::NotifyCWBStatus: Notify the client about buffer status 0.
06-08 15:34:10.869  1245 25699 I SDM     : HWCSession::PerformFenceWaits: Remove current release fence from the pending fence wait queue.
06-08 15:34:10.869  1245 25699 I SDM     : HWCSession::PerformFenceWaits: CWB fence queue is empty. No pending release fence to wait on.
06-08 15:34:11.003  1977  2997 D libsensor-displayalgo: the value of  brightness:410.000000,R:53471783.158449,G:58369948.189132,B:65348604.687848,EVENT_C:6395.500000,EVENT_R:2473.500000,EVENT_G:3219.500000,EVENT_B:1309.500000
06-08 15:34:11.003  1977  2997 I libsensor-displayalgo: the value of  Coef1:1107.681000,Coef4:2.383000, scale1:0.935522, scale4:0.923264
06-08 15:34:11.003  1977  2997 E libsensor-displayalgo: RGB_test_0407_400_oldzy!
06-08 15:34:11.004  1977  2997 I libsensor-displayalgo: the value of  RESULT2435.485554,931.477253,1211.565530,447.795215
06-08 15:34:11.004  1977  2997 I libsensor-displayalgo: the value of  getChannelDataCalibrated2547.323026,863.040619,1403.620417,486.284490
06-08 15:34:11.004  1977  2997 I libsensor-displayalgo: the value of  REAL LUX226.614899
06-08 15:34:11.004  1977  2997 I libsensor-displayalgo: the value of  CAL REAL LUX226.614899
06-08 15:34:11.304  1977  2997 D libsensor-displayalgo: the value of  brightness:410.000000,R:53471783.158449,G:58369948.189132,B:65348604.687848,EVENT_C:6395.500000,EVENT_R:2473.500000,EVENT_G:3219.500000,EVENT_B:1309.500000
06-08 15:34:11.304  1977  2997 I libsensor-displayalgo: the value of  Coef1:1107.681000,Coef4:2.383000, scale1:0.935522, scale4:0.923264
06-08 15:34:11.304  1977  2997 E libsensor-displayalgo: RGB_test_0407_400_oldzy!
06-08 15:34:11.304  1977  2997 I libsensor-displayalgo: the value of  RESULT2435.485554,931.477253,1211.565530,447.795215
06-08 15:34:11.304  1977  2997 I libsensor-displayalgo: the value of  getChannelDataCalibrated2547.323026,863.040619,1403.620417,486.284490
06-08 15:34:11.304  1977  2997 I libsensor-displayalgo: the value of  REAL LUX226.614899
06-08 15:34:11.304  1977  2997 I libsensor-displayalgo: the value of  CAL REAL LUX226.614899
06-08 15:34:11.358  1604  1966 D IdProviderImpl: getOAID from com.miui.analytics
06-08 15:34:11.362  1604  1966 D IdProviderImpl: getOAID from com.miui.analytics
06-08 15:34:11.698  1245  3014 I SDM     : HWCDisplay::SetActiveConfigWithConstraints: config: 0, WxH 1080x2400, fps 60
06-08 15:34:11.699  1245  3014 W SDM     : HWDeviceDRM::GetSupportedBitClkRate: Requested rate not supported: 831000000
06-08 15:34:11.699  1245  3014 I SDM     : HWDeviceDRM::UpdateMixerAttributes: Mixer WxH 1080x2400-0 for Peripheral
06-08 15:34:11.701  1245  3014 I SDM     : HWCDisplay::SubmitDisplayConfig: Active configuration changed from config 1 to 0
06-08 15:34:11.701  1245  3014 I SDM     : HWCDisplay::SubmitDisplayConfig: Active WxH 1080x2400 fps 60
06-08 15:34:11.703  1245  1464 I SDM     : HWDeviceDRM::SetupAtomic: Setting mode: WxH: 1080x2400, vrefresh: 60, hskew: 0
06-08 15:34:11.703  1245  2285 I vendor.qti.hardware.display.composer-service: FrameNotifyProcess Sensor: notify citsensorservice to trigger cwb
06-08 15:34:11.703  1977  2109 I libcitsensorservice@2.0-impl: msg_transfer
06-08 15:34:11.703  1977  2987 D vendor.xiaomi.sensor.citsensorservice@2.0-service: handle id:8 wxh:1280x2400 uwxuh:1080x2400 size: 9216000 fd:15 fd_meta:16 flags:0x4000228 usage:0x33  format:0x3 layer_count: 1
06-08 15:34:11.704  1245  3014 I SDM     : HWCSession::SetCWBOutputBuffer: CWB config passed by cwb_client : tappoint 1  CWB_ROI : (829.000000 4.000000 915.000000 90.000000)
06-08 15:34:11.705  1245 25702 I SDM     : HWCSession::ProcessRequests: Successfully configured CWB buffer.
06-08 15:34:11.705  1285  2203 D FPSMonitor: threadFuncFpsMonitor display 0, fps 60
06-08 15:34:11.706  1977  2997 D libsensor-displayalgo: the value of  brightness:410.000000,R:53471783.158449,G:58369948.189132,B:65348604.687848,EVENT_C:6395.500000,EVENT_R:2473.500000,EVENT_G:3219.500000,EVENT_B:1309.500000
06-08 15:34:11.706  1977  2997 I libsensor-displayalgo: the value of  Coef1:1107.681000,Coef4:2.383000, scale1:0.935522, scale4:0.923264
06-08 15:34:11.706  1977  2997 E libsensor-displayalgo: RGB_test_0407_400_oldzy!
06-08 15:34:11.706  1977  2997 I libsensor-displayalgo: the value of  RESULT2435.485554,931.477253,1211.565530,447.795215
06-08 15:34:11.706  1977  2997 I libsensor-displayalgo: the value of  getChannelDataCalibrated2547.323026,863.040619,1403.620417,486.284490
06-08 15:34:11.706  1977  2997 I libsensor-displayalgo: the value of  REAL LUX226.614899
06-08 15:34:11.706  1977  2997 I libsensor-displayalgo: the value of  CAL REAL LUX226.614899
06-08 15:34:11.707  1977  2988 I libsensor-displayalgo: displayInfoCallback::display info won't handle!!!
06-08 15:34:11.712  1262  1454 E ANDR-PERF-UTIL: Failed to update node /proc/sys/walt/sched_per_task_boost with value 25555 0
06-08 15:34:11.713  1262  1454 E ANDR-PERF-OPTSHANDLER: can't reset task 25555
06-08 15:34:11.713  1262  1454 E ANDR-PERF-RESOURCEQS: Failed to reset optimization [3, 32]
06-08 15:34:11.728  1245 25702 I SDM     : HWCSession::ProcessRequests: Pushing release fence in fenece wait queue.
06-08 15:34:11.728  1245 25702 I SDM     : HWCSession::ProcessRequests: Creating AsyncFenceWaits async thread.
06-08 15:34:11.728  1245 25702 I SDM     : HWCSession::ProcessRequests: Remove current CWB request from the pending request queue.
06-08 15:34:11.729  1245 25702 I SDM     : HWCSession::ProcessRequests: No pending cwb requests found in the queue.
06-08 15:34:11.746  1245  1464 I SDM     : HWDeviceDRM::SetupConcurrentWriteback: Tear down the Concurrent Writeback topology
06-08 15:34:11.748  1245 25703 I SDM     : HWCSession::NotifyCWBStatus: Notify the client about buffer status 0.
06-08 15:34:11.749  1245 25703 I SDM     : HWCSession::PerformFenceWaits: Remove current release fence from the pending fence wait queue.
06-08 15:34:11.749  1245 25703 I SDM     : HWCSession::PerformFenceWaits: CWB fence queue is empty. No pending release fence to wait on.
06-08 15:34:12.005  1977  2997 D libsensor-displayalgo: the value of  brightness:410.000000,R:53471783.158449,G:58369948.189132,B:65348604.687848,EVENT_C:6379.000000,EVENT_R:2468.500000,EVENT_G:3206.500000,EVENT_B:1303.000000
06-08 15:34:12.005  1977  2997 I libsensor-displayalgo: the value of  Coef1:1107.681000,Coef4:2.383000, scale1:0.935522, scale4:0.923264
06-08 15:34:12.005  1977  2997 E libsensor-displayalgo: RGB_test_0407_400_oldzy!
06-08 15:34:12.005  1977  2997 I libsensor-displayalgo: the value of  RESULT2435.485554,931.477253,1211.565530,447.795215
06-08 15:34:12.005  1977  2997 I libsensor-displayalgo: the value of  getChannelDataCalibrated2547.323026,863.040619,1403.620417,486.284490
06-08 15:34:12.005  1977  2997 I libsensor-displayalgo: the value of  REAL LUX225.575455
06-08 15:34:12.005  1977  2997 I libsensor-displayalgo: the value of  CAL REAL LUX225.575455
06-08 15:34:12.304  1977  2997 D libsensor-displayalgo: the value of  brightness:410.000000,R:53471783.158449,G:58369948.189132,B:65348604.687848,EVENT_C:6379.000000,EVENT_R:2468.500000,EVENT_G:3206.500000,EVENT_B:1303.000000
06-08 15:34:12.305  1977  2997 I libsensor-displayalgo: the value of  Coef1:1107.681000,Coef4:2.383000, scale1:0.935522, scale4:0.923264
06-08 15:34:12.305  1977  2997 E libsensor-displayalgo: RGB_test_0407_400_oldzy!
06-08 15:34:12.305  1977  2997 I libsensor-displayalgo: the value of  RESULT2435.485554,931.477253,1211.565530,447.795215
06-08 15:34:12.305  1977  2997 I libsensor-displayalgo: the value of  getChannelDataCalibrated2547.323026,863.040619,1403.620417,486.284490
06-08 15:34:12.305  1977  2997 I libsensor-displayalgo: the value of  REAL LUX225.575455
06-08 15:34:12.305  1977  2997 I libsensor-displayalgo: the value of  CAL REAL LUX225.575455
06-08 15:34:12.547 25505 25514 I tomator2.serve: This is non sticky GC, maxfree is 8388608 minfree is 2097152
06-08 15:34:12.582 25505 25514 I tomator2.serve: This is sticky GC, maxfree is 8388608 minfree is 2097152
06-08 15:34:12.605  1977  2997 D libsensor-displayalgo: the value of  brightness:410.000000,R:53471783.158449,G:58369948.189132,B:65348604.687848,EVENT_C:6379.000000,EVENT_R:2468.500000,EVENT_G:3206.500000,EVENT_B:1303.000000
06-08 15:34:12.605  1977  2997 I libsensor-displayalgo: the value of  Coef1:1107.681000,Coef4:2.383000, scale1:0.935522, scale4:0.923264
06-08 15:34:12.605  1977  2997 E libsensor-displayalgo: RGB_test_0407_400_oldzy!
06-08 15:34:12.606  1977  2997 I libsensor-displayalgo: the value of  RESULT2435.485554,931.477253,1211.565530,447.795215
06-08 15:34:12.606  1977  2997 I libsensor-displayalgo: the value of  getChannelDataCalibrated2547.323026,863.040619,1403.620417,486.284490
06-08 15:34:12.606  1977  2997 I libsensor-displayalgo: the value of  REAL LUX225.575455
06-08 15:34:12.606  1977  2997 I libsensor-displayalgo: the value of  CAL REAL LUX225.575455
06-08 15:34:12.614 25505 25536 I appium  : AppiumResponse: {"sessionId":"259b4ffc-5341-49c4-b5e3-2d3e639b6639","value":"iVBORw0KGgoAAAANSUhEUgAABDgAAAlgCAYAAABtGofVAAAAAXNSR0IArs4c6QAAAARzQklUCAgI\nCHwIZIgAACAASURBVHichL3LrjTJkSb2mblHZJ7Lf6kqsruHPbMRWoA2LWgnvc7sZic9wjyYMDPi\nQICgRbO1kCBRo+lusklWkcWq/3ZOZka4m2lhbu7mcU5JCRTq/JlxcTc3t8tnF6f/6e/+QcEZkAIi\nAEgQEâ€¦
06-08 15:34:12.629 25505 25514 I tomator2.serve: This is non sticky GC, maxfree is 8388608 minfree is 2097152
06-08 15:34:12.825  1167 11720 I vendor.qti.bluetooth@1.0-ibs_handler: ProcessIbsCmd: Received IBS_WAKE_IND: 0xFD
06-08 15:34:12.826  1167 11720 D vendor.qti.bluetooth@1.0-ibs_handler: SerialClockVote: vote for UART CLK ON
06-08 15:34:12.826  1167 11720 D vendor.qti.bluetooth@1.0-wake_lock: Acquire wakelock is acquired
06-08 15:34:12.826  1167 11720 I vendor.qti.bluetooth@1.0-ibs_handler: ProcessIbsCmd: Writing IBS_WAKE_ACK
06-08 15:34:12.833 26341 26393 E MiuiFastConnectService: check adv data not fast connect
06-08 15:34:12.867  1167 11720 I vendor.qti.bluetooth@1.0-ibs_handler: ProcessIbsCmd: Received IBS_SLEEP_IND: 0xFE
06-08 15:34:12.867  1167 11720 D vendor.qti.bluetooth@1.0-ibs_handler: SerialClockVote: vote for UART CLK OFF
06-08 15:34:12.905  1977  2997 D libsensor-displayalgo: the value of  brightness:410.000000,R:53471783.158449,G:58369948.189132,B:65348604.687848,EVENT_C:6424.500000,EVENT_R:2483.000000,EVENT_G:3237.500000,EVENT_B:1316.000000
06-08 15:34:12.905  1977  2997 I libsensor-displayalgo: the value of  Coef1:1107.681000,Coef4:2.383000, scale1:0.935522, scale4:0.923264
06-08 15:34:12.905  1977  2997 E libsensor-displayalgo: RGB_test_0407_400_oldzy!
06-08 15:34:12.906  1977  2997 I libsensor-displayalgo: the value of  RESULT2435.485554,931.477253,1211.565530,447.795215
06-08 15:34:12.906  1977  2997 I libsensor-displayalgo: the value of  getChannelDataCalibrated2547.323026,863.040619,1403.620417,486.284490
06-08 15:34:12.906  1977  2997 I libsensor-displayalgo: the value of  REAL LUX228.594391
06-08 15:34:12.906  1977  2997 I libsensor-displayalgo: the value of  CAL REAL LUX228.594391
06-08 15:34:13.017  1167 11579 D vendor.qti.bluetooth@1.0-wake_lock: Release wakelock is released
06-08 15:34:13.040  1245  2285 I vendor.qti.hardware.display.composer-service: FrameNotifyProcess Sensor: notify citsensorservice to trigger cwb
06-08 15:34:13.040  1977  1977 I libcitsensorservice@2.0-impl: msg_transfer
06-08 15:34:13.041  1977  2987 D vendor.xiaomi.sensor.citsensorservice@2.0-service: handle id:8 wxh:1280x2400 uwxuh:1080x2400 size: 9216000 fd:15 fd_meta:16 flags:0x4000228 usage:0x33  format:0x3 layer_count: 1
06-08 15:34:13.042  1245  3014 I SDM     : HWCSession::SetCWBOutputBuffer: CWB config passed by cwb_client : tappoint 1  CWB_ROI : (829.000000 4.000000 915.000000 90.000000)
06-08 15:34:13.042  1245 25705 I SDM     : HWCSession::ProcessRequests: Successfully configured CWB buffer.
06-08 15:34:13.058  1245 25705 I SDM     : HWCSession::ProcessRequests: Pushing release fence in fenece wait queue.
