06-08 15:34:26.104  1977  2997 I libsensor-displayalgo: the value of  Coef1:1107.681000,Coef4:2.383000, scale1:0.935522, scale4:0.923264
06-08 15:34:26.104  1977  2997 E libsensor-displayalgo: RGB_black_white_scenario_0822!
06-08 15:34:26.104  1977  2997 I libsensor-displayalgo: the value of  RESULT365.212350,136.455572,191.634831,65.889888
06-08 15:34:26.104  1977  2997 I libsensor-displayalgo: the value of  getChannelDataCalibrated381.982897,126.430034,222.012392,71.553312
06-08 15:34:26.104  1977  2997 I libsensor-displayalgo: the value of  REAL LUX262.716553
06-08 15:34:26.104  1977  2997 I libsensor-displayalgo: the value of  CAL REAL LUX262.716553
06-08 15:34:26.146  5823  7760 I DisplayFrameSetting: homeToAppEnd pkg=cn.missevan
06-08 15:34:26.147  1245  2285 I vendor.qti.hardware.display.composer-service: FrameNotifyProcess Sensor: notify citsensorservice to trigger cwb
06-08 15:34:26.147  1977 18363 I libcitsensorservice@2.0-impl: msg_transfer
06-08 15:34:26.148  1977  2987 D vendor.xiaomi.sensor.citsensorservice@2.0-service: handle id:8 wxh:1280x2400 uwxuh:1080x2400 size: 9216000 fd:15 fd_meta:16 flags:0x4000228 usage:0x33  format:0x3 layer_count: 1
06-08 15:34:26.148  1245  1850 I SDM     : HWCSession::SetCWBOutputBuffer: CWB config passed by cwb_client : tappoint 1  CWB_ROI : (829.000000 4.000000 915.000000 90.000000)
06-08 15:34:26.155  1245 26126 I SDM     : HWCSession::ProcessRequests: Successfully configured CWB buffer.
06-08 15:34:26.163  1245 26126 I SDM     : HWCSession::ProcessRequests: Pushing release fence in fenece wait queue.
06-08 15:34:26.163  1245 26126 I SDM     : HWCSession::ProcessRequests: Creating AsyncFenceWaits async thread.
06-08 15:34:26.164  1245 26126 I SDM     : HWCSession::ProcessRequests: Remove current CWB request from the pending request queue.
06-08 15:34:26.164  1245 26126 I SDM     : HWCSession::ProcessRequests: No pending cwb requests found in the queue.
06-08 15:34:26.164  1245  1464 I SDM     : HWDeviceDRM::SetupConcurrentWriteback: Tear down the Concurrent Writeback topology
06-08 15:34:26.178  1245 26127 I SDM     : HWCSession::NotifyCWBStatus: Notify the client about buffer status 0.
06-08 15:34:26.179  1245 26127 I SDM     : HWCSession::PerformFenceWaits: Remove current release fence from the pending fence wait queue.
06-08 15:34:26.179  1245 26127 I SDM     : HWCSession::PerformFenceWaits: CWB fence queue is empty. No pending release fence to wait on.
06-08 15:34:26.347  1245  2285 I vendor.qti.hardware.display.composer-service: FrameNotifyProcess Sensor: notify citsensorservice to trigger cwb
06-08 15:34:26.347  1977 18363 I libcitsensorservice@2.0-impl: msg_transfer
06-08 15:34:26.347  1977  2987 D vendor.xiaomi.sensor.citsensorservice@2.0-service: handle id:8 wxh:1280x2400 uwxuh:1080x2400 size: 9216000 fd:15 fd_meta:16 flags:0x4000228 usage:0x33  format:0x3 layer_count: 1
06-08 15:34:26.347  1245  1850 I SDM     : HWCSession::SetCWBOutputBuffer: CWB config passed by cwb_client : tappoint 1  CWB_ROI : (829.000000 4.000000 915.000000 90.000000)
06-08 15:34:26.348  1245 26132 I SDM     : HWCSession::ProcessRequests: Successfully configured CWB buffer.
06-08 15:34:26.353  1245 26132 I SDM     : HWCSession::ProcessRequests: Pushing release fence in fenece wait queue.
06-08 15:34:26.353  1245 26132 I SDM     : HWCSession::ProcessRequests: Creating AsyncFenceWaits async thread.
06-08 15:34:26.353  1245 26132 I SDM     : HWCSession::ProcessRequests: Remove current CWB request from the pending request queue.
06-08 15:34:26.353  1245 26132 I SDM     : HWCSession::ProcessRequests: No pending cwb requests found in the queue.
06-08 15:34:26.359  1245  1464 I SDM     : HWDeviceDRM::SetupConcurrentWriteback: Tear down the Concurrent Writeback topology
06-08 15:34:26.368  1245 26134 I SDM     : HWCSession::NotifyCWBStatus: Notify the client about buffer status 0.
06-08 15:34:26.368  1245 26134 I SDM     : HWCSession::PerformFenceWaits: Remove current release fence from the pending fence wait queue.
06-08 15:34:26.368  1245 26134 I SDM     : HWCSession::PerformFenceWaits: CWB fence queue is empty. No pending release fence to wait on.
06-08 15:34:26.404  1977  2997 D libsensor-displayalgo: the value of  brightness:410.000000,R:11545406.201586,G:11514181.375458,B:11700250.689315,EVENT_C:4791.000000,EVENT_R:1953.500000,EVENT_G:2335.000000,EVENT_B:970.000000
06-08 15:34:26.404  1977  2997 I libsensor-displayalgo: the value of  Coef1:1107.681000,Coef4:2.383000, scale1:0.935522, scale4:0.923264
06-08 15:34:26.404  1977  2997 E libsensor-displayalgo: RGB_black_white_scenario_0822!
06-08 15:34:26.404  1977  2997 I libsensor-displayalgo: the value of  RESULT398.760311,149.140904,208.775928,71.571284
06-08 15:34:26.404  1977  2997 I libsensor-displayalgo: the value of  getChannelDataCalibrated417.071381,138.183362,241.870661,77.723040
06-08 15:34:26.404  1977  2997 I libsensor-displayalgo: the value of  REAL LUX263.000824
06-08 15:34:26.404  1977  2997 I libsensor-displayalgo: the value of  CAL REAL LUX263.000824
06-08 15:34:26.425  2403  2911 D MIUIInput: [MotionEvent] notifyMotion - eventTime=2067889881114000, deviceId=8, source=0x1002, policyFlags=0x0, action=0x0, flags=0x0, downTime=2067889881114000, moveCount:0
06-08 15:34:26.425  2403  2910 D MIUIInput: [MotionEvent] publisher action=0x4, 2067889881, channel '9ede85b NavigationBar0 (server)'
06-08 15:34:26.425  2403  2910 D MIUIInput: [MotionEvent] publisher action=0x0, 2067889881, channel '44cfadf cn.missevan/cn.missevan.activity.SplashActivity (server)'
06-08 15:34:26.428 26067 26067 D MIUIInput: [MotionEvent] ViewRootImpl windowName 'cn.missevan/cn.missevan.activity.SplashActivity', { action=ACTION_DOWN, id[0]=0, pointerCount=1, eventTime=2067889881, downTime=2067889881, phoneEventTime=15:34:26.425 } moveCount:0
06-08 15:34:26.428  2403  4650 D BLASTBufferQueue: releaseBufferCallback ReleaseCallbackId: bufferId:10320806414753 framenumber:10
06-08 15:34:26.451  1245  2285 I vendor.qti.hardware.display.composer-service: FrameNotifyProcess Sensor: notify citsensorservice to trigger cwb
06-08 15:34:26.451  1977  2109 I libcitsensorservice@2.0-impl: msg_transfer
06-08 15:34:26.452  1977  2987 D vendor.xiaomi.sensor.citsensorservice@2.0-service: handle id:8 wxh:1280x2400 uwxuh:1080x2400 size: 9216000 fd:15 fd_meta:16 flags:0x4000228 usage:0x33  format:0x3 layer_count: 1
06-08 15:34:26.452  1245  1850 I SDM     : HWCSession::SetCWBOutputBuffer: CWB config passed by cwb_client : tappoint 1  CWB_ROI : (829.000000 4.000000 915.000000 90.000000)
06-08 15:34:26.452  1245 26139 I SDM     : HWCSession::ProcessRequests: Successfully configured CWB buffer.
06-08 15:34:26.460  1245 26139 I SDM     : HWCSession::ProcessRequests: Pushing release fence in fenece wait queue.
06-08 15:34:26.460  1245 26139 I SDM     : HWCSession::ProcessRequests: Creating AsyncFenceWaits async thread.
06-08 15:34:26.460  1245 26139 I SDM     : HWCSession::ProcessRequests: Remove current CWB request from the pending request queue.
06-08 15:34:26.460  1245 26139 I SDM     : HWCSession::ProcessRequests: No pending cwb requests found in the queue.
06-08 15:34:26.468  1245  1464 I SDM     : HWDeviceDRM::SetupConcurrentWriteback: Tear down the Concurrent Writeback topology
06-08 15:34:26.475  1245 26140 I SDM     : HWCSession::NotifyCWBStatus: Notify the client about buffer status 0.
06-08 15:34:26.475  1245 26140 I SDM     : HWCSession::PerformFenceWaits: Remove current release fence from the pending fence wait queue.
06-08 15:34:26.475  1245 26140 I SDM     : HWCSession::PerformFenceWaits: CWB fence queue is empty. No pending release fence to wait on.
06-08 15:34:26.488  2403  2566 D PerfImpl: perfGetWorkLoadType
06-08 15:34:26.488  2403  2566 D PerfImpl: perfScrollBoost: cn.missevan, -1, 4
06-08 15:34:26.489  2403  2566 D PerfImpl: perfGetWorkLoadType
06-08 15:34:26.489  2403  2566 D PerfImpl: perfDragBoost: cn.missevan, -1, 1
06-08 15:34:26.579  2403  2911 D MIUIInput: [MotionEvent] notifyMotion - eventTime=2067890036029000, deviceId=8, source=0x1002, policyFlags=0x0, action=0x1, flags=0x0, downTime=2067889881114000, moveCount:25
06-08 15:34:26.579  2403  2910 D MIUIInput: [MotionEvent] publisher action=0x1, 2067890036, channel '44cfadf cn.missevan/cn.missevan.activity.SplashActivity (server)'
06-08 15:34:26.580 26067 26067 D MIUIInput: [MotionEvent] ViewRootImpl windowName 'cn.missevan/cn.missevan.activity.SplashActivity', { action=ACTION_UP, id[0]=0, pointerCount=1, eventTime=2067890036, downTime=2067889881, phoneEventTime=15:34:26.579 } moveCount:15
06-08 15:34:26.580  2403  2566 D PerfImpl: perfGetWorkLoadType
06-08 15:34:26.580  2403  2566 D PerfImpl: perfScrollBoost: cn.missevan, 239, 1
06-08 15:34:26.581  2403  2566 D PerfImpl: perfGetWorkLoadType
06-08 15:34:26.581  2403  2566 D PerfImpl: perfScrollBoost: cn.missevan, -1, 4
06-08 15:34:26.582  2403  2566 D PerfImpl: perfGetWorkLoadType
06-08 15:34:26.582  2403  2566 D PerfImpl: perfLockRelease
06-08 15:34:26.703  1977  2997 D libsensor-displayalgo: the value of  brightness:410.000000,R:11545406.201586,G:11514181.375458,B:11700250.689315,EVENT_C:4729.500000,EVENT_R:1934.000000,EVENT_G:2303.000000,EVENT_B:953.000000
06-08 15:34:26.704  1977  2997 I libsensor-displayalgo: the value of  Coef1:1107.681000,Coef4:2.383000, scale1:0.935522, scale4:0.923264
06-08 15:34:26.704  1977  2997 E libsensor-displayalgo: RGB_black_white_scenario_0822!
06-08 15:34:26.704  1977  2997 I libsensor-displayalgo: the value of  RESULT398.760311,149.140904,208.775928,71.571284
06-08 15:34:26.704  1977  2997 I libsensor-displayalgo: the value of  getChannelDataCalibrated417.071381,138.183362,241.870661,77.723040
06-08 15:34:26.704  1977  2997 I libsensor-displayalgo: the value of  REAL LUX259.320679
06-08 15:34:26.704  1977  2997 I libsensor-displayalgo: the value of  CAL REAL LUX259.320679
06-08 15:34:26.704  1977  2997 I libsensor-ssccalapi: value of set_lux: 259.320679
06-08 15:34:26.755  1245  2285 I vendor.qti.hardware.display.composer-service: FrameNotifyProcess Sensor: notify citsensorservice to trigger cwb
06-08 15:34:26.755  1977 18363 I libcitsensorservice@2.0-impl: msg_transfer
06-08 15:34:26.756  1977  2987 D vendor.xiaomi.sensor.citsensorservice@2.0-service: handle id:8 wxh:1280x2400 uwxuh:1080x2400 size: 9216000 fd:15 fd_meta:16 flags:0x4000228 usage:0x33  format:0x3 layer_count: 1
06-08 15:34:26.756  1245  1850 I SDM     : HWCSession::SetCWBOutputBuffer: CWB config passed by cwb_client : tappoint 1  CWB_ROI : (829.000000 4.000000 915.000000 90.000000)
06-08 15:34:26.756  1245 26144 I SDM     : HWCSession::ProcessRequests: Successfully configured CWB buffer.
06-08 15:34:26.765  1245 26144 I SDM     : HWCSession::ProcessRequests: Pushing release fence in fenece wait queue.
06-08 15:34:26.765  1245 26144 I SDM     : HWCSession::ProcessRequests: Creating AsyncFenceWaits async thread.
06-08 15:34:26.765  1245 26144 I SDM     : HWCSession::ProcessRequests: Remove current CWB request from the pending request queue.
06-08 15:34:26.765  1245 26144 I SDM     : HWCSession::ProcessRequests: No pending cwb requests found in the queue.
06-08 15:34:26.771  1245  1464 I SDM     : HWDeviceDRM::SetupConcurrentWriteback: Tear down the Concurrent Writeback topology
06-08 15:34:26.779  1245 26145 I SDM     : HWCSession::NotifyCWBStatus: Notify the client about buffer status 0.
06-08 15:34:26.779  1245 26145 I SDM     : HWCSession::PerformFenceWaits: Remove current release fence from the pending fence wait queue.
06-08 15:34:26.779  1245 26145 I SDM     : HWCSession::PerformFenceWaits: CWB fence queue is empty. No pending release fence to wait on.
06-08 15:34:26.804  1285  1285 D SRE     : sensorCallback mDisplayId = 0 dataCallback value=< 259.3213, 286.6408, 410.0000>,time=3036067093079856, sensor=5, temperature(K)= 286.6408
06-08 15:34:26.805  1285  1285 D SRE     : setSREStrength mDisplayId = 0, mLastLux = 226, lux = 259, mSREEnabled = 1, mLastFreezeStatus = 0, freeze = 0
06-08 15:34:26.904  2403  3423 D SchedBoost: stopBoostInternal:
06-08 15:34:26.904  2403  3423 D SchedBoost: ready to stop boost
06-08 15:34:26.905  1262  1454 E ANDR-PERF-OPTSHANDLER: checkAlreadySetCpuset: fopen failed, errno Permission denied, trying pgid as pid to check
06-08 15:34:26.906  2403  3423 D SchedBoost: stopBoostInternal:
06-08 15:34:26.906  2403  3423 D SchedBoost: ready to stop boost
06-08 15:34:26.947  1245  2285 I vendor.qti.hardware.display.composer-service: FrameNotifyProcess Sensor: notify citsensorservice to trigger cwb
06-08 15:34:26.947  1977 18363 I libcitsensorservice@2.0-impl: msg_transfer
06-08 15:34:26.947  1977  2987 D vendor.xiaomi.sensor.citsensorservice@2.0-service: handle id:8 wxh:1280x2400 uwxuh:1080x2400 size: 9216000 fd:15 fd_meta:16 flags:0x4000228 usage:0x33  format:0x3 layer_count: 1
06-08 15:34:26.948  1245  1850 I SDM     : HWCSession::SetCWBOutputBuffer: CWB config passed by cwb_client : tappoint 1  CWB_ROI : (829.000000 4.000000 915.000000 90.000000)
06-08 15:34:26.950  1245 26146 I SDM     : HWCSession::ProcessRequests: Successfully configured CWB buffer.
06-08 15:34:26.956  1245 26146 I SDM     : HWCSession::ProcessRequests: Pushing release fence in fenece wait queue.
06-08 15:34:26.956  1245 26146 I SDM     : HWCSession::ProcessRequests: Creating AsyncFenceWaits async thread.
06-08 15:34:26.957  1245 26146 I SDM     : HWCSession::ProcessRequests: Remove current CWB request from the pending request queue.
06-08 15:34:26.957  1245 26146 I SDM     : HWCSession::ProcessRequests: No pending cwb requests found in the queue.
06-08 15:34:26.961  1245  1464 I SDM     : HWDeviceDRM::SetupConcurrentWriteback: Tear down the Concurrent Writeback topology
06-08 15:34:26.968  1245 26148 I SDM     : HWCSession::NotifyCWBStatus: Notify the client about buffer status 0.
06-08 15:34:26.969  1245 26148 I SDM     : HWCSession::PerformFenceWaits: Remove current release fence from the pending fence wait queue.
06-08 15:34:26.969  1245 26148 I SDM     : HWCSession::PerformFenceWaits: CWB fence queue is empty. No pending release fence to wait on.
06-08 15:34:26.972 26067 26076 I cn.missevan: This is sticky GC, maxfree is 8388608 minfree is 2097152
06-08 15:34:26.972 26067 26076 I cn.missevan: Background young concurrent copying GC freed 217448(10MB) AllocSpace objects, 41(6864KB) LOS objects, 78% free, 6623KB/30MB, paused 301us,17us total 132.402ms
06-08 15:34:27.006  1977  2997 D libsensor-displayalgo: the value of  brightness:410.000000,R:11545406.201586,G:11514181.375458,B:11700250.689315,EVENT_C:4745.000000,EVENT_R:1938.000000,EVENT_G:2312.500000,EVENT_B:960.000000
06-08 15:34:27.006  1977  2997 I libsensor-displayalgo: the value of  Coef1:1107.681000,Coef4:2.383000, scale1:0.935522, scale4:0.923264
06-08 15:34:27.006  1977  2997 E libsensor-displayalgo: RGB_black_white_scenario_0822!
06-08 15:34:27.006  1977  2997 I libsensor-displayalgo: the value of  RESULT398.760311,149.140904,208.775928,71.571284
06-08 15:34:27.006  1977  2997 I libsensor-displayalgo: the value of  getChannelDataCalibrated417.071381,138.183362,241.870661,77.723040
06-08 15:34:27.006  1977  2997 I libsensor-displayalgo: the value of  REAL LUX260.127350
06-08 15:34:27.006  1977  2997 I libsensor-displayalgo: the value of  CAL REAL LUX260.127350
06-08 15:34:27.059  1245  2285 I vendor.qti.hardware.display.composer-service: FrameNotifyProcess Sensor: notify citsensorservice to trigger cwb
06-08 15:34:27.060  1977  1977 I libcitsensorservice@2.0-impl: msg_transfer
06-08 15:34:27.060  1977  2987 D vendor.xiaomi.sensor.citsensorservice@2.0-service: handle id:8 wxh:1280x2400 uwxuh:1080x2400 size: 9216000 fd:15 fd_meta:16 flags:0x4000228 usage:0x33  format:0x3 layer_count: 1
06-08 15:34:27.061  1245  1850 I SDM     : HWCSession::SetCWBOutputBuffer: CWB config passed by cwb_client : tappoint 1  CWB_ROI : (829.000000 4.000000 915.000000 90.000000)
06-08 15:34:27.062  1245 26149 I SDM     : HWCSession::ProcessRequests: Successfully configured CWB buffer.
06-08 15:34:27.070  1245 26149 I SDM     : HWCSession::ProcessRequests: Pushing release fence in fenece wait queue.
06-08 15:34:27.070  1245 26149 I SDM     : HWCSession::ProcessRequests: Creating AsyncFenceWaits async thread.
06-08 15:34:27.070  1245 26149 I SDM     : HWCSession::ProcessRequests: Remove current CWB request from the pending request queue.
06-08 15:34:27.070  1245 26149 I SDM     : HWCSession::ProcessRequests: No pending cwb requests found in the queue.
06-08 15:34:27.076  1245  1464 I SDM     : HWDeviceDRM::SetupConcurrentWriteback: Tear down the Concurrent Writeback topology
06-08 15:34:27.084  1245 26150 I SDM     : HWCSession::NotifyCWBStatus: Notify the client about buffer status 0.
06-08 15:34:27.084  1245 26150 I SDM     : HWCSession::PerformFenceWaits: Remove current release fence from the pending fence wait queue.
06-08 15:34:27.084  1245 26150 I SDM     : HWCSession::PerformFenceWaits: CWB fence queue is empty. No pending release fence to wait on.
06-08 15:34:27.212  2403  2911 D MIUIInput: [MotionEvent] notifyMotion - eventTime=2067890667880000, deviceId=8, source=0x1002, policyFlags=0x0, action=0x0, flags=0x0, downTime=2067890667880000, moveCount:0
06-08 15:34:27.212  2403  2910 D MIUIInput: [MotionEvent] publisher action=0x4, 2067890667, channel '9ede85b NavigationBar0 (server)'
06-08 15:34:27.213  2403  2910 D MIUIInput: [MotionEvent] publisher action=0x0, 2067890667, channel '44cfadf cn.missevan/cn.missevan.activity.SplashActivity (server)'
06-08 15:34:27.214 26067 26067 D MIUIInput: [MotionEvent] ViewRootImpl windowName 'cn.missevan/cn.missevan.activity.SplashActivity', { action=ACTION_DOWN, id[0]=0, pointerCount=1, eventTime=2067890667, downTime=2067890667, phoneEventTime=15:34:27.211 } moveCount:0
06-08 15:34:27.227  2403  4648 D BLASTBufferQueue: releaseBufferCallback ReleaseCallbackId: bufferId:10320806414752 framenumber:11
06-08 15:34:27.257  2403  2911 D MIUIInput: [MotionEvent] notifyMotion - eventTime=2067890713352000, deviceId=8, source=0x1002, policyFlags=0x0, action=0x1, flags=0x0, downTime=2067890667880000, moveCount:0
06-08 15:34:27.257  2403  2910 D MIUIInput: [MotionEvent] publisher action=0x1, 2067890713, channel '44cfadf cn.missevan/cn.missevan.activity.SplashActivity (server)'
06-08 15:34:27.258 26067 26067 D MIUIInput: [MotionEvent] ViewRootImpl windowName 'cn.missevan/cn.missevan.activity.SplashActivity', { action=ACTION_UP, id[0]=0, pointerCount=1, eventTime=2067890713, downTime=2067890667, phoneEventTime=15:34:27.257 } moveCount:0
06-08 15:34:27.268  2403  4648 W InputManager-JNI: Input channel object '44cfadf cn.missevan/cn.missevan.activity.SplashActivity (client)' was disposed without first being removed with the input manager!
06-08 15:34:27.284 26067 26067 I Prefs   : setKvsValue, key: privacy_modified_time, value: 1616673600
06-08 15:34:27.285 26067 26067 I SplashActivity: onAgree
06-08 15:34:27.285 26067 26067 I KVMigration: processMigratedField, KV migrated, return.
06-08 15:34:27.286 26067 26067 I KVMigration: migration, KV migrated, return.
06-08 15:34:27.286 26067 26067 I AppRunningTracker: init AppRunningTracker.
06-08 15:34:27.286 26067 26067 I AppRunningTracker: App cold start up.
06-08 15:34:27.286 26067 26067 I Prefs   : setKvsValue, key: running_record_start_ts, value: 1686209667286
06-08 15:34:27.287 26067 26067 I AppRunningTracker: Generate new App running session id: f5cbd8e1-d1c0-43db-b4c3-ee24e4cedf1e
06-08 15:34:27.287 26067 26067 I Prefs   : setKvsValue, key: running_record_session_id, value: f5cbd8e1-d1c0-43db-b4c3-ee24e4cedf1e
06-08 15:34:27.289 26067 26067 D MissEvanApplication: cn.missevanis main progress
06-08 15:34:27.304  1977  2997 D libsensor-displayalgo: the value of  brightness:410.000000,R:11545406.201586,G:11514181.375458,B:11700250.689315,EVENT_C:4768.000000,EVENT_R:1945.500000,EVENT_G:2322.500000,EVENT_B:964.500000
06-08 15:34:27.304  1977  2997 I libsensor-displayalgo: the value of  Coef1:1107.681000,Coef4:2.383000, scale1:0.935522, scale4:0.923264
06-08 15:34:27.304  1977  2997 E libsensor-displayalgo: RGB_black_white_scenario_0822!
06-08 15:34:27.304  1977  2997 I libsensor-displayalgo: the value of  RESULT398.760311,149.140904,208.775928,71.571284
06-08 15:34:27.304  1977  2997 I libsensor-displayalgo: the value of  getChannelDataCalibrated417.071381,138.183362,241.870661,77.723040
06-08 15:34:27.304  1977  2997 I libsensor-displayalgo: the value of  REAL LUX261.557251
06-08 15:34:27.304  1977  2997 I libsensor-displayalgo: the value of  CAL REAL LUX261.557251
06-08 15:34:27.316  4164  4810 D BLASTBufferQueue: releaseBufferCallback ReleaseCallbackId: bufferId:17884243828134 framenumber:244874
06-08 15:34:27.325  4164  4810 D BLASTBufferQueue: releaseBufferCallback ReleaseCallbackId: bufferId:17884243828161 framenumber:244875
06-08 15:34:27.332  4164  4810 D BLASTBufferQueue: releaseBufferCallback ReleaseCallbackId: bufferId:17884243828135 framenumber:244876
06-08 15:34:27.341  4164  4810 D BLASTBufferQueue: releaseBufferCallback ReleaseCallbackId: bufferId:17884243828162 framenumber:244877
06-08 15:34:27.349  4164  4810 D BLASTBufferQueue: releaseBufferCallback ReleaseCallbackId: bufferId:17884243828134 framenumber:244878
06-08 15:34:27.357  4164  4810 D BLASTBufferQueue: releaseBufferCallback ReleaseCallbackId: bufferId:17884243828161 framenumber:244879
06-08 15:34:27.359  4125  4965 W TelephonyPermissions: reportAccessDeniedToReadIdentifiers:cn.missevan:getDeviceId:1
06-08 15:34:27.365  1245  2285 I vendor.qti.hardware.display.composer-service: FrameNotifyProcess Sensor: notify citsensorservice to trigger cwb
06-08 15:34:27.366  4164  4810 D BLASTBufferQueue: releaseBufferCallback ReleaseCallbackId: bufferId:17884243828135 framenumber:244880
06-08 15:34:27.366  1977 18363 I libcitsensorservice@2.0-impl: msg_transfer
06-08 15:34:27.366  1977  2987 D vendor.xiaomi.sensor.citsensorservice@2.0-service: handle id:8 wxh:1280x2400 uwxuh:1080x2400 size: 9216000 fd:15 fd_meta:16 flags:0x4000228 usage:0x33  format:0x3 layer_count: 1
06-08 15:34:27.366  1245  1850 I SDM     : HWCSession::SetCWBOutputBuffer: CWB config passed by cwb_client : tappoint 1  CWB_ROI : (829.000000 4.000000 915.000000 90.000000)
06-08 15:34:27.367  1245 26159 I SDM     : HWCSession::ProcessRequests: Successfully configured CWB buffer.
06-08 15:34:27.374  1245 26159 I SDM     : HWCSession::ProcessRequests: Pushing release fence in fenece wait queue.
06-08 15:34:27.374  4164  4810 D BLASTBufferQueue: releaseBufferCallback ReleaseCallbackId: bufferId:17884243828162 framenumber:244881
06-08 15:34:27.374  1245 26159 I SDM     : HWCSession::ProcessRequests: Creating AsyncFenceWaits async thread.
06-08 15:34:27.375  1245 26159 I SDM     : HWCSession::ProcessRequests: Remove current CWB request from the pending request queue.
06-08 15:34:27.375  1245 26159 I SDM     : HWCSession::ProcessRequests: No pending cwb requests found in the queue.
06-08 15:34:27.379  4125  4965 W TelephonyPermissions: reportAccessDeniedToReadIdentifiers:cn.missevan:getDeviceId:1
06-08 15:34:27.381  1245  1464 I SDM     : HWDeviceDRM::SetupConcurrentWriteback: Tear down the Concurrent Writeback topology
06-08 15:34:27.382  4164  4810 D BLASTBufferQueue: releaseBufferCallback ReleaseCallbackId: bufferId:17884243828134 framenumber:244882
06-08 15:34:27.384  4125  4965 W TelephonyPermissions: reportAccessDeniedToReadIdentifiers:cn.missevan:getSubscriberIdForSubscriber:1
06-08 15:34:27.388  1245 26160 I SDM     : HWCSession::NotifyCWBStatus: Notify the client about buffer status 0.
06-08 15:34:27.388  1245 26160 I SDM     : HWCSession::PerformFenceWaits: Remove current release fence from the pending fence wait queue.
06-08 15:34:27.388  1245 26160 I SDM     : HWCSession::PerformFenceWaits: CWB fence queue is empty. No pending release fence to wait on.
06-08 15:34:27.390  4125  4965 W TelephonyPermissions: reportAccessDeniedToReadIdentifiers:cn.missevan:getDeviceId:1
06-08 15:34:27.386 26067 26067 W BPool-1 : type=1400 audit(0.0:272284): avc: denied { read } for name="u:object_r:wifi_prop:s0" dev="tmpfs" ino=475 scontext=u:r:untrusted_app_27:s0:c206,c257,c512,c768 tcontext=u:object_r:wifi_prop:s0 tclass=file permissive=0 app=cn.missevan
06-08 15:34:27.391  4164  4810 D BLASTBufferQueue: releaseBufferCallback ReleaseCallbackId: bufferId:17884243828161 framenumber:244883
06-08 15:34:27.391 26067 26161 W libc    : Access denied finding property "wlan.lge.wifimac"
06-08 15:34:27.392 26067 26161 W libc    : Access denied finding property "wifi.interface"
06-08 15:34:27.390 26067 26067 W BPool-1 : type=1400 audit(0.0:272285): avc: denied { read } for name="u:object_r:wifi_hal_prop:s0" dev="tmpfs" ino=473 scontext=u:r:untrusted_app_27:s0:c206,c257,c512,c768 tcontext=u:object_r:wifi_hal_prop:s0 tclass=file permissive=0 app=cn.missevan
06-08 15:34:27.390 26067 26067 W BPool-1 : type=1400 audit(0.0:272286): avc: denied { search } for name="net" dev="sysfs" ino=46387 scontext=u:r:untrusted_app_27:s0:c206,c257,c512,c768 tcontext=u:object_r:sysfs_net:s0 tclass=dir permissive=0 app=cn.missevan
06-08 15:34:27.390 26067 26067 W BPool-1 : type=1400 audit(0.0:272287): avc: granted { nlmsg_readpriv } for scontext=u:r:untrusted_app_27:s0:c206,c257,c512,c768 tcontext=u:r:untrusted_app_27:s0:c206,c257,c512,c768 tclass=netlink_route_socket app=cn.missevan
06-08 15:34:27.394 26067 26067 W BPool-1 : type=1400 audit(0.0:272288): avc: granted { nlmsg_readpriv } for scontext=u:r:untrusted_app_27:s0:c206,c257,c512,c768 tcontext=u:r:untrusted_app_27:s0:c206,c257,c512,c768 tclass=netlink_route_socket app=cn.missevan
06-08 15:34:27.398  4164  4810 D BLASTBufferQueue: releaseBufferCallback ReleaseCallbackId: bufferId:17884243828135 framenumber:244884
06-08 15:34:27.404  4164  4173 I ndroid.systemu: This is non sticky GC, maxfree is 8388608 minfree is 2097152
06-08 15:34:27.402 26067 26067 W pool-5-thread-1: type=1400 audit(0.0:272289): avc: denied { read } for name="version" dev="proc" ino=4026532016 scontext=u:r:untrusted_app_27:s0:c206,c257,c512,c768 tcontext=u:object_r:proc_version:s0 tclass=file permissive=0 app=cn.missevan
06-08 15:34:27.407  4164  4810 D BLASTBufferQueue: releaseBufferCallback ReleaseCallbackId: bufferId:17884243828162 framenumber:244885
06-08 15:34:27.409  2403  5877 W ServiceManager: Permission failure: android.permission.HIGH_SAMPLING_RATE_SENSORS from uid=10462 pid=26067
06-08 15:34:27.415  4164  4810 D BLASTBufferQueue: releaseBufferCallback ReleaseCallbackId: bufferId:17884243828134 framenumber:244886
06-08 15:34:27.419  4164  4175 W System  : A resource failed to call close.
06-08 15:34:27.419  4164  4175 W System  : A resource failed to call release.
06-08 15:34:27.422  4164  4175 W System  : A resource failed to call close.
06-08 15:34:27.422  4164  4175 W System  : A resource failed to call release.
06-08 15:34:27.423  4164  4621 D BLASTBufferQueue: releaseBufferCallback ReleaseCallbackId: bufferId:17884243828161 framenumber:244887
06-08 15:34:27.427  4164  4175 W System  : A resource failed to call release.
06-08 15:34:27.434  4164  4810 D BLASTBufferQueue: releaseBufferCallback ReleaseCallbackId: bufferId:17884243828135 framenumber:244888
06-08 15:34:27.440  4164  4810 D BLASTBufferQueue: releaseBufferCallback ReleaseCallbackId: bufferId:17884243828162 framenumber:244889
06-08 15:34:27.463 26067 26181 E UMConfigure: æ£€æµ‹åˆ°æœªè°ƒç”¨éšç§æŽˆæƒAPIï¼Œè¯¦æƒ…è§ï¼šhttps://developer.umeng.com/docs/119267/detail/182050
06-08 15:34:27.474 26067 26067 I WebViewFactory: Loading com.google.android.webview version 95.0.4638.74 (code 463807434)
06-08 15:34:27.479 26067 26067 D nativeloader: classloader namespace configured for unbundled product apk. library_path=/product/app/WebViewGoogle/lib/arm64:/product/app/WebViewGoogle/WebViewGoogle.apk!/lib/arm64-v8a:/product/app/TrichromeLibrary/TrichromeLibrary.apk!/lib/arm64-v8a:/product/lib64:/system/product/lib64
06-08 15:34:27.481 26067 26067 D nativeloader: classloader namespace configured for unbundled product apk. library_path=/product/app/WebViewGoogle/lib/arm64:/product/app/WebViewGoogle/WebViewGoogle.apk!/lib/arm64-v8a:/product/app/TrichromeLibrary/TrichromeLibrary.apk!/lib/arm64-v8a:/product/lib64:/system/product/lib64
06-08 15:34:27.497 26067 26067 I cr_WVCFactoryProvider: Loaded version=95.0.4638.74 minSdkVersion=29 isBundle=false multiprocess=true packageId=2
06-08 15:34:27.509 26067 26067 I cr_LibraryLoader: Successfully loaded native library
06-08 15:34:27.509 26067 26067 I cr_CachingUmaRecorder: Flushed 7 samples from 7 histograms.
06-08 15:34:27.509  2403  5700 D ConnectivityService: requestNetwork for uid/pid:10462/26067 activeRequest: null callbackRequest: 16808 [NetworkRequest [ REQUEST id=16809, [ Capabilities: INTERNET&NOT_RESTRICTED&TRUSTED&NOT_VCN_MANAGED Uid: 10462 RequestorUid: 10462 RequestorPkg: cn.missevan] ]] callback flags: 0 priority: 2147483647
06-08 15:34:27.510  2403  3312 D ConnectivityService: NetReassign [16809 : null â†’ 186]
06-08 15:34:27.510  2403  3138 D WifiNetworkFactory: got request NetworkRequest [ REQUEST id=16809, [ Capabilities: INTERNET&NOT_RESTRICTED&TRUSTED&NOT_VCN_MANAGED Uid: 10462 RequestorUid: 10462 RequestorPkg: cn.missevan] ]
06-08 15:34:27.510  2403  3138 D UntrustedWifiNetworkFactory: got request NetworkRequest [ REQUEST id=16809, [ Capabilities: INTERNET&NOT_RESTRICTED&TRUSTED&NOT_VCN_MANAGED Uid: 10462 RequestorUid: 10462 RequestorPkg: cn.missevan] ]
06-08 15:34:27.511  2403  3138 D OemPaidWifiNetworkFactory: got request NetworkRequest [ REQUEST id=16809, [ Capabilities: INTERNET&NOT_RESTRICTED&TRUSTED&NOT_VCN_MANAGED Uid: 10462 RequestorUid: 10462 RequestorPkg: cn.missevan] ]
06-08 15:34:27.517  2403  3057 I MiuiNetworkPolicyTrafficLimit: updateWhiteListUidForMobileTraffic uid=10171,add=true
06-08 15:34:27.517  2403  3057 D MiuiNetworkPolicyTrafficLimit: updateWhiteListUidForMobileTraffic rst=true
06-08 15:34:27.537 26067 26067 E YZSDK   : ----->isDebug = false
06-08 15:34:27.548 26067 26246 D IdProviderImpl: getOAID from cn.missevan
06-08 15:34:27.557 26067 26184 E Storages: [DefaultDispatcher-worker-3] bbp is empty!
06-08 15:34:27.561  2403  5877 D ConnectivityService: requestNetwork for uid/pid:10462/26067 activeRequest: null callbackRequest: 16810 [NetworkRequest [ REQUEST id=16811, [ Capabilities: INTERNET&NOT_RESTRICTED&TRUSTED&NOT_VCN_MANAGED Uid: 10462 RequestorUid: 10462 RequestorPkg: cn.missevan] ]] callback flags: 0 priority: 2147483647
06-08 15:34:27.561  2403  3312 D ConnectivityService: NetReassign [16811 : null â†’ 186]
06-08 15:34:27.563  2403  5877 I ActivityTaskManager: START u0 {cmp=cn.missevan/.activity.MainActivity} from uid 10462 from pid 26067 callingPackage cn.missevan
06-08 15:34:27.564  2403  3138 D WifiNetworkFactory: got request NetworkRequest [ REQUEST id=16811, [ Capabilities: INTERNET&NOT_RESTRICTED&TRUSTED&NOT_VCN_MANAGED Uid: 10462 RequestorUid: 10462 RequestorPkg: cn.missevan] ]
06-08 15:34:27.564  2403  3138 D UntrustedWifiNetworkFactory: got request NetworkRequest [ REQUEST id=16811, [ Capabilities: INTERNET&NOT_RESTRICTED&TRUSTED&NOT_VCN_MANAGED Uid: 10462 RequestorUid: 10462 RequestorPkg: cn.missevan] ]
06-08 15:34:27.564  2403  3138 D OemPaidWifiNetworkFactory: got request NetworkRequest [ REQUEST id=16811, [ Capabilities: INTERNET&NOT_RESTRICTED&TRUSTED&NOT_VCN_MANAGED Uid: 10462 RequestorUid: 10462 RequestorPkg: cn.missevan] ]
06-08 15:34:27.564  2403  5877 D PerfImpl: perfColdLaunchBoost: android, -1, 1
06-08 15:34:27.570  2403  5877 D PerfImpl: perfWarmLaunchBoost: cn.missevan, -1, 2
06-08 15:34:27.571  1262  1454 E ANDR-PERF-OPTSHANDLER: Perflock resource /sys/class/devfreq/soc:qcom,cpubw/max_freq not supported
06-08 15:34:27.571  1262  1454 E ANDR-PERF-RESOURCEQS: Failed to apply optimization [6, 6]
06-08 15:34:27.571  1262  1454 E ANDR-PERF-OPTSHANDLER: Perflock resource /sys/class/devfreq/soc:qcom,cpubw/min_freq not supported
06-08 15:34:27.571  1262  1454 E ANDR-PERF-RESOURCEQS: Failed to apply optimization [6, 0]
06-08 15:34:27.571  1262  1454 E ANDR-PERF-OPTSHANDLER: Perflock resource /sys/class/devfreq/soc:qcom,cpu0-llcc-ddr-lat/min_freq not supported
06-08 15:34:27.571  1262  1454 E ANDR-PERF-RESOURCEQS: Failed to apply optimization [13, 12]
06-08 15:34:27.581 26067 26067 I Choreographer: Skipped 37 frames!  The application may be doing too much work on its main thread.
06-08 15:34:27.581 26067 26067 W Looper  : PerfMonitor doFrame : time=0ms vsyncFrame=0 latency=314ms procState=-1 historyMsgCount=1 (msgIndex=1 wall=320ms seq=133 running=137ms runnable=13ms io=17ms late=2ms h=android.view.ViewRootImpl$ViewRootHandler c=android.view.View$PerformClick)
06-08 15:34:27.596  2403  4650 D PerfImpl: perfWarmLaunchBoost: cn.missevan, -1, 2
06-08 15:34:27.596  1262  1454 E ANDR-PERF-OPTSHANDLER: Perflock resource /sys/class/devfreq/soc:qcom,cpubw/max_freq not supported
06-08 15:34:27.597  1262  1454 E ANDR-PERF-RESOURCEQS: Failed to apply optimization [6, 6]
06-08 15:34:27.597  1262  1454 E ANDR-PERF-OPTSHANDLER: Perflock resource /sys/class/devfreq/soc:qcom,cpubw/min_freq not supported
06-08 15:34:27.597  1262  1454 E ANDR-PERF-RESOURCEQS: Failed to apply optimization [6, 0]
06-08 15:34:27.597  1262  1454 E ANDR-PERF-OPTSHANDLER: Perflock resource /sys/class/devfreq/soc:qcom,cpu0-llcc-ddr-lat/min_freq not supported
06-08 15:34:27.597  1262  1454 E ANDR-PERF-RESOURCEQS: Failed to apply optimization [13, 12]
06-08 15:34:27.599  2403  4650 D PerfImpl: perfColdLaunchBoost: cn.missevan, 26067, 102
06-08 15:34:27.600 26067 26210 W SQLiteLog: (28) double-quoted string literal: "CoRiVtHO8PPeJXI+AJ2NqXlBJIOCfeilE85n8Iy3e9Gp2KcZX2xgNeYdOZ5poABzLYeQBYitEyJi
06-08 15:34:27.600 26067 26210 W SQLiteLog: hKADjVpTbpmgBWE+9x1Xh8Fy8BVVVt8we30PdDBsXxDzkIXSkPqO
06-08 15:34:27.600 26067 26210 W SQLiteLog: "
06-08 15:34:27.600 26067 26210 W SQLiteLog: (28) double-quoted string literal: "null"
06-08 15:34:27.602  2403  4650 W ActivityTaskManager: Tried to set launchTime (0) < mLastActivityLaunchTime (2067888382)
06-08 15:34:27.604  1977  2997 D libsensor-displayalgo: the value of  brightness:410.000000,R:37808535.095886,G:37808535.095886,B:38047673.153906,EVENT_C:5085.500000,EVENT_R:2052.500000,EVENT_G:2497.500000,EVENT_B:1027.500000
06-08 15:34:27.604  1977  2997 I libsensor-displayalgo: the value of  Coef1:1107.681000,Coef4:2.383000, scale1:0.935522, scale4:0.923264
06-08 15:34:27.604  1977  2997 E libsensor-displayalgo: RGB_test_0407_400_oldzy!
06-08 15:34:27.604  1977  2997 I libsensor-displayalgo: the value of  RESULT1833.760689,715.738315,920.033574,324.725665
06-08 15:34:27.604  1977  2997 I libsensor-displayalgo: the value of  getChannelDataCalibrated1917.966961,663.152252,1065.875412,352.636761
06-08 15:34:27.604  1977  2997 I libsensor-displayalgo: the value of  REAL LUX181.482758
06-08 15:34:27.604  1977  2997 I libsensor-displayalgo: the value of  CAL REAL LUX181.482758
06-08 15:34:27.607  1104  1104 D Zygote  : Forked child process 26279
06-08 15:34:27.608  2403  5700 D ConnectivityService: requestNetwork for uid/pid:10462/26067 activeRequest: null callbackRequest: 16812 [NetworkRequest [ REQUEST id=16813, [ Capabilities: INTERNET&NOT_RESTRICTED&TRUSTED&NOT_VCN_MANAGED Uid: 10462 RequestorUid: 10462 RequestorPkg: cn.missevan] ]] callback flags: 0 priority: 2147483647
06-08 15:34:27.609  2403  3312 D ConnectivityService: NetReassign [16813 : null â†’ 186]
06-08 15:34:27.609  2403  2618 I ActivityManager: Start proc 26279:cn.missevan:player/u0a462 for service {cn.missevan/cn.missevan.lib.common.player.service.PlayerService} caller=cn.missevan
06-08 15:34:27.611  2403  3138 D WifiNetworkFactory: got request NetworkRequest [ REQUEST id=16813, [ Capabilities: INTERNET&NOT_RESTRICTED&TRUSTED&NOT_VCN_MANAGED Uid: 10462 RequestorUid: 10462 RequestorPkg: cn.missevan] ]
06-08 15:34:27.612  2403  3138 D UntrustedWifiNetworkFactory: got request NetworkRequest [ REQUEST id=16813, [ Capabilities: INTERNET&NOT_RESTRICTED&TRUSTED&NOT_VCN_MANAGED Uid: 10462 RequestorUid: 10462 RequestorPkg: cn.missevan] ]
06-08 15:34:27.612  2403  3138 D OemPaidWifiNetworkFactory: got request NetworkRequest [ REQUEST id=16813, [ Capabilities: INTERNET&NOT_RESTRICTED&TRUSTED&NOT_VCN_MANAGED Uid: 10462 RequestorUid: 10462 RequestorPkg: cn.missevan] ]
06-08 15:34:27.615 26279 26279 I libc    : SetHeapTaggingLevel: tag level set to 0
06-08 15:34:27.618  2403  3312 D ConnectivityService: NetReassign [no changes]
06-08 15:34:27.618 26067 26105 W chromium: [0608/153427.618917:WARNING:httpdns_adapter.cc(290)] HttpDns init
06-08 15:34:27.620 26067 26067 D DecorView[SplashActivity]: onWindowFocusChanged hasWindowFocus true
06-08 15:34:27.620 26067 26067 I HandWritingStubImpl: isKeyboardTypeChanged: false
06-08 15:34:27.620 26067 26067 I HandWritingStubImpl: refreshLastKeyboardType: 1
06-08 15:34:27.620 26067 26067 I HandWritingStubImpl: getCurrentKeyboardType: 1
06-08 15:34:27.621  2403  3410 D ProcessManager: skip notify foregroundAppInfo:ApplicationInfo{1f76538 cn.missevan}
06-08 15:34:27.631  2403  3057 I MiuiNetworkPolicyTrafficLimit: updateWhiteListUidForMobileTraffic uid=10171,add=false
06-08 15:34:27.631  2403  3057 D MiuiNetworkPolicyTrafficLimit: updateWhiteListUidForMobileTraffic rst=true
06-08 15:34:27.628 26279 26279 E missevan:playe: Not starting debugger since process cannot load the jdwp agent.
06-08 15:34:27.633 26067 26067 E AdaptScreenUtils: [main] no field of mTmpMetrics in resources.
06-08 15:34:27.637 26067 26102 D ViewContentFactory: initViewContentFetcherClass
06-08 15:34:27.638 26067 26102 I ContentCatcher: ViewContentFetcher : ViewContentFetcher
06-08 15:34:27.638 26067 26102 D ViewContentFactory: createInterceptor took 0ms
06-08 15:34:27.638 26067 26067 D IS_CTS_MODE: true
06-08 15:34:27.638 26067 26067 D MULTI_WINDOW_SWITCH_ENABLED: false
06-08 15:34:27.639 26067 26067 D DecorView[]: getWindowModeFromSystem  windowmode is 1
06-08 15:34:27.642 26279 26279 I MessageMonitor: Load libmiui_runtime
06-08 15:34:27.649  2403  5877 D SymlinkUtils: attachApplication file op go pass: 1 ms
06-08 15:34:27.649  2403  5877 I SmartPower.cn.missevan:player/10462(26279): died->invisible(3654800ms) R(process start ) adj=-10000.
06-08 15:34:27.659 26279 26279 D CompatibilityChangeReporter: Compat change id reported: 171979766; UID 10462; state: DISABLED
06-08 15:34:27.660  5373 30163 W MQSService: CallerName:cn.missevan,calling Uid:10462
06-08 15:34:27.661  5373 30163 D MQSService: registerApplicationScoutThread pid = 26279, packageName = cn.missevan
06-08 15:34:27.663  1371  2189 D AudioFlinger: updateWakeLockUids_l AudioOut_15 uids:
06-08 15:34:27.663  1371  2172 D AudioFlinger: updateWakeLockUids_l AudioOut_D uids:
06-08 15:34:27.663  1371  2211 D AudioFlinger: updateWakeLockUids_l AudioOut_1D uids:
06-08 15:34:27.663  1371  2214 D AudioFlinger: updateWakeLockUids_l AudioOut_25 uids:
06-08 15:34:27.663  1371  2172 D AudioFlinger: PlaybackThread::ioConfigChanged, thread 0xb4000072cf86dcc0, event 0
06-08 15:34:27.663  1371  2211 D AudioFlinger: PlaybackThread::ioConfigChanged, thread 0xb4000072246a2100, event 0
06-08 15:34:27.663  1371  2189 D AudioFlinger: PlaybackThread::ioConfigChanged, thread 0xb4000072245ec580, event 0
06-08 15:34:27.663  1371  2214 D AudioFlinger: PlaybackThread::ioConfigChanged, thread 0xb400007224783880, event 0
06-08 15:34:27.665  1371  2231 D AudioFlinger: updateWakeLockUids_l AudioOut_45 uids:
06-08 15:34:27.665  1371  2231 D AudioFlinger: PlaybackThread::ioConfigChanged, thread 0xb40000721edf68c0, event 0
06-08 15:34:27.666  1245  2285 I vendor.qti.hardware.display.composer-service: FrameNotifyProcess Sensor: notify citsensorservice to trigger cwb
06-08 15:34:27.667  1977  1977 I libcitsensorservice@2.0-impl: msg_transfer
06-08 15:34:27.667  1977  2987 D vendor.xiaomi.sensor.citsensorservice@2.0-service: handle id:8 wxh:1280x2400 uwxuh:1080x2400 size: 9216000 fd:15 fd_meta:16 flags:0x4000228 usage:0x33  format:0x3 layer_count: 1
06-08 15:34:27.667  1371  2238 D AudioFlinger: updateWakeLockUids_l AudioOut_55 uids:
06-08 15:34:27.667  1371  2238 D AudioFlinger: PlaybackThread::ioConfigChanged, thread 0xb40000721ee478c0, event 0
06-08 15:34:27.668  1245  1850 I SDM     : HWCSession::SetCWBOutputBuffer: CWB config passed by cwb_client : tappoint 1  CWB_ROI : (829.000000 4.000000 915.000000 90.000000)
06-08 15:34:27.668 26067 26289 I chromium: [0608/153427.668754:INFO:httpdns.cc(234)] OnEffectiveConnectionTypeChanged called by httpdns context networks 5
06-08 15:34:27.670  1245 26315 I SDM     : HWCSession::ProcessRequests: Successfully configured CWB buffer.
06-08 15:34:27.677 26279 26279 D ApplicationLoaders: Returning zygote-cached class loader: /system/framework/android.test.base.jar
06-08 15:34:27.678  1245 26315 I SDM     : HWCSession::ProcessRequests: Pushing release fence in fenece wait queue.
06-08 15:34:27.678  1245 26315 I SDM     : HWCSession::ProcessRequests: Creating AsyncFenceWaits async thread.
06-08 15:34:27.679  1245 26315 I SDM     : HWCSession::ProcessRequests: Remove current CWB request from the pending request queue.
06-08 15:34:27.679  1245 26315 I SDM     : HWCSession::ProcessRequests: No pending cwb requests found in the queue.
06-08 15:34:27.683  1245  1464 I SDM     : HWDeviceDRM::SetupConcurrentWriteback: Tear down the Concurrent Writeback topology
06-08 15:34:27.692  1245 26323 I SDM     : HWCSession::NotifyCWBStatus: Notify the client about buffer status 0.
06-08 15:34:27.693  1245 26323 I SDM     : HWCSession::PerformFenceWaits: Remove current release fence from the pending fence wait queue.
06-08 15:34:27.693  1245 26323 I SDM     : HWCSession::PerformFenceWaits: CWB fence queue is empty. No pending release fence to wait on.
06-08 15:34:27.707 26279 26279 V GraphicsEnvironment: ANGLE Developer option for 'cn.missevan' set to: 'default'
06-08 15:34:27.708 26279 26279 V GraphicsEnvironment: ANGLE GameManagerService for cn.missevan: false
06-08 15:34:27.708 26279 26279 V GraphicsEnvironment: Updatable production driver is not supported on the device.
06-08 15:34:27.711 26279 26279 I ForceDarkHelperStubImpl: initialize for cn.missevan , ForceDarkOrigin
06-08 15:34:27.712  7124  7156 D RecentsModel: onTaskStackChangedBackground
06-08 15:34:27.713  7124  9281 D RecentsModel: onTaskStackChangedBackground    MSG_TASK_STACK_CHANGE
06-08 15:34:27.714 26279 26279 D OpenGLRenderer: JNI_OnLoad success
06-08 15:34:27.714 26279 26279 I MiuiForceDarkConfig: setConfig density:2.750000, mainRule:0, secondaryRule:0, tertiaryRule:0
06-08 15:34:27.713  7124  9281 D RecentsModel: preloadRecents
06-08 15:34:27.714  7124  9281 W RecentsModel: getRunningTask
06-08 15:34:27.715  5823  8672 I MultiScreenObserver: onTaskStackChanged, splitScreenMode: false isCameraFloat: false isSmallScreen: false
06-08 15:34:27.716  5786  8455 I SCTaskStackListener: onTaskStackChanged! inSplit = false
06-08 15:34:27.717  5786 23864 I SCTaskStackListener: onTaskStackChanged! inSplit = false
06-08 15:34:27.717  7124  9281 W RecentsModel: getRunningTask   taskInfo=TaskInfo{userId=0 pcFlags:0 taskId=420 displayId=0 isRunning=true baseIntent=Intent { act=android.intent.action.MAIN cat=[android.intent.category.LAUNCHER] flg=0x10200000 cmp=cn.missevan/.activity.SplashActivity } baseActivity=ComponentInfo{cn.missevan/cn.missevan.activity.MainActivity} topActivity=ComponentInfo{cn.missevan/cn.missevan.activity.MainActivity} origActivity=null realActivity=ComponentInfo{cn.missevan/cn.missevan.activity.SplashActivity} numActivities=1 lastActiveTime=3036068009 supportsSplitScreenMultiWindow=true supportsMultiWindow=true resizeMode=1 isResizeable=true token=WCT{android.window.IWindowContainerToken$Stub$Proxy@c4cab92} topActivityType=1 pictureInPictureParams=PictureInPictureParams( aspectRatio=null sourceRectHint=null hasSetActions=false isAutoPipEnabled=false isSeamlessResizeEnabled=true) displayCutoutSafeInsets=Rect(0, 100 - 0, 0) topActivityInfo=ActivityInfo{dd7b963 cn.missevan.activity.MainActivity} launchCookies=[] positionInParent=Point(0, 0) parentTaskId=-1 isFocused=false isVisible=true topActivityInSizeCompat=false topActivityInMiuiSizeCompat=false locusId= null windowMode=0}
06-08 15:34:27.717  7124  9281 W RecentsModel: getTaskInfoIgnoreHomeAndFreeform   taskInfo=ComponentInfo{cn.missevan/cn.missevan.activity.MainActivity}
06-08 15:34:27.719 26279 26279 D NetworkSecurityConfig: Using Network Security Config from resource network_security_config debugBuild: false
06-08 15:34:27.719  7124  9281 E ActivityManagerWrapper: get all recent tasks force including 420
06-08 15:34:27.721 26279 26279 D NetworkSecurityConfig: Using Network Security Config from resource network_security_config debugBuild: false
06-08 15:34:27.721  7124  9281 E ActivityManagerWrapper: getRecentTasks: size=2
06-08 15:34:27.721  7124  9281 E ActivityManagerWrapper: getRecentTasks: taskId=420   userId=0   baseIntent=Intent { act=android.intent.action.MAIN cat=[android.intent.category.LAUNCHER] flg=0x10200000 cmp=cn.missevan/.activity.SplashActivity }
06-08 15:34:27.721  7124  9281 E ActivityManagerWrapper: getRecentTasks: taskId=412   userId=0   baseIntent=Intent { act=android.intent.action.MAIN cat=[android.intent.category.LAUNCHER] flg=0x10200000 cmp=com.android.settings/.MainSettings }
06-08 15:34:27.730 26067 26339 D IdProviderImpl: getOAID from cn.missevan
06-08 15:34:27.730 26067 26067 W cn.missevan: type=1400 audit(0.0:272290): avc: granted { nlmsg_readpriv } for scontext=u:r:untrusted_app_27:s0:c206,c257,c512,c768 tcontext=u:r:untrusted_app_27:s0:c206,c257,c512,c768 tclass=netlink_route_socket app=cn.missevan
06-08 15:34:27.730 26067 26067 W cn.missevan: type=1400 audit(0.0:272291): avc: granted { nlmsg_readpriv } for scontext=u:r:untrusted_app_27:s0:c206,c257,c512,c768 tcontext=u:r:untrusted_app_27:s0:c206,c257,c512,c768 tclass=netlink_route_socket app=cn.missevan
06-08 15:34:27.766  3984  3984 D Zygote  : Forked child process 26366
06-08 15:34:27.770 21052 21052 D BoundBrokerSvc: onBind: Intent { act=com.google.android.gms.safetynet.service.START pkg=com.google.android.gms }
06-08 15:34:27.770 21052 21052 D BoundBrokerSvc: Loading bound service for intent: Intent { act=com.google.android.gms.safetynet.service.START pkg=com.google.android.gms }
06-08 15:34:27.771  2403  2618 I ActivityManager: Start proc 26366:com.google.android.webview:sandboxed_process0:org.chromium.content.app.SandboxedProcessService0:0/u0i440 for  {cn.missevan/org.chromium.content.app.SandboxedProcessService0:0} caller=cn.missevan
06-08 15:34:27.778 26366 26366 E libc    : SetHeapTaggingLevel: re-enabling tagging after it was disabled is not supported
06-08 15:34:27.791 26366 26366 E ocessService0:: Not starting debugger since process cannot load the jdwp agent.
06-08 15:34:27.793 26067 26067 E chromium: [ERROR:network_service_instance_impl.cc(179)] Failed to grant sandbox access to network context data for /data/user/0/cn.missevan/app_webview_cn.missevan/Default with result 7: No such file or directory (2)
06-08 15:34:27.800 26366 26366 I MessageMonitor: Load libmiui_runtime
06-08 15:34:27.804   713   713 E SELinux : avc:  denied  { find } for pid=26366 uid=99440 name=pc_mode_service scontext=u:r:isolated_app:s0:c512,c768 tcontext=u:object_r:pc_mode_service:s0 tclass=service_manager permissive=0
06-08 15:34:27.809  2403  5700 D SymlinkUtils: attachApplication file op go pass: 1 ms
06-08 15:34:27.812  2403  3429 E AppOps  : checkOperation
06-08 15:34:27.812  2403  3429 E AppOps  : java.lang.SecurityException: Specified package cn.missevan under uid 99440 but it is not
06-08 15:34:27.812  2403  3429 E AppOps  : 	at com.android.server.appop.AppOpsService.verifyAndGetBypass(AppOpsService.java:4783)
06-08 15:34:27.812  2403  3429 E AppOps  : 	at com.android.server.appop.AppOpsService.verifyAndGetBypass(AppOpsService.java:4675)
06-08 15:34:27.812  2403  3429 E AppOps  : 	at com.android.server.appop.AppOpsService.checkOperationUnchecked(AppOpsService.java:3272)
06-08 15:34:27.812  2403  3429 E AppOps  : 	at com.android.server.appop.AppOpsService.checkOperationImpl(AppOpsService.java:3255)
06-08 15:34:27.812  2403  3429 E AppOps  : 	at com.android.server.appop.AppOpsService.access$3700(AppOpsService.java:220)
06-08 15:34:27.812  2403  3429 E AppOps  : 	at com.android.server.appop.AppOpsService$CheckOpsDelegateDispatcher.lambda$checkOperation$0(AppOpsService.java:7667)
06-08 15:34:27.812  2403  3429 E AppOps  : 	at com.android.server.appop.AppOpsService$CheckOpsDelegateDispatcher$$ExternalSyntheticLambda17.apply(Unknown Source:25)
06-08 15:34:27.812  2403  3429 E AppOps  : 	at com.android.server.policy.AppOpsPolicy.checkOperation(AppOpsPolicy.java:207)
06-08 15:34:27.812  2403  3429 E AppOps  : 	at com.android.server.appop.AppOpsService$CheckOpsDelegateDispatcher.checkOperation(AppOpsService.java:7666)
06-08 15:34:27.812  2403  3429 E AppOps  : 	at com.android.server.appop.AppOpsService.checkOperation(AppOpsService.java:3242)
06-08 15:34:27.812  2403  3429 E AppOps  : 	at android.app.AppOpsManager.checkOpNoThrow(AppOpsManager.java:8727)
06-08 15:34:27.812  2403  3429 E AppOps  : 	at android.miui.AppOpsUtils.getApplicationAutoStart(AppOpsUtils.java:84)
06-08 15:34:27.812  2403  3429 E AppOps  : 	at com.android.server.am.AppStateManager$AppState$RunningProcess$1.run(AppStateManager.java:1484)
06-08 15:34:27.812  2403  3429 E AppOps  : 	at android.os.Handler.handleCallback(Handler.java:938)
06-08 15:34:27.812  2403  3429 E AppOps  : 	at android.os.Handler.dispatchMessage(Handler.java:99)
06-08 15:34:27.812  2403  3429 E AppOps  : 	at android.os.Looper.loopOnce(Looper.java:211)
06-08 15:34:27.812  2403  3429 E AppOps  : 	at android.os.Looper.loop(Looper.java:300)
06-08 15:34:27.812  2403  3429 E AppOps  : 	at android.os.HandlerThread.run(HandlerThread.java:67)
