06-08 15:34:24.858  4164  4164 W RenderThread: type=1400 audit(0.0:272282): avc: denied { read write } for name="metis" dev="tmpfs" ino=1112 scontext=u:r:system_app:s0 tcontext=u:object_r:migt_dev:s0 tclass=chr_file permissive=0
06-08 15:34:24.860  6969  7675 W OpenGLRenderer: Surface doesn't have any previously queued frames, nothing to readback from
06-08 15:34:24.861  2403  4648 I SmartPower.cn.missevan/10462(26067): died->invisible(1239ms) R(process start ) adj=-10000.
06-08 15:34:24.861  2403  3429 I SmartPower: cn.missevan/10462 state=died adj=0 proc size=4 move to background process start
06-08 15:34:24.865  6969  7165 D HomeWallpaperRenderer: OFFSET  x: 1.0  y: 0.0
06-08 15:34:24.865  6969  7675 W OpenGLRenderer: Surface doesn't have any previously queued frames, nothing to readback from
06-08 15:34:24.868  6969  7675 W OpenGLRenderer: Surface doesn't have any previously queued frames, nothing to readback from
06-08 15:34:24.868  6969  7165 D HomeWallpaperRenderer: OFFSET  x: 1.0  y: 0.0
06-08 15:34:24.870  6969  7675 W OpenGLRenderer: Surface doesn't have any previously queued frames, nothing to readback from
06-08 15:34:24.871  6969  7165 D HomeWallpaperRenderer: OFFSET  x: 1.0  y: 0.0
06-08 15:34:24.878  7124  7344 D StatusBarController: handleMessage: flag 800000  disable false
06-08 15:34:24.878  7124  7124 D Launcher_WallpaperUtils: changeStatusBarMode:false
06-08 15:34:24.886  2403  2570 I SmartPower.cn.missevan/10462(26067): invisible->visible(25ms) R(become visible) adj=-10000.
06-08 15:34:24.887  2403  3429 I SmartPower: cn.missevan/10462 state=background adj=0 proc size=4 move to foreground become visible
06-08 15:34:24.901  7124  3176 E LauncherAnimationRunner: onAnimationStart
06-08 15:34:24.902  7124  3176 E LauncherAnimationRunner: onAnimationStart:   mode=1   taskId=2   isTranslucent=false
06-08 15:34:24.902  7124  3176 E LauncherAnimationRunner: onAnimationStart:   mode=0   taskId=420   isTranslucent=false
06-08 15:34:24.903  7124  7124 E QuickstepAppTransitionManagerImpl: startIconLaunchAnimator:launcherClosing=true   iconLoc=Rect(843, 1354 - 1015, 1526)
06-08 15:34:24.903  7124  7124 E QuickstepAppTransitionManagerImpl: startOpeningWindowAnimators:iconLoc=Rect(843, 1354 - 1015, 1526)
06-08 15:34:24.903  7124  7124 E ClipAnimationHelper: updateSourceStack  mSourceInsets=Rect(0, 104 - 0, 44), mSourceStackBounds=Rect(0, 0 - 1080, 2400)
06-08 15:34:24.903  7124  7124 E ClipAnimationHelper: updateHomeStack  mSourceInsets=Rect(0, 104 - 0, 44), mHomeStackBounds=Rect(0, 0 - 1080, 2400)
06-08 15:34:24.903  7124  7124 E ClipAnimationHelper: updateTargetRect  mSourceRect=RectF(0.0, 104.0, 1080.0, 2504.0)   mTargetRect=RectF(0.0, 0.0, 1080.0, 2400.0)   mSourceWindowClipInsets=RectF(0.0, 104.0, 0.0, 0.0)   mHomeStackBounds=Rect(0, 0 - 1080, 2400)   targetRect=Rect(0, 0 - 1080, 2400)
06-08 15:34:24.903  7124  7124 I QuickstepAppTransitionManagerImpl: startOpeningWindowAnimators, currentDisplayRotation=0, homeRotation=0, startRectF=RectF(849.0, 1360.0, 1009.0, 1520.0), endRectF=RectF(0.0, 0.0, 1080.0, 2400.0), startRadius = 243.0, endRadius = 90.0, isUseTranslucentAnim = false
06-08 15:34:24.904  7124  7124 E QuickstepAppTransitionManagerImpl: startLauncherContentAnimator:isAppOpening=true
06-08 15:34:24.904  7124 11091 W FloatingIconLayer: getFloatingIconLayer
06-08 15:34:24.904  2403  3423 D SchedBoost: startBoostInternal 2000
06-08 15:34:24.904  2403  3423 D SchedBoost: ready to boost
06-08 15:34:24.905  2403  3423 D SchedBoost: startBoostInternal 2000
06-08 15:34:24.905  2403  3423 D SchedBoost: ready to boost
06-08 15:34:24.905  1167 11579 D vendor.qti.bluetooth@1.0-wake_lock: Release wakelock is released
06-08 15:34:24.906  7124 11091 W FloatingIconLayer: drawIcon
06-08 15:34:24.907  1262  1454 E ANDR-PERF-OPTSHANDLER: checkAlreadySetCpuset: fopen failed, errno Permission denied, trying pgid as pid to check
06-08 15:34:24.906  7124  7124 W RenderThread: type=1400 audit(0.0:272283): avc: denied { read write } for name="metis" dev="tmpfs" ino=1112 scontext=u:r:platform_app:s0:c512,c768 tcontext=u:object_r:migt_dev:s0 tclass=chr_file permissive=0
06-08 15:34:24.909  6969  7165 D HomeWallpaperRenderer: OFFSET  x: 1.0  y: 0.0
06-08 15:34:24.910  6969  7675 W OpenGLRenderer: Surface doesn't have any previously queued frames, nothing to readback from
06-08 15:34:24.920  6969  7165 D HomeWallpaperRenderer: OFFSET  x: 1.0  y: 0.0
06-08 15:34:24.920  2403  4648 W ActivityManager: Slow operation: 62ms so far, now at attachApplicationLocked: immediately after bindApplication
06-08 15:34:24.921  6969  7675 W OpenGLRenderer: Surface doesn't have any previously queued frames, nothing to readback from
06-08 15:34:24.922  6969  7675 W OpenGLRenderer: Surface doesn't have any previously queued frames, nothing to readback from
06-08 15:34:24.922  6969  7165 D HomeWallpaperRenderer: OFFSET  x: 1.0  y: 0.0
06-08 15:34:24.923  2403  4648 W ActivityManager: Slow operation: 63ms so far, now at attachApplicationLocked: after updateLruProcessLocked
06-08 15:34:24.926  1245  2285 I vendor.qti.hardware.display.composer-service: FrameNotifyProcess Sensor: notify citsensorservice to trigger cwb
06-08 15:34:24.927  1977  1977 I libcitsensorservice@2.0-impl: msg_transfer
06-08 15:34:24.927  1977  2987 D vendor.xiaomi.sensor.citsensorservice@2.0-service: handle id:8 wxh:1280x2400 uwxuh:1080x2400 size: 9216000 fd:15 fd_meta:16 flags:0x4000228 usage:0x33  format:0x3 layer_count: 1
06-08 15:34:24.928  1245  1850 I SDM     : HWCSession::SetCWBOutputBuffer: CWB config passed by cwb_client : tappoint 1  CWB_ROI : (829.000000 4.000000 915.000000 90.000000)
06-08 15:34:24.926  6969  7675 W OpenGLRenderer: Surface doesn't have any previously queued frames, nothing to readback from
06-08 15:34:24.928  6969  7165 D HomeWallpaperRenderer: OFFSET  x: 1.0  y: 0.0
06-08 15:34:24.929  1245 26085 I SDM     : HWCSession::ProcessRequests: Successfully configured CWB buffer.
06-08 15:34:24.933  2403  4648 W ActivityManager: Slow operation: 75ms so far, now at attachApplicationLocked: after mServices.attachApplicationLocked
06-08 15:34:24.937 26067 26067 D CompatibilityChangeReporter: Compat change id reported: 171979766; UID 10462; state: DISABLED
06-08 15:34:24.940  1245 26085 I SDM     : HWCSession::ProcessRequests: Pushing release fence in fenece wait queue.
06-08 15:34:24.940  1245 26085 I SDM     : HWCSession::ProcessRequests: Creating AsyncFenceWaits async thread.
06-08 15:34:24.940  1245 26085 I SDM     : HWCSession::ProcessRequests: Remove current CWB request from the pending request queue.
06-08 15:34:24.940  1245 26085 I SDM     : HWCSession::ProcessRequests: No pending cwb requests found in the queue.
06-08 15:34:24.943 26067 26067 W ActivityThread: Application cn.missevan can be debugged on port 8100...
06-08 15:34:24.943  1245  1464 I SDM     : HWDeviceDRM::SetupConcurrentWriteback: Tear down the Concurrent Writeback topology
06-08 15:34:24.943 20707 26979 D AutoInstallService: onForegroundInfoChanged: cn.missevan
06-08 15:34:24.943 13365 13377 I GST     : forePkg: cn.missevan, preForePkg: com.miui.home
06-08 15:34:24.944  7124   524 D AppObserver: ForegroundInfo{mForegroundPackageName='cn.missevan', mForegroundUid=10462, mForegroundPid=26067, mLastForegroundPackageName='com.miui.home', mLastForegroundUid=10079, mLastForegroundPid=7124, mMultiWindowForegroundPackageName='cn.missevan', mMultiWindowForegroundUid=10462, mFlags=1}
06-08 15:34:24.944 26067 26067 D ApplicationLoaders: Returning zygote-cached class loader: /system/framework/android.test.base.jar
06-08 15:34:24.944  5823  7674 I ThermalInfoCollector: collectForgroundAppsInfo: com.miui.home
06-08 15:34:24.943  5786 23864 I ProcessMonitor: onForegroundInfoChanged: ForegroundInfo{mForegroundPackageName='cn.missevan', mForegroundUid=10462, mForegroundPid=26067, mLastForegroundPackageName='com.miui.home', mLastForegroundUid=10079, mLastForegroundPid=7124, mMultiWindowForegroundPackageName='cn.missevan', mMultiWindowForegroundUid=10462, mFlags=1}
06-08 15:34:24.945  5823  7439 D LS-ForegroundStatusManager: handleMessage ForegroundInfoChanged. pkg = cn.missevan, uid = 10462, mCurrentForegroundUid = 10079
06-08 15:34:24.945  5823  7760 D ThermalIECHandler: IECAll48Allowed: false; IECMonitorAllowed: false; IECTestState: false
06-08 15:34:24.945  5823  7439 D LS-ForegroundStatusManager: onForegroundChanged mCurrentForegroundUid = 10079, new uid = 10462
06-08 15:34:24.945  5823  5842 D PerfEngineController: ForegroundInfo{mForegroundPackageName='cn.missevan', mForegroundUid=10462, mForegroundPid=26067, mLastForegroundPackageName='com.miui.home', mLastForegroundUid=10079, mLastForegroundPid=7124, mMultiWindowForegroundPackageName='cn.missevan', mMultiWindowForegroundUid=10462, mFlags=1}
06-08 15:34:24.946  5823  7418 D BL-BatteryLifeChecker:  onMessage. what = -10
06-08 15:34:24.946 26067 26086 D AppScoutStateMachine: 26067-ScoutStateMachinecreated
06-08 15:34:24.947  5823  7418 D BL-BatteryLifeChecker:  onMessage. Foreground uid = 10079, isForeground = false
06-08 15:34:24.947  5373 30163 W MQSService: CallerName:cn.missevan,calling Uid:10462
06-08 15:34:24.948  5373 30163 D MQSService: registerApplicationScoutThread pid = 26067, packageName = cn.missevan
06-08 15:34:24.948  5823  7418 D BL-BatteryLifeChecker:  onMessage. what = -10
06-08 15:34:24.948  5823  7418 D BL-BatteryLifeChecker:  onMessage. Foreground uid = 10462, isForeground = true
06-08 15:34:24.948 26154 26174 I ^_^MemoryTrim: onAppBackground()
06-08 15:34:24.949  5452  5519 I SLM-SRV-SLAToast: foreground uid:10462, isColdStart:true, isLinkTurboEnable:false
06-08 15:34:24.952  7124   524 D RecentsModel: onTaskStackChangedBackground
06-08 15:34:24.953  7124  9281 D RecentsModel: onTaskStackChangedBackground    MSG_TASK_STACK_CHANGE
06-08 15:34:24.953  7124  9281 D RecentsModel: preloadRecents
06-08 15:34:24.953  7124  9281 W RecentsModel: getRunningTask
06-08 15:34:24.954  5786 12512 I SCTaskStackListener: onTaskStackChanged! inSplit = false
06-08 15:34:24.955  5786  8455 I SCTaskStackListener: onTaskStackChanged! inSplit = false
06-08 15:34:24.956  5823  5842 I MultiScreenObserver: onTaskStackChanged, splitScreenMode: false isCameraFloat: false isSmallScreen: false
06-08 15:34:24.957  5786 23864 I GameBoosterService: onForegroundInfoChanged: Cur=cn.missevan	 last=com.miui.home
06-08 15:34:24.958  7124  9281 W RecentsModel: getRunningTask   taskInfo=TaskInfo{userId=0 pcFlags:0 taskId=420 displayId=0 isRunning=true baseIntent=Intent { act=android.intent.action.MAIN cat=[android.intent.category.LAUNCHER] flg=0x10200000 cmp=cn.missevan/.activity.SplashActivity } baseActivity=ComponentInfo{cn.missevan/cn.missevan.activity.SplashActivity} topActivity=ComponentInfo{cn.missevan/cn.missevan.activity.SplashActivity} origActivity=null realActivity=ComponentInfo{cn.missevan/cn.missevan.activity.SplashActivity} numActivities=1 lastActiveTime=3036065249 supportsSplitScreenMultiWindow=true supportsMultiWindow=true resizeMode=1 isResizeable=true token=WCT{android.window.IWindowContainerToken$Stub$Proxy@b161fc4} topActivityType=1 pictureInPictureParams=PictureInPictureParams( aspectRatio=null sourceRectHint=null hasSetActions=false isAutoPipEnabled=false isSeamlessResizeEnabled=true) displayCutoutSafeInsets=Rect(0, 100 - 0, 0) topActivityInfo=ActivityInfo{bb16ead cn.missevan.activity.SplashActivity} launchCookies=[] positionInParent=Point(0, 0) parentTaskId=-1 isFocused=false isVisible=true topActivityInSizeCompat=false topActivityInMiuiSizeCompat=false locusId= null windowMode=0}
06-08 15:34:24.958  7124  9281 W RecentsModel: getTaskInfoIgnoreHomeAndFreeform   taskInfo=ComponentInfo{cn.missevan/cn.missevan.activity.SplashActivity}
06-08 15:34:24.958  7124  9281 E ActivityManagerWrapper: get all recent tasks force including 420
06-08 15:34:24.961  1245 26087 I SDM     : HWCSession::NotifyCWBStatus: Notify the client about buffer status 0.
06-08 15:34:24.961  1245 26087 I SDM     : HWCSession::PerformFenceWaits: Remove current release fence from the pending fence wait queue.
06-08 15:34:24.961  1245 26087 I SDM     : HWCSession::PerformFenceWaits: CWB fence queue is empty. No pending release fence to wait on.
06-08 15:34:24.961  1103 25954 E traffic : traffic monitor has been disabled or argment error.
06-08 15:34:24.961  6969  7165 D HomeWallpaperRenderer: OFFSET  x: 1.0  y: 0.0
06-08 15:34:24.962  6969  7675 W OpenGLRenderer: Surface doesn't have any previously queued frames, nothing to readback from
06-08 15:34:24.964  6969  7165 D HomeWallpaperRenderer: OFFSET  x: 1.0  y: 0.0
06-08 15:34:24.964  6969  7675 W OpenGLRenderer: Surface doesn't have any previously queued frames, nothing to readback from
06-08 15:34:24.965  7124  9281 E ActivityManagerWrapper: getRecentTasks: size=2
06-08 15:34:24.965  7124  9281 E ActivityManagerWrapper: getRecentTasks: taskId=420   userId=0   baseIntent=Intent { act=android.intent.action.MAIN cat=[android.intent.category.LAUNCHER] flg=0x10200000 cmp=cn.missevan/.activity.SplashActivity }
06-08 15:34:24.965  7124  9281 E ActivityManagerWrapper: getRecentTasks: taskId=412   userId=0   baseIntent=Intent { act=android.intent.action.MAIN cat=[android.intent.category.LAUNCHER] flg=0x10200000 cmp=com.android.settings/.MainSettings }
06-08 15:34:24.967  7124  7463 E Launcher.Transfer: transfer is closed
06-08 15:34:24.968  5786 23864 D GameBoosterService: onGameStatusChange foreground:ForegroundInfo{mForegroundPackageName='cn.missevan', mForegroundUid=10462, mForegroundPid=26067, mLastForegroundPackageName='com.miui.home', mLastForegroundUid=10079, mLastForegroundPid=7124, mMultiWindowForegroundPackageName='cn.missevan', mMultiWindowForegroundUid=10462, mFlags=1}
06-08 15:34:24.969  5786 23864 I VideoBoxUtils: isSupportVideoBox: true
06-08 15:34:24.972 26067 26067 V GraphicsEnvironment: ANGLE Developer option for 'cn.missevan' set to: 'default'
06-08 15:34:24.974 26067 26067 V GraphicsEnvironment: ANGLE GameManagerService for cn.missevan: false
06-08 15:34:24.974 26067 26067 V GraphicsEnvironment: Updatable production driver is not supported on the device.
06-08 15:34:24.975  2403  3057 I MiuiNetworkPolicyTrafficLimit: updateWhiteListUidForMobileTraffic uid=10462,add=true
06-08 15:34:24.976  2403  3057 D MiuiNetworkPolicyTrafficLimit: updateWhiteListUidForMobileTraffic rst=true
06-08 15:34:24.977 26067 26067 I ForceDarkHelperStubImpl: initialize for cn.missevan , ForceDarkOrigin
06-08 15:34:24.978 26067 26067 D OpenGLRenderer: JNI_OnLoad success
06-08 15:34:24.978 26067 26067 I MiuiForceDarkConfig: setConfig density:2.750000, mainRule:0, secondaryRule:0, tertiaryRule:0
06-08 15:34:24.980 26067 26067 D NetworkSecurityConfig: Using Network Security Config from resource network_security_config debugBuild: false
06-08 15:34:24.980  6969  7165 D HomeWallpaperRenderer: OFFSET  x: 1.0  y: 0.0
06-08 15:34:24.980  6969  7675 W OpenGLRenderer: Surface doesn't have any previously queued frames, nothing to readback from
06-08 15:34:24.980  7124 11091 W FloatingIconLayer: release
06-08 15:34:24.981 26067 26067 D NetworkSecurityConfig: Using Network Security Config from resource network_security_config debugBuild: false
06-08 15:34:24.981  5786 23864 I VideoToolBoxService: splitMode: onfalse
06-08 15:34:24.981  5786 23864 I VideoToolBoxService: onForegroundInfoChanged: Exit Vtb
06-08 15:34:24.982  6969  7165 D HomeWallpaperRenderer: OFFSET  x: 1.0  y: 0.0
06-08 15:34:24.982  5786 23864 W ContextImpl: Calling a method in the system process without a qualified user: android.app.ContextImpl.startService:1827 android.content.ContextWrapper.startService:786 e.d.d.n.k.b:39 e.d.d.n.k$c.onForegroundInfoChanged:21 com.miui.gamebooster.mutiwindow.h$a.onForegroundInfoChanged:152
06-08 15:34:24.984  6969  7675 W OpenGLRenderer: Surface doesn't have any previously queued frames, nothing to readback from
06-08 15:34:24.986  5823  7760 D ThermalIECHandler: storeDataStyle: thermal_iec_monitor_persistence_data_style_iec_state; startIECTime: -1; IECScreenOffOverPeriodTime: 3035475955
06-08 15:34:24.986  5823  7760 D ThermalIECHandler: storeDataStyle: thermal_iec_monitor_persistence_data_style_iec_state; startIECTime: -1; IECScreenOffOverPeriodTime: 3035475955
06-08 15:34:24.987 26067 26067 I Contexts: initApplicationListener
06-08 15:34:24.992  6969  7165 D HomeWallpaperRenderer: OFFSET  x: 1.0  y: 0.0
06-08 15:34:24.992  6969  7675 W OpenGLRenderer: Surface doesn't have any previously queued frames, nothing to readback from
06-08 15:34:24.993  6969  7165 D HomeWallpaperRenderer: OFFSET  x: 1.0  y: 0.0
06-08 15:34:24.993  6969  7675 W OpenGLRenderer: Surface doesn't have any previously queued frames, nothing to readback from
06-08 15:34:24.998  6969  7165 D HomeWallpaperRenderer: OFFSET  x: 1.0  y: 0.0
06-08 15:34:24.998  6969  7675 W OpenGLRenderer: Surface doesn't have any previously queued frames, nothing to readback from
06-08 15:34:25.002 26067 26067 W HMSSDK_PushPreferences: get new sharedPreferences failed,start to get from context.
06-08 15:34:25.006  6969  7165 D HomeWallpaperRenderer: OFFSET  x: 1.0  y: 0.0
06-08 15:34:25.006  6969  7675 W OpenGLRenderer: Surface doesn't have any previously queued frames, nothing to readback from
06-08 15:34:25.013  6969  7165 D HomeWallpaperRenderer: OFFSET  x: 1.0  y: 0.0
06-08 15:34:25.013  6969  7675 W OpenGLRenderer: Surface doesn't have any previously queued frames, nothing to readback from
06-08 15:34:25.022  6969  7675 W OpenGLRenderer: Surface doesn't have any previously queued frames, nothing to readback from
06-08 15:34:25.025  6969  7165 D HomeWallpaperRenderer: OFFSET  x: 1.0  y: 0.0
06-08 15:34:25.030  5823  5838 I iui.powerkeepe: This is non sticky GC, maxfree is 8388608 minfree is 2097152
06-08 15:34:25.032  6969  7675 W OpenGLRenderer: Surface doesn't have any previously queued frames, nothing to readback from
06-08 15:34:25.032  6969  7165 D HomeWallpaperRenderer: OFFSET  x: 1.0  y: 0.0
06-08 15:34:25.038 26067 26067 I Contexts: App lifecycle event: onCreate
06-08 15:34:25.038  6969  7675 W OpenGLRenderer: Surface doesn't have any previously queued frames, nothing to readback from
06-08 15:34:25.039  6969  7165 D HomeWallpaperRenderer: OFFSET  x: 1.0  y: 0.0
06-08 15:34:25.046  6969  7165 D HomeWallpaperRenderer: OFFSET  x: 1.0  y: 0.0
06-08 15:34:25.046  6969  7675 W OpenGLRenderer: Surface doesn't have any previously queued frames, nothing to readback from
06-08 15:34:25.055  6969  7675 W OpenGLRenderer: Surface doesn't have any previously queued frames, nothing to readback from
06-08 15:34:25.055  6969  7165 D HomeWallpaperRenderer: OFFSET  x: 1.0  y: 0.0
06-08 15:34:25.060 26067 26067 I MissEvanApplication: Could not enter app, return.
06-08 15:34:25.066  6969  7675 W OpenGLRenderer: Surface doesn't have any previously queued frames, nothing to readback from
06-08 15:34:25.067  6969  7165 D HomeWallpaperRenderer: OFFSET  x: 1.0  y: 0.0
06-08 15:34:25.067  7124  7124 D Launcher_UnlockAnimationStateMachine: mResetIdleStateRunnable
06-08 15:34:25.071  6969  7165 D HomeWallpaperRenderer: OFFSET  x: 1.0  y: 0.0
06-08 15:34:25.072  6969  7675 W OpenGLRenderer: Surface doesn't have any previously queued frames, nothing to readback from
06-08 15:34:25.076 26067 26067 I Contexts: onActivityCreated: SplashActivity
06-08 15:34:25.080  6969  7165 D HomeWallpaperRenderer: OFFSET  x: 1.0  y: 0.0
06-08 15:34:25.080  6969  7675 W OpenGLRenderer: Surface doesn't have any previously queued frames, nothing to readback from
06-08 15:34:25.088  6969  7675 W OpenGLRenderer: Surface doesn't have any previously queued frames, nothing to readback from
06-08 15:34:25.088  6969  7165 D HomeWallpaperRenderer: OFFSET  x: 1.0  y: 0.0
06-08 15:34:25.089 26067 26067 E MiuiMultiWindowUtils: initFreeFormResolutionArgs failed, device is ziyi
06-08 15:34:25.089 26067 26067 D IS_CTS_MODE: true
06-08 15:34:25.089 26067 26067 D MULTI_WINDOW_SWITCH_ENABLED: false
06-08 15:34:25.089 26067 26067 D IS_CTS_MODE: true
06-08 15:34:25.089 26067 26067 D MULTI_WINDOW_SWITCH_ENABLED: false
06-08 15:34:25.098 26067 26067 D DecorView[]: getWindowModeFromSystem  windowmode is 1
06-08 15:34:25.101  6969  7675 W OpenGLRenderer: Surface doesn't have any previously queued frames, nothing to readback from
06-08 15:34:25.101  6969  7165 D HomeWallpaperRenderer: OFFSET  x: 1.0  y: 0.0
06-08 15:34:25.101 26067 26102 D ViewContentFactory: initViewContentFetcherClass
06-08 15:34:25.101 26067 26102 D ViewContentFactory: getInterceptorPackageInfo
06-08 15:34:25.102 26067 26102 D ViewContentFactory: getInitialApplication took 0ms
06-08 15:34:25.102 26067 26102 D ViewContentFactory: packageInfo.packageName: com.miui.catcherpatch
06-08 15:34:25.106  1977  2997 D libsensor-displayalgo: the value of  brightness:410.000000,R:53552296.912965,G:58395528.039860,B:65351573.159229,EVENT_C:6418.500000,EVENT_R:2482.000000,EVENT_G:3228.500000,EVENT_B:1314.500000
06-08 15:34:25.106  1977  2997 I libsensor-displayalgo: the value of  Coef1:1107.681000,Coef4:2.383000, scale1:0.935522, scale4:0.923264
06-08 15:34:25.106  1977  2997 E libsensor-displayalgo: RGB_test_0407_400_oldzy!
06-08 15:34:25.106 26067 26067 I Contexts: onActivityStarted: SplashActivity
06-08 15:34:25.106  1977  2997 I libsensor-displayalgo: the value of  RESULT2436.717477,932.229661,1211.963276,447.956147
06-08 15:34:25.106  1977  2997 I libsensor-displayalgo: the value of  getChannelDataCalibrated2548.611519,863.737746,1404.081213,486.459254
06-08 15:34:25.106  1977  2997 I libsensor-displayalgo: the value of  REAL LUX227.849548
06-08 15:34:25.106  1977  2997 I libsensor-displayalgo: the value of  CAL REAL LUX227.849548
06-08 15:34:25.107 26067 26067 I Contexts: App lifecycle event: onStart(App come into foreground)
06-08 15:34:25.107 26067 26067 I MissevanApplicationLike: App is in foreground.
06-08 15:34:25.109 26067 26067 I Contexts: onActivityResumed: SplashActivity
06-08 15:34:25.109  6969  7675 W OpenGLRenderer: Surface doesn't have any previously queued frames, nothing to readback from
06-08 15:34:25.109  6969  7165 D HomeWallpaperRenderer: OFFSET  x: 1.0  y: 0.0
06-08 15:34:25.112 26067 26102 D ViewContentFactory: initViewContentFetcherClass took 10ms
06-08 15:34:25.112 26067 26102 I ContentCatcher: ViewContentFetcher : ViewContentFetcher
06-08 15:34:25.112 26067 26102 D ViewContentFactory: createInterceptor took 10ms
06-08 15:34:25.113 26067 26067 I Contexts: App lifecycle event: onResume
06-08 15:34:25.116  6969  7165 D HomeWallpaperRenderer: OFFSET  x: 1.0  y: 0.0
06-08 15:34:25.117  6969  7675 W OpenGLRenderer: Surface doesn't have any previously queued frames, nothing to readback from
06-08 15:34:25.121  6969  7675 W OpenGLRenderer: Surface doesn't have any previously queued frames, nothing to readback from
06-08 15:34:25.121  6969  7165 D HomeWallpaperRenderer: OFFSET  x: 1.0  y: 0.0
06-08 15:34:25.124 26067 26106 E QXPerf  : Couldn't load BLASTBufferQueue Class
06-08 15:34:25.124 26067 26106 E QXPerf  : Couldn't find UndequeuedBufferCount functions
06-08 15:34:25.127 26067 26067 D DecorView[]: getWindowModeFromSystem  windowmode is 1
06-08 15:34:25.127 26067 26067 D DecorView[]: updateDecorCaptionStatus displayWindowDecor is false
06-08 15:34:25.129  2403  5877 W WindowManager: Failed looking up window session=Session{7a2e9d0 26067:u0a10462} callers=com.android.server.wm.WindowManagerService.windowForClientLocked:6127 com.android.server.wm.Session.insetsModified:641 android.view.IWindowSession$Stub.onTransact:1163
06-08 15:34:25.130  6969  7165 D HomeWallpaperRenderer: OFFSET  x: 1.0  y: 0.0
06-08 15:34:25.130  6969  7675 W OpenGLRenderer: Surface doesn't have any previously queued frames, nothing to readback from
06-08 15:34:25.138  6969  7165 D HomeWallpaperRenderer: OFFSET  x: 1.0  y: 0.0
06-08 15:34:25.138  6969  7675 W OpenGLRenderer: Surface doesn't have any previously queued frames, nothing to readback from
06-08 15:34:25.145  7124  7124 D RecentsImpl: mActivityStateObserver cn.missevan.activity.SplashActivity
06-08 15:34:25.145  7124  7124 W RecentsImpl: onResumed className=cn.missevan.activity.SplashActivity   mIsInAnotherPro=false   isKeyguardLocked=false
06-08 15:34:25.145  7124  7124 D RecentsImpl: showNavStubView
06-08 15:34:25.145  7124  7124 D NavStubView_Touch: setKeepHidden    old=false   new=false
06-08 15:34:25.145  7124  7399 W RecentsImpl: disableTouchBySwipeStatusBar    disable=false
06-08 15:34:25.145  7124  7399 D GestureStubView_Touch: disableTouchBySwipeStatusBar    old=false   new=false
06-08 15:34:25.145  7124  7399 D GestureStubView_Touch: disableTouchBySwipeStatusBar    old=false   new=false
06-08 15:34:25.145  7124  7399 W RecentsImpl: disableBackStubWindow    disableTouch=false
06-08 15:34:25.146  7124  7399 D GestureStubView_Touch: disableTouch    old=true   new=false
06-08 15:34:25.146  7124  7399 D GestureStubView_Touch: updateTouchable    old=true   new=true
06-08 15:34:25.146  7124  7399 D GestureStubView_Touch: disableTouch    old=true   new=false
06-08 15:34:25.146  7124  7399 D GestureStubView_Touch: updateTouchable    old=true   new=true
06-08 15:34:25.146  7124  7399 D RecentsImpl: showBackStubWindow  hasNavigationBar=true
06-08 15:34:25.146  7124  7399 D GestureStubView_Touch: setKeepHidden    old=true   new=false
06-08 15:34:25.146  7124  7399 D GestureStubView_Touch: updateTouchable    old=true   new=false
06-08 15:34:25.146  7124  7399 D GestureStubView_Touch:   updateTouchable---requestApplyInsets
06-08 15:34:25.146  7124  7399 W GestureStubView: adaptRotation   currentRotation=0   mRotation=0
06-08 15:34:25.146  7124  7399 D GestureStubView: resetRenderProperty: showGestureStub   isLayoutParamChanged=false
06-08 15:34:25.146  7124  7399 D GestureStubView_Touch: disableTouch    old=false   new=false
06-08 15:34:25.146  7124  7399 D GestureStubView: showGestureStub
06-08 15:34:25.146  7124  7399 D GestureStubView_Touch: setKeepHidden    old=true   new=false
06-08 15:34:25.146  7124  7399 D GestureStubView_Touch: updateTouchable    old=true   new=false
06-08 15:34:25.146  7124  7399 D GestureStubView_Touch:   updateTouchable---requestApplyInsets
06-08 15:34:25.147  7124  7399 W GestureStubView: adaptRotation   currentRotation=0   mRotation=0
06-08 15:34:25.147  7124  7399 D GestureStubView: resetRenderProperty: showGestureStub   isLayoutParamChanged=false
06-08 15:34:25.147  7124  7399 D GestureStubView_Touch: disableTouch    old=false   new=false
06-08 15:34:25.147  7124  7399 D GestureStubView: showGestureStub
06-08 15:34:25.148  6969  7165 D HomeWallpaperRenderer: OFFSET  x: 1.0  y: 0.0
06-08 15:34:25.148  6969  7675 W OpenGLRenderer: Surface doesn't have any previously queued frames, nothing to readback from
06-08 15:34:25.153  7124  7399 D GestureStubView: gatherTransparentRegion: need render w:54  h:1440
06-08 15:34:25.153  7124  7399 D GestureStubView: gatherTransparentRegion: need render w:54  h:1440
06-08 15:34:25.161  2403  4650 I WindowManagerService: Physical orientation applied, rotation=0 sfOrientation=ORIENTATION_0
06-08 15:34:25.163  7124  7124 D NavStubView_Touch: onSystemUiFlagsChanged  mIsShowStatusBar    old= true   new=false
06-08 15:34:25.163  7124  7124 D NavStubView_Touch: onSystemUiFlagsChanged  mIsShowNavBar    old= true   new=true
06-08 15:34:25.165 26067 26098 I AdrenoGLES-0: QUALCOMM build                   : ab32fc8fad, Ie934a85479
06-08 15:34:25.165 26067 26098 I AdrenoGLES-0: Build Date                       : 07/28/22
06-08 15:34:25.165 26067 26098 I AdrenoGLES-0: OpenGL ES Shader Compiler Version: EV031.36.08.09
06-08 15:34:25.165 26067 26098 I AdrenoGLES-0: Local Branch                     :
06-08 15:34:25.165 26067 26098 I AdrenoGLES-0: Remote Branch                    :
06-08 15:34:25.165 26067 26098 I AdrenoGLES-0: Remote Branch                    :
06-08 15:34:25.165 26067 26098 I AdrenoGLES-0: Reconstruct Branch               :
06-08 15:34:25.165 26067 26098 I AdrenoGLES-0: Build Config                     : S P 12.1.1 AArch64
06-08 15:34:25.165 26067 26098 I AdrenoGLES-0: Driver Path                      : /vendor/lib64/egl/libGLESv2_adreno.so
06-08 15:34:25.165 26067 26098 I AdrenoGLES-0: Driver Version                   : 0615.0
06-08 15:34:25.167  7124  7124 D NavStubView_Touch: onSystemUiFlagsChanged  mIsShowStatusBar    old= false   new=false
06-08 15:34:25.167  7124  7124 D NavStubView_Touch: onSystemUiFlagsChanged  mIsShowNavBar    old= true   new=true
06-08 15:34:25.170 26067 26098 I AdrenoGLES-0: PFP: 0x016dc109, ME: 0x00000000
06-08 15:34:25.173  6969  7165 D HomeWallpaperRenderer: OFFSET  x: 1.0  y: 0.0
06-08 15:34:25.174  6969  7675 W OpenGLRenderer: Surface doesn't have any previously queued frames, nothing to readback from
06-08 15:34:25.183 26067 26098 W libc    : Access denied finding property "vendor.migl.debug"
06-08 15:34:25.178  1262  1454 E ANDR-PERF-UTIL: Failed to update node /proc/sys/walt/sched_per_task_boost with value 25910 0
06-08 15:34:25.183  1262  1454 E ANDR-PERF-OPTSHANDLER: can't reset task 25910
06-08 15:34:25.183  1262  1454 E ANDR-PERF-RESOURCEQS: Failed to reset optimization [3, 32]
06-08 15:34:25.187  1245  1850 I SDM     : HWCColorModeStc::GetColorModeCount: Supported color mode count = 3
06-08 15:34:25.188  1245  1850 I SDM     : HWCColorModeStc::GetColorModes: Color mode = 0 is supported
06-08 15:34:25.188  1245  1850 I SDM     : HWCColorModeStc::GetColorModes: Color mode = 7 is supported
06-08 15:34:25.188  1245  1850 I SDM     : HWCColorModeStc::GetColorModes: Color mode = 9 is supported
06-08 15:34:25.188  1379  1861 D MI-SF   : addDolbyVisionHdr enter hdrTypes 2
06-08 15:34:25.188  1379  1861 E MI-SF   : hdrTypes:2
06-08 15:34:25.188  1379  1861 E MI-SF   : hdrTypes:3
06-08 15:34:25.188  1379  1861 E MI-SF   : hdrTypes:4
06-08 15:34:25.195 26067 26098 D cn.missevan: MiuiProcessManagerServiceStub setSchedFifo
06-08 15:34:25.196 26067 26098 I MiuiProcessManagerImpl: setSchedFifo pid:26067, mode:3
06-08 15:34:25.234  1245  2285 I vendor.qti.hardware.display.composer-service: FrameNotifyProcess Sensor: notify citsensorservice to trigger cwb
06-08 15:34:25.234  1977  1977 I libcitsensorservice@2.0-impl: msg_transfer
06-08 15:34:25.236  1977  2987 D vendor.xiaomi.sensor.citsensorservice@2.0-service: handle id:8 wxh:1280x2400 uwxuh:1080x2400 size: 9216000 fd:15 fd_meta:16 flags:0x4000228 usage:0x33  format:0x3 layer_count: 1
06-08 15:34:25.236  1245  1850 I SDM     : HWCSession::SetCWBOutputBuffer: CWB config passed by cwb_client : tappoint 1  CWB_ROI : (829.000000 4.000000 915.000000 90.000000)
06-08 15:34:25.242  1245 26115 I SDM     : HWCSession::ProcessRequests: Successfully configured CWB buffer.
06-08 15:34:25.258  1245 26115 I SDM     : HWCSession::ProcessRequests: Pushing release fence in fenece wait queue.
06-08 15:34:25.258  1245 26115 I SDM     : HWCSession::ProcessRequests: Creating AsyncFenceWaits async thread.
06-08 15:34:25.259  1245  1464 I SDM     : HWDeviceDRM::SetupConcurrentWriteback: Tear down the Concurrent Writeback topology
06-08 15:34:25.260  1245 26115 I SDM     : HWCSession::ProcessRequests: Remove current CWB request from the pending request queue.
06-08 15:34:25.260  1245 26115 I SDM     : HWCSession::ProcessRequests: No pending cwb requests found in the queue.
06-08 15:34:25.267  1245 26117 I SDM     : HWCSession::NotifyCWBStatus: Notify the client about buffer status 0.
06-08 15:34:25.268  1245 26117 I SDM     : HWCSession::PerformFenceWaits: Remove current release fence from the pending fence wait queue.
06-08 15:34:25.269  1245 26117 I SDM     : HWCSession::PerformFenceWaits: CWB fence queue is empty. No pending release fence to wait on.
06-08 15:34:25.269  6969  7675 W OpenGLRenderer: Surface doesn't have any previously queued frames, nothing to readback from
06-08 15:34:25.269  6969  7165 D HomeWallpaperRenderer: OFFSET  x: 1.0  y: 0.0
06-08 15:34:25.269  6969  7165 D HomeWallpaperRenderer: OFFSET  x: 1.0  y: 0.0
06-08 15:34:25.270  6969  7675 W OpenGLRenderer: Surface doesn't have any previously queued frames, nothing to readback from
06-08 15:34:25.274  6969  7165 D HomeWallpaperRenderer: OFFSET  x: 1.0  y: 0.0
06-08 15:34:25.274  6969  7675 W OpenGLRenderer: Surface doesn't have any previously queued frames, nothing to readback from
06-08 15:34:25.289  2403  2570 D PerfImpl: perfFirstDrawBoost: cn.missevan, 26067, 1
06-08 15:34:25.290  1262  5242 E ANDR-PERF-LM: ThreadHelper: thread_callback() 145: More than one pending updates!!! This should not happen. MeterMgr should avoid this case.
06-08 15:34:25.296  2403  2565 I ActivityTaskManager: Displayed cn.missevan/.activity.SplashActivity: +563ms
06-08 15:34:25.296  2403  2565 D PerfImpl: perfLockReleaseHandler: 774357
06-08 15:34:25.297 26067 26067 D DecorView[SplashActivity]: onWindowFocusChanged hasWindowFocus true
06-08 15:34:25.298 26067 26067 I HandWritingStubImpl: refreshLastKeyboardType: 1
06-08 15:34:25.298 26067 26067 I HandWritingStubImpl: getCurrentKeyboardType: 1
06-08 15:34:25.302  6969  7675 W OpenGLRenderer: Surface doesn't have any previously queued frames, nothing to readback from
06-08 15:34:25.302  7825  7825 E BaseInputMethodService: onUnbindInput
06-08 15:34:25.304 26067 26067 I HandWritingStubImpl: isKeyboardTypeChanged: false
06-08 15:34:25.304 26067 26067 I HandWritingStubImpl: isKeyboardTypeChanged: false
06-08 15:34:25.304  6969  7165 D HomeWallpaperRenderer: OFFSET  x: 1.0  y: 0.0
06-08 15:34:25.306  7825  7825 E BaseInputMethodService: onBindInput
06-08 15:34:25.309 26067 26067 I HandWritingStubImpl: getCurrentKeyboardType: 1
06-08 15:34:25.312  7825  7825 E BaseInputMethodService: onFinishInput
06-08 15:34:25.313  7825  7825 E BaseInputMethodService: onStartInput
06-08 15:34:25.322  6969  7165 D HomeWallpaperRenderer: OFFSET  x: 1.0  y: 0.0
06-08 15:34:25.323  6969  7675 W OpenGLRenderer: Surface doesn't have any previously queued frames, nothing to readback from
06-08 15:34:25.329 26067 26105 I Prefs   : setKvsValue, key: local_privacy, value: {"title_for_update":"éšç§æ”¿ç­–æ›´æ–°æç¤º","modified_time":1616673600,"content_for_decline":"çŒ«è€³FMå°†ä¸¥æ ¼æŒ‰ç…§ã€ŠçŒ«è€³FMéšç§æ”¿ç­–ã€‹å’Œã€ŠçŒ«è€³FMç”¨æˆ·ä½¿ç”¨åè®®ã€‹å‘æ‚¨æä¾›æœåŠ¡ã€‚å¦‚æ‚¨ä¸åŒæ„æœ¬éšç§æ”¿ç­–ï¼Œæ‚¨å¯ä»¥ç‚¹å‡»â€œä¸åŒæ„â€åŽé€€å‡ºåº”ç”¨ã€‚","title":"ç”¨æˆ·åè®®ä¸Žéšç§æ”¿ç­–æç¤º","more_content_html":"æ‚¨å¯é€šè¿‡é˜…è¯»å®Œæ•´ç‰ˆ<a href=\"https://link.missevan.com/rule/privacy\">ã€ŠçŒ«è€³FMéšç§æ”¿ç­–ã€‹</a>å’Œ<a href=\"https://www.missevan.com/page/rule/duty\">ã€ŠçŒ«è€³FMç”¨æˆ·ä½¿ç”¨åè®®ã€‹</a>äº†è§£è¯¦å°½çš„æ¡æ¬¾å†…å®¹ã€‚","content":"æ„Ÿè°¢æ‚¨ä¿¡ä»»å¹¶ä½¿ç”¨çŒ«è€³FMçš„äº§å“å’ŒæœåŠ¡ã€‚åœ¨æ‚¨ä½¿ç”¨çŒ«è€³FMäº§å“æˆ–æœåŠ¡å‰ï¼Œè¯·æ‚¨è®¤çœŸé˜…è¯»å¹¶ç†è§£ã€ŠçŒ«è€³FMéšç§æ”¿ç­–ã€‹å’Œã€ŠçŒ«è€³FMç”¨æˆ·ä½¿ç”¨åè®®ã€‹ã€‚æ‚¨ç‚¹å‡»â€œåŒæ„â€ï¼Œå³è¡¨ç¤ºæ‚¨å·²é˜…è¯»å¹¶åŒæ„ä¸Šè¿°æ¡æ¬¾ï¼ŒçŒ«è€³FMå°†å°½å…¨åŠ›ä¿éšœæ‚¨çš„åˆæ³•æƒç›Šå¹¶ç»§ç»­ä¸ºæ‚¨æä¾›ä¼˜è´¨çš„äº§å“å’ŒæœåŠ¡ã€‚å¦‚æ‚¨ç‚¹å‡»â€œä¸åŒæ„â€ï¼Œå°†å¯èƒ½å¯¼è‡´æ— æ³•ç»§ç»­ä½¿ç”¨æˆ‘ä»¬çš„äº§å“å’ŒæœåŠ¡ã€‚","content_for_update":"æ„Ÿè°¢æ‚¨ä¿¡ä»»å¹¶ä½¿ç”¨çŒ«è€³FMçš„äº§å“å’ŒæœåŠ¡ã€‚æˆ‘ä»¬ä¾æ®æœ€æ–°çš„æ³•å¾‹æ³•è§„ã€ç›‘ç®¡æ”¿ç­–è¦æ±‚ï¼Œæ›´æ–°äº†ã€ŠçŒ«è€³FMéšç§æ”¿ç­–ã€‹éƒ¨åˆ†æ¡æ¬¾ï¼Œç‰¹å‘æ‚¨æŽ¨é€æœ¬æç¤ºã€‚\næœ¬æ¬¡æˆ‘ä»¬æ›´æ–°çš„æ¡æ¬¾ä¸»è¦åŒ…æ‹¬ï¼šæ›´æ–°ã€ŠçŒ«è€³FMç¬¬ä¸‰æ–¹ SDK ç›®å½•ã€‹ã€‚è¯·æ‚¨åœ¨ä½¿ç”¨ / ç»§ç»­ä½¿ç”¨æˆ‘ä»¬çš„äº§å“ä¸Ž / æˆ–æœåŠ¡å‰ä»”ç»†é˜…è¯»å¹¶å……åˆ†ç†è§£æ›´æ–°åŽçš„éšç§æ”¿ç­–ã€‚\næ‚¨ç‚¹å‡»â€œåŒæ„â€ï¼Œå³è¡¨ç¤ºæ‚¨å·²é˜…è¯»å¹¶åŒæ„ä¸Šè¿°æ¡æ¬¾ï¼ŒçŒ«è€³FMå°†å°½å…¨åŠ›ä¿éšœæ‚¨çš„åˆæ³•æƒç›Šå¹¶ç»§ç»­ä¸ºæ‚¨æä¾›ä¼˜è´¨çš„äº§å“å’ŒæœåŠ¡ã€‚å¦‚æ‚¨ç‚¹å‡»â€œä¸åŒæ„â€ï¼Œå°†å¯èƒ½å¯¼è‡´æ— æ³•ç»§ç»­ä½¿ç”¨æˆ‘ä»¬çš„äº§å“å’ŒæœåŠ¡ã€‚","url":"https://link.missevan.com/rule/privacy"}
06-08 15:34:25.330 26067 26105 I Prefs   : setKvsValue, key: current_season, value: 2
06-08 15:34:25.335  6969  7675 W OpenGLRenderer: Surface doesn't have any previously queued frames, nothing to readback from
06-08 15:34:25.335  6969  7165 D HomeWallpaperRenderer: OFFSET  x: 1.0  y: 0.0
06-08 15:34:25.335 26067 26067 D CompatibilityChangeReporter: Compat change id reported: 171228096; UID 10462; state: ENABLED
06-08 15:34:25.338  6969  7165 D HomeWallpaperRenderer: OFFSET  x: 1.0  y: 0.0
06-08 15:34:25.338  6969  7675 W OpenGLRenderer: Surface doesn't have any previously queued frames, nothing to readback from
06-08 15:34:25.344 26067 26067 D IS_CTS_MODE: true
06-08 15:34:25.344 26067 26067 D MULTI_WINDOW_SWITCH_ENABLED: false
06-08 15:34:25.348  6969  7165 D HomeWallpaperRenderer: OFFSET  x: 1.0  y: 0.0
06-08 15:34:25.348  6969  7675 W OpenGLRenderer: Surface doesn't have any previously queued frames, nothing to readback from
06-08 15:34:25.352  6969  7675 W OpenGLRenderer: Surface doesn't have any previously queued frames, nothing to readback from
06-08 15:34:25.352  6969  7165 D HomeWallpaperRenderer: OFFSET  x: 1.0  y: 0.0
06-08 15:34:25.353  6969  7675 W OpenGLRenderer: Surface doesn't have any previously queued frames, nothing to readback from
06-08 15:34:25.353  6969  7165 D HomeWallpaperRenderer: OFFSET  x: 1.0  y: 0.0
06-08 15:34:25.355  6969  7165 D HomeWallpaperRenderer: OFFSET  x: 1.0  y: 0.0
06-08 15:34:25.355  6969  7675 W OpenGLRenderer: Surface doesn't have any previously queued frames, nothing to readback from
06-08 15:34:25.364  6969  7165 D HomeWallpaperRenderer: OFFSET  x: 1.0  y: 0.0
06-08 15:34:25.364  6969  7675 W OpenGLRenderer: Surface doesn't have any previously queued frames, nothing to readback from
06-08 15:34:25.375  6969  7165 D HomeWallpaperRenderer: OFFSET  x: 1.0  y: 0.0
06-08 15:34:25.375  6969  7675 W OpenGLRenderer: Surface doesn't have any previously queued frames, nothing to readback from
06-08 15:34:25.382  6969  7165 D HomeWallpaperRenderer: OFFSET  x: 1.0  y: 0.0
06-08 15:34:25.384  6969  7675 W OpenGLRenderer: Surface doesn't have any previously queued frames, nothing to readback from
06-08 15:34:25.385  7124  7124 D NavStubView_Touch: onSystemUiFlagsChanged  mIsShowStatusBar    old= false   new=true
06-08 15:34:25.385  7124  7124 D NavStubView_Touch: onSystemUiFlagsChanged  mIsShowNavBar    old= true   new=true
06-08 15:34:25.387  6969  7165 D HomeWallpaperRenderer: OFFSET  x: 1.0  y: 0.0
06-08 15:34:25.388  6969  7675 W OpenGLRenderer: Surface doesn't have any previously queued frames, nothing to readback from
06-08 15:34:25.394  7124  7124 E LauncherAnimationRunner: finish: mFinishRunnable.run
06-08 15:34:25.396  6969  7165 D HomeWallpaperRenderer: OFFSET  x: 1.0  y: 0.0
06-08 15:34:25.402  4164  4178 D BLASTBufferQueue: releaseBufferCallback ReleaseCallbackId: bufferId:17884243828161 framenumber:244855
06-08 15:34:25.403  6969  7675 W OpenGLRenderer: Surface doesn't have any previously queued frames, nothing to readback from
06-08 15:34:25.404  1977  2997 D libsensor-displayalgo: the value of  brightness:410.000000,R:83107921.726748,G:83116367.241512,B:83129288.435961,EVENT_C:6971.500000,EVENT_R:2682.500000,EVENT_G:3525.000000,EVENT_B:1425.500000
06-08 15:34:25.404  1977  2997 I libsensor-displayalgo: the value of  Coef1:1107.681000,Coef4:2.383000, scale1:0.935522, scale4:0.923264
06-08 15:34:25.404  1977  2997 E libsensor-displayalgo: RGB_test_0407_400_oldzy!
06-08 15:34:25.404  1977  2997 I libsensor-displayalgo: the value of  RESULT3132.346953,1239.520269,1515.654789,569.860814
06-08 15:34:25.404  1977  2997 I libsensor-displayalgo: the value of  getChannelDataCalibrated3276.184293,1148.451383,1755.913283,618.841974
06-08 15:34:25.404  1977  2997 I libsensor-displayalgo: the value of  REAL LUX217.923599
06-08 15:34:25.404  1977  2997 I libsensor-displayalgo: the value of  CAL REAL LUX217.923599
06-08 15:34:25.404  6969  7165 D HomeWallpaperRenderer: OFFSET  x: 1.0  y: 0.0
06-08 15:34:25.404  6969  7675 W OpenGLRenderer: Surface doesn't have any previously queued frames, nothing to readback from
06-08 15:34:25.409  4164  4810 D BLASTBufferQueue: releaseBufferCallback ReleaseCallbackId: bufferId:17884243828646 framenumber:11
06-08 15:34:25.409  4164  4810 D BLASTBufferQueue: releaseBufferCallback ReleaseCallbackId: bufferId:17884243828135 framenumber:244856
06-08 15:34:25.420  2403  4650 I WindowManagerService: Physical orientation applied, rotation=0 sfOrientation=ORIENTATION_0
06-08 15:34:25.424  4164  4621 D BLASTBufferQueue: releaseBufferCallback ReleaseCallbackId: bufferId:17884243828162 framenumber:244857
06-08 15:34:25.432  4164  4621 D BLASTBufferQueue: releaseBufferCallback ReleaseCallbackId: bufferId:17884243828134 framenumber:244858
06-08 15:34:25.441  2403  4648 I SmartPower.com.miui.personalassistant/10068(7566): visible->invisible(1757ms) R(become invisible) adj=100.
06-08 15:34:25.441  2403  4648 I SmartPower.com.miui.personalassistant/10068(7566): invisible->background(0ms) R(become background) adj=100.
06-08 15:34:25.441  2403  3429 I SmartPower: com.miui.personalassistant/10068 state=foreground adj=100 proc size=1 move to inactive become invisible
06-08 15:34:25.447  2403  4648 I WindowManagerService: Physical orientation applied, rotation=0 sfOrientation=ORIENTATION_0
06-08 15:34:25.457  1103 25954 E traffic : traffic monitor has been disabled or argment error.
06-08 15:34:25.458  7124  7124 D Launcher.Lifecycle: onStop:UserHandle{0},a1ae5e7,false
06-08 15:34:25.460  7124  7124 D LauncherClient.Service: service already disconnected:com.miui.newhome
06-08 15:34:25.460  7124  7124 W Launcher.Workspace: MiuiHome:onSaveInstanceState
06-08 15:34:25.460  7124  7124 W ScreenView_Workspace: MiuiHome:onSaveInstanceState
06-08 15:34:25.460  7124  7124 W ScreenView_HotSeats: MiuiHome:onSaveInstanceState
06-08 15:34:25.460  7124  7124 W ScreenView_RecommendAppsThumbnailView: MiuiHome:onSaveInstanceState
06-08 15:34:25.461  7124  7124 W ScreenView_WorkspaceThumbnailView: MiuiHome:onSaveInstanceState
06-08 15:34:25.461  7124  7124 W ScreenView_EditingEntryThumbnailView: MiuiHome:onSaveInstanceState
06-08 15:34:25.460  7566  7579 D LauncherOverlay: setActivityState:0
06-08 15:34:25.461  7124  7124 W ViewPager: MiuiHome:onSaveInstanceState
06-08 15:34:25.461  7124  7124 W ScreenView_DeleteIconContainer: MiuiHome:onSaveInstanceState
06-08 15:34:25.462  7566  7566 D LauncherOverlay.Window: onStop
06-08 15:34:25.469  2403  3057 I MiuiNetworkPolicyTrafficLimit: updateWhiteListUidForMobileTraffic uid=10079,add=false
06-08 15:34:25.469  2403  5700 I WindowManagerService: Physical orientation applied, rotation=0 sfOrientation=ORIENTATION_0
06-08 15:34:25.471  2403  3057 I MiuiNetworkPolicyTrafficLimit: updateWhiteListUidForMobileTraffic uid=10068,add=false
06-08 15:34:25.472  2403  3057 D MiuiNetworkPolicyTrafficLimit: updateWhiteListUidForMobileTraffic rst=true
06-08 15:34:25.473  2403  3057 D MiuiNetworkPolicyTrafficLimit: updateWhiteListUidForMobileTraffic rst=true
06-08 15:34:25.474  2403  2421 W ActivityTaskManager: Skip mGoingToSleepWakeLock release for sleepingOrShuttingDown
06-08 15:34:25.482  1379  1379 D MI-SF   : Launcher Changed hasLauncher=0
06-08 15:34:25.489  2403  2568 W TaskSnapshot_CInjector: doSnapshotQSInternal()... return as window type is incorrect, type=2
06-08 15:34:25.525 26067 26067 D DecorView[SplashActivity]: onWindowFocusChanged hasWindowFocus false
06-08 15:34:25.531 26067 26081 D BLASTBufferQueue: releaseBufferCallback ReleaseCallbackId: bufferId:111956912504839 framenumber:1
06-08 15:34:25.537 26067 26067 D DecorView[]: onWindowFocusChanged hasWindowFocus true
06-08 15:34:25.539  1245  2285 I vendor.qti.hardware.display.composer-service: FrameNotifyProcess Sensor: notify citsensorservice to trigger cwb
06-08 15:34:25.540  1977  2109 I libcitsensorservice@2.0-impl: msg_transfer
06-08 15:34:25.540  1977  2987 D vendor.xiaomi.sensor.citsensorservice@2.0-service: handle id:8 wxh:1280x2400 uwxuh:1080x2400 size: 9216000 fd:15 fd_meta:16 flags:0x4000228 usage:0x33  format:0x3 layer_count: 1
06-08 15:34:25.540  1245  1850 I SDM     : HWCSession::SetCWBOutputBuffer: CWB config passed by cwb_client : tappoint 1  CWB_ROI : (829.000000 4.000000 915.000000 90.000000)
06-08 15:34:25.546  1245 26121 I SDM     : HWCSession::ProcessRequests: Successfully configured CWB buffer.
06-08 15:34:25.547 26067 26081 D BLASTBufferQueue: releaseBufferCallback ReleaseCallbackId: bufferId:111956912504838 framenumber:2
06-08 15:34:25.556 26067 26081 D BLASTBufferQueue: releaseBufferCallback ReleaseCallbackId: bufferId:111956912504837 framenumber:3
06-08 15:34:25.563  1245 26121 I SDM     : HWCSession::ProcessRequests: Pushing release fence in fenece wait queue.
06-08 15:34:25.563  1245 26121 I SDM     : HWCSession::ProcessRequests: Creating AsyncFenceWaits async thread.
06-08 15:34:25.563  1245  1464 I SDM     : HWDeviceDRM::SetupConcurrentWriteback: Tear down the Concurrent Writeback topology
06-08 15:34:25.564  1245 26121 I SDM     : HWCSession::ProcessRequests: Remove current CWB request from the pending request queue.
06-08 15:34:25.564  1245 26121 I SDM     : HWCSession::ProcessRequests: No pending cwb requests found in the queue.
06-08 15:34:25.572  1245 26122 I SDM     : HWCSession::NotifyCWBStatus: Notify the client about buffer status 0.
06-08 15:34:25.572  1245 26122 I SDM     : HWCSession::PerformFenceWaits: Remove current release fence from the pending fence wait queue.
06-08 15:34:25.572  1245 26122 I SDM     : HWCSession::PerformFenceWaits: CWB fence queue is empty. No pending release fence to wait on.
06-08 15:34:25.618 21118 21135 I FontLog : (REDACTED) Received query %s, URI %s
06-08 15:34:25.618 21118 21135 I FontLog : (REDACTED) Query [%s] resolved to %s
06-08 15:34:25.620 21118 21135 I FontLog : (REDACTED) Fetch %s end status %s
06-08 15:34:25.622 21118 21134 I FontLog : (REDACTED) Pulling font file for id = %d, cache size = %d
06-08 15:34:25.625 21118 21134 I FontLog : (REDACTED) Pulling font file for id = %d, cache size = %d
06-08 15:34:25.653  4164  4708 W RenderInspector: QueueBuffer time out on Splash Screen cn.missevan, count=1, avg=10 ms, max=10 ms.
06-08 15:34:25.671  2403  4650 I WindowManagerService: Physical orientation applied, rotation=0 sfOrientation=ORIENTATION_0
06-08 15:34:25.676  2403  4650 W InputManager-JNI: Input channel object 'f31d69c Splash Screen cn.missevan (client)' was disposed without first being removed with the input manager!
06-08 15:34:25.704  1977  2997 D libsensor-displayalgo: the value of  brightness:410.000000,R:80271452.847476,G:80317279.685709,B:80317279.685709,EVENT_C:7103.500000,EVENT_R:2727.000000,EVENT_G:3592.000000,EVENT_B:1453.000000
06-08 15:34:25.704  1977  2997 I libsensor-displayalgo: the value of  Coef1:1107.681000,Coef4:2.383000, scale1:0.935522, scale4:0.923264
06-08 15:34:25.704  1977  2997 E libsensor-displayalgo: RGB_test_0407_400_oldzy!
06-08 15:34:25.704  1977  2997 I libsensor-displayalgo: the value of  RESULT3068.081888,1212.971924,1487.420369,557.596640
06-08 15:34:25.704  1977  2997 I libsensor-displayalgo: the value of  getChannelDataCalibrated3208.968177,1123.853574,1723.203201,605.523660
06-08 15:34:25.704  1977  2997 I libsensor-displayalgo: the value of  REAL LUX230.599030
06-08 15:34:25.704  1977  2997 I libsensor-displayalgo: the value of  CAL REAL LUX230.599030
06-08 15:34:25.807 25861 25870 I tomator2.serve: This is non sticky GC, maxfree is 8388608 minfree is 2097152
06-08 15:34:25.830  7124  7124 D NavStubView_Touch: onSystemUiFlagsChanged  mIsShowStatusBar    old= true   new=false
06-08 15:34:25.830  7124  7124 D NavStubView_Touch: onSystemUiFlagsChanged  mIsShowNavBar    old= true   new=true
06-08 15:34:25.845  1245  2285 I vendor.qti.hardware.display.composer-service: FrameNotifyProcess Sensor: notify citsensorservice to trigger cwb
06-08 15:34:25.845  1977  1977 I libcitsensorservice@2.0-impl: msg_transfer
06-08 15:34:25.846  1977  2987 D vendor.xiaomi.sensor.citsensorservice@2.0-service: handle id:8 wxh:1280x2400 uwxuh:1080x2400 size: 9216000 fd:15 fd_meta:16 flags:0x4000228 usage:0x33  format:0x3 layer_count: 1
06-08 15:34:25.846  1245  1850 I SDM     : HWCSession::SetCWBOutputBuffer: CWB config passed by cwb_client : tappoint 1  CWB_ROI : (829.000000 4.000000 915.000000 90.000000)
06-08 15:34:25.847 25861 25870 I tomator2.serve: This is sticky GC, maxfree is 8388608 minfree is 2097152
06-08 15:34:25.851  1245 26124 I SDM     : HWCSession::ProcessRequests: Successfully configured CWB buffer.
06-08 15:34:25.867  1245 26124 I SDM     : HWCSession::ProcessRequests: Pushing release fence in fenece wait queue.
06-08 15:34:25.867  1245 26124 I SDM     : HWCSession::ProcessRequests: Creating AsyncFenceWaits async thread.
06-08 15:34:25.868  1245  1464 I SDM     : HWDeviceDRM::SetupConcurrentWriteback: Tear down the Concurrent Writeback topology
06-08 15:34:25.869  1245 26124 I SDM     : HWCSession::ProcessRequests: Remove current CWB request from the pending request queue.
06-08 15:34:25.870  1245 26124 I SDM     : HWCSession::ProcessRequests: No pending cwb requests found in the queue.
06-08 15:34:25.876  1245 26125 I SDM     : HWCSession::NotifyCWBStatus: Notify the client about buffer status 0.
06-08 15:34:25.876  1245 26125 I SDM     : HWCSession::PerformFenceWaits: Remove current release fence from the pending fence wait queue.
06-08 15:34:25.876  1245 26125 I SDM     : HWCSession::PerformFenceWaits: CWB fence queue is empty. No pending release fence to wait on.
06-08 15:34:25.877 25861 25892 I appium  : AppiumResponse: {"sessionId":"32697ba3-3074-4f0f-bddc-125a53bc03dc","value":"iVBORw0KGgoAAAANSUhEUgAABDgAAAlgCAYAAABtGofVAAAAAXNSR0IArs4c6QAAAARzQklUCAgI\nCHwIZIgAACAASURBVHichL3LrjTJkSb2mblHZJ7Lf6kqsruHPbMRWoA2LWgnvc7sZic9wjyYMDPi\nQICgRbO1kCBRo+lusklWkcWq/3ZOZka4m2lhbu7mcU5JCRTq/JlxcTc3t8tnF6f/6e/+QcEZkAIi\nAEgQEâ€¦
06-08 15:34:25.895 25861 25870 I tomator2.serve: This is non sticky GC, maxfree is 8388608 minfree is 2097152
06-08 15:34:26.104  1977  2997 D libsensor-displayalgo: the value of  brightness:410.000000,R:10630434.060883,G:10603290.730870,B:10774193.261200,EVENT_C:4749.000000,EVENT_R:1939.000000,EVENT_G:2310.500000,EVENT_B:960.000000
