06-21 15:46:41.703  2055  3327 E libsensor-displayalgo: RGB_test_0407_400_oldzy!
06-21 15:46:41.703  1289 20545 I SDM     : HWCSession::NotifyCWBStatus: Notify the client about buffer status 0.
06-21 15:46:41.703  2055  3327 I libsensor-displayalgo: the value of  RESULT1635.319588,638.286823,808.122657,298.955012
06-21 15:46:41.703  2055  3327 I libsensor-displayalgo: the value of  getChannelDataCalibrated1714.543314,591.176627,939.284342,326.289279
06-21 15:46:41.703  2055  3327 I libsensor-displayalgo: the value of  REAL LUX225.193832
06-21 15:46:41.703  2055  3327 I libsensor-displayalgo: the value of  CAL REAL LUX225.193832
06-21 15:46:41.703  1289 20545 I SDM     : HWCSession::PerformFenceWaits: Remove current release fence from the pending fence wait queue.
06-21 15:46:41.703  1289 20545 I SDM     : HWCSession::PerformFenceWaits: CWB fence queue is empty. No pending release fence to wait on.
06-21 15:46:41.711 18261 18293 I appium  : channel read: POST /wd/hub/session/680c5a45-b174-477e-af7f-a20782774a69/element/00000000-0000-0203-ffff-ffff00000bd1/click
06-21 15:46:41.712 18261 18293 I appium  : Click command
06-21 15:46:41.771 18549 19495 I CCodecBufferChannel: pipelineRoom(1) is <= numClientBuffers(2). Not signalling any more buffers to client
06-21 15:46:41.772 18549 20166 I CCodecBufferChannel: pipelineRoom(1) is <= numClientBuffers(1). Not signalling any more buffers to client
06-21 15:46:41.852 18261 18293 W QueryController: Could not detect idle state.
06-21 15:46:41.862 18549 19495 I CCodecBufferChannel: pipelineRoom(1) is <= numClientBuffers(2). Not signalling any more buffers to client
06-21 15:46:41.863 18549 20166 I CCodecBufferChannel: pipelineRoom(1) is <= numClientBuffers(1). Not signalling any more buffers to client
06-21 15:46:41.970 18549 19495 I CCodecBufferChannel: pipelineRoom(2) is <= numClientBuffers(3). Not signalling any more buffers to client
06-21 15:46:41.971 18549 19495 I CCodecBufferChannel: pipelineRoom(2) is <= numClientBuffers(3). Not signalling any more buffers to client
06-21 15:46:41.971 18549 20166 I CCodecBufferChannel: pipelineRoom(2) is <= numClientBuffers(2). Not signalling any more buffers to client
06-21 15:46:41.972 18549 20166 I CCodecBufferChannel: pipelineRoom(3) is <= numClientBuffers(3). Not signalling any more buffers to client
06-21 15:46:41.980  1289  2256 I vendor.qti.hardware.display.composer-service: FrameNotifyProcess Sensor: notify citsensorservice to trigger cwb
06-21 15:46:41.981  2055  2055 I libcitsensorservice@2.0-impl: msg_transfer
06-21 15:46:41.981  2055  3319 D vendor.xiaomi.sensor.citsensorservice@2.0-service: handle id:11 wxh:1280x2400 uwxuh:1080x2400 size: 9216000 fd:15 fd_meta:16 flags:0x4000228 usage:0x33  format:0x3 layer_count: 1
06-21 15:46:41.983  1289  1864 I SDM     : HWCSession::SetCWBOutputBuffer: CWB config passed by cwb_client : tappoint 1  CWB_ROI : (829.000000 4.000000 915.000000 90.000000)
06-21 15:46:41.983  1289 20546 I SDM     : HWCSession::ProcessRequests: Successfully configured CWB buffer.
06-21 15:46:41.991  1289 20546 I SDM     : HWCSession::ProcessRequests: Pushing release fence in fenece wait queue.
06-21 15:46:41.991  1289 20546 I SDM     : HWCSession::ProcessRequests: Creating AsyncFenceWaits async thread.
06-21 15:46:41.992  1289 20546 I SDM     : HWCSession::ProcessRequests: Remove current CWB request from the pending request queue.
06-21 15:46:41.992  1289 20546 I SDM     : HWCSession::ProcessRequests: No pending cwb requests found in the queue.
06-21 15:46:41.998  1289  1506 I SDM     : HWDeviceDRM::SetupConcurrentWriteback: Tear down the Concurrent Writeback topology
06-21 15:46:42.003  2055  3327 D libsensor-displayalgo: the value of  brightness:438.000000,R:35255016.607790,G:33592939.622774,B:43425958.422859,EVENT_C:5573.000000,EVENT_R:2227.500000,EVENT_G:2749.500000,EVENT_B:1132.500000
06-21 15:46:42.003  2055  3327 I libsensor-displayalgo: the value of  Coef1:1107.681000,Coef4:2.383000, scale1:0.935522, scale4:0.923264
06-21 15:46:42.003  2055  3327 E libsensor-displayalgo: RGB_test_0407_400_oldzy!
06-21 15:46:42.003  2055  3327 I libsensor-displayalgo: the value of  RESULT1789.092669,697.370814,889.013590,323.393273
06-21 15:46:42.003  2055  3327 I libsensor-displayalgo: the value of  getChannelDataCalibrated1875.765995,645.899791,1033.304211,352.961995
06-21 15:46:42.003  2055  3327 I libsensor-displayalgo: the value of  REAL LUX216.062698
06-21 15:46:42.003  2055  3327 I libsensor-displayalgo: the value of  CAL REAL LUX216.062698
06-21 15:46:42.005  1289 20547 I SDM     : HWCSession::NotifyCWBStatus: Notify the client about buffer status 0.
06-21 15:46:42.007  1289 20547 I SDM     : HWCSession::PerformFenceWaits: Remove current release fence from the pending fence wait queue.
06-21 15:46:42.007  1289 20547 I SDM     : HWCSession::PerformFenceWaits: CWB fence queue is empty. No pending release fence to wait on.
06-21 15:46:42.058 18261 18293 W QueryController: Could not detect idle state.
06-21 15:46:42.094 18549 19495 I CCodecBufferChannel: pipelineRoom(1) is <= numClientBuffers(2). Not signalling any more buffers to client
06-21 15:46:42.094 18549 20166 I CCodecBufferChannel: pipelineRoom(1) is <= numClientBuffers(1). Not signalling any more buffers to client
06-21 15:46:42.097  2423  5956 D MIUIInput: Input event injection from pid 18246, MotionEvent: DOWN
06-21 15:46:42.098  2423  3213 D MIUIInput: [MotionEvent] publisher action=0x4, 74571039, channel 'f33ef00 NavigationBar0 (server)'
06-21 15:46:42.098  2423  3213 D MIUIInput: [MotionEvent] publisher action=0x0, 74571039, channel 'adbdf91 cn.missevan/cn.missevan.activity.MainActivity (server)'
06-21 15:46:42.099 18549 19495 I CCodecBufferChannel: pipelineRoom(1) is <= numClientBuffers(1). Not signalling any more buffers to client
06-21 15:46:42.101 18323 18323 D MIUIInput: [MotionEvent] ViewRootImpl windowName 'cn.missevan/cn.missevan.activity.MainActivity', { action=ACTION_DOWN, id[0]=0, pointerCount=1, eventTime=74571039, downTime=74571038, phoneEventTime=15:46:42.082 } moveCount:0
06-21 15:46:42.104  2423  2529 D MIUIInput: Input event injection from pid 18246, MotionEvent: UP
06-21 15:46:42.105  2423  3213 D MIUIInput: [MotionEvent] publisher action=0x1, 74571039, channel 'adbdf91 cn.missevan/cn.missevan.activity.MainActivity (server)'
06-21 15:46:42.107 18323 18323 D MIUIInput: [MotionEvent] ViewRootImpl windowName 'cn.missevan/cn.missevan.activity.MainActivity', { action=ACTION_UP, id[0]=0, pointerCount=1, eventTime=74571039, downTime=74571038, phoneEventTime=15:46:42.082 } moveCount:0
06-21 15:46:42.107 18323 18323 E cn.missevan: No package ID ff found for ID 0xffffffff.
06-21 15:46:42.120 18261 18293 I appium  : Waiting up to 100ms for the device to idle
06-21 15:46:42.207 18549 19495 I CCodecBufferChannel: pipelineRoom(2) is <= numClientBuffers(3). Not signalling any more buffers to client
06-21 15:46:42.208 18549 20166 I CCodecBufferChannel: pipelineRoom(2) is <= numClientBuffers(2). Not signalling any more buffers to client
06-21 15:46:42.211 18549 20166 I CCodecBufferChannel: pipelineRoom(3) is <= numClientBuffers(3). Not signalling any more buffers to client
06-21 15:46:42.225  5790 20208 I SafeBinderCall: onPositionChange binder cost:0
06-21 15:46:42.226  4190  4190 D MiPlayDetailViewModel: onPositionChange(): position = 45576
06-21 15:46:42.286  1289  2256 I vendor.qti.hardware.display.composer-service: FrameNotifyProcess Sensor: notify citsensorservice to trigger cwb
06-21 15:46:42.287  2055  2137 I libcitsensorservice@2.0-impl: msg_transfer
06-21 15:46:42.287  2055  3319 D vendor.xiaomi.sensor.citsensorservice@2.0-service: handle id:11 wxh:1280x2400 uwxuh:1080x2400 size: 9216000 fd:15 fd_meta:16 flags:0x4000228 usage:0x33  format:0x3 layer_count: 1
06-21 15:46:42.288  1289  1864 I SDM     : HWCSession::SetCWBOutputBuffer: CWB config passed by cwb_client : tappoint 1  CWB_ROI : (829.000000 4.000000 915.000000 90.000000)
06-21 15:46:42.289  1289 20548 I SDM     : HWCSession::ProcessRequests: Successfully configured CWB buffer.
06-21 15:46:42.297  1289 20548 I SDM     : HWCSession::ProcessRequests: Pushing release fence in fenece wait queue.
06-21 15:46:42.297  1289 20548 I SDM     : HWCSession::ProcessRequests: Creating AsyncFenceWaits async thread.
06-21 15:46:42.297  1289 20548 I SDM     : HWCSession::ProcessRequests: Remove current CWB request from the pending request queue.
06-21 15:46:42.297  1289 20548 I SDM     : HWCSession::ProcessRequests: No pending cwb requests found in the queue.
06-21 15:46:42.303  2055  3327 D libsensor-displayalgo: the value of  brightness:438.000000,R:39792005.464590,G:38343837.794072,B:47185430.464701,EVENT_C:5709.000000,EVENT_R:2268.000000,EVENT_G:2822.500000,EVENT_B:1158.000000
06-21 15:46:42.303  2055  3327 I libsensor-displayalgo: the value of  Coef1:1107.681000,Coef4:2.383000, scale1:0.935522, scale4:0.923264
06-21 15:46:42.303  2055  3327 E libsensor-displayalgo: RGB_test_0407_400_oldzy!
06-21 15:46:42.303  1289  1506 I SDM     : HWDeviceDRM::SetupConcurrentWriteback: Tear down the Concurrent Writeback topology
06-21 15:46:42.304  2055  3327 I libsensor-displayalgo: the value of  RESULT1952.237583,762.447330,966.745213,352.734834
06-21 15:46:42.304  2055  3327 I libsensor-displayalgo: the value of  getChannelDataCalibrated2046.814530,706.173188,1123.652001,384.986336
06-21 15:46:42.304  2055  3327 I libsensor-displayalgo: the value of  REAL LUX214.075348
06-21 15:46:42.304  2055  3327 I libsensor-displayalgo: the value of  CAL REAL LUX214.075348
06-21 15:46:42.310  1289 20549 I SDM     : HWCSession::NotifyCWBStatus: Notify the client about buffer status 0.
06-21 15:46:42.310  1289 20549 I SDM     : HWCSession::PerformFenceWaits: Remove current release fence from the pending fence wait queue.
06-21 15:46:42.310  1289 20549 I SDM     : HWCSession::PerformFenceWaits: CWB fence queue is empty. No pending release fence to wait on.
06-21 15:46:42.324 18261 18293 W QueryController: Could not detect idle state.
06-21 15:46:42.327 18549 19495 I CCodecBufferChannel: pipelineRoom(2) is <= numClientBuffers(3). Not signalling any more buffers to client
06-21 15:46:42.331 18549 20166 I CCodecBufferChannel: pipelineRoom(2) is <= numClientBuffers(2). Not signalling any more buffers to client
06-21 15:46:42.334 18261 18293 I appium  : AppiumResponse: {"sessionId":"680c5a45-b174-477e-af7f-a20782774a69","value":null}
06-21 15:46:42.359 18261 18293 I appium  : channel read: POST /wd/hub/session/680c5a45-b174-477e-af7f-a20782774a69/element
06-21 15:46:42.362 18261 18293 I appium  : FindElement command
06-21 15:46:42.369 18261 18293 I appium  : method: 'id', selector: 'cn.missevan:id/emoji'
06-21 15:46:42.370 18261 18293 I appium  : Waiting up to 100ms for the device to idle
06-21 15:46:42.417 18549 19495 I CCodecBufferChannel: pipelineRoom(1) is <= numClientBuffers(2). Not signalling any more buffers to client
06-21 15:46:42.417 18549 20166 I CCodecBufferChannel: pipelineRoom(1) is <= numClientBuffers(1). Not signalling any more buffers to client
06-21 15:46:42.498 18261 18293 W QueryController: Could not detect idle state.
06-21 15:46:42.534 18549 19495 I CCodecBufferChannel: pipelineRoom(2) is <= numClientBuffers(2). Not signalling any more buffers to client
06-21 15:46:42.535 18549 19495 I CCodecBufferChannel: pipelineRoom(2) is <= numClientBuffers(3). Not signalling any more buffers to client
06-21 15:46:42.536 18549 20166 I CCodecBufferChannel: pipelineRoom(2) is <= numClientBuffers(2). Not signalling any more buffers to client
06-21 15:46:42.537 18549 19495 I CCodecBufferChannel: pipelineRoom(2) is <= numClientBuffers(2). Not signalling any more buffers to client
06-21 15:46:42.550 18549 18723 D AudioTrack: [audioTrackData][fine] 50s(f:50005 m:0 s:22 k:0) : pid 18549 uid 10499 sessionId 337 sr 44100 ch 2 fmt 1
06-21 15:46:42.589  1289  2256 I vendor.qti.hardware.display.composer-service: FrameNotifyProcess Sensor: notify citsensorservice to trigger cwb
06-21 15:46:42.590  2055  2137 I libcitsensorservice@2.0-impl: msg_transfer
06-21 15:46:42.590  2055  3319 D vendor.xiaomi.sensor.citsensorservice@2.0-service: handle id:11 wxh:1280x2400 uwxuh:1080x2400 size: 9216000 fd:15 fd_meta:16 flags:0x4000228 usage:0x33  format:0x3 layer_count: 1
06-21 15:46:42.592  1289  1864 I SDM     : HWCSession::SetCWBOutputBuffer: CWB config passed by cwb_client : tappoint 1  CWB_ROI : (829.000000 4.000000 915.000000 90.000000)
06-21 15:46:42.592  1289 20550 I SDM     : HWCSession::ProcessRequests: Successfully configured CWB buffer.
06-21 15:46:42.600  1289 20550 I SDM     : HWCSession::ProcessRequests: Pushing release fence in fenece wait queue.
06-21 15:46:42.600  1289 20550 I SDM     : HWCSession::ProcessRequests: Creating AsyncFenceWaits async thread.
06-21 15:46:42.600  1289 20550 I SDM     : HWCSession::ProcessRequests: Remove current CWB request from the pending request queue.
06-21 15:46:42.601  1289 20550 I SDM     : HWCSession::ProcessRequests: No pending cwb requests found in the queue.
06-21 15:46:42.603  2055  3327 D libsensor-displayalgo: the value of  brightness:438.000000,R:83162175.266168,G:83162175.266168,B:83162175.266168,EVENT_C:7196.000000,EVENT_R:2775.000000,EVENT_G:3628.000000,EVENT_B:1461.000000
06-21 15:46:42.604  2055  3327 I libsensor-displayalgo: the value of  Coef1:1107.681000,Coef4:2.383000, scale1:0.935522, scale4:0.923264
06-21 15:46:42.604  2055  3327 E libsensor-displayalgo: RGB_test_0407_400_oldzy!
06-21 15:46:42.605  2055  3327 I libsensor-displayalgo: the value of  RESULT3273.648048,1289.341880,1580.361472,594.091708
06-21 15:46:42.605  2055  3327 I libsensor-displayalgo: the value of  getChannelDataCalibrated3432.241265,1194.179099,1836.860744,648.411121
06-21 15:46:42.605  2055  3327 I libsensor-displayalgo: the value of  REAL LUX221.512115
06-21 15:46:42.605  2055  3327 I libsensor-displayalgo: the value of  CAL REAL LUX221.512115
06-21 15:46:42.607  1289  1506 I SDM     : HWDeviceDRM::SetupConcurrentWriteback: Tear down the Concurrent Writeback topology
06-21 15:46:42.614  1289 20551 I SDM     : HWCSession::NotifyCWBStatus: Notify the client about buffer status 0.
06-21 15:46:42.614  1289 20551 I SDM     : HWCSession::PerformFenceWaits: Remove current release fence from the pending fence wait queue.
06-21 15:46:42.614  1289 20551 I SDM     : HWCSession::PerformFenceWaits: CWB fence queue is empty. No pending release fence to wait on.
06-21 15:46:42.647 18549 19495 I CCodecBufferChannel: pipelineRoom(2) is <= numClientBuffers(3). Not signalling any more buffers to client
06-21 15:46:42.647 18549 20166 I CCodecBufferChannel: pipelineRoom(2) is <= numClientBuffers(2). Not signalling any more buffers to client
06-21 15:46:42.741 18261 18293 I appium  : AppiumResponse: {"sessionId":"680c5a45-b174-477e-af7f-a20782774a69","value":{"ELEMENT":"00000000-0000-0203-ffff-ffff00000bc4","element-6066-11e4-a52e-4f735466cecf":"00000000-0000-0203-ffff-ffff00000bc4"}}
06-21 15:46:42.750 18261 18293 I appium  : channel read: POST /wd/hub/session/680c5a45-b174-477e-af7f-a20782774a69/element/00000000-0000-0203-ffff-ffff00000bc4/click
06-21 15:46:42.751 18261 18293 I appium  : Click command
06-21 15:46:42.771 18549 19495 I CCodecBufferChannel: pipelineRoom(2) is <= numClientBuffers(3). Not signalling any more buffers to client
06-21 15:46:42.772 18549 20166 I CCodecBufferChannel: pipelineRoom(2) is <= numClientBuffers(2). Not signalling any more buffers to client
06-21 15:46:42.877  5322  9959 W MiuiPerfServiceClient: interceptAndQueuing:18323|cn.missevan|102|75|74571404235353|Slow handle traversal|4
06-21 15:46:42.889  1308  1430 E ANDR-PERF-UTIL: Failed to update node /sys/class/kgsl/kgsl-3d0/idle_timer with value 32
06-21 15:46:42.889  1308  1430 E ANDR-PERF-UTIL: 0
06-21 15:46:42.889  1308  1430 E ANDR-PERF-RESOURCEQS: Failed to reset optimization [10, 11]
06-21 15:46:42.903  2055  3327 D libsensor-displayalgo: the value of  brightness:438.000000,R:83162175.266168,G:83162175.266168,B:83162175.266168,EVENT_C:7326.000000,EVENT_R:2813.000000,EVENT_G:3706.000000,EVENT_B:1489.000000
06-21 15:46:42.903  2055  3327 I libsensor-displayalgo: the value of  Coef1:1107.681000,Coef4:2.383000, scale1:0.935522, scale4:0.923264
06-21 15:46:42.903  2055  3327 E libsensor-displayalgo: RGB_test_0407_400_oldzy!
06-21 15:46:42.904  2055  3327 I libsensor-displayalgo: the value of  RESULT3273.648048,1289.341880,1580.361472,594.091708
06-21 15:46:42.904  2055  3327 I libsensor-displayalgo: the value of  getChannelDataCalibrated3432.241265,1194.179099,1836.860744,648.411121
06-21 15:46:42.904  2055  3327 I libsensor-displayalgo: the value of  REAL LUX230.528580
06-21 15:46:42.904  2055  3327 I libsensor-displayalgo: the value of  CAL REAL LUX230.528580
06-21 15:46:42.927 18261 18293 W QueryController: Could not detect idle state.
06-21 15:46:42.977 18549 19495 I CCodecBufferChannel: pipelineRoom(2) is <= numClientBuffers(2). Not signalling any more buffers to client
06-21 15:46:42.978  1289  2256 I vendor.qti.hardware.display.composer-service: FrameNotifyProcess Sensor: notify citsensorservice to trigger cwb
06-21 15:46:42.980  2055  2137 I libcitsensorservice@2.0-impl: msg_transfer
06-21 15:46:42.983  2055  3319 D vendor.xiaomi.sensor.citsensorservice@2.0-service: handle id:11 wxh:1280x2400 uwxuh:1080x2400 size: 9216000 fd:15 fd_meta:16 flags:0x4000228 usage:0x33  format:0x3 layer_count: 1
06-21 15:46:42.983  1289  1864 I SDM     : HWCSession::SetCWBOutputBuffer: CWB config passed by cwb_client : tappoint 1  CWB_ROI : (829.000000 4.000000 915.000000 90.000000)
06-21 15:46:42.985  1289 20554 I SDM     : HWCSession::ProcessRequests: Successfully configured CWB buffer.
06-21 15:46:42.988  1308  1430 E ANDR-PERF-UTIL: Failed to update node /sys/class/kgsl/kgsl-3d0/idle_timer with value 32
06-21 15:46:42.988  1308  1430 E ANDR-PERF-UTIL: 0
06-21 15:46:42.988  1308  1430 E ANDR-PERF-RESOURCEQS: Failed to reset optimization [10, 11]
06-21 15:46:42.994  1289 20554 I SDM     : HWCSession::ProcessRequests: Pushing release fence in fenece wait queue.
06-21 15:46:42.995  1289 20554 I SDM     : HWCSession::ProcessRequests: Creating AsyncFenceWaits async thread.
06-21 15:46:42.995  1289 20554 I SDM     : HWCSession::ProcessRequests: Remove current CWB request from the pending request queue.
06-21 15:46:42.995  1289 20554 I SDM     : HWCSession::ProcessRequests: No pending cwb requests found in the queue.
06-21 15:46:43.002  1289  1506 I SDM     : HWDeviceDRM::SetupConcurrentWriteback: Tear down the Concurrent Writeback topology
06-21 15:46:43.009  1289 20555 I SDM     : HWCSession::NotifyCWBStatus: Notify the client about buffer status 0.
06-21 15:46:43.010  1289 20555 I SDM     : HWCSession::PerformFenceWaits: Remove current release fence from the pending fence wait queue.
06-21 15:46:43.011  1289 20555 I SDM     : HWCSession::PerformFenceWaits: CWB fence queue is empty. No pending release fence to wait on.
06-21 15:46:43.088 18549 19495 I CCodecBufferChannel: pipelineRoom(3) is <= numClientBuffers(3). Not signalling any more buffers to client
06-21 15:46:43.091 18549 20166 I CCodecBufferChannel: pipelineRoom(2) is <= numClientBuffers(2). Not signalling any more buffers to client
06-21 15:46:43.095  1308  1430 E ANDR-PERF-UTIL: Failed to update node /sys/class/kgsl/kgsl-3d0/idle_timer with value 32
06-21 15:46:43.095  1308  1430 E ANDR-PERF-UTIL: 0
06-21 15:46:43.096  1308  1430 E ANDR-PERF-RESOURCEQS: Failed to reset optimization [10, 11]
06-21 15:46:43.128 18261 18293 W QueryController: Could not detect idle state.
06-21 15:46:43.167  2423  4489 D MIUIInput: Input event injection from pid 18246, MotionEvent: DOWN
06-21 15:46:43.168  2423  3213 D MIUIInput: [MotionEvent] publisher action=0x4, 74572113, channel 'f33ef00 NavigationBar0 (server)'
06-21 15:46:43.168  2423  3213 D MIUIInput: [MotionEvent] publisher action=0x0, 74572113, channel 'adbdf91 cn.missevan/cn.missevan.activity.MainActivity (server)'
06-21 15:46:43.173 18323 18323 D MIUIInput: [MotionEvent] ViewRootImpl windowName 'cn.missevan/cn.missevan.activity.MainActivity', { action=ACTION_DOWN, id[0]=0, pointerCount=1, eventTime=74572113, downTime=74572112, phoneEventTime=15:46:43.156 } moveCount:0
06-21 15:46:43.177  2423  2529 D MIUIInput: Input event injection from pid 18246, MotionEvent: UP
06-21 15:46:43.177  2423  3213 D MIUIInput: [MotionEvent] publisher action=0x1, 74572113, channel 'adbdf91 cn.missevan/cn.missevan.activity.MainActivity (server)'
06-21 15:46:43.178 18323 18323 D MIUIInput: [MotionEvent] ViewRootImpl windowName 'cn.missevan/cn.missevan.activity.MainActivity', { action=ACTION_UP, id[0]=0, pointerCount=1, eventTime=74572113, downTime=74572112, phoneEventTime=15:46:43.155 } moveCount:0
06-21 15:46:43.180  1308  1430 E ANDR-PERF-UTIL: Failed to update node /sys/class/kgsl/kgsl-3d0/idle_timer with value 32
06-21 15:46:43.180  1308  1430 E ANDR-PERF-UTIL: 0
06-21 15:46:43.180  1308  1430 E ANDR-PERF-RESOURCEQS: Failed to reset optimization [10, 11]
06-21 15:46:43.192 18261 18293 I appium  : Waiting up to 100ms for the device to idle
06-21 15:46:43.200 18323 18323 I HandWritingStubImpl: isKeyboardTypeChanged: false
06-21 15:46:43.201 18323 18323 I HandWritingStubImpl: isKeyboardTypeChanged: false
06-21 15:46:43.201 18323 18323 I HandWritingStubImpl: isKeyboardTypeChanged: false
06-21 15:46:43.202  2055  3327 D libsensor-displayalgo: the value of  brightness:438.000000,R:83162175.266168,G:83162175.266168,B:83162175.266168,EVENT_C:7332.000000,EVENT_R:2810.000000,EVENT_G:3715.500000,EVENT_B:1491.500000
06-21 15:46:43.202  2055  3327 I libsensor-displayalgo: the value of  Coef1:1107.681000,Coef4:2.383000, scale1:0.935522, scale4:0.923264
06-21 15:46:43.202  2055  3327 E libsensor-displayalgo: RGB_test_0407_400_oldzy!
06-21 15:46:43.203 18323 18323 I HandWritingStubImpl: isKeyboardTypeChanged: false
06-21 15:46:43.203  2055  3327 I libsensor-displayalgo: the value of  RESULT3273.648048,1289.341880,1580.361472,594.091708
06-21 15:46:43.203  2055  3327 I libsensor-displayalgo: the value of  getChannelDataCalibrated3432.241265,1194.179099,1836.860744,648.411121
06-21 15:46:43.203  2055  3327 I libsensor-displayalgo: the value of  REAL LUX231.294296
06-21 15:46:43.203  2055  3327 I libsensor-displayalgo: the value of  CAL REAL LUX231.294296
06-21 15:46:43.208 18323 18323 D IS_CTS_MODE: true
06-21 15:46:43.208 18323 18323 D MULTI_WINDOW_SWITCH_ENABLED: false
06-21 15:46:43.211 18549 20166 I CCodecBufferChannel: pipelineRoom(2) is <= numClientBuffers(2). Not signalling any more buffers to client
06-21 15:46:43.211 18549 19495 I CCodecBufferChannel: pipelineRoom(2) is <= numClientBuffers(2). Not signalling any more buffers to client
06-21 15:46:43.221 18323 18323 I HandWritingStubImpl: isKeyboardTypeChanged: false
06-21 15:46:43.221 18323 18323 I HandWritingStubImpl: isKeyboardTypeChanged: false
06-21 15:46:43.225  4190  4190 D MiPlayDetailViewModel: onPositionChange(): position = 46576
06-21 15:46:43.225  5790 20208 I SafeBinderCall: onPositionChange binder cost:0
06-21 15:46:43.282  2423  4028 I WindowManagerService: Physical orientation applied, rotation=0 sfOrientation=ORIENTATION_0
06-21 15:46:43.290  1289  2256 I vendor.qti.hardware.display.composer-service: FrameNotifyProcess Sensor: notify citsensorservice to trigger cwb
06-21 15:46:43.291  2055  2137 I libcitsensorservice@2.0-impl: msg_transfer
06-21 15:46:43.291  2055  3319 D vendor.xiaomi.sensor.citsensorservice@2.0-service: handle id:11 wxh:1280x2400 uwxuh:1080x2400 size: 9216000 fd:15 fd_meta:16 flags:0x4000228 usage:0x33  format:0x3 layer_count: 1
06-21 15:46:43.292  1289  1864 I SDM     : HWCSession::SetCWBOutputBuffer: CWB config passed by cwb_client : tappoint 1  CWB_ROI : (829.000000 4.000000 915.000000 90.000000)
06-21 15:46:43.293  1289 20559 I SDM     : HWCSession::ProcessRequests: Successfully configured CWB buffer.
06-21 15:46:43.300  1289 20559 I SDM     : HWCSession::ProcessRequests: Pushing release fence in fenece wait queue.
06-21 15:46:43.300  1289 20559 I SDM     : HWCSession::ProcessRequests: Creating AsyncFenceWaits async thread.
06-21 15:46:43.300  1289 20559 I SDM     : HWCSession::ProcessRequests: Remove current CWB request from the pending request queue.
06-21 15:46:43.300  1289 20559 I SDM     : HWCSession::ProcessRequests: No pending cwb requests found in the queue.
06-21 15:46:43.301 18549 19495 I CCodecBufferChannel: pipelineRoom(1) is <= numClientBuffers(1). Not signalling any more buffers to client
06-21 15:46:43.304  1447  2683 I BpBinder: onLastStrongRef automatically unlinking death recipients: <uncached descriptor>
06-21 15:46:43.306  1289  1506 I SDM     : HWDeviceDRM::SetupConcurrentWriteback: Tear down the Concurrent Writeback topology
06-21 15:46:43.310  2423  4489 I WindowManagerService: Physical orientation applied, rotation=0 sfOrientation=ORIENTATION_0
06-21 15:46:43.313  1289 20560 I SDM     : HWCSession::NotifyCWBStatus: Notify the client about buffer status 0.
06-21 15:46:43.316 18261 18293 W QueryController: Could not detect idle state.
06-21 15:46:43.316  1289 20560 I SDM     : HWCSession::PerformFenceWaits: Remove current release fence from the pending fence wait queue.
06-21 15:46:43.316  1289 20560 I SDM     : HWCSession::PerformFenceWaits: CWB fence queue is empty. No pending release fence to wait on.
06-21 15:46:43.317 18261 18293 I appium  : AppiumResponse: {"sessionId":"680c5a45-b174-477e-af7f-a20782774a69","value":null}
06-21 15:46:43.393 18323 18323 D DecorView[MainActivity]: onWindowFocusChanged hasWindowFocus false
06-21 15:46:43.395 18323 18323 D DecorView[]: onWindowFocusChanged hasWindowFocus true
06-21 15:46:43.395 18323 18323 I HandWritingStubImpl: refreshLastKeyboardType: 1
06-21 15:46:43.395 18323 18323 I HandWritingStubImpl: getCurrentKeyboardType: 1
06-21 15:46:43.399  7949  7949 E BaseInputMethodService: onFinishInput
06-21 15:46:43.399  7949  7949 E BaseInputMethodService: onStartInput
06-21 15:46:43.399 18323 18323 I HandWritingStubImpl: isKeyboardTypeChanged: false
06-21 15:46:43.503  2055  3327 D libsensor-displayalgo: the value of  brightness:438.000000,R:83162175.266168,G:83162175.266168,B:83162175.266168,EVENT_C:7317.000000,EVENT_R:2808.000000,EVENT_G:3707.500000,EVENT_B:1488.000000
06-21 15:46:43.503  2055  3327 I libsensor-displayalgo: the value of  Coef1:1107.681000,Coef4:2.383000, scale1:0.935522, scale4:0.923264
06-21 15:46:43.503  2055  3327 E libsensor-displayalgo: RGB_test_0407_400_oldzy!
06-21 15:46:43.504  2055  3327 I libsensor-displayalgo: the value of  RESULT3273.648048,1289.341880,1580.361472,594.091708
06-21 15:46:43.504  2055  3327 I libsensor-displayalgo: the value of  getChannelDataCalibrated3432.241265,1194.179099,1836.860744,648.411121
06-21 15:46:43.504  2055  3327 I libsensor-displayalgo: the value of  REAL LUX230.231384
06-21 15:46:43.504  2055  3327 I libsensor-displayalgo: the value of  CAL REAL LUX230.231384
06-21 15:46:43.532 18549 19495 I CCodecBufferChannel: pipelineRoom(1) is <= numClientBuffers(1). Not signalling any more buffers to client
06-21 15:46:43.533 18549 19495 I CCodecBufferChannel: pipelineRoom(1) is <= numClientBuffers(1). Not signalling any more buffers to client
06-21 15:46:43.542  5322  9959 W MiuiPerfServiceClient: interceptAndQueuing:18323|cn.missevan|248|97|74572397869832|Slow main thread|6
06-21 15:46:43.662  1289  2256 I vendor.qti.hardware.display.composer-service: FrameNotifyProcess Sensor: notify citsensorservice to trigger cwb
06-21 15:46:43.663  2055  2055 I libcitsensorservice@2.0-impl: msg_transfer
06-21 15:46:43.663  2055  3319 D vendor.xiaomi.sensor.citsensorservice@2.0-service: handle id:11 wxh:1280x2400 uwxuh:1080x2400 size: 9216000 fd:15 fd_meta:16 flags:0x4000228 usage:0x33  format:0x3 layer_count: 1
06-21 15:46:43.663  1289  1864 I SDM     : HWCSession::SetCWBOutputBuffer: CWB config passed by cwb_client : tappoint 1  CWB_ROI : (829.000000 4.000000 915.000000 90.000000)
06-21 15:46:43.665  1289 20567 I SDM     : HWCSession::ProcessRequests: Successfully configured CWB buffer.
06-21 15:46:43.669  1289 20567 I SDM     : HWCSession::ProcessRequests: Pushing release fence in fenece wait queue.
06-21 15:46:43.669  1289 20567 I SDM     : HWCSession::ProcessRequests: Creating AsyncFenceWaits async thread.
06-21 15:46:43.670  1289 20567 I SDM     : HWCSession::ProcessRequests: Remove current CWB request from the pending request queue.
06-21 15:46:43.670  1289 20567 I SDM     : HWCSession::ProcessRequests: No pending cwb requests found in the queue.
06-21 15:46:43.673  1308  1430 E ANDR-PERF-UTIL: Failed to update node /sys/class/kgsl/kgsl-3d0/idle_timer with value 32
06-21 15:46:43.673  1308  1430 E ANDR-PERF-UTIL: 0
06-21 15:46:43.673  1308  1430 E ANDR-PERF-RESOURCEQS: Failed to reset optimization [10, 11]
06-21 15:46:43.676  1289  1506 I SDM     : HWDeviceDRM::SetupConcurrentWriteback: Tear down the Concurrent Writeback topology
06-21 15:46:43.684  1289 20568 I SDM     : HWCSession::NotifyCWBStatus: Notify the client about buffer status 0.
06-21 15:46:43.685  1289 20568 I SDM     : HWCSession::PerformFenceWaits: Remove current release fence from the pending fence wait queue.
06-21 15:46:43.685  1289 20568 I SDM     : HWCSession::PerformFenceWaits: CWB fence queue is empty. No pending release fence to wait on.
06-21 15:46:43.777  1308  1430 E ANDR-PERF-UTIL: Failed to update node /sys/class/kgsl/kgsl-3d0/idle_timer with value 32
06-21 15:46:43.777  1308  1430 E ANDR-PERF-UTIL: 0
06-21 15:46:43.777  1308  1430 E ANDR-PERF-RESOURCEQS: Failed to reset optimization [10, 11]
06-21 15:46:43.783 18549 19495 I CCodecBufferChannel: pipelineRoom(2) is <= numClientBuffers(2). Not signalling any more buffers to client
06-21 15:46:43.785 18549 19495 I CCodecBufferChannel: pipelineRoom(3) is <= numClientBuffers(3). Not signalling any more buffers to client
06-21 15:46:43.785 18549 20166 I CCodecBufferChannel: pipelineRoom(3) is <= numClientBuffers(3). Not signalling any more buffers to client
06-21 15:46:43.787 18549 20166 I CCodecBufferChannel: pipelineRoom(2) is <= numClientBuffers(2). Not signalling any more buffers to client
06-21 15:46:43.803  2055  3327 D libsensor-displayalgo: the value of  brightness:438.000000,R:5839427.745025,G:5838004.606291,B:5844250.476950,EVENT_C:4378.000000,EVENT_R:1818.500000,EVENT_G:2114.500000,EVENT_B:890.500000
06-21 15:46:43.803  2055  3327 I libsensor-displayalgo: the value of  Coef1:1107.681000,Coef4:2.383000, scale1:0.935522, scale4:0.923264
06-21 15:46:43.804  2055  3327 E libsensor-displayalgo: RGB_black_white_scenario_0822!
06-21 15:46:43.804  2055  3327 I libsensor-displayalgo: the value of  RESULT187.441018,65.845872,100.816915,33.677715
06-21 15:46:43.804  2055  3327 I libsensor-displayalgo: the value of  getChannelDataCalibrated196.521674,60.985969,117.179922,36.756960
06-21 15:46:43.804  2055  3327 I libsensor-displayalgo: the value of  REAL LUX250.368927
06-21 15:46:43.804  2055  3327 I libsensor-displayalgo: the value of  CAL REAL LUX250.368927
06-21 15:46:43.861 18549 19495 I CCodecBufferChannel: pipelineRoom(2) is <= numClientBuffers(3). Not signalling any more buffers to client
06-21 15:46:43.864 18549 19495 I CCodecBufferChannel: pipelineRoom(2) is <= numClientBuffers(3). Not signalling any more buffers to client
06-21 15:46:43.865 18549 20166 I CCodecBufferChannel: pipelineRoom(2) is <= numClientBuffers(2). Not signalling any more buffers to client
06-21 15:46:43.876  1308  1430 E ANDR-PERF-UTIL: Failed to update node /sys/class/kgsl/kgsl-3d0/idle_timer with value 32
06-21 15:46:43.876  1308  1430 E ANDR-PERF-UTIL: 0
06-21 15:46:43.876  1308  1430 E ANDR-PERF-RESOURCEQS: Failed to reset optimization [10, 11]
06-21 15:46:43.951 18549 19492 D CCodecBufferChannel: [c2.android.aac.decoder#4] DEBUG: elapsed: n=6 [in=0 pipeline=0 out=2]
06-21 15:46:43.951 18549 19492 D PipelineWatcher: DEBUG: elapsed 2 / 6
06-21 15:46:43.975  1289  2256 I vendor.qti.hardware.display.composer-service: FrameNotifyProcess Sensor: notify citsensorservice to trigger cwb
06-21 15:46:43.976  2055 15083 I libcitsensorservice@2.0-impl: msg_transfer
06-21 15:46:43.977  2055  3319 D vendor.xiaomi.sensor.citsensorservice@2.0-service: handle id:11 wxh:1280x2400 uwxuh:1080x2400 size: 9216000 fd:15 fd_meta:16 flags:0x4000228 usage:0x33  format:0x3 layer_count: 1
06-21 15:46:43.977  1289  1864 I SDM     : HWCSession::SetCWBOutputBuffer: CWB config passed by cwb_client : tappoint 1  CWB_ROI : (829.000000 4.000000 915.000000 90.000000)
06-21 15:46:43.979  1289 20571 I SDM     : HWCSession::ProcessRequests: Successfully configured CWB buffer.
06-21 15:46:43.984  1289 20571 I SDM     : HWCSession::ProcessRequests: Pushing release fence in fenece wait queue.
06-21 15:46:43.984  1289 20571 I SDM     : HWCSession::ProcessRequests: Creating AsyncFenceWaits async thread.
06-21 15:46:43.984  1289 20571 I SDM     : HWCSession::ProcessRequests: Remove current CWB request from the pending request queue.
06-21 15:46:43.984  1289 20571 I SDM     : HWCSession::ProcessRequests: No pending cwb requests found in the queue.
06-21 15:46:43.989  1289  1506 I SDM     : HWDeviceDRM::SetupConcurrentWriteback: Tear down the Concurrent Writeback topology
06-21 15:46:43.997  1289 20572 I SDM     : HWCSession::NotifyCWBStatus: Notify the client about buffer status 0.
06-21 15:46:43.997  1289 20572 I SDM     : HWCSession::PerformFenceWaits: Remove current release fence from the pending fence wait queue.
06-21 15:46:43.997  1289 20572 I SDM     : HWCSession::PerformFenceWaits: CWB fence queue is empty. No pending release fence to wait on.
06-21 15:46:44.096 18549 19495 I CCodecBufferChannel: pipelineRoom(1) is <= numClientBuffers(2). Not signalling any more buffers to client
06-21 15:46:44.097 18549 20166 I CCodecBufferChannel: pipelineRoom(1) is <= numClientBuffers(1). Not signalling any more buffers to client
06-21 15:46:44.100 18549 19495 I CCodecBufferChannel: pipelineRoom(1) is <= numClientBuffers(2). Not signalling any more buffers to client
06-21 15:46:44.100 18549 19495 I CCodecBufferChannel: pipelineRoom(1) is <= numClientBuffers(2). Not signalling any more buffers to client
06-21 15:46:44.103 18549 20166 I CCodecBufferChannel: pipelineRoom(1) is <= numClientBuffers(1). Not signalling any more buffers to client
06-21 15:46:44.104  2055  3327 D libsensor-displayalgo: the value of  brightness:438.000000,R:5839427.745025,G:5838004.606291,B:5844250.476950,EVENT_C:4373.500000,EVENT_R:1813.000000,EVENT_G:2114.000000,EVENT_B:891.000000
06-21 15:46:44.104  2055  3327 I libsensor-displayalgo: the value of  Coef1:1107.681000,Coef4:2.383000, scale1:0.935522, scale4:0.923264
06-21 15:46:44.104  2055  3327 E libsensor-displayalgo: RGB_black_white_scenario_0822!
06-21 15:46:44.104  2055  3327 I libsensor-displayalgo: the value of  RESULT187.441018,65.845872,100.816915,33.677715
06-21 15:46:44.104  2055  3327 I libsensor-displayalgo: the value of  getChannelDataCalibrated196.521674,60.985969,117.179922,36.756960
06-21 15:46:44.104  2055  3327 I libsensor-displayalgo: the value of  REAL LUX250.195358
06-21 15:46:44.104  2055  3327 I libsensor-displayalgo: the value of  CAL REAL LUX250.195358
06-21 15:46:44.105 18549 19495 I CCodecBufferChannel: pipelineRoom(1) is <= numClientBuffers(1). Not signalling any more buffers to client
06-21 15:46:44.187  1308  1430 E ANDR-PERF-UTIL: Failed to update node /sys/class/kgsl/kgsl-3d0/idle_timer with value 32
06-21 15:46:44.187  1308  1430 E ANDR-PERF-UTIL: 0
06-21 15:46:44.188  1308  1430 E ANDR-PERF-RESOURCEQS: Failed to reset optimization [10, 11]
06-21 15:46:44.226 18549 19495 I CCodecBufferChannel: pipelineRoom(1) is <= numClientBuffers(2). Not signalling any more buffers to client
06-21 15:46:44.229  4190  4190 D MiPlayDetailViewModel: onPositionChange(): position = 47577
06-21 15:46:44.230 18549 20166 I CCodecBufferChannel: pipelineRoom(1) is <= numClientBuffers(1). Not signalling any more buffers to client
06-21 15:46:44.230  5790 20208 I SafeBinderCall: onPositionChange binder cost:3
06-21 15:46:44.280  1308  1430 E ANDR-PERF-UTIL: Failed to update node /sys/class/kgsl/kgsl-3d0/idle_timer with value 32
06-21 15:46:44.280  1308  1430 E ANDR-PERF-UTIL: 0
06-21 15:46:44.280  1308  1430 E ANDR-PERF-RESOURCEQS: Failed to reset optimization [10, 11]
06-21 15:46:44.291 18549 19495 I CCodecBufferChannel: pipelineRoom(2) is <= numClientBuffers(3). Not signalling any more buffers to client
06-21 15:46:44.291 18549 20166 I CCodecBufferChannel: pipelineRoom(2) is <= numClientBuffers(2). Not signalling any more buffers to client
06-21 15:46:44.345 18261 18293 I appium  : channel read: POST /wd/hub/session/680c5a45-b174-477e-af7f-a20782774a69/elements
06-21 15:46:44.345 18261 18293 I appium  : FindElements command
06-21 15:46:44.348 18261 18293 I appium  : method: 'class name', selector: 'android.widget.ImageView'
06-21 15:46:44.348 18261 18293 I appium  : Waiting up to 100ms for the device to idle
06-21 15:46:44.377  1289  2256 I vendor.qti.hardware.display.composer-service: FrameNotifyProcess Sensor: notify citsensorservice to trigger cwb
06-21 15:46:44.378  2055  2055 I libcitsensorservice@2.0-impl: msg_transfer
06-21 15:46:44.379  2055  3319 D vendor.xiaomi.sensor.citsensorservice@2.0-service: handle id:11 wxh:1280x2400 uwxuh:1080x2400 size: 9216000 fd:15 fd_meta:16 flags:0x4000228 usage:0x33  format:0x3 layer_count: 1
06-21 15:46:44.379  1289  1864 I SDM     : HWCSession::SetCWBOutputBuffer: CWB config passed by cwb_client : tappoint 1  CWB_ROI : (829.000000 4.000000 915.000000 90.000000)
06-21 15:46:44.380  1289 20576 I SDM     : HWCSession::ProcessRequests: Successfully configured CWB buffer.
06-21 15:46:44.386  1289 20576 I SDM     : HWCSession::ProcessRequests: Pushing release fence in fenece wait queue.
06-21 15:46:44.386  1289 20576 I SDM     : HWCSession::ProcessRequests: Creating AsyncFenceWaits async thread.
06-21 15:46:44.387  1289 20576 I SDM     : HWCSession::ProcessRequests: Remove current CWB request from the pending request queue.
06-21 15:46:44.387  1289 20576 I SDM     : HWCSession::ProcessRequests: No pending cwb requests found in the queue.
06-21 15:46:44.388  1308  1430 E ANDR-PERF-UTIL: Failed to update node /sys/class/kgsl/kgsl-3d0/idle_timer with value 32
06-21 15:46:44.388  1308  1430 E ANDR-PERF-UTIL: 0
06-21 15:46:44.389  1308  1430 E ANDR-PERF-RESOURCEQS: Failed to reset optimization [10, 11]
06-21 15:46:44.392  1289  1506 I SDM     : HWDeviceDRM::SetupConcurrentWriteback: Tear down the Concurrent Writeback topology
06-21 15:46:44.392 18261 18293 I appium  : Caching 46 found elements
06-21 15:46:44.400  1289 20577 I SDM     : HWCSession::NotifyCWBStatus: Notify the client about buffer status 0.
06-21 15:46:44.400  1289 20577 I SDM     : HWCSession::PerformFenceWaits: Remove current release fence from the pending fence wait queue.
06-21 15:46:44.400  1289 20577 I SDM     : HWCSession::PerformFenceWaits: CWB fence queue is empty. No pending release fence to wait on.
06-21 15:46:44.401 18261 18293 I appium  : Cached 46 elements
06-21 15:46:44.402  2055  2055 D libsensor-displayalgo: the value of  brightness:438.000000,R:5839427.745025,G:5838004.606291,B:5844250.476950,EVENT_C:4373.500000,EVENT_R:1813.000000,EVENT_G:2114.000000,EVENT_B:891.000000
06-21 15:46:44.402  2055  2055 I libsensor-displayalgo: the value of  Coef1:1107.681000,Coef4:2.383000, scale1:0.935522, scale4:0.923264
06-21 15:46:44.402  2055  2055 E libsensor-displayalgo: RGB_black_white_scenario_0822!
06-21 15:46:44.402  2055  2055 I libsensor-displayalgo: the value of  RESULT187.441018,65.845872,100.816915,33.677715
06-21 15:46:44.402  2055  2055 I libsensor-displayalgo: the value of  getChannelDataCalibrated196.521674,60.985969,117.179922,36.756960
06-21 15:46:44.402  2055  2055 I libsensor-displayalgo: the value of  REAL LUX250.195358
06-21 15:46:44.402  2055  2055 I libsensor-displayalgo: the value of  CAL REAL LUX250.195358
06-21 15:46:44.402  2055  2055 I libsensor-ssccalapi: value of set_lux: 250.195358
06-21 15:46:44.405 18261 18293 I appium  : AppiumResponse: {"sessionId":"680c5a45-b174-477e-af7f-a20782774a69","value":[{"ELEMENT":"00000000-0000-022e-ffff-ffff00000eab","element-6066-11e4-a52e-4f735466cecf":"00000000-0000-022e-ffff-ffff00000eab"},{"ELEMENT":"00000000-0000-022e-ffff-ffff00000ecd","element-6066-11e4-a52e-4f735466cecf":"00000000-0000-022e-fff…
06-21 15:46:44.411 18549 19495 I CCodecBufferChannel: pipelineRoom(2) is <= numClientBuffers(3). Not signalling any more buffers to client
06-21 15:46:44.411 18549 20166 I CCodecBufferChannel: pipelineRoom(2) is <= numClientBuffers(2). Not signalling any more buffers to client
06-21 15:46:44.421 18261 18293 I appium  : channel read: POST /wd/hub/session/680c5a45-b174-477e-af7f-a20782774a69/element/00000000-0000-022e-ffff-ffff00000ecd/click
06-21 15:46:44.421 18261 18293 I appium  : Click command
06-21 15:46:44.441  2423  5956 D MIUIInput: Input event injection from pid 18246, MotionEvent: DOWN
06-21 15:46:44.443  2423  3213 D MIUIInput: [MotionEvent] publisher action=0x4, 74573386, channel 'f33ef00 NavigationBar0 (server)'
06-21 15:46:44.443  2423  3213 D MIUIInput: [MotionEvent] publisher action=0x0, 74573386, channel 'ec54e06 cn.missevan/cn.missevan.activity.MainActivity (server)'
06-21 15:46:44.449 18323 18323 D MIUIInput: [MotionEvent] ViewRootImpl windowName 'cn.missevan/cn.missevan.activity.MainActivity', { action=ACTION_DOWN, id[0]=0, pointerCount=1, eventTime=74573386, downTime=74573385, phoneEventTime=15:46:44.428 } moveCount:0
06-21 15:46:44.453  2423  5956 D MIUIInput: Input event injection from pid 18246, MotionEvent: UP
06-21 15:46:44.453  2423  3213 D MIUIInput: [MotionEvent] publisher action=0x1, 74573386, channel 'ec54e06 cn.missevan/cn.missevan.activity.MainActivity (server)'
06-21 15:46:44.462 18323 18323 D MIUIInput: [MotionEvent] ViewRootImpl windowName 'cn.missevan/cn.missevan.activity.MainActivity', { action=ACTION_UP, id[0]=0, pointerCount=1, eventTime=74573386, downTime=74573385, phoneEventTime=15:46:44.429 } moveCount:0
06-21 15:46:44.468 18323 18323 I HandWritingStubImpl: isKeyboardTypeChanged: false
06-21 15:46:44.468 18323 18323 I HandWritingStubImpl: isKeyboardTypeChanged: false
06-21 15:46:44.483 18261 18293 I appium  : Waiting up to 100ms for the device to idle
06-21 15:46:44.503  1335  1335 D SRE     : sensorCallback mDisplayId = 0 dataCallback value=< 250.1950, 260.9316, 438.0000>,time=76726245999559, sensor=5, temperature(K)= 260.9316
06-21 15:46:44.503  1335  1335 D SRE     : setSREStrength mDisplayId = 0, mLastLux = 225, lux = 250, mSREEnabled = 1, mLastFreezeStatus = 0, freeze = 0
06-21 15:46:44.527 18549 19495 I CCodecBufferChannel: pipelineRoom(2) is <= numClientBuffers(3). Not signalling any more buffers to client
06-21 15:46:44.527 18549 20166 I CCodecBufferChannel: pipelineRoom(2) is <= numClientBuffers(2). Not signalling any more buffers to client
06-21 15:46:44.600  1308  1430 E ANDR-PERF-UTIL: Failed to update node /sys/class/kgsl/kgsl-3d0/idle_timer with value 32
06-21 15:46:44.600  1308  1430 E ANDR-PERF-UTIL: 0
06-21 15:46:44.600  1308  1430 E ANDR-PERF-RESOURCEQS: Failed to reset optimization [10, 11]
06-21 15:46:44.651 18549 19495 I CCodecBufferChannel: pipelineRoom(2) is <= numClientBuffers(3). Not signalling any more buffers to client
06-21 15:46:44.652 18549 20166 I CCodecBufferChannel: pipelineRoom(2) is <= numClientBuffers(2). Not signalling any more buffers to client
06-21 15:46:44.655 18549 19495 I CCodecBufferChannel: pipelineRoom(2) is <= numClientBuffers(3). Not signalling any more buffers to client
06-21 15:46:44.656 18549 20166 I CCodecBufferChannel: pipelineRoom(2) is <= numClientBuffers(2). Not signalling any more buffers to client
06-21 15:46:44.689  1289  2256 I vendor.qti.hardware.display.composer-service: FrameNotifyProcess Sensor: notify citsensorservice to trigger cwb
06-21 15:46:44.690  2055  2055 I libcitsensorservice@2.0-impl: msg_transfer
06-21 15:46:44.690  2055  3319 D vendor.xiaomi.sensor.citsensorservice@2.0-service: handle id:11 wxh:1280x2400 uwxuh:1080x2400 size: 9216000 fd:15 fd_meta:16 flags:0x4000228 usage:0x33  format:0x3 layer_count: 1
06-21 15:46:44.691  1289  1864 I SDM     : HWCSession::SetCWBOutputBuffer: CWB config passed by cwb_client : tappoint 1  CWB_ROI : (829.000000 4.000000 915.000000 90.000000)
06-21 15:46:44.692  1289 20580 I SDM     : HWCSession::ProcessRequests: Successfully configured CWB buffer.
06-21 15:46:44.698  1308  1430 E ANDR-PERF-UTIL: Failed to update node /sys/class/kgsl/kgsl-3d0/idle_timer with value 32
06-21 15:46:44.698  1308  1430 E ANDR-PERF-UTIL: 0
06-21 15:46:44.698  1308  1430 E ANDR-PERF-RESOURCEQS: Failed to reset optimization [10, 11]
06-21 15:46:44.699  1289 20580 I SDM     : HWCSession::ProcessRequests: Pushing release fence in fenece wait queue.
06-21 15:46:44.699  1289 20580 I SDM     : HWCSession::ProcessRequests: Creating AsyncFenceWaits async thread.
06-21 15:46:44.700  1289 20580 I SDM     : HWCSession::ProcessRequests: Remove current CWB request from the pending request queue.
06-21 15:46:44.700  1289 20580 I SDM     : HWCSession::ProcessRequests: No pending cwb requests found in the queue.
06-21 15:46:44.703  2055  3327 D libsensor-displayalgo: the value of  brightness:438.000000,R:5839427.745025,G:5838004.606291,B:5844250.476950,EVENT_C:4371.000000,EVENT_R:1813.000000,EVENT_G:2112.500000,EVENT_B:890.000000
06-21 15:46:44.703  2055  3327 I libsensor-displayalgo: the value of  Coef1:1107.681000,Coef4:2.383000, scale1:0.935522, scale4:0.923264
06-21 15:46:44.703  2055  3327 E libsensor-displayalgo: RGB_black_white_scenario_0822!
06-21 15:46:44.703  2055  3327 I libsensor-displayalgo: the value of  RESULT187.441018,65.845872,100.816915,33.677715
06-21 15:46:44.703  2055  3327 I libsensor-displayalgo: the value of  getChannelDataCalibrated196.521674,60.985969,117.179922,36.756960
06-21 15:46:44.703  2055  3327 I libsensor-displayalgo: the value of  REAL LUX250.031921
06-21 15:46:44.703  2055  3327 I libsensor-displayalgo: the value of  CAL REAL LUX250.031921
06-21 15:46:44.706  1289  1506 I SDM     : HWDeviceDRM::SetupConcurrentWriteback: Tear down the Concurrent Writeback topology
06-21 15:46:44.713  1289 20581 I SDM     : HWCSession::NotifyCWBStatus: Notify the client about buffer status 0.
06-21 15:46:44.713  1289 20581 I SDM     : HWCSession::PerformFenceWaits: Remove current release fence from the pending fence wait queue.
06-21 15:46:44.713  1289 20581 I SDM     : HWCSession::PerformFenceWaits: CWB fence queue is empty. No pending release fence to wait on.
06-21 15:46:44.801  1308  1430 E ANDR-PERF-UTIL: Failed to update node /sys/class/kgsl/kgsl-3d0/idle_timer with value 32
06-21 15:46:44.801  1308  1430 E ANDR-PERF-UTIL: 0
06-21 15:46:44.801  1308  1430 E ANDR-PERF-RESOURCEQS: Failed to reset optimization [10, 11]
06-21 15:46:44.854 18549 19495 I CCodecBufferChannel: pipelineRoom(2) is <= numClientBuffers(2). Not signalling any more buffers to client
06-21 15:46:44.899  1308  1430 E ANDR-PERF-UTIL: Failed to update node /sys/class/kgsl/kgsl-3d0/idle_timer with value 32
06-21 15:46:44.899  1308  1430 E ANDR-PERF-UTIL: 0
06-21 15:46:44.899  1308  1430 E ANDR-PERF-RESOURCEQS: Failed to reset optimization [10, 11]
06-21 15:46:44.968 18549 19495 I CCodecBufferChannel: pipelineRoom(1) is <= numClientBuffers(2). Not signalling any more buffers to client
06-21 15:46:44.969 18549 20166 I CCodecBufferChannel: pipelineRoom(1) is <= numClientBuffers(1). Not signalling any more buffers to client
06-21 15:46:44.971 18261 18293 W QueryController: Could not detect idle state.
06-21 15:46:44.973 18549 19495 I CCodecBufferChannel: pipelineRoom(2) is <= numClientBuffers(2). Not signalling any more buffers to client
06-21 15:46:44.973 18261 18293 I appium  : AppiumResponse: {"sessionId":"680c5a45-b174-477e-af7f-a20782774a69","value":null}
06-21 15:46:44.975 18549 19495 I CCodecBufferChannel: pipelineRoom(1) is <= numClientBuffers(2). Not signalling any more buffers to client
06-21 15:46:44.977 18549 20166 I CCodecBufferChannel: pipelineRoom(1) is <= numClientBuffers(1). Not signalling any more buffers to client
06-21 15:46:44.993 18261 18293 I appium  : channel read: POST /wd/hub/session/680c5a45-b174-477e-af7f-a20782774a69/element
06-21 15:46:44.993 18261 18293 I appium  : FindElement command
06-21 15:46:44.995  1289  2256 I vendor.qti.hardware.display.composer-service: FrameNotifyProcess Sensor: notify citsensorservice to trigger cwb
06-21 15:46:44.995  2055  2055 I libcitsensorservice@2.0-impl: msg_transfer
06-21 15:46:44.995  2055  3319 D vendor.xiaomi.sensor.citsensorservice@2.0-service: handle id:11 wxh:1280x2400 uwxuh:1080x2400 size: 9216000 fd:15 fd_meta:16 flags:0x4000228 usage:0x33  format:0x3 layer_count: 1
06-21 15:46:44.996  1289  1864 I SDM     : HWCSession::SetCWBOutputBuffer: CWB config passed by cwb_client : tappoint 1  CWB_ROI : (829.000000 4.000000 915.000000 90.000000)
06-21 15:46:44.997 18261 18293 I appium  : method: 'id', selector: 'cn.missevan:id/send'
06-21 15:46:44.997 18261 18293 I appium  : Waiting up to 100ms for the device to idle
06-21 15:46:44.998  1289 20585 I SDM     : HWCSession::ProcessRequests: Successfully configured CWB buffer.
06-21 15:46:45.004  2055  3327 D libsensor-displayalgo: the value of  brightness:438.000000,R:5839427.745025,G:5838004.606291,B:5844250.476950,EVENT_C:4373.500000,EVENT_R:1813.500000,EVENT_G:2114.500000,EVENT_B:889.500000
06-21 15:46:45.004  2055  3327 I libsensor-displayalgo: the value of  Coef1:1107.681000,Coef4:2.383000, scale1:0.935522, scale4:0.923264
06-21 15:46:45.004  2055  3327 E libsensor-displayalgo: RGB_black_white_scenario_0822!
06-21 15:46:45.004  2055  3327 I libsensor-displayalgo: the value of  RESULT187.441018,65.845872,100.816915,33.677715
06-21 15:46:45.004  2055  3327 I libsensor-displayalgo: the value of  getChannelDataCalibrated196.521674,60.985969,117.179922,36.756960
