06-19 15:52:11.874  2018  3127 E libsensor-displayalgo: RGB_test_0407_400_oldzy!
06-19 15:52:11.874  2018  3127 I libsensor-displayalgo: the value of  RESULT3116.697536,1231.266004,1510.266625,565.233393
06-19 15:52:11.874  2018  3127 I libsensor-displayalgo: the value of  getChannelDataCalibrated3267.687221,1140.389644,1755.389210,616.914213
06-19 15:52:11.874  2018  3127 I libsensor-displayalgo: the value of  REAL LUX160.957031
06-19 15:52:11.874  2018  3127 I libsensor-displayalgo: the value of  CAL REAL LUX160.957031
06-19 15:52:12.001  1265  2358 I vendor.qti.hardware.display.composer-service: FrameNotifyProcess Sensor: notify citsensorservice to trigger cwb
06-19 15:52:12.001  2018  2108 I libcitsensorservice@2.0-impl: msg_transfer
06-19 15:52:12.003  2018  3098 D vendor.xiaomi.sensor.citsensorservice@2.0-service: handle id:9 wxh:1280x2400 uwxuh:1080x2400 size: 9216000 fd:15 fd_meta:16 flags:0x4000228 usage:0x33  format:0x3 layer_count: 1
06-19 15:52:12.003  1265  1889 I SDM     : HWCSession::SetCWBOutputBuffer: CWB config passed by cwb_client : tappoint 1  CWB_ROI : (829.000000 4.000000 915.000000 90.000000)
06-19 15:52:12.004  1265  7695 I SDM     : HWCSession::ProcessRequests: Successfully configured CWB buffer.
06-19 15:52:12.008  2431  2939 D MIUIInput: [MotionEvent] notifyMotion - eventTime=354116609094000, deviceId=8, source=0x1002, policyFlags=0x0, action=0x0, flags=0x0, downTime=354116609094000, moveCount:0
06-19 15:52:12.009  2431  2938 D MIUIInput: [MotionEvent] publisher action=0x0, 354116609, channel '88d892c GestureStubHome (server)'
06-19 15:52:12.013  2431  2939 D MIUIInput: [MotionEvent] notifyMotion - eventTime=354116613314000, deviceId=8, source=0x1002, policyFlags=0x0, action=0x1, flags=0x0, downTime=354116609094000, moveCount:0
06-19 15:52:12.013  2431  2938 D MIUIInput: [MotionEvent] publisher action=0x1, 354116613, channel '88d892c GestureStubHome (server)'
06-19 15:52:12.013  1265  7695 I SDM     : HWCSession::ProcessRequests: Pushing release fence in fenece wait queue.
06-19 15:52:12.013  1265  7695 I SDM     : HWCSession::ProcessRequests: Creating AsyncFenceWaits async thread.
06-19 15:52:12.013  1265  7695 I SDM     : HWCSession::ProcessRequests: Remove current CWB request from the pending request queue.
06-19 15:52:12.014  1265  7695 I SDM     : HWCSession::ProcessRequests: No pending cwb requests found in the queue.
06-19 15:52:12.014  4258  4258 D MIUIInput: [MotionEvent] ViewRootImpl windowName 'GestureStubHome', { action=ACTION_DOWN, id[0]=0, pointerCount=1, eventTime=354116609, downTime=354116609, phoneEventTime=15:52:12.009 } moveCount:0
06-19 15:52:12.014  4258  4258 D NavStubView: onTouchEvent: action=0, count=1
06-19 15:52:12.015  4258  4258 D NavStubView: onTouch ACTION_DOWN sendMessageDelayed MSG_CHECK_GESTURE_STUB_TOUCHABLE
06-19 15:52:12.016  4258  4258 D MIUIInput: [MotionEvent] ViewRootImpl windowName 'GestureStubHome', { action=ACTION_UP, id[0]=0, pointerCount=1, eventTime=354116613, downTime=354116609, phoneEventTime=15:52:12.013 } moveCount:0
06-19 15:52:12.017  4258  4258 D NavStubView: onTouchEvent: action=1, count=1
06-19 15:52:12.017  1265  1584 I SDM     : HWDeviceDRM::SetupConcurrentWriteback: Tear down the Concurrent Writeback topology
06-19 15:52:12.017  4258  4258 D NavStubView: currTime - mDownTime < MSG_CHECK_GESTURE_STUB_TOUCHABLE_TIMEOUT updateViewLayout UnTouchable, diffX:0.0 diffY:0.0
06-19 15:52:12.017  4258  4258 D NavStubView: ACTION_UP: mIsGestureStarted: false
06-19 15:52:12.017  4258  4258 D NavStubView: handleMessage MSG_SET_GESTURE_STUB_UNTOUCHABLE
06-19 15:52:12.017  4258  4258 D NavStubView_Touch: disableTouch    old=false   new=true
06-19 15:52:12.017  4258  4258 D NavStubView_Touch: updateTouchable    old=false   new=true
06-19 15:52:12.017  4258  4258 D NavStubView_Touch:   updateTouchable---requestApplyInsets
06-19 15:52:12.018  4258  4258 D NavStubView: onPointEvent: rawX=1000.4   rawY=2339.6   action=1   mIsInFsMode=false
06-19 15:52:12.020  2431  3462 D SchedBoost: startBoostInternal 2000
06-19 15:52:12.020  2431  3462 D SchedBoost: ready to boost
06-19 15:52:12.021  4258  4258 W NavStubView_Touch: onComputeInternalInsets  bounds=Rect(0, 0 - 1080, 68)   mHideGestureLine=false   mIsShowNavBar=true   mKeepHidden=false   mDisableTouch=true   mUseEmptyTouchableRegion=true
06-19 15:52:12.021  4258  4258 W NavStubView_Touch:   onComputeInternalInsets  empty
06-19 15:52:12.022  2431  3462 D SchedBoost: startBoostInternal 2000
06-19 15:52:12.022  2431  3462 D SchedBoost: ready to boost
06-19 15:52:12.023  2431  3462 D SchedBoost: startBoostInternal 2000
06-19 15:52:12.022  1280  1420 E ANDR-PERF-OPTSHANDLER: checkAlreadySetCpuset: fopen failed, errno Permission denied, trying pgid as pid to check
06-19 15:52:12.023  2431  3462 D SchedBoost: ready to boost
06-19 15:52:12.023  2431  3462 D SchedBoost: startBoostInternal 2000
06-19 15:52:12.023  2431  3462 D SchedBoost: ready to boost
06-19 15:52:12.024  2431  3462 D SchedBoost: startBoostInternal 2000
06-19 15:52:12.024  2431  3462 D SchedBoost: ready to boost
06-19 15:52:12.024  2431  3462 D SchedBoost: startBoostInternal 2000
06-19 15:52:12.024  2431  3462 D SchedBoost: ready to boost
06-19 15:52:12.026  1265  7696 I SDM     : HWCSession::NotifyCWBStatus: Notify the client about buffer status 0.
06-19 15:52:12.026  1265  7696 I SDM     : HWCSession::PerformFenceWaits: Remove current release fence from the pending fence wait queue.
06-19 15:52:12.027  1265  7696 I SDM     : HWCSession::PerformFenceWaits: CWB fence queue is empty. No pending release fence to wait on.
06-19 15:52:12.078  4258  4258 D NavStubView: injectMotionEvent action :0 downX: 1000.4 downY: 2339.6 flags:2359296
06-19 15:52:12.079  2431  4484 D MIUIInput: Input event injection from pid 4258, MotionEvent: DOWN
06-19 15:52:12.079  4258  4258 D NavStubView: injectMotionEvent action :1 downX: 1000.4 downY: 2339.6 flags:2359296
06-19 15:52:12.079  2431  2938 D MIUIInput: [MotionEvent] publisher action=0x4, 354116609, channel '7c87e50 NavigationBar0 (server)'
06-19 15:52:12.079  2431  2938 D MIUIInput: [MotionEvent] publisher action=0x0, 354116609, channel '64c0390 cn.missevan/cn.missevan.activity.MainActivity (server)'
06-19 15:52:12.080  2431  5696 D MIUIInput: Input event injection from pid 4258, MotionEvent: UP
06-19 15:52:12.080  2431  2938 D MIUIInput: [MotionEvent] publisher action=0x1, 354116609, channel '64c0390 cn.missevan/cn.missevan.activity.MainActivity (server)'
06-19 15:52:12.080  2769  2769 D MIUIInput: [MotionEvent] ViewRootImpl windowName 'cn.missevan/cn.missevan.activity.MainActivity', { action=ACTION_DOWN, id[0]=0, pointerCount=1, eventTime=354116609, downTime=354116609, phoneEventTime=15:52:12.009 } moveCount:0
06-19 15:52:12.081  2769  2769 D MIUIInput: [MotionEvent] ViewRootImpl windowName 'cn.missevan/cn.missevan.activity.MainActivity', { action=ACTION_UP, id[0]=0, pointerCount=1, eventTime=354116609, downTime=354116609, phoneEventTime=15:52:12.009 } moveCount:0
06-19 15:52:12.174  2018  3127 D libsensor-displayalgo: the value of  brightness:438.000000,R:74639659.936520,G:74757809.984825,B:74695989.632311,EVENT_C:5815.000000,EVENT_R:2157.500000,EVENT_G:3010.500000,EVENT_B:1170.500000
06-19 15:52:12.174  2018  3127 I libsensor-displayalgo: the value of  Coef1:1107.681000,Coef4:2.383000, scale1:0.935522, scale4:0.923264
06-19 15:52:12.174  2018  3127 E libsensor-displayalgo: RGB_test_0407_400_oldzy!
06-19 15:52:12.175  2018  3127 I libsensor-displayalgo: the value of  RESULT3046.542378,1203.064213,1478.956112,552.014898
06-19 15:52:12.175  2018  3127 I libsensor-displayalgo: the value of  getChannelDataCalibrated3194.133368,1114.269349,1718.996869,602.487115
06-19 15:52:12.175  2018  3127 I libsensor-displayalgo: the value of  REAL LUX158.255844
06-19 15:52:12.175  2018  3127 I libsensor-displayalgo: the value of  CAL REAL LUX158.255844
06-19 15:52:12.303  1265  2358 I vendor.qti.hardware.display.composer-service: FrameNotifyProcess Sensor: notify citsensorservice to trigger cwb
06-19 15:52:12.304  2018  3874 I libcitsensorservice@2.0-impl: msg_transfer
06-19 15:52:12.304  2018  3098 D vendor.xiaomi.sensor.citsensorservice@2.0-service: handle id:9 wxh:1280x2400 uwxuh:1080x2400 size: 9216000 fd:15 fd_meta:16 flags:0x4000228 usage:0x33  format:0x3 layer_count: 1
06-19 15:52:12.304  1265  1889 I SDM     : HWCSession::SetCWBOutputBuffer: CWB config passed by cwb_client : tappoint 1  CWB_ROI : (829.000000 4.000000 915.000000 90.000000)
06-19 15:52:12.307  1265  7698 I SDM     : HWCSession::ProcessRequests: Successfully configured CWB buffer.
06-19 15:52:12.316  1265  7698 I SDM     : HWCSession::ProcessRequests: Pushing release fence in fenece wait queue.
06-19 15:52:12.316  1265  7698 I SDM     : HWCSession::ProcessRequests: Creating AsyncFenceWaits async thread.
06-19 15:52:12.316  1265  7698 I SDM     : HWCSession::ProcessRequests: Remove current CWB request from the pending request queue.
06-19 15:52:12.316  1265  7698 I SDM     : HWCSession::ProcessRequests: No pending cwb requests found in the queue.
06-19 15:52:12.320  1265  1584 I SDM     : HWDeviceDRM::SetupConcurrentWriteback: Tear down the Concurrent Writeback topology
06-19 15:52:12.330  1265  7699 I SDM     : HWCSession::NotifyCWBStatus: Notify the client about buffer status 0.
06-19 15:52:12.332  1265  7699 I SDM     : HWCSession::PerformFenceWaits: Remove current release fence from the pending fence wait queue.
06-19 15:52:12.332  1265  7699 I SDM     : HWCSession::PerformFenceWaits: CWB fence queue is empty. No pending release fence to wait on.
06-19 15:52:12.418  4258  4258 D NavStubView_Touch: disableTouch    old=true   new=false
06-19 15:52:12.418  4258  4258 D NavStubView_Touch: updateTouchable    old=true   new=false
06-19 15:52:12.418  4258  4258 D NavStubView_Touch:   updateTouchable---requestApplyInsets
06-19 15:52:12.418  4258  4258 D NavStubView: handleMessage MSG_RESET_GESTURE_STUB_TOUCHABLE
06-19 15:52:12.423  4258  4258 W NavStubView_Touch: onComputeInternalInsets  bounds=Rect(0, 0 - 1080, 68)   mHideGestureLine=false   mIsShowNavBar=true   mKeepHidden=false   mDisableTouch=false   mUseEmptyTouchableRegion=false
06-19 15:52:12.423  4258  4258 W NavStubView_Touch:   onComputeInternalInsets  region=SkRegion((0,0,1080,68))
06-19 15:52:12.459  5809  5023 I SafeBinderCall: onPositionChange binder cost:0
06-19 15:52:12.459  4233  4233 D MiPlayDetailViewModel: onPositionChange(): position = 140482
06-19 15:52:12.473  2018  3127 D libsensor-displayalgo: the value of  brightness:438.000000,R:74639659.936520,G:74757809.984825,B:74695989.632311,EVENT_C:5823.500000,EVENT_R:2162.000000,EVENT_G:3015.500000,EVENT_B:1171.000000
06-19 15:52:12.474  2018  3127 I libsensor-displayalgo: the value of  Coef1:1107.681000,Coef4:2.383000, scale1:0.935522, scale4:0.923264
06-19 15:52:12.474  2018  3127 E libsensor-displayalgo: RGB_test_0407_400_oldzy!
06-19 15:52:12.474  2018  3127 I libsensor-displayalgo: the value of  RESULT3046.542378,1203.064213,1478.956112,552.014898
06-19 15:52:12.474  2018  3127 I libsensor-displayalgo: the value of  getChannelDataCalibrated3194.133368,1114.269349,1718.996869,602.487115
06-19 15:52:12.474  2018  3127 I libsensor-displayalgo: the value of  REAL LUX158.872971
06-19 15:52:12.474  2018  3127 I libsensor-displayalgo: the value of  CAL REAL LUX158.872971
06-19 15:52:12.649  1265  2358 I vendor.qti.hardware.display.composer-service: FrameNotifyProcess Sensor: notify citsensorservice to trigger cwb
06-19 15:52:12.650  2018  3874 I libcitsensorservice@2.0-impl: msg_transfer
06-19 15:52:12.650  2018  3098 D vendor.xiaomi.sensor.citsensorservice@2.0-service: handle id:9 wxh:1280x2400 uwxuh:1080x2400 size: 9216000 fd:15 fd_meta:16 flags:0x4000228 usage:0x33  format:0x3 layer_count: 1
06-19 15:52:12.650  1265  1889 I SDM     : HWCSession::SetCWBOutputBuffer: CWB config passed by cwb_client : tappoint 1  CWB_ROI : (829.000000 4.000000 915.000000 90.000000)
06-19 15:52:12.653  1265  7700 I SDM     : HWCSession::ProcessRequests: Successfully configured CWB buffer.
06-19 15:52:12.662  1265  7700 I SDM     : HWCSession::ProcessRequests: Pushing release fence in fenece wait queue.
06-19 15:52:12.662  1265  7700 I SDM     : HWCSession::ProcessRequests: Creating AsyncFenceWaits async thread.
06-19 15:52:12.662  1265  7700 I SDM     : HWCSession::ProcessRequests: Remove current CWB request from the pending request queue.
06-19 15:52:12.662  1265  7700 I SDM     : HWCSession::ProcessRequests: No pending cwb requests found in the queue.
06-19 15:52:12.665  1265  1584 I SDM     : HWDeviceDRM::SetupConcurrentWriteback: Tear down the Concurrent Writeback topology
06-19 15:52:12.676  1265  7701 I SDM     : HWCSession::NotifyCWBStatus: Notify the client about buffer status 0.
06-19 15:52:12.676  1265  7701 I SDM     : HWCSession::PerformFenceWaits: Remove current release fence from the pending fence wait queue.
06-19 15:52:12.676  1265  7701 I SDM     : HWCSession::PerformFenceWaits: CWB fence queue is empty. No pending release fence to wait on.
06-19 15:52:12.774  2018  3127 D libsensor-displayalgo: the value of  brightness:438.000000,R:74639659.936520,G:74757809.984825,B:74695989.632311,EVENT_C:5660.000000,EVENT_R:2105.500000,EVENT_G:2925.000000,EVENT_B:1139.000000
06-19 15:52:12.774  2018  3127 I libsensor-displayalgo: the value of  Coef1:1107.681000,Coef4:2.383000, scale1:0.935522, scale4:0.923264
06-19 15:52:12.774  2018  3127 E libsensor-displayalgo: RGB_test_0407_400_oldzy!
06-19 15:52:12.775  2018  3127 I libsensor-displayalgo: the value of  RESULT3046.542378,1203.064213,1478.956112,552.014898
06-19 15:52:12.775  2018  3127 I libsensor-displayalgo: the value of  getChannelDataCalibrated3194.133368,1114.269349,1718.996869,602.487115
06-19 15:52:12.775  2018  3127 I libsensor-displayalgo: the value of  REAL LUX147.945908
06-19 15:52:12.775  2018  3127 I libsensor-displayalgo: the value of  CAL REAL LUX147.945908
06-19 15:52:12.962  1265  2358 I vendor.qti.hardware.display.composer-service: FrameNotifyProcess Sensor: notify citsensorservice to trigger cwb
06-19 15:52:12.963  2018  2108 I libcitsensorservice@2.0-impl: msg_transfer
06-19 15:52:12.963  2018  3098 D vendor.xiaomi.sensor.citsensorservice@2.0-service: handle id:9 wxh:1280x2400 uwxuh:1080x2400 size: 9216000 fd:15 fd_meta:16 flags:0x4000228 usage:0x33  format:0x3 layer_count: 1
06-19 15:52:12.963  1265  1889 I SDM     : HWCSession::SetCWBOutputBuffer: CWB config passed by cwb_client : tappoint 1  CWB_ROI : (829.000000 4.000000 915.000000 90.000000)
06-19 15:52:12.966  1265  7704 I SDM     : HWCSession::ProcessRequests: Successfully configured CWB buffer.
06-19 15:52:12.974  1265  7704 I SDM     : HWCSession::ProcessRequests: Pushing release fence in fenece wait queue.
06-19 15:52:12.974  1265  7704 I SDM     : HWCSession::ProcessRequests: Creating AsyncFenceWaits async thread.
06-19 15:52:12.974  1265  7704 I SDM     : HWCSession::ProcessRequests: Remove current CWB request from the pending request queue.
06-19 15:52:12.974  1265  7704 I SDM     : HWCSession::ProcessRequests: No pending cwb requests found in the queue.
06-19 15:52:12.978  1265  1584 I SDM     : HWDeviceDRM::SetupConcurrentWriteback: Tear down the Concurrent Writeback topology
06-19 15:52:12.988  1265  7705 I SDM     : HWCSession::NotifyCWBStatus: Notify the client about buffer status 0.
06-19 15:52:12.989  1265  7705 I SDM     : HWCSession::PerformFenceWaits: Remove current release fence from the pending fence wait queue.
06-19 15:52:12.989  1265  7705 I SDM     : HWCSession::PerformFenceWaits: CWB fence queue is empty. No pending release fence to wait on.
06-19 15:52:13.074  2018  3127 D libsensor-displayalgo: the value of  brightness:438.000000,R:74639659.936520,G:74757809.984825,B:74695989.632311,EVENT_C:5388.000000,EVENT_R:2014.500000,EVENT_G:2786.000000,EVENT_B:1085.000000
06-19 15:52:13.074  2018  3127 I libsensor-displayalgo: the value of  Coef1:1107.681000,Coef4:2.383000, scale1:0.935522, scale4:0.923264
06-19 15:52:13.074  2018  3127 E libsensor-displayalgo: RGB_test_0407_400_oldzy!
06-19 15:52:13.075  2018  3127 I libsensor-displayalgo: the value of  RESULT3046.542378,1203.064213,1478.956112,552.014898
06-19 15:52:13.075  2018  3127 I libsensor-displayalgo: the value of  getChannelDataCalibrated3194.133368,1114.269349,1718.996869,602.487115
06-19 15:52:13.075  2018  3127 I libsensor-displayalgo: the value of  REAL LUX130.242645
06-19 15:52:13.075  2018  3127 I libsensor-displayalgo: the value of  CAL REAL LUX130.242645
06-19 15:52:13.141  2431  2939 D MIUIInput: [MotionEvent] notifyMotion - eventTime=354117741279000, deviceId=8, source=0x1002, policyFlags=0x0, action=0x0, flags=0x0, downTime=354117741279000, moveCount:0
06-19 15:52:13.141  2431  2938 D MIUIInput: [MotionEvent] publisher action=0x4, 354117741, channel '7c87e50 NavigationBar0 (server)'
06-19 15:52:13.142  2431  2938 D MIUIInput: [MotionEvent] publisher action=0x0, 354117741, channel '64c0390 cn.missevan/cn.missevan.activity.MainActivity (server)'
06-19 15:52:13.144  2769  2769 D MIUIInput: [MotionEvent] ViewRootImpl windowName 'cn.missevan/cn.missevan.activity.MainActivity', { action=ACTION_DOWN, id[0]=0, pointerCount=1, eventTime=354117741, downTime=354117741, phoneEventTime=15:52:13.141 } moveCount:0
06-19 15:52:13.267  1265  2358 I vendor.qti.hardware.display.composer-service: FrameNotifyProcess Sensor: notify citsensorservice to trigger cwb
06-19 15:52:13.268  2018  2108 I libcitsensorservice@2.0-impl: msg_transfer
06-19 15:52:13.268  2018  3098 D vendor.xiaomi.sensor.citsensorservice@2.0-service: handle id:9 wxh:1280x2400 uwxuh:1080x2400 size: 9216000 fd:15 fd_meta:16 flags:0x4000228 usage:0x33  format:0x3 layer_count: 1
06-19 15:52:13.268  1265  1889 I SDM     : HWCSession::SetCWBOutputBuffer: CWB config passed by cwb_client : tappoint 1  CWB_ROI : (829.000000 4.000000 915.000000 90.000000)
06-19 15:52:13.271  1265  7707 I SDM     : HWCSession::ProcessRequests: Successfully configured CWB buffer.
06-19 15:52:13.274  2431  2939 D MIUIInput: [MotionEvent] notifyMotion - eventTime=354117874454000, deviceId=8, source=0x1002, policyFlags=0x0, action=0x1, flags=0x0, downTime=354117741279000, moveCount:0
06-19 15:52:13.274  2431  2938 D MIUIInput: [MotionEvent] publisher action=0x1, 354117874, channel '64c0390 cn.missevan/cn.missevan.activity.MainActivity (server)'
06-19 15:52:13.276  2769  2769 D MIUIInput: [MotionEvent] ViewRootImpl windowName 'cn.missevan/cn.missevan.activity.MainActivity', { action=ACTION_UP, id[0]=0, pointerCount=1, eventTime=354117874, downTime=354117741, phoneEventTime=15:52:13.273 } moveCount:0
06-19 15:52:13.277  2769  2769 E cn.missevan: No package ID ff found for ID 0xffffffff.
06-19 15:52:13.280  1265  7707 I SDM     : HWCSession::ProcessRequests: Pushing release fence in fenece wait queue.
06-19 15:52:13.280  1265  7707 I SDM     : HWCSession::ProcessRequests: Creating AsyncFenceWaits async thread.
06-19 15:52:13.280  1265  7707 I SDM     : HWCSession::ProcessRequests: Remove current CWB request from the pending request queue.
06-19 15:52:13.280  1265  7707 I SDM     : HWCSession::ProcessRequests: No pending cwb requests found in the queue.
06-19 15:52:13.283  1265  1584 I SDM     : HWDeviceDRM::SetupConcurrentWriteback: Tear down the Concurrent Writeback topology
06-19 15:52:13.293  1265  7708 I SDM     : HWCSession::NotifyCWBStatus: Notify the client about buffer status 0.
06-19 15:52:13.293  1265  7708 I SDM     : HWCSession::PerformFenceWaits: Remove current release fence from the pending fence wait queue.
06-19 15:52:13.293  1265  7708 I SDM     : HWCSession::PerformFenceWaits: CWB fence queue is empty. No pending release fence to wait on.
06-19 15:52:13.324  2769  3029 E Storages: [DefaultDispatcher-worker-4] getDirCompat error: DirType: 3, name: null, isSdCard: true.
06-19 15:52:13.374  2018  3127 D libsensor-displayalgo: the value of  brightness:438.000000,R:74639659.936520,G:74757809.984825,B:74695989.632311,EVENT_C:5353.500000,EVENT_R:2002.500000,EVENT_G:2768.500000,EVENT_B:1079.500000
06-19 15:52:13.374  2018  3127 I libsensor-displayalgo: the value of  Coef1:1107.681000,Coef4:2.383000, scale1:0.935522, scale4:0.923264
06-19 15:52:13.374  2018  3127 E libsensor-displayalgo: RGB_test_0407_400_oldzy!
06-19 15:52:13.375  2018  3127 I libsensor-displayalgo: the value of  RESULT3046.542378,1203.064213,1478.956112,552.014898
06-19 15:52:13.375  2018  3127 I libsensor-displayalgo: the value of  getChannelDataCalibrated3194.133368,1114.269349,1718.996869,602.487115
06-19 15:52:13.375  2018  3127 I libsensor-displayalgo: the value of  REAL LUX127.910789
06-19 15:52:13.375  2018  3127 I libsensor-displayalgo: the value of  CAL REAL LUX127.910789
06-19 15:52:13.375  2018  3127 I libsensor-ssccalapi: value of set_lux: 147.945908
06-19 15:52:13.460  4233  4233 D MiPlayDetailViewModel: onPositionChange(): position = 141482
06-19 15:52:13.460  5809  5023 I SafeBinderCall: onPositionChange binder cost:1
06-19 15:52:13.473  1309  1309 D SRE     : sensorCallback mDisplayId = 0 dataCallback value=< 147.9462, 332.9599, 438.0000>,time=449707073600982, sensor=5, temperature(K)= 332.9599
06-19 15:52:13.473  1309  1309 D SRE     : setSREStrength mDisplayId = 0, mLastLux = 165, lux = 147, mSREEnabled = 1, mLastFreezeStatus = 0, freeze = 0
06-19 15:52:13.571  1265  2358 I vendor.qti.hardware.display.composer-service: FrameNotifyProcess Sensor: notify citsensorservice to trigger cwb
06-19 15:52:13.572  2018  2108 I libcitsensorservice@2.0-impl: msg_transfer
06-19 15:52:13.572  2018  3098 D vendor.xiaomi.sensor.citsensorservice@2.0-service: handle id:9 wxh:1280x2400 uwxuh:1080x2400 size: 9216000 fd:15 fd_meta:16 flags:0x4000228 usage:0x33  format:0x3 layer_count: 1
06-19 15:52:13.572  1265  1889 I SDM     : HWCSession::SetCWBOutputBuffer: CWB config passed by cwb_client : tappoint 1  CWB_ROI : (829.000000 4.000000 915.000000 90.000000)
06-19 15:52:13.575  1265  7709 I SDM     : HWCSession::ProcessRequests: Successfully configured CWB buffer.
06-19 15:52:13.584  1265  7709 I SDM     : HWCSession::ProcessRequests: Pushing release fence in fenece wait queue.
06-19 15:52:13.584  1265  7709 I SDM     : HWCSession::ProcessRequests: Creating AsyncFenceWaits async thread.
06-19 15:52:13.585  1265  7709 I SDM     : HWCSession::ProcessRequests: Remove current CWB request from the pending request queue.
06-19 15:52:13.585  1265  7709 I SDM     : HWCSession::ProcessRequests: No pending cwb requests found in the queue.
06-19 15:52:13.588  1265  1584 I SDM     : HWDeviceDRM::SetupConcurrentWriteback: Tear down the Concurrent Writeback topology
06-19 15:52:13.598  1265  7710 I SDM     : HWCSession::NotifyCWBStatus: Notify the client about buffer status 0.
06-19 15:52:13.600  1265  7710 I SDM     : HWCSession::PerformFenceWaits: Remove current release fence from the pending fence wait queue.
06-19 15:52:13.600  1265  7710 I SDM     : HWCSession::PerformFenceWaits: CWB fence queue is empty. No pending release fence to wait on.
06-19 15:52:13.673  2018  3127 D libsensor-displayalgo: the value of  brightness:438.000000,R:77296384.557271,G:77297133.237939,B:77313059.061408,EVENT_C:5819.500000,EVENT_R:2158.000000,EVENT_G:3012.000000,EVENT_B:1172.000000
06-19 15:52:13.673  2018  3127 I libsensor-displayalgo: the value of  Coef1:1107.681000,Coef4:2.383000, scale1:0.935522, scale4:0.923264
06-19 15:52:13.673  2018  3127 E libsensor-displayalgo: RGB_test_0407_400_oldzy!
06-19 15:52:13.674  2018  3127 I libsensor-displayalgo: the value of  RESULT3116.697536,1231.266004,1510.266625,565.233393
06-19 15:52:13.674  2018  3127 I libsensor-displayalgo: the value of  getChannelDataCalibrated3267.687221,1140.389644,1755.389210,616.914213
06-19 15:52:13.674  2018  3127 I libsensor-displayalgo: the value of  REAL LUX153.810852
06-19 15:52:13.674  2018  3127 I libsensor-displayalgo: the value of  CAL REAL LUX153.810852
06-19 15:52:13.710 24537 24546 I atcher:autofil: This is non sticky GC, maxfree is 8388608 minfree is 2097152
06-19 15:52:13.757  5405  9716 D SLM-SRV-SLAService: checktemp temperature = 37769 temperature_average = 37746 isPerformanceMode = false thermal_enable_slm = true
06-19 15:52:13.803  1265  2358 I vendor.qti.hardware.display.composer-service: FrameNotifyProcess Sensor: notify citsensorservice to trigger cwb
06-19 15:52:13.804  2018  2108 I libcitsensorservice@2.0-impl: msg_transfer
06-19 15:52:13.804  2018  3098 D vendor.xiaomi.sensor.citsensorservice@2.0-service: handle id:9 wxh:1280x2400 uwxuh:1080x2400 size: 9216000 fd:15 fd_meta:16 flags:0x4000228 usage:0x33  format:0x3 layer_count: 1
06-19 15:52:13.805  1265  1889 I SDM     : HWCSession::SetCWBOutputBuffer: CWB config passed by cwb_client : tappoint 1  CWB_ROI : (829.000000 4.000000 915.000000 90.000000)
06-19 15:52:13.805  1265  7711 I SDM     : HWCSession::ProcessRequests: Successfully configured CWB buffer.
06-19 15:52:13.814  1265  7711 I SDM     : HWCSession::ProcessRequests: Pushing release fence in fenece wait queue.
06-19 15:52:13.814  1265  7711 I SDM     : HWCSession::ProcessRequests: Creating AsyncFenceWaits async thread.
06-19 15:52:13.815  1265  7711 I SDM     : HWCSession::ProcessRequests: Remove current CWB request from the pending request queue.
06-19 15:52:13.815  1265  7711 I SDM     : HWCSession::ProcessRequests: No pending cwb requests found in the queue.
06-19 15:52:13.818  1265  1584 I SDM     : HWDeviceDRM::SetupConcurrentWriteback: Tear down the Concurrent Writeback topology
06-19 15:52:13.828  1265  7713 I SDM     : HWCSession::NotifyCWBStatus: Notify the client about buffer status 0.
06-19 15:52:13.828  1265  7713 I SDM     : HWCSession::PerformFenceWaits: Remove current release fence from the pending fence wait queue.
06-19 15:52:13.828  1265  7713 I SDM     : HWCSession::PerformFenceWaits: CWB fence queue is empty. No pending release fence to wait on.
06-19 15:52:13.832  1930  1967 I mstatdaemon: Entering time loop
06-19 15:52:13.832  1930  1967 I mstatdaemon: t = 1687161133
06-19 15:52:13.832  1930  1967 I mstatdaemon: translated_t = 1371171133
06-19 15:52:13.832  1930  1967 I mstat_log: mstatcommitLog log_alloc() failed
06-19 15:52:13.931  2431  2939 D MIUIInput: [MotionEvent] notifyMotion - eventTime=354118531570000, deviceId=8, source=0x1002, policyFlags=0x0, action=0x0, flags=0x0, downTime=354118531570000, moveCount:0
06-19 15:52:13.932  2431  2938 D MIUIInput: [MotionEvent] publisher action=0x4, 354118531, channel '7c87e50 NavigationBar0 (server)'
06-19 15:52:13.932  2431  2938 D MIUIInput: [MotionEvent] publisher action=0x0, 354118531, channel '64c0390 cn.missevan/cn.missevan.activity.MainActivity (server)'
06-19 15:52:13.934  2769  2769 D MIUIInput: [MotionEvent] ViewRootImpl windowName 'cn.missevan/cn.missevan.activity.MainActivity', { action=ACTION_DOWN, id[0]=0, pointerCount=1, eventTime=354118531, downTime=354118531, phoneEventTime=15:52:13.930 } moveCount:0
06-19 15:52:13.952  2431  2635 D PerfImpl: perfGetWorkLoadType
06-19 15:52:13.953  2431  2635 D PerfImpl: perfScrollBoost: cn.missevan, -1, 4
06-19 15:52:13.953  2431  2635 D PerfImpl: perfGetWorkLoadType
06-19 15:52:13.954  2431  2635 D PerfImpl: perfDragBoost: cn.missevan, -1, 1
06-19 15:52:13.973  2018  3127 D libsensor-displayalgo: the value of  brightness:438.000000,R:77296384.557271,G:77297133.237939,B:77313059.061408,EVENT_C:5894.500000,EVENT_R:2181.500000,EVENT_G:3051.500000,EVENT_B:1185.500000
06-19 15:52:13.973  2018  3127 I libsensor-displayalgo: the value of  Coef1:1107.681000,Coef4:2.383000, scale1:0.935522, scale4:0.923264
06-19 15:52:13.973  2018  3127 E libsensor-displayalgo: RGB_test_0407_400_oldzy!
06-19 15:52:13.973  2018  3127 I libsensor-displayalgo: the value of  RESULT3116.697536,1231.266004,1510.266625,565.233393
06-19 15:52:13.973  2018  3127 I libsensor-displayalgo: the value of  getChannelDataCalibrated3267.687221,1140.389644,1755.389210,616.914213
06-19 15:52:13.973  2018  3127 I libsensor-displayalgo: the value of  REAL LUX158.918549
06-19 15:52:13.973  2018  3127 I libsensor-displayalgo: the value of  CAL REAL LUX158.918549
06-19 15:52:13.975  1265  2358 I vendor.qti.hardware.display.composer-service: FrameNotifyProcess Sensor: notify citsensorservice to trigger cwb
06-19 15:52:13.975  2018  2108 I libcitsensorservice@2.0-impl: msg_transfer
06-19 15:52:13.976  2018  3098 D vendor.xiaomi.sensor.citsensorservice@2.0-service: handle id:9 wxh:1280x2400 uwxuh:1080x2400 size: 9216000 fd:15 fd_meta:16 flags:0x4000228 usage:0x33  format:0x3 layer_count: 1
06-19 15:52:13.978  1265  1887 I SDM     : HWCSession::SetCWBOutputBuffer: CWB config passed by cwb_client : tappoint 1  CWB_ROI : (829.000000 4.000000 915.000000 90.000000)
06-19 15:52:13.978  1265  7717 I SDM     : HWCSession::ProcessRequests: Successfully configured CWB buffer.
06-19 15:52:13.987  1265  7717 I SDM     : HWCSession::ProcessRequests: Pushing release fence in fenece wait queue.
06-19 15:52:13.987  1265  7717 I SDM     : HWCSession::ProcessRequests: Creating AsyncFenceWaits async thread.
06-19 15:52:13.988  1265  7717 I SDM     : HWCSession::ProcessRequests: Remove current CWB request from the pending request queue.
06-19 15:52:13.988  1265  7717 I SDM     : HWCSession::ProcessRequests: No pending cwb requests found in the queue.
06-19 15:52:13.994  1265  1584 I SDM     : HWDeviceDRM::SetupConcurrentWriteback: Tear down the Concurrent Writeback topology
06-19 15:52:14.001  1265  7721 I SDM     : HWCSession::NotifyCWBStatus: Notify the client about buffer status 0.
06-19 15:52:14.002  1265  7721 I SDM     : HWCSession::PerformFenceWaits: Remove current release fence from the pending fence wait queue.
06-19 15:52:14.002  1265  7721 I SDM     : HWCSession::PerformFenceWaits: CWB fence queue is empty. No pending release fence to wait on.
06-19 15:52:14.023  2431  3462 D SchedBoost: stopBoostInternal:
06-19 15:52:14.023  2431  3462 D SchedBoost: ready to stop boost
06-19 15:52:14.024  1280  1420 E ANDR-PERF-OPTSHANDLER: checkAlreadySetCpuset: fopen failed, errno Permission denied, trying pgid as pid to check
06-19 15:52:14.024  2431  3462 D SchedBoost: stopBoostInternal:
06-19 15:52:14.024  2431  3462 D SchedBoost: ready to stop boost
06-19 15:52:14.110  2431  2939 D MIUIInput: [MotionEvent] notifyMotion - eventTime=354118711080000, deviceId=8, source=0x1002, policyFlags=0x0, action=0x1, flags=0x0, downTime=354118531570000, moveCount:40
06-19 15:52:14.111  2431  2938 D MIUIInput: [MotionEvent] publisher action=0x1, 354118711, channel '64c0390 cn.missevan/cn.missevan.activity.MainActivity (server)'
06-19 15:52:14.113  2769  2769 D MIUIInput: [MotionEvent] ViewRootImpl windowName 'cn.missevan/cn.missevan.activity.MainActivity', { action=ACTION_UP, id[0]=0, pointerCount=1, eventTime=354118711, downTime=354118531, phoneEventTime=15:52:14.111 } moveCount:21
06-19 15:52:14.113  2431  2635 D PerfImpl: perfGetWorkLoadType
06-19 15:52:14.113  2769  2769 E cn.missevan: No package ID ff found for ID 0xffffffff.
06-19 15:52:14.113  2431  2635 D PerfImpl: perfScrollBoost: cn.missevan, 998, 1
06-19 15:52:14.115  2431  2635 D PerfImpl: perfGetWorkLoadType
06-19 15:52:14.116  2431  2635 D PerfImpl: perfScrollBoost: cn.missevan, -1, 4
06-19 15:52:14.116  2431  2635 D PerfImpl: perfGetWorkLoadType
06-19 15:52:14.117  2431  2635 D PerfImpl: perfLockRelease
06-19 15:52:14.119  3053  4080 D AudioTrack: [audioTrackData][fine] 5s(f:5038 m:1363 s:406 k:0) : pid 3053 uid 10494 sessionId 1529 sr 44100 ch 2 fmt 1
06-19 15:52:14.274  2018  3127 D libsensor-displayalgo: the value of  brightness:438.000000,R:77296384.557271,G:77297133.237939,B:77313059.061408,EVENT_C:5895.000000,EVENT_R:2183.000000,EVENT_G:3053.000000,EVENT_B:1186.500000
06-19 15:52:14.274  2018  3127 I libsensor-displayalgo: the value of  Coef1:1107.681000,Coef4:2.383000, scale1:0.935522, scale4:0.923264
06-19 15:52:14.274  2018  3127 E libsensor-displayalgo: RGB_test_0407_400_oldzy!
06-19 15:52:14.274  2018  3127 I libsensor-displayalgo: the value of  RESULT3116.697536,1231.266004,1510.266625,565.233393
06-19 15:52:14.274  2018  3127 I libsensor-displayalgo: the value of  getChannelDataCalibrated3267.687221,1140.389644,1755.389210,616.914213
06-19 15:52:14.274  2018  3127 I libsensor-displayalgo: the value of  REAL LUX158.884308
06-19 15:52:14.274  2018  3127 I libsensor-displayalgo: the value of  CAL REAL LUX158.884308
06-19 15:52:14.279  1265  2358 I vendor.qti.hardware.display.composer-service: FrameNotifyProcess Sensor: notify citsensorservice to trigger cwb
06-19 15:52:14.279  2018  2108 I libcitsensorservice@2.0-impl: msg_transfer
06-19 15:52:14.280  2018  3098 D vendor.xiaomi.sensor.citsensorservice@2.0-service: handle id:9 wxh:1280x2400 uwxuh:1080x2400 size: 9216000 fd:15 fd_meta:16 flags:0x4000228 usage:0x33  format:0x3 layer_count: 1
06-19 15:52:14.280  1265  1887 I SDM     : HWCSession::SetCWBOutputBuffer: CWB config passed by cwb_client : tappoint 1  CWB_ROI : (829.000000 4.000000 915.000000 90.000000)
06-19 15:52:14.283  1265  7724 I SDM     : HWCSession::ProcessRequests: Successfully configured CWB buffer.
06-19 15:52:14.299  1265  7724 I SDM     : HWCSession::ProcessRequests: Pushing release fence in fenece wait queue.
06-19 15:52:14.299  1265  7724 I SDM     : HWCSession::ProcessRequests: Creating AsyncFenceWaits async thread.
06-19 15:52:14.299  1265  7724 I SDM     : HWCSession::ProcessRequests: Remove current CWB request from the pending request queue.
06-19 15:52:14.299  1265  7724 I SDM     : HWCSession::ProcessRequests: No pending cwb requests found in the queue.
06-19 15:52:14.304  1265  1584 I SDM     : HWDeviceDRM::SetupConcurrentWriteback: Tear down the Concurrent Writeback topology
06-19 15:52:14.309  1265  7725 I SDM     : HWCSession::NotifyCWBStatus: Notify the client about buffer status 0.
06-19 15:52:14.309  1265  7725 I SDM     : HWCSession::PerformFenceWaits: Remove current release fence from the pending fence wait queue.
06-19 15:52:14.309  1265  7725 I SDM     : HWCSession::PerformFenceWaits: CWB fence queue is empty. No pending release fence to wait on.
06-19 15:52:14.459  5809  5023 I SafeBinderCall: onPositionChange binder cost:0
06-19 15:52:14.459  4233  4233 D MiPlayDetailViewModel: onPositionChange(): position = 142482
06-19 15:52:14.573  2018  3127 D libsensor-displayalgo: the value of  brightness:438.000000,R:77296384.557271,G:77297133.237939,B:77313059.061408,EVENT_C:5890.500000,EVENT_R:2181.000000,EVENT_G:3050.000000,EVENT_B:1187.000000
06-19 15:52:14.573  2018  3127 I libsensor-displayalgo: the value of  Coef1:1107.681000,Coef4:2.383000, scale1:0.935522, scale4:0.923264
06-19 15:52:14.573  2018  3127 E libsensor-displayalgo: RGB_test_0407_400_oldzy!
06-19 15:52:14.574  2018  3127 I libsensor-displayalgo: the value of  RESULT3116.697536,1231.266004,1510.266625,565.233393
06-19 15:52:14.574  2018  3127 I libsensor-displayalgo: the value of  getChannelDataCalibrated3267.687221,1140.389644,1755.389210,616.914213
06-19 15:52:14.574  2018  3127 I libsensor-displayalgo: the value of  REAL LUX158.464996
06-19 15:52:14.574  2018  3127 I libsensor-displayalgo: the value of  CAL REAL LUX158.464996
06-19 15:52:14.584  1265  2358 I vendor.qti.hardware.display.composer-service: FrameNotifyProcess Sensor: notify citsensorservice to trigger cwb
06-19 15:52:14.584  2018  2108 I libcitsensorservice@2.0-impl: msg_transfer
06-19 15:52:14.584  2018  3098 D vendor.xiaomi.sensor.citsensorservice@2.0-service: handle id:9 wxh:1280x2400 uwxuh:1080x2400 size: 9216000 fd:15 fd_meta:16 flags:0x4000228 usage:0x33  format:0x3 layer_count: 1
06-19 15:52:14.584  1265  1887 I SDM     : HWCSession::SetCWBOutputBuffer: CWB config passed by cwb_client : tappoint 1  CWB_ROI : (829.000000 4.000000 915.000000 90.000000)
06-19 15:52:14.587  1265  7726 I SDM     : HWCSession::ProcessRequests: Successfully configured CWB buffer.
06-19 15:52:14.595  1265  7726 I SDM     : HWCSession::ProcessRequests: Pushing release fence in fenece wait queue.
06-19 15:52:14.596  1265  7726 I SDM     : HWCSession::ProcessRequests: Creating AsyncFenceWaits async thread.
06-19 15:52:14.596  1265  7726 I SDM     : HWCSession::ProcessRequests: Remove current CWB request from the pending request queue.
06-19 15:52:14.596  1265  7726 I SDM     : HWCSession::ProcessRequests: No pending cwb requests found in the queue.
06-19 15:52:14.600  1265  1584 I SDM     : HWDeviceDRM::SetupConcurrentWriteback: Tear down the Concurrent Writeback topology
06-19 15:52:14.610  1265  7727 I SDM     : HWCSession::NotifyCWBStatus: Notify the client about buffer status 0.
06-19 15:52:14.610  1265  7727 I SDM     : HWCSession::PerformFenceWaits: Remove current release fence from the pending fence wait queue.
06-19 15:52:14.610  1265  7727 I SDM     : HWCSession::PerformFenceWaits: CWB fence queue is empty. No pending release fence to wait on.
06-19 15:52:14.763  2431  2939 D MIUIInput: [MotionEvent] notifyMotion - eventTime=354119363645000, deviceId=8, source=0x1002, policyFlags=0x0, action=0x0, flags=0x0, downTime=354119363645000, moveCount:0
06-19 15:52:14.764  2431  2938 D MIUIInput: [MotionEvent] publisher action=0x4, 354119363, channel '7c87e50 NavigationBar0 (server)'
06-19 15:52:14.764  2431  2938 D MIUIInput: [MotionEvent] publisher action=0x0, 354119363, channel '64c0390 cn.missevan/cn.missevan.activity.MainActivity (server)'
06-19 15:52:14.765  2769  2769 D MIUIInput: [MotionEvent] ViewRootImpl windowName 'cn.missevan/cn.missevan.activity.MainActivity', { action=ACTION_DOWN, id[0]=0, pointerCount=1, eventTime=354119363, downTime=354119363, phoneEventTime=15:52:14.763 } moveCount:0
06-19 15:52:14.838  2431  2939 D MIUIInput: [MotionEvent] notifyMotion - eventTime=354119438607000, deviceId=8, source=0x1002, policyFlags=0x0, action=0x1, flags=0x0, downTime=354119363645000, moveCount:0
06-19 15:52:14.839  2431  2938 D MIUIInput: [MotionEvent] publisher action=0x1, 354119438, channel '64c0390 cn.missevan/cn.missevan.activity.MainActivity (server)'
06-19 15:52:14.839  2769  2769 D MIUIInput: [MotionEvent] ViewRootImpl windowName 'cn.missevan/cn.missevan.activity.MainActivity', { action=ACTION_UP, id[0]=0, pointerCount=1, eventTime=354119438, downTime=354119363, phoneEventTime=15:52:14.838 } moveCount:0
06-19 15:52:14.873  2018  3127 D libsensor-displayalgo: the value of  brightness:438.000000,R:77296384.557271,G:77297133.237939,B:77313059.061408,EVENT_C:5908.000000,EVENT_R:2184.500000,EVENT_G:3058.000000,EVENT_B:1190.000000
06-19 15:52:14.874  2018  3127 I libsensor-displayalgo: the value of  Coef1:1107.681000,Coef4:2.383000, scale1:0.935522, scale4:0.923264
06-19 15:52:14.874  2018  3127 E libsensor-displayalgo: RGB_test_0407_400_oldzy!
06-19 15:52:14.874  2018  3127 I libsensor-displayalgo: the value of  RESULT3116.697536,1231.266004,1510.266625,565.233393
06-19 15:52:14.874  2018  3127 I libsensor-displayalgo: the value of  getChannelDataCalibrated3267.687221,1140.389644,1755.389210,616.914213
06-19 15:52:14.874  2018  3127 I libsensor-displayalgo: the value of  REAL LUX159.688400
06-19 15:52:14.874  2018  3127 I libsensor-displayalgo: the value of  CAL REAL LUX159.688400
06-19 15:52:14.888  1265  2358 I vendor.qti.hardware.display.composer-service: FrameNotifyProcess Sensor: notify citsensorservice to trigger cwb
06-19 15:52:14.888  2018  2108 I libcitsensorservice@2.0-impl: msg_transfer
06-19 15:52:14.889  2018  3098 D vendor.xiaomi.sensor.citsensorservice@2.0-service: handle id:9 wxh:1280x2400 uwxuh:1080x2400 size: 9216000 fd:15 fd_meta:16 flags:0x4000228 usage:0x33  format:0x3 layer_count: 1
06-19 15:52:14.889  1265  1887 I SDM     : HWCSession::SetCWBOutputBuffer: CWB config passed by cwb_client : tappoint 1  CWB_ROI : (829.000000 4.000000 915.000000 90.000000)
06-19 15:52:14.892  1265  7729 I SDM     : HWCSession::ProcessRequests: Successfully configured CWB buffer.
06-19 15:52:14.900  1265  7729 I SDM     : HWCSession::ProcessRequests: Pushing release fence in fenece wait queue.
06-19 15:52:14.900  1265  7729 I SDM     : HWCSession::ProcessRequests: Creating AsyncFenceWaits async thread.
06-19 15:52:14.900  1265  7729 I SDM     : HWCSession::ProcessRequests: Remove current CWB request from the pending request queue.
06-19 15:52:14.900  1265  7729 I SDM     : HWCSession::ProcessRequests: No pending cwb requests found in the queue.
06-19 15:52:14.905  1265  1584 I SDM     : HWDeviceDRM::SetupConcurrentWriteback: Tear down the Concurrent Writeback topology
06-19 15:52:14.914  1265  7730 I SDM     : HWCSession::NotifyCWBStatus: Notify the client about buffer status 0.
06-19 15:52:14.914  1265  7730 I SDM     : HWCSession::PerformFenceWaits: Remove current release fence from the pending fence wait queue.
06-19 15:52:14.914  1265  7730 I SDM     : HWCSession::PerformFenceWaits: CWB fence queue is empty. No pending release fence to wait on.
06-19 15:52:15.052  1280  5195 E ANDR-PERF-LM: SilkyScrolls: emptyContentDetection() 636: empty Content found
06-19 15:52:15.071  1265  2358 I vendor.qti.hardware.display.composer-service: FrameNotifyProcess Sensor: notify citsensorservice to trigger cwb
06-19 15:52:15.071  2018  2108 I libcitsensorservice@2.0-impl: msg_transfer
06-19 15:52:15.072  2018  3098 D vendor.xiaomi.sensor.citsensorservice@2.0-service: handle id:9 wxh:1280x2400 uwxuh:1080x2400 size: 9216000 fd:15 fd_meta:16 flags:0x4000228 usage:0x33  format:0x3 layer_count: 1
06-19 15:52:15.072  1265  1887 I SDM     : HWCSession::SetCWBOutputBuffer: CWB config passed by cwb_client : tappoint 1  CWB_ROI : (829.000000 4.000000 915.000000 90.000000)
06-19 15:52:15.074  1265  7731 I SDM     : HWCSession::ProcessRequests: Successfully configured CWB buffer.
06-19 15:52:15.081  1265  7731 I SDM     : HWCSession::ProcessRequests: Pushing release fence in fenece wait queue.
06-19 15:52:15.081  1265  7731 I SDM     : HWCSession::ProcessRequests: Creating AsyncFenceWaits async thread.
06-19 15:52:15.082  1265  7731 I SDM     : HWCSession::ProcessRequests: Remove current CWB request from the pending request queue.
06-19 15:52:15.082  1265  7731 I SDM     : HWCSession::ProcessRequests: No pending cwb requests found in the queue.
06-19 15:52:15.086  1265  1584 I SDM     : HWDeviceDRM::SetupConcurrentWriteback: Tear down the Concurrent Writeback topology
06-19 15:52:15.095  1265  7733 I SDM     : HWCSession::NotifyCWBStatus: Notify the client about buffer status 0.
06-19 15:52:15.096  1265  7733 I SDM     : HWCSession::PerformFenceWaits: Remove current release fence from the pending fence wait queue.
06-19 15:52:15.096  1265  7733 I SDM     : HWCSession::PerformFenceWaits: CWB fence queue is empty. No pending release fence to wait on.
06-19 15:52:15.174  2018  3127 D libsensor-displayalgo: the value of  brightness:438.000000,R:77296384.557271,G:77297133.237939,B:77313059.061408,EVENT_C:5916.500000,EVENT_R:2189.000000,EVENT_G:3064.500000,EVENT_B:1191.500000
06-19 15:52:15.175  2018  3127 I libsensor-displayalgo: the value of  Coef1:1107.681000,Coef4:2.383000, scale1:0.935522, scale4:0.923264
06-19 15:52:15.175  2018  3127 E libsensor-displayalgo: RGB_test_0407_400_oldzy!
06-19 15:52:15.176  2018  3127 I libsensor-displayalgo: the value of  RESULT3116.697536,1231.266004,1510.266625,565.233393
06-19 15:52:15.176  2018  3127 I libsensor-displayalgo: the value of  getChannelDataCalibrated3267.687221,1140.389644,1755.389210,616.914213
06-19 15:52:15.176  2018  3127 I libsensor-displayalgo: the value of  REAL LUX160.292526
06-19 15:52:15.176  2018  3127 I libsensor-displayalgo: the value of  CAL REAL LUX160.292526
06-19 15:52:15.178  2431  5696 I SmartPower.com.sohu.inputmethod.sogou.xiaomi:identifier/10132(29315): visible->invisible(6445ms) R(become invisible) adj=0.
06-19 15:52:15.179  2431  5696 I SmartPower.com.sohu.inputmethod.sogou.xiaomi:scrashly/10132(20363): visible->invisible(6446ms) R(become invisible) adj=999.
06-19 15:52:15.184  2431  5696 I WindowManagerService: Physical orientation applied, rotation=0 sfOrientation=ORIENTATION_0
06-19 15:52:15.185 13581 13581 E BaseInputMethodService: onComputeInsets
06-19 15:52:15.197  1265  2358 I vendor.qti.hardware.display.composer-service: FrameNotifyProcess Sensor: notify citsensorservice to trigger cwb
06-19 15:52:15.197  2018  3874 I libcitsensorservice@2.0-impl: msg_transfer
06-19 15:52:15.198  2018  3098 D vendor.xiaomi.sensor.citsensorservice@2.0-service: handle id:9 wxh:1280x2400 uwxuh:1080x2400 size: 9216000 fd:15 fd_meta:16 flags:0x4000228 usage:0x33  format:0x3 layer_count: 1
06-19 15:52:15.199  1265  1887 I SDM     : HWCSession::SetCWBOutputBuffer: CWB config passed by cwb_client : tappoint 1  CWB_ROI : (829.000000 4.000000 915.000000 90.000000)
06-19 15:52:15.200  1265  7735 I SDM     : HWCSession::ProcessRequests: Successfully configured CWB buffer.
06-19 15:52:15.206  1265  7735 I SDM     : HWCSession::ProcessRequests: Pushing release fence in fenece wait queue.
06-19 15:52:15.206  1265  7735 I SDM     : HWCSession::ProcessRequests: Creating AsyncFenceWaits async thread.
06-19 15:52:15.206  1265  7735 I SDM     : HWCSession::ProcessRequests: Remove current CWB request from the pending request queue.
06-19 15:52:15.207  1265  7735 I SDM     : HWCSession::ProcessRequests: No pending cwb requests found in the queue.
06-19 15:52:15.212  1265  1584 I SDM     : HWDeviceDRM::SetupConcurrentWriteback: Tear down the Concurrent Writeback topology
06-19 15:52:15.219  1265  7736 I SDM     : HWCSession::NotifyCWBStatus: Notify the client about buffer status 0.
06-19 15:52:15.219  1265  7736 I SDM     : HWCSession::PerformFenceWaits: Remove current release fence from the pending fence wait queue.
06-19 15:52:15.219  1265  7736 I SDM     : HWCSession::PerformFenceWaits: CWB fence queue is empty. No pending release fence to wait on.
06-19 15:52:15.362  1265  2358 I vendor.qti.hardware.display.composer-service: FrameNotifyProcess Sensor: notify citsensorservice to trigger cwb
06-19 15:52:15.363  2018  3874 I libcitsensorservice@2.0-impl: msg_transfer
06-19 15:52:15.363  2018  3098 D vendor.xiaomi.sensor.citsensorservice@2.0-service: handle id:9 wxh:1280x2400 uwxuh:1080x2400 size: 9216000 fd:15 fd_meta:16 flags:0x4000228 usage:0x33  format:0x3 layer_count: 1
06-19 15:52:15.364  1265  1887 I SDM     : HWCSession::SetCWBOutputBuffer: CWB config passed by cwb_client : tappoint 1  CWB_ROI : (829.000000 4.000000 915.000000 90.000000)
06-19 15:52:15.365  1265  7738 I SDM     : HWCSession::ProcessRequests: Successfully configured CWB buffer.
06-19 15:52:15.377  1265  7738 I SDM     : HWCSession::ProcessRequests: Pushing release fence in fenece wait queue.
06-19 15:52:15.377  1265  7738 I SDM     : HWCSession::ProcessRequests: Creating AsyncFenceWaits async thread.
06-19 15:52:15.378  1265  7738 I SDM     : HWCSession::ProcessRequests: Remove current CWB request from the pending request queue.
06-19 15:52:15.378  1265  7738 I SDM     : HWCSession::ProcessRequests: No pending cwb requests found in the queue.
06-19 15:52:15.383  1265  1584 I SDM     : HWDeviceDRM::SetupConcurrentWriteback: Tear down the Concurrent Writeback topology
06-19 15:52:15.392  1265  7741 I SDM     : HWCSession::NotifyCWBStatus: Notify the client about buffer status 0.
06-19 15:52:15.392  1265  7741 I SDM     : HWCSession::PerformFenceWaits: Remove current release fence from the pending fence wait queue.
06-19 15:52:15.392  1265  7741 I SDM     : HWCSession::PerformFenceWaits: CWB fence queue is empty. No pending release fence to wait on.
06-19 15:52:15.460  5809  5023 I SafeBinderCall: onPositionChange binder cost:0
06-19 15:52:15.460  4233  4233 D MiPlayDetailViewModel: onPositionChange(): position = 143483
06-19 15:52:15.474  2018  3127 D libsensor-displayalgo: the value of  brightness:438.000000,R:77296384.557271,G:77297133.237939,B:77313059.061408,EVENT_C:5914.500000,EVENT_R:2189.000000,EVENT_G:3065.000000,EVENT_B:1191.000000
06-19 15:52:15.474  2018  3127 I libsensor-displayalgo: the value of  Coef1:1107.681000,Coef4:2.383000, scale1:0.935522, scale4:0.923264
06-19 15:52:15.474  2018  3127 E libsensor-displayalgo: RGB_test_0407_400_oldzy!
06-19 15:52:15.474  2018  3127 I libsensor-displayalgo: the value of  RESULT3116.697536,1231.266004,1510.266625,565.233393
06-19 15:52:15.474  2018  3127 I libsensor-displayalgo: the value of  getChannelDataCalibrated3267.687221,1140.389644,1755.389210,616.914213
06-19 15:52:15.474  2018  3127 I libsensor-displayalgo: the value of  REAL LUX160.214752
06-19 15:52:15.474  2018  3127 I libsensor-displayalgo: the value of  CAL REAL LUX160.214752
06-19 15:52:15.571  2431  2939 D MIUIInput: [MotionEvent] notifyMotion - eventTime=354120171514000, deviceId=8, source=0x1002, policyFlags=0x0, action=0x0, flags=0x0, downTime=354120171514000, moveCount:0
06-19 15:52:15.572  2431  2938 D MIUIInput: [MotionEvent] publisher action=0x4, 354120171, channel '7c87e50 NavigationBar0 (server)'
06-19 15:52:15.572  2431  2938 D MIUIInput: [MotionEvent] publisher action=0x0, 354120171, channel '64c0390 cn.missevan/cn.missevan.activity.MainActivity (server)'
06-19 15:52:15.574  2769  2769 D MIUIInput: [MotionEvent] ViewRootImpl windowName 'cn.missevan/cn.missevan.activity.MainActivity', { action=ACTION_DOWN, id[0]=0, pointerCount=1, eventTime=354120171, downTime=354120171, phoneEventTime=15:52:15.571 } moveCount:0
06-19 15:52:15.624  2431  2939 D MIUIInput: [MotionEvent] notifyMotion - eventTime=354120224716000, deviceId=8, source=0x1002, policyFlags=0x0, action=0x1, flags=0x0, downTime=354120171514000, moveCount:0
06-19 15:52:15.625  2431  2938 D MIUIInput: [MotionEvent] publisher action=0x1, 354120224, channel '64c0390 cn.missevan/cn.missevan.activity.MainActivity (server)'
06-19 15:52:15.626  2769  2769 D MIUIInput: [MotionEvent] ViewRootImpl windowName 'cn.missevan/cn.missevan.activity.MainActivity', { action=ACTION_UP, id[0]=0, pointerCount=1, eventTime=354120224, downTime=354120171, phoneEventTime=15:52:15.623 } moveCount:0
06-19 15:52:15.637  2769  2769 D IS_CTS_MODE: true
