12-22 11:08:51.563  2475  5737 W ContextImpl: Calling a method in the system process without a qualified user: android.app.ContextImpl.sendBroadcastMultiplePermissions:1266 android.content.Context.sendBroadcastMultiplePermissions:2225 com.android.server.TelephonyRegistry.broadcastServiceStateChanged:2901 com.android.server.TelephonyRegistry.notifyServiceStateForPhoneId:1619 com.android.internal.telephony.ITelephonyRegistry$Stub.onTransact:455
12-22 11:08:51.566  1251  2448 I vendor.qti.hardware.display.composer-service: FrameNotifyProcess Sensor: notify citsensorservice to trigger cwb
12-22 11:08:51.566  2027  2096 I libcitsensorservice@2.0-impl: msg_transfer
12-22 11:08:51.566  2027  3266 D vendor.xiaomi.sensor.citsensorservice@2.0-service: handle id:10 wxh:1280x2400 uwxuh:1080x2400 size: 9216000 fd:15 fd_meta:16 flags:0x4000228 usage:0x33  format:0x3 layer_count: 1
12-22 11:08:51.566  1251  2216 I SDM     : HWCSession::SetCWBOutputBuffer: CWB config passed by cwb_client : tappoint 1  CWB_ROI : (829.000000 4.000000 915.000000 90.000000)
12-22 11:08:51.568  4496  4496 D KeyguardUpdateMonitor: received broadcast android.intent.action.SERVICE_STATE
12-22 11:08:51.568  4496  4496 V KeyguardUpdateMonitor: action android.intent.action.SERVICE_STATE serviceState={mVoiceRegState=0(IN_SERVICE), mDataRegState=0(IN_SERVICE), mChannelNumber=504990, duplexMode()=0, mCellBandwidths=[], mOperatorAlphaLong=CMCC, mOperatorAlphaShort=CMCC, isManualNetworkSelection=false(automatic), getRilVoiceRadioTechnology=20(NR_SA), getRilDataRadioTechnology=20(NR_SA), mCssIndicator=unsupported, mNetworkId=-1, mSystemId=-1, mCdmaRoamingIndicator=-1, mCdmaDefaultRoamingIndicator=-1, mIsEmergencyOnly=false, isUsingCarrierAggregation=false, mArfcnRsrpBoost=0, mNetworkRegistrationInfos=[NetworkRegistrationInfo{ domain=PS transportType=WLAN registrationState=NOT_REG_OR_SEARCHING roamingType=NOT_ROAMING accessNetworkTechnology=IWLAN rejectCause=0 emergencyEnabled=false availableServices=[] cellIdentity=null voiceSpecificInfo=null dataSpecificInfo=null nrState=**** rRplmn= isUsingCarrierAggregation=false}, NetworkRegistrationInfo{ domain=CS transportType=WWAN registrationState=HOME roamingType=NOT_ROAMING accessNetworkTechnology=NR rejectCause=0 emergencyEnabled=false availableServices=[VOICE,SMS,VIDEO] cellIdentity=CellIdentityNr:{ mPci = 26 mTac = 1448183 mNrArfcn = 504990 mBands = [28] mMcc = 460 mMnc = 00 mNci = 13258067969 mAlphaLong = CMCC mAlphaShort = CMCC mAdditionalPlmns = {} } voiceSpecificInfo=VoiceSpecificRegistrationInfo { mCssSupported=false mRoamingIndicator=0 mSystemIsInPrl=0 mDefaultRoamingIndicator=0} dataSpecificInfo=null nrState=**** rRplmn=46000 isUsingCarrierAggregation=false}, NetworkRegistrationInfo{ domain=PS transportType=WWAN registrationState=HOME roamingType=NOT_ROAMING accessNetworkTechnology=NR rejectCause=0 emergencyEnabled=false availableServices=[DATA] cellIdentity=CellIdentityNr:{ mPci = 26 mTac = 1448183 mNrArfcn = 504990 mBands = [28] mMcc = 460 mMnc = 00 mNci = 13258067969 mAlphaLong = CMCC mAlphaShort = CMCC mAdditionalPlmns = {} } voiceSpecificInfo=null dataSpecificInfo=android.telephony.DataSpecificRegistrationInfo :{ maxDataCalls = 16 isDcNrRestricted = false isNrAvailable = false isEnDcAvailable = false NrVopsSupportInfo :  mVopsSupport = 1 mEmcSupport = 0 mEmfSupport = 0 } nrState=**** rRplmn=46000 isUsingCarrierAggregation=false}], mNrFrequencyRange=0, mOperatorAlphaLongRaw=CMCC, mOperatorAlphaShortRaw=CMCC, mIsDataRoamingFromRegistration=false, mIsIwlanPreferred=false} subId=1
12-22 11:08:51.568  4496  4496 D KeyguardUpdateMonitor: handleServiceStateChange(subId=1, serviceState={mVoiceRegState=0(IN_SERVICE), mDataRegState=0(IN_SERVICE), mChannelNumber=504990, duplexMode()=0, mCellBandwidths=[], mOperatorAlphaLong=CMCC, mOperatorAlphaShort=CMCC, isManualNetworkSelection=false(automatic), getRilVoiceRadioTechnology=20(NR_SA), getRilDataRadioTechnology=20(NR_SA), mCssIndicator=unsupported, mNetworkId=-1, mSystemId=-1, mCdmaRoamingIndicator=-1, mCdmaDefaultRoamingIndicator=-1, mIsEmergencyOnly=false, isUsingCarrierAggregation=false, mArfcnRsrpBoost=0, mNetworkRegistrationInfos=[NetworkRegistrationInfo{ domain=PS transportType=WLAN registrationState=NOT_REG_OR_SEARCHING roamingType=NOT_ROAMING accessNetworkTechnology=IWLAN rejectCause=0 emergencyEnabled=false availableServices=[] cellIdentity=null voiceSpecificInfo=null dataSpecificInfo=null nrState=**** rRplmn= isUsingCarrierAggregation=false}, NetworkRegistrationInfo{ domain=CS transportType=WWAN registrationState=HOME roamingType=NOT_ROAMING accessNetworkTechnology=NR rejectCause=0 emergencyEnabled=false availableServices=[VOICE,SMS,VIDEO] cellIdentity=CellIdentityNr:{ mPci = 26 mTac = 1448183 mNrArfcn = 504990 mBands = [28] mMcc = 460 mMnc = 00 mNci = 13258067969 mAlphaLong = CMCC mAlphaShort = CMCC mAdditionalPlmns = {} } voiceSpecificInfo=VoiceSpecificRegistrationInfo { mCssSupported=false mRoamingIndicator=0 mSystemIsInPrl=0 mDefaultRoamingIndicator=0} dataSpecificInfo=null nrState=**** rRplmn=46000 isUsingCarrierAggregation=false}, NetworkRegistrationInfo{ domain=PS transportType=WWAN registrationState=HOME roamingType=NOT_ROAMING accessNetworkTechnology=NR rejectCause=0 emergencyEnabled=false availableServices=[DATA] cellIdentity=CellIdentityNr:{ mPci = 26 mTac = 1448183 mNrArfcn = 504990 mBands = [28] mMcc = 460 mMnc = 00 mNci = 13258067969 mAlphaLong = CMCC mAlphaShort = CMCC mAdditionalPlmns = {} } voiceSpecificInfo=null dataSpecificInfo=android.telephony.DataSpecificRegistrationInfo :{ maxDataCalls = 16 isDcNrRestricted = false isNrAvailable = false isEnDcAvailable = false NrVopsSupportInfo :  mVopsSupport = 1 mEmcSupport = 0 mEmfSupport = 0 } nrState=**** rRplmn=46000 isUsingCarrierAggregation=false}], mNrFrequencyRange=0, mOperatorAlphaLongRaw=CMCC, mOperatorAlphaShortRaw=CMCC, mIsDataRoamingFromRegistration=false, mIsIwlanPreferred=false}
12-22 11:08:51.568  4496  4496 D MiuiCarrierTextController: updateCarrierText: 中国移动
12-22 11:08:51.569  4425  4425 I ##XLogger##: #&^ADQXhKX36D6Vge5h7DNZquf9kjVL8Dr83BKJwZNu3gIBtsc2WBQErZd2jsfBdcw11DReQ2MKjtJxVPkzrP9htv2RlL9wHfIbw/W6yPVQH/EvsosHB5fV4YDhwNvdNzPGZPc+7XZf6FuuacT2vQhrdl1eWGTAmFdVhzR1uWY5xs4=!!lUmu3cVN2137Ok8uIJHgCtBNWAHEiSm1V0X/ImkrbuWaCDqCh5DIdtrHuQFnlAPrGDErK+DM0+IOHGxihI7WU0ICn/hQippDXUyfx+KRnr4q9Zo3XAPzkUhOJpNmlvK61lbATS26u8g+ulo6YJcoy0r9s6o/IsUWec6BUyG9afXTgk4IIxolO9qHmLq+jgvHQ5D4Sjp7FJ/4PfLDJgwy1Q==^&#
12-22 11:08:51.570  1251 26772 I SDM     : HWCSession::ProcessRequests: Successfully configured CWB buffer.
12-22 11:08:51.570 18831 18831 D AutoReg_RegistrationTracker: Try to register since ACTION_SERVICE_STATE_CHANGED
12-22 11:08:51.570  2475  2691 W BroadcastQueue: Appop Denial: receiving Intent { act=android.intent.action.SERVICE_STATE flg=0x1000010 (has extras) } to ProcessRecord{554f1fd 4425:com.xiaomi.finddevice/6110} (pid=4425, uid=6110) excludes appop android:read_phone_state due to sender android (uid 1001)
12-22 11:08:51.570  2475  2691 W BroadcastQueue: Appop Denial: receiving Intent { act=android.intent.action.SERVICE_STATE flg=0x1000010 (has extras) } to ProcessRecord{703b0f9 4496:com.android.systemui/1000} (pid=4496, uid=1000) excludes appop android:read_phone_state due to sender android (uid 1001)
12-22 11:08:51.570  2475  2691 W BroadcastQueue: Appop Denial: receiving Intent { act=android.intent.action.SERVICE_STATE flg=0x1000010 (has extras) } to ProcessRecord{a5b8e01 9660:com.android.phone/1001} (pid=9660, uid=1001) excludes appop android:read_phone_state due to sender android (uid 1001)
12-22 11:08:51.570  2475  5737 W ContextImpl: Calling a method in the system process without a qualified user: android.app.ContextImpl.sendBroadcastMultiplePermissions:1266 android.content.Context.sendBroadcastMultiplePermissions:2225 com.android.server.TelephonyRegistry.broadcastServiceStateChanged:2908 com.android.server.TelephonyRegistry.notifyServiceStateForPhoneId:1619 com.android.internal.telephony.ITelephonyRegistry$Stub.onTransact:455
12-22 11:08:51.570  2475  2691 W BroadcastQueue: Appop Denial: receiving Intent { act=android.intent.action.SERVICE_STATE flg=0x1000010 (has extras) } to ProcessRecord{a5b8e01 9660:com.android.phone/1001} (pid=9660, uid=1001) excludes appop android:read_phone_state due to sender android (uid 1001)
12-22 11:08:51.570  2475  2691 W BroadcastQueue: Appop Denial: receiving Intent { act=android.intent.action.SERVICE_STATE flg=0x1000010 (has extras) } to ProcessRecord{a5b8e01 9660:com.android.phone/1001} (pid=9660, uid=1001) excludes appop android:read_phone_state due to sender android (uid 1001)
12-22 11:08:51.570  2475  2691 W BroadcastQueue: Appop Denial: receiving Intent { act=android.intent.action.SERVICE_STATE flg=0x1000010 (has extras) } to ProcessRecord{a5b8e01 9660:com.android.phone/1001} (pid=9660, uid=1001) excludes appop android:read_phone_state due to sender android (uid 1001)
12-22 11:08:51.570  2475  2691 W BroadcastQueue: Appop Denial: receiving Intent { act=android.intent.action.SERVICE_STATE flg=0x1000010 (has extras) } to ProcessRecord{6c0b19e 18831:com.qualcomm.qti.autoregistration/1001} (pid=18831, uid=1001) excludes appop android:read_phone_state due to sender android (uid 1001)
12-22 11:08:51.571  2475  2691 W BroadcastQueue: Appop Denial: receiving Intent { act=android.intent.action.SERVICE_STATE flg=0x1000010 (has extras) } to ProcessRecord{554f1fd 4425:com.xiaomi.finddevice/6110} (pid=4425, uid=6110) excludes appop android:fine_location due to sender android (uid 1001)
12-22 11:08:51.571  2475  2691 W BroadcastQueue: Appop Denial: receiving Intent { act=android.intent.action.SERVICE_STATE flg=0x1000010 (has extras) } to ProcessRecord{703b0f9 4496:com.android.systemui/1000} (pid=4496, uid=1000) excludes appop android:fine_location due to sender android (uid 1001)
12-22 11:08:51.571  2475  2691 W BroadcastQueue: Appop Denial: receiving Intent { act=android.intent.action.SERVICE_STATE flg=0x1000010 (has extras) } to ProcessRecord{a5b8e01 9660:com.android.phone/1001} (pid=9660, uid=1001) excludes appop android:fine_location due to sender android (uid 1001)
12-22 11:08:51.571  2475  5737 W ContextImpl: Calling a method in the system process without a qualified user: android.app.ContextImpl.sendBroadcastMultiplePermissions:1266 android.content.Context.sendBroadcastMultiplePermissions:2225 com.android.server.TelephonyRegistry.broadcastServiceStateChanged:2912 com.android.server.TelephonyRegistry.notifyServiceStateForPhoneId:1619 com.android.internal.telephony.ITelephonyRegistry$Stub.onTransact:455
12-22 11:08:51.571  2475  2691 W BroadcastQueue: Appop Denial: receiving Intent { act=android.intent.action.SERVICE_STATE flg=0x1000010 (has extras) } to ProcessRecord{a5b8e01 9660:com.android.phone/1001} (pid=9660, uid=1001) excludes appop android:fine_location due to sender android (uid 1001)
12-22 11:08:51.571  2475  2691 W BroadcastQueue: Appop Denial: receiving Intent { act=android.intent.action.SERVICE_STATE flg=0x1000010 (has extras) } to ProcessRecord{a5b8e01 9660:com.android.phone/1001} (pid=9660, uid=1001) excludes appop android:fine_location due to sender android (uid 1001)
12-22 11:08:51.572  2475  2691 W BroadcastQueue: Appop Denial: receiving Intent { act=android.intent.action.SERVICE_STATE flg=0x1000010 (has extras) } to ProcessRecord{a5b8e01 9660:com.android.phone/1001} (pid=9660, uid=1001) excludes appop android:fine_location due to sender android (uid 1001)
12-22 11:08:51.572  2475  2691 W BroadcastQueue: Appop Denial: receiving Intent { act=android.intent.action.SERVICE_STATE flg=0x1000010 (has extras) } to ProcessRecord{6c0b19e 18831:com.qualcomm.qti.autoregistration/1001} (pid=18831, uid=1001) excludes appop android:fine_location due to sender android (uid 1001)
12-22 11:08:51.573  9660  9660 D ServiceStateProvider: subId=1
12-22 11:08:51.573  9660 10477 D NetworkMetricsController: processServiceStateChangeEvent phoneId=0
12-22 11:08:51.573  9660 10477 D NetworkMetricsController: newRat:20,oldRat:20,mIsFeatureEnable:true,isDds:true,mIsHighSpeedTrain:false
12-22 11:08:51.576  2475  2691 W BroadcastQueue: Appop Denial: receiving Intent { act=android.intent.action.SERVICE_STATE flg=0x1000010 (has extras) } to ProcessRecord{554f1fd 4425:com.xiaomi.finddevice/6110} (pid=4425, uid=6110) excludes appop android:read_phone_state due to sender android (uid 1001)
12-22 11:08:51.576  2475  2691 W BroadcastQueue: Appop Denial: receiving Intent { act=android.intent.action.SERVICE_STATE flg=0x1000010 (has extras) } to ProcessRecord{703b0f9 4496:com.android.systemui/1000} (pid=4496, uid=1000) excludes appop android:read_phone_state due to sender android (uid 1001)
12-22 11:08:51.576  2475  2691 W BroadcastQueue: Appop Denial: receiving Intent { act=android.intent.action.SERVICE_STATE flg=0x1000010 (has extras) } to ProcessRecord{a5b8e01 9660:com.android.phone/1001} (pid=9660, uid=1001) excludes appop android:read_phone_state due to sender android (uid 1001)
12-22 11:08:51.576  2475  2691 W BroadcastQueue: Appop Denial: receiving Intent { act=android.intent.action.SERVICE_STATE flg=0x1000010 (has extras) } to ProcessRecord{a5b8e01 9660:com.android.phone/1001} (pid=9660, uid=1001) excludes appop android:read_phone_state due to sender android (uid 1001)
12-22 11:08:51.576  2475  2691 W BroadcastQueue: Appop Denial: receiving Intent { act=android.intent.action.SERVICE_STATE flg=0x1000010 (has extras) } to ProcessRecord{a5b8e01 9660:com.android.phone/1001} (pid=9660, uid=1001) excludes appop android:read_phone_state due to sender android (uid 1001)
12-22 11:08:51.576  2475  2691 W BroadcastQueue: Appop Denial: receiving Intent { act=android.intent.action.SERVICE_STATE flg=0x1000010 (has extras) } to ProcessRecord{a5b8e01 9660:com.android.phone/1001} (pid=9660, uid=1001) excludes appop android:read_phone_state due to sender android (uid 1001)
12-22 11:08:51.576  2475  2691 W BroadcastQueue: Appop Denial: receiving Intent { act=android.intent.action.SERVICE_STATE flg=0x1000010 (has extras) } to ProcessRecord{6c0b19e 18831:com.qualcomm.qti.autoregistration/1001} (pid=18831, uid=1001) excludes appop android:read_phone_state due to sender android (uid 1001)
12-22 11:08:51.577  1251 26772 I SDM     : HWCSession::ProcessRequests: Pushing release fence in fenece wait queue.
12-22 11:08:51.577  1251 26772 I SDM     : HWCSession::ProcessRequests: Creating AsyncFenceWaits async thread.
12-22 11:08:51.580  1251 26772 I SDM     : HWCSession::ProcessRequests: Remove current CWB request from the pending request queue.
12-22 11:08:51.580  1251 26772 I SDM     : HWCSession::ProcessRequests: No pending cwb requests found in the queue.
12-22 11:08:51.582  1251  1467 I SDM     : HWDeviceDRM::SetupConcurrentWriteback: Tear down the Concurrent Writeback topology
12-22 11:08:51.586  9660  9660 I Telephony: isRttCurrentlySupported -- regular acct, hasVoiceAvailability: true
12-22 11:08:51.586  9660  9660 I Telephony:  isRttSupported: false
12-22 11:08:51.586  9660  9660 I Telephony:  alwaysAllowWhileRoaming: false
12-22 11:08:51.586  9660  9660 I Telephony:  isRoaming: false
12-22 11:08:51.586  9660  9660 I Telephony:  isOnWfc: false
12-22 11:08:51.586  9660 10477 D NetworkMetricsController: getTopAppName packageName =cn.missevan
12-22 11:08:51.586  9660 10477 D NetworkMetricsController: topAppName:cn.missevan
12-22 11:08:51.586  9660 10477 D NetworkMetricsController: Will reset LTE-NR PingPong info due to: no white list
12-22 11:08:51.586  9660  9660 D Telephony: Ss changed, mIsEmergencyOnly=false,slotId=0
12-22 11:08:51.587  9660  9660 D FiveGPowerController: android.intent.action.SERVICE_STATE
12-22 11:08:51.592  1251 26773 I SDM     : HWCSession::NotifyCWBStatus: Notify the client about buffer status 0.
12-22 11:08:51.593  1251 26773 I SDM     : HWCSession::PerformFenceWaits: Remove current release fence from the pending fence wait queue.
12-22 11:08:51.593  1251 26773 I SDM     : HWCSession::PerformFenceWaits: CWB fence queue is empty. No pending release fence to wait on.
12-22 11:08:51.608 26710 26732 I TSMClient: EntranceManager com.miui.tsmclient init: 218
12-22 11:08:51.610 26710 26710 V         : serviceTask:com.miui.tsmclientsdk.c$c-0-1671678531509 onServiceConnected, component:ComponentInfo{com.miui.tsmclient/com.miui.tsmclient.service.MiTsmService}
12-22 11:08:51.615  4409  9042 I QImsService: ImsRadioIndicationAidl : onServiceDomainChanged()[SUB0]
12-22 11:08:51.615  4409  9042 I QImsService: ImsSenderRxr : [UNSL]< UNSOL_SERVICE_DOMAIN_CHANGED 2[SUB0]
12-22 11:08:51.616 26710 26754 D TSMClient: match, use system signature com.android.nfc 7B6DC7079C34739CE81159719FB5EB61D2A03225
12-22 11:08:51.618  4409  4409 I QImsService: ImsRegistrationController : Message received: what = 5
12-22 11:08:51.618  4409  4409 I QImsService: ImsRegistrationController : handleSrvDomainChanged
12-22 11:08:51.622 26710 26754 I TSMClient: cardInfo.mCardDevice:com.miui.tsmclient
12-22 11:08:51.626  4371  5435 W IWlanNetworkService: 1780 > Response Processed
12-22 11:08:51.631 26710 26754 D         : serviceTask:com.miui.tsmclientsdk.c$c-0-1671678531509 unbind service with synchronized
12-22 11:08:51.635 26710 26754 D TSMClient: setAlias alias = 27**
12-22 11:08:51.641 26710 26754 D TSMClient: setAlias alias = 47**
12-22 11:08:51.649 26710 26754 W XMPush-26710: [Tid:65] cmd:accept-time, 4KgZ1
12-22 11:08:51.655  4496  4496 D ControlCenterExpandController: handleAnimFinish
12-22 11:08:51.655  4496  4496 V ControlCenterWindowViewImpl: lifecycle state changed from STARTED to RESUMED, called by ControlCenterExpandController
12-22 11:08:51.655  4496  4496 D ControlCenterWindowViewImpl: lifecycle changed to ON_RESUME RESUMED
12-22 11:08:51.655  4496  4496 D ControlCenterWindowViewController: lifecycle changed to ON_RESUME RESUMED
12-22 11:08:51.656  4496  4496 D ControlCenterWindowViewController: expand state changed from 1 to 2
12-22 11:08:51.659 25418 26329 D BLASTBufferQueue: releaseBufferCallback ReleaseCallbackId: bufferId:109169478729743 framenumber:18
12-22 11:08:51.661 20304 20444 D IdProviderImpl: getOAID from com.miui.analytics
12-22 11:08:51.666 26710 26754 D TSMClient: register success
12-22 11:08:51.668 26710 26754 V XMPush-26710: [Tid:65] ASSEMBLE_PUSH : assemble push register
12-22 11:08:51.670 26710 26754 V XMPush-26710: [Tid:65] receive an intent from server, action=com.xiaomi.mipush.RECEIVE_MESSAGE
12-22 11:08:51.670 26710 26754 V XMPush-26710: [Tid:65] receiving an empty message, drop
12-22 11:08:51.670 26710 26754 W XMPush-26710: [Tid:65] (Local) begin execute onCommandResult, command=set-alias, resultCode=0, reason=null
12-22 11:08:51.670 26710 26754 D TSMClient: onCommandResult is called.
12-22 11:08:51.670 26710 26754 D TSMClient: set alias success: **56
12-22 11:08:51.670 26710 26754 W XMPush-26710: [Tid:65] (Local) begin execute onCommandResult, command=set-alias, resultCode=0, reason=null
12-22 11:08:51.670 26710 26754 D TSMClient: onCommandResult is called.
12-22 11:08:51.670 26710 26754 D TSMClient: set alias success: **56
12-22 11:08:51.671 26710 26754 V XMPush-26710: [Tid:65] receive an intent from server, action=com.xiaomi.mipush.RECEIVE_MESSAGE
12-22 11:08:51.671 26710 26754 V XMPush-26710: [Tid:65] receiving an empty message, drop
12-22 11:08:51.671 26710 26754 V XMPush-26710: [Tid:65] receive an intent from server, action=com.xiaomi.mipush.RECEIVE_MESSAGE
12-22 11:08:51.671 26710 26754 V XMPush-26710: [Tid:65] receiving an empty message, drop
12-22 11:08:51.673  2475  2488 I WindowManagerService: Physical orientation applied, rotation=0 sfOrientation=ORIENTATION_0
12-22 11:08:51.675  2475  6390 W ContextImpl: Calling a method in the system process without a qualified user: android.app.ContextImpl.sendBroadcastMultiplePermissions:1216 com.android.server.TelephonyRegistry.broadcastServiceStateChanged:2897 com.android.server.TelephonyRegistry.notifyServiceStateForPhoneId:1619 com.android.internal.telephony.ITelephonyRegistry$Stub.onTransact:455 android.os.Binder.execTransactInternal:1190
12-22 11:08:51.675  6526  6526 W PushService: [Tid:2] [XMPushService] onStart() with intent.Action = com.xiaomi.mipush.SEND_MESSAGE, chid = null, pkg = null|com.miui.tsmclient
12-22 11:08:51.676  4496  4660 D NetworkController.MobileSignalController(1): update5GConnectState: true
12-22 11:08:51.676  4496  4660 D NetworkController.MobileSignalController(1): NotQcom5G, signal level = 5
12-22 11:08:51.676  4496  4660 D NetworkController.MobileSignalController(1): Show 5G icon
12-22 11:08:51.676  6526  6962 W PushService: [Tid:67] [Job] Handle intent action = com.xiaomi.mipush.SEND_MESSAGE
12-22 11:08:51.678  6526  6962 W PushService: [Tid:67] try send mi push message. packagename:com.miui.tsmclient action:Command
12-22 11:08:51.678  6526  6962 D MyLog   : -->log(1): [Tid:67] [Slim] Wrote {cmd=SECMSG;chid=5;len=333}
12-22 11:08:51.678  6526  6962 D MyLog   : -->log(1): [Tid:67] [Slim] 11:08:51 上午 Sent  Blob [SECMSG,5,6AGPk-3920]
12-22 11:08:51.680  2475  6390 W ContextImpl: Calling a method in the system process without a qualified user: android.app.ContextImpl.sendBroadcastMultiplePermissions:1266 android.content.Context.sendBroadcastMultiplePermissions:2225 com.android.server.TelephonyRegistry.broadcastServiceStateChanged:2901 com.android.server.TelephonyRegistry.notifyServiceStateForPhoneId:1619 com.android.internal.telephony.ITelephonyRegistry$Stub.onTransact:455
12-22 11:08:51.683  2475  6390 W ContextImpl: Calling a method in the system process without a qualified user: android.app.ContextImpl.sendBroadcastMultiplePermissions:1266 android.content.Context.sendBroadcastMultiplePermissions:2225 com.android.server.TelephonyRegistry.broadcastServiceStateChanged:2908 com.android.server.TelephonyRegistry.notifyServiceStateForPhoneId:1619 com.android.internal.telephony.ITelephonyRegistry$Stub.onTransact:455
12-22 11:08:51.683  2475  6390 W ContextImpl: Calling a method in the system process without a qualified user: android.app.ContextImpl.sendBroadcastMultiplePermissions:1266 android.content.Context.sendBroadcastMultiplePermissions:2225 com.android.server.TelephonyRegistry.broadcastServiceStateChanged:2912 com.android.server.TelephonyRegistry.notifyServiceStateForPhoneId:1619 com.android.internal.telephony.ITelephonyRegistry$Stub.onTransact:455
12-22 11:08:51.684  9660  9660 D ServiceStateProvider: subId=1
12-22 11:08:51.686  9660 10477 D NetworkMetricsController: processServiceStateChangeEvent phoneId=0
12-22 11:08:51.687  4425  4425 I ##XLogger##: #&^ADQXhKX36D6Vge5h7DNZquf9kjVL8Dr83BKJwZNu3gIBtsc2WBQErZd2jsfBdcw11DReQ2MKjtJxVPkzrP9htv2RlL9wHfIbw/W6yPVQH/EvsosHB5fV4YDhwNvdNzPGZPc+7XZf6FuuacT2vQhrdl1eWGTAmFdVhzR1uWY5xs4=!!lUmu3cVN2137Ok8uIJHgCtBNWAHEiSm1V0X/ImkrbuWaCDqCh5DIdtrHuQFnlAPrGDErK+DM0+IOHGxihI7WU0ICn/hQippDXUyfx+KRnr4q9Zo3XAPzkUhOJpNmlvK61lbATS26u8g+ulo6YJcoy0r9s6o/IsUWec6BUyG9afXTgk4IIxolO9qHmLq+jgvHQ5D4Sjp7FJ/4PfLDJgwy1Q==^&#
12-22 11:08:51.688  4496  4496 D KeyguardUpdateMonitor: received broadcast android.intent.action.SERVICE_STATE
12-22 11:08:51.688  4496  4496 V KeyguardUpdateMonitor: action android.intent.action.SERVICE_STATE serviceState={mVoiceRegState=0(IN_SERVICE), mDataRegState=0(IN_SERVICE), mChannelNumber=504990, duplexMode()=0, mCellBandwidths=[], mOperatorAlphaLong=CMCC, mOperatorAlphaShort=CMCC, isManualNetworkSelection=false(automatic), getRilVoiceRadioTechnology=20(NR_SA), getRilDataRadioTechnology=20(NR_SA), mCssIndicator=unsupported, mNetworkId=-1, mSystemId=-1, mCdmaRoamingIndicator=-1, mCdmaDefaultRoamingIndicator=-1, mIsEmergencyOnly=false, isUsingCarrierAggregation=false, mArfcnRsrpBoost=0, mNetworkRegistrationInfos=[NetworkRegistrationInfo{ domain=PS transportType=WLAN registrationState=NOT_REG_OR_SEARCHING roamingType=NOT_ROAMING accessNetworkTechnology=IWLAN rejectCause=0 emergencyEnabled=false availableServices=[] cellIdentity=null voiceSpecificInfo=null dataSpecificInfo=null nrState=**** rRplmn= isUsingCarrierAggregation=false}, NetworkRegistrationInfo{ domain=CS transportType=WWAN registrationState=HOME roamingType=NOT_ROAMING accessNetworkTechnology=NR rejectCause=0 emergencyEnabled=false availableServices=[VOICE,SMS,VIDEO] cellIdentity=CellIdentityNr:{ mPci = 26 mTac = 1448183 mNrArfcn = 504990 mBands = [28] mMcc = 460 mMnc = 00 mNci = 13254795266 mAlphaLong = CMCC mAlphaShort = CMCC mAdditionalPlmns = {} } voiceSpecificInfo=VoiceSpecificRegistrationInfo { mCssSupported=false mRoamingIndicator=0 mSystemIsInPrl=0 mDefaultRoamingIndicator=0} dataSpecificInfo=null nrState=**** rRplmn=46000 isUsingCarrierAggregation=false}, NetworkRegistrationInfo{ domain=PS transportType=WWAN registrationState=HOME roamingType=NOT_ROAMING accessNetworkTechnology=NR rejectCause=0 emergencyEnabled=false availableServices=[DATA] cellIdentity=CellIdentityNr:{ mPci = 26 mTac = 1448183 mNrArfcn = 504990 mBands = [28] mMcc = 460 mMnc = 00 mNci = 13254795266 mAlphaLong = CMCC mAlphaShort = CMCC mAdditionalPlmns = {} } voiceSpecificInfo=null dataSpecificInfo=android.telephony.DataSpecificRegistrationInfo :{ maxDataCalls = 16 isDcNrRestricted = false isNrAvailable = false isEnDcAvailable = false NrVopsSupportInfo :  mVopsSupport = 1 mEmcSupport = 0 mEmfSupport = 0 } nrState=**** rRplmn=46000 isUsingCarrierAggregation=false}], mNrFrequencyRange=0, mOperatorAlphaLongRaw=CMCC, mOperatorAlphaShortRaw=CMCC, mIsDataRoamingFromRegistration=false, mIsIwlanPreferred=false} subId=1
12-22 11:08:51.688  4496  4496 D KeyguardUpdateMonitor: handleServiceStateChange(subId=1, serviceState={mVoiceRegState=0(IN_SERVICE), mDataRegState=0(IN_SERVICE), mChannelNumber=504990, duplexMode()=0, mCellBandwidths=[], mOperatorAlphaLong=CMCC, mOperatorAlphaShort=CMCC, isManualNetworkSelection=false(automatic), getRilVoiceRadioTechnology=20(NR_SA), getRilDataRadioTechnology=20(NR_SA), mCssIndicator=unsupported, mNetworkId=-1, mSystemId=-1, mCdmaRoamingIndicator=-1, mCdmaDefaultRoamingIndicator=-1, mIsEmergencyOnly=false, isUsingCarrierAggregation=false, mArfcnRsrpBoost=0, mNetworkRegistrationInfos=[NetworkRegistrationInfo{ domain=PS transportType=WLAN registrationState=NOT_REG_OR_SEARCHING roamingType=NOT_ROAMING accessNetworkTechnology=IWLAN rejectCause=0 emergencyEnabled=false availableServices=[] cellIdentity=null voiceSpecificInfo=null dataSpecificInfo=null nrState=**** rRplmn= isUsingCarrierAggregation=false}, NetworkRegistrationInfo{ domain=CS transportType=WWAN registrationState=HOME roamingType=NOT_ROAMING accessNetworkTechnology=NR rejectCause=0 emergencyEnabled=false availableServices=[VOICE,SMS,VIDEO] cellIdentity=CellIdentityNr:{ mPci = 26 mTac = 1448183 mNrArfcn = 504990 mBands = [28] mMcc = 460 mMnc = 00 mNci = 13254795266 mAlphaLong = CMCC mAlphaShort = CMCC mAdditionalPlmns = {} } voiceSpecificInfo=VoiceSpecificRegistrationInfo { mCssSupported=false mRoamingIndicator=0 mSystemIsInPrl=0 mDefaultRoamingIndicator=0} dataSpecificInfo=null nrState=**** rRplmn=46000 isUsingCarrierAggregation=false}, NetworkRegistrationInfo{ domain=PS transportType=WWAN registrationState=HOME roamingType=NOT_ROAMING accessNetworkTechnology=NR rejectCause=0 emergencyEnabled=false availableServices=[DATA] cellIdentity=CellIdentityNr:{ mPci = 26 mTac = 1448183 mNrArfcn = 504990 mBands = [28] mMcc = 460 mMnc = 00 mNci = 13254795266 mAlphaLong = CMCC mAlphaShort = CMCC mAdditionalPlmns = {} } voiceSpecificInfo=null dataSpecificInfo=android.telephony.DataSpecificRegistrationInfo :{ maxDataCalls = 16 isDcNrRestricted = false isNrAvailable = false isEnDcAvailable = false NrVopsSupportInfo :  mVopsSupport = 1 mEmcSupport = 0 mEmfSupport = 0 } nrState=**** rRplmn=46000 isUsingCarrierAggregation=false}], mNrFrequencyRange=0, mOperatorAlphaLongRaw=CMCC, mOperatorAlphaShortRaw=CMCC, mIsDataRoamingFromRegistration=false, mIsIwlanPreferred=false}
12-22 11:08:51.688  4496  4496 D MiuiCarrierTextController: updateCarrierText: 中国移动
12-22 11:08:51.687  9660 10477 D NetworkMetricsController: newRat:20,oldRat:20,mIsFeatureEnable:true,isDds:true,mIsHighSpeedTrain:false
12-22 11:08:51.695  2475  2691 W BroadcastQueue: Appop Denial: receiving Intent { act=android.intent.action.SERVICE_STATE flg=0x1000010 (has extras) } to ProcessRecord{554f1fd 4425:com.xiaomi.finddevice/6110} (pid=4425, uid=6110) excludes appop android:read_phone_state due to sender android (uid 1001)
12-22 11:08:51.695  2475  2691 W BroadcastQueue: Appop Denial: receiving Intent { act=android.intent.action.SERVICE_STATE flg=0x1000010 (has extras) } to ProcessRecord{703b0f9 4496:com.android.systemui/1000} (pid=4496, uid=1000) excludes appop android:read_phone_state due to sender android (uid 1001)
12-22 11:08:51.695 18831 18831 D AutoReg_RegistrationTracker: Try to register since ACTION_SERVICE_STATE_CHANGED
12-22 11:08:51.696  2475  2691 W BroadcastQueue: Appop Denial: receiving Intent { act=android.intent.action.SERVICE_STATE flg=0x1000010 (has extras) } to ProcessRecord{a5b8e01 9660:com.android.phone/1001} (pid=9660, uid=1001) excludes appop android:read_phone_state due to sender android (uid 1001)
12-22 11:08:51.698  2475  2475 D MiuiWifiService: onCellLocationChanged
12-22 11:08:51.698  2475  2475 D MiuiWifiService: updateCurrentLocMatched mIsCurrentLocMatched true
12-22 11:08:51.698  2475  2475 D MiuiWifiService: cancelPeriodWifiScan trigger
12-22 11:08:51.699  2475  2691 W BroadcastQueue: Appop Denial: receiving Intent { act=android.intent.action.SERVICE_STATE flg=0x1000010 (has extras) } to ProcessRecord{a5b8e01 9660:com.android.phone/1001} (pid=9660, uid=1001) excludes appop android:read_phone_state due to sender android (uid 1001)
12-22 11:08:51.702  2475  2691 W BroadcastQueue: Appop Denial: receiving Intent { act=android.intent.action.SERVICE_STATE flg=0x1000010 (has extras) } to ProcessRecord{a5b8e01 9660:com.android.phone/1001} (pid=9660, uid=1001) excludes appop android:read_phone_state due to sender android (uid 1001)
12-22 11:08:51.703  2475  2691 W BroadcastQueue: Appop Denial: receiving Intent { act=android.intent.action.SERVICE_STATE flg=0x1000010 (has extras) } to ProcessRecord{a5b8e01 9660:com.android.phone/1001} (pid=9660, uid=1001) excludes appop android:read_phone_state due to sender android (uid 1001)
12-22 11:08:51.707  2475  2691 W BroadcastQueue: Appop Denial: receiving Intent { act=android.intent.action.SERVICE_STATE flg=0x1000010 (has extras) } to ProcessRecord{6c0b19e 18831:com.qualcomm.qti.autoregistration/1001} (pid=18831, uid=1001) excludes appop android:read_phone_state due to sender android (uid 1001)
12-22 11:08:51.708  2475  2691 W BroadcastQueue: Appop Denial: receiving Intent { act=android.intent.action.SERVICE_STATE flg=0x1000010 (has extras) } to ProcessRecord{554f1fd 4425:com.xiaomi.finddevice/6110} (pid=4425, uid=6110) excludes appop android:fine_location due to sender android (uid 1001)
12-22 11:08:51.708  2475  2691 W BroadcastQueue: Appop Denial: receiving Intent { act=android.intent.action.SERVICE_STATE flg=0x1000010 (has extras) } to ProcessRecord{703b0f9 4496:com.android.systemui/1000} (pid=4496, uid=1000) excludes appop android:fine_location due to sender android (uid 1001)
12-22 11:08:51.708  2475  2691 W BroadcastQueue: Appop Denial: receiving Intent { act=android.intent.action.SERVICE_STATE flg=0x1000010 (has extras) } to ProcessRecord{a5b8e01 9660:com.android.phone/1001} (pid=9660, uid=1001) excludes appop android:fine_location due to sender android (uid 1001)
12-22 11:08:51.708  2475  2691 W BroadcastQueue: Appop Denial: receiving Intent { act=android.intent.action.SERVICE_STATE flg=0x1000010 (has extras) } to ProcessRecord{a5b8e01 9660:com.android.phone/1001} (pid=9660, uid=1001) excludes appop android:fine_location due to sender android (uid 1001)
12-22 11:08:51.708  2475  2691 W BroadcastQueue: Appop Denial: receiving Intent { act=android.intent.action.SERVICE_STATE flg=0x1000010 (has extras) } to ProcessRecord{a5b8e01 9660:com.android.phone/1001} (pid=9660, uid=1001) excludes appop android:fine_location due to sender android (uid 1001)
12-22 11:08:51.708  2475  2691 W BroadcastQueue: Appop Denial: receiving Intent { act=android.intent.action.SERVICE_STATE flg=0x1000010 (has extras) } to ProcessRecord{a5b8e01 9660:com.android.phone/1001} (pid=9660, uid=1001) excludes appop android:fine_location due to sender android (uid 1001)
12-22 11:08:51.708  2475  2691 W BroadcastQueue: Appop Denial: receiving Intent { act=android.intent.action.SERVICE_STATE flg=0x1000010 (has extras) } to ProcessRecord{6c0b19e 18831:com.qualcomm.qti.autoregistration/1001} (pid=18831, uid=1001) excludes appop android:fine_location due to sender android (uid 1001)
12-22 11:08:51.708  2475  2691 W BroadcastQueue: Appop Denial: receiving Intent { act=android.intent.action.SERVICE_STATE flg=0x1000010 (has extras) } to ProcessRecord{554f1fd 4425:com.xiaomi.finddevice/6110} (pid=4425, uid=6110) excludes appop android:read_phone_state due to sender android (uid 1001)
12-22 11:08:51.708  2475  2691 W BroadcastQueue: Appop Denial: receiving Intent { act=android.intent.action.SERVICE_STATE flg=0x1000010 (has extras) } to ProcessRecord{703b0f9 4496:com.android.systemui/1000} (pid=4496, uid=1000) excludes appop android:read_phone_state due to sender android (uid 1001)
12-22 11:08:51.708  2475  2691 W BroadcastQueue: Appop Denial: receiving Intent { act=android.intent.action.SERVICE_STATE flg=0x1000010 (has extras) } to ProcessRecord{a5b8e01 9660:com.android.phone/1001} (pid=9660, uid=1001) excludes appop android:read_phone_state due to sender android (uid 1001)
12-22 11:08:51.709  2475  2691 W BroadcastQueue: Appop Denial: receiving Intent { act=android.intent.action.SERVICE_STATE flg=0x1000010 (has extras) } to ProcessRecord{a5b8e01 9660:com.android.phone/1001} (pid=9660, uid=1001) excludes appop android:read_phone_state due to sender android (uid 1001)
12-22 11:08:51.709  2475  2691 W BroadcastQueue: Appop Denial: receiving Intent { act=android.intent.action.SERVICE_STATE flg=0x1000010 (has extras) } to ProcessRecord{a5b8e01 9660:com.android.phone/1001} (pid=9660, uid=1001) excludes appop android:read_phone_state due to sender android (uid 1001)
12-22 11:08:51.709  2475  2691 W BroadcastQueue: Appop Denial: receiving Intent { act=android.intent.action.SERVICE_STATE flg=0x1000010 (has extras) } to ProcessRecord{a5b8e01 9660:com.android.phone/1001} (pid=9660, uid=1001) excludes appop android:read_phone_state due to sender android (uid 1001)
12-22 11:08:51.709  9660  9660 I Telephony: isRttCurrentlySupported -- regular acct, hasVoiceAvailability: true
12-22 11:08:51.709  9660  9660 I Telephony:  isRttSupported: false
12-22 11:08:51.709  9660  9660 I Telephony:  alwaysAllowWhileRoaming: false
12-22 11:08:51.709  9660  9660 I Telephony:  isRoaming: false
12-22 11:08:51.709  9660  9660 I Telephony:  isOnWfc: false
12-22 11:08:51.710  9660  9660 D Telephony: Ss changed, mIsEmergencyOnly=false,slotId=0
12-22 11:08:51.710  9660  9660 D FiveGPowerController: android.intent.action.SERVICE_STATE
12-22 11:08:51.710  2475  2691 W BroadcastQueue: Appop Denial: receiving Intent { act=android.intent.action.SERVICE_STATE flg=0x1000010 (has extras) } to ProcessRecord{6c0b19e 18831:com.qualcomm.qti.autoregistration/1001} (pid=18831, uid=1001) excludes appop android:read_phone_state due to sender android (uid 1001)
12-22 11:08:51.720  5958 12562 D IzatService: updateClientPackageName: com.miui.tsmclient
12-22 11:08:51.724 26710 26733 I TSMClient: FenceMap PREF_KEY_FENCES:null
12-22 11:08:51.728  6526 18097 D MyLog   : -->log(1): [Tid:760] [Slim] Read {cmd=SECMSG;chid=5;len=369}
12-22 11:08:51.728  6526 18097 D MyLog   : -->log(1): [Tid:760] [Slim] 11:08:51 上午 RCV  Blob [SECMSG,5,4KgZ1]
12-22 11:08:51.728  6526  6962 W PushService: [Tid:67] receive a message. appid=2882303761517368855, msgid= 4KgZ1, action=Command
12-22 11:08:51.730  6526  6962 W PushService: [Tid:67] broadcast passthrough message.
12-22 11:08:51.732  9660 10477 D NetworkMetricsController: getTopAppName packageName =cn.missevan
12-22 11:08:51.732  9660 10477 D NetworkMetricsController: topAppName:cn.missevan
12-22 11:08:51.732  9660 10477 D NetworkMetricsController: Will reset LTE-NR PingPong info due to: no white list
12-22 11:08:51.732  9660 10477 D NetworkMetricsController: processCellLocationChangeEvent phoneId=0
12-22 11:08:51.732  9660 10477 D NetworkMetricsController: isDataRegistered:true,isLteNrRegistered newRat:20,mIsFeatureEnable:true,isDds:0
12-22 11:08:51.736 26710 26710 W XMPush-26710: [Tid:2] [CRcv] receive a msg broadcast: com.xiaomi.mipush.RECEIVE_MESSAGE
12-22 11:08:51.737 26710 26754 V XMPush-26710: [Tid:65] receive an intent from server, action=com.xiaomi.mipush.RECEIVE_MESSAGE
12-22 11:08:51.744 26710 26754 V XMPush-26710: [Tid:65] processing a message, action=Command
12-22 11:08:51.745 26710 26754 W XMPush-26710: [Tid:65] resp-cmd:accept-time, 4KgZ1
12-22 11:08:51.745 26710 26754 W XMPush-26710: [Tid:65] begin execute onCommandResult, command=accept-time, resultCode=0, reason=Accept time unchanged.
12-22 11:08:51.745 26710 26754 D TSMClient: onCommandResult is called.
12-22 11:08:51.745 26710 26733 D TSMClient: Geo fence version: 9.1.0:9.0.0:6
12-22 11:08:51.745 26710 26754 D TSMClient: mi push client do nothing, reason is Accept time unchanged.
12-22 11:08:51.757 25418 26330 D BLASTBufferQueue: releaseBufferCallback ReleaseCallbackId: bufferId:109169478729742 framenumber:19
12-22 11:08:51.782  2027  3285 D libsensor-displayalgo: the value of  brightness:357.000000,R:36563863.621090,G:32573497.070311,B:26042581.102520,EVENT_C:2293.000000,EVENT_R:953.500000,EVENT_G:1217.500000,EVENT_B:493.000000
12-22 11:08:51.782  2027  3285 I libsensor-displayalgo: the value of  Coef1:1107.681000,Coef4:2.383000, scale1:0.935522, scale4:0.923264
12-22 11:08:51.782  2027  3285 E libsensor-displayalgo: RGB_test_0407_400_oldzy!
12-22 11:08:51.782  2027  3285 I libsensor-displayalgo: the value of  RESULT1546.343852,623.264188,772.631281,261.133552
12-22 11:08:51.782  2027  3285 I libsensor-displayalgo: the value of  getChannelDataCalibrated1612.860887,578.738179,889.861446,282.518213
12-22 11:08:51.782  2027  3285 I libsensor-displayalgo: the value of  REAL LUX31.680305
12-22 11:08:51.782  2027  3285 I libsensor-displayalgo: the value of  CAL REAL LUX31.680305
12-22 11:08:51.856 25418 26329 D BLASTBufferQueue: releaseBufferCallback ReleaseCallbackId: bufferId:109169478729740 framenumber:20
12-22 11:08:51.870  1251  2448 I vendor.qti.hardware.display.composer-service: FrameNotifyProcess Sensor: notify citsensorservice to trigger cwb
12-22 11:08:51.870  2027  4130 I libcitsensorservice@2.0-impl: msg_transfer
12-22 11:08:51.870  2027  3266 D vendor.xiaomi.sensor.citsensorservice@2.0-service: handle id:10 wxh:1280x2400 uwxuh:1080x2400 size: 9216000 fd:15 fd_meta:16 flags:0x4000228 usage:0x33  format:0x3 layer_count: 1
12-22 11:08:51.871  1251  2216 I SDM     : HWCSession::SetCWBOutputBuffer: CWB config passed by cwb_client : tappoint 1  CWB_ROI : (829.000000 4.000000 915.000000 90.000000)
12-22 11:08:51.874  1251 26780 I SDM     : HWCSession::ProcessRequests: Successfully configured CWB buffer.
12-22 11:08:51.882  1251 26780 I SDM     : HWCSession::ProcessRequests: Pushing release fence in fenece wait queue.
12-22 11:08:51.882  1251 26780 I SDM     : HWCSession::ProcessRequests: Creating AsyncFenceWaits async thread.
12-22 11:08:51.883  1251 26780 I SDM     : HWCSession::ProcessRequests: Remove current CWB request from the pending request queue.
12-22 11:08:51.883  1251 26780 I SDM     : HWCSession::ProcessRequests: No pending cwb requests found in the queue.
12-22 11:08:51.887  1251  1467 I SDM     : HWDeviceDRM::SetupConcurrentWriteback: Tear down the Concurrent Writeback topology
12-22 11:08:51.897  1251 26781 I SDM     : HWCSession::NotifyCWBStatus: Notify the client about buffer status 0.
12-22 11:08:51.897  1251 26781 I SDM     : HWCSession::PerformFenceWaits: Remove current release fence from the pending fence wait queue.
12-22 11:08:51.897  1251 26781 I SDM     : HWCSession::PerformFenceWaits: CWB fence queue is empty. No pending release fence to wait on.
12-22 11:08:51.908  9282 10029 I SmartThreadExecutor: handleMessage: start check 0
12-22 11:08:51.908  9282 10029 I SmartThreadExecutor: handleMessage: check end 0 -157 false
12-22 11:08:51.941  1267  1540 E ANDR-PERF-OPTSHANDLER: checkAlreadySetCpuset: fopen failed, errno Permission denied, trying pgid as pid to check
12-22 11:08:51.948  2475  3752 D SchedBoost: stopBoostInternal:
12-22 11:08:51.948  2475  3752 D SchedBoost: ready to stop boost
12-22 11:08:51.950  2475  3752 D SchedBoost: stopBoostInternal:
12-22 11:08:51.950  2475  3752 D SchedBoost: ready to stop boost
12-22 11:08:51.951  4496  4496 I BoostHelper: boost: add myTid: 4496
12-22 11:08:51.951  4496  4496 I BoostHelper: boost: add mRenderThreadTid: 4892
12-22 11:08:51.952  2475  3752 D SchedBoost: startBoostInternal 1000
12-22 11:08:51.952  4496  4496 I BoostHelper: boostThreadLegacy sched thread [4496, 4892] is run,mod=6
12-22 11:08:51.952  2475  3752 D SchedBoost: ready to boost
12-22 11:08:51.953  1267  1540 E ANDR-PERF-OPTSHANDLER: checkAlreadySetCpuset: fopen failed, errno Permission denied, trying pgid as pid to check
12-22 11:08:51.953  2475  3752 D SchedBoost: startBoostInternal 1000
12-22 11:08:51.953  2475  3752 D SchedBoost: ready to boost
12-22 11:08:51.956 25418 26329 D BLASTBufferQueue: releaseBufferCallback ReleaseCallbackId: bufferId:109169478729741 framenumber:21
12-22 11:08:52.036  9282 10275 I QzoneConfig: key = qzonesetting secondaryKey= qzone_lastgetfeedtime value= null
12-22 11:08:52.062 25418 26329 D BLASTBufferQueue: releaseBufferCallback ReleaseCallbackId: bufferId:109169478729743 framenumber:22
12-22 11:08:52.081  2027  3285 D libsensor-displayalgo: the value of  brightness:357.000000,R:36563863.621090,G:32573497.070311,B:26042581.102520,EVENT_C:2269.000000,EVENT_R:942.500000,EVENT_G:1203.500000,EVENT_B:487.500000
12-22 11:08:52.082  2027  3285 I libsensor-displayalgo: the value of  Coef1:1107.681000,Coef4:2.383000, scale1:0.935522, scale4:0.923264
12-22 11:08:52.082  2027  3285 E libsensor-displayalgo: RGB_test_0407_400_oldzy!
12-22 11:08:52.082  2027  3285 I libsensor-displayalgo: the value of  RESULT1546.343852,623.264188,772.631281,261.133552
12-22 11:08:52.082  2027  3285 I libsensor-displayalgo: the value of  getChannelDataCalibrated1612.860887,578.738179,889.861446,282.518213
12-22 11:08:52.082  2027  3285 I libsensor-displayalgo: the value of  REAL LUX30.211031
12-22 11:08:52.082  2027  3285 I libsensor-displayalgo: the value of  CAL REAL LUX30.211031
12-22 11:08:52.090 25342 25374 I appium  : channel read: POST /wd/hub/session/c937d4e6-c835-4740-aadb-9f824ca2ad84/element
12-22 11:08:52.091 25342 25374 I appium  : FindElement command
12-22 11:08:52.095 25342 25374 I appium  : method: 'id', selector: 'cn.missevan:id/title'
12-22 11:08:52.096 25342 25374 I appium  : Waiting up to 100ms for the device to idle
12-22 11:08:52.161 25418 26329 D BLASTBufferQueue: releaseBufferCallback ReleaseCallbackId: bufferId:109169478729742 framenumber:23
12-22 11:08:52.175  1251  2448 I vendor.qti.hardware.display.composer-service: FrameNotifyProcess Sensor: notify citsensorservice to trigger cwb
12-22 11:08:52.175  2027  4130 I libcitsensorservice@2.0-impl: msg_transfer
12-22 11:08:52.175  2027  3266 D vendor.xiaomi.sensor.citsensorservice@2.0-service: handle id:10 wxh:1280x2400 uwxuh:1080x2400 size: 9216000 fd:15 fd_meta:16 flags:0x4000228 usage:0x33  format:0x3 layer_count: 1
12-22 11:08:52.175  1251  2216 I SDM     : HWCSession::SetCWBOutputBuffer: CWB config passed by cwb_client : tappoint 1  CWB_ROI : (829.000000 4.000000 915.000000 90.000000)
12-22 11:08:52.179  1251 26791 I SDM     : HWCSession::ProcessRequests: Successfully configured CWB buffer.
12-22 11:08:52.187  1251 26791 I SDM     : HWCSession::ProcessRequests: Pushing release fence in fenece wait queue.
12-22 11:08:52.187  1251 26791 I SDM     : HWCSession::ProcessRequests: Creating AsyncFenceWaits async thread.
12-22 11:08:52.187  1251 26791 I SDM     : HWCSession::ProcessRequests: Remove current CWB request from the pending request queue.
12-22 11:08:52.187  1251 26791 I SDM     : HWCSession::ProcessRequests: No pending cwb requests found in the queue.
12-22 11:08:52.191  1251  1467 I SDM     : HWDeviceDRM::SetupConcurrentWriteback: Tear down the Concurrent Writeback topology
12-22 11:08:52.201  1251 26792 I SDM     : HWCSession::NotifyCWBStatus: Notify the client about buffer status 0.
12-22 11:08:52.201  1251 26792 I SDM     : HWCSession::PerformFenceWaits: Remove current release fence from the pending fence wait queue.
12-22 11:08:52.201  1251 26792 I SDM     : HWCSession::PerformFenceWaits: CWB fence queue is empty. No pending release fence to wait on.
12-22 11:08:52.229  2475  3037 D MIUIInput: [MotionEvent] publisher action=0x4, 582036597, channel 'a6e61f2 NavigationBar0 (server)'
12-22 11:08:52.229  2475  3037 D MIUIInput: [MotionEvent] publisher action=0x0, 582036597, channel '6ad9578 control_center (server)'
12-22 11:08:52.230  4496  4496 D ControlCenterWindowViewImpl: dispatchTouchEvent 0
12-22 11:08:52.230  4496  4496 D ControlCenterWindowViewImpl: received own event, ignore external event.
12-22 11:08:52.230  4496  4496 V GestureDispatcher: gesture intercept miui.systemui.controlcenter.widget.GestureScrollView{5d66b08 VFED..... ........ 0,0-888,2400 #7f0a022a app:id/scroller} 3
12-22 11:08:52.230  4496  4496 V GestureDispatcher: gesture intercept miui.systemui.controlcenter.qs.QSPager{291b80 VFED..C.. ........ -96,432-984,1551 #7f0a020d app:id/qs_pager} 3
12-22 11:08:52.231  4496  4496 V ControlCenterWindowViewImpl: onInterceptTouchEvent 0 false true
12-22 11:08:52.231  4496  4496 V MainPanelTouchController: onInterceptTouchEvent panel state main 2 RESUMED false false
12-22 11:08:52.231  4496  4496 V GestureDispatcher: gesture intercept miui.systemui.controlcenter.windowview.ControlCenterWindowViewImpl{71838ab VFE...C.. ........ 0,0-1080,2400} 0
12-22 11:08:52.231  4496  4496 D GestureDispatcher: gesture start with ControlCenterWindowViewImpl 0
12-22 11:08:52.231  4496  4496 V GestureDispatcher: gesture intercept miui.systemui.controlcenter.widget.GestureScrollView{5d66b08 VFED..... ........ 0,0-888,2400 #7f0a022a app:id/scroller} 0
12-22 11:08:52.231  4496  4496 D GestureDispatcher: gesture start with GestureScrollView 0
12-22 11:08:52.231  4496  4496 V GestureDispatcher: gesture intercept miui.systemui.controlcenter.qs.QSPager{291b80 VFED..C.. ........ -96,432-984,1551 #7f0a020d app:id/qs_pager} 0
12-22 11:08:52.231  4496  4496 D GestureDispatcher: gesture start with QSPager 0
12-22 11:08:52.242 26560 26568 I i.poweroffalar: This is non sticky GC, maxfree is 8388608 minfree is 2097152
12-22 11:08:52.256  4496  4496 D TileLayoutImpl: measure finished, width 1080, height 1119, rows 1, cell height 267, cell margin 17, header height 518, header margin 50.
12-22 11:08:52.259 25418 26329 D BLASTBufferQueue: releaseBufferCallback ReleaseCallbackId: bufferId:109169478729740 framenumber:24
12-22 11:08:52.279 25342 25374 W QueryController: Could not detect idle state.
12-22 11:08:52.284  2475  3037 D MIUIInput: [MotionEvent] publisher action=0x1, 582036651, channel '6ad9578 control_center (server)'
12-22 11:08:52.288  4496  4496 D ControlCenterWindowViewImpl: dispatchTouchEvent 1
12-22 11:08:52.288  4496  4496 V ControlCenterWindowViewImpl: onInterceptTouchEvent 1 false true
12-22 11:08:52.288  4496  4496 V MainPanelTouchController: onInterceptTouchEvent panel state main 2 RESUMED false false
12-22 11:08:52.289  4496  4496 V GestureDispatcher: gesture intercept miui.systemui.controlcenter.windowview.ControlCenterWindowViewImpl{71838ab VFE...C.. ........ 0,0-1080,2400} 1
12-22 11:08:52.289  4496  4496 V GestureDispatcher: gesture intercept miui.systemui.controlcenter.widget.GestureScrollView{5d66b08 VFED..... ........ 0,0-888,2400 #7f0a022a app:id/scroller} 1
12-22 11:08:52.289  4496  4496 V GestureDispatcher: gesture intercept miui.systemui.controlcenter.qs.QSPager{291b80 VFED..C.. ........ -96,432-984,1551 #7f0a020d app:id/qs_pager} 1
12-22 11:08:52.293  4496  4496 I Tile.MiuiCellularTile: send click msg
12-22 11:08:52.293  4496 21382 I HapticFeedbackUtil: 5,2,true
12-22 11:08:52.294  4496  4893 D Tile.MiuiCellularTile: handleClick: from: true, to: false
12-22 11:08:52.294  4496  4893 D DataUsageController: setMobileDataEnabled: enabled=false
12-22 11:08:52.294  9660 10536 D PhoneInterfaceManager: [PhoneIntfMgr] setAllPhonesDataEnabled: callingUid = 1000 callingPid = 4496 enable = false
12-22 11:08:52.295  1367  1367 D vendor.hardware.vibratorfeature: configStrengthForEffect id : 5 , strength: 1.000000
12-22 11:08:52.298 20304 20444 D IdProviderImpl: getOAID from com.miui.analytics
12-22 11:08:52.299  4496  4496 D TileLayoutImpl: measure finished, width 1080, height 1119, rows 1, cell height 267, cell margin 17, header height 518, header margin 50.
12-22 11:08:52.299  6171  6171 I TrafficManageService: mMobileDataEnableObserver
12-22 11:08:52.300  1367  1367 D vendor.hardware.vibratorfeature: Vibrator perform effect 5
12-22 11:08:52.300  1367  1367 D vendor.hardware.vibratorfeature: uses mCurrMagnitudeExt 1.000000
12-22 11:08:52.300  1367  1367 D vendor.hardware.vibratorfeature: getAmplitudeFromEffectStrength 1.000000
12-22 11:08:52.300  1367  1367 D vendor.hardware.vibratorfeature: return from driver is 20
12-22 11:08:52.301  1367  1367 D vendor.hardware.vibratorfeature: playLengthMs is 70
12-22 11:08:52.302  1367 26795 D vendor.hardware.vibratorfeature: Starting perform on another thread
12-22 11:08:52.305  6171  6171 D ConnectivityManager: getMobileDataEnabled()+ subId=1
12-22 11:08:52.311  6171  6171 D ConnectivityManager: getMobileDataEnabled()- subId=1 retVal=false
12-22 11:08:52.313  9660 10476 D FiveGPowerController: data enable state changed to ：false, start check delay.
12-22 11:08:52.317  9660  9660 D QcDataStatusNotification Service: onUserMobileDataStateChanged: enabled=false
