06-08 15:39:09.681  1245  2285 I vendor.qti.hardware.display.composer-service: FrameNotifyProcess Sensor: notify citsensorservice to trigger cwb
06-08 15:39:09.681  1977  1977 I libcitsensorservice@2.0-impl: msg_transfer
06-08 15:39:09.682  1977  2987 D vendor.xiaomi.sensor.citsensorservice@2.0-service: handle id:8 wxh:1280x2400 uwxuh:1080x2400 size: 9216000 fd:15 fd_meta:16 flags:0x4000228 usage:0x33  format:0x3 layer_count: 1
06-08 15:39:09.682  1245  3014 I SDM     : HWCSession::SetCWBOutputBuffer: CWB config passed by cwb_client : tappoint 1  CWB_ROI : (829.000000 4.000000 915.000000 90.000000)
06-08 15:39:09.684  1245 30505 I SDM     : HWCSession::ProcessRequests: Successfully configured CWB buffer.
06-08 15:39:09.691  1245 30505 I SDM     : HWCSession::ProcessRequests: Pushing release fence in fenece wait queue.
06-08 15:39:09.691  1245 30505 I SDM     : HWCSession::ProcessRequests: Creating AsyncFenceWaits async thread.
06-08 15:39:09.691  1245 30505 I SDM     : HWCSession::ProcessRequests: Remove current CWB request from the pending request queue.
06-08 15:39:09.692  1245 30505 I SDM     : HWCSession::ProcessRequests: No pending cwb requests found in the queue.
06-08 15:39:09.697  1245  1464 I SDM     : HWDeviceDRM::SetupConcurrentWriteback: Tear down the Concurrent Writeback topology
06-08 15:39:09.704  1245 30506 I SDM     : HWCSession::NotifyCWBStatus: Notify the client about buffer status 0.
06-08 15:39:09.704  1245 30506 I SDM     : HWCSession::PerformFenceWaits: Remove current release fence from the pending fence wait queue.
06-08 15:39:09.704  1245 30506 I SDM     : HWCSession::PerformFenceWaits: CWB fence queue is empty. No pending release fence to wait on.
06-08 15:39:09.805  1977  2997 D libsensor-displayalgo: the value of  brightness:410.000000,R:74827669.726580,G:74826842.211101,B:74850176.108510,EVENT_C:6831.000000,EVENT_R:2649.500000,EVENT_G:3436.500000,EVENT_B:1394.500000
06-08 15:39:09.806  1977  2997 I libsensor-displayalgo: the value of  Coef1:1107.681000,Coef4:2.383000, scale1:0.935522, scale4:0.923264
06-08 15:39:09.806  1977  2997 E libsensor-displayalgo: RGB_test_0407_400_oldzy!
06-08 15:39:09.806  1977  2997 I libsensor-displayalgo: the value of  RESULT2931.019308,1157.523561,1425.878375,531.489232
06-08 15:39:09.806  1977  2997 I libsensor-displayalgo: the value of  getChannelDataCalibrated3065.611685,1072.479061,1651.905696,577.172245
06-08 15:39:09.806  1977  2997 I libsensor-displayalgo: the value of  REAL LUX221.087616
06-08 15:39:09.806  1977  2997 I libsensor-displayalgo: the value of  CAL REAL LUX221.087616
06-08 15:39:10.072 22097 22108 I ui.cloudservic: This is non sticky GC, maxfree is 8388608 minfree is 2097152
06-08 15:39:10.073 30357 30367 I service:synclo: This is non sticky GC, maxfree is 8388608 minfree is 2097152
06-08 15:39:10.081  7888  7901 I i.xmsf:service: This is non sticky GC, maxfree is 8388608 minfree is 2097152
06-08 15:39:10.105  1977  2997 D libsensor-displayalgo: the value of  brightness:410.000000,R:74827669.726580,G:74826842.211101,B:74850176.108510,EVENT_C:6831.000000,EVENT_R:2649.500000,EVENT_G:3436.500000,EVENT_B:1394.500000
06-08 15:39:10.105  1977  2997 I libsensor-displayalgo: the value of  Coef1:1107.681000,Coef4:2.383000, scale1:0.935522, scale4:0.923264
06-08 15:39:10.105  1977  2997 E libsensor-displayalgo: RGB_test_0407_400_oldzy!
06-08 15:39:10.106  1977  2997 I libsensor-displayalgo: the value of  RESULT2931.019308,1157.523561,1425.878375,531.489232
06-08 15:39:10.106  1977  2997 I libsensor-displayalgo: the value of  getChannelDataCalibrated3065.611685,1072.479061,1651.905696,577.172245
06-08 15:39:10.106  1977  2997 I libsensor-displayalgo: the value of  REAL LUX221.087616
06-08 15:39:10.106  1977  2997 I libsensor-displayalgo: the value of  CAL REAL LUX221.087616
06-08 15:39:10.167 29575 29575 I HandWritingStubImpl: isKeyboardTypeChanged: false
06-08 15:39:10.168 29575 29575 I HandWritingStubImpl: isKeyboardTypeChanged: false
06-08 15:39:10.185  1245  2285 I vendor.qti.hardware.display.composer-service: FrameNotifyProcess Sensor: notify citsensorservice to trigger cwb
06-08 15:39:10.185  1977  1977 I libcitsensorservice@2.0-impl: msg_transfer
06-08 15:39:10.185  1977  2987 D vendor.xiaomi.sensor.citsensorservice@2.0-service: handle id:8 wxh:1280x2400 uwxuh:1080x2400 size: 9216000 fd:15 fd_meta:16 flags:0x4000228 usage:0x33  format:0x3 layer_count: 1
06-08 15:39:10.186  1245  3014 I SDM     : HWCSession::SetCWBOutputBuffer: CWB config passed by cwb_client : tappoint 1  CWB_ROI : (829.000000 4.000000 915.000000 90.000000)
06-08 15:39:10.188  1245 30508 I SDM     : HWCSession::ProcessRequests: Successfully configured CWB buffer.
06-08 15:39:10.194  1245 30508 I SDM     : HWCSession::ProcessRequests: Pushing release fence in fenece wait queue.
06-08 15:39:10.194  1245 30508 I SDM     : HWCSession::ProcessRequests: Creating AsyncFenceWaits async thread.
06-08 15:39:10.195  1245 30508 I SDM     : HWCSession::ProcessRequests: Remove current CWB request from the pending request queue.
06-08 15:39:10.196  1245 30508 I SDM     : HWCSession::ProcessRequests: No pending cwb requests found in the queue.
06-08 15:39:10.199  1245  1464 I SDM     : HWDeviceDRM::SetupConcurrentWriteback: Tear down the Concurrent Writeback topology
06-08 15:39:10.206  1245 30509 I SDM     : HWCSession::NotifyCWBStatus: Notify the client about buffer status 0.
06-08 15:39:10.206  1245 30509 I SDM     : HWCSession::PerformFenceWaits: Remove current release fence from the pending fence wait queue.
06-08 15:39:10.206  1245 30509 I SDM     : HWCSession::PerformFenceWaits: CWB fence queue is empty. No pending release fence to wait on.
06-08 15:39:10.505  1977  2997 D libsensor-displayalgo: the value of  brightness:410.000000,R:74827669.726580,G:74826842.211101,B:74850176.108510,EVENT_C:6787.000000,EVENT_R:2634.500000,EVENT_G:3415.500000,EVENT_B:1381.500000
06-08 15:39:10.505  1977  2997 I libsensor-displayalgo: the value of  Coef1:1107.681000,Coef4:2.383000, scale1:0.935522, scale4:0.923264
06-08 15:39:10.506  1977  2997 E libsensor-displayalgo: RGB_test_0407_400_oldzy!
06-08 15:39:10.506  1977  2997 I libsensor-displayalgo: the value of  RESULT2931.019308,1157.523561,1425.878375,531.489232
06-08 15:39:10.506  1977  2997 I libsensor-displayalgo: the value of  getChannelDataCalibrated3065.611685,1072.479061,1651.905696,577.172245
06-08 15:39:10.506  1977  2997 I libsensor-displayalgo: the value of  REAL LUX218.648438
06-08 15:39:10.506  1977  2997 I libsensor-displayalgo: the value of  CAL REAL LUX218.648438
06-08 15:39:10.669 29575 29575 I HandWritingStubImpl: isKeyboardTypeChanged: false
06-08 15:39:10.670 29575 29575 I HandWritingStubImpl: isKeyboardTypeChanged: false
06-08 15:39:10.685  1245  2285 I vendor.qti.hardware.display.composer-service: FrameNotifyProcess Sensor: notify citsensorservice to trigger cwb
06-08 15:39:10.685  1977 18363 I libcitsensorservice@2.0-impl: msg_transfer
06-08 15:39:10.686  1977  2987 D vendor.xiaomi.sensor.citsensorservice@2.0-service: handle id:8 wxh:1280x2400 uwxuh:1080x2400 size: 9216000 fd:15 fd_meta:16 flags:0x4000228 usage:0x33  format:0x3 layer_count: 1
06-08 15:39:10.686  1245  3014 I SDM     : HWCSession::SetCWBOutputBuffer: CWB config passed by cwb_client : tappoint 1  CWB_ROI : (829.000000 4.000000 915.000000 90.000000)
06-08 15:39:10.689  1245 30511 I SDM     : HWCSession::ProcessRequests: Successfully configured CWB buffer.
06-08 15:39:10.695  1245 30511 I SDM     : HWCSession::ProcessRequests: Pushing release fence in fenece wait queue.
06-08 15:39:10.695  1245 30511 I SDM     : HWCSession::ProcessRequests: Creating AsyncFenceWaits async thread.
06-08 15:39:10.696  1245 30511 I SDM     : HWCSession::ProcessRequests: Remove current CWB request from the pending request queue.
06-08 15:39:10.696  1245 30511 I SDM     : HWCSession::ProcessRequests: No pending cwb requests found in the queue.
06-08 15:39:10.701  1245  1464 I SDM     : HWDeviceDRM::SetupConcurrentWriteback: Tear down the Concurrent Writeback topology
06-08 15:39:10.708  1245 30512 I SDM     : HWCSession::NotifyCWBStatus: Notify the client about buffer status 0.
06-08 15:39:10.709  1245 30512 I SDM     : HWCSession::PerformFenceWaits: Remove current release fence from the pending fence wait queue.
06-08 15:39:10.709  1245 30512 I SDM     : HWCSession::PerformFenceWaits: CWB fence queue is empty. No pending release fence to wait on.
06-08 15:39:10.805  1977  2997 D libsensor-displayalgo: the value of  brightness:410.000000,R:74827669.726580,G:74826842.211101,B:74850176.108510,EVENT_C:6770.500000,EVENT_R:2631.500000,EVENT_G:3405.000000,EVENT_B:1380.500000
06-08 15:39:10.805  1977  2997 I libsensor-displayalgo: the value of  Coef1:1107.681000,Coef4:2.383000, scale1:0.935522, scale4:0.923264
06-08 15:39:10.806  1977  2997 E libsensor-displayalgo: RGB_test_0407_400_oldzy!
06-08 15:39:10.807  1977  2997 I libsensor-displayalgo: the value of  RESULT2931.019308,1157.523561,1425.878375,531.489232
06-08 15:39:10.807  1977  2997 I libsensor-displayalgo: the value of  getChannelDataCalibrated3065.611685,1072.479061,1651.905696,577.172245
06-08 15:39:10.807  1977  2997 I libsensor-displayalgo: the value of  REAL LUX217.200546
06-08 15:39:10.807  1977  2997 I libsensor-displayalgo: the value of  CAL REAL LUX217.200546
06-08 15:39:11.105  1977  2997 D libsensor-displayalgo: the value of  brightness:410.000000,R:74827669.726580,G:74826842.211101,B:74850176.108510,EVENT_C:6770.500000,EVENT_R:2631.500000,EVENT_G:3405.000000,EVENT_B:1380.500000
06-08 15:39:11.105  1977  2997 I libsensor-displayalgo: the value of  Coef1:1107.681000,Coef4:2.383000, scale1:0.935522, scale4:0.923264
06-08 15:39:11.105  1977  2997 E libsensor-displayalgo: RGB_test_0407_400_oldzy!
06-08 15:39:11.106  1977  2997 I libsensor-displayalgo: the value of  RESULT2931.019308,1157.523561,1425.878375,531.489232
06-08 15:39:11.106  1977  2997 I libsensor-displayalgo: the value of  getChannelDataCalibrated3065.611685,1072.479061,1651.905696,577.172245
06-08 15:39:11.106  1977  2997 I libsensor-displayalgo: the value of  REAL LUX217.200546
06-08 15:39:11.106  1977  2997 I libsensor-displayalgo: the value of  CAL REAL LUX217.200546
06-08 15:39:11.172 29575 29575 I HandWritingStubImpl: isKeyboardTypeChanged: false
06-08 15:39:11.172 29575 29575 I HandWritingStubImpl: isKeyboardTypeChanged: false
06-08 15:39:11.187  1245  2285 I vendor.qti.hardware.display.composer-service: FrameNotifyProcess Sensor: notify citsensorservice to trigger cwb
06-08 15:39:11.188  1977 18363 I libcitsensorservice@2.0-impl: msg_transfer
06-08 15:39:11.188  1977  2987 D vendor.xiaomi.sensor.citsensorservice@2.0-service: handle id:8 wxh:1280x2400 uwxuh:1080x2400 size: 9216000 fd:15 fd_meta:16 flags:0x4000228 usage:0x33  format:0x3 layer_count: 1
06-08 15:39:11.189  1245  3014 I SDM     : HWCSession::SetCWBOutputBuffer: CWB config passed by cwb_client : tappoint 1  CWB_ROI : (829.000000 4.000000 915.000000 90.000000)
06-08 15:39:11.191  1245 30514 I SDM     : HWCSession::ProcessRequests: Successfully configured CWB buffer.
06-08 15:39:11.196  1245 30514 I SDM     : HWCSession::ProcessRequests: Pushing release fence in fenece wait queue.
06-08 15:39:11.196  1245 30514 I SDM     : HWCSession::ProcessRequests: Creating AsyncFenceWaits async thread.
06-08 15:39:11.197  1245 30514 I SDM     : HWCSession::ProcessRequests: Remove current CWB request from the pending request queue.
06-08 15:39:11.197  1245 30514 I SDM     : HWCSession::ProcessRequests: No pending cwb requests found in the queue.
06-08 15:39:11.203  1245  1464 I SDM     : HWDeviceDRM::SetupConcurrentWriteback: Tear down the Concurrent Writeback topology
06-08 15:39:11.209  1245 30515 I SDM     : HWCSession::NotifyCWBStatus: Notify the client about buffer status 0.
06-08 15:39:11.210  1245 30515 I SDM     : HWCSession::PerformFenceWaits: Remove current release fence from the pending fence wait queue.
06-08 15:39:11.210  1245 30515 I SDM     : HWCSession::PerformFenceWaits: CWB fence queue is empty. No pending release fence to wait on.
06-08 15:39:11.405  1977  2997 D libsensor-displayalgo: the value of  brightness:410.000000,R:74827669.726580,G:74826842.211101,B:74850176.108510,EVENT_C:6789.500000,EVENT_R:2635.000000,EVENT_G:3411.500000,EVENT_B:1384.500000
06-08 15:39:11.405  1977  2997 I libsensor-displayalgo: the value of  Coef1:1107.681000,Coef4:2.383000, scale1:0.935522, scale4:0.923264
06-08 15:39:11.405  1977  2997 E libsensor-displayalgo: RGB_test_0407_400_oldzy!
06-08 15:39:11.406  1977  2997 I libsensor-displayalgo: the value of  RESULT2931.019308,1157.523561,1425.878375,531.489232
06-08 15:39:11.406  1977  2997 I libsensor-displayalgo: the value of  getChannelDataCalibrated3065.611685,1072.479061,1651.905696,577.172245
06-08 15:39:11.406  1977  2997 I libsensor-displayalgo: the value of  REAL LUX218.380280
06-08 15:39:11.406  1977  2997 I libsensor-displayalgo: the value of  CAL REAL LUX218.380280
06-08 15:39:11.663  5452  9741 W SLM-SRV-SLAService: mobileDataName set null
06-08 15:39:11.663  5452  9741 D SLM-SRV-SLAService: isIfaceRemoved If number:1-->1
06-08 15:39:11.663  5452  9741 D SLM-SRV-SLAService: startIfaceMonitorTimer mRetryCount:11
06-08 15:39:11.663  5452  9741 I SLM-SRV-SLAService: processNetworkCallback ON_LOST
06-08 15:39:11.664  5452  9741 I SLM-SRV-SLAService: updateInterface
06-08 15:39:11.669  5452  9741 I SLM-SRV-SLAService: If name:wlan0, If number:1
06-08 15:39:11.669  5452  9741 I SLM-SRV-SLAService: updateSLAD
06-08 15:39:11.669  5452  9741 I SLM-SRV-SLAService: isSLAReady:false, isDWReady:false
06-08 15:39:11.669  5452  9741 D SLM-SRV-SLAService: slad is already disabled
06-08 15:39:11.669  5452  9741 I SLM-SRV-SLSAppLib: setSLSEnableStatus:false
06-08 15:39:11.669  5452  9741 D SLM-SRV-SLAAppLib: getLinkTurboWhiteList:10250,10234,10239,10219,10224,10220,10231,10232,10261,10366,
06-08 15:39:11.670  5452  9741 D SLM-SRV-SLAAppLib: getLinkTurboWhiteList:10250,10234,10239,10219,10224,10220,10231,10232,10261,10366,
06-08 15:39:11.670  5452  9741 I SLM-SRV-SLSAppLib: setSLAAppWhiteList:10250,10234,10239,10219,10224,10220,10231,10232,10261,10366,
06-08 15:39:11.673 29575 29575 I HandWritingStubImpl: isKeyboardTypeChanged: false
06-08 15:39:11.674 29575 29575 I HandWritingStubImpl: isKeyboardTypeChanged: false
06-08 15:39:11.689  1245  2285 I vendor.qti.hardware.display.composer-service: FrameNotifyProcess Sensor: notify citsensorservice to trigger cwb
06-08 15:39:11.689  1977 18363 I libcitsensorservice@2.0-impl: msg_transfer
06-08 15:39:11.689  1977  2987 D vendor.xiaomi.sensor.citsensorservice@2.0-service: handle id:8 wxh:1280x2400 uwxuh:1080x2400 size: 9216000 fd:15 fd_meta:16 flags:0x4000228 usage:0x33  format:0x3 layer_count: 1
06-08 15:39:11.690  1245  3014 I SDM     : HWCSession::SetCWBOutputBuffer: CWB config passed by cwb_client : tappoint 1  CWB_ROI : (829.000000 4.000000 915.000000 90.000000)
06-08 15:39:11.692  1245 30519 I SDM     : HWCSession::ProcessRequests: Successfully configured CWB buffer.
06-08 15:39:11.699  1245 30519 I SDM     : HWCSession::ProcessRequests: Pushing release fence in fenece wait queue.
06-08 15:39:11.699  1245 30519 I SDM     : HWCSession::ProcessRequests: Creating AsyncFenceWaits async thread.
06-08 15:39:11.700  1245 30519 I SDM     : HWCSession::ProcessRequests: Remove current CWB request from the pending request queue.
06-08 15:39:11.700  1245 30519 I SDM     : HWCSession::ProcessRequests: No pending cwb requests found in the queue.
06-08 15:39:11.705  1245  1464 I SDM     : HWDeviceDRM::SetupConcurrentWriteback: Tear down the Concurrent Writeback topology
06-08 15:39:11.705  1977  2997 D libsensor-displayalgo: the value of  brightness:410.000000,R:74827669.726580,G:74826842.211101,B:74850176.108510,EVENT_C:6789.500000,EVENT_R:2635.000000,EVENT_G:3411.500000,EVENT_B:1384.500000
06-08 15:39:11.705  1977  2997 I libsensor-displayalgo: the value of  Coef1:1107.681000,Coef4:2.383000, scale1:0.935522, scale4:0.923264
06-08 15:39:11.705  1977  2997 E libsensor-displayalgo: RGB_test_0407_400_oldzy!
06-08 15:39:11.707  1977  2997 I libsensor-displayalgo: the value of  RESULT2931.019308,1157.523561,1425.878375,531.489232
06-08 15:39:11.708  1977  2997 I libsensor-displayalgo: the value of  getChannelDataCalibrated3065.611685,1072.479061,1651.905696,577.172245
06-08 15:39:11.708  1977  2997 I libsensor-displayalgo: the value of  REAL LUX218.380280
06-08 15:39:11.708  1977  2997 I libsensor-displayalgo: the value of  CAL REAL LUX218.380280
06-08 15:39:11.711  1245 30520 I SDM     : HWCSession::NotifyCWBStatus: Notify the client about buffer status 0.
06-08 15:39:11.712  1245 30520 I SDM     : HWCSession::PerformFenceWaits: Remove current release fence from the pending fence wait queue.
06-08 15:39:11.712  1245 30520 I SDM     : HWCSession::PerformFenceWaits: CWB fence queue is empty. No pending release fence to wait on.
06-08 15:39:11.980  4027  9107 D QCNEJ/NativeHalConnector: -> SND notifyDefaultNetworkChanged(1)
06-08 15:39:11.987 22052 22154 D TAB.NetworkUtils: network onCapabilitiesChanged
06-08 15:39:11.988  5452  9744 I SLM-SRV-SLAService: onCapabilitiesChanged WIFI master
06-08 15:39:12.104  1977  2997 D libsensor-displayalgo: the value of  brightness:410.000000,R:74827669.726580,G:74826842.211101,B:74850176.108510,EVENT_C:6826.500000,EVENT_R:2648.000000,EVENT_G:3437.000000,EVENT_B:1396.000000
06-08 15:39:12.104  1977  2997 I libsensor-displayalgo: the value of  Coef1:1107.681000,Coef4:2.383000, scale1:0.935522, scale4:0.923264
06-08 15:39:12.104  1977  2997 E libsensor-displayalgo: RGB_test_0407_400_oldzy!
06-08 15:39:12.105  1977  2997 I libsensor-displayalgo: the value of  RESULT2931.019308,1157.523561,1425.878375,531.489232
06-08 15:39:12.105  1977  2997 I libsensor-displayalgo: the value of  getChannelDataCalibrated3065.611685,1072.479061,1651.905696,577.172245
06-08 15:39:12.105  1977  2997 I libsensor-displayalgo: the value of  REAL LUX220.727478
06-08 15:39:12.105  1977  2997 I libsensor-displayalgo: the value of  CAL REAL LUX220.727478
06-08 15:39:12.176 29575 29575 I HandWritingStubImpl: isKeyboardTypeChanged: false
06-08 15:39:12.176 29575 29575 I HandWritingStubImpl: isKeyboardTypeChanged: false
06-08 15:39:12.191  1245  2285 I vendor.qti.hardware.display.composer-service: FrameNotifyProcess Sensor: notify citsensorservice to trigger cwb
06-08 15:39:12.191  1977 18363 I libcitsensorservice@2.0-impl: msg_transfer
06-08 15:39:12.192  1977  2987 D vendor.xiaomi.sensor.citsensorservice@2.0-service: handle id:8 wxh:1280x2400 uwxuh:1080x2400 size: 9216000 fd:15 fd_meta:16 flags:0x4000228 usage:0x33  format:0x3 layer_count: 1
06-08 15:39:12.192  1245  3014 I SDM     : HWCSession::SetCWBOutputBuffer: CWB config passed by cwb_client : tappoint 1  CWB_ROI : (829.000000 4.000000 915.000000 90.000000)
06-08 15:39:12.193  1245 30523 I SDM     : HWCSession::ProcessRequests: Successfully configured CWB buffer.
06-08 15:39:12.200  1245 30523 I SDM     : HWCSession::ProcessRequests: Pushing release fence in fenece wait queue.
06-08 15:39:12.201  1245 30523 I SDM     : HWCSession::ProcessRequests: Creating AsyncFenceWaits async thread.
06-08 15:39:12.201  1245 30523 I SDM     : HWCSession::ProcessRequests: Remove current CWB request from the pending request queue.
06-08 15:39:12.202  1245 30523 I SDM     : HWCSession::ProcessRequests: No pending cwb requests found in the queue.
06-08 15:39:12.207  1245  1464 I SDM     : HWDeviceDRM::SetupConcurrentWriteback: Tear down the Concurrent Writeback topology
06-08 15:39:12.213  1245 30524 I SDM     : HWCSession::NotifyCWBStatus: Notify the client about buffer status 0.
06-08 15:39:12.214  1245 30524 I SDM     : HWCSession::PerformFenceWaits: Remove current release fence from the pending fence wait queue.
06-08 15:39:12.214  1245 30524 I SDM     : HWCSession::PerformFenceWaits: CWB fence queue is empty. No pending release fence to wait on.
06-08 15:39:12.405  1977  2997 D libsensor-displayalgo: the value of  brightness:410.000000,R:74827669.726580,G:74826842.211101,B:74850176.108510,EVENT_C:6832.500000,EVENT_R:2646.500000,EVENT_G:3440.000000,EVENT_B:1397.500000
06-08 15:39:12.405  1977  2997 I libsensor-displayalgo: the value of  Coef1:1107.681000,Coef4:2.383000, scale1:0.935522, scale4:0.923264
06-08 15:39:12.405  1977  2997 E libsensor-displayalgo: RGB_test_0407_400_oldzy!
06-08 15:39:12.406  1977  2997 I libsensor-displayalgo: the value of  RESULT2931.019308,1157.523561,1425.878375,531.489232
06-08 15:39:12.406  1977  2997 I libsensor-displayalgo: the value of  getChannelDataCalibrated3065.611685,1072.479061,1651.905696,577.172245
06-08 15:39:12.406  1977  2997 I libsensor-displayalgo: the value of  REAL LUX221.222153
06-08 15:39:12.406  1977  2997 I libsensor-displayalgo: the value of  CAL REAL LUX221.222153
06-08 15:39:12.672 29575 29575 I HandWritingStubImpl: isKeyboardTypeChanged: false
06-08 15:39:12.673 29575 29575 I HandWritingStubImpl: isKeyboardTypeChanged: false
06-08 15:39:12.686  1245  2285 I vendor.qti.hardware.display.composer-service: FrameNotifyProcess Sensor: notify citsensorservice to trigger cwb
06-08 15:39:12.687  1977  2106 I libcitsensorservice@2.0-impl: msg_transfer
06-08 15:39:12.688  1977  2987 D vendor.xiaomi.sensor.citsensorservice@2.0-service: handle id:8 wxh:1280x2400 uwxuh:1080x2400 size: 9216000 fd:15 fd_meta:16 flags:0x4000228 usage:0x33  format:0x3 layer_count: 1
06-08 15:39:12.688  1245  3014 I SDM     : HWCSession::SetCWBOutputBuffer: CWB config passed by cwb_client : tappoint 1  CWB_ROI : (829.000000 4.000000 915.000000 90.000000)
06-08 15:39:12.689  1245 30526 I SDM     : HWCSession::ProcessRequests: Successfully configured CWB buffer.
06-08 15:39:12.695  1245 30526 I SDM     : HWCSession::ProcessRequests: Pushing release fence in fenece wait queue.
06-08 15:39:12.695  1245 30526 I SDM     : HWCSession::ProcessRequests: Creating AsyncFenceWaits async thread.
06-08 15:39:12.695  1245 30526 I SDM     : HWCSession::ProcessRequests: Remove current CWB request from the pending request queue.
06-08 15:39:12.696  1245 30526 I SDM     : HWCSession::ProcessRequests: No pending cwb requests found in the queue.
06-08 15:39:12.701  1245  1464 I SDM     : HWDeviceDRM::SetupConcurrentWriteback: Tear down the Concurrent Writeback topology
06-08 15:39:12.704  1977  2997 D libsensor-displayalgo: the value of  brightness:410.000000,R:74827669.726580,G:74826842.211101,B:74850176.108510,EVENT_C:6832.500000,EVENT_R:2646.500000,EVENT_G:3440.000000,EVENT_B:1397.500000
06-08 15:39:12.705  1977  2997 I libsensor-displayalgo: the value of  Coef1:1107.681000,Coef4:2.383000, scale1:0.935522, scale4:0.923264
06-08 15:39:12.705  1977  2997 E libsensor-displayalgo: RGB_test_0407_400_oldzy!
06-08 15:39:12.705  1977  2997 I libsensor-displayalgo: the value of  RESULT2931.019308,1157.523561,1425.878375,531.489232
06-08 15:39:12.705  1977  2997 I libsensor-displayalgo: the value of  getChannelDataCalibrated3065.611685,1072.479061,1651.905696,577.172245
06-08 15:39:12.705  1977  2997 I libsensor-displayalgo: the value of  REAL LUX221.222153
06-08 15:39:12.705  1977  2997 I libsensor-displayalgo: the value of  CAL REAL LUX221.222153
06-08 15:39:12.708  1245 30527 I SDM     : HWCSession::NotifyCWBStatus: Notify the client about buffer status 0.
06-08 15:39:12.708  1245 30527 I SDM     : HWCSession::PerformFenceWaits: Remove current release fence from the pending fence wait queue.
06-08 15:39:12.708  1245 30527 I SDM     : HWCSession::PerformFenceWaits: CWB fence queue is empty. No pending release fence to wait on.
06-08 15:39:12.772  2403  2990 I BatteryService: current mPlugType2current mHealthInfo.batteryLevel94current mHealthInfo.batteryTemperature325
06-08 15:39:12.777  5823  7760 D ThermalIECHandler: storeDataStyle: thermal_iec_monitor_persistence_data_style_iec_state; startIECTime: -1; IECScreenOffOverPeriodTime: 3035475955
06-08 15:39:12.779  4125  4125 D DynamicService:  ACTION_BATTERY_CHANGED change,USB plug = 2
06-08 15:39:12.782  5823  6819 D PowerKeeper.FrozenApp: onBatteryChanged plug=true mBatteryPlugged=2
06-08 15:39:12.783  5823  7357 D PowerCheckerService: onBatteryChanged, mBatteryLevel = 94, status = 2, level = 94, plug = 2, scale = 100
06-08 15:39:12.783  5823  7671 D PowerKeeper.Thermal: mBatteryTemperature: 32
06-08 15:39:12.784  4056  4056 D QtiCarrierConfigHelper: WARNING, no carrier configs on phone Id: 1
06-08 15:39:12.784  5786  5786 I BatteryInfoReceiver: ACTION_BATTERY_CHANGED
06-08 15:39:12.786  2403  2605 I android_os_HwBinder: HwBinder: Starting thread pool for getting: vendor.xiaomi.hardware.micharge@1.0::IMiCharge/default
06-08 15:39:12.786  5786  5786 I PowerNoticeUI: handleBatteryChanged oldPlugType 2 mPlugType 2 oldBatteryLevel 94 mBatteryLevel 94 temperature 325
06-08 15:39:12.787  1307  8169 E vendor.xiaomi.hardware.micharge@1.0-service: Failed to open node /sys/class/qcom-battery/reverse_chg_mode
06-08 15:39:12.787  1307  8169 I vendor.xiaomi.hardware.micharge@1.0-service: ReadFilePathValue path = /sys/class/qcom-battery/reverse_chg_mode value =
06-08 15:39:12.789  2403  2605 I android_os_HwBinder: HwBinder: Starting thread pool for getting: vendor.xiaomi.hardware.micharge@1.0::IMiCharge/default
06-08 15:39:12.790  1307  8169 I vendor.xiaomi.hardware.micharge@1.0-service: ReadFilePathValue path = /sys/class/qcom-battery/fastchg_mode value = 0
06-08 15:39:12.793  4098  4098 V DeviceStatisticsService: chargerType=2 batteryLevel=94 totalBatteryCapacity=4095700
06-08 15:39:12.793  4098  4098 D DeviceInfoHidlClient: isRadioOn()=true
06-08 15:39:12.793  4098  4098 I DeviceInfoHidlClient: isPowerInfoNeverSent=false batteryLevel=94 batteryLevelIndex=6 chargingMode=2 totalCapacity=4095700 powerSaveMode=false
06-08 15:39:12.795  5786  8359 I android_os_HwBinder: HwBinder: Starting thread pool for getting: vendor.xiaomi.hardware.micharge@1.0::IMiCharge/default
06-08 15:39:12.796  1307  8169 I vendor.xiaomi.hardware.micharge@1.0-service: ReadFilePathValue path = /sys/class/qcom-battery/night_charging value = 0
06-08 15:39:12.796  5786  8359 I ChargeProtectionUtils: getNightChargingState: 0
06-08 15:39:13.005  1977  2997 D libsensor-displayalgo: the value of  brightness:410.000000,R:74827669.726580,G:74826842.211101,B:74850176.108510,EVENT_C:6806.500000,EVENT_R:2642.000000,EVENT_G:3421.500000,EVENT_B:1387.500000
06-08 15:39:13.005  1977  2997 I libsensor-displayalgo: the value of  Coef1:1107.681000,Coef4:2.383000, scale1:0.935522, scale4:0.923264
06-08 15:39:13.005  1977  2997 E libsensor-displayalgo: RGB_test_0407_400_oldzy!
06-08 15:39:13.006  1977  2997 I libsensor-displayalgo: the value of  RESULT2931.019308,1157.523561,1425.878375,531.489232
06-08 15:39:13.006  1977  2997 I libsensor-displayalgo: the value of  getChannelDataCalibrated3065.611685,1072.479061,1651.905696,577.172245
06-08 15:39:13.006  1977  2997 I libsensor-displayalgo: the value of  REAL LUX219.527435
06-08 15:39:13.006  1977  2997 I libsensor-displayalgo: the value of  CAL REAL LUX219.527435
06-08 15:39:13.173 29575 29575 I HandWritingStubImpl: isKeyboardTypeChanged: false
06-08 15:39:13.174 29575 29575 I HandWritingStubImpl: isKeyboardTypeChanged: false
06-08 15:39:13.189  1245  2285 I vendor.qti.hardware.display.composer-service: FrameNotifyProcess Sensor: notify citsensorservice to trigger cwb
06-08 15:39:13.191  1977 18363 I libcitsensorservice@2.0-impl: msg_transfer
06-08 15:39:13.193  1977  2987 D vendor.xiaomi.sensor.citsensorservice@2.0-service: handle id:8 wxh:1280x2400 uwxuh:1080x2400 size: 9216000 fd:15 fd_meta:16 flags:0x4000228 usage:0x33  format:0x3 layer_count: 1
06-08 15:39:13.195  1245  3014 I SDM     : HWCSession::SetCWBOutputBuffer: CWB config passed by cwb_client : tappoint 1  CWB_ROI : (829.000000 4.000000 915.000000 90.000000)
06-08 15:39:13.196  1245 30529 I SDM     : HWCSession::ProcessRequests: Successfully configured CWB buffer.
06-08 15:39:13.206  1245 30529 I SDM     : HWCSession::ProcessRequests: Pushing release fence in fenece wait queue.
06-08 15:39:13.206  1245 30529 I SDM     : HWCSession::ProcessRequests: Creating AsyncFenceWaits async thread.
06-08 15:39:13.207  1245 30529 I SDM     : HWCSession::ProcessRequests: Remove current CWB request from the pending request queue.
06-08 15:39:13.207  1245 30529 I SDM     : HWCSession::ProcessRequests: No pending cwb requests found in the queue.
06-08 15:39:13.213  1245  1464 I SDM     : HWDeviceDRM::SetupConcurrentWriteback: Tear down the Concurrent Writeback topology
06-08 15:39:13.219  1245 30530 I SDM     : HWCSession::NotifyCWBStatus: Notify the client about buffer status 0.
06-08 15:39:13.220  1245 30530 I SDM     : HWCSession::PerformFenceWaits: Remove current release fence from the pending fence wait queue.
06-08 15:39:13.220  1245 30530 I SDM     : HWCSession::PerformFenceWaits: CWB fence queue is empty. No pending release fence to wait on.
06-08 15:39:13.306  1977  2997 D libsensor-displayalgo: the value of  brightness:410.000000,R:74827669.726580,G:74826842.211101,B:74850176.108510,EVENT_C:6775.000000,EVENT_R:2630.500000,EVENT_G:3406.000000,EVENT_B:1380.000000
06-08 15:39:13.306  1977  2997 I libsensor-displayalgo: the value of  Coef1:1107.681000,Coef4:2.383000, scale1:0.935522, scale4:0.923264
06-08 15:39:13.306  1977  2997 E libsensor-displayalgo: RGB_test_0407_400_oldzy!
06-08 15:39:13.306  1977  2997 I libsensor-displayalgo: the value of  RESULT2931.019308,1157.523561,1425.878375,531.489232
06-08 15:39:13.306  1977  2997 I libsensor-displayalgo: the value of  getChannelDataCalibrated3065.611685,1072.479061,1651.905696,577.172245
06-08 15:39:13.307  1977  2997 I libsensor-displayalgo: the value of  REAL LUX217.641953
06-08 15:39:13.307  1977  2997 I libsensor-displayalgo: the value of  CAL REAL LUX217.641953
06-08 15:39:13.676 29575 29575 I HandWritingStubImpl: isKeyboardTypeChanged: false
06-08 15:39:13.677 29575 29575 I HandWritingStubImpl: isKeyboardTypeChanged: false
06-08 15:39:13.690  1245  2285 I vendor.qti.hardware.display.composer-service: FrameNotifyProcess Sensor: notify citsensorservice to trigger cwb
06-08 15:39:13.691  1977 18363 I libcitsensorservice@2.0-impl: msg_transfer
06-08 15:39:13.691  1977  2987 D vendor.xiaomi.sensor.citsensorservice@2.0-service: handle id:8 wxh:1280x2400 uwxuh:1080x2400 size: 9216000 fd:15 fd_meta:16 flags:0x4000228 usage:0x33  format:0x3 layer_count: 1
06-08 15:39:13.692  1245  3014 I SDM     : HWCSession::SetCWBOutputBuffer: CWB config passed by cwb_client : tappoint 1  CWB_ROI : (829.000000 4.000000 915.000000 90.000000)
06-08 15:39:13.694  1245 30532 I SDM     : HWCSession::ProcessRequests: Successfully configured CWB buffer.
06-08 15:39:13.700  1245 30532 I SDM     : HWCSession::ProcessRequests: Pushing release fence in fenece wait queue.
06-08 15:39:13.700  1245 30532 I SDM     : HWCSession::ProcessRequests: Creating AsyncFenceWaits async thread.
06-08 15:39:13.701  1245 30532 I SDM     : HWCSession::ProcessRequests: Remove current CWB request from the pending request queue.
06-08 15:39:13.701  1245 30532 I SDM     : HWCSession::ProcessRequests: No pending cwb requests found in the queue.
06-08 15:39:13.704  1977  2997 D libsensor-displayalgo: the value of  brightness:410.000000,R:74827669.726580,G:74826842.211101,B:74850176.108510,EVENT_C:6775.000000,EVENT_R:2630.500000,EVENT_G:3406.000000,EVENT_B:1380.000000
06-08 15:39:13.704  1977  2997 I libsensor-displayalgo: the value of  Coef1:1107.681000,Coef4:2.383000, scale1:0.935522, scale4:0.923264
06-08 15:39:13.704  1977  2997 E libsensor-displayalgo: RGB_test_0407_400_oldzy!
06-08 15:39:13.705  1977  2997 I libsensor-displayalgo: the value of  RESULT2931.019308,1157.523561,1425.878375,531.489232
06-08 15:39:13.705  1977  2997 I libsensor-displayalgo: the value of  getChannelDataCalibrated3065.611685,1072.479061,1651.905696,577.172245
06-08 15:39:13.705  1977  2997 I libsensor-displayalgo: the value of  REAL LUX217.641953
06-08 15:39:13.705  1977  2997 I libsensor-displayalgo: the value of  CAL REAL LUX217.641953
06-08 15:39:13.706  1245  1464 I SDM     : HWDeviceDRM::SetupConcurrentWriteback: Tear down the Concurrent Writeback topology
06-08 15:39:13.713  1245 30533 I SDM     : HWCSession::NotifyCWBStatus: Notify the client about buffer status 0.
06-08 15:39:13.714  1245 30533 I SDM     : HWCSession::PerformFenceWaits: Remove current release fence from the pending fence wait queue.
06-08 15:39:13.714  1245 30533 I SDM     : HWCSession::PerformFenceWaits: CWB fence queue is empty. No pending release fence to wait on.
06-08 15:39:14.006  1977  2997 D libsensor-displayalgo: the value of  brightness:410.000000,R:74827669.726580,G:74826842.211101,B:74850176.108510,EVENT_C:6805.500000,EVENT_R:2640.500000,EVENT_G:3423.000000,EVENT_B:1387.500000
06-08 15:39:14.006  1977  2997 I libsensor-displayalgo: the value of  Coef1:1107.681000,Coef4:2.383000, scale1:0.935522, scale4:0.923264
06-08 15:39:14.006  1977  2997 E libsensor-displayalgo: RGB_test_0407_400_oldzy!
06-08 15:39:14.007  1977  2997 I libsensor-displayalgo: the value of  RESULT2931.019308,1157.523561,1425.878375,531.489232
06-08 15:39:14.007  1977  2997 I libsensor-displayalgo: the value of  getChannelDataCalibrated3065.611685,1072.479061,1651.905696,577.172245
06-08 15:39:14.007  1977  2997 I libsensor-displayalgo: the value of  REAL LUX219.581680
06-08 15:39:14.007  1977  2997 I libsensor-displayalgo: the value of  CAL REAL LUX219.581680
06-08 15:39:14.177 29575 29575 I HandWritingStubImpl: isKeyboardTypeChanged: false
06-08 15:39:14.178 29575 29575 I HandWritingStubImpl: isKeyboardTypeChanged: false
06-08 15:39:14.192  1245  2285 I vendor.qti.hardware.display.composer-service: FrameNotifyProcess Sensor: notify citsensorservice to trigger cwb
06-08 15:39:14.192  1977 18363 I libcitsensorservice@2.0-impl: msg_transfer
06-08 15:39:14.193  1977  2987 D vendor.xiaomi.sensor.citsensorservice@2.0-service: handle id:8 wxh:1280x2400 uwxuh:1080x2400 size: 9216000 fd:15 fd_meta:16 flags:0x4000228 usage:0x33  format:0x3 layer_count: 1
06-08 15:39:14.193  1245  3014 I SDM     : HWCSession::SetCWBOutputBuffer: CWB config passed by cwb_client : tappoint 1  CWB_ROI : (829.000000 4.000000 915.000000 90.000000)
06-08 15:39:14.194  1245 30535 I SDM     : HWCSession::ProcessRequests: Successfully configured CWB buffer.
06-08 15:39:14.202  1245 30535 I SDM     : HWCSession::ProcessRequests: Pushing release fence in fenece wait queue.
06-08 15:39:14.202  1245 30535 I SDM     : HWCSession::ProcessRequests: Creating AsyncFenceWaits async thread.
06-08 15:39:14.202  1245 30535 I SDM     : HWCSession::ProcessRequests: Remove current CWB request from the pending request queue.
06-08 15:39:14.203  1245 30535 I SDM     : HWCSession::ProcessRequests: No pending cwb requests found in the queue.
06-08 15:39:14.208  1245  1464 I SDM     : HWDeviceDRM::SetupConcurrentWriteback: Tear down the Concurrent Writeback topology
06-08 15:39:14.215  1245 30536 I SDM     : HWCSession::NotifyCWBStatus: Notify the client about buffer status 0.
06-08 15:39:14.216  1245 30536 I SDM     : HWCSession::PerformFenceWaits: Remove current release fence from the pending fence wait queue.
06-08 15:39:14.216  1245 30536 I SDM     : HWCSession::PerformFenceWaits: CWB fence queue is empty. No pending release fence to wait on.
06-08 15:39:14.305  1977  2997 D libsensor-displayalgo: the value of  brightness:410.000000,R:74827669.726580,G:74826842.211101,B:74850176.108510,EVENT_C:6815.500000,EVENT_R:2640.000000,EVENT_G:3429.000000,EVENT_B:1395.000000
06-08 15:39:14.305  1977  2997 I libsensor-displayalgo: the value of  Coef1:1107.681000,Coef4:2.383000, scale1:0.935522, scale4:0.923264
06-08 15:39:14.305  1977  2997 E libsensor-displayalgo: RGB_test_0407_400_oldzy!
06-08 15:39:14.306  1977  2997 I libsensor-displayalgo: the value of  RESULT2931.019308,1157.523561,1425.878375,531.489232
06-08 15:39:14.306  1977  2997 I libsensor-displayalgo: the value of  getChannelDataCalibrated3065.611685,1072.479061,1651.905696,577.172245
06-08 15:39:14.306  1977  2997 I libsensor-displayalgo: the value of  REAL LUX219.970001
06-08 15:39:14.306  1977  2997 I libsensor-displayalgo: the value of  CAL REAL LUX219.970001
06-08 15:39:14.606  1977  2997 D libsensor-displayalgo: the value of  brightness:410.000000,R:74827669.726580,G:74826842.211101,B:74850176.108510,EVENT_C:6815.500000,EVENT_R:2640.000000,EVENT_G:3429.000000,EVENT_B:1395.000000
06-08 15:39:14.606  1977  2997 I libsensor-displayalgo: the value of  Coef1:1107.681000,Coef4:2.383000, scale1:0.935522, scale4:0.923264
06-08 15:39:14.606  1977  2997 E libsensor-displayalgo: RGB_test_0407_400_oldzy!
06-08 15:39:14.606  1977  2997 I libsensor-displayalgo: the value of  RESULT2931.019308,1157.523561,1425.878375,531.489232
06-08 15:39:14.607  1977  2997 I libsensor-displayalgo: the value of  getChannelDataCalibrated3065.611685,1072.479061,1651.905696,577.172245
06-08 15:39:14.607  1977  2997 I libsensor-displayalgo: the value of  REAL LUX219.970001
06-08 15:39:14.607  1977  2997 I libsensor-displayalgo: the value of  CAL REAL LUX219.970001
06-08 15:39:14.679 29575 29575 I HandWritingStubImpl: isKeyboardTypeChanged: false
06-08 15:39:14.680 29575 29575 I HandWritingStubImpl: isKeyboardTypeChanged: false
06-08 15:39:14.694  1245  2285 I vendor.qti.hardware.display.composer-service: FrameNotifyProcess Sensor: notify citsensorservice to trigger cwb
06-08 15:39:14.694  1977  1977 I libcitsensorservice@2.0-impl: msg_transfer
06-08 15:39:14.695  1977  2987 D vendor.xiaomi.sensor.citsensorservice@2.0-service: handle id:8 wxh:1280x2400 uwxuh:1080x2400 size: 9216000 fd:15 fd_meta:16 flags:0x4000228 usage:0x33  format:0x3 layer_count: 1
06-08 15:39:14.696  1245  3014 I SDM     : HWCSession::SetCWBOutputBuffer: CWB config passed by cwb_client : tappoint 1  CWB_ROI : (829.000000 4.000000 915.000000 90.000000)
06-08 15:39:14.697  1245 30538 I SDM     : HWCSession::ProcessRequests: Successfully configured CWB buffer.
06-08 15:39:14.703  1245 30538 I SDM     : HWCSession::ProcessRequests: Pushing release fence in fenece wait queue.
06-08 15:39:14.704  1245 30538 I SDM     : HWCSession::ProcessRequests: Creating AsyncFenceWaits async thread.
06-08 15:39:14.704  1245 30538 I SDM     : HWCSession::ProcessRequests: Remove current CWB request from the pending request queue.
06-08 15:39:14.704  1245 30538 I SDM     : HWCSession::ProcessRequests: No pending cwb requests found in the queue.
06-08 15:39:14.710  1245  1464 I SDM     : HWDeviceDRM::SetupConcurrentWriteback: Tear down the Concurrent Writeback topology
06-08 15:39:14.717  1245 30539 I SDM     : HWCSession::NotifyCWBStatus: Notify the client about buffer status 0.
06-08 15:39:14.717  1245 30539 I SDM     : HWCSession::PerformFenceWaits: Remove current release fence from the pending fence wait queue.
06-08 15:39:14.717  1245 30539 I SDM     : HWCSession::PerformFenceWaits: CWB fence queue is empty. No pending release fence to wait on.
06-08 15:39:14.905  1977  2997 D libsensor-displayalgo: the value of  brightness:410.000000,R:74827669.726580,G:74826842.211101,B:74850176.108510,EVENT_C:6810.500000,EVENT_R:2640.000000,EVENT_G:3423.000000,EVENT_B:1390.500000
06-08 15:39:14.905  1977  2997 I libsensor-displayalgo: the value of  Coef1:1107.681000,Coef4:2.383000, scale1:0.935522, scale4:0.923264
06-08 15:39:14.905  1977  2997 E libsensor-displayalgo: RGB_test_0407_400_oldzy!
06-08 15:39:14.906  1977  2997 I libsensor-displayalgo: the value of  RESULT2931.019308,1157.523561,1425.878375,531.489232
06-08 15:39:14.906  1977  2997 I libsensor-displayalgo: the value of  getChannelDataCalibrated3065.611685,1072.479061,1651.905696,577.172245
06-08 15:39:14.906  1977  2997 I libsensor-displayalgo: the value of  REAL LUX219.709702
06-08 15:39:14.906  1977  2997 I libsensor-displayalgo: the value of  CAL REAL LUX219.709702
06-08 15:39:15.024  1245  2285 I vendor.qti.hardware.display.composer-service: FrameNotifyProcess Sensor: notify citsensorservice to trigger cwb
06-08 15:39:15.025  1977  1977 I libcitsensorservice@2.0-impl: msg_transfer
06-08 15:39:15.025  1977  2987 D vendor.xiaomi.sensor.citsensorservice@2.0-service: handle id:8 wxh:1280x2400 uwxuh:1080x2400 size: 9216000 fd:15 fd_meta:16 flags:0x4000228 usage:0x33  format:0x3 layer_count: 1
06-08 15:39:15.026  1245  3014 I SDM     : HWCSession::SetCWBOutputBuffer: CWB config passed by cwb_client : tappoint 1  CWB_ROI : (829.000000 4.000000 915.000000 90.000000)
06-08 15:39:15.027  1245 30543 I SDM     : HWCSession::ProcessRequests: Successfully configured CWB buffer.
06-08 15:39:15.033  1245 30543 I SDM     : HWCSession::ProcessRequests: Pushing release fence in fenece wait queue.
06-08 15:39:15.033  1245 30543 I SDM     : HWCSession::ProcessRequests: Creating AsyncFenceWaits async thread.
06-08 15:39:15.034  1245 30543 I SDM     : HWCSession::ProcessRequests: Remove current CWB request from the pending request queue.
06-08 15:39:15.034  1245 30543 I SDM     : HWCSession::ProcessRequests: No pending cwb requests found in the queue.
06-08 15:39:15.039  1245  1464 I SDM     : HWDeviceDRM::SetupConcurrentWriteback: Tear down the Concurrent Writeback topology
06-08 15:39:15.046  1245 30544 I SDM     : HWCSession::NotifyCWBStatus: Notify the client about buffer status 0.
06-08 15:39:15.046  1245 30544 I SDM     : HWCSession::PerformFenceWaits: Remove current release fence from the pending fence wait queue.
06-08 15:39:15.046  1245 30544 I SDM     : HWCSession::PerformFenceWaits: CWB fence queue is empty. No pending release fence to wait on.
06-08 15:39:15.168 21969 22263 D MemoryCeilingMonitor: [handleMemoryCalculate]
06-08 15:39:15.169 21969 22263 D MemoryCeilingMonitor: [calculate] tot: 5677888, max: 268435456, free: 802816, heap: 4875072, per: 0.01816105842590332
06-08 15:39:15.174 29575 29575 I HandWritingStubImpl: isKeyboardTypeChanged: false
06-08 15:39:15.175 29575 29575 I HandWritingStubImpl: isKeyboardTypeChanged: false
06-08 15:39:15.305  1977  2997 D libsensor-displayalgo: the value of  brightness:410.000000,R:74827910.007432,G:74827088.095056,B:74850420.088842,EVENT_C:6827.500000,EVENT_R:2645.000000,EVENT_G:3437.000000,EVENT_B:1395.500000
06-08 15:39:15.305  1977  2997 I libsensor-displayalgo: the value of  Coef1:1107.681000,Coef4:2.383000, scale1:0.935522, scale4:0.923264
06-08 15:39:15.305  1977  2997 E libsensor-displayalgo: RGB_test_0407_400_oldzy!
06-08 15:39:15.306  1977  2997 I libsensor-displayalgo: the value of  RESULT2931.025885,1157.526202,1425.881370,531.490485
06-08 15:39:15.306  1977  2997 I libsensor-displayalgo: the value of  getChannelDataCalibrated3065.618563,1072.481508,1651.909165,577.173606
06-08 15:39:15.306  1977  2997 I libsensor-displayalgo: the value of  REAL LUX220.951355
06-08 15:39:15.306  1977  2997 I libsensor-displayalgo: the value of  CAL REAL LUX220.951355
06-08 15:39:15.605  1977  2997 D libsensor-displayalgo: the value of  brightness:410.000000,R:74827910.007432,G:74827088.095056,B:74850420.088842,EVENT_C:6827.500000,EVENT_R:2645.000000,EVENT_G:3437.000000,EVENT_B:1395.500000
06-08 15:39:15.605  1977  2997 I libsensor-displayalgo: the value of  Coef1:1107.681000,Coef4:2.383000, scale1:0.935522, scale4:0.923264
06-08 15:39:15.605  1977  2997 E libsensor-displayalgo: RGB_test_0407_400_oldzy!
06-08 15:39:15.606  1977  2997 I libsensor-displayalgo: the value of  RESULT2931.025885,1157.526202,1425.881370,531.490485
06-08 15:39:15.606  1977  2997 I libsensor-displayalgo: the value of  getChannelDataCalibrated3065.618563,1072.481508,1651.909165,577.173606
06-08 15:39:15.606  1977  2997 I libsensor-displayalgo: the value of  REAL LUX220.951355
06-08 15:39:15.606  1977  2997 I libsensor-displayalgo: the value of  CAL REAL LUX220.951355
06-08 15:39:15.674 29575 29575 I HandWritingStubImpl: isKeyboardTypeChanged: false
06-08 15:39:15.675 29575 29575 I HandWritingStubImpl: isKeyboardTypeChanged: false
06-08 15:39:15.690  1245  2285 I vendor.qti.hardware.display.composer-service: FrameNotifyProcess Sensor: notify citsensorservice to trigger cwb
06-08 15:39:15.692  1977  1977 I libcitsensorservice@2.0-impl: msg_transfer
06-08 15:39:15.692  1977  2987 D vendor.xiaomi.sensor.citsensorservice@2.0-service: handle id:8 wxh:1280x2400 uwxuh:1080x2400 size: 9216000 fd:15 fd_meta:16 flags:0x4000228 usage:0x33  format:0x3 layer_count: 1
06-08 15:39:15.692  1245  3014 I SDM     : HWCSession::SetCWBOutputBuffer: CWB config passed by cwb_client : tappoint 1  CWB_ROI : (829.000000 4.000000 915.000000 90.000000)
06-08 15:39:15.694  1245 30547 I SDM     : HWCSession::ProcessRequests: Successfully configured CWB buffer.
06-08 15:39:15.700  1245 30547 I SDM     : HWCSession::ProcessRequests: Pushing release fence in fenece wait queue.
06-08 15:39:15.700  1245 30547 I SDM     : HWCSession::ProcessRequests: Creating AsyncFenceWaits async thread.
06-08 15:39:15.700  1245 30547 I SDM     : HWCSession::ProcessRequests: Remove current CWB request from the pending request queue.
06-08 15:39:15.700  1245 30547 I SDM     : HWCSession::ProcessRequests: No pending cwb requests found in the queue.
06-08 15:39:15.706  1245  1464 I SDM     : HWDeviceDRM::SetupConcurrentWriteback: Tear down the Concurrent Writeback topology
06-08 15:39:15.713  1245 30548 I SDM     : HWCSession::NotifyCWBStatus: Notify the client about buffer status 0.
06-08 15:39:15.713  1245 30548 I SDM     : HWCSession::PerformFenceWaits: Remove current release fence from the pending fence wait queue.
06-08 15:39:15.713  1245 30548 I SDM     : HWCSession::PerformFenceWaits: CWB fence queue is empty. No pending release fence to wait on.
06-08 15:39:15.905  1977  2997 D libsensor-displayalgo: the value of  brightness:410.000000,R:74827910.007432,G:74827088.095056,B:74850420.088842,EVENT_C:6818.000000,EVENT_R:2643.000000,EVENT_G:3428.500000,EVENT_B:1392.500000
06-08 15:39:15.906  1977  2997 I libsensor-displayalgo: the value of  Coef1:1107.681000,Coef4:2.383000, scale1:0.935522, scale4:0.923264
06-08 15:39:15.906  1977  2997 E libsensor-displayalgo: RGB_test_0407_400_oldzy!
06-08 15:39:15.906  1977  2997 I libsensor-displayalgo: the value of  RESULT2931.025885,1157.526202,1425.881370,531.490485
06-08 15:39:15.906  1977  2997 I libsensor-displayalgo: the value of  getChannelDataCalibrated3065.618563,1072.481508,1651.909165,577.173606
06-08 15:39:15.906  1977  2997 I libsensor-displayalgo: the value of  REAL LUX220.213242
06-08 15:39:15.906  1977  2997 I libsensor-displayalgo: the value of  CAL REAL LUX220.213242
06-08 15:39:16.176 29575 29575 I HandWritingStubImpl: isKeyboardTypeChanged: false
06-08 15:39:16.177 29575 29575 I HandWritingStubImpl: isKeyboardTypeChanged: false
06-08 15:39:16.192  1245  2285 I vendor.qti.hardware.display.composer-service: FrameNotifyProcess Sensor: notify citsensorservice to trigger cwb
06-08 15:39:16.193  1977  1977 I libcitsensorservice@2.0-impl: msg_transfer
06-08 15:39:16.193  1977  2987 D vendor.xiaomi.sensor.citsensorservice@2.0-service: handle id:8 wxh:1280x2400 uwxuh:1080x2400 size: 9216000 fd:15 fd_meta:16 flags:0x4000228 usage:0x33  format:0x3 layer_count: 1
06-08 15:39:16.194  1245  3014 I SDM     : HWCSession::SetCWBOutputBuffer: CWB config passed by cwb_client : tappoint 1  CWB_ROI : (829.000000 4.000000 915.000000 90.000000)
06-08 15:39:16.195  1245 30550 I SDM     : HWCSession::ProcessRequests: Successfully configured CWB buffer.
06-08 15:39:16.201  1245 30550 I SDM     : HWCSession::ProcessRequests: Pushing release fence in fenece wait queue.
06-08 15:39:16.201  1245 30550 I SDM     : HWCSession::ProcessRequests: Creating AsyncFenceWaits async thread.
06-08 15:39:16.201  1245 30550 I SDM     : HWCSession::ProcessRequests: Remove current CWB request from the pending request queue.
06-08 15:39:16.202  1245 30550 I SDM     : HWCSession::ProcessRequests: No pending cwb requests found in the queue.
06-08 15:39:16.204  1977  2997 D libsensor-displayalgo: the value of  brightness:410.000000,R:74827910.007432,G:74827088.095056,B:74850420.088842,EVENT_C:6818.000000,EVENT_R:2643.000000,EVENT_G:3428.500000,EVENT_B:1392.500000
06-08 15:39:16.204  1977  2997 I libsensor-displayalgo: the value of  Coef1:1107.681000,Coef4:2.383000, scale1:0.935522, scale4:0.923264
06-08 15:39:16.204  1977  2997 E libsensor-displayalgo: RGB_test_0407_400_oldzy!
06-08 15:39:16.205  1977  2997 I libsensor-displayalgo: the value of  RESULT2931.025885,1157.526202,1425.881370,531.490485
06-08 15:39:16.205  1977  2997 I libsensor-displayalgo: the value of  getChannelDataCalibrated3065.618563,1072.481508,1651.909165,577.173606
06-08 15:39:16.205  1977  2997 I libsensor-displayalgo: the value of  REAL LUX220.213242
06-08 15:39:16.205  1977  2997 I libsensor-displayalgo: the value of  CAL REAL LUX220.213242
06-08 15:39:16.208  1245  1464 I SDM     : HWDeviceDRM::SetupConcurrentWriteback: Tear down the Concurrent Writeback topology
06-08 15:39:16.214  1245 30551 I SDM     : HWCSession::NotifyCWBStatus: Notify the client about buffer status 0.
06-08 15:39:16.215  1245 30551 I SDM     : HWCSession::PerformFenceWaits: Remove current release fence from the pending fence wait queue.
06-08 15:39:16.215  1245 30551 I SDM     : HWCSession::PerformFenceWaits: CWB fence queue is empty. No pending release fence to wait on.
06-08 15:39:16.505  1977  2997 D libsensor-displayalgo: the value of  brightness:410.000000,R:74827910.007432,G:74827088.095056,B:74850420.088842,EVENT_C:6816.000000,EVENT_R:2641.000000,EVENT_G:3425.000000,EVENT_B:1393.000000
06-08 15:39:16.505  1977  2997 I libsensor-displayalgo: the value of  Coef1:1107.681000,Coef4:2.383000, scale1:0.935522, scale4:0.923264
06-08 15:39:16.506  1977  2997 E libsensor-displayalgo: RGB_test_0407_400_oldzy!
06-08 15:39:16.506  1977  2997 I libsensor-displayalgo: the value of  RESULT2931.025885,1157.526202,1425.881370,531.490485
06-08 15:39:16.506  1977  2997 I libsensor-displayalgo: the value of  getChannelDataCalibrated3065.618563,1072.481508,1651.909165,577.173606
