06-14 16:06:57.111 17101 17101 D AppInfoDashboard: Package change irrelevant, skipping
06-14 16:06:57.112 17101 17101 D AppInfoDashboard: Package change irrelevant, skipping
06-14 16:06:57.117 17101 17101 D AppInfoDashboard: Package change irrelevant, skipping
06-14 16:06:57.118 17101 17101 D AppInfoDashboard: Package change irrelevant, skipping
06-14 16:06:57.120 17101 17101 D AppInfoDashboard: Package change irrelevant, skipping
06-14 16:06:57.124 17101 17101 D AppInfoDashboard: Package change irrelevant, skipping
06-14 16:06:57.128 17101 17101 D AppInfoDashboard: Package change irrelevant, skipping
06-14 16:06:57.131 17101 17101 D AppInfoDashboard: Package change irrelevant, skipping
06-14 16:06:57.133 17101 17101 D AppInfoDashboard: Package change irrelevant, skipping
06-14 16:06:57.135 17101 17101 D AppInfoDashboard: Package change irrelevant, skipping
06-14 16:06:57.136 17101 17101 D AppInfoDashboard: Package change irrelevant, skipping
06-14 16:06:57.138 17101 17101 D AppInfoDashboard: Package change irrelevant, skipping
06-14 16:06:57.140 17101 17101 D AppInfoDashboard: Package change irrelevant, skipping
06-14 16:06:57.142 17101 17101 D AppInfoDashboard: Package change irrelevant, skipping
06-14 16:06:57.143 17101 17101 D AppInfoDashboard: Package change irrelevant, skipping
06-14 16:06:57.154 17101 17101 D AppInfoDashboard: Package change irrelevant, skipping
06-14 16:06:57.158 17101 17101 D AppInfoDashboard: Package change irrelevant, skipping
06-14 16:06:57.159 17101 17101 D AppInfoDashboard: Package change irrelevant, skipping
06-14 16:06:57.160 17101 17101 D AppInfoDashboard: Package change irrelevant, skipping
06-14 16:06:57.162 17101 17101 D AppInfoDashboard: Package change irrelevant, skipping
06-14 16:06:57.163 17101 17101 D AppInfoDashboard: Package change irrelevant, skipping
06-14 16:06:57.167 17101 17101 D AppInfoDashboard: Package change irrelevant, skipping
06-14 16:06:57.170 17101 17101 D AppInfoDashboard: Package change irrelevant, skipping
06-14 16:06:57.171 17101 17101 D AppInfoDashboard: Package change irrelevant, skipping
06-14 16:06:57.173 17101 17101 D AppInfoDashboard: Package change irrelevant, skipping
06-14 16:06:57.175 17101 17101 D AppInfoDashboard: Package change irrelevant, skipping
06-14 16:06:57.176 17101 17101 D AppInfoDashboard: Package change irrelevant, skipping
06-14 16:06:57.178 17101 17101 D AppInfoDashboard: Package change irrelevant, skipping
06-14 16:06:57.180 17101 17101 D AppInfoDashboard: Package change irrelevant, skipping
06-14 16:06:57.183 17101 17101 D AppInfoDashboard: Package change irrelevant, skipping
06-14 16:06:57.185 17101 17101 D AppInfoDashboard: Package change irrelevant, skipping
06-14 16:06:57.187 17101 17101 D AppInfoDashboard: Package change irrelevant, skipping
06-14 16:06:57.188 17101 17101 D AppInfoDashboard: Package change irrelevant, skipping
06-14 16:06:57.190 17101 17101 D AppInfoDashboard: Package change irrelevant, skipping
06-14 16:06:57.194 17101 17101 D AppInfoDashboard: Package change irrelevant, skipping
06-14 16:06:57.196 17101 17101 D AppInfoDashboard: Package change irrelevant, skipping
06-14 16:06:57.197  2018  3127 D libsensor-displayalgo: the value of  brightness:438.000000,R:77296384.557271,G:77297133.237939,B:77313059.061408,EVENT_C:5864.000000,EVENT_R:2198.500000,EVENT_G:3031.000000,EVENT_B:1194.000000
06-14 16:06:57.197  2018  3127 I libsensor-displayalgo: the value of  Coef1:1107.681000,Coef4:2.383000, scale1:0.935522, scale4:0.923264
06-14 16:06:57.197  2018  3127 E libsensor-displayalgo: RGB_test_0407_400_oldzy!
06-14 16:06:57.197  2018  3127 I libsensor-displayalgo: the value of  RESULT3116.697536,1231.266004,1510.266625,565.233393
06-14 16:06:57.197  2018  3127 I libsensor-displayalgo: the value of  getChannelDataCalibrated3267.687221,1140.389644,1755.389210,616.914213
06-14 16:06:57.197  2018  3127 I libsensor-displayalgo: the value of  REAL LUX154.501831
06-14 16:06:57.197  2018  3127 I libsensor-displayalgo: the value of  CAL REAL LUX154.501831
06-14 16:06:57.197 17101 17101 D AppInfoDashboard: Package change irrelevant, skipping
06-14 16:06:57.199 17101 17101 D AppInfoDashboard: Package change irrelevant, skipping
06-14 16:06:57.203 17101 17101 D AppInfoDashboard: Package change irrelevant, skipping
06-14 16:06:57.205 17101 17101 D AppInfoDashboard: Package change irrelevant, skipping
06-14 16:06:57.206 17101 17101 D AppInfoDashboard: Package change irrelevant, skipping
06-14 16:06:57.208 17101 17101 D AppInfoDashboard: Package change irrelevant, skipping
06-14 16:06:57.210 17101 17101 D AppInfoDashboard: Package change irrelevant, skipping
06-14 16:06:57.212 17101 17101 D AppInfoDashboard: Package change irrelevant, skipping
06-14 16:06:57.214 17101 17101 D AppInfoDashboard: Package change irrelevant, skipping
06-14 16:06:57.215 17101 17101 D AppInfoDashboard: Package change irrelevant, skipping
06-14 16:06:57.217 17101 17101 D AppInfoDashboard: Package change irrelevant, skipping
06-14 16:06:57.219 17101 17101 D AppInfoDashboard: Package change irrelevant, skipping
06-14 16:06:57.223 17101 17101 D AppInfoDashboard: Package change irrelevant, skipping
06-14 16:06:57.225 17101 17101 D AppInfoDashboard: Package change irrelevant, skipping
06-14 16:06:57.228 17101 17101 D AppInfoDashboard: Package change irrelevant, skipping
06-14 16:06:57.230 17101 17101 D AppInfoDashboard: Package change irrelevant, skipping
06-14 16:06:57.234 17101 17101 D AppInfoDashboard: Package change irrelevant, skipping
06-14 16:06:57.235 17101 17101 D AppInfoDashboard: Package change irrelevant, skipping
06-14 16:06:57.239 17101 17101 D AppInfoDashboard: Package change irrelevant, skipping
06-14 16:06:57.240 17101 17101 D AppInfoDashboard: Package change irrelevant, skipping
06-14 16:06:57.242 17101 17101 D AppInfoDashboard: Package change irrelevant, skipping
06-14 16:06:57.243 17101 17101 D AppInfoDashboard: Package change irrelevant, skipping
06-14 16:06:57.246 17101 17101 D AppInfoDashboard: Package change irrelevant, skipping
06-14 16:06:57.248 17101 17101 D AppInfoDashboard: Package change irrelevant, skipping
06-14 16:06:57.249 17101 17101 D AppInfoDashboard: Package change irrelevant, skipping
06-14 16:06:57.253 17101 17101 D AppInfoDashboard: Package change irrelevant, skipping
06-14 16:06:57.254 17101 17101 D AppInfoDashboard: Package change irrelevant, skipping
06-14 16:06:57.257 17101 17101 D AppInfoDashboard: Package change irrelevant, skipping
06-14 16:06:57.261 17101 17101 D AppInfoDashboard: Package change irrelevant, skipping
06-14 16:06:57.262 17101 17101 D AppInfoDashboard: Package change irrelevant, skipping
06-14 16:06:57.264 17101 17101 D AppInfoDashboard: Package change irrelevant, skipping
06-14 16:06:57.265 17101 17101 D AppInfoDashboard: Package change irrelevant, skipping
06-14 16:06:57.268 17101 17101 D AppInfoDashboard: Package change irrelevant, skipping
06-14 16:06:57.272 17101 17101 D AppInfoDashboard: Package change irrelevant, skipping
06-14 16:06:57.275 17101 17101 D AppInfoDashboard: Package change irrelevant, skipping
06-14 16:06:57.277 17101 17101 D AppInfoDashboard: Package change irrelevant, skipping
06-14 16:06:57.279 17101 17101 D AppInfoDashboard: Package change irrelevant, skipping
06-14 16:06:57.281 17101 17101 D AppInfoDashboard: Package change irrelevant, skipping
06-14 16:06:57.283 17101 17101 D AppInfoDashboard: Package change irrelevant, skipping
06-14 16:06:57.284 17101 17101 D AppInfoDashboard: Package change irrelevant, skipping
06-14 16:06:57.285 17101 17101 D AppInfoDashboard: Package change irrelevant, skipping
06-14 16:06:57.287 17101 17101 D AppInfoDashboard: Package change irrelevant, skipping
06-14 16:06:57.288 17101 17101 D AppInfoDashboard: Package change irrelevant, skipping
06-14 16:06:57.290 17101 17101 D AppInfoDashboard: Package change irrelevant, skipping
06-14 16:06:57.292 17101 17101 D AppInfoDashboard: Package change irrelevant, skipping
06-14 16:06:57.293 17101 17101 D AppInfoDashboard: Package change irrelevant, skipping
06-14 16:06:57.295 17101 17101 D AppInfoDashboard: Package change irrelevant, skipping
06-14 16:06:57.296 17101 17101 D AppInfoDashboard: Package change irrelevant, skipping
06-14 16:06:57.298 17101 17101 D AppInfoDashboard: Package change irrelevant, skipping
06-14 16:06:57.302 17101 17101 D AppInfoDashboard: Package change irrelevant, skipping
06-14 16:06:57.304 17101 17101 D AppInfoDashboard: Package change irrelevant, skipping
06-14 16:06:57.305 17101 17101 D AppInfoDashboard: Package change irrelevant, skipping
06-14 16:06:57.307 17101 17101 D AppInfoDashboard: Package change irrelevant, skipping
06-14 16:06:57.308 17101 17101 D AppInfoDashboard: Package change irrelevant, skipping
06-14 16:06:57.310 17101 17101 D AppInfoDashboard: Package change irrelevant, skipping
06-14 16:06:57.311 17101 17101 D AppInfoDashboard: Package change irrelevant, skipping
06-14 16:06:57.315 17101 17101 D AppInfoDashboard: Package change irrelevant, skipping
06-14 16:06:57.318 17101 17101 D AppInfoDashboard: Package change irrelevant, skipping
06-14 16:06:57.319 17101 17101 D AppInfoDashboard: Package change irrelevant, skipping
06-14 16:06:57.321 17101 17101 D AppInfoDashboard: Package change irrelevant, skipping
06-14 16:06:57.322 17101 17101 D AppInfoDashboard: Package change irrelevant, skipping
06-14 16:06:57.324 17101 17101 D AppInfoDashboard: Package change irrelevant, skipping
06-14 16:06:57.327 17101 17101 D AppInfoDashboard: Package change irrelevant, skipping
06-14 16:06:57.330 17101 17101 D AppInfoDashboard: Package change irrelevant, skipping
06-14 16:06:57.334 17101 17101 D AppInfoDashboard: Package change irrelevant, skipping
06-14 16:06:57.335 17101 17101 D AppInfoDashboard: Package change irrelevant, skipping
06-14 16:06:57.336 17101 17101 D AppInfoDashboard: Package change irrelevant, skipping
06-14 16:06:57.338 17101 17101 D AppInfoDashboard: Package change irrelevant, skipping
06-14 16:06:57.339 17101 17101 D AppInfoDashboard: Package change irrelevant, skipping
06-14 16:06:57.341 17101 17101 D AppInfoDashboard: Package change irrelevant, skipping
06-14 16:06:57.342 17101 17101 D AppInfoDashboard: Package change irrelevant, skipping
06-14 16:06:57.344 17101 17101 D AppInfoDashboard: Package change irrelevant, skipping
06-14 16:06:57.345 17101 17101 D AppInfoDashboard: Package change irrelevant, skipping
06-14 16:06:57.346 17101 17101 D AppInfoDashboard: Package change irrelevant, skipping
06-14 16:06:57.348 17101 17101 D AppInfoDashboard: Package change irrelevant, skipping
06-14 16:06:57.349 17101 17101 D AppInfoDashboard: Package change irrelevant, skipping
06-14 16:06:57.350 17101 17101 D AppInfoDashboard: Package change irrelevant, skipping
06-14 16:06:57.352 17101 17101 D AppInfoDashboard: Package change irrelevant, skipping
06-14 16:06:57.354 17101 17101 D AppInfoDashboard: Package change irrelevant, skipping
06-14 16:06:57.356 17101 17101 D AppInfoDashboard: Package change irrelevant, skipping
06-14 16:06:57.359 17101 17101 D AppInfoDashboard: Package change irrelevant, skipping
06-14 16:06:57.361 17101 17101 D AppInfoDashboard: Package change irrelevant, skipping
06-14 16:06:57.365 17101 17101 D AppInfoDashboard: Package change irrelevant, skipping
06-14 16:06:57.369 17101 17101 D AppInfoDashboard: Package change irrelevant, skipping
06-14 16:06:57.372 17101 17101 D AppInfoDashboard: Package change irrelevant, skipping
06-14 16:06:57.374 17101 17101 D AppInfoDashboard: Package change irrelevant, skipping
06-14 16:06:57.376 17101 17101 D AppInfoDashboard: Package change irrelevant, skipping
06-14 16:06:57.380 17101 17101 D AppInfoDashboard: Package change irrelevant, skipping
06-14 16:06:57.381 17101 17101 D AppInfoDashboard: Package change irrelevant, skipping
06-14 16:06:57.384 17101 17101 D AppInfoDashboard: Package change irrelevant, skipping
06-14 16:06:57.386 17101 17101 D AppInfoDashboard: Package change irrelevant, skipping
06-14 16:06:57.386 17101 17112 I ndroid.setting: This is sticky GC, maxfree is 8388608 minfree is 2097152
06-14 16:06:57.387 17101 17101 D AppInfoDashboard: Package change irrelevant, skipping
06-14 16:06:57.391 17101 17101 D AppInfoDashboard: Package change irrelevant, skipping
06-14 16:06:57.392 17101 17101 D AppInfoDashboard: Package change irrelevant, skipping
06-14 16:06:57.394 17101 17101 D AppInfoDashboard: Package change irrelevant, skipping
06-14 16:06:57.395 17101 17101 D AppInfoDashboard: Package change irrelevant, skipping
06-14 16:06:57.399 17101 17101 D AppInfoDashboard: Package change irrelevant, skipping
06-14 16:06:57.400 17101 17101 D AppInfoDashboard: Package change irrelevant, skipping
06-14 16:06:57.404 17101 17101 D AppInfoDashboard: Package change irrelevant, skipping
06-14 16:06:57.405 17101 17101 D AppInfoDashboard: Package change irrelevant, skipping
06-14 16:06:57.407 17101 17101 D AppInfoDashboard: Package change irrelevant, skipping
06-14 16:06:57.408 17101 17101 D AppInfoDashboard: Package change irrelevant, skipping
06-14 16:06:57.410 17101 17101 D AppInfoDashboard: Package change irrelevant, skipping
06-14 16:06:57.412 17101 17101 D AppInfoDashboard: Package change irrelevant, skipping
06-14 16:06:57.416 17101 17101 D AppInfoDashboard: Package change irrelevant, skipping
06-14 16:06:57.418 17101 17101 D AppInfoDashboard: Package change irrelevant, skipping
06-14 16:06:57.425 17101 17101 D AppInfoDashboard: Package change irrelevant, skipping
06-14 16:06:57.427 17101 17101 D AppInfoDashboard: Package change irrelevant, skipping
06-14 16:06:57.428 17101 17101 D AppInfoDashboard: Package change irrelevant, skipping
06-14 16:06:57.430 17101 17101 D AppInfoDashboard: Package change irrelevant, skipping
06-14 16:06:57.431 17101 17101 D AppInfoDashboard: Package change irrelevant, skipping
06-14 16:06:57.433 17101 17101 D AppInfoDashboard: Package change irrelevant, skipping
06-14 16:06:57.435 17101 17101 D AppInfoDashboard: Package change irrelevant, skipping
06-14 16:06:57.436 17101 17101 D AppInfoDashboard: Package change irrelevant, skipping
06-14 16:06:57.440 17101 17101 D AppInfoDashboard: Package change irrelevant, skipping
06-14 16:06:57.443 17101 17101 D AppInfoDashboard: Package change irrelevant, skipping
06-14 16:06:57.445 17101 17101 D AppInfoDashboard: Package change irrelevant, skipping
06-14 16:06:57.446 17101 17101 D AppInfoDashboard: Package change irrelevant, skipping
06-14 16:06:57.448 17101 17101 D AppInfoDashboard: Package change irrelevant, skipping
06-14 16:06:57.449 17101 17101 D AppInfoDashboard: Package change irrelevant, skipping
06-14 16:06:57.452 17101 17101 D AppInfoDashboard: Package change irrelevant, skipping
06-14 16:06:57.456 17101 17101 D AppInfoDashboard: Package change irrelevant, skipping
06-14 16:06:57.458 17101 17101 D AppInfoDashboard: Package change irrelevant, skipping
06-14 16:06:57.459 17101 17101 D AppInfoDashboard: Package change irrelevant, skipping
06-14 16:06:57.461 17101 17101 D AppInfoDashboard: Package change irrelevant, skipping
06-14 16:06:57.463 17101 17101 D AppInfoDashboard: Package change irrelevant, skipping
06-14 16:06:57.465 17101 17101 D AppInfoDashboard: Package change irrelevant, skipping
06-14 16:06:57.467 17101 17101 D AppInfoDashboard: Package change irrelevant, skipping
06-14 16:06:57.469 17101 17101 D AppInfoDashboard: Package change irrelevant, skipping
06-14 16:06:57.470 17101 17101 D AppInfoDashboard: Package change irrelevant, skipping
06-14 16:06:57.474 17101 17101 D AppInfoDashboard: Package change irrelevant, skipping
06-14 16:06:57.477 17101 17101 D AppInfoDashboard: Package change irrelevant, skipping
06-14 16:06:57.481 17101 17101 D AppInfoDashboard: Package change irrelevant, skipping
06-14 16:06:57.484 17101 17101 D AppInfoDashboard: Package change irrelevant, skipping
06-14 16:06:57.489 17101 17101 D AppInfoDashboard: Package change irrelevant, skipping
06-14 16:06:57.491 17101 17101 D AppInfoDashboard: Package change irrelevant, skipping
06-14 16:06:57.497  2018  3127 D libsensor-displayalgo: the value of  brightness:438.000000,R:77296384.557271,G:77297133.237939,B:77313059.061408,EVENT_C:5864.000000,EVENT_R:2198.500000,EVENT_G:3031.000000,EVENT_B:1194.000000
06-14 16:06:57.497  2018  3127 I libsensor-displayalgo: the value of  Coef1:1107.681000,Coef4:2.383000, scale1:0.935522, scale4:0.923264
06-14 16:06:57.497  2018  3127 E libsensor-displayalgo: RGB_test_0407_400_oldzy!
06-14 16:06:57.497  2018  3127 I libsensor-displayalgo: the value of  RESULT3116.697536,1231.266004,1510.266625,565.233393
06-14 16:06:57.497  2018  3127 I libsensor-displayalgo: the value of  getChannelDataCalibrated3267.687221,1140.389644,1755.389210,616.914213
06-14 16:06:57.497  2018  3127 I libsensor-displayalgo: the value of  REAL LUX154.501831
06-14 16:06:57.497  2018  3127 I libsensor-displayalgo: the value of  CAL REAL LUX154.501831
06-14 16:06:57.586  2431  2939 D MIUIInput: [MotionEvent] notifyMotion - eventTime=9504425120000, deviceId=8, source=0x1002, policyFlags=0x0, action=0x0, flags=0x0, downTime=9504425120000, moveCount:0
06-14 16:06:57.587  2431  2938 D MIUIInput: [MotionEvent] publisher action=0x4, 9504425, channel '7c87e50 NavigationBar0 (server)'
06-14 16:06:57.587  2431  2938 D MIUIInput: [MotionEvent] publisher action=0x0, 9504425, channel 'e14d0a5 com.android.settings/com.android.settings.applications.InstalledAppDetails (server)'
06-14 16:06:57.589 17101 17101 D MIUIInput: [MotionEvent] ViewRootImpl windowName 'com.android.settings/com.android.settings.applications.InstalledAppDetails', { action=ACTION_DOWN, id[0]=0, pointerCount=1, eventTime=9504425, downTime=9504425, phoneEventTime=16:06:57.586 } moveCount:0
06-14 16:06:57.611  1265  2358 I vendor.qti.hardware.display.composer-service: FrameNotifyProcess Sensor: notify citsensorservice to trigger cwb
06-14 16:06:57.611  2018  2111 I libcitsensorservice@2.0-impl: msg_transfer
06-14 16:06:57.611  2018  3098 D vendor.xiaomi.sensor.citsensorservice@2.0-service: handle id:9 wxh:1280x2400 uwxuh:1080x2400 size: 9216000 fd:15 fd_meta:16 flags:0x4000228 usage:0x33  format:0x3 layer_count: 1
06-14 16:06:57.613  1265  1890 I SDM     : HWCSession::SetCWBOutputBuffer: CWB config passed by cwb_client : tappoint 1  CWB_ROI : (829.000000 4.000000 915.000000 90.000000)
06-14 16:06:57.614  1265 17859 I SDM     : HWCSession::ProcessRequests: Successfully configured CWB buffer.
06-14 16:06:57.620  1265 17859 I SDM     : HWCSession::ProcessRequests: Pushing release fence in fenece wait queue.
06-14 16:06:57.621  1265 17859 I SDM     : HWCSession::ProcessRequests: Creating AsyncFenceWaits async thread.
06-14 16:06:57.621  1265 17859 I SDM     : HWCSession::ProcessRequests: Remove current CWB request from the pending request queue.
06-14 16:06:57.622  1265 17859 I SDM     : HWCSession::ProcessRequests: No pending cwb requests found in the queue.
06-14 16:06:57.627  1265  1584 I SDM     : HWDeviceDRM::SetupConcurrentWriteback: Tear down the Concurrent Writeback topology
06-14 16:06:57.633  1265 17860 I SDM     : HWCSession::NotifyCWBStatus: Notify the client about buffer status 0.
06-14 16:06:57.634  1265 17860 I SDM     : HWCSession::PerformFenceWaits: Remove current release fence from the pending fence wait queue.
06-14 16:06:57.634  1265 17860 I SDM     : HWCSession::PerformFenceWaits: CWB fence queue is empty. No pending release fence to wait on.
06-14 16:06:57.669  2431  2939 D MIUIInput: [MotionEvent] notifyMotion - eventTime=9504508178000, deviceId=8, source=0x1002, policyFlags=0x0, action=0x1, flags=0x0, downTime=9504425120000, moveCount:0
06-14 16:06:57.670  2431  2938 D MIUIInput: [MotionEvent] publisher action=0x1, 9504508, channel 'e14d0a5 com.android.settings/com.android.settings.applications.InstalledAppDetails (server)'
06-14 16:06:57.671 17101 17101 D MIUIInput: [MotionEvent] ViewRootImpl windowName 'com.android.settings/com.android.settings.applications.InstalledAppDetails', { action=ACTION_UP, id[0]=0, pointerCount=1, eventTime=9504508, downTime=9504425, phoneEventTime=16:06:57.669 } moveCount:0
06-14 16:06:57.685  2431  4792 I ActivityTaskManager: START u0 {act=android.intent.action.MAIN cmp=com.android.settings/.SubSettings (has extras)} from uid 1000 from pid 17101 callingPackage com.android.settings
06-14 16:06:57.690  2431  4792 D PerfImpl: perfColdLaunchBoost: android, -1, 1
06-14 16:06:57.697  2431  4792 D PerfImpl: perfWarmLaunchBoost: com.android.settings, -1, 2
06-14 16:06:57.697  1280  1420 E ANDR-PERF-OPTSHANDLER: Perflock resource /sys/class/devfreq/soc:qcom,cpubw/max_freq not supported
06-14 16:06:57.697  1280  1420 E ANDR-PERF-RESOURCEQS: Failed to apply optimization [6, 6]
06-14 16:06:57.697  1280  1420 E ANDR-PERF-OPTSHANDLER: Perflock resource /sys/class/devfreq/soc:qcom,cpubw/min_freq not supported
06-14 16:06:57.697  1280  1420 E ANDR-PERF-RESOURCEQS: Failed to apply optimization [6, 0]
06-14 16:06:57.697  1280  1420 E ANDR-PERF-OPTSHANDLER: Perflock resource /sys/class/devfreq/soc:qcom,cpu0-llcc-ddr-lat/min_freq not supported
06-14 16:06:57.697  1280  1420 E ANDR-PERF-RESOURCEQS: Failed to apply optimization [13, 12]
06-14 16:06:57.708  2431  4792 D PerfImpl: perfWarmLaunchBoost: com.android.settings, -1, 2
06-14 16:06:57.708  1280  1420 E ANDR-PERF-OPTSHANDLER: Perflock resource /sys/class/devfreq/soc:qcom,cpubw/max_freq not supported
06-14 16:06:57.708  1280  1420 E ANDR-PERF-RESOURCEQS: Failed to apply optimization [6, 6]
06-14 16:06:57.708  1280  1420 E ANDR-PERF-OPTSHANDLER: Perflock resource /sys/class/devfreq/soc:qcom,cpubw/min_freq not supported
06-14 16:06:57.708  1280  1420 E ANDR-PERF-RESOURCEQS: Failed to apply optimization [6, 0]
06-14 16:06:57.708  1280  1420 E ANDR-PERF-OPTSHANDLER: Perflock resource /sys/class/devfreq/soc:qcom,cpu0-llcc-ddr-lat/min_freq not supported
06-14 16:06:57.708  1280  1420 E ANDR-PERF-RESOURCEQS: Failed to apply optimization [13, 12]
06-14 16:06:57.709  2431  4792 D PerfImpl: perfColdLaunchBoost: com.android.settings, 17101, 102
06-14 16:06:57.709  2431  4792 W ActivityTaskManager: Tried to set launchTime (0) < mLastActivityLaunchTime (9502445)
06-14 16:06:57.717  2431  3452 D ProcessManager: skip notify foregroundAppInfo:ApplicationInfo{2a5ed7 com.android.settings}
06-14 16:06:57.725 17101 12885 D ViewContentFactory: initViewContentFetcherClass
06-14 16:06:57.725 17101 12885 I ContentCatcher: ViewContentFetcher : ViewContentFetcher
06-14 16:06:57.725 17101 12885 D ViewContentFactory: createInterceptor took 0ms
06-14 16:06:57.726 17101 17101 D IS_CTS_MODE: true
06-14 16:06:57.726 17101 17101 D MULTI_WINDOW_SWITCH_ENABLED: false
06-14 16:06:57.727 17101 17101 D DecorView[]: getWindowModeFromSystem  windowmode is 1
06-14 16:06:57.737 17101 17101 D SettingsActivity: Starting onCreate
06-14 16:06:57.743 17101 17101 D SettingsActivity: Starting to set activity title
06-14 16:06:57.744 17101 17101 D SettingsActivity: Done setting title
06-14 16:06:57.744 17101 17101 D SettingsActivity: Switching to fragment com.android.settings.applications.AppStorageSettings
06-14 16:06:57.744 17101 17101 D SubSettings: Launching fragment com.android.settings.applications.AppStorageSettings
06-14 16:06:57.754 17101 17101 D SettingsActivity: Executed frag manager pendingTransactions
06-14 16:06:57.758 17101 17101 E DynamicRefreshRate recy: dynamic is not enable
06-14 16:06:57.758 17101 17101 E RecommendFilter: getListByPageIndex not found:-1
06-14 16:06:57.776 17101 17101 W ContextImpl: Calling a method in the system process without a qualified user: android.app.ContextImpl.bindService:1906 android.content.ContextWrapper.bindService:822 miui.settings.commonlib.MemoryOptimizationUtil.bindMemoryOptimizationService:96 com.android.settings.SettingsActivity.onStart:540 android.app.Instrumentation.callActivityOnStart:1467
06-14 16:06:57.780 12128 12208 D IdProviderImpl: getOAID from com.miui.analytics
06-14 16:06:57.785 12128 12208 D IdProviderImpl: getOAID from com.miui.analytics
06-14 16:06:57.787 17101 12901 D SettingsActivity: No enabled state changed, skipping updateCategory call
06-14 16:06:57.794 17101 17101 D ApplicationsState: The current packageName is: com.android.cts.priv.ctsshim  current info's userId is: 0
06-14 16:06:57.794 17101 17101 D ApplicationsState: The current packageName is: com.quark.browser  current info's userId is: 0
06-14 16:06:57.794 17101 17101 D ApplicationsState: The current packageName is: com.miui.contentextension  current info's userId is: 0
06-14 16:06:57.794 17101 17101 D ApplicationsState: The current packageName is: com.android.internal.display.cutout.emulation.corner  current info's userId is: 0
06-14 16:06:57.794 17101 17101 D ApplicationsState: The current packageName is: com.google.android.ext.services  current info's userId is: 0
06-14 16:06:57.794 17101 17101 D ApplicationsState: The current packageName is: com.android.internal.display.cutout.emulation.double  current info's userId is: 0
06-14 16:06:57.794 17101 17101 D ApplicationsState: The current packageName is: com.android.providers.telephony  current info's userId is: 0
06-14 16:06:57.794 17101 17101 D ApplicationsState: The current packageName is: ccm.miuiframework.overlay  current info's userId is: 0
06-14 16:06:57.794 17101 17101 D ApplicationsState: The current packageName is: com.android.dynsystem  current info's userId is: 0
06-14 16:06:57.794 17101 17101 D ApplicationsState: The current packageName is: com.miui.powerkeeper  current info's userId is: 0
06-14 16:06:57.794 17101 17101 D ApplicationsState: The current packageName is: io.appium.settings  current info's userId is: 0
06-14 16:06:57.794 17101 17101 D ApplicationsState: The current packageName is: com.unionpay.tsmservice.mi  current info's userId is: 0
06-14 16:06:57.794 17101 17101 D ApplicationsState: The current packageName is: com.miui.fm  current info's userId is: 0
06-14 16:06:57.794 17101 17101 D ApplicationsState: The current packageName is: com.miui.qr  current info's userId is: 0
06-14 16:06:57.794 17101 17101 D ApplicationsState: The current packageName is: ccm.framework.overlay  current info's userId is: 0
06-14 16:06:57.794 17101 17101 D ApplicationsState: The current packageName is: com.android.providers.calendar  current info's userId is: 0
06-14 16:06:57.794 17101 17101 D ApplicationsState: The current packageName is: com.miui.contentcatcher  current info's userId is: 0
06-14 16:06:57.794 17101 17101 D ApplicationsState: The current packageName is: com.xiaomi.vipaccount  current info's userId is: 0
06-14 16:06:57.794 17101 17101 D ApplicationsState: The current packageName is: com.android.providers.media  current info's userId is: 0
06-14 16:06:57.794 17101 17101 D ApplicationsState: The current packageName is: com.milink.service  current info's userId is: 0
06-14 16:06:57.794 17101 17101 D ApplicationsState: The current packageName is: com.tencent.tmgp.sgame  current info's userId is: 0
06-14 16:06:57.794 17101 17101 D ApplicationsState: The current packageName is: com.miui.dmregservice  current info's userId is: 0
06-14 16:06:57.794 17101 17101 D ApplicationsState: The current packageName is: com.google.android.onetimeinitializer  current info's userId is: 0
06-14 16:06:57.794 17101 17101 D ApplicationsState: The current packageName is: com.google.android.ext.shared  current info's userId is: 0
06-14 16:06:57.794 17101 17101 D ApplicationsState: The current packageName is: com.android.internal.systemui.navbar.gestural_wide_back  current info's userId is: 0
06-14 16:06:57.794 17101 17101 D ApplicationsState: The current packageName is: com.xiaomi.powerchecker  current info's userId is: 0
06-14 16:06:57.794 17101 17101 D ApplicationsState: The current packageName is: com.mobiletools.systemhelper  current info's userId is: 0
06-14 16:06:57.794 17101 17101 D ApplicationsState: The current packageName is: com.xiaomi.account  current info's userId is: 0
06-14 16:06:57.794 17101 17101 D ApplicationsState: The current packageName is: com.android.wallpapercropper  current info's userId is: 0
06-14 16:06:57.794 17101 17101 D ApplicationsState: The current packageName is: com.bsp.catchlog  current info's userId is: 0
06-14 16:06:57.794 17101 17101 D ApplicationsState: The current packageName is: com.xiaomi.cameratools  current info's userId is: 0
06-14 16:06:57.794 17101 17101 D ApplicationsState: The current packageName is: miui.systemui.plugin  current info's userId is: 0
06-14 16:06:57.794 17101 17101 D ApplicationsState: The current packageName is: com.xiaomi.mi_connect_service  current info's userId is: 0
06-14 16:06:57.794 17101 17101 D ApplicationsState: The current packageName is: com.qualcomm.qti.autoregistration  current info's userId is: 0
06-14 16:06:57.794 17101 17101 D ApplicationsState: The current packageName is: com.xiaomi.micloud.sdk  current info's userId is: 0
06-14 16:06:57.794 17101 17101 D ApplicationsState: The current packageName is: com.qxr.feed  current info's userId is: 0
06-14 16:06:57.794 17101 17101 D ApplicationsState: The current packageName is: air.tv.douyu.android  current info's userId is: 0
06-14 16:06:57.794 17101 17101 D ApplicationsState: The current packageName is: com.qualcomm.qti.gpudrivers.taro.api31  current info's userId is: 0
06-14 16:06:57.794 17101 17101 D ApplicationsState: The current packageName is: com.tencent.qqmusic  current info's userId is: 0
06-14 16:06:57.794 17101 17101 D ApplicationsState: The current packageName is: com.android.updater  current info's userId is: 0
06-14 16:06:57.794 17101 17101 D ApplicationsState: The current packageName is: com.android.externalstorage  current info's userId is: 0
06-14 16:06:57.794 17101 17101 D ApplicationsState: The current packageName is: com.qualcomm.uimremoteclient  current info's userId is: 0
06-14 16:06:57.794 17101 17101 D ApplicationsState: The current packageName is: com.xiaomi.gamecenter.sdk.service  current info's userId is: 0
06-14 16:06:57.794 17101 17101 D ApplicationsState: The current packageName is: com.android.htmlviewer  current info's userId is: 0
06-14 16:06:57.794 17101 17101 D ApplicationsState: The current packageName is: com.miui.extraphoto  current info's userId is: 0
06-14 16:06:57.794 17101 17101 D ApplicationsState: The current packageName is: com.miui.securityadd  current info's userId is: 0
06-14 16:06:57.794 17101 17101 D ApplicationsState: The current packageName is: com.android.companiondevicemanager  current info's userId is: 0
06-14 16:06:57.794 17101 17101 D ApplicationsState: The current packageName is: com.miui.gallery  current info's userId is: 0
06-14 16:06:57.794 17101 17101 D ApplicationsState: The current packageName is: com.android.quicksearchbox  current info's userId is: 0
06-14 16:06:57.794 17101 17101 D ApplicationsState: The current packageName is: com.android.mms.service  current info's userId is: 0
06-14 16:06:57.794 17101 17101 D ApplicationsState: The current packageName is: com.android.providers.downloads  current info's userId is: 0
06-14 16:06:57.794 17101 17101 D ApplicationsState: The current packageName is: com.android.wifi.resources.overlay.taro  current info's userId is: 0
06-14 16:06:57.794 17101 17101 D ApplicationsState: The current packageName is: com.xiaomi.payment  current info's userId is: 0
06-14 16:06:57.794 17101 17101 D ApplicationsState: The current packageName is: com.android.networkstack.inprocess  current info's userId is: 0
06-14 16:06:57.794 17101 17101 D ApplicationsState: The current packageName is: com.miui.securitycenter  current info's userId is: 0
06-14 16:06:57.794 17101 17101 D ApplicationsState: The current packageName is: com.android.internal.systemui.onehanded.gestural  current info's userId is: 0
06-14 16:06:57.794 17101 17101 D ApplicationsState: The current packageName is: vendor.qti.hardware.cacert.server  current info's userId is: 0
06-14 16:06:57.794 17101 17101 D ApplicationsState: The current packageName is: com.okinc.okex  current info's userId is: 0
06-14 16:06:57.794 17101 17101 D ApplicationsState: The current packageName is: com.qualcomm.qti.telephonyservice  current info's userId is: 0
06-14 16:06:57.794 17101 17101 D ApplicationsState: The current packageName is: com.android.browser  current info's userId is: 0
06-14 16:06:57.794 17101 17101 D ApplicationsState: The current packageName is: com.miui.systemAdSolution  current info's userId is: 0
06-14 16:06:57.794 17101 17101 D ApplicationsState: The current packageName is: com.xiaomi.aiasst.vision  current info's userId is: 0
06-14 16:06:57.794 17101 17101 D ApplicationsState: The current packageName is: com.miui.tsmclient  current info's userId is: 0
06-14 16:06:57.794 17101 17101 D ApplicationsState: The current packageName is: com.qualcomm.qti.ridemodeaudio  current info's userId is: 0
06-14 16:06:57.794 17101 17101 D ApplicationsState: The current packageName is: vendor.qti.iwlan  current info's userId is: 0
06-14 16:06:57.794 17101 17101 D ApplicationsState: The current packageName is: com.google.android.configupdater  current info's userId is: 0
06-14 16:06:57.794 17101 17101 D ApplicationsState: The current packageName is: com.android.soundrecorder  current info's userId is: 0
06-14 16:06:57.795 17101 17101 D ApplicationsState: The current packageName is: com.baidu.input_mi  current info's userId is: 0
06-14 16:06:57.795 17101 17101 D ApplicationsState: The current packageName is: io.appium.uiautomator2.server  current info's userId is: 0
06-14 16:06:57.795 17101 17101 D ApplicationsState: The current packageName is: com.qualcomm.uimremoteserver  current info's userId is: 0
06-14 16:06:57.795 17101 17101 D ApplicationsState: The current packageName is: com.miui.guardprovider  current info's userId is: 0
06-14 16:06:57.795 17101 17101 D ApplicationsState: The current packageName is: android.qvaoverlay.common  current info's userId is: 0
06-14 16:06:57.795 17101 17101 D ApplicationsState: The current packageName is: com.android.providers.downloads.ui  current info's userId is: 0
06-14 16:06:57.795 17101 17101 D ApplicationsState: The current packageName is: com.android.vending  current info's userId is: 0
06-14 16:06:57.795 17101 17101 D ApplicationsState: The current packageName is: com.android.pacprocessor  current info's userId is: 0
06-14 16:06:57.795 17101 17101 D ApplicationsState: The current packageName is: com.android.simappdialog  current info's userId is: 0
06-14 16:06:57.795 17101 17101 D ApplicationsState: The current packageName is: com.xingin.xhs  current info's userId is: 0
06-14 16:06:57.795 17101 17101 D ApplicationsState: The current packageName is: com.miui.backup  current info's userId is: 0
06-14 16:06:57.795 17101 17101 D ApplicationsState: The current packageName is: com.android.settings.overlay.miui  current info's userId is: 0
06-14 16:06:57.795 17101 17101 D ApplicationsState: The current packageName is: com.miui.notification  current info's userId is: 0
06-14 16:06:57.795 17101 17101 D ApplicationsState: The current packageName is: android.overlay.common  current info's userId is: 0
06-14 16:06:57.795 17101 17101 D ApplicationsState: The current packageName is: com.android.connectivity.resources  current info's userId is: 0
06-14 16:06:57.795 17101 17101 D ApplicationsState: The current packageName is: com.miui.micloudsync  current info's userId is: 0
06-14 16:06:57.795 17101 17101 D ApplicationsState: The current packageName is: com.xiaomi.barrage  current info's userId is: 0
06-14 16:06:57.795 17101 17101 D ApplicationsState: The current packageName is: com.tencent.mm  current info's userId is: 0
06-14 16:06:57.795 17101 17101 D ApplicationsState: The current packageName is: com.android.internal.display.cutout.emulation.hole  current info's userId is: 0
06-14 16:06:57.795 17101 17101 D ApplicationsState: The current packageName is: com.android.internal.display.cutout.emulation.tall  current info's userId is: 0
06-14 16:06:57.795 17101 17101 D ApplicationsState: The current packageName is: com.miui.daemon  current info's userId is: 0
06-14 16:06:57.795 17101 17101 D ApplicationsState: The current packageName is: com.miui.core.internal.assistant  current info's userId is: 0
06-14 16:06:57.795 17101 17101 D ApplicationsState: The current packageName is: com.xiaomi.ab  current info's userId is: 0
06-14 16:06:57.795 17101 17101 D ApplicationsState: The current packageName is: com.android.networkstack.overlay  current info's userId is: 0
06-14 16:06:57.795 17101 17101 D ApplicationsState: The current packageName is: com.android.modulemetadata  current info's userId is: 0
06-14 16:06:57.795 17101 17101 D ApplicationsState: The current packageName is: com.android.certinstaller  current info's userId is: 0
06-14 16:06:57.795 17101 17101 D ApplicationsState: The current packageName is: com.xiaomi.mibrain.speech  current info's userId is: 0
06-14 16:06:57.795 17101 17101 D ApplicationsState: The current packageName is: com.miui.vipservice  current info's userId is: 0
06-14 16:06:57.795 17101 17101 D ApplicationsState: The current packageName is: com.android.carrierconfig  current info's userId is: 0
06-14 16:06:57.795 17101 17101 D ApplicationsState: The current packageName is: com.google.android.marvin.talkback  current info's userId is: 0
06-14 16:06:57.795 17101 17101 D ApplicationsState: The current packageName is: com.wapi.wapicertmanage  current info's userId is: 0
06-14 16:06:57.795 17101 17101 D ApplicationsState: The current packageName is: com.android.internal.systemui.navbar.threebutton  current info's userId is: 0
06-14 16:06:57.795 17101 17101 D ApplicationsState: The current packageName is: com.duowan.kiwi  current info's userId is: 0
06-14 16:06:57.795 17101 17101 D ApplicationsState: The current packageName is: com.qti.qualcomm.datastatusnotification  current info's userId is: 0
06-14 16:06:57.795 17101 17101 D ApplicationsState: The current packageName is: com.taobao.litetao  current info's userId is: 0
06-14 16:06:57.795 17101 17101 D ApplicationsState: The current packageName is: android  current info's userId is: 0
06-14 16:06:57.795 17101 17101 D ApplicationsState: The current packageName is: com.android.contacts  current info's userId is: 0
06-14 16:06:57.795 17101 17101 D ApplicationsState: The current packageName is: com.android.camera.overlay  current info's userId is: 0
06-14 16:06:57.795 17101 17101 D ApplicationsState: The current packageName is: com.miui.huanji  current info's userId is: 0
06-14 16:06:57.795 17101 17101 D ApplicationsState: The current packageName is: com.qualcomm.wfd.service  current info's userId is: 0
06-14 16:06:57.795 17101 17101 D ApplicationsState: The current packageName is: com.miui.hybrid  current info's userId is: 0
06-14 16:06:57.795 17101 17101 D ApplicationsState: The current packageName is: android.miui.overlay  current info's userId is: 0
06-14 16:06:57.795 17101 17101 D ApplicationsState: The current packageName is: com.miui.vsimcore  current info's userId is: 0
06-14 16:06:57.795 17101 17101 D ApplicationsState: The current packageName is: com.miui.securitycore  current info's userId is: 0
06-14 16:06:57.795 17101 17101 D ApplicationsState: The current packageName is: com.baidu.searchbox  current info's userId is: 0
06-14 16:06:57.795 17101 17101 D ApplicationsState: The current packageName is: com.sangfor.vpn.client.phone  current info's userId is: 0
06-14 16:06:57.795 17101 17101 D ApplicationsState: The current packageName is: cn.missevan.coexist  current info's userId is: 0
06-14 16:06:57.795 17101 17101 D ApplicationsState: The current packageName is: com.mi.health  current info's userId is: 0
06-14 16:06:57.795 17101 17101 D ApplicationsState: The current packageName is: com.qti.qualcomm.deviceinfo  current info's userId is: 0
06-14 16:06:57.795 17101 17101 D ApplicationsState: The current packageName is: cn.wps.moffice_eng.xiaomi.lite  current info's userId is: 0
06-14 16:06:57.795 17101 17101 D ApplicationsState: The current packageName is: com.android.mms  current info's userId is: 0
06-14 16:06:57.795 17101 17101 D ApplicationsState: The current packageName is: com.android.mtp  current info's userId is: 0
06-14 16:06:57.795 17101 17101 D ApplicationsState: The current packageName is: com.android.nfc  current info's userId is: 0
06-14 16:06:57.795 17101 17101 D ApplicationsState: The current packageName is: com.android.ons  current info's userId is: 0
06-14 16:06:57.795 17101 17101 D ApplicationsState: The current packageName is: com.android.stk  current info's userId is: 0
06-14 16:06:57.795 17101 17101 D ApplicationsState: The current packageName is: com.android.backupconfirm  current info's userId is: 0
06-14 16:06:57.795 17101 17101 D ApplicationsState: The current packageName is: com.xiaomi.simactivate.service  current info's userId is: 0
06-14 16:06:57.795 17101 17101 D ApplicationsState: The current packageName is: com.mfashiongallery.emag  current info's userId is: 0
06-14 16:06:57.795 17101 17101 D ApplicationsState: The current packageName is: com.miui.phrase  current info's userId is: 0
06-14 16:06:57.795 17101 17101 D ApplicationsState: The current packageName is: com.ifaa.seccam  current info's userId is: 0
06-14 16:06:57.795 17101 17101 D ApplicationsState: The current packageName is: com.miui.player  current info's userId is: 0
06-14 16:06:57.795 17101 17101 D ApplicationsState: The current packageName is: com.miui.miservice  current info's userId is: 0
06-14 16:06:57.795 17101 17101 D ApplicationsState: The current packageName is: com.android.provision  current info's userId is: 0
06-14 16:06:57.795 17101 17101 D ApplicationsState: The current packageName is: org.codeaurora.ims  current info's userId is: 0
06-14 16:06:57.795 17101 17101 D ApplicationsState: The current packageName is: com.android.statementservice  current info's userId is: 0
06-14 16:06:57.795 17101 17101 D ApplicationsState: The current packageName is: android.overlay.target  current info's userId is: 0
06-14 16:06:57.795 17101 17101 D ApplicationsState: The current packageName is: com.miui.system  current info's userId is: 0
06-14 16:06:57.795 17101 17101 D ApplicationsState: The current packageName is: com.microsoft.emmx  current info's userId is: 0
06-14 16:06:57.795 17101 17101 D ApplicationsState: The current packageName is: com.android.settings.intelligence  current info's userId is: 0
06-14 16:06:57.795 17101 17101 D ApplicationsState: The current packageName is: com.android.calendar  current info's userId is: 0
06-14 16:06:57.795 17101 17101 D ApplicationsState: The current packageName is: com.miui.translation.kingsoft  current info's userId is: 0
06-14 16:06:57.795 17101 17101 D ApplicationsState: The current packageName is: com.miui.catcherpatch  current info's userId is: 0
06-14 16:06:57.795 17101 17101 D ApplicationsState: The current packageName is: com.miui.miwallpaper.overlay.customize  current info's userId is: 0
06-14 16:06:57.795 17101 17101 D ApplicationsState: The current packageName is: com.miui.maintenancemode  current info's userId is: 0
06-14 16:06:57.795 17101 17101 D ApplicationsState: The current packageName is: com.miui.virtualsim  current info's userId is: 0
06-14 16:06:57.795 17101 17101 D ApplicationsState: The current packageName is: com.android.internal.systemui.navbar.gestural_extra_wide_back  current info's userId is: 0
06-14 16:06:57.795 17101 17101 D ApplicationsState: The current packageName is: cn.missevan  current info's userId is: 0
06-14 16:06:57.795 17101 17101 D ApplicationsState: The current packageName is: com.miui.systemui.devices.overlay  current info's userId is: 0
06-14 16:06:57.795 17101 17101 D ApplicationsState: The current packageName is: com.miui.compass  current info's userId is: 0
06-14 16:06:57.795 17101 17101 D ApplicationsState: The current packageName is: com.qualcomm.qti.dynamicddsservice  current info's userId is: 0
06-14 16:06:57.795 17101 17101 D ApplicationsState: The current packageName is: com.miui.aod  current info's userId is: 0
06-14 16:06:57.795 17101 17101 D ApplicationsState: The current packageName is: com.miui.cit  current info's userId is: 0
06-14 16:06:57.795 17101 17101 D ApplicationsState: The current packageName is: com.miui.rom  current info's userId is: 0
06-14 16:06:57.795 17101 17101 D ApplicationsState: The current packageName is: com.miuix.editor  current info's userId is: 0
06-14 16:06:57.795 17101 17101 D ApplicationsState: The current packageName is: com.qualcomm.qti.xrvd.service  current info's userId is: 0
06-14 16:06:57.795 17101 17101 D ApplicationsState: The current packageName is: com.sh.cm.shydhn  current info's userId is: 0
06-14 16:06:57.795 17101 17101 D ApplicationsState: The current packageName is: com.qualcomm.qcrilmsgtunnel  current info's userId is: 0
06-14 16:06:57.795 17101 17101 D ApplicationsState: The current packageName is: com.android.providers.settings  current info's userId is: 0
06-14 16:06:57.795 17101 17101 D ApplicationsState: The current packageName is: com.miui.vpnsdkmanager  current info's userId is: 0
06-14 16:06:57.795 17101 17101 D ApplicationsState: The current packageName is: com.android.sharedstoragebackup  current info's userId is: 0
06-14 16:06:57.795 17101 17101 D ApplicationsState: The current packageName is: com.xiaomi.location.fused  current info's userId is: 0
06-14 16:06:57.795 17101 17101 D ApplicationsState: The current packageName is: com.android.printspooler  current info's userId is: 0
06-14 16:06:57.795 17101 17101 D ApplicationsState: The current packageName is: com.miui.personalassistant  current info's userId is: 0
06-14 16:06:57.795 17101 17101 D ApplicationsState: The current packageName is: com.miui.misound  current info's userId is: 0
06-14 16:06:57.795 17101 17101 D ApplicationsState: The current packageName is: com.android.wifi.resources.overlay.common  current info's userId is: 0
06-14 16:06:57.795 17101 17101 D ApplicationsState: The current packageName is: org.ifaa.aidl.manager  current info's userId is: 0
06-14 16:06:57.795 17101 17101 D ApplicationsState: The current packageName is: com.android.dreams.basic  current info's userId is: 0
06-14 16:06:57.795 17101 17101 D ApplicationsState: The current packageName is: com.google.android.overlay.modules.ext.services  current info's userId is: 0
06-14 16:06:57.796 17101 17101 D ApplicationsState: The current packageName is: com.android.incallui  current info's userId is: 0
06-14 16:06:57.796 17101 17101 D ApplicationsState: The current packageName is: com.android.systemui.gesture.line.overlay  current info's userId is: 0
06-14 16:06:57.796 17101 17101 D ApplicationsState: The current packageName is: com.duokan.phone.remotecontroller  current info's userId is: 0
06-14 16:06:57.796 17101 17101 D ApplicationsState: The current packageName is: com.miui.bugreport  current info's userId is: 0
06-14 16:06:57.796 17101 17101 D ApplicationsState: The current packageName is: com.android.se  current info's userId is: 0
06-14 16:06:57.796 17101 17101 D ApplicationsState: The current packageName is: com.android.inputdevices  current info's userId is: 0
06-14 16:06:57.796 17101 17101 D ApplicationsState: The current packageName is: com.fido.asm  current info's userId is: 0
06-14 16:06:57.796 17101 17101 D ApplicationsState: The current packageName is: com.qti.slaservice  current info's userId is: 0
06-14 16:06:57.796 17101 17101 D ApplicationsState: The current packageName is: com.android.bips  current info's userId is: 0
06-14 16:06:57.796 17101 17101 D ApplicationsState: The current packageName is: com.qti.dpmserviceapp  current info's userId is: 0
06-14 16:06:57.796 17101 17101 D ApplicationsState: The current packageName is: com.xunmeng.pinduoduo  current info's userId is: 0
06-14 16:06:57.796 17101 17101 D ApplicationsState: The current packageName is: com.android.fileexplorer  current info's userId is: 0
06-14 16:06:57.796 17101 17101 D ApplicationsState: The current packageName is: com.qti.xdivert  current info's userId is: 0
06-14 16:06:57.796 17101 17101 D ApplicationsState: The current packageName is: com.miui.voicetrigger  current info's userId is: 0
06-14 16:06:57.796 17101 17101 D ApplicationsState: The current packageName is: com.xiaomi.macro  current info's userId is: 0
06-14 16:06:57.796 17101 17101 D ApplicationsState: The current packageName is: com.xiaomi.mircs  current info's userId is: 0
06-14 16:06:57.796 17101 17101 D ApplicationsState: The current packageName is: com.android.systemui.overlay.miui  current info's userId is: 0
06-14 16:06:57.796 17101 17101 D ApplicationsState: The current packageName is: com.android.settings.overlay.common  current info's userId is: 0
06-14 16:06:57.796 17101 17101 D ApplicationsState: The current packageName is: com.google.android.overlay.gmsconfig  current info's userId is: 0
06-14 16:06:57.796 17101 17101 D ApplicationsState: The current packageName is: com.missevan.game.projectS  current info's userId is: 0
06-14 16:06:57.796 17101 17101 D ApplicationsState: The current packageName is: com.miui.mediafeature  current info's userId is: 0
06-14 16:06:57.796 17101 17101 D ApplicationsState: The current packageName is: com.miui.cloudbackup  current info's userId is: 0
06-14 16:06:57.796 17101 17101 D ApplicationsState: The current packageName is: com.miui.face.overlay.miui  current info's userId is: 0
06-14 16:06:57.796 17101 17101 D ApplicationsState: The current packageName is: com.android.cellbroadcastreceiver  current info's userId is: 0
06-14 16:06:57.796 17101 17101 D ApplicationsState: The current packageName is: com.google.android.webview  current info's userId is: 0
06-14 16:06:57.796 17101 17101 D ApplicationsState: The current packageName is: com.google.android.overlay.modules.documentsui  current info's userId is: 0
06-14 16:06:57.796 17101 17101 D ApplicationsState: The current packageName is: com.mipay.wallet  current info's userId is: 0
06-14 16:06:57.796 17101 17101 D ApplicationsState: The current packageName is: com.ss.android.article.news  current info's userId is: 0
