06-21 18:16:17.802  1647  1714 I WindowManager: notifyInsetsControlChanged for:Window{f2c3a00 u0 cn.missevan/cn.missevan.activity.MainActivity}
06-21 18:16:17.802  1647  1714 I WindowManager: notifyInsetsControlChanged for:Window{2dbd402 u0 cn.missevan/cn.missevan.activity.MainActivity}
06-21 18:16:17.802   812   812 I Layer   : [432099b cn.missevan/cn.missevan.activity.MainActivity#0] seq 10977 destroyed
06-21 18:16:17.802  2504  2504 I LightBarController: onStatusBarAppearanceChanged appearanceRegions:AppearanceRegion{LIGHT_STATUS_BARS bounds=[0,0][1176,2400]},  sbModeChanged:false, statusBarMode:0, stackAppearancesChanged:false, navbarColorManagedByIme:false
06-21 18:16:17.802  2504  2504 I NavigationBar: navigationbar appearance:0,mTransientShown:false
06-21 18:16:17.802  4543  4543 D PlayerCore.Live.bbp.core1: [main] event(1342177297): msg_log_cb, arg1: 3, arg2: 0, arg3: 0, any: Info T8CB864F8 CPlayMain L310 The DataLog app type:   6
06-21 18:16:17.802  4543  4543 D PlayerCore.Live.bbp.core1:
06-21 18:16:17.803  4543  4543 I PlayerCore.Live.bbp.core1: [main] msg_log_cb, Info T8CB864F8 CPlayMain L310 The DataLog app type:   6
06-21 18:16:17.803  4543  4543 I PlayerCore.Live.bbp.core1:
06-21 18:16:17.808  4543  4543 D PlayerCore.Live.bbp.core1: [main] event(1342177297): msg_log_cb, arg1: 3, arg2: 0, arg3: 0, any: Info T8CB864F8 CPlayMain L283 The Session UUID: ffdc794c-fee1-46ff-8bcc-7b79e7c97210
06-21 18:16:17.808  4543  4543 D PlayerCore.Live.bbp.core1:
06-21 18:16:17.808  4543  4543 I PlayerCore.Live.bbp.core1: [main] msg_log_cb, Info T8CB864F8 CPlayMain L283 The Session UUID: ffdc794c-fee1-46ff-8bcc-7b79e7c97210
06-21 18:16:17.808  4543  4543 I PlayerCore.Live.bbp.core1:
06-21 18:16:17.811  4326  4326 I DecorView: navBarColor: ffffffff statusBarColor: 0 statusInsets: Insets{left=0, top=72, right=0, bottom=0} navInsets: Insets{left=0, top=0, right=0, bottom=0}
06-21 18:16:17.812  4326  4326 I DecorView: updateColorViewInt type:1 size: 0 showView:false color:ffffffff
06-21 18:16:17.812  4326  4326 I DecorView: updateColorViewInt type:0 size: 72 showView:false color:0
06-21 18:16:17.813  4543  4543 D PlayerCore.Live.bbp.core1: [main] event(1342177297): msg_log_cb, arg1: 3, arg2: 0, arg3: 0, any: Info T8CB864F8 CPlayMain L310 The DataLog app type:   5
06-21 18:16:17.813  4543  4543 D PlayerCore.Live.bbp.core1:
06-21 18:16:17.813  4543  4543 I PlayerCore.Live.bbp.core1: [main] msg_log_cb, Info T8CB864F8 CPlayMain L310 The DataLog app type:   5
06-21 18:16:17.813  4543  4543 I PlayerCore.Live.bbp.core1:
06-21 18:16:17.818  4543  4543 D PlayerCore.Live.bbp.core1: [main] event(1342177297): msg_log_cb, arg1: 3, arg2: 0, arg3: 0, any: Info T8CB864F8 CPlayMain L330 It sets resume
06-21 18:16:17.818  4543  4543 D PlayerCore.Live.bbp.core1:
06-21 18:16:17.818  4543  4543 I PlayerCore.Live.bbp.core1: [main] msg_log_cb, Info T8CB864F8 CPlayMain L330 It sets resume
06-21 18:16:17.818  4543  4543 I PlayerCore.Live.bbp.core1:
06-21 18:16:17.822  1647  3017 I WindowManager: setHoldScreenLocked newHoldScreen:Session{d458f3d 4326:u0a10358} currentHoldScreen:null wakeLockState:false
06-21 18:16:17.824  1647  1714 I WindowManager: Update InputWindowHandle: f2c3a00 cn.missevan/cn.missevan.activity.MainActivity, frame=[0,0,1176,2400], touchableRegion=SkRegion((0,0,1176,2400)), visible=true, changed=true isChanged:true
06-21 18:16:17.824  1647  1714 I WindowManager: Focus not requested for window=Window{2dbd402 u0 cn.missevan/cn.missevan.activity.MainActivity} because it has no surface or is not focusable.
06-21 18:16:17.831  1647  3017 I PackageManager: Returning preferred activity: com.huawei.android.launcher/com.huawei.android.launcher.unihome.UniHomeLauncher
06-21 18:16:17.831  1647  3017 I PackageManager: choose best activity: com.huawei.android.launcher, com.huawei.android.launcher.unihome.UniHomeLauncher
06-21 18:16:17.831  4326  8057 D HiTouch_PressGestureDetector: onAttached, package=cn.missevan, windowType=2, mIsHiTouchRestricted=false
06-21 18:16:17.832   812  3945 I Layer   : [cn.missevan/cn.missevan.activity.MainActivity#1] seq 10982 created
06-21 18:16:17.833  1647  3017 I ActivityTaskManager: updateAllDrawn numInteresting = 2, mNumDrawnWindows = 1, isAllDrawnStatesConsidered = true, isRelaunching = false
06-21 18:16:17.834  1647  3017 I WindowManager: reportResized : win = Window{2dbd402 u0 cn.missevan/cn.missevan.activity.MainActivity} drawState = DRAW_PENDING
06-21 18:16:17.834  1647  1714 I WindowManager: Update InputWindowHandle: 2dbd402 cn.missevan/cn.missevan.activity.MainActivity, frame=[330,1078,846,1393], touchableRegion=SkRegion((-330,-1078,846,1322)), visible=true, changed=true isChanged:true
06-21 18:16:17.834  1647  1714 I WindowManager: Focus requested for window=:2dbd402 cn.missevan/cn.missevan.activity.MainActivity
06-21 18:16:17.835   812   812 I Layer   : [Surface(name=94a2221 StatusBar)/@0x331ffef - animation-leash of insets_animation#0] seq 10968 destroyed
06-21 18:16:17.835  4326  4326 D BufferQueueCore: BufferQueueCore: mDebugHwFlow=0, mIsBufferQueueLogVSupport=0.
06-21 18:16:17.835  1647  3017 I HwInputMethodManagerService: removeImeSurfaceFromWindow windowToken = android.os.BinderProxy@a42214d
06-21 18:16:17.835  1647  3017 I HwInputMethodManagerService: removeImeSurfaceFromWindow mCurrentWindowToken = android.os.BinderProxy@c288883
06-21 18:16:17.835  4326  4326 D InsetsSourceConsumer: setControl mType:0, requestedVisible:true, getLeash:Surface(name=Surface(name=94a2221 StatusBar)/@0x331ffef - animation-leash of insets_animation)/@0x9faf054, needAnimation:false, mIsAnimationPending:false, getRootViewTitle:cn.missevan/cn.missevan.activity.MainActivity
06-21 18:16:17.837  1241  1254 D AwareLog: iawared: set /proc/4326/task/8058/static_vip vip
06-21 18:16:17.841  1647  1714 I WindowManager: commitFinishDrawingLocked activity = ActivityRecord{6f0769c u0 cn.missevan/.activity.MainActivity t93}, canShowWindows = false, allDrawn = false, isAnimating = false
06-21 18:16:17.841  4326  4326 I MEPlayer.Live.bbp.core1: [main] updateNotificationData, notify: false
06-21 18:16:17.841  4326  4326 I PlayerServiceConnection.Live.bbp.core1: [main] updateNotificationData
06-21 18:16:17.842  1647  1714 I WindowManager: commitFinishDrawingLocked activity = ActivityRecord{6f0769c u0 cn.missevan/.activity.MainActivity t93}, canShowWindows = true, allDrawn = true, isAnimating = false
06-21 18:16:17.842  4326  4326 I PlayerNotificationConnection.core1: [main] updateNotificationData
06-21 18:16:17.843  4543  4543 I ServicePlayer.Live.bbp.core1: [main] updateNotificationData, notify: false
06-21 18:16:17.843   812  3945 I Layer   : [Surface(name=2dbd402 cn.missevan/cn.missevan.activity.MainActivity)/@0x9d6503 - animation-leash of window_animation#0] seq 10983 created
06-21 18:16:17.843  4326  4326 I PlayerNotificationService.core1: [main] updateNotificationData, SimpleNotificationData(contentTitle=null, contentText=null, cover=null, coverRadius=4, defaultCover=2131234477, customLayout=2131625017, smallIcon=2131232641, actionList=null, showActionsInCompactView=null, contentAction=cn.missevan.action.AUDIO_PLAY, contentClassName=cn.missevan.activity.MainActivity, bizType=Live, groupId=missevan_live_group, channelId=missevan-live-channel-id, channelName=FM , channelDesc=FM , visibility=1)
06-21 18:16:17.844   812  1706 I Layer   : [Dim Layer for - Task=93#0] seq 10984 created
06-21 18:16:17.845   812  1706 I Layer   : [Surface(name=Dim Layer for - Task=93)/@0xef1c6fe - animation-leash of dimmer#0] seq 10985 created
06-21 18:16:17.846  1647  1714 I WindowManager: Update InputWindowHandle: 2dbd402 cn.missevan/cn.missevan.activity.MainActivity, frame=[330,1078,846,1393], touchableRegion=SkRegion((-330,-1078,846,1322)), visible=true, changed=true isChanged:true
06-21 18:16:17.847  4326  4326 I PlayerNotification: [main] createNotificationChannel, create new channel.
06-21 18:16:17.850  4326  4326 I UserLiveRoomFragment: [main] onSupportVisible
06-21 18:16:17.850  4326  4326 I MissEvanBitmapMonitor: [main] setCurrentScene: UserLiveRoomFragment
06-21 18:16:17.851  4326  4326 I BaseLiveRoomFragment: [main] Live room is visible
06-21 18:16:17.851   812   812 I Layer   : setFlags: Layer:cn.missevan/cn.missevan.activity.MainActivity#1 show
06-21 18:16:17.853  1647  3017 I FocusResolver: setFocusedWindow 2dbd402 cn.missevan/cn.missevan.activity.MainActivity on display 0, result:OK
06-21 18:16:17.853  1647  3017 I FocusResolver: Focus entered window 2dbd402 cn.missevan/cn.missevan.activity.MainActivity in display 0, reason:setFocusedWindow
06-21 18:16:17.854  4326  4326 E InputTransport: channel 'f2c3a00 cn.missevan/cn.missevan.activity.MainActivity (client)' ~ receive message failed, errno=11, seq = 98806
06-21 18:16:17.854  4326  4326 E InputTransport: channel '2dbd402 cn.missevan/cn.missevan.activity.MainActivity (client)' ~ receive message failed, errno=11, seq = 98807
06-21 18:16:17.854  1647  2265 E InputTransport: channel 'f2c3a00 cn.missevan/cn.missevan.activity.MainActivity (server)' ~ receive message failed, errno=11, seq = 0
06-21 18:16:17.854  1647  2265 E InputTransport: channel '2dbd402 cn.missevan/cn.missevan.activity.MainActivity (server)' ~ receive message failed, errno=11, seq = 0
06-21 18:16:17.854  4326  4326 D InsetsSourceConsumer: setControl mType:0, requestedVisible:true, getLeash:Surface(name=Surface(name=94a2221 StatusBar)/@0x331ffef - animation-leash of insets_animation)/@0x253f5ec, needAnimation:false, mIsAnimationPending:false, getRootViewTitle:cn.missevan/cn.missevan.activity.MainActivity
06-21 18:16:17.854  4326  4529 D OpenGLRenderer: disableOutlineDraw is true
06-21 18:16:17.855  1647  3907 I HwInputMethodManagerService: removeImeSurfaceFromWindow windowToken = android.os.BinderProxy@a42214d
06-21 18:16:17.855  1647  3907 I HwInputMethodManagerService: removeImeSurfaceFromWindow mCurrentWindowToken = android.os.BinderProxy@c288883
06-21 18:16:17.856  1647  1711 I StatusBarDisable: setFlags what=0 which=1 pkg=Window{2dbd402 u0 cn.missevan/cn.missevan.activity.MainActivity}
06-21 18:16:17.858  2504  2504 I LightBarController: onStatusBarAppearanceChanged appearanceRegions:AppearanceRegion{ bounds=[0,0][1176,2400]},  sbModeChanged:false, statusBarMode:0, stackAppearancesChanged:true, navbarColorManagedByIme:false
06-21 18:16:17.858  2504  2504 I LightBarController: updateStatus numLightStacks:0, numStacks:1
06-21 18:16:17.859  2504  2504 I StatusBarLayout: refreshTint: tint: ffffffff
06-21 18:16:17.860  2504  2504 I NavigationBar: navigationbar appearance:0,mTransientShown:false
06-21 18:16:17.860  4543  4543 I PlayerNotification: [main] createNotificationChannel, channel is exist.
06-21 18:16:17.861  3220  4324 W SQLiteLog: (28) double-quoted string literal: "cn.missevan"
06-21 18:16:17.863  3220  4324 W SQLiteLog: (28) double-quoted string literal: "cn.missevan"
06-21 18:16:17.865  4326  4691 I RecordRequestTimeInterceptor: [RxCachedThreadScheduler-4] HTTP request: [2023-06-21T10:16:17.758Z] GET https://fm.missevan.com/api/v2/meta/data 200 69ms 0
06-21 18:16:17.865  4326  5516 D BitmapMonitor: dumpJavaStack: glide-source-thread-0
06-21 18:16:17.865  4326  5516 D BitmapMonitor: dumpJavaStack: glide-source-thread-0
06-21 18:16:17.865  4326  5516 D BitmapMonitor: 	at android.graphics.Bitmap.nativeCreate(Bitmap.java:-2)
06-21 18:16:17.865  4326  5516 D BitmapMonitor: 	at android.graphics.Bitmap.createBitmap(Bitmap.java:1257)
06-21 18:16:17.865  4326  5516 D BitmapMonitor: 	at android.graphics.Bitmap.createBitmap(Bitmap.java:1215)
06-21 18:16:17.865  4326  5516 D BitmapMonitor: 	at android.graphics.Bitmap.createBitmap(Bitmap.java:1165)
06-21 18:16:17.865  4326  5516 D BitmapMonitor: 	at android.graphics.Bitmap.createBitmap(Bitmap.java:1126)
06-21 18:16:17.865  4326  5516 D BitmapMonitor: 	at com.bumptech.glide.load.engine.bitmap_recycle.LruBitmapPool.createBitmap(LruBitmapPool.java:175)
06-21 18:16:17.865  4326  5516 D BitmapMonitor: 	at com.bumptech.glide.load.engine.bitmap_recycle.LruBitmapPool.getDirty(LruBitmapPool.java:168)
06-21 18:16:17.865  4326  5516 D BitmapMonitor: 	at com.bumptech.glide.integration.webp.decoder.WebpDownsampler.setInBitmap(WebpDownsampler.java:624)
06-21 18:16:17.865  4326  5516 D BitmapMonitor: 	at com.bumptech.glide.integration.webp.decoder.WebpDownsampler.decodeFromWrappedStreams(WebpDownsampler.java:253)
06-21 18:16:17.865  4326  5516 D BitmapMonitor: 	at com.bumptech.glide.integration.webp.decoder.WebpDownsampler.decode(WebpDownsampler.java:164)
06-21 18:16:17.865  4326  5516 D BitmapMonitor: 	at com.bumptech.glide.integration.webp.decoder.WebpDownsampler.decode(WebpDownsampler.java:120)
06-21 18:16:17.865  4326  5516 D BitmapMonitor: 	at com.bumptech.glide.integration.webp.decoder.ByteBufferBitmapWebpDecoder.decode(ByteBufferBitmapWebpDecoder.java:37)
06-21 18:16:17.865  4326  5516 D BitmapMonitor: 	at com.bumptech.glide.integration.webp.decoder.ByteBufferBitmapWebpDecoder.decode(ByteBufferBitmapWebpDecoder.java:22)
06-21 18:16:17.865  4326  5516 D BitmapMonitor: 	at com.bumptech.glide.load.engine.DecodePath.decodeResourceWithList(DecodePath.java:92)
06-21 18:16:17.865  4326  5516 D BitmapMonitor: 	at com.bumptech.glide.load.engine.DecodePath.decodeResource(DecodePath.java:70)
06-21 18:16:17.865  4326  5516 D BitmapMonitor: 	at com.bumptech.glide.load.engine.DecodePath.decode(DecodePath.java:59)
06-21 18:16:17.865  4326  5516 D BitmapMonitor: 	at com.bumptech.glide.load.engine.LoadPath.loadWithExceptionList(LoadPath.java:76)
06-21 18:16:17.865  4326  5516 D BitmapMonitor: 	at com.bumptech.glide.load.engine.LoadPath.load(LoadPath.java:57)
06-21 18:16:17.865  4326  5516 D BitmapMonitor: 	at com.bumptech.glide.load.engine.DecodeJob.runLoadPath(DecodeJob.java:539)
06-21 18:16:17.865  4326  5516 D BitmapMonitor: 	at com.bumptech.glide.load.engine.DecodeJob.decodeFromFetcher(DecodeJob.java:503)
06-21 18:16:17.865  4326  5516 D BitmapMonitor: 	at com.bumptech.glide.load.engine.DecodeJob.decodeFromData(DecodeJob.java:489)
06-21 18:16:17.865  4326  5516 D BitmapMonitor: 	at com.bumptech.glide.load.engine.DecodeJob.decodeFromRetrievedData(DecodeJob.java:434)
06-21 18:16:17.865  4326  5516 D BitmapMonitor: 	at com.bumptech.glide.load.engine.DecodeJob.onDataFetcherReady(DecodeJob.java:399)
06-21 18:16:17.865  4326  5516 D BitmapMonitor: 	at com.bumptech.glide.load.engine.SourceGenerator.onDataFetcherReady(SourceGenerator.java:239)
06-21 18:16:17.865  4326  5516 D BitmapMonitor: 	at com.bumptech.glide.load.engine.DataCacheGenerator.onDataReady(DataCacheGenerator.java:100)
06-21 18:16:17.865  4326  5516 D BitmapMonitor: 	at com.bumptech.glide.load.model.ByteBufferFileLoader$ByteBufferFetcher.loadData(ByteBufferFileLoader.java:62)
06-21 18:16:17.865  4326  5516 D BitmapMonitor: 	at com.bumptech.glide.load.engine.DataCacheGenerator.startNext(DataCacheGenerator.java:77)
06-21 18:16:17.865  4326  5516 D BitmapMonitor: 	at com.bumptech.glide.load.engine.SourceGenerator.startNext(SourceGenerator.java:75)
06-21 18:16:17.865  4326  5516 D BitmapMonitor: 	at com.bumptech.glide.load.engine.DecodeJob.runGenerators(DecodeJob.java:311)
06-21 18:16:17.865  4326  5516 D BitmapMonitor: 	at com.bumptech.glide.load.engine.DecodeJob.runWrapped(DecodeJob.java:280)
06-21 18:16:17.865  4326  5516 D BitmapMonitor: 	at com.bumptech.glide.load.engine.DecodeJob.run(DecodeJob.java:235)
06-21 18:16:17.865  4326  5516 D BitmapMonitor: 	at java.util.concurrent.ThreadPoolExecutor.runWorker(ThreadPoolExecutor.java:1167)
06-21 18:16:17.865  4326  5516 D BitmapMonitor: 	at java.util.concurrent.ThreadPoolExecutor$Worker.run(ThreadPoolExecutor.java:641)
06-21 18:16:17.865  4326  5516 D BitmapMonitor: 	at com.bumptech.glide.load.engine.executor.GlideExecutor$DefaultThreadFactory$1.run(GlideExecutor.java:421)
06-21 18:16:17.865  4326  5516 D BitmapMonitor: 	at java.lang.Thread.run(Thread.java:930)
06-21 18:16:17.865  4326  5516 D BitmapMonitor: 	at com.bumptech.glide.load.engine.executor.GlideExecutor$DefaultPriorityThreadFactory$1.run(GlideExecutor.java:380)
06-21 18:16:17.865  4326  5516 I bitmap_monitor: restore_image, width: 1080, height: 1920, /storage/emulated/0/Android/data/cn.missevan/files/bitmap_monitor/restore_1080_1920_1687342577865.bmp
06-21 18:16:17.865  4326  5516 I bitmap_monitor: record_bitmap_allocated >>> width: 1080, height: 1920, stride: 4320, bit_per_pixel: 4,  allocation_byte_count: 8294400, format: 1
06-21 18:16:17.868   812   812 I Layer   : [Surface(name=94a2221 StatusBar)/@0x331ffef - animation-leash of insets_animation#1] seq 10978 destroyed
06-21 18:16:17.868   812   812 I Layer   : [Surface(name=94a2221 StatusBar)/@0x331ffef - animation-leash of insets_animation#2] seq 10979 destroyed
06-21 18:16:17.874  1647  3017 V HwNotificationService: Notification db cfg changed
06-21 18:16:17.875  1647  8059 V HwNotificationService: HwCfgLoadingRunnable: Starts
06-21 18:16:17.875  1647  3017 I NotificationService: updateNotificationChannelForPackage, channel: NotificationChannel{mId='missevan-live-channel-id', mDescription=hasDescription , mImportance=2, mBypassDnd=false, mLockscreenVisibility=-1000, mSound=null, mLights=false, mLightColor=0, mVibration=null, mUserLockedFields=0, mFgServiceShown=false, mVibrationEnabled=false, mShowBadge=false, mDeleted=false, mDeletedTimeMs=-1, mGroup='null', mAudioAttributes=AudioAttributes: usage=USAGE_NOTIFICATION content=CONTENT_TYPE_SONIFICATION flags=0x800 tags= bundle=null, mBlockableSystem=false, mAllowBubbles=-1, mImportanceLockedByOEM=false, mImportanceLockedDefaultApp=false, mOriginalImp=2, mParent=null, mConversationId=null, mDemoted=false, mImportantConvo=false}
06-21 18:16:17.877  1647  3017 I ContentProviderHelper: Successfully start provider ContentProviderRecord{3daa538 u0 com.huawei.systemmanager/com.huawei.notificationmanager.db.DBProvider} launchingApp=null caller pid= 2504
06-21 18:16:17.878  1647  8059 I ContentProviderHelper: Successfully start provider ContentProviderRecord{3daa538 u0 com.huawei.systemmanager/com.huawei.notificationmanager.db.DBProvider} launchingApp=null caller pid= 1647
06-21 18:16:17.879  2673  3192 W ScenarioService: number format exception! str:
06-21 18:16:17.880  1647  8059 D NotificationPrefHelper: PreferencesHelper: setSysMgrCfgMap: get default channel cfg size:9
06-21 18:16:17.880  1647  8059 V HwNotificationService: HwCfgLoadingRunnable: get cfg size:261
06-21 18:16:17.880  1647  8059 V HwNotificationService: HwCfgLoadingRunnable: Ends.
06-21 18:16:17.890  1647  2252 W AwareLog: AwareRmsRtgSchedPlugin: setCgroupRtgBoost prop disable!
06-21 18:16:17.897  4326  5519 D ImagesKt: [glide-source-thread-3] The cache with key null is not found! cacheInUsual: false.
06-21 18:16:17.898  4326  5519 I bitmap_monitor: record_bitmap_allocated >>> width: 28, height: 51, stride: 112, bit_per_pixel: 4,  allocation_byte_count: 5712, format: 1
06-21 18:16:17.898  4326  5519 I bitmap_monitor: record_bitmap_allocated >>> width: 28, height: 51, stride: 112, bit_per_pixel: 4,  allocation_byte_count: 5712, format: 1
06-21 18:16:17.901  4326  5516 D ImagesKt: [glide-source-thread-0] The cache with key null is not found! cacheInUsual: false.
06-21 18:16:17.901  4326  5516 I bitmap_monitor: record_bitmap_allocated >>> width: 43, height: 76, stride: 172, bit_per_pixel: 4,  allocation_byte_count: 13072, format: 1
06-21 18:16:17.902  4326  5516 I bitmap_monitor: record_bitmap_allocated >>> width: 43, height: 76, stride: 172, bit_per_pixel: 4,  allocation_byte_count: 13072, format: 1
06-21 18:16:17.903  4326  5519 I ImagesKt: [glide-source-thread-3] Bitmap has been blurred, key: null
06-21 18:16:17.904  4326  5519 D BitmapMonitor: dumpJavaStack: glide-source-thread-3
06-21 18:16:17.904  4326  5519 D BitmapMonitor: dumpJavaStack: glide-source-thread-3
06-21 18:16:17.904  4326  5519 D BitmapMonitor: 	at android.graphics.Bitmap.nativeCreate(Bitmap.java:-2)
06-21 18:16:17.904  4326  5519 D BitmapMonitor: 	at android.graphics.Bitmap.createBitmap(Bitmap.java:1257)
06-21 18:16:17.904  4326  5519 D BitmapMonitor: 	at android.graphics.Bitmap.createBitmap(Bitmap.java:1215)
06-21 18:16:17.904  4326  5519 D BitmapMonitor: 	at android.graphics.Bitmap.createBitmap(Bitmap.java:1165)
06-21 18:16:17.904  4326  5519 D BitmapMonitor: 	at android.graphics.Bitmap.createBitmap(Bitmap.java:1126)
06-21 18:16:17.904  4326  5519 D BitmapMonitor: 	at com.bumptech.glide.load.engine.bitmap_recycle.LruBitmapPool.createBitmap(LruBitmapPool.java:175)
06-21 18:16:17.904  4326  5519 D BitmapMonitor: 	at com.bumptech.glide.load.engine.bitmap_recycle.LruBitmapPool.get(LruBitmapPool.java:157)
06-21 18:16:17.904  4326  5519 D BitmapMonitor: 	at com.bumptech.glide.load.resource.bitmap.TransformationUtils.centerCrop(TransformationUtils.java:135)
06-21 18:16:17.904  4326  5519 D BitmapMonitor: 	at cn.missevan.library.util.BlurTransformation.transform(Glides.kt:84)
06-21 18:16:17.904  4326  5519 D BitmapMonitor: 	at com.bumptech.glide.load.engine.DecodeJob.onResourceDecoded(DecodeJob.java:578)
06-21 18:16:17.904  4326  5519 D BitmapMonitor: 	at com.bumptech.glide.load.engine.DecodeJob$DecodeCallback.onResourceDecoded(DecodeJob.java:642)
06-21 18:16:17.904  4326  5519 D BitmapMonitor: 	at com.bumptech.glide.load.engine.DecodePath.decode(DecodePath.java:60)
06-21 18:16:17.904  4326  5519 D BitmapMonitor: 	at com.bumptech.glide.load.engine.LoadPath.loadWithExceptionList(LoadPath.java:76)
06-21 18:16:17.904  4326  5519 D BitmapMonitor: 	at com.bumptech.glide.load.engine.LoadPath.load(LoadPath.java:57)
06-21 18:16:17.904  4326  5519 D BitmapMonitor: 	at com.bumptech.glide.load.engine.DecodeJob.runLoadPath(DecodeJob.java:539)
06-21 18:16:17.904  4326  5519 D BitmapMonitor: 	at com.bumptech.glide.load.engine.DecodeJob.decodeFromFetcher(DecodeJob.java:503)
06-21 18:16:17.904  4326  5519 D BitmapMonitor: 	at com.bumptech.glide.load.engine.DecodeJob.decodeFromData(DecodeJob.java:489)
06-21 18:16:17.904  4326  5519 D BitmapMonitor: 	at com.bumptech.glide.load.engine.DecodeJob.decodeFromRetrievedData(DecodeJob.java:434)
06-21 18:16:17.904  4326  5519 D BitmapMonitor: 	at com.bumptech.glide.load.engine.DecodeJob.onDataFetcherReady(DecodeJob.java:399)
06-21 18:16:17.904  4326  5519 D BitmapMonitor: 	at com.bumptech.glide.load.engine.SourceGenerator.onDataFetcherReady(SourceGenerator.java:239)
06-21 18:16:17.904  4326  5519 D BitmapMonitor: 	at com.bumptech.glide.load.engine.DataCacheGenerator.onDataReady(DataCacheGenerator.java:100)
06-21 18:16:17.904  4326  5519 D BitmapMonitor: 	at com.bumptech.glide.load.model.ByteBufferFileLoader$ByteBufferFetcher.loadData(ByteBufferFileLoader.java:62)
06-21 18:16:17.904  4326  5519 D BitmapMonitor: 	at com.bumptech.glide.load.engine.DataCacheGenerator.startNext(DataCacheGenerator.java:77)
06-21 18:16:17.904  4326  5519 D BitmapMonitor: 	at com.bumptech.glide.load.engine.SourceGenerator.startNext(SourceGenerator.java:75)
06-21 18:16:17.904  4326  5519 D BitmapMonitor: 	at com.bumptech.glide.load.engine.DecodeJob.runGenerators(DecodeJob.java:311)
06-21 18:16:17.904  4326  5519 D BitmapMonitor: 	at com.bumptech.glide.load.engine.DecodeJob.runWrapped(DecodeJob.java:280)
06-21 18:16:17.904  4326  5519 D BitmapMonitor: 	at com.bumptech.glide.load.engine.DecodeJob.run(DecodeJob.java:235)
06-21 18:16:17.904  4326  5519 D BitmapMonitor: 	at java.util.concurrent.ThreadPoolExecutor.runWorker(ThreadPoolExecutor.java:1167)
06-21 18:16:17.904  4326  5519 D BitmapMonitor: 	at java.util.concurrent.ThreadPoolExecutor$Worker.run(ThreadPoolExecutor.java:641)
06-21 18:16:17.904  4326  5519 D BitmapMonitor: 	at com.bumptech.glide.load.engine.executor.GlideExecutor$DefaultThreadFactory$1.run(GlideExecutor.java:421)
06-21 18:16:17.904  4326  5519 D BitmapMonitor: 	at java.lang.Thread.run(Thread.java:930)
06-21 18:16:17.904  4326  5519 D BitmapMonitor: 	at com.bumptech.glide.load.engine.executor.GlideExecutor$DefaultPriorityThreadFactory$1.run(GlideExecutor.java:380)
06-21 18:16:17.904  4326  5519 I bitmap_monitor: restore_image, width: 1176, height: 1176, /storage/emulated/0/Android/data/cn.missevan/files/bitmap_monitor/restore_1176_1176_1687342577904.bmp
06-21 18:16:17.904  4326  5519 I bitmap_monitor: record_bitmap_allocated >>> width: 1176, height: 1176, stride: 4704, bit_per_pixel: 4,  allocation_byte_count: 5531904, format: 1
06-21 18:16:17.906  4326  5517 D BitmapMonitor: dumpJavaStack: glide-source-thread-1
06-21 18:16:17.906  4326  5517 D BitmapMonitor: dumpJavaStack: glide-source-thread-1
06-21 18:16:17.906  4326  5517 D BitmapMonitor: 	at android.graphics.Bitmap.nativeCreate(Bitmap.java:-2)
06-21 18:16:17.906  4326  5517 D BitmapMonitor: 	at android.graphics.Bitmap.createBitmap(Bitmap.java:1257)
06-21 18:16:17.906  4326  5517 D BitmapMonitor: 	at android.graphics.Bitmap.createBitmap(Bitmap.java:1215)
06-21 18:16:17.906  4326  5517 D BitmapMonitor: 	at android.graphics.Bitmap.createBitmap(Bitmap.java:1165)
06-21 18:16:17.906  4326  5517 D BitmapMonitor: 	at android.graphics.Bitmap.createBitmap(Bitmap.java:1126)
06-21 18:16:17.906  4326  5517 D BitmapMonitor: 	at com.bumptech.glide.load.engine.bitmap_recycle.LruBitmapPool.createBitmap(LruBitmapPool.java:175)
06-21 18:16:17.906  4326  5517 D BitmapMonitor: 	at com.bumptech.glide.load.engine.bitmap_recycle.LruBitmapPool.getDirty(LruBitmapPool.java:168)
06-21 18:16:17.906  4326  5517 D BitmapMonitor: 	at com.bumptech.glide.integration.webp.decoder.WebpDownsampler.setInBitmap(WebpDownsampler.java:624)
06-21 18:16:17.906  4326  5517 D BitmapMonitor: 	at com.bumptech.glide.integration.webp.decoder.WebpDownsampler.decodeFromWrappedStreams(WebpDownsampler.java:253)
06-21 18:16:17.906  4326  5517 D BitmapMonitor: 	at com.bumptech.glide.integration.webp.decoder.WebpDownsampler.decode(WebpDownsampler.java:164)
06-21 18:16:17.906  4326  5517 D BitmapMonitor: 	at com.bumptech.glide.integration.webp.decoder.WebpDownsampler.decode(WebpDownsampler.java:120)
06-21 18:16:17.906  4326  5517 D BitmapMonitor: 	at com.bumptech.glide.integration.webp.decoder.ByteBufferBitmapWebpDecoder.decode(ByteBufferBitmapWebpDecoder.java:37)
06-21 18:16:17.906  4326  5517 D BitmapMonitor: 	at com.bumptech.glide.integration.webp.decoder.ByteBufferBitmapWebpDecoder.decode(ByteBufferBitmapWebpDecoder.java:22)
06-21 18:16:17.906  4326  5517 D BitmapMonitor: 	at com.bumptech.glide.load.engine.DecodePath.decodeResourceWithList(DecodePath.java:92)
06-21 18:16:17.906  4326  5517 D BitmapMonitor: 	at com.bumptech.glide.load.engine.DecodePath.decodeResource(DecodePath.java:70)
06-21 18:16:17.906  4326  5517 D BitmapMonitor: 	at com.bumptech.glide.load.engine.DecodePath.decode(DecodePath.java:59)
06-21 18:16:17.906  4326  5517 D BitmapMonitor: 	at com.bumptech.glide.load.engine.LoadPath.loadWithExceptionList(LoadPath.java:76)
06-21 18:16:17.906  4326  5517 D BitmapMonitor: 	at com.bumptech.glide.load.engine.LoadPath.load(LoadPath.java:57)
06-21 18:16:17.906  4326  5517 D BitmapMonitor: 	at com.bumptech.glide.load.engine.DecodeJob.runLoadPath(DecodeJob.java:539)
06-21 18:16:17.906  4326  5517 D BitmapMonitor: 	at com.bumptech.glide.load.engine.DecodeJob.decodeFromFetcher(DecodeJob.java:503)
06-21 18:16:17.906  4326  5517 D BitmapMonitor: 	at com.bumptech.glide.load.engine.DecodeJob.decodeFromData(DecodeJob.java:489)
06-21 18:16:17.906  4326  5517 D BitmapMonitor: 	at com.bumptech.glide.load.engine.DecodeJob.decodeFromRetrievedData(DecodeJob.java:434)
06-21 18:16:17.906  4326  5517 D BitmapMonitor: 	at com.bumptech.glide.load.engine.DecodeJob.onDataFetcherReady(DecodeJob.java:399)
06-21 18:16:17.906  4326  5517 D BitmapMonitor: 	at com.bumptech.glide.load.engine.SourceGenerator.onDataFetcherReady(SourceGenerator.java:239)
06-21 18:16:17.906  4326  5517 D BitmapMonitor: 	at com.bumptech.glide.load.engine.DataCacheGenerator.onDataReady(DataCacheGenerator.java:100)
06-21 18:16:17.906  4326  5517 D BitmapMonitor: 	at com.bumptech.glide.load.model.ByteBufferFileLoader$ByteBufferFetcher.loadData(ByteBufferFileLoader.java:62)
06-21 18:16:17.906  4326  5517 D BitmapMonitor: 	at com.bumptech.glide.load.engine.DataCacheGenerator.startNext(DataCacheGenerator.java:77)
06-21 18:16:17.906  4326  5517 D BitmapMonitor: 	at com.bumptech.glide.load.engine.SourceGenerator.startNext(SourceGenerator.java:75)
06-21 18:16:17.906  4326  5517 D BitmapMonitor: 	at com.bumptech.glide.load.engine.DecodeJob.runGenerators(DecodeJob.java:311)
06-21 18:16:17.906  4326  5517 D BitmapMonitor: 	at com.bumptech.glide.load.engine.DecodeJob.runWrapped(DecodeJob.java:280)
06-21 18:16:17.906  4326  5517 D BitmapMonitor: 	at com.bumptech.glide.load.engine.DecodeJob.run(DecodeJob.java:235)
06-21 18:16:17.906  4326  5517 D BitmapMonitor: 	at java.util.concurrent.ThreadPoolExecutor.runWorker(ThreadPoolExecutor.java:1167)
06-21 18:16:17.906  4326  5517 D BitmapMonitor: 	at java.util.concurrent.ThreadPoolExecutor$Worker.run(ThreadPoolExecutor.java:641)
06-21 18:16:17.906  4326  5517 D BitmapMonitor: 	at com.bumptech.glide.load.engine.executor.GlideExecutor$DefaultThreadFactory$1.run(GlideExecutor.java:421)
06-21 18:16:17.906  4326  5517 D BitmapMonitor: 	at java.lang.Thread.run(Thread.java:930)
06-21 18:16:17.906  4326  5517 D BitmapMonitor: 	at com.bumptech.glide.load.engine.executor.GlideExecutor$DefaultPriorityThreadFactory$1.run(GlideExecutor.java:380)
06-21 18:16:17.906  4326  5517 I bitmap_monitor: restore_image, width: 1080, height: 1920, /storage/emulated/0/Android/data/cn.missevan/files/bitmap_monitor/restore_1080_1920_1687342577906.bmp
06-21 18:16:17.906  4326  5517 I bitmap_monitor: record_bitmap_allocated >>> width: 1080, height: 1920, stride: 4320, bit_per_pixel: 4,  allocation_byte_count: 8294400, format: 1
06-21 18:16:17.912  4326  5516 I ImagesKt: [glide-source-thread-0] Bitmap has been blurred, key: null
06-21 18:16:17.912  4326  5516 D BitmapMonitor: dumpJavaStack: glide-source-thread-0
06-21 18:16:17.912  4326  5516 D BitmapMonitor: dumpJavaStack: glide-source-thread-0
06-21 18:16:17.912  4326  5516 D BitmapMonitor: 	at android.graphics.Bitmap.nativeCreate(Bitmap.java:-2)
06-21 18:16:17.912  4326  5516 D BitmapMonitor: 	at android.graphics.Bitmap.createBitmap(Bitmap.java:1257)
06-21 18:16:17.912  4326  5516 D BitmapMonitor: 	at android.graphics.Bitmap.createBitmap(Bitmap.java:1215)
06-21 18:16:17.912  4326  5516 D BitmapMonitor: 	at android.graphics.Bitmap.createBitmap(Bitmap.java:1165)
06-21 18:16:17.912  4326  5516 D BitmapMonitor: 	at android.graphics.Bitmap.createBitmap(Bitmap.java:1126)
06-21 18:16:17.912  4326  5516 D BitmapMonitor: 	at com.bumptech.glide.load.engine.bitmap_recycle.LruBitmapPool.createBitmap(LruBitmapPool.java:175)
06-21 18:16:17.912  4326  5516 D BitmapMonitor: 	at com.bumptech.glide.load.engine.bitmap_recycle.LruBitmapPool.get(LruBitmapPool.java:157)
06-21 18:16:17.912  4326  5516 D BitmapMonitor: 	at com.bumptech.glide.load.resource.bitmap.TransformationUtils.centerCrop(TransformationUtils.java:135)
06-21 18:16:17.912  4326  5516 D BitmapMonitor: 	at cn.missevan.library.util.BlurTransformation.transform(Glides.kt:84)
06-21 18:16:17.912  4326  5516 D BitmapMonitor: 	at com.bumptech.glide.load.engine.DecodeJob.onResourceDecoded(DecodeJob.java:578)
06-21 18:16:17.912  4326  5516 D BitmapMonitor: 	at com.bumptech.glide.load.engine.DecodeJob$DecodeCallback.onResourceDecoded(DecodeJob.java:642)
06-21 18:16:17.912  4326  5516 D BitmapMonitor: 	at com.bumptech.glide.load.engine.DecodePath.decode(DecodePath.java:60)
06-21 18:16:17.912  4326  5516 D BitmapMonitor: 	at com.bumptech.glide.load.engine.LoadPath.loadWithExceptionList(LoadPath.java:76)
06-21 18:16:17.912  4326  5516 D BitmapMonitor: 	at com.bumptech.glide.load.engine.LoadPath.load(LoadPath.java:57)
06-21 18:16:17.912  4326  5516 D BitmapMonitor: 	at com.bumptech.glide.load.engine.DecodeJob.runLoadPath(DecodeJob.java:539)
06-21 18:16:17.912  4326  5516 D BitmapMonitor: 	at com.bumptech.glide.load.engine.DecodeJob.decodeFromFetcher(DecodeJob.java:503)
06-21 18:16:17.912  4326  5516 D BitmapMonitor: 	at com.bumptech.glide.load.engine.DecodeJob.decodeFromData(DecodeJob.java:489)
06-21 18:16:17.912  4326  5516 D BitmapMonitor: 	at com.bumptech.glide.load.engine.DecodeJob.decodeFromRetrievedData(DecodeJob.java:434)
06-21 18:16:17.912  4326  5516 D BitmapMonitor: 	at com.bumptech.glide.load.engine.DecodeJob.onDataFetcherReady(DecodeJob.java:399)
06-21 18:16:17.912  4326  5516 D BitmapMonitor: 	at com.bumptech.glide.load.engine.SourceGenerator.onDataFetcherReady(SourceGenerator.java:239)
06-21 18:16:17.912  4326  5516 D BitmapMonitor: 	at com.bumptech.glide.load.engine.DataCacheGenerator.onDataReady(DataCacheGenerator.java:100)
06-21 18:16:17.912  4326  5516 D BitmapMonitor: 	at com.bumptech.glide.load.model.ByteBufferFileLoader$ByteBufferFetcher.loadData(ByteBufferFileLoader.java:62)
06-21 18:16:17.912  4326  5516 D BitmapMonitor: 	at com.bumptech.glide.load.engine.DataCacheGenerator.startNext(DataCacheGenerator.java:77)
06-21 18:16:17.912  4326  5516 D BitmapMonitor: 	at com.bumptech.glide.load.engine.SourceGenerator.startNext(SourceGenerator.java:75)
06-21 18:16:17.912  4326  5516 D BitmapMonitor: 	at com.bumptech.glide.load.engine.DecodeJob.runGenerators(DecodeJob.java:311)
06-21 18:16:17.912  4326  5516 D BitmapMonitor: 	at com.bumptech.glide.load.engine.DecodeJob.runWrapped(DecodeJob.java:280)
06-21 18:16:17.912  4326  5516 D BitmapMonitor: 	at com.bumptech.glide.load.engine.DecodeJob.run(DecodeJob.java:235)
06-21 18:16:17.912  4326  5516 D BitmapMonitor: 	at java.util.concurrent.ThreadPoolExecutor.runWorker(ThreadPoolExecutor.java:1167)
06-21 18:16:17.912  4326  5516 D BitmapMonitor: 	at java.util.concurrent.ThreadPoolExecutor$Worker.run(ThreadPoolExecutor.java:641)
06-21 18:16:17.912  4326  5516 D BitmapMonitor: 	at com.bumptech.glide.load.engine.executor.GlideExecutor$DefaultThreadFactory$1.run(GlideExecutor.java:421)
06-21 18:16:17.912  4326  5516 D BitmapMonitor: 	at java.lang.Thread.run(Thread.java:930)
06-21 18:16:17.912  4326  5516 D BitmapMonitor: 	at com.bumptech.glide.load.engine.executor.GlideExecutor$DefaultPriorityThreadFactory$1.run(GlideExecutor.java:380)
06-21 18:16:17.912  4326  5516 I bitmap_monitor: restore_image, width: 1176, height: 1176, /storage/emulated/0/Android/data/cn.missevan/files/bitmap_monitor/restore_1176_1176_1687342577912.bmp
06-21 18:16:17.912  4326  5516 I bitmap_monitor: record_bitmap_allocated >>> width: 1176, height: 1176, stride: 4704, bit_per_pixel: 4,  allocation_byte_count: 5531904, format: 1
06-21 18:16:17.912  4326  4528 I RecordRequestTimeInterceptor: [RxCachedThreadScheduler-2] HTTP request: [2023-06-21T10:16:17.759Z] GET https://fm.missevan.com/api/v2/live/135738790 200 145ms 0
06-21 18:16:17.925  4326  5517 D ImagesKt: [glide-source-thread-1] The cache with key null is not found! cacheInUsual: false.
06-21 18:16:17.925  4326  5517 I bitmap_monitor: record_bitmap_allocated >>> width: 43, height: 76, stride: 172, bit_per_pixel: 4,  allocation_byte_count: 13072, format: 1
06-21 18:16:17.925  4326  5517 I bitmap_monitor: record_bitmap_allocated >>> width: 43, height: 76, stride: 172, bit_per_pixel: 4,  allocation_byte_count: 13072, format: 1
06-21 18:16:17.929  4326  5517 I ImagesKt: [glide-source-thread-1] Bitmap has been blurred, key: null
06-21 18:16:17.930  4326  5517 D BitmapMonitor: dumpJavaStack: glide-source-thread-1
06-21 18:16:17.930  4326  5517 D BitmapMonitor: dumpJavaStack: glide-source-thread-1
06-21 18:16:17.930  4326  5517 D BitmapMonitor: 	at android.graphics.Bitmap.nativeCreate(Bitmap.java:-2)
06-21 18:16:17.930  4326  5517 D BitmapMonitor: 	at android.graphics.Bitmap.createBitmap(Bitmap.java:1257)
06-21 18:16:17.930  4326  5517 D BitmapMonitor: 	at android.graphics.Bitmap.createBitmap(Bitmap.java:1215)
06-21 18:16:17.930  4326  5517 D BitmapMonitor: 	at android.graphics.Bitmap.createBitmap(Bitmap.java:1165)
06-21 18:16:17.930  4326  5517 D BitmapMonitor: 	at android.graphics.Bitmap.createBitmap(Bitmap.java:1126)
06-21 18:16:17.930  4326  5517 D BitmapMonitor: 	at com.bumptech.glide.load.engine.bitmap_recycle.LruBitmapPool.createBitmap(LruBitmapPool.java:175)
06-21 18:16:17.930  4326  5517 D BitmapMonitor: 	at com.bumptech.glide.load.engine.bitmap_recycle.LruBitmapPool.get(LruBitmapPool.java:157)
06-21 18:16:17.930  4326  5517 D BitmapMonitor: 	at com.bumptech.glide.load.resource.bitmap.TransformationUtils.centerCrop(TransformationUtils.java:135)
06-21 18:16:17.930  4326  5517 D BitmapMonitor: 	at cn.missevan.library.util.BlurTransformation.transform(Glides.kt:84)
06-21 18:16:17.930  4326  5517 D BitmapMonitor: 	at com.bumptech.glide.load.engine.DecodeJob.onResourceDecoded(DecodeJob.java:578)
06-21 18:16:17.930  4326  5517 D BitmapMonitor: 	at com.bumptech.glide.load.engine.DecodeJob$DecodeCallback.onResourceDecoded(DecodeJob.java:642)
06-21 18:16:17.930  4326  5517 D BitmapMonitor: 	at com.bumptech.glide.load.engine.DecodePath.decode(DecodePath.java:60)
06-21 18:16:17.930  4326  5517 D BitmapMonitor: 	at com.bumptech.glide.load.engine.LoadPath.loadWithExceptionList(LoadPath.java:76)
06-21 18:16:17.930  4326  5517 D BitmapMonitor: 	at com.bumptech.glide.load.engine.LoadPath.load(LoadPath.java:57)
06-21 18:16:17.930  4326  5517 D BitmapMonitor: 	at com.bumptech.glide.load.engine.DecodeJob.runLoadPath(DecodeJob.java:539)
06-21 18:16:17.930  4326  5517 D BitmapMonitor: 	at com.bumptech.glide.load.engine.DecodeJob.decodeFromFetcher(DecodeJob.java:503)
06-21 18:16:17.930  4326  5517 D BitmapMonitor: 	at com.bumptech.glide.load.engine.DecodeJob.decodeFromData(DecodeJob.java:489)
06-21 18:16:17.930  4326  5517 D BitmapMonitor: 	at com.bumptech.glide.load.engine.DecodeJob.decodeFromRetrievedData(DecodeJob.java:434)
06-21 18:16:17.930  4326  5517 D BitmapMonitor: 	at com.bumptech.glide.load.engine.DecodeJob.onDataFetcherReady(DecodeJob.java:399)
06-21 18:16:17.930  4326  5517 D BitmapMonitor: 	at com.bumptech.glide.load.engine.SourceGenerator.onDataFetcherReady(SourceGenerator.java:239)
06-21 18:16:17.930  4326  5517 D BitmapMonitor: 	at com.bumptech.glide.load.engine.DataCacheGenerator.onDataReady(DataCacheGenerator.java:100)
06-21 18:16:17.930  4326  5517 D BitmapMonitor: 	at com.bumptech.glide.load.model.ByteBufferFileLoader$ByteBufferFetcher.loadData(ByteBufferFileLoader.java:62)
06-21 18:16:17.930  4326  5517 D BitmapMonitor: 	at com.bumptech.glide.load.engine.DataCacheGenerator.startNext(DataCacheGenerator.java:77)
06-21 18:16:17.930  4326  5517 D BitmapMonitor: 	at com.bumptech.glide.load.engine.SourceGenerator.startNext(SourceGenerator.java:75)
06-21 18:16:17.930  4326  5517 D BitmapMonitor: 	at com.bumptech.glide.load.engine.DecodeJob.runGenerators(DecodeJob.java:311)
06-21 18:16:17.930  4326  5517 D BitmapMonitor: 	at com.bumptech.glide.load.engine.DecodeJob.runWrapped(DecodeJob.java:280)
06-21 18:16:17.930  4326  5517 D BitmapMonitor: 	at com.bumptech.glide.load.engine.DecodeJob.run(DecodeJob.java:235)
06-21 18:16:17.930  4326  5517 D BitmapMonitor: 	at java.util.concurrent.ThreadPoolExecutor.runWorker(ThreadPoolExecutor.java:1167)
06-21 18:16:17.930  4326  5517 D BitmapMonitor: 	at java.util.concurrent.ThreadPoolExecutor$Worker.run(ThreadPoolExecutor.java:641)
06-21 18:16:17.930  4326  5517 D BitmapMonitor: 	at com.bumptech.glide.load.engine.executor.GlideExecutor$DefaultThreadFactory$1.run(GlideExecutor.java:421)
06-21 18:16:17.930  4326  5517 D BitmapMonitor: 	at java.lang.Thread.run(Thread.java:930)
06-21 18:16:17.930  4326  5517 D BitmapMonitor: 	at com.bumptech.glide.load.engine.executor.GlideExecutor$DefaultPriorityThreadFactory$1.run(GlideExecutor.java:380)
06-21 18:16:17.930  4326  5517 I bitmap_monitor: restore_image, width: 1176, height: 1176, /storage/emulated/0/Android/data/cn.missevan/files/bitmap_monitor/restore_1176_1176_1687342577930.bmp
06-21 18:16:17.930  4326  5517 I bitmap_monitor: record_bitmap_allocated >>> width: 1176, height: 1176, stride: 4704, bit_per_pixel: 4,  allocation_byte_count: 5531904, format: 1
06-21 18:16:17.966  4326  5552 I RecordRequestTimeInterceptor: [RxCachedThreadScheduler-9] HTTP request: [2023-06-21T10:16:17.759Z] GET https://fm.missevan.com/api/v2/chatroom/question/list?room_id=135738790&type=0&p=0&pagesize=1000 200 200ms 0
06-21 18:16:17.966  4326  4326 I bitmap_monitor: record_bitmap_allocated >>> width: 147, height: 147, stride: 588, bit_per_pixel: 4,  allocation_byte_count: 86436, format: 1
06-21 18:16:17.967  4326  4326 D LivePagerAdaper: [main] loadBackground cacheSize: 64.000MB url: https://static.maoercdn.com/fmbackgrounds/202306/16/42004b875673042a53e52b1257aa05d8.png, new byteCount: 84.410KB
06-21 18:16:17.967  4326  5566 I bitmap_monitor: record_bitmap_allocated >>> width: 100, height: 100, stride: 400, bit_per_pixel: 4,  allocation_byte_count: 40000, format: 1
06-21 18:16:17.975  4326  4689 I RecordRequestTimeInterceptor: [RxCachedThreadScheduler-3] HTTP request: [2023-06-21T10:16:17.759Z] GET https://fm.missevan.com/api/v2/chatroom/rank/135738790?type=1&p=1&page_size=3 200 200ms 0
06-21 18:16:17.977  4326  5518 D ImagesKt: [glide-source-thread-2] The cache with key null is not found! cacheInUsual: false.
06-21 18:16:17.977  4326  5518 I bitmap_monitor: record_bitmap_allocated >>> width: 43, height: 76, stride: 172, bit_per_pixel: 4,  allocation_byte_count: 13072, format: 1
06-21 18:16:17.978  4326  5518 I bitmap_monitor: record_bitmap_allocated >>> width: 43, height: 76, stride: 172, bit_per_pixel: 4,  allocation_byte_count: 13072, format: 1
06-21 18:16:17.982  4326  5518 I ImagesKt: [glide-source-thread-2] Bitmap has been blurred, key: null
06-21 18:16:17.993  4326  4326 I bitmap_monitor: record_bitmap_allocated >>> width: 147, height: 147, stride: 588, bit_per_pixel: 4,  allocation_byte_count: 86436, format: 1
06-21 18:16:17.994  4326  4326 D LivePagerAdaper: [main] loadBackground cacheSize: 64.000MB url: https://static.maoercdn.com/fmbackgrounds/202306/09/2de1026c133313f2c26acc9130e0e60c.png, new byteCount: 84.410KB
06-21 18:16:18.013  4326  4326 I bitmap_monitor: record_bitmap_allocated >>> width: 147, height: 147, stride: 588, bit_per_pixel: 4,  allocation_byte_count: 86436, format: 1
06-21 18:16:18.013  4326  4326 D LivePagerAdaper: [main] loadBackground cacheSize: 64.000MB url: https://static.maoercdn.com/fmbackgrounds/202306/02/e059f711fd6067429b4ca893e50de04c.png, new byteCount: 84.410KB
06-21 18:16:18.037  4326  4326 I bitmap_monitor: record_bitmap_allocated >>> width: 147, height: 147, stride: 588, bit_per_pixel: 4,  allocation_byte_count: 86436, format: 1
06-21 18:16:18.037  4326  4326 D LivePagerAdaper: [main] loadBackground cacheSize: 64.000MB url: https://static.maoercdn.com/fmbackgrounds/202212/30/744e51dac9986dd63c5c4f6c1d5ba06d.png, new byteCount: 84.410KB
06-21 18:16:18.083  2124  2124 W HIGNSS  : LS:[LSQ_SOLUTION] satellite num: 0 < 4
06-21 18:16:18.083  2124  2124 W HIGNSS  : CHR:[TCXO-BIAS-CHANGE] time: 114, cnt: 60, valid: 0, freq_bias:0.000000, tempr:0.000000, sats_num: 0, qop: 0
06-21 18:16:18.083  2124  2124 W HIGNSS  : MSBCFG:GetLostTrkTimeIntervalPointer g_lostTrkMap 2 is NULL
06-21 18:16:18.083  2124  2124 W HIGNSS  : MSBCFG:GetLostTrkTimeIntervalPointer g_lostTrkMap 9 is NULL
06-21 18:16:18.083  2124  2124 W HIGNSS  : MSBCFG:GetLostTrkTimeIntervalPointer g_lostTrkMap 10 is NULL
06-21 18:16:18.083  2124  2124 W HIGNSS  : MSBCFG:GetLostTrkTimeIntervalPointer g_lostTrkMap 11 is NULL
06-21 18:16:18.083  2124  2124 W HIGNSS  : MSBCFG:GetLostTrkTimeIntervalPointer g_lostTrkMap 12 is NULL
06-21 18:16:18.084  2124  2124 W HIGNSS  : FUS:fusion results invalid, flag = 0!
06-21 18:16:18.084  2124  2124 W HIGNSS  : PE_CDPP:[NORMAL]rcvr int time invalid or acc:60000228036 over 15s!
06-21 18:16:18.084  2632  2650 I HwCommBoosterService: reportBoosterPara enter
06-21 18:16:18.084  2632  2650 I HwCommBoosterManager: reportBoosterPara enter
06-21 18:16:18.084  2632  2650 I HwCommBoosterManager: pluginId: 8
06-21 18:16:18.084  2124  2124 W HIGNSS  : PE_MSA:[MSA_SELECT]the num of sat can be reported is less than 4, report all valid data!
06-21 18:16:18.084  2632  2998 I HwCommBoosterManager: handleBoosterMessageSendModuleDataToPlugin enter
06-21 18:16:18.084  2124  2124 W HIGNSS  : PE_MSA:[MSA-DOPPLER]No location and no acq data, not do doppler consistence!
06-21 18:16:18.084  2124  2124 W HIGNSS  : PE_MSA:[MSA-REPORT] no gnss msr data to be report!
06-21 18:16:18.085  2632  5243 D LteRecoveryEngine: UnRecoverState processMessage UPDATE_PS_SLOW_VALUE
06-21 18:16:18.085  2124  2124 E HIGNSS  : PE_MGR:g_sendPvtInfo is null!
06-21 18:16:18.085  2124  2173 W HIGNSS  : CTL:can't find dst, 0x11110021
06-21 18:16:18.087  1647  1714 I WindowManager: Update InputWindowHandle: 2dbd402 cn.missevan/cn.missevan.activity.MainActivity, frame=[330,1078,846,1393], touchableRegion=SkRegion((-330,-1078,846,1322)), visible=true, changed=true isChanged:true
06-21 18:16:18.100  1647  1712 D ZenModeHelper: writeXml
06-21 18:16:18.101   812   812 I Layer   : [Surface(name=2dbd402 cn.missevan/cn.missevan.activity.MainActivity)/@0x9d6503 - animation-leash of window_animation#0] seq 10983 destroyed
06-21 18:16:18.101   812   812 I Layer   : [Surface(name=Dim Layer for - Task=93)/@0xef1c6fe - animation-leash of dimmer#0] seq 10985 destroyed
06-21 18:16:18.107  4791  5070 I PushLog110118300: [FileObserver-47]enter cancelAlarm(Action=com.huawei.push.intent.NC_SWITCH_CHANGED
06-21 18:16:18.108  1647  3017 I AlarmManager: remove Alarm{fdd7b62 type 1 origWhen 1687342613815 whenElapsed 718190098 PendingIntent{37d1682: PendingIntentRecord{47f4739 android broadcastIntent}} android procName com.huawei.android.pushagent.PushService} according to PendingIntent: 4ee4a2d by reason: 1
06-21 18:16:18.108  4791  5070 I PushLog110118300: [FileObserver-47]enter AlarmTools:setInexactAlarm(action:com.huawei.push.intent.NC_SWITCH_CHANGED interval:60000ms
06-21 18:16:18.109  1647  3017 I AlarmManager: set(PendingIntent{cb194f3: PendingIntentRecord{47f4739 android broadcastIntent}}) : type=1 triggerAtTime=1687342638108 win=44999 tElapsed=718214391 maxElapsed=718259390 interval=0 flags=0x8 at=+59999ms uid=1000 count=38 callingClass=<bottom of call stack>
06-21 18:16:18.181  4326  4481 I MissEvanBitmapMonitor: [Thread-21] BitmapMonitorData{ createBitmapCount= 732, createBitmapMemorySize= 197 Mb, remainBitmapCount= 441, remainBitmapMemorySize= 133 Mb}}
06-21 18:16:18.212  1647  2404 I WifiNl80211Manager: Noise: -61, Snr: 40, Chload: 862, rssi: -34, txBitrate: 400, rxBitrate: 400, frequency: 5745, UlDelay: 0, currentTxBytes: 7449604, currentTxPackets: 55982, currentTxFailed: 0, currentRxBytes: -24522485, currentRxPackets: 345846
06-21 18:16:18.212  1647  2403 I WiFi_PRO: MSG_RETURN_AP_CURRY_RSSI rssi = -34
06-21 18:16:18.212  1647  2404 I HuaweiWifiWatchdogStateMachine: POta txb txg rxg:0, 29, 0. Lr =0% Totpkt=29
06-21 18:16:18.213  1647  2407 I HwDualBandManager: handle2gApStrongWifiRssiChange
06-21 18:16:18.213  1647  2403 I QosMonitor: queryRtt: rttType = 3
06-21 18:16:18.213  1647  2407 I WifiService: getConnectionInfo, uid =1000, calling by: android, isNeedApproximateLocation = false
06-21 18:16:18.213  1647  2407 V HwWifiServiceFactory: get AllImpl object = com.android.server.wifi.HwWifiServiceFactoryImpl@6e396b3
06-21 18:16:18.214  1647  2403 I QosMonitor: call ctrlHwWifiNetwork
06-21 18:16:18.216  1647  2403 I QosMonitor: postEventFromNative: msg=100,arg1=4,arg2=10
06-21 18:16:18.216  1647  2403 I QosMonitor: call ctrlHwWifiNetwork
06-21 18:16:18.217  1647  2403 I QosMonitor: postEventFromNative: msg=100,arg1=0,arg2=10
06-21 18:16:18.217  1647  2403 I MQoS    : rtt=484,tcpTxPkts=348463,tcpRxPkts=392520
06-21 18:16:18.218  1647 11863 I HwConnectivityServiceEx: set 1000, metered: false, value: false
06-21 18:16:18.225  1647  2404 I HuaweiWifiWatchdogStateMachine: PTcp RTT:484, rtt pkt=13, tcp_rx=93, tcp_tx=92, tcp_reTran=0, rtRate=0
06-21 18:16:18.225  1647 11863 I MQoS    : QOS_level:0(0),wifi-link;SIM error;use level-0
06-21 18:16:18.225  1647 11863 I MQoS    : skip-low-Level:0(0),wifi-link;SIM error;use level-0
06-21 18:16:18.227  1647  2404 I HuaweiWifiWatchdogStateMachine: judge good link######, goodLinkLevel=3
06-21 18:16:18.227  1647  2404 D HuaweiWifiWatchdogStateMachine: nothing to do.
06-21 18:16:18.227  1647  2404 I HuaweiWifiWatchdogStateMachine: sendResultMsgToQM bssid:e0:63:**:**:aa:d4, qoslevel=3
06-21 18:16:18.227  1647  2404 I HuaweiWifiWatchdogStateMachine: link good reported, good base rssi:-30
06-21 18:16:18.227  1647  2404 I HuaweiWifiWatchdogStateMachine: start computeQosLevel tcpRtt = 484 ,rssi = -34 ,mBestSpeedInPeriod = 13518
06-21 18:16:18.227  1647  2404 I HuaweiWifiWatchdogStateMachine: smoothConsecutiveQosResults, currentQosLevel = 3
06-21 18:16:18.229  1647  2403 I WiFi_PRO_WifiProStateMachine: onNetworkQosChange, currentWifiLevel == 3, wifiNoInternet = false, updateUiOnly = true
06-21 18:16:18.231  1647  2403 I QosMonitor: resetRtt: rttType = 3
06-21 18:16:18.231  1647  2403 I QosMonitor: call ctrlHwWifiNetwork
06-21 18:16:18.231  1647  2400 I WiFi_PRO_WifiProStateMachine: isSwitching = false, isDialogDisplayed = false, isAllowWiFiHandoverMobile = true, level = 3
06-21 18:16:18.272 25778 25911 D MemoryCeilingMonitor: [handleMemoryCalculate]
06-21 18:16:18.272 25778 25911 D MemoryCeilingMonitor: [calculate] tot: 6136640, max: 402653184, free: 1524713, heap: 4611927, per: 0.011453844606876373
06-21 18:16:18.322  1647  2293 I WifiNl80211Manager: Noise: -61, Snr: 40, Chload: 862, rssi: -34, txBitrate: 400, rxBitrate: 400, frequency: 5745, UlDelay: 0, currentTxBytes: 7449604, currentTxPackets: 55982, currentTxFailed: 0, currentRxBytes: -24522485, currentRxPackets: 345846
06-21 18:16:18.326  1647  2293 V HwWifiServiceFactory: get AllImpl object = com.android.server.wifi.HwWifiServiceFactoryImpl@6e396b3
06-21 18:16:18.338  7984  8020 W QueryController: Could not detect idle state.
