12-19 16:50:52.882  2027  3285 D libsensor-displayalgo: the value of  brightness:429.000000,R:69769834.727680,G:62381533.591092,B:49498611.313956,EVENT_C:6696.500000,EVENT_R:2571.000000,EVENT_G:3391.000000,EVENT_B:1290.000000
12-19 16:50:52.882  2027  3285 I libsensor-displayalgo: the value of  Coef1:1107.681000,Coef4:2.383000, scale1:0.935522, scale4:0.923264
12-19 16:50:52.882  2027  3285 E libsensor-displayalgo: RGB_test_0407_400_oldzy!
12-19 16:50:52.882  2027  3285 I libsensor-displayalgo: the value of  RESULT2698.285203,1101.478646,1301.760619,464.213252
12-19 16:50:52.882  2027  3285 I libsensor-displayalgo: the value of  getChannelDataCalibrated2826.869384,1020.297462,1511.496443,505.861656
12-19 16:50:52.882  2027  3285 I libsensor-displayalgo: the value of  REAL LUX236.451355
12-19 16:50:52.882  2027  3285 I libsensor-displayalgo: the value of  CAL REAL LUX236.451355
12-19 16:50:52.883 17286 17420 D BtGatt.GattService: onScanFilterParamsConfigured() - clientIf=7, status=0, action=1, availableSpace=61
12-19 16:50:52.883 17286 17420 D BtGatt.ScanManager: callback done for scannerId - 7 status - 0
12-19 16:50:52.885 17286 17420 D BtGatt.GattService: onScanFilterParamsConfigured() - clientIf=7, status=0, action=1, availableSpace=62
12-19 16:50:52.885 17286 17420 D BtGatt.ScanManager: callback done for scannerId - 7 status - 0
12-19 16:50:52.887 17286 17420 D BtGatt.GattService: onScanFilterParamsConfigured() - clientIf=7, status=0, action=1, availableSpace=63
12-19 16:50:52.887 17286 17420 D BtGatt.ScanManager: callback done for scannerId - 7 status - 0
12-19 16:50:52.889 17286 17420 D BtGatt.GattService: onScanFilterParamsConfigured() - clientIf=7, status=0, action=1, availableSpace=64
12-19 16:50:52.890 17286 17420 D BtGatt.ScanManager: callback done for scannerId - 7 status - 0
12-19 16:50:52.890 17286 17495 D BtGatt.ScanManager: configureRegularScanParams() - queue=0
12-19 16:50:52.890 17286 17495 D BtGatt.ScanManager: configureRegularScanParams() - ScanSetting LE 1M Scan mode=-2147483648 ScanSetting LE Coded Scan mode=-2147483648 mLastConfiguredScanSettingLE1M=0 mLastConfiguredScanSettingLECoded=0 scanPhy=1
12-19 16:50:52.891 17286 17495 D BtGatt.ScanManager: configureRegularScanParams() - queue emtpy, scan stopped
12-19 16:50:52.891 17286 17495 D BtGatt.ScanManager: configureRegularScanParams() - queue emtpy, scan stopped
12-19 16:50:52.906   872   872 E KeymasterUtils: rsp_header->status: -28
12-19 16:50:52.906   872   872 E KeyMasterHalDevice: abort_operation
12-19 16:50:52.906   872   872 E KeyMasterHalDevice: ret: -28
12-19 16:50:52.924 17724 17907 D MiuiFastConnectService: handleMessage: MSG_START_BLE_SCAN mode: 0
12-19 16:50:52.924 17724 17907 D BluetoothAdapter: isLeEnabled(): ON
12-19 16:50:52.925 17724 17907 D BluetoothLeImp: isRoutingAllowedForScanStub
12-19 16:50:52.927 17286 17664 D BtGatt.GattService: registerScanner() - UUID=cf0e029c-6398-41f4-ba5c-7a3d9392ba22
12-19 16:50:52.929 17286 17420 D BtGatt.GattService: onScannerRegistered() - UUID=cf0e029c-6398-41f4-ba5c-7a3d9392ba22, scannerId=7, status=0
12-19 16:50:52.929  1192 17646 I vendor.qti.bluetooth@1.0-ibs_handler: ProcessIbsCmd: Received IBS_SLEEP_IND: 0xFE
12-19 16:50:52.930 17724 17736 D BluetoothLeScanner: onScannerRegistered() - status=0 scannerId=7 mScannerId=0
12-19 16:50:52.935 17286 17664 D BtGatt.GattService: start scan with filters. callingPackage: com.xiaomi.bluetooth
12-19 16:50:52.936 17286 17664 D BtGatt.GattService: enforcePrivilegedPermissionIfNeeded([BluetoothLeScanFilter [mDeviceName=null, mDeviceAddress=null, mUuid=null, mUuidMask=null, mServiceSolicitationUuid=null, mServiceSolicitationUuidMask=null, mServiceDataUuid=null, mServiceData=null, mServiceDataMask=null, mManufacturerId=911, mManufacturerData=[], mManufacturerDataMask=null, mOrganizationId=-1, mTDSFlags=-1, mTDSFlagsMask=-1, mWifiNANHash=null], mGroupBasedFiltering=false, BluetoothLeScanFilter [mDeviceName=null, mDeviceAddress=null, mUuid=null, mUuidMask=null, mServiceSolicitationUuid=null, mServiceSolicitationUuidMask=null, mServiceDataUuid=null, mServiceData=null, mServiceDataMask=null, mManufacturerId=65535, mManufacturerData=[77], mManufacturerDataMask=null, mOrganizationId=-1, mTDSFlags=-1, mTDSFlagsMask=-1, mWifiNANHash=null], mGroupBasedFiltering=false, BluetoothLeScanFilter [mDeviceName=null, mDeviceAddress=null, mUuid=null, mUuidMask=null, mServiceSolicitationUuid=null, mServiceSolicitationUuidMask=null, mServiceDataUuid=0000fe95-0000-1000-8000-00805f9b34fb, mServiceData=[], mServiceDataMask=null, mManufacturerId=-1, mManufacturerData=null, mManufacturerDataMask=null, mOrganizationId=-1, mTDSFlags=-1, mTDSFlagsMask=-1, mWifiNANHash=null], mGroupBasedFiltering=false, BluetoothLeScanFilter [mDeviceName=null, mDeviceAddress=null, mUuid=null, mUuidMask=null, mServiceSolicitationUuid=null, mServiceSolicitationUuidMask=null, mServiceDataUuid=0000fdaa-0000-1000-8000-00805f9b34fb, mServiceData=[], mServiceDataMask=null, mManufacturerId=-1, mManufacturerData=null, mManufacturerDataMask=null, mOrganizationId=-1, mTDSFlags=-1, mTDSFlagsMask=-1, mWifiNANHash=null], mGroupBasedFiltering=false, BluetoothLeScanFilter [mDeviceName=null, mDeviceAddress=null, mUuid=null, mUuidMask=null, mServiceSolicitationUuid=null, mServiceSolicitationUuidMask=null, mServiceDataUuid=0000fdee-0000-1000-8000-00805f9b34fb, mServiceData=[1, 1, 1], mServiceDataMask=null, mManufacturerId=-1, mManufacturerData=null, mManufacturerDataMask=null, mOrganizationId=-1, mTDSFlags=-1, mTDSFlagsMask=-1, mWifiNANHash=null], mGroupBasedFiltering=false, BluetoothLeScanFilter [mDeviceName=null, mDeviceAddress=null, mUuid=null, mUuidMask=null, mServiceSolicitationUuid=null, mServiceSolicitationUuidMask=null, mServiceDataUuid=0000fd2d-0000-1000-8000-00805f9b34fb, mServiceData=[], mServiceDataMask=null, mManufacturerId=-1, mManufacturerData=null, mManufacturerDataMask=null, mOrganizationId=-1, mTDSFlags=-1, mTDSFlagsMask=-1, mWifiNANHash=null], mGroupBasedFiltering=false])
12-19 16:50:52.938 17286 17664 W BluetoothUtils: callingUid is Process.BLUETOOTH_UID
12-19 16:50:52.940 17286 17495 I BtGatt.ScanManager: msg.what = 9, msg.arg1 = 0(mMiuiControllingType)
12-19 16:50:52.940 17286 17495 I BtGatt.ScanManager: msg.what = 0, msg.arg1 = 0(mMiuiControllingType)
12-19 16:50:52.940 17286 17495 D BtGatt.ScanManager: handling starting scan
12-19 16:50:52.941 17286 17495 D BtGatt.ScanManager: isAptXLowLatencyModeEnabled: false
12-19 16:50:52.941 17286 17495 D BtGatt.ScanManager: track LE scan event: callerPackage = [com.xiaomi.bluetooth], scanMode = [0], reportDelayMillis = [0], behavior = [1], scannerId = [7], duration = [0]
12-19 16:50:52.942  1192 17646 I vendor.qti.bluetooth@1.0-ibs_handler: ProcessIbsCmd: Received IBS_WAKE_IND: 0xFD
12-19 16:50:52.942  1192 17646 I vendor.qti.bluetooth@1.0-ibs_handler: ProcessIbsCmd: Writing IBS_WAKE_ACK
12-19 16:50:52.944 17286 17420 D BtGatt.GattService: onScanFilterEnableDisabled() - clientIf=7, status=0, action=1
12-19 16:50:52.944 17286 17420 D BtGatt.ScanManager: callback done for scannerId - 7 status - 0
12-19 16:50:52.944 20304 20444 D IdProviderImpl: getOAID from com.miui.analytics
12-19 16:50:52.945 17286 17495 D BtGatt.ScanManager: configureScanFilters rssiThreshold: -60, 15
12-19 16:50:52.945 17286 17495 D BtGatt.ScanManager: Available Filter size: 61
12-19 16:50:52.946 17286 17420 D BtGatt.GattService: onScanFilterConfig() - clientIf=7, action = 0 status = 0, filterType=0, availableSpace=0
12-19 16:50:52.946 17286 17420 D BtGatt.ScanManager: callback done for scannerId - 7 status - 0
12-19 16:50:52.946 17286 17495 D BtGatt.ScanManager: configureFilterParamter 500 10000 1 0, deliveryMode=0
12-19 16:50:52.949   872   872 E KeymasterUtils: rsp_header->status: -28
12-19 16:50:52.949   872   872 E KeyMasterHalDevice: abort_operation
12-19 16:50:52.949   872   872 E KeyMasterHalDevice: ret: -28
12-19 16:50:52.953 17286 17420 D BtGatt.GattService: onScanFilterParamsConfigured() - clientIf=7, status=0, action=0, availableSpace=63
12-19 16:50:52.953 17286 17420 D BtGatt.ScanManager: callback done for scannerId - 7 status - 0
12-19 16:50:52.953 17286 17420 D BtGatt.GattService: onScanFilterConfig() - clientIf=7, action = 0 status = 0, filterType=0, availableSpace=0
12-19 16:50:52.954 17286 17420 D BtGatt.ScanManager: callback done for scannerId - 7 status - 0
12-19 16:50:52.954 17286 17495 D BtGatt.ScanManager: configureFilterParamter 500 10000 1 0, deliveryMode=0
12-19 16:50:52.955 17286 17420 D BtGatt.GattService: onScanFilterParamsConfigured() - clientIf=7, status=0, action=0, availableSpace=62
12-19 16:50:52.955 17286 17420 D BtGatt.ScanManager: callback done for scannerId - 7 status - 0
12-19 16:50:52.956 17286 17420 D BtGatt.GattService: onScanFilterConfig() - clientIf=7, action = 0 status = 0, filterType=0, availableSpace=0
12-19 16:50:52.956 17286 17420 D BtGatt.ScanManager: callback done for scannerId - 7 status - 0
12-19 16:50:52.956 17286 17495 D BtGatt.ScanManager: configureFilterParamter 500 10000 1 0, deliveryMode=0
12-19 16:50:52.960 17286 17420 D BtGatt.GattService: onScanFilterParamsConfigured() - clientIf=7, status=0, action=0, availableSpace=61
12-19 16:50:52.960 17286 17420 D BtGatt.ScanManager: callback done for scannerId - 7 status - 0
12-19 16:50:52.960 17286 17420 D BtGatt.GattService: onScanFilterConfig() - clientIf=7, action = 0 status = 0, filterType=0, availableSpace=0
12-19 16:50:52.961 17286 17420 D BtGatt.ScanManager: callback done for scannerId - 7 status - 0
12-19 16:50:52.961 17286 17495 D BtGatt.ScanManager: configureFilterParamter 500 10000 1 0, deliveryMode=0
12-19 16:50:52.963 17286 17420 D BtGatt.GattService: onScanFilterParamsConfigured() - clientIf=7, status=0, action=0, availableSpace=60
12-19 16:50:52.963 17286 17420 D BtGatt.ScanManager: callback done for scannerId - 7 status - 0
12-19 16:50:52.964 17286 17420 D BtGatt.GattService: onScanFilterConfig() - clientIf=7, action = 0 status = 0, filterType=0, availableSpace=0
12-19 16:50:52.964 17286 17420 D BtGatt.ScanManager: callback done for scannerId - 7 status - 0
12-19 16:50:52.964 17286 17495 D BtGatt.ScanManager: configureFilterParamter 500 10000 1 0, deliveryMode=0
12-19 16:50:52.968 17286 17420 D BtGatt.GattService: onScanFilterParamsConfigured() - clientIf=7, status=0, action=0, availableSpace=59
12-19 16:50:52.968 17286 17420 D BtGatt.ScanManager: callback done for scannerId - 7 status - 0
12-19 16:50:52.968 17286 17420 D BtGatt.GattService: onScanFilterConfig() - clientIf=7, action = 0 status = 0, filterType=0, availableSpace=0
12-19 16:50:52.968 17286 17420 D BtGatt.ScanManager: callback done for scannerId - 7 status - 0
12-19 16:50:52.969 17286 17495 D BtGatt.ScanManager: configureFilterParamter 500 10000 1 0, deliveryMode=0
12-19 16:50:52.970 17286 17420 D BtGatt.GattService: onScanFilterParamsConfigured() - clientIf=7, status=0, action=0, availableSpace=58
12-19 16:50:52.971 17286 17420 D BtGatt.ScanManager: callback done for scannerId - 7 status - 0
12-19 16:50:52.971 17286 17495 D BtGatt.ScanManager: configureRegularScanParams() - queue=1
12-19 16:50:52.971 17286 17495 D BtGatt.ScanManager: configureRegularScanParams() - ScanSetting LE 1M Scan mode=0 ScanSetting LE Coded Scan mode=0 mLastConfiguredScanSettingLE1M=-2147483648 mLastConfiguredScanSettingLECoded=-2147483648 scanPhy=255
12-19 16:50:52.972 17286 17495 W BtGatt.ScanManager: trackLeScan() - mLastStartTime = 0
12-19 16:50:52.972 17286 17495 D BtGatt.ScanManager: configureRegularScanParams - scanInterval LE 1M = 660 configureRegularScanParams - scanWindow LE 1M= 66 configureRegularScanParams - scanInterval LE Coded= 660 configureRegularScanParams - scanWindow LE Coded= 66
12-19 16:50:52.973 17286 17420 D BtGatt.GattService: onScanParamSetupCompleted : 0
12-19 16:50:53.018  1192 17646 I vendor.qti.bluetooth@1.0-ibs_handler: ProcessIbsCmd: Received IBS_SLEEP_IND: 0xFE
12-19 16:50:53.184  2027  3285 D libsensor-displayalgo: the value of  brightness:429.000000,R:69769834.727680,G:62381533.591092,B:49498611.313956,EVENT_C:6686.500000,EVENT_R:2570.500000,EVENT_G:3387.000000,EVENT_B:1285.000000
12-19 16:50:53.184  2027  3285 I libsensor-displayalgo: the value of  Coef1:1107.681000,Coef4:2.383000, scale1:0.935522, scale4:0.923264
12-19 16:50:53.184  2027  3285 E libsensor-displayalgo: RGB_test_0407_400_oldzy!
12-19 16:50:53.184  2027  3285 I libsensor-displayalgo: the value of  RESULT2698.285203,1101.478646,1301.760619,464.213252
12-19 16:50:53.184  2027  3285 I libsensor-displayalgo: the value of  getChannelDataCalibrated2826.869384,1020.297462,1511.496443,505.861656
12-19 16:50:53.184  2027  3285 I libsensor-displayalgo: the value of  REAL LUX235.988632
12-19 16:50:53.184  2027  3285 I libsensor-displayalgo: the value of  CAL REAL LUX235.988632
12-19 16:50:53.334 32290 32290 I HandWritingStubImpl: isKeyboardTypeChanged: false
12-19 16:50:53.409 20304 26892 D IdProviderImpl: getOAID from com.miui.analytics
12-19 16:50:53.582  2027  3285 D libsensor-displayalgo: the value of  brightness:429.000000,R:69769834.727680,G:62381533.591092,B:49498611.313956,EVENT_C:6705.000000,EVENT_R:2572.000000,EVENT_G:3394.000000,EVENT_B:1292.000000
12-19 16:50:53.583  2027  3285 I libsensor-displayalgo: the value of  Coef1:1107.681000,Coef4:2.383000, scale1:0.935522, scale4:0.923264
12-19 16:50:53.583  2027  3285 E libsensor-displayalgo: RGB_test_0407_400_oldzy!
12-19 16:50:53.583  2027  3285 I libsensor-displayalgo: the value of  RESULT2698.285203,1101.478646,1301.760619,464.213252
12-19 16:50:53.583  2027  3285 I libsensor-displayalgo: the value of  getChannelDataCalibrated2826.869384,1020.297462,1511.496443,505.861656
12-19 16:50:53.583  2027  3285 I libsensor-displayalgo: the value of  REAL LUX236.987564
12-19 16:50:53.583  2027  3285 I libsensor-displayalgo: the value of  CAL REAL LUX236.987564
12-19 16:50:53.834 32290 32290 I HandWritingStubImpl: isKeyboardTypeChanged: false
12-19 16:50:53.882  2027  3285 D libsensor-displayalgo: the value of  brightness:429.000000,R:69769834.727680,G:62381533.591092,B:49498611.313956,EVENT_C:6774.000000,EVENT_R:2592.500000,EVENT_G:3433.500000,EVENT_B:1309.000000
12-19 16:50:53.883  2027  3285 I libsensor-displayalgo: the value of  Coef1:1107.681000,Coef4:2.383000, scale1:0.935522, scale4:0.923264
12-19 16:50:53.883  2027  3285 E libsensor-displayalgo: RGB_test_0407_400_oldzy!
12-19 16:50:53.883  2027  3285 I libsensor-displayalgo: the value of  RESULT2698.285203,1101.478646,1301.760619,464.213252
12-19 16:50:53.883  2027  3285 I libsensor-displayalgo: the value of  getChannelDataCalibrated2826.869384,1020.297462,1511.496443,505.861656
12-19 16:50:53.883  2027  3285 I libsensor-displayalgo: the value of  REAL LUX241.500580
12-19 16:50:53.883  2027  3285 I libsensor-displayalgo: the value of  CAL REAL LUX241.500580
12-19 16:50:53.916  5773  8966 D SLM-SRV-SLAService: checktemp temperature = 35666 temperature_average = 35305 isPerformanceMode = false thermal_enable_slm = true
12-19 16:50:53.977  1192 17652 I vendor.qti.bluetooth@1.0-ibs_handler: DeviceSleep: TX Awake, Sending SLEEP_IND
12-19 16:50:53.977  1192 17652 D vendor.qti.bluetooth@1.0-ibs_handler: SerialClockVote: vote for UART CLK OFF
12-19 16:50:54.079  1953  2016 I mstatdaemon: Entering time loop
12-19 16:50:54.079  1953  2016 I mstatdaemon: t = 1671439854
12-19 16:50:54.079  1953  2016 I mstatdaemon: translated_t = 1355449854
12-19 16:50:54.079  1953  2016 I mstat_log: mstatcommitLog log_alloc() failed
12-19 16:50:54.128  1192 17505 D vendor.qti.bluetooth@1.0-wake_lock: Release wakelock is released
12-19 16:50:54.183  2027  3285 D libsensor-displayalgo: the value of  brightness:429.000000,R:69769834.727680,G:62381533.591092,B:49498611.313956,EVENT_C:6690.000000,EVENT_R:2568.500000,EVENT_G:3389.500000,EVENT_B:1288.500000
12-19 16:50:54.183  2027  3285 I libsensor-displayalgo: the value of  Coef1:1107.681000,Coef4:2.383000, scale1:0.935522, scale4:0.923264
12-19 16:50:54.183  2027  3285 E libsensor-displayalgo: RGB_test_0407_400_oldzy!
12-19 16:50:54.184  2027  3285 I libsensor-displayalgo: the value of  RESULT2698.285203,1101.478646,1301.760619,464.213252
12-19 16:50:54.184  2027  3285 I libsensor-displayalgo: the value of  getChannelDataCalibrated2826.869384,1020.297462,1511.496443,505.861656
12-19 16:50:54.184  2027  3285 I libsensor-displayalgo: the value of  REAL LUX236.140442
12-19 16:50:54.184  2027  3285 I libsensor-displayalgo: the value of  CAL REAL LUX236.140442
12-19 16:50:54.334 32290 32290 I HandWritingStubImpl: isKeyboardTypeChanged: false
12-19 16:50:54.483  2027  3285 D libsensor-displayalgo: the value of  brightness:429.000000,R:69769834.727680,G:62381533.591092,B:49498611.313956,EVENT_C:6689.500000,EVENT_R:2565.500000,EVENT_G:3383.500000,EVENT_B:1287.000000
12-19 16:50:54.483  2027  3285 I libsensor-displayalgo: the value of  Coef1:1107.681000,Coef4:2.383000, scale1:0.935522, scale4:0.923264
12-19 16:50:54.483  2027  3285 E libsensor-displayalgo: RGB_test_0407_400_oldzy!
12-19 16:50:54.484  2027  3285 I libsensor-displayalgo: the value of  RESULT2698.285203,1101.478646,1301.760619,464.213252
12-19 16:50:54.484  2027  3285 I libsensor-displayalgo: the value of  getChannelDataCalibrated2826.869384,1020.297462,1511.496443,505.861656
12-19 16:50:54.484  2027  3285 I libsensor-displayalgo: the value of  REAL LUX236.067169
12-19 16:50:54.484  2027  3285 I libsensor-displayalgo: the value of  CAL REAL LUX236.067169
12-19 16:50:54.783  2027  3285 D libsensor-displayalgo: the value of  brightness:429.000000,R:69769834.727680,G:62381533.591092,B:49498611.313956,EVENT_C:6761.500000,EVENT_R:2591.000000,EVENT_G:3425.500000,EVENT_B:1303.000000
12-19 16:50:54.783  2027  3285 I libsensor-displayalgo: the value of  Coef1:1107.681000,Coef4:2.383000, scale1:0.935522, scale4:0.923264
12-19 16:50:54.783  2027  3285 E libsensor-displayalgo: RGB_test_0407_400_oldzy!
12-19 16:50:54.784  2027  3285 I libsensor-displayalgo: the value of  RESULT2698.285203,1101.478646,1301.760619,464.213252
12-19 16:50:54.784  2027  3285 I libsensor-displayalgo: the value of  getChannelDataCalibrated2826.869384,1020.297462,1511.496443,505.861656
12-19 16:50:54.784  2027  3285 I libsensor-displayalgo: the value of  REAL LUX240.798355
12-19 16:50:54.784  2027  3285 I libsensor-displayalgo: the value of  CAL REAL LUX240.798355
12-19 16:50:54.850 32290 32290 I HandWritingStubImpl: isKeyboardTypeChanged: false
12-19 16:50:55.183  2027  3285 D libsensor-displayalgo: the value of  brightness:429.000000,R:69769834.727680,G:62381533.591092,B:49498611.313956,EVENT_C:6711.500000,EVENT_R:2572.000000,EVENT_G:3402.000000,EVENT_B:1295.500000
12-19 16:50:55.183  2027  3285 I libsensor-displayalgo: the value of  Coef1:1107.681000,Coef4:2.383000, scale1:0.935522, scale4:0.923264
12-19 16:50:55.183  2027  3285 E libsensor-displayalgo: RGB_test_0407_400_oldzy!
12-19 16:50:55.184  2027  3285 I libsensor-displayalgo: the value of  RESULT2698.285203,1101.478646,1301.760619,464.213252
12-19 16:50:55.184  2027  3285 I libsensor-displayalgo: the value of  getChannelDataCalibrated2826.869384,1020.297462,1511.496443,505.861656
12-19 16:50:55.184  2027  3285 I libsensor-displayalgo: the value of  REAL LUX237.525955
12-19 16:50:55.184  2027  3285 I libsensor-displayalgo: the value of  CAL REAL LUX237.525955
12-19 16:50:55.384 32290 32290 I HandWritingStubImpl: isKeyboardTypeChanged: false
12-19 16:50:55.425  9179  9314 D MemoryCeilingMonitor: [handleMemoryCalculate]
12-19 16:50:55.425  9179  9314 D MemoryCeilingMonitor: [calculate] tot: 5816552, max: 268435456, free: 1071392, heap: 4745160, per: 0.017677098512649536
12-19 16:50:55.483  2027  3285 D libsensor-displayalgo: the value of  brightness:429.000000,R:69769834.727680,G:62381533.591092,B:49498611.313956,EVENT_C:6691.500000,EVENT_R:2569.500000,EVENT_G:3387.000000,EVENT_B:1289.000000
12-19 16:50:55.483  2027  3285 I libsensor-displayalgo: the value of  Coef1:1107.681000,Coef4:2.383000, scale1:0.935522, scale4:0.923264
12-19 16:50:55.483  2027  3285 E libsensor-displayalgo: RGB_test_0407_400_oldzy!
12-19 16:50:55.484  2027  3285 I libsensor-displayalgo: the value of  RESULT2698.285203,1101.478646,1301.760619,464.213252
12-19 16:50:55.484  2027  3285 I libsensor-displayalgo: the value of  getChannelDataCalibrated2826.869384,1020.297462,1511.496443,505.861656
12-19 16:50:55.484  2027  3285 I libsensor-displayalgo: the value of  REAL LUX236.054260
12-19 16:50:55.484  2027  3285 I libsensor-displayalgo: the value of  CAL REAL LUX236.054260
12-19 16:50:55.782  2027  3285 D libsensor-displayalgo: the value of  brightness:429.000000,R:69769834.727680,G:62381533.591092,B:49498611.313956,EVENT_C:6755.000000,EVENT_R:2590.000000,EVENT_G:3425.000000,EVENT_B:1303.500000
12-19 16:50:55.783  2027  3285 I libsensor-displayalgo: the value of  Coef1:1107.681000,Coef4:2.383000, scale1:0.935522, scale4:0.923264
12-19 16:50:55.783  2027  3285 E libsensor-displayalgo: RGB_test_0407_400_oldzy!
12-19 16:50:55.783  2027  3285 I libsensor-displayalgo: the value of  RESULT2698.285203,1101.478646,1301.760619,464.213252
12-19 16:50:55.783  2027  3285 I libsensor-displayalgo: the value of  getChannelDataCalibrated2826.869384,1020.297462,1511.496443,505.861656
12-19 16:50:55.783  2027  3285 I libsensor-displayalgo: the value of  REAL LUX240.313965
12-19 16:50:55.783  2027  3285 I libsensor-displayalgo: the value of  CAL REAL LUX240.313965
12-19 16:50:55.917 32290 32290 I HandWritingStubImpl: isKeyboardTypeChanged: false
12-19 16:50:56.083  2027  3285 D libsensor-displayalgo: the value of  brightness:429.000000,R:69769834.727680,G:62381533.591092,B:49498611.313956,EVENT_C:6727.000000,EVENT_R:2576.000000,EVENT_G:3408.500000,EVENT_B:1299.500000
12-19 16:50:56.083  2027  3285 I libsensor-displayalgo: the value of  Coef1:1107.681000,Coef4:2.383000, scale1:0.935522, scale4:0.923264
12-19 16:50:56.083  2027  3285 E libsensor-displayalgo: RGB_test_0407_400_oldzy!
12-19 16:50:56.084  2027  3285 I libsensor-displayalgo: the value of  RESULT2698.285203,1101.478646,1301.760619,464.213252
12-19 16:50:56.084  2027  3285 I libsensor-displayalgo: the value of  getChannelDataCalibrated2826.869384,1020.297462,1511.496443,505.861656
12-19 16:50:56.084  2027  3285 I libsensor-displayalgo: the value of  REAL LUX238.439880
12-19 16:50:56.086  2027  3285 I libsensor-displayalgo: the value of  CAL REAL LUX238.439880
12-19 16:50:56.383  2027  3285 D libsensor-displayalgo: the value of  brightness:429.000000,R:69769834.727680,G:62381533.591092,B:49498611.313956,EVENT_C:6713.000000,EVENT_R:2574.500000,EVENT_G:3398.500000,EVENT_B:1297.000000
12-19 16:50:56.383  2027  3285 I libsensor-displayalgo: the value of  Coef1:1107.681000,Coef4:2.383000, scale1:0.935522, scale4:0.923264
12-19 16:50:56.383  2027  3285 E libsensor-displayalgo: RGB_test_0407_400_oldzy!
12-19 16:50:56.384  2027  3285 I libsensor-displayalgo: the value of  RESULT2698.285203,1101.478646,1301.760619,464.213252
12-19 16:50:56.384  2027  3285 I libsensor-displayalgo: the value of  getChannelDataCalibrated2826.869384,1020.297462,1511.496443,505.861656
12-19 16:50:56.384  2027  3285 I libsensor-displayalgo: the value of  REAL LUX237.256485
12-19 16:50:56.384  2027  3285 I libsensor-displayalgo: the value of  CAL REAL LUX237.256485
12-19 16:50:56.434 32290 32290 I HandWritingStubImpl: isKeyboardTypeChanged: false
12-19 16:50:56.587 25640 25672 I appium  : channel read: GET /wd/hub/session/7b1216a1-bdd1-4a28-8fda-565cefd36f9f/screenshot
12-19 16:50:56.589 25640 25672 I appium  : CaptureScreenshot command
12-19 16:50:56.684  2027  3285 D libsensor-displayalgo: the value of  brightness:429.000000,R:69769834.727680,G:62381533.591092,B:49498611.313956,EVENT_C:6631.000000,EVENT_R:2547.500000,EVENT_G:3356.000000,EVENT_B:1276.500000
12-19 16:50:56.684  2027  3285 I libsensor-displayalgo: the value of  Coef1:1107.681000,Coef4:2.383000, scale1:0.935522, scale4:0.923264
12-19 16:50:56.684  2027  3285 E libsensor-displayalgo: RGB_test_0407_400_oldzy!
12-19 16:50:56.684  2027  3285 I libsensor-displayalgo: the value of  RESULT2698.285203,1101.478646,1301.760619,464.213252
12-19 16:50:56.684  2027  3285 I libsensor-displayalgo: the value of  getChannelDataCalibrated2826.869384,1020.297462,1511.496443,505.861656
12-19 16:50:56.684  2027  3285 I libsensor-displayalgo: the value of  REAL LUX232.218872
12-19 16:50:56.684  2027  3285 I libsensor-displayalgo: the value of  CAL REAL LUX232.218872
12-19 16:50:56.934 32290 32290 I HandWritingStubImpl: isKeyboardTypeChanged: false
12-19 16:50:57.082  2027  3285 D libsensor-displayalgo: the value of  brightness:429.000000,R:69769834.727680,G:62381533.591092,B:49498611.313956,EVENT_C:6674.000000,EVENT_R:2562.500000,EVENT_G:3381.500000,EVENT_B:1288.500000
12-19 16:50:57.082  2027  3285 I libsensor-displayalgo: the value of  Coef1:1107.681000,Coef4:2.383000, scale1:0.935522, scale4:0.923264
12-19 16:50:57.082  2027  3285 E libsensor-displayalgo: RGB_test_0407_400_oldzy!
12-19 16:50:57.083  2027  3285 I libsensor-displayalgo: the value of  RESULT2698.285203,1101.478646,1301.760619,464.213252
12-19 16:50:57.083  2027  3285 I libsensor-displayalgo: the value of  getChannelDataCalibrated2826.869384,1020.297462,1511.496443,505.861656
12-19 16:50:57.083  2027  3285 I libsensor-displayalgo: the value of  REAL LUX234.873459
12-19 16:50:57.083  2027  3285 I libsensor-displayalgo: the value of  CAL REAL LUX234.873459
12-19 16:50:57.383  2027  3285 D libsensor-displayalgo: the value of  brightness:429.000000,R:69769834.727680,G:62381533.591092,B:49498611.313956,EVENT_C:6684.500000,EVENT_R:2561.500000,EVENT_G:3386.500000,EVENT_B:1292.500000
12-19 16:50:57.383  2027  3285 I libsensor-displayalgo: the value of  Coef1:1107.681000,Coef4:2.383000, scale1:0.935522, scale4:0.923264
12-19 16:50:57.383  2027  3285 E libsensor-displayalgo: RGB_test_0407_400_oldzy!
12-19 16:50:57.384  2027  3285 I libsensor-displayalgo: the value of  RESULT2698.285203,1101.478646,1301.760619,464.213252
12-19 16:50:57.384  2027  3285 I libsensor-displayalgo: the value of  getChannelDataCalibrated2826.869384,1020.297462,1511.496443,505.861656
12-19 16:50:57.384  2027  3285 I libsensor-displayalgo: the value of  REAL LUX235.554779
12-19 16:50:57.384  2027  3285 I libsensor-displayalgo: the value of  CAL REAL LUX235.554779
12-19 16:50:57.451 32290 32290 I HandWritingStubImpl: isKeyboardTypeChanged: false
12-19 16:50:57.682  2027  3285 D libsensor-displayalgo: the value of  brightness:429.000000,R:69769834.727680,G:62381533.591092,B:49498611.313956,EVENT_C:6674.000000,EVENT_R:2558.000000,EVENT_G:3379.000000,EVENT_B:1290.500000
12-19 16:50:57.682  2027  3285 I libsensor-displayalgo: the value of  Coef1:1107.681000,Coef4:2.383000, scale1:0.935522, scale4:0.923264
12-19 16:50:57.682  2027  3285 E libsensor-displayalgo: RGB_test_0407_400_oldzy!
12-19 16:50:57.683  2027  3285 I libsensor-displayalgo: the value of  RESULT2698.285203,1101.478646,1301.760619,464.213252
12-19 16:50:57.683  2027  3285 I libsensor-displayalgo: the value of  getChannelDataCalibrated2826.869384,1020.297462,1511.496443,505.861656
12-19 16:50:57.683  2027  3285 I libsensor-displayalgo: the value of  REAL LUX234.766907
12-19 16:50:57.683  2027  3285 I libsensor-displayalgo: the value of  CAL REAL LUX234.766907
12-19 16:50:57.968 32290 32290 I HandWritingStubImpl: isKeyboardTypeChanged: false
12-19 16:50:57.982  2027  3285 D libsensor-displayalgo: the value of  brightness:429.000000,R:69769834.727680,G:62381533.591092,B:49498611.313956,EVENT_C:6657.500000,EVENT_R:2557.500000,EVENT_G:3372.000000,EVENT_B:1284.500000
12-19 16:50:57.982  2027  3285 I libsensor-displayalgo: the value of  Coef1:1107.681000,Coef4:2.383000, scale1:0.935522, scale4:0.923264
12-19 16:50:57.982  2027  3285 E libsensor-displayalgo: RGB_test_0407_400_oldzy!
12-19 16:50:57.983  2027  3285 I libsensor-displayalgo: the value of  RESULT2698.285203,1101.478646,1301.760619,464.213252
12-19 16:50:57.983  2027  3285 I libsensor-displayalgo: the value of  getChannelDataCalibrated2826.869384,1020.297462,1511.496443,505.861656
12-19 16:50:57.983  2027  3285 I libsensor-displayalgo: the value of  REAL LUX233.790192
12-19 16:50:57.983  2027  3285 I libsensor-displayalgo: the value of  CAL REAL LUX233.790192
12-19 16:50:58.109 25640 25649 I tomator2.serve: This is non sticky GC, maxfree is 8388608 minfree is 2097152
12-19 16:50:58.128 25640 25672 I appium  : AppiumResponse: {"sessionId":"7b1216a1-bdd1-4a28-8fda-565cefd36f9f","value":"iVBORw0KGgoAAAANSUhEUgAABDgAAAlgCAYAAABtGofVAAAAAXNSR0IArs4c6QAAAARzQklUCAgI\nCHwIZIgAACAASURBVHicbL3ZsiNJc6RpsSF2ACffdCjs5pDT/TPZlOa8bSX2wBLLXJh/6o7qSZGS\nqso8CcTibqamqmaevd+f7fV6WdM0VhSFnU5/rO8He7/fttvt7PV6mplZXfuf53luz+fTXq+nFUVh\ndd3Y4
12-19 16:50:58.140 25640 25649 I tomator2.serve: This is sticky GC, maxfree is 8388608 minfree is 2097152
12-19 16:50:58.282  2027  3285 D libsensor-displayalgo: the value of  brightness:429.000000,R:69769834.727680,G:62381533.591092,B:49498611.313956,EVENT_C:6620.000000,EVENT_R:2541.000000,EVENT_G:3354.000000,EVENT_B:1280.000000
12-19 16:50:58.282  2027  3285 I libsensor-displayalgo: the value of  Coef1:1107.681000,Coef4:2.383000, scale1:0.935522, scale4:0.923264
12-19 16:50:58.282  2027  3285 E libsensor-displayalgo: RGB_test_0407_400_oldzy!
12-19 16:50:58.282  2027  3285 I libsensor-displayalgo: the value of  RESULT2698.285203,1101.478646,1301.760619,464.213252
12-19 16:50:58.282  2027  3285 I libsensor-displayalgo: the value of  getChannelDataCalibrated2826.869384,1020.297462,1511.496443,505.861656
12-19 16:50:58.283  2027  3285 I libsensor-displayalgo: the value of  REAL LUX231.312286
12-19 16:50:58.283  2027  3285 I libsensor-displayalgo: the value of  CAL REAL LUX231.312286
12-19 16:50:58.415 25640 25672 I appium  : channel read: GET /wd/hub/session/7b1216a1-bdd1-4a28-8fda-565cefd36f9f/source
12-19 16:50:58.416 25640 25672 I appium  : Source command
12-19 16:50:58.417 25640 25672 I appium  : Waiting up to 10000ms for the device to idle
12-19 16:50:58.518 32290 32290 I HandWritingStubImpl: isKeyboardTypeChanged: false
12-19 16:50:58.585  4496  4508 I ndroid.systemu: This is sticky GC, maxfree is 8388608 minfree is 2097152
12-19 16:50:58.682  2027  3285 D libsensor-displayalgo: the value of  brightness:429.000000,R:69769834.727680,G:62381533.591092,B:49498611.313956,EVENT_C:6719.000000,EVENT_R:2573.500000,EVENT_G:3404.000000,EVENT_B:1301.500000
12-19 16:50:58.682  2027  3285 I libsensor-displayalgo: the value of  Coef1:1107.681000,Coef4:2.383000, scale1:0.935522, scale4:0.923264
12-19 16:50:58.682  2027  3285 E libsensor-displayalgo: RGB_test_0407_400_oldzy!
12-19 16:50:58.683  2027  3285 I libsensor-displayalgo: the value of  RESULT2698.285203,1101.478646,1301.760619,464.213252
12-19 16:50:58.683  2027  3285 I libsensor-displayalgo: the value of  getChannelDataCalibrated2826.869384,1020.297462,1511.496443,505.861656
12-19 16:50:58.683  2027  3285 I libsensor-displayalgo: the value of  REAL LUX237.602341
12-19 16:50:58.683  2027  3285 I libsensor-displayalgo: the value of  CAL REAL LUX237.602341
12-19 16:50:58.983  2027  3285 D libsensor-displayalgo: the value of  brightness:429.000000,R:69769834.727680,G:62381533.591092,B:49498611.313956,EVENT_C:6642.000000,EVENT_R:2550.000000,EVENT_G:3363.500000,EVENT_B:1282.500000
12-19 16:50:58.983  2027  3285 I libsensor-displayalgo: the value of  Coef1:1107.681000,Coef4:2.383000, scale1:0.935522, scale4:0.923264
12-19 16:50:58.983  2027  3285 E libsensor-displayalgo: RGB_test_0407_400_oldzy!
12-19 16:50:58.983  2027  3285 I libsensor-displayalgo: the value of  RESULT2698.285203,1101.478646,1301.760619,464.213252
12-19 16:50:58.983  2027  3285 I libsensor-displayalgo: the value of  getChannelDataCalibrated2826.869384,1020.297462,1511.496443,505.861656
12-19 16:50:58.983  2027  3285 I libsensor-displayalgo: the value of  REAL LUX232.754745
12-19 16:50:58.983  2027  3285 I libsensor-displayalgo: the value of  CAL REAL LUX232.754745
12-19 16:50:58.991 25640 25672 I appium  : AppiumResponse: {"sessionId":"7b1216a1-bdd1-4a28-8fda-565cefd36f9f","value":"<?xml version='1.0' encoding='UTF-8' standalone='yes' ?>\r\n<hierarchy index=\"0\" class=\"hierarchy\" rotation=\"0\" width=\"1080\" height=\"2256\">\r\n  <android.widget.FrameLayout index=\"0\" package=\"cn.missevan\" class=\"android.widg
12-19 16:50:59.051 32290 32290 I HandWritingStubImpl: isKeyboardTypeChanged: false
12-19 16:50:59.086  1192 17646 I vendor.qti.bluetooth@1.0-ibs_handler: ProcessIbsCmd: Received IBS_WAKE_IND: 0xFD
12-19 16:50:59.086  1192 17646 D vendor.qti.bluetooth@1.0-ibs_handler: SerialClockVote: vote for UART CLK ON
12-19 16:50:59.086  1192 17646 D vendor.qti.bluetooth@1.0-wake_lock: Acquire wakelock is acquired
12-19 16:50:59.086  1192 17646 I vendor.qti.bluetooth@1.0-ibs_handler: ProcessIbsCmd: Writing IBS_WAKE_ACK
12-19 16:50:59.092 17724 17907 E MiuiFastConnectService: check adv data not fast connect
12-19 16:50:59.127  1192 17646 I vendor.qti.bluetooth@1.0-ibs_handler: ProcessIbsCmd: Received IBS_SLEEP_IND: 0xFE
12-19 16:50:59.127  1192 17646 D vendor.qti.bluetooth@1.0-ibs_handler: SerialClockVote: vote for UART CLK OFF
12-19 16:50:59.278  1192 17505 D vendor.qti.bluetooth@1.0-wake_lock: Release wakelock is released
12-19 16:50:59.283  2027  3285 D libsensor-displayalgo: the value of  brightness:429.000000,R:69769834.727680,G:62381533.591092,B:49498611.313956,EVENT_C:6635.500000,EVENT_R:2549.500000,EVENT_G:3356.000000,EVENT_B:1280.500000
12-19 16:50:59.283  2027  3285 I libsensor-displayalgo: the value of  Coef1:1107.681000,Coef4:2.383000, scale1:0.935522, scale4:0.923264
12-19 16:50:59.284  2027  3285 E libsensor-displayalgo: RGB_test_0407_400_oldzy!
12-19 16:50:59.284  2027  3285 I libsensor-displayalgo: the value of  RESULT2698.285203,1101.478646,1301.760619,464.213252
12-19 16:50:59.284  2027  3285 I libsensor-displayalgo: the value of  getChannelDataCalibrated2826.869384,1020.297462,1511.496443,505.861656
12-19 16:50:59.284  2027  3285 I libsensor-displayalgo: the value of  REAL LUX232.136078
12-19 16:50:59.284  2027  3285 I libsensor-displayalgo: the value of  CAL REAL LUX232.136078
12-19 16:50:59.551 32290 32290 I HandWritingStubImpl: isKeyboardTypeChanged: false
12-19 16:50:59.583  2027  3285 D libsensor-displayalgo: the value of  brightness:429.000000,R:69769834.727680,G:62381533.591092,B:49498611.313956,EVENT_C:6683.000000,EVENT_R:2562.000000,EVENT_G:3385.500000,EVENT_B:1291.000000
12-19 16:50:59.583  2027  3285 I libsensor-displayalgo: the value of  Coef1:1107.681000,Coef4:2.383000, scale1:0.935522, scale4:0.923264
12-19 16:50:59.583  2027  3285 E libsensor-displayalgo: RGB_test_0407_400_oldzy!
12-19 16:50:59.584  2027  3285 I libsensor-displayalgo: the value of  RESULT2698.285203,1101.478646,1301.760619,464.213252
12-19 16:50:59.584  2027  3285 I libsensor-displayalgo: the value of  getChannelDataCalibrated2826.869384,1020.297462,1511.496443,505.861656
12-19 16:50:59.584  2027  3285 I libsensor-displayalgo: the value of  REAL LUX235.506424
12-19 16:50:59.584  2027  3285 I libsensor-displayalgo: the value of  CAL REAL LUX235.506424
12-19 16:50:59.883  2027  3285 D libsensor-displayalgo: the value of  brightness:429.000000,R:69769834.727680,G:62381533.591092,B:49498611.313956,EVENT_C:6632.000000,EVENT_R:2544.500000,EVENT_G:3359.000000,EVENT_B:1284.000000
12-19 16:50:59.883  2027  3285 I libsensor-displayalgo: the value of  Coef1:1107.681000,Coef4:2.383000, scale1:0.935522, scale4:0.923264
12-19 16:50:59.883  2027  3285 E libsensor-displayalgo: RGB_test_0407_400_oldzy!
12-19 16:50:59.884  2027  3285 I libsensor-displayalgo: the value of  RESULT2698.285203,1101.478646,1301.760619,464.213252
12-19 16:50:59.884  2027  3285 I libsensor-displayalgo: the value of  getChannelDataCalibrated2826.869384,1020.297462,1511.496443,505.861656
12-19 16:50:59.884  2027  3285 I libsensor-displayalgo: the value of  REAL LUX231.929779
12-19 16:50:59.884  2027  3285 I libsensor-displayalgo: the value of  CAL REAL LUX231.929779
12-19 16:51:00.004  4496  4496 D KeyguardUpdateMonitor: received broadcast android.intent.action.TIME_TICK
12-19 16:51:00.027  4496  4496 D KeyguardUpdateMonitor: handleTimeUpdate
12-19 16:51:00.070  1251  2448 I vendor.qti.hardware.display.composer-service: FrameNotifyProcess Sensor: notify citsensorservice to trigger cwb
12-19 16:51:00.071  2027  4130 I libcitsensorservice@2.0-impl: msg_transfer
12-19 16:51:00.072  2027  3266 D vendor.xiaomi.sensor.citsensorservice@2.0-service: handle id:10 wxh:1280x2400 uwxuh:1080x2400 size: 9216000 fd:15 fd_meta:16 flags:0x4000228 usage:0x33  format:0x3 layer_count: 1
12-19 16:51:00.072  1251  2216 I SDM     : HWCSession::SetCWBOutputBuffer: CWB config passed by cwb_client : tappoint 1  CWB_ROI : (829.000000 4.000000 915.000000 90.000000)
12-19 16:51:00.076  1251 26938 I SDM     : HWCSession::ProcessRequests: Successfully configured CWB buffer.
12-19 16:51:00.086  1251 26938 I SDM     : HWCSession::ProcessRequests: Pushing release fence in fenece wait queue.
12-19 16:51:00.086  1251 26938 I SDM     : HWCSession::ProcessRequests: Creating AsyncFenceWaits async thread.
12-19 16:51:00.086  1251 26938 I SDM     : HWCSession::ProcessRequests: Remove current CWB request from the pending request queue.
12-19 16:51:00.087  1251 26938 I SDM     : HWCSession::ProcessRequests: No pending cwb requests found in the queue.
12-19 16:51:00.100 32290 32290 I HandWritingStubImpl: isKeyboardTypeChanged: false
12-19 16:51:00.105  1251  1467 I SDM     : HWDeviceDRM::SetupConcurrentWriteback: Tear down the Concurrent Writeback topology
12-19 16:51:00.107  1251 26939 I SDM     : HWCSession::NotifyCWBStatus: Notify the client about buffer status 0.
12-19 16:51:00.107  1251 26939 I SDM     : HWCSession::PerformFenceWaits: Remove current release fence from the pending fence wait queue.
12-19 16:51:00.107  1251 26939 I SDM     : HWCSession::PerformFenceWaits: CWB fence queue is empty. No pending release fence to wait on.
12-19 16:51:00.282  2027  3285 D libsensor-displayalgo: the value of  brightness:429.000000,R:69769834.727680,G:62381533.591092,B:49498611.313956,EVENT_C:6618.500000,EVENT_R:2545.000000,EVENT_G:3351.000000,EVENT_B:1277.500000
12-19 16:51:00.283  2027  3285 I libsensor-displayalgo: the value of  Coef1:1107.681000,Coef4:2.383000, scale1:0.935522, scale4:0.923264
12-19 16:51:00.283  2027  3285 E libsensor-displayalgo: RGB_test_0407_400_oldzy!
12-19 16:51:00.283  2027  3285 I libsensor-displayalgo: the value of  RESULT2698.285203,1101.478646,1301.760619,464.213252
12-19 16:51:00.283  2027  3285 I libsensor-displayalgo: the value of  getChannelDataCalibrated2826.869384,1020.297462,1511.496443,505.861656
12-19 16:51:00.283  2027  3285 I libsensor-displayalgo: the value of  REAL LUX231.122208
12-19 16:51:00.283  2027  3285 I libsensor-displayalgo: the value of  CAL REAL LUX231.122208
12-19 16:51:00.583  2027  3285 D libsensor-displayalgo: the value of  brightness:429.000000,R:69769834.727680,G:62381533.591092,B:49498611.313956,EVENT_C:6618.500000,EVENT_R:2545.000000,EVENT_G:3351.000000,EVENT_B:1277.500000
12-19 16:51:00.583  2027  3285 I libsensor-displayalgo: the value of  Coef1:1107.681000,Coef4:2.383000, scale1:0.935522, scale4:0.923264
12-19 16:51:00.583  2027  3285 E libsensor-displayalgo: RGB_test_0407_400_oldzy!
12-19 16:51:00.584  2027  3285 I libsensor-displayalgo: the value of  RESULT2698.285203,1101.478646,1301.760619,464.213252
12-19 16:51:00.584  2027  3285 I libsensor-displayalgo: the value of  getChannelDataCalibrated2826.869384,1020.297462,1511.496443,505.861656
12-19 16:51:00.584  2027  3285 I libsensor-displayalgo: the value of  REAL LUX231.122208
12-19 16:51:00.584  2027  3285 I libsensor-displayalgo: the value of  CAL REAL LUX231.122208
12-19 16:51:00.590 32290 32290 I HandWritingStubImpl: isKeyboardTypeChanged: false
12-19 16:51:00.884  2027  3285 D libsensor-displayalgo: the value of  brightness:429.000000,R:69769834.727680,G:62381533.591092,B:49498611.313956,EVENT_C:6618.500000,EVENT_R:2545.000000,EVENT_G:3351.000000,EVENT_B:1277.500000
12-19 16:51:00.884  2027  3285 I libsensor-displayalgo: the value of  Coef1:1107.681000,Coef4:2.383000, scale1:0.935522, scale4:0.923264
12-19 16:51:00.884  2027  3285 E libsensor-displayalgo: RGB_test_0407_400_oldzy!
12-19 16:51:00.884  2027  3285 I libsensor-displayalgo: the value of  RESULT2698.285203,1101.478646,1301.760619,464.213252
12-19 16:51:00.884  2027  3285 I libsensor-displayalgo: the value of  getChannelDataCalibrated2826.869384,1020.297462,1511.496443,505.861656
12-19 16:51:00.884  2027  3285 I libsensor-displayalgo: the value of  REAL LUX231.122208
12-19 16:51:00.884  2027  3285 I libsensor-displayalgo: the value of  CAL REAL LUX231.122208
12-19 16:51:01.102 32290 32290 I HandWritingStubImpl: isKeyboardTypeChanged: false
12-19 16:51:01.184  2027  3285 D libsensor-displayalgo: the value of  brightness:429.000000,R:69769834.727680,G:62381533.591092,B:49498611.313956,EVENT_C:6664.000000,EVENT_R:2555.000000,EVENT_G:3373.000000,EVENT_B:1287.500000
12-19 16:51:01.185  2027  3285 I libsensor-displayalgo: the value of  Coef1:1107.681000,Coef4:2.383000, scale1:0.935522, scale4:0.923264
12-19 16:51:01.185  2027  3285 E libsensor-displayalgo: RGB_test_0407_400_oldzy!
12-19 16:51:01.185  2027  3285 I libsensor-displayalgo: the value of  RESULT2698.285203,1101.478646,1301.760619,464.213252
12-19 16:51:01.185  2027  3285 I libsensor-displayalgo: the value of  getChannelDataCalibrated2826.869384,1020.297462,1511.496443,505.861656
12-19 16:51:01.185  2027  3285 I libsensor-displayalgo: the value of  REAL LUX234.145004
12-19 16:51:01.185  2027  3285 I libsensor-displayalgo: the value of  CAL REAL LUX234.145004
12-19 16:51:01.484  2027  3285 D libsensor-displayalgo: the value of  brightness:429.000000,R:69769834.727680,G:62381533.591092,B:49498611.313956,EVENT_C:6608.500000,EVENT_R:2542.000000,EVENT_G:3344.000000,EVENT_B:1272.000000
12-19 16:51:01.484  2027  3285 I libsensor-displayalgo: the value of  Coef1:1107.681000,Coef4:2.383000, scale1:0.935522, scale4:0.923264
12-19 16:51:01.484  2027  3285 E libsensor-displayalgo: RGB_test_0407_400_oldzy!
12-19 16:51:01.484  2027  3285 I libsensor-displayalgo: the value of  RESULT2698.285203,1101.478646,1301.760619,464.213252
12-19 16:51:01.484  2027  3285 I libsensor-displayalgo: the value of  getChannelDataCalibrated2826.869384,1020.297462,1511.496443,505.861656
12-19 16:51:01.484  2027  3285 I libsensor-displayalgo: the value of  REAL LUX230.657867
12-19 16:51:01.484  2027  3285 I libsensor-displayalgo: the value of  CAL REAL LUX230.657867
12-19 16:51:01.560  2475  2688 W ActivityManager: Unable to start service Intent { cmp=com.miui.powerkeeper/.perfshielder.PerfShielderStatisticsService } U=0: not found
12-19 16:51:01.629 32290 32290 I HandWritingStubImpl: isKeyboardTypeChanged: false
12-19 16:51:01.883  2027  3285 D libsensor-displayalgo: the value of  brightness:429.000000,R:69769834.727680,G:62381533.591092,B:49498611.313956,EVENT_C:6653.000000,EVENT_R:2557.500000,EVENT_G:3364.500000,EVENT_B:1282.000000
12-19 16:51:01.884  2027  3285 I libsensor-displayalgo: the value of  Coef1:1107.681000,Coef4:2.383000, scale1:0.935522, scale4:0.923264
12-19 16:51:01.884  2027  3285 E libsensor-displayalgo: RGB_test_0407_400_oldzy!
12-19 16:51:01.884  2027  3285 I libsensor-displayalgo: the value of  RESULT2698.285203,1101.478646,1301.760619,464.213252
12-19 16:51:01.884  2027  3285 I libsensor-displayalgo: the value of  getChannelDataCalibrated2826.869384,1020.297462,1511.496443,505.861656
12-19 16:51:01.884  2027  3285 I libsensor-displayalgo: the value of  REAL LUX233.334457
12-19 16:51:01.884  2027  3285 I libsensor-displayalgo: the value of  CAL REAL LUX233.334457
12-19 16:51:02.124 32290 32290 I HandWritingStubImpl: isKeyboardTypeChanged: false
12-19 16:51:02.182  2027  3285 D libsensor-displayalgo: the value of  brightness:429.000000,R:69769834.727680,G:62381533.591092,B:49498611.313956,EVENT_C:6652.500000,EVENT_R:2552.000000,EVENT_G:3367.000000,EVENT_B:1285.000000
12-19 16:51:02.182  2027  3285 I libsensor-displayalgo: the value of  Coef1:1107.681000,Coef4:2.383000, scale1:0.935522, scale4:0.923264
12-19 16:51:02.182  2027  3285 E libsensor-displayalgo: RGB_test_0407_400_oldzy!
12-19 16:51:02.183  2027  3285 I libsensor-displayalgo: the value of  RESULT2698.285203,1101.478646,1301.760619,464.213252
12-19 16:51:02.183  2027  3285 I libsensor-displayalgo: the value of  getChannelDataCalibrated2826.869384,1020.297462,1511.496443,505.861656
12-19 16:51:02.183  2027  3285 I libsensor-displayalgo: the value of  REAL LUX233.376587
12-19 16:51:02.183  2027  3285 I libsensor-displayalgo: the value of  CAL REAL LUX233.376587
12-19 16:51:02.484  2027  3285 D libsensor-displayalgo: the value of  brightness:429.000000,R:69769834.727680,G:62381533.591092,B:49498611.313956,EVENT_C:6634.000000,EVENT_R:2549.500000,EVENT_G:3356.000000,EVENT_B:1279.000000
12-19 16:51:02.484  2027  3285 I libsensor-displayalgo: the value of  Coef1:1107.681000,Coef4:2.383000, scale1:0.935522, scale4:0.923264
12-19 16:51:02.484  2027  3285 E libsensor-displayalgo: RGB_test_0407_400_oldzy!
12-19 16:51:02.485  2027  3285 I libsensor-displayalgo: the value of  RESULT2698.285203,1101.478646,1301.760619,464.213252
12-19 16:51:02.485  2027  3285 I libsensor-displayalgo: the value of  getChannelDataCalibrated2826.869384,1020.297462,1511.496443,505.861656
12-19 16:51:02.485  2027  3285 I libsensor-displayalgo: the value of  REAL LUX232.152084
12-19 16:51:02.485  2027  3285 I libsensor-displayalgo: the value of  CAL REAL LUX232.152084
12-19 16:51:02.651 32290 32290 I HandWritingStubImpl: isKeyboardTypeChanged: false
12-19 16:51:02.784  2027  3285 D libsensor-displayalgo: the value of  brightness:429.000000,R:69769834.727680,G:62381533.591092,B:49498611.313956,EVENT_C:6632.000000,EVENT_R:2551.000000,EVENT_G:3351.000000,EVENT_B:1275.500000
12-19 16:51:02.784  2027  3285 I libsensor-displayalgo: the value of  Coef1:1107.681000,Coef4:2.383000, scale1:0.935522, scale4:0.923264
12-19 16:51:02.784  2027  3285 E libsensor-displayalgo: RGB_test_0407_400_oldzy!
12-19 16:51:02.785  2027  3285 I libsensor-displayalgo: the value of  RESULT2698.285203,1101.478646,1301.760619,464.213252
12-19 16:51:02.785  2027  3285 I libsensor-displayalgo: the value of  getChannelDataCalibrated2826.869384,1020.297462,1511.496443,505.861656
12-19 16:51:02.785  2027  3285 I libsensor-displayalgo: the value of  REAL LUX232.011215
12-19 16:51:02.785  2027  3285 I libsensor-displayalgo: the value of  CAL REAL LUX232.011215
12-19 16:51:02.947   945 26928 I keystore2: keystore2::watchdog: Watchdog thread idle -> terminating. Have a great day.
12-19 16:51:03.083  2027  3285 D libsensor-displayalgo: the value of  brightness:429.000000,R:69769834.727680,G:62381533.591092,B:49498611.313956,EVENT_C:6641.000000,EVENT_R:2552.000000,EVENT_G:3361.000000,EVENT_B:1281.000000
12-19 16:51:03.083  2027  3285 I libsensor-displayalgo: the value of  Coef1:1107.681000,Coef4:2.383000, scale1:0.935522, scale4:0.923264
12-19 16:51:03.083  2027  3285 E libsensor-displayalgo: RGB_test_0407_400_oldzy!
12-19 16:51:03.084  2027  3285 I libsensor-displayalgo: the value of  RESULT2698.285203,1101.478646,1301.760619,464.213252
12-19 16:51:03.084  2027  3285 I libsensor-displayalgo: the value of  getChannelDataCalibrated2826.869384,1020.297462,1511.496443,505.861656
12-19 16:51:03.084  2027  3285 I libsensor-displayalgo: the value of  REAL LUX232.616898
12-19 16:51:03.084  2027  3285 I libsensor-displayalgo: the value of  CAL REAL LUX232.616898
12-19 16:51:03.161 32290 32290 I HandWritingStubImpl: isKeyboardTypeChanged: false
12-19 16:51:03.483  2027  3285 D libsensor-displayalgo: the value of  brightness:429.000000,R:69769834.727680,G:62381533.591092,B:49498611.313956,EVENT_C:6665.000000,EVENT_R:2558.000000,EVENT_G:3373.000000,EVENT_B:1287.000000
12-19 16:51:03.483  2027  3285 I libsensor-displayalgo: the value of  Coef1:1107.681000,Coef4:2.383000, scale1:0.935522, scale4:0.923264
12-19 16:51:03.483  2027  3285 E libsensor-displayalgo: RGB_test_0407_400_oldzy!
12-19 16:51:03.484  2027  3285 I libsensor-displayalgo: the value of  RESULT2698.285203,1101.478646,1301.760619,464.213252
12-19 16:51:03.484  2027  3285 I libsensor-displayalgo: the value of  getChannelDataCalibrated2826.869384,1020.297462,1511.496443,505.861656
12-19 16:51:03.484  2027  3285 I libsensor-displayalgo: the value of  REAL LUX234.143082
12-19 16:51:03.484  2027  3285 I libsensor-displayalgo: the value of  CAL REAL LUX234.143082
12-19 16:51:03.672 32290 32290 I HandWritingStubImpl: isKeyboardTypeChanged: false
12-19 16:51:03.783  2027  3285 D libsensor-displayalgo: the value of  brightness:429.000000,R:69769834.727680,G:62381533.591092,B:49498611.313956,EVENT_C:6628.500000,EVENT_R:2545.000000,EVENT_G:3351.000000,EVENT_B:1274.500000
12-19 16:51:03.784  2027  3285 I libsensor-displayalgo: the value of  Coef1:1107.681000,Coef4:2.383000, scale1:0.935522, scale4:0.923264
12-19 16:51:03.784  2027  3285 E libsensor-displayalgo: RGB_test_0407_400_oldzy!
12-19 16:51:03.785  2027  3285 I libsensor-displayalgo: the value of  RESULT2698.285203,1101.478646,1301.760619,464.213252
12-19 16:51:03.785  2027  3285 I libsensor-displayalgo: the value of  getChannelDataCalibrated2826.869384,1020.297462,1511.496443,505.861656
12-19 16:51:03.785  2027  3285 I libsensor-displayalgo: the value of  REAL LUX232.071640
12-19 16:51:03.785  2027  3285 I libsensor-displayalgo: the value of  CAL REAL LUX232.071640
12-19 16:51:03.917  5773  8966 D SLM-SRV-SLAService: checktemp temperature = 35401 temperature_average = 35403 isPerformanceMode = false thermal_enable_slm = true
12-19 16:51:04.069  1251  2448 I vendor.qti.hardware.display.composer-service: FrameNotifyProcess Sensor: notify citsensorservice to trigger cwb
12-19 16:51:04.070  2027  2027 I libcitsensorservice@2.0-impl: msg_transfer
