11-21 19:22:17.050  2204  2357 D ImageWallpaper: wallpaper visibility changes to: false
11-21 19:22:17.061  2204  2204 I PanelView1: notifyBarPanelExpansionChanged isPanelVisibleBecauseOfHeadsUp=false,mInstantExpanding=false,mTracking=false
11-21 19:22:17.061  2204  2204 I PanelView2: notifyBarPanelExpansionChanged mPeekAnimator is non null?false,mHeightAnimator is non null?false
11-21 19:22:17.062  2204  2204 I HwCtrlCtr: ControlCenterImpl: release control blur image!
11-21 19:22:17.067  2204  2204 I NotificationPanelView: KGSvcCall setAlpha with value : 1.0
11-21 19:22:17.077   881   915 I aptouch_daemon: filter_set_filter_status, lcd off, notify aft algo.
11-21 19:22:17.078   881   915 I aptouch_daemon: filter_set_filter_status, projectId: VENC711100
11-21 19:22:17.080  2204  3929 D DeviceTelephonyManager: get airplane mode: false
11-21 19:22:17.081 22332 22753 I HiAdKit.SystemUtil:  pkg=android.uid.systemui:10054
11-21 19:22:17.082  2204  5607 I DataSwitchTilePlugin: handleUpdateState start.
11-21 19:22:17.089  2204  5607 I DataSwitchTilePlugin: isMobileDataEnable:enable = true
11-21 19:22:17.090  2204  5607 I DataSwitchTilePlugin: isDataSwitchDisable:airPlaneMode=false,isSimCardReady: true
11-21 19:22:17.091  2204  5607 I DataSwitchTilePlugin: handleUpdateState in, arg: null,state: BooleanState[,icon=ResourceIcon[resId=0x7f0804c6],iconSupplier=null,label=移动数据,secondaryLabel=null,contentDescription=移动数据,已开启,dualLabelContentDescription=null,expandedAccessibilityClassName=null,disabledByPolicy=false,dualTarget=false,isTransient=false,state=2,slash="null",value=true],mIsMobileDataEnable: true
11-21 19:22:17.091  2204  5607 I DataSwitchTilePlugin: isDataSwitchDisable:airPlaneMode=false,isSimCardReady: true
11-21 19:22:17.092  2204  5607 I DataSwitchTilePlugin: handleUpdateState: isChangeDefaultDataDisabled: true
11-21 19:22:17.093  2204  3929 I DeviceSettingsManager: getStateTypePolicyActiveStatus() raw policyName: settings_policy_forbidden_network_share
11-21 19:22:17.106 22332 16611 I HiAdKit.OpenDeviceIdentifierServiceImpl:  get oaid from:com.huawei.magazine
11-21 19:22:17.106 22332 22753 I HiAdKit.SystemUtil:  isDeviceProvisioned: true
11-21 19:22:17.111 22332 22753 I HiAdKit.HiAdTools:  Target provider service's package name is : com.huawei.hwid
11-21 19:22:17.112  2204  5607 I DataSwitchTilePlugin: handleUpdateState: isSlotIdEnabled: false
11-21 19:22:17.112  2204  5607 I DataSwitchTilePlugin: handleUpdateState end.
11-21 19:22:17.115 22332 22753 I StubController: system app validUid:10072, isFriend:true
11-21 19:22:17.119 22460 25278 I fwkit_AbsContentProvider: [I/fwkit/fwkit_AbsContentProvider 22460:14288 AbsContentProvider.java:54] KitProcessAgentCoreProvider; callerPackage: com.huawei.hwid; method: query; uri: content://com.huawei.hms.runtimekit.kitcontainerservice.KitProcessAgentCoreProvider/com.huawei.hwid.pps.oaid/oaid/query
11-21 19:22:17.120 22460 25278 I HiAdKit.DC.OaidDataProvider:  query code: 1
11-21 19:22:17.132 22332 22753 I HiAdKit.OpenDeviceIdentifierServiceImpl:  isOaidTrackLimited
11-21 19:22:17.134 22332 22753 I HiAdKit.SystemUtil:  isDeviceProvisioned: true
11-21 19:22:17.135 22332 22753 I HiAdKit.HiAdTools:  Target provider service's package name is : com.huawei.hwid
11-21 19:22:17.139 22460 25278 I fwkit_AbsContentProvider: [I/fwkit/fwkit_AbsContentProvider 22460:14288 AbsContentProvider.java:54] KitProcessAgentCoreProvider; callerPackage: com.huawei.hwid; method: query; uri: content://com.huawei.hms.runtimekit.kitcontainerservice.KitProcessAgentCoreProvider/com.huawei.hwid.pps.oaid/oaid/query
11-21 19:22:17.140 22460 25278 I HiAdKit.DC.OaidDataProvider:  query code: 1
11-21 19:22:17.141  1033  1977 D dubaid  : [WakelockStats.cpp] SendKernelWakelockToPg# No need to send wakelock by interval(279842), delayed: -1
11-21 19:22:17.141 16529 16608 D NetworkSecurityConfig: Using Network Security Config from resource network_security_config debugBuild: false
11-21 19:22:17.149   621  1411 W /system/bin/netd: A binder object at 0x766ae1a280 is being transacted on, however, this object is in the same process as its proxy. Transacting with this binder is expensive compared to just calling the corresponding functionality in the same process.
11-21 19:22:17.166   621 30955 I netd    : trafficSwapActiveStatsMap() <23.79ms>
11-21 19:22:17.171 16529 16616 I WebViewFactory: Loading com.huawei.webview version 11.1.5.315 (code 3337)
11-21 19:22:17.180 16529 16616 D ApplicationLoaders: createClassLoader zip: /data/app/com.huawei.webview-1KAp0K4xcKhbz1ExnGidLg==/base.apk librarySearchPath: /data/app/com.huawei.webview-1KAp0K4xcKhbz1ExnGidLg==/lib/arm64:/data/app/com.huawei.webview-1KAp0K4xcKhbz1ExnGidLg==/base.apk!/lib/arm64-v8a libraryPermittedPath:  parent: java.lang.BootClassLoader@7ec874d targetSdkVersion: 30 isBundled: false classLoaderName: null sharedLibraries: null
11-21 19:22:17.186  1033  1979 I dubaid  : [WifiHandler.cpp] InitWorkTimeReportInfo# Init work time report
11-21 19:22:17.198   621 30955 I netd    : trafficSwapActiveStatsMap() <27.80ms>
11-21 19:22:17.207  2204  2204 I getTypeMessage 方法入口: 样式
11-21 19:22:17.208  2204  2204 I isNewVersionSdk 方法: 样式
11-21 19:22:17.208  2204  2204 I SmartTypeSetting: selectNewStyle
11-21 19:22:17.215  2204  2204 E LockScreenMethodSecond: setMoreText
11-21 19:22:17.216  2204  2204 E RTextView onMeasureR: attr == 0
11-21 19:22:17.216  2204  2204 E RTextView onMeasureR: attr == 1
11-21 19:22:17.217  2204  2204 E BelongTextView: attr == 0
11-21 19:22:17.217  2204  2204 E BelongTextView: attr == 1
11-21 19:22:17.217  2204  2204 D EndTextView text: 点我看看
11-21 19:22:17.217  2204  2204 I EndTextView: onMeasure
11-21 19:22:17.217  2204  2204 I EndTextView onMeasureR: onMeasureR
11-21 19:22:17.217  2204  2204 I EndTextView onMeasureR: UNSPECIFIED
11-21 19:22:17.217  2204  2204 I EndTextView onMeasureR: onMeasureR
11-21 19:22:17.217  2204  2204 I EndTextView onMeasureR: UNSPECIFIED
11-21 19:22:17.217  2204  2204 D charWidth: 38
11-21 19:22:17.217  2204  2204 I EndTextView: getCharHeight()
11-21 19:22:17.217  2204  2204 D charWidth: 38
11-21 19:22:17.217  2204  2204 I locationXXX: text: locationX---1437
11-21 19:22:17.217  2204  2204 D LockScreenMethodThird: not rtl
11-21 19:22:17.230  2204  2216 I ndroid.systemu: NativeAlloc concurrent copying GC freed 492861(17MB) AllocSpace objects, 10(540KB) LOS objects, 49% free, 22MB/44MB, paused 477us total 348.072ms
11-21 19:22:17.230  2204  2216 W ndroid.systemu: Reducing the number of considered missed Gc histogram windows from 115 to 100
11-21 19:22:17.257 16529 16616 I hwbr_engine_WVCFactoryProvider: use triwebview:false
11-21 19:22:17.274 16529 16619 I hwbr_engine_PathUtils: Get data directory:/data/user/0/com.huawei.magazine/app_hws_webview
11-21 19:22:17.295   986  1069 I bastetd : [BastetDevice   ] IndScreenState# Screen on: 0
11-21 19:22:17.299   707   707 I SurfaceFlinger: Finished setting power mode 0 on display 0
11-21 19:22:17.302   707   707 I SurfaceFlinger: processDisplayChangesLocked:3436 the current display is different from the drawing dispaly.
11-21 19:22:17.310  2204  2771 I KeyguardService: KGSvcCall onFinishedGoingToSleep. reason:2 false
11-21 19:22:17.326 16529 16529 I hwbr_engine_LibraryLoader: Loaded native library version number "88.0.4324.93"
11-21 19:22:17.329 16529 16529 I hwbr_engine_CachingUmaRecorder: Flushed 4 samples from 4 histograms.
11-21 19:22:17.337  2527  3172 I chatty  : uid=1000(system) core expire 54 lines
11-21 19:22:17.339  2527  3416 I chatty  : uid=1000(system) actions handler expire 181 lines
11-21 19:22:17.340  1778  5057 I chatty  : uid=1000(system) Binder:1778_19 expire 13 lines
11-21 19:22:17.344  1778  2674 I chatty  : uid=1000(system) Binder:1778_E expire 19 lines
11-21 19:22:17.346  2527  6250 I chatty  : uid=1000(system) ThermalTraceThr expire 10 lines
11-21 19:22:17.351  1033 16284 I dubaid  : [QueryService.cpp] HandleRequestQueryData# start: 1669026899673, end: 1669029737340, tag: 0
11-21 19:22:17.353   653   712 I chatty  : uid=1000(system) activity_recogn expire 171 lines
11-21 19:22:17.355  1033  1977 D dubaid  : [WakelockStats.cpp] SendKernelWakelockToPg# No need to send wakelock by interval(280291), delayed: 265004
11-21 19:22:17.355  1033  1968 I dubaid  : [DpmHandler.cpp] IsTimeValid# Waiting for dpm flushing data, enable at 104739739, now is 104739950, period is 1000
11-21 19:22:17.358  2527  3655 I chatty  : uid=1000(system) PowerBrain expire 13 lines
11-21 19:22:17.388  2204  2204 I HwCtrlCtr:SlipSplashController: onKeyguardShowingChanged
11-21 19:22:17.388  2204  2204 I HwCtrlCtr:SlipSplashController: hideSlipSplashView start
11-21 19:22:17.391   621 30955 I netd    : trafficSwapActiveStatsMap() <36.56ms>
--------- beginning of system
11-21 19:22:17.422  5981  5981 I ActivityThread: Handle window ActivityRecord{4338dda token=android.os.BinderProxy@a64c332 {com.huawei.android.launcher/com.huawei.android.launcher.unihome.UniHomeLauncher}} visibility: false
11-21 19:22:17.436  1778  1778 I chatty  : uid=1000(system) Binder:1778_18 expire 44 lines
11-21 19:22:17.471  1778  2013 I chatty  : uid=1000(system) StorageManagerS expire 3 lines
11-21 19:22:17.483  1778  2026 I chatty  : uid=1000(system) WifiP2pService expire 9 lines
11-21 19:22:17.529 16626 16626 D ActivityThread: Attach thread to application
11-21 19:22:17.551 16626 16645 E ActivityThread: getApplicationInfo metadata error
11-21 19:22:17.551 16626 16645 I ActivityThread: Init compatible state: false
11-21 19:22:17.669  2204 32357 D HwCommandQueue: CommandQueue, set Launcher StatusBar Color
11-21 19:22:17.675  1778  1986 I chatty  : uid=1000(system) sManagerService expire 12 lines
11-21 19:22:17.680  2204  2204 I RtgSchedEvent: current pid:2204 AppType:255
11-21 19:22:17.681  1778  1996 I chatty  : uid=1000(system) GestureNavManag expire 16 lines
11-21 19:22:17.700 16626 16626 I ActivityThread: finishPreloaded preloadStatus 0
11-21 19:22:17.723  1778  2150 I chatty  : uid=1000(system) NotifyScreenSta expire 1 line
11-21 19:22:17.744  1778  1843 I chatty  : uid=1000(system) ActivityManager expire 19 lines
11-21 19:22:17.807  1778  5962 I chatty  : uid=1000(system) Binder:1778_1C expire 48 lines
11-21 19:22:17.858  1778  1939 I chatty  : uid=1000(system) UEventObserver expire 15 lines
11-21 19:22:17.919  2438  2680 I chatty  : uid=1000(system) OllieAwareThrea expire 54 lines
11-21 19:22:18.023  1778  3251 I chatty  : uid=1000(system) Binder:1778_12 expire 55 lines
11-21 19:22:18.082  3301  3301 W SettingsEx: SettingsEx.Systemex.getString deprecated use Settings.System.getString instead, callers = com.android.internal.telephony.gsm.HwCustGsmServiceStateManagerImpl.isMccForShowNetname:222 com.android.internal.telephony.gsm.HwCustGsmServiceStateManagerImpl.isShowNetnameByMcc:213 com.android.internal.telephony.gsm.HwCustGsmServiceStateManagerImpl.setOnsDisplayCustomization:164
11-21 19:22:18.177  3301  3301 W SettingsEx: SettingsEx.Systemex.getString deprecated use Settings.System.getString instead, callers = com.android.internal.telephony.gsm.HwCustGsmServiceStateManagerImpl.isMccForShowNetname:222 com.android.internal.telephony.gsm.HwCustGsmServiceStateManagerImpl.isShowNetnameByMcc:213 com.android.internal.telephony.gsm.HwCustGsmServiceStateManagerImpl.setOnsDisplayCustomization:164
11-21 19:22:18.362  1778 12940 I chatty  : uid=1000(system) pool-21-thread- expire 6 lines
11-21 19:22:18.487 16760 16760 D ActivityThread: Attach thread to application
11-21 19:22:18.527 16760 16779 I ActivityThread: Init compatible state: true
11-21 19:22:18.595 16760 16760 I ActivityThread: finishPreloaded preloadStatus 0
11-21 19:22:18.971 16831 16831 D ActivityThread: Attach thread to application
11-21 19:22:18.998 16831 16850 I ActivityThread: Init compatible state: false
11-21 19:22:19.002 16831 16831 I LoadedApk: makePaths: outLibPaths=[/hw_product/app/Gallery2/lib/arm64, /hw_product/app/Gallery2/Gallery2.apk!/lib/arm64-v8a, /system/priv-app/HwCameraKit/HwCameraKit.apk!/lib/arm64-v8a, /system/lib64:/hw_product/lib64:/system/product/lib64:/prets/lib64]
11-21 19:22:19.133 16831 16831 I ActivityThread: finishPreloaded preloadStatus 0
11-21 19:22:19.154  2204  2204 I RtgSchedEvent: current pid:2204 AppType:255
11-21 19:22:19.163 16831 16859 I DE J DisplayEngineLibraries: [effect] DisplayEngineLibraries enter
11-21 19:22:19.167 16831 16859 I DE J ImageProcessor: [effect] ImageProcessor enter
11-21 19:22:19.172 16831 16859 I DE J ImageProcessorAlgoStrategy: [effect] ImageProcessorAlgoStrategy enter
11-21 19:22:19.174   497 16888 D vold    : idle maintenance stopped
11-21 19:22:19.219  1778  2032 I chatty  : uid=1000(system) ConnectivityThr expire 11 lines
11-21 19:22:19.238 16831 16859 I HwXmlElement_CustomGroup: [effect] GamutName = Super Gamut
11-21 19:22:19.249 16831 16859 I DE J ImageProcessorAlgoStrategy: [effect] parseXml() load success!
11-21 19:22:19.249 16831 16859 I DE J ImageProcessorAlgoStrategy: [effect] printStrategy Enable=true, AlgoWideColorSpaceEnable=false, AlgoSkinBeautyEnable=false, AlgoVividEnable=false, NeedNormallizeColorSpace=true, NormallizeColorGamut=SUPER_GAMUT
11-21 19:22:19.249 16831 16859 I DE J ImageProcessorAlgoStrategy: [effect] printStrategy Thumbnail: HALFSCREEN, Algo:null, CommonInfoAlgo:{NORMAL=[SR]}
11-21 19:22:19.249 16831 16859 I DE J ImageProcessorAlgoStrategy: [effect] printStrategy Thumbnail: FULLSCREEN, Algo:{NORMAL=[SR]}, CommonInfoAlgo:{NORMAL=[SR]}
11-21 19:22:19.249 16831 16859 I DE J ImageProcessorAlgoStrategy: [effect] printStrategy Tile: SR, Algo:{NORMAL=[SR]}
11-21 19:22:19.249 16831 16859 I DE J ImageProcessorAlgoStrategy: [effect] ImageProcessorAlgoStrategy exit
11-21 19:22:19.250 16831 16859 I DE J ImageProcessorAlgoImpl: [effect] ImageProcessorAlgoImpl enter
11-21 19:22:19.250 16831 16859 I DE J ImageProcessorAlgoImpl: [effect] initAlgo enter
11-21 19:22:19.296 16831 16859 I DE J ImageProcessorAlgoImpl: [effect] initAlgo exit
11-21 19:22:19.328 16831 16859 I DE J ImageProcessorAlgoImpl: [effect] initAlgoXmlPath() success
11-21 19:22:19.328 16831 16859 I DE J ImageProcessor: [effect] ImageProcessor exit
11-21 19:22:19.501  3301  3301 W SettingsEx: SettingsEx.Systemex.getString deprecated use Settings.System.getString instead, callers = com.android.internal.telephony.gsm.HwCustGsmServiceStateManagerImpl.isMccForShowNetname:222 com.android.internal.telephony.gsm.HwCustGsmServiceStateManagerImpl.isShowNetnameByMcc:213 com.android.internal.telephony.gsm.HwCustGsmServiceStateManagerImpl.setOnsDisplayCustomization:164
11-21 19:22:19.750  1778  1812 I chatty  : uid=1000(system) Binder:1778_2 expire 31 lines
11-21 19:22:19.772  3301  3301 W SettingsEx: SettingsEx.Systemex.getString deprecated use Settings.System.getString instead, callers = com.android.internal.telephony.gsm.HwCustGsmServiceStateManagerImpl.isMccForShowNetname:222 com.android.internal.telephony.gsm.HwCustGsmServiceStateManagerImpl.isShowNetnameByMcc:213 com.android.internal.telephony.gsm.HwCustGsmServiceStateManagerImpl.setOnsDisplayCustomization:164
11-21 19:22:19.773  1778  2556 I chatty  : uid=1000(system) Binder:1778_A expire 13 lines
11-21 19:22:20.113  1778  2034 I chatty  : uid=1000(system) ConnectivitySer expire 10 lines
11-21 19:22:22.280 16971 16971 D ActivityThread: Attach thread to application
11-21 19:22:22.307  3231  6724 W ContextImpl: Calling a method in the system process without a qualified user: android.app.ContextImpl.bindService:1777 android.content.ContextWrapper.bindService:705 ohos.abilityshell.support.O00000O.O000000:709 ohos.abilityshell.support.O00000O.connectAbility:579 ohos.abilityshell.support.O00000o.O000000:153
11-21 19:22:22.318 16971 16995 I ActivityThread: Init compatible state: true
11-21 19:22:22.334 16971 16971 I LoadedApk: makePaths: outLibPaths=[/data/app/com.huawei.ohos.suggestion-Sc2DZS3aeYFJHCzfsMukjg==/lib/arm64, /system/lib64:/hw_product/lib64:/system/product/lib64:/prets/lib64]
11-21 19:22:22.396 16998 16998 D ActivityThread: Attach thread to application
11-21 19:22:22.424 16998 17073 I ActivityThread: Init compatible state: false
11-21 19:22:22.629 16971 16971 I ActivityThread: finishPreloaded preloadStatus 0
11-21 19:22:22.705 16971 17093 D HwCustConnectivityManagerImpl: isBlockNetworkRequestByNonAis, INVALID_SUBSCRIPTION_ID
11-21 19:22:22.716 16971 17093 D HwCustConnectivityManagerImpl: isBlockNetworkRequestByNonAis, INVALID_SUBSCRIPTION_ID
11-21 19:22:22.747 16998 16998 I ActivityThread: finishPreloaded preloadStatus 0
11-21 19:22:23.752  1778  1837 I chatty  : uid=1000(system) ActivityManager expire 11 lines
11-21 19:22:23.768  1778  1935 I chatty  : uid=1000(system) Binder:1778_3 expire 26 lines
11-21 19:22:23.823  2204  2771 D HwCommandQueue: CommandQueue, set Launcher StatusBar Color
11-21 19:22:25.471  5981  5981 D ActivityThread: Won't deliver top position change in state=5
11-21 19:22:25.503  5981  5981 I ActivityThread: Handle window ActivityRecord{4338dda token=android.os.BinderProxy@a64c332 {com.huawei.android.launcher/com.huawei.android.launcher.unihome.UniHomeLauncher}} visibility: true
11-21 19:22:25.533  1778  1829 I chatty  : uid=1000(system) HwActivityTaskM expire 10 lines
11-21 19:22:25.617  5981  5981 I RtgSchedEvent: current pid:5981 AppType:28
11-21 19:22:25.629  1778  3046 I chatty  : uid=1000(system) Binder:1778_11 expire 73 lines
11-21 19:22:25.634  1778  1819 I chatty  : uid=1000(system) android.display expire 35 lines
11-21 19:22:25.686  2204  2771 D HwCommandQueue: CommandQueue, set Launcher StatusBar Color
11-21 19:22:25.689  2204  2771 D HwCommandQueue: CommandQueue, set Launcher StatusBar Color
11-21 19:22:25.715  2204  2306 I FaceRecognizeManagerFactoryImpl: get FaceRecognizeManagerImpl.
11-21 19:22:25.715  2204  2306 D FaceRecognizeManagerImpl: New FaceRecognize Sdk Instance
11-21 19:22:25.744  2438 16298 I chatty  : uid=1000(system) Binder:2438_F expire 1 line
11-21 19:22:25.749  1778 17228 I chatty  : uid=1000(system) Binder:1778_18 expire 2 lines
11-21 19:22:25.976 17259 17259 D ActivityThread: Attach thread to application
11-21 19:22:26.077 17259 17285 I ActivityThread: Init compatible state: true
11-21 19:22:26.143 17259 17259 I ActivityThread: finishPreloaded preloadStatus 0
11-21 19:22:26.415 17303 17303 D ActivityThread: Attach thread to application
11-21 19:22:26.506 17303 17321 E ActivityThread: getApplicationInfo metadata error
11-21 19:22:26.550 17303 17321 I ActivityThread: Init compatible state: false
11-21 19:22:26.559  2438  2438 I chatty  : uid=1000(system) com.huawei.systemserver expire 7 lines
11-21 19:22:26.632 17303 17303 I ActivityThread: finishPreloaded preloadStatus 0
11-21 19:22:26.708 11694 11694 D ActivityThread: Won't deliver top position change in state=5
11-21 19:22:26.723  2371  2877 I HwNetworkPolicyManager: getHwUidPolicy uid = 10970 policy = 0
11-21 19:22:26.776  1778  2230 I chatty  : uid=1000(system) Binder:1778_7 expire 32 lines
11-21 19:22:26.798  1778  6094 I chatty  : uid=1000(system) Binder:1778_1D expire 16 lines
11-21 19:22:26.798  5981  5981 I RtgSchedEvent: current pid:5981 AppType:28
11-21 19:22:26.810  1778  1817 I chatty  : uid=1000(system) android.ui expire 39 lines
11-21 19:22:26.810  2204 14526 D HwCommandQueue: CommandQueue, set Launcher StatusBar Color
11-21 19:22:26.811  2204 14526 I HwCommandQueue: updateBarBgColor
11-21 19:22:26.811  2204 14526 D HwCommandQueue: CommandQueue, setBarBackgroundColor
11-21 19:22:27.012 17376 17376 D ActivityThread: Attach thread to application
11-21 19:22:27.042 17376 17400 I ActivityThread: Init compatible state: false
11-21 19:22:27.172 11694 11694 I RtgSchedEvent: current pid:11694 AppType:7
11-21 19:22:27.303 17376 17423 D SystemConfig: Removed unavailable feature android.hardware.sensor.barometer
11-21 19:22:27.303 17376 17423 D SystemConfig: Removed unavailable feature android.hardware.sensor.stepdetector
11-21 19:22:27.307 17376 17423 W SystemConfig: No directory /product_services/etc/sysconfig, skipping
11-21 19:22:27.307 17376 17423 W SystemConfig: No directory /product_services/etc/permissions, skipping
11-21 19:22:27.308 17376 17423 W SystemConfig: No directory /system/emui/base/sysconfig, skipping
11-21 19:22:27.309 17376 17423 W SystemConfig: No directory /system/emui/china/sysconfig, skipping
11-21 19:22:27.309 17376 17423 W SystemConfig: No directory /vendor/etc/sysconfig, skipping
11-21 19:22:27.314 17376 17423 D SystemConfig: Removed unavailable feature android.hardware.sensor.barometer
11-21 19:22:27.319 17376 17423 D SystemConfig: Removed unavailable feature android.hardware.sensor.stepdetector
11-21 19:22:27.323 17376 17423 W SystemConfig: No directory /odm/cust/all/cn/sysconfig, skipping
11-21 19:22:27.323 17376 17423 W SystemConfig: No directory /odm/cust/all/cn/permissions, skipping
11-21 19:22:27.323 17376 17423 W SystemConfig: No directory /odm/etc/sysconfig, skipping
11-21 19:22:27.324 17376 17423 W SystemConfig: No directory /odm/etc/carrier/46007/sysconfig, skipping
11-21 19:22:27.324 17376 17423 W SystemConfig: No directory /odm/etc/carrier/46007/permissions, skipping
11-21 19:22:27.324 17376 17423 W SystemConfig: No directory /odm/hw_odm/VCE-AL00/sysconfig, skipping
11-21 19:22:27.324 17376 17423 W SystemConfig: No directory /odm/hw_odm/VCE-AL00/permissions, skipping
11-21 19:22:27.324 17376 17423 W SystemConfig: No directory /hw_product/etc/sysconfig, skipping
11-21 19:22:27.326 17376 17423 W SystemConfig: No directory /hw_product/etc/carrier/46007/sysconfig, skipping
11-21 19:22:27.326 17376 17423 W SystemConfig: No directory /hw_product/etc/carrier/46007/permissions, skipping
11-21 19:22:27.326 17376 17423 W SystemConfig: No directory /hw_product/region_comm/china/sysconfig, skipping
11-21 19:22:27.327 17376 17423 W SystemConfig: No directory /preas/china/sysconfig, skipping
11-21 19:22:27.331 17376 17423 W SystemConfig: No directory /hw_product/hw_oem/VCE-AL00/sysconfig, skipping
11-21 19:22:27.331 17376 17423 W SystemConfig: No directory /hw_product/hw_oem/VCE-AL00/permissions, skipping
11-21 19:22:27.337 17376 17423 I HwCustSystemConfigImpl: overlay feature take effect.
11-21 19:22:27.613  1778  2675 I chatty  : uid=1000(system) Binder:1778_F expire 8 lines
11-21 19:22:27.616  2204  5554 D HwCommandQueue: CommandQueue, set Launcher StatusBar Color
11-21 19:22:27.655  1778  1849 I chatty  : uid=1000(system) PowerManagerSer expire 62 lines
11-21 19:22:28.096 11694 11694 I ViewRootImpl: dispatchDetachedFromWindow in doDie
11-21 19:22:28.352  1778  1820 I chatty  : uid=1000(system) android.anim expire 23 lines
11-21 19:22:28.978  1778  2674 I chatty  : uid=1000(system) Binder:1778_E expire 21 lines
11-21 19:22:29.974  1778  2021 I chatty  : uid=1000(system) NetworkStats expire 31 lines
11-21 19:22:30.226  1778  1778 I chatty  : uid=1000(system) Binder:1778_18 expire 36 lines
11-21 19:22:31.336  1778 11458 I chatty  : uid=1000(system) MobileQosDetect expire 10 lines
11-21 19:22:31.835 11694 17610 D HwCustConnectivityManagerImpl: isBlockNetworkRequestByNonAis, INVALID_SUBSCRIPTION_ID
11-21 19:22:31.839  1778  2034 I chatty  : uid=1000(system) ConnectivitySer expire 119 lines
11-21 19:22:31.917  2204  5554 D HwCommandQueue: CommandQueue, set Launcher StatusBar Color
11-21 19:22:31.920  2438  2680 I chatty  : uid=1000(system) OllieAwareThrea expire 47 lines
11-21 19:22:31.933 11694 11694 I ViewRootImpl: dispatchDetachedFromWindow in doDie
11-21 19:22:31.952  2204  9433 I HwCommandQueue: updateBarBgColor
11-21 19:22:31.952  2204  9433 D HwCommandQueue: CommandQueue, setBarBackgroundColor
11-21 19:22:31.953  2204 14526 D HwCommandQueue: CommandQueue, set Launcher StatusBar Color
11-21 19:22:31.977  2204  9433 D HwCommandQueue: CommandQueue, set Launcher StatusBar Color
11-21 19:22:32.055  2204 14526 D HwCommandQueue: CommandQueue, set Launcher StatusBar Color
11-21 19:22:32.135 11694 17629 D HwCustConnectivityManagerImpl: isBlockNetworkRequestByNonAis, INVALID_SUBSCRIPTION_ID
11-21 19:22:32.138  1778  6468 I chatty  : uid=1000(system) Binder:1778_20 expire 40 lines
11-21 19:22:32.443  1778  2032 I chatty  : uid=1000(system) ConnectivityThr expire 12 lines
11-21 19:22:32.478  1778  2022 I chatty  : uid=1000(system) NetworkPolicy expire 2 lines
11-21 19:22:32.748  2204  9433 D HwCommandQueue: CommandQueue, set Launcher StatusBar Color
11-21 19:22:32.756 11694 11694 I ViewRootImpl: dispatchDetachedFromWindow in doDie
11-21 19:22:32.756  1778  2048 I chatty  : uid=1000(system) Thread-6 expire 12 lines
11-21 19:22:32.769  2204 14526 D HwCommandQueue: CommandQueue, set Launcher StatusBar Color
11-21 19:22:32.787 11694 11694 V ActivityThread: callActivityOnCreate
11-21 19:22:32.833 11694 11694 D ActivityThread: add activity client record, r= ActivityRecord{c5631aa token=android.os.BinderProxy@9e35fc8 {cn.missevan/com.mobile.auth.gatewayauth.LoginAuthActivity}} token= android.os.BinderProxy@9e35fc8
11-21 19:22:32.870  2204  9433 I HwCommandQueue: updateBarBgColor
11-21 19:22:32.870  2204  9433 D HwCommandQueue: CommandQueue, setBarBackgroundColor
11-21 19:22:32.871  2204 14526 D HwCommandQueue: CommandQueue, set Launcher StatusBar Color
11-21 19:22:32.917  2204  9433 D HwCommandQueue: CommandQueue, set Launcher StatusBar Color
11-21 19:22:33.572  1778  2240 I chatty  : uid=1000(system) NetworkStatsObs expire 11 lines
11-21 19:22:34.161  2204  5554 I HwCommandQueue: updateBarBgColor
11-21 19:22:34.161  2204  5554 D HwCommandQueue: CommandQueue, setBarBackgroundColor
11-21 19:22:34.162  2204 14526 D HwCommandQueue: CommandQueue, set Launcher StatusBar Color
11-21 19:22:34.183  2204  5554 D HwCommandQueue: CommandQueue, set Launcher StatusBar Color
11-21 19:22:34.195 11694 11694 D ActivityThread: Won't deliver top position change in state=4
11-21 19:22:34.248  1778  1812 I chatty  : uid=1000(system) Binder:1778_2 expire 13 lines
11-21 19:22:34.251  1778  2556 I chatty  : uid=1000(system) Binder:1778_A expire 19 lines
11-21 19:22:34.326  2204  5554 D HwCommandQueue: CommandQueue, set Launcher StatusBar Color
11-21 19:22:34.343 11694 11694 I ViewRootImpl: dispatchDetachedFromWindow in doDie
11-21 19:22:34.351  2204 14526 I HwCommandQueue: updateBarBgColor
11-21 19:22:34.351  2204 14526 D HwCommandQueue: CommandQueue, setBarBackgroundColor
11-21 19:22:34.352  2204  5554 D HwCommandQueue: CommandQueue, set Launcher StatusBar Color
11-21 19:22:34.480  1778  1838 I chatty  : uid=1000(system) ActivityManager expire 10 lines
11-21 19:22:34.500 17677 17677 D ActivityThread: Attach thread to application
11-21 19:22:34.512 17677 17697 I ActivityThread: Init compatible state: false
11-21 19:22:34.519 17677 17677 I LoadedApk: appendApkLibPathIfNeeded: applicationInfo.primaryCpuAbi is null
11-21 19:22:34.519 17677 17677 I LoadedApk: makePaths: outLibPaths=[/system/app/HwSecurityMgrService/lib/arm64, /system/app/HwJetPack/HwJetPack.apk!/lib/arm64-v8a, /system/lib64:/hw_product/lib64:/system/product/lib64:/prets/lib64]
11-21 19:22:34.583 17677 17677 I ActivityThread: finishPreloaded preloadStatus 0
11-21 19:22:34.588  1778  1843 I chatty  : uid=1000(system) ActivityManager expire 17 lines
11-21 19:22:34.762 11694 11694 D ActivityThread: Remove activity client record, r= ActivityRecord{c5631aa token=android.os.BinderProxy@9e35fc8 {cn.missevan/com.mobile.auth.gatewayauth.LoginAuthActivity}} token= android.os.BinderProxy@9e35fc8
11-21 19:22:34.762 11694 11694 I ViewRootImpl: dispatchDetachedFromWindow in doDie
11-21 19:22:35.386  1778  1986 I chatty  : uid=1000(system) sManagerService expire 12 lines
11-21 19:22:35.448 30971 30971 I RtgSchedEvent: current pid:30971 AppType:19
11-21 19:22:35.471  2204 14526 D HwCommandQueue: CommandQueue, set Launcher StatusBar Color
11-21 19:22:35.643 11694 11694 I RtgSchedEvent: current pid:11694 AppType:7
11-21 19:22:40.412 17724 17724 D ActivityThread: Attach thread to application
11-21 19:22:40.427 17724 17742 I ActivityThread: Init compatible state: false
11-21 19:22:40.439 17724 17724 I LoadedApk: makePaths: outLibPaths=[/system/app/HwSecureIME/lib/arm64, /system/lib64:/hw_product/lib64:/system/product/lib64:/prets/lib64]
11-21 19:22:40.463  2204 14526 D HwCommandQueue: CommandQueue, set Launcher StatusBar Color
11-21 19:22:40.496 17724 17724 I ActivityThread: finishPreloaded preloadStatus 0
11-21 19:22:40.625 17755 17755 D ActivityThread: Attach thread to application
11-21 19:22:40.634  1778  3046 I chatty  : uid=1000(system) Binder:1778_11 expire 5 lines
11-21 19:22:40.642 17755 17774 I ActivityThread: Init compatible state: false
11-21 19:22:40.655 17755 17755 I LoadedApk: makePaths: outLibPaths=[/system/app/HwSpeechService/lib/arm, /system/app/HwSpeechService/HwSpeechService.apk!/lib/armeabi, /system/lib:/hw_product/lib]
11-21 19:22:40.668  1778  1820 I chatty  : uid=1000(system) android.anim expire 17 lines
11-21 19:22:40.708 17724 17724 I RtgSchedEvent: current pid:17724 AppType:-1
11-21 19:22:40.773 17755 17755 I ActivityThread: finishPreloaded preloadStatus 0
11-21 19:22:40.820  1778  1817 I chatty  : uid=1000(system) android.ui expire 30 lines
11-21 19:22:40.821  2204  9433 D HwCommandQueue: CommandQueue, set Launcher StatusBar Color
11-21 19:22:40.896  1778  1980 I chatty  : uid=1000(system) AlarmManager expire 10 lines
11-21 19:22:40.901  1778  1849 I chatty  : uid=1000(system) PowerManagerSer expire 39 lines
11-21 19:22:40.947 11694 11694 I RtgSchedEvent: current pid:11694 AppType:7
11-21 19:22:41.556 17724 17724 W HwApsManager: HwApsManagerService, registerCallback, start !
11-21 19:22:43.440  2204 14526 D HwCommandQueue: CommandQueue, set Launcher StatusBar Color
11-21 19:22:43.470  2204 14526 D HwCommandQueue: CommandQueue, set Launcher StatusBar Color
11-21 19:22:43.547  2204  5554 D HwCommandQueue: CommandQueue, set Launcher StatusBar Color
11-21 19:22:43.662 11694 11694 I ViewRootImpl: dispatchDetachedFromWindow in doDie
11-21 19:22:43.690  2204 14526 I HwCommandQueue: updateBarBgColor
11-21 19:22:43.690  2204 14526 D HwCommandQueue: CommandQueue, setBarBackgroundColor
11-21 19:22:43.691  2204  5554 D HwCommandQueue: CommandQueue, set Launcher StatusBar Color
11-21 19:22:43.724  1778  1837 I chatty  : uid=1000(system) ActivityManager expire 10 lines
11-21 19:22:43.764  2204 14526 D HwCommandQueue: CommandQueue, set Launcher StatusBar Color
11-21 19:22:47.236 11694 11694 I ViewRootImpl: dispatchDetachedFromWindow in doDie
11-21 19:22:47.269  1778  1819 I chatty  : uid=1000(system) android.display expire 10 lines
11-21 19:22:47.303  2438  2680 I chatty  : uid=1000(system) OllieAwareThrea expire 16 lines
11-21 19:22:47.422 30971 30971 I RtgSchedEvent: current pid:30971 AppType:19
11-21 19:22:47.449  2204 32357 D HwCommandQueue: CommandQueue, set Launcher StatusBar Color
11-21 19:22:47.651 11694 11694 I RtgSchedEvent: current pid:11694 AppType:7
11-21 19:22:48.610  1778  1935 I chatty  : uid=1000(system) Binder:1778_3 expire 19 lines
11-21 19:22:53.108  1099  1123 I storaged: storaged_t::event: storage_info refreshed.
11-21 19:22:53.987  1778  1849 I chatty  : uid=1000(system) PowerManagerSer expire 39 lines
11-21 19:22:53.999  1778  3251 I chatty  : uid=1000(system) Binder:1778_12 expire 10 lines
11-21 19:22:55.240  1778  1980 I chatty  : uid=1000(system) AlarmManager expire 16 lines
11-21 19:22:56.296  1778  2674 I chatty  : uid=1000(system) Binder:1778_E expire 33 lines
11-21 19:23:01.859  1778  5057 I chatty  : uid=1000(system) Binder:1778_19 expire 25 lines
11-21 19:23:01.864  1778  1817 I chatty  : uid=1000(system) android.ui expire 42 lines
11-21 19:23:01.864  2204 32357 D HwCommandQueue: CommandQueue, set Launcher StatusBar Color
11-21 19:23:01.886 11694 11694 I ViewRootImpl: dispatchDetachedFromWindow in doDie
11-21 19:23:01.913  2204  9433 I HwCommandQueue: updateBarBgColor
11-21 19:23:01.913  2204  9433 D HwCommandQueue: CommandQueue, setBarBackgroundColor
11-21 19:23:01.917  2204 32357 D HwCommandQueue: CommandQueue, set Launcher StatusBar Color
11-21 19:23:01.968 17724 17724 I ViewRootImpl: dispatchDetachedFromWindow in doDie
11-21 19:23:02.135  1778  1986 I chatty  : uid=1000(system) sManagerService expire 8 lines
11-21 19:23:02.135 17724 17724 I RtgSchedEvent: current pid:17724 AppType:-1
11-21 19:23:02.198  2204 32357 D HwCommandQueue: CommandQueue, set Launcher StatusBar Color
11-21 19:23:02.389 11694 11694 I RtgSchedEvent: current pid:11694 AppType:7
11-21 19:23:02.393  1778  1820 I chatty  : uid=1000(system) android.anim expire 21 lines
11-21 19:23:02.659  2438  2680 I chatty  : uid=1000(system) OllieAwareThrea expire 12 lines
11-21 19:23:04.481  2204 32357 D HwCommandQueue: CommandQueue, set Launcher StatusBar Color
11-21 19:23:04.562  2204 14526 D HwCommandQueue: CommandQueue, set Launcher StatusBar Color
11-21 19:23:04.895 11694 11694 I ViewRootImpl: dispatchDetachedFromWindow in doDie
11-21 19:23:04.916  2204 14526 I HwCommandQueue: updateBarBgColor
11-21 19:23:04.916  2204 14526 D HwCommandQueue: CommandQueue, setBarBackgroundColor
11-21 19:23:04.918  2204  9433 D HwCommandQueue: CommandQueue, set Launcher StatusBar Color
11-21 19:23:04.932  2204  9433 D HwCommandQueue: CommandQueue, set Launcher StatusBar Color
11-21 19:23:07.061  1778  1849 I chatty  : uid=1000(system) PowerManagerSer expire 27 lines
11-21 19:23:08.977  1778  1935 I chatty  : uid=1000(system) Binder:1778_3 expire 28 lines
11-21 19:23:09.227 12000 17881 D HwCustConnectivityManagerImpl: isBlockNetworkRequestByNonAis, INVALID_SUBSCRIPTION_ID
11-21 19:23:09.231  1778  2034 I chatty  : uid=1000(system) ConnectivitySer expire 54 lines
11-21 19:23:09.237 12000 17881 D HwCustConnectivityManagerImpl: isBlockNetworkRequestByNonAis, INVALID_SUBSCRIPTION_ID
11-21 19:23:09.319  2204 14526 D HwCommandQueue: CommandQueue, set Launcher StatusBar Color
11-21 19:23:09.827  1778  1812 I chatty  : uid=1000(system) Binder:1778_2 expire 19 lines
11-21 19:23:10.016  1778  5962 I chatty  : uid=1000(system) Binder:1778_1C expire 20 lines
11-21 19:23:10.219  1778  1811 I chatty  : uid=1000(system) Binder:1778_1 expire 55 lines
11-21 19:23:11.225  1778  3251 I chatty  : uid=1000(system) Binder:1778_12 expire 42 lines
11-21 19:23:11.337  1778  2021 I chatty  : uid=1000(system) NetworkStats expire 18 lines
11-21 19:23:13.953  2204  9433 D HwCommandQueue: CommandQueue, set Launcher StatusBar Color
11-21 19:23:14.162  2204  9433 D HwCommandQueue: CommandQueue, set Launcher StatusBar Color
11-21 19:23:14.227 17724 17724 I ViewRootImpl: dispatchDetachedFromWindow in doDie
11-21 19:23:14.258 17724 17724 I ViewRootImpl: dispatchDetachedFromWindow in doDie
11-21 19:23:14.380  1778  1829 I chatty  : uid=1000(system) HwActivityTaskM expire 16 lines
11-21 19:23:14.952  2438  2680 I chatty  : uid=1000(system) OllieAwareThrea expire 12 lines
11-21 19:23:15.332 11694 11694 I ViewRootImpl: dispatchDetachedFromWindow in doDie
11-21 19:23:15.350  2204  9433 I HwCommandQueue: updateBarBgColor
11-21 19:23:15.351  2204  9433 D HwCommandQueue: CommandQueue, setBarBackgroundColor
11-21 19:23:15.351  2204  9433 D HwCommandQueue: CommandQueue, set Launcher StatusBar Color
11-21 19:23:16.743  2204 14526 D HwCommandQueue: CommandQueue, set Launcher StatusBar Color
11-21 19:23:16.899  2204  9433 D HwCommandQueue: CommandQueue, set Launcher StatusBar Color
11-21 19:23:17.509 11694 11694 I ViewRootImpl: dispatchDetachedFromWindow in doDie
11-21 19:23:17.525  2204  9433 I HwCommandQueue: updateBarBgColor
11-21 19:23:17.525  2204  9433 D HwCommandQueue: CommandQueue, setBarBackgroundColor
11-21 19:23:17.526  2204 14526 D HwCommandQueue: CommandQueue, set Launcher StatusBar Color
11-21 19:23:17.784 11694 11694 I ViewRootImpl: dispatchDetachedFromWindow in doDie
11-21 19:23:17.894  1778  1820 I chatty  : uid=1000(system) android.anim expire 30 lines
11-21 19:23:17.981  1778  1849 I chatty  : uid=1000(system) PowerManagerSer expire 44 lines
11-21 19:23:18.092  1778  1817 I chatty  : uid=1000(system) android.ui expire 30 lines
11-21 19:23:18.093  2204  9433 D HwCommandQueue: CommandQueue, set Launcher StatusBar Color
11-21 19:23:18.199  2204 32357 D HwCommandQueue: CommandQueue, set Launcher StatusBar Color
11-21 19:23:18.279 30971 30971 I RtgSchedEvent: current pid:30971 AppType:19
11-21 19:23:18.506 11694 11694 I RtgSchedEvent: current pid:11694 AppType:7
11-21 19:23:18.643 11694 11694 I ViewRootImpl: dispatchDetachedFromWindow in doDie
11-21 19:23:19.387  1778 11458 I chatty  : uid=1000(system) MobileQosDetect expire 12 lines
11-21 19:23:20.619 11694 11694 I ViewRootImpl: dispatchDetachedFromWindow in doDie
11-21 19:23:20.633  2204  9433 I HwCommandQueue: updateBarBgColor
11-21 19:23:20.633  2204  9433 D HwCommandQueue: CommandQueue, setBarBackgroundColor
11-21 19:23:20.635  2204  9433 D HwCommandQueue: CommandQueue, set Launcher StatusBar Color
11-21 19:23:22.349  2204 32357 D HwCommandQueue: CommandQueue, set Launcher StatusBar Color
11-21 19:23:22.375  2204  9433 D HwCommandQueue: CommandQueue, set Launcher StatusBar Color
11-21 19:23:23.001 11694 11694 I ViewRootImpl: dispatchDetachedFromWindow in doDie
11-21 19:23:23.457 11694 11694 I ViewRootImpl: dispatchDetachedFromWindow in doDie
11-21 19:23:23.483  2204  9433 I HwCommandQueue: updateBarBgColor
11-21 19:23:23.483  2204  9433 D HwCommandQueue: CommandQueue, setBarBackgroundColor
11-21 19:23:23.485  2204  9433 D HwCommandQueue: CommandQueue, set Launcher StatusBar Color
11-21 19:23:25.703 11694 11694 I ViewRootImpl: dispatchDetachedFromWindow in doDie
11-21 19:23:25.912  2204 32357 D HwCommandQueue: CommandQueue, set Launcher StatusBar Color
11-21 19:23:26.213  2438  2680 I chatty  : uid=1000(system) OllieAwareThrea expire 36 lines
11-21 19:23:27.348  2204  9433 D HwCommandQueue: CommandQueue, set Launcher StatusBar Color
11-21 19:23:27.349  1778  2674 I chatty  : uid=1000(system) Binder:1778_E expire 10 lines
11-21 19:23:37.239  1778  1939 I chatty  : uid=1000(system) UEventObserver expire 12 lines
11-21 19:23:53.112  1099  1123 I storaged: storaged_t::event: storage_info refreshed.
11-21 19:23:53.863  2438  2680 I chatty  : uid=1000(system) OllieAwareThrea expire 33 lines
11-21 19:24:11.090  1778  1980 I chatty  : uid=1000(system) AlarmManager expire 18 lines
11-21 19:24:11.097  1778  1849 I chatty  : uid=1000(system) PowerManagerSer expire 18 lines
11-21 19:24:11.110  1778  1811 I chatty  : uid=1000(system) Binder:1778_1 expire 44 lines
11-21 19:24:19.453  1778 11458 I chatty  : uid=1000(system) MobileQosDetect expire 13 lines
11-21 19:24:30.547  1778  1935 I chatty  : uid=1000(system) Binder:1778_3 expire 24 lines
11-21 19:24:30.551  1778  1778 I chatty  : uid=1000(system) Binder:1778_18 expire 25 lines
11-21 19:24:30.615  1778  2674 I chatty  : uid=1000(system) Binder:1778_E expire 20 lines
11-21 19:24:35.388  1778  2227 I chatty  : uid=1000(system) Binder:1778_5 expire 20 lines
11-21 19:24:35.966 17011 18044 D HwCustConnectivityManagerImpl: isBlockNetworkRequestByNonAis, INVALID_SUBSCRIPTION_ID
11-21 19:24:35.970  1778  2034 I chatty  : uid=1000(system) ConnectivitySer expire 27 lines
11-21 19:24:36.878  2438  2680 I chatty  : uid=1000(system) OllieAwareThrea expire 22 lines
11-21 19:24:38.697  1778  1939 I chatty  : uid=1000(system) UEventObserver expire 12 lines
11-21 19:24:42.372  1778  1849 I chatty  : uid=1000(system) PowerManagerSer expire 10 lines
11-21 19:24:52.795  1778  1811 I chatty  : uid=1000(system) Binder:1778_1 expire 21 lines
11-21 19:24:53.114  1099  1123 I storaged: storaged_t::event: storage_info refreshed.
11-21 19:24:53.251  2438  2680 I chatty  : uid=1000(system) OllieAwareThrea expire 53 lines
11-21 19:24:55.183  1778  2227 I chatty  : uid=1000(system) Binder:1778_5 expire 12 lines
11-21 19:25:17.192  1778  1849 I chatty  : uid=1000(system) PowerManagerSer expire 10 lines
11-21 19:25:23.515  1778 11458 I chatty  : uid=1000(system) MobileQosDetect expire 14 lines
11-21 19:25:39.226  1778  1980 I chatty  : uid=1000(system) AlarmManager expire 22 lines
11-21 19:25:40.116  1778  1939 I chatty  : uid=1000(system) UEventObserver expire 12 lines
11-21 19:25:53.116  1099  1123 I storaged: storaged_t::event: storage_info refreshed.
11-21 19:25:53.674  2438  2680 I chatty  : uid=1000(system) OllieAwareThrea expire 20 lines
11-21 19:25:58.179  1778  1849 I chatty  : uid=1000(system) PowerManagerSer expire 30 lines
11-21 19:25:58.186  1778  1935 I chatty  : uid=1000(system) Binder:1778_3 expire 12 lines
11-21 19:25:58.197  1778  2674 I chatty  : uid=1000(system) Binder:1778_E expire 10 lines
11-21 19:26:10.839  1778  1939 I chatty  : uid=1000(system) UEventObserver expire 18 lines
11-21 19:26:13.427 18104 18104 D ActivityThread: Attach thread to application
11-21 19:26:13.443 18104 18122 I ActivityThread: Init compatible state: true
11-21 19:26:13.829 18104 18104 I ActivityThread: finishPreloaded preloadStatus 0
11-21 19:26:14.152  2438  2680 I chatty  : uid=1000(system) OllieAwareThrea expire 43 lines
11-21 19:26:14.331  1778 18169 I chatty  : uid=1000(system) TP-IoBound-2 expire 5 lines
11-21 19:26:15.209  1778  2021 I chatty  : uid=1000(system) NetworkStats expire 18 lines
11-21 19:26:19.990  1778  1817 I chatty  : uid=1000(system) android.ui expire 2 lines
11-21 19:26:19.992  2204 32357 D HwCommandQueue: CommandQueue, set Launcher StatusBar Color
11-21 19:26:20.296  1778  6094 I chatty  : uid=1000(system) Binder:1778_1D expire 18 lines
11-21 19:26:23.874 18104 18151 D HwCustConnectivityManagerImpl: isBlockNetworkRequestByNonAis, INVALID_SUBSCRIPTION_ID
11-21 19:26:23.885  1778  2034 I chatty  : uid=1000(system) ConnectivitySer expire 29 lines
11-21 19:26:24.999  1778  1935 I chatty  : uid=1000(system) Binder:1778_3 expire 16 lines
11-21 19:26:25.356  1778  1849 I chatty  : uid=1000(system) PowerManagerSer expire 35 lines
11-21 19:26:27.584  1778 11458 I chatty  : uid=1000(system) MobileQosDetect expire 11 lines
11-21 19:26:42.335  1778  5897 I chatty  : uid=1000(system) Binder:1778_1A expire 23 lines
11-21 19:26:53.120  1099  1123 I storaged: storaged_t::event: storage_info refreshed.
11-21 19:26:54.087  2438  2680 I chatty  : uid=1000(system) OllieAwareThrea expire 59 lines
11-21 19:26:56.363  1778  1849 I chatty  : uid=1000(system) PowerManagerSer expire 39 lines
11-21 19:27:14.362  1778  1980 I chatty  : uid=1000(system) AlarmManager expire 18 lines
11-21 19:27:14.422  1778  1778 I chatty  : uid=1000(system) Binder:1778_18 expire 43 lines
11-21 19:27:14.457  1778  1843 I chatty  : uid=1000(system) ActivityManager expire 11 lines
11-21 19:27:14.464  1778  1812 I chatty  : uid=1000(system) Binder:1778_2 expire 19 lines
11-21 19:27:15.628  1778 11458 I chatty  : uid=1000(system) MobileQosDetect expire 13 lines
11-21 19:27:17.757  1778  5897 I chatty  : uid=1000(system) Binder:1778_1A expire 13 lines
11-21 19:27:19.943  1778  6094 I chatty  : uid=1000(system) Binder:1778_1D expire 32 lines
11-21 19:27:42.423  1778  2240 I chatty  : uid=1000(system) NetworkStatsObs expire 11 lines
11-21 19:27:43.004  1778  1939 I chatty  : uid=1000(system) UEventObserver expire 12 lines
11-21 19:27:45.645  1778  1935 I chatty  : uid=1000(system) Binder:1778_3 expire 9 lines
11-21 19:27:53.122  1099  1123 I storaged: storaged_t::event: storage_info refreshed.
11-21 19:27:53.477  2438  2680 I chatty  : uid=1000(system) OllieAwareThrea expire 38 lines
11-21 19:28:00.009  1778  1849 I chatty  : uid=1000(system) PowerManagerSer expire 21 lines
11-21 19:28:02.492  1778  1812 I chatty  : uid=1000(system) Binder:1778_2 expire 13 lines
11-21 19:28:14.007  1778  1778 I chatty  : uid=1000(system) Binder:1778_18 expire 21 lines
11-21 19:28:14.034  1778  6094 I chatty  : uid=1000(system) Binder:1778_1D expire 32 lines
11-21 19:28:15.690  1778 11458 I chatty  : uid=1000(system) MobileQosDetect expire 10 lines
11-21 19:28:21.276  1778  5897 I chatty  : uid=1000(system) Binder:1778_1A expire 19 lines
11-21 19:28:23.779  1778  1811 I chatty  : uid=1000(system) Binder:1778_1 expire 2 lines
11-21 19:28:24.504  1778  1980 I chatty  : uid=1000(system) AlarmManager expire 10 lines
11-21 19:28:27.821  1778  2048 I chatty  : uid=1000(system) Thread-6 expire 10 lines
11-21 19:28:27.922 18271 18271 D ActivityThread: Attach thread to application
11-21 19:28:27.944 18271 18290 I ActivityThread: Init compatible state: false
11-21 19:28:27.952 18271 18271 I LoadedApk: makePaths: outLibPaths=[/system/app/HwLBSService/lib/arm64, /system/app/HwLBSService/HwLBSService.apk!/lib/arm64-v8a, /system/lib64:/hw_product/lib64:/system/product/lib64:/prets/lib64]
11-21 19:28:28.006 18271 18271 I ActivityThread: finishPreloaded preloadStatus 0
11-21 19:28:28.042 18271 18271 W ContextImpl: Calling a method in the system process without a qualified user: android.app.ContextImpl.bindService:1777 android.content.ContextWrapper.bindService:705 com.huawei.android.powerkit.adapter.PowerKitApi.bindPowerKitService:108 com.huawei.android.powerkit.adapter.PowerKitApi.<init>:95 com.huawei.android.powerkit.HuaweiPowerKit.<init>:129
11-21 19:28:28.093 18271 18298 W ContextImpl: Calling a method in the system process without a qualified user: android.app.ContextImpl.bindService:1777 android.content.ContextWrapper.bindService:705 com.huawei.lbs.hms.HwHmsManager.bindLocatorService:271 com.huawei.lbs.hms.HwHmsService$LocationWorkerHandler.handleMessage:1239 android.os.Handler.dispatchMessage:110
11-21 19:28:28.096  1778  1778 I chatty  : uid=1000(system) Binder:1778_18 expire 13 lines
11-21 19:28:28.146 18271 18271 W ContextImpl: Calling a method in the system process without a qualified user: android.app.ContextImpl.sendBroadcast:1183 android.content.ContextWrapper.sendBroadcast:453 com.huawei.lbs.HwLBSService.onCreate:88 android.app.ActivityThread.handleCreateService:4809 android.app.ActivityThread.access$3000:260
11-21 19:28:28.154 18271 18321 W ContextImpl: Calling a method in the system process without a qualified user: android.app.ContextImpl.bindService:1777 android.content.ContextWrapper.bindService:705 com.huawei.msdp.movement.HwMSDPMovementManager.bindService:169 com.huawei.msdp.movement.HwMSDPMovementManager.connectService:203 com.huawei.lbs.HwNLPService.Support.HwNLPMSDPFunction.connectService:196
11-21 19:28:28.290  2438  2680 I chatty  : uid=1000(system) OllieAwareThrea expire 22 lines
11-21 19:28:30.069  1778  2227 I chatty  : uid=1000(system) Binder:1778_5 expire 10 lines
11-21 19:28:30.750  1778  2674 I chatty  : uid=1000(system) Binder:1778_E expire 11 lines
11-21 19:28:44.449  1778  1939 I chatty  : uid=1000(system) UEventObserver expire 24 lines
11-21 19:28:45.771  1778  5962 I chatty  : uid=1000(system) Binder:1778_1C expire 27 lines
11-21 19:28:46.545  1778  1849 I chatty  : uid=1000(system) PowerManagerSer expire 32 lines
11-21 19:28:53.123  1099  1123 I storaged: storaged_t::event: storage_info refreshed.
11-21 19:28:53.895  2438  2680 I chatty  : uid=1000(system) OllieAwareThrea expire 56 lines
11-21 19:29:03.735  1778 11458 I chatty  : uid=1000(system) MobileQosDetect expire 18 lines
11-21 19:29:19.593  1778  1980 I chatty  : uid=1000(system) AlarmManager expire 14 lines
11-21 19:29:22.910  1778  2227 I chatty  : uid=1000(system) Binder:1778_5 expire 23 lines
11-21 19:29:45.859  1778  3292 I chatty  : uid=1000(system) Binder:1778_15 expire 10 lines
11-21 19:29:53.125  1099  1123 I storaged: storaged_t::event: storage_info refreshed.
11-21 19:29:53.286  2438  2680 I chatty  : uid=1000(system) OllieAwareThrea expire 63 lines
11-21 19:29:55.489  1778  2227 I chatty  : uid=1000(system) Binder:1778_5 expire 10 lines
11-21 19:29:56.509  1778  1849 I chatty  : uid=1000(system) PowerManagerSer expire 33 lines
11-21 19:29:59.196  1778  1778 I chatty  : uid=1000(system) Binder:1778_18 expire 19 lines
11-21 19:30:00.882  1778  5962 I chatty  : uid=1000(system) Binder:1778_1C expire 20 lines
11-21 19:30:17.831  1778  1980 I chatty  : uid=1000(system) AlarmManager expire 19 lines
11-21 19:30:17.957  1778  2674 I chatty  : uid=1000(system) Binder:1778_E expire 17 lines
11-21 19:30:19.813  1778 11458 I chatty  : uid=1000(system) MobileQosDetect expire 16 lines
11-21 19:30:47.311  1778  1939 I chatty  : uid=1000(system) UEventObserver expire 18 lines
11-21 19:30:53.126  1099  1123 I storaged: storaged_t::event: storage_info refreshed.
11-21 19:30:53.702  2438  2680 I chatty  : uid=1000(system) OllieAwareThrea expire 51 lines
11-21 19:31:20.789  1778  1849 I chatty  : uid=1000(system) PowerManagerSer expire 14 lines
11-21 19:31:27.878  1778 11458 I chatty  : uid=1000(system) MobileQosDetect expire 21 lines
11-21 19:31:30.200  1778  5962 I chatty  : uid=1000(system) Binder:1778_1C expire 26 lines
11-21 19:31:30.756  1778  1980 I chatty  : uid=1000(system) AlarmManager expire 18 lines
11-21 19:31:52.743  1778  2674 I chatty  : uid=1000(system) Binder:1778_E expire 26 lines
11-21 19:31:53.128  1099  1123 I storaged: storaged_t::event: storage_info refreshed.
11-21 19:31:54.120  2438  2680 I chatty  : uid=1000(system) OllieAwareThrea expire 58 lines
11-21 19:31:56.255  1778  5897 I chatty  : uid=1000(system) Binder:1778_1A expire 16 lines
11-21 19:31:56.738  1778  6094 I chatty  : uid=1000(system) Binder:1778_1D expire 12 lines
11-21 19:32:00.015  1778  1849 I chatty  : uid=1000(system) PowerManagerSer expire 28 lines
11-21 19:32:16.122  1778  2560 I chatty  : uid=1000(system) Binder:1778_D expire 10 lines
11-21 19:32:19.480  1778  1939 I chatty  : uid=1000(system) UEventObserver expire 12 lines
11-21 19:32:26.763  1778  2034 I chatty  : uid=1000(system) ConnectivitySer expire 10 lines
11-21 19:32:27.920  1778  2046 I chatty  : uid=1000(system) LocationHander expire 11 lines
11-21 19:32:32.075  1778  3292 I chatty  : uid=1000(system) Binder:1778_15 expire 10 lines
11-21 19:32:53.130  1099  1123 I storaged: storaged_t::event: storage_info refreshed.
11-21 19:32:53.511  2438  2680 I chatty  : uid=1000(system) OllieAwareThrea expire 61 lines
11-21 19:32:54.543  1778  1849 I chatty  : uid=1000(system) PowerManagerSer expire 45 lines
11-21 19:32:59.938  1778  1980 I chatty  : uid=1000(system) AlarmManager expire 22 lines
