06-19 15:03:59.463  1265   586 I SDM     : HWCSession::PerformFenceWaits: CWB fence queue is empty. No pending release fence to wait on.
06-19 15:03:59.466 30661 30744 D IdProviderImpl: getOAID from com.miui.analytics
06-19 15:03:59.468 30764 30782 E AD-PLUGIN-PushAdManager: handleNotificationDelete adid 109005558
06-19 15:03:59.471 30661 30744 D IdProviderImpl: getOAID from com.miui.analytics
06-19 15:03:59.474  2018  3127 D libsensor-displayalgo: the value of  brightness:438.000000,R:15017343.706197,G:14350857.967971,B:15137165.524820,EVENT_C:3710.500000,EVENT_R:1496.000000,EVENT_G:1839.500000,EVENT_B:734.000000
06-19 15:03:59.475  2018  3127 I libsensor-displayalgo: the value of  Coef1:1107.681000,Coef4:2.383000, scale1:0.935522, scale4:0.923264
06-19 15:03:59.475  2018  3127 E libsensor-displayalgo: RGB_test_0407_400_oldzy!
06-19 15:03:59.475  2018  3127 I libsensor-displayalgo: the value of  RESULT995.671601,387.594517,506.961229,171.748851
06-19 15:03:59.478 30764 30793 E AD-PLUGIN-PushAdManager: handleNotificationDelete adid 106625525
06-19 15:03:59.478 30661 30744 D IdProviderImpl: getOAID from com.miui.analytics
06-19 15:03:59.479  2018  3127 I libsensor-displayalgo: the value of  getChannelDataCalibrated1043.907318,358.987231,589.243155,187.452314
06-19 15:03:59.479  2018  3127 I libsensor-displayalgo: the value of  REAL LUX157.814133
06-19 15:03:59.479  2018  3127 I libsensor-displayalgo: the value of  CAL REAL LUX157.814133
06-19 15:03:59.479 30507 30542 I appium  : channel read: POST /wd/hub/session/f8eb060f-1240-47db-9364-66b872cfe5da/element
06-19 15:03:59.481 30507 30542 I appium  : FindElement command
06-19 15:03:59.481  4233  4248 I ndroid.systemu: This is sticky GC, maxfree is 8388608 minfree is 2097152
06-19 15:03:59.481  4233  4248 I ndroid.systemu: Background young concurrent copying GC freed 632303(20MB) AllocSpace objects, 8(600KB) LOS objects, 33% free, 39MB/59MB, paused 66us,36us total 115.161ms
06-19 15:03:59.482 30661 30744 D IdProviderImpl: getOAID from com.miui.analytics
06-19 15:03:59.484 30507 30542 I appium  : method: 'id', selector: 'cn.missevan:id/drama_cover'
06-19 15:03:59.484 30507 30542 I appium  : Waiting up to 100ms for the device to idle
06-19 15:03:59.485 30661 30744 D IdProviderImpl: getOAID from com.miui.analytics
06-19 15:03:59.489 30661 30744 D IdProviderImpl: getOAID from com.miui.analytics
06-19 15:03:59.500 30661 30744 D IdProviderImpl: getOAID from com.miui.analytics
06-19 15:03:59.503  2431  3390 I WindowManagerService: Physical orientation applied, rotation=0 sfOrientation=ORIENTATION_0
06-19 15:03:59.503 30661 30744 D IdProviderImpl: getOAID from com.miui.analytics
06-19 15:03:59.505 30764 30786 E AD-PLUGIN-PushAdManager: handleNotificationDelete adid 109414534
06-19 15:03:59.508 30661 30744 D IdProviderImpl: getOAID from com.miui.analytics
06-19 15:03:59.515 30661 30744 D IdProviderImpl: getOAID from com.miui.analytics
06-19 15:03:59.520 30661 30744 D IdProviderImpl: getOAID from com.miui.analytics
06-19 15:03:59.523  4681  4681 I Market-SubScriptService: onStartCommand
06-19 15:03:59.525 30661 30744 D IdProviderImpl: getOAID from com.miui.analytics
06-19 15:03:59.526  4681   587 I Market-SubScriptManager: set count -1
06-19 15:03:59.529 30661 30744 D IdProviderImpl: getOAID from com.miui.analytics
06-19 15:03:59.532 30661 30744 D IdProviderImpl: getOAID from com.miui.analytics
06-19 15:03:59.533  4681  4681 I Market-SubScriptService: onStartCommand
06-19 15:03:59.533  4681  4878 I Market-AnalyticsUtils: trackAdAction1 trackingStrategy=,event=COUNT_ONLY_VIEW
06-19 15:03:59.535 30661 30744 D IdProviderImpl: getOAID from com.miui.analytics
06-19 15:03:59.538 30661 30744 D IdProviderImpl: getOAID from com.miui.analytics
06-19 15:03:59.540 30661   573 D IdProviderImpl: getOAID from com.miui.analytics
06-19 15:03:59.542  4681  4878 I Market-AnalyticsUtils: trackAdAction1 trackingStrategy=,event=COUNT_ONLY_VIEW
06-19 15:03:59.543  4681 29474 I Market-SubScriptManager: set count -1
06-19 15:03:59.544 30661   567 D IdProviderImpl: getOAID from com.miui.analytics
06-19 15:03:59.544 30661 30744 D IdProviderImpl: getOAID from com.miui.analytics
06-19 15:03:59.547 30661 30744 D IdProviderImpl: getOAID from com.miui.analytics
06-19 15:03:59.550 30764 30772 I ystemAdSolutio: This is sticky GC, maxfree is 8388608 minfree is 2097152
06-19 15:03:59.550 30764 30772 W ystemAdSolutio: Reducing the number of considered missed Gc histogram windows from 225 to 100
06-19 15:03:59.551 30661   573 D IdProviderImpl: getOAID from com.miui.analytics
06-19 15:03:59.553 30661 30744 D IdProviderImpl: getOAID from com.miui.analytics
06-19 15:03:59.554 30661   568 D IdProviderImpl: getOAID from com.miui.analytics
06-19 15:03:59.562 30661 30744 D IdProviderImpl: getOAID from com.miui.analytics
06-19 15:03:59.567 30661 30744 D IdProviderImpl: getOAID from com.miui.analytics
06-19 15:03:59.571 30661 30744 D IdProviderImpl: getOAID from com.miui.analytics
06-19 15:03:59.581 30661 30744 D IdProviderImpl: getOAID from com.miui.analytics
06-19 15:03:59.582 30507 30542 I appium  : AppiumResponse: {"sessionId":"f8eb060f-1240-47db-9364-66b872cfe5da","value":{"error":"no such element","message":"An element could not be located on the page using the given search parameters","stacktrace":"io.appium.uiautomator2.common.exceptions.ElementNotFoundException: An element could not be located on the page using the given search parameters\n\tat io.appium.uiautomator2.handler.FindElement.safeHandle(FindElement.java:70)\n\tat io.appium.uiautomator2.handler.request.SafeRequestHandler.handle(SafeRequestHandler.java:59)\n\tat io.appium.uiautomator2.server.AppiumServlet.handleRequest(AppiumServlet.java:266)\n\tat io.appium.uiautomator2.server.AppiumServlet.handleHttpRequest(AppiumServlet.java:260)\n\tat io.appium.uiautomator2.http.ServerHandler.channelRead(ServerHandler.java:68)\n\tat io.netty.channel.AbstractChannelHandlerContext.invokeChannelRead(AbstractChannelHandlerContext.java:366)\n\tat io.netty.channel.AbstractChannelHandlerContext.invokeChannelRead(AbstractChannelHandlerContext.java:352)\n\tat io.netty.channel.AbstractChannelHandlerContext.fireChannelRead(AbstractChannelHandlerContext.java:345)\n\tat io.netty.handler.codec.MessageToMessageDecoder.channelRead(MessageToMessageDecoder.java:102)\n\tat io.netty.channel.AbstractChannelHandlerContext.invokeChannelRead(AbstractChannelHandlerContext.java:366)\n\tat io.netty.channel.AbstractChannelHandlerContext.invokeChannelRead(AbstractChannelHandlerContext.java:352)\n\tat io.netty.channel.AbstractChannelHandlerContext.fireChannelRead(AbstractChannelHandlerContext.java:345)\n\tat io.netty.channel.CombinedChannelDuplexHandler$DelegatingChannelHandlerContext.fireChannelRead(CombinedChannelDuplexHandler.java:435)\n\tat io.netty.handler.codec.ByteToMessageDecoder.fireChannelRead(ByteToMessageDecoder.java:293)\n\tat io.netty.handler.codec.ByteToMessageDecoder.channelRead(ByteToMessageDecoder.java:267)\n\tat io.netty.channel.CombinedChannelDuplexHandler.channelRead(CombinedChannelDuplexHandler.java:250)\n\tat io.netty.channel.AbstractChannelHandlerContext.invokeChannelRead(AbstractChannelHandlerContext.java:366)\n\tat io.netty.channel.AbstractChannelHandlerContext.invokeChannelRead(AbstractChannelHandlerContext.java:352)\n\tat io.netty.channel.AbstractChannelHandlerContext.fireChannelRead(AbstractChannelHandlerContext.java:345)\n\tat io.netty.handler.timeout.IdleStateHandler.channelRead(IdleStateHandler.java:266)\n\tat io.netty.channel.AbstractChannelHandlerContext.invokeChannelRead(AbstractChannelHandlerContext.java:366)\n\tat io.netty.channel.AbstractChannelHandlerContext.invokeChannelRead(AbstractChannelHandlerContext.java:352)\n\tat io.netty.channel.AbstractChannelHandlerContext.fireChannelRead(AbstractChannelHandlerContext.java:345)\n\tat io.netty.channel.DefaultChannelPipeline$HeadContext.channelRead(DefaultChannelPipeline.java:1294)\n\tat io.netty.channel.AbstractChannelHandlerContext.invokeChannelRead(AbstractChannelHandlerContext.java:366)\n\tat io.netty.channel.AbstractChannelHandlerContext.invokeChannelRead(AbstractChannelHandlerContext.java:352)\n\tat io.netty.channel.DefaultChannelPipeline.fireChannelRead(DefaultChannelPipeline.java:911)\n\tat io.netty.channel.nio.AbstractNioByteChannel$NioByteUnsafe.read(AbstractNioByteChannel.java:131)\n\tat io.netty.channel.nio.NioEventLoop.processSelectedKey(NioEventLoop.java:611)\n\tat io.netty.channel.nio.NioEventLoop.processSelectedKeysOptimized(NioEventLoop.java:552)\n\tat io.netty.channel.nio.NioEventLoop.processSelectedKeys(NioEventLoop.java:466)\n\tat io.netty.channel.nio.NioEventLoop.run(NioEventLoop.java:438)\n\tat io.netty.util.concurrent.SingleThreadEventExecutor$2.run(SingleThreadEventExecutor.java:140)\n\tat io.netty.util.concurrent.DefaultThreadFactory$DefaultRunnableDecorator.run(DefaultThreadFactory.java:144)\n\tat java.lang.Thread.run(Thread.java:920)\n"}}
06-19 15:03:59.586  5809 32332 I SafeBinderCall: onPositionChange binder cost:0
06-19 15:03:59.586  4233  4233 D MiPlayDetailViewModel: onPositionChange(): position = 6461
06-19 15:03:59.586 30661 30744 D IdProviderImpl: getOAID from com.miui.analytics
06-19 15:03:59.590 30661 30744 D IdProviderImpl: getOAID from com.miui.analytics
06-19 15:03:59.593 30661 30744 D IdProviderImpl: getOAID from com.miui.analytics
06-19 15:03:59.597 30661 30744 D IdProviderImpl: getOAID from com.miui.analytics
06-19 15:03:59.600 30661 30744 D IdProviderImpl: getOAID from com.miui.analytics
06-19 15:03:59.606 30661 30744 D IdProviderImpl: getOAID from com.miui.analytics
06-19 15:03:59.610 30661 30744 D IdProviderImpl: getOAID from com.miui.analytics
06-19 15:03:59.613 30661 30744 D IdProviderImpl: getOAID from com.miui.analytics
06-19 15:03:59.616 30661 30744 D IdProviderImpl: getOAID from com.miui.analytics
06-19 15:03:59.616  2431  5693 I WindowManagerService: Physical orientation applied, rotation=0 sfOrientation=ORIENTATION_0
06-19 15:03:59.618  5208 22357 W MediaProvider: Ignoring mutation of  _data from com.android.providers.downloads
06-19 15:03:59.622 30661 30744 D IdProviderImpl: getOAID from com.miui.analytics
06-19 15:03:59.624  5208 22357 W MediaProvider: Ownership transfer from com.android.browser to com.android.browser blocked
06-19 15:03:59.625  5208 22357 W MediaProvider: Ignoring mutation of volume_name from com.android.providers.downloads
06-19 15:03:59.625  5208 22357 W MediaProvider: Ignoring mutation of date_expires from com.android.providers.downloads
06-19 15:03:59.625  5208 22357 W MediaProvider: Ignoring mutation of _size from com.android.providers.downloads
06-19 15:03:59.625  5208 22357 W MediaProvider: Ignoring mutation of is_download from com.android.providers.downloads
06-19 15:03:59.626 30661 30744 D IdProviderImpl: getOAID from com.miui.analytics
06-19 15:03:59.630 30661 30744 D IdProviderImpl: getOAID from com.miui.analytics
06-19 15:03:59.633 30661 30744 D IdProviderImpl: getOAID from com.miui.analytics
06-19 15:03:59.637 30661 30744 D IdProviderImpl: getOAID from com.miui.analytics
06-19 15:03:59.640 30661 30744 D IdProviderImpl: getOAID from com.miui.analytics
06-19 15:03:59.643 30661 30744 D IdProviderImpl: getOAID from com.miui.analytics
06-19 15:03:59.647 30661 30744 D IdProviderImpl: getOAID from com.miui.analytics
06-19 15:03:59.650 30661 30744 D IdProviderImpl: getOAID from com.miui.analytics
06-19 15:03:59.654 30661 30744 D IdProviderImpl: getOAID from com.miui.analytics
06-19 15:03:59.658 30661 30744 D IdProviderImpl: getOAID from com.miui.analytics
06-19 15:03:59.662 30661 30744 D IdProviderImpl: getOAID from com.miui.analytics
06-19 15:03:59.667 30661 30744 D IdProviderImpl: getOAID from com.miui.analytics
06-19 15:03:59.674 30661 30744 D IdProviderImpl: getOAID from com.miui.analytics
06-19 15:03:59.681 30661 30744 D IdProviderImpl: getOAID from com.miui.analytics
06-19 15:03:59.684 30661 30744 D IdProviderImpl: getOAID from com.miui.analytics
06-19 15:03:59.689 30661 30744 D IdProviderImpl: getOAID from com.miui.analytics
06-19 15:03:59.695 30661 30744 D IdProviderImpl: getOAID from com.miui.analytics
06-19 15:03:59.698 30661 30744 D IdProviderImpl: getOAID from com.miui.analytics
06-19 15:03:59.704 30661 30744 D IdProviderImpl: getOAID from com.miui.analytics
06-19 15:03:59.708 30661 30744 D IdProviderImpl: getOAID from com.miui.analytics
06-19 15:03:59.713 30661 30744 D IdProviderImpl: getOAID from com.miui.analytics
06-19 15:03:59.719 30661 30744 D IdProviderImpl: getOAID from com.miui.analytics
06-19 15:03:59.721  2431  4793 I WindowManagerService: Physical orientation applied, rotation=0 sfOrientation=ORIENTATION_0
06-19 15:03:59.729  5208 22715 W MediaProvider: Ignoring mutation of  _data from com.android.providers.downloads
06-19 15:03:59.730  5208 22715 W MediaProvider: Ownership transfer from com.android.browser to com.android.browser blocked
06-19 15:03:59.730  5208 22715 W MediaProvider: Ignoring mutation of volume_name from com.android.providers.downloads
06-19 15:03:59.731  5208 22715 W MediaProvider: Ignoring mutation of date_expires from com.android.providers.downloads
06-19 15:03:59.731  5208 22715 W MediaProvider: Ignoring mutation of _size from com.android.providers.downloads
06-19 15:03:59.731  5208 22715 W MediaProvider: Ignoring mutation of is_download from com.android.providers.downloads
06-19 15:03:59.733 30661 30744 D IdProviderImpl: getOAID from com.miui.analytics
06-19 15:03:59.740 30661 30744 D IdProviderImpl: getOAID from com.miui.analytics
06-19 15:03:59.742  1265  2358 I vendor.qti.hardware.display.composer-service: FrameNotifyProcess Sensor: notify citsensorservice to trigger cwb
06-19 15:03:59.742  2018  7182 I libcitsensorservice@2.0-impl: msg_transfer
06-19 15:03:59.743  2018  3098 D vendor.xiaomi.sensor.citsensorservice@2.0-service: handle id:9 wxh:1280x2400 uwxuh:1080x2400 size: 9216000 fd:15 fd_meta:16 flags:0x4000228 usage:0x33  format:0x3 layer_count: 1
06-19 15:03:59.743  1265  1887 I SDM     : HWCSession::SetCWBOutputBuffer: CWB config passed by cwb_client : tappoint 1  CWB_ROI : (829.000000 4.000000 915.000000 90.000000)
06-19 15:03:59.747  1265   588 I SDM     : HWCSession::ProcessRequests: Successfully configured CWB buffer.
06-19 15:03:59.750 30661 30744 D IdProviderImpl: getOAID from com.miui.analytics
06-19 15:03:59.753  1265   588 I SDM     : HWCSession::ProcessRequests: Pushing release fence in fenece wait queue.
06-19 15:03:59.753  1265   588 I SDM     : HWCSession::ProcessRequests: Creating AsyncFenceWaits async thread.
06-19 15:03:59.753  1265   588 I SDM     : HWCSession::ProcessRequests: Remove current CWB request from the pending request queue.
06-19 15:03:59.753  1265   588 I SDM     : HWCSession::ProcessRequests: No pending cwb requests found in the queue.
06-19 15:03:59.756 30661 30744 D IdProviderImpl: getOAID from com.miui.analytics
06-19 15:03:59.760  1265  1584 I SDM     : HWDeviceDRM::SetupConcurrentWriteback: Tear down the Concurrent Writeback topology
06-19 15:03:59.763 30661 30744 D IdProviderImpl: getOAID from com.miui.analytics
06-19 15:03:59.767  1265   589 I SDM     : HWCSession::NotifyCWBStatus: Notify the client about buffer status 0.
06-19 15:03:59.767  1265   589 I SDM     : HWCSession::PerformFenceWaits: Remove current release fence from the pending fence wait queue.
06-19 15:03:59.767  1265   589 I SDM     : HWCSession::PerformFenceWaits: CWB fence queue is empty. No pending release fence to wait on.
06-19 15:03:59.769 30661 30744 D IdProviderImpl: getOAID from com.miui.analytics
06-19 15:03:59.773  2018  3127 D libsensor-displayalgo: the value of  brightness:438.000000,R:15017343.706197,G:14350857.967971,B:15137165.524820,EVENT_C:3707.000000,EVENT_R:1495.000000,EVENT_G:1839.000000,EVENT_B:734.000000
06-19 15:03:59.773  2018  3127 I libsensor-displayalgo: the value of  Coef1:1107.681000,Coef4:2.383000, scale1:0.935522, scale4:0.923264
06-19 15:03:59.773  2018  3127 E libsensor-displayalgo: RGB_test_0407_400_oldzy!
06-19 15:03:59.773  2018  3127 I libsensor-displayalgo: the value of  RESULT995.671601,387.594517,506.961229,171.748851
06-19 15:03:59.773  2018  3127 I libsensor-displayalgo: the value of  getChannelDataCalibrated1043.907318,358.987231,589.243155,187.452314
06-19 15:03:59.773  2018  3127 I libsensor-displayalgo: the value of  REAL LUX157.582077
06-19 15:03:59.773  2018  3127 I libsensor-displayalgo: the value of  CAL REAL LUX157.582077
06-19 15:03:59.773  2018  3127 I libsensor-ssccalapi: value of set_lux: 157.814133
06-19 15:03:59.777 30661 30744 D IdProviderImpl: getOAID from com.miui.analytics
06-19 15:03:59.784 30661 30744 D IdProviderImpl: getOAID from com.miui.analytics
06-19 15:03:59.786 30661 30669 I .miui.analytic: This is non sticky GC, maxfree is 8388608 minfree is 2097152
06-19 15:03:59.790 30661 30744 D IdProviderImpl: getOAID from com.miui.analytics
06-19 15:03:59.791  5208  5217 I FuseDaemon: This is sticky GC, maxfree is 8388608 minfree is 2097152
06-19 15:03:59.791  5208  5217 W FuseDaemon: Reducing the number of considered missed Gc histogram windows from 25318 to 100
06-19 15:03:59.802 30661 30744 D IdProviderImpl: getOAID from com.miui.analytics
06-19 15:03:59.806 30661 30744 D IdProviderImpl: getOAID from com.miui.analytics
06-19 15:03:59.806  5208 22357 W MediaProvider: Ignoring mutation of  _data from com.android.providers.downloads
06-19 15:03:59.807  5208 22357 W MediaProvider: Ownership transfer from com.android.browser to com.android.browser blocked
06-19 15:03:59.808  5208 22357 W MediaProvider: Ignoring mutation of volume_name from com.android.providers.downloads
06-19 15:03:59.808  5208 22357 W MediaProvider: Ignoring mutation of date_expires from com.android.providers.downloads
06-19 15:03:59.808  5208 22357 W MediaProvider: Ignoring mutation of _size from com.android.providers.downloads
06-19 15:03:59.808  5208 22357 W MediaProvider: Ignoring mutation of is_download from com.android.providers.downloads
06-19 15:03:59.812 30661 30744 D IdProviderImpl: getOAID from com.miui.analytics
06-19 15:03:59.815  2431  3390 I WindowManagerService: Physical orientation applied, rotation=0 sfOrientation=ORIENTATION_0
06-19 15:03:59.815 30661 30744 D IdProviderImpl: getOAID from com.miui.analytics
06-19 15:03:59.838  2431  2431 W Looper  : Slow dispatch took 519ms main h=com.android.server.notification.NotificationManagerService$WorkerHandler c=com.android.server.notification.NotificationManagerService$17@537d02c m=0
06-19 15:03:59.838  2431  5845 W system_server: Long monitor contention with owner main (2431) at java.util.List com.android.server.notification.ManagedServices.getServices()(ManagedServices.java:212) waiters=0 in android.content.pm.ParceledListSlice com.android.server.notification.NotificationManagerService$11.getAppActiveNotifications(java.lang.String, int) for 624ms
06-19 15:03:59.842 30661 30744 D IdProviderImpl: getOAID from com.miui.analytics
06-19 15:03:59.846  2431  2440 I system_server: This is sticky GC, maxfree is 8388608 minfree is 2097152
06-19 15:03:59.846  2431  2440 I system_server: Background young concurrent copying GC freed 181498(10MB) AllocSpace objects, 7(376KB) LOS objects, 10% free, 80MB/89MB, paused 487us,481us total 134.009ms
06-19 15:03:59.850  5858  5858 W BpBinder: PerfMonitor binderTransact :  time=637ms interface=android.app.INotificationManager code=136
06-19 15:03:59.851 30661 30744 D IdProviderImpl: getOAID from com.miui.analytics
06-19 15:03:59.855 30661 30744 D IdProviderImpl: getOAID from com.miui.analytics
06-19 15:03:59.855  4233  4475 D PeopleSpaceWidgetMgr: Sbn doesn't contain valid PeopleTileKey: null/0/com.miui.player
06-19 15:03:59.858  5735 15420 I tycenter.remot: oneway function results for code 4 on binder at 0xb400007139db1ea0 will be dropped but finished with status UNKNOWN_TRANSACTION
06-19 15:03:59.858 30661 30744 D IdProviderImpl: getOAID from com.miui.analytics
06-19 15:03:59.862 30661 30744 D IdProviderImpl: getOAID from com.miui.analytics
06-19 15:03:59.865  6318  6318 W PushService: [Tid:2] group auto not get notifications
06-19 15:03:59.865 30661 30744 D IdProviderImpl: getOAID from com.miui.analytics
06-19 15:03:59.867  5735 15420 I tycenter.remot: oneway function results for code 4 on binder at 0xb400007139db1ea0 will be dropped but finished with status UNKNOWN_TRANSACTION
06-19 15:03:59.868  2431  2431 E IPCThreadState: Process seems to be sending too many oneway calls.
06-19 15:03:59.868  2431  2431 W IPCThreadState: CallStack::getCurrentInternal not linked, returning null
06-19 15:03:59.868  2431  2431 W oneway spamming: CallStack::logStackInternal not linked
06-19 15:03:59.870  4233  4475 D PeopleSpaceWidgetMgr: Sbn doesn't contain valid PeopleTileKey: null/0/com.miui.player
06-19 15:03:59.870  2431  2431 E JavaBinder: !!! FAILED BINDER TRANSACTION !!!  (parcel size = 62216)
06-19 15:03:59.870  5735 15420 I tycenter.remot: oneway function results for code 4 on binder at 0xb400007139db1ea0 will be dropped but finished with status UNKNOWN_TRANSACTION
06-19 15:03:59.870  2431  2431 E NotificationListeners: unable to notify listener (removed): ManagedServiceInfo[component=ComponentInfo{com.miui.powerkeeper/com.miui.powerkeeper.NotificationListener},userid=0,isSystem=true,targetSdkVersion=10000,connection=null,service=android.service.notification.INotificationListener$Stub$Proxy@9ebf663]
06-19 15:03:59.870  2431  2431 E NotificationListeners: android.os.DeadObjectException: Transaction failed on small parcel; remote process probably died
06-19 15:03:59.870  2431  2431 E NotificationListeners: 	at android.os.BinderProxy.transactNative(Native Method)
06-19 15:03:59.870  2431  2431 E NotificationListeners: 	at android.os.BinderProxy.transact(BinderProxy.java:629)
06-19 15:03:59.870  2431  2431 E NotificationListeners: 	at android.service.notification.INotificationListener$Stub$Proxy.onNotificationRemoved(INotificationListener.java:632)
06-19 15:03:59.870  2431  2431 E NotificationListeners: 	at com.android.server.notification.NotificationManagerService$NotificationListeners.notifyRemoved(NotificationManagerService.java:11274)
06-19 15:03:59.870  2431  2431 E NotificationListeners: 	at com.android.server.notification.NotificationManagerService$NotificationListeners.lambda$notifyRemovedLocked$3$NotificationManagerService$NotificationListeners(NotificationManagerService.java:11074)
06-19 15:03:59.870  2431  2431 E NotificationListeners: 	at com.android.server.notification.NotificationManagerService$NotificationListeners$$ExternalSyntheticLambda5.run(Unknown Source:12)
06-19 15:03:59.870  2431  2431 E NotificationListeners: 	at android.os.Handler.handleCallback(Handler.java:938)
06-19 15:03:59.870  2431  2431 E NotificationListeners: 	at android.os.Handler.dispatchMessage(Handler.java:99)
06-19 15:03:59.870  2431  2431 E NotificationListeners: 	at android.os.Looper.loopOnce(Looper.java:211)
06-19 15:03:59.870  2431  2431 E NotificationListeners: 	at android.os.Looper.loop(Looper.java:300)
06-19 15:03:59.870  2431  2431 E NotificationListeners: 	at com.android.server.SystemServer.run(SystemServer.java:951)
06-19 15:03:59.870  2431  2431 E NotificationListeners: 	at com.android.server.SystemServer.main(SystemServer.java:646)
06-19 15:03:59.870  2431  2431 E NotificationListeners: 	at java.lang.reflect.Method.invoke(Native Method)
06-19 15:03:59.870  2431  2431 E NotificationListeners: 	at com.android.internal.os.RuntimeInit$MethodAndArgsCaller.run(RuntimeInit.java:556)
06-19 15:03:59.870  2431  2431 E NotificationListeners: 	at com.android.internal.os.ZygoteInit.main(ZygoteInit.java:1027)
06-19 15:03:59.873  2431  2431 E JavaBinder: !!! FAILED BINDER TRANSACTION !!!  (parcel size = 61724)
06-19 15:03:59.873  1309  1309 D SRE     : sensorCallback mDisplayId = 0 dataCallback value=< 157.8138, 225.9775, 438.0000>,time=446813473587104, sensor=5, temperature(K)= 225.9775
06-19 15:03:59.874  1309  1309 D SRE     : setSREStrength mDisplayId = 0, mLastLux = 188, lux = 157, mSREEnabled = 1, mLastFreezeStatus = 0, freeze = 0
06-19 15:03:59.875  2431  2431 E NotificationListeners: unable to notify listener (removed): ManagedServiceInfo[component=ComponentInfo{com.miui.powerkeeper/com.miui.powerkeeper.NotificationListener},userid=0,isSystem=false,targetSdkVersion=31,connection=<connection>,service=android.service.notification.INotificationListener$Stub$Proxy@c2d3529]
06-19 15:03:59.875  2431  2431 E NotificationListeners: android.os.DeadObjectException: Transaction failed on small parcel; remote process probably died
06-19 15:03:59.875  2431  2431 E NotificationListeners: 	at android.os.BinderProxy.transactNative(Native Method)
06-19 15:03:59.875  2431  2431 E NotificationListeners: 	at android.os.BinderProxy.transact(BinderProxy.java:629)
06-19 15:03:59.875  2431  2431 E NotificationListeners: 	at android.service.notification.INotificationListener$Stub$Proxy.onNotificationRemoved(INotificationListener.java:632)
06-19 15:03:59.875  2431  2431 E NotificationListeners: 	at com.android.server.notification.NotificationManagerService$NotificationListeners.notifyRemoved(NotificationManagerService.java:11274)
06-19 15:03:59.875  2431  2431 E NotificationListeners: 	at com.android.server.notification.NotificationManagerService$NotificationListeners.lambda$notifyRemovedLocked$3$NotificationManagerService$NotificationListeners(NotificationManagerService.java:11074)
06-19 15:03:59.875  2431  2431 E NotificationListeners: 	at com.android.server.notification.NotificationManagerService$NotificationListeners$$ExternalSyntheticLambda5.run(Unknown Source:12)
06-19 15:03:59.875  2431  2431 E NotificationListeners: 	at android.os.Handler.handleCallback(Handler.java:938)
06-19 15:03:59.875  2431  2431 E NotificationListeners: 	at android.os.Handler.dispatchMessage(Handler.java:99)
06-19 15:03:59.875  2431  2431 E NotificationListeners: 	at android.os.Looper.loopOnce(Looper.java:211)
06-19 15:03:59.875  2431  2431 E NotificationListeners: 	at android.os.Looper.loop(Looper.java:300)
06-19 15:03:59.875  2431  2431 E NotificationListeners: 	at com.android.server.SystemServer.run(SystemServer.java:951)
06-19 15:03:59.875  2431  2431 E NotificationListeners: 	at com.android.server.SystemServer.main(SystemServer.java:646)
06-19 15:03:59.875  2431  2431 E NotificationListeners: 	at java.lang.reflect.Method.invoke(Native Method)
06-19 15:03:59.875  2431  2431 E NotificationListeners: 	at com.android.internal.os.RuntimeInit$MethodAndArgsCaller.run(RuntimeInit.java:556)
06-19 15:03:59.875  2431  2431 E NotificationListeners: 	at com.android.internal.os.ZygoteInit.main(ZygoteInit.java:1027)
06-19 15:03:59.877  4233  4475 D PeopleSpaceWidgetMgr: Sbn doesn't contain valid PeopleTileKey: null/0/com.miui.player
06-19 15:03:59.879 30661 30744 D IdProviderImpl: getOAID from com.miui.analytics
06-19 15:03:59.880  5735 14259 I tycenter.remot: oneway function results for code 4 on binder at 0xb400007139db1ea0 will be dropped but finished with status UNKNOWN_TRANSACTION
06-19 15:03:59.881  4233  4475 D PeopleSpaceWidgetMgr: Sbn doesn't contain valid PeopleTileKey: null/0/com.miui.player
06-19 15:03:59.885  6318  6318 W PushService: [Tid:2] group auto not get notifications
06-19 15:03:59.885 30661 30744 D IdProviderImpl: getOAID from com.miui.analytics
06-19 15:03:59.886  6318  6318 D MyLog   : -->log(0): [Tid:2] UNDatas removed statusbar message : sdm63055686907865452QK reason : 12
06-19 15:03:59.889 30661 30744 D IdProviderImpl: getOAID from com.miui.analytics
06-19 15:03:59.891 32037 32045 I id.ext.service: This is sticky GC, maxfree is 8388608 minfree is 2097152
06-19 15:03:59.892 32037 32045 W id.ext.service: Reducing the number of considered missed Gc histogram windows from 585 to 100
06-19 15:03:59.894  5735 13856 I tycenter.remot: oneway function results for code 4 on binder at 0xb400007139db1ea0 will be dropped but finished with status UNKNOWN_TRANSACTION
06-19 15:03:59.895 30661 30744 D IdProviderImpl: getOAID from com.miui.analytics
06-19 15:03:59.896  6318  6318 W PushService: [Tid:2] group auto not get notifications
06-19 15:03:59.896  6318  6318 D MyLog   : -->log(0): [Tid:2] UNDatas removed statusbar message : sdm63784686917487179Ci reason : 12
06-19 15:03:59.899  4233  4475 D PeopleSpaceWidgetMgr: Sbn doesn't contain valid PeopleTileKey: null/0/com.miui.player
06-19 15:03:59.899  6318  6318 W PushService: [Tid:2] group auto not get notifications
06-19 15:03:59.899  6318  6318 D MyLog   : -->log(0): [Tid:2] UNDatas removed statusbar message : sdm68648686980028834rf reason : 12
06-19 15:03:59.901  4233  4475 D PeopleSpaceWidgetMgr: Sbn doesn't contain valid PeopleTileKey: null/0/com.miui.player
06-19 15:03:59.901  6318  6318 W PushService: [Tid:2] group auto not get notifications
06-19 15:03:59.901  6318  6318 D MyLog   : -->log(0): [Tid:2] UNDatas removed statusbar message : scm67646686993228068Ig reason : 12
06-19 15:03:59.902 30661 30744 D IdProviderImpl: getOAID from com.miui.analytics
06-19 15:03:59.902  5208  4193 W MediaProvider: Ignoring mutation of  _data from com.android.providers.downloads
06-19 15:03:59.905 30661 30744 D IdProviderImpl: getOAID from com.miui.analytics
06-19 15:03:59.906  5735 13856 I tycenter.remot: oneway function results for code 4 on binder at 0xb400007139db1ea0 will be dropped but finished with status UNKNOWN_TRANSACTION
06-19 15:03:59.908  6318  6318 W PushService: [Tid:2] group auto not get notifications
06-19 15:03:59.908  6318  6318 D MyLog   : -->log(0): [Tid:2] UNDatas removed statusbar message : sdm68491687008129074Qj reason : 12
06-19 15:03:59.908  5208  4193 W MediaProvider: Ownership transfer from com.android.browser to com.android.browser blocked
06-19 15:03:59.908  5208  4193 W MediaProvider: Ignoring mutation of volume_name from com.android.providers.downloads
06-19 15:03:59.908  5208  4193 W MediaProvider: Ignoring mutation of date_expires from com.android.providers.downloads
06-19 15:03:59.908  5208  4193 W MediaProvider: Ignoring mutation of _size from com.android.providers.downloads
06-19 15:03:59.908  5208  4193 W MediaProvider: Ignoring mutation of is_download from com.android.providers.downloads
06-19 15:03:59.908 30661 30744 D IdProviderImpl: getOAID from com.miui.analytics
06-19 15:03:59.912 30661 30744 D IdProviderImpl: getOAID from com.miui.analytics
06-19 15:03:59.915  2431  4926 I WindowManagerService: Physical orientation applied, rotation=0 sfOrientation=ORIENTATION_0
06-19 15:03:59.918  4233  4475 D PeopleSpaceWidgetMgr: Sbn doesn't contain valid PeopleTileKey: null/0/com.miui.player
06-19 15:03:59.919  5735 13856 I tycenter.remot: oneway function results for code 4 on binder at 0xb400007139db1ea0 will be dropped but finished with status UNKNOWN_TRANSACTION
06-19 15:03:59.921 30661 30744 D IdProviderImpl: getOAID from com.miui.analytics
06-19 15:03:59.925 30661 30744 D IdProviderImpl: getOAID from com.miui.analytics
06-19 15:03:59.928  4233  4475 D PeopleSpaceWidgetMgr: Sbn doesn't contain valid PeopleTileKey: null/0/com.miui.player
06-19 15:03:59.929 30661 30744 D IdProviderImpl: getOAID from com.miui.analytics
06-19 15:03:59.931  5735 15420 I tycenter.remot: oneway function results for code 4 on binder at 0xb400007139db1ea0 will be dropped but finished with status UNKNOWN_TRANSACTION
06-19 15:03:59.932  6318  6318 W PushService: [Tid:2] group auto not get notifications
06-19 15:03:59.932  6318  6318 D MyLog   : -->log(0): [Tid:2] UNDatas removed statusbar message : scm651476870718323839U reason : 12
06-19 15:03:59.933 30661 30744 D IdProviderImpl: getOAID from com.miui.analytics
06-19 15:03:59.934  6318  6318 W PushService: [Tid:2] group auto not get notifications
06-19 15:03:59.934  6318  6318 D MyLog   : -->log(0): [Tid:2] UNDatas removed statusbar message : sdm63887687081335940BQ reason : 12
06-19 15:03:59.936 30661 30744 D IdProviderImpl: getOAID from com.miui.analytics
06-19 15:03:59.939 30661 30744 D IdProviderImpl: getOAID from com.miui.analytics
06-19 15:03:59.942  5735  9202 I tycenter.remot: oneway function results for code 4 on binder at 0xb400007139db1ea0 will be dropped but finished with status UNKNOWN_TRANSACTION
06-19 15:03:59.944  6318  6318 W PushService: [Tid:2] group auto not get notifications
06-19 15:03:59.944  6318  6318 D MyLog   : -->log(0): [Tid:2] UNDatas removed statusbar message : sdm64941687098638558xI reason : 12
06-19 15:03:59.946 30661 30744 D IdProviderImpl: getOAID from com.miui.analytics
06-19 15:03:59.949  4233  4475 D PeopleSpaceWidgetMgr: Sbn doesn't contain valid PeopleTileKey: null/0/com.miui.player
06-19 15:03:59.955  4233  4475 D PeopleSpaceWidgetMgr: Sbn doesn't contain valid PeopleTileKey: null/0/com.miui.player
06-19 15:03:59.955 30661 30744 D IdProviderImpl: getOAID from com.miui.analytics
06-19 15:03:59.955  6318  6318 W PushService: [Tid:2] group auto not get notifications
06-19 15:03:59.955  6318  6318 D MyLog   : -->log(0): [Tid:2] UNDatas removed statusbar message : scm646856871572891796K reason : 12
06-19 15:03:59.958  5735 14259 I tycenter.remot: oneway function results for code 4 on binder at 0xb400007139db1ea0 will be dropped but finished with status UNKNOWN_TRANSACTION
06-19 15:03:59.960 30661 30744 D IdProviderImpl: getOAID from com.miui.analytics
06-19 15:03:59.961  5208 22357 W MediaProvider: Ignoring mutation of  _data from com.android.providers.downloads
06-19 15:03:59.962  5208 22357 W MediaProvider: Ownership transfer from com.android.browser to com.android.browser blocked
06-19 15:03:59.962  5208 22357 W MediaProvider: Ignoring mutation of volume_name from com.android.providers.downloads
06-19 15:03:59.962  5208 22357 W MediaProvider: Ignoring mutation of date_expires from com.android.providers.downloads
06-19 15:03:59.962  5208 22357 W MediaProvider: Ignoring mutation of _size from com.android.providers.downloads
06-19 15:03:59.962  5208 22357 W MediaProvider: Ignoring mutation of is_download from com.android.providers.downloads
06-19 15:03:59.964 30661 30744 D IdProviderImpl: getOAID from com.miui.analytics
06-19 15:03:59.967  5735 15420 I tycenter.remot: oneway function results for code 4 on binder at 0xb400007139db1ea0 will be dropped but finished with status UNKNOWN_TRANSACTION
06-19 15:03:59.969  4233  4475 D PeopleSpaceWidgetMgr: Sbn doesn't contain valid PeopleTileKey: null/0/com.miui.securitycenter
06-19 15:03:59.969 30661 30744 D IdProviderImpl: getOAID from com.miui.analytics
06-19 15:03:59.973  4233  4475 D PeopleSpaceWidgetMgr: Sbn doesn't contain valid PeopleTileKey: null/0/com.sina.weibo
06-19 15:03:59.973 30661 30744 D IdProviderImpl: getOAID from com.miui.analytics
06-19 15:03:59.978  5735 15420 I tycenter.remot: oneway function results for code 4 on binder at 0xb400007139db1ea0 will be dropped but finished with status UNKNOWN_TRANSACTION
06-19 15:03:59.981 30661 30744 D IdProviderImpl: getOAID from com.miui.analytics
06-19 15:03:59.984  4233  4475 D PeopleSpaceWidgetMgr: Sbn doesn't contain valid PeopleTileKey: null/0/com.quark.browser
06-19 15:03:59.988 30661 30744 D IdProviderImpl: getOAID from com.miui.analytics
06-19 15:03:59.989  5735 15420 I tycenter.remot: oneway function results for code 4 on binder at 0xb400007139db1ea0 will be dropped but finished with status UNKNOWN_TRANSACTION
06-19 15:03:59.994  4233  4475 D PeopleSpaceWidgetMgr: Sbn doesn't contain valid PeopleTileKey: null/0/com.ximalaya.ting.android
06-19 15:03:59.994 30661 30744 D IdProviderImpl: getOAID from com.miui.analytics
06-19 15:03:59.995  5735  9202 I tycenter.remot: oneway function results for code 4 on binder at 0xb400007139db1ea0 will be dropped but finished with status UNKNOWN_TRANSACTION
06-19 15:04:00.001 30661 30744 D IdProviderImpl: getOAID from com.miui.analytics
06-19 15:04:00.002  2431  2939 D MIUIInput: [MotionEvent] notifyMotion - eventTime=351224602929000, deviceId=8, source=0x1002, policyFlags=0x0, action=0x0, flags=0x0, downTime=351224602929000, moveCount:0
06-19 15:04:00.003  2431  2938 D MIUIInput: [MotionEvent] publisher action=0x4, 351224602, channel '7c87e50 NavigationBar0 (server)'
06-19 15:04:00.003  2431  2938 D MIUIInput: [MotionEvent] publisher action=0x0, 351224602, channel '6897a2a cn.missevan/cn.missevan.activity.MainActivity (server)'
06-19 15:04:00.000  5735 15420 I tycenter.remot: oneway function results for code 4 on binder at 0xb400007139db1ea0 will be dropped but finished with status UNKNOWN_TRANSACTION
06-19 15:04:00.005 30559 30559 D MIUIInput: [MotionEvent] ViewRootImpl windowName 'cn.missevan/cn.missevan.activity.MainActivity', { action=ACTION_DOWN, id[0]=0, pointerCount=1, eventTime=351224602, downTime=351224602, phoneEventTime=15:04:00.002 } moveCount:0
06-19 15:04:00.007  5735 15420 I tycenter.remot: oneway function results for code 4 on binder at 0xb400007139db1ea0 will be dropped but finished with status UNKNOWN_TRANSACTION
06-19 15:04:00.008  2431  2431 E IPCThreadState: Process seems to be sending too many oneway calls.
06-19 15:04:00.008  2431  2431 W IPCThreadState: CallStack::getCurrentInternal not linked, returning null
06-19 15:04:00.008  2431  2431 W oneway spamming: CallStack::logStackInternal not linked
06-19 15:04:00.009  2431  2431 E JavaBinder: !!! FAILED BINDER TRANSACTION !!!  (parcel size = 55064)
06-19 15:04:00.010  2431  2431 E NotificationListeners: unable to notify listener (removed): ManagedServiceInfo[component=ComponentInfo{com.miui.powerkeeper/com.miui.powerkeeper.NotificationListener},userid=0,isSystem=true,targetSdkVersion=10000,connection=null,service=android.service.notification.INotificationListener$Stub$Proxy@9ebf663]
06-19 15:04:00.010  2431  2431 E NotificationListeners: android.os.DeadObjectException: Transaction failed on small parcel; remote process probably died
06-19 15:04:00.010  2431  2431 E NotificationListeners: 	at android.os.BinderProxy.transactNative(Native Method)
06-19 15:04:00.010  2431  2431 E NotificationListeners: 	at android.os.BinderProxy.transact(BinderProxy.java:629)
06-19 15:04:00.010  2431  2431 E NotificationListeners: 	at android.service.notification.INotificationListener$Stub$Proxy.onNotificationRemoved(INotificationListener.java:632)
06-19 15:04:00.010  2431  2431 E NotificationListeners: 	at com.android.server.notification.NotificationManagerService$NotificationListeners.notifyRemoved(NotificationManagerService.java:11274)
06-19 15:04:00.010  2431  2431 E NotificationListeners: 	at com.android.server.notification.NotificationManagerService$NotificationListeners.lambda$notifyRemovedLocked$3$NotificationManagerService$NotificationListeners(NotificationManagerService.java:11074)
06-19 15:04:00.010  2431  2431 E NotificationListeners: 	at com.android.server.notification.NotificationManagerService$NotificationListeners$$ExternalSyntheticLambda5.run(Unknown Source:12)
06-19 15:04:00.010  2431  2431 E NotificationListeners: 	at android.os.Handler.handleCallback(Handler.java:938)
06-19 15:04:00.010  2431  2431 E NotificationListeners: 	at android.os.Handler.dispatchMessage(Handler.java:99)
06-19 15:04:00.010  2431  2431 E NotificationListeners: 	at android.os.Looper.loopOnce(Looper.java:211)
06-19 15:04:00.010  2431  2431 E NotificationListeners: 	at android.os.Looper.loop(Looper.java:300)
06-19 15:04:00.010  2431  2431 E NotificationListeners: 	at com.android.server.SystemServer.run(SystemServer.java:951)
06-19 15:04:00.010  2431  2431 E NotificationListeners: 	at com.android.server.SystemServer.main(SystemServer.java:646)
06-19 15:04:00.010  2431  2431 E NotificationListeners: 	at java.lang.reflect.Method.invoke(Native Method)
06-19 15:04:00.010  2431  2431 E NotificationListeners: 	at com.android.internal.os.RuntimeInit$MethodAndArgsCaller.run(RuntimeInit.java:556)
06-19 15:04:00.010  2431  2431 E NotificationListeners: 	at com.android.internal.os.ZygoteInit.main(ZygoteInit.java:1027)
06-19 15:04:00.011  5735 14259 I tycenter.remot: oneway function results for code 4 on binder at 0xb400007139db1ea0 will be dropped but finished with status UNKNOWN_TRANSACTION
06-19 15:04:00.011  2431  2431 E JavaBinder: !!! FAILED BINDER TRANSACTION !!!  (parcel size = 54500)
06-19 15:04:00.011 30661 30744 D IdProviderImpl: getOAID from com.miui.analytics
06-19 15:04:00.012  2431  2431 E NotificationListeners: unable to notify listener (removed): ManagedServiceInfo[component=ComponentInfo{com.miui.powerkeeper/com.miui.powerkeeper.NotificationListener},userid=0,isSystem=true,targetSdkVersion=10000,connection=null,service=android.service.notification.INotificationListener$Stub$Proxy@2bb42b0]
06-19 15:04:00.012  2431  2431 E NotificationListeners: android.os.DeadObjectException: Transaction failed on small parcel; remote process probably died
06-19 15:04:00.012  2431  2431 E NotificationListeners: 	at android.os.BinderProxy.transactNative(Native Method)
06-19 15:04:00.012  2431  2431 E NotificationListeners: 	at android.os.BinderProxy.transact(BinderProxy.java:629)
06-19 15:04:00.012  2431  2431 E NotificationListeners: 	at android.service.notification.INotificationListener$Stub$Proxy.onNotificationRemoved(INotificationListener.java:632)
06-19 15:04:00.012  2431  2431 E NotificationListeners: 	at com.android.server.notification.NotificationManagerService$NotificationListeners.notifyRemoved(NotificationManagerService.java:11274)
06-19 15:04:00.012  2431  2431 E NotificationListeners: 	at com.android.server.notification.NotificationManagerService$NotificationListeners.lambda$notifyRemovedLocked$3$NotificationManagerService$NotificationListeners(NotificationManagerService.java:11074)
06-19 15:04:00.012  2431  2431 E NotificationListeners: 	at com.android.server.notification.NotificationManagerService$NotificationListeners$$ExternalSyntheticLambda5.run(Unknown Source:12)
06-19 15:04:00.012  2431  2431 E NotificationListeners: 	at android.os.Handler.handleCallback(Handler.java:938)
06-19 15:04:00.012  2431  2431 E NotificationListeners: 	at android.os.Handler.dispatchMessage(Handler.java:99)
06-19 15:04:00.012  2431  2431 E NotificationListeners: 	at android.os.Looper.loopOnce(Looper.java:211)
06-19 15:04:00.012  2431  2431 E NotificationListeners: 	at android.os.Looper.loop(Looper.java:300)
06-19 15:04:00.012  2431  2431 E NotificationListeners: 	at com.android.server.SystemServer.run(SystemServer.java:951)
06-19 15:04:00.012  2431  2431 E NotificationListeners: 	at com.android.server.SystemServer.main(SystemServer.java:646)
06-19 15:04:00.012  2431  2431 E NotificationListeners: 	at java.lang.reflect.Method.invoke(Native Method)
06-19 15:04:00.012  2431  2431 E NotificationListeners: 	at com.android.internal.os.RuntimeInit$MethodAndArgsCaller.run(RuntimeInit.java:556)
06-19 15:04:00.012  2431  2431 E NotificationListeners: 	at com.android.internal.os.ZygoteInit.main(ZygoteInit.java:1027)
06-19 15:04:00.012  2431  2431 E JavaBinder: !!! FAILED BINDER TRANSACTION !!!  (parcel size = 54500)
06-19 15:04:00.013  2431  2431 E NotificationListeners: unable to notify listener (removed): ManagedServiceInfo[component=ComponentInfo{com.miui.powerkeeper/com.miui.powerkeeper.NotificationListener},userid=0,isSystem=false,targetSdkVersion=31,connection=<connection>,service=android.service.notification.INotificationListener$Stub$Proxy@c2d3529]
06-19 15:04:00.013  2431  2431 E NotificationListeners: android.os.DeadObjectException: Transaction failed on small parcel; remote process probably died
06-19 15:04:00.013  2431  2431 E NotificationListeners: 	at android.os.BinderProxy.transactNative(Native Method)
06-19 15:04:00.013  2431  2431 E NotificationListeners: 	at android.os.BinderProxy.transact(BinderProxy.java:629)
06-19 15:04:00.013  2431  2431 E NotificationListeners: 	at android.service.notification.INotificationListener$Stub$Proxy.onNotificationRemoved(INotificationListener.java:632)
06-19 15:04:00.013  2431  2431 E NotificationListeners: 	at com.android.server.notification.NotificationManagerService$NotificationListeners.notifyRemoved(NotificationManagerService.java:11274)
06-19 15:04:00.013  2431  2431 E NotificationListeners: 	at com.android.server.notification.NotificationManagerService$NotificationListeners.lambda$notifyRemovedLocked$3$NotificationManagerService$NotificationListeners(NotificationManagerService.java:11074)
06-19 15:04:00.013  2431  2431 E NotificationListeners: 	at com.android.server.notification.NotificationManagerService$NotificationListeners$$ExternalSyntheticLambda5.run(Unknown Source:12)
06-19 15:04:00.013  2431  2431 E NotificationListeners: 	at android.os.Handler.handleCallback(Handler.java:938)
06-19 15:04:00.013  2431  2431 E NotificationListeners: 	at android.os.Handler.dispatchMessage(Handler.java:99)
06-19 15:04:00.013  2431  2431 E NotificationListeners: 	at android.os.Looper.loopOnce(Looper.java:211)
06-19 15:04:00.013  2431  2431 E NotificationListeners: 	at android.os.Looper.loop(Looper.java:300)
06-19 15:04:00.013  2431  2431 E NotificationListeners: 	at com.android.server.SystemServer.run(SystemServer.java:951)
06-19 15:04:00.013  2431  2431 E NotificationListeners: 	at com.android.server.SystemServer.main(SystemServer.java:646)
06-19 15:04:00.013  2431  2431 E NotificationListeners: 	at java.lang.reflect.Method.invoke(Native Method)
06-19 15:04:00.013  2431  2431 E NotificationListeners: 	at com.android.internal.os.RuntimeInit$MethodAndArgsCaller.run(RuntimeInit.java:556)
06-19 15:04:00.013  2431  2431 E NotificationListeners: 	at com.android.internal.os.ZygoteInit.main(ZygoteInit.java:1027)
06-19 15:04:00.016  5735 14259 I tycenter.remot: oneway function results for code 4 on binder at 0xb400007139db1ea0 will be dropped but finished with status UNKNOWN_TRANSACTION
06-19 15:04:00.016 30661 30744 D IdProviderImpl: getOAID from com.miui.analytics
06-19 15:04:00.017  2431  2431 E IPCThreadState: Process seems to be sending too many oneway calls.
06-19 15:04:00.017  2431  2431 W IPCThreadState: CallStack::getCurrentInternal not linked, returning null
06-19 15:04:00.017  2431  2431 W oneway spamming: CallStack::logStackInternal not linked
06-19 15:04:00.020  5735 14259 I tycenter.remot: oneway function results for code 4 on binder at 0xb400007139db1ea0 will be dropped but finished with status UNKNOWN_TRANSACTION
06-19 15:04:00.021  2431  2431 E JavaBinder: !!! FAILED BINDER TRANSACTION !!!  (parcel size = 53276)
06-19 15:04:00.022  4233  4475 D PeopleSpaceWidgetMgr: Sbn doesn't contain valid PeopleTileKey: null/0/com.xingin.xhs
06-19 15:04:00.022  2431  2431 E NotificationListeners: unable to notify listener (removed): ManagedServiceInfo[component=ComponentInfo{com.miui.powerkeeper/com.miui.powerkeeper.NotificationListener},userid=0,isSystem=true,targetSdkVersion=10000,connection=null,service=android.service.notification.INotificationListener$Stub$Proxy@2bb42b0]
06-19 15:04:00.022  2431  2431 E NotificationListeners: android.os.DeadObjectException: Transaction failed on small parcel; remote process probably died
06-19 15:04:00.022  2431  2431 E NotificationListeners: 	at android.os.BinderProxy.transactNative(Native Method)
06-19 15:04:00.022  2431  2431 E NotificationListeners: 	at android.os.BinderProxy.transact(BinderProxy.java:629)
06-19 15:04:00.022  2431  2431 E NotificationListeners: 	at android.service.notification.INotificationListener$Stub$Proxy.onNotificationRemoved(INotificationListener.java:632)
06-19 15:04:00.022  2431  2431 E NotificationListeners: 	at com.android.server.notification.NotificationManagerService$NotificationListeners.notifyRemoved(NotificationManagerService.java:11274)
06-19 15:04:00.022  2431  2431 E NotificationListeners: 	at com.android.server.notification.NotificationManagerService$NotificationListeners.lambda$notifyRemovedLocked$3$NotificationManagerService$NotificationListeners(NotificationManagerService.java:11074)
06-19 15:04:00.022  2431  2431 E NotificationListeners: 	at com.android.server.notification.NotificationManagerService$NotificationListeners$$ExternalSyntheticLambda5.run(Unknown Source:12)
06-19 15:04:00.022  2431  2431 E NotificationListeners: 	at android.os.Handler.handleCallback(Handler.java:938)
06-19 15:04:00.022  2431  2431 E NotificationListeners: 	at android.os.Handler.dispatchMessage(Handler.java:99)
06-19 15:04:00.022  2431  2431 E NotificationListeners: 	at android.os.Looper.loopOnce(Looper.java:211)
06-19 15:04:00.022  2431  2431 E NotificationListeners: 	at android.os.Looper.loop(Looper.java:300)
06-19 15:04:00.022  2431  2431 E NotificationListeners: 	at com.android.server.SystemServer.run(SystemServer.java:951)
06-19 15:04:00.022  2431  2431 E NotificationListeners: 	at com.android.server.SystemServer.main(SystemServer.java:646)
06-19 15:04:00.022  2431  2431 E NotificationListeners: 	at java.lang.reflect.Method.invoke(Native Method)
06-19 15:04:00.022  2431  2431 E NotificationListeners: 	at com.android.internal.os.RuntimeInit$MethodAndArgsCaller.run(RuntimeInit.java:556)
06-19 15:04:00.022  2431  2431 E NotificationListeners: 	at com.android.internal.os.ZygoteInit.main(ZygoteInit.java:1027)
06-19 15:04:00.025  5735 15420 I tycenter.remot: oneway function results for code 4 on binder at 0xb400007139db1ea0 will be dropped but finished with status UNKNOWN_TRANSACTION
06-19 15:04:00.025  2431  3388 I WindowManagerService: Physical orientation applied, rotation=0 sfOrientation=ORIENTATION_0
06-19 15:04:00.026  5208  4193 W MediaProvider: Ignoring mutation of  _data from com.android.providers.downloads
06-19 15:04:00.026 30661 30744 D IdProviderImpl: getOAID from com.miui.analytics
06-19 15:04:00.027  5208  4193 W MediaProvider: Ownership transfer from com.android.browser to com.android.browser blocked
06-19 15:04:00.027  5208  4193 W MediaProvider: Ignoring mutation of volume_name from com.android.providers.downloads
06-19 15:04:00.027  5208  4193 W MediaProvider: Ignoring mutation of date_expires from com.android.providers.downloads
06-19 15:04:00.027  5208  4193 W MediaProvider: Ignoring mutation of _size from com.android.providers.downloads
