06-19 15:03:57.375  2018  3127 I libsensor-displayalgo: the value of  REAL LUX188.086716
06-19 15:03:57.375  2018  3127 I libsensor-displayalgo: the value of  CAL REAL LUX188.086716
06-19 15:03:57.457  2431  4792 I WindowManagerService: Physical orientation applied, rotation=0 sfOrientation=ORIENTATION_0
06-19 15:03:57.555 30507 30542 I appium  : channel read: POST /wd/hub/session/f8eb060f-1240-47db-9364-66b872cfe5da/element
06-19 15:03:57.557 30507 30542 I appium  : FindElement command
06-19 15:03:57.560  2431  3390 I WindowManagerService: Physical orientation applied, rotation=0 sfOrientation=ORIENTATION_0
06-19 15:03:57.565 30507 30542 I appium  : method: 'id', selector: 'cn.missevan:id/drama_cover'
06-19 15:03:57.566 30507 30542 I appium  : Waiting up to 100ms for the device to idle
06-19 15:03:57.586  4233  4233 D MiPlayDetailViewModel: onPositionChange(): position = 4461
06-19 15:03:57.586  5809 32332 I SafeBinderCall: onPositionChange binder cost:0
06-19 15:03:57.612  1265  2358 I vendor.qti.hardware.display.composer-service: FrameNotifyProcess Sensor: notify citsensorservice to trigger cwb
06-19 15:03:57.612  2018  7182 I libcitsensorservice@2.0-impl: msg_transfer
06-19 15:03:57.613  2018  3098 D vendor.xiaomi.sensor.citsensorservice@2.0-service: handle id:9 wxh:1280x2400 uwxuh:1080x2400 size: 9216000 fd:15 fd_meta:16 flags:0x4000228 usage:0x33  format:0x3 layer_count: 1
06-19 15:03:57.613  1265  1887 I SDM     : HWCSession::SetCWBOutputBuffer: CWB config passed by cwb_client : tappoint 1  CWB_ROI : (829.000000 4.000000 915.000000 90.000000)
06-19 15:03:57.615  1265   550 I SDM     : HWCSession::ProcessRequests: Successfully configured CWB buffer.
06-19 15:03:57.622  1265   550 I SDM     : HWCSession::ProcessRequests: Pushing release fence in fenece wait queue.
06-19 15:03:57.622  1265   550 I SDM     : HWCSession::ProcessRequests: Creating AsyncFenceWaits async thread.
06-19 15:03:57.622  1265   550 I SDM     : HWCSession::ProcessRequests: Remove current CWB request from the pending request queue.
06-19 15:03:57.622  1265   550 I SDM     : HWCSession::ProcessRequests: No pending cwb requests found in the queue.
06-19 15:03:57.627  1265  1584 I SDM     : HWDeviceDRM::SetupConcurrentWriteback: Tear down the Concurrent Writeback topology
06-19 15:03:57.632  2431  2945 I BatteryService: current mPlugType2current mHealthInfo.batteryLevel100current mHealthInfo.batteryTemperature334
06-19 15:03:57.634  5858  7526 D ThermalIECHandler: storeDataStyle: thermal_iec_monitor_persistence_data_style_iec_state; startIECTime: -1; IECScreenOffOverPeriodTime: 197512392
06-19 15:03:57.636  1265   551 I SDM     : HWCSession::NotifyCWBStatus: Notify the client about buffer status 0.
06-19 15:03:57.636  1265   551 I SDM     : HWCSession::PerformFenceWaits: Remove current release fence from the pending fence wait queue.
06-19 15:03:57.636  1265   551 I SDM     : HWCSession::PerformFenceWaits: CWB fence queue is empty. No pending release fence to wait on.
06-19 15:03:57.638  4190  4190 D DynamicService:  ACTION_BATTERY_CHANGED change,USB plug = 2
06-19 15:03:57.641  4145  4145 D QtiCarrierConfigHelper: WARNING, no carrier configs on phone Id: 1
06-19 15:03:57.642  5735  5735 I BatteryInfoReceiver: ACTION_BATTERY_CHANGED
06-19 15:03:57.643  5735  5735 I PowerNoticeUI: handleBatteryChanged oldPlugType 2 mPlugType 2 oldBatteryLevel 100 mBatteryLevel 100 temperature 334
06-19 15:03:57.643  5858  6736 D PowerKeeper.FrozenApp: onBatteryChanged plug=true mBatteryPlugged=2
06-19 15:03:57.644  5858  7667 D PowerKeeper.Thermal: mBatteryTemperature: 33
06-19 15:03:57.644  5858  7218 D PowerCheckerService: onBatteryChanged, mBatteryLevel = 100, status = 2, level = 100, plug = 2, scale = 100
06-19 15:03:57.649  4176  4176 V DeviceStatisticsService: chargerType=2 batteryLevel=100 totalBatteryCapacity=4181000
06-19 15:03:57.650  5735  8059 I android_os_HwBinder: HwBinder: Starting thread pool for getting: vendor.xiaomi.hardware.micharge@1.0::IMiCharge/default
06-19 15:03:57.654  1322 19976 I vendor.xiaomi.hardware.micharge@1.0-service: ReadFilePathValue path = /sys/class/qcom-battery/night_charging value = 0
06-19 15:03:57.655  5735  8059 I ChargeProtectionUtils: getNightChargingState: 0
06-19 15:03:57.658  2431  4792 I WindowManagerService: Physical orientation applied, rotation=0 sfOrientation=ORIENTATION_0
06-19 15:03:57.673  2018  3127 D libsensor-displayalgo: the value of  brightness:438.000000,R:4505665.894162,G:4093743.214840,B:4541189.757286,EVENT_C:3230.000000,EVENT_R:1332.500000,EVENT_G:1572.500000,EVENT_B:635.000000
06-19 15:03:57.673  2018  3127 I libsensor-displayalgo: the value of  Coef1:1107.681000,Coef4:2.383000, scale1:0.935522, scale4:0.923264
06-19 15:03:57.673  2018  3127 E libsensor-displayalgo: RGB_black_white_scenario_0822!
06-19 15:03:57.673  2018  3127 I libsensor-displayalgo: the value of  RESULT127.173114,44.667960,66.966920,22.895097
06-19 15:03:57.673  2018  3127 I libsensor-displayalgo: the value of  getChannelDataCalibrated133.334068,41.371141,77.835931,24.988458
06-19 15:03:57.673  2018  3127 I libsensor-displayalgo: the value of  REAL LUX188.320999
06-19 15:03:57.673  2018  3127 I libsensor-displayalgo: the value of  CAL REAL LUX188.320999
06-19 15:03:57.753 30507 30542 W QueryController: Could not detect idle state.
06-19 15:03:57.764  2431  4792 I WindowManagerService: Physical orientation applied, rotation=0 sfOrientation=ORIENTATION_0
06-19 15:03:57.800  2431  2939 D MIUIInput: [MotionEvent] notifyMotion - eventTime=351222400270000, deviceId=8, source=0x1002, policyFlags=0x0, action=0x0, flags=0x0, downTime=351222400270000, moveCount:0
06-19 15:03:57.800  2431  2938 D MIUIInput: [MotionEvent] publisher action=0x4, 351222400, channel '7c87e50 NavigationBar0 (server)'
06-19 15:03:57.801  2431  2938 D MIUIInput: [MotionEvent] publisher action=0x0, 351222400, channel 'e2b8b15 NotificationShade (server)'
06-19 15:03:57.801  1408  2343 D RefreshRateConfigs: TouchBoost - choose 120.00fps
06-19 15:03:57.801  4233  4233 D MIUIInput: [MotionEvent] ViewRootImpl windowName 'NotificationShade', { action=ACTION_DOWN, id[0]=0, pointerCount=1, eventTime=351222400, downTime=351222400, phoneEventTime=15:03:57.800 } moveCount:0
06-19 15:03:57.802  4233  4233 D PanelView: cancelFlingSpring
06-19 15:03:57.867  2431  6206 I WindowManagerService: Physical orientation applied, rotation=0 sfOrientation=ORIENTATION_0
06-19 15:03:57.870  2431  2939 D MIUIInput: [MotionEvent] notifyMotion - eventTime=351222471107000, deviceId=8, source=0x1002, policyFlags=0x0, action=0x1, flags=0x0, downTime=351222400270000, moveCount:0
06-19 15:03:57.871  2431  2938 D MIUIInput: [MotionEvent] publisher action=0x1, 351222471, channel 'e2b8b15 NotificationShade (server)'
06-19 15:03:57.872  4233  4233 D MIUIInput: [MotionEvent] ViewRootImpl windowName 'NotificationShade', { action=ACTION_UP, id[0]=0, pointerCount=1, eventTime=351222471, downTime=351222400, phoneEventTime=15:03:57.870 } moveCount:0
06-19 15:03:57.882  4233  4475 I HapticFeedbackUtil: rtp:93
06-19 15:03:57.888  2431  6206 I WindowManagerService: Physical orientation applied, rotation=0 sfOrientation=ORIENTATION_0
06-19 15:03:57.892  1342  1342 D vendor.hardware.vibratorfeature: Vibrator perform effect 93
06-19 15:03:57.892  1342  1342 D vendor.hardware.vibratorfeature: uses mCurrMagnitudeExt 1.000000
06-19 15:03:57.892  1342  1342 D vendor.hardware.vibratorfeature: getAmplitudeFromEffectStrength 1.000000
06-19 15:03:57.892  1342  1342 D vendor.hardware.vibratorfeature: return from driver is 479
06-19 15:03:57.893  1342  1342 D vendor.hardware.vibratorfeature: playLengthMs is 529
06-19 15:03:57.895  1342   554 D vendor.hardware.vibratorfeature: Starting perform on another thread
06-19 15:03:57.895 30559 30686 W RenderInspector: QueueBuffer time out on cn.missevan/cn.missevan.activity.MainActivity, count=1, avg=9 ms, max=9 ms.
06-19 15:03:57.914  1265  2358 I vendor.qti.hardware.display.composer-service: FrameNotifyProcess Sensor: notify citsensorservice to trigger cwb
06-19 15:03:57.915  2018  2018 I libcitsensorservice@2.0-impl: msg_transfer
06-19 15:03:57.915  2018  3098 D vendor.xiaomi.sensor.citsensorservice@2.0-service: handle id:9 wxh:1280x2400 uwxuh:1080x2400 size: 9216000 fd:15 fd_meta:16 flags:0x4000228 usage:0x33  format:0x3 layer_count: 1
06-19 15:03:57.916  1265  1889 I SDM     : HWCSession::SetCWBOutputBuffer: CWB config passed by cwb_client : tappoint 1  CWB_ROI : (829.000000 4.000000 915.000000 90.000000)
06-19 15:03:57.917  1265   556 I SDM     : HWCSession::ProcessRequests: Successfully configured CWB buffer.
06-19 15:03:57.926  1265   556 I SDM     : HWCSession::ProcessRequests: Pushing release fence in fenece wait queue.
06-19 15:03:57.926  1265   556 I SDM     : HWCSession::ProcessRequests: Creating AsyncFenceWaits async thread.
06-19 15:03:57.926  1265   556 I SDM     : HWCSession::ProcessRequests: Remove current CWB request from the pending request queue.
06-19 15:03:57.926  1265   556 I SDM     : HWCSession::ProcessRequests: No pending cwb requests found in the queue.
06-19 15:03:57.931  1265  1584 I SDM     : HWDeviceDRM::SetupConcurrentWriteback: Tear down the Concurrent Writeback topology
06-19 15:03:57.940  1265   557 I SDM     : HWCSession::NotifyCWBStatus: Notify the client about buffer status 0.
06-19 15:03:57.940  1265   557 I SDM     : HWCSession::PerformFenceWaits: Remove current release fence from the pending fence wait queue.
06-19 15:03:57.940  1265   557 I SDM     : HWCSession::PerformFenceWaits: CWB fence queue is empty. No pending release fence to wait on.
06-19 15:03:57.962  2431  4926 I WindowManagerService: Physical orientation applied, rotation=0 sfOrientation=ORIENTATION_0
06-19 15:03:57.974  2018  3127 D libsensor-displayalgo: the value of  brightness:438.000000,R:4505691.026155,G:4093737.562577,B:4542001.282120,EVENT_C:3231.000000,EVENT_R:1331.500000,EVENT_G:1574.500000,EVENT_B:636.000000
06-19 15:03:57.974  2018  3127 I libsensor-displayalgo: the value of  Coef1:1107.681000,Coef4:2.383000, scale1:0.935522, scale4:0.923264
06-19 15:03:57.974  2018  3127 E libsensor-displayalgo: RGB_black_white_scenario_0822!
06-19 15:03:57.974  2018  3127 I libsensor-displayalgo: the value of  RESULT127.183710,44.675416,66.970303,22.898972
06-19 15:03:57.974  2018  3127 I libsensor-displayalgo: the value of  getChannelDataCalibrated133.345177,41.378046,77.839863,24.992687
06-19 15:03:57.974  2018  3127 I libsensor-displayalgo: the value of  REAL LUX188.438690
06-19 15:03:57.974  2018  3127 I libsensor-displayalgo: the value of  CAL REAL LUX188.438690
06-19 15:03:58.061  2431  3390 I WindowManagerService: Physical orientation applied, rotation=0 sfOrientation=ORIENTATION_0
06-19 15:03:58.144 30507 30542 I appium  : AppiumResponse: {"sessionId":"f8eb060f-1240-47db-9364-66b872cfe5da","value":{"error":"no such element","message":"An element could not be located on the page using the given search parameters","stacktrace":"io.appium.uiautomator2.common.exceptions.ElementNotFoundException: An element could not be located on the page using the given search parameters\n\tat io.appium.uiautomator2.handler.FindElement.safeHandle(FindElement.java:70)\n\tat io.appium.uiautomator2.handler.request.SafeRequestHandler.handle(SafeRequestHandler.java:59)\n\tat io.appium.uiautomator2.server.AppiumServlet.handleRequest(AppiumServlet.java:266)\n\tat io.appium.uiautomator2.server.AppiumServlet.handleHttpRequest(AppiumServlet.java:260)\n\tat io.appium.uiautomator2.http.ServerHandler.channelRead(ServerHandler.java:68)\n\tat io.netty.channel.AbstractChannelHandlerContext.invokeChannelRead(AbstractChannelHandlerContext.java:366)\n\tat io.netty.channel.AbstractChannelHandlerContext.invokeChannelRead(AbstractChannelHandlerContext.java:352)\n\tat io.netty.channel.AbstractChannelHandlerContext.fireChannelRead(AbstractChannelHandlerContext.java:345)\n\tat io.netty.handler.codec.MessageToMessageDecoder.channelRead(MessageToMessageDecoder.java:102)\n\tat io.netty.channel.AbstractChannelHandlerContext.invokeChannelRead(AbstractChannelHandlerContext.java:366)\n\tat io.netty.channel.AbstractChannelHandlerContext.invokeChannelRead(AbstractChannelHandlerContext.java:352)\n\tat io.netty.channel.AbstractChannelHandlerContext.fireChannelRead(AbstractChannelHandlerContext.java:345)\n\tat io.netty.channel.CombinedChannelDuplexHandler$DelegatingChannelHandlerContext.fireChannelRead(CombinedChannelDuplexHandler.java:435)\n\tat io.netty.handler.codec.ByteToMessageDecoder.fireChannelRead(ByteToMessageDecoder.java:293)\n\tat io.netty.handler.codec.ByteToMessageDecoder.channelRead(ByteToMessageDecoder.java:267)\n\tat io.netty.channel.CombinedChannelDuplexHandler.channelRead(CombinedChannelDuplexHandler.java:250)\n\tat io.netty.channel.AbstractChannelHandlerContext.invokeChannelRead(AbstractChannelHandlerContext.java:366)\n\tat io.netty.channel.AbstractChannelHandlerContext.invokeChannelRead(AbstractChannelHandlerContext.java:352)\n\tat io.netty.channel.AbstractChannelHandlerContext.fireChannelRead(AbstractChannelHandlerContext.java:345)\n\tat io.netty.handler.timeout.IdleStateHandler.channelRead(IdleStateHandler.java:266)\n\tat io.netty.channel.AbstractChannelHandlerContext.invokeChannelRead(AbstractChannelHandlerContext.java:366)\n\tat io.netty.channel.AbstractChannelHandlerContext.invokeChannelRead(AbstractChannelHandlerContext.java:352)\n\tat io.netty.channel.AbstractChannelHandlerContext.fireChannelRead(AbstractChannelHandlerContext.java:345)\n\tat io.netty.channel.DefaultChannelPipeline$HeadContext.channelRead(DefaultChannelPipeline.java:1294)\n\tat io.netty.channel.AbstractChannelHandlerContext.invokeChannelRead(AbstractChannelHandlerContext.java:366)\n\tat io.netty.channel.AbstractChannelHandlerContext.invokeChannelRead(AbstractChannelHandlerContext.java:352)\n\tat io.netty.channel.DefaultChannelPipeline.fireChannelRead(DefaultChannelPipeline.java:911)\n\tat io.netty.channel.nio.AbstractNioByteChannel$NioByteUnsafe.read(AbstractNioByteChannel.java:131)\n\tat io.netty.channel.nio.NioEventLoop.processSelectedKey(NioEventLoop.java:611)\n\tat io.netty.channel.nio.NioEventLoop.processSelectedKeysOptimized(NioEventLoop.java:552)\n\tat io.netty.channel.nio.NioEventLoop.processSelectedKeys(NioEventLoop.java:466)\n\tat io.netty.channel.nio.NioEventLoop.run(NioEventLoop.java:438)\n\tat io.netty.util.concurrent.SingleThreadEventExecutor$2.run(SingleThreadEventExecutor.java:140)\n\tat io.netty.util.concurrent.DefaultThreadFactory$DefaultRunnableDecorator.run(DefaultThreadFactory.java:144)\n\tat java.lang.Thread.run(Thread.java:920)\n"}}
06-19 15:03:58.167  2431  4926 I WindowManagerService: Physical orientation applied, rotation=0 sfOrientation=ORIENTATION_0
06-19 15:03:58.218  1265  2358 I vendor.qti.hardware.display.composer-service: FrameNotifyProcess Sensor: notify citsensorservice to trigger cwb
06-19 15:03:58.219  2018  2111 I libcitsensorservice@2.0-impl: msg_transfer
06-19 15:03:58.219  2018  3098 D vendor.xiaomi.sensor.citsensorservice@2.0-service: handle id:9 wxh:1280x2400 uwxuh:1080x2400 size: 9216000 fd:15 fd_meta:16 flags:0x4000228 usage:0x33  format:0x3 layer_count: 1
06-19 15:03:58.219  1265  1889 I SDM     : HWCSession::SetCWBOutputBuffer: CWB config passed by cwb_client : tappoint 1  CWB_ROI : (829.000000 4.000000 915.000000 90.000000)
06-19 15:03:58.223  1265   558 I SDM     : HWCSession::ProcessRequests: Successfully configured CWB buffer.
06-19 15:03:58.230  1265   558 I SDM     : HWCSession::ProcessRequests: Pushing release fence in fenece wait queue.
06-19 15:03:58.230  1265   558 I SDM     : HWCSession::ProcessRequests: Creating AsyncFenceWaits async thread.
06-19 15:03:58.230  1265   558 I SDM     : HWCSession::ProcessRequests: Remove current CWB request from the pending request queue.
06-19 15:03:58.231  1265   558 I SDM     : HWCSession::ProcessRequests: No pending cwb requests found in the queue.
06-19 15:03:58.236  1265  1584 I SDM     : HWDeviceDRM::SetupConcurrentWriteback: Tear down the Concurrent Writeback topology
06-19 15:03:58.244  1265   559 I SDM     : HWCSession::NotifyCWBStatus: Notify the client about buffer status 0.
06-19 15:03:58.245  1265   559 I SDM     : HWCSession::PerformFenceWaits: Remove current release fence from the pending fence wait queue.
06-19 15:03:58.245  1265   559 I SDM     : HWCSession::PerformFenceWaits: CWB fence queue is empty. No pending release fence to wait on.
06-19 15:03:58.267  2431  6206 I WindowManagerService: Physical orientation applied, rotation=0 sfOrientation=ORIENTATION_0
06-19 15:03:58.274  2018  3127 D libsensor-displayalgo: the value of  brightness:438.000000,R:4505674.741258,G:4094564.656286,B:4541814.989600,EVENT_C:3224.500000,EVENT_R:1331.000000,EVENT_G:1570.500000,EVENT_B:633.500000
06-19 15:03:58.274  2018  3127 I libsensor-displayalgo: the value of  Coef1:1107.681000,Coef4:2.383000, scale1:0.935522, scale4:0.923264
06-19 15:03:58.274  2018  3127 E libsensor-displayalgo: RGB_black_white_scenario_0822!
06-19 15:03:58.274  2018  3127 I libsensor-displayalgo: the value of  RESULT127.200781,44.678142,66.983048,22.901324
06-19 15:03:58.274  2018  3127 I libsensor-displayalgo: the value of  getChannelDataCalibrated133.363075,41.380571,77.854676,24.995254
06-19 15:03:58.274  2018  3127 I libsensor-displayalgo: the value of  REAL LUX188.018265
06-19 15:03:58.274  2018  3127 I libsensor-displayalgo: the value of  CAL REAL LUX188.018265
06-19 15:03:58.365  2431  4926 I WindowManagerService: Physical orientation applied, rotation=0 sfOrientation=ORIENTATION_0
06-19 15:03:58.425  1342   554 D vendor.hardware.vibratorfeature: Notifying perform complete
06-19 15:03:58.429  1342  1342 D vendor.hardware.vibratorfeature: QTI Vibrator off
06-19 15:03:58.429  1342  1342 D DynamicEffectThread: pause
06-19 15:03:58.429  1342  1342 D DynamicEffectDevice: FFDevice pause
06-19 15:03:58.474  2431  4926 I WindowManagerService: Physical orientation applied, rotation=0 sfOrientation=ORIENTATION_0
06-19 15:03:58.523  1265  2358 I vendor.qti.hardware.display.composer-service: FrameNotifyProcess Sensor: notify citsensorservice to trigger cwb
06-19 15:03:58.524  2018  7182 I libcitsensorservice@2.0-impl: msg_transfer
06-19 15:03:58.525  2018  3098 D vendor.xiaomi.sensor.citsensorservice@2.0-service: handle id:9 wxh:1280x2400 uwxuh:1080x2400 size: 9216000 fd:15 fd_meta:16 flags:0x4000228 usage:0x33  format:0x3 layer_count: 1
06-19 15:03:58.525  1265  1889 I SDM     : HWCSession::SetCWBOutputBuffer: CWB config passed by cwb_client : tappoint 1  CWB_ROI : (829.000000 4.000000 915.000000 90.000000)
06-19 15:03:58.527  4233  4233 V ShadeControllerImpl: NotificationShadeWindow: com.android.systemui.statusbar.phone.NotificationShadeWindowView{9339c3f V.E...... ......ID 0,0-1080,2400} canPanelBeCollapsed(): true
06-19 15:03:58.527  1265   560 I SDM     : HWCSession::ProcessRequests: Successfully configured CWB buffer.
06-19 15:03:58.531  4233  4233 V PanelView:  updateDismissView false
06-19 15:03:58.535  1265   560 I SDM     : HWCSession::ProcessRequests: Pushing release fence in fenece wait queue.
06-19 15:03:58.535  1265   560 I SDM     : HWCSession::ProcessRequests: Creating AsyncFenceWaits async thread.
06-19 15:03:58.536  1265   560 I SDM     : HWCSession::ProcessRequests: Remove current CWB request from the pending request queue.
06-19 15:03:58.536  1265   560 I SDM     : HWCSession::ProcessRequests: No pending cwb requests found in the queue.
06-19 15:03:58.539  2431  4926 I WindowManagerService: Physical orientation applied, rotation=0 sfOrientation=ORIENTATION_0
06-19 15:03:58.541  1265  1584 I SDM     : HWDeviceDRM::SetupConcurrentWriteback: Tear down the Concurrent Writeback topology
06-19 15:03:58.543  4233  4988 D MiBridge: requestCpuHighFreq---- uid: 1000 level: 1 timeoutms:2000
06-19 15:03:58.544  1893  1925 W MiuiBooster: "MiuiBoosterService requestCpuHighFreq: 1000, 1, 2000"
06-19 15:03:58.544  1893  1925 W MiuiBooster: "requestCpuHighFreq,final level:1,final timeoutms:2000"
06-19 15:03:58.544  1893  1925 W MiuiBooster: "perf_hint_hc start"
06-19 15:03:58.544  1893  1925 W MiuiBooster: "big_core_value[level-1]:4095"
06-19 15:03:58.544  1893  1925 W MiuiBooster: "little_core_value[level-1]:4095"
06-19 15:03:58.544  1893  1925 W MiuiBooster: "prime_core_value[level - 1]:4095"
06-19 15:03:58.547  1893  1925 W MiuiBooster: "perf_handle:421926"
06-19 15:03:58.547  4233  4988 D MiBridge: requestCpuHighFreq handle: 1
06-19 15:03:58.548  4233  4988 D CpuBoostUtil: boostCpuToMax:0
06-19 15:03:58.541  1280  1280 W perf-hal-servic: type=1400 audit(0.0:52717): avc: denied { search } for name="1893" dev="proc" ino=8395716 scontext=u:r:vendor_hal_perf_default:s0 tcontext=u:r:miuibooster:s0 tclass=dir permissive=0
06-19 15:03:58.541  1280  1280 W perf-hal-servic: type=1400 audit(0.0:52718): avc: denied { search } for name="1893" dev="proc" ino=8395716 scontext=u:r:vendor_hal_perf_default:s0 tcontext=u:r:miuibooster:s0 tclass=dir permissive=0
06-19 15:03:58.549  1265   561 I SDM     : HWCSession::NotifyCWBStatus: Notify the client about buffer status 0.
06-19 15:03:58.549  1265   561 I SDM     : HWCSession::PerformFenceWaits: Remove current release fence from the pending fence wait queue.
06-19 15:03:58.549  1265   561 I SDM     : HWCSession::PerformFenceWaits: CWB fence queue is empty. No pending release fence to wait on.
06-19 15:03:58.550  2431  6206 I WindowManagerService: Physical orientation applied, rotation=0 sfOrientation=ORIENTATION_0
06-19 15:03:58.554  4258  4258 D NavStubView_Touch: onSystemUiFlagsChanged  mIsShowStatusBar    old= true   new=true
06-19 15:03:58.554  4258  4258 D NavStubView_Touch: onSystemUiFlagsChanged  mIsShowNavBar    old= true   new=true
06-19 15:03:58.563 30559 30559 D DecorView[]: onWindowFocusChanged hasWindowFocus true
06-19 15:03:58.564 30559 30559 I HandWritingStubImpl: isKeyboardTypeChanged: false
06-19 15:03:58.564 30559 30559 I HandWritingStubImpl: refreshLastKeyboardType: 1
06-19 15:03:58.564 30559 30559 I HandWritingStubImpl: getCurrentKeyboardType: 1
06-19 15:03:58.569 13581 13581 E BaseInputMethodService: onFinishInput
06-19 15:03:58.569 13581 13581 E BaseInputMethodService: onStartInput
06-19 15:03:58.572  2431  3390 I WindowManagerService: Physical orientation applied, rotation=0 sfOrientation=ORIENTATION_0
06-19 15:03:58.573  2018  3127 D libsensor-displayalgo: the value of  brightness:438.000000,R:4505867.840548,G:4093771.398455,B:4542517.277384,EVENT_C:3235.500000,EVENT_R:1334.500000,EVENT_G:1577.000000,EVENT_B:636.500000
06-19 15:03:58.573  2018  3127 I libsensor-displayalgo: the value of  Coef1:1107.681000,Coef4:2.383000, scale1:0.935522, scale4:0.923264
06-19 15:03:58.573  2018  3127 E libsensor-displayalgo: RGB_black_white_scenario_0822!
06-19 15:03:58.573  2018  3127 I libsensor-displayalgo: the value of  RESULT127.189906,44.679539,66.972064,22.900879
06-19 15:03:58.573  2018  3127 I libsensor-displayalgo: the value of  getChannelDataCalibrated133.351673,41.381865,77.841910,24.994768
06-19 15:03:58.573  2018  3127 I libsensor-displayalgo: the value of  REAL LUX188.716049
06-19 15:03:58.574  2018  3127 I libsensor-displayalgo: the value of  CAL REAL LUX188.716049
06-19 15:03:58.574 30559 30559 I HandWritingStubImpl: isKeyboardTypeChanged: false
06-19 15:03:58.585  5809 32332 I SafeBinderCall: onPositionChange binder cost:0
06-19 15:03:58.585  4233  4233 D MiPlayDetailViewModel: onPositionChange(): position = 5460
06-19 15:03:58.672  2431  3390 I WindowManagerService: Physical orientation applied, rotation=0 sfOrientation=ORIENTATION_0
06-19 15:03:58.704 30507 30542 I appium  : channel read: POST /wd/hub/session/f8eb060f-1240-47db-9364-66b872cfe5da/element
06-19 15:03:58.704 30507 30542 I appium  : FindElement command
06-19 15:03:58.705 30507 30542 I appium  : method: 'id', selector: 'cn.missevan:id/drama_cover'
06-19 15:03:58.705 30507 30542 I appium  : Waiting up to 100ms for the device to idle
06-19 15:03:58.768  2431  6206 I WindowManagerService: Physical orientation applied, rotation=0 sfOrientation=ORIENTATION_0
06-19 15:03:58.817  2431  3390 I WindowManagerService: Physical orientation applied, rotation=0 sfOrientation=ORIENTATION_0
06-19 15:03:58.830  1265  2358 I vendor.qti.hardware.display.composer-service: FrameNotifyProcess Sensor: notify citsensorservice to trigger cwb
06-19 15:03:58.831  2018  2111 I libcitsensorservice@2.0-impl: msg_transfer
06-19 15:03:58.831  2018  3098 D vendor.xiaomi.sensor.citsensorservice@2.0-service: handle id:9 wxh:1280x2400 uwxuh:1080x2400 size: 9216000 fd:15 fd_meta:16 flags:0x4000228 usage:0x33  format:0x3 layer_count: 1
06-19 15:03:58.831  1265  1887 I SDM     : HWCSession::SetCWBOutputBuffer: CWB config passed by cwb_client : tappoint 1  CWB_ROI : (829.000000 4.000000 915.000000 90.000000)
06-19 15:03:58.832  1265   563 I SDM     : HWCSession::ProcessRequests: Successfully configured CWB buffer.
06-19 15:03:58.840  1265   563 I SDM     : HWCSession::ProcessRequests: Pushing release fence in fenece wait queue.
06-19 15:03:58.840  1265   563 I SDM     : HWCSession::ProcessRequests: Creating AsyncFenceWaits async thread.
06-19 15:03:58.840  1265   563 I SDM     : HWCSession::ProcessRequests: Remove current CWB request from the pending request queue.
06-19 15:03:58.840  1265   563 I SDM     : HWCSession::ProcessRequests: No pending cwb requests found in the queue.
06-19 15:03:58.846  1265  1584 I SDM     : HWDeviceDRM::SetupConcurrentWriteback: Tear down the Concurrent Writeback topology
06-19 15:03:58.853  1265   564 I SDM     : HWCSession::NotifyCWBStatus: Notify the client about buffer status 0.
06-19 15:03:58.853  1265   564 I SDM     : HWCSession::PerformFenceWaits: Remove current release fence from the pending fence wait queue.
06-19 15:03:58.854  1265   564 I SDM     : HWCSession::PerformFenceWaits: CWB fence queue is empty. No pending release fence to wait on.
06-19 15:03:58.873  2018  3127 D libsensor-displayalgo: the value of  brightness:438.000000,R:9547297.638611,G:8833305.600443,B:9670043.585787,EVENT_C:3482.000000,EVENT_R:1421.000000,EVENT_G:1710.500000,EVENT_B:684.000000
06-19 15:03:58.873  2018  3127 I libsensor-displayalgo: the value of  Coef1:1107.681000,Coef4:2.383000, scale1:0.935522, scale4:0.923264
06-19 15:03:58.873  2018  3127 E libsensor-displayalgo: RGB_black_white_scenario_0822!
06-19 15:03:58.873  2018  3127 I libsensor-displayalgo: the value of  RESULT314.581310,118.194199,162.639003,56.567130
06-19 15:03:58.873  2018  3127 I libsensor-displayalgo: the value of  getChannelDataCalibrated329.821330,109.470610,189.035993,61.739216
06-19 15:03:58.873  2018  3127 I libsensor-displayalgo: the value of  REAL LUX191.694000
06-19 15:03:58.873  2018  3127 I libsensor-displayalgo: the value of  CAL REAL LUX191.694000
06-19 15:03:58.874  2431  3390 I WindowManagerService: Physical orientation applied, rotation=0 sfOrientation=ORIENTATION_0
06-19 15:03:58.896 30507 30542 W QueryController: Could not detect idle state.
06-19 15:03:58.905  4233  4233 D QS      : setListening false
06-19 15:03:58.905  4233  4988 D MiBridge: cancelCpuHighFreq---uid: 1000
06-19 15:03:58.909  4233  4988 D MiBridge: cancelCpuHighFreq ret: 0
06-19 15:03:58.910  4233  4988 D CpuBoostUtil: cancelCpuHighFreq:0
06-19 15:03:58.928 30661 30744 D IdProviderImpl: getOAID from com.miui.analytics
06-19 15:03:58.940 30507 30542 I appium  : AppiumResponse: {"sessionId":"f8eb060f-1240-47db-9364-66b872cfe5da","value":{"error":"no such element","message":"An element could not be located on the page using the given search parameters","stacktrace":"io.appium.uiautomator2.common.exceptions.ElementNotFoundException: An element could not be located on the page using the given search parameters\n\tat io.appium.uiautomator2.handler.FindElement.safeHandle(FindElement.java:70)\n\tat io.appium.uiautomator2.handler.request.SafeRequestHandler.handle(SafeRequestHandler.java:59)\n\tat io.appium.uiautomator2.server.AppiumServlet.handleRequest(AppiumServlet.java:266)\n\tat io.appium.uiautomator2.server.AppiumServlet.handleHttpRequest(AppiumServlet.java:260)\n\tat io.appium.uiautomator2.http.ServerHandler.channelRead(ServerHandler.java:68)\n\tat io.netty.channel.AbstractChannelHandlerContext.invokeChannelRead(AbstractChannelHandlerContext.java:366)\n\tat io.netty.channel.AbstractChannelHandlerContext.invokeChannelRead(AbstractChannelHandlerContext.java:352)\n\tat io.netty.channel.AbstractChannelHandlerContext.fireChannelRead(AbstractChannelHandlerContext.java:345)\n\tat io.netty.handler.codec.MessageToMessageDecoder.channelRead(MessageToMessageDecoder.java:102)\n\tat io.netty.channel.AbstractChannelHandlerContext.invokeChannelRead(AbstractChannelHandlerContext.java:366)\n\tat io.netty.channel.AbstractChannelHandlerContext.invokeChannelRead(AbstractChannelHandlerContext.java:352)\n\tat io.netty.channel.AbstractChannelHandlerContext.fireChannelRead(AbstractChannelHandlerContext.java:345)\n\tat io.netty.channel.CombinedChannelDuplexHandler$DelegatingChannelHandlerContext.fireChannelRead(CombinedChannelDuplexHandler.java:435)\n\tat io.netty.handler.codec.ByteToMessageDecoder.fireChannelRead(ByteToMessageDecoder.java:293)\n\tat io.netty.handler.codec.ByteToMessageDecoder.channelRead(ByteToMessageDecoder.java:267)\n\tat io.netty.channel.CombinedChannelDuplexHandler.channelRead(CombinedChannelDuplexHandler.java:250)\n\tat io.netty.channel.AbstractChannelHandlerContext.invokeChannelRead(AbstractChannelHandlerContext.java:366)\n\tat io.netty.channel.AbstractChannelHandlerContext.invokeChannelRead(AbstractChannelHandlerContext.java:352)\n\tat io.netty.channel.AbstractChannelHandlerContext.fireChannelRead(AbstractChannelHandlerContext.java:345)\n\tat io.netty.handler.timeout.IdleStateHandler.channelRead(IdleStateHandler.java:266)\n\tat io.netty.channel.AbstractChannelHandlerContext.invokeChannelRead(AbstractChannelHandlerContext.java:366)\n\tat io.netty.channel.AbstractChannelHandlerContext.invokeChannelRead(AbstractChannelHandlerContext.java:352)\n\tat io.netty.channel.AbstractChannelHandlerContext.fireChannelRead(AbstractChannelHandlerContext.java:345)\n\tat io.netty.channel.DefaultChannelPipeline$HeadContext.channelRead(DefaultChannelPipeline.java:1294)\n\tat io.netty.channel.AbstractChannelHandlerContext.invokeChannelRead(AbstractChannelHandlerContext.java:366)\n\tat io.netty.channel.AbstractChannelHandlerContext.invokeChannelRead(AbstractChannelHandlerContext.java:352)\n\tat io.netty.channel.DefaultChannelPipeline.fireChannelRead(DefaultChannelPipeline.java:911)\n\tat io.netty.channel.nio.AbstractNioByteChannel$NioByteUnsafe.read(AbstractNioByteChannel.java:131)\n\tat io.netty.channel.nio.NioEventLoop.processSelectedKey(NioEventLoop.java:611)\n\tat io.netty.channel.nio.NioEventLoop.processSelectedKeysOptimized(NioEventLoop.java:552)\n\tat io.netty.channel.nio.NioEventLoop.processSelectedKeys(NioEventLoop.java:466)\n\tat io.netty.channel.nio.NioEventLoop.run(NioEventLoop.java:438)\n\tat io.netty.util.concurrent.SingleThreadEventExecutor$2.run(SingleThreadEventExecutor.java:140)\n\tat io.netty.util.concurrent.DefaultThreadFactory$DefaultRunnableDecorator.run(DefaultThreadFactory.java:144)\n\tat java.lang.Thread.run(Thread.java:920)\n"}}
06-19 15:03:58.978  2431  3388 I WindowManagerService: Physical orientation applied, rotation=0 sfOrientation=ORIENTATION_0
06-19 15:03:59.055  4233  4233 D StatusBar: disable<e i a s b h r c s > disable2<q i n >
06-19 15:03:59.055  4233  4233 D CollapsedStatusBarFragment: adjustDisableFlags: mStatusBarView.getState() = 2 mHideIconsForBouncer = false mWereIconsJustHidden = false, mWakeUpCoordinator.getNotificationsFullyHidden = false, mIsExpanded = false, mBypassController.getBypassEnabled = false, mStatusBarStateController.getState() = 0, mKeyguardStateController.isKeyguardGoingAway() = false, mHeadsUpManager.hasPinnedHeadsUp = false, mIsLaunchAnimationRunning = false, mHideIconsDuringLaunchAnimation = true, isFullWidth()true, mShowIconsWhenExpanded = true, mControlPanelExpand = false
06-19 15:03:59.059  4233  4233 D PanelView: shouldDisableHomeFsg changed to false
06-19 15:03:59.063  2431  3388 W ActivityManager: Sending non-protected broadcast com.android.systemui.fsgesture from system 4233:com.android.systemui/1000 pkg com.android.systemui. Callers=
06-19 15:03:59.063  4258  4258 D NavStubView_Touch: onSystemUiFlagsChanged  mIsShowStatusBar    old= true   new=true
06-19 15:03:59.063  4258  4258 D NavStubView_Touch: onSystemUiFlagsChanged  mIsShowNavBar    old= true   new=true
06-19 15:03:59.063  2431  3388 W ActivityManager: Sending non-protected broadcast com.android.systemui.fsgesture from system 4233:com.android.systemui/1000 pkg com.android.systemui. Callers=
06-19 15:03:59.065  4258  4327 W RecentsImpl: updateFsgWindowVisibilityState   isEnter=false   typeFrom=typefrom_status_bar_expansion   isOpen=true   mIsInAnotherPro=false   mIsStatusBarExpansion=true
06-19 15:03:59.068  4258  4327 W RecentsImpl: getTopActivity from observer.   cn=ComponentInfo{cn.missevan/cn.missevan.activity.MainActivity}
06-19 15:03:59.069  4258  4327 W RecentsImpl: adaptToTopActivity   cn=ComponentInfo{cn.missevan/cn.missevan.activity.MainActivity}
06-19 15:03:59.069  4258  4327 W RecentsImpl: onResumed className=cn.missevan.activity.MainActivity   mIsInAnotherPro=false   isKeyguardLocked=false
06-19 15:03:59.069  4258  4386 W RecentsImpl: disableTouchBySwipeStatusBar    disable=false
06-19 15:03:59.069  4258  4386 D GestureStubView_Touch: disableTouchBySwipeStatusBar    old=false   new=false
06-19 15:03:59.069  4258  4386 D GestureStubView_Touch: disableTouchBySwipeStatusBar    old=false   new=false
06-19 15:03:59.069  4258  4386 W RecentsImpl: disableBackStubWindow    disableTouch=false
06-19 15:03:59.069  4258  4386 D GestureStubView_Touch: disableTouch    old=false   new=false
06-19 15:03:59.069  4258  4386 D GestureStubView_Touch: disableTouch    old=false   new=false
06-19 15:03:59.069  4258  4386 D RecentsImpl: showBackStubWindow  hasNavigationBar=true
06-19 15:03:59.069  4258  4386 D GestureStubView_Touch: setKeepHidden    old=false   new=false
06-19 15:03:59.070  4258  4386 W GestureStubView: adaptRotation   currentRotation=0   mRotation=0
06-19 15:03:59.070  4258  4386 D GestureStubView: resetRenderProperty: showGestureStub   isLayoutParamChanged=false
06-19 15:03:59.070  4258  4386 D GestureStubView_Touch: disableTouch    old=false   new=false
06-19 15:03:59.070  4258  4386 D GestureStubView: showGestureStub
06-19 15:03:59.070  4258  4386 D GestureStubView_Touch: setKeepHidden    old=false   new=false
06-19 15:03:59.070  4258  4258 D RecentsImpl: showNavStubView
06-19 15:03:59.070  4258  4258 D NavStubView_Touch: setKeepHidden    old=true   new=false
06-19 15:03:59.070  4258  4386 W GestureStubView: adaptRotation   currentRotation=0   mRotation=0
06-19 15:03:59.071  4258  4386 D GestureStubView: resetRenderProperty: showGestureStub   isLayoutParamChanged=false
06-19 15:03:59.071  4258  4386 D GestureStubView_Touch: disableTouch    old=false   new=false
06-19 15:03:59.071  4258  4386 D GestureStubView: showGestureStub
06-19 15:03:59.071  4258  4258 D NavStubView_Touch: updateTouchable    old=true   new=false
06-19 15:03:59.071  4258  4258 D NavStubView_Touch:   updateTouchable---requestApplyInsets
06-19 15:03:59.073  2431  4793 I WindowManagerService: Physical orientation applied, rotation=0 sfOrientation=ORIENTATION_0
06-19 15:03:59.078  4258  4386 D GestureStubView: gatherTransparentRegion: need render w:54  h:1440
06-19 15:03:59.078  2431  3388 I WindowManagerService: Physical orientation applied, rotation=0 sfOrientation=ORIENTATION_0
06-19 15:03:59.080  4258  4258 W NavStubView_Touch: onComputeInternalInsets  bounds=Rect(0, 0 - 1080, 68)   mHideGestureLine=false   mIsShowNavBar=true   mKeepHidden=false   mDisableTouch=false   mUseEmptyTouchableRegion=false
06-19 15:03:59.080  4258  4258 W NavStubView_Touch:   onComputeInternalInsets  region=SkRegion((0,0,1080,68))
06-19 15:03:59.081  4258  4386 D GestureStubView: gatherTransparentRegion: need render w:54  h:1440
06-19 15:03:59.089 30661 30744 D IdProviderImpl: getOAID from com.miui.analytics
06-19 15:03:59.095 30661 30744 D IdProviderImpl: getOAID from com.miui.analytics
06-19 15:03:59.096  4233  4233 W ContextImpl: Calling a method in the system process without a qualified user: android.app.ContextImpl.sendBroadcast:1183 android.content.ContextWrapper.sendBroadcast:489 miui.systemui.notification.stat.NotificationStatForPkg.send:22 miui.systemui.notification.stat.NotificationStatForPkg.checkFlush:14 miui.systemui.notification.stat.NotificationStatForPkg.check:1
06-19 15:03:59.097  2431  4793 W ActivityManager: Sending non-protected broadcast miui.notification.action.NOTIFICATION_STAT from system 4233:com.android.systemui/1000 pkg com.android.systemui. Callers=
06-19 15:03:59.100 30661 30744 D IdProviderImpl: getOAID from com.miui.analytics
06-19 15:03:59.114  4233  4233 E adTracker: Value pending_update of type java.lang.String cannot be converted to JSONObject
06-19 15:03:59.114  4233  4233 E adTracker: Value ranker_group of type java.lang.String cannot be converted to JSONObject
06-19 15:03:59.117 30661   568 D IdProviderImpl: getOAID from com.miui.analytics
06-19 15:03:59.122  4233  4233 E adTracker: Value pending_update1 of type java.lang.String cannot be converted to JSONObject
06-19 15:03:59.123 30661 30744 D IdProviderImpl: getOAID from com.miui.analytics
06-19 15:03:59.125 30661   571 D IdProviderImpl: getOAID from com.miui.analytics
06-19 15:03:59.128 30661   569 D IdProviderImpl: getOAID from com.miui.analytics
06-19 15:03:59.129  4233  4233 E adTracker: Value 3 of type java.lang.Integer cannot be converted to JSONObject
06-19 15:03:59.133 30661   567 D IdProviderImpl: getOAID from com.miui.analytics
06-19 15:03:59.136  1265  2358 I vendor.qti.hardware.display.composer-service: FrameNotifyProcess Sensor: notify citsensorservice to trigger cwb
06-19 15:03:59.136  2431  4483 W ActivityManager: Sending non-protected broadcast android.intent.action.APPLICATION_MESSAGE_UPDATE from system 4233:com.android.systemui/1000 pkg com.android.systemui. Callers=
06-19 15:03:59.136  2018  2111 I libcitsensorservice@2.0-impl: msg_transfer
06-19 15:03:59.136  2018  3098 D vendor.xiaomi.sensor.citsensorservice@2.0-service: handle id:9 wxh:1280x2400 uwxuh:1080x2400 size: 9216000 fd:15 fd_meta:16 flags:0x4000228 usage:0x33  format:0x3 layer_count: 1
06-19 15:03:59.136  1265  1887 I SDM     : HWCSession::SetCWBOutputBuffer: CWB config passed by cwb_client : tappoint 1  CWB_ROI : (829.000000 4.000000 915.000000 90.000000)
06-19 15:03:59.137  4233  4233 D NotificationFilterController: filter group summary suppressed key=0|com.xiaomi.market|2147483647|ranker_group|10114|ranker_group
06-19 15:03:59.139  4258  4327 I Launcher.ApplicationsMessage: onReceive false
06-19 15:03:59.139  4258  4327 I Launcher.ApplicationsMessage: update  to null
06-19 15:03:59.145  1265   575 I SDM     : HWCSession::ProcessRequests: Successfully configured CWB buffer.
06-19 15:03:59.152 30661 30744 D IdProviderImpl: getOAID from com.miui.analytics
06-19 15:03:59.152 30661   570 D IdProviderImpl: getOAID from com.miui.analytics
06-19 15:03:59.152  1265   575 I SDM     : HWCSession::ProcessRequests: Pushing release fence in fenece wait queue.
06-19 15:03:59.152  1265   575 I SDM     : HWCSession::ProcessRequests: Creating AsyncFenceWaits async thread.
06-19 15:03:59.153  1265   575 I SDM     : HWCSession::ProcessRequests: Remove current CWB request from the pending request queue.
06-19 15:03:59.153  1265   575 I SDM     : HWCSession::ProcessRequests: No pending cwb requests found in the queue.
06-19 15:03:59.157 30661   567 D IdProviderImpl: getOAID from com.miui.analytics
06-19 15:03:59.158 30661   570 D IdProviderImpl: getOAID from com.miui.analytics
06-19 15:03:59.159  1265  1584 I SDM     : HWDeviceDRM::SetupConcurrentWriteback: Tear down the Concurrent Writeback topology
06-19 15:03:59.160 30661   568 D IdProviderImpl: getOAID from com.miui.analytics
06-19 15:03:59.164  4233  4233 D StatusBar: disable<e i a s b h r c s > disable2<q i n >
06-19 15:03:59.164  4233  4233 D CollapsedStatusBarFragment: adjustDisableFlags: mStatusBarView.getState() = 0 mHideIconsForBouncer = false mWereIconsJustHidden = false, mWakeUpCoordinator.getNotificationsFullyHidden = false, mIsExpanded = false, mBypassController.getBypassEnabled = false, mStatusBarStateController.getState() = 0, mKeyguardStateController.isKeyguardGoingAway() = false, mHeadsUpManager.hasPinnedHeadsUp = false, mIsLaunchAnimationRunning = false, mHideIconsDuringLaunchAnimation = true, isFullWidth()true, mShowIconsWhenExpanded = true, mControlPanelExpand = false
06-19 15:03:59.164  5294 29648 W MiuiPerfServiceClient: interceptAndQueuing:4233|com.android.systemui|228|58|351217529728883|Slow handle traversal|11
06-19 15:03:59.165  4233  4233 D QS      : setListening false
06-19 15:03:59.166 30661   568 D IdProviderImpl: getOAID from com.miui.analytics
06-19 15:03:59.166  1265   578 I SDM     : HWCSession::NotifyCWBStatus: Notify the client about buffer status 0.
06-19 15:03:59.166  1265   578 I SDM     : HWCSession::PerformFenceWaits: Remove current release fence from the pending fence wait queue.
06-19 15:03:59.166  1265   578 I SDM     : HWCSession::PerformFenceWaits: CWB fence queue is empty. No pending release fence to wait on.
06-19 15:03:59.173  2018  3127 D libsensor-displayalgo: the value of  brightness:438.000000,R:15017343.706197,G:14350857.967971,B:15137165.524820,EVENT_C:3507.000000,EVENT_R:1428.000000,EVENT_G:1722.000000,EVENT_B:689.500000
06-19 15:03:59.174  2018  3127 I libsensor-displayalgo: the value of  Coef1:1107.681000,Coef4:2.383000, scale1:0.935522, scale4:0.923264
06-19 15:03:59.174  2018  3127 E libsensor-displayalgo: RGB_test_0407_400_oldzy!
06-19 15:03:59.175  2018  3127 I libsensor-displayalgo: the value of  RESULT995.671601,387.594517,506.961229,171.748851
06-19 15:03:59.175  2018  3127 I libsensor-displayalgo: the value of  getChannelDataCalibrated1043.907318,358.987231,589.243155,187.452314
06-19 15:03:59.175  2018  3127 I libsensor-displayalgo: the value of  REAL LUX144.284622
06-19 15:03:59.175  2018  3127 I libsensor-displayalgo: the value of  CAL REAL LUX144.284622
06-19 15:03:59.179  2431  5696 I WindowManagerService: Physical orientation applied, rotation=0 sfOrientation=ORIENTATION_0
06-19 15:03:59.185 30661   569 D IdProviderImpl: getOAID from com.miui.analytics
06-19 15:03:59.188  4233  4475 D PeopleSpaceWidgetMgr: Sbn doesn't contain valid PeopleTileKey: null/0/cn.missevan
06-19 15:03:59.204  5735  6354 I tycenter.remot: oneway function results for code 4 on binder at 0xb400007139db1ea0 will be dropped but finished with status UNKNOWN_TRANSACTION
06-19 15:03:59.209 30661 30744 D IdProviderImpl: getOAID from com.miui.analytics
06-19 15:03:59.213 30661   571 D IdProviderImpl: getOAID from com.miui.analytics
06-19 15:03:59.216  2431  4483 I WindowManagerService: Physical orientation applied, rotation=0 sfOrientation=ORIENTATION_0
06-19 15:03:59.218 30661 30744 D IdProviderImpl: getOAID from com.miui.analytics
06-19 15:03:59.219 29212 29398 D MemoryCeilingMonitor: [handleMemoryCalculate]
06-19 15:03:59.220 29212 29398 D MemoryCeilingMonitor: [calculate] tot: 6239712, max: 268435456, free: 681152, heap: 5558560, per: 0.020707249641418457
06-19 15:03:59.230 30661 30744 D IdProviderImpl: getOAID from com.miui.analytics
06-19 15:03:59.241 30661 30744 D IdProviderImpl: getOAID from com.miui.analytics
06-19 15:03:59.248 30661 30744 D IdProviderImpl: getOAID from com.miui.analytics
06-19 15:03:59.253 30661 30744 D IdProviderImpl: getOAID from com.miui.analytics
06-19 15:03:59.257 30661 30744 D IdProviderImpl: getOAID from com.miui.analytics
06-19 15:03:59.267 30661 30744 D IdProviderImpl: getOAID from com.miui.analytics
06-19 15:03:59.273 30661 30744 D IdProviderImpl: getOAID from com.miui.analytics
06-19 15:03:59.281 30661 30744 D IdProviderImpl: getOAID from com.miui.analytics
06-19 15:03:59.282  5294 29648 W MiuiPerfServiceClient: interceptAndQueuing:30559|cn.missevan|95|44|351223830864714|Slow handle traversal|4
06-19 15:03:59.285 30661 30744 D IdProviderImpl: getOAID from com.miui.analytics
06-19 15:03:59.288 30661 30744 D IdProviderImpl: getOAID from com.miui.analytics
06-19 15:03:59.292 30661 30744 D IdProviderImpl: getOAID from com.miui.analytics
06-19 15:03:59.296 30661 30744 D IdProviderImpl: getOAID from com.miui.analytics
06-19 15:03:59.300 30661 30744 D IdProviderImpl: getOAID from com.miui.analytics
06-19 15:03:59.303  2431  5693 I WindowManagerService: Physical orientation applied, rotation=0 sfOrientation=ORIENTATION_0
06-19 15:03:59.304 30661 30744 D IdProviderImpl: getOAID from com.miui.analytics
06-19 15:03:59.307 30661 30744 D IdProviderImpl: getOAID from com.miui.analytics
06-19 15:03:59.312 30661 30744 D IdProviderImpl: getOAID from com.miui.analytics
06-19 15:03:59.315 30661 30744 D IdProviderImpl: getOAID from com.miui.analytics
06-19 15:03:59.318  2431  2431 W Looper  : Slow dispatch took 106ms main h=com.android.server.notification.NotificationManagerService$WorkerHandler c=com.android.server.notification.NotificationManagerService$CancelNotificationRunnable@58c6aa2 m=0
06-19 15:03:59.318  2431  2431 W Looper  : Slow delivery took 210ms main h=com.android.server.notification.NotificationManagerService$WorkerHandler c=com.android.server.notification.NotificationManagerService$CancelNotificationRunnable@92f333 m=0
06-19 15:03:59.319 30661 30744 D IdProviderImpl: getOAID from com.miui.analytics
06-19 15:03:59.323 30661 30744 D IdProviderImpl: getOAID from com.miui.analytics
06-19 15:03:59.326 30661 30744 D IdProviderImpl: getOAID from com.miui.analytics
06-19 15:03:59.330 30661 30744 D IdProviderImpl: getOAID from com.miui.analytics
06-19 15:03:59.334 30661 30744 D IdProviderImpl: getOAID from com.miui.analytics
06-19 15:03:59.344 30661 30744 D IdProviderImpl: getOAID from com.miui.analytics
06-19 15:03:59.349 30661 30744 D IdProviderImpl: getOAID from com.miui.analytics
06-19 15:03:59.354 30559 30570 I cn.missevan: This is non sticky GC, maxfree is 8388608 minfree is 2097152
06-19 15:03:59.354 30559 30570 I cn.missevan: Background concurrent copying GC freed 437888(23MB) AllocSpace objects, 91(13MB) LOS objects, 43% free, 30MB/54MB, paused 104us,64us total 308.785ms
06-19 15:03:59.355 30661 30744 D IdProviderImpl: getOAID from com.miui.analytics
06-19 15:03:59.361 30661 30744 D IdProviderImpl: getOAID from com.miui.analytics
06-19 15:03:59.364 30661 30744 D IdProviderImpl: getOAID from com.miui.analytics
06-19 15:03:59.372 30661 30744 D IdProviderImpl: getOAID from com.miui.analytics
06-19 15:03:59.383 30661 30744 D IdProviderImpl: getOAID from com.miui.analytics
06-19 15:03:59.387 30661 30744 D IdProviderImpl: getOAID from com.miui.analytics
06-19 15:03:59.392 30661 30744 D IdProviderImpl: getOAID from com.miui.analytics
06-19 15:03:59.395 30661 30744 D IdProviderImpl: getOAID from com.miui.analytics
06-19 15:03:59.399  2431  2892 I WindowManagerService: Physical orientation applied, rotation=0 sfOrientation=ORIENTATION_0
06-19 15:03:59.401 30661 30744 D IdProviderImpl: getOAID from com.miui.analytics
06-19 15:03:59.410 30661 30744 D IdProviderImpl: getOAID from com.miui.analytics
06-19 15:03:59.414 30661 30669 I .miui.analytic: This is sticky GC, maxfree is 8388608 minfree is 2097152
06-19 15:03:59.416 30661 30744 D IdProviderImpl: getOAID from com.miui.analytics
06-19 15:03:59.421 30661 30744 D IdProviderImpl: getOAID from com.miui.analytics
06-19 15:03:59.426 30661 30744 D IdProviderImpl: getOAID from com.miui.analytics
06-19 15:03:59.434 30661 30744 D IdProviderImpl: getOAID from com.miui.analytics
06-19 15:03:59.438 30661 30744 D IdProviderImpl: getOAID from com.miui.analytics
06-19 15:03:59.438  1265  2358 I vendor.qti.hardware.display.composer-service: FrameNotifyProcess Sensor: notify citsensorservice to trigger cwb
06-19 15:03:59.438  2018  2111 I libcitsensorservice@2.0-impl: msg_transfer
06-19 15:03:59.440  2018  3098 D vendor.xiaomi.sensor.citsensorservice@2.0-service: handle id:9 wxh:1280x2400 uwxuh:1080x2400 size: 9216000 fd:15 fd_meta:16 flags:0x4000228 usage:0x33  format:0x3 layer_count: 1
06-19 15:03:59.440  1265  1887 I SDM     : HWCSession::SetCWBOutputBuffer: CWB config passed by cwb_client : tappoint 1  CWB_ROI : (829.000000 4.000000 915.000000 90.000000)
06-19 15:03:59.443  1265   585 I SDM     : HWCSession::ProcessRequests: Successfully configured CWB buffer.
06-19 15:03:59.447 30661 30744 D IdProviderImpl: getOAID from com.miui.analytics
06-19 15:03:59.449  1265   585 I SDM     : HWCSession::ProcessRequests: Pushing release fence in fenece wait queue.
06-19 15:03:59.449  1265   585 I SDM     : HWCSession::ProcessRequests: Creating AsyncFenceWaits async thread.
06-19 15:03:59.449  1265   585 I SDM     : HWCSession::ProcessRequests: Remove current CWB request from the pending request queue.
06-19 15:03:59.449  1265   585 I SDM     : HWCSession::ProcessRequests: No pending cwb requests found in the queue.
06-19 15:03:59.450  2431  2431 W ProcessStats: Tracking association SourceState{bfb3302 com.android.phone/1001 BTopFgs #132006} whose proc state 2 is better than process ProcessState{90b8413 com.xiaomi.mirror/1000 pkg=com.xiaomi.mirror} proc state 3 (61 skipped)
06-19 15:03:59.454 30661 30744 D IdProviderImpl: getOAID from com.miui.analytics
06-19 15:03:59.455  1265  1584 I SDM     : HWDeviceDRM::SetupConcurrentWriteback: Tear down the Concurrent Writeback topology
06-19 15:03:59.458 30661 30744 D IdProviderImpl: getOAID from com.miui.analytics
06-19 15:03:59.463  1265   586 I SDM     : HWCSession::NotifyCWBStatus: Notify the client about buffer status 0.
06-19 15:03:59.463  1265   586 I SDM     : HWCSession::PerformFenceWaits: Remove current release fence from the pending fence wait queue.
