12-22 11:48:45.386  6171  8555 I android_os_HwBinder: HwBinder: Starting thread pool for getting: vendor.xiaomi.hardware.micharge@1.0::IMiCharge/default
12-22 11:48:45.386  1344  1360 I vendor.xiaomi.hardware.micharge@1.0-service: ReadFilePathValue path = /sys/class/qcom-battery/night_charging value = 0
12-22 11:48:45.386  6171  8555 I ChargeProtectionUtils: getNightChargingState: 0
12-22 11:48:45.461  2475  3037 D MIUIInput: [MotionEvent] publisher action=0x4, 584429828, channel 'a6e61f2 NavigationBar0 (server)'
12-22 11:48:45.462  2475  3037 D MIUIInput: [MotionEvent] publisher action=0x4, 584429828, channel '14a5261 LauncherOverlayWindow:com.miui.personalassistant (server)'
12-22 11:48:45.462  2475  3037 D MIUIInput: [MotionEvent] publisher action=0x0, 584429828, channel '648a1ac com.miui.home/com.miui.home.launcher.Launcher (server)'
12-22 11:48:45.462  9868  9868 D EventBus: No subscribers registered for event class com.miui.home.launcher.common.messages.EndSpringAnimatorMessage
12-22 11:48:45.462  9868  9868 D EventBus: No subscribers registered for event class org.greenrobot.eventbus.NoSubscriberEvent
12-22 11:48:45.463  9868  9868 D Launcher.Feed: touchState : 0 scrolling : false normalEditing : false WidgetThumbnailViewShowing : false UninstallDialogShowing : false isMinusScreenShowing: false
12-22 11:48:45.464  9868  9868 D Launcher.StatusBarController: try intercept touch, isProxySurvive=true
12-22 11:48:45.465  9868  9868 D Launcher.Workspace: Workspace touch down
12-22 11:48:45.465  9868  9868 D ScreenView_Workspace: onIntercept:0.0
12-22 11:48:45.465  9868  9868 D ScreenView_Workspace: not intercept
12-22 11:48:45.465  9868 10229 D Launcher.Boost: bindcore 200
12-22 11:48:45.480  9868 10228 D MiBridge: requestCpuHighFreq---- uid: 10079 level: 1 timeoutms:400
12-22 11:48:45.481  1914  1940 W MiuiBooster: "MiuiBoosterService requestCpuHighFreq: 10079, 1, 400"
12-22 11:48:45.481  1914  1940 W MiuiBooster: "requestCpuHighFreq,final level:1,final timeoutms:400"
12-22 11:48:45.481  1914  1940 W MiuiBooster: "perf_hint_hc start"
12-22 11:48:45.481  1914  1940 W MiuiBooster: "big_core_value[level-1]:4095"
12-22 11:48:45.481  1914  1940 W MiuiBooster: "little_core_value[level-1]:4095"
12-22 11:48:45.481  1914  1940 W MiuiBooster: "prime_core_value[level - 1]:4095"
12-22 11:48:45.477  1267  1267 W perf-hal-servic: type=1400 audit(0.0:120234): avc: denied { search } for name="1914" dev="proc" ino=21930507 scontext=u:r:vendor_hal_perf_default:s0 tcontext=u:r:miuibooster:s0 tclass=dir permissive=0
12-22 11:48:45.477  1267  1267 W perf-hal-servic: type=1400 audit(0.0:120235): avc: denied { search } for name="1914" dev="proc" ino=21930507 scontext=u:r:vendor_hal_perf_default:s0 tcontext=u:r:miuibooster:s0 tclass=dir permissive=0
12-22 11:48:45.482  1914  1940 W MiuiBooster: "perf_handle:253098"
12-22 11:48:45.482  9868 10228 D MiBridge: requestCpuHighFreq handle: 1
12-22 11:48:45.482  9868 10228 D Launcher_CPUBooster: boostCpuToMax:0
12-22 11:48:45.486  2475  2677 D PerfImpl: perfGetWorkLoadType
12-22 11:48:45.486  1251  2448 I vendor.qti.hardware.display.composer-service: FrameNotifyProcess Sensor: notify citsensorservice to trigger cwb
12-22 11:48:45.486  2475  2677 D PerfImpl: perfScrollBoost: com.miui.home, -1, 4
12-22 11:48:45.486  2027  2097 I libcitsensorservice@2.0-impl: msg_transfer
12-22 11:48:45.487  2475  2677 D PerfImpl: perfGetWorkLoadType
12-22 11:48:45.488  2027  3266 D vendor.xiaomi.sensor.citsensorservice@2.0-service: handle id:10 wxh:1280x2400 uwxuh:1080x2400 size: 9216000 fd:15 fd_meta:16 flags:0x4000228 usage:0x33  format:0x3 layer_count: 1
12-22 11:48:45.489  1251  2215 I SDM     : HWCSession::SetCWBOutputBuffer: CWB config passed by cwb_client : tappoint 1  CWB_ROI : (829.000000 4.000000 915.000000 90.000000)
12-22 11:48:45.490  4176  4247 D HomeWallpaperRenderer: OFFSET  x: 0.5101852  y: 0.0
12-22 11:48:45.490  4176  4881 W OpenGLRenderer: Surface doesn't have any previously queued frames, nothing to readback from
12-22 11:48:45.491  2475  2677 D PerfImpl: perfDragBoost: com.miui.home, -1, 1
12-22 11:48:45.498  4176  4247 D HomeWallpaperRenderer: OFFSET  x: 0.5222222  y: 0.0
12-22 11:48:45.498  4176  4881 W OpenGLRenderer: Surface doesn't have any previously queued frames, nothing to readback from
12-22 11:48:45.506  4176  4247 D HomeWallpaperRenderer: OFFSET  x: 0.537037  y: 0.0
12-22 11:48:45.506  4176  4881 W OpenGLRenderer: Surface doesn't have any previously queued frames, nothing to readback from
12-22 11:48:45.515  4176  4247 D HomeWallpaperRenderer: OFFSET  x: 0.5574074  y: 0.0
12-22 11:48:45.522  4176  4247 D HomeWallpaperRenderer: OFFSET  x: 0.57824075  y: 0.0
12-22 11:48:45.529  1251 29271 I SDM     : HWCSession::ProcessRequests: Successfully configured CWB buffer.
12-22 11:48:45.532  4176  4247 D HomeWallpaperRenderer: OFFSET  x: 0.60462964  y: 0.0
12-22 11:48:45.537  1251 29271 I SDM     : HWCSession::ProcessRequests: Pushing release fence in fenece wait queue.
12-22 11:48:45.537  1251 29271 I SDM     : HWCSession::ProcessRequests: Creating AsyncFenceWaits async thread.
12-22 11:48:45.537  1251 29271 I SDM     : HWCSession::ProcessRequests: Remove current CWB request from the pending request queue.
12-22 11:48:45.537  1251 29271 I SDM     : HWCSession::ProcessRequests: No pending cwb requests found in the queue.
12-22 11:48:45.539  2475  3037 D MIUIInput: [MotionEvent] publisher action=0x1, 584429907, channel '648a1ac com.miui.home/com.miui.home.launcher.Launcher (server)'
12-22 11:48:45.540  9868  9868 D Launcher.Workspace: Workspace touch up or cancel
12-22 11:48:45.540  9868  9868 D ScreenView_Workspace: on touch up
12-22 11:48:45.540  9868  9868 D ScreenView_Workspace: snapByVelocity
12-22 11:48:45.540  9868  9868 D ScreenView_Workspace: startScroll:2160
12-22 11:48:45.540  2475  2677 D PerfImpl: perfGetWorkLoadType
12-22 11:48:45.541  2475  2677 D PerfImpl: perfScrollBoost: com.miui.home, 1371, 2
12-22 11:48:45.542  2475  2677 D PerfImpl: perfGetWorkLoadType
12-22 11:48:45.543  2475  2677 D PerfImpl: perfScrollBoost: com.miui.home, -1, 4
12-22 11:48:45.543  2475  2677 D PerfImpl: perfGetWorkLoadType
12-22 11:48:45.543  4176  4247 D HomeWallpaperRenderer: OFFSET  x: 0.6287037  y: 0.0
12-22 11:48:45.543  2475  2677 D PerfImpl: perfLockRelease
12-22 11:48:45.544  1251  1467 I SDM     : HWDeviceDRM::SetupConcurrentWriteback: Tear down the Concurrent Writeback topology
12-22 11:48:45.545  9868 10058 D StatusBarController: handleMessage: flag 800000  disable false
12-22 11:48:45.547  9868  9868 D Launcher_WallpaperUtils: changeStatusBarMode:false
12-22 11:48:45.551  1251 29272 I SDM     : HWCSession::NotifyCWBStatus: Notify the client about buffer status 0.
12-22 11:48:45.551  1251 29272 I SDM     : HWCSession::PerformFenceWaits: Remove current release fence from the pending fence wait queue.
12-22 11:48:45.551  1251 29272 I SDM     : HWCSession::PerformFenceWaits: CWB fence queue is empty. No pending release fence to wait on.
12-22 11:48:45.555  4176  4247 D HomeWallpaperRenderer: OFFSET  x: 0.6564815  y: 0.0
12-22 11:48:45.563  4176  4247 D HomeWallpaperRenderer: OFFSET  x: 0.6837963  y: 0.0
12-22 11:48:45.571  4176  4247 D HomeWallpaperRenderer: OFFSET  x: 0.7111111  y: 0.0
12-22 11:48:45.579  4176  4247 D HomeWallpaperRenderer: OFFSET  x: 0.73703706  y: 0.0
12-22 11:48:45.590  4176  4247 D HomeWallpaperRenderer: OFFSET  x: 0.76203704  y: 0.0
12-22 11:48:45.593  2773  2789 I ystemAdSolutio: This is sticky GC, maxfree is 8388608 minfree is 2097152
12-22 11:48:45.594  2773  2865 W AD-PLUGIN-InternalPreInstallImplV2: title= image already exit!
12-22 11:48:45.598  4176  4247 D HomeWallpaperRenderer: OFFSET  x: 0.7888889  y: 0.0
12-22 11:48:45.600  2773  2865 W AD-PLUGIN-InternalPreInstallImplV2: title= image already exit!
12-22 11:48:45.602  2773  2865 W AD-PLUGIN-InternalPreInstallImplV2: title=- image already exit!
12-22 11:48:45.604  4176  4247 D HomeWallpaperRenderer: OFFSET  x: 0.81064814  y: 0.0
12-22 11:48:45.608  2773  2865 W AD-PLUGIN-InternalPreInstallImplV2: title=- image already exit!
12-22 11:48:45.612  4176  4247 D HomeWallpaperRenderer: OFFSET  x: 0.8310185  y: 0.0
12-22 11:48:45.621  4176  4247 D HomeWallpaperRenderer: OFFSET  x: 0.849537  y: 0.0
12-22 11:48:45.629  4176  4247 D HomeWallpaperRenderer: OFFSET  x: 0.8671296  y: 0.0
12-22 11:48:45.633  2773  2865 W AD-PLUGIN-InternalPreInstallImplV2: title=- image already exit!
12-22 11:48:45.636  2773  2865 W AD-PLUGIN-InternalPreInstallImplV2: title=2- image already exit!
12-22 11:48:45.637  4176  4247 D HomeWallpaperRenderer: OFFSET  x: 0.88472223  y: 0.0
12-22 11:48:45.638  2773  2865 W AD-PLUGIN-InternalPreInstallImplV2: title=-150 image already exit!
12-22 11:48:45.642  2773  2865 W AD-PLUGIN-InternalPreInstallImplV2: title=- image already exit!
12-22 11:48:45.644  9868 29265 W BpBinder: PerfMonitor binderTransact :  time=412ms interface=com.miui.msa.internal.preinstall.v2.IInternalPreInstallAdV2 code=1
12-22 11:48:45.650  9868 11305 D Launcher.RecommendController: Guess AdInfoList 30
12-22 11:48:45.650  9868 11305 D Launcher.CommercialCommons: before filter data, data size = 30
12-22 11:48:45.651  9868 11305 D Launcher.CommercialCommons: after filter error data, valid data size = 30
12-22 11:48:45.651  9868 11305 D Launcher.CommercialCommons: after filter duplicate data, the remaining data size = 30
12-22 11:48:45.651  4176  4247 D HomeWallpaperRenderer: OFFSET  x: 0.8986111  y: 0.0
12-22 11:48:45.652  9868 11305 D Launcher.CommercialCommons: after filter installed apps, the final remaining data size = 30
12-22 11:48:45.653  9868  9868 D Launcher.RecommendController: set cacheEnd time1671682725653
12-22 11:48:45.653  9868  9868 D Launcher.RecommendController: set expire time-1
12-22 11:48:45.653  9868  9868 D Launcher.RecommendController: clearIconResInContents
12-22 11:48:45.658  4176  4247 D HomeWallpaperRenderer: OFFSET  x: 0.9111111  y: 0.0
12-22 11:48:45.658 20304 20444 D IdProviderImpl: getOAID from com.miui.analytics
12-22 11:48:45.663  4176  4247 D HomeWallpaperRenderer: OFFSET  x: 0.9226852  y: 0.0
12-22 11:48:45.665 20304 20444 D IdProviderImpl: getOAID from com.miui.analytics
12-22 11:48:45.667  9868 10229 D Launcher.Boost: bindcore 75
12-22 11:48:45.670  2475  3650 I MiuiNetworkPolicyTrafficLimit: updateWhiteListUidForMobileTraffic uid=10119,add=false
12-22 11:48:45.671  2475  3650 D MiuiNetworkPolicyTrafficLimit: updateWhiteListUidForMobileTraffic rst=true
12-22 11:48:45.672  4176  4247 D HomeWallpaperRenderer: OFFSET  x: 0.93425924  y: 0.0
12-22 11:48:45.678  4176  4247 D HomeWallpaperRenderer: OFFSET  x: 0.94305557  y: 0.0
12-22 11:48:45.686  4176  4247 D HomeWallpaperRenderer: OFFSET  x: 0.95092595  y: 0.0
12-22 11:48:45.694  4176  4247 D HomeWallpaperRenderer: OFFSET  x: 0.95787036  y: 0.0
12-22 11:48:45.704  4176  4247 D HomeWallpaperRenderer: OFFSET  x: 0.96435183  y: 0.0
12-22 11:48:45.712  4176  4247 D HomeWallpaperRenderer: OFFSET  x: 0.97037035  y: 0.0
12-22 11:48:45.719  4176  4247 D HomeWallpaperRenderer: OFFSET  x: 0.975  y: 0.0
12-22 11:48:45.727  4176  4247 D HomeWallpaperRenderer: OFFSET  x: 0.9791667  y: 0.0
12-22 11:48:45.735  4176  4247 D HomeWallpaperRenderer: OFFSET  x: 0.9824074  y: 0.0
12-22 11:48:45.744  4176  4247 D HomeWallpaperRenderer: OFFSET  x: 0.98564816  y: 0.0
12-22 11:48:45.752  4176  4247 D HomeWallpaperRenderer: OFFSET  x: 0.9884259  y: 0.0
12-22 11:48:45.760  4176  4247 D HomeWallpaperRenderer: OFFSET  x: 0.9907407  y: 0.0
12-22 11:48:45.768  4176  4247 D HomeWallpaperRenderer: OFFSET  x: 0.9925926  y: 0.0
12-22 11:48:45.777  4176  4247 D HomeWallpaperRenderer: OFFSET  x: 0.9939815  y: 0.0
12-22 11:48:45.781  2027  3285 D libsensor-displayalgo: the value of  brightness:369.000000,R:49264592.218442,G:48705179.087082,B:45265753.212993,EVENT_C:2925.000000,EVENT_R:1200.000000,EVENT_G:1564.500000,EVENT_B:638.500000
12-22 11:48:45.781  2027  3285 I libsensor-displayalgo: the value of  Coef1:1107.681000,Coef4:2.383000, scale1:0.935522, scale4:0.923264
12-22 11:48:45.781  2027  3285 E libsensor-displayalgo: RGB_test_0407_400_oldzy!
12-22 11:48:45.781  2027  3285 I libsensor-displayalgo: the value of  RESULT2047.314414,806.204921,1019.318284,362.028908
12-22 11:48:45.781  2027  3285 I libsensor-displayalgo: the value of  getChannelDataCalibrated2136.546648,748.162063,1175.569254,391.887222
12-22 11:48:45.781  2027  3285 I libsensor-displayalgo: the value of  REAL LUX36.272301
12-22 11:48:45.781  2027  3285 I libsensor-displayalgo: the value of  CAL REAL LUX36.272301
12-22 11:48:45.785  4176  4247 D HomeWallpaperRenderer: OFFSET  x: 0.9953704  y: 0.0
12-22 11:48:45.790  1251  2448 I vendor.qti.hardware.display.composer-service: FrameNotifyProcess Sensor: notify citsensorservice to trigger cwb
12-22 11:48:45.790  2027  2027 I libcitsensorservice@2.0-impl: msg_transfer
12-22 11:48:45.790  2027  3266 D vendor.xiaomi.sensor.citsensorservice@2.0-service: handle id:10 wxh:1280x2400 uwxuh:1080x2400 size: 9216000 fd:15 fd_meta:16 flags:0x4000228 usage:0x33  format:0x3 layer_count: 1
12-22 11:48:45.790  1251  2215 I SDM     : HWCSession::SetCWBOutputBuffer: CWB config passed by cwb_client : tappoint 1  CWB_ROI : (829.000000 4.000000 915.000000 90.000000)
12-22 11:48:45.794  4176  4247 D HomeWallpaperRenderer: OFFSET  x: 0.9962963  y: 0.0
12-22 11:48:45.802  4176  4247 D HomeWallpaperRenderer: OFFSET  x: 0.99722224  y: 0.0
12-22 11:48:45.810  4176  4247 D HomeWallpaperRenderer: OFFSET  x: 0.99814814  y: 0.0
12-22 11:48:45.811  1251 29291 I SDM     : HWCSession::ProcessRequests: Successfully configured CWB buffer.
12-22 11:48:45.816  1251 29291 I SDM     : HWCSession::ProcessRequests: Pushing release fence in fenece wait queue.
12-22 11:48:45.816  1251 29291 I SDM     : HWCSession::ProcessRequests: Creating AsyncFenceWaits async thread.
12-22 11:48:45.816  1251 29291 I SDM     : HWCSession::ProcessRequests: Remove current CWB request from the pending request queue.
12-22 11:48:45.817  1251 29291 I SDM     : HWCSession::ProcessRequests: No pending cwb requests found in the queue.
12-22 11:48:45.818  4176  4247 D HomeWallpaperRenderer: OFFSET  x: 0.9986111  y: 0.0
12-22 11:48:45.823  1251  1467 I SDM     : HWDeviceDRM::SetupConcurrentWriteback: Tear down the Concurrent Writeback topology
12-22 11:48:45.828  4176  4247 D HomeWallpaperRenderer: OFFSET  x: 0.9990741  y: 0.0
12-22 11:48:45.831  1251 29292 I SDM     : HWCSession::NotifyCWBStatus: Notify the client about buffer status 0.
12-22 11:48:45.831  1251 29292 I SDM     : HWCSession::PerformFenceWaits: Remove current release fence from the pending fence wait queue.
12-22 11:48:45.831  1251 29292 I SDM     : HWCSession::PerformFenceWaits: CWB fence queue is empty. No pending release fence to wait on.
12-22 11:48:45.835  4176  4247 D HomeWallpaperRenderer: OFFSET  x: 0.99953705  y: 0.0
12-22 11:48:45.841  9868  9868 D ScreenView_Workspace: setCurrentScreenInner:2
12-22 11:48:45.841  9868  9868 D EventBus: No subscribers registered for event class com.miui.home.launcher.common.messages.CurrentScreenIdMessage
12-22 11:48:45.841  9868  9868 D EventBus: No subscribers registered for event class org.greenrobot.eventbus.NoSubscriberEvent
12-22 11:48:45.841  9868  9868 D Launcher.UserPresentAnimation: checkMissingIcon
12-22 11:48:45.843  4176  4247 D HomeWallpaperRenderer: OFFSET  x: 1.0  y: 0.0
12-22 11:48:45.843  4176  4881 W OpenGLRenderer: Surface doesn't have any previously queued frames, nothing to readback from
12-22 11:48:45.937  2773  2789 I ystemAdSolutio: This is non sticky GC, maxfree is 8388608 minfree is 2097152
12-22 11:48:45.943  9868 10058 D StatusBarController: handleMessage: flag 800000  disable false
12-22 11:48:45.943  9868  9868 D Launcher_WallpaperUtils: changeStatusBarMode:false
12-22 11:48:45.969  5773  8966 D SLM-SRV-SLAService: checktemp temperature = 32635 temperature_average = 32843 isPerformanceMode = false thermal_enable_slm = true
12-22 11:48:45.993  1267  5427 E ANDR-PERF-LM: SilkyScrolls: emptyContentDetection() 636: empty Content found
12-22 11:48:46.018  1251  2448 I vendor.qti.hardware.display.composer-service: FrameNotifyProcess Sensor: notify citsensorservice to trigger cwb
12-22 11:48:46.019  2027  2027 I libcitsensorservice@2.0-impl: msg_transfer
12-22 11:48:46.019  2027  3266 D vendor.xiaomi.sensor.citsensorservice@2.0-service: handle id:10 wxh:1280x2400 uwxuh:1080x2400 size: 9216000 fd:15 fd_meta:16 flags:0x4000228 usage:0x33  format:0x3 layer_count: 1
12-22 11:48:46.020  1251  2215 I SDM     : HWCSession::SetCWBOutputBuffer: CWB config passed by cwb_client : tappoint 1  CWB_ROI : (829.000000 4.000000 915.000000 90.000000)
12-22 11:48:46.021  1251 29293 I SDM     : HWCSession::ProcessRequests: Successfully configured CWB buffer.
12-22 11:48:46.042  1251 29293 I SDM     : HWCSession::ProcessRequests: Pushing release fence in fenece wait queue.
12-22 11:48:46.042  1251 29293 I SDM     : HWCSession::ProcessRequests: Creating AsyncFenceWaits async thread.
12-22 11:48:46.043  1251 29293 I SDM     : HWCSession::ProcessRequests: Remove current CWB request from the pending request queue.
12-22 11:48:46.043  1251 29293 I SDM     : HWCSession::ProcessRequests: No pending cwb requests found in the queue.
12-22 11:48:46.045  1251  1467 I SDM     : HWDeviceDRM::SetupConcurrentWriteback: Tear down the Concurrent Writeback topology
12-22 11:48:46.063  1251 29295 I SDM     : HWCSession::NotifyCWBStatus: Notify the client about buffer status 0.
12-22 11:48:46.064  1251 29295 I SDM     : HWCSession::PerformFenceWaits: Remove current release fence from the pending fence wait queue.
12-22 11:48:46.064  1251 29295 I SDM     : HWCSession::PerformFenceWaits: CWB fence queue is empty. No pending release fence to wait on.
12-22 11:48:46.082  2027  3285 D libsensor-displayalgo: the value of  brightness:369.000000,R:49264592.218442,G:48705179.087082,B:45265753.212993,EVENT_C:2923.000000,EVENT_R:1201.500000,EVENT_G:1563.000000,EVENT_B:637.500000
12-22 11:48:46.082  2027  3285 I libsensor-displayalgo: the value of  Coef1:1107.681000,Coef4:2.383000, scale1:0.935522, scale4:0.923264
12-22 11:48:46.082  2027  3285 E libsensor-displayalgo: RGB_test_0407_400_oldzy!
12-22 11:48:46.083  2027  3285 I libsensor-displayalgo: the value of  RESULT2047.314414,806.204921,1019.318284,362.028908
12-22 11:48:46.083  2027  3285 I libsensor-displayalgo: the value of  getChannelDataCalibrated2136.546648,748.162063,1175.569254,391.887222
12-22 11:48:46.083  2027  3285 I libsensor-displayalgo: the value of  REAL LUX36.087574
12-22 11:48:46.083  2027  3285 I libsensor-displayalgo: the value of  CAL REAL LUX36.087574
12-22 11:48:46.124  2773  2789 I ystemAdSolutio: This is sticky GC, maxfree is 8388608 minfree is 2097152
12-22 11:48:46.223  2773  2789 I ystemAdSolutio: This is non sticky GC, maxfree is 8388608 minfree is 2097152
12-22 11:48:46.383  2027  3285 D libsensor-displayalgo: the value of  brightness:369.000000,R:49264592.218442,G:48705179.087082,B:45265753.212993,EVENT_C:2923.000000,EVENT_R:1201.500000,EVENT_G:1563.000000,EVENT_B:637.500000
12-22 11:48:46.383  2027  3285 I libsensor-displayalgo: the value of  Coef1:1107.681000,Coef4:2.383000, scale1:0.935522, scale4:0.923264
12-22 11:48:46.383  2027  3285 E libsensor-displayalgo: RGB_test_0407_400_oldzy!
12-22 11:48:46.384  2027  3285 I libsensor-displayalgo: the value of  RESULT2047.314414,806.204921,1019.318284,362.028908
12-22 11:48:46.384  2027  3285 I libsensor-displayalgo: the value of  getChannelDataCalibrated2136.546648,748.162063,1175.569254,391.887222
12-22 11:48:46.384  2027  3285 I libsensor-displayalgo: the value of  REAL LUX36.087574
12-22 11:48:46.384  2027  3285 I libsensor-displayalgo: the value of  CAL REAL LUX36.087574
12-22 11:48:46.563  2773  2789 I ystemAdSolutio: This is sticky GC, maxfree is 8388608 minfree is 2097152
12-22 11:48:46.683  2027  3285 D libsensor-displayalgo: the value of  brightness:369.000000,R:49264592.218442,G:48705179.087082,B:45265753.212993,EVENT_C:2923.000000,EVENT_R:1201.500000,EVENT_G:1563.000000,EVENT_B:637.500000
12-22 11:48:46.683  2027  3285 I libsensor-displayalgo: the value of  Coef1:1107.681000,Coef4:2.383000, scale1:0.935522, scale4:0.923264
12-22 11:48:46.683  2027  3285 E libsensor-displayalgo: RGB_test_0407_400_oldzy!
12-22 11:48:46.684  2027  3285 I libsensor-displayalgo: the value of  RESULT2047.314414,806.204921,1019.318284,362.028908
12-22 11:48:46.684  2027  3285 I libsensor-displayalgo: the value of  getChannelDataCalibrated2136.546648,748.162063,1175.569254,391.887222
12-22 11:48:46.684  2027  3285 I libsensor-displayalgo: the value of  REAL LUX36.087574
12-22 11:48:46.684  2027  3285 I libsensor-displayalgo: the value of  CAL REAL LUX36.087574
12-22 11:48:46.958  1251  2215 I SDM     : HWCDisplay::SetActiveConfigWithConstraints: config: 0, WxH 1080x2400, fps 60
12-22 11:48:46.959  1251  2215 W SDM     : HWDeviceDRM::GetSupportedBitClkRate: Requested rate not supported: 831000000
12-22 11:48:46.959  1251  2215 I SDM     : HWDeviceDRM::UpdateMixerAttributes: Mixer WxH 1080x2400-0 for Peripheral
12-22 11:48:46.960  1251  2215 I SDM     : HWCDisplay::SubmitDisplayConfig: Active configuration changed from config 1 to 0
12-22 11:48:46.960  1251  2215 I SDM     : HWCDisplay::SubmitDisplayConfig: Active WxH 1080x2400 fps 60
12-22 11:48:46.962  1251  1467 I SDM     : HWDeviceDRM::SetupAtomic: Setting mode: WxH: 1080x2400, vrefresh: 60, hskew: 0
12-22 11:48:46.962  1251  2448 I vendor.qti.hardware.display.composer-service: FrameNotifyProcess Sensor: notify citsensorservice to trigger cwb
12-22 11:48:46.963  2027  4130 I libcitsensorservice@2.0-impl: msg_transfer
12-22 11:48:46.963  2027  3266 D vendor.xiaomi.sensor.citsensorservice@2.0-service: handle id:10 wxh:1280x2400 uwxuh:1080x2400 size: 9216000 fd:15 fd_meta:16 flags:0x4000228 usage:0x33  format:0x3 layer_count: 1
12-22 11:48:46.964  1251  2215 I SDM     : HWCSession::SetCWBOutputBuffer: CWB config passed by cwb_client : tappoint 1  CWB_ROI : (829.000000 4.000000 915.000000 90.000000)
12-22 11:48:46.965  1251 29298 I SDM     : HWCSession::ProcessRequests: Successfully configured CWB buffer.
12-22 11:48:46.967  1328  2240 D FPSMonitor: threadFuncFpsMonitor display 0, fps 60
12-22 11:48:46.967  2027  3267 I libsensor-displayalgo: displayInfoCallback::display info won't handle!!!
12-22 11:48:46.981  2027  3285 D libsensor-displayalgo: the value of  brightness:369.000000,R:49264592.218442,G:48705179.087082,B:45265753.212993,EVENT_C:2923.000000,EVENT_R:1201.500000,EVENT_G:1563.000000,EVENT_B:637.500000
12-22 11:48:46.981  2027  3285 I libsensor-displayalgo: the value of  Coef1:1107.681000,Coef4:2.383000, scale1:0.935522, scale4:0.923264
12-22 11:48:46.982  2027  3285 E libsensor-displayalgo: RGB_test_0407_400_oldzy!
12-22 11:48:46.982  2027  3285 I libsensor-displayalgo: the value of  RESULT2047.314414,806.204921,1019.318284,362.028908
12-22 11:48:46.982  2027  3285 I libsensor-displayalgo: the value of  getChannelDataCalibrated2136.546648,748.162063,1175.569254,391.887222
12-22 11:48:46.982  2027  3285 I libsensor-displayalgo: the value of  REAL LUX36.087574
12-22 11:48:46.982  2027  3285 I libsensor-displayalgo: the value of  CAL REAL LUX36.087574
12-22 11:48:47.007  1251 29298 I SDM     : HWCSession::ProcessRequests: Pushing release fence in fenece wait queue.
12-22 11:48:47.007  1251 29298 I SDM     : HWCSession::ProcessRequests: Creating AsyncFenceWaits async thread.
12-22 11:48:47.007  1251 29298 I SDM     : HWCSession::ProcessRequests: Remove current CWB request from the pending request queue.
12-22 11:48:47.007  1251 29298 I SDM     : HWCSession::ProcessRequests: No pending cwb requests found in the queue.
12-22 11:48:47.010  1251  1467 I SDM     : HWDeviceDRM::SetupConcurrentWriteback: Tear down the Concurrent Writeback topology
12-22 11:48:47.017  1251 29299 I SDM     : HWCSession::NotifyCWBStatus: Notify the client about buffer status 0.
12-22 11:48:47.017  1251 29299 I SDM     : HWCSession::PerformFenceWaits: Remove current release fence from the pending fence wait queue.
12-22 11:48:47.017  1251 29299 I SDM     : HWCSession::PerformFenceWaits: CWB fence queue is empty. No pending release fence to wait on.
12-22 11:48:47.383  2027  3285 D libsensor-displayalgo: the value of  brightness:369.000000,R:49264592.218442,G:48705179.087082,B:45265753.212993,EVENT_C:2926.000000,EVENT_R:1201.000000,EVENT_G:1567.000000,EVENT_B:635.000000
12-22 11:48:47.384  2027  3285 I libsensor-displayalgo: the value of  Coef1:1107.681000,Coef4:2.383000, scale1:0.935522, scale4:0.923264
12-22 11:48:47.384  2027  3285 E libsensor-displayalgo: RGB_test_0407_400_oldzy!
12-22 11:48:47.384  2027  3285 I libsensor-displayalgo: the value of  RESULT2047.314414,806.204921,1019.318284,362.028908
12-22 11:48:47.384  2027  3285 I libsensor-displayalgo: the value of  getChannelDataCalibrated2136.546648,748.162063,1175.569254,391.887222
12-22 11:48:47.384  2027  3285 I libsensor-displayalgo: the value of  REAL LUX36.703239
12-22 11:48:47.384  2027  3285 I libsensor-displayalgo: the value of  CAL REAL LUX36.703239
12-22 11:48:47.527  2475  3663 D ConnectivityService: NetReassign [no changes]
12-22 11:48:47.566  1251  2448 I vendor.qti.hardware.display.composer-service: FrameNotifyProcess Sensor: notify citsensorservice to trigger cwb
12-22 11:48:47.566  2027  2027 I libcitsensorservice@2.0-impl: msg_transfer
12-22 11:48:47.567  2027  3266 D vendor.xiaomi.sensor.citsensorservice@2.0-service: handle id:10 wxh:1280x2400 uwxuh:1080x2400 size: 9216000 fd:15 fd_meta:16 flags:0x4000228 usage:0x33  format:0x3 layer_count: 1
12-22 11:48:47.568  1251  2215 I SDM     : HWCSession::SetCWBOutputBuffer: CWB config passed by cwb_client : tappoint 1  CWB_ROI : (829.000000 4.000000 915.000000 90.000000)
12-22 11:48:47.569  1251 29301 I SDM     : HWCSession::ProcessRequests: Successfully configured CWB buffer.
12-22 11:48:47.585  1251 29301 I SDM     : HWCSession::ProcessRequests: Pushing release fence in fenece wait queue.
12-22 11:48:47.585  1251 29301 I SDM     : HWCSession::ProcessRequests: Creating AsyncFenceWaits async thread.
12-22 11:48:47.586  1251 29301 I SDM     : HWCSession::ProcessRequests: Remove current CWB request from the pending request queue.
12-22 11:48:47.586  1251 29301 I SDM     : HWCSession::ProcessRequests: No pending cwb requests found in the queue.
12-22 11:48:47.602  1251  1467 I SDM     : HWDeviceDRM::SetupConcurrentWriteback: Tear down the Concurrent Writeback topology
12-22 11:48:47.607  1251 29302 I SDM     : HWCSession::NotifyCWBStatus: Notify the client about buffer status 0.
12-22 11:48:47.607  1251 29302 I SDM     : HWCSession::PerformFenceWaits: Remove current release fence from the pending fence wait queue.
12-22 11:48:47.607  1251 29302 I SDM     : HWCSession::PerformFenceWaits: CWB fence queue is empty. No pending release fence to wait on.
12-22 11:48:47.683  2027  3285 D libsensor-displayalgo: the value of  brightness:369.000000,R:49265920.314967,G:48706179.588531,B:45266231.422300,EVENT_C:2932.000000,EVENT_R:1201.500000,EVENT_G:1569.000000,EVENT_B:635.000000
12-22 11:48:47.683  2027  3285 I libsensor-displayalgo: the value of  Coef1:1107.681000,Coef4:2.383000, scale1:0.935522, scale4:0.923264
12-22 11:48:47.683  2027  3285 E libsensor-displayalgo: RGB_test_0407_400_oldzy!
12-22 11:48:47.684  2027  3285 I libsensor-displayalgo: the value of  RESULT2047.345336,806.218968,1019.331767,362.033849
12-22 11:48:47.684  2027  3285 I libsensor-displayalgo: the value of  getChannelDataCalibrated2136.578918,748.175099,1175.584805,391.892570
12-22 11:48:47.684  2027  3285 I libsensor-displayalgo: the value of  REAL LUX37.196777
12-22 11:48:47.684  2027  3285 I libsensor-displayalgo: the value of  CAL REAL LUX37.196777
12-22 11:48:47.983  2027  3285 D libsensor-displayalgo: the value of  brightness:369.000000,R:49265920.314967,G:48706179.588531,B:45266231.422300,EVENT_C:2932.000000,EVENT_R:1201.500000,EVENT_G:1569.000000,EVENT_B:635.000000
12-22 11:48:47.983  2027  3285 I libsensor-displayalgo: the value of  Coef1:1107.681000,Coef4:2.383000, scale1:0.935522, scale4:0.923264
12-22 11:48:47.983  2027  3285 E libsensor-displayalgo: RGB_test_0407_400_oldzy!
12-22 11:48:47.984  2027  3285 I libsensor-displayalgo: the value of  RESULT2047.345336,806.218968,1019.331767,362.033849
12-22 11:48:47.984  2027  3285 I libsensor-displayalgo: the value of  getChannelDataCalibrated2136.578918,748.175099,1175.584805,391.892570
12-22 11:48:47.984  2027  3285 I libsensor-displayalgo: the value of  REAL LUX37.196777
12-22 11:48:47.984  2027  3285 I libsensor-displayalgo: the value of  CAL REAL LUX37.196777
12-22 11:48:48.283  2027  3285 D libsensor-displayalgo: the value of  brightness:369.000000,R:49265920.314967,G:48706179.588531,B:45266231.422300,EVENT_C:2932.000000,EVENT_R:1201.500000,EVENT_G:1569.000000,EVENT_B:635.000000
12-22 11:48:48.284  2027  3285 I libsensor-displayalgo: the value of  Coef1:1107.681000,Coef4:2.383000, scale1:0.935522, scale4:0.923264
12-22 11:48:48.284  2027  3285 E libsensor-displayalgo: RGB_test_0407_400_oldzy!
12-22 11:48:48.285  2027  3285 I libsensor-displayalgo: the value of  RESULT2047.345336,806.218968,1019.331767,362.033849
12-22 11:48:48.285  2027  3285 I libsensor-displayalgo: the value of  getChannelDataCalibrated2136.578918,748.175099,1175.584805,391.892570
12-22 11:48:48.285  2027  3285 I libsensor-displayalgo: the value of  REAL LUX37.196777
12-22 11:48:48.285  2027  3285 I libsensor-displayalgo: the value of  CAL REAL LUX37.196777
12-22 11:48:48.352 26819 27025 D AudioTrack: [audioTrackData][fine] 15s(f:15372 m:1 s:1 k:0) : pid 26819 uid 10269 sessionId 7353 sr 44100 ch 2 fmt 1
12-22 11:48:48.583  2027  3285 D libsensor-displayalgo: the value of  brightness:369.000000,R:49265920.314967,G:48706179.588531,B:45266231.422300,EVENT_C:2932.000000,EVENT_R:1201.500000,EVENT_G:1569.000000,EVENT_B:635.000000
12-22 11:48:48.583  2027  3285 I libsensor-displayalgo: the value of  Coef1:1107.681000,Coef4:2.383000, scale1:0.935522, scale4:0.923264
12-22 11:48:48.583  2027  3285 E libsensor-displayalgo: RGB_test_0407_400_oldzy!
12-22 11:48:48.584  2027  3285 I libsensor-displayalgo: the value of  RESULT2047.345336,806.218968,1019.331767,362.033849
12-22 11:48:48.584  2027  3285 I libsensor-displayalgo: the value of  getChannelDataCalibrated2136.578918,748.175099,1175.584805,391.892570
12-22 11:48:48.584  2027  3285 I libsensor-displayalgo: the value of  REAL LUX37.196777
12-22 11:48:48.584  2027  3285 I libsensor-displayalgo: the value of  CAL REAL LUX37.196777
12-22 11:48:48.669  2475  3040 I BatteryService: current mPlugType2current mHealthInfo.batteryLevel27current mHealthInfo.batteryTemperature326
12-22 11:48:48.676  6206  7182 D ThermalIECHandler: storeDataStyle: thermal_iec_monitor_persistence_data_style_iec_state; startIECTime: -1; IECScreenOffOverPeriodTime: 1410825231
12-22 11:48:48.677  6171  6171 I BatteryInfoReceiver: ACTION_BATTERY_CHANGED
12-22 11:48:48.679  6171  6171 I PowerNoticeUI: handleBatteryChanged oldPlugType 2 mPlugType 2 oldBatteryLevel 27 mBatteryLevel 27 temperature 326
12-22 11:48:48.684  4409  4409 D QtiCarrierConfigHelper: WARNING, no carrier configs on phone Id: 1
12-22 11:48:48.684  9660  9660 D DynamicService:  ACTION_BATTERY_CHANGED change,USB plug = 2
12-22 11:48:48.688  6206  7099 D PowerCheckerService: onBatteryChanged, mBatteryLevel = 27, status = 2, level = 27, plug = 2, scale = 100
12-22 11:48:48.689  6206  6950 D PowerKeeper.FrozenApp: onBatteryChanged plug=true mBatteryPlugged=2
12-22 11:48:48.689  6206  7192 D PowerKeeper.Thermal: mBatteryTemperature: 32
12-22 11:48:48.692  4453  4453 V DeviceStatisticsService: chargerType=2 batteryLevel=27 totalBatteryCapacity=4207400
12-22 11:48:48.703  6206  6217 I iui.powerkeepe: This is sticky GC, maxfree is 8388608 minfree is 2097152
12-22 11:48:48.705  2475  2688 I android_os_HwBinder: HwBinder: Starting thread pool for getting: vendor.xiaomi.hardware.micharge@1.0::IMiCharge/default
12-22 11:48:48.706  1344  1360 E vendor.xiaomi.hardware.micharge@1.0-service: Failed to open node /sys/class/qcom-battery/reverse_chg_mode
12-22 11:48:48.706  1344  1360 I vendor.xiaomi.hardware.micharge@1.0-service: ReadFilePathValue path = /sys/class/qcom-battery/reverse_chg_mode value =
12-22 11:48:48.707  6171  8095 I android_os_HwBinder: HwBinder: Starting thread pool for getting: vendor.xiaomi.hardware.micharge@1.0::IMiCharge/default
12-22 11:48:48.707  1344  1360 I vendor.xiaomi.hardware.micharge@1.0-service: ReadFilePathValue path = /sys/class/qcom-battery/night_charging value = 0
12-22 11:48:48.708  6171  8095 I ChargeProtectionUtils: getNightChargingState: 0
12-22 11:48:48.708  2475  2688 I android_os_HwBinder: HwBinder: Starting thread pool for getting: vendor.xiaomi.hardware.micharge@1.0::IMiCharge/default
12-22 11:48:48.710  1344  1360 I vendor.xiaomi.hardware.micharge@1.0-service: ReadFilePathValue path = /sys/class/qcom-battery/fastchg_mode value = 0
12-22 11:48:48.982  2027  3285 D libsensor-displayalgo: the value of  brightness:369.000000,R:49265920.314967,G:48706179.588531,B:45266231.422300,EVENT_C:2905.000000,EVENT_R:1190.000000,EVENT_G:1554.000000,EVENT_B:627.500000
12-22 11:48:48.982  2027  3285 I libsensor-displayalgo: the value of  Coef1:1107.681000,Coef4:2.383000, scale1:0.935522, scale4:0.923264
12-22 11:48:48.983  2027  3285 E libsensor-displayalgo: RGB_test_0407_400_oldzy!
12-22 11:48:48.983  2027  3285 I libsensor-displayalgo: the value of  RESULT2047.345336,806.218968,1019.331767,362.033849
12-22 11:48:48.983  2027  3285 I libsensor-displayalgo: the value of  getChannelDataCalibrated2136.578918,748.175099,1175.584805,391.892570
12-22 11:48:48.983  2027  3285 I libsensor-displayalgo: the value of  REAL LUX35.651600
12-22 11:48:48.983  2027  3285 I libsensor-displayalgo: the value of  CAL REAL LUX35.651600
12-22 11:48:49.283  2027  3285 D libsensor-displayalgo: the value of  brightness:369.000000,R:49265920.314967,G:48706179.588531,B:45266231.422300,EVENT_C:2911.500000,EVENT_R:1191.500000,EVENT_G:1557.000000,EVENT_B:630.000000
12-22 11:48:49.283  2027  3285 I libsensor-displayalgo: the value of  Coef1:1107.681000,Coef4:2.383000, scale1:0.935522, scale4:0.923264
12-22 11:48:49.283  2027  3285 E libsensor-displayalgo: RGB_test_0407_400_oldzy!
12-22 11:48:49.284  2027  3285 I libsensor-displayalgo: the value of  RESULT2047.345336,806.218968,1019.331767,362.033849
12-22 11:48:49.284  2027  3285 I libsensor-displayalgo: the value of  getChannelDataCalibrated2136.578918,748.175099,1175.584805,391.892570
12-22 11:48:49.284  2027  3285 I libsensor-displayalgo: the value of  REAL LUX35.987198
12-22 11:48:49.284  2027  3285 I libsensor-displayalgo: the value of  CAL REAL LUX35.987198
12-22 11:48:49.455  2475  3037 D MIUIInput: [MotionEvent] publisher action=0x4, 584433822, channel 'a6e61f2 NavigationBar0 (server)'
12-22 11:48:49.455  2475  3037 D MIUIInput: [MotionEvent] publisher action=0x4, 584433822, channel '14a5261 LauncherOverlayWindow:com.miui.personalassistant (server)'
12-22 11:48:49.455  2475  3037 D MIUIInput: [MotionEvent] publisher action=0x0, 584433822, channel '648a1ac com.miui.home/com.miui.home.launcher.Launcher (server)'
12-22 11:48:49.456  9868  9868 D EventBus: No subscribers registered for event class com.miui.home.launcher.common.messages.EndSpringAnimatorMessage
12-22 11:48:49.457  9868  9868 D EventBus: No subscribers registered for event class org.greenrobot.eventbus.NoSubscriberEvent
12-22 11:48:49.457  9868  9868 D Launcher.Feed: touchState : 0 scrolling : false normalEditing : false WidgetThumbnailViewShowing : false UninstallDialogShowing : false isMinusScreenShowing: false
12-22 11:48:49.458  9868  9868 D Launcher.StatusBarController: try intercept touch, isProxySurvive=true
12-22 11:48:49.459  9868  9868 D Launcher.Workspace: Workspace touch down
12-22 11:48:49.459  9868  9868 D ScreenView_Workspace: onIntercept:0.0
12-22 11:48:49.459  9868  9868 D ScreenView_Workspace: not intercept
12-22 11:48:49.460  9868  9868 D Launcher.CellLayout: touch item:ShortcutInfo, id=108, itemType=0, user=UserHandle{0}, mIconType=0, pkgName=cn.missevan, className=cn.missevan.activity.SplashActivity, screenId=3, container=-100, cellX=1, cellY=1, spanX=1, spanY=1
12-22 11:48:49.460  9868  9868 D Launcher.itemIcon: folmeDown
12-22 11:48:49.462  1431  2431 D RefreshRateConfigs: TouchBoost - choose 120.00fps
12-22 11:48:49.469  1251  2215 I SDM     : HWCDisplay::SetActiveConfigWithConstraints: config: 1, WxH 1080x2400, fps 120
12-22 11:48:49.469  1251  2215 W SDM     : HWDeviceDRM::GetSupportedBitClkRate: Requested rate not supported: 831000000
12-22 11:48:49.469  1251  2215 I SDM     : HWDeviceDRM::UpdateMixerAttributes: Mixer WxH 1080x2400-0 for Peripheral
12-22 11:48:49.470  9868 10229 D Launcher.Boost: bindcore 200
12-22 11:48:49.470  1251  2215 I SDM     : HWCDisplay::SubmitDisplayConfig: Active configuration changed from config 0 to 1
12-22 11:48:49.470  1251  2215 I SDM     : HWCDisplay::SubmitDisplayConfig: Active WxH 1080x2400 fps 120
12-22 11:48:49.471  1251  1467 I SDM     : HWDeviceDRM::SetupAtomic: Setting mode: WxH: 1080x2400, vrefresh: 120, hskew: 0
12-22 11:48:49.472  1251  2448 I vendor.qti.hardware.display.composer-service: FrameNotifyProcess Sensor: notify citsensorservice to trigger cwb
12-22 11:48:49.473  2027  2027 I libcitsensorservice@2.0-impl: msg_transfer
12-22 11:48:49.474  2027  3266 D vendor.xiaomi.sensor.citsensorservice@2.0-service: handle id:10 wxh:1280x2400 uwxuh:1080x2400 size: 9216000 fd:15 fd_meta:16 flags:0x4000228 usage:0x33  format:0x3 layer_count: 1
12-22 11:48:49.475  1328  2240 D FPSMonitor: threadFuncFpsMonitor display 0, fps 120
12-22 11:48:49.475  2027  3267 I libsensor-displayalgo: displayInfoCallback::display info won't handle!!!
12-22 11:48:49.476  1251  2215 I SDM     : HWCSession::SetCWBOutputBuffer: CWB config passed by cwb_client : tappoint 1  CWB_ROI : (829.000000 4.000000 915.000000 90.000000)
12-22 11:48:49.481  1251 29304 I SDM     : HWCSession::ProcessRequests: Successfully configured CWB buffer.
12-22 11:48:49.514  1251 29304 I SDM     : HWCSession::ProcessRequests: Pushing release fence in fenece wait queue.
12-22 11:48:49.515  1251 29304 I SDM     : HWCSession::ProcessRequests: Creating AsyncFenceWaits async thread.
12-22 11:48:49.515  1251 29304 I SDM     : HWCSession::ProcessRequests: Remove current CWB request from the pending request queue.
12-22 11:48:49.515  1251 29304 I SDM     : HWCSession::ProcessRequests: No pending cwb requests found in the queue.
12-22 11:48:49.520  1251  1467 I SDM     : HWDeviceDRM::SetupConcurrentWriteback: Tear down the Concurrent Writeback topology
12-22 11:48:49.526  1251 29305 I SDM     : HWCSession::NotifyCWBStatus: Notify the client about buffer status 0.
12-22 11:48:49.527  1251 29305 I SDM     : HWCSession::PerformFenceWaits: Remove current release fence from the pending fence wait queue.
12-22 11:48:49.527  1251 29305 I SDM     : HWCSession::PerformFenceWaits: CWB fence queue is empty. No pending release fence to wait on.
12-22 11:48:49.583  2027  3285 D libsensor-displayalgo: the value of  brightness:369.000000,R:49265920.314967,G:48706179.588531,B:45266231.422300,EVENT_C:2905.500000,EVENT_R:1192.000000,EVENT_G:1555.000000,EVENT_B:630.500000
12-22 11:48:49.583  2027  3285 I libsensor-displayalgo: the value of  Coef1:1107.681000,Coef4:2.383000, scale1:0.935522, scale4:0.923264
12-22 11:48:49.583  2027  3285 E libsensor-displayalgo: RGB_test_0407_400_oldzy!
12-22 11:48:49.584  2027  3285 I libsensor-displayalgo: the value of  RESULT2047.345336,806.218968,1019.331767,362.033849
12-22 11:48:49.584  2027  3285 I libsensor-displayalgo: the value of  getChannelDataCalibrated2136.578918,748.175099,1175.584805,391.892570
12-22 11:48:49.584  2027  3285 I libsensor-displayalgo: the value of  REAL LUX35.413277
12-22 11:48:49.584  2027  3285 I libsensor-displayalgo: the value of  CAL REAL LUX35.413277
12-22 11:48:49.762  9868 10210 I HandWritingStubImpl: isKeyboardTypeChanged: false
12-22 11:48:49.763  9868  9868 D Launcher.CellLayout: updateCellOccupiedMarks, remove, ShortcutInfo, id=108, itemType=0, user=UserHandle{0}, mIconType=0, pkgName=cn.missevan, className=cn.missevan.activity.SplashActivity, screenId=3, container=-100, cellX=1, cellY=1, spanX=1, spanY=1
12-22 11:48:49.763  9868  9868 D EventBus: No subscribers registered for event class com.miui.home.launcher.common.messages.CellLayoutMessage
12-22 11:48:49.763  9868  9868 D EventBus: No subscribers registered for event class org.greenrobot.eventbus.NoSubscriberEvent
12-22 11:48:49.763  9868 10229 D Launcher.Boost: bindcore 400
12-22 11:48:49.763  9868  9868 D Launcher.itemIcon: folmeUp
12-22 11:48:49.764  9868  9868 D Launcher_DragView: new DragView:ShortcutInfo, id=108, itemType=0, user=UserHandle{0}, mIconType=0, pkgName=cn.missevan, className=cn.missevan.activity.SplashActivity
12-22 11:48:49.766  9868  9868 D Launcher.DragController: action_drag_on
12-22 11:48:49.767  9868  9868 D Launcher: edit state changed from 7 to 17
12-22 11:48:49.768  9868  9868 D Launcher.MultiSelectMonitor: EditStateChangedMessageHandler, state=17
12-22 11:48:49.768  9868  9868 D Launcher.DropTargetBar: update uninstall active when NO drag, active=false (edit=17, isUninstallDialogShowing=false, isWidgetPreviewShowing=false, isDefaultScreenPreviewShowing=false, isMenuVisible=false)
12-22 11:48:49.768  9868  9868 D Launcher: notifyBackGestureStatus
12-22 11:48:49.768  9868  9868 D Launcher.MultiSelectMonitor: needShowGroupContainerOrFinishContainer, mEditModeState=17, mIsWidgetsPreviewLayoutVisible=false, mIsDefaultScreenPreviewVisible=false, mIsMenuVisible=false, isUninstallDialogShowing=false, mIsDragging=true
12-22 11:48:49.768  9868  9868 D Launcher.MultiSelectMonitor: needShowGroupContainerOrFinishContainer, mEditModeState=17, mIsWidgetsPreviewLayoutVisible=false, mIsDefaultScreenPreviewVisible=false, mIsMenuVisible=false, isUninstallDialogShowing=false, mIsDragging=true
12-22 11:48:49.768  9868  9868 D Launcher.DragController: findDropTarget dropTarget = com.miui.home.launcher.Workspace{8bdf18f V.E...... ......ID 0,0-1080,2356 #7f0a0277 app:id/workspace}
12-22 11:48:49.769  9868  9868 D Launcher.DragController: findDropTarget dropTarget = com.miui.home.launcher.Workspace{8bdf18f V.E...... ......ID 0,0-1080,2356 #7f0a0277 app:id/workspace}
12-22 11:48:49.769  9868  9868 D EventBus: No subscribers registered for event class com.miui.home.launcher.common.messages.CellLayoutMessage
12-22 11:48:49.769  9868  9868 D EventBus: No subscribers registered for event class org.greenrobot.eventbus.NoSubscriberEvent
12-22 11:48:49.770  9868  9868 D EventBus: No subscribers registered for event class com.miui.home.launcher.common.messages.DragMessage
12-22 11:48:49.770  9868  9868 D EventBus: No subscribers registered for event class org.greenrobot.eventbus.NoSubscriberEvent
12-22 11:48:49.770  9868  9868 D Launcher.CellLayout: updateCellOccupiedMarks, remove, ShortcutInfo, id=108, itemType=0, user=UserHandle{0}, mIconType=0, pkgName=cn.missevan, className=cn.missevan.activity.SplashActivity, screenId=3, container=-100, cellX=1, cellY=1, spanX=1, spanY=1
12-22 11:48:49.770  9868 10159 D Launcher.ShortcutMenuManager: show systemMenuItem, title=
12-22 11:48:49.770  9868 10159 D Launcher.ShortcutMenuManager: show systemMenuItem, title=
12-22 11:48:49.770  9868 10159 D Launcher.ShortcutMenuManager: show systemMenuItem, title=
12-22 11:48:49.773  9868 10058 E Launcher: notifyBackGestureStatus:run usingFsGesture=true   show=true   focus=true   pause=false
12-22 11:48:49.773  2475  4363 I HapticFeedbackUtil: 2,2,true
12-22 11:48:49.773  9868 10058 D Launcher: notifyFsGestureHomeStatus    enableBackGesture=false   isSupportRecentsAndFsGesture=true
12-22 11:48:49.774  1367  1367 D vendor.hardware.vibratorfeature: configStrengthForEffect id : 2 , strength: 1.000000
12-22 11:48:49.782  9868 10058 W RecentsImpl: updateFsgWindowVisibilityState   isEnter=false   typeFrom=typefrom_home   isOpen=true   mIsInAnotherPro=false   mIsStatusBarExpansion=false
12-22 11:48:49.782  9868 10058 W RecentsImpl: getTopActivity from observer.   cn=ComponentInfo{com.miui.home/com.miui.home.launcher.Launcher}
12-22 11:48:49.782  1367  1367 D vendor.hardware.vibratorfeature: Vibrator perform effect 2
12-22 11:48:49.782  1367  1367 D vendor.hardware.vibratorfeature: uses mCurrMagnitudeExt 1.000000
12-22 11:48:49.782  1367  1367 D vendor.hardware.vibratorfeature: getAmplitudeFromEffectStrength 1.000000
12-22 11:48:49.782  1367  1367 D vendor.hardware.vibratorfeature: return from driver is 20
12-22 11:48:49.782  1367  1367 D vendor.hardware.vibratorfeature: playLengthMs is 70
12-22 11:48:49.783  9868  9868 D RecentsImpl: showNavStubView
12-22 11:48:49.783  9868  9868 D NavStubView_Touch: setKeepHidden    old=false   new=false
12-22 11:48:49.783  1251  2448 I vendor.qti.hardware.display.composer-service: FrameNotifyProcess Sensor: notify citsensorservice to trigger cwb
12-22 11:48:49.783  2027  2027 I libcitsensorservice@2.0-impl: msg_transfer
12-22 11:48:49.784  1367 29308 D vendor.hardware.vibratorfeature: Starting perform on another thread
12-22 11:48:49.784  2027  3266 D vendor.xiaomi.sensor.citsensorservice@2.0-service: handle id:10 wxh:1280x2400 uwxuh:1080x2400 size: 9216000 fd:15 fd_meta:16 flags:0x4000228 usage:0x33  format:0x3 layer_count: 1
12-22 11:48:49.785  1251  2215 I SDM     : HWCSession::SetCWBOutputBuffer: CWB config passed by cwb_client : tappoint 1  CWB_ROI : (829.000000 4.000000 915.000000 90.000000)
12-22 11:48:49.786  1251 29309 I SDM     : HWCSession::ProcessRequests: Successfully configured CWB buffer.
12-22 11:48:49.787  9868 10133 D RecentsImpl: hideBackStubWindow
12-22 11:48:49.793  1251 29309 I SDM     : HWCSession::ProcessRequests: Pushing release fence in fenece wait queue.
12-22 11:48:49.793  1251 29309 I SDM     : HWCSession::ProcessRequests: Creating AsyncFenceWaits async thread.
12-22 11:48:49.793  1251 29309 I SDM     : HWCSession::ProcessRequests: Remove current CWB request from the pending request queue.
12-22 11:48:49.793  1251 29309 I SDM     : HWCSession::ProcessRequests: No pending cwb requests found in the queue.
12-22 11:48:49.794  9868  9868 E Launcher.ShortcutMenuLayer: onQuerySucceed:Item(id=108 type=0)
12-22 11:48:49.796  9868  9868 D Launcher.ShortcutMenu: show ShortcutMenu
12-22 11:48:49.799  1251  1467 I SDM     : HWDeviceDRM::SetupConcurrentWriteback: Tear down the Concurrent Writeback topology
12-22 11:48:49.819  1251 29310 I SDM     : HWCSession::NotifyCWBStatus: Notify the client about buffer status 0.
12-22 11:48:49.820  1251 29310 I SDM     : HWCSession::PerformFenceWaits: Remove current release fence from the pending fence wait queue.
12-22 11:48:49.820  1251 29310 I SDM     : HWCSession::PerformFenceWaits: CWB fence queue is empty. No pending release fence to wait on.
12-22 11:48:49.854  1367 29308 D vendor.hardware.vibratorfeature: Notifying perform complete
12-22 11:48:49.855  1367  1367 D vendor.hardware.vibratorfeature: QTI Vibrator off
12-22 11:48:49.855  1367  1367 D DynamicEffectThread: pause
12-22 11:48:49.855  1367  1367 D DynamicEffectDevice: FFDevice pause
12-22 11:48:49.863  1953  2016 I mstatdaemon: Entering time loop
12-22 11:48:49.863  1953  2016 I mstatdaemon: t = 1671680929
12-22 11:48:49.863  1953  2016 I mstatdaemon: translated_t = 1355690929
12-22 11:48:49.863  1953  2016 I mstat_log: mstatcommitLog log_alloc() failed
12-22 11:48:49.883  2027  3285 D libsensor-displayalgo: the value of  brightness:369.000000,R:49265920.314967,G:48706179.588531,B:45266231.422300,EVENT_C:2912.000000,EVENT_R:1194.500000,EVENT_G:1559.000000,EVENT_B:632.000000
12-22 11:48:49.883  2027  3285 I libsensor-displayalgo: the value of  Coef1:1107.681000,Coef4:2.383000, scale1:0.935522, scale4:0.923264
12-22 11:48:49.883  2027  3285 E libsensor-displayalgo: RGB_test_0407_400_oldzy!
12-22 11:48:49.884  2027  3285 I libsensor-displayalgo: the value of  RESULT2047.345336,806.218968,1019.331767,362.033849
12-22 11:48:49.884  2027  3285 I libsensor-displayalgo: the value of  getChannelDataCalibrated2136.578918,748.175099,1175.584805,391.892570
12-22 11:48:49.884  2027  3285 I libsensor-displayalgo: the value of  REAL LUX35.837906
12-22 11:48:49.884  2027  3285 I libsensor-displayalgo: the value of  CAL REAL LUX35.837906
12-22 11:48:50.087  9868 10133 D GestureStubView_Touch: setKeepHidden    old=true   new=true
12-22 11:48:50.087  9868 10133 D GestureStubView_Touch: disableTouch    old=true   new=true
12-22 11:48:50.087  9868 10133 D GestureStubView: hideGestureStub
12-22 11:48:50.087  9868 10133 D GestureStubView_Touch: setKeepHidden    old=true   new=true
12-22 11:48:50.087  9868 10133 D GestureStubView_Touch: disableTouch    old=true   new=true
12-22 11:48:50.087  9868 10133 D GestureStubView: hideGestureStub
12-22 11:48:50.121  2475  3037 D MIUIInput: [MotionEvent] publisher action=0x1, 584434489, channel '648a1ac com.miui.home/com.miui.home.launcher.Launcher (server)'
12-22 11:48:50.122  9868  9868 D Launcher.DragController: findDropTarget dropTarget = com.miui.home.launcher.Workspace{8bdf18f V.E...... ........ 0,0-1080,2356 #7f0a0277 app:id/workspace}
12-22 11:48:50.122  9868  9868 D Launcher.DragController: findDropTarget dropTarget = com.miui.home.launcher.Workspace{8bdf18f V.E...... ........ 0,0-1080,2356 #7f0a0277 app:id/workspace}
12-22 11:48:50.122  9868  9868 D Launcher.DragController: drop, from=ShortcutInfo, id=108, itemType=0, user=UserHandle{0}, mIconType=0, pkgName=cn.missevan, className=cn.missevan.activity.SplashActivity, screenId=3, container=-100, cellX=1, cellY=1, spanX=1, spanY=1
12-22 11:48:50.122  9868  9868 D Launcher.CellLayout: updateCellOccupiedMarks, update, ShortcutInfo, id=108, itemType=0, user=UserHandle{0}, mIconType=0, pkgName=cn.missevan, className=cn.missevan.activity.SplashActivity, screenId=3, container=-100, cellX=1, cellY=1, spanX=1, spanY=1
