11-21 15:51:57.445 17011 17011 D ActivityThread: add activity client record, r= ActivityRecord{e68782 token=android.os.BinderProxy@9e61d9 {com.huawei.appmarket/com.huawei.appgallery.search.ui.BaseSearchActivity}} token= android.os.BinderProxy@9e61d9
11-21 15:51:57.476  1778  1820 I chatty  : uid=1000(system) android.anim expire 17 lines
11-21 15:51:57.492  1778  3253 I chatty  : uid=1000(system) Binder:1778_14 expire 6 lines
11-21 15:51:57.504  2438  2680 E Booster_MatterAppRecommend: [isMatterPackage]invalid mMatterPackagesConfig
11-21 15:51:57.531  1778  1817 I chatty  : uid=1000(system) android.ui expire 2 lines
11-21 15:51:57.531  2204  5554 D HwCommandQueue: CommandQueue, set Launcher StatusBar Color
11-21 15:51:57.561 17011 17011 I ActivityThread: Handle window ActivityRecord{da54f1c token=android.os.BinderProxy@a068692 {com.huawei.appmarket/com.huawei.appmarket.MarketActivity}} visibility: true
11-21 15:51:57.579  1778  6094 I chatty  : uid=1000(system) Binder:1778_1D expire 4 lines
11-21 15:51:57.594  1778  1986 I chatty  : uid=1000(system) sManagerService expire 6 lines
11-21 15:51:57.600  2438  2680 D NpdcpAliveManager: ro.odm.npdcp_alive_cfg_enable is false
11-21 15:51:57.692 30971 30971 I RtgSchedEvent: current pid:30971 AppType:19
11-21 15:51:57.847 17011 17011 I RtgSchedEvent: current pid:17011 AppType:31
11-21 15:51:57.902  1778  2560 I chatty  : uid=1000(system) Binder:1778_D expire 22 lines
11-21 15:51:57.918  1778  3046 I chatty  : uid=1000(system) Binder:1778_11 expire 18 lines
11-21 15:51:57.942  1778  1819 I chatty  : uid=1000(system) android.display expire 1 line
11-21 15:51:57.964  1778  5962 I chatty  : uid=1000(system) Binder:1778_1C expire 51 lines
11-21 15:51:57.966  1778  2294 I chatty  : uid=1000(system) Binder:1778_8 expire 39 lines
11-21 15:51:58.012  1778  6094 I chatty  : uid=1000(system) Binder:1778_1D expire 29 lines
11-21 15:51:58.247  1778 19787 I chatty  : uid=1000(system) Binder:1778_18 expire 1 line
11-21 15:51:58.264  1778  1935 I chatty  : uid=1000(system) Binder:1778_3 expire 15 lines
11-21 15:51:58.373  1778  1849 I chatty  : uid=1000(system) PowerManagerSer expire 12 lines
11-21 15:51:58.580  1778  2026 I chatty  : uid=1000(system) WifiP2pService expire 6 lines
11-21 15:51:58.629  2438  2680 D NpdcpAliveManager: ro.odm.npdcp_alive_cfg_enable is false
11-21 15:51:58.756  1778  6468 I chatty  : uid=1000(system) Binder:1778_20 expire 14 lines
11-21 15:51:58.760 17011 17011 I ViewRootImpl: dispatchDetachedFromWindow in doDie
11-21 15:51:58.843  1778  3294 I chatty  : uid=1000(system) Binder:1778_17 expire 5 lines
11-21 15:51:58.875  1778  1820 I chatty  : uid=1000(system) android.anim expire 25 lines
11-21 15:51:59.305  1778  3252 I chatty  : uid=1000(system) Binder:1778_13 expire 28 lines
11-21 15:51:59.652  2438  2680 D NpdcpAliveManager: ro.odm.npdcp_alive_cfg_enable is false
11-21 15:52:00.010  1778  1817 I chatty  : uid=1000(system) android.ui expire 22 lines
11-21 15:52:00.026  1778  1830 I chatty  : uid=1000(system) HwGameAssistant expire 1 line
11-21 15:52:00.029  1778  5897 I chatty  : uid=1000(system) Binder:1778_1A expire 2 lines
11-21 15:52:00.067  1778  2229 I chatty  : uid=1000(system) Binder:1778_6 expire 8 lines
11-21 15:52:00.080  1778  3253 I chatty  : uid=1000(system) Binder:1778_14 expire 4 lines
11-21 15:52:00.084  5981  5981 I ActivityThread: Handle window ActivityRecord{4338dda token=android.os.BinderProxy@a64c332 {com.huawei.android.launcher/com.huawei.android.launcher.unihome.UniHomeLauncher}} visibility: true
11-21 15:52:00.092  1778  1837 I chatty  : uid=1000(system) ActivityManager expire 1 line
11-21 15:52:00.113  1778  1829 I chatty  : uid=1000(system) HwActivityTaskM expire 1 line
11-21 15:52:00.113  1778  2048 I chatty  : uid=1000(system) Thread-6 expire 2 lines
11-21 15:52:00.114  1778  2170 I chatty  : uid=1000(system) HwAppQoeStateMa expire 1 line
11-21 15:52:00.118  2438  2680 I NetworkQoeChr: checkForegroundApp timer start
11-21 15:52:00.118  2438  2680 I NetworkQoeChr: end qoe report
11-21 15:52:00.123  2438  2680 I SmartDualCardConfig: getAppType,pkgName=com.huawei.android.launcher,appType=28
11-21 15:52:00.123  2438  2680 E SmartDualCardConfig: isAppInBlackList false,items==null
11-21 15:52:00.123  2438  2680 I PowerMsgAdapter: UID hot switch, uid:10079, pkgName:com.huawei.android.launcher
11-21 15:52:00.124  2438  2680 E Booster_MatterAppRecommend: [isMatterPackage]invalid mMatterPackagesConfig
11-21 15:52:00.146  5981  5981 I RtgSchedEvent: current pid:5981 AppType:28
11-21 15:52:00.178  1778  1820 I chatty  : uid=1000(system) android.anim expire 32 lines
11-21 15:52:00.197  1778  3252 I chatty  : uid=1000(system) Binder:1778_13 expire 2 lines
11-21 15:52:00.198  1778  1849 I chatty  : uid=1000(system) PowerManagerSer expire 16 lines
11-21 15:52:00.225  1778  6468 I chatty  : uid=1000(system) Binder:1778_20 expire 18 lines
11-21 15:52:00.229  1778  1778 I chatty  : uid=1000(system) Binder:1778_18 expire 5 lines
11-21 15:52:00.245  1778  1829 I chatty  : uid=1000(system) HwActivityTaskM expire 5 lines
11-21 15:52:00.245  1778  2048 I chatty  : uid=1000(system) Thread-6 expire 6 lines
11-21 15:52:00.265  1778  2034 I chatty  : uid=1000(system) ConnectivitySer expire 1 line
11-21 15:52:00.266  1778  5897 I chatty  : uid=1000(system) Binder:1778_1A expire 15 lines
11-21 15:52:00.266  2371  2960 I HwNetworkPolicyManager: getHwUidPolicy uid = 10079 policy = 0
11-21 15:52:00.267  1778  1843 I chatty  : uid=1000(system) ActivityManager expire 1 line
11-21 15:52:00.269  1778  1819 I chatty  : uid=1000(system) android.display expire 27 lines
11-21 15:52:00.304  1778  1935 I chatty  : uid=1000(system) Binder:1778_3 expire 61 lines
11-21 15:52:00.318  1778  6094 I chatty  : uid=1000(system) Binder:1778_1D expire 14 lines
11-21 15:52:00.331  1778  5962 I chatty  : uid=1000(system) Binder:1778_1C expire 1 line
11-21 15:52:00.335  1778  6095 I chatty  : uid=1000(system) Binder:1778_1E expire 8 lines
11-21 15:52:00.335  1778  1817 I chatty  : uid=1000(system) android.ui expire 7 lines
11-21 15:52:00.346  1778  6458 I chatty  : uid=1000(system) Binder:1778_1F expire 7 lines
11-21 15:52:00.386  2204  5554 I HwCommandQueue: updateBarBgColor
11-21 15:52:00.386  2204  5554 D HwCommandQueue: CommandQueue, setBarBackgroundColor
11-21 15:52:00.387  2204  6667 D HwCommandQueue: CommandQueue, set Launcher StatusBar Color
11-21 15:52:00.449  1778  2294 I chatty  : uid=1000(system) Binder:1778_8 expire 26 lines
11-21 15:52:00.567  1778 11458 I chatty  : uid=1000(system) MobileQosDetect expire 1 line
11-21 15:52:00.587  1778  2026 I chatty  : uid=1000(system) WifiP2pService expire 3 lines
11-21 15:52:00.596  2438  2680 I HidataAppQoeP: foregroundUidRemove uid: 10030 name: com.huawei.appmarket
11-21 15:52:00.604  2438  2680 I SmartDualCardConfig: getAppType,pkgName=com.huawei.appmarket,appType=31
11-21 15:52:00.604  2438  2680 E SmartDualCardConfig: isAppInBlackList false,items==null
11-21 15:52:00.615  2438  2682 E OllieTelephony: sendFullData err:-2
11-21 15:52:00.844  1778  1986 I chatty  : uid=1000(system) sManagerService expire 3 lines
11-21 15:52:00.922  1778  1830 I chatty  : uid=1000(system) HwGameAssistant expire 1 line
11-21 15:52:00.960 30421 30421 D ActivityThread: Won't deliver top position change in state=5
11-21 15:52:00.984  2371  2960 I HwNetworkPolicyManager: getHwUidPolicy uid = 1000 policy = 0
11-21 15:52:01.001  2204 14526 D HwCommandQueue: CommandQueue, set Launcher StatusBar Color
11-21 15:52:01.019 30421 30421 W ContextImpl: Calling a method in the system process without a qualified user: android.app.ContextImpl.sendBroadcast:1183 android.content.ContextWrapper.sendBroadcast:453 com.android.settings.HWSettings.onResume:297 android.app.Instrumentation.callActivityOnResume:1472 android.app.Activity.performResume:8351
11-21 15:52:01.056  2204  5554 I HwCommandQueue: updateBarBgColor
11-21 15:52:01.057  1778  1837 I chatty  : uid=1000(system) ActivityManager expire 3 lines
11-21 15:52:01.060  2204  5554 D HwCommandQueue: CommandQueue, setBarBackgroundColor
11-21 15:52:01.066  6192  9962 E ActivityThread: Failed to find provider info for com.android.settings.SettingsBadgeUpdateProvider
11-21 15:52:01.132  1778  1838 I chatty  : uid=1000(system) ActivityManager expire 1 line
11-21 15:52:01.155 19823 19823 D ActivityThread: Attach thread to application
11-21 15:52:01.168 19823 19841 I ActivityThread: Init compatible state: false
11-21 15:52:01.174 19823 19823 I LoadedApk: makePaths: outLibPaths=[/data/app/com.huawei.hidisk-LeS0kwFkavPxPWFHA6CHOg==/lib/arm64, /data/app/com.huawei.hidisk-LeS0kwFkavPxPWFHA6CHOg==/base.apk!/lib/arm64-v8a, /system/lib64:/hw_product/lib64:/system/product/lib64:/prets/lib64]
11-21 15:52:01.293  1778 19847 I chatty  : uid=1000(system) Binder:1778_18 expire 1 line
11-21 15:52:01.374 30421 30421 I RtgSchedEvent: current pid:30421 AppType:255
11-21 15:52:01.453  6192  9962 E ActivityThread: Failed to find provider info for com.android.settings.SettingsBadgeUpdateProvider
11-21 15:52:01.455  2438  2680 I SmartDualCardConfig: getAppType,pkgName=com.huawei.android.launcher,appType=28
11-21 15:52:01.455  2438  2680 E SmartDualCardConfig: isAppInBlackList false,items==null
11-21 15:52:01.538 19823 19865 W PackageParser: Unknown element under <manifest>: queries at /data/user_de/0/com.huawei.android.hsf/modules/external/huawei_module_networkkit/60000300/networkkit.apk Binary XML file line #14
11-21 15:52:01.554  1778  6095 I chatty  : uid=1000(system) Binder:1778_1E expire 37 lines
11-21 15:52:01.560 19823 19865 D SystemConfig: Removed unavailable feature android.hardware.sensor.barometer
11-21 15:52:01.561 19823 19865 D SystemConfig: Removed unavailable feature android.hardware.sensor.stepdetector
11-21 15:52:01.562  1778  2294 I chatty  : uid=1000(system) Binder:1778_8 expire 9 lines
11-21 15:52:01.564 19823 19865 W SystemConfig: No directory /product_services/etc/sysconfig, skipping
11-21 15:52:01.564 19823 19865 W SystemConfig: No directory /product_services/etc/permissions, skipping
11-21 15:52:01.565 19823 19865 W SystemConfig: No directory /system/emui/base/sysconfig, skipping
11-21 15:52:01.566 19823 19865 W SystemConfig: No directory /system/emui/china/sysconfig, skipping
11-21 15:52:01.566 19823 19865 W SystemConfig: No directory /vendor/etc/sysconfig, skipping
11-21 15:52:01.568 19823 19865 D SystemConfig: Removed unavailable feature android.hardware.sensor.barometer
11-21 15:52:01.568 19823 19865 D SystemConfig: Removed unavailable feature android.hardware.sensor.stepdetector
11-21 15:52:01.571 19823 19865 W SystemConfig: No directory /odm/cust/all/cn/sysconfig, skipping
11-21 15:52:01.571 19823 19865 W SystemConfig: No directory /odm/cust/all/cn/permissions, skipping
11-21 15:52:01.571 19823 19865 W SystemConfig: No directory /odm/etc/sysconfig, skipping
11-21 15:52:01.572 19823 19865 W SystemConfig: No directory /odm/etc/carrier/46007/sysconfig, skipping
11-21 15:52:01.572 19823 19865 W SystemConfig: No directory /odm/etc/carrier/46007/permissions, skipping
11-21 15:52:01.572 19823 19865 W SystemConfig: No directory /odm/hw_odm/VCE-AL00/sysconfig, skipping
11-21 15:52:01.572 19823 19865 W SystemConfig: No directory /odm/hw_odm/VCE-AL00/permissions, skipping
11-21 15:52:01.572 19823 19865 W SystemConfig: No directory /hw_product/etc/sysconfig, skipping
11-21 15:52:01.573 19823 19865 W SystemConfig: No directory /hw_product/etc/carrier/46007/sysconfig, skipping
11-21 15:52:01.573 19823 19865 W SystemConfig: No directory /hw_product/etc/carrier/46007/permissions, skipping
11-21 15:52:01.574 19823 19865 W SystemConfig: No directory /hw_product/region_comm/china/sysconfig, skipping
11-21 15:52:01.575 19823 19865 W SystemConfig: No directory /preas/china/sysconfig, skipping
11-21 15:52:01.575  1778  2026 I chatty  : uid=1000(system) WifiP2pService expire 12 lines
11-21 15:52:01.577 19823 19865 W SystemConfig: No directory /hw_product/hw_oem/VCE-AL00/sysconfig, skipping
11-21 15:52:01.577 19823 19865 W SystemConfig: No directory /hw_product/hw_oem/VCE-AL00/permissions, skipping
11-21 15:52:01.577 19823 19865 W SystemConfig: No directory /preload/VCE-AL00/all/cn/sysconfig, skipping
11-21 15:52:01.578 19823 19865 W SystemConfig: No directory /cust/global/sysconfig, skipping
11-21 15:52:01.578 19823 19865 W SystemConfig: No directory /cust/global/permissions, skipping
11-21 15:52:01.578 19823 19865 W SystemConfig: No directory /cust/global/carrier/46007/sysconfig, skipping
11-21 15:52:01.578 19823 19865 W SystemConfig: No directory /cust/global/carrier/46007/permissions, skipping
11-21 15:52:01.578 19823 19865 W SystemConfig: No directory /cust/hw/cn/sysconfig, skipping
11-21 15:52:01.578 19823 19865 W SystemConfig: No directory /cust/hw/cn/permissions, skipping
11-21 15:52:01.578 19823 19865 W SystemConfig: No directory /cust/hw/cn/carrier/46007/sysconfig, skipping
11-21 15:52:01.578 19823 19865 W SystemConfig: No directory /cust/hw/cn/carrier/46007/permissions, skipping
11-21 15:52:01.578 19823 19865 W SystemConfig: No directory /version/cust/all/cn/sysconfig, skipping
11-21 15:52:01.579 19823 19865 W SystemConfig: No directory /version/special_cust/VCE-AL00/all/cn/sysconfig, skipping
11-21 15:52:01.579 19823 19865 W SystemConfig: No directory /version/special_cust/VCE-AL00/all/cn/permissions, skipping
11-21 15:52:01.579 19823 19865 W SystemConfig: No directory /version/special_cust/VCE-AL00/all/cn/carrier/46007/sysconfig, skipping
11-21 15:52:01.579 19823 19865 W SystemConfig: No directory /version/special_cust/VCE-AL00/all/cn/carrier/46007/permissions, skipping
11-21 15:52:01.579 19823 19865 W SystemConfig: No directory /cust/cotalite/sysconfig, skipping
11-21 15:52:01.579 19823 19865 W SystemConfig: No directory /cust/cotalite/permissions, skipping
11-21 15:52:01.579 19823 19865 W SystemConfig: No directory /cust/ecota/sysconfig, skipping
11-21 15:52:01.579 19823 19865 W SystemConfig: No directory /cust/ecota/permissions, skipping
11-21 15:52:01.579 19823 19865 I HwCustSystemConfigImpl: start read overlay feature.
11-21 15:52:01.581 19823 19865 I HwCustSystemConfigImpl: overlay feature take effect.
11-21 15:52:01.625 19823 19823 I ActivityThread: finishPreloaded preloadStatus 0
11-21 15:52:01.631  1778  1935 I chatty  : uid=1000(system) Binder:1778_3 expire 67 lines
11-21 15:52:01.667  2438  5241 I HwAntiTheftService: getDataBlockSizeNative diff21
11-21 15:52:01.727  1778  1849 I chatty  : uid=1000(system) PowerManagerSer expire 21 lines
11-21 15:52:01.835  1778  2034 I chatty  : uid=1000(system) ConnectivitySer expire 5 lines
11-21 15:52:01.839 30421 30421 D ActivityThread: Remove activity client record, r= ActivityRecord{3964bc token=android.os.BinderProxy@1493159 {com.android.settings/com.android.settings.Settings$WifiSettingsActivity}} token= android.os.BinderProxy@1493159
11-21 15:52:01.839 30421 30421 I ViewRootImpl: dispatchDetachedFromWindow in doDie
11-21 15:52:01.875  1778  3046 I chatty  : uid=1000(system) Binder:1778_11 expire 30 lines
11-21 15:52:01.875  1778  1819 I chatty  : uid=1000(system) android.display expire 11 lines
11-21 15:52:01.876  1778  1829 I chatty  : uid=1000(system) HwActivityTaskM expire 5 lines
11-21 15:52:01.876  1778  2048 I chatty  : uid=1000(system) Thread-6 expire 11 lines
11-21 15:52:01.882 30421 30421 V ActivityThread: callActivityOnCreate
11-21 15:52:01.910  1778  6468 I chatty  : uid=1000(system) Binder:1778_20 expire 7 lines
11-21 15:52:01.933 30421 30421 W ContextImpl: Calling a method in the system process without a qualified user: android.app.ContextImpl.bindService:1777 android.content.ContextWrapper.bindService:705 com.android.settings.wifi.WifiSettingsHwBase.bindInstantOnline:1047 com.android.settings.wifi.WifiSettings.onCreate:490 androidx.fragment.app.Fragment.performCreate:2684
11-21 15:52:01.956  1778  1838 I chatty  : uid=1000(system) ActivityManager expire 1 line
11-21 15:52:01.967 30421 30421 D ActivityThread: add activity client record, r= ActivityRecord{94372e5 token=android.os.BinderProxy@c3f8bd8 {com.android.settings/com.android.settings.Settings$WifiSettingsActivity}} token= android.os.BinderProxy@c3f8bd8
11-21 15:52:01.974 19929 19929 D ActivityThread: Attach thread to application
11-21 15:52:01.995 19929 19929 I LoadedApk: makePaths: outLibPaths=[/system/app/HwInstantOnline/lib/arm64, /system/lib64:/hw_product/lib64:/system/product/lib64:/prets/lib64]
11-21 15:52:02.004 19929 19947 I ActivityThread: Init compatible state: true
11-21 15:52:02.022 19929 19929 I ActivityThread: finishPreloaded preloadStatus 0
11-21 15:52:02.033 19929 19929 D HwCustConnectivityManagerImpl: isBlockNetworkRequestByNonAis, INVALID_SUBSCRIPTION_ID
11-21 15:52:02.035  1778  6094 I chatty  : uid=1000(system) Binder:1778_1D expire 39 lines
11-21 15:52:02.053  1778  1843 I chatty  : uid=1000(system) ActivityManager expire 1 line
11-21 15:52:02.054 30421 30421 D HwCustConnectivityManagerImpl: isBlockNetworkRequestByNonAis, INVALID_SUBSCRIPTION_ID
11-21 15:52:02.061 30421 30421 W ContextImpl: Calling a method in the system process without a qualified user: android.app.ContextImpl.bindService:1777 android.content.ContextWrapper.bindService:705 com.android.settings.wifi.WifiSettingsHwBase.bindInstantOnline:1047 com.android.settings.wifi.WifiSettingsHwBase.startInstantOnlineDiscover:1068 com.android.settings.wifi.WifiSettingsHwBase.onResume:879
11-21 15:52:02.077   497 20279 D vold    : sdlock: poll
11-21 15:52:02.077   497 20279 E vold    : sdlock: failed to read dir
11-21 15:52:02.078   497 20279 D vold    : sdlock: poll
11-21 15:52:02.078   497 20279 E vold    : sdlock: failed to read dir
11-21 15:52:02.079   497 20279 D vold    : sdlock: poll
11-21 15:52:02.079   497 20279 E vold    : sdlock: failed to read dir
11-21 15:52:02.102  1778  1837 I chatty  : uid=1000(system) ActivityManager expire 1 line
11-21 15:52:02.140  1778  1817 I chatty  : uid=1000(system) android.ui expire 8 lines
11-21 15:52:02.140  2204  2771 D HwCommandQueue: CommandQueue, set Launcher StatusBar Color
11-21 15:52:02.177  1778  1820 I chatty  : uid=1000(system) android.anim expire 28 lines
11-21 15:52:02.640  2438  5241 I HwDeviceInfoExServiceEx: Data acquisition failed
11-21 15:52:02.660  2438  5241 I HwDeviceInfoExServiceEx: Data acquisition failed
11-21 15:52:03.294  1778  2130 I chatty  : uid=1000(system) wifipro_feature expire 2 lines
11-21 15:52:03.321  2438  2680 I PositionFenceSignalCollect: wifiDatas size 28 for recognize
11-21 15:52:03.321  2438  2680 E PositionFenceRecognize: RecognizeByWifi fail, highPrecisionConfirmedFence is empty
11-21 15:52:03.321  2438  2680 I PositionFenceRecognize: HighPrecisionRecognizeByCellAndServeAp fail, highPrecisionConfirmedFenceInfos is empty
11-21 15:52:03.321  2438  2680 I PositionFenceRecognize: LowPrecisionRecognizeByCellAndServeAp fail, lowPrecisionConfirmedFenceInfos is empty
11-21 15:52:03.620  2438  2680 I PositionFenceSignalCollect: cell Info change.
11-21 15:52:03.629  2204  5554 D HwCommandQueue: CommandQueue, set Launcher StatusBar Color
11-21 15:52:04.484 30421 30421 I ViewRootImpl: dispatchDetachedFromWindow in doDie
11-21 15:52:04.494  2204  5554 I HwCommandQueue: updateBarBgColor
11-21 15:52:04.494  2204  5554 D HwCommandQueue: CommandQueue, setBarBackgroundColor
11-21 15:52:04.494  2204  2771 D HwCommandQueue: CommandQueue, set Launcher StatusBar Color
11-21 15:52:04.570 30421 30421 V ActivityThread: callActivityOnCreate
11-21 15:52:04.593 30421 30421 D ActivityThread: add activity client record, r= ActivityRecord{7f0b780 token=android.os.BinderProxy@ea50a1 {com.android.settings/com.android.settings.Settings$WifiAddActivity}} token= android.os.BinderProxy@ea50a1
11-21 15:52:04.744  2204  2771 D HwCommandQueue: CommandQueue, set Launcher StatusBar Color
11-21 15:52:04.802  1778  1820 I chatty  : uid=1000(system) android.anim expire 29 lines
11-21 15:52:04.815  1778  1819 I chatty  : uid=1000(system) android.display expire 5 lines
11-21 15:52:04.846  1778  2294 I chatty  : uid=1000(system) Binder:1778_8 expire 17 lines
11-21 15:52:04.864  1778  1986 I chatty  : uid=1000(system) sManagerService expire 4 lines
11-21 15:52:04.883 30971 30971 I RtgSchedEvent: current pid:30971 AppType:19
11-21 15:52:04.902  1778  2229 I chatty  : uid=1000(system) Binder:1778_6 expire 5 lines
11-21 15:52:04.959  1778  1849 I chatty  : uid=1000(system) PowerManagerSer expire 39 lines
11-21 15:52:05.119 30421 30421 I RtgSchedEvent: current pid:30421 AppType:255
11-21 15:52:05.204  1778  2034 I chatty  : uid=1000(system) ConnectivitySer expire 24 lines
11-21 15:52:05.228  1778  5897 I chatty  : uid=1000(system) Binder:1778_1A expire 5 lines
11-21 15:52:05.281  1778  2560 I chatty  : uid=1000(system) Binder:1778_D expire 13 lines
11-21 15:52:05.589  1778  2026 I chatty  : uid=1000(system) WifiP2pService expire 16 lines
11-21 15:52:05.832  1778  5962 I chatty  : uid=1000(system) Binder:1778_1C expire 6 lines
11-21 15:52:06.019  1778  1935 I chatty  : uid=1000(system) Binder:1778_3 expire 36 lines
11-21 15:52:06.064  2438  2680 I PositionFenceSignalCollect: wifiDatas size 25 for recognize
11-21 15:52:06.064  2438  2680 E PositionFenceRecognize: RecognizeByWifi fail, highPrecisionConfirmedFence is empty
11-21 15:52:06.064  2438  2680 I PositionFenceRecognize: HighPrecisionRecognizeByCellAndServeAp fail, highPrecisionConfirmedFenceInfos is empty
11-21 15:52:06.064  2438  2680 I PositionFenceRecognize: LowPrecisionRecognizeByCellAndServeAp fail, lowPrecisionConfirmedFenceInfos is empty
11-21 15:52:06.410  2438  2680 I PositionFenceSignalCollect: cell Info change.
11-21 15:52:06.446  1778  1778 I chatty  : uid=1000(system) Binder:1778_18 expire 10 lines
11-21 15:52:06.879  1778  1817 I chatty  : uid=1000(system) android.ui expire 8 lines
11-21 15:52:06.879  2204  5554 D HwCommandQueue: CommandQueue, set Launcher StatusBar Color
11-21 15:52:07.628 30421 30421 I ViewRootImpl: dispatchDetachedFromWindow in doDie
11-21 15:52:07.646  2204  5554 I HwCommandQueue: updateBarBgColor
11-21 15:52:07.646  2204  5554 D HwCommandQueue: CommandQueue, setBarBackgroundColor
11-21 15:52:07.647  2204  5554 D HwCommandQueue: CommandQueue, set Launcher StatusBar Color
11-21 15:52:08.078  1778  2024 I chatty  : uid=1000(system) WifiService expire 3 lines
11-21 15:52:08.091  1778  1837 I chatty  : uid=1000(system) ActivityManager expire 1 line
11-21 15:52:08.114  1778  2032 I chatty  : uid=1000(system) ConnectivityThr expire 18 lines
11-21 15:52:08.116  1778  2046 I chatty  : uid=1000(system) LocationHander expire 1 line
11-21 15:52:08.118  2204  6667 D HwCommandQueue: CommandQueue, set Launcher StatusBar Color
11-21 15:52:08.128  1778  1838 I chatty  : uid=1000(system) ActivityManager expire 1 line
11-21 15:52:08.185 19978 19978 D ActivityThread: Attach thread to application
11-21 15:52:08.212 19978 19998 I ActivityThread: Init compatible state: false
11-21 15:52:08.226 19978 19978 I LoadedApk: makePaths: outLibPaths=[/data/app/com.huawei.hidisk-LeS0kwFkavPxPWFHA6CHOg==/lib/arm64, /data/app/com.huawei.hidisk-LeS0kwFkavPxPWFHA6CHOg==/base.apk!/lib/arm64-v8a, /system/lib64:/hw_product/lib64:/system/product/lib64:/prets/lib64]
11-21 15:52:08.287  2438  2680 I NetworkQoeChr: wifi and data disconnect
11-21 15:52:08.287  2438  2680 I NetworkQoeChr: end qoe report
11-21 15:52:08.288  2438  2438 I BoosterTelephonyCollector: WifiManager:Wifi disconnected
11-21 15:52:08.316  1778  3252 I chatty  : uid=1000(system) Binder:1778_13 expire 3 lines
11-21 15:52:08.328  2438  2680 I PreDnsQuery: No need to handled!
11-21 15:52:08.344  2028  2028 W wificond: Scan is not started. Ignore abort request
11-21 15:52:08.356  1778  3294 I chatty  : uid=1000(system) Binder:1778_17 expire 8 lines
11-21 15:52:08.383  1778  6095 I chatty  : uid=1000(system) Binder:1778_1E expire 9 lines
11-21 15:52:08.410  1778  6468 I chatty  : uid=1000(system) Binder:1778_20 expire 1 line
11-21 15:52:08.415  2438  2680 I NetworkQoeChr: end qoe report
11-21 15:52:08.432  2438  2438 I BoosterTelephonyCollector: WifiManager:Wifi other state
11-21 15:52:08.436  2438  2680 I NetworkQoeChr: end qoe report
11-21 15:52:08.461 30421 30421 I ViewRootImpl: dispatchDetachedFromWindow in doDie
11-21 15:52:08.483  2438  2680 D FourNetCombinationChr: tryUpdateFourNetConnectionState index:2, newState:0
11-21 15:52:08.492  2204  2771 D HwCommandQueue: CommandQueue, set Launcher StatusBar Color
11-21 15:52:08.494  2438  2680 I NetworkQoeChr: end qoe report
11-21 15:52:08.507  2836 20022 W ContextImpl: Calling a method in the system process without a qualified user: android.app.ContextImpl.bindService:1777 android.content.ContextWrapper.bindService:705 com.huawei.profile.a.a.a.a:1128 com.huawei.profile.a.b.a.a:265 com.huawei.profile.a.b.b.xL:205
11-21 15:52:08.512  1778  6458 I chatty  : uid=1000(system) Binder:1778_1F expire 1 line
11-21 15:52:08.553  1778  2022 I chatty  : uid=1000(system) NetworkPolicy expire 2 lines
11-21 15:52:08.574  1778  1829 I chatty  : uid=1000(system) HwActivityTaskM expire 1 line
11-21 15:52:08.574  1778  2048 I chatty  : uid=1000(system) Thread-6 expire 2 lines
11-21 15:52:08.588  1778  2556 I chatty  : uid=1000(system) Binder:1778_A expire 1 line
11-21 15:52:08.590  1778  1843 I chatty  : uid=1000(system) ActivityManager expire 1 line
11-21 15:52:08.623  2438  2438 E BoosterTelephonyCollector: isSkipApnType, apnType:default
11-21 15:52:08.625  2438  2680 I KernelQoeChr: KernelQoeChrhandleMessage : msg = 2130903070
11-21 15:52:08.625  2438  2680 I KernelQoeChr: updateMobileDataState mIsDataOn:false
11-21 15:52:08.625  2438  2680 D NpdcpAliveManager: updateMobileDataType:false
11-21 15:52:08.625  2438  2680 D NpdcpAliveManager: ro.odm.npdcp_alive_cfg_enable is false
11-21 15:52:08.643  2438  2682 E OllieTelephony: sendFullData err:-2
11-21 15:52:08.644 30421 30421 D ActivityThread: Won't deliver top position change in state=5
11-21 15:52:08.655 30421 30421 D HwCustConnectivityManagerImpl: isBlockNetworkRequestByNonAis, INVALID_SUBSCRIPTION_ID
11-21 15:52:08.662  1778  5962 I chatty  : uid=1000(system) Binder:1778_1C expire 13 lines
11-21 15:52:08.673 19978 19978 I ActivityThread: finishPreloaded preloadStatus 0
11-21 15:52:08.676  1778  1820 I chatty  : uid=1000(system) android.anim expire 16 lines
11-21 15:52:08.694  1778  1849 I chatty  : uid=1000(system) PowerManagerSer expire 28 lines
11-21 15:52:08.694  1778  1829 I chatty  : uid=1000(system) HwActivityTaskM expire 1 line
11-21 15:52:08.694  1778  2048 I chatty  : uid=1000(system) Thread-6 expire 2 lines
11-21 15:52:08.716  1778  1935 I chatty  : uid=1000(system) Binder:1778_3 expire 8 lines
11-21 15:52:08.720  2204  6667 I HwCommandQueue: updateBarBgColor
11-21 15:52:08.720  2204  6667 D HwCommandQueue: CommandQueue, setBarBackgroundColor
11-21 15:52:08.721  1778  1817 I chatty  : uid=1000(system) android.ui expire 2 lines
11-21 15:52:08.721  2204  2771 D HwCommandQueue: CommandQueue, set Launcher StatusBar Color
11-21 15:52:08.732  1778  3294 I chatty  : uid=1000(system) Binder:1778_17 expire 10 lines
11-21 15:52:08.743  2438  2680 I PositionFenceSignalCollect: cell Info change.
11-21 15:52:08.744  1778  2559 I chatty  : uid=1000(system) Binder:1778_C expire 12 lines
11-21 15:52:08.754  1778  6458 I chatty  : uid=1000(system) Binder:1778_1F expire 10 lines
11-21 15:52:08.769  1778  1819 I chatty  : uid=1000(system) android.display expire 7 lines
11-21 15:52:08.776  1778  1837 I chatty  : uid=1000(system) ActivityManager expire 17 lines
11-21 15:52:08.839  2438  2680 I NetworkQoeChr: end qoe report
11-21 15:52:08.852 19978 20047 W PackageParser: Unknown element under <manifest>: queries at /data/user_de/0/com.huawei.android.hsf/modules/external/huawei_module_networkkit/60000300/networkkit.apk Binary XML file line #14
11-21 15:52:08.879  2438  2680 I NetworkQoeChr: end qoe report
11-21 15:52:08.886  1778  2034 I chatty  : uid=1000(system) ConnectivitySer expire 107 lines
11-21 15:52:08.889  1778  2026 I chatty  : uid=1000(system) WifiP2pService expire 4 lines
11-21 15:52:08.908 19978 20047 D SystemConfig: Removed unavailable feature android.hardware.sensor.barometer
11-21 15:52:08.908 19978 20047 D SystemConfig: Removed unavailable feature android.hardware.sensor.stepdetector
11-21 15:52:08.918 19978 20047 W SystemConfig: No directory /product_services/etc/sysconfig, skipping
11-21 15:52:08.918 19978 20047 W SystemConfig: No directory /product_services/etc/permissions, skipping
11-21 15:52:08.920  2438  2680 I NetworkQoeChr: wifi or data connect
11-21 15:52:08.920  2438  2680 I NetworkQoeChr: end qoe report
11-21 15:52:08.920 19978 20047 W SystemConfig: No directory /system/emui/base/sysconfig, skipping
11-21 15:52:08.922 19978 20047 W SystemConfig: No directory /system/emui/china/sysconfig, skipping
11-21 15:52:08.922 19978 20047 W SystemConfig: No directory /vendor/etc/sysconfig, skipping
11-21 15:52:08.924 19978 20047 D SystemConfig: Removed unavailable feature android.hardware.sensor.barometer
11-21 15:52:08.926 19978 20047 D SystemConfig: Removed unavailable feature android.hardware.sensor.stepdetector
11-21 15:52:08.930 19978 20047 W SystemConfig: No directory /odm/cust/all/cn/sysconfig, skipping
11-21 15:52:08.930 19978 20047 W SystemConfig: No directory /odm/cust/all/cn/permissions, skipping
11-21 15:52:08.930 19978 20047 W SystemConfig: No directory /odm/etc/sysconfig, skipping
11-21 15:52:08.933 19978 20047 W SystemConfig: No directory /odm/etc/carrier/46007/sysconfig, skipping
11-21 15:52:08.933 19978 20047 W SystemConfig: No directory /odm/etc/carrier/46007/permissions, skipping
11-21 15:52:08.933 19978 20047 W SystemConfig: No directory /odm/hw_odm/VCE-AL00/sysconfig, skipping
11-21 15:52:08.933 19978 20047 W SystemConfig: No directory /odm/hw_odm/VCE-AL00/permissions, skipping
11-21 15:52:08.934 19978 20047 W SystemConfig: No directory /hw_product/etc/sysconfig, skipping
11-21 15:52:08.936 19978 20047 W SystemConfig: No directory /hw_product/etc/carrier/46007/sysconfig, skipping
11-21 15:52:08.936 19978 20047 W SystemConfig: No directory /hw_product/etc/carrier/46007/permissions, skipping
11-21 15:52:08.936 19978 20047 W SystemConfig: No directory /hw_product/region_comm/china/sysconfig, skipping
11-21 15:52:08.939 19978 20047 W SystemConfig: No directory /preas/china/sysconfig, skipping
11-21 15:52:08.945 19978 20047 W SystemConfig: No directory /hw_product/hw_oem/VCE-AL00/sysconfig, skipping
11-21 15:52:08.945 19978 20047 W SystemConfig: No directory /hw_product/hw_oem/VCE-AL00/permissions, skipping
11-21 15:52:08.945 19978 20047 W SystemConfig: No directory /preload/VCE-AL00/all/cn/sysconfig, skipping
11-21 15:52:08.948 19978 20047 W SystemConfig: No directory /cust/global/sysconfig, skipping
11-21 15:52:08.948 19978 20047 W SystemConfig: No directory /cust/global/permissions, skipping
11-21 15:52:08.948 19978 20047 W SystemConfig: No directory /cust/global/carrier/46007/sysconfig, skipping
11-21 15:52:08.949 19978 20047 W SystemConfig: No directory /cust/global/carrier/46007/permissions, skipping
11-21 15:52:08.949 19978 20047 W SystemConfig: No directory /cust/hw/cn/sysconfig, skipping
11-21 15:52:08.949 19978 20047 W SystemConfig: No directory /cust/hw/cn/permissions, skipping
11-21 15:52:08.949 19978 20047 W SystemConfig: No directory /cust/hw/cn/carrier/46007/sysconfig, skipping
11-21 15:52:08.949 19978 20047 W SystemConfig: No directory /cust/hw/cn/carrier/46007/permissions, skipping
11-21 15:52:08.949 19978 20047 W SystemConfig: No directory /version/cust/all/cn/sysconfig, skipping
11-21 15:52:08.950 19978 20047 W SystemConfig: No directory /version/special_cust/VCE-AL00/all/cn/sysconfig, skipping
11-21 15:52:08.950 19978 20047 W SystemConfig: No directory /version/special_cust/VCE-AL00/all/cn/permissions, skipping
11-21 15:52:08.951 19978 20047 W SystemConfig: No directory /version/special_cust/VCE-AL00/all/cn/carrier/46007/sysconfig, skipping
11-21 15:52:08.951 19978 20047 W SystemConfig: No directory /version/special_cust/VCE-AL00/all/cn/carrier/46007/permissions, skipping
11-21 15:52:08.951 19978 20047 W SystemConfig: No directory /cust/cotalite/sysconfig, skipping
11-21 15:52:08.951 19978 20047 W SystemConfig: No directory /cust/cotalite/permissions, skipping
11-21 15:52:08.951 19978 20047 W SystemConfig: No directory /cust/ecota/sysconfig, skipping
11-21 15:52:08.951 19978 20047 W SystemConfig: No directory /cust/ecota/permissions, skipping
11-21 15:52:08.951 19978 20047 I HwCustSystemConfigImpl: start read overlay feature.
11-21 15:52:08.955 19978 20047 I HwCustSystemConfigImpl: overlay feature take effect.
11-21 15:52:08.986  2438  2680 I NetworkQoeChr: end qoe report
11-21 15:52:09.001  2438  2438 I BoosterTelephonyCollector: WifiManager:Wifi other state
11-21 15:52:09.036  1778  1980 I chatty  : uid=1000(system) AlarmManager expire 2 lines
11-21 15:52:09.158  2438  2680 E BoosterNty: onOemHookRawEvent decodes failed.
11-21 15:52:09.158  2438  2680 E Booster_DollieCore: [onDefaultApnEpsBearerIdChanged]onDefaultApnEpsBearerIdChanged invalid pduSessionId -1
11-21 15:52:09.173  2438  2438 I BoosterTelephonyCollector: unsol oem Data, moduleId=100, moduleLen=12, msgId=1, msgLen=8
11-21 15:52:09.175  2438  2680 E BoosterVideoP: getErabId failed, invalid buffer
11-21 15:52:09.183 30421 30421 D ActivityThread: Remove activity client record, r= ActivityRecord{7f0b780 token=android.os.BinderProxy@ea50a1 {com.android.settings/com.android.settings.Settings$WifiAddActivity}} token= android.os.BinderProxy@ea50a1
11-21 15:52:09.183 30421 30421 I ViewRootImpl: dispatchDetachedFromWindow in doDie
11-21 15:52:09.260  2438  2438 E BoosterTelephonyCollector: isSkipApnType, apnType:default
11-21 15:52:09.260  2438  2680 I KernelQoeChr: KernelQoeChrhandleMessage : msg = 2130903070
11-21 15:52:09.260  2438  2680 I KernelQoeChr: updateMobileDataState mIsDataOn:true
11-21 15:52:09.260  2438  2680 D NpdcpAliveManager: updateMobileDataType:true
11-21 15:52:09.261  2438  2680 D NpdcpAliveManager: ro.odm.npdcp_alive_cfg_enable is false
11-21 15:52:09.261  2438  2680 E BoosterGameP: inValidCQI:-1
11-21 15:52:09.263  2438  2680 I BoosterVideoP: sendModemUnsolState true
11-21 15:52:09.266  2438  2680 I PreDnsQuery: No need to handled!
11-21 15:52:09.271  2438  2680 I NetworkQoeChr: data connected
11-21 15:52:09.271  2438  2680 I NetworkQoeChr: end qoe report
11-21 15:52:09.271  2438  2680 I DeepNoDisturbSM: IdleState processMessage msg.what=EVENT_DATA_CONNECTED
11-21 15:52:09.272  2438  2682 I BoosterVideoP: parseVideoAccLRRCRespType reqType=128, ret=0
11-21 15:52:09.274  2438  2680 I DeepNoDisturbSM: isNeedEnterDeepNoDisturbMode false
11-21 15:52:09.276  2438  2438 I BoosterTelephonyCollector: unsol oem Data, moduleId=0, moduleLen=8, msgId=0, msgLen=4
11-21 15:52:09.279  2438  2680 I BoosterVideoP: getHWBSVideoAccEnableState success, isNewState=false
11-21 15:52:09.279  2438  2680 E BoosterNty: onOemHookRawEvent decodes failed.
11-21 15:52:09.352  2438  2680 I NetworkQoeChr: end qoe report
11-21 15:52:09.398  1778  2032 I chatty  : uid=1000(system) ConnectivityThr expire 18 lines
11-21 15:52:09.401  1778  3252 I chatty  : uid=1000(system) Binder:1778_13 expire 4 lines
11-21 15:52:09.405  1778  1935 I chatty  : uid=1000(system) Binder:1778_3 expire 36 lines
11-21 15:52:09.406  1778  3293 I chatty  : uid=1000(system) Binder:1778_16 expire 1 line
11-21 15:52:09.406  4468  4588 I HwNetworkPolicyManager: getHwUidPolicy uid = 1000 policy = 0
11-21 15:52:09.407  1778  2034 I chatty  : uid=1000(system) ConnectivitySer expire 54 lines
11-21 15:52:09.408  1778  2360 I chatty  : uid=1000(system) NetworkTimeUpda expire 1 line
11-21 15:52:09.412  1778  3251 I chatty  : uid=1000(system) Binder:1778_12 expire 2 lines
11-21 15:52:09.412  1778  1849 I chatty  : uid=1000(system) PowerManagerSer expire 30 lines
11-21 15:52:09.420  4468  4549 I HwNetworkPolicyManager: getHwUidPolicy uid = 1000 policy = 0
11-21 15:52:09.424  1778  1778 I chatty  : uid=1000(system) Binder:1778_18 expire 11 lines
11-21 15:52:09.427  1778  2022 I chatty  : uid=1000(system) NetworkPolicy expire 4 lines
11-21 15:52:09.434  2438  2680 D FourNetCombinationChr: tryUpdateFourNetConnectionState index:0, newState:1
11-21 15:52:09.446  1778  2559 I chatty  : uid=1000(system) Binder:1778_C expire 36 lines
11-21 15:52:09.449  1778  6468 I chatty  : uid=1000(system) Binder:1778_20 expire 7 lines
11-21 15:52:09.482  1778  1837 I chatty  : uid=1000(system) ActivityManager expire 2 lines
11-21 15:52:09.511  2438  2682 E OllieTelephony: sendFullData err:-2
11-21 15:52:09.521  2438  2680 E OllieTelephony: sendFullData err:-2
11-21 15:52:09.563  1778  2032 I chatty  : uid=1000(system) ConnectivityThr expire 6 lines
11-21 15:52:09.569  1778  5962 I chatty  : uid=1000(system) Binder:1778_1C expire 4 lines
11-21 15:52:09.588  1778  2026 I chatty  : uid=1000(system) WifiP2pService expire 5 lines
11-21 15:52:09.718  1778  1830 I chatty  : uid=1000(system) HwGameAssistant expire 1 line
11-21 15:52:09.722  1778  3046 I chatty  : uid=1000(system) Binder:1778_11 expire 5 lines
11-21 15:52:09.736  1778  5933 I chatty  : uid=1000(system) Binder:1778_1B expire 3 lines
11-21 15:52:09.766  1778  3294 I chatty  : uid=1000(system) Binder:1778_17 expire 2 lines
11-21 15:52:09.781  2438  2680 I PositionFenceSignalCollect: wifiDatas size 35 for recognize
11-21 15:52:09.781  2438  2680 E PositionFenceRecognize: RecognizeByWifi fail, highPrecisionConfirmedFence is empty
11-21 15:52:09.781  2438  2680 I PositionFenceRecognize: HighPrecisionRecognizeByCellAndServeAp fail, highPrecisionConfirmedFenceInfos is empty
11-21 15:52:09.781  2438  2680 I PositionFenceRecognize: LowPrecisionRecognizeByCellAndServeAp fail, lowPrecisionConfirmedFenceInfos is empty
11-21 15:52:09.807  4468  4605 W ContextImpl: Calling a method in the system process without a qualified user: android.app.ContextImpl.sendBroadcast:1168 android.content.ContextWrapper.sendBroadcast:448 ye.a:73 ye.k:71 ye.nd:14
11-21 15:52:09.812  5981  5981 I ActivityThread: Handle window ActivityRecord{4338dda token=android.os.BinderProxy@a64c332 {com.huawei.android.launcher/com.huawei.android.launcher.unihome.UniHomeLauncher}} visibility: true
11-21 15:52:09.815  2371  2937 I HwNetworkPolicyManager: getHwUidPolicy uid = 10079 policy = 0
11-21 15:52:09.821  1778  2558 I chatty  : uid=1000(system) Binder:1778_B expire 3 lines
11-21 15:52:09.822  1778  2726 I chatty  : uid=1000(system) Binder:1778_10 expire 7 lines
11-21 15:52:09.834  1778  1986 I chatty  : uid=1000(system) sManagerService expire 2 lines
11-21 15:52:09.852  1778  1820 I chatty  : uid=1000(system) android.anim expire 16 lines
11-21 15:52:09.875  1778  6094 I chatty  : uid=1000(system) Binder:1778_1D expire 2 lines
11-21 15:52:09.884  1778  1829 I chatty  : uid=1000(system) HwActivityTaskM expire 2 lines
11-21 15:52:09.884  1778  2048 I chatty  : uid=1000(system) Thread-6 expire 4 lines
11-21 15:52:09.890  5981  5981 I RtgSchedEvent: current pid:5981 AppType:28
11-21 15:52:09.904  1778  1939 I chatty  : uid=1000(system) UEventObserver expire 6 lines
11-21 15:52:09.907  1778  1819 I chatty  : uid=1000(system) android.display expire 18 lines
11-21 15:52:09.909  2438  2680 I NetworkQoeChr: end qoe report
11-21 15:52:09.916  2438  2680 I SmartDualCardConfig: getAppType,pkgName=com.huawei.android.launcher,appType=28
11-21 15:52:09.916  2438  2680 E SmartDualCardConfig: isAppInBlackList false,items==null
11-21 15:52:09.917  2438  2680 E Booster_MatterAppRecommend: [isMatterPackage]invalid mMatterPackagesConfig
11-21 15:52:09.918  1778  1820 I chatty  : uid=1000(system) android.anim expire 7 lines
11-21 15:52:09.927  1778  3293 I chatty  : uid=1000(system) Binder:1778_16 expire 7 lines
11-21 15:52:09.955  2204  6667 I HwCommandQueue: updateBarBgColor
11-21 15:52:09.955  2204  6667 D HwCommandQueue: CommandQueue, setBarBackgroundColor
11-21 15:52:09.955  1778  1817 I chatty  : uid=1000(system) android.ui expire 2 lines
11-21 15:52:09.956  2204  2771 D HwCommandQueue: CommandQueue, set Launcher StatusBar Color
11-21 15:52:09.957  1778  2034 I chatty  : uid=1000(system) ConnectivitySer expire 144 lines
11-21 15:52:09.971  1778  1849 I chatty  : uid=1000(system) PowerManagerSer expire 22 lines
11-21 15:52:09.985  1778  1837 I chatty  : uid=1000(system) ActivityManager expire 6 lines
11-21 15:52:09.985  1778  2559 I chatty  : uid=1000(system) Binder:1778_C expire 4 lines
11-21 15:52:09.987  1778  3294 I chatty  : uid=1000(system) Binder:1778_17 expire 2 lines
11-21 15:52:09.991  1778  2240 I chatty  : uid=1000(system) NetworkStatsObs expire 4 lines
11-21 15:52:09.991  1778  6458 I chatty  : uid=1000(system) Binder:1778_1F expire 2 lines
11-21 15:52:10.007  1778  3251 I chatty  : uid=1000(system) Binder:1778_12 expire 2 lines
11-21 15:52:10.045  1778  1778 I chatty  : uid=1000(system) Binder:1778_18 expire 4 lines
11-21 15:52:10.057  1778  2130 I chatty  : uid=1000(system) wifipro_feature expire 2 lines
11-21 15:52:10.069  1778  2560 I chatty  : uid=1000(system) Binder:1778_D expire 1 line
11-21 15:52:10.140  2438  2680 E BoosterNty: onOemHookRawEvent decodes failed.
11-21 15:52:10.140  2438  2438 I BoosterTelephonyCollector: unsol oem Data, moduleId=100, moduleLen=12, msgId=1, msgLen=8
11-21 15:52:10.140  2438  2680 E Booster_DollieCore: [onDefaultApnEpsBearerIdChanged]onDefaultApnEpsBearerIdChanged invalid pduSessionId -1
11-21 15:52:10.141  2438  2680 E BoosterVideoP: getErabId failed, invalid buffer
11-21 15:52:10.179  2438  2680 I KernelQoeChr: KernelQoeChrhandleMessage : msg = 2130903070
11-21 15:52:10.179  2438  2680 I KernelQoeChr: updateMobileDataState mIsDataOn:true
11-21 15:52:10.179  2438  2680 D NpdcpAliveManager: updateMobileDataType:true
11-21 15:52:10.179  2438  2438 E BoosterTelephonyCollector: isSkipApnType, apnType:default
11-21 15:52:10.179  2438  2680 D NpdcpAliveManager: ro.odm.npdcp_alive_cfg_enable is false
11-21 15:52:10.180  1778  1935 I chatty  : uid=1000(system) Binder:1778_3 expire 25 lines
11-21 15:52:10.182  2438  2680 D FourNetCombinationChr: tryUpdateFourNetConnectionState index:2, newState:1
11-21 15:52:10.183  1778  5933 I chatty  : uid=1000(system) Binder:1778_1B expire 3 lines
11-21 15:52:10.184  1778  2032 I chatty  : uid=1000(system) ConnectivityThr expire 6 lines
11-21 15:52:10.184  1778  3046 I chatty  : uid=1000(system) Binder:1778_11 expire 5 lines
11-21 15:52:10.201  1778  2022 I chatty  : uid=1000(system) NetworkPolicy expire 2 lines
11-21 15:52:10.236  2438  2680 I NetworkQoeChr: end qoe report
11-21 15:52:10.254  2438  2438 I BoosterTelephonyCollector: WifiManager:Wifi connected
11-21 15:52:10.256  2438  2680 I PreDnsQuery: No need to handled!
11-21 15:52:10.319  1778  1838 I chatty  : uid=1000(system) ActivityManager expire 1 line
11-21 15:52:10.335 20134 20134 D ActivityThread: Attach thread to application
11-21 15:52:10.336  1778 20122 I chatty  : uid=1000(system) Binder:1778_18 expire 1 line
11-21 15:52:10.345  1778  3252 I chatty  : uid=1000(system) Binder:1778_13 expire 5 lines
11-21 15:52:10.372 20134 20134 I LoadedApk: makePaths: outLibPaths=[/system/app/HiViewTunnel/lib/arm64, /system/lib64:/hw_product/lib64:/system/product/lib64:/prets/lib64]
11-21 15:52:10.399 20134 20154 I ActivityThread: Init compatible state: false
11-21 15:52:10.453  4468  4588 I HwNetworkPolicyManager: getHwUidPolicy uid = 1000 policy = 0
11-21 15:52:10.456  1778  2558 I chatty  : uid=1000(system) Binder:1778_B expire 2 lines
11-21 15:52:10.457  4468  4549 I HwNetworkPolicyManager: getHwUidPolicy uid = 1000 policy = 0
11-21 15:52:10.461  1778  2360 I chatty  : uid=1000(system) NetworkTimeUpda expire 1 line
11-21 15:52:10.487  1778  1935 I chatty  : uid=1000(system) Binder:1778_3 expire 24 lines
11-21 15:52:10.488  1778  5933 I chatty  : uid=1000(system) Binder:1778_1B expire 3 lines
11-21 15:52:10.490  1778  2021 I chatty  : uid=1000(system) NetworkStats expire 10 lines
11-21 15:52:10.490  1778  1849 I chatty  : uid=1000(system) PowerManagerSer expire 9 lines
11-21 15:52:10.498  1778  3294 I chatty  : uid=1000(system) Binder:1778_17 expire 12 lines
11-21 15:52:10.498  1778  2560 I chatty  : uid=1000(system) Binder:1778_D expire 17 lines
11-21 15:52:10.499  1778  3046 I chatty  : uid=1000(system) Binder:1778_11 expire 7 lines
11-21 15:52:10.502  1778  2726 I chatty  : uid=1000(system) Binder:1778_10 expire 15 lines
11-21 15:52:10.504  1778  6458 I chatty  : uid=1000(system) Binder:1778_1F expire 3 lines
11-21 15:52:10.514  1778  1820 I chatty  : uid=1000(system) android.anim expire 21 lines
11-21 15:52:10.515  1778  3252 I chatty  : uid=1000(system) Binder:1778_13 expire 7 lines
11-21 15:52:10.516  1778  3293 I chatty  : uid=1000(system) Binder:1778_16 expire 3 lines
11-21 15:52:10.523  1778  2034 I chatty  : uid=1000(system) ConnectivitySer expire 51 lines
11-21 15:52:10.526  1778  2032 I chatty  : uid=1000(system) ConnectivityThr expire 30 lines
11-21 15:52:10.575  1778  2558 I chatty  : uid=1000(system) Binder:1778_B expire 11 lines
11-21 15:52:10.584  1778  3253 I chatty  : uid=1000(system) Binder:1778_14 expire 4 lines
11-21 15:52:10.587  1778  1778 I chatty  : uid=1000(system) Binder:1778_18 expire 8 lines
11-21 15:52:10.594  1778  2026 I chatty  : uid=1000(system) WifiP2pService expire 3 lines
11-21 15:52:10.601  1778  2130 I chatty  : uid=1000(system) wifipro_feature expire 2 lines
11-21 15:52:10.616  1778  1837 I chatty  : uid=1000(system) ActivityManager expire 3 lines
11-21 15:52:10.618  1778  2240 I chatty  : uid=1000(system) NetworkStatsObs expire 2 lines
11-21 15:52:10.625 20134 20134 I ActivityThread: finishPreloaded preloadStatus 0
11-21 15:52:10.634  1778  1843 I chatty  : uid=1000(system) ActivityManager expire 1 line
11-21 15:52:10.636  1778  1817 I chatty  : uid=1000(system) android.ui expire 3 lines
11-21 15:52:10.638  1778  2022 I chatty  : uid=1000(system) NetworkPolicy expire 4 lines
11-21 15:52:10.641  2438  2438 I chatty  : uid=1000(system) com.huawei.systemserver expire 1 line
11-21 15:52:10.641  2438  2680 I chatty  : uid=1000(system) OllieAwareThrea expire 12 lines
11-21 15:52:10.644  1778  2559 I chatty  : uid=1000(system) Binder:1778_C expire 1 line
11-21 15:52:10.655  1778  1830 I chatty  : uid=1000(system) HwGameAssistant expire 1 line
11-21 15:52:10.656  1778  5962 I chatty  : uid=1000(system) Binder:1778_1C expire 5 lines
11-21 15:52:10.657  1778  1829 I chatty  : uid=1000(system) HwActivityTaskM expire 4 lines
11-21 15:52:10.660  2438  2682 I chatty  : uid=1000(system) OllieServiceThr expire 1 line
11-21 15:52:10.693  1778  2048 I chatty  : uid=1000(system) Thread-6 expire 4 lines
11-21 15:52:10.719 30421 30421 D ActivityThread: Won't deliver top position change in state=5
11-21 15:52:10.743 20134 20134 D HwCustConnectivityManagerImpl: isBlockNetworkRequestByNonAis, INVALID_SUBSCRIPTION_ID
11-21 15:52:10.750  1778  3292 I chatty  : uid=1000(system) Binder:1778_15 expire 1 line
11-21 15:52:10.776 30421 30421 D HwCustConnectivityManagerImpl: isBlockNetworkRequestByNonAis, INVALID_SUBSCRIPTION_ID
11-21 15:52:10.779  2371  2566 I HwNetworkPolicyManager: getHwUidPolicy uid = 1000 policy = 0
11-21 15:52:10.782  1778  1819 I chatty  : uid=1000(system) android.display expire 3 lines
11-21 15:52:10.785  1778  6094 I chatty  : uid=1000(system) Binder:1778_1D expire 5 lines
11-21 15:52:10.796  2438  7810 I chatty  : uid=1000(system) DataSwitcher expire 2 lines
11-21 15:52:10.796  2438  7811 I chatty  : uid=1000(system) DataSwitcher expire 2 lines
11-21 15:52:10.796  2438  2680 I chatty  : uid=1000(system) OllieAwareThrea expire 1 line
11-21 15:52:10.830  2204  6667 D HwCommandQueue: CommandQueue, set Launcher StatusBar Color
11-21 15:52:10.869  1778  2034 I chatty  : uid=1000(system) ConnectivitySer expire 11 lines
11-21 15:52:10.869  1778  3292 I chatty  : uid=1000(system) Binder:1778_15 expire 43 lines
11-21 15:52:10.872  1778  1935 I chatty  : uid=1000(system) Binder:1778_3 expire 29 lines
11-21 15:52:10.879  1778  2032 I chatty  : uid=1000(system) ConnectivityThr expire 6 lines
11-21 15:52:10.882  1778  1849 I chatty  : uid=1000(system) PowerManagerSer expire 41 lines
11-21 15:52:10.896  1778  2558 I chatty  : uid=1000(system) Binder:1778_B expire 1 line
11-21 15:52:10.906  1778  3293 I chatty  : uid=1000(system) Binder:1778_16 expire 19 lines
11-21 15:52:10.907  2204  2771 I HwCommandQueue: updateBarBgColor
11-21 15:52:10.907  2204  2771 D HwCommandQueue: CommandQueue, setBarBackgroundColor
11-21 15:52:10.937  1778  1820 I chatty  : uid=1000(system) android.anim expire 11 lines
11-21 15:52:10.946  2438  2682 I chatty  : uid=1000(system) OllieServiceThr expire 2 lines
11-21 15:52:10.967  1778  3253 I chatty  : uid=1000(system) Binder:1778_14 expire 12 lines
11-21 15:52:11.102  4468  4605 W ContextImpl: Calling a method in the system process without a qualified user: android.app.ContextImpl.sendBroadcast:1168 android.content.ContextWrapper.sendBroadcast:448 ye.a:73 ye.k:71 ye.nd:14
11-21 15:52:11.136  1778  1778 I chatty  : uid=1000(system) Binder:1778_18 expire 5 lines
11-21 15:52:11.138  1778  1819 I chatty  : uid=1000(system) android.display expire 29 lines
11-21 15:52:11.165  1778  1986 I chatty  : uid=1000(system) sManagerService expire 4 lines
11-21 15:52:11.165 30421 30421 I RtgSchedEvent: current pid:30421 AppType:255
11-21 15:52:11.202  2438  2680 I chatty  : uid=1000(system) OllieAwareThrea expire 11 lines
11-21 15:52:11.403  1778  3252 I chatty  : uid=1000(system) Binder:1778_13 expire 10 lines
11-21 15:52:11.436  1778  1829 I chatty  : uid=1000(system) HwActivityTaskM expire 10 lines
11-21 15:52:11.459  4468  4549 I HwNetworkPolicyManager: getHwUidPolicy uid = 1000 policy = 0
11-21 15:52:11.586  1778  2026 I chatty  : uid=1000(system) WifiP2pService expire 18 lines
