06-08 18:13:05.305  1977  2997 D libsensor-displayalgo: the value of  brightness:8.000000,R:54405574.884592,G:58949982.390499,B:65919530.886851,EVENT_C:3808.000000,EVENT_R:1581.500000,EVENT_G:1834.500000,EVENT_B:755.500000
06-08 18:13:05.305  1977  2997 I libsensor-displayalgo: the value of  Coef1:1107.681000,Coef4:2.383000, scale1:0.935522, scale4:0.923264
06-08 18:13:05.305  1977  2997 E libsensor-displayalgo: RGB_test_0407_400_oldzy!
06-08 18:13:05.306  1977  2997 I libsensor-displayalgo: the value of  RESULT123.019057,42.233719,64.730804,19.270053
06-08 18:13:05.306  1977  2997 I libsensor-displayalgo: the value of  getChannelDataCalibrated125.475167,39.404666,72.767850,20.340611
06-08 18:13:05.306  1977  2997 I libsensor-displayalgo: the value of  REAL LUX222.191101
06-08 18:13:05.306  1977  2997 I libsensor-displayalgo: the value of  CAL REAL LUX222.191101
06-08 18:13:05.556  4164  4173 I ndroid.systemu: This is sticky GC, maxfree is 8388608 minfree is 2097152
06-08 18:13:05.605  1977  2997 D libsensor-displayalgo: the value of  brightness:8.000000,R:54405574.884592,G:58949982.390499,B:65919530.886851,EVENT_C:3799.500000,EVENT_R:1579.000000,EVENT_G:1832.000000,EVENT_B:754.000000
06-08 18:13:05.605  1977  2997 I libsensor-displayalgo: the value of  Coef1:1107.681000,Coef4:2.383000, scale1:0.935522, scale4:0.923264
06-08 18:13:05.605  1977  2997 E libsensor-displayalgo: RGB_test_0407_400_oldzy!
06-08 18:13:05.606  1977  2997 I libsensor-displayalgo: the value of  RESULT123.019057,42.233719,64.730804,19.270053
06-08 18:13:05.606  1977  2997 I libsensor-displayalgo: the value of  getChannelDataCalibrated125.475167,39.404666,72.767850,20.340611
06-08 18:13:05.606  1977  2997 I libsensor-displayalgo: the value of  REAL LUX221.693558
06-08 18:13:05.606  1977  2997 I libsensor-displayalgo: the value of  CAL REAL LUX221.693558
06-08 18:13:06.005  1977  2997 D libsensor-displayalgo: the value of  brightness:8.000000,R:54405574.884592,G:58949982.390499,B:65919530.886851,EVENT_C:3778.000000,EVENT_R:1574.000000,EVENT_G:1819.000000,EVENT_B:745.500000
06-08 18:13:06.005  1977  2997 I libsensor-displayalgo: the value of  Coef1:1107.681000,Coef4:2.383000, scale1:0.935522, scale4:0.923264
06-08 18:13:06.005  1977  2997 E libsensor-displayalgo: RGB_test_0407_400_oldzy!
06-08 18:13:06.006  1977  2997 I libsensor-displayalgo: the value of  RESULT123.019057,42.233719,64.730804,19.270053
06-08 18:13:06.006  1977  2997 I libsensor-displayalgo: the value of  getChannelDataCalibrated125.475167,39.404666,72.767850,20.340611
06-08 18:13:06.006  1977  2997 I libsensor-displayalgo: the value of  REAL LUX220.463684
06-08 18:13:06.006  1977  2997 I libsensor-displayalgo: the value of  CAL REAL LUX220.463684
06-08 18:13:06.305  1977  2997 D libsensor-displayalgo: the value of  brightness:8.000000,R:54405574.884592,G:58949982.390499,B:65919530.886851,EVENT_C:3792.500000,EVENT_R:1580.000000,EVENT_G:1827.500000,EVENT_B:749.500000
06-08 18:13:06.305  1977  2997 I libsensor-displayalgo: the value of  Coef1:1107.681000,Coef4:2.383000, scale1:0.935522, scale4:0.923264
06-08 18:13:06.305  1977  2997 E libsensor-displayalgo: RGB_test_0407_400_oldzy!
06-08 18:13:06.306  1977  2997 I libsensor-displayalgo: the value of  RESULT123.019057,42.233719,64.730804,19.270053
06-08 18:13:06.306  1977  2997 I libsensor-displayalgo: the value of  getChannelDataCalibrated125.475167,39.404666,72.767850,20.340611
06-08 18:13:06.306  1977  2997 I libsensor-displayalgo: the value of  REAL LUX221.322601
06-08 18:13:06.306  1977  2997 I libsensor-displayalgo: the value of  CAL REAL LUX221.322601
06-08 18:13:06.605  1977  2997 D libsensor-displayalgo: the value of  brightness:8.000000,R:54405574.884592,G:58949982.390499,B:65919530.886851,EVENT_C:3805.500000,EVENT_R:1578.500000,EVENT_G:1833.500000,EVENT_B:754.500000
06-08 18:13:06.605  1977  2997 I libsensor-displayalgo: the value of  Coef1:1107.681000,Coef4:2.383000, scale1:0.935522, scale4:0.923264
06-08 18:13:06.605  1977  2997 E libsensor-displayalgo: RGB_test_0407_400_oldzy!
06-08 18:13:06.606  1977  2997 I libsensor-displayalgo: the value of  RESULT123.019057,42.233719,64.730804,19.270053
06-08 18:13:06.606  1977  2997 I libsensor-displayalgo: the value of  getChannelDataCalibrated125.475167,39.404666,72.767850,20.340611
06-08 18:13:06.606  1977  2997 I libsensor-displayalgo: the value of  REAL LUX222.163483
06-08 18:13:06.606  1977  2997 I libsensor-displayalgo: the value of  CAL REAL LUX222.163483
06-08 18:13:06.905  1977  2997 D libsensor-displayalgo: the value of  brightness:8.000000,R:54405574.884592,G:58949982.390499,B:65919530.886851,EVENT_C:3811.500000,EVENT_R:1581.500000,EVENT_G:1837.000000,EVENT_B:755.000000
06-08 18:13:06.905  1977  2997 I libsensor-displayalgo: the value of  Coef1:1107.681000,Coef4:2.383000, scale1:0.935522, scale4:0.923264
06-08 18:13:06.905  1977  2997 E libsensor-displayalgo: RGB_test_0407_400_oldzy!
06-08 18:13:06.906  1977  2997 I libsensor-displayalgo: the value of  RESULT123.019057,42.233719,64.730804,19.270053
06-08 18:13:06.906  1977  2997 I libsensor-displayalgo: the value of  getChannelDataCalibrated125.475167,39.404666,72.767850,20.340611
06-08 18:13:06.906  1977  2997 I libsensor-displayalgo: the value of  REAL LUX222.592468
06-08 18:13:06.906  1977  2997 I libsensor-displayalgo: the value of  CAL REAL LUX222.592468
06-08 18:13:07.205  1977  2997 D libsensor-displayalgo: the value of  brightness:8.000000,R:54405574.884592,G:58949982.390499,B:65919530.886851,EVENT_C:3764.500000,EVENT_R:1571.000000,EVENT_G:1812.000000,EVENT_B:743.500000
06-08 18:13:07.205  1977  2997 I libsensor-displayalgo: the value of  Coef1:1107.681000,Coef4:2.383000, scale1:0.935522, scale4:0.923264
06-08 18:13:07.205  1977  2997 E libsensor-displayalgo: RGB_test_0407_400_oldzy!
06-08 18:13:07.206  1977  2997 I libsensor-displayalgo: the value of  RESULT123.019057,42.233719,64.730804,19.270053
06-08 18:13:07.206  1977  2997 I libsensor-displayalgo: the value of  getChannelDataCalibrated125.475167,39.404666,72.767850,20.340611
06-08 18:13:07.206  1977  2997 I libsensor-displayalgo: the value of  REAL LUX219.468033
06-08 18:13:07.206  1977  2997 I libsensor-displayalgo: the value of  CAL REAL LUX219.468033
06-08 18:13:07.487  1245  2285 I vendor.qti.hardware.display.composer-service: FrameNotifyProcess Sensor: notify citsensorservice to trigger cwb
06-08 18:13:07.487  1977  2106 I libcitsensorservice@2.0-impl: msg_transfer
06-08 18:13:07.488  1977  2987 D vendor.xiaomi.sensor.citsensorservice@2.0-service: handle id:8 wxh:1280x2400 uwxuh:1080x2400 size: 9216000 fd:15 fd_meta:16 flags:0x4000228 usage:0x33  format:0x3 layer_count: 1
06-08 18:13:07.488  1245  1846 I SDM     : HWCSession::SetCWBOutputBuffer: CWB config passed by cwb_client : tappoint 1  CWB_ROI : (829.000000 4.000000 915.000000 90.000000)
06-08 18:13:07.490  1245 24527 I SDM     : HWCSession::ProcessRequests: Successfully configured CWB buffer.
06-08 18:13:07.496  1245 24527 I SDM     : HWCSession::ProcessRequests: Pushing release fence in fenece wait queue.
06-08 18:13:07.497  1245 24527 I SDM     : HWCSession::ProcessRequests: Creating AsyncFenceWaits async thread.
06-08 18:13:07.497  1245 24527 I SDM     : HWCSession::ProcessRequests: Remove current CWB request from the pending request queue.
06-08 18:13:07.497  1245 24527 I SDM     : HWCSession::ProcessRequests: No pending cwb requests found in the queue.
06-08 18:13:07.504  1245  1464 I SDM     : HWDeviceDRM::SetupConcurrentWriteback: Tear down the Concurrent Writeback topology
06-08 18:13:07.510  1245 24528 I SDM     : HWCSession::NotifyCWBStatus: Notify the client about buffer status 0.
06-08 18:13:07.511  1245 24528 I SDM     : HWCSession::PerformFenceWaits: Remove current release fence from the pending fence wait queue.
06-08 18:13:07.511  1245 24528 I SDM     : HWCSession::PerformFenceWaits: CWB fence queue is empty. No pending release fence to wait on.
06-08 18:13:07.605  1977  2997 D libsensor-displayalgo: the value of  brightness:8.000000,R:54406995.060778,G:58951203.384723,B:65920425.756622,EVENT_C:3783.500000,EVENT_R:1576.000000,EVENT_G:1820.000000,EVENT_B:747.000000
06-08 18:13:07.605  1977  2997 I libsensor-displayalgo: the value of  Coef1:1107.681000,Coef4:2.383000, scale1:0.935522, scale4:0.923264
06-08 18:13:07.605  1977  2997 E libsensor-displayalgo: RGB_test_0407_400_oldzy!
06-08 18:13:07.606  1977  2997 I libsensor-displayalgo: the value of  RESULT123.020918,42.234377,64.731779,19.270344
06-08 18:13:07.606  1977  2997 I libsensor-displayalgo: the value of  getChannelDataCalibrated125.477065,39.405280,72.768946,20.340919
06-08 18:13:07.606  1977  2997 I libsensor-displayalgo: the value of  REAL LUX220.699966
06-08 18:13:07.606  1977  2997 I libsensor-displayalgo: the value of  CAL REAL LUX220.699966
06-08 18:13:07.905  1977  2997 D libsensor-displayalgo: the value of  brightness:8.000000,R:54406995.060778,G:58951203.384723,B:65920425.756622,EVENT_C:3783.500000,EVENT_R:1576.000000,EVENT_G:1820.000000,EVENT_B:747.000000
06-08 18:13:07.905  1977  2997 I libsensor-displayalgo: the value of  Coef1:1107.681000,Coef4:2.383000, scale1:0.935522, scale4:0.923264
06-08 18:13:07.905  1977  2997 E libsensor-displayalgo: RGB_test_0407_400_oldzy!
06-08 18:13:07.906  1977  2997 I libsensor-displayalgo: the value of  RESULT123.020918,42.234377,64.731779,19.270344
06-08 18:13:07.906  1977  2997 I libsensor-displayalgo: the value of  getChannelDataCalibrated125.477065,39.405280,72.768946,20.340919
06-08 18:13:07.906  1977  2997 I libsensor-displayalgo: the value of  REAL LUX220.699966
06-08 18:13:07.906  1977  2997 I libsensor-displayalgo: the value of  CAL REAL LUX220.699966
06-08 18:13:08.205  1977  2997 D libsensor-displayalgo: the value of  brightness:8.000000,R:54406995.060778,G:58951203.384723,B:65920425.756622,EVENT_C:3783.500000,EVENT_R:1576.000000,EVENT_G:1820.000000,EVENT_B:747.000000
06-08 18:13:08.205  1977  2997 I libsensor-displayalgo: the value of  Coef1:1107.681000,Coef4:2.383000, scale1:0.935522, scale4:0.923264
06-08 18:13:08.205  1977  2997 E libsensor-displayalgo: RGB_test_0407_400_oldzy!
06-08 18:13:08.206  1977  2997 I libsensor-displayalgo: the value of  RESULT123.020918,42.234377,64.731779,19.270344
06-08 18:13:08.206  1977  2997 I libsensor-displayalgo: the value of  getChannelDataCalibrated125.477065,39.405280,72.768946,20.340919
06-08 18:13:08.206  1977  2997 I libsensor-displayalgo: the value of  REAL LUX220.699966
06-08 18:13:08.206  1977  2997 I libsensor-displayalgo: the value of  CAL REAL LUX220.699966
06-08 18:13:08.505  1977  2997 D libsensor-displayalgo: the value of  brightness:8.000000,R:54406995.060778,G:58951203.384723,B:65920425.756622,EVENT_C:3783.500000,EVENT_R:1576.000000,EVENT_G:1820.000000,EVENT_B:747.000000
06-08 18:13:08.505  1977  2997 I libsensor-displayalgo: the value of  Coef1:1107.681000,Coef4:2.383000, scale1:0.935522, scale4:0.923264
06-08 18:13:08.505  1977  2997 E libsensor-displayalgo: RGB_test_0407_400_oldzy!
06-08 18:13:08.506  1977  2997 I libsensor-displayalgo: the value of  RESULT123.020918,42.234377,64.731779,19.270344
06-08 18:13:08.506  1977  2997 I libsensor-displayalgo: the value of  getChannelDataCalibrated125.477065,39.405280,72.768946,20.340919
06-08 18:13:08.506  1977  2997 I libsensor-displayalgo: the value of  REAL LUX220.699966
06-08 18:13:08.506  1977  2997 I libsensor-displayalgo: the value of  CAL REAL LUX220.699966
06-08 18:13:08.805  1977  2997 D libsensor-displayalgo: the value of  brightness:8.000000,R:54406995.060778,G:58951203.384723,B:65920425.756622,EVENT_C:3773.000000,EVENT_R:1574.500000,EVENT_G:1814.500000,EVENT_B:743.000000
06-08 18:13:08.805  1977  2997 I libsensor-displayalgo: the value of  Coef1:1107.681000,Coef4:2.383000, scale1:0.935522, scale4:0.923264
06-08 18:13:08.805  1977  2997 E libsensor-displayalgo: RGB_test_0407_400_oldzy!
06-08 18:13:08.806  1977  2997 I libsensor-displayalgo: the value of  RESULT123.020918,42.234377,64.731779,19.270344
06-08 18:13:08.806  1977  2997 I libsensor-displayalgo: the value of  getChannelDataCalibrated125.477065,39.405280,72.768946,20.340919
06-08 18:13:08.806  1977  2997 I libsensor-displayalgo: the value of  REAL LUX220.090179
06-08 18:13:08.806  1977  2997 I libsensor-displayalgo: the value of  CAL REAL LUX220.090179
06-08 18:13:09.205  1977  2997 D libsensor-displayalgo: the value of  brightness:8.000000,R:54406995.060778,G:58951203.384723,B:65920425.756622,EVENT_C:3835.000000,EVENT_R:1594.500000,EVENT_G:1846.000000,EVENT_B:759.500000
06-08 18:13:09.205  1977  2997 I libsensor-displayalgo: the value of  Coef1:1107.681000,Coef4:2.383000, scale1:0.935522, scale4:0.923264
06-08 18:13:09.205  1977  2997 E libsensor-displayalgo: RGB_test_0407_400_oldzy!
06-08 18:13:09.206  1977  2997 I libsensor-displayalgo: the value of  RESULT123.020918,42.234377,64.731779,19.270344
06-08 18:13:09.206  1977  2997 I libsensor-displayalgo: the value of  getChannelDataCalibrated125.477065,39.405280,72.768946,20.340919
06-08 18:13:09.206  1977  2997 I libsensor-displayalgo: the value of  REAL LUX223.804672
06-08 18:13:09.206  1977  2997 I libsensor-displayalgo: the value of  CAL REAL LUX223.804672
06-08 18:13:09.505  1977  2997 D libsensor-displayalgo: the value of  brightness:8.000000,R:54406995.060778,G:58951203.384723,B:65920425.756622,EVENT_C:3853.500000,EVENT_R:1598.000000,EVENT_G:1854.000000,EVENT_B:765.000000
06-08 18:13:09.505  1977  2997 I libsensor-displayalgo: the value of  Coef1:1107.681000,Coef4:2.383000, scale1:0.935522, scale4:0.923264
06-08 18:13:09.505  1977  2997 E libsensor-displayalgo: RGB_test_0407_400_oldzy!
06-08 18:13:09.506  1977  2997 I libsensor-displayalgo: the value of  RESULT123.020918,42.234377,64.731779,19.270344
06-08 18:13:09.506  1977  2997 I libsensor-displayalgo: the value of  getChannelDataCalibrated125.477065,39.405280,72.768946,20.340919
06-08 18:13:09.506  1977  2997 I libsensor-displayalgo: the value of  REAL LUX224.895523
06-08 18:13:09.506  1977  2997 I libsensor-displayalgo: the value of  CAL REAL LUX224.895523
06-08 18:13:09.528  5452  9748 D SLM-SRV-SLAService: checktemp temperature = 35445 temperature_average = 35554 isPerformanceMode = false thermal_enable_slm = true
06-08 18:13:09.651  2403  2911 D MIUIInput: [MotionEvent] notifyMotion - eventTime=2077413106764000, deviceId=8, source=0x1002, policyFlags=0x0, action=0x0, flags=0x0, downTime=2077413106764000, moveCount:0
06-08 18:13:09.652  2403  2910 D MIUIInput: [MotionEvent] publisher action=0x4, 2077413106, channel '9ede85b NavigationBar0 (server)'
06-08 18:13:09.652  2403  2910 D MIUIInput: [MotionEvent] publisher action=0x4, 2077413106, channel '127ebfc LauncherOverlayWindow:com.miui.personalassistant (server)'
06-08 18:13:09.652  2403  2910 D MIUIInput: [MotionEvent] publisher action=0x0, 2077413106, channel '26557a3 com.miui.home/com.miui.home.launcher.Launcher (server)'
06-08 18:13:09.654  1379  2271 D RefreshRateConfigs: TouchBoost - choose 120.00fps
06-08 18:13:09.656  7124  7124 D MIUIInput: [MotionEvent] ViewRootImpl windowName 'com.miui.home/com.miui.home.launcher.Launcher', { action=ACTION_DOWN, id[0]=0, pointerCount=1, eventTime=2077413106, downTime=2077413106, phoneEventTime=18:13:09.649 } moveCount:0
06-08 18:13:09.657  7124  7124 D EventBus: No subscribers registered for event class com.miui.home.launcher.common.messages.EndSpringAnimatorMessage
06-08 18:13:09.657  7124  7124 D EventBus: No subscribers registered for event class org.greenrobot.eventbus.NoSubscriberEvent
06-08 18:13:09.657  7124  7124 D Launcher.Feed: touchState : 0 scrolling : false normalEditing : false WidgetThumbnailViewShowing : false UninstallDialogShowing : false isMinusScreenShowing: false
06-08 18:13:09.659  7124  7124 D Launcher.Feed: can not use
06-08 18:13:09.659  7124  7124 D Launcher.StatusBarController: try intercept touch, isProxySurvive=true
06-08 18:13:09.661  7124  7124 D Launcher.Workspace: Workspace touch down
06-08 18:13:09.661  7124  7124 D ScreenView_Workspace: onIntercept:0.0
06-08 18:13:09.661  7124  7124 D ScreenView_Workspace: not intercept
06-08 18:13:09.663  1245  2285 I vendor.qti.hardware.display.composer-service: FrameNotifyProcess Sensor: notify citsensorservice to trigger cwb
06-08 18:13:09.664  1977  2106 I libcitsensorservice@2.0-impl: msg_transfer
06-08 18:13:09.665  2403  4631 D BLASTBufferQueue: releaseBufferCallback ReleaseCallbackId: bufferId:10320806414752 framenumber:97
06-08 18:13:09.666  1977  2987 D vendor.xiaomi.sensor.citsensorservice@2.0-service: handle id:8 wxh:1280x2400 uwxuh:1080x2400 size: 9216000 fd:15 fd_meta:16 flags:0x4000228 usage:0x33  format:0x3 layer_count: 1
06-08 18:13:09.666  1245  1846 I SDM     : HWCSession::SetCWBOutputBuffer: CWB config passed by cwb_client : tappoint 1  CWB_ROI : (829.000000 4.000000 915.000000 90.000000)
06-08 18:13:09.668  1245 24530 I SDM     : HWCSession::ProcessRequests: Successfully configured CWB buffer.
06-08 18:13:09.668  7124  7480 D Launcher.Boost: bindcore 200
06-08 18:13:09.670  1245  1846 I SDM     : HWBacklightThermal::StopTimer: hwc thermal dimming: exit at [8] successfully, thermal_cur_bl 400
06-08 18:13:09.671  1245  1846 I SDM     : DisplayBuiltIn::SetPanelBrightness: Set brightness to 21 (0.497704 percent), min=1
06-08 18:13:09.671  1285  2202 D DisplayEffect: HandlePccGABB enter fuction: HandlePccGABB
06-08 18:13:09.672  1245  1846 I SDM     : HWBacklightThermal::StopTimer: hwc thermal dimming: exit at [21] successfully, thermal_cur_bl 400
06-08 18:13:09.673  1245  1846 I SDM     : DisplayBuiltIn::SetPanelBrightness: Set brightness to 45 (1.078806 percent), min=1
06-08 18:13:09.675  1245  1432 I MiStcImpl: Dispatching command: 3 PCC
06-08 18:13:09.677  1245  1846 E SDM     : StcQdcmImpl::ApplyPccAttenuationFactor():1210 pcc_atten_ 1.000000
06-08 18:13:09.677  1245  1846 E SDM     : DigitalDimmingImp::ProcessOps():123 Unsupported process op 0 input 0x6fc7544480K output 0x6fc7544420K
06-08 18:13:09.678  1262  1262 W perf-hal-servic: type=1400 audit(0.0:273234): avc: denied { search } for name="1875" dev="proc" ino=72950130 scontext=u:r:vendor_hal_perf_default:s0 tcontext=u:r:miuibooster:s0 tclass=dir permissive=0
06-08 18:13:09.678  1262  1262 W perf-hal-servic: type=1400 audit(0.0:273235): avc: denied { search } for name="1875" dev="proc" ino=72950130 scontext=u:r:vendor_hal_perf_default:s0 tcontext=u:r:miuibooster:s0 tclass=dir permissive=0
06-08 18:13:09.679  1875  1898 W MiuiBooster: "MiuiBoosterService requestCpuHighFreq: 10079, 1, 400"
06-08 18:13:09.679  1875  1898 W MiuiBooster: "requestCpuHighFreq,final level:1,final timeoutms:400"
06-08 18:13:09.679  1875  1898 W MiuiBooster: "perf_hint_hc start"
06-08 18:13:09.679  1875  1898 W MiuiBooster: "big_core_value[level-1]:4095"
06-08 18:13:09.679  1875  1898 W MiuiBooster: "little_core_value[level-1]:4095"
06-08 18:13:09.679  1875  1898 W MiuiBooster: "prime_core_value[level - 1]:4095"
06-08 18:13:09.680  1977  2988 I libsensor-ssccalapi: value of set_backlight21
06-08 18:13:09.681  1875  1898 W MiuiBooster: "perf_handle:780163"
06-08 18:13:09.682  7124  7473 D MiBridge: requestCpuHighFreq handle: 1
06-08 18:13:09.682  7124  7473 D Launcher_CPUBooster: boostCpuToMax:0
06-08 18:13:09.682  1245  1846 I SDM     : HWBacklightThermal::StopTimer: hwc thermal dimming: exit at [45] successfully, thermal_cur_bl 400
06-08 18:13:09.684  1245  1846 I SDM     : DisplayBuiltIn::SetPanelBrightness: Set brightness to 69 (1.659909 percent), min=1
06-08 18:13:09.685  1977  2988 I libsensor-ssccalapi: value of set_backlight45
06-08 18:13:09.685  1245  3014 E SDM     : StcQdcmImpl::ApplyPccAttenuationFactor():1210 pcc_atten_ 1.000000
06-08 18:13:09.685  1245  3014 E SDM     : DigitalDimmingImp::ProcessOps():123 Unsupported process op 0 input 0x6fbcb7e480K output 0x6fbcb7e420K
06-08 18:13:09.687  1977  2988 I libsensor-ssccalapi: value of set_backlight69
06-08 18:13:09.688  2403  2566 D PerfImpl: perfGetWorkLoadType
06-08 18:13:09.689  1245 24530 I SDM     : HWCSession::ProcessRequests: Pushing release fence in fenece wait queue.
06-08 18:13:09.689  1245 24530 I SDM     : HWCSession::ProcessRequests: Creating AsyncFenceWaits async thread.
06-08 18:13:09.689  2403  2566 D PerfImpl: perfScrollBoost: com.miui.home, -1, 4
06-08 18:13:09.689  1245 24530 I SDM     : HWCSession::ProcessRequests: Remove current CWB request from the pending request queue.
06-08 18:13:09.689  1245  3014 I SDM     : HWBacklightThermal::StopTimer: hwc thermal dimming: exit at [69] successfully, thermal_cur_bl 400
06-08 18:13:09.689  1245 24530 I SDM     : HWCSession::ProcessRequests: No pending cwb requests found in the queue.
06-08 18:13:09.690  2403  2566 D PerfImpl: perfGetWorkLoadType
06-08 18:13:09.690  2403  2566 D PerfImpl: perfDragBoost: com.miui.home, -1, 1
06-08 18:13:09.693  1245  3014 I SDM     : DisplayBuiltIn::SetPanelBrightness: Set brightness to 93 (2.241011 percent), min=1
06-08 18:13:09.694  1245  1464 I SDM     : HWDeviceDRM::SetupConcurrentWriteback: Tear down the Concurrent Writeback topology
06-08 18:13:09.694  1977  2988 I libsensor-ssccalapi: value of set_backlight93
06-08 18:13:09.695  1245  1846 I SDM     : HWBacklightThermal::StopTimer: hwc thermal dimming: exit at [93] successfully, thermal_cur_bl 400
06-08 18:13:09.701  1245  1846 I SDM     : DisplayBuiltIn::SetPanelBrightness: Set brightness to 117 (2.827106 percent), min=1
06-08 18:13:09.702  1977  2988 I libsensor-ssccalapi: value of set_backlight117
06-08 18:13:09.705  1245 24535 I SDM     : HWCSession::NotifyCWBStatus: Notify the client about buffer status 0.
06-08 18:13:09.706  1245 24535 I SDM     : HWCSession::PerformFenceWaits: Remove current release fence from the pending fence wait queue.
06-08 18:13:09.706  1245 24535 I SDM     : HWCSession::PerformFenceWaits: CWB fence queue is empty. No pending release fence to wait on.
06-08 18:13:09.706  1245  3014 I SDM     : HWBacklightThermal::StopTimer: hwc thermal dimming: exit at [117] successfully, thermal_cur_bl 400
06-08 18:13:09.709  1245  3014 I SDM     : DisplayBuiltIn::SetPanelBrightness: Set brightness to 141 (3.408073 percent), min=1
06-08 18:13:09.710  1977  2988 I libsensor-ssccalapi: value of set_backlight141
06-08 18:13:09.713  1245  1846 I SDM     : HWBacklightThermal::StopTimer: hwc thermal dimming: exit at [141] successfully, thermal_cur_bl 400
06-08 18:13:09.718  1245  1846 I SDM     : DisplayBuiltIn::SetPanelBrightness: Set brightness to 164 (3.989594 percent), min=1
06-08 18:13:09.718  1977  2988 I libsensor-ssccalapi: value of set_backlight164
06-08 18:13:09.722  1245  3014 I SDM     : HWBacklightThermal::StopTimer: hwc thermal dimming: exit at [164] successfully, thermal_cur_bl 400
06-08 18:13:09.726  1245  3014 I SDM     : DisplayBuiltIn::SetPanelBrightness: Set brightness to 188 (4.570502 percent), min=1
06-08 18:13:09.726  1977  2988 I libsensor-ssccalapi: value of set_backlight188
06-08 18:13:09.729  1245  1846 I SDM     : HWBacklightThermal::StopTimer: hwc thermal dimming: exit at [188] successfully, thermal_cur_bl 400
06-08 18:13:09.735  1245  1846 I SDM     : DisplayBuiltIn::SetPanelBrightness: Set brightness to 212 (5.151898 percent), min=1
06-08 18:13:09.735  1977  2988 I libsensor-ssccalapi: value of set_backlight212
06-08 18:13:09.739  1245  3014 I SDM     : HWBacklightThermal::StopTimer: hwc thermal dimming: exit at [212] successfully, thermal_cur_bl 400
06-08 18:13:09.742  1245  3014 I SDM     : DisplayBuiltIn::SetPanelBrightness: Set brightness to 236 (5.733377 percent), min=1
06-08 18:13:09.743  1977  2988 I libsensor-ssccalapi: value of set_backlight236
06-08 18:13:09.748  1245  1846 I SDM     : HWBacklightThermal::StopTimer: hwc thermal dimming: exit at [236] successfully, thermal_cur_bl 400
06-08 18:13:09.749  1245  1846 I SDM     : DisplayBuiltIn::SetPanelBrightness: Set brightness to 260 (6.314631 percent), min=1
06-08 18:13:09.749  1977  2988 I libsensor-ssccalapi: value of set_backlight260
06-08 18:13:09.754  1245  1846 I SDM     : HWBacklightThermal::StopTimer: hwc thermal dimming: exit at [260] successfully, thermal_cur_bl 400
06-08 18:13:09.755  1245  1846 I SDM     : DisplayBuiltIn::SetPanelBrightness: Set brightness to 283 (6.895881 percent), min=1
06-08 18:13:09.756  1977  2988 I libsensor-ssccalapi: value of set_backlight283
06-08 18:13:09.762  1245  1846 I SDM     : HWBacklightThermal::StopTimer: hwc thermal dimming: exit at [283] successfully, thermal_cur_bl 400
06-08 18:13:09.762  1245  1846 I SDM     : DisplayBuiltIn::SetPanelBrightness: Set brightness to 307 (7.476911 percent), min=1
06-08 18:13:09.763  1977  2988 I libsensor-ssccalapi: value of set_backlight307
06-08 18:13:09.771  1245  1846 I SDM     : HWBacklightThermal::StopTimer: hwc thermal dimming: exit at [307] successfully, thermal_cur_bl 400
06-08 18:13:09.772  1245  1846 I SDM     : DisplayBuiltIn::SetPanelBrightness: Set brightness to 331 (8.058248 percent), min=1
06-08 18:13:09.773  1379  2278 E MI-SF   : Force skip idle timer[false]
06-08 18:13:09.773  1977  2988 I libsensor-ssccalapi: value of set_backlight331
06-08 18:13:09.779  1245  1846 I SDM     : HWBacklightThermal::StopTimer: hwc thermal dimming: exit at [331] successfully, thermal_cur_bl 400
06-08 18:13:09.780  1245  1846 I SDM     : DisplayBuiltIn::SetPanelBrightness: Set brightness to 355 (8.639364 percent), min=1
06-08 18:13:09.781  1977  2988 I libsensor-ssccalapi: value of set_backlight355
06-08 18:13:09.788  1245  1846 I SDM     : HWBacklightThermal::StopTimer: hwc thermal dimming: exit at [355] successfully, thermal_cur_bl 400
06-08 18:13:09.788  1245  1846 I SDM     : DisplayBuiltIn::SetPanelBrightness: Set brightness to 379 (9.220884 percent), min=1
06-08 18:13:09.789  1977  2988 I libsensor-ssccalapi: value of set_backlight379
06-08 18:13:09.796  1245  1846 I SDM     : HWBacklightThermal::StopTimer: hwc thermal dimming: exit at [379] successfully, thermal_cur_bl 400
06-08 18:13:09.797  1245  1846 I SDM     : DisplayBuiltIn::SetPanelBrightness: Set brightness to 400 (9.743757 percent), min=1
06-08 18:13:09.797  1977  2988 I libsensor-ssccalapi: value of set_backlight400
06-08 18:13:09.806  1977  2997 D libsensor-displayalgo: the value of  brightness:400.000000,R:54424721.332737,G:59181296.870668,B:65937333.596144,EVENT_C:3967.000000,EVENT_R:1637.000000,EVENT_G:1916.500000,EVENT_B:783.500000
06-08 18:13:09.806  1977  2997 I libsensor-displayalgo: the value of  Coef1:1107.681000,Coef4:2.383000, scale1:0.935522, scale4:0.923264
06-08 18:13:09.806  1977  2997 E libsensor-displayalgo: RGB_test_0407_400_oldzy!
06-08 18:13:09.806  1977  2997 I libsensor-displayalgo: the value of  RESULT2423.993963,928.288873,1205.596455,445.583536
06-08 18:13:09.806  1977  2997 I libsensor-displayalgo: the value of  getChannelDataCalibrated2533.003363,860.203981,1394.991769,482.962222
06-08 18:13:09.806  1977  2997 I libsensor-displayalgo: the value of  REAL LUX71.231369
06-08 18:13:09.806  1977  2997 I libsensor-displayalgo: the value of  CAL REAL LUX71.231369
06-08 18:13:09.847  1906  1953 I mstatdaemon: Entering time loop
06-08 18:13:09.847  1906  1953 I mstatdaemon: t = 1686219189
06-08 18:13:09.847  1906  1953 I mstatdaemon: translated_t = 1370229189
06-08 18:13:09.847  1906  1953 I mstat_log: mstatcommitLog log_alloc() failed
06-08 18:13:09.859  2403  2911 D MIUIInput: [MotionEvent] notifyMotion - eventTime=2077413315583000, deviceId=8, source=0x1002, policyFlags=0x0, action=0x1, flags=0x0, downTime=2077413106764000, moveCount:40
06-08 18:13:09.859  2403  2910 D MIUIInput: [MotionEvent] publisher action=0x1, 2077413315, channel '26557a3 com.miui.home/com.miui.home.launcher.Launcher (server)'
06-08 18:13:09.860  7124  7124 D MIUIInput: [MotionEvent] ViewRootImpl windowName 'com.miui.home/com.miui.home.launcher.Launcher', { action=ACTION_UP, id[0]=0, pointerCount=1, eventTime=2077413315, downTime=2077413106, phoneEventTime=18:13:09.859 } moveCount:21
06-08 18:13:09.860  7124  7124 D Launcher.Workspace: Workspace touch up or cancel
06-08 18:13:09.860  2403  2566 D PerfImpl: perfGetWorkLoadType
06-08 18:13:09.860  7124  7124 D ScreenView_Workspace: on touch up
06-08 18:13:09.860  7124  7124 D ScreenView_Workspace: snapByVelocity
06-08 18:13:09.861  7124  7124 D ScreenView_Workspace: startScroll:2160
06-08 18:13:09.861  2403  2566 D PerfImpl: perfScrollBoost: com.miui.home, 233, 1
06-08 18:13:09.862  2403  2566 D PerfImpl: perfGetWorkLoadType
06-08 18:13:09.862  2403  2566 D PerfImpl: perfScrollBoost: com.miui.home, -1, 4
06-08 18:13:09.862  2403  2566 D PerfImpl: perfGetWorkLoadType
06-08 18:13:09.863  7124  7124 D Launcher_WallpaperUtils: changeStatusBarMode:false
06-08 18:13:09.863  2403  2566 D PerfImpl: perfLockRelease
06-08 18:13:09.863  7124  7344 D StatusBarController: handleMessage: flag 800000  disable false
06-08 18:13:09.869  7124  7480 D Launcher.Boost: bindcore 194
06-08 18:13:09.966  1245  2285 I vendor.qti.hardware.display.composer-service: FrameNotifyProcess Sensor: notify citsensorservice to trigger cwb
06-08 18:13:09.966  1977  3798 I libcitsensorservice@2.0-impl: msg_transfer
06-08 18:13:09.966  1977  2987 D vendor.xiaomi.sensor.citsensorservice@2.0-service: handle id:8 wxh:1280x2400 uwxuh:1080x2400 size: 9216000 fd:15 fd_meta:16 flags:0x4000228 usage:0x33  format:0x3 layer_count: 1
06-08 18:13:09.967  1245  1846 I SDM     : HWCSession::SetCWBOutputBuffer: CWB config passed by cwb_client : tappoint 1  CWB_ROI : (829.000000 4.000000 915.000000 90.000000)
06-08 18:13:09.971  1245 24546 I SDM     : HWCSession::ProcessRequests: Successfully configured CWB buffer.
06-08 18:13:09.976  1245 24546 I SDM     : HWCSession::ProcessRequests: Pushing release fence in fenece wait queue.
06-08 18:13:09.976  1245 24546 I SDM     : HWCSession::ProcessRequests: Creating AsyncFenceWaits async thread.
06-08 18:13:09.977  1245 24546 I SDM     : HWCSession::ProcessRequests: Remove current CWB request from the pending request queue.
06-08 18:13:09.977  1245 24546 I SDM     : HWCSession::ProcessRequests: No pending cwb requests found in the queue.
06-08 18:13:09.982  1245  1464 I SDM     : HWDeviceDRM::SetupConcurrentWriteback: Tear down the Concurrent Writeback topology
06-08 18:13:09.989  1245 24547 I SDM     : HWCSession::NotifyCWBStatus: Notify the client about buffer status 0.
06-08 18:13:09.989  1245 24547 I SDM     : HWCSession::PerformFenceWaits: Remove current release fence from the pending fence wait queue.
06-08 18:13:09.989  1245 24547 I SDM     : HWCSession::PerformFenceWaits: CWB fence queue is empty. No pending release fence to wait on.
06-08 18:13:10.105  1977  2997 D libsensor-displayalgo: the value of  brightness:400.000000,R:54424721.332737,G:59181296.870668,B:65937333.596144,EVENT_C:6089.500000,EVENT_R:2345.500000,EVENT_G:3080.000000,EVENT_B:1225.500000
06-08 18:13:10.105  1977  2997 I libsensor-displayalgo: the value of  Coef1:1107.681000,Coef4:2.383000, scale1:0.935522, scale4:0.923264
06-08 18:13:10.105  1977  2997 E libsensor-displayalgo: RGB_test_0407_400_oldzy!
06-08 18:13:10.106  1977  2997 I libsensor-displayalgo: the value of  RESULT2423.993963,928.288873,1205.596455,445.583536
06-08 18:13:10.106  1977  2997 I libsensor-displayalgo: the value of  getChannelDataCalibrated2533.003363,860.203981,1394.991769,482.962222
06-08 18:13:10.106  1977  2997 I libsensor-displayalgo: the value of  REAL LUX211.347794
06-08 18:13:10.106  1977  2997 I libsensor-displayalgo: the value of  CAL REAL LUX211.347794
06-08 18:13:10.123  7124  7124 D ScreenView_Workspace: setCurrentScreenInner:2
06-08 18:13:10.133  2403  2911 D MIUIInput: [MotionEvent] notifyMotion - eventTime=2077413589237000, deviceId=8, source=0x1002, policyFlags=0x0, action=0x0, flags=0x0, downTime=2077413589237000, moveCount:0
06-08 18:13:10.133  2403  2910 D MIUIInput: [MotionEvent] publisher action=0x4, 2077413589, channel '9ede85b NavigationBar0 (server)'
06-08 18:13:10.134  2403  2910 D MIUIInput: [MotionEvent] publisher action=0x4, 2077413589, channel '127ebfc LauncherOverlayWindow:com.miui.personalassistant (server)'
06-08 18:13:10.134  2403  2910 D MIUIInput: [MotionEvent] publisher action=0x0, 2077413589, channel '26557a3 com.miui.home/com.miui.home.launcher.Launcher (server)'
06-08 18:13:10.134  7124  7124 D MIUIInput: [MotionEvent] ViewRootImpl windowName 'com.miui.home/com.miui.home.launcher.Launcher', { action=ACTION_DOWN, id[0]=0, pointerCount=1, eventTime=2077413589, downTime=2077413589, phoneEventTime=18:13:10.133 } moveCount:0
06-08 18:13:10.135  7124  7124 D EventBus: No subscribers registered for event class com.miui.home.launcher.common.messages.EndSpringAnimatorMessage
06-08 18:13:10.135  7124  7124 D EventBus: No subscribers registered for event class org.greenrobot.eventbus.NoSubscriberEvent
06-08 18:13:10.135  7124  7124 D Launcher.Feed: touchState : 0 scrolling : false normalEditing : false WidgetThumbnailViewShowing : false UninstallDialogShowing : false isMinusScreenShowing: false
06-08 18:13:10.135  7124  7124 D Launcher.Feed: can not use
06-08 18:13:10.135  7124  7124 D Launcher.StatusBarController: try intercept touch, isProxySurvive=true
06-08 18:13:10.136  7124  7124 D Launcher.Workspace: Workspace touch down
06-08 18:13:10.136  7124  7124 D ScreenView_Workspace: onIntercept:0.0
06-08 18:13:10.136  7124  7124 D ScreenView_Workspace: not intercept
06-08 18:13:10.136  7124  7124 D Launcher.CellLayout: touch item:ShortcutInfo, id=487, itemType=0, user=UserHandle{0}, mIconType=0, pkgName=cn.missevan, className=cn.missevan.activity.SplashActivity, screenId=3, container=-100, cellX=3, cellY=4, spanX=1, spanY=1
06-08 18:13:10.136  7124  7124 D Launcher.itemIcon: folmeDown
06-08 18:13:10.138  7124  7480 D Launcher.Boost: bindcore 200
06-08 18:13:10.140  2403  5734 D BLASTBufferQueue: releaseBufferCallback ReleaseCallbackId: bufferId:10320806414753 framenumber:98
06-08 18:13:10.191  2403  2911 D MIUIInput: [MotionEvent] notifyMotion - eventTime=2077413647812000, deviceId=8, source=0x1002, policyFlags=0x0, action=0x1, flags=0x0, downTime=2077413589237000, moveCount:0
06-08 18:13:10.192  2403  2910 D MIUIInput: [MotionEvent] publisher action=0x1, 2077413647, channel '26557a3 com.miui.home/com.miui.home.launcher.Launcher (server)'
06-08 18:13:10.193  7124  7124 D MIUIInput: [MotionEvent] ViewRootImpl windowName 'com.miui.home/com.miui.home.launcher.Launcher', { action=ACTION_UP, id[0]=0, pointerCount=1, eventTime=2077413647, downTime=2077413589, phoneEventTime=18:13:10.190 } moveCount:0
06-08 18:13:10.194  7124  7124 D Launcher.Workspace: Workspace touch up or cancel
06-08 18:13:10.194  7124  7124 D ScreenView_Workspace: oninterceput up
06-08 18:13:10.194  7124  7124 D Launcher.itemIcon: folmeUp
06-08 18:13:10.196  7124  7124 E QuickstepAppTransitionManagerImpl: getActivityLaunchOptions   iconLoc=Rect(841, 1352 - 1013, 1524)
06-08 18:13:10.198  2403  5734 I ActivityTaskManager: START u0 {act=android.intent.action.MAIN cat=[android.intent.category.LAUNCHER] flg=0x10200000 cmp=cn.missevan/.activity.SplashActivity bnds=[841,1352][1013,1524] (has extras)} from uid 10079 from pid 7124 callingPackage com.miui.home
06-08 18:13:10.200  2403  5734 D PerfImpl: perfHint
06-08 18:13:10.200  2403  5734 D PerfImpl: perfHint
06-08 18:13:10.201  2403  5734 D MiGgameTypeIdentificationImpl: checkIfGameBeSupported app:cn.missevan
06-08 18:13:10.201  2403  5734 D PerfImpl: perfGetFeedback
06-08 18:13:10.202  2403  5734 I WindowManager: MiGTStub result: false, gameType: 1, packageName: cn.missevan
06-08 18:13:10.202  2403  5734 D MiGgameTypeIdentificationImpl: checkIfGameBeSupported app:cn.missevan
06-08 18:13:10.202  2403  5734 D PerfImpl: perfGetFeedback
06-08 18:13:10.203  2403  5734 D PerfImpl: perfHint
06-08 18:13:10.205  2403  5734 D PerfImpl: perfIOPrefetchStart
06-08 18:13:10.205  2403  5734 E ANDR-PERF-JNI: com_qualcomm_qtiperformance_native_perf_io_prefetch_start
06-08 18:13:10.208  2403  5734 W ActivityTaskManager: Can't find TaskDisplayArea to determine support for multi window. Task id=438 attached=false
06-08 18:13:10.209  1254  5248 E ANDR-IOP: io prefetch is disabled
06-08 18:13:10.210  2403  5734 D PerfImpl: perfColdLaunchBoost: android, -1, 1
06-08 18:13:10.210  2403  5734 D PerfImpl: perfColdLaunchBoost: android, -1, 1
06-08 18:13:10.233  4164  4164 V ShadeControllerImpl: NotificationShadeWindow: com.android.systemui.statusbar.phone.NotificationShadeWindowView{4c298e4 I.E...... ......ID 0,0-1080,2400} canPanelBeCollapsed(): false
06-08 18:13:10.237  7124  7124 D Launcher.Lifecycle: onPause:UserHandle{0},a1ae5e7,true
06-08 18:13:10.237  7124  7124 D Launcher_UnlockAnimationStateMachine: setState:PAUSE_WAIT
06-08 18:13:10.238  7566  7579 D LauncherOverlay: setActivityState:1
06-08 18:13:10.239  7566  7566 D LauncherOverlay.Window: onPause
06-08 18:13:10.237  4164  4164 I OneHandedController: stopOneHanded mState=STATE_NONE, uiEvent=ONE_HANDED_TRIGGER_APP_TAPS_OUT
06-08 18:13:10.240  2403  5734 D PerfImpl: perfAnimBoost: cn.missevan
06-08 18:13:10.245  1604  1966 D IdProviderImpl: getOAID from com.miui.analytics
06-08 18:13:10.253  1604  1966 D IdProviderImpl: getOAID from com.miui.analytics
06-08 18:13:10.261  6969  7165 D HomeWallpaperRenderer: OFFSET  x: 1.0  y: 0.0
06-08 18:13:10.261  6969  7675 W OpenGLRenderer: Surface doesn't have any previously queued frames, nothing to readback from
06-08 18:13:10.262  7124  7421 D TaskStackChangeListeners: onTaskDisplayChanged =  taskId = 438 newDisplayId = 0
06-08 18:13:10.266  6969  7165 D HomeWallpaperRenderer: OFFSET  x: 1.0  y: 0.0
06-08 18:13:10.267  7124  7124 D Launcher.Lifecycle: onWindowFocusChanged:false,UserHandle{0},a1ae5e7,true
06-08 18:13:10.267  7124  7124 D DecorView[]: onWindowFocusChanged hasWindowFocus false
06-08 18:13:10.268  1245  2285 I vendor.qti.hardware.display.composer-service: FrameNotifyProcess Sensor: notify citsensorservice to trigger cwb
06-08 18:13:10.269  1977  3798 I libcitsensorservice@2.0-impl: msg_transfer
06-08 18:13:10.269  1977  2987 D vendor.xiaomi.sensor.citsensorservice@2.0-service: handle id:8 wxh:1280x2400 uwxuh:1080x2400 size: 9216000 fd:15 fd_meta:16 flags:0x4000228 usage:0x33  format:0x3 layer_count: 1
06-08 18:13:10.269  1245  1846 I SDM     : HWCSession::SetCWBOutputBuffer: CWB config passed by cwb_client : tappoint 1  CWB_ROI : (829.000000 4.000000 915.000000 90.000000)
06-08 18:13:10.269  6969  7675 W OpenGLRenderer: Surface doesn't have any previously queued frames, nothing to readback from
06-08 18:13:10.270  1245 24555 I SDM     : HWCSession::ProcessRequests: Successfully configured CWB buffer.
06-08 18:13:10.271  6969  7165 D HomeWallpaperRenderer: OFFSET  x: 1.0  y: 0.0
06-08 18:13:10.273  6969  7675 W OpenGLRenderer: Surface doesn't have any previously queued frames, nothing to readback from
06-08 18:13:10.275  4164  4164 I OneHandedController: stopOneHanded mState=STATE_NONE, uiEvent=ONE_HANDED_TRIGGER_APP_TAPS_OUT
06-08 18:13:10.277  6969  7165 D HomeWallpaperRenderer: OFFSET  x: 1.0  y: 0.0
06-08 18:13:10.278  6969  7675 W OpenGLRenderer: Surface doesn't have any previously queued frames, nothing to readback from
06-08 18:13:10.279  1245 24555 I SDM     : HWCSession::ProcessRequests: Pushing release fence in fenece wait queue.
06-08 18:13:10.279  1245 24555 I SDM     : HWCSession::ProcessRequests: Creating AsyncFenceWaits async thread.
06-08 18:13:10.279  1245 24555 I SDM     : HWCSession::ProcessRequests: Remove current CWB request from the pending request queue.
06-08 18:13:10.279  1245 24555 I SDM     : HWCSession::ProcessRequests: No pending cwb requests found in the queue.
06-08 18:13:10.283  4164  4164 I OneHandedController: stopOneHanded mState=STATE_NONE, uiEvent=ONE_HANDED_TRIGGER_APP_TAPS_OUT
06-08 18:13:10.285  1245  1464 I SDM     : HWDeviceDRM::SetupConcurrentWriteback: Tear down the Concurrent Writeback topology
06-08 18:13:10.293  1245 24556 I SDM     : HWCSession::NotifyCWBStatus: Notify the client about buffer status 0.
06-08 18:13:10.293  1245 24556 I SDM     : HWCSession::PerformFenceWaits: Remove current release fence from the pending fence wait queue.
06-08 18:13:10.293  1245 24556 I SDM     : HWCSession::PerformFenceWaits: CWB fence queue is empty. No pending release fence to wait on.
06-08 18:13:10.294  6969  7675 W OpenGLRenderer: Surface doesn't have any previously queued frames, nothing to readback from
06-08 18:13:10.294  6969  7165 D HomeWallpaperRenderer: OFFSET  x: 1.0  y: 0.0
06-08 18:13:10.300  6969  7675 W OpenGLRenderer: Surface doesn't have any previously queued frames, nothing to readback from
06-08 18:13:10.300  6969  7165 D HomeWallpaperRenderer: OFFSET  x: 1.0  y: 0.0
06-08 18:13:10.308  2403  4631 I WindowManagerService: Physical orientation applied, rotation=0 sfOrientation=ORIENTATION_0
06-08 18:13:10.312  1104  1104 D Zygote  : Forked child process 24557
06-08 18:13:10.313  2403  2618 D PerfImpl: perfColdLaunchBoost: cn.missevan, 24557, 101
06-08 18:13:10.316  6969  7675 W OpenGLRenderer: Surface doesn't have any previously queued frames, nothing to readback from
06-08 18:13:10.317  6969  7165 D HomeWallpaperRenderer: OFFSET  x: 1.0  y: 0.0
06-08 18:13:10.317  2403  2618 I ActivityManager: Start proc 24557:cn.missevan/u0a462 for pre-top-activity {cn.missevan/cn.missevan.activity.SplashActivity} caller=others
06-08 18:13:10.318  4164  4164 W RenderThread: type=1400 audit(0.0:273236): avc: denied { read write } for name="metis" dev="tmpfs" ino=1112 scontext=u:r:system_app:s0 tcontext=u:object_r:migt_dev:s0 tclass=chr_file permissive=0
06-08 18:13:10.324  6969  7165 D HomeWallpaperRenderer: OFFSET  x: 1.0  y: 0.0
06-08 18:13:10.324  6969  7675 W OpenGLRenderer: Surface doesn't have any previously queued frames, nothing to readback from
06-08 18:13:10.325  2403 24558 W ContextImpl: Calling a method in the system process without a qualified user: android.app.ContextImpl.sendBroadcast:1183 com.qualcomm.qti.Performance$SendGameLaunchBroadcast.run:247 java.lang.Thread.run:920 <bottom of call stack> <bottom of call stack>
06-08 18:13:10.329 24557 24557 I libc    : SetHeapTaggingLevel: tag level set to 0
06-08 18:13:10.331  5551 10435 W SQLiteLog: (28) double-quoted string literal: "cn.missevan"
06-08 18:13:10.339  7124  7480 D Launcher.Boost: bindcore 57
06-08 18:13:10.342  6969  7165 D HomeWallpaperRenderer: OFFSET  x: 1.0  y: 0.0
06-08 18:13:10.345  2403  2570 I SmartPower.cn.missevan/10462(0): died->visible(225595ms) R(become visible) adj=-10000.
06-08 18:13:10.345  6969  7675 W OpenGLRenderer: Surface doesn't have any previously queued frames, nothing to readback from
06-08 18:13:10.345  2403  3429 I SmartPower: cn.missevan/10462 state=died adj=200 proc size=4 move to foreground become visible
06-08 18:13:10.349  6969  7675 W OpenGLRenderer: Surface doesn't have any previously queued frames, nothing to readback from
06-08 18:13:10.349  6969  7165 D HomeWallpaperRenderer: OFFSET  x: 1.0  y: 0.0
06-08 18:13:10.350 24557 24557 E cn.missevan: Not starting debugger since process cannot load the jdwp agent.
06-08 18:13:10.351  7124  7124 D Launcher_WallpaperUtils: changeStatusBarMode:false
06-08 18:13:10.351  7124  7344 D StatusBarController: handleMessage: flag 800000  disable false
06-08 18:13:10.358 24557 24557 I MessageMonitor: Load libmiui_runtime
06-08 18:13:10.363  2403  5662 D SymlinkUtils: attachApplication file op go pass: 0 ms
06-08 18:13:10.363  2403  5662 D PerfImpl: perfColdLaunchBoost: cn.missevan, 24557, 103
06-08 18:13:10.367  7124  7421 E LauncherAnimationRunner: onAnimationStart
06-08 18:13:10.367  7124  7421 E LauncherAnimationRunner: onAnimationStart:   mode=1   taskId=2   isTranslucent=false
06-08 18:13:10.367  7124  7421 E LauncherAnimationRunner: onAnimationStart:   mode=0   taskId=438   isTranslucent=false
06-08 18:13:10.367  7124  7124 E QuickstepAppTransitionManagerImpl: startIconLaunchAnimator:launcherClosing=true   iconLoc=Rect(841, 1352 - 1013, 1524)
06-08 18:13:10.367  7124  7124 E QuickstepAppTransitionManagerImpl: startOpeningWindowAnimators:iconLoc=Rect(841, 1352 - 1013, 1524)
06-08 18:13:10.368  7124  7124 E ClipAnimationHelper: updateSourceStack  mSourceInsets=Rect(0, 104 - 0, 44), mSourceStackBounds=Rect(0, 0 - 1080, 2400)
06-08 18:13:10.368  7124  7124 E ClipAnimationHelper: updateHomeStack  mSourceInsets=Rect(0, 104 - 0, 44), mHomeStackBounds=Rect(0, 0 - 1080, 2400)
06-08 18:13:10.368  7124  7124 E ClipAnimationHelper: updateTargetRect  mSourceRect=RectF(0.0, 104.0, 1080.0, 2504.0)   mTargetRect=RectF(0.0, 0.0, 1080.0, 2400.0)   mSourceWindowClipInsets=RectF(0.0, 104.0, 0.0, 0.0)   mHomeStackBounds=Rect(0, 0 - 1080, 2400)   targetRect=Rect(0, 0 - 1080, 2400)
06-08 18:13:10.368  7124  7124 I QuickstepAppTransitionManagerImpl: startOpeningWindowAnimators, currentDisplayRotation=0, homeRotation=0, startRectF=RectF(847.0, 1358.0, 1007.0, 1518.0), endRectF=RectF(0.0, 0.0, 1080.0, 2400.0), startRadius = 243.0, endRadius = 90.0, isUseTranslucentAnim = false
06-08 18:13:10.368  2403  3423 D SchedBoost: startBoostInternal 2000
06-08 18:13:10.368  2403  3423 D SchedBoost: ready to boost
06-08 18:13:10.368  7124  7124 E QuickstepAppTransitionManagerImpl: startLauncherContentAnimator:isAppOpening=true
06-08 18:13:10.368  7124 11091 W FloatingIconLayer: getFloatingIconLayer
06-08 18:13:10.369  2403  3423 D SchedBoost: startBoostInternal 2000
06-08 18:13:10.369  2403  3423 D SchedBoost: ready to boost
06-08 18:13:10.372  7124 11091 W FloatingIconLayer: drawIcon
06-08 18:13:10.374  1262  1454 E ANDR-PERF-OPTSHANDLER: checkAlreadySetCpuset: fopen failed, errno Permission denied, trying pgid as pid to check
06-08 18:13:10.374  7124  7124 W RenderThread: type=1400 audit(0.0:273237): avc: denied { read write } for name="metis" dev="tmpfs" ino=1112 scontext=u:r:platform_app:s0:c512,c768 tcontext=u:object_r:migt_dev:s0 tclass=chr_file permissive=0
06-08 18:13:10.385  6969  7165 D HomeWallpaperRenderer: OFFSET  x: 1.0  y: 0.0
06-08 18:13:10.385  6969  7675 W OpenGLRenderer: Surface doesn't have any previously queued frames, nothing to readback from
06-08 18:13:10.385  6969  7165 D HomeWallpaperRenderer: OFFSET  x: 1.0  y: 0.0
06-08 18:13:10.385  6969  7675 W OpenGLRenderer: Surface doesn't have any previously queued frames, nothing to readback from
06-08 18:13:10.387  6969  7165 D HomeWallpaperRenderer: OFFSET  x: 1.0  y: 0.0
06-08 18:13:10.387  6969  7675 W OpenGLRenderer: Surface doesn't have any previously queued frames, nothing to readback from
06-08 18:13:10.387  6969  7675 W OpenGLRenderer: Surface doesn't have any previously queued frames, nothing to readback from
06-08 18:13:10.387  6969  7165 D HomeWallpaperRenderer: OFFSET  x: 1.0  y: 0.0
06-08 18:13:10.389  6969  7675 W OpenGLRenderer: Surface doesn't have any previously queued frames, nothing to readback from
06-08 18:13:10.389  6969  7165 D HomeWallpaperRenderer: OFFSET  x: 1.0  y: 0.0
06-08 18:13:10.396  6969  7165 D HomeWallpaperRenderer: OFFSET  x: 1.0  y: 0.0
06-08 18:13:10.397  6969  7675 W OpenGLRenderer: Surface doesn't have any previously queued frames, nothing to readback from
06-08 18:13:10.404  1977  2997 D libsensor-displayalgo: the value of  brightness:400.000000,R:54447820.432098,G:59176462.204759,B:65912815.283258,EVENT_C:6089.000000,EVENT_R:2345.500000,EVENT_G:3080.500000,EVENT_B:1225.500000
06-08 18:13:10.404  1977  2997 I libsensor-displayalgo: the value of  Coef1:1107.681000,Coef4:2.383000, scale1:0.935522, scale4:0.923264
06-08 18:13:10.404  1977  2997 E libsensor-displayalgo: RGB_test_0407_400_oldzy!
06-08 18:13:10.404  1977  2997 I libsensor-displayalgo: the value of  RESULT2424.085296,928.456565,1205.560595,445.560017
06-08 18:13:10.404  1977  2997 I libsensor-displayalgo: the value of  getChannelDataCalibrated2533.098803,860.359374,1394.950276,482.936729
06-08 18:13:10.404  1977  2997 I libsensor-displayalgo: the value of  REAL LUX211.334213
06-08 18:13:10.404  1977  2997 I libsensor-displayalgo: the value of  CAL REAL LUX211.334213
06-08 18:13:10.407  2403  2568 W ProcessStats: Tracking association SourceState{aab5ed1 com.android.phone/1001 BTopFgs #855655} whose proc state 2 is better than process ProcessState{8813d36 com.xiaomi.mirror/1000 pkg=com.xiaomi.mirror} proc state 3 (3 skipped)
06-08 18:13:10.407 24557 24557 D CompatibilityChangeReporter: Compat change id reported: 171979766; UID 10462; state: DISABLED
06-08 18:13:10.411  1103 25954 E traffic : traffic monitor has been disabled or argment error.
06-08 18:13:10.413  5786  6155 I ProcessMonitor: onForegroundInfoChanged: ForegroundInfo{mForegroundPackageName='cn.missevan', mForegroundUid=10462, mForegroundPid=24557, mLastForegroundPackageName='com.miui.home', mLastForegroundUid=10079, mLastForegroundPid=7124, mMultiWindowForegroundPackageName='cn.missevan', mMultiWindowForegroundUid=10462, mFlags=1}
06-08 18:13:10.414 24557 24557 W ActivityThread: Application cn.missevan can be debugged on port 8100...
06-08 18:13:10.416 24557 24557 D ApplicationLoaders: Returning zygote-cached class loader: /system/framework/android.test.base.jar
06-08 18:13:10.418 32574 32590 I ^_^MemoryTrim: onAppBackground()
06-08 18:13:10.418 20707 26979 D AutoInstallService: onForegroundInfoChanged: cn.missevan
06-08 18:13:10.419 13365 13377 I GST     : forePkg: cn.missevan, preForePkg: com.miui.home
06-08 18:13:10.420  5786  6155 I GameBoosterService: onForegroundInfoChanged: Cur=cn.missevan	 last=com.miui.home
06-08 18:13:10.420  5823  7760 D ThermalIECHandler: IECAll48Allowed: false; IECMonitorAllowed: false; IECTestState: false
06-08 18:13:10.420  5823  7418 D BL-BatteryLifeChecker:  onMessage. what = -10
06-08 18:13:10.420  5823  7418 D BL-BatteryLifeChecker:  onMessage. Foreground uid = 10079, isForeground = false
06-08 18:13:10.420  5823  7418 D BL-BatteryLifeChecker:  onMessage. what = -10
06-08 18:13:10.420  5823  7418 D BL-BatteryLifeChecker:  onMessage. Foreground uid = 10462, isForeground = true
