06-08 18:13:10.421  5823  7439 D LS-ForegroundStatusManager: handleMessage ForegroundInfoChanged. pkg = cn.missevan, uid = 10462, mCurrentForegroundUid = 10079
06-08 18:13:10.421  5823  7439 D LS-ForegroundStatusManager: onForegroundChanged mCurrentForegroundUid = 10079, new uid = 10462
06-08 18:13:10.422  5823  7674 I ThermalInfoCollector: collectForgroundAppsInfo: com.miui.home
06-08 18:13:10.430  5823 13560 D PerfEngineController: ForegroundInfo{mForegroundPackageName='cn.missevan', mForegroundUid=10462, mForegroundPid=24557, mLastForegroundPackageName='com.miui.home', mLastForegroundUid=10079, mLastForegroundPid=7124, mMultiWindowForegroundPackageName='cn.missevan', mMultiWindowForegroundUid=10462, mFlags=1}
06-08 18:13:10.428  7124  7421 D AppObserver: ForegroundInfo{mForegroundPackageName='cn.missevan', mForegroundUid=10462, mForegroundPid=24557, mLastForegroundPackageName='com.miui.home', mLastForegroundUid=10079, mLastForegroundPid=7124, mMultiWindowForegroundPackageName='cn.missevan', mMultiWindowForegroundUid=10462, mFlags=1}
06-08 18:13:10.430  5373  8501 W MQSService: CallerName:cn.missevan,calling Uid:10462
06-08 18:13:10.430  6969  7675 W OpenGLRenderer: Surface doesn't have any previously queued frames, nothing to readback from
06-08 18:13:10.432  2403  3057 I MiuiNetworkPolicyTrafficLimit: updateWhiteListUidForMobileTraffic uid=10462,add=true
06-08 18:13:10.434  5373  8501 D MQSService: registerApplicationScoutThread pid = 24557, packageName = cn.missevan
06-08 18:13:10.436  7124 11091 W FloatingIconLayer: release
06-08 18:13:10.436  2403  3057 D MiuiNetworkPolicyTrafficLimit: updateWhiteListUidForMobileTraffic rst=true
06-08 18:13:10.438  7124  7421 D RecentsModel: onTaskStackChangedBackground
06-08 18:13:10.438  7124  9281 D RecentsModel: onTaskStackChangedBackground    MSG_TASK_STACK_CHANGE
06-08 18:13:10.438  7124  9281 D RecentsModel: preloadRecents
06-08 18:13:10.438  7124  9281 W RecentsModel: getRunningTask
06-08 18:13:10.439  6969  7675 W OpenGLRenderer: Surface doesn't have any previously queued frames, nothing to readback from
06-08 18:13:10.440  6969  7165 D HomeWallpaperRenderer: OFFSET  x: 1.0  y: 0.0
06-08 18:13:10.440  6969  7165 D HomeWallpaperRenderer: OFFSET  x: 1.0  y: 0.0
06-08 18:13:10.440  6969  7165 D HomeWallpaperRenderer: OFFSET  x: 1.0  y: 0.0
06-08 18:13:10.440  6969  7675 W OpenGLRenderer: Surface doesn't have any previously queued frames, nothing to readback from
06-08 18:13:10.440  5452  5492 I SLM-SRV-SLAToast: foreground uid:10462, isColdStart:true, isLinkTurboEnable:false
06-08 18:13:10.440  5823 13560 I MultiScreenObserver: onTaskStackChanged, splitScreenMode: false isCameraFloat: false isSmallScreen: false
06-08 18:13:10.442 24557 24576 D AppScoutStateMachine: 24557-ScoutStateMachinecreated
06-08 18:13:10.446  7124  7463 E Launcher.Transfer: transfer is closed
06-08 18:13:10.449 24557 24557 V GraphicsEnvironment: ANGLE Developer option for 'cn.missevan' set to: 'default'
06-08 18:13:10.449 24557 24557 V GraphicsEnvironment: ANGLE GameManagerService for cn.missevan: false
06-08 18:13:10.449 24557 24557 V GraphicsEnvironment: Updatable production driver is not supported on the device.
06-08 18:13:10.452 24557 24557 I ForceDarkHelperStubImpl: initialize for cn.missevan , ForceDarkOrigin
06-08 18:13:10.453  5786  6155 D GameBoosterService: onGameStatusChange foreground:ForegroundInfo{mForegroundPackageName='cn.missevan', mForegroundUid=10462, mForegroundPid=24557, mLastForegroundPackageName='com.miui.home', mLastForegroundUid=10079, mLastForegroundPid=7124, mMultiWindowForegroundPackageName='cn.missevan', mMultiWindowForegroundUid=10462, mFlags=1}
06-08 18:13:10.453 24557 24557 D OpenGLRenderer: JNI_OnLoad success
06-08 18:13:10.454  5786  6155 I VideoBoxUtils: isSupportVideoBox: true
06-08 18:13:10.454 24557 24557 I MiuiForceDarkConfig: setConfig density:2.750000, mainRule:0, secondaryRule:0, tertiaryRule:0
06-08 18:13:10.454  5786  8455 I SCTaskStackListener: onTaskStackChanged! inSplit = false
06-08 18:13:10.454  7124  9281 W RecentsModel: getRunningTask   taskInfo=TaskInfo{userId=0 pcFlags:0 taskId=438 displayId=0 isRunning=true baseIntent=Intent { act=android.intent.action.MAIN cat=[android.intent.category.LAUNCHER] flg=0x10200000 cmp=cn.missevan/.activity.SplashActivity } baseActivity=ComponentInfo{cn.missevan/cn.missevan.activity.SplashActivity} topActivity=ComponentInfo{cn.missevan/cn.missevan.activity.SplashActivity} origActivity=null realActivity=ComponentInfo{cn.missevan/cn.missevan.activity.SplashActivity} numActivities=1 lastActiveTime=3045590743 supportsSplitScreenMultiWindow=true supportsMultiWindow=true resizeMode=1 isResizeable=true token=WCT{android.window.IWindowContainerToken$Stub$Proxy@b01630e} topActivityType=1 pictureInPictureParams=PictureInPictureParams( aspectRatio=null sourceRectHint=null hasSetActions=false isAutoPipEnabled=false isSeamlessResizeEnabled=true) displayCutoutSafeInsets=Rect(0, 100 - 0, 0) topActivityInfo=ActivityInfo{699a12f cn.missevan.activity.SplashActivity} launchCookies=[] positionInParent=Point(0, 0) parentTaskId=-1 isFocused=false isVisible=true topActivityInSizeCompat=false topActivityInMiuiSizeCompat=false locusId= null windowMode=0}
06-08 18:13:10.454  7124  9281 W RecentsModel: getTaskInfoIgnoreHomeAndFreeform   taskInfo=ComponentInfo{cn.missevan/cn.missevan.activity.SplashActivity}
06-08 18:13:10.455 24557 24557 D NetworkSecurityConfig: Using Network Security Config from resource network_security_config debugBuild: false
06-08 18:13:10.455 24557 24557 D NetworkSecurityConfig: Using Network Security Config from resource network_security_config debugBuild: false
06-08 18:13:10.455  5786  6155 I VideoToolBoxService: splitMode: onfalse
06-08 18:13:10.455  5786  6155 I VideoToolBoxService: onForegroundInfoChanged: Exit Vtb
06-08 18:13:10.458  5786  6307 I SCTaskStackListener: onTaskStackChanged! inSplit = false
06-08 18:13:10.458  6969  7165 D HomeWallpaperRenderer: OFFSET  x: 1.0  y: 0.0
06-08 18:13:10.458  6969  7675 W OpenGLRenderer: Surface doesn't have any previously queued frames, nothing to readback from
06-08 18:13:10.459  5786  6155 W ContextImpl: Calling a method in the system process without a qualified user: android.app.ContextImpl.startService:1827 android.content.ContextWrapper.startService:786 e.d.d.n.k.b:39 e.d.d.n.k$c.onForegroundInfoChanged:21 com.miui.gamebooster.mutiwindow.h$a.onForegroundInfoChanged:152
06-08 18:13:10.462 24557 24557 I Contexts: initApplicationListener
06-08 18:13:10.462  7124  9281 E ActivityManagerWrapper: get all recent tasks force including 438
06-08 18:13:10.464  6969  7165 D HomeWallpaperRenderer: OFFSET  x: 1.0  y: 0.0
06-08 18:13:10.465  7124  9281 E ActivityManagerWrapper: getRecentTasks: size=1
06-08 18:13:10.465  7124  9281 E ActivityManagerWrapper: getRecentTasks: taskId=438   userId=0   baseIntent=Intent { act=android.intent.action.MAIN cat=[android.intent.category.LAUNCHER] flg=0x10200000 cmp=cn.missevan/.activity.SplashActivity }
06-08 18:13:10.466  6969  7675 W OpenGLRenderer: Surface doesn't have any previously queued frames, nothing to readback from
06-08 18:13:10.470  6969  7165 D HomeWallpaperRenderer: OFFSET  x: 1.0  y: 0.0
06-08 18:13:10.470  6969  7675 W OpenGLRenderer: Surface doesn't have any previously queued frames, nothing to readback from
06-08 18:13:10.473  6969  7675 W OpenGLRenderer: Surface doesn't have any previously queued frames, nothing to readback from
06-08 18:13:10.473  6969  7165 D HomeWallpaperRenderer: OFFSET  x: 1.0  y: 0.0
06-08 18:13:10.479 24557 24557 W HMSSDK_PushPreferences: get new sharedPreferences failed,start to get from context.
06-08 18:13:10.481  6969  7165 D HomeWallpaperRenderer: OFFSET  x: 1.0  y: 0.0
06-08 18:13:10.481  6969  7675 W OpenGLRenderer: Surface doesn't have any previously queued frames, nothing to readback from
06-08 18:13:10.485  5823  7760 D ThermalIECHandler: storeDataStyle: thermal_iec_monitor_persistence_data_style_iec_state; startIECTime: -1; IECScreenOffOverPeriodTime: 3035475955
06-08 18:13:10.486  5823  7760 D ThermalIECHandler: storeDataStyle: thermal_iec_monitor_persistence_data_style_iec_state; startIECTime: -1; IECScreenOffOverPeriodTime: 3035475955
06-08 18:13:10.489  6969  7675 W OpenGLRenderer: Surface doesn't have any previously queued frames, nothing to readback from
06-08 18:13:10.491  6969  7165 D HomeWallpaperRenderer: OFFSET  x: 1.0  y: 0.0
06-08 18:13:10.496  6969  7165 D HomeWallpaperRenderer: OFFSET  x: 1.0  y: 0.0
06-08 18:13:10.496  6969  7675 W OpenGLRenderer: Surface doesn't have any previously queued frames, nothing to readback from
06-08 18:13:10.503  6969  7165 D HomeWallpaperRenderer: OFFSET  x: 1.0  y: 0.0
06-08 18:13:10.503  6969  7675 W OpenGLRenderer: Surface doesn't have any previously queued frames, nothing to readback from
06-08 18:13:10.510 24557 24557 I Contexts: App lifecycle event: onCreate
06-08 18:13:10.511  6969  7675 W OpenGLRenderer: Surface doesn't have any previously queued frames, nothing to readback from
06-08 18:13:10.511  6969  7165 D HomeWallpaperRenderer: OFFSET  x: 1.0  y: 0.0
06-08 18:13:10.519  6969  7165 D HomeWallpaperRenderer: OFFSET  x: 1.0  y: 0.0
06-08 18:13:10.519  6969  7675 W OpenGLRenderer: Surface doesn't have any previously queued frames, nothing to readback from
06-08 18:13:10.524 24557 24557 I MissEvanApplication: Could not enter app, return.
06-08 18:13:10.529  6969  7675 W OpenGLRenderer: Surface doesn't have any previously queued frames, nothing to readback from
06-08 18:13:10.529  6969  7165 D HomeWallpaperRenderer: OFFSET  x: 1.0  y: 0.0
06-08 18:13:10.538  7124  7124 D Launcher_UnlockAnimationStateMachine: mResetIdleStateRunnable
06-08 18:13:10.538  6969  7165 D HomeWallpaperRenderer: OFFSET  x: 1.0  y: 0.0
06-08 18:13:10.538  6969  7675 W OpenGLRenderer: Surface doesn't have any previously queued frames, nothing to readback from
06-08 18:13:10.539 24557 24557 I Contexts: onActivityCreated: SplashActivity
06-08 18:13:10.545  6969  7165 D HomeWallpaperRenderer: OFFSET  x: 1.0  y: 0.0
06-08 18:13:10.545  6969  7675 W OpenGLRenderer: Surface doesn't have any previously queued frames, nothing to readback from
06-08 18:13:10.550 24557 24557 E MiuiMultiWindowUtils: initFreeFormResolutionArgs failed, device is ziyi
06-08 18:13:10.550 24557 24557 D IS_CTS_MODE: true
06-08 18:13:10.550 24557 24557 D MULTI_WINDOW_SWITCH_ENABLED: false
06-08 18:13:10.550 24557 24557 D IS_CTS_MODE: true
06-08 18:13:10.550 24557 24557 D MULTI_WINDOW_SWITCH_ENABLED: false
06-08 18:13:10.553 24557 24557 D DecorView[]: getWindowModeFromSystem  windowmode is 1
06-08 18:13:10.555  6969  7165 D HomeWallpaperRenderer: OFFSET  x: 1.0  y: 0.0
06-08 18:13:10.556  6969  7675 W OpenGLRenderer: Surface doesn't have any previously queued frames, nothing to readback from
06-08 18:13:10.564  6969  7165 D HomeWallpaperRenderer: OFFSET  x: 1.0  y: 0.0
06-08 18:13:10.564 24557 24591 D ViewContentFactory: initViewContentFetcherClass
06-08 18:13:10.564 24557 24591 D ViewContentFactory: getInterceptorPackageInfo
06-08 18:13:10.564  6969  7675 W OpenGLRenderer: Surface doesn't have any previously queued frames, nothing to readback from
06-08 18:13:10.565 24557 24591 D ViewContentFactory: getInitialApplication took 0ms
06-08 18:13:10.565 24557 24591 D ViewContentFactory: packageInfo.packageName: com.miui.catcherpatch
06-08 18:13:10.566 24557 24557 I Contexts: onActivityStarted: SplashActivity
06-08 18:13:10.568 24557 24557 I Contexts: App lifecycle event: onStart(App come into foreground)
06-08 18:13:10.568 24557 24557 I MissevanApplicationLike: App is in foreground.
06-08 18:13:10.570 24557 24557 I Contexts: onActivityResumed: SplashActivity
06-08 18:13:10.573 24557 24557 I Contexts: App lifecycle event: onResume
06-08 18:13:10.574  6969  7165 D HomeWallpaperRenderer: OFFSET  x: 1.0  y: 0.0
06-08 18:13:10.575  1245  2285 I vendor.qti.hardware.display.composer-service: FrameNotifyProcess Sensor: notify citsensorservice to trigger cwb
06-08 18:13:10.575  6969  7675 W OpenGLRenderer: Surface doesn't have any previously queued frames, nothing to readback from
06-08 18:13:10.576  1977  3798 I libcitsensorservice@2.0-impl: msg_transfer
06-08 18:13:10.576  1977  2987 D vendor.xiaomi.sensor.citsensorservice@2.0-service: handle id:8 wxh:1280x2400 uwxuh:1080x2400 size: 9216000 fd:15 fd_meta:16 flags:0x4000228 usage:0x33  format:0x3 layer_count: 1
06-08 18:13:10.576 24557 24591 D ViewContentFactory: initViewContentFetcherClass took 11ms
06-08 18:13:10.576  1245  1846 I SDM     : HWCSession::SetCWBOutputBuffer: CWB config passed by cwb_client : tappoint 1  CWB_ROI : (829.000000 4.000000 915.000000 90.000000)
06-08 18:13:10.576 24557 24591 I ContentCatcher: ViewContentFetcher : ViewContentFetcher
06-08 18:13:10.576 24557 24591 D ViewContentFactory: createInterceptor took 12ms
06-08 18:13:10.581  6969  7675 W OpenGLRenderer: Surface doesn't have any previously queued frames, nothing to readback from
06-08 18:13:10.581  6969  7165 D HomeWallpaperRenderer: OFFSET  x: 1.0  y: 0.0
06-08 18:13:10.583  1245 24595 I SDM     : HWCSession::ProcessRequests: Successfully configured CWB buffer.
06-08 18:13:10.589  6969  7165 D HomeWallpaperRenderer: OFFSET  x: 1.0  y: 0.0
06-08 18:13:10.589  6969  7675 W OpenGLRenderer: Surface doesn't have any previously queued frames, nothing to readback from
06-08 18:13:10.591 24557 24557 D DecorView[]: getWindowModeFromSystem  windowmode is 1
06-08 18:13:10.591 24557 24557 D DecorView[]: updateDecorCaptionStatus displayWindowDecor is false
06-08 18:13:10.597 24557 24596 E QXPerf  : Couldn't load BLASTBufferQueue Class
06-08 18:13:10.597 24557 24596 E QXPerf  : Couldn't find UndequeuedBufferCount functions
06-08 18:13:10.597  6969  7165 D HomeWallpaperRenderer: OFFSET  x: 1.0  y: 0.0
06-08 18:13:10.599  6969  7675 W OpenGLRenderer: Surface doesn't have any previously queued frames, nothing to readback from
06-08 18:13:10.600  1245 24595 I SDM     : HWCSession::ProcessRequests: Pushing release fence in fenece wait queue.
06-08 18:13:10.600  1245 24595 I SDM     : HWCSession::ProcessRequests: Creating AsyncFenceWaits async thread.
06-08 18:13:10.600  1245 24595 I SDM     : HWCSession::ProcessRequests: Remove current CWB request from the pending request queue.
06-08 18:13:10.600  1245 24595 I SDM     : HWCSession::ProcessRequests: No pending cwb requests found in the queue.
06-08 18:13:10.601  1245  1464 I SDM     : HWDeviceDRM::SetupConcurrentWriteback: Tear down the Concurrent Writeback topology
06-08 18:13:10.605  6969  7165 D HomeWallpaperRenderer: OFFSET  x: 1.0  y: 0.0
06-08 18:13:10.605  6969  7675 W OpenGLRenderer: Surface doesn't have any previously queued frames, nothing to readback from
06-08 18:13:10.608  1245 24600 I SDM     : HWCSession::NotifyCWBStatus: Notify the client about buffer status 0.
06-08 18:13:10.608  1245 24600 I SDM     : HWCSession::PerformFenceWaits: Remove current release fence from the pending fence wait queue.
06-08 18:13:10.608  1245 24600 I SDM     : HWCSession::PerformFenceWaits: CWB fence queue is empty. No pending release fence to wait on.
06-08 18:13:10.610  7124  7124 D RecentsImpl: mActivityStateObserver cn.missevan.activity.SplashActivity
06-08 18:13:10.610  7124  7124 W RecentsImpl: onResumed className=cn.missevan.activity.SplashActivity   mIsInAnotherPro=false   isKeyguardLocked=false
06-08 18:13:10.610  7124  7124 D RecentsImpl: showNavStubView
06-08 18:13:10.610  7124  7124 D NavStubView_Touch: setKeepHidden    old=false   new=false
06-08 18:13:10.611  7124  7399 W RecentsImpl: disableTouchBySwipeStatusBar    disable=false
06-08 18:13:10.611  7124  7399 D GestureStubView_Touch: disableTouchBySwipeStatusBar    old=false   new=false
06-08 18:13:10.611  7124  7399 D GestureStubView_Touch: disableTouchBySwipeStatusBar    old=false   new=false
06-08 18:13:10.611  7124  7399 W RecentsImpl: disableBackStubWindow    disableTouch=false
06-08 18:13:10.611  7124  7399 D GestureStubView_Touch: disableTouch    old=true   new=false
06-08 18:13:10.611  7124  7399 D GestureStubView_Touch: updateTouchable    old=true   new=true
06-08 18:13:10.611  7124  7399 D GestureStubView_Touch: disableTouch    old=true   new=false
06-08 18:13:10.611  7124  7399 D GestureStubView_Touch: updateTouchable    old=true   new=true
06-08 18:13:10.611  7124  7399 D RecentsImpl: showBackStubWindow  hasNavigationBar=true
06-08 18:13:10.612  7124  7399 D GestureStubView_Touch: setKeepHidden    old=true   new=false
06-08 18:13:10.612  7124  7399 D GestureStubView_Touch: updateTouchable    old=true   new=false
06-08 18:13:10.612  7124  7399 D GestureStubView_Touch:   updateTouchable---requestApplyInsets
06-08 18:13:10.613  7124  7399 W GestureStubView: adaptRotation   currentRotation=0   mRotation=0
06-08 18:13:10.613  7124  7399 D GestureStubView: resetRenderProperty: showGestureStub   isLayoutParamChanged=false
06-08 18:13:10.613  7124  7399 D GestureStubView_Touch: disableTouch    old=false   new=false
06-08 18:13:10.613  7124  7399 D GestureStubView: showGestureStub
06-08 18:13:10.613  7124  7399 D GestureStubView_Touch: setKeepHidden    old=true   new=false
06-08 18:13:10.613  7124  7399 D GestureStubView_Touch: updateTouchable    old=true   new=false
06-08 18:13:10.613  7124  7399 D GestureStubView_Touch:   updateTouchable---requestApplyInsets
06-08 18:13:10.613  7124  7399 W GestureStubView: adaptRotation   currentRotation=0   mRotation=0
06-08 18:13:10.613  7124  7399 D GestureStubView: resetRenderProperty: showGestureStub   isLayoutParamChanged=false
06-08 18:13:10.613  7124  7399 D GestureStubView_Touch: disableTouch    old=false   new=false
06-08 18:13:10.613  7124  7399 D GestureStubView: showGestureStub
06-08 18:13:10.614  6969  7165 D HomeWallpaperRenderer: OFFSET  x: 1.0  y: 0.0
06-08 18:13:10.614  6969  7675 W OpenGLRenderer: Surface doesn't have any previously queued frames, nothing to readback from
06-08 18:13:10.617  7124  7399 D GestureStubView: gatherTransparentRegion: need render w:54  h:1440
06-08 18:13:10.617  7124  7399 D GestureStubView: gatherTransparentRegion: need render w:54  h:1440
06-08 18:13:10.623  2403  2893 I WindowManagerService: Physical orientation applied, rotation=0 sfOrientation=ORIENTATION_0
06-08 18:13:10.626 24557 24587 I AdrenoGLES-0: QUALCOMM build                   : ab32fc8fad, Ie934a85479
06-08 18:13:10.626 24557 24587 I AdrenoGLES-0: Build Date                       : 07/28/22
06-08 18:13:10.626 24557 24587 I AdrenoGLES-0: OpenGL ES Shader Compiler Version: EV031.36.08.09
06-08 18:13:10.626 24557 24587 I AdrenoGLES-0: Local Branch                     :
06-08 18:13:10.626 24557 24587 I AdrenoGLES-0: Remote Branch                    :
06-08 18:13:10.626 24557 24587 I AdrenoGLES-0: Remote Branch                    :
06-08 18:13:10.626 24557 24587 I AdrenoGLES-0: Reconstruct Branch               :
06-08 18:13:10.626 24557 24587 I AdrenoGLES-0: Build Config                     : S P 12.1.1 AArch64
06-08 18:13:10.626 24557 24587 I AdrenoGLES-0: Driver Path                      : /vendor/lib64/egl/libGLESv2_adreno.so
06-08 18:13:10.626 24557 24587 I AdrenoGLES-0: Driver Version                   : 0615.0
06-08 18:13:10.627  7124  7124 D NavStubView_Touch: onSystemUiFlagsChanged  mIsShowStatusBar    old= true   new=false
06-08 18:13:10.627  7124  7124 D NavStubView_Touch: onSystemUiFlagsChanged  mIsShowNavBar    old= true   new=true
06-08 18:13:10.629  7124  7124 D NavStubView_Touch: onSystemUiFlagsChanged  mIsShowStatusBar    old= false   new=false
06-08 18:13:10.629  7124  7124 D NavStubView_Touch: onSystemUiFlagsChanged  mIsShowNavBar    old= true   new=true
06-08 18:13:10.631 24557 24587 I AdrenoGLES-0: PFP: 0x016dc109, ME: 0x00000000
06-08 18:13:10.644 24557 24587 W libc    : Access denied finding property "vendor.migl.debug"
06-08 18:13:10.649  1245  3014 I SDM     : HWCColorModeStc::GetColorModeCount: Supported color mode count = 3
06-08 18:13:10.649  1245  3014 I SDM     : HWCColorModeStc::GetColorModes: Color mode = 0 is supported
06-08 18:13:10.649  1245  3014 I SDM     : HWCColorModeStc::GetColorModes: Color mode = 7 is supported
06-08 18:13:10.649  1245  3014 I SDM     : HWCColorModeStc::GetColorModes: Color mode = 9 is supported
06-08 18:13:10.649  1379  2670 D MI-SF   : addDolbyVisionHdr enter hdrTypes 2
06-08 18:13:10.649  1379  2670 E MI-SF   : hdrTypes:2
06-08 18:13:10.649  1379  2670 E MI-SF   : hdrTypes:3
06-08 18:13:10.649  1379  2670 E MI-SF   : hdrTypes:4
06-08 18:13:10.657 24557 24587 D cn.missevan: MiuiProcessManagerServiceStub setSchedFifo
06-08 18:13:10.657 24557 24587 I MiuiProcessManagerImpl: setSchedFifo pid:24557, mode:3
06-08 18:13:10.682  6969  7675 W OpenGLRenderer: Surface doesn't have any previously queued frames, nothing to readback from
06-08 18:13:10.685  6969  7165 D HomeWallpaperRenderer: OFFSET  x: 1.0  y: 0.0
06-08 18:13:10.693  6969  7165 D HomeWallpaperRenderer: OFFSET  x: 1.0  y: 0.0
06-08 18:13:10.694  6969  7675 W OpenGLRenderer: Surface doesn't have any previously queued frames, nothing to readback from
06-08 18:13:10.705  6969  7165 D HomeWallpaperRenderer: OFFSET  x: 1.0  y: 0.0
06-08 18:13:10.705  6969  7675 W OpenGLRenderer: Surface doesn't have any previously queued frames, nothing to readback from
06-08 18:13:10.709  6969  7675 W OpenGLRenderer: Surface doesn't have any previously queued frames, nothing to readback from
06-08 18:13:10.709  6969  7165 D HomeWallpaperRenderer: OFFSET  x: 1.0  y: 0.0
06-08 18:13:10.714 24557 24594 I Prefs   : setKvsValue, key: local_privacy, value: {"title_for_update":"","modified_time":1616673600,"content_for_decline":"FMFMFM","title":"","more_content_html":"<a href=\"https://link.missevan.com/rule/privacy\">FM</a><a href=\"https://www.missevan.com/page/rule/duty\">FM</a>","content":"FMFMFMFMFM","content_for_update":"FMFM\nFM SDK  /  / \nFM","url":"https://link.missevan.com/rule/privacy"}
06-08 18:13:10.714 24557 24594 I Prefs   : setKvsValue, key: current_season, value: 2
06-08 18:13:10.719  2403  2570 D PerfImpl: perfFirstDrawBoost: cn.missevan, 24557, 1
06-08 18:13:10.720  1262  5242 E ANDR-PERF-LM: ThreadHelper: thread_callback() 145: More than one pending updates!!! This should not happen. MeterMgr should avoid this case.
06-08 18:13:10.720 24557 24557 D CompatibilityChangeReporter: Compat change id reported: 171228096; UID 10462; state: ENABLED
06-08 18:13:10.728  2403  2565 I ActivityTaskManager: Displayed cn.missevan/.activity.SplashActivity: +521ms
06-08 18:13:10.728  2403  2565 D PerfImpl: perfLockReleaseHandler: 780172
06-08 18:13:10.730 24557 24557 D IS_CTS_MODE: true
06-08 18:13:10.731 24557 24557 D MULTI_WINDOW_SWITCH_ENABLED: false
06-08 18:13:10.742  6969  7165 D HomeWallpaperRenderer: OFFSET  x: 1.0  y: 0.0
06-08 18:13:10.742  6969  7675 W OpenGLRenderer: Surface doesn't have any previously queued frames, nothing to readback from
06-08 18:13:10.752  6969  7165 D HomeWallpaperRenderer: OFFSET  x: 1.0  y: 0.0
06-08 18:13:10.758  6969  7675 W OpenGLRenderer: Surface doesn't have any previously queued frames, nothing to readback from
06-08 18:13:10.762  7124  7124 D NavStubView_Touch: onSystemUiFlagsChanged  mIsShowStatusBar    old= false   new=true
06-08 18:13:10.762  7124  7124 D NavStubView_Touch: onSystemUiFlagsChanged  mIsShowNavBar    old= true   new=true
06-08 18:13:10.770  6969  7165 D HomeWallpaperRenderer: OFFSET  x: 1.0  y: 0.0
06-08 18:13:10.770  6969  7675 W OpenGLRenderer: Surface doesn't have any previously queued frames, nothing to readback from
06-08 18:13:10.774  6969  7675 W OpenGLRenderer: Surface doesn't have any previously queued frames, nothing to readback from
06-08 18:13:10.775  4164  4178 D BLASTBufferQueue: releaseBufferCallback ReleaseCallbackId: bufferId:17884243828161 framenumber:249331
06-08 18:13:10.776  6969  7165 D HomeWallpaperRenderer: OFFSET  x: 1.0  y: 0.0
06-08 18:13:10.791  4164  4177 D BLASTBufferQueue: releaseBufferCallback ReleaseCallbackId: bufferId:17884243828135 framenumber:249332
06-08 18:13:10.799  4164  4177 D BLASTBufferQueue: releaseBufferCallback ReleaseCallbackId: bufferId:17884243828162 framenumber:249333
06-08 18:13:10.802  2403  5734 I WindowManagerService: Physical orientation applied, rotation=0 sfOrientation=ORIENTATION_0
06-08 18:13:10.805  1977  2997 D libsensor-displayalgo: the value of  brightness:400.000000,R:71034222.308053,G:73211090.167519,B:75539424.772852,EVENT_C:6220.500000,EVENT_R:2398.500000,EVENT_G:3150.500000,EVENT_B:1247.500000
06-08 18:13:10.805  1977  2997 I libsensor-displayalgo: the value of  Coef1:1107.681000,Coef4:2.383000, scale1:0.935522, scale4:0.923264
06-08 18:13:10.805  1977  2997 E libsensor-displayalgo: RGB_test_0407_400_oldzy!
06-08 18:13:10.805  1977  2997 I libsensor-displayalgo: the value of  RESULT2829.700982,1106.701280,1384.587880,516.363660
06-08 18:13:10.805  1977  2997 I libsensor-displayalgo: the value of  getChannelDataCalibrated2956.955427,1025.530818,1602.102169,559.679881
06-08 18:13:10.805  1977  2997 I libsensor-displayalgo: the value of  REAL LUX193.136932
06-08 18:13:10.805  1977  2997 I libsensor-displayalgo: the value of  CAL REAL LUX193.136932
06-08 18:13:10.808  4164  5127 D BLASTBufferQueue: releaseBufferCallback ReleaseCallbackId: bufferId:17884243828134 framenumber:249334
06-08 18:13:10.811  6969  7165 D HomeWallpaperRenderer: OFFSET  x: 1.0  y: 0.0
06-08 18:13:10.812  6969  7675 W OpenGLRenderer: Surface doesn't have any previously queued frames, nothing to readback from
06-08 18:13:10.815  6969  7165 D HomeWallpaperRenderer: OFFSET  x: 1.0  y: 0.0
06-08 18:13:10.820  6969  7675 W OpenGLRenderer: Surface doesn't have any previously queued frames, nothing to readback from
06-08 18:13:10.822  6969  7165 D HomeWallpaperRenderer: OFFSET  x: 1.0  y: 0.0
06-08 18:13:10.824  6969  7675 W OpenGLRenderer: Surface doesn't have any previously queued frames, nothing to readback from
06-08 18:13:10.825  4164  5127 D BLASTBufferQueue: releaseBufferCallback ReleaseCallbackId: bufferId:17884243828161 framenumber:249335
06-08 18:13:10.829  6969  7165 D HomeWallpaperRenderer: OFFSET  x: 1.0  y: 0.0
06-08 18:13:10.830  6969  7675 W OpenGLRenderer: Surface doesn't have any previously queued frames, nothing to readback from
06-08 18:13:10.835  6969  7165 D HomeWallpaperRenderer: OFFSET  x: 1.0  y: 0.0
06-08 18:13:10.836  6969  7675 W OpenGLRenderer: Surface doesn't have any previously queued frames, nothing to readback from
06-08 18:13:10.840  6969  7675 W OpenGLRenderer: Surface doesn't have any previously queued frames, nothing to readback from
06-08 18:13:10.840  6969  7165 D HomeWallpaperRenderer: OFFSET  x: 1.0  y: 0.0
06-08 18:13:10.840  6969  7165 D HomeWallpaperRenderer: OFFSET  x: 1.0  y: 0.0
06-08 18:13:10.841  4164  5127 D BLASTBufferQueue: releaseBufferCallback ReleaseCallbackId: bufferId:17884243828135 framenumber:249336
06-08 18:13:10.841  6969  7675 W OpenGLRenderer: Surface doesn't have any previously queued frames, nothing to readback from
06-08 18:13:10.844  6969  7675 W OpenGLRenderer: Surface doesn't have any previously queued frames, nothing to readback from
06-08 18:13:10.845  6969  7675 W OpenGLRenderer: Surface doesn't have any previously queued frames, nothing to readback from
06-08 18:13:10.845  6969  7165 D HomeWallpaperRenderer: OFFSET  x: 1.0  y: 0.0
06-08 18:13:10.845  6969  7165 D HomeWallpaperRenderer: OFFSET  x: 1.0  y: 0.0
06-08 18:13:10.853  6969  7165 D HomeWallpaperRenderer: OFFSET  x: 1.0  y: 0.0
06-08 18:13:10.853  6969  7675 W OpenGLRenderer: Surface doesn't have any previously queued frames, nothing to readback from
06-08 18:13:10.859 24557 24557 D DecorView[SplashActivity]: onWindowFocusChanged hasWindowFocus false
06-08 18:13:10.861  7124  7124 E LauncherAnimationRunner: finish: mFinishRunnable.run
06-08 18:13:10.865  6969  7165 D HomeWallpaperRenderer: OFFSET  x: 1.0  y: 0.0
06-08 18:13:10.866  6969  7675 W OpenGLRenderer: Surface doesn't have any previously queued frames, nothing to readback from
06-08 18:13:10.875 24557 24601 D BLASTBufferQueue: releaseBufferCallback ReleaseCallbackId: bufferId:105471511887876 framenumber:1
06-08 18:13:10.877  6969  7165 D HomeWallpaperRenderer: OFFSET  x: 1.0  y: 0.0
06-08 18:13:10.879  6969  7675 W OpenGLRenderer: Surface doesn't have any previously queued frames, nothing to readback from
06-08 18:13:10.881  4164  5127 D BLASTBufferQueue: releaseBufferCallback ReleaseCallbackId: bufferId:17884243828792 framenumber:17
06-08 18:13:10.881  1245  2285 I vendor.qti.hardware.display.composer-service: FrameNotifyProcess Sensor: notify citsensorservice to trigger cwb
06-08 18:13:10.881  1977  2106 I libcitsensorservice@2.0-impl: msg_transfer
06-08 18:13:10.881  1977  2987 D vendor.xiaomi.sensor.citsensorservice@2.0-service: handle id:8 wxh:1280x2400 uwxuh:1080x2400 size: 9216000 fd:15 fd_meta:16 flags:0x4000228 usage:0x33  format:0x3 layer_count: 1
06-08 18:13:10.881  1245  3014 I SDM     : HWCSession::SetCWBOutputBuffer: CWB config passed by cwb_client : tappoint 1  CWB_ROI : (829.000000 4.000000 915.000000 90.000000)
06-08 18:13:10.887  2403  2872 I WindowManagerService: Physical orientation applied, rotation=0 sfOrientation=ORIENTATION_0
06-08 18:13:10.888  1245 24611 I SDM     : HWCSession::ProcessRequests: Successfully configured CWB buffer.
06-08 18:13:10.892  7124  7124 D Launcher.Lifecycle: onStop:UserHandle{0},a1ae5e7,false
06-08 18:13:10.893  1103 25954 E traffic : traffic monitor has been disabled or argment error.
06-08 18:13:10.893  2403  2421 I SmartPower.com.miui.personalassistant/10068(7566): visible->invisible(226074ms) R(become invisible) adj=100.
06-08 18:13:10.896  1245 24611 I SDM     : HWCSession::ProcessRequests: Pushing release fence in fenece wait queue.
06-08 18:13:10.896  1245 24611 I SDM     : HWCSession::ProcessRequests: Creating AsyncFenceWaits async thread.
06-08 18:13:10.896  1245 24611 I SDM     : HWCSession::ProcessRequests: Remove current CWB request from the pending request queue.
06-08 18:13:10.897  1245  1464 I SDM     : HWDeviceDRM::SetupConcurrentWriteback: Tear down the Concurrent Writeback topology
06-08 18:13:10.899  1245 24611 I SDM     : HWCSession::ProcessRequests: No pending cwb requests found in the queue.
06-08 18:13:10.899  2403  2421 I SmartPower.com.miui.personalassistant/10068(7566): invisible->background(7ms) R(become background) adj=100.
06-08 18:13:10.899  2403  3429 I SmartPower: com.miui.personalassistant/10068 state=foreground adj=100 proc size=1 move to inactive become invisible
06-08 18:13:10.899  2403  3057 I MiuiNetworkPolicyTrafficLimit: updateWhiteListUidForMobileTraffic uid=10079,add=false
06-08 18:13:10.899  7124  7124 D LauncherClient.Service: service already disconnected:com.miui.newhome
06-08 18:13:10.900  7124  7124 W Launcher.Workspace: MiuiHome:onSaveInstanceState
06-08 18:13:10.900  7124  7124 W ScreenView_Workspace: MiuiHome:onSaveInstanceState
06-08 18:13:10.900  7566  7584 D LauncherOverlay: setActivityState:0
06-08 18:13:10.900  7124  7124 W ScreenView_HotSeats: MiuiHome:onSaveInstanceState
06-08 18:13:10.900  7124  7124 W ScreenView_RecommendAppsThumbnailView: MiuiHome:onSaveInstanceState
06-08 18:13:10.900  7124  7124 W ScreenView_WorkspaceThumbnailView: MiuiHome:onSaveInstanceState
06-08 18:13:10.900  7124  7124 W ScreenView_EditingEntryThumbnailView: MiuiHome:onSaveInstanceState
06-08 18:13:10.900  7124  7124 W ViewPager: MiuiHome:onSaveInstanceState
06-08 18:13:10.900  7124  7124 W ScreenView_DeleteIconContainer: MiuiHome:onSaveInstanceState
06-08 18:13:10.904  2403  3057 I MiuiNetworkPolicyTrafficLimit: updateWhiteListUidForMobileTraffic uid=10068,add=false
06-08 18:13:10.905  2403  3057 D MiuiNetworkPolicyTrafficLimit: updateWhiteListUidForMobileTraffic rst=true
06-08 18:13:10.905  2403  3057 D MiuiNetworkPolicyTrafficLimit: updateWhiteListUidForMobileTraffic rst=true
06-08 18:13:10.911  1245 24612 I SDM     : HWCSession::NotifyCWBStatus: Notify the client about buffer status 0.
06-08 18:13:10.911  1245 24612 I SDM     : HWCSession::PerformFenceWaits: Remove current release fence from the pending fence wait queue.
06-08 18:13:10.911  1245 24612 I SDM     : HWCSession::PerformFenceWaits: CWB fence queue is empty. No pending release fence to wait on.
06-08 18:13:10.919  2403  2421 I WindowManagerService: Physical orientation applied, rotation=0 sfOrientation=ORIENTATION_0
06-08 18:13:10.922  7566  7566 D LauncherOverlay.Window: onStop
06-08 18:13:10.926  2403  4540 W ActivityTaskManager: Skip mGoingToSleepWakeLock release for sleepingOrShuttingDown
06-08 18:13:10.929 24557 24557 D DecorView[]: onWindowFocusChanged hasWindowFocus true
06-08 18:13:10.930  1379  1379 D MI-SF   : Launcher Changed hasLauncher=0
06-08 18:13:10.931  2403  2568 W TaskSnapshot_CInjector: doSnapshotQSInternal()... return as window type is incorrect, type=2
06-08 18:13:11.078 21118 21224 I FontLog : (REDACTED) Received query %s, URI %s
06-08 18:13:11.078 21118 21224 I FontLog : (REDACTED) Query [%s] resolved to %s
06-08 18:13:11.080 21118 21224 I FontLog : (REDACTED) Fetch %s end status %s
06-08 18:13:11.085 21118 21224 I FontLog : (REDACTED) Pulling font file for id = %d, cache size = %d
06-08 18:13:11.089 21118 21224 I FontLog : (REDACTED) Pulling font file for id = %d, cache size = %d
06-08 18:13:11.103  2403  2893 I WindowManagerService: Physical orientation applied, rotation=0 sfOrientation=ORIENTATION_0
06-08 18:13:11.103  1977  2997 D libsensor-displayalgo: the value of  brightness:400.000000,R:83156616.658677,G:83156786.316231,B:83156728.157762,EVENT_C:6581.000000,EVENT_R:2520.000000,EVENT_G:3346.000000,EVENT_B:1321.500000
06-08 18:13:11.103  1977  2997 I libsensor-displayalgo: the value of  Coef1:1107.681000,Coef4:2.383000, scale1:0.935522, scale4:0.923264
06-08 18:13:11.103  1977  2997 E libsensor-displayalgo: RGB_test_0407_400_oldzy!
06-08 18:13:11.104  1977  2997 I libsensor-displayalgo: the value of  RESULT3073.909450,1218.129162,1487.767970,559.380773
06-08 18:13:11.104  1977  2997 I libsensor-displayalgo: the value of  getChannelDataCalibrated3212.146190,1128.786076,1721.491519,606.305572
06-08 18:13:11.104  1977  2997 I libsensor-displayalgo: the value of  REAL LUX201.120560
06-08 18:13:11.104  1977  2997 I libsensor-displayalgo: the value of  CAL REAL LUX201.120560
06-08 18:13:11.104  1977  2997 I libsensor-ssccalapi: value of set_lux: 201.120560
06-08 18:13:11.109  2403  2893 W InputManager-JNI: Input channel object 'eef814d Splash Screen cn.missevan (client)' was disposed without first being removed with the input manager!
06-08 18:13:11.184  1245  2285 I vendor.qti.hardware.display.composer-service: FrameNotifyProcess Sensor: notify citsensorservice to trigger cwb
06-08 18:13:11.184  1977  2109 I libcitsensorservice@2.0-impl: msg_transfer
06-08 18:13:11.184  1977  2987 D vendor.xiaomi.sensor.citsensorservice@2.0-service: handle id:8 wxh:1280x2400 uwxuh:1080x2400 size: 9216000 fd:15 fd_meta:16 flags:0x4000228 usage:0x33  format:0x3 layer_count: 1
06-08 18:13:11.184  1245  3014 I SDM     : HWCSession::SetCWBOutputBuffer: CWB config passed by cwb_client : tappoint 1  CWB_ROI : (829.000000 4.000000 915.000000 90.000000)
06-08 18:13:11.192  1245 24614 I SDM     : HWCSession::ProcessRequests: Successfully configured CWB buffer.
06-08 18:13:11.200  1245 24614 I SDM     : HWCSession::ProcessRequests: Pushing release fence in fenece wait queue.
06-08 18:13:11.200  1245 24614 I SDM     : HWCSession::ProcessRequests: Creating AsyncFenceWaits async thread.
06-08 18:13:11.200  1245 24614 I SDM     : HWCSession::ProcessRequests: Remove current CWB request from the pending request queue.
06-08 18:13:11.201  1245 24614 I SDM     : HWCSession::ProcessRequests: No pending cwb requests found in the queue.
06-08 18:13:11.201  1245  1464 I SDM     : HWDeviceDRM::SetupConcurrentWriteback: Tear down the Concurrent Writeback topology
06-08 18:13:11.204  1285  1285 D SRE     : sensorCallback mDisplayId = 0 dataCallback value=< 201.1200, 246.2260, 400.0000>,time=3045591493079604, sensor=5, temperature(K)= 246.2260
06-08 18:13:11.204  1285  1285 D SRE     : setSREStrength mDisplayId = 0, mLastLux = 227, lux = 201, mSREEnabled = 1, mLastFreezeStatus = 0, freeze = 0
06-08 18:13:11.215  1245 24615 I SDM     : HWCSession::NotifyCWBStatus: Notify the client about buffer status 0.
06-08 18:13:11.215  1245 24615 I SDM     : HWCSession::PerformFenceWaits: Remove current release fence from the pending fence wait queue.
06-08 18:13:11.215  1245 24615 I SDM     : HWCSession::PerformFenceWaits: CWB fence queue is empty. No pending release fence to wait on.
06-08 18:13:11.261  7124  7124 D NavStubView_Touch: onSystemUiFlagsChanged  mIsShowStatusBar    old= true   new=false
06-08 18:13:11.261  7124  7124 D NavStubView_Touch: onSystemUiFlagsChanged  mIsShowNavBar    old= true   new=true
06-08 18:13:11.279  5373  8501 W MiuiPerfServiceClient: interceptAndQueuing:4164|com.android.systemui|142|31|2077414347789088|Slow handle animation|10
06-08 18:13:11.403  1977  2997 D libsensor-displayalgo: the value of  brightness:400.000000,R:10547666.965156,G:10505845.735723,B:10671935.979783,EVENT_C:3586.000000,EVENT_R:1434.000000,EVENT_G:1766.000000,EVENT_B:706.500000
06-08 18:13:11.404  1977  2997 I libsensor-displayalgo: the value of  Coef1:1107.681000,Coef4:2.383000, scale1:0.935522, scale4:0.923264
06-08 18:13:11.404  1977  2997 E libsensor-displayalgo: RGB_black_white_scenario_0822!
06-08 18:13:11.404  1977  2997 I libsensor-displayalgo: the value of  RESULT353.958337,132.102368,185.752377,63.876366
06-08 18:13:11.404  1977  2997 I libsensor-displayalgo: the value of  getChannelDataCalibrated369.876192,122.413385,214.933476,69.234766
06-08 18:13:11.404  1977  2997 I libsensor-displayalgo: the value of  REAL LUX196.332779
06-08 18:13:11.404  1977  2997 I libsensor-displayalgo: the value of  CAL REAL LUX196.332779
06-08 18:13:11.489  1245  2285 I vendor.qti.hardware.display.composer-service: FrameNotifyProcess Sensor: notify citsensorservice to trigger cwb
06-08 18:13:11.489  1977  2106 I libcitsensorservice@2.0-impl: msg_transfer
06-08 18:13:11.489  1977  2987 D vendor.xiaomi.sensor.citsensorservice@2.0-service: handle id:8 wxh:1280x2400 uwxuh:1080x2400 size: 9216000 fd:15 fd_meta:16 flags:0x4000228 usage:0x33  format:0x3 layer_count: 1
06-08 18:13:11.489  1245  3014 I SDM     : HWCSession::SetCWBOutputBuffer: CWB config passed by cwb_client : tappoint 1  CWB_ROI : (829.000000 4.000000 915.000000 90.000000)
06-08 18:13:11.497  1245 24616 I SDM     : HWCSession::ProcessRequests: Successfully configured CWB buffer.
06-08 18:13:11.505  1245 24616 I SDM     : HWCSession::ProcessRequests: Pushing release fence in fenece wait queue.
06-08 18:13:11.505  1245 24616 I SDM     : HWCSession::ProcessRequests: Creating AsyncFenceWaits async thread.
06-08 18:13:11.505  1245 24616 I SDM     : HWCSession::ProcessRequests: Remove current CWB request from the pending request queue.
06-08 18:13:11.505  1245 24616 I SDM     : HWCSession::ProcessRequests: No pending cwb requests found in the queue.
06-08 18:13:11.505  1245  1464 I SDM     : HWDeviceDRM::SetupConcurrentWriteback: Tear down the Concurrent Writeback topology
06-08 18:13:11.520  1245 24617 I SDM     : HWCSession::NotifyCWBStatus: Notify the client about buffer status 0.
06-08 18:13:11.520  1245 24617 I SDM     : HWCSession::PerformFenceWaits: Remove current release fence from the pending fence wait queue.
06-08 18:13:11.520  1245 24617 I SDM     : HWCSession::PerformFenceWaits: CWB fence queue is empty. No pending release fence to wait on.
06-08 18:13:11.620  5823  7760 I DisplayFrameSetting: homeToAppEnd pkg=cn.missevan
06-08 18:13:11.698 21969 22263 D MemoryCeilingMonitor: [handleMemoryCalculate]
06-08 18:13:11.699 21969 22263 D MemoryCeilingMonitor: [calculate] tot: 5981872, max: 268435456, free: 1294016, heap: 4687856, per: 0.017463624477386475
06-08 18:13:11.703  1977  2997 D libsensor-displayalgo: the value of  brightness:400.000000,R:11545406.201586,G:11514181.375458,B:11700250.689315,EVENT_C:3808.500000,EVENT_R:1525.000000,EVENT_G:1879.000000,EVENT_B:752.500000
06-08 18:13:11.703  1977  2997 I libsensor-displayalgo: the value of  Coef1:1107.681000,Coef4:2.383000, scale1:0.935522, scale4:0.923264
06-08 18:13:11.703  1977  2997 E libsensor-displayalgo: RGB_black_white_scenario_0822!
06-08 18:13:11.704  1977  2997 I libsensor-displayalgo: the value of  RESULT390.027434,145.726801,204.224203,70.013430
06-08 18:13:11.704  1977  2997 I libsensor-displayalgo: the value of  getChannelDataCalibrated407.567353,135.038540,236.307167,75.886650
06-08 18:13:11.704  1977  2997 I libsensor-displayalgo: the value of  REAL LUX207.393280
06-08 18:13:11.704  1977  2997 I libsensor-displayalgo: the value of  CAL REAL LUX207.393280
06-08 18:13:11.768  2403  2911 D MIUIInput: [MotionEvent] notifyMotion - eventTime=2077415224977000, deviceId=8, source=0x1002, policyFlags=0x0, action=0x0, flags=0x0, downTime=2077415224977000, moveCount:0
06-08 18:13:11.768  2403  2910 D MIUIInput: [MotionEvent] publisher action=0x4, 2077415224, channel '9ede85b NavigationBar0 (server)'
06-08 18:13:11.769  2403  2910 D MIUIInput: [MotionEvent] publisher action=0x0, 2077415224, channel 'f98789d cn.missevan/cn.missevan.activity.SplashActivity (server)'
06-08 18:13:11.769 24557 24557 D MIUIInput: [MotionEvent] ViewRootImpl windowName 'cn.missevan/cn.missevan.activity.SplashActivity', { action=ACTION_DOWN, id[0]=0, pointerCount=1, eventTime=2077415224, downTime=2077415224, phoneEventTime=18:13:11.767 } moveCount:0
06-08 18:13:11.777  2403  2893 D BLASTBufferQueue: releaseBufferCallback ReleaseCallbackId: bufferId:10320806414752 framenumber:99
06-08 18:13:11.847  2403  2911 D MIUIInput: [MotionEvent] notifyMotion - eventTime=2077415304131000, deviceId=8, source=0x1002, policyFlags=0x0, action=0x1, flags=0x0, downTime=2077415224977000, moveCount:0
06-08 18:13:11.847  2403  2910 D MIUIInput: [MotionEvent] publisher action=0x1, 2077415304, channel 'f98789d cn.missevan/cn.missevan.activity.SplashActivity (server)'
06-08 18:13:11.848 24557 24557 D MIUIInput: [MotionEvent] ViewRootImpl windowName 'cn.missevan/cn.missevan.activity.SplashActivity', { action=ACTION_UP, id[0]=0, pointerCount=1, eventTime=2077415304, downTime=2077415224, phoneEventTime=18:13:11.848 } moveCount:0
06-08 18:13:11.854  2403  2893 W InputManager-JNI: Input channel object 'f98789d cn.missevan/cn.missevan.activity.SplashActivity (client)' was disposed without first being removed with the input manager!
06-08 18:13:11.858  1245  2285 I vendor.qti.hardware.display.composer-service: FrameNotifyProcess Sensor: notify citsensorservice to trigger cwb
06-08 18:13:11.858  1977  2106 I libcitsensorservice@2.0-impl: msg_transfer
06-08 18:13:11.859  1977  2987 D vendor.xiaomi.sensor.citsensorservice@2.0-service: handle id:8 wxh:1280x2400 uwxuh:1080x2400 size: 9216000 fd:15 fd_meta:16 flags:0x4000228 usage:0x33  format:0x3 layer_count: 1
06-08 18:13:11.859  1245  3014 I SDM     : HWCSession::SetCWBOutputBuffer: CWB config passed by cwb_client : tappoint 1  CWB_ROI : (829.000000 4.000000 915.000000 90.000000)
06-08 18:13:11.859  1245 24620 I SDM     : HWCSession::ProcessRequests: Successfully configured CWB buffer.
06-08 18:13:11.864 24557 24557 I Prefs   : setKvsValue, key: privacy_modified_time, value: 1616673600
06-08 18:13:11.864 24557 24557 I SplashActivity: onAgree
06-08 18:13:11.864 24557 24557 I KVMigration: processMigratedField, KV migrated, return.
06-08 18:13:11.865 24557 24557 I KVMigration: migration, KV migrated, return.
06-08 18:13:11.865 24557 24557 I AppRunningTracker: init AppRunningTracker.
06-08 18:13:11.865 24557 24557 I AppRunningTracker: App cold start up.
06-08 18:13:11.865 24557 24557 I Prefs   : setKvsValue, key: running_record_start_ts, value: 1686219191865
06-08 18:13:11.866 24557 24557 I AppRunningTracker: Generate new App running session id: f5b7d01a-73dd-4588-92c1-ed9470a9f482
06-08 18:13:11.866 24557 24557 I Prefs   : setKvsValue, key: running_record_session_id, value: f5b7d01a-73dd-4588-92c1-ed9470a9f482
06-08 18:13:11.868 24557 24557 D MissEvanApplication: cn.missevanis main progress
06-08 18:13:11.869  1245 24620 I SDM     : HWCSession::ProcessRequests: Pushing release fence in fenece wait queue.
06-08 18:13:11.869  1245 24620 I SDM     : HWCSession::ProcessRequests: Creating AsyncFenceWaits async thread.
06-08 18:13:11.870  1245 24620 I SDM     : HWCSession::ProcessRequests: Remove current CWB request from the pending request queue.
06-08 18:13:11.870  1245 24620 I SDM     : HWCSession::ProcessRequests: No pending cwb requests found in the queue.
06-08 18:13:11.875  1245  1464 I SDM     : HWDeviceDRM::SetupConcurrentWriteback: Tear down the Concurrent Writeback topology
06-08 18:13:11.882  1245 24622 I SDM     : HWCSession::NotifyCWBStatus: Notify the client about buffer status 0.
06-08 18:13:11.882  1245 24622 I SDM     : HWCSession::PerformFenceWaits: Remove current release fence from the pending fence wait queue.
06-08 18:13:11.882  1245 24622 I SDM     : HWCSession::PerformFenceWaits: CWB fence queue is empty. No pending release fence to wait on.
06-08 18:13:11.892  4164  4177 D BLASTBufferQueue: releaseBufferCallback ReleaseCallbackId: bufferId:17884243828162 framenumber:249357
06-08 18:13:11.900  4164  4177 D BLASTBufferQueue: releaseBufferCallback ReleaseCallbackId: bufferId:17884243828134 framenumber:249358
06-08 18:13:11.908  4164  4177 D BLASTBufferQueue: releaseBufferCallback ReleaseCallbackId: bufferId:17884243828161 framenumber:249359
06-08 18:13:11.916  4125  5079 W TelephonyPermissions: reportAccessDeniedToReadIdentifiers:cn.missevan:getDeviceId:1
06-08 18:13:11.917  4164  4177 D BLASTBufferQueue: releaseBufferCallback ReleaseCallbackId: bufferId:17884243828135 framenumber:249360
06-08 18:13:11.919  4125  5079 W TelephonyPermissions: reportAccessDeniedToReadIdentifiers:cn.missevan:getSubscriberIdForSubscriber:1
06-08 18:13:11.925  4164  4177 D BLASTBufferQueue: releaseBufferCallback ReleaseCallbackId: bufferId:17884243828162 framenumber:249361
06-08 18:13:11.928  4125  4960 W TelephonyPermissions: reportAccessDeniedToReadIdentifiers:cn.missevan:getDeviceId:1
06-08 18:13:11.929 24557 24644 W libc    : Access denied finding property "wlan.lge.wifimac"
06-08 18:13:11.929 24557 24644 W libc    : Access denied finding property "wifi.interface"
06-08 18:13:11.926 24557 24557 W BPool-1 : type=1400 audit(0.0:273238): avc: denied { read } for name="u:object_r:wifi_prop:s0" dev="tmpfs" ino=475 scontext=u:r:untrusted_app_27:s0:c206,c257,c512,c768 tcontext=u:object_r:wifi_prop:s0 tclass=file permissive=0 app=cn.missevan
06-08 18:13:11.926 24557 24557 W BPool-1 : type=1400 audit(0.0:273239): avc: denied { read } for name="u:object_r:wifi_hal_prop:s0" dev="tmpfs" ino=473 scontext=u:r:untrusted_app_27:s0:c206,c257,c512,c768 tcontext=u:object_r:wifi_hal_prop:s0 tclass=file permissive=0 app=cn.missevan
06-08 18:13:11.926 24557 24557 W BPool-1 : type=1400 audit(0.0:273240): avc: denied { search } for name="net" dev="sysfs" ino=46387 scontext=u:r:untrusted_app_27:s0:c206,c257,c512,c768 tcontext=u:object_r:sysfs_net:s0 tclass=dir permissive=0 app=cn.missevan
06-08 18:13:11.932  4164  4177 D BLASTBufferQueue: releaseBufferCallback ReleaseCallbackId: bufferId:17884243828134 framenumber:249362
06-08 18:13:11.930 24557 24557 W BPool-1 : type=1400 audit(0.0:273241): avc: granted { nlmsg_readpriv } for scontext=u:r:untrusted_app_27:s0:c206,c257,c512,c768 tcontext=u:r:untrusted_app_27:s0:c206,c257,c512,c768 tclass=netlink_route_socket app=cn.missevan
06-08 18:13:11.934 24557 24557 W BPool-1 : type=1400 audit(0.0:273242): avc: granted { nlmsg_readpriv } for scontext=u:r:untrusted_app_27:s0:c206,c257,c512,c768 tcontext=u:r:untrusted_app_27:s0:c206,c257,c512,c768 tclass=netlink_route_socket app=cn.missevan
06-08 18:13:11.941  4164  4177 D BLASTBufferQueue: releaseBufferCallback ReleaseCallbackId: bufferId:17884243828161 framenumber:249363
06-08 18:13:11.945  2403  2872 W ServiceManager: Permission failure: android.permission.HIGH_SAMPLING_RATE_SENSORS from uid=10462 pid=24557
06-08 18:13:11.949  4164  4177 D BLASTBufferQueue: releaseBufferCallback ReleaseCallbackId: bufferId:17884243828135 framenumber:249364
06-08 18:13:11.955 24557 24557 D CompatibilityChangeReporter: Compat change id reported: 147600208; UID 10462; state: DISABLED
06-08 18:13:11.957  4164  4177 D BLASTBufferQueue: releaseBufferCallback ReleaseCallbackId: bufferId:17884243828162 framenumber:249365
06-08 18:13:11.966  4164  4177 D BLASTBufferQueue: releaseBufferCallback ReleaseCallbackId: bufferId:17884243828134 framenumber:249366
06-08 18:13:11.974  4164  4177 D BLASTBufferQueue: releaseBufferCallback ReleaseCallbackId: bufferId:17884243828161 framenumber:249367
06-08 18:13:11.982  4164  4177 D BLASTBufferQueue: releaseBufferCallback ReleaseCallbackId: bufferId:17884243828135 framenumber:249368
06-08 18:13:11.990  4164  4177 D BLASTBufferQueue: releaseBufferCallback ReleaseCallbackId: bufferId:17884243828162 framenumber:249369
06-08 18:13:11.998  4164  4177 D BLASTBufferQueue: releaseBufferCallback ReleaseCallbackId: bufferId:17884243828134 framenumber:249370
06-08 18:13:12.004  1977  2997 D libsensor-displayalgo: the value of  brightness:400.000000,R:11545406.201586,G:11514181.375458,B:11700250.689315,EVENT_C:3935.000000,EVENT_R:1593.500000,EVENT_G:1932.500000,EVENT_B:774.000000
06-08 18:13:12.004  1977  2997 I libsensor-displayalgo: the value of  Coef1:1107.681000,Coef4:2.383000, scale1:0.935522, scale4:0.923264
06-08 18:13:12.004  1977  2997 E libsensor-displayalgo: RGB_black_white_scenario_0822!
06-08 18:13:12.004  1977  2997 I libsensor-displayalgo: the value of  RESULT390.027434,145.726801,204.224203,70.013430
06-08 18:13:12.004  1977  2997 I libsensor-displayalgo: the value of  getChannelDataCalibrated407.567353,135.038540,236.307167,75.886650
06-08 18:13:12.004  1977  2997 I libsensor-displayalgo: the value of  REAL LUX214.426071
