06-08 18:13:17.205  1977  2997 I libsensor-displayalgo: the value of  Coef1:1107.681000,Coef4:2.383000, scale1:0.935522, scale4:0.923264
06-08 18:13:17.205  1977  2997 E libsensor-displayalgo: RGB_test_0407_400_oldzy!
06-08 18:13:17.205  1977  2997 I libsensor-displayalgo: the value of  RESULT2890.107049,1141.992032,1406.677893,524.321307
06-08 18:13:17.205  1977  2997 I libsensor-displayalgo: the value of  getChannelDataCalibrated3020.078014,1058.233186,1627.662452,568.305071
06-08 18:13:17.205  1977  2997 I libsensor-displayalgo: the value of  REAL LUX144.807663
06-08 18:13:17.205  1977  2997 I libsensor-displayalgo: the value of  CAL REAL LUX144.807663
06-08 18:13:17.207  9703  9719 I webview_servic: This is non sticky GC, maxfree is 8388608 minfree is 2097152
06-08 18:13:17.224 24557 24557 E cn.missevan: No package ID ff found for ID 0xffffffff.
06-08 18:13:17.224 24557 24557 E cn.missevan: No package ID ff found for ID 0xffffffff.
06-08 18:13:17.232 24557 24557 E cn.missevan: No package ID ff found for ID 0xffffffff.
06-08 18:13:17.232 24557 24557 E cn.missevan: No package ID ff found for ID 0xffffffff.
06-08 18:13:17.236 24557 24557 E cn.missevan: No package ID ff found for ID 0xffffffff.
06-08 18:13:17.236 24557 24557 E cn.missevan: No package ID ff found for ID 0xffffffff.
06-08 18:13:17.242 24557 24557 E cn.missevan: No package ID ff found for ID 0xffffffff.
06-08 18:13:17.242 24557 24557 E cn.missevan: No package ID ff found for ID 0xffffffff.
06-08 18:13:17.245 24557 24557 E cn.missevan: No package ID ff found for ID 0xffffffff.
06-08 18:13:17.245 24557 24557 E cn.missevan: No package ID ff found for ID 0xffffffff.
06-08 18:13:17.249 24557 24557 E cn.missevan: No package ID ff found for ID 0xffffffff.
06-08 18:13:17.249 24557 24557 E cn.missevan: No package ID ff found for ID 0xffffffff.
06-08 18:13:17.260 25072 25080 I van:pushservic: This is sticky GC, maxfree is 8388608 minfree is 2097152
06-08 18:13:17.288 24557 24557 E cn.missevan: No package ID ff found for ID 0xffffffff.
06-08 18:13:17.289 24557 24557 E cn.missevan: No package ID ff found for ID 0xffffffff.
06-08 18:13:17.292 24557 24557 E cn.missevan: No package ID ff found for ID 0xffffffff.
06-08 18:13:17.292 24557 24557 E cn.missevan: No package ID ff found for ID 0xffffffff.
06-08 18:13:17.295 24557 24557 E cn.missevan: No package ID ff found for ID 0xffffffff.
06-08 18:13:17.295 24557 24557 E cn.missevan: No package ID ff found for ID 0xffffffff.
06-08 18:13:17.301 24557 24557 E cn.missevan: No package ID ff found for ID 0xffffffff.
06-08 18:13:17.301 24557 24557 E cn.missevan: No package ID ff found for ID 0xffffffff.
06-08 18:13:17.305 24557 24557 E cn.missevan: No package ID ff found for ID 0xffffffff.
06-08 18:13:17.305 24557 24557 E cn.missevan: No package ID ff found for ID 0xffffffff.
06-08 18:13:17.308 24557 24557 E cn.missevan: No package ID ff found for ID 0xffffffff.
06-08 18:13:17.308 24557 24557 E cn.missevan: No package ID ff found for ID 0xffffffff.
06-08 18:13:17.324  1245  2285 I vendor.qti.hardware.display.composer-service: FrameNotifyProcess Sensor: notify citsensorservice to trigger cwb
06-08 18:13:17.325  1977  2109 I libcitsensorservice@2.0-impl: msg_transfer
06-08 18:13:17.325  1977  2987 D vendor.xiaomi.sensor.citsensorservice@2.0-service: handle id:8 wxh:1280x2400 uwxuh:1080x2400 size: 9216000 fd:15 fd_meta:16 flags:0x4000228 usage:0x33  format:0x3 layer_count: 1
06-08 18:13:17.326  1245  1846 I SDM     : HWCSession::SetCWBOutputBuffer: CWB config passed by cwb_client : tappoint 1  CWB_ROI : (829.000000 4.000000 915.000000 90.000000)
06-08 18:13:17.331  1245 25154 I SDM     : HWCSession::ProcessRequests: Successfully configured CWB buffer.
06-08 18:13:17.335  1245 25154 I SDM     : HWCSession::ProcessRequests: Pushing release fence in fenece wait queue.
06-08 18:13:17.335  1245 25154 I SDM     : HWCSession::ProcessRequests: Creating AsyncFenceWaits async thread.
06-08 18:13:17.335  1245 25154 I SDM     : HWCSession::ProcessRequests: Remove current CWB request from the pending request queue.
06-08 18:13:17.335  1245 25154 I SDM     : HWCSession::ProcessRequests: No pending cwb requests found in the queue.
06-08 18:13:17.341  1245  1464 I SDM     : HWDeviceDRM::SetupConcurrentWriteback: Tear down the Concurrent Writeback topology
06-08 18:13:17.349  1245 25155 I SDM     : HWCSession::NotifyCWBStatus: Notify the client about buffer status 0.
06-08 18:13:17.349  1245 25155 I SDM     : HWCSession::PerformFenceWaits: Remove current release fence from the pending fence wait queue.
06-08 18:13:17.349  1245 25155 I SDM     : HWCSession::PerformFenceWaits: CWB fence queue is empty. No pending release fence to wait on.
06-08 18:13:17.362 24557 24557 W cn.missevan: type=1400 audit(0.0:273249): avc: granted { nlmsg_readpriv } for scontext=u:r:untrusted_app_27:s0:c206,c257,c512,c768 tcontext=u:r:untrusted_app_27:s0:c206,c257,c512,c768 tclass=netlink_route_socket app=cn.missevan
06-08 18:13:17.362 24557 24557 W cn.missevan: type=1400 audit(0.0:273250): avc: granted { nlmsg_readpriv } for scontext=u:r:untrusted_app_27:s0:c206,c257,c512,c768 tcontext=u:r:untrusted_app_27:s0:c206,c257,c512,c768 tclass=netlink_route_socket app=cn.missevan
06-08 18:13:17.417 24557 24686 D IdProviderImpl: getOAID from cn.missevan
06-08 18:13:17.428  4125  4146 W TelephonyPermissions: reportAccessDeniedToReadIdentifiers:cn.missevan:getIccSerialNumber:1
06-08 18:13:17.505  1977  2997 D libsensor-displayalgo: the value of  brightness:400.000000,R:75130885.425204,G:75130828.191609,B:75151203.782317,EVENT_C:5379.500000,EVENT_R:1982.500000,EVENT_G:2796.000000,EVENT_B:1079.500000
06-08 18:13:17.505  1977  2997 I libsensor-displayalgo: the value of  Coef1:1107.681000,Coef4:2.383000, scale1:0.935522, scale4:0.923264
06-08 18:13:17.505  1977  2997 E libsensor-displayalgo: RGB_test_0407_400_oldzy!
06-08 18:13:17.505  1977  2997 I libsensor-displayalgo: the value of  RESULT2890.107049,1141.992032,1406.677893,524.321307
06-08 18:13:17.505  1977  2997 I libsensor-displayalgo: the value of  getChannelDataCalibrated3020.078014,1058.233186,1627.662452,568.305071
06-08 18:13:17.505  1977  2997 I libsensor-displayalgo: the value of  REAL LUX143.301224
06-08 18:13:17.505  1977  2997 I libsensor-displayalgo: the value of  CAL REAL LUX143.301224
06-08 18:13:17.519 24557 24568 I cn.missevan: This is non sticky GC, maxfree is 8388608 minfree is 2097152
06-08 18:13:17.519 24557 24568 I cn.missevan: Background concurrent copying GC freed 178826(11MB) AllocSpace objects, 218(10056KB) LOS objects, 49% free, 18MB/37MB, paused 92us,61us total 102.105ms
06-08 18:13:17.530  5373  8501 W MiuiPerfServiceClient: interceptAndQueuing:24557|cn.missevan|136|106|2077420779345492|Slow handle traversal|2
06-08 18:13:17.647  1245  2285 I vendor.qti.hardware.display.composer-service: FrameNotifyProcess Sensor: notify citsensorservice to trigger cwb
06-08 18:13:17.647  1977  2109 I libcitsensorservice@2.0-impl: msg_transfer
06-08 18:13:17.647  1977  2987 D vendor.xiaomi.sensor.citsensorservice@2.0-service: handle id:8 wxh:1280x2400 uwxuh:1080x2400 size: 9216000 fd:15 fd_meta:16 flags:0x4000228 usage:0x33  format:0x3 layer_count: 1
06-08 18:13:17.648  1245  1846 I SDM     : HWCSession::SetCWBOutputBuffer: CWB config passed by cwb_client : tappoint 1  CWB_ROI : (829.000000 4.000000 915.000000 90.000000)
06-08 18:13:17.650  1245 25163 I SDM     : HWCSession::ProcessRequests: Successfully configured CWB buffer.
06-08 18:13:17.657  1245 25163 I SDM     : HWCSession::ProcessRequests: Pushing release fence in fenece wait queue.
06-08 18:13:17.657  1245 25163 I SDM     : HWCSession::ProcessRequests: Creating AsyncFenceWaits async thread.
06-08 18:13:17.657  1245 25163 I SDM     : HWCSession::ProcessRequests: Remove current CWB request from the pending request queue.
06-08 18:13:17.658  1245 25163 I SDM     : HWCSession::ProcessRequests: No pending cwb requests found in the queue.
06-08 18:13:17.663  1245  1464 I SDM     : HWDeviceDRM::SetupConcurrentWriteback: Tear down the Concurrent Writeback topology
06-08 18:13:17.670  1245 25164 I SDM     : HWCSession::NotifyCWBStatus: Notify the client about buffer status 0.
06-08 18:13:17.671  1245 25164 I SDM     : HWCSession::PerformFenceWaits: Remove current release fence from the pending fence wait queue.
06-08 18:13:17.671  1245 25164 I SDM     : HWCSession::PerformFenceWaits: CWB fence queue is empty. No pending release fence to wait on.
06-08 18:13:17.804  1977  2997 D libsensor-displayalgo: the value of  brightness:400.000000,R:75130885.425204,G:75130828.191609,B:75151203.782317,EVENT_C:5375.500000,EVENT_R:1985.000000,EVENT_G:2794.000000,EVENT_B:1077.500000
06-08 18:13:17.804  1977  2997 I libsensor-displayalgo: the value of  Coef1:1107.681000,Coef4:2.383000, scale1:0.935522, scale4:0.923264
06-08 18:13:17.804  1977  2997 E libsensor-displayalgo: RGB_test_0407_400_oldzy!
06-08 18:13:17.805  1977  2997 I libsensor-displayalgo: the value of  RESULT2890.107049,1141.992032,1406.677893,524.321307
06-08 18:13:17.805  1977  2997 I libsensor-displayalgo: the value of  getChannelDataCalibrated3020.078014,1058.233186,1627.662452,568.305071
06-08 18:13:17.805  1977  2997 I libsensor-displayalgo: the value of  REAL LUX142.996140
06-08 18:13:17.805  1977  2997 I libsensor-displayalgo: the value of  CAL REAL LUX142.996140
06-08 18:13:17.882  2403  2911 D MIUIInput: [MotionEvent] notifyMotion - eventTime=2077421338824000, deviceId=8, source=0x1002, policyFlags=0x0, action=0x0, flags=0x0, downTime=2077421338824000, moveCount:0
06-08 18:13:17.883  2403  2910 D MIUIInput: [MotionEvent] publisher action=0x4, 2077421338, channel '9ede85b NavigationBar0 (server)'
06-08 18:13:17.883  2403  2910 D MIUIInput: [MotionEvent] publisher action=0x0, 2077421338, channel '6615db4 cn.missevan/cn.missevan.activity.MainActivity (server)'
06-08 18:13:17.884 24557 24557 D MIUIInput: [MotionEvent] ViewRootImpl windowName 'cn.missevan/cn.missevan.activity.MainActivity', { action=ACTION_DOWN, id[0]=0, pointerCount=1, eventTime=2077421338, downTime=2077421338, phoneEventTime=18:13:17.881 } moveCount:0
06-08 18:13:17.888  2403  3919 D BLASTBufferQueue: releaseBufferCallback ReleaseCallbackId: bufferId:10320806414752 framenumber:103
06-08 18:13:17.936  7684  7684 W PushService: [Tid:2] [XMPushService] onStart() with intent.Action = com.xiaomi.mipush.SEND_MESSAGE, chid = null, pkg = null|cn.missevan
06-08 18:13:17.936  7684  7898 W PushService: [Tid:72] [Job] Handle intent action = com.xiaomi.mipush.SEND_MESSAGE
06-08 18:13:17.937  7684  7898 W PushService: [Tid:72] try send mi push message. packagename:cn.missevan action:Notification
06-08 18:13:17.938  7684  7898 D MyLog   : -->log(1): [Tid:72] [Slim] Wrote {cmd=SECMSG;chid=5;len=322}
06-08 18:13:17.938  7684  7898 D MyLog   : -->log(1): [Tid:72] [Slim] 06:13:17  Sent  Blob [SECMSG,5,gjbF8-431]
06-08 18:13:17.941  7684  7684 W PushService: [Tid:2] [XMPushService] onStart() with intent.Action = com.xiaomi.mipush.SEND_MESSAGE, chid = null, pkg = null|cn.missevan
06-08 18:13:17.941  7684  7898 W PushService: [Tid:72] [Job] Handle intent action = com.xiaomi.mipush.SEND_MESSAGE
06-08 18:13:17.942  7684  7898 W PushService: [Tid:72] try send mi push message. packagename:cn.missevan action:Notification
06-08 18:13:17.942  7684  7898 D MyLog   : -->log(1): [Tid:72] [Slim] Wrote {cmd=SECMSG;chid=5;len=293}
06-08 18:13:17.942  7684  7898 D MyLog   : -->log(1): [Tid:72] [Slim] 06:13:17  Sent  Blob [SECMSG,5,gjbF8-432]
06-08 18:13:17.944  2403  2911 D MIUIInput: [MotionEvent] notifyMotion - eventTime=2077421400788000, deviceId=8, source=0x1002, policyFlags=0x0, action=0x1, flags=0x0, downTime=2077421338824000, moveCount:0
06-08 18:13:17.945  2403  2910 D MIUIInput: [MotionEvent] publisher action=0x1, 2077421400, channel '6615db4 cn.missevan/cn.missevan.activity.MainActivity (server)'
06-08 18:13:17.946 24557 24557 D MIUIInput: [MotionEvent] ViewRootImpl windowName 'cn.missevan/cn.missevan.activity.MainActivity', { action=ACTION_UP, id[0]=0, pointerCount=1, eventTime=2077421400, downTime=2077421338, phoneEventTime=18:13:17.943 } moveCount:0
06-08 18:13:17.951  1245  2285 I vendor.qti.hardware.display.composer-service: FrameNotifyProcess Sensor: notify citsensorservice to trigger cwb
06-08 18:13:17.951  1977  2106 I libcitsensorservice@2.0-impl: msg_transfer
06-08 18:13:17.952  1977  2987 D vendor.xiaomi.sensor.citsensorservice@2.0-service: handle id:8 wxh:1280x2400 uwxuh:1080x2400 size: 9216000 fd:15 fd_meta:16 flags:0x4000228 usage:0x33  format:0x3 layer_count: 1
06-08 18:13:17.952  1245  1846 I SDM     : HWCSession::SetCWBOutputBuffer: CWB config passed by cwb_client : tappoint 1  CWB_ROI : (829.000000 4.000000 915.000000 90.000000)
06-08 18:13:17.954  1245 25167 I SDM     : HWCSession::ProcessRequests: Successfully configured CWB buffer.
06-08 18:13:17.961  1245 25167 I SDM     : HWCSession::ProcessRequests: Pushing release fence in fenece wait queue.
06-08 18:13:17.962  1245 25167 I SDM     : HWCSession::ProcessRequests: Creating AsyncFenceWaits async thread.
06-08 18:13:17.962  1245 25167 I SDM     : HWCSession::ProcessRequests: Remove current CWB request from the pending request queue.
06-08 18:13:17.962  1245 25167 I SDM     : HWCSession::ProcessRequests: No pending cwb requests found in the queue.
06-08 18:13:17.968  1245  1464 I SDM     : HWDeviceDRM::SetupConcurrentWriteback: Tear down the Concurrent Writeback topology
06-08 18:13:17.975  1245 25168 I SDM     : HWCSession::NotifyCWBStatus: Notify the client about buffer status 0.
06-08 18:13:17.975  1245 25168 I SDM     : HWCSession::PerformFenceWaits: Remove current release fence from the pending fence wait queue.
06-08 18:13:17.975  1245 25168 I SDM     : HWCSession::PerformFenceWaits: CWB fence queue is empty. No pending release fence to wait on.
06-08 18:13:17.979  7684 12121 D MyLog   : -->log(1): [Tid:126] [Slim] Read {cmd=SECMSG;chid=5;len=1922}
06-08 18:13:17.979  7684 12121 D MyLog   : -->log(1): [Tid:126] [Slim] 06:13:17  RCV  Blob [SECMSG,5,dcn_1686219198115]
06-08 18:13:17.980  7684  7898 W PushService: [Tid:72] receive a message. appid=2882303761517293282, msgid= dcn_1686219198115, action=Notification
06-08 18:13:17.980  7684  7898 W PushService: [Tid:72] receiving an un-recognized notification message. Notification
06-08 18:13:17.980  7684  7898 W PushService: [Tid:72] broadcast passthrough message.
06-08 18:13:17.989 24557 24557 D DecorView[MainActivity]: getWindowModeFromSystem  windowmode is 1
06-08 18:13:17.989 24557 24557 D DecorView[MainActivity]: updateDecorCaptionStatus displayWindowDecor is false
06-08 18:13:17.995  2403  4296 I WindowManagerService: Physical orientation applied, rotation=0 sfOrientation=ORIENTATION_0
06-08 18:13:18.105  1977  2997 D libsensor-displayalgo: the value of  brightness:400.000000,R:75130885.425204,G:75130828.191609,B:75151203.782317,EVENT_C:5395.500000,EVENT_R:1989.500000,EVENT_G:2804.000000,EVENT_B:1082.500000
06-08 18:13:18.105  1977  2997 I libsensor-displayalgo: the value of  Coef1:1107.681000,Coef4:2.383000, scale1:0.935522, scale4:0.923264
06-08 18:13:18.105  1977  2997 E libsensor-displayalgo: RGB_test_0407_400_oldzy!
06-08 18:13:18.106  1977  2997 I libsensor-displayalgo: the value of  RESULT2890.107049,1141.992032,1406.677893,524.321307
06-08 18:13:18.106  1977  2997 I libsensor-displayalgo: the value of  getChannelDataCalibrated3020.078014,1058.233186,1627.662452,568.305071
06-08 18:13:18.106  1977  2997 I libsensor-displayalgo: the value of  REAL LUX144.286804
06-08 18:13:18.106  1977  2997 I libsensor-displayalgo: the value of  CAL REAL LUX144.286804
06-08 18:13:18.315  1245  2285 I vendor.qti.hardware.display.composer-service: FrameNotifyProcess Sensor: notify citsensorservice to trigger cwb
06-08 18:13:18.316  1977  2109 I libcitsensorservice@2.0-impl: msg_transfer
06-08 18:13:18.318  1977  2987 D vendor.xiaomi.sensor.citsensorservice@2.0-service: handle id:8 wxh:1280x2400 uwxuh:1080x2400 size: 9216000 fd:15 fd_meta:16 flags:0x4000228 usage:0x33  format:0x3 layer_count: 1
06-08 18:13:18.318  1245  1846 I SDM     : HWCSession::SetCWBOutputBuffer: CWB config passed by cwb_client : tappoint 1  CWB_ROI : (829.000000 4.000000 915.000000 90.000000)
06-08 18:13:18.319  1245 25173 I SDM     : HWCSession::ProcessRequests: Successfully configured CWB buffer.
06-08 18:13:18.323  1245 25173 I SDM     : HWCSession::ProcessRequests: Pushing release fence in fenece wait queue.
06-08 18:13:18.323  1245 25173 I SDM     : HWCSession::ProcessRequests: Creating AsyncFenceWaits async thread.
06-08 18:13:18.324  1245 25173 I SDM     : HWCSession::ProcessRequests: Remove current CWB request from the pending request queue.
06-08 18:13:18.324  1245 25173 I SDM     : HWCSession::ProcessRequests: No pending cwb requests found in the queue.
06-08 18:13:18.329  1245  1464 I SDM     : HWDeviceDRM::SetupConcurrentWriteback: Tear down the Concurrent Writeback topology
06-08 18:13:18.338  1245 25174 I SDM     : HWCSession::NotifyCWBStatus: Notify the client about buffer status 0.
06-08 18:13:18.338  1245 25174 I SDM     : HWCSession::PerformFenceWaits: Remove current release fence from the pending fence wait queue.
06-08 18:13:18.338  1245 25174 I SDM     : HWCSession::PerformFenceWaits: CWB fence queue is empty. No pending release fence to wait on.
06-08 18:13:18.405  1977  2997 D libsensor-displayalgo: the value of  brightness:400.000000,R:46641656.461526,G:46790620.698220,B:46811621.121363,EVENT_C:4893.000000,EVENT_R:1821.500000,EVENT_G:2529.500000,EVENT_B:974.500000
06-08 18:13:18.405  1977  2997 I libsensor-displayalgo: the value of  Coef1:1107.681000,Coef4:2.383000, scale1:0.935522, scale4:0.923264
06-08 18:13:18.405  1977  2997 E libsensor-displayalgo: RGB_test_0407_400_oldzy!
06-08 18:13:18.406  1977  2997 I libsensor-displayalgo: the value of  RESULT2089.455593,817.536000,1040.473982,373.020817
06-08 18:13:18.406  1977  2997 I libsensor-displayalgo: the value of  getChannelDataCalibrated2183.420472,757.574223,1203.929089,404.312430
06-08 18:13:18.406  1977  2997 I libsensor-displayalgo: the value of  REAL LUX165.109924
06-08 18:13:18.406  1977  2997 I libsensor-displayalgo: the value of  CAL REAL LUX165.109924
06-08 18:13:18.457 24557 24579 I cn.missevan: ProcessProfilingInfo new_methods=5885 is saved saved_to_disk=1 resolve_classes_delay=8000
06-08 18:13:18.570  1245  2285 I vendor.qti.hardware.display.composer-service: FrameNotifyProcess Sensor: notify citsensorservice to trigger cwb
06-08 18:13:18.570  1977  2109 I libcitsensorservice@2.0-impl: msg_transfer
06-08 18:13:18.570  1977  2987 D vendor.xiaomi.sensor.citsensorservice@2.0-service: handle id:8 wxh:1280x2400 uwxuh:1080x2400 size: 9216000 fd:15 fd_meta:16 flags:0x4000228 usage:0x33  format:0x3 layer_count: 1
06-08 18:13:18.571  1245  1846 I SDM     : HWCSession::SetCWBOutputBuffer: CWB config passed by cwb_client : tappoint 1  CWB_ROI : (829.000000 4.000000 915.000000 90.000000)
06-08 18:13:18.572  1245 25179 I SDM     : HWCSession::ProcessRequests: Successfully configured CWB buffer.
06-08 18:13:18.581  1245 25179 I SDM     : HWCSession::ProcessRequests: Pushing release fence in fenece wait queue.
06-08 18:13:18.582  1245 25179 I SDM     : HWCSession::ProcessRequests: Creating AsyncFenceWaits async thread.
06-08 18:13:18.583  1245 25179 I SDM     : HWCSession::ProcessRequests: Remove current CWB request from the pending request queue.
06-08 18:13:18.584  1245 25179 I SDM     : HWCSession::ProcessRequests: No pending cwb requests found in the queue.
06-08 18:13:18.592  1245 25181 I SDM     : HWCSession::NotifyCWBStatus: Notify the client about buffer status 0.
06-08 18:13:18.593  1245  1464 I SDM     : HWDeviceDRM::SetupConcurrentWriteback: Tear down the Concurrent Writeback topology
06-08 18:13:18.595  1245 25181 I SDM     : HWCSession::PerformFenceWaits: Remove current release fence from the pending fence wait queue.
06-08 18:13:18.596  1245 25181 I SDM     : HWCSession::PerformFenceWaits: CWB fence queue is empty. No pending release fence to wait on.
06-08 18:13:18.755  2403  3322 W NsdServiceInfo: Key lengths > 9 are discouraged: commonData
06-08 18:13:18.756  1103  1129 W netd    : dnssd_clientstub DNSServiceProcessResult called with NULL DNSServiceRef
06-08 18:13:18.761  1103  1129 W netd    : dnssd_clientstub DNSServiceProcessResult called with NULL DNSServiceRef
06-08 18:13:18.762  6628 16467 W IDM-BonjourGovernor: apps is null
06-08 18:13:18.766  2403  3322 E NsdService: id 7726 for SERVICE_GET_ADDR_SUCCESS has no client mapping
06-08 18:13:18.766  2403  3322 E NsdService: Unhandled { when=-7ms what=393242 obj=com.android.server.NsdService$NativeEvent@f51ebf target=com.android.internal.util.StateMachine$SmHandler }
06-08 18:13:18.805  1977  2997 D libsensor-displayalgo: the value of  brightness:400.000000,R:11944846.901740,G:13276231.747714,B:19475857.638635,EVENT_C:3386.000000,EVENT_R:1293.500000,EVENT_G:1715.000000,EVENT_B:670.500000
06-08 18:13:18.805  1977  2997 I libsensor-displayalgo: the value of  Coef1:1107.681000,Coef4:2.383000, scale1:0.935522, scale4:0.923264
06-08 18:13:18.805  1977  2997 E libsensor-displayalgo: RGB_test_0407_400_oldzy!
06-08 18:13:18.806  1977  2997 I libsensor-displayalgo: the value of  RESULT890.057769,334.793999,459.004156,157.653523
06-08 18:13:18.806  1977  2997 I libsensor-displayalgo: the value of  getChannelDataCalibrated930.084545,310.238698,531.112229,170.878611
06-08 18:13:18.806  1977  2997 I libsensor-displayalgo: the value of  REAL LUX149.534714
06-08 18:13:18.806  1977  2997 I libsensor-displayalgo: the value of  CAL REAL LUX149.534714
06-08 18:13:18.819 25072 25112 D config.Worker: config,ver: null
06-08 18:13:18.820 25072 25112 D ab.Worker: ab,ver: null
06-08 18:13:19.105  1977  2997 D libsensor-displayalgo: the value of  brightness:400.000000,R:11944846.901740,G:13276231.747714,B:19475857.638635,EVENT_C:3386.000000,EVENT_R:1293.500000,EVENT_G:1715.000000,EVENT_B:670.500000
06-08 18:13:19.105  1977  2997 I libsensor-displayalgo: the value of  Coef1:1107.681000,Coef4:2.383000, scale1:0.935522, scale4:0.923264
06-08 18:13:19.105  1977  2997 E libsensor-displayalgo: RGB_test_0407_400_oldzy!
06-08 18:13:19.106  1977  2997 I libsensor-displayalgo: the value of  RESULT890.057769,334.793999,459.004156,157.653523
06-08 18:13:19.106  1977  2997 I libsensor-displayalgo: the value of  getChannelDataCalibrated930.084545,310.238698,531.112229,170.878611
06-08 18:13:19.106  1977  2997 I libsensor-displayalgo: the value of  REAL LUX149.534714
06-08 18:13:19.106  1977  2997 I libsensor-displayalgo: the value of  CAL REAL LUX149.534714
06-08 18:13:19.237  2403  2911 D MIUIInput: [MotionEvent] notifyMotion - eventTime=2077422693308000, deviceId=8, source=0x1002, policyFlags=0x0, action=0x0, flags=0x0, downTime=2077422693308000, moveCount:0
06-08 18:13:19.238  2403  2910 D MIUIInput: [MotionEvent] publisher action=0x4, 2077422693, channel '9ede85b NavigationBar0 (server)'
06-08 18:13:19.238  2403  2910 D MIUIInput: [MotionEvent] publisher action=0x0, 2077422693, channel '6615db4 cn.missevan/cn.missevan.activity.MainActivity (server)'
06-08 18:13:19.240 24557 24557 D MIUIInput: [MotionEvent] ViewRootImpl windowName 'cn.missevan/cn.missevan.activity.MainActivity', { action=ACTION_DOWN, id[0]=0, pointerCount=1, eventTime=2077422693, downTime=2077422693, phoneEventTime=18:13:19.236 } moveCount:0
06-08 18:13:19.247  1245  2285 I vendor.qti.hardware.display.composer-service: FrameNotifyProcess Sensor: notify citsensorservice to trigger cwb
06-08 18:13:19.248  1977  1977 I libcitsensorservice@2.0-impl: msg_transfer
06-08 18:13:19.248  2403  3919 D BLASTBufferQueue: releaseBufferCallback ReleaseCallbackId: bufferId:10320806414753 framenumber:104
06-08 18:13:19.248  1977  2987 D vendor.xiaomi.sensor.citsensorservice@2.0-service: handle id:8 wxh:1280x2400 uwxuh:1080x2400 size: 9216000 fd:15 fd_meta:16 flags:0x4000228 usage:0x33  format:0x3 layer_count: 1
06-08 18:13:19.249  1245  1846 I SDM     : HWCSession::SetCWBOutputBuffer: CWB config passed by cwb_client : tappoint 1  CWB_ROI : (829.000000 4.000000 915.000000 90.000000)
06-08 18:13:19.253  1245 25194 I SDM     : HWCSession::ProcessRequests: Successfully configured CWB buffer.
06-08 18:13:19.261  1245 25194 I SDM     : HWCSession::ProcessRequests: Pushing release fence in fenece wait queue.
06-08 18:13:19.261  1245 25194 I SDM     : HWCSession::ProcessRequests: Creating AsyncFenceWaits async thread.
06-08 18:13:19.262  1245 25194 I SDM     : HWCSession::ProcessRequests: Remove current CWB request from the pending request queue.
06-08 18:13:19.262  1245 25194 I SDM     : HWCSession::ProcessRequests: No pending cwb requests found in the queue.
06-08 18:13:19.268  1245  1464 I SDM     : HWDeviceDRM::SetupConcurrentWriteback: Tear down the Concurrent Writeback topology
06-08 18:13:19.275  1245 25195 I SDM     : HWCSession::NotifyCWBStatus: Notify the client about buffer status 0.
06-08 18:13:19.276  1245 25195 I SDM     : HWCSession::PerformFenceWaits: Remove current release fence from the pending fence wait queue.
06-08 18:13:19.276  1245 25195 I SDM     : HWCSession::PerformFenceWaits: CWB fence queue is empty. No pending release fence to wait on.
06-08 18:13:19.306  2403  2911 D MIUIInput: [MotionEvent] notifyMotion - eventTime=2077422763011000, deviceId=8, source=0x1002, policyFlags=0x0, action=0x1, flags=0x0, downTime=2077422693308000, moveCount:0
06-08 18:13:19.307  2403  2910 D MIUIInput: [MotionEvent] publisher action=0x1, 2077422763, channel '6615db4 cn.missevan/cn.missevan.activity.MainActivity (server)'
06-08 18:13:19.308 24557 24557 D MIUIInput: [MotionEvent] ViewRootImpl windowName 'cn.missevan/cn.missevan.activity.MainActivity', { action=ACTION_UP, id[0]=0, pointerCount=1, eventTime=2077422763, downTime=2077422693, phoneEventTime=18:13:19.306 } moveCount:0
06-08 18:13:19.329 24758 24758 I @@@BBPLOG: Info T2A64C4F8 CPlayMain L330 It sets resume
06-08 18:13:19.398 24557 24557 I HandWritingStubImpl: isKeyboardTypeChanged: false
06-08 18:13:19.406  1977  2997 D libsensor-displayalgo: the value of  brightness:400.000000,R:11944846.901740,G:13276231.747714,B:19475857.638635,EVENT_C:3337.000000,EVENT_R:1281.000000,EVENT_G:1684.500000,EVENT_B:657.500000
06-08 18:13:19.410  1977  2997 I libsensor-displayalgo: the value of  Coef1:1107.681000,Coef4:2.383000, scale1:0.935522, scale4:0.923264
06-08 18:13:19.410  1977  2997 E libsensor-displayalgo: RGB_test_0407_400_oldzy!
06-08 18:13:19.410  1977  2997 I libsensor-displayalgo: the value of  RESULT890.057769,334.793999,459.004156,157.653523
06-08 18:13:19.410  1977  2997 I libsensor-displayalgo: the value of  getChannelDataCalibrated930.084545,310.238698,531.112229,170.878611
06-08 18:13:19.410  1977  2997 I libsensor-displayalgo: the value of  REAL LUX146.216141
06-08 18:13:19.410  1977  2997 I libsensor-displayalgo: the value of  CAL REAL LUX146.216141
06-08 18:13:19.412 24557 24557 D IS_CTS_MODE: true
06-08 18:13:19.412 24557 24557 D MULTI_WINDOW_SWITCH_ENABLED: false
06-08 18:13:19.438  2403  4296 W InputManager-JNI: Input channel object 'fc298d5 cn.missevan/cn.missevan.activity.MainActivity (client)' was disposed without first being removed with the input manager!
06-08 18:13:19.471 24557 24557 D DecorView[MainActivity]: getWindowModeFromSystem  windowmode is 1
06-08 18:13:19.471 24557 24557 D DecorView[MainActivity]: updateDecorCaptionStatus displayWindowDecor is false
06-08 18:13:19.482  2403  4296 I WindowManagerService: Physical orientation applied, rotation=0 sfOrientation=ORIENTATION_0
06-08 18:13:19.494 24557 24557 I HandWritingStubImpl: refreshLastKeyboardType: 1
06-08 18:13:19.495 24557 24557 I HandWritingStubImpl: getCurrentKeyboardType: 1
06-08 18:13:19.496  5373  8501 W MiuiPerfServiceClient: interceptAndQueuing:24557|cn.missevan|126|121|2077421774181846|Slow main thread|2
06-08 18:13:19.498  7825  7825 E BaseInputMethodService: onFinishInput
06-08 18:13:19.498  7825  7825 E BaseInputMethodService: onStartInput
06-08 18:13:19.507  5373  8501 W MiuiPerfServiceClient: interceptAndQueuing:4164|com.android.systemui|153|37|2077418977250180|Slow swap buffers|8
06-08 18:13:19.529  5452  9748 D SLM-SRV-SLAService: checktemp temperature = 36064 temperature_average = 35620 isPerformanceMode = false thermal_enable_slm = true
06-08 18:13:19.549  1245  2285 I vendor.qti.hardware.display.composer-service: FrameNotifyProcess Sensor: notify citsensorservice to trigger cwb
06-08 18:13:19.550  1977  2109 I libcitsensorservice@2.0-impl: msg_transfer
06-08 18:13:19.552  1977  2987 D vendor.xiaomi.sensor.citsensorservice@2.0-service: handle id:8 wxh:1280x2400 uwxuh:1080x2400 size: 9216000 fd:15 fd_meta:16 flags:0x4000228 usage:0x33  format:0x3 layer_count: 1
06-08 18:13:19.552  1245  1846 I SDM     : HWCSession::SetCWBOutputBuffer: CWB config passed by cwb_client : tappoint 1  CWB_ROI : (829.000000 4.000000 915.000000 90.000000)
06-08 18:13:19.553  1245 25196 I SDM     : HWCSession::ProcessRequests: Successfully configured CWB buffer.
06-08 18:13:19.562  1245 25196 I SDM     : HWCSession::ProcessRequests: Pushing release fence in fenece wait queue.
06-08 18:13:19.562  1245 25196 I SDM     : HWCSession::ProcessRequests: Creating AsyncFenceWaits async thread.
06-08 18:13:19.562  1245 25196 I SDM     : HWCSession::ProcessRequests: Remove current CWB request from the pending request queue.
06-08 18:13:19.563  1245 25196 I SDM     : HWCSession::ProcessRequests: No pending cwb requests found in the queue.
06-08 18:13:19.564  1245  1464 I SDM     : HWDeviceDRM::SetupConcurrentWriteback: Tear down the Concurrent Writeback topology
06-08 18:13:19.572  1245 25197 I SDM     : HWCSession::NotifyCWBStatus: Notify the client about buffer status 0.
06-08 18:13:19.573  1245 25197 I SDM     : HWCSession::PerformFenceWaits: Remove current release fence from the pending fence wait queue.
06-08 18:13:19.573  1245 25197 I SDM     : HWCSession::PerformFenceWaits: CWB fence queue is empty. No pending release fence to wait on.
06-08 18:13:19.601 24557 24557 I HandWritingStubImpl: refreshLastKeyboardType: 1
06-08 18:13:19.601 24557 24557 I HandWritingStubImpl: getCurrentKeyboardType: 1
06-08 18:13:19.603  7825  7825 E BaseInputMethodService: onFinishInput
06-08 18:13:19.603  7825  7825 E BaseInputMethodService: onStartInput
06-08 18:13:19.705  1977  2997 D libsensor-displayalgo: the value of  brightness:400.000000,R:17186475.079695,G:18563612.231814,B:24878094.477298,EVENT_C:3394.000000,EVENT_R:1296.000000,EVENT_G:1718.500000,EVENT_B:673.000000
06-08 18:13:19.705  1977  2997 I libsensor-displayalgo: the value of  Coef1:1107.681000,Coef4:2.383000, scale1:0.935522, scale4:0.923264
06-08 18:13:19.705  1977  2997 E libsensor-displayalgo: RGB_test_0407_400_oldzy!
06-08 18:13:19.705  1977  2997 I libsensor-displayalgo: the value of  RESULT1115.447381,423.471981,570.257605,198.332684
06-08 18:13:19.705  1977  2997 I libsensor-displayalgo: the value of  getChannelDataCalibrated1165.610150,392.412636,659.843235,214.970226
06-08 18:13:19.705  1977  2997 I libsensor-displayalgo: the value of  REAL LUX134.161713
06-08 18:13:19.705  1977  2997 I libsensor-displayalgo: the value of  CAL REAL LUX134.161713
06-08 18:13:19.717  7684  7891 D MyLog   : -->log(1): [Tid:71] [Alarm] heartbeat alarm has been triggered.
06-08 18:13:19.717  7684  7891 D MyLog   : -->log(1): [Tid:71] [Alarm] Ping XMChannelService on timer
06-08 18:13:19.725  7684  7684 W PushService: [Tid:2] [XMPushService] onStart() with intent.Action = com.xiaomi.push.timer, chid = null, pkg = null|null
06-08 18:13:19.726  7684  7898 W PushService: [Tid:72] [Job] Handle intent action = com.xiaomi.push.timer
06-08 18:13:19.726  7684  7898 W PushService: [Tid:72] [Alarm] Service called on timer
06-08 18:13:19.726  7684  7898 W PushService: [Tid:72] [Alarm] register alarm. (false)
06-08 18:13:19.726  7684  7898 D MyLog   : -->log(0): [Tid:72] [HB] long ping interval count: 5
06-08 18:13:19.727  7684  7898 W PushService: [Tid:72] [HB] accumulate long hb count(50) and write to file.
06-08 18:13:19.727  7684  7898 W PushService: [Tid:72] [HB] ping interval:600000
06-08 18:13:19.733  7684  7898 D MyLog   : -->log(1): [Tid:72] [Alarm] register timer 3046200000
06-08 18:13:19.734  7684  7898 W PushService: [Tid:72] [Slim] SND ping id=0
06-08 18:13:19.735  7684  7898 D MyLog   : -->log(1): [Tid:72] [Slim] Wrote {cmd=PING;chid=0;len=12}
06-08 18:13:19.735  7684  7898 D MyLog   : -->log(1): [Tid:72] [Slim] 06:13:19  Sent  Blob [PING,0,0]
06-08 18:13:19.739  7684  7891 W PushService: [Tid:71] [Alarm] heartbeat alarm finish in 21
06-08 18:13:19.767  7684 12121 D MyLog   : -->log(1): [Tid:126] [Slim] Read {cmd=PING;chid=0;len=8}
06-08 18:13:19.768  7684 12121 W PushService: [Tid:126] [Slim] RCV ping id=0
06-08 18:13:19.768  7684 12121 D MyLog   : -->log(1): [Tid:126] [Slim] 06:13:19  RCV  Blob [PING,0,0]
06-08 18:13:19.844 24557 24557 I HandWritingStubImpl: isKeyboardTypeChanged: false
06-08 18:13:19.845 24557 24557 I HandWritingStubImpl: isKeyboardTypeChanged: false
06-08 18:13:19.845 24557 24557 I HandWritingStubImpl: isKeyboardTypeChanged: false
06-08 18:13:19.846 24557 24557 I HandWritingStubImpl: isKeyboardTypeChanged: false
06-08 18:13:19.848 24557 24557 I HandWritingStubImpl: isKeyboardTypeChanged: false
06-08 18:13:19.848  1906  1953 I mstatdaemon: Entering time loop
06-08 18:13:19.848  1906  1953 I mstatdaemon: t = 1686219199
06-08 18:13:19.848  1906  1953 I mstatdaemon: translated_t = 1370229199
06-08 18:13:19.848  1906  1953 I mstat_log: mstatcommitLog log_alloc() failed
06-08 18:13:19.848 24557 24557 I HandWritingStubImpl: isKeyboardTypeChanged: false
06-08 18:13:19.848 24557 24557 I HandWritingStubImpl: isKeyboardTypeChanged: false
06-08 18:13:19.848 24557 24557 I HandWritingStubImpl: isKeyboardTypeChanged: false
06-08 18:13:19.851 24557 24557 I HandWritingStubImpl: isKeyboardTypeChanged: false
06-08 18:13:19.851 24557 24557 I HandWritingStubImpl: isKeyboardTypeChanged: false
06-08 18:13:19.851 24557 24557 I HandWritingStubImpl: isKeyboardTypeChanged: false
06-08 18:13:19.851 24557 24557 I HandWritingStubImpl: isKeyboardTypeChanged: false
06-08 18:13:19.852  1245  2285 I vendor.qti.hardware.display.composer-service: FrameNotifyProcess Sensor: notify citsensorservice to trigger cwb
06-08 18:13:19.852  1977  2106 I libcitsensorservice@2.0-impl: msg_transfer
06-08 18:13:19.853  1977  2987 D vendor.xiaomi.sensor.citsensorservice@2.0-service: handle id:8 wxh:1280x2400 uwxuh:1080x2400 size: 9216000 fd:15 fd_meta:16 flags:0x4000228 usage:0x33  format:0x3 layer_count: 1
06-08 18:13:19.853 24557 24557 I HandWritingStubImpl: isKeyboardTypeChanged: false
06-08 18:13:19.853  1245  1846 I SDM     : HWCSession::SetCWBOutputBuffer: CWB config passed by cwb_client : tappoint 1  CWB_ROI : (829.000000 4.000000 915.000000 90.000000)
06-08 18:13:19.853 24557 24557 I HandWritingStubImpl: isKeyboardTypeChanged: false
06-08 18:13:19.853 24557 24557 I HandWritingStubImpl: isKeyboardTypeChanged: false
06-08 18:13:19.854 24557 24557 I HandWritingStubImpl: isKeyboardTypeChanged: false
06-08 18:13:19.854 24557 24557 I HandWritingStubImpl: isKeyboardTypeChanged: false
06-08 18:13:19.855 24557 24557 I HandWritingStubImpl: isKeyboardTypeChanged: false
06-08 18:13:19.855 24557 24557 I HandWritingStubImpl: isKeyboardTypeChanged: false
06-08 18:13:19.855 24557 24557 I HandWritingStubImpl: isKeyboardTypeChanged: false
06-08 18:13:19.856 24557 24557 I HandWritingStubImpl: isKeyboardTypeChanged: false
06-08 18:13:19.856 24557 24557 I HandWritingStubImpl: isKeyboardTypeChanged: false
06-08 18:13:19.856 24557 24557 I HandWritingStubImpl: isKeyboardTypeChanged: false
06-08 18:13:19.856 24557 24557 I HandWritingStubImpl: isKeyboardTypeChanged: false
06-08 18:13:19.858  1245 25204 I SDM     : HWCSession::ProcessRequests: Successfully configured CWB buffer.
06-08 18:13:19.864  1245 25204 I SDM     : HWCSession::ProcessRequests: Pushing release fence in fenece wait queue.
06-08 18:13:19.864  1245 25204 I SDM     : HWCSession::ProcessRequests: Creating AsyncFenceWaits async thread.
06-08 18:13:19.864  1245 25204 I SDM     : HWCSession::ProcessRequests: Remove current CWB request from the pending request queue.
06-08 18:13:19.865  1245 25204 I SDM     : HWCSession::ProcessRequests: No pending cwb requests found in the queue.
06-08 18:13:19.869  1245  1464 I SDM     : HWDeviceDRM::SetupConcurrentWriteback: Tear down the Concurrent Writeback topology
06-08 18:13:19.876  1245 25205 I SDM     : HWCSession::NotifyCWBStatus: Notify the client about buffer status 0.
06-08 18:13:19.877  1245 25205 I SDM     : HWCSession::PerformFenceWaits: Remove current release fence from the pending fence wait queue.
06-08 18:13:19.877  1245 25205 I SDM     : HWCSession::PerformFenceWaits: CWB fence queue is empty. No pending release fence to wait on.
06-08 18:13:19.932 24758 24758 I @@@BBPLOG: Info T2A64C4F8 CPlayMain L283 The Session UUID: a6c26d7c-d06e-42e5-85a1-4a6a11068ced
06-08 18:13:19.934 24557 24568 I cn.missevan: This is sticky GC, maxfree is 8388608 minfree is 2097152
06-08 18:13:19.939 24758 24758 I @@@BBPLOG: Info T2A64C4F8 bbPlayer L143 Open source: https://cn-ahwh-ct-01-02.bilivideo.com/mefmxcodeboss/aod/202304/23/_000039ymrrxeiv4hs2lvhynik3fj8qb-128k.m4a?e=ig8euxZM2rNcNbdlhoNvNC8BqJIzNbfqXBvEuENvNC8aNEVEtEvE9IMvXBvE2ENvNCImNEVEIj0Y2J_aug859r1qXg8xNEVE5XREto8GuFGv2U7SuxI72X6fTr859IB_&uipk=5&nbs=1&deadline=1686226399&gen=playurlv2&os=bcache&oi=3729190097&trid=0000b2be9229858840f0ae10d0ec7cd894e6B&mid=0&platform=android&upsig=5778fee562883a9a61e6ea2e0d1c0f80&uparams=e,uipk,nbs,deadline,gen,os,oi,trid,mid,platform&cdnid=63402&bvc=vod&nettype=0&orderid=0,1&logo=00000000
06-08 18:13:19.945 24758 24962 I @@@BBPLOG: Info T5F7A2CB0 CPlayMain L707 Open task cache enable
06-08 18:13:19.953 24758 24962 I @@@BBPLOG: Info T5F7A2CB0 CFileSrc L53 Open url: https://cn-ahwh-ct-01-02.bilivideo.com/mefmxcodeboss/aod/202304/23/_000039ymrrxeiv4hs2lvhynik3fj8qb-128k.m4a?e=ig8euxZM2rNcNbdlhoNvNC8BqJIzNbfqXBvEuENvNC8aNEVEtEvE9IMvXBvE2ENvNCImNEVEIj0Y2J_aug859r1qXg8xNEVE5XREto8GuFGv2U7SuxI72X6fTr859IB_&uipk=5&nbs=1&deadline=1686226399&gen=playurlv2&os=bcache&oi=3729190097&trid=0000b2be9229858840f0ae10d0ec7cd894e6B&mid=0&platform=android&upsig=5778fee562883a9a61e6ea2e0d1c0f80&uparams=e,uipk,nbs,deadline,gen,os,oi,trid,mid,platform&cdnid=63402&bvc=vod&nettype=0&orderid=0,1&logo=00000000, flag: 0x1000
06-08 18:13:19.954 24758 24962 I @@@BBPLOG: Info T5F7A2CB0 CCronetHttpIO L348 [0x7e50399440] Open, url: https://cn-ahwh-ct-01-02.bilivideo.com/mefmxcodeboss/aod/202304/23/_000039ymrrxeiv4hs2lvhynik3fj8qb-128k.m4a?e=ig8euxZM2rNcNbdlhoNvNC8BqJIzNbfqXBvEuENvNC8aNEVEtEvE9IMvXBvE2ENvNCImNEVEIj0Y2J_aug859r1qXg8xNEVE5XREto8GuFGv2U7SuxI72X6fTr859IB_&uipk=5&nbs=1&deadline=1686226399&gen=playurlv2&os=bcache&oi=3729190097&trid=0000b2be9229858840f0ae10d0ec7cd894e6B&mid=0&platform=android&upsig=5778fee562883a9a61e6ea2e0d1c0f80&uparams=e,uipk,nbs,deadline,gen,os,oi,trid,mid,platform&cdnid=63402&bvc=vod&nettype=0&orderid=0,1&logo=00000000, offset: 0
06-08 18:13:19.956  2403  3919 D ConnectivityService: requestNetwork for uid/pid:10462/24758 activeRequest: null callbackRequest: 17186 [NetworkRequest [ REQUEST id=17187, [ Capabilities: INTERNET&NOT_RESTRICTED&TRUSTED&NOT_VCN_MANAGED Uid: 10462 RequestorUid: 10462 RequestorPkg: cn.missevan] ]] callback flags: 0 priority: 2147483647
06-08 18:13:19.956  2403  3312 D ConnectivityService: NetReassign [17187 : null  186]
06-08 18:13:19.958  2403  3138 D WifiNetworkFactory: got request NetworkRequest [ REQUEST id=17187, [ Capabilities: INTERNET&NOT_RESTRICTED&TRUSTED&NOT_VCN_MANAGED Uid: 10462 RequestorUid: 10462 RequestorPkg: cn.missevan] ]
06-08 18:13:19.959  2403  3138 D UntrustedWifiNetworkFactory: got request NetworkRequest [ REQUEST id=17187, [ Capabilities: INTERNET&NOT_RESTRICTED&TRUSTED&NOT_VCN_MANAGED Uid: 10462 RequestorUid: 10462 RequestorPkg: cn.missevan] ]
06-08 18:13:19.959  2403  3138 D OemPaidWifiNetworkFactory: got request NetworkRequest [ REQUEST id=17187, [ Capabilities: INTERNET&NOT_RESTRICTED&TRUSTED&NOT_VCN_MANAGED Uid: 10462 RequestorUid: 10462 RequestorPkg: cn.missevan] ]
06-08 18:13:20.004  1977  2997 D libsensor-displayalgo: the value of  brightness:400.000000,R:83162175.266168,G:83162175.266168,B:83162175.266168,EVENT_C:5674.500000,EVENT_R:2070.500000,EVENT_G:2965.000000,EVENT_B:1148.500000
06-08 18:13:20.004  1977  2997 I libsensor-displayalgo: the value of  Coef1:1107.681000,Coef4:2.383000, scale1:0.935522, scale4:0.923264
06-08 18:13:20.005  1977  2997 E libsensor-displayalgo: RGB_test_0407_400_oldzy!
06-08 18:13:20.005  1977  2997 I libsensor-displayalgo: the value of  RESULT3074.028946,1218.178540,1487.819375,559.403007
06-08 18:13:20.005  1977  2997 I libsensor-displayalgo: the value of  getChannelDataCalibrated3212.271060,1128.831833,1721.551000,606.329671
06-08 18:13:20.005  1977  2997 I libsensor-displayalgo: the value of  REAL LUX150.802032
06-08 18:13:20.005  1977  2997 I libsensor-displayalgo: the value of  CAL REAL LUX150.802032
06-08 18:13:20.007  2403  3919 I WindowManagerService: Physical orientation applied, rotation=0 sfOrientation=ORIENTATION_0
06-08 18:13:20.044 24557 24917 D BLASTBufferQueue: releaseBufferCallback ReleaseCallbackId: bufferId:105471511887960 framenumber:1
06-08 18:13:20.052 24557 24917 D BLASTBufferQueue: releaseBufferCallback ReleaseCallbackId: bufferId:105471511887959 framenumber:2
06-08 18:13:20.144 24758 25221 I missevan:playe: Thread[55,tid=25221,Native,Thread*=0x7e50333800,peer=0x13001280,"glide-source-thread-1"] recursive attempt to load library "/data/app/~~oIdCTsUWFFPqdpCbtPkazA==/cn.missevan-SdH5FLnlvyXTvfDwh0CoiQ==/lib/arm64/libglide-decoder.so"
06-08 18:13:20.158  1245  2285 I vendor.qti.hardware.display.composer-service: FrameNotifyProcess Sensor: notify citsensorservice to trigger cwb
06-08 18:13:20.158  1977  2106 I libcitsensorservice@2.0-impl: msg_transfer
06-08 18:13:20.159  1977  2987 D vendor.xiaomi.sensor.citsensorservice@2.0-service: handle id:8 wxh:1280x2400 uwxuh:1080x2400 size: 9216000 fd:15 fd_meta:16 flags:0x4000228 usage:0x33  format:0x3 layer_count: 1
06-08 18:13:20.159  1245  1846 I SDM     : HWCSession::SetCWBOutputBuffer: CWB config passed by cwb_client : tappoint 1  CWB_ROI : (829.000000 4.000000 915.000000 90.000000)
06-08 18:13:20.160  1245 25222 I SDM     : HWCSession::ProcessRequests: Successfully configured CWB buffer.
06-08 18:13:20.171  1245 25222 I SDM     : HWCSession::ProcessRequests: Pushing release fence in fenece wait queue.
06-08 18:13:20.171  1245 25222 I SDM     : HWCSession::ProcessRequests: Creating AsyncFenceWaits async thread.
06-08 18:13:20.172  1245 25222 I SDM     : HWCSession::ProcessRequests: Remove current CWB request from the pending request queue.
06-08 18:13:20.172  1245 25222 I SDM     : HWCSession::ProcessRequests: No pending cwb requests found in the queue.
06-08 18:13:20.175  1245  1464 I SDM     : HWDeviceDRM::SetupConcurrentWriteback: Tear down the Concurrent Writeback topology
06-08 18:13:20.181  1245 25223 I SDM     : HWCSession::NotifyCWBStatus: Notify the client about buffer status 0.
06-08 18:13:20.182 11442 11913 V Avrcp_ext: onMetadataChanged
06-08 18:13:20.183  1245 25223 I SDM     : HWCSession::PerformFenceWaits: Remove current release fence from the pending fence wait queue.
06-08 18:13:20.183  1245 25223 I SDM     : HWCSession::PerformFenceWaits: CWB fence queue is empty. No pending release fence to wait on.
06-08 18:13:20.187 11442 11913 V Avrcp_ext: updateCurrentMediaState: mMediaController: MediaController (cn.missevan@c2142b)  | , , null
06-08 18:13:20.187 11442 11913 V Avrcp_ext: updateCurrentMediaState: isPlaying = false
06-08 18:13:20.187 11442 11913 W Avrcp_ext: isMusicActive: false getBluetoothPlayState: 0 A2dp State: 11 mAudioPlaybackIsActive: false
06-08 18:13:20.187  6952  6952 I MiPlayProxyDeviceManager: onTopActiveSessionChange, cn.missevan
06-08 18:13:20.189  6952  6952 I SafeBinderCall: onTopActiveSessionChange binder cost:0
06-08 18:13:20.189 11442 11913 D Avrcp_ext: isMusicActive = false mAudioPlaybackIsActive = false player state = PlaybackState {state=0, position=0, buffered position=0, speed=0.0, updated=0, actions=894, custom actions=[], active item id=-1, error=null}
06-08 18:13:20.191  6952  7187 I SafeBinderCall: onActiveAudioSessionChange binder cost:1
06-08 18:13:20.191  6952  6952 I Cir_Miplay_ActiveAudioSessionManager: dispatchTopActiveSessionChangeCallbackLocked, size:1
06-08 18:13:20.191 11442 11913 D Avrcp_ext: overwrite album_artist :if album is blank
06-08 18:13:20.191  4164  4164 D MiPlayDetailViewModel: onActiveAudioSessionChange(): audioSessionList?.size = 1
06-08 18:13:20.193  6952  6952 I Cir_Miplay_MiPlayAudioService: onTopActiveSessionChange, cn.missevan
06-08 18:13:20.193  6952  6952 I Cir_Miplay_MiPlayAudioService: topActiveSessionChange appId:cn.missevan
06-08 18:13:20.193  6952  6952 I Cir_Miplay_MiPlayAudioStatUtils: recordPackageName:cn.missevan
06-08 18:13:20.193  6952  6952 I Cir_Miplay_MiPlayAudioStatUtils: packageNameEquals.
06-08 18:13:20.193  6952  6952 I Cir_Miplay_ActiveSessionRecord: dispatch meta change, MediaMetaData{mArtist='', mAlbum='null', mTitle=' | ', mArt=valid, mDuration=71453, mLrc='null'}
06-08 18:13:20.193  6952  6952 I Cir_Miplay_MiPlayAudioService: dispatchMetaChange:cn.missevan  ActiveSsionPackageName:cn.missevan
06-08 18:13:20.193 11442 11913 I Avrcp_ext: Skipping update due to invalid playback state
06-08 18:13:20.195 11442 11913 V Avrcp_ext: updatePlaybackState, state: PlaybackState {state=0, position=0, buffered position=0, speed=0.0, updated=0, actions=894, custom actions=[], active item id=-1, error=null} device: null
06-08 18:13:20.195 11442 11913 V Avrcp_ext: Device: no name:
06-08 18:13:20.195 11442 11913 V Avrcp_ext: Device: no name:
06-08 18:13:20.195 11442 11913 V Avrcp_ext: Device: no name:
06-08 18:13:20.195 11442 11913 V Avrcp_ext: Device: no name:
06-08 18:13:20.195 11442 11913 V Avrcp_ext: Device: no name:
06-08 18:13:20.195 11442 11913 V Avrcp_ext: updatePlayerStateAndPosition, old=PlaybackState {state=0, position=0, buffered position=0, speed=0.0, updated=0, actions=894, custom actions=[], active item id=-1, error=null}, state=PlaybackState {state=0, position=0, buffered position=0, speed=0.0, updated=0, actions=894, custom actions=[], active item id=-1, error=null}
06-08 18:13:20.195 11442 11913 V Avrcp_ext: old state = PlaybackState {state=0, position=0, buffered position=0, speed=0.0, updated=0, actions=894, custom actions=[], active item id=-1, error=null}, new state= PlaybackState {state=0, position=0, buffered position=0, speed=0.0, updated=0, actions=894, custom actions=[], active item id=-1, error=null}
06-08 18:13:20.195 11442 11913 D HeadsetService: getHeadsetService(): returning com.android.bluetooth.hfp.HeadsetService@6a6242b
06-08 18:13:20.196 11442 11913 D HeadsetService:  isAudioOn: The number of audio connected devices 0
06-08 18:13:20.196 11442 11913 D HeadsetService: isScoOrCallActive(): Call Active:falseCall is Ringing:falseSCO is Active:false
06-08 18:13:20.196 11442 11913 D HeadsetService:  isAudioOn: The number of audio connected devices 0
06-08 18:13:20.196 11442 11913 I Avrcp_ext: updatePlayStatusForDevice: device: null
06-08 18:13:20.196 11442 11913 V Avrcp_ext: updatePlaybackState (1): old=PlaybackState {state=0, position=0, buffered position=0, speed=0.0, updated=0, actions=894, custom actions=[], active item id=-1, error=null}(0), new=PlaybackState {state=0, position=0, buffered position=0, speed=0.0, updated=0, actions=894, custom actions=[], active item id=-1, error=null}(0)
06-08 18:13:20.196 11442 11913 I Avrcp_ext: Exit updatePlayStatusForDevice
06-08 18:13:20.196 11442 11913 D HeadsetService:  isAudioOn: The number of audio connected devices 0
06-08 18:13:20.196 11442 11913 D HeadsetService: isScoOrCallActive(): Call Active:falseCall is Ringing:falseSCO is Active:false
06-08 18:13:20.196 11442 11913 D HeadsetService:  isAudioOn: The number of audio connected devices 0
06-08 18:13:20.196 11442 11913 I Avrcp_ext: updatePlayStatusForDevice: device: null
06-08 18:13:20.196 11442 11913 V Avrcp_ext: updatePlaybackState (1): old=PlaybackState {state=0, position=0, buffered position=0, speed=0.0, updated=0, actions=894, custom actions=[], active item id=-1, error=null}(0), new=PlaybackState {state=0, position=0, buffered position=0, speed=0.0, updated=0, actions=894, custom actions=[], active item id=-1, error=null}(0)
06-08 18:13:20.196 11442 11913 I Avrcp_ext: Exit updatePlayStatusForDevice
06-08 18:13:20.196 11442 11913 D HeadsetService:  isAudioOn: The number of audio connected devices 0
06-08 18:13:20.196 11442 11913 D HeadsetService: isScoOrCallActive(): Call Active:falseCall is Ringing:falseSCO is Active:false
06-08 18:13:20.198 11442 11913 D HeadsetService:  isAudioOn: The number of audio connected devices 0
06-08 18:13:20.198 11442 11913 I Avrcp_ext: updatePlayStatusForDevice: device: null
06-08 18:13:20.198 11442 11913 V Avrcp_ext: updatePlaybackState (1): old=PlaybackState {state=0, position=0, buffered position=0, speed=0.0, updated=0, actions=894, custom actions=[], active item id=-1, error=null}(0), new=PlaybackState {state=0, position=0, buffered position=0, speed=0.0, updated=0, actions=894, custom actions=[], active item id=-1, error=null}(0)
06-08 18:13:20.198 11442 11913 I Avrcp_ext: Exit updatePlayStatusForDevice
06-08 18:13:20.198 11442 11913 D HeadsetService:  isAudioOn: The number of audio connected devices 0
06-08 18:13:20.198 11442 11913 D HeadsetService: isScoOrCallActive(): Call Active:falseCall is Ringing:falseSCO is Active:false
06-08 18:13:20.198 11442 11913 D HeadsetService:  isAudioOn: The number of audio connected devices 0
06-08 18:13:20.198 11442 11913 I Avrcp_ext: updatePlayStatusForDevice: device: null
