06-20 18:44:38.416  1289 27393 I SDM     : HWCSession::ProcessRequests: Remove current CWB request from the pending request queue.
06-20 18:44:38.416  1289 27393 I SDM     : HWCSession::ProcessRequests: No pending cwb requests found in the queue.
06-20 18:44:38.418  1289  1506 I SDM     : HWDeviceDRM::SetupConcurrentWriteback: Tear down the Concurrent Writeback topology
06-20 18:44:38.426  1289 27394 I SDM     : HWCSession::NotifyCWBStatus: Notify the client about buffer status 0.
06-20 18:44:38.427  1289 27394 I SDM     : HWCSession::PerformFenceWaits: Remove current release fence from the pending fence wait queue.
06-20 18:44:38.427  1289 27394 I SDM     : HWCSession::PerformFenceWaits: CWB fence queue is empty. No pending release fence to wait on.
06-20 18:44:38.538  2055  3327 D libsensor-displayalgo: the value of  brightness:438.000000,R:74639659.936520,G:74757809.984825,B:74695989.632311,EVENT_C:6168.500000,EVENT_R:2364.500000,EVENT_G:3149.000000,EVENT_B:1233.500000
06-20 18:44:38.538  2055  3327 I libsensor-displayalgo: the value of  Coef1:1107.681000,Coef4:2.383000, scale1:0.935522, scale4:0.923264
06-20 18:44:38.538  2055  3327 E libsensor-displayalgo: RGB_test_0407_400_oldzy!
06-20 18:44:38.539  2055  3327 I libsensor-displayalgo: the value of  RESULT3046.542378,1203.064213,1478.956112,552.014898
06-20 18:44:38.539  2055  3327 I libsensor-displayalgo: the value of  getChannelDataCalibrated3194.133368,1114.269349,1718.996869,602.487115
06-20 18:44:38.539  2055  3327 I libsensor-displayalgo: the value of  REAL LUX176.583557
06-20 18:44:38.539  2055  3327 I libsensor-displayalgo: the value of  CAL REAL LUX176.583557
06-20 18:44:38.617  1308  1430 E ANDR-PERF-UTIL: Failed to update node /sys/class/kgsl/kgsl-3d0/idle_timer with value 32
06-20 18:44:38.617  1308  1430 E ANDR-PERF-UTIL: 0
06-20 18:44:38.617  1308  1430 E ANDR-PERF-RESOURCEQS: Failed to reset optimization [10, 11]
06-20 18:44:38.708  1289  2256 I vendor.qti.hardware.display.composer-service: FrameNotifyProcess Sensor: notify citsensorservice to trigger cwb
06-20 18:44:38.708  2055  2140 I libcitsensorservice@2.0-impl: msg_transfer
06-20 18:44:38.710  2055  3319 D vendor.xiaomi.sensor.citsensorservice@2.0-service: handle id:11 wxh:1280x2400 uwxuh:1080x2400 size: 9216000 fd:15 fd_meta:16 flags:0x4000228 usage:0x33  format:0x3 layer_count: 1
06-20 18:44:38.710  1289  1865 I SDM     : HWCSession::SetCWBOutputBuffer: CWB config passed by cwb_client : tappoint 1  CWB_ROI : (829.000000 4.000000 915.000000 90.000000)
06-20 18:44:38.712  1289 27397 I SDM     : HWCSession::ProcessRequests: Successfully configured CWB buffer.
06-20 18:44:38.716  1308  1430 E ANDR-PERF-UTIL: Failed to update node /sys/class/kgsl/kgsl-3d0/idle_timer with value 32
06-20 18:44:38.716  1308  1430 E ANDR-PERF-UTIL: 0
06-20 18:44:38.717  1308  1430 E ANDR-PERF-RESOURCEQS: Failed to reset optimization [10, 11]
06-20 18:44:38.717  1289 27397 I SDM     : HWCSession::ProcessRequests: Pushing release fence in fenece wait queue.
06-20 18:44:38.717  1289 27397 I SDM     : HWCSession::ProcessRequests: Creating AsyncFenceWaits async thread.
06-20 18:44:38.718  1289 27397 I SDM     : HWCSession::ProcessRequests: Remove current CWB request from the pending request queue.
06-20 18:44:38.718  1289 27397 I SDM     : HWCSession::ProcessRequests: No pending cwb requests found in the queue.
06-20 18:44:38.723  1289  1506 I SDM     : HWDeviceDRM::SetupConcurrentWriteback: Tear down the Concurrent Writeback topology
06-20 18:44:38.730  1289 27398 I SDM     : HWCSession::NotifyCWBStatus: Notify the client about buffer status 0.
06-20 18:44:38.730  1289 27398 I SDM     : HWCSession::PerformFenceWaits: Remove current release fence from the pending fence wait queue.
06-20 18:44:38.730  1289 27398 I SDM     : HWCSession::PerformFenceWaits: CWB fence queue is empty. No pending release fence to wait on.
06-20 18:44:38.838  2055  3327 D libsensor-displayalgo: the value of  brightness:438.000000,R:74639659.936520,G:74757809.984825,B:74695989.632311,EVENT_C:6169.500000,EVENT_R:2363.500000,EVENT_G:3149.500000,EVENT_B:1233.500000
06-20 18:44:38.838  2055  3327 I libsensor-displayalgo: the value of  Coef1:1107.681000,Coef4:2.383000, scale1:0.935522, scale4:0.923264
06-20 18:44:38.838  2055  3327 E libsensor-displayalgo: RGB_test_0407_400_oldzy!
06-20 18:44:38.838  2055  3327 I libsensor-displayalgo: the value of  RESULT3046.542378,1203.064213,1478.956112,552.014898
06-20 18:44:38.838  2055  3327 I libsensor-displayalgo: the value of  getChannelDataCalibrated3194.133368,1114.269349,1718.996869,602.487115
06-20 18:44:38.838  2055  3327 I libsensor-displayalgo: the value of  REAL LUX176.714615
06-20 18:44:38.839  2055  3327 I libsensor-displayalgo: the value of  CAL REAL LUX176.714615
06-20 18:44:38.912  1308  1430 E ANDR-PERF-UTIL: Failed to update node /sys/class/kgsl/kgsl-3d0/idle_timer with value 32
06-20 18:44:38.912  1308  1430 E ANDR-PERF-UTIL: 0
06-20 18:44:38.912  1308  1430 E ANDR-PERF-RESOURCEQS: Failed to reset optimization [10, 11]
06-20 18:44:39.011  1308  1430 E ANDR-PERF-UTIL: Failed to update node /sys/class/kgsl/kgsl-3d0/idle_timer with value 32
06-20 18:44:39.011  1308  1430 E ANDR-PERF-UTIL: 0
06-20 18:44:39.011  1308  1430 E ANDR-PERF-RESOURCEQS: Failed to reset optimization [10, 11]
06-20 18:44:39.086  1289  2256 I vendor.qti.hardware.display.composer-service: FrameNotifyProcess Sensor: notify citsensorservice to trigger cwb
06-20 18:44:39.086  2055  2137 I libcitsensorservice@2.0-impl: msg_transfer
06-20 18:44:39.086  2055  3319 D vendor.xiaomi.sensor.citsensorservice@2.0-service: handle id:11 wxh:1280x2400 uwxuh:1080x2400 size: 9216000 fd:15 fd_meta:16 flags:0x4000228 usage:0x33  format:0x3 layer_count: 1
06-20 18:44:39.088  1289  1865 I SDM     : HWCSession::SetCWBOutputBuffer: CWB config passed by cwb_client : tappoint 1  CWB_ROI : (829.000000 4.000000 915.000000 90.000000)
06-20 18:44:39.089  1289 27402 I SDM     : HWCSession::ProcessRequests: Successfully configured CWB buffer.
06-20 18:44:39.096  1308  1430 E ANDR-PERF-UTIL: Failed to update node /sys/class/kgsl/kgsl-3d0/idle_timer with value 32
06-20 18:44:39.096  1308  1430 E ANDR-PERF-UTIL: 0
06-20 18:44:39.096  1289 27402 I SDM     : HWCSession::ProcessRequests: Pushing release fence in fenece wait queue.
06-20 18:44:39.096  1308  1430 E ANDR-PERF-RESOURCEQS: Failed to reset optimization [10, 11]
06-20 18:44:39.096  1289 27402 I SDM     : HWCSession::ProcessRequests: Creating AsyncFenceWaits async thread.
06-20 18:44:39.097  1289 27402 I SDM     : HWCSession::ProcessRequests: Remove current CWB request from the pending request queue.
06-20 18:44:39.099  1289 27402 I SDM     : HWCSession::ProcessRequests: No pending cwb requests found in the queue.
06-20 18:44:39.101  1289  1506 I SDM     : HWDeviceDRM::SetupConcurrentWriteback: Tear down the Concurrent Writeback topology
06-20 18:44:39.108  1289 27403 I SDM     : HWCSession::NotifyCWBStatus: Notify the client about buffer status 0.
06-20 18:44:39.109  1289 27403 I SDM     : HWCSession::PerformFenceWaits: Remove current release fence from the pending fence wait queue.
06-20 18:44:39.109  1289 27403 I SDM     : HWCSession::PerformFenceWaits: CWB fence queue is empty. No pending release fence to wait on.
06-20 18:44:39.137  2055  3327 D libsensor-displayalgo: the value of  brightness:438.000000,R:74639659.936520,G:74757809.984825,B:74695989.632311,EVENT_C:6167.000000,EVENT_R:2362.000000,EVENT_G:3153.000000,EVENT_B:1232.500000
06-20 18:44:39.137  2055  3327 I libsensor-displayalgo: the value of  Coef1:1107.681000,Coef4:2.383000, scale1:0.935522, scale4:0.923264
06-20 18:44:39.137  2055  3327 E libsensor-displayalgo: RGB_test_0407_400_oldzy!
06-20 18:44:39.138  2055  3327 I libsensor-displayalgo: the value of  RESULT3046.542378,1203.064213,1478.956112,552.014898
06-20 18:44:39.138  2055  3327 I libsensor-displayalgo: the value of  getChannelDataCalibrated3194.133368,1114.269349,1718.996869,602.487115
06-20 18:44:39.138  2055  3327 I libsensor-displayalgo: the value of  REAL LUX176.835220
06-20 18:44:39.138  2055  3327 I libsensor-displayalgo: the value of  CAL REAL LUX176.835220
06-20 18:44:39.220  1308  1430 E ANDR-PERF-UTIL: Failed to update node /sys/class/kgsl/kgsl-3d0/idle_timer with value 32
06-20 18:44:39.220  1308  1430 E ANDR-PERF-UTIL: 0
06-20 18:44:39.220  1308  1430 E ANDR-PERF-RESOURCEQS: Failed to reset optimization [10, 11]
06-20 18:44:39.316  1308  1430 E ANDR-PERF-UTIL: Failed to update node /sys/class/kgsl/kgsl-3d0/idle_timer with value 32
06-20 18:44:39.316  1308  1430 E ANDR-PERF-UTIL: 0
06-20 18:44:39.316  1308  1430 E ANDR-PERF-RESOURCEQS: Failed to reset optimization [10, 11]
06-20 18:44:39.407  1289  2256 I vendor.qti.hardware.display.composer-service: FrameNotifyProcess Sensor: notify citsensorservice to trigger cwb
06-20 18:44:39.407  2055  2137 I libcitsensorservice@2.0-impl: msg_transfer
06-20 18:44:39.407  2055  3319 D vendor.xiaomi.sensor.citsensorservice@2.0-service: handle id:11 wxh:1280x2400 uwxuh:1080x2400 size: 9216000 fd:15 fd_meta:16 flags:0x4000228 usage:0x33  format:0x3 layer_count: 1
06-20 18:44:39.408  1289  1865 I SDM     : HWCSession::SetCWBOutputBuffer: CWB config passed by cwb_client : tappoint 1  CWB_ROI : (829.000000 4.000000 915.000000 90.000000)
06-20 18:44:39.411  1289 27407 I SDM     : HWCSession::ProcessRequests: Successfully configured CWB buffer.
06-20 18:44:39.416  1308  1430 E ANDR-PERF-UTIL: Failed to update node /sys/class/kgsl/kgsl-3d0/idle_timer with value 32
06-20 18:44:39.416  1308  1430 E ANDR-PERF-UTIL: 0
06-20 18:44:39.416  1308  1430 E ANDR-PERF-RESOURCEQS: Failed to reset optimization [10, 11]
06-20 18:44:39.417  1289 27407 I SDM     : HWCSession::ProcessRequests: Pushing release fence in fenece wait queue.
06-20 18:44:39.417  1289 27407 I SDM     : HWCSession::ProcessRequests: Creating AsyncFenceWaits async thread.
06-20 18:44:39.418  1289 27407 I SDM     : HWCSession::ProcessRequests: Remove current CWB request from the pending request queue.
06-20 18:44:39.418  1289 27407 I SDM     : HWCSession::ProcessRequests: No pending cwb requests found in the queue.
06-20 18:44:39.422  1289  1506 I SDM     : HWDeviceDRM::SetupConcurrentWriteback: Tear down the Concurrent Writeback topology
06-20 18:44:39.429  1289 27408 I SDM     : HWCSession::NotifyCWBStatus: Notify the client about buffer status 0.
06-20 18:44:39.430  1289 27408 I SDM     : HWCSession::PerformFenceWaits: Remove current release fence from the pending fence wait queue.
06-20 18:44:39.430  1289 27408 I SDM     : HWCSession::PerformFenceWaits: CWB fence queue is empty. No pending release fence to wait on.
06-20 18:44:39.437  2055  3327 D libsensor-displayalgo: the value of  brightness:438.000000,R:74639659.936520,G:74757809.984825,B:74695989.632311,EVENT_C:6167.500000,EVENT_R:2363.500000,EVENT_G:3149.500000,EVENT_B:1233.000000
06-20 18:44:39.437  2055  3327 I libsensor-displayalgo: the value of  Coef1:1107.681000,Coef4:2.383000, scale1:0.935522, scale4:0.923264
06-20 18:44:39.437  2055  3327 E libsensor-displayalgo: RGB_test_0407_400_oldzy!
06-20 18:44:39.437  2055  3327 I libsensor-displayalgo: the value of  RESULT3046.542378,1203.064213,1478.956112,552.014898
06-20 18:44:39.437  2055  3327 I libsensor-displayalgo: the value of  getChannelDataCalibrated3194.133368,1114.269349,1718.996869,602.487115
06-20 18:44:39.437  2055  3327 I libsensor-displayalgo: the value of  REAL LUX176.614075
06-20 18:44:39.437  2055  3327 I libsensor-displayalgo: the value of  CAL REAL LUX176.614075
06-20 18:44:39.522  1308  1430 E ANDR-PERF-UTIL: Failed to update node /sys/class/kgsl/kgsl-3d0/idle_timer with value 32
06-20 18:44:39.522  1308  1430 E ANDR-PERF-UTIL: 0
06-20 18:44:39.523  1308  1430 E ANDR-PERF-RESOURCEQS: Failed to reset optimization [10, 11]
06-20 18:44:39.623  1308  1430 E ANDR-PERF-UTIL: Failed to update node /sys/class/kgsl/kgsl-3d0/idle_timer with value 32
06-20 18:44:39.623  1308  1430 E ANDR-PERF-UTIL: 0
06-20 18:44:39.623  1308  1430 E ANDR-PERF-RESOURCEQS: Failed to reset optimization [10, 11]
06-20 18:44:39.711  1289  2256 I vendor.qti.hardware.display.composer-service: FrameNotifyProcess Sensor: notify citsensorservice to trigger cwb
06-20 18:44:39.711  2055  2137 I libcitsensorservice@2.0-impl: msg_transfer
06-20 18:44:39.711  2055  3319 D vendor.xiaomi.sensor.citsensorservice@2.0-service: handle id:11 wxh:1280x2400 uwxuh:1080x2400 size: 9216000 fd:15 fd_meta:16 flags:0x4000228 usage:0x33  format:0x3 layer_count: 1
06-20 18:44:39.712  1289  1865 I SDM     : HWCSession::SetCWBOutputBuffer: CWB config passed by cwb_client : tappoint 1  CWB_ROI : (829.000000 4.000000 915.000000 90.000000)
06-20 18:44:39.712  1289 27412 I SDM     : HWCSession::ProcessRequests: Successfully configured CWB buffer.
06-20 18:44:39.719  1308  1430 E ANDR-PERF-UTIL: Failed to update node /sys/class/kgsl/kgsl-3d0/idle_timer with value 32
06-20 18:44:39.719  1308  1430 E ANDR-PERF-UTIL: 0
06-20 18:44:39.719  1308  1430 E ANDR-PERF-RESOURCEQS: Failed to reset optimization [10, 11]
06-20 18:44:39.723  1289 27412 I SDM     : HWCSession::ProcessRequests: Pushing release fence in fenece wait queue.
06-20 18:44:39.724  1289 27412 I SDM     : HWCSession::ProcessRequests: Creating AsyncFenceWaits async thread.
06-20 18:44:39.726  1289 27412 I SDM     : HWCSession::ProcessRequests: Remove current CWB request from the pending request queue.
06-20 18:44:39.727  1289 27412 I SDM     : HWCSession::ProcessRequests: No pending cwb requests found in the queue.
06-20 18:44:39.734  1289 27413 I SDM     : HWCSession::NotifyCWBStatus: Notify the client about buffer status 0.
06-20 18:44:39.734  1289 27413 I SDM     : HWCSession::PerformFenceWaits: Remove current release fence from the pending fence wait queue.
06-20 18:44:39.734  1289 27413 I SDM     : HWCSession::PerformFenceWaits: CWB fence queue is empty. No pending release fence to wait on.
06-20 18:44:39.735  1289  1506 I SDM     : HWDeviceDRM::SetupConcurrentWriteback: Tear down the Concurrent Writeback topology
06-20 18:44:39.737  2055  2137 D libsensor-displayalgo: the value of  brightness:438.000000,R:74639659.936520,G:74757809.984825,B:74695989.632311,EVENT_C:6167.500000,EVENT_R:2363.500000,EVENT_G:3149.500000,EVENT_B:1233.000000
06-20 18:44:39.737  2055  2137 I libsensor-displayalgo: the value of  Coef1:1107.681000,Coef4:2.383000, scale1:0.935522, scale4:0.923264
06-20 18:44:39.737  2055  2137 E libsensor-displayalgo: RGB_test_0407_400_oldzy!
06-20 18:44:39.738  2055  2137 I libsensor-displayalgo: the value of  RESULT3046.542378,1203.064213,1478.956112,552.014898
06-20 18:44:39.738  2055  2137 I libsensor-displayalgo: the value of  getChannelDataCalibrated3194.133368,1114.269349,1718.996869,602.487115
06-20 18:44:39.738  2055  2137 I libsensor-displayalgo: the value of  REAL LUX176.614075
06-20 18:44:39.738  2055  2137 I libsensor-displayalgo: the value of  CAL REAL LUX176.614075
06-20 18:44:39.916  1308  1430 E ANDR-PERF-UTIL: Failed to update node /sys/class/kgsl/kgsl-3d0/idle_timer with value 32
06-20 18:44:39.916  1308  1430 E ANDR-PERF-UTIL: 0
06-20 18:44:39.916  1308  1430 E ANDR-PERF-RESOURCEQS: Failed to reset optimization [10, 11]
06-20 18:44:39.923  2423  3355 W NsdServiceInfo: Key lengths > 9 are discouraged: commonData
06-20 18:44:39.924  1128  1159 W netd    : dnssd_clientstub DNSServiceProcessResult called with NULL DNSServiceRef
06-20 18:44:39.929  1128  1159 W netd    : dnssd_clientstub DNSServiceProcessResult called with NULL DNSServiceRef
06-20 18:44:39.931  6373 13795 W IDM-BonjourGovernor: apps is null
06-20 18:44:39.932  2423  3355 E NsdService: id 50 for SERVICE_GET_ADDR_SUCCESS has no client mapping
06-20 18:44:39.932  2423  3355 E NsdService: Unhandled { when=-4ms what=393242 obj=com.android.server.NsdService$NativeEvent@118f805 target=com.android.internal.util.StateMachine$SmHandler }
06-20 18:44:40.016  1289  2256 I vendor.qti.hardware.display.composer-service: FrameNotifyProcess Sensor: notify citsensorservice to trigger cwb
06-20 18:44:40.016  2055  2137 I libcitsensorservice@2.0-impl: msg_transfer
06-20 18:44:40.017  2055  3319 D vendor.xiaomi.sensor.citsensorservice@2.0-service: handle id:11 wxh:1280x2400 uwxuh:1080x2400 size: 9216000 fd:15 fd_meta:16 flags:0x4000228 usage:0x33  format:0x3 layer_count: 1
06-20 18:44:40.018  1289  1865 I SDM     : HWCSession::SetCWBOutputBuffer: CWB config passed by cwb_client : tappoint 1  CWB_ROI : (829.000000 4.000000 915.000000 90.000000)
06-20 18:44:40.019  1289 27416 I SDM     : HWCSession::ProcessRequests: Successfully configured CWB buffer.
06-20 18:44:40.024  1308  1430 E ANDR-PERF-UTIL: Failed to update node /sys/class/kgsl/kgsl-3d0/idle_timer with value 32
06-20 18:44:40.024  1308  1430 E ANDR-PERF-UTIL: 0
06-20 18:44:40.024  1308  1430 E ANDR-PERF-RESOURCEQS: Failed to reset optimization [10, 11]
06-20 18:44:40.025  1289 27416 I SDM     : HWCSession::ProcessRequests: Pushing release fence in fenece wait queue.
06-20 18:44:40.025  1289 27416 I SDM     : HWCSession::ProcessRequests: Creating AsyncFenceWaits async thread.
06-20 18:44:40.025  1289 27416 I SDM     : HWCSession::ProcessRequests: Remove current CWB request from the pending request queue.
06-20 18:44:40.026  1289 27416 I SDM     : HWCSession::ProcessRequests: No pending cwb requests found in the queue.
06-20 18:44:40.031  1289  1506 I SDM     : HWDeviceDRM::SetupConcurrentWriteback: Tear down the Concurrent Writeback topology
06-20 18:44:40.036  2055  3327 D libsensor-displayalgo: the value of  brightness:438.000000,R:74639659.936520,G:74757809.984825,B:74695989.632311,EVENT_C:6155.000000,EVENT_R:2359.000000,EVENT_G:3144.500000,EVENT_B:1230.000000
06-20 18:44:40.036  2055  3327 I libsensor-displayalgo: the value of  Coef1:1107.681000,Coef4:2.383000, scale1:0.935522, scale4:0.923264
06-20 18:44:40.036  2055  3327 E libsensor-displayalgo: RGB_test_0407_400_oldzy!
06-20 18:44:40.037  2055  3327 I libsensor-displayalgo: the value of  RESULT3046.542378,1203.064213,1478.956112,552.014898
06-20 18:44:40.037  2055  3327 I libsensor-displayalgo: the value of  getChannelDataCalibrated3194.133368,1114.269349,1718.996869,602.487115
06-20 18:44:40.037  2055  3327 I libsensor-displayalgo: the value of  REAL LUX175.917755
06-20 18:44:40.037  2055  3327 I libsensor-displayalgo: the value of  CAL REAL LUX175.917755
06-20 18:44:40.039  1289 27417 I SDM     : HWCSession::NotifyCWBStatus: Notify the client about buffer status 0.
06-20 18:44:40.040  1289 27417 I SDM     : HWCSession::PerformFenceWaits: Remove current release fence from the pending fence wait queue.
06-20 18:44:40.040  1289 27417 I SDM     : HWCSession::PerformFenceWaits: CWB fence queue is empty. No pending release fence to wait on.
06-20 18:44:40.224  1308  1430 E ANDR-PERF-UTIL: Failed to update node /sys/class/kgsl/kgsl-3d0/idle_timer with value 32
06-20 18:44:40.224  1308  1430 E ANDR-PERF-UTIL: 0
06-20 18:44:40.225  1308  1430 E ANDR-PERF-RESOURCEQS: Failed to reset optimization [10, 11]
06-20 18:44:40.323  1308  1430 E ANDR-PERF-UTIL: Failed to update node /sys/class/kgsl/kgsl-3d0/idle_timer with value 32
06-20 18:44:40.323  1308  1430 E ANDR-PERF-UTIL: 0
06-20 18:44:40.323  1308  1430 E ANDR-PERF-RESOURCEQS: Failed to reset optimization [10, 11]
06-20 18:44:40.337  2055  3327 D libsensor-displayalgo: the value of  brightness:438.000000,R:74639659.936520,G:74757809.984825,B:74695989.632311,EVENT_C:6164.000000,EVENT_R:2363.000000,EVENT_G:3153.000000,EVENT_B:1234.000000
06-20 18:44:40.337  2055  3327 I libsensor-displayalgo: the value of  Coef1:1107.681000,Coef4:2.383000, scale1:0.935522, scale4:0.923264
06-20 18:44:40.337  2055  3327 E libsensor-displayalgo: RGB_test_0407_400_oldzy!
06-20 18:44:40.338  2055  3327 I libsensor-displayalgo: the value of  RESULT3046.542378,1203.064213,1478.956112,552.014898
06-20 18:44:40.338  2055  3327 I libsensor-displayalgo: the value of  getChannelDataCalibrated3194.133368,1114.269349,1718.996869,602.487115
06-20 18:44:40.338  2055  3327 I libsensor-displayalgo: the value of  REAL LUX176.463928
06-20 18:44:40.338  2055  3327 I libsensor-displayalgo: the value of  CAL REAL LUX176.463928
06-20 18:44:40.411  1289  2256 I vendor.qti.hardware.display.composer-service: FrameNotifyProcess Sensor: notify citsensorservice to trigger cwb
06-20 18:44:40.412  2055  2137 I libcitsensorservice@2.0-impl: msg_transfer
06-20 18:44:40.413  2055  3319 D vendor.xiaomi.sensor.citsensorservice@2.0-service: handle id:11 wxh:1280x2400 uwxuh:1080x2400 size: 9216000 fd:15 fd_meta:16 flags:0x4000228 usage:0x33  format:0x3 layer_count: 1
06-20 18:44:40.413  1289  1865 I SDM     : HWCSession::SetCWBOutputBuffer: CWB config passed by cwb_client : tappoint 1  CWB_ROI : (829.000000 4.000000 915.000000 90.000000)
06-20 18:44:40.415  1289 27421 I SDM     : HWCSession::ProcessRequests: Successfully configured CWB buffer.
06-20 18:44:40.420  1308  1430 E ANDR-PERF-UTIL: Failed to update node /sys/class/kgsl/kgsl-3d0/idle_timer with value 32
06-20 18:44:40.420  1308  1430 E ANDR-PERF-UTIL: 0
06-20 18:44:40.420  1308  1430 E ANDR-PERF-RESOURCEQS: Failed to reset optimization [10, 11]
06-20 18:44:40.422  1289 27421 I SDM     : HWCSession::ProcessRequests: Pushing release fence in fenece wait queue.
06-20 18:44:40.422  1289 27421 I SDM     : HWCSession::ProcessRequests: Creating AsyncFenceWaits async thread.
06-20 18:44:40.423  1289 27421 I SDM     : HWCSession::ProcessRequests: Remove current CWB request from the pending request queue.
06-20 18:44:40.423  1289 27421 I SDM     : HWCSession::ProcessRequests: No pending cwb requests found in the queue.
06-20 18:44:40.427  1289  1506 I SDM     : HWDeviceDRM::SetupConcurrentWriteback: Tear down the Concurrent Writeback topology
06-20 18:44:40.434  1289 27422 I SDM     : HWCSession::NotifyCWBStatus: Notify the client about buffer status 0.
06-20 18:44:40.434  1289 27422 I SDM     : HWCSession::PerformFenceWaits: Remove current release fence from the pending fence wait queue.
06-20 18:44:40.434  1289 27422 I SDM     : HWCSession::PerformFenceWaits: CWB fence queue is empty. No pending release fence to wait on.
06-20 18:44:40.524  1308  1430 E ANDR-PERF-UTIL: Failed to update node /sys/class/kgsl/kgsl-3d0/idle_timer with value 32
06-20 18:44:40.524  1308  1430 E ANDR-PERF-UTIL: 0
06-20 18:44:40.524  1308  1430 E ANDR-PERF-RESOURCEQS: Failed to reset optimization [10, 11]
06-20 18:44:40.625  1308  1430 E ANDR-PERF-UTIL: Failed to update node /sys/class/kgsl/kgsl-3d0/idle_timer with value 32
06-20 18:44:40.625  1308  1430 E ANDR-PERF-UTIL: 0
06-20 18:44:40.625  1308  1430 E ANDR-PERF-RESOURCEQS: Failed to reset optimization [10, 11]
06-20 18:44:40.636  2055  3327 D libsensor-displayalgo: the value of  brightness:438.000000,R:74639659.936520,G:74757809.984825,B:74695989.632311,EVENT_C:6159.000000,EVENT_R:2358.500000,EVENT_G:3146.000000,EVENT_B:1233.000000
06-20 18:44:40.636  2055  3327 I libsensor-displayalgo: the value of  Coef1:1107.681000,Coef4:2.383000, scale1:0.935522, scale4:0.923264
06-20 18:44:40.636  2055  3327 E libsensor-displayalgo: RGB_test_0407_400_oldzy!
06-20 18:44:40.637  2055  3327 I libsensor-displayalgo: the value of  RESULT3046.542378,1203.064213,1478.956112,552.014898
06-20 18:44:40.637  2055  3327 I libsensor-displayalgo: the value of  getChannelDataCalibrated3194.133368,1114.269349,1718.996869,602.487115
06-20 18:44:40.637  2055  3327 I libsensor-displayalgo: the value of  REAL LUX176.043457
06-20 18:44:40.637  2055  3327 I libsensor-displayalgo: the value of  CAL REAL LUX176.043457
06-20 18:44:40.717  1289  2256 I vendor.qti.hardware.display.composer-service: FrameNotifyProcess Sensor: notify citsensorservice to trigger cwb
06-20 18:44:40.717  2055  2137 I libcitsensorservice@2.0-impl: msg_transfer
06-20 18:44:40.719  2055  3319 D vendor.xiaomi.sensor.citsensorservice@2.0-service: handle id:11 wxh:1280x2400 uwxuh:1080x2400 size: 9216000 fd:15 fd_meta:16 flags:0x4000228 usage:0x33  format:0x3 layer_count: 1
06-20 18:44:40.719  1289  1865 I SDM     : HWCSession::SetCWBOutputBuffer: CWB config passed by cwb_client : tappoint 1  CWB_ROI : (829.000000 4.000000 915.000000 90.000000)
06-20 18:44:40.720  1289 27426 I SDM     : HWCSession::ProcessRequests: Successfully configured CWB buffer.
06-20 18:44:40.723  1308  1430 E ANDR-PERF-UTIL: Failed to update node /sys/class/kgsl/kgsl-3d0/idle_timer with value 32
06-20 18:44:40.723  1308  1430 E ANDR-PERF-UTIL: 0
06-20 18:44:40.723  1308  1430 E ANDR-PERF-RESOURCEQS: Failed to reset optimization [10, 11]
06-20 18:44:40.727  1289 27426 I SDM     : HWCSession::ProcessRequests: Pushing release fence in fenece wait queue.
06-20 18:44:40.727  1289 27426 I SDM     : HWCSession::ProcessRequests: Creating AsyncFenceWaits async thread.
06-20 18:44:40.727  1289 27426 I SDM     : HWCSession::ProcessRequests: Remove current CWB request from the pending request queue.
06-20 18:44:40.727  1289 27426 I SDM     : HWCSession::ProcessRequests: No pending cwb requests found in the queue.
06-20 18:44:40.733  1289  1506 I SDM     : HWDeviceDRM::SetupConcurrentWriteback: Tear down the Concurrent Writeback topology
06-20 18:44:40.738  1289 27427 I SDM     : HWCSession::NotifyCWBStatus: Notify the client about buffer status 0.
06-20 18:44:40.738  1289 27427 I SDM     : HWCSession::PerformFenceWaits: Remove current release fence from the pending fence wait queue.
06-20 18:44:40.738  1289 27427 I SDM     : HWCSession::PerformFenceWaits: CWB fence queue is empty. No pending release fence to wait on.
06-20 18:44:40.922  1308  1430 E ANDR-PERF-UTIL: Failed to update node /sys/class/kgsl/kgsl-3d0/idle_timer with value 32
06-20 18:44:40.922  1308  1430 E ANDR-PERF-UTIL: 0
06-20 18:44:40.922  1308  1430 E ANDR-PERF-RESOURCEQS: Failed to reset optimization [10, 11]
06-20 18:44:40.936  2055  3327 D libsensor-displayalgo: the value of  brightness:438.000000,R:74639659.936520,G:74757809.984825,B:74695989.632311,EVENT_C:6184.500000,EVENT_R:2369.000000,EVENT_G:3161.500000,EVENT_B:1237.000000
06-20 18:44:40.936  2055  3327 I libsensor-displayalgo: the value of  Coef1:1107.681000,Coef4:2.383000, scale1:0.935522, scale4:0.923264
06-20 18:44:40.936  2055  3327 E libsensor-displayalgo: RGB_test_0407_400_oldzy!
06-20 18:44:40.936  2055  3327 I libsensor-displayalgo: the value of  RESULT3046.542378,1203.064213,1478.956112,552.014898
06-20 18:44:40.936  2055  3327 I libsensor-displayalgo: the value of  getChannelDataCalibrated3194.133368,1114.269349,1718.996869,602.487115
06-20 18:44:40.936  2055  3327 I libsensor-displayalgo: the value of  REAL LUX177.827545
06-20 18:44:40.936  2055  3327 I libsensor-displayalgo: the value of  CAL REAL LUX177.827545
06-20 18:44:41.020  1289  2256 I vendor.qti.hardware.display.composer-service: FrameNotifyProcess Sensor: notify citsensorservice to trigger cwb
06-20 18:44:41.021  2055  2137 I libcitsensorservice@2.0-impl: msg_transfer
06-20 18:44:41.022  2055  3319 D vendor.xiaomi.sensor.citsensorservice@2.0-service: handle id:11 wxh:1280x2400 uwxuh:1080x2400 size: 9216000 fd:15 fd_meta:16 flags:0x4000228 usage:0x33  format:0x3 layer_count: 1
06-20 18:44:41.022  1289  1865 I SDM     : HWCSession::SetCWBOutputBuffer: CWB config passed by cwb_client : tappoint 1  CWB_ROI : (829.000000 4.000000 915.000000 90.000000)
06-20 18:44:41.023  1289 27430 I SDM     : HWCSession::ProcessRequests: Successfully configured CWB buffer.
06-20 18:44:41.028  1289 27430 I SDM     : HWCSession::ProcessRequests: Pushing release fence in fenece wait queue.
06-20 18:44:41.028  1289 27430 I SDM     : HWCSession::ProcessRequests: Creating AsyncFenceWaits async thread.
06-20 18:44:41.029  1308  1430 E ANDR-PERF-UTIL: Failed to update node /sys/class/kgsl/kgsl-3d0/idle_timer with value 32
06-20 18:44:41.029  1308  1430 E ANDR-PERF-UTIL: 0
06-20 18:44:41.029  1308  1430 E ANDR-PERF-RESOURCEQS: Failed to reset optimization [10, 11]
06-20 18:44:41.029  1289 27430 I SDM     : HWCSession::ProcessRequests: Remove current CWB request from the pending request queue.
06-20 18:44:41.029  1289 27430 I SDM     : HWCSession::ProcessRequests: No pending cwb requests found in the queue.
06-20 18:44:41.035  1289  1506 I SDM     : HWDeviceDRM::SetupConcurrentWriteback: Tear down the Concurrent Writeback topology
06-20 18:44:41.042  1289 27431 I SDM     : HWCSession::NotifyCWBStatus: Notify the client about buffer status 0.
06-20 18:44:41.042  1289 27431 I SDM     : HWCSession::PerformFenceWaits: Remove current release fence from the pending fence wait queue.
06-20 18:44:41.042  1289 27431 I SDM     : HWCSession::PerformFenceWaits: CWB fence queue is empty. No pending release fence to wait on.
06-20 18:44:41.227  1308  1430 E ANDR-PERF-UTIL: Failed to update node /sys/class/kgsl/kgsl-3d0/idle_timer with value 32
06-20 18:44:41.227  1308  1430 E ANDR-PERF-UTIL: 0
06-20 18:44:41.227  1308  1430 E ANDR-PERF-RESOURCEQS: Failed to reset optimization [10, 11]
06-20 18:44:41.238  2055  3327 D libsensor-displayalgo: the value of  brightness:438.000000,R:74639659.936520,G:74757809.984825,B:74695989.632311,EVENT_C:6167.000000,EVENT_R:2364.500000,EVENT_G:3151.000000,EVENT_B:1233.500000
06-20 18:44:41.238  2055  3327 I libsensor-displayalgo: the value of  Coef1:1107.681000,Coef4:2.383000, scale1:0.935522, scale4:0.923264
06-20 18:44:41.238  2055  3327 E libsensor-displayalgo: RGB_test_0407_400_oldzy!
06-20 18:44:41.239  2055  3327 I libsensor-displayalgo: the value of  RESULT3046.542378,1203.064213,1478.956112,552.014898
06-20 18:44:41.239  2055  3327 I libsensor-displayalgo: the value of  getChannelDataCalibrated3194.133368,1114.269349,1718.996869,602.487115
06-20 18:44:41.239  2055  3327 I libsensor-displayalgo: the value of  REAL LUX176.568726
06-20 18:44:41.239  2055  3327 I libsensor-displayalgo: the value of  CAL REAL LUX176.568726
06-20 18:44:41.327  1308  1430 E ANDR-PERF-UTIL: Failed to update node /sys/class/kgsl/kgsl-3d0/idle_timer with value 32
06-20 18:44:41.327  1308  1430 E ANDR-PERF-UTIL: 0
06-20 18:44:41.327  1308  1430 E ANDR-PERF-RESOURCEQS: Failed to reset optimization [10, 11]
06-20 18:44:41.414  1289  2256 I vendor.qti.hardware.display.composer-service: FrameNotifyProcess Sensor: notify citsensorservice to trigger cwb
06-20 18:44:41.415  2055  2140 I libcitsensorservice@2.0-impl: msg_transfer
06-20 18:44:41.416  2055  3319 D vendor.xiaomi.sensor.citsensorservice@2.0-service: handle id:11 wxh:1280x2400 uwxuh:1080x2400 size: 9216000 fd:15 fd_meta:16 flags:0x4000228 usage:0x33  format:0x3 layer_count: 1
06-20 18:44:41.417  1289  1865 I SDM     : HWCSession::SetCWBOutputBuffer: CWB config passed by cwb_client : tappoint 1  CWB_ROI : (829.000000 4.000000 915.000000 90.000000)
06-20 18:44:41.419  1289 27435 I SDM     : HWCSession::ProcessRequests: Successfully configured CWB buffer.
06-20 18:44:41.423  1308  1430 E ANDR-PERF-UTIL: Failed to update node /sys/class/kgsl/kgsl-3d0/idle_timer with value 32
06-20 18:44:41.423  1308  1430 E ANDR-PERF-UTIL: 0
06-20 18:44:41.423  1308  1430 E ANDR-PERF-RESOURCEQS: Failed to reset optimization [10, 11]
06-20 18:44:41.424  1289 27435 I SDM     : HWCSession::ProcessRequests: Pushing release fence in fenece wait queue.
06-20 18:44:41.424  1289 27435 I SDM     : HWCSession::ProcessRequests: Creating AsyncFenceWaits async thread.
06-20 18:44:41.425  1289 27435 I SDM     : HWCSession::ProcessRequests: Remove current CWB request from the pending request queue.
06-20 18:44:41.425  1289 27435 I SDM     : HWCSession::ProcessRequests: No pending cwb requests found in the queue.
06-20 18:44:41.430  1289  1506 I SDM     : HWDeviceDRM::SetupConcurrentWriteback: Tear down the Concurrent Writeback topology
06-20 18:44:41.437  1289 27436 I SDM     : HWCSession::NotifyCWBStatus: Notify the client about buffer status 0.
06-20 18:44:41.437  1289 27436 I SDM     : HWCSession::PerformFenceWaits: Remove current release fence from the pending fence wait queue.
06-20 18:44:41.438  1289 27436 I SDM     : HWCSession::PerformFenceWaits: CWB fence queue is empty. No pending release fence to wait on.
06-20 18:44:41.530  1308  1430 E ANDR-PERF-UTIL: Failed to update node /sys/class/kgsl/kgsl-3d0/idle_timer with value 32
06-20 18:44:41.530  1308  1430 E ANDR-PERF-UTIL: 0
06-20 18:44:41.530  1308  1430 E ANDR-PERF-RESOURCEQS: Failed to reset optimization [10, 11]
06-20 18:44:41.538  2055  3327 D libsensor-displayalgo: the value of  brightness:438.000000,R:74639659.936520,G:74757809.984825,B:74695989.632311,EVENT_C:6186.500000,EVENT_R:2366.000000,EVENT_G:3161.500000,EVENT_B:1236.500000
06-20 18:44:41.538  2055  3327 I libsensor-displayalgo: the value of  Coef1:1107.681000,Coef4:2.383000, scale1:0.935522, scale4:0.923264
06-20 18:44:41.538  2055  3327 E libsensor-displayalgo: RGB_test_0407_400_oldzy!
06-20 18:44:41.538  2055  3327 I libsensor-displayalgo: the value of  RESULT3046.542378,1203.064213,1478.956112,552.014898
06-20 18:44:41.539  2055  3327 I libsensor-displayalgo: the value of  getChannelDataCalibrated3194.133368,1114.269349,1718.996869,602.487115
06-20 18:44:41.539  2055  3327 I libsensor-displayalgo: the value of  REAL LUX178.122437
06-20 18:44:41.539  2055  3327 I libsensor-displayalgo: the value of  CAL REAL LUX178.122437
06-20 18:44:41.629  1308  1430 E ANDR-PERF-UTIL: Failed to update node /sys/class/kgsl/kgsl-3d0/idle_timer with value 32
06-20 18:44:41.629  1308  1430 E ANDR-PERF-UTIL: 0
06-20 18:44:41.629  1308  1430 E ANDR-PERF-RESOURCEQS: Failed to reset optimization [10, 11]
06-20 18:44:41.719  1289  2256 I vendor.qti.hardware.display.composer-service: FrameNotifyProcess Sensor: notify citsensorservice to trigger cwb
06-20 18:44:41.720  2055  2055 I libcitsensorservice@2.0-impl: msg_transfer
06-20 18:44:41.720  2055  3319 D vendor.xiaomi.sensor.citsensorservice@2.0-service: handle id:11 wxh:1280x2400 uwxuh:1080x2400 size: 9216000 fd:15 fd_meta:16 flags:0x4000228 usage:0x33  format:0x3 layer_count: 1
06-20 18:44:41.721  1289  1865 I SDM     : HWCSession::SetCWBOutputBuffer: CWB config passed by cwb_client : tappoint 1  CWB_ROI : (829.000000 4.000000 915.000000 90.000000)
06-20 18:44:41.723  1289 27440 I SDM     : HWCSession::ProcessRequests: Successfully configured CWB buffer.
06-20 18:44:41.728  1308  1430 E ANDR-PERF-UTIL: Failed to update node /sys/class/kgsl/kgsl-3d0/idle_timer with value 32
06-20 18:44:41.728  1308  1430 E ANDR-PERF-UTIL: 0
06-20 18:44:41.728  1308  1430 E ANDR-PERF-RESOURCEQS: Failed to reset optimization [10, 11]
06-20 18:44:41.729  1289 27440 I SDM     : HWCSession::ProcessRequests: Pushing release fence in fenece wait queue.
06-20 18:44:41.729  1289 27440 I SDM     : HWCSession::ProcessRequests: Creating AsyncFenceWaits async thread.
06-20 18:44:41.730  1289 27440 I SDM     : HWCSession::ProcessRequests: Remove current CWB request from the pending request queue.
06-20 18:44:41.730  1289 27440 I SDM     : HWCSession::ProcessRequests: No pending cwb requests found in the queue.
06-20 18:44:41.735  1289  1506 I SDM     : HWDeviceDRM::SetupConcurrentWriteback: Tear down the Concurrent Writeback topology
06-20 18:44:41.742  1289 27441 I SDM     : HWCSession::NotifyCWBStatus: Notify the client about buffer status 0.
06-20 18:44:41.742  1289 27441 I SDM     : HWCSession::PerformFenceWaits: Remove current release fence from the pending fence wait queue.
06-20 18:44:41.742  1289 27441 I SDM     : HWCSession::PerformFenceWaits: CWB fence queue is empty. No pending release fence to wait on.
06-20 18:44:41.838  2055  3327 D libsensor-displayalgo: the value of  brightness:438.000000,R:74639659.936520,G:74757809.984825,B:74695989.632311,EVENT_C:6181.000000,EVENT_R:2368.000000,EVENT_G:3159.500000,EVENT_B:1236.500000
06-20 18:44:41.838  2055  3327 I libsensor-displayalgo: the value of  Coef1:1107.681000,Coef4:2.383000, scale1:0.935522, scale4:0.923264
06-20 18:44:41.838  2055  3327 E libsensor-displayalgo: RGB_test_0407_400_oldzy!
06-20 18:44:41.838  2055  3327 I libsensor-displayalgo: the value of  RESULT3046.542378,1203.064213,1478.956112,552.014898
06-20 18:44:41.838  2055  3327 I libsensor-displayalgo: the value of  getChannelDataCalibrated3194.133368,1114.269349,1718.996869,602.487115
06-20 18:44:41.839  2055  3327 I libsensor-displayalgo: the value of  REAL LUX177.567856
06-20 18:44:41.839  2055  3327 I libsensor-displayalgo: the value of  CAL REAL LUX177.567856
06-20 18:44:41.933  1308  1430 E ANDR-PERF-UTIL: Failed to update node /sys/class/kgsl/kgsl-3d0/idle_timer with value 32
06-20 18:44:41.933  1308  1430 E ANDR-PERF-UTIL: 0
06-20 18:44:41.933  1308  1430 E ANDR-PERF-RESOURCEQS: Failed to reset optimization [10, 11]
06-20 18:44:42.024  1289  2256 I vendor.qti.hardware.display.composer-service: FrameNotifyProcess Sensor: notify citsensorservice to trigger cwb
06-20 18:44:42.024  2055  2137 I libcitsensorservice@2.0-impl: msg_transfer
06-20 18:44:42.027  2055  3319 D vendor.xiaomi.sensor.citsensorservice@2.0-service: handle id:11 wxh:1280x2400 uwxuh:1080x2400 size: 9216000 fd:15 fd_meta:16 flags:0x4000228 usage:0x33  format:0x3 layer_count: 1
06-20 18:44:42.029  1289  1865 I SDM     : HWCSession::SetCWBOutputBuffer: CWB config passed by cwb_client : tappoint 1  CWB_ROI : (829.000000 4.000000 915.000000 90.000000)
06-20 18:44:42.031  1289 27444 I SDM     : HWCSession::ProcessRequests: Successfully configured CWB buffer.
06-20 18:44:42.033  1308  1430 E ANDR-PERF-UTIL: Failed to update node /sys/class/kgsl/kgsl-3d0/idle_timer with value 32
06-20 18:44:42.033  1308  1430 E ANDR-PERF-UTIL: 0
06-20 18:44:42.033  1308  1430 E ANDR-PERF-RESOURCEQS: Failed to reset optimization [10, 11]
06-20 18:44:42.042  1289 27444 I SDM     : HWCSession::ProcessRequests: Pushing release fence in fenece wait queue.
06-20 18:44:42.042  1289 27444 I SDM     : HWCSession::ProcessRequests: Creating AsyncFenceWaits async thread.
06-20 18:44:42.042  1289 27444 I SDM     : HWCSession::ProcessRequests: Remove current CWB request from the pending request queue.
06-20 18:44:42.042  1289 27444 I SDM     : HWCSession::ProcessRequests: No pending cwb requests found in the queue.
06-20 18:44:42.047  1289  1506 I SDM     : HWDeviceDRM::SetupConcurrentWriteback: Tear down the Concurrent Writeback topology
06-20 18:44:42.054  1289 27445 I SDM     : HWCSession::NotifyCWBStatus: Notify the client about buffer status 0.
06-20 18:44:42.055  1289 27445 I SDM     : HWCSession::PerformFenceWaits: Remove current release fence from the pending fence wait queue.
06-20 18:44:42.055  1289 27445 I SDM     : HWCSession::PerformFenceWaits: CWB fence queue is empty. No pending release fence to wait on.
06-20 18:44:42.138  2055  3327 D libsensor-displayalgo: the value of  brightness:438.000000,R:74639659.936520,G:74757809.984825,B:74695989.632311,EVENT_C:6176.500000,EVENT_R:2364.000000,EVENT_G:3155.000000,EVENT_B:1234.500000
06-20 18:44:42.138  2055  3327 I libsensor-displayalgo: the value of  Coef1:1107.681000,Coef4:2.383000, scale1:0.935522, scale4:0.923264
06-20 18:44:42.138  2055  3327 E libsensor-displayalgo: RGB_test_0407_400_oldzy!
06-20 18:44:42.138  2055  3327 I libsensor-displayalgo: the value of  RESULT3046.542378,1203.064213,1478.956112,552.014898
06-20 18:44:42.138  2055  3327 I libsensor-displayalgo: the value of  getChannelDataCalibrated3194.133368,1114.269349,1718.996869,602.487115
06-20 18:44:42.138  2055  3327 I libsensor-displayalgo: the value of  REAL LUX177.358810
06-20 18:44:42.138  2055  3327 I libsensor-displayalgo: the value of  CAL REAL LUX177.358810
06-20 18:44:42.232  1308  1430 E ANDR-PERF-UTIL: Failed to update node /sys/class/kgsl/kgsl-3d0/idle_timer with value 32
06-20 18:44:42.232  1308  1430 E ANDR-PERF-UTIL: 0
06-20 18:44:42.233  1308  1430 E ANDR-PERF-RESOURCEQS: Failed to reset optimization [10, 11]
06-20 18:44:42.330  1308  1430 E ANDR-PERF-UTIL: Failed to update node /sys/class/kgsl/kgsl-3d0/idle_timer with value 32
06-20 18:44:42.330  1308  1430 E ANDR-PERF-UTIL: 0
06-20 18:44:42.330  1308  1430 E ANDR-PERF-RESOURCEQS: Failed to reset optimization [10, 11]
06-20 18:44:42.419  1289  2256 I vendor.qti.hardware.display.composer-service: FrameNotifyProcess Sensor: notify citsensorservice to trigger cwb
06-20 18:44:42.420  2055  2055 I libcitsensorservice@2.0-impl: msg_transfer
06-20 18:44:42.420  2055  3319 D vendor.xiaomi.sensor.citsensorservice@2.0-service: handle id:11 wxh:1280x2400 uwxuh:1080x2400 size: 9216000 fd:15 fd_meta:16 flags:0x4000228 usage:0x33  format:0x3 layer_count: 1
06-20 18:44:42.421  1289  1865 I SDM     : HWCSession::SetCWBOutputBuffer: CWB config passed by cwb_client : tappoint 1  CWB_ROI : (829.000000 4.000000 915.000000 90.000000)
06-20 18:44:42.423  1289 27449 I SDM     : HWCSession::ProcessRequests: Successfully configured CWB buffer.
06-20 18:44:42.428  1308  1430 E ANDR-PERF-UTIL: Failed to update node /sys/class/kgsl/kgsl-3d0/idle_timer with value 32
06-20 18:44:42.428  1308  1430 E ANDR-PERF-UTIL: 0
06-20 18:44:42.428  1308  1430 E ANDR-PERF-RESOURCEQS: Failed to reset optimization [10, 11]
06-20 18:44:42.436  1289 27449 I SDM     : HWCSession::ProcessRequests: Pushing release fence in fenece wait queue.
06-20 18:44:42.437  1289 27449 I SDM     : HWCSession::ProcessRequests: Creating AsyncFenceWaits async thread.
06-20 18:44:42.437  2055  3327 D libsensor-displayalgo: the value of  brightness:438.000000,R:74639659.936520,G:74757809.984825,B:74695989.632311,EVENT_C:6176.500000,EVENT_R:2364.000000,EVENT_G:3155.000000,EVENT_B:1234.500000
06-20 18:44:42.437  2055  3327 I libsensor-displayalgo: the value of  Coef1:1107.681000,Coef4:2.383000, scale1:0.935522, scale4:0.923264
06-20 18:44:42.437  2055  3327 E libsensor-displayalgo: RGB_test_0407_400_oldzy!
06-20 18:44:42.437  2055  3327 I libsensor-displayalgo: the value of  RESULT3046.542378,1203.064213,1478.956112,552.014898
06-20 18:44:42.438  2055  3327 I libsensor-displayalgo: the value of  getChannelDataCalibrated3194.133368,1114.269349,1718.996869,602.487115
06-20 18:44:42.438  2055  3327 I libsensor-displayalgo: the value of  REAL LUX177.358810
06-20 18:44:42.438  2055  3327 I libsensor-displayalgo: the value of  CAL REAL LUX177.358810
06-20 18:44:42.438  1289 27449 I SDM     : HWCSession::ProcessRequests: Remove current CWB request from the pending request queue.
06-20 18:44:42.438  1289 27449 I SDM     : HWCSession::ProcessRequests: No pending cwb requests found in the queue.
06-20 18:44:42.443  1289  1506 I SDM     : HWDeviceDRM::SetupConcurrentWriteback: Tear down the Concurrent Writeback topology
06-20 18:44:42.450  1289 27450 I SDM     : HWCSession::NotifyCWBStatus: Notify the client about buffer status 0.
06-20 18:44:42.450  1289 27450 I SDM     : HWCSession::PerformFenceWaits: Remove current release fence from the pending fence wait queue.
06-20 18:44:42.450  1289 27450 I SDM     : HWCSession::PerformFenceWaits: CWB fence queue is empty. No pending release fence to wait on.
06-20 18:44:42.633  1308  1430 E ANDR-PERF-UTIL: Failed to update node /sys/class/kgsl/kgsl-3d0/idle_timer with value 32
06-20 18:44:42.633  1308  1430 E ANDR-PERF-UTIL: 0
06-20 18:44:42.633  1308  1430 E ANDR-PERF-RESOURCEQS: Failed to reset optimization [10, 11]
06-20 18:44:42.724  1289  2256 I vendor.qti.hardware.display.composer-service: FrameNotifyProcess Sensor: notify citsensorservice to trigger cwb
06-20 18:44:42.724  2055  2055 I libcitsensorservice@2.0-impl: msg_transfer
06-20 18:44:42.725  2055  3319 D vendor.xiaomi.sensor.citsensorservice@2.0-service: handle id:11 wxh:1280x2400 uwxuh:1080x2400 size: 9216000 fd:15 fd_meta:16 flags:0x4000228 usage:0x33  format:0x3 layer_count: 1
06-20 18:44:42.726  1289  1865 I SDM     : HWCSession::SetCWBOutputBuffer: CWB config passed by cwb_client : tappoint 1  CWB_ROI : (829.000000 4.000000 915.000000 90.000000)
06-20 18:44:42.727  1289 27453 I SDM     : HWCSession::ProcessRequests: Successfully configured CWB buffer.
06-20 18:44:42.732  1308  1430 E ANDR-PERF-UTIL: Failed to update node /sys/class/kgsl/kgsl-3d0/idle_timer with value 32
06-20 18:44:42.732  1308  1430 E ANDR-PERF-UTIL: 0
06-20 18:44:42.732  1308  1430 E ANDR-PERF-RESOURCEQS: Failed to reset optimization [10, 11]
06-20 18:44:42.733  1289 27453 I SDM     : HWCSession::ProcessRequests: Pushing release fence in fenece wait queue.
06-20 18:44:42.733  1289 27453 I SDM     : HWCSession::ProcessRequests: Creating AsyncFenceWaits async thread.
06-20 18:44:42.734  1289 27453 I SDM     : HWCSession::ProcessRequests: Remove current CWB request from the pending request queue.
06-20 18:44:42.734  1289 27453 I SDM     : HWCSession::ProcessRequests: No pending cwb requests found in the queue.
06-20 18:44:42.738  2055  3327 D libsensor-displayalgo: the value of  brightness:438.000000,R:74639659.936520,G:74757809.984825,B:74695989.632311,EVENT_C:6137.000000,EVENT_R:2350.500000,EVENT_G:3137.500000,EVENT_B:1229.000000
06-20 18:44:42.738  2055  3327 I libsensor-displayalgo: the value of  Coef1:1107.681000,Coef4:2.383000, scale1:0.935522, scale4:0.923264
06-20 18:44:42.738  2055  3327 E libsensor-displayalgo: RGB_test_0407_400_oldzy!
06-20 18:44:42.738  2055  3327 I libsensor-displayalgo: the value of  RESULT3046.542378,1203.064213,1478.956112,552.014898
06-20 18:44:42.738  2055  3327 I libsensor-displayalgo: the value of  getChannelDataCalibrated3194.133368,1114.269349,1718.996869,602.487115
06-20 18:44:42.738  2055  3327 I libsensor-displayalgo: the value of  REAL LUX174.730606
06-20 18:44:42.738  2055  3327 I libsensor-displayalgo: the value of  CAL REAL LUX174.730606
06-20 18:44:42.739  1289  1506 I SDM     : HWDeviceDRM::SetupConcurrentWriteback: Tear down the Concurrent Writeback topology
06-20 18:44:42.746  1289 27454 I SDM     : HWCSession::NotifyCWBStatus: Notify the client about buffer status 0.
06-20 18:44:42.746  1289 27454 I SDM     : HWCSession::PerformFenceWaits: Remove current release fence from the pending fence wait queue.
06-20 18:44:42.746  1289 27454 I SDM     : HWCSession::PerformFenceWaits: CWB fence queue is empty. No pending release fence to wait on.
06-20 18:44:42.930  1308  1430 E ANDR-PERF-UTIL: Failed to update node /sys/class/kgsl/kgsl-3d0/idle_timer with value 32
06-20 18:44:42.930  1308  1430 E ANDR-PERF-UTIL: 0
06-20 18:44:42.930  1308  1430 E ANDR-PERF-RESOURCEQS: Failed to reset optimization [10, 11]
06-20 18:44:43.028  1289  2256 I vendor.qti.hardware.display.composer-service: FrameNotifyProcess Sensor: notify citsensorservice to trigger cwb
06-20 18:44:43.029  2055  2055 I libcitsensorservice@2.0-impl: msg_transfer
06-20 18:44:43.030  2055  3319 D vendor.xiaomi.sensor.citsensorservice@2.0-service: handle id:11 wxh:1280x2400 uwxuh:1080x2400 size: 9216000 fd:15 fd_meta:16 flags:0x4000228 usage:0x33  format:0x3 layer_count: 1
06-20 18:44:43.031  1289  1865 I SDM     : HWCSession::SetCWBOutputBuffer: CWB config passed by cwb_client : tappoint 1  CWB_ROI : (829.000000 4.000000 915.000000 90.000000)
06-20 18:44:43.033  1289 27457 I SDM     : HWCSession::ProcessRequests: Successfully configured CWB buffer.
06-20 18:44:43.037  1308  1430 E ANDR-PERF-UTIL: Failed to update node /sys/class/kgsl/kgsl-3d0/idle_timer with value 32
06-20 18:44:43.037  1308  1430 E ANDR-PERF-UTIL: 0
06-20 18:44:43.037  1308  1430 E ANDR-PERF-RESOURCEQS: Failed to reset optimization [10, 11]
06-20 18:44:43.038  2055  3327 D libsensor-displayalgo: the value of  brightness:438.000000,R:74639659.936520,G:74757809.984825,B:74695989.632311,EVENT_C:6051.500000,EVENT_R:2316.000000,EVENT_G:3095.000000,EVENT_B:1209.500000
06-20 18:44:43.038  2055  3327 I libsensor-displayalgo: the value of  Coef1:1107.681000,Coef4:2.383000, scale1:0.935522, scale4:0.923264
06-20 18:44:43.038  2055  3327 E libsensor-displayalgo: RGB_test_0407_400_oldzy!
06-20 18:44:43.039  2055  3327 I libsensor-displayalgo: the value of  RESULT3046.542378,1203.064213,1478.956112,552.014898
06-20 18:44:43.039  2055  3327 I libsensor-displayalgo: the value of  getChannelDataCalibrated3194.133368,1114.269349,1718.996869,602.487115
06-20 18:44:43.039  2055  3327 I libsensor-displayalgo: the value of  REAL LUX169.647537
06-20 18:44:43.039  2055  3327 I libsensor-displayalgo: the value of  CAL REAL LUX169.647537
06-20 18:44:43.047  1289 27457 I SDM     : HWCSession::ProcessRequests: Pushing release fence in fenece wait queue.
06-20 18:44:43.047  1289 27457 I SDM     : HWCSession::ProcessRequests: Creating AsyncFenceWaits async thread.
06-20 18:44:43.047  1289 27457 I SDM     : HWCSession::ProcessRequests: Remove current CWB request from the pending request queue.
06-20 18:44:43.047  1289 27457 I SDM     : HWCSession::ProcessRequests: No pending cwb requests found in the queue.
06-20 18:44:43.051  1289  1506 I SDM     : HWDeviceDRM::SetupConcurrentWriteback: Tear down the Concurrent Writeback topology
06-20 18:44:43.059  1289 27458 I SDM     : HWCSession::NotifyCWBStatus: Notify the client about buffer status 0.
06-20 18:44:43.059  1289 27458 I SDM     : HWCSession::PerformFenceWaits: Remove current release fence from the pending fence wait queue.
06-20 18:44:43.059  1289 27458 I SDM     : HWCSession::PerformFenceWaits: CWB fence queue is empty. No pending release fence to wait on.
06-20 18:44:43.237  1308  1430 E ANDR-PERF-UTIL: Failed to update node /sys/class/kgsl/kgsl-3d0/idle_timer with value 32
06-20 18:44:43.237  1308  1430 E ANDR-PERF-UTIL: 0
06-20 18:44:43.237  1308  1430 E ANDR-PERF-RESOURCEQS: Failed to reset optimization [10, 11]
06-20 18:44:43.335  1308  1430 E ANDR-PERF-UTIL: Failed to update node /sys/class/kgsl/kgsl-3d0/idle_timer with value 32
06-20 18:44:43.335  1308  1430 E ANDR-PERF-UTIL: 0
06-20 18:44:43.335  1308  1430 E ANDR-PERF-RESOURCEQS: Failed to reset optimization [10, 11]
06-20 18:44:43.339  2055  3327 D libsensor-displayalgo: the value of  brightness:438.000000,R:74639659.936520,G:74757809.984825,B:74695989.632311,EVENT_C:6055.000000,EVENT_R:2317.500000,EVENT_G:3098.500000,EVENT_B:1211.500000
06-20 18:44:43.339  2055  3327 I libsensor-displayalgo: the value of  Coef1:1107.681000,Coef4:2.383000, scale1:0.935522, scale4:0.923264
