11-17 18:26:07.281 18343 18788 I FWK-BackOffDelayTimerTask: Run task returns: true, with delay: 60
11-17 18:26:07.315  2010  5456 D HwConnectivityServiceEx: set 10238 wlan0 value false
11-17 18:26:07.332 18343 18784 I FWK-BackOffDelayTimerTask: Run task returns: true, with delay: 60
11-17 18:26:07.949  4667  4954 E BoosterUtil: convertSubIdToSlotId failed, subId:0, slotId:-1
11-17 18:26:07.949  4667  4954 E BoosterUtil: getDefaultDataSlotId failed, invalid slotId:-1, subId:0
11-17 18:26:08.040  1059 18693 I chatty  : uid=1000(system) /vendor/bin/hiaiserver expire 16 lines
11-17 18:26:08.044  6950 18691 I swingclient: IgsListenerProxy::onIgsEventDoneV2
11-17 18:26:08.044  6950 18691 D HWSWINGCA: -----onSwingEventDone----
11-17 18:26:08.044  6950 18691 I CAWARENESS_SwingManager: onSwingEventDone eventId = 5 eventStr=faceDirection:0
11-17 18:26:08.045  6950 18689 I CAWARENESS_SwingManager: handleMessage msg:2
11-17 18:26:08.045  6950 18691 I CAWARENESS_AbilityContext: [1668680768878] publishing {dataId=100000093, mode=0}
11-17 18:26:08.045  6950 18691 I CAWARENESS_AbilityContext: [1668680768878] deliver {dataId=100000093, mode=0} to 1 receivers
11-17 18:26:08.047  6950 28640 I CAWARENESS_CompatibleFenceTrigger: fenceName 13 pid 2010 uid 1000
11-17 18:26:08.047  6950 28640 I CAWARENESS_CacheReportDataService: insertData
11-17 18:26:08.047  6950  7857 I CAWARENESS_CompatibleFenceTrigger: triggerForSwing with IAwarenessListener
11-17 18:26:08.048  2010  5456 I HwSwingFaceRotationHub: handleFenceResult FaceDirection 0
11-17 18:26:08.046  6950 18691 I swingclient: IgsListenerProxy::onIgsEventDone eventId = 5
11-17 18:26:08.048  2010  2620 D HwWindowManagerServiceEx: notifySwingRotation rotation:0
11-17 18:26:08.049  2010  2620 I HwDisplayRotationEx: swingRotationForSensor desireRotation 0 swingRotation 0 sensorRotation -1 lastRotation 0
11-17 18:26:08.050  2010  2620 I HwWindowManagerServiceEx: setLandAnimationInfo : false
11-17 18:26:08.050  6950 28641 I CAWARENESS_AwarenessSQLiteDatabase: insert recId is 40328
11-17 18:26:08.051  6950 28641 I CAWARENESS_CacheReportDataService: Current count 62
11-17 18:26:08.862   681   681 I netd    : trafficSwapActiveStatsMap() <1.30ms>
11-17 18:26:08.971  4667  5956 I chatty  : uid=1000(system) JNITID-5956 expire 46 lines
11-17 18:26:08.973  4667  4954 E BoosterUtil: convertSubIdToSlotId failed, subId:0, slotId:-1
11-17 18:26:08.973  4667  4954 E BoosterUtil: getDefaultDataSlotId failed, invalid slotId:-1, subId:0
11-17 18:26:08.973  4667  4954 I chatty  : uid=1000(system) OllieAwareThrea expire 19 lines
11-17 18:26:08.975  4667  5324 I chatty  : uid=1000(system) EmcomThread expire 48 lines
11-17 18:26:09.127 20109 20278 D MemoryCeilingMonitor: [handleMemoryCalculate]
11-17 18:26:09.127 20109 20278 D MemoryCeilingMonitor: [calculate] tot: 4054120, max: 402653184, free: 1339760, heap: 2714360, per: 0.006741185983022054
11-17 18:26:09.344   681  1156 I         : ApiCount[0, 0, 0, 200, 0, 0, 0, 4, 0, 0, 384, 588, 0, 38, 14, 0, 45, 0, 6666, 13774]
11-17 18:26:09.998  4667  4954 E BoosterUtil: convertSubIdToSlotId failed, subId:0, slotId:-1
11-17 18:26:09.998  4667  4954 E BoosterUtil: getDefaultDataSlotId failed, invalid slotId:-1, subId:0
11-17 18:26:10.234  6950 18691 I swingclient: IgsListenerProxy::onIgsEventDoneV2
11-17 18:26:10.234  6950 18691 D HWSWINGCA: -----onSwingEventDone----
11-17 18:26:10.234  6950 18691 I CAWARENESS_SwingManager: onSwingEventDone eventId = 5 eventStr=faceDirection:-2
11-17 18:26:10.235  6950 18691 I CAWARENESS_AbilityContext: [1668680771068] publishing {dataId=100000093, mode=0}
11-17 18:26:10.235  6950 18691 I CAWARENESS_AbilityContext: [1668680771068] deliver {dataId=100000093, mode=0} to 1 receivers
11-17 18:26:10.237  6950 18691 I swingclient: IgsListenerProxy::onIgsEventDone eventId = 5
11-17 18:26:10.238  6950 28642 I CAWARENESS_CompatibleFenceTrigger: fenceName 13 pid 2010 uid 1000
11-17 18:26:10.238  6950 28642 I CAWARENESS_CacheReportDataService: insertData
11-17 18:26:10.238  6950  7857 I CAWARENESS_CompatibleFenceTrigger: triggerForSwing with IAwarenessListener
11-17 18:26:10.239  2010  4214 I HwSwingFaceRotationHub: handleFenceResult FaceDirection -2
11-17 18:26:10.239  2010  2620 D HwWindowManagerServiceEx: notifySwingRotation rotation:-2
11-17 18:26:10.240  2010  2620 I HwDisplayRotationEx: swingRotationForSensor desireRotation 0 swingRotation -2 sensorRotation -1 lastRotation 0
11-17 18:26:10.240  2010  2620 I HwWindowManagerServiceEx: setLandAnimationInfo : false
11-17 18:26:10.241  6950 28643 I CAWARENESS_AwarenessSQLiteDatabase: insert recId is 40329
11-17 18:26:10.242  6950 28643 I CAWARENESS_CacheReportDataService: Current count 63
11-17 18:26:10.332  2010  4214 D HwConnectivityServiceEx: set 10238 wlan0 value false
11-17 18:26:10.366  2010  3971 I chatty  : uid=1000(system) HuaweiWifiWatch expire 22 lines
11-17 18:26:10.367  2010 11971 D HwConnectivityServiceEx: set 1000 wlan0 value false
11-17 18:26:11.021  4667  4954 E BoosterUtil: convertSubIdToSlotId failed, subId:0, slotId:-1
11-17 18:26:11.022  4667  4954 E BoosterUtil: getDefaultDataSlotId failed, invalid slotId:-1, subId:0
11-17 18:26:12.045  4667  4954 E BoosterUtil: convertSubIdToSlotId failed, subId:0, slotId:-1
11-17 18:26:12.046  4667  4954 E BoosterUtil: getDefaultDataSlotId failed, invalid slotId:-1, subId:0
11-17 18:26:12.544   882   882 I aptouch_daemon: check_afe_status, afe[204 60 Xa01] [ctrl:X40020 ftr:X8140] dif[32 -39] raw[36023 20978] [exp:X0 aN:0 lo:0]
11-17 18:26:12.646  4667  6060 I chatty  : uid=1000(system) LteRecoveryEngi expire 12 lines
11-17 18:26:13.069  4667  4954 E BoosterUtil: convertSubIdToSlotId failed, subId:0, slotId:-1
11-17 18:26:13.069  4667  4954 E BoosterUtil: getDefaultDataSlotId failed, invalid slotId:-1, subId:0
11-17 18:26:13.348  2010  4214 D HwConnectivityServiceEx: set 10238 wlan0 value false
11-17 18:26:13.781   681   681 I netd    : trafficSwapActiveStatsMap() <1.96ms>
11-17 18:26:13.877   681   681 I netd    : trafficSwapActiveStatsMap() <0.73ms>
11-17 18:26:14.094  4667  4954 E BoosterUtil: convertSubIdToSlotId failed, subId:0, slotId:-1
11-17 18:26:14.094  4667  4954 E BoosterUtil: getDefaultDataSlotId failed, invalid slotId:-1, subId:0
11-17 18:26:14.370  2010 11971 D HwConnectivityServiceEx: set 1000 wlan0 value false
11-17 18:26:14.396  2010  2781 I ActivityManager: sendIntentSender target:PendingIntentRecord{134d809 android broadcastIntent}, intent:flg=0x4 hwFlg=0x810
11-17 18:26:14.397  2010  2781 E HwActivityTaskManagerServiceEx: isNeedInterceptStart isNeedInterceptAlarm getPackageUid exception
11-17 18:26:14.399  2010  3901 I chatty  : uid=1000(system) LocationHander expire 36 lines
11-17 18:26:14.401  2010  2653 I PowerManagerService: handleSandman: wakefulness: 1,startDreaming: false
11-17 18:26:14.402  2010  2653 I PowerManagerService: handleSandman: wakefulness: 1,startDreaming: false
11-17 18:26:14.402  2010  3901 V BroadcastQueue: Finished with ordered broadcast BroadcastRecord{1429cf3 u0 com.android.internal.location.ALARM_WAKEUP}
11-17 18:26:14.411  2010  2653 I PowerManagerService: handleSandman: wakefulness: 1,startDreaming: false
11-17 18:26:14.416   741  4520 I chatty  : uid=1000(system) hisignss expire 107 lines
11-17 18:26:14.417  2220  2220 W HIGNSS  : PE_MGR:set position mode, pos_mode:1, pos_recurrence:0, interval:1000, pref_acc:0, pref_time:0, low_power_mode:0
11-17 18:26:14.418  2010  3901 W SettingsEx: SettingsEx.Systemex.getInt deprecated use Settings.System.getInt instead, callers = com.android.server.location.HwCmccGpsFeature.setDelAidData:1361764 com.android.server.location.HwGnssLocationProvider.hwHandleMessage:1759480 com.android.server.location.GnssLocationProvider.startNavigating:2940896
11-17 18:26:14.419  1071 14005 I FusionD : (FdAddEvent:302):before mutex:0.
11-17 18:26:14.419  1071 14005 I FusionD : (sendLocationSourceStatus:1294):send cmd ret[0] type [0] status [1].
11-17 18:26:14.420  1071  1126 I FusionD : (FdEventProcThread:1585):handle event 0.
11-17 18:26:14.420  1071  1126 I FusionD : (FdStartGnss:1399):gnss start.
11-17 18:26:14.420  2220 28779 W HIGNSS  : PE_MGR:[RDDT] timeout wait
11-17 18:26:14.421 21552 21609 I HwLBSService HigeoLocationManager: receive onHigeoEventCallback type = 1
11-17 18:26:14.421 21552 21609 I HwLBSService HigeoLocationManager: sendHigeoCallbackEvent, type: 1
11-17 18:26:14.421  1071  1126 I FusionD : (SendGnssStatus:476):SendGnssStatus:1.
11-17 18:26:14.422  1071  1126 I FusionD : (FlpEnableAr_v2:609):start AR.
11-17 18:26:14.422  1071  1126 I FusionD : (FdStartGnss:1446):gnss start done.
11-17 18:26:14.422  2220  2220 W HIGNSS  : PE_BITAID:gps bit aid file:/data/vendor/gnss/nav_bit_aid.dat not exists
11-17 18:26:14.422  2220  2220 W HIGNSS  : PE_BITAID:glo bit aid file:/data/vendor/gnss/nav_bit_aid_glo.dat not exists
11-17 18:26:14.423  2010  2653 I PowerManagerService: handleSandman: wakefulness: 1,startDreaming: false
11-17 18:26:14.425  1071 14005 E FusionD : (FdMsgProcessing:965):Msg Id is invalid!
11-17 18:26:14.425  1071 14005 I AR_FusionD: (SendMessage:432):socket 14 send 44 data:
11-17 18:26:14.425  1071 14005 I FusionD : (sendBatteryState:150):FusdLbs: sendBatteryState.
11-17 18:26:14.426  4624  4827 D SensorManager: 0x7ee0a20410 addFd fd=126
11-17 18:26:14.426 21552 21585 E HwHigeoManager: sendHigeoData final type = 13, result = true
11-17 18:26:14.427  2010  4214 I chatty  : uid=1000(system) Binder:2010_B expire 8 lines
11-17 18:26:14.428  1071 14005 E FusionD : (FdMsgProcessing:965):Msg Id is invalid!
11-17 18:26:14.428  1071 14005 I AR_FusionD: (SendMessage:432):socket 14 send 44 data:
11-17 18:26:14.428  1071 14005 I FusionD : (sendScreenState:170):FusdLbs: sendScreenState.
11-17 18:26:14.430  1055  1055 E Sensors@1.2-impl: Sensors::batch: sensorHandle: 0, samplingPeriodNs: 200000000, maxReportLatencyNs: 0
11-17 18:26:14.430  1055  1055 I Sensors@1.2-impl: IsConfigParamNeedUpdate: service: 2010, sensor: 0, first set config, create it
11-17 18:26:14.430  1055  1055 I Sensors@1.2-impl: SetReportConfig: the sensor not find, create it
11-17 18:26:14.430  1055  1055 I Sensors@1.2-impl: GetSensorConfig: sensor: 0, Can't get param
11-17 18:26:14.431  1055  1055 I Sensors@1.2-impl: GetSensorConfig: sensor: 0, Can't get param
11-17 18:26:14.431  1055  1055 I Sensors@1.2-impl: JudgeOptimizeConfig: sensor: 0, oldPeriod: 0, initPeroid: 200000000
11-17 18:26:14.431  1055  1055 I Sensors@1.2-impl: SetOptimizeConfig: sensor: 0 first setconfig, create it
11-17 18:26:14.431  1055  1055 I Sensors@1.2-impl: GetSampleFifoConfig: sensor: 0, period: 200000000, reportDelay: 0
11-17 18:26:14.431  1055  1055 I SensorHub: batch called handle:0 sampleNs:200000000 latencyNs:0
11-17 18:26:14.431  1055  1055 I SensorHub: in Batch, handle = 0, flags = 0, periodNs = 200000000, timeout = 0
11-17 18:26:14.431 21552 21585 E HwHigeoManager: sendHigeoData final type = 0, result = true
11-17 18:26:14.432  1055  1055 I Sensors@1.2-impl: activate-0 enabled-1 fwkOals-1 camOals-0 fwkOcolor-0 camOcolor-0 fwkOtof-0 camOtof-0
11-17 18:26:14.432  1055  1055 I Sensors@1.2-impl: GetTotalOpenCnt: The sensor haven't open
11-17 18:26:14.432  1055  1055 I Sensors@1.2-impl: IsOpenNeedUpdate: service: 2010, sensor: 0, open: 1, openCnt: 0
11-17 18:26:14.432  1055  1055 I SensorHub: Activate, handle: 0, enabled:1, err: 0
11-17 18:26:14.434  1071 14005 E FusionD : (FdMsgProcessing:965):Msg Id is invalid!
11-17 18:26:14.434  1071 14005 I AR_FusionD: (SendMessage:432):socket 14 send 44 data:
11-17 18:26:14.434  1071 14005 I FusionD : (sendNetworkRoamingState:190):FusdLbs: sendNetworkRoamingState.
11-17 18:26:14.434 21552 21585 E HwHigeoManager: sendHigeoData final type = 1, result = true
11-17 18:26:14.436   727   761 I ArHal   : (ArDataNetlinkCb:942):cmd[2].length[336]
11-17 18:26:14.436  1071  1125 I FusionD : (FdOnArData:493):ar count 1
11-17 18:26:14.436   727   762 I AR_impl : ActChangedCb start count[14]
11-17 18:26:14.436  1071  1125 I AR_FusionD: (SendMessage:432):socket 14 send 32 data:
11-17 18:26:14.438  1071 14005 E FusionD : (FdMsgProcessing:965):Msg Id is invalid!
11-17 18:26:14.438  1071 14005 I AR_FusionD: (SendMessage:432):socket 14 send 44 data:
11-17 18:26:14.438  1071 14005 I FusionD : (sendMapNavigatingState:328):FusdLbs: sendMapNavigatingState.
11-17 18:26:14.438  1071  1125 I FusionD : (SetArStatus:547):setArStatus done.
11-17 18:26:14.438  1071  1125 I FusionD : (FdOnArData:493):ar count 1
11-17 18:26:14.438  1071  1125 I AR_FusionD: (SendMessage:432):socket 14 send 32 data:
11-17 18:26:14.440  1071  1125 I FusionD : (SetArStatus:547):setArStatus done.
11-17 18:26:14.440  1071  1125 I FusionD : (FdOnArData:493):ar count 1
11-17 18:26:14.440  1071  1125 I AR_FusionD: (SendMessage:432):socket 14 send 32 data:
11-17 18:26:14.441  1071  1125 I FusionD : (SetArStatus:547):setArStatus done.
11-17 18:26:14.441  1071  1125 I FusionD : (FdOnArData:493):ar count 1
11-17 18:26:14.441  1071  1125 I AR_FusionD: (SendMessage:432):socket 14 send 32 data:
11-17 18:26:14.441 21552 21585 E HwHigeoManager: sendHigeoData final type = 2, result = true
11-17 18:26:14.441  1071  1125 I FusionD : (SetArStatus:547):setArStatus done.
11-17 18:26:14.441  1071  1125 I FusionD : (FdOnArData:493):ar count 1
11-17 18:26:14.441  1071  1125 I AR_FusionD: (SendMessage:432):socket 14 send 32 data:
11-17 18:26:14.442  1071  1125 I FusionD : (SetArStatus:547):setArStatus done.
11-17 18:26:14.442  1071  1125 I FusionD : (FdOnArData:493):ar count 1
11-17 18:26:14.442  1071  1125 I AR_FusionD: (SendMessage:432):socket 14 send 32 data:
11-17 18:26:14.442   727   762 I AR_impl : able to onActivityChangedV1_1
11-17 18:26:14.442   727   762 I AR_impl : ActChangedCb end, pid[727]
11-17 18:26:14.443  4624  4827 E HiGeoSessionEvent:  higeo event error : 21
11-17 18:26:14.443  1071  1125 I FusionD : (SetArStatus:547):setArStatus done.
11-17 18:26:14.443  4624  4827 E HiGeoSessionEvent:  higeo event error : 21
11-17 18:26:14.443  4624  4827 E HiGeoSessionEvent:  higeo event error : 22
11-17 18:26:14.444  1071 14005 I FusionD : (sendHDGnssMode:209):FusdLbs: hdGnssModeState.0
11-17 18:26:14.444 21552 21588 E HwHigeoManager: sendHigeoData final type = 5, result = true
11-17 18:26:14.444 21552 21588 I HwLBSService FusionDaemonManager: sendPowerInfoToHdGnss type : 1
11-17 18:26:14.446  1071 14005 I FusionD : (FdSendSavePowerMode:941):isSavePowerMode: 0
11-17 18:26:14.446  1071 14005 I FusionD : (CheckSavePowerMode:287):FusdLbs: RTK_SAVE_POWER_MODE. isSavePowerMode: 0
11-17 18:26:14.446 21552 21588 E HwHigeoManager: sendHigeoData final type = 8, result = true
11-17 18:26:14.446 21552 21588 I HwLBSService FusionDaemonManager: current is normal mode
11-17 18:26:14.447  1071 14005 I FusionD : (sendMccCode:229):FusdLbs: sendMccCode.460
11-17 18:26:14.447 21552 21588 E HwHigeoManager: sendHigeoData final type = 6, result = true
11-17 18:26:14.447 21552 21588 I HwLBSService FusionDaemonManager: onStarted send mccCode success
11-17 18:26:14.448  4439  4439 I chatty  : uid=1000(system) com.huawei.systemmanager:service expire 6 lines
11-17 18:26:14.448  4088 18566 I HwCommandQueue: CommandQueue, setStatusBarShowIcon type2isShow:false
11-17 18:26:14.449 20069  8579 I LBSLog_HwNLPService: [I/HwLocation/LBSLog_HwNLPService 20069:10076 null:2] registerGPSTime in
11-17 18:26:14.449  4088 18566 I HwCommandQueue: CommandQueue, setStatusBarShowIcon type1isShow:false
11-17 18:26:14.449 20069  8579 I APKUtil : [I/HwLocation/APKUtil 20069:10076 null:2] getPackageInfo From Cache
11-17 18:26:14.450  4088 18566 I HwCommandQueue: CommandQueue, setStatusBarShowIcon type3isShow:false
11-17 18:26:14.429  2010  2653 I chatty  : uid=1000(system) PowerManagerSer identical 1 line
11-17 18:26:14.436  2010  2653 I PowerManagerService: handleSandman: wakefulness: 1,startDreaming: false
11-17 18:26:14.452  2010  2647 D ActivityManager: setPrivilegeType r: ServiceRecord{108de09 u0 com.huawei.systemmanager/com.huawei.securitycenter.permission.service.permissionuse.PermissionUsingService}, interfaceDescriptor : com.huawei.securitycenter.IHwSecService
11-17 18:26:14.452 21552 21609 I SDKLogCommonFunction: isPosengineOfflineSupported
11-17 18:26:14.452 21552 21609 I SDKLogCommonFunction: Get systemProperty: HUAWEI
11-17 18:26:14.452 21552 21609 I SDKLogCommonFunction: Get Manufacturer: HUAWEI
11-17 18:26:14.452 21552 21609 I SDKLogCommonFunction: Get systemProperty: EmotionUI_12.0.0
11-17 18:26:14.452 21552 21609 I SDKLogCommonFunction: Emui version name: EmotionUI_12.0.0
11-17 18:26:14.452 21552 21609 D SDKLogCommonFunction: isOverEmuiVersion, current EMUI version: EmotionUI_12.0.0, version: EmotionUI_11.0.0
11-17 18:26:14.453 21552 21609 D SDKLogCommonFunction: str1: 1200, str2: 1100
11-17 18:26:14.453 21552 21609 D SDKLogCommonFunction: number1: 1200, number2: 1100
11-17 18:26:14.453 21552 21609 I SDKLogCommonFunction: posengine offline supported over than 11.0.0
11-17 18:26:14.453 21552 21609 I SDKLogHwLbs.PG.cons: offline has already init
11-17 18:26:14.453  2010  5456 I HwActivityTaskManagerServiceEx: registerHwActivityNotifier notifier: android.app.IHwActivityNotifier$Stub$Proxy@117b3a4, reason: activityLifeState, callingUid: 1000 callingPid: 4439
11-17 18:26:14.454  2010  4214 I HwActivityTaskManagerServiceEx: registerHwActivityNotifier notifier: android.app.IHwActivityNotifier$Stub$Proxy@11b189f, reason: systemAlertWindowChange, callingUid: 1000 callingPid: 4439
11-17 18:26:14.454  4439 15659 I chatty  : uid=1000(system) pool-2-thread-1 expire 3 lines
11-17 18:26:14.454 21552 21609 I HwLBSService HigeoLocationManager: receive onHigeoEventCallback type = 2
11-17 18:26:14.454 21552 21609 I HwLBSService HigeoLocationManager: sendHigeoCallbackEvent, type: 2
11-17 18:26:14.454 21552 21609 I HwLBSService HigeoLocationManager: receive onHigeoEventCallback type = 2
11-17 18:26:14.454 21552 21609 I HwLBSService HigeoLocationManager: sendHigeoCallbackEvent, type: 2
11-17 18:26:14.454 21552 21609 I HwLBSService HigeoLocationManager: receive onHigeoEventCallback type = 2
11-17 18:26:14.454 21552 21609 I HwLBSService HigeoLocationManager: sendHigeoCallbackEvent, type: 2
11-17 18:26:14.454 21552 21609 I HwLBSService HigeoLocationManager: receive onHigeoEventCallback type = 2
11-17 18:26:14.454 21552 21609 I HwLBSService HigeoLocationManager: sendHigeoCallbackEvent, type: 2
11-17 18:26:14.454 21552 21609 I HwLBSService HigeoLocationManager: receive onHigeoEventCallback type = 2
11-17 18:26:14.454 21552 21609 I HwLBSService HigeoLocationManager: sendHigeoCallbackEvent, type: 2
11-17 18:26:14.454 21552 21609 I HwLBSService HigeoLocationManager: receive onHigeoEventCallback type = 2
11-17 18:26:14.454 21552 21609 I HwLBSService HigeoLocationManager: sendHigeoCallbackEvent, type: 2
11-17 18:26:14.457  4088 18566 I HwCommandQueue: CommandQueue, setStatusBarShowIcon type3isShow:true
11-17 18:26:14.477  4088  4088 I AnimatedImageView: onVisibilityChanged state:0
11-17 18:26:14.478  4088  4088 I AnimatedImageView: onVisibilityChanged state:0
11-17 18:26:14.499  2220  2220 W HIGNSS  : PE_MGR:Received AF_IMMEDIATE_START
11-17 18:26:14.524  2220  2286 W HIGNSS  : AGNSSMGR:agnss so dlopen success!! dlerror:(null)
11-17 18:26:14.528  2220 28646 W HIGNSS  : HISUPL:PrivateCheckAndAssignSesID: sess num before:0, arrange new id:0, status:0x00000000
11-17 18:26:14.530  2220  2285 W HIGNSS  : RIL:send_single_line_cmd_single_result error!
11-17 18:26:14.535  2220  2285 W HIGNSS  : RIL:send_single_line_cmd_single_result error!
11-17 18:26:14.545  2220 28650 W HIGNSS  : HISUPL:SessId:0:RunProtocolEngine: FetchSetId returned 0xffffffff
11-17 18:26:14.545  4624  4833 I NcDftChip: NcChipDftEvent receive:NcChipDftEvent{Id=910800039, Length=20, Flag=1}
11-17 18:26:14.545  4624  4826 I PgnssNcChipNative: 910800039 changeDataToObj: 20, 18, 0, 0, 1, 0, 0, 0, 0, 1, 0, 0, 33554434
11-17 18:26:14.546  4624  4826 D GnssDftHandler: gnss hal error num is = 910800039
11-17 18:26:14.546  4624  4826 D GnssChrFwkErrManager: not match to upload msg to imonitor, just return!id = 910800039
11-17 18:26:14.547  2220  2286 W HIGNSS  : HISUPL:CheckSessionFinished: CheckSessionFinished cp1:1 cp2:1 supl:1
11-17 18:26:14.548  4624  4827 I GnssDataBaseManager: makeSuplInfoValues: start
11-17 18:26:14.550  2010  2804 I chatty  : uid=1000(system) HwBinder:2010_3 expire 30 lines
11-17 18:26:14.552  4624  4827 I GnssDataBaseManager: check If server database exist, record Count = 1
11-17 18:26:14.552  4624  4827 I GnssSuplStatisticsCounter: reset gnss supl counter.
11-17 18:26:14.654  2220  2286 W HIGNSS  : AGNSSMGR:dlclose agnss so success!!!
11-17 18:26:15.118  4667  4954 E BoosterUtil: convertSubIdToSlotId failed, subId:0, slotId:-1
11-17 18:26:15.118  4667  4954 E BoosterUtil: getDefaultDataSlotId failed, invalid slotId:-1, subId:0
11-17 18:26:15.120  2010  3970 I chatty  : uid=1000(system) wifipro_feature expire 65 lines
11-17 18:26:15.514  2220  2220 W HIGNSS  : LS:[LSQ_SOLUTION] satellite num: 0 < 4
11-17 18:26:15.515  2220  2220 W HIGNSS  : CHR:[TCXO-BIAS-CHANGE] time: 1, cnt: 1, valid: 0, freq_bias:0.000000, tempr:0.000000, sats_num: 0, qop: 0
11-17 18:26:15.518  2220  2220 W HIGNSS  : FUS:fusion results invalid, flag = 0!
11-17 18:26:15.519  2220  2220 W HIGNSS  : PE_CDPP:[NORMAL]location check failed, cdpp can not be done!
11-17 18:26:15.520  2220  2220 W HIGNSS  : PE_MSA:[MSA_SELECT]the num of sat can be reported is less than 4, report all valid data!
11-17 18:26:15.520  2220  2220 W HIGNSS  : PE_MSA:[MSA-DOPPLER]No location and no acq data, not do doppler consistence!
11-17 18:26:15.520  2220  2220 W HIGNSS  : PE_MSA:[MSA-REPORT] no gnss msr data to be report!
11-17 18:26:15.521  2220  2287 W HIGNSS  : CTL:can't find dst, 0x11110021
11-17 18:26:15.525  2220  2220 W HIGNSS  : PE_MGR:[RC]: Failed to calibrate clock, since refclk isn't enabled and request sync pulse failed!
11-17 18:26:15.528  2010  2653 I PowerManagerService: handleSandman: wakefulness: 1,startDreaming: false
11-17 18:26:15.963  4599  6890 I HwNaturalBase: [CommonHandler]: Will close dsCollectEncrypt as not used in 40000 ms
11-17 18:26:15.967  4599  6890 W SQLiteConnection: nb.srv use mem 682624
11-17 18:26:15.973  4599  6890 W SQLiteConnection: nb.srv use mem 416288
11-17 18:26:15.974  4599  6890 I HwNaturalBase: [CommonHandler]: DataManager-0: DbEngine for dsCollectEncrypt is closed.
11-17 18:26:16.033  4599  6890 I awei.HwOPServe: Explicit concurrent copying GC freed 23783(935KB) AllocSpace objects, 1(20KB) LOS objects, 68% free, 2855KB/8999KB, paused 286us total 59.514ms
11-17 18:26:15.535  2010  2653 I PowerManagerService: handleSandman: wakefulness: 1,startDreaming: false
11-17 18:26:16.141  4667  4954 E BoosterUtil: convertSubIdToSlotId failed, subId:0, slotId:-1
11-17 18:26:16.141  4667  4954 E BoosterUtil: getDefaultDataSlotId failed, invalid slotId:-1, subId:0
11-17 18:26:16.287  4624  4833 I NcDftChip: NcChipDftEvent receive:NcChipDftEvent{Id=909009521, Length=464, Flag=0}
11-17 18:26:16.287  4624  4826 I HotspotComponent: handleChipEvent
11-17 18:26:16.368  2010  6469 D HwConnectivityServiceEx: set 10238 wlan0 value false
11-17 18:26:16.512  2220  2220 W HIGNSS  : LS:[LSQ_SOLUTION] satellite num: 0 < 4
11-17 18:26:16.513  2220  2220 W HIGNSS  : CHR:[TCXO-BIAS-CHANGE] time: 2, cnt: 2, valid: 0, freq_bias:0.000000, tempr:0.000000, sats_num: 0, qop: 0
11-17 18:26:16.515  2220  2220 W HIGNSS  : FUS:fusion results invalid, flag = 0!
11-17 18:26:16.516  2220  2220 W HIGNSS  : PE_CDPP:[NORMAL]location check failed, cdpp can not be done!
11-17 18:26:16.517  2220  2220 W HIGNSS  : PE_MSA:[MSA_SELECT]the num of sat can be reported is less than 4, report all valid data!
11-17 18:26:16.517  2220  2220 W HIGNSS  : PE_MSA:[MSA-DOPPLER]No location and no acq data, not do doppler consistence!
11-17 18:26:16.517  2220  2220 W HIGNSS  : PE_MSA:[MSA-REPORT] no gnss msr data to be report!
11-17 18:26:16.519  2220  2287 W HIGNSS  : CTL:can't find dst, 0x11110021
11-17 18:26:16.522  2010  2653 I PowerManagerService: handleSandman: wakefulness: 1,startDreaming: false
11-17 18:26:16.561  6950 28651 I CAWARENESS_AnrRestartUtil: isUsbConnected = true
11-17 18:26:16.561  6950 28651 I CAWARENESS_ServiceMonitor: release memory
11-17 18:26:16.580  6950 28651 I i.engineservic: Explicit concurrent copying GC freed 4370(384KB) AllocSpace objects, 0(0B) LOS objects, 76% free, 1914KB/8058KB, paused 56us total 19.316ms
11-17 18:26:16.580  6950 28651 I CAWARENESS_ServiceMonitor: memory(kB) static totalPss=20879, dalvikPss=1765, nativePss=5050
11-17 18:26:16.524  2010  2653 I PowerManagerService: handleSandman: wakefulness: 1,startDreaming: false
11-17 18:26:17.166  4667  4954 E BoosterUtil: convertSubIdToSlotId failed, subId:0, slotId:-1
11-17 18:26:17.166  4667  4954 E BoosterUtil: getDefaultDataSlotId failed, invalid slotId:-1, subId:0
11-17 18:26:17.513  2220  2220 W HIGNSS  : LS:[LSQ_SOLUTION] satellite num: 0 < 4
11-17 18:26:17.514  2220  2220 W HIGNSS  : CHR:[TCXO-BIAS-CHANGE] time: 3, cnt: 3, valid: 0, freq_bias:0.000000, tempr:0.000000, sats_num: 0, qop: 0
11-17 18:26:17.515  2220  2220 W HIGNSS  : FUS:fusion results invalid, flag = 0!
11-17 18:26:17.516  2220  2220 W HIGNSS  : PE_CDPP:[NORMAL]location check failed, cdpp can not be done!
11-17 18:26:17.517  2220  2220 W HIGNSS  : PE_MSA:[MSA_SELECT]the num of sat can be reported is less than 4, report all valid data!
11-17 18:26:17.517  2220  2220 W HIGNSS  : PE_MSA:[MSA-DOPPLER]No location and no acq data, not do doppler consistence!
11-17 18:26:17.517  2220  2220 W HIGNSS  : PE_MSA:[MSA-REPORT] no gnss msr data to be report!
11-17 18:26:17.519  2220  2287 W HIGNSS  : CTL:can't find dst, 0x11110021
11-17 18:26:17.522  2010  2653 I PowerManagerService: handleSandman: wakefulness: 1,startDreaming: false
11-17 18:26:17.967  2010  3879 I chatty  : uid=1000(system) WifiService expire 86 lines
11-17 18:26:17.524  2010  2653 I PowerManagerService: handleSandman: wakefulness: 1,startDreaming: false
11-17 18:26:18.190  4667  4954 E BoosterUtil: convertSubIdToSlotId failed, subId:0, slotId:-1
11-17 18:26:18.190  4667  4954 E BoosterUtil: getDefaultDataSlotId failed, invalid slotId:-1, subId:0
11-17 18:26:18.374  2010 11971 D HwConnectivityServiceEx: set 1000 wlan0 value false
11-17 18:26:18.512  2220  2220 W HIGNSS  : LS:[LSQ_SOLUTION] satellite num: 0 < 4
11-17 18:26:18.514  2220  2220 W HIGNSS  : CHR:[TCXO-BIAS-CHANGE] time: 4, cnt: 4, valid: 0, freq_bias:0.000000, tempr:0.000000, sats_num: 0, qop: 0
11-17 18:26:18.515  2220  2220 W HIGNSS  : FUS:fusion results invalid, flag = 0!
11-17 18:26:18.516  2220  2220 W HIGNSS  : PE_CDPP:[NORMAL]location check failed, cdpp can not be done!
11-17 18:26:18.517  2220  2220 W HIGNSS  : PE_MSA:[MSA_SELECT]the num of sat can be reported is less than 4, report all valid data!
11-17 18:26:18.517  2220  2220 W HIGNSS  : PE_MSA:[MSA-DOPPLER]No location and no acq data, not do doppler consistence!
11-17 18:26:18.517  2220  2220 W HIGNSS  : PE_MSA:[MSA-REPORT] no gnss msr data to be report!
11-17 18:26:18.519  2220  2287 W HIGNSS  : CTL:can't find dst, 0x11110021
11-17 18:26:18.526  2010  2653 I PowerManagerService: handleSandman: wakefulness: 1,startDreaming: false
11-17 18:26:18.741  1059 18693 I chatty  : uid=1000(system) /vendor/bin/hiaiserver expire 40 lines
11-17 18:26:18.743  6950 18691 I swingclient: IgsListenerProxy::onIgsEventDoneV2
11-17 18:26:18.743  6950 18691 D HWSWINGCA: -----onSwingEventDone----
11-17 18:26:18.743  6950 18691 I CAWARENESS_SwingManager: onSwingEventDone eventId = 5 eventStr=faceDirection:0
11-17 18:26:18.744  6950 18691 I CAWARENESS_AbilityContext: [1668680779577] publishing {dataId=100000093, mode=0}
11-17 18:26:18.744  6950 18689 I CAWARENESS_SwingManager: handleMessage msg:2
11-17 18:26:18.744  6950 18691 I CAWARENESS_AbilityContext: [1668680779577] deliver {dataId=100000093, mode=0} to 1 receivers
11-17 18:26:18.745  6950 18691 I swingclient: IgsListenerProxy::onIgsEventDone eventId = 5
11-17 18:26:18.746  6950 28652 I CAWARENESS_CompatibleFenceTrigger: fenceName 13 pid 2010 uid 1000
11-17 18:26:18.746  6950 28652 I CAWARENESS_CacheReportDataService: insertData
11-17 18:26:18.746  6950  7857 I CAWARENESS_CompatibleFenceTrigger: triggerForSwing with IAwarenessListener
11-17 18:26:18.531  2010  2653 I PowerManagerService: handleSandman: wakefulness: 1,startDreaming: false
11-17 18:26:18.747  2010  6469 I HwSwingFaceRotationHub: handleFenceResult FaceDirection 0
11-17 18:26:18.747  2010  2620 D HwWindowManagerServiceEx: notifySwingRotation rotation:0
11-17 18:26:18.748  2010  2620 I HwDisplayRotationEx: swingRotationForSensor desireRotation 0 swingRotation 0 sensorRotation -1 lastRotation 0
11-17 18:26:18.749  2010  2620 I HwWindowManagerServiceEx: setLandAnimationInfo : false
11-17 18:26:18.749  6950 28653 I CAWARENESS_AwarenessSQLiteDatabase: insert recId is 40330
11-17 18:26:18.750  6950 28653 I CAWARENESS_CacheReportDataService: Current count 64
11-17 18:26:18.894   681   681 I netd    : trafficSwapActiveStatsMap() <1.37ms>
11-17 18:26:19.033  6950 18691 I swingclient: IgsListenerProxy::onIgsEventDoneV2
11-17 18:26:19.033  6950 18691 D HWSWINGCA: -----onSwingEventDone----
11-17 18:26:19.033  6950 18691 I CAWARENESS_SwingManager: onSwingEventDone eventId = 5 eventStr=faceDirection:-2
11-17 18:26:19.034  6950 18691 I CAWARENESS_AbilityContext: [1668680779866] publishing {dataId=100000093, mode=0}
11-17 18:26:19.034  6950 18691 I CAWARENESS_AbilityContext: [1668680779866] deliver {dataId=100000093, mode=0} to 1 receivers
11-17 18:26:19.035  6950 18691 I swingclient: IgsListenerProxy::onIgsEventDone eventId = 5
11-17 18:26:19.036  6950 28654 I CAWARENESS_CompatibleFenceTrigger: fenceName 13 pid 2010 uid 1000
11-17 18:26:19.036  6950 28654 I CAWARENESS_CacheReportDataService: insertData
11-17 18:26:19.036  6950  7857 I CAWARENESS_CompatibleFenceTrigger: triggerForSwing with IAwarenessListener
11-17 18:26:19.036  2010  4214 I HwSwingFaceRotationHub: handleFenceResult FaceDirection -2
11-17 18:26:19.037  2010  2620 D HwWindowManagerServiceEx: notifySwingRotation rotation:-2
11-17 18:26:19.038  2010  2620 I HwDisplayRotationEx: swingRotationForSensor desireRotation 0 swingRotation -2 sensorRotation -1 lastRotation 0
11-17 18:26:19.038  2010  2620 I HwWindowManagerServiceEx: setLandAnimationInfo : false
11-17 18:26:19.039  6950 28655 I CAWARENESS_AwarenessSQLiteDatabase: insert recId is 40331
11-17 18:26:19.040  6950 28655 I CAWARENESS_CacheReportDataService: Current count 65
11-17 18:26:19.095  2010  4214 D HwConnectivityServiceEx: set 10238 wlan0 value false
11-17 18:26:19.107  2010  6469 V ActivityManager: Successfully start provider ContentProviderRecord{13a87b0 u0 cn.missevan/com.umeng.message.component.UmengMessageProvider} launchingApp=null caller pid= 27541
11-17 18:26:19.127  2010  6469 I JobScheduler: pending queue: 1 jobs.
11-17 18:26:19.128  2010  6469 I JobScheduler: About to run job on context 0, job: JobStatus{12d9e26 #u0a238/21000 cn.missevan/com.umeng.message.component.UmengMessageHandlerService u=0 s=10238 TIME=none:-1ms READY}
11-17 18:26:19.136  2010  2010 I JobServiceContext: APP response begin time, startJob due to preemption. jobid:21000
11-17 18:26:19.136  2010  2653 I PowerManagerService: handleSandman: wakefulness: 1,startDreaming: false
11-17 18:26:19.136  2010  2647 D ActivityManager: setPrivilegeType r: ServiceRecord{108dfc9 u0 cn.missevan/com.umeng.message.component.UmengMessageHandlerService}, interfaceDescriptor : android.app.job.IJobService
11-17 18:26:19.138  2010  6469 I JobServiceContext: APP response end time startJob.
11-17 18:26:19.137 20109 20278 D MemoryCeilingMonitor: [handleMemoryCalculate]
11-17 18:26:19.138 20109 20278 D MemoryCeilingMonitor: [calculate] tot: 4054120, max: 402653184, free: 1306864, heap: 2747256, per: 0.0068228840827941895
11-17 18:26:19.146  2010  2653 I PowerManagerService: handleSandman: wakefulness: 1,startDreaming: false
11-17 18:26:19.148   681  1277 W /system/bin/netd: A binder object at 0x7df992ff80 is being transacted on, however, this object is in the same process as its proxy. Transacting with this binder is expensive compared to just calling the corresponding functionality in the same process.
11-17 18:26:19.148   681  1277 I PreDnsController: CanPreDnsQuery,persist.sys.predns is false!
11-17 18:26:19.148  2010  6469 I JobScheduler: APP response end time, Completed JobStatus{12d9e26 #u0a238/21000 cn.missevan/com.umeng.message.component.UmengMessageHandlerService u=0 s=10238 TIME=none:-21ms READY}, reschedule=false
11-17 18:26:19.168   681  1277 W /system/bin/netd: A binder object at 0x7df992ff80 is being transacted on, however, this object is in the same process as its proxy. Transacting with this binder is expensive compared to just calling the corresponding functionality in the same process.
11-17 18:26:19.168   681  1277 I PreDnsController: CanPreDnsQuery,persist.sys.predns is false!
11-17 18:26:19.212  4667  4954 E BoosterUtil: convertSubIdToSlotId failed, subId:0, slotId:-1
11-17 18:26:19.212  4667  4954 E BoosterUtil: getDefaultDataSlotId failed, invalid slotId:-1, subId:0
11-17 18:26:19.295  1021  1062 E bastetd : [ProxySocket    ] NotifySocketErrState# No record found by comm prop, state=196619
11-17 18:26:19.431  2010  6469 I JobScheduler: pending queue: 1 jobs.
11-17 18:26:19.431  2010  6469 I JobScheduler: About to run job on context 0, job: JobStatus{12d9eb7 #u0a238/21000 cn.missevan/com.umeng.message.component.UmengMessageHandlerService u=0 s=10238 TIME=none:-1ms READY}
11-17 18:26:19.490  2010  2647 D ActivityManager: setPrivilegeType r: ServiceRecord{108df89 u0 cn.missevan/com.umeng.message.component.UmengMessageHandlerService}, interfaceDescriptor : android.app.job.IJobService
11-17 18:26:19.490  2010  2010 I JobServiceContext: APP response begin time, startJob due to preemption. jobid:21000
11-17 18:26:19.490  2010  2653 I PowerManagerService: handleSandman: wakefulness: 1,startDreaming: false
11-17 18:26:19.491  2010  4214 I JobServiceContext: APP response end time startJob.
11-17 18:26:19.492  2010  2640 I AlarmManager: remove alarm:Alarm{14f5b5f type 1 when 1668681079141 PendingIntent{fbd7bd: PendingIntentRecord{12a688d cn.missevan startService}}cn.missevan procName cn.missevan} according to operation:fbd7bd
11-17 18:26:19.494  2010  2640 D SmartHeartBeat: isPendingAlarm, false, pkg:com.android.deskclock, action:com.android.deskclock.ALARM_ALERT,not pending alarm with AlarmClockInfo
11-17 18:26:19.511  2220  2220 W HIGNSS  : LS:[LSQ_SOLUTION] satellite num: 0 < 4
11-17 18:26:19.512  2220  2220 W HIGNSS  : CHR:[TCXO-BIAS-CHANGE] time: 5, cnt: 5, valid: 0, freq_bias:0.000000, tempr:0.000000, sats_num: 0, qop: 0
11-17 18:26:19.513  2220  2220 W HIGNSS  : FUS:fusion results invalid, flag = 0!
11-17 18:26:19.514  2220  2220 W HIGNSS  : PE_CDPP:[NORMAL]location check failed, cdpp can not be done!
11-17 18:26:19.514  2220  2220 W HIGNSS  : PE_MSA:[MSA_SELECT]the num of sat can be reported is less than 4, report all valid data!
11-17 18:26:19.515  2220  2220 W HIGNSS  : PE_MSA:[MSA-DOPPLER]No location and no acq data, not do doppler consistence!
11-17 18:26:19.515  2220  2220 W HIGNSS  : PE_MSA:[MSA-REPORT] no gnss msr data to be report!
11-17 18:26:19.515 26816 28660 I NotificationManager: cn.missevan: cancel(572213714)
11-17 18:26:19.516  2220  2287 W HIGNSS  : CTL:can't find dst, 0x11110021
11-17 18:26:19.516  2010  2010 I NotificationService: cancelNotificationLocked called,tell the app,reason = 8,sbn key = 0|cn.missevan|572213714|um|10238
11-17 18:26:19.524  2010  2653 I PowerManagerService: handleSandman: wakefulness: 1,startDreaming: false
11-17 18:26:19.524  2010  4214 I NotificationService: enqueueNotificationInternal: pkg=cn.missevan id=572213719 notification=Notification(channel=upush_default pri=0 contentView=null vibrate=default sound=default tick defaults=0x7 flags=0x10 color=0x00000000 vis=PRIVATE)
11-17 18:26:19.526  2010  4214 I NotificationService: enqueueNotificationInternal Channel Info : pkg=cn.missevan id=572213719 importance =3
11-17 18:26:19.528    48    48 W migration/6: type=1400 audit(0.0:102401): avc: granted { setsched } for pid=48 scontext=u:r:kernel:s0 tcontext=u:r:kernel:s0 tclass=process
11-17 18:26:19.530  2010  2653 I PowerManagerService: handleSandman: wakefulness: 1,startDreaming: false
11-17 18:26:19.536  4297  4981 I AppManager: app:cn.missevan Notification update time:573905231
11-17 18:26:19.538  2010  2653 I PowerManagerService: handleSandman: wakefulness: 1,startDreaming: false
11-17 18:26:19.539  2010  6390 I JobScheduler: APP response end time, Completed JobStatus{12d9eb7 #u0a238/21000 cn.missevan/com.umeng.message.component.UmengMessageHandlerService u=0 s=10238 TIME=none:-108ms READY}, reschedule=false
11-17 18:26:19.536  4297  4981 I chatty  : uid=1000(system) core identical 2 lines
11-17 18:26:19.537  4297  4981 I AppManager: app:cn.missevan Notification update time:573905231
11-17 18:26:19.546  4088  4088 I NotificationListener: onNotificationRemoved: StatusBarNotification(pkg=cn.missevan user=UserHandle{0} id=572213714 tag=um key=0|cn.missevan|572213714|um|10238: Notification(channel=upush_default pri=0 contentView=null vibrate=default sound=default tick defaults=0x7 flags=0x10 color=0x00000000 vis=PRIVATE))
11-17 18:26:19.548    54    54 W migration/7: type=1400 audit(0.0:102402): avc: granted { setsched } for pid=54 scontext=u:r:kernel:s0 tcontext=u:r:kernel:s0 tclass=process
11-17 18:26:19.551   681  1281 I         : ApiCount[0, 0, 0, 200, 0, 0, 0, 4, 0, 0, 384, 588, 0, 38, 14, 0, 45, 0, 6666, 13777]
11-17 18:26:19.551  2010  2010 I ZenLog  : intercepted: 0|cn.missevan|572213719|um|10238,!priority
11-17 18:26:19.555  2010  6390 I JobScheduler: CANCEL: 12d9e09 #u0a238/2050 cn.missevan/com.taobao.accs.internal.AccsJobService, reason:cancel() called by app, callingUid=10238 uid=10238 jobId=2050
11-17 18:26:19.556  4088  4088 I NotificationViewHierarchyManager: updateNotificationViews activeNotificationSize=64
11-17 18:26:19.557  4088  4088 D PluginInstanceManager: stopListening
11-17 18:26:19.560  2010  6390 D SmartHeartBeat: isPendingAlarm, false, pkg:com.android.deskclock, action:com.android.deskclock.ALARM_ALERT,not pending alarm with AlarmClockInfo
11-17 18:26:19.561  2010  6390 I JobScheduler.Time: realNextDelayExpiredElapsedMillis: 574281129 mNextDelayExpiredElapsedMillis:574281129
11-17 18:26:19.561  2010  2010 I HwNotificationService: isHwSoundAllow pkg=cn.missevan, channelId=upush_default, userId=0, soundVibrate=1
11-17 18:26:19.562   765  8801 I APM::AudioPolicyEngine: ignore device 8000 from 11003
11-17 18:26:19.562   765  8801 I APM_AudioPolicyManager: getOutputsForDevices, openOutputs size is 2, outputs size is 2
11-17 18:26:19.562  2010  2010 V HwNotificationService: isHwVibrateAllow pkg=cn.missevan, channelId=upush_default, userId=0, isVibrateEnable=false
11-17 18:26:19.562  2010  2010 I NotificationService: buzzBeepBlinkLocked hasValidSound=true,hasValidVibrate=false,vibration=[0, 100, 150, 100],key=0|cn.missevan|572213719|um|10238
11-17 18:26:19.562  2010  2010 I NotificationService: muting noisy, suppressed due to DND :0|cn.missevan|572213719|um|10238
11-17 18:26:19.566  2010  6390 D SmartHeartBeat: isPendingAlarm, false, pkg:com.android.deskclock, action:com.android.deskclock.ALARM_ALERT,not pending alarm with AlarmClockInfo
11-17 18:26:19.567  4297  4981 I AppManager: app:cn.missevan Notification update time:573905262
11-17 18:26:19.571  2010  6390 I JobScheduler.Time: realNextJobExpiredElapsedMillis: 575181129mNextJobExpiredElapsedMillis575181129
11-17 18:26:19.572  2010  6392 I JobScheduler.Time: Add job to TimeTracking: 12d9e09 #u0a238/2050 cn.missevan/com.taobao.accs.internal.AccsJobService, delayTime:574175266, deadlineTime:574175266
11-17 18:26:19.576  2010  6392 D SmartHeartBeat: isPendingAlarm, false, pkg:com.android.deskclock, action:com.android.deskclock.ALARM_ALERT,not pending alarm with AlarmClockInfo
11-17 18:26:19.578  2010  6392 I JobScheduler.Time: realNextJobExpiredElapsedMillis: 574175266mNextJobExpiredElapsedMillis574175266
11-17 18:26:19.578  4088  4088 I NotificationListener: onNotificationPosted: StatusBarNotification(pkg=cn.missevan user=UserHandle{0} id=572213719 tag=um key=0|cn.missevan|572213719|um|10238: Notification(channel=upush_default pri=0 contentView=null vibrate=default sound=default tick defaults=0x7 flags=0x10 color=0x00000000 vis=PRIVATE)) important=3, post=1668680779526, when=1668680779496,showWhen=true, vis=0, userid=0, hasFullScreenIntent=false,style=null
11-17 18:26:19.580  2010  6392 D SmartHeartBeat: isPendingAlarm, false, pkg:com.android.deskclock, action:com.android.deskclock.ALARM_ALERT,not pending alarm with AlarmClockInfo
11-17 18:26:19.581  2010  6392 I JobScheduler.Time: realNextDelayExpiredElapsedMillis: 574175266 mNextDelayExpiredElapsedMillis:574175266
11-17 18:26:19.592  2010  6392 I JobScheduler: CANCEL: 12d9e09 #u0a238/2050 cn.missevan/com.taobao.accs.internal.AccsJobService, reason:cancel() called by app, callingUid=10238 uid=10238 jobId=2050
11-17 18:26:19.598  2010  6392 D SmartHeartBeat: isPendingAlarm, false, pkg:com.android.deskclock, action:com.android.deskclock.ALARM_ALERT,not pending alarm with AlarmClockInfo
11-17 18:26:19.599  2010  6392 I JobScheduler.Time: realNextDelayExpiredElapsedMillis: 574281129 mNextDelayExpiredElapsedMillis:574281129
11-17 18:26:19.603  2010  6392 D SmartHeartBeat: isPendingAlarm, false, pkg:com.android.deskclock, action:com.android.deskclock.ALARM_ALERT,not pending alarm with AlarmClockInfo
11-17 18:26:19.603  4088  4088 I NotificationListener: onRankingUpdate
11-17 18:26:19.603  2010  6392 I JobScheduler.Time: realNextJobExpiredElapsedMillis: 575181129mNextJobExpiredElapsedMillis575181129
11-17 18:26:19.606  2010  6392 I JobScheduler.Time: Add job to TimeTracking: 12d9f48 #u0a238/2050 cn.missevan/com.taobao.accs.internal.AccsJobService, delayTime:574175300, deadlineTime:574175300
11-17 18:26:19.606  4088  4088 I NotificationViewHierarchyManager: updateNotificationViews activeNotificationSize=64
11-17 18:26:19.609  2010  6392 D SmartHeartBeat: isPendingAlarm, false, pkg:com.android.deskclock, action:com.android.deskclock.ALARM_ALERT,not pending alarm with AlarmClockInfo
11-17 18:26:19.610  2010  6392 I JobScheduler.Time: realNextJobExpiredElapsedMillis: 574175300mNextJobExpiredElapsedMillis574175300
11-17 18:26:19.613  2010  6392 D SmartHeartBeat: isPendingAlarm, false, pkg:com.android.deskclock, action:com.android.deskclock.ALARM_ALERT,not pending alarm with AlarmClockInfo
11-17 18:26:19.614  2010  6392 I JobScheduler.Time: realNextDelayExpiredElapsedMillis: 574175300 mNextDelayExpiredElapsedMillis:574175300
11-17 18:26:19.626  4088  4088 I NotificationViewHierarchyManager: updateNotificationViews activeNotificationSize=65
11-17 18:26:19.627  4088  4088 D PluginInstanceManager: startListening
11-17 18:26:19.627  4088  4384 D PluginInstanceManager: queryAll com.android.systemui.action.PLUGIN_NOTIFICATION_MENU_ROW
11-17 18:26:19.628  4088  4384 D PluginInstanceManager: Found 0 plugins
11-17 18:26:19.631  4088  4088 D PluginInstanceManager: stopListening
11-17 18:26:19.632  4088  4088 D PluginInstanceManager: stopListening
11-17 18:26:19.633  4088  4088 D PluginInstanceManager: startListening
11-17 18:26:19.633  4088  4384 D PluginInstanceManager: queryAll com.android.systemui.action.PLUGIN_NOTIFICATION_MENU_ROW
11-17 18:26:19.633  4088  4384 D PluginInstanceManager: Found 0 plugins
11-17 18:26:19.634  4088  4088 D PluginInstanceManager: startListening
11-17 18:26:19.634  4088  4384 D PluginInstanceManager: queryAll com.android.systemui.action.PLUGIN_NOTIFICATION_MENU_ROW
11-17 18:26:19.634  4088  4384 D PluginInstanceManager: Found 0 plugins
11-17 18:26:19.634  4088  4088 D PluginInstanceManager: startListening
11-17 18:26:19.634  4088  4384 D PluginInstanceManager: queryAll com.android.systemui.action.PLUGIN_NOTIFICATION_MENU_ROW
11-17 18:26:19.634  4088  4384 D PluginInstanceManager: Found 0 plugins
11-17 18:26:19.634  4088  4088 D PluginInstanceManager: startListening
11-17 18:26:19.635  4088  4384 D PluginInstanceManager: queryAll com.android.systemui.action.PLUGIN_NOTIFICATION_MENU_ROW
11-17 18:26:19.635  4088  4088 D PluginInstanceManager: startListening
11-17 18:26:19.635  4088  4384 D PluginInstanceManager: Found 0 plugins
11-17 18:26:19.635  4088  4384 D PluginInstanceManager: queryAll com.android.systemui.action.PLUGIN_NOTIFICATION_MENU_ROW
11-17 18:26:19.635  4088  4088 D PluginInstanceManager: startListening
11-17 18:26:19.635  4088  4384 D PluginInstanceManager: Found 0 plugins
11-17 18:26:19.635  4088  4384 D PluginInstanceManager: queryAll com.android.systemui.action.PLUGIN_NOTIFICATION_MENU_ROW
11-17 18:26:19.636  4088  4384 D PluginInstanceManager: Found 0 plugins
11-17 18:26:19.645  4088  4088 W View    : requestLayout() improperly called by huawei.android.widget.ImageView{e87052f I.ED..... ......ID 0,0-1080,2 #7f0a02d8 app:id/hw_notification_more_divider} during layout: running second layout pass
11-17 18:26:19.714  4667 15919 I chatty  : uid=1000(system) Thread-1981 expire 22 lines
11-17 18:26:19.728    54    54 W migration/7: type=1400 audit(0.0:102403): avc: granted { setsched } for pid=54 scontext=u:r:kernel:s0 tcontext=u:r:kernel:s0 tclass=process
11-17 18:26:19.728    48    48 W migration/6: type=1400 audit(0.0:102404): avc: granted { setsched } for pid=48 scontext=u:r:kernel:s0 tcontext=u:r:kernel:s0 tclass=process
11-17 18:26:19.976    48    48 W migration/6: type=1400 audit(0.0:102405): avc: granted { setsched } for pid=48 scontext=u:r:kernel:s0 tcontext=u:r:kernel:s0 tclass=process
11-17 18:26:20.015  2010  2637 I ProcessStatsService: Pruning old procstats: /data/system/procstats/state-2022-11-16-15-20-44.bin
11-17 18:26:20.139  4599  6890 I HwNaturalBase: [CommonHandler]: 34976Kb ram is used.
11-17 18:26:20.180  2010  2781 I ActivityManager: sendIntentSender target:PendingIntentRecord{13ef675 android broadcastIntent}, intent:flg=0x4 hwFlg=0x810
11-17 18:26:20.180  2010  2781 E HwActivityTaskManagerServiceEx: isNeedInterceptStart isNeedInterceptAlarm getPackageUid exception
11-17 18:26:20.186  8708  8708 I PushLog110113300: [main-1]action is com.huawei.push.alarm.HEARTBEAT
11-17 18:26:20.187  2010  2653 I PowerManagerService: handleSandman: wakefulness: 1,startDreaming: false
11-17 18:26:20.187  2010  6390 V BroadcastQueue: Finished with ordered broadcast BroadcastRecord{136dd41 u0 com.huawei.push.alarm.HEARTBEAT}
11-17 18:26:20.190  2010  2653 I PowerManagerService: handleSandman: wakefulness: 1,startDreaming: false
11-17 18:26:20.190  8708  8831 I PushLog110113300: [ReceiverDispatcher-375]heartbeatArrive, send heart beat
11-17 18:26:20.190  8708  8831 I PushLog110113300: [ReceiverDispatcher-375]enter AlarmTools:setExactAlarm(action:com.huawei.android.push.intent.HEARTBEAT_RSP_TIMEOUT interval:10000ms
11-17 18:26:20.190  8708  8831 I PushLog110113300: [ReceiverDispatcher-375]setExactAlarm expectTriggerTime:1668680790190
11-17 18:26:20.200  8708  8831 I PushLog110113300: [ReceiverDispatcher-375] get charging true
11-17 18:26:20.200  8708  8831 I PushLog110113300: [ReceiverDispatcher-375]send msg to server:0x46, subCmdId:0xFF
11-17 18:26:20.205  8708 28668 I PushLog110113300: [IO-pool-892-5038]No exceed campaign msg to display
11-17 18:26:20.196  2010  2653 I PowerManagerService: handleSandman: wakefulness: 1,startDreaming: false
11-17 18:26:20.238  4667  4954 E BoosterUtil: convertSubIdToSlotId failed, subId:0, slotId:-1
11-17 18:26:20.238  4667  4954 E BoosterUtil: getDefaultDataSlotId failed, invalid slotId:-1, subId:0
11-17 18:26:20.243  2010  2653 I PowerManagerService: handleSandman: wakefulness: 1,startDreaming: false
11-17 18:26:20.244  8708  8867 I PushLog110113300: [SocketRead_19:51:28-383]enter cancelAlarm(Action=com.huawei.android.push.intent.RESPONSE_FAIL
11-17 18:26:20.246  8708  8867 I PushLog110113300: [SocketRead_19:51:28-383]msg received from server:0x47, subCmdId:0xFF
11-17 18:26:20.246  8708  8867 I PushLog110113300: [SocketRead_19:51:28-383]enter cancelAlarm(Action=com.huawei.android.push.intent.HEARTBEAT_RSP_TIMEOUT
11-17 18:26:20.247  2010  6469 I AlarmManager: remove alarm:Alarm{14f2b4d type 0 when 1668680790190 PendingIntent{fbd7b9: PendingIntentRecord{116ba51 android broadcastIntent}}android procName com.huawei.android.pushagent.PushService} according to operation:130a315
11-17 18:26:20.250  2010  6469 D SmartHeartBeat: isPendingAlarm, false, pkg:com.android.deskclock, action:com.android.deskclock.ALARM_ALERT,not pending alarm with AlarmClockInfo
11-17 18:26:20.251  8708  8867 I PushLog110113300: [SocketRead_19:51:28-383]enter adjustHeartBeat: findHeartBeat:true,RspTimeOut:false,beatInterval:300000,bestHBSuccessCount:2,range:[180000,300000]
11-17 18:26:20.252  8708  8867 I PushLog110113300: [SocketRead_19:51:28-383]judgeFindBestHB and isBestHBTimeOut: false, isOffset: false
11-17 18:26:20.252  8708  8867 I PushLog110113300: [SocketRead_19:51:28-383] get charging true
11-17 18:26:20.252  8708  8867 I PushLog110113300: [SocketRead_19:51:28-383]after delayHeartBeatReq, is charging, nextHeartBeatTime will be 180000ms later
11-17 18:26:20.252  8708  8867 I PushLog110113300: [SocketRead_19:51:28-383]enter AlarmTools:setExactAlarm(action:com.huawei.push.alarm.HEARTBEAT interval:180000ms
11-17 18:26:20.252  8708  8867 I PushLog110113300: [SocketRead_19:51:28-383]setExactAlarm expectTriggerTime:1668680960252
11-17 18:26:20.257  2010  2653 I PowerManagerService: handleSandman: wakefulness: 1,startDreaming: false
11-17 18:26:20.260  8708  8831 I ent.PushServic: Explicit concurrent copying GC freed 9544(729KB) AllocSpace objects, 8(160KB) LOS objects, 76% free, 1910KB/8054KB, paused 145us total 57.103ms
11-17 18:26:20.260  8708  8831 I PushLog110113300: [ReceiverDispatcher-375]call gc finished.
11-17 18:26:20.514  2220  2220 W HIGNSS  : LS:[LSQ_SOLUTION] satellite num: 0 < 4
