12-22 11:08:03.415 23667 24412 D CCodecBufferChannel: [c2.android.mp3.decoder#709] start: updating output delay 0
12-22 11:08:03.416  1300  2866 I QC2CompStore: Setting heap usage to system
12-22 11:08:03.416 23667 24412 I DMABUFHEAPS: Using DMA-BUF heap named: system
12-22 11:08:03.417  2038 18766 D BufferPoolAccessor2.0: bufferpool2 0xb400007a8cb1c428 : 0(0 size) total buffers - 0(0 size) used buffers - 214/228 (recycle/alloc) - 18/448 (fetch/transfer)
12-22 11:08:03.417 23667 24412 I CCodecBufferChannel: pipelineRoom(3) is <= numClientBuffers(3). Not signalling any more buffers to client
12-22 11:08:03.417  2038 18766 D BufferPoolAccessor2.0: Destruction - bufferpool2 0xb400007a8cb1c428 cached: 0/0M, 0/0% in use; allocs: 228, 94% recycled; transfers: 448, 96% unfetched
12-22 11:08:03.417 23667 24159 W SQLiteLog: (28) double-quoted string literal: "1671678483415"
12-22 11:08:03.418 23667 24159 W SQLiteLog: (28) double-quoted string literal: "0"
12-22 11:08:03.418 23667 24159 W SQLiteLog: (28) double-quoted string literal: ""
12-22 11:08:03.418 23667 24159 W SQLiteLog: (28) double-quoted string literal: ""
12-22 11:08:03.418 23667 24159 W SQLiteLog: (28) double-quoted string literal: ""
12-22 11:08:03.418  2038 18766 D BufferPoolAccessor2.0: bufferpool2 0xb400007a8cb27428 : 0(0 size) total buffers - 0(0 size) used buffers - 73/81 (recycle/alloc) - 8/156 (fetch/transfer)
12-22 11:08:03.418  2038 18766 D BufferPoolAccessor2.0: Destruction - bufferpool2 0xb400007a8cb27428 cached: 0/0M, 0/0% in use; allocs: 81, 90% recycled; transfers: 156, 95% unfetched
12-22 11:08:03.419 23667 23667 D DecorView[MainActivity]: onWindowFocusChanged hasWindowFocus true
12-22 11:08:03.419 23667 23667 I HandWritingStubImpl: refreshLastKeyboardType: 1
12-22 11:08:03.419 23667 23667 I HandWritingStubImpl: getCurrentKeyboardType: 1
12-22 11:08:03.419  1973 24420 D SimpleC2Component: Using output block pool with poolID 472 => got 472 - 0
12-22 11:08:03.424 21839 21839 E BaseInputMethodService: onUnbindInput
12-22 11:08:03.427 21839 21839 E BaseInputMethodService: onBindInput
12-22 11:08:03.430  4496 23505 D BLASTBufferQueue: releaseBufferCallback ReleaseCallbackId: bufferId:19310172967480 framenumber:118718
12-22 11:08:03.431 23667 23667 D CompatibilityChangeReporter: Compat change id reported: 160794467; UID 10269; state: DISABLED
12-22 11:08:03.433 21839 21839 E BaseInputMethodService: onFinishInput
12-22 11:08:03.433 21839 21839 E BaseInputMethodService: onStartInput
12-22 11:08:03.439  4496  6614 D BLASTBufferQueue: releaseBufferCallback ReleaseCallbackId: bufferId:19310172967477 framenumber:118719
12-22 11:08:03.455  4496  6614 D BLASTBufferQueue: releaseBufferCallback ReleaseCallbackId: bufferId:19310172967479 framenumber:118720
12-22 11:08:03.460 23667 23667 I HandWritingStubImpl: isKeyboardTypeChanged: false
12-22 11:08:03.462 23667 23667 I HandWritingStubImpl: isKeyboardTypeChanged: false
12-22 11:08:03.463 23667 23667 I HandWritingStubImpl: getCurrentKeyboardType: 1
12-22 11:08:03.464  4496  6614 D BLASTBufferQueue: releaseBufferCallback ReleaseCallbackId: bufferId:19310172967481 framenumber:118721
12-22 11:08:03.466 24267 24442 E QXPerf  : Couldn't load BLASTBufferQueue Class
12-22 11:08:03.466 24267 24442 E QXPerf  : Couldn't find UndequeuedBufferCount functions
12-22 11:08:03.469  1411  2246 D AudioFlinger: PlaybackThread::ioConfigChanged, thread 0xb40000730b386740, event 0
12-22 11:08:03.470  1411  2273 D AudioFlinger: PlaybackThread::ioConfigChanged, thread 0xb40000725b83ffc0, event 0
12-22 11:08:03.470  1411  2267 D AudioFlinger: PlaybackThread::ioConfigChanged, thread 0xb40000725b79d180, event 0
12-22 11:08:03.471  4496  6614 D BLASTBufferQueue: releaseBufferCallback ReleaseCallbackId: bufferId:19310172967480 framenumber:118722
12-22 11:08:03.472  1411  2289 D AudioFlinger: PlaybackThread::ioConfigChanged, thread 0xb400007255fa7480, event 0
12-22 11:08:03.472  1411  2293 D AudioFlinger: PlaybackThread::ioConfigChanged, thread 0xb400007255ff8d00, event 0
12-22 11:08:03.472  1411  2278 D AudioFlinger: PlaybackThread::ioConfigChanged, thread 0xb40000725b931b80, event 0
12-22 11:08:03.477 23667 24172 W VivoPush.ContextDelegate: (23667)mIsFbeProject = true
12-22 11:08:03.483  2027  3285 D libsensor-displayalgo: the value of  brightness:357.000000,R:77346702.051799,G:69170803.798005,B:54859332.676081,EVENT_C:3366.500000,EVENT_R:1334.500000,EVENT_G:1793.500000,EVENT_B:714.000000
12-22 11:08:03.483  2027  3285 I libsensor-displayalgo: the value of  Coef1:1107.681000,Coef4:2.383000, scale1:0.935522, scale4:0.923264
12-22 11:08:03.483  2027  3285 E libsensor-displayalgo: RGB_test_0407_400_oldzy!
12-22 11:08:03.483  2027  3285 I libsensor-displayalgo: the value of  RESULT2552.576801,1047.660669,1231.580119,441.684418
12-22 11:08:03.483  2027  3285 I libsensor-displayalgo: the value of  getChannelDataCalibrated2662.377633,972.815764,1418.445891,477.854689
12-22 11:08:03.483  2027  3285 I libsensor-displayalgo: the value of  REAL LUX33.938614
12-22 11:08:03.483  2027  3285 I libsensor-displayalgo: the value of  CAL REAL LUX33.938614
12-22 11:08:03.488  4496  6614 D BLASTBufferQueue: releaseBufferCallback ReleaseCallbackId: bufferId:19310172967477 framenumber:118723
12-22 11:08:03.490  6526  6526 W PushService: [Tid:2] [XMPushService] onStart() with intent.Action = null, chid = null, pkg = null|cn.missevan
12-22 11:08:03.501 23667 24159 W SQLiteLog: (28) double-quoted string literal: "B28D232809B72600B1DD1079F82737F4"
12-22 11:08:03.504  4496  6614 D BLASTBufferQueue: releaseBufferCallback ReleaseCallbackId: bufferId:19310172967479 framenumber:118724
12-22 11:08:03.508 23667 24454 D VivoPush.PushClientThread: (23667)PushClientThread-handleMessage, task = c{InitCommand}
12-22 11:08:03.512  4496  6614 D BLASTBufferQueue: releaseBufferCallback ReleaseCallbackId: bufferId:19310172967481 framenumber:118725
12-22 11:08:03.514  6526  6526 W PushService: [Tid:2] [XMPushService] onStart() with intent.Action = com.xiaomi.mipush.CLEAR_NOTIFICATION, chid = null, pkg = cn.missevan|cn.missevan
12-22 11:08:03.514  6526  6962 W PushService: [Tid:67] [Job] Handle intent action = com.xiaomi.mipush.CLEAR_NOTIFICATION
12-22 11:08:03.515 23667 24159 W SQLiteLog: (28) double-quoted string literal: "B28D232809B72600B1DD1079F82737F4"
12-22 11:08:03.515 23667 24159 W SQLiteLog: (28) double-quoted string literal: ""
12-22 11:08:03.516 23667 24159 W SQLiteLog: (28) double-quoted string literal: "B28D232809B72600B1DD1079F82737F4"
12-22 11:08:03.516 23667 24159 W SQLiteLog: (28) double-quoted string literal: "-1"
12-22 11:08:03.517 23667 24172 E ActivityThread: Failed to find provider info for com.vivo.push.sdk.service.SystemPushConfig
12-22 11:08:03.517 23667 24172 E VivoPush.PushPackageUtils: (23667)cursor is null
12-22 11:08:03.517 23667 24172 E VivoPush.Utility: (23667)systemPushPkgName is null
12-22 11:08:03.518  1251  2448 I vendor.qti.hardware.display.composer-service: FrameNotifyProcess Sensor: notify citsensorservice to trigger cwb
12-22 11:08:03.519  2027  2027 I libcitsensorservice@2.0-impl: msg_transfer
12-22 11:08:03.519  2027  3266 D vendor.xiaomi.sensor.citsensorservice@2.0-service: handle id:10 wxh:1280x2400 uwxuh:1080x2400 size: 9216000 fd:15 fd_meta:16 flags:0x4000228 usage:0x33  format:0x3 layer_count: 1
12-22 11:08:03.519  1251  2215 I SDM     : HWCSession::SetCWBOutputBuffer: CWB config passed by cwb_client : tappoint 1  CWB_ROI : (829.000000 4.000000 915.000000 90.000000)
12-22 11:08:03.522  1251 24461 I SDM     : HWCSession::ProcessRequests: Successfully configured CWB buffer.
12-22 11:08:03.528  4496  6614 D BLASTBufferQueue: releaseBufferCallback ReleaseCallbackId: bufferId:19310172967480 framenumber:118726
12-22 11:08:03.529  1251 24461 I SDM     : HWCSession::ProcessRequests: Pushing release fence in fenece wait queue.
12-22 11:08:03.529  1251 24461 I SDM     : HWCSession::ProcessRequests: Creating AsyncFenceWaits async thread.
12-22 11:08:03.530  1251 24461 I SDM     : HWCSession::ProcessRequests: Remove current CWB request from the pending request queue.
12-22 11:08:03.530  1251 24461 I SDM     : HWCSession::ProcessRequests: No pending cwb requests found in the queue.
12-22 11:08:03.534  1251  1467 I SDM     : HWDeviceDRM::SetupConcurrentWriteback: Tear down the Concurrent Writeback topology
12-22 11:08:03.543 24267 24430 W chromium: [1222/110803.543112:WARNING:httpdns_adapter.cc(290)] HttpDns init
12-22 11:08:03.544  1251 24464 I SDM     : HWCSession::NotifyCWBStatus: Notify the client about buffer status 0.
12-22 11:08:03.545  1251 24464 I SDM     : HWCSession::PerformFenceWaits: Remove current release fence from the pending fence wait queue.
12-22 11:08:03.545  1251 24464 I SDM     : HWCSession::PerformFenceWaits: CWB fence queue is empty. No pending release fence to wait on.
12-22 11:08:03.546 23667 24170 I DrmHal  : found instance=clearkey version=android.hardware.drm@1.4::IDrmFactory
12-22 11:08:03.546  6526  6526 W PushService: [Tid:2] [XMPushService] onStart() with intent.Action = com.xiaomi.mipush.REGISTER_APP, chid = null, pkg = null|cn.missevan
12-22 11:08:03.547 23667 24170 I DrmHal  : found instance=wfdhdcp version=android.hardware.drm@1.3::IDrmFactory
12-22 11:08:03.547 23667 24170 I DrmHal  : found instance=widevine version=android.hardware.drm@1.4::IDrmFactory
12-22 11:08:03.547  6526  6962 W PushService: [Tid:67] [Job] Handle intent action = com.xiaomi.mipush.REGISTER_APP
12-22 11:08:03.551  6526  6962 W PushService: [Tid:67] [Job] register app
12-22 11:08:03.552  6526  6962 W PushService: [Tid:67] do registration now.
12-22 11:08:03.552  6526  6962 W PushService: [Tid:67] try send mi push message. packagename:cn.missevan action:Registration
12-22 11:08:03.552  6526  6962 D MyLog   : -->log(1): [Tid:67] [Slim] Wrote {cmd=SECMSG;chid=5;len=385}
12-22 11:08:03.552  6526  6962 D MyLog   : -->log(1): [Tid:67] [Slim] 11:08:03 上午 Sent  Blob [SECMSG,5,6AGPk-3914]
12-22 11:08:03.558  2475  4932 D ConnectivityService: requestNetwork for uid/pid:10269/24267 activeRequest: null callbackRequest: 6456 [NetworkRequest [ REQUEST id=6457, [ Capabilities: INTERNET&NOT_RESTRICTED&TRUSTED&NOT_VCN_MANAGED Uid: 10269 RequestorUid: 10269 RequestorPkg: cn.missevan] ]] callback flags: 0 priority: 2147483647
12-22 11:08:03.559  1196  1239 I WVCdm   : [app][cn.missevan] calling virtual Return<void> wvdrm::hardware::drm::V1_4::widevine::WVDrmFactory::createPlugin(const hidl_array<uint8_t, 16> &, const android::hardware::hidl_string &, android::hardware::drm::V1_4::IDrmFactory::createPlugin_cb)
12-22 11:08:03.559  1196  1239 D WVCdm   : Instantiating CDM.
12-22 11:08:03.560  2475  3663 D ConnectivityService: NetReassign [6457 : null → 195]
12-22 11:08:03.564  6526  6526 W PushService: [Tid:2] [XMPushService] onStart() with intent.Action = action_cr_config, chid = null, pkg = null|cn.missevan
12-22 11:08:03.564  1196  1239 D WVCdm   : [cdm_engine.cpp(545):QueryStatus] security_level = Default, query_token = DeviceID
12-22 11:08:03.565  6526  6962 W PushService: [Tid:67] [Job] Handle intent action = action_cr_config
12-22 11:08:03.566  2475  3651 D WifiNetworkFactory: got request NetworkRequest [ REQUEST id=6457, [ Capabilities: INTERNET&NOT_RESTRICTED&TRUSTED&NOT_VCN_MANAGED Uid: 10269 RequestorUid: 10269 RequestorPkg: cn.missevan] ]
12-22 11:08:03.567  2475  3651 D UntrustedWifiNetworkFactory: got request NetworkRequest [ REQUEST id=6457, [ Capabilities: INTERNET&NOT_RESTRICTED&TRUSTED&NOT_VCN_MANAGED Uid: 10269 RequestorUid: 10269 RequestorPkg: cn.missevan] ]
12-22 11:08:03.569  2475  3651 D OemPaidWifiNetworkFactory: got request NetworkRequest [ REQUEST id=6457, [ Capabilities: INTERNET&NOT_RESTRICTED&TRUSTED&NOT_VCN_MANAGED Uid: 10269 RequestorUid: 10269 RequestorPkg: cn.missevan] ]
12-22 11:08:03.570  1196  1239 I WVCdm   : [oemcrypto_adapter_dynamic.cpp(834):Initialize] Level 3 Build Info (v16): OEMCrypto Level3 Code 22594 May 28 2021 16:59:07
12-22 11:08:03.573  2475  3663 D ConnectivityService: NetReassign [no changes]
12-22 11:08:03.577  1196 24477 I WVCdm   : [(0):] Level3 Library 22594 May 28 2021 16:59:07
12-22 11:08:03.589 24267 24470 I chromium: [1222/110803.589899:INFO:httpdns.cc(234)] OnEffectiveConnectionTypeChanged called by httpdns context networks 5
12-22 11:08:03.592  4496  4892 W RenderInspector: QueueBuffer time out on NavigationBar0, count=1, avg=13 ms, max=13 ms.
12-22 11:08:03.596 23667 23696 I cn.missevan: This is sticky GC, maxfree is 8388608 minfree is 2097152
12-22 11:08:03.596 23667 23696 I cn.missevan: Background young concurrent copying GC freed 113835(4840KB) AllocSpace objects, 49(2672KB) LOS objects, 0% free, 16MB/16MB, paused 2.047ms,219us total 110.659ms
12-22 11:08:03.598  1196  1239 I WVCdm   : [oemcrypto_adapter_dynamic.cpp(848):Initialize] L3 Initialized. Trying L1.
12-22 11:08:03.602  1196  1239 I QCOM-OEMCrypto: OEMCrypto_Initialize
12-22 11:08:03.603  1196  1239 I QCOM-OEMCrypto: License: Widevine: YES CPZ: YES
12-22 11:08:03.637  1196  1239 I QCOM-OEMCrypto: ---------------Widevine OEMCrypto configuration-----------------
12-22 11:08:03.637  1196  1239 I QCOM-OEMCrypto: TA-HLOS interface                      :   SMCInvoke
12-22 11:08:03.637  1196  1239 I QCOM-OEMCrypto: Crypto Engine SMMU Virtual Address     :   Yes
12-22 11:08:03.637  1196  1239 I QCOM-OEMCrypto: Measure elapsed time                   :   No
12-22 11:08:03.637  1196  1239 I QCOM-OEMCrypto: Inplace decryption for clear buffer    :   Yes
12-22 11:08:03.637  1196  1239 I QCOM-OEMCrypto: Frame Assembly                         :   Yes
12-22 11:08:03.637  1196  1239 I QCOM-OEMCrypto: Scratch buffer size                    :   4194304
12-22 11:08:03.637  1196  1239 I QCOM-OEMCrypto: Decrypt hash tests                     :   No
12-22 11:08:03.637  1196  1239 I QCOM-OEMCrypto: Secure buffer tests                    :   No
12-22 11:08:03.637  1196  1239 I QCOM-OEMCrypto: Idle mode enabled for external display :   No
12-22 11:08:03.637  1196  1239 I QCOM-OEMCrypto: HLOS data path                       :   No
12-22 11:08:03.637  1196  1239 I QCOM-OEMCrypto: ----------------------------------------------------------------
12-22 11:08:03.639   873   881 D DrmLibTime: got the req here! ret=0
12-22 11:08:03.639   873   881 D DrmLibTime: command id, time_cmd_id = 770
12-22 11:08:03.639   873   881 D DrmLibTime: time_getutcsec starts!
12-22 11:08:03.639   873   881 D DrmLibTime: QSEE Time Listener: time_getutcsec
12-22 11:08:03.639   873   881 D DrmLibTime: QSEE Time Listener: get_utc_seconds
12-22 11:08:03.639   873   881 D DrmLibTime: QSEE Time Listener: time_get_modem_time
12-22 11:08:03.639   873   881 D DrmLibTime: QSEE Time Listener: Checking if ATS_MODEM is set or not.
12-22 11:08:03.639   873   881 D QC-time-services: Lib:time_genoff_operation: pargs->base = 13
12-22 11:08:03.639   873   881 D QC-time-services: Lib:time_genoff_operation: pargs->operation = 2
12-22 11:08:03.639   873   881 D QC-time-services: Lib:time_genoff_operation: pargs->ts_val = 0
12-22 11:08:03.639   873   881 D QC-time-services: Lib:time_genoff_operation: Send to server  passed!!
12-22 11:08:03.639  1104  1114 D QC-time-services: Daemon: Connection accepted:time_genoff
12-22 11:08:03.641  1104 24484 D QC-time-services: Daemon:Received base = 13, unit = 1, operation = 2,value = 0
12-22 11:08:03.641  1104 24484 D QC-time-services: Daemon:genoff_opr: Base = 13, val = 0, operation = 2
12-22 11:08:03.641  1104 24484 D QC-time-services: offset is: 1 for base: 13
12-22 11:08:03.641   873   881 E QC-time-services: Receive Passed == base = 13, unit = 1, operation = 2, result = 0
12-22 11:08:03.641   873   881 D DrmLibTime: QSEE Time Listener: ATS_MODEM is set. Try to retrieve it.
12-22 11:08:03.642  1104  1114 E QC-time-services: Daemon: Time-services: Waiting to acceptconnection
12-22 11:08:03.642  1104  1114 D QC-time-services: Daemon: Connection accepted:time_genoff
12-22 11:08:03.642  1104 24485 D QC-time-services: Daemon:Received base = 13, unit = 1, operation = 1,value = 0
12-22 11:08:03.642  1104 24485 D QC-time-services: Daemon:genoff_opr: Base = 13, val = 0, operation = 1
12-22 11:08:03.642  1104 24485 D QC-time-services: Daemon: genoff get for 13
12-22 11:08:03.642  1104 24485 D QC-time-services: Daemon:Value read from QTimer mseconds = 1411338960
12-22 11:08:03.642  1104 24485 D QC-time-services: Daemon:Value read from RTC mseconds on boot = 7211977000
12-22 11:08:03.642  1104 24485 D QC-time-services: Daemon:Value read from QTimer mseconds = 1411338960
12-22 11:08:03.642  1104 24485 D QC-time-services: Daemon:Value read from generic offset = 1663055182898
12-22 11:08:03.642  1104 24485 D QC-time-services: Daemon:Delta read on boot mseconds = 7211961547
12-22 11:08:03.642  1104 24485 D QC-time-services: Daemon:Final Time = 1671678483405
12-22 11:08:03.642   873   881 D DrmLibTime: QSEE Time Listener: Time GenOff - seconds: 1671678483
12-22 11:08:03.642   873   881 D DrmLibTime: time_getutcsec returns 0, sec = 1671678483; nsec = 0
12-22 11:08:03.642   873   881 D DrmLibTime: time_getutcsec finished!
12-22 11:08:03.643  1104  1114 E QC-time-services: Daemon: Time-services: Waiting to acceptconnection
12-22 11:08:03.643   873   881 D DrmLibTime: iotcl_continue_command finished! and return 0
12-22 11:08:03.643   873   881 D DrmLibTime: before calling ioctl to read the next time_cmd
12-22 11:08:03.662 23667 23696 I cn.missevan: This is non sticky GC, maxfree is 8388608 minfree is 2097152
12-22 11:08:03.675  1196  1239 I DMABUFHEAPS: Using DMA-BUF heap named: qcom,qseecom
12-22 11:08:03.683  1196  1239 I DMABUFHEAPS: Using DMA-BUF heap named: qcom,qseecom
12-22 11:08:03.690  1196  1239 I DMABUFHEAPS: Using DMA-BUF heap named: qcom,qseecom
12-22 11:08:03.697  1196  1239 I QCOM-OEMCrypto: Allocated all scratch buffers
12-22 11:08:03.697  1196  1239 I QCOM-OEMCrypto: LibOEMCrypto version 1.55
12-22 11:08:03.697  1196  1239 I QCOM-OEMCrypto: TA   version 1.112
12-22 11:08:03.697  1196  1239 I QCOM-OEMCrypto: Api  version 16.4
12-22 11:08:03.701  1196  1239 W WVCdm   : [oemcrypto_adapter_dynamic.cpp(1042):LoadLevel1] Could not load L1 _oecc109.
12-22 11:08:03.701  1196  1239 W WVCdm   : [oemcrypto_adapter_dynamic.cpp(1043):LoadLevel1] Could not load L1 _oecc110.
12-22 11:08:03.701  1196  1239 W WVCdm   : [oemcrypto_adapter_dynamic.cpp(1047):LoadLevel1] Could not load L1 _oecc113.
12-22 11:08:03.701  1196  1239 W WVCdm   : [oemcrypto_adapter_dynamic.cpp(1048):LoadLevel1] Could not load L1 _oecc114.
12-22 11:08:03.702  1196  1239 D WVCdm   : [oemcrypto_adapter_dynamic.cpp(867):Initialize] OEMCrypto_Initialize Level 1 success. I will use level 1.
12-22 11:08:03.702  1196  1239 I QCOM-OEMCrypto: Created OEMCrypto idle_thread
12-22 11:08:03.702  1196  1239 I WVCdm   : [oemcrypto_adapter_dynamic.cpp(870):Initialize] Level 1 Build Info (v16): Build Information: API_Version: 16.4 LibOEMCrypto_Version: 1.55 TA_Version: 1.112
12-22 11:08:03.704  1196  1239 D WVCdm   : [crypto_session.cpp(398):CacheVersion] OEMCrypto version (default security level): 16.4
12-22 11:08:03.704  1196  1239 D WVCdm   : [crypto_session.cpp(407):CacheVersion] OEMCrypto version (L3 security level): 16.3
12-22 11:08:03.704  1196  1239 D WVCdm   : [crypto_session.cpp(889):Open] Opening crypto session: requested_security_level = Default
12-22 11:08:03.704  1196  1239 D WVCdm   : [usage_table_header.cpp(162):Init] security_level = L1
12-22 11:08:03.704  1196  1239 I QCOM-OEMCrypto: Number of open sessions: 0
12-22 11:08:03.704  1196  1239 D WVCdm   : [usage_table_header.cpp(514):DetermineTableCapacity] capacity = 320, security_level = L1
12-22 11:08:03.711  1196  1239 I WVCdm   : [usage_table_header.cpp(204):RestoreTable] Found usage table to restore: entry_count = 0
12-22 11:08:03.759  1196  1239 I QCOM-OEMCrypto: Open session: 1000
12-22 11:08:03.761  1196  1239 I QCOM-OEMCrypto: Closed session: 1000
12-22 11:08:03.762  1196  1239 E WVCdm   : [wv_content_decryption_module.cpp(426):GetMetricsInternal] Cdm Identifier not found
12-22 11:08:03.764  1196  1239 E WVCdm   : [wv_content_decryption_module.cpp(486):CloseCdm] Cdm Identifier not found
12-22 11:08:03.764  1196  1239 E WVCdm   : Failed to close cdm. status 12
12-22 11:08:03.766  1196  1239 I WVCdm   : [(0):] L3 Terminate.
12-22 11:08:03.766  1196  1239 E WVCdm   : [oemcrypto_adapter_dynamic.cpp(882):Level1Terminate] L1 Terminate
12-22 11:08:03.766  1196 24486 I QCOM-OEMCrypto: Exit OEMCrypto idle_thread
12-22 11:08:03.766  1196  1239 I QCOM-OEMCrypto: OEMCrypto_Terminate
12-22 11:08:03.766  1196  1239 I QCOM-OEMCrypto: Cleanup OEMCrypto library
12-22 11:08:03.767  1196  1239 I QCOM-OEMCrypto: Freed all scratch buffers
12-22 11:08:03.782  2027  3285 D libsensor-displayalgo: the value of  brightness:357.000000,R:77346702.051799,G:69170803.798005,B:54859332.676081,EVENT_C:3301.000000,EVENT_R:1312.500000,EVENT_G:1759.500000,EVENT_B:700.000000
12-22 11:08:03.782  2027  3285 I libsensor-displayalgo: the value of  Coef1:1107.681000,Coef4:2.383000, scale1:0.935522, scale4:0.923264
12-22 11:08:03.782  2027  3285 E libsensor-displayalgo: RGB_test_0407_400_oldzy!
12-22 11:08:03.782  2027  3285 I libsensor-displayalgo: the value of  RESULT2552.576801,1047.660669,1231.580119,441.684418
12-22 11:08:03.782  2027  3285 I libsensor-displayalgo: the value of  getChannelDataCalibrated2662.377633,972.815764,1418.445891,477.854689
12-22 11:08:03.782  2027  3285 I libsensor-displayalgo: the value of  REAL LUX29.735710
12-22 11:08:03.782  2027  3285 I libsensor-displayalgo: the value of  CAL REAL LUX29.735710
12-22 11:08:03.782  2027  3285 I libsensor-ssccalapi: value of set_lux: 33.938614
12-22 11:08:03.825  1251  2448 I vendor.qti.hardware.display.composer-service: FrameNotifyProcess Sensor: notify citsensorservice to trigger cwb
12-22 11:08:03.825  2027  4130 I libcitsensorservice@2.0-impl: msg_transfer
12-22 11:08:03.827  2027  3266 D vendor.xiaomi.sensor.citsensorservice@2.0-service: handle id:10 wxh:1280x2400 uwxuh:1080x2400 size: 9216000 fd:15 fd_meta:16 flags:0x4000228 usage:0x33  format:0x3 layer_count: 1
12-22 11:08:03.828  1251  2215 I SDM     : HWCSession::SetCWBOutputBuffer: CWB config passed by cwb_client : tappoint 1  CWB_ROI : (829.000000 4.000000 915.000000 90.000000)
12-22 11:08:03.829  1251 24487 I SDM     : HWCSession::ProcessRequests: Successfully configured CWB buffer.
12-22 11:08:03.837  1251 24487 I SDM     : HWCSession::ProcessRequests: Pushing release fence in fenece wait queue.
12-22 11:08:03.837  1251 24487 I SDM     : HWCSession::ProcessRequests: Creating AsyncFenceWaits async thread.
12-22 11:08:03.838  1251 24487 I SDM     : HWCSession::ProcessRequests: Remove current CWB request from the pending request queue.
12-22 11:08:03.838  1251 24487 I SDM     : HWCSession::ProcessRequests: No pending cwb requests found in the queue.
12-22 11:08:03.841  1251  1467 I SDM     : HWDeviceDRM::SetupConcurrentWriteback: Tear down the Concurrent Writeback topology
12-22 11:08:03.848  1251 24488 I SDM     : HWCSession::NotifyCWBStatus: Notify the client about buffer status 0.
12-22 11:08:03.849  1251 24488 I SDM     : HWCSession::PerformFenceWaits: Remove current release fence from the pending fence wait queue.
12-22 11:08:03.849  1251 24488 I SDM     : HWCSession::PerformFenceWaits: CWB fence queue is empty. No pending release fence to wait on.
12-22 11:08:03.867  6526 18097 D MyLog   : -->log(1): [Tid:760] [Slim] Read {cmd=SECMSG;chid=5;len=462}
12-22 11:08:03.867  6526 18097 D MyLog   : -->log(1): [Tid:760] [Slim] 11:08:03 上午 RCV  Blob [SECMSG,5,BlockId_aDyUDgTu2l9bu5MDV2MVnUmH]
12-22 11:08:03.868  6526  6962 W PushService: [Tid:67] receive a message. appid=2882303761517293282, msgid= BlockId_aDyUDgTu2l9bu5MDV2MVnUmH, action=Registration
12-22 11:08:03.876  6526  6962 W PushService: [Tid:67] broadcast passthrough message.
12-22 11:08:03.876  2475  5741 I WindowManagerService: Physical orientation applied, rotation=0 sfOrientation=ORIENTATION_0
12-22 11:08:03.882  1328  1328 D SRE     : sensorCallback mDisplayId = 0 dataCallback value=<  33.9387, 209.0081, 357.0000>,time=1411334347062504, sensor=5, temperature(K)= 209.0081
12-22 11:08:03.882  1328  1328 D SRE     : setSREStrength mDisplayId = 0, mLastLux = 58, lux = 33, mSREEnabled = 1, mLastFreezeStatus = 0, freeze = 0
12-22 11:08:03.886  2475  4363 W ActivityManager: Background start not allowed: service Intent { cmp=cn.wps.moffice_eng/cn.wps.moffice.service.WakeService } to cn.wps.moffice_eng/cn.wps.moffice.service.WakeService from pid=23742 uid=10241 pkg=cn.wps.moffice_eng startFg?=false
12-22 11:08:03.889  2475  5741 W InputManager-JNI: Input channel object '27870b0 cn.missevan/cn.missevan.activity.SplashActivity (client)' was disposed without first being removed with the input manager!
12-22 11:08:04.083  2027  3285 D libsensor-displayalgo: the value of  brightness:357.000000,R:77346702.051799,G:69170803.798005,B:54859332.676081,EVENT_C:3381.500000,EVENT_R:1339.000000,EVENT_G:1803.000000,EVENT_B:716.000000
12-22 11:08:04.083  2027  3285 I libsensor-displayalgo: the value of  Coef1:1107.681000,Coef4:2.383000, scale1:0.935522, scale4:0.923264
12-22 11:08:04.083  2027  3285 E libsensor-displayalgo: RGB_test_0407_400_oldzy!
12-22 11:08:04.084  2027  3285 I libsensor-displayalgo: the value of  RESULT2552.576801,1047.660669,1231.580119,441.684418
12-22 11:08:04.084  2027  3285 I libsensor-displayalgo: the value of  getChannelDataCalibrated2662.377633,972.815764,1418.445891,477.854689
12-22 11:08:04.084  2027  3285 I libsensor-displayalgo: the value of  REAL LUX35.097363
12-22 11:08:04.084  2027  3285 I libsensor-displayalgo: the value of  CAL REAL LUX35.097363
12-22 11:08:04.096  2475  4932 D ConnectivityService: requestNetwork for uid/pid:10269/23667 activeRequest: null callbackRequest: 6459 [NetworkRequest [ REQUEST id=6460, [ Capabilities: INTERNET&NOT_RESTRICTED&TRUSTED&NOT_VCN_MANAGED Uid: 10269 RequestorUid: 10269 RequestorPkg: cn.missevan] ]] callback flags: 0 priority: 2147483647
12-22 11:08:04.097  2475  3663 D ConnectivityService: NetReassign [6460 : null → 195]
12-22 11:08:04.099  2475  3651 D WifiNetworkFactory: got request NetworkRequest [ REQUEST id=6460, [ Capabilities: INTERNET&NOT_RESTRICTED&TRUSTED&NOT_VCN_MANAGED Uid: 10269 RequestorUid: 10269 RequestorPkg: cn.missevan] ]
12-22 11:08:04.100  2475  3651 D UntrustedWifiNetworkFactory: got request NetworkRequest [ REQUEST id=6460, [ Capabilities: INTERNET&NOT_RESTRICTED&TRUSTED&NOT_VCN_MANAGED Uid: 10269 RequestorUid: 10269 RequestorPkg: cn.missevan] ]
12-22 11:08:04.100  2475  3651 D OemPaidWifiNetworkFactory: got request NetworkRequest [ REQUEST id=6460, [ Capabilities: INTERNET&NOT_RESTRICTED&TRUSTED&NOT_VCN_MANAGED Uid: 10269 RequestorUid: 10269 RequestorPkg: cn.missevan] ]
12-22 11:08:04.107 23667 24500 I cn.missevan: Thread[142,tid=24500,Native,Thread*=0x795980dc00,peer=0x1380d1d8,"glide-source-thread-0"] recursive attempt to load library "/data/app/~~UWsAzyzM3WAcoegRwCroJw==/cn.missevan-peV6YfGatcrJ_S1wLfaekA==/lib/arm64/libglide-webp.so"
12-22 11:08:04.114  1251  2448 I vendor.qti.hardware.display.composer-service: FrameNotifyProcess Sensor: notify citsensorservice to trigger cwb
12-22 11:08:04.114  2027  4130 I libcitsensorservice@2.0-impl: msg_transfer
12-22 11:08:04.114  2027  3266 D vendor.xiaomi.sensor.citsensorservice@2.0-service: handle id:10 wxh:1280x2400 uwxuh:1080x2400 size: 9216000 fd:15 fd_meta:16 flags:0x4000228 usage:0x33  format:0x3 layer_count: 1
12-22 11:08:04.115  1251  2215 I SDM     : HWCSession::SetCWBOutputBuffer: CWB config passed by cwb_client : tappoint 1  CWB_ROI : (829.000000 4.000000 915.000000 90.000000)
12-22 11:08:04.116  1251 24501 I SDM     : HWCSession::ProcessRequests: Successfully configured CWB buffer.
12-22 11:08:04.122  1251 24501 I SDM     : HWCSession::ProcessRequests: Pushing release fence in fenece wait queue.
12-22 11:08:04.123  1251 24501 I SDM     : HWCSession::ProcessRequests: Creating AsyncFenceWaits async thread.
12-22 11:08:04.124  1251 24501 I SDM     : HWCSession::ProcessRequests: Remove current CWB request from the pending request queue.
12-22 11:08:04.125  1251 24501 I SDM     : HWCSession::ProcessRequests: No pending cwb requests found in the queue.
12-22 11:08:04.128  2475  4932 I MediaFocusControl: requestAudioFocus() from uid/pid 10269/23667 AA=USAGE_MEDIA/CONTENT_TYPE_MUSIC clientId=android.media.AudioManager@d1a2b30cn.missevan.lib.utils.AudioUtils@46d33a9 callingPack=cn.missevan req=2 flags=0x1 sdk=28
12-22 11:08:04.128  1251  1467 I SDM     : HWDeviceDRM::SetupConcurrentWriteback: Tear down the Concurrent Writeback topology
12-22 11:08:04.128  2475  4932 I AudioService.FadeOutManager: unfadeOutUid() uid:10269
12-22 11:08:04.128  1251  2448 I vendor.qti.hardware.display.composer-service: FrameNotifyProcess Sensor: notify citsensorservice to trigger cwb
12-22 11:08:04.128  2027  4130 I libcitsensorservice@2.0-impl: msg_transfer
12-22 11:08:04.132  1300  2866 I QC2CompStore: Setting heap usage to system
12-22 11:08:04.135  1973 24420 I C2SoftMp3Dec: Reconfiguring decoder: 0->44100 Hz, 0->2 channels
12-22 11:08:04.136  1251 24504 I SDM     : HWCSession::NotifyCWBStatus: Notify the client about buffer status 0.
12-22 11:08:04.136  1251 24504 I SDM     : HWCSession::PerformFenceWaits: Remove current release fence from the pending fence wait queue.
12-22 11:08:04.136  1251 24504 I SDM     : HWCSession::PerformFenceWaits: CWB fence queue is empty. No pending release fence to wait on.
12-22 11:08:04.140  1411 22240 D APM_AudioPolicyManager: selectOutput flags 8
12-22 11:08:04.140  1411  9382 D APM_AudioPolicyManager: selectOutput flags 8
12-22 11:08:04.141  1411 22240 D APM_AudioPolicyManager: selectOutput flags 8
12-22 11:08:04.141 23667 24295 D AudioTrack: set(sessionId=7233)
12-22 11:08:04.141 23667 24295 D AudioTrack: set(): streamType -1, sampleRate 44100, format 0x1, channelMask 0x3, frameCount 14144, flags #0, notificationFrames 0, sessionId 7233, transferType 3, uid 10269(cn.missevan), pid 23667
12-22 11:08:04.154  1411 22240 D MediaImpl: setPlaybackCaptureAllowed: playbackCaptureAllowed 0
12-22 11:08:04.155  1411 22240 D APM_AudioPolicyManager: getOutputForAttrInt()+ attributes={ Content type: AUDIO_CONTENT_TYPE_MUSIC Usage: AUDIO_USAGE_MEDIA Source: AUDIO_SOURCE_INVALID Flags: 0xe00 Tags:  } stream=AUDIO_STREAM_MUSIC session 7233 output 0 selectedDeviceId 0 device AUDIO_DEVICE_NONE sampling rate 44100 format 0x1channel mask 0x3 flags 0x8 stream AUDIO_STREAM_MUSIC uid 10269
12-22 11:08:04.155  1411 22240 D APM_AudioPolicyManager: getOutputForAttrInt() device {type:0x2,@:}, sampling rate 44100, format 0x1, channel mask 0x3, flags 0x8 stream AUDIO_STREAM_MUSIC
12-22 11:08:04.156  1191  3676 D AHAL: FM: fm_get_parameters: 232: enter
12-22 11:08:04.157  1191  3676 D AHAL: FM: fm_get_parameters: 239: exit
12-22 11:08:04.157  1191  3676 D AHAL: Loopback_karaoke: karaoke_get_parameters: Enter
12-22 11:08:04.157  1191  3676 D AHAL: Loopback_karaoke: karaoke_get_parameters: Exit
12-22 11:08:04.158  1191  3676 D AHAL: FM: fm_get_parameters: 232: enter
12-22 11:08:04.158  1191  3676 D AHAL: FM: fm_get_parameters: 239: exit
12-22 11:08:04.158  1191  3676 D AHAL: Loopback_karaoke: karaoke_get_parameters: Enter
12-22 11:08:04.158  1191  3676 D AHAL: Loopback_karaoke: karaoke_get_parameters: Exit
12-22 11:08:04.160  1411 22240 D APM_AudioPolicyManager: selectOutput flags 8
12-22 11:08:04.160  1411 22240 V AudioPolicyManagerCustom: getOutputForDevice() returns output 37
12-22 11:08:04.160  1411 22240 D APM_AudioPolicyManager: getOutputForAttrInt()- attributes={ Content type: AUDIO_CONTENT_TYPE_MUSIC Usage: AUDIO_USAGE_MEDIA Source: AUDIO_SOURCE_INVALID Flags: 0xe00 Tags:  } stream=AUDIO_STREAM_MUSIC session 7233 output 37 selectedDeviceId 0 device {type:0x2,@:} sampling rate 44100 format 0x1channel mask 0x3 flags 0x8 stream AUDIO_STREAM_MUSIC uid 10269
12-22 11:08:04.160  1411 22240 D APM_AudioPolicyManager: getOutputForAttr() returns output 37 requestedPortId 0 selectedDeviceId 3 for port ID 919
12-22 11:08:04.163  1411 22240 I AudioFlinger: create audiotrack for cn.missevan  uid 10269
12-22 11:08:04.163  1411 22240 D AudioFlinger: Client defaulted notificationFrames to 7072 for frameCount 14144
12-22 11:08:04.167  1411 22240 D AF::TrackHandle: OpPlayAudio: track:791 usage:1 not muted
12-22 11:08:04.171  1411 22240 I AudioFlinger: create audiotrack for cn.missevan  uid 10269
12-22 11:08:04.171  1411 22240 I AF::Track: isInWhiteList curPkgName cn.missevan  uid 10269
12-22 11:08:04.171  1411 22240 D AF::Track: Track(791): usage = 1 mbIsAttrNeedFade = 0
12-22 11:08:04.172  1411 22240 D AudioFlinger: before exit flags=0x8
12-22 11:08:04.172  1411 22240 D AudioFlinger: [APM] reScheduleCpu()  audioCpuSet = 0xf8
12-22 11:08:04.173  1191  3676 D AHAL: AudioStream: astream_out_get_parameters: 839: enter
12-22 11:08:04.173  1191  3676 D AHAL: AudioStream: astream_out_get_parameters: 861: keys: is_direct_pcm_track
12-22 11:08:04.173  1191  3676 D AHAL: AudioStream: astream_out_get_parameters: 898: exit: returns - is_direct_pcm_track=false
12-22 11:08:04.176 23667 24295 D AudioTrack: isWhiteListPackage() Uid 10269, package name cn.missevan
12-22 11:08:04.176 23667 24295 D AudioTrack: [APM]-AT reScheduleCpu() cpuSet=248 tid=24506
12-22 11:08:04.177 23667 24295 E libprocessgroup: set_timerslack_ns write failed: Operation not permitted
12-22 11:08:04.181 23667 24295 I AudioTrack: AudioTrack::setVolume L:1.000000 R:1.000000 and the pakage is cn.missevan
12-22 11:08:04.182  1411  2267 D AudioFlinger: PlaybackThread::ioConfigChanged, thread 0xb40000725b79d180, event 0
12-22 11:08:04.182  1411  2246 D AudioFlinger: PlaybackThread::ioConfigChanged, thread 0xb40000730b386740, event 0
12-22 11:08:04.182  1411  2273 D AudioFlinger: PlaybackThread::ioConfigChanged, thread 0xb40000725b83ffc0, event 0
12-22 11:08:04.182  1411  2278 D AudioFlinger: PlaybackThread::ioConfigChanged, thread 0xb40000725b931b80, event 0
12-22 11:08:04.183  1411  2289 D AudioFlinger: PlaybackThread::ioConfigChanged, thread 0xb400007255fa7480, event 0
12-22 11:08:04.183  1411  2293 D AudioFlinger: PlaybackThread::ioConfigChanged, thread 0xb400007255ff8d00, event 0
12-22 11:08:04.183 23667 24295 D AudioTrack: start(919): prior state:STATE_STOPPED
12-22 11:08:04.183  1411 22240 D AF::Track: setFadeType isFadeNeeded = 0 type = 1 mFadeType = 0
12-22 11:08:04.184  2475  3673 D AudioServiceStubImpl: disableBTSpatialAudio enter listAudioPorts
12-22 11:08:04.185  8079 11222 D Avrcp_ext: AudioManager Player: AudioPlaybackConfiguration piid:6023 deviceId:0 type:android.media.AudioTrack u/pid:10269/23667 state:started attr:AudioAttributes: usage=USAGE_MEDIA content=CONTENT_TYPE_MUSIC flags=0xA00 tags= bundle=null sessionId:7233
12-22 11:08:04.186  2475  3673 D AudioServiceStubImpl: disableBTSpatialAudio listAudioPorts return 0
12-22 11:08:04.186  8079 11222 D Avrcp_ext: AudioManager Player in started state: cn.missevan
12-22 11:08:04.187  8079 11222 D Avrcp_ext: AudioManager Active Player: cn.missevan
12-22 11:08:04.187  8079 11222 D Avrcp_ext: AudioManager Player: AudioPlaybackConfiguration piid:111 deviceId:0 type:android.media.SoundPool u/pid:1000/4496 state:idle attr:AudioAttributes: usage=USAGE_ASSISTANCE_SONIFICATION content=CONTENT_TYPE_SONIFICATION flags=0x800 tags= bundle=null sessionId:0
12-22 11:08:04.187  8079 11222 D Avrcp_ext: AudioManager Player: AudioPlaybackConfiguration piid:1527 deviceId:0 type:android.media.SoundPool u/pid:10079/9868 state:idle attr:AudioAttributes: usage=USAGE_ASSISTANCE_SONIFICATION content=CONTENT_TYPE_SONIFICATION flags=0x800 tags= bundle=null sessionId:0
12-22 11:08:04.187  8079 11222 D Avrcp_ext: AudioManager Player: AudioPlaybackConfiguration piid:95 deviceId:0 type:android.media.SoundPool u/pid:1000/2475 state:idle attr:AudioAttributes: usage=USAGE_ASSISTANCE_SONIFICATION content=CONTENT_TYPE_SONIFICATION flags=0x800 tags= bundle=null sessionId:0
12-22 11:08:04.187  8079 11222 D Avrcp_ext: AudioManager Player: AudioPlaybackConfiguration piid:1535 deviceId:0 type:android.media.SoundPool u/pid:1027/9739 state:idle attr:AudioAttributes: usage=USAGE_ASSISTANCE_SONIFICATION content=CONTENT_TYPE_SONIFICATION flags=0x800 tags= bundle=null sessionId:0
12-22 11:08:04.187  8079 11222 D Avrcp_ext: AudioManager Player: AudioPlaybackConfiguration piid:4351 deviceId:0 type:android.media.MediaPlayer u/pid:10250/9282 state:idle attr:AudioAttributes: usage=USAGE_MEDIA content=CONTENT_TYPE_MUSIC flags=0x800 tags= bundle=null sessionId:0
12-22 11:08:04.188  8079 11222 D Avrcp_ext: AudioManager isPlaying: true, mAudioPlaybackIsActive: false, isMusiActive: false
12-22 11:08:04.188  8079 11222 V Avrcp_ext: updateCurrentMediaState: mMediaController: MediaController (cn.missevan@5ec7f50) null
12-22 11:08:04.188  8079 11222 V Avrcp_ext: updateCurrentMediaState: isPlaying = false
12-22 11:08:04.188  8079 11222 W Avrcp_ext: isMusicActive: false getBluetoothPlayState: 0 A2dp State: 11 mAudioPlaybackIsActive: true
12-22 11:08:04.189  8079 11222 D Avrcp_ext: isMusicActive = false mAudioPlaybackIsActive = true player state = PlaybackState {state=0, position=0, buffered position=0, speed=0.0, updated=0, actions=2363190, custom actions=[], active item id=-1, error=null}
12-22 11:08:04.189  8079 11222 I Avrcp_ext: Skipping update due to invalid playback state
12-22 11:08:04.190  8079 11222 V Avrcp_ext: updatePlaybackState, state: PlaybackState {state=0, position=0, buffered position=0, speed=0.0, updated=0, actions=2363190, custom actions=[], active item id=-1, error=null} device: null
12-22 11:08:04.190  8079 11222 V Avrcp_ext: Device: no name:
12-22 11:08:04.190  8079 11222 V Avrcp_ext: Device: no name:
12-22 11:08:04.190  8079 11222 V Avrcp_ext: Device: no name:
12-22 11:08:04.190  8079 11222 V Avrcp_ext: Device: no name:
12-22 11:08:04.190  8079 11222 V Avrcp_ext: Device: no name:
12-22 11:08:04.190  8079 11222 V Avrcp_ext: updatePlayerStateAndPosition, old=PlaybackState {state=0, position=0, buffered position=0, speed=0.0, updated=0, actions=2363190, custom actions=[], active item id=-1, error=null}, state=PlaybackState {state=0, position=0, buffered position=0, speed=0.0, updated=0, actions=2363190, custom actions=[], active item id=-1, error=null}
12-22 11:08:04.190  8079 11222 V Avrcp_ext: old state = PlaybackState {state=0, position=0, buffered position=0, speed=0.0, updated=0, actions=2363190, custom actions=[], active item id=-1, error=null}, new state= PlaybackState {state=0, position=0, buffered position=0, speed=0.0, updated=0, actions=2363190, custom actions=[], active item id=-1, error=null}
12-22 11:08:04.190  8079 11222 D HeadsetService: getHeadsetService(): returning com.android.bluetooth.hfp.HeadsetService@edaeae5
12-22 11:08:04.190  8079 11222 D HeadsetService:  isAudioOn: The number of audio connected devices 0
12-22 11:08:04.190  8079 11222 D HeadsetService: isScoOrCallActive(): Call Active:falseCall is Ringing:falseSCO is Active:false
12-22 11:08:04.190  8079 11222 D HeadsetService:  isAudioOn: The number of audio connected devices 0
12-22 11:08:04.190  8079 11222 I Avrcp_ext: updatePlayStatusForDevice: device: null
12-22 11:08:04.190  8079 11222 V Avrcp_ext: updatePlaybackState (1): old=PlaybackState {state=0, position=0, buffered position=0, speed=0.0, updated=0, actions=2363190, custom actions=[], active item id=-1, error=null}(0), new=PlaybackState {state=0, position=0, buffered position=0, speed=0.0, updated=0, actions=2363190, custom actions=[], active item id=-1, error=null}(0)
12-22 11:08:04.190  8079 11222 I Avrcp_ext: Exit updatePlayStatusForDevice
12-22 11:08:04.190  8079 11222 D HeadsetService:  isAudioOn: The number of audio connected devices 0
12-22 11:08:04.190  8079 11222 D HeadsetService: isScoOrCallActive(): Call Active:falseCall is Ringing:falseSCO is Active:false
12-22 11:08:04.190  8079 11222 D HeadsetService:  isAudioOn: The number of audio connected devices 0
12-22 11:08:04.190  8079 11222 I Avrcp_ext: updatePlayStatusForDevice: device: null
12-22 11:08:04.190  8079 11222 V Avrcp_ext: updatePlaybackState (1): old=PlaybackState {state=0, position=0, buffered position=0, speed=0.0, updated=0, actions=2363190, custom actions=[], active item id=-1, error=null}(0), new=PlaybackState {state=0, position=0, buffered position=0, speed=0.0, updated=0, actions=2363190, custom actions=[], active item id=-1, error=null}(0)
12-22 11:08:04.190  8079 11222 I Avrcp_ext: Exit updatePlayStatusForDevice
12-22 11:08:04.190  8079 11222 D HeadsetService:  isAudioOn: The number of audio connected devices 0
12-22 11:08:04.190  8079 11222 D HeadsetService: isScoOrCallActive(): Call Active:falseCall is Ringing:falseSCO is Active:false
12-22 11:08:04.190  8079 11222 D HeadsetService:  isAudioOn: The number of audio connected devices 0
12-22 11:08:04.190  8079 11222 I Avrcp_ext: updatePlayStatusForDevice: device: null
12-22 11:08:04.190  8079 11222 V Avrcp_ext: updatePlaybackState (1): old=PlaybackState {state=0, position=0, buffered position=0, speed=0.0, updated=0, actions=2363190, custom actions=[], active item id=-1, error=null}(0), new=PlaybackState {state=0, position=0, buffered position=0, speed=0.0, updated=0, actions=2363190, custom actions=[], active item id=-1, error=null}(0)
12-22 11:08:04.190  8079 11222 I Avrcp_ext: Exit updatePlayStatusForDevice
12-22 11:08:04.190  8079 11222 D HeadsetService:  isAudioOn: The number of audio connected devices 0
12-22 11:08:04.190  8079 11222 D HeadsetService: isScoOrCallActive(): Call Active:falseCall is Ringing:falseSCO is Active:false
12-22 11:08:04.190  8079 11222 D HeadsetService:  isAudioOn: The number of audio connected devices 0
12-22 11:08:04.190  8079 11222 I Avrcp_ext: updatePlayStatusForDevice: device: null
12-22 11:08:04.190  8079 11222 V Avrcp_ext: updatePlaybackState (1): old=PlaybackState {state=0, position=0, buffered position=0, speed=0.0, updated=0, actions=2363190, custom actions=[], active item id=-1, error=null}(0), new=PlaybackState {state=0, position=0, buffered position=0, speed=0.0, updated=0, actions=2363190, custom actions=[], active item id=-1, error=null}(0)
12-22 11:08:04.190  8079 11222 I Avrcp_ext: Exit updatePlayStatusForDevice
12-22 11:08:04.190  8079 11222 D HeadsetService:  isAudioOn: The number of audio connected devices 0
12-22 11:08:04.190  8079 11222 D HeadsetService: isScoOrCallActive(): Call Active:falseCall is Ringing:falseSCO is Active:false
12-22 11:08:04.190  8079 11222 D HeadsetService:  isAudioOn: The number of audio connected devices 0
12-22 11:08:04.190  8079 11222 I Avrcp_ext: updatePlayStatusForDevice: device: null
12-22 11:08:04.190  8079 11222 V Avrcp_ext: updatePlaybackState (1): old=PlaybackState {state=0, position=0, buffered position=0, speed=0.0, updated=0, actions=2363190, custom actions=[], active item id=-1, error=null}(0), new=PlaybackState {state=0, position=0, buffered position=0, speed=0.0, updated=0, actions=2363190, custom actions=[], active item id=-1, error=null}(0)
12-22 11:08:04.190  8079 11222 I Avrcp_ext: Exit updatePlayStatusForDevice
12-22 11:08:04.190  8079 11222 D Avrcp_ext: Enter sendPlayPosNotificationRsp
12-22 11:08:04.190  8079 11222 D Avrcp_ext: sendPlayPosNotificationRsp: Not registered or requesting.
12-22 11:08:04.190  8079 11222 D Avrcp_ext: Enter sendPlayPosNotificationRsp
12-22 11:08:04.190  8079 11222 D Avrcp_ext: sendPlayPosNotificationRsp: Not registered or requesting.
12-22 11:08:04.190  8079 11222 D Avrcp_ext: Enter sendPlayPosNotificationRsp
12-22 11:08:04.190  8079 11222 D Avrcp_ext: sendPlayPosNotificationRsp: Not registered or requesting.
12-22 11:08:04.190  8079 11222 D Avrcp_ext: Enter sendPlayPosNotificationRsp
12-22 11:08:04.190  8079 11222 D Avrcp_ext: sendPlayPosNotificationRsp: Not registered or requesting.
12-22 11:08:04.190  8079 11222 D Avrcp_ext: Enter sendPlayPosNotificationRsp
12-22 11:08:04.190  8079 11222 D Avrcp_ext: sendPlayPosNotificationRsp: Not registered or requesting.
12-22 11:08:04.190  8079 11222 V Avrcp_ext: Exit updatePlayerStateAndPosition
12-22 11:08:04.192  1191  1191 I EffectsFactory: EffectCreate() create_effect
12-22 11:08:04.193  1411  2035 V APM::EffectDescriptor: registerEffect() effect Volume listener for Music, io 37, session 7233 id 5611
12-22 11:08:04.193  1411  2035 V APM::EffectDescriptor: registerEffect() memory 1, total memory 4
12-22 11:08:04.193  1411  2035 V APM::EffectDescriptor: setEffectEnabled(true) total CPU 0
12-22 11:08:04.193  1411  2035 V AudioPolicyManagerImpl: notification filter: setNotificationFilter notificationFilterFeature=1
12-22 11:08:04.193  1411  2035 D AudioPolicyManagerImpl: notification filter: setNotificationFilter muteMaskInt=0
12-22 11:08:04.194  1191  1191 D AHAL: AudioStream: astream_out_set_parameters: 808: enter: usecase(0: deep-buffer-playback) kvpairs: appname=+cn.missevan
12-22 11:08:04.194  1191  1191 D AHAL: AudioStreamCustom: SetParameters: 198: SetParameters(): set app name +cn.missevan
12-22 11:08:04.194  1191  1191 D AHAL: AudioStreamCustom: platform_set_out_scenario: 20: platform_set_out_scenario
12-22 11:08:04.194  1191  1191 D AHAL: AudioStreamCustom: get_scenario: 107: app_name cn.missevan, scenario is 4
12-22 11:08:04.194  1191  1191 D AHAL: AudioStreamCustom: isSupportMisoundAsc mode is0
12-22 11:08:04.194  1191  1191 D AHAL: AudioStream: SetParameters: 2204: enter
12-22 11:08:04.194  1191  1191 I AHAL: AudioStream: SetParameters: 2213: ret 0, plugin device cont -1 stream -1
12-22 11:08:04.194  1191  1191 D AHAL: AudioStream: SetParameters: 2252: exit 0
12-22 11:08:04.194  1191  1191 D AHAL: AudioStream: astream_out_set_parameters: 825: Exit ret: 0
12-22 11:08:04.194  1411  2035 D APM_AudioPolicyManager: startOutput() output 37, stream 3, session 7233 appname cn.missevan uid 10269
12-22 11:08:04.200  1191  1191 V EffectMiSound: MiSound_command() start, cmdCode=20
12-22 11:08:04.200  1191  1191 V EffectMiSound: MiSound_Command EFFECT_CMD_OFFLOAD
12-22 11:08:04.201  1191  1191 V EffectMiSound: MiSound_command() start, cmdCode=1
12-22 11:08:04.201  1191  1191 V EffectMiSound: MiSound_setConfig start
12-22 11:08:04.201  1191  1191 V EffectMiSound: MiSound_command() start, cmdCode=9
12-22 11:08:04.201  1191  1191 V EffectMiSound: MiSound_Command EFFECT_CMD_SET_DEVICE: 0x00000002
12-22 11:08:04.201  1191  1191 D MiSoundQdspGefDriver: setDevice(device=0x00000002): old device 0x00000002
12-22 11:08:04.201  1191  1191 V EffectMiSound: MiSound_command() start, cmdCode=11
12-22 11:08:04.201  1191  1191 V EffectMiSound: MiSound_Command EFFECT_CMD_SET_AUDIO_MODE: 0
12-22 11:08:04.201  1191  1191 D DlbDlbEffect: effectCommand(handle=0xb40000724c16f5e0, cmdCode=5, cmdSize=20, pCmdData=0xb40000723e72b340, replySize=4, pReplyData=0xb40000723e741880)
12-22 11:08:04.201  1191  1191 D DlbDlbEffect: handle_EFFECT_CMD_SET_PARAM()
12-22 11:08:04.201  1191  1191 V DlbDapEffectContext: setParam() received parameter EFFECT_PARAM_SKIP_HARD_BYPASS
12-22 11:08:04.201  1191  1191 V DlbEffectQdspDap: setPreferredOffType()
12-22 11:08:04.201  1191  1191 D DlbQdspGefDriver: setPreferredOffType(type=2)
12-22 11:08:04.201  1191  1191 D DlbDlbEffect: effectCommand(handle=0xb40000724c16f5e0, cmdCode=4, cmdSize=0, pCmdData=0x0, replySize=4, pReplyData=0xb40000723e741870)
12-22 11:08:04.201  1191  1191 D DlbDlbEffect: handle_EFFECT_CMD_DISABLE()
12-22 11:08:04.201  1191  1191 V DlbEffectQdspDap: setEnabled()
12-22 11:08:04.201  1191  1191 V DlbEffectQdspDap: updateEnabled(enabled=0, bypassed=0)
12-22 11:08:04.202  1191  1191 D DlbQdspGefDriver: setEnabled(enable=0)
12-22 11:08:04.202  1191  1191 D DlbQdspGefDriver: setEnabled(): Skip the transient enabled state 0
12-22 11:08:04.203  1191  1191 D DlbDlbEffect: effectCommand(handle=0xb40000724c16f5e0, cmdCode=20, cmdSize=8, pCmdData=0xb40000723e741880, replySize=4, pReplyData=0xb40000723e741870)
12-22 11:08:04.203  1191  1191 D DlbDlbEffect: handle_EFFECT_CMD_OFFLOAD(offload=0, ioHandle=37)
12-22 11:08:04.203  1191  1191 V EffectMiSound: MiSound_command() start, cmdCode=1
12-22 11:08:04.203  1191  1191 V EffectMiSound: MiSound_setConfig start
12-22 11:08:04.203  1191  1191 D DlbDlbEffect: effectCommand(handle=0xb40000724c16f5e0, cmdCode=1, cmdSize=112, pCmdData=0x7fcd1592a0, replySize=4, pReplyData=0x7fcd15931c)
12-22 11:08:04.203  1191  1191 D DlbDlbEffect: handle_EFFECT_CMD_SET_CONFIG()
12-22 11:08:04.203  1191  1191 D DlbDlbEffect: effectCommand(handle=0xb40000724c16f5e0, cmdCode=9, cmdSize=4, pCmdData=0xb40000723e741880, replySize=4, pReplyData=0xb40000723e741870)
12-22 11:08:04.203  1191  1191 D DlbDlbEffect: handle_EFFECT_CMD_SET_DEVICE(device=0x00000002)
12-22 11:08:04.203  1191  1191 V DlbDapEffectContext: setDevice(00000002)
12-22 11:08:04.203  1191  1191 V DlbEffectQdspDap: setBypass(bypass = 0)
12-22 11:08:04.203  1191  1191 V DlbEffectQdspDap: setDevice()
12-22 11:08:04.203  1191  1191 D DlbQdspGefDriver: setDevice(device=0x00000002): old device 0x00000002
12-22 11:08:04.205  1235  1235 D DMSService: setActiveDevice called with device = 0x2 (original 0x2)
12-22 11:08:04.206  1191  1191 D DlbDlbEffect: effectCommand(handle=0xb40000724c16f5e0, cmdCode=11, cmdSize=4, pCmdData=0xb40000723e741880, replySize=4, pReplyData=0xb40000723e741870)
12-22 11:08:04.206  1191  1191 V DlbDlbEffect: handle_EFFECT_CMD_SET_AUDIO_MODE(mode=0x00000000)
12-22 11:08:04.206  1191  1191 D DlbDlbEffect: effectCommand(handle=0xb40000724c16f5e0, cmdCode=20, cmdSize=8, pCmdData=0xb40000723e741880, replySize=4, pReplyData=0xb40000723e741870)
12-22 11:08:04.206  1191  1191 D DlbDlbEffect: handle_EFFECT_CMD_OFFLOAD(offload=1, ioHandle=37)
12-22 11:08:04.206  1191  1191 D DlbDlbEffect: effectCommand(handle=0xb40000724c16f5e0, cmdCode=3, cmdSize=0, pCmdData=0x0, replySize=4, pReplyData=0xb40000723e741870)
12-22 11:08:04.206  1191  1191 D DlbDlbEffect: handle_EFFECT_CMD_ENABLE()
12-22 11:08:04.206  1191  1191 V DlbEffectQdspDap: setEnabled()
