12-22 11:08:00.559  1251 23691 I SDM     : HWCSession::ProcessRequests: Creating AsyncFenceWaits async thread.
12-22 11:08:00.560  1251 23691 I SDM     : HWCSession::ProcessRequests: Remove current CWB request from the pending request queue.
12-22 11:08:00.560  1251 23691 I SDM     : HWCSession::ProcessRequests: No pending cwb requests found in the queue.
12-22 11:08:00.565  1251  1467 I SDM     : HWDeviceDRM::SetupConcurrentWriteback: Tear down the Concurrent Writeback topology
12-22 11:08:00.566  6171  6195 I VideoToolBoxService: splitMode: onfalse
12-22 11:08:00.566  6171  6195 I VideoToolBoxService: onForegroundInfoChanged: Exit Vtb
12-22 11:08:00.567 23667 23667 I MessageMonitor: Load libmiui_runtime
12-22 11:08:00.568 23436 23543 D RegisterNativeXlog: set xlog_writer, addr:0x7a602b2508
12-22 11:08:00.570  9868 10058 D StatusBarController: handleMessage: flag 800000  disable false
12-22 11:08:00.571  9868  9868 D Launcher_WallpaperUtils: changeStatusBarMode:false
12-22 11:08:00.573  1251 23706 I SDM     : HWCSession::NotifyCWBStatus: Notify the client about buffer status 0.
12-22 11:08:00.573  1251 23706 I SDM     : HWCSession::PerformFenceWaits: Remove current release fence from the pending fence wait queue.
12-22 11:08:00.573  1251 23706 I SDM     : HWCSession::PerformFenceWaits: CWB fence queue is empty. No pending release fence to wait on.
12-22 11:08:00.577  6206  7182 D ThermalIECHandler: storeDataStyle: thermal_iec_monitor_persistence_data_style_iec_state; startIECTime: -1; IECScreenOffOverPeriodTime: 1410825231
12-22 11:08:00.577  6206  7182 D ThermalIECHandler: storeDataStyle: thermal_iec_monitor_persistence_data_style_iec_state; startIECTime: -1; IECScreenOffOverPeriodTime: 1410825231
12-22 11:08:00.578  2475  5746 D SymlinkUtils: attachApplication file op go pass: 0 ms
12-22 11:08:00.578  2475  5746 I SmartPower.cn.missevan/10269(23667): died->background(291240ms) R(process start ) adj=-10000.
12-22 11:08:00.579  2475  3758 I SmartPower: cn.missevan/10269 state=died adj=905 proc size=4 move to background process start
12-22 11:08:00.580  2475  4661 I WindowManagerService: Physical orientation applied, rotation=0 sfOrientation=ORIENTATION_0
12-22 11:08:00.582  2027  3285 D libsensor-displayalgo: the value of  brightness:357.000000,R:50295836.978646,G:49453183.231498,B:45608547.244546,EVENT_C:2804.500000,EVENT_R:1114.000000,EVENT_G:1507.000000,EVENT_B:607.500000
12-22 11:08:00.582  2027  3285 I libsensor-displayalgo: the value of  Coef1:1107.681000,Coef4:2.383000, scale1:0.935522, scale4:0.923264
12-22 11:08:00.582  2027  3285 E libsensor-displayalgo: RGB_test_0407_400_oldzy!
12-22 11:08:00.582  2027  3285 I libsensor-displayalgo: the value of  RESULT2029.868532,800.696880,1010.344500,358.639547
12-22 11:08:00.582  2027  3285 I libsensor-displayalgo: the value of  getChannelDataCalibrated2117.184711,743.495074,1163.642530,388.009136
12-22 11:08:00.582  2027  3285 I libsensor-displayalgo: the value of  REAL LUX32.330624
12-22 11:08:00.582  2027  3285 I libsensor-displayalgo: the value of  CAL REAL LUX32.330624
12-22 11:08:00.586 20406 20559 I MemoryOptimizationService: start handleMemoryIntent ->
12-22 11:08:00.586 20406 20559 I MemoryOptimizationService: optimized Pkg Name -> com.android.settings
12-22 11:08:00.586 20406 20559 I MemoryOptimizationService: Optimized pacakge map contains key.
12-22 11:08:00.586 20406 20559 I MemoryOptimizationService: Old data is removed [Handler (com.android.settings.services.MemoryOptimizationService$MemoryHandler) {806deaa}] -> com.android.settings
12-22 11:08:00.586 20406 20559 I MemoryOptimizationService: Send message delayed -> com.android.settings , 30000
12-22 11:08:00.589 20304 20444 D IdProviderImpl: getOAID from com.miui.analytics
12-22 11:08:00.600  1878  5650 I CameraImpl: checkAllClientsStoppedAndReclaimMem reclaim camera provider anon memory.
12-22 11:08:00.606  2475  3650 I MiuiNetworkPolicyTrafficLimit: updateWhiteListUidForMobileTraffic uid=10102,add=false
12-22 11:08:00.606  2475  3650 D MiuiNetworkPolicyTrafficLimit: updateWhiteListUidForMobileTraffic rst=true
12-22 11:08:00.607 23667 23667 D CompatibilityChangeReporter: Compat change id reported: 171979766; UID 10269; state: DISABLED
12-22 11:08:00.608  5652 28739 W MQSService: CallerName:cn.missevan,calling Uid:10269
12-22 11:08:00.609  5652 28739 D MQSService: registerApplicationScoutThread pid = 23667, packageName = cn.missevan
12-22 11:08:00.619  2475  5746 I WindowManagerService: Physical orientation applied, rotation=0 sfOrientation=ORIENTATION_0
12-22 11:08:00.622  2475  5746 W ActivityTaskManager: Skip mGoingToSleepWakeLock release for sleepingOrShuttingDown
12-22 11:08:00.633  1132  1132 D Zygote  : Forked child process 23742
12-22 11:08:00.637 23436 23586 I MANWE   : java.lang.NoSuchFieldException: name
12-22 11:08:00.638  1878  5598 I CameraImpl: checkAllClientsStoppedAndReclaimMem reclaim camera provider anon memory.
12-22 11:08:00.640 23491 23649 I tflite  : Initialized TensorFlow Lite runtime.
12-22 11:08:00.640 23491 23649 V TextClassificationDemo: TFLite model loaded.
12-22 11:08:00.642  2475  3650 I MiuiNetworkPolicyTrafficLimit: updateWhiteListUidForMobileTraffic uid=10190,add=false
12-22 11:08:00.642 23667 23667 D ApplicationLoaders: Returning zygote-cached class loader: /system/framework/android.test.base.jar
12-22 11:08:00.642  2475  3650 D MiuiNetworkPolicyTrafficLimit: updateWhiteListUidForMobileTraffic rst=true
12-22 11:08:00.643 23742 23742 I libc    : SetHeapTaggingLevel: tag level set to 0
12-22 11:08:00.643  2475  2692 I ActivityManager: Start proc 23742:cn.wps.moffice_eng:pushservice/u0a241 for service {cn.wps.moffice_eng/cn.wps.moffice.service.MOfficeSyncService} caller=com.android.email
12-22 11:08:00.648  9868 28640 D RecentsModel: onTaskStackChangedBackground
12-22 11:08:00.649  9868 10982 D RecentsModel: onTaskStackChangedBackground    MSG_TASK_STACK_CHANGE
12-22 11:08:00.649  9868 10982 D RecentsModel: preloadRecents
12-22 11:08:00.649  9868 10982 W RecentsModel: getRunningTask
12-22 11:08:00.649  6206  8011 I MultiScreenObserver: onTaskStackChanged, splitScreenMode: false isCameraFloat: false isSmallScreen: false
12-22 11:08:00.650  6171  6195 I SCTaskStackListener: onTaskStackChanged! inSplit = false
12-22 11:08:00.650  6171 23635 I SCTaskStackListener: onTaskStackChanged! inSplit = false
12-22 11:08:00.651  9868 10982 W RecentsModel: getRunningTask   taskInfo=TaskInfo{userId=0 pcFlags:0 taskId=2 displayId=0 isRunning=true baseIntent=Intent { act=android.intent.action.MAIN cat=[android.intent.category.HOME] flg=0x10800100 cmp=com.miui.home/.launcher.Launcher } baseActivity=ComponentInfo{com.miui.home/com.miui.home.launcher.Launcher} topActivity=ComponentInfo{com.miui.home/com.miui.home.launcher.Launcher} origActivity=null realActivity=ComponentInfo{com.miui.home/com.miui.home.launcher.Launcher} numActivities=1 lastActiveTime=1411331119 supportsSplitScreenMultiWindow=true supportsMultiWindow=true resizeMode=2 isResizeable=true token=WCT{android.window.IWindowContainerToken$Stub$Proxy@14749d7} topActivityType=2 pictureInPictureParams=PictureInPictureParams( aspectRatio=null sourceRectHint=null hasSetActions=false isAutoPipEnabled=false isSeamlessResizeEnabled=true) displayCutoutSafeInsets=null topActivityInfo=ActivityInfo{72422c4 com.miui.home.launcher.Launcher} launchCookies=[] positionInParent=Point(0, 0) parentTaskId=-1 isFocused=true isVisible=true topActivityInSizeCompat=false topActivityInMiuiSizeCompat=false locusId= null windowMode=0}
12-22 11:08:00.651  9868 10982 W RecentsModel: getTaskInfoIgnoreHomeAndFreeform   taskInfo=ComponentInfo{com.miui.home/com.miui.home.launcher.Launcher}
12-22 11:08:00.653  9868 10982 E ActivityManagerWrapper: get all recent tasks force including 2
12-22 11:08:00.654  9868 10982 E ActivityManagerWrapper: getRecentTasks: size=5
12-22 11:08:00.654  9868 10982 E ActivityManagerWrapper: getRecentTasks: taskId=303   userId=0   baseIntent=Intent { act=android.settings.APPLICATION_DETAILS_SETTINGS dat=package:cn.missevan flg=0x10008000 cmp=com.android.settings/.applications.InstalledAppDetails }
12-22 11:08:00.654  9868 10982 E ActivityManagerWrapper: getRecentTasks: taskId=302   userId=0   baseIntent=Intent { act=android.intent.action.MAIN cat=[android.intent.category.LAUNCHER] flg=0x10200000 cmp=com.android.settings/.MainSettings }
12-22 11:08:00.654  9868 10982 E ActivityManagerWrapper: getRecentTasks: taskId=268   userId=0   baseIntent=Intent { act=android.intent.action.MAIN cat=[android.intent.category.LAUNCHER] flg=0x10200000 cmp=com.tencent.mobileqq/.activity.SplashActivity }
12-22 11:08:00.654  9868 10982 E ActivityManagerWrapper: getRecentTasks: taskId=278   userId=0   baseIntent=Intent { act=android.intent.action.MAIN cat=[android.intent.category.LAUNCHER] flg=0x10200000 cmp=com.zhihu.android/.app.ui.activity.LauncherActivity }
12-22 11:08:00.654  9868 10982 E ActivityManagerWrapper: getRecentTasks: taskId=270   userId=0   baseIntent=Intent { act=android.intent.action.MAIN cat=[android.intent.category.LAUNCHER] flg=0x10200000 cmp=com.sangfor.vpn.client.phone/.WelcomeActivity }
12-22 11:08:00.654 23742 23742 E eng:pushservic: Not starting debugger since process cannot load the jdwp agent.
12-22 11:08:00.660 23742 23742 I MessageMonitor: Load libmiui_runtime
12-22 11:08:00.666  2475  5746 D SymlinkUtils: attachApplication file op go pass: 0 ms
12-22 11:08:00.667  2475  5746 I SmartPower.cn.wps.moffice_eng:pushservice/10241(23742): died->background(31170326ms) R(process start ) adj=-10000.
12-22 11:08:00.667  2475  3758 I SmartPower: cn.wps.moffice_eng/10241 state=died adj=955 proc size=2 move to background process start
12-22 11:08:00.669  9868 10210 E Launcher.Transfer: transfer is closed
12-22 11:08:00.673 23436 23586 I MANWE   : java.lang.NoSuchFieldException: packageName
12-22 11:08:00.675 23742 23742 D CompatibilityChangeReporter: Compat change id reported: 171979766; UID 10241; state: DISABLED
12-22 11:08:00.676  5652 28739 W MQSService: CallerName:cn.wps.moffice_eng,calling Uid:10241
12-22 11:08:00.676  5652 28739 D MQSService: registerApplicationScoutThread pid = 23742, packageName = cn.wps.moffice_eng
12-22 11:08:00.682 23742 23742 D ApplicationLoaders: Returning zygote-cached class loader: /system/framework/android.test.base.jar
12-22 11:08:00.694 23436 23586 I MANWE   : java.lang.NoSuchFieldException: enabled
12-22 11:08:00.694 23436 23586 I MANWE   : java.lang.NoSuchFieldException: exported
12-22 11:08:00.695 23436 23586 I MANWE   : java.lang.NoSuchFieldException: width
12-22 11:08:00.696 23436 23586 I MANWE   : java.lang.NoSuchFieldException: height
12-22 11:08:00.704  9768 18773 I CmdControl: [getCmdData:472][send] cmd :26, seq: 107, length: 0
12-22 11:08:00.741 23667 23667 V GraphicsEnvironment: ANGLE Developer option for 'cn.missevan' set to: 'default'
12-22 11:08:00.742 23667 23667 V GraphicsEnvironment: ANGLE GameManagerService for cn.missevan: false
12-22 11:08:00.743 23667 23667 V GraphicsEnvironment: Updatable production driver is not supported on the device.
12-22 11:08:00.753 23667 23667 I ForceDarkHelperStubImpl: initialize for cn.missevan , ForceDarkOrigin
12-22 11:08:00.756 23667 23667 D OpenGLRenderer: JNI_OnLoad success
12-22 11:08:00.756 23667 23667 I MiuiForceDarkConfig: setConfig density:2.750000, mainRule:0, secondaryRule:0, tertiaryRule:0
12-22 11:08:00.759 23667 23667 D NetworkSecurityConfig: Using Network Security Config from resource network_security_config debugBuild: false
12-22 11:08:00.760  1267  5427 E ANDR-PERF-LM: SilkyScrolls: emptyContentDetection() 636: empty Content found
12-22 11:08:00.761 23667 23667 D NetworkSecurityConfig: Using Network Security Config from resource network_security_config debugBuild: false
12-22 11:08:00.776  2475  3037 D MIUIInput: [MotionEvent] publisher action=0x4, 581985144, channel 'a6e61f2 NavigationBar0 (server)'
12-22 11:08:00.776  2475  3037 D MIUIInput: [MotionEvent] publisher action=0x4, 581985144, channel '14a5261 LauncherOverlayWindow:com.miui.personalassistant (server)'
12-22 11:08:00.776  2475  3037 D MIUIInput: [MotionEvent] publisher action=0x0, 581985144, channel '648a1ac com.miui.home/com.miui.home.launcher.Launcher (server)'
12-22 11:08:00.776  9868  9868 D EventBus: No subscribers registered for event class com.miui.home.launcher.common.messages.EndSpringAnimatorMessage
12-22 11:08:00.776  9868  9868 D EventBus: No subscribers registered for event class org.greenrobot.eventbus.NoSubscriberEvent
12-22 11:08:00.777  9868  9868 D Launcher.Feed: touchState : 0 scrolling : false normalEditing : false WidgetThumbnailViewShowing : false UninstallDialogShowing : false isMinusScreenShowing: false
12-22 11:08:00.777  9868  9868 D Launcher.StatusBarController: try intercept touch, isProxySurvive=true
12-22 11:08:00.778  9868  9868 D Launcher.Workspace: Workspace touch down
12-22 11:08:00.778  9868  9868 D ScreenView_Workspace: onIntercept:0.0
12-22 11:08:00.778  9868  9868 D ScreenView_Workspace: not intercept
12-22 11:08:00.778  9868  9868 D Launcher.CellLayout: touch item:ShortcutInfo, id=108, itemType=0, user=UserHandle{0}, mIconType=0, pkgName=cn.missevan, className=cn.missevan.activity.SplashActivity, screenId=3, container=-100, cellX=1, cellY=1, spanX=1, spanY=1
12-22 11:08:00.778  9868  9868 D Launcher.itemIcon: folmeDown
12-22 11:08:00.778  9868 10229 D Launcher.Boost: bindcore 200
12-22 11:08:00.782  1251  2448 I vendor.qti.hardware.display.composer-service: FrameNotifyProcess Sensor: notify citsensorservice to trigger cwb
12-22 11:08:00.782  2027  4130 I libcitsensorservice@2.0-impl: msg_transfer
12-22 11:08:00.782  2027  3266 D vendor.xiaomi.sensor.citsensorservice@2.0-service: handle id:10 wxh:1280x2400 uwxuh:1080x2400 size: 9216000 fd:15 fd_meta:16 flags:0x4000228 usage:0x33  format:0x3 layer_count: 1
12-22 11:08:00.782  1251  2216 I SDM     : HWCSession::SetCWBOutputBuffer: CWB config passed by cwb_client : tappoint 1  CWB_ROI : (829.000000 4.000000 915.000000 90.000000)
12-22 11:08:00.784  1251 23800 I SDM     : HWCSession::ProcessRequests: Successfully configured CWB buffer.
12-22 11:08:00.789  1251 23800 I SDM     : HWCSession::ProcessRequests: Pushing release fence in fenece wait queue.
12-22 11:08:00.789  1251 23800 I SDM     : HWCSession::ProcessRequests: Creating AsyncFenceWaits async thread.
12-22 11:08:00.789  1251 23800 I SDM     : HWCSession::ProcessRequests: Remove current CWB request from the pending request queue.
12-22 11:08:00.789  1251 23800 I SDM     : HWCSession::ProcessRequests: No pending cwb requests found in the queue.
12-22 11:08:00.795  1251  1467 I SDM     : HWDeviceDRM::SetupConcurrentWriteback: Tear down the Concurrent Writeback topology
12-22 11:08:00.796 23436 23586 I MANWE   : java.lang.NoSuchFieldException: metaData
12-22 11:08:00.797 23436 23586 I MANWE   : java.lang.NoSuchFieldException: name
12-22 11:08:00.804  1251 23804 I SDM     : HWCSession::NotifyCWBStatus: Notify the client about buffer status 0.
12-22 11:08:00.804  1251 23804 I SDM     : HWCSession::PerformFenceWaits: Remove current release fence from the pending fence wait queue.
12-22 11:08:00.804  1251 23804 I SDM     : HWCSession::PerformFenceWaits: CWB fence queue is empty. No pending release fence to wait on.
12-22 11:08:00.812  9868 10133 D GestureStubView_Touch: setKeepHidden    old=false   new=true
12-22 11:08:00.813  9868 10133 D GestureStubView_Touch: updateTouchable    old=false   new=true
12-22 11:08:00.813  9868 10133 D GestureStubView_Touch:   updateTouchable---requestApplyInsets
12-22 11:08:00.813 23436 23783 W libc    : Access denied finding property "net.dns1"
12-22 11:08:00.813 23436 23783 W libc    : Access denied finding property "net.dns2"
12-22 11:08:00.813  9868 10133 D GestureStubView_Touch: disableTouch    old=false   new=true
12-22 11:08:00.813  9868 10133 D GestureStubView_Touch: updateTouchable    old=true   new=true
12-22 11:08:00.813  9868 10133 D GestureStubView: hideGestureStub
12-22 11:08:00.813  9868 10133 D GestureStubView_Touch: setKeepHidden    old=false   new=true
12-22 11:08:00.813  9868 10133 D GestureStubView_Touch: updateTouchable    old=false   new=true
12-22 11:08:00.813  9868 10133 D GestureStubView_Touch:   updateTouchable---requestApplyInsets
12-22 11:08:00.813  9868 10133 D GestureStubView_Touch: disableTouch    old=false   new=true
12-22 11:08:00.813  9868 10133 D GestureStubView_Touch: updateTouchable    old=true   new=true
12-22 11:08:00.813  9868 10133 D GestureStubView: hideGestureStub
12-22 11:08:00.833 23667 23667 W HMSSDK_PushPreferences: get new sharedPreferences failed,start to get from context.
12-22 11:08:00.841 23436 23579 W bytehook_tag: bytehook init, mode 0, debug 0, return 0
12-22 11:08:00.851 23436 23579 D Pdd.SAHook: init vm
12-22 11:08:00.854  1251  2448 I vendor.qti.hardware.display.composer-service: FrameNotifyProcess Sensor: notify citsensorservice to trigger cwb
12-22 11:08:00.855  2027  4130 I libcitsensorservice@2.0-impl: msg_transfer
12-22 11:08:00.855  2027  3266 D vendor.xiaomi.sensor.citsensorservice@2.0-service: handle id:10 wxh:1280x2400 uwxuh:1080x2400 size: 9216000 fd:15 fd_meta:16 flags:0x4000228 usage:0x33  format:0x3 layer_count: 1
12-22 11:08:00.855  2475  3037 D MIUIInput: [MotionEvent] publisher action=0x1, 581985223, channel '648a1ac com.miui.home/com.miui.home.launcher.Launcher (server)'
12-22 11:08:00.856  1251  2216 I SDM     : HWCSession::SetCWBOutputBuffer: CWB config passed by cwb_client : tappoint 1  CWB_ROI : (829.000000 4.000000 915.000000 90.000000)
12-22 11:08:00.856  9868  9868 D Launcher.Workspace: Workspace touch up or cancel
12-22 11:08:00.856  9868  9868 D ScreenView_Workspace: oninterceput up
12-22 11:08:00.856  1251 23827 I SDM     : HWCSession::ProcessRequests: Successfully configured CWB buffer.
12-22 11:08:00.856  9868  9868 D Launcher.itemIcon: folmeUp
12-22 11:08:00.857  9868  9868 E QuickstepAppTransitionManagerImpl: getActivityLaunchOptions   iconLoc=Rect(334, 480 - 506, 652)
12-22 11:08:00.860  2475  5746 I ActivityTaskManager: START u0 {act=android.intent.action.MAIN cat=[android.intent.category.LAUNCHER] flg=0x10200000 cmp=cn.missevan/.activity.SplashActivity bnds=[334,480][506,652] (has extras)} from uid 10079 from pid 9868 callingPackage com.miui.home
12-22 11:08:00.861  2475  5746 I SmartPower.cn.missevan/10269(23667): background->invisible(283ms) R(become foreground) adj=0.
12-22 11:08:00.862  2475  5746 D PerfImpl: perfHint
12-22 11:08:00.862  2475  5746 D PerfImpl: perfHint
12-22 11:08:00.864  2475  5746 D PerfImpl: perfHint
12-22 11:08:00.864  2475  5746 D MiGgameTypeIdentificationImpl: checkIfGameBeSupported app:cn.missevan
12-22 11:08:00.864  2475  5746 D PerfImpl: perfGetFeedback
12-22 11:08:00.865  2475  5746 I WindowManager: MiGTStub result: false, gameType: 1, packageName: cn.missevan
12-22 11:08:00.865  2475  5746 D MiGgameTypeIdentificationImpl: checkIfGameBeSupported app:cn.missevan
12-22 11:08:00.865  2475  5746 D PerfImpl: perfGetFeedback
12-22 11:08:00.865  2475  5746 D PerfImpl: perfHint
12-22 11:08:00.866  2475  5746 D PerfImpl: perfIOPrefetchStart
12-22 11:08:00.866  2475  5746 E ANDR-PERF-JNI: com_qualcomm_qtiperformance_native_perf_io_prefetch_start
12-22 11:08:00.867  1251 23827 I SDM     : HWCSession::ProcessRequests: Pushing release fence in fenece wait queue.
12-22 11:08:00.867  1251 23827 I SDM     : HWCSession::ProcessRequests: Creating AsyncFenceWaits async thread.
12-22 11:08:00.867 23436 23586 I MANWE   : java.lang.NoSuchFieldException: packageName
12-22 11:08:00.868  1251 23827 I SDM     : HWCSession::ProcessRequests: Remove current CWB request from the pending request queue.
12-22 11:08:00.868  1257  5392 E ANDR-IOP: io prefetch is disabled
12-22 11:08:00.868  2475  5746 W ActivityTaskManager: Can't find TaskDisplayArea to determine support for multi window. Task id=304 attached=false
12-22 11:08:00.869  1251 23827 I SDM     : HWCSession::ProcessRequests: No pending cwb requests found in the queue.
12-22 11:08:00.870  1251  1467 I SDM     : HWDeviceDRM::SetupConcurrentWriteback: Tear down the Concurrent Writeback topology
12-22 11:08:00.871  2475  5746 D PerfImpl: perfColdLaunchBoost: android, -1, 1
12-22 11:08:00.871  2475  5746 D PerfImpl: perfColdLaunchBoost: android, -1, 1
12-22 11:08:00.878  1251 23835 I SDM     : HWCSession::NotifyCWBStatus: Notify the client about buffer status 0.
12-22 11:08:00.878  1251 23835 I SDM     : HWCSession::PerformFenceWaits: Remove current release fence from the pending fence wait queue.
12-22 11:08:00.878  1251 23835 I SDM     : HWCSession::PerformFenceWaits: CWB fence queue is empty. No pending release fence to wait on.
12-22 11:08:00.881  2027  4130 D libsensor-displayalgo: the value of  brightness:357.000000,R:50295836.978646,G:49453183.231498,B:45608547.244546,EVENT_C:2804.500000,EVENT_R:1114.000000,EVENT_G:1507.000000,EVENT_B:607.500000
12-22 11:08:00.881  2027  4130 I libsensor-displayalgo: the value of  Coef1:1107.681000,Coef4:2.383000, scale1:0.935522, scale4:0.923264
12-22 11:08:00.881  2027  4130 E libsensor-displayalgo: RGB_test_0407_400_oldzy!
12-22 11:08:00.881  2027  4130 I libsensor-displayalgo: the value of  RESULT2029.868532,800.696880,1010.344500,358.639547
12-22 11:08:00.881  2027  4130 I libsensor-displayalgo: the value of  getChannelDataCalibrated2117.184711,743.495074,1163.642530,388.009136
12-22 11:08:00.881  2027  4130 I libsensor-displayalgo: the value of  REAL LUX32.330624
12-22 11:08:00.881  2027  4130 I libsensor-displayalgo: the value of  CAL REAL LUX32.330624
12-22 11:08:00.891  2475  5746 D PerfImpl: perfWarmLaunchBoost: cn.missevan, -1, 1
12-22 11:08:00.892  1267  1540 E ANDR-PERF-OPTSHANDLER: Perflock resource /sys/class/devfreq/soc:qcom,cpubw/max_freq not supported
12-22 11:08:00.892  1267  1540 E ANDR-PERF-RESOURCEQS: Failed to apply optimization [6, 6]
12-22 11:08:00.892  1267  1540 E ANDR-PERF-OPTSHANDLER: Perflock resource /sys/class/devfreq/soc:qcom,cpubw/min_freq not supported
12-22 11:08:00.892  1267  1540 E ANDR-PERF-RESOURCEQS: Failed to apply optimization [6, 0]
12-22 11:08:00.892  1267  1540 E ANDR-PERF-OPTSHANDLER: Perflock resource /sys/class/devfreq/soc:qcom,cpu0-llcc-ddr-lat/min_freq not supported
12-22 11:08:00.892  1267  1540 E ANDR-PERF-RESOURCEQS: Failed to apply optimization [13, 12]
12-22 11:08:00.900  4496  4496 V ShadeControllerImpl: NotificationShadeWindow: com.android.systemui.statusbar.phone.NotificationShadeWindowView{219c5db I.E...... ......ID 0,0-1080,2400} canPanelBeCollapsed(): false
12-22 11:08:00.906  9868  9868 D Launcher.Lifecycle: onPause:UserHandle{0},77bb0e6,true
12-22 11:08:00.906  9868  9868 D Launcher_UnlockAnimationStateMachine: setState:PAUSE_WAIT
12-22 11:08:00.906  4496  4496 I OneHandedController: stopOneHanded mState=STATE_NONE, uiEvent=ONE_HANDED_TRIGGER_APP_TAPS_OUT
12-22 11:08:00.907  5996  6020 D LauncherOverlay: setActivityState:1
12-22 11:08:00.907  5996  5996 D LauncherOverlay.Window: onPause
12-22 11:08:00.909  2475  5746 D PerfImpl: perfWarmLaunchBoost: cn.missevan, -1, 1
12-22 11:08:00.909  1267  1540 E ANDR-PERF-OPTSHANDLER: Perflock resource /sys/class/devfreq/soc:qcom,cpubw/max_freq not supported
12-22 11:08:00.909  1267  1540 E ANDR-PERF-RESOURCEQS: Failed to apply optimization [6, 6]
12-22 11:08:00.909  1267  1540 E ANDR-PERF-OPTSHANDLER: Perflock resource /sys/class/devfreq/soc:qcom,cpubw/min_freq not supported
12-22 11:08:00.909  1267  1540 E ANDR-PERF-RESOURCEQS: Failed to apply optimization [6, 0]
12-22 11:08:00.909  1267  1540 E ANDR-PERF-OPTSHANDLER: Perflock resource /sys/class/devfreq/soc:qcom,cpu0-llcc-ddr-lat/min_freq not supported
12-22 11:08:00.909  1267  1540 E ANDR-PERF-RESOURCEQS: Failed to apply optimization [13, 12]
12-22 11:08:00.909  2475  5746 D PerfImpl: perfAnimBoost: cn.missevan
12-22 11:08:00.909 23436 23586 E MANWE   : time = 64,7,307
12-22 11:08:00.909 23742 23742 V GraphicsEnvironment: ANGLE Developer option for 'cn.wps.moffice_eng' set to: 'default'
12-22 11:08:00.910  2475  5746 D PerfImpl: perfColdLaunchBoost: cn.missevan, 23667, 102
12-22 11:08:00.910 23742 23742 V GraphicsEnvironment: ANGLE GameManagerService for cn.wps.moffice_eng: false
12-22 11:08:00.911 23742 23742 V GraphicsEnvironment: Updatable production driver is not supported on the device.
12-22 11:08:00.916 23742 23742 I ForceDarkHelperStubImpl: initialize for cn.wps.moffice_eng , ForceDarkOrigin
12-22 11:08:00.917 23742 23742 D OpenGLRenderer: JNI_OnLoad success
12-22 11:08:00.917 23742 23742 I MiuiForceDarkConfig: setConfig density:2.750000, mainRule:0, secondaryRule:0, tertiaryRule:0
12-22 11:08:00.918 23742 23742 D NetworkSecurityConfig: Using Network Security Config from resource network_security_config debugBuild: false
12-22 11:08:00.921 23742 23742 D NetworkSecurityConfig: Using Network Security Config from resource network_security_config debugBuild: false
12-22 11:08:00.922 23742 23742 D Tinker.TinkerLoader: tryLoad test test
12-22 11:08:00.923 23742 23742 W Tinker.TinkerLoader: tryLoadPatchFiles:patch dir not exist:/data/user/0/cn.wps.moffice_eng/tinker
12-22 11:08:00.923 23742 23742 D KApm.launch: dispatchBefore coldStartTime = 1671678480923
12-22 11:08:00.923 23742 23742 D KApm.launch: attachBaseContextBegin attachBeginTime = 1671678480923
12-22 11:08:00.939  1131  1163 E traffic : traffic monitor has been disabled or argment error.
12-22 11:08:00.940 25677 25691 D AutoInstallService: onForegroundInfoChanged: cn.missevan
12-22 11:08:00.940  7579  7617 I GST     : forePkg: cn.missevan, preForePkg: com.miui.home
12-22 11:08:00.942  2475  3650 I MiuiNetworkPolicyTrafficLimit: updateWhiteListUidForMobileTraffic uid=10269,add=true
12-22 11:08:00.942  2475  3650 D MiuiNetworkPolicyTrafficLimit: updateWhiteListUidForMobileTraffic rst=true
12-22 11:08:00.942  6171 23635 I ProcessMonitor: onForegroundInfoChanged: ForegroundInfo{mForegroundPackageName='cn.missevan', mForegroundUid=10269, mForegroundPid=23667, mLastForegroundPackageName='com.miui.home', mLastForegroundUid=10079, mLastForegroundPid=9868, mMultiWindowForegroundPackageName='cn.missevan', mMultiWindowForegroundUid=10269, mFlags=0}
12-22 11:08:00.942 23667 23846 D AppScoutStateMachine: 23667-ScoutStateMachinecreated
12-22 11:08:00.942  6206  7150 D LS-ForegroundStatusManager: handleMessage ForegroundInfoChanged. pkg = cn.missevan, uid = 10269, mCurrentForegroundUid = 10079
12-22 11:08:00.942  6173  6211 I ^_^MemoryTrim: onAppBackground()
12-22 11:08:00.942  6206  7150 D LS-ForegroundStatusManager: onForegroundChanged mCurrentForegroundUid = 10079, new uid = 10269
12-22 11:08:00.942  6206  7200 I ThermalInfoCollector: collectForgroundAppsInfo: com.miui.home
12-22 11:08:00.943  6206  7182 D ThermalIECHandler: IECAll48Allowed: false; IECMonitorAllowed: false; IECTestState: false
12-22 11:08:00.943  6206  8012 D PerfEngineController: ForegroundInfo{mForegroundPackageName='cn.missevan', mForegroundUid=10269, mForegroundPid=23667, mLastForegroundPackageName='com.miui.home', mLastForegroundUid=10079, mLastForegroundPid=9868, mMultiWindowForegroundPackageName='cn.missevan', mMultiWindowForegroundUid=10269, mFlags=0}
12-22 11:08:00.944  9868 10313 D AppObserver: ForegroundInfo{mForegroundPackageName='cn.missevan', mForegroundUid=10269, mForegroundPid=23667, mLastForegroundPackageName='com.miui.home', mLastForegroundUid=10079, mLastForegroundPid=9868, mMultiWindowForegroundPackageName='cn.missevan', mMultiWindowForegroundUid=10269, mFlags=0}
12-22 11:08:00.944  5773  5811 I SLM-SRV-SLAToast: foreground uid:10269, isColdStart:false, isLinkTurboEnable:false
12-22 11:08:00.944  6171 23635 I GameBoosterService: onForegroundInfoChanged: Cur=cn.missevan	 last=com.miui.home
12-22 11:08:00.944  6206  7117 D BL-BatteryLifeChecker:  onMessage. what = -10
12-22 11:08:00.944  6206  7117 D BL-BatteryLifeChecker:  onMessage. Foreground uid = 10079, isForeground = false
12-22 11:08:00.944  6206  7117 D BL-BatteryLifeChecker:  onMessage. what = -10
12-22 11:08:00.944  6206  7117 D BL-BatteryLifeChecker:  onMessage. Foreground uid = 10269, isForeground = true
12-22 11:08:00.950 20304 20444 D IdProviderImpl: getOAID from com.miui.analytics
12-22 11:08:00.952  9868 10313 D TaskStackChangeListeners: onTaskDisplayChanged =  taskId = 304 newDisplayId = 0
12-22 11:08:00.958  9868  9868 D Launcher.Lifecycle: onWindowFocusChanged:false,UserHandle{0},77bb0e6,true
12-22 11:08:00.958  9868  9868 D DecorView[Launcher]: onWindowFocusChanged hasWindowFocus false
12-22 11:08:00.961  4496  4496 I OneHandedController: stopOneHanded mState=STATE_NONE, uiEvent=ONE_HANDED_TRIGGER_APP_TAPS_OUT
12-22 11:08:00.963  4496  4496 I OneHandedController: stopOneHanded mState=STATE_NONE, uiEvent=ONE_HANDED_TRIGGER_APP_TAPS_OUT
12-22 11:08:00.964  6171 23635 D GameBoosterService: onGameStatusChange foreground:ForegroundInfo{mForegroundPackageName='cn.missevan', mForegroundUid=10269, mForegroundPid=23667, mLastForegroundPackageName='com.miui.home', mLastForegroundUid=10079, mLastForegroundPid=9868, mMultiWindowForegroundPackageName='cn.missevan', mMultiWindowForegroundUid=10269, mFlags=0}
12-22 11:08:00.964  6171 23635 I VideoBoxUtils: isSupportVideoBox: true
12-22 11:08:00.966  6171 23635 I VideoToolBoxService: splitMode: onfalse
12-22 11:08:00.966  6171 23635 I VideoToolBoxService: onForegroundInfoChanged: Exit Vtb
12-22 11:08:00.966  6171 23635 W ContextImpl: Calling a method in the system process without a qualified user: android.app.ContextImpl.startService:1827 android.content.ContextWrapper.startService:786 e.d.d.n.k.b:39 e.d.d.n.k$c.onForegroundInfoChanged:21 com.miui.gamebooster.mutiwindow.h$a.onForegroundInfoChanged:152
12-22 11:08:00.968  4176  4881 W OpenGLRenderer: Surface doesn't have any previously queued frames, nothing to readback from
12-22 11:08:00.970  4176  4247 D HomeWallpaperRenderer: OFFSET  x: 1.0  y: 0.0
12-22 11:08:00.971  4176  4247 D HomeWallpaperRenderer: OFFSET  x: 1.0  y: 0.0
12-22 11:08:00.971  4176  4881 W OpenGLRenderer: Surface doesn't have any previously queued frames, nothing to readback from
12-22 11:08:00.979 20621 20621 I HandWritingStubImpl: isKeyboardTypeChanged: false
12-22 11:08:00.981  9868 10229 D Launcher.Boost: bindcore 79
12-22 11:08:00.983  1132  1132 D Zygote  : Forked child process 23874
12-22 11:08:00.988  2475  6308 I WindowManagerService: Physical orientation applied, rotation=0 sfOrientation=ORIENTATION_0
12-22 11:08:00.989  4496  4496 W RenderThread: type=1400 audit(0.0:119452): avc: denied { read write } for name="metis" dev="tmpfs" ino=820 scontext=u:r:system_app:s0 tcontext=u:object_r:migt_dev:s0 tclass=chr_file permissive=0
12-22 11:08:00.995 23874 23874 I libc    : SetHeapTaggingLevel: tag level set to 0
12-22 11:08:00.997  4176  4247 D HomeWallpaperRenderer: OFFSET  x: 1.0  y: 0.0
12-22 11:08:00.997  4176  4881 W OpenGLRenderer: Surface doesn't have any previously queued frames, nothing to readback from
12-22 11:08:01.003  2475  2692 I ActivityManager: Start proc 23874:cn.wps.moffice_eng/u0a241 for content provider {cn.wps.moffice_eng/cn.wps.moffice.persistence.AppDataProvider} caller=cn.wps.moffice_eng
12-22 11:08:01.004  4176  4247 D HomeWallpaperRenderer: OFFSET  x: 1.0  y: 0.0
12-22 11:08:01.004  4176  4881 W OpenGLRenderer: Surface doesn't have any previously queued frames, nothing to readback from
12-22 11:08:01.015  4176  4881 W OpenGLRenderer: Surface doesn't have any previously queued frames, nothing to readback from
12-22 11:08:01.016  4176  4247 D HomeWallpaperRenderer: OFFSET  x: 1.0  y: 0.0
12-22 11:08:01.016  4176  4881 W OpenGLRenderer: Surface doesn't have any previously queued frames, nothing to readback from
12-22 11:08:01.016  4176  4247 D HomeWallpaperRenderer: OFFSET  x: 1.0  y: 0.0
12-22 11:08:01.031  2475  2680 I SmartPower.cn.missevan/10269(23667): invisible->visible(169ms) R(become visible) adj=0.
12-22 11:08:01.032  9868  9868 D Launcher_WallpaperUtils: changeStatusBarMode:false
12-22 11:08:01.032  9868 10058 D StatusBarController: handleMessage: flag 800000  disable false
12-22 11:08:01.034  2475  3758 I SmartPower: cn.missevan/10269 state=background adj=0 proc size=4 move to foreground become visible
12-22 11:08:01.034 23874 23874 E wps.moffice_en: Not starting debugger since process cannot load the jdwp agent.
12-22 11:08:01.044 23874 23874 I MessageMonitor: Load libmiui_runtime
12-22 11:08:01.045 23436 23579 D Pdd.SAHook: hook remove
12-22 11:08:01.055  2475  6403 D SymlinkUtils: attachApplication file op go pass: 0 ms
12-22 11:08:01.062  4176  4247 D HomeWallpaperRenderer: OFFSET  x: 1.0  y: 0.0
12-22 11:08:01.062  9868 10313 E LauncherAnimationRunner: onAnimationStart
12-22 11:08:01.062  9868 10313 E LauncherAnimationRunner: onAnimationStart:   mode=1   taskId=2   isTranslucent=false
12-22 11:08:01.062  9868 10313 E LauncherAnimationRunner: onAnimationStart:   mode=0   taskId=304   isTranslucent=false
12-22 11:08:01.062  4176  4881 W OpenGLRenderer: Surface doesn't have any previously queued frames, nothing to readback from
12-22 11:08:01.063  9868  9868 E QuickstepAppTransitionManagerImpl: startIconLaunchAnimator:launcherClosing=true   iconLoc=Rect(334, 480 - 506, 652)
12-22 11:08:01.063  9868  9868 E QuickstepAppTransitionManagerImpl: startOpeningWindowAnimators:iconLoc=Rect(334, 480 - 506, 652)
12-22 11:08:01.063  9868  9868 E ClipAnimationHelper: updateSourceStack  mSourceInsets=Rect(0, 104 - 0, 44), mSourceStackBounds=Rect(0, 0 - 1080, 2400)
12-22 11:08:01.063  9868  9868 E ClipAnimationHelper: updateHomeStack  mSourceInsets=Rect(0, 104 - 0, 44), mHomeStackBounds=Rect(0, 0 - 1080, 2400)
12-22 11:08:01.063  9868  9868 E ClipAnimationHelper: updateTargetRect  mSourceRect=RectF(0.0, 104.0, 1080.0, 2504.0)   mTargetRect=RectF(0.0, 0.0, 1080.0, 2400.0)   mSourceWindowClipInsets=RectF(0.0, 104.0, 0.0, 0.0)   mHomeStackBounds=Rect(0, 0 - 1080, 2400)   targetRect=Rect(0, 0 - 1080, 2400)
12-22 11:08:01.063  9868  9868 I QuickstepAppTransitionManagerImpl: startOpeningWindowAnimators, currentDisplayRotation=0, homeRotation=0, startRectF=RectF(340.0, 486.0, 500.0, 646.0), endRectF=RectF(0.0, 0.0, 1080.0, 2400.0), startRadius = 243.0, endRadius = 90.0, isUseTranslucentAnim = false
12-22 11:08:01.063  4176  4247 D HomeWallpaperRenderer: OFFSET  x: 1.0  y: 0.0
12-22 11:08:01.064  9868  9868 E QuickstepAppTransitionManagerImpl: startLauncherContentAnimator:isAppOpening=true
12-22 11:08:01.064  9868 11169 W FloatingIconLayer: getFloatingIconLayer
12-22 11:08:01.065  4176  4881 W OpenGLRenderer: Surface doesn't have any previously queued frames, nothing to readback from
12-22 11:08:01.065  2475  3752 D SchedBoost: startBoostInternal 2000
12-22 11:08:01.065  2475  3752 D SchedBoost: ready to boost
12-22 11:08:01.066  2475  3752 D SchedBoost: startBoostInternal 2000
12-22 11:08:01.066  2475  3752 D SchedBoost: ready to boost
12-22 11:08:01.070  4176  4881 W OpenGLRenderer: Surface doesn't have any previously queued frames, nothing to readback from
12-22 11:08:01.070  9868 11169 W FloatingIconLayer: drawIcon
12-22 11:08:01.073  4176  4247 D HomeWallpaperRenderer: OFFSET  x: 1.0  y: 0.0
12-22 11:08:01.069  9868  9868 W RenderThread: type=1400 audit(0.0:119453): avc: denied { read write } for name="metis" dev="tmpfs" ino=820 scontext=u:r:platform_app:s0:c512,c768 tcontext=u:object_r:migt_dev:s0 tclass=chr_file permissive=0 app=com.miui.home
12-22 11:08:01.088  4176  4881 W OpenGLRenderer: Surface doesn't have any previously queued frames, nothing to readback from
12-22 11:08:01.088  4176  4247 D HomeWallpaperRenderer: OFFSET  x: 1.0  y: 0.0
12-22 11:08:01.088  4176  4247 D HomeWallpaperRenderer: OFFSET  x: 1.0  y: 0.0
12-22 11:08:01.088 23667 23667 I MissevanApplicationLike: onActivityCreated: activity.SplashActivity
12-22 11:08:01.089  4176  4881 W OpenGLRenderer: Surface doesn't have any previously queued frames, nothing to readback from
12-22 11:08:01.093  2475  6403 I SmartPower.cn.wps.moffice_eng/10241(23874): died->background(31124423ms) R(process start ) adj=-10000.
12-22 11:08:01.097  4176  4881 W OpenGLRenderer: Surface doesn't have any previously queued frames, nothing to readback from
12-22 11:08:01.098  4176  4247 D HomeWallpaperRenderer: OFFSET  x: 1.0  y: 0.0
12-22 11:08:01.102  4176  4247 D HomeWallpaperRenderer: OFFSET  x: 1.0  y: 0.0
12-22 11:08:01.103  4176  4881 W OpenGLRenderer: Surface doesn't have any previously queued frames, nothing to readback from
12-22 11:08:01.104  4176  4247 D HomeWallpaperRenderer: OFFSET  x: 1.0  y: 0.0
12-22 11:08:01.104 23667 23667 E MiuiMultiWindowUtils: initFreeFormResolutionArgs failed, device is ziyi
12-22 11:08:01.105  4176  4881 W OpenGLRenderer: Surface doesn't have any previously queued frames, nothing to readback from
12-22 11:08:01.105 23667 23667 D IS_CTS_MODE: true
12-22 11:08:01.105 23667 23667 D MULTI_WINDOW_SWITCH_ENABLED: false
12-22 11:08:01.105 23667 23667 D IS_CTS_MODE: true
12-22 11:08:01.105 23667 23667 D MULTI_WINDOW_SWITCH_ENABLED: false
12-22 11:08:01.107  9868 10210 E Launcher.Transfer: transfer is closed
12-22 11:08:01.109 23874 23874 D CompatibilityChangeReporter: Compat change id reported: 171979766; UID 10241; state: DISABLED
12-22 11:08:01.111 23667 23667 D DecorView[]: getWindowModeFromSystem  windowmode is 1
12-22 11:08:01.115  5652 28739 W MQSService: CallerName:cn.wps.moffice_eng,calling Uid:10241
12-22 11:08:01.116  5652 28739 D MQSService: registerApplicationScoutThread pid = 23874, packageName = cn.wps.moffice_eng
12-22 11:08:01.117  9868 27543 D RecentsModel: onTaskStackChangedBackground
12-22 11:08:01.117  6206  8012 I MultiScreenObserver: onTaskStackChanged, splitScreenMode: false isCameraFloat: false isSmallScreen: false
12-22 11:08:01.117  9868 10982 D RecentsModel: onTaskStackChangedBackground    MSG_TASK_STACK_CHANGE
12-22 11:08:01.117  9868 10982 D RecentsModel: preloadRecents
12-22 11:08:01.117  9868 10982 W RecentsModel: getRunningTask
12-22 11:08:01.119 23667 23667 I MissevanApplicationLike: onActivityStarted: activity.SplashActivity
12-22 11:08:01.120  6171 23635 I SCTaskStackListener: onTaskStackChanged! inSplit = false
12-22 11:08:01.121  4176  4881 W OpenGLRenderer: Surface doesn't have any previously queued frames, nothing to readback from
12-22 11:08:01.121  4176  4247 D HomeWallpaperRenderer: OFFSET  x: 1.0  y: 0.0
12-22 11:08:01.122 23667 23667 I MissevanApplicationLike: onActivityResumed: activity.SplashActivity
12-22 11:08:01.125 23874 23874 D ApplicationLoaders: Returning zygote-cached class loader: /system/framework/android.test.base.jar
12-22 11:08:01.132 23436 23524 I PddReport.CmtReport: dlsym xlogger_Level failed, error:undefined symbol: xlogger_Level, filename:libmarsxlog.so
12-22 11:08:01.135  4176  4247 D HomeWallpaperRenderer: OFFSET  x: 1.0  y: 0.0
12-22 11:08:01.135  4176  4881 W OpenGLRenderer: Surface doesn't have any previously queued frames, nothing to readback from
12-22 11:08:01.138  9868 11169 W FloatingIconLayer: release
12-22 11:08:01.139  9868 10982 W RecentsModel: getRunningTask   taskInfo=TaskInfo{userId=0 pcFlags:0 taskId=304 displayId=0 isRunning=true baseIntent=Intent { act=android.intent.action.MAIN cat=[android.intent.category.LAUNCHER] flg=0x10200000 cmp=cn.missevan/.activity.SplashActivity } baseActivity=ComponentInfo{cn.missevan/cn.missevan.activity.SplashActivity} topActivity=ComponentInfo{cn.missevan/cn.missevan.activity.SplashActivity} origActivity=null realActivity=ComponentInfo{cn.missevan/cn.missevan.activity.SplashActivity} numActivities=1 lastActiveTime=1411331588 supportsSplitScreenMultiWindow=true supportsMultiWindow=true resizeMode=1 isResizeable=true token=WCT{android.window.IWindowContainerToken$Stub$Proxy@73475ea} topActivityType=1 pictureInPictureParams=PictureInPictureParams( aspectRatio=null sourceRectHint=null hasSetActions=false isAutoPipEnabled=false isSeamlessResizeEnabled=true) displayCutoutSafeInsets=Rect(0, 100 - 0, 0) topActivityInfo=ActivityInfo{a3fb0db cn.missevan.activity.SplashActivity} launchCookies=[] positionInParent=Point(0, 0) parentTaskId=-1 isFocused=false isVisible=true topActivityInSizeCompat=false topActivityInMiuiSizeCompat=false locusId= null windowMode=0}
12-22 11:08:01.139  9868 10982 W RecentsModel: getTaskInfoIgnoreHomeAndFreeform   taskInfo=ComponentInfo{cn.missevan/cn.missevan.activity.SplashActivity}
12-22 11:08:01.142  9868 10982 E ActivityManagerWrapper: get all recent tasks force including 304
12-22 11:08:01.149 23667 23937 D ViewContentFactory: initViewContentFetcherClass
12-22 11:08:01.149 23667 23937 D ViewContentFactory: getInterceptorPackageInfo
12-22 11:08:01.152 23667 23937 D ViewContentFactory: getInitialApplication took 2ms
12-22 11:08:01.152 23667 23937 D ViewContentFactory: packageInfo.packageName: com.miui.catcherpatch
12-22 11:08:01.154 23667 23945 I Prefs   : setKvsValue, key: local_privacy, value: {"title_for_update":"隐私政策更新提示","modified_time":1616673600,"content_for_decline":"猫耳FM将严格按照《猫耳FM隐私政策》和《猫耳FM用户使用协议》向您提供服务。如您不同意本隐私政策，您可以点击“不同意”后退出应用。","title":"用户协议与隐私政策提示","more_content_html":"您可通过阅读完整版<a href=\"https://link.missevan.com/rule/privacy\">《猫耳FM隐私政策》</a>和<a href=\"https://www.missevan.com/page/rule/duty\">《猫耳FM用户使用协议》</a>了解详尽的条款内容。","content":"感谢您信任并使用猫耳FM的产品和服务。在您使用猫耳FM产品或服务前，请您认真阅读并理解《猫耳FM隐私政策》和《猫耳FM用户使用协议》。您点击“同意”，即表示您已阅读并同意上述条款，猫耳FM将尽全力保障您的合法权益并继续为您提供优质的产品和服务。如您点击“不同意”，将可能导致无法继续使用我们的产品和服务。","content_for_update":"感谢您信任并使用猫耳FM的产品和服务。我们依据最新的法律法规、监管政策要求，更新了《猫耳FM隐私政策》部分条款，特向您推送本提示。\n本次我们更新的条款主要包括：更新《猫耳FM第三方 SDK 目录》。请您在使用 / 继续使用我们的产品与 / 或服务前仔细阅读并充分理解更新后的隐私政策。\n您点击“同意”，即表示您已阅读并同意上述条款，猫耳FM将尽全力保障您的合法权益并继续为您提供优质的产品和服务。如您点击“不同意”，将可能导致无法继续使用我们的产品和服务。","url":"https://link.missevan.com/rule/privacy"}
12-22 11:08:01.154 23667 23945 I Prefs   : setKvsValue, key: current_season, value: 4
12-22 11:08:01.156  1251  2448 I vendor.qti.hardware.display.composer-service: FrameNotifyProcess Sensor: notify citsensorservice to trigger cwb
12-22 11:08:01.156  2027  4130 I libcitsensorservice@2.0-impl: msg_transfer
12-22 11:08:01.156  2027  3266 D vendor.xiaomi.sensor.citsensorservice@2.0-service: handle id:10 wxh:1280x2400 uwxuh:1080x2400 size: 9216000 fd:15 fd_meta:16 flags:0x4000228 usage:0x33  format:0x3 layer_count: 1
12-22 11:08:01.157  1251  2216 I SDM     : HWCSession::SetCWBOutputBuffer: CWB config passed by cwb_client : tappoint 1  CWB_ROI : (829.000000 4.000000 915.000000 90.000000)
12-22 11:08:01.159 23667 23937 D ViewContentFactory: initViewContentFetcherClass took 10ms
12-22 11:08:01.159 23667 23937 I ContentCatcher: ViewContentFetcher : ViewContentFetcher
12-22 11:08:01.159 23667 23937 D ViewContentFactory: createInterceptor took 11ms
12-22 11:08:01.161 23436 23595 W System.err: java.lang.UnsatisfiedLinkError: dynamic so not ready:brotli
12-22 11:08:01.161 23436 23595 W System.err: 	at com.aimi.android.common.util.p.x(Pdd:436)
12-22 11:08:01.161 23436 23595 W System.err: 	at com.aimi.android.common.util.p.w(Pdd:5)
12-22 11:08:01.161 23436 23595 W System.err: 	at com.xunmeng.pinduoduo.util.bl.a(Pdd:15)
12-22 11:08:01.161 23436 23595 W System.err: 	at com.xunmeng.pinduoduo.brotli.a.<clinit>(Pdd:2)
12-22 11:08:01.161 23436 23595 W System.err: 	at com.xunmeng.pinduoduo.arch.vita.VitaManagerImpl.C(Pdd:20)
12-22 11:08:01.162 23436 23595 W System.err: 	at com.xunmeng.pinduoduo.arch.vita.inner.w.<init>(Pdd:77)
12-22 11:08:01.162 23436 23595 W System.err: 	at com.xunmeng.pinduoduo.arch.vita.inner.w.b(Pdd:30)
12-22 11:08:01.162 23436 23595 W System.err: 	at com.xunmeng.pinduoduo.arch.vita.inner.VitaDownload.e(Pdd:17)
12-22 11:08:01.162 23436 23595 W System.err: 	at com.xunmeng.pinduoduo.arch.vita.VitaManagerImpl.x(Pdd:16)
12-22 11:08:01.162 23436 23595 W System.err: 	at com.xunmeng.pinduoduo.arch.vita.VitaManagerImpl.H(Pdd:103)
12-22 11:08:01.162 23436 23595 W System.err: 	at com.xunmeng.pinduoduo.arch.vita.VitaManagerImpl.P(Pdd:60)
12-22 11:08:01.162 23436 23595 W System.err: 	at com.xunmeng.pinduoduo.bot.a.d.a(Pdd:19)
12-22 11:08:01.162 23436 23595 W System.err: 	at com.xunmeng.pinduoduo.bot.a.f.b(Pdd:57)
12-22 11:08:01.162 23436 23595 W System.err: 	at com.xunmeng.pinduoduo.bot.c$1.run(Pdd:26)
12-22 11:08:01.162 23436 23595 W System.err: 	at com.xunmeng.pinduoduo.threadpool.v2.b.run(Pdd:9)
12-22 11:08:01.162 23436 23595 W System.err: 	at java.util.concurrent.ThreadPoolExecutor.runWorker(ThreadPoolExecutor.java:1167)
12-22 11:08:01.162 23436 23595 W System.err: 	at java.util.concurrent.ThreadPoolExecutor$Worker.run(ThreadPoolExecutor.java:641)
12-22 11:08:01.162 23436 23595 W System.err: 	at java.lang.Thread.run(Thread.java:920)
12-22 11:08:01.162 23436 23595 W System.err: 	at com.xunmeng.pinduoduo.threadpool.ar.run(Pdd:15)
12-22 11:08:01.162  6171  6650 I SCTaskStackListener: onTaskStackChanged! inSplit = false
12-22 11:08:01.164 23436 23524 I PddReport.CmtReport: cmtFreeze
12-22 11:08:01.166  4176  4247 D HomeWallpaperRenderer: OFFSET  x: 1.0  y: 0.0
12-22 11:08:01.166  4176  4881 W OpenGLRenderer: Surface doesn't have any previously queued frames, nothing to readback from
12-22 11:08:01.166  4176  4881 W OpenGLRenderer: Surface doesn't have any previously queued frames, nothing to readback from
12-22 11:08:01.168  1251 23949 I SDM     : HWCSession::ProcessRequests: Successfully configured CWB buffer.
12-22 11:08:01.170  4176  4247 D HomeWallpaperRenderer: OFFSET  x: 1.0  y: 0.0
12-22 11:08:01.174  9868 10982 E ActivityManagerWrapper: getRecentTasks: size=5
12-22 11:08:01.174  9868 10982 E ActivityManagerWrapper: getRecentTasks: taskId=304   userId=0   baseIntent=Intent { act=android.intent.action.MAIN cat=[android.intent.category.LAUNCHER] flg=0x10200000 cmp=cn.missevan/.activity.SplashActivity }
12-22 11:08:01.174  9868 10982 E ActivityManagerWrapper: getRecentTasks: taskId=303   userId=0   baseIntent=Intent { act=android.settings.APPLICATION_DETAILS_SETTINGS dat=package:cn.missevan flg=0x10008000 cmp=com.android.settings/.applications.InstalledAppDetails }
12-22 11:08:01.174  9868 10982 E ActivityManagerWrapper: getRecentTasks: taskId=302   userId=0   baseIntent=Intent { act=android.intent.action.MAIN cat=[android.intent.category.LAUNCHER] flg=0x10200000 cmp=com.android.settings/.MainSettings }
12-22 11:08:01.174  9868 10982 E ActivityManagerWrapper: getRecentTasks: taskId=268   userId=0   baseIntent=Intent { act=android.intent.action.MAIN cat=[android.intent.category.LAUNCHER] flg=0x10200000 cmp=com.tencent.mobileqq/.activity.SplashActivity }
12-22 11:08:01.174  9868 10982 E ActivityManagerWrapper: getRecentTasks: taskId=278   userId=0   baseIntent=Intent { act=android.intent.action.MAIN cat=[android.intent.category.LAUNCHER] flg=0x10200000 cmp=com.zhihu.android/.app.ui.activity.LauncherActivity }
12-22 11:08:01.176  1251 23949 I SDM     : HWCSession::ProcessRequests: Pushing release fence in fenece wait queue.
12-22 11:08:01.176  1251 23949 I SDM     : HWCSession::ProcessRequests: Creating AsyncFenceWaits async thread.
12-22 11:08:01.176  1251 23949 I SDM     : HWCSession::ProcessRequests: Remove current CWB request from the pending request queue.
12-22 11:08:01.177 23667 23667 D DecorView[]: getWindowModeFromSystem  windowmode is 1
12-22 11:08:01.177 23667 23667 D DecorView[]: updateDecorCaptionStatus displayWindowDecor is false
12-22 11:08:01.177  1251 23949 I SDM     : HWCSession::ProcessRequests: No pending cwb requests found in the queue.
12-22 11:08:01.180  6206  7182 D ThermalIECHandler: storeDataStyle: thermal_iec_monitor_persistence_data_style_iec_state; startIECTime: -1; IECScreenOffOverPeriodTime: 1410825231
12-22 11:08:01.180  6206  7182 D ThermalIECHandler: storeDataStyle: thermal_iec_monitor_persistence_data_style_iec_state; startIECTime: -1; IECScreenOffOverPeriodTime: 1410825231
12-22 11:08:01.181  1251  1467 I SDM     : HWDeviceDRM::SetupConcurrentWriteback: Tear down the Concurrent Writeback topology
12-22 11:08:01.183  2027  3285 D libsensor-displayalgo: the value of  brightness:357.000000,R:50295836.978646,G:49453183.231498,B:45608547.244546,EVENT_C:2805.500000,EVENT_R:1115.000000,EVENT_G:1509.000000,EVENT_B:609.500000
12-22 11:08:01.183  2027  3285 I libsensor-displayalgo: the value of  Coef1:1107.681000,Coef4:2.383000, scale1:0.935522, scale4:0.923264
12-22 11:08:01.183  2027  3285 E libsensor-displayalgo: RGB_test_0407_400_oldzy!
12-22 11:08:01.183  2027  3285 I libsensor-displayalgo: the value of  RESULT2029.868532,800.696880,1010.344500,358.639547
12-22 11:08:01.183  2027  3285 I libsensor-displayalgo: the value of  getChannelDataCalibrated2117.184711,743.495074,1163.642530,388.009136
12-22 11:08:01.183  2027  3285 I libsensor-displayalgo: the value of  REAL LUX32.292019
12-22 11:08:01.183  2027  3285 I libsensor-displayalgo: the value of  CAL REAL LUX32.292019
12-22 11:08:01.185 23667 23951 E QXPerf  : Couldn't load BLASTBufferQueue Class
12-22 11:08:01.185 23667 23951 E QXPerf  : Couldn't find UndequeuedBufferCount functions
12-22 11:08:01.186  4176  4881 W OpenGLRenderer: Surface doesn't have any previously queued frames, nothing to readback from
12-22 11:08:01.186  4176  4247 D HomeWallpaperRenderer: OFFSET  x: 1.0  y: 0.0
12-22 11:08:01.189  4176  4247 D HomeWallpaperRenderer: OFFSET  x: 1.0  y: 0.0
12-22 11:08:01.191  1251 23954 I SDM     : HWCSession::NotifyCWBStatus: Notify the client about buffer status 0.
12-22 11:08:01.191  1251 23954 I SDM     : HWCSession::PerformFenceWaits: Remove current release fence from the pending fence wait queue.
12-22 11:08:01.191  1251 23954 I SDM     : HWCSession::PerformFenceWaits: CWB fence queue is empty. No pending release fence to wait on.
12-22 11:08:01.192  4176  4881 W OpenGLRenderer: Surface doesn't have any previously queued frames, nothing to readback from
12-22 11:08:01.199  9868  9868 D RecentsImpl: mActivityStateObserver cn.missevan.activity.SplashActivity
12-22 11:08:01.199  4176  4247 D HomeWallpaperRenderer: OFFSET  x: 1.0  y: 0.0
12-22 11:08:01.199  9868  9868 W RecentsImpl: onResumed className=cn.missevan.activity.SplashActivity   mIsInAnotherPro=false   isKeyguardLocked=false
