06-21 18:05:38.451  7338  6233 I HiDecision: DecisionflowInstance: decisionflow instance DecisionflowInstance(enter_lowBatteryScene_instanceId34dd36, 300001) execute
06-21 18:05:38.451  7338  6233 I HiDecision: DecisionflowInstance: Decisionflow instance DecisionflowInstance(enter_lowBatteryScene_instanceId34dd36, 300001) consumed an useless event RecentAppChange
06-21 18:05:38.451  7338  6233 I HiDecision: DecisionflowInstance: decisionflow instance DecisionflowInstance(com.huawei.intentAnalysis.triggerEventNotify692239, 300003) start
06-21 18:05:38.451  7338  6233 I HiDecision: triggerEventNotify: queryCategory::RecentAppChange
06-21 18:05:38.451  1647  2570 I WindowManager: removeWindowToken: displayid:0 binder:android.os.Binder@93a3199 token:WindowToken{e39ec5e android.os.Binder@93a3199}
06-21 18:05:38.452  7338  6233 W HiDecision: TriggerEventNotifyAction: no need to notify : business id = HiSuggestionHm, event = RecentAppChange.
06-21 18:05:38.452  1647  2570 V InputMethodManagerService: hideCurrentInputLocked inputShown false
06-21 18:05:38.452  1647  2570 V InputMethodManagerService: hideCurrentInputLocked imeWindowVis 0
06-21 18:05:38.452  1647  2570 I HwInputMethodManagerService: hideCurrentInputLocked resetIfCurrentIsOcrIme res = false mCurClient = ClientState{f83d6e5 uid=10232 pid=6163 displayId=0}
06-21 18:05:38.452  1647  1713 I WindowManager: handle SET_LAUNCHER_VISIBLE_IN_FINGER_BOOST visible:true handle:trueuserId:0, currentUserId:0
06-21 18:05:38.452  1647  1713 D WindowManager: setLauncherVisibleInFingerBoost record=ActivityRecord{eda9185 u0 com.huawei.android.launcher/.unihome.UniHomeLauncher t2}
06-21 18:05:38.452  1647  1713 I WindowManager: setLauncherVisible setAlpha to 1.0
06-21 18:05:38.452  1647  1713 D WindowManager: setLauncherVisible wallpaperScale=false
06-21 18:05:38.452  1647  1713 D WindowManager: WS setWallpaperScale return, wallpaper no need to recover
06-21 18:05:38.453   809  2481 D AudioPolicyService: getUidState(10104) cacheIter->second.first, return cacheIter->second.second(8)
06-21 18:05:38.453  2504  2504 I LightBarController: onStatusBarAppearanceChanged appearanceRegions:AppearanceRegion{LIGHT_STATUS_BARS bounds=[0,0][1176,2400]},  sbModeChanged:false, statusBarMode:0, stackAppearancesChanged:true, navbarColorManagedByIme:false
06-21 18:05:38.453  2504  2504 I LightBarController: statusbar mAppearanceRegions:AppearanceRegion{LIGHT_STATUS_BARS bounds=[0,0][1176,2400]}
06-21 18:05:38.453  2504  2504 I LightBarController: updateStatus numLightStacks:1, numStacks:1
06-21 18:05:38.453  6289  6312 I HwNLPManager: uploadSDKLocation isOnLineLocation :true , mCurrentSdkType :0
06-21 18:05:38.453  8217  8217 V InputMethod: unbindInput(): binding=InputBinding{android.os.BinderProxy@a800a59 / uid 10232 / pid 6163} ic=InputConnectionWrapper{idHash=#581b61e mMissingMethods=}
06-21 18:05:38.453  8217  8217 V InputMethod: bindInput(): binding=InputBinding{android.os.BinderProxy@7ddbb47 / uid 10358 / pid 4326} ic=InputConnectionWrapper{idHash=#899d4cc mMissingMethods=}
06-21 18:05:38.453 22650 30490 I HwLBSService.HwHmsService: updateSDKLocation: Location[BAIDU_WIFI 31******,122****** hAcc=40.0 et=+8d7h18m34s735ms alt=4.9E-324 vel=0.0 bear=359.0]
06-21 18:05:38.453 22650 30490 I HwLBSService.HwHmsService: updateSDKLocation, mVendorListeners size: 1
06-21 18:05:38.453  5804  5804 V InputMethodService: CALL: doFinishInput
06-21 18:05:38.454 22529 19864 I L_HwNLPEngine: [LocKit LogLocation.java:1] mSuccLoc:15,mFailLoc:0,provider:BAIDU_WIFI,acc:40.0
06-21 18:05:38.454  5804  5804 D InlineSuggestionSessionController: notifyOnFinishInput
06-21 18:05:38.454  5804  5804 V InputMethodService: CALL: onFinishInput
06-21 18:05:38.454  2504  2504 I StatusBarLayout: refreshTint: tint: 99000000
06-21 18:05:38.454  2504  2504 I NavigationBar: navigationbar appearance:1000,mTransientShown:false
06-21 18:05:38.454 22529 19864 I L_HwNLPPositionManager: [LocKit LogLocation.java:1] reportLoc,provider:HWNLP_AMAP,acc:30.0
06-21 18:05:38.455  5804  5804 D SecureInputMethod_SoftKeyboard: onFinishInput
06-21 18:05:38.455 22529 22753 I L_HwHmsServiceImpl: [LocKit LogLocation.java:1] incoming location,provider is network
06-21 18:05:38.455   812   812 I Layer   : setFlags: Layer:cn.missevan/cn.missevan.activity.MainActivity#0 show
06-21 18:05:38.455 22529 22753 I L_HwHmsServiceImpl: [LocKit LogLocation.java:1] network key of receiver:23ba18b Time:1687341938454 Acc:30.0
06-21 18:05:38.455  5804  5804 I SecureInputMethod_LatinKeyboardView: closing
06-21 18:05:38.457  8217  8217 V InputMethod: startInput(): editor=android.view.inputmethod.EditorInfo@a1df315
06-21 18:05:38.457  8217  8217 V InputMethodService: CALL: doFinishInput
06-21 18:05:38.457  8217  8217 D InlineSuggestionSessionController: notifyOnFinishInput
06-21 18:05:38.457  8217  8217 V InputMethodService: CALL: onFinishInput
06-21 18:05:38.457  8217  8217 D InlineSuggestionSessionController: notifyOnStartInput: cn.missevan, 0
06-21 18:05:38.457  8217  8217 V InputMethodService: CALL: onStartInput
06-21 18:05:38.458   812  1118 I Layer   : [Surface(name=77ce091 InputMethod)/@0xa7df4cd - animation-leash of insets_animation#0] seq 10630 created
06-21 18:05:38.458  1647  2194 D HwGameAssistantController: isGameForeground? false
06-21 18:05:38.459 22650 30490 I HwLBSService.HwNLPEngine: updateSDKLocation, finish
06-21 18:05:38.459 22529 22751 I hwlocation_nlp: >>>>> Dispatching to Handler (com.huawei.locatorservice.ability.nlpservice.c$a) {1f0198a} null: 1
06-21 18:05:38.459  1647  1714 I WindowManager: notifyInsetsControlChanged for:Window{f2c3a00 u0 cn.missevan/cn.missevan.activity.MainActivity}
06-21 18:05:38.459  1647  1714 I WindowManager: notifyInsetsControlChanged for:Window{55d7995 u0 io.appium.settings/io.appium.settings.Settings}
06-21 18:05:38.460  4326  4371 I OpenGLRenderer: gpu complete fence is not signaled
06-21 18:05:38.460  1647  2570 I LocationManagerService: handle report location accurate, 10207/com.huawei.lbs/95FF506F
06-21 18:05:38.461  1647  2570 I LocationManagerService: key of receiver: 10207/com.huawei.lbs/95FF506F provider: network
06-21 18:05:38.461  1647  2570 I LocationManagerService: handle report location accurate, 1000/android[GnssService]/2DF8197B
06-21 18:05:38.461  1647  1710 I LocationManagerService: key of receiver: 1000/android[GnssService]/2DF8197B provider: network
06-21 18:05:38.462  1647  2570 I LocationManagerService: handle report location accurate, 5514/com.huawei.hiai/AF7BED54
06-21 18:05:38.462  1647  3907 I HwInputMethodManagerService: removeImeSurfaceFromWindow windowToken = android.os.BinderProxy@ba1654c
06-21 18:05:38.462  1647  3907 I HwInputMethodManagerService: removeImeSurfaceFromWindow mCurrentWindowToken = android.os.BinderProxy@c288883
06-21 18:05:38.462  1647  3907 I HwInputMethodManagerService: removeImeSurfaceFromWindow
06-21 18:05:38.462  1647  2570 I LocationManagerService: handle report location accurate, 1000/com.huawei.systemserver/4233F12B
06-21 18:05:38.462   782   782 I HIGNSS_ADAPTER: HisiInjectLocation interface called. accuracy:30.000000
06-21 18:05:38.462   782   782 I HIGNSS_ADAPTER: HisiInjectLocation success!
06-21 18:05:38.462  1647  2570 I LocationManagerService: key of receiver: 1000/com.huawei.systemserver/4233F12B provider: passive
06-21 18:05:38.462   782  2556 D HIGNSS_ADAPTER: ProcessAdapterCmd called, cmd id: 00000006 CMD_INJECT_LOCATION
06-21 18:05:38.462  2632  2998 D LocationProxy: onLocationChanged, passive location
06-21 18:05:38.462  2632  2998 D LocationProxy: onLocationChangedInner, location source: network, accuracy: 30.0, is mock location: false
06-21 18:05:38.462  2632  2998 D LocationProxy: isUsableLocation, timeDelta: 8101042ns, isTrustable: true, isRecent: true, isNewer: true
06-21 18:05:38.462  2632  2998 I LocationProxy: onLocationChangedInner, callback listener location changed.
06-21 18:05:38.462  1647  2570 I LocationManagerService: handle report location accurate, 1000/com.huawei.systemserver/67A4FDA9
06-21 18:05:38.463  1647  2570 I LocationManagerService: key of receiver: 1000/com.huawei.systemserver/67A4FDA9 provider: passive
06-21 18:05:38.463  1647  2570 I LocationManagerService: handle report location accurate, 10207/com.huawei.lbs/9A3118F0
06-21 18:05:38.463  2632  2998 D LocationProxy: onLocationChanged, passive location
06-21 18:05:38.463  2632  2998 D LocationProxy: onLocationChangedInner, location source: network, accuracy: 30.0, is mock location: false
06-21 18:05:38.463  2632  2998 D LocationProxy: isUsableLocation, timeDelta: 8669271ns, isTrustable: true, isRecent: true, isNewer: true
06-21 18:05:38.463  2632  2998 I LocationProxy: onLocationChangedInner, callback listener location changed.
06-21 18:05:38.463  1647  2570 I LocationManagerService: key of receiver: 10207/com.huawei.lbs/9A3118F0 provider: passive
06-21 18:05:38.463  1647  2570 I LocationManagerService: handle report location accurate, 10207/com.huawei.lbs/715B86E2
06-21 18:05:38.464  1647  2570 W ProcBatteryStats: timer is running , not start, name: com.huawei.lbs, uid: 10207, tag: *location*
06-21 18:05:38.464  1647  2570 I LocationManagerService: key of receiver: 10207/com.huawei.lbs/715B86E2 provider: passive
06-21 18:05:38.464  1647  2570 I LocationManagerService: handle report location accurate, 1001/com.android.phone/3F291C11
06-21 18:05:38.464  1647  2570 I LocationManagerService: key of receiver: 1001/com.android.phone/3F291C11 provider: passive
06-21 18:05:38.464  1647  3907 W ProcBatteryStats: timer is not running , not stop, name: com.huawei.lbs, uid: 10207, tag: *location*
06-21 18:05:38.464  1647  2570 I LocationManagerService: handle report location accurate, 10083/com.huawei.hwid/AACDE963
06-21 18:05:38.465  1202  1217 E bastetd : [ProxySocket    ] NotifySocketErrState# No record found by comm prop, state=196619
06-21 18:05:38.465  8217  8217 I CeliaKeyboard_HwSdkUtil: pc=false,hicar=false,game=false,split=false,isUpDownSplit=false
06-21 18:05:38.465  8217  8217 I CeliaKeyboard_DarkModeUtils: previousModeType = 16 modeType = 16
06-21 18:05:38.465  1647  2570 I LocationManagerService: key of receiver: 10083/com.huawei.hwid/AACDE963 provider: passive
06-21 18:05:38.465  1647  2570 I LocationManagerService: handle report location accurate, 10083/com.huawei.hwid/095B0C89
06-21 18:05:38.465  1647  2570 W ProcBatteryStats: timer is running , not start, name: com.huawei.hwid, uid: 10083, tag: *location*
06-21 18:05:38.465  1647  2570 I LocationManagerService: key of receiver: 10083/com.huawei.hwid/095B0C89 provider: passive
06-21 18:05:38.465  1647  2570 I LocationManagerService: handle report location accurate, 10207/com.huawei.lbs/CC19C4BC
06-21 18:05:38.466  1647  2570 I LocationManagerService: key of receiver: 10207/com.huawei.lbs/CC19C4BC provider: passive
06-21 18:05:38.467  1647  2570 I LocationManagerService: handle report location accurate, 1000/com.huawei.nb.service/ABE0C889
06-21 18:05:38.467  1647  2570 I LocationManagerService: key of receiver: 1000/com.huawei.nb.service/ABE0C889 provider: passive
06-21 18:05:38.467  1647  2570 I LocationManagerService: handle report location accurate, 10207/com.huawei.lbs/025189BA
06-21 18:05:38.467  1647  2570 I LocationManagerService: key of receiver: 10207/com.huawei.lbs/025189BA provider: passive
06-21 18:05:38.467  2736  7882 I OPCollectLog: LocationRecordAction:handleMessage
06-21 18:05:38.467  2736  7882 I OPCollectLog: Action:RawLocationRecord executed frequently
06-21 18:05:38.467  1647  2570 I LocationManagerService: handle report location accurate, 10083/com.huawei.hwid/25CAE559
06-21 18:05:38.468  1647  2570 W ProcBatteryStats: timer is running , not start, name: com.huawei.hwid, uid: 10083, tag: *location*
06-21 18:05:38.468  1647  2570 I LocationManagerService: key of receiver: 10083/com.huawei.hwid/25CAE559 provider: passive
06-21 18:05:38.468  1647  2570 I LocationManagerService: handle report location accurate, 1000/android[SensorNotificationService]/D9ABE0C7
06-21 18:05:38.468 22529 22751 I hwlocation_nlp: <<<<< Finished to Handler (com.huawei.locatorservice.ability.nlpservice.c$a) {1f0198a} null
06-21 18:05:38.469  1647  3907 W ProcBatteryStats: timer is not running , not stop, name: com.huawei.hwid, uid: 10083, tag: *location*
06-21 18:05:38.469  1647  3907 W ProcBatteryStats: timer is not running , not stop, name: com.huawei.hwid, uid: 10083, tag: *location*
06-21 18:05:38.469   809  1531 E peq_android: volume index exceed range: 65535
06-21 18:05:38.470  1647  3907 I WindowManager: removeIfPossible: Window{7cfdbb3 u0 PopupWindow:3cd4ec2} callers=com.android.server.wm.WindowState.removeIfPossible:3083 com.android.server.wm.WindowManagerService.removeWindow:2626 com.android.server.wm.Session.remove:220 android.view.IWindowSession$Stub.onTransact:804 com.android.server.wm.Session.onTransact:171
06-21 18:05:38.470  1647  3907 W InputManager-JNI: Input channel object '7cfdbb3 PopupWindow:3cd4ec2 (client)' was disposed without first being removed with the input manager!
06-21 18:05:38.471  1647  3907 I WindowManager: postWindowRemoveCleanupLocked: Window{7cfdbb3 u0 PopupWindow:3cd4ec2}
06-21 18:05:38.471  1647  3907 I WindowManager: Removing Window{7cfdbb3 u0 PopupWindow:3cd4ec2} from WindowToken{e39ec5e android.os.Binder@93a3199}
06-21 18:05:38.471  6334  6334 W app_process: [MemLeak.JavaTrack]: failed to dlopen libmemleak_tracker.so
06-21 18:05:38.472  6334  6334 I AndroidRuntime: Using default boot image
06-21 18:05:38.472  6334  6334 I AndroidRuntime: Leaving lock profiling enabled
06-21 18:05:38.472   812   812 I Layer   : [Surface(name=77ce091 InputMethod)/@0xa7df4cd - animation-leash of insets_animation#1] seq 10624 destroyed
06-21 18:05:38.472  6334  6334 W libc    : Access denied finding property "odsign.verification.success"
06-21 18:05:38.472  6334  6334 W app_process: type=1400 audit(0.0:63902): avc: denied { read } for name="u:object_r:odsign_prop:s0" dev="tmpfs" ino=451 scontext=u:r:shell:s0 tcontext=u:object_r:odsign_prop:s0 tclass=file permissive=0
06-21 18:05:38.473  4326  4326 I DecorView: navBarColor: ffffffff statusBarColor: 0 statusInsets: null navInsets: null
06-21 18:05:38.473  4326  4326 I DecorView: updateColorViewInt type:1 size: 0 showView:false color:ffffffff
06-21 18:05:38.473  4326  4326 I DecorView: updateColorViewInt type:0 size: 72 showView:false color:0
06-21 18:05:38.476  1647  2194 I HwOcrImeController: updateMultiWindow topActivity = ComponentInfo{cn.missevan/cn.missevan.activity.MainActivity} windowMode = 1 mIsInMultiScreen = false
06-21 18:05:38.476  1647  2194 I HwOcrImeController: updateUser userId = 0 mIsOwnerUser = true
06-21 18:05:38.476  1647  2194 I HwOcrImeController: setOcrImeSupportProp mIsOcrImeValid = true mIsHardKeyboardAvailable = false mIsInMultiScreen = false mIsOwnerUser = true
06-21 18:05:38.476  1647  2194 I HwOcrImeController: setOcrImeSupportProp mIsOcrImeValid = true mIsHardKeyboardAvailable = false mIsInMultiScreen = false mIsOwnerUser = true
06-21 18:05:38.476  1647  3907 I HwInputMethodManagerService: removeImeSurfaceFromWindow windowToken = android.os.BinderProxy@c288883
06-21 18:05:38.476  1647  3907 I HwInputMethodManagerService: removeImeSurfaceFromWindow mCurrentWindowToken = android.os.BinderProxy@c288883
06-21 18:05:38.476  1647  3907 I HwInputMethodManagerService: removeImeSurfaceFromWindow
06-21 18:05:38.477 22529  6387 I fwkit_locationLE_listener: [fwkit LocationLEListener.java:78] The location provider is:network
06-21 18:05:38.478 22529  6387 I fwkit_locationLE_listener: [fwkit LocationLEListener.java:54] location info saved to db.
06-21 18:05:38.478  5804  5804 I DecorView: navBarColor: ffffffff statusBarColor: ffffffff statusInsets: null navInsets: null
06-21 18:05:38.478  5804  5804 I DecorView: updateColorViewInt type:1 size: 0 showView:false color:ffffffff
06-21 18:05:38.478  5804  5804 I DecorView: updateColorViewInt type:0 size: 0 showView:false color:ffffffff
06-21 18:05:38.479  5804  5804 I SecureInputMethod_LatinKeyboardView: closing
06-21 18:05:38.479  8217  8217 I InputMethodService: removeImeSurface window.hide
06-21 18:05:38.480  6334  6334 I app_process: HwCustType is 0
06-21 18:05:38.480  6334  6334 E app_process: open file error
06-21 18:05:38.480  6334  6334 I app_process: no cota live update cust policy found
06-21 18:05:38.480  6334  6334 I app_process: GetCfgDirRealPolicyValue: custPolicyDirs: /system/emui/base:/system/emui/china:/vendor/etc:/odm/cust/all/cn:/odm/etc:/odm/hw_odm/LIO-AN00:/hw_product/etc:/hw_product/region_comm/china:/preas/china:/hw_product/hw_oem/LIO-AN00:/preload/LIO-AN00/all/cn:/cust/global:/cust/hw/cn:/version/cust/all/cn:/hw_product/special_cust/LIO-AN00/all/cn:/version/special_cust/LIO-AN00/all/cn:/cust/cotalite:/cust/ecota
06-21 18:05:38.481  6334  6334 W app_process: ART APEX data files are untrusted.
06-21 18:05:38.481   787   787 E dpu_effect: getSupported:277: Unsupported display effect feature!!
06-21 18:05:38.481  1647  3907 I WindowManager: removeIfPossible: Window{77ce091 u0 InputMethod} callers=com.android.server.wm.WindowState.removeIfPossible:3083 com.android.server.wm.WindowManagerService.removeWindow:2626 com.android.server.wm.Session.remove:220 android.view.IWindowSession$Stub.onTransact:804 com.android.server.wm.Session.onTransact:171
06-21 18:05:38.481  1647  3907 W InputManager-JNI: Input channel object '77ce091 InputMethod (client)' was disposed without first being removed with the input manager!
06-21 18:05:38.481  1647  3907 I WindowManager: postWindowRemoveCleanupLocked: Window{77ce091 u0 InputMethod}
06-21 18:05:38.481   787  1455 I dpu_effect: SetEffectInfo:367: modules=20 dispPanelId=0
06-21 18:05:38.481  1647  3907 I HwPhoneWindowManager: StatusToSurfaceFlinger Window{f2c3a00 u0 cn.missevan/cn.missevan.activity.MainActivity} sideMode = 1 notchMode = 0 dataIn val = 4
06-21 18:05:38.482   812  3942 D SurfaceFlingerEx: surfaceStatus: = 4
06-21 18:05:38.482   812  3942 I RoundCornerDisplay: [OnSurfaceStatusChanged]hidestatus is not changed: new = 0, old = 0
06-21 18:05:38.482   812  3942 I RoundCornerDisplay: [OnSurfaceStatusChanged]sideRegionStatus is not changed: sideRegionStatus = 1, m_sideRegionMode = 0
06-21 18:05:38.482  1647  3907 I WindowManager: Removing Window{77ce091 u0 InputMethod} from WindowToken{e39ec5e android.os.Binder@93a3199}
06-21 18:05:38.482  1647  3907 I WindowManager: removeWindowToken: displayid:0 binder:android.os.Binder@93a3199 token:null
06-21 18:05:38.482  4326  6015 I RecordRequestTimeInterceptor: [RxCachedThreadScheduler-16] HTTP request: [2023-06-21T10:05:38.415Z] GET https://fm.missevan.com/api/v2/chatroom/follow/list?type=1&p=1&page_size=20 200 60ms 0
06-21 18:05:38.487  1647  2194 D TextToSpeechManagerPerUserService: Unbinding TTS engine: com.huawei.hiai. Reason: client disconnection request
06-21 18:05:38.487  1647  1647 W TextToSpeechManagerPerUserService: Disconnected from TTS engine
06-21 18:05:38.487  5804  5821 I TextToSpeech: Disconnected from TTS engine
06-21 18:05:38.487 32068 32068 I TTS BaseSystemService: onDestroy
06-21 18:05:38.487 32068 32068 I TTS BaseSystemService: onDestroy mInitLock notify
06-21 18:05:38.487  5804  5804 I Process : Sending signal. PID: 5804 SIG: 9
06-21 18:05:38.488 32068  5824 I TTS BaseSystemService: releaseTtsService mService:com.huawei.hiai.tts.sdk.TTSAPIMulService@ced3ed6
06-21 18:05:38.488 32068  5824 I HiAI_BaseService: doRelease
06-21 18:05:38.488 32068  5824 I HiAI_BaseService: mTtsService is unbind.
06-21 18:05:38.488 32068  5824 E HiAI_BaseService: doRelease service unbind
06-21 18:05:38.489   812   812 I Layer   : [PopupWindow:3cd4ec2#0] seq 10602 destroyed
06-21 18:05:38.489  4326  4326 I DecorView: navBarColor: ffffffff statusBarColor: 0 statusInsets: Insets{left=0, top=72, right=0, bottom=0} navInsets: Insets{left=0, top=0, right=0, bottom=0}
06-21 18:05:38.489   812   812 I Layer   : [WindowToken{e39ec5e android.os.Binder@93a3199}#0] seq 10574 destroyed
06-21 18:05:38.489  4326  4326 I DecorView: updateColorViewInt type:1 size: 0 showView:false color:ffffffff
06-21 18:05:38.489  4326  4326 I DecorView: updateColorViewInt type:0 size: 72 showView:false color:0
06-21 18:05:38.489   812   812 I Layer   : [7cfdbb3 PopupWindow:3cd4ec2#0] seq 10601 destroyed
06-21 18:05:38.489   812   812 I Layer   : [77ce091 InputMethod#0] seq 10575 destroyed
06-21 18:05:38.489   809  1531 E peq_android: volume index exceed range: 65535
06-21 18:05:38.490 32068  5824 I TTS BaseSystemService: onEvent, eventType = 101
06-21 18:05:38.491 32068  5824 I TTS BaseSystemService: onEvent, methodId = 1006
06-21 18:05:38.491 32068  5824 D TTS BaseSystemService: no event
06-21 18:05:38.491 32068  5824 I HiAI_BaseService: destroy
06-21 18:05:38.492  1647  1647 W ServiceConnector.Impl: mayInterruptIfRunning not supported - ignoring
06-21 18:05:38.495  1647  3907 I HwInputMethodManagerService: removeImeSurfaceFromWindow windowToken = android.os.BinderProxy@c288883
06-21 18:05:38.495  1647  3907 I HwInputMethodManagerService: removeImeSurfaceFromWindow mCurrentWindowToken = android.os.BinderProxy@c288883
06-21 18:05:38.495  1647  3907 I HwInputMethodManagerService: removeImeSurfaceFromWindow
06-21 18:05:38.496  8217  8217 I InputMethodService: removeImeSurface window.hide
06-21 18:05:38.498   787  1455 I dpu_effect: SetEffectInfo:367: modules=20 dispPanelId=0
06-21 18:05:38.503  4326  4691 I RecordRequestTimeInterceptor: [RxCachedThreadScheduler-4] HTTP request: [2023-06-21T10:05:38.415Z] GET https://app.missevan.com/person/count-action 200 86ms 0
06-21 18:05:38.505   812   812 I Layer   : [Surface(name=77ce091 InputMethod)/@0xa7df4cd - animation-leash of insets_animation#0] seq 10630 destroyed
06-21 18:05:38.509   809  1531 E peq_android: volume index exceed range: 65535
06-21 18:05:38.511  1647  3907 I ActivityManager: appDiedLocked: pid=5804, app=ProcessRecord{1903cdc 5804:com.huawei.secime/u0a104}, fromBinderDied=true, reason=null
06-21 18:05:38.511  1647  3907 I ActivityManager: Process com.huawei.secime (pid 5804) has died: fg  SVC
06-21 18:05:38.511  1647  1734 I libprocessgroup: Successfully killed process cgroup uid 10104 pid 5804 in 0ms
06-21 18:05:38.511  1647  3907 D ActivityManager: cleanUpApplicationRecord app: 5804:com.huawei.secime/u0a104, bad: false, restarting: false, allowRestart: true
06-21 18:05:38.512  1647  1725 I HwPowerManagerService: appdie release wakelock, pid = 5804, uid = 10104
06-21 18:05:38.512  1647  2324 W HwAudioServiceEx: SoundEffectState bundle get reserved is invalid
06-21 18:05:38.512  1647  2324 I HwAudioServiceEx: sendAppKilledIntentForKit, isKitPackageOnPause = false, isKitPackageKill = false, isKitPackageOnResume = false
06-21 18:05:38.512  1647  2252 W AwareLog: SchedLevelBoost: onProcessDied config not set!
06-21 18:05:38.512  2632  3819 E HsmCoreServiceImpl: onTransact in code is: 102
06-21 18:05:38.512  2632  3819 I MediaProcessHandler: processOp opType: 1, uid: 10104, pid: 5804
06-21 18:05:38.512  2632  3819 W MediaProcessHandler: only the process it self can do this operation: 10104, 1000, 5804, 3220
06-21 18:05:38.512  2632  3819 I MediaProcessHandler: executedCallBack opType: 1 mMediaStatusObservers.size=2
06-21 18:05:38.513   709   709 I Zygote  : Process 5804 exited due to signal 9 (Killed)
06-21 18:05:38.513   809  2481 D AudioPolicyService: getUidState(10104) cacheIter->second.first, return cacheIter->second.second(10)
06-21 18:05:38.513   809  2481 D AudioPolicyService: getUidState(10104) !cacheIter->second.first, return PROCESS_STATE_UNKNOWN
06-21 18:05:38.515   787  1455 I dpu_effect: SetEffectInfo:367: modules=20 dispPanelId=0
06-21 18:05:38.529   809  1531 E peq_android: volume index exceed range: 65535
06-21 18:05:38.532   787  1455 I dpu_effect: SetEffectInfo:367: modules=20 dispPanelId=0
06-21 18:05:38.532  1647  2252 W Process : Unable to open /proc/-1/status
06-21 18:05:38.532  1647  2252 D HwActivityManagerServiceEx: notifyAppToTop pid:6163, enable:0
06-21 18:05:38.533  6163  6163 I RmeSchedManager: init Rme, version is: v1.0
06-21 18:05:38.549   787  1455 I dpu_effect: SetEffectInfo:367: modules=20 dispPanelId=0
06-21 18:05:38.549   809  1531 E peq_android: volume index exceed range: 65535
06-21 18:05:38.549  1647  3907 I HwActivityTaskManagerServiceEx: loadRunningPackages packageInfo : pkg:com.huawei.appmarket visible:false, pkg:com.huawei.android.launcher visible:false, pkg:cn.missevan visible:true, pkg:com.huawei.browser visible:false, pkg:io.appium.settings visible:false,
06-21 18:05:38.550  2673  3192 I ScenarioService: refresh visibleApp:[cn.missevan]
06-21 18:05:38.550  2673  3438 I PG_ash  : io.appium.settings become invisible
06-21 18:05:38.550  1647  3907 I HwActivityTaskManagerServiceEx: loadRunningPackages packageInfo : pkg:com.huawei.appmarket visible:false, pkg:com.huawei.android.launcher visible:false, pkg:cn.missevan visible:true, pkg:com.huawei.browser visible:false, pkg:io.appium.settings visible:false,
06-21 18:05:38.551  2673  3192 I ScenarioService: multiScreenVisibleApps: 0:cn.missevan
06-21 18:05:38.551  2673  3192 I PGServer: report state:15 event type:1 pid:-1 uid:-1 pkg:0:cn.missevan to pid: 2673
06-21 18:05:38.551  2673  3192 D ApsPgPlug: APK: onStateChanged stateType: 15, pkg:0:cn.missevan
06-21 18:05:38.551  2673  3192 I PF_API_JNI: ACCKIT_APS_NotifyInfo 3: cn.missevan
06-21 18:05:38.551   810   810 I libdisplayservice: onTransact: before OnTransactForPfMsg code id=10
06-21 18:05:38.551   810   810 I libdisplayservice: record aps notify 3: cn.missevan
06-21 18:05:38.551   810   810 I libdisplayservice: onTransact: after OnTransactForPfMsg code id=10, ret = 0
06-21 18:05:38.559  4326  6019 I RecordRequestTimeInterceptor: [RxCachedThreadScheduler-15] HTTP request: [2023-06-21T10:05:38.415Z] GET https://app.missevan.com/person/drama-feed?page=1&page_size=10 200 140ms 0
06-21 18:05:38.566   787  1455 I dpu_effect: SetEffectInfo:367: modules=20 dispPanelId=0
06-21 18:05:38.569   809  1531 E peq_android: volume index exceed range: 65535
06-21 18:05:38.570  1241  7255 I Pged-IPgedBinderService: ****action is 2, pid num is 9***
06-21 18:05:38.570  1241  7255 I Pged-Freezer: thawPids
06-21 18:05:38.571  2673  3421 D PgedBinderAdapter: unF_Z ok, pid: [30142, 15419, 9255, 2442, 17608, 4102, 4963, 30105]
06-21 18:05:38.582   787  1455 I dpu_effect: SetEffectInfo:367: modules=20 dispPanelId=0
06-21 18:05:38.589   809  1531 E peq_android: volume index exceed range: 65535
06-21 18:05:38.599   787  1455 I dpu_effect: SetEffectInfo:367: modules=20 dispPanelId=0
06-21 18:05:38.609   809  1531 E peq_android: volume index exceed range: 65535
06-21 18:05:38.616   787  1455 I dpu_effect: SetEffectInfo:367: modules=20 dispPanelId=0
06-21 18:05:38.629   809  1531 E peq_android: volume index exceed range: 65535
06-21 18:05:38.633   787  1455 I dpu_effect: SetEffectInfo:367: modules=20 dispPanelId=0
06-21 18:05:38.637  6334  6334 W app_process: DexFile /hw_product/etc/jar/Mdm/hw_mdm_framework.jar is in boot class path but is not in a known location
06-21 18:05:38.643  6334  6334 E app_process: GcSupervisor: libimonitor.so not found!!
06-21 18:05:38.649   809  1531 E peq_android: volume index exceed range: 65535
06-21 18:05:38.649   787  1455 I dpu_effect: SetEffectInfo:367: modules=20 dispPanelId=0
06-21 18:05:38.664  6334  6334 D app_process: Time zone override file found: /data/misc/zoneinfo/current/icu/icu_tzdata.dat
06-21 18:05:38.664  6334  6334 D app_process: Time zone APEX ICU file found: /apex/com.android.tzdata/etc/icu/icu_tzdata.dat
06-21 18:05:38.664  6334  6334 D app_process: I18n APEX ICU file found: /system/usr/icu/icudt68l.dat
06-21 18:05:38.666   787  1455 I dpu_effect: SetEffectInfo:367: modules=20 dispPanelId=0
06-21 18:05:38.669   809  1531 E peq_android: volume index exceed range: 65535
06-21 18:05:38.679  4326  6014 I RecordRequestTimeInterceptor: [RxCachedThreadScheduler-14] HTTP request: [2023-06-21T10:05:38.612Z] GET https://app.missevan.com/message/unread-notice 200 65ms 0
06-21 18:05:38.680  4326  6014 I Prefs   : [RxCachedThreadScheduler-14] setKvsValue, key: key_read_comment_msg, value: false
06-21 18:05:38.680  4326  6014 I Prefs   : [RxCachedThreadScheduler-14] setKvsValue, key: key_read_like_msg, value: false
06-21 18:05:38.680  4326  6014 I Prefs   : [RxCachedThreadScheduler-14] setKvsValue, key: key_read_sys_msg, value: false
06-21 18:05:38.680  4326  6014 I Prefs   : [RxCachedThreadScheduler-14] setKvsValue, key: key_read_atme_msg, value: false
06-21 18:05:38.683   787  1455 I dpu_effect: SetEffectInfo:367: modules=20 dispPanelId=0
06-21 18:05:38.684  6334  6334 I app_process: Reinit property: dalvik.vm.checkjni= false
06-21 18:05:38.684  6334  6334 I app_process: ReInitProperties: persist.vm.debug.dumpapi= false
06-21 18:05:38.689   809  1531 E peq_android: volume index exceed range: 65535
06-21 18:05:38.690  6334  6334 I HwPartBasicPlatformFactory: add android.common.HwPartBasicPlatformFactoryImpl to memory.
06-21 18:05:38.692  6334  6334 W libc    : Access denied finding property "ro.config.hw_curved_side_disp"
06-21 18:05:38.692  6334  6334 W main    : type=1400 audit(0.0:63903): avc: denied { read } for name="u:object_r:curved_side_prop:s0" dev="tmpfs" ino=274 scontext=u:r:shell:s0 tcontext=u:object_r:curved_side_prop:s0 tclass=file permissive=0
06-21 18:05:38.694  1647  2341 E BatteryService: no autopoweroff in settings
06-21 18:05:38.698  6334  6334 I HWSERVICES: hwnative_get_component_register:libdrmbitmap,JNI
06-21 18:05:38.700   787  1455 I dpu_effect: SetEffectInfo:367: modules=20 dispPanelId=0
06-21 18:05:38.706  6334  6334 V HwFrameworkFactory: successes to get AllImpl object and return....
06-21 18:05:38.706  6334  6334 E Zygote  : register_com_android_internal_os_Zygote result = 0
06-21 18:05:38.707  6334  6334 I app_process: power log dlsym ok
06-21 18:05:38.709  6334  6334 W libc    : Access denied finding property "ro.config.vol_steps"
06-21 18:05:38.708  6334  6334 W main    : type=1400 audit(0.0:63904): avc: denied { read } for name="u:object_r:huawei_audio_public_read_prop:s0" dev="tmpfs" ino=362 scontext=u:r:shell:s0 tcontext=u:object_r:huawei_audio_public_read_prop:s0 tclass=file permissive=0
06-21 18:05:38.709   809  1531 E peq_android: volume index exceed range: 65535
06-21 18:05:38.711  6334  6334 D AndroidRuntime: Entered preForkInit.
06-21 18:05:38.711  6334  6334 D AndroidRuntime: RuntimeInit: Starting tool
06-21 18:05:38.711  6334  6334 D AndroidRuntime: Entered RuntimeInit!
06-21 18:05:38.715  1647  2293 W libc    : Access denied finding property "wifi.interface"
06-21 18:05:38.712  1647  1647 W WifiHandlerThre: type=1400 audit(0.0:63905): avc: denied { open } for path="/dev/__properties__/u:object_r:wifi_hal_prop:s0" dev="tmpfs" ino=600 scontext=u:r:system_server:s0 tcontext=u:object_r:wifi_hal_prop:s0 tclass=file permissive=0
06-21 18:05:38.715  1647  2293 W libc    : Access denied finding property "wifi.interface"
06-21 18:05:38.715  1647  2293 I TrafficMonitor: update:rxPkts:126,txPkts:81,rxBytes:55307,txBytes:14263
06-21 18:05:38.715  1647  2293 I TrafficMonitor: no expired. level:3
06-21 18:05:38.715  1647  2293 I TrafficMonitor: gettimer:interval=2000
06-21 18:05:38.715  1647  2293 I TrafficMonitor: during_ms:2001,period_ms:2000
06-21 18:05:38.715  1647  2293 I TrafficMonitor: count:66,rx_sum:126,tx_sum:81,rxBytes:55307,during_ms:2001,rx_speed:27639.68015992004,tx_speed:7127.936031984008,rto:1.5555555555555556
06-21 18:05:38.715  1647  2293 I HuaweiWifiWatchdogStateMachine: Get speed information rx_speed = 27639 ,tx_speed = 7127 ,isSpeedOk = true ,mBestSpeedInPeriod = 27639
06-21 18:05:38.717   787  1455 I dpu_effect: SetEffectInfo:367: modules=20 dispPanelId=0
06-21 18:05:38.719  6334  6334 D AndroidRuntime: Calling main entry com.android.commands.am.Am
06-21 18:05:38.722  6334  6334 W libc    : Access denied finding property "persist.arkinit.disable"
06-21 18:05:38.727  1647  3907 W ActivityManager: allow to startInstrumentation for callingPid: 6334, className: ComponentInfo{io.appium.uiautomator2.server.test/androidx.test.runner.AndroidJUnitRunner}, because visibleWindow: false isCallerShell: true isAdbEnabled: true isStartInstrumentEnable true
06-21 18:05:38.727  1647  3907 I ActivityManager: Force stopping io.appium.uiautomator2.server appid=10233 user=0: start instr
06-21 18:05:38.728  1647  3907 I ActivityManager: Start to clean task when force stop the app io.appium.uiautomator2.server , reason:start instr
06-21 18:05:38.728  1647  1713 V ActivityTaskManager: Activity idle: null
06-21 18:05:38.728  1647  1713 V ActivityTaskManager: Stopping ActivityRecord{5229234 u0 io.appium.settings/.Settings t94 f}}: nowVisible=true animating=true finishing=true
06-21 18:05:38.728  1647  3907 I BigFontUtils: adjustAppProcessConfiguration appInfo:io.appium.uiautomator2.server
06-21 18:05:38.729  1647  3907 D CompatibilityChangeReporter: Compat change id reported: 135634846; UID 10233; state: DISABLED
06-21 18:05:38.729   809  1531 E peq_android: volume index exceed range: 65535
06-21 18:05:38.729  1647  3907 D CompatibilityChangeReporter: Compat change id reported: 177438394; UID 10233; state: DISABLED
06-21 18:05:38.729  1647  3907 D CompatibilityChangeReporter: Compat change id reported: 135772972; UID 10233; state: DISABLED
06-21 18:05:38.729  1647  3907 D CompatibilityChangeReporter: Compat change id reported: 135754954; UID 10233; state: ENABLED
06-21 18:05:38.730  1647  1733 D CompatibilityChangeReporter: Compat change id reported: 143937733; UID 10233; state: ENABLED
06-21 18:05:38.730  1647  1733 W ActivityManager: Unknown package:com.huawei.hwid.tv
06-21 18:05:38.730  1647  1733 W ActivityManager: Unknown package:com.huawei.hms
06-21 18:05:38.730  1647  1733 I ZygoteProcess: Zygote use usap: false
06-21 18:05:38.731   809  2481 D AudioPolicyService: getUidState(10233) !cacheIter->second.first, return PROCESS_STATE_UNKNOWN
06-21 18:05:38.731   809  2481 D AudioPolicyService: getUidState(10233) !cacheIter->second.first, return PROCESS_STATE_UNKNOWN
06-21 18:05:38.733   787  1455 I dpu_effect: SetEffectInfo:367: modules=20 dispPanelId=0
06-21 18:05:38.736   709   709 D Zygote  : Forked child process 6402
06-21 18:05:38.736  1647  1733 I ActivityManager: Start proc 6402:io.appium.uiautomator2.server/u0a233 for added application io.appium.uiautomator2.server
06-21 18:05:38.740  6402  6402 I SELinux : system_file lable set found!!!!!
06-21 18:05:38.740  6402  6402 I SELinux : value : u:object_r:system_data_file:s0
06-21 18:05:38.740  6402  6402 I SELinux : path : /data/user
06-21 18:05:38.740  6402  6402 I SELinux : system_file lable set found!!!!!
06-21 18:05:38.740  6402  6402 I SELinux : value : u:object_r:system_data_file:s0
06-21 18:05:38.740  6402  6402 I SELinux : path : /data/data
06-21 18:05:38.740  6402  6402 I SELinux : system_file lable set found!!!!!
06-21 18:05:38.740  6402  6402 I SELinux : value : u:object_r:system_data_file:s0
06-21 18:05:38.740  6402  6402 I SELinux : path : /data/user_de/0
06-21 18:05:38.740  6402  6402 I SELinux : system_file lable set found!!!!!
06-21 18:05:38.740  6402  6402 I SELinux : value : u:object_r:system_data_file:s0
06-21 18:05:38.740  6402  6402 I SELinux : path : /data/user_de
06-21 18:05:38.745  6402  6402 I tomator2.serve: Late-enabling -Xcheck:jni
06-21 18:05:38.749   809  1531 E peq_android: volume index exceed range: 65535
06-21 18:05:38.750   787  1455 I dpu_effect: SetEffectInfo:367: modules=20 dispPanelId=0
06-21 18:05:38.762  6402  6402 I tomator2.serve: Reinit property: dalvik.vm.checkjni= false
06-21 18:05:38.762  6402  6402 I tomator2.serve: ReInitProperties: persist.vm.debug.dumpapi= false
06-21 18:05:38.765  4567  4608 I adbd    : jdwp connection from 6402
06-21 18:05:38.766  6402  6402 I AndroidRuntime: RuntimeInit: Starting application from zygote
06-21 18:05:38.766  6402  6402 D AndroidRuntime: Entered RuntimeInit!
06-21 18:05:38.767   787  1455 I dpu_effect: SetEffectInfo:367: modules=20 dispPanelId=0
06-21 18:05:38.769   809  1531 E peq_android: volume index exceed range: 65535
06-21 18:05:38.770  6402  6402 I AndroidRuntime: MethodAndArgsCaller run()
06-21 18:05:38.775  6402  6402 D ActivityThread: Attach thread to application
06-21 18:05:38.778  1647  3907 D CompatibilityChangeReporter: Compat change id reported: 168419799; UID 10233; state: DISABLED
06-21 18:05:38.780   809  2481 D AudioPolicyService: getUidState(10233) !cacheIter->second.first, return PROCESS_STATE_UNKNOWN
06-21 18:05:38.781   809  2481 D AudioPolicyService: getUidState(10233) cacheIter->second.first, return cacheIter->second.second(-1)
06-21 18:05:38.784   787  1455 I dpu_effect: SetEffectInfo:367: modules=20 dispPanelId=0
06-21 18:05:38.789  6402  6402 D CompatibilityChangeReporter: Compat change id reported: 171979766; UID 10233; state: DISABLED
06-21 18:05:38.789   809  1531 E peq_android: volume index exceed range: 65535
06-21 18:05:38.791  6402  6417 I ActivityThread: Init compatible state: true
06-21 18:05:38.792  6402  6417 D HwFrameworkSecurityPartsFactory: HwFrameworkSecurityPartsFactory in.
06-21 18:05:38.792  6402  6417 I HwFrameworkSecurityPartsFactory: add HwFrameworkSecurityPartsFactory to memory.
06-21 18:05:38.792  6402  6402 I Typeface: fontManager.getInitFontWeightScale:1.0
06-21 18:05:38.792  6402  6417 D BehaviorCollectManager: hook process for AI virus second
06-21 18:05:38.793  6402  6417 I BehaviorCollectManager: bindAnalyzerService: huawei.android.security.IAppBehaviorDataAnalyzer$Stub$Proxy@c7546d pid:6402
06-21 18:05:38.801   787  1455 I dpu_effect: SetEffectInfo:367: modules=20 dispPanelId=0
06-21 18:05:38.809   809  1531 E peq_android: volume index exceed range: 65535
06-21 18:05:38.817   787  1455 I dpu_effect: SetEffectInfo:367: modules=20 dispPanelId=0
06-21 18:05:38.818  6402  6402 I LoadedApk: createSharedLibrariesLoaders::sharedLibraries is null
06-21 18:05:38.822  6402  6402 W tomator2.serve: ClassLoaderContext classpath size mismatch. expected=0, found=1 (PCL[] | PCL[/system/framework/android.test.runner.jar*1585996318])
06-21 18:05:38.823  6402  6402 W tomator2.serve: ClassLoaderContext classpath size mismatch. expected=0, found=2 (PCL[] | PCL[/system/framework/android.test.runner.jar*1585996318:/system/framework/android.test.mock.jar*2827843879])
06-21 18:05:38.829   809  1531 I AudioFlinger: pid(17015):mVol=1.000000, tVol=0.000000, pVol=0.000000, sVol=1.000000, cVol = 1.000000, scale=1.000000, output=13, mDevice=0x2, mStreamType=3
06-21 18:05:38.829   809  1531 E peq_android: volume index exceed range: 65535
06-21 18:05:38.836   787  1455 I dpu_effect: SetEffectInfo:367: modules=20 dispPanelId=0
06-21 18:05:38.837  6402  6402 W tomator2.serve: ApkAssets1 has N = 0
06-21 18:05:38.842  1647  3907 V HwWifiServiceFactory: get AllImpl object = com.android.server.wifi.HwWifiServiceFactoryImpl@6e396b3
06-21 18:05:38.846  6402  6417 I HwApiCacheMangerEx: apicache path=/storage/emulated/0 state=mounted key=io.appium.uiautomator2.server#10233#256
06-21 18:05:38.846  6402  6417 I HwApiCacheMangerEx: need clear apicache,because volumes changed,oldCnt=0 newCnt=1
06-21 18:05:38.847  6402  6417 I HwApiCacheMangerEx: apicache path=/storage/emulated/0 state=mounted key=io.appium.uiautomator2.server#10233#0
06-21 18:05:38.847  6402  6417 I HwApiCacheMangerEx: need clear apicache,because volumes changed,oldCnt=1 newCnt=1
06-21 18:05:38.848  1647  3113 I LocationManagerService: handle last location accurate, 10207/com.huawei.lbs
06-21 18:05:38.848  6402  6402 V GraphicsEnvironment: ANGLE Developer option for 'io.appium.uiautomator2.server' set to: 'default'
06-21 18:05:38.848  6402  6402 V GraphicsEnvironment: Neither updatable production driver nor prerelease driver is supported.
06-21 18:05:38.850   809  1531 E peq_android: volume index exceed range: 65535
06-21 18:05:38.850  1281  1345 E FusionD : (FdMsgProcessing:986):Msg Id is invalid!
06-21 18:05:38.850  1281  1345 I AR_FusionD: (SendMessage:432):socket 13 send 96 data:
06-21 18:05:38.850  1281  1345 I FusionD : (sendQuickTtffLocation:435):FusdLbs: sendQuickTtffLocation.
06-21 18:05:38.850  2740  2925 E NcDft_HiGeoSessionEvent:  higeo event error : 21
06-21 18:05:38.850  6402  6402 I LoadedApk: createSharedLibrariesLoaders::sharedLibraries is [SharedLibraryInfo{name:android.test.base, type:builtin, version:-1}, SharedLibraryInfo{name:android.test.mock, type:builtin, version:-1}, SharedLibraryInfo{name:android.test.runner, type:builtin, version:-1}]
06-21 18:05:38.851  6402  6402 I LoadedApk: createSharedLibrariesLoaders::sharedLibraries is null
06-21 18:05:38.851  6402  6402 D ApplicationLoaders: Returning zygote-cached class loader: /system/framework/android.test.base.jar
06-21 18:05:38.851  6402  6402 I ApplicationLoaders: getSharedLibraryClassLoaderWithSharedLibraries::loader is dalvik.system.PathClassLoader[DexPathList[[zip file "/system/framework/android.test.base.jar"],nativeLibraryDirectories=[/system/lib64, /hw_product/lib64, /system/lib64/module/multimedia, /system/product/lib64]]]
06-21 18:05:38.851 22650  6203 E HwHigeoManager: sendHigeoData final type = 10, result = true
06-21 18:05:38.851  6402  6402 I LoadedApk: createSharedLibrariesLoaders::sharedLibraries is null
06-21 18:05:38.851  6402  6402 I ApplicationLoaders: getSharedLibraryClassLoaderWithSharedLibraries::loader is null
06-21 18:05:38.852  1647  3907 I LocationManagerService: handle last location accurate, 10207/com.huawei.lbs
06-21 18:05:38.852   787  1455 I dpu_effect: SetEffectInfo:367: modules=20 dispPanelId=0
06-21 18:05:38.854  2740  2925 E NcDft_HiGeoSessionEvent:  higeo event error : 21
06-21 18:05:38.854  6402  6402 I LoadedApk: createSharedLibrariesLoaders::sharedLibraries is [SharedLibraryInfo{name:android.test.base, type:builtin, version:-1}, SharedLibraryInfo{name:android.test.mock, type:builtin, version:-1}]
06-21 18:05:38.854  6402  6402 I LoadedApk: createSharedLibrariesLoaders::sharedLibraries is null
06-21 18:05:38.854  6402  6402 D ApplicationLoaders: Returning zygote-cached class loader: /system/framework/android.test.base.jar
06-21 18:05:38.855  6402  6402 I ApplicationLoaders: getSharedLibraryClassLoaderWithSharedLibraries::loader is dalvik.system.PathClassLoader[DexPathList[[zip file "/system/framework/android.test.base.jar"],nativeLibraryDirectories=[/system/lib64, /hw_product/lib64, /system/lib64/module/multimedia, /system/product/lib64]]]
06-21 18:05:38.855  6402  6402 I LoadedApk: createSharedLibrariesLoaders::sharedLibraries is null
06-21 18:05:38.855  6402  6402 I ApplicationLoaders: getSharedLibraryClassLoaderWithSharedLibraries::loader is null
06-21 18:05:38.855  6402  6402 I ApplicationLoaders: getSharedLibraryClassLoaderWithSharedLibraries::loader is null
06-21 18:05:38.855  6402  6402 W tomator2.serve: ClassLoaderContext shared library size mismatch. Expected=0, found=2 (PCL[] | PCL[]{PCL[/system/framework/android.test.base.jar*3790657674]#PCL[/system/framework/android.test.mock.jar*2827843879]})
06-21 18:05:38.859  2740  2925 E NcDft_HiGeoSessionEvent:  higeo event error : 22
06-21 18:05:38.859  6402  6402 W tomator2.serve: ClassLoaderContext shared library size mismatch. Expected=0, found=3 (PCL[] | PCL[]{PCL[/system/framework/android.test.base.jar*3790657674]#PCL[/system/framework/android.test.mock.jar*2827843879]#PCL[/system/framework/android.test.runner.jar*1585996318]{PCL[/system/framework/android.test.base.jar*3790657674]#PCL[/system/framework/android.test.mock.jar*2827843879]}};PCL[/system/framework/android.test.runner.jar*1585996318:/system/framework/android.test.mock.jar*2827843879:/system/framework/android.test.base.jar*3790657674:/data/app/io.appium.uiautomator2.server.test-qbVxtQqVxTkdCmWnJqqQoA==/base.apk*2420800719:/data/app/io.appium.uiautomator2.server.test-qbVxtQqVxTkdCmWnJqqQoA==/base.apk!classes2.dex*3565191145:/data/app/io.appium.uiautomator2.server.test-qbVxtQqVxTkdCmWnJqqQoA==/base.apk!classes3.dex*2088283515:/data/app/io.appium.uiautomator2.server.test-qbVxtQqVxTkdCmWnJqqQoA==/base.apk!classes4.dex*767698402:/data/app/io.appium.uiautomator2.server-ZDMIwcjwD8UblvH-HBC0bQ==/base.apk*3663158453:/data/app/io.appium.uiautomator2.server-ZDMIwcjwD8UblvH-HBC0bQ==/base.apk!classes2.dex*3556852049:/data/app/io.appium.uiautomator2.server-ZDMIwcjwD8UblvH-HBC0bQ==/base.apk!classes3.dex*2469406986:/data/app/io.appium.uiautomator2.server-ZDMIwcjwD8UblvH-HBC0bQ==/base.apk!classes4.dex*1406396985:/data/app/io.appium.uiautomator2.server-ZDMIwcjwD8UblvH-HBC0bQ==/base.apk!classes5.dex*3219128311:/data/app/io.appium.uiautomator2.server-ZDMIwcjwD8UblvH-HBC0bQ==/base.apk!classes6.dex*3582357742:/data/app/io.appium.uiautomator2.server-ZDMIwcjwD8UblvH-HBC0bQ==/base.apk!classes7.dex*1319860673:/data/app/io.appium.uiautomator2.server-ZDMIwcjwD8UblvH-HBC0bQ==/base.apk!classes8.dex*3050564850:/data/app/io.appium.uiautomator2.server-ZDMIwcjwD8UblvH-HBC0bQ==/base.apk!classes9.dex*3802833555:/data/app/io.appium.uiautomator2.server-ZDMIwcjwD8UblvH-HBC0bQ==/base.apk!classes10.dex*2813494147:/data/app/io.appium.uiautomator2.server-ZDMIwcjwD8UblvH-HBC0bQ==/base.apk!classes11.dex*4219401486:/data/app/io.appium.uiautomator2.server-ZDMIwcjwD8UblvH-HBC0bQ==/base.apk!classes12.dex*659451162:/data/app/io.appium.uiautomator2.server-ZDMIwcjwD8UblvH-HBC0bQ==/base.apk!classes13.dex*3470666919:/data/app/io.appium.uiautomator2.server-ZDMIwcjwD8UblvH-HBC0bQ==/base.apk!classes14.dex*3636932523])
06-21 18:05:38.860  2740  2925 E NcDft_HiGeoSessionEvent:  higeo event error : 21
06-21 18:05:38.860  6402  6402 W tomator2.serve: ClassLoaderContext classpath size mismatch. expected=0, found=1 (PCL[] | PCL[/system/framework/android.test.runner.jar*1585996318]{PCL[/system/framework/android.test.base.jar*3790657674]#PCL[/system/framework/android.test.mock.jar*2827843879]#PCL[/system/framework/android.test.runner.jar*1585996318]{PCL[/system/framework/android.test.base.jar*3790657674]#PCL[/system/framework/android.test.mock.jar*2827843879]}};PCL[/system/framework/android.test.runner.jar*1585996318:/system/framework/android.test.mock.jar*2827843879:/system/framework/android.test.base.jar*3790657674:/data/app/io.appium.uiautomator2.server.test-qbVxtQqVxTkdCmWnJqqQoA==/base.apk*2420800719:/data/app/io.appium.uiautomator2.server.test-qbVxtQqVxTkdCmWnJqqQoA==/base.apk!classes2.dex*3565191145:/data/app/io.appium.uiautomator2.server.test-qbVxtQqVxTkdCmWnJqqQoA==/base.apk!classes3.dex*2088283515:/data/app/io.appium.uiautomator2.server.test-qbVxtQqVxTkdCmWnJqqQoA==/base.apk!classes4.dex*767698402:/data/app/io.appium.uiautomator2.server-ZDMIwcjwD8UblvH-HBC0bQ==/base.apk*3663158453:/data/app/io.appium.uiautomator2.server-ZDMIwcjwD8UblvH-HBC0bQ==/base.apk!classes2.dex*3556852049:/data/app/io.appium.uiautomator2.server-ZDMIwcjwD8UblvH-HBC0bQ==/base.apk!classes3.dex*2469406986:/data/app/io.appium.uiautomator2.server-ZDMIwcjwD8UblvH-HBC0bQ==/base.apk!classes4.dex*1406396985:/data/app/io.appium.uiautomator2.server-ZDMIwcjwD8UblvH-HBC0bQ==/base.apk!classes5.dex*3219128311:/data/app/io.appium.uiautomator2.server-ZDMIwcjwD8UblvH-HBC0bQ==/base.apk!classes6.dex*3582357742:/data/app/io.appium.uiautomator2.server-ZDMIwcjwD8UblvH-HBC0bQ==/base.apk!classes7.dex*1319860673:/data/app/io.appium.uiautomator2.server-ZDMIwcjwD8UblvH-HBC0bQ==/base.apk!classes8.dex*3050564850:/data/app/io.appium.uiautomator2.server-ZDMIwcjwD8UblvH-HBC0bQ==/base.apk!classes9.dex*3802833555:/data/app/io.appium.uiautomator2.server-ZDMIwcjwD8UblvH-HBC0bQ==/base.apk!classes10.dex*2813494147:/data/app/io.appium.uiautomator2.server-ZDMIwcjwD8UblvH-HBC0bQ==/base.apk!classes11.dex*4219401486:/data/app/io.appium.uiautomator2.server-ZDMIwcjwD8UblvH-HBC0bQ==/base.apk!classes12.dex*659451162:/data/app/io.appium.uiautomator2.server-ZDMIwcjwD8UblvH-HBC0bQ==/base.apk!classes13.dex*3470666919:/data/app/io.appium.uiautomator2.server-ZDMIwcjwD8UblvH-HBC0bQ==/base.apk!classes14.dex*3636932523])
