06-21 18:05:45.317 17015  6461 V PlayerBase: baseRelease() piid=3391 state=4
06-21 18:05:45.317  1647  4088 I AudioService.PlaybackActivityMonitor: releasePlayer() for piid=3391
06-21 18:05:45.317  1647  4088 I AudioService.PlaybackActivityMonitor: DuckingManager: removedReleased() player piid: 3391 uid:10146
06-21 18:05:45.317  1647  4088 V AudioService.FadeOutManager: removedReleased() player piid: 3391 uid:10146
06-21 18:05:45.317  1647  4088 I AudioService.PlaybackActivityMonitor: dispatchPlaybackChange to 6 clients
06-21 18:05:45.317 17015  6461 I AudioTrack: stop(440): prior state:STATE_FLUSHED
06-21 18:05:45.317  1241  1254 W AwareLog: iawared: thread(ndroid.launcher) is not in whitelist:(m.huawei.camera,)
06-21 18:05:45.318  7221  7221 D AudioManager: dispatching onPlaybackConfigChanged()
06-21 18:05:45.318  7221  7221 I ContentSensor_13.10.10.202_AudioInfoCapture: onPlaybackConfigChanged:
06-21 18:05:45.318  1241  1254 W AwareLog: iawared: thread(ndroid.launcher) is not in whitelist:(m.huawei.camera,)
06-21 18:05:45.318  1647  1647 D AudioManager: dispatching onPlaybackConfigChanged()
06-21 18:05:45.318  7598  7598 D AudioManager: dispatching onPlaybackConfigChanged()
06-21 18:05:45.318  1647  2325 I HwAudioService: apptype = 18, IAWARE_APP_TYPE_NAVI = 3
06-21 18:05:45.318  4326  4326 D HwEditorHelperImpl: isTouchPositionInHightlight.
06-21 18:05:45.320  1647  2265 E InputTransport: channel '6288081 cn.missevan/cn.missevan.activity.MainActivity (server)' ~ receive message failed, errno=11, seq = 0
06-21 18:05:45.320  4326  4326 E InputTransport: channel '6288081 cn.missevan/cn.missevan.activity.MainActivity (client)' ~ receive message failed, errno=11, seq = 97609
06-21 18:05:45.320 17015 17015 I FWK-HiEventLogger: loading {eventTime=12197.50, mediaPos=0.00, window=0, period=0, true}
06-21 18:05:45.322  2812  2812 E InputTransport: channel 'swipe-up (client)' ~ receive message failed, errno=11, seq = 97613
06-21 18:05:45.322  1647  2265 E InputTransport: channel 'swipe-up (server)' ~ receive message failed, errno=11, seq = 0
06-21 18:05:45.323  4326  4326 D HwEditorHelperImpl: stopLongPressingPreviewAnimation.
06-21 18:05:45.323  4326  4326 D HwEditorHelperImpl: removeDrawableView.
06-21 18:05:45.323  4326  4326 E HwEditorHelperImpl: removeDrawableView decorview is null.
06-21 18:05:45.323  1647  1711 E InputTransport: channel 'PointerEventDispatcher0 (client)' ~ receive message failed, errno=11, seq = 97614
06-21 18:05:45.323  1647  2265 E InputTransport: channel 'PointerEventDispatcher0 (server)' ~ receive message failed, errno=11, seq = 0
06-21 18:05:45.323  1647  2252 W AwareLog: AwareRmsRtgSchedPlugin: setCgroupRtgBoost prop disable!
06-21 18:05:45.324  4326  4326 D HwAutofillHelper: recordCurrentInfo:0
06-21 18:05:45.324  4326  4326 D HwAutofillHelper: inputType = 1
06-21 18:05:45.325  4326  4326 W InputMethodManager: startInputReason = 5
06-21 18:05:45.326  4326  4326 W HwRemoteInputMethodManager: isCasting false because IHwDistributedWindowManager is invalid.
06-21 18:05:45.327  1647  3907 I HwInputMethodManagerService: startInputOrWindowGainedFocus windowToken = android.os.BinderProxy@3a1c468
06-21 18:05:45.327  1647  3907 I HwOcrImeController: updateMultiWindow topActivity = ComponentInfo{cn.missevan/cn.missevan.activity.MainActivity} windowMode = 1 mIsInMultiScreen = false
06-21 18:05:45.327  1647  3907 I HwOcrImeController: updateUser userId = 0 mIsOwnerUser = true
06-21 18:05:45.327  1647  3907 I HwOcrImeController: setOcrImeSupportProp mIsOcrImeValid = true mIsHardKeyboardAvailable = false mIsInMultiScreen = false mIsOwnerUser = true
06-21 18:05:45.327  1647  3907 I HwOcrImeController: setOcrImeSupportProp mIsOcrImeValid = true mIsHardKeyboardAvailable = false mIsInMultiScreen = false mIsOwnerUser = true
06-21 18:05:45.327  1647  3907 I HwInputMethodManagerService: startInputOrWindowGainedFocus mCurrentWindowToken = android.os.BinderProxy@3a1c468
06-21 18:05:45.327  1647  3907 D HwSecImmHelper: isPasswordInputType = false, inputType = 1
06-21 18:05:45.327  1647  3907 D HwInputMethodManagerService: isSecMethodUsing = false
06-21 18:05:45.327  1647  3907 V SecInputMethodManagerService: hideCurrentInputLocked inputShown false
06-21 18:05:45.327  1647  3907 V SecInputMethodManagerService: hideCurrentInputLocked imeWindowVis 0
06-21 18:05:45.327  1647  3907 I HwInputMethodManagerService: windowfocus: hide secure input isNeedWaitShow = false
06-21 18:05:45.328  8217  8217 V InputMethod: startInput(): editor=android.view.inputmethod.EditorInfo@ba96c1b
06-21 18:05:45.328  8217  8217 V InputMethodService: CALL: doFinishInput
06-21 18:05:45.328  4326  4326 I InputMethodManager: showSoftInput
06-21 18:05:45.328  8217  8217 D InlineSuggestionSessionController: notifyOnFinishInput
06-21 18:05:45.328  8217  8217 V InputMethodService: CALL: onFinishInput
06-21 18:05:45.328  4326  4326 D InputMethodManager: showSoftInput() view=skin.support.widget.SkinCompatEditText{f59aada VFED..CL. .F.P..ID 75,188-865,290 #7f0b047c app:id/edt_name aid=1073741971} flags=0 reason=SHOW_SOFT_INPUT
06-21 18:05:45.328  1647  3907 I InputMethodShowDelayTask: clearTask
06-21 18:05:45.328  1647  3907 V SecInputMethodManagerService: hideCurrentInputLocked inputShown false
06-21 18:05:45.329  1647  3907 V SecInputMethodManagerService: hideCurrentInputLocked imeWindowVis 0
06-21 18:05:45.329  1647  3907 I HwInputMethodManagerService: showinput: hide secure input isNeedWaitShow = false
06-21 18:05:45.329  1647  3907 V WindowManager: setImeHolder from Window{f2c3a00 u0 cn.missevan/cn.missevan.activity.MainActivity} to Window{6288081 u0 cn.missevan/cn.missevan.activity.MainActivity}
06-21 18:05:45.329   809  1531 I AudioFlinger: stop output session(3193) pid(17015)
06-21 18:05:45.329   809  1531 V AudioPolicyIntefaceImpl: stopOutput()
06-21 18:05:45.330  2673  3192 I PGAudioState: AUDIO_REMOVE_ACTIVE_TRACK, trackId : 433
06-21 18:05:45.330   809  1531 V AudioPolicyIntefaceImpl: releaseOutput()
06-21 18:05:45.330   809  1150 V AudioPolicyIntefaceImpl: doStopOutput
06-21 18:05:45.330  8217  8217 D InlineSuggestionSessionController: notifyOnStartInput: cn.missevan, 1073741971
06-21 18:05:45.330  8217  8217 V InputMethodService: CALL: onStartInput
06-21 18:05:45.330   809  1149 D AudioFlinger: setParameters(): io 0, keyvalue debug log is close, calling pid 809 calling uid 1041
06-21 18:05:45.330  1647  4088 D BatteryStatsService: begin noteStopAudio
06-21 18:05:45.330  1647  4088 D BatteryStatsService: end noteStopAudio
06-21 18:05:45.331   779   779 I AudioModuleManager: [AudioModuleSetParameters:51]: list size: 22
06-21 18:05:45.331   779   779 I sound_trigger_parse_params: [parse_stop_stream_params:95]: stop stream types 3, 0x0
06-21 18:05:45.331  1647  3091 D HwGameAssistantController: isGameForeground? false
06-21 18:05:45.332  8217  8217 I CeliaKeyboard_HwSdkUtil: pc=false,hicar=false,game=false,split=false,isUpDownSplit=false
06-21 18:05:45.332  8217  8217 I CeliaKeyboard_DarkModeUtils: previousModeType = 16 modeType = 16
06-21 18:05:45.332  1647  3907 I ActivityManager: power push bindservice callingPkg:android, pkg:com.huawei.ohos.inputmethod, callerApp pid:1647, pid:8217
06-21 18:05:45.333   809  1150 I APM_AudioPolicyManager: stopOutput() output 13, stream 3, session 3193, portId 440
06-21 18:05:45.333   809  1150 I APM_AudioPolicyManager: getNewOutputDevices selected devices AUDIO_DEVICE_NONE connectdeDevices(0x1 , 0x2 , 0x1000 , 0x10000)
06-21 18:05:45.333   809  1150 I APM_AudioPolicyManager: setOutputDevices device AUDIO_DEVICE_NONE delayMs 240 force 0 outputDesc 13 from stopSource first
06-21 18:05:45.333  1647  2449 D HwGameAssistantController: isGameForeground? false
06-21 18:05:45.333  8217  8217 I CeliaKeyboard_HwSdkUtil: pc=false,hicar=false,game=false,split=false,isUpDownSplit=false
06-21 18:05:45.333  4326  4326 E InputTransport: channel '6288081 cn.missevan/cn.missevan.activity.MainActivity (client)' ~ receive message failed, errno=11, seq = 97612
06-21 18:05:45.334  8217  8217 I CeliaKeyboard_LatinIME: onViewClicked
06-21 18:05:45.334  1647  2265 E InputTransport: channel '6288081 cn.missevan/cn.missevan.activity.MainActivity (server)' ~ receive message failed, errno=11, seq = 0
06-21 18:05:45.334  8217  8217 V InputMethod: showSoftInput()
06-21 18:05:45.334   799   822 D uniperf server: EnterActionProc DoParse failed, cmdId=13120
06-21 18:05:45.334   799   822 D uniperf hal: do UniPerfEvent failed, cmdId=13120, ret=2
06-21 18:05:45.334   809  1150 I APM_AudioPolicyManager: setOutputDevices check for shareModule new device(AUDIO_DEVICE_NONE) mPrimaryDevices({type:0x2,@:}) delayMs(240) force(0) dispatchToHal(1) changePrimaryDevice(1)
06-21 18:05:45.334  8217  8217 I CeliaKeyboard_BaseUiHelper: initStatusForSafeInput isScreenLocked : false isPassword: false
06-21 18:05:45.335  8217  8217 W Settings: Setting device_provisioned has moved from android.provider.Settings.Secure to android.provider.Settings.Global.
06-21 18:05:45.335  2673  3192 I PGAudioState: AUDIO_RELEASE_TRACK, 433
06-21 18:05:45.335  2673  3192 I PGAudioState: remove from mTrackMap, 433
06-21 18:05:45.335  2673  3192 I DeviceMonitor: last release audio mix uid:10146 pid:-2
06-21 18:05:45.335  8217  8217 I CeliaKeyboard_DarkModeUtils: previousModeType = 16 modeType = 16
06-21 18:05:45.335  8217  8217 I CeliaKeyboard_LatinIME: onShowInputRequested, flags=1
06-21 18:05:45.335  8217  8217 I CeliaKeyboard_LatinIME: onEvaluateInputViewShown
06-21 18:05:45.335   809 20548 D AudioPolicyService: getUidState(10218) cacheIter->second.first, return cacheIter->second.second(7)
06-21 18:05:45.335  4326  4326 I bitmap_monitor: record_bitmap_allocated >>> width: 60, height: 72, stride: 240, bit_per_pixel: 4,  allocation_byte_count: 17280, format: 1
06-21 18:05:45.335  8217  8217 D InlineSuggestionSessionController: notifyShowInputRequested
06-21 18:05:45.336  8217  8217 V InputMethodService: Showing window: showInput=true mShowInputRequested=false mViewsCreated=true mDecorViewVisible=false mWindowVisible=false mInputStarted=true mShowInputFlags=1
06-21 18:05:45.336  1647  2224 D InputMethodManagerService: onInputShow
06-21 18:05:45.336  8217  8217 V InputMethodService: showWindow: updating UI
06-21 18:05:45.336  8217  8217 I CeliaKeyboard_LatinIME: onEvaluateInputViewShown
06-21 18:05:45.336  8217  8217 V InputMethodService: CALL: onStartInputView
06-21 18:05:45.336  8217  8217 D InlineSuggestionSessionController: notifyOnStartInputView
06-21 18:05:45.336  8217  8217 I CeliaKeyboard_BaseUiHelper: App is not search, return!
06-21 18:05:45.336  8217  8217 I CeliaKeyboard_BaseUiHelper: initStatusForSafeInput isScreenLocked : false isPassword: false
06-21 18:05:45.336  4326  4326 I bitmap_monitor: record_bitmap_allocated >>> width: 132, height: 66, stride: 528, bit_per_pixel: 4,  allocation_byte_count: 34848, format: 1
06-21 18:05:45.337   809  1150 I APM_AudioPolicyManager: getNewOutputDevices selected devices AUDIO_DEVICE_NONE connectdeDevices(0x1 , 0x2 , 0x1000 , 0x10000)
06-21 18:05:45.337   809  1150 I APM::AudioOutputDescriptor: stop, output handle 13, profile name: primary out,  curActiveCount: 0
06-21 18:05:45.337  8217  8217 I CeliaKeyboard_SpeechKeyboardHelper: switchNormalScene currentMode = commom , lastKbdStyleMode = commom , isFoldScreen = false
06-21 18:05:45.337  8217  8217 I CeliaKeyboard_FloatStyleJudger: isNeedFloatScene=falseisManualQuitFloatMode=false
06-21 18:05:45.337  8217  8217 I CeliaKeyboard_FloatStyleJudger: checkStatus
06-21 18:05:45.337  1647  2252 D HwActivityManagerServiceEx: notifyAppToTop pid:8217, enable:1
06-21 18:05:45.337  4326  4326 I bitmap_monitor: record_bitmap_allocated >>> width: 132, height: 66, stride: 528, bit_per_pixel: 4,  allocation_byte_count: 34848, format: 1
06-21 18:05:45.337   809  1149 D AudioFlinger: setParameters(): io 0, keyvalue debug log is close, calling pid 809 calling uid 1041
06-21 18:05:45.338  8217  8217 W InputMethodSubtype: list size = 224
06-21 18:05:45.338   779  2335 I AudioModuleManager: [AudioModuleSetParameters:51]: list size: 22
06-21 18:05:45.339  8217  8217 W InputMethodSubtype: list size = 2
06-21 18:05:45.339  8217  8217 I CeliaKeyboard_BoardInputModule: updateKeyboardKeys isFoldableScreen:false,isUnFoldState:false,isAltHalfFoldState:false,isPort:true,isConfigOri:1,marginLeft:0,marginBottom:0,isFloat:false,width:1176,keyboardheight:715
06-21 18:05:45.339  8217  8217 I CeliaKeyboard_BaseMechanicalKeyboardManager: is Mechanical Kbd switch on : false
06-21 18:05:45.339  8217  8217 I CeliaKeyboard_BaseKeyboardLayoutSet: keyboardLayoutName:kbd_pinyin_t9,isThumbMode:false,isPort:true,KeyboardMode:commom
06-21 18:05:45.340  8217  8217 I CeliaKeyboard_BaseKeyboardLayoutSet: getKeyboard baseKeyboardLayoutSetElementId0
06-21 18:05:45.340   809  1150 I APM_AudioPolicyManager: sendAudioCloseOrOpen changed isAudioOpen=0
06-21 18:05:45.340  8217  8217 I CeliaKeyboard_KeyboardBuilder:  isTemplate = true
06-21 18:05:45.340   809  1150 V AudioPolicyIntefaceImpl: doReleaseOutput from tid 1150
06-21 18:05:45.340  1221  2196 I dubaid  : [AudioHandler.cpp] CheckOutputStream# Session not found: 3193
06-21 18:05:45.341   809  1531 I AudioMixer: Pid:809 deleteTrackName(433)
06-21 18:05:45.342   809  1531 I peq_android: PEQ destroyed
06-21 18:05:45.342   809  1531 I PlaybackThreadProxy: switch on effectt for silent scene over
06-21 18:05:45.346  2673  3878 I KStateManager: send binder call message, called pid:4326, calling pid:[1647]
06-21 18:05:45.347  4326  4326 I AssistStructure: Flattened final assist data: 15132 bytes, containing 2 windows, 132 views
06-21 18:05:45.349  8217  6462 I CeliaKeyboard_KbdDeviceInfoManager: fontScale: 1.0  indices: [0.85, 1.0, 1.15, 1.30, 1.45]
06-21 18:05:45.351  1647  3511 I ClipboardService: callingPackage:cn.missevan, uid =10358, isFocusedWindow =true, allowed =true
06-21 18:05:45.351  1647  2480 I ClipboardService: callingPackage:cn.missevan, uid =10358, isFocusedWindow =true, allowed =true
06-21 18:05:45.351  1647  2480 I ClipboardService: getPrimaryClip pkg=cn.missevan, intendingUid=10358, isAccessAlowed=true
06-21 18:05:45.352  1647  2480 D androidtc: Initializing SystemTextClassifier, type = System
06-21 18:05:45.352  8217  8217 I CeliaKeyboard_KeyboardView: setKeyboard
06-21 18:05:45.352  8217 14886 I CeliaKeyboard_AbstractBaseEngineTool: try initEngine
06-21 18:05:45.352  8217  8217 I CeliaKeyboard_AbstractPinYinKeyboard: initParameters is stop
06-21 18:05:45.353  1647  2480 D TextClassificationManagerService: Binding to ComponentInfo{android.ext.services/com.android.textclassifier.DefaultTextClassifierService}
06-21 18:05:45.353  8217  8217 I CeliaKeyboard_KeyDrawParams: setKeyboardFontScaleFactor standardWidthRatio : 1.0; heightRatio ：1.0
06-21 18:05:45.353  8217  8217 I CeliaKeyboard_KeyboardView: duration -> invalidateAllKeys
06-21 18:05:45.353  8217 14886 I CeliaKeyboard_EngineHelper: duration -> enableRnnDict, enable:true
06-21 18:05:45.353  8217  8217 I CeliaKeyboard_BaseKeyboardLayoutSet: getKeyboard baseKeyboardLayoutSetElementId0
06-21 18:05:45.353  1647  2480 V ActivityManager: startProcess: name=android.ext.services app=null knownToBeDead=true thread=null pid=-1 preloadStatus=-1
06-21 18:05:45.353  8217  8217 I CeliaKeyboard_InputStateLeftScrollPresenter: setKeyboard 0
06-21 18:05:45.353  8217  8217 I CeliaKeyboard_BaseKeyboardLeftScrollView: duration -> setKeyboard start
06-21 18:05:45.354  8217  8217 I CeliaKeyboard_KeyDrawParams: setKeyboardFontScaleFactor standardWidthRatio : 1.0; heightRatio ：1.0
06-21 18:05:45.354  1647  2480 D CompatibilityChangeReporter: Compat change id reported: 135634846; UID 10015; state: DISABLED
06-21 18:05:45.354  1647  2480 D CompatibilityChangeReporter: Compat change id reported: 177438394; UID 10015; state: DISABLED
06-21 18:05:45.354  1647  2480 D CompatibilityChangeReporter: Compat change id reported: 135772972; UID 10015; state: DISABLED
06-21 18:05:45.354  1647  2480 D CompatibilityChangeReporter: Compat change id reported: 135754954; UID 10015; state: ENABLED
06-21 18:05:45.354  8217  8217 I CeliaKeyboard_BoardInputModule: loadKeyboard
06-21 18:05:45.354  8217  8217 I CeliaKeyboard_UIManager: [IRV]->mInputRootView onShow
06-21 18:05:45.354  1647  2480 I ActivityManager: power push bindservice callingPkg:android, pkg:android.ext.services, callerApp pid:1647, pid:0
06-21 18:05:45.354  1647  1733 D CompatibilityChangeReporter: Compat change id reported: 143937733; UID 10015; state: ENABLED
06-21 18:05:45.354  1647  1733 W ActivityManager: Unknown package:com.huawei.hwid.tv
06-21 18:05:45.354  1647  1733 W ActivityManager: Unknown package:com.huawei.hms
06-21 18:05:45.354  8217  8217 I CeliaKeyboard_InputLifeManager: onStartInputView, restarting=false
06-21 18:05:45.354  1647  1733 I ZygoteProcess: Zygote use usap: false
06-21 18:05:45.354  8217  8217 I CeliaKeyboard_BaseNoLatinManager: onChangeInput subtypeLocaleStr qwerty , localeString = zh
06-21 18:05:45.354  8217 14886 I CeliaKeyboard_AbstractBaseEngineTool: try initEngine
06-21 18:05:45.354  8217  8217 I CeliaKeyboard_AbstractPinYinKeyboard: initParameters is stop
06-21 18:05:45.354  8217  8217 I CeliaKeyboard_AbstractPinYinKeyboard: iniEngine and init params
06-21 18:05:45.355  8217  8217 I CeliaKeyboard_BaseRemoteABTestConfig: This is not a experiment user now.
06-21 18:05:45.355  8217  8217 I CeliaKeyboard_RemoteTouchModelABTestConfig: Current touchModelAbTestValue is {0}
06-21 18:05:45.355  8217  8217 I CeliaKeyboard_IntelligentTouchModel: Current touch model is {0}
06-21 18:05:45.355  8217  8217 I CeliaKeyboard_BaseRemoteABTestConfig: This is not a experiment user now.
06-21 18:05:45.355  8217  8217 I CeliaKeyboard_RemoteSyllableCorrNumABTestConfig: Current syllableCorrNumAbTestValue is {0}
06-21 18:05:45.355  8217  8217 I CeliaKeyboard_BaseRemoteABTestConfig: This is not a experiment user now.
06-21 18:05:45.355  8217  8217 I CeliaKeyboard_RemoteRnnLmABTestConfig: Current rnnLmAbTestValue is {0}
06-21 18:05:45.355  8217  8217 I CeliaKeyboard_EngineRnnLmMgr: Using default RnnLm working strategy
06-21 18:05:45.355  8217  8217 I CeliaKeyboard_LatinIME: onStartInputView
06-21 18:05:45.355  1647  3511 I HwConnectivityServiceEx: set 10218, metered: false, value: false
06-21 18:05:45.356  8217  8217 I CeliaKeyboard_BaseUiHelper: SettingsValueForSafeInput == 0, return!
06-21 18:05:45.356  8217  8217 I DecorView: navBarColor: fff0f0f0 statusBarColor: ffffffff statusInsets: null navInsets: null
06-21 18:05:45.356  8217  8217 I DecorView: updateColorViewInt type:1 size: 0 showView:false color:fff0f0f0
06-21 18:05:45.356  8217  8217 I DecorView: updateColorViewInt type:0 size: 0 showView:false color:ffffffff
06-21 18:05:45.356  2673  3438 I PG_ash  : input default pkg: [com.huawei.ohos.inputmethod, com.huawei.secime]
06-21 18:05:45.356  8217  8217 I CeliaKeyboard_InputLifeManager: onWindowShown and removeMessages!
06-21 18:05:45.356  8217 14886 I CeliaKeyboard_EngineHelper: duration -> enableRnnDict, enable:true
06-21 18:05:45.356  2673  3681 I PGServer: report state:10005 event type:1 pid:0 uid:0 pkg:null to pid: 2673
06-21 18:05:45.356  2673  3681 D ApsPgPlug: APK: onStateChanged stateType: 10005, pkg:null
06-21 18:05:45.356  2673  3681 W ApsPgPlug: APS: APK: onStateChanged pkg is null!
06-21 18:05:45.356  8217  8217 I CeliaKeyboard_EmojiService: isForceLoad? false, mIsInit? false, isRunning: false
06-21 18:05:45.357  8217  8217 I CeliaKeyboard_LatinIME: duration -> onWindowShown,themeName:Wind
06-21 18:05:45.357  8217  8217 V InputMethodService: showWindow: draw decorView!
06-21 18:05:45.357  8217  8217 I RmeSchedManager: init Rme, version is: v1.0
06-21 18:05:45.358  8217  6463 I InputMethodManagerEx: onImeStatusChanged
06-21 18:05:45.358  8217  6469 E CeliaKeyboard_SettingService: setEmojiKeyStyle : An exception occurred : android.content.pm.PackageManager$NameNotFoundException
06-21 18:05:45.360  1647  3907 I InputMethodManagerService: setImeWindowStatus imeWindowVis 3
06-21 18:05:45.360  1647  3907 I HwInputMethodManagerServiceEx: NaviBar defValue = 1
06-21 18:05:45.361  1647  3907 I HwInputMethodManagerServiceEx: --- show navigation bar status: isEnableNavBar = true ,isGestureNavigation = true
06-21 18:05:45.361  1647  3907 W HwNotificationManagerServiceEx: isBanNotification control information formats is invalid !
06-21 18:05:45.361  1647  3907 I NotificationService: enqueueNotificationInternal: pkg=android id=8 notification=Notification(channel=VIRTUAL_KEYBOARD shortcut=null contentView=null vibrate=null sound=null defaults=0x0 flags=0x2 color=0x00000000 category=sys groupKey=ranker_group8 vis=PRIVATE)
06-21 18:05:45.361  8217  8728 I CeliaKeyboard_AudioAndHapticFeedbackManager: init
06-21 18:05:45.361  1647  3907 I NotificationService: enqueueNotificationInternal Channel Info : pkg=android id=8 importance =2
06-21 18:05:45.361  1647  3907 I HwNotificationService: shouldBlockByMediaController : pkgName =android,isCustomNotification =false,isMediaNotification =false
06-21 18:05:45.361  8217  8728 I HapticsReport: set report point result is false
06-21 18:05:45.361  1647  3907 D hwPS_HwPermAccessControlManager: checkHwPermissionForFwk uid: 1000, pkg: android
06-21 18:05:45.361  1647  3907 D hwPS_PopupBackgroundWindowPermission: package: android is always allow, allow this time
06-21 18:05:45.361  1647  3907 D hwPS_PopupBackgroundWindowHelper: PKG_NAME: android, INTERCEPTION_STATE: BACKGROUND, INTERCEPTION_TYPE: INTENT, CHECK_RESULT:ALLOW
06-21 18:05:45.362  1647  3907 I InputMethodManagerService: showImePostLayout token = android.os.BinderProxy@3a1c468
06-21 18:05:45.362   812  3942 I Layer   : [InputMethod#0] seq 10639 created
06-21 18:05:45.363  1647  3113 W ActivityManager: Sending non-protected broadcast huawei.action.floattasks.IME_WINDOW_STATE_CHANGED from system 2504:com.android.systemui/u0a61 pkg com.android.systemui
06-21 18:05:45.363  1647  1647 I HwNotificationDecisionCenter: getRemindDevice, isPhoneUsing=true, isHeadphoneAvailbale=false, isWatchAvailable=false, decision result=phone,record key=-1|android|8|null|1000
06-21 18:05:45.364  8217  8728 I CeliaKeyboard_BaseInputConnector: do baseGetTextBeforeCursorExpand
06-21 18:05:45.364  8217  8728 W CeliaKeyboard_ThreadUtil: work start
06-21 18:05:45.364  1647  2480 I HwPhoneWindowManager: StatusToSurfaceFlinger Window{521b295 u0 InputMethod} sideMode = 1 notchMode = 0 dataIn val = 4
06-21 18:05:45.365   812  3942 D SurfaceFlingerEx: surfaceStatus: = 4
06-21 18:05:45.365   812  3942 I RoundCornerDisplay: [OnSurfaceStatusChanged]hidestatus is not changed: new = 0, old = 0
06-21 18:05:45.365   812  3942 I RoundCornerDisplay: [OnSurfaceStatusChanged]sideRegionStatus is not changed: sideRegionStatus = 1, m_sideRegionMode = 0
06-21 18:05:45.365   812  3942 I Layer   : [Surface(name=521b295 InputMethod)/@0x65f79b - animation-leash of insets_animation#0] seq 10640 created
06-21 18:05:45.365  6402  6437 I appium  : Waiting up to 100ms for the device to idle
06-21 18:05:45.365  8217  8728 W CeliaKeyboard_ThreadUtil: work end
06-21 18:05:45.365  8217  8728 I CeliaKeyboard_BaseInputConnector: do getTextAfterCursorExpand
06-21 18:05:45.365  8217  8728 W CeliaKeyboard_ThreadUtil: work start
06-21 18:05:45.366  1647  3907 I WindowManager: showIme target: Window{6288081 u0 cn.missevan/cn.missevan.activity.MainActivity} token: android.os.BinderProxy@3a1c468
06-21 18:05:45.366  1647  3907 I ImeInsetsSourceProvider: Schedule IME show for 6288081 cn.missevan/cn.missevan.activity.MainActivity
06-21 18:05:45.366  8217  8217 D BufferQueueCore: BufferQueueCore: mDebugHwFlow=0, mIsBufferQueueLogVSupport=0.
06-21 18:05:45.367  1647  2480 I HwInputMethodManagerService: removeImeSurfaceFromWindow windowToken = android.os.BinderProxy@55ee24c
06-21 18:05:45.367  1647  2480 I HwInputMethodManagerService: removeImeSurfaceFromWindow mCurrentWindowToken = android.os.BinderProxy@3a1c468
06-21 18:05:45.367  1647  1714 I WindowManager: notifyInsetsControlChanged for:Window{6288081 u0 cn.missevan/cn.missevan.activity.MainActivity}
06-21 18:05:45.367 17015 17015 I FWK-HiEventLogger: state {eventTime=12197.55, mediaPos=0.00, window=0, period=0, READY}
06-21 18:05:45.367 17015 17015 I FWK-ExoPlayerImpl-“尾盘30分钟买入”，牢记4种收盘语言，看次日涨跌，实�exo player state change to STATE_READY
06-21 18:05:45.367 17015 17015 I FWK-AsyncStateMachine: handleEvent: 1
06-21 18:05:45.367  1647  1714 I WindowManager: Update InputWindowHandle: 521b295 InputMethod, frame=[0,72,1176,2400], touchableRegion=SkRegion((0,1346,1176,2328)), visible=false, changed=true isChanged:true
06-21 18:05:45.368 17015 17015 I FWK-HiEventLogger: isPlaying {eventTime=12197.55, mediaPos=0.00, window=0, period=0, true}
06-21 18:05:45.368 17015 17015 I FWK-ExoPlayerImpl-“尾盘30分钟买入”，牢记4种收盘语言，看次日涨跌，实�on is playing changed, isPlaying:true
06-21 18:05:45.368 17015 17015 I FWK-AsyncStateMachine: handleEvent: 3
06-21 18:05:45.368 17015  1603 I FWK-BufferingPlaying: handleEvent event:1
06-21 18:05:45.368 17015  1603 E FWK-BufferingPlaying: invalid event: 1
06-21 18:05:45.368 17015  1603 I FWK-BufferingPlaying: handleEvent event:3
06-21 18:05:45.368 17015  1603 I FWK-PlayerStateMachine: update state, oldState:3, newState:5
06-21 18:05:45.369 17015  1603 I FWK-AsyncStateMachine: setState: BufferingPlaying -> PlayingState
06-21 18:05:45.369  1647  1714 I ImeInsetsSourceProvider: dcTarget: 6288081 cn.missevan/cn.missevan.activity.MainActivity mImeRequester: 6288081 cn.missevan/cn.missevan.activity.MainActivity
06-21 18:05:45.370  1647  2449 I NotificationManager: android: cancel(8)
06-21 18:05:45.370  1647  3907 I InputMethodManagerService: setImeWindowStatus imeWindowVis 3
06-21 18:05:45.370  1237  1641 I android.hardware.media.omx@1.0-service: VIDEO:[HEVC_RefreshDPB]:[6672]  init the hevc dpb buffer, size 9
06-21 18:05:45.370  1241  1254 D AwareLog: iawared: set /proc/8217/task/6472/static_vip vip
06-21 18:05:45.371  1647  1647 I HwNotificationService: specialType is: ,topFullscreen is:false,isRequestSingleLine :false,HWMULTIWIN_ENABLED is:true
06-21 18:05:45.371  1647  1647 D HwNotificationService: mGameDndStatus is:false ,isGameDndSwitchOn is:false,isDeferLaunchActivity is:false
06-21 18:05:45.371  1647  2449 I HwOcrImeController: updateMultiWindow topActivity = ComponentInfo{cn.missevan/cn.missevan.activity.MainActivity} windowMode = 1 mIsInMultiScreen = false
06-21 18:05:45.371  1647  2449 I HwOcrImeController: updateUser userId = 0 mIsOwnerUser = true
06-21 18:05:45.371  1647  2449 I HwOcrImeController: setOcrImeSupportProp mIsOcrImeValid = true mIsHardKeyboardAvailable = false mIsInMultiScreen = false mIsOwnerUser = true
06-21 18:05:45.371  1647  2449 I HwOcrImeController: setOcrImeSupportProp mIsOcrImeValid = true mIsHardKeyboardAvailable = false mIsInMultiScreen = false mIsOwnerUser = true
06-21 18:05:45.371  1647  3907 I HwInputMethodManagerService: removeImeSurfaceFromWindow windowToken = android.os.BinderProxy@3a1c468
06-21 18:05:45.371  1647  3907 I HwInputMethodManagerService: removeImeSurfaceFromWindow mCurrentWindowToken = android.os.BinderProxy@3a1c468
06-21 18:05:45.371  1647  3907 I HwInputMethodManagerService: removeImeSurfaceFromWindow
06-21 18:05:45.372  1647  1647 W NotificationHistory: Attempted to add notif for locked/gone/disabled user 0
06-21 18:05:45.372   709   709 D Zygote  : Forked child process 6473
06-21 18:05:45.372  1647  1647 I NotificationService: cancelNotificationLocked called,tell the app,reason = 8,sbn key = -1|android|8|null|1000
06-21 18:05:45.372  1647  1733 I ActivityManager: Start proc 6473:android.ext.services/u0a15 for service {android.ext.services/com.android.textclassifier.DefaultTextClassifierService}
06-21 18:05:45.373  1647  1647 V AudioManager: getMode...
06-21 18:05:45.373  1647  2449 W ActivityManager: Sending non-protected broadcast huawei.action.floattasks.IME_WINDOW_STATE_CHANGED from system 2504:com.android.systemui/u0a61 pkg com.android.systemui
06-21 18:05:45.375 17015 17015 I FWK-HiEventLogger: loading {eventTime=12197.56, mediaPos=0.00, window=0, period=0, false}
06-21 18:05:45.377  8217  8217 I CeliaKeyboard_TopColorLayout: duration -> onDraw end
06-21 18:05:45.378   799   822 D uniperf server: EnterActionProc DoParse failed, cmdId=13120
06-21 18:05:45.378   799   822 D uniperf hal: do UniPerfEvent failed, cmdId=13120, ret=2
06-21 18:05:45.378  7598  7598 I CAWARENESS_31424_AwarenessNotificationListenerService: getNotificationContent: get EXTRA_TEXT
06-21 18:05:45.378  7598  7598 I CAWARENESS_31424_NotificationHelper: publishNotificationContent: has content
06-21 18:05:45.386  7598  7598 I CAWARENESS_31424_AwarenessNotificationListenerService: getNotificationContent: get EXTRA_TEXT
06-21 18:05:45.386  7598  7598 I CAWARENESS_31424_NotificationHelper: publishNotificationContent: has content
06-21 18:05:45.386  2504  2504 I NotificationListener: onNotificationPosted: StatusBarNotification(pkg=android user=UserHandle{-1} id=8 tag=null key=-1|android|8|null|1000: Notification(channel=VIRTUAL_KEYBOARD shortcut=null contentView=null vibrate=null sound=null defaults=0x0 flags=0x2 color=0x00000000 category=sys groupKey=ranker_group8 vis=PRIVATE)) important=2, post=1687341945361, when=0,showWhen=true, vis=0, userid=-1, hasFullScreenIntent=false,style=null
06-21 18:05:45.386  2504  2504 I NotificationListener: onNotificationRemoved: StatusBarNotification(pkg=android user=UserHandle{-1} id=8 tag=null key=-1|android|8|null|1000: Notification(channel=VIRTUAL_KEYBOARD shortcut=null contentView=null vibrate=null sound=null defaults=0x0 flags=0x2 color=0x00000000 category=sys groupKey=ranker_group8 vis=PRIVATE)) reason: 8
06-21 18:05:45.387  1647  3907 I ImeInsetsSourceProvider: dcTarget: 6288081 cn.missevan/cn.missevan.activity.MainActivity mImeRequester: 6288081 cn.missevan/cn.missevan.activity.MainActivity
06-21 18:05:45.388  1647  3907 I WindowManager: notifyInsetsControlChanged for:Window{6288081 u0 cn.missevan/cn.missevan.activity.MainActivity}
06-21 18:05:45.389  8217  8728 W CeliaKeyboard_ThreadUtil: work end
06-21 18:05:45.389  8217  8728 I CeliaKeyboard_BaseInputConnector: do getSelectedTextExpand
06-21 18:05:45.389  8217  8728 W CeliaKeyboard_ThreadUtil: work start
06-21 18:05:45.389  1647  1714 I WindowManager: Update InputWindowHandle: 521b295 InputMethod, frame=[0,72,1176,2400], touchableRegion=SkRegion((0,1484,1176,2328)), visible=false, changed=true isChanged:true
06-21 18:05:45.392  2124  2124 W HIGNSS  : LS:[LSQ_SOLUTION] satellite num: 0 < 4
06-21 18:05:45.392  2124  2124 W HIGNSS  : CHR:[TCXO-BIAS-CHANGE] time: 8, cnt: 8, valid: 0, freq_bias:0.000000, tempr:0.000000, sats_num: 0, qop: 0
06-21 18:05:45.392  2124  2124 W HIGNSS  : MSBCFG:GetLostTrkTimeIntervalPointer g_lostTrkMap 2 is NULL
06-21 18:05:45.392  2124  2124 W HIGNSS  : MSBCFG:GetLostTrkTimeIntervalPointer g_lostTrkMap 9 is NULL
06-21 18:05:45.392  2124  2124 W HIGNSS  : MSBCFG:GetLostTrkTimeIntervalPointer g_lostTrkMap 10 is NULL
06-21 18:05:45.392  2124  2124 W HIGNSS  : MSBCFG:GetLostTrkTimeIntervalPointer g_lostTrkMap 11 is NULL
06-21 18:05:45.392  6473  6473 I SELinux : system_file lable set found!!!!!
06-21 18:05:45.392  6473  6473 I SELinux : value : u:object_r:system_data_file:s0
06-21 18:05:45.392  6473  6473 I SELinux : path : /data/user
06-21 18:05:45.392  2124  2124 W HIGNSS  : MSBCFG:GetLostTrkTimeIntervalPointer g_lostTrkMap 12 is NULL
06-21 18:05:45.392  6473  6473 I SELinux : system_file lable set found!!!!!
06-21 18:05:45.392  6473  6473 I SELinux : value : u:object_r:system_data_file:s0
06-21 18:05:45.392  6473  6473 I SELinux : path : /data/data
06-21 18:05:45.392  6473  6473 I SELinux : system_file lable set found!!!!!
06-21 18:05:45.392  6473  6473 I SELinux : value : u:object_r:system_data_file:s0
06-21 18:05:45.392  6473  6473 I SELinux : path : /data/user_de/0
06-21 18:05:45.392  6473  6473 I SELinux : system_file lable set found!!!!!
06-21 18:05:45.392  6473  6473 I SELinux : value : u:object_r:system_data_file:s0
06-21 18:05:45.392  6473  6473 I SELinux : path : /data/user_de
06-21 18:05:45.393  2124  2124 W HIGNSS  : FUS:fusion results invalid, flag = 0!
06-21 18:05:45.393  2124  2124 W HIGNSS  : PE_CDPP:[NORMAL]location check failed, cdpp can not be done!
06-21 18:05:45.394  2124  2124 W HIGNSS  : PE_MSA:[MSA_SELECT]the num of sat can be reported is less than 4, report all valid data!
06-21 18:05:45.394  2124  2124 W HIGNSS  : PE_MSA:[MSA-DOPPLER]No location and no acq data, not do doppler consistence!
06-21 18:05:45.394  2124  2124 W HIGNSS  : PE_MSA:[MSA-REPORT] no gnss msr data to be report!
06-21 18:05:45.394  2124  2124 E HIGNSS  : PE_MGR:g_sendPvtInfo is null!
06-21 18:05:45.394  2124  2173 W HIGNSS  : CTL:can't find dst, 0x11110021
06-21 18:05:45.395  8217  8217 I CeliaKeyboard_KeyboardView: duration -> onDraw complete
06-21 18:05:45.392  6473  6473 W main    : type=1400 audit(0.0:63916): avc: denied { write } for name="tasks" dev="tmpfs" ino=1309 scontext=u:r:zygote:s0 tcontext=u:object_r:device:s0 tclass=file permissive=0
06-21 18:05:45.396  8217  8728 W CeliaKeyboard_ThreadUtil: work end
06-21 18:05:45.396  8217  8728 I CeliaKeyboard_SensitiveWordTool: initialed or initialing
06-21 18:05:45.397  8217  8728 E CeliaKeyboard_FilterWordUtil: read sensitive from inner failed
06-21 18:05:45.397  8217  8728 I CeliaKeyboard_DecodeSensitive: initSensitiveWords content is empty.
06-21 18:05:45.397  8217  8728 I FormalHASDK: HiAnalyticsInstance==> onEvent. TAG:keyboard, eventId:1013
06-21 18:05:45.398  8217  8217 I CeliaKeyboard_BaseKeyboardLeftScrollView: duration -> onDraw end
06-21 18:05:45.398  6473  6473 I id.ext.service: Reinit property: dalvik.vm.checkjni= false
06-21 18:05:45.399  6473  6473 I id.ext.service: ReInitProperties: persist.vm.debug.dumpapi= false
06-21 18:05:45.399  8217  8728 I NetworkKit_e: SingleThreadPool|null|com.huawei.hms.framework.network.grs.h.e|a|30|isSpExpire false.
06-21 18:05:45.399  8217  8728 I NetworkKit_a: SingleThreadPool|null|com.huawei.hms.framework.network.grs.a|a|20|GrsClientManager.getUrlsLocal: Get URL from GRS Server Cache
06-21 18:05:45.399  8217  8728 I NetworkKit_a: SingleThreadPool|null|com.huawei.hms.framework.network.grs.a|a|55|GrsClientManager.synGetGrsUrl: Return [com.huawei.cloud.celiakeyboard.cn][AS] Url: h*t*s*/*c*l*a*e*b*a*d*d*c*.*m*i*d*a*k*l*u*.*o*
06-21 18:05:45.399  8217  8728 I CeliaKeyboard_RetrofitManager: url empty or duplicate, break
06-21 18:05:45.399  8217  8728 I CeliaKeyboard_UpdateUtil: checkUpdate is cooling down, ignore.
06-21 18:05:45.400  2504  2504 D InterruptionStateProvider: No bubble up: not allowed to bubble: -1|android|8|null|1000
06-21 18:05:45.400  2504  2504 I NotificationClickHandler: onPendingEntryAdded , key = -1|android|8|null|1000, hasFullScreenIntent = false
06-21 18:05:45.400  2504  2504 D InterruptionStateProvider: No heads up: unimportant notification: -1|android|8|null|1000
06-21 18:05:45.403  8217  8256 I hos.inputmetho: Background young concurrent copying GC freed 32879(5971KB) AllocSpace objects, 1(48KB) LOS objects, 0% free, 17MB/17MB, paused 7.452ms,26us total 41.237ms cpu time 17.732ms
06-21 18:05:45.404  8217  8217 I HwViewRootImpl: removeInvalidNode all the node in jank list is out of time
06-21 18:05:45.405  7221 32611 I ContentSensor_13.10.10.202_AudioInfoCapture: captureMusicData: pkgName = cn.missevan
06-21 18:05:45.405  7221 32611 W ContentSensor_13.10.10.202_AudioInfoCapture: No need notify, resultList is empty
06-21 18:05:45.405  7221 32611 W ContentSensor_13.10.10.202_AudioInfoCapture: insert info list is empty
06-21 18:05:45.405  7221 32611 W ContentSensor_13.10.10.202_AudioInfoCapture: insert info list is empty
06-21 18:05:45.405  1647  1714 I WindowManager: performshow Window{521b295 u0 InputMethod} tok.waitingToShow=false isTransitionSet=false isRecentAnimatingAndBackingToHome=false parentHidden=false vis=0 tok.isVisible=false hasSurface=true policyVis=true destroying=false animating=false
06-21 18:05:45.406  6473  6473 E id.ext.service: Not starting debugger since process cannot load the jdwp agent.
06-21 18:05:45.406  1647  1714 I ImeInsetsSourceProvider: dcTarget: 6288081 cn.missevan/cn.missevan.activity.MainActivity mImeRequester: 6288081 cn.missevan/cn.missevan.activity.MainActivity
06-21 18:05:45.406  1647  1714 I ImeInsetsSourceProvider: Run showImeRunner
06-21 18:05:45.406  1647  1714 I ImeInsetsSourceProvider: dcTarget: 6288081 cn.missevan/cn.missevan.activity.MainActivity mImeRequester: 6288081 cn.missevan/cn.missevan.activity.MainActivity
06-21 18:05:45.406  1647  1714 I ImeInsetsSourceProvider: call showInsets(ime) on 6288081 cn.missevan/cn.missevan.activity.MainActivity
06-21 18:05:45.406  1647  1714 I ImeInsetsSourceProvider: abortShowImePostLayout
06-21 18:05:45.407  4326  4326 D InsetsController: show(ime(), fromIme=true)
06-21 18:05:45.407  6473  6473 I AndroidRuntime: RuntimeInit: Starting application from zygote
06-21 18:05:45.407  4326  4326 I InsetsController: applyAnimation types:8,show:true, this:android.view.InsetsController@ef6f771
06-21 18:05:45.407  6473  6473 D AndroidRuntime: Entered RuntimeInit!
06-21 18:05:45.407  4326  4326 I InsetsController: controlAnimation types: 8
06-21 18:05:45.407  4326  4326 D InsetsController: controlAnimation after canel existing types: 8
06-21 18:05:45.407 17015  1596 I AudioTrack-JNI: AudioTrack_setup for usage=1 content=0 flags=0x0xa00 tags=
06-21 18:05:45.407 17015  1596 D AudioTrack: set(): Building AudioTrack with attributes: usage=1 content=0 flags=0xa00 tags=[]
06-21 18:05:45.408   809 20548 I AudioPolicyManagerCustomImpl: sample rate: 44100, format: 0x1, channel_mask: 0x3usage=1 content=0 flags=0x0xa00 tags=bitsPerSample: 16, channelCount = 2 streamType =3
06-21 18:05:45.408  8217  6469 E CeliaKeyboard_EmojiService: JSONException
06-21 18:05:45.409   779  2335 I AudioModuleManager: [AudioModuleGetParameters:71]: list size: 22
06-21 18:05:45.410  6473  6473 I AndroidRuntime: MethodAndArgsCaller run()
06-21 18:05:45.410   809 20548 I AudioPolicyManagerCustomImpl: isInLowLatency() 0
06-21 18:05:45.411  8217  8217 I DecorView: navBarColor: fff0f0f0 statusBarColor: ffffffff statusInsets: Insets{left=0, top=0, right=0, bottom=0} navInsets: Insets{left=0, top=0, right=0, bottom=0}
06-21 18:05:45.411  8217  8217 I DecorView: updateColorViewInt type:1 size: 0 showView:false color:fff0f0f0
06-21 18:05:45.411  8217  8217 I DecorView: updateColorViewInt type:0 size: 0 showView:false color:ffffffff
06-21 18:05:45.411   779  2335 I audio_hw_direct: [adev_get_direct_devices_parameters:910]: get direct_devices (545259532)
06-21 18:05:45.412  1647  1713 D HwTransitionAnimationImpl: windowAnimations = 7f130102 dose not come from system, not to override it.
06-21 18:05:45.413   809 20548 W AudioPolicyManagerCustomImpl: isDirectOutputSupported: headset is not onsite, not support
06-21 18:05:45.413   809 20548 W AudioPolicyManagerCustomImpl: isDirectOutputSupported: is unsupport stream
06-21 18:05:45.416   809  2481 I AudioPolicyIntefaceImpl: getOutputForAttr() session 3193, attr->flags 0xa00, flags 0x8, selectedDeviceId 0, pid 17015, uid 10146
06-21 18:05:45.416   809  2481 V AudioPolicyIntefaceImpl: getOutputForAttr()
06-21 18:05:45.418   809  2481 E AudioPolicyIntefaceImpl: selectDevice() IDeviceSelectCallback == nullptr
06-21 18:05:45.419   809  2481 I APM_HwAudioPolicyMix: getOutputForAttr() querying 0 mixes, flags 8, pid 17015, uid 10146, stream 3
06-21 18:05:45.419  1647  4088 I HwOcrImeController: updateMultiWindow topActivity = ComponentInfo{cn.missevan/cn.missevan.activity.MainActivity} windowMode = 1 mIsInMultiScreen = false
06-21 18:05:45.419   809  2481 I AudioPolicyManagerCustomImpl:  ChangeFlagsFromGetOutputForDevice  platform: 0
06-21 18:05:45.419   809  2481 I APM_AudioPolicyManager: getOutputForDevices() output 13, stream 3, sampling rate 44100, format 0x1, channels 0x3, flags 0x8
06-21 18:05:45.419  1647  4088 I HwOcrImeController: updateUser userId = 0 mIsOwnerUser = true
06-21 18:05:45.419   809  2481 I APM_AudioPolicyManager: getOutputForAttr() returns output 13 requestedPortId 0 selectedDeviceId 3 for port ID 442 device type:0x2,@:
06-21 18:05:45.419  1647  4088 I HwOcrImeController: setOcrImeSupportProp mIsOcrImeValid = true mIsHardKeyboardAvailable = false mIsInMultiScreen = false mIsOwnerUser = true
06-21 18:05:45.419  1647  4088 I HwOcrImeController: setOcrImeSupportProp mIsOcrImeValid = true mIsHardKeyboardAvailable = false mIsInMultiScreen = false mIsOwnerUser = true
06-21 18:05:45.419   809  2481 I AudioFlinger: createTrack() sessionId: 3193
06-21 18:05:45.419   809  2481 W AudioFlinger: createTrack_l(): mismatch between requested flags (00000008) and output flags (00000002)
06-21 18:05:45.419   809  2481 I AudioFlinger: Client defaulted notificationFrames to 3675 for frameCount 11025
06-21 18:05:45.419   809  2481 I AudioFlinger: createTrack_l : sharedBuffer=0x0 requestframeCnt=11025 actualframeCnt=11025 format=0x1 mFormat=0x3 channelMask=0x3 sampleRate=44100 mSampleRate=48000 requestflags=0x8 actualflags=0 outputflags=0x2 requestnotificationFrameCount=0, notificationFrameCount=3675, hasFastMixer=0 pid=17015 tid=-1
06-21 18:05:45.419  1647  1714 I WindowManager: Update InputWindowHandle: 521b295 InputMethod, frame=[0,72,1176,2400], touchableRegion=SkRegion((0,1484,1176,2328)), visible=true, changed=true isChanged:true
06-21 18:05:45.422   809  2481 I AF::TrackHandle: OpPlayAudio: track:435 usage:1 not muted
06-21 18:05:45.423   809  2481 I AudioFlinger: DevSched: uid is 10146, factor is 1.000000, mode_eq is 6
06-21 18:05:45.424  6473  6473 D ActivityThread: Attach thread to application
06-21 18:05:45.425  2673  3192 I PGAudioState: AUDIO_CREATAE_TRACK, audioInfo : [trackId : 435, sessionId : 3193, type : audio_out, threadType : MIXER, streamType : MUSIC, pid : 17015, uid : 10146, createState : new, playState : stop, audioTrackVolume: 1.0, finalVolume : 0.0, loop : false, stopByZeroTime : 0]
06-21 18:05:45.425  1230  1264 I HiView  : Begin report 916400001
06-21 18:05:45.425  1230  1264 I HiEvent : Flatten done: 916400001
06-21 18:05:45.426 17015  1596 I AudioTrack: setVolumeLR : 1.000000
06-21 18:05:45.427   812   812 I Layer   : setFlags: Layer:InputMethod#0 show
06-21 18:05:45.427  4326  4326 I DecorView: navBarColor: ffffffff statusBarColor: 0 statusInsets: Insets{left=0, top=72, right=0, bottom=0} navInsets: Insets{left=0, top=0, right=0, bottom=0}
06-21 18:05:45.427  4326  4326 I DecorView: updateColorViewInt type:1 size: 0 showView:false color:ffffffff
06-21 18:05:45.428  4326  4326 I DecorView: updateColorViewInt type:0 size: 72 showView:false color:0
06-21 18:05:45.429  1241  1254 D AwareLog: iawared: WorkingsetProcessCommand subCmd = 352, userId=10232, pid=6163, io.appium.settings
06-21 18:05:45.430  1241  1254 D AwareLog: iawared: WorkingsetStop io.appium.settings
06-21 18:05:45.429   809  2481 D AudioPolicyService: getUidState(10015) !cacheIter->second.first, return PROCESS_STATE_UNKNOWN
06-21 18:05:45.431  1647  4088 I AudioService.PlaybackActivityMonitor: trackPlayer() new piid=3407
06-21 18:05:45.431 17015  1596 I AudioTrack: setVolumeLR : 0.000000
06-21 18:05:45.432   809  2481 D AudioPolicyService: getUidState(10015) cacheIter->second.first, return cacheIter->second.second(-1)
06-21 18:05:45.432   809  1537 I AudioFlinger: thread 0xb400006fca3c3200 type 0 TID 1537 waking up
06-21 18:05:45.432 17015  1596 D PlayerBase: baseStart() piid=3407 deviceId=0
06-21 18:05:45.432 17015  1596 I AudioTrack: start(442): prior state:STATE_STOPPED
06-21 18:05:45.433  1647  4088 I AudioService.PlaybackActivityMonitor: playerEvent(piid=3407, deviceId=0, event=PLAYER_STATE_STARTED)
06-21 18:05:45.433  1647  4088 I AudioService.PlaybackActivityMonitor: DuckingManager: checkDuck() player piid:3407 uid:10146
06-21 18:05:45.433  1647  4088 V AudioService.FadeOutManager: checkFade() player piid:3407 uid:10146
06-21 18:05:45.432  2673  3192 I PGAudioState: receive session 3193 aduio track volume state : 0
06-21 18:05:45.433   809  1537 I AudioFlinger: acquireWakeLock_l() AudioOut_15 status 0 mWakeLockToken 0xb400007069efa2d0
06-21 18:05:45.433  2673  3192 I PGAudioState: update audiotrack volume state ,trackId 435,volume : 0.0
06-21 18:05:45.433   809  2481 D AudioFlinger: setParameters(): io 0, keyvalue debug log is close, calling pid 1647 calling uid 1000
06-21 18:05:45.433   809 20548 I AudioFlinger: start output session(3193) pid(17015)
06-21 18:05:45.433   809 20548 V AudioPolicyIntefaceImpl: startOutput()
06-21 18:05:45.433  1647  2480 I PowerManagerService: acquireWakeLockAsync into.
06-21 18:05:45.433   809  1149 D AudioFlinger: setParameters(): io 0, keyvalue debug log is close, calling pid 809 calling uid 1041
06-21 18:05:45.434  1647  2480 W ProcBatteryStats: timer is running , not start, name: audioserver, uid: 1041, tag: AudioMix
06-21 18:05:45.434   779  2335 I AudioModuleManager: [AudioModuleSetParameters:51]: list size: 22
06-21 18:05:45.434   779  2335 D asd_pop : pop_dmd_data_update: set dmd_data.pkg_info = [com.huawei.browser], succ
06-21 18:05:45.435  1647  4088 I HwAudioServiceEx:  setAudioPlayStreamType 3, usageType 1
06-21 18:05:45.436  1647  4088 I AudioService.PlaybackActivityMonitor: dispatchPlaybackChange to 6 clients
06-21 18:05:45.436   779  2335 I AudioModuleManager: [AudioModuleSetParameters:51]: list size: 22
06-21 18:05:45.436   779  2335 I sound_trigger_switch: [out_stream_type_match:36]: stream type 0x8 match
06-21 18:05:45.436   779  2335 I sound_trigger_switch: [sound_trigger_soc_normal_enable:137]: enable value is same
06-21 18:05:45.436  1647  1647 D AudioManager: dispatching onPlaybackConfigChanged()
06-21 18:05:45.436   779  2335 I sound_trigger_switch: [update_sound_trigger_mode:169]: sound_trigger_soc_normal_enable: true
06-21 18:05:45.436   779  2335 I sound_trigger_parse_params: [parse_start_stream_params:77]: start stream types 3, 0x8
06-21 18:05:45.437  1647  1647 D AudioPlayerStateMonitor: Found a new active media playback. AudioPlaybackConfiguration piid:3407 deviceId:0 type:android.media.AudioTrack u/pid:10146/17015 state:started attr:AudioAttributes: usage=USAGE_MEDIA content=CONTENT_TYPE_UNKNOWN flags=0xA00 tags= bundle=null sessionId:3193
06-21 18:05:45.437  6473  6473 D CompatibilityChangeReporter: Compat change id reported: 171979766; UID 10015; state: DISABLED
06-21 18:05:45.437  7598  7598 D AudioManager: dispatching onPlaybackConfigChanged()
06-21 18:05:45.437  1647  1647 D MediaSessionService: Audio playback is changed, config=AudioPlaybackConfiguration piid:3407 deviceId:0 type:android.media.AudioTrack u/pid:10146/17015 state:started attr:AudioAttributes: usage=USAGE_MEDIA content=CONTENT_TYPE_UNKNOWN flags=0xA00 tags= bundle=null sessionId:3193, removed=false
06-21 18:05:45.437  1647  1647 I MediaSessionStack: updateMediaButtonSessionIfNeeded, callers=com.android.server.media.MediaSessionService.lambda$onStart$0$MediaSessionService:297 com.android.server.media.MediaSessionService$$ExternalSyntheticLambda0.onAudioPlayerActiveStateChanged:2
06-21 18:05:45.437  1647  1647 D MediaSessionStack: updateMediaButtonSessionIfNeeded, skipping uid=10146
06-21 18:05:45.437  1647  1647 D MediaSessionStack: updateMediaButtonSessionIfNeeded, skipping uid=10061
06-21 18:05:45.437  1647  1647 D MediaSessionStack: updateMediaButtonSessionIfNeeded, checking uid=10358, mediaButtonSession=cn.missevan/PlayerService (userId=0), ignoreButtonSession=false
06-21 18:05:45.438   809 20548 I APM_AudioPolicyManager: startOutput() output 13, stream 3, session 3193, portId 442, phoneState 0, communiCf 0, excommcf 0, mediaCf 0, exmediacf 0, pid 17015, uid 10146, castFlag 0
06-21 18:05:45.438   809 20548 I APM::AudioOutputDescriptor: IOprofile maxActiveCount == 0 curActiveCount = 0
06-21 18:05:45.438   809 20548 I APM::AudioOutputDescriptor: start, output handle 13, profile name: primary out, curActiveCount: 1
06-21 18:05:45.438   809 20548 W APM::AudioOutputDescriptor: setClientStopped(PortId: 442 SessionId: 3193 Uid: 10146 Stream: 3): ignored stopped client: 0, current
06-21 18:05:45.439   809 20548 I APM_AudioPolicyManager: getNewOutputDevices selected devices {type:0x2,@:} connectdeDevices(0x1 , 0x2 , 0x1000 , 0x10000)
06-21 18:05:45.439   809 20548 I APM_AudioPolicyManager: setOutputDevices device {type:0x2,@:} delayMs 0 force 0 outputDesc 13 from startSource first
06-21 18:05:45.439   809 20548 I APM_AudioPolicyManager: setOutputDevices: suppressing checkDeviceMuteStrategies
06-21 18:05:45.439  1647  2324 I HwAudioServiceEx: onAudioPlaybackChanged request media info!
06-21 18:05:45.439   809 20548 I APM_AudioPolicyManager: setOutputDevices check for shareModule new device({type:0x2,@:}) mPrimaryDevices({type:0x2,@:}) delayMs(0) force(0) dispatchToHal(0) changePrimaryDevice(0)
06-21 18:05:45.439  6473  6473 I Typeface: fontManager.getInitFontWeightScale:1.0
06-21 18:05:45.439   809 20548 I APM_AudioPolicyManager: setOutputDevices device {type:0x2,@:} delayMs 0 force 0 outputDesc 13 from startSource second
06-21 18:05:45.439  7221  7221 D AudioManager: dispatching onPlaybackConfigChanged()
06-21 18:05:45.439  7221  7221 I ContentSensor_13.10.10.202_AudioInfoCapture: onPlaybackConfigChanged:
06-21 18:05:45.440   809 20548 I APM_AudioPolicyManager: setOutputDevices check for shareModule new device({type:0x2,@:}) mPrimaryDevices({type:0x2,@:}) delayMs(0) force(0) dispatchToHal(0) changePrimaryDevice(0)
06-21 18:05:45.440   779  2335 I AudioModuleManager: [AudioModuleGetParameters:71]: list size: 22
06-21 18:05:45.441  1647  1647 V MediaControlUtils: this app is not in media white list, pkgName: cn.missevan
06-21 18:05:45.441  1647  1647 I HwMediaSessionServiceEx: getPlayerInfoList InfoList size: 0
06-21 18:05:45.442   809 20548 I APM_AudioPolicyManager: startSource byPassEffectForDmsdp 0, mByPassEffectForDmsdp 0
06-21 18:05:45.442   809 20548 I APM_AudioPolicyManager: checkAndSetVolume volumeSource 6, index 0, device 0x2, volumeDb -758.000000, output 13, delay 0
