06-21 18:05:38.861  6402  6402 W tomator2.serve: ClassLoaderContext classpath size mismatch. expected=0, found=2 (PCL[] | PCL[/system/framework/android.test.runner.jar*1585996318:/system/framework/android.test.mock.jar*2827843879]{PCL[/system/framework/android.test.base.jar*3790657674]#PCL[/system/framework/android.test.mock.jar*2827843879]#PCL[/system/framework/android.test.runner.jar*1585996318]{PCL[/system/framework/android.test.base.jar*3790657674]#PCL[/system/framework/android.test.mock.jar*2827843879]}};PCL[/system/framework/android.test.runner.jar*1585996318:/system/framework/android.test.mock.jar*2827843879:/system/framework/android.test.base.jar*3790657674:/data/app/io.appium.uiautomator2.server.test-qbVxtQqVxTkdCmWnJqqQoA==/base.apk*2420800719:/data/app/io.appium.uiautomator2.server.test-qbVxtQqVxTkdCmWnJqqQoA==/base.apk!classes2.dex*3565191145:/data/app/io.appium.uiautomator2.server.test-qbVxtQqVxTkdCmWnJqqQoA==/base.apk!classes3.dex*2088283515:/data/app/io.appium.uiautomator2.server.test-qbVxtQqVxTkdCmWnJqqQoA==/base.apk!classes4.dex*767698402:/data/app/io.appium.uiautomator2.server-ZDMIwcjwD8UblvH-HBC0bQ==/base.apk*3663158453:/data/app/io.appium.uiautomator2.server-ZDMIwcjwD8UblvH-HBC0bQ==/base.apk!classes2.dex*3556852049:/data/app/io.appium.uiautomator2.server-ZDMIwcjwD8UblvH-HBC0bQ==/base.apk!classes3.dex*2469406986:/data/app/io.appium.uiautomator2.server-ZDMIwcjwD8UblvH-HBC0bQ==/base.apk!classes4.dex*1406396985:/data/app/io.appium.uiautomator2.server-ZDMIwcjwD8UblvH-HBC0bQ==/base.apk!classes5.dex*3219128311:/data/app/io.appium.uiautomator2.server-ZDMIwcjwD8UblvH-HBC0bQ==/base.apk!classes6.dex*3582357742:/data/app/io.appium.uiautomator2.server-ZDMIwcjwD8UblvH-HBC0bQ==/base.apk!classes7.dex*1319860673:/data/app/io.appium.uiautomator2.server-ZDMIwcjwD8UblvH-HBC0bQ==/base.apk!classes8.dex*3050564850:/data/app/io.appium.uiautomator2.server-ZDMIwcjwD8UblvH-HBC0bQ==/base.apk!classes9.dex*3802833555:/data/app/io.appium.uiautomator2.server-ZDMIwcjwD8UblvH-HBC0bQ==/base.apk!classes10.dex*2813494147:/data/app/io.appium.uiautomator2.server-ZDMIwcjwD8UblvH-HBC0bQ==/base.apk!classes11.dex*4219401486:/data/app/io.appium.uiautomator2.server-ZDMIwcjwD8UblvH-HBC0bQ==/base.apk!classes12.dex*659451162:/data/app/io.appium.uiautomator2.server-ZDMIwcjwD8UblvH-HBC0bQ==/base.apk!classes13.dex*3470666919:/data/app/io.appium.uiautomator2.server-ZDMIwcjwD8UblvH-HBC0bQ==/base.apk!classes14.dex*3636932523])
06-21 18:05:38.861  2740  2925 E NcDft_HiGeoSessionEvent:  higeo event error : 21
06-21 18:05:38.863  2740  2925 E NcDft_HiGeoSessionEvent:  higeo event error : 22
06-21 18:05:38.865  6402  6402 W tomator2.serve: ApkAssets1 has N = 0
06-21 18:05:38.869   787  1455 I dpu_effect: SetEffectInfo:367: modules=20 dispPanelId=0
06-21 18:05:38.869   809  1531 E peq_android: volume index exceed range: 65535
06-21 18:05:38.886   787  1455 I dpu_effect: SetEffectInfo:367: modules=20 dispPanelId=0
06-21 18:05:38.888  6402  6402 D NetworkSecurityConfig: No Network Security Config specified, using platform default
06-21 18:05:38.888  6402  6402 D NetworkSecurityConfig: No Network Security Config specified, using platform default
06-21 18:05:38.889  6402  6402 I MonitoringInstr: Instrumentation started!
06-21 18:05:38.890   809  1531 E peq_android: volume index exceed range: 65535
06-21 18:05:38.893  6402  6417 I AwareBitmapCacher: init processName:io.appium.uiautomator2.server pid=6402 uid=10233
06-21 18:05:38.894  6402  6421 E AwareLog: AtomicFileUtils: readFileLines file not exist: android.util.AtomicFile@5614933
06-21 18:05:38.896  6402  6402 V TestEventClient: No service name argument was given (testDiscoveryService, testRunEventService or orchestratorService)
06-21 18:05:38.899  6402  6402 I HwTypeface: updateFont: scale=1.0
06-21 18:05:38.899  6402  6402 I ActivityThread: finishPreloaded preloadStatus 0
06-21 18:05:38.903   787  1455 I dpu_effect: SetEffectInfo:367: modules=20 dispPanelId=0
06-21 18:05:38.904  1647  2321 I GnssLocationProvider: sourceType in mLocationExtras 128
06-21 18:05:38.905  1647  2321 D GnssLocationProvider: WakeLock acquired by sendMessage(REPORT_LOCATION, 1, Location[quickgps 31******,122****** hAcc=30.0 et=+8d7h18m35s135ms alt=0.0 vel=0.0 bear=0.0 {Bundle[{satellites=0, maxCn0=0, SourceType=128, meanCn0=0}]}])
06-21 18:05:38.908  2740  2924 I NcDft_GnssSessionControl: quickgps TTFF is 1
06-21 18:05:38.908  1647  1710 I LocationManagerService: handle report location accurate, 10232/io.appium.settings/E48CCFF3
06-21 18:05:38.909   809  1531 E peq_android: volume index exceed range: 65535
06-21 18:05:38.911  1647  1710 I LocationManagerService: key of receiver: 10232/io.appium.settings/E48CCFF3 provider: gps
06-21 18:05:38.912  6163  6163 D LocationTracker: Got an updated location
06-21 18:05:38.912  1647  1710 I LocationManagerService: handle report location accurate, 5514/com.huawei.hiai/AF7BED54
06-21 18:05:38.913  1647  1710 I LocationManagerService: handle report location accurate, 1000/com.huawei.systemserver/4233F12B
06-21 18:05:38.914  1647  1710 I LocationManagerService: key of receiver: 1000/com.huawei.systemserver/4233F12B provider: passive
06-21 18:05:38.914  2632  2998 D LocationProxy: onLocationChanged, passive location
06-21 18:05:38.914  2632  2998 D LocationProxy: onLocationChangedInner, location source: gps, accuracy: 30.0, is mock location: false
06-21 18:05:38.914  2632  2998 D LocationProxy: isUsableLocation, timeDelta: 62108854ns, isTrustable: true, isRecent: true, isNewer: true
06-21 18:05:38.914  2632  2998 I LocationProxy: onLocationChangedInner, callback listener location changed.
06-21 18:05:38.914  1647  1710 I LocationManagerService: handle report location accurate, 1000/com.huawei.systemserver/67A4FDA9
06-21 18:05:38.915  1647  1710 I LocationManagerService: key of receiver: 1000/com.huawei.systemserver/67A4FDA9 provider: passive
06-21 18:05:38.916  1647  1710 I LocationManagerService: handle report location accurate, 10207/com.huawei.lbs/9A3118F0
06-21 18:05:38.916  2632  2998 D LocationProxy: onLocationChanged, passive location
06-21 18:05:38.916  2632  2998 D LocationProxy: onLocationChangedInner, location source: gps, accuracy: 30.0, is mock location: false
06-21 18:05:38.916  2632  2998 D LocationProxy: isUsableLocation, timeDelta: 63797396ns, isTrustable: true, isRecent: true, isNewer: true
06-21 18:05:38.916  2632  2998 I LocationProxy: onLocationChangedInner, callback listener location changed.
06-21 18:05:38.917  1647  1710 I LocationManagerService: key of receiver: 10207/com.huawei.lbs/9A3118F0 provider: passive
06-21 18:05:38.917  6402  6423 I UsageTrackerFacilitator: Usage tracking disabled
06-21 18:05:38.917  1647  1710 I LocationManagerService: handle report location accurate, 10207/com.huawei.lbs/715B86E2
06-21 18:05:38.918  1647  1710 W ProcBatteryStats: timer is running , not start, name: com.huawei.lbs, uid: 10207, tag: *location*
06-21 18:05:38.918  1647  1710 I LocationManagerService: key of receiver: 10207/com.huawei.lbs/715B86E2 provider: passive
06-21 18:05:38.918  1647  1710 I LocationManagerService: handle report location accurate, 1001/com.android.phone/3F291C11
06-21 18:05:38.919  1647  1710 I LocationManagerService: key of receiver: 1001/com.android.phone/3F291C11 provider: passive
06-21 18:05:38.919   787  1455 I dpu_effect: SetEffectInfo:367: modules=20 dispPanelId=0
06-21 18:05:38.919  6402  6423 I TestRequestBuilder: Scanning classpath to find tests in paths [/data/app/io.appium.uiautomator2.server.test-qbVxtQqVxTkdCmWnJqqQoA==/base.apk]
06-21 18:05:38.920  1647  1710 I LocationManagerService: handle report location accurate, 10083/com.huawei.hwid/AACDE963
06-21 18:05:38.921  1647  1710 I LocationManagerService: key of receiver: 10083/com.huawei.hwid/AACDE963 provider: passive
06-21 18:05:38.921  1647  1710 I LocationManagerService: handle report location accurate, 10083/com.huawei.hwid/095B0C89
06-21 18:05:38.923  1647  1710 W ProcBatteryStats: timer is running , not start, name: com.huawei.hwid, uid: 10083, tag: *location*
06-21 18:05:38.923  1647  1710 I LocationManagerService: key of receiver: 10083/com.huawei.hwid/095B0C89 provider: passive
06-21 18:05:38.923  1647  1710 I LocationManagerService: handle report location accurate, 10207/com.huawei.lbs/CC19C4BC
06-21 18:05:38.923  6402  6423 W tomator2.serve: Opening an oat file without a class loader. Are you using the deprecated DexFile APIs?
06-21 18:05:38.923  6402  6423 W tomator2.serve: OpenDexFilesFromOat: open oat file failed and fallback to load dex file from apk, class_loader = 0x0 context = 0x0 dex_location = /data/app/io.appium.uiautomator2.server.test-qbVxtQqVxTkdCmWnJqqQoA==/base.apk
06-21 18:05:38.924  1647  2449 W ProcBatteryStats: timer is not running , not stop, name: com.huawei.hwid, uid: 10083, tag: *location*
06-21 18:05:38.925  1647  1710 I LocationManagerService: key of receiver: 10207/com.huawei.lbs/CC19C4BC provider: passive
06-21 18:05:38.926  1647  1710 I LocationManagerService: handle report location accurate, 1000/com.huawei.nb.service/ABE0C889
06-21 18:05:38.927  1647  1710 I LocationManagerService: key of receiver: 1000/com.huawei.nb.service/ABE0C889 provider: passive
06-21 18:05:38.927  1647  1710 I LocationManagerService: handle report location accurate, 10207/com.huawei.lbs/025189BA
06-21 18:05:38.928  2736  7882 I OPCollectLog: LocationRecordAction:handleMessage
06-21 18:05:38.928  2736  7882 I OPCollectLog: Action:RawLocationRecord executed frequently
06-21 18:05:38.929   809  1531 E peq_android: volume index exceed range: 65535
06-21 18:05:38.930  1647  1710 I LocationManagerService: key of receiver: 10207/com.huawei.lbs/025189BA provider: passive
06-21 18:05:38.930  1647  1710 I LocationManagerService: handle report location accurate, 10083/com.huawei.hwid/25CAE559
06-21 18:05:38.931  1647  1710 I LocationManagerService: handle report location accurate, 1000/android[SensorNotificationService]/D9ABE0C7
06-21 18:05:38.931  1647  1710 D GnssLocationProvider: TTFF: 1603
06-21 18:05:38.931  1647  1710 I GnssLocationProvider: got fix, hibernating
06-21 18:05:38.931   782   782 I HIGNSS_ADAPTER: HisiStop interface called.
06-21 18:05:38.931   782   782 I HIGNSS_ADAPTER: HisiStop success!
06-21 18:05:38.931   782  2556 D HIGNSS_ADAPTER: ProcessAdapterCmd called, cmd id: 00000003 CMD_STOP
06-21 18:05:38.931  1647  1710 I system_server: HwGnssLocationProviderJNI: [LocMgr] Debug: Sending GPS stop to HIGEO
06-21 18:05:38.931  1281  1345 I FusionD : (FdAddEvent:315):before mutex:1.
06-21 18:05:38.931  1281  1345 I FusionD : (sendLocationSourceStatus:1375):send cmd ret[0] type [0] status [0].
06-21 18:05:38.932  2124  2124 W HIGNSS  : PE_MGR:Received AF_IMMEDIATE_STOP
06-21 18:05:38.932  1281  1343 I FusionD : (FdEventProcThread:1604):handle event 1.
06-21 18:05:38.932  1281  1343 I FusionD : (FdStopGnss:1357):gnss stop.
06-21 18:05:38.932   782  2556 D HIGNSS_ADAPTER: ProcessHignssMsg called, msg id: 00000003 PE_STOP_OK
06-21 18:05:38.932   782  2556 D HIGNSS_ADAPTER: gnss engine state:2
06-21 18:05:38.932   782  2556 D GnssHAL_GnssInterface: GNSS statusCb:2
06-21 18:05:38.932  1281  1343 I FusionD : (FlpDisableAr:659):stop AR.
06-21 18:05:38.932  1647  3907 W ProcBatteryStats: timer is not running , not stop, name: com.huawei.lbs, uid: 10207, tag: *location*
06-21 18:05:38.933  1647  1710 I AlarmManager: remove Alarm{eb3a83e type 2 origWhen 717573611 whenElapsed 717573611 listener f228623 android android procName system} according to listener: f228623 by reason: 1
06-21 18:05:38.933  1647  2341 I GnssLocationProvider: reportStatus status: 2
06-21 18:05:38.933  1647  2341 D GnssLocationProvider: WakeLock acquired by sendMessage(<Unknown>, 0, false)
06-21 18:05:38.933  1647  1710 W AlarmManager: Unrecognized alarm listener com.android.server.location.gnss.GnssLocationProvider$$ExternalSyntheticLambda0@610d46a
06-21 18:05:38.933  1647  1710 D GnssLocationProvider: GnssLocationProvider hibernate SET_WAKE_ALARM:60000
06-21 18:05:38.933   782  2556 D GnssHAL_GnssInterface: statusCb: Gnss statusCb unlock
06-21 18:05:38.933  1647  1710 I AlarmManager: set(listener: db5b69f) : type=2 triggerAtTime=717575216 win=45000 tElapsed=717575216 maxElapsed=717620216 interval=0 flags=0x8 at=+60000ms uid=1000 count=40 callingClass=com.android.server.location.gnss.GnssLocationProvider.hibernate:1739
06-21 18:05:38.933 22650 22721 I HwLBSService HigeoLocationManager: receive onHigeoEventCallback type = 1
06-21 18:05:38.933 22650 22721 I HwLBSService HigeoLocationManager: sendHigeoCallbackEvent, type: 1
06-21 18:05:38.934  1281  1343 I FusionD : (SendGnssStatus:508):SendGnssStatus:0.
06-21 18:05:38.934  1281  1343 I FusionD : (FdStopGnss:1390):gnss stop done.
06-21 18:05:38.933  2632  2998 I SettingProxy: onChange uri:content://settings/secure/hw_gnss_running
06-21 18:05:38.934  1647  2449 I SensorService: disable begin
06-21 18:05:38.934  1647  3907 I LocationManagerService: remove 715B86E2
06-21 18:05:38.934  2632  2998 W Settings: Setting preferred_network_mode has moved from android.provider.Settings.Secure to android.provider.Settings.Global, returning global URI.
06-21 18:05:38.934  1647  2449 I SensorService: disable activate begin
06-21 18:05:38.934  1647  2449 I SensorService: SensorDevice::activate: ident=0xb400006f106133c0, handle=0x00000000, enabled=0, count=2
06-21 18:05:38.934  1647  2449 I SensorService: disable index=1
06-21 18:05:38.934  1647  2449 I SensorService: 	>>> actuating h/w batch 0x00000000 200000000 0
06-21 18:05:38.935  1647  1710 D GnssLocationProvider: WakeLock released by handleMessage(REPORT_LOCATION, 1, Location[gps 31******,122****** hAcc=30.0 et=+8d7h18m35s135ms alt=0.0 vel=0.0 bear=0.0 {Bundle[{satellites=0, maxCn0=0, QUICKGPS=true, HDACC=0.0, SourceType=128, meanCn0=0}]}])
06-21 18:05:38.935  1647  3907 I AlarmManager: remove Alarm{1fd63ec type 2 origWhen 2864997279 whenElapsed 2864997279 listener cd77776 android android procName system} according to listener: cd77776 by reason: 1
06-21 18:05:38.935  1245  1245 E Sensors@1.2-impl: Sensors::batch: sensorHandle: 0, samplingPeriodNs: 200000000, maxReportLatencyNs: 0
06-21 18:05:38.935  1245  1245 I Sensors@1.2-impl: IsConfigParamNeedUpdate: service: 1647, sensor: 0, first set config, create it
06-21 18:05:38.935  1245  1245 I Sensors@1.2-impl: GetSensorConfig: sensor: 0, Can't get param
06-21 18:05:38.935  1245  1245 I Sensors@1.2-impl: GetSensorConfig: sensor: 0, Can't get param
06-21 18:05:38.935  1245  1245 I Sensors@1.2-impl: JudgeOptimizeConfig: sensor: 0, oldPeriod: 200000000, initPeroid: 200000000
06-21 18:05:38.935  1647  2449 I SensorService: disableSensor handle:0, packageName:android.view.OrientationEventListener
06-21 18:05:38.935  1647  2449 I SensorService: disable activate end
06-21 18:05:38.935  1647  2449 I SensorService: disable end
06-21 18:05:38.935  1647  3907 I SensorService: ~SensorEventConnection begin
06-21 18:05:38.935  1647  3907 I SensorService: cleanupConnection begin
06-21 18:05:38.935 22529 19864 I L_HwNLPService: [LocKit LogLocation.java:1] registerGPSTime in
06-21 18:05:38.935  1647  3907 I SensorService: 6 active sensors
06-21 18:05:38.936  1647  3907 I SensorService: cleanupConnection end
06-21 18:05:38.936  1647  3907 I SensorService: ~SensorEventConnection end
06-21 18:05:38.936  1647  1710 D GnssLocationProvider: WakeLock released by handleMessage(<Unknown>, 0, false)
06-21 18:05:38.936 22650 22723 I HwLBSService.HwNLPMSDPFunction: gnss running status: false
06-21 18:05:38.937   787  1455 I dpu_effect: SetEffectInfo:367: modules=20 dispPanelId=0
06-21 18:05:38.937 22650 22723 I HwLBSService.HwNLPMSDPFunction: handleMessage: 7
06-21 18:05:38.937  1647  3113 I LocationManagerService: remove AACDE963
06-21 18:05:38.937  2632  2998 D SettingProxy: onChange:EVENT_HW_GNSS_RUNNING_MODE_STATE_CHANGED
06-21 18:05:38.937  2632  2998 I OllieMsgCenter: publishEvt=2130771996
06-21 18:05:38.937  2673  3192 D DeviceMonitor: GPS request stop:com.huawei.lbs pid:22650 interval(s): -1 reqId:715B86E2
06-21 18:05:38.937 22650 10288 I HwLBSService: handleQuick 0
06-21 18:05:38.938  1647  3113 I LocationManagerService: remove 95FF506F
06-21 18:05:38.938 22529 22975 I L_HwNLPBaseProvider: [LocKit LogLocation.java:1] request.getReportLocation()=false,source=WorkSource{}
06-21 18:05:38.938 22529 22975 I L_HwHmsServiceImpl: [LocKit LogLocation.java:1] removeUpdates, receive request from client
06-21 18:05:38.938 22529 22975 I L_LocationRequestMappingHelper: [LocKit LogLocation.java:1] remove reqMapping is empty
06-21 18:05:38.938 22529 22975 I L_HwHmsServiceImpl: [LocKit LogLocation.java:1] remove 23ba18b
06-21 18:05:38.939 22529 22975 I L_HwHmsServiceImpl: [LocKit LogLocation.java:1] remove from mTransportListeners
06-21 18:05:38.939 22529 22975 I L_HwHmsServiceImpl: [LocKit LogLocation.java:1] mTransportListeners is {}
06-21 18:05:38.939 22529 22975 I L_HwHmsServiceImpl: [LocKit LogLocation.java:1] isRemoveReceiver: false, provider = network
06-21 18:05:38.940 22529 22753 I L_HwNLPPositionManager: [LocKit LogLocation.java:1] setRequest,workSource:WorkSource{}
06-21 18:05:38.941 22529 22548 D LogWrite: No need delete file for file length:7
06-21 18:05:38.942 22529 22753 I L_HwNLPPositionManager: [LocKit LogLocation.java:1] isEnabled:false
06-21 18:05:38.942  2673  3192 D DeviceMonitor: GPS request stop:com.huawei.hwid pid:22529 interval(s): -1 reqId:AACDE963
06-21 18:05:38.942  2673  3192 D DeviceMonitor: GPS request stop:com.huawei.lbs pid:22650 interval(s): -1 reqId:95FF506F
06-21 18:05:38.942 22529 22753 I L_HwNLPPositionManager: [LocKit LogLocation.java:1] disable network provider,name:network
06-21 18:05:38.943   765   785 I ArHal   : (ArDataNetlinkCb:945):cmd[2].length[288]
06-21 18:05:38.944   765   786 I AR_impl : ActChangedCb start count[12]
06-21 18:05:38.944  2740  2925 E NcDft_HiGeoSessionEvent:  higeo event error : 8
06-21 18:05:38.945 22529 22753 I L_HwNLPEngine: [LocKit LogLocation.java:1] start cancel timer
06-21 18:05:38.945  2740  2925 I NcDft_GnssApkControl: stop network position timer
06-21 18:05:38.945  2740  2925 E NcDft_HiGeoSessionEvent:  higeo event error : 9
06-21 18:05:38.949   809  1531 E peq_android: volume index exceed range: 65535
06-21 18:05:38.949   765   786 I AR_impl : able to onActivityChangedV1_1
06-21 18:05:38.949   765   786 I AR_impl : ActChangedCb end, pid[765]
06-21 18:05:38.953   787  1455 I dpu_effect: SetEffectInfo:367: modules=20 dispPanelId=0
06-21 18:05:38.957  1647  1714 I WindowManager: onAnimationFinished task=94
06-21 18:05:38.958  1647  1714 I WindowManager: onAnimationFinished task=93
06-21 18:05:38.961  1647  1713 W WindowManager: onAppTransitionFinishedLocked
06-21 18:05:38.961  1647  1714 I WindowManager: Update InputWindowHandle: f2c3a00 cn.missevan/cn.missevan.activity.MainActivity, frame=[0,0,1176,2400], touchableRegion=SkRegion((0,0,1176,2400)), visible=true, changed=true isChanged:true
06-21 18:05:38.961  1647  1714 I WindowManager: Update InputWindowHandle: 55d7995 io.appium.settings/io.appium.settings.Settings, frame=[0,0,1176,2400], touchableRegion=SkRegion(), visible=true, changed=true isChanged:true
06-21 18:05:38.962  1647  1711 D hwPS_ProcessMonitor: onForegroundActivitiesChanged: 6163, 10232, false
06-21 18:05:38.964  1647  2252 I HwConnectivityServiceEx: set 1000, metered: false, value: false
06-21 18:05:38.965  1647  2252 E AwareLog: CpuProcessInherit: files null
06-21 18:05:38.965  1647  2252 W AwareLog: SchedLevelBoost: onFgActivitiesChanged config not set!
06-21 18:05:38.966  1216  1216 D ITouchService: itouch currentPackageName = io.appium.settings
06-21 18:05:38.966  1216  1216 D ITouchService: itouch appType=-1 appState=0 gameMode=2
06-21 18:05:38.966  1216  1216 D ITouchService: itouchReaderMonitor empty
06-21 18:05:38.966  1216  1216 D ITouchService: g_itouch_reader_monitor Monitor::IsReaderMonitorEnable()=0
06-21 18:05:38.966  1216  1216 D ITouchService: itouch getCurrentParmID tempPkg=io.appium.xxx
06-21 18:05:38.966  1216  1216 D ITouchService: itouch:app io.appium.settings is  not game app
06-21 18:05:38.966  1216  1216 D ITouchService: itouch:app io.appium.settings is  not in StylusPenList
06-21 18:05:38.966  1216  1216 D ITouchService: itouch:styluspen_switch is disable
06-21 18:05:38.966  1216  1216 D ITouchService: itouch:currentAppTypeName =|UNKNOWN|
06-21 18:05:38.969   809  1531 E peq_android: volume index exceed range: 65535
06-21 18:05:38.970   787  1455 I dpu_effect: SetEffectInfo:367: modules=20 dispPanelId=0
06-21 18:05:38.972   812   812 I Layer   : setFlags: Layer:io.appium.settings/io.appium.settings.Settings#0 hide
06-21 18:05:38.973   812   812 I Layer   : [Surface(name=Task=94)/@0x7c485d - animation-leash of app_transition#0] seq 10629 destroyed
06-21 18:05:38.973   812   812 I Layer   : [Surface(name=Task=93)/@0xfdcc34f - animation-leash of app_transition#0] seq 10628 destroyed
06-21 18:05:38.979  1647  1714 I WindowManager: Update InputWindowHandle: 55d7995 io.appium.settings/io.appium.settings.Settings, frame=[0,0,1176,2400], touchableRegion=SkRegion(), visible=false, changed=true isChanged:true
06-21 18:05:38.983  1647  3113 I HwInputMethodManagerService: removeImeSurfaceFromWindow windowToken = android.os.BinderProxy@ba1654c
06-21 18:05:38.983  1647  3113 I HwInputMethodManagerService: removeImeSurfaceFromWindow mCurrentWindowToken = android.os.BinderProxy@c288883
06-21 18:05:38.987  6163  6163 I ActivityThread: Remove activity client record, r= ActivityRecord{e973db2 token=android.os.BinderProxy@5614933 {io.appium.settings/io.appium.settings.Settings}} token= android.os.BinderProxy@5614933
06-21 18:05:38.989   809  1531 E peq_android: volume index exceed range: 65535
06-21 18:05:38.991  1647  3113 I WindowManager: removeIfPossible: Window{55d7995 u0 io.appium.settings/io.appium.settings.Settings} callers=com.android.server.wm.WindowState.removeIfPossible:3083 com.android.server.wm.WindowManagerService.removeWindow:2626 com.android.server.wm.Session.remove:220 android.view.IWindowSession$Stub.onTransact:804 com.android.server.wm.Session.onTransact:171
06-21 18:05:38.991  1647  3113 W InputManager-JNI: Input channel object '55d7995 io.appium.settings/io.appium.settings.Settings (client)' was disposed without first being removed with the input manager!
06-21 18:05:38.992  1647  3113 I WindowManager: postWindowRemoveCleanupLocked: Window{55d7995 u0 io.appium.settings/io.appium.settings.Settings}
06-21 18:05:38.992  1647  3113 I WindowManager: Removing Window{55d7995 u0 io.appium.settings/io.appium.settings.Settings} from ActivityRecord{5229234 u0 io.appium.settings/.Settings t94 f}}
06-21 18:05:38.997  1647  3113 I WindowManager: removeWindowToken: displayid:0 binder:Token{75589a5 ActivityRecord{5229234 u0 io.appium.settings/.Settings t94 f}}} token:ActivityRecord{5229234 u0 io.appium.settings/.Settings t94 f}}
06-21 18:05:38.997  1647  3113 I TaskSnapshotCache: remove snapshot size=4 taskId=94 entry=CacheEntry{ topApp=ActivityRecord{5229234 u0 io.appium.settings/.Settings t94 f}} snapshot=TaskSnapshot{ mId=1687341938314 mTopActivityComponent=io.appium.settings/.Settings mSnapshot=android.hardware.HardwareBuffer@b414ce (1176x2400) mColorSpace=sRGB IEC61966-2.1 (id=0, model=RGB) mOrientation=1 mRotation=0 mTaskSize=Point(1176, 2400) mContentInsets=[0,72][0,0] mIsLowResolution=false mIsRealSnapshot=true mWindowingMode=1 mAppearance=0 mIsTranslucent=false mHasImeSurface=false mHasFullSurfaceView=false mDisplayMode=0 timestamp=2023/6/21 下午6:05 callStack=com.android.server.wm.TaskSnapshotController.snapshotTasks:286 com.android.server.wm.TaskSnapshotController.snapshotTasks:253 com.android.server.wm.ActivityRecord.finishIfPossible:3912 com.android.server.wm.ActivityClientController.finishActivity:551 android.app.IActivityClientController$Stub.onTransact:688 com.android.server.wm.ActivityClientController.onTransact:138 android.os.Binder.execTransactInternal:1186 android.os.Binder.execTransact:1150 }
06-21 18:05:38.997  1647  3113 I TaskSnapshot: taskId:94 Callers=com.android.server.wm.TaskSnapshotCache.removeRunningEntry:262 com.android.server.wm.TaskSnapshotCache.onAppRemoved:212 com.android.server.wm.TaskSnapshotController.onAppRemoved:969 com.android.server.wm.ActivityRecord.onRemovedFromDisplay:4685 com.android.server.wm.DisplayContent.removeAppToken:1607 com.android.server.wm.ActivityRecord.removeAppTokenFromDisplay:3168 com.android.server.wm.ActivityRecord.removeFromHistory:4394 com.android.server.wm.ActivityRecord.destroyed:4434
06-21 18:05:38.998  1647  3113 I WindowManager: removeWindowToken: displayid:0 binder:Token{75589a5 ActivityRecord{5229234 u0 io.appium.settings/.Settings t94 f}}} token:null
06-21 18:05:38.998  1647  3113 I WindowManager: removeChild: child=ActivityRecord{5229234 u0 io.appium.settings/.Settings t94 f}} reason=removeChild
06-21 18:05:38.999   812  1706 I Layer   : [Task=94#1] seq 10631 created
06-21 18:05:39.000  1647  3113 D ActivityTaskManager: onParentChanged: mDisplayContent=null. this=Task{7e555d2 #94 type=standard A=10232:io.appium.settings U=0 visible=false mode=fullscreen translucent=true sz=0}com.android.server.wm.WindowContainer.setParent:521 com.android.server.wm.WindowContainer.removeChild:713 com.android.server.wm.TaskDisplayArea.removeChildTask:469 com.android.server.wm.TaskDisplayArea.removeChild:460 com.android.server.wm.WindowContainer.removeImmediately:767 com.android.server.wm.Task.removeImmediately:4274 com.android.server.wm.Task.removeIfPossible:1374 com.android.server.wm.Task.removeChild:2288
06-21 18:05:39.000  1647  3113 W ActivityTaskManager: stopFreezingScreen return caused by mFreezingScreen false.
06-21 18:05:39.001  1647  1714 I TaskOrganizerController: onTaskVanished task: 94
06-21 18:05:39.002  1647  1714 W ActivityTaskManager: Can't find TaskDisplayArea to determine support for multi window. Task id=94 attached=false
06-21 18:05:39.002  1647  1714 W ActivityTaskManager: Can't find TaskDisplayArea to determine support for multi window. Task id=94 attached=false
06-21 18:05:39.002  2504  2504 I ShellTaskOrganizer: onTaskVanished taskId: 94
06-21 18:05:39.003   787  1455 I dpu_effect: SetEffectInfo:367: modules=20 dispPanelId=0
06-21 18:05:39.006   812   812 I Layer   : [Task=94#1] seq 10631 destroyed
06-21 18:05:39.007   812   812 I Layer   : [io.appium.settings/io.appium.settings.Settings#0] seq 10621 destroyed
06-21 18:05:39.007   812   812 I Layer   : [ActivityRecord{5229234 u0 io.appium.settings/.Settings t94}#0] seq 10613 destroyed
06-21 18:05:39.007   812   812 I Layer   : [55d7995 io.appium.settings/io.appium.settings.Settings#0] seq 10620 destroyed
06-21 18:05:39.009   809  1531 E peq_android: volume index exceed range: 65535
06-21 18:05:39.012   779   779 I AudioModuleManager: [AudioModuleGetParameters:71]: list size: 22
06-21 18:05:39.012   779   779 I audio_hw_usbaudio_ext: [get_extension_typec_parameters:190]: check show hires (false)
06-21 18:05:39.029   809  1531 E peq_android: volume index exceed range: 65535
06-21 18:05:39.037   787  1455 I dpu_effect: SetEffectInfo:367: modules=20 dispPanelId=0
06-21 18:05:39.049   809  1531 E peq_android: volume index exceed range: 65535
06-21 18:05:39.051  1216  1216 I AGPService: aps-info: focus pkgName - cn.missevan, with 0 more apps
06-21 18:05:39.051  1216  1216 I AGPService: FrameRateManager: aps-info: new pkgName - cn.missevan, type - 7
06-21 18:05:39.052   812  1119 I SurfaceFlingerEx: agp set pkg info, status 1
06-21 18:05:39.052  1216  1216 E ITouchService: itouch OneFrameDetect instance is nullptr or oneFrameSwitch is not change
06-21 18:05:39.052  1216  1216 I AGPService: GpuPolicyManager: m_currentPkgName - cn.missevan
06-21 18:05:39.069   809  1531 E peq_android: volume index exceed range: 65535
06-21 18:05:39.070   787  1455 I dpu_effect: SetEffectInfo:367: modules=20 dispPanelId=0
06-21 18:05:39.090   809  1531 E peq_android: volume index exceed range: 65535
06-21 18:05:39.104   787  1455 I dpu_effect: SetEffectInfo:367: modules=20 dispPanelId=0
06-21 18:05:39.109   809  1531 E peq_android: volume index exceed range: 65535
06-21 18:05:39.130   809  1531 E peq_android: volume index exceed range: 65535
06-21 18:05:39.131  6402  6423 D TestExecutor: Adding listener androidx.test.internal.runner.listener.LogRunListener
06-21 18:05:39.131  6402  6423 D TestExecutor: Adding listener androidx.test.internal.runner.listener.InstrumentationResultPrinter
06-21 18:05:39.131  6402  6423 D TestExecutor: Adding listener androidx.test.internal.runner.listener.ActivityFinisherRunListener
06-21 18:05:39.132  6402  6423 I TestRunner: run started: 1 tests
06-21 18:05:39.133  6402  6423 I TestRunner: started: startServer(io.appium.uiautomator2.server.test.AppiumUiAutomator2Server)
06-21 18:05:39.138  6402  6423 I appium  : [AppiumUiAutomator2Server] Starting Server
06-21 18:05:39.138   787  1455 I dpu_effect: SetEffectInfo:367: modules=20 dispPanelId=0
06-21 18:05:39.149   809  1531 E peq_android: volume index exceed range: 65535
06-21 18:05:39.169   809  1531 E peq_android: volume index exceed range: 65535
06-21 18:05:39.189   809  1531 E peq_android: volume index exceed range: 65535
06-21 18:05:39.209   809  1531 E peq_android: volume index exceed range: 65535
06-21 18:05:39.226  4567  4567 E adbd    : failed to connect to socket 'tcp:6790': Connection refused
06-21 18:05:39.229   809  1531 E peq_android: volume index exceed range: 65535
06-21 18:05:39.249   809  1531 E peq_android: volume index exceed range: 65535
06-21 18:05:39.255   708   723 W IptablesRestoreController: iptables-restore process 6052 terminated status=15
06-21 18:05:39.256   708   723 W IptablesRestoreController: iptables-restore process 6053 terminated status=15
06-21 18:05:39.269   809  1531 E peq_android: volume index exceed range: 65535
06-21 18:05:39.289   809  1531 E peq_android: volume index exceed range: 65535
06-21 18:05:39.310   809  1531 E peq_android: volume index exceed range: 65535
06-21 18:05:39.322 17015  1649 D PipelineWatcher: DEBUG: elapsed 2 / 2
06-21 18:05:39.330   809  1531 E peq_android: volume index exceed range: 65535
06-21 18:05:39.350   809  1531 E peq_android: volume index exceed range: 65535
06-21 18:05:39.360  2632  2998 I ConnCureStateMonitor: handleMessage: msg[4]
06-21 18:05:39.362  2632  2998 I ConnCureStateMonitor: canPerformConnCure: network is not in service.
06-21 18:05:39.362  2632  2998 D ConnCureConfigUtil: isCaredApp: input = cn.missevan
06-21 18:05:39.362  2632  2998 I ConnCureStateMonitor: isCaredApp:false,isAllowed:true,isDataEnabled:true
06-21 18:05:39.370   809  1531 E peq_android: volume index exceed range: 65535
06-21 18:05:39.390   809  1531 E peq_android: volume index exceed range: 65535
06-21 18:05:39.393  2124  2124 W HIGNSS  : LS:[LSQ_SOLUTION] satellite num: 0 < 4
06-21 18:05:39.393  2124  2124 W HIGNSS  : CHR:[TCXO-BIAS-CHANGE] time: 2, cnt: 2, valid: 0, freq_bias:0.000000, tempr:0.000000, sats_num: 0, qop: 0
06-21 18:05:39.394  2124  2124 W HIGNSS  : MSBCFG:GetLostTrkTimeIntervalPointer g_lostTrkMap 2 is NULL
06-21 18:05:39.394  2124  2124 W HIGNSS  : MSBCFG:GetLostTrkTimeIntervalPointer g_lostTrkMap 9 is NULL
06-21 18:05:39.394  2124  2124 W HIGNSS  : MSBCFG:GetLostTrkTimeIntervalPointer g_lostTrkMap 10 is NULL
06-21 18:05:39.394  2124  2124 W HIGNSS  : MSBCFG:GetLostTrkTimeIntervalPointer g_lostTrkMap 11 is NULL
06-21 18:05:39.394  2124  2124 W HIGNSS  : MSBCFG:GetLostTrkTimeIntervalPointer g_lostTrkMap 12 is NULL
06-21 18:05:39.395  2124  2124 W HIGNSS  : FUS:fusion results invalid, flag = 0!
06-21 18:05:39.395  2124  2124 W HIGNSS  : PE_CDPP:[NORMAL]location check failed, cdpp can not be done!
06-21 18:05:39.396  2124  2124 W HIGNSS  : PE_MSA:[MSA_SELECT]the num of sat can be reported is less than 4, report all valid data!
06-21 18:05:39.397  2124  2124 W HIGNSS  : PE_MSA:[MSA-DOPPLER]No location and no acq data, not do doppler consistence!
06-21 18:05:39.397  2124  2124 W HIGNSS  : PE_MSA:[MSA-REPORT] no gnss msr data to be report!
06-21 18:05:39.397  2124  2124 E HIGNSS  : PE_MGR:g_sendPvtInfo is null!
06-21 18:05:39.398  2124  2173 W HIGNSS  : CTL:can't find dst, 0x11110021
06-21 18:05:39.410   809  1531 E peq_android: volume index exceed range: 65535
06-21 18:05:39.419  7221  7615 W ContentSensor_13.10.10.202_ContentSensorService: mEventListener is null
06-21 18:05:39.419  7221  7615 I ContentSensor_13.10.10.202_PackageUtil: pkgName : cn.missevan
06-21 18:05:39.425  2632  2998 I HwPacketFilterBypass: isBypassAllowed not allowed reason: DATA_OFF
06-21 18:05:39.426  2632  2998 I HwPacketFilterBypass: kernelAddTrackUid uid:10358 allowed:false
06-21 18:05:39.430   809  1531 E peq_android: volume index exceed range: 65535
06-21 18:05:39.431  2632 26222 I HwCommBoosterService: reportBoosterPara enter
06-21 18:05:39.431  2632 26222 I HwCommBoosterManager: reportBoosterPara enter
06-21 18:05:39.431  2632 26222 I HwCommBoosterManager: pluginId: 8
06-21 18:05:39.431  2632  2998 I HwCommBoosterManager: handleBoosterMessageSendModuleDataToPlugin enter
06-21 18:05:39.432  2632  5243 D LteRecoveryEngine: UnRecoverState processMessage UPDATE_PS_SLOW_VALUE
06-21 18:05:39.433  7598  6425 I CAWARENESS_31424_AbilityContext: [1687341965010] deliver {dataId=1001000011, mode=0} to 2 receivers
06-21 18:05:39.437  2632  5241 I Booster_Qoe: AdaBoostPredict rlt,index:8,NisPsSlow:0,NProba:309,rsrp(rssi):-40,rsrq(noise):-60,rtt(chload):200,buffhigh(uldelay):0,buffcomm(rtt):28
06-21 18:05:39.437  2632  5241 I Booster_Qoe: AdaBoostPredict rlt,index:2,NisPsSlow:0,NProba:309,rsrp(rssi):-40,rsrq(noise):-60,rtt(chload):200,buffhigh(uldelay):0,buffcomm(rtt):21
06-21 18:05:39.438  2632  2998 E BoosterUtil: convertSubIdToSlotId failed, subId:1, slotId:-1
06-21 18:05:39.438  2632  2998 E BoosterUtil: getDefaultDataSlotId failed, invalid slotId:-1, subId:1
06-21 18:05:39.438  2632  2998 E NrSmartCure: onNetworkQoeUpdate failed, invalid defaultDataSlotId=-1
06-21 18:05:39.438  2632  2998 I CongestionEscapeManager: processNetworkQoeInfo enter
06-21 18:05:39.438  2632  2998 I CongestionEscapeManager: processNetworkQoeInfo: not qoe slow reason.
06-21 18:05:39.439  1647  2400 I WiFi_PRO_WifiProStateMachine: APP_SERVICE_QOE_NOTIFY Qoe info 10358,4,0,309,1,2,4,0,309,0,0,10,10,0,0,0,0 CID 2 mMasterWifiRssi 0 mMasterCardAmbr 1048576 mSlaveCardAmbr 1048576
06-21 18:05:39.439  1647  2400 I HwWifiProServiceProxy: ctrlHwWifiNetwork pkgName: WIFIPRO_SERVICE interfaceId: 9
06-21 18:05:39.439  1647  2400 I WiFi_PRO_WifiProStateMachine: isWifi2WifiProcess = false, mIsNeedIgnoreQoeUpdate = false, mIsAppInBlacklist = false, mIsAppInBlacklistFullScreen = false, mIsWiFiNoInternet false, screen on = true, full screen = false, isLandscapeMode = false, mNotifyWifiLinkPoorReason = -1
06-21 18:05:39.439  1647  2400 I WiFi_PRO_WifiProStateMachine: mChannelQoeBadCnt = 0, mAppQoeBadCnt = 0, mNetworkSlowReason = 0, mNetworkSlowChannelBadCnt = 0
06-21 18:05:39.438  2632  5241 I Collector: HandleRawWifiInfo: flag:0, netId:0!
06-21 18:05:39.439  2632  5241 I Collector: HandleRawWifiInfo: flag:0, netId:0!
06-21 18:05:39.440  1647  2400 E WiFi_PROHumanFactorRecommend: isRichTrafficUser, invalid slotId=-1
06-21 18:05:39.440  1647  2400 E WiFi_PROHumanFactorRecommend: isEconomicTrafficUser, invalid slotId=-1
06-21 18:05:39.440  1647  2400 E WiFi_PROHumanFactorRecommend: isRichTrafficUser, invalid slotId=-1
06-21 18:05:39.450   809  1531 E peq_android: volume index exceed range: 65535
06-21 18:05:39.470   809  1531 E peq_android: volume index exceed range: 65535
06-21 18:05:39.477  1241  1254 W AwareLog: iawared: ChangePropertyContent open /proc/4326/task/6383/static_vip fail errno(2)!
06-21 18:05:39.490   809  1531 E peq_android: volume index exceed range: 65535
06-21 18:05:39.510   809  1531 E peq_android: volume index exceed range: 65535
06-21 18:05:39.513  1647  2252 E AwareLog: NetManager: files null
06-21 18:05:39.528  1450  1478 E bms_file: file /sys/devices/virtual/hw_power/bat_heating/heat_up open failed
06-21 18:05:39.530  1450  1478 I bms_behavior: monitor interval count 24
06-21 18:05:39.530   809  1531 E peq_android: volume index exceed range: 65535
06-21 18:05:39.550   809  1531 E peq_android: volume index exceed range: 65535
06-21 18:05:39.570   809  1531 E peq_android: volume index exceed range: 65535
06-21 18:05:39.590   809  1531 E peq_android: volume index exceed range: 65535
06-21 18:05:39.610   809  1531 E peq_android: volume index exceed range: 65535
06-21 18:05:39.630   809  1531 E peq_android: volume index exceed range: 65535
06-21 18:05:39.650   809  1531 E peq_android: volume index exceed range: 65535
06-21 18:05:39.670   809  1531 E peq_android: volume index exceed range: 65535
06-21 18:05:39.690   809  1531 E peq_android: volume index exceed range: 65535
06-21 18:05:39.710   809  1531 E peq_android: volume index exceed range: 65535
06-21 18:05:39.730   809  1531 E peq_android: volume index exceed range: 65535
06-21 18:05:39.750   809  1531 E peq_android: volume index exceed range: 65535
06-21 18:05:39.770   809  1531 E peq_android: volume index exceed range: 65535
06-21 18:05:39.790   809  1531 E peq_android: volume index exceed range: 65535
06-21 18:05:39.810   809  1531 E peq_android: volume index exceed range: 65535
06-21 18:05:39.829   809  1531 I AudioFlinger: pid(17015):mVol=1.000000, tVol=0.000000, pVol=0.000000, sVol=1.000000, cVol = 1.000000, scale=1.000000, output=13, mDevice=0x2, mStreamType=3
06-21 18:05:39.830   809  1531 E peq_android: volume index exceed range: 65535
06-21 18:05:39.850   809  1531 E peq_android: volume index exceed range: 65535
06-21 18:05:39.870   809  1531 E peq_android: volume index exceed range: 65535
06-21 18:05:39.890   809  1531 E peq_android: volume index exceed range: 65535
06-21 18:05:39.892  2632  2998 I TrafficStatisticsBoosterPlugin: handleMessage, msg = 2
06-21 18:05:39.910   809  1531 E peq_android: volume index exceed range: 65535
06-21 18:05:39.930   809  1531 E peq_android: volume index exceed range: 65535
06-21 18:05:39.930  2736 13661 I HwSearchService: [IndexServiceGuarderHandler]: IndexRAMMonitor: 49MB ram is used
06-21 18:05:39.950   809  1531 E peq_android: volume index exceed range: 65535
06-21 18:05:39.970   809  1531 E peq_android: volume index exceed range: 65535
06-21 18:05:39.990   809  1531 E peq_android: volume index exceed range: 65535
06-21 18:05:40.010   809  1531 E peq_android: volume index exceed range: 65535
06-21 18:05:40.030   809  1531 E peq_android: volume index exceed range: 65535
06-21 18:05:40.040   812   812 I SurfaceFlinger: onMessageRefresh: present start
06-21 18:05:40.045   812   812 I SurfaceFlinger: onMessageRefresh: postComposition end
06-21 18:05:40.050   809  1531 E peq_android: volume index exceed range: 65535
06-21 18:05:40.070   809  1531 E peq_android: volume index exceed range: 65535
06-21 18:05:40.090   809  1531 E peq_android: volume index exceed range: 65535
06-21 18:05:40.110   809  1531 E peq_android: volume index exceed range: 65535
06-21 18:05:40.123  1647  2293 I WifiNl80211Manager: Noise: -62, Snr: 40, Chload: 670, rssi: -30, txBitrate: 400, rxBitrate: 400, frequency: 5745, UlDelay: 0, currentTxBytes: 7240331, currentTxPackets: 54585, currentTxFailed: 0, currentRxBytes: -60302602, currentRxPackets: 312163
06-21 18:05:40.126  1647  2293 V HwWifiServiceFactory: get AllImpl object = com.android.server.wifi.HwWifiServiceFactoryImpl@6e396b3
06-21 18:05:40.130   809  1531 E peq_android: volume index exceed range: 65535
06-21 18:05:40.138  6402  6423 I appium  : Starting MJPEG Server
06-21 18:05:40.145  1647  3113 I WindowManager: addWindowToken: displayid:0 binder:android.os.Binder@f8e4484 token:WindowToken{a8b946d android.os.Binder@f8e4484}
06-21 18:05:40.146   812  1119 I Layer   : [WindowToken{a8b946d android.os.Binder@f8e4484}#0] seq 10632 created
06-21 18:05:40.148  1647  3113 I [SPMN]  : insert SECURE -- name = accessibility_enabled, package = android, user = 0, value = 1
06-21 18:05:40.149  1647  3113 I AccessibilityManagerService: AMS updateAccessibilityButtonTargetsLocked
06-21 18:05:40.150   809  1531 E peq_android: volume index exceed range: 65535
06-21 18:05:40.153  1647  3113 I InputManager: registerInputDevicesChangedListener android.hardware.input.IInputDevicesChangedListener$Stub$Proxy@df598a2 from pid:6402
06-21 18:05:40.154  1647  3113 I [SPMN]  : insert SECURE -- name = accessibility_enabled, package = android, user = 0, value = 1
06-21 18:05:40.154  1647  3113 I AccessibilityManagerService: AMS updateAccessibilityButtonTargetsLocked
06-21 18:05:40.155  6402  6423 I appium  : MJPEG Server started
06-21 18:05:40.156  6402  6431 I appium  : ServerSocket created on port 7810
06-21 18:05:40.161  6402  6423 I appium  : AndroidServer created on port 6790
06-21 18:05:40.162  6402  6423 I appium  : io.appium.uiautomator2.server started:
06-21 18:05:40.166  1647  3907 I AppOpsHistoricalMgr: package is inserted to db: io.appium.uiautomator2.server--10233--196
06-21 18:05:40.169   809  1531 E peq_android: volume index exceed range: 65535
06-21 18:05:40.170  1647  1647 I AS.AudioService: Accessibility volume enabled = false
06-21 18:05:40.171  1647  1647 D BatterySaverPolicy: accessibility changed to true, updating policy.
06-21 18:05:40.172  6402  6433 I appium  : Started UiAutomator2 io.appium.uiautomator2.http io.appium.uiautomator2.server on port 6790
06-21 18:05:40.183  6402  6434 W tomator2.serve: Accessing hidden method Lsun/misc/VM;->maxDirectMemory()J (unsupported, reflection, allowed)
06-21 18:05:40.186  6402  6434 W tomator2.serve: Accessing hidden field Lsun/nio/ch/SelectorImpl;->selectedKeys:Ljava/util/Set; (unsupported, reflection, allowed)
06-21 18:05:40.186  6402  6434 W tomator2.serve: Accessing hidden field Lsun/nio/ch/SelectorImpl;->publicSelectedKeys:Ljava/util/Set; (unsupported, reflection, allowed)
06-21 18:05:40.189   809  1531 E peq_android: volume index exceed range: 65535
06-21 18:05:40.189  1245  1279 D SensorHub: huawei Hal get step event
06-21 18:05:40.196  6402  6402 W Thread-5: type=1400 audit(0.0:63909): avc: denied { read } for name="somaxconn" dev="proc" ino=4548761 scontext=u:r:untrusted_app:s0:c233,c256,c512,c768 tcontext=u:object_r:proc_net:s0 tclass=file permissive=0 app=io.appium.uiautomator2.server
06-21 18:05:40.209   809  1531 E peq_android: volume index exceed range: 65535
06-21 18:05:40.229   809  1531 E peq_android: volume index exceed range: 65535
06-21 18:05:40.249  6402  6437 I appium  : channel read: GET /wd/hub/status
06-21 18:05:40.249   809  1531 E peq_android: volume index exceed range: 65535
06-21 18:05:40.249  6402  6437 I appium  : Status command
06-21 18:05:40.258  6402  6437 I appium  : AppiumResponse: {"sessionId":"None","value":{"message":"UiAutomator2 Server is ready to accept commands","ready":true}}
06-21 18:05:40.269   809  1531 E peq_android: volume index exceed range: 65535
06-21 18:05:40.272  6402  6437 I appium  : channel read: POST /wd/hub/session
06-21 18:05:40.273  6402  6437 I appium  : NewSession command
06-21 18:05:40.281  6402  6437 W tomator2.serve: Accessing hidden field Landroid/app/UiAutomation;->mOnAccessibilityEventListener:Landroid/app/UiAutomation$OnAccessibilityEventListener; (max-target-o, reflection, allowed)
06-21 18:05:40.282  6402  6437 I appium  : Created the new session with id 28170ecc-34c1-4d7f-92dc-f28f571641cb and capabilities {appPackage=cn.missevan, networkConnectionEnabled=true, noReset=true, warnings={}, databaseEnabled=false, deviceName=9YS0219C18016275, fullReset=false, platform=LINUX, deviceUDID=9YS0219C18016275, appActivity=.activity.MainActivity, desired={platformName=Android, appActivity=.activity.MainActivity, appPackage=cn.missevan, autoGrantPermissions=true, autoLaunch=false, automationName=UiAutomator2, deviceName=9YS0219C18016275, noReset=true, fullReset=false, platformVersion=10, newCommandTimeout=30000.0, waitForIdleTimeout=100.0, udid=9YS0219C18016275}, autoLaunch=false, newCommandTimeout=30000.0, platformVersion=10, webStorageEnabled=false, locationContextEnabled=false, automationName=UiAutomator2, takesScreenshot=true, autoGrantPermissions=true, javascriptEnabled=true, platformName=Android, udid=9YS0219C18016275}
06-21 18:05:40.287  6402  6437 I appium  : AppiumResponse: {"sessionId":"28170ecc-34c1-4d7f-92dc-f28f571641cb","value":{"capabilities":{"firstMatch":[{"platform":"LINUX","webStorageEnabled":false,"takesScreenshot":true,"javascriptEnabled":true,"databaseEnabled":false,"networkConnectionEnabled":true,"locationContextEnabled":false,"warnings":{},"desired":{"pl…
06-21 18:05:40.289   809  1531 E peq_android: volume index exceed range: 65535
06-21 18:05:40.309   809  1531 E peq_android: volume index exceed range: 65535
06-21 18:05:40.329   809  1531 E peq_android: volume index exceed range: 65535
06-21 18:05:40.349   809  1531 E peq_android: volume index exceed range: 65535
06-21 18:05:40.351  6402  6437 I appium  : channel read: GET /wd/hub/session/28170ecc-34c1-4d7f-92dc-f28f571641cb/appium/device/info
06-21 18:05:40.352  6402  6437 I appium  : GetDeviceInfo command
06-21 18:05:40.355  1647  3091 I ContentProviderHelper: Successfully start provider ContentProviderRecord{e90b27c u0 com.android.providers.settings/.hwext.HwSettingsProvider} launchingApp=null caller pid= 6402
06-21 18:05:40.364  6402  6437 I HwPartPowerOfficeFactory: add HwPartPowerOfficeFactoryImpl to memory.
06-21 18:05:40.369  1647  3091 I HwConnectivityServiceEx: set 10233, metered: false, value: false
06-21 18:05:40.370   809  1531 E peq_android: volume index exceed range: 65535
06-21 18:05:40.372  6402  6437 W tomator2.serve: Accessing hidden field Landroid/net/NetworkCapabilities;->mSignalStrength:I (max-target-p, reflection, allowed)
06-21 18:05:40.372  6402  6437 W tomator2.serve: Accessing hidden field Landroid/net/NetworkCapabilities;->mSSID:Ljava/lang/String; (max-target-o, reflection, allowed)
06-21 18:05:40.385  6402  6437 I appium  : AppiumResponse: {"sessionId":"28170ecc-34c1-4d7f-92dc-f28f571641cb","value":{"androidId":"e7736f9665bb1609","apiVersion":"31","bluetooth":{"state":"OFF"},"brand":"HUAWEI","carrierName":"","displayDensity":480,"locale":"zh_CN_#Hans","manufacturer":"HUAWEI","model":"LIO-AN00","networks":[{"capabilities":{"SSID":null,…
06-21 18:05:40.390   809  1531 E peq_android: volume index exceed range: 65535
06-21 18:05:40.392  2124  2124 W HIGNSS  : LS:[LSQ_SOLUTION] satellite num: 0 < 4
06-21 18:05:40.393  2124  2124 W HIGNSS  : CHR:[TCXO-BIAS-CHANGE] time: 3, cnt: 3, valid: 0, freq_bias:0.000000, tempr:0.000000, sats_num: 0, qop: 0
06-21 18:05:40.393  2124  2124 W HIGNSS  : MSBCFG:GetLostTrkTimeIntervalPointer g_lostTrkMap 2 is NULL
06-21 18:05:40.393  2124  2124 W HIGNSS  : MSBCFG:GetLostTrkTimeIntervalPointer g_lostTrkMap 9 is NULL
06-21 18:05:40.393  2124  2124 W HIGNSS  : MSBCFG:GetLostTrkTimeIntervalPointer g_lostTrkMap 10 is NULL
06-21 18:05:40.393  2124  2124 W HIGNSS  : MSBCFG:GetLostTrkTimeIntervalPointer g_lostTrkMap 11 is NULL
06-21 18:05:40.393  2124  2124 W HIGNSS  : MSBCFG:GetLostTrkTimeIntervalPointer g_lostTrkMap 12 is NULL
06-21 18:05:40.394  2124  2124 W HIGNSS  : FUS:fusion results invalid, flag = 0!
06-21 18:05:40.394  2124  2124 W HIGNSS  : PE_CDPP:[NORMAL]location check failed, cdpp can not be done!
06-21 18:05:40.395  2124  2124 W HIGNSS  : PE_MSA:[MSA_SELECT]the num of sat can be reported is less than 4, report all valid data!
06-21 18:05:40.395  2124  2124 W HIGNSS  : PE_MSA:[MSA-DOPPLER]No location and no acq data, not do doppler consistence!
06-21 18:05:40.395  2124  2124 W HIGNSS  : PE_MSA:[MSA-REPORT] no gnss msr data to be report!
06-21 18:05:40.396  2124  2124 E HIGNSS  : PE_MGR:g_sendPvtInfo is null!
06-21 18:05:40.396  2124  2173 W HIGNSS  : CTL:can't find dst, 0x11110021
06-21 18:05:40.410   809  1531 E peq_android: volume index exceed range: 65535
06-21 18:05:40.430   809  1531 E peq_android: volume index exceed range: 65535
06-21 18:05:40.432  6438  6438 D HiTraceC: entered HiTraceInit, Log Registered: 1
06-21 18:05:40.432  2632 26222 I HwCommBoosterService: reportBoosterPara enter
06-21 18:05:40.433  2632 26222 I HwCommBoosterManager: reportBoosterPara enter
06-21 18:05:40.433  2632 26222 I HwCommBoosterManager: pluginId: 8
06-21 18:05:40.433  2632  2998 I HwCommBoosterManager: handleBoosterMessageSendModuleDataToPlugin enter
06-21 18:05:40.433  2632  5243 D LteRecoveryEngine: UnRecoverState processMessage UPDATE_PS_SLOW_VALUE
06-21 18:05:40.444  1647  2252 E AwareLog: AwareMem_MemoryUtils: trim Memory illegal arg exception, proc:4326 userId:-2 level:40 fromAware:true
06-21 18:05:40.450   809  1531 E peq_android: volume index exceed range: 65535
06-21 18:05:40.461  6289  6289 I HwLBSService.HwNLPThirdPartyService: onUnbind
06-21 18:05:40.462  2632  5241 I Booster_Qoe: AdaBoostPredict rlt,index:8,NisPsSlow:0,NProba:333,rsrp(rssi):-40,rsrq(noise):-62,rtt(chload):670,buffhigh(uldelay):0,buffcomm(rtt):11
06-21 18:05:40.462  2632  5241 I Booster_Qoe: AdaBoostPredict rlt,index:2,NisPsSlow:0,NProba:333,rsrp(rssi):-40,rsrq(noise):-62,rtt(chload):670,buffhigh(uldelay):0,buffcomm(rtt):8
06-21 18:05:40.462  6289  6289 I HwLBSService.HwNLPThirdPartyService: onDestroy
06-21 18:05:40.462  2632  5241 I Collector: HandleRawWifiInfo: flag:0, netId:0!
06-21 18:05:40.462  2632  5241 I Collector: HandleRawWifiInfo: flag:0, netId:0!
06-21 18:05:40.462  2632  2998 E BoosterUtil: convertSubIdToSlotId failed, subId:1, slotId:-1
06-21 18:05:40.462  2632  2998 E BoosterUtil: getDefaultDataSlotId failed, invalid slotId:-1, subId:1
06-21 18:05:40.462  2632  2998 E NrSmartCure: onNetworkQoeUpdate failed, invalid defaultDataSlotId=-1
06-21 18:05:40.462  6289  6289 I Process : Sending signal. PID: 6289 SIG: 9
06-21 18:05:40.462  2632  2998 I CongestionEscapeManager: processNetworkQoeInfo enter
06-21 18:05:40.463  2632  2998 I CongestionEscapeManager: processNetworkQoeInfo: not qoe slow reason.
