06-21 18:05:43.039  4326  4326 D BitmapMonitor: 	at android.view.LayoutInflater.inflate(LayoutInflater.java:540)
06-21 18:05:43.039  4326  4326 D BitmapMonitor: 	at com.android.internal.policy.HwPhoneLayoutInflater.inflate(HwPhoneLayoutInflater.java:138)
06-21 18:05:43.039  4326  4326 D BitmapMonitor: 	at cn.missevan.databinding.BaseAlbumImageViewBinding.inflate(BaseAlbumImageViewBinding.java:101)
06-21 18:05:43.039  4326  4326 D BitmapMonitor: 	at cn.missevan.view.widget.CustomAlbumView.<init>(CustomAlbumView.kt:42)
06-21 18:05:43.039  4326  4326 D BitmapMonitor: 	at cn.missevan.view.widget.CustomAlbumView.<init>(CustomAlbumView.kt:16)
06-21 18:05:43.039  4326  4326 D BitmapMonitor: 	at cn.missevan.view.widget.CustomAlbumView.<init>(null:11)
06-21 18:05:43.039  4326  4326 D BitmapMonitor: 	at java.lang.reflect.Constructor.newInstance0(Constructor.java:-2)
06-21 18:05:43.039  4326  4326 D BitmapMonitor: 	at java.lang.reflect.Constructor.newInstance(Constructor.java:343)
06-21 18:05:43.039  4326  4326 D BitmapMonitor: 	at skin.support.app.SkinCompatViewInflater.createView(SkinCompatViewInflater.java:157)
06-21 18:05:43.039  4326  4326 D BitmapMonitor: 	at skin.support.app.SkinCompatViewInflater.createViewFromTag(SkinCompatViewInflater.java:106)
06-21 18:05:43.039  4326  4326 D BitmapMonitor: 	at skin.support.app.SkinCompatViewInflater.createView(SkinCompatViewInflater.java:51)
06-21 18:05:43.039  4326  4326 D BitmapMonitor: 	at skin.support.app.SkinCompatDelegate.createView(SkinCompatDelegate.java:70)
06-21 18:05:43.039  4326  4326 D BitmapMonitor: 	at skin.support.app.SkinCompatDelegate.onCreateView(SkinCompatDelegate.java:31)
06-21 18:05:43.039  4326  4326 D BitmapMonitor: 	at android.view.LayoutInflater$FactoryMerger.onCreateView(LayoutInflater.java:246)
06-21 18:05:43.039  4326  4326 D BitmapMonitor: 	at android.view.LayoutInflater.tryCreateView(LayoutInflater.java:1075)
06-21 18:05:43.039  4326  4326 D BitmapMonitor: 	at android.view.LayoutInflater.createViewFromTag(LayoutInflater.java:1011)
06-21 18:05:43.039  4326  4326 D BitmapMonitor: 	at android.view.LayoutInflater.createViewFromTag(LayoutInflater.java:975)
06-21 18:05:43.039  4326  4326 D BitmapMonitor: 	at android.view.LayoutInflater.rInflate(LayoutInflater.java:1137)
06-21 18:05:43.039  4326  4326 D BitmapMonitor: 	at android.view.LayoutInflater.rInflateChildren(LayoutInflater.java:1098)
06-21 18:05:43.039  4326  4326 D BitmapMonitor: 	at android.view.LayoutInflater.rInflate(LayoutInflater.java:1140)
06-21 18:05:43.039  4326  4326 D BitmapMonitor: 	at android.view.LayoutInflater.rInflateChildren(LayoutInflater.java:1098)
06-21 18:05:43.039  4326  4326 D BitmapMonitor: 	at android.view.LayoutInflater.rInflate(LayoutInflater.java:1140)
06-21 18:05:43.039  4326  4326 D BitmapMonitor: 	at android.view.LayoutInflater.rInflateChildren(LayoutInflater.java:1098)
06-21 18:05:43.039  4326  4326 D BitmapMonitor: 	at android.view.LayoutInflater.rInflate(LayoutInflater.java:1140)
06-21 18:05:43.039  4326  4326 D BitmapMonitor: 	at android.view.LayoutInflater.rInflateChildren(LayoutInflater.java:1098)
06-21 18:05:43.039  4326  4326 D BitmapMonitor: 	at android.view.LayoutInflater.rInflate(LayoutInflater.java:1140)
06-21 18:05:43.039  4326  4326 D BitmapMonitor: 	at android.view.LayoutInflater.rInflateChildren(LayoutInflater.java:1098)
06-21 18:05:43.039  4326  4326 D BitmapMonitor: 	at android.view.LayoutInflater.inflate(LayoutInflater.java:696)
06-21 18:05:43.039  4326  4326 D BitmapMonitor: 	at android.view.LayoutInflater.inflate(LayoutInflater.java:540)
06-21 18:05:43.039  4326  4326 D BitmapMonitor: 	at com.android.internal.policy.HwPhoneLayoutInflater.inflate(HwPhoneLayoutInflater.java:138)
06-21 18:05:43.039  4326  4326 D BitmapMonitor: 	at cn.missevan.databinding.FragmentCollectionNewBinding.inflate(FragmentCollectionNewBinding.java:103)
06-21 18:05:43.039  4326  4326 D BitmapMonitor: 	at java.lang.reflect.Method.invoke(Method.java:-2)
06-21 18:05:43.039  4326  4326 D BitmapMonitor: 	at cn.missevan.lib.utils.viewbinding.viewbind.FragmentViewBinding.getValue(FragmentViewBinding.kt:50)
06-21 18:05:43.039  4326  4326 D BitmapMonitor: 	at cn.missevan.library.fragment.BaseFragment.getBinding(BaseFragment.kt:42)
06-21 18:05:43.039  4326  4326 D BitmapMonitor: 	at cn.missevan.library.fragment.BaseFragment.onCreateView(BaseFragment.kt:52)
06-21 18:05:43.039  4326  4326 D BitmapMonitor: 	at androidx.fragment.app.Fragment.performCreateView(Fragment.java:3104)
06-21 18:05:43.039  4326  4326 D BitmapMonitor: 	at androidx.fragment.app.FragmentStateManager.createView(FragmentStateManager.java:524)
06-21 18:05:43.039  4326  4326 D BitmapMonitor: 	at androidx.fragment.app.FragmentStateManager.moveToExpectedState(FragmentStateManager.java:261)
06-21 18:05:43.039  4326  4326 D BitmapMonitor: 	at androidx.fragment.app.FragmentManager.executeOpsTogether(FragmentManager.java:1899)
06-21 18:05:43.039  4326  4326 D BitmapMonitor: 	at androidx.fragment.app.FragmentManager.removeRedundantOperationsAndExecute(FragmentManager.java:1817)
06-21 18:05:43.039  4326  4326 D BitmapMonitor: 	at androidx.fragment.app.FragmentManager.execPendingActions(FragmentManager.java:1760)
06-21 18:05:43.039  4326  4326 D BitmapMonitor: 	at androidx.fragment.app.FragmentManager$5.run(FragmentManager.java:547)
06-21 18:05:43.039  4326  4326 D BitmapMonitor: 	at android.os.Handler.handleCallback(Handler.java:966)
06-21 18:05:43.039  4326  4326 D BitmapMonitor: 	at android.os.Handler.dispatchMessage(Handler.java:110)
06-21 18:05:43.039  4326  4326 D BitmapMonitor: 	at android.os.Looper.loopOnce(Looper.java:205)
06-21 18:05:43.039  4326  4326 D BitmapMonitor: 	at android.os.Looper.loop(Looper.java:293)
06-21 18:05:43.039  4326  4326 D BitmapMonitor: 	at android.app.ActivityThread.main(ActivityThread.java:9596)
06-21 18:05:43.039  4326  4326 D BitmapMonitor: 	at java.lang.reflect.Method.invoke(Method.java:-2)
06-21 18:05:43.039  4326  4326 D BitmapMonitor: 	at com.android.internal.os.RuntimeInit$MethodAndArgsCaller.run(RuntimeInit.java:586)
06-21 18:05:43.039  4326  4326 D BitmapMonitor: 	at com.android.internal.os.ZygoteInit.main(ZygoteInit.java:1204)
06-21 18:05:43.039  4326  4326 I bitmap_monitor: restore_image, width: 207, height: 180, /storage/emulated/0/Android/data/cn.missevan/files/bitmap_monitor/restore_207_180_1687341943039.bmp
06-21 18:05:43.039  4326  4326 I bitmap_monitor: record_bitmap_allocated >>> width: 207, height: 180, stride: 828, bit_per_pixel: 4,  allocation_byte_count: 149040, format: 1
06-21 18:05:43.041  4326  4326 D BitmapMonitor: dumpJavaStack: main
06-21 18:05:43.041  4326  4326 D BitmapMonitor: dumpJavaStack: main
06-21 18:05:43.041  4326  4326 D BitmapMonitor: 	at android.graphics.ImageDecoder.nDecodeBitmap(ImageDecoder.java:-2)
06-21 18:05:43.041  4326  4326 D BitmapMonitor: 	at android.graphics.ImageDecoder.decodeBitmapInternal(ImageDecoder.java:1720)
06-21 18:05:43.041  4326  4326 D BitmapMonitor: 	at android.graphics.ImageDecoder.decodeDrawableImpl(ImageDecoder.java:1803)
06-21 18:05:43.041  4326  4326 D BitmapMonitor: 	at android.graphics.ImageDecoder.decodeDrawable(ImageDecoder.java:1759)
06-21 18:05:43.041  4326  4326 D BitmapMonitor: 	at android.content.res.ResourcesImpl.decodeImageDrawable(ResourcesImpl.java:1216)
06-21 18:05:43.041  4326  4326 D BitmapMonitor: 	at android.content.res.ResourcesImpl.loadDrawableForCookie(ResourcesImpl.java:1298)
06-21 18:05:43.041  4326  4326 D BitmapMonitor: 	at android.content.res.ResourcesImpl.loadDrawable(ResourcesImpl.java:1057)
06-21 18:05:43.041  4326  4326 D BitmapMonitor: 	at android.content.res.Resources.loadDrawable(Resources.java:1087)
06-21 18:05:43.041  4326  4326 D BitmapMonitor: 	at android.content.res.TypedArray.getDrawableForDensity(TypedArray.java:1196)
06-21 18:05:43.041  4326  4326 D BitmapMonitor: 	at android.content.res.TypedArray.getDrawable(TypedArray.java:1171)
06-21 18:05:43.041  4326  4326 D BitmapMonitor: 	at android.widget.ImageView.<init>(ImageView.java:237)
06-21 18:05:43.041  4326  4326 D BitmapMonitor: 	at android.widget.ImageView.<init>(ImageView.java:223)
06-21 18:05:43.041  4326  4326 D BitmapMonitor: 	at androidx.appcompat.widget.AppCompatImageView.<init>(AppCompatImageView.java:78)
06-21 18:05:43.041  4326  4326 D BitmapMonitor: 	at com.google.android.material.imageview.ShapeableImageView.<init>(ShapeableImageView.java:96)
06-21 18:05:43.041  4326  4326 D BitmapMonitor: 	at com.google.android.material.imageview.ShapeableImageView.<init>(ShapeableImageView.java:92)
06-21 18:05:43.041  4326  4326 D BitmapMonitor: 	at java.lang.reflect.Constructor.newInstance0(Constructor.java:-2)
06-21 18:05:43.041  4326  4326 D BitmapMonitor: 	at java.lang.reflect.Constructor.newInstance(Constructor.java:343)
06-21 18:05:43.041  4326  4326 D BitmapMonitor: 	at skin.support.app.SkinCompatViewInflater.createView(SkinCompatViewInflater.java:157)
06-21 18:05:43.041  4326  4326 D BitmapMonitor: 	at skin.support.app.SkinCompatViewInflater.createViewFromTag(SkinCompatViewInflater.java:106)
06-21 18:05:43.041  4326  4326 D BitmapMonitor: 	at skin.support.app.SkinCompatViewInflater.createView(SkinCompatViewInflater.java:51)
06-21 18:05:43.041  4326  4326 D BitmapMonitor: 	at skin.support.app.SkinCompatDelegate.createView(SkinCompatDelegate.java:70)
06-21 18:05:43.041  4326  4326 D BitmapMonitor: 	at skin.support.app.SkinCompatDelegate.onCreateView(SkinCompatDelegate.java:31)
06-21 18:05:43.041  4326  4326 D BitmapMonitor: 	at android.view.LayoutInflater.tryCreateView(LayoutInflater.java:1075)
06-21 18:05:43.041  4326  4326 D BitmapMonitor: 	at android.view.LayoutInflater.createViewFromTag(LayoutInflater.java:1011)
06-21 18:05:43.041  4326  4326 D BitmapMonitor: 	at android.view.LayoutInflater.createViewFromTag(LayoutInflater.java:975)
06-21 18:05:43.041  4326  4326 D BitmapMonitor: 	at android.view.LayoutInflater.rInflate(LayoutInflater.java:1137)
06-21 18:05:43.041  4326  4326 D BitmapMonitor: 	at android.view.LayoutInflater.rInflateChildren(LayoutInflater.java:1098)
06-21 18:05:43.041  4326  4326 D BitmapMonitor: 	at android.view.LayoutInflater.inflate(LayoutInflater.java:696)
06-21 18:05:43.041  4326  4326 D BitmapMonitor: 	at android.view.LayoutInflater.inflate(LayoutInflater.java:540)
06-21 18:05:43.041  4326  4326 D BitmapMonitor: 	at com.android.internal.policy.HwPhoneLayoutInflater.inflate(HwPhoneLayoutInflater.java:138)
06-21 18:05:43.041  4326  4326 D BitmapMonitor: 	at cn.missevan.databinding.BaseAlbumImageViewBinding.inflate(BaseAlbumImageViewBinding.java:101)
06-21 18:05:43.041  4326  4326 D BitmapMonitor: 	at cn.missevan.view.widget.CustomAlbumView.<init>(CustomAlbumView.kt:42)
06-21 18:05:43.041  4326  4326 D BitmapMonitor: 	at cn.missevan.view.widget.CustomAlbumView.<init>(CustomAlbumView.kt:16)
06-21 18:05:43.041  4326  4326 D BitmapMonitor: 	at cn.missevan.view.widget.CustomAlbumView.<init>(null:11)
06-21 18:05:43.041  4326  4326 D BitmapMonitor: 	at java.lang.reflect.Constructor.newInstance0(Constructor.java:-2)
06-21 18:05:43.041  4326  4326 D BitmapMonitor: 	at java.lang.reflect.Constructor.newInstance(Constructor.java:343)
06-21 18:05:43.041  4326  4326 D BitmapMonitor: 	at skin.support.app.SkinCompatViewInflater.createView(SkinCompatViewInflater.java:157)
06-21 18:05:43.041  4326  4326 D BitmapMonitor: 	at skin.support.app.SkinCompatViewInflater.createViewFromTag(SkinCompatViewInflater.java:106)
06-21 18:05:43.041  4326  4326 D BitmapMonitor: 	at skin.support.app.SkinCompatViewInflater.createView(SkinCompatViewInflater.java:51)
06-21 18:05:43.041  4326  4326 D BitmapMonitor: 	at skin.support.app.SkinCompatDelegate.createView(SkinCompatDelegate.java:70)
06-21 18:05:43.041  4326  4326 D BitmapMonitor: 	at skin.support.app.SkinCompatDelegate.onCreateView(SkinCompatDelegate.java:31)
06-21 18:05:43.041  4326  4326 D BitmapMonitor: 	at android.view.LayoutInflater$FactoryMerger.onCreateView(LayoutInflater.java:246)
06-21 18:05:43.041  4326  4326 D BitmapMonitor: 	at android.view.LayoutInflater.tryCreateView(LayoutInflater.java:1075)
06-21 18:05:43.041  4326  4326 D BitmapMonitor: 	at android.view.LayoutInflater.createViewFromTag(LayoutInflater.java:1011)
06-21 18:05:43.041  4326  4326 D BitmapMonitor: 	at android.view.LayoutInflater.createViewFromTag(LayoutInflater.java:975)
06-21 18:05:43.041  4326  4326 D BitmapMonitor: 	at android.view.LayoutInflater.rInflate(LayoutInflater.java:1137)
06-21 18:05:43.041  4326  4326 D BitmapMonitor: 	at android.view.LayoutInflater.rInflateChildren(LayoutInflater.java:1098)
06-21 18:05:43.041  4326  4326 D BitmapMonitor: 	at android.view.LayoutInflater.rInflate(LayoutInflater.java:1140)
06-21 18:05:43.041  4326  4326 D BitmapMonitor: 	at android.view.LayoutInflater.rInflateChildren(LayoutInflater.java:1098)
06-21 18:05:43.041  4326  4326 D BitmapMonitor: 	at android.view.LayoutInflater.rInflate(LayoutInflater.java:1140)
06-21 18:05:43.041  4326  4326 D BitmapMonitor: 	at android.view.LayoutInflater.rInflateChildren(LayoutInflater.java:1098)
06-21 18:05:43.041  4326  4326 D BitmapMonitor: 	at android.view.LayoutInflater.rInflate(LayoutInflater.java:1140)
06-21 18:05:43.041  4326  4326 D BitmapMonitor: 	at android.view.LayoutInflater.rInflateChildren(LayoutInflater.java:1098)
06-21 18:05:43.041  4326  4326 D BitmapMonitor: 	at android.view.LayoutInflater.rInflate(LayoutInflater.java:1140)
06-21 18:05:43.041  4326  4326 D BitmapMonitor: 	at android.view.LayoutInflater.rInflateChildren(LayoutInflater.java:1098)
06-21 18:05:43.041  4326  4326 D BitmapMonitor: 	at android.view.LayoutInflater.inflate(LayoutInflater.java:696)
06-21 18:05:43.041  4326  4326 D BitmapMonitor: 	at android.view.LayoutInflater.inflate(LayoutInflater.java:540)
06-21 18:05:43.041  4326  4326 D BitmapMonitor: 	at com.android.internal.policy.HwPhoneLayoutInflater.inflate(HwPhoneLayoutInflater.java:138)
06-21 18:05:43.041  4326  4326 D BitmapMonitor: 	at cn.missevan.databinding.FragmentCollectionNewBinding.inflate(FragmentCollectionNewBinding.java:103)
06-21 18:05:43.041  4326  4326 D BitmapMonitor: 	at java.lang.reflect.Method.invoke(Method.java:-2)
06-21 18:05:43.041  4326  4326 D BitmapMonitor: 	at cn.missevan.lib.utils.viewbinding.viewbind.FragmentViewBinding.getValue(FragmentViewBinding.kt:50)
06-21 18:05:43.041  4326  4326 D BitmapMonitor: 	at cn.missevan.library.fragment.BaseFragment.getBinding(BaseFragment.kt:42)
06-21 18:05:43.041  4326  4326 D BitmapMonitor: 	at cn.missevan.library.fragment.BaseFragment.onCreateView(BaseFragment.kt:52)
06-21 18:05:43.041  4326  4326 D BitmapMonitor: 	at androidx.fragment.app.Fragment.performCreateView(Fragment.java:3104)
06-21 18:05:43.041  4326  4326 D BitmapMonitor: 	at androidx.fragment.app.FragmentStateManager.createView(FragmentStateManager.java:524)
06-21 18:05:43.041  4326  4326 D BitmapMonitor: 	at androidx.fragment.app.FragmentStateManager.moveToExpectedState(FragmentStateManager.java:261)
06-21 18:05:43.041  4326  4326 D BitmapMonitor: 	at androidx.fragment.app.FragmentManager.executeOpsTogether(FragmentManager.java:1899)
06-21 18:05:43.041  4326  4326 D BitmapMonitor: 	at androidx.fragment.app.FragmentManager.removeRedundantOperationsAndExecute(FragmentManager.java:1817)
06-21 18:05:43.041  4326  4326 D BitmapMonitor: 	at androidx.fragment.app.FragmentManager.execPendingActions(FragmentManager.java:1760)
06-21 18:05:43.041  4326  4326 D BitmapMonitor: 	at androidx.fragment.app.FragmentManager$5.run(FragmentManager.java:547)
06-21 18:05:43.041  4326  4326 D BitmapMonitor: 	at android.os.Handler.handleCallback(Handler.java:966)
06-21 18:05:43.041  4326  4326 D BitmapMonitor: 	at android.os.Handler.dispatchMessage(Handler.java:110)
06-21 18:05:43.041  4326  4326 D BitmapMonitor: 	at android.os.Looper.loopOnce(Looper.java:205)
06-21 18:05:43.041  4326  4326 D BitmapMonitor: 	at android.os.Looper.loop(Looper.java:293)
06-21 18:05:43.041  4326  4326 D BitmapMonitor: 	at android.app.ActivityThread.main(ActivityThread.java:9596)
06-21 18:05:43.041  4326  4326 D BitmapMonitor: 	at java.lang.reflect.Method.invoke(Method.java:-2)
06-21 18:05:43.041  4326  4326 D BitmapMonitor: 	at com.android.internal.os.RuntimeInit$MethodAndArgsCaller.run(RuntimeInit.java:586)
06-21 18:05:43.041  4326  4326 D BitmapMonitor: 	at com.android.internal.os.ZygoteInit.main(ZygoteInit.java:1204)
06-21 18:05:43.041  4326  4326 I bitmap_monitor: restore_image, width: 180, height: 180, /storage/emulated/0/Android/data/cn.missevan/files/bitmap_monitor/restore_180_180_1687341943041.bmp
06-21 18:05:43.041  4326  4326 I bitmap_monitor: record_bitmap_allocated >>> width: 180, height: 180, stride: 720, bit_per_pixel: 4,  allocation_byte_count: 129600, format: 1
06-21 18:05:43.045  4326  4326 I bitmap_monitor: record_bitmap_allocated >>> width: 36, height: 33, stride: 144, bit_per_pixel: 4,  allocation_byte_count: 4752, format: 1
06-21 18:05:43.047  4326  4326 I bitmap_monitor: record_bitmap_allocated >>> width: 30, height: 30, stride: 120, bit_per_pixel: 4,  allocation_byte_count: 3600, format: 1
06-21 18:05:43.049  4326  4326 I bitmap_monitor: record_bitmap_allocated >>> width: 93, height: 93, stride: 372, bit_per_pixel: 4,  allocation_byte_count: 34596, format: 1
06-21 18:05:43.049   809  1531 E peq_android: volume index exceed range: 65535
06-21 18:05:43.051  4326  4326 I bitmap_monitor: record_bitmap_allocated >>> width: 66, height: 66, stride: 264, bit_per_pixel: 4,  allocation_byte_count: 17424, format: 1
06-21 18:05:43.060  4326  4326 I bitmap_monitor: record_bitmap_allocated >>> width: 69, height: 69, stride: 276, bit_per_pixel: 4,  allocation_byte_count: 19044, format: 1
06-21 18:05:43.060  4326  4326 I bitmap_monitor: record_bitmap_allocated >>> width: 69, height: 69, stride: 276, bit_per_pixel: 4,  allocation_byte_count: 19044, format: 1
06-21 18:05:43.065  4326  4326 I DecorView: navBarColor: ffffffff statusBarColor: 0 statusInsets: null navInsets: null
06-21 18:05:43.065  4326  4326 I DecorView: updateColorViewInt type:1 size: 0 showView:false color:ffffffff
06-21 18:05:43.065  4326  4326 I DecorView: updateColorViewInt type:0 size: 72 showView:false color:0
06-21 18:05:43.066  1647  4088 E TaskChangeNotificationController: forAllLocalListeners pid must be equal, but the callingPid 4326 pid 1647
06-21 18:05:43.066  1647  4088 E TaskChangeNotificationController: java.lang.Exception
06-21 18:05:43.066  1647  4088 E TaskChangeNotificationController: 	at com.android.server.wm.TaskChangeNotificationController.forAllLocalListeners(TaskChangeNotificationController.java:343)
06-21 18:05:43.066  1647  4088 E TaskChangeNotificationController: 	at com.android.server.wm.TaskChangeNotificationController.notifyTaskDescriptionChanged(TaskChangeNotificationController.java:457)
06-21 18:05:43.066  1647  4088 E TaskChangeNotificationController: 	at com.android.server.wm.Task.updateTaskDescription(Task.java:2649)
06-21 18:05:43.066  1647  4088 E TaskChangeNotificationController: 	at com.android.server.wm.ActivityRecord.setTaskDescription(ActivityRecord.java:7752)
06-21 18:05:43.066  1647  4088 E TaskChangeNotificationController: 	at com.android.server.wm.ActivityClientController.setTaskDescription(ActivityClientController.java:1177)
06-21 18:05:43.066  1647  4088 E TaskChangeNotificationController: 	at android.app.IActivityClientController$Stub.onTransact(IActivityClientController.java:951)
06-21 18:05:43.066  1647  4088 E TaskChangeNotificationController: 	at com.android.server.wm.ActivityClientController.onTransact(ActivityClientController.java:138)
06-21 18:05:43.066  1647  4088 E TaskChangeNotificationController: 	at android.os.Binder.execTransactInternal(Binder.java:1186)
06-21 18:05:43.066  1647  4088 E TaskChangeNotificationController: 	at android.os.Binder.execTransact(Binder.java:1150)
06-21 18:05:43.068  4326  4326 I OverScrollerOptimization: start init SmartSlideOverScroller and get the overscroller config
06-21 18:05:43.068  4326  4326 I OverScrollerOptimization: get the overscroller config
06-21 18:05:43.069   809  1531 E peq_android: volume index exceed range: 65535
06-21 18:05:43.076  4326  4326 D BitmapMonitor: dumpJavaStack: main
06-21 18:05:43.076  4326  4326 D BitmapMonitor: dumpJavaStack: main
06-21 18:05:43.076  4326  4326 D BitmapMonitor: 	at android.graphics.ImageDecoder.nDecodeBitmap(ImageDecoder.java:-2)
06-21 18:05:43.076  4326  4326 D BitmapMonitor: 	at android.graphics.ImageDecoder.decodeBitmapInternal(ImageDecoder.java:1720)
06-21 18:05:43.076  4326  4326 D BitmapMonitor: 	at android.graphics.ImageDecoder.decodeDrawableImpl(ImageDecoder.java:1803)
06-21 18:05:43.076  4326  4326 D BitmapMonitor: 	at android.graphics.ImageDecoder.decodeDrawable(ImageDecoder.java:1759)
06-21 18:05:43.076  4326  4326 D BitmapMonitor: 	at android.content.res.ResourcesImpl.decodeImageDrawable(ResourcesImpl.java:1216)
06-21 18:05:43.076  4326  4326 D BitmapMonitor: 	at android.content.res.ResourcesImpl.loadDrawableForCookie(ResourcesImpl.java:1298)
06-21 18:05:43.076  4326  4326 D BitmapMonitor: 	at android.content.res.ResourcesImpl.loadDrawable(ResourcesImpl.java:1057)
06-21 18:05:43.076  4326  4326 D BitmapMonitor: 	at android.content.res.Resources.loadDrawable(Resources.java:1087)
06-21 18:05:43.076  4326  4326 D BitmapMonitor: 	at android.content.res.TypedArray.getDrawableForDensity(TypedArray.java:1196)
06-21 18:05:43.076  4326  4326 D BitmapMonitor: 	at android.content.res.TypedArray.getDrawable(TypedArray.java:1171)
06-21 18:05:43.076  4326  4326 D BitmapMonitor: 	at android.widget.ImageView.<init>(ImageView.java:237)
06-21 18:05:43.076  4326  4326 D BitmapMonitor: 	at android.widget.ImageView.<init>(ImageView.java:223)
06-21 18:05:43.076  4326  4326 D BitmapMonitor: 	at androidx.appcompat.widget.AppCompatImageView.<init>(AppCompatImageView.java:78)
06-21 18:05:43.076  4326  4326 D BitmapMonitor: 	at skin.support.widget.SkinCompatImageView.<init>(SkinCompatImageView.java:26)
06-21 18:05:43.076  4326  4326 D BitmapMonitor: 	at skin.support.widget.SkinCompatImageView.<init>(SkinCompatImageView.java:22)
06-21 18:05:43.076  4326  4326 D BitmapMonitor: 	at skin.support.app.SkinAppCompatViewInflater.createViewFromFV(SkinAppCompatViewInflater.java:81)
06-21 18:05:43.076  4326  4326 D BitmapMonitor: 	at skin.support.app.SkinAppCompatViewInflater.createView(SkinAppCompatViewInflater.java:51)
06-21 18:05:43.076  4326  4326 D BitmapMonitor: 	at skin.support.app.SkinCompatViewInflater.createViewFromInflater(SkinCompatViewInflater.java:78)
06-21 18:05:43.076  4326  4326 D BitmapMonitor: 	at skin.support.app.SkinCompatViewInflater.createView(SkinCompatViewInflater.java:47)
06-21 18:05:43.076  4326  4326 D BitmapMonitor: 	at skin.support.app.SkinCompatDelegate.createView(SkinCompatDelegate.java:70)
06-21 18:05:43.076  4326  4326 D BitmapMonitor: 	at skin.support.app.SkinCompatDelegate.onCreateView(SkinCompatDelegate.java:31)
06-21 18:05:43.076  4326  4326 D BitmapMonitor: 	at android.view.LayoutInflater.tryCreateView(LayoutInflater.java:1075)
06-21 18:05:43.076  4326  4326 D BitmapMonitor: 	at android.view.LayoutInflater.createViewFromTag(LayoutInflater.java:1011)
06-21 18:05:43.076  4326  4326 D BitmapMonitor: 	at android.view.LayoutInflater.createViewFromTag(LayoutInflater.java:975)
06-21 18:05:43.076  4326  4326 D BitmapMonitor: 	at android.view.LayoutInflater.rInflate(LayoutInflater.java:1137)
06-21 18:05:43.076  4326  4326 D BitmapMonitor: 	at android.view.LayoutInflater.rInflateChildren(LayoutInflater.java:1098)
06-21 18:05:43.076  4326  4326 D BitmapMonitor: 	at android.view.LayoutInflater.inflate(LayoutInflater.java:696)
06-21 18:05:43.076  4326  4326 D BitmapMonitor: 	at android.view.LayoutInflater.inflate(LayoutInflater.java:540)
06-21 18:05:43.076  4326  4326 D BitmapMonitor: 	at com.android.internal.policy.HwPhoneLayoutInflater.inflate(HwPhoneLayoutInflater.java:138)
06-21 18:05:43.076  4326  4326 D BitmapMonitor: 	at android.view.LayoutInflater.inflate(LayoutInflater.java:487)
06-21 18:05:43.076  4326  4326 D BitmapMonitor: 	at android.view.View.inflate(View.java:28252)
06-21 18:05:43.076  4326  4326 D BitmapMonitor: 	at cn.missevan.library.view.widget.emptyview.SearchEmptyView.<init>(SearchEmptyView.kt:36)
06-21 18:05:43.076  4326  4326 D BitmapMonitor: 	at cn.missevan.library.view.widget.emptyview.SearchEmptyView.<init>(SearchEmptyView.kt:26)
06-21 18:05:43.076  4326  4326 D BitmapMonitor: 	at cn.missevan.library.view.widget.emptyview.SearchEmptyView.<init>(null:11)
06-21 18:05:43.076  4326  4326 D BitmapMonitor: 	at java.lang.reflect.Constructor.newInstance0(Constructor.java:-2)
06-21 18:05:43.076  4326  4326 D BitmapMonitor: 	at java.lang.reflect.Constructor.newInstance(Constructor.java:343)
06-21 18:05:43.076  4326  4326 D BitmapMonitor: 	at skin.support.app.SkinCompatViewInflater.createView(SkinCompatViewInflater.java:157)
06-21 18:05:43.076  4326  4326 D BitmapMonitor: 	at skin.support.app.SkinCompatViewInflater.createViewFromTag(SkinCompatViewInflater.java:106)
06-21 18:05:43.076  4326  4326 D BitmapMonitor: 	at skin.support.app.SkinCompatViewInflater.createView(SkinCompatViewInflater.java:51)
06-21 18:05:43.076  4326  4326 D BitmapMonitor: 	at skin.support.app.SkinCompatDelegate.createView(SkinCompatDelegate.java:70)
06-21 18:05:43.076  4326  4326 D BitmapMonitor: 	at skin.support.app.SkinCompatDelegate.onCreateView(SkinCompatDelegate.java:31)
06-21 18:05:43.076  4326  4326 D BitmapMonitor: 	at android.view.LayoutInflater$FactoryMerger.onCreateView(LayoutInflater.java:246)
06-21 18:05:43.076  4326  4326 D BitmapMonitor: 	at android.view.LayoutInflater.tryCreateView(LayoutInflater.java:1075)
06-21 18:05:43.076  4326  4326 D BitmapMonitor: 	at android.view.LayoutInflater.createViewFromTag(LayoutInflater.java:1011)
06-21 18:05:43.076  4326  4326 D BitmapMonitor: 	at android.view.LayoutInflater.createViewFromTag(LayoutInflater.java:975)
06-21 18:05:43.076  4326  4326 D BitmapMonitor: 	at android.view.LayoutInflater.rInflate(LayoutInflater.java:1137)
06-21 18:05:43.076  4326  4326 D BitmapMonitor: 	at android.view.LayoutInflater.rInflateChildren(LayoutInflater.java:1098)
06-21 18:05:43.076  4326  4326 D BitmapMonitor: 	at android.view.LayoutInflater.inflate(LayoutInflater.java:696)
06-21 18:05:43.076  4326  4326 D BitmapMonitor: 	at android.view.LayoutInflater.inflate(LayoutInflater.java:540)
06-21 18:05:43.076  4326  4326 D BitmapMonitor: 	at com.android.internal.policy.HwPhoneLayoutInflater.inflate(HwPhoneLayoutInflater.java:138)
06-21 18:05:43.076  4326  4326 D BitmapMonitor: 	at cn.missevan.databinding.FragmentCollectionNewBinding.inflate(FragmentCollectionNewBinding.java:103)
06-21 18:05:43.076  4326  4326 D BitmapMonitor: 	at java.lang.reflect.Method.invoke(Method.java:-2)
06-21 18:05:43.076  4326  4326 D BitmapMonitor: 	at cn.missevan.lib.utils.viewbinding.viewbind.FragmentViewBinding.getValue(FragmentViewBinding.kt:50)
06-21 18:05:43.076  4326  4326 D BitmapMonitor: 	at cn.missevan.library.fragment.BaseFragment.getBinding(BaseFragment.kt:42)
06-21 18:05:43.076  4326  4326 D BitmapMonitor: 	at cn.missevan.library.fragment.BaseFragment.onCreateView(BaseFragment.kt:52)
06-21 18:05:43.076  4326  4326 D BitmapMonitor: 	at androidx.fragment.app.Fragment.performCreateView(Fragment.java:3104)
06-21 18:05:43.076  4326  4326 D BitmapMonitor: 	at androidx.fragment.app.FragmentStateManager.createView(FragmentStateManager.java:524)
06-21 18:05:43.076  4326  4326 D BitmapMonitor: 	at androidx.fragment.app.FragmentStateManager.moveToExpectedState(FragmentStateManager.java:261)
06-21 18:05:43.076  4326  4326 D BitmapMonitor: 	at androidx.fragment.app.FragmentManager.executeOpsTogether(FragmentManager.java:1899)
06-21 18:05:43.076  4326  4326 D BitmapMonitor: 	at androidx.fragment.app.FragmentManager.removeRedundantOperationsAndExecute(FragmentManager.java:1817)
06-21 18:05:43.076  4326  4326 D BitmapMonitor: 	at androidx.fragment.app.FragmentManager.execPendingActions(FragmentManager.java:1760)
06-21 18:05:43.076  4326  4326 D BitmapMonitor: 	at androidx.fragment.app.FragmentManager$5.run(FragmentManager.java:547)
06-21 18:05:43.076  4326  4326 D BitmapMonitor: 	at android.os.Handler.handleCallback(Handler.java:966)
06-21 18:05:43.076  4326  4326 D BitmapMonitor: 	at android.os.Handler.dispatchMessage(Handler.java:110)
06-21 18:05:43.076  4326  4326 D BitmapMonitor: 	at android.os.Looper.loopOnce(Looper.java:205)
06-21 18:05:43.076  4326  4326 D BitmapMonitor: 	at android.os.Looper.loop(Looper.java:293)
06-21 18:05:43.076  4326  4326 D BitmapMonitor: 	at android.app.ActivityThread.main(ActivityThread.java:9596)
06-21 18:05:43.076  4326  4326 D BitmapMonitor: 	at java.lang.reflect.Method.invoke(Method.java:-2)
06-21 18:05:43.076  4326  4326 D BitmapMonitor: 	at com.android.internal.os.RuntimeInit$MethodAndArgsCaller.run(RuntimeInit.java:586)
06-21 18:05:43.076  4326  4326 D BitmapMonitor: 	at com.android.internal.os.ZygoteInit.main(ZygoteInit.java:1204)
06-21 18:05:43.076  4326  4326 I bitmap_monitor: restore_image, width: 405, height: 357, /storage/emulated/0/Android/data/cn.missevan/files/bitmap_monitor/restore_405_357_1687341943076.bmp
06-21 18:05:43.076  4326  4326 I bitmap_monitor: record_bitmap_allocated >>> width: 405, height: 357, stride: 1620, bit_per_pixel: 4,  allocation_byte_count: 578340, format: 1
06-21 18:05:43.080  4326  4326 I bitmap_monitor: record_bitmap_allocated >>> width: 24, height: 48, stride: 96, bit_per_pixel: 4,  allocation_byte_count: 4608, format: 1
06-21 18:05:43.084  4326  4326 D BitmapMonitor: dumpJavaStack: main
06-21 18:05:43.084  4326  4326 D BitmapMonitor: dumpJavaStack: main
06-21 18:05:43.084  4326  4326 D BitmapMonitor: 	at android.graphics.ImageDecoder.nDecodeBitmap(ImageDecoder.java:-2)
06-21 18:05:43.084  4326  4326 D BitmapMonitor: 	at android.graphics.ImageDecoder.decodeBitmapInternal(ImageDecoder.java:1720)
06-21 18:05:43.084  4326  4326 D BitmapMonitor: 	at android.graphics.ImageDecoder.decodeDrawableImpl(ImageDecoder.java:1803)
06-21 18:05:43.084  4326  4326 D BitmapMonitor: 	at android.graphics.ImageDecoder.decodeDrawable(ImageDecoder.java:1759)
06-21 18:05:43.084  4326  4326 D BitmapMonitor: 	at android.content.res.ResourcesImpl.decodeImageDrawable(ResourcesImpl.java:1216)
06-21 18:05:43.084  4326  4326 D BitmapMonitor: 	at android.content.res.ResourcesImpl.loadDrawableForCookie(ResourcesImpl.java:1298)
06-21 18:05:43.084  4326  4326 D BitmapMonitor: 	at android.content.res.ResourcesImpl.loadDrawable(ResourcesImpl.java:1057)
06-21 18:05:43.084  4326  4326 D BitmapMonitor: 	at android.content.res.Resources.loadDrawable(Resources.java:1087)
06-21 18:05:43.084  4326  4326 D BitmapMonitor: 	at android.content.res.Resources.getDrawableForDensity(Resources.java:1077)
06-21 18:05:43.084  4326  4326 D BitmapMonitor: 	at android.content.res.Resources.getDrawable(Resources.java:1016)
06-21 18:05:43.084  4326  4326 D BitmapMonitor: 	at android.content.Context.getDrawable(Context.java:753)
06-21 18:05:43.084  4326  4326 D BitmapMonitor: 	at androidx.core.content.ContextCompat$Api21Impl.getDrawable(ContextCompat.java:1012)
06-21 18:05:43.084  4326  4326 D BitmapMonitor: 	at androidx.core.content.ContextCompat.getDrawable(ContextCompat.java:522)
06-21 18:05:43.084  4326  4326 D BitmapMonitor: 	at cn.missevan.library.view.widget.emptyview.SearchEmptyView.setErrorImg(SearchEmptyView.kt:62)
06-21 18:05:43.084  4326  4326 D BitmapMonitor: 	at cn.missevan.view.fragment.listen.collection.NewCollectionFragment.bindView(NewCollectionFragment.kt:127)
06-21 18:05:43.084  4326  4326 D BitmapMonitor: 	at cn.missevan.library.fragment.BaseFragment.onCreateView(BaseFragment.kt:53)
06-21 18:05:43.084  4326  4326 D BitmapMonitor: 	at androidx.fragment.app.Fragment.performCreateView(Fragment.java:3104)
06-21 18:05:43.084  4326  4326 D BitmapMonitor: 	at androidx.fragment.app.FragmentStateManager.createView(FragmentStateManager.java:524)
06-21 18:05:43.084  4326  4326 D BitmapMonitor: 	at androidx.fragment.app.FragmentStateManager.moveToExpectedState(FragmentStateManager.java:261)
06-21 18:05:43.084  4326  4326 D BitmapMonitor: 	at androidx.fragment.app.FragmentManager.executeOpsTogether(FragmentManager.java:1899)
06-21 18:05:43.084  4326  4326 D BitmapMonitor: 	at androidx.fragment.app.FragmentManager.removeRedundantOperationsAndExecute(FragmentManager.java:1817)
06-21 18:05:43.084  4326  4326 D BitmapMonitor: 	at androidx.fragment.app.FragmentManager.execPendingActions(FragmentManager.java:1760)
06-21 18:05:43.084  4326  4326 D BitmapMonitor: 	at androidx.fragment.app.FragmentManager$5.run(FragmentManager.java:547)
06-21 18:05:43.084  4326  4326 D BitmapMonitor: 	at android.os.Handler.handleCallback(Handler.java:966)
06-21 18:05:43.084  4326  4326 D BitmapMonitor: 	at android.os.Handler.dispatchMessage(Handler.java:110)
06-21 18:05:43.084  4326  4326 D BitmapMonitor: 	at android.os.Looper.loopOnce(Looper.java:205)
06-21 18:05:43.084  4326  4326 D BitmapMonitor: 	at android.os.Looper.loop(Looper.java:293)
06-21 18:05:43.084  4326  4326 D BitmapMonitor: 	at android.app.ActivityThread.main(ActivityThread.java:9596)
06-21 18:05:43.084  4326  4326 D BitmapMonitor: 	at java.lang.reflect.Method.invoke(Method.java:-2)
06-21 18:05:43.084  4326  4326 D BitmapMonitor: 	at com.android.internal.os.RuntimeInit$MethodAndArgsCaller.run(RuntimeInit.java:586)
06-21 18:05:43.084  4326  4326 D BitmapMonitor: 	at com.android.internal.os.ZygoteInit.main(ZygoteInit.java:1204)
06-21 18:05:43.084  4326  4326 I bitmap_monitor: restore_image, width: 405, height: 357, /storage/emulated/0/Android/data/cn.missevan/files/bitmap_monitor/restore_405_357_1687341943084.bmp
06-21 18:05:43.084  4326  4326 I bitmap_monitor: record_bitmap_allocated >>> width: 405, height: 357, stride: 1620, bit_per_pixel: 4,  allocation_byte_count: 578340, format: 1
06-21 18:05:43.087  4326  4326 I OverScrollerOptimization: start init SmartSlideOverScroller and get the overscroller config
06-21 18:05:43.087  4326  4326 I OverScrollerOptimization: get the overscroller config
06-21 18:05:43.089   809  1531 E peq_android: volume index exceed range: 65535
06-21 18:05:43.089   809  1531 I asd_out_fwk: process 1 data is null 240000
06-21 18:05:43.096  4326  4326 I NewCollectionFragment: [main] onStart
06-21 18:05:43.097  4326  4326 I MainFragment: [main] onSupportInvisible
06-21 18:05:43.097  4326  4326 I ListenFragment: [main] onSupportInvisible
06-21 18:05:43.097  4326  4326 I MissEvanBitmapMonitor: [main] clearCurrentScene: ListenFragment
06-21 18:05:43.098  4326  4326 I NewCollectionFragment: [main] onResume
06-21 18:05:43.099  4326  4326 I Banner  : [main] banner pause loop
06-21 18:05:43.099  4326  4326 I Banner  : [main] banner pause loop
06-21 18:05:43.109   809  1531 E peq_android: volume index exceed range: 65535
06-21 18:05:43.118  4326  4326 I DecorView: navBarColor: ffffffff statusBarColor: 0 statusInsets: Insets{left=0, top=72, right=0, bottom=0} navInsets: Insets{left=0, top=0, right=0, bottom=0}
06-21 18:05:43.118  4326  4326 I DecorView: updateColorViewInt type:1 size: 0 showView:false color:ffffffff
06-21 18:05:43.118  4326  4326 I DecorView: updateColorViewInt type:0 size: 72 showView:false color:0
06-21 18:05:43.129   809  1531 E peq_android: volume index exceed range: 65535
06-21 18:05:43.130  1647  2293 I WifiNl80211Manager: Noise: -67, Snr: 37, Chload: 515, rssi: -29, txBitrate: 400, rxBitrate: 400, frequency: 5745, UlDelay: 0, currentTxBytes: 7240425, currentTxPackets: 54586, currentTxFailed: 0, currentRxBytes: -60273491, currentRxPackets: 312297
06-21 18:05:43.130  1647  2293 V HwWifiServiceFactory: get AllImpl object = com.android.server.wifi.HwWifiServiceFactoryImpl@6e396b3
06-21 18:05:43.137  4326  4326 W View    : requestLayout() improperly called by skin.support.widget.SkinCompatLinearLayout{e0ec779 V.E...... ......ID 0,240-1176,681 #7f0b09c0 app:id/ll_parent} during layout: running second layout pass
06-21 18:05:43.138  4326  4326 W View    : requestLayout() improperly called by skin.support.widget.SkinCompatTextView{ce97b42 V.ED..... ......ID 108,24-288,85 #7f0b118b app:id/tvTitle} during layout: running second layout pass
06-21 18:05:43.146  4326  4326 I HwViewRootImpl: removeInvalidNode all the node in jank list is out of time
06-21 18:05:43.146  1267  1486 E ScreemCommon: fail to extract lcd fps mode!
06-21 18:05:43.147  4326  4326 I NewCollectionFragment: [main] onSupportVisible
06-21 18:05:43.148  4326  4326 I MissEvanBitmapMonitor: [main] setCurrentScene: NewCollectionFragment
06-21 18:05:43.149   809  1531 E peq_android: volume index exceed range: 65535
06-21 18:05:43.150  6402  6437 W QueryController: Could not detect idle state.
06-21 18:05:43.151  6402  6437 I appium  : AppiumResponse: {"sessionId":"28170ecc-34c1-4d7f-92dc-f28f571641cb","value":null}
06-21 18:05:43.160  1267  1486 W ScreemCommon: ProcessEntry, not beta version or commercial log off
06-21 18:05:43.166  6402  6437 I appium  : channel read: POST /wd/hub/session/28170ecc-34c1-4d7f-92dc-f28f571641cb/element
06-21 18:05:43.166  6402  6437 I appium  : FindElement command
06-21 18:05:43.167  6402  6437 I appium  : method: 'id', selector: 'cn.missevan:id/iv_create'
06-21 18:05:43.167  6402  6437 I appium  : Waiting up to 100ms for the device to idle
06-21 18:05:43.169   809  1531 E peq_android: volume index exceed range: 65535
06-21 18:05:43.189   809  1531 E peq_android: volume index exceed range: 65535
06-21 18:05:43.209   809  1531 E peq_android: volume index exceed range: 65535
06-21 18:05:43.229  4326  6017 I RecordRequestTimeInterceptor: [RxCachedThreadScheduler-18] HTTP request: [2023-06-21T10:05:43.195Z] POST https://data.missevan.com/statistics/collect-events 200 31ms 0
06-21 18:05:43.229   809  1531 E peq_android: volume index exceed range: 65535
06-21 18:05:43.249   809  1531 E peq_android: volume index exceed range: 65535
06-21 18:05:43.269   809  1531 E peq_android: volume index exceed range: 65535
06-21 18:05:43.289   809  1531 E peq_android: volume index exceed range: 65535
06-21 18:05:43.310   809  1531 E peq_android: volume index exceed range: 65535
06-21 18:05:43.329   809  1531 E peq_android: volume index exceed range: 65535
06-21 18:05:43.349  6402  6437 W QueryController: Could not detect idle state.
06-21 18:05:43.350   809  1531 E peq_android: volume index exceed range: 65535
06-21 18:05:43.369   809  1531 E peq_android: volume index exceed range: 65535
06-21 18:05:43.389   809  1531 E peq_android: volume index exceed range: 65535
06-21 18:05:43.392  2124  2124 W HIGNSS  : LS:[LSQ_SOLUTION] satellite num: 0 < 4
06-21 18:05:43.393  2124  2124 W HIGNSS  : CHR:[TCXO-BIAS-CHANGE] time: 6, cnt: 6, valid: 0, freq_bias:0.000000, tempr:0.000000, sats_num: 0, qop: 0
06-21 18:05:43.393  2124  2124 W HIGNSS  : MSBCFG:GetLostTrkTimeIntervalPointer g_lostTrkMap 2 is NULL
06-21 18:05:43.393  2124  2124 W HIGNSS  : MSBCFG:GetLostTrkTimeIntervalPointer g_lostTrkMap 9 is NULL
06-21 18:05:43.393  2124  2124 W HIGNSS  : MSBCFG:GetLostTrkTimeIntervalPointer g_lostTrkMap 10 is NULL
06-21 18:05:43.393  2124  2124 W HIGNSS  : MSBCFG:GetLostTrkTimeIntervalPointer g_lostTrkMap 11 is NULL
06-21 18:05:43.393  2124  2124 W HIGNSS  : MSBCFG:GetLostTrkTimeIntervalPointer g_lostTrkMap 12 is NULL
06-21 18:05:43.394  2124  2124 W HIGNSS  : FUS:fusion results invalid, flag = 0!
06-21 18:05:43.395  2124  2124 W HIGNSS  : PE_CDPP:[NORMAL]location check failed, cdpp can not be done!
06-21 18:05:43.395  2124  2124 W HIGNSS  : PE_MSA:[MSA_SELECT]the num of sat can be reported is less than 4, report all valid data!
06-21 18:05:43.395  2124  2124 W HIGNSS  : PE_MSA:[MSA-DOPPLER]No location and no acq data, not do doppler consistence!
06-21 18:05:43.395  2124  2124 W HIGNSS  : PE_MSA:[MSA-REPORT] no gnss msr data to be report!
06-21 18:05:43.396  2124  2124 E HIGNSS  : PE_MGR:g_sendPvtInfo is null!
06-21 18:05:43.396  2124  2173 W HIGNSS  : CTL:can't find dst, 0x11110021
06-21 18:05:43.399 17015  1646 D BufferPoolAccessor2.0: bufferpool2 0xb400006e0cd48e28 : 5(40960 size) total buffers - 4(32768 size) used buffers - 2509/2524 (recycle/alloc) - 36/2511 (fetch/transfer)
06-21 18:05:43.410   809  1531 E peq_android: volume index exceed range: 65535
06-21 18:05:43.425  1647  1723 D ZrHung.AppEyeTransparentWindow: handleMessage CHECK_TRANS_WINDOW_ERROR_MSG
06-21 18:05:43.429  1647  4088 V ActivityTaskManager: Activity idle: ActivityRecord{6f0769c u0 cn.missevan/.activity.MainActivity t93}
06-21 18:05:43.430   809  1531 E peq_android: volume index exceed range: 65535
06-21 18:05:43.433  1647  2879 W AwareLog: AwareMem_Reclaim: generateCompressList procsGroups error!
06-21 18:05:43.433  1241  1254 D hwpged  : HibSTrategy::HibStrategySwapCandidateProcessAdd packageName io.appium.uiautomator2.server
06-21 18:05:43.435  2673  3878 I PGServer: getTopFrontApp. calling pkg: android
06-21 18:05:43.439  2632 26222 I HwCommBoosterService: reportBoosterPara enter
06-21 18:05:43.439  2632 26222 I HwCommBoosterManager: reportBoosterPara enter
06-21 18:05:43.439  2632 26222 I HwCommBoosterManager: pluginId: 8
06-21 18:05:43.439  2632  2998 I HwCommBoosterManager: handleBoosterMessageSendModuleDataToPlugin enter
06-21 18:05:43.439  2632  5243 D LteRecoveryEngine: UnRecoverState processMessage UPDATE_PS_SLOW_VALUE
06-21 18:05:43.450   809  1531 E peq_android: volume index exceed range: 65535
06-21 18:05:43.459   812   812 I SurfaceFlinger: onMessageRefresh: present start
06-21 18:05:43.462   812   812 I SurfaceFlinger: onMessageRefresh: postComposition end
06-21 18:05:43.470   809  1531 E peq_android: volume index exceed range: 65535
06-21 18:05:43.485  6402  6437 I appium  : AppiumResponse: {"sessionId":"28170ecc-34c1-4d7f-92dc-f28f571641cb","value":{"error":"no such element","message":"An element could not be located on the page using the given search parameters","stacktrace":"io.appium.uiautomator2.common.exceptions.ElementNotFoundException: An element could not be located on the page using the given search parameters\n\tat io.appium.uiautomator2.handler.FindElement.safeHandle(FindElement.java:70)\n\tat io.appium.uiautomator2.handler.request.SafeRequestHandler.handle(SafeRequestHandler.java:59)\n\tat io.appium.uiautomator2.server.AppiumServlet.handleRequest(AppiumServlet.java:266)\n\tat io.appium.uiautomator2.server.AppiumServlet.handleHttpRequest(AppiumServlet.java:260)\n\tat io.appium.uiautomator2.http.ServerHandler.channelRead(ServerHandler.java:68)\n\tat io.netty.channel.AbstractChannelHandlerContext.invokeChannelRead(AbstractChannelHandlerContext.java:366)\n\tat io.netty.channel.AbstractChannelHandlerContext.invokeChannelRead(AbstractChannelHandlerContext.java:352)\n\tat io.netty.channel.AbstractChannelHandlerContext.fireChannelRead(AbstractChannelHandlerContext.java:345)\n\tat io.netty.handler.codec.MessageToMessageDecoder.channelRead(MessageToMessageDecoder.java:102)\n\tat io.netty.channel.AbstractChannelHandlerContext.invokeChannelRead(AbstractChannelHandlerContext.java:366)\n\tat io.netty.channel.AbstractChannelHandlerContext.invokeChannelRead(AbstractChannelHandlerContext.java:352)\n\tat io.netty.channel.AbstractChannelHandlerContext.fireChannelRead(AbstractChannelHandlerContext.java:345)\n\tat io.netty.channel.CombinedChannelDuplexHandler$DelegatingChannelHandlerContext.fireChannelRead(CombinedChannelDuplexHandler.java:435)\n\tat io.netty.handler.codec.ByteToMessageDecoder.fireChannelRead(ByteToMessageDecoder.java:293)\n\tat io.netty.handler.codec.ByteToMessageDecoder.channelRead(ByteToMessageDecoder.java:267)\n\tat io.netty.channel.CombinedChannelDuplexHandler.channelRead(CombinedChannelDuplexHandler.java:250)\n\tat io.netty.channel.AbstractChannelHandlerContext.invokeChannelRead(AbstractChannelHandlerContext.java:366)\n\tat io.netty.channel.AbstractChannelHandlerContext.invokeChannelRead(AbstractChannelHandlerContext.java:352)\n\tat io.netty.channel.AbstractChannelHandlerContext.fireChannelRead(AbstractChannelHandlerContext.java:345)\n\tat io.netty.handler.timeout.IdleStateHandler.channelRead(IdleStateHandler.java:266)\n\tat io.netty.channel.AbstractChannelHandlerContext.invokeChannelRead(AbstractChannelHandlerContext.java:366)\n\tat io.netty.channel.AbstractChannelHandlerContext.invokeChannelRead(AbstractChannelHandlerContext.java:352)\n\tat io.netty.channel.AbstractChannelHandlerContext.fireChannelRead(AbstractChannelHandlerContext.java:345)\n\tat io.netty.channel.DefaultChannelPipeline$HeadContext.channelRead(DefaultChannelPipeline.java:1294)\n\tat io.netty.channel.AbstractChannelHandlerContext.invokeChannelRead(AbstractChannelHandlerContext.java:366)\n\tat io.netty.channel.AbstractChannelHandlerContext.invokeChannelRead(AbstractChannelHandlerContext.java:352)\n\tat io.netty.channel.DefaultChannelPipeline.fireChannelRead(DefaultChannelPipeline.java:911)\n\tat io.netty.channel.nio.AbstractNioByteChannel$NioByteUnsafe.read(AbstractNioByteChannel.java:131)\n\tat io.netty.channel.nio.NioEventLoop.processSelectedKey(NioEventLoop.java:611)\n\tat io.netty.channel.nio.NioEventLoop.processSelectedKeysOptimized(NioEventLoop.java:552)\n\tat io.netty.channel.nio.NioEventLoop.processSelectedKeys(NioEventLoop.java:466)\n\tat io.netty.channel.nio.NioEventLoop.run(NioEventLoop.java:438)\n\tat io.netty.util.concurrent.SingleThreadEventExecutor$2.run(SingleThreadEventExecutor.java:140)\n\tat io.netty.util.concurrent.DefaultThreadFactory$DefaultRunnableDecorator.run(DefaultThreadFactory.java:144)\n\tat java.lang.Thread.run(Thread.java:930)\n"}}
06-21 18:05:43.489   809  1531 E peq_android: volume index exceed range: 65535
06-21 18:05:43.493  4326  6013 I RecordRequestTimeInterceptor: [RxCachedThreadScheduler-13] HTTP request: [2023-06-21T10:05:43.416Z] GET https://app.missevan.com/person/get-user-like?user_id=9158739&page=1&page_size=1 200 74ms 0
06-21 18:05:43.498  4326  6016 I RecordRequestTimeInterceptor: [RxCachedThreadScheduler-17] HTTP request: [2023-06-21T10:05:43.415Z] GET https://app.missevan.com/person/get-user-album?user_id=9158739&page=1&page_size=1000 200 67ms 0
06-21 18:05:43.509   809  1531 E peq_android: volume index exceed range: 65535
06-21 18:05:43.510  1241  3867 D AwareLog: HiberManagerService::DoReclaim ok, pid=6402, reclaimMode=hiber_anon
06-21 18:05:43.510  1241  3867 D AwareLog: GetReclaimResult:reclaimKb=17560, swapKb=17580, swapUs=74102
06-21 18:05:43.510  1241  3867 D hwpged  : HibStrategy::HibStrategySwapCandidateProcessRemove packageName is io.appium.uiautomator2.server
06-21 18:05:43.511  1241  3867 D AwareLog: HiberManagerService::SendMessageToHiberTask successful
06-21 18:05:43.511  1241  1254 D hwpged  : HibSTrategy::HibStrategySwapCandidateProcessAdd packageName io.appium.settings
06-21 18:05:43.512  4326  4326 D BitmapMonitor: dumpJavaStack: main
06-21 18:05:43.512  2673  3878 I PGServer: getTopFrontApp. calling pkg: android
06-21 18:05:43.512  4326  4326 D BitmapMonitor: dumpJavaStack: main
06-21 18:05:43.512  4326  4326 D BitmapMonitor: 	at android.graphics.ImageDecoder.nDecodeBitmap(ImageDecoder.java:-2)
06-21 18:05:43.512  4326  4326 D BitmapMonitor: 	at android.graphics.ImageDecoder.decodeBitmapInternal(ImageDecoder.java:1720)
06-21 18:05:43.512  4326  4326 D BitmapMonitor: 	at android.graphics.ImageDecoder.decodeDrawableImpl(ImageDecoder.java:1803)
06-21 18:05:43.512  4326  4326 D BitmapMonitor: 	at android.graphics.ImageDecoder.decodeDrawable(ImageDecoder.java:1759)
06-21 18:05:43.512  4326  4326 D BitmapMonitor: 	at android.content.res.ResourcesImpl.decodeImageDrawable(ResourcesImpl.java:1216)
06-21 18:05:43.512  4326  4326 D BitmapMonitor: 	at android.content.res.ResourcesImpl.loadDrawableForCookie(ResourcesImpl.java:1298)
06-21 18:05:43.512  4326  4326 D BitmapMonitor: 	at android.content.res.ResourcesImpl.loadDrawable(ResourcesImpl.java:1057)
06-21 18:05:43.512  4326  4326 D BitmapMonitor: 	at android.content.res.Resources.loadDrawable(Resources.java:1087)
06-21 18:05:43.512  4326  4326 D BitmapMonitor: 	at android.content.res.Resources.getDrawableForDensity(Resources.java:1077)
06-21 18:05:43.512  4326  4326 D BitmapMonitor: 	at android.content.res.Resources.getDrawable(Resources.java:1016)
06-21 18:05:43.512  4326  4326 D BitmapMonitor: 	at android.content.Context.getDrawable(Context.java:753)
06-21 18:05:43.512  4326  4326 D BitmapMonitor: 	at androidx.core.content.ContextCompat$Api21Impl.getDrawable(ContextCompat.java:1012)
06-21 18:05:43.512  4326  4326 D BitmapMonitor: 	at androidx.core.content.ContextCompat.getDrawable(ContextCompat.java:522)
06-21 18:05:43.512  4326  4326 D BitmapMonitor: 	at androidx.appcompat.widget.ResourceManagerInternal.getDrawable(ResourceManagerInternal.java:149)
06-21 18:05:43.512  4326  4326 D BitmapMonitor: 	at androidx.appcompat.widget.ResourceManagerInternal.getDrawable(ResourceManagerInternal.java:137)
06-21 18:05:43.512  4326  4326 D BitmapMonitor: 	at androidx.appcompat.content.res.AppCompatResources.getDrawable(AppCompatResources.java:66)
06-21 18:05:43.512  4326  4326 D BitmapMonitor: 	at com.bumptech.glide.load.resource.drawable.DrawableDecoderCompat.loadDrawableV7(DrawableDecoderCompat.java:69)
06-21 18:05:43.512  4326  4326 D BitmapMonitor: 	at com.bumptech.glide.load.resource.drawable.DrawableDecoderCompat.getDrawable(DrawableDecoderCompat.java:49)
06-21 18:05:43.512  4326  4326 D BitmapMonitor: 	at com.bumptech.glide.load.resource.drawable.DrawableDecoderCompat.getDrawable(DrawableDecoderCompat.java:40)
06-21 18:05:43.512  4326  4326 D BitmapMonitor: 	at com.bumptech.glide.request.SingleRequest.loadDrawable(SingleRequest.java:423)
06-21 18:05:43.512  4326  4326 D BitmapMonitor: 	at com.bumptech.glide.request.SingleRequest.getPlaceholderDrawable(SingleRequest.java:402)
06-21 18:05:43.512  4326  4326 D BitmapMonitor: 	at com.bumptech.glide.request.SingleRequest.begin(SingleRequest.java:263)
06-21 18:05:43.512  4326  4326 D BitmapMonitor: 	at com.bumptech.glide.manager.RequestTracker.runRequest(RequestTracker.java:41)
