11-17 18:41:23.308  4667  4954 E BoosterUtil: convertSubIdToSlotId failed, subId:0, slotId:-1
11-17 18:41:23.308  4667  4954 E BoosterUtil: getDefaultDataSlotId failed, invalid slotId:-1, subId:0
11-17 18:41:23.541  2220  2220 W HIGNSS  : LS:[LSQ_SOLUTION] satellite num: 0 < 4
11-17 18:41:23.542  2220  2220 W HIGNSS  : CHR:[TCXO-BIAS-CHANGE] time: 114, cnt: 60, valid: 0, freq_bias:0.000000, tempr:0.000000, sats_num: 0, qop: 0
11-17 18:41:23.544  2220  2220 W HIGNSS  : FUS:fusion results invalid, flag = 0!
11-17 18:41:23.544  2220  2220 W HIGNSS  : PE_CDPP:[NORMAL]rcvr int time invalid or acc:60000228036 over 15s!
11-17 18:41:23.545  2220  2220 W HIGNSS  : PE_MSA:[MSA_SELECT]the num of sat can be reported is less than 4, report all valid data!
11-17 18:41:23.545  2220  2220 W HIGNSS  : PE_MSA:[MSA-DOPPLER]No location and no acq data, not do doppler consistence!
11-17 18:41:23.545  2220  2220 W HIGNSS  : PE_MSA:[MSA-REPORT] no gnss msr data to be report!
11-17 18:41:23.547  2220  2287 W HIGNSS  : CTL:can't find dst, 0x11110021
11-17 18:41:23.682  4644  5101 D DeviceMonitorPowerKit: run, sCountNum is 1
11-17 18:41:23.682  4644  5101 D DeviceMonitorPowerKit: interval is 59977, ElapsedRealtime is 574749400, isNeedRepeat: false
11-17 18:41:23.683  4644  5101 E DeviceMonitorPowerKit: not Satify ApplyResource
11-17 18:41:23.792   733   733 W health@2.0-serv: type=1400 audit(0.0:103473): avc: denied { read } for pid=733 name="u:object_r:system_prop:s0" dev="tmpfs" ino=11911 scontext=u:r:hal_health_default:s0 tcontext=u:object_r:system_prop:s0 tclass=file permissive=0
11-17 18:41:23.796   733   733 W health@2.0-serv: type=1400 audit(0.0:103474): avc: denied { write } for pid=733 name="property_service" dev="tmpfs" ino=17333 scontext=u:r:hal_health_default:s0 tcontext=u:object_r:property_socket:s0 tclass=sock_file permissive=0
11-17 18:41:23.798   733   733 E libc    : Access denied finding property "sys.check.usbupdate"
11-17 18:41:23.798   733   733 W libc    : Unable to set property "sys.check.usbupdate" to "start": connection failed; errno=13 (Permission denied)
11-17 18:41:24.337 21552 21609 I HwLBSService HigeoLocationManager: receive onHigeoEventCallback type = 5
11-17 18:41:24.337 21552 21609 I HwLBSService HigeoLocationManager: sendHigeoCallbackEvent, type: 5
11-17 18:41:24.337  4667  4954 E BoosterUtil: convertSubIdToSlotId failed, subId:0, slotId:-1
11-17 18:41:24.337  4667  4954 E BoosterUtil: getDefaultDataSlotId failed, invalid slotId:-1, subId:0
11-17 18:41:24.339  1071  2615 I FusionD : (SetChrData:565):setChrData:19018,18.
11-17 18:41:24.340 21552 21609 I HwLBSService HigeoLocationManager: receive onHigeoEventCallback type = 5
11-17 18:41:24.341 21552 21609 I HwLBSService HigeoLocationManager: sendHigeoCallbackEvent, type: 5
11-17 18:41:24.341  1071  2615 I FusionD : (SetChrData:565):setChrData:19065,3.
11-17 18:41:24.341  2220  2220 W HIGNSS  : PE_MGR:Failed to save pe data item: 0x2c, remainSize: 281964
11-17 18:41:24.343  2220  2220 W HIGNSS  : CHR:910800020, len:12 L5+E5<4 trk:0  L5+E5>=4trk:0
11-17 18:41:24.343  4624  4833 I NcDftChip: NcChipDftEvent receive:NcChipDftEvent{Id=910800020, Length=12, Flag=1}
11-17 18:41:24.343  2220 28779 W HIGNSS  : PE_MGR:[RDDT] forever wait
11-17 18:41:24.344 21552 21609 I HwLBSService HigeoLocationManager: receive onHigeoEventCallback type = 5
11-17 18:41:24.344 21552 21609 I HwLBSService HigeoLocationManager: sendHigeoCallbackEvent, type: 5
11-17 18:41:24.344  1071  2615 I FusionD : (SetChrData:565):setChrData:19034,7.
11-17 18:41:24.345 21552 21609 I HwLBSService HigeoLocationManager: receive onHigeoEventCallback type = 5
11-17 18:41:24.345 21552 21609 I HwLBSService HigeoLocationManager: sendHigeoCallbackEvent, type: 5
11-17 18:41:24.345  4624  4826 E GnssNcChipNative: 910800020 changeDataToObj: 12, 0, 0
11-17 18:41:24.346  4624  4826 D GnssDftHandler: gnss hal error num is = 910800020
11-17 18:41:24.346  1071  2615 I FusionD : (SetChrData:565):setChrData:804106,3.
11-17 18:41:24.346  4624  4827 E HiGeoSessionEvent:  higeo event error : 2
11-17 18:41:24.346  4624  4827 E HiGeoSessionEvent:  higeo event error : 28
11-17 18:41:24.347  4624  4827 E HiGeoSessionEvent:  higeo event error : 7
11-17 18:41:24.347 21552 21609 I HwLBSService HigeoLocationManager: receive onHigeoEventCallback type = 5
11-17 18:41:24.348 21552 21609 I HwLBSService HigeoLocationManager: sendHigeoCallbackEvent, type: 5
11-17 18:41:24.348  1071  2615 I FusionD : (SetChrData:565):setChrData:804107,6.
11-17 18:41:24.349  4624  4827 E HiGeoSessionEvent:  higeo event error : 104
11-17 18:41:24.351  4624  4827 E HiGeoSessionEvent:  higeo event error : 102
11-17 18:41:24.660  4624  4833 I NcDftChip: NcChipDftEvent receive:NcChipDftEvent{Id=909009521, Length=464, Flag=0}
11-17 18:41:24.660  4624  4826 I HotspotComponent: handleChipEvent
11-17 18:41:25.280   681   681 I netd    : trafficSwapActiveStatsMap() <0.97ms>
11-17 18:41:25.358  4667  4954 E BoosterUtil: convertSubIdToSlotId failed, subId:0, slotId:-1
11-17 18:41:25.358  4667  4954 E BoosterUtil: getDefaultDataSlotId failed, invalid slotId:-1, subId:0
11-17 18:41:26.008  2010  4605 D HwConnectivityServiceEx: set 10238 wlan0 value false
11-17 18:41:26.383  4667  4954 E BoosterUtil: convertSubIdToSlotId failed, subId:0, slotId:-1
11-17 18:41:26.383  4667  4954 E BoosterUtil: getDefaultDataSlotId failed, invalid slotId:-1, subId:0
11-17 18:41:26.400   681   681 I netd    : trafficSwapActiveStatsMap() <3.01ms>
11-17 18:41:26.523  4667  6060 I chatty  : uid=1000(system) LteRecoveryEngi expire 12 lines
11-17 18:41:27.275  2010 11971 D HwConnectivityServiceEx: set 1000 wlan0 value false
11-17 18:41:27.339  1047  2874 E Thermal-daemon:ambient: CalcAmbientTemp: median filter output 33246
11-17 18:41:27.339  1047  2874 E Thermal-daemon:ambient: AmbientSample: write temp 33246 to ambient node
11-17 18:41:27.407  4667  4954 E BoosterUtil: convertSubIdToSlotId failed, subId:0, slotId:-1
11-17 18:41:27.408  4667  4954 E BoosterUtil: getDefaultDataSlotId failed, invalid slotId:-1, subId:0
11-17 18:41:27.590  2010  2752 I HwBatteryService: power_ui state= 1 mQuickChargeStatus=1
11-17 18:41:27.590  2010  2752 I HwBatteryService: handleWirelessTxStatus
11-17 18:41:27.590  2010  2752 I HwBatteryService: switch not open, return, mWirelessTxFlag : 0
11-17 18:41:27.590  2010  2752 W HwBatteryService: need return. Invalid value: 0
11-17 18:41:27.591  2010  2752 D HwBatteryService: setHwChargeTimeRemaining, time = -1 String time: 0
11-17 18:41:27.592  2010  2752 I HwBatteryService: IS_WATCH : false
11-17 18:41:27.600   733   733 W health@2.0-serv: type=1400 audit(0.0:103475): avc: denied { read } for pid=733 name="u:object_r:system_prop:s0" dev="tmpfs" ino=11911 scontext=u:r:hal_health_default:s0 tcontext=u:object_r:system_prop:s0 tclass=file permissive=0
11-17 18:41:27.600   733   733 W health@2.0-serv: type=1400 audit(0.0:103476): avc: denied { write } for pid=733 name="property_service" dev="tmpfs" ino=17333 scontext=u:r:hal_health_default:s0 tcontext=u:object_r:property_socket:s0 tclass=sock_file permissive=0
11-17 18:41:27.603   733   733 E libc    : Access denied finding property "sys.check.usbupdate"
11-17 18:41:27.603   733   733 W libc    : Unable to set property "sys.check.usbupdate" to "start": connection failed; errno=13 (Permission denied)
11-17 18:41:28.430  4667  4954 E BoosterUtil: convertSubIdToSlotId failed, subId:0, slotId:-1
11-17 18:41:28.430  4667  4954 E BoosterUtil: getDefaultDataSlotId failed, invalid slotId:-1, subId:0
11-17 18:41:28.435  2010  3970 I chatty  : uid=1000(system) wifipro_feature expire 67 lines
11-17 18:41:28.612  4624  4826 I WifiProComponent: default event
11-17 18:41:28.612  4624  4826 I HotspotComponent: handleEvent
11-17 18:41:28.612  4624  4826 I HotspotComponent: handleEvent not handle the event:1128
11-17 18:41:28.612  4624  4826 I WifiProComponent: default event
11-17 18:41:28.612  4624  4826 I HotspotComponent: handleEvent
11-17 18:41:28.612  4624  4826 I HotspotComponent: handleEvent not handle the event:1128
11-17 18:41:28.612  4624  4826 I WifiProComponent: default event
11-17 18:41:28.612  4624  4826 I HotspotComponent: handleEvent
11-17 18:41:28.613  4624  4826 I HotspotComponent: handleEvent not handle the event:1128
11-17 18:41:28.612  4624  4838 D iMonitor: create: 909002029
11-17 18:41:28.613  4624  4838 D iMonitor: create: 909009018
11-17 18:41:28.613  4624  4838 D iMonitor: create: 909009139
11-17 18:41:28.613  4624  4838 I chatty  : uid=1000(system) WifiDftHandler identical 21 lines
11-17 18:41:28.771  2010  3879 I chatty  : uid=1000(system) WifiService expire 49 lines
11-17 18:41:29.029  2010  4605 D HwConnectivityServiceEx: set 10238 wlan0 value false
11-17 18:41:29.396 18343 18875 I HWBR-O-1111|SplashAdPreloadManager: preloadWithLimit in scheduleTask
11-17 18:41:29.396 18343 18875 I HWBR-O-1111|SplashAdPreloadManager: preloadWithLimit
11-17 18:41:29.396 18343 18875 I HWBR-O-1111|SplashAdPreloadManager: isRunningBackground is true
11-17 18:41:29.453  4667  5956 I chatty  : uid=1000(system) JNITID-5956 expire 30 lines
11-17 18:41:29.456  4667  4954 E BoosterUtil: convertSubIdToSlotId failed, subId:0, slotId:-1
11-17 18:41:29.456  4667  4954 E BoosterUtil: getDefaultDataSlotId failed, invalid slotId:-1, subId:0
11-17 18:41:29.456  4667  4954 I chatty  : uid=1000(system) OllieAwareThrea expire 17 lines
11-17 18:41:29.458  4667  5324 I chatty  : uid=1000(system) EmcomThread expire 30 lines
11-17 18:41:29.588  4624  4826 I chatty  : uid=1000(system) NcDftService expire 4 lines
11-17 18:41:29.939 20109 20278 D MemoryCeilingMonitor: [handleMemoryCalculate]
11-17 18:41:29.940 20109 20278 D MemoryCeilingMonitor: [calculate] tot: 4054120, max: 402653184, free: 680768, heap: 3373352, per: 0.00837781031926473
11-17 18:41:30.309 20109 20296 D WorkerThreadMonitor: Kill MSF check result[ senderSize:0,sendInterval:5044943,receiveInterval=5044941,addCmdCount=0
11-17 18:41:30.479  4667  4954 E BoosterUtil: convertSubIdToSlotId failed, subId:0, slotId:-1
11-17 18:41:30.479  4667  4954 E BoosterUtil: getDefaultDataSlotId failed, invalid slotId:-1, subId:0
11-17 18:41:31.277  2010  3971 I chatty  : uid=1000(system) HuaweiWifiWatch expire 14 lines
11-17 18:41:31.279  2010 11971 D HwConnectivityServiceEx: set 1000 wlan0 value false
11-17 18:41:31.413   681   681 I netd    : trafficSwapActiveStatsMap() <0.96ms>
11-17 18:41:31.504  4667  4954 E BoosterUtil: convertSubIdToSlotId failed, subId:0, slotId:-1
11-17 18:41:31.504  4667  4954 E BoosterUtil: getDefaultDataSlotId failed, invalid slotId:-1, subId:0
11-17 18:41:32.048  2010  4605 D HwConnectivityServiceEx: set 10238 wlan0 value false
11-17 18:41:32.458  4439  5572 I chatty  : uid=1000(system) Thread-14 expire 5 lines
11-17 18:41:32.462   758   758 I power_hidl: ExeSetState type=vterm_dec, value=lvc 16
11-17 18:41:32.462   758   758 I power_hidl: start write compatible, scene: vterm_dec, value: lvc 16
11-17 18:41:32.464   758   758 I power_hidl: ExeSetState success, type=vterm_dec, index=45
11-17 18:41:32.468   758   758 I power_hidl: ExeSetState type=vterm_dec, value=sc 16
11-17 18:41:32.468   758   758 I power_hidl: start write compatible, scene: vterm_dec, value: sc 16
11-17 18:41:32.468   758   758 I power_hidl: ExeSetState success, type=vterm_dec, index=45
11-17 18:41:32.472   758   758 I power_hidl: ExeSetState type=vterm_dec, value=wl_sc 16
11-17 18:41:32.472   758   758 I power_hidl: start write compatible, scene: vterm_dec, value: wl_sc 16
11-17 18:41:32.473   758   758 I power_hidl: ExeSetState success, type=vterm_dec, index=45
11-17 18:41:32.474  4439  5572 I SmartChgBase/Arb_HidlParam: Apply.[moduleName:BASP, param:ichg_ratio, detailsWithValue:source=trigger;event=heartbeat;chargestatus=start;value=90;]
11-17 18:41:32.477   758   758 I power_hidl: ExeSetState type=ichg_ratio, value=all 90
11-17 18:41:32.477   758   758 I power_hidl: start write compatible, scene: ichg_ratio, value: all 90
11-17 18:41:32.477   758   758 I power_hidl: ExeSetState success, type=ichg_ratio, index=46
11-17 18:41:32.478  4439  5572 I SmartChgBase/Arb_HidlParam: SetHidlValue Success:[module:BASP, scene:ichg_ratio, value:all 90]
11-17 18:41:32.478  4439  5572 I SmartChgBase/Arb_HidlParam: Apply.[moduleName:BASP, param:nondc_vterm_dec, detailsWithValue:source=trigger;event=heartbeat;chargestatus=start;value=20;]
11-17 18:41:32.478  4439  5572 I SmartChgBase/Arb_HidlParam: CalcVtermRoundDec [ret:16, ndcVstep:16, target:20, step:20]
11-17 18:41:32.480   758   758 I power_hidl: ExeSetState type=vterm_dec, value=dcp 16
11-17 18:41:32.480   758   758 I power_hidl: start write compatible, scene: vterm_dec, value: dcp 16
11-17 18:41:32.480   758   758 I power_hidl: ExeSetState success, type=vterm_dec, index=45
11-17 18:41:32.480  4439  5572 I SmartChgBase/Arb_HidlParam: SetHidlValue Success:[module:BASP, scene:vterm_dec, value:dcp 16]
11-17 18:41:32.482   758   758 I power_hidl: ExeSetState type=vterm_dec, value=fcp 16
11-17 18:41:32.482   758   758 I power_hidl: start write compatible, scene: vterm_dec, value: fcp 16
11-17 18:41:32.482   758   758 E power_hidl: file /sys/devices/virtual/hw_power/interface/vterm_dec write failed
11-17 18:41:32.482   758   758 E power_hidl: write fcp 16 to /sys/class/hw_power/interface/vterm_dec fail
11-17 18:41:32.482   758   758 I power_hidl: ExeSetState success, type=vterm_dec, index=45
11-17 18:41:32.482  4439  5572 E SmartChgBase/Arb_HidlParam: SetHidlValue Fail: Hidl Set Fail [ret:1, module:BASP, scene:vterm_dec, value:fcp 16]
11-17 18:41:32.484   758   758 I power_hidl: ExeSetState type=vterm_dec, value=pd 16
11-17 18:41:32.484   758   758 I power_hidl: start write compatible, scene: vterm_dec, value: pd 16
11-17 18:41:32.484   758   758 I power_hidl: ExeSetState success, type=vterm_dec, index=45
11-17 18:41:32.484  4439  5572 I SmartChgBase/Arb_HidlParam: SetHidlValue Success:[module:BASP, scene:vterm_dec, value:pd 16]
11-17 18:41:32.486   758   758 I power_hidl: ExeSetState type=vterm_dec, value=wl 16
11-17 18:41:32.486   758   758 I power_hidl: start write compatible, scene: vterm_dec, value: wl 16
11-17 18:41:32.486   758   758 I power_hidl: ExeSetState success, type=vterm_dec, index=45
11-17 18:41:32.486  4439  5572 I SmartChgBase/Arb_HidlParam: SetHidlValue Success:[module:BASP, scene:vterm_dec, value:wl 16]
11-17 18:41:32.489   758   758 I power_hidl: ExeSetState type=basp_coul_vdec, value=16
11-17 18:41:32.489   758   758 I power_hidl: start hvdp mmi test, type=basp_coul_vdec, value=16
11-17 18:41:32.489   758   758 I power_hidl: ExeSetState success, type=basp_coul_vdec, index=52
11-17 18:41:32.490  4439  5572 I SmartChgBase/Arb_HidlParam: SetHidlValue Success:[module:BASP, scene:basp_coul_vdec, value:16]
11-17 18:41:32.490  4439  5572 I SmartChgBase/Arb_HidlParam: Apply Skipped: IsApplyExcept return true. [moduleName:ASW, param:soc_control, detailsWithValue:source=trigger;event=heartbeat;chargestatus=start;value=1 95 100 1 1;]
11-17 18:41:32.490  4439  5545 E SmartChgBase/File: file /data/user_de/0/com.huawei.systemmanager/files/smart_charge/base/mock/enable is invalid in IsFileExist
11-17 18:41:32.490  4439  5545 E SmartChgBase/File: file /data/user_de/0/com.huawei.systemmanager/files/smart_charge/base/mock/enable is invalid in IsFileExist
11-17 18:41:32.525  4667  4954 E BoosterUtil: convertSubIdToSlotId failed, subId:0, slotId:-1
11-17 18:41:32.525  4667  4954 E BoosterUtil: getDefaultDataSlotId failed, invalid slotId:-1, subId:0
11-17 18:41:33.551  4667  4954 E BoosterUtil: convertSubIdToSlotId failed, subId:0, slotId:-1
11-17 18:41:33.551  4667  4954 E BoosterUtil: getDefaultDataSlotId failed, invalid slotId:-1, subId:0
11-17 18:41:34.346  2010  3880 I chatty  : uid=1000(system) ClientModeImpl expire 14 lines
11-17 18:41:34.574  4667  4954 E BoosterUtil: convertSubIdToSlotId failed, subId:0, slotId:-1
11-17 18:41:34.574  4667  4954 E BoosterUtil: getDefaultDataSlotId failed, invalid slotId:-1, subId:0
11-17 18:41:34.731  1059 18693 I chatty  : uid=1000(system) /vendor/bin/hiaiserver expire 24 lines
11-17 18:41:34.734  6950 18691 I swingclient: IgsListenerProxy::onIgsEventDoneV2
11-17 18:41:34.734  6950 18691 D HWSWINGCA: -----onSwingEventDone----
11-17 18:41:34.734  6950 18691 I CAWARENESS_SwingManager: onSwingEventDone eventId = 5 eventStr=faceDirection:-2
11-17 18:41:34.735  6950 18691 I CAWARENESS_AbilityContext: [1668681695568] publishing {dataId=100000093, mode=0}
11-17 18:41:34.735  6950 18691 I CAWARENESS_AbilityContext: [1668681695568] deliver {dataId=100000093, mode=0} to 1 receivers
11-17 18:41:34.736  6950 18691 I swingclient: IgsListenerProxy::onIgsEventDone eventId = 5
11-17 18:41:34.737  6950  2550 I CAWARENESS_CompatibleFenceTrigger: fenceName 13 pid 2010 uid 1000
11-17 18:41:34.737  6950  2550 I CAWARENESS_CacheReportDataService: insertData
11-17 18:41:34.737  6950  7857 I CAWARENESS_CompatibleFenceTrigger: triggerForSwing with IAwarenessListener
11-17 18:41:34.738  2010  4605 I HwSwingFaceRotationHub: handleFenceResult FaceDirection -2
11-17 18:41:34.739  2010  2620 D HwWindowManagerServiceEx: notifySwingRotation rotation:-2
11-17 18:41:34.739  2010  2620 I HwDisplayRotationEx: swingRotationForSensor desireRotation 0 swingRotation -2 sensorRotation -1 lastRotation 0
11-17 18:41:34.740  2010  2620 I HwWindowManagerServiceEx: setLandAnimationInfo : false
11-17 18:41:34.741  6950  2551 I CAWARENESS_AwarenessSQLiteDatabase: insert recId is 40409
11-17 18:41:34.741  6950  2551 I CAWARENESS_CacheReportDataService: Current count 143
11-17 18:41:35.064  2010  4605 D HwConnectivityServiceEx: set 10238 wlan0 value false
11-17 18:41:35.244  6950 18691 I swingclient: IgsListenerProxy::onIgsEventDoneV2
11-17 18:41:35.244  6950 18691 D HWSWINGCA: -----onSwingEventDone----
11-17 18:41:35.244  6950 18691 I CAWARENESS_SwingManager: onSwingEventDone eventId = 5 eventStr=faceDirection:0
11-17 18:41:35.245  6950 18689 I CAWARENESS_SwingManager: handleMessage msg:2
11-17 18:41:35.245  6950 18691 I CAWARENESS_AbilityContext: [1668681696078] publishing {dataId=100000093, mode=0}
11-17 18:41:35.245  6950 18691 I CAWARENESS_AbilityContext: [1668681696078] deliver {dataId=100000093, mode=0} to 1 receivers
11-17 18:41:35.246  6950 18691 I swingclient: IgsListenerProxy::onIgsEventDone eventId = 5
11-17 18:41:35.247  6950  2552 I CAWARENESS_CompatibleFenceTrigger: fenceName 13 pid 2010 uid 1000
11-17 18:41:35.248  6950  2552 I CAWARENESS_CacheReportDataService: insertData
11-17 18:41:35.248  6950  7857 I CAWARENESS_CompatibleFenceTrigger: triggerForSwing with IAwarenessListener
11-17 18:41:35.248  2010  4605 I HwSwingFaceRotationHub: handleFenceResult FaceDirection 0
11-17 18:41:35.249  2010  2620 D HwWindowManagerServiceEx: notifySwingRotation rotation:0
11-17 18:41:35.249  2010  2620 I HwDisplayRotationEx: swingRotationForSensor desireRotation 0 swingRotation 0 sensorRotation -1 lastRotation 0
11-17 18:41:35.250  2010  2620 I HwWindowManagerServiceEx: setLandAnimationInfo : false
11-17 18:41:35.251  6950  2553 I CAWARENESS_AwarenessSQLiteDatabase: insert recId is 40410
11-17 18:41:35.251  6950  2553 I CAWARENESS_CacheReportDataService: Current count 144
11-17 18:41:35.280  2010 11971 D HwConnectivityServiceEx: set 1000 wlan0 value false
11-17 18:41:35.283  2010 11971 I chatty  : uid=1000(system) MobileQosDetect expire 12 lines
11-17 18:41:35.295   681   681 I netd    : trafficSwapActiveStatsMap() <0.77ms>
11-17 18:41:35.598  4667  4954 E BoosterUtil: convertSubIdToSlotId failed, subId:0, slotId:-1
11-17 18:41:35.599  4667  4954 E BoosterUtil: getDefaultDataSlotId failed, invalid slotId:-1, subId:0
11-17 18:41:35.632  6950 18691 I swingclient: IgsListenerProxy::onIgsEventDoneV2
11-17 18:41:35.632  6950 18691 D HWSWINGCA: -----onSwingEventDone----
11-17 18:41:35.632  6950 18691 I CAWARENESS_SwingManager: onSwingEventDone eventId = 5 eventStr=faceDirection:-2
11-17 18:41:35.633  6950 18691 I CAWARENESS_AbilityContext: [1668681696466] publishing {dataId=100000093, mode=0}
11-17 18:41:35.633  6950 18691 I CAWARENESS_AbilityContext: [1668681696466] deliver {dataId=100000093, mode=0} to 1 receivers
11-17 18:41:35.633  6950 18691 I swingclient: IgsListenerProxy::onIgsEventDone eventId = 5
11-17 18:41:35.635  6950  2554 I CAWARENESS_CompatibleFenceTrigger: fenceName 13 pid 2010 uid 1000
11-17 18:41:35.635  6950  2554 I CAWARENESS_CacheReportDataService: insertData
11-17 18:41:35.635  6950  7857 I CAWARENESS_CompatibleFenceTrigger: triggerForSwing with IAwarenessListener
11-17 18:41:35.635  2010  4605 I HwSwingFaceRotationHub: handleFenceResult FaceDirection -2
11-17 18:41:35.636  2010  2620 D HwWindowManagerServiceEx: notifySwingRotation rotation:-2
11-17 18:41:35.636  2010  2620 I HwDisplayRotationEx: swingRotationForSensor desireRotation 0 swingRotation -2 sensorRotation -1 lastRotation 0
11-17 18:41:35.636  2010  2620 I HwWindowManagerServiceEx: setLandAnimationInfo : false
11-17 18:41:35.638  6950  2555 I CAWARENESS_AwarenessSQLiteDatabase: insert recId is 40411
11-17 18:41:35.639  6950  2555 I CAWARENESS_CacheReportDataService: Current count 145
11-17 18:41:36.427   681   681 I netd    : trafficSwapActiveStatsMap() <0.38ms>
11-17 18:41:36.622  4667  4954 E BoosterUtil: convertSubIdToSlotId failed, subId:0, slotId:-1
11-17 18:41:36.622  4667  4954 E BoosterUtil: getDefaultDataSlotId failed, invalid slotId:-1, subId:0
11-17 18:41:37.648  4667  4954 E BoosterUtil: convertSubIdToSlotId failed, subId:0, slotId:-1
11-17 18:41:37.648  4667  4954 E BoosterUtil: getDefaultDataSlotId failed, invalid slotId:-1, subId:0
11-17 18:41:37.708  4667  4954 D FourNetCombinationChr: FourNetNoRxTotalDuration:262, FourNetNoRxLess5sCount:15, FourNetNoRxLess10sCount:12, FourNetNoRxMore10sCount:6
11-17 18:41:37.731  4599  5280 E BackupHandler: CheckNeedBackup: the device screen is on.
11-17 18:41:37.731  4599  5280 E BackupHandler: operator(): it is not meet the condition of backup.
11-17 18:41:38.084  2010  4605 D HwConnectivityServiceEx: set 10238 wlan0 value false
11-17 18:41:38.555  4667  6060 I chatty  : uid=1000(system) LteRecoveryEngi expire 12 lines
11-17 18:41:38.670  4667  4954 E BoosterUtil: convertSubIdToSlotId failed, subId:0, slotId:-1
11-17 18:41:38.670  4667  4954 E BoosterUtil: getDefaultDataSlotId failed, invalid slotId:-1, subId:0
11-17 18:41:39.285  2010  3974 I chatty  : uid=1000(system) HwDualBandState expire 12 lines
11-17 18:41:39.286  2010 11971 D HwConnectivityServiceEx: set 1000 wlan0 value false
11-17 18:41:39.332  4667  4954 I PerformanceModeManager: sendPerformanceModeCmd isEnable = false
11-17 18:41:39.339  2010  2653 I PowerManagerService: handleSandman: wakefulness: 1,startDreaming: false
11-17 18:41:39.360  4667  4954 I PerformanceModeManager: sync timer start
11-17 18:41:39.363  2010  2653 I PowerManagerService: handleSandman: wakefulness: 1,startDreaming: false
11-17 18:41:39.459   681  1156 I         : ApiCount[0, 0, 0, 202, 0, 0, 0, 4, 0, 0, 385, 611, 0, 38, 14, 0, 45, 0, 6697, 14099]
11-17 18:41:39.619  2010  2637 I HWMW_HwMagicWindowManagerService: case Utils.MSG_REPORT_USAGE_STATISTICS:
11-17 18:41:39.619  2010  2637 I HWMW_HwMagicWinStatistics: Not Ready To Trigger report
11-17 18:41:39.693  4667  5956 I chatty  : uid=1000(system) JNITID-5956 expire 33 lines
11-17 18:41:39.695  4667  4954 E BoosterUtil: convertSubIdToSlotId failed, subId:0, slotId:-1
11-17 18:41:39.695  4667  4954 E BoosterUtil: getDefaultDataSlotId failed, invalid slotId:-1, subId:0
11-17 18:41:39.695  4667  4954 I chatty  : uid=1000(system) OllieAwareThrea expire 12 lines
11-17 18:41:39.699  4667  5324 I chatty  : uid=1000(system) EmcomThread expire 33 lines
11-17 18:41:39.701  2010  3970 I chatty  : uid=1000(system) wifipro_feature expire 62 lines
11-17 18:41:39.785  2010  3879 I chatty  : uid=1000(system) WifiService expire 26 lines
11-17 18:41:39.949 20109 20278 D MemoryCeilingMonitor: [handleMemoryCalculate]
11-17 18:41:39.950 20109 20278 D MemoryCeilingMonitor: [calculate] tot: 4054120, max: 402653184, free: 664176, heap: 3389944, per: 0.00841901699701945
11-17 18:41:40.348  4667  4954 I BoosterProps: isCloudPropEnable, propName is:vendor.hw_mc.radio.lte_qoe_switch_nr, propValue is:false, default value is:false
11-17 18:41:40.719  4667  4954 E BoosterUtil: convertSubIdToSlotId failed, subId:0, slotId:-1
11-17 18:41:40.719  4667  4954 E BoosterUtil: getDefaultDataSlotId failed, invalid slotId:-1, subId:0
11-17 18:41:40.982  4624  4827 I chatty  : uid=1000(system) NcDftHandler expire 18 lines
11-17 18:41:41.104  2010  4605 D HwConnectivityServiceEx: set 10238 wlan0 value false
11-17 18:41:41.443   681   681 I netd    : trafficSwapActiveStatsMap() <0.85ms>
11-17 18:41:41.745  4667  4954 E BoosterUtil: convertSubIdToSlotId failed, subId:0, slotId:-1
11-17 18:41:41.745  4667  4954 E BoosterUtil: getDefaultDataSlotId failed, invalid slotId:-1, subId:0
11-17 18:41:42.767  4667  4954 E BoosterUtil: convertSubIdToSlotId failed, subId:0, slotId:-1
11-17 18:41:42.767  4667  4954 E BoosterUtil: getDefaultDataSlotId failed, invalid slotId:-1, subId:0
11-17 18:41:43.288  2010  3971 I chatty  : uid=1000(system) HuaweiWifiWatch expire 22 lines
11-17 18:41:43.293  2010 11971 D HwConnectivityServiceEx: set 1000 wlan0 value false
11-17 18:41:43.682  4644  5101 D DeviceMonitorPowerKit: run, sCountNum is 1
11-17 18:41:43.682  4644  5101 D DeviceMonitorPowerKit: interval is 79977, ElapsedRealtime is 574749400, isNeedRepeat: false
11-17 18:41:43.682  4644  5101 E DeviceMonitorPowerKit: not Satify ApplyResource
11-17 18:41:43.791  4667  4954 E BoosterUtil: convertSubIdToSlotId failed, subId:0, slotId:-1
11-17 18:41:43.791  4667  4954 E BoosterUtil: getDefaultDataSlotId failed, invalid slotId:-1, subId:0
11-17 18:41:44.120  2010  4605 D HwConnectivityServiceEx: set 10238 wlan0 value false
11-17 18:41:44.374   681  1155 W IptablesRestoreController: iptables-restore process 2539 terminated status=15
11-17 18:41:44.375   681  1155 W IptablesRestoreController: iptables-restore process 2540 terminated status=15
11-17 18:41:44.406  2010  3950 I chatty  : uid=1000(system) SecurityCenterA expire 3 lines
11-17 18:41:44.409  4439  4439 W HSC_BG_RemindStateManager: has not been initialized!
11-17 18:41:44.414  4439  4439 I NotificationManager: com.huawei.systemmanager: cancel(6000)
11-17 18:41:44.417  4439  4439 D StatusBarManager: statusBarServiceBinder true
11-17 18:41:44.417  4439  4439 D StatusBarManager: Transact: transferToStatusbarIcon to status bar service
11-17 18:41:44.418  4088 17537 I HwCommandQueue: CommandQueue, setStatusBarShowIcon type2isShow:false
11-17 18:41:44.419  4439  4439 D StatusBarManager: statusBarServiceBinder true
11-17 18:41:44.419  4439  4439 D StatusBarManager: Transact: transferToStatusbarIcon to status bar service
11-17 18:41:44.420  4088 17537 I HwCommandQueue: CommandQueue, setStatusBarShowIcon type1isShow:false
11-17 18:41:44.422  4439  4439 D StatusBarManager: statusBarServiceBinder true
11-17 18:41:44.422  4439  4439 D StatusBarManager: Transact: transferToStatusbarIcon to status bar service
11-17 18:41:44.422  4088 17537 I HwCommandQueue: CommandQueue, setStatusBarShowIcon type3isShow:false
11-17 18:41:44.426  4439  4439 I NotificationManager: com.huawei.systemmanager: cancel(7000)
11-17 18:41:44.815  4667  4954 E BoosterUtil: convertSubIdToSlotId failed, subId:0, slotId:-1
11-17 18:41:44.815  4667  4954 E BoosterUtil: getDefaultDataSlotId failed, invalid slotId:-1, subId:0
11-17 18:41:45.308   681   681 I netd    : trafficSwapActiveStatsMap() <0.91ms>
11-17 18:41:45.541  1059 18693 I chatty  : uid=1000(system) /vendor/bin/hiaiserver expire 16 lines
11-17 18:41:45.543  6950 18691 I swingclient: IgsListenerProxy::onIgsEventDoneV2
11-17 18:41:45.543  6950 18691 D HWSWINGCA: -----onSwingEventDone----
11-17 18:41:45.543  6950 18691 I CAWARENESS_SwingManager: onSwingEventDone eventId = 5 eventStr=faceDirection:0
11-17 18:41:45.543  6950 18691 I CAWARENESS_AbilityContext: [1668681706376] publishing {dataId=100000093, mode=0}
11-17 18:41:45.544  6950 18689 I CAWARENESS_SwingManager: handleMessage msg:2
11-17 18:41:45.544  6950 18691 I CAWARENESS_AbilityContext: [1668681706376] deliver {dataId=100000093, mode=0} to 1 receivers
11-17 18:41:45.545  6950 18691 I swingclient: IgsListenerProxy::onIgsEventDone eventId = 5
11-17 18:41:45.546  6950  2556 I CAWARENESS_CompatibleFenceTrigger: fenceName 13 pid 2010 uid 1000
11-17 18:41:45.546  6950  2556 I CAWARENESS_CacheReportDataService: insertData
11-17 18:41:45.546  6950  7857 I CAWARENESS_CompatibleFenceTrigger: triggerForSwing with IAwarenessListener
11-17 18:41:45.547  2010  4605 I HwSwingFaceRotationHub: handleFenceResult FaceDirection 0
11-17 18:41:45.547  2010  2620 D HwWindowManagerServiceEx: notifySwingRotation rotation:0
11-17 18:41:45.548  2010  2620 I HwDisplayRotationEx: swingRotationForSensor desireRotation 0 swingRotation 0 sensorRotation -1 lastRotation 0
11-17 18:41:45.548  2010  2620 I HwWindowManagerServiceEx: setLandAnimationInfo : false
11-17 18:41:45.550  6950  2561 I CAWARENESS_AwarenessSQLiteDatabase: insert recId is 40412
11-17 18:41:45.550  6950  2561 I CAWARENESS_CacheReportDataService: Current count 146
11-17 18:41:45.749  4667  5299 I chatty  : uid=1000(system) DEF_ConnectionM expire 5 lines
11-17 18:41:45.841  4667  4954 E BoosterUtil: convertSubIdToSlotId failed, subId:0, slotId:-1
11-17 18:41:45.841  4667  4954 E BoosterUtil: getDefaultDataSlotId failed, invalid slotId:-1, subId:0
11-17 18:41:46.458   681   681 I netd    : trafficSwapActiveStatsMap() <0.44ms>
11-17 18:41:46.862  4667  4954 E BoosterUtil: convertSubIdToSlotId failed, subId:0, slotId:-1
11-17 18:41:46.862  4667  4954 E BoosterUtil: getDefaultDataSlotId failed, invalid slotId:-1, subId:0
11-17 18:41:47.137  2010  4605 D HwConnectivityServiceEx: set 10238 wlan0 value false
11-17 18:41:47.295  2010 11971 D HwConnectivityServiceEx: set 1000 wlan0 value false
11-17 18:41:47.887  4667  4954 E BoosterUtil: convertSubIdToSlotId failed, subId:0, slotId:-1
11-17 18:41:47.887  4667  4954 E BoosterUtil: getDefaultDataSlotId failed, invalid slotId:-1, subId:0
11-17 18:41:48.911  4667  4954 E BoosterUtil: convertSubIdToSlotId failed, subId:0, slotId:-1
11-17 18:41:48.912  4667  4954 E BoosterUtil: getDefaultDataSlotId failed, invalid slotId:-1, subId:0
11-17 18:41:49.438  2010  3880 I chatty  : uid=1000(system) ClientModeImpl expire 13 lines
11-17 18:41:49.935  4667  4954 E BoosterUtil: convertSubIdToSlotId failed, subId:0, slotId:-1
11-17 18:41:49.935  4667  4954 E BoosterUtil: getDefaultDataSlotId failed, invalid slotId:-1, subId:0
11-17 18:41:49.958 20109 20278 D MemoryCeilingMonitor: [handleMemoryCalculate]
11-17 18:41:49.959 20109 20278 D MemoryCeilingMonitor: [calculate] tot: 4054120, max: 402653184, free: 614896, heap: 3439224, per: 0.008541405200958252
11-17 18:41:50.157  2010  4605 D HwConnectivityServiceEx: set 10238 wlan0 value false
11-17 18:41:50.433  6950 18691 I swingclient: IgsListenerProxy::onIgsEventDoneV2
11-17 18:41:50.433  6950 18691 D HWSWINGCA: -----onSwingEventDone----
11-17 18:41:50.433  6950 18691 I CAWARENESS_SwingManager: onSwingEventDone eventId = 5 eventStr=faceDirection:-2
11-17 18:41:50.434  6950 18691 I CAWARENESS_AbilityContext: [1668681711267] publishing {dataId=100000093, mode=0}
11-17 18:41:50.434  6950 18691 I CAWARENESS_AbilityContext: [1668681711267] deliver {dataId=100000093, mode=0} to 1 receivers
11-17 18:41:50.435  6950 18691 I swingclient: IgsListenerProxy::onIgsEventDone eventId = 5
11-17 18:41:50.436  6950  2563 I CAWARENESS_CompatibleFenceTrigger: fenceName 13 pid 2010 uid 1000
11-17 18:41:50.436  6950  2563 I CAWARENESS_CacheReportDataService: insertData
11-17 18:41:50.436  6950  7857 I CAWARENESS_CompatibleFenceTrigger: triggerForSwing with IAwarenessListener
11-17 18:41:50.437  2010  4605 I HwSwingFaceRotationHub: handleFenceResult FaceDirection -2
11-17 18:41:50.437  2010  2620 D HwWindowManagerServiceEx: notifySwingRotation rotation:-2
11-17 18:41:50.438  2010  2620 I HwDisplayRotationEx: swingRotationForSensor desireRotation 0 swingRotation -2 sensorRotation -1 lastRotation 0
11-17 18:41:50.438  2010  2620 I HwWindowManagerServiceEx: setLandAnimationInfo : false
11-17 18:41:50.440  6950  2574 I CAWARENESS_AwarenessSQLiteDatabase: insert recId is 40413
11-17 18:41:50.440  6950  2574 I CAWARENESS_CacheReportDataService: Current count 147
11-17 18:41:50.584  4667  6060 I chatty  : uid=1000(system) LteRecoveryEngi expire 11 lines
11-17 18:41:50.804  2010  3879 I chatty  : uid=1000(system) WifiService expire 47 lines
11-17 18:41:50.955  4667  5956 I chatty  : uid=1000(system) JNITID-5956 expire 33 lines
11-17 18:41:50.958  4667  4954 E BoosterUtil: convertSubIdToSlotId failed, subId:0, slotId:-1
11-17 18:41:50.958  4667  4954 E BoosterUtil: getDefaultDataSlotId failed, invalid slotId:-1, subId:0
11-17 18:41:50.958  4667  4954 I chatty  : uid=1000(system) OllieAwareThrea expire 12 lines
11-17 18:41:50.959  2010  3970 I chatty  : uid=1000(system) wifipro_feature expire 72 lines
11-17 18:41:50.962  4667  5324 I chatty  : uid=1000(system) EmcomThread expire 33 lines
11-17 18:41:51.301  2010 11971 D HwConnectivityServiceEx: set 1000 wlan0 value false
11-17 18:41:51.472   681   681 I netd    : trafficSwapActiveStatsMap() <0.87ms>
11-17 18:41:51.491  4599  7149 I HwNaturalBase: [Timer-2]: MultiUserManagerService:  getNotActiveUser start
11-17 18:41:51.984  4667  4954 E BoosterUtil: convertSubIdToSlotId failed, subId:0, slotId:-1
11-17 18:41:51.984  4667  4954 E BoosterUtil: getDefaultDataSlotId failed, invalid slotId:-1, subId:0
11-17 18:41:53.008  4667  4954 E BoosterUtil: convertSubIdToSlotId failed, subId:0, slotId:-1
11-17 18:41:53.008  4667  4954 E BoosterUtil: getDefaultDataSlotId failed, invalid slotId:-1, subId:0
11-17 18:41:53.176  2010  4605 D HwConnectivityServiceEx: set 10238 wlan0 value false
11-17 18:41:54.036  4667  4954 E BoosterUtil: convertSubIdToSlotId failed, subId:0, slotId:-1
11-17 18:41:54.037  4667  4954 E BoosterUtil: getDefaultDataSlotId failed, invalid slotId:-1, subId:0
11-17 18:41:55.055  4667  4954 E BoosterUtil: convertSubIdToSlotId failed, subId:0, slotId:-1
11-17 18:41:55.055  4667  4954 E BoosterUtil: getDefaultDataSlotId failed, invalid slotId:-1, subId:0
11-17 18:41:55.303  2010 11971 D HwConnectivityServiceEx: set 1000 wlan0 value false
11-17 18:41:55.326   681   681 I netd    : trafficSwapActiveStatsMap() <0.76ms>
11-17 18:41:56.080  4667  4954 E BoosterUtil: convertSubIdToSlotId failed, subId:0, slotId:-1
11-17 18:41:56.081  4667  4954 E BoosterUtil: getDefaultDataSlotId failed, invalid slotId:-1, subId:0
11-17 18:41:56.192  2010  4605 D HwConnectivityServiceEx: set 10238 wlan0 value false
11-17 18:41:56.486   681   681 I netd    : trafficSwapActiveStatsMap() <0.54ms>
11-17 18:41:57.102  4667  4954 E BoosterUtil: convertSubIdToSlotId failed, subId:0, slotId:-1
11-17 18:41:57.102  4667  4954 E BoosterUtil: getDefaultDataSlotId failed, invalid slotId:-1, subId:0
11-17 18:41:58.126  4667  4954 E BoosterUtil: convertSubIdToSlotId failed, subId:0, slotId:-1
11-17 18:41:58.126  4667  4954 E BoosterUtil: getDefaultDataSlotId failed, invalid slotId:-1, subId:0
11-17 18:41:58.310  2010  2752 I HwBatteryService: power_ui state= 1 mQuickChargeStatus=1
11-17 18:41:58.311  2010  2752 I HwBatteryService: handleWirelessTxStatus
11-17 18:41:58.311  2010  2752 I HwBatteryService: switch not open, return, mWirelessTxFlag : 0
11-17 18:41:58.311  2010  2752 W HwBatteryService: need return. Invalid value: 0
11-17 18:41:58.311  2010  2752 D HwBatteryService: setHwChargeTimeRemaining, time = -1 String time: 0
11-17 18:41:58.312  2010  2752 I HwBatteryService: IS_WATCH : false
11-17 18:41:58.324   733   733 W health@2.0-serv: type=1400 audit(0.0:103477): avc: denied { read } for pid=733 name="u:object_r:system_prop:s0" dev="tmpfs" ino=11911 scontext=u:r:hal_health_default:s0 tcontext=u:object_r:system_prop:s0 tclass=file permissive=0
11-17 18:41:58.328   733   733 W health@2.0-serv: type=1400 audit(0.0:103478): avc: denied { write } for pid=733 name="property_service" dev="tmpfs" ino=17333 scontext=u:r:hal_health_default:s0 tcontext=u:object_r:property_socket:s0 tclass=sock_file permissive=0
11-17 18:41:58.330   733   733 E libc    : Access denied finding property "sys.check.usbupdate"
11-17 18:41:58.330   733   733 W libc    : Unable to set property "sys.check.usbupdate" to "start": connection failed; errno=13 (Permission denied)
11-17 18:41:59.149  4667  4954 E BoosterUtil: convertSubIdToSlotId failed, subId:0, slotId:-1
11-17 18:41:59.149  4667  4954 E BoosterUtil: getDefaultDataSlotId failed, invalid slotId:-1, subId:0
11-17 18:41:59.212  2010  4605 D HwConnectivityServiceEx: set 10238 wlan0 value false
11-17 18:41:59.306  2010 11971 D HwConnectivityServiceEx: set 1000 wlan0 value false
11-17 18:41:59.969 20109 20278 D MemoryCeilingMonitor: [handleMemoryCalculate]
11-17 18:41:59.970 20109 20278 D MemoryCeilingMonitor: [calculate] tot: 4054120, max: 402653184, free: 598384, heap: 3455736, per: 0.00858241319656372
11-17 18:42:00.007  4088  4088 E ndroid.systemu: No package ID ff found for ID 0xffffffff.
11-17 18:42:00.011  4088  4088 E ndroid.systemu: No package ID ff found for ID 0xffffffff.
11-17 18:42:00.012  4088  4088 E DateView: DateView,mCurrentTime: 1668681720012
11-17 18:42:00.016  2010  2653 I PowerManagerService: handleSandman: wakefulness: 1,startDreaming: false
11-17 18:42:00.061  9372  9372 E ndroid.launche: No package ID ff found for ID 0xffffffff.
11-17 18:42:00.121 10123 10171 I HAF_MemoryUtils: 1300000320|R|I|total-pss=14959, java-heap=2400, native-heap=1764, code=2680, system=6587, threads=22, importance=(300, 0), dex-mmap=(2593, 2564, 20, 40), ver=13.0.0.320
11-17 18:42:00.019  2010  2653 I PowerManagerService: handleSandman: wakefulness: 1,startDreaming: false
11-17 18:42:00.176  4667  4954 E BoosterUtil: convertSubIdToSlotId failed, subId:0, slotId:-1
11-17 18:42:00.176  4667  4954 E BoosterUtil: getDefaultDataSlotId failed, invalid slotId:-1, subId:0
11-17 18:42:00.663  1046  1131 I storaged: storaged_t::event: storage_info refreshed.
11-17 18:42:01.198  4667  4954 E BoosterUtil: convertSubIdToSlotId failed, subId:0, slotId:-1
11-17 18:42:01.198  4667  4954 E BoosterUtil: getDefaultDataSlotId failed, invalid slotId:-1, subId:0
11-17 18:42:01.501   681   681 I netd    : trafficSwapActiveStatsMap() <1.01ms>
11-17 18:42:01.615  4667  6060 I chatty  : uid=1000(system) LteRecoveryEngi expire 10 lines
11-17 18:42:01.672  2010  2653 I PowerManagerService: handleSandman: wakefulness: 1,startDreaming: false
11-17 18:42:02.220  4667  5956 I chatty  : uid=1000(system) JNITID-5956 expire 30 lines
11-17 18:42:01.676  2010  2653 I chatty  : uid=1000(system) PowerManagerSer identical 1 line
11-17 18:42:01.878  2010  2653 I PowerManagerService: handleSandman: wakefulness: 1,startDreaming: false
11-17 18:42:02.223  4667  4954 E BoosterUtil: convertSubIdToSlotId failed, subId:0, slotId:-1
11-17 18:42:02.223  4667  4954 E BoosterUtil: getDefaultDataSlotId failed, invalid slotId:-1, subId:0
11-17 18:42:02.223  4667  4954 I chatty  : uid=1000(system) OllieAwareThrea expire 11 lines
11-17 18:42:02.224  4667  5324 I chatty  : uid=1000(system) EmcomThread expire 30 lines
11-17 18:42:02.229  2010  4605 D HwConnectivityServiceEx: set 10238 wlan0 value false
11-17 18:42:02.518  4439  5545 E SmartChgBase/File: file /data/user_de/0/com.huawei.systemmanager/files/smart_charge/base/mock/enable is invalid in IsFileExist
11-17 18:42:02.519  4439  5545 E SmartChgBase/File: file /data/user_de/0/com.huawei.systemmanager/files/smart_charge/base/mock/enable is invalid in IsFileExist
11-17 18:42:02.932  2010  2653 I PowerManagerService: handleSandman: wakefulness: 1,startDreaming: false
11-17 18:42:02.936  2010  2653 I chatty  : uid=1000(system) PowerManagerSer identical 1 line
11-17 18:42:03.139  2010  2653 I PowerManagerService: handleSandman: wakefulness: 1,startDreaming: false
11-17 18:42:03.246  4667  4954 E BoosterUtil: convertSubIdToSlotId failed, subId:0, slotId:-1
11-17 18:42:03.246  4667  4954 E BoosterUtil: getDefaultDataSlotId failed, invalid slotId:-1, subId:0
11-17 18:42:03.248  2010  3970 I chatty  : uid=1000(system) wifipro_feature expire 67 lines
11-17 18:42:03.303  2010  3880 I chatty  : uid=1000(system) ClientModeImpl expire 11 lines
11-17 18:42:03.308  2010  3879 I chatty  : uid=1000(system) WifiService expire 53 lines
11-17 18:42:03.308  2010  3971 I chatty  : uid=1000(system) HuaweiWifiWatch expire 14 lines
11-17 18:42:03.311  2010 11971 D HwConnectivityServiceEx: set 1000 wlan0 value false
11-17 18:42:03.585   882   882 I aptouch_daemon: check_afe_status, idle out.
11-17 18:42:03.603   882   882 I aptouch_daemon: print_log, touch:1, down:1 (+0)
11-17 18:42:03.604  2010  2801 I chatty  : uid=1000(system) InputReader expire 20 lines
11-17 18:42:03.609  2010  2800 I chatty  : uid=1000(system) InputDispatcher expire 28 lines
11-17 18:42:03.611  2010  2789 D HwGameAssistantController: isGameForeground? false
11-17 18:42:03.613  2010  2789 I chatty  : uid=1000(system) GestureNavManag expire 12 lines
11-17 18:42:03.613  2010  2621 I chatty  : uid=1000(system) android.ui expire 10 lines
11-17 18:42:03.615  2010  2653 I PowerManagerService: handleSandman: wakefulness: 1,startDreaming: false
11-17 18:42:03.622 25726 25726 I AbilityCenter_TouchPositionService: follow finger service on create
11-17 18:42:03.622 25726 25726 I AbilityCenter_TouchPositionService: follow finger on bind
11-17 18:42:03.622 25726 25726 I AbilityCenter_TouchPositionService: showBottomPromptView end
11-17 18:42:03.625   765  4064 D AudioPolicyService: getUidState(10017) !cacheIter->second.first, return PROCESS_STATE_UNKNOWN
11-17 18:42:03.626   765  4064 D AudioPolicyService: getUidState(10017) cacheIter->second.first, return cacheIter->second.second(-1)
11-17 18:42:03.626  2010  2647 D ActivityManager: setPrivilegeType r: ServiceRecord{107a589 u0 com.huawei.ohos.famanager/com.huawei.abilitygallery.service.TouchPositionService}, interfaceDescriptor : com.huawei.abilitygallery.IAbilityGalleryGesture
11-17 18:42:03.626  2010  2010 I chatty  : uid=1000(system) Binder:2010_F expire 8 lines
11-17 18:42:03.682  4644  5101 D DeviceMonitorPowerKit: run, sCountNum is 1
11-17 18:42:03.682  4644  5101 D DeviceMonitorPowerKit: interval is 99977, ElapsedRealtime is 574749400, isNeedRepeat: false
11-17 18:42:03.682  4644  5101 E DeviceMonitorPowerKit: not Satify ApplyResource
11-17 18:42:03.701   882   882 I aptouch_daemon: print_log, touch:0, down:0
11-17 18:42:03.709 25726 25933 I AbilityCenter_TouchPositionService: action: 1, position: x=1070.0,y=2320.0
11-17 18:42:03.709 25726 25933 I AbilityCenter_TouchPositionService: positionHandler == null && eventCode == MotionEvent.ACTION_UP
11-17 18:42:03.709  2010  2653 I PowerManagerService: handleSandman: wakefulness: 1,startDreaming: false
11-17 18:42:03.709 25726 25933 I AbilityCenter_TouchPositionService: eventCode == MotionEvent.ACTION_UP
11-17 18:42:03.709 25726 25933 E AbilityCenter_TouchPositionService: position handler is null
11-17 18:42:03.713   765  4064 D AudioPolicyService: getUidState(10017) cacheIter->second.first, return cacheIter->second.second(7)
11-17 18:42:03.716   765  4064 D AudioPolicyService: getUidState(10017) cacheIter->second.first, return cacheIter->second.second(11)
11-17 18:42:04.273  4667  4954 E BoosterUtil: convertSubIdToSlotId failed, subId:0, slotId:-1
11-17 18:42:04.273  4667  4954 E BoosterUtil: getDefaultDataSlotId failed, invalid slotId:-1, subId:0
11-17 18:42:04.679   882   882 I aptouch_daemon: print_log, touch:1, down:1 (+0)
11-17 18:42:04.684  2010  2789 D HwGameAssistantController: isGameForeground? false
11-17 18:42:04.686  2010  2653 I PowerManagerService: handleSandman: wakefulness: 1,startDreaming: false
11-17 18:42:04.695   765  4064 D AudioPolicyService: getUidState(10017) cacheIter->second.first, return cacheIter->second.second(20)
11-17 18:42:04.699 25726 25726 I AbilityCenter_TouchPositionService: follow finger service on create
11-17 18:42:04.699 25726 25726 I AbilityCenter_TouchPositionService: follow finger on bind
11-17 18:42:04.699 25726 25726 I AbilityCenter_TouchPositionService: showBottomPromptView end
11-17 18:42:04.701  2010  2647 D ActivityManager: setPrivilegeType r: ServiceRecord{107a4e9 u0 com.huawei.ohos.famanager/com.huawei.abilitygallery.service.TouchPositionService}, interfaceDescriptor : com.huawei.abilitygallery.IAbilityGalleryGesture
11-17 18:42:04.752   882   882 I aptouch_daemon: print_log, touch:0, down:0
11-17 18:42:04.756 25726 25933 I AbilityCenter_TouchPositionService: action: 1, position: x=1085.0,y=2321.0
11-17 18:42:04.756 25726 25933 I AbilityCenter_TouchPositionService: positionHandler == null && eventCode == MotionEvent.ACTION_UP
11-17 18:42:04.756 25726 25933 I AbilityCenter_TouchPositionService: eventCode == MotionEvent.ACTION_UP
11-17 18:42:04.756 25726 25933 E AbilityCenter_TouchPositionService: position handler is null
11-17 18:42:04.767   765  4064 D AudioPolicyService: getUidState(10017) cacheIter->second.first, return cacheIter->second.second(7)
11-17 18:42:04.770   765  4064 D AudioPolicyService: getUidState(10017) cacheIter->second.first, return cacheIter->second.second(11)
11-17 18:42:05.252  2010  4605 D HwConnectivityServiceEx: set 10238 wlan0 value false
11-17 18:42:05.293  4667  4954 E BoosterUtil: convertSubIdToSlotId failed, subId:0, slotId:-1
11-17 18:42:05.293  4667  4954 E BoosterUtil: getDefaultDataSlotId failed, invalid slotId:-1, subId:0
11-17 18:42:05.340   681   681 I netd    : trafficSwapActiveStatsMap() <1.05ms>
11-17 18:42:05.546  4624  4826 I HotspotComponent: handleEvent
11-17 18:42:05.546  4624  4826 I HotspotComponent: handleEvent not handle the event:1121
11-17 18:42:05.547  4624  4826 I WifiProComponent: default event
11-17 18:42:05.547  4624  4826 I HotspotComponent: handleEvent
11-17 18:42:05.547  4624  4826 I HotspotComponent: handleEvent not handle the event:1128
11-17 18:42:05.547  4624  4838 D HwCHRWifiRSSIGroupSummery: updatArpSummery rssi:-1 HwCHRWifiRSSIGroup [mRssiIndex=4, mRttTcpPackets=0, mRttTcpDuration=0, mRttLanDuration=13134, mRttLanFailures=0, mRttLanSucc=999, mRttLanMax=301, mRttLanMin=3,mSameFrequency=11,mAdjacentFrequency=0]
11-17 18:42:05.625 25726 25817 D AbilityCenter_SaveLogUtil: isStartedLogcat is false
11-17 18:42:05.625 25726 25817 I chatty  : uid=10017(com.huawei.ohos.famanager) pool-5-thread-1 identical 8 lines
11-17 18:42:05.625 25726 25817 D AbilityCenter_SaveLogUtil: isStartedLogcat is false
11-17 18:42:05.709 25726 25817 D AbilityCenter_SaveLogUtil: isStartedLogcat is false
11-17 18:42:05.710 25726 25817 D AbilityCenter_SaveLogUtil: isStartedLogcat is false
11-17 18:42:06.321  4667  4954 E BoosterUtil: convertSubIdToSlotId failed, subId:0, slotId:-1
11-17 18:42:06.321  4667  4954 E BoosterUtil: getDefaultDataSlotId failed, invalid slotId:-1, subId:0
11-17 18:42:06.516   681   681 I netd    : trafficSwapActiveStatsMap() <0.43ms>
11-17 18:42:06.527   882   882 I aptouch_daemon: check_afe_status, idle in. 133
11-17 18:42:06.700 25726 25817 D AbilityCenter_SaveLogUtil: isStartedLogcat is false
11-17 18:42:06.757 25726 25817 D AbilityCenter_SaveLogUtil: isStartedLogcat is false
11-17 18:42:07.294 18343 18788 I FWK-BackOffDelayTimerTask: Run task returns: true, with delay: 60
11-17 18:42:07.315  2010 11971 D HwConnectivityServiceEx: set 1000 wlan0 value false
11-17 18:42:07.318  2010 11971 I chatty  : uid=1000(system) MobileQosDetect expire 11 lines
11-17 18:42:07.342  4667  4954 E BoosterUtil: convertSubIdToSlotId failed, subId:0, slotId:-1
11-17 18:42:07.342  4667  4954 E BoosterUtil: getDefaultDataSlotId failed, invalid slotId:-1, subId:0
11-17 18:42:07.342 18343 18784 I FWK-BackOffDelayTimerTask: Run task returns: true, with delay: 60
11-17 18:42:08.270  2010  4605 D HwConnectivityServiceEx: set 10238 wlan0 value false
11-17 18:42:08.367  4667  4954 E BoosterUtil: convertSubIdToSlotId failed, subId:0, slotId:-1
11-17 18:42:08.367  4667  4954 E BoosterUtil: getDefaultDataSlotId failed, invalid slotId:-1, subId:0
11-17 18:42:09.392  4667  4954 E BoosterUtil: convertSubIdToSlotId failed, subId:0, slotId:-1
11-17 18:42:09.392  4667  4954 E BoosterUtil: getDefaultDataSlotId failed, invalid slotId:-1, subId:0
11-17 18:42:09.463   681  1156 I         : ApiCount[0, 0, 0, 202, 0, 0, 0, 4, 0, 0, 385, 611, 0, 38, 14, 0, 45, 0, 6698, 14099]
11-17 18:42:09.741  1059 18693 I chatty  : uid=1000(system) /vendor/bin/hiaiserver expire 24 lines
11-17 18:42:09.743  6950 18691 I swingclient: IgsListenerProxy::onIgsEventDoneV2
11-17 18:42:09.743  6950 18691 D HWSWINGCA: -----onSwingEventDone----
11-17 18:42:09.743  6950 18691 I CAWARENESS_SwingManager: onSwingEventDone eventId = 5 eventStr=faceDirection:0
11-17 18:42:09.744  6950 18691 I CAWARENESS_AbilityContext: [1668681730577] publishing {dataId=100000093, mode=0}
11-17 18:42:09.744  6950 18689 I CAWARENESS_SwingManager: handleMessage msg:2
11-17 18:42:09.744  6950 18691 I CAWARENESS_AbilityContext: [1668681730577] deliver {dataId=100000093, mode=0} to 1 receivers
11-17 18:42:09.745  6950 18691 I swingclient: IgsListenerProxy::onIgsEventDone eventId = 5
11-17 18:42:09.746  6950  2575 I CAWARENESS_CompatibleFenceTrigger: fenceName 13 pid 2010 uid 1000
11-17 18:42:09.746  6950  2575 I CAWARENESS_CacheReportDataService: insertData
11-17 18:42:09.746  6950  7857 I CAWARENESS_CompatibleFenceTrigger: triggerForSwing with IAwarenessListener
11-17 18:42:09.747  2010  4605 I HwSwingFaceRotationHub: handleFenceResult FaceDirection 0
11-17 18:42:09.748  2010  2620 D HwWindowManagerServiceEx: notifySwingRotation rotation:0
11-17 18:42:09.748  2010  2620 I HwDisplayRotationEx: swingRotationForSensor desireRotation 0 swingRotation 0 sensorRotation -1 lastRotation 0
11-17 18:42:09.749  2010  2620 I HwWindowManagerServiceEx: setLandAnimationInfo : false
