11-16 16:46:43.553 27304 27304 E AndroidRuntime: 	at android.app.ActivityThread.performLaunchActivity(ActivityThread.java:4033)
11-16 16:46:43.553 27304 27304 E AndroidRuntime: 	... 11 more
11-16 16:46:43.554  2010 27350 I chatty  : uid=1000(system) Binder:2010_F expire 1 line
11-16 16:46:43.599  9372  9372 I RtgSchedEvent: current pid:9372 AppType:28
11-16 16:46:43.604  9372  9372 I ActivityThread: Handle window ActivityRecord{987fcd4 token=android.os.BinderProxy@1d5be79 {com.huawei.android.launcher/com.huawei.android.launcher.unihome.UniHomeLauncher}} visibility: true
11-16 16:46:43.617  4667  4954 E Booster_MatterAppRecommend: [isMatterPackage]invalid mMatterPackagesConfig
11-16 16:46:43.619  4088 17536 D HwCommandQueue: CommandQueue, set Launcher StatusBar Color
11-16 16:46:44.699  2010  2641 I chatty  : uid=1000(system) ActivityManager expire 10 lines
11-16 16:46:44.711 27356 27356 D ActivityThread: Attach thread to application
11-16 16:46:44.714 27356 27373 I HwActivityThreadImpl: mSocketName: 84a1d063-c722-4c2c-8180-8ef4bb2b9cf4
11-16 16:46:44.715 27356 27373 I HwActivityThreadImpl: initPreloadedSocked end mPreloadStatus 2
11-16 16:46:44.718 27356 27374 I ActivityThread: Init compatible state: true
11-16 16:46:44.741 27356 27356 I HwActivityThreadImpl: accept socket mSocketName: 84a1d063-c722-4c2c-8180-8ef4bb2b9cf4
11-16 16:46:44.765  2010  2010 I chatty  : uid=1000(system) Binder:2010_F expire 14 lines
11-16 16:46:44.765  2010  4593 I chatty  : uid=1000(system) Binder:2010_D expire 52 lines
11-16 16:46:44.772  2010  2633 I chatty  : uid=1000(system) HwActivityTaskM expire 13 lines
11-16 16:46:44.780 27356 27375 I HwActivityThreadImpl: before connect app.socketName:84a1d063-c722-4c2c-8180-8ef4bb2b9cf4
11-16 16:46:44.781 27356 27356 I HwActivityThreadImpl: accept socket end
11-16 16:46:44.781 27356 27356 I HwActivityThreadImpl: acceptPreloadedApplication end mPreloadStatus 3
11-16 16:46:44.785 27356 27375 I HwActivityThreadImpl: connectContinuePreload end mPreloadStatus 3
11-16 16:46:44.792  2010 27381 I chatty  : uid=1000(system) Binder:2010_F expire 2 lines
11-16 16:46:44.794  2010  2621 I chatty  : uid=1000(system) android.ui expire 38 lines
11-16 16:46:44.795  4088  6833 D HwCommandQueue: CommandQueue, set Launcher StatusBar Color
11-16 16:46:44.816  2010  4177 I chatty  : uid=1000(system) Binder:2010_6 expire 15 lines
11-16 16:46:44.821  4439  4643 I HwNetworkPolicyManager: getHwUidPolicy uid = 10231 policy = 0
11-16 16:46:44.851 27356 27356 I ActivityThread: finishPreloaded preloadStatus 3
11-16 16:46:44.851 27356 27356 I ActivityThread: finishPreloaded end preloadStatus 3
11-16 16:46:44.851 27356 27356 I RtgSchedEvent: current pid:27356 AppType:7
11-16 16:46:44.863 27356 27356 V ActivityThread: callActivityOnCreate
11-16 16:46:44.886 27356 27356 D ActivityThread: add activity client record, r= ActivityRecord{5ff8c2 token=android.os.BinderProxy@bc69303 {cn.missevan/cn.missevan.activity.SplashActivity}} token= android.os.BinderProxy@bc69303
11-16 16:46:44.907 27356 27356 I RtgSchedEvent: current pid:27356 AppType:7
11-16 16:46:44.917  4088 18141 I HwCommandQueue: updateBarBgColor
11-16 16:46:44.917  4088 18141 D HwCommandQueue: CommandQueue, setBarBackgroundColor
11-16 16:46:44.918  4088 18141 D HwCommandQueue: CommandQueue, set Launcher StatusBar Color
11-16 16:46:44.921  4667  4954 E BoosterUtil: convertSubIdToSlotId failed, subId:0, slotId:-1
11-16 16:46:44.921  4667  4954 E BoosterUtil: getDefaultDataSlotId failed, invalid slotId:-1, subId:0
11-16 16:46:44.921  4667  4954 I UidCloseNrStateMachine: addUidChanged uid: 10231
11-16 16:46:44.921  4667  4954 I NetworkQoeChr: checkForegroundApp timer end
11-16 16:46:44.921  4667  4954 I NetworkQoeChr: start qoe report
11-16 16:46:44.921  4667  4954 E Booster_NetworkQoe: [checkModemParaCollecEnable]sendModemParaCollecEnable invalid defaultDataSlotId=-1
11-16 16:46:44.924  4667  4954 I UidCloseNrStateMachine: enter uidStateChanged, ForeGrountApp=cn.missevan, mIsCallOn=false, mIsUsbPlugged=true, openLowPowerSwitch=true, lteQoeSlowState=false, powerPerformanceMode=2, isOpenAreaSaSwitch=false, isSpeedSensitivityApp=false, mIsCloseLowPowerByAreaSwitch=false
11-16 16:46:44.927  4667  4954 E Booster_BroadcastProxy: [isDataOn]isDataOn failed, invalid slotId=-1
11-16 16:46:44.927  2010  2640 I chatty  : uid=1000(system) ActivityManager expire 12 lines
11-16 16:46:44.929  4667  4954 I SmartDualCardConfig: getAppType,pkgName=cn.missevan,appType=7
11-16 16:46:44.929  4667  4954 E SmartDualCardConfig: isAppInBlackList false,items==null
11-16 16:46:44.929  4667  4954 I BoosterProps: isCloudPropEnable, propName is:hw_sc.tx_power_ctrl, propValue is:false, default value is:false
11-16 16:46:44.929  4667  4954 I PowerMsgAdapter: addUidChanged uid: 10231
11-16 16:46:44.930  4667  4954 E Booster_MatterAppRecommend: [isMatterPackage]invalid mMatterPackagesConfig
11-16 16:46:44.931  2010  6398 I chatty  : uid=1000(system) Binder:2010_1B expire 31 lines
11-16 16:46:44.935  4667  4954 E BoosterUtil: convertSubIdToSlotId failed, subId:0, slotId:-1
11-16 16:46:44.935  4667  4954 E BoosterUtil: getDefaultDataSlotId failed, invalid slotId:-1, subId:0
11-16 16:46:44.935  4667  4954 I BoosterProps: isCloudPropEnable, propName is:hw_sc.sa_4r_2r_handover, propValue is:true, default value is:false
11-16 16:46:44.935  4667  4954 I Power2r4rHandover: 4rTo2rCondition, usbStatus = true, foreGrountApp = cn.missevan, 4rTo2rCtrlRule = 1, is4rTo2rCheck = false, batteryMode = 1, mIs4r2rHandover = false
11-16 16:46:44.953  2010  4214 I chatty  : uid=1000(system) Binder:2010_B expire 86 lines
11-16 16:46:44.994  4088 13407 D HwCommandQueue: CommandQueue, set Launcher StatusBar Color
11-16 16:46:45.066  4088 13407 D HwCommandQueue: CommandQueue, set Launcher StatusBar Color
11-16 16:46:45.186  4667  4954 I SmartDualCardConfig: getAppType,pkgName=com.huawei.android.launcher,appType=28
11-16 16:46:45.186  4667  4954 E SmartDualCardConfig: isAppInBlackList false,items==null
11-16 16:46:45.186  4667  4954 E ScgQuickAddManager: uidInfo.isForeGroundUid() is false
11-16 16:46:45.941  4667  4954 E BoosterUtil: convertSubIdToSlotId failed, subId:0, slotId:-1
11-16 16:46:45.941  4667  4954 E BoosterUtil: getDefaultDataSlotId failed, invalid slotId:-1, subId:0
11-16 16:46:46.664 27356 27356 W HwApsManager: HwApsManagerService, registerCallback, start !
11-16 16:46:46.669 27356 27356 I ViewRootImpl: dispatchDetachedFromWindow in doDie
11-16 16:46:46.677  4088 17536 I HwCommandQueue: updateBarBgColor
11-16 16:46:46.677  4088 17536 D HwCommandQueue: CommandQueue, setBarBackgroundColor
11-16 16:46:46.677  4088 17536 D HwCommandQueue: CommandQueue, set Launcher StatusBar Color
11-16 16:46:46.681  4088 17536 D HwCommandQueue: CommandQueue, set Launcher StatusBar Color
11-16 16:46:46.832 27356 27490 D HwCustConnectivityManagerImpl: isBlockNetworkRequestByNonAis, INVALID_SUBSCRIPTION_ID
11-16 16:46:46.833  2010  3889 I chatty  : uid=1000(system) ConnectivitySer expire 29 lines
11-16 16:46:46.968  4667  4954 E BoosterUtil: convertSubIdToSlotId failed, subId:0, slotId:-1
11-16 16:46:46.968  4667  4954 E BoosterUtil: getDefaultDataSlotId failed, invalid slotId:-1, subId:0
11-16 16:46:46.992 27356 27356 V ActivityThread: callActivityOnCreate
11-16 16:46:47.000 27534 27534 D ActivityThread: Attach thread to application
11-16 16:46:47.013 27534 27565 I ActivityThread: Init compatible state: true
11-16 16:46:47.036 27356 27356 D ActivityThread: add activity client record, r= ActivityRecord{8eed664 token=android.os.BinderProxy@c636bf1 {cn.missevan/cn.missevan.activity.MainActivity}} token= android.os.BinderProxy@c636bf1
11-16 16:46:47.111 27356 27356 D HwCustConnectivityManagerImpl: isBlockNetworkRequestByNonAis, INVALID_SUBSCRIPTION_ID
11-16 16:46:47.112 27356 27356 D HwCustConnectivityManagerImpl: isBlockNetworkRequestByNonAis, INVALID_SUBSCRIPTION_ID
11-16 16:46:47.121 27596 27596 D ActivityThread: Attach thread to application
11-16 16:46:47.135 27596 27634 E ActivityThread: getApplicationInfo metadata error
11-16 16:46:47.135 27596 27634 I ActivityThread: Init compatible state: false
11-16 16:46:47.155 27596 27596 I ActivityThread: finishPreloaded preloadStatus 0
11-16 16:46:47.157  4088 17536 D HwCommandQueue: CommandQueue, set Launcher StatusBar Color
11-16 16:46:47.184  4667  4954 E Booster_MatterAppRecommend: [isMatterPackage]invalid mMatterPackagesConfig
11-16 16:46:47.221  4088 13407 D HwCommandQueue: CommandQueue, set Launcher StatusBar Color
11-16 16:46:47.228  4088 18141 D HwCommandQueue: CommandQueue, set Launcher StatusBar Color
11-16 16:46:47.234 27534 27534 I ActivityThread: finishPreloaded preloadStatus 0
11-16 16:46:47.238 27356 27686 D HwCustConnectivityManagerImpl: isBlockNetworkRequestByNonAis, INVALID_SUBSCRIPTION_ID
11-16 16:46:47.242 27356 27686 D HwCustConnectivityManagerImpl: isBlockNetworkRequestByNonAis, INVALID_SUBSCRIPTION_ID
11-16 16:46:47.278 27693 27693 D ActivityThread: Attach thread to application
11-16 16:46:47.298 27693 27721 I ActivityThread: Init compatible state: true
11-16 16:46:47.303  2010 27734 I chatty  : uid=1000(system) Binder:2010_F expire 5 lines
11-16 16:46:47.314 27356 27581 E ActivityThread: Failed to find provider info for com.vivo.push.sdk.service.SystemPushConfig
11-16 16:46:47.475 27693 27693 I ActivityThread: finishPreloaded preloadStatus 0
11-16 16:46:47.568  2010  2647 I chatty  : uid=1000(system) ActivityManager expire 10 lines
11-16 16:46:47.580 27356 27356 D ActivityThread: Remove activity client record, r= ActivityRecord{5ff8c2 token=android.os.BinderProxy@bc69303 {cn.missevan/cn.missevan.activity.SplashActivity}} token= android.os.BinderProxy@bc69303
11-16 16:46:47.580 27356 27356 I ViewRootImpl: dispatchDetachedFromWindow in doDie
11-16 16:46:47.625 27534 27817 D HwCustConnectivityManagerImpl: isBlockNetworkRequestByNonAis, INVALID_SUBSCRIPTION_ID
11-16 16:46:47.625  2010  5176 I chatty  : uid=1000(system) Binder:2010_10 expire 25 lines
11-16 16:46:47.627 27534 27817 D HwCustConnectivityManagerImpl: isBlockNetworkRequestByNonAis, INVALID_SUBSCRIPTION_ID
11-16 16:46:47.980 27356 27356 I ViewRootImpl: dispatchDetachedFromWindow in doDie
11-16 16:46:47.991  4667  4954 E BoosterUtil: convertSubIdToSlotId failed, subId:0, slotId:-1
11-16 16:46:47.991  4667  4954 E BoosterUtil: getDefaultDataSlotId failed, invalid slotId:-1, subId:0
11-16 16:46:47.994  4088 17536 I HwCommandQueue: updateBarBgColor
11-16 16:46:47.994  4088 17536 D HwCommandQueue: CommandQueue, setBarBackgroundColor
11-16 16:46:47.994  4088  6833 D HwCommandQueue: CommandQueue, set Launcher StatusBar Color
11-16 16:46:48.049 11567 11567 V ActivityThread: callActivityOnCreate
11-16 16:46:48.072 11567 11567 I RtgSchedEvent: current pid:11567 AppType:15
11-16 16:46:48.072 11567 11567 D ActivityThread: add activity client record, r= ActivityRecord{a53eada token=android.os.BinderProxy@7c407f7 {com.android.permissioncontroller/com.android.packageinstaller.permission.ui.GrantPermissionsActivity}} token= android.os.BinderProxy@7c407f7
11-16 16:46:48.073  2010  5433 I chatty  : uid=1000(system) Binder:2010_11 expire 112 lines
11-16 16:46:48.073  4439  5394 I HwNetworkPolicyManager: getHwUidPolicy uid = 10057 policy = 0
11-16 16:46:48.087  4667  4954 E Booster_MatterAppRecommend: [isMatterPackage]invalid mMatterPackagesConfig
11-16 16:46:48.101  4088 17536 D HwCommandQueue: CommandQueue, set Launcher StatusBar Color
11-16 16:46:48.697  2010  3876 I chatty  : uid=1000(system) NetworkStats expire 18 lines
11-16 16:46:48.908   522 11097 D vold    : Remounting 10231 as mode read
11-16 16:46:48.913   522 11097 D vold    : Found matching PID 27356
11-16 16:46:48.915   522 11097 D vold    : Found matching PID 27534
11-16 16:46:48.916   522 11097 D vold    : Found matching PID 27693
11-16 16:46:48.917   522 11097 D vold    : Found matching PID 27745
11-16 16:46:48.921   522 11097 D vold    : Remounting 10231 as mode write
11-16 16:46:48.925   522 11097 D vold    : Found matching PID 27356
11-16 16:46:48.927   522 11097 D vold    : Found matching PID 27534
11-16 16:46:48.928   522 11097 D vold    : Found matching PID 27693
11-16 16:46:48.929   522 11097 D vold    : Found matching PID 27745
11-16 16:46:48.949 27356 27356 D ActivityThread: Won't deliver top position change in state=4
11-16 16:46:48.951  4088 17536 D HwCommandQueue: CommandQueue, set Launcher StatusBar Color
11-16 16:46:48.952  2010  2786 I chatty  : uid=1000(system) sManagerService expire 14 lines
11-16 16:46:48.988 27356 27356 I ViewRootImpl: dispatchDetachedFromWindow in doDie
11-16 16:46:48.997 27356 27356 D HwCustConnectivityManagerImpl: isBlockNetworkRequestByNonAis, INVALID_SUBSCRIPTION_ID
11-16 16:46:48.999 27356 27356 I RtgSchedEvent: current pid:27356 AppType:7
11-16 16:46:49.006  4667  4954 E Booster_MatterAppRecommend: [isMatterPackage]invalid mMatterPackagesConfig
11-16 16:46:49.014  4667  4954 E BoosterUtil: convertSubIdToSlotId failed, subId:0, slotId:-1
11-16 16:46:49.014  4667  4954 E BoosterUtil: getDefaultDataSlotId failed, invalid slotId:-1, subId:0
11-16 16:46:49.016 11567 11567 D ActivityThread: Remove activity client record, r= ActivityRecord{a53eada token=android.os.BinderProxy@7c407f7 {com.android.permissioncontroller/com.android.packageinstaller.permission.ui.GrantPermissionsActivity}} token= android.os.BinderProxy@7c407f7
11-16 16:46:49.016 11567 11567 I ViewRootImpl: dispatchDetachedFromWindow in doDie
11-16 16:46:49.716  2010  2747 I chatty  : uid=1000(system) Binder:2010_3 expire 12 lines
11-16 16:46:49.756 27893 27893 D ActivityThread: Attach thread to application
11-16 16:46:49.764 27893 27911 I ActivityThread: Init compatible state: true
11-16 16:46:49.953 27893 27893 I ActivityThread: finishPreloaded preloadStatus 0
11-16 16:46:50.042  4667  4954 E BoosterUtil: convertSubIdToSlotId failed, subId:0, slotId:-1
11-16 16:46:50.042  4667  4954 E BoosterUtil: getDefaultDataSlotId failed, invalid slotId:-1, subId:0
11-16 16:46:51.064  4667  4954 E BoosterUtil: convertSubIdToSlotId failed, subId:0, slotId:-1
11-16 16:46:51.064  4667  4954 E BoosterUtil: getDefaultDataSlotId failed, invalid slotId:-1, subId:0
11-16 16:46:51.804  4088  6833 D HwCommandQueue: CommandQueue, set Launcher StatusBar Color
11-16 16:46:51.905  4088 17536 D HwCommandQueue: CommandQueue, set Launcher StatusBar Color
11-16 16:46:51.912 27356 27356 I ViewRootImpl: dispatchDetachedFromWindow in doDie
11-16 16:46:51.919  4088 13407 I HwCommandQueue: updateBarBgColor
11-16 16:46:51.919  4088 13407 D HwCommandQueue: CommandQueue, setBarBackgroundColor
11-16 16:46:51.919  4088 17536 D HwCommandQueue: CommandQueue, set Launcher StatusBar Color
11-16 16:46:52.090  4667  4954 E BoosterUtil: convertSubIdToSlotId failed, subId:0, slotId:-1
11-16 16:46:52.090  4667  4954 E BoosterUtil: getDefaultDataSlotId failed, invalid slotId:-1, subId:0
11-16 16:46:53.118  4667  4954 E BoosterUtil: convertSubIdToSlotId failed, subId:0, slotId:-1
11-16 16:46:53.118  4667  4954 E BoosterUtil: getDefaultDataSlotId failed, invalid slotId:-1, subId:0
11-16 16:46:53.230  4088 13407 D HwCommandQueue: CommandQueue, set Launcher StatusBar Color
11-16 16:46:53.262  4088 18141 D HwCommandQueue: CommandQueue, set Launcher StatusBar Color
11-16 16:46:53.609 27356 27356 I ViewRootImpl: dispatchDetachedFromWindow in doDie
11-16 16:46:53.618  4088  6833 I HwCommandQueue: updateBarBgColor
11-16 16:46:53.618  4088  6833 D HwCommandQueue: CommandQueue, setBarBackgroundColor
11-16 16:46:53.620  4088 18141 D HwCommandQueue: CommandQueue, set Launcher StatusBar Color
11-16 16:46:53.626  4088  6833 D HwCommandQueue: CommandQueue, set Launcher StatusBar Color
11-16 16:46:54.134  4667  4954 E BoosterUtil: convertSubIdToSlotId failed, subId:0, slotId:-1
11-16 16:46:54.134  4667  4954 E BoosterUtil: getDefaultDataSlotId failed, invalid slotId:-1, subId:0
11-16 16:46:55.163  4667  4954 E BoosterUtil: convertSubIdToSlotId failed, subId:0, slotId:-1
11-16 16:46:55.163  4667  4954 E BoosterUtil: getDefaultDataSlotId failed, invalid slotId:-1, subId:0
11-16 16:46:56.183  4667  4954 E BoosterUtil: convertSubIdToSlotId failed, subId:0, slotId:-1
11-16 16:46:56.183  4667  4954 E BoosterUtil: getDefaultDataSlotId failed, invalid slotId:-1, subId:0
11-16 16:46:56.930 28070 28070 D ActivityThread: Attach thread to application
11-16 16:46:56.942 28070 28088 I ActivityThread: Init compatible state: true
11-16 16:46:57.194 28070 28070 I ActivityThread: finishPreloaded preloadStatus 0
11-16 16:46:57.212  4667  4954 E BoosterUtil: convertSubIdToSlotId failed, subId:0, slotId:-1
11-16 16:46:57.212  4667  4954 E BoosterUtil: getDefaultDataSlotId failed, invalid slotId:-1, subId:0
11-16 16:46:57.242 28070 28117 D HwCustConnectivityManagerImpl: isBlockNetworkRequestByNonAis, INVALID_SUBSCRIPTION_ID
11-16 16:46:57.244  2010  3889 I chatty  : uid=1000(system) ConnectivitySer expire 16 lines
11-16 16:46:57.552  2010  2653 I chatty  : uid=1000(system) PowerManagerSer expire 30 lines
11-16 16:46:57.574  2010  3881 I chatty  : uid=1000(system) WifiP2pService expire 33 lines
11-16 16:46:57.907  2010  4177 I chatty  : uid=1000(system) Binder:2010_6 expire 23 lines
11-16 16:46:58.235  4667  4954 E BoosterUtil: convertSubIdToSlotId failed, subId:0, slotId:-1
11-16 16:46:58.235  4667  4954 E BoosterUtil: getDefaultDataSlotId failed, invalid slotId:-1, subId:0
11-16 16:46:59.256  4667  4954 E BoosterUtil: convertSubIdToSlotId failed, subId:0, slotId:-1
11-16 16:46:59.256  4667  4954 E BoosterUtil: getDefaultDataSlotId failed, invalid slotId:-1, subId:0
11-16 16:46:59.959  2010 11971 I chatty  : uid=1000(system) MobileQosDetect expire 10 lines
11-16 16:47:00.197  2010  3876 I chatty  : uid=1000(system) NetworkStats expire 27 lines
11-16 16:47:00.280  4667  4954 E BoosterUtil: convertSubIdToSlotId failed, subId:0, slotId:-1
11-16 16:47:00.280  4667  4954 E BoosterUtil: getDefaultDataSlotId failed, invalid slotId:-1, subId:0
11-16 16:47:01.308  4667  4954 E BoosterUtil: convertSubIdToSlotId failed, subId:0, slotId:-1
11-16 16:47:01.309  4667  4954 E BoosterUtil: getDefaultDataSlotId failed, invalid slotId:-1, subId:0
11-16 16:47:02.006  2010  5176 I chatty  : uid=1000(system) Binder:2010_10 expire 17 lines
11-16 16:47:02.009  4624  4904 W ContextImpl: Calling a method in the system process without a qualified user: android.app.ContextImpl.bindService:1777 android.content.ContextWrapper.bindService:705 com.huawei.hilink.framework.aidl.HilinkServiceProxy.bindService:176 com.huawei.hilink.framework.aidl.HilinkServiceProxy.<init>:139 com.huawei.ncdft.wifi.component.HiLinkRouterComponent.create:671
11-16 16:47:02.058 28146 28146 D ActivityThread: Attach thread to application
11-16 16:47:02.071 28146 28164 I ActivityThread: Init compatible state: false
11-16 16:47:02.080 28146 28146 I LoadedApk: makePaths: outLibPaths=[/system/app/HiLinkSvc/lib/arm, /system/app/HiLinkSvc/HiLinkSvc.apk!/lib/armeabi-v7a, /system/lib:/hw_product/lib]
11-16 16:47:02.131 28146 28146 I ActivityThread: finishPreloaded preloadStatus 0
11-16 16:47:02.331  4667  4954 E BoosterUtil: convertSubIdToSlotId failed, subId:0, slotId:-1
11-16 16:47:02.331  4667  4954 E BoosterUtil: getDefaultDataSlotId failed, invalid slotId:-1, subId:0
11-16 16:47:02.800  2010  2752 I chatty  : uid=1000(system) UEventObserver expire 12 lines
11-16 16:47:03.356  4667  4954 E BoosterUtil: convertSubIdToSlotId failed, subId:0, slotId:-1
11-16 16:47:03.356  4667  4954 E BoosterUtil: getDefaultDataSlotId failed, invalid slotId:-1, subId:0
11-16 16:47:04.379  4667  4954 E BoosterUtil: convertSubIdToSlotId failed, subId:0, slotId:-1
11-16 16:47:04.379  4667  4954 E BoosterUtil: getDefaultDataSlotId failed, invalid slotId:-1, subId:0
11-16 16:47:05.403  4667  4954 E BoosterUtil: convertSubIdToSlotId failed, subId:0, slotId:-1
11-16 16:47:05.403  4667  4954 E BoosterUtil: getDefaultDataSlotId failed, invalid slotId:-1, subId:0
11-16 16:47:06.426  4667  4954 E BoosterUtil: convertSubIdToSlotId failed, subId:0, slotId:-1
11-16 16:47:06.426  4667  4954 E BoosterUtil: getDefaultDataSlotId failed, invalid slotId:-1, subId:0
11-16 16:47:07.450  4667  4954 E BoosterUtil: convertSubIdToSlotId failed, subId:0, slotId:-1
11-16 16:47:07.450  4667  4954 E BoosterUtil: getDefaultDataSlotId failed, invalid slotId:-1, subId:0
11-16 16:47:08.477  4667  4954 E BoosterUtil: convertSubIdToSlotId failed, subId:0, slotId:-1
11-16 16:47:08.477  4667  4954 E BoosterUtil: getDefaultDataSlotId failed, invalid slotId:-1, subId:0
11-16 16:47:08.554  2010  2653 I chatty  : uid=1000(system) PowerManagerSer expire 27 lines
11-16 16:47:08.586  2010  3881 I chatty  : uid=1000(system) WifiP2pService expire 33 lines
11-16 16:47:08.997  2010  4177 I chatty  : uid=1000(system) Binder:2010_6 expire 24 lines
11-16 16:47:09.496  4667  4954 E BoosterUtil: convertSubIdToSlotId failed, subId:0, slotId:-1
11-16 16:47:09.496  4667  4954 E BoosterUtil: getDefaultDataSlotId failed, invalid slotId:-1, subId:0
11-16 16:47:10.531  4667  4954 E BoosterUtil: convertSubIdToSlotId failed, subId:0, slotId:-1
11-16 16:47:10.531  4667  4954 E BoosterUtil: getDefaultDataSlotId failed, invalid slotId:-1, subId:0
11-16 16:47:11.354  2010  6392 I chatty  : uid=1000(system) Binder:2010_19 expire 12 lines
11-16 16:47:11.573  4667  4954 E BoosterUtil: convertSubIdToSlotId failed, subId:0, slotId:-1
11-16 16:47:11.573  4667  4954 E BoosterUtil: getDefaultDataSlotId failed, invalid slotId:-1, subId:0
11-16 16:47:12.576  4667  4954 E BoosterUtil: convertSubIdToSlotId failed, subId:0, slotId:-1
11-16 16:47:12.576  4667  4954 E BoosterUtil: getDefaultDataSlotId failed, invalid slotId:-1, subId:0
11-16 16:47:13.593  4667  4954 E BoosterUtil: convertSubIdToSlotId failed, subId:0, slotId:-1
11-16 16:47:13.593  4667  4954 E BoosterUtil: getDefaultDataSlotId failed, invalid slotId:-1, subId:0
11-16 16:47:14.614  4667  4954 E BoosterUtil: convertSubIdToSlotId failed, subId:0, slotId:-1
11-16 16:47:14.614  4667  4954 E BoosterUtil: getDefaultDataSlotId failed, invalid slotId:-1, subId:0
11-16 16:47:15.640  4667  4954 E BoosterUtil: convertSubIdToSlotId failed, subId:0, slotId:-1
11-16 16:47:15.640  4667  4954 E BoosterUtil: getDefaultDataSlotId failed, invalid slotId:-1, subId:0
11-16 16:47:16.666  4667  4954 E BoosterUtil: convertSubIdToSlotId failed, subId:0, slotId:-1
11-16 16:47:16.666  4667  4954 E BoosterUtil: getDefaultDataSlotId failed, invalid slotId:-1, subId:0
11-16 16:47:17.697  4667  4954 E BoosterUtil: convertSubIdToSlotId failed, subId:0, slotId:-1
11-16 16:47:17.697  4667  4954 E BoosterUtil: getDefaultDataSlotId failed, invalid slotId:-1, subId:0
11-16 16:47:18.722  4667  4954 E BoosterUtil: convertSubIdToSlotId failed, subId:0, slotId:-1
11-16 16:47:18.722  4667  4954 E BoosterUtil: getDefaultDataSlotId failed, invalid slotId:-1, subId:0
11-16 16:47:19.568  2010  2653 I chatty  : uid=1000(system) PowerManagerSer expire 28 lines
11-16 16:47:19.589  2010  3881 I chatty  : uid=1000(system) WifiP2pService expire 33 lines
11-16 16:47:19.746  4667  4954 E BoosterUtil: convertSubIdToSlotId failed, subId:0, slotId:-1
11-16 16:47:19.746  4667  4954 E BoosterUtil: getDefaultDataSlotId failed, invalid slotId:-1, subId:0
11-16 16:47:20.762  4667  4954 E BoosterUtil: convertSubIdToSlotId failed, subId:0, slotId:-1
11-16 16:47:20.762  4667  4954 E BoosterUtil: getDefaultDataSlotId failed, invalid slotId:-1, subId:0
11-16 16:47:21.787  4667  4954 E BoosterUtil: convertSubIdToSlotId failed, subId:0, slotId:-1
11-16 16:47:21.787  4667  4954 E BoosterUtil: getDefaultDataSlotId failed, invalid slotId:-1, subId:0
11-16 16:47:22.815  4667  4954 E BoosterUtil: convertSubIdToSlotId failed, subId:0, slotId:-1
11-16 16:47:22.815  4667  4954 E BoosterUtil: getDefaultDataSlotId failed, invalid slotId:-1, subId:0
11-16 16:47:23.833  4667  4954 E BoosterUtil: convertSubIdToSlotId failed, subId:0, slotId:-1
11-16 16:47:23.834  4667  4954 E BoosterUtil: getDefaultDataSlotId failed, invalid slotId:-1, subId:0
11-16 16:47:24.860  4667  4954 E BoosterUtil: convertSubIdToSlotId failed, subId:0, slotId:-1
11-16 16:47:24.860  4667  4954 E BoosterUtil: getDefaultDataSlotId failed, invalid slotId:-1, subId:0
11-16 16:47:25.880  4667  4954 E BoosterUtil: convertSubIdToSlotId failed, subId:0, slotId:-1
11-16 16:47:25.880  4667  4954 E BoosterUtil: getDefaultDataSlotId failed, invalid slotId:-1, subId:0
11-16 16:47:26.911  4667  4954 E BoosterUtil: convertSubIdToSlotId failed, subId:0, slotId:-1
11-16 16:47:26.911  4667  4954 E BoosterUtil: getDefaultDataSlotId failed, invalid slotId:-1, subId:0
11-16 16:47:27.930  4667  4954 E BoosterUtil: convertSubIdToSlotId failed, subId:0, slotId:-1
11-16 16:47:27.930  4667  4954 E BoosterUtil: getDefaultDataSlotId failed, invalid slotId:-1, subId:0
11-16 16:47:28.958  4667  4954 E BoosterUtil: convertSubIdToSlotId failed, subId:0, slotId:-1
11-16 16:47:28.958  4667  4954 E BoosterUtil: getDefaultDataSlotId failed, invalid slotId:-1, subId:0
11-16 16:47:29.987  4667  4954 E BoosterUtil: convertSubIdToSlotId failed, subId:0, slotId:-1
11-16 16:47:29.987  4667  4954 E BoosterUtil: getDefaultDataSlotId failed, invalid slotId:-1, subId:0
11-16 16:47:30.557  2010  2653 I chatty  : uid=1000(system) PowerManagerSer expire 31 lines
11-16 16:47:30.586  2010  3881 I chatty  : uid=1000(system) WifiP2pService expire 33 lines
11-16 16:47:31.010  4667  4954 E BoosterUtil: convertSubIdToSlotId failed, subId:0, slotId:-1
11-16 16:47:31.010  4667  4954 E BoosterUtil: getDefaultDataSlotId failed, invalid slotId:-1, subId:0
11-16 16:47:32.022  4667  4954 E BoosterUtil: convertSubIdToSlotId failed, subId:0, slotId:-1
11-16 16:47:32.023  4667  4954 E BoosterUtil: getDefaultDataSlotId failed, invalid slotId:-1, subId:0
11-16 16:47:33.048  4667  4954 E BoosterUtil: convertSubIdToSlotId failed, subId:0, slotId:-1
11-16 16:47:33.048  4667  4954 E BoosterUtil: getDefaultDataSlotId failed, invalid slotId:-1, subId:0
11-16 16:47:34.074  4667  4954 E BoosterUtil: convertSubIdToSlotId failed, subId:0, slotId:-1
11-16 16:47:34.074  4667  4954 E BoosterUtil: getDefaultDataSlotId failed, invalid slotId:-1, subId:0
11-16 16:47:35.098  4667  4954 E BoosterUtil: convertSubIdToSlotId failed, subId:0, slotId:-1
11-16 16:47:35.098  4667  4954 E BoosterUtil: getDefaultDataSlotId failed, invalid slotId:-1, subId:0
11-16 16:47:35.497  2010  4213 I chatty  : uid=1000(system) Binder:2010_A expire 43 lines
11-16 16:47:35.734  2010  2647 I chatty  : uid=1000(system) ActivityManager expire 10 lines
11-16 16:47:36.117  4667  4954 E BoosterUtil: convertSubIdToSlotId failed, subId:0, slotId:-1
11-16 16:47:36.117  4667  4954 E BoosterUtil: getDefaultDataSlotId failed, invalid slotId:-1, subId:0
11-16 16:47:37.147  4667  4954 E BoosterUtil: convertSubIdToSlotId failed, subId:0, slotId:-1
11-16 16:47:37.147  4667  4954 E BoosterUtil: getDefaultDataSlotId failed, invalid slotId:-1, subId:0
11-16 16:47:38.172  4667  4954 E BoosterUtil: convertSubIdToSlotId failed, subId:0, slotId:-1
11-16 16:47:38.172  4667  4954 E BoosterUtil: getDefaultDataSlotId failed, invalid slotId:-1, subId:0
11-16 16:47:39.191  4667  4954 E BoosterUtil: convertSubIdToSlotId failed, subId:0, slotId:-1
11-16 16:47:39.191  4667  4954 E BoosterUtil: getDefaultDataSlotId failed, invalid slotId:-1, subId:0
11-16 16:47:39.799  1046  1131 I storaged: storaged_t::event: storage_info refreshed.
11-16 16:47:39.975  2010  2621 I chatty  : uid=1000(system) android.ui expire 42 lines
11-16 16:47:39.975  4088 17536 D HwCommandQueue: CommandQueue, set Launcher StatusBar Color
11-16 16:47:39.981 27356 27356 I ViewRootImpl: dispatchDetachedFromWindow in doDie
11-16 16:47:39.988  4088  6833 I HwCommandQueue: updateBarBgColor
11-16 16:47:39.989  4088  6833 D HwCommandQueue: CommandQueue, setBarBackgroundColor
11-16 16:47:39.989  4088  6833 D HwCommandQueue: CommandQueue, set Launcher StatusBar Color
11-16 16:47:39.996  4088 13407 D HwCommandQueue: CommandQueue, set Launcher StatusBar Color
11-16 16:47:40.017  2010  2624 I chatty  : uid=1000(system) android.anim expire 72 lines
11-16 16:47:40.025  4088 13407 D HwCommandQueue: CommandQueue, set Launcher StatusBar Color
11-16 16:47:40.059 27356 27356 I ViewRootImpl: dispatchDetachedFromWindow in doDie
11-16 16:47:40.066  4088 17536 I HwCommandQueue: updateBarBgColor
11-16 16:47:40.066  4088 17536 D HwCommandQueue: CommandQueue, setBarBackgroundColor
11-16 16:47:40.067  4088 13407 D HwCommandQueue: CommandQueue, set Launcher StatusBar Color
11-16 16:47:40.073  4088 13407 D HwCommandQueue: CommandQueue, set Launcher StatusBar Color
11-16 16:47:40.126  4088 17536 D HwCommandQueue: CommandQueue, set Launcher StatusBar Color
11-16 16:47:40.133 27356 27356 I ViewRootImpl: dispatchDetachedFromWindow in doDie
11-16 16:47:40.141  4088  6833 I HwCommandQueue: updateBarBgColor
11-16 16:47:40.141  4088  6833 D HwCommandQueue: CommandQueue, setBarBackgroundColor
11-16 16:47:40.142  4088  6833 D HwCommandQueue: CommandQueue, set Launcher StatusBar Color
11-16 16:47:40.194  2010  2010 I chatty  : uid=1000(system) Binder:2010_F expire 31 lines
11-16 16:47:40.213  4667  4954 E BoosterUtil: convertSubIdToSlotId failed, subId:0, slotId:-1
11-16 16:47:40.213  4667  4954 E BoosterUtil: getDefaultDataSlotId failed, invalid slotId:-1, subId:0
11-16 16:47:41.238  4667  4954 E BoosterUtil: convertSubIdToSlotId failed, subId:0, slotId:-1
11-16 16:47:41.238  4667  4954 E BoosterUtil: getDefaultDataSlotId failed, invalid slotId:-1, subId:0
11-16 16:47:41.552  2010  2653 I chatty  : uid=1000(system) PowerManagerSer expire 72 lines
11-16 16:47:41.577  2010  3881 I chatty  : uid=1000(system) WifiP2pService expire 33 lines
11-16 16:47:42.264  4667  4954 E BoosterUtil: convertSubIdToSlotId failed, subId:0, slotId:-1
11-16 16:47:42.264  4667  4954 E BoosterUtil: getDefaultDataSlotId failed, invalid slotId:-1, subId:0
11-16 16:47:43.287  4667  4954 E BoosterUtil: convertSubIdToSlotId failed, subId:0, slotId:-1
11-16 16:47:43.287  4667  4954 E BoosterUtil: getDefaultDataSlotId failed, invalid slotId:-1, subId:0
11-16 16:47:43.397  9372  9372 I ActivityThread: Handle window ActivityRecord{987fcd4 token=android.os.BinderProxy@1d5be79 {com.huawei.android.launcher/com.huawei.android.launcher.unihome.UniHomeLauncher}} visibility: true
11-16 16:47:43.433  4439  4643 I HwNetworkPolicyManager: getHwUidPolicy uid = 10096 policy = 0
11-16 16:47:43.480  4088 17536 D HwCommandQueue: CommandQueue, set Launcher StatusBar Color
11-16 16:47:43.640  2010  2623 I chatty  : uid=1000(system) android.display expire 52 lines
11-16 16:47:43.985  2010  2747 I chatty  : uid=1000(system) Binder:2010_3 expire 40 lines
11-16 16:47:43.987  2010  5176 I chatty  : uid=1000(system) Binder:2010_10 expire 69 lines
11-16 16:47:43.997  2010  2633 I chatty  : uid=1000(system) HwActivityTaskM expire 18 lines
11-16 16:47:44.002  9372  9372 I RtgSchedEvent: current pid:9372 AppType:28
11-16 16:47:44.004  2010  4177 I chatty  : uid=1000(system) Binder:2010_6 expire 19 lines
11-16 16:47:44.008  2010 11971 I chatty  : uid=1000(system) MobileQosDetect expire 10 lines
11-16 16:47:44.010  2010  5549 I chatty  : uid=1000(system) Binder:2010_15 expire 72 lines
11-16 16:47:44.011  2010  3903 I chatty  : uid=1000(system) Thread-6 expire 16 lines
11-16 16:47:44.039  4667  4954 I UidCloseNrStateMachine: setConfigValue, appConfig is AppConfig packageName:None mPeriodM:5 mPeriodN:3 mThresholdX:32000 mThresholdY:56000 mTimerA:30 mTimerB:30 mCloseNrCount:7 mLteQoeTimerA:10 mLteQoeCloseNrCnt:4 mLteQoeOpenNrCnt:4
11-16 16:47:44.039  4667  4954 I UidCloseNrStateMachine: UID hot switch, uid:10096, pkgName:com.huawei.android.launcher
11-16 16:47:44.039  4667  4954 I NetworkQoeChr: checkForegroundApp timer start
11-16 16:47:44.039  4667  4954 I NetworkQoeChr: end qoe report
11-16 16:47:44.040  4667  4954 E Booster_BroadcastProxy: [isDataOn]isDataOn failed, invalid slotId=-1
11-16 16:47:44.040  2010  4214 I chatty  : uid=1000(system) Binder:2010_B expire 23 lines
11-16 16:47:44.043  4088 18141 I HwCommandQueue: updateBarBgColor
11-16 16:47:44.043  4088 18141 D HwCommandQueue: CommandQueue, setBarBackgroundColor
11-16 16:47:44.044  4667  4954 I SmartDualCardConfig: getAppType,pkgName=com.huawei.android.launcher,appType=28
11-16 16:47:44.044  4667  4954 E SmartDualCardConfig: isAppInBlackList false,items==null
11-16 16:47:44.044  4667  4954 I BoosterProps: isCloudPropEnable, propName is:hw_sc.tx_power_ctrl, propValue is:false, default value is:false
11-16 16:47:44.044  4667  4954 I PowerMsgAdapter: UID hot switch, uid:10096, pkgName:com.huawei.android.launcher
11-16 16:47:44.044  4088 13407 D HwCommandQueue: CommandQueue, set Launcher StatusBar Color
11-16 16:47:44.048  4667  4954 E Booster_MatterAppRecommend: [isMatterPackage]invalid mMatterPackagesConfig
11-16 16:47:44.048  4667  4954 I HidataAppQoeP: foregroundUidRemove uid: 10231 name: cn.missevan
11-16 16:47:44.049  4667  4954 E BoosterUtil: convertSubIdToSlotId failed, subId:0, slotId:-1
11-16 16:47:44.049  4667  4954 E BoosterUtil: getDefaultDataSlotId failed, invalid slotId:-1, subId:0
11-16 16:47:44.049  4667  4954 I BoosterProps: isCloudPropEnable, propName is:hw_sc.sa_4r_2r_handover, propValue is:true, default value is:false
11-16 16:47:44.049  4667  4954 I Power2r4rHandover: 4rTo2rCondition, usbStatus = true, foreGrountApp = com.huawei.android.launcher, 4rTo2rCtrlRule = 1, is4rTo2rCheck = true, batteryMode = 1, mIs4r2rHandover = false
11-16 16:47:44.049  4667  4954 E Booster_NetworkQoe: [checkModemParaCollecEnable]sendModemParaCollecEnable invalid defaultDataSlotId=-1
11-16 16:47:44.052  4667  4954 I SmartDualCardConfig: getAppType,pkgName=cn.missevan,appType=7
11-16 16:47:44.052  4667  4954 E SmartDualCardConfig: isAppInBlackList false,items==null
11-16 16:47:44.052  4667  4954 E ScgQuickAddManager: uidInfo.isForeGroundUid() is false
11-16 16:47:44.055  2010  5433 I chatty  : uid=1000(system) Binder:2010_11 expire 21 lines
11-16 16:47:44.215  2010  6392 I chatty  : uid=1000(system) Binder:2010_19 expire 10 lines
11-16 16:47:44.235  5992  5992 D ActivityThread: Won't deliver top position change in state=5
11-16 16:47:44.244  4088 13407 D HwCommandQueue: CommandQueue, set Launcher StatusBar Color
11-16 16:47:44.260  5992  5992 W InputMethodSubtype: list size = 2
11-16 16:47:44.264  5992  5992 I RtgSchedEvent: current pid:5992 AppType:255
11-16 16:47:44.275  4439  5342 I HwNetworkPolicyManager: getHwUidPolicy uid = 1000 policy = 0
11-16 16:47:44.275  4088 13407 I HwCommandQueue: updateBarBgColor
11-16 16:47:44.275  4088 13407 D HwCommandQueue: CommandQueue, setBarBackgroundColor
11-16 16:47:44.350  4568 14685 W ContextImpl: Calling a method in the system process without a qualified user: android.app.ContextImpl.bindService:1777 android.content.ContextWrapper.bindService:705 ohos.abilityshell.support.O00000O.O000000:709 ohos.abilityshell.support.O00000O.connectAbility:579 ohos.abilityshell.support.O00000o.O000000:153
11-16 16:47:44.554  2010  5443 I chatty  : uid=1000(system) Binder:2010_13 expire 37 lines
11-16 16:47:44.588  4667  4954 I SmartDualCardConfig: getAppType,pkgName=com.huawei.android.launcher,appType=28
11-16 16:47:44.588  4667  4954 E SmartDualCardConfig: isAppInBlackList false,items==null
11-16 16:47:44.588  4667  4954 E ScgQuickAddManager: uidInfo.isForeGroundUid() is false
11-16 16:47:44.955  4088 13407 D HwCommandQueue: CommandQueue, set Launcher StatusBar Color
11-16 16:47:44.978  4088 18141 D HwCommandQueue: CommandQueue, set Launcher StatusBar Color
11-16 16:47:45.001  4088 18141 D HwCommandQueue: CommandQueue, set Launcher StatusBar Color
11-16 16:47:45.965  4088 18141 I HwCommandQueue: updateBarBgColor
11-16 16:47:45.965  4088 18141 D HwCommandQueue: CommandQueue, setBarBackgroundColor
11-16 16:47:45.965  4088 17536 D HwCommandQueue: CommandQueue, set Launcher StatusBar Color
11-16 16:47:45.966  5992  5992 I RtgSchedEvent: current pid:5992 AppType:255
11-16 16:47:45.967  4088 17536 D HwCommandQueue: CommandQueue, set Launcher StatusBar Color
11-16 16:47:46.006 28292 28292 D ActivityThread: Attach thread to application
11-16 16:47:46.023 28292 28315 I ActivityThread: Init compatible state: false
11-16 16:47:46.069 28292 28292 I LoadedApk: makePaths: outLibPaths=[/system/app/BaiduInput_for_Huawei/lib/arm, /system/app/BaiduInput_for_Huawei/BaiduInput_for_Huawei.apk!/lib/armeabi-v7a, /system/lib:/hw_product/lib]
11-16 16:47:46.362  9372  9372 I ActivityThread: Handle window ActivityRecord{987fcd4 token=android.os.BinderProxy@1d5be79 {com.huawei.android.launcher/com.huawei.android.launcher.unihome.UniHomeLauncher}} visibility: true
11-16 16:47:46.414  4088 18141 D HwCommandQueue: CommandQueue, set Launcher StatusBar Color
11-16 16:47:46.416  4439  4643 I HwNetworkPolicyManager: getHwUidPolicy uid = 10096 policy = 0
11-16 16:47:46.641  2010  4213 I chatty  : uid=1000(system) Binder:2010_A expire 23 lines
11-16 16:47:46.985  2010  2634 I chatty  : uid=1000(system) HwGameAssistant expire 10 lines
11-16 16:47:46.987  9372  9372 I RtgSchedEvent: current pid:9372 AppType:28
11-16 16:47:46.995  2010  6398 I chatty  : uid=1000(system) Binder:2010_1B expire 11 lines
11-16 16:47:47.009  4667  4954 I NetworkQoeChr: end qoe report
11-16 16:47:47.011  4667  4954 E Booster_BroadcastProxy: [isDataOn]isDataOn failed, invalid slotId=-1
11-16 16:47:47.016  4667  4954 I SmartDualCardConfig: getAppType,pkgName=com.huawei.android.launcher,appType=28
11-16 16:47:47.016  4667  4954 E SmartDualCardConfig: isAppInBlackList false,items==null
11-16 16:47:47.017  4667  4954 E Booster_MatterAppRecommend: [isMatterPackage]invalid mMatterPackagesConfig
11-16 16:47:47.021  4667  4954 E BoosterUtil: convertSubIdToSlotId failed, subId:0, slotId:-1
11-16 16:47:47.021  4667  4954 E BoosterUtil: getDefaultDataSlotId failed, invalid slotId:-1, subId:0
11-16 16:47:47.028  4088  6833 I HwCommandQueue: updateBarBgColor
11-16 16:47:47.028  4088  6833 D HwCommandQueue: CommandQueue, setBarBackgroundColor
11-16 16:47:47.028 28292 28292 I ActivityThread: finishPreloaded preloadStatus 0
11-16 16:47:47.028  4088 13407 D HwCommandQueue: CommandQueue, set Launcher StatusBar Color
11-16 16:47:47.161  2010  2786 I chatty  : uid=1000(system) sManagerService expire 10 lines
11-16 16:47:47.169 27356 27356 I RtgSchedEvent: current pid:27356 AppType:7
11-16 16:47:47.169 27356 27356 D ActivityThread: Won't deliver top position change in state=5
11-16 16:47:47.202  4088  6833 I HwCommandQueue: updateBarBgColor
11-16 16:47:47.202  4088  6833 D HwCommandQueue: CommandQueue, setBarBackgroundColor
11-16 16:47:47.203  4088  4773 D HwCommandQueue: CommandQueue, set Launcher StatusBar Color
11-16 16:47:47.212  4439  5343 I HwNetworkPolicyManager: getHwUidPolicy uid = 10231 policy = 0
11-16 16:47:47.215  4667  4954 E BoosterUtil: convertSubIdToSlotId failed, subId:0, slotId:-1
11-16 16:47:47.215  4667  4954 E BoosterUtil: getDefaultDataSlotId failed, invalid slotId:-1, subId:0
11-16 16:47:47.225  4667  4954 I UidCloseNrStateMachine: setConfigValue, appConfig is AppConfig packageName:None mPeriodM:5 mPeriodN:3 mThresholdX:32000 mThresholdY:56000 mTimerA:30 mTimerB:30 mCloseNrCount:7 mLteQoeTimerA:10 mLteQoeCloseNrCnt:4 mLteQoeOpenNrCnt:4
11-16 16:47:47.225  4667  4954 I UidCloseNrStateMachine: UID hot switch, uid:10231, pkgName:cn.missevan
11-16 16:47:47.225  4667  4954 I NetworkQoeChr: checkForegroundApp timer end
11-16 16:47:47.225  4667  4954 E Booster_NetworkQoe: [checkModemParaCollecEnable]sendModemParaCollecEnable invalid defaultDataSlotId=-1
11-16 16:47:47.237  4667  4954 E Booster_BroadcastProxy: [isDataOn]isDataOn failed, invalid slotId=-1
11-16 16:47:47.240  4667  4954 I SmartDualCardConfig: getAppType,pkgName=cn.missevan,appType=7
11-16 16:47:47.240  4667  4954 E SmartDualCardConfig: isAppInBlackList false,items==null
11-16 16:47:47.240  4667  4954 I BoosterProps: isCloudPropEnable, propName is:hw_sc.tx_power_ctrl, propValue is:false, default value is:false
11-16 16:47:47.240  4667  4954 I PowerMsgAdapter: UID hot switch, uid:10231, pkgName:cn.missevan
11-16 16:47:47.241  4667  4954 E Booster_MatterAppRecommend: [isMatterPackage]invalid mMatterPackagesConfig
11-16 16:47:47.242  4667  4954 E BoosterUtil: convertSubIdToSlotId failed, subId:0, slotId:-1
11-16 16:47:47.242  4667  4954 E BoosterUtil: getDefaultDataSlotId failed, invalid slotId:-1, subId:0
11-16 16:47:47.242  4667  4954 I BoosterProps: isCloudPropEnable, propName is:hw_sc.sa_4r_2r_handover, propValue is:true, default value is:false
11-16 16:47:47.242  4667  4954 I Power2r4rHandover: 4rTo2rCondition, usbStatus = true, foreGrountApp = cn.missevan, 4rTo2rCtrlRule = 1, is4rTo2rCheck = false, batteryMode = 1, mIs4r2rHandover = false
11-16 16:47:47.536  4667  4954 I SmartDualCardConfig: getAppType,pkgName=com.huawei.android.launcher,appType=28
11-16 16:47:47.536  4667  4954 E SmartDualCardConfig: isAppInBlackList false,items==null
11-16 16:47:47.536  4667  4954 E ScgQuickAddManager: uidInfo.isForeGroundUid() is false
11-16 16:47:48.245  4667  4954 E BoosterUtil: convertSubIdToSlotId failed, subId:0, slotId:-1
11-16 16:47:48.245  4667  4954 E BoosterUtil: getDefaultDataSlotId failed, invalid slotId:-1, subId:0
11-16 16:47:48.903 28292 28292 W HwApsManager: HwApsManagerService, registerCallback, start !
11-16 16:47:49.271  4667  4954 E BoosterUtil: convertSubIdToSlotId failed, subId:0, slotId:-1
11-16 16:47:49.271  4667  4954 E BoosterUtil: getDefaultDataSlotId failed, invalid slotId:-1, subId:0
11-16 16:47:50.294  4667  4954 E BoosterUtil: convertSubIdToSlotId failed, subId:0, slotId:-1
11-16 16:47:50.294  4667  4954 E BoosterUtil: getDefaultDataSlotId failed, invalid slotId:-1, subId:0
11-16 16:47:51.320  4667  4954 E BoosterUtil: convertSubIdToSlotId failed, subId:0, slotId:-1
11-16 16:47:51.320  4667  4954 E BoosterUtil: getDefaultDataSlotId failed, invalid slotId:-1, subId:0
11-16 16:47:51.379 28429 28429 D ActivityThread: Attach thread to application
11-16 16:47:51.389 28429 28447 I ActivityThread: Init compatible state: false
11-16 16:47:51.393 28429 28429 I LoadedApk: makePaths: outLibPaths=[/system/app/HwSecureIME/lib/arm64, /system/lib64:/hw_product/lib64:/system/product/lib64]
11-16 16:47:51.407 28429 28429 I ActivityThread: finishPreloaded preloadStatus 0
11-16 16:47:51.584  2010  2624 I chatty  : uid=1000(system) android.anim expire 16 lines
11-16 16:47:52.310 28429 28429 W HwApsManager: HwApsManagerService, registerCallback, start !
11-16 16:47:52.346  4667  4954 E BoosterUtil: convertSubIdToSlotId failed, subId:0, slotId:-1
11-16 16:47:52.346  4667  4954 E BoosterUtil: getDefaultDataSlotId failed, invalid slotId:-1, subId:0
11-16 16:47:52.464  2010  3901 I chatty  : uid=1000(system) LocationHander expire 4 lines
11-16 16:47:53.372  4667  4954 E BoosterUtil: convertSubIdToSlotId failed, subId:0, slotId:-1
11-16 16:47:53.372  4667  4954 E BoosterUtil: getDefaultDataSlotId failed, invalid slotId:-1, subId:0
11-16 16:47:54.392  4667  4954 E BoosterUtil: convertSubIdToSlotId failed, subId:0, slotId:-1
11-16 16:47:54.392  4667  4954 E BoosterUtil: getDefaultDataSlotId failed, invalid slotId:-1, subId:0
11-16 16:47:54.507  2010  2621 I chatty  : uid=1000(system) android.ui expire 10 lines
11-16 16:47:54.509  4088  4773 D HwCommandQueue: CommandQueue, set Launcher StatusBar Color
11-16 16:47:54.539  4088  6833 D HwCommandQueue: CommandQueue, set Launcher StatusBar Color
11-16 16:47:54.558  4088 23004 D HwCommandQueue: CommandQueue, set Launcher StatusBar Color
11-16 16:47:54.695 27356 27356 I ViewRootImpl: dispatchDetachedFromWindow in doDie
11-16 16:47:54.704  4088  4773 I HwCommandQueue: updateBarBgColor
11-16 16:47:54.704  4088  4773 D HwCommandQueue: CommandQueue, setBarBackgroundColor
11-16 16:47:54.704  2010  5443 I chatty  : uid=1000(system) Binder:2010_13 expire 18 lines
11-16 16:47:54.705  4088 23004 D HwCommandQueue: CommandQueue, set Launcher StatusBar Color
11-16 16:47:54.709  4088 23004 D HwCommandQueue: CommandQueue, set Launcher StatusBar Color
11-16 16:47:54.714  2010  4177 I chatty  : uid=1000(system) Binder:2010_6 expire 13 lines
11-16 16:47:54.756  2010  5549 I chatty  : uid=1000(system) Binder:2010_15 expire 21 lines
11-16 16:47:55.419  4667  4954 E BoosterUtil: convertSubIdToSlotId failed, subId:0, slotId:-1
11-16 16:47:55.419  4667  4954 E BoosterUtil: getDefaultDataSlotId failed, invalid slotId:-1, subId:0
11-16 16:47:56.168  2010  2653 I chatty  : uid=1000(system) PowerManagerSer expire 14 lines
11-16 16:47:56.203  2010  5176 I chatty  : uid=1000(system) Binder:2010_10 expire 13 lines
11-16 16:47:56.438  4667  4954 E BoosterUtil: convertSubIdToSlotId failed, subId:0, slotId:-1
11-16 16:47:56.438  4667  4954 E BoosterUtil: getDefaultDataSlotId failed, invalid slotId:-1, subId:0
11-16 16:47:56.757  2010  2747 I chatty  : uid=1000(system) Binder:2010_3 expire 22 lines
11-16 16:47:57.468  4667  4954 E BoosterUtil: convertSubIdToSlotId failed, subId:0, slotId:-1
11-16 16:47:57.468  4667  4954 E BoosterUtil: getDefaultDataSlotId failed, invalid slotId:-1, subId:0
11-16 16:47:58.492  4667  4954 E BoosterUtil: convertSubIdToSlotId failed, subId:0, slotId:-1
11-16 16:47:58.492  4667  4954 E BoosterUtil: getDefaultDataSlotId failed, invalid slotId:-1, subId:0
11-16 16:47:59.515  4667  4954 E BoosterUtil: convertSubIdToSlotId failed, subId:0, slotId:-1
11-16 16:47:59.515  4667  4954 E BoosterUtil: getDefaultDataSlotId failed, invalid slotId:-1, subId:0
11-16 16:48:00.538  4667  4954 E BoosterUtil: convertSubIdToSlotId failed, subId:0, slotId:-1
11-16 16:48:00.538  4667  4954 E BoosterUtil: getDefaultDataSlotId failed, invalid slotId:-1, subId:0
11-16 16:48:01.523  2010  4214 I chatty  : uid=1000(system) Binder:2010_B expire 14 lines
11-16 16:48:01.559  4667  4954 E BoosterUtil: convertSubIdToSlotId failed, subId:0, slotId:-1
11-16 16:48:01.559  4667  4954 E BoosterUtil: getDefaultDataSlotId failed, invalid slotId:-1, subId:0
11-16 16:48:02.582  4667  4954 E BoosterUtil: convertSubIdToSlotId failed, subId:0, slotId:-1
11-16 16:48:02.582  4667  4954 E BoosterUtil: getDefaultDataSlotId failed, invalid slotId:-1, subId:0
11-16 16:48:02.795  2010  2620 I chatty  : uid=1000(system) android.fg expire 14 lines
11-16 16:48:03.611  4667  4954 E BoosterUtil: convertSubIdToSlotId failed, subId:0, slotId:-1
11-16 16:48:03.611  4667  4954 E BoosterUtil: getDefaultDataSlotId failed, invalid slotId:-1, subId:0
11-16 16:48:03.664  2010  2624 I chatty  : uid=1000(system) android.anim expire 24 lines
11-16 16:48:04.230  2010  2752 I chatty  : uid=1000(system) UEventObserver expire 12 lines
11-16 16:48:04.255  2010  2010 I chatty  : uid=1000(system) Binder:2010_F expire 12 lines
11-16 16:48:04.258  2010  6398 I chatty  : uid=1000(system) Binder:2010_1B expire 23 lines
11-16 16:48:04.633  4667  4954 E BoosterUtil: convertSubIdToSlotId failed, subId:0, slotId:-1
11-16 16:48:04.633  4667  4954 E BoosterUtil: getDefaultDataSlotId failed, invalid slotId:-1, subId:0
11-16 16:48:04.982  9372  9372 I ActivityThread: Handle window ActivityRecord{987fcd4 token=android.os.BinderProxy@1d5be79 {com.huawei.android.launcher/com.huawei.android.launcher.unihome.UniHomeLauncher}} visibility: true
11-16 16:48:05.018  2010  2786 I chatty  : uid=1000(system) sManagerService expire 10 lines
11-16 16:48:05.018  2010  2623 I chatty  : uid=1000(system) android.display expire 15 lines
11-16 16:48:05.036  2010  5433 I chatty  : uid=1000(system) Binder:2010_11 expire 13 lines
11-16 16:48:05.038  4439  5386 I HwNetworkPolicyManager: getHwUidPolicy uid = 10096 policy = 0
11-16 16:48:05.657  4667  4954 E BoosterUtil: convertSubIdToSlotId failed, subId:0, slotId:-1
11-16 16:48:05.657  4667  4954 E BoosterUtil: getDefaultDataSlotId failed, invalid slotId:-1, subId:0
11-16 16:48:06.681  4667  4954 E BoosterUtil: convertSubIdToSlotId failed, subId:0, slotId:-1
11-16 16:48:06.681  4667  4954 E BoosterUtil: getDefaultDataSlotId failed, invalid slotId:-1, subId:0
11-16 16:48:07.705  4667  4954 E BoosterUtil: convertSubIdToSlotId failed, subId:0, slotId:-1
11-16 16:48:07.705  4667  4954 E BoosterUtil: getDefaultDataSlotId failed, invalid slotId:-1, subId:0
11-16 16:48:08.050  2010  2747 I chatty  : uid=1000(system) Binder:2010_3 expire 27 lines
11-16 16:48:08.097  2010  3903 I chatty  : uid=1000(system) Thread-6 expire 13 lines
11-16 16:48:08.097  2010  2633 I chatty  : uid=1000(system) HwActivityTaskM expire 12 lines
11-16 16:48:08.481  2010  2653 I chatty  : uid=1000(system) PowerManagerSer expire 35 lines
11-16 16:48:08.551  2010  5442 I chatty  : uid=1000(system) Binder:2010_12 expire 15 lines
11-16 16:48:08.727  4667  4954 E BoosterUtil: convertSubIdToSlotId failed, subId:0, slotId:-1
11-16 16:48:08.727  4667  4954 E BoosterUtil: getDefaultDataSlotId failed, invalid slotId:-1, subId:0
11-16 16:48:09.751  4667  4954 E BoosterUtil: convertSubIdToSlotId failed, subId:0, slotId:-1
11-16 16:48:09.751  4667  4954 E BoosterUtil: getDefaultDataSlotId failed, invalid slotId:-1, subId:0
11-16 16:48:10.612  2010  6392 I chatty  : uid=1000(system) Binder:2010_19 expire 15 lines
11-16 16:48:10.774  4667  4954 E BoosterUtil: convertSubIdToSlotId failed, subId:0, slotId:-1
11-16 16:48:10.774  4667  4954 E BoosterUtil: getDefaultDataSlotId failed, invalid slotId:-1, subId:0
11-16 16:48:11.802  4667  4954 E BoosterUtil: convertSubIdToSlotId failed, subId:0, slotId:-1
11-16 16:48:11.802  4667  4954 E BoosterUtil: getDefaultDataSlotId failed, invalid slotId:-1, subId:0
11-16 16:48:12.826  4667  4954 E BoosterUtil: convertSubIdToSlotId failed, subId:0, slotId:-1
11-16 16:48:12.826  4667  4954 E BoosterUtil: getDefaultDataSlotId failed, invalid slotId:-1, subId:0
11-16 16:48:13.848  4667  4954 E BoosterUtil: convertSubIdToSlotId failed, subId:0, slotId:-1
11-16 16:48:13.848  4667  4954 E BoosterUtil: getDefaultDataSlotId failed, invalid slotId:-1, subId:0
11-16 16:48:14.873  4667  4954 E BoosterUtil: convertSubIdToSlotId failed, subId:0, slotId:-1
