06-20 17:45:03.182  4233  4738 D DolbyAtomsSoundEffectTile: Registering receiver
06-20 17:45:03.183  2018  3127 D libsensor-displayalgo: the value of  brightness:438.000000,R:77296384.557271,G:77297133.237939,B:77313059.061408,EVENT_C:5542.000000,EVENT_R:2130.000000,EVENT_G:2834.500000,EVENT_B:1122.500000
06-20 17:45:03.183  2018  3127 I libsensor-displayalgo: the value of  Coef1:1107.681000,Coef4:2.383000, scale1:0.935522, scale4:0.923264
06-20 17:45:03.183  2018  3127 E libsensor-displayalgo: RGB_test_0407_400_oldzy!
06-20 17:45:03.184  2018  3127 I libsensor-displayalgo: the value of  RESULT3116.697536,1231.266004,1510.266625,565.233393
06-20 17:45:03.184  2018  3127 I libsensor-displayalgo: the value of  getChannelDataCalibrated3267.687221,1140.389644,1755.389210,616.914213
06-20 17:45:03.184  2018  3127 I libsensor-displayalgo: the value of  REAL LUX131.226852
06-20 17:45:03.184  2018  3127 I libsensor-displayalgo: the value of  CAL REAL LUX131.226852
06-20 17:45:03.198  4233  4738 D DolbyAtomsSoundEffectTile: setListening: true
06-20 17:45:03.200  4233  4233 I Tile.MiuiCellularTile: modify default sim id to 0, because single sim.
06-20 17:45:03.200  4233  4233 D Tile.MiuiCellularTile: setAllSubs [{id=1 iccId=898607E20[****] simSlotIndex=0 carrierId=1435 displayName=中国移动 carrierName=无服务 nameSource=1 iconTint=-16746133 mNumber=[****] dataRoaming=0 iconBitmap=android.graphics.Bitmap@c42daa mcc=460 mnc=07 countryIso=cn isEmbedded=false nativeAccessRules=null cardString=898607E20[****] cardId=0 isOpportunistic=false groupUUID=null isGroupDisabled=false profileClass=-1 ehplmns=[46000, 46007, 46002, 46008] hplmns=[46000, 46000, 46000] subscriptionType=0 groupOwner=null carrierConfigAccessRules=null areUiccApplicationsEnabled=true}]
06-20 17:45:03.201  4233  4233 D Tile.MiuiCellularTile: data usage callback {0=DataUsage(simSlot=0, trafficType=-1, trafficValue=446.6, trafficUnit=2, billType=-1, billValue=bill_value), 1=DataUsage(simSlot=1, trafficType=-1, trafficValue=446.6, trafficUnit=2, billType=-1, billValue=bill_value)}
06-20 17:45:03.201  4233  4233 D MiuiPhoneStatusBarPolicy: updateBluetooth: action = null
06-20 17:45:03.201  4233  4233 D MiuiPhoneStatusBarPolicy: updateBluetooth: BluetoothFlowState = 0
06-20 17:45:03.208  4233  4738 I android_os_HwBinder: HwBinder: Starting thread pool for getting: vendor.xiaomi.hardware.micharge@1.0::IMiCharge/default
06-20 17:45:03.209  1322  1351 E vendor.xiaomi.hardware.micharge@1.0-service: Failed to open node sys/class/qcom-battery/reverse_chg_mode
06-20 17:45:03.209  1322  1351 I vendor.xiaomi.hardware.micharge@1.0-service: ReadFilePathValue path = sys/class/qcom-battery/reverse_chg_mode value =
06-20 17:45:03.209  4233  4738 D DolbyAtomsSoundEffectTile: refreshState:
06-20 17:45:03.211  1174 15430 D DlbDlbEffect: effectCommand(handle=0xb40000715496f110, cmdCode=8, cmdSize=16, pCmdData=0xb400007152c0c650, replySize=28, pReplyData=0xb400007152cf8e60)
06-20 17:45:03.218  4233  4738 I android_os_HwBinder: HwBinder: Starting thread pool for getting: vendor.xiaomi.hardware.micharge@1.0::IMiCharge/default
06-20 17:45:03.219  1322  1351 E vendor.xiaomi.hardware.micharge@1.0-service: Failed to open node sys/class/qcom-battery/reverse_chg_mode
06-20 17:45:03.219  1322  1351 I vendor.xiaomi.hardware.micharge@1.0-service: ReadFilePathValue path = sys/class/qcom-battery/reverse_chg_mode value =
06-20 17:45:03.226  4233  4233 D QSCustomizer: should not call this before tile changed.
06-20 17:45:03.232  4233  4738 D DolbyAtomsSoundEffectTile: refreshState:
06-20 17:45:03.232  4233  4233 D QSCustomizer: should not call this before tile changed.
06-20 17:45:03.232  1174 15430 D DlbDlbEffect: effectCommand(handle=0xb40000715496f110, cmdCode=8, cmdSize=16, pCmdData=0xb400007152c0c650, replySize=28, pReplyData=0xb400007152cf8f20)
06-20 17:45:03.237  4233  4233 D QSCustomizer: should not call this before tile changed.
06-20 17:45:03.241  4233  4233 D QSCustomizer: should not call this before tile changed.
06-20 17:45:03.241  4233  4233 D QSCustomizer: should not call this before tile changed.
06-20 17:45:03.243  1265  2358 I vendor.qti.hardware.display.composer-service: FrameNotifyProcess Sensor: notify citsensorservice to trigger cwb
06-20 17:45:03.243  2018  2108 I libcitsensorservice@2.0-impl: msg_transfer
06-20 17:45:03.245  2018  3098 D vendor.xiaomi.sensor.citsensorservice@2.0-service: handle id:9 wxh:1280x2400 uwxuh:1080x2400 size: 9216000 fd:15 fd_meta:16 flags:0x4000228 usage:0x33  format:0x3 layer_count: 1
06-20 17:45:03.246  1265  1887 I SDM     : HWCSession::SetCWBOutputBuffer: CWB config passed by cwb_client : tappoint 1  CWB_ROI : (829.000000 4.000000 915.000000 90.000000)
06-20 17:45:03.247  1265  3165 I SDM     : HWCSession::ProcessRequests: Successfully configured CWB buffer.
06-20 17:45:03.247  4233  4738 D DolbyAtomsSoundEffectTile: refreshState:
06-20 17:45:03.250  1174 15430 D DlbDlbEffect: effectCommand(handle=0xb40000715496f110, cmdCode=8, cmdSize=16, pCmdData=0xb400007152c0c650, replySize=28, pReplyData=0xb400007152cf8e60)
06-20 17:45:03.254  4233  4233 D QSCustomizer: should not call this before tile changed.
06-20 17:45:03.259  1265  3165 I SDM     : HWCSession::ProcessRequests: Pushing release fence in fenece wait queue.
06-20 17:45:03.259  1265  3165 I SDM     : HWCSession::ProcessRequests: Creating AsyncFenceWaits async thread.
06-20 17:45:03.260  1265  3165 I SDM     : HWCSession::ProcessRequests: Remove current CWB request from the pending request queue.
06-20 17:45:03.260  1265  3165 I SDM     : HWCSession::ProcessRequests: No pending cwb requests found in the queue.
06-20 17:45:03.266  4233  4738 D Tile.MiuiCellularTile: handleUpdateState: MULTI_SIM = true, mSimInfoRecordList.size() = 1, mShowDataUsage = true
06-20 17:45:03.271  4233  4738 D Tile.MiuiCellularTile: handleUpdateState: MULTI_SIM = true, mSimInfoRecordList.size() = 1, mShowDataUsage = true
06-20 17:45:03.274  1265  1584 I SDM     : HWDeviceDRM::SetupConcurrentWriteback: Tear down the Concurrent Writeback topology
06-20 17:45:03.278  4233  4738 D Tile.MiuiCellularTile: handleUpdateState: MULTI_SIM = true, mSimInfoRecordList.size() = 1, mShowDataUsage = true
06-20 17:45:03.284  4233  4738 D Tile.MiuiCellularTile: handleUpdateState: MULTI_SIM = true, mSimInfoRecordList.size() = 1, mShowDataUsage = true
06-20 17:45:03.285  1265  3166 I SDM     : HWCSession::NotifyCWBStatus: Notify the client about buffer status 0.
06-20 17:45:03.285  1265  3166 I SDM     : HWCSession::PerformFenceWaits: Remove current release fence from the pending fence wait queue.
06-20 17:45:03.285  1265  3166 I SDM     : HWCSession::PerformFenceWaits: CWB fence queue is empty. No pending release fence to wait on.
06-20 17:45:03.291  4233  4738 D Tile.MiuiCellularTile: handleUpdateState: MULTI_SIM = true, mSimInfoRecordList.size() = 1, mShowDataUsage = true
06-20 17:45:03.313  4233  4233 D DataUsageInfoController: query data usage succeed {0=DataUsage(simSlot=0, trafficType=-1, trafficValue=446.6, trafficUnit=2, billType=-1, billValue=bill_value), 1=DataUsage(simSlot=1, trafficType=-1, trafficValue=446.6, trafficUnit=2, billType=-1, billValue=bill_value)}
06-20 17:45:03.313  4233  4233 D Tile.MiuiCellularTile: data usage callback {0=DataUsage(simSlot=0, trafficType=-1, trafficValue=446.6, trafficUnit=2, billType=-1, billValue=bill_value), 1=DataUsage(simSlot=1, trafficType=-1, trafficValue=446.6, trafficUnit=2, billType=-1, billValue=bill_value)}
06-20 17:45:03.317  4233  4738 D Tile.MiuiCellularTile: handleUpdateState: MULTI_SIM = true, mSimInfoRecordList.size() = 1, mShowDataUsage = true
06-20 17:45:03.326  4233  4738 D Tile.MiuiCellularTile: handleUpdateState: MULTI_SIM = true, mSimInfoRecordList.size() = 1, mShowDataUsage = true
06-20 17:45:03.328  4233  4738 D DolbyAtomsSoundEffectTile: setListening: false
06-20 17:45:03.328  4233  4738 D DolbyAtomsSoundEffectTile: Unregistering receiver
06-20 17:45:03.328  4233  4738 I MiSoundUtils: release, mInitialized=true
06-20 17:45:03.331  1383  1383 W AudioFlinger::EffectHandle: disconnect Effect handle 0xb400007dfb3c4c80 disconnected after thread destruction
06-20 17:45:03.335  1383  1383 W AudioFlinger::EffectHandle: disconnect Effect handle 0xb400007e180253e0 disconnected after thread destruction
06-20 17:45:03.338  4233  4738 D DolbyAtomsSoundEffectTile: setListening: false
06-20 17:45:03.347  4233  4738 D Tile.MiuiCellularTile: handleUpdateState: MULTI_SIM = true, mSimInfoRecordList.size() = 1, mShowDataUsage = true
06-20 17:45:03.429  4233  4248 I ndroid.systemu: This is sticky GC, maxfree is 8388608 minfree is 2097152
06-20 17:45:03.483  2018  3127 D libsensor-displayalgo: the value of  brightness:438.000000,R:77296384.557271,G:77297133.237939,B:77313059.061408,EVENT_C:5543.000000,EVENT_R:2129.500000,EVENT_G:2835.000000,EVENT_B:1122.500000
06-20 17:45:03.483  2018  3127 I libsensor-displayalgo: the value of  Coef1:1107.681000,Coef4:2.383000, scale1:0.935522, scale4:0.923264
06-20 17:45:03.483  2018  3127 E libsensor-displayalgo: RGB_test_0407_400_oldzy!
06-20 17:45:03.484  2018  3127 I libsensor-displayalgo: the value of  RESULT3116.697536,1231.266004,1510.266625,565.233393
06-20 17:45:03.484  2018  3127 I libsensor-displayalgo: the value of  getChannelDataCalibrated3267.687221,1140.389644,1755.389210,616.914213
06-20 17:45:03.484  2018  3127 I libsensor-displayalgo: the value of  REAL LUX131.339020
06-20 17:45:03.484  2018  3127 I libsensor-displayalgo: the value of  CAL REAL LUX131.339020
06-20 17:45:03.538 31630 31630 I HandWritingStubImpl: isKeyboardTypeChanged: false
06-20 17:45:03.783  2018  3127 D libsensor-displayalgo: the value of  brightness:438.000000,R:77296384.557271,G:77297133.237939,B:77313059.061408,EVENT_C:5543.000000,EVENT_R:2129.500000,EVENT_G:2835.000000,EVENT_B:1122.500000
06-20 17:45:03.783  2018  3127 I libsensor-displayalgo: the value of  Coef1:1107.681000,Coef4:2.383000, scale1:0.935522, scale4:0.923264
06-20 17:45:03.783  2018  3127 E libsensor-displayalgo: RGB_test_0407_400_oldzy!
06-20 17:45:03.784  2018  3127 I libsensor-displayalgo: the value of  RESULT3116.697536,1231.266004,1510.266625,565.233393
06-20 17:45:03.784  2018  3127 I libsensor-displayalgo: the value of  getChannelDataCalibrated3267.687221,1140.389644,1755.389210,616.914213
06-20 17:45:03.784  2018  3127 I libsensor-displayalgo: the value of  REAL LUX131.339020
06-20 17:45:03.784  2018  3127 I libsensor-displayalgo: the value of  CAL REAL LUX131.339020
06-20 17:45:04.082 31630 31630 I HandWritingStubImpl: isKeyboardTypeChanged: false
06-20 17:45:04.083  2018  3127 D libsensor-displayalgo: the value of  brightness:438.000000,R:77296384.557271,G:77297133.237939,B:77313059.061408,EVENT_C:5543.000000,EVENT_R:2129.500000,EVENT_G:2835.000000,EVENT_B:1122.500000
06-20 17:45:04.083  2018  3127 I libsensor-displayalgo: the value of  Coef1:1107.681000,Coef4:2.383000, scale1:0.935522, scale4:0.923264
06-20 17:45:04.083  2018  3127 E libsensor-displayalgo: RGB_test_0407_400_oldzy!
06-20 17:45:04.084  2018  3127 I libsensor-displayalgo: the value of  RESULT3116.697536,1231.266004,1510.266625,565.233393
06-20 17:45:04.084  2018  3127 I libsensor-displayalgo: the value of  getChannelDataCalibrated3267.687221,1140.389644,1755.389210,616.914213
06-20 17:45:04.084  2018  3127 I libsensor-displayalgo: the value of  REAL LUX131.339020
06-20 17:45:04.084  2018  3127 I libsensor-displayalgo: the value of  CAL REAL LUX131.339020
06-20 17:45:04.299  1265  2358 I vendor.qti.hardware.display.composer-service: FrameNotifyProcess Sensor: notify citsensorservice to trigger cwb
06-20 17:45:04.299  2018  2111 I libcitsensorservice@2.0-impl: msg_transfer
06-20 17:45:04.300  2018  3098 D vendor.xiaomi.sensor.citsensorservice@2.0-service: handle id:9 wxh:1280x2400 uwxuh:1080x2400 size: 9216000 fd:15 fd_meta:16 flags:0x4000228 usage:0x33  format:0x3 layer_count: 1
06-20 17:45:04.301  1265  1887 I SDM     : HWCSession::SetCWBOutputBuffer: CWB config passed by cwb_client : tappoint 1  CWB_ROI : (829.000000 4.000000 915.000000 90.000000)
06-20 17:45:04.303  1265  3168 I SDM     : HWCSession::ProcessRequests: Successfully configured CWB buffer.
06-20 17:45:04.318  1265  3168 I SDM     : HWCSession::ProcessRequests: Pushing release fence in fenece wait queue.
06-20 17:45:04.318  1265  3168 I SDM     : HWCSession::ProcessRequests: Creating AsyncFenceWaits async thread.
06-20 17:45:04.318  1265  3168 I SDM     : HWCSession::ProcessRequests: Remove current CWB request from the pending request queue.
06-20 17:45:04.319  1265  3168 I SDM     : HWCSession::ProcessRequests: No pending cwb requests found in the queue.
06-20 17:45:04.330  1265  1584 I SDM     : HWDeviceDRM::SetupConcurrentWriteback: Tear down the Concurrent Writeback topology
06-20 17:45:04.340  1265  3169 I SDM     : HWCSession::NotifyCWBStatus: Notify the client about buffer status 0.
06-20 17:45:04.341  1265  3169 I SDM     : HWCSession::PerformFenceWaits: Remove current release fence from the pending fence wait queue.
06-20 17:45:04.341  1265  3169 I SDM     : HWCSession::PerformFenceWaits: CWB fence queue is empty. No pending release fence to wait on.
06-20 17:45:04.383  2018  3127 D libsensor-displayalgo: the value of  brightness:438.000000,R:77296384.557271,G:77297133.237939,B:77313059.061408,EVENT_C:5538.500000,EVENT_R:2132.000000,EVENT_G:2835.500000,EVENT_B:1122.000000
06-20 17:45:04.383  2018  3127 I libsensor-displayalgo: the value of  Coef1:1107.681000,Coef4:2.383000, scale1:0.935522, scale4:0.923264
06-20 17:45:04.383  2018  3127 E libsensor-displayalgo: RGB_test_0407_400_oldzy!
06-20 17:45:04.384  2018  3127 I libsensor-displayalgo: the value of  RESULT3116.697536,1231.266004,1510.266625,565.233393
06-20 17:45:04.384  2018  3127 I libsensor-displayalgo: the value of  getChannelDataCalibrated3267.687221,1140.389644,1755.389210,616.914213
06-20 17:45:04.384  2018  3127 I libsensor-displayalgo: the value of  REAL LUX130.990540
06-20 17:45:04.384  2018  3127 I libsensor-displayalgo: the value of  CAL REAL LUX130.990540
06-20 17:45:04.567  2431  2647 W ActivityManager: Unable to start service Intent { cmp=com.miui.powerkeeper/.perfshielder.PerfShielderStatisticsService } U=0: not found
06-20 17:45:04.609 31630 31630 I HandWritingStubImpl: isKeyboardTypeChanged: false
06-20 17:45:04.683  2018  3127 D libsensor-displayalgo: the value of  brightness:438.000000,R:77296384.557271,G:77297133.237939,B:77313059.061408,EVENT_C:5538.500000,EVENT_R:2132.000000,EVENT_G:2835.500000,EVENT_B:1122.000000
06-20 17:45:04.683  2018  3127 I libsensor-displayalgo: the value of  Coef1:1107.681000,Coef4:2.383000, scale1:0.935522, scale4:0.923264
06-20 17:45:04.683  2018  3127 E libsensor-displayalgo: RGB_test_0407_400_oldzy!
06-20 17:45:04.684  2018  3127 I libsensor-displayalgo: the value of  RESULT3116.697536,1231.266004,1510.266625,565.233393
06-20 17:45:04.684  2018  3127 I libsensor-displayalgo: the value of  getChannelDataCalibrated3267.687221,1140.389644,1755.389210,616.914213
06-20 17:45:04.684  2018  3127 I libsensor-displayalgo: the value of  REAL LUX130.990540
06-20 17:45:04.684  2018  3127 I libsensor-displayalgo: the value of  CAL REAL LUX130.990540
06-20 17:45:04.983  2018  3127 D libsensor-displayalgo: the value of  brightness:438.000000,R:77296384.557271,G:77297133.237939,B:77313059.061408,EVENT_C:5538.500000,EVENT_R:2132.000000,EVENT_G:2835.500000,EVENT_B:1122.000000
06-20 17:45:04.983  2018  3127 I libsensor-displayalgo: the value of  Coef1:1107.681000,Coef4:2.383000, scale1:0.935522, scale4:0.923264
06-20 17:45:04.983  2018  3127 E libsensor-displayalgo: RGB_test_0407_400_oldzy!
06-20 17:45:04.984  2018  3127 I libsensor-displayalgo: the value of  RESULT3116.697536,1231.266004,1510.266625,565.233393
06-20 17:45:04.984  2018  3127 I libsensor-displayalgo: the value of  getChannelDataCalibrated3267.687221,1140.389644,1755.389210,616.914213
06-20 17:45:04.984  2018  3127 I libsensor-displayalgo: the value of  REAL LUX130.990540
06-20 17:45:04.984  2018  3127 I libsensor-displayalgo: the value of  CAL REAL LUX130.990540
06-20 17:45:05.153 31630 31630 I HandWritingStubImpl: isKeyboardTypeChanged: false
06-20 17:45:05.283  2018  3127 D libsensor-displayalgo: the value of  brightness:438.000000,R:77296384.557271,G:77297133.237939,B:77313059.061408,EVENT_C:5538.500000,EVENT_R:2132.000000,EVENT_G:2835.500000,EVENT_B:1122.000000
06-20 17:45:05.283  2018  3127 I libsensor-displayalgo: the value of  Coef1:1107.681000,Coef4:2.383000, scale1:0.935522, scale4:0.923264
06-20 17:45:05.283  2018  3127 E libsensor-displayalgo: RGB_test_0407_400_oldzy!
06-20 17:45:05.284  2018  3127 I libsensor-displayalgo: the value of  RESULT3116.697536,1231.266004,1510.266625,565.233393
06-20 17:45:05.284  2018  3127 I libsensor-displayalgo: the value of  getChannelDataCalibrated3267.687221,1140.389644,1755.389210,616.914213
06-20 17:45:05.284  2018  3127 I libsensor-displayalgo: the value of  REAL LUX130.990540
06-20 17:45:05.284  2018  3127 I libsensor-displayalgo: the value of  CAL REAL LUX130.990540
06-20 17:45:05.561  2431  2650 W ProcessStats: Tracking association SourceState{6098218 com.android.systemui/1000 BTopFgs #175301} whose proc state 2 is better than process ProcessState{e3fe471 com.miui.notification:remote/1000 pkg=com.miui.notification} proc state 3 (1 skipped)
06-20 17:45:05.583  2018  3127 D libsensor-displayalgo: the value of  brightness:438.000000,R:77296384.557271,G:77297133.237939,B:77313059.061408,EVENT_C:5539.500000,EVENT_R:2130.500000,EVENT_G:2834.500000,EVENT_B:1123.000000
06-20 17:45:05.583  2018  3127 I libsensor-displayalgo: the value of  Coef1:1107.681000,Coef4:2.383000, scale1:0.935522, scale4:0.923264
06-20 17:45:05.583  2018  3127 E libsensor-displayalgo: RGB_test_0407_400_oldzy!
06-20 17:45:05.584  2018  3127 I libsensor-displayalgo: the value of  RESULT3116.697536,1231.266004,1510.266625,565.233393
06-20 17:45:05.584  2018  3127 I libsensor-displayalgo: the value of  getChannelDataCalibrated3267.687221,1140.389644,1755.389210,616.914213
06-20 17:45:05.584  2018  3127 I libsensor-displayalgo: the value of  REAL LUX130.990936
06-20 17:45:05.584  2018  3127 I libsensor-displayalgo: the value of  CAL REAL LUX130.990936
06-20 17:45:05.697 31630 31630 I HandWritingStubImpl: isKeyboardTypeChanged: false
06-20 17:45:05.884  2018  3127 D libsensor-displayalgo: the value of  brightness:438.000000,R:77296384.557271,G:77297133.237939,B:77313059.061408,EVENT_C:5542.500000,EVENT_R:2132.000000,EVENT_G:2837.000000,EVENT_B:1122.500000
06-20 17:45:05.885  2018  3127 I libsensor-displayalgo: the value of  Coef1:1107.681000,Coef4:2.383000, scale1:0.935522, scale4:0.923264
06-20 17:45:05.885  2018  3127 E libsensor-displayalgo: RGB_test_0407_400_oldzy!
06-20 17:45:05.886  2018  3127 I libsensor-displayalgo: the value of  RESULT3116.697536,1231.266004,1510.266625,565.233393
06-20 17:45:05.886  2018  3127 I libsensor-displayalgo: the value of  getChannelDataCalibrated3267.687221,1140.389644,1755.389210,616.914213
06-20 17:45:05.886  2018  3127 I libsensor-displayalgo: the value of  REAL LUX131.300461
06-20 17:45:05.886  2018  3127 I libsensor-displayalgo: the value of  CAL REAL LUX131.300461
06-20 17:45:06.183  2018  3127 D libsensor-displayalgo: the value of  brightness:438.000000,R:77296384.557271,G:77297133.237939,B:77313059.061408,EVENT_C:5540.000000,EVENT_R:2129.500000,EVENT_G:2836.000000,EVENT_B:1122.000000
06-20 17:45:06.183  2018  3127 I libsensor-displayalgo: the value of  Coef1:1107.681000,Coef4:2.383000, scale1:0.935522, scale4:0.923264
06-20 17:45:06.183  2018  3127 E libsensor-displayalgo: RGB_test_0407_400_oldzy!
06-20 17:45:06.184  2018  3127 I libsensor-displayalgo: the value of  RESULT3116.697536,1231.266004,1510.266625,565.233393
06-20 17:45:06.184  2018  3127 I libsensor-displayalgo: the value of  getChannelDataCalibrated3267.687221,1140.389644,1755.389210,616.914213
06-20 17:45:06.184  2018  3127 I libsensor-displayalgo: the value of  REAL LUX131.213409
06-20 17:45:06.184  2018  3127 I libsensor-displayalgo: the value of  CAL REAL LUX131.213409
06-20 17:45:06.241 31630 31630 I HandWritingStubImpl: isKeyboardTypeChanged: false
06-20 17:45:06.483  2018  3127 D libsensor-displayalgo: the value of  brightness:438.000000,R:77296384.557271,G:77297133.237939,B:77313059.061408,EVENT_C:5546.500000,EVENT_R:2133.000000,EVENT_G:2837.000000,EVENT_B:1124.000000
06-20 17:45:06.483  2018  3127 I libsensor-displayalgo: the value of  Coef1:1107.681000,Coef4:2.383000, scale1:0.935522, scale4:0.923264
06-20 17:45:06.483  2018  3127 E libsensor-displayalgo: RGB_test_0407_400_oldzy!
06-20 17:45:06.484  2018  3127 I libsensor-displayalgo: the value of  RESULT3116.697536,1231.266004,1510.266625,565.233393
06-20 17:45:06.484  2018  3127 I libsensor-displayalgo: the value of  getChannelDataCalibrated3267.687221,1140.389644,1755.389210,616.914213
06-20 17:45:06.484  2018  3127 I libsensor-displayalgo: the value of  REAL LUX131.423218
06-20 17:45:06.484  2018  3127 I libsensor-displayalgo: the value of  CAL REAL LUX131.423218
06-20 17:45:06.752 31630 31630 I HandWritingStubImpl: isKeyboardTypeChanged: false
06-20 17:45:06.783  2018  3127 D libsensor-displayalgo: the value of  brightness:438.000000,R:77296384.557271,G:77297133.237939,B:77313059.061408,EVENT_C:5552.500000,EVENT_R:2136.500000,EVENT_G:2841.000000,EVENT_B:1126.000000
06-20 17:45:06.783  2018  3127 I libsensor-displayalgo: the value of  Coef1:1107.681000,Coef4:2.383000, scale1:0.935522, scale4:0.923264
06-20 17:45:06.783  2018  3127 E libsensor-displayalgo: RGB_test_0407_400_oldzy!
06-20 17:45:06.784  2018  3127 I libsensor-displayalgo: the value of  RESULT3116.697536,1231.266004,1510.266625,565.233393
06-20 17:45:06.784  2018  3127 I libsensor-displayalgo: the value of  getChannelDataCalibrated3267.687221,1140.389644,1755.389210,616.914213
06-20 17:45:06.784  2018  3127 I libsensor-displayalgo: the value of  REAL LUX131.734222
06-20 17:45:06.784  2018  3127 I libsensor-displayalgo: the value of  CAL REAL LUX131.734222
06-20 17:45:07.083  2018  3127 D libsensor-displayalgo: the value of  brightness:438.000000,R:77296384.557271,G:77297133.237939,B:77313059.061408,EVENT_C:5567.000000,EVENT_R:2140.000000,EVENT_G:2848.500000,EVENT_B:1130.000000
06-20 17:45:07.083  2018  3127 I libsensor-displayalgo: the value of  Coef1:1107.681000,Coef4:2.383000, scale1:0.935522, scale4:0.923264
06-20 17:45:07.083  2018  3127 E libsensor-displayalgo: RGB_test_0407_400_oldzy!
06-20 17:45:07.084  2018  3127 I libsensor-displayalgo: the value of  RESULT3116.697536,1231.266004,1510.266625,565.233393
06-20 17:45:07.084  2018  3127 I libsensor-displayalgo: the value of  getChannelDataCalibrated3267.687221,1140.389644,1755.389210,616.914213
06-20 17:45:07.084  2018  3127 I libsensor-displayalgo: the value of  REAL LUX132.641937
06-20 17:45:07.084  2018  3127 I libsensor-displayalgo: the value of  CAL REAL LUX132.641937
06-20 17:45:07.279 31630 31630 I HandWritingStubImpl: isKeyboardTypeChanged: false
06-20 17:45:07.383  2018  3127 D libsensor-displayalgo: the value of  brightness:438.000000,R:77296384.557271,G:77297133.237939,B:77313059.061408,EVENT_C:5571.500000,EVENT_R:2140.500000,EVENT_G:2849.000000,EVENT_B:1129.000000
06-20 17:45:07.383  2018  3127 I libsensor-displayalgo: the value of  Coef1:1107.681000,Coef4:2.383000, scale1:0.935522, scale4:0.923264
06-20 17:45:07.383  2018  3127 E libsensor-displayalgo: RGB_test_0407_400_oldzy!
06-20 17:45:07.384  2018  3127 I libsensor-displayalgo: the value of  RESULT3116.697536,1231.266004,1510.266625,565.233393
06-20 17:45:07.384  2018  3127 I libsensor-displayalgo: the value of  getChannelDataCalibrated3267.687221,1140.389644,1755.389210,616.914213
06-20 17:45:07.384  2018  3127 I libsensor-displayalgo: the value of  REAL LUX133.044647
06-20 17:45:07.384  2018  3127 I libsensor-displayalgo: the value of  CAL REAL LUX133.044647
06-20 17:45:07.682  2018  3127 D libsensor-displayalgo: the value of  brightness:438.000000,R:77296384.557271,G:77297133.237939,B:77313059.061408,EVENT_C:5549.500000,EVENT_R:2131.500000,EVENT_G:2838.000000,EVENT_B:1123.500000
06-20 17:45:07.683  2018  3127 I libsensor-displayalgo: the value of  Coef1:1107.681000,Coef4:2.383000, scale1:0.935522, scale4:0.923264
06-20 17:45:07.683  2018  3127 E libsensor-displayalgo: RGB_test_0407_400_oldzy!
06-20 17:45:07.683  2018  3127 I libsensor-displayalgo: the value of  RESULT3116.697536,1231.266004,1510.266625,565.233393
06-20 17:45:07.683  2018  3127 I libsensor-displayalgo: the value of  getChannelDataCalibrated3267.687221,1140.389644,1755.389210,616.914213
06-20 17:45:07.683  2018  3127 I libsensor-displayalgo: the value of  REAL LUX131.777618
06-20 17:45:07.683  2018  3127 I libsensor-displayalgo: the value of  CAL REAL LUX131.777618
06-20 17:45:07.823 31630 31630 I HandWritingStubImpl: isKeyboardTypeChanged: false
06-20 17:45:07.983  2018  3127 D libsensor-displayalgo: the value of  brightness:438.000000,R:77296384.557271,G:77297133.237939,B:77313059.061408,EVENT_C:5527.000000,EVENT_R:2127.000000,EVENT_G:2826.500000,EVENT_B:1119.500000
06-20 17:45:07.983  2018  3127 I libsensor-displayalgo: the value of  Coef1:1107.681000,Coef4:2.383000, scale1:0.935522, scale4:0.923264
06-20 17:45:07.983  2018  3127 E libsensor-displayalgo: RGB_test_0407_400_oldzy!
06-20 17:45:07.984  2018  3127 I libsensor-displayalgo: the value of  RESULT3116.697536,1231.266004,1510.266625,565.233393
06-20 17:45:07.984  2018  3127 I libsensor-displayalgo: the value of  getChannelDataCalibrated3267.687221,1140.389644,1755.389210,616.914213
06-20 17:45:07.984  2018  3127 I libsensor-displayalgo: the value of  REAL LUX130.161026
06-20 17:45:07.984  2018  3127 I libsensor-displayalgo: the value of  CAL REAL LUX130.161026
06-20 17:45:08.283  2018  3127 D libsensor-displayalgo: the value of  brightness:438.000000,R:77296384.557271,G:77297133.237939,B:77313059.061408,EVENT_C:5532.000000,EVENT_R:2127.000000,EVENT_G:2829.000000,EVENT_B:1120.500000
06-20 17:45:08.283  2018  3127 I libsensor-displayalgo: the value of  Coef1:1107.681000,Coef4:2.383000, scale1:0.935522, scale4:0.923264
06-20 17:45:08.283  2018  3127 E libsensor-displayalgo: RGB_test_0407_400_oldzy!
06-20 17:45:08.284  2018  3127 I libsensor-displayalgo: the value of  RESULT3116.697536,1231.266004,1510.266625,565.233393
06-20 17:45:08.284  2018  3127 I libsensor-displayalgo: the value of  getChannelDataCalibrated3267.687221,1140.389644,1755.389210,616.914213
06-20 17:45:08.284  2018  3127 I libsensor-displayalgo: the value of  REAL LUX130.546417
06-20 17:45:08.284  2018  3127 I libsensor-displayalgo: the value of  CAL REAL LUX130.546417
06-20 17:45:08.351 31630 31630 I HandWritingStubImpl: isKeyboardTypeChanged: false
06-20 17:45:08.583  2018  3127 D libsensor-displayalgo: the value of  brightness:438.000000,R:77296384.557271,G:77297133.237939,B:77313059.061408,EVENT_C:5534.500000,EVENT_R:2127.000000,EVENT_G:2828.000000,EVENT_B:1120.000000
06-20 17:45:08.583  2018  3127 I libsensor-displayalgo: the value of  Coef1:1107.681000,Coef4:2.383000, scale1:0.935522, scale4:0.923264
06-20 17:45:08.583  2018  3127 E libsensor-displayalgo: RGB_test_0407_400_oldzy!
06-20 17:45:08.584  2018  3127 I libsensor-displayalgo: the value of  RESULT3116.697536,1231.266004,1510.266625,565.233393
06-20 17:45:08.584  2018  3127 I libsensor-displayalgo: the value of  getChannelDataCalibrated3267.687221,1140.389644,1755.389210,616.914213
06-20 17:45:08.584  2018  3127 I libsensor-displayalgo: the value of  REAL LUX130.717972
06-20 17:45:08.584  2018  3127 I libsensor-displayalgo: the value of  CAL REAL LUX130.717972
06-20 17:45:08.878 31630 31630 I HandWritingStubImpl: isKeyboardTypeChanged: false
06-20 17:45:08.884  2018  3127 D libsensor-displayalgo: the value of  brightness:438.000000,R:77296384.557271,G:77297133.237939,B:77313059.061408,EVENT_C:5533.000000,EVENT_R:2127.000000,EVENT_G:2830.000000,EVENT_B:1120.000000
06-20 17:45:08.885  2018  3127 I libsensor-displayalgo: the value of  Coef1:1107.681000,Coef4:2.383000, scale1:0.935522, scale4:0.923264
06-20 17:45:08.885  2018  3127 E libsensor-displayalgo: RGB_test_0407_400_oldzy!
06-20 17:45:08.886  2018  3127 I libsensor-displayalgo: the value of  RESULT3116.697536,1231.266004,1510.266625,565.233393
06-20 17:45:08.886  2018  3127 I libsensor-displayalgo: the value of  getChannelDataCalibrated3267.687221,1140.389644,1755.389210,616.914213
06-20 17:45:08.886  2018  3127 I libsensor-displayalgo: the value of  REAL LUX130.703110
06-20 17:45:08.886  2018  3127 I libsensor-displayalgo: the value of  CAL REAL LUX130.703110
06-20 17:45:09.183  2018  3127 D libsensor-displayalgo: the value of  brightness:438.000000,R:77296384.557271,G:77297133.237939,B:77313059.061408,EVENT_C:5527.000000,EVENT_R:2127.000000,EVENT_G:2827.000000,EVENT_B:1120.000000
06-20 17:45:09.183  2018  3127 I libsensor-displayalgo: the value of  Coef1:1107.681000,Coef4:2.383000, scale1:0.935522, scale4:0.923264
06-20 17:45:09.183  2018  3127 E libsensor-displayalgo: RGB_test_0407_400_oldzy!
06-20 17:45:09.184  2018  3127 I libsensor-displayalgo: the value of  RESULT3116.697536,1231.266004,1510.266625,565.233393
06-20 17:45:09.184  2018  3127 I libsensor-displayalgo: the value of  getChannelDataCalibrated3267.687221,1140.389644,1755.389210,616.914213
06-20 17:45:09.184  2018  3127 I libsensor-displayalgo: the value of  REAL LUX130.143158
06-20 17:45:09.184  2018  3127 I libsensor-displayalgo: the value of  CAL REAL LUX130.143158
06-20 17:45:09.422 31630 31630 I HandWritingStubImpl: isKeyboardTypeChanged: false
06-20 17:45:09.483  2018  3127 D libsensor-displayalgo: the value of  brightness:438.000000,R:77296384.557271,G:77297133.237939,B:77313059.061408,EVENT_C:5523.500000,EVENT_R:2126.000000,EVENT_G:2828.000000,EVENT_B:1119.500000
06-20 17:45:09.483  2018  3127 I libsensor-displayalgo: the value of  Coef1:1107.681000,Coef4:2.383000, scale1:0.935522, scale4:0.923264
06-20 17:45:09.483  2018  3127 E libsensor-displayalgo: RGB_test_0407_400_oldzy!
06-20 17:45:09.484  2018  3127 I libsensor-displayalgo: the value of  RESULT3116.697536,1231.266004,1510.266625,565.233393
06-20 17:45:09.484  2018  3127 I libsensor-displayalgo: the value of  getChannelDataCalibrated3267.687221,1140.389644,1755.389210,616.914213
06-20 17:45:09.484  2018  3127 I libsensor-displayalgo: the value of  REAL LUX130.019958
06-20 17:45:09.484  2018  3127 I libsensor-displayalgo: the value of  CAL REAL LUX130.019958
06-20 17:45:09.783  2018  3127 D libsensor-displayalgo: the value of  brightness:438.000000,R:77296384.557271,G:77297133.237939,B:77313059.061408,EVENT_C:5530.500000,EVENT_R:2127.500000,EVENT_G:2826.000000,EVENT_B:1119.500000
06-20 17:45:09.783  2018  3127 I libsensor-displayalgo: the value of  Coef1:1107.681000,Coef4:2.383000, scale1:0.935522, scale4:0.923264
06-20 17:45:09.783  2018  3127 E libsensor-displayalgo: RGB_test_0407_400_oldzy!
06-20 17:45:09.784  2018  3127 I libsensor-displayalgo: the value of  RESULT3116.697536,1231.266004,1510.266625,565.233393
06-20 17:45:09.784  2018  3127 I libsensor-displayalgo: the value of  getChannelDataCalibrated3267.687221,1140.389644,1755.389210,616.914213
06-20 17:45:09.784  2018  3127 I libsensor-displayalgo: the value of  REAL LUX130.366440
06-20 17:45:09.784  2018  3127 I libsensor-displayalgo: the value of  CAL REAL LUX130.366440
06-20 17:45:09.949 31630 31630 I HandWritingStubImpl: isKeyboardTypeChanged: false
06-20 17:45:10.083  2018  3127 D libsensor-displayalgo: the value of  brightness:438.000000,R:77296384.557271,G:77297133.237939,B:77313059.061408,EVENT_C:5528.000000,EVENT_R:2125.500000,EVENT_G:2827.500000,EVENT_B:1120.500000
06-20 17:45:10.083  2018  3127 I libsensor-displayalgo: the value of  Coef1:1107.681000,Coef4:2.383000, scale1:0.935522, scale4:0.923264
06-20 17:45:10.083  2018  3127 E libsensor-displayalgo: RGB_test_0407_400_oldzy!
06-20 17:45:10.084  2018  3127 I libsensor-displayalgo: the value of  RESULT3116.697536,1231.266004,1510.266625,565.233393
06-20 17:45:10.084  2018  3127 I libsensor-displayalgo: the value of  getChannelDataCalibrated3267.687221,1140.389644,1755.389210,616.914213
06-20 17:45:10.084  2018  3127 I libsensor-displayalgo: the value of  REAL LUX130.252426
06-20 17:45:10.084  2018  3127 I libsensor-displayalgo: the value of  CAL REAL LUX130.252426
06-20 17:45:10.383  2018  3127 D libsensor-displayalgo: the value of  brightness:438.000000,R:77296384.557271,G:77297133.237939,B:77313059.061408,EVENT_C:5526.000000,EVENT_R:2124.500000,EVENT_G:2830.000000,EVENT_B:1119.000000
06-20 17:45:10.383  2018  3127 I libsensor-displayalgo: the value of  Coef1:1107.681000,Coef4:2.383000, scale1:0.935522, scale4:0.923264
06-20 17:45:10.383  2018  3127 E libsensor-displayalgo: RGB_test_0407_400_oldzy!
06-20 17:45:10.384  2018  3127 I libsensor-displayalgo: the value of  RESULT3116.697536,1231.266004,1510.266625,565.233393
06-20 17:45:10.384  2018  3127 I libsensor-displayalgo: the value of  getChannelDataCalibrated3267.687221,1140.389644,1755.389210,616.914213
06-20 17:45:10.384  2018  3127 I libsensor-displayalgo: the value of  REAL LUX130.384583
06-20 17:45:10.384  2018  3127 I libsensor-displayalgo: the value of  CAL REAL LUX130.384583
06-20 17:45:10.493 31630 31630 I HandWritingStubImpl: isKeyboardTypeChanged: false
06-20 17:45:10.683  2018  3127 D libsensor-displayalgo: the value of  brightness:438.000000,R:77296384.557271,G:77297133.237939,B:77313059.061408,EVENT_C:5529.000000,EVENT_R:2124.500000,EVENT_G:2829.000000,EVENT_B:1119.000000
06-20 17:45:10.683  2018  3127 I libsensor-displayalgo: the value of  Coef1:1107.681000,Coef4:2.383000, scale1:0.935522, scale4:0.923264
06-20 17:45:10.683  2018  3127 E libsensor-displayalgo: RGB_test_0407_400_oldzy!
06-20 17:45:10.684  2018  3127 I libsensor-displayalgo: the value of  RESULT3116.697536,1231.266004,1510.266625,565.233393
06-20 17:45:10.684  2018  3127 I libsensor-displayalgo: the value of  getChannelDataCalibrated3267.687221,1140.389644,1755.389210,616.914213
06-20 17:45:10.684  2018  3127 I libsensor-displayalgo: the value of  REAL LUX130.550812
06-20 17:45:10.684  2018  3127 I libsensor-displayalgo: the value of  CAL REAL LUX130.550812
06-20 17:45:10.914 10662 10806 D MemoryCeilingMonitor: [handleMemoryCalculate]
06-20 17:45:10.915 10662 10806 D MemoryCeilingMonitor: [calculate] tot: 6078568, max: 268435456, free: 536888, heap: 5541680, per: 0.02064436674118042
06-20 17:45:10.983  2018  3127 D libsensor-displayalgo: the value of  brightness:438.000000,R:77296384.557271,G:77297133.237939,B:77313059.061408,EVENT_C:5523.500000,EVENT_R:2125.000000,EVENT_G:2824.500000,EVENT_B:1120.000000
06-20 17:45:10.983  2018  3127 I libsensor-displayalgo: the value of  Coef1:1107.681000,Coef4:2.383000, scale1:0.935522, scale4:0.923264
06-20 17:45:10.983  2018  3127 E libsensor-displayalgo: RGB_test_0407_400_oldzy!
06-20 17:45:10.984  2018  3127 I libsensor-displayalgo: the value of  RESULT3116.697536,1231.266004,1510.266625,565.233393
06-20 17:45:10.984  2018  3127 I libsensor-displayalgo: the value of  getChannelDataCalibrated3267.687221,1140.389644,1755.389210,616.914213
06-20 17:45:10.984  2018  3127 I libsensor-displayalgo: the value of  REAL LUX129.857803
06-20 17:45:10.984  2018  3127 I libsensor-displayalgo: the value of  CAL REAL LUX129.857803
06-20 17:45:11.037 31630 31630 I HandWritingStubImpl: isKeyboardTypeChanged: false
06-20 17:45:11.283  2018  3127 D libsensor-displayalgo: the value of  brightness:438.000000,R:77296384.557271,G:77297133.237939,B:77313059.061408,EVENT_C:5525.500000,EVENT_R:2125.500000,EVENT_G:2827.500000,EVENT_B:1119.500000
06-20 17:45:11.283  2018  3127 I libsensor-displayalgo: the value of  Coef1:1107.681000,Coef4:2.383000, scale1:0.935522, scale4:0.923264
06-20 17:45:11.283  2018  3127 E libsensor-displayalgo: RGB_test_0407_400_oldzy!
06-20 17:45:11.284  2018  3127 I libsensor-displayalgo: the value of  RESULT3116.697536,1231.266004,1510.266625,565.233393
06-20 17:45:11.284  2018  3127 I libsensor-displayalgo: the value of  getChannelDataCalibrated3267.687221,1140.389644,1755.389210,616.914213
06-20 17:45:11.284  2018  3127 I libsensor-displayalgo: the value of  REAL LUX130.157227
06-20 17:45:11.284  2018  3127 I libsensor-displayalgo: the value of  CAL REAL LUX130.157227
06-20 17:45:11.339  5405  9716 D SLM-SRV-SLAService: checktemp temperature = 34048 temperature_average = 34181 isPerformanceMode = false thermal_enable_slm = true
06-20 17:45:11.548 31630 31630 I HandWritingStubImpl: isKeyboardTypeChanged: false
06-20 17:45:11.583  2018  3127 D libsensor-displayalgo: the value of  brightness:438.000000,R:77296384.557271,G:77297133.237939,B:77313059.061408,EVENT_C:5530.000000,EVENT_R:2124.000000,EVENT_G:2827.500000,EVENT_B:1119.000000
06-20 17:45:11.583  2018  3127 I libsensor-displayalgo: the value of  Coef1:1107.681000,Coef4:2.383000, scale1:0.935522, scale4:0.923264
06-20 17:45:11.583  2018  3127 E libsensor-displayalgo: RGB_test_0407_400_oldzy!
06-20 17:45:11.584  2018  3127 I libsensor-displayalgo: the value of  RESULT3116.697536,1231.266004,1510.266625,565.233393
06-20 17:45:11.584  2018  3127 I libsensor-displayalgo: the value of  getChannelDataCalibrated3267.687221,1140.389644,1755.389210,616.914213
06-20 17:45:11.584  2018  3127 I libsensor-displayalgo: the value of  REAL LUX130.571991
06-20 17:45:11.584  2018  3127 I libsensor-displayalgo: the value of  CAL REAL LUX130.571991
06-20 17:45:11.649 10693 11127 I SmartThreadExecutor: handleMessage: start check 0
06-20 17:45:11.649 10693 11127 I SmartThreadExecutor: handleMessage: check end 0 -332 false
06-20 17:45:11.883  2018  3127 D libsensor-displayalgo: the value of  brightness:438.000000,R:77296384.557271,G:77297133.237939,B:77313059.061408,EVENT_C:5524.000000,EVENT_R:2126.000000,EVENT_G:2828.000000,EVENT_B:1120.000000
06-20 17:45:11.883  2018  3127 I libsensor-displayalgo: the value of  Coef1:1107.681000,Coef4:2.383000, scale1:0.935522, scale4:0.923264
06-20 17:45:11.883  2018  3127 E libsensor-displayalgo: RGB_test_0407_400_oldzy!
06-20 17:45:11.884  2018  3127 I libsensor-displayalgo: the value of  RESULT3116.697536,1231.266004,1510.266625,565.233393
06-20 17:45:11.884  2018  3127 I libsensor-displayalgo: the value of  getChannelDataCalibrated3267.687221,1140.389644,1755.389210,616.914213
06-20 17:45:11.884  2018  3127 I libsensor-displayalgo: the value of  REAL LUX130.014633
06-20 17:45:11.884  2018  3127 I libsensor-displayalgo: the value of  CAL REAL LUX130.014633
06-20 17:45:12.092 31630 31630 I HandWritingStubImpl: isKeyboardTypeChanged: false
06-20 17:45:12.183  2018  3127 D libsensor-displayalgo: the value of  brightness:438.000000,R:77296384.557271,G:77297133.237939,B:77313059.061408,EVENT_C:5530.000000,EVENT_R:2126.500000,EVENT_G:2827.500000,EVENT_B:1119.500000
06-20 17:45:12.183  2018  3127 I libsensor-displayalgo: the value of  Coef1:1107.681000,Coef4:2.383000, scale1:0.935522, scale4:0.923264
06-20 17:45:12.183  2018  3127 E libsensor-displayalgo: RGB_test_0407_400_oldzy!
06-20 17:45:12.184  2018  3127 I libsensor-displayalgo: the value of  RESULT3116.697536,1231.266004,1510.266625,565.233393
06-20 17:45:12.184  2018  3127 I libsensor-displayalgo: the value of  getChannelDataCalibrated3267.687221,1140.389644,1755.389210,616.914213
06-20 17:45:12.184  2018  3127 I libsensor-displayalgo: the value of  REAL LUX130.437103
06-20 17:45:12.184  2018  3127 I libsensor-displayalgo: the value of  CAL REAL LUX130.437103
06-20 17:45:12.483  2018  3127 D libsensor-displayalgo: the value of  brightness:438.000000,R:77296384.557271,G:77297133.237939,B:77313059.061408,EVENT_C:5530.000000,EVENT_R:2126.500000,EVENT_G:2828.500000,EVENT_B:1120.000000
06-20 17:45:12.483  2018  3127 I libsensor-displayalgo: the value of  Coef1:1107.681000,Coef4:2.383000, scale1:0.935522, scale4:0.923264
06-20 17:45:12.483  2018  3127 E libsensor-displayalgo: RGB_test_0407_400_oldzy!
06-20 17:45:12.484  2018  3127 I libsensor-displayalgo: the value of  RESULT3116.697536,1231.266004,1510.266625,565.233393
06-20 17:45:12.484  2018  3127 I libsensor-displayalgo: the value of  getChannelDataCalibrated3267.687221,1140.389644,1755.389210,616.914213
06-20 17:45:12.484  2018  3127 I libsensor-displayalgo: the value of  REAL LUX130.441986
06-20 17:45:12.484  2018  3127 I libsensor-displayalgo: the value of  CAL REAL LUX130.441986
06-20 17:45:12.484  1930  1967 I mstatdaemon: Entering time loop
06-20 17:45:12.485  1930  1967 I mstatdaemon: t = 1687254312
06-20 17:45:12.485  1930  1967 I mstatdaemon: translated_t = 1371264312
06-20 17:45:12.485  1930  1967 I mstat_log: mstatcommitLog log_alloc() failed
06-20 17:45:12.587 31630 31630 I HandWritingStubImpl: isKeyboardTypeChanged: false
06-20 17:45:12.783  2018  3127 D libsensor-displayalgo: the value of  brightness:438.000000,R:77296384.557271,G:77297133.237939,B:77313059.061408,EVENT_C:5530.000000,EVENT_R:2127.000000,EVENT_G:2825.500000,EVENT_B:1120.500000
06-20 17:45:12.783  2018  3127 I libsensor-displayalgo: the value of  Coef1:1107.681000,Coef4:2.383000, scale1:0.935522, scale4:0.923264
06-20 17:45:12.783  2018  3127 E libsensor-displayalgo: RGB_test_0407_400_oldzy!
06-20 17:45:12.784  2018  3127 I libsensor-displayalgo: the value of  RESULT3116.697536,1231.266004,1510.266625,565.233393
06-20 17:45:12.784  2018  3127 I libsensor-displayalgo: the value of  getChannelDataCalibrated3267.687221,1140.389644,1755.389210,616.914213
06-20 17:45:12.784  2018  3127 I libsensor-displayalgo: the value of  REAL LUX130.246017
06-20 17:45:12.784  2018  3127 I libsensor-displayalgo: the value of  CAL REAL LUX130.246017
06-20 17:45:13.083  2018  3127 D libsensor-displayalgo: the value of  brightness:438.000000,R:77296384.557271,G:77297133.237939,B:77313059.061408,EVENT_C:5528.000000,EVENT_R:2125.500000,EVENT_G:2827.500000,EVENT_B:1121.000000
06-20 17:45:13.083  2018  3127 I libsensor-displayalgo: the value of  Coef1:1107.681000,Coef4:2.383000, scale1:0.935522, scale4:0.923264
06-20 17:45:13.083  2018  3127 E libsensor-displayalgo: RGB_test_0407_400_oldzy!
06-20 17:45:13.084  2018  3127 I libsensor-displayalgo: the value of  RESULT3116.697536,1231.266004,1510.266625,565.233393
06-20 17:45:13.084  2018  3127 I libsensor-displayalgo: the value of  getChannelDataCalibrated3267.687221,1140.389644,1755.389210,616.914213
06-20 17:45:13.084  2018  3127 I libsensor-displayalgo: the value of  REAL LUX130.211807
06-20 17:45:13.084  2018  3127 I libsensor-displayalgo: the value of  CAL REAL LUX130.211807
06-20 17:45:13.130 31630 31630 I HandWritingStubImpl: isKeyboardTypeChanged: false
06-20 17:45:13.382  2018  3127 D libsensor-displayalgo: the value of  brightness:438.000000,R:77296384.557271,G:77297133.237939,B:77313059.061408,EVENT_C:5527.000000,EVENT_R:2127.000000,EVENT_G:2827.000000,EVENT_B:1120.000000
06-20 17:45:13.383  2018  3127 I libsensor-displayalgo: the value of  Coef1:1107.681000,Coef4:2.383000, scale1:0.935522, scale4:0.923264
06-20 17:45:13.383  2018  3127 E libsensor-displayalgo: RGB_test_0407_400_oldzy!
06-20 17:45:13.383  2018  3127 I libsensor-displayalgo: the value of  RESULT3116.697536,1231.266004,1510.266625,565.233393
06-20 17:45:13.383  2018  3127 I libsensor-displayalgo: the value of  getChannelDataCalibrated3267.687221,1140.389644,1755.389210,616.914213
06-20 17:45:13.383  2018  3127 I libsensor-displayalgo: the value of  REAL LUX130.143158
06-20 17:45:13.383  2018  3127 I libsensor-displayalgo: the value of  CAL REAL LUX130.143158
06-20 17:45:13.388 16584 16592 I van:pushservic: This is sticky GC, maxfree is 8388608 minfree is 2097152
06-20 17:45:13.658 31630 31630 I HandWritingStubImpl: isKeyboardTypeChanged: false
06-20 17:45:13.683  2018  3127 D libsensor-displayalgo: the value of  brightness:438.000000,R:77296384.557271,G:77297133.237939,B:77313059.061408,EVENT_C:5525.500000,EVENT_R:2124.500000,EVENT_G:2824.500000,EVENT_B:1119.500000
06-20 17:45:13.683  2018  3127 I libsensor-displayalgo: the value of  Coef1:1107.681000,Coef4:2.383000, scale1:0.935522, scale4:0.923264
06-20 17:45:13.683  2018  3127 E libsensor-displayalgo: RGB_test_0407_400_oldzy!
06-20 17:45:13.684  2018  3127 I libsensor-displayalgo: the value of  RESULT3116.697536,1231.266004,1510.266625,565.233393
06-20 17:45:13.684  2018  3127 I libsensor-displayalgo: the value of  getChannelDataCalibrated3267.687221,1140.389644,1755.389210,616.914213
06-20 17:45:13.684  2018  3127 I libsensor-displayalgo: the value of  REAL LUX130.058426
06-20 17:45:13.684  2018  3127 I libsensor-displayalgo: the value of  CAL REAL LUX130.058426
06-20 17:45:13.983  2018  3127 D libsensor-displayalgo: the value of  brightness:438.000000,R:77296384.557271,G:77297133.237939,B:77313059.061408,EVENT_C:5523.500000,EVENT_R:2124.500000,EVENT_G:2823.500000,EVENT_B:1119.000000
06-20 17:45:13.983  2018  3127 I libsensor-displayalgo: the value of  Coef1:1107.681000,Coef4:2.383000, scale1:0.935522, scale4:0.923264
06-20 17:45:13.983  2018  3127 E libsensor-displayalgo: RGB_test_0407_400_oldzy!
06-20 17:45:13.984  2018  3127 I libsensor-displayalgo: the value of  RESULT3116.697536,1231.266004,1510.266625,565.233393
06-20 17:45:13.984  2018  3127 I libsensor-displayalgo: the value of  getChannelDataCalibrated3267.687221,1140.389644,1755.389210,616.914213
06-20 17:45:13.984  2018  3127 I libsensor-displayalgo: the value of  REAL LUX129.912399
06-20 17:45:13.984  2018  3127 I libsensor-displayalgo: the value of  CAL REAL LUX129.912399
06-20 17:45:14.202 31630 31630 I HandWritingStubImpl: isKeyboardTypeChanged: false
06-20 17:45:14.283  2018  3127 D libsensor-displayalgo: the value of  brightness:438.000000,R:77296384.557271,G:77297133.237939,B:77313059.061408,EVENT_C:5522.500000,EVENT_R:2126.000000,EVENT_G:2825.000000,EVENT_B:1119.000000
06-20 17:45:14.283  2018  3127 I libsensor-displayalgo: the value of  Coef1:1107.681000,Coef4:2.383000, scale1:0.935522, scale4:0.923264
06-20 17:45:14.283  2018  3127 E libsensor-displayalgo: RGB_test_0407_400_oldzy!
06-20 17:45:14.284  2018  3127 I libsensor-displayalgo: the value of  RESULT3116.697536,1231.266004,1510.266625,565.233393
06-20 17:45:14.284  2018  3127 I libsensor-displayalgo: the value of  getChannelDataCalibrated3267.687221,1140.389644,1755.389210,616.914213
06-20 17:45:14.284  2018  3127 I libsensor-displayalgo: the value of  REAL LUX129.853531
06-20 17:45:14.284  2018  3127 I libsensor-displayalgo: the value of  CAL REAL LUX129.853531
06-20 17:45:14.583  2018  3127 D libsensor-displayalgo: the value of  brightness:438.000000,R:77296384.557271,G:77297133.237939,B:77313059.061408,EVENT_C:5527.000000,EVENT_R:2127.000000,EVENT_G:2825.500000,EVENT_B:1119.500000
06-20 17:45:14.583  2018  3127 I libsensor-displayalgo: the value of  Coef1:1107.681000,Coef4:2.383000, scale1:0.935522, scale4:0.923264
06-20 17:45:14.583  2018  3127 E libsensor-displayalgo: RGB_test_0407_400_oldzy!
06-20 17:45:14.584  2018  3127 I libsensor-displayalgo: the value of  RESULT3116.697536,1231.266004,1510.266625,565.233393
06-20 17:45:14.584  2018  3127 I libsensor-displayalgo: the value of  getChannelDataCalibrated3267.687221,1140.389644,1755.389210,616.914213
06-20 17:45:14.585  2018  3127 I libsensor-displayalgo: the value of  REAL LUX130.115524
06-20 17:45:14.585  2018  3127 I libsensor-displayalgo: the value of  CAL REAL LUX130.115524
06-20 17:45:14.729 31630 31630 I HandWritingStubImpl: isKeyboardTypeChanged: false
06-20 17:45:14.883  2018  3127 D libsensor-displayalgo: the value of  brightness:438.000000,R:77296384.557271,G:77297133.237939,B:77313059.061408,EVENT_C:5525.000000,EVENT_R:2125.500000,EVENT_G:2825.500000,EVENT_B:1119.500000
06-20 17:45:14.883  2018  3127 I libsensor-displayalgo: the value of  Coef1:1107.681000,Coef4:2.383000, scale1:0.935522, scale4:0.923264
06-20 17:45:14.883  2018  3127 E libsensor-displayalgo: RGB_test_0407_400_oldzy!
06-20 17:45:14.884  2018  3127 I libsensor-displayalgo: the value of  RESULT3116.697536,1231.266004,1510.266625,565.233393
06-20 17:45:14.884  2018  3127 I libsensor-displayalgo: the value of  getChannelDataCalibrated3267.687221,1140.389644,1755.389210,616.914213
06-20 17:45:14.884  2018  3127 I libsensor-displayalgo: the value of  REAL LUX130.030930
06-20 17:45:14.884  2018  3127 I libsensor-displayalgo: the value of  CAL REAL LUX130.030930
06-20 17:45:15.183  2018  3127 D libsensor-displayalgo: the value of  brightness:438.000000,R:77296384.557271,G:77297133.237939,B:77313059.061408,EVENT_C:5515.500000,EVENT_R:2121.000000,EVENT_G:2819.000000,EVENT_B:1118.000000
06-20 17:45:15.184  2018  3127 I libsensor-displayalgo: the value of  Coef1:1107.681000,Coef4:2.383000, scale1:0.935522, scale4:0.923264
06-20 17:45:15.184  2018  3127 E libsensor-displayalgo: RGB_test_0407_400_oldzy!
06-20 17:45:15.184  2018  3127 I libsensor-displayalgo: the value of  RESULT3116.697536,1231.266004,1510.266625,565.233393
06-20 17:45:15.185  2018  3127 I libsensor-displayalgo: the value of  getChannelDataCalibrated3267.687221,1140.389644,1755.389210,616.914213
06-20 17:45:15.185  2018  3127 I libsensor-displayalgo: the value of  REAL LUX129.356247
06-20 17:45:15.185  2018  3127 I libsensor-displayalgo: the value of  CAL REAL LUX129.356247
06-20 17:45:15.273 31630 31630 I HandWritingStubImpl: isKeyboardTypeChanged: false
06-20 17:45:15.483  2018  3127 D libsensor-displayalgo: the value of  brightness:438.000000,R:77296384.557271,G:77297133.237939,B:77313059.061408,EVENT_C:5531.000000,EVENT_R:2127.000000,EVENT_G:2828.000000,EVENT_B:1120.000000
06-20 17:45:15.483  2018  3127 I libsensor-displayalgo: the value of  Coef1:1107.681000,Coef4:2.383000, scale1:0.935522, scale4:0.923264
06-20 17:45:15.483  2018  3127 E libsensor-displayalgo: RGB_test_0407_400_oldzy!
06-20 17:45:15.484  2018  3127 I libsensor-displayalgo: the value of  RESULT3116.697536,1231.266004,1510.266625,565.233393
06-20 17:45:15.484  2018  3127 I libsensor-displayalgo: the value of  getChannelDataCalibrated3267.687221,1140.389644,1755.389210,616.914213
