06-20 18:38:41.064  2423  2876 D MIUIInput: Input event injection from pid 22051, KeyEvent:UP, keycode:4
06-20 18:38:41.064  2423  2624 W ActivityManager: Sending non-protected broadcast miui.intent.KEYCODE_BACK from system 2423:system/1000 pkg android. Callers=com.android.server.am.ActivityManagerService.broadcastIntentLocked:13794 com.android.server.am.ActivityManagerService.broadcastIntentLocked:13204 com.android.server.am.ActivityManagerService.broadcastIntentWithFeature:14053 android.app.ContextImpl.sendBroadcastAsUser:1400 com.android.server.policy.BaseMiuiPhoneWindowManager$16.run:2837
06-20 18:38:41.064  2423  3213 D WindowManager: interceptKeyTi keyCode=4 down=false repeatCount=0 keyguardOn=false canceled=false
06-20 18:38:41.064  2423  2624 W ActivityManager: Sending non-protected broadcast miui.intent.KEYCODE_BACK from system 2423:system/1000 pkg android. Callers=com.android.server.am.ActivityManagerService.broadcastIntentLocked:13893 com.android.server.am.ActivityManagerService.broadcastIntentLocked:13204 com.android.server.am.ActivityManagerService.broadcastIntentWithFeature:14053 android.app.ContextImpl.sendBroadcastAsUser:1400 com.android.server.policy.BaseMiuiPhoneWindowManager$16.run:2837
06-20 18:38:41.064  2423  3213 D MIUIInput: [KeyEvent] publisher action:0x1,  keyCode:4 , 642778,channel 'e90e96a cn.missevan/cn.missevan.activity.MainActivity (server)'
06-20 18:38:41.065 17289 17289 D MIUIInput: [KeyEvent] ViewRootImpl windowName 'cn.missevan/cn.missevan.activity.MainActivity', KeyEvent { action=ACTION_UP, keyCode=KEYCODE_BACK, scanCode=0, metaState=0, flags=0x0, repeatCount=0, eventTime=642778, downTime=642778, deviceId=-1, source=0x101, displayId=-1 }, phoneEventTime=18:38:41.032
06-20 18:38:41.068  1308  1430 E ANDR-PERF-UTIL: Failed to update node /sys/class/kgsl/kgsl-3d0/idle_timer with value 32
06-20 18:38:41.068  1308  1430 E ANDR-PERF-UTIL: 0
06-20 18:38:41.068  1308  1430 E ANDR-PERF-RESOURCEQS: Failed to reset optimization [10, 11]
06-20 18:38:41.068  1289  1506 I SDM     : HWDeviceDRM::SetupConcurrentWriteback: Tear down the Concurrent Writeback topology
06-20 18:38:41.072 17289 17289 I HandWritingStubImpl: isKeyboardTypeChanged: false
06-20 18:38:41.075  1289 22463 I SDM     : HWCSession::NotifyCWBStatus: Notify the client about buffer status 0.
06-20 18:38:41.075  1289 22463 I SDM     : HWCSession::PerformFenceWaits: Remove current release fence from the pending fence wait queue.
06-20 18:38:41.075  1289 22463 I SDM     : HWCSession::PerformFenceWaits: CWB fence queue is empty. No pending release fence to wait on.
06-20 18:38:41.085 22069 22119 I appium  : AppiumResponse: {"sessionId":"064e9b71-9730-4f3b-8fc6-0cbe010b902a","value":null}
06-20 18:38:41.095 17289 17289 D DecorView[MainActivity]: getWindowModeFromSystem  windowmode is 1
06-20 18:38:41.095 17289 17289 D DecorView[MainActivity]: updateDecorCaptionStatus displayWindowDecor is false
06-20 18:38:41.103  2423  2876 I WindowManagerService: Physical orientation applied, rotation=0 sfOrientation=ORIENTATION_0
06-20 18:38:41.104 22069 22119 I appium  : channel read: POST /wd/hub/session/064e9b71-9730-4f3b-8fc6-0cbe010b902a/elements
06-20 18:38:41.104 22069 22119 I appium  : FindElements command
06-20 18:38:41.106 22069 22119 I appium  : method: 'id', selector: 'cn.missevan:id/new_function_layout'
06-20 18:38:41.106 22069 22119 I appium  : Waiting up to 100ms for the device to idle
06-20 18:38:41.236  2055  3327 D libsensor-displayalgo: the value of  brightness:438.000000,R:77375716.939127,G:77376143.464170,B:77391269.635761,EVENT_C:5895.500000,EVENT_R:2243.500000,EVENT_G:3024.500000,EVENT_B:1183.500000
06-20 18:38:41.236  2055  3327 I libsensor-displayalgo: the value of  Coef1:1107.681000,Coef4:2.383000, scale1:0.935522, scale4:0.923264
06-20 18:38:41.236  2055  3327 E libsensor-displayalgo: RGB_test_0407_400_oldzy!
06-20 18:38:41.236  2055  3327 I libsensor-displayalgo: the value of  RESULT3118.837702,1232.115395,1511.231984,565.637200
06-20 18:38:41.237  2055  3327 I libsensor-displayalgo: the value of  getChannelDataCalibrated3269.931069,1141.176343,1756.511250,617.354941
06-20 18:38:41.237  2055  3327 I libsensor-displayalgo: the value of  REAL LUX155.441589
06-20 18:38:41.237  2055  3327 I libsensor-displayalgo: the value of  CAL REAL LUX155.441589
06-20 18:38:41.289 22069 22119 W QueryController: Could not detect idle state.
06-20 18:38:41.356  1289  2256 I vendor.qti.hardware.display.composer-service: FrameNotifyProcess Sensor: notify citsensorservice to trigger cwb
06-20 18:38:41.357  2055  3808 I libcitsensorservice@2.0-impl: msg_transfer
06-20 18:38:41.357  2055  3319 D vendor.xiaomi.sensor.citsensorservice@2.0-service: handle id:11 wxh:1280x2400 uwxuh:1080x2400 size: 9216000 fd:15 fd_meta:16 flags:0x4000228 usage:0x33  format:0x3 layer_count: 1
06-20 18:38:41.358  1289  1865 I SDM     : HWCSession::SetCWBOutputBuffer: CWB config passed by cwb_client : tappoint 1  CWB_ROI : (829.000000 4.000000 915.000000 90.000000)
06-20 18:38:41.359  1289 22464 I SDM     : HWCSession::ProcessRequests: Successfully configured CWB buffer.
06-20 18:38:41.367  1289 22464 I SDM     : HWCSession::ProcessRequests: Pushing release fence in fenece wait queue.
06-20 18:38:41.367  1289 22464 I SDM     : HWCSession::ProcessRequests: Creating AsyncFenceWaits async thread.
06-20 18:38:41.368 22254 22278 E chromium: [ERROR:tile_manager.cc(821)] WARNING: tile memory limits exceeded, some content may not draw
06-20 18:38:41.368 22254 22278 E chromium: [ERROR:tile_manager.cc(821)] WARNING: tile memory limits exceeded, some content may not draw
06-20 18:38:41.370  1289 22464 I SDM     : HWCSession::ProcessRequests: Remove current CWB request from the pending request queue.
06-20 18:38:41.370  1289 22464 I SDM     : HWCSession::ProcessRequests: No pending cwb requests found in the queue.
06-20 18:38:41.372  1289  1506 I SDM     : HWDeviceDRM::SetupConcurrentWriteback: Tear down the Concurrent Writeback topology
06-20 18:38:41.376 22254 22278 E chromium: [ERROR:tile_manager.cc(821)] WARNING: tile memory limits exceeded, some content may not draw
06-20 18:38:41.376 22254 22278 E chromium: [ERROR:tile_manager.cc(821)] WARNING: tile memory limits exceeded, some content may not draw
06-20 18:38:41.380  1289 22465 I SDM     : HWCSession::NotifyCWBStatus: Notify the client about buffer status 0.
06-20 18:38:41.380  1289 22465 I SDM     : HWCSession::PerformFenceWaits: Remove current release fence from the pending fence wait queue.
06-20 18:38:41.380  1289 22465 I SDM     : HWCSession::PerformFenceWaits: CWB fence queue is empty. No pending release fence to wait on.
06-20 18:38:41.384 22254 22278 E chromium: [ERROR:tile_manager.cc(821)] WARNING: tile memory limits exceeded, some content may not draw
06-20 18:38:41.384 22254 22278 E chromium: [ERROR:tile_manager.cc(821)] WARNING: tile memory limits exceeded, some content may not draw
06-20 18:38:41.385 17289 17289 I HandWritingStubImpl: isKeyboardTypeChanged: false
06-20 18:38:41.387 17289 17289 I HandWritingStubImpl: isKeyboardTypeChanged: false
06-20 18:38:41.390 17289 17289 I HandWritingStubImpl: isKeyboardTypeChanged: false
06-20 18:38:41.391 17289 17289 I HandWritingStubImpl: isKeyboardTypeChanged: false
06-20 18:38:41.393 17289 17289 I HandWritingStubImpl: isKeyboardTypeChanged: false
06-20 18:38:41.403  2423  4492 I ActivityManager: Killing 22254:com.google.android.webview:sandboxed_process0:org.chromium.content.app.SandboxedProcessService0:3/u0a499i4 (adj 0): isolated not needed
06-20 18:38:41.404  2423  4492 I SmartPower.com.google.android.webview:sandboxed_process0:org.chromium.content.app.SandboxedProbackground->died(14774ms) R(process died ) adj=0.
06-20 18:38:41.404  2423  4492 D PerfImpl: perfProcessKillBoost: com.google.android.webview:sandboxed_process0:org.chromium.content.app.SandboxedProcessService0:3, 22254, 0
06-20 18:38:41.404  2423  3446 I SmartPower: cn.missevan/99004 state=inactive adj=0 proc size=0 move to -1 process died
06-20 18:38:41.405  2423  2640 I libprocessgroup: Successfully killed process cgroup uid 99004 pid 22254 in 0ms
06-20 18:38:41.436 22069 22119 W ByMatcher: Node returned null child: android.view.accessibility.AccessibilityNodeInfo@341d3; boundsInParent: Rect(0, 0 - 1024, 1358); boundsInScreen: Rect(28, 707 - 1052, 2065); packageName: cn.missevan; className: android.widget.GridView; text: null; error: null; maxTextLength: -1; stateDescription: null; contentDescription: null; tooltipText: null; viewIdResName: cn.missevan:id/rv_profile_item; checkable: false; checked: false; focusable: true; focused: false; selected: false; clickable: false; longClickable: false; contextClickable: false; enabled: true; password: false; scrollable: false; importantForAccessibility: true; visible: true; actions: [AccessibilityAction: ACTION_FOCUS - null, AccessibilityAction: ACTION_SELECT - null, AccessibilityAction: ACTION_CLEAR_SELECTION - null, AccessibilityAction: ACTION_ACCESSIBILITY_FOCUS - null, AccessibilityAction: ACTION_SHOW_ON_SCREEN - null]
06-20 18:38:41.436 22069 22119 W ByMatcher: Skipping null child (4 of 12)
06-20 18:38:41.441 22069 22119 W ByMatcher: Skipping null child (5 of 12)
06-20 18:38:41.444 22069 22119 W ByMatcher: Skipping null child (6 of 12)
06-20 18:38:41.449  3986  3986 I Zygote  : Process 22254 exited cleanly (0)
06-20 18:38:41.450  6544  6605 I i.xmsf:service: oneway function results for code 3 on binder at 0xb40000711a866920 will be dropped but finished with status UNKNOWN_TRANSACTION
06-20 18:38:41.451  6117  6134 I com.xiaomi.xms: oneway function results for code 3 on binder at 0xb4000071e95699c0 will be dropped but finished with status UNKNOWN_TRANSACTION
06-20 18:38:41.453  5797  8425 D UidObserver: onUidGone entry uid = 99004
06-20 18:38:41.456  2423  4492 W ProcessStats: Tracking association SourceState{623b87c system/1000 BTopFgs #5674} whose proc state 2 is better than process ProcessState{b538505 com.google.android.gms.persistent/10158 pkg=com.google.android.gms} proc state 3 (9 skipped)
06-20 18:38:41.476 22069 22119 I appium  : Caching 9 found elements
06-20 18:38:41.479 22069 22119 I appium  : Cached 9 elements
06-20 18:38:41.482 22069 22119 I appium  : AppiumResponse: {"sessionId":"064e9b71-9730-4f3b-8fc6-0cbe010b902a","value":[{"ELEMENT":"00000000-0000-0094-ffff-ffff00001653","element-6066-11e4-a52e-4f735466cecf":"00000000-0000-0094-ffff-ffff00001653"},{"ELEMENT":"00000000-0000-0094-ffff-ffff00001659","element-6066-11e4-a52e-4f735466cecf":"00000000-0000-0094-fff…
06-20 18:38:41.494 22069 22119 I appium  : channel read: POST /wd/hub/session/064e9b71-9730-4f3b-8fc6-0cbe010b902a/element/00000000-0000-0094-ffff-ffff000017bb/click
06-20 18:38:41.495 22069 22119 I appium  : Click command
06-20 18:38:41.537  2055  3327 D libsensor-displayalgo: the value of  brightness:438.000000,R:74709709.431923,G:74827476.333381,B:74765208.103312,EVENT_C:5821.500000,EVENT_R:2217.000000,EVENT_G:2984.000000,EVENT_B:1167.500000
06-20 18:38:41.537  2055  3327 I libsensor-displayalgo: the value of  Coef1:1107.681000,Coef4:2.383000, scale1:0.935522, scale4:0.923264
06-20 18:38:41.537  2055  3327 E libsensor-displayalgo: RGB_test_0407_400_oldzy!
06-20 18:38:41.538  2055  3327 I libsensor-displayalgo: the value of  RESULT3048.451699,1203.822281,1479.818148,552.374915
06-20 18:38:41.538  2055  3327 I libsensor-displayalgo: the value of  getChannelDataCalibrated3196.135187,1114.971467,1719.998818,602.880049
06-20 18:38:41.538  2055  3327 I libsensor-displayalgo: the value of  REAL LUX155.380737
06-20 18:38:41.538  2055  3327 I libsensor-displayalgo: the value of  CAL REAL LUX155.380737
06-20 18:38:41.633  1308  1430 E ANDR-PERF-UTIL: Failed to update node /sys/class/kgsl/kgsl-3d0/idle_timer with value 32
06-20 18:38:41.633  1308  1430 E ANDR-PERF-UTIL: 0
06-20 18:38:41.633  1308  1430 E ANDR-PERF-RESOURCEQS: Failed to reset optimization [10, 11]
06-20 18:38:41.719  1289  2256 I vendor.qti.hardware.display.composer-service: FrameNotifyProcess Sensor: notify citsensorservice to trigger cwb
06-20 18:38:41.719  2055  3808 I libcitsensorservice@2.0-impl: msg_transfer
06-20 18:38:41.721  2055  3319 D vendor.xiaomi.sensor.citsensorservice@2.0-service: handle id:11 wxh:1280x2400 uwxuh:1080x2400 size: 9216000 fd:15 fd_meta:16 flags:0x4000228 usage:0x33  format:0x3 layer_count: 1
06-20 18:38:41.722  1289  1865 I SDM     : HWCSession::SetCWBOutputBuffer: CWB config passed by cwb_client : tappoint 1  CWB_ROI : (829.000000 4.000000 915.000000 90.000000)
06-20 18:38:41.723  1289 22468 I SDM     : HWCSession::ProcessRequests: Successfully configured CWB buffer.
06-20 18:38:41.728  1289 22468 I SDM     : HWCSession::ProcessRequests: Pushing release fence in fenece wait queue.
06-20 18:38:41.728  1289 22468 I SDM     : HWCSession::ProcessRequests: Creating AsyncFenceWaits async thread.
06-20 18:38:41.729  1289 22468 I SDM     : HWCSession::ProcessRequests: Remove current CWB request from the pending request queue.
06-20 18:38:41.729  1289 22468 I SDM     : HWCSession::ProcessRequests: No pending cwb requests found in the queue.
06-20 18:38:41.732  1308  1430 E ANDR-PERF-UTIL: Failed to update node /sys/class/kgsl/kgsl-3d0/idle_timer with value 32
06-20 18:38:41.732  1308  1430 E ANDR-PERF-UTIL: 0
06-20 18:38:41.732  1308  1430 E ANDR-PERF-RESOURCEQS: Failed to reset optimization [10, 11]
06-20 18:38:41.735  1289  1506 I SDM     : HWDeviceDRM::SetupConcurrentWriteback: Tear down the Concurrent Writeback topology
06-20 18:38:41.742  1289 22469 I SDM     : HWCSession::NotifyCWBStatus: Notify the client about buffer status 0.
06-20 18:38:41.742  1289 22469 I SDM     : HWCSession::PerformFenceWaits: Remove current release fence from the pending fence wait queue.
06-20 18:38:41.742  1289 22469 I SDM     : HWCSession::PerformFenceWaits: CWB fence queue is empty. No pending release fence to wait on.
06-20 18:38:41.827  1308  1430 E ANDR-PERF-UTIL: Failed to update node /sys/class/kgsl/kgsl-3d0/idle_timer with value 32
06-20 18:38:41.827  1308  1430 E ANDR-PERF-UTIL: 0
06-20 18:38:41.827  1308  1430 E ANDR-PERF-RESOURCEQS: Failed to reset optimization [10, 11]
06-20 18:38:41.836  2055  3327 D libsensor-displayalgo: the value of  brightness:438.000000,R:74709709.431923,G:74827476.333381,B:74765208.103312,EVENT_C:5808.500000,EVENT_R:2217.500000,EVENT_G:2978.000000,EVENT_B:1165.500000
06-20 18:38:41.836  2055  3327 I libsensor-displayalgo: the value of  Coef1:1107.681000,Coef4:2.383000, scale1:0.935522, scale4:0.923264
06-20 18:38:41.836  2055  3327 E libsensor-displayalgo: RGB_test_0407_400_oldzy!
06-20 18:38:41.837  2055  3327 I libsensor-displayalgo: the value of  RESULT3048.451699,1203.822281,1479.818148,552.374915
06-20 18:38:41.837  2055  3327 I libsensor-displayalgo: the value of  getChannelDataCalibrated3196.135187,1114.971467,1719.998818,602.880049
06-20 18:38:41.837  2055  3327 I libsensor-displayalgo: the value of  REAL LUX154.333893
06-20 18:38:41.837  2055  3327 I libsensor-displayalgo: the value of  CAL REAL LUX154.333893
06-20 18:38:41.934  1308  1430 E ANDR-PERF-UTIL: Failed to update node /sys/class/kgsl/kgsl-3d0/idle_timer with value 32
06-20 18:38:41.934  1308  1430 E ANDR-PERF-UTIL: 0
06-20 18:38:41.934  1308  1430 E ANDR-PERF-RESOURCEQS: Failed to reset optimization [10, 11]
06-20 18:38:42.016 22069 22119 W QueryController: Could not detect idle state.
06-20 18:38:42.024  1289  2256 I vendor.qti.hardware.display.composer-service: FrameNotifyProcess Sensor: notify citsensorservice to trigger cwb
06-20 18:38:42.024  2055  3808 I libcitsensorservice@2.0-impl: msg_transfer
06-20 18:38:42.025  2055  3319 D vendor.xiaomi.sensor.citsensorservice@2.0-service: handle id:11 wxh:1280x2400 uwxuh:1080x2400 size: 9216000 fd:15 fd_meta:16 flags:0x4000228 usage:0x33  format:0x3 layer_count: 1
06-20 18:38:42.026  1289  1865 I SDM     : HWCSession::SetCWBOutputBuffer: CWB config passed by cwb_client : tappoint 1  CWB_ROI : (829.000000 4.000000 915.000000 90.000000)
06-20 18:38:42.027  1289 22473 I SDM     : HWCSession::ProcessRequests: Successfully configured CWB buffer.
06-20 18:38:42.032  1289 22473 I SDM     : HWCSession::ProcessRequests: Pushing release fence in fenece wait queue.
06-20 18:38:42.033  1308  1430 E ANDR-PERF-UTIL: Failed to update node /sys/class/kgsl/kgsl-3d0/idle_timer with value 32
06-20 18:38:42.033  1308  1430 E ANDR-PERF-UTIL: 0
06-20 18:38:42.033  1308  1430 E ANDR-PERF-RESOURCEQS: Failed to reset optimization [10, 11]
06-20 18:38:42.034  1289 22473 I SDM     : HWCSession::ProcessRequests: Creating AsyncFenceWaits async thread.
06-20 18:38:42.035  1289 22473 I SDM     : HWCSession::ProcessRequests: Remove current CWB request from the pending request queue.
06-20 18:38:42.035  1289 22473 I SDM     : HWCSession::ProcessRequests: No pending cwb requests found in the queue.
06-20 18:38:42.039  1289  1506 I SDM     : HWDeviceDRM::SetupConcurrentWriteback: Tear down the Concurrent Writeback topology
06-20 18:38:42.046  1289 22474 I SDM     : HWCSession::NotifyCWBStatus: Notify the client about buffer status 0.
06-20 18:38:42.047  1289 22474 I SDM     : HWCSession::PerformFenceWaits: Remove current release fence from the pending fence wait queue.
06-20 18:38:42.047  1289 22474 I SDM     : HWCSession::PerformFenceWaits: CWB fence queue is empty. No pending release fence to wait on.
06-20 18:38:42.047  2423  2876 D MIUIInput: Input event injection from pid 22051, MotionEvent: DOWN
06-20 18:38:42.048  2423  3213 D MIUIInput: [MotionEvent] publisher action=0x4, 643784, channel 'f33ef00 NavigationBar0 (server)'
06-20 18:38:42.048  2423  3213 D MIUIInput: [MotionEvent] publisher action=0x0, 643784, channel 'e90e96a cn.missevan/cn.missevan.activity.MainActivity (server)'
06-20 18:38:42.049 17289 17289 D MIUIInput: [MotionEvent] ViewRootImpl windowName 'cn.missevan/cn.missevan.activity.MainActivity', { action=ACTION_DOWN, id[0]=0, pointerCount=1, eventTime=643784, downTime=643783, phoneEventTime=18:38:42.037 } moveCount:0
06-20 18:38:42.052  2423  4492 D MIUIInput: Input event injection from pid 22051, MotionEvent: UP
06-20 18:38:42.052  2423  3213 D MIUIInput: [MotionEvent] publisher action=0x1, 643784, channel 'e90e96a cn.missevan/cn.missevan.activity.MainActivity (server)'
06-20 18:38:42.053 17289 17289 D MIUIInput: [MotionEvent] ViewRootImpl windowName 'cn.missevan/cn.missevan.activity.MainActivity', { action=ACTION_UP, id[0]=0, pointerCount=1, eventTime=643784, downTime=643783, phoneEventTime=18:38:42.037 } moveCount:0
06-20 18:38:42.064 22069 22119 I appium  : Waiting up to 100ms for the device to idle
06-20 18:38:42.066 22069 22119 I appium  : AppiumResponse: {"sessionId":"064e9b71-9730-4f3b-8fc6-0cbe010b902a","value":null}
06-20 18:38:42.078 22069 22119 I appium  : channel read: POST /wd/hub/session/064e9b71-9730-4f3b-8fc6-0cbe010b902a/elements
06-20 18:38:42.079 22069 22119 I appium  : FindElements command
06-20 18:38:42.080 22069 22119 I appium  : method: 'id', selector: 'cn.missevan:id/task_num_txt'
06-20 18:38:42.080 22069 22119 I appium  : Waiting up to 100ms for the device to idle
06-20 18:38:42.137  2055  3327 D libsensor-displayalgo: the value of  brightness:438.000000,R:74709709.431923,G:74827476.333381,B:74765208.103312,EVENT_C:5817.500000,EVENT_R:2219.500000,EVENT_G:2983.500000,EVENT_B:1168.000000
06-20 18:38:42.137  2055  3327 I libsensor-displayalgo: the value of  Coef1:1107.681000,Coef4:2.383000, scale1:0.935522, scale4:0.923264
06-20 18:38:42.137  2055  3327 E libsensor-displayalgo: RGB_test_0407_400_oldzy!
06-20 18:38:42.137  2055  3327 I libsensor-displayalgo: the value of  RESULT3048.451699,1203.822281,1479.818148,552.374915
06-20 18:38:42.137  2055  3327 I libsensor-displayalgo: the value of  getChannelDataCalibrated3196.135187,1114.971467,1719.998818,602.880049
06-20 18:38:42.137  2055  3327 I libsensor-displayalgo: the value of  REAL LUX154.940826
06-20 18:38:42.137  2055  3327 I libsensor-displayalgo: the value of  CAL REAL LUX154.940826
06-20 18:38:42.151 17289 17299 I cn.missevan: This is sticky GC, maxfree is 8388608 minfree is 2097152
06-20 18:38:42.154 17289 17301 W System  : A resource failed to call close.
06-20 18:38:42.193 22069 22119 W QueryController: Could not detect idle state.
06-20 18:38:42.279  2423  2515 I system_server: This is sticky GC, maxfree is 8388608 minfree is 2097152
06-20 18:38:42.327  1289  2256 I vendor.qti.hardware.display.composer-service: FrameNotifyProcess Sensor: notify citsensorservice to trigger cwb
06-20 18:38:42.328  2055  3808 I libcitsensorservice@2.0-impl: msg_transfer
06-20 18:38:42.330  2055  3319 D vendor.xiaomi.sensor.citsensorservice@2.0-service: handle id:11 wxh:1280x2400 uwxuh:1080x2400 size: 9216000 fd:15 fd_meta:16 flags:0x4000228 usage:0x33  format:0x3 layer_count: 1
06-20 18:38:42.330  1289  1865 I SDM     : HWCSession::SetCWBOutputBuffer: CWB config passed by cwb_client : tappoint 1  CWB_ROI : (829.000000 4.000000 915.000000 90.000000)
06-20 18:38:42.334  1289 22476 I SDM     : HWCSession::ProcessRequests: Successfully configured CWB buffer.
06-20 18:38:42.338  1289 22476 I SDM     : HWCSession::ProcessRequests: Pushing release fence in fenece wait queue.
06-20 18:38:42.339  1289 22476 I SDM     : HWCSession::ProcessRequests: Creating AsyncFenceWaits async thread.
06-20 18:38:42.339  1289 22476 I SDM     : HWCSession::ProcessRequests: Remove current CWB request from the pending request queue.
06-20 18:38:42.339  1289 22476 I SDM     : HWCSession::ProcessRequests: No pending cwb requests found in the queue.
06-20 18:38:42.344  1289  1506 I SDM     : HWDeviceDRM::SetupConcurrentWriteback: Tear down the Concurrent Writeback topology
06-20 18:38:42.351  1289 22477 I SDM     : HWCSession::NotifyCWBStatus: Notify the client about buffer status 0.
06-20 18:38:42.351  1289 22477 I SDM     : HWCSession::PerformFenceWaits: Remove current release fence from the pending fence wait queue.
06-20 18:38:42.351  1289 22477 I SDM     : HWCSession::PerformFenceWaits: CWB fence queue is empty. No pending release fence to wait on.
06-20 18:38:42.437  2055  3327 D libsensor-displayalgo: the value of  brightness:438.000000,R:77375716.939127,G:77376143.464170,B:77391269.635761,EVENT_C:5892.000000,EVENT_R:2242.500000,EVENT_G:3024.500000,EVENT_B:1181.000000
06-20 18:38:42.437  2055  3327 I libsensor-displayalgo: the value of  Coef1:1107.681000,Coef4:2.383000, scale1:0.935522, scale4:0.923264
06-20 18:38:42.437  2055  3327 E libsensor-displayalgo: RGB_test_0407_400_oldzy!
06-20 18:38:42.438  2055  3327 I libsensor-displayalgo: the value of  RESULT3118.837702,1232.115395,1511.231984,565.637200
06-20 18:38:42.438  2055  3327 I libsensor-displayalgo: the value of  getChannelDataCalibrated3269.931069,1141.176343,1756.511250,617.354941
06-20 18:38:42.438  2055  3327 I libsensor-displayalgo: the value of  REAL LUX155.435349
06-20 18:38:42.438  2055  3327 I libsensor-displayalgo: the value of  CAL REAL LUX155.435349
06-20 18:38:42.440 22069 22119 I appium  : Found zero matches
06-20 18:38:42.445 22069 22119 W tomator2.serve: Accessing hidden method Ljava/util/Collections$EmptyList;-><init>()V (unsupported, reflection, allowed)
06-20 18:38:42.446 22069 22119 I appium  : AppiumResponse: {"sessionId":"064e9b71-9730-4f3b-8fc6-0cbe010b902a","value":[]}
06-20 18:38:42.552  1289  2256 I vendor.qti.hardware.display.composer-service: FrameNotifyProcess Sensor: notify citsensorservice to trigger cwb
06-20 18:38:42.552  2055  2055 I libcitsensorservice@2.0-impl: msg_transfer
06-20 18:38:42.552  2055  3319 D vendor.xiaomi.sensor.citsensorservice@2.0-service: handle id:11 wxh:1280x2400 uwxuh:1080x2400 size: 9216000 fd:15 fd_meta:16 flags:0x4000228 usage:0x33  format:0x3 layer_count: 1
06-20 18:38:42.553  1289  1865 I SDM     : HWCSession::SetCWBOutputBuffer: CWB config passed by cwb_client : tappoint 1  CWB_ROI : (829.000000 4.000000 915.000000 90.000000)
06-20 18:38:42.556  1289 22478 I SDM     : HWCSession::ProcessRequests: Successfully configured CWB buffer.
06-20 18:38:42.563  1289 22478 I SDM     : HWCSession::ProcessRequests: Pushing release fence in fenece wait queue.
06-20 18:38:42.565  1289 22478 I SDM     : HWCSession::ProcessRequests: Creating AsyncFenceWaits async thread.
06-20 18:38:42.567  1289 22478 I SDM     : HWCSession::ProcessRequests: Remove current CWB request from the pending request queue.
06-20 18:38:42.567  1289 22478 I SDM     : HWCSession::ProcessRequests: No pending cwb requests found in the queue.
06-20 18:38:42.573  1289 22480 I SDM     : HWCSession::NotifyCWBStatus: Notify the client about buffer status 0.
06-20 18:38:42.574  1289  1506 I SDM     : HWDeviceDRM::SetupConcurrentWriteback: Tear down the Concurrent Writeback topology
06-20 18:38:42.576  1289 22480 I SDM     : HWCSession::PerformFenceWaits: Remove current release fence from the pending fence wait queue.
06-20 18:38:42.578  1289 22480 I SDM     : HWCSession::PerformFenceWaits: CWB fence queue is empty. No pending release fence to wait on.
06-20 18:38:42.578  1308  1430 E ANDR-PERF-UTIL: Failed to update node /sys/class/kgsl/kgsl-3d0/idle_timer with value 32
06-20 18:38:42.578  1308  1430 E ANDR-PERF-UTIL: 0
06-20 18:38:42.578  1308  1430 E ANDR-PERF-RESOURCEQS: Failed to reset optimization [10, 11]
06-20 18:38:42.737  2055  3327 D libsensor-displayalgo: the value of  brightness:438.000000,R:77375716.939127,G:77376143.464170,B:77391269.635761,EVENT_C:5880.000000,EVENT_R:2236.500000,EVENT_G:3018.500000,EVENT_B:1182.000000
06-20 18:38:42.738  2055  3327 I libsensor-displayalgo: the value of  Coef1:1107.681000,Coef4:2.383000, scale1:0.935522, scale4:0.923264
06-20 18:38:42.738  2055  3327 E libsensor-displayalgo: RGB_test_0407_400_oldzy!
06-20 18:38:42.738  2055  3327 I libsensor-displayalgo: the value of  RESULT3118.837702,1232.115395,1511.231984,565.637200
06-20 18:38:42.738  2055  3327 I libsensor-displayalgo: the value of  getChannelDataCalibrated3269.931069,1141.176343,1756.511250,617.354941
06-20 18:38:42.738  2055  3327 I libsensor-displayalgo: the value of  REAL LUX154.460434
06-20 18:38:42.738  2055  3327 I libsensor-displayalgo: the value of  CAL REAL LUX154.460434
06-20 18:38:42.966 22069 22119 I appium  : channel read: POST /wd/hub/session/064e9b71-9730-4f3b-8fc6-0cbe010b902a/elements
06-20 18:38:42.968 22069 22119 I appium  : FindElements command
06-20 18:38:42.973 22069 22119 I appium  : method: 'id', selector: 'cn.missevan:id/task_num_txt'
06-20 18:38:42.974 22069 22119 I appium  : Waiting up to 100ms for the device to idle
06-20 18:38:43.038  2055  3327 D libsensor-displayalgo: the value of  brightness:438.000000,R:77375716.939127,G:77376143.464170,B:77391269.635761,EVENT_C:5880.000000,EVENT_R:2236.500000,EVENT_G:3018.500000,EVENT_B:1182.000000
06-20 18:38:43.038  2055  3327 I libsensor-displayalgo: the value of  Coef1:1107.681000,Coef4:2.383000, scale1:0.935522, scale4:0.923264
06-20 18:38:43.038  2055  3327 E libsensor-displayalgo: RGB_test_0407_400_oldzy!
06-20 18:38:43.039  2055  3327 I libsensor-displayalgo: the value of  RESULT3118.837702,1232.115395,1511.231984,565.637200
06-20 18:38:43.039  2055  3327 I libsensor-displayalgo: the value of  getChannelDataCalibrated3269.931069,1141.176343,1756.511250,617.354941
06-20 18:38:43.039  2055  3327 I libsensor-displayalgo: the value of  REAL LUX154.460434
06-20 18:38:43.039  2055  3327 I libsensor-displayalgo: the value of  CAL REAL LUX154.460434
06-20 18:38:43.181 22069 22119 W QueryController: Could not detect idle state.
06-20 18:38:43.337  2055  3327 D libsensor-displayalgo: the value of  brightness:438.000000,R:77375716.939127,G:77376143.464170,B:77391269.635761,EVENT_C:5880.000000,EVENT_R:2236.500000,EVENT_G:3018.500000,EVENT_B:1182.000000
06-20 18:38:43.337  2055  3327 I libsensor-displayalgo: the value of  Coef1:1107.681000,Coef4:2.383000, scale1:0.935522, scale4:0.923264
06-20 18:38:43.337  2055  3327 E libsensor-displayalgo: RGB_test_0407_400_oldzy!
06-20 18:38:43.337  2055  3327 I libsensor-displayalgo: the value of  RESULT3118.837702,1232.115395,1511.231984,565.637200
06-20 18:38:43.337  2055  3327 I libsensor-displayalgo: the value of  getChannelDataCalibrated3269.931069,1141.176343,1756.511250,617.354941
06-20 18:38:43.337  2055  3327 I libsensor-displayalgo: the value of  REAL LUX154.460434
06-20 18:38:43.337  2055  3327 I libsensor-displayalgo: the value of  CAL REAL LUX154.460434
06-20 18:38:43.342 22069 22119 I appium  : Found zero matches
06-20 18:38:43.350 22069 22119 I appium  : AppiumResponse: {"sessionId":"064e9b71-9730-4f3b-8fc6-0cbe010b902a","value":[]}
06-20 18:38:43.472  2423  3322 I BatteryService: current mPlugType2current mHealthInfo.batteryLevel99current mHealthInfo.batteryTemperature365
06-20 18:38:43.479  5797  7029 D ThermalIECHandler: storeDataStyle: thermal_iec_monitor_persistence_data_style_iec_state; startIECTime: -1; IECScreenOffOverPeriodTime: -1
06-20 18:38:43.480  4108  4108 D QtiCarrierConfigHelper: WARNING, no carrier configs on phone Id: 1
06-20 18:38:43.485  4162  4162 D DynamicService:  ACTION_BATTERY_CHANGED change,USB plug = 2
06-20 18:38:43.485  5682  5682 I BatteryInfoReceiver: ACTION_BATTERY_CHANGED
06-20 18:38:43.488  4152  4152 V DeviceStatisticsService: chargerType=2 batteryLevel=99 totalBatteryCapacity=4133300
06-20 18:38:43.488  4152  4152 D DeviceInfoHidlClient: isRadioOn()=true
06-20 18:38:43.488  4152  4152 I DeviceInfoHidlClient: isPowerInfoNeverSent=false batteryLevel=99 batteryLevelIndex=6 chargingMode=2 totalCapacity=4133300 powerSaveMode=false
06-20 18:38:43.489  5797  6910 D PowerCheckerService: onBatteryChanged, mBatteryLevel = 99, status = 2, level = 99, plug = 2, scale = 100
06-20 18:38:43.490  5797  6439 D PowerKeeper.FrozenApp: onBatteryChanged plug=true mBatteryPlugged=2
06-20 18:38:43.491  5797  7046 D PowerKeeper.Thermal: mBatteryTemperature: 36
06-20 18:38:43.494  5682  5682 I PowerNoticeUI: handleBatteryChanged oldPlugType 2 mPlugType 2 oldBatteryLevel 99 mBatteryLevel 99 temperature 365
06-20 18:38:43.496  2423  2635 I android_os_HwBinder: HwBinder: Starting thread pool for getting: vendor.xiaomi.hardware.micharge@1.0::IMiCharge/default
06-20 18:38:43.497  1345  1372 E vendor.xiaomi.hardware.micharge@1.0-service: Failed to open node /sys/class/qcom-battery/reverse_chg_mode
06-20 18:38:43.497  1345  1372 I vendor.xiaomi.hardware.micharge@1.0-service: ReadFilePathValue path = /sys/class/qcom-battery/reverse_chg_mode value =
06-20 18:38:43.497  5682  7274 I android_os_HwBinder: HwBinder: Starting thread pool for getting: vendor.xiaomi.hardware.micharge@1.0::IMiCharge/default
06-20 18:38:43.500  1345  1372 I vendor.xiaomi.hardware.micharge@1.0-service: ReadFilePathValue path = /sys/class/qcom-battery/night_charging value = 0
06-20 18:38:43.500  2423  2635 I android_os_HwBinder: HwBinder: Starting thread pool for getting: vendor.xiaomi.hardware.micharge@1.0::IMiCharge/default
06-20 18:38:43.501  1345  1372 I vendor.xiaomi.hardware.micharge@1.0-service: ReadFilePathValue path = /sys/class/qcom-battery/fastchg_mode value = 0
06-20 18:38:43.501  5682  7274 I ChargeProtectionUtils: getNightChargingState: 0
06-20 18:38:43.636  2055  3327 D libsensor-displayalgo: the value of  brightness:438.000000,R:77375716.939127,G:77376143.464170,B:77391269.635761,EVENT_C:5890.000000,EVENT_R:2242.000000,EVENT_G:3023.500000,EVENT_B:1183.500000
06-20 18:38:43.636  2055  3327 I libsensor-displayalgo: the value of  Coef1:1107.681000,Coef4:2.383000, scale1:0.935522, scale4:0.923264
06-20 18:38:43.636  2055  3327 E libsensor-displayalgo: RGB_test_0407_400_oldzy!
06-20 18:38:43.637  2055  3327 I libsensor-displayalgo: the value of  RESULT3118.837702,1232.115395,1511.231984,565.637200
06-20 18:38:43.637  2055  3327 I libsensor-displayalgo: the value of  getChannelDataCalibrated3269.931069,1141.176343,1756.511250,617.354941
06-20 18:38:43.637  2055  3327 I libsensor-displayalgo: the value of  REAL LUX155.064468
06-20 18:38:43.637  2055  3327 I libsensor-displayalgo: the value of  CAL REAL LUX155.064468
06-20 18:38:43.691  1289  1865 I SDM     : HWCDisplay::SetActiveConfigWithConstraints: config: 0, WxH 1080x2400, fps 60
06-20 18:38:43.692  1289  1865 W SDM     : HWDeviceDRM::GetSupportedBitClkRate: Requested rate not supported: 831000000
06-20 18:38:43.692  1289  1865 I SDM     : HWDeviceDRM::UpdateMixerAttributes: Mixer WxH 1080x2400-0 for Peripheral
06-20 18:38:43.693  1289  1865 I SDM     : HWCDisplay::SubmitDisplayConfig: Active configuration changed from config 1 to 0
06-20 18:38:43.693  1289  1865 I SDM     : HWCDisplay::SubmitDisplayConfig: Active WxH 1080x2400 fps 60
06-20 18:38:43.695  1289  1506 I SDM     : HWDeviceDRM::SetupAtomic: Setting mode: WxH: 1080x2400, vrefresh: 60, hskew: 0
06-20 18:38:43.696  1289  2256 I vendor.qti.hardware.display.composer-service: FrameNotifyProcess Sensor: notify citsensorservice to trigger cwb
06-20 18:38:43.696  2055  3808 I libcitsensorservice@2.0-impl: msg_transfer
06-20 18:38:43.696  2055  3319 D vendor.xiaomi.sensor.citsensorservice@2.0-service: handle id:11 wxh:1280x2400 uwxuh:1080x2400 size: 9216000 fd:15 fd_meta:16 flags:0x4000228 usage:0x33  format:0x3 layer_count: 1
06-20 18:38:43.697  1289  1865 I SDM     : HWCSession::SetCWBOutputBuffer: CWB config passed by cwb_client : tappoint 1  CWB_ROI : (829.000000 4.000000 915.000000 90.000000)
06-20 18:38:43.698  1289 22482 I SDM     : HWCSession::ProcessRequests: Successfully configured CWB buffer.
06-20 18:38:43.700  1335  2243 D FPSMonitor: threadFuncFpsMonitor display 0, fps 60
06-20 18:38:43.702  2055  3320 I libsensor-displayalgo: displayInfoCallback::display info won't handle!!!
06-20 18:38:43.705  1308  1430 E ANDR-PERF-UTIL: Failed to update node /sys/class/kgsl/kgsl-3d0/idle_timer with value 32
06-20 18:38:43.705  1308  1430 E ANDR-PERF-UTIL: 0
06-20 18:38:43.705  1308  1430 E ANDR-PERF-RESOURCEQS: Failed to reset optimization [10, 11]
06-20 18:38:43.743  1289 22482 I SDM     : HWCSession::ProcessRequests: Pushing release fence in fenece wait queue.
06-20 18:38:43.743  1289 22482 I SDM     : HWCSession::ProcessRequests: Creating AsyncFenceWaits async thread.
06-20 18:38:43.744  1289 22482 I SDM     : HWCSession::ProcessRequests: Remove current CWB request from the pending request queue.
06-20 18:38:43.744  1289 22482 I SDM     : HWCSession::ProcessRequests: No pending cwb requests found in the queue.
06-20 18:38:43.759  1289  1506 I SDM     : HWDeviceDRM::SetupConcurrentWriteback: Tear down the Concurrent Writeback topology
06-20 18:38:43.773  1289 22484 I SDM     : HWCSession::NotifyCWBStatus: Notify the client about buffer status 0.
06-20 18:38:43.774  1289 22484 I SDM     : HWCSession::PerformFenceWaits: Remove current release fence from the pending fence wait queue.
06-20 18:38:43.774  1289 22484 I SDM     : HWCSession::PerformFenceWaits: CWB fence queue is empty. No pending release fence to wait on.
06-20 18:38:43.880 22069 22119 I appium  : channel read: POST /wd/hub/session/064e9b71-9730-4f3b-8fc6-0cbe010b902a/elements
06-20 18:38:43.883 22069 22119 I appium  : FindElements command
06-20 18:38:43.889 22069 22119 I appium  : method: 'id', selector: 'cn.missevan:id/task_num_txt'
06-20 18:38:43.890 22069 22119 I appium  : Waiting up to 100ms for the device to idle
06-20 18:38:43.937  2055  3327 D libsensor-displayalgo: the value of  brightness:438.000000,R:77375716.939127,G:77376143.464170,B:77391269.635761,EVENT_C:5895.500000,EVENT_R:2246.500000,EVENT_G:3022.500000,EVENT_B:1180.000000
06-20 18:38:43.937  2055  3327 I libsensor-displayalgo: the value of  Coef1:1107.681000,Coef4:2.383000, scale1:0.935522, scale4:0.923264
06-20 18:38:43.937  2055  3327 E libsensor-displayalgo: RGB_test_0407_400_oldzy!
06-20 18:38:43.937  2055  3327 I libsensor-displayalgo: the value of  RESULT3118.837702,1232.115395,1511.231984,565.637200
06-20 18:38:43.937  2055  3327 I libsensor-displayalgo: the value of  getChannelDataCalibrated3269.931069,1141.176343,1756.511250,617.354941
06-20 18:38:43.937  2055  3327 I libsensor-displayalgo: the value of  REAL LUX155.521790
06-20 18:38:43.937  2055  3327 I libsensor-displayalgo: the value of  CAL REAL LUX155.521790
06-20 18:38:43.990  2423  3446 I SmartPower: com.miui.misound/10124 state=background adj=700 proc size=1 move to inactive adj below visible
06-20 18:38:44.006 22069 22119 I appium  : Found zero matches
06-20 18:38:44.010 22069 22119 I appium  : AppiumResponse: {"sessionId":"064e9b71-9730-4f3b-8fc6-0cbe010b902a","value":[]}
06-20 18:38:44.237  2055  3327 D libsensor-displayalgo: the value of  brightness:438.000000,R:77375716.939127,G:77376143.464170,B:77391269.635761,EVENT_C:5895.500000,EVENT_R:2246.500000,EVENT_G:3022.500000,EVENT_B:1180.000000
06-20 18:38:44.238  2055  3327 I libsensor-displayalgo: the value of  Coef1:1107.681000,Coef4:2.383000, scale1:0.935522, scale4:0.923264
06-20 18:38:44.238  2055  3327 E libsensor-displayalgo: RGB_test_0407_400_oldzy!
06-20 18:38:44.238  2055  3327 I libsensor-displayalgo: the value of  RESULT3118.837702,1232.115395,1511.231984,565.637200
06-20 18:38:44.238  2055  3327 I libsensor-displayalgo: the value of  getChannelDataCalibrated3269.931069,1141.176343,1756.511250,617.354941
06-20 18:38:44.238  2055  3327 I libsensor-displayalgo: the value of  REAL LUX155.521790
06-20 18:38:44.238  2055  3327 I libsensor-displayalgo: the value of  CAL REAL LUX155.521790
06-20 18:38:44.528 22069 22119 I appium  : channel read: POST /wd/hub/session/064e9b71-9730-4f3b-8fc6-0cbe010b902a/elements
06-20 18:38:44.529 22069 22119 I appium  : FindElements command
06-20 18:38:44.532 22069 22119 I appium  : method: 'id', selector: 'cn.missevan:id/task_num_txt'
06-20 18:38:44.533 22069 22119 I appium  : Waiting up to 100ms for the device to idle
06-20 18:38:44.538  2055  3327 D libsensor-displayalgo: the value of  brightness:438.000000,R:77375716.939127,G:77376143.464170,B:77391269.635761,EVENT_C:5895.500000,EVENT_R:2246.500000,EVENT_G:3022.500000,EVENT_B:1180.000000
06-20 18:38:44.538  2055  3327 I libsensor-displayalgo: the value of  Coef1:1107.681000,Coef4:2.383000, scale1:0.935522, scale4:0.923264
06-20 18:38:44.538  2055  3327 E libsensor-displayalgo: RGB_test_0407_400_oldzy!
06-20 18:38:44.539  2055  3327 I libsensor-displayalgo: the value of  RESULT3118.837702,1232.115395,1511.231984,565.637200
06-20 18:38:44.539  2055  3327 I libsensor-displayalgo: the value of  getChannelDataCalibrated3269.931069,1141.176343,1756.511250,617.354941
06-20 18:38:44.539  2055  3327 I libsensor-displayalgo: the value of  REAL LUX155.521790
06-20 18:38:44.539  2055  3327 I libsensor-displayalgo: the value of  CAL REAL LUX155.521790
06-20 18:38:44.623  5419  8536 D SLM-SRV-SLAService: checktemp temperature = 36634 temperature_average = 36523 isPerformanceMode = false thermal_enable_slm = true
06-20 18:38:44.682 22069 22119 I appium  : Found zero matches
06-20 18:38:44.685 22069 22119 I appium  : AppiumResponse: {"sessionId":"064e9b71-9730-4f3b-8fc6-0cbe010b902a","value":[]}
06-20 18:38:44.838  2055  3327 D libsensor-displayalgo: the value of  brightness:438.000000,R:77375716.939127,G:77376143.464170,B:77391269.635761,EVENT_C:5891.000000,EVENT_R:2245.000000,EVENT_G:3024.500000,EVENT_B:1181.500000
06-20 18:38:44.838  2055  3327 I libsensor-displayalgo: the value of  Coef1:1107.681000,Coef4:2.383000, scale1:0.935522, scale4:0.923264
06-20 18:38:44.838  2055  3327 E libsensor-displayalgo: RGB_test_0407_400_oldzy!
06-20 18:38:44.839  2055  3327 I libsensor-displayalgo: the value of  RESULT3118.837702,1232.115395,1511.231984,565.637200
06-20 18:38:44.839  2055  3327 I libsensor-displayalgo: the value of  getChannelDataCalibrated3269.931069,1141.176343,1756.511250,617.354941
06-20 18:38:44.839  2055  3327 I libsensor-displayalgo: the value of  REAL LUX155.229919
06-20 18:38:44.839  2055  3327 I libsensor-displayalgo: the value of  CAL REAL LUX155.229919
06-20 18:38:45.137  2055  3327 D libsensor-displayalgo: the value of  brightness:438.000000,R:77375716.939127,G:77376143.464170,B:77391269.635761,EVENT_C:5892.000000,EVENT_R:2243.500000,EVENT_G:3024.000000,EVENT_B:1182.000000
06-20 18:38:45.137  2055  3327 I libsensor-displayalgo: the value of  Coef1:1107.681000,Coef4:2.383000, scale1:0.935522, scale4:0.923264
06-20 18:38:45.137  2055  3327 E libsensor-displayalgo: RGB_test_0407_400_oldzy!
06-20 18:38:45.138  2055  3327 I libsensor-displayalgo: the value of  RESULT3118.837702,1232.115395,1511.231984,565.637200
06-20 18:38:45.138  2055  3327 I libsensor-displayalgo: the value of  getChannelDataCalibrated3269.931069,1141.176343,1756.511250,617.354941
06-20 18:38:45.138  2055  3327 I libsensor-displayalgo: the value of  REAL LUX155.293655
06-20 18:38:45.138  2055  3327 I libsensor-displayalgo: the value of  CAL REAL LUX155.293655
06-20 18:38:45.218 22069 22119 I appium  : channel read: POST /wd/hub/session/064e9b71-9730-4f3b-8fc6-0cbe010b902a/elements
06-20 18:38:45.221 22069 22119 I appium  : FindElements command
06-20 18:38:45.228 22069 22119 I appium  : method: 'id', selector: 'cn.missevan:id/task_num_txt'
06-20 18:38:45.230 22069 22119 I appium  : Waiting up to 100ms for the device to idle
06-20 18:38:45.344 22069 22119 I appium  : Found zero matches
06-20 18:38:45.350 22069 22119 I appium  : AppiumResponse: {"sessionId":"064e9b71-9730-4f3b-8fc6-0cbe010b902a","value":[]}
06-20 18:38:45.438  2055  3327 D libsensor-displayalgo: the value of  brightness:438.000000,R:77375716.939127,G:77376143.464170,B:77391269.635761,EVENT_C:5890.500000,EVENT_R:2243.500000,EVENT_G:3024.000000,EVENT_B:1181.500000
06-20 18:38:45.438  2055  3327 I libsensor-displayalgo: the value of  Coef1:1107.681000,Coef4:2.383000, scale1:0.935522, scale4:0.923264
06-20 18:38:45.438  2055  3327 E libsensor-displayalgo: RGB_test_0407_400_oldzy!
06-20 18:38:45.439  2055  3327 I libsensor-displayalgo: the value of  RESULT3118.837702,1232.115395,1511.231984,565.637200
06-20 18:38:45.439  2055  3327 I libsensor-displayalgo: the value of  getChannelDataCalibrated3269.931069,1141.176343,1756.511250,617.354941
06-20 18:38:45.439  2055  3327 I libsensor-displayalgo: the value of  REAL LUX155.228409
06-20 18:38:45.439  2055  3327 I libsensor-displayalgo: the value of  CAL REAL LUX155.228409
06-20 18:38:45.502  1933  1975 I mstatdaemon: Entering time loop
06-20 18:38:45.503  1933  1975 I mstatdaemon: t = 1687257525
06-20 18:38:45.503  1933  1975 I mstatdaemon: translated_t = 1371267525
06-20 18:38:45.503  1933  1975 I mstat_log: mstatcommitLog log_alloc() failed
06-20 18:38:45.737 11109 11634 D MemoryCeilingMonitor: [handleMemoryCalculate]
06-20 18:38:45.738  2055  3327 D libsensor-displayalgo: the value of  brightness:438.000000,R:77375716.939127,G:77376143.464170,B:77391269.635761,EVENT_C:5890.500000,EVENT_R:2244.500000,EVENT_G:3021.500000,EVENT_B:1182.500000
06-20 18:38:45.738  2055  3327 I libsensor-displayalgo: the value of  Coef1:1107.681000,Coef4:2.383000, scale1:0.935522, scale4:0.923264
06-20 18:38:45.738  2055  3327 E libsensor-displayalgo: RGB_test_0407_400_oldzy!
06-20 18:38:45.738 11109 11634 D MemoryCeilingMonitor: [calculate] tot: 5942760, max: 268435456, free: 1707680, heap: 4235080, per: 0.015776902437210083
06-20 18:38:45.738  2055  3327 I libsensor-displayalgo: the value of  RESULT3118.837702,1232.115395,1511.231984,565.637200
06-20 18:38:45.738  2055  3327 I libsensor-displayalgo: the value of  getChannelDataCalibrated3269.931069,1141.176343,1756.511250,617.354941
06-20 18:38:45.738  2055  3327 I libsensor-displayalgo: the value of  REAL LUX154.995712
06-20 18:38:45.738  2055  3327 I libsensor-displayalgo: the value of  CAL REAL LUX154.995712
06-20 18:38:45.879 22069 22119 I appium  : channel read: POST /wd/hub/session/064e9b71-9730-4f3b-8fc6-0cbe010b902a/elements
06-20 18:38:45.880 22069 22119 I appium  : FindElements command
06-20 18:38:45.888 22069 22119 I appium  : method: 'id', selector: 'cn.missevan:id/task_num_txt'
06-20 18:38:45.889 22069 22119 I appium  : Waiting up to 100ms for the device to idle
06-20 18:38:46.025 22069 22119 I appium  : Found zero matches
06-20 18:38:46.029 22069 22119 I appium  : AppiumResponse: {"sessionId":"064e9b71-9730-4f3b-8fc6-0cbe010b902a","value":[]}
06-20 18:38:46.038  2055  3327 D libsensor-displayalgo: the value of  brightness:438.000000,R:77375716.939127,G:77376143.464170,B:77391269.635761,EVENT_C:5887.500000,EVENT_R:2246.500000,EVENT_G:3022.000000,EVENT_B:1180.500000
06-20 18:38:46.038  2055  3327 I libsensor-displayalgo: the value of  Coef1:1107.681000,Coef4:2.383000, scale1:0.935522, scale4:0.923264
06-20 18:38:46.038  2055  3327 E libsensor-displayalgo: RGB_test_0407_400_oldzy!
06-20 18:38:46.038  2055  3327 I libsensor-displayalgo: the value of  RESULT3118.837702,1232.115395,1511.231984,565.637200
06-20 18:38:46.038  2055  3327 I libsensor-displayalgo: the value of  getChannelDataCalibrated3269.931069,1141.176343,1756.511250,617.354941
06-20 18:38:46.038  2055  3327 I libsensor-displayalgo: the value of  REAL LUX154.893814
06-20 18:38:46.038  2055  3327 I libsensor-displayalgo: the value of  CAL REAL LUX154.893814
06-20 18:38:46.337  2055  3327 D libsensor-displayalgo: the value of  brightness:438.000000,R:77375716.939127,G:77376143.464170,B:77391269.635761,EVENT_C:5889.000000,EVENT_R:2246.000000,EVENT_G:3024.500000,EVENT_B:1182.500000
06-20 18:38:46.337  2055  3327 I libsensor-displayalgo: the value of  Coef1:1107.681000,Coef4:2.383000, scale1:0.935522, scale4:0.923264
06-20 18:38:46.337  2055  3327 E libsensor-displayalgo: RGB_test_0407_400_oldzy!
06-20 18:38:46.338  2055  3327 I libsensor-displayalgo: the value of  RESULT3118.837702,1232.115395,1511.231984,565.637200
06-20 18:38:46.338  2055  3327 I libsensor-displayalgo: the value of  getChannelDataCalibrated3269.931069,1141.176343,1756.511250,617.354941
06-20 18:38:46.338  2055  3327 I libsensor-displayalgo: the value of  REAL LUX154.969803
06-20 18:38:46.338  2055  3327 I libsensor-displayalgo: the value of  CAL REAL LUX154.969803
06-20 18:38:46.556 22069 22119 I appium  : channel read: POST /wd/hub/session/064e9b71-9730-4f3b-8fc6-0cbe010b902a/elements
06-20 18:38:46.559 22069 22119 I appium  : FindElements command
06-20 18:38:46.565 22069 22119 I appium  : method: 'id', selector: 'cn.missevan:id/task_num_txt'
06-20 18:38:46.566 22069 22119 I appium  : Waiting up to 100ms for the device to idle
06-20 18:38:46.637  2055  3327 D libsensor-displayalgo: the value of  brightness:438.000000,R:77375716.939127,G:77376143.464170,B:77391269.635761,EVENT_C:5892.500000,EVENT_R:2245.500000,EVENT_G:3026.000000,EVENT_B:1182.500000
06-20 18:38:46.637  2055  3327 I libsensor-displayalgo: the value of  Coef1:1107.681000,Coef4:2.383000, scale1:0.935522, scale4:0.923264
06-20 18:38:46.637  2055  3327 E libsensor-displayalgo: RGB_test_0407_400_oldzy!
06-20 18:38:46.638  2055  3327 I libsensor-displayalgo: the value of  RESULT3118.837702,1232.115395,1511.231984,565.637200
06-20 18:38:46.638  2055  3327 I libsensor-displayalgo: the value of  getChannelDataCalibrated3269.931069,1141.176343,1756.511250,617.354941
06-20 18:38:46.638  2055  3327 I libsensor-displayalgo: the value of  REAL LUX155.303909
06-20 18:38:46.638  2055  3327 I libsensor-displayalgo: the value of  CAL REAL LUX155.303909
06-20 18:38:46.668 22069 22119 I appium  : Found zero matches
06-20 18:38:46.676 22069 22119 I appium  : AppiumResponse: {"sessionId":"064e9b71-9730-4f3b-8fc6-0cbe010b902a","value":[]}
06-20 18:38:46.809  2423  3322 I BatteryService: current mPlugType2current mHealthInfo.batteryLevel99current mHealthInfo.batteryTemperature364
06-20 18:38:46.815  5797  7029 D ThermalIECHandler: storeDataStyle: thermal_iec_monitor_persistence_data_style_iec_state; startIECTime: -1; IECScreenOffOverPeriodTime: -1
06-20 18:38:46.818  4162  4162 D DynamicService:  ACTION_BATTERY_CHANGED change,USB plug = 2
06-20 18:38:46.821  4108  4108 D QtiCarrierConfigHelper: WARNING, no carrier configs on phone Id: 1
06-20 18:38:46.823  5797  6910 D PowerCheckerService: onBatteryChanged, mBatteryLevel = 99, status = 2, level = 99, plug = 2, scale = 100
06-20 18:38:46.824  5797  7046 D PowerKeeper.Thermal: mBatteryTemperature: 36
06-20 18:38:46.824  5682  5682 I BatteryInfoReceiver: ACTION_BATTERY_CHANGED
06-20 18:38:46.824  5797  6439 D PowerKeeper.FrozenApp: onBatteryChanged plug=true mBatteryPlugged=2
06-20 18:38:46.830  5682  5682 I PowerNoticeUI: handleBatteryChanged oldPlugType 2 mPlugType 2 oldBatteryLevel 99 mBatteryLevel 99 temperature 364
06-20 18:38:46.831  4152  4152 V DeviceStatisticsService: chargerType=2 batteryLevel=99 totalBatteryCapacity=4133300
06-20 18:38:46.835  2423  2635 I android_os_HwBinder: HwBinder: Starting thread pool for getting: vendor.xiaomi.hardware.micharge@1.0::IMiCharge/default
06-20 18:38:46.836  1345  1372 E vendor.xiaomi.hardware.micharge@1.0-service: Failed to open node /sys/class/qcom-battery/reverse_chg_mode
06-20 18:38:46.836  1345  1372 I vendor.xiaomi.hardware.micharge@1.0-service: ReadFilePathValue path = /sys/class/qcom-battery/reverse_chg_mode value =
06-20 18:38:46.836  5682  7324 I android_os_HwBinder: HwBinder: Starting thread pool for getting: vendor.xiaomi.hardware.micharge@1.0::IMiCharge/default
06-20 18:38:46.836  1345  1372 I vendor.xiaomi.hardware.micharge@1.0-service: ReadFilePathValue path = /sys/class/qcom-battery/night_charging value = 0
06-20 18:38:46.837  5682  7324 I ChargeProtectionUtils: getNightChargingState: 0
06-20 18:38:46.840  2423  2635 I android_os_HwBinder: HwBinder: Starting thread pool for getting: vendor.xiaomi.hardware.micharge@1.0::IMiCharge/default
06-20 18:38:46.841  1345  1372 I vendor.xiaomi.hardware.micharge@1.0-service: ReadFilePathValue path = /sys/class/qcom-battery/fastchg_mode value = 0
06-20 18:38:46.937  2055  3327 D libsensor-displayalgo: the value of  brightness:438.000000,R:77375716.939127,G:77376143.464170,B:77391269.635761,EVENT_C:5898.500000,EVENT_R:2247.500000,EVENT_G:3026.500000,EVENT_B:1183.000000
06-20 18:38:46.938  2055  3327 I libsensor-displayalgo: the value of  Coef1:1107.681000,Coef4:2.383000, scale1:0.935522, scale4:0.923264
