06-08 15:38:13.706  1245  3014 I SDM     : HWCSession::SetCWBOutputBuffer: CWB config passed by cwb_client : tappoint 1  CWB_ROI : (829.000000 4.000000 915.000000 90.000000)
06-08 15:38:13.709  1245 29161 I SDM     : HWCSession::ProcessRequests: Successfully configured CWB buffer.
06-08 15:38:13.715  1245 29161 I SDM     : HWCSession::ProcessRequests: Pushing release fence in fenece wait queue.
06-08 15:38:13.715  1245 29161 I SDM     : HWCSession::ProcessRequests: Creating AsyncFenceWaits async thread.
06-08 15:38:13.716  1245 29161 I SDM     : HWCSession::ProcessRequests: Remove current CWB request from the pending request queue.
06-08 15:38:13.716  1245 29161 I SDM     : HWCSession::ProcessRequests: No pending cwb requests found in the queue.
06-08 15:38:13.721  1245  1464 I SDM     : HWDeviceDRM::SetupConcurrentWriteback: Tear down the Concurrent Writeback topology
06-08 15:38:13.728  1245 29162 I SDM     : HWCSession::NotifyCWBStatus: Notify the client about buffer status 0.
06-08 15:38:13.729  1245 29162 I SDM     : HWCSession::PerformFenceWaits: Remove current release fence from the pending fence wait queue.
06-08 15:38:13.729  1245 29162 I SDM     : HWCSession::PerformFenceWaits: CWB fence queue is empty. No pending release fence to wait on.
06-08 15:38:13.805  1977  2997 D libsensor-displayalgo: the value of  brightness:8.000000,R:75134332.949482,G:74958916.961201,B:75153988.954637,EVENT_C:4279.000000,EVENT_R:1782.000000,EVENT_G:2050.500000,EVENT_B:872.000000
06-08 15:38:13.805  1977  2997 I libsensor-displayalgo: the value of  Coef1:1107.681000,Coef4:2.383000, scale1:0.935522, scale4:0.923264
06-08 15:38:13.805  1977  2997 E libsensor-displayalgo: RGB_test_0407_400_oldzy!
06-08 15:38:13.806  1977  2997 I libsensor-displayalgo: the value of  RESULT147.026797,50.891929,77.242952,22.967998
06-08 15:38:13.806  1977  2997 I libsensor-displayalgo: the value of  getChannelDataCalibrated149.962228,47.482900,86.833519,24.243998
06-08 15:38:13.806  1977  2997 I libsensor-displayalgo: the value of  REAL LUX246.490112
06-08 15:38:13.806  1977  2997 I libsensor-displayalgo: the value of  CAL REAL LUX246.490112
06-08 15:38:14.009  1245  2285 I vendor.qti.hardware.display.composer-service: FrameNotifyProcess Sensor: notify citsensorservice to trigger cwb
06-08 15:38:14.010  1977  2106 I libcitsensorservice@2.0-impl: msg_transfer
06-08 15:38:14.012  1977  2987 D vendor.xiaomi.sensor.citsensorservice@2.0-service: handle id:8 wxh:1280x2400 uwxuh:1080x2400 size: 9216000 fd:15 fd_meta:16 flags:0x4000228 usage:0x33  format:0x3 layer_count: 1
06-08 15:38:14.013  1245  3014 I SDM     : HWCSession::SetCWBOutputBuffer: CWB config passed by cwb_client : tappoint 1  CWB_ROI : (829.000000 4.000000 915.000000 90.000000)
06-08 15:38:14.014  1245 29163 I SDM     : HWCSession::ProcessRequests: Successfully configured CWB buffer.
06-08 15:38:14.019  1245 29163 I SDM     : HWCSession::ProcessRequests: Pushing release fence in fenece wait queue.
06-08 15:38:14.020  1245 29163 I SDM     : HWCSession::ProcessRequests: Creating AsyncFenceWaits async thread.
06-08 15:38:14.020  1245 29163 I SDM     : HWCSession::ProcessRequests: Remove current CWB request from the pending request queue.
06-08 15:38:14.021  1245 29163 I SDM     : HWCSession::ProcessRequests: No pending cwb requests found in the queue.
06-08 15:38:14.026  1245  1464 I SDM     : HWDeviceDRM::SetupConcurrentWriteback: Tear down the Concurrent Writeback topology
06-08 15:38:14.033  1245 29164 I SDM     : HWCSession::NotifyCWBStatus: Notify the client about buffer status 0.
06-08 15:38:14.034  1245 29164 I SDM     : HWCSession::PerformFenceWaits: Remove current release fence from the pending fence wait queue.
06-08 15:38:14.034  1245 29164 I SDM     : HWCSession::PerformFenceWaits: CWB fence queue is empty. No pending release fence to wait on.
06-08 15:38:14.205  1977  2997 D libsensor-displayalgo: the value of  brightness:8.000000,R:75134332.949482,G:74958916.961201,B:75153988.954637,EVENT_C:4302.000000,EVENT_R:1788.500000,EVENT_G:2068.000000,EVENT_B:880.500000
06-08 15:38:14.205  1977  2997 I libsensor-displayalgo: the value of  Coef1:1107.681000,Coef4:2.383000, scale1:0.935522, scale4:0.923264
06-08 15:38:14.205  1977  2997 E libsensor-displayalgo: RGB_test_0407_400_oldzy!
06-08 15:38:14.206  1977  2997 I libsensor-displayalgo: the value of  RESULT147.026797,50.891929,77.242952,22.967998
06-08 15:38:14.206  1977  2997 I libsensor-displayalgo: the value of  getChannelDataCalibrated149.962228,47.482900,86.833519,24.243998
06-08 15:38:14.206  1977  2997 I libsensor-displayalgo: the value of  REAL LUX247.974030
06-08 15:38:14.206  1977  2997 I libsensor-displayalgo: the value of  CAL REAL LUX247.974030
06-08 15:38:14.314  1245  2285 I vendor.qti.hardware.display.composer-service: FrameNotifyProcess Sensor: notify citsensorservice to trigger cwb
06-08 15:38:14.315  1977  2106 I libcitsensorservice@2.0-impl: msg_transfer
06-08 15:38:14.316  1977  2987 D vendor.xiaomi.sensor.citsensorservice@2.0-service: handle id:8 wxh:1280x2400 uwxuh:1080x2400 size: 9216000 fd:15 fd_meta:16 flags:0x4000228 usage:0x33  format:0x3 layer_count: 1
06-08 15:38:14.316  1245  3014 I SDM     : HWCSession::SetCWBOutputBuffer: CWB config passed by cwb_client : tappoint 1  CWB_ROI : (829.000000 4.000000 915.000000 90.000000)
06-08 15:38:14.318  1245 29165 I SDM     : HWCSession::ProcessRequests: Successfully configured CWB buffer.
06-08 15:38:14.326  1245 29165 I SDM     : HWCSession::ProcessRequests: Pushing release fence in fenece wait queue.
06-08 15:38:14.326  1245 29165 I SDM     : HWCSession::ProcessRequests: Creating AsyncFenceWaits async thread.
06-08 15:38:14.326  1245 29165 I SDM     : HWCSession::ProcessRequests: Remove current CWB request from the pending request queue.
06-08 15:38:14.326  1245 29165 I SDM     : HWCSession::ProcessRequests: No pending cwb requests found in the queue.
06-08 15:38:14.332  1245  1464 I SDM     : HWDeviceDRM::SetupConcurrentWriteback: Tear down the Concurrent Writeback topology
06-08 15:38:14.338  1245 29166 I SDM     : HWCSession::NotifyCWBStatus: Notify the client about buffer status 0.
06-08 15:38:14.338  1245 29166 I SDM     : HWCSession::PerformFenceWaits: Remove current release fence from the pending fence wait queue.
06-08 15:38:14.338  1245 29166 I SDM     : HWCSession::PerformFenceWaits: CWB fence queue is empty. No pending release fence to wait on.
06-08 15:38:14.506  1977  2997 D libsensor-displayalgo: the value of  brightness:8.000000,R:75134332.949482,G:74958916.961201,B:75153988.954637,EVENT_C:4297.000000,EVENT_R:1784.500000,EVENT_G:2063.500000,EVENT_B:880.000000
06-08 15:38:14.506  1977  2997 I libsensor-displayalgo: the value of  Coef1:1107.681000,Coef4:2.383000, scale1:0.935522, scale4:0.923264
06-08 15:38:14.506  1977  2997 E libsensor-displayalgo: RGB_test_0407_400_oldzy!
06-08 15:38:14.507  1977  2997 I libsensor-displayalgo: the value of  RESULT147.026797,50.891929,77.242952,22.967998
06-08 15:38:14.507  1977  2997 I libsensor-displayalgo: the value of  getChannelDataCalibrated149.962228,47.482900,86.833519,24.243998
06-08 15:38:14.507  1977  2997 I libsensor-displayalgo: the value of  REAL LUX247.607788
06-08 15:38:14.507  1977  2997 I libsensor-displayalgo: the value of  CAL REAL LUX247.607788
06-08 15:38:14.620  1245  2285 I vendor.qti.hardware.display.composer-service: FrameNotifyProcess Sensor: notify citsensorservice to trigger cwb
06-08 15:38:14.621  1977  1977 I libcitsensorservice@2.0-impl: msg_transfer
06-08 15:38:14.622  1977  2987 D vendor.xiaomi.sensor.citsensorservice@2.0-service: handle id:8 wxh:1280x2400 uwxuh:1080x2400 size: 9216000 fd:15 fd_meta:16 flags:0x4000228 usage:0x33  format:0x3 layer_count: 1
06-08 15:38:14.622  1245  3014 I SDM     : HWCSession::SetCWBOutputBuffer: CWB config passed by cwb_client : tappoint 1  CWB_ROI : (829.000000 4.000000 915.000000 90.000000)
06-08 15:38:14.623  1245 29167 I SDM     : HWCSession::ProcessRequests: Successfully configured CWB buffer.
06-08 15:38:14.628  1245 29167 I SDM     : HWCSession::ProcessRequests: Pushing release fence in fenece wait queue.
06-08 15:38:14.628  1245 29167 I SDM     : HWCSession::ProcessRequests: Creating AsyncFenceWaits async thread.
06-08 15:38:14.629  1245 29167 I SDM     : HWCSession::ProcessRequests: Remove current CWB request from the pending request queue.
06-08 15:38:14.629  1245 29167 I SDM     : HWCSession::ProcessRequests: No pending cwb requests found in the queue.
06-08 15:38:14.635  1245  1464 I SDM     : HWDeviceDRM::SetupConcurrentWriteback: Tear down the Concurrent Writeback topology
06-08 15:38:14.642  1245 29168 I SDM     : HWCSession::NotifyCWBStatus: Notify the client about buffer status 0.
06-08 15:38:14.643  1245 29168 I SDM     : HWCSession::PerformFenceWaits: Remove current release fence from the pending fence wait queue.
06-08 15:38:14.643  1245 29168 I SDM     : HWCSession::PerformFenceWaits: CWB fence queue is empty. No pending release fence to wait on.
06-08 15:38:14.805  1977  2997 D libsensor-displayalgo: the value of  brightness:8.000000,R:75130885.425204,G:74955467.213779,B:75150547.466066,EVENT_C:4267.000000,EVENT_R:1778.000000,EVENT_G:2048.500000,EVENT_B:870.500000
06-08 15:38:14.805  1977  2997 I libsensor-displayalgo: the value of  Coef1:1107.681000,Coef4:2.383000, scale1:0.935522, scale4:0.923264
06-08 15:38:14.805  1977  2997 E libsensor-displayalgo: RGB_test_0407_400_oldzy!
06-08 15:38:14.806  1977  2997 I libsensor-displayalgo: the value of  RESULT147.022119,50.890365,77.240479,22.967246
06-08 15:38:14.806  1977  2997 I libsensor-displayalgo: the value of  getChannelDataCalibrated149.957456,47.481441,86.830740,24.243204
06-08 15:38:14.806  1977  2997 I libsensor-displayalgo: the value of  REAL LUX245.825195
06-08 15:38:14.806  1977  2997 I libsensor-displayalgo: the value of  CAL REAL LUX245.825195
06-08 15:38:14.931  1245  2285 I vendor.qti.hardware.display.composer-service: FrameNotifyProcess Sensor: notify citsensorservice to trigger cwb
06-08 15:38:14.931  1977  1977 I libcitsensorservice@2.0-impl: msg_transfer
06-08 15:38:14.932  1977  2987 D vendor.xiaomi.sensor.citsensorservice@2.0-service: handle id:8 wxh:1280x2400 uwxuh:1080x2400 size: 9216000 fd:15 fd_meta:16 flags:0x4000228 usage:0x33  format:0x3 layer_count: 1
06-08 15:38:14.933  1245  3014 I SDM     : HWCSession::SetCWBOutputBuffer: CWB config passed by cwb_client : tappoint 1  CWB_ROI : (829.000000 4.000000 915.000000 90.000000)
06-08 15:38:14.934  1245 29169 I SDM     : HWCSession::ProcessRequests: Successfully configured CWB buffer.
06-08 15:38:14.942  1245 29169 I SDM     : HWCSession::ProcessRequests: Pushing release fence in fenece wait queue.
06-08 15:38:14.942  1245 29169 I SDM     : HWCSession::ProcessRequests: Creating AsyncFenceWaits async thread.
06-08 15:38:14.942  1245 29169 I SDM     : HWCSession::ProcessRequests: Remove current CWB request from the pending request queue.
06-08 15:38:14.943  1245 29169 I SDM     : HWCSession::ProcessRequests: No pending cwb requests found in the queue.
06-08 15:38:14.949  1245  1464 I SDM     : HWDeviceDRM::SetupConcurrentWriteback: Tear down the Concurrent Writeback topology
06-08 15:38:14.955  1245 29170 I SDM     : HWCSession::NotifyCWBStatus: Notify the client about buffer status 0.
06-08 15:38:14.956  1245 29170 I SDM     : HWCSession::PerformFenceWaits: Remove current release fence from the pending fence wait queue.
06-08 15:38:14.956  1245 29170 I SDM     : HWCSession::PerformFenceWaits: CWB fence queue is empty. No pending release fence to wait on.
06-08 15:38:14.974 21969 22263 D MemoryCeilingMonitor: [handleMemoryCalculate]
06-08 15:38:14.975 21969 22263 D MemoryCeilingMonitor: [calculate] tot: 5677888, max: 268435456, free: 1032192, heap: 4645696, per: 0.01730656623840332
06-08 15:38:15.105  1977  2997 D libsensor-displayalgo: the value of  brightness:8.000000,R:75130885.425204,G:74955467.213779,B:75150547.466066,EVENT_C:4278.000000,EVENT_R:1782.000000,EVENT_G:2052.500000,EVENT_B:872.500000
06-08 15:38:15.105  1977  2997 I libsensor-displayalgo: the value of  Coef1:1107.681000,Coef4:2.383000, scale1:0.935522, scale4:0.923264
06-08 15:38:15.105  1977  2997 E libsensor-displayalgo: RGB_test_0407_400_oldzy!
06-08 15:38:15.106  1977  2997 I libsensor-displayalgo: the value of  RESULT147.022119,50.890365,77.240479,22.967246
06-08 15:38:15.106  1977  2997 I libsensor-displayalgo: the value of  getChannelDataCalibrated149.957456,47.481441,86.830740,24.243204
06-08 15:38:15.106  1977  2997 I libsensor-displayalgo: the value of  REAL LUX246.470230
06-08 15:38:15.106  1977  2997 I libsensor-displayalgo: the value of  CAL REAL LUX246.470230
06-08 15:38:15.236  1245  2285 I vendor.qti.hardware.display.composer-service: FrameNotifyProcess Sensor: notify citsensorservice to trigger cwb
06-08 15:38:15.237  1977  1977 I libcitsensorservice@2.0-impl: msg_transfer
06-08 15:38:15.238  1977  2987 D vendor.xiaomi.sensor.citsensorservice@2.0-service: handle id:8 wxh:1280x2400 uwxuh:1080x2400 size: 9216000 fd:15 fd_meta:16 flags:0x4000228 usage:0x33  format:0x3 layer_count: 1
06-08 15:38:15.238  1245  3014 I SDM     : HWCSession::SetCWBOutputBuffer: CWB config passed by cwb_client : tappoint 1  CWB_ROI : (829.000000 4.000000 915.000000 90.000000)
06-08 15:38:15.239  1245 29171 I SDM     : HWCSession::ProcessRequests: Successfully configured CWB buffer.
06-08 15:38:15.247  1245 29171 I SDM     : HWCSession::ProcessRequests: Pushing release fence in fenece wait queue.
06-08 15:38:15.247  1245 29171 I SDM     : HWCSession::ProcessRequests: Creating AsyncFenceWaits async thread.
06-08 15:38:15.247  1245 29171 I SDM     : HWCSession::ProcessRequests: Remove current CWB request from the pending request queue.
06-08 15:38:15.248  1245 29171 I SDM     : HWCSession::ProcessRequests: No pending cwb requests found in the queue.
06-08 15:38:15.253  1245  1464 I SDM     : HWDeviceDRM::SetupConcurrentWriteback: Tear down the Concurrent Writeback topology
06-08 15:38:15.260  1245 29172 I SDM     : HWCSession::NotifyCWBStatus: Notify the client about buffer status 0.
06-08 15:38:15.260  1245 29172 I SDM     : HWCSession::PerformFenceWaits: Remove current release fence from the pending fence wait queue.
06-08 15:38:15.260  1245 29172 I SDM     : HWCSession::PerformFenceWaits: CWB fence queue is empty. No pending release fence to wait on.
06-08 15:38:15.405  1977  2997 D libsensor-displayalgo: the value of  brightness:8.000000,R:75130885.425204,G:74955467.213779,B:75150547.466066,EVENT_C:4300.500000,EVENT_R:1786.000000,EVENT_G:2066.500000,EVENT_B:880.000000
06-08 15:38:15.405  1977  2997 I libsensor-displayalgo: the value of  Coef1:1107.681000,Coef4:2.383000, scale1:0.935522, scale4:0.923264
06-08 15:38:15.405  1977  2997 E libsensor-displayalgo: RGB_test_0407_400_oldzy!
06-08 15:38:15.406  1977  2997 I libsensor-displayalgo: the value of  RESULT147.022119,50.890365,77.240479,22.967246
06-08 15:38:15.406  1977  2997 I libsensor-displayalgo: the value of  getChannelDataCalibrated149.957456,47.481441,86.830740,24.243204
06-08 15:38:15.406  1977  2997 I libsensor-displayalgo: the value of  REAL LUX247.935120
06-08 15:38:15.406  1977  2997 I libsensor-displayalgo: the value of  CAL REAL LUX247.935120
06-08 15:38:15.558  1245  2285 I vendor.qti.hardware.display.composer-service: FrameNotifyProcess Sensor: notify citsensorservice to trigger cwb
06-08 15:38:15.559  1977  1977 I libcitsensorservice@2.0-impl: msg_transfer
06-08 15:38:15.560  1977  2987 D vendor.xiaomi.sensor.citsensorservice@2.0-service: handle id:8 wxh:1280x2400 uwxuh:1080x2400 size: 9216000 fd:15 fd_meta:16 flags:0x4000228 usage:0x33  format:0x3 layer_count: 1
06-08 15:38:15.560  1245  3014 I SDM     : HWCSession::SetCWBOutputBuffer: CWB config passed by cwb_client : tappoint 1  CWB_ROI : (829.000000 4.000000 915.000000 90.000000)
06-08 15:38:15.561  1245 29173 I SDM     : HWCSession::ProcessRequests: Successfully configured CWB buffer.
06-08 15:38:15.567  1245 29173 I SDM     : HWCSession::ProcessRequests: Pushing release fence in fenece wait queue.
06-08 15:38:15.567  1245 29173 I SDM     : HWCSession::ProcessRequests: Creating AsyncFenceWaits async thread.
06-08 15:38:15.568  1245 29173 I SDM     : HWCSession::ProcessRequests: Remove current CWB request from the pending request queue.
06-08 15:38:15.568  1245 29173 I SDM     : HWCSession::ProcessRequests: No pending cwb requests found in the queue.
06-08 15:38:15.574  1245  1464 I SDM     : HWDeviceDRM::SetupConcurrentWriteback: Tear down the Concurrent Writeback topology
06-08 15:38:15.581  1245 29174 I SDM     : HWCSession::NotifyCWBStatus: Notify the client about buffer status 0.
06-08 15:38:15.582  1245 29174 I SDM     : HWCSession::PerformFenceWaits: Remove current release fence from the pending fence wait queue.
06-08 15:38:15.582  1245 29174 I SDM     : HWCSession::PerformFenceWaits: CWB fence queue is empty. No pending release fence to wait on.
06-08 15:38:15.805  1977  2997 D libsensor-displayalgo: the value of  brightness:8.000000,R:75130885.425204,G:74955467.213779,B:75150547.466066,EVENT_C:4308.000000,EVENT_R:1787.000000,EVENT_G:2069.000000,EVENT_B:881.500000
06-08 15:38:15.805  1977  2997 I libsensor-displayalgo: the value of  Coef1:1107.681000,Coef4:2.383000, scale1:0.935522, scale4:0.923264
06-08 15:38:15.805  1977  2997 E libsensor-displayalgo: RGB_test_0407_400_oldzy!
06-08 15:38:15.806  1977  2997 I libsensor-displayalgo: the value of  RESULT147.022119,50.890365,77.240479,22.967246
06-08 15:38:15.806  1977  2997 I libsensor-displayalgo: the value of  getChannelDataCalibrated149.957456,47.481441,86.830740,24.243204
06-08 15:38:15.806  1977  2997 I libsensor-displayalgo: the value of  REAL LUX248.418640
06-08 15:38:15.806  1977  2997 I libsensor-displayalgo: the value of  CAL REAL LUX248.418640
06-08 15:38:15.894  1245  2285 I vendor.qti.hardware.display.composer-service: FrameNotifyProcess Sensor: notify citsensorservice to trigger cwb
06-08 15:38:15.895  1977  1977 I libcitsensorservice@2.0-impl: msg_transfer
06-08 15:38:15.895  1977  2987 D vendor.xiaomi.sensor.citsensorservice@2.0-service: handle id:8 wxh:1280x2400 uwxuh:1080x2400 size: 9216000 fd:15 fd_meta:16 flags:0x4000228 usage:0x33  format:0x3 layer_count: 1
06-08 15:38:15.896  1245  3014 I SDM     : HWCSession::SetCWBOutputBuffer: CWB config passed by cwb_client : tappoint 1  CWB_ROI : (829.000000 4.000000 915.000000 90.000000)
06-08 15:38:15.897  1245 29175 I SDM     : HWCSession::ProcessRequests: Successfully configured CWB buffer.
06-08 15:38:15.905  1245 29175 I SDM     : HWCSession::ProcessRequests: Pushing release fence in fenece wait queue.
06-08 15:38:15.905  1245 29175 I SDM     : HWCSession::ProcessRequests: Creating AsyncFenceWaits async thread.
06-08 15:38:15.906  1245 29175 I SDM     : HWCSession::ProcessRequests: Remove current CWB request from the pending request queue.
06-08 15:38:15.906  1245 29175 I SDM     : HWCSession::ProcessRequests: No pending cwb requests found in the queue.
06-08 15:38:15.911  1245  1464 I SDM     : HWDeviceDRM::SetupConcurrentWriteback: Tear down the Concurrent Writeback topology
06-08 15:38:15.918  1245 29176 I SDM     : HWCSession::NotifyCWBStatus: Notify the client about buffer status 0.
06-08 15:38:15.919  1245 29176 I SDM     : HWCSession::PerformFenceWaits: Remove current release fence from the pending fence wait queue.
06-08 15:38:15.919  1245 29176 I SDM     : HWCSession::PerformFenceWaits: CWB fence queue is empty. No pending release fence to wait on.
06-08 15:38:16.105  1977  2997 D libsensor-displayalgo: the value of  brightness:8.000000,R:75130885.425204,G:74955467.213779,B:75150547.466066,EVENT_C:4264.000000,EVENT_R:1778.000000,EVENT_G:2043.500000,EVENT_B:869.000000
06-08 15:38:16.105  1977  2997 I libsensor-displayalgo: the value of  Coef1:1107.681000,Coef4:2.383000, scale1:0.935522, scale4:0.923264
06-08 15:38:16.106  1977  2997 E libsensor-displayalgo: RGB_test_0407_400_oldzy!
06-08 15:38:16.106  1977  2997 I libsensor-displayalgo: the value of  RESULT147.022119,50.890365,77.240479,22.967246
06-08 15:38:16.106  1977  2997 I libsensor-displayalgo: the value of  getChannelDataCalibrated149.957456,47.481441,86.830740,24.243204
06-08 15:38:16.106  1977  2997 I libsensor-displayalgo: the value of  REAL LUX245.507858
06-08 15:38:16.106  1977  2997 I libsensor-displayalgo: the value of  CAL REAL LUX245.507858
06-08 15:38:16.200  1245  2285 I vendor.qti.hardware.display.composer-service: FrameNotifyProcess Sensor: notify citsensorservice to trigger cwb
06-08 15:38:16.200  1977 18363 I libcitsensorservice@2.0-impl: msg_transfer
06-08 15:38:16.202  1977  2987 D vendor.xiaomi.sensor.citsensorservice@2.0-service: handle id:8 wxh:1280x2400 uwxuh:1080x2400 size: 9216000 fd:15 fd_meta:16 flags:0x4000228 usage:0x33  format:0x3 layer_count: 1
06-08 15:38:16.202  1245  3014 I SDM     : HWCSession::SetCWBOutputBuffer: CWB config passed by cwb_client : tappoint 1  CWB_ROI : (829.000000 4.000000 915.000000 90.000000)
06-08 15:38:16.204  1245 29177 I SDM     : HWCSession::ProcessRequests: Successfully configured CWB buffer.
06-08 15:38:16.210  1245 29177 I SDM     : HWCSession::ProcessRequests: Pushing release fence in fenece wait queue.
06-08 15:38:16.210  1245 29177 I SDM     : HWCSession::ProcessRequests: Creating AsyncFenceWaits async thread.
06-08 15:38:16.211  1245 29177 I SDM     : HWCSession::ProcessRequests: Remove current CWB request from the pending request queue.
06-08 15:38:16.211  1245 29177 I SDM     : HWCSession::ProcessRequests: No pending cwb requests found in the queue.
06-08 15:38:16.216  1245  1464 I SDM     : HWDeviceDRM::SetupConcurrentWriteback: Tear down the Concurrent Writeback topology
06-08 15:38:16.223  1245 29178 I SDM     : HWCSession::NotifyCWBStatus: Notify the client about buffer status 0.
06-08 15:38:16.224  1245 29178 I SDM     : HWCSession::PerformFenceWaits: Remove current release fence from the pending fence wait queue.
06-08 15:38:16.224  1245 29178 I SDM     : HWCSession::PerformFenceWaits: CWB fence queue is empty. No pending release fence to wait on.
06-08 15:38:16.406  1977  2997 D libsensor-displayalgo: the value of  brightness:8.000000,R:75130885.425204,G:74955467.213779,B:75150547.466066,EVENT_C:4276.000000,EVENT_R:1782.500000,EVENT_G:2051.500000,EVENT_B:871.500000
06-08 15:38:16.406  1977  2997 I libsensor-displayalgo: the value of  Coef1:1107.681000,Coef4:2.383000, scale1:0.935522, scale4:0.923264
06-08 15:38:16.406  1977  2997 E libsensor-displayalgo: RGB_test_0407_400_oldzy!
06-08 15:38:16.407  1977  2997 I libsensor-displayalgo: the value of  RESULT147.022119,50.890365,77.240479,22.967246
06-08 15:38:16.407  1977  2997 I libsensor-displayalgo: the value of  getChannelDataCalibrated149.957456,47.481441,86.830740,24.243204
06-08 15:38:16.407  1977  2997 I libsensor-displayalgo: the value of  REAL LUX246.345993
06-08 15:38:16.407  1977  2997 I libsensor-displayalgo: the value of  CAL REAL LUX246.345993
06-08 15:38:16.504  1245  2285 I vendor.qti.hardware.display.composer-service: FrameNotifyProcess Sensor: notify citsensorservice to trigger cwb
06-08 15:38:16.504  1977  2106 I libcitsensorservice@2.0-impl: msg_transfer
06-08 15:38:16.505  1977  2987 D vendor.xiaomi.sensor.citsensorservice@2.0-service: handle id:8 wxh:1280x2400 uwxuh:1080x2400 size: 9216000 fd:15 fd_meta:16 flags:0x4000228 usage:0x33  format:0x3 layer_count: 1
06-08 15:38:16.505  1245  3014 I SDM     : HWCSession::SetCWBOutputBuffer: CWB config passed by cwb_client : tappoint 1  CWB_ROI : (829.000000 4.000000 915.000000 90.000000)
06-08 15:38:16.506  1245 29179 I SDM     : HWCSession::ProcessRequests: Successfully configured CWB buffer.
06-08 15:38:16.514  1245 29179 I SDM     : HWCSession::ProcessRequests: Pushing release fence in fenece wait queue.
06-08 15:38:16.514  1245 29179 I SDM     : HWCSession::ProcessRequests: Creating AsyncFenceWaits async thread.
06-08 15:38:16.514  1245 29179 I SDM     : HWCSession::ProcessRequests: Remove current CWB request from the pending request queue.
06-08 15:38:16.514  1245 29179 I SDM     : HWCSession::ProcessRequests: No pending cwb requests found in the queue.
06-08 15:38:16.520  1245  1464 I SDM     : HWDeviceDRM::SetupConcurrentWriteback: Tear down the Concurrent Writeback topology
06-08 15:38:16.527  1245 29180 I SDM     : HWCSession::NotifyCWBStatus: Notify the client about buffer status 0.
06-08 15:38:16.528  1245 29180 I SDM     : HWCSession::PerformFenceWaits: Remove current release fence from the pending fence wait queue.
06-08 15:38:16.528  1245 29180 I SDM     : HWCSession::PerformFenceWaits: CWB fence queue is empty. No pending release fence to wait on.
06-08 15:38:16.705  1977  2997 D libsensor-displayalgo: the value of  brightness:8.000000,R:75130885.425204,G:74955467.213779,B:75150547.466066,EVENT_C:4313.000000,EVENT_R:1790.500000,EVENT_G:2070.500000,EVENT_B:881.500000
06-08 15:38:16.705  1977  2997 I libsensor-displayalgo: the value of  Coef1:1107.681000,Coef4:2.383000, scale1:0.935522, scale4:0.923264
06-08 15:38:16.705  1977  2997 E libsensor-displayalgo: RGB_test_0407_400_oldzy!
06-08 15:38:16.706  1977  2997 I libsensor-displayalgo: the value of  RESULT147.022119,50.890365,77.240479,22.967246
06-08 15:38:16.706  1977  2997 I libsensor-displayalgo: the value of  getChannelDataCalibrated149.957456,47.481441,86.830740,24.243204
06-08 15:38:16.706  1977  2997 I libsensor-displayalgo: the value of  REAL LUX248.707809
06-08 15:38:16.706  1977  2997 I libsensor-displayalgo: the value of  CAL REAL LUX248.707809
06-08 15:38:16.816  1245  2285 I vendor.qti.hardware.display.composer-service: FrameNotifyProcess Sensor: notify citsensorservice to trigger cwb
06-08 15:38:16.818  1977  2106 I libcitsensorservice@2.0-impl: msg_transfer
06-08 15:38:16.819  1977  2987 D vendor.xiaomi.sensor.citsensorservice@2.0-service: handle id:8 wxh:1280x2400 uwxuh:1080x2400 size: 9216000 fd:15 fd_meta:16 flags:0x4000228 usage:0x33  format:0x3 layer_count: 1
06-08 15:38:16.819  1245  3014 I SDM     : HWCSession::SetCWBOutputBuffer: CWB config passed by cwb_client : tappoint 1  CWB_ROI : (829.000000 4.000000 915.000000 90.000000)
06-08 15:38:16.821  1245 29181 I SDM     : HWCSession::ProcessRequests: Successfully configured CWB buffer.
06-08 15:38:16.828  1245 29181 I SDM     : HWCSession::ProcessRequests: Pushing release fence in fenece wait queue.
06-08 15:38:16.828  1245 29181 I SDM     : HWCSession::ProcessRequests: Creating AsyncFenceWaits async thread.
06-08 15:38:16.828  1245 29181 I SDM     : HWCSession::ProcessRequests: Remove current CWB request from the pending request queue.
06-08 15:38:16.828  1245 29181 I SDM     : HWCSession::ProcessRequests: No pending cwb requests found in the queue.
06-08 15:38:16.833  1245  1464 I SDM     : HWDeviceDRM::SetupConcurrentWriteback: Tear down the Concurrent Writeback topology
06-08 15:38:16.840  1245 29182 I SDM     : HWCSession::NotifyCWBStatus: Notify the client about buffer status 0.
06-08 15:38:16.841  1245 29182 I SDM     : HWCSession::PerformFenceWaits: Remove current release fence from the pending fence wait queue.
06-08 15:38:16.841  1245 29182 I SDM     : HWCSession::PerformFenceWaits: CWB fence queue is empty. No pending release fence to wait on.
06-08 15:38:16.944  2403  3057 D MiuiNetworkPolicy: updateLimit mLimitEnabled=true,enabled=false,mNetworkPriorityMode=1
06-08 15:38:17.006  1977  2997 D libsensor-displayalgo: the value of  brightness:8.000000,R:75130885.425204,G:74955467.213779,B:75150547.466066,EVENT_C:4308.000000,EVENT_R:1785.500000,EVENT_G:2066.000000,EVENT_B:880.500000
06-08 15:38:17.006  1977  2997 I libsensor-displayalgo: the value of  Coef1:1107.681000,Coef4:2.383000, scale1:0.935522, scale4:0.923264
06-08 15:38:17.006  1977  2997 E libsensor-displayalgo: RGB_test_0407_400_oldzy!
06-08 15:38:17.007  1977  2997 I libsensor-displayalgo: the value of  RESULT147.022119,50.890365,77.240479,22.967246
06-08 15:38:17.007  1977  2997 I libsensor-displayalgo: the value of  getChannelDataCalibrated149.957456,47.481441,86.830740,24.243204
06-08 15:38:17.007  1977  2997 I libsensor-displayalgo: the value of  REAL LUX248.419922
06-08 15:38:17.007  1977  2997 I libsensor-displayalgo: the value of  CAL REAL LUX248.419922
06-08 15:38:17.121  1245  2285 I vendor.qti.hardware.display.composer-service: FrameNotifyProcess Sensor: notify citsensorservice to trigger cwb
06-08 15:38:17.121  1977 18363 I libcitsensorservice@2.0-impl: msg_transfer
06-08 15:38:17.121  1977  2987 D vendor.xiaomi.sensor.citsensorservice@2.0-service: handle id:8 wxh:1280x2400 uwxuh:1080x2400 size: 9216000 fd:15 fd_meta:16 flags:0x4000228 usage:0x33  format:0x3 layer_count: 1
06-08 15:38:17.122  1245  3014 I SDM     : HWCSession::SetCWBOutputBuffer: CWB config passed by cwb_client : tappoint 1  CWB_ROI : (829.000000 4.000000 915.000000 90.000000)
06-08 15:38:17.123  1245 29183 I SDM     : HWCSession::ProcessRequests: Successfully configured CWB buffer.
06-08 15:38:17.130  1245 29183 I SDM     : HWCSession::ProcessRequests: Pushing release fence in fenece wait queue.
06-08 15:38:17.131  1245 29183 I SDM     : HWCSession::ProcessRequests: Creating AsyncFenceWaits async thread.
06-08 15:38:17.131  1245 29183 I SDM     : HWCSession::ProcessRequests: Remove current CWB request from the pending request queue.
06-08 15:38:17.131  1245 29183 I SDM     : HWCSession::ProcessRequests: No pending cwb requests found in the queue.
06-08 15:38:17.137  1245  1464 I SDM     : HWDeviceDRM::SetupConcurrentWriteback: Tear down the Concurrent Writeback topology
06-08 15:38:17.145  1245 29184 I SDM     : HWCSession::NotifyCWBStatus: Notify the client about buffer status 0.
06-08 15:38:17.145  1245 29184 I SDM     : HWCSession::PerformFenceWaits: Remove current release fence from the pending fence wait queue.
06-08 15:38:17.145  1245 29184 I SDM     : HWCSession::PerformFenceWaits: CWB fence queue is empty. No pending release fence to wait on.
06-08 15:38:17.405  1977  2997 D libsensor-displayalgo: the value of  brightness:8.000000,R:75130885.425204,G:74955467.213779,B:75150547.466066,EVENT_C:4268.500000,EVENT_R:1778.500000,EVENT_G:2047.000000,EVENT_B:871.000000
06-08 15:38:17.405  1977  2997 I libsensor-displayalgo: the value of  Coef1:1107.681000,Coef4:2.383000, scale1:0.935522, scale4:0.923264
06-08 15:38:17.405  1977  2997 E libsensor-displayalgo: RGB_test_0407_400_oldzy!
06-08 15:38:17.406  1977  2997 I libsensor-displayalgo: the value of  RESULT147.022119,50.890365,77.240479,22.967246
06-08 15:38:17.406  1977  2997 I libsensor-displayalgo: the value of  getChannelDataCalibrated149.957456,47.481441,86.830740,24.243204
06-08 15:38:17.406  1977  2997 I libsensor-displayalgo: the value of  REAL LUX245.803360
06-08 15:38:17.406  1977  2997 I libsensor-displayalgo: the value of  CAL REAL LUX245.803360
06-08 15:38:17.434  1245  2285 I vendor.qti.hardware.display.composer-service: FrameNotifyProcess Sensor: notify citsensorservice to trigger cwb
06-08 15:38:17.434  1977  2106 I libcitsensorservice@2.0-impl: msg_transfer
06-08 15:38:17.435  1977  2987 D vendor.xiaomi.sensor.citsensorservice@2.0-service: handle id:8 wxh:1280x2400 uwxuh:1080x2400 size: 9216000 fd:15 fd_meta:16 flags:0x4000228 usage:0x33  format:0x3 layer_count: 1
06-08 15:38:17.436  1245  3014 I SDM     : HWCSession::SetCWBOutputBuffer: CWB config passed by cwb_client : tappoint 1  CWB_ROI : (829.000000 4.000000 915.000000 90.000000)
06-08 15:38:17.437  1245 29185 I SDM     : HWCSession::ProcessRequests: Successfully configured CWB buffer.
06-08 15:38:17.444  1245 29185 I SDM     : HWCSession::ProcessRequests: Pushing release fence in fenece wait queue.
06-08 15:38:17.445  1245 29185 I SDM     : HWCSession::ProcessRequests: Creating AsyncFenceWaits async thread.
06-08 15:38:17.445  1245 29185 I SDM     : HWCSession::ProcessRequests: Remove current CWB request from the pending request queue.
06-08 15:38:17.445  1245 29185 I SDM     : HWCSession::ProcessRequests: No pending cwb requests found in the queue.
06-08 15:38:17.451  1245  1464 I SDM     : HWDeviceDRM::SetupConcurrentWriteback: Tear down the Concurrent Writeback topology
06-08 15:38:17.457  1245 29186 I SDM     : HWCSession::NotifyCWBStatus: Notify the client about buffer status 0.
06-08 15:38:17.458  1245 29186 I SDM     : HWCSession::PerformFenceWaits: Remove current release fence from the pending fence wait queue.
06-08 15:38:17.458  1245 29186 I SDM     : HWCSession::PerformFenceWaits: CWB fence queue is empty. No pending release fence to wait on.
06-08 15:38:17.704  1977  2997 D libsensor-displayalgo: the value of  brightness:8.000000,R:75130885.425204,G:74955467.213779,B:75150547.466066,EVENT_C:4320.000000,EVENT_R:1791.500000,EVENT_G:2075.000000,EVENT_B:886.000000
06-08 15:38:17.705  1977  2997 I libsensor-displayalgo: the value of  Coef1:1107.681000,Coef4:2.383000, scale1:0.935522, scale4:0.923264
06-08 15:38:17.705  1977  2997 E libsensor-displayalgo: RGB_test_0407_400_oldzy!
06-08 15:38:17.705  1977  2997 I libsensor-displayalgo: the value of  RESULT147.022119,50.890365,77.240479,22.967246
06-08 15:38:17.705  1977  2997 I libsensor-displayalgo: the value of  getChannelDataCalibrated149.957456,47.481441,86.830740,24.243204
06-08 15:38:17.705  1977  2997 I libsensor-displayalgo: the value of  REAL LUX249.003326
06-08 15:38:17.705  1977  2997 I libsensor-displayalgo: the value of  CAL REAL LUX249.003326
06-08 15:38:17.762  1245  2285 I vendor.qti.hardware.display.composer-service: FrameNotifyProcess Sensor: notify citsensorservice to trigger cwb
06-08 15:38:17.762  1977  2106 I libcitsensorservice@2.0-impl: msg_transfer
06-08 15:38:17.763  1977  2987 D vendor.xiaomi.sensor.citsensorservice@2.0-service: handle id:8 wxh:1280x2400 uwxuh:1080x2400 size: 9216000 fd:15 fd_meta:16 flags:0x4000228 usage:0x33  format:0x3 layer_count: 1
06-08 15:38:17.763  1245  3014 I SDM     : HWCSession::SetCWBOutputBuffer: CWB config passed by cwb_client : tappoint 1  CWB_ROI : (829.000000 4.000000 915.000000 90.000000)
06-08 15:38:17.765  1245 29187 I SDM     : HWCSession::ProcessRequests: Successfully configured CWB buffer.
06-08 15:38:17.773  1245 29187 I SDM     : HWCSession::ProcessRequests: Pushing release fence in fenece wait queue.
06-08 15:38:17.773  1245 29187 I SDM     : HWCSession::ProcessRequests: Creating AsyncFenceWaits async thread.
06-08 15:38:17.773  1245 29187 I SDM     : HWCSession::ProcessRequests: Remove current CWB request from the pending request queue.
06-08 15:38:17.773  1245 29187 I SDM     : HWCSession::ProcessRequests: No pending cwb requests found in the queue.
06-08 15:38:17.779  1245  1464 I SDM     : HWDeviceDRM::SetupConcurrentWriteback: Tear down the Concurrent Writeback topology
06-08 15:38:17.787  1245 29188 I SDM     : HWCSession::NotifyCWBStatus: Notify the client about buffer status 0.
06-08 15:38:17.787  1245 29188 I SDM     : HWCSession::PerformFenceWaits: Remove current release fence from the pending fence wait queue.
06-08 15:38:17.787  1245 29188 I SDM     : HWCSession::PerformFenceWaits: CWB fence queue is empty. No pending release fence to wait on.
06-08 15:38:17.818  2403  2416 I system_server: This is non sticky GC, maxfree is 8388608 minfree is 2097152
06-08 15:38:17.818  2403  2416 I system_server: Background concurrent copying GC freed 304638(24MB) AllocSpace objects, 53(1052KB) LOS objects, 22% free, 81MB/105MB, paused 88us,96us total 196.864ms
06-08 15:38:17.843  2403  2418 W System  : A resource failed to call close.
06-08 15:38:17.843  2403  2418 W System  : A resource failed to call close.
06-08 15:38:18.006  1977  2997 D libsensor-displayalgo: the value of  brightness:8.000000,R:75134332.949482,G:74958916.961201,B:75153988.954637,EVENT_C:4303.000000,EVENT_R:1787.000000,EVENT_G:2066.000000,EVENT_B:883.000000
06-08 15:38:18.006  1977  2997 I libsensor-displayalgo: the value of  Coef1:1107.681000,Coef4:2.383000, scale1:0.935522, scale4:0.923264
06-08 15:38:18.006  1977  2997 E libsensor-displayalgo: RGB_test_0407_400_oldzy!
06-08 15:38:18.007  1977  2997 I libsensor-displayalgo: the value of  RESULT147.026797,50.891929,77.242952,22.967998
06-08 15:38:18.007  1977  2997 I libsensor-displayalgo: the value of  getChannelDataCalibrated149.962228,47.482900,86.833519,24.243998
06-08 15:38:18.007  1977  2997 I libsensor-displayalgo: the value of  REAL LUX247.807053
06-08 15:38:18.007  1977  2997 I libsensor-displayalgo: the value of  CAL REAL LUX247.807053
06-08 15:38:18.076  1245  2285 I vendor.qti.hardware.display.composer-service: FrameNotifyProcess Sensor: notify citsensorservice to trigger cwb
06-08 15:38:18.076  1977  1977 I libcitsensorservice@2.0-impl: msg_transfer
06-08 15:38:18.077  1977  2987 D vendor.xiaomi.sensor.citsensorservice@2.0-service: handle id:8 wxh:1280x2400 uwxuh:1080x2400 size: 9216000 fd:15 fd_meta:16 flags:0x4000228 usage:0x33  format:0x3 layer_count: 1
06-08 15:38:18.078  1245  3014 I SDM     : HWCSession::SetCWBOutputBuffer: CWB config passed by cwb_client : tappoint 1  CWB_ROI : (829.000000 4.000000 915.000000 90.000000)
06-08 15:38:18.079  1245 29189 I SDM     : HWCSession::ProcessRequests: Successfully configured CWB buffer.
06-08 15:38:18.086  1245 29189 I SDM     : HWCSession::ProcessRequests: Pushing release fence in fenece wait queue.
06-08 15:38:18.086  1245 29189 I SDM     : HWCSession::ProcessRequests: Creating AsyncFenceWaits async thread.
06-08 15:38:18.086  1245 29189 I SDM     : HWCSession::ProcessRequests: Remove current CWB request from the pending request queue.
06-08 15:38:18.087  1245 29189 I SDM     : HWCSession::ProcessRequests: No pending cwb requests found in the queue.
06-08 15:38:18.093  1245  1464 I SDM     : HWDeviceDRM::SetupConcurrentWriteback: Tear down the Concurrent Writeback topology
06-08 15:38:18.099  1245 29190 I SDM     : HWCSession::NotifyCWBStatus: Notify the client about buffer status 0.
06-08 15:38:18.100  1245 29190 I SDM     : HWCSession::PerformFenceWaits: Remove current release fence from the pending fence wait queue.
06-08 15:38:18.100  1245 29190 I SDM     : HWCSession::PerformFenceWaits: CWB fence queue is empty. No pending release fence to wait on.
06-08 15:38:18.305  1977  2997 D libsensor-displayalgo: the value of  brightness:8.000000,R:75134332.949482,G:74958916.961201,B:75153988.954637,EVENT_C:4265.500000,EVENT_R:1778.000000,EVENT_G:2042.000000,EVENT_B:869.500000
06-08 15:38:18.305  1977  2997 I libsensor-displayalgo: the value of  Coef1:1107.681000,Coef4:2.383000, scale1:0.935522, scale4:0.923264
06-08 15:38:18.305  1977  2997 E libsensor-displayalgo: RGB_test_0407_400_oldzy!
06-08 15:38:18.306  1977  2997 I libsensor-displayalgo: the value of  RESULT147.026797,50.891929,77.242952,22.967998
06-08 15:38:18.306  1977  2997 I libsensor-displayalgo: the value of  getChannelDataCalibrated149.962228,47.482900,86.833519,24.243998
06-08 15:38:18.306  1977  2997 I libsensor-displayalgo: the value of  REAL LUX245.504517
06-08 15:38:18.306  1977  2997 I libsensor-displayalgo: the value of  CAL REAL LUX245.504517
06-08 15:38:18.380  1245  2285 I vendor.qti.hardware.display.composer-service: FrameNotifyProcess Sensor: notify citsensorservice to trigger cwb
06-08 15:38:18.380  1977  1977 I libcitsensorservice@2.0-impl: msg_transfer
06-08 15:38:18.380  1977  2987 D vendor.xiaomi.sensor.citsensorservice@2.0-service: handle id:8 wxh:1280x2400 uwxuh:1080x2400 size: 9216000 fd:15 fd_meta:16 flags:0x4000228 usage:0x33  format:0x3 layer_count: 1
06-08 15:38:18.381  1245  3014 I SDM     : HWCSession::SetCWBOutputBuffer: CWB config passed by cwb_client : tappoint 1  CWB_ROI : (829.000000 4.000000 915.000000 90.000000)
06-08 15:38:18.383  1245 29191 I SDM     : HWCSession::ProcessRequests: Successfully configured CWB buffer.
06-08 15:38:18.391  1245 29191 I SDM     : HWCSession::ProcessRequests: Pushing release fence in fenece wait queue.
06-08 15:38:18.391  1245 29191 I SDM     : HWCSession::ProcessRequests: Creating AsyncFenceWaits async thread.
06-08 15:38:18.392  1245 29191 I SDM     : HWCSession::ProcessRequests: Remove current CWB request from the pending request queue.
06-08 15:38:18.392  1245 29191 I SDM     : HWCSession::ProcessRequests: No pending cwb requests found in the queue.
06-08 15:38:18.397  1245  1464 I SDM     : HWDeviceDRM::SetupConcurrentWriteback: Tear down the Concurrent Writeback topology
06-08 15:38:18.404  1245 29192 I SDM     : HWCSession::NotifyCWBStatus: Notify the client about buffer status 0.
06-08 15:38:18.404  1245 29192 I SDM     : HWCSession::PerformFenceWaits: Remove current release fence from the pending fence wait queue.
06-08 15:38:18.404  1245 29192 I SDM     : HWCSession::PerformFenceWaits: CWB fence queue is empty. No pending release fence to wait on.
06-08 15:38:18.606  1977  2997 D libsensor-displayalgo: the value of  brightness:8.000000,R:75134332.949482,G:74958916.961201,B:75153988.954637,EVENT_C:4265.000000,EVENT_R:1777.000000,EVENT_G:2043.000000,EVENT_B:869.500000
06-08 15:38:18.606  1977  2997 I libsensor-displayalgo: the value of  Coef1:1107.681000,Coef4:2.383000, scale1:0.935522, scale4:0.923264
06-08 15:38:18.606  1977  2997 E libsensor-displayalgo: RGB_test_0407_400_oldzy!
06-08 15:38:18.606  1977  2997 I libsensor-displayalgo: the value of  RESULT147.026797,50.891929,77.242952,22.967998
06-08 15:38:18.607  1977  2997 I libsensor-displayalgo: the value of  getChannelDataCalibrated149.962228,47.482900,86.833519,24.243998
06-08 15:38:18.607  1977  2997 I libsensor-displayalgo: the value of  REAL LUX245.552399
06-08 15:38:18.607  1977  2997 I libsensor-displayalgo: the value of  CAL REAL LUX245.552399
06-08 15:38:18.701  1245  2285 I vendor.qti.hardware.display.composer-service: FrameNotifyProcess Sensor: notify citsensorservice to trigger cwb
06-08 15:38:18.701  1977 18363 I libcitsensorservice@2.0-impl: msg_transfer
06-08 15:38:18.702  1977  2987 D vendor.xiaomi.sensor.citsensorservice@2.0-service: handle id:8 wxh:1280x2400 uwxuh:1080x2400 size: 9216000 fd:15 fd_meta:16 flags:0x4000228 usage:0x33  format:0x3 layer_count: 1
06-08 15:38:18.702  1245  3014 I SDM     : HWCSession::SetCWBOutputBuffer: CWB config passed by cwb_client : tappoint 1  CWB_ROI : (829.000000 4.000000 915.000000 90.000000)
06-08 15:38:18.704  1245 29193 I SDM     : HWCSession::ProcessRequests: Successfully configured CWB buffer.
06-08 15:38:18.711  1245 29193 I SDM     : HWCSession::ProcessRequests: Pushing release fence in fenece wait queue.
06-08 15:38:18.712  1245 29193 I SDM     : HWCSession::ProcessRequests: Creating AsyncFenceWaits async thread.
06-08 15:38:18.712  1245 29193 I SDM     : HWCSession::ProcessRequests: Remove current CWB request from the pending request queue.
06-08 15:38:18.712  1245 29193 I SDM     : HWCSession::ProcessRequests: No pending cwb requests found in the queue.
06-08 15:38:18.718  1245  1464 I SDM     : HWDeviceDRM::SetupConcurrentWriteback: Tear down the Concurrent Writeback topology
06-08 15:38:18.725  1245 29194 I SDM     : HWCSession::NotifyCWBStatus: Notify the client about buffer status 0.
06-08 15:38:18.725  1245 29194 I SDM     : HWCSession::PerformFenceWaits: Remove current release fence from the pending fence wait queue.
06-08 15:38:18.725  1245 29194 I SDM     : HWCSession::PerformFenceWaits: CWB fence queue is empty. No pending release fence to wait on.
06-08 15:38:19.005  1977  2997 D libsensor-displayalgo: the value of  brightness:8.000000,R:75134332.949482,G:74958916.961201,B:75153988.954637,EVENT_C:4274.000000,EVENT_R:1782.500000,EVENT_G:2048.500000,EVENT_B:871.000000
06-08 15:38:19.005  1977  2997 I libsensor-displayalgo: the value of  Coef1:1107.681000,Coef4:2.383000, scale1:0.935522, scale4:0.923264
06-08 15:38:19.005  1977  2997 E libsensor-displayalgo: RGB_test_0407_400_oldzy!
06-08 15:38:19.006  1977  2997 I libsensor-displayalgo: the value of  RESULT147.026797,50.891929,77.242952,22.967998
06-08 15:38:19.006  1977  2997 I libsensor-displayalgo: the value of  getChannelDataCalibrated149.962228,47.482900,86.833519,24.243998
06-08 15:38:19.006  1977  2997 I libsensor-displayalgo: the value of  REAL LUX246.108658
06-08 15:38:19.006  1977  2997 I libsensor-displayalgo: the value of  CAL REAL LUX246.108658
06-08 15:38:19.046  1245  2285 I vendor.qti.hardware.display.composer-service: FrameNotifyProcess Sensor: notify citsensorservice to trigger cwb
06-08 15:38:19.047  1977 18363 I libcitsensorservice@2.0-impl: msg_transfer
06-08 15:38:19.048  1977  2987 D vendor.xiaomi.sensor.citsensorservice@2.0-service: handle id:8 wxh:1280x2400 uwxuh:1080x2400 size: 9216000 fd:15 fd_meta:16 flags:0x4000228 usage:0x33  format:0x3 layer_count: 1
06-08 15:38:19.049  1245  3014 I SDM     : HWCSession::SetCWBOutputBuffer: CWB config passed by cwb_client : tappoint 1  CWB_ROI : (829.000000 4.000000 915.000000 90.000000)
06-08 15:38:19.051  1245 29195 I SDM     : HWCSession::ProcessRequests: Successfully configured CWB buffer.
06-08 15:38:19.057  1245 29195 I SDM     : HWCSession::ProcessRequests: Pushing release fence in fenece wait queue.
06-08 15:38:19.057  1245 29195 I SDM     : HWCSession::ProcessRequests: Creating AsyncFenceWaits async thread.
06-08 15:38:19.057  1245 29195 I SDM     : HWCSession::ProcessRequests: Remove current CWB request from the pending request queue.
06-08 15:38:19.057  1245 29195 I SDM     : HWCSession::ProcessRequests: No pending cwb requests found in the queue.
06-08 15:38:19.063  1245  1464 I SDM     : HWDeviceDRM::SetupConcurrentWriteback: Tear down the Concurrent Writeback topology
06-08 15:38:19.070  1245 29196 I SDM     : HWCSession::NotifyCWBStatus: Notify the client about buffer status 0.
06-08 15:38:19.071  1245 29196 I SDM     : HWCSession::PerformFenceWaits: Remove current release fence from the pending fence wait queue.
06-08 15:38:19.071  1245 29196 I SDM     : HWCSession::PerformFenceWaits: CWB fence queue is empty. No pending release fence to wait on.
06-08 15:38:19.162  5452  9748 D SLM-SRV-SLAService: checktemp temperature = 32616 temperature_average = 32596 isPerformanceMode = false thermal_enable_slm = true
06-08 15:38:19.273  1906  1953 I mstatdaemon: Entering time loop
06-08 15:38:19.273  1906  1953 I mstatdaemon: t = 1686209899
06-08 15:38:19.273  1906  1953 I mstatdaemon: translated_t = 1370219899
06-08 15:38:19.273  1906  1953 I mstat_log: mstatcommitLog log_alloc() failed
06-08 15:38:19.305  1977  2997 D libsensor-displayalgo: the value of  brightness:8.000000,R:75134332.949482,G:74958916.961201,B:75153988.954637,EVENT_C:4305.500000,EVENT_R:1789.500000,EVENT_G:2069.000000,EVENT_B:882.000000
06-08 15:38:19.305  1977  2997 I libsensor-displayalgo: the value of  Coef1:1107.681000,Coef4:2.383000, scale1:0.935522, scale4:0.923264
06-08 15:38:19.305  1977  2997 E libsensor-displayalgo: RGB_test_0407_400_oldzy!
06-08 15:38:19.306  1977  2997 I libsensor-displayalgo: the value of  RESULT147.026797,50.891929,77.242952,22.967998
06-08 15:38:19.306  1977  2997 I libsensor-displayalgo: the value of  getChannelDataCalibrated149.962228,47.482900,86.833519,24.243998
06-08 15:38:19.306  1977  2997 I libsensor-displayalgo: the value of  REAL LUX248.106979
06-08 15:38:19.306  1977  2997 I libsensor-displayalgo: the value of  CAL REAL LUX248.106979
06-08 15:38:19.352  1245  2285 I vendor.qti.hardware.display.composer-service: FrameNotifyProcess Sensor: notify citsensorservice to trigger cwb
06-08 15:38:19.352  1977  1977 I libcitsensorservice@2.0-impl: msg_transfer
06-08 15:38:19.353  1977  2987 D vendor.xiaomi.sensor.citsensorservice@2.0-service: handle id:8 wxh:1280x2400 uwxuh:1080x2400 size: 9216000 fd:15 fd_meta:16 flags:0x4000228 usage:0x33  format:0x3 layer_count: 1
06-08 15:38:19.354  1245  3014 I SDM     : HWCSession::SetCWBOutputBuffer: CWB config passed by cwb_client : tappoint 1  CWB_ROI : (829.000000 4.000000 915.000000 90.000000)
06-08 15:38:19.355  1245 29197 I SDM     : HWCSession::ProcessRequests: Successfully configured CWB buffer.
06-08 15:38:19.364  1245 29197 I SDM     : HWCSession::ProcessRequests: Pushing release fence in fenece wait queue.
06-08 15:38:19.364  1245 29197 I SDM     : HWCSession::ProcessRequests: Creating AsyncFenceWaits async thread.
06-08 15:38:19.364  1245 29197 I SDM     : HWCSession::ProcessRequests: Remove current CWB request from the pending request queue.
06-08 15:38:19.364  1245 29197 I SDM     : HWCSession::ProcessRequests: No pending cwb requests found in the queue.
06-08 15:38:19.368  1245  1464 I SDM     : HWDeviceDRM::SetupConcurrentWriteback: Tear down the Concurrent Writeback topology
06-08 15:38:19.375  1245 29198 I SDM     : HWCSession::NotifyCWBStatus: Notify the client about buffer status 0.
06-08 15:38:19.377  1245 29198 I SDM     : HWCSession::PerformFenceWaits: Remove current release fence from the pending fence wait queue.
06-08 15:38:19.377  1245 29198 I SDM     : HWCSession::PerformFenceWaits: CWB fence queue is empty. No pending release fence to wait on.
06-08 15:38:19.605  1977  2997 D libsensor-displayalgo: the value of  brightness:8.000000,R:75134332.949482,G:74958916.961201,B:75153988.954637,EVENT_C:4266.500000,EVENT_R:1778.500000,EVENT_G:2045.000000,EVENT_B:868.500000
06-08 15:38:19.605  1977  2997 I libsensor-displayalgo: the value of  Coef1:1107.681000,Coef4:2.383000, scale1:0.935522, scale4:0.923264
06-08 15:38:19.606  1977  2997 E libsensor-displayalgo: RGB_test_0407_400_oldzy!
06-08 15:38:19.606  1977  2997 I libsensor-displayalgo: the value of  RESULT147.026797,50.891929,77.242952,22.967998
06-08 15:38:19.606  1977  2997 I libsensor-displayalgo: the value of  getChannelDataCalibrated149.962228,47.482900,86.833519,24.243998
06-08 15:38:19.606  1977  2997 I libsensor-displayalgo: the value of  REAL LUX245.773941
06-08 15:38:19.606  1977  2997 I libsensor-displayalgo: the value of  CAL REAL LUX245.773941
06-08 15:38:19.655  1245  2285 I vendor.qti.hardware.display.composer-service: FrameNotifyProcess Sensor: notify citsensorservice to trigger cwb
