06-14 16:23:01.442 21857 22875 I CCodecBufferChannel: pipelineRoom(2) is <= numClientBuffers(3). Not signalling any more buffers to client
06-14 16:23:01.442 21857 23265 I CCodecBufferChannel: pipelineRoom(2) is <= numClientBuffers(2). Not signalling any more buffers to client
06-14 16:23:01.497  2018  3127 D libsensor-displayalgo: the value of  brightness:438.000000,R:16480003.784680,G:14637168.475986,B:30848356.857484,EVENT_C:4168.500000,EVENT_R:1655.000000,EVENT_G:2071.500000,EVENT_B:840.500000
06-14 16:23:01.497  2018  3127 I libsensor-displayalgo: the value of  Coef1:1107.681000,Coef4:2.383000, scale1:0.935522, scale4:0.923264
06-14 16:23:01.497  2018  3127 E libsensor-displayalgo: RGB_test_0407_400_oldzy!
06-14 16:23:01.500  2018  3127 I libsensor-displayalgo: the value of  RESULT1048.730608,402.900968,525.437408,194.029968
06-14 16:23:01.500  2018  3127 I libsensor-displayalgo: the value of  getChannelDataCalibrated1099.536791,373.163955,610.718095,211.770653
06-14 16:23:01.500  2018  3127 I libsensor-displayalgo: the value of  REAL LUX183.654068
06-14 16:23:01.500  2018  3127 I libsensor-displayalgo: the value of  CAL REAL LUX183.654068
06-14 16:23:01.556 21857 22875 I CCodecBufferChannel: pipelineRoom(1) is <= numClientBuffers(2). Not signalling any more buffers to client
06-14 16:23:01.556 21857 23265 I CCodecBufferChannel: pipelineRoom(1) is <= numClientBuffers(1). Not signalling any more buffers to client
06-14 16:23:01.580  1265  2358 I vendor.qti.hardware.display.composer-service: FrameNotifyProcess Sensor: notify citsensorservice to trigger cwb
06-14 16:23:01.580  2018  7182 I libcitsensorservice@2.0-impl: msg_transfer
06-14 16:23:01.581  2018  3098 D vendor.xiaomi.sensor.citsensorservice@2.0-service: handle id:9 wxh:1280x2400 uwxuh:1080x2400 size: 9216000 fd:15 fd_meta:16 flags:0x4000228 usage:0x33  format:0x3 layer_count: 1
06-14 16:23:01.581  1265  1890 I SDM     : HWCSession::SetCWBOutputBuffer: CWB config passed by cwb_client : tappoint 1  CWB_ROI : (829.000000 4.000000 915.000000 90.000000)
06-14 16:23:01.583  1265 23514 I SDM     : HWCSession::ProcessRequests: Successfully configured CWB buffer.
06-14 16:23:01.591  1265 23514 I SDM     : HWCSession::ProcessRequests: Pushing release fence in fenece wait queue.
06-14 16:23:01.591  1265 23514 I SDM     : HWCSession::ProcessRequests: Creating AsyncFenceWaits async thread.
06-14 16:23:01.591  1265 23514 I SDM     : HWCSession::ProcessRequests: Remove current CWB request from the pending request queue.
06-14 16:23:01.591  1265 23514 I SDM     : HWCSession::ProcessRequests: No pending cwb requests found in the queue.
06-14 16:23:01.597  1265  1584 I SDM     : HWDeviceDRM::SetupConcurrentWriteback: Tear down the Concurrent Writeback topology
06-14 16:23:01.604  1265 23515 I SDM     : HWCSession::NotifyCWBStatus: Notify the client about buffer status 0.
06-14 16:23:01.604  1265 23515 I SDM     : HWCSession::PerformFenceWaits: Remove current release fence from the pending fence wait queue.
06-14 16:23:01.604  1265 23515 I SDM     : HWCSession::PerformFenceWaits: CWB fence queue is empty. No pending release fence to wait on.
06-14 16:23:01.643 21857 22061 D AudioTrack: [audioTrackData][fine] 30s(f:30001 m:12 s:10 k:0) : pid 21857 uid 10486 sessionId 489 sr 44100 ch 2 fmt 1
06-14 16:23:01.676 21857 22875 I CCodecBufferChannel: pipelineRoom(2) is <= numClientBuffers(3). Not signalling any more buffers to client
06-14 16:23:01.677 21857 23265 I CCodecBufferChannel: pipelineRoom(2) is <= numClientBuffers(2). Not signalling any more buffers to client
06-14 16:23:01.681 21857 22875 I CCodecBufferChannel: pipelineRoom(2) is <= numClientBuffers(3). Not signalling any more buffers to client
06-14 16:23:01.682 21857 23265 I CCodecBufferChannel: pipelineRoom(2) is <= numClientBuffers(2). Not signalling any more buffers to client
06-14 16:23:01.796  2018  3127 D libsensor-displayalgo: the value of  brightness:438.000000,R:16480003.784680,G:14637168.475986,B:30848356.857484,EVENT_C:4171.000000,EVENT_R:1656.000000,EVENT_G:2073.000000,EVENT_B:841.000000
06-14 16:23:01.796  2018  3127 I libsensor-displayalgo: the value of  Coef1:1107.681000,Coef4:2.383000, scale1:0.935522, scale4:0.923264
06-14 16:23:01.796  2018  3127 E libsensor-displayalgo: RGB_test_0407_400_oldzy!
06-14 16:23:01.797  2018  3127 I libsensor-displayalgo: the value of  RESULT1048.730608,402.900968,525.437408,194.029968
06-14 16:23:01.797  2018  3127 I libsensor-displayalgo: the value of  getChannelDataCalibrated1099.536791,373.163955,610.718095,211.770653
06-14 16:23:01.797  2018  3127 I libsensor-displayalgo: the value of  REAL LUX183.820404
06-14 16:23:01.797  2018  3127 I libsensor-displayalgo: the value of  CAL REAL LUX183.820404
06-14 16:23:01.805 21857 22875 I CCodecBufferChannel: pipelineRoom(1) is <= numClientBuffers(2). Not signalling any more buffers to client
06-14 16:23:01.805 21857 23265 I CCodecBufferChannel: pipelineRoom(1) is <= numClientBuffers(1). Not signalling any more buffers to client
06-14 16:23:01.807 21857 22875 I CCodecBufferChannel: pipelineRoom(1) is <= numClientBuffers(2). Not signalling any more buffers to client
06-14 16:23:01.807 21857 23265 I CCodecBufferChannel: pipelineRoom(1) is <= numClientBuffers(1). Not signalling any more buffers to client
06-14 16:23:01.808 21857 22875 I CCodecBufferChannel: pipelineRoom(1) is <= numClientBuffers(1). Not signalling any more buffers to client
06-14 16:23:01.884  1265  2358 I vendor.qti.hardware.display.composer-service: FrameNotifyProcess Sensor: notify citsensorservice to trigger cwb
06-14 16:23:01.885  2018  7182 I libcitsensorservice@2.0-impl: msg_transfer
06-14 16:23:01.886  2018  3098 D vendor.xiaomi.sensor.citsensorservice@2.0-service: handle id:9 wxh:1280x2400 uwxuh:1080x2400 size: 9216000 fd:15 fd_meta:16 flags:0x4000228 usage:0x33  format:0x3 layer_count: 1
06-14 16:23:01.886  1265  1890 I SDM     : HWCSession::SetCWBOutputBuffer: CWB config passed by cwb_client : tappoint 1  CWB_ROI : (829.000000 4.000000 915.000000 90.000000)
06-14 16:23:01.887  1265 23516 I SDM     : HWCSession::ProcessRequests: Successfully configured CWB buffer.
06-14 16:23:01.895  1265 23516 I SDM     : HWCSession::ProcessRequests: Pushing release fence in fenece wait queue.
06-14 16:23:01.895  1265 23516 I SDM     : HWCSession::ProcessRequests: Creating AsyncFenceWaits async thread.
06-14 16:23:01.895  1265 23516 I SDM     : HWCSession::ProcessRequests: Remove current CWB request from the pending request queue.
06-14 16:23:01.895  1265 23516 I SDM     : HWCSession::ProcessRequests: No pending cwb requests found in the queue.
06-14 16:23:01.901  1265  1584 I SDM     : HWDeviceDRM::SetupConcurrentWriteback: Tear down the Concurrent Writeback topology
06-14 16:23:01.909  1265 23517 I SDM     : HWCSession::NotifyCWBStatus: Notify the client about buffer status 0.
06-14 16:23:01.911  1265 23517 I SDM     : HWCSession::PerformFenceWaits: Remove current release fence from the pending fence wait queue.
06-14 16:23:01.911  1265 23517 I SDM     : HWCSession::PerformFenceWaits: CWB fence queue is empty. No pending release fence to wait on.
06-14 16:23:01.919 21857 23265 I CCodecBufferChannel: pipelineRoom(1) is <= numClientBuffers(1). Not signalling any more buffers to client
06-14 16:23:01.919 21857 22875 I CCodecBufferChannel: pipelineRoom(1) is <= numClientBuffers(1). Not signalling any more buffers to client
06-14 16:23:01.922 21857 22875 I CCodecBufferChannel: pipelineRoom(1) is <= numClientBuffers(2). Not signalling any more buffers to client
06-14 16:23:01.922 21857 23265 I CCodecBufferChannel: pipelineRoom(1) is <= numClientBuffers(1). Not signalling any more buffers to client
06-14 16:23:02.097  2018  3127 D libsensor-displayalgo: the value of  brightness:438.000000,R:16480003.784680,G:14637168.475986,B:30848356.857484,EVENT_C:4169.500000,EVENT_R:1654.000000,EVENT_G:2069.000000,EVENT_B:840.000000
06-14 16:23:02.097  2018  3127 I libsensor-displayalgo: the value of  Coef1:1107.681000,Coef4:2.383000, scale1:0.935522, scale4:0.923264
06-14 16:23:02.097  2018  3127 E libsensor-displayalgo: RGB_test_0407_400_oldzy!
06-14 16:23:02.097  2018  3127 I libsensor-displayalgo: the value of  RESULT1048.730608,402.900968,525.437408,194.029968
06-14 16:23:02.097  2018  3127 I libsensor-displayalgo: the value of  getChannelDataCalibrated1099.536791,373.163955,610.718095,211.770653
06-14 16:23:02.097  2018  3127 I libsensor-displayalgo: the value of  REAL LUX183.689224
06-14 16:23:02.097  2018  3127 I libsensor-displayalgo: the value of  CAL REAL LUX183.689224
06-14 16:23:02.115 21857 22875 I CCodecBufferChannel: pipelineRoom(2) is <= numClientBuffers(3). Not signalling any more buffers to client
06-14 16:23:02.116 21857 23265 I CCodecBufferChannel: pipelineRoom(2) is <= numClientBuffers(2). Not signalling any more buffers to client
06-14 16:23:02.153  4233  4233 D MiPlayDetailViewModel: onPositionChange(): position = 27010
06-14 16:23:02.154  5809 23295 I SafeBinderCall: onPositionChange binder cost:2
06-14 16:23:02.189  1265  2358 I vendor.qti.hardware.display.composer-service: FrameNotifyProcess Sensor: notify citsensorservice to trigger cwb
06-14 16:23:02.190  2018  7182 I libcitsensorservice@2.0-impl: msg_transfer
06-14 16:23:02.191  2018  3098 D vendor.xiaomi.sensor.citsensorservice@2.0-service: handle id:9 wxh:1280x2400 uwxuh:1080x2400 size: 9216000 fd:15 fd_meta:16 flags:0x4000228 usage:0x33  format:0x3 layer_count: 1
06-14 16:23:02.192  1265  1890 I SDM     : HWCSession::SetCWBOutputBuffer: CWB config passed by cwb_client : tappoint 1  CWB_ROI : (829.000000 4.000000 915.000000 90.000000)
06-14 16:23:02.195  1265 23524 I SDM     : HWCSession::ProcessRequests: Successfully configured CWB buffer.
06-14 16:23:02.199  1265 23524 I SDM     : HWCSession::ProcessRequests: Pushing release fence in fenece wait queue.
06-14 16:23:02.200  1265 23524 I SDM     : HWCSession::ProcessRequests: Creating AsyncFenceWaits async thread.
06-14 16:23:02.200  1265 23524 I SDM     : HWCSession::ProcessRequests: Remove current CWB request from the pending request queue.
06-14 16:23:02.200  1265 23524 I SDM     : HWCSession::ProcessRequests: No pending cwb requests found in the queue.
06-14 16:23:02.206  1265  1584 I SDM     : HWDeviceDRM::SetupConcurrentWriteback: Tear down the Concurrent Writeback topology
06-14 16:23:02.213  1265 23525 I SDM     : HWCSession::NotifyCWBStatus: Notify the client about buffer status 0.
06-14 16:23:02.214  1265 23525 I SDM     : HWCSession::PerformFenceWaits: Remove current release fence from the pending fence wait queue.
06-14 16:23:02.214  1265 23525 I SDM     : HWCSession::PerformFenceWaits: CWB fence queue is empty. No pending release fence to wait on.
06-14 16:23:02.242 21857 22875 I CCodecBufferChannel: pipelineRoom(2) is <= numClientBuffers(3). Not signalling any more buffers to client
06-14 16:23:02.243 21857 23265 I CCodecBufferChannel: pipelineRoom(2) is <= numClientBuffers(2). Not signalling any more buffers to client
06-14 16:23:02.245 21857 22875 I CCodecBufferChannel: pipelineRoom(3) is <= numClientBuffers(3). Not signalling any more buffers to client
06-14 16:23:02.358 21857 22875 I CCodecBufferChannel: pipelineRoom(2) is <= numClientBuffers(2). Not signalling any more buffers to client
06-14 16:23:02.370 21636 21665 I appium  : channel read: POST /wd/hub/session/6a145209-b9db-4ad5-bf8e-1228a9ca38da/element
06-14 16:23:02.370 21636 21665 I appium  : FindElement command
06-14 16:23:02.372 21636 21665 I appium  : method: 'id', selector: 'cn.missevan:id/emoji'
06-14 16:23:02.372 21636 21665 I appium  : Waiting up to 100ms for the device to idle
06-14 16:23:02.397  2018  3127 D libsensor-displayalgo: the value of  brightness:438.000000,R:16480003.784680,G:14637168.475986,B:30848356.857484,EVENT_C:4168.500000,EVENT_R:1654.500000,EVENT_G:2068.500000,EVENT_B:839.000000
06-14 16:23:02.397  2018  3127 I libsensor-displayalgo: the value of  Coef1:1107.681000,Coef4:2.383000, scale1:0.935522, scale4:0.923264
06-14 16:23:02.397  2018  3127 E libsensor-displayalgo: RGB_test_0407_400_oldzy!
06-14 16:23:02.397  2018  3127 I libsensor-displayalgo: the value of  RESULT1048.730608,402.900968,525.437408,194.029968
06-14 16:23:02.397  2018  3127 I libsensor-displayalgo: the value of  getChannelDataCalibrated1099.536791,373.163955,610.718095,211.770653
06-14 16:23:02.397  2018  3127 I libsensor-displayalgo: the value of  REAL LUX183.658264
06-14 16:23:02.397  2018  3127 I libsensor-displayalgo: the value of  CAL REAL LUX183.658264
06-14 16:23:02.441 21857 22875 I CCodecBufferChannel: pipelineRoom(2) is <= numClientBuffers(2). Not signalling any more buffers to client
06-14 16:23:02.494  1265  2358 I vendor.qti.hardware.display.composer-service: FrameNotifyProcess Sensor: notify citsensorservice to trigger cwb
06-14 16:23:02.495  2018  2108 I libcitsensorservice@2.0-impl: msg_transfer
06-14 16:23:02.495  2018  3098 D vendor.xiaomi.sensor.citsensorservice@2.0-service: handle id:9 wxh:1280x2400 uwxuh:1080x2400 size: 9216000 fd:15 fd_meta:16 flags:0x4000228 usage:0x33  format:0x3 layer_count: 1
06-14 16:23:02.496  1265  1890 I SDM     : HWCSession::SetCWBOutputBuffer: CWB config passed by cwb_client : tappoint 1  CWB_ROI : (829.000000 4.000000 915.000000 90.000000)
06-14 16:23:02.498  1265 23528 I SDM     : HWCSession::ProcessRequests: Successfully configured CWB buffer.
06-14 16:23:02.506  1265 23528 I SDM     : HWCSession::ProcessRequests: Pushing release fence in fenece wait queue.
06-14 16:23:02.506  1265 23528 I SDM     : HWCSession::ProcessRequests: Creating AsyncFenceWaits async thread.
06-14 16:23:02.506  1265 23528 I SDM     : HWCSession::ProcessRequests: Remove current CWB request from the pending request queue.
06-14 16:23:02.507  1265 23528 I SDM     : HWCSession::ProcessRequests: No pending cwb requests found in the queue.
06-14 16:23:02.512  1265  1584 I SDM     : HWDeviceDRM::SetupConcurrentWriteback: Tear down the Concurrent Writeback topology
06-14 16:23:02.518  1265 23529 I SDM     : HWCSession::NotifyCWBStatus: Notify the client about buffer status 0.
06-14 16:23:02.518  1265 23529 I SDM     : HWCSession::PerformFenceWaits: Remove current release fence from the pending fence wait queue.
06-14 16:23:02.518  1265 23529 I SDM     : HWCSession::PerformFenceWaits: CWB fence queue is empty. No pending release fence to wait on.
06-14 16:23:02.538 21857 22872 D CCodecBufferChannel: [c2.android.aac.decoder#874] DEBUG: elapsed: n=6 [in=0 pipeline=0 out=2]
06-14 16:23:02.538 21857 22872 D PipelineWatcher: DEBUG: elapsed 2 / 6
06-14 16:23:02.554 21636 21665 W QueryController: Could not detect idle state.
06-14 16:23:02.556 21857 22875 I CCodecBufferChannel: pipelineRoom(2) is <= numClientBuffers(3). Not signalling any more buffers to client
06-14 16:23:02.558 21857 23265 I CCodecBufferChannel: pipelineRoom(2) is <= numClientBuffers(2). Not signalling any more buffers to client
06-14 16:23:02.576 21636 21665 W ByMatcher: Node returned null child: android.view.accessibility.AccessibilityNodeInfo@3073fc; boundsInParent: Rect(0, 0 - 1080, 956); boundsInScreen: Rect(0, 220 - 1080, 1176); packageName: cn.missevan; className: android.widget.FrameLayout; text: null; error: null; maxTextLength: -1; stateDescription: null; contentDescription: null; tooltipText: null; viewIdResName: cn.missevan:id/danmakuView; checkable: false; checked: false; focusable: false; focused: false; selected: false; clickable: false; longClickable: false; contextClickable: false; enabled: true; password: false; scrollable: false; importantForAccessibility: false; visible: true; actions: [AccessibilityAction: ACTION_SELECT - null, AccessibilityAction: ACTION_CLEAR_SELECTION - null, AccessibilityAction: ACTION_ACCESSIBILITY_FOCUS - null, AccessibilityAction: ACTION_SHOW_ON_SCREEN - null]
06-14 16:23:02.577 21636 21665 W ByMatcher: Skipping null child (1 of 2)
06-14 16:23:02.688 21857 22875 I CCodecBufferChannel: pipelineRoom(2) is <= numClientBuffers(2). Not signalling any more buffers to client
06-14 16:23:02.691 21857 22875 I CCodecBufferChannel: pipelineRoom(2) is <= numClientBuffers(3). Not signalling any more buffers to client
06-14 16:23:02.693 21857 23265 I CCodecBufferChannel: pipelineRoom(2) is <= numClientBuffers(2). Not signalling any more buffers to client
06-14 16:23:02.698  2018  3127 D libsensor-displayalgo: the value of  brightness:438.000000,R:16480003.784680,G:14637168.475986,B:30848356.857484,EVENT_C:4163.000000,EVENT_R:1654.500000,EVENT_G:2067.500000,EVENT_B:840.000000
06-14 16:23:02.701  2018  3127 I libsensor-displayalgo: the value of  Coef1:1107.681000,Coef4:2.383000, scale1:0.935522, scale4:0.923264
06-14 16:23:02.702  2018  3127 E libsensor-displayalgo: RGB_test_0407_400_oldzy!
06-14 16:23:02.704  2018  3127 I libsensor-displayalgo: the value of  RESULT1048.730608,402.900968,525.437408,194.029968
06-14 16:23:02.704  2018  3127 I libsensor-displayalgo: the value of  getChannelDataCalibrated1099.536791,373.163955,610.718095,211.770653
06-14 16:23:02.704  2018  3127 I libsensor-displayalgo: the value of  REAL LUX183.143402
06-14 16:23:02.704  2018  3127 I libsensor-displayalgo: the value of  CAL REAL LUX183.143402
06-14 16:23:02.717 21636 21665 W ByMatcher: Node returned null child: android.view.accessibility.AccessibilityNodeInfo@3073fc; boundsInParent: Rect(0, 0 - 1080, 956); boundsInScreen: Rect(0, 220 - 1080, 1176); packageName: cn.missevan; className: android.widget.FrameLayout; text: null; error: null; maxTextLength: -1; stateDescription: null; contentDescription: null; tooltipText: null; viewIdResName: cn.missevan:id/danmakuView; checkable: false; checked: false; focusable: false; focused: false; selected: false; clickable: false; longClickable: false; contextClickable: false; enabled: true; password: false; scrollable: false; importantForAccessibility: false; visible: true; actions: [AccessibilityAction: ACTION_SELECT - null, AccessibilityAction: ACTION_CLEAR_SELECTION - null, AccessibilityAction: ACTION_ACCESSIBILITY_FOCUS - null, AccessibilityAction: ACTION_SHOW_ON_SCREEN - null]
06-14 16:23:02.717 13036 13188 D MemoryCeilingMonitor: [handleMemoryCalculate]
06-14 16:23:02.718 13036 13188 D MemoryCeilingMonitor: [calculate] tot: 5782768, max: 268435456, free: 868352, heap: 4914416, per: 0.018307626247406006
06-14 16:23:02.719 21636 21665 W ByMatcher: Skipping null child (1 of 2)
06-14 16:23:02.729 21636 21665 I appium  : AppiumResponse: {"sessionId":"6a145209-b9db-4ad5-bf8e-1228a9ca38da","value":{"error":"no such element","message":"An element could not be located on the page using the given search parameters","stacktrace":"io.appium.uiautomator2.common.exceptions.ElementNotFoundException: An element could not be located on the page using the given search parameters\n\tat io.appium.uiautomator2.handler.FindElement.safeHandle(FindElement.java:70)\n\tat io.appium.uiautomator2.handler.request.SafeRequestHandler.handle(SafeRequestHandler.java:59)\n\tat io.appium.uiautomator2.server.AppiumServlet.handleRequest(AppiumServlet.java:266)\n\tat io.appium.uiautomator2.server.AppiumServlet.handleHttpRequest(AppiumServlet.java:260)\n\tat io.appium.uiautomator2.http.ServerHandler.channelRead(ServerHandler.java:68)\n\tat io.netty.channel.AbstractChannelHandlerContext.invokeChannelRead(AbstractChannelHandlerContext.java:366)\n\tat io.netty.channel.AbstractChannelHandlerContext.invokeChannelRead(AbstractChannelHandlerContext.java:352)\n\tat io.netty.channel.AbstractChannelHandlerContext.fireChannelRead(AbstractChannelHandlerContext.java:345)\n\tat io.netty.handler.codec.MessageToMessageDecoder.channelRead(MessageToMessageDecoder.java:102)\n\tat io.netty.channel.AbstractChannelHandlerContext.invokeChannelRead(AbstractChannelHandlerContext.java:366)\n\tat io.netty.channel.AbstractChannelHandlerContext.invokeChannelRead(AbstractChannelHandlerContext.java:352)\n\tat io.netty.channel.AbstractChannelHandlerContext.fireChannelRead(AbstractChannelHandlerContext.java:345)\n\tat io.netty.channel.CombinedChannelDuplexHandler$DelegatingChannelHandlerContext.fireChannelRead(CombinedChannelDuplexHandler.java:435)\n\tat io.netty.handler.codec.ByteToMessageDecoder.fireChannelRead(ByteToMessageDecoder.java:293)\n\tat io.netty.handler.codec.ByteToMessageDecoder.channelRead(ByteToMessageDecoder.java:267)\n\tat io.netty.channel.CombinedChannelDuplexHandler.channelRead(CombinedChannelDuplexHandler.java:250)\n\tat io.netty.channel.AbstractChannelHandlerContext.invokeChannelRead(AbstractChannelHandlerContext.java:366)\n\tat io.netty.channel.AbstractChannelHandlerContext.invokeChannelRead(AbstractChannelHandlerContext.java:352)\n\tat io.netty.channel.AbstractChannelHandlerContext.fireChannelRead(AbstractChannelHandlerContext.java:345)\n\tat io.netty.handler.timeout.IdleStateHandler.channelRead(IdleStateHandler.java:266)\n\tat io.netty.channel.AbstractChannelHandlerContext.invokeChannelRead(AbstractChannelHandlerContext.java:366)\n\tat io.netty.channel.AbstractChannelHandlerContext.invokeChannelRead(AbstractChannelHandlerContext.java:352)\n\tat io.netty.channel.AbstractChannelHandlerContext.fireChannelRead(AbstractChannelHandlerContext.java:345)\n\tat io.netty.channel.DefaultChannelPipeline$HeadContext.channelRead(DefaultChannelPipeline.java:1294)\n\tat io.netty.channel.AbstractChannelHandlerContext.invokeChannelRead(AbstractChannelHandlerContext.java:366)\n\tat io.netty.channel.AbstractChannelHandlerContext.invokeChannelRead(AbstractChannelHandlerContext.java:352)\n\tat io.netty.channel.DefaultChannelPipeline.fireChannelRead(DefaultChannelPipeline.java:911)\n\tat io.netty.channel.nio.AbstractNioByteChannel$NioByteUnsafe.read(AbstractNioByteChannel.java:131)\n\tat io.netty.channel.nio.NioEventLoop.processSelectedKey(NioEventLoop.java:611)\n\tat io.netty.channel.nio.NioEventLoop.processSelectedKeysOptimized(NioEventLoop.java:552)\n\tat io.netty.channel.nio.NioEventLoop.processSelectedKeys(NioEventLoop.java:466)\n\tat io.netty.channel.nio.NioEventLoop.run(NioEventLoop.java:438)\n\tat io.netty.util.concurrent.SingleThreadEventExecutor$2.run(SingleThreadEventExecutor.java:140)\n\tat io.netty.util.concurrent.DefaultThreadFactory$DefaultRunnableDecorator.run(DefaultThreadFactory.java:144)\n\tat java.lang.Thread.run(Thread.java:920)\n"}}
06-14 16:23:02.798  1265  2358 I vendor.qti.hardware.display.composer-service: FrameNotifyProcess Sensor: notify citsensorservice to trigger cwb
06-14 16:23:02.799  2018  7182 I libcitsensorservice@2.0-impl: msg_transfer
06-14 16:23:02.799  2018  3098 D vendor.xiaomi.sensor.citsensorservice@2.0-service: handle id:9 wxh:1280x2400 uwxuh:1080x2400 size: 9216000 fd:15 fd_meta:16 flags:0x4000228 usage:0x33  format:0x3 layer_count: 1
06-14 16:23:02.800  1265  1890 I SDM     : HWCSession::SetCWBOutputBuffer: CWB config passed by cwb_client : tappoint 1  CWB_ROI : (829.000000 4.000000 915.000000 90.000000)
06-14 16:23:02.801 21857 22875 I CCodecBufferChannel: pipelineRoom(2) is <= numClientBuffers(3). Not signalling any more buffers to client
06-14 16:23:02.803  1265 23530 I SDM     : HWCSession::ProcessRequests: Successfully configured CWB buffer.
06-14 16:23:02.803 21857 23265 I CCodecBufferChannel: pipelineRoom(2) is <= numClientBuffers(2). Not signalling any more buffers to client
06-14 16:23:02.807 21857 22875 I CCodecBufferChannel: pipelineRoom(3) is <= numClientBuffers(3). Not signalling any more buffers to client
06-14 16:23:02.810  1265 23530 I SDM     : HWCSession::ProcessRequests: Pushing release fence in fenece wait queue.
06-14 16:23:02.810  1265 23530 I SDM     : HWCSession::ProcessRequests: Creating AsyncFenceWaits async thread.
06-14 16:23:02.810  1265 23530 I SDM     : HWCSession::ProcessRequests: Remove current CWB request from the pending request queue.
06-14 16:23:02.810  1265 23530 I SDM     : HWCSession::ProcessRequests: No pending cwb requests found in the queue.
06-14 16:23:02.812 21857 23265 I CCodecBufferChannel: pipelineRoom(2) is <= numClientBuffers(2). Not signalling any more buffers to client
06-14 16:23:02.812 21857 22875 I CCodecBufferChannel: pipelineRoom(2) is <= numClientBuffers(2). Not signalling any more buffers to client
06-14 16:23:02.815  1265  1584 I SDM     : HWDeviceDRM::SetupConcurrentWriteback: Tear down the Concurrent Writeback topology
06-14 16:23:02.822  1265 23531 I SDM     : HWCSession::NotifyCWBStatus: Notify the client about buffer status 0.
06-14 16:23:02.822  1265 23531 I SDM     : HWCSession::PerformFenceWaits: Remove current release fence from the pending fence wait queue.
06-14 16:23:02.822  1265 23531 I SDM     : HWCSession::PerformFenceWaits: CWB fence queue is empty. No pending release fence to wait on.
06-14 16:23:02.883 21857 22875 I CCodecBufferChannel: pipelineRoom(2) is <= numClientBuffers(3). Not signalling any more buffers to client
06-14 16:23:02.886 21857 23265 I CCodecBufferChannel: pipelineRoom(2) is <= numClientBuffers(2). Not signalling any more buffers to client
06-14 16:23:02.888 21857 22875 I CCodecBufferChannel: pipelineRoom(2) is <= numClientBuffers(2). Not signalling any more buffers to client
06-14 16:23:02.998  2018  3127 D libsensor-displayalgo: the value of  brightness:438.000000,R:16480003.784680,G:14637168.475986,B:30848356.857484,EVENT_C:4171.500000,EVENT_R:1652.500000,EVENT_G:2068.500000,EVENT_B:839.500000
06-14 16:23:02.999  2018  3127 I libsensor-displayalgo: the value of  Coef1:1107.681000,Coef4:2.383000, scale1:0.935522, scale4:0.923264
06-14 16:23:02.999  2018  3127 E libsensor-displayalgo: RGB_test_0407_400_oldzy!
06-14 16:23:02.999  2018  3127 I libsensor-displayalgo: the value of  RESULT1048.730608,402.900968,525.437408,194.029968
06-14 16:23:02.999  2018  3127 I libsensor-displayalgo: the value of  getChannelDataCalibrated1099.536791,373.163955,610.718095,211.770653
06-14 16:23:02.999  2018  3127 I libsensor-displayalgo: the value of  REAL LUX183.904785
06-14 16:23:02.999  2018  3127 I libsensor-displayalgo: the value of  CAL REAL LUX183.904785
06-14 16:23:03.011 21857 22875 I CCodecBufferChannel: pipelineRoom(3) is <= numClientBuffers(3). Not signalling any more buffers to client
06-14 16:23:03.103  1265  2358 I vendor.qti.hardware.display.composer-service: FrameNotifyProcess Sensor: notify citsensorservice to trigger cwb
06-14 16:23:03.104  2018  2111 I libcitsensorservice@2.0-impl: msg_transfer
06-14 16:23:03.104  2018  3098 D vendor.xiaomi.sensor.citsensorservice@2.0-service: handle id:9 wxh:1280x2400 uwxuh:1080x2400 size: 9216000 fd:15 fd_meta:16 flags:0x4000228 usage:0x33  format:0x3 layer_count: 1
06-14 16:23:03.105  1265  1890 I SDM     : HWCSession::SetCWBOutputBuffer: CWB config passed by cwb_client : tappoint 1  CWB_ROI : (829.000000 4.000000 915.000000 90.000000)
06-14 16:23:03.107  1265 23532 I SDM     : HWCSession::ProcessRequests: Successfully configured CWB buffer.
06-14 16:23:03.115  1265 23532 I SDM     : HWCSession::ProcessRequests: Pushing release fence in fenece wait queue.
06-14 16:23:03.115  1265 23532 I SDM     : HWCSession::ProcessRequests: Creating AsyncFenceWaits async thread.
06-14 16:23:03.115  1265 23532 I SDM     : HWCSession::ProcessRequests: Remove current CWB request from the pending request queue.
06-14 16:23:03.115  1265 23532 I SDM     : HWCSession::ProcessRequests: No pending cwb requests found in the queue.
06-14 16:23:03.119  1949 23266 D BufferPoolAccessor2.0: bufferpool2 0xb400007b85e3ac28 : 4(16384 size) total buffers - 1(4096 size) used buffers - 1222/1226 (recycle/alloc) - 7/1225 (fetch/transfer)
06-14 16:23:03.120  1265  1584 I SDM     : HWDeviceDRM::SetupConcurrentWriteback: Tear down the Concurrent Writeback topology
06-14 16:23:03.120 21857 22875 I CCodecBufferChannel: pipelineRoom(2) is <= numClientBuffers(3). Not signalling any more buffers to client
06-14 16:23:03.122 21857 23265 I CCodecBufferChannel: pipelineRoom(2) is <= numClientBuffers(2). Not signalling any more buffers to client
06-14 16:23:03.123 21857 22875 I CCodecBufferChannel: pipelineRoom(2) is <= numClientBuffers(3). Not signalling any more buffers to client
06-14 16:23:03.125 21857 23265 I CCodecBufferChannel: pipelineRoom(2) is <= numClientBuffers(2). Not signalling any more buffers to client
06-14 16:23:03.126  1265 23533 I SDM     : HWCSession::NotifyCWBStatus: Notify the client about buffer status 0.
06-14 16:23:03.127  1265 23533 I SDM     : HWCSession::PerformFenceWaits: Remove current release fence from the pending fence wait queue.
06-14 16:23:03.127  1265 23533 I SDM     : HWCSession::PerformFenceWaits: CWB fence queue is empty. No pending release fence to wait on.
06-14 16:23:03.151  4233  4233 D MiPlayDetailViewModel: onPositionChange(): position = 28008
06-14 16:23:03.151  5809 23295 I SafeBinderCall: onPositionChange binder cost:1
06-14 16:23:03.216 13054 13371 E SQLiteLog: (1) no such table: msg_del_log in "DELETE FROM msg_del_log WHERE _id<=?"
06-14 16:23:03.239 21857 22875 I CCodecBufferChannel: pipelineRoom(2) is <= numClientBuffers(2). Not signalling any more buffers to client
06-14 16:23:03.288 21636 21665 I appium  : channel read: POST /wd/hub/session/6a145209-b9db-4ad5-bf8e-1228a9ca38da/element
06-14 16:23:03.292 21636 21665 I appium  : FindElement command
06-14 16:23:03.296  2018  3127 D libsensor-displayalgo: the value of  brightness:438.000000,R:16480003.784680,G:14637168.475986,B:30848356.857484,EVENT_C:4165.500000,EVENT_R:1654.500000,EVENT_G:2070.000000,EVENT_B:839.000000
06-14 16:23:03.296  2018  3127 I libsensor-displayalgo: the value of  Coef1:1107.681000,Coef4:2.383000, scale1:0.935522, scale4:0.923264
06-14 16:23:03.296  2018  3127 E libsensor-displayalgo: RGB_test_0407_400_oldzy!
06-14 16:23:03.296  2018  3127 I libsensor-displayalgo: the value of  RESULT1048.730608,402.900968,525.437408,194.029968
06-14 16:23:03.296  2018  3127 I libsensor-displayalgo: the value of  getChannelDataCalibrated1099.536791,373.163955,610.718095,211.770653
06-14 16:23:03.296  2018  3127 I libsensor-displayalgo: the value of  REAL LUX183.514801
06-14 16:23:03.296  2018  3127 I libsensor-displayalgo: the value of  CAL REAL LUX183.514801
06-14 16:23:03.297 21636 21665 I appium  : method: 'id', selector: 'cn.missevan:id/emoji'
06-14 16:23:03.298 21636 21665 I appium  : Waiting up to 100ms for the device to idle
06-14 16:23:03.310 21857 22875 I CCodecBufferChannel: pipelineRoom(2) is <= numClientBuffers(3). Not signalling any more buffers to client
06-14 16:23:03.310 21857 23265 I CCodecBufferChannel: pipelineRoom(2) is <= numClientBuffers(2). Not signalling any more buffers to client
06-14 16:23:03.348  2431  2431 W WindowManager: removeWindowToken: Attempted to remove non-existing token: android.os.Binder@3609b42
06-14 16:23:03.408  1265  2358 I vendor.qti.hardware.display.composer-service: FrameNotifyProcess Sensor: notify citsensorservice to trigger cwb
06-14 16:23:03.408  2018  2111 I libcitsensorservice@2.0-impl: msg_transfer
06-14 16:23:03.409  2018  3098 D vendor.xiaomi.sensor.citsensorservice@2.0-service: handle id:9 wxh:1280x2400 uwxuh:1080x2400 size: 9216000 fd:15 fd_meta:16 flags:0x4000228 usage:0x33  format:0x3 layer_count: 1
06-14 16:23:03.409  1265  1890 I SDM     : HWCSession::SetCWBOutputBuffer: CWB config passed by cwb_client : tappoint 1  CWB_ROI : (829.000000 4.000000 915.000000 90.000000)
06-14 16:23:03.411  1265 23534 I SDM     : HWCSession::ProcessRequests: Successfully configured CWB buffer.
06-14 16:23:03.419  1265 23534 I SDM     : HWCSession::ProcessRequests: Pushing release fence in fenece wait queue.
06-14 16:23:03.419  1265 23534 I SDM     : HWCSession::ProcessRequests: Creating AsyncFenceWaits async thread.
06-14 16:23:03.419  1265 23534 I SDM     : HWCSession::ProcessRequests: Remove current CWB request from the pending request queue.
06-14 16:23:03.420  1265 23534 I SDM     : HWCSession::ProcessRequests: No pending cwb requests found in the queue.
06-14 16:23:03.424  1265  1584 I SDM     : HWDeviceDRM::SetupConcurrentWriteback: Tear down the Concurrent Writeback topology
06-14 16:23:03.431  1265 23535 I SDM     : HWCSession::NotifyCWBStatus: Notify the client about buffer status 0.
06-14 16:23:03.431  1265 23535 I SDM     : HWCSession::PerformFenceWaits: Remove current release fence from the pending fence wait queue.
06-14 16:23:03.431  1265 23535 I SDM     : HWCSession::PerformFenceWaits: CWB fence queue is empty. No pending release fence to wait on.
06-14 16:23:03.438 21857 22875 I CCodecBufferChannel: pipelineRoom(2) is <= numClientBuffers(3). Not signalling any more buffers to client
06-14 16:23:03.438 21857 23265 I CCodecBufferChannel: pipelineRoom(2) is <= numClientBuffers(2). Not signalling any more buffers to client
06-14 16:23:03.465 21636 21665 W QueryController: Could not detect idle state.
06-14 16:23:03.494 21636 21665 W ByMatcher: Node returned null child: android.view.accessibility.AccessibilityNodeInfo@3073fc; boundsInParent: Rect(0, 0 - 1080, 956); boundsInScreen: Rect(0, 220 - 1080, 1176); packageName: cn.missevan; className: android.widget.FrameLayout; text: null; error: null; maxTextLength: -1; stateDescription: null; contentDescription: null; tooltipText: null; viewIdResName: cn.missevan:id/danmakuView; checkable: false; checked: false; focusable: false; focused: false; selected: false; clickable: false; longClickable: false; contextClickable: false; enabled: true; password: false; scrollable: false; importantForAccessibility: false; visible: true; actions: [AccessibilityAction: ACTION_SELECT - null, AccessibilityAction: ACTION_CLEAR_SELECTION - null, AccessibilityAction: ACTION_ACCESSIBILITY_FOCUS - null, AccessibilityAction: ACTION_SHOW_ON_SCREEN - null]
06-14 16:23:03.495 21636 21665 W ByMatcher: Skipping null child (1 of 2)
06-14 16:23:03.496 21636 21646 I tomator2.serve: This is sticky GC, maxfree is 8388608 minfree is 2097152
06-14 16:23:03.575 21857 22875 I CCodecBufferChannel: pipelineRoom(2) is <= numClientBuffers(2). Not signalling any more buffers to client
06-14 16:23:03.595  2018  3127 D libsensor-displayalgo: the value of  brightness:438.000000,R:16480003.784680,G:14637168.475986,B:30848356.857484,EVENT_C:4166.500000,EVENT_R:1651.500000,EVENT_G:2070.500000,EVENT_B:840.000000
06-14 16:23:03.595  2018  3127 I libsensor-displayalgo: the value of  Coef1:1107.681000,Coef4:2.383000, scale1:0.935522, scale4:0.923264
06-14 16:23:03.595  2018  3127 E libsensor-displayalgo: RGB_test_0407_400_oldzy!
06-14 16:23:03.595  2018  3127 I libsensor-displayalgo: the value of  RESULT1048.730608,402.900968,525.437408,194.029968
06-14 16:23:03.595  2018  3127 I libsensor-displayalgo: the value of  getChannelDataCalibrated1099.536791,373.163955,610.718095,211.770653
06-14 16:23:03.595  2018  3127 I libsensor-displayalgo: the value of  REAL LUX183.639984
06-14 16:23:03.595  2018  3127 I libsensor-displayalgo: the value of  CAL REAL LUX183.639984
06-14 16:23:03.616 21636 21665 W ByMatcher: Node returned null child: android.view.accessibility.AccessibilityNodeInfo@3073fc; boundsInParent: Rect(0, 0 - 1080, 956); boundsInScreen: Rect(0, 220 - 1080, 1176); packageName: cn.missevan; className: android.widget.FrameLayout; text: null; error: null; maxTextLength: -1; stateDescription: null; contentDescription: null; tooltipText: null; viewIdResName: cn.missevan:id/danmakuView; checkable: false; checked: false; focusable: false; focused: false; selected: false; clickable: false; longClickable: false; contextClickable: false; enabled: true; password: false; scrollable: false; importantForAccessibility: false; visible: true; actions: [AccessibilityAction: ACTION_SELECT - null, AccessibilityAction: ACTION_CLEAR_SELECTION - null, AccessibilityAction: ACTION_ACCESSIBILITY_FOCUS - null, AccessibilityAction: ACTION_SHOW_ON_SCREEN - null]
06-14 16:23:03.617 21636 21665 W ByMatcher: Skipping null child (1 of 2)
06-14 16:23:03.630 21636 21665 I appium  : AppiumResponse: {"sessionId":"6a145209-b9db-4ad5-bf8e-1228a9ca38da","value":{"error":"no such element","message":"An element could not be located on the page using the given search parameters","stacktrace":"io.appium.uiautomator2.common.exceptions.ElementNotFoundException: An element could not be located on the page using the given search parameters\n\tat io.appium.uiautomator2.handler.FindElement.safeHandle(FindElement.java:70)\n\tat io.appium.uiautomator2.handler.request.SafeRequestHandler.handle(SafeRequestHandler.java:59)\n\tat io.appium.uiautomator2.server.AppiumServlet.handleRequest(AppiumServlet.java:266)\n\tat io.appium.uiautomator2.server.AppiumServlet.handleHttpRequest(AppiumServlet.java:260)\n\tat io.appium.uiautomator2.http.ServerHandler.channelRead(ServerHandler.java:68)\n\tat io.netty.channel.AbstractChannelHandlerContext.invokeChannelRead(AbstractChannelHandlerContext.java:366)\n\tat io.netty.channel.AbstractChannelHandlerContext.invokeChannelRead(AbstractChannelHandlerContext.java:352)\n\tat io.netty.channel.AbstractChannelHandlerContext.fireChannelRead(AbstractChannelHandlerContext.java:345)\n\tat io.netty.handler.codec.MessageToMessageDecoder.channelRead(MessageToMessageDecoder.java:102)\n\tat io.netty.channel.AbstractChannelHandlerContext.invokeChannelRead(AbstractChannelHandlerContext.java:366)\n\tat io.netty.channel.AbstractChannelHandlerContext.invokeChannelRead(AbstractChannelHandlerContext.java:352)\n\tat io.netty.channel.AbstractChannelHandlerContext.fireChannelRead(AbstractChannelHandlerContext.java:345)\n\tat io.netty.channel.CombinedChannelDuplexHandler$DelegatingChannelHandlerContext.fireChannelRead(CombinedChannelDuplexHandler.java:435)\n\tat io.netty.handler.codec.ByteToMessageDecoder.fireChannelRead(ByteToMessageDecoder.java:293)\n\tat io.netty.handler.codec.ByteToMessageDecoder.channelRead(ByteToMessageDecoder.java:267)\n\tat io.netty.channel.CombinedChannelDuplexHandler.channelRead(CombinedChannelDuplexHandler.java:250)\n\tat io.netty.channel.AbstractChannelHandlerContext.invokeChannelRead(AbstractChannelHandlerContext.java:366)\n\tat io.netty.channel.AbstractChannelHandlerContext.invokeChannelRead(AbstractChannelHandlerContext.java:352)\n\tat io.netty.channel.AbstractChannelHandlerContext.fireChannelRead(AbstractChannelHandlerContext.java:345)\n\tat io.netty.handler.timeout.IdleStateHandler.channelRead(IdleStateHandler.java:266)\n\tat io.netty.channel.AbstractChannelHandlerContext.invokeChannelRead(AbstractChannelHandlerContext.java:366)\n\tat io.netty.channel.AbstractChannelHandlerContext.invokeChannelRead(AbstractChannelHandlerContext.java:352)\n\tat io.netty.channel.AbstractChannelHandlerContext.fireChannelRead(AbstractChannelHandlerContext.java:345)\n\tat io.netty.channel.DefaultChannelPipeline$HeadContext.channelRead(DefaultChannelPipeline.java:1294)\n\tat io.netty.channel.AbstractChannelHandlerContext.invokeChannelRead(AbstractChannelHandlerContext.java:366)\n\tat io.netty.channel.AbstractChannelHandlerContext.invokeChannelRead(AbstractChannelHandlerContext.java:352)\n\tat io.netty.channel.DefaultChannelPipeline.fireChannelRead(DefaultChannelPipeline.java:911)\n\tat io.netty.channel.nio.AbstractNioByteChannel$NioByteUnsafe.read(AbstractNioByteChannel.java:131)\n\tat io.netty.channel.nio.NioEventLoop.processSelectedKey(NioEventLoop.java:611)\n\tat io.netty.channel.nio.NioEventLoop.processSelectedKeysOptimized(NioEventLoop.java:552)\n\tat io.netty.channel.nio.NioEventLoop.processSelectedKeys(NioEventLoop.java:466)\n\tat io.netty.channel.nio.NioEventLoop.run(NioEventLoop.java:438)\n\tat io.netty.util.concurrent.SingleThreadEventExecutor$2.run(SingleThreadEventExecutor.java:140)\n\tat io.netty.util.concurrent.DefaultThreadFactory$DefaultRunnableDecorator.run(DefaultThreadFactory.java:144)\n\tat java.lang.Thread.run(Thread.java:920)\n"}}
06-14 16:23:03.678 21857 23265 I CCodecBufferChannel: pipelineRoom(1) is <= numClientBuffers(1). Not signalling any more buffers to client
06-14 16:23:03.680 21857 22875 I CCodecBufferChannel: pipelineRoom(1) is <= numClientBuffers(2). Not signalling any more buffers to client
06-14 16:23:03.682 21857 23265 I CCodecBufferChannel: pipelineRoom(1) is <= numClientBuffers(1). Not signalling any more buffers to client
06-14 16:23:03.682 21857 22875 I CCodecBufferChannel: pipelineRoom(1) is <= numClientBuffers(1). Not signalling any more buffers to client
06-14 16:23:03.711  1265  2358 I vendor.qti.hardware.display.composer-service: FrameNotifyProcess Sensor: notify citsensorservice to trigger cwb
06-14 16:23:03.711  2018  2111 I libcitsensorservice@2.0-impl: msg_transfer
06-14 16:23:03.711  2018  3098 D vendor.xiaomi.sensor.citsensorservice@2.0-service: handle id:9 wxh:1280x2400 uwxuh:1080x2400 size: 9216000 fd:15 fd_meta:16 flags:0x4000228 usage:0x33  format:0x3 layer_count: 1
06-14 16:23:03.712  1265  1890 I SDM     : HWCSession::SetCWBOutputBuffer: CWB config passed by cwb_client : tappoint 1  CWB_ROI : (829.000000 4.000000 915.000000 90.000000)
06-14 16:23:03.713  1265 23536 I SDM     : HWCSession::ProcessRequests: Successfully configured CWB buffer.
06-14 16:23:03.722  1265 23536 I SDM     : HWCSession::ProcessRequests: Pushing release fence in fenece wait queue.
06-14 16:23:03.722  1265 23536 I SDM     : HWCSession::ProcessRequests: Creating AsyncFenceWaits async thread.
06-14 16:23:03.722  1265 23536 I SDM     : HWCSession::ProcessRequests: Remove current CWB request from the pending request queue.
06-14 16:23:03.722  1265 23536 I SDM     : HWCSession::ProcessRequests: No pending cwb requests found in the queue.
06-14 16:23:03.728  1265  1584 I SDM     : HWDeviceDRM::SetupConcurrentWriteback: Tear down the Concurrent Writeback topology
06-14 16:23:03.735  1265 23537 I SDM     : HWCSession::NotifyCWBStatus: Notify the client about buffer status 0.
06-14 16:23:03.736  1265 23537 I SDM     : HWCSession::PerformFenceWaits: Remove current release fence from the pending fence wait queue.
06-14 16:23:03.736  1265 23537 I SDM     : HWCSession::PerformFenceWaits: CWB fence queue is empty. No pending release fence to wait on.
06-14 16:23:03.739 21684 21693 I cn.missevan: This is non sticky GC, maxfree is 8388608 minfree is 2097152
06-14 16:23:03.740 21684 21693 I cn.missevan: Background concurrent copying GC freed 532126(25MB) AllocSpace objects, 68(12MB) LOS objects, 43% free, 31MB/55MB, paused 352us,126us total 147.867ms
06-14 16:23:03.896  2018  3127 D libsensor-displayalgo: the value of  brightness:438.000000,R:16480003.784680,G:14637168.475986,B:30848356.857484,EVENT_C:4166.000000,EVENT_R:1654.500000,EVENT_G:2068.500000,EVENT_B:840.500000
06-14 16:23:03.896  2018  3127 I libsensor-displayalgo: the value of  Coef1:1107.681000,Coef4:2.383000, scale1:0.935522, scale4:0.923264
06-14 16:23:03.896  2018  3127 E libsensor-displayalgo: RGB_test_0407_400_oldzy!
06-14 16:23:03.896  2018  3127 I libsensor-displayalgo: the value of  RESULT1048.730608,402.900968,525.437408,194.029968
06-14 16:23:03.896  2018  3127 I libsensor-displayalgo: the value of  getChannelDataCalibrated1099.536791,373.163955,610.718095,211.770653
06-14 16:23:03.896  2018  3127 I libsensor-displayalgo: the value of  REAL LUX183.359955
06-14 16:23:03.896  2018  3127 I libsensor-displayalgo: the value of  CAL REAL LUX183.359955
06-14 16:23:03.991 21857 23265 D BufferPoolAccessor2.0: bufferpool2 0x710b6f4228 : 5(40960 size) total buffers - 1(8192 size) used buffers - 1263/1268 (recycle/alloc) - 14/1267 (fetch/transfer)
06-14 16:23:04.001 21857 22875 I CCodecBufferChannel: pipelineRoom(2) is <= numClientBuffers(3). Not signalling any more buffers to client
06-14 16:23:04.003 21857 23265 I CCodecBufferChannel: pipelineRoom(2) is <= numClientBuffers(2). Not signalling any more buffers to client
06-14 16:23:04.003 21857 22875 I CCodecBufferChannel: pipelineRoom(2) is <= numClientBuffers(2). Not signalling any more buffers to client
06-14 16:23:04.004 21857 23265 I CCodecBufferChannel: pipelineRoom(3) is <= numClientBuffers(3). Not signalling any more buffers to client
06-14 16:23:04.016  1265  2358 I vendor.qti.hardware.display.composer-service: FrameNotifyProcess Sensor: notify citsensorservice to trigger cwb
06-14 16:23:04.017  2018  2111 I libcitsensorservice@2.0-impl: msg_transfer
06-14 16:23:04.017  2018  3098 D vendor.xiaomi.sensor.citsensorservice@2.0-service: handle id:9 wxh:1280x2400 uwxuh:1080x2400 size: 9216000 fd:15 fd_meta:16 flags:0x4000228 usage:0x33  format:0x3 layer_count: 1
06-14 16:23:04.018  1265  1890 I SDM     : HWCSession::SetCWBOutputBuffer: CWB config passed by cwb_client : tappoint 1  CWB_ROI : (829.000000 4.000000 915.000000 90.000000)
06-14 16:23:04.018  1265 23538 I SDM     : HWCSession::ProcessRequests: Successfully configured CWB buffer.
06-14 16:23:04.027  1265 23538 I SDM     : HWCSession::ProcessRequests: Pushing release fence in fenece wait queue.
06-14 16:23:04.027  1265 23538 I SDM     : HWCSession::ProcessRequests: Creating AsyncFenceWaits async thread.
06-14 16:23:04.027  1265 23538 I SDM     : HWCSession::ProcessRequests: Remove current CWB request from the pending request queue.
06-14 16:23:04.028  1265 23538 I SDM     : HWCSession::ProcessRequests: No pending cwb requests found in the queue.
06-14 16:23:04.032  1265  1584 I SDM     : HWDeviceDRM::SetupConcurrentWriteback: Tear down the Concurrent Writeback topology
06-14 16:23:04.040  1265 23539 I SDM     : HWCSession::NotifyCWBStatus: Notify the client about buffer status 0.
06-14 16:23:04.040  1265 23539 I SDM     : HWCSession::PerformFenceWaits: Remove current release fence from the pending fence wait queue.
06-14 16:23:04.040  1265 23539 I SDM     : HWCSession::PerformFenceWaits: CWB fence queue is empty. No pending release fence to wait on.
06-14 16:23:04.117 21857 22875 I CCodecBufferChannel: pipelineRoom(2) is <= numClientBuffers(2). Not signalling any more buffers to client
06-14 16:23:04.151  4233  4233 D MiPlayDetailViewModel: onPositionChange(): position = 29008
06-14 16:23:04.151  5809 23295 I SafeBinderCall: onPositionChange binder cost:0
06-14 16:23:04.163 21636 21665 I appium  : channel read: POST /wd/hub/session/6a145209-b9db-4ad5-bf8e-1228a9ca38da/element
06-14 16:23:04.166 21636 21665 I appium  : FindElement command
06-14 16:23:04.170 21636 21665 I appium  : method: 'id', selector: 'cn.missevan:id/emoji'
06-14 16:23:04.171 21636 21665 I appium  : Waiting up to 100ms for the device to idle
06-14 16:23:04.196  2018  3127 D libsensor-displayalgo: the value of  brightness:438.000000,R:16480003.784680,G:14637168.475986,B:30848356.857484,EVENT_C:4174.000000,EVENT_R:1656.500000,EVENT_G:2071.500000,EVENT_B:841.500000
06-14 16:23:04.197  2018  3127 I libsensor-displayalgo: the value of  Coef1:1107.681000,Coef4:2.383000, scale1:0.935522, scale4:0.923264
06-14 16:23:04.197  2018  3127 E libsensor-displayalgo: RGB_test_0407_400_oldzy!
06-14 16:23:04.197  2018  3127 I libsensor-displayalgo: the value of  RESULT1048.730608,402.900968,525.437408,194.029968
06-14 16:23:04.198  2018  3127 I libsensor-displayalgo: the value of  getChannelDataCalibrated1099.536791,373.163955,610.718095,211.770653
06-14 16:23:04.198  2018  3127 I libsensor-displayalgo: the value of  REAL LUX183.904434
06-14 16:23:04.198  2018  3127 I libsensor-displayalgo: the value of  CAL REAL LUX183.904434
06-14 16:23:04.234  4675  4853 D MiuiFastConnectService: stopBleScan: scanning: true
06-14 16:23:04.234  4675  4853 D BluetoothAdapter: isLeEnabled(): ON
06-14 16:23:04.237  3844  5334 D BtGatt.GattService: stopScan() - queue size =1
06-14 16:23:04.241  3844  4333 I BtGatt.ScanManager: msg.what = 1, msg.arg1 = 0(mMiuiControllingType)
06-14 16:23:04.241  3844  4333 D BtGatt.ScanManager: track LE scan event: callerPackage = [com.xiaomi.bluetooth], scanMode = [0], reportDelayMillis = [0], behavior = [2], scannerId = [6], duration = [59958]
06-14 16:23:04.242  3844  4333 D BtGatt.ScanManager: stop scan
06-14 16:23:04.243  3844  5334 D BtGatt.GattService: unregisterScanner() - scannerId=6
06-14 16:23:04.243  1175  1175 D vendor.qti.bluetooth@1.0-ibs_handler: SerialClockVote: vote for UART CLK ON
06-14 16:23:04.244  1175  1175 D vendor.qti.bluetooth@1.0-wake_lock: Acquire wakelock is acquired
06-14 16:23:04.244  1175  1175 I vendor.qti.bluetooth@1.0-ibs_handler: DeviceWakeUp: Writing IBS_WAKE_IND
06-14 16:23:04.247 12128 12208 D IdProviderImpl: getOAID from com.miui.analytics
06-14 16:23:04.253  1175  4546 I vendor.qti.bluetooth@1.0-ibs_handler: ProcessIbsCmd: Received IBS_WAKE_ACK: 0xFC
06-14 16:23:04.254  1175  4546 I vendor.qti.bluetooth@1.0-ibs_handler: ProcessIbsCmd: Signal wack_cond_
06-14 16:23:04.254  1175  1175 D vendor.qti.bluetooth@1.0-ibs_handler: DeviceWakeUp: Unblocked from waiting for FC, pthread_cond_timedwait ret = 0
06-14 16:23:04.255 12128 12208 D IdProviderImpl: getOAID from com.miui.analytics
06-14 16:23:04.257  1175  4546 I vendor.qti.bluetooth@1.0-ibs_handler: ProcessIbsCmd: Received IBS_WAKE_IND: 0xFD
06-14 16:23:04.257  1175  4546 I vendor.qti.bluetooth@1.0-ibs_handler: ProcessIbsCmd: Writing IBS_WAKE_ACK
06-14 16:23:04.263  3844  3915 D BtGatt.GattService: onScanFilterParamsConfigured() - clientIf=6, status=0, action=1, availableSpace=59
06-14 16:23:04.265  3844  3915 D BtGatt.ScanManager: callback done for scannerId - 6 status - 0
06-14 16:23:04.267  3844  3915 D BtGatt.GattService: onScanFilterParamsConfigured() - clientIf=6, status=0, action=1, availableSpace=60
06-14 16:23:04.268  3844  3915 D BtGatt.ScanManager: callback done for scannerId - 6 status - 0
06-14 16:23:04.267  5405  9716 D SLM-SRV-SLAService: checktemp temperature = 34530 temperature_average = 34234 isPerformanceMode = false thermal_enable_slm = true
06-14 16:23:04.273  3844  3915 D BtGatt.GattService: onScanFilterParamsConfigured() - clientIf=6, status=0, action=1, availableSpace=61
06-14 16:23:04.273  3844  3915 D BtGatt.ScanManager: callback done for scannerId - 6 status - 0
06-14 16:23:04.276  3844  3915 D BtGatt.GattService: onScanFilterParamsConfigured() - clientIf=6, status=0, action=1, availableSpace=62
06-14 16:23:04.277  3844  3915 D BtGatt.ScanManager: callback done for scannerId - 6 status - 0
