06-14 17:18:21.582  1265 10151 I SDM     : HWCSession::PerformFenceWaits: Remove current release fence from the pending fence wait queue.
06-14 17:18:21.582  1265 10151 I SDM     : HWCSession::PerformFenceWaits: CWB fence queue is empty. No pending release fence to wait on.
06-14 17:18:21.595  2018  3127 D libsensor-displayalgo: the value of  brightness:438.000000,R:16127634.455354,G:14119589.016190,B:30503844.701633,EVENT_C:4967.000000,EVENT_R:2008.500000,EVENT_G:2451.500000,EVENT_B:1004.000000
06-14 17:18:21.595  2018  3127 I libsensor-displayalgo: the value of  Coef1:1107.681000,Coef4:2.383000, scale1:0.935522, scale4:0.923264
06-14 17:18:21.595  2018  3127 E libsensor-displayalgo: RGB_test_0407_400_oldzy!
06-14 17:18:21.596  2018  3127 I libsensor-displayalgo: the value of  RESULT1026.962589,395.073957,513.998505,190.337138
06-14 17:18:21.596  2018  3127 I libsensor-displayalgo: the value of  getChannelDataCalibrated1076.714211,365.914634,597.422611,207.740178
06-14 17:18:21.596  2018  3127 I libsensor-displayalgo: the value of  REAL LUX232.303238
06-14 17:18:21.596  2018  3127 I libsensor-displayalgo: the value of  CAL REAL LUX232.303238
06-14 17:18:21.709  2431  3408 I BatteryService: current mPlugType2current mHealthInfo.batteryLevel100current mHealthInfo.batteryTemperature308
06-14 17:18:21.720  5858  7526 D ThermalIECHandler: storeDataStyle: thermal_iec_monitor_persistence_data_style_iec_state; startIECTime: -1; IECScreenOffOverPeriodTime: 15568078
06-14 17:18:21.722  4190  4190 D DynamicService:  ACTION_BATTERY_CHANGED change,USB plug = 2
06-14 17:18:21.728  2431  2647 I android_os_HwBinder: HwBinder: Starting thread pool for getting: vendor.xiaomi.hardware.micharge@1.0::IMiCharge/default
06-14 17:18:21.729  1322  1322 E vendor.xiaomi.hardware.micharge@1.0-service: Failed to open node /sys/class/qcom-battery/reverse_chg_mode
06-14 17:18:21.729  1322  1322 I vendor.xiaomi.hardware.micharge@1.0-service: ReadFilePathValue path = /sys/class/qcom-battery/reverse_chg_mode value =
06-14 17:18:21.733  2431  2647 I android_os_HwBinder: HwBinder: Starting thread pool for getting: vendor.xiaomi.hardware.micharge@1.0::IMiCharge/default
06-14 17:18:21.734  1322  1322 I vendor.xiaomi.hardware.micharge@1.0-service: ReadFilePathValue path = /sys/class/qcom-battery/fastchg_mode value = 0
06-14 17:18:21.734  4145  4145 D QtiCarrierConfigHelper: WARNING, no carrier configs on phone Id: 1
06-14 17:18:21.735  5735  5735 I BatteryInfoReceiver: ACTION_BATTERY_CHANGED
06-14 17:18:21.736  5735  5735 I PowerNoticeUI: handleBatteryChanged oldPlugType 2 mPlugType 2 oldBatteryLevel 100 mBatteryLevel 100 temperature 308
06-14 17:18:21.737  4176  4176 V DeviceStatisticsService: chargerType=2 batteryLevel=100 totalBatteryCapacity=4275000
06-14 17:18:21.742  5858  6736 D PowerKeeper.FrozenApp: onBatteryChanged plug=true mBatteryPlugged=2
06-14 17:18:21.742  5858  7218 D PowerCheckerService: onBatteryChanged, mBatteryLevel = 100, status = 5, level = 100, plug = 2, scale = 100
06-14 17:18:21.743  5858  7667 D PowerKeeper.Thermal: mBatteryTemperature: 30
06-14 17:18:21.777  5858  5858 D MilletUtils: checkDownload uid =10486 per=14 delTime=4001 delByte=58186nowByte=467854789 before=467796603
06-14 17:18:21.779  5858  5858 D MilletUtils: broadcastMsg uid =10486 val=false delete
06-14 17:18:21.846  2431  4792 D MIUIInput: Input event injection from pid 8785, MotionEvent: DOWN
06-14 17:18:21.847  2431  2938 D MIUIInput: [MotionEvent] publisher action=0x4, 13788671, channel '7c87e50 NavigationBar0 (server)'
06-14 17:18:21.847  2431  2938 D MIUIInput: [MotionEvent] publisher action=0x0, 13788671, channel '5f2d6b7 cn.missevan/cn.missevan.activity.MainActivity (server)'
06-14 17:18:21.849  8868  8868 D MIUIInput: [MotionEvent] ViewRootImpl windowName 'cn.missevan/cn.missevan.activity.MainActivity', { action=ACTION_DOWN, id[0]=0, pointerCount=1, eventTime=13788671, downTime=13788668, phoneEventTime=17:18:21.832 } moveCount:0
06-14 17:18:21.858  8810  8844 I appium  : [13788671 (success)] Synthesized: MotionEvent { action=ACTION_DOWN, actionButton=0, id[0]=0, x[0]=540.0, y[0]=1692.0, toolType[0]=TOOL_TYPE_FINGER, buttonState=0, classification=NONE, metaState=0, flags=0x0, edgeFlags=0x0, pointerCount=1, historySize=0, eventTime=13788671, downTime=13788668, deviceId=0, source=0x1002, displayId=0, eventId=-828047424 }
06-14 17:18:21.862  8810  8844 I appium  : The event has been delayed for 26ms
06-14 17:18:21.862  1265  2358 I vendor.qti.hardware.display.composer-service: FrameNotifyProcess Sensor: notify citsensorservice to trigger cwb
06-14 17:18:21.864  2018  2108 I libcitsensorservice@2.0-impl: msg_transfer
06-14 17:18:21.864  2018  3098 D vendor.xiaomi.sensor.citsensorservice@2.0-service: handle id:9 wxh:1280x2400 uwxuh:1080x2400 size: 9216000 fd:15 fd_meta:16 flags:0x4000228 usage:0x33  format:0x3 layer_count: 1
06-14 17:18:21.865  1265  1890 I SDM     : HWCSession::SetCWBOutputBuffer: CWB config passed by cwb_client : tappoint 1  CWB_ROI : (829.000000 4.000000 915.000000 90.000000)
06-14 17:18:21.867  1265 10152 I SDM     : HWCSession::ProcessRequests: Successfully configured CWB buffer.
06-14 17:18:21.873  1265 10152 I SDM     : HWCSession::ProcessRequests: Pushing release fence in fenece wait queue.
06-14 17:18:21.873  1265 10152 I SDM     : HWCSession::ProcessRequests: Creating AsyncFenceWaits async thread.
06-14 17:18:21.873  1265 10152 I SDM     : HWCSession::ProcessRequests: Remove current CWB request from the pending request queue.
06-14 17:18:21.874  1265 10152 I SDM     : HWCSession::ProcessRequests: No pending cwb requests found in the queue.
06-14 17:18:21.879  1265  1584 I SDM     : HWDeviceDRM::SetupConcurrentWriteback: Tear down the Concurrent Writeback topology
06-14 17:18:21.886  1265 10153 I SDM     : HWCSession::NotifyCWBStatus: Notify the client about buffer status 0.
06-14 17:18:21.887  1265 10153 I SDM     : HWCSession::PerformFenceWaits: Remove current release fence from the pending fence wait queue.
06-14 17:18:21.887  1265 10153 I SDM     : HWCSession::PerformFenceWaits: CWB fence queue is empty. No pending release fence to wait on.
06-14 17:18:21.893  5858  6965 D UidObserver: onUidIdle uid=10486 uidstate=100
06-14 17:18:21.896  2018  3127 D libsensor-displayalgo: the value of  brightness:438.000000,R:16127634.455354,G:14119589.016190,B:30503844.701633,EVENT_C:4967.500000,EVENT_R:2008.500000,EVENT_G:2454.000000,EVENT_B:1005.000000
06-14 17:18:21.896  2018  3127 I libsensor-displayalgo: the value of  Coef1:1107.681000,Coef4:2.383000, scale1:0.935522, scale4:0.923264
06-14 17:18:21.896  2018  3127 E libsensor-displayalgo: RGB_test_0407_400_oldzy!
06-14 17:18:21.897  2018  3127 I libsensor-displayalgo: the value of  RESULT1026.962589,395.073957,513.998505,190.337138
06-14 17:18:21.897  2018  3127 I libsensor-displayalgo: the value of  getChannelDataCalibrated1076.714211,365.914634,597.422611,207.740178
06-14 17:18:21.897  2018  3127 I libsensor-displayalgo: the value of  REAL LUX232.371033
06-14 17:18:21.897  2018  3127 I libsensor-displayalgo: the value of  CAL REAL LUX232.371033
06-14 17:18:22.167  1265  2358 I vendor.qti.hardware.display.composer-service: FrameNotifyProcess Sensor: notify citsensorservice to trigger cwb
06-14 17:18:22.168  2018  2018 I libcitsensorservice@2.0-impl: msg_transfer
06-14 17:18:22.169  2018  3098 D vendor.xiaomi.sensor.citsensorservice@2.0-service: handle id:9 wxh:1280x2400 uwxuh:1080x2400 size: 9216000 fd:15 fd_meta:16 flags:0x4000228 usage:0x33  format:0x3 layer_count: 1
06-14 17:18:22.169  1265  1890 I SDM     : HWCSession::SetCWBOutputBuffer: CWB config passed by cwb_client : tappoint 1  CWB_ROI : (829.000000 4.000000 915.000000 90.000000)
06-14 17:18:22.170  1265 10156 I SDM     : HWCSession::ProcessRequests: Successfully configured CWB buffer.
06-14 17:18:22.178  1265 10156 I SDM     : HWCSession::ProcessRequests: Pushing release fence in fenece wait queue.
06-14 17:18:22.178  1265 10156 I SDM     : HWCSession::ProcessRequests: Creating AsyncFenceWaits async thread.
06-14 17:18:22.179  1265 10156 I SDM     : HWCSession::ProcessRequests: Remove current CWB request from the pending request queue.
06-14 17:18:22.179  1265 10156 I SDM     : HWCSession::ProcessRequests: No pending cwb requests found in the queue.
06-14 17:18:22.184  1265  1584 I SDM     : HWDeviceDRM::SetupConcurrentWriteback: Tear down the Concurrent Writeback topology
06-14 17:18:22.191  1265 10157 I SDM     : HWCSession::NotifyCWBStatus: Notify the client about buffer status 0.
06-14 17:18:22.191  1265 10157 I SDM     : HWCSession::PerformFenceWaits: Remove current release fence from the pending fence wait queue.
06-14 17:18:22.191  1265 10157 I SDM     : HWCSession::PerformFenceWaits: CWB fence queue is empty. No pending release fence to wait on.
06-14 17:18:22.196  2018  3127 D libsensor-displayalgo: the value of  brightness:438.000000,R:16127634.455354,G:14119589.016190,B:30503844.701633,EVENT_C:4963.000000,EVENT_R:2009.500000,EVENT_G:2451.000000,EVENT_B:1005.000000
06-14 17:18:22.196  2018  3127 I libsensor-displayalgo: the value of  Coef1:1107.681000,Coef4:2.383000, scale1:0.935522, scale4:0.923264
06-14 17:18:22.196  2018  3127 E libsensor-displayalgo: RGB_test_0407_400_oldzy!
06-14 17:18:22.196  2018  3127 I libsensor-displayalgo: the value of  RESULT1026.962589,395.073957,513.998505,190.337138
06-14 17:18:22.196  2018  3127 I libsensor-displayalgo: the value of  getChannelDataCalibrated1076.714211,365.914634,597.422611,207.740178
06-14 17:18:22.196  2018  3127 I libsensor-displayalgo: the value of  REAL LUX231.879272
06-14 17:18:22.196  2018  3127 I libsensor-displayalgo: the value of  CAL REAL LUX231.879272
06-14 17:18:22.472  1265  2358 I vendor.qti.hardware.display.composer-service: FrameNotifyProcess Sensor: notify citsensorservice to trigger cwb
06-14 17:18:22.473  2018  3874 I libcitsensorservice@2.0-impl: msg_transfer
06-14 17:18:22.474  2018  3098 D vendor.xiaomi.sensor.citsensorservice@2.0-service: handle id:9 wxh:1280x2400 uwxuh:1080x2400 size: 9216000 fd:15 fd_meta:16 flags:0x4000228 usage:0x33  format:0x3 layer_count: 1
06-14 17:18:22.474  1265  1890 I SDM     : HWCSession::SetCWBOutputBuffer: CWB config passed by cwb_client : tappoint 1  CWB_ROI : (829.000000 4.000000 915.000000 90.000000)
06-14 17:18:22.475  1265 10158 I SDM     : HWCSession::ProcessRequests: Successfully configured CWB buffer.
06-14 17:18:22.483  1265 10158 I SDM     : HWCSession::ProcessRequests: Pushing release fence in fenece wait queue.
06-14 17:18:22.483  1265 10158 I SDM     : HWCSession::ProcessRequests: Creating AsyncFenceWaits async thread.
06-14 17:18:22.483  1265 10158 I SDM     : HWCSession::ProcessRequests: Remove current CWB request from the pending request queue.
06-14 17:18:22.483  1265 10158 I SDM     : HWCSession::ProcessRequests: No pending cwb requests found in the queue.
06-14 17:18:22.489  1265  1584 I SDM     : HWDeviceDRM::SetupConcurrentWriteback: Tear down the Concurrent Writeback topology
06-14 17:18:22.496  2018  3127 D libsensor-displayalgo: the value of  brightness:438.000000,R:16127634.455354,G:14119589.016190,B:30503844.701633,EVENT_C:4963.000000,EVENT_R:2009.500000,EVENT_G:2451.000000,EVENT_B:1005.000000
06-14 17:18:22.496  1265 10159 I SDM     : HWCSession::NotifyCWBStatus: Notify the client about buffer status 0.
06-14 17:18:22.496  2018  3127 I libsensor-displayalgo: the value of  Coef1:1107.681000,Coef4:2.383000, scale1:0.935522, scale4:0.923264
06-14 17:18:22.496  2018  3127 E libsensor-displayalgo: RGB_test_0407_400_oldzy!
06-14 17:18:22.496  1265 10159 I SDM     : HWCSession::PerformFenceWaits: Remove current release fence from the pending fence wait queue.
06-14 17:18:22.496  1265 10159 I SDM     : HWCSession::PerformFenceWaits: CWB fence queue is empty. No pending release fence to wait on.
06-14 17:18:22.496  2018  3127 I libsensor-displayalgo: the value of  RESULT1026.962589,395.073957,513.998505,190.337138
06-14 17:18:22.496  2018  3127 I libsensor-displayalgo: the value of  getChannelDataCalibrated1076.714211,365.914634,597.422611,207.740178
06-14 17:18:22.496  2018  3127 I libsensor-displayalgo: the value of  REAL LUX231.879272
06-14 17:18:22.496  2018  3127 I libsensor-displayalgo: the value of  CAL REAL LUX231.879272
06-14 17:18:22.508  4233  4233 D MiPlayDetailViewModel: onPositionChange(): position = 9056
06-14 17:18:22.508  5809 10077 I SafeBinderCall: onPositionChange binder cost:0
06-14 17:18:22.776  1265  2358 I vendor.qti.hardware.display.composer-service: FrameNotifyProcess Sensor: notify citsensorservice to trigger cwb
06-14 17:18:22.777  2018  2108 I libcitsensorservice@2.0-impl: msg_transfer
06-14 17:18:22.777  2018  3098 D vendor.xiaomi.sensor.citsensorservice@2.0-service: handle id:9 wxh:1280x2400 uwxuh:1080x2400 size: 9216000 fd:15 fd_meta:16 flags:0x4000228 usage:0x33  format:0x3 layer_count: 1
06-14 17:18:22.778  1265  1890 I SDM     : HWCSession::SetCWBOutputBuffer: CWB config passed by cwb_client : tappoint 1  CWB_ROI : (829.000000 4.000000 915.000000 90.000000)
06-14 17:18:22.779  1265 10160 I SDM     : HWCSession::ProcessRequests: Successfully configured CWB buffer.
06-14 17:18:22.788  1265 10160 I SDM     : HWCSession::ProcessRequests: Pushing release fence in fenece wait queue.
06-14 17:18:22.788  1265 10160 I SDM     : HWCSession::ProcessRequests: Creating AsyncFenceWaits async thread.
06-14 17:18:22.788  1265 10160 I SDM     : HWCSession::ProcessRequests: Remove current CWB request from the pending request queue.
06-14 17:18:22.788  1265 10160 I SDM     : HWCSession::ProcessRequests: No pending cwb requests found in the queue.
06-14 17:18:22.793  1265  1584 I SDM     : HWDeviceDRM::SetupConcurrentWriteback: Tear down the Concurrent Writeback topology
06-14 17:18:22.796  2018  3127 D libsensor-displayalgo: the value of  brightness:438.000000,R:16127634.455354,G:14119589.016190,B:30503844.701633,EVENT_C:4967.500000,EVENT_R:2008.500000,EVENT_G:2451.000000,EVENT_B:1005.000000
06-14 17:18:22.796  2018  3127 I libsensor-displayalgo: the value of  Coef1:1107.681000,Coef4:2.383000, scale1:0.935522, scale4:0.923264
06-14 17:18:22.796  2018  3127 E libsensor-displayalgo: RGB_test_0407_400_oldzy!
06-14 17:18:22.797  2018  3127 I libsensor-displayalgo: the value of  RESULT1026.962589,395.073957,513.998505,190.337138
06-14 17:18:22.797  2018  3127 I libsensor-displayalgo: the value of  getChannelDataCalibrated1076.714211,365.914634,597.422611,207.740178
06-14 17:18:22.797  2018  3127 I libsensor-displayalgo: the value of  REAL LUX232.234558
06-14 17:18:22.797  2018  3127 I libsensor-displayalgo: the value of  CAL REAL LUX232.234558
06-14 17:18:22.800  1265 10161 I SDM     : HWCSession::NotifyCWBStatus: Notify the client about buffer status 0.
06-14 17:18:22.801  1265 10161 I SDM     : HWCSession::PerformFenceWaits: Remove current release fence from the pending fence wait queue.
06-14 17:18:22.801  1265 10161 I SDM     : HWCSession::PerformFenceWaits: CWB fence queue is empty. No pending release fence to wait on.
06-14 17:18:22.839  8810  8844 I appium  : [13789669 (success)] Synthesized: MotionEvent { action=ACTION_MOVE, actionButton=0, id[0]=0, x[0]=540.0, y[0]=1692.0, toolType[0]=TOOL_TYPE_FINGER, buttonState=0, classification=NONE, metaState=0, flags=0x0, edgeFlags=0x0, pointerCount=1, historySize=0, eventTime=13789669, downTime=13788668, deviceId=0, source=0x1002, displayId=0, eventId=-217442396 }
06-14 17:18:22.864  8810  8844 I appium  : [13789690 (success)] Synthesized: MotionEvent { action=ACTION_MOVE, actionButton=0, id[0]=0, x[0]=540.0, y[0]=1518.4615, toolType[0]=TOOL_TYPE_FINGER, buttonState=0, classification=NONE, metaState=0, flags=0x0, edgeFlags=0x0, pointerCount=1, historySize=0, eventTime=13789690, downTime=13788668, deviceId=0, source=0x1002, displayId=0, eventId=-133211843 }
06-14 17:18:22.890  8810  8844 I appium  : [13789710 (success)] Synthesized: MotionEvent { action=ACTION_MOVE, actionButton=0, id[0]=0, x[0]=540.0, y[0]=1431.6923, toolType[0]=TOOL_TYPE_FINGER, buttonState=0, classification=NONE, metaState=0, flags=0x0, edgeFlags=0x0, pointerCount=1, historySize=0, eventTime=13789710, downTime=13788668, deviceId=0, source=0x1002, displayId=0, eventId=-580349157 }
06-14 17:18:22.905  8810  8844 I appium  : [13789729 (success)] Synthesized: MotionEvent { action=ACTION_MOVE, actionButton=0, id[0]=0, x[0]=540.0, y[0]=1344.9231, toolType[0]=TOOL_TYPE_FINGER, buttonState=0, classification=NONE, metaState=0, flags=0x0, edgeFlags=0x0, pointerCount=1, historySize=0, eventTime=13789729, downTime=13788668, deviceId=0, source=0x1002, displayId=0, eventId=-479913863 }
06-14 17:18:22.921  8810  8844 I appium  : [13789749 (success)] Synthesized: MotionEvent { action=ACTION_MOVE, actionButton=0, id[0]=0, x[0]=540.0, y[0]=1258.1538, toolType[0]=TOOL_TYPE_FINGER, buttonState=0, classification=NONE, metaState=0, flags=0x0, edgeFlags=0x0, pointerCount=1, historySize=0, eventTime=13789749, downTime=13788668, deviceId=0, source=0x1002, displayId=0, eventId=-124660562 }
06-14 17:18:22.947  8810  8844 I appium  : [13789769 (success)] Synthesized: MotionEvent { action=ACTION_MOVE, actionButton=0, id[0]=0, x[0]=540.0, y[0]=1171.3845, toolType[0]=TOOL_TYPE_FINGER, buttonState=0, classification=NONE, metaState=0, flags=0x0, edgeFlags=0x0, pointerCount=1, historySize=0, eventTime=13789769, downTime=13788668, deviceId=0, source=0x1002, displayId=0, eventId=-903221219 }
06-14 17:18:22.963  8810  8844 I appium  : [13789791 (success)] Synthesized: MotionEvent { action=ACTION_MOVE, actionButton=0, id[0]=0, x[0]=540.0, y[0]=1084.6154, toolType[0]=TOOL_TYPE_FINGER, buttonState=0, classification=NONE, metaState=0, flags=0x0, edgeFlags=0x0, pointerCount=1, historySize=0, eventTime=13789791, downTime=13788668, deviceId=0, source=0x1002, displayId=0, eventId=-332685850 }
06-14 17:18:22.978  8810  8844 I appium  : [13789808 (success)] Synthesized: MotionEvent { action=ACTION_MOVE, actionButton=0, id[0]=0, x[0]=540.0, y[0]=997.8461, toolType[0]=TOOL_TYPE_FINGER, buttonState=0, classification=NONE, metaState=0, flags=0x0, edgeFlags=0x0, pointerCount=1, historySize=0, eventTime=13789808, downTime=13788668, deviceId=0, source=0x1002, displayId=0, eventId=-885246665 }
06-14 17:18:23.009  8810  8844 I appium  : [13789830 (success)] Synthesized: MotionEvent { action=ACTION_MOVE, actionButton=0, id[0]=0, x[0]=540.0, y[0]=911.0769, toolType[0]=TOOL_TYPE_FINGER, buttonState=0, classification=NONE, metaState=0, flags=0x0, edgeFlags=0x0, pointerCount=1, historySize=0, eventTime=13789830, downTime=13788668, deviceId=0, source=0x1002, displayId=0, eventId=-503343396 }
06-14 17:18:23.030  8810  8844 I appium  : [13789852 (success)] Synthesized: MotionEvent { action=ACTION_MOVE, actionButton=0, id[0]=0, x[0]=540.0, y[0]=824.3077, toolType[0]=TOOL_TYPE_FINGER, buttonState=0, classification=NONE, metaState=0, flags=0x0, edgeFlags=0x0, pointerCount=1, historySize=0, eventTime=13789852, downTime=13788668, deviceId=0, source=0x1002, displayId=0, eventId=-825171752 }
06-14 17:18:23.044  8810  8844 I appium  : [13789870 (success)] Synthesized: MotionEvent { action=ACTION_MOVE, actionButton=0, id[0]=0, x[0]=540.0, y[0]=737.53845, toolType[0]=TOOL_TYPE_FINGER, buttonState=0, classification=NONE, metaState=0, flags=0x0, edgeFlags=0x0, pointerCount=1, historySize=0, eventTime=13789870, downTime=13788668, deviceId=0, source=0x1002, displayId=0, eventId=-1002836207 }
06-14 17:18:23.061  8810  8844 I appium  : [13789889 (success)] Synthesized: MotionEvent { action=ACTION_MOVE, actionButton=0, id[0]=0, x[0]=540.0, y[0]=650.76917, toolType[0]=TOOL_TYPE_FINGER, buttonState=0, classification=NONE, metaState=0, flags=0x0, edgeFlags=0x0, pointerCount=1, historySize=0, eventTime=13789889, downTime=13788668, deviceId=0, source=0x1002, displayId=0, eventId=-485238733 }
06-14 17:18:23.070  2431  4792 I SmartPower.com.sohu.inputmethod.sogou.xiaomi/10132(13581): visible->invisible(6090ms) R(become invisible) adj=100.
06-14 17:18:23.070  2431  4792 I SmartPower.com.sohu.inputmethod.sogou.xiaomi:scrashly/10132(13802): invisible->background(6068ms) R(become background) adj=925.
06-14 17:18:23.071  2431  4792 I SmartPower.com.sohu.inputmethod.sogou.xiaomi/10132(13581): invisible->background(1ms) R(become background) adj=100.
06-14 17:18:23.071  2431  3472 I SmartPower: com.sohu.inputmethod.sogou.xiaomi/10132 state=foreground adj=100 proc size=2 move to inactive become invisible
06-14 17:18:23.078  2431  4792 I WindowManagerService: Physical orientation applied, rotation=0 sfOrientation=ORIENTATION_0
06-14 17:18:23.080 13581 13581 E BaseInputMethodService: onComputeInsets
06-14 17:18:23.080  1265  2358 I vendor.qti.hardware.display.composer-service: FrameNotifyProcess Sensor: notify citsensorservice to trigger cwb
06-14 17:18:23.081  2018  3874 I libcitsensorservice@2.0-impl: msg_transfer
06-14 17:18:23.081  2018  3098 D vendor.xiaomi.sensor.citsensorservice@2.0-service: handle id:9 wxh:1280x2400 uwxuh:1080x2400 size: 9216000 fd:15 fd_meta:16 flags:0x4000228 usage:0x33  format:0x3 layer_count: 1
06-14 17:18:23.083  1265  1890 I SDM     : HWCSession::SetCWBOutputBuffer: CWB config passed by cwb_client : tappoint 1  CWB_ROI : (829.000000 4.000000 915.000000 90.000000)
06-14 17:18:23.085  1265 10162 I SDM     : HWCSession::ProcessRequests: Successfully configured CWB buffer.
06-14 17:18:23.086  8810  8844 I appium  : [13789909 (success)] Synthesized: MotionEvent { action=ACTION_MOVE, actionButton=0, id[0]=0, x[0]=540.0, y[0]=564.0, toolType[0]=TOOL_TYPE_FINGER, buttonState=0, classification=NONE, metaState=0, flags=0x0, edgeFlags=0x0, pointerCount=1, historySize=0, eventTime=13789909, downTime=13788668, deviceId=0, source=0x1002, displayId=0, eventId=-794489873 }
06-14 17:18:23.093  1265 10162 I SDM     : HWCSession::ProcessRequests: Pushing release fence in fenece wait queue.
06-14 17:18:23.093  1265 10162 I SDM     : HWCSession::ProcessRequests: Creating AsyncFenceWaits async thread.
06-14 17:18:23.093  1265 10162 I SDM     : HWCSession::ProcessRequests: Remove current CWB request from the pending request queue.
06-14 17:18:23.094  1265 10162 I SDM     : HWCSession::ProcessRequests: No pending cwb requests found in the queue.
06-14 17:18:23.094  2431  4792 D MIUIInput: Input event injection from pid 8785, MotionEvent: UP
06-14 17:18:23.094  2431  2938 D MIUIInput: [MotionEvent] publisher action=0x1, 13789932, channel '5f2d6b7 cn.missevan/cn.missevan.activity.MainActivity (server)'
06-14 17:18:23.095  8868  8868 D MIUIInput: [MotionEvent] ViewRootImpl windowName 'cn.missevan/cn.missevan.activity.MainActivity', { action=ACTION_UP, id[0]=0, pointerCount=1, eventTime=13789932, downTime=13788668, phoneEventTime=17:18:23.093 } moveCount:13
06-14 17:18:23.096  2018  3127 D libsensor-displayalgo: the value of  brightness:438.000000,R:16127634.455354,G:14119589.016190,B:30503844.701633,EVENT_C:4963.500000,EVENT_R:2009.000000,EVENT_G:2451.000000,EVENT_B:1005.000000
06-14 17:18:23.096  2018  3127 I libsensor-displayalgo: the value of  Coef1:1107.681000,Coef4:2.383000, scale1:0.935522, scale4:0.923264
06-14 17:18:23.096  2018  3127 E libsensor-displayalgo: RGB_test_0407_400_oldzy!
06-14 17:18:23.096  2018  3127 I libsensor-displayalgo: the value of  RESULT1026.962589,395.073957,513.998505,190.337138
06-14 17:18:23.096  2018  3127 I libsensor-displayalgo: the value of  getChannelDataCalibrated1076.714211,365.914634,597.422611,207.740178
06-14 17:18:23.096  2018  3127 I libsensor-displayalgo: the value of  REAL LUX231.933395
06-14 17:18:23.096  2018  3127 I libsensor-displayalgo: the value of  CAL REAL LUX231.933395
06-14 17:18:23.096  1265  1584 I SDM     : HWDeviceDRM::SetupConcurrentWriteback: Tear down the Concurrent Writeback topology
06-14 17:18:23.105  8810  8844 I appium  : [13789932 (success)] Synthesized: MotionEvent { action=ACTION_UP, actionButton=0, id[0]=0, x[0]=540.0, y[0]=564.0, toolType[0]=TOOL_TYPE_FINGER, buttonState=0, classification=NONE, metaState=0, flags=0x0, edgeFlags=0x0, pointerCount=1, historySize=0, eventTime=13789932, downTime=13788668, deviceId=0, source=0x1002, displayId=0, eventId=-1026810734 }
06-14 17:18:23.106  1265 10163 I SDM     : HWCSession::NotifyCWBStatus: Notify the client about buffer status 0.
06-14 17:18:23.106  1265 10163 I SDM     : HWCSession::PerformFenceWaits: Remove current release fence from the pending fence wait queue.
06-14 17:18:23.106  1265 10163 I SDM     : HWCSession::PerformFenceWaits: CWB fence queue is empty. No pending release fence to wait on.
06-14 17:18:23.113  8810  8844 I appium  : AppiumResponse: {"sessionId":"a5be06cb-718f-411e-aa3f-a3a993998b7b","value":null}
06-14 17:18:23.397  2018  3127 D libsensor-displayalgo: the value of  brightness:438.000000,R:70189335.138688,G:60964673.350338,B:67131898.538447,EVENT_C:6975.000000,EVENT_R:2699.000000,EVENT_G:3541.500000,EVENT_B:1406.500000
06-14 17:18:23.397  2018  3127 I libsensor-displayalgo: the value of  Coef1:1107.681000,Coef4:2.383000, scale1:0.935522, scale4:0.923264
06-14 17:18:23.397  2018  3127 E libsensor-displayalgo: RGB_test_0407_400_oldzy!
06-14 17:18:23.398  2018  3127 I libsensor-displayalgo: the value of  RESULT2733.474415,1110.969424,1305.867078,489.124258
06-14 17:18:23.398  2018  3127 I libsensor-displayalgo: the value of  getChannelDataCalibrated2865.898699,1028.971824,1517.814763,533.846213
06-14 17:18:23.398  2018  3127 I libsensor-displayalgo: the value of  REAL LUX248.222794
06-14 17:18:23.398  2018  3127 I libsensor-displayalgo: the value of  CAL REAL LUX248.222794
06-14 17:18:23.403  1265  2358 I vendor.qti.hardware.display.composer-service: FrameNotifyProcess Sensor: notify citsensorservice to trigger cwb
06-14 17:18:23.404  2018  2018 I libcitsensorservice@2.0-impl: msg_transfer
06-14 17:18:23.405  2018  3098 D vendor.xiaomi.sensor.citsensorservice@2.0-service: handle id:9 wxh:1280x2400 uwxuh:1080x2400 size: 9216000 fd:15 fd_meta:16 flags:0x4000228 usage:0x33  format:0x3 layer_count: 1
06-14 17:18:23.406  1265  1890 I SDM     : HWCSession::SetCWBOutputBuffer: CWB config passed by cwb_client : tappoint 1  CWB_ROI : (829.000000 4.000000 915.000000 90.000000)
06-14 17:18:23.409  1265 10164 I SDM     : HWCSession::ProcessRequests: Successfully configured CWB buffer.
06-14 17:18:23.419  1265 10164 I SDM     : HWCSession::ProcessRequests: Pushing release fence in fenece wait queue.
06-14 17:18:23.420  1265 10164 I SDM     : HWCSession::ProcessRequests: Creating AsyncFenceWaits async thread.
06-14 17:18:23.420  1265 10164 I SDM     : HWCSession::ProcessRequests: Remove current CWB request from the pending request queue.
06-14 17:18:23.420  1265 10164 I SDM     : HWCSession::ProcessRequests: No pending cwb requests found in the queue.
06-14 17:18:23.426  1265  1584 I SDM     : HWDeviceDRM::SetupConcurrentWriteback: Tear down the Concurrent Writeback topology
06-14 17:18:23.433  1265 10165 I SDM     : HWCSession::NotifyCWBStatus: Notify the client about buffer status 0.
06-14 17:18:23.434  1265 10165 I SDM     : HWCSession::PerformFenceWaits: Remove current release fence from the pending fence wait queue.
06-14 17:18:23.434  1265 10165 I SDM     : HWCSession::PerformFenceWaits: CWB fence queue is empty. No pending release fence to wait on.
06-14 17:18:23.509  4233  4233 D MiPlayDetailViewModel: onPositionChange(): position = 10056
06-14 17:18:23.509  5809 10077 I SafeBinderCall: onPositionChange binder cost:1
06-14 17:18:23.686  9052 10073 D AudioTrack: [audioTrackData][fine] 10s(f:10073 m:0 s:0 k:0) : pid 9052 uid 10486 sessionId 577 sr 44100 ch 2 fmt 1
06-14 17:18:23.696  2018  3127 D libsensor-displayalgo: the value of  brightness:438.000000,R:83162179.015008,G:83162179.015008,B:83162179.015008,EVENT_C:7312.000000,EVENT_R:2787.500000,EVENT_G:3737.000000,EVENT_B:1482.000000
06-14 17:18:23.696  2018  3127 I libsensor-displayalgo: the value of  Coef1:1107.681000,Coef4:2.383000, scale1:0.935522, scale4:0.923264
06-14 17:18:23.696  2018  3127 E libsensor-displayalgo: RGB_test_0407_400_oldzy!
06-14 17:18:23.697  2018  3127 I libsensor-displayalgo: the value of  RESULT3273.648148,1289.341913,1580.361516,594.091725
06-14 17:18:23.697  2018  3127 I libsensor-displayalgo: the value of  getChannelDataCalibrated3432.241369,1194.179129,1836.860795,648.411140
06-14 17:18:23.697  2018  3127 I libsensor-displayalgo: the value of  REAL LUX232.481110
06-14 17:18:23.697  2018  3127 I libsensor-displayalgo: the value of  CAL REAL LUX232.481110
06-14 17:18:23.705  1265  2358 I vendor.qti.hardware.display.composer-service: FrameNotifyProcess Sensor: notify citsensorservice to trigger cwb
06-14 17:18:23.706  2018  2018 I libcitsensorservice@2.0-impl: msg_transfer
06-14 17:18:23.706  2018  3098 D vendor.xiaomi.sensor.citsensorservice@2.0-service: handle id:9 wxh:1280x2400 uwxuh:1080x2400 size: 9216000 fd:15 fd_meta:16 flags:0x4000228 usage:0x33  format:0x3 layer_count: 1
06-14 17:18:23.706  1265  1890 I SDM     : HWCSession::SetCWBOutputBuffer: CWB config passed by cwb_client : tappoint 1  CWB_ROI : (829.000000 4.000000 915.000000 90.000000)
06-14 17:18:23.707  1265 10166 I SDM     : HWCSession::ProcessRequests: Successfully configured CWB buffer.
06-14 17:18:23.715  1265 10166 I SDM     : HWCSession::ProcessRequests: Pushing release fence in fenece wait queue.
06-14 17:18:23.715  1265 10166 I SDM     : HWCSession::ProcessRequests: Creating AsyncFenceWaits async thread.
06-14 17:18:23.715  1265 10166 I SDM     : HWCSession::ProcessRequests: Remove current CWB request from the pending request queue.
06-14 17:18:23.715  1265 10166 I SDM     : HWCSession::ProcessRequests: No pending cwb requests found in the queue.
06-14 17:18:23.723  1265  1584 I SDM     : HWDeviceDRM::SetupConcurrentWriteback: Tear down the Concurrent Writeback topology
06-14 17:18:23.730  1265 10167 I SDM     : HWCSession::NotifyCWBStatus: Notify the client about buffer status 0.
06-14 17:18:23.730  1265 10167 I SDM     : HWCSession::PerformFenceWaits: Remove current release fence from the pending fence wait queue.
06-14 17:18:23.730  1265 10167 I SDM     : HWCSession::PerformFenceWaits: CWB fence queue is empty. No pending release fence to wait on.
06-14 17:18:23.847  2431  2645 W ProcessStats: Tracking association SourceState{bfb3302 com.android.phone/1001 BTopFgs #23086} whose proc state 2 is better than process ProcessState{90b8413 com.xiaomi.mirror/1000 pkg=com.xiaomi.mirror} proc state 3 (15 skipped)
06-14 17:18:23.996  2018  3127 D libsensor-displayalgo: the value of  brightness:438.000000,R:83162179.015008,G:83162179.015008,B:83162179.015008,EVENT_C:7321.000000,EVENT_R:2792.000000,EVENT_G:3744.000000,EVENT_B:1484.500000
06-14 17:18:23.996  2018  3127 I libsensor-displayalgo: the value of  Coef1:1107.681000,Coef4:2.383000, scale1:0.935522, scale4:0.923264
06-14 17:18:23.996  2018  3127 E libsensor-displayalgo: RGB_test_0407_400_oldzy!
06-14 17:18:23.997  2018  3127 I libsensor-displayalgo: the value of  RESULT3273.648148,1289.341913,1580.361516,594.091725
06-14 17:18:23.997  2018  3127 I libsensor-displayalgo: the value of  getChannelDataCalibrated3432.241369,1194.179129,1836.860795,648.411140
06-14 17:18:23.997  2018  3127 I libsensor-displayalgo: the value of  REAL LUX233.062027
06-14 17:18:23.997  2018  3127 I libsensor-displayalgo: the value of  CAL REAL LUX233.062027
06-14 17:18:24.051  1265  2358 I vendor.qti.hardware.display.composer-service: FrameNotifyProcess Sensor: notify citsensorservice to trigger cwb
06-14 17:18:24.052  2018  2018 I libcitsensorservice@2.0-impl: msg_transfer
06-14 17:18:24.052  2018  3098 D vendor.xiaomi.sensor.citsensorservice@2.0-service: handle id:9 wxh:1280x2400 uwxuh:1080x2400 size: 9216000 fd:15 fd_meta:16 flags:0x4000228 usage:0x33  format:0x3 layer_count: 1
06-14 17:18:24.053  1265  1890 I SDM     : HWCSession::SetCWBOutputBuffer: CWB config passed by cwb_client : tappoint 1  CWB_ROI : (829.000000 4.000000 915.000000 90.000000)
06-14 17:18:24.058  1265 10168 I SDM     : HWCSession::ProcessRequests: Successfully configured CWB buffer.
06-14 17:18:24.069  1265 10168 I SDM     : HWCSession::ProcessRequests: Pushing release fence in fenece wait queue.
06-14 17:18:24.069  1265 10168 I SDM     : HWCSession::ProcessRequests: Creating AsyncFenceWaits async thread.
06-14 17:18:24.070  1265 10168 I SDM     : HWCSession::ProcessRequests: Remove current CWB request from the pending request queue.
06-14 17:18:24.072  1265 10168 I SDM     : HWCSession::ProcessRequests: No pending cwb requests found in the queue.
06-14 17:18:24.077  1265  1584 I SDM     : HWDeviceDRM::SetupConcurrentWriteback: Tear down the Concurrent Writeback topology
06-14 17:18:24.084  1265 10169 I SDM     : HWCSession::NotifyCWBStatus: Notify the client about buffer status 0.
06-14 17:18:24.086  1265 10169 I SDM     : HWCSession::PerformFenceWaits: Remove current release fence from the pending fence wait queue.
06-14 17:18:24.086  1265 10169 I SDM     : HWCSession::PerformFenceWaits: CWB fence queue is empty. No pending release fence to wait on.
06-14 17:18:24.297  2018  3127 D libsensor-displayalgo: the value of  brightness:438.000000,R:83162179.015008,G:83162179.015008,B:83162179.015008,EVENT_C:7309.500000,EVENT_R:2790.000000,EVENT_G:3738.000000,EVENT_B:1481.500000
06-14 17:18:24.297  2018  3127 I libsensor-displayalgo: the value of  Coef1:1107.681000,Coef4:2.383000, scale1:0.935522, scale4:0.923264
06-14 17:18:24.297  2018  3127 E libsensor-displayalgo: RGB_test_0407_400_oldzy!
06-14 17:18:24.297  2018  3127 I libsensor-displayalgo: the value of  RESULT3273.648148,1289.341913,1580.361516,594.091725
06-14 17:18:24.297  2018  3127 I libsensor-displayalgo: the value of  getChannelDataCalibrated3432.241369,1194.179129,1836.860795,648.411140
06-14 17:18:24.297  2018  3127 I libsensor-displayalgo: the value of  REAL LUX232.296524
06-14 17:18:24.297  2018  3127 I libsensor-displayalgo: the value of  CAL REAL LUX232.296524
06-14 17:18:24.356  1265  2358 I vendor.qti.hardware.display.composer-service: FrameNotifyProcess Sensor: notify citsensorservice to trigger cwb
06-14 17:18:24.356  2018  2108 I libcitsensorservice@2.0-impl: msg_transfer
06-14 17:18:24.356  2018  3098 D vendor.xiaomi.sensor.citsensorservice@2.0-service: handle id:9 wxh:1280x2400 uwxuh:1080x2400 size: 9216000 fd:15 fd_meta:16 flags:0x4000228 usage:0x33  format:0x3 layer_count: 1
06-14 17:18:24.356  1265  1890 I SDM     : HWCSession::SetCWBOutputBuffer: CWB config passed by cwb_client : tappoint 1  CWB_ROI : (829.000000 4.000000 915.000000 90.000000)
06-14 17:18:24.357  1265 10170 I SDM     : HWCSession::ProcessRequests: Successfully configured CWB buffer.
06-14 17:18:24.366  1265 10170 I SDM     : HWCSession::ProcessRequests: Pushing release fence in fenece wait queue.
06-14 17:18:24.366  1265 10170 I SDM     : HWCSession::ProcessRequests: Creating AsyncFenceWaits async thread.
06-14 17:18:24.366  1265 10170 I SDM     : HWCSession::ProcessRequests: Remove current CWB request from the pending request queue.
06-14 17:18:24.366  1265 10170 I SDM     : HWCSession::ProcessRequests: No pending cwb requests found in the queue.
06-14 17:18:24.372  1265  1584 I SDM     : HWDeviceDRM::SetupConcurrentWriteback: Tear down the Concurrent Writeback topology
06-14 17:18:24.380  1265 10171 I SDM     : HWCSession::NotifyCWBStatus: Notify the client about buffer status 0.
06-14 17:18:24.380  1265 10171 I SDM     : HWCSession::PerformFenceWaits: Remove current release fence from the pending fence wait queue.
06-14 17:18:24.380  1265 10171 I SDM     : HWCSession::PerformFenceWaits: CWB fence queue is empty. No pending release fence to wait on.
06-14 17:18:24.492  5405  9716 D SLM-SRV-SLAService: checktemp temperature = 31827 temperature_average = 31421 isPerformanceMode = false thermal_enable_slm = true
06-14 17:18:24.509  4233  4233 D MiPlayDetailViewModel: onPositionChange(): position = 11056
06-14 17:18:24.509  5809 10077 I SafeBinderCall: onPositionChange binder cost:1
06-14 17:18:24.540  5858  6965 D UidObserver: onUidIdle uid=10486 uidstate=100
06-14 17:18:24.597  2018  3127 D libsensor-displayalgo: the value of  brightness:438.000000,R:83162179.015008,G:83162179.015008,B:83162179.015008,EVENT_C:7324.500000,EVENT_R:2794.500000,EVENT_G:3743.500000,EVENT_B:1484.000000
06-14 17:18:24.597  2018  3127 I libsensor-displayalgo: the value of  Coef1:1107.681000,Coef4:2.383000, scale1:0.935522, scale4:0.923264
06-14 17:18:24.597  2018  3127 E libsensor-displayalgo: RGB_test_0407_400_oldzy!
06-14 17:18:24.597  2018  3127 I libsensor-displayalgo: the value of  RESULT3273.648148,1289.341913,1580.361516,594.091725
06-14 17:18:24.598  2018  3127 I libsensor-displayalgo: the value of  getChannelDataCalibrated3432.241369,1194.179129,1836.860795,648.411140
06-14 17:18:24.598  2018  3127 I libsensor-displayalgo: the value of  REAL LUX233.232635
06-14 17:18:24.598  2018  3127 I libsensor-displayalgo: the value of  CAL REAL LUX233.232635
06-14 17:18:24.669  1265  2358 I vendor.qti.hardware.display.composer-service: FrameNotifyProcess Sensor: notify citsensorservice to trigger cwb
06-14 17:18:24.670  2018  2018 I libcitsensorservice@2.0-impl: msg_transfer
06-14 17:18:24.670  2018  3098 D vendor.xiaomi.sensor.citsensorservice@2.0-service: handle id:9 wxh:1280x2400 uwxuh:1080x2400 size: 9216000 fd:15 fd_meta:16 flags:0x4000228 usage:0x33  format:0x3 layer_count: 1
06-14 17:18:24.671  1265  1890 I SDM     : HWCSession::SetCWBOutputBuffer: CWB config passed by cwb_client : tappoint 1  CWB_ROI : (829.000000 4.000000 915.000000 90.000000)
06-14 17:18:24.673  1265 10172 I SDM     : HWCSession::ProcessRequests: Successfully configured CWB buffer.
06-14 17:18:24.676  1930  1967 I mstatdaemon: Entering time loop
06-14 17:18:24.676  1930  1967 I mstatdaemon: t = 1686734304
06-14 17:18:24.677  1930  1967 I mstatdaemon: translated_t = 1370744304
06-14 17:18:24.677  1930  1967 I mstat_log: mstatcommitLog log_alloc() failed
06-14 17:18:24.682  1265 10172 I SDM     : HWCSession::ProcessRequests: Pushing release fence in fenece wait queue.
06-14 17:18:24.682  1265 10172 I SDM     : HWCSession::ProcessRequests: Creating AsyncFenceWaits async thread.
06-14 17:18:24.686  1265 10172 I SDM     : HWCSession::ProcessRequests: Remove current CWB request from the pending request queue.
06-14 17:18:24.686  1265 10172 I SDM     : HWCSession::ProcessRequests: No pending cwb requests found in the queue.
06-14 17:18:24.693  1265 10173 I SDM     : HWCSession::NotifyCWBStatus: Notify the client about buffer status 0.
06-14 17:18:24.694  1265 10173 I SDM     : HWCSession::PerformFenceWaits: Remove current release fence from the pending fence wait queue.
06-14 17:18:24.694  1265 10173 I SDM     : HWCSession::PerformFenceWaits: CWB fence queue is empty. No pending release fence to wait on.
06-14 17:18:24.694  1265  1584 I SDM     : HWDeviceDRM::SetupConcurrentWriteback: Tear down the Concurrent Writeback topology
06-14 17:18:24.896  2018  3127 D libsensor-displayalgo: the value of  brightness:438.000000,R:83162179.015008,G:83162179.015008,B:83162179.015008,EVENT_C:7314.000000,EVENT_R:2792.500000,EVENT_G:3742.000000,EVENT_B:1482.500000
06-14 17:18:24.897  2018  3127 I libsensor-displayalgo: the value of  Coef1:1107.681000,Coef4:2.383000, scale1:0.935522, scale4:0.923264
06-14 17:18:24.897  2018  3127 E libsensor-displayalgo: RGB_test_0407_400_oldzy!
06-14 17:18:24.897  2018  3127 I libsensor-displayalgo: the value of  RESULT3273.648148,1289.341913,1580.361516,594.091725
06-14 17:18:24.898  2018  3127 I libsensor-displayalgo: the value of  getChannelDataCalibrated3432.241369,1194.179129,1836.860795,648.411140
06-14 17:18:24.898  2018  3127 I libsensor-displayalgo: the value of  REAL LUX232.620590
06-14 17:18:24.898  2018  3127 I libsensor-displayalgo: the value of  CAL REAL LUX232.620590
06-14 17:18:24.991  1265  2358 I vendor.qti.hardware.display.composer-service: FrameNotifyProcess Sensor: notify citsensorservice to trigger cwb
06-14 17:18:24.992  2018  2018 I libcitsensorservice@2.0-impl: msg_transfer
06-14 17:18:24.992  2018  3098 D vendor.xiaomi.sensor.citsensorservice@2.0-service: handle id:9 wxh:1280x2400 uwxuh:1080x2400 size: 9216000 fd:15 fd_meta:16 flags:0x4000228 usage:0x33  format:0x3 layer_count: 1
06-14 17:18:24.993  1265  1890 I SDM     : HWCSession::SetCWBOutputBuffer: CWB config passed by cwb_client : tappoint 1  CWB_ROI : (829.000000 4.000000 915.000000 90.000000)
06-14 17:18:24.994  1265 10174 I SDM     : HWCSession::ProcessRequests: Successfully configured CWB buffer.
06-14 17:18:25.009  1265 10174 I SDM     : HWCSession::ProcessRequests: Pushing release fence in fenece wait queue.
06-14 17:18:25.010  1265 10174 I SDM     : HWCSession::ProcessRequests: Creating AsyncFenceWaits async thread.
06-14 17:18:25.010  1265 10174 I SDM     : HWCSession::ProcessRequests: Remove current CWB request from the pending request queue.
06-14 17:18:25.011  1265 10174 I SDM     : HWCSession::ProcessRequests: No pending cwb requests found in the queue.
06-14 17:18:25.016  1265  1584 I SDM     : HWDeviceDRM::SetupConcurrentWriteback: Tear down the Concurrent Writeback topology
06-14 17:18:25.022  1265 10175 I SDM     : HWCSession::NotifyCWBStatus: Notify the client about buffer status 0.
06-14 17:18:25.025  1265 10175 I SDM     : HWCSession::PerformFenceWaits: Remove current release fence from the pending fence wait queue.
06-14 17:18:25.025  1265 10175 I SDM     : HWCSession::PerformFenceWaits: CWB fence queue is empty. No pending release fence to wait on.
06-14 17:18:25.138  8810  8844 I appium  : channel read: POST /wd/hub/session/a5be06cb-718f-411e-aa3f-a3a993998b7b/element
06-14 17:18:25.138  8810  8844 I appium  : FindElement command
06-14 17:18:25.142  8810  8844 I appium  : method: 'id', selector: 'cn.missevan:id/all_episodes'
06-14 17:18:25.142  8810  8844 I appium  : Waiting up to 100ms for the device to idle
06-14 17:18:25.197  2018  3127 D libsensor-displayalgo: the value of  brightness:438.000000,R:83162179.015008,G:83162179.015008,B:83162179.015008,EVENT_C:7313.000000,EVENT_R:2793.000000,EVENT_G:3738.500000,EVENT_B:1483.000000
06-14 17:18:25.197  2018  3127 I libsensor-displayalgo: the value of  Coef1:1107.681000,Coef4:2.383000, scale1:0.935522, scale4:0.923264
06-14 17:18:25.197  2018  3127 E libsensor-displayalgo: RGB_test_0407_400_oldzy!
06-14 17:18:25.200  2018  3127 I libsensor-displayalgo: the value of  RESULT3273.648148,1289.341913,1580.361516,594.091725
06-14 17:18:25.200  2018  3127 I libsensor-displayalgo: the value of  getChannelDataCalibrated3432.241369,1194.179129,1836.860795,648.411140
06-14 17:18:25.200  2018  3127 I libsensor-displayalgo: the value of  REAL LUX232.331329
06-14 17:18:25.200  2018  3127 I libsensor-displayalgo: the value of  CAL REAL LUX232.331329
06-14 17:18:25.211 13036 13231 D WorkerThreadMonitor: Kill MSF check result[ senderSize:0,sendInterval:209881,receiveInterval=29569,addCmdCount=156
06-14 17:18:25.314  8810  8844 W QueryController: Could not detect idle state.
06-14 17:18:25.328  1265  2358 I vendor.qti.hardware.display.composer-service: FrameNotifyProcess Sensor: notify citsensorservice to trigger cwb
06-14 17:18:25.328  2018  2108 I libcitsensorservice@2.0-impl: msg_transfer
06-14 17:18:25.329  2018  3098 D vendor.xiaomi.sensor.citsensorservice@2.0-service: handle id:9 wxh:1280x2400 uwxuh:1080x2400 size: 9216000 fd:15 fd_meta:16 flags:0x4000228 usage:0x33  format:0x3 layer_count: 1
06-14 17:18:25.330  1265  1890 I SDM     : HWCSession::SetCWBOutputBuffer: CWB config passed by cwb_client : tappoint 1  CWB_ROI : (829.000000 4.000000 915.000000 90.000000)
06-14 17:18:25.332  1265 10176 I SDM     : HWCSession::ProcessRequests: Successfully configured CWB buffer.
06-14 17:18:25.346  1265 10176 I SDM     : HWCSession::ProcessRequests: Pushing release fence in fenece wait queue.
06-14 17:18:25.346  1265 10176 I SDM     : HWCSession::ProcessRequests: Creating AsyncFenceWaits async thread.
06-14 17:18:25.346  1265 10176 I SDM     : HWCSession::ProcessRequests: Remove current CWB request from the pending request queue.
06-14 17:18:25.346  1265 10176 I SDM     : HWCSession::ProcessRequests: No pending cwb requests found in the queue.
06-14 17:18:25.352  1265  1584 I SDM     : HWDeviceDRM::SetupConcurrentWriteback: Tear down the Concurrent Writeback topology
06-14 17:18:25.360  1265 10178 I SDM     : HWCSession::NotifyCWBStatus: Notify the client about buffer status 0.
06-14 17:18:25.360  1265 10178 I SDM     : HWCSession::PerformFenceWaits: Remove current release fence from the pending fence wait queue.
06-14 17:18:25.360  1265 10178 I SDM     : HWCSession::PerformFenceWaits: CWB fence queue is empty. No pending release fence to wait on.
06-14 17:18:25.381  8810  8844 I appium  : AppiumResponse: {"sessionId":"a5be06cb-718f-411e-aa3f-a3a993998b7b","value":{"ELEMENT":"00000000-0000-01f6-ffff-ffff00000d34","element-6066-11e4-a52e-4f735466cecf":"00000000-0000-01f6-ffff-ffff00000d34"}}
06-14 17:18:25.397  8810  8844 I appium  : channel read: POST /wd/hub/session/a5be06cb-718f-411e-aa3f-a3a993998b7b/element/00000000-0000-01f6-ffff-ffff00000d34/click
06-14 17:18:25.399  8810  8844 I appium  : Click command
06-14 17:18:25.497  2018  3127 D libsensor-displayalgo: the value of  brightness:438.000000,R:83162179.015008,G:83162179.015008,B:83162179.015008,EVENT_C:7319.500000,EVENT_R:2793.500000,EVENT_G:3741.000000,EVENT_B:1483.500000
06-14 17:18:25.497  2018  3127 I libsensor-displayalgo: the value of  Coef1:1107.681000,Coef4:2.383000, scale1:0.935522, scale4:0.923264
06-14 17:18:25.497  2018  3127 E libsensor-displayalgo: RGB_test_0407_400_oldzy!
06-14 17:18:25.498  2018  3127 I libsensor-displayalgo: the value of  RESULT3273.648148,1289.341913,1580.361516,594.091725
06-14 17:18:25.498  2018  3127 I libsensor-displayalgo: the value of  getChannelDataCalibrated3432.241369,1194.179129,1836.860795,648.411140
06-14 17:18:25.498  2018  3127 I libsensor-displayalgo: the value of  REAL LUX232.844330
06-14 17:18:25.498  2018  3127 I libsensor-displayalgo: the value of  CAL REAL LUX232.844330
06-14 17:18:25.509  5809 10077 I SafeBinderCall: onPositionChange binder cost:1
06-14 17:18:25.509  4233  4233 D MiPlayDetailViewModel: onPositionChange(): position = 12056
06-14 17:18:25.516  8810  8844 W QueryController: Could not detect idle state.
06-14 17:18:25.649  1265  2358 I vendor.qti.hardware.display.composer-service: FrameNotifyProcess Sensor: notify citsensorservice to trigger cwb
06-14 17:18:25.649  2018  2108 I libcitsensorservice@2.0-impl: msg_transfer
06-14 17:18:25.650  2018  3098 D vendor.xiaomi.sensor.citsensorservice@2.0-service: handle id:9 wxh:1280x2400 uwxuh:1080x2400 size: 9216000 fd:15 fd_meta:16 flags:0x4000228 usage:0x33  format:0x3 layer_count: 1
06-14 17:18:25.650  1265  1890 I SDM     : HWCSession::SetCWBOutputBuffer: CWB config passed by cwb_client : tappoint 1  CWB_ROI : (829.000000 4.000000 915.000000 90.000000)
06-14 17:18:25.651  1265 10179 I SDM     : HWCSession::ProcessRequests: Successfully configured CWB buffer.
06-14 17:18:25.659  1265 10179 I SDM     : HWCSession::ProcessRequests: Pushing release fence in fenece wait queue.
06-14 17:18:25.659  1265 10179 I SDM     : HWCSession::ProcessRequests: Creating AsyncFenceWaits async thread.
06-14 17:18:25.662  1265 10179 I SDM     : HWCSession::ProcessRequests: Remove current CWB request from the pending request queue.
06-14 17:18:25.662  1265 10179 I SDM     : HWCSession::ProcessRequests: No pending cwb requests found in the queue.
06-14 17:18:25.665  1265  1584 I SDM     : HWDeviceDRM::SetupConcurrentWriteback: Tear down the Concurrent Writeback topology
06-14 17:18:25.673  1265 10180 I SDM     : HWCSession::NotifyCWBStatus: Notify the client about buffer status 0.
06-14 17:18:25.673  1265 10180 I SDM     : HWCSession::PerformFenceWaits: Remove current release fence from the pending fence wait queue.
06-14 17:18:25.673  1265 10180 I SDM     : HWCSession::PerformFenceWaits: CWB fence queue is empty. No pending release fence to wait on.
06-14 17:18:25.718  8810  8844 W QueryController: Could not detect idle state.
06-14 17:18:25.746  2431  4792 D MIUIInput: Input event injection from pid 8785, MotionEvent: DOWN
06-14 17:18:25.747  2431  2938 D MIUIInput: [MotionEvent] publisher action=0x4, 13792579, channel '7c87e50 NavigationBar0 (server)'
06-14 17:18:25.747  2431  2938 D MIUIInput: [MotionEvent] publisher action=0x0, 13792579, channel '5f2d6b7 cn.missevan/cn.missevan.activity.MainActivity (server)'
06-14 17:18:25.748  8868  8868 D MIUIInput: [MotionEvent] ViewRootImpl windowName 'cn.missevan/cn.missevan.activity.MainActivity', { action=ACTION_DOWN, id[0]=0, pointerCount=1, eventTime=13792579, downTime=13792578, phoneEventTime=17:18:25.740 } moveCount:0
06-14 17:18:25.753  2431  4792 D MIUIInput: Input event injection from pid 8785, MotionEvent: UP
06-14 17:18:25.754  2431  2938 D MIUIInput: [MotionEvent] publisher action=0x1, 13792579, channel '5f2d6b7 cn.missevan/cn.missevan.activity.MainActivity (server)'
06-14 17:18:25.755  8868  8868 D MIUIInput: [MotionEvent] ViewRootImpl windowName 'cn.missevan/cn.missevan.activity.MainActivity', { action=ACTION_UP, id[0]=0, pointerCount=1, eventTime=13792579, downTime=13792578, phoneEventTime=17:18:25.740 } moveCount:0
06-14 17:18:25.756  8868  8868 E cn.missevan: No package ID ff found for ID 0xffffffff.
06-14 17:18:25.769  8868  8868 D IS_CTS_MODE: true
06-14 17:18:25.769  8868  8868 D MULTI_WINDOW_SWITCH_ENABLED: false
06-14 17:18:25.771  8810  8844 I appium  : Waiting up to 100ms for the device to idle
06-14 17:18:25.773  8868  8868 D DecorView[]: updateDecorCaptionStatus displayWindowDecor is false
06-14 17:18:25.788  2431  4792 I WindowManagerService: Physical orientation applied, rotation=0 sfOrientation=ORIENTATION_0
06-14 17:18:25.796  2018  3127 D libsensor-displayalgo: the value of  brightness:438.000000,R:83162179.015008,G:83162179.015008,B:83162179.015008,EVENT_C:7320.500000,EVENT_R:2794.000000,EVENT_G:3743.500000,EVENT_B:1484.000000
