12-22 11:23:53.283  2027  3285 D libsensor-displayalgo: the value of  brightness:369.000000,R:71820880.024236,G:64219361.975297,B:50952298.799137,EVENT_C:3124.500000,EVENT_R:1246.000000,EVENT_G:1664.500000,EVENT_B:651.000000
12-22 11:23:53.284  2027  3285 I libsensor-displayalgo: the value of  Coef1:1107.681000,Coef4:2.383000, scale1:0.935522, scale4:0.923264
12-22 11:23:53.284  2027  3285 E libsensor-displayalgo: RGB_test_0407_400_oldzy!
12-22 11:23:53.284  2027  3285 I libsensor-displayalgo: the value of  RESULT2502.345659,1022.587703,1211.726172,431.747764
12-22 11:23:53.284  2027  3285 I libsensor-displayalgo: the value of  getChannelDataCalibrated2611.410438,948.966330,1397.471285,467.356137
12-22 11:23:53.284  2027  3285 I libsensor-displayalgo: the value of  REAL LUX22.243784
12-22 11:23:53.284  2027  3285 I libsensor-displayalgo: the value of  CAL REAL LUX22.243784
12-22 11:23:53.472  1251  2448 I vendor.qti.hardware.display.composer-service: FrameNotifyProcess Sensor: notify citsensorservice to trigger cwb
12-22 11:23:53.473  2027  2096 I libcitsensorservice@2.0-impl: msg_transfer
12-22 11:23:53.473  2027  3266 D vendor.xiaomi.sensor.citsensorservice@2.0-service: handle id:10 wxh:1280x2400 uwxuh:1080x2400 size: 9216000 fd:15 fd_meta:16 flags:0x4000228 usage:0x33  format:0x3 layer_count: 1
12-22 11:23:53.474  1251  2215 I SDM     : HWCSession::SetCWBOutputBuffer: CWB config passed by cwb_client : tappoint 1  CWB_ROI : (829.000000 4.000000 915.000000 90.000000)
12-22 11:23:53.476  1251  7923 I SDM     : HWCSession::ProcessRequests: Successfully configured CWB buffer.
12-22 11:23:53.481  1251  7923 I SDM     : HWCSession::ProcessRequests: Pushing release fence in fenece wait queue.
12-22 11:23:53.482  1251  7923 I SDM     : HWCSession::ProcessRequests: Creating AsyncFenceWaits async thread.
12-22 11:23:53.483  1251  7923 I SDM     : HWCSession::ProcessRequests: Remove current CWB request from the pending request queue.
12-22 11:23:53.483  1251  7923 I SDM     : HWCSession::ProcessRequests: No pending cwb requests found in the queue.
12-22 11:23:53.487  1251  1467 I SDM     : HWDeviceDRM::SetupConcurrentWriteback: Tear down the Concurrent Writeback topology
12-22 11:23:53.494  1251  7924 I SDM     : HWCSession::NotifyCWBStatus: Notify the client about buffer status 0.
12-22 11:23:53.494  1251  7924 I SDM     : HWCSession::PerformFenceWaits: Remove current release fence from the pending fence wait queue.
12-22 11:23:53.495  1251  7924 I SDM     : HWCSession::PerformFenceWaits: CWB fence queue is empty. No pending release fence to wait on.
12-22 11:23:53.581  2027  3285 D libsensor-displayalgo: the value of  brightness:369.000000,R:69986995.980221,G:62571091.632411,B:49646096.064009,EVENT_C:3086.500000,EVENT_R:1234.500000,EVENT_G:1642.500000,EVENT_B:641.000000
12-22 11:23:53.581  2027  3285 I libsensor-displayalgo: the value of  Coef1:1107.681000,Coef4:2.383000, scale1:0.935522, scale4:0.923264
12-22 11:23:53.581  2027  3285 E libsensor-displayalgo: RGB_test_0407_400_oldzy!
12-22 11:23:53.582  2027  3285 I libsensor-displayalgo: the value of  RESULT2462.420203,1005.265502,1194.042526,424.438515
12-22 11:23:53.582  2027  3285 I libsensor-displayalgo: the value of  getChannelDataCalibrated2569.744830,932.891244,1377.076920,459.444058
12-22 11:23:53.582  2027  3285 I libsensor-displayalgo: the value of  REAL LUX22.426548
12-22 11:23:53.582  2027  3285 I libsensor-displayalgo: the value of  CAL REAL LUX22.426548
12-22 11:23:53.648 27154 27163 I cn.missevan: This is non sticky GC, maxfree is 8388608 minfree is 2097152
12-22 11:23:53.648 27154 27163 I cn.missevan: Background concurrent copying GC freed 363495(17MB) AllocSpace objects, 72(3408KB) LOS objects, 44% free, 30MB/54MB, paused 69us,54us total 151.350ms
12-22 11:23:53.777  1251  2448 I vendor.qti.hardware.display.composer-service: FrameNotifyProcess Sensor: notify citsensorservice to trigger cwb
12-22 11:23:53.777  2027  2096 I libcitsensorservice@2.0-impl: msg_transfer
12-22 11:23:53.777  2027  3266 D vendor.xiaomi.sensor.citsensorservice@2.0-service: handle id:10 wxh:1280x2400 uwxuh:1080x2400 size: 9216000 fd:15 fd_meta:16 flags:0x4000228 usage:0x33  format:0x3 layer_count: 1
12-22 11:23:53.777  1251  2215 I SDM     : HWCSession::SetCWBOutputBuffer: CWB config passed by cwb_client : tappoint 1  CWB_ROI : (829.000000 4.000000 915.000000 90.000000)
12-22 11:23:53.778  1251  7926 I SDM     : HWCSession::ProcessRequests: Successfully configured CWB buffer.
12-22 11:23:53.785  1251  7926 I SDM     : HWCSession::ProcessRequests: Pushing release fence in fenece wait queue.
12-22 11:23:53.785  1251  7926 I SDM     : HWCSession::ProcessRequests: Creating AsyncFenceWaits async thread.
12-22 11:23:53.787  1251  7926 I SDM     : HWCSession::ProcessRequests: Remove current CWB request from the pending request queue.
12-22 11:23:53.787  1251  7926 I SDM     : HWCSession::ProcessRequests: No pending cwb requests found in the queue.
12-22 11:23:53.792  1251  1467 I SDM     : HWDeviceDRM::SetupConcurrentWriteback: Tear down the Concurrent Writeback topology
12-22 11:23:53.799  1251  7927 I SDM     : HWCSession::NotifyCWBStatus: Notify the client about buffer status 0.
12-22 11:23:53.799  1251  7927 I SDM     : HWCSession::PerformFenceWaits: Remove current release fence from the pending fence wait queue.
12-22 11:23:53.799  1251  7927 I SDM     : HWCSession::PerformFenceWaits: CWB fence queue is empty. No pending release fence to wait on.
12-22 11:23:53.882  2027  3285 D libsensor-displayalgo: the value of  brightness:369.000000,R:69986995.980221,G:62571091.632411,B:49646096.064009,EVENT_C:3099.000000,EVENT_R:1239.500000,EVENT_G:1648.500000,EVENT_B:642.500000
12-22 11:23:53.882  2027  3285 I libsensor-displayalgo: the value of  Coef1:1107.681000,Coef4:2.383000, scale1:0.935522, scale4:0.923264
12-22 11:23:53.882  2027  3285 E libsensor-displayalgo: RGB_test_0407_400_oldzy!
12-22 11:23:53.883  2027  3285 I libsensor-displayalgo: the value of  RESULT2462.420203,1005.265502,1194.042526,424.438515
12-22 11:23:53.883  2027  3285 I libsensor-displayalgo: the value of  getChannelDataCalibrated2569.744830,932.891244,1377.076920,459.444058
12-22 11:23:53.883  2027  3285 I libsensor-displayalgo: the value of  REAL LUX23.271368
12-22 11:23:53.883  2027  3285 I libsensor-displayalgo: the value of  CAL REAL LUX23.271368
12-22 11:23:54.017  4496  4496 D MiPlayDetailViewModel: onPositionChange(): position = 73062
12-22 11:23:54.017  9768  6761 I SafeBinderCall: onPositionChange binder cost:1
12-22 11:23:54.089  1251  2448 I vendor.qti.hardware.display.composer-service: FrameNotifyProcess Sensor: notify citsensorservice to trigger cwb
12-22 11:23:54.090  2027  2027 I libcitsensorservice@2.0-impl: msg_transfer
12-22 11:23:54.091  2027  3266 D vendor.xiaomi.sensor.citsensorservice@2.0-service: handle id:10 wxh:1280x2400 uwxuh:1080x2400 size: 9216000 fd:15 fd_meta:16 flags:0x4000228 usage:0x33  format:0x3 layer_count: 1
12-22 11:23:54.092  1251  2215 I SDM     : HWCSession::SetCWBOutputBuffer: CWB config passed by cwb_client : tappoint 1  CWB_ROI : (829.000000 4.000000 915.000000 90.000000)
12-22 11:23:54.096  1251  7930 I SDM     : HWCSession::ProcessRequests: Successfully configured CWB buffer.
12-22 11:23:54.106  1251  7930 I SDM     : HWCSession::ProcessRequests: Pushing release fence in fenece wait queue.
12-22 11:23:54.106  1251  7930 I SDM     : HWCSession::ProcessRequests: Creating AsyncFenceWaits async thread.
12-22 11:23:54.107  1251  7930 I SDM     : HWCSession::ProcessRequests: Remove current CWB request from the pending request queue.
12-22 11:23:54.107  1251  7930 I SDM     : HWCSession::ProcessRequests: No pending cwb requests found in the queue.
12-22 11:23:54.114  1251  1467 I SDM     : HWDeviceDRM::SetupConcurrentWriteback: Tear down the Concurrent Writeback topology
12-22 11:23:54.120  1251  7931 I SDM     : HWCSession::NotifyCWBStatus: Notify the client about buffer status 0.
12-22 11:23:54.120  1251  7931 I SDM     : HWCSession::PerformFenceWaits: Remove current release fence from the pending fence wait queue.
12-22 11:23:54.120  1251  7931 I SDM     : HWCSession::PerformFenceWaits: CWB fence queue is empty. No pending release fence to wait on.
12-22 11:23:54.182  2027  3285 D libsensor-displayalgo: the value of  brightness:369.000000,R:69986995.980221,G:62571091.632411,B:49646096.064009,EVENT_C:3099.500000,EVENT_R:1237.500000,EVENT_G:1649.000000,EVENT_B:644.000000
12-22 11:23:54.182  2027  3285 I libsensor-displayalgo: the value of  Coef1:1107.681000,Coef4:2.383000, scale1:0.935522, scale4:0.923264
12-22 11:23:54.182  2027  3285 E libsensor-displayalgo: RGB_test_0407_400_oldzy!
12-22 11:23:54.183  2027  3285 I libsensor-displayalgo: the value of  RESULT2462.420203,1005.265502,1194.042526,424.438515
12-22 11:23:54.183  2027  3285 I libsensor-displayalgo: the value of  getChannelDataCalibrated2569.744830,932.891244,1377.076920,459.444058
12-22 11:23:54.183  2027  3285 I libsensor-displayalgo: the value of  REAL LUX23.282961
12-22 11:23:54.183  2027  3285 I libsensor-displayalgo: the value of  CAL REAL LUX23.282961
12-22 11:23:54.411  1251  2448 I vendor.qti.hardware.display.composer-service: FrameNotifyProcess Sensor: notify citsensorservice to trigger cwb
12-22 11:23:54.412  2027  2027 I libcitsensorservice@2.0-impl: msg_transfer
12-22 11:23:54.413  2027  3266 D vendor.xiaomi.sensor.citsensorservice@2.0-service: handle id:10 wxh:1280x2400 uwxuh:1080x2400 size: 9216000 fd:15 fd_meta:16 flags:0x4000228 usage:0x33  format:0x3 layer_count: 1
12-22 11:23:54.413  1251  2215 I SDM     : HWCSession::SetCWBOutputBuffer: CWB config passed by cwb_client : tappoint 1  CWB_ROI : (829.000000 4.000000 915.000000 90.000000)
12-22 11:23:54.416  1251  7934 I SDM     : HWCSession::ProcessRequests: Successfully configured CWB buffer.
12-22 11:23:54.421  1251  7934 I SDM     : HWCSession::ProcessRequests: Pushing release fence in fenece wait queue.
12-22 11:23:54.423  1251  7934 I SDM     : HWCSession::ProcessRequests: Creating AsyncFenceWaits async thread.
12-22 11:23:54.424  1251  7934 I SDM     : HWCSession::ProcessRequests: Remove current CWB request from the pending request queue.
12-22 11:23:54.424  1251  7934 I SDM     : HWCSession::ProcessRequests: No pending cwb requests found in the queue.
12-22 11:23:54.426  1251  1467 I SDM     : HWDeviceDRM::SetupConcurrentWriteback: Tear down the Concurrent Writeback topology
12-22 11:23:54.433  1251  7935 I SDM     : HWCSession::NotifyCWBStatus: Notify the client about buffer status 0.
12-22 11:23:54.433  1251  7935 I SDM     : HWCSession::PerformFenceWaits: Remove current release fence from the pending fence wait queue.
12-22 11:23:54.433  1251  7935 I SDM     : HWCSession::PerformFenceWaits: CWB fence queue is empty. No pending release fence to wait on.
12-22 11:23:54.451 27325  3077 D AudioTrack: [audioTrackData][fine] 30s(f:30000 m:956 s:2227 k:0) : pid 27325 uid 10269 sessionId 7265 sr 44100 ch 2 fmt 1
12-22 11:23:54.581  2027  3285 D libsensor-displayalgo: the value of  brightness:369.000000,R:69986995.980221,G:62571091.632411,B:49646096.064009,EVENT_C:3077.500000,EVENT_R:1231.000000,EVENT_G:1636.000000,EVENT_B:639.000000
12-22 11:23:54.582  2027  3285 I libsensor-displayalgo: the value of  Coef1:1107.681000,Coef4:2.383000, scale1:0.935522, scale4:0.923264
12-22 11:23:54.582  2027  3285 E libsensor-displayalgo: RGB_test_0407_400_oldzy!
12-22 11:23:54.582  2027  3285 I libsensor-displayalgo: the value of  RESULT2462.420203,1005.265502,1194.042526,424.438515
12-22 11:23:54.582  2027  3285 I libsensor-displayalgo: the value of  getChannelDataCalibrated2569.744830,932.891244,1377.076920,459.444058
12-22 11:23:54.582  2027  3285 I libsensor-displayalgo: the value of  REAL LUX21.790051
12-22 11:23:54.582  2027  3285 I libsensor-displayalgo: the value of  CAL REAL LUX21.790051
12-22 11:23:54.732  1251  2448 I vendor.qti.hardware.display.composer-service: FrameNotifyProcess Sensor: notify citsensorservice to trigger cwb
12-22 11:23:54.733  2027  2027 I libcitsensorservice@2.0-impl: msg_transfer
12-22 11:23:54.733  2027  3266 D vendor.xiaomi.sensor.citsensorservice@2.0-service: handle id:10 wxh:1280x2400 uwxuh:1080x2400 size: 9216000 fd:15 fd_meta:16 flags:0x4000228 usage:0x33  format:0x3 layer_count: 1
12-22 11:23:54.734  1251  2215 I SDM     : HWCSession::SetCWBOutputBuffer: CWB config passed by cwb_client : tappoint 1  CWB_ROI : (829.000000 4.000000 915.000000 90.000000)
12-22 11:23:54.735  1251  7939 I SDM     : HWCSession::ProcessRequests: Successfully configured CWB buffer.
12-22 11:23:54.741  1251  7939 I SDM     : HWCSession::ProcessRequests: Pushing release fence in fenece wait queue.
12-22 11:23:54.741  1251  7939 I SDM     : HWCSession::ProcessRequests: Creating AsyncFenceWaits async thread.
12-22 11:23:54.741  1251  7939 I SDM     : HWCSession::ProcessRequests: Remove current CWB request from the pending request queue.
12-22 11:23:54.741  1251  7939 I SDM     : HWCSession::ProcessRequests: No pending cwb requests found in the queue.
12-22 11:23:54.747  1251  1467 I SDM     : HWDeviceDRM::SetupConcurrentWriteback: Tear down the Concurrent Writeback topology
12-22 11:23:54.754  1251  7940 I SDM     : HWCSession::NotifyCWBStatus: Notify the client about buffer status 0.
12-22 11:23:54.755  1251  7940 I SDM     : HWCSession::PerformFenceWaits: Remove current release fence from the pending fence wait queue.
12-22 11:23:54.755  1251  7940 I SDM     : HWCSession::PerformFenceWaits: CWB fence queue is empty. No pending release fence to wait on.
12-22 11:23:54.882  2027  3285 D libsensor-displayalgo: the value of  brightness:369.000000,R:69986995.980221,G:62571091.632411,B:49646096.064009,EVENT_C:3090.500000,EVENT_R:1234.500000,EVENT_G:1644.500000,EVENT_B:642.000000
12-22 11:23:54.882  2027  3285 I libsensor-displayalgo: the value of  Coef1:1107.681000,Coef4:2.383000, scale1:0.935522, scale4:0.923264
12-22 11:23:54.882  2027  3285 E libsensor-displayalgo: RGB_test_0407_400_oldzy!
12-22 11:23:54.882  2027  3285 I libsensor-displayalgo: the value of  RESULT2462.420203,1005.265502,1194.042526,424.438515
12-22 11:23:54.882  2027  3285 I libsensor-displayalgo: the value of  getChannelDataCalibrated2569.744830,932.891244,1377.076920,459.444058
12-22 11:23:54.882  2027  3285 I libsensor-displayalgo: the value of  REAL LUX22.718616
12-22 11:23:54.882  2027  3285 I libsensor-displayalgo: the value of  CAL REAL LUX22.718616
12-22 11:23:55.017  4496  4496 D MiPlayDetailViewModel: onPositionChange(): position = 74062
12-22 11:23:55.017  9768  6761 I SafeBinderCall: onPositionChange binder cost:1
12-22 11:23:55.053  1251  2448 I vendor.qti.hardware.display.composer-service: FrameNotifyProcess Sensor: notify citsensorservice to trigger cwb
12-22 11:23:55.054  2027  2097 I libcitsensorservice@2.0-impl: msg_transfer
12-22 11:23:55.055  2027  3266 D vendor.xiaomi.sensor.citsensorservice@2.0-service: handle id:10 wxh:1280x2400 uwxuh:1080x2400 size: 9216000 fd:15 fd_meta:16 flags:0x4000228 usage:0x33  format:0x3 layer_count: 1
12-22 11:23:55.055  1251  2215 I SDM     : HWCSession::SetCWBOutputBuffer: CWB config passed by cwb_client : tappoint 1  CWB_ROI : (829.000000 4.000000 915.000000 90.000000)
12-22 11:23:55.056  1251  7942 I SDM     : HWCSession::ProcessRequests: Successfully configured CWB buffer.
12-22 11:23:55.063  1251  7942 I SDM     : HWCSession::ProcessRequests: Pushing release fence in fenece wait queue.
12-22 11:23:55.063  1251  7942 I SDM     : HWCSession::ProcessRequests: Creating AsyncFenceWaits async thread.
12-22 11:23:55.064  1251  7942 I SDM     : HWCSession::ProcessRequests: Remove current CWB request from the pending request queue.
12-22 11:23:55.064  1251  7942 I SDM     : HWCSession::ProcessRequests: No pending cwb requests found in the queue.
12-22 11:23:55.069  1251  1467 I SDM     : HWDeviceDRM::SetupConcurrentWriteback: Tear down the Concurrent Writeback topology
12-22 11:23:55.076  1251  7943 I SDM     : HWCSession::NotifyCWBStatus: Notify the client about buffer status 0.
12-22 11:23:55.076  1251  7943 I SDM     : HWCSession::PerformFenceWaits: Remove current release fence from the pending fence wait queue.
12-22 11:23:55.076  1251  7943 I SDM     : HWCSession::PerformFenceWaits: CWB fence queue is empty. No pending release fence to wait on.
12-22 11:23:55.181  2027  3285 D libsensor-displayalgo: the value of  brightness:369.000000,R:69986995.980221,G:62571091.632411,B:49646096.064009,EVENT_C:3098.500000,EVENT_R:1238.500000,EVENT_G:1650.000000,EVENT_B:644.500000
12-22 11:23:55.182  2027  3285 I libsensor-displayalgo: the value of  Coef1:1107.681000,Coef4:2.383000, scale1:0.935522, scale4:0.923264
12-22 11:23:55.182  2027  3285 E libsensor-displayalgo: RGB_test_0407_400_oldzy!
12-22 11:23:55.182  2027  3285 I libsensor-displayalgo: the value of  RESULT2462.420203,1005.265502,1194.042526,424.438515
12-22 11:23:55.182  2027  3285 I libsensor-displayalgo: the value of  getChannelDataCalibrated2569.744830,932.891244,1377.076920,459.444058
12-22 11:23:55.182  2027  3285 I libsensor-displayalgo: the value of  REAL LUX23.179564
12-22 11:23:55.182  2027  3285 I libsensor-displayalgo: the value of  CAL REAL LUX23.179564
12-22 11:23:55.356  1251  2448 I vendor.qti.hardware.display.composer-service: FrameNotifyProcess Sensor: notify citsensorservice to trigger cwb
12-22 11:23:55.358  2027  2097 I libcitsensorservice@2.0-impl: msg_transfer
12-22 11:23:55.358  2027  3266 D vendor.xiaomi.sensor.citsensorservice@2.0-service: handle id:10 wxh:1280x2400 uwxuh:1080x2400 size: 9216000 fd:15 fd_meta:16 flags:0x4000228 usage:0x33  format:0x3 layer_count: 1
12-22 11:23:55.359  1251  2215 I SDM     : HWCSession::SetCWBOutputBuffer: CWB config passed by cwb_client : tappoint 1  CWB_ROI : (829.000000 4.000000 915.000000 90.000000)
12-22 11:23:55.367  1251  7944 I SDM     : HWCSession::ProcessRequests: Successfully configured CWB buffer.
12-22 11:23:55.375  1251  7944 I SDM     : HWCSession::ProcessRequests: Pushing release fence in fenece wait queue.
12-22 11:23:55.375  1251  7944 I SDM     : HWCSession::ProcessRequests: Creating AsyncFenceWaits async thread.
12-22 11:23:55.376  1251  7944 I SDM     : HWCSession::ProcessRequests: Remove current CWB request from the pending request queue.
12-22 11:23:55.376  1251  7944 I SDM     : HWCSession::ProcessRequests: No pending cwb requests found in the queue.
12-22 11:23:55.381  1251  1467 I SDM     : HWDeviceDRM::SetupConcurrentWriteback: Tear down the Concurrent Writeback topology
12-22 11:23:55.388  1251  7945 I SDM     : HWCSession::NotifyCWBStatus: Notify the client about buffer status 0.
12-22 11:23:55.388  1251  7945 I SDM     : HWCSession::PerformFenceWaits: Remove current release fence from the pending fence wait queue.
12-22 11:23:55.388  1251  7945 I SDM     : HWCSession::PerformFenceWaits: CWB fence queue is empty. No pending release fence to wait on.
12-22 11:23:55.483  2027  3285 D libsensor-displayalgo: the value of  brightness:369.000000,R:69986995.980221,G:62571091.632411,B:49646096.064009,EVENT_C:3089.500000,EVENT_R:1236.000000,EVENT_G:1643.500000,EVENT_B:641.500000
12-22 11:23:55.483  2027  3285 I libsensor-displayalgo: the value of  Coef1:1107.681000,Coef4:2.383000, scale1:0.935522, scale4:0.923264
12-22 11:23:55.483  2027  3285 E libsensor-displayalgo: RGB_test_0407_400_oldzy!
12-22 11:23:55.484  2027  3285 I libsensor-displayalgo: the value of  RESULT2462.420203,1005.265502,1194.042526,424.438515
12-22 11:23:55.484  2027  3285 I libsensor-displayalgo: the value of  getChannelDataCalibrated2569.744830,932.891244,1377.076920,459.444058
12-22 11:23:55.484  2027  3285 I libsensor-displayalgo: the value of  REAL LUX22.586601
12-22 11:23:55.484  2027  3285 I libsensor-displayalgo: the value of  CAL REAL LUX22.586601
12-22 11:23:55.688  1251  2448 I vendor.qti.hardware.display.composer-service: FrameNotifyProcess Sensor: notify citsensorservice to trigger cwb
12-22 11:23:55.691  2027  2096 I libcitsensorservice@2.0-impl: msg_transfer
12-22 11:23:55.692  2027  3266 D vendor.xiaomi.sensor.citsensorservice@2.0-service: handle id:10 wxh:1280x2400 uwxuh:1080x2400 size: 9216000 fd:15 fd_meta:16 flags:0x4000228 usage:0x33  format:0x3 layer_count: 1
12-22 11:23:55.694  1251  2215 I SDM     : HWCSession::SetCWBOutputBuffer: CWB config passed by cwb_client : tappoint 1  CWB_ROI : (829.000000 4.000000 915.000000 90.000000)
12-22 11:23:55.696  1251  7946 I SDM     : HWCSession::ProcessRequests: Successfully configured CWB buffer.
12-22 11:23:55.704  1251  7946 I SDM     : HWCSession::ProcessRequests: Pushing release fence in fenece wait queue.
12-22 11:23:55.705  1251  7946 I SDM     : HWCSession::ProcessRequests: Creating AsyncFenceWaits async thread.
12-22 11:23:55.705  1251  7946 I SDM     : HWCSession::ProcessRequests: Remove current CWB request from the pending request queue.
12-22 11:23:55.706  1251  7946 I SDM     : HWCSession::ProcessRequests: No pending cwb requests found in the queue.
12-22 11:23:55.710  1251  1467 I SDM     : HWDeviceDRM::SetupConcurrentWriteback: Tear down the Concurrent Writeback topology
12-22 11:23:55.718  1251  7947 I SDM     : HWCSession::NotifyCWBStatus: Notify the client about buffer status 0.
12-22 11:23:55.718  1251  7947 I SDM     : HWCSession::PerformFenceWaits: Remove current release fence from the pending fence wait queue.
12-22 11:23:55.718  1251  7947 I SDM     : HWCSession::PerformFenceWaits: CWB fence queue is empty. No pending release fence to wait on.
12-22 11:23:55.744  2475  3650 D MiuiNetworkPolicy: updateLimit mLimitEnabled=true,enabled=false,mNetworkPriorityMode=1
12-22 11:23:55.782  2027  3285 D libsensor-displayalgo: the value of  brightness:369.000000,R:69986995.980221,G:62571091.632411,B:49646096.064009,EVENT_C:3101.000000,EVENT_R:1238.500000,EVENT_G:1648.500000,EVENT_B:642.500000
12-22 11:23:55.782  2027  3285 I libsensor-displayalgo: the value of  Coef1:1107.681000,Coef4:2.383000, scale1:0.935522, scale4:0.923264
12-22 11:23:55.782  2027  3285 E libsensor-displayalgo: RGB_test_0407_400_oldzy!
12-22 11:23:55.782  2027  3285 I libsensor-displayalgo: the value of  RESULT2462.420203,1005.265502,1194.042526,424.438515
12-22 11:23:55.783  2027  3285 I libsensor-displayalgo: the value of  getChannelDataCalibrated2569.744830,932.891244,1377.076920,459.444058
12-22 11:23:55.783  2027  3285 I libsensor-displayalgo: the value of  REAL LUX23.450218
12-22 11:23:55.783  2027  3285 I libsensor-displayalgo: the value of  CAL REAL LUX23.450218
12-22 11:23:55.919  5773  8966 D SLM-SRV-SLAService: checktemp temperature = 30985 temperature_average = 30962 isPerformanceMode = false thermal_enable_slm = true
12-22 11:23:55.992  1251  2448 I vendor.qti.hardware.display.composer-service: FrameNotifyProcess Sensor: notify citsensorservice to trigger cwb
12-22 11:23:55.993  2027  2096 I libcitsensorservice@2.0-impl: msg_transfer
12-22 11:23:55.993  2027  3266 D vendor.xiaomi.sensor.citsensorservice@2.0-service: handle id:10 wxh:1280x2400 uwxuh:1080x2400 size: 9216000 fd:15 fd_meta:16 flags:0x4000228 usage:0x33  format:0x3 layer_count: 1
12-22 11:23:55.994  1251  2215 I SDM     : HWCSession::SetCWBOutputBuffer: CWB config passed by cwb_client : tappoint 1  CWB_ROI : (829.000000 4.000000 915.000000 90.000000)
12-22 11:23:55.997  1251  7948 I SDM     : HWCSession::ProcessRequests: Successfully configured CWB buffer.
12-22 11:23:56.009  1251  7948 I SDM     : HWCSession::ProcessRequests: Pushing release fence in fenece wait queue.
12-22 11:23:56.009  1251  7948 I SDM     : HWCSession::ProcessRequests: Creating AsyncFenceWaits async thread.
12-22 11:23:56.010  1251  7948 I SDM     : HWCSession::ProcessRequests: Remove current CWB request from the pending request queue.
12-22 11:23:56.010  1251  7948 I SDM     : HWCSession::ProcessRequests: No pending cwb requests found in the queue.
12-22 11:23:56.016  1251  1467 I SDM     : HWDeviceDRM::SetupConcurrentWriteback: Tear down the Concurrent Writeback topology
12-22 11:23:56.017  9768  6761 I SafeBinderCall: onPositionChange binder cost:1
12-22 11:23:56.018  4496  4496 D MiPlayDetailViewModel: onPositionChange(): position = 75062
12-22 11:23:56.022  1251  7949 I SDM     : HWCSession::NotifyCWBStatus: Notify the client about buffer status 0.
12-22 11:23:56.023  1251  7949 I SDM     : HWCSession::PerformFenceWaits: Remove current release fence from the pending fence wait queue.
12-22 11:23:56.023  1251  7949 I SDM     : HWCSession::PerformFenceWaits: CWB fence queue is empty. No pending release fence to wait on.
12-22 11:23:56.082  2027  3285 D libsensor-displayalgo: the value of  brightness:369.000000,R:69986995.980221,G:62571091.632411,B:49646096.064009,EVENT_C:3083.500000,EVENT_R:1233.000000,EVENT_G:1639.500000,EVENT_B:640.000000
12-22 11:23:56.082  2027  3285 I libsensor-displayalgo: the value of  Coef1:1107.681000,Coef4:2.383000, scale1:0.935522, scale4:0.923264
12-22 11:23:56.082  2027  3285 E libsensor-displayalgo: RGB_test_0407_400_oldzy!
12-22 11:23:56.083  2027  3285 I libsensor-displayalgo: the value of  RESULT2462.420203,1005.265502,1194.042526,424.438515
12-22 11:23:56.083  2027  3285 I libsensor-displayalgo: the value of  getChannelDataCalibrated2569.744830,932.891244,1377.076920,459.444058
12-22 11:23:56.083  2027  3285 I libsensor-displayalgo: the value of  REAL LUX22.216108
12-22 11:23:56.083  2027  3285 I libsensor-displayalgo: the value of  CAL REAL LUX22.216108
12-22 11:23:56.321  1251  2448 I vendor.qti.hardware.display.composer-service: FrameNotifyProcess Sensor: notify citsensorservice to trigger cwb
12-22 11:23:56.322  2027  2096 I libcitsensorservice@2.0-impl: msg_transfer
12-22 11:23:56.322  2027  3266 D vendor.xiaomi.sensor.citsensorservice@2.0-service: handle id:10 wxh:1280x2400 uwxuh:1080x2400 size: 9216000 fd:15 fd_meta:16 flags:0x4000228 usage:0x33  format:0x3 layer_count: 1
12-22 11:23:56.323  1251  2215 I SDM     : HWCSession::SetCWBOutputBuffer: CWB config passed by cwb_client : tappoint 1  CWB_ROI : (829.000000 4.000000 915.000000 90.000000)
12-22 11:23:56.326  1251  7952 I SDM     : HWCSession::ProcessRequests: Successfully configured CWB buffer.
12-22 11:23:56.333  1251  7952 I SDM     : HWCSession::ProcessRequests: Pushing release fence in fenece wait queue.
12-22 11:23:56.334  1251  7952 I SDM     : HWCSession::ProcessRequests: Creating AsyncFenceWaits async thread.
12-22 11:23:56.335  1251  7952 I SDM     : HWCSession::ProcessRequests: Remove current CWB request from the pending request queue.
12-22 11:23:56.335  1251  7952 I SDM     : HWCSession::ProcessRequests: No pending cwb requests found in the queue.
12-22 11:23:56.338  1251  1467 I SDM     : HWDeviceDRM::SetupConcurrentWriteback: Tear down the Concurrent Writeback topology
12-22 11:23:56.344  1251  7953 I SDM     : HWCSession::NotifyCWBStatus: Notify the client about buffer status 0.
12-22 11:23:56.345  1251  7953 I SDM     : HWCSession::PerformFenceWaits: Remove current release fence from the pending fence wait queue.
12-22 11:23:56.345  1251  7953 I SDM     : HWCSession::PerformFenceWaits: CWB fence queue is empty. No pending release fence to wait on.
12-22 11:23:56.414  1131  1158 W FrameworkListener: Handler 'getaddrinfo' error (No such file or directory)
12-22 11:23:56.415 10365  7954 W dfak    : [{0}] Failed to resolve name. status={1}
12-22 11:23:56.481  2027  3285 D libsensor-displayalgo: the value of  brightness:369.000000,R:69983820.730805,G:62568246.651937,B:49643846.123505,EVENT_C:3080.000000,EVENT_R:1232.000000,EVENT_G:1637.000000,EVENT_B:639.500000
12-22 11:23:56.481  2027  3285 I libsensor-displayalgo: the value of  Coef1:1107.681000,Coef4:2.383000, scale1:0.935522, scale4:0.923264
12-22 11:23:56.481  2027  3285 E libsensor-displayalgo: RGB_test_0407_400_oldzy!
12-22 11:23:56.481  2027  3285 I libsensor-displayalgo: the value of  RESULT2462.350889,1005.235407,1194.011829,424.425845
12-22 11:23:56.481  2027  3285 I libsensor-displayalgo: the value of  getChannelDataCalibrated2569.672495,932.863316,1377.041517,459.430343
12-22 11:23:56.481  2027  3285 I libsensor-displayalgo: the value of  REAL LUX21.938217
12-22 11:23:56.481  2027  3285 I libsensor-displayalgo: the value of  CAL REAL LUX21.938217
12-22 11:23:56.643  1251  2448 I vendor.qti.hardware.display.composer-service: FrameNotifyProcess Sensor: notify citsensorservice to trigger cwb
12-22 11:23:56.644  2027  2096 I libcitsensorservice@2.0-impl: msg_transfer
12-22 11:23:56.644  2027  3266 D vendor.xiaomi.sensor.citsensorservice@2.0-service: handle id:10 wxh:1280x2400 uwxuh:1080x2400 size: 9216000 fd:15 fd_meta:16 flags:0x4000228 usage:0x33  format:0x3 layer_count: 1
12-22 11:23:56.645  1251  2215 I SDM     : HWCSession::SetCWBOutputBuffer: CWB config passed by cwb_client : tappoint 1  CWB_ROI : (829.000000 4.000000 915.000000 90.000000)
12-22 11:23:56.646  1251  7957 I SDM     : HWCSession::ProcessRequests: Successfully configured CWB buffer.
12-22 11:23:56.656  1251  7957 I SDM     : HWCSession::ProcessRequests: Pushing release fence in fenece wait queue.
12-22 11:23:56.656  1251  7957 I SDM     : HWCSession::ProcessRequests: Creating AsyncFenceWaits async thread.
12-22 11:23:56.657  1251  7957 I SDM     : HWCSession::ProcessRequests: Remove current CWB request from the pending request queue.
12-22 11:23:56.657  1251  7957 I SDM     : HWCSession::ProcessRequests: No pending cwb requests found in the queue.
12-22 11:23:56.665  1251  7958 I SDM     : HWCSession::NotifyCWBStatus: Notify the client about buffer status 0.
12-22 11:23:56.665  1251  7958 I SDM     : HWCSession::PerformFenceWaits: Remove current release fence from the pending fence wait queue.
12-22 11:23:56.665  1251  7958 I SDM     : HWCSession::PerformFenceWaits: CWB fence queue is empty. No pending release fence to wait on.
12-22 11:23:56.666  1251  1467 I SDM     : HWDeviceDRM::SetupConcurrentWriteback: Tear down the Concurrent Writeback topology
12-22 11:23:56.782  2027  3285 D libsensor-displayalgo: the value of  brightness:369.000000,R:69983820.730805,G:62568246.651937,B:49643846.123505,EVENT_C:3094.500000,EVENT_R:1236.000000,EVENT_G:1644.500000,EVENT_B:642.500000
12-22 11:23:56.784  2027  3285 I libsensor-displayalgo: the value of  Coef1:1107.681000,Coef4:2.383000, scale1:0.935522, scale4:0.923264
12-22 11:23:56.784  2027  3285 E libsensor-displayalgo: RGB_test_0407_400_oldzy!
12-22 11:23:56.785  2027  3285 I libsensor-displayalgo: the value of  RESULT2462.350889,1005.235407,1194.011829,424.425845
12-22 11:23:56.785  2027  3285 I libsensor-displayalgo: the value of  getChannelDataCalibrated2569.672495,932.863316,1377.041517,459.430343
12-22 11:23:56.785  2027  3285 I libsensor-displayalgo: the value of  REAL LUX22.908289
12-22 11:23:56.785  2027  3285 I libsensor-displayalgo: the value of  CAL REAL LUX22.908289
12-22 11:23:56.881  9282  9475 I ZPlanGuardManager: onBackgroundUnguardTimeTick, tick=95
12-22 11:23:56.955  1251  2448 I vendor.qti.hardware.display.composer-service: FrameNotifyProcess Sensor: notify citsensorservice to trigger cwb
12-22 11:23:56.956  2027  2027 I libcitsensorservice@2.0-impl: msg_transfer
12-22 11:23:56.957  2027  3266 D vendor.xiaomi.sensor.citsensorservice@2.0-service: handle id:10 wxh:1280x2400 uwxuh:1080x2400 size: 9216000 fd:15 fd_meta:16 flags:0x4000228 usage:0x33  format:0x3 layer_count: 1
12-22 11:23:56.957  1251  2215 I SDM     : HWCSession::SetCWBOutputBuffer: CWB config passed by cwb_client : tappoint 1  CWB_ROI : (829.000000 4.000000 915.000000 90.000000)
12-22 11:23:56.960  1251  7961 I SDM     : HWCSession::ProcessRequests: Successfully configured CWB buffer.
12-22 11:23:56.966  1251  7961 I SDM     : HWCSession::ProcessRequests: Pushing release fence in fenece wait queue.
12-22 11:23:56.966  1251  7961 I SDM     : HWCSession::ProcessRequests: Creating AsyncFenceWaits async thread.
12-22 11:23:56.967  1251  7961 I SDM     : HWCSession::ProcessRequests: Remove current CWB request from the pending request queue.
12-22 11:23:56.967  1251  7961 I SDM     : HWCSession::ProcessRequests: No pending cwb requests found in the queue.
12-22 11:23:56.971  1251  1467 I SDM     : HWDeviceDRM::SetupConcurrentWriteback: Tear down the Concurrent Writeback topology
12-22 11:23:56.978  1251  7962 I SDM     : HWCSession::NotifyCWBStatus: Notify the client about buffer status 0.
12-22 11:23:56.978  1251  7962 I SDM     : HWCSession::PerformFenceWaits: Remove current release fence from the pending fence wait queue.
12-22 11:23:56.978  1251  7962 I SDM     : HWCSession::PerformFenceWaits: CWB fence queue is empty. No pending release fence to wait on.
12-22 11:23:56.984 13055 13339 D MemoryCeilingMonitor: [handleMemoryCalculate]
12-22 11:23:56.984 13055 13339 D MemoryCeilingMonitor: [calculate] tot: 6198120, max: 268435456, free: 1499072, heap: 4699048, per: 0.01750531792640686
12-22 11:23:57.017  9768  6761 I SafeBinderCall: onPositionChange binder cost:1
12-22 11:23:57.017  4496  4496 D MiPlayDetailViewModel: onPositionChange(): position = 76062
12-22 11:23:57.082  2027  3285 D libsensor-displayalgo: the value of  brightness:369.000000,R:69983820.730805,G:62568246.651937,B:49643846.123505,EVENT_C:3080.000000,EVENT_R:1230.500000,EVENT_G:1635.500000,EVENT_B:639.500000
12-22 11:23:57.082  2027  3285 I libsensor-displayalgo: the value of  Coef1:1107.681000,Coef4:2.383000, scale1:0.935522, scale4:0.923264
12-22 11:23:57.082  2027  3285 E libsensor-displayalgo: RGB_test_0407_400_oldzy!
12-22 11:23:57.083  2027  3285 I libsensor-displayalgo: the value of  RESULT2462.350889,1005.235407,1194.011829,424.425845
12-22 11:23:57.083  2027  3285 I libsensor-displayalgo: the value of  getChannelDataCalibrated2569.672495,932.863316,1377.041517,459.430343
12-22 11:23:57.083  2027  3285 I libsensor-displayalgo: the value of  REAL LUX21.926521
12-22 11:23:57.083  2027  3285 I libsensor-displayalgo: the value of  CAL REAL LUX21.926521
12-22 11:23:57.284  1251  2448 I vendor.qti.hardware.display.composer-service: FrameNotifyProcess Sensor: notify citsensorservice to trigger cwb
12-22 11:23:57.285  2027  2027 I libcitsensorservice@2.0-impl: msg_transfer
12-22 11:23:57.286  2027  3266 D vendor.xiaomi.sensor.citsensorservice@2.0-service: handle id:10 wxh:1280x2400 uwxuh:1080x2400 size: 9216000 fd:15 fd_meta:16 flags:0x4000228 usage:0x33  format:0x3 layer_count: 1
12-22 11:23:57.286  1251  2215 I SDM     : HWCSession::SetCWBOutputBuffer: CWB config passed by cwb_client : tappoint 1  CWB_ROI : (829.000000 4.000000 915.000000 90.000000)
12-22 11:23:57.288  1251  7965 I SDM     : HWCSession::ProcessRequests: Successfully configured CWB buffer.
12-22 11:23:57.302  1251  7965 I SDM     : HWCSession::ProcessRequests: Pushing release fence in fenece wait queue.
12-22 11:23:57.302  1251  7965 I SDM     : HWCSession::ProcessRequests: Creating AsyncFenceWaits async thread.
12-22 11:23:57.302  1251  7965 I SDM     : HWCSession::ProcessRequests: Remove current CWB request from the pending request queue.
12-22 11:23:57.303  1251  7965 I SDM     : HWCSession::ProcessRequests: No pending cwb requests found in the queue.
12-22 11:23:57.309  1251  1467 I SDM     : HWDeviceDRM::SetupConcurrentWriteback: Tear down the Concurrent Writeback topology
12-22 11:23:57.315  1251  7966 I SDM     : HWCSession::NotifyCWBStatus: Notify the client about buffer status 0.
12-22 11:23:57.316  1251  7966 I SDM     : HWCSession::PerformFenceWaits: Remove current release fence from the pending fence wait queue.
12-22 11:23:57.316  1251  7966 I SDM     : HWCSession::PerformFenceWaits: CWB fence queue is empty. No pending release fence to wait on.
12-22 11:23:57.382  2027  3285 D libsensor-displayalgo: the value of  brightness:369.000000,R:69983820.730805,G:62568246.651937,B:49643846.123505,EVENT_C:3103.000000,EVENT_R:1240.000000,EVENT_G:1650.000000,EVENT_B:644.000000
12-22 11:23:57.382  2027  3285 I libsensor-displayalgo: the value of  Coef1:1107.681000,Coef4:2.383000, scale1:0.935522, scale4:0.923264
12-22 11:23:57.382  2027  3285 E libsensor-displayalgo: RGB_test_0407_400_oldzy!
12-22 11:23:57.383  2027  3285 I libsensor-displayalgo: the value of  RESULT2462.350889,1005.235407,1194.011829,424.425845
12-22 11:23:57.383  2027  3285 I libsensor-displayalgo: the value of  getChannelDataCalibrated2569.672495,932.863316,1377.041517,459.430343
12-22 11:23:57.383  2027  3285 I libsensor-displayalgo: the value of  REAL LUX23.485764
12-22 11:23:57.383  2027  3285 I libsensor-displayalgo: the value of  CAL REAL LUX23.485764
12-22 11:23:57.589  1251  2448 I vendor.qti.hardware.display.composer-service: FrameNotifyProcess Sensor: notify citsensorservice to trigger cwb
12-22 11:23:57.590  2027  2027 I libcitsensorservice@2.0-impl: msg_transfer
12-22 11:23:57.591  2027  3266 D vendor.xiaomi.sensor.citsensorservice@2.0-service: handle id:10 wxh:1280x2400 uwxuh:1080x2400 size: 9216000 fd:15 fd_meta:16 flags:0x4000228 usage:0x33  format:0x3 layer_count: 1
12-22 11:23:57.592  1251  2215 I SDM     : HWCSession::SetCWBOutputBuffer: CWB config passed by cwb_client : tappoint 1  CWB_ROI : (829.000000 4.000000 915.000000 90.000000)
12-22 11:23:57.593  1251  7968 I SDM     : HWCSession::ProcessRequests: Successfully configured CWB buffer.
12-22 11:23:57.598  1251  7968 I SDM     : HWCSession::ProcessRequests: Pushing release fence in fenece wait queue.
12-22 11:23:57.598  1251  7968 I SDM     : HWCSession::ProcessRequests: Creating AsyncFenceWaits async thread.
12-22 11:23:57.599  1251  7968 I SDM     : HWCSession::ProcessRequests: Remove current CWB request from the pending request queue.
12-22 11:23:57.600  1251  7968 I SDM     : HWCSession::ProcessRequests: No pending cwb requests found in the queue.
12-22 11:23:57.604  1251  1467 I SDM     : HWDeviceDRM::SetupConcurrentWriteback: Tear down the Concurrent Writeback topology
12-22 11:23:57.612  1251  7969 I SDM     : HWCSession::NotifyCWBStatus: Notify the client about buffer status 0.
12-22 11:23:57.612  1251  7969 I SDM     : HWCSession::PerformFenceWaits: Remove current release fence from the pending fence wait queue.
12-22 11:23:57.612  1251  7969 I SDM     : HWCSession::PerformFenceWaits: CWB fence queue is empty. No pending release fence to wait on.
12-22 11:23:57.681  2027  3285 D libsensor-displayalgo: the value of  brightness:369.000000,R:69983820.730805,G:62568246.651937,B:49643846.123505,EVENT_C:3083.500000,EVENT_R:1231.000000,EVENT_G:1638.500000,EVENT_B:640.000000
12-22 11:23:57.682  2027  3285 I libsensor-displayalgo: the value of  Coef1:1107.681000,Coef4:2.383000, scale1:0.935522, scale4:0.923264
12-22 11:23:57.682  2027  3285 E libsensor-displayalgo: RGB_test_0407_400_oldzy!
12-22 11:23:57.682  2027  3285 I libsensor-displayalgo: the value of  RESULT2462.350889,1005.235407,1194.011829,424.425845
12-22 11:23:57.682  2027  3285 I libsensor-displayalgo: the value of  getChannelDataCalibrated2569.672495,932.863316,1377.041517,459.430343
12-22 11:23:57.682  2027  3285 I libsensor-displayalgo: the value of  REAL LUX22.250565
12-22 11:23:57.682  2027  3285 I libsensor-displayalgo: the value of  CAL REAL LUX22.250565
12-22 11:23:57.910  1251  2448 I vendor.qti.hardware.display.composer-service: FrameNotifyProcess Sensor: notify citsensorservice to trigger cwb
12-22 11:23:57.911  2027  2027 I libcitsensorservice@2.0-impl: msg_transfer
12-22 11:23:57.913  2027  3266 D vendor.xiaomi.sensor.citsensorservice@2.0-service: handle id:10 wxh:1280x2400 uwxuh:1080x2400 size: 9216000 fd:15 fd_meta:16 flags:0x4000228 usage:0x33  format:0x3 layer_count: 1
12-22 11:23:57.914  1251  2215 I SDM     : HWCSession::SetCWBOutputBuffer: CWB config passed by cwb_client : tappoint 1  CWB_ROI : (829.000000 4.000000 915.000000 90.000000)
12-22 11:23:57.916  1251  7973 I SDM     : HWCSession::ProcessRequests: Successfully configured CWB buffer.
12-22 11:23:57.928  1251  7973 I SDM     : HWCSession::ProcessRequests: Pushing release fence in fenece wait queue.
12-22 11:23:57.928  1251  7973 I SDM     : HWCSession::ProcessRequests: Creating AsyncFenceWaits async thread.
12-22 11:23:57.928  1251  7973 I SDM     : HWCSession::ProcessRequests: Remove current CWB request from the pending request queue.
12-22 11:23:57.928  1251  7973 I SDM     : HWCSession::ProcessRequests: No pending cwb requests found in the queue.
12-22 11:23:57.934  1251  1467 I SDM     : HWDeviceDRM::SetupConcurrentWriteback: Tear down the Concurrent Writeback topology
12-22 11:23:57.941  1251  7974 I SDM     : HWCSession::NotifyCWBStatus: Notify the client about buffer status 0.
12-22 11:23:57.942  1251  7974 I SDM     : HWCSession::PerformFenceWaits: Remove current release fence from the pending fence wait queue.
12-22 11:23:57.942  1251  7974 I SDM     : HWCSession::PerformFenceWaits: CWB fence queue is empty. No pending release fence to wait on.
12-22 11:23:58.017  4496  4496 D MiPlayDetailViewModel: onPositionChange(): position = 77062
12-22 11:23:58.017  9768  6761 I SafeBinderCall: onPositionChange binder cost:0
12-22 11:23:58.081  2027  3285 D libsensor-displayalgo: the value of  brightness:369.000000,R:69983820.730805,G:62568246.651937,B:49643846.123505,EVENT_C:3094.000000,EVENT_R:1237.500000,EVENT_G:1644.500000,EVENT_B:642.500000
12-22 11:23:58.082  2027  3285 I libsensor-displayalgo: the value of  Coef1:1107.681000,Coef4:2.383000, scale1:0.935522, scale4:0.923264
12-22 11:23:58.082  2027  3285 E libsensor-displayalgo: RGB_test_0407_400_oldzy!
12-22 11:23:58.082  2027  3285 I libsensor-displayalgo: the value of  RESULT2462.350889,1005.235407,1194.011829,424.425845
12-22 11:23:58.082  2027  3285 I libsensor-displayalgo: the value of  getChannelDataCalibrated2569.672495,932.863316,1377.041517,459.430343
12-22 11:23:58.082  2027  3285 I libsensor-displayalgo: the value of  REAL LUX22.816450
12-22 11:23:58.082  2027  3285 I libsensor-displayalgo: the value of  CAL REAL LUX22.816450
12-22 11:23:58.230  1251  2448 I vendor.qti.hardware.display.composer-service: FrameNotifyProcess Sensor: notify citsensorservice to trigger cwb
12-22 11:23:58.231  2027  2096 I libcitsensorservice@2.0-impl: msg_transfer
12-22 11:23:58.232  2027  3266 D vendor.xiaomi.sensor.citsensorservice@2.0-service: handle id:10 wxh:1280x2400 uwxuh:1080x2400 size: 9216000 fd:15 fd_meta:16 flags:0x4000228 usage:0x33  format:0x3 layer_count: 1
12-22 11:23:58.232  1251  2215 I SDM     : HWCSession::SetCWBOutputBuffer: CWB config passed by cwb_client : tappoint 1  CWB_ROI : (829.000000 4.000000 915.000000 90.000000)
12-22 11:23:58.234  1251  7977 I SDM     : HWCSession::ProcessRequests: Successfully configured CWB buffer.
12-22 11:23:58.241  1251  7977 I SDM     : HWCSession::ProcessRequests: Pushing release fence in fenece wait queue.
12-22 11:23:58.241  1251  7977 I SDM     : HWCSession::ProcessRequests: Creating AsyncFenceWaits async thread.
12-22 11:23:58.241  1251  7977 I SDM     : HWCSession::ProcessRequests: Remove current CWB request from the pending request queue.
12-22 11:23:58.242  1251  7977 I SDM     : HWCSession::ProcessRequests: No pending cwb requests found in the queue.
12-22 11:23:58.247  1251  1467 I SDM     : HWDeviceDRM::SetupConcurrentWriteback: Tear down the Concurrent Writeback topology
12-22 11:23:58.254  1251  7978 I SDM     : HWCSession::NotifyCWBStatus: Notify the client about buffer status 0.
12-22 11:23:58.257  1251  7978 I SDM     : HWCSession::PerformFenceWaits: Remove current release fence from the pending fence wait queue.
12-22 11:23:58.257  1251  7978 I SDM     : HWCSession::PerformFenceWaits: CWB fence queue is empty. No pending release fence to wait on.
12-22 11:23:58.382  2027  3285 D libsensor-displayalgo: the value of  brightness:369.000000,R:69983820.730805,G:62568246.651937,B:49643846.123505,EVENT_C:3095.500000,EVENT_R:1236.000000,EVENT_G:1647.000000,EVENT_B:642.500000
12-22 11:23:58.382  2027  3285 I libsensor-displayalgo: the value of  Coef1:1107.681000,Coef4:2.383000, scale1:0.935522, scale4:0.923264
12-22 11:23:58.382  2027  3285 E libsensor-displayalgo: RGB_test_0407_400_oldzy!
12-22 11:23:58.382  2027  3285 I libsensor-displayalgo: the value of  RESULT2462.350889,1005.235407,1194.011829,424.425845
12-22 11:23:58.382  2027  3285 I libsensor-displayalgo: the value of  getChannelDataCalibrated2569.672495,932.863316,1377.041517,459.430343
12-22 11:23:58.382  2027  3285 I libsensor-displayalgo: the value of  REAL LUX23.092615
12-22 11:23:58.383  2027  3285 I libsensor-displayalgo: the value of  CAL REAL LUX23.092615
12-22 11:23:58.544  1251  2448 I vendor.qti.hardware.display.composer-service: FrameNotifyProcess Sensor: notify citsensorservice to trigger cwb
12-22 11:23:58.544  2027  2027 I libcitsensorservice@2.0-impl: msg_transfer
12-22 11:23:58.545  2027  3266 D vendor.xiaomi.sensor.citsensorservice@2.0-service: handle id:10 wxh:1280x2400 uwxuh:1080x2400 size: 9216000 fd:15 fd_meta:16 flags:0x4000228 usage:0x33  format:0x3 layer_count: 1
12-22 11:23:58.546  1251  2215 I SDM     : HWCSession::SetCWBOutputBuffer: CWB config passed by cwb_client : tappoint 1  CWB_ROI : (829.000000 4.000000 915.000000 90.000000)
12-22 11:23:58.547  1251  7980 I SDM     : HWCSession::ProcessRequests: Successfully configured CWB buffer.
12-22 11:23:58.555  1251  7980 I SDM     : HWCSession::ProcessRequests: Pushing release fence in fenece wait queue.
12-22 11:23:58.556  1251  7980 I SDM     : HWCSession::ProcessRequests: Creating AsyncFenceWaits async thread.
12-22 11:23:58.556  1251  7980 I SDM     : HWCSession::ProcessRequests: Remove current CWB request from the pending request queue.
12-22 11:23:58.556  1251  7980 I SDM     : HWCSession::ProcessRequests: No pending cwb requests found in the queue.
12-22 11:23:58.559  1251  1467 I SDM     : HWDeviceDRM::SetupConcurrentWriteback: Tear down the Concurrent Writeback topology
12-22 11:23:58.567  1251  7981 I SDM     : HWCSession::NotifyCWBStatus: Notify the client about buffer status 0.
12-22 11:23:58.567  1251  7981 I SDM     : HWCSession::PerformFenceWaits: Remove current release fence from the pending fence wait queue.
12-22 11:23:58.567  1251  7981 I SDM     : HWCSession::PerformFenceWaits: CWB fence queue is empty. No pending release fence to wait on.
12-22 11:23:58.682  2027  3285 D libsensor-displayalgo: the value of  brightness:369.000000,R:69983820.730805,G:62568246.651937,B:49643846.123505,EVENT_C:3096.500000,EVENT_R:1238.500000,EVENT_G:1647.000000,EVENT_B:642.500000
12-22 11:23:58.682  2027  3285 I libsensor-displayalgo: the value of  Coef1:1107.681000,Coef4:2.383000, scale1:0.935522, scale4:0.923264
12-22 11:23:58.682  2027  3285 E libsensor-displayalgo: RGB_test_0407_400_oldzy!
12-22 11:23:58.683  2027  3285 I libsensor-displayalgo: the value of  RESULT2462.350889,1005.235407,1194.011829,424.425845
12-22 11:23:58.683  2027  3285 I libsensor-displayalgo: the value of  getChannelDataCalibrated2569.672495,932.863316,1377.041517,459.430343
12-22 11:23:58.683  2027  3285 I libsensor-displayalgo: the value of  REAL LUX23.068935
12-22 11:23:58.683  2027  3285 I libsensor-displayalgo: the value of  CAL REAL LUX23.068935
12-22 11:23:58.857  1251  2448 I vendor.qti.hardware.display.composer-service: FrameNotifyProcess Sensor: notify citsensorservice to trigger cwb
12-22 11:23:58.857  2027  2096 I libcitsensorservice@2.0-impl: msg_transfer
12-22 11:23:58.859  2027  3266 D vendor.xiaomi.sensor.citsensorservice@2.0-service: handle id:10 wxh:1280x2400 uwxuh:1080x2400 size: 9216000 fd:15 fd_meta:16 flags:0x4000228 usage:0x33  format:0x3 layer_count: 1
12-22 11:23:58.859  1251  2215 I SDM     : HWCSession::SetCWBOutputBuffer: CWB config passed by cwb_client : tappoint 1  CWB_ROI : (829.000000 4.000000 915.000000 90.000000)
12-22 11:23:58.860  1251  7983 I SDM     : HWCSession::ProcessRequests: Successfully configured CWB buffer.
12-22 11:23:58.866  1251  7983 I SDM     : HWCSession::ProcessRequests: Pushing release fence in fenece wait queue.
12-22 11:23:58.867  1251  7983 I SDM     : HWCSession::ProcessRequests: Creating AsyncFenceWaits async thread.
12-22 11:23:58.867  1251  7983 I SDM     : HWCSession::ProcessRequests: Remove current CWB request from the pending request queue.
12-22 11:23:58.867  1251  7983 I SDM     : HWCSession::ProcessRequests: No pending cwb requests found in the queue.
12-22 11:23:58.873  1251  1467 I SDM     : HWDeviceDRM::SetupConcurrentWriteback: Tear down the Concurrent Writeback topology
12-22 11:23:58.880  1251  7984 I SDM     : HWCSession::NotifyCWBStatus: Notify the client about buffer status 0.
12-22 11:23:58.880  1251  7984 I SDM     : HWCSession::PerformFenceWaits: Remove current release fence from the pending fence wait queue.
12-22 11:23:58.880  1251  7984 I SDM     : HWCSession::PerformFenceWaits: CWB fence queue is empty. No pending release fence to wait on.
12-22 11:23:58.982  2027  3285 D libsensor-displayalgo: the value of  brightness:369.000000,R:69983820.730805,G:62568246.651937,B:49643846.123505,EVENT_C:3102.000000,EVENT_R:1239.000000,EVENT_G:1650.000000,EVENT_B:644.500000
12-22 11:23:58.982  2027  3285 I libsensor-displayalgo: the value of  Coef1:1107.681000,Coef4:2.383000, scale1:0.935522, scale4:0.923264
12-22 11:23:58.982  2027  3285 E libsensor-displayalgo: RGB_test_0407_400_oldzy!
12-22 11:23:58.983  2027  3285 I libsensor-displayalgo: the value of  RESULT2462.350889,1005.235407,1194.011829,424.425845
12-22 11:23:58.983  2027  3285 I libsensor-displayalgo: the value of  getChannelDataCalibrated2569.672495,932.863316,1377.041517,459.430343
12-22 11:23:58.983  2027  3285 I libsensor-displayalgo: the value of  REAL LUX23.412273
12-22 11:23:58.983  2027  3285 I libsensor-displayalgo: the value of  CAL REAL LUX23.412273
12-22 11:23:59.016  4496  4496 D MiPlayDetailViewModel: onPositionChange(): position = 78061
12-22 11:23:59.016  9768  6761 I SafeBinderCall: onPositionChange binder cost:0
12-22 11:23:59.186  1251  2448 I vendor.qti.hardware.display.composer-service: FrameNotifyProcess Sensor: notify citsensorservice to trigger cwb
12-22 11:23:59.186  2027  2096 I libcitsensorservice@2.0-impl: msg_transfer
