12-22 11:23:47.786  1251  7850 I SDM     : HWCSession::ProcessRequests: No pending cwb requests found in the queue.
12-22 11:23:47.791  1251  1467 I SDM     : HWDeviceDRM::SetupConcurrentWriteback: Tear down the Concurrent Writeback topology
12-22 11:23:47.800  1251  7851 I SDM     : HWCSession::NotifyCWBStatus: Notify the client about buffer status 0.
12-22 11:23:47.800  1251  7851 I SDM     : HWCSession::PerformFenceWaits: Remove current release fence from the pending fence wait queue.
12-22 11:23:47.800  1251  7851 I SDM     : HWCSession::PerformFenceWaits: CWB fence queue is empty. No pending release fence to wait on.
12-22 11:23:48.018  4496  4496 D MiPlayDetailViewModel: onPositionChange(): position = 67063
12-22 11:23:48.019  9768  6761 I SafeBinderCall: onPositionChange binder cost:1
12-22 11:23:48.097  1251  2448 I vendor.qti.hardware.display.composer-service: FrameNotifyProcess Sensor: notify citsensorservice to trigger cwb
12-22 11:23:48.098  2027  2027 I libcitsensorservice@2.0-impl: msg_transfer
12-22 11:23:48.098  2027  3266 D vendor.xiaomi.sensor.citsensorservice@2.0-service: handle id:10 wxh:1280x2400 uwxuh:1080x2400 size: 9216000 fd:15 fd_meta:16 flags:0x4000228 usage:0x33  format:0x3 layer_count: 1
12-22 11:23:48.099  1251  2215 I SDM     : HWCSession::SetCWBOutputBuffer: CWB config passed by cwb_client : tappoint 1  CWB_ROI : (829.000000 4.000000 915.000000 90.000000)
12-22 11:23:48.105  1251  7854 I SDM     : HWCSession::ProcessRequests: Successfully configured CWB buffer.
12-22 11:23:48.115  1251  7854 I SDM     : HWCSession::ProcessRequests: Pushing release fence in fenece wait queue.
12-22 11:23:48.115  1251  7854 I SDM     : HWCSession::ProcessRequests: Creating AsyncFenceWaits async thread.
12-22 11:23:48.115  1251  7854 I SDM     : HWCSession::ProcessRequests: Remove current CWB request from the pending request queue.
12-22 11:23:48.116  1251  7854 I SDM     : HWCSession::ProcessRequests: No pending cwb requests found in the queue.
12-22 11:23:48.120  1251  1467 I SDM     : HWDeviceDRM::SetupConcurrentWriteback: Tear down the Concurrent Writeback topology
12-22 11:23:48.127  1251  7855 I SDM     : HWCSession::NotifyCWBStatus: Notify the client about buffer status 0.
12-22 11:23:48.129  1251  7855 I SDM     : HWCSession::PerformFenceWaits: Remove current release fence from the pending fence wait queue.
12-22 11:23:48.129  1251  7855 I SDM     : HWCSession::PerformFenceWaits: CWB fence queue is empty. No pending release fence to wait on.
12-22 11:23:48.182  2027  3285 D libsensor-displayalgo: the value of  brightness:369.000000,R:71820880.024236,G:64219361.975297,B:50952298.799137,EVENT_C:3139.500000,EVENT_R:1251.500000,EVENT_G:1675.500000,EVENT_B:654.000000
12-22 11:23:48.182  2027  3285 I libsensor-displayalgo: the value of  Coef1:1107.681000,Coef4:2.383000, scale1:0.935522, scale4:0.923264
12-22 11:23:48.182  2027  3285 E libsensor-displayalgo: RGB_test_0407_400_oldzy!
12-22 11:23:48.182  2027  3285 I libsensor-displayalgo: the value of  RESULT2502.345659,1022.587703,1211.726172,431.747764
12-22 11:23:48.182  2027  3285 I libsensor-displayalgo: the value of  getChannelDataCalibrated2611.410438,948.966330,1397.471285,467.356137
12-22 11:23:48.182  2027  3285 I libsensor-displayalgo: the value of  REAL LUX23.351839
12-22 11:23:48.182  2027  3285 I libsensor-displayalgo: the value of  CAL REAL LUX23.351839
12-22 11:23:48.302  2475  3040 I BatteryService: current mPlugType2current mHealthInfo.batteryLevel28current mHealthInfo.batteryTemperature300
12-22 11:23:48.311  6206  7182 D ThermalIECHandler: storeDataStyle: thermal_iec_monitor_persistence_data_style_iec_state; startIECTime: -1; IECScreenOffOverPeriodTime: 1410825231
12-22 11:23:48.320  6206  6950 D PowerKeeper.FrozenApp: onBatteryChanged plug=true mBatteryPlugged=2
12-22 11:23:48.320  6171  6171 I BatteryInfoReceiver: ACTION_BATTERY_CHANGED
12-22 11:23:48.321  6206  7192 D PowerKeeper.Thermal: mBatteryTemperature: 30
12-22 11:23:48.322  6171  6171 I PowerNoticeUI: handleBatteryChanged oldPlugType 2 mPlugType 2 oldBatteryLevel 28 mBatteryLevel 28 temperature 300
12-22 11:23:48.325  6206  7099 D PowerCheckerService: onBatteryChanged, mBatteryLevel = 28, status = 2, level = 28, plug = 2, scale = 100
12-22 11:23:48.333  4409  4409 D QtiCarrierConfigHelper: WARNING, no carrier configs on phone Id: 1
12-22 11:23:48.336  4453  4453 V DeviceStatisticsService: chargerType=2 batteryLevel=28 totalBatteryCapacity=4192800
12-22 11:23:48.337  9660  9660 D DynamicService:  ACTION_BATTERY_CHANGED change,USB plug = 2
12-22 11:23:48.340  6171  7765 I android_os_HwBinder: HwBinder: Starting thread pool for getting: vendor.xiaomi.hardware.micharge@1.0::IMiCharge/default
12-22 11:23:48.343  1344 28451 I vendor.xiaomi.hardware.micharge@1.0-service: ReadFilePathValue path = /sys/class/qcom-battery/night_charging value = 0
12-22 11:23:48.343  6171  7765 I ChargeProtectionUtils: getNightChargingState: 0
12-22 11:23:48.425  1251  2448 I vendor.qti.hardware.display.composer-service: FrameNotifyProcess Sensor: notify citsensorservice to trigger cwb
12-22 11:23:48.426  2027  2027 I libcitsensorservice@2.0-impl: msg_transfer
12-22 11:23:48.427  2027  3266 D vendor.xiaomi.sensor.citsensorservice@2.0-service: handle id:10 wxh:1280x2400 uwxuh:1080x2400 size: 9216000 fd:15 fd_meta:16 flags:0x4000228 usage:0x33  format:0x3 layer_count: 1
12-22 11:23:48.427  1251  2215 I SDM     : HWCSession::SetCWBOutputBuffer: CWB config passed by cwb_client : tappoint 1  CWB_ROI : (829.000000 4.000000 915.000000 90.000000)
12-22 11:23:48.430  1251  7856 I SDM     : HWCSession::ProcessRequests: Successfully configured CWB buffer.
12-22 11:23:48.442  1251  7856 I SDM     : HWCSession::ProcessRequests: Pushing release fence in fenece wait queue.
12-22 11:23:48.442  1251  7856 I SDM     : HWCSession::ProcessRequests: Creating AsyncFenceWaits async thread.
12-22 11:23:48.442  1251  7856 I SDM     : HWCSession::ProcessRequests: Remove current CWB request from the pending request queue.
12-22 11:23:48.442  1251  7856 I SDM     : HWCSession::ProcessRequests: No pending cwb requests found in the queue.
12-22 11:23:48.448  1251  1467 I SDM     : HWDeviceDRM::SetupConcurrentWriteback: Tear down the Concurrent Writeback topology
12-22 11:23:48.456  1251  7857 I SDM     : HWCSession::NotifyCWBStatus: Notify the client about buffer status 0.
12-22 11:23:48.456  1251  7857 I SDM     : HWCSession::PerformFenceWaits: Remove current release fence from the pending fence wait queue.
12-22 11:23:48.456  1251  7857 I SDM     : HWCSession::PerformFenceWaits: CWB fence queue is empty. No pending release fence to wait on.
12-22 11:23:48.482  2027  3285 D libsensor-displayalgo: the value of  brightness:369.000000,R:71820880.024236,G:64219361.975297,B:50952298.799137,EVENT_C:3135.000000,EVENT_R:1249.000000,EVENT_G:1672.000000,EVENT_B:652.000000
12-22 11:23:48.482  2027  3285 I libsensor-displayalgo: the value of  Coef1:1107.681000,Coef4:2.383000, scale1:0.935522, scale4:0.923264
12-22 11:23:48.482  2027  3285 E libsensor-displayalgo: RGB_test_0407_400_oldzy!
12-22 11:23:48.482  2027  3285 I libsensor-displayalgo: the value of  RESULT2502.345659,1022.587703,1211.726172,431.747764
12-22 11:23:48.482  2027  3285 I libsensor-displayalgo: the value of  getChannelDataCalibrated2611.410438,948.966330,1397.471285,467.356137
12-22 11:23:48.482  2027  3285 I libsensor-displayalgo: the value of  REAL LUX23.131729
12-22 11:23:48.482  2027  3285 I libsensor-displayalgo: the value of  CAL REAL LUX23.131729
12-22 11:23:48.709  9282 10029 I SmartThreadExecutor: handleMessage: start check 1
12-22 11:23:48.710  9282 10029 I SmartThreadExecutor: handleMessage: check end 1 -148 false
12-22 11:23:48.729  1251  2448 I vendor.qti.hardware.display.composer-service: FrameNotifyProcess Sensor: notify citsensorservice to trigger cwb
12-22 11:23:48.729  2027  2096 I libcitsensorservice@2.0-impl: msg_transfer
12-22 11:23:48.729  2027  3266 D vendor.xiaomi.sensor.citsensorservice@2.0-service: handle id:10 wxh:1280x2400 uwxuh:1080x2400 size: 9216000 fd:15 fd_meta:16 flags:0x4000228 usage:0x33  format:0x3 layer_count: 1
12-22 11:23:48.730  1251  2215 I SDM     : HWCSession::SetCWBOutputBuffer: CWB config passed by cwb_client : tappoint 1  CWB_ROI : (829.000000 4.000000 915.000000 90.000000)
12-22 11:23:48.736  1251  7858 I SDM     : HWCSession::ProcessRequests: Successfully configured CWB buffer.
12-22 11:23:48.747  1251  7858 I SDM     : HWCSession::ProcessRequests: Pushing release fence in fenece wait queue.
12-22 11:23:48.747  1251  7858 I SDM     : HWCSession::ProcessRequests: Creating AsyncFenceWaits async thread.
12-22 11:23:48.747  1251  7858 I SDM     : HWCSession::ProcessRequests: Remove current CWB request from the pending request queue.
12-22 11:23:48.748  1251  7858 I SDM     : HWCSession::ProcessRequests: No pending cwb requests found in the queue.
12-22 11:23:48.753  1251  1467 I SDM     : HWDeviceDRM::SetupConcurrentWriteback: Tear down the Concurrent Writeback topology
12-22 11:23:48.760  1251  7859 I SDM     : HWCSession::NotifyCWBStatus: Notify the client about buffer status 0.
12-22 11:23:48.760  1251  7859 I SDM     : HWCSession::PerformFenceWaits: Remove current release fence from the pending fence wait queue.
12-22 11:23:48.760  1251  7859 I SDM     : HWCSession::PerformFenceWaits: CWB fence queue is empty. No pending release fence to wait on.
12-22 11:23:48.781  2027  3285 D libsensor-displayalgo: the value of  brightness:369.000000,R:71820880.024236,G:64219361.975297,B:50952298.799137,EVENT_C:3119.000000,EVENT_R:1243.500000,EVENT_G:1664.500000,EVENT_B:649.000000
12-22 11:23:48.781  2027  3285 I libsensor-displayalgo: the value of  Coef1:1107.681000,Coef4:2.383000, scale1:0.935522, scale4:0.923264
12-22 11:23:48.781  2027  3285 E libsensor-displayalgo: RGB_test_0407_400_oldzy!
12-22 11:23:48.782  2027  3285 I libsensor-displayalgo: the value of  RESULT2502.345659,1022.587703,1211.726172,431.747764
12-22 11:23:48.782  2027  3285 I libsensor-displayalgo: the value of  getChannelDataCalibrated2611.410438,948.966330,1397.471285,467.356137
12-22 11:23:48.782  2027  3285 I libsensor-displayalgo: the value of  REAL LUX22.112349
12-22 11:23:48.782  2027  3285 I libsensor-displayalgo: the value of  CAL REAL LUX22.112349
12-22 11:23:49.017  4496  4496 D MiPlayDetailViewModel: onPositionChange(): position = 68062
12-22 11:23:49.018  9768  6761 I SafeBinderCall: onPositionChange binder cost:0
12-22 11:23:49.041  1251  2448 I vendor.qti.hardware.display.composer-service: FrameNotifyProcess Sensor: notify citsensorservice to trigger cwb
12-22 11:23:49.042  2027  2096 I libcitsensorservice@2.0-impl: msg_transfer
12-22 11:23:49.042  2027  3266 D vendor.xiaomi.sensor.citsensorservice@2.0-service: handle id:10 wxh:1280x2400 uwxuh:1080x2400 size: 9216000 fd:15 fd_meta:16 flags:0x4000228 usage:0x33  format:0x3 layer_count: 1
12-22 11:23:49.044  1251  2215 I SDM     : HWCSession::SetCWBOutputBuffer: CWB config passed by cwb_client : tappoint 1  CWB_ROI : (829.000000 4.000000 915.000000 90.000000)
12-22 11:23:49.048  1251  7861 I SDM     : HWCSession::ProcessRequests: Successfully configured CWB buffer.
12-22 11:23:49.060  1251  7861 I SDM     : HWCSession::ProcessRequests: Pushing release fence in fenece wait queue.
12-22 11:23:49.060  1251  7861 I SDM     : HWCSession::ProcessRequests: Creating AsyncFenceWaits async thread.
12-22 11:23:49.060  1251  7861 I SDM     : HWCSession::ProcessRequests: Remove current CWB request from the pending request queue.
12-22 11:23:49.060  1251  7861 I SDM     : HWCSession::ProcessRequests: No pending cwb requests found in the queue.
12-22 11:23:49.065  1251  1467 I SDM     : HWDeviceDRM::SetupConcurrentWriteback: Tear down the Concurrent Writeback topology
12-22 11:23:49.073  1251  7862 I SDM     : HWCSession::NotifyCWBStatus: Notify the client about buffer status 0.
12-22 11:23:49.073  1251  7862 I SDM     : HWCSession::PerformFenceWaits: Remove current release fence from the pending fence wait queue.
12-22 11:23:49.073  1251  7862 I SDM     : HWCSession::PerformFenceWaits: CWB fence queue is empty. No pending release fence to wait on.
12-22 11:23:49.081  2027  3285 D libsensor-displayalgo: the value of  brightness:369.000000,R:71820880.024236,G:64219361.975297,B:50952298.799137,EVENT_C:3129.000000,EVENT_R:1247.500000,EVENT_G:1670.000000,EVENT_B:651.500000
12-22 11:23:49.081  2027  3285 I libsensor-displayalgo: the value of  Coef1:1107.681000,Coef4:2.383000, scale1:0.935522, scale4:0.923264
12-22 11:23:49.081  2027  3285 E libsensor-displayalgo: RGB_test_0407_400_oldzy!
12-22 11:23:49.081  2027  3285 I libsensor-displayalgo: the value of  RESULT2502.345659,1022.587703,1211.726172,431.747764
12-22 11:23:49.081  2027  3285 I libsensor-displayalgo: the value of  getChannelDataCalibrated2611.410438,948.966330,1397.471285,467.356137
12-22 11:23:49.081  2027  3285 I libsensor-displayalgo: the value of  REAL LUX22.714451
12-22 11:23:49.081  2027  3285 I libsensor-displayalgo: the value of  CAL REAL LUX22.714451
12-22 11:23:49.363  1251  2448 I vendor.qti.hardware.display.composer-service: FrameNotifyProcess Sensor: notify citsensorservice to trigger cwb
12-22 11:23:49.364  2027  2027 I libcitsensorservice@2.0-impl: msg_transfer
12-22 11:23:49.364  2027  3266 D vendor.xiaomi.sensor.citsensorservice@2.0-service: handle id:10 wxh:1280x2400 uwxuh:1080x2400 size: 9216000 fd:15 fd_meta:16 flags:0x4000228 usage:0x33  format:0x3 layer_count: 1
12-22 11:23:49.365  1251  2215 I SDM     : HWCSession::SetCWBOutputBuffer: CWB config passed by cwb_client : tappoint 1  CWB_ROI : (829.000000 4.000000 915.000000 90.000000)
12-22 11:23:49.368  1251  7864 I SDM     : HWCSession::ProcessRequests: Successfully configured CWB buffer.
12-22 11:23:49.374  1251  7864 I SDM     : HWCSession::ProcessRequests: Pushing release fence in fenece wait queue.
12-22 11:23:49.375  1251  7864 I SDM     : HWCSession::ProcessRequests: Creating AsyncFenceWaits async thread.
12-22 11:23:49.376  1251  7864 I SDM     : HWCSession::ProcessRequests: Remove current CWB request from the pending request queue.
12-22 11:23:49.376  1251  7864 I SDM     : HWCSession::ProcessRequests: No pending cwb requests found in the queue.
12-22 11:23:49.379  1251  1467 I SDM     : HWDeviceDRM::SetupConcurrentWriteback: Tear down the Concurrent Writeback topology
12-22 11:23:49.381  2027  3285 D libsensor-displayalgo: the value of  brightness:369.000000,R:71820880.024236,G:64219361.975297,B:50952298.799137,EVENT_C:3129.000000,EVENT_R:1247.500000,EVENT_G:1670.000000,EVENT_B:651.500000
12-22 11:23:49.381  2027  3285 I libsensor-displayalgo: the value of  Coef1:1107.681000,Coef4:2.383000, scale1:0.935522, scale4:0.923264
12-22 11:23:49.381  2027  3285 E libsensor-displayalgo: RGB_test_0407_400_oldzy!
12-22 11:23:49.382  2027  3285 I libsensor-displayalgo: the value of  RESULT2502.345659,1022.587703,1211.726172,431.747764
12-22 11:23:49.382  2027  3285 I libsensor-displayalgo: the value of  getChannelDataCalibrated2611.410438,948.966330,1397.471285,467.356137
12-22 11:23:49.382  2027  3285 I libsensor-displayalgo: the value of  REAL LUX22.714451
12-22 11:23:49.382  2027  3285 I libsensor-displayalgo: the value of  CAL REAL LUX22.714451
12-22 11:23:49.390  1251  7865 I SDM     : HWCSession::NotifyCWBStatus: Notify the client about buffer status 0.
12-22 11:23:49.391  1251  7865 I SDM     : HWCSession::PerformFenceWaits: Remove current release fence from the pending fence wait queue.
12-22 11:23:49.391  1251  7865 I SDM     : HWCSession::PerformFenceWaits: CWB fence queue is empty. No pending release fence to wait on.
12-22 11:23:49.493 27325  3077 D AudioTrack: [audioTrackData][fine] 25s(f:25042 m:956 s:2227 k:0) : pid 27325 uid 10269 sessionId 7265 sr 44100 ch 2 fmt 1
12-22 11:23:49.668  1251  2448 I vendor.qti.hardware.display.composer-service: FrameNotifyProcess Sensor: notify citsensorservice to trigger cwb
12-22 11:23:49.669  2027  2097 I libcitsensorservice@2.0-impl: msg_transfer
12-22 11:23:49.669  2027  3266 D vendor.xiaomi.sensor.citsensorservice@2.0-service: handle id:10 wxh:1280x2400 uwxuh:1080x2400 size: 9216000 fd:15 fd_meta:16 flags:0x4000228 usage:0x33  format:0x3 layer_count: 1
12-22 11:23:49.669  1251  2215 I SDM     : HWCSession::SetCWBOutputBuffer: CWB config passed by cwb_client : tappoint 1  CWB_ROI : (829.000000 4.000000 915.000000 90.000000)
12-22 11:23:49.670  1251  7867 I SDM     : HWCSession::ProcessRequests: Successfully configured CWB buffer.
12-22 11:23:49.681  2027  3285 D libsensor-displayalgo: the value of  brightness:369.000000,R:71820880.024236,G:64219361.975297,B:50952298.799137,EVENT_C:3138.000000,EVENT_R:1251.500000,EVENT_G:1675.000000,EVENT_B:653.500000
12-22 11:23:49.681  2027  3285 I libsensor-displayalgo: the value of  Coef1:1107.681000,Coef4:2.383000, scale1:0.935522, scale4:0.923264
12-22 11:23:49.681  2027  3285 E libsensor-displayalgo: RGB_test_0407_400_oldzy!
12-22 11:23:49.682  2027  3285 I libsensor-displayalgo: the value of  RESULT2502.345659,1022.587703,1211.726172,431.747764
12-22 11:23:49.682  2027  3285 I libsensor-displayalgo: the value of  getChannelDataCalibrated2611.410438,948.966330,1397.471285,467.356137
12-22 11:23:49.682  2027  3285 I libsensor-displayalgo: the value of  REAL LUX23.263844
12-22 11:23:49.682  2027  3285 I libsensor-displayalgo: the value of  CAL REAL LUX23.263844
12-22 11:23:49.685  1251  7867 I SDM     : HWCSession::ProcessRequests: Pushing release fence in fenece wait queue.
12-22 11:23:49.685  1251  7867 I SDM     : HWCSession::ProcessRequests: Creating AsyncFenceWaits async thread.
12-22 11:23:49.685  1251  7867 I SDM     : HWCSession::ProcessRequests: Remove current CWB request from the pending request queue.
12-22 11:23:49.685  1251  7867 I SDM     : HWCSession::ProcessRequests: No pending cwb requests found in the queue.
12-22 11:23:49.691  1251  1467 I SDM     : HWDeviceDRM::SetupConcurrentWriteback: Tear down the Concurrent Writeback topology
12-22 11:23:49.698  1251  7868 I SDM     : HWCSession::NotifyCWBStatus: Notify the client about buffer status 0.
12-22 11:23:49.698  1251  7868 I SDM     : HWCSession::PerformFenceWaits: Remove current release fence from the pending fence wait queue.
12-22 11:23:49.698  1251  7868 I SDM     : HWCSession::PerformFenceWaits: CWB fence queue is empty. No pending release fence to wait on.
12-22 11:23:49.709 20304 20444 D IdProviderImpl: getOAID from com.miui.analytics
12-22 11:23:49.710 20304  7869 D IdProviderImpl: getOAID from com.miui.analytics
12-22 11:23:49.718 20304 20444 D IdProviderImpl: getOAID from com.miui.analytics
12-22 11:23:49.738 20304 20444 D IdProviderImpl: getOAID from com.miui.analytics
12-22 11:23:49.740 20304 20444 D IdProviderImpl: getVAID from com.miui.analytics
12-22 11:23:49.743 20304 20444 D IdProviderImpl: getUDID from com.miui.analytics
12-22 11:23:49.766  1953  2016 I mstatdaemon: Entering time loop
12-22 11:23:49.767  1953  2016 I mstatdaemon: t = 1671679429
12-22 11:23:49.767  1953  2016 I mstatdaemon: translated_t = 1355689429
12-22 11:23:49.767  1953  2016 I mstat_log: mstatcommitLog log_alloc() failed
12-22 11:23:49.980  1251  2448 I vendor.qti.hardware.display.composer-service: FrameNotifyProcess Sensor: notify citsensorservice to trigger cwb
12-22 11:23:49.981  2027  2096 I libcitsensorservice@2.0-impl: msg_transfer
12-22 11:23:49.981  2027  3266 D vendor.xiaomi.sensor.citsensorservice@2.0-service: handle id:10 wxh:1280x2400 uwxuh:1080x2400 size: 9216000 fd:15 fd_meta:16 flags:0x4000228 usage:0x33  format:0x3 layer_count: 1
12-22 11:23:49.982  1251  2215 I SDM     : HWCSession::SetCWBOutputBuffer: CWB config passed by cwb_client : tappoint 1  CWB_ROI : (829.000000 4.000000 915.000000 90.000000)
12-22 11:23:49.983  1251  7872 I SDM     : HWCSession::ProcessRequests: Successfully configured CWB buffer.
12-22 11:23:49.990  1251  7872 I SDM     : HWCSession::ProcessRequests: Pushing release fence in fenece wait queue.
12-22 11:23:49.990  1251  7872 I SDM     : HWCSession::ProcessRequests: Creating AsyncFenceWaits async thread.
12-22 11:23:49.991  1251  7872 I SDM     : HWCSession::ProcessRequests: Remove current CWB request from the pending request queue.
12-22 11:23:49.991  1251  7872 I SDM     : HWCSession::ProcessRequests: No pending cwb requests found in the queue.
12-22 11:23:49.996  1251  1467 I SDM     : HWDeviceDRM::SetupConcurrentWriteback: Tear down the Concurrent Writeback topology
12-22 11:23:50.002  1251  7873 I SDM     : HWCSession::NotifyCWBStatus: Notify the client about buffer status 0.
12-22 11:23:50.003  1251  7873 I SDM     : HWCSession::PerformFenceWaits: Remove current release fence from the pending fence wait queue.
12-22 11:23:50.003  1251  7873 I SDM     : HWCSession::PerformFenceWaits: CWB fence queue is empty. No pending release fence to wait on.
12-22 11:23:50.017  9768  6761 I SafeBinderCall: onPositionChange binder cost:1
12-22 11:23:50.017  4496  4496 D MiPlayDetailViewModel: onPositionChange(): position = 69062
12-22 11:23:50.082  2027  3285 D libsensor-displayalgo: the value of  brightness:369.000000,R:71820880.024236,G:64219361.975297,B:50952298.799137,EVENT_C:3126.000000,EVENT_R:1246.500000,EVENT_G:1667.500000,EVENT_B:651.500000
12-22 11:23:50.082  2027  3285 I libsensor-displayalgo: the value of  Coef1:1107.681000,Coef4:2.383000, scale1:0.935522, scale4:0.923264
12-22 11:23:50.082  2027  3285 E libsensor-displayalgo: RGB_test_0407_400_oldzy!
12-22 11:23:50.083  2027  3285 I libsensor-displayalgo: the value of  RESULT2502.345659,1022.587703,1211.726172,431.747764
12-22 11:23:50.083  2027  3285 I libsensor-displayalgo: the value of  getChannelDataCalibrated2611.410438,948.966330,1397.471285,467.356137
12-22 11:23:50.083  2027  3285 I libsensor-displayalgo: the value of  REAL LUX22.426678
12-22 11:23:50.083  2027  3285 I libsensor-displayalgo: the value of  CAL REAL LUX22.426678
12-22 11:23:50.309  1251  2448 I vendor.qti.hardware.display.composer-service: FrameNotifyProcess Sensor: notify citsensorservice to trigger cwb
12-22 11:23:50.309  2027  2096 I libcitsensorservice@2.0-impl: msg_transfer
12-22 11:23:50.310  2027  3266 D vendor.xiaomi.sensor.citsensorservice@2.0-service: handle id:10 wxh:1280x2400 uwxuh:1080x2400 size: 9216000 fd:15 fd_meta:16 flags:0x4000228 usage:0x33  format:0x3 layer_count: 1
12-22 11:23:50.310  1251  2215 I SDM     : HWCSession::SetCWBOutputBuffer: CWB config passed by cwb_client : tappoint 1  CWB_ROI : (829.000000 4.000000 915.000000 90.000000)
12-22 11:23:50.311  1251  7877 I SDM     : HWCSession::ProcessRequests: Successfully configured CWB buffer.
12-22 11:23:50.318  1251  7877 I SDM     : HWCSession::ProcessRequests: Pushing release fence in fenece wait queue.
12-22 11:23:50.318  1251  7877 I SDM     : HWCSession::ProcessRequests: Creating AsyncFenceWaits async thread.
12-22 11:23:50.318  1251  7877 I SDM     : HWCSession::ProcessRequests: Remove current CWB request from the pending request queue.
12-22 11:23:50.319  1251  7877 I SDM     : HWCSession::ProcessRequests: No pending cwb requests found in the queue.
12-22 11:23:50.324  1251  1467 I SDM     : HWDeviceDRM::SetupConcurrentWriteback: Tear down the Concurrent Writeback topology
12-22 11:23:50.325 27918 27926 I com.miui.phras: This is non sticky GC, maxfree is 8388608 minfree is 2097152
12-22 11:23:50.332  1251  7878 I SDM     : HWCSession::NotifyCWBStatus: Notify the client about buffer status 0.
12-22 11:23:50.332  1251  7878 I SDM     : HWCSession::PerformFenceWaits: Remove current release fence from the pending fence wait queue.
12-22 11:23:50.332  1251  7878 I SDM     : HWCSession::PerformFenceWaits: CWB fence queue is empty. No pending release fence to wait on.
12-22 11:23:50.382  2027  3285 D libsensor-displayalgo: the value of  brightness:369.000000,R:71820880.024236,G:64219361.975297,B:50952298.799137,EVENT_C:3120.500000,EVENT_R:1244.500000,EVENT_G:1663.500000,EVENT_B:649.500000
12-22 11:23:50.382  2027  3285 I libsensor-displayalgo: the value of  Coef1:1107.681000,Coef4:2.383000, scale1:0.935522, scale4:0.923264
12-22 11:23:50.382  2027  3285 E libsensor-displayalgo: RGB_test_0407_400_oldzy!
12-22 11:23:50.383  2027  3285 I libsensor-displayalgo: the value of  RESULT2502.345659,1022.587703,1211.726172,431.747764
12-22 11:23:50.383  2027  3285 I libsensor-displayalgo: the value of  getChannelDataCalibrated2611.410438,948.966330,1397.471285,467.356137
12-22 11:23:50.383  2027  3285 I libsensor-displayalgo: the value of  REAL LUX22.094389
12-22 11:23:50.383  2027  3285 I libsensor-displayalgo: the value of  CAL REAL LUX22.094389
12-22 11:23:50.631  1251  2448 I vendor.qti.hardware.display.composer-service: FrameNotifyProcess Sensor: notify citsensorservice to trigger cwb
12-22 11:23:50.632  2027  2096 I libcitsensorservice@2.0-impl: msg_transfer
12-22 11:23:50.632  2027  3266 D vendor.xiaomi.sensor.citsensorservice@2.0-service: handle id:10 wxh:1280x2400 uwxuh:1080x2400 size: 9216000 fd:15 fd_meta:16 flags:0x4000228 usage:0x33  format:0x3 layer_count: 1
12-22 11:23:50.633  1251  2215 I SDM     : HWCSession::SetCWBOutputBuffer: CWB config passed by cwb_client : tappoint 1  CWB_ROI : (829.000000 4.000000 915.000000 90.000000)
12-22 11:23:50.634  1251  7880 I SDM     : HWCSession::ProcessRequests: Successfully configured CWB buffer.
12-22 11:23:50.640  1251  7880 I SDM     : HWCSession::ProcessRequests: Pushing release fence in fenece wait queue.
12-22 11:23:50.640  1251  7880 I SDM     : HWCSession::ProcessRequests: Creating AsyncFenceWaits async thread.
12-22 11:23:50.640  1251  7880 I SDM     : HWCSession::ProcessRequests: Remove current CWB request from the pending request queue.
12-22 11:23:50.641  1251  7880 I SDM     : HWCSession::ProcessRequests: No pending cwb requests found in the queue.
12-22 11:23:50.646  1251  1467 I SDM     : HWDeviceDRM::SetupConcurrentWriteback: Tear down the Concurrent Writeback topology
12-22 11:23:50.653  1251  7881 I SDM     : HWCSession::NotifyCWBStatus: Notify the client about buffer status 0.
12-22 11:23:50.653  1251  7881 I SDM     : HWCSession::PerformFenceWaits: Remove current release fence from the pending fence wait queue.
12-22 11:23:50.653  1251  7881 I SDM     : HWCSession::PerformFenceWaits: CWB fence queue is empty. No pending release fence to wait on.
12-22 11:23:50.682  2027  3285 D libsensor-displayalgo: the value of  brightness:369.000000,R:71820880.024236,G:64219361.975297,B:50952298.799137,EVENT_C:3132.500000,EVENT_R:1247.500000,EVENT_G:1669.500000,EVENT_B:652.000000
12-22 11:23:50.682  2027  3285 I libsensor-displayalgo: the value of  Coef1:1107.681000,Coef4:2.383000, scale1:0.935522, scale4:0.923264
12-22 11:23:50.682  2027  3285 E libsensor-displayalgo: RGB_test_0407_400_oldzy!
12-22 11:23:50.683  2027  3285 I libsensor-displayalgo: the value of  RESULT2502.345659,1022.587703,1211.726172,431.747764
12-22 11:23:50.683  2027  3285 I libsensor-displayalgo: the value of  getChannelDataCalibrated2611.410438,948.966330,1397.471285,467.356137
12-22 11:23:50.683  2027  3285 I libsensor-displayalgo: the value of  REAL LUX22.898098
12-22 11:23:50.683  2027  3285 I libsensor-displayalgo: the value of  CAL REAL LUX22.898098
12-22 11:23:50.935  1251  2448 I vendor.qti.hardware.display.composer-service: FrameNotifyProcess Sensor: notify citsensorservice to trigger cwb
12-22 11:23:50.936  2027  2096 I libcitsensorservice@2.0-impl: msg_transfer
12-22 11:23:50.937  2027  3266 D vendor.xiaomi.sensor.citsensorservice@2.0-service: handle id:10 wxh:1280x2400 uwxuh:1080x2400 size: 9216000 fd:15 fd_meta:16 flags:0x4000228 usage:0x33  format:0x3 layer_count: 1
12-22 11:23:50.937  1251  2215 I SDM     : HWCSession::SetCWBOutputBuffer: CWB config passed by cwb_client : tappoint 1  CWB_ROI : (829.000000 4.000000 915.000000 90.000000)
12-22 11:23:50.938  1251  7883 I SDM     : HWCSession::ProcessRequests: Successfully configured CWB buffer.
12-22 11:23:50.945  1251  7883 I SDM     : HWCSession::ProcessRequests: Pushing release fence in fenece wait queue.
12-22 11:23:50.945  1251  7883 I SDM     : HWCSession::ProcessRequests: Creating AsyncFenceWaits async thread.
12-22 11:23:50.945  1251  7883 I SDM     : HWCSession::ProcessRequests: Remove current CWB request from the pending request queue.
12-22 11:23:50.945  1251  7883 I SDM     : HWCSession::ProcessRequests: No pending cwb requests found in the queue.
12-22 11:23:50.951  1251  1467 I SDM     : HWDeviceDRM::SetupConcurrentWriteback: Tear down the Concurrent Writeback topology
12-22 11:23:50.958  1251  7884 I SDM     : HWCSession::NotifyCWBStatus: Notify the client about buffer status 0.
12-22 11:23:50.958  1251  7884 I SDM     : HWCSession::PerformFenceWaits: Remove current release fence from the pending fence wait queue.
12-22 11:23:50.958  1251  7884 I SDM     : HWCSession::PerformFenceWaits: CWB fence queue is empty. No pending release fence to wait on.
12-22 11:23:50.981  2027  3285 D libsensor-displayalgo: the value of  brightness:369.000000,R:71820880.024236,G:64219361.975297,B:50952298.799137,EVENT_C:3123.000000,EVENT_R:1243.500000,EVENT_G:1664.000000,EVENT_B:649.500000
12-22 11:23:50.981  2027  3285 I libsensor-displayalgo: the value of  Coef1:1107.681000,Coef4:2.383000, scale1:0.935522, scale4:0.923264
12-22 11:23:50.982  2027  3285 E libsensor-displayalgo: RGB_test_0407_400_oldzy!
12-22 11:23:50.982  2027  3285 I libsensor-displayalgo: the value of  RESULT2502.345659,1022.587703,1211.726172,431.747764
12-22 11:23:50.982  2027  3285 I libsensor-displayalgo: the value of  getChannelDataCalibrated2611.410438,948.966330,1397.471285,467.356137
12-22 11:23:50.982  2027  3285 I libsensor-displayalgo: the value of  REAL LUX22.331280
12-22 11:23:50.982  2027  3285 I libsensor-displayalgo: the value of  CAL REAL LUX22.331280
12-22 11:23:51.017  4496  4496 D MiPlayDetailViewModel: onPositionChange(): position = 70061
12-22 11:23:51.017  9768  6761 I SafeBinderCall: onPositionChange binder cost:1
12-22 11:23:51.249  1251  2448 I vendor.qti.hardware.display.composer-service: FrameNotifyProcess Sensor: notify citsensorservice to trigger cwb
12-22 11:23:51.250  2027  2096 I libcitsensorservice@2.0-impl: msg_transfer
12-22 11:23:51.251  2027  3266 D vendor.xiaomi.sensor.citsensorservice@2.0-service: handle id:10 wxh:1280x2400 uwxuh:1080x2400 size: 9216000 fd:15 fd_meta:16 flags:0x4000228 usage:0x33  format:0x3 layer_count: 1
12-22 11:23:51.252  1251  2215 I SDM     : HWCSession::SetCWBOutputBuffer: CWB config passed by cwb_client : tappoint 1  CWB_ROI : (829.000000 4.000000 915.000000 90.000000)
12-22 11:23:51.253  1251  7886 I SDM     : HWCSession::ProcessRequests: Successfully configured CWB buffer.
12-22 11:23:51.264  1251  7886 I SDM     : HWCSession::ProcessRequests: Pushing release fence in fenece wait queue.
12-22 11:23:51.264  1251  7886 I SDM     : HWCSession::ProcessRequests: Creating AsyncFenceWaits async thread.
12-22 11:23:51.264  1251  7886 I SDM     : HWCSession::ProcessRequests: Remove current CWB request from the pending request queue.
12-22 11:23:51.265  1251  7886 I SDM     : HWCSession::ProcessRequests: No pending cwb requests found in the queue.
12-22 11:23:51.272  1251  1467 I SDM     : HWDeviceDRM::SetupConcurrentWriteback: Tear down the Concurrent Writeback topology
12-22 11:23:51.279  1251  7889 I SDM     : HWCSession::NotifyCWBStatus: Notify the client about buffer status 0.
12-22 11:23:51.279  1251  7889 I SDM     : HWCSession::PerformFenceWaits: Remove current release fence from the pending fence wait queue.
12-22 11:23:51.279  1251  7889 I SDM     : HWCSession::PerformFenceWaits: CWB fence queue is empty. No pending release fence to wait on.
12-22 11:23:51.281  2027  2096 D libsensor-displayalgo: the value of  brightness:369.000000,R:71820880.024236,G:64219361.975297,B:50952298.799137,EVENT_C:3123.000000,EVENT_R:1243.500000,EVENT_G:1664.000000,EVENT_B:649.500000
12-22 11:23:51.281  2027  2096 I libsensor-displayalgo: the value of  Coef1:1107.681000,Coef4:2.383000, scale1:0.935522, scale4:0.923264
12-22 11:23:51.281  2027  2096 E libsensor-displayalgo: RGB_test_0407_400_oldzy!
12-22 11:23:51.281  2027  2096 I libsensor-displayalgo: the value of  RESULT2502.345659,1022.587703,1211.726172,431.747764
12-22 11:23:51.281  2027  2096 I libsensor-displayalgo: the value of  getChannelDataCalibrated2611.410438,948.966330,1397.471285,467.356137
12-22 11:23:51.281  2027  2096 I libsensor-displayalgo: the value of  REAL LUX22.331280
12-22 11:23:51.281  2027  2096 I libsensor-displayalgo: the value of  CAL REAL LUX22.331280
12-22 11:23:51.578  1251  2448 I vendor.qti.hardware.display.composer-service: FrameNotifyProcess Sensor: notify citsensorservice to trigger cwb
12-22 11:23:51.580  2027  2096 I libcitsensorservice@2.0-impl: msg_transfer
12-22 11:23:51.580  2027  3266 D vendor.xiaomi.sensor.citsensorservice@2.0-service: handle id:10 wxh:1280x2400 uwxuh:1080x2400 size: 9216000 fd:15 fd_meta:16 flags:0x4000228 usage:0x33  format:0x3 layer_count: 1
12-22 11:23:51.581  1251  2215 I SDM     : HWCSession::SetCWBOutputBuffer: CWB config passed by cwb_client : tappoint 1  CWB_ROI : (829.000000 4.000000 915.000000 90.000000)
12-22 11:23:51.582  1251  7894 I SDM     : HWCSession::ProcessRequests: Successfully configured CWB buffer.
12-22 11:23:51.588  1251  7894 I SDM     : HWCSession::ProcessRequests: Pushing release fence in fenece wait queue.
12-22 11:23:51.588  1251  7894 I SDM     : HWCSession::ProcessRequests: Creating AsyncFenceWaits async thread.
12-22 11:23:51.588  1251  7894 I SDM     : HWCSession::ProcessRequests: Remove current CWB request from the pending request queue.
12-22 11:23:51.589  1251  7894 I SDM     : HWCSession::ProcessRequests: No pending cwb requests found in the queue.
12-22 11:23:51.593  1251  1467 I SDM     : HWDeviceDRM::SetupConcurrentWriteback: Tear down the Concurrent Writeback topology
12-22 11:23:51.600  1251  7896 I SDM     : HWCSession::NotifyCWBStatus: Notify the client about buffer status 0.
12-22 11:23:51.600  1251  7896 I SDM     : HWCSession::PerformFenceWaits: Remove current release fence from the pending fence wait queue.
12-22 11:23:51.600  1251  7896 I SDM     : HWCSession::PerformFenceWaits: CWB fence queue is empty. No pending release fence to wait on.
12-22 11:23:51.601  2475  3040 I BatteryService: current mPlugType2current mHealthInfo.batteryLevel28current mHealthInfo.batteryTemperature300
12-22 11:23:51.604  6206  7182 D ThermalIECHandler: storeDataStyle: thermal_iec_monitor_persistence_data_style_iec_state; startIECTime: -1; IECScreenOffOverPeriodTime: 1410825231
12-22 11:23:51.605  6171  6171 I BatteryInfoReceiver: ACTION_BATTERY_CHANGED
12-22 11:23:51.608  9660  9660 D DynamicService:  ACTION_BATTERY_CHANGED change,USB plug = 2
12-22 11:23:51.609  4409  4409 D QtiCarrierConfigHelper: WARNING, no carrier configs on phone Id: 1
12-22 11:23:51.609  6206  7099 D PowerCheckerService: onBatteryChanged, mBatteryLevel = 28, status = 2, level = 28, plug = 2, scale = 100
12-22 11:23:51.609  6171  6171 I PowerNoticeUI: handleBatteryChanged oldPlugType 2 mPlugType 2 oldBatteryLevel 28 mBatteryLevel 28 temperature 300
12-22 11:23:51.610  6206  6950 D PowerKeeper.FrozenApp: onBatteryChanged plug=true mBatteryPlugged=2
12-22 11:23:51.610  6171  7523 I android_os_HwBinder: HwBinder: Starting thread pool for getting: vendor.xiaomi.hardware.micharge@1.0::IMiCharge/default
12-22 11:23:51.610  1344 28451 I vendor.xiaomi.hardware.micharge@1.0-service: ReadFilePathValue path = /sys/class/qcom-battery/night_charging value = 0
12-22 11:23:51.611  6206  7192 D PowerKeeper.Thermal: mBatteryTemperature: 30
12-22 11:23:51.611  4453  4453 V DeviceStatisticsService: chargerType=2 batteryLevel=28 totalBatteryCapacity=4192800
12-22 11:23:51.612  6171  7523 I ChargeProtectionUtils: getNightChargingState: 0
12-22 11:23:51.682  2027  3285 D libsensor-displayalgo: the value of  brightness:369.000000,R:71820880.024236,G:64219361.975297,B:50952298.799137,EVENT_C:3135.500000,EVENT_R:1250.500000,EVENT_G:1672.000000,EVENT_B:652.000000
12-22 11:23:51.682  2027  3285 I libsensor-displayalgo: the value of  Coef1:1107.681000,Coef4:2.383000, scale1:0.935522, scale4:0.923264
12-22 11:23:51.682  2027  3285 E libsensor-displayalgo: RGB_test_0407_400_oldzy!
12-22 11:23:51.683  2027  3285 I libsensor-displayalgo: the value of  RESULT2502.345659,1022.587703,1211.726172,431.747764
12-22 11:23:51.683  2027  3285 I libsensor-displayalgo: the value of  getChannelDataCalibrated2611.410438,948.966330,1397.471285,467.356137
12-22 11:23:51.683  2027  3285 I libsensor-displayalgo: the value of  REAL LUX23.110464
12-22 11:23:51.683  2027  3285 I libsensor-displayalgo: the value of  CAL REAL LUX23.110464
12-22 11:23:51.891  1251  2448 I vendor.qti.hardware.display.composer-service: FrameNotifyProcess Sensor: notify citsensorservice to trigger cwb
12-22 11:23:51.892  2027  2027 I libcitsensorservice@2.0-impl: msg_transfer
12-22 11:23:51.892  2027  3266 D vendor.xiaomi.sensor.citsensorservice@2.0-service: handle id:10 wxh:1280x2400 uwxuh:1080x2400 size: 9216000 fd:15 fd_meta:16 flags:0x4000228 usage:0x33  format:0x3 layer_count: 1
12-22 11:23:51.892  1251  2215 I SDM     : HWCSession::SetCWBOutputBuffer: CWB config passed by cwb_client : tappoint 1  CWB_ROI : (829.000000 4.000000 915.000000 90.000000)
12-22 11:23:51.893  1251  7900 I SDM     : HWCSession::ProcessRequests: Successfully configured CWB buffer.
12-22 11:23:51.900  1251  7900 I SDM     : HWCSession::ProcessRequests: Pushing release fence in fenece wait queue.
12-22 11:23:51.902  1251  7900 I SDM     : HWCSession::ProcessRequests: Creating AsyncFenceWaits async thread.
12-22 11:23:51.903  1251  7900 I SDM     : HWCSession::ProcessRequests: Remove current CWB request from the pending request queue.
12-22 11:23:51.903  1251  7900 I SDM     : HWCSession::ProcessRequests: No pending cwb requests found in the queue.
12-22 11:23:51.906  1251  1467 I SDM     : HWDeviceDRM::SetupConcurrentWriteback: Tear down the Concurrent Writeback topology
12-22 11:23:51.913  1251  7901 I SDM     : HWCSession::NotifyCWBStatus: Notify the client about buffer status 0.
12-22 11:23:51.913  1251  7901 I SDM     : HWCSession::PerformFenceWaits: Remove current release fence from the pending fence wait queue.
12-22 11:23:51.913  1251  7901 I SDM     : HWCSession::PerformFenceWaits: CWB fence queue is empty. No pending release fence to wait on.
12-22 11:23:51.982  2027  3285 D libsensor-displayalgo: the value of  brightness:369.000000,R:71820880.024236,G:64219361.975297,B:50952298.799137,EVENT_C:3123.500000,EVENT_R:1245.500000,EVENT_G:1664.500000,EVENT_B:651.500000
12-22 11:23:51.982  2027  3285 I libsensor-displayalgo: the value of  Coef1:1107.681000,Coef4:2.383000, scale1:0.935522, scale4:0.923264
12-22 11:23:51.982  2027  3285 E libsensor-displayalgo: RGB_test_0407_400_oldzy!
12-22 11:23:51.983  2027  3285 I libsensor-displayalgo: the value of  RESULT2502.345659,1022.587703,1211.726172,431.747764
12-22 11:23:51.983  2027  3285 I libsensor-displayalgo: the value of  getChannelDataCalibrated2611.410438,948.966330,1397.471285,467.356137
12-22 11:23:51.983  2027  3285 I libsensor-displayalgo: the value of  REAL LUX22.151443
12-22 11:23:51.983  2027  3285 I libsensor-displayalgo: the value of  CAL REAL LUX22.151443
12-22 11:23:52.018  4496  4496 D MiPlayDetailViewModel: onPositionChange(): position = 71062
12-22 11:23:52.018  9768  6761 I SafeBinderCall: onPositionChange binder cost:1
12-22 11:23:52.202  1251  2448 I vendor.qti.hardware.display.composer-service: FrameNotifyProcess Sensor: notify citsensorservice to trigger cwb
12-22 11:23:52.203  2027  2027 I libcitsensorservice@2.0-impl: msg_transfer
12-22 11:23:52.205  2027  3266 D vendor.xiaomi.sensor.citsensorservice@2.0-service: handle id:10 wxh:1280x2400 uwxuh:1080x2400 size: 9216000 fd:15 fd_meta:16 flags:0x4000228 usage:0x33  format:0x3 layer_count: 1
12-22 11:23:52.205  1251  2215 I SDM     : HWCSession::SetCWBOutputBuffer: CWB config passed by cwb_client : tappoint 1  CWB_ROI : (829.000000 4.000000 915.000000 90.000000)
12-22 11:23:52.208  1251  7902 I SDM     : HWCSession::ProcessRequests: Successfully configured CWB buffer.
12-22 11:23:52.216  1251  7902 I SDM     : HWCSession::ProcessRequests: Pushing release fence in fenece wait queue.
12-22 11:23:52.216  1251  7902 I SDM     : HWCSession::ProcessRequests: Creating AsyncFenceWaits async thread.
12-22 11:23:52.219  1251  7902 I SDM     : HWCSession::ProcessRequests: Remove current CWB request from the pending request queue.
12-22 11:23:52.220  1251  7902 I SDM     : HWCSession::ProcessRequests: No pending cwb requests found in the queue.
12-22 11:23:52.226  1251  7903 I SDM     : HWCSession::NotifyCWBStatus: Notify the client about buffer status 0.
12-22 11:23:52.227  1251  1467 I SDM     : HWDeviceDRM::SetupConcurrentWriteback: Tear down the Concurrent Writeback topology
12-22 11:23:52.229  1251  7903 I SDM     : HWCSession::PerformFenceWaits: Remove current release fence from the pending fence wait queue.
12-22 11:23:52.229  1251  7903 I SDM     : HWCSession::PerformFenceWaits: CWB fence queue is empty. No pending release fence to wait on.
12-22 11:23:52.281  2027  3285 D libsensor-displayalgo: the value of  brightness:369.000000,R:71820880.024236,G:64219361.975297,B:50952298.799137,EVENT_C:3146.000000,EVENT_R:1252.500000,EVENT_G:1677.000000,EVENT_B:655.500000
12-22 11:23:52.281  2027  3285 I libsensor-displayalgo: the value of  Coef1:1107.681000,Coef4:2.383000, scale1:0.935522, scale4:0.923264
12-22 11:23:52.281  2027  3285 E libsensor-displayalgo: RGB_test_0407_400_oldzy!
12-22 11:23:52.282  2027  3285 I libsensor-displayalgo: the value of  RESULT2502.345659,1022.587703,1211.726172,431.747764
12-22 11:23:52.282  2027  3285 I libsensor-displayalgo: the value of  getChannelDataCalibrated2611.410438,948.966330,1397.471285,467.356137
12-22 11:23:52.282  2027  3285 I libsensor-displayalgo: the value of  REAL LUX23.719273
12-22 11:23:52.282  2027  3285 I libsensor-displayalgo: the value of  CAL REAL LUX23.719273
12-22 11:23:52.516  1251  2448 I vendor.qti.hardware.display.composer-service: FrameNotifyProcess Sensor: notify citsensorservice to trigger cwb
12-22 11:23:52.517  2027  2097 I libcitsensorservice@2.0-impl: msg_transfer
12-22 11:23:52.517  2027  3266 D vendor.xiaomi.sensor.citsensorservice@2.0-service: handle id:10 wxh:1280x2400 uwxuh:1080x2400 size: 9216000 fd:15 fd_meta:16 flags:0x4000228 usage:0x33  format:0x3 layer_count: 1
12-22 11:23:52.518  1251  2215 I SDM     : HWCSession::SetCWBOutputBuffer: CWB config passed by cwb_client : tappoint 1  CWB_ROI : (829.000000 4.000000 915.000000 90.000000)
12-22 11:23:52.522  1251  7906 I SDM     : HWCSession::ProcessRequests: Successfully configured CWB buffer.
12-22 11:23:52.533  1251  7906 I SDM     : HWCSession::ProcessRequests: Pushing release fence in fenece wait queue.
12-22 11:23:52.533  1251  7906 I SDM     : HWCSession::ProcessRequests: Creating AsyncFenceWaits async thread.
12-22 11:23:52.533  1251  7906 I SDM     : HWCSession::ProcessRequests: Remove current CWB request from the pending request queue.
12-22 11:23:52.533  1251  7906 I SDM     : HWCSession::ProcessRequests: No pending cwb requests found in the queue.
12-22 11:23:52.540  1251  1467 I SDM     : HWDeviceDRM::SetupConcurrentWriteback: Tear down the Concurrent Writeback topology
12-22 11:23:52.547  1251  7907 I SDM     : HWCSession::NotifyCWBStatus: Notify the client about buffer status 0.
12-22 11:23:52.547  1251  7907 I SDM     : HWCSession::PerformFenceWaits: Remove current release fence from the pending fence wait queue.
12-22 11:23:52.548  1251  7907 I SDM     : HWCSession::PerformFenceWaits: CWB fence queue is empty. No pending release fence to wait on.
12-22 11:23:52.585  2027  3285 D libsensor-displayalgo: the value of  brightness:369.000000,R:71820880.024236,G:64219361.975297,B:50952298.799137,EVENT_C:3141.500000,EVENT_R:1253.000000,EVENT_G:1675.000000,EVENT_B:654.500000
12-22 11:23:52.585  2027  3285 I libsensor-displayalgo: the value of  Coef1:1107.681000,Coef4:2.383000, scale1:0.935522, scale4:0.923264
12-22 11:23:52.585  2027  3285 E libsensor-displayalgo: RGB_test_0407_400_oldzy!
12-22 11:23:52.586  2027  3285 I libsensor-displayalgo: the value of  RESULT2502.345659,1022.587703,1211.726172,431.747764
12-22 11:23:52.586  2027  3285 I libsensor-displayalgo: the value of  getChannelDataCalibrated2611.410438,948.966330,1397.471285,467.356137
12-22 11:23:52.586  2027  3285 I libsensor-displayalgo: the value of  REAL LUX23.373070
12-22 11:23:52.586  2027  3285 I libsensor-displayalgo: the value of  CAL REAL LUX23.373070
12-22 11:23:52.605  9282 10275 I QzoneConfig: key = qzonesetting secondaryKey= qzone_lastgetfeedtime value= null
12-22 11:23:52.694  9282 10029 I SmartThreadExecutor: handleMessage: start check 0
12-22 11:23:52.694  9282 10029 I SmartThreadExecutor: handleMessage: check end 0 -187 false
12-22 11:23:52.829  1251  2448 I vendor.qti.hardware.display.composer-service: FrameNotifyProcess Sensor: notify citsensorservice to trigger cwb
12-22 11:23:52.829  2027  2027 I libcitsensorservice@2.0-impl: msg_transfer
12-22 11:23:52.830  2027  3266 D vendor.xiaomi.sensor.citsensorservice@2.0-service: handle id:10 wxh:1280x2400 uwxuh:1080x2400 size: 9216000 fd:15 fd_meta:16 flags:0x4000228 usage:0x33  format:0x3 layer_count: 1
12-22 11:23:52.830  1251  2215 I SDM     : HWCSession::SetCWBOutputBuffer: CWB config passed by cwb_client : tappoint 1  CWB_ROI : (829.000000 4.000000 915.000000 90.000000)
12-22 11:23:52.832  1251  7910 I SDM     : HWCSession::ProcessRequests: Successfully configured CWB buffer.
12-22 11:23:52.838  1251  7910 I SDM     : HWCSession::ProcessRequests: Pushing release fence in fenece wait queue.
12-22 11:23:52.839  1251  7910 I SDM     : HWCSession::ProcessRequests: Creating AsyncFenceWaits async thread.
12-22 11:23:52.839  1251  7910 I SDM     : HWCSession::ProcessRequests: Remove current CWB request from the pending request queue.
12-22 11:23:52.839  1251  7910 I SDM     : HWCSession::ProcessRequests: No pending cwb requests found in the queue.
12-22 11:23:52.845  1251  1467 I SDM     : HWDeviceDRM::SetupConcurrentWriteback: Tear down the Concurrent Writeback topology
12-22 11:23:52.852  1251  7917 I SDM     : HWCSession::NotifyCWBStatus: Notify the client about buffer status 0.
12-22 11:23:52.852  1251  7917 I SDM     : HWCSession::PerformFenceWaits: Remove current release fence from the pending fence wait queue.
12-22 11:23:52.852  1251  7917 I SDM     : HWCSession::PerformFenceWaits: CWB fence queue is empty. No pending release fence to wait on.
12-22 11:23:52.882  2027  3285 D libsensor-displayalgo: the value of  brightness:369.000000,R:71820880.024236,G:64219361.975297,B:50952298.799137,EVENT_C:3127.000000,EVENT_R:1246.000000,EVENT_G:1665.500000,EVENT_B:651.000000
12-22 11:23:52.883  2027  3285 I libsensor-displayalgo: the value of  Coef1:1107.681000,Coef4:2.383000, scale1:0.935522, scale4:0.923264
12-22 11:23:52.883  2027  3285 E libsensor-displayalgo: RGB_test_0407_400_oldzy!
12-22 11:23:52.883  2027  3285 I libsensor-displayalgo: the value of  RESULT2502.345659,1022.587703,1211.726172,431.747764
12-22 11:23:52.883  2027  3285 I libsensor-displayalgo: the value of  getChannelDataCalibrated2611.410438,948.966330,1397.471285,467.356137
12-22 11:23:52.883  2027  3285 I libsensor-displayalgo: the value of  REAL LUX22.465721
12-22 11:23:52.883  2027  3285 I libsensor-displayalgo: the value of  CAL REAL LUX22.465721
12-22 11:23:53.017  4496  4496 D MiPlayDetailViewModel: onPositionChange(): position = 72062
12-22 11:23:53.017  9768  6761 I SafeBinderCall: onPositionChange binder cost:1
12-22 11:23:53.143  1251  2448 I vendor.qti.hardware.display.composer-service: FrameNotifyProcess Sensor: notify citsensorservice to trigger cwb
12-22 11:23:53.144  2027  2096 I libcitsensorservice@2.0-impl: msg_transfer
12-22 11:23:53.144  2027  3266 D vendor.xiaomi.sensor.citsensorservice@2.0-service: handle id:10 wxh:1280x2400 uwxuh:1080x2400 size: 9216000 fd:15 fd_meta:16 flags:0x4000228 usage:0x33  format:0x3 layer_count: 1
12-22 11:23:53.145  1251  2215 I SDM     : HWCSession::SetCWBOutputBuffer: CWB config passed by cwb_client : tappoint 1  CWB_ROI : (829.000000 4.000000 915.000000 90.000000)
12-22 11:23:53.146  1251  7919 I SDM     : HWCSession::ProcessRequests: Successfully configured CWB buffer.
12-22 11:23:53.152  1251  7919 I SDM     : HWCSession::ProcessRequests: Pushing release fence in fenece wait queue.
12-22 11:23:53.152  1251  7919 I SDM     : HWCSession::ProcessRequests: Creating AsyncFenceWaits async thread.
12-22 11:23:53.152  1251  7919 I SDM     : HWCSession::ProcessRequests: Remove current CWB request from the pending request queue.
12-22 11:23:53.152  1251  7919 I SDM     : HWCSession::ProcessRequests: No pending cwb requests found in the queue.
12-22 11:23:53.158  1251  1467 I SDM     : HWDeviceDRM::SetupConcurrentWriteback: Tear down the Concurrent Writeback topology
12-22 11:23:53.165  1251  7920 I SDM     : HWCSession::NotifyCWBStatus: Notify the client about buffer status 0.
12-22 11:23:53.165  1251  7920 I SDM     : HWCSession::PerformFenceWaits: Remove current release fence from the pending fence wait queue.
12-22 11:23:53.165  1251  7920 I SDM     : HWCSession::PerformFenceWaits: CWB fence queue is empty. No pending release fence to wait on.
12-22 11:23:53.202  9660  9660 D MiuiImsPhoneCallTrackerStubImpl: onReceive : android.net.wifi.RSSI_CHANGED
12-22 11:23:53.204  9660  9660 D MiuiImsPhoneCallTrackerStubImpl: onReceive : android.net.wifi.RSSI_CHANGED
12-22 11:23:53.214  4371  5534 D QCNEJ/NativeHalConnector: -> SND notifyDefaultNetworkChanged(1)
12-22 11:23:53.216  5773  8961 I SLM-SRV-SLAService: onCapabilitiesChanged WIFI master
12-22 11:23:53.217  9282  9466 D TAB.NetworkUtils: network onCapabilitiesChanged
