12-19 16:47:50.423 21437 21492 W SystemServiceRegistry: No service published for: uimode
12-19 16:47:50.425 23958 24009 I appium  : AppiumResponse: {"sessionId":"0c7aa478-86a7-4186-98c1-9457eca0236c","value":null}
12-19 16:47:50.452 23958 24009 I appium  : channel read: POST /wd/hub/session/0c7aa478-86a7-4186-98c1-9457eca0236c/element
12-19 16:47:50.453 23958 24009 I appium  : FindElement command
12-19 16:47:50.454 23958 24009 I appium  : method: 'id', selector: 'cn.missevan:id/tv_feedback_bug'
12-19 16:47:50.455 23958 24009 I appium  : Waiting up to 100ms for the device to idle
12-19 16:47:50.545  1251  2448 I vendor.qti.hardware.display.composer-service: FrameNotifyProcess Sensor: notify citsensorservice to trigger cwb
12-19 16:47:50.545  2027  2027 I libcitsensorservice@2.0-impl: msg_transfer
12-19 16:47:50.545  2027  3266 D vendor.xiaomi.sensor.citsensorservice@2.0-service: handle id:10 wxh:1280x2400 uwxuh:1080x2400 size: 9216000 fd:15 fd_meta:16 flags:0x4000228 usage:0x33  format:0x3 layer_count: 1
12-19 16:47:50.545  1251  2214 I SDM     : HWCSession::SetCWBOutputBuffer: CWB config passed by cwb_client : tappoint 1  CWB_ROI : (829.000000 4.000000 915.000000 90.000000)
12-19 16:47:50.546  1251 24147 I SDM     : HWCSession::ProcessRequests: Successfully configured CWB buffer.
12-19 16:47:50.555  1251 24147 I SDM     : HWCSession::ProcessRequests: Pushing release fence in fenece wait queue.
12-19 16:47:50.555  1251 24147 I SDM     : HWCSession::ProcessRequests: Creating AsyncFenceWaits async thread.
12-19 16:47:50.556  1251 24147 I SDM     : HWCSession::ProcessRequests: Remove current CWB request from the pending request queue.
12-19 16:47:50.556  1251 24147 I SDM     : HWCSession::ProcessRequests: No pending cwb requests found in the queue.
12-19 16:47:50.562  1251  1467 I SDM     : HWDeviceDRM::SetupConcurrentWriteback: Tear down the Concurrent Writeback topology
12-19 16:47:50.569  1251 24148 I SDM     : HWCSession::NotifyCWBStatus: Notify the client about buffer status 0.
12-19 16:47:50.569  1251 24148 I SDM     : HWCSession::PerformFenceWaits: Remove current release fence from the pending fence wait queue.
12-19 16:47:50.569  1251 24148 I SDM     : HWCSession::PerformFenceWaits: CWB fence queue is empty. No pending release fence to wait on.
12-19 16:47:50.596 32290 32290 I HandWritingStubImpl: isKeyboardTypeChanged: false
12-19 16:47:50.682  2027  3285 D libsensor-displayalgo: the value of  brightness:396.000000,R:70065429.414555,G:62651643.629439,B:49707511.744981,EVENT_C:6584.000000,EVENT_R:2534.000000,EVENT_G:3322.500000,EVENT_B:1266.500000
12-19 16:47:50.682  2027  3285 I libsensor-displayalgo: the value of  Coef1:1107.681000,Coef4:2.383000, scale1:0.935522, scale4:0.923264
12-19 16:47:50.682  2027  3285 E libsensor-displayalgo: RGB_test_0407_400_oldzy!
12-19 16:47:50.682  2027  3285 I libsensor-displayalgo: the value of  RESULT2578.985073,1052.319196,1247.671994,444.159636
12-19 16:47:50.682  2027  3285 I libsensor-displayalgo: the value of  getChannelDataCalibrated2694.520153,975.313741,1443.086015,481.341159
12-19 16:47:50.682  2027  3285 I libsensor-displayalgo: the value of  REAL LUX237.464218
12-19 16:47:50.682  2027  3285 I libsensor-displayalgo: the value of  CAL REAL LUX237.464218
12-19 16:47:50.848 23958 24009 W QueryController: Could not detect idle state.
12-19 16:47:50.849  1251  2448 I vendor.qti.hardware.display.composer-service: FrameNotifyProcess Sensor: notify citsensorservice to trigger cwb
12-19 16:47:50.850  2027  6676 I libcitsensorservice@2.0-impl: msg_transfer
12-19 16:47:50.851  2027  3266 D vendor.xiaomi.sensor.citsensorservice@2.0-service: handle id:10 wxh:1280x2400 uwxuh:1080x2400 size: 9216000 fd:15 fd_meta:16 flags:0x4000228 usage:0x33  format:0x3 layer_count: 1
12-19 16:47:50.852  1251  2214 I SDM     : HWCSession::SetCWBOutputBuffer: CWB config passed by cwb_client : tappoint 1  CWB_ROI : (829.000000 4.000000 915.000000 90.000000)
12-19 16:47:50.853  1251 24153 I SDM     : HWCSession::ProcessRequests: Successfully configured CWB buffer.
12-19 16:47:50.859  1251 24153 I SDM     : HWCSession::ProcessRequests: Pushing release fence in fenece wait queue.
12-19 16:47:50.859  1251 24153 I SDM     : HWCSession::ProcessRequests: Creating AsyncFenceWaits async thread.
12-19 16:47:50.860  1251 24153 I SDM     : HWCSession::ProcessRequests: Remove current CWB request from the pending request queue.
12-19 16:47:50.860  1251 24153 I SDM     : HWCSession::ProcessRequests: No pending cwb requests found in the queue.
12-19 16:47:50.866  1251  1467 I SDM     : HWDeviceDRM::SetupConcurrentWriteback: Tear down the Concurrent Writeback topology
12-19 16:47:50.872 23958 24009 I appium  : AppiumResponse: {"sessionId":"0c7aa478-86a7-4186-98c1-9457eca0236c","value":{"ELEMENT":"00000000-0000-08bf-ffff-ffff00000943","element-6066-11e4-a52e-4f735466cecf":"00000000-0000-08bf-ffff-ffff00000943"}}
12-19 16:47:50.873  1251 24154 I SDM     : HWCSession::NotifyCWBStatus: Notify the client about buffer status 0.
12-19 16:47:50.874  1251 24154 I SDM     : HWCSession::PerformFenceWaits: Remove current release fence from the pending fence wait queue.
12-19 16:47:50.874  1251 24154 I SDM     : HWCSession::PerformFenceWaits: CWB fence queue is empty. No pending release fence to wait on.
12-19 16:47:50.886 23958 24009 I appium  : channel read: POST /wd/hub/session/0c7aa478-86a7-4186-98c1-9457eca0236c/element/00000000-0000-08bf-ffff-ffff00000943/click
12-19 16:47:50.886 23958 24009 I appium  : Click command
12-19 16:47:50.957  2475  5722 W ProcessStats: Tracking association SourceState{5bada8b com.miui.thirdappassistant/1000 BTopFgs #236515} whose proc state 2 is better than process ProcessState{ab8ac79 com.miui.analytics/10089 pkg=com.miui.analytics} proc state 3 (27 skipped)
12-19 16:47:50.982  2027  3285 D libsensor-displayalgo: the value of  brightness:396.000000,R:70065429.414555,G:62651643.629439,B:49707511.744981,EVENT_C:6587.500000,EVENT_R:2533.000000,EVENT_G:3326.500000,EVENT_B:1270.000000
12-19 16:47:50.982  2027  3285 I libsensor-displayalgo: the value of  Coef1:1107.681000,Coef4:2.383000, scale1:0.935522, scale4:0.923264
12-19 16:47:50.982  2027  3285 E libsensor-displayalgo: RGB_test_0407_400_oldzy!
12-19 16:47:50.983  2027  3285 I libsensor-displayalgo: the value of  RESULT2578.985073,1052.319196,1247.671994,444.159636
12-19 16:47:50.983  2027  3285 I libsensor-displayalgo: the value of  getChannelDataCalibrated2694.520153,975.313741,1443.086015,481.341159
12-19 16:47:50.983  2027  3285 I libsensor-displayalgo: the value of  REAL LUX237.646606
12-19 16:47:50.983  2027  3285 I libsensor-displayalgo: the value of  CAL REAL LUX237.646606
12-19 16:47:51.067  5652 27845 W MiuiPerfServiceClient: interceptAndQueuing:21173|cn.missevan|149|147|554901085498476|Slow main thread|2
12-19 16:47:51.139 32290 32290 I HandWritingStubImpl: isKeyboardTypeChanged: false
12-19 16:47:51.153  1251  2448 I vendor.qti.hardware.display.composer-service: FrameNotifyProcess Sensor: notify citsensorservice to trigger cwb
12-19 16:47:51.154  2027  6676 I libcitsensorservice@2.0-impl: msg_transfer
12-19 16:47:51.154  2027  3266 D vendor.xiaomi.sensor.citsensorservice@2.0-service: handle id:10 wxh:1280x2400 uwxuh:1080x2400 size: 9216000 fd:15 fd_meta:16 flags:0x4000228 usage:0x33  format:0x3 layer_count: 1
12-19 16:47:51.154  1251  2214 I SDM     : HWCSession::SetCWBOutputBuffer: CWB config passed by cwb_client : tappoint 1  CWB_ROI : (829.000000 4.000000 915.000000 90.000000)
12-19 16:47:51.155  1251 24160 I SDM     : HWCSession::ProcessRequests: Successfully configured CWB buffer.
12-19 16:47:51.163  1251 24160 I SDM     : HWCSession::ProcessRequests: Pushing release fence in fenece wait queue.
12-19 16:47:51.163  1251 24160 I SDM     : HWCSession::ProcessRequests: Creating AsyncFenceWaits async thread.
12-19 16:47:51.163  1251 24160 I SDM     : HWCSession::ProcessRequests: Remove current CWB request from the pending request queue.
12-19 16:47:51.164  1251 24160 I SDM     : HWCSession::ProcessRequests: No pending cwb requests found in the queue.
12-19 16:47:51.170  1251  1467 I SDM     : HWDeviceDRM::SetupConcurrentWriteback: Tear down the Concurrent Writeback topology
12-19 16:47:51.177  1251 24161 I SDM     : HWCSession::NotifyCWBStatus: Notify the client about buffer status 0.
12-19 16:47:51.178  1251 24161 I SDM     : HWCSession::PerformFenceWaits: Remove current release fence from the pending fence wait queue.
12-19 16:47:51.178  1251 24161 I SDM     : HWCSession::PerformFenceWaits: CWB fence queue is empty. No pending release fence to wait on.
12-19 16:47:51.282  2027  3285 D libsensor-displayalgo: the value of  brightness:396.000000,R:70065429.414555,G:62651643.629439,B:49707511.744981,EVENT_C:6596.000000,EVENT_R:2537.000000,EVENT_G:3330.500000,EVENT_B:1271.500000
12-19 16:47:51.282  2027  3285 I libsensor-displayalgo: the value of  Coef1:1107.681000,Coef4:2.383000, scale1:0.935522, scale4:0.923264
12-19 16:47:51.282  2027  3285 E libsensor-displayalgo: RGB_test_0407_400_oldzy!
12-19 16:47:51.282  2027  3285 I libsensor-displayalgo: the value of  RESULT2578.985073,1052.319196,1247.671994,444.159636
12-19 16:47:51.282  2027  3285 I libsensor-displayalgo: the value of  getChannelDataCalibrated2694.520153,975.313741,1443.086015,481.341159
12-19 16:47:51.282  2027  3285 I libsensor-displayalgo: the value of  REAL LUX238.155838
12-19 16:47:51.282  2027  3285 I libsensor-displayalgo: the value of  CAL REAL LUX238.155838
12-19 16:47:51.348 23958 24009 W QueryController: Could not detect idle state.
12-19 16:47:51.374  2475  5716 D MIUIInput: Input event injection from pid 23942, MotionEvent: DOWN
12-19 16:47:51.376  2475  3037 D MIUIInput: [MotionEvent] publisher action=0x4, 554901999, channel 'a6e61f2 NavigationBar0 (server)'
12-19 16:47:51.376  2475  3037 D MIUIInput: [MotionEvent] publisher action=0x0, 554901999, channel '6108ab4 cn.missevan/cn.missevan.activity.MainActivity (server)'
12-19 16:47:51.386  2475  5722 D MIUIInput: Input event injection from pid 23942, MotionEvent: UP
12-19 16:47:51.386  2475  3037 D MIUIInput: [MotionEvent] publisher action=0x1, 554901999, channel '6108ab4 cn.missevan/cn.missevan.activity.MainActivity (server)'
12-19 16:47:51.389 21173 21173 E cn.missevan: No package ID ff found for ID 0xffffffff.
12-19 16:47:51.409 23958 24009 I appium  : Waiting up to 100ms for the device to idle
12-19 16:47:51.416 21173 21173 I HandWritingStubImpl: isKeyboardTypeChanged: false
12-19 16:47:51.416 21173 21173 I HandWritingStubImpl: isKeyboardTypeChanged: false
12-19 16:47:51.416 21173 21173 I HandWritingStubImpl: isKeyboardTypeChanged: false
12-19 16:47:51.416 21173 21173 I HandWritingStubImpl: isKeyboardTypeChanged: false
12-19 16:47:51.420 21173 21173 D IS_CTS_MODE: true
12-19 16:47:51.420 21173 21173 D MULTI_WINDOW_SWITCH_ENABLED: false
12-19 16:47:51.449  2475  5722 W InputManager-JNI: Input channel object '8ee50de cn.missevan/cn.missevan.activity.MainActivity (client)' was disposed without first being removed with the input manager!
12-19 16:47:51.457  1251  2448 I vendor.qti.hardware.display.composer-service: FrameNotifyProcess Sensor: notify citsensorservice to trigger cwb
12-19 16:47:51.458  2027  2027 I libcitsensorservice@2.0-impl: msg_transfer
12-19 16:47:51.458  2027  3266 D vendor.xiaomi.sensor.citsensorservice@2.0-service: handle id:10 wxh:1280x2400 uwxuh:1080x2400 size: 9216000 fd:15 fd_meta:16 flags:0x4000228 usage:0x33  format:0x3 layer_count: 1
12-19 16:47:51.458  1251  2214 I SDM     : HWCSession::SetCWBOutputBuffer: CWB config passed by cwb_client : tappoint 1  CWB_ROI : (829.000000 4.000000 915.000000 90.000000)
12-19 16:47:51.459  1251 24169 I SDM     : HWCSession::ProcessRequests: Successfully configured CWB buffer.
12-19 16:47:51.468  1251 24169 I SDM     : HWCSession::ProcessRequests: Pushing release fence in fenece wait queue.
12-19 16:47:51.468  1251 24169 I SDM     : HWCSession::ProcessRequests: Creating AsyncFenceWaits async thread.
12-19 16:47:51.468  1251 24169 I SDM     : HWCSession::ProcessRequests: Remove current CWB request from the pending request queue.
12-19 16:47:51.468  1251 24169 I SDM     : HWCSession::ProcessRequests: No pending cwb requests found in the queue.
12-19 16:47:51.471 21173 21173 I HandWritingStubImpl: isKeyboardTypeChanged: false
12-19 16:47:51.475  1251  1467 I SDM     : HWDeviceDRM::SetupConcurrentWriteback: Tear down the Concurrent Writeback topology
12-19 16:47:51.482  1251 24170 I SDM     : HWCSession::NotifyCWBStatus: Notify the client about buffer status 0.
12-19 16:47:51.482  1251 24170 I SDM     : HWCSession::PerformFenceWaits: Remove current release fence from the pending fence wait queue.
12-19 16:47:51.482  1251 24170 I SDM     : HWCSession::PerformFenceWaits: CWB fence queue is empty. No pending release fence to wait on.
12-19 16:47:51.515 21173 21173 W cn.missevan: type=1400 audit(0.0:99463): avc: granted { nlmsg_readpriv } for scontext=u:r:untrusted_app_27:s0:c10,c257,c512,c768 tcontext=u:r:untrusted_app_27:s0:c10,c257,c512,c768 tclass=netlink_route_socket app=cn.missevan
12-19 16:47:51.533 23958 24009 W QueryController: Could not detect idle state.
12-19 16:47:51.540 23958 24009 I appium  : AppiumResponse: {"sessionId":"0c7aa478-86a7-4186-98c1-9457eca0236c","value":null}
12-19 16:47:51.544 21173 21184 I cn.missevan: This is sticky GC, maxfree is 8388608 minfree is 2097152
12-19 16:47:51.584  2027  3285 D libsensor-displayalgo: the value of  brightness:396.000000,R:70065429.414555,G:62651643.629439,B:49707511.744981,EVENT_C:6579.000000,EVENT_R:2533.500000,EVENT_G:3318.000000,EVENT_B:1264.500000
12-19 16:47:51.584  2027  3285 I libsensor-displayalgo: the value of  Coef1:1107.681000,Coef4:2.383000, scale1:0.935522, scale4:0.923264
12-19 16:47:51.584  2027  3285 E libsensor-displayalgo: RGB_test_0407_400_oldzy!
12-19 16:47:51.585  2027  3285 I libsensor-displayalgo: the value of  RESULT2578.985073,1052.319196,1247.671994,444.159636
12-19 16:47:51.585  2027  3285 I libsensor-displayalgo: the value of  getChannelDataCalibrated2694.520153,975.313741,1443.086015,481.341159
12-19 16:47:51.585  2027  3285 I libsensor-displayalgo: the value of  REAL LUX237.087936
12-19 16:47:51.585  2027  3285 I libsensor-displayalgo: the value of  CAL REAL LUX237.087936
12-19 16:47:51.681 32290 32290 I HandWritingStubImpl: isKeyboardTypeChanged: false
12-19 16:47:51.761  1251  2448 I vendor.qti.hardware.display.composer-service: FrameNotifyProcess Sensor: notify citsensorservice to trigger cwb
12-19 16:47:51.762  2027  6676 I libcitsensorservice@2.0-impl: msg_transfer
12-19 16:47:51.762  2027  3266 D vendor.xiaomi.sensor.citsensorservice@2.0-service: handle id:10 wxh:1280x2400 uwxuh:1080x2400 size: 9216000 fd:15 fd_meta:16 flags:0x4000228 usage:0x33  format:0x3 layer_count: 1
12-19 16:47:51.763  1251  2214 I SDM     : HWCSession::SetCWBOutputBuffer: CWB config passed by cwb_client : tappoint 1  CWB_ROI : (829.000000 4.000000 915.000000 90.000000)
12-19 16:47:51.764  1251 24175 I SDM     : HWCSession::ProcessRequests: Successfully configured CWB buffer.
12-19 16:47:51.773  1251 24175 I SDM     : HWCSession::ProcessRequests: Pushing release fence in fenece wait queue.
12-19 16:47:51.773  1251 24175 I SDM     : HWCSession::ProcessRequests: Creating AsyncFenceWaits async thread.
12-19 16:47:51.773  1251 24175 I SDM     : HWCSession::ProcessRequests: Remove current CWB request from the pending request queue.
12-19 16:47:51.773  1251 24175 I SDM     : HWCSession::ProcessRequests: No pending cwb requests found in the queue.
12-19 16:47:51.779  1251  1467 I SDM     : HWDeviceDRM::SetupConcurrentWriteback: Tear down the Concurrent Writeback topology
12-19 16:47:51.786  1251 24176 I SDM     : HWCSession::NotifyCWBStatus: Notify the client about buffer status 0.
12-19 16:47:51.787  1251 24176 I SDM     : HWCSession::PerformFenceWaits: Remove current release fence from the pending fence wait queue.
12-19 16:47:51.790  1251 24176 I SDM     : HWCSession::PerformFenceWaits: CWB fence queue is empty. No pending release fence to wait on.
12-19 16:47:51.821  2475  2484 I system_server: This is sticky GC, maxfree is 8388608 minfree is 2097152
12-19 16:47:51.883  2027  3285 D libsensor-displayalgo: the value of  brightness:396.000000,R:70065429.414555,G:62651643.629439,B:49707511.744981,EVENT_C:6595.500000,EVENT_R:2537.000000,EVENT_G:3330.500000,EVENT_B:1272.500000
12-19 16:47:51.883  2027  3285 I libsensor-displayalgo: the value of  Coef1:1107.681000,Coef4:2.383000, scale1:0.935522, scale4:0.923264
12-19 16:47:51.883  2027  3285 E libsensor-displayalgo: RGB_test_0407_400_oldzy!
12-19 16:47:51.884  2027  3285 I libsensor-displayalgo: the value of  RESULT2578.985073,1052.319196,1247.671994,444.159636
12-19 16:47:51.884  2027  3285 I libsensor-displayalgo: the value of  getChannelDataCalibrated2694.520153,975.313741,1443.086015,481.341159
12-19 16:47:51.884  2027  3285 I libsensor-displayalgo: the value of  REAL LUX238.039322
12-19 16:47:51.884  2027  3285 I libsensor-displayalgo: the value of  CAL REAL LUX238.039322
12-19 16:47:51.953  1251  2448 I vendor.qti.hardware.display.composer-service: FrameNotifyProcess Sensor: notify citsensorservice to trigger cwb
12-19 16:47:51.954  2027  6676 I libcitsensorservice@2.0-impl: msg_transfer
12-19 16:47:51.954  2027  3266 D vendor.xiaomi.sensor.citsensorservice@2.0-service: handle id:10 wxh:1280x2400 uwxuh:1080x2400 size: 9216000 fd:15 fd_meta:16 flags:0x4000228 usage:0x33  format:0x3 layer_count: 1
12-19 16:47:51.954  1251  2214 I SDM     : HWCSession::SetCWBOutputBuffer: CWB config passed by cwb_client : tappoint 1  CWB_ROI : (829.000000 4.000000 915.000000 90.000000)
12-19 16:47:51.956  1251 24177 I SDM     : HWCSession::ProcessRequests: Successfully configured CWB buffer.
12-19 16:47:51.962  1251 24177 I SDM     : HWCSession::ProcessRequests: Pushing release fence in fenece wait queue.
12-19 16:47:51.962  1251 24177 I SDM     : HWCSession::ProcessRequests: Creating AsyncFenceWaits async thread.
12-19 16:47:51.962  1251 24177 I SDM     : HWCSession::ProcessRequests: Remove current CWB request from the pending request queue.
12-19 16:47:51.962  1251 24177 I SDM     : HWCSession::ProcessRequests: No pending cwb requests found in the queue.
12-19 16:47:51.968  1251  1467 I SDM     : HWDeviceDRM::SetupConcurrentWriteback: Tear down the Concurrent Writeback topology
12-19 16:47:51.975  1251 24179 I SDM     : HWCSession::NotifyCWBStatus: Notify the client about buffer status 0.
12-19 16:47:51.976  1251 24179 I SDM     : HWCSession::PerformFenceWaits: Remove current release fence from the pending fence wait queue.
12-19 16:47:51.978  1251 24179 I SDM     : HWCSession::PerformFenceWaits: CWB fence queue is empty. No pending release fence to wait on.
12-19 16:47:52.217 32290 32290 I HandWritingStubImpl: isKeyboardTypeChanged: false
12-19 16:47:52.283  2027  3285 D libsensor-displayalgo: the value of  brightness:396.000000,R:70065429.414555,G:62651643.629439,B:49707511.744981,EVENT_C:6535.000000,EVENT_R:2524.500000,EVENT_G:3296.500000,EVENT_B:1254.500000
12-19 16:47:52.283  2027  3285 I libsensor-displayalgo: the value of  Coef1:1107.681000,Coef4:2.383000, scale1:0.935522, scale4:0.923264
12-19 16:47:52.283  2027  3285 E libsensor-displayalgo: RGB_test_0407_400_oldzy!
12-19 16:47:52.284  2027  3285 I libsensor-displayalgo: the value of  RESULT2578.985073,1052.319196,1247.671994,444.159636
12-19 16:47:52.284  2027  3285 I libsensor-displayalgo: the value of  getChannelDataCalibrated2694.520153,975.313741,1443.086015,481.341159
12-19 16:47:52.284  2027  3285 I libsensor-displayalgo: the value of  REAL LUX234.156052
12-19 16:47:52.284  2027  3285 I libsensor-displayalgo: the value of  CAL REAL LUX234.156052
12-19 16:47:52.583  2027  3285 D libsensor-displayalgo: the value of  brightness:396.000000,R:70065429.414555,G:62651643.629439,B:49707511.744981,EVENT_C:6535.000000,EVENT_R:2524.500000,EVENT_G:3296.500000,EVENT_B:1254.500000
12-19 16:47:52.583  2027  3285 I libsensor-displayalgo: the value of  Coef1:1107.681000,Coef4:2.383000, scale1:0.935522, scale4:0.923264
12-19 16:47:52.583  2027  3285 E libsensor-displayalgo: RGB_test_0407_400_oldzy!
12-19 16:47:52.584  2027  3285 I libsensor-displayalgo: the value of  RESULT2578.985073,1052.319196,1247.671994,444.159636
12-19 16:47:52.584  2027  3285 I libsensor-displayalgo: the value of  getChannelDataCalibrated2694.520153,975.313741,1443.086015,481.341159
12-19 16:47:52.584  2027  3285 I libsensor-displayalgo: the value of  REAL LUX234.156052
12-19 16:47:52.584  2027  3285 I libsensor-displayalgo: the value of  CAL REAL LUX234.156052
12-19 16:47:52.629 23958 24009 I appium  : channel read: POST /wd/hub/session/0c7aa478-86a7-4186-98c1-9457eca0236c/actions
12-19 16:47:52.632 23958 24009 I appium  : W3CActions command
12-19 16:47:52.705   693   693 I servicemanager: Notifying apexservice they have clients: 0
12-19 16:47:52.706   693   693 I BpBinder: onLastStrongRef automatically unlinking death recipients: <uncached descriptor>
12-19 16:47:52.758 17724 17907 D MiuiFastConnectService: stopBleScan: scanning: true
12-19 16:47:52.758 17724 17907 D BluetoothAdapter: isLeEnabled(): ON
12-19 16:47:52.765 17286 17442 D BtGatt.GattService: stopScan() - queue size =1
12-19 16:47:52.769 32290 32290 I HandWritingStubImpl: isKeyboardTypeChanged: false
12-19 16:47:52.770 17286 17495 I BtGatt.ScanManager: msg.what = 1, msg.arg1 = 0(mMiuiControllingType)
12-19 16:47:52.770 17286 17495 D BtGatt.ScanManager: track LE scan event: callerPackage = [com.xiaomi.bluetooth], scanMode = [0], reportDelayMillis = [0], behavior = [2], scannerId = [7], duration = [59924]
12-19 16:47:52.772 17286 17495 D BtGatt.ScanManager: stop scan
12-19 16:47:52.773  1192  1192 D vendor.qti.bluetooth@1.0-ibs_handler: SerialClockVote: vote for UART CLK ON
12-19 16:47:52.773 17286 17664 D BtGatt.GattService: unregisterScanner() - scannerId=7
12-19 16:47:52.774  1192  1192 D vendor.qti.bluetooth@1.0-wake_lock: Acquire wakelock is acquired
12-19 16:47:52.774  1192  1192 I vendor.qti.bluetooth@1.0-ibs_handler: DeviceWakeUp: Writing IBS_WAKE_IND
12-19 16:47:52.778 20304 20444 D IdProviderImpl: getOAID from com.miui.analytics
12-19 16:47:52.783  1192 17646 I vendor.qti.bluetooth@1.0-ibs_handler: ProcessIbsCmd: Received IBS_WAKE_ACK: 0xFC
12-19 16:47:52.783  1192 17646 I vendor.qti.bluetooth@1.0-ibs_handler: ProcessIbsCmd: Signal wack_cond_
12-19 16:47:52.783  1192  1192 D vendor.qti.bluetooth@1.0-ibs_handler: DeviceWakeUp: Unblocked from waiting for FC, pthread_cond_timedwait ret = 0
12-19 16:47:52.786  1192 17646 I vendor.qti.bluetooth@1.0-ibs_handler: ProcessIbsCmd: Received IBS_WAKE_IND: 0xFD
12-19 16:47:52.786  1192 17646 I vendor.qti.bluetooth@1.0-ibs_handler: ProcessIbsCmd: Writing IBS_WAKE_ACK
12-19 16:47:52.786 20304 20444 D IdProviderImpl: getOAID from com.miui.analytics
12-19 16:47:52.791 17286 17420 D BtGatt.GattService: onScanFilterParamsConfigured() - clientIf=7, status=0, action=1, availableSpace=59
12-19 16:47:52.792 17286 17420 D BtGatt.ScanManager: callback done for scannerId - 7 status - 0
12-19 16:47:52.793 17286 17420 D BtGatt.GattService: onScanFilterParamsConfigured() - clientIf=7, status=0, action=1, availableSpace=60
12-19 16:47:52.794 17286 17420 D BtGatt.ScanManager: callback done for scannerId - 7 status - 0
12-19 16:47:52.796 17286 17420 D BtGatt.GattService: onScanFilterParamsConfigured() - clientIf=7, status=0, action=1, availableSpace=61
12-19 16:47:52.796 17286 17420 D BtGatt.ScanManager: callback done for scannerId - 7 status - 0
12-19 16:47:52.798 17286 17420 D BtGatt.GattService: onScanFilterParamsConfigured() - clientIf=7, status=0, action=1, availableSpace=62
12-19 16:47:52.798 17286 17420 D BtGatt.ScanManager: callback done for scannerId - 7 status - 0
12-19 16:47:52.801 17286 17420 D BtGatt.GattService: onScanFilterParamsConfigured() - clientIf=7, status=0, action=1, availableSpace=63
12-19 16:47:52.801 17286 17420 D BtGatt.ScanManager: callback done for scannerId - 7 status - 0
12-19 16:47:52.802 17286 17420 D BtGatt.GattService: onScanFilterParamsConfigured() - clientIf=7, status=0, action=1, availableSpace=64
12-19 16:47:52.803 17286 17420 D BtGatt.ScanManager: callback done for scannerId - 7 status - 0
12-19 16:47:52.803 17286 17495 D BtGatt.ScanManager: configureRegularScanParams() - queue=0
12-19 16:47:52.803 17286 17495 D BtGatt.ScanManager: configureRegularScanParams() - ScanSetting LE 1M Scan mode=-2147483648 ScanSetting LE Coded Scan mode=-2147483648 mLastConfiguredScanSettingLE1M=0 mLastConfiguredScanSettingLECoded=0 scanPhy=1
12-19 16:47:52.803 17286 17495 D BtGatt.ScanManager: configureRegularScanParams() - queue emtpy, scan stopped
12-19 16:47:52.803 17286 17495 D BtGatt.ScanManager: configureRegularScanParams() - queue emtpy, scan stopped
12-19 16:47:52.837 17724 17907 D MiuiFastConnectService: handleMessage: MSG_START_BLE_SCAN mode: 0
12-19 16:47:52.837 17724 17907 D BluetoothAdapter: isLeEnabled(): ON
12-19 16:47:52.838 17724 17907 D BluetoothLeImp: isRoutingAllowedForScanStub
12-19 16:47:52.841 17286 17442 D BtGatt.GattService: registerScanner() - UUID=97ad05bb-b696-46ea-9e2a-9e0f7b3a5d6d
12-19 16:47:52.843  1192 17646 I vendor.qti.bluetooth@1.0-ibs_handler: ProcessIbsCmd: Received IBS_SLEEP_IND: 0xFE
12-19 16:47:52.843 17286 17420 D BtGatt.GattService: onScannerRegistered() - UUID=97ad05bb-b696-46ea-9e2a-9e0f7b3a5d6d, scannerId=7, status=0
12-19 16:47:52.844 17724 17736 D BluetoothLeScanner: onScannerRegistered() - status=0 scannerId=7 mScannerId=0
12-19 16:47:52.850 17286 17442 D BtGatt.GattService: start scan with filters. callingPackage: com.xiaomi.bluetooth
12-19 16:47:52.853 17286 17442 D BtGatt.GattService: enforcePrivilegedPermissionIfNeeded([BluetoothLeScanFilter [mDeviceName=null, mDeviceAddress=null, mUuid=null, mUuidMask=null, mServiceSolicitationUuid=null, mServiceSolicitationUuidMask=null, mServiceDataUuid=null, mServiceData=null, mServiceDataMask=null, mManufacturerId=911, mManufacturerData=[], mManufacturerDataMask=null, mOrganizationId=-1, mTDSFlags=-1, mTDSFlagsMask=-1, mWifiNANHash=null], mGroupBasedFiltering=false, BluetoothLeScanFilter [mDeviceName=null, mDeviceAddress=null, mUuid=null, mUuidMask=null, mServiceSolicitationUuid=null, mServiceSolicitationUuidMask=null, mServiceDataUuid=null, mServiceData=null, mServiceDataMask=null, mManufacturerId=65535, mManufacturerData=[77], mManufacturerDataMask=null, mOrganizationId=-1, mTDSFlags=-1, mTDSFlagsMask=-1, mWifiNANHash=null], mGroupBasedFiltering=false, BluetoothLeScanFilter [mDeviceName=null, mDeviceAddress=null, mUuid=null, mUuidMask=null, mServiceSolicitationUuid=null, mServiceSolicitationUuidMask=null, mServiceDataUuid=0000fe95-0000-1000-8000-00805f9b34fb, mServiceData=[], mServiceDataMask=null, mManufacturerId=-1, mManufacturerData=null, mManufacturerDataMask=null, mOrganizationId=-1, mTDSFlags=-1, mTDSFlagsMask=-1, mWifiNANHash=null], mGroupBasedFiltering=false, BluetoothLeScanFilter [mDeviceName=null, mDeviceAddress=null, mUuid=null, mUuidMask=null, mServiceSolicitationUuid=null, mServiceSolicitationUuidMask=null, mServiceDataUuid=0000fdaa-0000-1000-8000-00805f9b34fb, mServiceData=[], mServiceDataMask=null, mManufacturerId=-1, mManufacturerData=null, mManufacturerDataMask=null, mOrganizationId=-1, mTDSFlags=-1, mTDSFlagsMask=-1, mWifiNANHash=null], mGroupBasedFiltering=false, BluetoothLeScanFilter [mDeviceName=null, mDeviceAddress=null, mUuid=null, mUuidMask=null, mServiceSolicitationUuid=null, mServiceSolicitationUuidMask=null, mServiceDataUuid=0000fdee-0000-1000-8000-00805f9b34fb, mServiceData=[1, 1, 1], mServiceDataMask=null, mManufacturerId=-1, mManufacturerData=null, mManufacturerDataMask=null, mOrganizationId=-1, mTDSFlags=-1, mTDSFlagsMask=-1, mWifiNANHash=null], mGroupBasedFiltering=false, BluetoothLeScanFilter [mDeviceName=null, mDeviceAddress=null, mUuid=null, mUuidMask=null, mServiceSolicitationUuid=null, mServiceSolicitationUuidMask=null, mServiceDataUuid=0000fd2d-0000-1000-8000-00805f9b34fb, mServiceData=[], mServiceDataMask=null, mManufacturerId=-1, mManufacturerData=null, mManufacturerDataMask=null, mOrganizationId=-1, mTDSFlags=-1, mTDSFlagsMask=-1, mWifiNANHash=null], mGroupBasedFiltering=false])
12-19 16:47:52.856 17286 17442 W BluetoothUtils: callingUid is Process.BLUETOOTH_UID
12-19 16:47:52.858 17286 17495 I BtGatt.ScanManager: msg.what = 9, msg.arg1 = 0(mMiuiControllingType)
12-19 16:47:52.859 17286 17495 I BtGatt.ScanManager: msg.what = 0, msg.arg1 = 0(mMiuiControllingType)
12-19 16:47:52.859 17286 17495 D BtGatt.ScanManager: handling starting scan
12-19 16:47:52.859 17286 17495 D BtGatt.ScanManager: isAptXLowLatencyModeEnabled: false
12-19 16:47:52.859 17286 17495 D BtGatt.ScanManager: track LE scan event: callerPackage = [com.xiaomi.bluetooth], scanMode = [0], reportDelayMillis = [0], behavior = [1], scannerId = [7], duration = [0]
12-19 16:47:52.861  1192 17646 I vendor.qti.bluetooth@1.0-ibs_handler: ProcessIbsCmd: Received IBS_WAKE_IND: 0xFD
12-19 16:47:52.861  1192 17646 I vendor.qti.bluetooth@1.0-ibs_handler: ProcessIbsCmd: Writing IBS_WAKE_ACK
12-19 16:47:52.864 17286 17420 D BtGatt.GattService: onScanFilterEnableDisabled() - clientIf=7, status=0, action=1
12-19 16:47:52.864 17286 17420 D BtGatt.ScanManager: callback done for scannerId - 7 status - 0
12-19 16:47:52.865 17286 17495 D BtGatt.ScanManager: configureScanFilters rssiThreshold: -60, 15
12-19 16:47:52.865 20304 20444 D IdProviderImpl: getOAID from com.miui.analytics
12-19 16:47:52.865 17286 17495 D BtGatt.ScanManager: Available Filter size: 61
12-19 16:47:52.867 17286 17420 D BtGatt.GattService: onScanFilterConfig() - clientIf=7, action = 0 status = 0, filterType=0, availableSpace=0
12-19 16:47:52.867 17286 17420 D BtGatt.ScanManager: callback done for scannerId - 7 status - 0
12-19 16:47:52.868 17286 17495 D BtGatt.ScanManager: configureFilterParamter 500 10000 1 0, deliveryMode=0
12-19 16:47:52.870 17286 17420 D BtGatt.GattService: onScanFilterParamsConfigured() - clientIf=7, status=0, action=0, availableSpace=63
12-19 16:47:52.871 17286 17420 D BtGatt.ScanManager: callback done for scannerId - 7 status - 0
12-19 16:47:52.872 17286 17420 D BtGatt.GattService: onScanFilterConfig() - clientIf=7, action = 0 status = 0, filterType=0, availableSpace=0
12-19 16:47:52.873 17286 17420 D BtGatt.ScanManager: callback done for scannerId - 7 status - 0
12-19 16:47:52.873 17286 17495 D BtGatt.ScanManager: configureFilterParamter 500 10000 1 0, deliveryMode=0
12-19 16:47:52.875 17286 17420 D BtGatt.GattService: onScanFilterParamsConfigured() - clientIf=7, status=0, action=0, availableSpace=62
12-19 16:47:52.875 17286 17420 D BtGatt.ScanManager: callback done for scannerId - 7 status - 0
12-19 16:47:52.876 17286 17420 D BtGatt.GattService: onScanFilterConfig() - clientIf=7, action = 0 status = 0, filterType=0, availableSpace=0
12-19 16:47:52.876 17286 17420 D BtGatt.ScanManager: callback done for scannerId - 7 status - 0
12-19 16:47:52.876 17286 17495 D BtGatt.ScanManager: configureFilterParamter 500 10000 1 0, deliveryMode=0
12-19 16:47:52.878 17286 17420 D BtGatt.GattService: onScanFilterParamsConfigured() - clientIf=7, status=0, action=0, availableSpace=61
12-19 16:47:52.878 17286 17420 D BtGatt.ScanManager: callback done for scannerId - 7 status - 0
12-19 16:47:52.879 17286 17420 D BtGatt.GattService: onScanFilterConfig() - clientIf=7, action = 0 status = 0, filterType=0, availableSpace=0
12-19 16:47:52.879 17286 17420 D BtGatt.ScanManager: callback done for scannerId - 7 status - 0
12-19 16:47:52.879 17286 17495 D BtGatt.ScanManager: configureFilterParamter 500 10000 1 0, deliveryMode=0
12-19 16:47:52.882  2027  3285 D libsensor-displayalgo: the value of  brightness:396.000000,R:70065429.414555,G:62651643.629439,B:49707511.744981,EVENT_C:6535.000000,EVENT_R:2524.500000,EVENT_G:3296.500000,EVENT_B:1254.500000
12-19 16:47:52.882  2027  3285 I libsensor-displayalgo: the value of  Coef1:1107.681000,Coef4:2.383000, scale1:0.935522, scale4:0.923264
12-19 16:47:52.882  2027  3285 E libsensor-displayalgo: RGB_test_0407_400_oldzy!
12-19 16:47:52.882  2027  3285 I libsensor-displayalgo: the value of  RESULT2578.985073,1052.319196,1247.671994,444.159636
12-19 16:47:52.882  2027  3285 I libsensor-displayalgo: the value of  getChannelDataCalibrated2694.520153,975.313741,1443.086015,481.341159
12-19 16:47:52.882  2027  3285 I libsensor-displayalgo: the value of  REAL LUX234.156052
12-19 16:47:52.882  2027  3285 I libsensor-displayalgo: the value of  CAL REAL LUX234.156052
12-19 16:47:52.882 17286 17420 D BtGatt.GattService: onScanFilterParamsConfigured() - clientIf=7, status=0, action=0, availableSpace=60
12-19 16:47:52.882 17286 17420 D BtGatt.ScanManager: callback done for scannerId - 7 status - 0
12-19 16:47:52.883 17286 17420 D BtGatt.GattService: onScanFilterConfig() - clientIf=7, action = 0 status = 0, filterType=0, availableSpace=0
12-19 16:47:52.883 17286 17420 D BtGatt.ScanManager: callback done for scannerId - 7 status - 0
12-19 16:47:52.883 17286 17495 D BtGatt.ScanManager: configureFilterParamter 500 10000 1 0, deliveryMode=0
12-19 16:47:52.888 17286 17420 D BtGatt.GattService: onScanFilterParamsConfigured() - clientIf=7, status=0, action=0, availableSpace=59
12-19 16:47:52.888 17286 17420 D BtGatt.ScanManager: callback done for scannerId - 7 status - 0
12-19 16:47:52.888 17286 17420 D BtGatt.GattService: onScanFilterConfig() - clientIf=7, action = 0 status = 0, filterType=0, availableSpace=0
12-19 16:47:52.888 17286 17420 D BtGatt.ScanManager: callback done for scannerId - 7 status - 0
12-19 16:47:52.888 17286 17495 D BtGatt.ScanManager: configureFilterParamter 500 10000 1 0, deliveryMode=0
12-19 16:47:52.891 17286 17420 D BtGatt.GattService: onScanFilterParamsConfigured() - clientIf=7, status=0, action=0, availableSpace=58
12-19 16:47:52.891 17286 17420 D BtGatt.ScanManager: callback done for scannerId - 7 status - 0
12-19 16:47:52.891 17286 17495 D BtGatt.ScanManager: configureRegularScanParams() - queue=1
12-19 16:47:52.891 17286 17495 D BtGatt.ScanManager: configureRegularScanParams() - ScanSetting LE 1M Scan mode=0 ScanSetting LE Coded Scan mode=0 mLastConfiguredScanSettingLE1M=-2147483648 mLastConfiguredScanSettingLECoded=-2147483648 scanPhy=255
12-19 16:47:52.892 17286 17495 W BtGatt.ScanManager: trackLeScan() - mLastStartTime = 0
12-19 16:47:52.892 17286 17495 D BtGatt.ScanManager: configureRegularScanParams - scanInterval LE 1M = 660 configureRegularScanParams - scanWindow LE 1M= 66 configureRegularScanParams - scanInterval LE Coded= 660 configureRegularScanParams - scanWindow LE Coded= 66
12-19 16:47:52.892 17286 17420 D BtGatt.GattService: onScanParamSetupCompleted : 0
12-19 16:47:52.898  1251  2214 I SDM     : HWCDisplay::SetActiveConfigWithConstraints: config: 0, WxH 1080x2400, fps 60
12-19 16:47:52.898  1251  2214 W SDM     : HWDeviceDRM::GetSupportedBitClkRate: Requested rate not supported: 831000000
12-19 16:47:52.898  1251  2214 I SDM     : HWDeviceDRM::UpdateMixerAttributes: Mixer WxH 1080x2400-0 for Peripheral
12-19 16:47:52.899  1251  2214 I SDM     : HWCDisplay::SubmitDisplayConfig: Active configuration changed from config 1 to 0
12-19 16:47:52.900  1251  2214 I SDM     : HWCDisplay::SubmitDisplayConfig: Active WxH 1080x2400 fps 60
12-19 16:47:52.901  1251  2448 I vendor.qti.hardware.display.composer-service: FrameNotifyProcess Sensor: notify citsensorservice to trigger cwb
12-19 16:47:52.901  1251  1467 I SDM     : HWDeviceDRM::SetupAtomic: Setting mode: WxH: 1080x2400, vrefresh: 60, hskew: 0
12-19 16:47:52.901  2027  2096 I libcitsensorservice@2.0-impl: msg_transfer
12-19 16:47:52.901  2027  3266 D vendor.xiaomi.sensor.citsensorservice@2.0-service: handle id:10 wxh:1280x2400 uwxuh:1080x2400 size: 9216000 fd:15 fd_meta:16 flags:0x4000228 usage:0x33  format:0x3 layer_count: 1
12-19 16:47:52.901  1251  2214 I SDM     : HWCSession::SetCWBOutputBuffer: CWB config passed by cwb_client : tappoint 1  CWB_ROI : (829.000000 4.000000 915.000000 90.000000)
12-19 16:47:52.902  1251 24182 I SDM     : HWCSession::ProcessRequests: Successfully configured CWB buffer.
12-19 16:47:52.903  2027  3267 I libsensor-displayalgo: displayInfoCallback::display info won't handle!!!
12-19 16:47:52.903  1328  2240 D FPSMonitor: threadFuncFpsMonitor display 0, fps 60
12-19 16:47:52.922  2475  5716 D MIUIInput: Input event injection from pid 23942, MotionEvent: DOWN
12-19 16:47:52.923  2475  3037 D MIUIInput: [MotionEvent] publisher action=0x4, 554903544, channel 'a6e61f2 NavigationBar0 (server)'
12-19 16:47:52.923  2475  3037 D MIUIInput: [MotionEvent] publisher action=0x0, 554903544, channel '6108ab4 cn.missevan/cn.missevan.activity.MainActivity (server)'
12-19 16:47:52.924  1431  2431 D RefreshRateConfigs: TouchBoost - choose 120.00fps
12-19 16:47:52.925  1251 24182 I SDM     : HWCSession::ProcessRequests: Pushing release fence in fenece wait queue.
12-19 16:47:52.925  1251 24182 I SDM     : HWCSession::ProcessRequests: Creating AsyncFenceWaits async thread.
12-19 16:47:52.925  1251 24182 I SDM     : HWCSession::ProcessRequests: Remove current CWB request from the pending request queue.
12-19 16:47:52.927  1251 24182 I SDM     : HWCSession::ProcessRequests: No pending cwb requests found in the queue.
12-19 16:47:52.928 23958 24009 I appium  : [554903544 (success)] Synthesized: MotionEvent { action=ACTION_DOWN, actionButton=0, id[0]=0, x[0]=540.0, y[0]=1692.0, toolType[0]=TOOL_TYPE_FINGER, buttonState=0, classification=NONE, metaState=0, flags=0x0, edgeFlags=0x0, pointerCount=1, historySize=0, eventTime=554903544, downTime=554903542, deviceId=0, source=0x1002, displayId=0, eventId=-730424338 }
12-19 16:47:52.929 23958 24009 I appium  : The event has been delayed for 22ms
12-19 16:47:52.944  1192 17646 I vendor.qti.bluetooth@1.0-ibs_handler: ProcessIbsCmd: Received IBS_SLEEP_IND: 0xFE
12-19 16:47:52.944  1251  2214 I SDM     : HWCDisplay::SetActiveConfigWithConstraints: config: 1, WxH 1080x2400, fps 120
12-19 16:47:52.945  1251  2214 W SDM     : HWDeviceDRM::GetSupportedBitClkRate: Requested rate not supported: 831000000
12-19 16:47:52.945  1251  2214 I SDM     : HWDeviceDRM::UpdateMixerAttributes: Mixer WxH 1080x2400-0 for Peripheral
12-19 16:47:52.946  1251  2214 I SDM     : HWCDisplay::SubmitDisplayConfig: Active configuration changed from config 0 to 1
12-19 16:47:52.946  1251  2214 I SDM     : HWCDisplay::SubmitDisplayConfig: Active WxH 1080x2400 fps 120
12-19 16:47:52.946  1251 24183 I SDM     : HWCSession::NotifyCWBStatus: Notify the client about buffer status 0.
12-19 16:47:52.947  1251  1467 I SDM     : HWDeviceDRM::SetupConcurrentWriteback: Tear down the Concurrent Writeback topology
12-19 16:47:52.948  1251  1467 I SDM     : HWDeviceDRM::SetupAtomic: Setting mode: WxH: 1080x2400, vrefresh: 120, hskew: 0
12-19 16:47:52.951  1251 24183 I SDM     : HWCSession::PerformFenceWaits: Remove current release fence from the pending fence wait queue.
12-19 16:47:52.951  1251 24183 I SDM     : HWCSession::PerformFenceWaits: CWB fence queue is empty. No pending release fence to wait on.
12-19 16:47:52.952  1328  2240 D FPSMonitor: threadFuncFpsMonitor display 0, fps 120
12-19 16:47:52.952  2027  3267 I libsensor-displayalgo: displayInfoCallback::display info won't handle!!!
12-19 16:47:53.045  5652 27845 W MiuiPerfServiceClient: interceptAndQueuing:21173|cn.missevan|153|117|554902183158892|Slow main thread|3
12-19 16:47:53.183  2027  3285 D libsensor-displayalgo: the value of  brightness:396.000000,R:70065429.414555,G:62651643.629439,B:49707511.744981,EVENT_C:6543.500000,EVENT_R:2523.000000,EVENT_G:3304.000000,EVENT_B:1256.500000
12-19 16:47:53.183  2027  3285 I libsensor-displayalgo: the value of  Coef1:1107.681000,Coef4:2.383000, scale1:0.935522, scale4:0.923264
12-19 16:47:53.183  2027  3285 E libsensor-displayalgo: RGB_test_0407_400_oldzy!
12-19 16:47:53.184  2027  3285 I libsensor-displayalgo: the value of  RESULT2578.985073,1052.319196,1247.671994,444.159636
12-19 16:47:53.184  2027  3285 I libsensor-displayalgo: the value of  getChannelDataCalibrated2694.520153,975.313741,1443.086015,481.341159
12-19 16:47:53.184  2027  3285 I libsensor-displayalgo: the value of  REAL LUX234.991257
12-19 16:47:53.184  2027  3285 I libsensor-displayalgo: the value of  CAL REAL LUX234.991257
12-19 16:47:53.204  1251  2448 I vendor.qti.hardware.display.composer-service: FrameNotifyProcess Sensor: notify citsensorservice to trigger cwb
12-19 16:47:53.205  2027  6676 I libcitsensorservice@2.0-impl: msg_transfer
12-19 16:47:53.205  2027  3266 D vendor.xiaomi.sensor.citsensorservice@2.0-service: handle id:10 wxh:1280x2400 uwxuh:1080x2400 size: 9216000 fd:15 fd_meta:16 flags:0x4000228 usage:0x33  format:0x3 layer_count: 1
12-19 16:47:53.206  1251  2214 I SDM     : HWCSession::SetCWBOutputBuffer: CWB config passed by cwb_client : tappoint 1  CWB_ROI : (829.000000 4.000000 915.000000 90.000000)
12-19 16:47:53.210  1251 24185 I SDM     : HWCSession::ProcessRequests: Successfully configured CWB buffer.
12-19 16:47:53.216  1251 24185 I SDM     : HWCSession::ProcessRequests: Pushing release fence in fenece wait queue.
12-19 16:47:53.216  1251 24185 I SDM     : HWCSession::ProcessRequests: Creating AsyncFenceWaits async thread.
12-19 16:47:53.216  1251 24185 I SDM     : HWCSession::ProcessRequests: Remove current CWB request from the pending request queue.
12-19 16:47:53.216  1251 24185 I SDM     : HWCSession::ProcessRequests: No pending cwb requests found in the queue.
12-19 16:47:53.221  1251  1467 I SDM     : HWDeviceDRM::SetupConcurrentWriteback: Tear down the Concurrent Writeback topology
12-19 16:47:53.228  1251 24186 I SDM     : HWCSession::NotifyCWBStatus: Notify the client about buffer status 0.
12-19 16:47:53.228  1251 24186 I SDM     : HWCSession::PerformFenceWaits: Remove current release fence from the pending fence wait queue.
12-19 16:47:53.228  1251 24186 I SDM     : HWCSession::PerformFenceWaits: CWB fence queue is empty. No pending release fence to wait on.
12-19 16:47:53.238  2475  5716 I HapticFeedbackUtil: 0,1,true
12-19 16:47:53.239  1367  1367 D vendor.hardware.vibratorfeature: configStrengthForEffect id : 0 , strength: 0.625000
12-19 16:47:53.244  1367  1367 D vendor.hardware.vibratorfeature: Vibrator perform effect 0
12-19 16:47:53.244  1367  1367 D vendor.hardware.vibratorfeature: uses mCurrMagnitudeExt 1.000000
12-19 16:47:53.244  1367  1367 D vendor.hardware.vibratorfeature: getAmplitudeFromEffectStrength 0.625000
12-19 16:47:53.244  1367  1367 D vendor.hardware.vibratorfeature: return from driver is 20
12-19 16:47:53.244  1367  1367 D vendor.hardware.vibratorfeature: playLengthMs is 70
12-19 16:47:53.245  1367 24188 D vendor.hardware.vibratorfeature: Starting perform on another thread
12-19 16:47:53.253 21173 21173 D EditorStubImpl: Type = 0, RectF = RectF(-13.0, 1641.0, 97.0, 1751.0), mInsertionHandleData = [HandleData{mIsShow=false, mPosition=RectF(0.0, 0.0, 0.0, 0.0)}]
12-19 16:47:53.253 21173 21173 W EditorStubImpl: Two list size not equals,try recover it
12-19 16:47:53.253 21173 21173 D EditorStubImpl: isMultiHandle = false, status = 1, sendData = [RectF(-13.0, 1641.0, 97.0, 1751.0)]
12-19 16:47:53.253 21173 21173 I HandWritingStubImpl: isKeyboardTypeChanged: false
12-19 16:47:53.265  2475  5716 I WindowManagerService: Physical orientation applied, rotation=0 sfOrientation=ORIENTATION_0
12-19 16:47:53.288 32290 32290 I HandWritingStubImpl: isKeyboardTypeChanged: false
12-19 16:47:53.295 21173 22299 D BLASTBufferQueue: releaseBufferCallback ReleaseCallbackId: bufferId:90937342558242 framenumber:1
12-19 16:47:53.315  1367 24188 D vendor.hardware.vibratorfeature: Notifying perform complete
12-19 16:47:53.319  1367  1367 D vendor.hardware.vibratorfeature: QTI Vibrator off
12-19 16:47:53.319  1367  1367 D DynamicEffectThread: pause
12-19 16:47:53.319  1367  1367 D DynamicEffectDevice: FFDevice pause
12-19 16:47:53.483  2027  3285 D libsensor-displayalgo: the value of  brightness:396.000000,R:70065429.414555,G:62651643.629439,B:49707511.744981,EVENT_C:6532.500000,EVENT_R:2523.500000,EVENT_G:3297.000000,EVENT_B:1254.000000
12-19 16:47:53.483  2027  3285 I libsensor-displayalgo: the value of  Coef1:1107.681000,Coef4:2.383000, scale1:0.935522, scale4:0.923264
12-19 16:47:53.483  2027  3285 E libsensor-displayalgo: RGB_test_0407_400_oldzy!
12-19 16:47:53.484  2027  3285 I libsensor-displayalgo: the value of  RESULT2578.985073,1052.319196,1247.671994,444.159636
12-19 16:47:53.484  2027  3285 I libsensor-displayalgo: the value of  getChannelDataCalibrated2694.520153,975.313741,1443.086015,481.341159
12-19 16:47:53.484  2027  3285 I libsensor-displayalgo: the value of  REAL LUX234.080688
12-19 16:47:53.484  2027  3285 I libsensor-displayalgo: the value of  CAL REAL LUX234.080688
12-19 16:47:53.553  1251  2448 I vendor.qti.hardware.display.composer-service: FrameNotifyProcess Sensor: notify citsensorservice to trigger cwb
12-19 16:47:53.554  2027  6676 I libcitsensorservice@2.0-impl: msg_transfer
12-19 16:47:53.555  2027  3266 D vendor.xiaomi.sensor.citsensorservice@2.0-service: handle id:10 wxh:1280x2400 uwxuh:1080x2400 size: 9216000 fd:15 fd_meta:16 flags:0x4000228 usage:0x33  format:0x3 layer_count: 1
12-19 16:47:53.556  1251  2214 I SDM     : HWCSession::SetCWBOutputBuffer: CWB config passed by cwb_client : tappoint 1  CWB_ROI : (829.000000 4.000000 915.000000 90.000000)
12-19 16:47:53.559  1251 24190 I SDM     : HWCSession::ProcessRequests: Successfully configured CWB buffer.
12-19 16:47:53.567  1251  2448 I vendor.qti.hardware.display.composer-service: FrameNotifyProcess Sensor: notify citsensorservice to trigger cwb
12-19 16:47:53.568  2027  6676 I libcitsensorservice@2.0-impl: msg_transfer
12-19 16:47:53.569  1251 24190 I SDM     : HWCSession::ProcessRequests: Pushing release fence in fenece wait queue.
12-19 16:47:53.570  1251 24190 I SDM     : HWCSession::ProcessRequests: Creating AsyncFenceWaits async thread.
12-19 16:47:53.571  1251 24190 I SDM     : HWCSession::ProcessRequests: Remove current CWB request from the pending request queue.
12-19 16:47:53.573  1251 24190 I SDM     : HWCSession::ProcessRequests: No pending cwb requests found in the queue.
12-19 16:47:53.576  1251  1467 I SDM     : HWDeviceDRM::SetupConcurrentWriteback: Tear down the Concurrent Writeback topology
12-19 16:47:53.581  1251 24192 I SDM     : HWCSession::NotifyCWBStatus: Notify the client about buffer status 0.
12-19 16:47:53.582  1251 24192 I SDM     : HWCSession::PerformFenceWaits: Remove current release fence from the pending fence wait queue.
12-19 16:47:53.582  1251 24192 I SDM     : HWCSession::PerformFenceWaits: CWB fence queue is empty. No pending release fence to wait on.
12-19 16:47:53.806 32290 32290 I HandWritingStubImpl: isKeyboardTypeChanged: false
12-19 16:47:53.883  2027  3285 D libsensor-displayalgo: the value of  brightness:396.000000,R:70065429.414555,G:62651643.629439,B:49707511.744981,EVENT_C:6546.500000,EVENT_R:2525.000000,EVENT_G:3304.000000,EVENT_B:1257.500000
12-19 16:47:53.883  2027  3285 I libsensor-displayalgo: the value of  Coef1:1107.681000,Coef4:2.383000, scale1:0.935522, scale4:0.923264
12-19 16:47:53.883  2027  3285 E libsensor-displayalgo: RGB_test_0407_400_oldzy!
12-19 16:47:53.884  2027  3285 I libsensor-displayalgo: the value of  RESULT2578.985073,1052.319196,1247.671994,444.159636
12-19 16:47:53.884  2027  3285 I libsensor-displayalgo: the value of  getChannelDataCalibrated2694.520153,975.313741,1443.086015,481.341159
12-19 16:47:53.884  2027  3285 I libsensor-displayalgo: the value of  REAL LUX235.046341
12-19 16:47:53.884  2027  3285 I libsensor-displayalgo: the value of  CAL REAL LUX235.046341
12-19 16:47:53.903  1192 17652 I vendor.qti.bluetooth@1.0-ibs_handler: DeviceSleep: TX Awake, Sending SLEEP_IND
12-19 16:47:53.903  1192 17652 D vendor.qti.bluetooth@1.0-ibs_handler: SerialClockVote: vote for UART CLK OFF
12-19 16:47:53.908  5773  8966 D SLM-SRV-SLAService: checktemp temperature = 35166 temperature_average = 35061 isPerformanceMode = false thermal_enable_slm = true
12-19 16:47:53.918 23958 24009 I appium  : [554904543 (success)] Synthesized: MotionEvent { action=ACTION_MOVE, actionButton=0, id[0]=0, x[0]=540.0, y[0]=1692.0, toolType[0]=TOOL_TYPE_FINGER, buttonState=0, classification=NONE, metaState=0, flags=0x0, edgeFlags=0x0, pointerCount=1, historySize=0, eventTime=554904543, downTime=554903542, deviceId=0, source=0x1002, displayId=0, eventId=-296801461 }
12-19 16:47:53.942 23958 24009 I appium  : [554904563 (success)] Synthesized: MotionEvent { action=ACTION_MOVE, actionButton=0, id[0]=0, x[0]=540.0, y[0]=1518.4615, toolType[0]=TOOL_TYPE_FINGER, buttonState=0, classification=NONE, metaState=0, flags=0x0, edgeFlags=0x0, pointerCount=1, historySize=0, eventTime=554904563, downTime=554903542, deviceId=0, source=0x1002, displayId=0, eventId=-881299772 }
12-19 16:47:53.957 21173 21173 D EditorStubImpl: Type = 1, RectF = RectF(-13.0, 1605.0, 97.0, 1715.0), mInsertionHandleData = [HandleData{mIsShow=true, mPosition=RectF(-13.0, 1641.0, 97.0, 1751.0)}]
12-19 16:47:53.957 21173 21173 D EditorStubImpl: isMultiHandle = false, status = 2, sendData = [RectF(-13.0, 1605.0, 97.0, 1715.0)]
12-19 16:47:53.957 21173 21173 I HandWritingStubImpl: isKeyboardTypeChanged: false
12-19 16:47:53.964 23958 24009 I appium  : [554904584 (success)] Synthesized: MotionEvent { action=ACTION_MOVE, actionButton=0, id[0]=0, x[0]=540.0, y[0]=1431.6923, toolType[0]=TOOL_TYPE_FINGER, buttonState=0, classification=NONE, metaState=0, flags=0x0, edgeFlags=0x0, pointerCount=1, historySize=0, eventTime=554904584, downTime=554903542, deviceId=0, source=0x1002, displayId=0, eventId=-107041460 }
12-19 16:47:53.970  1251  2448 I vendor.qti.hardware.display.composer-service: FrameNotifyProcess Sensor: notify citsensorservice to trigger cwb
12-19 16:47:53.970  2027  6676 I libcitsensorservice@2.0-impl: msg_transfer
