12-19 16:47:58.665  1251 24261 I SDM     : HWCSession::ProcessRequests: Creating AsyncFenceWaits async thread.
12-19 16:47:58.665  1251 24261 I SDM     : HWCSession::ProcessRequests: Remove current CWB request from the pending request queue.
12-19 16:47:58.666  1251 24261 I SDM     : HWCSession::ProcessRequests: No pending cwb requests found in the queue.
12-19 16:47:58.670  1251  1467 I SDM     : HWDeviceDRM::SetupConcurrentWriteback: Tear down the Concurrent Writeback topology
12-19 16:47:58.676  1251 24262 I SDM     : HWCSession::NotifyCWBStatus: Notify the client about buffer status 0.
12-19 16:47:58.677  1251 24262 I SDM     : HWCSession::PerformFenceWaits: Remove current release fence from the pending fence wait queue.
12-19 16:47:58.677  1251 24262 I SDM     : HWCSession::PerformFenceWaits: CWB fence queue is empty. No pending release fence to wait on.
12-19 16:47:58.682  2027  3285 D libsensor-displayalgo: the value of  brightness:396.000000,R:70065429.414555,G:62651643.629439,B:49707511.744981,EVENT_C:6586.000000,EVENT_R:2535.000000,EVENT_G:3328.500000,EVENT_B:1270.000000
12-19 16:47:58.682  2027  3285 I libsensor-displayalgo: the value of  Coef1:1107.681000,Coef4:2.383000, scale1:0.935522, scale4:0.923264
12-19 16:47:58.682  2027  3285 E libsensor-displayalgo: RGB_test_0407_400_oldzy!
12-19 16:47:58.682  2027  3285 I libsensor-displayalgo: the value of  RESULT2578.985073,1052.319196,1247.671994,444.159636
12-19 16:47:58.682  2027  3285 I libsensor-displayalgo: the value of  getChannelDataCalibrated2694.520153,975.313741,1443.086015,481.341159
12-19 16:47:58.682  2027  3285 I libsensor-displayalgo: the value of  REAL LUX237.556351
12-19 16:47:58.682  2027  3285 I libsensor-displayalgo: the value of  CAL REAL LUX237.556351
12-19 16:47:58.729 21727 21798 D config.Worker: config,ver: null
12-19 16:47:58.729 21727 21798 D ab.Worker: ab,ver: null
12-19 16:47:58.983  2027  3285 D libsensor-displayalgo: the value of  brightness:396.000000,R:70065429.414555,G:62651643.629439,B:49707511.744981,EVENT_C:6586.000000,EVENT_R:2535.000000,EVENT_G:3328.500000,EVENT_B:1270.000000
12-19 16:47:58.983  2027  3285 I libsensor-displayalgo: the value of  Coef1:1107.681000,Coef4:2.383000, scale1:0.935522, scale4:0.923264
12-19 16:47:58.983  2027  3285 E libsensor-displayalgo: RGB_test_0407_400_oldzy!
12-19 16:47:58.984  2027  3285 I libsensor-displayalgo: the value of  RESULT2578.985073,1052.319196,1247.671994,444.159636
12-19 16:47:58.984  2027  3285 I libsensor-displayalgo: the value of  getChannelDataCalibrated2694.520153,975.313741,1443.086015,481.341159
12-19 16:47:58.984  2027  3285 I libsensor-displayalgo: the value of  REAL LUX237.556351
12-19 16:47:58.984  2027  3285 I libsensor-displayalgo: the value of  CAL REAL LUX237.556351
12-19 16:47:59.034  1251  2448 I vendor.qti.hardware.display.composer-service: FrameNotifyProcess Sensor: notify citsensorservice to trigger cwb
12-19 16:47:59.035  2027  6676 I libcitsensorservice@2.0-impl: msg_transfer
12-19 16:47:59.035  2027  3266 D vendor.xiaomi.sensor.citsensorservice@2.0-service: handle id:10 wxh:1280x2400 uwxuh:1080x2400 size: 9216000 fd:15 fd_meta:16 flags:0x4000228 usage:0x33  format:0x3 layer_count: 1
12-19 16:47:59.036  1251  2214 I SDM     : HWCSession::SetCWBOutputBuffer: CWB config passed by cwb_client : tappoint 1  CWB_ROI : (829.000000 4.000000 915.000000 90.000000)
12-19 16:47:59.037  1251 24269 I SDM     : HWCSession::ProcessRequests: Successfully configured CWB buffer.
12-19 16:47:59.044  1251  2448 I vendor.qti.hardware.display.composer-service: FrameNotifyProcess Sensor: notify citsensorservice to trigger cwb
12-19 16:47:59.044  2027  6676 I libcitsensorservice@2.0-impl: msg_transfer
12-19 16:47:59.046  1251 24269 I SDM     : HWCSession::ProcessRequests: Pushing release fence in fenece wait queue.
12-19 16:47:59.046  1251 24269 I SDM     : HWCSession::ProcessRequests: Creating AsyncFenceWaits async thread.
12-19 16:47:59.047  1251 24269 I SDM     : HWCSession::ProcessRequests: Remove current CWB request from the pending request queue.
12-19 16:47:59.048  1251 24269 I SDM     : HWCSession::ProcessRequests: No pending cwb requests found in the queue.
12-19 16:47:59.057  1251  1467 I SDM     : HWDeviceDRM::SetupConcurrentWriteback: Tear down the Concurrent Writeback topology
12-19 16:47:59.064  1251 24271 I SDM     : HWCSession::NotifyCWBStatus: Notify the client about buffer status 0.
12-19 16:47:59.064  1251 24271 I SDM     : HWCSession::PerformFenceWaits: Remove current release fence from the pending fence wait queue.
12-19 16:47:59.064  1251 24271 I SDM     : HWCSession::PerformFenceWaits: CWB fence queue is empty. No pending release fence to wait on.
12-19 16:47:59.149 32290 32290 I HandWritingStubImpl: isKeyboardTypeChanged: false
12-19 16:47:59.172 23958 24009 I appium  : channel read: POST /wd/hub/session/0c7aa478-86a7-4186-98c1-9457eca0236c/element
12-19 16:47:59.174 23958 24009 I appium  : FindElement command
12-19 16:47:59.176 23958 24009 I appium  : method: 'xpath', selector: '//*[@class="android.widget.Toast"]'
12-19 16:47:59.177 23958 24009 I appium  : Waiting up to 100ms for the device to idle
12-19 16:47:59.180 23958 24009 I appium  : The following attributes will be included to the page source: [class]
12-19 16:47:59.282  2027  3285 D libsensor-displayalgo: the value of  brightness:396.000000,R:70065429.414555,G:62651643.629439,B:49707511.744981,EVENT_C:6616.500000,EVENT_R:2543.000000,EVENT_G:3345.500000,EVENT_B:1277.500000
12-19 16:47:59.282  2027  3285 I libsensor-displayalgo: the value of  Coef1:1107.681000,Coef4:2.383000, scale1:0.935522, scale4:0.923264
12-19 16:47:59.282  2027  3285 E libsensor-displayalgo: RGB_test_0407_400_oldzy!
12-19 16:47:59.282  2027  3285 I libsensor-displayalgo: the value of  RESULT2578.985073,1052.319196,1247.671994,444.159636
12-19 16:47:59.282  2027  3285 I libsensor-displayalgo: the value of  getChannelDataCalibrated2694.520153,975.313741,1443.086015,481.341159
12-19 16:47:59.283  2027  3285 I libsensor-displayalgo: the value of  REAL LUX239.571487
12-19 16:47:59.283  2027  3285 I libsensor-displayalgo: the value of  CAL REAL LUX239.571487
12-19 16:47:59.411  1251  2214 I SDM     : HWCDisplay::SetActiveConfigWithConstraints: config: 0, WxH 1080x2400, fps 60
12-19 16:47:59.412  1251  2214 W SDM     : HWDeviceDRM::GetSupportedBitClkRate: Requested rate not supported: 831000000
12-19 16:47:59.412  1251  2214 I SDM     : HWDeviceDRM::UpdateMixerAttributes: Mixer WxH 1080x2400-0 for Peripheral
12-19 16:47:59.413  1251  2214 I SDM     : HWCDisplay::SubmitDisplayConfig: Active configuration changed from config 1 to 0
12-19 16:47:59.413  1251  2214 I SDM     : HWCDisplay::SubmitDisplayConfig: Active WxH 1080x2400 fps 60
12-19 16:47:59.414  1251  1467 I SDM     : HWDeviceDRM::SetupAtomic: Setting mode: WxH: 1080x2400, vrefresh: 60, hskew: 0
12-19 16:47:59.415  1251  2448 I vendor.qti.hardware.display.composer-service: FrameNotifyProcess Sensor: notify citsensorservice to trigger cwb
12-19 16:47:59.415  2027  6676 I libcitsensorservice@2.0-impl: msg_transfer
12-19 16:47:59.416  2027  3266 D vendor.xiaomi.sensor.citsensorservice@2.0-service: handle id:10 wxh:1280x2400 uwxuh:1080x2400 size: 9216000 fd:15 fd_meta:16 flags:0x4000228 usage:0x33  format:0x3 layer_count: 1
12-19 16:47:59.416  1251  2214 I SDM     : HWCSession::SetCWBOutputBuffer: CWB config passed by cwb_client : tappoint 1  CWB_ROI : (829.000000 4.000000 915.000000 90.000000)
12-19 16:47:59.417  1251 24274 I SDM     : HWCSession::ProcessRequests: Successfully configured CWB buffer.
12-19 16:47:59.419 23958 24009 I appium  : Adding toast message to root: 
12-19 16:47:59.419  1328  2240 D FPSMonitor: threadFuncFpsMonitor display 0, fps 60
12-19 16:47:59.419  2027  3267 I libsensor-displayalgo: displayInfoCallback::display info won't handle!!!
12-19 16:47:59.419 23958 24009 W tomator2.serve: Accessing hidden field Landroid/view/accessibility/AccessibilityNodeInfo;->mSealed:Z (max-target-r, reflection, allowed)
12-19 16:47:59.458  1251 24274 I SDM     : HWCSession::ProcessRequests: Pushing release fence in fenece wait queue.
12-19 16:47:59.458  1251 24274 I SDM     : HWCSession::ProcessRequests: Creating AsyncFenceWaits async thread.
12-19 16:47:59.459  1251 24274 I SDM     : HWCSession::ProcessRequests: Remove current CWB request from the pending request queue.
12-19 16:47:59.459  1251 24274 I SDM     : HWCSession::ProcessRequests: No pending cwb requests found in the queue.
12-19 16:47:59.472  1251  1467 I SDM     : HWDeviceDRM::SetupConcurrentWriteback: Tear down the Concurrent Writeback topology
12-19 16:47:59.482  1251 24275 I SDM     : HWCSession::NotifyCWBStatus: Notify the client about buffer status 0.
12-19 16:47:59.482  1251 24275 I SDM     : HWCSession::PerformFenceWaits: Remove current release fence from the pending fence wait queue.
12-19 16:47:59.483  1251 24275 I SDM     : HWCSession::PerformFenceWaits: CWB fence queue is empty. No pending release fence to wait on.
12-19 16:47:59.495 23958 24009 I appium  : Took 0ms to retrieve 1 matches for '//*[@class="android.widget.Toast"]' XPath query
12-19 16:47:59.496 23958 24009 I appium  : AppiumResponse: {"sessionId":"0c7aa478-86a7-4186-98c1-9457eca0236c","value":{"ELEMENT":"7c9d5e22-1c50-47d3-92ac-2b0c591c8a26","element-6066-11e4-a52e-4f735466cecf":"7c9d5e22-1c50-47d3-92ac-2b0c591c8a26"}}
12-19 16:47:59.506 23958 24009 I appium  : channel read: GET /wd/hub/session/0c7aa478-86a7-4186-98c1-9457eca0236c/element/7c9d5e22-1c50-47d3-92ac-2b0c591c8a26/attribute/text
12-19 16:47:59.507 23958 24009 I appium  : GetElementAttribute command
12-19 16:47:59.508 23958 24009 I appium  : The element identified by '7c9d5e22-1c50-47d3-92ac-2b0c591c8a26' has been reported as stale (null). Trying to restore it
12-19 16:47:59.508 23958 24009 I appium  : The following attributes will be included to the page source: [class]
12-19 16:47:59.522 23958 24009 I appium  : Adding toast message to root: 
12-19 16:47:59.577 23958 24009 I appium  : Took 0ms to retrieve 1 matches for '//*[@class="android.widget.Toast"]' XPath query
12-19 16:47:59.578 23958 24009 I appium  : AppiumResponse: {"sessionId":"0c7aa478-86a7-4186-98c1-9457eca0236c","value":""}
12-19 16:47:59.583  2027  3285 D libsensor-displayalgo: the value of  brightness:396.000000,R:70065429.414555,G:62651643.629439,B:49707511.744981,EVENT_C:6635.000000,EVENT_R:2553.500000,EVENT_G:3352.000000,EVENT_B:1279.000000
12-19 16:47:59.583  2027  3285 I libsensor-displayalgo: the value of  Coef1:1107.681000,Coef4:2.383000, scale1:0.935522, scale4:0.923264
12-19 16:47:59.583  2027  3285 E libsensor-displayalgo: RGB_test_0407_400_oldzy!
12-19 16:47:59.583  2027  3285 I libsensor-displayalgo: the value of  RESULT2578.985073,1052.319196,1247.671994,444.159636
12-19 16:47:59.583  2027  3285 I libsensor-displayalgo: the value of  getChannelDataCalibrated2694.520153,975.313741,1443.086015,481.341159
12-19 16:47:59.584  2027  3285 I libsensor-displayalgo: the value of  REAL LUX240.655151
12-19 16:47:59.584  2027  3285 I libsensor-displayalgo: the value of  CAL REAL LUX240.655151
12-19 16:47:59.671 32290 32290 I HandWritingStubImpl: isKeyboardTypeChanged: false
12-19 16:47:59.883  2027  3285 D libsensor-displayalgo: the value of  brightness:396.000000,R:70065429.414555,G:62651643.629439,B:49707511.744981,EVENT_C:6635.000000,EVENT_R:2553.500000,EVENT_G:3352.000000,EVENT_B:1279.000000
12-19 16:47:59.883  2027  3285 I libsensor-displayalgo: the value of  Coef1:1107.681000,Coef4:2.383000, scale1:0.935522, scale4:0.923264
12-19 16:47:59.883  2027  3285 E libsensor-displayalgo: RGB_test_0407_400_oldzy!
12-19 16:47:59.884  2027  3285 I libsensor-displayalgo: the value of  RESULT2578.985073,1052.319196,1247.671994,444.159636
12-19 16:47:59.884  2027  3285 I libsensor-displayalgo: the value of  getChannelDataCalibrated2694.520153,975.313741,1443.086015,481.341159
12-19 16:47:59.884  2027  3285 I libsensor-displayalgo: the value of  REAL LUX240.655151
12-19 16:47:59.884  2027  3285 I libsensor-displayalgo: the value of  CAL REAL LUX240.655151
12-19 16:48:00.003  4496  4496 D KeyguardUpdateMonitor: received broadcast android.intent.action.TIME_TICK
12-19 16:48:00.029  4496  4496 D KeyguardUpdateMonitor: handleTimeUpdate
12-19 16:48:00.074  1251  2448 I vendor.qti.hardware.display.composer-service: FrameNotifyProcess Sensor: notify citsensorservice to trigger cwb
12-19 16:48:00.074  2027  6676 I libcitsensorservice@2.0-impl: msg_transfer
12-19 16:48:00.075  2027  3266 D vendor.xiaomi.sensor.citsensorservice@2.0-service: handle id:10 wxh:1280x2400 uwxuh:1080x2400 size: 9216000 fd:15 fd_meta:16 flags:0x4000228 usage:0x33  format:0x3 layer_count: 1
12-19 16:48:00.075  1251  2214 I SDM     : HWCSession::SetCWBOutputBuffer: CWB config passed by cwb_client : tappoint 1  CWB_ROI : (829.000000 4.000000 915.000000 90.000000)
12-19 16:48:00.077  1251 24277 I SDM     : HWCSession::ProcessRequests: Successfully configured CWB buffer.
12-19 16:48:00.091  1251 24277 I SDM     : HWCSession::ProcessRequests: Pushing release fence in fenece wait queue.
12-19 16:48:00.091  1251 24277 I SDM     : HWCSession::ProcessRequests: Creating AsyncFenceWaits async thread.
12-19 16:48:00.091  1251 24277 I SDM     : HWCSession::ProcessRequests: Remove current CWB request from the pending request queue.
12-19 16:48:00.092  1251 24277 I SDM     : HWCSession::ProcessRequests: No pending cwb requests found in the queue.
12-19 16:48:00.108  1251 24278 I SDM     : HWCSession::NotifyCWBStatus: Notify the client about buffer status 0.
12-19 16:48:00.108  1251  1467 I SDM     : HWDeviceDRM::SetupConcurrentWriteback: Tear down the Concurrent Writeback topology
12-19 16:48:00.108  1251 24278 I SDM     : HWCSession::PerformFenceWaits: Remove current release fence from the pending fence wait queue.
12-19 16:48:00.108  1251 24278 I SDM     : HWCSession::PerformFenceWaits: CWB fence queue is empty. No pending release fence to wait on.
12-19 16:48:00.183  2027  3285 D libsensor-displayalgo: the value of  brightness:396.000000,R:70065429.414555,G:62651643.629439,B:49707511.744981,EVENT_C:6553.500000,EVENT_R:2528.000000,EVENT_G:3309.000000,EVENT_B:1258.500000
12-19 16:48:00.183  2027  3285 I libsensor-displayalgo: the value of  Coef1:1107.681000,Coef4:2.383000, scale1:0.935522, scale4:0.923264
12-19 16:48:00.183  2027  3285 E libsensor-displayalgo: RGB_test_0407_400_oldzy!
12-19 16:48:00.184  2027  3285 I libsensor-displayalgo: the value of  RESULT2578.985073,1052.319196,1247.671994,444.159636
12-19 16:48:00.184  2027  3285 I libsensor-displayalgo: the value of  getChannelDataCalibrated2694.520153,975.313741,1443.086015,481.341159
12-19 16:48:00.184  2027  3285 I libsensor-displayalgo: the value of  REAL LUX235.573532
12-19 16:48:00.184  2027  3285 I libsensor-displayalgo: the value of  CAL REAL LUX235.573532
12-19 16:48:00.212 32290 32290 I HandWritingStubImpl: isKeyboardTypeChanged: false
12-19 16:48:00.263  1431  2431 D RefreshRateConfigs: TouchBoost - choose 120.00fps
12-19 16:48:00.282  1251  2214 I SDM     : HWCDisplay::SetActiveConfigWithConstraints: config: 1, WxH 1080x2400, fps 120
12-19 16:48:00.284  1251  2214 W SDM     : HWDeviceDRM::GetSupportedBitClkRate: Requested rate not supported: 831000000
12-19 16:48:00.284  1251  2214 I SDM     : HWDeviceDRM::UpdateMixerAttributes: Mixer WxH 1080x2400-0 for Peripheral
12-19 16:48:00.285  1251  2214 I SDM     : HWCDisplay::SubmitDisplayConfig: Active configuration changed from config 0 to 1
12-19 16:48:00.285  1251  2214 I SDM     : HWCDisplay::SubmitDisplayConfig: Active WxH 1080x2400 fps 120
12-19 16:48:00.286  1251  1467 I SDM     : HWDeviceDRM::SetupAtomic: Setting mode: WxH: 1080x2400, vrefresh: 120, hskew: 0
12-19 16:48:00.288  2475  5716 W InputManager-JNI: Input channel object '58df4ef Toast (client)' was disposed without first being removed with the input manager!
12-19 16:48:00.292  1328  2240 D FPSMonitor: threadFuncFpsMonitor display 0, fps 120
12-19 16:48:00.292  2027  3267 I libsensor-displayalgo: displayInfoCallback::display info won't handle!!!
12-19 16:48:00.311  2475  5716 W NotificationService: Toast already killed. pkg=cn.missevan token=android.os.BinderProxy@b5b08c
12-19 16:48:00.376  1251  2448 I vendor.qti.hardware.display.composer-service: FrameNotifyProcess Sensor: notify citsensorservice to trigger cwb
12-19 16:48:00.377  2027  2096 I libcitsensorservice@2.0-impl: msg_transfer
12-19 16:48:00.378  2027  3266 D vendor.xiaomi.sensor.citsensorservice@2.0-service: handle id:10 wxh:1280x2400 uwxuh:1080x2400 size: 9216000 fd:15 fd_meta:16 flags:0x4000228 usage:0x33  format:0x3 layer_count: 1
12-19 16:48:00.378  1251  2214 I SDM     : HWCSession::SetCWBOutputBuffer: CWB config passed by cwb_client : tappoint 1  CWB_ROI : (829.000000 4.000000 915.000000 90.000000)
12-19 16:48:00.383  1251 24280 I SDM     : HWCSession::ProcessRequests: Successfully configured CWB buffer.
12-19 16:48:00.387  1251 24280 I SDM     : HWCSession::ProcessRequests: Pushing release fence in fenece wait queue.
12-19 16:48:00.387  1251 24280 I SDM     : HWCSession::ProcessRequests: Creating AsyncFenceWaits async thread.
12-19 16:48:00.388  1251 24280 I SDM     : HWCSession::ProcessRequests: Remove current CWB request from the pending request queue.
12-19 16:48:00.388  1251 24280 I SDM     : HWCSession::ProcessRequests: No pending cwb requests found in the queue.
12-19 16:48:00.392  1251  1467 I SDM     : HWDeviceDRM::SetupConcurrentWriteback: Tear down the Concurrent Writeback topology
12-19 16:48:00.398  1251 24281 I SDM     : HWCSession::NotifyCWBStatus: Notify the client about buffer status 0.
12-19 16:48:00.400  1251 24281 I SDM     : HWCSession::PerformFenceWaits: Remove current release fence from the pending fence wait queue.
12-19 16:48:00.400  1251 24281 I SDM     : HWCSession::PerformFenceWaits: CWB fence queue is empty. No pending release fence to wait on.
12-19 16:48:00.583  2027  3285 D libsensor-displayalgo: the value of  brightness:396.000000,R:70065429.414555,G:62651643.629439,B:49707511.744981,EVENT_C:6583.000000,EVENT_R:2536.500000,EVENT_G:3323.500000,EVENT_B:1268.000000
12-19 16:48:00.583  2027  3285 I libsensor-displayalgo: the value of  Coef1:1107.681000,Coef4:2.383000, scale1:0.935522, scale4:0.923264
12-19 16:48:00.583  2027  3285 E libsensor-displayalgo: RGB_test_0407_400_oldzy!
12-19 16:48:00.584  2027  3285 I libsensor-displayalgo: the value of  RESULT2578.985073,1052.319196,1247.671994,444.159636
12-19 16:48:00.584  2027  3285 I libsensor-displayalgo: the value of  getChannelDataCalibrated2694.520153,975.313741,1443.086015,481.341159
12-19 16:48:00.584  2027  3285 I libsensor-displayalgo: the value of  REAL LUX237.223007
12-19 16:48:00.584  2027  3285 I libsensor-displayalgo: the value of  CAL REAL LUX237.223007
12-19 16:48:00.630 23958 24009 I appium  : channel read: POST /wd/hub/session/0c7aa478-86a7-4186-98c1-9457eca0236c/appium/device/press_keycode
12-19 16:48:00.630 23958 24009 I appium  : PressKeyCode command
12-19 16:48:00.630 23958 24009 I appium  : Calling PressKeyCode...
12-19 16:48:00.645  2475  6308 W MiuiInputKeyEventLog: keyCode:4 down:true eventTime:554911269 downTime:554911269 policyFlags:2b000000 flags:0 metaState:0 deviceId:-1 isScreenOn:true keyguardActive:false repeatCount:0
12-19 16:48:00.648  2475  2677 W ActivityManager: Sending non-protected broadcast miui.intent.KEYCODE_BACK from system 2475:system/1000 pkg android. Callers=com.android.server.am.ActivityManagerService.broadcastIntentLocked:13794 com.android.server.am.ActivityManagerService.broadcastIntentLocked:13204 com.android.server.am.ActivityManagerService.broadcastIntentWithFeature:14053 android.app.ContextImpl.sendBroadcastAsUser:1400 com.android.server.policy.BaseMiuiPhoneWindowManager$16.run:2837
12-19 16:48:00.648  2475  6308 D MIUIInput: Input event injection from pid 23942, KeyEvent:DOWN, keycode:4
12-19 16:48:00.648  2475  2677 W ActivityManager: Sending non-protected broadcast miui.intent.KEYCODE_BACK from system 2475:system/1000 pkg android. Callers=com.android.server.am.ActivityManagerService.broadcastIntentLocked:13893 com.android.server.am.ActivityManagerService.broadcastIntentLocked:13204 com.android.server.am.ActivityManagerService.broadcastIntentWithFeature:14053 android.app.ContextImpl.sendBroadcastAsUser:1400 com.android.server.policy.BaseMiuiPhoneWindowManager$16.run:2837
12-19 16:48:00.650  2475  3037 D MIUIInput: [KeyEvent] publisher action:0x0,  keyCode:4 , 554911269,channel '6108ab4 cn.missevan/cn.missevan.activity.MainActivity (server)'
12-19 16:48:00.651 21173 21173 D MIUIInput: [KeyEvent] ViewRootImpl windowName 'cn.missevan/cn.missevan.activity.MainActivity', KeyEvent { action=ACTION_DOWN, keyCode=KEYCODE_BACK, scanCode=0, metaState=0, flags=0x0, repeatCount=0, eventTime=554911269, downTime=554911269, deviceId=-1, source=0x101, displayId=-1 }, phoneEventTime=16:48:00.633
12-19 16:48:00.655  2475  6308 W MiuiInputKeyEventLog: keyCode:4 down:false eventTime:554911269 downTime:554911269 policyFlags:2b000000 flags:0 metaState:0 deviceId:-1 isScreenOn:true keyguardActive:false repeatCount:0
12-19 16:48:00.657  2475  2677 W ActivityManager: Sending non-protected broadcast miui.intent.KEYCODE_BACK from system 2475:system/1000 pkg android. Callers=com.android.server.am.ActivityManagerService.broadcastIntentLocked:13794 com.android.server.am.ActivityManagerService.broadcastIntentLocked:13204 com.android.server.am.ActivityManagerService.broadcastIntentWithFeature:14053 android.app.ContextImpl.sendBroadcastAsUser:1400 com.android.server.policy.BaseMiuiPhoneWindowManager$16.run:2837
12-19 16:48:00.657  2475  2677 W ActivityManager: Sending non-protected broadcast miui.intent.KEYCODE_BACK from system 2475:system/1000 pkg android. Callers=com.android.server.am.ActivityManagerService.broadcastIntentLocked:13893 com.android.server.am.ActivityManagerService.broadcastIntentLocked:13204 com.android.server.am.ActivityManagerService.broadcastIntentWithFeature:14053 android.app.ContextImpl.sendBroadcastAsUser:1400 com.android.server.policy.BaseMiuiPhoneWindowManager$16.run:2837
12-19 16:48:00.658  2475  6308 D MIUIInput: Input event injection from pid 23942, KeyEvent:UP, keycode:4
12-19 16:48:00.659  2475  3037 D MIUIInput: [KeyEvent] publisher action:0x1,  keyCode:4 , 554911269,channel '6108ab4 cn.missevan/cn.missevan.activity.MainActivity (server)'
12-19 16:48:00.660 21173 21173 D MIUIInput: [KeyEvent] ViewRootImpl windowName 'cn.missevan/cn.missevan.activity.MainActivity', KeyEvent { action=ACTION_UP, keyCode=KEYCODE_BACK, scanCode=0, metaState=0, flags=0x0, repeatCount=0, eventTime=554911269, downTime=554911269, deviceId=-1, source=0x101, displayId=-1 }, phoneEventTime=16:48:00.632
12-19 16:48:00.662 21173 21173 I HandWritingStubImpl: isKeyboardTypeChanged: false
12-19 16:48:00.674 23958 24009 I appium  : AppiumResponse: {"sessionId":"0c7aa478-86a7-4186-98c1-9457eca0236c","value":null}
12-19 16:48:00.680  1251  2448 I vendor.qti.hardware.display.composer-service: FrameNotifyProcess Sensor: notify citsensorservice to trigger cwb
12-19 16:48:00.680  2027  2096 I libcitsensorservice@2.0-impl: msg_transfer
12-19 16:48:00.680  2027  3266 D vendor.xiaomi.sensor.citsensorservice@2.0-service: handle id:10 wxh:1280x2400 uwxuh:1080x2400 size: 9216000 fd:15 fd_meta:16 flags:0x4000228 usage:0x33  format:0x3 layer_count: 1
12-19 16:48:00.681  1251  2214 I SDM     : HWCSession::SetCWBOutputBuffer: CWB config passed by cwb_client : tappoint 1  CWB_ROI : (829.000000 4.000000 915.000000 90.000000)
12-19 16:48:00.682  1251 24282 I SDM     : HWCSession::ProcessRequests: Successfully configured CWB buffer.
12-19 16:48:00.688  1251 24282 I SDM     : HWCSession::ProcessRequests: Pushing release fence in fenece wait queue.
12-19 16:48:00.689  1251 24282 I SDM     : HWCSession::ProcessRequests: Creating AsyncFenceWaits async thread.
12-19 16:48:00.689  1251 24282 I SDM     : HWCSession::ProcessRequests: Remove current CWB request from the pending request queue.
12-19 16:48:00.689  1251 24282 I SDM     : HWCSession::ProcessRequests: No pending cwb requests found in the queue.
12-19 16:48:00.696  1251  1467 I SDM     : HWDeviceDRM::SetupConcurrentWriteback: Tear down the Concurrent Writeback topology
12-19 16:48:00.697 23958 24009 I appium  : channel read: POST /wd/hub/session/0c7aa478-86a7-4186-98c1-9457eca0236c/element
12-19 16:48:00.699 23958 24009 I appium  : FindElement command
12-19 16:48:00.701 23958 24009 I appium  : method: 'id', selector: 'cn.missevan:id/tv_contact_service'
12-19 16:48:00.701 23958 24009 I appium  : Waiting up to 100ms for the device to idle
12-19 16:48:00.704  1251 24283 I SDM     : HWCSession::NotifyCWBStatus: Notify the client about buffer status 0.
12-19 16:48:00.704  1251 24283 I SDM     : HWCSession::PerformFenceWaits: Remove current release fence from the pending fence wait queue.
12-19 16:48:00.704  1251 24283 I SDM     : HWCSession::PerformFenceWaits: CWB fence queue is empty. No pending release fence to wait on.
12-19 16:48:00.747 32290 32290 I HandWritingStubImpl: isKeyboardTypeChanged: false
12-19 16:48:00.882  2027  3285 D libsensor-displayalgo: the value of  brightness:396.000000,R:70065429.414555,G:62651643.629439,B:49707511.744981,EVENT_C:6567.000000,EVENT_R:2528.000000,EVENT_G:3314.500000,EVENT_B:1263.500000
12-19 16:48:00.882  2027  3285 I libsensor-displayalgo: the value of  Coef1:1107.681000,Coef4:2.383000, scale1:0.935522, scale4:0.923264
12-19 16:48:00.882  2027  3285 E libsensor-displayalgo: RGB_test_0407_400_oldzy!
12-19 16:48:00.882  2027  3285 I libsensor-displayalgo: the value of  RESULT2578.985073,1052.319196,1247.671994,444.159636
12-19 16:48:00.882  2027  3285 I libsensor-displayalgo: the value of  getChannelDataCalibrated2694.520153,975.313741,1443.086015,481.341159
12-19 16:48:00.882  2027  3285 I libsensor-displayalgo: the value of  REAL LUX236.370377
12-19 16:48:00.882  2027  3285 I libsensor-displayalgo: the value of  CAL REAL LUX236.370377
12-19 16:48:00.965  2475  5716 W ProcessStats: Tracking association SourceState{5bada8b com.miui.thirdappassistant/1000 BTopFgs #236535} whose proc state 2 is better than process ProcessState{ab8ac79 com.miui.analytics/10089 pkg=com.miui.analytics} proc state 3 (59 skipped)
12-19 16:48:00.980 21173 21173 D EditorStubImpl: Type = 2, RectF = RectF(-13.0, 1290.0, 97.0, 1400.0), mInsertionHandleData = [HandleData{mIsShow=false, mPosition=RectF(-13.0, 1290.0, 97.0, 1400.0)}]
12-19 16:48:00.981 21173 21173 I HandWritingStubImpl: isKeyboardTypeChanged: false
12-19 16:48:00.985  1251  2448 I vendor.qti.hardware.display.composer-service: FrameNotifyProcess Sensor: notify citsensorservice to trigger cwb
12-19 16:48:00.985  2027  2027 I libcitsensorservice@2.0-impl: msg_transfer
12-19 16:48:00.986  2027  3266 D vendor.xiaomi.sensor.citsensorservice@2.0-service: handle id:10 wxh:1280x2400 uwxuh:1080x2400 size: 9216000 fd:15 fd_meta:16 flags:0x4000228 usage:0x33  format:0x3 layer_count: 1
12-19 16:48:00.986  1251  2214 I SDM     : HWCSession::SetCWBOutputBuffer: CWB config passed by cwb_client : tappoint 1  CWB_ROI : (829.000000 4.000000 915.000000 90.000000)
12-19 16:48:00.989  1251 24284 I SDM     : HWCSession::ProcessRequests: Successfully configured CWB buffer.
12-19 16:48:00.993  1251 24284 I SDM     : HWCSession::ProcessRequests: Pushing release fence in fenece wait queue.
12-19 16:48:00.993  1251 24284 I SDM     : HWCSession::ProcessRequests: Creating AsyncFenceWaits async thread.
12-19 16:48:00.993  1251 24284 I SDM     : HWCSession::ProcessRequests: Remove current CWB request from the pending request queue.
12-19 16:48:00.994  1251 24284 I SDM     : HWCSession::ProcessRequests: No pending cwb requests found in the queue.
12-19 16:48:01.000  1251  1467 I SDM     : HWDeviceDRM::SetupConcurrentWriteback: Tear down the Concurrent Writeback topology
12-19 16:48:01.007  1251 24285 I SDM     : HWCSession::NotifyCWBStatus: Notify the client about buffer status 0.
12-19 16:48:01.008  1251 24285 I SDM     : HWCSession::PerformFenceWaits: Remove current release fence from the pending fence wait queue.
12-19 16:48:01.008  1251 24285 I SDM     : HWCSession::PerformFenceWaits: CWB fence queue is empty. No pending release fence to wait on.
12-19 16:48:01.151  1251  2448 I vendor.qti.hardware.display.composer-service: FrameNotifyProcess Sensor: notify citsensorservice to trigger cwb
12-19 16:48:01.152  2027  2027 I libcitsensorservice@2.0-impl: msg_transfer
12-19 16:48:01.152  2027  3266 D vendor.xiaomi.sensor.citsensorservice@2.0-service: handle id:10 wxh:1280x2400 uwxuh:1080x2400 size: 9216000 fd:15 fd_meta:16 flags:0x4000228 usage:0x33  format:0x3 layer_count: 1
12-19 16:48:01.152  1251  2214 I SDM     : HWCSession::SetCWBOutputBuffer: CWB config passed by cwb_client : tappoint 1  CWB_ROI : (829.000000 4.000000 915.000000 90.000000)
12-19 16:48:01.153  1251 24286 I SDM     : HWCSession::ProcessRequests: Successfully configured CWB buffer.
12-19 16:48:01.160  1251 24286 I SDM     : HWCSession::ProcessRequests: Pushing release fence in fenece wait queue.
12-19 16:48:01.160  1251 24286 I SDM     : HWCSession::ProcessRequests: Creating AsyncFenceWaits async thread.
12-19 16:48:01.161  1251 24286 I SDM     : HWCSession::ProcessRequests: Remove current CWB request from the pending request queue.
12-19 16:48:01.161  1251 24286 I SDM     : HWCSession::ProcessRequests: No pending cwb requests found in the queue.
12-19 16:48:01.165  1251  1467 I SDM     : HWDeviceDRM::SetupConcurrentWriteback: Tear down the Concurrent Writeback topology
12-19 16:48:01.167 23958 24009 W QueryController: Could not detect idle state.
12-19 16:48:01.172  1251 24289 I SDM     : HWCSession::NotifyCWBStatus: Notify the client about buffer status 0.
12-19 16:48:01.172  1251 24289 I SDM     : HWCSession::PerformFenceWaits: Remove current release fence from the pending fence wait queue.
12-19 16:48:01.172  1251 24289 I SDM     : HWCSession::PerformFenceWaits: CWB fence queue is empty. No pending release fence to wait on.
12-19 16:48:01.181  2027  3285 D libsensor-displayalgo: the value of  brightness:396.000000,R:70065429.414555,G:62651643.629439,B:49707511.744981,EVENT_C:6594.000000,EVENT_R:2537.500000,EVENT_G:3331.500000,EVENT_B:1271.500000
12-19 16:48:01.181  2027  3285 I libsensor-displayalgo: the value of  Coef1:1107.681000,Coef4:2.383000, scale1:0.935522, scale4:0.923264
12-19 16:48:01.181  2027  3285 E libsensor-displayalgo: RGB_test_0407_400_oldzy!
12-19 16:48:01.182  2027  3285 I libsensor-displayalgo: the value of  RESULT2578.985073,1052.319196,1247.671994,444.159636
12-19 16:48:01.182  2027  3285 I libsensor-displayalgo: the value of  getChannelDataCalibrated2694.520153,975.313741,1443.086015,481.341159
12-19 16:48:01.182  2027  3285 I libsensor-displayalgo: the value of  REAL LUX238.041306
12-19 16:48:01.182  2027  3285 I libsensor-displayalgo: the value of  CAL REAL LUX238.041306
12-19 16:48:01.212 23958 24009 I appium  : AppiumResponse: {"sessionId":"0c7aa478-86a7-4186-98c1-9457eca0236c","value":{"ELEMENT":"00000000-0000-08bf-ffff-ffff00000947","element-6066-11e4-a52e-4f735466cecf":"00000000-0000-08bf-ffff-ffff00000947"}}
12-19 16:48:01.248 23958 24009 I appium  : channel read: POST /wd/hub/session/0c7aa478-86a7-4186-98c1-9457eca0236c/element/00000000-0000-08bf-ffff-ffff00000947/click
12-19 16:48:01.252 23958 24009 I appium  : Click command
12-19 16:48:01.279  2475  6308 D MIUIInput: Input event injection from pid 23942, MotionEvent: DOWN
12-19 16:48:01.280  2475  3037 D MIUIInput: [MotionEvent] publisher action=0x4, 554911902, channel 'a6e61f2 NavigationBar0 (server)'
12-19 16:48:01.280  2475  3037 D MIUIInput: [MotionEvent] publisher action=0x0, 554911902, channel '6108ab4 cn.missevan/cn.missevan.activity.MainActivity (server)'
12-19 16:48:01.286  2475  6308 D MIUIInput: Input event injection from pid 23942, MotionEvent: UP
12-19 16:48:01.286  2475  3037 D MIUIInput: [MotionEvent] publisher action=0x1, 554911902, channel '6108ab4 cn.missevan/cn.missevan.activity.MainActivity (server)'
12-19 16:48:01.288 21173 21173 E cn.missevan: No package ID ff found for ID 0xffffffff.
12-19 16:48:01.292 32290 32290 I HandWritingStubImpl: isKeyboardTypeChanged: false
12-19 16:48:01.304  1251  2448 I vendor.qti.hardware.display.composer-service: FrameNotifyProcess Sensor: notify citsensorservice to trigger cwb
12-19 16:48:01.304  2027  2027 I libcitsensorservice@2.0-impl: msg_transfer
12-19 16:48:01.305  2027  3266 D vendor.xiaomi.sensor.citsensorservice@2.0-service: handle id:10 wxh:1280x2400 uwxuh:1080x2400 size: 9216000 fd:15 fd_meta:16 flags:0x4000228 usage:0x33  format:0x3 layer_count: 1
12-19 16:48:01.305  1251  2214 I SDM     : HWCSession::SetCWBOutputBuffer: CWB config passed by cwb_client : tappoint 1  CWB_ROI : (829.000000 4.000000 915.000000 90.000000)
12-19 16:48:01.305 23958 24009 I appium  : Waiting up to 100ms for the device to idle
12-19 16:48:01.306  1251 24291 I SDM     : HWCSession::ProcessRequests: Successfully configured CWB buffer.
12-19 16:48:01.314  1251 24291 I SDM     : HWCSession::ProcessRequests: Pushing release fence in fenece wait queue.
12-19 16:48:01.314  1251 24291 I SDM     : HWCSession::ProcessRequests: Creating AsyncFenceWaits async thread.
12-19 16:48:01.316  1251 24291 I SDM     : HWCSession::ProcessRequests: Remove current CWB request from the pending request queue.
12-19 16:48:01.316  1251 24291 I SDM     : HWCSession::ProcessRequests: No pending cwb requests found in the queue.
12-19 16:48:01.321  1251  1467 I SDM     : HWDeviceDRM::SetupConcurrentWriteback: Tear down the Concurrent Writeback topology
12-19 16:48:01.329  1251 24292 I SDM     : HWCSession::NotifyCWBStatus: Notify the client about buffer status 0.
12-19 16:48:01.329  1251 24292 I SDM     : HWCSession::PerformFenceWaits: Remove current release fence from the pending fence wait queue.
12-19 16:48:01.329  1251 24292 I SDM     : HWCSession::PerformFenceWaits: CWB fence queue is empty. No pending release fence to wait on.
12-19 16:48:01.419 21173 21173 I HandWritingStubImpl: isKeyboardTypeChanged: false
12-19 16:48:01.420 21173 21173 I HandWritingStubImpl: isKeyboardTypeChanged: false
12-19 16:48:01.420 21173 21173 I HandWritingStubImpl: isKeyboardTypeChanged: false
12-19 16:48:01.424  2475  2688 W ActivityManager: Unable to start service Intent { cmp=com.miui.powerkeeper/.perfshielder.PerfShielderStatisticsService } U=0: not found
12-19 16:48:01.457 23958 24009 W QueryController: Could not detect idle state.
12-19 16:48:01.459 23958 24009 I appium  : AppiumResponse: {"sessionId":"0c7aa478-86a7-4186-98c1-9457eca0236c","value":null}
12-19 16:48:01.471  1251  2448 I vendor.qti.hardware.display.composer-service: FrameNotifyProcess Sensor: notify citsensorservice to trigger cwb
12-19 16:48:01.472  2027  2027 I libcitsensorservice@2.0-impl: msg_transfer
12-19 16:48:01.472  2027  3266 D vendor.xiaomi.sensor.citsensorservice@2.0-service: handle id:10 wxh:1280x2400 uwxuh:1080x2400 size: 9216000 fd:15 fd_meta:16 flags:0x4000228 usage:0x33  format:0x3 layer_count: 1
12-19 16:48:01.472 21173 21173 I HandWritingStubImpl: isKeyboardTypeChanged: false
12-19 16:48:01.472  1251  2214 I SDM     : HWCSession::SetCWBOutputBuffer: CWB config passed by cwb_client : tappoint 1  CWB_ROI : (829.000000 4.000000 915.000000 90.000000)
12-19 16:48:01.473  1251 24295 I SDM     : HWCSession::ProcessRequests: Successfully configured CWB buffer.
12-19 16:48:01.474  2475  4661 W ServiceManager: Permission failure: android.permission.HIGH_SAMPLING_RATE_SENSORS from uid=10266 pid=21173
12-19 16:48:01.479  1251 24295 I SDM     : HWCSession::ProcessRequests: Pushing release fence in fenece wait queue.
12-19 16:48:01.479  1251 24295 I SDM     : HWCSession::ProcessRequests: Creating AsyncFenceWaits async thread.
12-19 16:48:01.479  1251 24295 I SDM     : HWCSession::ProcessRequests: Remove current CWB request from the pending request queue.
12-19 16:48:01.479  1251 24295 I SDM     : HWCSession::ProcessRequests: No pending cwb requests found in the queue.
12-19 16:48:01.480  2475  5722 V AS.AudioDeviceBroker: setSpeakerphoneOn, on: true pid: 21173
12-19 16:48:01.480  2475  5722 V AS.AudioDeviceBroker: setCommunicationRouteForClient: device: AudioDeviceAttributes: role:output type:speaker addr:
12-19 16:48:01.480  2475  5722 I AS.AudioDeviceBroker: setCommunicationRouteForClient for pid: 21173 device: AudioDeviceAttributes: role:output type:speaker addr: from API: setSpeakerphoneOn(true) from u/pid:10266/21173
12-19 16:48:01.481  2475  5722 V AS.AudioDeviceBroker: requestedCommunicationDevice, device: null mode owner pid: 0
12-19 16:48:01.481  2475  5722 V AS.AudioDeviceBroker: requestedCommunicationDevice, device: AudioDeviceAttributes: role:output type:speaker addr: mode owner pid: 0
12-19 16:48:01.481  2475  5722 V AS.AudioDeviceBroker: requestedCommunicationDevice, device: AudioDeviceAttributes: role:output type:speaker addr: mode owner pid: 0
12-19 16:48:01.481  2475  5722 D AudioServiceStubImpl: handleSpeakerChanged audiomode 0
12-19 16:48:01.481  2475  3674 V AS.AudioDeviceBroker: requestedCommunicationDevice, device: AudioDeviceAttributes: role:output type:speaker addr: mode owner pid: 0
12-19 16:48:01.481  2475  3674 V AS.AudioDeviceBroker: onUpdateCommunicationRoute, preferredCommunicationDevice: AudioDeviceAttributes: role:output type:speaker addr: eventSource: setSpeakerphoneOn(true) from u/pid:10266/21173
12-19 16:48:01.481  2027  3285 D libsensor-displayalgo: the value of  brightness:396.000000,R:70065429.414555,G:62651643.629439,B:49707511.744981,EVENT_C:6550.000000,EVENT_R:2530.500000,EVENT_G:3308.000000,EVENT_B:1259.500000
12-19 16:48:01.481  2027  3285 I libsensor-displayalgo: the value of  Coef1:1107.681000,Coef4:2.383000, scale1:0.935522, scale4:0.923264
12-19 16:48:01.481  2027  3285 E libsensor-displayalgo: RGB_test_0407_400_oldzy!
12-19 16:48:01.481  2475  6308 V AS.AudioService: setMode(mode=0, pid=21173, uid=10266, caller=cn.missevan)
12-19 16:48:01.482  1411  9382 D AudioFlingerImpl: setGameParameters keyvalue: BT_SCO=off
12-19 16:48:01.482  2027  3285 I libsensor-displayalgo: the value of  RESULT2578.985073,1052.319196,1247.671994,444.159636
12-19 16:48:01.482  2027  3285 I libsensor-displayalgo: the value of  getChannelDataCalibrated2694.520153,975.313741,1443.086015,481.341159
12-19 16:48:01.482  2027  3285 I libsensor-displayalgo: the value of  REAL LUX235.105515
12-19 16:48:01.482  2027  3285 I libsensor-displayalgo: the value of  CAL REAL LUX235.105515
12-19 16:48:01.482  1191  1238 D AHAL: AudioDeviceCustom: SetParameters BT_SCO=off
12-19 16:48:01.482  1191  1238 D AHAL: AudioDevice: SetParameters: 1420: enter: BT_SCO=off
12-19 16:48:01.482  1191  1238 D AHAL: AudioVoice: VoiceSetParameters: 109: Enter params: BT_SCO=off
12-19 16:48:01.482  1191  1238 D AHAL: AudioVoice: VoiceSetParameters: 330: Exit ret: 0
12-19 16:48:01.482  1191  1238 D AHAL: FM: fm_set_parameters: 263: Enter
12-19 16:48:01.482  1191  1238 D AHAL: FM: fm_set_parameters: 321: exit
12-19 16:48:01.482  1191  1238 D AHAL: Loopback_karaoke: karaoke_set_parameters: Enter
12-19 16:48:01.482  1191  1238 D AHAL: Loopback_karaoke: karaoke_set_parameters: Exit
12-19 16:48:01.482  1191  1238 I AHAL: AudioDevice: SetParameters: 1902: BTSCO on = 0
12-19 16:48:01.482  1191  1238 D PAL: API: pal_set_param: 829: Enter: param id 11 (PAL_PARAM_ID_BT_SCO)
12-19 16:48:01.482  1191  1238 I PAL: ResourceManager: setParameter: 7783: Enter param id: 11 (PAL_PARAM_ID_BT_SCO)
12-19 16:48:01.482  1191  1238 D PAL: ResourceManager: isDeviceAvailable: 9496: Device 7 (PAL_DEVICE_OUT_BLUETOOTH_SCO), is_available = 0
12-19 16:48:01.482  1191  1238 D PAL: ResourceManager: isDeviceAvailable: 9496: Device 24 (PAL_DEVICE_IN_BLUETOOTH_SCO_HEADSET), is_available = 0
12-19 16:48:01.482  1191  1238 E PAL: ResourceManager: setParameter: 8058: SCO output and input devices are all unavailable
12-19 16:48:01.482  1191  1238 D PAL: ResourceManager: setParameter: 8559: Exit status: -19
12-19 16:48:01.482  1191  1238 E PAL: API: pal_set_param: 838: Failed to set global parameter 11, status -19
12-19 16:48:01.482  1191  1238 D PAL: API: pal_set_param: 844: Exit, status -19
12-19 16:48:01.482  1191  1238 D AHAL: AudioDevice: SetParameters: 2210: exit: BT_SCO=off
12-19 16:48:01.483  2475  3674 I AS.AudioDeviceInventory: setPreferredDevicesForStrategySync, strategy: 15 devices: [AudioDeviceAttributes: role:output type:speaker addr:]
12-19 16:48:01.484  2475  3673 V AS.AudioService: onUpdateAudioMode() new mode: 0, current mode: 0 requested mode: 0
12-19 16:48:01.486 21173 21173 D DecorView[MainActivity]: getWindowModeFromSystem  windowmode is 1
12-19 16:48:01.486 21173 21173 D DecorView[MainActivity]: updateDecorCaptionStatus displayWindowDecor is false
12-19 16:48:01.486  1251  1467 I SDM     : HWDeviceDRM::SetupConcurrentWriteback: Tear down the Concurrent Writeback topology
12-19 16:48:01.488  1411  9382 D APM::AudioPolicyEngine: getDevicesForStrategyInt: STRATEGY_SONIFICATION_RESPECTFUL :Use STRATEGY_SONIFICATION to getDevice
12-19 16:48:01.489  1411  9382 D APM::AudioPolicyEngine: getDevicesForStrategyInt: STRATEGY_SONIFICATION_RESPECTFUL :Use STRATEGY_SONIFICATION to getDevice
12-19 16:48:01.491  1411  9382 D APM_AudioPolicyManager: getNewOutputDevices selected devices AUDIO_DEVICE_NONE
12-19 16:48:01.491  1411  9382 D APM_AudioPolicyManager: setOutputDevices output 13 device AUDIO_DEVICE_NONE delayMs 100 force 0 requiresMuteCheck 1
12-19 16:48:01.491  1411  9382 D APM_AudioPolicyManager: setOutputDevices() prevDevice {type:0x2,@:}
12-19 16:48:01.491  1411  9382 D APM::AudioPolicyEngine: getDevicesForStrategyInt: STRATEGY_SONIFICATION_RESPECTFUL :Use STRATEGY_SONIFICATION to getDevice
12-19 16:48:01.492  1411  9382 D APM_AudioPolicyManager: getNewOutputDevices selected devices AUDIO_DEVICE_NONE
12-19 16:48:01.492  1411  9382 D APM_AudioPolicyManager: setOutputDevices output 21 device AUDIO_DEVICE_NONE delayMs 0 force 0 requiresMuteCheck 1
12-19 16:48:01.492  1411  9382 D APM_AudioPolicyManager: setOutputDevices() prevDevice {type:0x2,@:}
12-19 16:48:01.492  1411  9382 D APM::AudioPolicyEngine: getDevicesForStrategyInt: STRATEGY_SONIFICATION_RESPECTFUL :Use STRATEGY_SONIFICATION to getDevice
12-19 16:48:01.492  1411  9382 D APM_AudioPolicyManager: getNewOutputDevices selected devices AUDIO_DEVICE_NONE
12-19 16:48:01.492  1411  9382 D APM_AudioPolicyManager: setOutputDevices output 29 device AUDIO_DEVICE_NONE delayMs 0 force 0 requiresMuteCheck 1
12-19 16:48:01.492  1411  9382 D APM_AudioPolicyManager: setOutputDevices() prevDevice {type:0x2,@:}
12-19 16:48:01.492  1411  9382 D APM::AudioPolicyEngine: getDevicesForStrategyInt: STRATEGY_SONIFICATION_RESPECTFUL :Use STRATEGY_SONIFICATION to getDevice
12-19 16:48:01.492  1411  9382 D APM_AudioPolicyManager: getNewOutputDevices selected devices AUDIO_DEVICE_NONE
12-19 16:48:01.493  1411  9382 D APM_AudioPolicyManager: setOutputDevices output 37 device AUDIO_DEVICE_NONE delayMs 0 force 0 requiresMuteCheck 1
12-19 16:48:01.493  1411  9382 D APM_AudioPolicyManager: setOutputDevices() prevDevice {type:0x2,@:}
12-19 16:48:01.493  1411  9382 D APM::AudioPolicyEngine: getDevicesForStrategyInt: STRATEGY_SONIFICATION_RESPECTFUL :Use STRATEGY_SONIFICATION to getDevice
12-19 16:48:01.493  1411  9382 D APM_AudioPolicyManager: getNewOutputDevices selected devices AUDIO_DEVICE_NONE
12-19 16:48:01.493  1411  9382 D APM_AudioPolicyManager: setOutputDevices output 69 device AUDIO_DEVICE_NONE delayMs 0 force 0 requiresMuteCheck 1
12-19 16:48:01.493  1411  9382 D APM_AudioPolicyManager: setOutputDevices() prevDevice {type:0x10000,@:}
12-19 16:48:01.493  1411  9382 D APM::AudioPolicyEngine: getDevicesForStrategyInt: STRATEGY_SONIFICATION_RESPECTFUL :Use STRATEGY_SONIFICATION to getDevice
12-19 16:48:01.494  2475  6308 I WindowManagerService: Physical orientation applied, rotation=0 sfOrientation=ORIENTATION_0
12-19 16:48:01.494  1251 24298 I SDM     : HWCSession::NotifyCWBStatus: Notify the client about buffer status 0.
12-19 16:48:01.494  1411  9382 D APM_AudioPolicyManager: getNewOutputDevices selected devices AUDIO_DEVICE_NONE
12-19 16:48:01.494  1411  9382 D APM_AudioPolicyManager: setOutputDevices output 85 device AUDIO_DEVICE_NONE delayMs 0 force 0 requiresMuteCheck 1
12-19 16:48:01.494  1411  9382 D APM_AudioPolicyManager: setOutputDevices() prevDevice {type:0x10000,@:}
12-19 16:48:01.494  1251 24298 I SDM     : HWCSession::PerformFenceWaits: Remove current release fence from the pending fence wait queue.
12-19 16:48:01.494  1251 24298 I SDM     : HWCSession::PerformFenceWaits: CWB fence queue is empty. No pending release fence to wait on.
12-19 16:48:01.495  1411  9382 D APM::AudioPolicyEngine: getDevicesForStrategyInt: STRATEGY_SONIFICATION_RESPECTFUL :Use STRATEGY_SONIFICATION to getDevice
12-19 16:48:01.496  2475  3674 V AS.AudioDeviceBroker: requestedCommunicationDevice, device: AudioDeviceAttributes: role:output type:speaker addr: mode owner pid: 0
12-19 16:48:01.496  1132  1132 D Zygote  : Forked child process 24300
12-19 16:48:01.504  2475  2692 I ActivityManager: Start proc 24300:com.miui.misound/u0a124 for content provider {com.miui.misound/com.miui.misound.database.AppVolumeProvider} caller=android
12-19 16:48:01.513 24300 24300 E om.miui.misoun: Not starting debugger since process cannot load the jdwp agent.
12-19 16:48:01.518 24300 24300 I MessageMonitor: Load libmiui_runtime
12-19 16:48:01.523  2475  6308 D SymlinkUtils: attachApplication file op go pass: 0 ms
12-19 16:48:01.523  2475  6308 I SmartPower.com.miui.misound/10124(24300): died->background(6294542ms) R(process start ) adj=-10000.
12-19 16:48:01.524  2475  3758 I SmartPower: com.miui.misound/10124 state=died adj=995 proc size=1 move to background process start
12-19 16:48:01.533  5652 27845 W MQSService: CallerName:com.miui.misound,calling Uid:10124
12-19 16:48:01.533  5652 27845 D MQSService: registerApplicationScoutThread pid = 24300, packageName = com.miui.misound
12-19 16:48:01.534 24300 24300 D CompatibilityChangeReporter: Compat change id reported: 171979766; UID 10124; state: ENABLED
12-19 16:48:01.609  1251  2448 I vendor.qti.hardware.display.composer-service: FrameNotifyProcess Sensor: notify citsensorservice to trigger cwb
12-19 16:48:01.609  2027  6676 I libcitsensorservice@2.0-impl: msg_transfer
12-19 16:48:01.610  2027  3266 D vendor.xiaomi.sensor.citsensorservice@2.0-service: handle id:10 wxh:1280x2400 uwxuh:1080x2400 size: 9216000 fd:15 fd_meta:16 flags:0x4000228 usage:0x33  format:0x3 layer_count: 1
12-19 16:48:01.612  1251  2214 I SDM     : HWCSession::SetCWBOutputBuffer: CWB config passed by cwb_client : tappoint 1  CWB_ROI : (829.000000 4.000000 915.000000 90.000000)
12-19 16:48:01.613  1251 24318 I SDM     : HWCSession::ProcessRequests: Successfully configured CWB buffer.
12-19 16:48:01.619  1251 24318 I SDM     : HWCSession::ProcessRequests: Pushing release fence in fenece wait queue.
12-19 16:48:01.620  1251 24318 I SDM     : HWCSession::ProcessRequests: Creating AsyncFenceWaits async thread.
12-19 16:48:01.622  1251 24318 I SDM     : HWCSession::ProcessRequests: Remove current CWB request from the pending request queue.
12-19 16:48:01.623  1251 24318 I SDM     : HWCSession::ProcessRequests: No pending cwb requests found in the queue.
12-19 16:48:01.626  1251  1467 I SDM     : HWDeviceDRM::SetupConcurrentWriteback: Tear down the Concurrent Writeback topology
12-19 16:48:01.627 24300 24300 V GraphicsEnvironment: ANGLE Developer option for 'com.miui.misound' set to: 'default'
12-19 16:48:01.629 24300 24300 V GraphicsEnvironment: ANGLE GameManagerService for com.miui.misound: false
12-19 16:48:01.633  1251 24319 I SDM     : HWCSession::NotifyCWBStatus: Notify the client about buffer status 0.
12-19 16:48:01.634  1251 24319 I SDM     : HWCSession::PerformFenceWaits: Remove current release fence from the pending fence wait queue.
12-19 16:48:01.634  1251 24319 I SDM     : HWCSession::PerformFenceWaits: CWB fence queue is empty. No pending release fence to wait on.
12-19 16:48:01.637 24300 24300 I ForceDarkHelperStubImpl: initialize for com.miui.misound , ForceDarkOrigin
12-19 16:48:01.642 24300 24300 D OpenGLRenderer: JNI_OnLoad success
12-19 16:48:01.642 24300 24300 I MiuiForceDarkConfig: setConfig density:2.750000, mainRule:0, secondaryRule:0, tertiaryRule:0
12-19 16:48:01.646 24300 24300 D NetworkSecurityConfig: No Network Security Config specified, using platform default
12-19 16:48:01.646 24300 24300 D NetworkSecurityConfig: No Network Security Config specified, using platform default
12-19 16:48:01.652 24300 24300 D com.miui.misound: MiSoundApplication() ...
12-19 16:48:01.666  2475  3673 W Binder  : Outgoing transactions from this process must be FLAG_ONEWAY
12-19 16:48:01.666  2475  3673 W Binder  : java.lang.Throwable
12-19 16:48:01.666  2475  3673 W Binder  : 	at android.os.BinderProxy.transact(BinderProxy.java:590)
12-19 16:48:01.666  2475  3673 W Binder  : 	at android.content.ContentProviderProxy.query(ContentProviderNative.java:479)
12-19 16:48:01.666  2475  3673 W Binder  : 	at android.content.ContentResolver.query(ContentResolver.java:1219)
12-19 16:48:01.666  2475  3673 W Binder  : 	at android.content.ContentResolver.query(ContentResolver.java:1151)
12-19 16:48:01.666  2475  3673 W Binder  : 	at android.content.ContentResolver.query(ContentResolver.java:1107)
12-19 16:48:01.666  2475  3673 W Binder  : 	at com.android.server.audio.PlaybackActivityMonitorStubImpl.loadAppsVolume(PlaybackActivityMonitorStubImpl.java:150)
12-19 16:48:01.666  2475  3673 W Binder  : 	at com.android.server.audio.AudioService$AudioHandler.handleMessage(AudioService.java:8082)
12-19 16:48:01.666  2475  3673 W Binder  : 	at android.os.Handler.dispatchMessage(Handler.java:106)
12-19 16:48:01.666  2475  3673 W Binder  : 	at android.os.Looper.loopOnce(Looper.java:211)
12-19 16:48:01.666  2475  3673 W Binder  : 	at android.os.Looper.loop(Looper.java:300)
