06-14 16:06:01.910  3844  4724 D Avrcp_ext: AudioManager Player: AudioPlaybackConfiguration piid:55 deviceId:0 type:android.media.SoundPool u/pid:1000/2431 state:idle attr:AudioAttributes: usage=USAGE_ASSISTANCE_SONIFICATION content=CONTENT_TYPE_SONIFICATION flags=0x800 tags= bundle=null sessionId:0
06-14 16:06:01.910  3844  4724 D Avrcp_ext: AudioManager Player: AudioPlaybackConfiguration piid:71 deviceId:0 type:android.media.SoundPool u/pid:1000/4233 state:idle attr:AudioAttributes: usage=USAGE_ASSISTANCE_SONIFICATION content=CONTENT_TYPE_SONIFICATION flags=0x800 tags= bundle=null sessionId:0
06-14 16:06:01.910  3844  4724 D Avrcp_ext: AudioManager Player: AudioPlaybackConfiguration piid:87 deviceId:0 type:android.media.SoundPool u/pid:1027/5302 state:idle attr:AudioAttributes: usage=USAGE_ASSISTANCE_SONIFICATION content=CONTENT_TYPE_SONIFICATION flags=0x800 tags= bundle=null sessionId:0
06-14 16:06:01.910  3844  4724 D Avrcp_ext: AudioManager Player: AudioPlaybackConfiguration piid:79 deviceId:0 type:android.media.SoundPool u/pid:10079/4258 state:idle attr:AudioAttributes: usage=USAGE_ASSISTANCE_SONIFICATION content=CONTENT_TYPE_SONIFICATION flags=0x800 tags= bundle=null sessionId:0
06-14 16:06:01.910  3844  4724 D Avrcp_ext: AudioManager isPlaying: false, mAudioPlaybackIsActive: false, isMusiActive: true
06-14 16:06:01.910  3844  4724 D Avrcp_ext: AudioManager Reset Active Player
06-14 16:06:01.911 15662 17183 W Codec2Client: query -- param skipped: index = 1342179345.
06-14 16:06:01.911  2431  4793 W InputManager-JNI: Input channel object '9b8d326 PopupWindow:f15c112 (client)' was disposed without first being removed with the input manager!
06-14 16:06:01.912 15662 17183 W Codec2Client: query -- param skipped: index = 2415921170.
06-14 16:06:01.912 15662 17183 W Codec2Client: query -- param skipped: index = 1610614798.
06-14 16:06:01.913 15662 17183 D CCodecBufferChannel: [c2.android.aac.decoder#101] start: updating output delay 2
06-14 16:06:01.916 15662 17183 D CCodecBufferChannel: [c2.android.aac.decoder#101] MediaCodec discarded an unknown buffer
06-14 16:06:01.916 15662 17183 D CCodecBufferChannel: [c2.android.aac.decoder#101] MediaCodec discarded an unknown buffer
06-14 16:06:01.916 15662 17183 D CCodecBufferChannel: [c2.android.aac.decoder#101] MediaCodec discarded an unknown buffer
06-14 16:06:01.916 15662 17183 D CCodecBufferChannel: [c2.android.aac.decoder#101] MediaCodec discarded an unknown buffer
06-14 16:06:01.918 15662 17183 I hw-BpHwBinder: onLastStrongRef automatically unlinking death recipients
06-14 16:06:01.918  1949  2866 I hw-BpHwBinder: onLastStrongRef automatically unlinking death recipients
06-14 16:06:01.920 15662 17183 D MediaCodec: kWhatReleaseCompleted
06-14 16:06:01.920 15441 15441 I HandWritingStubImpl: isKeyboardTypeChanged: false
06-14 16:06:01.920 15441 15441 I HandWritingStubImpl: isKeyboardTypeChanged: false
06-14 16:06:01.921 15441 15441 I HandWritingStubImpl: isKeyboardTypeChanged: false
06-14 16:06:01.921 15441 15441 I HandWritingStubImpl: isKeyboardTypeChanged: false
06-14 16:06:01.922 15441 15441 I HandWritingStubImpl: isKeyboardTypeChanged: false
06-14 16:06:01.922 15662 17183 D MediaImpl: FRC not support: valueSupport :
06-14 16:06:01.922 15662 17183 D MediaImpl: AIE not support: valueSupport :
06-14 16:06:01.922 15662 17183 D MediaImpl: AIS not support: valueSupport :
06-14 16:06:01.922 15441 15441 I HandWritingStubImpl: isKeyboardTypeChanged: false
06-14 16:06:01.922 15662 17183 D MediaCodec: ~MediaCodec
06-14 16:06:01.922 15441 15441 I HandWritingStubImpl: isKeyboardTypeChanged: false
06-14 16:06:01.922 15441 15441 I HandWritingStubImpl: isKeyboardTypeChanged: false
06-14 16:06:01.924  1949  2866 V C2Store : in ~ComponentModule
06-14 16:06:01.924  1949  2866 V C2Store : unloading dll
06-14 16:06:01.981  1265  2358 I vendor.qti.hardware.display.composer-service: FrameNotifyProcess Sensor: notify citsensorservice to trigger cwb
06-14 16:06:01.981  2018  2108 I libcitsensorservice@2.0-impl: msg_transfer
06-14 16:06:01.982  2018  3098 D vendor.xiaomi.sensor.citsensorservice@2.0-service: handle id:9 wxh:1280x2400 uwxuh:1080x2400 size: 9216000 fd:15 fd_meta:16 flags:0x4000228 usage:0x33  format:0x3 layer_count: 1
06-14 16:06:01.982  1265  1889 I SDM     : HWCSession::SetCWBOutputBuffer: CWB config passed by cwb_client : tappoint 1  CWB_ROI : (829.000000 4.000000 915.000000 90.000000)
06-14 16:06:01.983  1265 17257 I SDM     : HWCSession::ProcessRequests: Successfully configured CWB buffer.
06-14 16:06:01.990  1265 17257 I SDM     : HWCSession::ProcessRequests: Pushing release fence in fenece wait queue.
06-14 16:06:01.991  1265 17257 I SDM     : HWCSession::ProcessRequests: Creating AsyncFenceWaits async thread.
06-14 16:06:01.991  1265 17257 I SDM     : HWCSession::ProcessRequests: Remove current CWB request from the pending request queue.
06-14 16:06:01.992  1265 17257 I SDM     : HWCSession::ProcessRequests: No pending cwb requests found in the queue.
06-14 16:06:01.996  2018  3127 D libsensor-displayalgo: the value of  brightness:438.000000,R:19156177.594628,G:19126807.043205,B:19300192.697027,EVENT_C:3631.500000,EVENT_R:1427.000000,EVENT_G:1829.000000,EVENT_B:733.000000
06-14 16:06:01.996  2018  3127 I libsensor-displayalgo: the value of  Coef1:1107.681000,Coef4:2.383000, scale1:0.935522, scale4:0.923264
06-14 16:06:01.996  2018  3127 E libsensor-displayalgo: RGB_test_0407_400_oldzy!
06-14 16:06:01.998  2018  3127 I libsensor-displayalgo: the value of  RESULT1200.150843,465.425291,610.961954,207.956407
06-14 16:06:01.998  1265  1584 I SDM     : HWDeviceDRM::SetupConcurrentWriteback: Tear down the Concurrent Writeback topology
06-14 16:06:01.999  2018  3127 I libsensor-displayalgo: the value of  getChannelDataCalibrated1258.292641,431.073529,710.123633,226.970424
06-14 16:06:01.999  2018  3127 I libsensor-displayalgo: the value of  REAL LUX139.741470
06-14 16:06:01.999  2018  3127 I libsensor-displayalgo: the value of  CAL REAL LUX139.741470
06-14 16:06:02.003  1265 17258 I SDM     : HWCSession::NotifyCWBStatus: Notify the client about buffer status 0.
06-14 16:06:02.003  1265 17258 I SDM     : HWCSession::PerformFenceWaits: Remove current release fence from the pending fence wait queue.
06-14 16:06:02.003  1265 17258 I SDM     : HWCSession::PerformFenceWaits: CWB fence queue is empty. No pending release fence to wait on.
06-14 16:06:02.022  1383  2007 V APM::EffectDescriptor: setEffectEnabled(false) total CPU 0
06-14 16:06:02.022  1383  2232 D AudioFlinger: updateWakeLockUids_l AudioOut_25 uids:
06-14 16:06:02.022  5858  7043 I PowerCheckerService: uid:10486change to inactive
06-14 16:06:02.023  1174  4964 D PAL: API: pal_set_param: 829: Enter: param id 27 (PAL_PARAM_ID_GAIN_LVL_CAL)
06-14 16:06:02.023  1174  4964 I PAL: ResourceManager: setParameter: 7783: Enter param id: 27 (PAL_PARAM_ID_GAIN_LVL_CAL)
06-14 16:06:02.023  1174  4964 D PAL: Stream: getAssociatedDevices: 492: no. of devices 1
06-14 16:06:02.023  1174  4964 D PAL: Stream: getAssociatedSession: 553: session 0xb400007152d0b200K
06-14 16:06:02.023  1174  4964 D PAL: SessionAlsaPcm: setConfig: 436: Enter tag: -1073741781
06-14 16:06:02.024  1174  4964 D PAL: Stream: getVolumeData: 574: num config 1
06-14 16:06:02.024  1258  2171 E ACDB    : AcdbCmdGetSubgraphCalDataNonPersist:6151 Error[19]: No calibration found
06-14 16:06:02.024  1258  2171 I gsl     : gsl_graph_send_persist_cal:857 Skipping persist cal for SG_ID -1342177278: already started
06-14 16:06:02.024  1258  2171 I gsl     : gsl_graph_send_persist_cal:857 Skipping persist cal for SG_ID -1342177272: already started
06-14 16:06:02.024  1258  2171 I gsl     : gsl_graph_send_persist_cal:857 Skipping persist cal for SG_ID -1342177252: already started
06-14 16:06:02.024  1258  2171 I gsl     : gsl_graph_send_persist_cal:857 Skipping persist cal for SG_ID -1342177279: already started
06-14 16:06:02.024  1174  4964 D PAL: SessionAlsaPcm: setConfig: 561: exit status: 0
06-14 16:06:02.024  1174  4964 D PAL: ResourceManager: setParameter: 8559: Exit status: 0
06-14 16:06:02.024  1174  4964 D PAL: API: pal_set_param: 844: Exit, status 0
06-14 16:06:02.025  1174  4964 D PAL: API: pal_set_param: 829: Enter: param id 27 (PAL_PARAM_ID_GAIN_LVL_CAL)
06-14 16:06:02.025  1174  4964 I PAL: ResourceManager: setParameter: 7783: Enter param id: 27 (PAL_PARAM_ID_GAIN_LVL_CAL)
06-14 16:06:02.025  1174  4964 D PAL: Stream: getAssociatedDevices: 492: no. of devices 1
06-14 16:06:02.025  1174  4964 D PAL: Stream: getAssociatedSession: 553: session 0xb400007152d0b200K
06-14 16:06:02.025  1174  4964 D PAL: SessionAlsaPcm: setConfig: 436: Enter tag: -1073741781
06-14 16:06:02.025  1174  4964 D PAL: Stream: getVolumeData: 574: num config 1
06-14 16:06:02.025  1258 15435 E ACDB    : AcdbComputeDeltaCKV:5762 Error[19]: No calibration data can be found. There is no difference between CKV[new] and CKV[old].
06-14 16:06:02.025  1258 15435 E ACDB    : AcdbCmdGetSubgraphCalDataNonPersist:5964 Error[19]: Failed to get the delta CKV
06-14 16:06:02.025  1258 15435 I gsl     : gsl_graph_send_persist_cal:857 Skipping persist cal for SG_ID -1342177278: already started
06-14 16:06:02.025  1258 15435 I gsl     : gsl_graph_send_persist_cal:857 Skipping persist cal for SG_ID -1342177272: already started
06-14 16:06:02.025  1258 15435 I gsl     : gsl_graph_send_persist_cal:857 Skipping persist cal for SG_ID -1342177252: already started
06-14 16:06:02.025  1258 15435 I gsl     : gsl_graph_send_persist_cal:857 Skipping persist cal for SG_ID -1342177279: already started
06-14 16:06:02.025  1174  4964 D PAL: SessionAlsaPcm: setConfig: 561: exit status: 0
06-14 16:06:02.025  1174  4964 D PAL: ResourceManager: setParameter: 8559: Exit status: 0
06-14 16:06:02.025  1174  4964 D PAL: API: pal_set_param: 844: Exit, status 0
06-14 16:06:02.026  1383  2007 V APM::EffectDescriptor: unregisterEffect() effect Volume listener for Music, ID 259, memory 1 total memory 1
06-14 16:06:02.026  1383  2007 D APM_AudioPolicyManager: stopOutput portId 70
06-14 16:06:02.026  1383  2007 D APM_AudioPolicyManager: stopOutput() output 37, stream 3, session 409
06-14 16:06:02.026  1383  2007 D APM_AudioPolicyManager: getNewOutputDevices selected devices AUDIO_DEVICE_NONE
06-14 16:06:02.026  1383  2007 D APM_AudioPolicyManager: setOutputDevices output 37 device AUDIO_DEVICE_NONE delayMs 218 force 0 requiresMuteCheck 1
06-14 16:06:02.026  1383  2007 D APM_AudioPolicyManager: setOutputDevices() prevDevice {type:0x2,@:}
06-14 16:06:02.026  5858  6474 I a       : uid:10486change to inactive
06-14 16:06:02.035  1174  4964 V EffectMiSound: MiSound_command() start, cmdCode=20
06-14 16:06:02.035  1174  4964 V EffectMiSound: MiSound_Command EFFECT_CMD_OFFLOAD
06-14 16:06:02.036  1174  4964 V EffectMiSound: MiSound_command() start, cmdCode=1
06-14 16:06:02.036  1174  4964 V EffectMiSound: MiSound_setConfig start
06-14 16:06:02.036  1174  4964 V EffectMiSound: MiSound_command() start, cmdCode=9
06-14 16:06:02.036  1174  4964 V EffectMiSound: MiSound_Command EFFECT_CMD_SET_DEVICE: 0x00000002
06-14 16:06:02.036  1174  4964 D MiSoundQdspGefDriver: setDevice(device=0x00000002): old device 0x00000002
06-14 16:06:02.036  1174  4964 V EffectMiSound: MiSound_command() start, cmdCode=11
06-14 16:06:02.036  1174  4964 V EffectMiSound: MiSound_Command EFFECT_CMD_SET_AUDIO_MODE: 0
06-14 16:06:02.037  1174  4964 D DlbDlbEffect: effectCommand(handle=0xb40000715496f110, cmdCode=5, cmdSize=20, pCmdData=0xb40000715485efa0, replySize=4, pReplyData=0xb400007152c12308)
06-14 16:06:02.037  1174  4964 D DlbDlbEffect: handle_EFFECT_CMD_SET_PARAM()
06-14 16:06:02.037  1174  4964 V DlbDapEffectContext: setParam() received parameter EFFECT_PARAM_SKIP_HARD_BYPASS
06-14 16:06:02.037  1174  4964 V DlbEffectQdspDap: setPreferredOffType()
06-14 16:06:02.037  1174  4964 D DlbQdspGefDriver: setPreferredOffType(type=2)
06-14 16:06:02.038  1174  4964 D DlbDlbEffect: effectCommand(handle=0xb40000715496f110, cmdCode=4, cmdSize=0, pCmdData=0x0, replySize=4, pReplyData=0xb400007152c12168)
06-14 16:06:02.038  1174  4964 D DlbDlbEffect: handle_EFFECT_CMD_DISABLE()
06-14 16:06:02.038  1174  4964 V DlbEffectQdspDap: setEnabled()
06-14 16:06:02.038  1174  4964 V DlbEffectQdspDap: updateEnabled(enabled=0, bypassed=0)
06-14 16:06:02.038  1174  4964 D DlbQdspGefDriver: setEnabled(enable=0)
06-14 16:06:02.038  1174  4964 D DlbQdspGefDriver: setEnabled(): Skip the transient enabled state 0
06-14 16:06:02.038  1174  4964 D DlbDlbEffect: effectCommand(handle=0xb40000715496f110, cmdCode=20, cmdSize=8, pCmdData=0xb400007152c12308, replySize=4, pReplyData=0xb400007152c12168)
06-14 16:06:02.038  1174  4964 D DlbDlbEffect: handle_EFFECT_CMD_OFFLOAD(offload=0, ioHandle=13)
06-14 16:06:02.039  1174  4964 V EffectMiSound: MiSound_command() start, cmdCode=1
06-14 16:06:02.039  1174  4964 V EffectMiSound: MiSound_setConfig start
06-14 16:06:02.039  1174  4964 D DlbDlbEffect: effectCommand(handle=0xb40000715496f110, cmdCode=1, cmdSize=112, pCmdData=0x71382860a0, replySize=4, pReplyData=0x713828611c)
06-14 16:06:02.039  1174  4964 D DlbDlbEffect: handle_EFFECT_CMD_SET_CONFIG()
06-14 16:06:02.039  1174  4964 D DlbDlbEffect: effectCommand(handle=0xb40000715496f110, cmdCode=9, cmdSize=4, pCmdData=0xb400007152c12308, replySize=4, pReplyData=0xb400007152c12168)
06-14 16:06:02.039  1174  4964 D DlbDlbEffect: handle_EFFECT_CMD_SET_DEVICE(device=0x00000002)
06-14 16:06:02.039  1174  4964 V DlbDapEffectContext: setDevice(00000002)
06-14 16:06:02.039  1174  4964 V DlbEffectQdspDap: setBypass(bypass = 0)
06-14 16:06:02.039  1174  4964 V DlbEffectQdspDap: setDevice()
06-14 16:06:02.039  1174  4964 D DlbQdspGefDriver: setDevice(device=0x00000002): old device 0x00000002
06-14 16:06:02.039  1241  1241 D DMSService: setActiveDevice called with device = 0x2 (original 0x2)
06-14 16:06:02.040  1174  4964 D DlbDlbEffect: effectCommand(handle=0xb40000715496f110, cmdCode=11, cmdSize=4, pCmdData=0xb400007152c12308, replySize=4, pReplyData=0xb400007152c12168)
06-14 16:06:02.040  1174  4964 V DlbDlbEffect: handle_EFFECT_CMD_SET_AUDIO_MODE(mode=0x00000000)
06-14 16:06:02.040  1174  4964 D DlbDlbEffect: effectCommand(handle=0xb40000715496f110, cmdCode=20, cmdSize=8, pCmdData=0xb400007152c12308, replySize=4, pReplyData=0xb400007152c12168)
06-14 16:06:02.040  1174  4964 D DlbDlbEffect: handle_EFFECT_CMD_OFFLOAD(offload=1, ioHandle=13)
06-14 16:06:02.041  1174  4964 D DlbDlbEffect: effectCommand(handle=0xb40000715496f110, cmdCode=3, cmdSize=0, pCmdData=0x0, replySize=4, pReplyData=0xb400007152c12168)
06-14 16:06:02.041  1174  4964 D DlbDlbEffect: handle_EFFECT_CMD_ENABLE()
06-14 16:06:02.041  1174  4964 V DlbEffectQdspDap: setEnabled()
06-14 16:06:02.041  1174  4964 V DlbEffectQdspDap: updateEnabled(enabled=1, bypassed=0)
06-14 16:06:02.041  1174  4964 D DlbQdspGefDriver: setEnabled(enable=1)
06-14 16:06:02.041  1174  4964 D DlbQdspGefDriver: setEnabled(): the enabled state is already 1
06-14 16:06:02.041  1383  2007 V APM::EffectDescriptor: moveEffects session 0 srcOutput 37 dstOutput 13
06-14 16:06:02.042  1174  4964 D AHAL: AudioStream: astream_out_set_parameters: 808: enter: usecase(0: deep-buffer-playback) kvpairs: appname=-cn.missevan
06-14 16:06:02.042  1174  4964 D AHAL: AudioStreamCustom: SetParameters: 198: SetParameters(): set app name -cn.missevan
06-14 16:06:02.042  1174  4964 D AHAL: AudioStreamCustom: isSupportMisoundAsc mode is0
06-14 16:06:02.042  1174  4964 D AHAL: AudioStream: SetParameters: 2204: enter
06-14 16:06:02.042  1174  4964 I AHAL: AudioStream: SetParameters: 2213: ret 0, plugin device cont -1 stream -1
06-14 16:06:02.042  1174  4964 D AHAL: AudioStream: SetParameters: 2252: exit 0
06-14 16:06:02.042  1174  4964 D AHAL: AudioStream: astream_out_set_parameters: 825: Exit ret: 0
06-14 16:06:02.043  1383  2007 D APM_AudioPolicyManager: releaseOutput portId 70
06-14 16:06:02.043  1383  2007 D APM_AudioPolicyManager: releaseOutput() output 37, stream 3, session 409 [uid=10486]
06-14 16:06:02.062  2431  4926 I WindowManagerService: Physical orientation applied, rotation=0 sfOrientation=ORIENTATION_0
06-14 16:06:02.088 15441 15592 D BLASTBufferQueue: releaseBufferCallback ReleaseCallbackId: bufferId:66318590017571 framenumber:1
06-14 16:06:02.097 15441 15592 D BLASTBufferQueue: releaseBufferCallback ReleaseCallbackId: bufferId:66318590017570 framenumber:2
06-14 16:06:02.100  2431  4926 I WindowManagerService: Physical orientation applied, rotation=0 sfOrientation=ORIENTATION_0
06-14 16:06:02.121  5809 17189 I SafeBinderCall: onPositionChange binder cost:0
06-14 16:06:02.121  4233  4233 D MiPlayDetailViewModel: onPositionChange(): position = 7008
06-14 16:06:02.240  2431  5698 I WindowManagerService: Physical orientation applied, rotation=0 sfOrientation=ORIENTATION_0
06-14 16:06:02.259 15441 15450 I cn.missevan: This is sticky GC, maxfree is 8388608 minfree is 2097152
06-14 16:06:02.266  2431  4926 I WindowManagerService: Physical orientation applied, rotation=0 sfOrientation=ORIENTATION_0
06-14 16:06:02.285  1265  2358 I vendor.qti.hardware.display.composer-service: FrameNotifyProcess Sensor: notify citsensorservice to trigger cwb
06-14 16:06:02.285  2018  2111 I libcitsensorservice@2.0-impl: msg_transfer
06-14 16:06:02.286  2018  3098 D vendor.xiaomi.sensor.citsensorservice@2.0-service: handle id:9 wxh:1280x2400 uwxuh:1080x2400 size: 9216000 fd:15 fd_meta:16 flags:0x4000228 usage:0x33  format:0x3 layer_count: 1
06-14 16:06:02.286  1265  1889 I SDM     : HWCSession::SetCWBOutputBuffer: CWB config passed by cwb_client : tappoint 1  CWB_ROI : (829.000000 4.000000 915.000000 90.000000)
06-14 16:06:02.287  1265 17261 I SDM     : HWCSession::ProcessRequests: Successfully configured CWB buffer.
06-14 16:06:02.294  1265 17261 I SDM     : HWCSession::ProcessRequests: Pushing release fence in fenece wait queue.
06-14 16:06:02.295  1265 17261 I SDM     : HWCSession::ProcessRequests: Creating AsyncFenceWaits async thread.
06-14 16:06:02.295  1265 17261 I SDM     : HWCSession::ProcessRequests: Remove current CWB request from the pending request queue.
06-14 16:06:02.296  1265 17261 I SDM     : HWCSession::ProcessRequests: No pending cwb requests found in the queue.
06-14 16:06:02.296  2018  3127 D libsensor-displayalgo: the value of  brightness:438.000000,R:19156177.594628,G:19126807.043205,B:19300192.697027,EVENT_C:3640.000000,EVENT_R:1430.500000,EVENT_G:1834.000000,EVENT_B:734.000000
06-14 16:06:02.296  2018  3127 I libsensor-displayalgo: the value of  Coef1:1107.681000,Coef4:2.383000, scale1:0.935522, scale4:0.923264
06-14 16:06:02.296  2018  3127 E libsensor-displayalgo: RGB_test_0407_400_oldzy!
06-14 16:06:02.298  2018  3127 I libsensor-displayalgo: the value of  RESULT1200.150843,465.425291,610.961954,207.956407
06-14 16:06:02.298  2018  3127 I libsensor-displayalgo: the value of  getChannelDataCalibrated1258.292641,431.073529,710.123633,226.970424
06-14 16:06:02.299  2018  3127 I libsensor-displayalgo: the value of  REAL LUX140.355667
06-14 16:06:02.299  2018  3127 I libsensor-displayalgo: the value of  CAL REAL LUX140.355667
06-14 16:06:02.302  1265  1584 I SDM     : HWDeviceDRM::SetupConcurrentWriteback: Tear down the Concurrent Writeback topology
06-14 16:06:02.304  2431  4926 I WindowManagerService: Physical orientation applied, rotation=0 sfOrientation=ORIENTATION_0
06-14 16:06:02.308  1265 17262 I SDM     : HWCSession::NotifyCWBStatus: Notify the client about buffer status 0.
06-14 16:06:02.308  1265 17262 I SDM     : HWCSession::PerformFenceWaits: Remove current release fence from the pending fence wait queue.
06-14 16:06:02.308  1265 17262 I SDM     : HWCSession::PerformFenceWaits: CWB fence queue is empty. No pending release fence to wait on.
06-14 16:06:02.319  2431  4926 I WindowManagerService: Physical orientation applied, rotation=0 sfOrientation=ORIENTATION_0
06-14 16:06:02.331  2431  4926 I WindowManagerService: Physical orientation applied, rotation=0 sfOrientation=ORIENTATION_0
06-14 16:06:02.352  2431  5698 I WindowManagerService: Physical orientation applied, rotation=0 sfOrientation=ORIENTATION_0
06-14 16:06:02.396  2431  4926 I WindowManagerService: Physical orientation applied, rotation=0 sfOrientation=ORIENTATION_0
06-14 16:06:02.405 15441 15441 I HandWritingStubImpl: isKeyboardTypeChanged: false
06-14 16:06:02.405 15441 15441 I HandWritingStubImpl: isKeyboardTypeChanged: false
06-14 16:06:02.406 15441 15441 I HandWritingStubImpl: isKeyboardTypeChanged: false
06-14 16:06:02.406 15441 15441 I HandWritingStubImpl: isKeyboardTypeChanged: false
06-14 16:06:02.406 15441 15441 I HandWritingStubImpl: isKeyboardTypeChanged: false
06-14 16:06:02.407 15441 15441 I HandWritingStubImpl: isKeyboardTypeChanged: false
06-14 16:06:02.407 15441 15441 I HandWritingStubImpl: isKeyboardTypeChanged: false
06-14 16:06:02.407 15441 15441 I HandWritingStubImpl: isKeyboardTypeChanged: false
06-14 16:06:02.410  3844  4724 V Avrcp_ext: AvrcpMessageHandler: received message=29
06-14 16:06:02.411  3844  4724 V Avrcp_ext: updateCurrentMediaState: mMediaController: MediaController (cn.missevan@c31f515) 他似晨风起 | 预告, Megrezz, null
06-14 16:06:02.411  3844  4724 V Avrcp_ext: updateCurrentMediaState: isPlaying = false
06-14 16:06:02.411  3844  4724 W Avrcp_ext: isMusicActive: false getBluetoothPlayState: 1 A2dp State: 11 mAudioPlaybackIsActive: false
06-14 16:06:02.411  3844  4724 D Avrcp_ext: isMusicActive = false mAudioPlaybackIsActive = false player state = PlaybackState {state=3, position=7299, buffered position=73119, speed=1.0, updated=18536015, actions=894, custom actions=[], active item id=-1, error=null}
06-14 16:06:02.412  3844  4724 D Avrcp_ext: overwrite album_artist :if album is blank
06-14 16:06:02.413  3844  4724 V Avrcp_ext: Media update: id -1➡-1? [MediaAttributes: 他⋯告 -  by M⋯z (90094 0/0) - ] : [MediaAttributes: 他⋯告 -  by M⋯z (90094 0/0) - ]
06-14 16:06:02.413  3844  4724 D Avrcp_ext: isPackageNameValid: browsedPackage = cn.missevanisValid = true
06-14 16:06:02.413  3844  4724 V Avrcp_ext: isBrowseSupported for cn.missevan: false
06-14 16:06:02.413  3844  4724 V Avrcp_ext: updatePlaybackState, state: PlaybackState {state=3, position=7299, buffered position=73119, speed=1.0, updated=18536015, actions=894, custom actions=[], active item id=-1, error=null} device: null
06-14 16:06:02.413  3844  4724 V Avrcp_ext: Device: no name:
06-14 16:06:02.413  3844  4724 V Avrcp_ext: Device: no name:
06-14 16:06:02.413  3844  4724 V Avrcp_ext: Device: no name:
06-14 16:06:02.413  3844  4724 V Avrcp_ext: Device: no name:
06-14 16:06:02.413  3844  4724 V Avrcp_ext: Device: no name:
06-14 16:06:02.413  3844  4724 V Avrcp_ext: updatePlayerStateAndPosition, old=PlaybackState {state=3, position=6789, buffered position=73119, speed=1.0, updated=18535505, actions=894, custom actions=[], active item id=-1, error=null}, state=PlaybackState {state=3, position=7299, buffered position=73119, speed=1.0, updated=18536015, actions=894, custom actions=[], active item id=-1, error=null}
06-14 16:06:02.413  3844  4724 V Avrcp_ext: old state = PlaybackState {state=3, position=6789, buffered position=73119, speed=1.0, updated=18535505, actions=894, custom actions=[], active item id=-1, error=null}, new state= PlaybackState {state=3, position=7299, buffered position=73119, speed=1.0, updated=18536015, actions=894, custom actions=[], active item id=-1, error=null}
06-14 16:06:02.413  3844  4724 D HeadsetService: getHeadsetService(): returning com.android.bluetooth.hfp.HeadsetService@7e2faf
06-14 16:06:02.413  3844  4724 D HeadsetService:  isAudioOn: The number of audio connected devices 0
06-14 16:06:02.413  3844  4724 D HeadsetService: isScoOrCallActive(): Call Active:falseCall is Ringing:falseSCO is Active:false
06-14 16:06:02.413  3844  4724 D HeadsetService:  isAudioOn: The number of audio connected devices 0
06-14 16:06:02.413  3844  4724 V Avrcp_ext: isPlayStateTobeUpdated: device: null
06-14 16:06:02.413  3844  4724 V Avrcp_ext: Single connection exists
06-14 16:06:02.413  3844  4724 D HeadsetService:  isAudioOn: The number of audio connected devices 0
06-14 16:06:02.413  3844  4724 D HeadsetService: isScoOrCallActive(): Call Active:falseCall is Ringing:falseSCO is Active:false
06-14 16:06:02.413  3844  4724 D HeadsetService:  isAudioOn: The number of audio connected devices 0
06-14 16:06:02.413  3844  4724 V Avrcp_ext: isPlayStateTobeUpdated: device: null
06-14 16:06:02.413  3844  4724 V Avrcp_ext: Single connection exists
06-14 16:06:02.413  3844  4724 D HeadsetService:  isAudioOn: The number of audio connected devices 0
06-14 16:06:02.413  3844  4724 D HeadsetService: isScoOrCallActive(): Call Active:falseCall is Ringing:falseSCO is Active:false
06-14 16:06:02.413  3844  4724 D HeadsetService:  isAudioOn: The number of audio connected devices 0
06-14 16:06:02.413  3844  4724 V Avrcp_ext: isPlayStateTobeUpdated: device: null
06-14 16:06:02.413  3844  4724 V Avrcp_ext: Single connection exists
06-14 16:06:02.413  3844  4724 D HeadsetService:  isAudioOn: The number of audio connected devices 0
06-14 16:06:02.413  3844  4724 D HeadsetService: isScoOrCallActive(): Call Active:falseCall is Ringing:falseSCO is Active:false
06-14 16:06:02.413  3844  4724 D HeadsetService:  isAudioOn: The number of audio connected devices 0
06-14 16:06:02.413  3844  4724 V Avrcp_ext: isPlayStateTobeUpdated: device: null
06-14 16:06:02.413  3844  4724 V Avrcp_ext: Single connection exists
06-14 16:06:02.413  3844  4724 D HeadsetService:  isAudioOn: The number of audio connected devices 0
06-14 16:06:02.413  3844  4724 D HeadsetService: isScoOrCallActive(): Call Active:falseCall is Ringing:falseSCO is Active:false
06-14 16:06:02.413  3844  4724 D HeadsetService:  isAudioOn: The number of audio connected devices 0
06-14 16:06:02.413  3844  4724 V Avrcp_ext: isPlayStateTobeUpdated: device: null
06-14 16:06:02.413  3844  4724 V Avrcp_ext: Single connection exists
06-14 16:06:02.413  3844  4724 D Avrcp_ext: Enter sendPlayPosNotificationRsp
06-14 16:06:02.413  3844  4724 D Avrcp_ext: sendPlayPosNotificationRsp: Not registered or requesting.
06-14 16:06:02.413  3844  4724 D Avrcp_ext: Enter sendPlayPosNotificationRsp
06-14 16:06:02.413  3844  4724 D Avrcp_ext: sendPlayPosNotificationRsp: Not registered or requesting.
06-14 16:06:02.413  3844  4724 D Avrcp_ext: Enter sendPlayPosNotificationRsp
06-14 16:06:02.413  3844  4724 D Avrcp_ext: sendPlayPosNotificationRsp: Not registered or requesting.
06-14 16:06:02.413  3844  4724 D Avrcp_ext: Enter sendPlayPosNotificationRsp
06-14 16:06:02.413  3844  4724 D Avrcp_ext: sendPlayPosNotificationRsp: Not registered or requesting.
06-14 16:06:02.413  3844  4724 D Avrcp_ext: Enter sendPlayPosNotificationRsp
06-14 16:06:02.413  3844  4724 D Avrcp_ext: sendPlayPosNotificationRsp: Not registered or requesting.
06-14 16:06:02.413  3844  4724 V Avrcp_ext: Exit updatePlayerStateAndPosition
06-14 16:06:02.413  3844  4724 V Avrcp_ext: Exit handleMessage
06-14 16:06:02.436  2431  5698 I WindowManagerService: Physical orientation applied, rotation=0 sfOrientation=ORIENTATION_0
06-14 16:06:02.458  2431  5698 I WindowManagerService: Physical orientation applied, rotation=0 sfOrientation=ORIENTATION_0
06-14 16:06:02.466 15441 15450 I cn.missevan: This is non sticky GC, maxfree is 8388608 minfree is 2097152
06-14 16:06:02.466 15441 15450 I cn.missevan: Background concurrent copying GC freed 431397(19MB) AllocSpace objects, 45(12MB) LOS objects, 37% free, 39MB/63MB, paused 134us,58us total 166.451ms
06-14 16:06:02.479  5809  5809 I ActiveSessionRecord: onPlaybackStateChanged: PlaybackState {state=6, position=0, buffered position=0, speed=1.0, updated=18536081, actions=894, custom actions=[], active item id=-1, error=null}
06-14 16:06:02.479  3844  4724 V Avrcp_ext: onPlaybackStateChanged: state PlaybackState {state=6, position=0, buffered position=0, speed=1.0, updated=18536081, actions=894, custom actions=[], active item id=-1, error=null}
06-14 16:06:02.480  4233  4233 V MediaTimeout: processState 0|cn.missevan|1500|null|10486: PlaybackState {state=6, position=0, buffered position=0, speed=1.0, updated=18536081, actions=894, custom actions=[], active item id=-1, error=null}
06-14 16:06:02.482  3844  4724 V Avrcp_ext: updateCurrentMediaState: mMediaController: MediaController (cn.missevan@c31f515) 他似晨风起 | 预告, Megrezz, null
06-14 16:06:02.482  3844  4724 V Avrcp_ext: updateCurrentMediaState: isPlaying = false
06-14 16:06:02.482  3844  4724 W Avrcp_ext: isMusicActive: false getBluetoothPlayState: 1 A2dp State: 11 mAudioPlaybackIsActive: false
06-14 16:06:02.483  3844  4724 D Avrcp_ext: isMusicActive = false mAudioPlaybackIsActive = false player state = PlaybackState {state=6, position=0, buffered position=0, speed=1.0, updated=18536081, actions=894, custom actions=[], active item id=-1, error=null}
06-14 16:06:02.484  3844  4724 D Avrcp_ext: overwrite album_artist :if album is blank
06-14 16:06:02.485  3844  4724 I Avrcp_ext: Skipping update due to invalid playback state
06-14 16:06:02.485  5809  5809 I ActiveAudioSessionManager: stopPositionCallbackTask
06-14 16:06:02.485  3844  4724 V Avrcp_ext: updatePlaybackState, state: PlaybackState {state=6, position=0, buffered position=0, speed=1.0, updated=18536081, actions=894, custom actions=[], active item id=-1, error=null} device: null
06-14 16:06:02.485  3844  4724 V Avrcp_ext: Device: no name:
06-14 16:06:02.485  3844  4724 V Avrcp_ext: Device: no name:
06-14 16:06:02.485  3844  4724 V Avrcp_ext: Device: no name:
06-14 16:06:02.485  3844  4724 V Avrcp_ext: Device: no name:
06-14 16:06:02.485  3844  4724 V Avrcp_ext: Device: no name:
06-14 16:06:02.485  3844  4724 V Avrcp_ext: updatePlayerStateAndPosition, old=PlaybackState {state=3, position=7299, buffered position=73119, speed=1.0, updated=18536015, actions=894, custom actions=[], active item id=-1, error=null}, state=PlaybackState {state=6, position=0, buffered position=0, speed=1.0, updated=18536081, actions=894, custom actions=[], active item id=-1, error=null}
06-14 16:06:02.485  3844  4724 V Avrcp_ext: old state = PlaybackState {state=3, position=7299, buffered position=73119, speed=1.0, updated=18536015, actions=894, custom actions=[], active item id=-1, error=null}, new state= PlaybackState {state=6, position=0, buffered position=0, speed=1.0, updated=18536081, actions=894, custom actions=[], active item id=-1, error=null}
06-14 16:06:02.485  3844  4724 D HeadsetService: getHeadsetService(): returning com.android.bluetooth.hfp.HeadsetService@7e2faf
06-14 16:06:02.485  3844  4724 D HeadsetService:  isAudioOn: The number of audio connected devices 0
06-14 16:06:02.485  3844  4724 D HeadsetService: isScoOrCallActive(): Call Active:falseCall is Ringing:falseSCO is Active:false
06-14 16:06:02.485  3844  4724 D HeadsetService:  isAudioOn: The number of audio connected devices 0
06-14 16:06:02.485  3844  4724 I Avrcp_ext: updatePlayStatusForDevice: device: null
06-14 16:06:02.485  3844  4724 V Avrcp_ext: updatePlaybackState (1): old=PlaybackState {state=6, position=0, buffered position=0, speed=1.0, updated=18528637, actions=894, custom actions=[], active item id=-1, error=null}(2), new=PlaybackState {state=6, position=0, buffered position=0, speed=1.0, updated=18536081, actions=894, custom actions=[], active item id=-1, error=null}(2)
06-14 16:06:02.485  3844  4724 I Avrcp_ext: Exit updatePlayStatusForDevice
06-14 16:06:02.485  3844  4724 D HeadsetService:  isAudioOn: The number of audio connected devices 0
06-14 16:06:02.485  3844  4724 D HeadsetService: isScoOrCallActive(): Call Active:falseCall is Ringing:falseSCO is Active:false
06-14 16:06:02.485  3844  4724 D HeadsetService:  isAudioOn: The number of audio connected devices 0
06-14 16:06:02.485  3844  4724 I Avrcp_ext: updatePlayStatusForDevice: device: null
06-14 16:06:02.485  3844  4724 V Avrcp_ext: updatePlaybackState (1): old=PlaybackState {state=6, position=0, buffered position=0, speed=1.0, updated=18528637, actions=894, custom actions=[], active item id=-1, error=null}(2), new=PlaybackState {state=6, position=0, buffered position=0, speed=1.0, updated=18536081, actions=894, custom actions=[], active item id=-1, error=null}(2)
06-14 16:06:02.485  3844  4724 I Avrcp_ext: Exit updatePlayStatusForDevice
06-14 16:06:02.485  3844  4724 D HeadsetService:  isAudioOn: The number of audio connected devices 0
06-14 16:06:02.485  3844  4724 D HeadsetService: isScoOrCallActive(): Call Active:falseCall is Ringing:falseSCO is Active:false
06-14 16:06:02.485  3844  4724 D HeadsetService:  isAudioOn: The number of audio connected devices 0
06-14 16:06:02.485  3844  4724 I Avrcp_ext: updatePlayStatusForDevice: device: null
06-14 16:06:02.485  3844  4724 V Avrcp_ext: updatePlaybackState (1): old=PlaybackState {state=6, position=0, buffered position=0, speed=1.0, updated=18528637, actions=894, custom actions=[], active item id=-1, error=null}(2), new=PlaybackState {state=6, position=0, buffered position=0, speed=1.0, updated=18536081, actions=894, custom actions=[], active item id=-1, error=null}(2)
06-14 16:06:02.485  3844  4724 I Avrcp_ext: Exit updatePlayStatusForDevice
06-14 16:06:02.485  3844  4724 D HeadsetService:  isAudioOn: The number of audio connected devices 0
06-14 16:06:02.485  3844  4724 D HeadsetService: isScoOrCallActive(): Call Active:falseCall is Ringing:falseSCO is Active:false
06-14 16:06:02.485  3844  4724 D HeadsetService:  isAudioOn: The number of audio connected devices 0
06-14 16:06:02.485  3844  4724 I Avrcp_ext: updatePlayStatusForDevice: device: null
06-14 16:06:02.485  3844  4724 V Avrcp_ext: updatePlaybackState (1): old=PlaybackState {state=6, position=0, buffered position=0, speed=1.0, updated=18528637, actions=894, custom actions=[], active item id=-1, error=null}(2), new=PlaybackState {state=6, position=0, buffered position=0, speed=1.0, updated=18536081, actions=894, custom actions=[], active item id=-1, error=null}(2)
06-14 16:06:02.485  3844  4724 I Avrcp_ext: Exit updatePlayStatusForDevice
06-14 16:06:02.485  3844  4724 D HeadsetService:  isAudioOn: The number of audio connected devices 0
06-14 16:06:02.486  3844  4724 D HeadsetService: isScoOrCallActive(): Call Active:falseCall is Ringing:falseSCO is Active:false
06-14 16:06:02.486  3844  4724 D HeadsetService:  isAudioOn: The number of audio connected devices 0
06-14 16:06:02.486  3844  4724 I Avrcp_ext: updatePlayStatusForDevice: device: null
06-14 16:06:02.486  5809  5809 I SafeBinderCall: onPlaybackStateChange binder cost:1
06-14 16:06:02.486  3844  4724 V Avrcp_ext: updatePlaybackState (1): old=PlaybackState {state=6, position=0, buffered position=0, speed=1.0, updated=18528637, actions=894, custom actions=[], active item id=-1, error=null}(2), new=PlaybackState {state=6, position=0, buffered position=0, speed=1.0, updated=18536081, actions=894, custom actions=[], active item id=-1, error=null}(2)
06-14 16:06:02.486  3844  4724 I Avrcp_ext: Exit updatePlayStatusForDevice
06-14 16:06:02.486  3844  4724 D Avrcp_ext: Enter sendPlayPosNotificationRsp
06-14 16:06:02.486  3844  4724 D Avrcp_ext: sendPlayPosNotificationRsp: Not registered or requesting.
06-14 16:06:02.486  3844  4724 D Avrcp_ext: Enter sendPlayPosNotificationRsp
06-14 16:06:02.486  3844  4724 D Avrcp_ext: sendPlayPosNotificationRsp: Not registered or requesting.
06-14 16:06:02.486  3844  4724 D Avrcp_ext: Enter sendPlayPosNotificationRsp
06-14 16:06:02.486  3844  4724 D Avrcp_ext: sendPlayPosNotificationRsp: Not registered or requesting.
06-14 16:06:02.486  3844  4724 D Avrcp_ext: Enter sendPlayPosNotificationRsp
06-14 16:06:02.486  3844  4724 D Avrcp_ext: sendPlayPosNotificationRsp: Not registered or requesting.
06-14 16:06:02.486  3844  4724 D Avrcp_ext: Enter sendPlayPosNotificationRsp
06-14 16:06:02.486  3844  4724 D Avrcp_ext: sendPlayPosNotificationRsp: Not registered or requesting.
06-14 16:06:02.486  3844  4724 V Avrcp_ext: Exit updatePlayerStateAndPosition
06-14 16:06:02.486  3844  4724 V Avrcp_ext:  Exit onPlaybackStateChanged
06-14 16:06:02.486  5809  5809 I Cir_Miplay_ActiveSessionRecord: onPlaybackStateChanged:6
06-14 16:06:02.486  5809  5809 I Cir_Miplay_ActiveSessionRecordStack: onPlaybackStateChange.
06-14 16:06:02.488  4233  4233 D MiPlayDetailViewModel: onPlaybackStateChange(): state = 6
06-14 16:06:02.490  5809  5809 I Cir_Miplay_ActiveAudioSessionManager: TopAudioSession play change
06-14 16:06:02.490  5809  5809 I Cir_Miplay_MiPlayAudioService: dispatchPlaybackStateChange:6
06-14 16:06:02.490  5809  5809 I Cir_Miplay_MiPlayAudioService: localPlayStateChange state:6
06-14 16:06:02.491  5809  5809 I Cir_Miplay_MiPlayAudioService: playStateNotify state:6  ,id:,uuid:local_device_id
06-14 16:06:02.491  5809  5809 I MiPlayClientSDK: =======================================================================
06-14 16:06:02.491  5809  5809 I MiPlayClientSDK: onPlayStateChange start
06-14 16:06:02.491  5809  5809 I MiPlayClientSDK: local_device_id, state:6
06-14 16:06:02.491  5809  5809 I MiPlayClientSDK: onPlayStateChange end
06-14 16:06:02.492  5809  5809 I MiPlayClientSDK: =======================================================================
06-14 16:06:02.492  5809  5809 I MiPlayProxyDeviceManager: onPlayStateChange
06-14 16:06:02.492  5809  5809 I MiPlay  : onPlaybackStateChanged,local_device_id, state:none
06-14 16:06:02.494  2431  3408 I BatteryService: current mPlugType2current mHealthInfo.batteryLevel100current mHealthInfo.batteryTemperature359
06-14 16:06:02.499  4190  4190 D DynamicService:  ACTION_BATTERY_CHANGED change,USB plug = 2
06-14 16:06:02.501  4145  4145 D QtiCarrierConfigHelper: WARNING, no carrier configs on phone Id: 1
06-14 16:06:02.503  5809  5809 I Cir_Miplay_ActiveAudioSessionManager: dispatchTopActiveSessionChangeCallbackLocked, size:1
06-14 16:06:02.505  3844  4724 V Avrcp_ext: onMetadataChanged
06-14 16:06:02.506  5858  7526 D ThermalIECHandler: storeDataStyle: thermal_iec_monitor_persistence_data_style_iec_state; startIECTime: -1; IECScreenOffOverPeriodTime: 15568078
06-14 16:06:02.508  5735  5735 I BatteryInfoReceiver: ACTION_BATTERY_CHANGED
06-14 16:06:02.508  5858  7667 D PowerKeeper.Thermal: mBatteryTemperature: 35
06-14 16:06:02.509  3844  4724 V Avrcp_ext: updateCurrentMediaState: mMediaController: MediaController (cn.missevan@c31f515) 他似晨风起 | 第一期, Megrezz, null
06-14 16:06:02.509  3844  4724 V Avrcp_ext: updateCurrentMediaState: isPlaying = false
06-14 16:06:02.509  3844  4724 W Avrcp_ext: isMusicActive: false getBluetoothPlayState: 2 A2dp State: 11 mAudioPlaybackIsActive: false
06-14 16:06:02.509  5809  5809 I Cir_Miplay_MiPlayAudioService: onTopActiveSessionChange, cn.missevan
06-14 16:06:02.509  5809  5809 I Cir_Miplay_MiPlayAudioService: topActiveSessionChange appId:cn.missevan
06-14 16:06:02.509  5809  5809 I Cir_Miplay_MiPlayAudioStatUtils: recordPackageName:cn.missevan
06-14 16:06:02.509  5809  5809 I Cir_Miplay_MiPlayAudioStatUtils: packageNameEquals.
06-14 16:06:02.509  3844  4724 D Avrcp_ext: isMusicActive = false mAudioPlaybackIsActive = false player state = PlaybackState {state=6, position=0, buffered position=0, speed=1.0, updated=18536081, actions=894, custom actions=[], active item id=-1, error=null}
06-14 16:06:02.509  5809  5809 I Cir_Miplay_ActiveSessionRecord: dispatch meta change, MediaMetaData{mArtist='Megrezz', mAlbum='null', mTitle='他似晨风起 | 第一期', mArt=valid, mDuration=2968631, mLrc='null'}
06-14 16:06:02.509  5809  5809 I Cir_Miplay_MiPlayAudioService: dispatchMetaChange:cn.missevan  ActiveSsionPackageName:cn.missevan
06-14 16:06:02.509  5858  7218 D PowerCheckerService: onBatteryChanged, mBatteryLevel = 100, status = 2, level = 100, plug = 2, scale = 100
06-14 16:06:02.510  3844  4724 D Avrcp_ext: overwrite album_artist :if album is blank
06-14 16:06:02.512  3844  4724 I Avrcp_ext: Skipping update due to invalid playback state
06-14 16:06:02.512  5809  5809 I MiPlayProxyDeviceManager: onTopActiveSessionChange, cn.missevan
06-14 16:06:02.512  3844  4724 V Avrcp_ext: updatePlaybackState, state: PlaybackState {state=6, position=0, buffered position=0, speed=1.0, updated=18536081, actions=894, custom actions=[], active item id=-1, error=null} device: null
06-14 16:06:02.512  3844  4724 V Avrcp_ext: Device: no name:
06-14 16:06:02.512  3844  4724 V Avrcp_ext: Device: no name:
06-14 16:06:02.512  3844  4724 V Avrcp_ext: Device: no name:
06-14 16:06:02.512  3844  4724 V Avrcp_ext: Device: no name:
06-14 16:06:02.512  3844  4724 V Avrcp_ext: Device: no name:
06-14 16:06:02.512  3844  4724 V Avrcp_ext: updatePlayerStateAndPosition, old=PlaybackState {state=6, position=0, buffered position=0, speed=1.0, updated=18536081, actions=894, custom actions=[], active item id=-1, error=null}, state=PlaybackState {state=6, position=0, buffered position=0, speed=1.0, updated=18536081, actions=894, custom actions=[], active item id=-1, error=null}
06-14 16:06:02.512  3844  4724 V Avrcp_ext: old state = PlaybackState {state=6, position=0, buffered position=0, speed=1.0, updated=18536081, actions=894, custom actions=[], active item id=-1, error=null}, new state= PlaybackState {state=6, position=0, buffered position=0, speed=1.0, updated=18536081, actions=894, custom actions=[], active item id=-1, error=null}
06-14 16:06:02.512  3844  4724 D HeadsetService: getHeadsetService(): returning com.android.bluetooth.hfp.HeadsetService@7e2faf
06-14 16:06:02.512  3844  4724 D HeadsetService:  isAudioOn: The number of audio connected devices 0
06-14 16:06:02.512  3844  4724 D HeadsetService: isScoOrCallActive(): Call Active:falseCall is Ringing:falseSCO is Active:false
06-14 16:06:02.512  3844  4724 D HeadsetService:  isAudioOn: The number of audio connected devices 0
06-14 16:06:02.512  3844  4724 I Avrcp_ext: updatePlayStatusForDevice: device: null
06-14 16:06:02.512  3844  4724 V Avrcp_ext: updatePlaybackState (1): old=PlaybackState {state=6, position=0, buffered position=0, speed=1.0, updated=18536081, actions=894, custom actions=[], active item id=-1, error=null}(2), new=PlaybackState {state=6, position=0, buffered position=0, speed=1.0, updated=18536081, actions=894, custom actions=[], active item id=-1, error=null}(2)
06-14 16:06:02.512  3844  4724 I Avrcp_ext: Exit updatePlayStatusForDevice
06-14 16:06:02.512  3844  4724 D HeadsetService:  isAudioOn: The number of audio connected devices 0
06-14 16:06:02.512  3844  4724 D HeadsetService: isScoOrCallActive(): Call Active:falseCall is Ringing:falseSCO is Active:false
06-14 16:06:02.513  3844  4724 D HeadsetService:  isAudioOn: The number of audio connected devices 0
06-14 16:06:02.513  3844  4724 I Avrcp_ext: updatePlayStatusForDevice: device: null
06-14 16:06:02.513  3844  4724 V Avrcp_ext: updatePlaybackState (1): old=PlaybackState {state=6, position=0, buffered position=0, speed=1.0, updated=18536081, actions=894, custom actions=[], active item id=-1, error=null}(2), new=PlaybackState {state=6, position=0, buffered position=0, speed=1.0, updated=18536081, actions=894, custom actions=[], active item id=-1, error=null}(2)
06-14 16:06:02.513  3844  4724 I Avrcp_ext: Exit updatePlayStatusForDevice
06-14 16:06:02.513  3844  4724 D HeadsetService:  isAudioOn: The number of audio connected devices 0
06-14 16:06:02.513  3844  4724 D HeadsetService: isScoOrCallActive(): Call Active:falseCall is Ringing:falseSCO is Active:false
06-14 16:06:02.513  3844  4724 D HeadsetService:  isAudioOn: The number of audio connected devices 0
06-14 16:06:02.513  3844  4724 I Avrcp_ext: updatePlayStatusForDevice: device: null
06-14 16:06:02.513  3844  4724 V Avrcp_ext: updatePlaybackState (1): old=PlaybackState {state=6, position=0, buffered position=0, speed=1.0, updated=18536081, actions=894, custom actions=[], active item id=-1, error=null}(2), new=PlaybackState {state=6, position=0, buffered position=0, speed=1.0, updated=18536081, actions=894, custom actions=[], active item id=-1, error=null}(2)
06-14 16:06:02.513  3844  4724 I Avrcp_ext: Exit updatePlayStatusForDevice
06-14 16:06:02.513  3844  4724 D HeadsetService:  isAudioOn: The number of audio connected devices 0
06-14 16:06:02.513  3844  4724 D HeadsetService: isScoOrCallActive(): Call Active:falseCall is Ringing:falseSCO is Active:false
06-14 16:06:02.513  3844  4724 D HeadsetService:  isAudioOn: The number of audio connected devices 0
06-14 16:06:02.513  3844  4724 I Avrcp_ext: updatePlayStatusForDevice: device: null
06-14 16:06:02.513  3844  4724 V Avrcp_ext: updatePlaybackState (1): old=PlaybackState {state=6, position=0, buffered position=0, speed=1.0, updated=18536081, actions=894, custom actions=[], active item id=-1, error=null}(2), new=PlaybackState {state=6, position=0, buffered position=0, speed=1.0, updated=18536081, actions=894, custom actions=[], active item id=-1, error=null}(2)
06-14 16:06:02.513  3844  4724 I Avrcp_ext: Exit updatePlayStatusForDevice
06-14 16:06:02.513  3844  4724 D HeadsetService:  isAudioOn: The number of audio connected devices 0
06-14 16:06:02.513  3844  4724 D HeadsetService: isScoOrCallActive(): Call Active:falseCall is Ringing:falseSCO is Active:false
06-14 16:06:02.513  3844  4724 D HeadsetService:  isAudioOn: The number of audio connected devices 0
06-14 16:06:02.513  3844  4724 I Avrcp_ext: updatePlayStatusForDevice: device: null
06-14 16:06:02.513  3844  4724 V Avrcp_ext: updatePlaybackState (1): old=PlaybackState {state=6, position=0, buffered position=0, speed=1.0, updated=18536081, actions=894, custom actions=[], active item id=-1, error=null}(2), new=PlaybackState {state=6, position=0, buffered position=0, speed=1.0, updated=18536081, actions=894, custom actions=[], active item id=-1, error=null}(2)
06-14 16:06:02.513  3844  4724 I Avrcp_ext: Exit updatePlayStatusForDevice
06-14 16:06:02.513  3844  4724 D Avrcp_ext: Enter sendPlayPosNotificationRsp
06-14 16:06:02.513  3844  4724 D Avrcp_ext: sendPlayPosNotificationRsp: Not registered or requesting.
06-14 16:06:02.513  3844  4724 D Avrcp_ext: Enter sendPlayPosNotificationRsp
06-14 16:06:02.513  3844  4724 D Avrcp_ext: sendPlayPosNotificationRsp: Not registered or requesting.
06-14 16:06:02.513  3844  4724 D Avrcp_ext: Enter sendPlayPosNotificationRsp
06-14 16:06:02.513  3844  4724 D Avrcp_ext: sendPlayPosNotificationRsp: Not registered or requesting.
06-14 16:06:02.513  3844  4724 D Avrcp_ext: Enter sendPlayPosNotificationRsp
06-14 16:06:02.513  3844  4724 D Avrcp_ext: sendPlayPosNotificationRsp: Not registered or requesting.
06-14 16:06:02.513  3844  4724 D Avrcp_ext: Enter sendPlayPosNotificationRsp
06-14 16:06:02.513  3844  4724 D Avrcp_ext: sendPlayPosNotificationRsp: Not registered or requesting.
06-14 16:06:02.513  3844  4724 V Avrcp_ext: Exit updatePlayerStateAndPosition
06-14 16:06:02.514  5809  5809 I SafeBinderCall: onTopActiveSessionChange binder cost:0
06-14 16:06:02.514  5809 14611 I Cir_Miplay_MiPlayAudioService: dispatchMetaChange:MediaMetaData{mArtist='Megrezz', mAlbum='null', mTitle='他似晨风起 | 第一期', mArt=valid, mDuration=2968631, mLrc='null'}
06-14 16:06:02.514  5809 14611 I Cir_Miplay_MetaInfoManager: setMetadata.
06-14 16:06:02.514  5809  5809 I SafeBinderCall: onMediaMetaChange binder cost:0
06-14 16:06:02.515  5809  5809 I MiPlayClientSDK: =======================================================================
06-14 16:06:02.515  5809  5809 I MiPlayClientSDK: onMediaInfoChange start
06-14 16:06:02.515  5809  5809 I MiPlayClientSDK: local_device_id, MediaMetaData{mArtist='Megrezz', mAlbum='null', mTitle='他似晨风起 | 第一期', mDuration=2968631, mId='', mCoverUrl='', mStatus=0, mVolume=0, mArt=android.graphics.Bitmap@2079e76, mPosition=0, mLrc='null', mPackgeName='cn.missevan', mSourceName='2738969101的Xiaomi Civi 2', mDeviceState=0}
06-14 16:06:02.515  5809  5809 I MiPlayClientSDK: onMediaInfoChange end
06-14 16:06:02.515  5809  5809 I MiPlayClientSDK: =======================================================================
06-14 16:06:02.515  5809  5809 I MiPlayProxyDeviceManager: onMediaInfoChange
06-14 16:06:02.515  5809  5809 I MiPlay  : onMediaMetaChanged,local_device_id, meta:MediaMetaData{mArtist='Megrezz', mAlbum='null', mTitle='他似晨风起 | 第一期', mDuration=2968631, art:valid}
06-14 16:06:02.515 15662 15898 I MediaCodec: video box enabled in settings
06-14 16:06:02.516 15662 15898 I MediaCodec: init video box disabled for codec not supported
06-14 16:06:02.516  5809  6131 I SafeBinderCall: onActiveAudioSessionChange binder cost:2
06-14 16:06:02.516 15662 17266 D CCodec  : allocate(c2.android.aac.decoder)
06-14 16:06:02.516  5858  6736 D PowerKeeper.FrozenApp: onBatteryChanged plug=true mBatteryPlugged=2
06-14 16:06:02.516  4176  4176 V DeviceStatisticsService: chargerType=2 batteryLevel=100 totalBatteryCapacity=4085000
06-14 16:06:02.516  4176  4176 D DeviceInfoHidlClient: isRadioOn()=true
06-14 16:06:02.516  4176  4176 I DeviceInfoHidlClient: isPowerInfoNeverSent=false batteryLevel=100 batteryLevelIndex=6 chargingMode=2 totalCapacity=4085000 powerSaveMode=false
06-14 16:06:02.516  2431  2647 I android_os_HwBinder: HwBinder: Starting thread pool for getting: vendor.xiaomi.hardware.micharge@1.0::IMiCharge/default
06-14 16:06:02.517  1322  1322 E vendor.xiaomi.hardware.micharge@1.0-service: Failed to open node /sys/class/qcom-battery/reverse_chg_mode
06-14 16:06:02.517  1322  1322 I vendor.xiaomi.hardware.micharge@1.0-service: ReadFilePathValue path = /sys/class/qcom-battery/reverse_chg_mode value =
06-14 16:06:02.519  5735  5735 I PowerNoticeUI: handleBatteryChanged oldPlugType 2 mPlugType 2 oldBatteryLevel 100 mBatteryLevel 100 temperature 359
06-14 16:06:02.520  2431  2647 I android_os_HwBinder: HwBinder: Starting thread pool for getting: vendor.xiaomi.hardware.micharge@1.0::IMiCharge/default
06-14 16:06:02.520 15662 17266 I CCodec  : setting up 'default' as default (vendor) store
06-14 16:06:02.520  1949  2866 V C2Store : in init
06-14 16:06:02.520  1949  2866 V C2Store : loading dll
