12-22 11:20:38.203  8079 11126 D BtGatt.ScanManager: configureRegularScanParams - scanInterval LE 1M = 660 configureRegularScanParams - scanWindow LE 1M= 66 configureRegularScanParams - scanInterval LE Coded= 660 configureRegularScanParams - scanWindow LE Coded= 66
12-22 11:20:38.203  8079 11099 D BtGatt.GattService: onScanParamSetupCompleted : 0
12-22 11:20:38.247  1192 11175 I vendor.qti.bluetooth@1.0-ibs_handler: ProcessIbsCmd: Received IBS_SLEEP_IND: 0xFE
12-22 11:20:38.382  2027  3285 D libsensor-displayalgo: the value of  brightness:369.000000,R:72860214.577830,G:65146250.472813,B:51682400.910209,EVENT_C:3079.500000,EVENT_R:1215.500000,EVENT_G:1642.500000,EVENT_B:637.500000
12-22 11:20:38.382  2027  3285 I libsensor-displayalgo: the value of  Coef1:1107.681000,Coef4:2.383000, scale1:0.935522, scale4:0.923264
12-22 11:20:38.382  2027  3285 E libsensor-displayalgo: RGB_test_0407_400_oldzy!
12-22 11:20:38.383  2027  3285 I libsensor-displayalgo: the value of  RESULT2524.671819,1032.312958,1221.584384,435.826185
12-22 11:20:38.383  2027  3285 I libsensor-displayalgo: the value of  getChannelDataCalibrated2634.709684,957.991414,1408.840660,471.770926
12-22 11:20:38.383  2027  3285 I libsensor-displayalgo: the value of  REAL LUX18.850771
12-22 11:20:38.383  2027  3285 I libsensor-displayalgo: the value of  CAL REAL LUX18.850771
12-22 11:20:38.474  1251  2448 I vendor.qti.hardware.display.composer-service: FrameNotifyProcess Sensor: notify citsensorservice to trigger cwb
12-22 11:20:38.475  2027  2096 I libcitsensorservice@2.0-impl: msg_transfer
12-22 11:20:38.476  2027  3266 D vendor.xiaomi.sensor.citsensorservice@2.0-service: handle id:10 wxh:1280x2400 uwxuh:1080x2400 size: 9216000 fd:15 fd_meta:16 flags:0x4000228 usage:0x33  format:0x3 layer_count: 1
12-22 11:20:38.477  1251  2216 I SDM     : HWCSession::SetCWBOutputBuffer: CWB config passed by cwb_client : tappoint 1  CWB_ROI : (829.000000 4.000000 915.000000 90.000000)
12-22 11:20:38.478  1251  3787 I SDM     : HWCSession::ProcessRequests: Successfully configured CWB buffer.
12-22 11:20:38.479  2475  3037 D MIUIInput: [MotionEvent] publisher action=0x4, 582742846, channel 'a6e61f2 NavigationBar0 (server)'
12-22 11:20:38.479  2475  3037 D MIUIInput: [MotionEvent] publisher action=0x0, 582742846, channel '248130c cn.missevan/cn.missevan.activity.MainActivity (server)'
12-22 11:20:38.485  1251  3787 I SDM     : HWCSession::ProcessRequests: Pushing release fence in fenece wait queue.
12-22 11:20:38.485  1251  3787 I SDM     : HWCSession::ProcessRequests: Creating AsyncFenceWaits async thread.
12-22 11:20:38.485  1251  3787 I SDM     : HWCSession::ProcessRequests: Remove current CWB request from the pending request queue.
12-22 11:20:38.485  1251  3787 I SDM     : HWCSession::ProcessRequests: No pending cwb requests found in the queue.
12-22 11:20:38.489  1251  1467 I SDM     : HWDeviceDRM::SetupConcurrentWriteback: Tear down the Concurrent Writeback topology
12-22 11:20:38.496  1251  3788 I SDM     : HWCSession::NotifyCWBStatus: Notify the client about buffer status 0.
12-22 11:20:38.496  1251  3788 I SDM     : HWCSession::PerformFenceWaits: Remove current release fence from the pending fence wait queue.
12-22 11:20:38.496  1251  3788 I SDM     : HWCSession::PerformFenceWaits: CWB fence queue is empty. No pending release fence to wait on.
12-22 11:20:38.533  2475  3037 D MIUIInput: [MotionEvent] publisher action=0x1, 582742900, channel '248130c cn.missevan/cn.missevan.activity.MainActivity (server)'
12-22 11:20:38.535 27154 27154 E cn.missevan: No package ID ff found for ID 0xffffffff.
12-22 11:20:38.682  2027  3285 D libsensor-displayalgo: the value of  brightness:369.000000,R:72860214.577830,G:65146250.472813,B:51682400.910209,EVENT_C:3086.000000,EVENT_R:1222.500000,EVENT_G:1641.500000,EVENT_B:637.500000
12-22 11:20:38.682  2027  3285 I libsensor-displayalgo: the value of  Coef1:1107.681000,Coef4:2.383000, scale1:0.935522, scale4:0.923264
12-22 11:20:38.682  2027  3285 E libsensor-displayalgo: RGB_test_0407_400_oldzy!
12-22 11:20:38.683  2027  3285 I libsensor-displayalgo: the value of  RESULT2524.671819,1032.312958,1221.584384,435.826185
12-22 11:20:38.683  2027  3285 I libsensor-displayalgo: the value of  getChannelDataCalibrated2634.709684,957.991414,1408.840660,471.770926
12-22 11:20:38.683  2027  3285 I libsensor-displayalgo: the value of  REAL LUX19.000092
12-22 11:20:38.683  2027  3285 I libsensor-displayalgo: the value of  CAL REAL LUX19.000092
12-22 11:20:38.793  1251  2448 I vendor.qti.hardware.display.composer-service: FrameNotifyProcess Sensor: notify citsensorservice to trigger cwb
12-22 11:20:38.793  2027  2097 I libcitsensorservice@2.0-impl: msg_transfer
12-22 11:20:38.794  2027  3266 D vendor.xiaomi.sensor.citsensorservice@2.0-service: handle id:10 wxh:1280x2400 uwxuh:1080x2400 size: 9216000 fd:15 fd_meta:16 flags:0x4000228 usage:0x33  format:0x3 layer_count: 1
12-22 11:20:38.794  1251  2216 I SDM     : HWCSession::SetCWBOutputBuffer: CWB config passed by cwb_client : tappoint 1  CWB_ROI : (829.000000 4.000000 915.000000 90.000000)
12-22 11:20:38.795  1251  3790 I SDM     : HWCSession::ProcessRequests: Successfully configured CWB buffer.
12-22 11:20:38.803  1251  3790 I SDM     : HWCSession::ProcessRequests: Pushing release fence in fenece wait queue.
12-22 11:20:38.803  1251  3790 I SDM     : HWCSession::ProcessRequests: Creating AsyncFenceWaits async thread.
12-22 11:20:38.803  1251  3790 I SDM     : HWCSession::ProcessRequests: Remove current CWB request from the pending request queue.
12-22 11:20:38.803  1251  3790 I SDM     : HWCSession::ProcessRequests: No pending cwb requests found in the queue.
12-22 11:20:38.810  1251  1467 I SDM     : HWDeviceDRM::SetupConcurrentWriteback: Tear down the Concurrent Writeback topology
12-22 11:20:38.817  1251  3791 I SDM     : HWCSession::NotifyCWBStatus: Notify the client about buffer status 0.
12-22 11:20:38.817  1251  3791 I SDM     : HWCSession::PerformFenceWaits: Remove current release fence from the pending fence wait queue.
12-22 11:20:38.817  1251  3791 I SDM     : HWCSession::PerformFenceWaits: CWB fence queue is empty. No pending release fence to wait on.
12-22 11:20:38.938  1192 11175 I vendor.qti.bluetooth@1.0-ibs_handler: ProcessIbsCmd: Received IBS_WAKE_IND: 0xFD
12-22 11:20:38.938  1192 11175 I vendor.qti.bluetooth@1.0-ibs_handler: ProcessIbsCmd: Writing IBS_WAKE_ACK
12-22 11:20:38.940  8079 11099 D BluetoothRemoteDevices: Property type: 1
12-22 11:20:38.940  8079 11099 D BluetoothRemoteDevices: Skip name update for B8:7C:6F:7E:5C:B0
12-22 11:20:38.940  8079 11099 D BluetoothRemoteDevices: Property type: 4
12-22 11:20:38.940  8079 11099 D BluetoothRemoteDevices: Skip class update for B8:7C:6F:7E:5C:B0
12-22 11:20:38.940  8079 11099 D BluetoothRemoteDevices: Property type: 5
12-22 11:20:38.940  8079 11099 D BluetoothRemoteDevices: BT_PROPERTY_TYPE_OF_DEVICE B8:7C:6F:7E:5C:B0
12-22 11:20:38.951 28881 11959 E MiuiConfigNetConnectController : empty last pop
12-22 11:20:38.951 28881 11959 D MiuiConfigNetConnectController : getDeviceTimes B8:7C:6F:7E:5C:B0
12-22 11:20:38.952 28881 11959 D MiuiConfigNetConnectController : device is in the DeviceBlackList: B8:7C:6F:7E:5C:B0
12-22 11:20:38.979  1192 11175 I vendor.qti.bluetooth@1.0-ibs_handler: ProcessIbsCmd: Received IBS_SLEEP_IND: 0xFE
12-22 11:20:39.049  4496  4496 D MiPlayDetailViewModel: onPositionChange(): position = 78030
12-22 11:20:39.049  9768  3092 I SafeBinderCall: onPositionChange binder cost:0
12-22 11:20:39.082  2027  3285 D libsensor-displayalgo: the value of  brightness:369.000000,R:72860214.577830,G:65146250.472813,B:51682400.910209,EVENT_C:3096.500000,EVENT_R:1222.500000,EVENT_G:1656.000000,EVENT_B:643.500000
12-22 11:20:39.082  2027  3285 I libsensor-displayalgo: the value of  Coef1:1107.681000,Coef4:2.383000, scale1:0.935522, scale4:0.923264
12-22 11:20:39.083  2027  3285 E libsensor-displayalgo: RGB_test_0407_400_oldzy!
12-22 11:20:39.083  2027  3285 I libsensor-displayalgo: the value of  RESULT2524.671819,1032.312958,1221.584384,435.826185
12-22 11:20:39.083  2027  3285 I libsensor-displayalgo: the value of  getChannelDataCalibrated2634.709684,957.991414,1408.840660,471.770926
12-22 11:20:39.083  2027  3285 I libsensor-displayalgo: the value of  REAL LUX19.913467
12-22 11:20:39.084  2027  3285 I libsensor-displayalgo: the value of  CAL REAL LUX19.913467
12-22 11:20:39.122  1251  2448 I vendor.qti.hardware.display.composer-service: FrameNotifyProcess Sensor: notify citsensorservice to trigger cwb
12-22 11:20:39.123  2027  2097 I libcitsensorservice@2.0-impl: msg_transfer
12-22 11:20:39.123  2027  3266 D vendor.xiaomi.sensor.citsensorservice@2.0-service: handle id:10 wxh:1280x2400 uwxuh:1080x2400 size: 9216000 fd:15 fd_meta:16 flags:0x4000228 usage:0x33  format:0x3 layer_count: 1
12-22 11:20:39.123  1251  2216 I SDM     : HWCSession::SetCWBOutputBuffer: CWB config passed by cwb_client : tappoint 1  CWB_ROI : (829.000000 4.000000 915.000000 90.000000)
12-22 11:20:39.124  1251  3802 I SDM     : HWCSession::ProcessRequests: Successfully configured CWB buffer.
12-22 11:20:39.133  1251  3802 I SDM     : HWCSession::ProcessRequests: Pushing release fence in fenece wait queue.
12-22 11:20:39.133  1251  3802 I SDM     : HWCSession::ProcessRequests: Creating AsyncFenceWaits async thread.
12-22 11:20:39.134  1251  3802 I SDM     : HWCSession::ProcessRequests: Remove current CWB request from the pending request queue.
12-22 11:20:39.134  1251  3802 I SDM     : HWCSession::ProcessRequests: No pending cwb requests found in the queue.
12-22 11:20:39.139  1251  1467 I SDM     : HWDeviceDRM::SetupConcurrentWriteback: Tear down the Concurrent Writeback topology
12-22 11:20:39.146  1251  3803 I SDM     : HWCSession::NotifyCWBStatus: Notify the client about buffer status 0.
12-22 11:20:39.147  1251  3803 I SDM     : HWCSession::PerformFenceWaits: Remove current release fence from the pending fence wait queue.
12-22 11:20:39.147  1251  3803 I SDM     : HWCSession::PerformFenceWaits: CWB fence queue is empty. No pending release fence to wait on.
12-22 11:20:39.207  1192 11182 I vendor.qti.bluetooth@1.0-ibs_handler: DeviceSleep: TX Awake, Sending SLEEP_IND
12-22 11:20:39.207  1192 11182 D vendor.qti.bluetooth@1.0-ibs_handler: SerialClockVote: vote for UART CLK OFF
12-22 11:20:39.358  1192 11131 D vendor.qti.bluetooth@1.0-wake_lock: Release wakelock is released
12-22 11:20:39.381  2027  3285 D libsensor-displayalgo: the value of  brightness:369.000000,R:72860214.577830,G:65146250.472813,B:51682400.910209,EVENT_C:3113.000000,EVENT_R:1230.000000,EVENT_G:1664.500000,EVENT_B:648.000000
12-22 11:20:39.381  2027  3285 I libsensor-displayalgo: the value of  Coef1:1107.681000,Coef4:2.383000, scale1:0.935522, scale4:0.923264
12-22 11:20:39.382  2027  3285 E libsensor-displayalgo: RGB_test_0407_400_oldzy!
12-22 11:20:39.382  2027  3285 I libsensor-displayalgo: the value of  RESULT2524.671819,1032.312958,1221.584384,435.826185
12-22 11:20:39.382  2027  3285 I libsensor-displayalgo: the value of  getChannelDataCalibrated2634.709684,957.991414,1408.840660,471.770926
12-22 11:20:39.382  2027  3285 I libsensor-displayalgo: the value of  REAL LUX20.816378
12-22 11:20:39.382  2027  3285 I libsensor-displayalgo: the value of  CAL REAL LUX20.816378
12-22 11:20:39.444  1251  2448 I vendor.qti.hardware.display.composer-service: FrameNotifyProcess Sensor: notify citsensorservice to trigger cwb
12-22 11:20:39.444  2027  2096 I libcitsensorservice@2.0-impl: msg_transfer
12-22 11:20:39.445  2027  3266 D vendor.xiaomi.sensor.citsensorservice@2.0-service: handle id:10 wxh:1280x2400 uwxuh:1080x2400 size: 9216000 fd:15 fd_meta:16 flags:0x4000228 usage:0x33  format:0x3 layer_count: 1
12-22 11:20:39.446  1251  2216 I SDM     : HWCSession::SetCWBOutputBuffer: CWB config passed by cwb_client : tappoint 1  CWB_ROI : (829.000000 4.000000 915.000000 90.000000)
12-22 11:20:39.448  1251  3804 I SDM     : HWCSession::ProcessRequests: Successfully configured CWB buffer.
12-22 11:20:39.455  1251  3804 I SDM     : HWCSession::ProcessRequests: Pushing release fence in fenece wait queue.
12-22 11:20:39.455  1251  3804 I SDM     : HWCSession::ProcessRequests: Creating AsyncFenceWaits async thread.
12-22 11:20:39.456  1251  3804 I SDM     : HWCSession::ProcessRequests: Remove current CWB request from the pending request queue.
12-22 11:20:39.456  1251  3804 I SDM     : HWCSession::ProcessRequests: No pending cwb requests found in the queue.
12-22 11:20:39.460  1251  1467 I SDM     : HWDeviceDRM::SetupConcurrentWriteback: Tear down the Concurrent Writeback topology
12-22 11:20:39.467  1251  3805 I SDM     : HWCSession::NotifyCWBStatus: Notify the client about buffer status 0.
12-22 11:20:39.468  1251  3805 I SDM     : HWCSession::PerformFenceWaits: Remove current release fence from the pending fence wait queue.
12-22 11:20:39.468  1251  3805 I SDM     : HWCSession::PerformFenceWaits: CWB fence queue is empty. No pending release fence to wait on.
12-22 11:20:39.562  9660  9660 D MiuiImsPhoneCallTrackerStubImpl: onReceive : android.net.wifi.RSSI_CHANGED
12-22 11:20:39.563  9660  9660 D MiuiImsPhoneCallTrackerStubImpl: onReceive : android.net.wifi.RSSI_CHANGED
12-22 11:20:39.577  9282  9466 D TAB.NetworkUtils: network onCapabilitiesChanged
12-22 11:20:39.577 32044 32111 D WM-NetworkStateTracker: Network capabilities changed: [ Transports: WIFI Capabilities: NOT_METERED&INTERNET&NOT_RESTRICTED&TRUSTED&NOT_VPN&VALIDATED&NOT_ROAMING&FOREGROUND&NOT_CONGESTED&NOT_SUSPENDED&NOT_VCN_MANAGED LinkUpBandwidth>=68990Kbps LinkDnBandwidth>=71287Kbps TransportInfo: <SSID: <unknown ssid>, BSSID: 02:00:00:00:00:00, MAC: 02:00:00:00:00:00, Security type: 2, Supplicant state: COMPLETED, Wi-Fi standard: 5, RSSI: -65, Link speed: 650Mbps, Tx Link speed: 650Mbps, Max Supported Tx Link speed: 866Mbps, Rx Link speed: 866Mbps, Max Supported Rx Link speed: 866Mbps, Frequency: 5240MHz, Net ID: -1, Metered hint: false, score: 60, CarrierMerged: false, SubscriptionId: -1, IsPrimary: -1> SignalStrength: -65]
12-22 11:20:39.581  4371  5534 D QCNEJ/NativeHalConnector: -> SND notifyDefaultNetworkChanged(1)
12-22 11:20:39.585  5773  8961 I SLM-SRV-SLAService: onCapabilitiesChanged WIFI master
12-22 11:20:39.682  2027  3285 D libsensor-displayalgo: the value of  brightness:369.000000,R:72860214.577830,G:65146250.472813,B:51682400.910209,EVENT_C:3119.000000,EVENT_R:1233.000000,EVENT_G:1665.500000,EVENT_B:649.000000
12-22 11:20:39.682  2027  3285 I libsensor-displayalgo: the value of  Coef1:1107.681000,Coef4:2.383000, scale1:0.935522, scale4:0.923264
12-22 11:20:39.682  2027  3285 E libsensor-displayalgo: RGB_test_0407_400_oldzy!
12-22 11:20:39.683  2027  3285 I libsensor-displayalgo: the value of  RESULT2524.671819,1032.312958,1221.584384,435.826185
12-22 11:20:39.683  2027  3285 I libsensor-displayalgo: the value of  getChannelDataCalibrated2634.709684,957.991414,1408.840660,471.770926
12-22 11:20:39.683  2027  3285 I libsensor-displayalgo: the value of  REAL LUX21.090981
12-22 11:20:39.683  2027  3285 I libsensor-displayalgo: the value of  CAL REAL LUX21.090981
12-22 11:20:39.725 23436 23436 W esthd-24810: type=1400 audit(0.0:119671): avc: granted { nlmsg_readpriv } for scontext=u:r:untrusted_app_27:s0:c512,c768 tcontext=u:r:untrusted_app_27:s0:c512,c768 tclass=netlink_route_socket app=com.xunmeng.pinduoduo
12-22 11:20:39.748  1251  2448 I vendor.qti.hardware.display.composer-service: FrameNotifyProcess Sensor: notify citsensorservice to trigger cwb
12-22 11:20:39.748  2027  2027 I libcitsensorservice@2.0-impl: msg_transfer
12-22 11:20:39.748  2027  3266 D vendor.xiaomi.sensor.citsensorservice@2.0-service: handle id:10 wxh:1280x2400 uwxuh:1080x2400 size: 9216000 fd:15 fd_meta:16 flags:0x4000228 usage:0x33  format:0x3 layer_count: 1
12-22 11:20:39.749  1251  2216 I SDM     : HWCSession::SetCWBOutputBuffer: CWB config passed by cwb_client : tappoint 1  CWB_ROI : (829.000000 4.000000 915.000000 90.000000)
12-22 11:20:39.752  1251  3806 I SDM     : HWCSession::ProcessRequests: Successfully configured CWB buffer.
12-22 11:20:39.753  1953  2016 I mstatdaemon: Entering time loop
12-22 11:20:39.754  1953  2016 I mstatdaemon: t = 1671679239
12-22 11:20:39.754  1953  2016 I mstatdaemon: translated_t = 1355689239
12-22 11:20:39.754  1953  2016 I mstat_log: mstatcommitLog log_alloc() failed
12-22 11:20:39.758  1251  3806 I SDM     : HWCSession::ProcessRequests: Pushing release fence in fenece wait queue.
12-22 11:20:39.759  1251  3806 I SDM     : HWCSession::ProcessRequests: Creating AsyncFenceWaits async thread.
12-22 11:20:39.760  1251  3806 I SDM     : HWCSession::ProcessRequests: Remove current CWB request from the pending request queue.
12-22 11:20:39.760  1251  3806 I SDM     : HWCSession::ProcessRequests: No pending cwb requests found in the queue.
12-22 11:20:39.765  1251  1467 I SDM     : HWDeviceDRM::SetupConcurrentWriteback: Tear down the Concurrent Writeback topology
12-22 11:20:39.772  1251  3809 I SDM     : HWCSession::NotifyCWBStatus: Notify the client about buffer status 0.
12-22 11:20:39.772  1251  3809 I SDM     : HWCSession::PerformFenceWaits: Remove current release fence from the pending fence wait queue.
12-22 11:20:39.772  1251  3809 I SDM     : HWCSession::PerformFenceWaits: CWB fence queue is empty. No pending release fence to wait on.
12-22 11:20:39.821 23436 23436 W esthd-24809: type=1400 audit(0.0:119672): avc: granted { nlmsg_readpriv } for scontext=u:r:untrusted_app_27:s0:c512,c768 tcontext=u:r:untrusted_app_27:s0:c512,c768 tclass=netlink_route_socket app=com.xunmeng.pinduoduo
12-22 11:20:39.821 23436 23436 W esthd-24809: type=1400 audit(0.0:119673): avc: denied { read } for name="drivers" dev="proc" ino=4026531852 scontext=u:r:untrusted_app_27:s0:c512,c768 tcontext=u:object_r:proc_tty_drivers:s0 tclass=file permissive=0 app=com.xunmeng.pinduoduo
12-22 11:20:39.821 23436 23436 W esthd-24809: type=1400 audit(0.0:119674): avc: denied { read } for name="tcp" dev="proc" ino=4026532037 scontext=u:r:untrusted_app_27:s0:c512,c768 tcontext=u:object_r:proc_net_tcp_udp:s0 tclass=file permissive=0 app=com.xunmeng.pinduoduo
12-22 11:20:39.983  2027  3285 D libsensor-displayalgo: the value of  brightness:369.000000,R:71981708.676084,G:64357032.125034,B:51057463.087963,EVENT_C:3093.000000,EVENT_R:1224.500000,EVENT_G:1651.500000,EVENT_B:643.500000
12-22 11:20:39.983  2027  3285 I libsensor-displayalgo: the value of  Coef1:1107.681000,Coef4:2.383000, scale1:0.935522, scale4:0.923264
12-22 11:20:39.983  2027  3285 E libsensor-displayalgo: RGB_test_0407_400_oldzy!
12-22 11:20:39.984  2027  3285 I libsensor-displayalgo: the value of  RESULT2505.706401,1024.075941,1213.194865,432.352352
12-22 11:20:39.984  2027  3285 I libsensor-displayalgo: the value of  getChannelDataCalibrated2614.917658,950.347423,1399.165114,468.010588
12-22 11:20:39.984  2027  3285 I libsensor-displayalgo: the value of  REAL LUX20.629690
12-22 11:20:39.984  2027  3285 I libsensor-displayalgo: the value of  CAL REAL LUX20.629690
12-22 11:20:40.049  9768  3092 I SafeBinderCall: onPositionChange binder cost:0
12-22 11:20:40.050  4496  4496 D MiPlayDetailViewModel: onPositionChange(): position = 79030
12-22 11:20:40.061  1251  2448 I vendor.qti.hardware.display.composer-service: FrameNotifyProcess Sensor: notify citsensorservice to trigger cwb
12-22 11:20:40.061  2027  2097 I libcitsensorservice@2.0-impl: msg_transfer
12-22 11:20:40.062  2027  3266 D vendor.xiaomi.sensor.citsensorservice@2.0-service: handle id:10 wxh:1280x2400 uwxuh:1080x2400 size: 9216000 fd:15 fd_meta:16 flags:0x4000228 usage:0x33  format:0x3 layer_count: 1
12-22 11:20:40.063  1251  2216 I SDM     : HWCSession::SetCWBOutputBuffer: CWB config passed by cwb_client : tappoint 1  CWB_ROI : (829.000000 4.000000 915.000000 90.000000)
12-22 11:20:40.067  1251  3810 I SDM     : HWCSession::ProcessRequests: Successfully configured CWB buffer.
12-22 11:20:40.072  1251  3810 I SDM     : HWCSession::ProcessRequests: Pushing release fence in fenece wait queue.
12-22 11:20:40.073  1251  3810 I SDM     : HWCSession::ProcessRequests: Creating AsyncFenceWaits async thread.
12-22 11:20:40.073  1251  3810 I SDM     : HWCSession::ProcessRequests: Remove current CWB request from the pending request queue.
12-22 11:20:40.074  1251  3810 I SDM     : HWCSession::ProcessRequests: No pending cwb requests found in the queue.
12-22 11:20:40.077  1251  1467 I SDM     : HWDeviceDRM::SetupConcurrentWriteback: Tear down the Concurrent Writeback topology
12-22 11:20:40.085  1251  3811 I SDM     : HWCSession::NotifyCWBStatus: Notify the client about buffer status 0.
12-22 11:20:40.085  1251  3811 I SDM     : HWCSession::PerformFenceWaits: Remove current release fence from the pending fence wait queue.
12-22 11:20:40.085  1251  3811 I SDM     : HWCSession::PerformFenceWaits: CWB fence queue is empty. No pending release fence to wait on.
12-22 11:20:40.262  2475  2484 I system_server: This is non sticky GC, maxfree is 8388608 minfree is 2097152
12-22 11:20:40.262  2475  2484 I system_server: Background concurrent copying GC freed 352661(20MB) AllocSpace objects, 65(3748KB) LOS objects, 23% free, 79MB/103MB, paused 80us,75us total 178.155ms
12-22 11:20:40.281  2027  3285 D libsensor-displayalgo: the value of  brightness:369.000000,R:71981708.676084,G:64357032.125034,B:51057463.087963,EVENT_C:3089.000000,EVENT_R:1223.000000,EVENT_G:1652.000000,EVENT_B:643.500000
12-22 11:20:40.281  2027  3285 I libsensor-displayalgo: the value of  Coef1:1107.681000,Coef4:2.383000, scale1:0.935522, scale4:0.923264
12-22 11:20:40.281  2027  3285 E libsensor-displayalgo: RGB_test_0407_400_oldzy!
12-22 11:20:40.281  2027  3285 I libsensor-displayalgo: the value of  RESULT2505.706401,1024.075941,1213.194865,432.352352
12-22 11:20:40.281  2027  3285 I libsensor-displayalgo: the value of  getChannelDataCalibrated2614.917658,950.347423,1399.165114,468.010588
12-22 11:20:40.281  2027  3285 I libsensor-displayalgo: the value of  REAL LUX20.426691
12-22 11:20:40.281  2027  3285 I libsensor-displayalgo: the value of  CAL REAL LUX20.426691
12-22 11:20:40.281  2475  2486 W System  : A resource failed to call close.
12-22 11:20:40.300  1192 11175 I vendor.qti.bluetooth@1.0-ibs_handler: ProcessIbsCmd: Received IBS_WAKE_IND: 0xFD
12-22 11:20:40.300  1192 11175 D vendor.qti.bluetooth@1.0-ibs_handler: SerialClockVote: vote for UART CLK ON
12-22 11:20:40.300  1192 11175 D vendor.qti.bluetooth@1.0-wake_lock: Acquire wakelock is acquired
12-22 11:20:40.300  1192 11175 I vendor.qti.bluetooth@1.0-ibs_handler: ProcessIbsCmd: Writing IBS_WAKE_ACK
12-22 11:20:40.311 28881 11959 E MiuiConfigNetConnectController : empty last pop
12-22 11:20:40.311 28881 11959 D MiuiConfigNetConnectController : getDeviceTimes B8:7C:6F:7E:5C:B0
12-22 11:20:40.311 28881 11959 D MiuiConfigNetConnectController : device is in the DeviceBlackList: B8:7C:6F:7E:5C:B0
12-22 11:20:40.342  1192 11175 I vendor.qti.bluetooth@1.0-ibs_handler: ProcessIbsCmd: Received IBS_SLEEP_IND: 0xFE
12-22 11:20:40.342  1192 11175 D vendor.qti.bluetooth@1.0-ibs_handler: SerialClockVote: vote for UART CLK OFF
12-22 11:20:40.366  1251  2448 I vendor.qti.hardware.display.composer-service: FrameNotifyProcess Sensor: notify citsensorservice to trigger cwb
12-22 11:20:40.366  2027  2097 I libcitsensorservice@2.0-impl: msg_transfer
12-22 11:20:40.367  2027  3266 D vendor.xiaomi.sensor.citsensorservice@2.0-service: handle id:10 wxh:1280x2400 uwxuh:1080x2400 size: 9216000 fd:15 fd_meta:16 flags:0x4000228 usage:0x33  format:0x3 layer_count: 1
12-22 11:20:40.367  1251  2216 I SDM     : HWCSession::SetCWBOutputBuffer: CWB config passed by cwb_client : tappoint 1  CWB_ROI : (829.000000 4.000000 915.000000 90.000000)
12-22 11:20:40.368  1251  3814 I SDM     : HWCSession::ProcessRequests: Successfully configured CWB buffer.
12-22 11:20:40.376  1251  3814 I SDM     : HWCSession::ProcessRequests: Pushing release fence in fenece wait queue.
12-22 11:20:40.376  1251  3814 I SDM     : HWCSession::ProcessRequests: Creating AsyncFenceWaits async thread.
12-22 11:20:40.377  1251  3814 I SDM     : HWCSession::ProcessRequests: Remove current CWB request from the pending request queue.
12-22 11:20:40.377  1251  3814 I SDM     : HWCSession::ProcessRequests: No pending cwb requests found in the queue.
12-22 11:20:40.382  1251  1467 I SDM     : HWDeviceDRM::SetupConcurrentWriteback: Tear down the Concurrent Writeback topology
12-22 11:20:40.389  1251  3815 I SDM     : HWCSession::NotifyCWBStatus: Notify the client about buffer status 0.
12-22 11:20:40.390  1251  3815 I SDM     : HWCSession::PerformFenceWaits: Remove current release fence from the pending fence wait queue.
12-22 11:20:40.390  1251  3815 I SDM     : HWCSession::PerformFenceWaits: CWB fence queue is empty. No pending release fence to wait on.
12-22 11:20:40.492  1192 11131 D vendor.qti.bluetooth@1.0-wake_lock: Release wakelock is released
12-22 11:20:40.679  1251  2448 I vendor.qti.hardware.display.composer-service: FrameNotifyProcess Sensor: notify citsensorservice to trigger cwb
12-22 11:20:40.682  2027  3285 D libsensor-displayalgo: the value of  brightness:369.000000,R:71981708.676084,G:64357032.125034,B:51057463.087963,EVENT_C:3104.000000,EVENT_R:1227.500000,EVENT_G:1658.000000,EVENT_B:646.000000
12-22 11:20:40.683  2027  3285 I libsensor-displayalgo: the value of  Coef1:1107.681000,Coef4:2.383000, scale1:0.935522, scale4:0.923264
12-22 11:20:40.683  2027  3285 E libsensor-displayalgo: RGB_test_0407_400_oldzy!
12-22 11:20:40.683  2027  3285 I libsensor-displayalgo: the value of  RESULT2505.706401,1024.075941,1213.194865,432.352352
12-22 11:20:40.683  2027  3285 I libsensor-displayalgo: the value of  getChannelDataCalibrated2614.917658,950.347423,1399.165114,468.010588
12-22 11:20:40.683  2027  3285 I libsensor-displayalgo: the value of  REAL LUX21.385565
12-22 11:20:40.683  2027  3285 I libsensor-displayalgo: the value of  CAL REAL LUX21.385565
12-22 11:20:40.683  2027  2096 I libcitsensorservice@2.0-impl: msg_transfer
12-22 11:20:40.684  2027  3266 D vendor.xiaomi.sensor.citsensorservice@2.0-service: handle id:10 wxh:1280x2400 uwxuh:1080x2400 size: 9216000 fd:15 fd_meta:16 flags:0x4000228 usage:0x33  format:0x3 layer_count: 1
12-22 11:20:40.684  1251  2216 I SDM     : HWCSession::SetCWBOutputBuffer: CWB config passed by cwb_client : tappoint 1  CWB_ROI : (829.000000 4.000000 915.000000 90.000000)
12-22 11:20:40.685  1251  3816 I SDM     : HWCSession::ProcessRequests: Successfully configured CWB buffer.
12-22 11:20:40.690  1251  3816 I SDM     : HWCSession::ProcessRequests: Pushing release fence in fenece wait queue.
12-22 11:20:40.690  1251  3816 I SDM     : HWCSession::ProcessRequests: Creating AsyncFenceWaits async thread.
12-22 11:20:40.694  1251  3816 I SDM     : HWCSession::ProcessRequests: Remove current CWB request from the pending request queue.
12-22 11:20:40.695  1251  3816 I SDM     : HWCSession::ProcessRequests: No pending cwb requests found in the queue.
12-22 11:20:40.696  1251  1467 I SDM     : HWDeviceDRM::SetupConcurrentWriteback: Tear down the Concurrent Writeback topology
12-22 11:20:40.703  1251  3817 I SDM     : HWCSession::NotifyCWBStatus: Notify the client about buffer status 0.
12-22 11:20:40.704  1251  3817 I SDM     : HWCSession::PerformFenceWaits: Remove current release fence from the pending fence wait queue.
12-22 11:20:40.704  1251  3817 I SDM     : HWCSession::PerformFenceWaits: CWB fence queue is empty. No pending release fence to wait on.
12-22 11:20:40.982  2027  3285 D libsensor-displayalgo: the value of  brightness:369.000000,R:71981708.676084,G:64357032.125034,B:51057463.087963,EVENT_C:3108.000000,EVENT_R:1229.500000,EVENT_G:1660.500000,EVENT_B:646.500000
12-22 11:20:40.982  2027  3285 I libsensor-displayalgo: the value of  Coef1:1107.681000,Coef4:2.383000, scale1:0.935522, scale4:0.923264
12-22 11:20:40.982  2027  3285 E libsensor-displayalgo: RGB_test_0407_400_oldzy!
12-22 11:20:40.982  2027  3285 I libsensor-displayalgo: the value of  RESULT2505.706401,1024.075941,1213.194865,432.352352
12-22 11:20:40.982  2027  3285 I libsensor-displayalgo: the value of  getChannelDataCalibrated2614.917658,950.347423,1399.165114,468.010588
12-22 11:20:40.982  2027  3285 I libsensor-displayalgo: the value of  REAL LUX21.665598
12-22 11:20:40.982  2027  3285 I libsensor-displayalgo: the value of  CAL REAL LUX21.665598
12-22 11:20:40.985  1251  2448 I vendor.qti.hardware.display.composer-service: FrameNotifyProcess Sensor: notify citsensorservice to trigger cwb
12-22 11:20:40.985  2027  2096 I libcitsensorservice@2.0-impl: msg_transfer
12-22 11:20:40.986  2027  3266 D vendor.xiaomi.sensor.citsensorservice@2.0-service: handle id:10 wxh:1280x2400 uwxuh:1080x2400 size: 9216000 fd:15 fd_meta:16 flags:0x4000228 usage:0x33  format:0x3 layer_count: 1
12-22 11:20:40.986  1251  2216 I SDM     : HWCSession::SetCWBOutputBuffer: CWB config passed by cwb_client : tappoint 1  CWB_ROI : (829.000000 4.000000 915.000000 90.000000)
12-22 11:20:40.988  1251  3818 I SDM     : HWCSession::ProcessRequests: Successfully configured CWB buffer.
12-22 11:20:40.995  1251  3818 I SDM     : HWCSession::ProcessRequests: Pushing release fence in fenece wait queue.
12-22 11:20:40.995  1251  3818 I SDM     : HWCSession::ProcessRequests: Creating AsyncFenceWaits async thread.
12-22 11:20:40.995  1251  3818 I SDM     : HWCSession::ProcessRequests: Remove current CWB request from the pending request queue.
12-22 11:20:40.995  1251  3818 I SDM     : HWCSession::ProcessRequests: No pending cwb requests found in the queue.
12-22 11:20:41.000  1251  1467 I SDM     : HWDeviceDRM::SetupConcurrentWriteback: Tear down the Concurrent Writeback topology
12-22 11:20:41.007  1251  3819 I SDM     : HWCSession::NotifyCWBStatus: Notify the client about buffer status 0.
12-22 11:20:41.007  1251  3819 I SDM     : HWCSession::PerformFenceWaits: Remove current release fence from the pending fence wait queue.
12-22 11:20:41.007  1251  3819 I SDM     : HWCSession::PerformFenceWaits: CWB fence queue is empty. No pending release fence to wait on.
12-22 11:20:41.049  4496  4496 D MiPlayDetailViewModel: onPositionChange(): position = 80030
12-22 11:20:41.049  9768  3092 I SafeBinderCall: onPositionChange binder cost:1
12-22 11:20:41.282  2027  3285 D libsensor-displayalgo: the value of  brightness:369.000000,R:71981708.676084,G:64357032.125034,B:51057463.087963,EVENT_C:3109.000000,EVENT_R:1231.000000,EVENT_G:1662.500000,EVENT_B:648.500000
12-22 11:20:41.282  2027  3285 I libsensor-displayalgo: the value of  Coef1:1107.681000,Coef4:2.383000, scale1:0.935522, scale4:0.923264
12-22 11:20:41.282  2027  3285 E libsensor-displayalgo: RGB_test_0407_400_oldzy!
12-22 11:20:41.283  2027  3285 I libsensor-displayalgo: the value of  RESULT2505.706401,1024.075941,1213.194865,432.352352
12-22 11:20:41.283  2027  3285 I libsensor-displayalgo: the value of  getChannelDataCalibrated2614.917658,950.347423,1399.165114,468.010588
12-22 11:20:41.283  2027  3285 I libsensor-displayalgo: the value of  REAL LUX21.608143
12-22 11:20:41.283  2027  3285 I libsensor-displayalgo: the value of  CAL REAL LUX21.608143
12-22 11:20:41.321  1251  2448 I vendor.qti.hardware.display.composer-service: FrameNotifyProcess Sensor: notify citsensorservice to trigger cwb
12-22 11:20:41.322  2027  2027 I libcitsensorservice@2.0-impl: msg_transfer
12-22 11:20:41.323  2027  3266 D vendor.xiaomi.sensor.citsensorservice@2.0-service: handle id:10 wxh:1280x2400 uwxuh:1080x2400 size: 9216000 fd:15 fd_meta:16 flags:0x4000228 usage:0x33  format:0x3 layer_count: 1
12-22 11:20:41.323  1251  2216 I SDM     : HWCSession::SetCWBOutputBuffer: CWB config passed by cwb_client : tappoint 1  CWB_ROI : (829.000000 4.000000 915.000000 90.000000)
12-22 11:20:41.327  1251  3820 I SDM     : HWCSession::ProcessRequests: Successfully configured CWB buffer.
12-22 11:20:41.339  1251  3820 I SDM     : HWCSession::ProcessRequests: Pushing release fence in fenece wait queue.
12-22 11:20:41.339  1251  3820 I SDM     : HWCSession::ProcessRequests: Creating AsyncFenceWaits async thread.
12-22 11:20:41.339  1251  3820 I SDM     : HWCSession::ProcessRequests: Remove current CWB request from the pending request queue.
12-22 11:20:41.340  1251  3820 I SDM     : HWCSession::ProcessRequests: No pending cwb requests found in the queue.
12-22 11:20:41.345  1251  1467 I SDM     : HWDeviceDRM::SetupConcurrentWriteback: Tear down the Concurrent Writeback topology
12-22 11:20:41.352  1251  3821 I SDM     : HWCSession::NotifyCWBStatus: Notify the client about buffer status 0.
12-22 11:20:41.353  1251  3821 I SDM     : HWCSession::PerformFenceWaits: Remove current release fence from the pending fence wait queue.
12-22 11:20:41.353  1251  3821 I SDM     : HWCSession::PerformFenceWaits: CWB fence queue is empty. No pending release fence to wait on.
12-22 11:20:41.581  2027  3285 D libsensor-displayalgo: the value of  brightness:369.000000,R:71981708.676084,G:64357032.125034,B:51057463.087963,EVENT_C:3093.500000,EVENT_R:1224.500000,EVENT_G:1652.000000,EVENT_B:644.000000
12-22 11:20:41.582  2027  3285 I libsensor-displayalgo: the value of  Coef1:1107.681000,Coef4:2.383000, scale1:0.935522, scale4:0.923264
12-22 11:20:41.582  2027  3285 E libsensor-displayalgo: RGB_test_0407_400_oldzy!
12-22 11:20:41.582  2027  3285 I libsensor-displayalgo: the value of  RESULT2505.706401,1024.075941,1213.194865,432.352352
12-22 11:20:41.582  2027  3285 I libsensor-displayalgo: the value of  getChannelDataCalibrated2614.917658,950.347423,1399.165114,468.010588
12-22 11:20:41.582  2027  3285 I libsensor-displayalgo: the value of  REAL LUX20.647110
12-22 11:20:41.582  2027  3285 I libsensor-displayalgo: the value of  CAL REAL LUX20.647110
12-22 11:20:41.615  2475  3040 I BatteryService: current mPlugType2current mHealthInfo.batteryLevel28current mHealthInfo.batteryTemperature289
12-22 11:20:41.623  6171  6171 I BatteryInfoReceiver: ACTION_BATTERY_CHANGED
12-22 11:20:41.624  6206  7182 D ThermalIECHandler: storeDataStyle: thermal_iec_monitor_persistence_data_style_iec_state; startIECTime: -1; IECScreenOffOverPeriodTime: 1410825231
12-22 11:20:41.625  6171  6171 I PowerNoticeUI: handleBatteryChanged oldPlugType 2 mPlugType 2 oldBatteryLevel 28 mBatteryLevel 28 temperature 289
12-22 11:20:41.625  9660  9660 D DynamicService:  ACTION_BATTERY_CHANGED change,USB plug = 2
12-22 11:20:41.625  6206  6950 D PowerKeeper.FrozenApp: onBatteryChanged plug=true mBatteryPlugged=2
12-22 11:20:41.627  6206  7192 D PowerKeeper.Thermal: mBatteryTemperature: 28
12-22 11:20:41.627  6206  7099 D PowerCheckerService: onBatteryChanged, mBatteryLevel = 28, status = 2, level = 28, plug = 2, scale = 100
12-22 11:20:41.628  4453  4453 V DeviceStatisticsService: chargerType=2 batteryLevel=28 totalBatteryCapacity=4207100
12-22 11:20:41.628  4453  4453 D DeviceInfoHidlClient: isRadioOn()=true
12-22 11:20:41.628  4453  4453 I DeviceInfoHidlClient: isPowerInfoNeverSent=false batteryLevel=28 batteryLevelIndex=3 chargingMode=2 totalCapacity=4207100 powerSaveMode=false
12-22 11:20:41.630  4409  4409 D QtiCarrierConfigHelper: WARNING, no carrier configs on phone Id: 1
12-22 11:20:41.631  6171  8555 I android_os_HwBinder: HwBinder: Starting thread pool for getting: vendor.xiaomi.hardware.micharge@1.0::IMiCharge/default
12-22 11:20:41.636  1344 28451 I vendor.xiaomi.hardware.micharge@1.0-service: ReadFilePathValue path = /sys/class/qcom-battery/night_charging value = 0
12-22 11:20:41.637  6171  8555 I ChargeProtectionUtils: getNightChargingState: 0
12-22 11:20:41.657  6206  6217 I iui.powerkeepe: This is non sticky GC, maxfree is 8388608 minfree is 2097152
12-22 11:20:41.658  1251  2448 I vendor.qti.hardware.display.composer-service: FrameNotifyProcess Sensor: notify citsensorservice to trigger cwb
12-22 11:20:41.658  2027  2097 I libcitsensorservice@2.0-impl: msg_transfer
12-22 11:20:41.658  2027  3266 D vendor.xiaomi.sensor.citsensorservice@2.0-service: handle id:10 wxh:1280x2400 uwxuh:1080x2400 size: 9216000 fd:15 fd_meta:16 flags:0x4000228 usage:0x33  format:0x3 layer_count: 1
12-22 11:20:41.658  1251  2216 I SDM     : HWCSession::SetCWBOutputBuffer: CWB config passed by cwb_client : tappoint 1  CWB_ROI : (829.000000 4.000000 915.000000 90.000000)
12-22 11:20:41.660  1251  3822 I SDM     : HWCSession::ProcessRequests: Successfully configured CWB buffer.
12-22 11:20:41.668  1251  3822 I SDM     : HWCSession::ProcessRequests: Pushing release fence in fenece wait queue.
12-22 11:20:41.668  1251  3822 I SDM     : HWCSession::ProcessRequests: Creating AsyncFenceWaits async thread.
12-22 11:20:41.668  1251  3822 I SDM     : HWCSession::ProcessRequests: Remove current CWB request from the pending request queue.
12-22 11:20:41.668  1251  3822 I SDM     : HWCSession::ProcessRequests: No pending cwb requests found in the queue.
12-22 11:20:41.674  1251  1467 I SDM     : HWDeviceDRM::SetupConcurrentWriteback: Tear down the Concurrent Writeback topology
12-22 11:20:41.682  1251  3823 I SDM     : HWCSession::NotifyCWBStatus: Notify the client about buffer status 0.
12-22 11:20:41.682  1251  3823 I SDM     : HWCSession::PerformFenceWaits: Remove current release fence from the pending fence wait queue.
12-22 11:20:41.682  1251  3823 I SDM     : HWCSession::PerformFenceWaits: CWB fence queue is empty. No pending release fence to wait on.
12-22 11:20:41.882  2027  3285 D libsensor-displayalgo: the value of  brightness:369.000000,R:71981708.676084,G:64357032.125034,B:51057463.087963,EVENT_C:3090.000000,EVENT_R:1224.500000,EVENT_G:1652.500000,EVENT_B:643.500000
12-22 11:20:41.882  2027  3285 I libsensor-displayalgo: the value of  Coef1:1107.681000,Coef4:2.383000, scale1:0.935522, scale4:0.923264
12-22 11:20:41.883  2027  3285 E libsensor-displayalgo: RGB_test_0407_400_oldzy!
12-22 11:20:41.883  2027  3285 I libsensor-displayalgo: the value of  RESULT2505.706401,1024.075941,1213.194865,432.352352
12-22 11:20:41.883  2027  3285 I libsensor-displayalgo: the value of  getChannelDataCalibrated2614.917658,950.347423,1399.165114,468.010588
12-22 11:20:41.883  2027  3285 I libsensor-displayalgo: the value of  REAL LUX20.463465
12-22 11:20:41.883  2027  3285 I libsensor-displayalgo: the value of  CAL REAL LUX20.463465
12-22 11:20:41.971  1251  2448 I vendor.qti.hardware.display.composer-service: FrameNotifyProcess Sensor: notify citsensorservice to trigger cwb
12-22 11:20:41.972  2027  2097 I libcitsensorservice@2.0-impl: msg_transfer
12-22 11:20:41.972  2027  3266 D vendor.xiaomi.sensor.citsensorservice@2.0-service: handle id:10 wxh:1280x2400 uwxuh:1080x2400 size: 9216000 fd:15 fd_meta:16 flags:0x4000228 usage:0x33  format:0x3 layer_count: 1
12-22 11:20:41.973  1251  2216 I SDM     : HWCSession::SetCWBOutputBuffer: CWB config passed by cwb_client : tappoint 1  CWB_ROI : (829.000000 4.000000 915.000000 90.000000)
12-22 11:20:41.973  1251  3826 I SDM     : HWCSession::ProcessRequests: Successfully configured CWB buffer.
12-22 11:20:41.981  1251  3826 I SDM     : HWCSession::ProcessRequests: Pushing release fence in fenece wait queue.
12-22 11:20:41.981  1251  3826 I SDM     : HWCSession::ProcessRequests: Creating AsyncFenceWaits async thread.
12-22 11:20:41.981  1251  3826 I SDM     : HWCSession::ProcessRequests: Remove current CWB request from the pending request queue.
12-22 11:20:41.982  1251  3826 I SDM     : HWCSession::ProcessRequests: No pending cwb requests found in the queue.
12-22 11:20:41.988  1251  1467 I SDM     : HWDeviceDRM::SetupConcurrentWriteback: Tear down the Concurrent Writeback topology
12-22 11:20:41.995  1251  3827 I SDM     : HWCSession::NotifyCWBStatus: Notify the client about buffer status 0.
12-22 11:20:41.995  1251  3827 I SDM     : HWCSession::PerformFenceWaits: Remove current release fence from the pending fence wait queue.
12-22 11:20:41.995  1251  3827 I SDM     : HWCSession::PerformFenceWaits: CWB fence queue is empty. No pending release fence to wait on.
12-22 11:20:42.049  4496  4496 D MiPlayDetailViewModel: onPositionChange(): position = 81030
12-22 11:20:42.049  9768  3092 I SafeBinderCall: onPositionChange binder cost:0
12-22 11:20:42.282  2027  3285 D libsensor-displayalgo: the value of  brightness:369.000000,R:71981708.676084,G:64357032.125034,B:51057463.087963,EVENT_C:3098.500000,EVENT_R:1225.500000,EVENT_G:1656.000000,EVENT_B:645.000000
12-22 11:20:42.282  2027  3285 I libsensor-displayalgo: the value of  Coef1:1107.681000,Coef4:2.383000, scale1:0.935522, scale4:0.923264
12-22 11:20:42.282  2027  3285 E libsensor-displayalgo: RGB_test_0407_400_oldzy!
12-22 11:20:42.282  2027  3285 I libsensor-displayalgo: the value of  RESULT2505.706401,1024.075941,1213.194865,432.352352
12-22 11:20:42.282  2027  3285 I libsensor-displayalgo: the value of  getChannelDataCalibrated2614.917658,950.347423,1399.165114,468.010588
12-22 11:20:42.282  2027  3285 I libsensor-displayalgo: the value of  REAL LUX21.063044
12-22 11:20:42.283  2027  3285 I libsensor-displayalgo: the value of  CAL REAL LUX21.063044
12-22 11:20:42.284  1251  2448 I vendor.qti.hardware.display.composer-service: FrameNotifyProcess Sensor: notify citsensorservice to trigger cwb
12-22 11:20:42.284  2027  2097 I libcitsensorservice@2.0-impl: msg_transfer
12-22 11:20:42.286  2027  3266 D vendor.xiaomi.sensor.citsensorservice@2.0-service: handle id:10 wxh:1280x2400 uwxuh:1080x2400 size: 9216000 fd:15 fd_meta:16 flags:0x4000228 usage:0x33  format:0x3 layer_count: 1
12-22 11:20:42.286  1251  2216 I SDM     : HWCSession::SetCWBOutputBuffer: CWB config passed by cwb_client : tappoint 1  CWB_ROI : (829.000000 4.000000 915.000000 90.000000)
12-22 11:20:42.289  1251  3845 I SDM     : HWCSession::ProcessRequests: Successfully configured CWB buffer.
12-22 11:20:42.295  1251  3845 I SDM     : HWCSession::ProcessRequests: Pushing release fence in fenece wait queue.
12-22 11:20:42.295  1251  3845 I SDM     : HWCSession::ProcessRequests: Creating AsyncFenceWaits async thread.
12-22 11:20:42.295  1251  3845 I SDM     : HWCSession::ProcessRequests: Remove current CWB request from the pending request queue.
12-22 11:20:42.296  1251  3845 I SDM     : HWCSession::ProcessRequests: No pending cwb requests found in the queue.
12-22 11:20:42.300  1251  1467 I SDM     : HWDeviceDRM::SetupConcurrentWriteback: Tear down the Concurrent Writeback topology
12-22 11:20:42.307  1251  3846 I SDM     : HWCSession::NotifyCWBStatus: Notify the client about buffer status 0.
12-22 11:20:42.308  1251  3846 I SDM     : HWCSession::PerformFenceWaits: Remove current release fence from the pending fence wait queue.
12-22 11:20:42.308  1251  3846 I SDM     : HWCSession::PerformFenceWaits: CWB fence queue is empty. No pending release fence to wait on.
12-22 11:20:42.332 27325  3077 D AudioTrack: [audioTrackData][fine] 20s(f:20002 m:238 s:877 k:0) : pid 27325 uid 10269 sessionId 7265 sr 44100 ch 2 fmt 1
12-22 11:20:42.489   693   693 I servicemanager: Since 'apexservice' could not be found, trying to start it as a lazy AIDL service
12-22 11:20:42.525   693   693 I BpBinder: onLastStrongRef automatically unlinking death recipients: <uncached descriptor>
12-22 11:20:42.526   693   693 I servicemanager: Tried to unregister apexservice, but there is about to be a client.
12-22 11:20:42.555 13055 13378 D WorkerThreadMonitor: Kill MSF check result[ senderSize:0,sendInterval:18077,receiveInterval=26711,addCmdCount=150
12-22 11:20:42.583  2027  3285 D libsensor-displayalgo: the value of  brightness:369.000000,R:71981708.676084,G:64357032.125034,B:51057463.087963,EVENT_C:3093.500000,EVENT_R:1225.000000,EVENT_G:1654.500000,EVENT_B:644.000000
12-22 11:20:42.583  2027  3285 I libsensor-displayalgo: the value of  Coef1:1107.681000,Coef4:2.383000, scale1:0.935522, scale4:0.923264
12-22 11:20:42.583  2027  3285 E libsensor-displayalgo: RGB_test_0407_400_oldzy!
12-22 11:20:42.584  2027  3285 I libsensor-displayalgo: the value of  RESULT2505.706401,1024.075941,1213.194865,432.352352
12-22 11:20:42.584  2027  3285 I libsensor-displayalgo: the value of  getChannelDataCalibrated2614.917658,950.347423,1399.165114,468.010588
12-22 11:20:42.584  2027  3285 I libsensor-displayalgo: the value of  REAL LUX20.742006
12-22 11:20:42.584  2027  3285 I libsensor-displayalgo: the value of  CAL REAL LUX20.742006
12-22 11:20:42.593  9660  9660 D MiuiImsPhoneCallTrackerStubImpl: onReceive : android.net.wifi.RSSI_CHANGED
12-22 11:20:42.593  9660  9660 D MiuiImsPhoneCallTrackerStubImpl: onReceive : android.net.wifi.RSSI_CHANGED
12-22 11:20:42.596  1251  2448 I vendor.qti.hardware.display.composer-service: FrameNotifyProcess Sensor: notify citsensorservice to trigger cwb
12-22 11:20:42.596  2027  2096 I libcitsensorservice@2.0-impl: msg_transfer
12-22 11:20:42.597  2027  3266 D vendor.xiaomi.sensor.citsensorservice@2.0-service: handle id:10 wxh:1280x2400 uwxuh:1080x2400 size: 9216000 fd:15 fd_meta:16 flags:0x4000228 usage:0x33  format:0x3 layer_count: 1
12-22 11:20:42.598  1251  2216 I SDM     : HWCSession::SetCWBOutputBuffer: CWB config passed by cwb_client : tappoint 1  CWB_ROI : (829.000000 4.000000 915.000000 90.000000)
12-22 11:20:42.600  1251  3858 I SDM     : HWCSession::ProcessRequests: Successfully configured CWB buffer.
12-22 11:20:42.601  4371  5534 D QCNEJ/NativeHalConnector: -> SND notifyDefaultNetworkChanged(1)
12-22 11:20:42.603  9282  9466 D TAB.NetworkUtils: network onCapabilitiesChanged
12-22 11:20:42.606  1251  3858 I SDM     : HWCSession::ProcessRequests: Pushing release fence in fenece wait queue.
12-22 11:20:42.606  1251  3858 I SDM     : HWCSession::ProcessRequests: Creating AsyncFenceWaits async thread.
12-22 11:20:42.607  1251  3858 I SDM     : HWCSession::ProcessRequests: Remove current CWB request from the pending request queue.
12-22 11:20:42.607  1251  3858 I SDM     : HWCSession::ProcessRequests: No pending cwb requests found in the queue.
12-22 11:20:42.608  5773  8961 I SLM-SRV-SLAService: onCapabilitiesChanged WIFI master
12-22 11:20:42.609 32044 32111 D WM-NetworkStateTracker: Network capabilities changed: [ Transports: WIFI Capabilities: NOT_METERED&INTERNET&NOT_RESTRICTED&TRUSTED&NOT_VPN&VALIDATED&NOT_ROAMING&FOREGROUND&NOT_CONGESTED&NOT_SUSPENDED&NOT_VCN_MANAGED LinkUpBandwidth>=68990Kbps LinkDnBandwidth>=71287Kbps TransportInfo: <SSID: <unknown ssid>, BSSID: 02:00:00:00:00:00, MAC: 02:00:00:00:00:00, Security type: 2, Supplicant state: COMPLETED, Wi-Fi standard: 5, RSSI: -66, Link speed: 650Mbps, Tx Link speed: 650Mbps, Max Supported Tx Link speed: 866Mbps, Rx Link speed: 866Mbps, Max Supported Rx Link speed: 866Mbps, Frequency: 5240MHz, Net ID: -1, Metered hint: false, score: 60, CarrierMerged: false, SubscriptionId: -1, IsPrimary: -1> SignalStrength: -66]
12-22 11:20:42.613  1251  1467 I SDM     : HWDeviceDRM::SetupConcurrentWriteback: Tear down the Concurrent Writeback topology
12-22 11:20:42.620  1251  3860 I SDM     : HWCSession::NotifyCWBStatus: Notify the client about buffer status 0.
12-22 11:20:42.621  1251  3860 I SDM     : HWCSession::PerformFenceWaits: Remove current release fence from the pending fence wait queue.
12-22 11:20:42.621  1251  3860 I SDM     : HWCSession::PerformFenceWaits: CWB fence queue is empty. No pending release fence to wait on.
12-22 11:20:42.883  2027  3285 D libsensor-displayalgo: the value of  brightness:369.000000,R:71981708.676084,G:64357032.125034,B:51057463.087963,EVENT_C:3117.500000,EVENT_R:1232.000000,EVENT_G:1667.000000,EVENT_B:648.000000
12-22 11:20:42.883  2027  3285 I libsensor-displayalgo: the value of  Coef1:1107.681000,Coef4:2.383000, scale1:0.935522, scale4:0.923264
12-22 11:20:42.883  2027  3285 E libsensor-displayalgo: RGB_test_0407_400_oldzy!
12-22 11:20:42.884  2027  3285 I libsensor-displayalgo: the value of  RESULT2505.706401,1024.075941,1213.194865,432.352352
12-22 11:20:42.884  2027  3285 I libsensor-displayalgo: the value of  getChannelDataCalibrated2614.917658,950.347423,1399.165114,468.010588
12-22 11:20:42.884  2027  3285 I libsensor-displayalgo: the value of  REAL LUX22.415699
12-22 11:20:42.884  2027  3285 I libsensor-displayalgo: the value of  CAL REAL LUX22.415699
12-22 11:20:42.901  1251  2448 I vendor.qti.hardware.display.composer-service: FrameNotifyProcess Sensor: notify citsensorservice to trigger cwb
12-22 11:20:42.901  2027  2096 I libcitsensorservice@2.0-impl: msg_transfer
12-22 11:20:42.902  2027  3266 D vendor.xiaomi.sensor.citsensorservice@2.0-service: handle id:10 wxh:1280x2400 uwxuh:1080x2400 size: 9216000 fd:15 fd_meta:16 flags:0x4000228 usage:0x33  format:0x3 layer_count: 1
12-22 11:20:42.902  1251  2216 I SDM     : HWCSession::SetCWBOutputBuffer: CWB config passed by cwb_client : tappoint 1  CWB_ROI : (829.000000 4.000000 915.000000 90.000000)
12-22 11:20:42.905  1251  3870 I SDM     : HWCSession::ProcessRequests: Successfully configured CWB buffer.
12-22 11:20:42.912  1251  3870 I SDM     : HWCSession::ProcessRequests: Pushing release fence in fenece wait queue.
12-22 11:20:42.912  1251  3870 I SDM     : HWCSession::ProcessRequests: Creating AsyncFenceWaits async thread.
12-22 11:20:42.912  1251  3870 I SDM     : HWCSession::ProcessRequests: Remove current CWB request from the pending request queue.
12-22 11:20:42.913  1251  3870 I SDM     : HWCSession::ProcessRequests: No pending cwb requests found in the queue.
12-22 11:20:42.917  1251  1467 I SDM     : HWDeviceDRM::SetupConcurrentWriteback: Tear down the Concurrent Writeback topology
12-22 11:20:42.925  1251  3871 I SDM     : HWCSession::NotifyCWBStatus: Notify the client about buffer status 0.
12-22 11:20:42.925  1251  3871 I SDM     : HWCSession::PerformFenceWaits: Remove current release fence from the pending fence wait queue.
12-22 11:20:42.925  1251  3871 I SDM     : HWCSession::PerformFenceWaits: CWB fence queue is empty. No pending release fence to wait on.
12-22 11:20:43.050  9768  3092 I SafeBinderCall: onPositionChange binder cost:2
