11-14 18:10:54.637 10242 15424 I ChargeProtectionUtils: getNightChargingState: 0
11-14 18:10:54.638   972   972 I vendor.xiaomi.hardware.micharge@1.0-service: ReadFilePathValue path = /sys/class/power_supply/wireless/reverse_chg_mode value = 0
11-14 18:10:54.641  1850  2393 I android_os_HwBinder: HwBinder: Starting thread pool for getting: vendor.xiaomi.hardware.micharge@1.0::IMiCharge/default
11-14 18:10:54.641   972   972 I vendor.xiaomi.hardware.micharge@1.0-service: ReadFilePathValue path = /sys/class/power_supply/bms/fastcharge_mode value = 0
11-14 18:10:54.868 10046 31114 I SafeBinderCall: onPositionChange binder cost:0
11-14 18:10:54.956  2831  2831 D QtiCarrierConfigHelper: WARNING, no carrier configs on phone Id: 0
11-14 18:10:54.959 11282 11714 D PowerKeeper.FrozenApp: onBatteryChanged plug=true mBatteryPlugged=2
11-14 18:10:54.959 10242 10242 I BatteryInfoReceiver: ACTION_BATTERY_CHANGED
11-14 18:10:54.959 11282 12380 D PowerCheckerService: onBatteryChanged, mBatteryLevel = 51, status = 2, level = 51, plug = 2, scale = 100
11-14 18:10:54.959 10242 10242 I PowerNoticeUI: handleBatteryChanged oldPlugType 2 mPlugType 2 oldBatteryLevel 51 mBatteryLevel 51 temperature 347
11-14 18:10:54.961  2960  2960 D NetworkSpeedTracker: receive actionandroid.intent.action.BATTERY_CHANGED
11-14 18:10:54.961  2960  2960 D NetworkSpeedTracker: onReceive ACTION_BATTERY_CHANGED mBatteryLevel = 51;mIsCharging =true
11-14 18:10:54.961  2915  2915 D DeviceStatisticsService: chargerType=2 batteryLevel=51 totalBatteryCapacity=3721600
11-14 18:10:54.961  2915  2915 D DeviceInfoHidlClient: getPowerInfoSupportStatus()=1
11-14 18:10:54.961  2915  2915 D DeviceInfoHidlClient: isRadioOn()=true
11-14 18:10:54.961  2915  2915 I DeviceInfoHidlClient: isPowerInfoNeverSent=false batteryLevel=51 batteryLevelIndex=2 chargingMode=2 totalCapacity=3721600 powerSaveMode=false
11-14 18:10:54.962  2583  2583 I chatty  : uid=1000(system) com.android.systemui expire 16 lines
11-14 18:10:54.964 10242 14427 I android_os_HwBinder: HwBinder: Starting thread pool for getting: vendor.xiaomi.hardware.micharge@1.0::IMiCharge/default
11-14 18:10:54.964   972   972 I vendor.xiaomi.hardware.micharge@1.0-service: ReadFilePathValue path = /sys/class/power_supply/battery/night_charging value = 0
11-14 18:10:54.965 10242 14427 I ChargeProtectionUtils: getNightChargingState: 0
11-14 18:10:55.343  1850  2402 I MiuiNetworkPolicy: bandwidth: 7 KB/s, Max bandwidth: 12787 KB/s
11-14 18:10:55.871 10046 31114 I SafeBinderCall: onPositionChange binder cost:1
11-14 18:10:55.946 10485   600 I u4java_MemoryPressure: vmsize: 6612720 with level: 2
11-14 18:10:55.959 10556   606 I u4java_MemoryPressure: vmsize: 6204052 with level: 2
11-14 18:10:56.627 17228 18460 D CCodecBufferChannel: [c2.android.aac.decoder#731] DEBUG: elapsed: n=6 [in=0 pipeline=0 out=2 smoothness=4]
11-14 18:10:56.627 17228 18460 D PipelineWatcher: DEBUG: elapsed 2 / 6
11-14 18:10:56.869 10046 31114 I SafeBinderCall: onPositionChange binder cost:0
11-14 18:10:57.241 17228 31101 D BufferPoolAccessor2.0: bufferpool2 0x71aecb5a28 : 5(40960 size) total buffers - 5(40960 size) used buffers - 1/7 (recycle/alloc) - 46/34967 (fetch/transfer)
11-14 18:10:57.619  1850  2404 D WifiScoreReportInjector: Fast switch not enabled
11-14 18:10:57.656  1001  1001 I chatty  : uid=1000(system) /system/bin/surfaceflinger expire 16 lines
11-14 18:10:57.680 16914 31116 I DrawHandler: [DFM Handler Thread #0] NOTIFY_RENDERING ---
11-14 18:10:57.805  1537 31102 D BufferPoolAccessor2.0: bufferpool2 0xb400007734272a28 : 6(24576 size) total buffers - 1(4096 size) used buffers - 34955/34987 (recycle/alloc) - 109/34986 (fetch/transfer)
11-14 18:10:57.869 10046 31114 I SafeBinderCall: onPositionChange binder cost:0
11-14 18:10:58.349  1850  2402 I MiuiNetworkPolicy: bandwidth: 5 KB/s, Max bandwidth: 12787 KB/s
11-14 18:10:58.525 17228 18463 D CCodecBuffers: [c2.android.aac.decoder#731:1D-Input.Impl[N]] codec released a buffer owned by client (index 0)
11-14 18:10:58.871 10046 31114 I SafeBinderCall: onPositionChange binder cost:1
11-14 18:10:59.246  1850  2402 D MiuiNetworkPolicy: updateLimit mLimitEnabled=true,enabled=false,mNetworkPriorityMode=1
11-14 18:10:59.571 10449 11419 E IDM-BleBackGround: MiConnect EndPoint found
11-14 18:10:59.869 10046 31114 I SafeBinderCall: onPositionChange binder cost:0
11-14 18:10:59.944 17228 18460 D CCodecBufferChannel: [c2.android.aac.decoder#731] DEBUG: elapsed: n=6 [in=0 pipeline=0 out=2 smoothness=4]
11-14 18:10:59.945 17228 18460 D PipelineWatcher: DEBUG: elapsed 2 / 6
11-14 18:11:00.653  1850  2404 D WifiScoreReportInjector: Fast switch not enabled
11-14 18:11:00.868 10046 31114 I SafeBinderCall: onPositionChange binder cost:0
11-14 18:11:00.969 11311 11613 D MemoryCeilingMonitor: [handleMemoryCalculate]
11-14 18:11:00.969 11311 11613 D MemoryCeilingMonitor: [calculate] tot: 5987946, max: 268435456, free: 1299794, heap: 4688152, per: 0.01746472716331482
11-14 18:11:01.352  1850  2402 I MiuiNetworkPolicy: bandwidth: 5 KB/s, Max bandwidth: 12787 KB/s
11-14 18:11:01.870 10046 31114 I SafeBinderCall: onPositionChange binder cost:1
11-14 18:11:02.367 17228 31101 D BufferPoolAccessor2.0: bufferpool2 0x71aecb5a28 : 5(40960 size) total buffers - 5(40960 size) used buffers - 1/7 (recycle/alloc) - 46/35187 (fetch/transfer)
11-14 18:11:02.869 10046 31114 I SafeBinderCall: onPositionChange binder cost:0
11-14 18:11:02.967  1537 31102 D BufferPoolAccessor2.0: bufferpool2 0xb400007734272a28 : 6(24576 size) total buffers - 1(4096 size) used buffers - 35177/35209 (recycle/alloc) - 109/35208 (fetch/transfer)
11-14 18:11:03.129 17228 18463 D CCodecBuffers: [c2.android.aac.decoder#731:1D-Input.Impl[N]] codec released a buffer owned by client (index 0)
11-14 18:11:03.157  2831  2831 D QtiCarrierConfigHelper: WARNING, no carrier configs on phone Id: 0
11-14 18:11:03.158  2960  2960 D NetworkSpeedTracker: receive actionandroid.intent.action.BATTERY_CHANGED
11-14 18:11:03.158  2960  2960 D NetworkSpeedTracker: onReceive ACTION_BATTERY_CHANGED mBatteryLevel = 51;mIsCharging =true
11-14 18:11:03.159 10242 10242 I BatteryInfoReceiver: ACTION_BATTERY_CHANGED
11-14 18:11:03.160 10242 10242 I PowerNoticeUI: handleBatteryChanged oldPlugType 2 mPlugType 2 oldBatteryLevel 51 mBatteryLevel 51 temperature 350
11-14 18:11:03.160 11282 11714 D PowerKeeper.FrozenApp: onBatteryChanged plug=true mBatteryPlugged=2
11-14 18:11:03.160 11282 12380 D PowerCheckerService: onBatteryChanged, mBatteryLevel = 51, status = 2, level = 51, plug = 2, scale = 100
11-14 18:11:03.163 10242 12151 I android_os_HwBinder: HwBinder: Starting thread pool for getting: vendor.xiaomi.hardware.micharge@1.0::IMiCharge/default
11-14 18:11:03.164  1850  2393 I android_os_HwBinder: HwBinder: Starting thread pool for getting: vendor.xiaomi.hardware.micharge@1.0::IMiCharge/default
11-14 18:11:03.164  2915  2915 D DeviceStatisticsService: chargerType=2 batteryLevel=51 totalBatteryCapacity=3722400
11-14 18:11:03.164  2915  2915 D DeviceInfoHidlClient: getPowerInfoSupportStatus()=1
11-14 18:11:03.164   972 15661 I vendor.xiaomi.hardware.micharge@1.0-service: ReadFilePathValue path = /sys/class/power_supply/wireless/reverse_chg_mode value = 0
11-14 18:11:03.164  2915  2915 D DeviceInfoHidlClient: isRadioOn()=true
11-14 18:11:03.164  2915  2915 I DeviceInfoHidlClient: isPowerInfoNeverSent=false batteryLevel=51 batteryLevelIndex=2 chargingMode=2 totalCapacity=3722400 powerSaveMode=false
11-14 18:11:03.164   972   972 I vendor.xiaomi.hardware.micharge@1.0-service: ReadFilePathValue path = /sys/class/power_supply/battery/night_charging value = 0
11-14 18:11:03.166 10242 12151 I ChargeProtectionUtils: getNightChargingState: 0
11-14 18:11:03.170  1850  2393 I android_os_HwBinder: HwBinder: Starting thread pool for getting: vendor.xiaomi.hardware.micharge@1.0::IMiCharge/default
11-14 18:11:03.170   972   972 I vendor.xiaomi.hardware.micharge@1.0-service: ReadFilePathValue path = /sys/class/power_supply/bms/fastcharge_mode value = 0
11-14 18:11:03.348 17228 18460 D CCodecBufferChannel: [c2.android.aac.decoder#731] DEBUG: elapsed: n=6 [in=0 pipeline=0 out=2 smoothness=4]
11-14 18:11:03.348 17228 18460 D PipelineWatcher: DEBUG: elapsed 2 / 6
11-14 18:11:03.675  1850  2404 D WifiScoreReportInjector: Fast switch not enabled
11-14 18:11:03.869 10046 31114 I SafeBinderCall: onPositionChange binder cost:1
11-14 18:11:04.254  1850  2402 D MiuiNetworkPolicy: updateLimit mLimitEnabled=false,enabled=true,mNetworkPriorityMode=1
11-14 18:11:04.353  1850  2402 I MiuiNetworkPolicy: bandwidth: 8 KB/s, Max bandwidth: 12787 KB/s
11-14 18:11:04.417   904  3058 I chatty  : uid=1002(bluetooth) POSIX timer 0 expire 22 lines
11-14 18:11:04.673 16914 31116 I DrawHandler: [DFM Handler Thread #0] NOTIFY_RENDERING ---
11-14 18:11:04.871 10046 31114 I SafeBinderCall: onPositionChange binder cost:1
11-14 18:11:04.964  3384  3527 I chatty  : uid=1002(bluetooth) FastConnectServ expire 59 lines
11-14 18:11:05.032   904  3351 I chatty  : uid=1002 bluetooth@1.0-s expire 120 lines
11-14 18:11:05.470  2492  3359 I chatty  : uid=1002(bluetooth) btu message loo expire 39 lines
11-14 18:11:05.869 10046 31114 I SafeBinderCall: onPositionChange binder cost:1
11-14 18:11:05.869  2583  2583 I chatty  : uid=1000(system) com.android.systemui expire 12 lines
11-14 18:11:06.703 17228 18460 D CCodecBufferChannel: [c2.android.aac.decoder#731] DEBUG: elapsed: n=6 [in=0 pipeline=0 out=2 smoothness=4]
11-14 18:11:06.703 17228 18460 D PipelineWatcher: DEBUG: elapsed 2 / 6
11-14 18:11:06.707  1850  2404 D WifiScoreReportInjector: Fast switch not enabled
11-14 18:11:06.869 10046 31114 I SafeBinderCall: onPositionChange binder cost:1
11-14 18:11:07.356  1850  2402 I MiuiNetworkPolicy: bandwidth: 5 KB/s, Max bandwidth: 12787 KB/s
11-14 18:11:07.561 17228 31101 D BufferPoolAccessor2.0: bufferpool2 0x71aecb5a28 : 5(40960 size) total buffers - 5(40960 size) used buffers - 1/7 (recycle/alloc) - 46/35411 (fetch/transfer)
11-14 18:11:07.871 10046 31114 I SafeBinderCall: onPositionChange binder cost:0
11-14 18:11:08.130  1537 31102 D BufferPoolAccessor2.0: bufferpool2 0xb400007734272a28 : 6(24576 size) total buffers - 1(4096 size) used buffers - 35399/35431 (recycle/alloc) - 109/35430 (fetch/transfer)
11-14 18:11:08.870 10046 31114 I SafeBinderCall: onPositionChange binder cost:1
11-14 18:11:08.966 17228 18463 D CCodecBuffers: [c2.android.aac.decoder#731:1D-Input.Impl[N]] codec released a buffer owned by client (index 0)
11-14 18:11:09.728  1850  2404 D WifiScoreReportInjector: Fast switch not enabled
11-14 18:11:09.757  1001  1001 I chatty  : uid=1000(system) /system/bin/surfaceflinger expire 12 lines
11-14 18:11:09.870 10046 31114 I SafeBinderCall: onPositionChange binder cost:1
11-14 18:11:10.032 17228 18460 D CCodecBufferChannel: [c2.android.aac.decoder#731] DEBUG: elapsed: n=6 [in=0 pipeline=0 out=2 smoothness=4]
11-14 18:11:10.032 17228 18460 D PipelineWatcher: DEBUG: elapsed 2 / 6
11-14 18:11:10.360  1850  2402 I MiuiNetworkPolicy: bandwidth: 6 KB/s, Max bandwidth: 12787 KB/s
11-14 18:11:10.869 10046 31114 I SafeBinderCall: onPositionChange binder cost:1
11-14 18:11:11.009 11311 11613 D MemoryCeilingMonitor: [handleMemoryCalculate]
11-14 18:11:11.009 11311 11613 D MemoryCeilingMonitor: [calculate] tot: 5987946, max: 268435456, free: 1267026, heap: 4720920, per: 0.01758679747581482
11-14 18:11:11.014  2960  2960 D NetworkSpeedTracker: receive actionandroid.intent.action.BATTERY_CHANGED
11-14 18:11:11.014  2960  2960 D NetworkSpeedTracker: onReceive ACTION_BATTERY_CHANGED mBatteryLevel = 51;mIsCharging =true
11-14 18:11:11.015  2831  2831 D QtiCarrierConfigHelper: WARNING, no carrier configs on phone Id: 0
11-14 18:11:11.015 10242 10242 I BatteryInfoReceiver: ACTION_BATTERY_CHANGED
11-14 18:11:11.016 10242 10242 I PowerNoticeUI: handleBatteryChanged oldPlugType 2 mPlugType 2 oldBatteryLevel 51 mBatteryLevel 51 temperature 347
11-14 18:11:11.017  1850  2393 I android_os_HwBinder: HwBinder: Starting thread pool for getting: vendor.xiaomi.hardware.micharge@1.0::IMiCharge/default
11-14 18:11:11.017   972   972 I vendor.xiaomi.hardware.micharge@1.0-service: ReadFilePathValue path = /sys/class/power_supply/wireless/reverse_chg_mode value = 0
11-14 18:11:11.019 10242 15575 I android_os_HwBinder: HwBinder: Starting thread pool for getting: vendor.xiaomi.hardware.micharge@1.0::IMiCharge/default
11-14 18:11:11.019 11282 12380 D PowerCheckerService: onBatteryChanged, mBatteryLevel = 51, status = 2, level = 51, plug = 2, scale = 100
11-14 18:11:11.019 11282 11714 D PowerKeeper.FrozenApp: onBatteryChanged plug=true mBatteryPlugged=2
11-14 18:11:11.019   972   972 I vendor.xiaomi.hardware.micharge@1.0-service: ReadFilePathValue path = /sys/class/power_supply/battery/night_charging value = 0
11-14 18:11:11.019 10242 15575 I ChargeProtectionUtils: getNightChargingState: 0
11-14 18:11:11.019  2915  2915 D DeviceStatisticsService: chargerType=2 batteryLevel=51 totalBatteryCapacity=3723300
11-14 18:11:11.019  2915  2915 D DeviceInfoHidlClient: getPowerInfoSupportStatus()=1
11-14 18:11:11.019  2915  2915 D DeviceInfoHidlClient: isRadioOn()=true
11-14 18:11:11.019  2915  2915 I DeviceInfoHidlClient: isPowerInfoNeverSent=false batteryLevel=51 batteryLevelIndex=2 chargingMode=2 totalCapacity=3723300 powerSaveMode=false
11-14 18:11:11.022  1850  2393 I android_os_HwBinder: HwBinder: Starting thread pool for getting: vendor.xiaomi.hardware.micharge@1.0::IMiCharge/default
11-14 18:11:11.022   972   972 I vendor.xiaomi.hardware.micharge@1.0-service: ReadFilePathValue path = /sys/class/power_supply/bms/fastcharge_mode value = 0
11-14 18:11:11.676 16914 31116 I DrawHandler: [DFM Handler Thread #0] NOTIFY_RENDERING ---
11-14 18:11:11.870 10046 31114 I SafeBinderCall: onPositionChange binder cost:1
11-14 18:11:11.936   603   603 I chatty  : uid=1000(system) /system/bin/servicemanager expire 101 lines
11-14 18:11:12.644 17228 31101 D BufferPoolAccessor2.0: bufferpool2 0x71aecb5a28 : 5(40960 size) total buffers - 5(40960 size) used buffers - 1/7 (recycle/alloc) - 46/35630 (fetch/transfer)
11-14 18:11:12.742  1850  2404 D WifiScoreReportInjector: Fast switch not enabled
11-14 18:11:12.869 10046 31114 I SafeBinderCall: onPositionChange binder cost:1
11-14 18:11:13.207  1537 31102 D BufferPoolAccessor2.0: bufferpool2 0xb400007734272a28 : 6(24576 size) total buffers - 1(4096 size) used buffers - 35618/35650 (recycle/alloc) - 109/35649 (fetch/transfer)
11-14 18:11:13.364  1850  2402 I MiuiNetworkPolicy: bandwidth: 7 KB/s, Max bandwidth: 12787 KB/s
11-14 18:11:13.470 17228 18460 D CCodecBufferChannel: [c2.android.aac.decoder#731] DEBUG: elapsed: n=6 [in=0 pipeline=0 out=2 smoothness=4]
11-14 18:11:13.470 17228 18460 D PipelineWatcher: DEBUG: elapsed 2 / 6
11-14 18:11:13.871 10046 31114 I SafeBinderCall: onPositionChange binder cost:1
11-14 18:11:14.870 10046 31114 I SafeBinderCall: onPositionChange binder cost:1
11-14 18:11:15.753  1850  2404 D WifiScoreReportInjector: Fast switch not enabled
11-14 18:11:15.869 10046 31114 I SafeBinderCall: onPositionChange binder cost:0
11-14 18:11:15.869  2583  2583 I chatty  : uid=1000(system) com.android.systemui expire 15 lines
11-14 18:11:16.058  2960  2960 D NetworkSpeedTracker: receive actionandroid.intent.action.BATTERY_CHANGED
11-14 18:11:16.058  2831  2831 D QtiCarrierConfigHelper: WARNING, no carrier configs on phone Id: 0
11-14 18:11:16.058  2960  2960 D NetworkSpeedTracker: onReceive ACTION_BATTERY_CHANGED mBatteryLevel = 51;mIsCharging =true
11-14 18:11:16.059 10242 10242 I BatteryInfoReceiver: ACTION_BATTERY_CHANGED
11-14 18:11:16.061 11282 11714 D PowerKeeper.FrozenApp: onBatteryChanged plug=true mBatteryPlugged=2
11-14 18:11:16.062 11282 12380 D PowerCheckerService: onBatteryChanged, mBatteryLevel = 51, status = 2, level = 51, plug = 2, scale = 100
11-14 18:11:16.062 10242 10242 I PowerNoticeUI: handleBatteryChanged oldPlugType 2 mPlugType 2 oldBatteryLevel 51 mBatteryLevel 51 temperature 347
11-14 18:11:16.064  2915  2915 D DeviceStatisticsService: chargerType=2 batteryLevel=51 totalBatteryCapacity=3723800
11-14 18:11:16.064  2915  2915 D DeviceInfoHidlClient: getPowerInfoSupportStatus()=1
11-14 18:11:16.064  2915  2915 D DeviceInfoHidlClient: isRadioOn()=true
11-14 18:11:16.064  2915  2915 I DeviceInfoHidlClient: isPowerInfoNeverSent=false batteryLevel=51 batteryLevelIndex=2 chargingMode=2 totalCapacity=3723800 powerSaveMode=false
11-14 18:11:16.067 10242 12586 I android_os_HwBinder: HwBinder: Starting thread pool for getting: vendor.xiaomi.hardware.micharge@1.0::IMiCharge/default
11-14 18:11:16.068   972   972 I vendor.xiaomi.hardware.micharge@1.0-service: ReadFilePathValue path = /sys/class/power_supply/battery/night_charging value = 0
11-14 18:11:16.068 10242 12586 I ChargeProtectionUtils: getNightChargingState: 0
11-14 18:11:16.367  1850  2402 I MiuiNetworkPolicy: bandwidth: 4 KB/s, Max bandwidth: 12787 KB/s
11-14 18:11:16.493  3384  3528 I chatty  : uid=1002(bluetooth) queued-work-loo expire 1 line
11-14 18:11:16.824 17228 18460 D CCodecBufferChannel: [c2.android.aac.decoder#731] DEBUG: elapsed: n=6 [in=0 pipeline=0 out=2 smoothness=4]
11-14 18:11:16.824 17228 18460 D PipelineWatcher: DEBUG: elapsed 2 / 6
11-14 18:11:16.871 10046 31114 I SafeBinderCall: onPositionChange binder cost:1
11-14 18:11:17.449  2492  3359 I chatty  : uid=1002(bluetooth) btu message loo expire 63 lines
11-14 18:11:17.799 17228 31101 D BufferPoolAccessor2.0: bufferpool2 0x71aecb5a28 : 5(40960 size) total buffers - 5(40960 size) used buffers - 1/7 (recycle/alloc) - 46/35853 (fetch/transfer)
11-14 18:11:17.870 10046 31114 I SafeBinderCall: onPositionChange binder cost:1
11-14 18:11:18.443  1537 31102 D BufferPoolAccessor2.0: bufferpool2 0xb400007734272a28 : 6(24576 size) total buffers - 1(4096 size) used buffers - 35844/35876 (recycle/alloc) - 111/35875 (fetch/transfer)
11-14 18:11:18.677 16914 31116 I DrawHandler: [DFM Handler Thread #0] NOTIFY_RENDERING ---
11-14 18:11:18.773  1850  2404 D WifiScoreReportInjector: Fast switch not enabled
11-14 18:11:18.869 10046 31114 I SafeBinderCall: onPositionChange binder cost:1
11-14 18:11:19.371  1850  2402 I MiuiNetworkPolicy: bandwidth: 3 KB/s, Max bandwidth: 12787 KB/s
11-14 18:11:19.532  2960  2960 D NetworkSpeedTracker: receive actionandroid.intent.action.BATTERY_CHANGED
11-14 18:11:19.532  2960  2960 D NetworkSpeedTracker: onReceive ACTION_BATTERY_CHANGED mBatteryLevel = 51;mIsCharging =true
11-14 18:11:19.533  2831  2831 D QtiCarrierConfigHelper: WARNING, no carrier configs on phone Id: 0
11-14 18:11:19.534 10242 10242 I BatteryInfoReceiver: ACTION_BATTERY_CHANGED
11-14 18:11:19.534 10242 10242 I PowerNoticeUI: handleBatteryChanged oldPlugType 2 mPlugType 2 oldBatteryLevel 51 mBatteryLevel 51 temperature 347
11-14 18:11:19.536 11282 11714 D PowerKeeper.FrozenApp: onBatteryChanged plug=true mBatteryPlugged=2
11-14 18:11:19.538  2915  2915 D DeviceStatisticsService: chargerType=2 batteryLevel=51 totalBatteryCapacity=3724100
11-14 18:11:19.538  2915  2915 D DeviceInfoHidlClient: getPowerInfoSupportStatus()=1
11-14 18:11:19.538  2915  2915 D DeviceInfoHidlClient: isRadioOn()=true
11-14 18:11:19.538  2915  2915 I DeviceInfoHidlClient: isPowerInfoNeverSent=false batteryLevel=51 batteryLevelIndex=2 chargingMode=2 totalCapacity=3724100 powerSaveMode=false
11-14 18:11:19.538 10242 15554 I android_os_HwBinder: HwBinder: Starting thread pool for getting: vendor.xiaomi.hardware.micharge@1.0::IMiCharge/default
11-14 18:11:19.539 11282 12380 D PowerCheckerService: onBatteryChanged, mBatteryLevel = 51, status = 2, level = 51, plug = 2, scale = 100
11-14 18:11:19.539   972   972 I vendor.xiaomi.hardware.micharge@1.0-service: ReadFilePathValue path = /sys/class/power_supply/battery/night_charging value = 0
11-14 18:11:19.539 10242 15554 I ChargeProtectionUtils: getNightChargingState: 0
11-14 18:11:19.869 10046 31114 I SafeBinderCall: onPositionChange binder cost:0
11-14 18:11:20.230 17228 18460 D CCodecBufferChannel: [c2.android.aac.decoder#731] DEBUG: elapsed: n=6 [in=0 pipeline=0 out=2 smoothness=4]
11-14 18:11:20.230 17228 18460 D PipelineWatcher: DEBUG: elapsed 2 / 6
11-14 18:11:20.869 10046 31114 I SafeBinderCall: onPositionChange binder cost:0
11-14 18:11:21.047 11311 11613 D MemoryCeilingMonitor: [handleMemoryCalculate]
11-14 18:11:21.048 11311 11613 D MemoryCeilingMonitor: [calculate] tot: 5987946, max: 268435456, free: 1234258, heap: 4753688, per: 0.01770886778831482
11-14 18:11:21.793  1850  2404 D WifiScoreReportInjector: Fast switch not enabled
11-14 18:11:21.835  1001  1001 I chatty  : uid=1000(system) /system/bin/surfaceflinger expire 12 lines
11-14 18:11:21.869 10046 31114 I SafeBinderCall: onPositionChange binder cost:0
11-14 18:11:22.374  1850  2402 I MiuiNetworkPolicy: bandwidth: 6 KB/s, Max bandwidth: 12787 KB/s
11-14 18:11:22.870 10046 31114 I SafeBinderCall: onPositionChange binder cost:1
11-14 18:11:23.166 17228 31101 D BufferPoolAccessor2.0: bufferpool2 0x71aecb5a28 : 5(40960 size) total buffers - 5(40960 size) used buffers - 1/7 (recycle/alloc) - 46/36084 (fetch/transfer)
11-14 18:11:23.673 17228 18460 D CCodecBufferChannel: [c2.android.aac.decoder#731] DEBUG: elapsed: n=6 [in=0 pipeline=0 out=2 smoothness=4]
11-14 18:11:23.673 17228 18460 D PipelineWatcher: DEBUG: elapsed 2 / 6
11-14 18:11:23.727  1537 31102 D BufferPoolAccessor2.0: bufferpool2 0xb400007734272a28 : 6(24576 size) total buffers - 1(4096 size) used buffers - 36072/36104 (recycle/alloc) - 113/36103 (fetch/transfer)
11-14 18:11:23.870 10046 31114 I SafeBinderCall: onPositionChange binder cost:1
11-14 18:11:24.167 17228 18463 D CCodecBuffers: [c2.android.aac.decoder#731:1D-Input.Impl[N]] codec released a buffer owned by client (index 0)
11-14 18:11:24.448 17228 18463 D CCodecBuffers: [c2.android.aac.decoder#731:1D-Input.Impl[N]] codec released a buffer owned by client (index 0)
11-14 18:11:24.809  1850  2404 D WifiScoreReportInjector: Fast switch not enabled
11-14 18:11:24.869 10046 31114 I SafeBinderCall: onPositionChange binder cost:1
11-14 18:11:25.377  1850  2402 I MiuiNetworkPolicy: bandwidth: 5 KB/s, Max bandwidth: 12787 KB/s
11-14 18:11:25.674 16914 31116 I DrawHandler: [DFM Handler Thread #0] NOTIFY_RENDERING ---
11-14 18:11:25.870 10046 31114 I SafeBinderCall: onPositionChange binder cost:1
11-14 18:11:25.964 10556   620 I u4java_MemoryPressure: vmsize: 6204052 with level: 2
11-14 18:11:25.965 10556 10556 I u4java_MemoryPressure: report: 2
11-14 18:11:25.986 10485   621 I u4java_MemoryPressure: vmsize: 6612720 with level: 2
11-14 18:11:25.986 10485 10485 I u4java_MemoryPressure: report: 2
11-14 18:11:26.869  2583  2583 I chatty  : uid=1000(system) com.android.systemui expire 15 lines
11-14 18:11:26.869 10046 31114 I SafeBinderCall: onPositionChange binder cost:1
11-14 18:11:27.028 17228 18460 D CCodecBufferChannel: [c2.android.aac.decoder#731] DEBUG: elapsed: n=6 [in=0 pipeline=0 out=2 smoothness=4]
11-14 18:11:27.029 17228 18460 D PipelineWatcher: DEBUG: elapsed 2 / 6
11-14 18:11:27.389  2960  2960 D NetworkSpeedTracker: receive actionandroid.intent.action.BATTERY_CHANGED
11-14 18:11:27.389  2831  2831 D QtiCarrierConfigHelper: WARNING, no carrier configs on phone Id: 0
11-14 18:11:27.389  2960  2960 D NetworkSpeedTracker: onReceive ACTION_BATTERY_CHANGED mBatteryLevel = 51;mIsCharging =true
11-14 18:11:27.390 10242 10242 I BatteryInfoReceiver: ACTION_BATTERY_CHANGED
11-14 18:11:27.390 10242 10242 I PowerNoticeUI: handleBatteryChanged oldPlugType 2 mPlugType 2 oldBatteryLevel 51 mBatteryLevel 51 temperature 347
11-14 18:11:27.391 11282 12380 D PowerCheckerService: onBatteryChanged, mBatteryLevel = 51, status = 2, level = 51, plug = 2, scale = 100
11-14 18:11:27.391 11282 11714 D PowerKeeper.FrozenApp: onBatteryChanged plug=true mBatteryPlugged=2
11-14 18:11:27.393  2915  2915 D DeviceStatisticsService: chargerType=2 batteryLevel=51 totalBatteryCapacity=3725000
11-14 18:11:27.393  2915  2915 D DeviceInfoHidlClient: getPowerInfoSupportStatus()=1
11-14 18:11:27.393  2915  2915 D DeviceInfoHidlClient: isRadioOn()=true
11-14 18:11:27.393  2915  2915 I DeviceInfoHidlClient: isPowerInfoNeverSent=false batteryLevel=51 batteryLevelIndex=2 chargingMode=2 totalCapacity=3725000 powerSaveMode=false
11-14 18:11:27.394 10242 12636 I android_os_HwBinder: HwBinder: Starting thread pool for getting: vendor.xiaomi.hardware.micharge@1.0::IMiCharge/default
11-14 18:11:27.394   972   972 I vendor.xiaomi.hardware.micharge@1.0-service: ReadFilePathValue path = /sys/class/power_supply/battery/night_charging value = 0
11-14 18:11:27.394 10242 12636 I ChargeProtectionUtils: getNightChargingState: 0
11-14 18:11:27.821  1850  2404 D WifiScoreReportInjector: Fast switch not enabled
11-14 18:11:27.869 10046 31114 I SafeBinderCall: onPositionChange binder cost:1
11-14 18:11:28.287 17228 31101 D BufferPoolAccessor2.0: bufferpool2 0x71aecb5a28 : 5(40960 size) total buffers - 5(40960 size) used buffers - 1/7 (recycle/alloc) - 46/36303 (fetch/transfer)
11-14 18:11:28.380  1850  2402 I MiuiNetworkPolicy: bandwidth: 5 KB/s, Max bandwidth: 12787 KB/s
11-14 18:11:28.683  3384  3527 I chatty  : uid=1002(bluetooth) FastConnectServ expire 60 lines
11-14 18:11:28.746   904  3351 I chatty  : uid=1002 bluetooth@1.0-s expire 89 lines
11-14 18:11:28.871 10046 31114 I SafeBinderCall: onPositionChange binder cost:1
11-14 18:11:28.884  1537 31102 D BufferPoolAccessor2.0: bufferpool2 0xb400007734272a28 : 6(24576 size) total buffers - 1(4096 size) used buffers - 36294/36326 (recycle/alloc) - 113/36325 (fetch/transfer)
11-14 18:11:29.243  2492  3359 I chatty  : uid=1002(bluetooth) btu message loo expire 101 lines
11-14 18:11:29.258  1850  2402 D MiuiNetworkPolicy: updateLimit mLimitEnabled=true,enabled=false,mNetworkPriorityMode=1
11-14 18:11:29.472   904  3058 I chatty  : uid=1002(bluetooth) POSIX timer 0 expire 14 lines
11-14 18:11:29.871 10046 31114 I SafeBinderCall: onPositionChange binder cost:2
11-14 18:11:30.347 17228 18460 D CCodecBufferChannel: [c2.android.aac.decoder#731] DEBUG: elapsed: n=6 [in=0 pipeline=0 out=2 smoothness=4]
11-14 18:11:30.347 17228 18460 D PipelineWatcher: DEBUG: elapsed 2 / 6
11-14 18:11:30.848  1850  2404 D WifiScoreReportInjector: Fast switch not enabled
11-14 18:11:30.868 10046 31114 I SafeBinderCall: onPositionChange binder cost:1
11-14 18:11:31.086 11311 11613 D MemoryCeilingMonitor: [handleMemoryCalculate]
11-14 18:11:31.086 11311 11613 D MemoryCeilingMonitor: [calculate] tot: 5987946, max: 268435456, free: 1185106, heap: 4802840, per: 0.01789197325706482
11-14 18:11:31.382  1850  2402 I MiuiNetworkPolicy: bandwidth: 4 KB/s, Max bandwidth: 12787 KB/s
11-14 18:11:31.870 10046 31114 I SafeBinderCall: onPositionChange binder cost:1
11-14 18:11:32.203 17228 18463 D CCodecBuffers: [c2.android.aac.decoder#731:1D-Input.Impl[N]] codec released a buffer owned by client (index 0)
11-14 18:11:32.306   603   603 I chatty  : uid=1000(system) /system/bin/servicemanager expire 50 lines
11-14 18:11:32.326 17228 18463 D CCodecBuffers: [c2.android.aac.decoder#731:1D-Input.Impl[N]] codec released a buffer owned by client (index 1)
11-14 18:11:32.328 17228 18463 D CCodecBuffers: [c2.android.aac.decoder#731:1D-Input.Impl[N]] codec released a buffer owned by client (index 3)
11-14 18:11:32.669 16914 31116 I DrawHandler: [DFM Handler Thread #0] NOTIFY_RENDERING ---
11-14 18:11:32.869 10046 31114 I SafeBinderCall: onPositionChange binder cost:0
11-14 18:11:33.567 17228 31101 D BufferPoolAccessor2.0: bufferpool2 0x71aecb5a28 : 5(40960 size) total buffers - 5(40960 size) used buffers - 1/7 (recycle/alloc) - 46/36532 (fetch/transfer)
11-14 18:11:33.706 17228 18460 D CCodecBufferChannel: [c2.android.aac.decoder#731] DEBUG: elapsed: n=6 [in=0 pipeline=0 out=2 smoothness=4]
11-14 18:11:33.706 17228 18460 D PipelineWatcher: DEBUG: elapsed 2 / 6
11-14 18:11:33.871  1850  2404 D WifiScoreReportInjector: Fast switch not enabled
11-14 18:11:33.872 10046 31114 I SafeBinderCall: onPositionChange binder cost:1
11-14 18:11:33.903  1001  1001 I chatty  : uid=1000(system) /system/bin/surfaceflinger expire 10 lines
11-14 18:11:34.165  1537 31102 D BufferPoolAccessor2.0: bufferpool2 0xb400007734272a28 : 6(24576 size) total buffers - 1(4096 size) used buffers - 36521/36553 (recycle/alloc) - 113/36552 (fetch/transfer)
11-14 18:11:34.265  1850  2402 D MiuiNetworkPolicy: updateLimit mLimitEnabled=false,enabled=true,mNetworkPriorityMode=1
11-14 18:11:34.333 10375 10537 D com.milink.runtime:new_milink:MessengerService: tick for 10131-19686
11-14 18:11:34.336 10375 10537 D com.milink.runtime:new_milink:MessengerService: tick for 10131-10046
11-14 18:11:34.337 10375 10537 D com.milink.runtime:new_milink:MessengerService: set next timeout check task
11-14 18:11:34.344 10375 13431 I com.milink.runtime:new_milink:DataContentProvider: Call content://provider.milink.mi.com/messenger#poll from com.milink.service, content://provider.milink.mi.com/messenger#poll
11-14 18:11:34.345 10046 10624 I com.milink.service:audio:new_milink:MessengerClient: empty packet, skip it.
11-14 18:11:34.380 10375 13431 I com.milink.runtime:new_milink:DataContentProvider: Call content://provider.milink.mi.com/messenger#poll from com.milink.service, content://provider.milink.mi.com/messenger#poll
11-14 18:11:34.381 19686 19712 I com.milink.service:new_milink:MessengerClient: empty packet, skip it.
11-14 18:11:34.382  1850  2402 I MiuiNetworkPolicy: bandwidth: 6 KB/s, Max bandwidth: 12787 KB/s
11-14 18:11:34.618 10449 11419 E IDM-BleBackGround: MiConnect EndPoint found
11-14 18:11:34.870 10046 31114 I SafeBinderCall: onPositionChange binder cost:1
11-14 18:11:35.869 10046 31114 I SafeBinderCall: onPositionChange binder cost:1
11-14 18:11:35.910 11282 12380 D PowerCheckerService: onBatteryChanged, mBatteryLevel = 51, status = 2, level = 51, plug = 2, scale = 100
11-14 18:11:35.910 11282 11714 D PowerKeeper.FrozenApp: onBatteryChanged plug=true mBatteryPlugged=2
11-14 18:11:35.912  2960  2960 D NetworkSpeedTracker: receive actionandroid.intent.action.BATTERY_CHANGED
11-14 18:11:35.912  2960  2960 D NetworkSpeedTracker: onReceive ACTION_BATTERY_CHANGED mBatteryLevel = 51;mIsCharging =true
11-14 18:11:35.913  2831  2831 D QtiCarrierConfigHelper: WARNING, no carrier configs on phone Id: 0
11-14 18:11:35.913 10242 10242 I BatteryInfoReceiver: ACTION_BATTERY_CHANGED
11-14 18:11:35.914 10242 10242 I PowerNoticeUI: handleBatteryChanged oldPlugType 2 mPlugType 2 oldBatteryLevel 51 mBatteryLevel 51 temperature 347
11-14 18:11:35.916 10242 15424 I android_os_HwBinder: HwBinder: Starting thread pool for getting: vendor.xiaomi.hardware.micharge@1.0::IMiCharge/default
11-14 18:11:35.916  2915  2915 D DeviceStatisticsService: chargerType=2 batteryLevel=51 totalBatteryCapacity=3725900
11-14 18:11:35.916   972   972 I vendor.xiaomi.hardware.micharge@1.0-service: ReadFilePathValue path = /sys/class/power_supply/battery/night_charging value = 0
11-14 18:11:35.916  2915  2915 D DeviceInfoHidlClient: getPowerInfoSupportStatus()=1
11-14 18:11:35.916  2915  2915 D DeviceInfoHidlClient: isRadioOn()=true
11-14 18:11:35.916  2915  2915 I DeviceInfoHidlClient: isPowerInfoNeverSent=false batteryLevel=51 batteryLevelIndex=2 chargingMode=2 totalCapacity=3725900 powerSaveMode=false
11-14 18:11:35.916 10242 15424 I ChargeProtectionUtils: getNightChargingState: 0
11-14 18:11:36.870 10046 31114 I SafeBinderCall: onPositionChange binder cost:1
11-14 18:11:36.890  1850  2404 D WifiScoreReportInjector: Fast switch not enabled
11-14 18:11:37.024 17228 18460 D CCodecBufferChannel: [c2.android.aac.decoder#731] DEBUG: elapsed: n=6 [in=0 pipeline=0 out=2 smoothness=4]
11-14 18:11:37.024 17228 18460 D PipelineWatcher: DEBUG: elapsed 2 / 6
11-14 18:11:37.386  1850  2402 I MiuiNetworkPolicy: bandwidth: 10 KB/s, Max bandwidth: 12787 KB/s
11-14 18:11:37.869  2583  2583 I chatty  : uid=1000(system) com.android.systemui expire 15 lines
11-14 18:11:37.869 10046 31114 I SafeBinderCall: onPositionChange binder cost:1
11-14 18:11:38.869 10046 31114 I SafeBinderCall: onPositionChange binder cost:1
11-14 18:11:38.882 17228 31101 D BufferPoolAccessor2.0: bufferpool2 0x71aecb5a28 : 5(40960 size) total buffers - 5(40960 size) used buffers - 1/7 (recycle/alloc) - 46/36760 (fetch/transfer)
11-14 18:11:39.468 16914 17015 D awcn.TnetSpdySession: |[seq:umeng:546d7dd7fd98c58fc800082c.AWCN1_1] ping host:https://umengacs.m.taobao.com thread:AWCN Scheduler1
11-14 18:11:39.469 16914 17015 D awcn.TnetSpdySession: |[seq:umeng:546d7dd7fd98c58fc800082c.AWCN1_1] https://umengacs.m.taobao.com submit ping ms:45001 force:true
11-14 18:11:39.484  1537 31102 D BufferPoolAccessor2.0: bufferpool2 0xb400007734272a28 : 6(24576 size) total buffers - 1(4096 size) used buffers - 36750/36782 (recycle/alloc) - 114/36781 (fetch/transfer)
11-14 18:11:39.524 16914 17014 I tnet-jni: 4708 - [spdyPingRecvCallback] -
11-14 18:11:39.524 16914 17014 I tnet-jni: 4708 - [SpdySessionCallBack.spdyPingRecvCallback] - org.android.spdy.SpdySession@984fcd3
11-14 18:11:39.524 16914 17014 I awcn.TnetSpdySession: |[seq:umeng:546d7dd7fd98c58fc800082c.AWCN1_1] ping receive Host:https://umengacs.m.taobao.com id:551
11-14 18:11:39.665 16914 31116 I DrawHandler: [DFM Handler Thread #0] NOTIFY_RENDERING ---
11-14 18:11:39.870 10046 31114 I SafeBinderCall: onPositionChange binder cost:1
11-14 18:11:39.886 17228 18463 D CCodecBuffers: [c2.android.aac.decoder#731:1D-Input.Impl[N]] codec released a buffer owned by client (index 1)
11-14 18:11:39.909  1850  2404 D WifiScoreReportInjector: Fast switch not enabled
11-14 18:11:40.390  1850  2402 I MiuiNetworkPolicy: bandwidth: 5 KB/s, Max bandwidth: 12787 KB/s
11-14 18:11:40.427 17228 18460 D CCodecBufferChannel: [c2.android.aac.decoder#731] DEBUG: elapsed: n=6 [in=0 pipeline=0 out=2 smoothness=4]
11-14 18:11:40.428 17228 18460 D PipelineWatcher: DEBUG: elapsed 2 / 6
11-14 18:11:40.868 10046 31114 I SafeBinderCall: onPositionChange binder cost:0
11-14 18:11:41.120 11311 11613 D MemoryCeilingMonitor: [handleMemoryCalculate]
11-14 18:11:41.120 11311 11613 D MemoryCeilingMonitor: [calculate] tot: 5987946, max: 268435456, free: 1168722, heap: 4819224, per: 0.01795300841331482
11-14 18:11:41.869 10046 31114 I SafeBinderCall: onPositionChange binder cost:1
11-14 18:11:42.263  2492  3053 I chatty  : uid=1002(bluetooth) BluetoothScanMa expire 19 lines
11-14 18:11:42.272  2492  2681 I chatty  : uid=1002(bluetooth) BT Service Call expire 40 lines
11-14 18:11:42.343  2492  3359 I chatty  : uid=1002(bluetooth) btu message loo expire 81 lines
11-14 18:11:42.346  3384  3527 I chatty  : uid=1002(bluetooth) FastConnectServ expire 35 lines
11-14 18:11:42.367 17228 18463 D CCodecBuffers: [c2.android.aac.decoder#731:1D-Input.Impl[N]] codec released a buffer owned by client (index 0)
11-14 18:11:42.405   603   603 I chatty  : uid=1000(system) /system/bin/servicemanager expire 102 lines
11-14 18:11:42.423   904  3351 I chatty  : uid=1002 bluetooth@1.0-s expire 47 lines
11-14 18:11:42.869 10046 31114 I SafeBinderCall: onPositionChange binder cost:1
11-14 18:11:42.925  1850  2404 D WifiScoreReportInjector: Fast switch not enabled
11-14 18:11:42.998 10449 11419 E IDM-BleBackGround: MiConnect EndPoint found
11-14 18:11:43.303   904  3363 I chatty  : uid=1002(bluetooth) POSIX timer 4 expire 7 lines
11-14 18:11:43.394  1850  2402 I MiuiNetworkPolicy: bandwidth: 5 KB/s, Max bandwidth: 12787 KB/s
11-14 18:11:43.454   904  3058 I chatty  : uid=1002(bluetooth) POSIX timer 0 expire 13 lines
11-14 18:11:43.743 17228 18460 D CCodecBufferChannel: [c2.android.aac.decoder#731] DEBUG: elapsed: n=6 [in=0 pipeline=0 out=2 smoothness=4]
11-14 18:11:43.744 17228 18460 D PipelineWatcher: DEBUG: elapsed 2 / 6
11-14 18:11:43.775  2831  2831 D QtiCarrierConfigHelper: WARNING, no carrier configs on phone Id: 0
11-14 18:11:43.776  2960  2960 D NetworkSpeedTracker: receive actionandroid.intent.action.BATTERY_CHANGED
11-14 18:11:43.776  2960  2960 D NetworkSpeedTracker: onReceive ACTION_BATTERY_CHANGED mBatteryLevel = 51;mIsCharging =true
11-14 18:11:43.777 11282 12380 D PowerCheckerService: onBatteryChanged, mBatteryLevel = 51, status = 2, level = 51, plug = 2, scale = 100
11-14 18:11:43.777 11282 11714 D PowerKeeper.FrozenApp: onBatteryChanged plug=true mBatteryPlugged=2
11-14 18:11:43.778  1850  2393 I android_os_HwBinder: HwBinder: Starting thread pool for getting: vendor.xiaomi.hardware.micharge@1.0::IMiCharge/default
11-14 18:11:43.778 10242 10242 I BatteryInfoReceiver: ACTION_BATTERY_CHANGED
11-14 18:11:43.778   972   972 I vendor.xiaomi.hardware.micharge@1.0-service: ReadFilePathValue path = /sys/class/power_supply/wireless/reverse_chg_mode value = 0
11-14 18:11:43.778 10242 10242 I PowerNoticeUI: handleBatteryChanged oldPlugType 2 mPlugType 2 oldBatteryLevel 51 mBatteryLevel 51 temperature 350
11-14 18:11:43.780 10242 14427 I android_os_HwBinder: HwBinder: Starting thread pool for getting: vendor.xiaomi.hardware.micharge@1.0::IMiCharge/default
11-14 18:11:43.781   972   972 I vendor.xiaomi.hardware.micharge@1.0-service: ReadFilePathValue path = /sys/class/power_supply/battery/night_charging value = 0
11-14 18:11:43.781 10242 14427 I ChargeProtectionUtils: getNightChargingState: 0
11-14 18:11:43.782  1850  2393 I android_os_HwBinder: HwBinder: Starting thread pool for getting: vendor.xiaomi.hardware.micharge@1.0::IMiCharge/default
11-14 18:11:43.782   972   972 I vendor.xiaomi.hardware.micharge@1.0-service: ReadFilePathValue path = /sys/class/power_supply/bms/fastcharge_mode value = 0
11-14 18:11:43.782  2915  2915 D DeviceStatisticsService: chargerType=2 batteryLevel=51 totalBatteryCapacity=3726700
11-14 18:11:43.782  2915  2915 D DeviceInfoHidlClient: getPowerInfoSupportStatus()=1
11-14 18:11:43.782  2915  2915 D DeviceInfoHidlClient: isRadioOn()=true
11-14 18:11:43.783  2915  2915 I DeviceInfoHidlClient: isPowerInfoNeverSent=false batteryLevel=51 batteryLevelIndex=2 chargingMode=2 totalCapacity=3726700 powerSaveMode=false
11-14 18:11:43.869 10046 31114 I SafeBinderCall: onPositionChange binder cost:0
11-14 18:11:43.963 17228 31101 D BufferPoolAccessor2.0: bufferpool2 0x71aecb5a28 : 5(40960 size) total buffers - 5(40960 size) used buffers - 1/7 (recycle/alloc) - 46/36979 (fetch/transfer)
11-14 18:11:44.097  2960  2960 D NetworkSpeedTracker: receive actionandroid.intent.action.BATTERY_CHANGED
11-14 18:11:44.097  2960  2960 D NetworkSpeedTracker: onReceive ACTION_BATTERY_CHANGED mBatteryLevel = 51;mIsCharging =true
11-14 18:11:44.097  2831  2831 D QtiCarrierConfigHelper: WARNING, no carrier configs on phone Id: 0
11-14 18:11:44.097 10242 10242 I BatteryInfoReceiver: ACTION_BATTERY_CHANGED
11-14 18:11:44.098 11282 12380 D PowerCheckerService: onBatteryChanged, mBatteryLevel = 51, status = 2, level = 51, plug = 2, scale = 100
11-14 18:11:44.099 11282 11714 D PowerKeeper.FrozenApp: onBatteryChanged plug=true mBatteryPlugged=2
11-14 18:11:44.101 10242 10242 I PowerNoticeUI: handleBatteryChanged oldPlugType 2 mPlugType 2 oldBatteryLevel 51 mBatteryLevel 51 temperature 350
11-14 18:11:44.102  2915  2915 D DeviceStatisticsService: chargerType=2 batteryLevel=51 totalBatteryCapacity=3726800
11-14 18:11:44.102  2915  2915 D DeviceInfoHidlClient: getPowerInfoSupportStatus()=1
11-14 18:11:44.102  2915  2915 D DeviceInfoHidlClient: isRadioOn()=true
11-14 18:11:44.102  2915  2915 I DeviceInfoHidlClient: isPowerInfoNeverSent=false batteryLevel=51 batteryLevelIndex=2 chargingMode=2 totalCapacity=3726800 powerSaveMode=false
11-14 18:11:44.103 10242 12151 I android_os_HwBinder: HwBinder: Starting thread pool for getting: vendor.xiaomi.hardware.micharge@1.0::IMiCharge/default
11-14 18:11:44.103   972   972 I vendor.xiaomi.hardware.micharge@1.0-service: ReadFilePathValue path = /sys/class/power_supply/battery/night_charging value = 0
11-14 18:11:44.103 10242 12151 I ChargeProtectionUtils: getNightChargingState: 0
11-14 18:11:44.489  1537 31102 D BufferPoolAccessor2.0: bufferpool2 0xb400007734272a28 : 6(24576 size) total buffers - 1(4096 size) used buffers - 36965/36997 (recycle/alloc) - 115/36996 (fetch/transfer)
11-14 18:11:44.871 10046 31114 I SafeBinderCall: onPositionChange binder cost:1
11-14 18:11:45.870 10046 31114 I SafeBinderCall: onPositionChange binder cost:1
11-14 18:11:45.945  1850  2404 D WifiScoreReportInjector: Fast switch not enabled
11-14 18:11:46.397  1850  2402 I MiuiNetworkPolicy: bandwidth: 3 KB/s, Max bandwidth: 12787 KB/s
11-14 18:11:46.660 16914 31116 I DrawHandler: [DFM Handler Thread #0] NOTIFY_RENDERING ---
11-14 18:11:46.870 10046 31114 I SafeBinderCall: onPositionChange binder cost:1
11-14 18:11:47.104 17228 18460 D CCodecBufferChannel: [c2.android.aac.decoder#731] DEBUG: elapsed: n=6 [in=0 pipeline=0 out=2 smoothness=4]
11-14 18:11:47.104 17228 18460 D PipelineWatcher: DEBUG: elapsed 2 / 6
11-14 18:11:47.871 10046 31114 I SafeBinderCall: onPositionChange binder cost:2
11-14 18:11:48.870  2583  2583 I chatty  : uid=1000(system) com.android.systemui expire 13 lines
11-14 18:11:48.870 10046 31114 I SafeBinderCall: onPositionChange binder cost:1
11-14 18:11:48.960  1850  2404 D WifiScoreReportInjector: Fast switch not enabled
11-14 18:11:48.968 17228 18463 D CCodecBuffers: [c2.android.aac.decoder#731:1D-Input.Impl[N]] codec released a buffer owned by client (index 0)
11-14 18:11:48.995  1001  1001 I chatty  : uid=1000(system) /system/bin/surfaceflinger expire 10 lines
11-14 18:11:49.078 17228 31101 D BufferPoolAccessor2.0: bufferpool2 0x71aecb5a28 : 5(40960 size) total buffers - 5(40960 size) used buffers - 1/7 (recycle/alloc) - 46/37200 (fetch/transfer)
11-14 18:11:49.401  1850  2402 I MiuiNetworkPolicy: bandwidth: 5 KB/s, Max bandwidth: 12787 KB/s
11-14 18:11:49.649  1537 31102 D BufferPoolAccessor2.0: bufferpool2 0xb400007734272a28 : 6(24576 size) total buffers - 1(4096 size) used buffers - 37187/37219 (recycle/alloc) - 115/37218 (fetch/transfer)
11-14 18:11:49.870 10046 31114 I SafeBinderCall: onPositionChange binder cost:1
11-14 18:11:50.508 17228 18460 D CCodecBufferChannel: [c2.android.aac.decoder#731] DEBUG: elapsed: n=6 [in=0 pipeline=0 out=2 smoothness=4]
11-14 18:11:50.509 17228 18460 D PipelineWatcher: DEBUG: elapsed 2 / 6
11-14 18:11:50.869 10046 31114 I SafeBinderCall: onPositionChange binder cost:0
11-14 18:11:51.125 17228 18463 D CCodecBuffers: [c2.android.aac.decoder#731:1D-Input.Impl[N]] codec released a buffer owned by client (index 0)
11-14 18:11:51.129 17228 18463 D CCodecBuffers: [c2.android.aac.decoder#731:1D-Input.Impl[N]] codec released a buffer owned by client (index 1)
11-14 18:11:51.147 11311 11613 D MemoryCeilingMonitor: [handleMemoryCalculate]
11-14 18:11:51.147 11311 11613 D MemoryCeilingMonitor: [calculate] tot: 5987946, max: 268435456, free: 1135954, heap: 4851992, per: 0.01807507872581482
11-14 18:11:51.870 10046 31114 I SafeBinderCall: onPositionChange binder cost:1
11-14 18:11:51.987  1850  2404 D WifiScoreReportInjector: Fast switch not enabled
11-14 18:11:52.294  2960  2960 D NetworkSpeedTracker: receive actionandroid.intent.action.BATTERY_CHANGED
11-14 18:11:52.294  2960  2960 D NetworkSpeedTracker: onReceive ACTION_BATTERY_CHANGED mBatteryLevel = 51;mIsCharging =true
11-14 18:11:52.294  2831  2831 D QtiCarrierConfigHelper: WARNING, no carrier configs on phone Id: 0
11-14 18:11:52.296 10242 10242 I BatteryInfoReceiver: ACTION_BATTERY_CHANGED
11-14 18:11:52.296 10242 10242 I PowerNoticeUI: handleBatteryChanged oldPlugType 2 mPlugType 2 oldBatteryLevel 51 mBatteryLevel 51 temperature 347
11-14 18:11:52.297 11282 12380 D PowerCheckerService: onBatteryChanged, mBatteryLevel = 51, status = 2, level = 51, plug = 2, scale = 100
11-14 18:11:52.297 11282 11714 D PowerKeeper.FrozenApp: onBatteryChanged plug=true mBatteryPlugged=2
11-14 18:11:52.299  2915  2915 D DeviceStatisticsService: chargerType=2 batteryLevel=51 totalBatteryCapacity=3727700
11-14 18:11:52.299  2915  2915 D DeviceInfoHidlClient: getPowerInfoSupportStatus()=1
11-14 18:11:52.299  2915  2915 D DeviceInfoHidlClient: isRadioOn()=true
11-14 18:11:52.299  2915  2915 I DeviceInfoHidlClient: isPowerInfoNeverSent=false batteryLevel=51 batteryLevelIndex=2 chargingMode=2 totalCapacity=3727700 powerSaveMode=false
11-14 18:11:52.303 10242 15575 I android_os_HwBinder: HwBinder: Starting thread pool for getting: vendor.xiaomi.hardware.micharge@1.0::IMiCharge/default
11-14 18:11:52.303   972   972 I vendor.xiaomi.hardware.micharge@1.0-service: ReadFilePathValue path = /sys/class/power_supply/battery/night_charging value = 0
11-14 18:11:52.303 10242 15575 I ChargeProtectionUtils: getNightChargingState: 0
11-14 18:11:52.304  1850  2393 I android_os_HwBinder: HwBinder: Starting thread pool for getting: vendor.xiaomi.hardware.micharge@1.0::IMiCharge/default
11-14 18:11:52.304   972   972 I vendor.xiaomi.hardware.micharge@1.0-service: ReadFilePathValue path = /sys/class/power_supply/wireless/reverse_chg_mode value = 0
11-14 18:11:52.305  1850  2393 I android_os_HwBinder: HwBinder: Starting thread pool for getting: vendor.xiaomi.hardware.micharge@1.0::IMiCharge/default
11-14 18:11:52.305   972   972 I vendor.xiaomi.hardware.micharge@1.0-service: ReadFilePathValue path = /sys/class/power_supply/bms/fastcharge_mode value = 0
11-14 18:11:52.404  1850  2402 I MiuiNetworkPolicy: bandwidth: 7 KB/s, Max bandwidth: 12787 KB/s
11-14 18:11:52.870 10046 31114 I SafeBinderCall: onPositionChange binder cost:1
11-14 18:11:53.655 16914 31116 I DrawHandler: [DFM Handler Thread #0] NOTIFY_RENDERING ---
11-14 18:11:53.871 10046 31114 I SafeBinderCall: onPositionChange binder cost:1
11-14 18:11:53.906 17228 18460 D CCodecBufferChannel: [c2.android.aac.decoder#731] DEBUG: elapsed: n=6 [in=0 pipeline=0 out=2 smoothness=4]
11-14 18:11:53.906 17228 18460 D PipelineWatcher: DEBUG: elapsed 2 / 6
11-14 18:11:53.990 11311 11628 D WorkerThreadMonitor: Kill MSF check result[ senderSize:0,sendInterval:240607,receiveInterval=260,addCmdCount=1001
11-14 18:11:54.168 17228 31101 D BufferPoolAccessor2.0: bufferpool2 0x71aecb5a28 : 5(40960 size) total buffers - 5(40960 size) used buffers - 1/7 (recycle/alloc) - 46/37419 (fetch/transfer)
11-14 18:11:54.391   904  3351 I chatty  : uid=1002 bluetooth@1.0-s expire 155 lines
11-14 18:11:54.729  1537 31102 D BufferPoolAccessor2.0: bufferpool2 0xb400007734272a28 : 6(24576 size) total buffers - 1(4096 size) used buffers - 37406/37438 (recycle/alloc) - 117/37437 (fetch/transfer)
11-14 18:11:54.875 10046 31114 I SafeBinderCall: onPositionChange binder cost:0
11-14 18:11:55.014  1850  2404 D WifiScoreReportInjector: Fast switch not enabled
11-14 18:11:55.405  1850  2402 I MiuiNetworkPolicy: bandwidth: 4 KB/s, Max bandwidth: 12787 KB/s
11-14 18:11:55.871 10046 31114 I SafeBinderCall: onPositionChange binder cost:2
11-14 18:11:55.927 17228 18463 D CCodecBuffers: [c2.android.aac.decoder#731:1D-Input.Impl[N]] codec released a buffer owned by client (index 0)
11-14 18:11:56.004 10556   630 I u4java_MemoryPressure: vmsize: 6204052 with level: 2
11-14 18:11:56.025 10485   631 I u4java_MemoryPressure: vmsize: 6612720 with level: 2
11-14 18:11:56.360  3384  3527 I chatty  : uid=1002(bluetooth) FastConnectServ expire 61 lines
11-14 18:11:56.870 10046 31114 I SafeBinderCall: onPositionChange binder cost:1
11-14 18:11:57.222 17228 18460 D CCodecBufferChannel: [c2.android.aac.decoder#731] DEBUG: elapsed: n=6 [in=0 pipeline=0 out=2 smoothness=4]
11-14 18:11:57.223 17228 18460 D PipelineWatcher: DEBUG: elapsed 2 / 6
11-14 18:11:57.332 17228 18463 D CCodecBuffers: [c2.android.aac.decoder#731:1D-Input.Impl[N]] codec released a buffer owned by client (index 1)
11-14 18:11:57.803 17228 17429 D LoadControl: [ExoPlayer:Playback] shouldContinueLoading[true] playbackPositionUs = 871809432, bufferedDurationUs = 49999547
11-14 18:11:57.869 10046 31114 I SafeBinderCall: onPositionChange binder cost:1
11-14 18:11:58.016 17228 18463 D CCodecBuffers: [c2.android.aac.decoder#731:1D-Input.Impl[N]] codec released a buffer owned by client (index 2)
11-14 18:11:58.029  1850  2404 D WifiScoreReportInjector: Fast switch not enabled
11-14 18:11:58.409  1850  2402 I MiuiNetworkPolicy: bandwidth: 4 KB/s, Max bandwidth: 12787 KB/s
11-14 18:11:58.870 10046 31114 I SafeBinderCall: onPositionChange binder cost:1
11-14 18:11:59.272  1850  2402 D MiuiNetworkPolicy: updateLimit mLimitEnabled=true,enabled=false,mNetworkPriorityMode=1
11-14 18:11:59.365 17228 31101 D BufferPoolAccessor2.0: bufferpool2 0x71aecb5a28 : 5(40960 size) total buffers - 5(40960 size) used buffers - 1/7 (recycle/alloc) - 46/37643 (fetch/transfer)
11-14 18:11:59.870 10046 31114 I SafeBinderCall: onPositionChange binder cost:1
11-14 18:11:59.870  2583  2583 I chatty  : uid=1000(system) com.android.systemui expire 17 lines
11-14 18:11:59.925  1537 31102 D BufferPoolAccessor2.0: bufferpool2 0xb400007734272a28 : 6(24576 size) total buffers - 1(4096 size) used buffers - 37631/37663 (recycle/alloc) - 118/37662 (fetch/transfer)
11-14 18:11:59.931 17228 18463 D CCodecBuffers: [c2.android.aac.decoder#731:1D-Input.Impl[N]] codec released a buffer owned by client (index 2)
11-14 18:12:00.074  1001  1001 I chatty  : uid=1000(system) /system/bin/surfaceflinger expire 12 lines
11-14 18:12:00.155  2831  2831 D QtiCarrierConfigHelper: WARNING, no carrier configs on phone Id: 0
11-14 18:12:00.155  2960  2960 D NetworkSpeedTracker: receive actionandroid.intent.action.BATTERY_CHANGED
11-14 18:12:00.155  2960  2960 D NetworkSpeedTracker: onReceive ACTION_BATTERY_CHANGED mBatteryLevel = 51;mIsCharging =true
11-14 18:12:00.156 10242 10242 I BatteryInfoReceiver: ACTION_BATTERY_CHANGED
11-14 18:12:00.157 10242 10242 I PowerNoticeUI: handleBatteryChanged oldPlugType 2 mPlugType 2 oldBatteryLevel 51 mBatteryLevel 51 temperature 347
11-14 18:12:00.157 11282 12380 D PowerCheckerService: onBatteryChanged, mBatteryLevel = 51, status = 2, level = 51, plug = 2, scale = 100
11-14 18:12:00.158 11282 11714 D PowerKeeper.FrozenApp: onBatteryChanged plug=true mBatteryPlugged=2
