01-10 15:05:36.709  2419  3434 D SchedBoost: ready to boost
01-10 15:05:36.712  4209  4209 D NavStubView: onTouchEvent: action=2, count=1
01-10 15:05:36.713  4209  4209 D NavStubView: onPointEvent: rawX=492.33377   rawY=2065.2207   action=2   mIsInFsMode=false
01-10 15:05:36.714  4209  4209 W GestureStateMachine: AppDragState msg=3
01-10 15:05:36.714  2419  3434 D SchedBoost: startBoostInternal 2000
01-10 15:05:36.714  2419  3434 D SchedBoost: ready to boost
01-10 15:05:36.715  2419  3434 D SchedBoost: startBoostInternal 2000
01-10 15:05:36.715  2419  3434 D SchedBoost: ready to boost
01-10 15:05:36.718  4174  4190 I ndroid.systemu: This is non sticky GC, maxfree is 8388608 minfree is 2097152
01-10 15:05:36.718  4174  4190 I ndroid.systemu: NativeAlloc concurrent copying GC freed 126562(5079KB) AllocSpace objects, 0(0B) LOS objects, 49% free, 24MB/48MB, paused 85us,47us total 131.501ms
01-10 15:05:36.721  4209  4209 D NavStubView: onTouchEvent: action=2, count=1
01-10 15:05:36.721  4209  4209 D NavStubView: onPointEvent: rawX=491.84146   rawY=2062.3901   action=2   mIsInFsMode=false
01-10 15:05:36.722  4209  4209 W GestureStateMachine: AppDragState msg=3
01-10 15:05:36.723  2419  3434 D SchedBoost: startBoostInternal 2000
01-10 15:05:36.723  2419  3434 D SchedBoost: ready to boost
01-10 15:05:36.723  4209  4209 W GestureStateMachine: AppDragState msg=2
01-10 15:05:36.723  4209  4209 W GestureStateMachine: AppTaskHoldState enter
01-10 15:05:36.723  4209  4209 D NavStubView: showRecents
01-10 15:05:36.723  4209  4209 E Launcher: changeViewByFsGestureState,  view=ShortcutMenuLayer,  alpha=0.0,  scale=0.85
01-10 15:05:36.723  4209  4209 D StateManager: goToState  state=OverviewState   anim=false
01-10 15:05:36.723  4209  4209 D StateManager: LauncherState changed, from com.miui.home.launcher.LauncherState@9260bcc to com.miui.home.recents.OverviewState@8935e15
01-10 15:05:36.723  4209  4209 D Launcher: notifyBackGestureStatus
01-10 15:05:36.723  4209  4209 E OverviewState: onStateEnabled
01-10 15:05:36.723  4209  4209 D RecentsModel: getSmartRecentsTaskLoadPlan runningTaskId 511
01-10 15:05:36.723  4209  4209 D RecentsModel: getSmartRecentsTaskLoadPlan cache is null
01-10 15:05:36.723  4209  4209 D RecentsModel: getSmartRecentsTaskLoadPlan loadPlan.hasTasks() false
01-10 15:05:36.723  2419  3434 D SchedBoost: startBoostInternal 2000
01-10 15:05:36.723  2419  3434 D SchedBoost: ready to boost
01-10 15:05:36.723  2419  4016 I HapticFeedbackUtil: 4,2,true
01-10 15:05:36.724  4209  4209 E ActivityManagerWrapper: get all recent tasks force including 511
01-10 15:05:36.724  1303  1303 D vendor.hardware.vibratorfeature: configStrengthForEffect id : 4 , strength: 1.000000
01-10 15:05:36.726  4209  4209 E ActivityManagerWrapper: getRecentTasks: size=3
01-10 15:05:36.726  4209  4209 E ActivityManagerWrapper: getRecentTasks: taskId=511   userId=0   baseIntent=Intent { act=android.intent.action.MAIN cat=[android.intent.category.LAUNCHER] flg=0x10200000 cmp=cn.missevan/.activity.MainActivity }
01-10 15:05:36.726  4209  4209 E ActivityManagerWrapper: getRecentTasks: taskId=505   userId=0   baseIntent=Intent { act=android.intent.action.MAIN cat=[android.intent.category.LAUNCHER] flg=0x10200000 cmp=com.android.browser/.launch.SplashActivity }
01-10 15:05:36.726  4209  4209 E ActivityManagerWrapper: getRecentTasks: taskId=477   userId=0   baseIntent=Intent { act=miui.intent.action.scanbarcode flg=0x10000000 cmp=com.xiaomi.scanner/.app.ScanActivity }
01-10 15:05:36.726  4174  4192 W System  : A resource failed to call close.
01-10 15:05:36.727  4174  4192 D LifecycleResourceManager: begin check cache...
01-10 15:05:36.727  4174  4192 W System  : A resource failed to call close.
01-10 15:05:36.728  4209  4209 D RecentsModel: getSmartRecentsTaskLoadPlan cost 5
01-10 15:05:36.729  4174  4192 W System  : A resource failed to call close.
01-10 15:05:36.732  4174  4192 W System  : A resource failed to call release.
01-10 15:05:36.732  4209  4209 D TaskView: TaskView bind task, task=[TaskKey{id=477, stackId=0, baseIntent=Intent { act=miui.intent.action.scanbarcode flg=0x10000000 cmp=com.xiaomi.scanner/.app.ScanActivity }, userId=0, lastActiveTime=1041919710, windowingMode=1, isThumbnailBlur=false, isScreening=false, topActivity=ComponentInfo{com.xiaomi.scanner/com.xiaomi.scanner.app.ScanActivity}, mHashCode=15133859}, title=, titleDescription=, bounds=null, isLaunchTarget=false, isStackTask=true, isSystemApp=false, isDockable=false, baseActivity=ComponentInfo{com.xiaomi.scanner/com.xiaomi.scanner.app.ScanActivity}, isLocked=false, isAccessLocked=false, mNeedHide=false] , isLock=false
01-10 15:05:36.733  1303  1303 D vendor.hardware.vibratorfeature: Vibrator perform effect 4
01-10 15:05:36.733  1303  1303 D vendor.hardware.vibratorfeature: uses mCurrMagnitudeExt 1.000000
01-10 15:05:36.733  1303  1303 D vendor.hardware.vibratorfeature: getAmplitudeFromEffectStrength 1.000000
01-10 15:05:36.733  1303  1303 D vendor.hardware.vibratorfeature: return from driver is 28
01-10 15:05:36.733  1303  1303 D vendor.hardware.vibratorfeature: playLengthMs is 78
01-10 15:05:36.733  4209  4209 D TaskView: TaskView bind task, task=[TaskKey{id=505, stackId=0, baseIntent=Intent { act=android.intent.action.MAIN cat=[android.intent.category.LAUNCHER] flg=0x10200000 cmp=com.android.browser/.launch.SplashActivity }, userId=0, lastActiveTime=1042148697, windowingMode=1, isThumbnailBlur=false, isScreening=false, topActivity=ComponentInfo{com.android.providers.downloads.ui/com.android.providers.downloads.ui.activity.DownloadFilterListActivity}, mHashCode=15968007}, title=, titleDescription=, bounds=null, isLaunchTarget=false, isStackTask=true, isSystemApp=true, isDockable=true, baseActivity=ComponentInfo{com.android.browser/com.android.browser.BrowserActivity}, isLocked=false, isAccessLocked=false, mNeedHide=false] , isLock=false
01-10 15:05:36.734  4209  4291 E Launcher: notifyBackGestureStatus:run usingFsGesture=true   show=true   focus=false   pause=true
01-10 15:05:36.734  4209  4209 D TaskView: TaskView bind task, task=[TaskKey{id=511, stackId=0, baseIntent=Intent { act=android.intent.action.MAIN cat=[android.intent.category.LAUNCHER] flg=0x10200000 cmp=cn.missevan/.activity.MainActivity }, userId=0, lastActiveTime=1042160842, windowingMode=1, isThumbnailBlur=false, isScreening=false, topActivity=ComponentInfo{cn.missevan/cn.missevan.activity.MainActivity}, mHashCode=16146753}, title=FM, titleDescription=FM, bounds=null, isLaunchTarget=true, isStackTask=true, isSystemApp=false, isDockable=true, baseActivity=ComponentInfo{cn.missevan/cn.missevan.activity.MainActivity}, isLocked=false, isAccessLocked=false, mNeedHide=false] , isLock=false
01-10 15:05:36.734  1303  4675 D vendor.hardware.vibratorfeature: Starting perform on another thread
01-10 15:05:36.735  4209  4209 D TaskView: TaskView bind task, task=[TaskKey{id=511, stackId=0, baseIntent=Intent { act=android.intent.action.MAIN cat=[android.intent.category.LAUNCHER] flg=0x10200000 cmp=cn.missevan/.activity.MainActivity }, userId=0, lastActiveTime=1042160842, windowingMode=1, isThumbnailBlur=false, isScreening=false, topActivity=ComponentInfo{cn.missevan/cn.missevan.activity.MainActivity}, mHashCode=16146753}, title=FM, titleDescription=FM, bounds=null, isLaunchTarget=true, isStackTask=true, isSystemApp=false, isDockable=true, baseActivity=ComponentInfo{cn.missevan/cn.missevan.activity.MainActivity}, isLocked=false, isAccessLocked=false, mNeedHide=false] , isLock=false
01-10 15:05:36.735  4209  4209 D TaskView: TaskView bind task, task=[TaskKey{id=505, stackId=0, baseIntent=Intent { act=android.intent.action.MAIN cat=[android.intent.category.LAUNCHER] flg=0x10200000 cmp=com.android.browser/.launch.SplashActivity }, userId=0, lastActiveTime=1042148697, windowingMode=1, isThumbnailBlur=false, isScreening=false, topActivity=ComponentInfo{com.android.providers.downloads.ui/com.android.providers.downloads.ui.activity.DownloadFilterListActivity}, mHashCode=15968007}, title=, titleDescription=, bounds=null, isLaunchTarget=false, isStackTask=true, isSystemApp=true, isDockable=true, baseActivity=ComponentInfo{com.android.browser/com.android.browser.BrowserActivity}, isLocked=false, isAccessLocked=false, mNeedHide=false] , isLock=false
01-10 15:05:36.735  4209  4209 D TaskView: TaskView bind task, task=[TaskKey{id=477, stackId=0, baseIntent=Intent { act=miui.intent.action.scanbarcode flg=0x10000000 cmp=com.xiaomi.scanner/.app.ScanActivity }, userId=0, lastActiveTime=1041919710, windowingMode=1, isThumbnailBlur=false, isScreening=false, topActivity=ComponentInfo{com.xiaomi.scanner/com.xiaomi.scanner.app.ScanActivity}, mHashCode=15133859}, title=, titleDescription=, bounds=null, isLaunchTarget=false, isStackTask=true, isSystemApp=false, isDockable=false, baseActivity=ComponentInfo{com.xiaomi.scanner/com.xiaomi.scanner.app.ScanActivity}, isLocked=false, isAccessLocked=false, mNeedHide=false] , isLock=false
01-10 15:05:36.739  4174  4192 W System  : A resource failed to call release.
01-10 15:05:36.739  4174  4192 W System  : A resource failed to call release.
01-10 15:05:36.741  4209  4209 D EventBus: No subscribers registered for event class com.miui.home.launcher.common.messages.CloseAllOverLauncherWindowMessage
01-10 15:05:36.741  4209  4209 D EventBus: No subscribers registered for event class org.greenrobot.eventbus.NoSubscriberEvent
01-10 15:05:36.742  4209  4209 E RotationHelper: setCurrentStateRequest: request=1
01-10 15:05:36.742  4209  4209 E RotationHelper: notifyChange activityFlags=1, mMultiWindowRotationRequest=3, mCurrentTransitionRequest=2, mCurrentStateRequest=1
01-10 15:05:36.744  2419  4016 W ActivityHelper: Unable to access /d/ion/heaps/system: No such file or directory
01-10 15:05:36.744  2419  4016 W ActivityHelper: Unable to access /d/ion/ion_mm_heap: No such file or directory
01-10 15:05:36.744  4209  4291 D RecentsContainer: notifyRecentTaskState: true
01-10 15:05:36.744  4209  4461 D RecentsContainer: getFreeMemory:3639382016
01-10 15:05:36.747  4209  4209 E StateManager: setWorkspaceProperty  state=OverviewState
01-10 15:05:36.747  4209  4209 E RecentsViewStateController: setState: state=OverviewState
01-10 15:05:36.747  4209  4443 I HandWritingStubImpl: isKeyboardTypeChanged: false
01-10 15:05:36.748  4209  4209 E OverviewState: onStateTransitionEnd
01-10 15:05:36.748  4209  4209 E RotationHelper: setCurrentStateRequest: request=1
01-10 15:05:36.748  5856  5900 D LauncherOverlay: closeOverlay:0
01-10 15:05:36.748  4209  4209 D NavStubView: onTouchEvent: action=2, count=1
01-10 15:05:36.748  5856  5856 D LauncherOverlay.SlidingWindow: hideOverlay:0
01-10 15:05:36.749  4209  4209 D RecentsContainer: onMeasure, rotation=0
01-10 15:05:36.749  4209  4209 D RecentsContainer: rotateRecentsContainer, recentsRotation=0, widthAndHeight=[1080, 2400]
01-10 15:05:36.749  4209  4209 D TaskStackLayoutAlgorithm: initialize: windowRect=Rect(0, 0 - 1080, 2400), mVisualRotationSystemInsets=Rect(0, 104 - 0, 44), mTaskStackViewRect=Rect(0, 104 - 1080, 2400), mTaskViewRect=RectF(305.74, 104.0, 774.26, 1236.0676)
01-10 15:05:36.749  4209  4209 D TaskStackLayoutAlgorithm: initialize: windowRect=Rect(0, 0 - 1080, 2400), mVisualRotationSystemInsets=Rect(0, 104 - 0, 44), mTaskStackViewRect=Rect(0, 104 - 1080, 2400), mTaskViewRect=RectF(305.74, 104.0, 774.26, 1236.0676)
01-10 15:05:36.751  2419  3434 D SchedBoost: startBoostInternal 2000
01-10 15:05:36.751  2419  3434 D SchedBoost: ready to boost
01-10 15:05:36.752  2419  3434 D SchedBoost: startBoostInternal 2000
01-10 15:05:36.752  2419  3434 D SchedBoost: ready to boost
01-10 15:05:36.756  4209  4209 D NavStubView: onPointEvent: rawX=491.15845   rawY=2055.2922   action=2   mIsInFsMode=false
01-10 15:05:36.756  4209  4209 D NavStubView: onTouchEvent: action=2, count=1
01-10 15:05:36.761  4209  4443 D RecentsAndFSGestureUtils: canTaskEnterSmallWindow, pkg=cn.missevan, taskId=511, result=true, because only use taskId to distinguish
01-10 15:05:36.761  4209  4443 D NavStubView: NavStubView::initTopWindowCrop
01-10 15:05:36.761  4209  4443 D NavStubView: NavStubView::initTopWindowCrop    addView
01-10 15:05:36.763  4209  4209 W GestureStateMachine: AppTaskHoldState msg=2
01-10 15:05:36.763  4209  4209 W GestureStateMachine: AppTaskHoldState msg=3
01-10 15:05:36.764  4209  4209 D NavStubView: onPointEvent: rawX=490.9   rawY=2053.6748   action=2   mIsInFsMode=false
01-10 15:05:36.764  4209  4209 D NavStubView: onTouchEvent: action=2, count=1
01-10 15:05:36.765  2419  3434 D SchedBoost: startBoostInternal 2000
01-10 15:05:36.765  2419  3434 D SchedBoost: ready to boost
01-10 15:05:36.765  2419  3434 D SchedBoost: startBoostInternal 2000
01-10 15:05:36.766  2419  3434 D SchedBoost: ready to boost
01-10 15:05:36.767  4209  4209 W GestureStateMachine: AppTaskHoldState msg=3
01-10 15:05:36.768  4209  4209 D NavStubView: onPointEvent: rawX=490.48303   rawY=2052.4075   action=2   mIsInFsMode=false
01-10 15:05:36.769  3860  3935 D HomeWallpaperRenderer: OFFSET  x: 0.0  y: 0.0
01-10 15:05:36.770  2411  2532 I appium  : AppiumResponse: {"sessionId":"292b40e7-01ea-4d1c-892b-8b3f80ed22d0","value":{"ELEMENT":"00000000-0000-0016-ffff-ffff00000463","element-6066-11e4-a52e-4f735466cecf":"00000000-0000-0016-ffff-ffff00000463"}}
01-10 15:05:36.770  3860  4773 W OpenGLRenderer: Surface doesn't have any previously queued frames, nothing to readback from
01-10 15:05:36.770  4209  4209 D NavStubView: onTouchEvent: action=2, count=1
01-10 15:05:36.770  3860  4773 W OpenGLRenderer: Surface doesn't have any previously queued frames, nothing to readback from
01-10 15:05:36.770  3860  3935 D HomeWallpaperRenderer: OFFSET  x: 0.0  y: 0.0
01-10 15:05:36.772  4209  4209 W GestureStateMachine: AppTaskHoldState msg=3
01-10 15:05:36.772  4209  4209 D NavStubView: onPointEvent: rawX=489.95   rawY=2051.45   action=2   mIsInFsMode=false
01-10 15:05:36.773  3860  3935 D HomeWallpaperRenderer: OFFSET  x: 0.0  y: 0.0
01-10 15:05:36.775  2419  3434 D SchedBoost: startBoostInternal 2000
01-10 15:05:36.775  2419  3434 D SchedBoost: ready to boost
01-10 15:05:36.776  2419  3434 D SchedBoost: startBoostInternal 2000
01-10 15:05:36.776  2419  3434 D SchedBoost: ready to boost
01-10 15:05:36.776  3860  4773 W OpenGLRenderer: Surface doesn't have any previously queued frames, nothing to readback from
01-10 15:05:36.777  2419  3434 D SchedBoost: startBoostInternal 2000
01-10 15:05:36.777  2419  3434 D SchedBoost: ready to boost
01-10 15:05:36.777  2419  3434 D SchedBoost: startBoostInternal 2000
01-10 15:05:36.778  2419  3434 D SchedBoost: ready to boost
01-10 15:05:36.779  4209  4209 W GestureStateMachine: AppTaskHoldState msg=2
01-10 15:05:36.779  2419  2924 D MIUIInput: [MotionEvent] publisher action=0x1, 174767609, channel 'f0aa62 GestureStubHome (server)'
01-10 15:05:36.779 10745 10797 D IdProviderImpl: getOAID from com.miui.analytics
01-10 15:05:36.779  4209  4209 D NavStubView: onTouchEvent: action=1, count=1
01-10 15:05:36.780  4209  4209 D NavStubView: ACTION_UP: mIsGestureStarted: true
01-10 15:05:36.780  4209  4209 W GestureStateMachine: AppTaskHoldState msg=3
01-10 15:05:36.780  4209  4209 D NavStubView: onPointEvent: rawX=490.1   rawY=2051.7   action=1   mIsInFsMode=false
01-10 15:05:36.781  4209  4209 D NavStubView: isFastPullUp  mPivotLocY=2233   mFollowTailY=2249.475   TAIL_GAP=25   vx=-0.04390942   vy=-0.096386455
01-10 15:05:36.785  2419  3434 D SchedBoost: startBoostInternal 2000
01-10 15:05:36.785  2419  3434 D SchedBoost: ready to boost
01-10 15:05:36.786  2419  3434 D SchedBoost: startBoostInternal 2000
01-10 15:05:36.786  2419  3434 D SchedBoost: ready to boost
01-10 15:05:36.786  2419  2620 D PerfImpl: perfGetWorkLoadType
01-10 15:05:36.787  2419  3434 D SchedBoost: startBoostInternal 2000
01-10 15:05:36.787  2419  3434 D SchedBoost: ready to boost
01-10 15:05:36.787  4209  4209 W GestureStateMachine: AppTaskHoldState msg=10
01-10 15:05:36.787  4209  4209 D NavStubView: performAppToRecents
01-10 15:05:36.787  2419  2620 D PerfImpl: perfScrollBoost: cn.missevan, -1, 4
01-10 15:05:36.787  4209  4209 D NavStubView: ===>>>finalization executed from: performAppToRecents
01-10 15:05:36.787  4209  4209 E RotationHelper: setCurrentTransitionRequest: request=0
01-10 15:05:36.787  4209  4209 E RotationHelper: notifyChange activityFlags=1, mMultiWindowRotationRequest=3, mCurrentTransitionRequest=0, mCurrentStateRequest=1
01-10 15:05:36.788  2419  3434 D SchedBoost: startBoostInternal 2000
01-10 15:05:36.788  2419  3434 D SchedBoost: ready to boost
01-10 15:05:36.788  4209  4209 D NavStubView: performAppToRecents, mCurRect=RectF(67.70761, 241.97351, 943.8302, 2063.25), homeRotationTargetRectF=RectF(48.73999, 842.0, 517.26, 1864.0676), targetRectF=RectF(48.73999, 842.0, 517.26, 1864.0676)
01-10 15:05:36.789  4209  4291 E StateBroadcastUtils: sendFsStateBroadCast state=toRecents   channel=gesture   packageName=
01-10 15:05:36.789  2419  2620 D PerfImpl: perfGetWorkLoadType
01-10 15:05:36.789  3860  4773 W OpenGLRenderer: Surface doesn't have any previously queued frames, nothing to readback from
01-10 15:05:36.789  3860  3935 D HomeWallpaperRenderer: OFFSET  x: 0.0  y: 0.0
01-10 15:05:36.790  2419  2620 D PerfImpl: perfLockRelease
01-10 15:05:36.791  4209  4369 I Launcher: notifyPowerKeeperGesture status: to_recent
01-10 15:05:36.791  4209  4348 D MiuiMultiWindowUtils: readFreeformTimestamps::str = null
01-10 15:05:36.791  4209  4348 D MiuiMultiWindowUtils: readFreeformTimestamps::result = {}
01-10 15:05:36.794  4209  4443 D RecentsAndFSGestureUtils: canTaskEnterSmallWindow, pkg=cn.missevan, taskId=511, result=true, because only use taskId to distinguish
01-10 15:05:36.794  4209  4443 D RecentsTopWindowCrop_RecentsSmallWindowCrop: initSmallWindowCrop
01-10 15:05:36.795  4209  4443 D RecentsTopWindowCrop_RecentsSmallWindowCrop: enterShowState
01-10 15:05:36.796  3860  3935 D HomeWallpaperRenderer: OFFSET  x: 0.0  y: 0.0
01-10 15:05:36.798  3860  4773 W OpenGLRenderer: Surface doesn't have any previously queued frames, nothing to readback from
01-10 15:05:36.801  2742  2742 D DecorView[MainActivity]: onWindowFocusChanged hasWindowFocus false
01-10 15:05:36.803  2419  5346 I WindowManagerService: Physical orientation applied, rotation=0 sfOrientation=ORIENTATION_0
01-10 15:05:36.808  3860  3935 D HomeWallpaperRenderer: OFFSET  x: 0.0  y: 0.0
01-10 15:05:36.809  3860  4773 W OpenGLRenderer: Surface doesn't have any previously queued frames, nothing to readback from
01-10 15:05:36.812  4526  4540 I issevan:channe: This is sticky GC, maxfree is 8388608 minfree is 2097152
01-10 15:05:36.813  1303  4675 D vendor.hardware.vibratorfeature: Notifying perform complete
01-10 15:05:36.815  1303  1303 D vendor.hardware.vibratorfeature: QTI Vibrator off
01-10 15:05:36.815  2419  3434 D SchedBoost: startBoostInternal 2000
01-10 15:05:36.815  2419  3434 D SchedBoost: ready to boost
01-10 15:05:36.815  1303  1303 D DynamicEffectThread: pause
01-10 15:05:36.815  1303  1303 D DynamicEffectDevice: FFDevice pause
01-10 15:05:36.815  2419  3434 D SchedBoost: startBoostInternal 2000
01-10 15:05:36.816  2419  3434 D SchedBoost: ready to boost
01-10 15:05:36.816  1236  2048 I vendor.qti.hardware.display.composer-service: FrameNotifyProcess Sensor: notify citsensorservice to trigger cwb
01-10 15:05:36.817  2064  2164 I libcitsensorservice@2.0-impl: msg_transfer
01-10 15:05:36.817  2064  2998 D vendor.xiaomi.sensor.citsensorservice@2.0-service: handle id:8 wxh:1280x2400 uwxuh:1080x2400 size: 9216000 fd:15 fd_meta:16 flags:0x4000228 usage:0x33  format:0x3 layer_count: 1
01-10 15:05:36.817  1236  1800 I SDM     : HWCSession::SetCWBOutputBuffer: CWB config passed by cwb_client : tappoint 1  CWB_ROI : (829.000000 4.000000 915.000000 90.000000)
01-10 15:05:36.817  4209  4209 W RenderThread: type=1400 audit(0.0:63093): avc: denied { read write } for name="metis" dev="tmpfs" ino=1128 scontext=u:r:platform_app:s0:c512,c768 tcontext=u:object_r:migt_dev:s0 tclass=chr_file permissive=0 app=com.miui.home
01-10 15:05:36.820  1236  4683 I SDM     : HWCSession::ProcessRequests: Successfully configured CWB buffer.
01-10 15:05:36.820  3860  3935 D HomeWallpaperRenderer: OFFSET  x: 0.0  y: 0.0
01-10 15:05:36.821  3860  4773 W OpenGLRenderer: Surface doesn't have any previously queued frames, nothing to readback from
01-10 15:05:36.823  3860  3935 D HomeWallpaperRenderer: OFFSET  x: 0.0  y: 0.0
01-10 15:05:36.824  3860  4773 W OpenGLRenderer: Surface doesn't have any previously queued frames, nothing to readback from
01-10 15:05:36.829  1236  4683 I SDM     : HWCSession::ProcessRequests: Pushing release fence in fenece wait queue.
01-10 15:05:36.829  1236  4683 I SDM     : HWCSession::ProcessRequests: Creating AsyncFenceWaits async thread.
01-10 15:05:36.830  1236  4683 I SDM     : HWCSession::ProcessRequests: Remove current CWB request from the pending request queue.
01-10 15:05:36.830  1236  4683 I SDM     : HWCSession::ProcessRequests: No pending cwb requests found in the queue.
01-10 15:05:36.833  3860  4773 W OpenGLRenderer: Surface doesn't have any previously queued frames, nothing to readback from
01-10 15:05:36.833  1236  1352 I SDM     : HWDeviceDRM::SetupConcurrentWriteback: Tear down the Concurrent Writeback topology
01-10 15:05:36.833  3860  3935 D HomeWallpaperRenderer: OFFSET  x: 0.0  y: 0.0
01-10 15:05:36.837  3860  4773 W OpenGLRenderer: Surface doesn't have any previously queued frames, nothing to readback from
01-10 15:05:36.838  3860  3935 D HomeWallpaperRenderer: OFFSET  x: 0.0  y: 0.0
01-10 15:05:36.842  1236  4686 I SDM     : HWCSession::NotifyCWBStatus: Notify the client about buffer status 0.
01-10 15:05:36.842  1236  4686 I SDM     : HWCSession::PerformFenceWaits: Remove current release fence from the pending fence wait queue.
01-10 15:05:36.842  1236  4686 I SDM     : HWCSession::PerformFenceWaits: CWB fence queue is empty. No pending release fence to wait on.
01-10 15:05:36.845  3860  3935 D HomeWallpaperRenderer: OFFSET  x: 0.0  y: 0.0
01-10 15:05:36.845  3860  4773 W OpenGLRenderer: Surface doesn't have any previously queued frames, nothing to readback from
01-10 15:05:36.848  4209  4291 D StatusBarController: handleMessage: flag 800000  disable false
01-10 15:05:36.854  3860  4773 W OpenGLRenderer: Surface doesn't have any previously queued frames, nothing to readback from
01-10 15:05:36.854  3860  3935 D HomeWallpaperRenderer: OFFSET  x: 0.0  y: 0.0
01-10 15:05:36.863  3860  3935 D HomeWallpaperRenderer: OFFSET  x: 0.0  y: 0.0
01-10 15:05:36.863  3860  4773 W OpenGLRenderer: Surface doesn't have any previously queued frames, nothing to readback from
01-10 15:05:36.871  3860  3935 D HomeWallpaperRenderer: OFFSET  x: 0.0  y: 0.0
01-10 15:05:36.871  3860  4773 W OpenGLRenderer: Surface doesn't have any previously queued frames, nothing to readback from
01-10 15:05:36.882  4209  4443 D NavStubView: NavStubView::exitTopWindowCrop
01-10 15:05:36.882  4209  4443 D NavStubView: NavStubView::mRemoveTopViewRunnable
01-10 15:05:36.883  3860  4773 W OpenGLRenderer: Surface doesn't have any previously queued frames, nothing to readback from
01-10 15:05:36.883  3860  3935 D HomeWallpaperRenderer: OFFSET  x: 0.0  y: 0.0
01-10 15:05:36.888  2419  3969 W InputManager-JNI: Input channel object 'addf7a2 home_smallwindow_crop (client)' was disposed without first being removed with the input manager!
01-10 15:05:36.889  3860  4773 W OpenGLRenderer: Surface doesn't have any previously queued frames, nothing to readback from
01-10 15:05:36.889  3860  3935 D HomeWallpaperRenderer: OFFSET  x: 0.0  y: 0.0
01-10 15:05:36.899  3860  3935 D HomeWallpaperRenderer: OFFSET  x: 0.0  y: 0.0
01-10 15:05:36.899  3860  4773 W OpenGLRenderer: Surface doesn't have any previously queued frames, nothing to readback from
01-10 15:05:36.904  3860  3935 D HomeWallpaperRenderer: OFFSET  x: 0.0  y: 0.0
01-10 15:05:36.904  3860  4773 W OpenGLRenderer: Surface doesn't have any previously queued frames, nothing to readback from
01-10 15:05:36.911  3860  3935 D HomeWallpaperRenderer: OFFSET  x: 0.0  y: 0.0
01-10 15:05:36.912  3860  4773 W OpenGLRenderer: Surface doesn't have any previously queued frames, nothing to readback from
01-10 15:05:36.920  3860  3935 D HomeWallpaperRenderer: OFFSET  x: 0.0  y: 0.0
01-10 15:05:36.920  3860  4773 W OpenGLRenderer: Surface doesn't have any previously queued frames, nothing to readback from
01-10 15:05:36.921  2419  2634 I LatencyTracker: ACTION_START_RECENTS_ANIMATION latency=1877676393
01-10 15:05:36.928  3860  3935 D HomeWallpaperRenderer: OFFSET  x: 0.0  y: 0.0
01-10 15:05:36.928  3860  4773 W OpenGLRenderer: Surface doesn't have any previously queued frames, nothing to readback from
01-10 15:05:36.931  3525  4389 W SingletonPool: create com.tencent.qzonehub.api.impl.QzonePatchApiImpl
01-10 15:05:36.931  3525  4389 W SingletonPool: create com.tencent.qzonehub.api.impl.QzonePatchApiImpl cost:0
01-10 15:05:36.932  3525  4389 W SingletonPool: create com.tencent.qzonehub.api.impl.QzoneModuleManageApiImpl
01-10 15:05:36.932  3525  4389 W SingletonPool: create com.tencent.qzonehub.api.impl.QzoneModuleManageApiImpl cost:0
01-10 15:05:36.935  3525  4389 I QzoneModuleConfigManager: getUpdateInfo:upload.jar
01-10 15:05:36.936  3525  4389 W SingletonPool: create com.tencent.mobileqq.vas.adv.api.impl.VasAdvApiImpl
01-10 15:05:36.936  3525  4389 W SingletonPool: create com.tencent.mobileqq.vas.adv.api.impl.VasAdvApiImpl cost:0
01-10 15:05:36.939  3860  4773 W OpenGLRenderer: Surface doesn't have any previously queued frames, nothing to readback from
01-10 15:05:36.940  3860  3935 D HomeWallpaperRenderer: OFFSET  x: 0.0  y: 0.0
01-10 15:05:36.940  3525  3552 I QzoneConfig: key = qzonesetting secondaryKey= newestfeedsmintimecell value= null
01-10 15:05:36.940  3525  3552 I QzoneConfig: key = qzonesetting secondaryKey= newestfeedsminrefreshtimecell value= null
01-10 15:05:36.941  2419  4016 W ServiceManager: Permission failure: android.permission.HIGH_SAMPLING_RATE_SENSORS from uid=10250 pid=3525
01-10 15:05:36.941  3525  3552 D mqq     : newServlet = com.tencent.mobileqq.qzonestatus.b@91b55e7
01-10 15:05:36.942  3525  3552 D mqq     : registerServletCommand className:com.tencent.mobileqq.qzonestatus.b servlet:com.tencent.mobileqq.qzonestatus.b@91b55e7
01-10 15:05:36.946  3411  3679 D MSF.C.NetConnTag.true: msf can not get ssid
01-10 15:05:36.946  3411  3679 D MSF.C.NetConnTag.true: msf can not get ssid
01-10 15:05:36.947  3411  3679 D MSF.C.NetConnTag.true: encodeRequest cmd: SQQzoneSvc.getAIONewestFeeds, with version = 11, AppId = 537142041
01-10 15:05:36.947  3411  3679 D MSF.C.NetConnTag.true: pa ok: 31383
01-10 15:05:36.947  3411  3679 D MSF.C.NetConnTag.DualConnContext.true: tryDualConn
01-10 15:05:36.947  3411  3679 D MSF.C.NetConnTag.true: netSend ssoSeq:31383 uin:*8419 cmd:GRIBLjU2IAk8IH4zPywEEwUNNSM/KzEcLyY0Jw 32195 84e3ce6 socketEngineID: 0 socket: 139345126
01-10 15:05:36.948  3860  3935 D HomeWallpaperRenderer: OFFSET  x: 0.0  y: 0.0
01-10 15:05:36.950  3860  4773 W OpenGLRenderer: Surface doesn't have any previously queued frames, nothing to readback from
01-10 15:05:36.953  3860  3935 D HomeWallpaperRenderer: OFFSET  x: 0.0  y: 0.0
01-10 15:05:36.957  3525  4689 D PandoraEx.MonitorReporter: module[network], systemApi[TM#G_NET_TYPE], scene[back], strategy[normal], isSystemCall[true
01-10 15:05:36.957  3860  4773 W OpenGLRenderer: Surface doesn't have any previously queued frames, nothing to readback from
01-10 15:05:36.961  3860  3935 D HomeWallpaperRenderer: OFFSET  x: 0.0  y: 0.0
01-10 15:05:36.962  3860  4773 W OpenGLRenderer: Surface doesn't have any previously queued frames, nothing to readback from
01-10 15:05:36.963  3525  4688 D PandoraEx.MonitorReporter: module[network], systemApi[TM#G_NET_TYPE], scene[back], strategy[normal], isSystemCall[true
01-10 15:05:36.969  3525  4689 D PandoraEx.MonitorReporter: module[device], systemApi[TM#G_SIM_OP], scene[back], strategy[cache_only], isSystemCall[false
01-10 15:05:36.969  3525  4688 D PandoraEx.MonitorReporter: module[device], systemApi[TM#G_SIM_OP], scene[back], strategy[cache_only], isSystemCall[false
01-10 15:05:36.970  3860  3935 D HomeWallpaperRenderer: OFFSET  x: 0.0  y: 0.0
01-10 15:05:36.971  3860  4773 W OpenGLRenderer: Surface doesn't have any previously queued frames, nothing to readback from
01-10 15:05:36.980  3860  3935 D HomeWallpaperRenderer: OFFSET  x: 0.0  y: 0.0
01-10 15:05:36.981  2064  3007 D libsensor-displayalgo: the value of  brightness:439.000000,R:43074154.879012,G:42983071.690123,B:40644798.831168,EVENT_C:6894.500000,EVENT_R:2692.000000,EVENT_G:3460.000000,EVENT_B:1358.500000
01-10 15:05:36.981  2064  3007 I libsensor-displayalgo: the value of  Coef1:1107.681000,Coef4:2.383000, scale1:0.935522, scale4:0.923264
01-10 15:05:36.981  2064  3007 E libsensor-displayalgo: RGB_test_0407_400_oldzy!
01-10 15:05:36.981  2064  3007 I libsensor-displayalgo: the value of  RESULT2082.932709,816.883956,1037.731054,367.289399
01-10 15:05:36.981  2064  3007 I libsensor-displayalgo: the value of  getChannelDataCalibrated2184.022000,756.582572,1206.294276,400.940662
01-10 15:05:36.981  3860  4773 W OpenGLRenderer: Surface doesn't have any previously queued frames, nothing to readback from
01-10 15:05:36.981  2064  3007 I libsensor-displayalgo: the value of  REAL LUX284.227661
01-10 15:05:36.981  2064  3007 I libsensor-displayalgo: the value of  CAL REAL LUX284.227661
01-10 15:05:36.984  3525  4389 D PandoraEx.MonitorReporter: module[sensor], systemApi[SM#G_DS#I], scene[back], strategy[normal], isSystemCall[true
01-10 15:05:36.985  3525  4389 I StepServiceAsync: ban_info:1
01-10 15:05:36.985  3525  4689 I PlayerCore: getCpuArchitecture Build.CPU_ABI: arm64-v8a
01-10 15:05:36.985  3525  4689 I PlayerCore: loadLib cpu arch:7
01-10 15:05:36.985  3525  4689 I PlayerCore: loadLibDefault loading TPCore-master
01-10 15:05:36.987  3860  3935 D HomeWallpaperRenderer: OFFSET  x: 0.0  y: 0.0
01-10 15:05:36.987  3860  4773 W OpenGLRenderer: Surface doesn't have any previously queued frames, nothing to readback from
01-10 15:05:36.994  3860  3935 D HomeWallpaperRenderer: OFFSET  x: 0.0  y: 0.0
01-10 15:05:36.995  3860  4773 W OpenGLRenderer: Surface doesn't have any previously queued frames, nothing to readback from
01-10 15:05:37.005  3525  4689 E LIBNATIVE-MEMORY-LIBRARY-LIB: jni-loadlibrary-util.cpp:MyNativeLoad(70) >> native load libTPCore-master.so, isSystem 0
01-10 15:05:37.006  3860  4773 W OpenGLRenderer: Surface doesn't have any previously queued frames, nothing to readback from
01-10 15:05:37.007  3860  3935 D HomeWallpaperRenderer: OFFSET  x: 0.0  y: 0.0
01-10 15:05:37.014  3860  3935 D HomeWallpaperRenderer: OFFSET  x: 0.0  y: 0.0
01-10 15:05:37.014  3525  4389 I SportManager: refreshCurrentStep call from:login
01-10 15:05:37.015  3860  4773 W OpenGLRenderer: Surface doesn't have any previously queued frames, nothing to readback from
01-10 15:05:37.015  3525  4389 D mqq     : newServlet = com.tencent.mobileqq.vashealth.f@81054a9
01-10 15:05:37.015  3525  4389 D mqq     : registerServletCommand className:com.tencent.mobileqq.vashealth.f servlet:com.tencent.mobileqq.vashealth.f@81054a9
01-10 15:05:37.019  3411  4283 D PandoraEx.MonitorReporter: module[sensor], systemApi[SM#G_DS#I], scene[back], strategy[normal], isSystemCall[true
01-10 15:05:37.020  1210  1210 I sensors-hal: activate:174, android.sensor.step_counter/191 en=0
01-10 15:05:37.020  3860  3935 D HomeWallpaperRenderer: OFFSET  x: 0.0  y: 0.0
01-10 15:05:37.021  3860  4773 W OpenGLRenderer: Surface doesn't have any previously queued frames, nothing to readback from
01-10 15:05:37.022  1210  1210 I sensors-hal: activate:185, android.sensor.step_counter/191 en=0 completed
01-10 15:05:37.024  3411  4283 D PandoraEx.MonitorReporter: module[sensor], systemApi[SM#RL#SSII], scene[back], strategy[normal], isSystemCall[true
01-10 15:05:37.025  1174  1630 E minksocket: MinkIPC_QRTR_Service: client with node 1 port 593e went down
01-10 15:05:37.026  3525  4689 E LIBNATIVE-MEMORY-LIBRARY-LIB: alog.cpp:findClassIfNecessary(62) >> Check failed: klass.
01-10 15:05:37.026  3525  4689 E LIBNATIVE-MEMORY-LIBRARY-LIB: alog.cpp:findLogMethodIfNecessary(74) >> Check failed: findClassIfNecessary(se).
01-10 15:05:37.027  3411  3724 D MSF.C.NetConnTag.true: netRecv ssoSeq:31383 uin:*8419 cmd:GRIBLjU2IAk8IH4zPywEEwUNNSM/KzEcLyY0Jw 31743 cross:0 socketEngineID: 0 socket: 139345126
01-10 15:05:37.027  3525  4689 E LIBNATIVE-MEMORY-LIBRARY-LIB: jni-loadlibrary-util.cpp:FindLibrary(48) >> Check failed: lib_name. so: libTPCore-master.so
01-10 15:05:37.027  3525  4689 E LIBNATIVE-MEMORY-LIBRARY-LIB: so_load_hooker.h:afterSoLoad(90) >> std_path =
01-10 15:05:37.027  3525  4689 E LIBNATIVE-MEMORY-LIBRARY-LIB: so_load_hooker.h:afterSoLoad(91) >> Check failed: !std_path.empty().
01-10 15:05:37.028  3525  4689 E PlayerCore: loadLibDefault failed to load TPCore-master,dlopen failed: library "libTPCore-master.so" not found
01-10 15:05:37.028  3525  4689 E PlayerCore: Failed to load native libs
01-10 15:05:37.028  3525  4689 I PlayerCore: TPNativeLibraryLoader load lib failed
01-10 15:05:37.028  3525  4689 E PlayerCore: TPNativeLibraryLoader isLibLoaded error:Failed to load native library
01-10 15:05:37.028  3411  3699 I MSF.S.AppProcessManager: SendToApp process:com.tencent.mobileqq fromServiceMsg: FromServiceMsg msName:unknown ssoSeq:31383 serviceCmd:SQQzoneSvc.getAIONewestFeeds appSeq:89 failCode:1000 cos t =0 needBoot=false to.len = 700 from.len = 251
01-10 15:05:37.028  3525  4688 I PlayerCore: loadLib cpu arch:7
01-10 15:05:37.028  3525  4688 I PlayerCore: loadLibDefault loading TPCore-master
01-10 15:05:37.029  3525  4688 E LIBNATIVE-MEMORY-LIBRARY-LIB: jni-loadlibrary-util.cpp:MyNativeLoad(70) >> native load libTPCore-master.so, isSystem 0
01-10 15:05:37.030  3525  3537 D MSF.D.Proxy: onReceiveResp, fromServiceMsg = SQQzoneSvc.getAIONewestFeeds, ssoSeq = 31383, length = 251
01-10 15:05:37.031  2419  3969 W ServiceManager: Permission failure: android.permission.HIGH_SAMPLING_RATE_SENSORS from uid=10250 pid=3411
01-10 15:05:37.038  1210  1210 I sensors-hal: batch:207, android.sensor.step_counter/191, period=1000000, max_latency=360000000000
01-10 15:05:37.038  1210  1210 I sensors-hal: set_config:61, no need to adjust sample_period_ns due to reporting_mode = 2
01-10 15:05:37.038  1210  1210 I sensors-hal: batch:216, android.sensor.step_counter/191, period=1000000, max_latency=360000000000 request completed
01-10 15:05:37.038  1210  1210 I sensors-hal: activate:174, android.sensor.step_counter/191 en=1
01-10 15:05:37.038  1210  1210 I sensors-hal: get_qmi_debug_flag:240, support_qmi_debug : false
01-10 15:05:37.041  1174  1630 E minksocket: MinkIPC_QRTR_Service: client with node 1 port 593f went down
01-10 15:05:37.045  3860  3935 D HomeWallpaperRenderer: OFFSET  x: 0.0  y: 0.0
01-10 15:05:37.045  1174  1630 E minksocket: MinkIPC_QRTR_Service: client with node 1 port 5940 went down
01-10 15:05:37.045  1174  1630 E minksocket: MinkIPC_QRTR_Service: client with node 1 port 5941 went down
01-10 15:05:37.046  1210  1210 I sensors-hal: send_sensor_config_request:477, dt=pedometer: convert sample_period=1000000 to batch_period=1000
01-10 15:05:37.046  1210  1210 I sensors-hal: send_sync_sensor_request:340, send sync request
01-10 15:05:37.046  1210  1210 I sensors-hal: send_sync_sensor_request:366, wait for notification of response
01-10 15:05:37.047  1210  4695 I sensors-hal: ssc_conn_resp_cb:651, resp_value = 0
01-10 15:05:37.048  1210  1210 I sensors-hal: send_sync_sensor_request:372, takes 1 ms to receive the response with 0
01-10 15:05:37.048  1210  4695 I sensors-hal: handle_indication_realtime:467,  SCHED_FIFO(10) for qmi_cbk
01-10 15:05:37.048  1210  1210 I sensors-hal: activate:185, android.sensor.step_counter/191 en=1 completed
01-10 15:05:37.048  3860  4773 W OpenGLRenderer: Surface doesn't have any previously queued frames, nothing to readback from
01-10 15:05:37.050  3860  3935 D HomeWallpaperRenderer: OFFSET  x: 0.0  y: 0.0
01-10 15:05:37.050  1174  1630 E minksocket: MinkIPC_QRTR_Service: client with node 1 port 5942 went down
01-10 15:05:37.051  3860  4773 W OpenGLRenderer: Surface doesn't have any previously queued frames, nothing to readback from
01-10 15:05:37.053  3525  4688 E PlayerCore: loadLibDefault failed to load TPCore-master,dlopen failed: library "libTPCore-master.so" not found
01-10 15:05:37.053  3525  4688 E PlayerCore: Failed to load native libs
01-10 15:05:37.053  3525  4688 I PlayerCore: TPNativeLibraryLoader load lib failed
01-10 15:05:37.053  3525  4688 E PlayerCore: TPNativeLibraryLoader isLibLoaded error:Failed to load native library
01-10 15:05:37.053  3860  3935 D HomeWallpaperRenderer: OFFSET  x: 0.0  y: 0.0
01-10 15:05:37.055  3860  4773 W OpenGLRenderer: Surface doesn't have any previously queued frames, nothing to readback from
01-10 15:05:37.059  3860  4773 W OpenGLRenderer: Surface doesn't have any previously queued frames, nothing to readback from
01-10 15:05:37.060  3860  3935 D HomeWallpaperRenderer: OFFSET  x: 0.0  y: 0.0
01-10 15:05:37.062  3525  4688 D mqq     : newServlet = com.tencent.mobileqq.vas.a.a.a.a@2a74b3a
01-10 15:05:37.062  3525  4688 D mqq     : registerServletCommand className:com.tencent.mobileqq.vas.a.a.a.a servlet:com.tencent.mobileqq.vas.a.a.a.a@2a74b3a
01-10 15:05:37.064  3411  3679 D MSF.C.NetConnTag.true: msf can not get ssid
01-10 15:05:37.064  3411  3679 D MSF.C.NetConnTag.true: msf can not get ssid
01-10 15:05:37.064  3411  3679 D MSF.C.NetConnTag.true: encodeRequest cmd: trpc.sq_adv.official_account_adv_push.OfficialAccountAdvPush.AdvPush, with version = 11, AppId = 537142041
01-10 15:05:37.064  3411  3679 D MSF.C.NetConnTag.true: pa ok: 31386
01-10 15:05:37.064  3860  4773 W OpenGLRenderer: Surface doesn't have any previously queued frames, nothing to readback from
01-10 15:05:37.064  3411  3679 D MSF.C.NetConnTag.DualConnContext.true: tryDualConn
01-10 15:05:37.065  3860  3935 D HomeWallpaperRenderer: OFFSET  x: 0.0  y: 0.0
01-10 15:05:37.068  3411  3679 D MSF.C.NetConnTag.true: netSend ssoSeq:31386 uin:*8419 cmd:PjEgN3QrNAUrJyZ6NT4jMykqMTgFOSY5JTY+IAU5ISwVMyUnMnYKPCwqMz07NAQ5KSwlOi4ZISwaNiM8dBkhLBo2Izw 33022 84e3ce6 socketEngineID: 0 socket: 139345126
01-10 15:05:37.068  3860  3935 D HomeWallpaperRenderer: OFFSET  x: 0.0  y: 0.0
01-10 15:05:37.069  3860  4773 W OpenGLRenderer: Surface doesn't have any previously queued frames, nothing to readback from
01-10 15:05:37.076  3860  3935 D HomeWallpaperRenderer: OFFSET  x: 0.0  y: 0.0
01-10 15:05:37.076  3860  4773 W OpenGLRenderer: Surface doesn't have any previously queued frames, nothing to readback from
01-10 15:05:37.078  2419  2924 D MIUIInput: [MotionEvent] publisher action=0x4, 174767908, channel 'fa9cfcc NavigationBar0 (server)'
01-10 15:05:37.078  2419  2924 D MIUIInput: [MotionEvent] publisher action=0x0, 174767908, channel 'recents_animation_input_consumer (server)'
01-10 15:05:37.079  4209  4209 D TaskStackViewTouchHandler: handleTouchEvent, mActiveTaskView=com.miui.home.recents.views.TaskView{6d40114 VFE...CL. ........ 48,732-517,1864}
01-10 15:05:37.083  2419  2620 E WindowManager: Error: package name null
01-10 15:05:37.089  3525  4389 D CompatibilityChangeReporter: Compat change id reported: 160794467; UID 10250; state: DISABLED
01-10 15:05:37.092  2419  3434 D SchedBoost: startBoostInternal 2000
01-10 15:05:37.092  2419  3434 D SchedBoost: ready to boost
01-10 15:05:37.092  2419  3434 D SchedBoost: startBoostInternal 2000
01-10 15:05:37.093  2419  3434 D SchedBoost: ready to boost
01-10 15:05:37.095  3525  4389 I SportManager: register AlarmManager, alarmTime1:1673341570000
01-10 15:05:37.096  3525  4389 I SportManager: register AlarmManager, alarmTime2:1673364342000
01-10 15:05:37.096  3525  4389 W SingletonPool: create com.tencent.qqprotect.singleupdate.api.impl.QPUpdateMgrApiImpl
01-10 15:05:37.096  3411  3724 D MSF.C.NetConnTag.true: netRecv ssoSeq:31386 uin:*8419 cmd:PjEgN3QrNAUrJyZ6NT4jMykqMTgFOSY5JTY+IAU5ISwVMyUnMnYKPCwqMz07NAQ5KSwlOi4ZISwaNiM8dBkhLBo2Izw 31554 cross:0 socketEngineID: 0 socket: 139345126
01-10 15:05:37.096  3525  4389 W SingletonPool: create com.tencent.qqprotect.singleupdate.api.impl.QPUpdateMgrApiImpl cost:0
01-10 15:05:37.097  3525  4389 E Ilive   :  isVersionChange = false
01-10 15:05:37.098  3525  4389 D RedPointLog.RedpointHandler: getNewFlagOp:sendredInfo :systemTimestamp = 1673334337;lastUpdateTimestamp = 1673333425;updateInterval = 600;updateLbsInterval = 3600;lastCheckLbsInfo = 1673269326;isDebugVersion = false
01-10 15:05:37.099  3860  4773 W OpenGLRenderer: Surface doesn't have any previously queued frames, nothing to readback from
01-10 15:05:37.099  3411  3699 I MSF.S.AppProcessManager: SendToApp process:com.tencent.mobileqq fromServiceMsg: FromServiceMsg msName:unknown ssoSeq:31386 serviceCmd:trpc.sq_adv.official_account_adv_push.OfficialAccountAdvPush.AdvPush appSeq:92 failCode:1000 cos t =0 needBoot=false to.len = 1482 from.len = 8
01-10 15:05:37.099  3860  3935 D HomeWallpaperRenderer: OFFSET  x: 0.0  y: 0.0
01-10 15:05:37.101  3860  3935 D HomeWallpaperRenderer: OFFSET  x: 0.0  y: 0.0
01-10 15:05:37.101  3860  4773 W OpenGLRenderer: Surface doesn't have any previously queued frames, nothing to readback from
01-10 15:05:37.102  3860  4773 W OpenGLRenderer: Surface doesn't have any previously queued frames, nothing to readback from
01-10 15:05:37.103  3860  3935 D HomeWallpaperRenderer: OFFSET  x: 0.0  y: 0.0
01-10 15:05:37.104  4209  4209 D NavStubView: finish: toRecents=true   sendUserLeaveHint=false
01-10 15:05:37.104  3525  3537 D MSF.D.Proxy: onReceiveResp, fromServiceMsg = trpc.sq_adv.official_account_adv_push.OfficialAccountAdvPush.AdvPush, ssoSeq = 31386, length = 8
01-10 15:05:37.108  3525  4389 D RedPointLog.RedpointHandler: sendReq start
01-10 15:05:37.120  1236  2048 I vendor.qti.hardware.display.composer-service: FrameNotifyProcess Sensor: notify citsensorservice to trigger cwb
01-10 15:05:37.120  2419  3434 D SchedBoost: startBoostInternal 2000
01-10 15:05:37.120  2419  3434 D SchedBoost: ready to boost
01-10 15:05:37.121  2064  2164 I libcitsensorservice@2.0-impl: msg_transfer
01-10 15:05:37.121  2064  2998 D vendor.xiaomi.sensor.citsensorservice@2.0-service: handle id:8 wxh:1280x2400 uwxuh:1080x2400 size: 9216000 fd:15 fd_meta:16 flags:0x4000228 usage:0x33  format:0x3 layer_count: 1
01-10 15:05:37.121  2419  3434 D SchedBoost: startBoostInternal 2000
01-10 15:05:37.121  1236  1800 I SDM     : HWCSession::SetCWBOutputBuffer: CWB config passed by cwb_client : tappoint 1  CWB_ROI : (829.000000 4.000000 915.000000 90.000000)
01-10 15:05:37.122  2419  3434 D SchedBoost: ready to boost
01-10 15:05:37.128  1236  4696 I SDM     : HWCSession::ProcessRequests: Successfully configured CWB buffer.
01-10 15:05:37.129  3525  4389 W SingletonPool: create com.tencent.mobileqq.minigame.api.impl.MiniGameRedPointManagerImpl
01-10 15:05:37.129  3525  4389 W SingletonPool: create com.tencent.mobileqq.minigame.api.impl.MiniGameRedPointManagerImpl cost:0
01-10 15:05:37.129  3525  4389 D ElderModeManager: isAppRuntimeValid : true
01-10 15:05:37.130  3525  4389 D ElderModeManager: init sElderModeSwitch=false
01-10 15:05:37.131  3525  4389 I MiniGameRedPointManagerImpl: pullNewestConfig, targetExp: exp_minigame_drawer_entrance, params: ExpEntityInfo{manageTypeId=0, isExpOnline=true, mLayerName='exp_minigame_drawer_entrance', mExpName='exp_minigame_drawer_entrance', mExpAppId='1505', mAssignment='exp_minigame_drawer_entrance_B', mExpGrayId='5734592', mExpParams={versionRange=8.8.60-, conciseThemeIconUrl=http://down.qq.com/qqminigame/jianjieyejian.pnga, defaultIconUrl=http://down.qq.com/qqminigame/morenban.png, defaultIconUrl_8890=http://down.qq.com/qqminigame/jianjieyejian.pnga, order=5, title=}}
01-10 15:05:37.133  1236  4696 I SDM     : HWCSession::ProcessRequests: Pushing release fence in fenece wait queue.
01-10 15:05:37.133  1236  4696 I SDM     : HWCSession::ProcessRequests: Creating AsyncFenceWaits async thread.
01-10 15:05:37.133  1236  4696 I SDM     : HWCSession::ProcessRequests: Remove current CWB request from the pending request queue.
01-10 15:05:37.134  1236  4696 I SDM     : HWCSession::ProcessRequests: No pending cwb requests found in the queue.
01-10 15:05:37.134  3525  4389 I MiniGameRedPointManagerImpl: pullNewestConfig, targetExp: exp_minigame_drawer_entrance, params: ExpEntityInfo{manageTypeId=0, isExpOnline=true, mLayerName='exp_minigame_drawer_entrance', mExpName='exp_minigame_drawer_entrance', mExpAppId='1505', mAssignment='exp_minigame_drawer_entrance_B', mExpGrayId='5734592', mExpParams={versionRange=8.8.60-, conciseThemeIconUrl=http://down.qq.com/qqminigame/jianjieyejian.pnga, defaultIconUrl=http://down.qq.com/qqminigame/morenban.png, defaultIconUrl_8890=http://down.qq.com/qqminigame/jianjieyejian.pnga, order=5, title=}}
01-10 15:05:37.135  3525  4389 D AIOPlusPanelAppInfoConfigProcessor: Config parse configText -> {
01-10 15:05:37.135  3525  4389 D AIOPlusPanelAppInfoConfigProcessor: "appid": "201",
01-10 15:05:37.135  3525  4389 D AIOPlusPanelAppInfoConfigProcessor: "actionType": "native",
01-10 15:05:37.135  3525  4389 D AIOPlusPanelAppInfoConfigProcessor: "enableC2C": 1
01-10 15:05:37.135  3525  4389 D AIOPlusPanelAppInfoConfigProcessor: }
01-10 15:05:37.135  2419  5346 D PerfImpl: perfWarmLaunchBoost: com.miui.home, -1, 1
01-10 15:05:37.135  3525  4389 D AIOPlusPanelAppInfoConfigProcessor: Config parse configText -> {
01-10 15:05:37.135  3525  4389 D AIOPlusPanelAppInfoConfigProcessor: "appid": "202",
01-10 15:05:37.135  3525  4389 D AIOPlusPanelAppInfoConfigProcessor: "actionType": "native",
01-10 15:05:37.135  3525  4389 D AIOPlusPanelAppInfoConfigProcessor: "enableC2C": 1
01-10 15:05:37.135  3525  4389 D AIOPlusPanelAppInfoConfigProcessor: }
01-10 15:05:37.136  3525  4389 D AIOPlusPanelAppInfoConfigProcessor: Config parse configText -> {
01-10 15:05:37.136  3525  4389 D AIOPlusPanelAppInfoConfigProcessor:   "appid": "203",
01-10 15:05:37.136  3525  4389 D AIOPlusPanelAppInfoConfigProcessor:   "actionType": "native",
01-10 15:05:37.136  3525  4389 D AIOPlusPanelAppInfoConfigProcessor:   "enableC2C": 1
01-10 15:05:37.136  3525  4389 D AIOPlusPanelAppInfoConfigProcessor: }
01-10 15:05:37.136  3525  4389 D AIOPlusPanelAppInfoConfigProcessor: Config parse configText -> {
01-10 15:05:37.136  3525  4389 D AIOPlusPanelAppInfoConfigProcessor: "appid": "204",
01-10 15:05:37.136  3525  4389 D AIOPlusPanelAppInfoConfigProcessor: "actionType": "native",
01-10 15:05:37.136  3525  4389 D AIOPlusPanelAppInfoConfigProcessor: "enableC2C": 1
01-10 15:05:37.136  3525  4389 D AIOPlusPanelAppInfoConfigProcessor: }
01-10 15:05:37.136  1236  1352 I SDM     : HWDeviceDRM::SetupConcurrentWriteback: Tear down the Concurrent Writeback topology
01-10 15:05:37.137  3525  4389 D AIOPlusPanelAppInfoConfigProcessor: Config parse configText -> {
01-10 15:05:37.137  3525  4389 D AIOPlusPanelAppInfoConfigProcessor: "appid": "205",
01-10 15:05:37.137  3525  4389 D AIOPlusPanelAppInfoConfigProcessor: "actionType": "native",
01-10 15:05:37.137  3525  4389 D AIOPlusPanelAppInfoConfigProcessor: "enableC2C": 1
01-10 15:05:37.137  3525  4389 D AIOPlusPanelAppInfoConfigProcessor: }
01-10 15:05:37.137  3525  4389 D AIOPlusPanelAppInfoConfigProcessor: Config parse configText -> {
01-10 15:05:37.137  3525  4389 D AIOPlusPanelAppInfoConfigProcessor: "appid": "206",
01-10 15:05:37.137  3525  4389 D AIOPlusPanelAppInfoConfigProcessor: "actionType": "native",
01-10 15:05:37.137  3525  4389 D AIOPlusPanelAppInfoConfigProcessor: "enableC2C": 1
01-10 15:05:37.137  3525  4389 D AIOPlusPanelAppInfoConfigProcessor: }
01-10 15:05:37.137  3525  4389 D AIOPlusPanelAppInfoConfigProcessor: Config parse configText -> {
01-10 15:05:37.137  3525  4389 D AIOPlusPanelAppInfoConfigProcessor:     "appid": "207",
01-10 15:05:37.137  3525  4389 D AIOPlusPanelAppInfoConfigProcessor:     "actionType": "native",
01-10 15:05:37.137  3525  4389 D AIOPlusPanelAppInfoConfigProcessor:     "enableC2C": 1,
01-10 15:05:37.137  3525  4389 D AIOPlusPanelAppInfoConfigProcessor:     "iconNormal": "https://sola.gtimg.cn/aoi/sola/20200525103520_zSOI0iynxG.png",
01-10 15:05:37.137  3525  4389 D AIOPlusPanelAppInfoConfigProcessor:     "iconConciseNormal": "https://pub.idqqimg.com/pc/misc/files/20210624/b3a6a3cfdfe04c378ee3aab5a3b3898e.png",
01-10 15:05:37.137  3525  4389 D AIOPlusPanelAppInfoConfigProcessor:     "iconConciseNightNormal": "https://pub.idqqimg.com/pc/misc/files/20210624/4043240022b947fc9c79ef01bc97abad.png"
01-10 15:05:37.137  3525  4389 D AIOPlusPanelAppInfoConfigProcessor: }
01-10 15:05:37.138  3525  4389 D AIOPlusPanelAppInfoConfigProcessor: Config parse configText -> {
01-10 15:05:37.138  3525  4389 D AIOPlusPanelAppInfoConfigProcessor:   "appid": "220",
01-10 15:05:37.138  3525  4389 D AIOPlusPanelAppInfoConfigProcessor:   "title": "",
01-10 15:05:37.138  3525  4389 D AIOPlusPanelAppInfoConfigProcessor:   "redDotID": "130220",
01-10 15:05:37.138  3525  4389 D AIOPlusPanelAppInfoConfigProcessor:   "iconNormal": "https://static-res.qq.com/static-res/kirstenlung/gameredpocket/redpocket_default.png",
01-10 15:05:37.138  3525  4389 D AIOPlusPanelAppInfoConfigProcessor:   "iconPress": "https://static-res.qq.com/static-res/kirstenlung/gameredpocket/redpocket_press.png",
01-10 15:05:37.138  3525  4389 D AIOPlusPanelAppInfoConfigProcessor: "iconConciseNormal":
01-10 15:05:37.138  3525  4389 D AIOPlusPanelAppInfoConfigProcessor: "https://static-res.qq.com/static-res/aio/plus_panel/wzhb-new.png",
01-10 15:05:37.138  3525  4389 D AIOPlusPanelAppInfoConfigProcessor:   "iconConcisePress": "https://static-res.qq.com/static-res/aio/plus_panel/wzhb-new.png",
01-10 15:05:37.138  3525  4389 D AIOPlusPanelAppInfoConfigProcessor:   "iconConciseNightNormal": "https://static-res.qq.com/static-res/aio/plus_panel/simple_night/wzhb-new-night.png",
