06-20 18:46:13.918  3814  4695 D Avrcp_ext: Enter sendPlayPosNotificationRsp
06-20 18:46:13.918  3814  4695 D Avrcp_ext: sendPlayPosNotificationRsp: Not registered or requesting.
06-20 18:46:13.918  3814  4695 D Avrcp_ext: Enter sendPlayPosNotificationRsp
06-20 18:46:13.918  3814  4695 D Avrcp_ext: sendPlayPosNotificationRsp: Not registered or requesting.
06-20 18:46:13.918  3814  4695 D Avrcp_ext: Enter sendPlayPosNotificationRsp
06-20 18:46:13.918  3814  4695 D Avrcp_ext: sendPlayPosNotificationRsp: Not registered or requesting.
06-20 18:46:13.918  3814  4695 D Avrcp_ext: Enter sendPlayPosNotificationRsp
06-20 18:46:13.918  3814  4695 D Avrcp_ext: sendPlayPosNotificationRsp: Not registered or requesting.
06-20 18:46:13.918  3814  4695 V Avrcp_ext: Exit updatePlayerStateAndPosition
06-20 18:46:13.925  3814  4695 V Avrcp_ext:  Exit onPlaybackStateChanged
06-20 18:46:13.930  5790  5790 I Cir_Miplay_ActiveSessionRecordStack: onPlaybackStateChange.
06-20 18:46:13.946  5790  5790 I Cir_Miplay_MiPlayAudioService: dispatchPlaybackStateChange:6
06-20 18:46:13.952  5790  5790 I Cir_Miplay_MiPlayAudioService: localPlayStateChange state:6
06-20 18:46:13.970  5790  5790 I Cir_Miplay_MiPlayAudioService: playStateNotify state:6  ,id:,uuid:local_device_id
06-20 18:46:13.971  5790  5790 I ActiveSessionRecord: onPlaybackStateChanged: PlaybackState {state=6, position=0, buffered position=0, speed=1.0, updated=1095647, actions=894, custom actions=[], active item id=-1, error=null}
06-20 18:46:13.977  5790  5790 I MiPlayClientSDK: =======================================================================
06-20 18:46:13.977  5790  5790 I MiPlayClientSDK: onPlayStateChange start
06-20 18:46:13.977  5790  5790 I MiPlayClientSDK: local_device_id, state:6
06-20 18:46:13.977  5790  5790 I MiPlayClientSDK: onPlayStateChange end
06-20 18:46:13.977  5790  5790 I MiPlayClientSDK: =======================================================================
06-20 18:46:13.977  5790  5790 I MiPlayProxyDeviceManager: onPlayStateChange
06-20 18:46:13.977  5790  5790 I MiPlay  : onPlaybackStateChanged,local_device_id, state:none
06-20 18:46:14.036  2055  3327 D libsensor-displayalgo: the value of  brightness:438.000000,R:83161860.091973,G:83161860.091973,B:83161860.091973,EVENT_C:6062.500000,EVENT_R:2286.000000,EVENT_G:3123.000000,EVENT_B:1223.500000
06-20 18:46:14.036  2055  3327 I libsensor-displayalgo: the value of  Coef1:1107.681000,Coef4:2.383000, scale1:0.935522, scale4:0.923264
06-20 18:46:14.036  2055  3327 E libsensor-displayalgo: RGB_test_0407_400_oldzy!
06-20 18:46:14.037  2055  3327 I libsensor-displayalgo: the value of  RESULT3273.639703,1289.339135,1580.357804,594.090241
06-20 18:46:14.037  2055  3327 I libsensor-displayalgo: the value of  getChannelDataCalibrated3432.232516,1194.176557,1836.856480,648.409521
06-20 18:46:14.037  2055  3327 I libsensor-displayalgo: the value of  REAL LUX156.268402
06-20 18:46:14.037  2055  3327 I libsensor-displayalgo: the value of  CAL REAL LUX156.268402
06-20 18:46:14.053 17289 17299 I cn.missevan: This is non sticky GC, maxfree is 8388608 minfree is 2097152
06-20 18:46:14.053 17289 17299 I cn.missevan: Background concurrent copying GC freed 208295(20MB) AllocSpace objects, 79(2912KB) LOS objects, 35% free, 43MB/67MB, paused 1.352ms,156us total 212.754ms
06-20 18:46:14.075  2423  3214 D MIUIInput: [MotionEvent] notifyMotion - eventTime=1095822020000, deviceId=8, source=0x1002, policyFlags=0x0, action=0x0, flags=0x0, downTime=1095822020000, moveCount:0
06-20 18:46:14.076  2423  3213 D MIUIInput: [MotionEvent] publisher action=0x4, 1095822, channel 'f33ef00 NavigationBar0 (server)'
06-20 18:46:14.076  2423  3213 D MIUIInput: [MotionEvent] publisher action=0x0, 1095822, channel 'e90e96a cn.missevan/cn.missevan.activity.MainActivity (server)'
06-20 18:46:14.078 17289 17289 D MIUIInput: [MotionEvent] ViewRootImpl windowName 'cn.missevan/cn.missevan.activity.MainActivity', { action=ACTION_DOWN, id[0]=0, pointerCount=1, eventTime=1095822, downTime=1095822, phoneEventTime=18:46:14.076 } moveCount:0
06-20 18:46:14.115  3814  4695 V Avrcp_ext: onMetadataChanged
06-20 18:46:14.116  5790  5790 I Cir_Miplay_ActiveSessionRecord: dispatch meta change, MediaMetaData{mArtist='null', mAlbum='null', mTitle='  | ', mArt=valid, mDuration=2277009, mLrc='null'}
06-20 18:46:14.116  5790  5790 I Cir_Miplay_MiPlayAudioService: dispatchMetaChange:cn.missevan  ActiveSsionPackageName:com.miui.player
06-20 18:46:14.116  5790  5790 I Cir_Miplay_MiPlayAudioService: non-current activession metachange
06-20 18:46:14.124  3814  4695 V Avrcp_ext: updateCurrentMediaState: mMediaController: MediaController (cn.missevan@6140f65)   | , null, null
06-20 18:46:14.125  2423  3214 D MIUIInput: [MotionEvent] notifyMotion - eventTime=1095871551000, deviceId=8, source=0x1002, policyFlags=0x0, action=0x1, flags=0x0, downTime=1095822020000, moveCount:0
06-20 18:46:14.124  3814  4695 V Avrcp_ext: updateCurrentMediaState: isPlaying = false
06-20 18:46:14.125  3814  4695 W Avrcp_ext: isMusicActive: false getBluetoothPlayState: 2 A2dp State: 11 mAudioPlaybackIsActive: true
06-20 18:46:14.125  2423  3213 D MIUIInput: [MotionEvent] publisher action=0x1, 1095871, channel 'e90e96a cn.missevan/cn.missevan.activity.MainActivity (server)'
06-20 18:46:14.127  3814  4695 D Avrcp_ext: isMusicActive = false mAudioPlaybackIsActive = true player state = PlaybackState {state=6, position=0, buffered position=0, speed=1.0, updated=1095647, actions=894, custom actions=[], active item id=-1, error=null}
06-20 18:46:14.132  3814  4695 D Avrcp_ext: overwrite album_artist :if album is blank
06-20 18:46:14.136  3814  4695 I Avrcp_ext: Skipping update due to invalid playback state
06-20 18:46:14.136  3814  4695 V Avrcp_ext: updatePlaybackState, state: PlaybackState {state=6, position=0, buffered position=0, speed=1.0, updated=1095647, actions=894, custom actions=[], active item id=-1, error=null} device: null
06-20 18:46:14.136  3814  4695 V Avrcp_ext: Device: no name:
06-20 18:46:14.136  3814  4695 V Avrcp_ext: Device: no name:
06-20 18:46:14.136  3814  4695 V Avrcp_ext: Device: no name:
06-20 18:46:14.136  3814  4695 V Avrcp_ext: Device: no name:
06-20 18:46:14.136  3814  4695 V Avrcp_ext: Device: no name:
06-20 18:46:14.136  3814  4695 V Avrcp_ext: updatePlayerStateAndPosition, old=PlaybackState {state=6, position=0, buffered position=0, speed=1.0, updated=1095647, actions=894, custom actions=[], active item id=-1, error=null}, state=PlaybackState {state=6, position=0, buffered position=0, speed=1.0, updated=1095647, actions=894, custom actions=[], active item id=-1, error=null}
06-20 18:46:14.136  3814  4695 V Avrcp_ext: old state = PlaybackState {state=6, position=0, buffered position=0, speed=1.0, updated=1095647, actions=894, custom actions=[], active item id=-1, error=null}, new state= PlaybackState {state=6, position=0, buffered position=0, speed=1.0, updated=1095647, actions=894, custom actions=[], active item id=-1, error=null}
06-20 18:46:14.136  3814  4695 D HeadsetService: getHeadsetService(): returning com.android.bluetooth.hfp.HeadsetService@cd6daf0
06-20 18:46:14.136  3814  4695 D HeadsetService:  isAudioOn: The number of audio connected devices 0
06-20 18:46:14.136  3814  4695 D HeadsetService: isScoOrCallActive(): Call Active:falseCall is Ringing:falseSCO is Active:false
06-20 18:46:14.136  3814  4695 D HeadsetService:  isAudioOn: The number of audio connected devices 0
06-20 18:46:14.136  3814  4695 I Avrcp_ext: updatePlayStatusForDevice: device: null
06-20 18:46:14.136  3814  4695 V Avrcp_ext: updatePlaybackState (1): old=PlaybackState {state=6, position=0, buffered position=0, speed=1.0, updated=1095647, actions=894, custom actions=[], active item id=-1, error=null}(2), new=PlaybackState {state=6, position=0, buffered position=0, speed=1.0, updated=1095647, actions=894, custom actions=[], active item id=-1, error=null}(2)
06-20 18:46:14.137  3814  4695 I Avrcp_ext: Exit updatePlayStatusForDevice
06-20 18:46:14.137  3814  4695 D HeadsetService:  isAudioOn: The number of audio connected devices 0
06-20 18:46:14.137  3814  4695 D HeadsetService: isScoOrCallActive(): Call Active:falseCall is Ringing:falseSCO is Active:false
06-20 18:46:14.137  3814  4695 D HeadsetService:  isAudioOn: The number of audio connected devices 0
06-20 18:46:14.137  3814  4695 I Avrcp_ext: updatePlayStatusForDevice: device: null
06-20 18:46:14.137  3814  4695 V Avrcp_ext: updatePlaybackState (1): old=PlaybackState {state=6, position=0, buffered position=0, speed=1.0, updated=1095647, actions=894, custom actions=[], active item id=-1, error=null}(2), new=PlaybackState {state=6, position=0, buffered position=0, speed=1.0, updated=1095647, actions=894, custom actions=[], active item id=-1, error=null}(2)
06-20 18:46:14.137  3814  4695 I Avrcp_ext: Exit updatePlayStatusForDevice
06-20 18:46:14.137  3814  4695 D HeadsetService:  isAudioOn: The number of audio connected devices 0
06-20 18:46:14.137  3814  4695 D HeadsetService: isScoOrCallActive(): Call Active:falseCall is Ringing:falseSCO is Active:false
06-20 18:46:14.137  3814  4695 D HeadsetService:  isAudioOn: The number of audio connected devices 0
06-20 18:46:14.137  3814  4695 I Avrcp_ext: updatePlayStatusForDevice: device: null
06-20 18:46:14.137  3814  4695 V Avrcp_ext: updatePlaybackState (1): old=PlaybackState {state=6, position=0, buffered position=0, speed=1.0, updated=1095647, actions=894, custom actions=[], active item id=-1, error=null}(2), new=PlaybackState {state=6, position=0, buffered position=0, speed=1.0, updated=1095647, actions=894, custom actions=[], active item id=-1, error=null}(2)
06-20 18:46:14.137  3814  4695 I Avrcp_ext: Exit updatePlayStatusForDevice
06-20 18:46:14.137  3814  4695 D HeadsetService:  isAudioOn: The number of audio connected devices 0
06-20 18:46:14.137  3814  4695 D HeadsetService: isScoOrCallActive(): Call Active:falseCall is Ringing:falseSCO is Active:false
06-20 18:46:14.141  3814  4695 D HeadsetService:  isAudioOn: The number of audio connected devices 0
06-20 18:46:14.141  3814  4695 I Avrcp_ext: updatePlayStatusForDevice: device: null
06-20 18:46:14.141  3814  4695 V Avrcp_ext: updatePlaybackState (1): old=PlaybackState {state=6, position=0, buffered position=0, speed=1.0, updated=1095647, actions=894, custom actions=[], active item id=-1, error=null}(2), new=PlaybackState {state=6, position=0, buffered position=0, speed=1.0, updated=1095647, actions=894, custom actions=[], active item id=-1, error=null}(2)
06-20 18:46:14.141  3814  4695 I Avrcp_ext: Exit updatePlayStatusForDevice
06-20 18:46:14.142  3814  4695 D HeadsetService:  isAudioOn: The number of audio connected devices 0
06-20 18:46:14.142  3814  4695 D HeadsetService: isScoOrCallActive(): Call Active:falseCall is Ringing:falseSCO is Active:false
06-20 18:46:14.142  3814  4695 D HeadsetService:  isAudioOn: The number of audio connected devices 0
06-20 18:46:14.142  3814  4695 I Avrcp_ext: updatePlayStatusForDevice: device: null
06-20 18:46:14.142  3814  4695 V Avrcp_ext: updatePlaybackState (1): old=PlaybackState {state=6, position=0, buffered position=0, speed=1.0, updated=1095647, actions=894, custom actions=[], active item id=-1, error=null}(2), new=PlaybackState {state=6, position=0, buffered position=0, speed=1.0, updated=1095647, actions=894, custom actions=[], active item id=-1, error=null}(2)
06-20 18:46:14.142  3814  4695 I Avrcp_ext: Exit updatePlayStatusForDevice
06-20 18:46:14.142  3814  4695 D Avrcp_ext: Enter sendPlayPosNotificationRsp
06-20 18:46:14.142  3814  4695 D Avrcp_ext: sendPlayPosNotificationRsp: Not registered or requesting.
06-20 18:46:14.142  3814  4695 D Avrcp_ext: Enter sendPlayPosNotificationRsp
06-20 18:46:14.142  3814  4695 D Avrcp_ext: sendPlayPosNotificationRsp: Not registered or requesting.
06-20 18:46:14.142  3814  4695 D Avrcp_ext: Enter sendPlayPosNotificationRsp
06-20 18:46:14.142  3814  4695 D Avrcp_ext: sendPlayPosNotificationRsp: Not registered or requesting.
06-20 18:46:14.142  3814  4695 D Avrcp_ext: Enter sendPlayPosNotificationRsp
06-20 18:46:14.142  3814  4695 D Avrcp_ext: sendPlayPosNotificationRsp: Not registered or requesting.
06-20 18:46:14.142  3814  4695 D Avrcp_ext: Enter sendPlayPosNotificationRsp
06-20 18:46:14.142  3814  4695 D Avrcp_ext: sendPlayPosNotificationRsp: Not registered or requesting.
06-20 18:46:14.142  3814  4695 V Avrcp_ext: Exit updatePlayerStateAndPosition
06-20 18:46:14.152 17289 17289 D MIUIInput: [MotionEvent] ViewRootImpl windowName 'cn.missevan/cn.missevan.activity.MainActivity', { action=ACTION_UP, id[0]=0, pointerCount=1, eventTime=1095871, downTime=1095822, phoneEventTime=18:46:14.124 } moveCount:0
06-20 18:46:14.155  1289  2256 I vendor.qti.hardware.display.composer-service: FrameNotifyProcess Sensor: notify citsensorservice to trigger cwb
06-20 18:46:14.156  2055  2137 I libcitsensorservice@2.0-impl: msg_transfer
06-20 18:46:14.156  2055  3319 D vendor.xiaomi.sensor.citsensorservice@2.0-service: handle id:11 wxh:1280x2400 uwxuh:1080x2400 size: 9216000 fd:15 fd_meta:16 flags:0x4000228 usage:0x33  format:0x3 layer_count: 1
06-20 18:46:14.156  1289  1865 I SDM     : HWCSession::SetCWBOutputBuffer: CWB config passed by cwb_client : tappoint 1  CWB_ROI : (829.000000 4.000000 915.000000 90.000000)
06-20 18:46:14.159  1289 28684 I SDM     : HWCSession::ProcessRequests: Successfully configured CWB buffer.
06-20 18:46:14.166  1289 28684 I SDM     : HWCSession::ProcessRequests: Pushing release fence in fenece wait queue.
06-20 18:46:14.166  1289 28684 I SDM     : HWCSession::ProcessRequests: Creating AsyncFenceWaits async thread.
06-20 18:46:14.166  1289 28684 I SDM     : HWCSession::ProcessRequests: Remove current CWB request from the pending request queue.
06-20 18:46:14.166  1289 28684 I SDM     : HWCSession::ProcessRequests: No pending cwb requests found in the queue.
06-20 18:46:14.171  1289  1506 I SDM     : HWDeviceDRM::SetupConcurrentWriteback: Tear down the Concurrent Writeback topology
06-20 18:46:14.179  1289 28685 I SDM     : HWCSession::NotifyCWBStatus: Notify the client about buffer status 0.
06-20 18:46:14.179  1289 28685 I SDM     : HWCSession::PerformFenceWaits: Remove current release fence from the pending fence wait queue.
06-20 18:46:14.179  1289 28685 I SDM     : HWCSession::PerformFenceWaits: CWB fence queue is empty. No pending release fence to wait on.
06-20 18:46:14.203  2423  5957 I WindowManagerService: Physical orientation applied, rotation=0 sfOrientation=ORIENTATION_0
06-20 18:46:14.261  2423  2876 I WindowManagerService: Physical orientation applied, rotation=0 sfOrientation=ORIENTATION_0
06-20 18:46:14.287  2423  5962 I WindowManagerService: Physical orientation applied, rotation=0 sfOrientation=ORIENTATION_0
06-20 18:46:14.308  2423  5962 I WindowManagerService: Physical orientation applied, rotation=0 sfOrientation=ORIENTATION_0
06-20 18:46:14.328  2423  5962 I WindowManagerService: Physical orientation applied, rotation=0 sfOrientation=ORIENTATION_0
06-20 18:46:14.337  2055  3327 D libsensor-displayalgo: the value of  brightness:438.000000,R:58084018.960518,G:59210586.040790,B:53937277.721436,EVENT_C:5606.500000,EVENT_R:2138.500000,EVENT_G:2879.000000,EVENT_B:1123.500000
06-20 18:46:14.337  2055  3327 I libsensor-displayalgo: the value of  Coef1:1107.681000,Coef4:2.383000, scale1:0.935522, scale4:0.923264
06-20 18:46:14.337  2055  3327 E libsensor-displayalgo: RGB_test_0407_400_oldzy!
06-20 18:46:14.338  2055  3327 I libsensor-displayalgo: the value of  RESULT2578.645076,1013.030220,1271.209122,458.870719
06-20 18:46:14.338  2055  3327 I libsensor-displayalgo: the value of  getChannelDataCalibrated2703.568590,938.261243,1477.531675,500.826512
06-20 18:46:14.338  2055  3327 I libsensor-displayalgo: the value of  REAL LUX172.805969
06-20 18:46:14.338  2055  3327 I libsensor-displayalgo: the value of  CAL REAL LUX172.805969
06-20 18:46:14.354  2423  2876 I WindowManagerService: Physical orientation applied, rotation=0 sfOrientation=ORIENTATION_0
06-20 18:46:14.375  2423  4026 I WindowManagerService: Physical orientation applied, rotation=0 sfOrientation=ORIENTATION_0
06-20 18:46:14.395  2423  5962 I WindowManagerService: Physical orientation applied, rotation=0 sfOrientation=ORIENTATION_0
06-20 18:46:14.413  2423  5962 I WindowManagerService: Physical orientation applied, rotation=0 sfOrientation=ORIENTATION_0
06-20 18:46:14.432  2423  5957 I WindowManagerService: Physical orientation applied, rotation=0 sfOrientation=ORIENTATION_0
06-20 18:46:14.450  2423  2529 I WindowManagerService: Physical orientation applied, rotation=0 sfOrientation=ORIENTATION_0
06-20 18:46:14.461  1289  2256 I vendor.qti.hardware.display.composer-service: FrameNotifyProcess Sensor: notify citsensorservice to trigger cwb
06-20 18:46:14.462  2055  2137 I libcitsensorservice@2.0-impl: msg_transfer
06-20 18:46:14.462  2055  3319 D vendor.xiaomi.sensor.citsensorservice@2.0-service: handle id:11 wxh:1280x2400 uwxuh:1080x2400 size: 9216000 fd:15 fd_meta:16 flags:0x4000228 usage:0x33  format:0x3 layer_count: 1
06-20 18:46:14.462  1289  1865 I SDM     : HWCSession::SetCWBOutputBuffer: CWB config passed by cwb_client : tappoint 1  CWB_ROI : (829.000000 4.000000 915.000000 90.000000)
06-20 18:46:14.463  1289 28687 I SDM     : HWCSession::ProcessRequests: Successfully configured CWB buffer.
06-20 18:46:14.470 17450 17633 W AudioCapabilities: Unsupported mime audio/alac
06-20 18:46:14.470 17450 17633 W AudioCapabilities: Unsupported mime audio/x-ape
06-20 18:46:14.470 17450 17633 W AudioCapabilities: Unsupported mime audio/evrc
06-20 18:46:14.470 17450 17633 W AudioCapabilities: Unsupported mime audio/qcelp
06-20 18:46:14.470 17450 17633 W AudioCapabilities: Unsupported mime audio/dsd
06-20 18:46:14.470 17450 17633 W AudioCapabilities: Unsupported mime audio/amr-wb-plus
06-20 18:46:14.471 17450 17633 W AudioCapabilities: Unsupported mime audio/x-ms-wma
06-20 18:46:14.471 17450 17633 W AudioCapabilities: Unsupported mime audio/evrc
06-20 18:46:14.471 17450 17633 W AudioCapabilities: Unsupported mime audio/qcelp
06-20 18:46:14.471 17450 17633 W AudioCapabilities: Unsupported mime audio/alac
06-20 18:46:14.471 17450 17633 W AudioCapabilities: Unsupported mime audio/x-ape
06-20 18:46:14.472  1289 28687 I SDM     : HWCSession::ProcessRequests: Pushing release fence in fenece wait queue.
06-20 18:46:14.472  1289 28687 I SDM     : HWCSession::ProcessRequests: Creating AsyncFenceWaits async thread.
06-20 18:46:14.472  1289 28687 I SDM     : HWCSession::ProcessRequests: Remove current CWB request from the pending request queue.
06-20 18:46:14.472  1289 28687 I SDM     : HWCSession::ProcessRequests: No pending cwb requests found in the queue.
06-20 18:46:14.475 17450 17633 W VideoCapabilities: Unsupported mime image/vnd.android.heic
06-20 18:46:14.475 17450 17633 W VideoCapabilities: Unsupported mime image/vnd.android.heic
06-20 18:46:14.476 17450 17633 W VideoCapabilities: Unsupported mime video/dolby-vision
06-20 18:46:14.476 17450 17633 W VideoCapabilities: Unsupported mime video/dolby-vision
06-20 18:46:14.477  1289  1506 I SDM     : HWDeviceDRM::SetupConcurrentWriteback: Tear down the Concurrent Writeback topology
06-20 18:46:14.484  1289 28688 I SDM     : HWCSession::NotifyCWBStatus: Notify the client about buffer status 0.
06-20 18:46:14.484  1289 28688 I SDM     : HWCSession::PerformFenceWaits: Remove current release fence from the pending fence wait queue.
06-20 18:46:14.484  1289 28688 I SDM     : HWCSession::PerformFenceWaits: CWB fence queue is empty. No pending release fence to wait on.
06-20 18:46:14.489  2423  2530 I WindowManagerService: Physical orientation applied, rotation=0 sfOrientation=ORIENTATION_0
06-20 18:46:14.497 17450 17633 I MediaCodec: init video box disabled for codec not supported
06-20 18:46:14.500 17450 28689 D CCodec  : allocate(c2.android.aac.decoder)
06-20 18:46:14.511  2423  5962 I WindowManagerService: Physical orientation applied, rotation=0 sfOrientation=ORIENTATION_0
06-20 18:46:14.511 17450 28689 I Codec2Client: Available Codec2 services: "default" "default2" "dolby" "software"
06-20 18:46:14.521 17289 17289 D IS_CTS_MODE: true
06-20 18:46:14.521 17289 17289 D MULTI_WINDOW_SWITCH_ENABLED: false
06-20 18:46:14.534 17450 28689 I CCodec  : setting up 'default' as default (vendor) store
06-20 18:46:14.554  1965  2841 V C2Store : in init
06-20 18:46:14.554  1965  2841 V C2Store : loading dll
06-20 18:46:14.572 17450 28689 I CCodec  : Created component [c2.android.aac.decoder]
06-20 18:46:14.573 17450 28689 D CCodecConfig: read media type: audio/mp4a-latm
06-20 18:46:14.575 17450 28689 D ReflectedParamUpdater: extent() != 1 for single value type: algo.buffers.max-count.values
06-20 18:46:14.576 17450 28689 D ReflectedParamUpdater: extent() != 1 for single value type: output.subscribed-indices.values
06-20 18:46:14.576 17450 28689 D ReflectedParamUpdater: extent() != 1 for single value type: input.buffers.allocator-ids.values
06-20 18:46:14.576 17450 28689 D ReflectedParamUpdater: extent() != 1 for single value type: output.buffers.allocator-ids.values
06-20 18:46:14.576 17450 28689 D ReflectedParamUpdater: extent() != 1 for single value type: algo.buffers.allocator-ids.values
06-20 18:46:14.576 17450 28689 D ReflectedParamUpdater: extent() != 1 for single value type: output.buffers.pool-ids.values
06-20 18:46:14.576 17450 28689 D ReflectedParamUpdater: extent() != 1 for single value type: algo.buffers.pool-ids.values
06-20 18:46:14.579 17450 28689 I CCodecConfig: query failed after returning 19 values (BAD_INDEX)
06-20 18:46:14.579 17450 28689 D CCodecConfig: c2 config diff is Dict {
06-20 18:46:14.579 17450 28689 D CCodecConfig:   c2::u32 coded.aac-packaging.value = 0
06-20 18:46:14.579 17450 28689 D CCodecConfig:   c2::u32 coded.bitrate.value = 64000
06-20 18:46:14.579 17450 28689 D CCodecConfig:   c2::u32 coded.pl.level = 0
06-20 18:46:14.579 17450 28689 D CCodecConfig:   c2::u32 coded.pl.profile = 8192
06-20 18:46:14.579 17450 28689 D CCodecConfig:   c2::i32 coding.drc.album-mode.value = 0
06-20 18:46:14.579 17450 28689 D CCodecConfig:   c2::float coding.drc.attenuation-factor.value = 1
06-20 18:46:14.579 17450 28689 D CCodecConfig:   c2::float coding.drc.boost-factor.value = 1
06-20 18:46:14.579 17450 28689 D CCodecConfig:   c2::i32 coding.drc.compression-mode.value = 3
06-20 18:46:14.579 17450 28689 D CCodecConfig:   c2::i32 coding.drc.effect-type.value = 3
06-20 18:46:14.579 17450 28689 D CCodecConfig:   c2::float coding.drc.encoded-level.value = 0.25
06-20 18:46:14.579 17450 28689 D CCodecConfig:   c2::float coding.drc.reference-level.value = -16
06-20 18:46:14.579 17450 28689 D CCodecConfig:   c2::u32 input.buffers.max-size.value = 8192
06-20 18:46:14.579 17450 28689 D CCodecConfig:   c2::u32 input.delay.value = 0
06-20 18:46:14.579 17450 28689 D CCodecConfig:   string input.media-type.value = "audio/mp4a-latm"
06-20 18:46:14.579 17450 28689 D CCodecConfig:   c2::u32 output.delay.value = 2
06-20 18:46:14.579 17450 28689 D CCodecConfig:   c2::float output.drc.output-loudness.value = 0.25
06-20 18:46:14.579 17450 28689 D CCodecConfig:   string output.media-type.value = "audio/raw"
06-20 18:46:14.579 17450 28689 D CCodecConfig:   c2::u32 raw.channel-count.value = 1
06-20 18:46:14.579 17450 28689 D CCodecConfig:   c2::u32 raw.max-channel-count.value = 8
06-20 18:46:14.579 17450 28689 D CCodecConfig:   c2::u32 raw.sample-rate.value = 44100
06-20 18:46:14.579 17450 28689 D CCodecConfig: }
06-20 18:46:14.580 17450 28689 I MediaCodec: MediaCodec will operate in async mode
06-20 18:46:14.596  2423  2529 I WindowManagerService: Physical orientation applied, rotation=0 sfOrientation=ORIENTATION_0
06-20 18:46:14.619  2423  5957 I WindowManagerService: Physical orientation applied, rotation=0 sfOrientation=ORIENTATION_0
06-20 18:46:14.622 17450 17633 V MediaStub: MediaStub::GetImplInstance for debug create,0x706eff2ca0
06-20 18:46:14.622 17450 17633 E MediaStub: MediaStub::GetImplInstance dlerror (null)
06-20 18:46:14.622 17450 28689 D CCodec  : [c2.android.aac.decoder] buffers are bound to CCodec for this session
06-20 18:46:14.622 17450 28689 D CCodecConfig: no c2 equivalents for log-session-id
06-20 18:46:14.622 17450 28689 D CCodecConfig: no c2 equivalents for flags
06-20 18:46:14.623 17450 28689 D CCodecConfig: config failed => CORRUPTED
06-20 18:46:14.623 17450 28689 D CCodecConfig: c2 config diff is   c2::u32 raw.channel-count.value = 2
06-20 18:46:14.623 17450 28689 D CCodecConfig:   c2::u32 raw.sample-rate.value = 48000
06-20 18:46:14.623 17450 28689 W Codec2Client: query -- param skipped: index = 1107298332.
06-20 18:46:14.624 17450 28689 D CCodec  : client requested max input size 863, which is smaller than what component recommended (8192); overriding with component recommendation.
06-20 18:46:14.624 17450 28689 W CCodec  : This behavior is subject to change. It is recommended that app developers double check whether the requested max input size is in reasonable range.
06-20 18:46:14.624 17450 28689 D CCodec  : setup formats input: AMessage(what = 0x00000000) = {
06-20 18:46:14.624 17450 28689 D CCodec  :   int32_t aac-drc-album-mode = 0
06-20 18:46:14.624 17450 28689 D CCodec  :   int32_t aac-drc-boost-level = 127
06-20 18:46:14.624 17450 28689 D CCodec  :   int32_t aac-drc-cut-level = 127
06-20 18:46:14.624 17450 28689 D CCodec  :   int32_t aac-drc-effect-type = 3
06-20 18:46:14.624 17450 28689 D CCodec  :   int32_t aac-drc-heavy-compression = 3
06-20 18:46:14.624 17450 28689 D CCodec  :   int32_t aac-encoded-target-level = -1
06-20 18:46:14.624 17450 28689 D CCodec  :   int32_t aac-max-output-channel_count = 8
06-20 18:46:14.624 17450 28689 D CCodec  :   int32_t aac-target-ref-level = 64
06-20 18:46:14.624 17450 28689 D CCodec  :   int32_t bitrate = 64000
06-20 18:46:14.624 17450 28689 D CCodec  :   int32_t channel-count = 2
06-20 18:46:14.624 17450 28689 D CCodec  :   int32_t level = 0
06-20 18:46:14.624 17450 28689 D CCodec  :   int32_t max-input-size = 8192
06-20 18:46:14.624 17450 28689 D CCodec  :   string mime = "audio/mp4a-latm"
06-20 18:46:14.624 17450 28689 D CCodec  :   int32_t profile = 2
06-20 18:46:14.624 17450 28689 D CCodec  :   int32_t sample-rate = 48000
06-20 18:46:14.624 17450 28689 D CCodec  : }
06-20 18:46:14.624 17450 28689 D CCodec  : setup formats output: AMessage(what = 0x00000000) = {
06-20 18:46:14.624 17450 28689 D CCodec  :   int32_t aac-drc-album-mode = 0
06-20 18:46:14.624 17450 28689 D CCodec  :   int32_t aac-drc-boost-level = 127
06-20 18:46:14.624 17450 28689 D CCodec  :   int32_t aac-drc-cut-level = 127
06-20 18:46:14.624 17450 28689 D CCodec  :   int32_t aac-drc-effect-type = 3
06-20 18:46:14.624 17450 28689 D CCodec  :   int32_t aac-drc-heavy-compression = 3
06-20 18:46:14.624 17450 28689 D CCodec  :   int32_t aac-drc-output-loudness = -1
06-20 18:46:14.624 17450 28689 D CCodec  :   int32_t aac-encoded-target-level = -1
06-20 18:46:14.624 17450 28689 D CCodec  :   int32_t aac-max-output-channel_count = 8
06-20 18:46:14.624 17450 28689 D CCodec  :   int32_t aac-target-ref-level = 64
06-20 18:46:14.624 17450 28689 D CCodec  :   int32_t channel-count = 2
06-20 18:46:14.624 17450 28689 D CCodec  :   string mime = "audio/raw"
06-20 18:46:14.624 17450 28689 D CCodec  :   int32_t sample-rate = 48000
06-20 18:46:14.624 17450 28689 D CCodec  :   int32_t android._config-pcm-encoding = 2
06-20 18:46:14.624 17450 28689 D CCodec  : }
06-20 18:46:14.624 17450 28689 I CCodecConfig: query failed after returning 19 values (BAD_INDEX)
06-20 18:46:14.624 17450 28689 V MediaStub: MediaStub::GetImplInstance for debug create,0x706eff2ca0
06-20 18:46:14.624 17450 28689 D MediaImpl: MediaImpl::sendMine: audio/mp4a-latm
06-20 18:46:14.624 17450 28689 D MediaStub: MediaStub::sendMine audio/mp4a-latm
06-20 18:46:14.628 17450 17633 D MediaCodec: keep callback message for reclaim
06-20 18:46:14.636  2055  3327 D libsensor-displayalgo: the value of  brightness:438.000000,R:11503499.028560,G:12962068.876667,B:7660017.494154,EVENT_C:3607.000000,EVENT_R:1455.000000,EVENT_G:1796.000000,EVENT_B:709.000000
06-20 18:46:14.637  2055  3327 I libsensor-displayalgo: the value of  Coef1:1107.681000,Coef4:2.383000, scale1:0.935522, scale4:0.923264
06-20 18:46:14.637  2055  3327 E libsensor-displayalgo: RGB_black_white_scenario_0822!
06-20 18:46:14.639  2055  3327 I libsensor-displayalgo: the value of  RESULT530.917809,178.136444,291.919744,87.060814
06-20 18:46:14.639  2055  3327 I libsensor-displayalgo: the value of  getChannelDataCalibrated556.638340,164.988682,339.299538,95.021020
06-20 18:46:14.639  2055  3327 I libsensor-displayalgo: the value of  REAL LUX183.045593
06-20 18:46:14.639  2055  3327 I libsensor-displayalgo: the value of  CAL REAL LUX183.045593
06-20 18:46:14.640  5419  8536 D SLM-SRV-SLAService: checktemp temperature = 36746 temperature_average = 36657 isPerformanceMode = false thermal_enable_slm = true
06-20 18:46:14.646 17450 28689 W Codec2Client: query -- param skipped: index = 1342179345.
06-20 18:46:14.646 17450 28689 W Codec2Client: query -- param skipped: index = 2415921170.
06-20 18:46:14.646 17450 28689 W Codec2Client: query -- param skipped: index = 1610614798.
06-20 18:46:14.646 17450 28689 D C2Store : debug.c2.use_dmabufheaps set, forcing DMABUF Heaps
06-20 18:46:14.646 17450 28689 D C2Store : Using DMABUF Heaps
06-20 18:46:14.648 17450 28689 D CCodecBufferChannel: [c2.android.aac.decoder#185] Created input block pool with allocatorID 16 => poolID 17 - OK (0)
06-20 18:46:14.649 17289 17598 D BufferPoolAccessor2.0: bufferpool2 0x7091c07428 : 0(0 size) total buffers - 0(0 size) used buffers - 52/57 (recycle/alloc) - 5/94 (fetch/transfer)
06-20 18:46:14.649 17450 28689 I CCodecBufferChannel: [c2.android.aac.decoder#185] Created output block pool with allocatorID 16 => poolID 34 - OK
06-20 18:46:14.650 17289 17598 D BufferPoolAccessor2.0: Destruction - bufferpool2 0x7091c07428 cached: 0/0M, 0/0% in use; allocs: 57, 91% recycled; transfers: 94, 95% unfetched
06-20 18:46:14.650 17450 28689 D CCodecBufferChannel: [c2.android.aac.decoder#185] Configured output block pool ids 34 => OK
06-20 18:46:14.650 17450 28689 D CCodecBufferChannel: [c2.android.aac.decoder#185] start: updating output delay 2
06-20 18:46:14.650  1319  1489 I QC2CompStore: Setting heap usage to system
06-20 18:46:14.651 17450 28689 I DMABUFHEAPS: Using DMA-BUF heap named: system
06-20 18:46:14.651  1965 28694 D SimpleC2Component: Using output block pool with poolID 34 => got 34 - 0
06-20 18:46:14.655  1965 28694 I C2SoftAacDec: Reconfiguring decoder: 0->48000 Hz, 0->2 channels
06-20 18:46:14.658  1319  1489 I QC2CompStore: Setting heap usage to system
06-20 18:46:14.661 17450 28693 I CCodecBufferChannel: pipelineRoom(3) is <= numClientBuffers(3). Not signalling any more buffers to client
06-20 18:46:14.664  5790  5790 I ActiveSessionRecord: onPlaybackStateChanged: PlaybackState {state=3, position=0, buffered position=38016, speed=1.0, updated=1096408, actions=894, custom actions=[], active item id=-1, error=null}
06-20 18:46:14.665  5790  5790 I MiPlayProxyDeviceManager: onTopActiveSessionChange, cn.missevan
06-20 18:46:14.667  5790  5790 I SafeBinderCall: onTopActiveSessionChange binder cost:0
06-20 18:46:14.667  5790  5790 I SafeBinderCall: onTopActiveSessionChange binder cost:0
06-20 18:46:14.667  5790  5790 I SafeBinderCall: onTopActiveSessionChange binder cost:0
06-20 18:46:14.670  5790  6101 I SafeBinderCall: onActiveAudioSessionChange binder cost:3
06-20 18:46:14.671  4190  4190 D MiPlayDetailViewModel: onActiveAudioSessionChange(): audioSessionList?.size = 1
06-20 18:46:14.671  1429 19057 D APM_AudioPolicyManager: selectOutput flags 8
06-20 18:46:14.671  1429 19057 D APM_AudioPolicyManager: selectOutput flags 8
06-20 18:46:14.671  3814  4695 V Avrcp_ext: onPlaybackStateChanged: state PlaybackState {state=3, position=0, buffered position=38016, speed=1.0, updated=1096408, actions=894, custom actions=[], active item id=-1, error=null}
06-20 18:46:14.671  5790  5790 I ActiveAudioSessionManager: startPositionCallbackTask
06-20 18:46:14.672  1429 19057 D APM_AudioPolicyManager: selectOutput flags 8
06-20 18:46:14.672 17450 17633 D AudioTrack: set(sessionId=113)
06-20 18:46:14.672 17450 17633 D AudioTrack: set(): streamType -1, sampleRate 48000, format 0x1, channelMask 0x3, frameCount 15376, flags #0, notificationFrames 0, sessionId 113, transferType 3, uid 10499(cn.missevan), pid 17450
06-20 18:46:14.674 11109 11652 D WorkerThreadMonitor: Kill MSF check result[ senderSize:0,sendInterval:196383,receiveInterval=16082,addCmdCount=124
06-20 18:46:14.675  3814  4695 V Avrcp_ext: updateCurrentMediaState: mMediaController: MediaController (cn.missevan@6140f65)   | , null, null
06-20 18:46:14.675  3814  4695 V Avrcp_ext: updateCurrentMediaState: isPlaying = false
06-20 18:46:14.675  3814  4695 W Avrcp_ext: isMusicActive: false getBluetoothPlayState: 2 A2dp State: 11 mAudioPlaybackIsActive: true
06-20 18:46:14.675  2423  5957 I MediaFocusControl: requestAudioFocus() from uid/pid 10499/17450 AA=USAGE_MEDIA/CONTENT_TYPE_MUSIC clientId=android.media.AudioManager@e56b5edcn.missevan.lib.utils.AudioFocusManager@b42abb callingPack=cn.missevan req=1 flags=0x1 sdk=28
06-20 18:46:14.676  2423  5957 I AudioService.FadeOutManager: unfadeOutUid() uid:10499
06-20 18:46:14.677  3814  4695 D Avrcp_ext: isMusicActive = false mAudioPlaybackIsActive = true player state = PlaybackState {state=3, position=14, buffered position=38016, speed=1.0, updated=1096422, actions=894, custom actions=[], active item id=-1, error=null}
06-20 18:46:14.678  3814  4695 D Avrcp_ext: overwrite album_artist :if album is blank
06-20 18:46:14.679  5790  5790 I Cir_Miplay_ActiveSessionRecord: onPlaybackStateChanged:3
06-20 18:46:14.680  5790  5790 I Cir_Miplay_ActiveSessionRecordStack: onPlaybackStateChange.
06-20 18:46:14.681  5790  5790 I Cir_Miplay_ActiveAudioSessionManager: dispatchTopActiveSessionChangeCallbackLocked, size:1
06-20 18:46:14.682  5790  5790 I Cir_Miplay_MiPlayAudioService: onTopActiveSessionChange, cn.missevan
06-20 18:46:14.682  5790  5790 I Cir_Miplay_MiPlayAudioService: topActiveSessionChange appId:cn.missevan
06-20 18:46:14.682  5790  5790 I Cir_Miplay_MiPlayAudioStatUtils: recordPackageName:com.miui.player
06-20 18:46:14.682  5790  5790 I Cir_Miplay_MiPlayAudioStatUtils: packageNameEquals.
06-20 18:46:14.682  5790  5790 I Cir_Miplay_MiPlayAudioStatUtils: setPlaySource.
06-20 18:46:14.682  5790  5790 I Cir_Miplay_MiPlayAudioStatUtils: recordPackageName:cn.missevan
06-20 18:46:14.682  5790  5790 I Cir_Miplay_MiPlayAudioService: mInputUid:1  indexMap:0
06-20 18:46:14.682  5790  5790 I Cir_Miplay_MiPlayAudioService: replace oldRecord 2
06-20 18:46:14.683  5790  5790 I Cir_Miplay_ActiveAudioSessionManager: TopAudioSession play change
06-20 18:46:14.683  5790  5790 I Cir_Miplay_MiPlayAudioService: dispatchPlaybackStateChange:3
06-20 18:46:14.683  5790  5790 I Cir_Miplay_MiPlayAudioService: localPlayStateChange state:3
06-20 18:46:14.683  5790  5790 I Cir_Miplay_MiPlayAudioService: playStateNotify state:3  ,id:,uuid:local_device_id
06-20 18:46:14.684  5790  5790 I Cir_Miplay_ActiveAudioSessionManager: dispatchTopActiveSessionChangeCallbackLocked, size:1
06-20 18:46:14.685  5790  6101 I SafeBinderCall: onActiveAudioSessionChange binder cost:14
06-20 18:46:14.685  5790  5790 I Cir_Miplay_MiPlayAudioService: onTopActiveSessionChange, cn.missevan
06-20 18:46:14.685  5790  5790 I Cir_Miplay_MiPlayAudioService: topActiveSessionChange appId:cn.missevan
06-20 18:46:14.685  5790  5790 I Cir_Miplay_MiPlayAudioStatUtils: recordPackageName:cn.missevan
06-20 18:46:14.685  5790  5790 I Cir_Miplay_MiPlayAudioStatUtils: packageNameEquals.
06-20 18:46:14.686  5790  5790 I Cir_Miplay_ActiveSessionRecord: dispatch meta change, MediaMetaData{mArtist='null', mAlbum='null', mTitle='  | ', mArt=valid, mDuration=2277031, mLrc='null'}
06-20 18:46:14.686  5790  5790 I Cir_Miplay_MiPlayAudioService: dispatchMetaChange:cn.missevan  ActiveSsionPackageName:cn.missevan
06-20 18:46:14.686  5790  6101 I SafeBinderCall: onActiveAudioSessionChange binder cost:1
06-20 18:46:14.691  5790 12090 I Cir_Miplay_MiPlayAudioService: dispatchMetaChange:MediaMetaData{mArtist='null', mAlbum='null', mTitle='  | ', mArt=valid, mDuration=2277031, mLrc='null'}
06-20 18:46:14.691  5790 12090 I Cir_Miplay_MetaInfoManager: setMetadata.
06-20 18:46:14.692  2423  6080 I WindowManagerService: Physical orientation applied, rotation=0 sfOrientation=ORIENTATION_0
06-20 18:46:14.692  4190  4190 I SafeBinderCall: call getMediaMetaData binder cost:2
06-20 18:46:14.693  5790 28699 I SafeBinderCall: onPositionChange binder cost:0
06-20 18:46:14.694  1429 19057 D MediaImpl: setPlaybackCaptureAllowed: playbackCaptureAllowed 0
06-20 18:46:14.694  5790  5790 I MiPlayProxyDeviceManager: onTopActiveSessionChange, cn.missevan
06-20 18:46:14.696  3814  4695 V Avrcp_ext: Media update: id -1-1? [MediaAttributes:  -  by  (2277031 0/0) - ] : [MediaAttributes: none]
06-20 18:46:14.696  3814  4695 D Avrcp_ext: isPackageNameValid: browsedPackage = cn.missevanisValid = true
06-20 18:46:14.696  3814  4695 V Avrcp_ext: isBrowseSupported for cn.missevan: false
06-20 18:46:14.696  3814  4695 V Avrcp_ext: Send track changed
06-20 18:46:14.697  4190  4190 I SafeBinderCall: call getPosition binder cost:2
06-20 18:46:14.698  4190  4190 I SafeBinderCall: call getPlaybackState binder cost:1
06-20 18:46:14.698  3814  4695 V Avrcp_ext: updatePlaybackState, state: PlaybackState {state=3, position=14, buffered position=38016, speed=1.0, updated=1096422, actions=894, custom actions=[], active item id=-1, error=null} device: null
06-20 18:46:14.698  3814  4695 V Avrcp_ext: Device: no name:
06-20 18:46:14.698  3814  4695 V Avrcp_ext: Device: no name:
06-20 18:46:14.698  3814  4695 V Avrcp_ext: Device: no name:
06-20 18:46:14.698  3814  4695 V Avrcp_ext: Device: no name:
06-20 18:46:14.698  3814  4695 V Avrcp_ext: Device: no name:
06-20 18:46:14.698  3814  4695 V Avrcp_ext: updatePlayerStateAndPosition, old=PlaybackState {state=6, position=0, buffered position=0, speed=1.0, updated=1095647, actions=894, custom actions=[], active item id=-1, error=null}, state=PlaybackState {state=3, position=14, buffered position=38016, speed=1.0, updated=1096422, actions=894, custom actions=[], active item id=-1, error=null}
06-20 18:46:14.698  3814  4695 V Avrcp_ext: old state = PlaybackState {state=6, position=0, buffered position=0, speed=1.0, updated=1095647, actions=894, custom actions=[], active item id=-1, error=null}, new state= PlaybackState {state=3, position=14, buffered position=38016, speed=1.0, updated=1096422, actions=894, custom actions=[], active item id=-1, error=null}
06-20 18:46:14.698  3814  4695 D HeadsetService: getHeadsetService(): returning com.android.bluetooth.hfp.HeadsetService@cd6daf0
06-20 18:46:14.698  3814  4695 D HeadsetService:  isAudioOn: The number of audio connected devices 0
06-20 18:46:14.698  3814  4695 D HeadsetService: isScoOrCallActive(): Call Active:falseCall is Ringing:falseSCO is Active:false
06-20 18:46:14.698  3814  4695 D HeadsetService:  isAudioOn: The number of audio connected devices 0
06-20 18:46:14.699  3814  4695 V Avrcp_ext: isPlayStateTobeUpdated: device: null
06-20 18:46:14.699  3814  4695 V Avrcp_ext: Single connection exists
06-20 18:46:14.699  3814  4695 D HeadsetService:  isAudioOn: The number of audio connected devices 0
06-20 18:46:14.699  3814  4695 D HeadsetService: isScoOrCallActive(): Call Active:falseCall is Ringing:falseSCO is Active:false
06-20 18:46:14.699  3814  4695 D HeadsetService:  isAudioOn: The number of audio connected devices 0
06-20 18:46:14.699  3814  4695 V Avrcp_ext: isPlayStateTobeUpdated: device: null
06-20 18:46:14.699  3814  4695 V Avrcp_ext: Single connection exists
06-20 18:46:14.699  3814  4695 D HeadsetService:  isAudioOn: The number of audio connected devices 0
06-20 18:46:14.699  3814  4695 D HeadsetService: isScoOrCallActive(): Call Active:falseCall is Ringing:falseSCO is Active:false
06-20 18:46:14.699  3814  4695 D HeadsetService:  isAudioOn: The number of audio connected devices 0
06-20 18:46:14.699  3814  4695 V Avrcp_ext: isPlayStateTobeUpdated: device: null
06-20 18:46:14.699  3814  4695 V Avrcp_ext: Single connection exists
06-20 18:46:14.699  3814  4695 D HeadsetService:  isAudioOn: The number of audio connected devices 0
06-20 18:46:14.699  3814  4695 D HeadsetService: isScoOrCallActive(): Call Active:falseCall is Ringing:falseSCO is Active:false
06-20 18:46:14.699  3814  4695 D HeadsetService:  isAudioOn: The number of audio connected devices 0
06-20 18:46:14.699  3814  4695 V Avrcp_ext: isPlayStateTobeUpdated: device: null
06-20 18:46:14.699  3814  4695 V Avrcp_ext: Single connection exists
06-20 18:46:14.699  3814  4695 D HeadsetService:  isAudioOn: The number of audio connected devices 0
06-20 18:46:14.699  3814  4695 D HeadsetService: isScoOrCallActive(): Call Active:falseCall is Ringing:falseSCO is Active:false
06-20 18:46:14.699  3814  4695 D HeadsetService:  isAudioOn: The number of audio connected devices 0
06-20 18:46:14.699  3814  4695 V Avrcp_ext: isPlayStateTobeUpdated: device: null
06-20 18:46:14.699  3814  4695 V Avrcp_ext: Single connection exists
06-20 18:46:14.699  3814  4695 I Avrcp_ext: No active device found, update playstate to stack
06-20 18:46:14.700  1429 19057 D APM_AudioPolicyManager: getOutputForAttrInt()+ attributes={ Content type: AUDIO_CONTENT_TYPE_MUSIC Usage: AUDIO_USAGE_MEDIA Source: AUDIO_SOURCE_INVALID Flags: 0xe00 Tags:  } stream=AUDIO_STREAM_MUSIC session 113 output 0 selectedDeviceId 0 device AUDIO_DEVICE_NONE sampling rate 48000 format 0x1channel mask 0x3 flags 0x8 stream AUDIO_STREAM_MUSIC uid 10499
06-20 18:46:14.700  1429 19057 D APM_AudioPolicyManager: getOutputForAttrInt() device {type:0x2,@:}, sampling rate 48000, format 0x1, channel mask 0x3, flags 0x8 stream AUDIO_STREAM_MUSIC
06-20 18:46:14.700  5790 28699 I SafeBinderCall: onPositionChange binder cost:0
06-20 18:46:14.701  1189  1225 D AHAL: FM: fm_get_parameters: 232: enter
06-20 18:46:14.702  1189  1225 D AHAL: FM: fm_get_parameters: 239: exit
06-20 18:46:14.702  1189  1225 D AHAL: Loopback_karaoke: karaoke_get_parameters: Enter
06-20 18:46:14.702  1189  1225 D AHAL: Loopback_karaoke: karaoke_get_parameters: Exit
06-20 18:46:14.702  1189  1225 D AHAL: FM: fm_get_parameters: 232: enter
06-20 18:46:14.702  1189  1225 D AHAL: FM: fm_get_parameters: 239: exit
06-20 18:46:14.702  1189  1225 D AHAL: Loopback_karaoke: karaoke_get_parameters: Enter
06-20 18:46:14.702  1189  1225 D AHAL: Loopback_karaoke: karaoke_get_parameters: Exit
06-20 18:46:14.703  1429 19057 D APM_AudioPolicyManager: selectOutput flags 8
06-20 18:46:14.703  1429 19057 V AudioPolicyManagerCustom: getOutputForDevice() returns output 37
06-20 18:46:14.703  1429 19057 D APM_AudioPolicyManager: getOutputForAttrInt()- attributes={ Content type: AUDIO_CONTENT_TYPE_MUSIC Usage: AUDIO_USAGE_MEDIA Source: AUDIO_SOURCE_INVALID Flags: 0xe00 Tags:  } stream=AUDIO_STREAM_MUSIC session 113 output 37 selectedDeviceId 0 device {type:0x2,@:} sampling rate 48000 format 0x1channel mask 0x3 flags 0x8 stream AUDIO_STREAM_MUSIC uid 10499
06-20 18:46:14.703  1429 19057 D APM_AudioPolicyManager: getOutputForAttr() returns output 37 requestedPortId 0 selectedDeviceId 3 for port ID 40
06-20 18:46:14.703  5790  5790 I SafeBinderCall: onTopActiveSessionChange binder cost:2
06-20 18:46:14.703  5790  5790 I SafeBinderCall: onTopActiveSessionChange binder cost:0
06-20 18:46:14.703  5790  5790 I SafeBinderCall: onTopActiveSessionChange binder cost:0
06-20 18:46:14.706  5790  6101 I SafeBinderCall: onActiveAudioSessionChange binder cost:0
06-20 18:46:14.707  5790  5790 I SafeBinderCall: onMediaMetaChange binder cost:3
06-20 18:46:14.707  5790  5790 I Cir_Miplay_ActiveSessionRecord: onPlaybackStateChanged:3
06-20 18:46:14.707  5790  5790 I Cir_Miplay_ActiveSessionRecordStack: onPlaybackStateChange.
06-20 18:46:14.707  3814  4695 E BluetoothAvrcpServiceJni: updatePlayStatusToStack
06-20 18:46:14.710  5790  6101 I SafeBinderCall: onActiveAudioSessionChange binder cost:4
06-20 18:46:14.711  5790  6101 I SafeBinderCall: onActiveAudioSessionChange binder cost:1
06-20 18:46:14.711  1429 19057 I AudioFlinger: create audiotrack for cn.missevan  uid 10499
06-20 18:46:14.711  1429 19057 D AudioFlinger: Client defaulted notificationFrames to 7688 for frameCount 15376
06-20 18:46:14.716  3814  4695 E bt_btif : update_play_status_to_stack:invalid index,remote suspend not set
06-20 18:46:14.716  3814  4695 E BluetoothAvrcpServiceJni: updatePlayStatusToStack: status: 1
06-20 18:46:14.716  3814  4695 D Avrcp_ext: Enter sendPlayPosNotificationRsp
06-20 18:46:14.716  3814  4695 D Avrcp_ext: sendPlayPosNotificationRsp: Not registered or requesting.
06-20 18:46:14.716  3814  4695 D Avrcp_ext: Enter sendPlayPosNotificationRsp
06-20 18:46:14.716  3814  4695 D Avrcp_ext: sendPlayPosNotificationRsp: Not registered or requesting.
06-20 18:46:14.716  3814  4695 D Avrcp_ext: Enter sendPlayPosNotificationRsp
06-20 18:46:14.716  3814  4695 D Avrcp_ext: sendPlayPosNotificationRsp: Not registered or requesting.
06-20 18:46:14.716  3814  4695 D Avrcp_ext: Enter sendPlayPosNotificationRsp
06-20 18:46:14.716  3814  4695 D Avrcp_ext: sendPlayPosNotificationRsp: Not registered or requesting.
06-20 18:46:14.716  3814  4695 D Avrcp_ext: Enter sendPlayPosNotificationRsp
06-20 18:46:14.716  3814  4695 D Avrcp_ext: sendPlayPosNotificationRsp: Not registered or requesting.
06-20 18:46:14.716  3814  4695 V Avrcp_ext: Exit updatePlayerStateAndPosition
06-20 18:46:14.716  3814  4695 V Avrcp_ext:  Exit onPlaybackStateChanged
06-20 18:46:14.716  3814  4695 V Avrcp_ext: onMetadataChanged
06-20 18:46:14.717  4190  4190 D MiPlayDetailViewModel: onPositionChange(): position = 20
06-20 18:46:14.718  4190  4190 D MiPlayDetailViewModel: onMediaMetaChange(): metaData.title =   | 
06-20 18:46:14.718  1429 19057 D AF::TrackHandle: OpPlayAudio: track:60 usage:1 not muted
06-20 18:46:14.718  4190  4190 D MiPlayDetailViewModel: onActiveAudioSessionChange(): audioSessionList?.size = 1
06-20 18:46:14.720  5790  5790 I Cir_Miplay_ActiveAudioSessionManager: TopAudioSession play change
06-20 18:46:14.720  5790  5790 I Cir_Miplay_MiPlayAudioService: dispatchPlaybackStateChange:3
06-20 18:46:14.720  5790  5790 I Cir_Miplay_MiPlayAudioService: localPlayStateChange state:3
06-20 18:46:14.720  5790  5790 I Cir_Miplay_MiPlayAudioService: playStateNotify state:3  ,id:,uuid:local_device_id
06-20 18:46:14.720  2423  4026 I WindowManagerService: Physical orientation applied, rotation=0 sfOrientation=ORIENTATION_0
06-20 18:46:14.720  3814  4695 V Avrcp_ext: updateCurrentMediaState: mMediaController: MediaController (cn.missevan@6140f65)   | , null, null
06-20 18:46:14.720  3814  4695 V Avrcp_ext: updateCurrentMediaState: isPlaying = false
06-20 18:46:14.720  3814  4695 W Avrcp_ext: isMusicActive: false getBluetoothPlayState: 1 A2dp State: 11 mAudioPlaybackIsActive: true
06-20 18:46:14.720  5790  5790 I ActiveSessionRecord: onPlaybackStateChanged: PlaybackState {state=3, position=0, buffered position=43050, speed=1.0, updated=1096424, actions=894, custom actions=[], active item id=-1, error=null}
06-20 18:46:14.721  1429 19057 I AudioFlinger: create audiotrack for cn.missevan  uid 10499
06-20 18:46:14.721  1429 19057 I AF::Track: isInWhiteList curPkgName cn.missevan  uid 10499
06-20 18:46:14.721  1429 19057 D AF::Track: Track(60): usage = 1 mbIsAttrNeedFade = 0
06-20 18:46:14.721  1429 19057 D AudioFlinger: before exit flags=0x8
06-20 18:46:14.722  1429 19057 D AudioFlinger: [APM] reScheduleCpu()  audioCpuSet = 0xf8
06-20 18:46:14.722 17289 17289 D DecorView[MainActivity]: onWindowFocusChanged hasWindowFocus false
06-20 18:46:14.723  4190  4190 I SafeBinderCall: call getMediaMetaData binder cost:4
06-20 18:46:14.727  1189  1225 D AHAL: AudioStream: astream_out_get_parameters: 839: enter
06-20 18:46:14.727  1189  1225 D AHAL: AudioStream: astream_out_get_parameters: 861: keys: is_direct_pcm_track
06-20 18:46:14.727  1189  1225 D AHAL: AudioStream: astream_out_get_parameters: 898: exit: returns - is_direct_pcm_track=false
06-20 18:46:14.728  3814  4695 D Avrcp_ext: isMusicActive = false mAudioPlaybackIsActive = true player state = PlaybackState {state=3, position=43, buffered position=43050, speed=1.0, updated=1096467, actions=894, custom actions=[], active item id=-1, error=null}
06-20 18:46:14.728  5790  5790 I ActiveAudioSessionManager: startPositionCallbackTask
06-20 18:46:14.729  3814  4695 D Avrcp_ext: overwrite album_artist :if album is blank
06-20 18:46:14.731  4190  4190 I SafeBinderCall: call getPosition binder cost:8
06-20 18:46:14.731  4190  4190 I SafeBinderCall: call getPlaybackState binder cost:0
06-20 18:46:14.733  5790  5790 I SafeBinderCall: onPlaybackStateChange binder cost:1
06-20 18:46:14.733  5790  5790 I MiPlayClientSDK: =======================================================================
06-20 18:46:14.733  5790  5790 I MiPlayClientSDK: onPlayStateChange start
06-20 18:46:14.733  5790  5790 I MiPlayClientSDK: local_device_id, state:3
06-20 18:46:14.733  5790  5790 I MiPlayClientSDK: onPlayStateChange end
06-20 18:46:14.733  5790  5790 I MiPlayClientSDK: =======================================================================
06-20 18:46:14.733  5790  5790 I MiPlayProxyDeviceManager: onPlayStateChange
06-20 18:46:14.733  5790  5790 I MiPlay  : onPlaybackStateChanged,local_device_id, state:pause
06-20 18:46:14.733  5790  5790 I MiPlayClientSDK: =======================================================================
06-20 18:46:14.733  5790  5790 I MiPlayClientSDK: onMediaInfoChange start
