06-19 16:08:12.465 21505 21514 I cn.missevan: This is sticky GC, maxfree is 8388608 minfree is 2097152
06-19 16:08:12.517  1265  2358 I vendor.qti.hardware.display.composer-service: FrameNotifyProcess Sensor: notify citsensorservice to trigger cwb
06-19 16:08:12.523  2018  2108 I libcitsensorservice@2.0-impl: msg_transfer
06-19 16:08:12.523  2018  3098 D vendor.xiaomi.sensor.citsensorservice@2.0-service: handle id:9 wxh:1280x2400 uwxuh:1080x2400 size: 9216000 fd:15 fd_meta:16 flags:0x4000228 usage:0x33  format:0x3 layer_count: 1
06-19 16:08:12.523  1265  1887 I SDM     : HWCSession::SetCWBOutputBuffer: CWB config passed by cwb_client : tappoint 1  CWB_ROI : (829.000000 4.000000 915.000000 90.000000)
06-19 16:08:12.524  1265 23878 I SDM     : HWCSession::ProcessRequests: Successfully configured CWB buffer.
06-19 16:08:12.529  1265 23878 I SDM     : HWCSession::ProcessRequests: Pushing release fence in fenece wait queue.
06-19 16:08:12.529  1265 23878 I SDM     : HWCSession::ProcessRequests: Creating AsyncFenceWaits async thread.
06-19 16:08:12.529  1265 23878 I SDM     : HWCSession::ProcessRequests: Remove current CWB request from the pending request queue.
06-19 16:08:12.529  1265 23878 I SDM     : HWCSession::ProcessRequests: No pending cwb requests found in the queue.
06-19 16:08:12.535  1265  1584 I SDM     : HWDeviceDRM::SetupConcurrentWriteback: Tear down the Concurrent Writeback topology
06-19 16:08:12.546  1265 23879 I SDM     : HWCSession::NotifyCWBStatus: Notify the client about buffer status 0.
06-19 16:08:12.546  1265 23879 I SDM     : HWCSession::PerformFenceWaits: Remove current release fence from the pending fence wait queue.
06-19 16:08:12.546  1265 23879 I SDM     : HWCSession::PerformFenceWaits: CWB fence queue is empty. No pending release fence to wait on.
06-19 16:08:12.673 21505 21514 I cn.missevan: This is sticky GC, maxfree is 8388608 minfree is 2097152
06-19 16:08:12.674  2018  3127 D libsensor-displayalgo: the value of  brightness:438.000000,R:44638336.067654,G:41996689.403739,B:44474269.386839,EVENT_C:4990.000000,EVENT_R:1909.500000,EVENT_G:2543.000000,EVENT_B:991.000000
06-19 16:08:12.674  2018  3127 I libsensor-displayalgo: the value of  Coef1:1107.681000,Coef4:2.383000, scale1:0.935522, scale4:0.923264
06-19 16:08:12.674  2018  3127 E libsensor-displayalgo: RGB_test_0407_400_oldzy!
06-19 16:08:12.674  2018  3127 I libsensor-displayalgo: the value of  RESULT2078.986175,823.835756,1024.855831,369.071188
06-19 16:08:12.674  2018  3127 I libsensor-displayalgo: the value of  getChannelDataCalibrated2179.703510,763.030703,1191.194215,402.816366
06-19 16:08:12.674  2018  3127 I libsensor-displayalgo: the value of  REAL LUX168.837662
06-19 16:08:12.674  2018  3127 I libsensor-displayalgo: the value of  CAL REAL LUX168.837662
06-19 16:08:12.855  1265  2358 I vendor.qti.hardware.display.composer-service: FrameNotifyProcess Sensor: notify citsensorservice to trigger cwb
06-19 16:08:12.856  2018  2111 I libcitsensorservice@2.0-impl: msg_transfer
06-19 16:08:12.856  2018  3098 D vendor.xiaomi.sensor.citsensorservice@2.0-service: handle id:9 wxh:1280x2400 uwxuh:1080x2400 size: 9216000 fd:15 fd_meta:16 flags:0x4000228 usage:0x33  format:0x3 layer_count: 1
06-19 16:08:12.857  1265  1887 I SDM     : HWCSession::SetCWBOutputBuffer: CWB config passed by cwb_client : tappoint 1  CWB_ROI : (829.000000 4.000000 915.000000 90.000000)
06-19 16:08:12.857  1265 23880 I SDM     : HWCSession::ProcessRequests: Successfully configured CWB buffer.
06-19 16:08:12.865  1265 23880 I SDM     : HWCSession::ProcessRequests: Pushing release fence in fenece wait queue.
06-19 16:08:12.865  1265 23880 I SDM     : HWCSession::ProcessRequests: Creating AsyncFenceWaits async thread.
06-19 16:08:12.865  1265 23880 I SDM     : HWCSession::ProcessRequests: Remove current CWB request from the pending request queue.
06-19 16:08:12.865  1265 23880 I SDM     : HWCSession::ProcessRequests: No pending cwb requests found in the queue.
06-19 16:08:12.872  1265  1584 I SDM     : HWDeviceDRM::SetupConcurrentWriteback: Tear down the Concurrent Writeback topology
06-19 16:08:12.878 21505 21514 I cn.missevan: This is sticky GC, maxfree is 8388608 minfree is 2097152
06-19 16:08:12.880  1265 23881 I SDM     : HWCSession::NotifyCWBStatus: Notify the client about buffer status 0.
06-19 16:08:12.880  1265 23881 I SDM     : HWCSession::PerformFenceWaits: Remove current release fence from the pending fence wait queue.
06-19 16:08:12.880  1265 23881 I SDM     : HWCSession::PerformFenceWaits: CWB fence queue is empty. No pending release fence to wait on.
06-19 16:08:12.974  2018  3127 D libsensor-displayalgo: the value of  brightness:438.000000,R:44638336.067654,G:41996689.403739,B:44474269.386839,EVENT_C:4980.500000,EVENT_R:1907.500000,EVENT_G:2540.000000,EVENT_B:990.000000
06-19 16:08:12.974  2018  3127 I libsensor-displayalgo: the value of  Coef1:1107.681000,Coef4:2.383000, scale1:0.935522, scale4:0.923264
06-19 16:08:12.974  2018  3127 E libsensor-displayalgo: RGB_test_0407_400_oldzy!
06-19 16:08:12.975  2018  3127 I libsensor-displayalgo: the value of  RESULT2078.986175,823.835756,1024.855831,369.071188
06-19 16:08:12.975  2018  3127 I libsensor-displayalgo: the value of  getChannelDataCalibrated2179.703510,763.030703,1191.194215,402.816366
06-19 16:08:12.975  2018  3127 I libsensor-displayalgo: the value of  REAL LUX168.187363
06-19 16:08:12.975  2018  3127 I libsensor-displayalgo: the value of  CAL REAL LUX168.187363
06-19 16:08:13.027 13375 13384 I i.xmsf:service: This is non sticky GC, maxfree is 8388608 minfree is 2097152
06-19 16:08:13.084 21505 21514 I cn.missevan: This is sticky GC, maxfree is 8388608 minfree is 2097152
06-19 16:08:13.192  1265  2358 I vendor.qti.hardware.display.composer-service: FrameNotifyProcess Sensor: notify citsensorservice to trigger cwb
06-19 16:08:13.193  2018  2111 I libcitsensorservice@2.0-impl: msg_transfer
06-19 16:08:13.193  2018  3098 D vendor.xiaomi.sensor.citsensorservice@2.0-service: handle id:9 wxh:1280x2400 uwxuh:1080x2400 size: 9216000 fd:15 fd_meta:16 flags:0x4000228 usage:0x33  format:0x3 layer_count: 1
06-19 16:08:13.194  1265  1887 I SDM     : HWCSession::SetCWBOutputBuffer: CWB config passed by cwb_client : tappoint 1  CWB_ROI : (829.000000 4.000000 915.000000 90.000000)
06-19 16:08:13.195  1265 23886 I SDM     : HWCSession::ProcessRequests: Successfully configured CWB buffer.
06-19 16:08:13.202  1265 23886 I SDM     : HWCSession::ProcessRequests: Pushing release fence in fenece wait queue.
06-19 16:08:13.202  1265 23886 I SDM     : HWCSession::ProcessRequests: Creating AsyncFenceWaits async thread.
06-19 16:08:13.203  1265 23886 I SDM     : HWCSession::ProcessRequests: Remove current CWB request from the pending request queue.
06-19 16:08:13.203  1265 23886 I SDM     : HWCSession::ProcessRequests: No pending cwb requests found in the queue.
06-19 16:08:13.209  1265  1584 I SDM     : HWDeviceDRM::SetupConcurrentWriteback: Tear down the Concurrent Writeback topology
06-19 16:08:13.217  1265 23887 I SDM     : HWCSession::NotifyCWBStatus: Notify the client about buffer status 0.
06-19 16:08:13.218  1265 23887 I SDM     : HWCSession::PerformFenceWaits: Remove current release fence from the pending fence wait queue.
06-19 16:08:13.218  1265 23887 I SDM     : HWCSession::PerformFenceWaits: CWB fence queue is empty. No pending release fence to wait on.
06-19 16:08:13.274  2018  3127 D libsensor-displayalgo: the value of  brightness:438.000000,R:44638336.067654,G:41996689.403739,B:44474269.386839,EVENT_C:4988.500000,EVENT_R:1910.000000,EVENT_G:2542.500000,EVENT_B:990.500000
06-19 16:08:13.274  2018  3127 I libsensor-displayalgo: the value of  Coef1:1107.681000,Coef4:2.383000, scale1:0.935522, scale4:0.923264
06-19 16:08:13.274  2018  3127 E libsensor-displayalgo: RGB_test_0407_400_oldzy!
06-19 16:08:13.274  2018  3127 I libsensor-displayalgo: the value of  RESULT2078.986175,823.835756,1024.855831,369.071188
06-19 16:08:13.274  2018  3127 I libsensor-displayalgo: the value of  getChannelDataCalibrated2179.703510,763.030703,1191.194215,402.816366
06-19 16:08:13.274  2018  3127 I libsensor-displayalgo: the value of  REAL LUX168.730820
06-19 16:08:13.274  2018  3127 I libsensor-displayalgo: the value of  CAL REAL LUX168.730820
06-19 16:08:13.290 21505 21514 I cn.missevan: This is sticky GC, maxfree is 8388608 minfree is 2097152
06-19 16:08:13.410  4233  4233 D MiPlayDetailViewModel: onPositionChange(): position = 23589
06-19 16:08:13.411  5809 22993 I SafeBinderCall: onPositionChange binder cost:2
06-19 16:08:13.497 21505 21514 I cn.missevan: This is sticky GC, maxfree is 8388608 minfree is 2097152
06-19 16:08:13.530  1265  2358 I vendor.qti.hardware.display.composer-service: FrameNotifyProcess Sensor: notify citsensorservice to trigger cwb
06-19 16:08:13.531  2018  2111 I libcitsensorservice@2.0-impl: msg_transfer
06-19 16:08:13.533  2018  3098 D vendor.xiaomi.sensor.citsensorservice@2.0-service: handle id:9 wxh:1280x2400 uwxuh:1080x2400 size: 9216000 fd:15 fd_meta:16 flags:0x4000228 usage:0x33  format:0x3 layer_count: 1
06-19 16:08:13.533  1265  1887 I SDM     : HWCSession::SetCWBOutputBuffer: CWB config passed by cwb_client : tappoint 1  CWB_ROI : (829.000000 4.000000 915.000000 90.000000)
06-19 16:08:13.534  1265 23892 I SDM     : HWCSession::ProcessRequests: Successfully configured CWB buffer.
06-19 16:08:13.545  1265 23892 I SDM     : HWCSession::ProcessRequests: Pushing release fence in fenece wait queue.
06-19 16:08:13.545  1265 23892 I SDM     : HWCSession::ProcessRequests: Creating AsyncFenceWaits async thread.
06-19 16:08:13.546  1265 23892 I SDM     : HWCSession::ProcessRequests: Remove current CWB request from the pending request queue.
06-19 16:08:13.546  1265 23892 I SDM     : HWCSession::ProcessRequests: No pending cwb requests found in the queue.
06-19 16:08:13.548  1265  1584 I SDM     : HWDeviceDRM::SetupConcurrentWriteback: Tear down the Concurrent Writeback topology
06-19 16:08:13.555  1265 23893 I SDM     : HWCSession::NotifyCWBStatus: Notify the client about buffer status 0.
06-19 16:08:13.556  1265 23893 I SDM     : HWCSession::PerformFenceWaits: Remove current release fence from the pending fence wait queue.
06-19 16:08:13.556  1265 23893 I SDM     : HWCSession::PerformFenceWaits: CWB fence queue is empty. No pending release fence to wait on.
06-19 16:08:13.573  2018  3127 D libsensor-displayalgo: the value of  brightness:438.000000,R:44638336.067654,G:41996689.403739,B:44474269.386839,EVENT_C:4982.500000,EVENT_R:1908.000000,EVENT_G:2537.000000,EVENT_B:989.500000
06-19 16:08:13.573  2018  3127 I libsensor-displayalgo: the value of  Coef1:1107.681000,Coef4:2.383000, scale1:0.935522, scale4:0.923264
06-19 16:08:13.573  2018  3127 E libsensor-displayalgo: RGB_test_0407_400_oldzy!
06-19 16:08:13.574  2018  3127 I libsensor-displayalgo: the value of  RESULT2078.986175,823.835756,1024.855831,369.071188
06-19 16:08:13.574  2018  3127 I libsensor-displayalgo: the value of  getChannelDataCalibrated2179.703510,763.030703,1191.194215,402.816366
06-19 16:08:13.574  2018  3127 I libsensor-displayalgo: the value of  REAL LUX168.213791
06-19 16:08:13.574  2018  3127 I libsensor-displayalgo: the value of  CAL REAL LUX168.213791
06-19 16:08:13.628 21408 21440 I appium  : channel read: POST /wd/hub/session/dabffb7f-bd46-41f4-bf46-43a63a17ee4d/elements
06-19 16:08:13.628 21408 21440 I appium  : FindElements command
06-19 16:08:13.629 21408 21440 I appium  : method: 'id', selector: 'cn.missevan:id/tv_menu_title'
06-19 16:08:13.629 21408 21440 I appium  : Waiting up to 100ms for the device to idle
06-19 16:08:13.703 21505 21514 I cn.missevan: This is sticky GC, maxfree is 8388608 minfree is 2097152
06-19 16:08:13.737  2431  2636 I PackageSettingsTiming: writePermState-0
06-19 16:08:13.745 21408 21440 I appium  : Found zero matches
06-19 16:08:13.752 21408 21440 W tomator2.serve: Accessing hidden method Ljava/util/Collections$EmptyList;-><init>()V (unsupported, reflection, allowed)
06-19 16:08:13.752 21408 21440 I appium  : AppiumResponse: {"sessionId":"dabffb7f-bd46-41f4-bf46-43a63a17ee4d","value":[]}
06-19 16:08:13.796  5405  9716 D SLM-SRV-SLAService: checktemp temperature = 39248 temperature_average = 39148 isPerformanceMode = false thermal_enable_slm = true
06-19 16:08:13.867  1265  2358 I vendor.qti.hardware.display.composer-service: FrameNotifyProcess Sensor: notify citsensorservice to trigger cwb
06-19 16:08:13.867  2018  2111 I libcitsensorservice@2.0-impl: msg_transfer
06-19 16:08:13.868  2018  3098 D vendor.xiaomi.sensor.citsensorservice@2.0-service: handle id:9 wxh:1280x2400 uwxuh:1080x2400 size: 9216000 fd:15 fd_meta:16 flags:0x4000228 usage:0x33  format:0x3 layer_count: 1
06-19 16:08:13.868  1265  1887 I SDM     : HWCSession::SetCWBOutputBuffer: CWB config passed by cwb_client : tappoint 1  CWB_ROI : (829.000000 4.000000 915.000000 90.000000)
06-19 16:08:13.869  1265 23894 I SDM     : HWCSession::ProcessRequests: Successfully configured CWB buffer.
06-19 16:08:13.874  2018  3127 D libsensor-displayalgo: the value of  brightness:438.000000,R:44638336.067654,G:41996689.403739,B:44474269.386839,EVENT_C:4982.500000,EVENT_R:1908.000000,EVENT_G:2537.000000,EVENT_B:989.500000
06-19 16:08:13.874  2018  3127 I libsensor-displayalgo: the value of  Coef1:1107.681000,Coef4:2.383000, scale1:0.935522, scale4:0.923264
06-19 16:08:13.874  2018  3127 E libsensor-displayalgo: RGB_test_0407_400_oldzy!
06-19 16:08:13.874  2018  3127 I libsensor-displayalgo: the value of  RESULT2078.986175,823.835756,1024.855831,369.071188
06-19 16:08:13.875  2018  3127 I libsensor-displayalgo: the value of  getChannelDataCalibrated2179.703510,763.030703,1191.194215,402.816366
06-19 16:08:13.875  2018  3127 I libsensor-displayalgo: the value of  REAL LUX168.213791
06-19 16:08:13.875  2018  3127 I libsensor-displayalgo: the value of  CAL REAL LUX168.213791
06-19 16:08:13.878  1265 23894 I SDM     : HWCSession::ProcessRequests: Pushing release fence in fenece wait queue.
06-19 16:08:13.878  1265 23894 I SDM     : HWCSession::ProcessRequests: Creating AsyncFenceWaits async thread.
06-19 16:08:13.879  1265 23894 I SDM     : HWCSession::ProcessRequests: Remove current CWB request from the pending request queue.
06-19 16:08:13.879  1265 23894 I SDM     : HWCSession::ProcessRequests: No pending cwb requests found in the queue.
06-19 16:08:13.884  1265  1584 I SDM     : HWDeviceDRM::SetupConcurrentWriteback: Tear down the Concurrent Writeback topology
06-19 16:08:13.888  1930  1967 I mstatdaemon: Entering time loop
06-19 16:08:13.889  1930  1967 I mstatdaemon: t = 1687162093
06-19 16:08:13.889  1930  1967 I mstatdaemon: translated_t = 1371172093
06-19 16:08:13.889  1930  1967 I mstat_log: mstatcommitLog log_alloc() failed
06-19 16:08:13.892  1265 23895 I SDM     : HWCSession::NotifyCWBStatus: Notify the client about buffer status 0.
06-19 16:08:13.893  1265 23895 I SDM     : HWCSession::PerformFenceWaits: Remove current release fence from the pending fence wait queue.
06-19 16:08:13.894  1265 23895 I SDM     : HWCSession::PerformFenceWaits: CWB fence queue is empty. No pending release fence to wait on.
06-19 16:08:13.907 21505 21514 I cn.missevan: This is sticky GC, maxfree is 8388608 minfree is 2097152
06-19 16:08:14.057  2431  3286 D MiuiNetworkPolicy: updateLimit mLimitEnabled=false,enabled=true,mNetworkPriorityMode=1
06-19 16:08:14.116 21505 21514 I cn.missevan: This is sticky GC, maxfree is 8388608 minfree is 2097152
06-19 16:08:14.173  2018  3127 D libsensor-displayalgo: the value of  brightness:438.000000,R:44638336.067654,G:41996689.403739,B:44474269.386839,EVENT_C:4990.000000,EVENT_R:1909.500000,EVENT_G:2542.500000,EVENT_B:992.000000
06-19 16:08:14.174  2018  3127 I libsensor-displayalgo: the value of  Coef1:1107.681000,Coef4:2.383000, scale1:0.935522, scale4:0.923264
06-19 16:08:14.174  2018  3127 E libsensor-displayalgo: RGB_test_0407_400_oldzy!
06-19 16:08:14.174  2018  3127 I libsensor-displayalgo: the value of  RESULT2078.986175,823.835756,1024.855831,369.071188
06-19 16:08:14.174  2018  3127 I libsensor-displayalgo: the value of  getChannelDataCalibrated2179.703510,763.030703,1191.194215,402.816366
06-19 16:08:14.174  2018  3127 I libsensor-displayalgo: the value of  REAL LUX168.733688
06-19 16:08:14.174  2018  3127 I libsensor-displayalgo: the value of  CAL REAL LUX168.733688
06-19 16:08:14.204  1265  2358 I vendor.qti.hardware.display.composer-service: FrameNotifyProcess Sensor: notify citsensorservice to trigger cwb
06-19 16:08:14.205  2018  2111 I libcitsensorservice@2.0-impl: msg_transfer
06-19 16:08:14.205  2018  3098 D vendor.xiaomi.sensor.citsensorservice@2.0-service: handle id:9 wxh:1280x2400 uwxuh:1080x2400 size: 9216000 fd:15 fd_meta:16 flags:0x4000228 usage:0x33  format:0x3 layer_count: 1
06-19 16:08:14.206  1265  1887 I SDM     : HWCSession::SetCWBOutputBuffer: CWB config passed by cwb_client : tappoint 1  CWB_ROI : (829.000000 4.000000 915.000000 90.000000)
06-19 16:08:14.207  1265 23896 I SDM     : HWCSession::ProcessRequests: Successfully configured CWB buffer.
06-19 16:08:14.215  1265 23896 I SDM     : HWCSession::ProcessRequests: Pushing release fence in fenece wait queue.
06-19 16:08:14.215  1265 23896 I SDM     : HWCSession::ProcessRequests: Creating AsyncFenceWaits async thread.
06-19 16:08:14.215  1265 23896 I SDM     : HWCSession::ProcessRequests: Remove current CWB request from the pending request queue.
06-19 16:08:14.215  1265 23896 I SDM     : HWCSession::ProcessRequests: No pending cwb requests found in the queue.
06-19 16:08:14.221  1265  1584 I SDM     : HWDeviceDRM::SetupConcurrentWriteback: Tear down the Concurrent Writeback topology
06-19 16:08:14.229  1265 23897 I SDM     : HWCSession::NotifyCWBStatus: Notify the client about buffer status 0.
06-19 16:08:14.229  1265 23897 I SDM     : HWCSession::PerformFenceWaits: Remove current release fence from the pending fence wait queue.
06-19 16:08:14.229  1265 23897 I SDM     : HWCSession::PerformFenceWaits: CWB fence queue is empty. No pending release fence to wait on.
06-19 16:08:14.294 21408 21440 I appium  : channel read: POST /wd/hub/session/dabffb7f-bd46-41f4-bf46-43a63a17ee4d/elements
06-19 16:08:14.295 21408 21440 I appium  : FindElements command
06-19 16:08:14.298 21408 21440 I appium  : method: 'id', selector: 'cn.missevan:id/tv_menu_title'
06-19 16:08:14.305 21408 21440 I appium  : Waiting up to 100ms for the device to idle
06-19 16:08:14.327 21505 21514 I cn.missevan: This is sticky GC, maxfree is 8388608 minfree is 2097152
06-19 16:08:14.407 21408 21440 I appium  : Found zero matches
06-19 16:08:14.408 21408 21440 I appium  : AppiumResponse: {"sessionId":"dabffb7f-bd46-41f4-bf46-43a63a17ee4d","value":[]}
06-19 16:08:14.410  5809 22993 I SafeBinderCall: onPositionChange binder cost:2
06-19 16:08:14.410  4233  4233 D MiPlayDetailViewModel: onPositionChange(): position = 24588
06-19 16:08:14.473  2018  3127 D libsensor-displayalgo: the value of  brightness:438.000000,R:44638336.067654,G:41996689.403739,B:44474269.386839,EVENT_C:4989.000000,EVENT_R:1908.500000,EVENT_G:2542.500000,EVENT_B:990.500000
06-19 16:08:14.473  2018  3127 I libsensor-displayalgo: the value of  Coef1:1107.681000,Coef4:2.383000, scale1:0.935522, scale4:0.923264
06-19 16:08:14.473  2018  3127 E libsensor-displayalgo: RGB_test_0407_400_oldzy!
06-19 16:08:14.473  2018  3127 I libsensor-displayalgo: the value of  RESULT2078.986175,823.835756,1024.855831,369.071188
06-19 16:08:14.474  2018  3127 I libsensor-displayalgo: the value of  getChannelDataCalibrated2179.703510,763.030703,1191.194215,402.816366
06-19 16:08:14.474  2018  3127 I libsensor-displayalgo: the value of  REAL LUX168.822678
06-19 16:08:14.474  2018  3127 I libsensor-displayalgo: the value of  CAL REAL LUX168.822678
06-19 16:08:14.530 21505 21514 I cn.missevan: This is sticky GC, maxfree is 8388608 minfree is 2097152
06-19 16:08:14.542  1265  2358 I vendor.qti.hardware.display.composer-service: FrameNotifyProcess Sensor: notify citsensorservice to trigger cwb
06-19 16:08:14.543  2018  3874 I libcitsensorservice@2.0-impl: msg_transfer
06-19 16:08:14.543  2018  3098 D vendor.xiaomi.sensor.citsensorservice@2.0-service: handle id:9 wxh:1280x2400 uwxuh:1080x2400 size: 9216000 fd:15 fd_meta:16 flags:0x4000228 usage:0x33  format:0x3 layer_count: 1
06-19 16:08:14.543  1265  1887 I SDM     : HWCSession::SetCWBOutputBuffer: CWB config passed by cwb_client : tappoint 1  CWB_ROI : (829.000000 4.000000 915.000000 90.000000)
06-19 16:08:14.544  1265 23898 I SDM     : HWCSession::ProcessRequests: Successfully configured CWB buffer.
06-19 16:08:14.553  1265 23898 I SDM     : HWCSession::ProcessRequests: Pushing release fence in fenece wait queue.
06-19 16:08:14.553  1265 23898 I SDM     : HWCSession::ProcessRequests: Creating AsyncFenceWaits async thread.
06-19 16:08:14.554  1265 23898 I SDM     : HWCSession::ProcessRequests: Remove current CWB request from the pending request queue.
06-19 16:08:14.554  1265 23898 I SDM     : HWCSession::ProcessRequests: No pending cwb requests found in the queue.
06-19 16:08:14.559  1265  1584 I SDM     : HWDeviceDRM::SetupConcurrentWriteback: Tear down the Concurrent Writeback topology
06-19 16:08:14.568  1265 23899 I SDM     : HWCSession::NotifyCWBStatus: Notify the client about buffer status 0.
06-19 16:08:14.568  1265 23899 I SDM     : HWCSession::PerformFenceWaits: Remove current release fence from the pending fence wait queue.
06-19 16:08:14.568  1265 23899 I SDM     : HWCSession::PerformFenceWaits: CWB fence queue is empty. No pending release fence to wait on.
06-19 16:08:14.729 21505 21514 I cn.missevan: This is sticky GC, maxfree is 8388608 minfree is 2097152
06-19 16:08:14.774  2018  3127 D libsensor-displayalgo: the value of  brightness:438.000000,R:44638336.067654,G:41996689.403739,B:44474269.386839,EVENT_C:4988.000000,EVENT_R:1910.000000,EVENT_G:2543.500000,EVENT_B:991.000000
06-19 16:08:14.774  2018  3127 I libsensor-displayalgo: the value of  Coef1:1107.681000,Coef4:2.383000, scale1:0.935522, scale4:0.923264
06-19 16:08:14.774  2018  3127 E libsensor-displayalgo: RGB_test_0407_400_oldzy!
06-19 16:08:14.775  2018  3127 I libsensor-displayalgo: the value of  RESULT2078.986175,823.835756,1024.855831,369.071188
06-19 16:08:14.775  2018  3127 I libsensor-displayalgo: the value of  getChannelDataCalibrated2179.703510,763.030703,1191.194215,402.816366
06-19 16:08:14.775  2018  3127 I libsensor-displayalgo: the value of  REAL LUX168.700409
06-19 16:08:14.775  2018  3127 I libsensor-displayalgo: the value of  CAL REAL LUX168.700409
06-19 16:08:14.887  1265  2358 I vendor.qti.hardware.display.composer-service: FrameNotifyProcess Sensor: notify citsensorservice to trigger cwb
06-19 16:08:14.888  2018  2108 I libcitsensorservice@2.0-impl: msg_transfer
06-19 16:08:14.888  2018  3098 D vendor.xiaomi.sensor.citsensorservice@2.0-service: handle id:9 wxh:1280x2400 uwxuh:1080x2400 size: 9216000 fd:15 fd_meta:16 flags:0x4000228 usage:0x33  format:0x3 layer_count: 1
06-19 16:08:14.888  1265  1887 I SDM     : HWCSession::SetCWBOutputBuffer: CWB config passed by cwb_client : tappoint 1  CWB_ROI : (829.000000 4.000000 915.000000 90.000000)
06-19 16:08:14.889  1265 23915 I SDM     : HWCSession::ProcessRequests: Successfully configured CWB buffer.
06-19 16:08:14.897  1265 23915 I SDM     : HWCSession::ProcessRequests: Pushing release fence in fenece wait queue.
06-19 16:08:14.897  1265 23915 I SDM     : HWCSession::ProcessRequests: Creating AsyncFenceWaits async thread.
06-19 16:08:14.898  1265 23915 I SDM     : HWCSession::ProcessRequests: Remove current CWB request from the pending request queue.
06-19 16:08:14.898  1265 23915 I SDM     : HWCSession::ProcessRequests: No pending cwb requests found in the queue.
06-19 16:08:14.904  1265  1584 I SDM     : HWDeviceDRM::SetupConcurrentWriteback: Tear down the Concurrent Writeback topology
06-19 16:08:14.912  1265 23918 I SDM     : HWCSession::NotifyCWBStatus: Notify the client about buffer status 0.
06-19 16:08:14.912  1265 23918 I SDM     : HWCSession::PerformFenceWaits: Remove current release fence from the pending fence wait queue.
06-19 16:08:14.912  1265 23918 I SDM     : HWCSession::PerformFenceWaits: CWB fence queue is empty. No pending release fence to wait on.
06-19 16:08:14.921 21408 21440 I appium  : channel read: POST /wd/hub/session/dabffb7f-bd46-41f4-bf46-43a63a17ee4d/elements
06-19 16:08:14.921 21408 21440 I appium  : FindElements command
06-19 16:08:14.923 21408 21440 I appium  : method: 'id', selector: 'cn.missevan:id/tv_menu_title'
06-19 16:08:14.923 21408 21440 I appium  : Waiting up to 100ms for the device to idle
06-19 16:08:14.937 21505 21514 I cn.missevan: This is sticky GC, maxfree is 8388608 minfree is 2097152
06-19 16:08:15.073  2018  3127 D libsensor-displayalgo: the value of  brightness:438.000000,R:44638336.067654,G:41996689.403739,B:44474269.386839,EVENT_C:4989.000000,EVENT_R:1908.500000,EVENT_G:2542.500000,EVENT_B:990.500000
06-19 16:08:15.073  2018  3127 I libsensor-displayalgo: the value of  Coef1:1107.681000,Coef4:2.383000, scale1:0.935522, scale4:0.923264
06-19 16:08:15.073  2018  3127 E libsensor-displayalgo: RGB_test_0407_400_oldzy!
06-19 16:08:15.073  2018  3127 I libsensor-displayalgo: the value of  RESULT2078.986175,823.835756,1024.855831,369.071188
06-19 16:08:15.073  2018  3127 I libsensor-displayalgo: the value of  getChannelDataCalibrated2179.703510,763.030703,1191.194215,402.816366
06-19 16:08:15.073  2018  3127 I libsensor-displayalgo: the value of  REAL LUX168.822678
06-19 16:08:15.073  2018  3127 I libsensor-displayalgo: the value of  CAL REAL LUX168.822678
06-19 16:08:15.142 21505 21514 I cn.missevan: This is sticky GC, maxfree is 8388608 minfree is 2097152
06-19 16:08:15.173 21673 22528 D AudioTrack: [audioTrackData][fine] 10s(f:10000 m:3686 s:1162 k:0) : pid 21673 uid 10494 sessionId 1593 sr 44100 ch 2 fmt 1
06-19 16:08:15.216  1265  2358 I vendor.qti.hardware.display.composer-service: FrameNotifyProcess Sensor: notify citsensorservice to trigger cwb
06-19 16:08:15.217  2018  2108 I libcitsensorservice@2.0-impl: msg_transfer
06-19 16:08:15.217  2018  3098 D vendor.xiaomi.sensor.citsensorservice@2.0-service: handle id:9 wxh:1280x2400 uwxuh:1080x2400 size: 9216000 fd:15 fd_meta:16 flags:0x4000228 usage:0x33  format:0x3 layer_count: 1
06-19 16:08:15.217  1265  1887 I SDM     : HWCSession::SetCWBOutputBuffer: CWB config passed by cwb_client : tappoint 1  CWB_ROI : (829.000000 4.000000 915.000000 90.000000)
06-19 16:08:15.218  1265 23919 I SDM     : HWCSession::ProcessRequests: Successfully configured CWB buffer.
06-19 16:08:15.228  1265 23919 I SDM     : HWCSession::ProcessRequests: Pushing release fence in fenece wait queue.
06-19 16:08:15.228  1265 23919 I SDM     : HWCSession::ProcessRequests: Creating AsyncFenceWaits async thread.
06-19 16:08:15.228  1265 23919 I SDM     : HWCSession::ProcessRequests: Remove current CWB request from the pending request queue.
06-19 16:08:15.228  1265 23919 I SDM     : HWCSession::ProcessRequests: No pending cwb requests found in the queue.
06-19 16:08:15.233  1265  1584 I SDM     : HWDeviceDRM::SetupConcurrentWriteback: Tear down the Concurrent Writeback topology
06-19 16:08:15.241  1265 23920 I SDM     : HWCSession::NotifyCWBStatus: Notify the client about buffer status 0.
06-19 16:08:15.241  1265 23920 I SDM     : HWCSession::PerformFenceWaits: Remove current release fence from the pending fence wait queue.
06-19 16:08:15.241  1265 23920 I SDM     : HWCSession::PerformFenceWaits: CWB fence queue is empty. No pending release fence to wait on.
06-19 16:08:15.346 21505 21514 I cn.missevan: This is sticky GC, maxfree is 8388608 minfree is 2097152
06-19 16:08:15.350 21408 21440 W QueryController: Could not detect idle state.
06-19 16:08:15.373  2018  3127 D libsensor-displayalgo: the value of  brightness:438.000000,R:44638336.067654,G:41996689.403739,B:44474269.386839,EVENT_C:4989.000000,EVENT_R:1909.500000,EVENT_G:2539.000000,EVENT_B:990.000000
06-19 16:08:15.373  2018  3127 I libsensor-displayalgo: the value of  Coef1:1107.681000,Coef4:2.383000, scale1:0.935522, scale4:0.923264
06-19 16:08:15.373  2018  3127 E libsensor-displayalgo: RGB_test_0407_400_oldzy!
06-19 16:08:15.374  2018  3127 I libsensor-displayalgo: the value of  RESULT2078.986175,823.835756,1024.855831,369.071188
06-19 16:08:15.374  2018  3127 I libsensor-displayalgo: the value of  getChannelDataCalibrated2179.703510,763.030703,1191.194215,402.816366
06-19 16:08:15.374  2018  3127 I libsensor-displayalgo: the value of  REAL LUX168.666351
06-19 16:08:15.374  2018  3127 I libsensor-displayalgo: the value of  CAL REAL LUX168.666351
06-19 16:08:15.408  4233  4233 D MiPlayDetailViewModel: onPositionChange(): position = 25588
06-19 16:08:15.409  5809 22993 I SafeBinderCall: onPositionChange binder cost:0
06-19 16:08:15.440 21408 21440 I appium  : Found zero matches
06-19 16:08:15.441 21408 21440 I appium  : AppiumResponse: {"sessionId":"dabffb7f-bd46-41f4-bf46-43a63a17ee4d","value":[]}
06-19 16:08:15.552 21505 21514 I cn.missevan: This is sticky GC, maxfree is 8388608 minfree is 2097152
06-19 16:08:15.554  1265  2358 I vendor.qti.hardware.display.composer-service: FrameNotifyProcess Sensor: notify citsensorservice to trigger cwb
06-19 16:08:15.554  2018  2108 I libcitsensorservice@2.0-impl: msg_transfer
06-19 16:08:15.554  2018  3098 D vendor.xiaomi.sensor.citsensorservice@2.0-service: handle id:9 wxh:1280x2400 uwxuh:1080x2400 size: 9216000 fd:15 fd_meta:16 flags:0x4000228 usage:0x33  format:0x3 layer_count: 1
06-19 16:08:15.554  1265  1887 I SDM     : HWCSession::SetCWBOutputBuffer: CWB config passed by cwb_client : tappoint 1  CWB_ROI : (829.000000 4.000000 915.000000 90.000000)
06-19 16:08:15.556  1265 23921 I SDM     : HWCSession::ProcessRequests: Successfully configured CWB buffer.
06-19 16:08:15.589  1265 23921 I SDM     : HWCSession::ProcessRequests: Pushing release fence in fenece wait queue.
06-19 16:08:15.589  1265 23921 I SDM     : HWCSession::ProcessRequests: Creating AsyncFenceWaits async thread.
06-19 16:08:15.590  1265 23921 I SDM     : HWCSession::ProcessRequests: Remove current CWB request from the pending request queue.
06-19 16:08:15.590  1265 23921 I SDM     : HWCSession::ProcessRequests: No pending cwb requests found in the queue.
06-19 16:08:15.596  1265  1584 I SDM     : HWDeviceDRM::SetupConcurrentWriteback: Tear down the Concurrent Writeback topology
06-19 16:08:15.603  1265 23922 I SDM     : HWCSession::NotifyCWBStatus: Notify the client about buffer status 0.
06-19 16:08:15.603  1265 23922 I SDM     : HWCSession::PerformFenceWaits: Remove current release fence from the pending fence wait queue.
06-19 16:08:15.603  1265 23922 I SDM     : HWCSession::PerformFenceWaits: CWB fence queue is empty. No pending release fence to wait on.
06-19 16:08:15.674  2018  3127 D libsensor-displayalgo: the value of  brightness:438.000000,R:44638336.067654,G:41996689.403739,B:44474269.386839,EVENT_C:4986.000000,EVENT_R:1911.000000,EVENT_G:2541.500000,EVENT_B:991.000000
06-19 16:08:15.674  2018  3127 I libsensor-displayalgo: the value of  Coef1:1107.681000,Coef4:2.383000, scale1:0.935522, scale4:0.923264
06-19 16:08:15.674  2018  3127 E libsensor-displayalgo: RGB_test_0407_400_oldzy!
06-19 16:08:15.674  2018  3127 I libsensor-displayalgo: the value of  RESULT2078.986175,823.835756,1024.855831,369.071188
06-19 16:08:15.674  2018  3127 I libsensor-displayalgo: the value of  getChannelDataCalibrated2179.703510,763.030703,1191.194215,402.816366
06-19 16:08:15.674  2018  3127 I libsensor-displayalgo: the value of  REAL LUX168.430542
06-19 16:08:15.674  2018  3127 I libsensor-displayalgo: the value of  CAL REAL LUX168.430542
06-19 16:08:15.756 21505 21514 I cn.missevan: This is sticky GC, maxfree is 8388608 minfree is 2097152
06-19 16:08:15.891  1265  2358 I vendor.qti.hardware.display.composer-service: FrameNotifyProcess Sensor: notify citsensorservice to trigger cwb
06-19 16:08:15.891  2018  2108 I libcitsensorservice@2.0-impl: msg_transfer
06-19 16:08:15.892  2018  3098 D vendor.xiaomi.sensor.citsensorservice@2.0-service: handle id:9 wxh:1280x2400 uwxuh:1080x2400 size: 9216000 fd:15 fd_meta:16 flags:0x4000228 usage:0x33  format:0x3 layer_count: 1
06-19 16:08:15.892  1265  1887 I SDM     : HWCSession::SetCWBOutputBuffer: CWB config passed by cwb_client : tappoint 1  CWB_ROI : (829.000000 4.000000 915.000000 90.000000)
06-19 16:08:15.894  1265 23923 I SDM     : HWCSession::ProcessRequests: Successfully configured CWB buffer.
06-19 16:08:15.904  1265 23923 I SDM     : HWCSession::ProcessRequests: Pushing release fence in fenece wait queue.
06-19 16:08:15.904  1265 23923 I SDM     : HWCSession::ProcessRequests: Creating AsyncFenceWaits async thread.
06-19 16:08:15.904  1265 23923 I SDM     : HWCSession::ProcessRequests: Remove current CWB request from the pending request queue.
06-19 16:08:15.904  1265 23923 I SDM     : HWCSession::ProcessRequests: No pending cwb requests found in the queue.
06-19 16:08:15.908  1265  1584 I SDM     : HWDeviceDRM::SetupConcurrentWriteback: Tear down the Concurrent Writeback topology
06-19 16:08:15.915  1265 23924 I SDM     : HWCSession::NotifyCWBStatus: Notify the client about buffer status 0.
06-19 16:08:15.916  1265 23924 I SDM     : HWCSession::PerformFenceWaits: Remove current release fence from the pending fence wait queue.
06-19 16:08:15.916  1265 23924 I SDM     : HWCSession::PerformFenceWaits: CWB fence queue is empty. No pending release fence to wait on.
06-19 16:08:15.955 21408 21440 I appium  : channel read: POST /wd/hub/session/dabffb7f-bd46-41f4-bf46-43a63a17ee4d/elements
06-19 16:08:15.956 21408 21440 I appium  : FindElements command
06-19 16:08:15.956 21408 21440 I appium  : method: 'id', selector: 'cn.missevan:id/tv_menu_title'
06-19 16:08:15.957 21408 21440 I appium  : Waiting up to 100ms for the device to idle
06-19 16:08:15.967 21505 21514 I cn.missevan: This is sticky GC, maxfree is 8388608 minfree is 2097152
06-19 16:08:15.973  2018  3127 D libsensor-displayalgo: the value of  brightness:438.000000,R:44638336.067654,G:41996689.403739,B:44474269.386839,EVENT_C:4986.000000,EVENT_R:1909.000000,EVENT_G:2540.500000,EVENT_B:991.500000
06-19 16:08:15.973  2018  3127 I libsensor-displayalgo: the value of  Coef1:1107.681000,Coef4:2.383000, scale1:0.935522, scale4:0.923264
06-19 16:08:15.973  2018  3127 E libsensor-displayalgo: RGB_test_0407_400_oldzy!
06-19 16:08:15.973  2018  3127 I libsensor-displayalgo: the value of  RESULT2078.986175,823.835756,1024.855831,369.071188
06-19 16:08:15.973  2018  3127 I libsensor-displayalgo: the value of  getChannelDataCalibrated2179.703510,763.030703,1191.194215,402.816366
06-19 16:08:15.973  2018  3127 I libsensor-displayalgo: the value of  REAL LUX168.419846
06-19 16:08:15.973  2018  3127 I libsensor-displayalgo: the value of  CAL REAL LUX168.419846
06-19 16:08:16.166 21505 21514 I cn.missevan: This is sticky GC, maxfree is 8388608 minfree is 2097152
06-19 16:08:16.167 21408 21440 W QueryController: Could not detect idle state.
06-19 16:08:16.195  1265  2358 I vendor.qti.hardware.display.composer-service: FrameNotifyProcess Sensor: notify citsensorservice to trigger cwb
06-19 16:08:16.196  2018  2111 I libcitsensorservice@2.0-impl: msg_transfer
06-19 16:08:16.196  2018  3098 D vendor.xiaomi.sensor.citsensorservice@2.0-service: handle id:9 wxh:1280x2400 uwxuh:1080x2400 size: 9216000 fd:15 fd_meta:16 flags:0x4000228 usage:0x33  format:0x3 layer_count: 1
06-19 16:08:16.196  1265  1887 I SDM     : HWCSession::SetCWBOutputBuffer: CWB config passed by cwb_client : tappoint 1  CWB_ROI : (829.000000 4.000000 915.000000 90.000000)
06-19 16:08:16.197  1265 23925 I SDM     : HWCSession::ProcessRequests: Successfully configured CWB buffer.
06-19 16:08:16.212  1265 23925 I SDM     : HWCSession::ProcessRequests: Pushing release fence in fenece wait queue.
06-19 16:08:16.212  1265 23925 I SDM     : HWCSession::ProcessRequests: Creating AsyncFenceWaits async thread.
06-19 16:08:16.212  1265 23925 I SDM     : HWCSession::ProcessRequests: Remove current CWB request from the pending request queue.
06-19 16:08:16.212  1265 23925 I SDM     : HWCSession::ProcessRequests: No pending cwb requests found in the queue.
06-19 16:08:16.221  1265  1584 I SDM     : HWDeviceDRM::SetupConcurrentWriteback: Tear down the Concurrent Writeback topology
06-19 16:08:16.223  1265 23926 I SDM     : HWCSession::NotifyCWBStatus: Notify the client about buffer status 0.
06-19 16:08:16.223  1265 23926 I SDM     : HWCSession::PerformFenceWaits: Remove current release fence from the pending fence wait queue.
06-19 16:08:16.223  1265 23926 I SDM     : HWCSession::PerformFenceWaits: CWB fence queue is empty. No pending release fence to wait on.
06-19 16:08:16.273  2018  3127 D libsensor-displayalgo: the value of  brightness:438.000000,R:44638336.067654,G:41996689.403739,B:44474269.386839,EVENT_C:4984.000000,EVENT_R:1908.000000,EVENT_G:2541.500000,EVENT_B:990.500000
06-19 16:08:16.274  2018  3127 I libsensor-displayalgo: the value of  Coef1:1107.681000,Coef4:2.383000, scale1:0.935522, scale4:0.923264
06-19 16:08:16.274  2018  3127 E libsensor-displayalgo: RGB_test_0407_400_oldzy!
06-19 16:08:16.274  2018  3127 I libsensor-displayalgo: the value of  RESULT2078.986175,823.835756,1024.855831,369.071188
06-19 16:08:16.274  2018  3127 I libsensor-displayalgo: the value of  getChannelDataCalibrated2179.703510,763.030703,1191.194215,402.816366
06-19 16:08:16.274  2018  3127 I libsensor-displayalgo: the value of  REAL LUX168.443146
06-19 16:08:16.274  2018  3127 I libsensor-displayalgo: the value of  CAL REAL LUX168.443146
06-19 16:08:16.286 21408 21440 I appium  : Found zero matches
06-19 16:08:16.288 21408 21440 I appium  : AppiumResponse: {"sessionId":"dabffb7f-bd46-41f4-bf46-43a63a17ee4d","value":[]}
06-19 16:08:16.370 21505 21514 I cn.missevan: This is sticky GC, maxfree is 8388608 minfree is 2097152
06-19 16:08:16.408  4233  4233 D MiPlayDetailViewModel: onPositionChange(): position = 26588
06-19 16:08:16.408  5809 22993 I SafeBinderCall: onPositionChange binder cost:0
06-19 16:08:16.466 21408 21440 I appium  : channel read: GET /wd/hub/session/dabffb7f-bd46-41f4-bf46-43a63a17ee4d/screenshot
06-19 16:08:16.468 21408 21440 I appium  : CaptureScreenshot command
06-19 16:08:16.533  1265  2358 I vendor.qti.hardware.display.composer-service: FrameNotifyProcess Sensor: notify citsensorservice to trigger cwb
06-19 16:08:16.533  2018  3874 I libcitsensorservice@2.0-impl: msg_transfer
06-19 16:08:16.534  2018  3098 D vendor.xiaomi.sensor.citsensorservice@2.0-service: handle id:9 wxh:1280x2400 uwxuh:1080x2400 size: 9216000 fd:15 fd_meta:16 flags:0x4000228 usage:0x33  format:0x3 layer_count: 1
06-19 16:08:16.535  1265  1887 I SDM     : HWCSession::SetCWBOutputBuffer: CWB config passed by cwb_client : tappoint 1  CWB_ROI : (829.000000 4.000000 915.000000 90.000000)
06-19 16:08:16.535  1265 23942 I SDM     : HWCSession::ProcessRequests: Successfully configured CWB buffer.
06-19 16:08:16.545  1265 23942 I SDM     : HWCSession::ProcessRequests: Pushing release fence in fenece wait queue.
06-19 16:08:16.549  1265 23942 I SDM     : HWCSession::ProcessRequests: Creating AsyncFenceWaits async thread.
06-19 16:08:16.549  1265 23942 I SDM     : HWCSession::ProcessRequests: Remove current CWB request from the pending request queue.
06-19 16:08:16.550  1265 23942 I SDM     : HWCSession::ProcessRequests: No pending cwb requests found in the queue.
06-19 16:08:16.557  1265 23943 I SDM     : HWCSession::NotifyCWBStatus: Notify the client about buffer status 0.
06-19 16:08:16.558  1265  1584 I SDM     : HWDeviceDRM::SetupConcurrentWriteback: Tear down the Concurrent Writeback topology
06-19 16:08:16.558  1265 23943 I SDM     : HWCSession::PerformFenceWaits: Remove current release fence from the pending fence wait queue.
06-19 16:08:16.558  1265 23943 I SDM     : HWCSession::PerformFenceWaits: CWB fence queue is empty. No pending release fence to wait on.
06-19 16:08:16.573  2018  3127 D libsensor-displayalgo: the value of  brightness:438.000000,R:44638336.067654,G:41996689.403739,B:44474269.386839,EVENT_C:4983.000000,EVENT_R:1911.000000,EVENT_G:2539.500000,EVENT_B:990.500000
06-19 16:08:16.573  2018  3127 I libsensor-displayalgo: the value of  Coef1:1107.681000,Coef4:2.383000, scale1:0.935522, scale4:0.923264
06-19 16:08:16.573  2018  3127 E libsensor-displayalgo: RGB_test_0407_400_oldzy!
06-19 16:08:16.574  2018  3127 I libsensor-displayalgo: the value of  RESULT2078.986175,823.835756,1024.855831,369.071188
06-19 16:08:16.574  2018  3127 I libsensor-displayalgo: the value of  getChannelDataCalibrated2179.703510,763.030703,1191.194215,402.816366
06-19 16:08:16.574  2018  3127 I libsensor-displayalgo: the value of  REAL LUX168.168457
06-19 16:08:16.574  2018  3127 I libsensor-displayalgo: the value of  CAL REAL LUX168.168457
06-19 16:08:16.579 21505 21514 I cn.missevan: This is sticky GC, maxfree is 8388608 minfree is 2097152
06-19 16:08:16.790 21505 21514 I cn.missevan: This is sticky GC, maxfree is 8388608 minfree is 2097152
06-19 16:08:16.870  1265  2358 I vendor.qti.hardware.display.composer-service: FrameNotifyProcess Sensor: notify citsensorservice to trigger cwb
06-19 16:08:16.871  2018  3874 I libcitsensorservice@2.0-impl: msg_transfer
06-19 16:08:16.871  2018  3098 D vendor.xiaomi.sensor.citsensorservice@2.0-service: handle id:9 wxh:1280x2400 uwxuh:1080x2400 size: 9216000 fd:15 fd_meta:16 flags:0x4000228 usage:0x33  format:0x3 layer_count: 1
06-19 16:08:16.871  1265  1887 I SDM     : HWCSession::SetCWBOutputBuffer: CWB config passed by cwb_client : tappoint 1  CWB_ROI : (829.000000 4.000000 915.000000 90.000000)
06-19 16:08:16.873  1265 23947 I SDM     : HWCSession::ProcessRequests: Successfully configured CWB buffer.
06-19 16:08:16.875  2018  3127 D libsensor-displayalgo: the value of  brightness:438.000000,R:44638336.067654,G:41996689.403739,B:44474269.386839,EVENT_C:4983.000000,EVENT_R:1911.000000,EVENT_G:2539.500000,EVENT_B:990.500000
06-19 16:08:16.875  2018  3127 I libsensor-displayalgo: the value of  Coef1:1107.681000,Coef4:2.383000, scale1:0.935522, scale4:0.923264
06-19 16:08:16.875  2018  3127 E libsensor-displayalgo: RGB_test_0407_400_oldzy!
06-19 16:08:16.876  2018  3127 I libsensor-displayalgo: the value of  RESULT2078.986175,823.835756,1024.855831,369.071188
06-19 16:08:16.876  2018  3127 I libsensor-displayalgo: the value of  getChannelDataCalibrated2179.703510,763.030703,1191.194215,402.816366
06-19 16:08:16.876  2018  3127 I libsensor-displayalgo: the value of  REAL LUX168.168457
06-19 16:08:16.876  2018  3127 I libsensor-displayalgo: the value of  CAL REAL LUX168.168457
06-19 16:08:16.881  1265 23947 I SDM     : HWCSession::ProcessRequests: Pushing release fence in fenece wait queue.
06-19 16:08:16.881  1265 23947 I SDM     : HWCSession::ProcessRequests: Creating AsyncFenceWaits async thread.
06-19 16:08:16.881  1265 23947 I SDM     : HWCSession::ProcessRequests: Remove current CWB request from the pending request queue.
06-19 16:08:16.882  1265 23947 I SDM     : HWCSession::ProcessRequests: No pending cwb requests found in the queue.
06-19 16:08:16.887  1265  1584 I SDM     : HWDeviceDRM::SetupConcurrentWriteback: Tear down the Concurrent Writeback topology
06-19 16:08:16.905  1265 23948 I SDM     : HWCSession::NotifyCWBStatus: Notify the client about buffer status 0.
06-19 16:08:16.906  1265 23948 I SDM     : HWCSession::PerformFenceWaits: Remove current release fence from the pending fence wait queue.
06-19 16:08:16.906  1265 23948 I SDM     : HWCSession::PerformFenceWaits: CWB fence queue is empty. No pending release fence to wait on.
06-19 16:08:16.998 21505 21514 I cn.missevan: This is sticky GC, maxfree is 8388608 minfree is 2097152
06-19 16:08:17.173  2018  3127 D libsensor-displayalgo: the value of  brightness:438.000000,R:44638336.067654,G:41996689.403739,B:44474269.386839,EVENT_C:4987.000000,EVENT_R:1909.500000,EVENT_G:2541.500000,EVENT_B:991.000000
06-19 16:08:17.173  2018  3127 I libsensor-displayalgo: the value of  Coef1:1107.681000,Coef4:2.383000, scale1:0.935522, scale4:0.923264
06-19 16:08:17.173  2018  3127 E libsensor-displayalgo: RGB_test_0407_400_oldzy!
06-19 16:08:17.173  2018  3127 I libsensor-displayalgo: the value of  RESULT2078.986175,823.835756,1024.855831,369.071188
06-19 16:08:17.173  2018  3127 I libsensor-displayalgo: the value of  getChannelDataCalibrated2179.703510,763.030703,1191.194215,402.816366
06-19 16:08:17.173  2018  3127 I libsensor-displayalgo: the value of  REAL LUX168.557693
06-19 16:08:17.173  2018  3127 I libsensor-displayalgo: the value of  CAL REAL LUX168.557693
06-19 16:08:17.208  1265  2358 I vendor.qti.hardware.display.composer-service: FrameNotifyProcess Sensor: notify citsensorservice to trigger cwb
06-19 16:08:17.208  2018  2108 I libcitsensorservice@2.0-impl: msg_transfer
06-19 16:08:17.209  2018  3098 D vendor.xiaomi.sensor.citsensorservice@2.0-service: handle id:9 wxh:1280x2400 uwxuh:1080x2400 size: 9216000 fd:15 fd_meta:16 flags:0x4000228 usage:0x33  format:0x3 layer_count: 1
06-19 16:08:17.210  1265  1887 I SDM     : HWCSession::SetCWBOutputBuffer: CWB config passed by cwb_client : tappoint 1  CWB_ROI : (829.000000 4.000000 915.000000 90.000000)
06-19 16:08:17.210  1265 23949 I SDM     : HWCSession::ProcessRequests: Successfully configured CWB buffer.
06-19 16:08:17.215 21505 21514 I cn.missevan: This is sticky GC, maxfree is 8388608 minfree is 2097152
06-19 16:08:17.219  1265 23949 I SDM     : HWCSession::ProcessRequests: Pushing release fence in fenece wait queue.
06-19 16:08:17.219  1265 23949 I SDM     : HWCSession::ProcessRequests: Creating AsyncFenceWaits async thread.
06-19 16:08:17.219  1265 23949 I SDM     : HWCSession::ProcessRequests: Remove current CWB request from the pending request queue.
06-19 16:08:17.219  1265 23949 I SDM     : HWCSession::ProcessRequests: No pending cwb requests found in the queue.
06-19 16:08:17.224  1265  1584 I SDM     : HWDeviceDRM::SetupConcurrentWriteback: Tear down the Concurrent Writeback topology
06-19 16:08:17.234  1265 23950 I SDM     : HWCSession::NotifyCWBStatus: Notify the client about buffer status 0.
06-19 16:08:17.234  1265 23950 I SDM     : HWCSession::PerformFenceWaits: Remove current release fence from the pending fence wait queue.
06-19 16:08:17.234  1265 23950 I SDM     : HWCSession::PerformFenceWaits: CWB fence queue is empty. No pending release fence to wait on.
06-19 16:08:17.275 21408 21417 I tomator2.serve: This is non sticky GC, maxfree is 8388608 minfree is 2097152
06-19 16:08:17.283 21408 21440 I appium  : AppiumResponse: {"sessionId":"dabffb7f-bd46-41f4-bf46-43a63a17ee4d","value":"iVBORw0KGgoAAAANSUhEUgAABDgAAAlgCAYAAABtGofVAAAAAXNSR0IArs4c6QAAAARzQklUCAgI\nCHwIZIgAACAASURBVHic7L3pdx03ki/4S/JSIiVSC7XvshZLLlku2+WyX5frve45Z96cmS/zx86X\nmTcz73S/6eqqLnd5KVteZEuy9oWiuEukxEvmfMgEEBEIIJHL5WIzzrFDv4tMIBARCCCByGT2z//t\nf+TYo…
06-19 16:08:17.409  4233  4233 D MiPlayDetailViewModel: onPositionChange(): position = 27589
06-19 16:08:17.409  5809 22993 I SafeBinderCall: onPositionChange binder cost:0