12-19 16:46:05.099  1251 22288 I SDM     : HWCSession::ProcessRequests: Successfully configured CWB buffer.
12-19 16:46:05.106  1251 22288 I SDM     : HWCSession::ProcessRequests: Pushing release fence in fenece wait queue.
12-19 16:46:05.106  1251 22288 I SDM     : HWCSession::ProcessRequests: Creating AsyncFenceWaits async thread.
12-19 16:46:05.106  1251 22288 I SDM     : HWCSession::ProcessRequests: Remove current CWB request from the pending request queue.
12-19 16:46:05.106  1251 22288 I SDM     : HWCSession::ProcessRequests: No pending cwb requests found in the queue.
12-19 16:46:05.113  1251  1467 I SDM     : HWDeviceDRM::SetupConcurrentWriteback: Tear down the Concurrent Writeback topology
12-19 16:46:05.120  1251 22289 I SDM     : HWCSession::NotifyCWBStatus: Notify the client about buffer status 0.
12-19 16:46:05.120  1251 22289 I SDM     : HWCSession::PerformFenceWaits: Remove current release fence from the pending fence wait queue.
12-19 16:46:05.120  1251 22289 I SDM     : HWCSession::PerformFenceWaits: CWB fence queue is empty. No pending release fence to wait on.
12-19 16:46:05.126  2475  3037 D MIUIInput: [MotionEvent] publisher action=0x1, 554795763, channel '4b2d544 InputMethod (server)'
12-19 16:46:05.128 21173 21173 I HandWritingStubImpl: isKeyboardTypeChanged: false
12-19 16:46:05.128 21173 21173 I HandWritingStubImpl: isKeyboardTypeChanged: false
12-19 16:46:05.134 21173 21173 I HandWritingStubImpl: isKeyboardTypeChanged: false
12-19 16:46:05.135 21173 21173 I HandWritingStubImpl: isKeyboardTypeChanged: false
12-19 16:46:05.136 21173 21173 I HandWritingStubImpl: isKeyboardTypeChanged: false
12-19 16:46:05.136 21173 21173 I HandWritingStubImpl: isKeyboardTypeChanged: false
12-19 16:46:05.137 21173 21173 I HandWritingStubImpl: isKeyboardTypeChanged: false
12-19 16:46:05.139  5128  5141 W Binder  : Caught a RuntimeException from the binder stub implementation.
12-19 16:46:05.139  5128  5141 W Binder  : java.lang.SecurityException: Permission denial
12-19 16:46:05.139  5128  5141 W Binder  : 	at com.xiaomi.mirror.MirrorAppService.enforceSignature(MirrorAppService.java:30)
12-19 16:46:05.139  5128  5141 W Binder  : 	at com.xiaomi.mirror.MirrorAppService.isWorking(MirrorAppService.java:35)
12-19 16:46:05.139  5128  5141 W Binder  : 	at com.xiaomi.mirror.MirrorAppService.notifyInputTypeAndPos(MirrorAppService.java:88)
12-19 16:46:05.139  5128  5141 W Binder  : 	at com.xiaomi.mirror.IMirrorAppService$Stub.onTransact(IMirrorAppService.java:135)
12-19 16:46:05.139  5128  5141 W Binder  : 	at android.os.Binder.execTransactInternal(Binder.java:1190)
12-19 16:46:05.139  5128  5141 W Binder  : 	at android.os.Binder.execTransact(Binder.java:1149)
12-19 16:46:05.154  1367 22286 D vendor.hardware.vibratorfeature: Notifying perform complete
12-19 16:46:05.155  1367  1367 D vendor.hardware.vibratorfeature: QTI Vibrator off
12-19 16:46:05.155  1367  1367 D DynamicEffectThread: pause
12-19 16:46:05.155  1367  1367 D DynamicEffectDevice: FFDevice pause
12-19 16:46:05.182  1328  1328 D SRE     : sensorCallback mDisplayId = 0 dataCallback value=< 161.9000, 343.1485, 396.0000>,time=1172415647401679, sensor=5, temperature(K)= 343.1485
12-19 16:46:05.182  1328  1328 D SRE     : setSREStrength mDisplayId = 0, mLastLux = 143, lux = 161, mSREEnabled = 1, mLastFreezeStatus = 0, freeze = 0
12-19 16:46:05.275  2475  3037 D MIUIInput: [MotionEvent] publisher action=0x4, 554795911, channel 'a6e61f2 NavigationBar0 (server)'
12-19 16:46:05.275  2475  3037 D MIUIInput: [MotionEvent] publisher action=0x0, 554795911, channel '4b2d544 InputMethod (server)'
12-19 16:46:05.277  2475  4263 I HapticFeedbackUtil: 3,2,true
12-19 16:46:05.278  1367  1367 D vendor.hardware.vibratorfeature: configStrengthForEffect id : 3 , strength: 1.000000
12-19 16:46:05.281  1367  1367 D vendor.hardware.vibratorfeature: Vibrator perform effect 3
12-19 16:46:05.281  1367  1367 D vendor.hardware.vibratorfeature: uses mCurrMagnitudeExt 1.000000
12-19 16:46:05.281  1367  1367 D vendor.hardware.vibratorfeature: getAmplitudeFromEffectStrength 1.000000
12-19 16:46:05.282  1367  1367 D vendor.hardware.vibratorfeature: return from driver is 20
12-19 16:46:05.282  1367  1367 D vendor.hardware.vibratorfeature: playLengthMs is 70
12-19 16:46:05.282  1367 22291 D vendor.hardware.vibratorfeature: Starting perform on another thread
12-19 16:46:05.352  1367 22291 D vendor.hardware.vibratorfeature: Notifying perform complete
12-19 16:46:05.353  2475  3037 D MIUIInput: [MotionEvent] publisher action=0x1, 554795990, channel '4b2d544 InputMethod (server)'
12-19 16:46:05.354  1367  1367 D vendor.hardware.vibratorfeature: QTI Vibrator off
12-19 16:46:05.354  1367  1367 D DynamicEffectThread: pause
12-19 16:46:05.354  1367  1367 D DynamicEffectDevice: FFDevice pause
12-19 16:46:05.356 21173 21173 I HandWritingStubImpl: isKeyboardTypeChanged: false
12-19 16:46:05.356 21173 21173 I HandWritingStubImpl: isKeyboardTypeChanged: false
12-19 16:46:05.362 21173 21173 I HandWritingStubImpl: isKeyboardTypeChanged: false
12-19 16:46:05.364 21173 21173 I HandWritingStubImpl: isKeyboardTypeChanged: false
12-19 16:46:05.365 21173 21173 I HandWritingStubImpl: isKeyboardTypeChanged: false
12-19 16:46:05.365 21173 21173 I HandWritingStubImpl: isKeyboardTypeChanged: false
12-19 16:46:05.366 21173 21173 I HandWritingStubImpl: isKeyboardTypeChanged: false
12-19 16:46:05.368  5128  5141 W Binder  : Caught a RuntimeException from the binder stub implementation.
12-19 16:46:05.368  5128  5141 W Binder  : java.lang.SecurityException: Permission denial
12-19 16:46:05.368  5128  5141 W Binder  : 	at com.xiaomi.mirror.MirrorAppService.enforceSignature(MirrorAppService.java:30)
12-19 16:46:05.368  5128  5141 W Binder  : 	at com.xiaomi.mirror.MirrorAppService.isWorking(MirrorAppService.java:35)
12-19 16:46:05.368  5128  5141 W Binder  : 	at com.xiaomi.mirror.MirrorAppService.notifyInputTypeAndPos(MirrorAppService.java:88)
12-19 16:46:05.368  5128  5141 W Binder  : 	at com.xiaomi.mirror.IMirrorAppService$Stub.onTransact(IMirrorAppService.java:135)
12-19 16:46:05.368  5128  5141 W Binder  : 	at android.os.Binder.execTransactInternal(Binder.java:1190)
12-19 16:46:05.368  5128  5141 W Binder  : 	at android.os.Binder.execTransact(Binder.java:1149)
12-19 16:46:05.452 32290 32290 I HandWritingStubImpl: isKeyboardTypeChanged: false
12-19 16:46:05.455  5773  8954 W SLM-SRV-SLAService: mobileDataName set null
12-19 16:46:05.455  5773  8954 D SLM-SRV-SLAService: isIfaceRemoved If number:1-->1
12-19 16:46:05.455  5773  8954 D SLM-SRV-SLAService: startIfaceMonitorTimer mRetryCount:8
12-19 16:46:05.456  2475  3037 D MIUIInput: [MotionEvent] publisher action=0x4, 554796091, channel 'a6e61f2 NavigationBar0 (server)'
12-19 16:46:05.456  2475  3037 D MIUIInput: [MotionEvent] publisher action=0x0, 554796091, channel '4b2d544 InputMethod (server)'
12-19 16:46:05.457  2475  6308 I HapticFeedbackUtil: 3,2,true
12-19 16:46:05.457  1367  1367 D vendor.hardware.vibratorfeature: configStrengthForEffect id : 3 , strength: 1.000000
12-19 16:46:05.460  1367  1367 D vendor.hardware.vibratorfeature: Vibrator perform effect 3
12-19 16:46:05.460  1367  1367 D vendor.hardware.vibratorfeature: uses mCurrMagnitudeExt 1.000000
12-19 16:46:05.460  1367  1367 D vendor.hardware.vibratorfeature: getAmplitudeFromEffectStrength 1.000000
12-19 16:46:05.460  1367  1367 D vendor.hardware.vibratorfeature: return from driver is 20
12-19 16:46:05.461  1367  1367 D vendor.hardware.vibratorfeature: playLengthMs is 70
12-19 16:46:05.461  1367 22295 D vendor.hardware.vibratorfeature: Starting perform on another thread
12-19 16:46:05.480  1251  2448 I vendor.qti.hardware.display.composer-service: FrameNotifyProcess Sensor: notify citsensorservice to trigger cwb
12-19 16:46:05.480  2027  2027 I libcitsensorservice@2.0-impl: msg_transfer
12-19 16:46:05.481  2027  3266 D vendor.xiaomi.sensor.citsensorservice@2.0-service: handle id:10 wxh:1280x2400 uwxuh:1080x2400 size: 9216000 fd:15 fd_meta:16 flags:0x4000228 usage:0x33  format:0x3 layer_count: 1
12-19 16:46:05.482  1251  2214 I SDM     : HWCSession::SetCWBOutputBuffer: CWB config passed by cwb_client : tappoint 1  CWB_ROI : (829.000000 4.000000 915.000000 90.000000)
12-19 16:46:05.482  1251 22297 I SDM     : HWCSession::ProcessRequests: Successfully configured CWB buffer.
12-19 16:46:05.483  2027  3285 D libsensor-displayalgo: the value of  brightness:396.000000,R:72106162.522978,G:64480547.319485,B:51155443.709275,EVENT_C:5334.500000,EVENT_R:1934.500000,EVENT_G:2782.500000,EVENT_B:1034.000000
12-19 16:46:05.483  2027  3285 I libsensor-displayalgo: the value of  Coef1:1107.681000,Coef4:2.383000, scale1:0.935522, scale4:0.923264
12-19 16:46:05.483  2027  3285 E libsensor-displayalgo: RGB_test_0407_400_oldzy!
12-19 16:46:05.483  2027  3285 I libsensor-displayalgo: the value of  RESULT2630.500819,1073.878749,1270.913828,453.491966
12-19 16:46:05.483  2027  3285 I libsensor-displayalgo: the value of  getChannelDataCalibrated2748.343736,995.295633,1469.968052,491.454718
12-19 16:46:05.483  2027  3285 I libsensor-displayalgo: the value of  REAL LUX162.753922
12-19 16:46:05.483  2027  3285 I libsensor-displayalgo: the value of  CAL REAL LUX162.753922
12-19 16:46:05.490  1251 22297 I SDM     : HWCSession::ProcessRequests: Pushing release fence in fenece wait queue.
12-19 16:46:05.490  1251 22297 I SDM     : HWCSession::ProcessRequests: Creating AsyncFenceWaits async thread.
12-19 16:46:05.490  1251 22297 I SDM     : HWCSession::ProcessRequests: Remove current CWB request from the pending request queue.
12-19 16:46:05.491  1251 22297 I SDM     : HWCSession::ProcessRequests: No pending cwb requests found in the queue.
12-19 16:46:05.498  1251  1467 I SDM     : HWDeviceDRM::SetupConcurrentWriteback: Tear down the Concurrent Writeback topology
12-19 16:46:05.506  1251 22298 I SDM     : HWCSession::NotifyCWBStatus: Notify the client about buffer status 0.
12-19 16:46:05.508  1251 22298 I SDM     : HWCSession::PerformFenceWaits: Remove current release fence from the pending fence wait queue.
12-19 16:46:05.508  1251 22298 I SDM     : HWCSession::PerformFenceWaits: CWB fence queue is empty. No pending release fence to wait on.
12-19 16:46:05.519  2475  3034 I BatteryService: current mPlugType2current mHealthInfo.batteryLevel100current mHealthInfo.batteryTemperature345
12-19 16:46:05.522  2475  3037 D MIUIInput: [MotionEvent] publisher action=0x1, 554796158, channel '4b2d544 InputMethod (server)'
12-19 16:46:05.524 21173 21173 I HandWritingStubImpl: isKeyboardTypeChanged: false
12-19 16:46:05.524 21173 21173 I HandWritingStubImpl: isKeyboardTypeChanged: false
12-19 16:46:05.525  6206  7182 D ThermalIECHandler: storeDataStyle: thermal_iec_monitor_persistence_data_style_iec_state; startIECTime: -1; IECScreenOffOverPeriodTime: 1166483803
12-19 16:46:05.529  6171  6171 I BatteryInfoReceiver: ACTION_BATTERY_CHANGED
12-19 16:46:05.530 21173 21173 I HandWritingStubImpl: isKeyboardTypeChanged: false
12-19 16:46:05.530 21173 21173 I HandWritingStubImpl: isKeyboardTypeChanged: false
12-19 16:46:05.531  1367 22295 D vendor.hardware.vibratorfeature: Notifying perform complete
12-19 16:46:05.532 21173 21173 I HandWritingStubImpl: isKeyboardTypeChanged: false
12-19 16:46:05.532 21173 21173 I HandWritingStubImpl: isKeyboardTypeChanged: false
12-19 16:46:05.532  6171  6171 I PowerNoticeUI: handleBatteryChanged oldPlugType 2 mPlugType 2 oldBatteryLevel 100 mBatteryLevel 100 temperature 345
12-19 16:46:05.532  4409  4409 D QtiCarrierConfigHelper: WARNING, no carrier configs on phone Id: 1
12-19 16:46:05.533 21173 21173 I HandWritingStubImpl: isKeyboardTypeChanged: false
12-19 16:46:05.533  9660  9660 D DynamicService:  ACTION_BATTERY_CHANGED change,USB plug = 2
12-19 16:46:05.535  4453  4453 V DeviceStatisticsService: chargerType=2 batteryLevel=100 totalBatteryCapacity=4358000
12-19 16:46:05.536  1367  1367 D vendor.hardware.vibratorfeature: QTI Vibrator off
12-19 16:46:05.536  1367  1367 D DynamicEffectThread: pause
12-19 16:46:05.536  1367  1367 D DynamicEffectDevice: FFDevice pause
12-19 16:46:05.536  5128  5141 W Binder  : Caught a RuntimeException from the binder stub implementation.
12-19 16:46:05.536  5128  5141 W Binder  : java.lang.SecurityException: Permission denial
12-19 16:46:05.536  5128  5141 W Binder  : 	at com.xiaomi.mirror.MirrorAppService.enforceSignature(MirrorAppService.java:30)
12-19 16:46:05.536  5128  5141 W Binder  : 	at com.xiaomi.mirror.MirrorAppService.isWorking(MirrorAppService.java:35)
12-19 16:46:05.536  5128  5141 W Binder  : 	at com.xiaomi.mirror.MirrorAppService.notifyInputTypeAndPos(MirrorAppService.java:88)
12-19 16:46:05.536  5128  5141 W Binder  : 	at com.xiaomi.mirror.IMirrorAppService$Stub.onTransact(IMirrorAppService.java:135)
12-19 16:46:05.536  5128  5141 W Binder  : 	at android.os.Binder.execTransactInternal(Binder.java:1190)
12-19 16:46:05.536  5128  5141 W Binder  : 	at android.os.Binder.execTransact(Binder.java:1149)
12-19 16:46:05.537  6206  7099 D PowerCheckerService: onBatteryChanged, mBatteryLevel = 100, status = 5, level = 100, plug = 2, scale = 100
12-19 16:46:05.539  6206  6950 D PowerKeeper.FrozenApp: onBatteryChanged plug=true mBatteryPlugged=2
12-19 16:46:05.540  6206  7192 D PowerKeeper.Thermal: mBatteryTemperature: 34
12-19 16:46:05.541  2475  2688 I android_os_HwBinder: HwBinder: Starting thread pool for getting: vendor.xiaomi.hardware.micharge@1.0::IMiCharge/default
12-19 16:46:05.542  1344  1360 E vendor.xiaomi.hardware.micharge@1.0-service: Failed to open node /sys/class/qcom-battery/reverse_chg_mode
12-19 16:46:05.542  1344  1360 I vendor.xiaomi.hardware.micharge@1.0-service: ReadFilePathValue path = /sys/class/qcom-battery/reverse_chg_mode value =
12-19 16:46:05.544  2475  2688 I android_os_HwBinder: HwBinder: Starting thread pool for getting: vendor.xiaomi.hardware.micharge@1.0::IMiCharge/default
12-19 16:46:05.545  1344  1360 I vendor.xiaomi.hardware.micharge@1.0-service: ReadFilePathValue path = /sys/class/qcom-battery/fastchg_mode value = 0
12-19 16:46:05.590  2475  2484 I system_server: This is sticky GC, maxfree is 8388608 minfree is 2097152
12-19 16:46:05.615  2475  3037 D MIUIInput: [MotionEvent] publisher action=0x4, 554796251, channel 'a6e61f2 NavigationBar0 (server)'
12-19 16:46:05.615  2475  3037 D MIUIInput: [MotionEvent] publisher action=0x0, 554796251, channel '4b2d544 InputMethod (server)'
12-19 16:46:05.616  2475  2980 I HapticFeedbackUtil: 3,2,true
12-19 16:46:05.617  1367  1367 D vendor.hardware.vibratorfeature: configStrengthForEffect id : 3 , strength: 1.000000
12-19 16:46:05.619  1367  1367 D vendor.hardware.vibratorfeature: Vibrator perform effect 3
12-19 16:46:05.619  1367  1367 D vendor.hardware.vibratorfeature: uses mCurrMagnitudeExt 1.000000
12-19 16:46:05.619  1367  1367 D vendor.hardware.vibratorfeature: getAmplitudeFromEffectStrength 1.000000
12-19 16:46:05.620  1367  1367 D vendor.hardware.vibratorfeature: return from driver is 20
12-19 16:46:05.620  1367  1367 D vendor.hardware.vibratorfeature: playLengthMs is 70
12-19 16:46:05.620  1367 22301 D vendor.hardware.vibratorfeature: Starting perform on another thread
12-19 16:46:05.685  2475  3037 D MIUIInput: [MotionEvent] publisher action=0x1, 554796322, channel '4b2d544 InputMethod (server)'
12-19 16:46:05.687 21173 21173 I HandWritingStubImpl: isKeyboardTypeChanged: false
12-19 16:46:05.687 21173 21173 I HandWritingStubImpl: isKeyboardTypeChanged: false
12-19 16:46:05.690  1367 22301 D vendor.hardware.vibratorfeature: Notifying perform complete
12-19 16:46:05.693  1367  1367 D vendor.hardware.vibratorfeature: QTI Vibrator off
12-19 16:46:05.693  1367  1367 D DynamicEffectThread: pause
12-19 16:46:05.693  1367  1367 D DynamicEffectDevice: FFDevice pause
12-19 16:46:05.694 21173 21173 I HandWritingStubImpl: isKeyboardTypeChanged: false
12-19 16:46:05.695 21173 21173 I HandWritingStubImpl: isKeyboardTypeChanged: false
12-19 16:46:05.696 21173 21173 I HandWritingStubImpl: isKeyboardTypeChanged: false
12-19 16:46:05.696 21173 21173 I HandWritingStubImpl: isKeyboardTypeChanged: false
12-19 16:46:05.698 21173 21173 I HandWritingStubImpl: isKeyboardTypeChanged: false
12-19 16:46:05.699  5128  5141 W Binder  : Caught a RuntimeException from the binder stub implementation.
12-19 16:46:05.699  5128  5141 W Binder  : java.lang.SecurityException: Permission denial
12-19 16:46:05.699  5128  5141 W Binder  : 	at com.xiaomi.mirror.MirrorAppService.enforceSignature(MirrorAppService.java:30)
12-19 16:46:05.699  5128  5141 W Binder  : 	at com.xiaomi.mirror.MirrorAppService.isWorking(MirrorAppService.java:35)
12-19 16:46:05.699  5128  5141 W Binder  : 	at com.xiaomi.mirror.MirrorAppService.notifyInputTypeAndPos(MirrorAppService.java:88)
12-19 16:46:05.699  5128  5141 W Binder  : 	at com.xiaomi.mirror.IMirrorAppService$Stub.onTransact(IMirrorAppService.java:135)
12-19 16:46:05.699  5128  5141 W Binder  : 	at android.os.Binder.execTransactInternal(Binder.java:1190)
12-19 16:46:05.699  5128  5141 W Binder  : 	at android.os.Binder.execTransact(Binder.java:1149)
12-19 16:46:05.770  2475  3037 D MIUIInput: [MotionEvent] publisher action=0x4, 554796406, channel 'a6e61f2 NavigationBar0 (server)'
12-19 16:46:05.771  2475  3037 D MIUIInput: [MotionEvent] publisher action=0x0, 554796406, channel '4b2d544 InputMethod (server)'
12-19 16:46:05.772  2475  2980 I HapticFeedbackUtil: 3,2,true
12-19 16:46:05.773  1367  1367 D vendor.hardware.vibratorfeature: configStrengthForEffect id : 3 , strength: 1.000000
12-19 16:46:05.776  1367  1367 D vendor.hardware.vibratorfeature: Vibrator perform effect 3
12-19 16:46:05.776  1367  1367 D vendor.hardware.vibratorfeature: uses mCurrMagnitudeExt 1.000000
12-19 16:46:05.776  1367  1367 D vendor.hardware.vibratorfeature: getAmplitudeFromEffectStrength 1.000000
12-19 16:46:05.777  1367  1367 D vendor.hardware.vibratorfeature: return from driver is 20
12-19 16:46:05.777  1367  1367 D vendor.hardware.vibratorfeature: playLengthMs is 70
12-19 16:46:05.777  1367 22304 D vendor.hardware.vibratorfeature: Starting perform on another thread
12-19 16:46:05.783  2027  3285 D libsensor-displayalgo: the value of  brightness:396.000000,R:72106162.522978,G:64480547.319485,B:51155443.709275,EVENT_C:5190.000000,EVENT_R:1881.500000,EVENT_G:2709.000000,EVENT_B:1004.000000
12-19 16:46:05.783  2027  3285 I libsensor-displayalgo: the value of  Coef1:1107.681000,Coef4:2.383000, scale1:0.935522, scale4:0.923264
12-19 16:46:05.783  2027  3285 E libsensor-displayalgo: RGB_test_0407_400_oldzy!
12-19 16:46:05.783  2027  3285 I libsensor-displayalgo: the value of  RESULT2630.500819,1073.878749,1270.913828,453.491966
12-19 16:46:05.784  2027  3285 I libsensor-displayalgo: the value of  getChannelDataCalibrated2748.343736,995.295633,1469.968052,491.454718
12-19 16:46:05.784  2027  3285 I libsensor-displayalgo: the value of  REAL LUX153.646866
12-19 16:46:05.784  2027  3285 I libsensor-displayalgo: the value of  CAL REAL LUX153.646866
12-19 16:46:05.796  1251  2448 I vendor.qti.hardware.display.composer-service: FrameNotifyProcess Sensor: notify citsensorservice to trigger cwb
12-19 16:46:05.796  2027  4130 I libcitsensorservice@2.0-impl: msg_transfer
12-19 16:46:05.797  2027  3266 D vendor.xiaomi.sensor.citsensorservice@2.0-service: handle id:10 wxh:1280x2400 uwxuh:1080x2400 size: 9216000 fd:15 fd_meta:16 flags:0x4000228 usage:0x33  format:0x3 layer_count: 1
12-19 16:46:05.798  1251  2214 I SDM     : HWCSession::SetCWBOutputBuffer: CWB config passed by cwb_client : tappoint 1  CWB_ROI : (829.000000 4.000000 915.000000 90.000000)
12-19 16:46:05.799  1251 22306 I SDM     : HWCSession::ProcessRequests: Successfully configured CWB buffer.
12-19 16:46:05.805  1251 22306 I SDM     : HWCSession::ProcessRequests: Pushing release fence in fenece wait queue.
12-19 16:46:05.805  1251 22306 I SDM     : HWCSession::ProcessRequests: Creating AsyncFenceWaits async thread.
12-19 16:46:05.806  1251 22306 I SDM     : HWCSession::ProcessRequests: Remove current CWB request from the pending request queue.
12-19 16:46:05.806  1251 22306 I SDM     : HWCSession::ProcessRequests: No pending cwb requests found in the queue.
12-19 16:46:05.812  1251  1467 I SDM     : HWDeviceDRM::SetupConcurrentWriteback: Tear down the Concurrent Writeback topology
12-19 16:46:05.819  1251 22307 I SDM     : HWCSession::NotifyCWBStatus: Notify the client about buffer status 0.
12-19 16:46:05.819  1251 22307 I SDM     : HWCSession::PerformFenceWaits: Remove current release fence from the pending fence wait queue.
12-19 16:46:05.820  1251 22307 I SDM     : HWCSession::PerformFenceWaits: CWB fence queue is empty. No pending release fence to wait on.
12-19 16:46:05.841  2475  3037 D MIUIInput: [MotionEvent] publisher action=0x1, 554796477, channel '4b2d544 InputMethod (server)'
12-19 16:46:05.843 21173 21173 I HandWritingStubImpl: isKeyboardTypeChanged: false
12-19 16:46:05.843 21173 21173 I HandWritingStubImpl: isKeyboardTypeChanged: false
12-19 16:46:05.847  1367 22304 D vendor.hardware.vibratorfeature: Notifying perform complete
12-19 16:46:05.849  1367  1367 D vendor.hardware.vibratorfeature: QTI Vibrator off
12-19 16:46:05.849  1367  1367 D DynamicEffectThread: pause
12-19 16:46:05.849  1367  1367 D DynamicEffectDevice: FFDevice pause
12-19 16:46:05.849 21173 21173 I HandWritingStubImpl: isKeyboardTypeChanged: false
12-19 16:46:05.850 21173 21173 I HandWritingStubImpl: isKeyboardTypeChanged: false
12-19 16:46:05.851 21173 21173 I HandWritingStubImpl: isKeyboardTypeChanged: false
12-19 16:46:05.852 21173 21173 I HandWritingStubImpl: isKeyboardTypeChanged: false
12-19 16:46:05.853 21173 21173 I HandWritingStubImpl: isKeyboardTypeChanged: false
12-19 16:46:05.854  5128  5141 W Binder  : Caught a RuntimeException from the binder stub implementation.
12-19 16:46:05.854  5128  5141 W Binder  : java.lang.SecurityException: Permission denial
12-19 16:46:05.854  5128  5141 W Binder  : 	at com.xiaomi.mirror.MirrorAppService.enforceSignature(MirrorAppService.java:30)
12-19 16:46:05.854  5128  5141 W Binder  : 	at com.xiaomi.mirror.MirrorAppService.isWorking(MirrorAppService.java:35)
12-19 16:46:05.854  5128  5141 W Binder  : 	at com.xiaomi.mirror.MirrorAppService.notifyInputTypeAndPos(MirrorAppService.java:88)
12-19 16:46:05.854  5128  5141 W Binder  : 	at com.xiaomi.mirror.IMirrorAppService$Stub.onTransact(IMirrorAppService.java:135)
12-19 16:46:05.854  5128  5141 W Binder  : 	at android.os.Binder.execTransactInternal(Binder.java:1190)
12-19 16:46:05.854  5128  5141 W Binder  : 	at android.os.Binder.execTransact(Binder.java:1149)
12-19 16:46:05.924 22023 22049 I issevan:channe: ProcessProfilingInfo new_methods=144 is saved saved_to_disk=1 resolve_classes_delay=8000
12-19 16:46:05.986 32290 32290 I HandWritingStubImpl: isKeyboardTypeChanged: false
12-19 16:46:05.988  2475  3037 D MIUIInput: [MotionEvent] publisher action=0x4, 554796625, channel 'a6e61f2 NavigationBar0 (server)'
12-19 16:46:05.989  2475  3037 D MIUIInput: [MotionEvent] publisher action=0x0, 554796625, channel '4b2d544 InputMethod (server)'
12-19 16:46:05.990  2475  6308 I HapticFeedbackUtil: 3,2,true
12-19 16:46:05.991  1367  1367 D vendor.hardware.vibratorfeature: configStrengthForEffect id : 3 , strength: 1.000000
12-19 16:46:05.995  1367  1367 D vendor.hardware.vibratorfeature: Vibrator perform effect 3
12-19 16:46:05.996  1367  1367 D vendor.hardware.vibratorfeature: uses mCurrMagnitudeExt 1.000000
12-19 16:46:05.996  1367  1367 D vendor.hardware.vibratorfeature: getAmplitudeFromEffectStrength 1.000000
12-19 16:46:05.996  1367  1367 D vendor.hardware.vibratorfeature: return from driver is 20
12-19 16:46:05.996  1367  1367 D vendor.hardware.vibratorfeature: playLengthMs is 70
12-19 16:46:05.997  1367 22311 D vendor.hardware.vibratorfeature: Starting perform on another thread
12-19 16:46:06.047  2475  3037 D MIUIInput: [MotionEvent] publisher action=0x1, 554796683, channel '4b2d544 InputMethod (server)'
12-19 16:46:06.048 21173 21173 I HandWritingStubImpl: isKeyboardTypeChanged: false
12-19 16:46:06.048 21173 21173 I HandWritingStubImpl: isKeyboardTypeChanged: false
12-19 16:46:06.056 21173 21173 I HandWritingStubImpl: isKeyboardTypeChanged: false
12-19 16:46:06.057 21173 21173 I HandWritingStubImpl: isKeyboardTypeChanged: false
12-19 16:46:06.058 21173 21173 I HandWritingStubImpl: isKeyboardTypeChanged: false
12-19 16:46:06.058 21173 21173 I HandWritingStubImpl: isKeyboardTypeChanged: false
12-19 16:46:06.060 21173 21173 I HandWritingStubImpl: isKeyboardTypeChanged: false
12-19 16:46:06.061  5128  5141 W Binder  : Caught a RuntimeException from the binder stub implementation.
12-19 16:46:06.061  5128  5141 W Binder  : java.lang.SecurityException: Permission denial
12-19 16:46:06.061  5128  5141 W Binder  : 	at com.xiaomi.mirror.MirrorAppService.enforceSignature(MirrorAppService.java:30)
12-19 16:46:06.061  5128  5141 W Binder  : 	at com.xiaomi.mirror.MirrorAppService.isWorking(MirrorAppService.java:35)
12-19 16:46:06.061  5128  5141 W Binder  : 	at com.xiaomi.mirror.MirrorAppService.notifyInputTypeAndPos(MirrorAppService.java:88)
12-19 16:46:06.061  5128  5141 W Binder  : 	at com.xiaomi.mirror.IMirrorAppService$Stub.onTransact(IMirrorAppService.java:135)
12-19 16:46:06.061  5128  5141 W Binder  : 	at android.os.Binder.execTransactInternal(Binder.java:1190)
12-19 16:46:06.061  5128  5141 W Binder  : 	at android.os.Binder.execTransact(Binder.java:1149)
12-19 16:46:06.068  1367 22311 D vendor.hardware.vibratorfeature: Notifying perform complete
12-19 16:46:06.069  1367  1367 D vendor.hardware.vibratorfeature: QTI Vibrator off
12-19 16:46:06.069  1367  1367 D DynamicEffectThread: pause
12-19 16:46:06.069  1367  1367 D DynamicEffectDevice: FFDevice pause
12-19 16:46:06.082  2027  3285 D libsensor-displayalgo: the value of  brightness:396.000000,R:72106162.522978,G:64480547.319485,B:51155443.709275,EVENT_C:5233.000000,EVENT_R:1899.500000,EVENT_G:2732.500000,EVENT_B:1014.000000
12-19 16:46:06.082  2027  3285 I libsensor-displayalgo: the value of  Coef1:1107.681000,Coef4:2.383000, scale1:0.935522, scale4:0.923264
12-19 16:46:06.082  2027  3285 E libsensor-displayalgo: RGB_test_0407_400_oldzy!
12-19 16:46:06.082  2027  3285 I libsensor-displayalgo: the value of  RESULT2630.500819,1073.878749,1270.913828,453.491966
12-19 16:46:06.082  2027  3285 I libsensor-displayalgo: the value of  getChannelDataCalibrated2748.343736,995.295633,1469.968052,491.454718
12-19 16:46:06.082  2027  3285 I libsensor-displayalgo: the value of  REAL LUX156.259857
12-19 16:46:06.082  2027  3285 I libsensor-displayalgo: the value of  CAL REAL LUX156.259857
12-19 16:46:06.217  1251  2448 I vendor.qti.hardware.display.composer-service: FrameNotifyProcess Sensor: notify citsensorservice to trigger cwb
12-19 16:46:06.218  2027  2096 I libcitsensorservice@2.0-impl: msg_transfer
12-19 16:46:06.218  2027  3266 D vendor.xiaomi.sensor.citsensorservice@2.0-service: handle id:10 wxh:1280x2400 uwxuh:1080x2400 size: 9216000 fd:15 fd_meta:16 flags:0x4000228 usage:0x33  format:0x3 layer_count: 1
12-19 16:46:06.219  1251  2214 I SDM     : HWCSession::SetCWBOutputBuffer: CWB config passed by cwb_client : tappoint 1  CWB_ROI : (829.000000 4.000000 915.000000 90.000000)
12-19 16:46:06.220  1251 22313 I SDM     : HWCSession::ProcessRequests: Successfully configured CWB buffer.
12-19 16:46:06.226  1251  2448 I vendor.qti.hardware.display.composer-service: FrameNotifyProcess Sensor: notify citsensorservice to trigger cwb
12-19 16:46:06.226  2027  2096 I libcitsensorservice@2.0-impl: msg_transfer
12-19 16:46:06.227  1251 22313 I SDM     : HWCSession::ProcessRequests: Pushing release fence in fenece wait queue.
12-19 16:46:06.228  1251 22313 I SDM     : HWCSession::ProcessRequests: Creating AsyncFenceWaits async thread.
12-19 16:46:06.228  1251 22313 I SDM     : HWCSession::ProcessRequests: Remove current CWB request from the pending request queue.
12-19 16:46:06.229  1251 22313 I SDM     : HWCSession::ProcessRequests: No pending cwb requests found in the queue.
12-19 16:46:06.231  1251  1467 I SDM     : HWDeviceDRM::SetupConcurrentWriteback: Tear down the Concurrent Writeback topology
12-19 16:46:06.238  1251 22315 I SDM     : HWCSession::NotifyCWBStatus: Notify the client about buffer status 0.
12-19 16:46:06.238  1251 22315 I SDM     : HWCSession::PerformFenceWaits: Remove current release fence from the pending fence wait queue.
12-19 16:46:06.239  1251 22315 I SDM     : HWCSession::PerformFenceWaits: CWB fence queue is empty. No pending release fence to wait on.
12-19 16:46:06.332   945 21032 I keystore2: keystore2::watchdog: Watchdog thread idle -> terminating. Have a great day.
12-19 16:46:06.338  2475  3037 D MIUIInput: [MotionEvent] publisher action=0x4, 554796974, channel 'a6e61f2 NavigationBar0 (server)'
12-19 16:46:06.339  2475  3037 D MIUIInput: [MotionEvent] publisher action=0x0, 554796974, channel '4b2d544 InputMethod (server)'
12-19 16:46:06.340  2475  6308 I HapticFeedbackUtil: 3,2,true
12-19 16:46:06.340  1367  1367 D vendor.hardware.vibratorfeature: configStrengthForEffect id : 3 , strength: 1.000000
12-19 16:46:06.343  1367  1367 D vendor.hardware.vibratorfeature: Vibrator perform effect 3
12-19 16:46:06.343  1367  1367 D vendor.hardware.vibratorfeature: uses mCurrMagnitudeExt 1.000000
12-19 16:46:06.343  1367  1367 D vendor.hardware.vibratorfeature: getAmplitudeFromEffectStrength 1.000000
12-19 16:46:06.343  1367  1367 D vendor.hardware.vibratorfeature: return from driver is 20
12-19 16:46:06.343  1367  1367 D vendor.hardware.vibratorfeature: playLengthMs is 70
12-19 16:46:06.344  1367 22317 D vendor.hardware.vibratorfeature: Starting perform on another thread
12-19 16:46:06.382  2027  3285 D libsensor-displayalgo: the value of  brightness:396.000000,R:72106162.522978,G:64480547.319485,B:51155443.709275,EVENT_C:4935.000000,EVENT_R:1776.000000,EVENT_G:2590.000000,EVENT_B:959.000000
12-19 16:46:06.382  2027  3285 I libsensor-displayalgo: the value of  Coef1:1107.681000,Coef4:2.383000, scale1:0.935522, scale4:0.923264
12-19 16:46:06.382  2027  3285 E libsensor-displayalgo: RGB_test_0407_400_oldzy!
12-19 16:46:06.383  2027  3285 I libsensor-displayalgo: the value of  RESULT2630.500819,1073.878749,1270.913828,453.491966
12-19 16:46:06.383  2027  3285 I libsensor-displayalgo: the value of  getChannelDataCalibrated2748.343736,995.295633,1469.968052,491.454718
12-19 16:46:06.383  2027  3285 I libsensor-displayalgo: the value of  REAL LUX137.868958
12-19 16:46:06.383  2027  3285 I libsensor-displayalgo: the value of  CAL REAL LUX137.868958
12-19 16:46:06.395  2475  3037 D MIUIInput: [MotionEvent] publisher action=0x1, 554797032, channel '4b2d544 InputMethod (server)'
12-19 16:46:06.398 21173 21173 I HandWritingStubImpl: isKeyboardTypeChanged: false
12-19 16:46:06.398 21173 21173 I HandWritingStubImpl: isKeyboardTypeChanged: false
12-19 16:46:06.398 21173 21173 I HandWritingStubImpl: isKeyboardTypeChanged: false
12-19 16:46:06.398 21173 21173 I HandWritingStubImpl: isKeyboardTypeChanged: false
12-19 16:46:06.399 21173 21173 I HandWritingStubImpl: isKeyboardTypeChanged: false
12-19 16:46:06.406 21173 21173 I HandWritingStubImpl: isKeyboardTypeChanged: false
12-19 16:46:06.408 21173 21173 I HandWritingStubImpl: isKeyboardTypeChanged: false
12-19 16:46:06.408 21173 21173 I HandWritingStubImpl: isKeyboardTypeChanged: false
12-19 16:46:06.409 21173 21173 I HandWritingStubImpl: isKeyboardTypeChanged: false
12-19 16:46:06.413  5128  5141 W Binder  : Caught a RuntimeException from the binder stub implementation.
12-19 16:46:06.413  5128  5141 W Binder  : java.lang.SecurityException: Permission denial
12-19 16:46:06.413  5128  5141 W Binder  : 	at com.xiaomi.mirror.MirrorAppService.enforceSignature(MirrorAppService.java:30)
12-19 16:46:06.413  5128  5141 W Binder  : 	at com.xiaomi.mirror.MirrorAppService.isWorking(MirrorAppService.java:35)
12-19 16:46:06.413  5128  5141 W Binder  : 	at com.xiaomi.mirror.MirrorAppService.notifyInputTypeAndPos(MirrorAppService.java:88)
12-19 16:46:06.413  5128  5141 W Binder  : 	at com.xiaomi.mirror.IMirrorAppService$Stub.onTransact(IMirrorAppService.java:135)
12-19 16:46:06.413  5128  5141 W Binder  : 	at android.os.Binder.execTransactInternal(Binder.java:1190)
12-19 16:46:06.413  5128  5141 W Binder  : 	at android.os.Binder.execTransact(Binder.java:1149)
12-19 16:46:06.414  1367 22317 D vendor.hardware.vibratorfeature: Notifying perform complete
12-19 16:46:06.415  1367  1367 D vendor.hardware.vibratorfeature: QTI Vibrator off
12-19 16:46:06.415  1367  1367 D DynamicEffectThread: pause
12-19 16:46:06.415  1367  1367 D DynamicEffectDevice: FFDevice pause
12-19 16:46:06.518  2475  3037 D MIUIInput: [MotionEvent] publisher action=0x4, 554797154, channel 'a6e61f2 NavigationBar0 (server)'
12-19 16:46:06.518  2475  3037 D MIUIInput: [MotionEvent] publisher action=0x0, 554797154, channel '4b2d544 InputMethod (server)'
12-19 16:46:06.520  2475  6308 I HapticFeedbackUtil: 3,2,true
12-19 16:46:06.521  1367  1367 D vendor.hardware.vibratorfeature: configStrengthForEffect id : 3 , strength: 1.000000
12-19 16:46:06.524  1367  1367 D vendor.hardware.vibratorfeature: Vibrator perform effect 3
12-19 16:46:06.524  1367  1367 D vendor.hardware.vibratorfeature: uses mCurrMagnitudeExt 1.000000
12-19 16:46:06.524  1367  1367 D vendor.hardware.vibratorfeature: getAmplitudeFromEffectStrength 1.000000
12-19 16:46:06.525  1367  1367 D vendor.hardware.vibratorfeature: return from driver is 20
12-19 16:46:06.525  1367  1367 D vendor.hardware.vibratorfeature: playLengthMs is 70
12-19 16:46:06.525  1367 22320 D vendor.hardware.vibratorfeature: Starting perform on another thread
12-19 16:46:06.528 32290 32290 I HandWritingStubImpl: isKeyboardTypeChanged: false
12-19 16:46:06.543  1251  2448 I vendor.qti.hardware.display.composer-service: FrameNotifyProcess Sensor: notify citsensorservice to trigger cwb
12-19 16:46:06.544  2027  4130 I libcitsensorservice@2.0-impl: msg_transfer
12-19 16:46:06.544  2027  3266 D vendor.xiaomi.sensor.citsensorservice@2.0-service: handle id:10 wxh:1280x2400 uwxuh:1080x2400 size: 9216000 fd:15 fd_meta:16 flags:0x4000228 usage:0x33  format:0x3 layer_count: 1
12-19 16:46:06.544  1251  2214 I SDM     : HWCSession::SetCWBOutputBuffer: CWB config passed by cwb_client : tappoint 1  CWB_ROI : (829.000000 4.000000 915.000000 90.000000)
12-19 16:46:06.546  1251 22322 I SDM     : HWCSession::ProcessRequests: Successfully configured CWB buffer.
12-19 16:46:06.553  1251 22322 I SDM     : HWCSession::ProcessRequests: Pushing release fence in fenece wait queue.
12-19 16:46:06.553  1251 22322 I SDM     : HWCSession::ProcessRequests: Creating AsyncFenceWaits async thread.
12-19 16:46:06.553  1251 22322 I SDM     : HWCSession::ProcessRequests: Remove current CWB request from the pending request queue.
12-19 16:46:06.553  1251 22322 I SDM     : HWCSession::ProcessRequests: No pending cwb requests found in the queue.
12-19 16:46:06.560  1251  1467 I SDM     : HWDeviceDRM::SetupConcurrentWriteback: Tear down the Concurrent Writeback topology
12-19 16:46:06.567  1251 22323 I SDM     : HWCSession::NotifyCWBStatus: Notify the client about buffer status 0.
12-19 16:46:06.567  1251 22323 I SDM     : HWCSession::PerformFenceWaits: Remove current release fence from the pending fence wait queue.
12-19 16:46:06.567  1251 22323 I SDM     : HWCSession::PerformFenceWaits: CWB fence queue is empty. No pending release fence to wait on.
12-19 16:46:06.595  1367 22320 D vendor.hardware.vibratorfeature: Notifying perform complete
12-19 16:46:06.597  1367  1367 D vendor.hardware.vibratorfeature: QTI Vibrator off
12-19 16:46:06.597  1367  1367 D DynamicEffectThread: pause
12-19 16:46:06.597  1367  1367 D DynamicEffectDevice: FFDevice pause
12-19 16:46:06.614  2475  3037 D MIUIInput: [MotionEvent] publisher action=0x1, 554797250, channel '4b2d544 InputMethod (server)'
12-19 16:46:06.616 21173 21173 I HandWritingStubImpl: isKeyboardTypeChanged: false
12-19 16:46:06.616 21173 21173 I HandWritingStubImpl: isKeyboardTypeChanged: false
12-19 16:46:06.617 21173 21173 I HandWritingStubImpl: isKeyboardTypeChanged: false
12-19 16:46:06.624 21173 21173 I HandWritingStubImpl: isKeyboardTypeChanged: false
12-19 16:46:06.625 21173 21173 I HandWritingStubImpl: isKeyboardTypeChanged: false
12-19 16:46:06.626 21173 21173 I HandWritingStubImpl: isKeyboardTypeChanged: false
12-19 16:46:06.626 21173 21173 I HandWritingStubImpl: isKeyboardTypeChanged: false
12-19 16:46:06.628 21173 21173 I HandWritingStubImpl: isKeyboardTypeChanged: false
12-19 16:46:06.630  5128  5141 W Binder  : Caught a RuntimeException from the binder stub implementation.
12-19 16:46:06.630  5128  5141 W Binder  : java.lang.SecurityException: Permission denial
12-19 16:46:06.630  5128  5141 W Binder  : 	at com.xiaomi.mirror.MirrorAppService.enforceSignature(MirrorAppService.java:30)
12-19 16:46:06.630  5128  5141 W Binder  : 	at com.xiaomi.mirror.MirrorAppService.isWorking(MirrorAppService.java:35)
12-19 16:46:06.630  5128  5141 W Binder  : 	at com.xiaomi.mirror.MirrorAppService.notifyInputTypeAndPos(MirrorAppService.java:88)
12-19 16:46:06.630  5128  5141 W Binder  : 	at com.xiaomi.mirror.IMirrorAppService$Stub.onTransact(IMirrorAppService.java:135)
12-19 16:46:06.630  5128  5141 W Binder  : 	at android.os.Binder.execTransactInternal(Binder.java:1190)
12-19 16:46:06.630  5128  5141 W Binder  : 	at android.os.Binder.execTransact(Binder.java:1149)
12-19 16:46:06.683  2027  3285 D libsensor-displayalgo: the value of  brightness:396.000000,R:72106162.522978,G:64480547.319485,B:51155443.709275,EVENT_C:4788.500000,EVENT_R:1713.500000,EVENT_G:2519.500000,EVENT_B:932.500000
12-19 16:46:06.683  2027  3285 I libsensor-displayalgo: the value of  Coef1:1107.681000,Coef4:2.383000, scale1:0.935522, scale4:0.923264
12-19 16:46:06.683  2027  3285 E libsensor-displayalgo: RGB_test_0407_400_oldzy!
12-19 16:46:06.684  2027  3285 I libsensor-displayalgo: the value of  RESULT2630.500819,1073.878749,1270.913828,453.491966
12-19 16:46:06.684  2027  3285 I libsensor-displayalgo: the value of  getChannelDataCalibrated2748.343736,995.295633,1469.968052,491.454718
12-19 16:46:06.684  2027  3285 I libsensor-displayalgo: the value of  REAL LUX128.831116
12-19 16:46:06.684  2027  3285 I libsensor-displayalgo: the value of  CAL REAL LUX128.831116
12-19 16:46:06.766  2475  3037 D MIUIInput: [MotionEvent] publisher action=0x0, 554797402, channel 'c1600c2 GestureStubBottom (server)'
12-19 16:46:06.767  9868 10133 D GestureStubView: onTouch ACTION_DOWN sendMessageDelayed MSG_CHECK_GESTURE_STUB_TOUCHABLE
12-19 16:46:06.767  9868 10133 D GesturesBackController: onPointerEvent swipeStatus:1
12-19 16:46:06.767  9868 10133 D GesturesBackController: mSwipeStatus != SWIPE_STATUS_ANIMATING, processPointerEvent
12-19 16:46:06.785  1251  2448 I vendor.qti.hardware.display.composer-service: FrameNotifyProcess Sensor: notify citsensorservice to trigger cwb
12-19 16:46:06.785  2027  4130 I libcitsensorservice@2.0-impl: msg_transfer
12-19 16:46:06.785  2027  3266 D vendor.xiaomi.sensor.citsensorservice@2.0-service: handle id:10 wxh:1280x2400 uwxuh:1080x2400 size: 9216000 fd:15 fd_meta:16 flags:0x4000228 usage:0x33  format:0x3 layer_count: 1
12-19 16:46:06.786  1251  2214 I SDM     : HWCSession::SetCWBOutputBuffer: CWB config passed by cwb_client : tappoint 1  CWB_ROI : (829.000000 4.000000 915.000000 90.000000)
12-19 16:46:06.786  1251 22324 I SDM     : HWCSession::ProcessRequests: Successfully configured CWB buffer.
12-19 16:46:06.793  1251 22324 I SDM     : HWCSession::ProcessRequests: Pushing release fence in fenece wait queue.
12-19 16:46:06.793  1251 22324 I SDM     : HWCSession::ProcessRequests: Creating AsyncFenceWaits async thread.
12-19 16:46:06.793  1251 22324 I SDM     : HWCSession::ProcessRequests: Remove current CWB request from the pending request queue.
12-19 16:46:06.793  1251 22324 I SDM     : HWCSession::ProcessRequests: No pending cwb requests found in the queue.
12-19 16:46:06.798  1251  1467 I SDM     : HWDeviceDRM::SetupConcurrentWriteback: Tear down the Concurrent Writeback topology
12-19 16:46:06.806  1251 22326 I SDM     : HWCSession::NotifyCWBStatus: Notify the client about buffer status 0.
12-19 16:46:06.806  1251 22326 I SDM     : HWCSession::PerformFenceWaits: Remove current release fence from the pending fence wait queue.
12-19 16:46:06.806  1251 22326 I SDM     : HWCSession::PerformFenceWaits: CWB fence queue is empty. No pending release fence to wait on.
12-19 16:46:06.811  2475  3037 D MIUIInput: [MotionEvent] publisher action=0x3, 554797448, channel 'c1600c2 GestureStubBottom (server)'
12-19 16:46:06.812  2475  3037 D MIUIInput: [MotionEvent] publisher action=0x4, 554797402, channel 'a6e61f2 NavigationBar0 (server)'
12-19 16:46:06.812  9868 10133 D GestureStubView: currTime - mDownTime < MSG_CHECK_GESTURE_STUB_TOUCHABLE_TIMEOUT updateViewLayout UnTouchable, diffX:0.0 diffY:0.0
12-19 16:46:06.812  9868 10133 D GestureStubView: ACTION_UP: mIsGestureStarted: false mIsGestureAnimationEnabled: true
12-19 16:46:06.812  2475  3037 D MIUIInput: [MotionEvent] publisher action=0x0, 554797402, channel '4b2d544 InputMethod (server)'
12-19 16:46:06.812  9868 10133 D GesturesBackController: onPointerEvent swipeStatus:8
12-19 16:46:06.812  9868 10133 D GesturesBackController: mSwipeStatus != SWIPE_STATUS_ANIMATING, processPointerEvent
12-19 16:46:06.812  9868 10133 D GestureStubView: handleMessage MSG_SET_GESTURE_STUB_UNTOUCHABLE
12-19 16:46:06.812  9868 10133 D GestureStubView_Touch: setKeepHidden    old=false   new=true
12-19 16:46:06.812  9868 10133 D GestureStubView_Touch: updateTouchable    old=false   new=true
12-19 16:46:06.812  9868 10133 D GestureStubView_Touch:   updateTouchable---requestApplyInsets
12-19 16:46:06.813  2475  4897 I HapticFeedbackUtil: 3,2,true
12-19 16:46:06.814  1367  1367 D vendor.hardware.vibratorfeature: configStrengthForEffect id : 3 , strength: 1.000000
12-19 16:46:06.817  1367  1367 D vendor.hardware.vibratorfeature: Vibrator perform effect 3
12-19 16:46:06.817  1367  1367 D vendor.hardware.vibratorfeature: uses mCurrMagnitudeExt 1.000000
12-19 16:46:06.817  1367  1367 D vendor.hardware.vibratorfeature: getAmplitudeFromEffectStrength 1.000000
12-19 16:46:06.817  1367  1367 D vendor.hardware.vibratorfeature: return from driver is 20
12-19 16:46:06.817  1367  1367 D vendor.hardware.vibratorfeature: playLengthMs is 70
12-19 16:46:06.818  1367 22328 D vendor.hardware.vibratorfeature: Starting perform on another thread
12-19 16:46:06.844  2475  3037 D MIUIInput: [MotionEvent] publisher action=0x1, 554797448, channel '4b2d544 InputMethod (server)'
12-19 16:46:06.845 21173 21173 I HandWritingStubImpl: isKeyboardTypeChanged: false
12-19 16:46:06.846 21173 21173 I HandWritingStubImpl: isKeyboardTypeChanged: false
12-19 16:46:06.849  1251  2448 I vendor.qti.hardware.display.composer-service: FrameNotifyProcess Sensor: notify citsensorservice to trigger cwb
12-19 16:46:06.849 21173 21173 I HandWritingStubImpl: isKeyboardTypeChanged: false
12-19 16:46:06.849 21173 21173 I HandWritingStubImpl: isKeyboardTypeChanged: false
12-19 16:46:06.849  2027  4130 I libcitsensorservice@2.0-impl: msg_transfer
12-19 16:46:06.849 21173 21173 I HandWritingStubImpl: isKeyboardTypeChanged: false
12-19 16:46:06.849  2027  3266 D vendor.xiaomi.sensor.citsensorservice@2.0-service: handle id:10 wxh:1280x2400 uwxuh:1080x2400 size: 9216000 fd:15 fd_meta:16 flags:0x4000228 usage:0x33  format:0x3 layer_count: 1
12-19 16:46:06.850  1251  2214 I SDM     : HWCSession::SetCWBOutputBuffer: CWB config passed by cwb_client : tappoint 1  CWB_ROI : (829.000000 4.000000 915.000000 90.000000)
12-19 16:46:06.851 21173 21173 I HandWritingStubImpl: isKeyboardTypeChanged: false
12-19 16:46:06.851 21173 21173 I HandWritingStubImpl: isKeyboardTypeChanged: false
12-19 16:46:06.851  1251 22329 I SDM     : HWCSession::ProcessRequests: Successfully configured CWB buffer.
12-19 16:46:06.851 21173 21173 I HandWritingStubImpl: isKeyboardTypeChanged: false
12-19 16:46:06.852  5128  5141 W Binder  : Caught a RuntimeException from the binder stub implementation.
12-19 16:46:06.852  5128  5141 W Binder  : java.lang.SecurityException: Permission denial
12-19 16:46:06.852  5128  5141 W Binder  : 	at com.xiaomi.mirror.MirrorAppService.enforceSignature(MirrorAppService.java:30)
12-19 16:46:06.852  5128  5141 W Binder  : 	at com.xiaomi.mirror.MirrorAppService.isWorking(MirrorAppService.java:35)
12-19 16:46:06.852  5128  5141 W Binder  : 	at com.xiaomi.mirror.MirrorAppService.notifyInputTypeAndPos(MirrorAppService.java:88)
12-19 16:46:06.852  5128  5141 W Binder  : 	at com.xiaomi.mirror.IMirrorAppService$Stub.onTransact(IMirrorAppService.java:135)
12-19 16:46:06.852  5128  5141 W Binder  : 	at android.os.Binder.execTransactInternal(Binder.java:1190)
12-19 16:46:06.852  5128  5141 W Binder  : 	at android.os.Binder.execTransact(Binder.java:1149)
12-19 16:46:06.858  1251 22329 I SDM     : HWCSession::ProcessRequests: Pushing release fence in fenece wait queue.
12-19 16:46:06.858  1251 22329 I SDM     : HWCSession::ProcessRequests: Creating AsyncFenceWaits async thread.
12-19 16:46:06.859  1251 22329 I SDM     : HWCSession::ProcessRequests: Remove current CWB request from the pending request queue.
12-19 16:46:06.859  1251 22329 I SDM     : HWCSession::ProcessRequests: No pending cwb requests found in the queue.
12-19 16:46:06.865  1251  1467 I SDM     : HWDeviceDRM::SetupConcurrentWriteback: Tear down the Concurrent Writeback topology
12-19 16:46:06.872  1251 22330 I SDM     : HWCSession::NotifyCWBStatus: Notify the client about buffer status 0.
12-19 16:46:06.872  1251 22330 I SDM     : HWCSession::PerformFenceWaits: Remove current release fence from the pending fence wait queue.
12-19 16:46:06.873  1251 22330 I SDM     : HWCSession::PerformFenceWaits: CWB fence queue is empty. No pending release fence to wait on.
12-19 16:46:06.888  1367 22328 D vendor.hardware.vibratorfeature: Notifying perform complete
12-19 16:46:06.890  1367  1367 D vendor.hardware.vibratorfeature: QTI Vibrator off
12-19 16:46:06.890  1367  1367 D DynamicEffectThread: pause
12-19 16:46:06.890  1367  1367 D DynamicEffectDevice: FFDevice pause
12-19 16:46:07.015  1251  2448 I vendor.qti.hardware.display.composer-service: FrameNotifyProcess Sensor: notify citsensorservice to trigger cwb
12-19 16:46:07.016  2027  4130 I libcitsensorservice@2.0-impl: msg_transfer
12-19 16:46:07.016  2027  3266 D vendor.xiaomi.sensor.citsensorservice@2.0-service: handle id:10 wxh:1280x2400 uwxuh:1080x2400 size: 9216000 fd:15 fd_meta:16 flags:0x4000228 usage:0x33  format:0x3 layer_count: 1
12-19 16:46:07.017  1251  2214 I SDM     : HWCSession::SetCWBOutputBuffer: CWB config passed by cwb_client : tappoint 1  CWB_ROI : (829.000000 4.000000 915.000000 90.000000)
12-19 16:46:07.018  1251 22331 I SDM     : HWCSession::ProcessRequests: Successfully configured CWB buffer.
12-19 16:46:07.024  1251 22331 I SDM     : HWCSession::ProcessRequests: Pushing release fence in fenece wait queue.
12-19 16:46:07.025  1251 22331 I SDM     : HWCSession::ProcessRequests: Creating AsyncFenceWaits async thread.
12-19 16:46:07.025  1251 22331 I SDM     : HWCSession::ProcessRequests: Remove current CWB request from the pending request queue.
12-19 16:46:07.025  1251 22331 I SDM     : HWCSession::ProcessRequests: No pending cwb requests found in the queue.
12-19 16:46:07.029  1251  1467 I SDM     : HWDeviceDRM::SetupConcurrentWriteback: Tear down the Concurrent Writeback topology
12-19 16:46:07.036  1251 22333 I SDM     : HWCSession::NotifyCWBStatus: Notify the client about buffer status 0.
12-19 16:46:07.037  1251 22333 I SDM     : HWCSession::PerformFenceWaits: Remove current release fence from the pending fence wait queue.
12-19 16:46:07.037  1251 22333 I SDM     : HWCSession::PerformFenceWaits: CWB fence queue is empty. No pending release fence to wait on.
12-19 16:46:07.065 32290 32290 I HandWritingStubImpl: isKeyboardTypeChanged: false
12-19 16:46:07.068  5773  8954 W SLM-SRV-SLAService: mobileDataName set null
12-19 16:46:07.068  5773  8954 D SLM-SRV-SLAService: isIfaceRemoved If number:1-->1
12-19 16:46:07.068  5773  8954 D SLM-SRV-SLAService: startIfaceMonitorTimer mRetryCount:9
12-19 16:46:07.082  2027  3285 D libsensor-displayalgo: the value of  brightness:396.000000,R:72106162.522978,G:64480547.319485,B:51155443.709275,EVENT_C:4908.000000,EVENT_R:1762.500000,EVENT_G:2579.000000,EVENT_B:953.000000
12-19 16:46:07.083  2027  3285 I libsensor-displayalgo: the value of  Coef1:1107.681000,Coef4:2.383000, scale1:0.935522, scale4:0.923264
12-19 16:46:07.083  2027  3285 E libsensor-displayalgo: RGB_test_0407_400_oldzy!
12-19 16:46:07.083  2027  3285 I libsensor-displayalgo: the value of  RESULT2630.500819,1073.878749,1270.913828,453.491966
12-19 16:46:07.083  2027  3285 I libsensor-displayalgo: the value of  getChannelDataCalibrated2748.343736,995.295633,1469.968052,491.454718
12-19 16:46:07.083  2027  3285 I libsensor-displayalgo: the value of  REAL LUX136.459351
12-19 16:46:07.083  2027  3285 I libsensor-displayalgo: the value of  CAL REAL LUX136.459351
12-19 16:46:07.083  2027  3285 I libsensor-ssccalapi: value of set_lux: 137.868958
12-19 16:46:07.182  1328  1328 D SRE     : sensorCallback mDisplayId = 0 dataCallback value=< 137.8687, 291.1691, 396.0000>,time=1172417647144909, sensor=5, temperature(K)= 291.1691
12-19 16:46:07.182  1328  1328 D SRE     : setSREStrength mDisplayId = 0, mLastLux = 161, lux = 137, mSREEnabled = 1, mLastFreezeStatus = 0, freeze = 0
12-19 16:46:07.314  9868 10133 D GestureStubView_Touch: setKeepHidden    old=true   new=false
12-19 16:46:07.314  9868 10133 D GestureStubView_Touch: updateTouchable    old=true   new=false
12-19 16:46:07.314  9868 10133 D GestureStubView_Touch:   updateTouchable---requestApplyInsets
12-19 16:46:07.314  9868 10133 D GestureStubView: handleMessage MSG_RESET_GESTURE_STUB_TOUCHABLE
