12-19 16:45:59.554  6526  6962 W PushService: [Tid:67] [Job] check the ping-pong.1671439549552
12-19 16:45:59.557  2475  3037 D MIUIInput: [MotionEvent] publisher action=0x4, 554790192, channel 'a6e61f2 NavigationBar0 (server)'
12-19 16:45:59.557  2475  3037 D MIUIInput: [MotionEvent] publisher action=0x0, 554790192, channel 'b1188f7 InputMethod (server)'
12-19 16:45:59.562  2475  2980 I HapticFeedbackUtil: 3,2,true
12-19 16:45:59.563  1367  1367 D vendor.hardware.vibratorfeature: configStrengthForEffect id : 3 , strength: 1.000000
12-19 16:45:59.565  1367  1367 D vendor.hardware.vibratorfeature: Vibrator perform effect 3
12-19 16:45:59.565  1367  1367 D vendor.hardware.vibratorfeature: uses mCurrMagnitudeExt 1.000000
12-19 16:45:59.565  1367  1367 D vendor.hardware.vibratorfeature: getAmplitudeFromEffectStrength 1.000000
12-19 16:45:59.565  1367  1367 D vendor.hardware.vibratorfeature: return from driver is 20
12-19 16:45:59.565  1367  1367 D vendor.hardware.vibratorfeature: playLengthMs is 70
12-19 16:45:59.565  1367 22154 D vendor.hardware.vibratorfeature: Starting perform on another thread
12-19 16:45:59.568 21839 21839 E BaseInputMethodService: onComputeInsets
12-19 16:45:59.576 21839 21839 E BaseInputMethodService: onComputeInsets
12-19 16:45:59.576 21173 21173 I HandWritingStubImpl: isKeyboardTypeChanged: false
12-19 16:45:59.576 21173 21173 I HandWritingStubImpl: isKeyboardTypeChanged: false
12-19 16:45:59.584 21839 31192 I OpenGLRenderer: Davey! duration=188609ms; Flags=0, FrameTimelineVsyncId=41953611, IntendedVsync=554601600008950, Vsync=554601600008950, InputEventId=0, HandleInputStart=554601600617861, AnimationStart=554601600619111, PerformTraversalsStart=554601600619580, DrawStart=554601636846976, FrameDeadline=554601622008949, FrameInterval=554601600578798, FrameStartTime=8333333, SyncQueued=554601640408590, SyncStart=554601640532132, IssueDrawCommandsStart=554601640713798, SwapBuffers=554601642623694, FrameCompleted=554790210093362, DequeueBufferDuration=17135, QueueBufferDuration=614479, GpuCompleted=554790210093362, SwapBuffersCompleted=554601643847496, DisplayPresentTime=0,
12-19 16:45:59.584 21839 21839 E BaseInputMethodService: onComputeInsets
12-19 16:45:59.593 21839 21839 E BaseInputMethodService: onComputeInsets
12-19 16:45:59.601 21839 21839 E BaseInputMethodService: onComputeInsets
12-19 16:45:59.609 21839 21839 E BaseInputMethodService: onComputeInsets
12-19 16:45:59.617 21839 21839 E BaseInputMethodService: onComputeInsets
12-19 16:45:59.625 21839 21839 E BaseInputMethodService: onComputeInsets
12-19 16:45:59.626  2475  3037 D MIUIInput: [MotionEvent] publisher action=0x1, 554790262, channel 'b1188f7 InputMethod (server)'
12-19 16:45:59.631 21173 21173 I HandWritingStubImpl: isKeyboardTypeChanged: false
12-19 16:45:59.633 21839 21839 E BaseInputMethodService: onComputeInsets
12-19 16:45:59.634 21173 21173 I HandWritingStubImpl: isKeyboardTypeChanged: false
12-19 16:45:59.634 21173 21173 I HandWritingStubImpl: isKeyboardTypeChanged: false
12-19 16:45:59.635 21173 21173 I HandWritingStubImpl: isKeyboardTypeChanged: false
12-19 16:45:59.636  1367 22154 D vendor.hardware.vibratorfeature: Notifying perform complete
12-19 16:45:59.636  5128  5141 W Binder  : Caught a RuntimeException from the binder stub implementation.
12-19 16:45:59.636  5128  5141 W Binder  : java.lang.SecurityException: Permission denial
12-19 16:45:59.636  5128  5141 W Binder  : 	at com.xiaomi.mirror.MirrorAppService.enforceSignature(MirrorAppService.java:30)
12-19 16:45:59.636  5128  5141 W Binder  : 	at com.xiaomi.mirror.MirrorAppService.isWorking(MirrorAppService.java:35)
12-19 16:45:59.636  5128  5141 W Binder  : 	at com.xiaomi.mirror.MirrorAppService.notifyInputTypeAndPos(MirrorAppService.java:88)
12-19 16:45:59.636  5128  5141 W Binder  : 	at com.xiaomi.mirror.IMirrorAppService$Stub.onTransact(IMirrorAppService.java:135)
12-19 16:45:59.636  5128  5141 W Binder  : 	at android.os.Binder.execTransactInternal(Binder.java:1190)
12-19 16:45:59.636  5128  5141 W Binder  : 	at android.os.Binder.execTransact(Binder.java:1149)
12-19 16:45:59.638  1367  1367 D vendor.hardware.vibratorfeature: QTI Vibrator off
12-19 16:45:59.638  1367  1367 D DynamicEffectThread: pause
12-19 16:45:59.638  1367  1367 D DynamicEffectDevice: FFDevice pause
12-19 16:45:59.641 21839 21839 E BaseInputMethodService: onComputeInsets
12-19 16:45:59.650 21839 21839 E BaseInputMethodService: onComputeInsets
12-19 16:45:59.658 21839 21839 E BaseInputMethodService: onComputeInsets
12-19 16:45:59.666 21839 21839 E BaseInputMethodService: onComputeInsets
12-19 16:45:59.684  2027  3285 D libsensor-displayalgo: the value of  brightness:396.000000,R:72106162.522978,G:64480547.319485,B:51155443.709275,EVENT_C:5132.500000,EVENT_R:1855.000000,EVENT_G:2686.000000,EVENT_B:998.500000
12-19 16:45:59.684  2027  3285 I libsensor-displayalgo: the value of  Coef1:1107.681000,Coef4:2.383000, scale1:0.935522, scale4:0.923264
12-19 16:45:59.684  2027  3285 E libsensor-displayalgo: RGB_test_0407_400_oldzy!
12-19 16:45:59.684  2027  3285 I libsensor-displayalgo: the value of  RESULT2630.500819,1073.878749,1270.913828,453.491966
12-19 16:45:59.684  2027  3285 I libsensor-displayalgo: the value of  getChannelDataCalibrated2748.343736,995.295633,1469.968052,491.454718
12-19 16:45:59.684  2027  3285 I libsensor-displayalgo: the value of  REAL LUX149.988220
12-19 16:45:59.684  2027  3285 I libsensor-displayalgo: the value of  CAL REAL LUX149.988220
12-19 16:45:59.691  2475  3037 D MIUIInput: [MotionEvent] publisher action=0x4, 554790326, channel 'a6e61f2 NavigationBar0 (server)'
12-19 16:45:59.691  2475  3037 D MIUIInput: [MotionEvent] publisher action=0x0, 554790326, channel 'b1188f7 InputMethod (server)'
12-19 16:45:59.694  2475  2980 I HapticFeedbackUtil: 3,2,true
12-19 16:45:59.694  1367  1367 D vendor.hardware.vibratorfeature: configStrengthForEffect id : 3 , strength: 1.000000
12-19 16:45:59.697  1367  1367 D vendor.hardware.vibratorfeature: Vibrator perform effect 3
12-19 16:45:59.697  1367  1367 D vendor.hardware.vibratorfeature: uses mCurrMagnitudeExt 1.000000
12-19 16:45:59.697  1367  1367 D vendor.hardware.vibratorfeature: getAmplitudeFromEffectStrength 1.000000
12-19 16:45:59.697  1367  1367 D vendor.hardware.vibratorfeature: return from driver is 20
12-19 16:45:59.697  1367  1367 D vendor.hardware.vibratorfeature: playLengthMs is 70
12-19 16:45:59.697  1367 22157 D vendor.hardware.vibratorfeature: Starting perform on another thread
12-19 16:45:59.699 21839 21839 E BaseInputMethodService: onComputeInsets
12-19 16:45:59.708 21839 21839 E BaseInputMethodService: onComputeInsets
12-19 16:45:59.716 21839 21839 E BaseInputMethodService: onComputeInsets
12-19 16:45:59.722  1251  2448 I vendor.qti.hardware.display.composer-service: FrameNotifyProcess Sensor: notify citsensorservice to trigger cwb
12-19 16:45:59.722  2027  2096 I libcitsensorservice@2.0-impl: msg_transfer
12-19 16:45:59.723  2027  3266 D vendor.xiaomi.sensor.citsensorservice@2.0-service: handle id:10 wxh:1280x2400 uwxuh:1080x2400 size: 9216000 fd:15 fd_meta:16 flags:0x4000228 usage:0x33  format:0x3 layer_count: 1
12-19 16:45:59.724  1251  2214 I SDM     : HWCSession::SetCWBOutputBuffer: CWB config passed by cwb_client : tappoint 1  CWB_ROI : (829.000000 4.000000 915.000000 90.000000)
12-19 16:45:59.724 21839 21839 E BaseInputMethodService: onComputeInsets
12-19 16:45:59.725  1251 22158 I SDM     : HWCSession::ProcessRequests: Successfully configured CWB buffer.
12-19 16:45:59.732 21839 21839 E BaseInputMethodService: onComputeInsets
12-19 16:45:59.732  1251 22158 I SDM     : HWCSession::ProcessRequests: Pushing release fence in fenece wait queue.
12-19 16:45:59.732  1251 22158 I SDM     : HWCSession::ProcessRequests: Creating AsyncFenceWaits async thread.
12-19 16:45:59.733  1251 22158 I SDM     : HWCSession::ProcessRequests: Remove current CWB request from the pending request queue.
12-19 16:45:59.733  1251 22158 I SDM     : HWCSession::ProcessRequests: No pending cwb requests found in the queue.
12-19 16:45:59.739  1251  1467 I SDM     : HWDeviceDRM::SetupConcurrentWriteback: Tear down the Concurrent Writeback topology
12-19 16:45:59.740 21839 21839 E BaseInputMethodService: onComputeInsets
12-19 16:45:59.746  1251 22159 I SDM     : HWCSession::NotifyCWBStatus: Notify the client about buffer status 0.
12-19 16:45:59.747  1251 22159 I SDM     : HWCSession::PerformFenceWaits: Remove current release fence from the pending fence wait queue.
12-19 16:45:59.747  1251 22159 I SDM     : HWCSession::PerformFenceWaits: CWB fence queue is empty. No pending release fence to wait on.
12-19 16:45:59.749 21839 21839 E BaseInputMethodService: onComputeInsets
12-19 16:45:59.757 21839 21839 E BaseInputMethodService: onComputeInsets
12-19 16:45:59.761  2475  3037 D MIUIInput: [MotionEvent] publisher action=0x1, 554790397, channel 'b1188f7 InputMethod (server)'
12-19 16:45:59.764 21173 21173 I HandWritingStubImpl: isKeyboardTypeChanged: false
12-19 16:45:59.765 21839 21839 E BaseInputMethodService: onComputeInsets
12-19 16:45:59.767  1367 22157 D vendor.hardware.vibratorfeature: Notifying perform complete
12-19 16:45:59.767 21173 21173 I HandWritingStubImpl: isKeyboardTypeChanged: false
12-19 16:45:59.769 21173 21173 I HandWritingStubImpl: isKeyboardTypeChanged: false
12-19 16:45:59.770 21173 21173 I HandWritingStubImpl: isKeyboardTypeChanged: false
12-19 16:45:59.772  1367  1367 D vendor.hardware.vibratorfeature: QTI Vibrator off
12-19 16:45:59.772  1367  1367 D DynamicEffectThread: pause
12-19 16:45:59.772  1367  1367 D DynamicEffectDevice: FFDevice pause
12-19 16:45:59.773  5128  5141 W Binder  : Caught a RuntimeException from the binder stub implementation.
12-19 16:45:59.773  5128  5141 W Binder  : java.lang.SecurityException: Permission denial
12-19 16:45:59.773  5128  5141 W Binder  : 	at com.xiaomi.mirror.MirrorAppService.enforceSignature(MirrorAppService.java:30)
12-19 16:45:59.773  5128  5141 W Binder  : 	at com.xiaomi.mirror.MirrorAppService.isWorking(MirrorAppService.java:35)
12-19 16:45:59.773  5128  5141 W Binder  : 	at com.xiaomi.mirror.MirrorAppService.notifyInputTypeAndPos(MirrorAppService.java:88)
12-19 16:45:59.773  5128  5141 W Binder  : 	at com.xiaomi.mirror.IMirrorAppService$Stub.onTransact(IMirrorAppService.java:135)
12-19 16:45:59.773  5128  5141 W Binder  : 	at android.os.Binder.execTransactInternal(Binder.java:1190)
12-19 16:45:59.773  5128  5141 W Binder  : 	at android.os.Binder.execTransact(Binder.java:1149)
12-19 16:45:59.773 21839 21839 E BaseInputMethodService: onComputeInsets
12-19 16:45:59.774 21173 21939 D ConnectivityManager: getMobileDataEnabled()+ subId=1
12-19 16:45:59.774 21173 21173 D ConnectivityManager: getMobileDataEnabled()+ subId=1
12-19 16:45:59.776 21173 21939 D ConnectivityManager: getMobileDataEnabled()- subId=1 retVal=true
12-19 16:45:59.778 21173 21173 D ConnectivityManager: getMobileDataEnabled()- subId=1 retVal=true
12-19 16:45:59.780  2475  3663 D ConnectivityService: releasing NetworkRequest [ REQUEST id=3938, [ Transports: CELLULAR Capabilities: INTERNET&NOT_RESTRICTED&TRUSTED&NOT_VPN&NOT_VCN_MANAGED Uid: 10266 RequestorUid: 10266 RequestorPkg: cn.missevan] ] (release request)
12-19 16:45:59.781  2475  3663 D ConnectivityService: no live requests for [153 CELLULAR]; disconnecting
12-19 16:45:59.775 21173 21173 W nirvana_base_ex: type=1400 audit(0.0:99430): avc: granted { nlmsg_readpriv } for scontext=u:r:untrusted_app_27:s0:c10,c257,c512,c768 tcontext=u:r:untrusted_app_27:s0:c10,c257,c512,c768 tclass=netlink_route_socket app=cn.missevan
12-19 16:45:59.782 21839 21839 E BaseInputMethodService: onComputeInsets
12-19 16:45:59.782  2475  3663 D ConnectivityService: [153 CELLULAR] disconnected, was satisfying 19
12-19 16:45:59.783  9660 10227 D DcNetworkAgent: NetworkAgent: NetworkAgent channel lost
12-19 16:45:59.790 21839 21839 E BaseInputMethodService: onComputeInsets
12-19 16:45:59.800  4371  5535 D QCNEJ/WwanInfoRelay: network lost: 153
12-19 16:45:59.800  4496  4852 D PluginSecurityController: onLost 153
12-19 16:45:59.800  2475  3663 D ConnectivityService: NetReassign [no changes]
12-19 16:45:59.801  2475  3663 D WifiAssistant: maybeClearNotification: 153
12-19 16:45:59.802  2475  3663 D WifiAssistant: maybeClearNotification: no eventId 153
12-19 16:45:59.803  9197  9235 D TAB.NetworkUtils: network onLost
12-19 16:45:59.809  5773  8961 W SLM-SRV-SLAService: mobileDataName set null
12-19 16:45:59.809  5773  8961 D SLM-SRV-SLAService: isIfaceRemoved If number:1-->1
12-19 16:45:59.809  5773  8961 D SLM-SRV-SLAService: startIfaceMonitorTimer mRetryCount:1
12-19 16:45:59.814  2475  2475 W DnsResolver: resNetworkResult:android.system.ErrnoException: resNetworkResult failed: ESRCH (No such process)
12-19 16:45:59.815  2475  2475 W DnsResolver: resNetworkResult:android.system.ErrnoException: resNetworkResult failed: ESRCH (No such process)
12-19 16:45:59.815  2475 21992 D NetworkMonitor/153: PROBE_DNS connect.rom.miui.com 4209ms FAIL in type ADDRCONFIG android.net.DnsResolver$DnsException: android.system.ErrnoException: resNetworkResult failed: ESRCH (No such process)
12-19 16:45:59.819  2475  5746 W ContextImpl: Calling a method in the system process without a qualified user: android.app.ContextImpl.sendBroadcastMultiplePermissions:1266 android.content.Context.sendBroadcastMultiplePermissions:2225 com.android.server.TelephonyRegistry.broadcastDataConnectionStateChanged:3093 com.android.server.TelephonyRegistry.notifyDataConnectionForSubscriber:2078 com.android.internal.telephony.ITelephonyRegistry$Stub.onTransact:544
12-19 16:45:59.820  4496  4660 D NetworkController.MobileSignalController(1): update5GConnectState: true
12-19 16:45:59.820  4496  4660 D NetworkController.MobileSignalController(1): NotQcom5G, signal level = 5
12-19 16:45:59.820  4496  4660 D NetworkController.MobileSignalController(1): Show 5G icon
12-19 16:45:59.823  2475  2676 I EthernetTracker: interfaceLinkStateChanged, iface: rmnet_data3, up: true
12-19 16:45:59.830  2475  2691 W BroadcastQueue: Appop Denial: receiving Intent { act=android.intent.action.ANY_DATA_STATE flg=0x10 (has extras) } to ProcessRecord{703b0f9 4496:com.android.systemui/1000} (pid=4496, uid=1000) excludes appop android:read_phone_state due to sender android (uid 1001)
12-19 16:45:59.830  2475  2691 W BroadcastQueue: Appop Denial: receiving Intent { act=android.intent.action.ANY_DATA_STATE flg=0x10 (has extras) } to ProcessRecord{58156a3 5652:com.miui.daemon/1000} (pid=5652, uid=1000) excludes appop android:read_phone_state due to sender android (uid 1001)
12-19 16:45:59.830  2475  2691 W BroadcastQueue: Appop Denial: receiving Intent { act=android.intent.action.ANY_DATA_STATE flg=0x10 (has extras) } to ProcessRecord{a5b8e01 9660:com.android.phone/1001} (pid=9660, uid=1001) excludes appop android:read_phone_state due to sender android (uid 1001)
12-19 16:45:59.830  2475  2691 W BroadcastQueue: Appop Denial: receiving Intent { act=android.intent.action.ANY_DATA_STATE flg=0x10 (has extras) } to ProcessRecord{a5b8e01 9660:com.android.phone/1001} (pid=9660, uid=1001) excludes appop android:read_phone_state due to sender android (uid 1001)
12-19 16:45:59.830  9660  9660 D NetworkSpeedTracker: receive actionandroid.intent.action.ANY_DATA_STATE
12-19 16:45:59.830  9660 10478 D NetworkSpeedTracker: mConnectState: DISCONNECTED
12-19 16:45:59.849  2475  3037 D MIUIInput: [MotionEvent] publisher action=0x4, 554790485, channel 'a6e61f2 NavigationBar0 (server)'
12-19 16:45:59.849  2475  3037 D MIUIInput: [MotionEvent] publisher action=0x0, 554790485, channel 'b1188f7 InputMethod (server)'
12-19 16:45:59.851  2475  2980 I HapticFeedbackUtil: 3,2,true
12-19 16:45:59.852  1367  1367 D vendor.hardware.vibratorfeature: configStrengthForEffect id : 3 , strength: 1.000000
12-19 16:45:59.855  1367  1367 D vendor.hardware.vibratorfeature: Vibrator perform effect 3
12-19 16:45:59.855  1367  1367 D vendor.hardware.vibratorfeature: uses mCurrMagnitudeExt 1.000000
12-19 16:45:59.855  1367  1367 D vendor.hardware.vibratorfeature: getAmplitudeFromEffectStrength 1.000000
12-19 16:45:59.855  1367  1367 D vendor.hardware.vibratorfeature: return from driver is 20
12-19 16:45:59.855  1367  1367 D vendor.hardware.vibratorfeature: playLengthMs is 70
12-19 16:45:59.855  1367 22172 D vendor.hardware.vibratorfeature: Starting perform on another thread
12-19 16:45:59.856 21839 21839 E BaseInputMethodService: onComputeInsets
12-19 16:45:59.864 21839 21839 E BaseInputMethodService: onComputeInsets
12-19 16:45:59.872 21839 21839 E BaseInputMethodService: onComputeInsets
12-19 16:45:59.880 21839 21839 E BaseInputMethodService: onComputeInsets
12-19 16:45:59.889 21839 21839 E BaseInputMethodService: onComputeInsets
12-19 16:45:59.897 21839 21839 E BaseInputMethodService: onComputeInsets
12-19 16:45:59.897 22023 22034 I issevan:channe: This is sticky GC, maxfree is 8388608 minfree is 2097152
12-19 16:45:59.903  2475  3037 D MIUIInput: [MotionEvent] publisher action=0x1, 554790540, channel 'b1188f7 InputMethod (server)'
12-19 16:45:59.903  1184  1303 E minksocket: MinkIPC_QRTR_Service: client with node 1 port 620b went down
12-19 16:45:59.905  1184  1303 E minksocket: MinkIPC_QRTR_Service: client with node 1 port 6213 went down
12-19 16:45:59.908 21839 21839 E BaseInputMethodService: onComputeInsets
12-19 16:45:59.908 21173 21173 I HandWritingStubImpl: isKeyboardTypeChanged: false
12-19 16:45:59.909 21173 21173 I HandWritingStubImpl: isKeyboardTypeChanged: false
12-19 16:45:59.914 21173 21173 I HandWritingStubImpl: isKeyboardTypeChanged: false
12-19 16:45:59.914 21839 21839 E BaseInputMethodService: onComputeInsets
12-19 16:45:59.914 21173 21173 I HandWritingStubImpl: isKeyboardTypeChanged: false
12-19 16:45:59.917  5128  5141 W Binder  : Caught a RuntimeException from the binder stub implementation.
12-19 16:45:59.917  5128  5141 W Binder  : java.lang.SecurityException: Permission denial
12-19 16:45:59.917  5128  5141 W Binder  : 	at com.xiaomi.mirror.MirrorAppService.enforceSignature(MirrorAppService.java:30)
12-19 16:45:59.917  5128  5141 W Binder  : 	at com.xiaomi.mirror.MirrorAppService.isWorking(MirrorAppService.java:35)
12-19 16:45:59.917  5128  5141 W Binder  : 	at com.xiaomi.mirror.MirrorAppService.notifyInputTypeAndPos(MirrorAppService.java:88)
12-19 16:45:59.917  5128  5141 W Binder  : 	at com.xiaomi.mirror.IMirrorAppService$Stub.onTransact(IMirrorAppService.java:135)
12-19 16:45:59.917  5128  5141 W Binder  : 	at android.os.Binder.execTransactInternal(Binder.java:1190)
12-19 16:45:59.917  5128  5141 W Binder  : 	at android.os.Binder.execTransact(Binder.java:1149)
12-19 16:45:59.919  2475  2676 I EthernetTracker: interfaceLinkStateChanged, iface: rmnet_data3, up: true
12-19 16:45:59.919  2475  2676 I EthernetTracker: interfaceLinkStateChanged, iface: rmnet_data3, up: true
12-19 16:45:59.919  2475  2676 I EthernetTracker: interfaceLinkStateChanged, iface: rmnet_data3, up: true
12-19 16:45:59.922 21839 21839 E BaseInputMethodService: onComputeInsets
12-19 16:45:59.925  1367 22172 D vendor.hardware.vibratorfeature: Notifying perform complete
12-19 16:45:59.926  1367  1367 D vendor.hardware.vibratorfeature: QTI Vibrator off
12-19 16:45:59.926  1367  1367 D DynamicEffectThread: pause
12-19 16:45:59.926  1367  1367 D DynamicEffectDevice: FFDevice pause
12-19 16:45:59.930 21839 21839 E BaseInputMethodService: onComputeInsets
12-19 16:45:59.982  2027  3285 D libsensor-displayalgo: the value of  brightness:396.000000,R:72106162.522978,G:64480547.319485,B:51155443.709275,EVENT_C:5325.500000,EVENT_R:1935.500000,EVENT_G:2777.000000,EVENT_B:1036.000000
12-19 16:45:59.982  2027  3285 I libsensor-displayalgo: the value of  Coef1:1107.681000,Coef4:2.383000, scale1:0.935522, scale4:0.923264
12-19 16:45:59.982  2027  3285 E libsensor-displayalgo: RGB_test_0407_400_oldzy!
12-19 16:45:59.982  2027  3285 I libsensor-displayalgo: the value of  RESULT2630.500819,1073.878749,1270.913828,453.491966
12-19 16:45:59.982  2027  3285 I libsensor-displayalgo: the value of  getChannelDataCalibrated2748.343736,995.295633,1469.968052,491.454718
12-19 16:45:59.982  2027  3285 I libsensor-displayalgo: the value of  REAL LUX161.668304
12-19 16:45:59.982  2027  3285 I libsensor-displayalgo: the value of  CAL REAL LUX161.668304
12-19 16:45:59.994  2475  2676 I EthernetTracker: interfaceLinkStateChanged, iface: rmnet_data3, up: false
12-19 16:46:00.002  4496  4496 D KeyguardUpdateMonitor: received broadcast android.intent.action.TIME_TICK
12-19 16:46:00.016  5773  8954 W SLM-SRV-SLAService: mobileDataName set null
12-19 16:46:00.016  5773  8954 D SLM-SRV-SLAService: isIfaceRemoved If number:1-->1
12-19 16:46:00.016  5773  8954 D SLM-SRV-SLAService: startIfaceMonitorTimer mRetryCount:2
12-19 16:46:00.019  4496  4496 D KeyguardUpdateMonitor: handleTimeUpdate
12-19 16:46:00.035  1184  1303 E minksocket: MinkIPC_QRTR_Service: client with node 1 port 61ff went down
12-19 16:46:00.037  1184  1303 E minksocket: MinkIPC_QRTR_Service: client with node 1 port 6203 went down
12-19 16:46:00.038  1184  1303 E minksocket: MinkIPC_QRTR_Service: client with node 1 port 6207 went down
12-19 16:46:00.041  1184  1303 E minksocket: MinkIPC_QRTR_Service: client with node 1 port 6217 went down
12-19 16:46:00.043  2475  2980 W ContextImpl: Calling a method in the system process without a qualified user: android.app.ContextImpl.sendBroadcastMultiplePermissions:1266 android.content.Context.sendBroadcastMultiplePermissions:2225 com.android.server.TelephonyRegistry.broadcastDataConnectionStateChanged:3093 com.android.server.TelephonyRegistry.notifyDataConnectionForSubscriber:2078 com.android.internal.telephony.ITelephonyRegistry$Stub.onTransact:544
12-19 16:46:00.044  1184  1303 E minksocket: MinkIPC_QRTR_Service: client with node 1 port 620f went down
12-19 16:46:00.047  2475  2691 W BroadcastQueue: Appop Denial: receiving Intent { act=android.intent.action.ANY_DATA_STATE flg=0x10 (has extras) } to ProcessRecord{703b0f9 4496:com.android.systemui/1000} (pid=4496, uid=1000) excludes appop android:read_phone_state due to sender android (uid 1001)
12-19 16:46:00.048  2475  2691 W BroadcastQueue: Appop Denial: receiving Intent { act=android.intent.action.ANY_DATA_STATE flg=0x10 (has extras) } to ProcessRecord{58156a3 5652:com.miui.daemon/1000} (pid=5652, uid=1000) excludes appop android:read_phone_state due to sender android (uid 1001)
12-19 16:46:00.049  2475  2691 W BroadcastQueue: Appop Denial: receiving Intent { act=android.intent.action.ANY_DATA_STATE flg=0x10 (has extras) } to ProcessRecord{a5b8e01 9660:com.android.phone/1001} (pid=9660, uid=1001) excludes appop android:read_phone_state due to sender android (uid 1001)
12-19 16:46:00.050  2475  2691 W BroadcastQueue: Appop Denial: receiving Intent { act=android.intent.action.ANY_DATA_STATE flg=0x10 (has extras) } to ProcessRecord{a5b8e01 9660:com.android.phone/1001} (pid=9660, uid=1001) excludes appop android:read_phone_state due to sender android (uid 1001)
12-19 16:46:00.052  1251  2448 I vendor.qti.hardware.display.composer-service: FrameNotifyProcess Sensor: notify citsensorservice to trigger cwb
12-19 16:46:00.052  2027  2096 I libcitsensorservice@2.0-impl: msg_transfer
12-19 16:46:00.052  2027  3266 D vendor.xiaomi.sensor.citsensorservice@2.0-service: handle id:10 wxh:1280x2400 uwxuh:1080x2400 size: 9216000 fd:15 fd_meta:16 flags:0x4000228 usage:0x33  format:0x3 layer_count: 1
12-19 16:46:00.053  1251  2214 I SDM     : HWCSession::SetCWBOutputBuffer: CWB config passed by cwb_client : tappoint 1  CWB_ROI : (829.000000 4.000000 915.000000 90.000000)
12-19 16:46:00.054  1251 22185 I SDM     : HWCSession::ProcessRequests: Successfully configured CWB buffer.
12-19 16:46:00.056  9660  9660 D NetworkSpeedTracker: receive actionandroid.intent.action.ANY_DATA_STATE
12-19 16:46:00.057  9660 10478 D NetworkSpeedTracker: mConnectState: DISCONNECTED
12-19 16:46:00.061  1251 22185 I SDM     : HWCSession::ProcessRequests: Pushing release fence in fenece wait queue.
12-19 16:46:00.062  1251 22185 I SDM     : HWCSession::ProcessRequests: Creating AsyncFenceWaits async thread.
12-19 16:46:00.062  1251 22185 I SDM     : HWCSession::ProcessRequests: Remove current CWB request from the pending request queue.
12-19 16:46:00.063  1251 22185 I SDM     : HWCSession::ProcessRequests: No pending cwb requests found in the queue.
12-19 16:46:00.068  1251  1467 I SDM     : HWDeviceDRM::SetupConcurrentWriteback: Tear down the Concurrent Writeback topology
12-19 16:46:00.075  1251 22186 I SDM     : HWCSession::NotifyCWBStatus: Notify the client about buffer status 0.
12-19 16:46:00.076  1251 22186 I SDM     : HWCSession::PerformFenceWaits: Remove current release fence from the pending fence wait queue.
12-19 16:46:00.076  1251 22186 I SDM     : HWCSession::PerformFenceWaits: CWB fence queue is empty. No pending release fence to wait on.
12-19 16:46:00.084  9660  9660 D DynamicService: PhoneStateListener.onDataActivity: direction=3
12-19 16:46:00.084  9660  9660 D DynamicService: modem or radio power state change,messageType: 128 state: 3
12-19 16:46:00.085  9660  9660 D DynamicService: PhoneStateListener.onDataActivity: direction=4
12-19 16:46:00.085  9660  9660 D DynamicService: modem or radio power state change,messageType: 128 state: 4
12-19 16:46:00.085  9660  9660 D DynamicService: listeners is null or md controller is disable!!!
12-19 16:46:00.095 32290 32290 I HandWritingStubImpl: isKeyboardTypeChanged: false
12-19 16:46:00.124 22098 22107 I service:synclo: This is sticky GC, maxfree is 8388608 minfree is 2097152
12-19 16:46:00.136  2475  3037 D MIUIInput: [MotionEvent] publisher action=0x4, 554790772, channel 'a6e61f2 NavigationBar0 (server)'
12-19 16:46:00.136  2475  3037 D MIUIInput: [MotionEvent] publisher action=0x0, 554790772, channel 'b1188f7 InputMethod (server)'
12-19 16:46:00.139  2475  2980 I HapticFeedbackUtil: 3,2,true
12-19 16:46:00.139  1367  1367 D vendor.hardware.vibratorfeature: configStrengthForEffect id : 3 , strength: 1.000000
12-19 16:46:00.142  1367  1367 D vendor.hardware.vibratorfeature: Vibrator perform effect 3
12-19 16:46:00.142  1367  1367 D vendor.hardware.vibratorfeature: uses mCurrMagnitudeExt 1.000000
12-19 16:46:00.143  1367  1367 D vendor.hardware.vibratorfeature: getAmplitudeFromEffectStrength 1.000000
12-19 16:46:00.143  1367  1367 D vendor.hardware.vibratorfeature: return from driver is 20
12-19 16:46:00.143  1367  1367 D vendor.hardware.vibratorfeature: playLengthMs is 70
12-19 16:46:00.143  1367 22188 D vendor.hardware.vibratorfeature: Starting perform on another thread
12-19 16:46:00.144 21839 21839 E BaseInputMethodService: onComputeInsets
12-19 16:46:00.152 21839 21839 E BaseInputMethodService: onComputeInsets
12-19 16:46:00.161 21839 21839 E BaseInputMethodService: onComputeInsets
12-19 16:46:00.168 21839 21839 E BaseInputMethodService: onComputeInsets
12-19 16:46:00.176 21839 21839 E BaseInputMethodService: onComputeInsets
12-19 16:46:00.185 21839 21839 E BaseInputMethodService: onComputeInsets
12-19 16:46:00.193 21839 21839 E BaseInputMethodService: onComputeInsets
12-19 16:46:00.196  2475  3666 W NsdServiceInfo: Key lengths > 9 are discouraged: commonData
12-19 16:46:00.197  1131  1160 W netd    : dnssd_clientstub DNSServiceProcessResult called with NULL DNSServiceRef
12-19 16:46:00.201  1131  1160 W netd    : dnssd_clientstub DNSServiceProcessResult called with NULL DNSServiceRef
12-19 16:46:00.201 21839 21839 E BaseInputMethodService: onComputeInsets
12-19 16:46:00.201  2475  3666 E NsdService: id 3086 for SERVICE_GET_ADDR_SUCCESS has no client mapping
12-19 16:46:00.201  2475  3666 E NsdService: Unhandled { when=-1ms what=393242 obj=com.android.server.NsdService$NativeEvent@23b63b5 target=com.android.internal.util.StateMachine$SmHandler }
12-19 16:46:00.209 21839 21839 E BaseInputMethodService: onComputeInsets
12-19 16:46:00.213  1367 22188 D vendor.hardware.vibratorfeature: Notifying perform complete
12-19 16:46:00.214  2475  3666 W NsdServiceInfo: Key lengths > 9 are discouraged: commonData
12-19 16:46:00.214  2475  3037 D MIUIInput: [MotionEvent] publisher action=0x1, 554790851, channel 'b1188f7 InputMethod (server)'
12-19 16:46:00.214  1131  1160 W netd    : dnssd_clientstub DNSServiceProcessResult called with NULL DNSServiceRef
12-19 16:46:00.216  1367  1367 D vendor.hardware.vibratorfeature: QTI Vibrator off
12-19 16:46:00.216  1367  1367 D DynamicEffectThread: pause
12-19 16:46:00.216  1367  1367 D DynamicEffectDevice: FFDevice pause
12-19 16:46:00.216 21173 21173 I HandWritingStubImpl: isKeyboardTypeChanged: false
12-19 16:46:00.217 21839 21839 E BaseInputMethodService: onComputeInsets
12-19 16:46:00.220 21173 21173 I HandWritingStubImpl: isKeyboardTypeChanged: false
12-19 16:46:00.221 21173 21173 I HandWritingStubImpl: isKeyboardTypeChanged: false
12-19 16:46:00.222 21173 21173 I HandWritingStubImpl: isKeyboardTypeChanged: false
12-19 16:46:00.222  5128  5141 W Binder  : Caught a RuntimeException from the binder stub implementation.
12-19 16:46:00.222  5128  5141 W Binder  : java.lang.SecurityException: Permission denial
12-19 16:46:00.222  5128  5141 W Binder  : 	at com.xiaomi.mirror.MirrorAppService.enforceSignature(MirrorAppService.java:30)
12-19 16:46:00.222  5128  5141 W Binder  : 	at com.xiaomi.mirror.MirrorAppService.isWorking(MirrorAppService.java:35)
12-19 16:46:00.222  5128  5141 W Binder  : 	at com.xiaomi.mirror.MirrorAppService.notifyInputTypeAndPos(MirrorAppService.java:88)
12-19 16:46:00.222  5128  5141 W Binder  : 	at com.xiaomi.mirror.IMirrorAppService$Stub.onTransact(IMirrorAppService.java:135)
12-19 16:46:00.222  5128  5141 W Binder  : 	at android.os.Binder.execTransactInternal(Binder.java:1190)
12-19 16:46:00.222  5128  5141 W Binder  : 	at android.os.Binder.execTransact(Binder.java:1149)
12-19 16:46:00.225  1131  1160 W netd    : dnssd_clientstub DNSServiceProcessResult called with NULL DNSServiceRef
12-19 16:46:00.225  2475  3666 E NsdService: id 3088 for SERVICE_GET_ADDR_SUCCESS has no client mapping
12-19 16:46:00.225  2475  3666 E NsdService: Unhandled { when=-2ms what=393242 obj=com.android.server.NsdService$NativeEvent@abcddbb target=com.android.internal.util.StateMachine$SmHandler }
12-19 16:46:00.226 21839 21839 E BaseInputMethodService: onComputeInsets
12-19 16:46:00.230 19850 24878 W IDM-BonjourGovernor: apps is null
12-19 16:46:00.234 21839 21839 E BaseInputMethodService: onComputeInsets
12-19 16:46:00.242 21839 21839 E BaseInputMethodService: onComputeInsets
12-19 16:46:00.278  2475  3037 D MIUIInput: [MotionEvent] publisher action=0x4, 554790914, channel 'a6e61f2 NavigationBar0 (server)'
12-19 16:46:00.279  2475  3037 D MIUIInput: [MotionEvent] publisher action=0x0, 554790914, channel 'b1188f7 InputMethod (server)'
12-19 16:46:00.282  2475  2980 I HapticFeedbackUtil: 3,2,true
12-19 16:46:00.283  1367  1367 D vendor.hardware.vibratorfeature: configStrengthForEffect id : 3 , strength: 1.000000
12-19 16:46:00.284 21839 21839 E BaseInputMethodService: onComputeInsets
12-19 16:46:00.285  2027  3285 D libsensor-displayalgo: the value of  brightness:396.000000,R:72106162.522978,G:64480547.319485,B:51155443.709275,EVENT_C:4955.500000,EVENT_R:1788.000000,EVENT_G:2602.000000,EVENT_B:962.000000
12-19 16:46:00.285  2027  3285 I libsensor-displayalgo: the value of  Coef1:1107.681000,Coef4:2.383000, scale1:0.935522, scale4:0.923264
12-19 16:46:00.285  2027  3285 E libsensor-displayalgo: RGB_test_0407_400_oldzy!
12-19 16:46:00.286  2027  3285 I libsensor-displayalgo: the value of  RESULT2630.500819,1073.878749,1270.913828,453.491966
12-19 16:46:00.286  2027  3285 I libsensor-displayalgo: the value of  getChannelDataCalibrated2748.343736,995.295633,1469.968052,491.454718
12-19 16:46:00.286  2027  3285 I libsensor-displayalgo: the value of  REAL LUX139.165604
12-19 16:46:00.286  2027  3285 I libsensor-displayalgo: the value of  CAL REAL LUX139.165604
12-19 16:46:00.286  2027  3285 I libsensor-ssccalapi: value of set_lux: 139.165604
12-19 16:46:00.287  1367  1367 D vendor.hardware.vibratorfeature: Vibrator perform effect 3
12-19 16:46:00.287  1367  1367 D vendor.hardware.vibratorfeature: uses mCurrMagnitudeExt 1.000000
12-19 16:46:00.287  1367  1367 D vendor.hardware.vibratorfeature: getAmplitudeFromEffectStrength 1.000000
12-19 16:46:00.287  1367  1367 D vendor.hardware.vibratorfeature: return from driver is 20
12-19 16:46:00.287  1367  1367 D vendor.hardware.vibratorfeature: playLengthMs is 70
12-19 16:46:00.288  1367 22192 D vendor.hardware.vibratorfeature: Starting perform on another thread
12-19 16:46:00.292 21839 21839 E BaseInputMethodService: onComputeInsets
12-19 16:46:00.300 21839 21839 E BaseInputMethodService: onComputeInsets
12-19 16:46:00.308 21839 21839 E BaseInputMethodService: onComputeInsets
12-19 16:46:00.316 21839 21839 E BaseInputMethodService: onComputeInsets
12-19 16:46:00.324 21839 21839 E BaseInputMethodService: onComputeInsets
12-19 16:46:00.333 21839 21839 E BaseInputMethodService: onComputeInsets
12-19 16:46:00.341 21839 21839 E BaseInputMethodService: onComputeInsets
12-19 16:46:00.349 21839 21839 E BaseInputMethodService: onComputeInsets
12-19 16:46:00.355  1251  2448 I vendor.qti.hardware.display.composer-service: FrameNotifyProcess Sensor: notify citsensorservice to trigger cwb
12-19 16:46:00.356  2027  4130 I libcitsensorservice@2.0-impl: msg_transfer
12-19 16:46:00.356  2027  3266 D vendor.xiaomi.sensor.citsensorservice@2.0-service: handle id:10 wxh:1280x2400 uwxuh:1080x2400 size: 9216000 fd:15 fd_meta:16 flags:0x4000228 usage:0x33  format:0x3 layer_count: 1
12-19 16:46:00.357  1251  2214 I SDM     : HWCSession::SetCWBOutputBuffer: CWB config passed by cwb_client : tappoint 1  CWB_ROI : (829.000000 4.000000 915.000000 90.000000)
12-19 16:46:00.357 21839 21839 E BaseInputMethodService: onComputeInsets
12-19 16:46:00.358  1367 22192 D vendor.hardware.vibratorfeature: Notifying perform complete
12-19 16:46:00.359  1251 22193 I SDM     : HWCSession::ProcessRequests: Successfully configured CWB buffer.
12-19 16:46:00.359  1367  1367 D vendor.hardware.vibratorfeature: QTI Vibrator off
12-19 16:46:00.359  1367  1367 D DynamicEffectThread: pause
12-19 16:46:00.359  1367  1367 D DynamicEffectDevice: FFDevice pause
12-19 16:46:00.366  2475  3037 D MIUIInput: [MotionEvent] publisher action=0x1, 554791002, channel 'b1188f7 InputMethod (server)'
12-19 16:46:00.366 21839 21839 E BaseInputMethodService: onComputeInsets
12-19 16:46:00.367  1251 22193 I SDM     : HWCSession::ProcessRequests: Pushing release fence in fenece wait queue.
12-19 16:46:00.367  1251 22193 I SDM     : HWCSession::ProcessRequests: Creating AsyncFenceWaits async thread.
12-19 16:46:00.367  1251 22193 I SDM     : HWCSession::ProcessRequests: Remove current CWB request from the pending request queue.
12-19 16:46:00.367  1251 22193 I SDM     : HWCSession::ProcessRequests: No pending cwb requests found in the queue.
12-19 16:46:00.370 21173 21173 I HandWritingStubImpl: isKeyboardTypeChanged: false
12-19 16:46:00.373  1251  1467 I SDM     : HWDeviceDRM::SetupConcurrentWriteback: Tear down the Concurrent Writeback topology
12-19 16:46:00.373 21173 21173 I HandWritingStubImpl: isKeyboardTypeChanged: false
12-19 16:46:00.374 21839 21839 E BaseInputMethodService: onComputeInsets
12-19 16:46:00.374 21173 21173 I HandWritingStubImpl: isKeyboardTypeChanged: false
12-19 16:46:00.376 21173 21173 I HandWritingStubImpl: isKeyboardTypeChanged: false
12-19 16:46:00.377  5128  5141 W Binder  : Caught a RuntimeException from the binder stub implementation.
12-19 16:46:00.377  5128  5141 W Binder  : java.lang.SecurityException: Permission denial
12-19 16:46:00.377  5128  5141 W Binder  : 	at com.xiaomi.mirror.MirrorAppService.enforceSignature(MirrorAppService.java:30)
12-19 16:46:00.377  5128  5141 W Binder  : 	at com.xiaomi.mirror.MirrorAppService.isWorking(MirrorAppService.java:35)
12-19 16:46:00.377  5128  5141 W Binder  : 	at com.xiaomi.mirror.MirrorAppService.notifyInputTypeAndPos(MirrorAppService.java:88)
12-19 16:46:00.377  5128  5141 W Binder  : 	at com.xiaomi.mirror.IMirrorAppService$Stub.onTransact(IMirrorAppService.java:135)
12-19 16:46:00.377  5128  5141 W Binder  : 	at android.os.Binder.execTransactInternal(Binder.java:1190)
12-19 16:46:00.377  5128  5141 W Binder  : 	at android.os.Binder.execTransact(Binder.java:1149)
12-19 16:46:00.380  1251 22194 I SDM     : HWCSession::NotifyCWBStatus: Notify the client about buffer status 0.
12-19 16:46:00.380  1251 22194 I SDM     : HWCSession::PerformFenceWaits: Remove current release fence from the pending fence wait queue.
12-19 16:46:00.380  1251 22194 I SDM     : HWCSession::PerformFenceWaits: CWB fence queue is empty. No pending release fence to wait on.
12-19 16:46:00.382 21839 21839 E BaseInputMethodService: onComputeInsets
12-19 16:46:00.416 21839 21839 E BaseInputMethodService: onComputeInsets
12-19 16:46:00.420  5773  8954 W SLM-SRV-SLAService: mobileDataName set null
12-19 16:46:00.420  5773  8954 D SLM-SRV-SLAService: isIfaceRemoved If number:1-->1
12-19 16:46:00.420  5773  8954 D SLM-SRV-SLAService: startIfaceMonitorTimer mRetryCount:3
12-19 16:46:00.424 21839 21839 E BaseInputMethodService: onComputeInsets
12-19 16:46:00.431 21839 21839 E BaseInputMethodService: onComputeInsets
12-19 16:46:00.454  2475  3037 D MIUIInput: [MotionEvent] publisher action=0x4, 554791091, channel 'a6e61f2 NavigationBar0 (server)'
12-19 16:46:00.455  2475  3037 D MIUIInput: [MotionEvent] publisher action=0x0, 554791091, channel 'b1188f7 InputMethod (server)'
12-19 16:46:00.457  2475  2980 I HapticFeedbackUtil: 3,2,true
12-19 16:46:00.457  1367  1367 D vendor.hardware.vibratorfeature: configStrengthForEffect id : 3 , strength: 1.000000
12-19 16:46:00.460  1367  1367 D vendor.hardware.vibratorfeature: Vibrator perform effect 3
12-19 16:46:00.460  1367  1367 D vendor.hardware.vibratorfeature: uses mCurrMagnitudeExt 1.000000
12-19 16:46:00.460  1367  1367 D vendor.hardware.vibratorfeature: getAmplitudeFromEffectStrength 1.000000
12-19 16:46:00.460  1367  1367 D vendor.hardware.vibratorfeature: return from driver is 20
12-19 16:46:00.460  1367  1367 D vendor.hardware.vibratorfeature: playLengthMs is 70
12-19 16:46:00.461  1367 22196 D vendor.hardware.vibratorfeature: Starting perform on another thread
12-19 16:46:00.464 21839 21839 E BaseInputMethodService: onComputeInsets
12-19 16:46:00.472 21839 21839 E BaseInputMethodService: onComputeInsets
12-19 16:46:00.481 21839 21839 E BaseInputMethodService: onComputeInsets
12-19 16:46:00.482  1328  1328 D SRE     : sensorCallback mDisplayId = 0 dataCallback value=< 139.1650, 325.7338, 396.0000>,time=1172410947145481, sensor=5, temperature(K)= 325.7338
12-19 16:46:00.482  1328  1328 D SRE     : setSREStrength mDisplayId = 0, mLastLux = 77, lux = 139, mSREEnabled = 1, mLastFreezeStatus = 0, freeze = 0
12-19 16:46:00.489 21839 21839 E BaseInputMethodService: onComputeInsets
12-19 16:46:00.497 21839 21839 E BaseInputMethodService: onComputeInsets
12-19 16:46:00.505 21839 21839 E BaseInputMethodService: onComputeInsets
12-19 16:46:00.514 21839 21839 E BaseInputMethodService: onComputeInsets
12-19 16:46:00.522 21839 21839 E BaseInputMethodService: onComputeInsets
12-19 16:46:00.530 21839 21839 E BaseInputMethodService: onComputeInsets
12-19 16:46:00.531  1367 22196 D vendor.hardware.vibratorfeature: Notifying perform complete
12-19 16:46:00.534  1367  1367 D vendor.hardware.vibratorfeature: QTI Vibrator off
12-19 16:46:00.534  1367  1367 D DynamicEffectThread: pause
12-19 16:46:00.534  1367  1367 D DynamicEffectDevice: FFDevice pause
12-19 16:46:00.538 21839 21839 E BaseInputMethodService: onComputeInsets
12-19 16:46:00.542  2475  3037 D MIUIInput: [MotionEvent] publisher action=0x1, 554791178, channel 'b1188f7 InputMethod (server)'
12-19 16:46:00.544 21173 21173 I HandWritingStubImpl: isKeyboardTypeChanged: false
12-19 16:46:00.546 21839 21839 E BaseInputMethodService: onComputeInsets
12-19 16:46:00.550 21173 21173 I HandWritingStubImpl: isKeyboardTypeChanged: false
12-19 16:46:00.552 21173 21173 I HandWritingStubImpl: isKeyboardTypeChanged: false
12-19 16:46:00.554 21173 21173 I HandWritingStubImpl: isKeyboardTypeChanged: false
12-19 16:46:00.554  5128  5141 W Binder  : Caught a RuntimeException from the binder stub implementation.
12-19 16:46:00.554  5128  5141 W Binder  : java.lang.SecurityException: Permission denial
12-19 16:46:00.554  5128  5141 W Binder  : 	at com.xiaomi.mirror.MirrorAppService.enforceSignature(MirrorAppService.java:30)
12-19 16:46:00.554  5128  5141 W Binder  : 	at com.xiaomi.mirror.MirrorAppService.isWorking(MirrorAppService.java:35)
12-19 16:46:00.554  5128  5141 W Binder  : 	at com.xiaomi.mirror.MirrorAppService.notifyInputTypeAndPos(MirrorAppService.java:88)
12-19 16:46:00.554  5128  5141 W Binder  : 	at com.xiaomi.mirror.IMirrorAppService$Stub.onTransact(IMirrorAppService.java:135)
12-19 16:46:00.554  5128  5141 W Binder  : 	at android.os.Binder.execTransactInternal(Binder.java:1190)
12-19 16:46:00.554  5128  5141 W Binder  : 	at android.os.Binder.execTransact(Binder.java:1149)
12-19 16:46:00.555 21839 21839 E BaseInputMethodService: onComputeInsets
12-19 16:46:00.563 21839 21839 E BaseInputMethodService: onComputeInsets
12-19 16:46:00.571 21839 21839 E BaseInputMethodService: onComputeInsets
12-19 16:46:00.619  2475  2475 W DnsResolver: resNetworkResult:android.system.ErrnoException: resNetworkResult failed: ETIMEDOUT (Connection timed out)
12-19 16:46:00.620 21173 21960 W System.err: java.net.UnknownHostException: Unable to resolve host "onekey.cmpassport.com": No address associated with hostname
12-19 16:46:00.620 21173 21960 W System.err: 	at java.net.Inet6AddressImpl.lookupHostByName(Inet6AddressImpl.java:156)
12-19 16:46:00.621 21173 21960 W System.err: 	at java.net.Inet6AddressImpl.lookupAllHostAddr(Inet6AddressImpl.java:103)
12-19 16:46:00.621 21173 21960 W System.err: 	at java.net.InetAddress.getAllByNameOnNet(InetAddress.java:1684)
12-19 16:46:00.621 21173 21960 W System.err: 	at android.net.Network.getAllByName(Network.java:145)
12-19 16:46:00.621 21173 21960 W System.err: 	at android.net.Network.lambda$openConnection$0$Network(Network.java:366)
12-19 16:46:00.621 21173 21960 W System.err: 	at android.net.Network$$ExternalSyntheticLambda0.lookup(Unknown Source:2)
12-19 16:46:00.621 21173 21960 W System.err: 	at com.android.okhttp.internalandroidapi.HttpURLConnectionFactory$DnsAdapter.lookup(HttpURLConnectionFactory.java:172)
12-19 16:46:00.621 21173 21960 W System.err: 	at com.android.okhttp.internal.http.RouteSelector.resetNextInetSocketAddress(RouteSelector.java:178)
12-19 16:46:00.621 21173 21960 W System.err: 	at com.android.okhttp.internal.http.RouteSelector.nextProxy(RouteSelector.java:144)
12-19 16:46:00.621 21173 21960 W System.err: 	at com.android.okhttp.internal.http.RouteSelector.next(RouteSelector.java:86)
12-19 16:46:00.621 21173 21960 W System.err: 	at com.android.okhttp.internal.http.StreamAllocation.findConnection(StreamAllocation.java:176)
12-19 16:46:00.621 21173 21960 W System.err: 	at com.android.okhttp.internal.http.StreamAllocation.findHealthyConnection(StreamAllocation.java:128)
12-19 16:46:00.621 21173 21960 W System.err: 	at com.android.okhttp.internal.http.StreamAllocation.newStream(StreamAllocation.java:97)
12-19 16:46:00.621 21173 21960 W System.err: 	at com.android.okhttp.internal.http.HttpEngine.connect(HttpEngine.java:289)
12-19 16:46:00.621 21173 21960 W System.err: 	at com.android.okhttp.internal.http.HttpEngine.sendRequest(HttpEngine.java:232)
12-19 16:46:00.621 21173 21960 W System.err: 	at com.android.okhttp.internal.huc.HttpURLConnectionImpl.execute(HttpURLConnectionImpl.java:465)
12-19 16:46:00.621 21173 21960 W System.err: 	at com.android.okhttp.internal.huc.HttpURLConnectionImpl.connect(HttpURLConnectionImpl.java:131)
12-19 16:46:00.621 21173 21960 W System.err: 	at com.android.okhttp.internal.huc.HttpURLConnectionImpl.getOutputStream(HttpURLConnectionImpl.java:262)
12-19 16:46:00.621 21173 21960 W System.err: 	at com.cmic.sso.sdk.h.d.a(Unknown Source:233)
12-19 16:46:00.621 21173 21960 W System.err: 	at com.cmic.sso.sdk.h.d.a(Unknown Source:89)
12-19 16:46:00.621 21173 21960 W System.err: 	at com.cmic.sso.sdk.h.d.a(Unknown Source:44)
12-19 16:46:00.621 21173 21960 W System.err: 	at com.mobile.auth.h.a.a(Unknown Source:158)
12-19 16:46:00.621 21173 21960 W System.err: 	at com.mobile.auth.h.a.a(Unknown Source:384)
12-19 16:46:00.621 21173 21960 W System.err: 	at com.mobile.auth.e.f.b(Unknown Source:18)
12-19 16:46:00.621 21173 21960 W System.err: 	at com.mobile.auth.e.f.a(Unknown Source:128)
12-19 16:46:00.621 21173 21960 W System.err: 	at com.mobile.auth.e.f.a(Unknown Source:121)
12-19 16:46:00.621 21173 21960 W System.err: 	at java.lang.reflect.Method.invoke(Native Method)
12-19 16:46:00.621 21173 21960 W System.err: 	at com.mobile.auth.o.a.a(Unknown Source:38)
12-19 16:46:00.621 21173 21960 W System.err: 	at com.mobile.auth.o.a.a(Unknown Source:28)
12-19 16:46:00.621 21173 21960 W System.err: 	at com.mobile.auth.o.a.a(Unknown Source:0)
12-19 16:46:00.621 21173 21960 W System.err: 	at com.mobile.auth.o.a$1.a(Unknown Source:64)
12-19 16:46:00.621 21173 21960 W System.err: 	at com.cmic.sso.sdk.h.u$a.run(Unknown Source:9)
12-19 16:46:00.621 21173 21960 W System.err: 	at java.util.concurrent.ThreadPoolExecutor.runWorker(ThreadPoolExecutor.java:1167)
12-19 16:46:00.621 21173 21960 W System.err: 	at java.util.concurrent.ThreadPoolExecutor$Worker.run(ThreadPoolExecutor.java:641)
12-19 16:46:00.621 21173 21960 W System.err: 	at java.lang.Thread.run(Thread.java:920)
12-19 16:46:00.621 21173 21960 W System.err: Caused by: android.system.GaiException: android_getaddrinfo failed: EAI_NODATA (No address associated with hostname)
12-19 16:46:00.621 21173 21960 W System.err: 	at libcore.io.Linux.android_getaddrinfo(Native Method)
12-19 16:46:00.621 21173 21960 W System.err: 	at libcore.io.ForwardingOs.android_getaddrinfo(ForwardingOs.java:136)
12-19 16:46:00.621 21173 21960 W System.err: 	at libcore.io.BlockGuardOs.android_getaddrinfo(BlockGuardOs.java:221)
12-19 16:46:00.621 21173 21960 W System.err: 	at libcore.io.ForwardingOs.android_getaddrinfo(ForwardingOs.java:136)
12-19 16:46:00.621 21173 21960 W System.err: 	at java.net.Inet6AddressImpl.lookupHostByName(Inet6AddressImpl.java:135)
12-19 16:46:00.621 21173 21960 W System.err: 	... 34 more
12-19 16:46:00.623  2475  2475 W DnsResolver: resNetworkResult:android.system.ErrnoException: resNetworkResult failed: ETIMEDOUT (Connection timed out)
12-19 16:46:00.624  2475 21993 D NetworkMonitor/153: PROBE_DNS www.baidu.com 5017ms FAIL in type ADDRCONFIG android.net.DnsResolver$DnsException: android.system.ErrnoException: resNetworkResult failed: ETIMEDOUT (Connection timed out)
12-19 16:46:00.625  2475  2475 W DnsResolver: resNetworkResult:android.system.ErrnoException: resNetworkResult failed: ETIMEDOUT (Connection timed out)
12-19 16:46:00.626  2475 21991 D NetworkMonitor/153: PROBE_DNS connect.rom.miui.com 5020ms FAIL in type ADDRCONFIG android.net.DnsResolver$DnsException: android.system.ErrnoException: resNetworkResult failed: ETIMEDOUT (Connection timed out)
12-19 16:46:00.626  2475 21990 D NetworkMonitor/153: isCaptivePortal: isSuccessful()=false isPortal()=false RedirectUrl=null isPartialConnectivity()=false Time=5026ms
12-19 16:46:00.637 32290 32290 I HandWritingStubImpl: isKeyboardTypeChanged: false
12-19 16:46:00.678  2475  3037 D MIUIInput: [MotionEvent] publisher action=0x4, 554791314, channel 'a6e61f2 NavigationBar0 (server)'
12-19 16:46:00.678  2475  3037 D MIUIInput: [MotionEvent] publisher action=0x0, 554791314, channel 'b1188f7 InputMethod (server)'
12-19 16:46:00.681  2475  4897 I HapticFeedbackUtil: 3,2,true
12-19 16:46:00.682  1367  1367 D vendor.hardware.vibratorfeature: configStrengthForEffect id : 3 , strength: 1.000000
12-19 16:46:00.684  2027  3285 D libsensor-displayalgo: the value of  brightness:396.000000,R:72106162.522978,G:64480547.319485,B:51155443.709275,EVENT_C:5056.500000,EVENT_R:1829.000000,EVENT_G:2648.500000,EVENT_B:980.500000
12-19 16:46:00.684  2027  3285 I libsensor-displayalgo: the value of  Coef1:1107.681000,Coef4:2.383000, scale1:0.935522, scale4:0.923264
12-19 16:46:00.684  2027  3285 E libsensor-displayalgo: RGB_test_0407_400_oldzy!
12-19 16:46:00.685  1367  1367 D vendor.hardware.vibratorfeature: Vibrator perform effect 3
12-19 16:46:00.685  1367  1367 D vendor.hardware.vibratorfeature: uses mCurrMagnitudeExt 1.000000
12-19 16:46:00.685  1367  1367 D vendor.hardware.vibratorfeature: getAmplitudeFromEffectStrength 1.000000
12-19 16:46:00.685  2027  3285 I libsensor-displayalgo: the value of  RESULT2630.500819,1073.878749,1270.913828,453.491966
12-19 16:46:00.685  1367  1367 D vendor.hardware.vibratorfeature: return from driver is 20
12-19 16:46:00.685  2027  3285 I libsensor-displayalgo: the value of  getChannelDataCalibrated2748.343736,995.295633,1469.968052,491.454718
12-19 16:46:00.685  2027  3285 I libsensor-displayalgo: the value of  REAL LUX145.360779
12-19 16:46:00.685  2027  3285 I libsensor-displayalgo: the value of  CAL REAL LUX145.360779
12-19 16:46:00.685  1367  1367 D vendor.hardware.vibratorfeature: playLengthMs is 70
12-19 16:46:00.685  1367 22198 D vendor.hardware.vibratorfeature: Starting perform on another thread
12-19 16:46:00.687 21839 21839 E BaseInputMethodService: onComputeInsets
12-19 16:46:00.695 21839 21839 E BaseInputMethodService: onComputeInsets
12-19 16:46:00.701  1251  2448 I vendor.qti.hardware.display.composer-service: FrameNotifyProcess Sensor: notify citsensorservice to trigger cwb
12-19 16:46:00.702  2027  2027 I libcitsensorservice@2.0-impl: msg_transfer
12-19 16:46:00.702  2027  3266 D vendor.xiaomi.sensor.citsensorservice@2.0-service: handle id:10 wxh:1280x2400 uwxuh:1080x2400 size: 9216000 fd:15 fd_meta:16 flags:0x4000228 usage:0x33  format:0x3 layer_count: 1
