06-20 11:15:21.389  2018  3127 I libsensor-displayalgo: the value of  Coef1:1107.681000,Coef4:2.383000, scale1:0.935522, scale4:0.923264
06-20 11:15:21.389  2018  3127 E libsensor-displayalgo: RGB_test_0407_400_oldzy!
06-20 11:15:21.390  2018  3127 I libsensor-displayalgo: the value of  RESULT3057.798439,1207.945203,1483.663145,554.102721
06-20 11:15:21.390  2018  3127 I libsensor-displayalgo: the value of  getChannelDataCalibrated3205.934733,1118.790087,1724.467874,604.765833
06-20 11:15:21.390  2018  3127 I libsensor-displayalgo: the value of  REAL LUX231.433197
06-20 11:15:21.390  2018  3127 I libsensor-displayalgo: the value of  CAL REAL LUX231.433197
06-20 11:15:21.459 10027 10027 I HandWritingStubImpl: isKeyboardTypeChanged: false
06-20 11:15:21.460 10027 10027 I HandWritingStubImpl: isKeyboardTypeChanged: false
06-20 11:15:21.467 10241 12238 D CCodecBufferChannel: [c2.android.aac.decoder#915] DEBUG: elapsed: n=6 [in=0 pipeline=0 out=2]
06-20 11:15:21.467 10241 12238 D PipelineWatcher: DEBUG: elapsed 2 / 6
06-20 11:15:21.473  1265  2358 I vendor.qti.hardware.display.composer-service: FrameNotifyProcess Sensor: notify citsensorservice to trigger cwb
06-20 11:15:21.474  2018  7182 I libcitsensorservice@2.0-impl: msg_transfer
06-20 11:15:21.474  2018  3098 D vendor.xiaomi.sensor.citsensorservice@2.0-service: handle id:9 wxh:1280x2400 uwxuh:1080x2400 size: 9216000 fd:15 fd_meta:16 flags:0x4000228 usage:0x33  format:0x3 layer_count: 1
06-20 11:15:21.474  1265  1889 I SDM     : HWCSession::SetCWBOutputBuffer: CWB config passed by cwb_client : tappoint 1  CWB_ROI : (829.000000 4.000000 915.000000 90.000000)
06-20 11:15:21.475  1265 17179 I SDM     : HWCSession::ProcessRequests: Successfully configured CWB buffer.
06-20 11:15:21.482  1265 17179 I SDM     : HWCSession::ProcessRequests: Pushing release fence in fenece wait queue.
06-20 11:15:21.482  1265 17179 I SDM     : HWCSession::ProcessRequests: Creating AsyncFenceWaits async thread.
06-20 11:15:21.482  1265 17179 I SDM     : HWCSession::ProcessRequests: Remove current CWB request from the pending request queue.
06-20 11:15:21.482  1265 17179 I SDM     : HWCSession::ProcessRequests: No pending cwb requests found in the queue.
06-20 11:15:21.489  1265  1584 I SDM     : HWDeviceDRM::SetupConcurrentWriteback: Tear down the Concurrent Writeback topology
06-20 11:15:21.489 10241 12244 I CCodecBufferChannel: pipelineRoom(2) is <= numClientBuffers(3). Not signalling any more buffers to client
06-20 11:15:21.489 10241 17000 I CCodecBufferChannel: pipelineRoom(2) is <= numClientBuffers(2). Not signalling any more buffers to client
06-20 11:15:21.490 10241 17000 I CCodecBufferChannel: pipelineRoom(2) is <= numClientBuffers(2). Not signalling any more buffers to client
06-20 11:15:21.491 10241 12244 I CCodecBufferChannel: pipelineRoom(2) is <= numClientBuffers(2). Not signalling any more buffers to client
06-20 11:15:21.495  1265 17180 I SDM     : HWCSession::NotifyCWBStatus: Notify the client about buffer status 0.
06-20 11:15:21.496  1265 17180 I SDM     : HWCSession::PerformFenceWaits: Remove current release fence from the pending fence wait queue.
06-20 11:15:21.496  1265 17180 I SDM     : HWCSession::PerformFenceWaits: CWB fence queue is empty. No pending release fence to wait on.
06-20 11:15:21.518 31630 31630 I HandWritingStubImpl: isKeyboardTypeChanged: false
06-20 11:15:21.606 10241 12244 I CCodecBufferChannel: pipelineRoom(1) is <= numClientBuffers(2). Not signalling any more buffers to client
06-20 11:15:21.607 10241 17000 I CCodecBufferChannel: pipelineRoom(1) is <= numClientBuffers(1). Not signalling any more buffers to client
06-20 11:15:21.610 10241 12244 I CCodecBufferChannel: pipelineRoom(1) is <= numClientBuffers(2). Not signalling any more buffers to client
06-20 11:15:21.611 10241 17000 I CCodecBufferChannel: pipelineRoom(1) is <= numClientBuffers(1). Not signalling any more buffers to client
06-20 11:15:21.689  2018  3127 D libsensor-displayalgo: the value of  brightness:438.000000,R:75130885.425204,G:75130828.191609,B:75151203.782317,EVENT_C:7145.000000,EVENT_R:2789.500000,EVENT_G:3596.000000,EVENT_B:1455.500000
06-20 11:15:21.689  2018  3127 I libsensor-displayalgo: the value of  Coef1:1107.681000,Coef4:2.383000, scale1:0.935522, scale4:0.923264
06-20 11:15:21.689  2018  3127 E libsensor-displayalgo: RGB_test_0407_400_oldzy!
06-20 11:15:21.690  2018  3127 I libsensor-displayalgo: the value of  RESULT3057.798439,1207.945203,1483.663145,554.102721
06-20 11:15:21.690  2018  3127 I libsensor-displayalgo: the value of  getChannelDataCalibrated3205.934733,1118.790087,1724.467874,604.765833
06-20 11:15:21.690  2018  3127 I libsensor-displayalgo: the value of  REAL LUX231.054459
06-20 11:15:21.690  2018  3127 I libsensor-displayalgo: the value of  CAL REAL LUX231.054459
06-20 11:15:21.725 10241 17000 D BufferPoolAccessor2.0: bufferpool2 0x70f5a52228 : 5(40960 size) total buffers - 1(8192 size) used buffers - 1173/1178 (recycle/alloc) - 6/1177 (fetch/transfer)
06-20 11:15:21.732 10241 12244 I CCodecBufferChannel: pipelineRoom(1) is <= numClientBuffers(2). Not signalling any more buffers to client
06-20 11:15:21.732 10241 17000 I CCodecBufferChannel: pipelineRoom(1) is <= numClientBuffers(1). Not signalling any more buffers to client
06-20 11:15:21.803  4233  4233 D MiPlayDetailViewModel: onPositionChange(): position = 26993
06-20 11:15:21.803  5809 17004 I SafeBinderCall: onPositionChange binder cost:1
06-20 11:15:21.821 10241 12244 I CCodecBufferChannel: pipelineRoom(1) is <= numClientBuffers(2). Not signalling any more buffers to client
06-20 11:15:21.822 10241 17000 I CCodecBufferChannel: pipelineRoom(1) is <= numClientBuffers(1). Not signalling any more buffers to client
06-20 11:15:21.928  1949 17001 D BufferPoolAccessor2.0: bufferpool2 0xb400007b87671828 : 4(16384 size) total buffers - 1(4096 size) used buffers - 1179/1183 (recycle/alloc) - 7/1182 (fetch/transfer)
06-20 11:15:21.932 10241 12244 I CCodecBufferChannel: pipelineRoom(2) is <= numClientBuffers(2). Not signalling any more buffers to client
06-20 11:15:21.960 10027 10027 I HandWritingStubImpl: isKeyboardTypeChanged: false
06-20 11:15:21.961 10027 10027 I HandWritingStubImpl: isKeyboardTypeChanged: false
06-20 11:15:21.974  1265  2358 I vendor.qti.hardware.display.composer-service: FrameNotifyProcess Sensor: notify citsensorservice to trigger cwb
06-20 11:15:21.975  2018  7182 I libcitsensorservice@2.0-impl: msg_transfer
06-20 11:15:21.975  2018  3098 D vendor.xiaomi.sensor.citsensorservice@2.0-service: handle id:9 wxh:1280x2400 uwxuh:1080x2400 size: 9216000 fd:15 fd_meta:16 flags:0x4000228 usage:0x33  format:0x3 layer_count: 1
06-20 11:15:21.976  1265  1889 I SDM     : HWCSession::SetCWBOutputBuffer: CWB config passed by cwb_client : tappoint 1  CWB_ROI : (829.000000 4.000000 915.000000 90.000000)
06-20 11:15:21.977  1265 17182 I SDM     : HWCSession::ProcessRequests: Successfully configured CWB buffer.
06-20 11:15:21.983  1265 17182 I SDM     : HWCSession::ProcessRequests: Pushing release fence in fenece wait queue.
06-20 11:15:21.983  1265 17182 I SDM     : HWCSession::ProcessRequests: Creating AsyncFenceWaits async thread.
06-20 11:15:21.984  1265 17182 I SDM     : HWCSession::ProcessRequests: Remove current CWB request from the pending request queue.
06-20 11:15:21.984  1265 17182 I SDM     : HWCSession::ProcessRequests: No pending cwb requests found in the queue.
06-20 11:15:21.988  2018  3127 D libsensor-displayalgo: the value of  brightness:438.000000,R:75130885.425204,G:75130828.191609,B:75151203.782317,EVENT_C:7145.000000,EVENT_R:2789.500000,EVENT_G:3596.000000,EVENT_B:1455.500000
06-20 11:15:21.988  2018  3127 I libsensor-displayalgo: the value of  Coef1:1107.681000,Coef4:2.383000, scale1:0.935522, scale4:0.923264
06-20 11:15:21.988  2018  3127 E libsensor-displayalgo: RGB_test_0407_400_oldzy!
06-20 11:15:21.988  2018  3127 I libsensor-displayalgo: the value of  RESULT3057.798439,1207.945203,1483.663145,554.102721
06-20 11:15:21.988  2018  3127 I libsensor-displayalgo: the value of  getChannelDataCalibrated3205.934733,1118.790087,1724.467874,604.765833
06-20 11:15:21.988  2018  3127 I libsensor-displayalgo: the value of  REAL LUX231.054459
06-20 11:15:21.988  2018  3127 I libsensor-displayalgo: the value of  CAL REAL LUX231.054459
06-20 11:15:21.990  1265  1584 I SDM     : HWDeviceDRM::SetupConcurrentWriteback: Tear down the Concurrent Writeback topology
06-20 11:15:21.997  1265 17183 I SDM     : HWCSession::NotifyCWBStatus: Notify the client about buffer status 0.
06-20 11:15:21.997  1265 17183 I SDM     : HWCSession::PerformFenceWaits: Remove current release fence from the pending fence wait queue.
06-20 11:15:21.997  1265 17183 I SDM     : HWCSession::PerformFenceWaits: CWB fence queue is empty. No pending release fence to wait on.
06-20 11:15:22.054 10241 12244 I CCodecBufferChannel: pipelineRoom(1) is <= numClientBuffers(2). Not signalling any more buffers to client
06-20 11:15:22.054 10241 17000 I CCodecBufferChannel: pipelineRoom(1) is <= numClientBuffers(1). Not signalling any more buffers to client
06-20 11:15:22.056 10241 12244 I CCodecBufferChannel: pipelineRoom(1) is <= numClientBuffers(1). Not signalling any more buffers to client
06-20 11:15:22.058 10241 17000 I CCodecBufferChannel: pipelineRoom(2) is <= numClientBuffers(2). Not signalling any more buffers to client
06-20 11:15:22.060 31630 31630 I HandWritingStubImpl: isKeyboardTypeChanged: false
06-20 11:15:22.169 10241 12244 I CCodecBufferChannel: pipelineRoom(1) is <= numClientBuffers(2). Not signalling any more buffers to client
06-20 11:15:22.170 10241 17000 I CCodecBufferChannel: pipelineRoom(1) is <= numClientBuffers(1). Not signalling any more buffers to client
06-20 11:15:22.171 10241 12244 I CCodecBufferChannel: pipelineRoom(2) is <= numClientBuffers(2). Not signalling any more buffers to client
06-20 11:15:22.289  2018  3127 D libsensor-displayalgo: the value of  brightness:438.000000,R:75130885.425204,G:75130828.191609,B:75151203.782317,EVENT_C:7157.000000,EVENT_R:2794.000000,EVENT_G:3602.000000,EVENT_B:1457.500000
06-20 11:15:22.289  2018  3127 I libsensor-displayalgo: the value of  Coef1:1107.681000,Coef4:2.383000, scale1:0.935522, scale4:0.923264
06-20 11:15:22.289  2018  3127 E libsensor-displayalgo: RGB_test_0407_400_oldzy!
06-20 11:15:22.290  2018  3127 I libsensor-displayalgo: the value of  RESULT3057.798439,1207.945203,1483.663145,554.102721
06-20 11:15:22.290  2018  3127 I libsensor-displayalgo: the value of  getChannelDataCalibrated3205.934733,1118.790087,1724.467874,604.765833
06-20 11:15:22.290  2018  3127 I libsensor-displayalgo: the value of  REAL LUX231.842209
06-20 11:15:22.290  2018  3127 I libsensor-displayalgo: the value of  CAL REAL LUX231.842209
06-20 11:15:22.374 10241 12244 I CCodecBufferChannel: pipelineRoom(1) is <= numClientBuffers(1). Not signalling any more buffers to client
06-20 11:15:22.462 10027 10027 I HandWritingStubImpl: isKeyboardTypeChanged: false
06-20 11:15:22.463 10027 10027 I HandWritingStubImpl: isKeyboardTypeChanged: false
06-20 11:15:22.476  1265  2358 I vendor.qti.hardware.display.composer-service: FrameNotifyProcess Sensor: notify citsensorservice to trigger cwb
06-20 11:15:22.477  2018  7182 I libcitsensorservice@2.0-impl: msg_transfer
06-20 11:15:22.478  2018  3098 D vendor.xiaomi.sensor.citsensorservice@2.0-service: handle id:9 wxh:1280x2400 uwxuh:1080x2400 size: 9216000 fd:15 fd_meta:16 flags:0x4000228 usage:0x33  format:0x3 layer_count: 1
06-20 11:15:22.478  1265  1889 I SDM     : HWCSession::SetCWBOutputBuffer: CWB config passed by cwb_client : tappoint 1  CWB_ROI : (829.000000 4.000000 915.000000 90.000000)
06-20 11:15:22.479  1265 17185 I SDM     : HWCSession::ProcessRequests: Successfully configured CWB buffer.
06-20 11:15:22.485  1265 17185 I SDM     : HWCSession::ProcessRequests: Pushing release fence in fenece wait queue.
06-20 11:15:22.485  1265 17185 I SDM     : HWCSession::ProcessRequests: Creating AsyncFenceWaits async thread.
06-20 11:15:22.486  1265 17185 I SDM     : HWCSession::ProcessRequests: Remove current CWB request from the pending request queue.
06-20 11:15:22.486  1265 17185 I SDM     : HWCSession::ProcessRequests: No pending cwb requests found in the queue.
06-20 11:15:22.488 10241 12244 I CCodecBufferChannel: pipelineRoom(2) is <= numClientBuffers(3). Not signalling any more buffers to client
06-20 11:15:22.489 10241 17000 I CCodecBufferChannel: pipelineRoom(2) is <= numClientBuffers(2). Not signalling any more buffers to client
06-20 11:15:22.490 10241 12244 I CCodecBufferChannel: pipelineRoom(2) is <= numClientBuffers(3). Not signalling any more buffers to client
06-20 11:15:22.490 10241 17000 I CCodecBufferChannel: pipelineRoom(2) is <= numClientBuffers(2). Not signalling any more buffers to client
06-20 11:15:22.492  1265  1584 I SDM     : HWDeviceDRM::SetupConcurrentWriteback: Tear down the Concurrent Writeback topology
06-20 11:15:22.498  1265 17186 I SDM     : HWCSession::NotifyCWBStatus: Notify the client about buffer status 0.
06-20 11:15:22.499  1265 17186 I SDM     : HWCSession::PerformFenceWaits: Remove current release fence from the pending fence wait queue.
06-20 11:15:22.499  1265 17186 I SDM     : HWCSession::PerformFenceWaits: CWB fence queue is empty. No pending release fence to wait on.
06-20 11:15:22.586 31630 31630 I HandWritingStubImpl: isKeyboardTypeChanged: false
06-20 11:15:22.589  2018  3127 D libsensor-displayalgo: the value of  brightness:438.000000,R:75130885.425204,G:75130828.191609,B:75151203.782317,EVENT_C:7150.000000,EVENT_R:2793.500000,EVENT_G:3602.000000,EVENT_B:1456.500000
06-20 11:15:22.590  2018  3127 I libsensor-displayalgo: the value of  Coef1:1107.681000,Coef4:2.383000, scale1:0.935522, scale4:0.923264
06-20 11:15:22.590  2018  3127 E libsensor-displayalgo: RGB_test_0407_400_oldzy!
06-20 11:15:22.590  2018  3127 I libsensor-displayalgo: the value of  RESULT3057.798439,1207.945203,1483.663145,554.102721
06-20 11:15:22.591  2018  3127 I libsensor-displayalgo: the value of  getChannelDataCalibrated3205.934733,1118.790087,1724.467874,604.765833
06-20 11:15:22.591  2018  3127 I libsensor-displayalgo: the value of  REAL LUX231.448288
06-20 11:15:22.591  2018  3127 I libsensor-displayalgo: the value of  CAL REAL LUX231.448288
06-20 11:15:22.611 10241 12244 I CCodecBufferChannel: pipelineRoom(1) is <= numClientBuffers(2). Not signalling any more buffers to client
06-20 11:15:22.612 10241 17000 I CCodecBufferChannel: pipelineRoom(1) is <= numClientBuffers(1). Not signalling any more buffers to client
06-20 11:15:22.702 10241 12244 I CCodecBufferChannel: pipelineRoom(1) is <= numClientBuffers(2). Not signalling any more buffers to client
06-20 11:15:22.703 10241 17000 I CCodecBufferChannel: pipelineRoom(1) is <= numClientBuffers(1). Not signalling any more buffers to client
06-20 11:15:22.803  4233  4233 D MiPlayDetailViewModel: onPositionChange(): position = 27993
06-20 11:15:22.803  5809 17004 I SafeBinderCall: onPositionChange binder cost:0
06-20 11:15:22.808 10241 12244 I CCodecBufferChannel: pipelineRoom(1) is <= numClientBuffers(2). Not signalling any more buffers to client
06-20 11:15:22.809 10241 17000 I CCodecBufferChannel: pipelineRoom(1) is <= numClientBuffers(1). Not signalling any more buffers to client
06-20 11:15:22.811 10241 12244 I CCodecBufferChannel: pipelineRoom(2) is <= numClientBuffers(2). Not signalling any more buffers to client
06-20 11:15:22.812 10241 17000 I CCodecBufferChannel: pipelineRoom(2) is <= numClientBuffers(2). Not signalling any more buffers to client
06-20 11:15:22.889  2018  3127 D libsensor-displayalgo: the value of  brightness:438.000000,R:75130885.425204,G:75130828.191609,B:75151203.782317,EVENT_C:7150.000000,EVENT_R:2793.500000,EVENT_G:3602.000000,EVENT_B:1456.500000
06-20 11:15:22.889  2018  3127 I libsensor-displayalgo: the value of  Coef1:1107.681000,Coef4:2.383000, scale1:0.935522, scale4:0.923264
06-20 11:15:22.889  2018  3127 E libsensor-displayalgo: RGB_test_0407_400_oldzy!
06-20 11:15:22.890  2018  3127 I libsensor-displayalgo: the value of  RESULT3057.798439,1207.945203,1483.663145,554.102721
06-20 11:15:22.890  2018  3127 I libsensor-displayalgo: the value of  getChannelDataCalibrated3205.934733,1118.790087,1724.467874,604.765833
06-20 11:15:22.890  2018  3127 I libsensor-displayalgo: the value of  REAL LUX231.448288
06-20 11:15:22.890  2018  3127 I libsensor-displayalgo: the value of  CAL REAL LUX231.448288
06-20 11:15:22.937 10241 12244 I CCodecBufferChannel: pipelineRoom(1) is <= numClientBuffers(2). Not signalling any more buffers to client
06-20 11:15:22.938 10241 17000 I CCodecBufferChannel: pipelineRoom(1) is <= numClientBuffers(1). Not signalling any more buffers to client
06-20 11:15:22.940 10241 12244 I CCodecBufferChannel: pipelineRoom(1) is <= numClientBuffers(2). Not signalling any more buffers to client
06-20 11:15:22.940 10241 17000 I CCodecBufferChannel: pipelineRoom(1) is <= numClientBuffers(1). Not signalling any more buffers to client
06-20 11:15:22.963 10027 10027 I HandWritingStubImpl: isKeyboardTypeChanged: false
06-20 11:15:22.964 10027 10027 I HandWritingStubImpl: isKeyboardTypeChanged: false
06-20 11:15:22.980  1265  2358 I vendor.qti.hardware.display.composer-service: FrameNotifyProcess Sensor: notify citsensorservice to trigger cwb
06-20 11:15:22.980  2018  2108 I libcitsensorservice@2.0-impl: msg_transfer
06-20 11:15:22.980  2018  3098 D vendor.xiaomi.sensor.citsensorservice@2.0-service: handle id:9 wxh:1280x2400 uwxuh:1080x2400 size: 9216000 fd:15 fd_meta:16 flags:0x4000228 usage:0x33  format:0x3 layer_count: 1
06-20 11:15:22.981  1265  1889 I SDM     : HWCSession::SetCWBOutputBuffer: CWB config passed by cwb_client : tappoint 1  CWB_ROI : (829.000000 4.000000 915.000000 90.000000)
06-20 11:15:22.982  1265 17188 I SDM     : HWCSession::ProcessRequests: Successfully configured CWB buffer.
06-20 11:15:22.988  1265 17188 I SDM     : HWCSession::ProcessRequests: Pushing release fence in fenece wait queue.
06-20 11:15:22.988  1265 17188 I SDM     : HWCSession::ProcessRequests: Creating AsyncFenceWaits async thread.
06-20 11:15:22.988  1265 17188 I SDM     : HWCSession::ProcessRequests: Remove current CWB request from the pending request queue.
06-20 11:15:22.989  1265 17188 I SDM     : HWCSession::ProcessRequests: No pending cwb requests found in the queue.
06-20 11:15:22.995  1265  1584 I SDM     : HWDeviceDRM::SetupConcurrentWriteback: Tear down the Concurrent Writeback topology
06-20 11:15:23.001  1265 17189 I SDM     : HWCSession::NotifyCWBStatus: Notify the client about buffer status 0.
06-20 11:15:23.002  1265 17189 I SDM     : HWCSession::PerformFenceWaits: Remove current release fence from the pending fence wait queue.
06-20 11:15:23.002  1265 17189 I SDM     : HWCSession::PerformFenceWaits: CWB fence queue is empty. No pending release fence to wait on.
06-20 11:15:23.114 31630 31630 I HandWritingStubImpl: isKeyboardTypeChanged: false
06-20 11:15:23.190  2018  3127 D libsensor-displayalgo: the value of  brightness:438.000000,R:75130885.425204,G:75130828.191609,B:75151203.782317,EVENT_C:7147.500000,EVENT_R:2793.000000,EVENT_G:3600.500000,EVENT_B:1457.000000
06-20 11:15:23.190  2018  3127 I libsensor-displayalgo: the value of  Coef1:1107.681000,Coef4:2.383000, scale1:0.935522, scale4:0.923264
06-20 11:15:23.190  2018  3127 E libsensor-displayalgo: RGB_test_0407_400_oldzy!
06-20 11:15:23.190  2018  3127 I libsensor-displayalgo: the value of  RESULT3057.798439,1207.945203,1483.663145,554.102721
06-20 11:15:23.190  2018  3127 I libsensor-displayalgo: the value of  getChannelDataCalibrated3205.934733,1118.790087,1724.467874,604.765833
06-20 11:15:23.190  2018  3127 I libsensor-displayalgo: the value of  REAL LUX231.181839
06-20 11:15:23.190  2018  3127 I libsensor-displayalgo: the value of  CAL REAL LUX231.181839
06-20 11:15:23.260 10241 12244 I CCodecBufferChannel: pipelineRoom(1) is <= numClientBuffers(2). Not signalling any more buffers to client
06-20 11:15:23.261 10241 17000 I CCodecBufferChannel: pipelineRoom(1) is <= numClientBuffers(1). Not signalling any more buffers to client
06-20 11:15:23.263 10241 12244 I CCodecBufferChannel: pipelineRoom(2) is <= numClientBuffers(2). Not signalling any more buffers to client
06-20 11:15:23.264 10241 12244 I CCodecBufferChannel: pipelineRoom(2) is <= numClientBuffers(2). Not signalling any more buffers to client
06-20 11:15:23.265 10241 17000 I CCodecBufferChannel: pipelineRoom(2) is <= numClientBuffers(2). Not signalling any more buffers to client
06-20 11:15:23.377 10241 12244 I CCodecBufferChannel: pipelineRoom(1) is <= numClientBuffers(2). Not signalling any more buffers to client
06-20 11:15:23.377 10241 17000 I CCodecBufferChannel: pipelineRoom(1) is <= numClientBuffers(1). Not signalling any more buffers to client
06-20 11:15:23.469 10027 10027 I HandWritingStubImpl: isKeyboardTypeChanged: false
06-20 11:15:23.470 10027 10027 I HandWritingStubImpl: isKeyboardTypeChanged: false
06-20 11:15:23.482  1265  2358 I vendor.qti.hardware.display.composer-service: FrameNotifyProcess Sensor: notify citsensorservice to trigger cwb
06-20 11:15:23.483  2018  2108 I libcitsensorservice@2.0-impl: msg_transfer
06-20 11:15:23.483  2018  3098 D vendor.xiaomi.sensor.citsensorservice@2.0-service: handle id:9 wxh:1280x2400 uwxuh:1080x2400 size: 9216000 fd:15 fd_meta:16 flags:0x4000228 usage:0x33  format:0x3 layer_count: 1
06-20 11:15:23.484  1265  1889 I SDM     : HWCSession::SetCWBOutputBuffer: CWB config passed by cwb_client : tappoint 1  CWB_ROI : (829.000000 4.000000 915.000000 90.000000)
06-20 11:15:23.485  1265 17191 I SDM     : HWCSession::ProcessRequests: Successfully configured CWB buffer.
06-20 11:15:23.488 10241 12244 I CCodecBufferChannel: pipelineRoom(2) is <= numClientBuffers(3). Not signalling any more buffers to client
06-20 11:15:23.489  2018  3127 D libsensor-displayalgo: the value of  brightness:438.000000,R:75130885.425204,G:75130828.191609,B:75151203.782317,EVENT_C:7147.500000,EVENT_R:2793.000000,EVENT_G:3600.500000,EVENT_B:1457.000000
06-20 11:15:23.489  2018  3127 I libsensor-displayalgo: the value of  Coef1:1107.681000,Coef4:2.383000, scale1:0.935522, scale4:0.923264
06-20 11:15:23.489 10241 17000 I CCodecBufferChannel: pipelineRoom(2) is <= numClientBuffers(2). Not signalling any more buffers to client
06-20 11:15:23.489  2018  3127 E libsensor-displayalgo: RGB_test_0407_400_oldzy!
06-20 11:15:23.490  2018  3127 I libsensor-displayalgo: the value of  RESULT3057.798439,1207.945203,1483.663145,554.102721
06-20 11:15:23.490  2018  3127 I libsensor-displayalgo: the value of  getChannelDataCalibrated3205.934733,1118.790087,1724.467874,604.765833
06-20 11:15:23.490  2018  3127 I libsensor-displayalgo: the value of  REAL LUX231.181839
06-20 11:15:23.490  2018  3127 I libsensor-displayalgo: the value of  CAL REAL LUX231.181839
06-20 11:15:23.490 10241 12244 I CCodecBufferChannel: pipelineRoom(2) is <= numClientBuffers(3). Not signalling any more buffers to client
06-20 11:15:23.490 10241 17000 I CCodecBufferChannel: pipelineRoom(2) is <= numClientBuffers(2). Not signalling any more buffers to client
06-20 11:15:23.491  1265 17191 I SDM     : HWCSession::ProcessRequests: Pushing release fence in fenece wait queue.
06-20 11:15:23.491  1265 17191 I SDM     : HWCSession::ProcessRequests: Creating AsyncFenceWaits async thread.
06-20 11:15:23.491  1265 17191 I SDM     : HWCSession::ProcessRequests: Remove current CWB request from the pending request queue.
06-20 11:15:23.491  1265 17191 I SDM     : HWCSession::ProcessRequests: No pending cwb requests found in the queue.
06-20 11:15:23.497  1265  1584 I SDM     : HWDeviceDRM::SetupConcurrentWriteback: Tear down the Concurrent Writeback topology
06-20 11:15:23.505  1265 17192 I SDM     : HWCSession::NotifyCWBStatus: Notify the client about buffer status 0.
06-20 11:15:23.506  1265 17192 I SDM     : HWCSession::PerformFenceWaits: Remove current release fence from the pending fence wait queue.
06-20 11:15:23.506  1265 17192 I SDM     : HWCSession::PerformFenceWaits: CWB fence queue is empty. No pending release fence to wait on.
06-20 11:15:23.640 31630 31630 I HandWritingStubImpl: isKeyboardTypeChanged: false
06-20 11:15:23.789  2018  3127 D libsensor-displayalgo: the value of  brightness:438.000000,R:75130885.425204,G:75130828.191609,B:75151203.782317,EVENT_C:7152.000000,EVENT_R:2798.000000,EVENT_G:3601.500000,EVENT_B:1458.000000
06-20 11:15:23.789  2018  3127 I libsensor-displayalgo: the value of  Coef1:1107.681000,Coef4:2.383000, scale1:0.935522, scale4:0.923264
06-20 11:15:23.789  2018  3127 E libsensor-displayalgo: RGB_test_0407_400_oldzy!
06-20 11:15:23.790  2018  3127 I libsensor-displayalgo: the value of  RESULT3057.798439,1207.945203,1483.663145,554.102721
06-20 11:15:23.790  2018  3127 I libsensor-displayalgo: the value of  getChannelDataCalibrated3205.934733,1118.790087,1724.467874,604.765833
06-20 11:15:23.790  2018  3127 I libsensor-displayalgo: the value of  REAL LUX231.275162
06-20 11:15:23.790  2018  3127 I libsensor-displayalgo: the value of  CAL REAL LUX231.275162
06-20 11:15:23.803  5809 17004 I SafeBinderCall: onPositionChange binder cost:1
06-20 11:15:23.803  4233  4233 D MiPlayDetailViewModel: onPositionChange(): position = 28993
06-20 11:15:23.969 10027 10027 I HandWritingStubImpl: isKeyboardTypeChanged: false
06-20 11:15:23.970 10027 10027 I HandWritingStubImpl: isKeyboardTypeChanged: false
06-20 11:15:23.983  1265  2358 I vendor.qti.hardware.display.composer-service: FrameNotifyProcess Sensor: notify citsensorservice to trigger cwb
06-20 11:15:23.984  2018  2111 I libcitsensorservice@2.0-impl: msg_transfer
06-20 11:15:23.984  2018  3098 D vendor.xiaomi.sensor.citsensorservice@2.0-service: handle id:9 wxh:1280x2400 uwxuh:1080x2400 size: 9216000 fd:15 fd_meta:16 flags:0x4000228 usage:0x33  format:0x3 layer_count: 1
06-20 11:15:23.985  1265  1889 I SDM     : HWCSession::SetCWBOutputBuffer: CWB config passed by cwb_client : tappoint 1  CWB_ROI : (829.000000 4.000000 915.000000 90.000000)
06-20 11:15:23.986  1265 17194 I SDM     : HWCSession::ProcessRequests: Successfully configured CWB buffer.
06-20 11:15:23.992  1265 17194 I SDM     : HWCSession::ProcessRequests: Pushing release fence in fenece wait queue.
06-20 11:15:23.992  1265 17194 I SDM     : HWCSession::ProcessRequests: Creating AsyncFenceWaits async thread.
06-20 11:15:23.993  1265 17194 I SDM     : HWCSession::ProcessRequests: Remove current CWB request from the pending request queue.
06-20 11:15:23.993  1265 17194 I SDM     : HWCSession::ProcessRequests: No pending cwb requests found in the queue.
06-20 11:15:23.999  1265  1584 I SDM     : HWDeviceDRM::SetupConcurrentWriteback: Tear down the Concurrent Writeback topology
06-20 11:15:24.006  1265 17195 I SDM     : HWCSession::NotifyCWBStatus: Notify the client about buffer status 0.
06-20 11:15:24.006  1265 17195 I SDM     : HWCSession::PerformFenceWaits: Remove current release fence from the pending fence wait queue.
06-20 11:15:24.006  1265 17195 I SDM     : HWCSession::PerformFenceWaits: CWB fence queue is empty. No pending release fence to wait on.
06-20 11:15:24.052 10241 12244 I CCodecBufferChannel: pipelineRoom(2) is <= numClientBuffers(2). Not signalling any more buffers to client
06-20 11:15:24.089  2018  3127 D libsensor-displayalgo: the value of  brightness:438.000000,R:75130885.425204,G:75130828.191609,B:75151203.782317,EVENT_C:7143.500000,EVENT_R:2789.000000,EVENT_G:3596.500000,EVENT_B:1455.500000
06-20 11:15:24.090  2018  3127 I libsensor-displayalgo: the value of  Coef1:1107.681000,Coef4:2.383000, scale1:0.935522, scale4:0.923264
06-20 11:15:24.090  2018  3127 E libsensor-displayalgo: RGB_test_0407_400_oldzy!
06-20 11:15:24.090  2018  3127 I libsensor-displayalgo: the value of  RESULT3057.798439,1207.945203,1483.663145,554.102721
06-20 11:15:24.090  2018  3127 I libsensor-displayalgo: the value of  getChannelDataCalibrated3205.934733,1118.790087,1724.467874,604.765833
06-20 11:15:24.090  2018  3127 I libsensor-displayalgo: the value of  REAL LUX230.990173
06-20 11:15:24.090  2018  3127 I libsensor-displayalgo: the value of  CAL REAL LUX230.990173
06-20 11:15:24.166 31630 31630 I HandWritingStubImpl: isKeyboardTypeChanged: false
06-20 11:15:24.247 10241 12244 I CCodecBufferChannel: pipelineRoom(1) is <= numClientBuffers(2). Not signalling any more buffers to client
06-20 11:15:24.248 10241 17000 I CCodecBufferChannel: pipelineRoom(1) is <= numClientBuffers(1). Not signalling any more buffers to client
06-20 11:15:24.250 10241 12244 I CCodecBufferChannel: pipelineRoom(2) is <= numClientBuffers(2). Not signalling any more buffers to client
06-20 11:15:24.251 10241 17000 I CCodecBufferChannel: pipelineRoom(2) is <= numClientBuffers(2). Not signalling any more buffers to client
06-20 11:15:24.370 10241 12244 I CCodecBufferChannel: pipelineRoom(1) is <= numClientBuffers(2). Not signalling any more buffers to client
06-20 11:15:24.371 10241 17000 I CCodecBufferChannel: pipelineRoom(1) is <= numClientBuffers(1). Not signalling any more buffers to client
06-20 11:15:24.372 10241 12244 I CCodecBufferChannel: pipelineRoom(2) is <= numClientBuffers(2). Not signalling any more buffers to client
06-20 11:15:24.372 10241 17000 I CCodecBufferChannel: pipelineRoom(2) is <= numClientBuffers(2). Not signalling any more buffers to client
06-20 11:15:24.389  2018  3127 D libsensor-displayalgo: the value of  brightness:438.000000,R:75130885.425204,G:75130828.191609,B:75151203.782317,EVENT_C:7143.500000,EVENT_R:2789.000000,EVENT_G:3596.500000,EVENT_B:1455.500000
06-20 11:15:24.389  2018  3127 I libsensor-displayalgo: the value of  Coef1:1107.681000,Coef4:2.383000, scale1:0.935522, scale4:0.923264
06-20 11:15:24.389  2018  3127 E libsensor-displayalgo: RGB_test_0407_400_oldzy!
06-20 11:15:24.390  2018  3127 I libsensor-displayalgo: the value of  RESULT3057.798439,1207.945203,1483.663145,554.102721
06-20 11:15:24.390  2018  3127 I libsensor-displayalgo: the value of  getChannelDataCalibrated3205.934733,1118.790087,1724.467874,604.765833
06-20 11:15:24.390  2018  3127 I libsensor-displayalgo: the value of  REAL LUX230.990173
06-20 11:15:24.390  2018  3127 I libsensor-displayalgo: the value of  CAL REAL LUX230.990173
06-20 11:15:24.473 10027 10027 I HandWritingStubImpl: isKeyboardTypeChanged: false
06-20 11:15:24.474 10027 10027 I HandWritingStubImpl: isKeyboardTypeChanged: false
06-20 11:15:24.486  1265  2358 I vendor.qti.hardware.display.composer-service: FrameNotifyProcess Sensor: notify citsensorservice to trigger cwb
06-20 11:15:24.486  2018  2111 I libcitsensorservice@2.0-impl: msg_transfer
06-20 11:15:24.486  2018  3098 D vendor.xiaomi.sensor.citsensorservice@2.0-service: handle id:9 wxh:1280x2400 uwxuh:1080x2400 size: 9216000 fd:15 fd_meta:16 flags:0x4000228 usage:0x33  format:0x3 layer_count: 1
06-20 11:15:24.486  1265  1889 I SDM     : HWCSession::SetCWBOutputBuffer: CWB config passed by cwb_client : tappoint 1  CWB_ROI : (829.000000 4.000000 915.000000 90.000000)
06-20 11:15:24.487  1265 17197 I SDM     : HWCSession::ProcessRequests: Successfully configured CWB buffer.
06-20 11:15:24.493 10241 12244 I CCodecBufferChannel: pipelineRoom(2) is <= numClientBuffers(3). Not signalling any more buffers to client
06-20 11:15:24.494  1265 17197 I SDM     : HWCSession::ProcessRequests: Pushing release fence in fenece wait queue.
06-20 11:15:24.494  1265 17197 I SDM     : HWCSession::ProcessRequests: Creating AsyncFenceWaits async thread.
06-20 11:15:24.494  1265 17197 I SDM     : HWCSession::ProcessRequests: Remove current CWB request from the pending request queue.
06-20 11:15:24.494  1265 17197 I SDM     : HWCSession::ProcessRequests: No pending cwb requests found in the queue.
06-20 11:15:24.494 10241 17000 I CCodecBufferChannel: pipelineRoom(2) is <= numClientBuffers(2). Not signalling any more buffers to client
06-20 11:15:24.495 10241 12244 I CCodecBufferChannel: pipelineRoom(2) is <= numClientBuffers(2). Not signalling any more buffers to client
06-20 11:15:24.496 10241 17000 I CCodecBufferChannel: pipelineRoom(3) is <= numClientBuffers(3). Not signalling any more buffers to client
06-20 11:15:24.501  1265  1584 I SDM     : HWDeviceDRM::SetupConcurrentWriteback: Tear down the Concurrent Writeback topology
06-20 11:15:24.508  1265 17198 I SDM     : HWCSession::NotifyCWBStatus: Notify the client about buffer status 0.
06-20 11:15:24.508  1265 17198 I SDM     : HWCSession::PerformFenceWaits: Remove current release fence from the pending fence wait queue.
06-20 11:15:24.508  1265 17198 I SDM     : HWCSession::PerformFenceWaits: CWB fence queue is empty. No pending release fence to wait on.
06-20 11:15:24.575 10241 12244 I CCodecBufferChannel: pipelineRoom(1) is <= numClientBuffers(1). Not signalling any more buffers to client
06-20 11:15:24.689  2018  3127 D libsensor-displayalgo: the value of  brightness:438.000000,R:75130885.425204,G:75130828.191609,B:75151203.782317,EVENT_C:7139.000000,EVENT_R:2788.500000,EVENT_G:3595.500000,EVENT_B:1455.500000
06-20 11:15:24.689  2018  3127 I libsensor-displayalgo: the value of  Coef1:1107.681000,Coef4:2.383000, scale1:0.935522, scale4:0.923264
06-20 11:15:24.689  2018  3127 E libsensor-displayalgo: RGB_test_0407_400_oldzy!
06-20 11:15:24.689 10241 12244 I CCodecBufferChannel: pipelineRoom(1) is <= numClientBuffers(1). Not signalling any more buffers to client
06-20 11:15:24.690  2018  3127 I libsensor-displayalgo: the value of  RESULT3057.798439,1207.945203,1483.663145,554.102721
06-20 11:15:24.690  2018  3127 I libsensor-displayalgo: the value of  getChannelDataCalibrated3205.934733,1118.790087,1724.467874,604.765833
06-20 11:15:24.690  2018  3127 I libsensor-displayalgo: the value of  REAL LUX230.645935
06-20 11:15:24.690  2018  3127 I libsensor-displayalgo: the value of  CAL REAL LUX230.645935
06-20 11:15:24.701 31630 31630 I HandWritingStubImpl: isKeyboardTypeChanged: false
06-20 11:15:24.721  1175  4320 I vendor.qti.bluetooth@1.0-ibs_handler: ProcessIbsCmd: Received IBS_WAKE_IND: 0xFD
06-20 11:15:24.722  1175  4320 D vendor.qti.bluetooth@1.0-ibs_handler: SerialClockVote: vote for UART CLK ON
06-20 11:15:24.722  1175  4320 D vendor.qti.bluetooth@1.0-wake_lock: Acquire wakelock is acquired
06-20 11:15:24.722  1175  4320 I vendor.qti.bluetooth@1.0-ibs_handler: ProcessIbsCmd: Writing IBS_WAKE_ACK
06-20 11:15:24.729 10074  4831 E MiuiFastConnectService: check adv data not fast connect
06-20 11:15:24.763  1175  4320 I vendor.qti.bluetooth@1.0-ibs_handler: ProcessIbsCmd: Received IBS_SLEEP_IND: 0xFE
06-20 11:15:24.763  1175  4320 D vendor.qti.bluetooth@1.0-ibs_handler: SerialClockVote: vote for UART CLK OFF
06-20 11:15:24.790 10241 12238 D CCodecBufferChannel: [c2.android.aac.decoder#915] DEBUG: elapsed: n=6 [in=0 pipeline=0 out=2]
06-20 11:15:24.791 10241 12238 D PipelineWatcher: DEBUG: elapsed 2 / 6
06-20 11:15:24.803  4233  4233 D MiPlayDetailViewModel: onPositionChange(): position = 29993
06-20 11:15:24.803  5809 17004 I SafeBinderCall: onPositionChange binder cost:1
06-20 11:15:24.907 10241 10455 D AudioTrack: [audioTrackData][fine] 30s(f:30003 m:0 s:11 k:0) : pid 10241 uid 10498 sessionId 2601 sr 44100 ch 2 fmt 1
06-20 11:15:24.913  1175  4241 D vendor.qti.bluetooth@1.0-wake_lock: Release wakelock is released
06-20 11:15:24.932 10241 17000 I CCodecBufferChannel: pipelineRoom(1) is <= numClientBuffers(1). Not signalling any more buffers to client
06-20 11:15:24.933 10241 12244 I CCodecBufferChannel: pipelineRoom(1) is <= numClientBuffers(1). Not signalling any more buffers to client
06-20 11:15:24.973 10027 10027 I HandWritingStubImpl: isKeyboardTypeChanged: false
06-20 11:15:24.974 10027 10027 I HandWritingStubImpl: isKeyboardTypeChanged: false
06-20 11:15:24.987  1265  2358 I vendor.qti.hardware.display.composer-service: FrameNotifyProcess Sensor: notify citsensorservice to trigger cwb
06-20 11:15:24.989  2018  2108 I libcitsensorservice@2.0-impl: msg_transfer
06-20 11:15:24.989  2018  3098 D vendor.xiaomi.sensor.citsensorservice@2.0-service: handle id:9 wxh:1280x2400 uwxuh:1080x2400 size: 9216000 fd:15 fd_meta:16 flags:0x4000228 usage:0x33  format:0x3 layer_count: 1
06-20 11:15:24.989  1265  1889 I SDM     : HWCSession::SetCWBOutputBuffer: CWB config passed by cwb_client : tappoint 1  CWB_ROI : (829.000000 4.000000 915.000000 90.000000)
06-20 11:15:24.990  2018  3127 D libsensor-displayalgo: the value of  brightness:438.000000,R:75130885.425204,G:75130828.191609,B:75151203.782317,EVENT_C:7139.000000,EVENT_R:2788.500000,EVENT_G:3595.500000,EVENT_B:1455.500000
06-20 11:15:24.990  2018  3127 I libsensor-displayalgo: the value of  Coef1:1107.681000,Coef4:2.383000, scale1:0.935522, scale4:0.923264
06-20 11:15:24.990  2018  3127 E libsensor-displayalgo: RGB_test_0407_400_oldzy!
06-20 11:15:24.990  2018  3127 I libsensor-displayalgo: the value of  RESULT3057.798439,1207.945203,1483.663145,554.102721
06-20 11:15:24.990  2018  3127 I libsensor-displayalgo: the value of  getChannelDataCalibrated3205.934733,1118.790087,1724.467874,604.765833
06-20 11:15:24.990  2018  3127 I libsensor-displayalgo: the value of  REAL LUX230.645935
06-20 11:15:24.990  2018  3127 I libsensor-displayalgo: the value of  CAL REAL LUX230.645935
06-20 11:15:24.990  1265 17201 I SDM     : HWCSession::ProcessRequests: Successfully configured CWB buffer.
06-20 11:15:24.996  1265 17201 I SDM     : HWCSession::ProcessRequests: Pushing release fence in fenece wait queue.
06-20 11:15:24.996  1265 17201 I SDM     : HWCSession::ProcessRequests: Creating AsyncFenceWaits async thread.
06-20 11:15:24.997  1265 17201 I SDM     : HWCSession::ProcessRequests: Remove current CWB request from the pending request queue.
06-20 11:15:24.997  1265 17201 I SDM     : HWCSession::ProcessRequests: No pending cwb requests found in the queue.
06-20 11:15:25.003  1265  1584 I SDM     : HWDeviceDRM::SetupConcurrentWriteback: Tear down the Concurrent Writeback topology
06-20 11:15:25.009  1265 17202 I SDM     : HWCSession::NotifyCWBStatus: Notify the client about buffer status 0.
06-20 11:15:25.010  1265 17202 I SDM     : HWCSession::PerformFenceWaits: Remove current release fence from the pending fence wait queue.
06-20 11:15:25.010  1265 17202 I SDM     : HWCSession::PerformFenceWaits: CWB fence queue is empty. No pending release fence to wait on.
06-20 11:15:25.228 31630 31630 I HandWritingStubImpl: isKeyboardTypeChanged: false
06-20 11:15:25.244 10241 12244 I CCodecBufferChannel: pipelineRoom(1) is <= numClientBuffers(1). Not signalling any more buffers to client
06-20 11:15:25.246 10241 12244 I CCodecBufferChannel: pipelineRoom(1) is <= numClientBuffers(1). Not signalling any more buffers to client
06-20 11:15:25.289  2018  3127 D libsensor-displayalgo: the value of  brightness:438.000000,R:75134332.949482,G:75134278.057904,B:75154644.087053,EVENT_C:7143.000000,EVENT_R:2789.500000,EVENT_G:3594.000000,EVENT_B:1456.000000
06-20 11:15:25.289  2018  3127 I libsensor-displayalgo: the value of  Coef1:1107.681000,Coef4:2.383000, scale1:0.935522, scale4:0.923264
06-20 11:15:25.289  2018  3127 E libsensor-displayalgo: RGB_test_0407_400_oldzy!
06-20 11:15:25.290  2018  3127 I libsensor-displayalgo: the value of  RESULT3057.892665,1207.982508,1483.705738,554.120520
06-20 11:15:25.290  2018  3127 I libsensor-displayalgo: the value of  getChannelDataCalibrated3206.033525,1118.824639,1724.517380,604.785259
06-20 11:15:25.290  2018  3127 I libsensor-displayalgo: the value of  REAL LUX230.775330
06-20 11:15:25.290  2018  3127 I libsensor-displayalgo: the value of  CAL REAL LUX230.775330
06-20 11:15:25.368 10241 12244 I CCodecBufferChannel: pipelineRoom(2) is <= numClientBuffers(3). Not signalling any more buffers to client
06-20 11:15:25.369 10241 17000 I CCodecBufferChannel: pipelineRoom(2) is <= numClientBuffers(2). Not signalling any more buffers to client
06-20 11:15:25.370 10241 12244 I CCodecBufferChannel: pipelineRoom(3) is <= numClientBuffers(3). Not signalling any more buffers to client
06-20 11:15:25.371 10241 17000 I CCodecBufferChannel: pipelineRoom(3) is <= numClientBuffers(3). Not signalling any more buffers to client
06-20 11:15:25.467 10027 10027 I HandWritingStubImpl: isKeyboardTypeChanged: false
06-20 11:15:25.468 10027 10027 I HandWritingStubImpl: isKeyboardTypeChanged: false
06-20 11:15:25.481  1265  2358 I vendor.qti.hardware.display.composer-service: FrameNotifyProcess Sensor: notify citsensorservice to trigger cwb
06-20 11:15:25.483  2018  7182 I libcitsensorservice@2.0-impl: msg_transfer
06-20 11:15:25.483  2018  3098 D vendor.xiaomi.sensor.citsensorservice@2.0-service: handle id:9 wxh:1280x2400 uwxuh:1080x2400 size: 9216000 fd:15 fd_meta:16 flags:0x4000228 usage:0x33  format:0x3 layer_count: 1
06-20 11:15:25.484  1265  1889 I SDM     : HWCSession::SetCWBOutputBuffer: CWB config passed by cwb_client : tappoint 1  CWB_ROI : (829.000000 4.000000 915.000000 90.000000)
06-20 11:15:25.485  1265 17204 I SDM     : HWCSession::ProcessRequests: Successfully configured CWB buffer.
06-20 11:15:25.490  1265 17204 I SDM     : HWCSession::ProcessRequests: Pushing release fence in fenece wait queue.
06-20 11:15:25.490  1265 17204 I SDM     : HWCSession::ProcessRequests: Creating AsyncFenceWaits async thread.
06-20 11:15:25.491  1265 17204 I SDM     : HWCSession::ProcessRequests: Remove current CWB request from the pending request queue.
06-20 11:15:25.491  1265 17204 I SDM     : HWCSession::ProcessRequests: No pending cwb requests found in the queue.
06-20 11:15:25.493 10241 12244 I CCodecBufferChannel: pipelineRoom(2) is <= numClientBuffers(3). Not signalling any more buffers to client
06-20 11:15:25.493 10241 17000 I CCodecBufferChannel: pipelineRoom(2) is <= numClientBuffers(2). Not signalling any more buffers to client
06-20 11:15:25.495 10241 12244 I CCodecBufferChannel: pipelineRoom(2) is <= numClientBuffers(3). Not signalling any more buffers to client
06-20 11:15:25.495 10241 17000 I CCodecBufferChannel: pipelineRoom(2) is <= numClientBuffers(2). Not signalling any more buffers to client
06-20 11:15:25.496  1265  1584 I SDM     : HWDeviceDRM::SetupConcurrentWriteback: Tear down the Concurrent Writeback topology
06-20 11:15:25.503  1265 17205 I SDM     : HWCSession::NotifyCWBStatus: Notify the client about buffer status 0.
06-20 11:15:25.503  1265 17205 I SDM     : HWCSession::PerformFenceWaits: Remove current release fence from the pending fence wait queue.
06-20 11:15:25.503  1265 17205 I SDM     : HWCSession::PerformFenceWaits: CWB fence queue is empty. No pending release fence to wait on.
06-20 11:15:25.573 10241 12244 I CCodecBufferChannel: pipelineRoom(1) is <= numClientBuffers(2). Not signalling any more buffers to client
06-20 11:15:25.574 10241 17000 I CCodecBufferChannel: pipelineRoom(1) is <= numClientBuffers(1). Not signalling any more buffers to client
06-20 11:15:25.590  2018  3127 D libsensor-displayalgo: the value of  brightness:438.000000,R:75134332.949482,G:75134278.057904,B:75154644.087053,EVENT_C:7138.500000,EVENT_R:2791.000000,EVENT_G:3597.000000,EVENT_B:1455.000000
06-20 11:15:25.590  2018  3127 I libsensor-displayalgo: the value of  Coef1:1107.681000,Coef4:2.383000, scale1:0.935522, scale4:0.923264
06-20 11:15:25.590  2018  3127 E libsensor-displayalgo: RGB_test_0407_400_oldzy!
06-20 11:15:25.591  2018  3127 I libsensor-displayalgo: the value of  RESULT3057.892665,1207.982508,1483.705738,554.120520
06-20 11:15:25.591  2018  3127 I libsensor-displayalgo: the value of  getChannelDataCalibrated3206.033525,1118.824639,1724.517380,604.785259
06-20 11:15:25.591  2018  3127 I libsensor-displayalgo: the value of  REAL LUX230.618942
06-20 11:15:25.591  2018  3127 I libsensor-displayalgo: the value of  CAL REAL LUX230.618942
06-20 11:15:25.688 10241 12244 I CCodecBufferChannel: pipelineRoom(1) is <= numClientBuffers(2). Not signalling any more buffers to client
06-20 11:15:25.688 10241 17000 I CCodecBufferChannel: pipelineRoom(1) is <= numClientBuffers(1). Not signalling any more buffers to client
06-20 11:15:25.729 31630 31630 I HandWritingStubImpl: isKeyboardTypeChanged: false
06-20 11:15:25.803  4233  4233 D MiPlayDetailViewModel: onPositionChange(): position = 30993
06-20 11:15:25.803  5809 17004 I SafeBinderCall: onPositionChange binder cost:0
06-20 11:15:25.817 10241 12244 I CCodecBufferChannel: pipelineRoom(2) is <= numClientBuffers(3). Not signalling any more buffers to client
06-20 11:15:25.818 10241 17000 I CCodecBufferChannel: pipelineRoom(2) is <= numClientBuffers(2). Not signalling any more buffers to client
06-20 11:15:25.890  2018  3127 D libsensor-displayalgo: the value of  brightness:438.000000,R:75134332.949482,G:75134278.057904,B:75154644.087053,EVENT_C:7138.500000,EVENT_R:2791.000000,EVENT_G:3597.000000,EVENT_B:1455.000000
06-20 11:15:25.890  2018  3127 I libsensor-displayalgo: the value of  Coef1:1107.681000,Coef4:2.383000, scale1:0.935522, scale4:0.923264
06-20 11:15:25.890  2018  3127 E libsensor-displayalgo: RGB_test_0407_400_oldzy!
06-20 11:15:25.891  2018  3127 I libsensor-displayalgo: the value of  RESULT3057.892665,1207.982508,1483.705738,554.120520
06-20 11:15:25.891  2018  3127 I libsensor-displayalgo: the value of  getChannelDataCalibrated3206.033525,1118.824639,1724.517380,604.785259
06-20 11:15:25.891  2018  3127 I libsensor-displayalgo: the value of  REAL LUX230.618942
06-20 11:15:25.891  2018  3127 I libsensor-displayalgo: the value of  CAL REAL LUX230.618942
06-20 11:15:25.926 10241 12244 I CCodecBufferChannel: pipelineRoom(2) is <= numClientBuffers(3). Not signalling any more buffers to client
06-20 11:15:25.927 10241 17000 I CCodecBufferChannel: pipelineRoom(2) is <= numClientBuffers(2). Not signalling any more buffers to client
06-20 11:15:25.968 10027 10027 I HandWritingStubImpl: isKeyboardTypeChanged: false
06-20 11:15:25.969 10027 10027 I HandWritingStubImpl: isKeyboardTypeChanged: false
06-20 11:15:25.982  1265  2358 I vendor.qti.hardware.display.composer-service: FrameNotifyProcess Sensor: notify citsensorservice to trigger cwb
06-20 11:15:25.982  2018  7182 I libcitsensorservice@2.0-impl: msg_transfer
06-20 11:15:25.983  2018  3098 D vendor.xiaomi.sensor.citsensorservice@2.0-service: handle id:9 wxh:1280x2400 uwxuh:1080x2400 size: 9216000 fd:15 fd_meta:16 flags:0x4000228 usage:0x33  format:0x3 layer_count: 1
06-20 11:15:25.983  1265  1889 I SDM     : HWCSession::SetCWBOutputBuffer: CWB config passed by cwb_client : tappoint 1  CWB_ROI : (829.000000 4.000000 915.000000 90.000000)
06-20 11:15:25.985  1265 17207 I SDM     : HWCSession::ProcessRequests: Successfully configured CWB buffer.
06-20 11:15:25.991  1265 17207 I SDM     : HWCSession::ProcessRequests: Pushing release fence in fenece wait queue.
06-20 11:15:25.992  1265 17207 I SDM     : HWCSession::ProcessRequests: Creating AsyncFenceWaits async thread.
06-20 11:15:25.992  1265 17207 I SDM     : HWCSession::ProcessRequests: Remove current CWB request from the pending request queue.
06-20 11:15:25.992  1265 17207 I SDM     : HWCSession::ProcessRequests: No pending cwb requests found in the queue.
06-20 11:15:25.998  1265  1584 I SDM     : HWDeviceDRM::SetupConcurrentWriteback: Tear down the Concurrent Writeback topology
06-20 11:15:26.005  1265 17208 I SDM     : HWCSession::NotifyCWBStatus: Notify the client about buffer status 0.
06-20 11:15:26.005  1265 17208 I SDM     : HWCSession::PerformFenceWaits: Remove current release fence from the pending fence wait queue.
06-20 11:15:26.005  1265 17208 I SDM     : HWCSession::PerformFenceWaits: CWB fence queue is empty. No pending release fence to wait on.
06-20 11:15:26.011 10241 12244 I CCodecBufferChannel: pipelineRoom(1) is <= numClientBuffers(2). Not signalling any more buffers to client
06-20 11:15:26.011 10241 17000 I CCodecBufferChannel: pipelineRoom(1) is <= numClientBuffers(1). Not signalling any more buffers to client
06-20 11:15:26.125 10241 17000 I CCodecBufferChannel: pipelineRoom(2) is <= numClientBuffers(2). Not signalling any more buffers to client
06-20 11:15:26.126 10241 12244 I CCodecBufferChannel: pipelineRoom(2) is <= numClientBuffers(2). Not signalling any more buffers to client
06-20 11:15:26.189  2018  3127 D libsensor-displayalgo: the value of  brightness:438.000000,R:75134332.949482,G:75134278.057904,B:75154644.087053,EVENT_C:7139.000000,EVENT_R:2788.500000,EVENT_G:3597.500000,EVENT_B:1455.500000
06-20 11:15:26.189  2018  3127 I libsensor-displayalgo: the value of  Coef1:1107.681000,Coef4:2.383000, scale1:0.935522, scale4:0.923264
06-20 11:15:26.189  2018  3127 E libsensor-displayalgo: RGB_test_0407_400_oldzy!
06-20 11:15:26.190  2018  3127 I libsensor-displayalgo: the value of  RESULT3057.892665,1207.982508,1483.705738,554.120520
06-20 11:15:26.190  2018  3127 I libsensor-displayalgo: the value of  getChannelDataCalibrated3206.033525,1118.824639,1724.517380,604.785259
06-20 11:15:26.190  2018  3127 I libsensor-displayalgo: the value of  REAL LUX230.730606
06-20 11:15:26.190  2018  3127 I libsensor-displayalgo: the value of  CAL REAL LUX230.730606
06-20 11:15:26.252 10241 12244 I CCodecBufferChannel: pipelineRoom(1) is <= numClientBuffers(2). Not signalling any more buffers to client
06-20 11:15:26.252 10241 17000 I CCodecBufferChannel: pipelineRoom(1) is <= numClientBuffers(1). Not signalling any more buffers to client
06-20 11:15:26.263 31630 31630 I HandWritingStubImpl: isKeyboardTypeChanged: false
06-20 11:15:26.363 10241 12244 I CCodecBufferChannel: pipelineRoom(2) is <= numClientBuffers(3). Not signalling any more buffers to client
06-20 11:15:26.363 10241 17000 I CCodecBufferChannel: pipelineRoom(2) is <= numClientBuffers(2). Not signalling any more buffers to client
06-20 11:15:26.365 10241 12244 I CCodecBufferChannel: pipelineRoom(3) is <= numClientBuffers(3). Not signalling any more buffers to client
06-20 11:15:26.366 10241 17000 I CCodecBufferChannel: pipelineRoom(3) is <= numClientBuffers(3). Not signalling any more buffers to client
