06-20 16:52:51.083  2018  3127 D libsensor-displayalgo: the value of  brightness:438.000000,R:75134332.949482,G:75134278.057904,B:75154644.087053,EVENT_C:7024.500000,EVENT_R:2734.000000,EVENT_G:3543.000000,EVENT_B:1417.000000
06-20 16:52:51.084  2018  3127 I libsensor-displayalgo: the value of  Coef1:1107.681000,Coef4:2.383000, scale1:0.935522, scale4:0.923264
06-20 16:52:51.084  2018  3127 E libsensor-displayalgo: RGB_test_0407_400_oldzy!
06-20 16:52:51.085  2018  3127 I libsensor-displayalgo: the value of  RESULT3057.892665,1207.982508,1483.705738,554.120520
06-20 16:52:51.085  2018  3127 I libsensor-displayalgo: the value of  getChannelDataCalibrated3206.033525,1118.824639,1724.517380,604.785259
06-20 16:52:51.085  2018  3127 I libsensor-displayalgo: the value of  REAL LUX225.352386
06-20 16:52:51.085  2018  3127 I libsensor-displayalgo: the value of  CAL REAL LUX225.352386
06-20 16:52:51.140 31630 31630 I HandWritingStubImpl: isKeyboardTypeChanged: false
06-20 16:52:51.221  5405  9716 D SLM-SRV-SLAService: checktemp temperature = 34113 temperature_average = 34226 isPerformanceMode = false thermal_enable_slm = true
06-20 16:52:51.231  2431  2945 I BatteryService: current mPlugType2current mHealthInfo.batteryLevel100current mHealthInfo.batteryTemperature341
06-20 16:52:51.236  5858  7526 D ThermalIECHandler: storeDataStyle: thermal_iec_monitor_persistence_data_style_iec_state; startIECTime: -1; IECScreenOffOverPeriodTime: 518734563
06-20 16:52:51.238  4145  4145 D QtiCarrierConfigHelper: WARNING, no carrier configs on phone Id: 1
06-20 16:52:51.238  4190  4190 D DynamicService:  ACTION_BATTERY_CHANGED change,USB plug = 2
06-20 16:52:51.241  5735  5735 I BatteryInfoReceiver: ACTION_BATTERY_CHANGED
06-20 16:52:51.242  5858  6736 D PowerKeeper.FrozenApp: onBatteryChanged plug=true mBatteryPlugged=2
06-20 16:52:51.242  5858  7218 D PowerCheckerService: onBatteryChanged, mBatteryLevel = 100, status = 5, level = 100, plug = 2, scale = 100
06-20 16:52:51.243  5735  5735 I PowerNoticeUI: handleBatteryChanged oldPlugType 2 mPlugType 2 oldBatteryLevel 100 mBatteryLevel 100 temperature 341
06-20 16:52:51.247  5858  7667 D PowerKeeper.Thermal: mBatteryTemperature: 34
06-20 16:52:51.256  4176  4176 V DeviceStatisticsService: chargerType=2 batteryLevel=100 totalBatteryCapacity=4183000
06-20 16:52:51.258  5735 11103 I android_os_HwBinder: HwBinder: Starting thread pool for getting: vendor.xiaomi.hardware.micharge@1.0::IMiCharge/default
06-20 16:52:51.258  2431  2647 I android_os_HwBinder: HwBinder: Starting thread pool for getting: vendor.xiaomi.hardware.micharge@1.0::IMiCharge/default
06-20 16:52:51.258  1322  1351 E vendor.xiaomi.hardware.micharge@1.0-service: Failed to open node /sys/class/qcom-battery/reverse_chg_mode
06-20 16:52:51.258  1322 19976 I vendor.xiaomi.hardware.micharge@1.0-service: ReadFilePathValue path = /sys/class/qcom-battery/night_charging value = 0
06-20 16:52:51.259  1322  1351 I vendor.xiaomi.hardware.micharge@1.0-service: ReadFilePathValue path = /sys/class/qcom-battery/reverse_chg_mode value =
06-20 16:52:51.259  5735 11103 I ChargeProtectionUtils: getNightChargingState: 0
06-20 16:52:51.261  2431  2647 I android_os_HwBinder: HwBinder: Starting thread pool for getting: vendor.xiaomi.hardware.micharge@1.0::IMiCharge/default
06-20 16:52:51.261  1322  1351 I vendor.xiaomi.hardware.micharge@1.0-service: ReadFilePathValue path = /sys/class/qcom-battery/fastchg_mode value = 0
06-20 16:52:51.383  2018  3127 D libsensor-displayalgo: the value of  brightness:438.000000,R:75134332.949482,G:75134278.057904,B:75154644.087053,EVENT_C:7021.500000,EVENT_R:2731.500000,EVENT_G:3542.500000,EVENT_B:1416.500000
06-20 16:52:51.383  2018  3127 I libsensor-displayalgo: the value of  Coef1:1107.681000,Coef4:2.383000, scale1:0.935522, scale4:0.923264
06-20 16:52:51.383  2018  3127 E libsensor-displayalgo: RGB_test_0407_400_oldzy!
06-20 16:52:51.384  2018  3127 I libsensor-displayalgo: the value of  RESULT3057.892665,1207.982508,1483.705738,554.120520
06-20 16:52:51.384  2018  3127 I libsensor-displayalgo: the value of  getChannelDataCalibrated3206.033525,1118.824639,1724.517380,604.785259
06-20 16:52:51.384  2018  3127 I libsensor-displayalgo: the value of  REAL LUX225.252747
06-20 16:52:51.384  2018  3127 I libsensor-displayalgo: the value of  CAL REAL LUX225.252747
06-20 16:52:51.656 31630 31630 I HandWritingStubImpl: isKeyboardTypeChanged: false
06-20 16:52:51.683  2018  3127 D libsensor-displayalgo: the value of  brightness:438.000000,R:75134332.949482,G:75134278.057904,B:75154644.087053,EVENT_C:7025.000000,EVENT_R:2735.500000,EVENT_G:3548.000000,EVENT_B:1417.000000
06-20 16:52:51.683  2018  3127 I libsensor-displayalgo: the value of  Coef1:1107.681000,Coef4:2.383000, scale1:0.935522, scale4:0.923264
06-20 16:52:51.683  2018  3127 E libsensor-displayalgo: RGB_test_0407_400_oldzy!
06-20 16:52:51.684  2018  3127 I libsensor-displayalgo: the value of  RESULT3057.892665,1207.982508,1483.705738,554.120520
06-20 16:52:51.684  2018  3127 I libsensor-displayalgo: the value of  getChannelDataCalibrated3206.033525,1118.824639,1724.517380,604.785259
06-20 16:52:51.684  2018  3127 I libsensor-displayalgo: the value of  REAL LUX225.558609
06-20 16:52:51.684  2018  3127 I libsensor-displayalgo: the value of  CAL REAL LUX225.558609
06-20 16:52:51.984  2018  3127 D libsensor-displayalgo: the value of  brightness:438.000000,R:75134332.949482,G:75134278.057904,B:75154644.087053,EVENT_C:7023.000000,EVENT_R:2734.500000,EVENT_G:3545.000000,EVENT_B:1417.500000
06-20 16:52:51.984  2018  3127 I libsensor-displayalgo: the value of  Coef1:1107.681000,Coef4:2.383000, scale1:0.935522, scale4:0.923264
06-20 16:52:51.984  2018  3127 E libsensor-displayalgo: RGB_test_0407_400_oldzy!
06-20 16:52:51.984  2018  3127 I libsensor-displayalgo: the value of  RESULT3057.892665,1207.982508,1483.705738,554.120520
06-20 16:52:51.985  2018  3127 I libsensor-displayalgo: the value of  getChannelDataCalibrated3206.033525,1118.824639,1724.517380,604.785259
06-20 16:52:51.985  2018  3127 I libsensor-displayalgo: the value of  REAL LUX225.278046
06-20 16:52:51.985  2018  3127 I libsensor-displayalgo: the value of  CAL REAL LUX225.278046
06-20 16:52:52.189 31630 31630 I HandWritingStubImpl: isKeyboardTypeChanged: false
06-20 16:52:52.283  2018  3127 D libsensor-displayalgo: the value of  brightness:438.000000,R:75134332.949482,G:75134278.057904,B:75154644.087053,EVENT_C:7020.500000,EVENT_R:2733.500000,EVENT_G:3546.500000,EVENT_B:1418.500000
06-20 16:52:52.283  2018  3127 I libsensor-displayalgo: the value of  Coef1:1107.681000,Coef4:2.383000, scale1:0.935522, scale4:0.923264
06-20 16:52:52.283  2018  3127 E libsensor-displayalgo: RGB_test_0407_400_oldzy!
06-20 16:52:52.284  2018  3127 I libsensor-displayalgo: the value of  RESULT3057.892665,1207.982508,1483.705738,554.120520
06-20 16:52:52.284  2018  3127 I libsensor-displayalgo: the value of  getChannelDataCalibrated3206.033525,1118.824639,1724.517380,604.785259
06-20 16:52:52.284  2018  3127 I libsensor-displayalgo: the value of  REAL LUX225.126328
06-20 16:52:52.284  2018  3127 I libsensor-displayalgo: the value of  CAL REAL LUX225.126328
06-20 16:52:52.301  1930  1967 I mstatdaemon: Entering time loop
06-20 16:52:52.301  1930  1967 I mstatdaemon: t = 1687251172
06-20 16:52:52.301  1930  1967 I mstatdaemon: translated_t = 1371261172
06-20 16:52:52.302  1930  1967 I mstat_log: mstatcommitLog log_alloc() failed
06-20 16:52:52.390  1175  4320 I vendor.qti.bluetooth@1.0-ibs_handler: ProcessIbsCmd: Received IBS_WAKE_IND: 0xFD
06-20 16:52:52.390  1175  4320 D vendor.qti.bluetooth@1.0-ibs_handler: SerialClockVote: vote for UART CLK ON
06-20 16:52:52.390  1175  4320 D vendor.qti.bluetooth@1.0-wake_lock: Acquire wakelock is acquired
06-20 16:52:52.390  1175  4320 I vendor.qti.bluetooth@1.0-ibs_handler: ProcessIbsCmd: Writing IBS_WAKE_ACK
06-20 16:52:52.399 10074  4831 E MiuiFastConnectService: check adv data not fast connect
06-20 16:52:52.431  1175  4320 I vendor.qti.bluetooth@1.0-ibs_handler: ProcessIbsCmd: Received IBS_SLEEP_IND: 0xFE
06-20 16:52:52.431  1175  4320 D vendor.qti.bluetooth@1.0-ibs_handler: SerialClockVote: vote for UART CLK OFF
06-20 16:52:52.581  1175  4241 D vendor.qti.bluetooth@1.0-wake_lock: Release wakelock is released
06-20 16:52:52.584  2018  3127 D libsensor-displayalgo: the value of  brightness:438.000000,R:75134332.949482,G:75134278.057904,B:75154644.087053,EVENT_C:7024.000000,EVENT_R:2734.500000,EVENT_G:3545.500000,EVENT_B:1419.000000
06-20 16:52:52.584  2018  3127 I libsensor-displayalgo: the value of  Coef1:1107.681000,Coef4:2.383000, scale1:0.935522, scale4:0.923264
06-20 16:52:52.584  2018  3127 E libsensor-displayalgo: RGB_test_0407_400_oldzy!
06-20 16:52:52.585  2018  3127 I libsensor-displayalgo: the value of  RESULT3057.892665,1207.982508,1483.705738,554.120520
06-20 16:52:52.585  2018  3127 I libsensor-displayalgo: the value of  getChannelDataCalibrated3206.033525,1118.824639,1724.517380,604.785259
06-20 16:52:52.585  2018  3127 I libsensor-displayalgo: the value of  REAL LUX225.249527
06-20 16:52:52.585  2018  3127 I libsensor-displayalgo: the value of  CAL REAL LUX225.249527
06-20 16:52:52.689 31630 31630 I HandWritingStubImpl: isKeyboardTypeChanged: false
06-20 16:52:52.699 10074  4831 D MiuiFastConnectService: stopBleScan: scanning: true
06-20 16:52:52.699 10074  4831 D BluetoothAdapter: isLeEnabled(): ON
06-20 16:52:52.702  4046  4794 D BtGatt.GattService: stopScan() - queue size =1
06-20 16:52:52.707  4046  4234 I BtGatt.ScanManager: msg.what = 1, msg.arg1 = 0(mMiuiControllingType)
06-20 16:52:52.708  4046  4234 D BtGatt.ScanManager: track LE scan event: callerPackage = [com.xiaomi.bluetooth], scanMode = [0], reportDelayMillis = [0], behavior = [2], scannerId = [7], duration = [59902]
06-20 16:52:52.709  4046  4234 D BtGatt.ScanManager: stop scan
06-20 16:52:52.710  1175  1175 D vendor.qti.bluetooth@1.0-ibs_handler: SerialClockVote: vote for UART CLK ON
06-20 16:52:52.711  1175  1175 D vendor.qti.bluetooth@1.0-wake_lock: Acquire wakelock is acquired
06-20 16:52:52.711  1175  1175 I vendor.qti.bluetooth@1.0-ibs_handler: DeviceWakeUp: Writing IBS_WAKE_IND
06-20 16:52:52.711  4046  4794 D BtGatt.GattService: unregisterScanner() - scannerId=7
06-20 16:52:52.721  1175  4320 I vendor.qti.bluetooth@1.0-ibs_handler: ProcessIbsCmd: Received IBS_WAKE_ACK: 0xFC
06-20 16:52:52.721  1175  4320 I vendor.qti.bluetooth@1.0-ibs_handler: ProcessIbsCmd: Signal wack_cond_
06-20 16:52:52.722  1175  1175 D vendor.qti.bluetooth@1.0-ibs_handler: DeviceWakeUp: Unblocked from waiting for FC, pthread_cond_timedwait ret = 0
06-20 16:52:52.723  1175  4320 I vendor.qti.bluetooth@1.0-ibs_handler: ProcessIbsCmd: Received IBS_WAKE_IND: 0xFD
06-20 16:52:52.723 30661 30744 D IdProviderImpl: getOAID from com.miui.analytics
06-20 16:52:52.723  1175  4320 I vendor.qti.bluetooth@1.0-ibs_handler: ProcessIbsCmd: Writing IBS_WAKE_ACK
06-20 16:52:52.732  4046  4146 D BtGatt.GattService: onScanFilterParamsConfigured() - clientIf=7, status=0, action=1, availableSpace=59
06-20 16:52:52.732  4046  4146 D BtGatt.ScanManager: callback done for scannerId - 7 status - 0
06-20 16:52:52.732 30661 30744 D IdProviderImpl: getOAID from com.miui.analytics
06-20 16:52:52.737  4046  4146 D BtGatt.GattService: onScanFilterParamsConfigured() - clientIf=7, status=0, action=1, availableSpace=60
06-20 16:52:52.737  4046  4146 D BtGatt.ScanManager: callback done for scannerId - 7 status - 0
06-20 16:52:52.742  4046  4146 D BtGatt.GattService: onScanFilterParamsConfigured() - clientIf=7, status=0, action=1, availableSpace=61
06-20 16:52:52.742  4046  4146 D BtGatt.ScanManager: callback done for scannerId - 7 status - 0
06-20 16:52:52.745  4046  4146 D BtGatt.GattService: onScanFilterParamsConfigured() - clientIf=7, status=0, action=1, availableSpace=62
06-20 16:52:52.745  4046  4146 D BtGatt.ScanManager: callback done for scannerId - 7 status - 0
06-20 16:52:52.748  4046  4146 D BtGatt.GattService: onScanFilterParamsConfigured() - clientIf=7, status=0, action=1, availableSpace=63
06-20 16:52:52.748  4046  4146 D BtGatt.ScanManager: callback done for scannerId - 7 status - 0
06-20 16:52:52.750  4046  4146 D BtGatt.GattService: onScanFilterParamsConfigured() - clientIf=7, status=0, action=1, availableSpace=64
06-20 16:52:52.750  4046  4146 D BtGatt.ScanManager: callback done for scannerId - 7 status - 0
06-20 16:52:52.751  4046  4234 D BtGatt.ScanManager: configureRegularScanParams() - queue=0
06-20 16:52:52.751  4046  4234 D BtGatt.ScanManager: configureRegularScanParams() - ScanSetting LE 1M Scan mode=-2147483648 ScanSetting LE Coded Scan mode=-2147483648 mLastConfiguredScanSettingLE1M=0 mLastConfiguredScanSettingLECoded=0 scanPhy=1
06-20 16:52:52.751  4046  4234 D BtGatt.ScanManager: configureRegularScanParams() - queue emtpy, scan stopped
06-20 16:52:52.751  4046  4234 D BtGatt.ScanManager: configureRegularScanParams() - queue emtpy, scan stopped
06-20 16:52:52.777 10074  4831 D MiuiFastConnectService: handleMessage: MSG_START_BLE_SCAN mode: 0
06-20 16:52:52.778 10074  4831 D BluetoothAdapter: isLeEnabled(): ON
06-20 16:52:52.779 10074  4831 D BluetoothLeImp: isRoutingAllowedForScanStub
06-20 16:52:52.783  4046  4794 D BtGatt.GattService: registerScanner() - UUID=d23e2780-5347-4c8f-a55e-417ace04a5c2
06-20 16:52:52.785  4046  4146 D BtGatt.GattService: onScannerRegistered() - UUID=d23e2780-5347-4c8f-a55e-417ace04a5c2, scannerId=7, status=0
06-20 16:52:52.786 10074 10087 D BluetoothLeScanner: onScannerRegistered() - status=0 scannerId=7 mScannerId=0
06-20 16:52:52.790  1175  4320 I vendor.qti.bluetooth@1.0-ibs_handler: ProcessIbsCmd: Received IBS_SLEEP_IND: 0xFE
06-20 16:52:52.792  4046  4794 D BtGatt.GattService: start scan with filters. callingPackage: com.xiaomi.bluetooth
06-20 16:52:52.794  4046  4794 D BtGatt.GattService: enforcePrivilegedPermissionIfNeeded([BluetoothLeScanFilter [mDeviceName=null, mDeviceAddress=null, mUuid=null, mUuidMask=null, mServiceSolicitationUuid=null, mServiceSolicitationUuidMask=null, mServiceDataUuid=null, mServiceData=null, mServiceDataMask=null, mManufacturerId=911, mManufacturerData=[], mManufacturerDataMask=null, mOrganizationId=-1, mTDSFlags=-1, mTDSFlagsMask=-1, mWifiNANHash=null], mGroupBasedFiltering=false, BluetoothLeScanFilter [mDeviceName=null, mDeviceAddress=null, mUuid=null, mUuidMask=null, mServiceSolicitationUuid=null, mServiceSolicitationUuidMask=null, mServiceDataUuid=null, mServiceData=null, mServiceDataMask=null, mManufacturerId=65535, mManufacturerData=[77], mManufacturerDataMask=null, mOrganizationId=-1, mTDSFlags=-1, mTDSFlagsMask=-1, mWifiNANHash=null], mGroupBasedFiltering=false, BluetoothLeScanFilter [mDeviceName=null, mDeviceAddress=null, mUuid=null, mUuidMask=null, mServiceSolicitationUuid=null, mServiceSolicitationUuidMask=null, mServiceDataUuid=0000fe95-0000-1000-8000-00805f9b34fb, mServiceData=[], mServiceDataMask=null, mManufacturerId=-1, mManufacturerData=null, mManufacturerDataMask=null, mOrganizationId=-1, mTDSFlags=-1, mTDSFlagsMask=-1, mWifiNANHash=null], mGroupBasedFiltering=false, BluetoothLeScanFilter [mDeviceName=null, mDeviceAddress=null, mUuid=null, mUuidMask=null, mServiceSolicitationUuid=null, mServiceSolicitationUuidMask=null, mServiceDataUuid=0000fdaa-0000-1000-8000-00805f9b34fb, mServiceData=[], mServiceDataMask=null, mManufacturerId=-1, mManufacturerData=null, mManufacturerDataMask=null, mOrganizationId=-1, mTDSFlags=-1, mTDSFlagsMask=-1, mWifiNANHash=null], mGroupBasedFiltering=false, BluetoothLeScanFilter [mDeviceName=null, mDeviceAddress=null, mUuid=null, mUuidMask=null, mServiceSolicitationUuid=null, mServiceSolicitationUuidMask=null, mServiceDataUuid=0000fdee-0000-1000-8000-00805f9b34fb, mServiceData=[1, 1, 1], mServiceDataMask=null, mManufacturerId=-1, mManufacturerData=null, mManufacturerDataMask=null, mOrganizationId=-1, mTDSFlags=-1, mTDSFlagsMask=-1, mWifiNANHash=null], mGroupBasedFiltering=false, BluetoothLeScanFilter [mDeviceName=null, mDeviceAddress=null, mUuid=null, mUuidMask=null, mServiceSolicitationUuid=null, mServiceSolicitationUuidMask=null, mServiceDataUuid=0000fd2d-0000-1000-8000-00805f9b34fb, mServiceData=[], mServiceDataMask=null, mManufacturerId=-1, mManufacturerData=null, mManufacturerDataMask=null, mOrganizationId=-1, mTDSFlags=-1, mTDSFlagsMask=-1, mWifiNANHash=null], mGroupBasedFiltering=false])
06-20 16:52:52.796  4046  4794 W BluetoothUtils: callingUid is Process.BLUETOOTH_UID
06-20 16:52:52.798  4046  4234 I BtGatt.ScanManager: msg.what = 9, msg.arg1 = 0(mMiuiControllingType)
06-20 16:52:52.798  4046  4234 I BtGatt.ScanManager: msg.what = 0, msg.arg1 = 0(mMiuiControllingType)
06-20 16:52:52.800  4046  4234 D BtGatt.ScanManager: handling starting scan
06-20 16:52:52.800  4046  4234 D BtGatt.ScanManager: isAptXLowLatencyModeEnabled: false
06-20 16:52:52.800  4046  4234 D BtGatt.ScanManager: track LE scan event: callerPackage = [com.xiaomi.bluetooth], scanMode = [0], reportDelayMillis = [0], behavior = [1], scannerId = [7], duration = [0]
06-20 16:52:52.805  1175  4320 I vendor.qti.bluetooth@1.0-ibs_handler: ProcessIbsCmd: Received IBS_WAKE_IND: 0xFD
06-20 16:52:52.805  1175  4320 I vendor.qti.bluetooth@1.0-ibs_handler: ProcessIbsCmd: Writing IBS_WAKE_ACK
06-20 16:52:52.808  4046  4146 D BtGatt.GattService: onScanFilterEnableDisabled() - clientIf=7, status=0, action=1
06-20 16:52:52.808  4046  4146 D BtGatt.ScanManager: callback done for scannerId - 7 status - 0
06-20 16:52:52.808  4046  4234 D BtGatt.ScanManager: configureScanFilters rssiThreshold: -60, 15
06-20 16:52:52.809 30661 30744 D IdProviderImpl: getOAID from com.miui.analytics
06-20 16:52:52.810  4046  4234 D BtGatt.ScanManager: Available Filter size: 61
06-20 16:52:52.810  4046  4146 D BtGatt.GattService: onScanFilterConfig() - clientIf=7, action = 0 status = 0, filterType=0, availableSpace=0
06-20 16:52:52.810  4046  4146 D BtGatt.ScanManager: callback done for scannerId - 7 status - 0
06-20 16:52:52.813  4046  4234 D BtGatt.ScanManager: configureFilterParamter 500 10000 1 0, deliveryMode=0
06-20 16:52:52.815  4046  4146 D BtGatt.GattService: onScanFilterParamsConfigured() - clientIf=7, status=0, action=0, availableSpace=63
06-20 16:52:52.815  4046  4146 D BtGatt.ScanManager: callback done for scannerId - 7 status - 0
06-20 16:52:52.817  4046  4146 D BtGatt.GattService: onScanFilterConfig() - clientIf=7, action = 0 status = 0, filterType=0, availableSpace=0
06-20 16:52:52.818  4046  4146 D BtGatt.ScanManager: callback done for scannerId - 7 status - 0
06-20 16:52:52.820  4046  4234 D BtGatt.ScanManager: configureFilterParamter 500 10000 1 0, deliveryMode=0
06-20 16:52:52.823  4046  4146 D BtGatt.GattService: onScanFilterParamsConfigured() - clientIf=7, status=0, action=0, availableSpace=62
06-20 16:52:52.823  4046  4146 D BtGatt.ScanManager: callback done for scannerId - 7 status - 0
06-20 16:52:52.826  4046  4146 D BtGatt.GattService: onScanFilterConfig() - clientIf=7, action = 0 status = 0, filterType=0, availableSpace=0
06-20 16:52:52.826  4046  4146 D BtGatt.ScanManager: callback done for scannerId - 7 status - 0
06-20 16:52:52.826  4046  4234 D BtGatt.ScanManager: configureFilterParamter 500 10000 1 0, deliveryMode=0
06-20 16:52:52.828  4046  4146 D BtGatt.GattService: onScanFilterParamsConfigured() - clientIf=7, status=0, action=0, availableSpace=61
06-20 16:52:52.831  4046  4146 D BtGatt.ScanManager: callback done for scannerId - 7 status - 0
06-20 16:52:52.832  4046  4146 D BtGatt.GattService: onScanFilterConfig() - clientIf=7, action = 0 status = 0, filterType=0, availableSpace=0
06-20 16:52:52.832  4046  4146 D BtGatt.ScanManager: callback done for scannerId - 7 status - 0
06-20 16:52:52.832  4046  4234 D BtGatt.ScanManager: configureFilterParamter 500 10000 1 0, deliveryMode=0
06-20 16:52:52.836  4046  4146 D BtGatt.GattService: onScanFilterParamsConfigured() - clientIf=7, status=0, action=0, availableSpace=60
06-20 16:52:52.836  4046  4146 D BtGatt.ScanManager: callback done for scannerId - 7 status - 0
06-20 16:52:52.837  4046  4146 D BtGatt.GattService: onScanFilterConfig() - clientIf=7, action = 0 status = 0, filterType=0, availableSpace=0
06-20 16:52:52.837  4046  4146 D BtGatt.ScanManager: callback done for scannerId - 7 status - 0
06-20 16:52:52.837  4046  4234 D BtGatt.ScanManager: configureFilterParamter 500 10000 1 0, deliveryMode=0
06-20 16:52:52.842  4046  4146 D BtGatt.GattService: onScanFilterParamsConfigured() - clientIf=7, status=0, action=0, availableSpace=59
06-20 16:52:52.842  4046  4146 D BtGatt.ScanManager: callback done for scannerId - 7 status - 0
06-20 16:52:52.842  4046  4146 D BtGatt.GattService: onScanFilterConfig() - clientIf=7, action = 0 status = 0, filterType=0, availableSpace=0
06-20 16:52:52.842  4046  4146 D BtGatt.ScanManager: callback done for scannerId - 7 status - 0
06-20 16:52:52.842  4046  4234 D BtGatt.ScanManager: configureFilterParamter 500 10000 1 0, deliveryMode=0
06-20 16:52:52.845  4046  4146 D BtGatt.GattService: onScanFilterParamsConfigured() - clientIf=7, status=0, action=0, availableSpace=58
06-20 16:52:52.845  4046  4146 D BtGatt.ScanManager: callback done for scannerId - 7 status - 0
06-20 16:52:52.846  4046  4234 D BtGatt.ScanManager: configureRegularScanParams() - queue=1
06-20 16:52:52.846  4046  4234 D BtGatt.ScanManager: configureRegularScanParams() - ScanSetting LE 1M Scan mode=0 ScanSetting LE Coded Scan mode=0 mLastConfiguredScanSettingLE1M=-2147483648 mLastConfiguredScanSettingLECoded=-2147483648 scanPhy=255
06-20 16:52:52.848  4046  4234 W BtGatt.ScanManager: trackLeScan() - mLastStartTime = 0
06-20 16:52:52.848  4046  4234 D BtGatt.ScanManager: configureRegularScanParams - scanInterval LE 1M = 660 configureRegularScanParams - scanWindow LE 1M= 66 configureRegularScanParams - scanInterval LE Coded= 660 configureRegularScanParams - scanWindow LE Coded= 66
06-20 16:52:52.849  4046  4146 D BtGatt.GattService: onScanParamSetupCompleted : 0
06-20 16:52:52.882  2018  3127 D libsensor-displayalgo: the value of  brightness:438.000000,R:75134332.949482,G:75134278.057904,B:75154644.087053,EVENT_C:7025.000000,EVENT_R:2733.500000,EVENT_G:3544.500000,EVENT_B:1417.000000
06-20 16:52:52.882  2018  3127 I libsensor-displayalgo: the value of  Coef1:1107.681000,Coef4:2.383000, scale1:0.935522, scale4:0.923264
06-20 16:52:52.882  2018  3127 E libsensor-displayalgo: RGB_test_0407_400_oldzy!
06-20 16:52:52.883  2018  3127 I libsensor-displayalgo: the value of  RESULT3057.892665,1207.982508,1483.705738,554.120520
06-20 16:52:52.883  2018  3127 I libsensor-displayalgo: the value of  getChannelDataCalibrated3206.033525,1118.824639,1724.517380,604.785259
06-20 16:52:52.883  2018  3127 I libsensor-displayalgo: the value of  REAL LUX225.474762
06-20 16:52:52.883  2018  3127 I libsensor-displayalgo: the value of  CAL REAL LUX225.474762
06-20 16:52:52.894  1175  4320 I vendor.qti.bluetooth@1.0-ibs_handler: ProcessIbsCmd: Received IBS_SLEEP_IND: 0xFE
06-20 16:52:53.183  2018  3127 D libsensor-displayalgo: the value of  brightness:438.000000,R:75134332.949482,G:75134278.057904,B:75154644.087053,EVENT_C:7027.000000,EVENT_R:2734.000000,EVENT_G:3545.500000,EVENT_B:1416.500000
06-20 16:52:53.183  2018  3127 I libsensor-displayalgo: the value of  Coef1:1107.681000,Coef4:2.383000, scale1:0.935522, scale4:0.923264
06-20 16:52:53.183  2018  3127 E libsensor-displayalgo: RGB_test_0407_400_oldzy!
06-20 16:52:53.184  2018  3127 I libsensor-displayalgo: the value of  RESULT3057.892665,1207.982508,1483.705738,554.120520
06-20 16:52:53.184  2018  3127 I libsensor-displayalgo: the value of  getChannelDataCalibrated3206.033525,1118.824639,1724.517380,604.785259
06-20 16:52:53.184  2018  3127 I libsensor-displayalgo: the value of  REAL LUX225.683182
06-20 16:52:53.184  2018  3127 I libsensor-displayalgo: the value of  CAL REAL LUX225.683182
06-20 16:52:53.204 31630 31630 I HandWritingStubImpl: isKeyboardTypeChanged: false
06-20 16:52:53.483  2018  3127 D libsensor-displayalgo: the value of  brightness:438.000000,R:75134332.949482,G:75134278.057904,B:75154644.087053,EVENT_C:7023.000000,EVENT_R:2730.500000,EVENT_G:3538.500000,EVENT_B:1416.500000
06-20 16:52:53.483  2018  3127 I libsensor-displayalgo: the value of  Coef1:1107.681000,Coef4:2.383000, scale1:0.935522, scale4:0.923264
06-20 16:52:53.483  2018  3127 E libsensor-displayalgo: RGB_test_0407_400_oldzy!
06-20 16:52:53.484  2018  3127 I libsensor-displayalgo: the value of  RESULT3057.892665,1207.982508,1483.705738,554.120520
06-20 16:52:53.484  2018  3127 I libsensor-displayalgo: the value of  getChannelDataCalibrated3206.033525,1118.824639,1724.517380,604.785259
06-20 16:52:53.484  2018  3127 I libsensor-displayalgo: the value of  REAL LUX225.214340
06-20 16:52:53.484  2018  3127 I libsensor-displayalgo: the value of  CAL REAL LUX225.214340
06-20 16:52:53.754 31630 31630 I HandWritingStubImpl: isKeyboardTypeChanged: false
06-20 16:52:53.783  2018  3127 D libsensor-displayalgo: the value of  brightness:438.000000,R:75134332.949482,G:75134278.057904,B:75154644.087053,EVENT_C:7016.000000,EVENT_R:2732.500000,EVENT_G:3540.500000,EVENT_B:1416.000000
06-20 16:52:53.783  2018  3127 I libsensor-displayalgo: the value of  Coef1:1107.681000,Coef4:2.383000, scale1:0.935522, scale4:0.923264
06-20 16:52:53.783  2018  3127 E libsensor-displayalgo: RGB_test_0407_400_oldzy!
06-20 16:52:53.784  2018  3127 I libsensor-displayalgo: the value of  RESULT3057.892665,1207.982508,1483.705738,554.120520
06-20 16:52:53.784  2018  3127 I libsensor-displayalgo: the value of  getChannelDataCalibrated3206.033525,1118.824639,1724.517380,604.785259
06-20 16:52:53.784  2018  3127 I libsensor-displayalgo: the value of  REAL LUX224.776550
06-20 16:52:53.784  2018  3127 I libsensor-displayalgo: the value of  CAL REAL LUX224.776550
06-20 16:52:53.853  1175  4334 I vendor.qti.bluetooth@1.0-ibs_handler: DeviceSleep: TX Awake, Sending SLEEP_IND
06-20 16:52:53.853  1175  4334 D vendor.qti.bluetooth@1.0-ibs_handler: SerialClockVote: vote for UART CLK OFF
06-20 16:52:54.004  1175  4241 D vendor.qti.bluetooth@1.0-wake_lock: Release wakelock is released
06-20 16:52:54.083  2018  3127 D libsensor-displayalgo: the value of  brightness:438.000000,R:75134332.949482,G:75134278.057904,B:75154644.087053,EVENT_C:7016.500000,EVENT_R:2732.000000,EVENT_G:3541.500000,EVENT_B:1416.000000
06-20 16:52:54.083  2018  3127 I libsensor-displayalgo: the value of  Coef1:1107.681000,Coef4:2.383000, scale1:0.935522, scale4:0.923264
06-20 16:52:54.083  2018  3127 E libsensor-displayalgo: RGB_test_0407_400_oldzy!
06-20 16:52:54.083  2018  3127 I libsensor-displayalgo: the value of  RESULT3057.892665,1207.982508,1483.705738,554.120520
06-20 16:52:54.084  2018  3127 I libsensor-displayalgo: the value of  getChannelDataCalibrated3206.033525,1118.824639,1724.517380,604.785259
06-20 16:52:54.084  2018  3127 I libsensor-displayalgo: the value of  REAL LUX224.876175
06-20 16:52:54.084  2018  3127 I libsensor-displayalgo: the value of  CAL REAL LUX224.876175
06-20 16:52:54.208  2431  3286 D MiuiNetworkPolicy: updateLimit mLimitEnabled=false,enabled=true,mNetworkPriorityMode=1
06-20 16:52:54.287 31630 31630 I HandWritingStubImpl: isKeyboardTypeChanged: false
06-20 16:52:54.383  2018  3127 D libsensor-displayalgo: the value of  brightness:438.000000,R:75134332.949482,G:75134278.057904,B:75154644.087053,EVENT_C:7013.000000,EVENT_R:2731.000000,EVENT_G:3540.000000,EVENT_B:1415.500000
06-20 16:52:54.384  2018  3127 I libsensor-displayalgo: the value of  Coef1:1107.681000,Coef4:2.383000, scale1:0.935522, scale4:0.923264
06-20 16:52:54.384  2018  3127 E libsensor-displayalgo: RGB_test_0407_400_oldzy!
06-20 16:52:54.385  2018  3127 I libsensor-displayalgo: the value of  RESULT3057.892665,1207.982508,1483.705738,554.120520
06-20 16:52:54.391  1265  2358 I vendor.qti.hardware.display.composer-service: FrameNotifyProcess Sensor: notify citsensorservice to trigger cwb
06-20 16:52:54.393  2018  2108 I libcitsensorservice@2.0-impl: msg_transfer
06-20 16:52:54.394  2018  3098 D vendor.xiaomi.sensor.citsensorservice@2.0-service: handle id:9 wxh:1280x2400 uwxuh:1080x2400 size: 9216000 fd:15 fd_meta:16 flags:0x4000228 usage:0x33  format:0x3 layer_count: 1
06-20 16:52:54.395  1265  1887 I SDM     : HWCSession::SetCWBOutputBuffer: CWB config passed by cwb_client : tappoint 1  CWB_ROI : (829.000000 4.000000 915.000000 90.000000)
06-20 16:52:54.398  2018  3127 I libsensor-displayalgo: the value of  getChannelDataCalibrated3206.033525,1118.824639,1724.517380,604.785259
06-20 16:52:54.399  2018  3127 I libsensor-displayalgo: the value of  REAL LUX224.639206
06-20 16:52:54.399  2018  3127 I libsensor-displayalgo: the value of  CAL REAL LUX224.639206
06-20 16:52:54.401  1265 17436 I SDM     : HWCSession::ProcessRequests: Successfully configured CWB buffer.
06-20 16:52:54.427  1265 17436 I SDM     : HWCSession::ProcessRequests: Pushing release fence in fenece wait queue.
06-20 16:52:54.428  1265 17436 I SDM     : HWCSession::ProcessRequests: Creating AsyncFenceWaits async thread.
06-20 16:52:54.428  1265 17436 I SDM     : HWCSession::ProcessRequests: Remove current CWB request from the pending request queue.
06-20 16:52:54.429  1265 17436 I SDM     : HWCSession::ProcessRequests: No pending cwb requests found in the queue.
06-20 16:52:54.443  1265  1584 I SDM     : HWDeviceDRM::SetupConcurrentWriteback: Tear down the Concurrent Writeback topology
06-20 16:52:54.453  1265 17437 I SDM     : HWCSession::NotifyCWBStatus: Notify the client about buffer status 0.
06-20 16:52:54.454  1265 17437 I SDM     : HWCSession::PerformFenceWaits: Remove current release fence from the pending fence wait queue.
06-20 16:52:54.454  1265 17437 I SDM     : HWCSession::PerformFenceWaits: CWB fence queue is empty. No pending release fence to wait on.
06-20 16:52:54.683  2018  3127 D libsensor-displayalgo: the value of  brightness:438.000000,R:75130885.425204,G:75130828.191609,B:75151203.782317,EVENT_C:7018.000000,EVENT_R:2732.500000,EVENT_G:3542.000000,EVENT_B:1415.500000
06-20 16:52:54.683  2018  3127 I libsensor-displayalgo: the value of  Coef1:1107.681000,Coef4:2.383000, scale1:0.935522, scale4:0.923264
06-20 16:52:54.683  2018  3127 E libsensor-displayalgo: RGB_test_0407_400_oldzy!
06-20 16:52:54.684  2018  3127 I libsensor-displayalgo: the value of  RESULT3057.798439,1207.945203,1483.663145,554.102721
06-20 16:52:54.684  2018  3127 I libsensor-displayalgo: the value of  getChannelDataCalibrated3205.934733,1118.790087,1724.467874,604.765833
06-20 16:52:54.684  2018  3127 I libsensor-displayalgo: the value of  REAL LUX225.032913
06-20 16:52:54.684  2018  3127 I libsensor-displayalgo: the value of  CAL REAL LUX225.032913
06-20 16:52:54.804 31630 31630 I HandWritingStubImpl: isKeyboardTypeChanged: false
06-20 16:52:54.983  2018  3127 D libsensor-displayalgo: the value of  brightness:438.000000,R:75130885.425204,G:75130828.191609,B:75151203.782317,EVENT_C:7018.000000,EVENT_R:2732.500000,EVENT_G:3542.000000,EVENT_B:1415.500000
06-20 16:52:54.983  2018  3127 I libsensor-displayalgo: the value of  Coef1:1107.681000,Coef4:2.383000, scale1:0.935522, scale4:0.923264
06-20 16:52:54.983  2018  3127 E libsensor-displayalgo: RGB_test_0407_400_oldzy!
06-20 16:52:54.984  2018  3127 I libsensor-displayalgo: the value of  RESULT3057.798439,1207.945203,1483.663145,554.102721
06-20 16:52:54.984  2018  3127 I libsensor-displayalgo: the value of  getChannelDataCalibrated3205.934733,1118.790087,1724.467874,604.765833
06-20 16:52:54.984  2018  3127 I libsensor-displayalgo: the value of  REAL LUX225.032913
06-20 16:52:54.984  2018  3127 I libsensor-displayalgo: the value of  CAL REAL LUX225.032913
06-20 16:52:55.283  2018  3127 D libsensor-displayalgo: the value of  brightness:438.000000,R:75130885.425204,G:75130828.191609,B:75151203.782317,EVENT_C:7018.000000,EVENT_R:2732.500000,EVENT_G:3542.000000,EVENT_B:1415.500000
06-20 16:52:55.283  2018  3127 I libsensor-displayalgo: the value of  Coef1:1107.681000,Coef4:2.383000, scale1:0.935522, scale4:0.923264
06-20 16:52:55.283  2018  3127 E libsensor-displayalgo: RGB_test_0407_400_oldzy!
06-20 16:52:55.284  2018  3127 I libsensor-displayalgo: the value of  RESULT3057.798439,1207.945203,1483.663145,554.102721
06-20 16:52:55.284  2018  3127 I libsensor-displayalgo: the value of  getChannelDataCalibrated3205.934733,1118.790087,1724.467874,604.765833
06-20 16:52:55.284  2018  3127 I libsensor-displayalgo: the value of  REAL LUX225.032913
06-20 16:52:55.284  2018  3127 I libsensor-displayalgo: the value of  CAL REAL LUX225.032913
06-20 16:52:55.330 31630 31630 I HandWritingStubImpl: isKeyboardTypeChanged: false
06-20 16:52:55.583  2018  3127 D libsensor-displayalgo: the value of  brightness:438.000000,R:75130885.425204,G:75130828.191609,B:75151203.782317,EVENT_C:7015.000000,EVENT_R:2730.000000,EVENT_G:3539.000000,EVENT_B:1415.000000
06-20 16:52:55.583  2018  3127 I libsensor-displayalgo: the value of  Coef1:1107.681000,Coef4:2.383000, scale1:0.935522, scale4:0.923264
06-20 16:52:55.583  2018  3127 E libsensor-displayalgo: RGB_test_0407_400_oldzy!
06-20 16:52:55.584  2018  3127 I libsensor-displayalgo: the value of  RESULT3057.798439,1207.945203,1483.663145,554.102721
06-20 16:52:55.584  2018  3127 I libsensor-displayalgo: the value of  getChannelDataCalibrated3205.934733,1118.790087,1724.467874,604.765833
06-20 16:52:55.584  2018  3127 I libsensor-displayalgo: the value of  REAL LUX224.819519
06-20 16:52:55.584  2018  3127 I libsensor-displayalgo: the value of  CAL REAL LUX224.819519
06-20 16:52:55.841 31630 31630 I HandWritingStubImpl: isKeyboardTypeChanged: false
06-20 16:52:55.883  2018  3127 D libsensor-displayalgo: the value of  brightness:438.000000,R:75130885.425204,G:75130828.191609,B:75151203.782317,EVENT_C:7014.000000,EVENT_R:2731.500000,EVENT_G:3541.000000,EVENT_B:1415.500000
06-20 16:52:55.883  2018  3127 I libsensor-displayalgo: the value of  Coef1:1107.681000,Coef4:2.383000, scale1:0.935522, scale4:0.923264
06-20 16:52:55.883  2018  3127 E libsensor-displayalgo: RGB_test_0407_400_oldzy!
06-20 16:52:55.883  2018  3127 I libsensor-displayalgo: the value of  RESULT3057.798439,1207.945203,1483.663145,554.102721
06-20 16:52:55.884  2018  3127 I libsensor-displayalgo: the value of  getChannelDataCalibrated3205.934733,1118.790087,1724.467874,604.765833
06-20 16:52:55.884  2018  3127 I libsensor-displayalgo: the value of  REAL LUX224.742798
06-20 16:52:55.884  2018  3127 I libsensor-displayalgo: the value of  CAL REAL LUX224.742798
06-20 16:52:56.182  2018  3127 D libsensor-displayalgo: the value of  brightness:438.000000,R:75130885.425204,G:75130828.191609,B:75151203.782317,EVENT_C:7013.000000,EVENT_R:2731.500000,EVENT_G:3540.000000,EVENT_B:1416.500000
06-20 16:52:56.183  2018  3127 I libsensor-displayalgo: the value of  Coef1:1107.681000,Coef4:2.383000, scale1:0.935522, scale4:0.923264
06-20 16:52:56.183  2018  3127 E libsensor-displayalgo: RGB_test_0407_400_oldzy!
06-20 16:52:56.183  2018  3127 I libsensor-displayalgo: the value of  RESULT3057.798439,1207.945203,1483.663145,554.102721
06-20 16:52:56.183  2018  3127 I libsensor-displayalgo: the value of  getChannelDataCalibrated3205.934733,1118.790087,1724.467874,604.765833
06-20 16:52:56.183  2018  3127 I libsensor-displayalgo: the value of  REAL LUX224.545502
06-20 16:52:56.183  2018  3127 I libsensor-displayalgo: the value of  CAL REAL LUX224.545502
06-20 16:52:56.384 31630 31630 I HandWritingStubImpl: isKeyboardTypeChanged: false
06-20 16:52:56.483  2018  3127 D libsensor-displayalgo: the value of  brightness:438.000000,R:75130885.425204,G:75130828.191609,B:75151203.782317,EVENT_C:7016.500000,EVENT_R:2730.000000,EVENT_G:3539.000000,EVENT_B:1415.000000
06-20 16:52:56.483  2018  3127 I libsensor-displayalgo: the value of  Coef1:1107.681000,Coef4:2.383000, scale1:0.935522, scale4:0.923264
06-20 16:52:56.483  2018  3127 E libsensor-displayalgo: RGB_test_0407_400_oldzy!
06-20 16:52:56.484  2018  3127 I libsensor-displayalgo: the value of  RESULT3057.798439,1207.945203,1483.663145,554.102721
06-20 16:52:56.484  2018  3127 I libsensor-displayalgo: the value of  getChannelDataCalibrated3205.934733,1118.790087,1724.467874,604.765833
06-20 16:52:56.484  2018  3127 I libsensor-displayalgo: the value of  REAL LUX224.925385
06-20 16:52:56.484  2018  3127 I libsensor-displayalgo: the value of  CAL REAL LUX224.925385
06-20 16:52:56.783  2018  3127 D libsensor-displayalgo: the value of  brightness:438.000000,R:75130885.425204,G:75130828.191609,B:75151203.782317,EVENT_C:7019.500000,EVENT_R:2732.500000,EVENT_G:3543.000000,EVENT_B:1418.000000
06-20 16:52:56.783  2018  3127 I libsensor-displayalgo: the value of  Coef1:1107.681000,Coef4:2.383000, scale1:0.935522, scale4:0.923264
06-20 16:52:56.783  2018  3127 E libsensor-displayalgo: RGB_test_0407_400_oldzy!
06-20 16:52:56.784  2018  3127 I libsensor-displayalgo: the value of  RESULT3057.798439,1207.945203,1483.663145,554.102721
06-20 16:52:56.784  2018  3127 I libsensor-displayalgo: the value of  getChannelDataCalibrated3205.934733,1118.790087,1724.467874,604.765833
06-20 16:52:56.784  2018  3127 I libsensor-displayalgo: the value of  REAL LUX224.981155
06-20 16:52:56.784  2018  3127 I libsensor-displayalgo: the value of  CAL REAL LUX224.981155
06-20 16:52:56.871  1175  4320 I vendor.qti.bluetooth@1.0-ibs_handler: ProcessIbsCmd: Received IBS_WAKE_IND: 0xFD
06-20 16:52:56.871  1175  4320 D vendor.qti.bluetooth@1.0-ibs_handler: SerialClockVote: vote for UART CLK ON
06-20 16:52:56.871  1175  4320 D vendor.qti.bluetooth@1.0-wake_lock: Acquire wakelock is acquired
06-20 16:52:56.871  1175  4320 I vendor.qti.bluetooth@1.0-ibs_handler: ProcessIbsCmd: Writing IBS_WAKE_ACK
06-20 16:52:56.878 10074  4831 E MiuiFastConnectService: check adv data not fast connect
06-20 16:52:56.912  1175  4320 I vendor.qti.bluetooth@1.0-ibs_handler: ProcessIbsCmd: Received IBS_SLEEP_IND: 0xFE
06-20 16:52:56.912  1175  4320 D vendor.qti.bluetooth@1.0-ibs_handler: SerialClockVote: vote for UART CLK OFF
06-20 16:52:56.927 31630 31630 I HandWritingStubImpl: isKeyboardTypeChanged: false
06-20 16:52:57.062  1175  4241 D vendor.qti.bluetooth@1.0-wake_lock: Release wakelock is released
06-20 16:52:57.083  2018  3127 D libsensor-displayalgo: the value of  brightness:438.000000,R:75130885.425204,G:75130828.191609,B:75151203.782317,EVENT_C:7020.000000,EVENT_R:2730.500000,EVENT_G:3542.000000,EVENT_B:1415.500000
06-20 16:52:57.083  2018  3127 I libsensor-displayalgo: the value of  Coef1:1107.681000,Coef4:2.383000, scale1:0.935522, scale4:0.923264
06-20 16:52:57.083  2018  3127 E libsensor-displayalgo: RGB_test_0407_400_oldzy!
06-20 16:52:57.084  2018  3127 I libsensor-displayalgo: the value of  RESULT3057.798439,1207.945203,1483.663145,554.102721
06-20 16:52:57.084  2018  3127 I libsensor-displayalgo: the value of  getChannelDataCalibrated3205.934733,1118.790087,1724.467874,604.765833
06-20 16:52:57.084  2018  3127 I libsensor-displayalgo: the value of  REAL LUX225.249451
06-20 16:52:57.084  2018  3127 I libsensor-displayalgo: the value of  CAL REAL LUX225.249451
06-20 16:52:57.383  2018  3127 D libsensor-displayalgo: the value of  brightness:438.000000,R:75130885.425204,G:75130828.191609,B:75151203.782317,EVENT_C:7018.500000,EVENT_R:2733.000000,EVENT_G:3546.000000,EVENT_B:1416.500000
06-20 16:52:57.383  2018  3127 I libsensor-displayalgo: the value of  Coef1:1107.681000,Coef4:2.383000, scale1:0.935522, scale4:0.923264
06-20 16:52:57.383  2018  3127 E libsensor-displayalgo: RGB_test_0407_400_oldzy!
06-20 16:52:57.384  2018  3127 I libsensor-displayalgo: the value of  RESULT3057.798439,1207.945203,1483.663145,554.102721
06-20 16:52:57.384  2018  3127 I libsensor-displayalgo: the value of  getChannelDataCalibrated3205.934733,1118.790087,1724.467874,604.765833
06-20 16:52:57.384  2018  3127 I libsensor-displayalgo: the value of  REAL LUX225.150101
06-20 16:52:57.384  2018  3127 I libsensor-displayalgo: the value of  CAL REAL LUX225.150101
06-20 16:52:57.420 31630 31630 I HandWritingStubImpl: isKeyboardTypeChanged: false
06-20 16:52:57.683  2018  3127 D libsensor-displayalgo: the value of  brightness:438.000000,R:75130885.425204,G:75130828.191609,B:75151203.782317,EVENT_C:7018.500000,EVENT_R:2733.500000,EVENT_G:3544.500000,EVENT_B:1416.000000
06-20 16:52:57.683  2018  3127 I libsensor-displayalgo: the value of  Coef1:1107.681000,Coef4:2.383000, scale1:0.935522, scale4:0.923264
06-20 16:52:57.683  2018  3127 E libsensor-displayalgo: RGB_test_0407_400_oldzy!
06-20 16:52:57.684  2018  3127 I libsensor-displayalgo: the value of  RESULT3057.798439,1207.945203,1483.663145,554.102721
06-20 16:52:57.684  2018  3127 I libsensor-displayalgo: the value of  getChannelDataCalibrated3205.934733,1118.790087,1724.467874,604.765833
06-20 16:52:57.684  2018  3127 I libsensor-displayalgo: the value of  REAL LUX225.103592
06-20 16:52:57.684  2018  3127 I libsensor-displayalgo: the value of  CAL REAL LUX225.103592
06-20 16:52:57.963 31630 31630 I HandWritingStubImpl: isKeyboardTypeChanged: false
06-20 16:52:57.983  2018  3127 D libsensor-displayalgo: the value of  brightness:438.000000,R:75130885.425204,G:75130828.191609,B:75151203.782317,EVENT_C:7018.500000,EVENT_R:2733.000000,EVENT_G:3544.500000,EVENT_B:1416.500000
06-20 16:52:57.983  2018  3127 I libsensor-displayalgo: the value of  Coef1:1107.681000,Coef4:2.383000, scale1:0.935522, scale4:0.923264
06-20 16:52:57.983  2018  3127 E libsensor-displayalgo: RGB_test_0407_400_oldzy!
06-20 16:52:57.983  2018  3127 I libsensor-displayalgo: the value of  RESULT3057.798439,1207.945203,1483.663145,554.102721
06-20 16:52:57.983  2018  3127 I libsensor-displayalgo: the value of  getChannelDataCalibrated3205.934733,1118.790087,1724.467874,604.765833
06-20 16:52:57.983  2018  3127 I libsensor-displayalgo: the value of  REAL LUX225.081848
06-20 16:52:57.983  2018  3127 I libsensor-displayalgo: the value of  CAL REAL LUX225.081848
06-20 16:52:58.283  2018  3127 D libsensor-displayalgo: the value of  brightness:438.000000,R:75130885.425204,G:75130828.191609,B:75151203.782317,EVENT_C:7015.500000,EVENT_R:2729.000000,EVENT_G:3542.500000,EVENT_B:1416.500000
06-20 16:52:58.283  2018  3127 I libsensor-displayalgo: the value of  Coef1:1107.681000,Coef4:2.383000, scale1:0.935522, scale4:0.923264
06-20 16:52:58.283  2018  3127 E libsensor-displayalgo: RGB_test_0407_400_oldzy!
06-20 16:52:58.284  2018  3127 I libsensor-displayalgo: the value of  RESULT3057.798439,1207.945203,1483.663145,554.102721
06-20 16:52:58.284  2018  3127 I libsensor-displayalgo: the value of  getChannelDataCalibrated3205.934733,1118.790087,1724.467874,604.765833
06-20 16:52:58.284  2018  3127 I libsensor-displayalgo: the value of  REAL LUX224.929947
06-20 16:52:58.284  2018  3127 I libsensor-displayalgo: the value of  CAL REAL LUX224.929947
06-20 16:52:58.490 31630 31630 I HandWritingStubImpl: isKeyboardTypeChanged: false
06-20 16:52:58.583  2018  3127 D libsensor-displayalgo: the value of  brightness:438.000000,R:75130885.425204,G:75130828.191609,B:75151203.782317,EVENT_C:7019.500000,EVENT_R:2733.500000,EVENT_G:3543.500000,EVENT_B:1416.500000
06-20 16:52:58.583  2018  3127 I libsensor-displayalgo: the value of  Coef1:1107.681000,Coef4:2.383000, scale1:0.935522, scale4:0.923264
06-20 16:52:58.583  2018  3127 E libsensor-displayalgo: RGB_test_0407_400_oldzy!
06-20 16:52:58.584  2018  3127 I libsensor-displayalgo: the value of  RESULT3057.798439,1207.945203,1483.663145,554.102721
06-20 16:52:58.584  2018  3127 I libsensor-displayalgo: the value of  getChannelDataCalibrated3205.934733,1118.790087,1724.467874,604.765833
06-20 16:52:58.584  2018  3127 I libsensor-displayalgo: the value of  REAL LUX225.088043
06-20 16:52:58.584  2018  3127 I libsensor-displayalgo: the value of  CAL REAL LUX225.088043
06-20 16:52:58.883  2018  3127 D libsensor-displayalgo: the value of  brightness:438.000000,R:75130885.425204,G:75130828.191609,B:75151203.782317,EVENT_C:7013.000000,EVENT_R:2731.000000,EVENT_G:3542.500000,EVENT_B:1414.500000
06-20 16:52:58.883  2018  3127 I libsensor-displayalgo: the value of  Coef1:1107.681000,Coef4:2.383000, scale1:0.935522, scale4:0.923264
06-20 16:52:58.883  2018  3127 E libsensor-displayalgo: RGB_test_0407_400_oldzy!
06-20 16:52:58.883  2018  3127 I libsensor-displayalgo: the value of  RESULT3057.798439,1207.945203,1483.663145,554.102721
06-20 16:52:58.884  2018  3127 I libsensor-displayalgo: the value of  getChannelDataCalibrated3205.934733,1118.790087,1724.467874,604.765833
06-20 16:52:58.884  2018  3127 I libsensor-displayalgo: the value of  REAL LUX224.840591
06-20 16:52:58.884  2018  3127 I libsensor-displayalgo: the value of  CAL REAL LUX224.840591
06-20 16:52:59.035 31630 31630 I HandWritingStubImpl: isKeyboardTypeChanged: false
06-20 16:52:59.183  2018  3127 D libsensor-displayalgo: the value of  brightness:438.000000,R:75130885.425204,G:75130828.191609,B:75151203.782317,EVENT_C:7016.500000,EVENT_R:2734.000000,EVENT_G:3545.500000,EVENT_B:1416.000000
06-20 16:52:59.183  2018  3127 I libsensor-displayalgo: the value of  Coef1:1107.681000,Coef4:2.383000, scale1:0.935522, scale4:0.923264
06-20 16:52:59.183  2018  3127 E libsensor-displayalgo: RGB_test_0407_400_oldzy!
06-20 16:52:59.184  2018  3127 I libsensor-displayalgo: the value of  RESULT3057.798439,1207.945203,1483.663145,554.102721
06-20 16:52:59.184  2018  3127 I libsensor-displayalgo: the value of  getChannelDataCalibrated3205.934733,1118.790087,1724.467874,604.765833
06-20 16:52:59.184  2018  3127 I libsensor-displayalgo: the value of  REAL LUX224.989105
06-20 16:52:59.184  2018  3127 I libsensor-displayalgo: the value of  CAL REAL LUX224.989105
06-20 16:52:59.380  2431  3377 W NsdServiceInfo: Key lengths > 9 are discouraged: commonData
06-20 16:52:59.382  1112  1142 W netd    : dnssd_clientstub DNSServiceProcessResult called with NULL DNSServiceRef
06-20 16:52:59.393  1112  1142 W netd    : dnssd_clientstub DNSServiceProcessResult called with NULL DNSServiceRef
06-20 16:52:59.395  2431  3377 E NsdService: id 1849 for SERVICE_GET_ADDR_SUCCESS has no client mapping
06-20 16:52:59.395  2431  3377 E NsdService: Unhandled { when=-8ms what=393242 obj=com.android.server.NsdService$NativeEvent@c26c36f target=com.android.internal.util.StateMachine$SmHandler }
06-20 16:52:59.398  6504 20718 W IDM-BonjourGovernor: apps is null
06-20 16:52:59.483  2018  3127 D libsensor-displayalgo: the value of  brightness:438.000000,R:75130885.425204,G:75130828.191609,B:75151203.782317,EVENT_C:7012.500000,EVENT_R:2731.000000,EVENT_G:3541.000000,EVENT_B:1416.000000
06-20 16:52:59.483  2018  3127 I libsensor-displayalgo: the value of  Coef1:1107.681000,Coef4:2.383000, scale1:0.935522, scale4:0.923264
06-20 16:52:59.483  2018  3127 E libsensor-displayalgo: RGB_test_0407_400_oldzy!
06-20 16:52:59.484  2018  3127 I libsensor-displayalgo: the value of  RESULT3057.798439,1207.945203,1483.663145,554.102721
06-20 16:52:59.484  2018  3127 I libsensor-displayalgo: the value of  getChannelDataCalibrated3205.934733,1118.790087,1724.467874,604.765833
06-20 16:52:59.484  2018  3127 I libsensor-displayalgo: the value of  REAL LUX224.615158
06-20 16:52:59.484  2018  3127 I libsensor-displayalgo: the value of  CAL REAL LUX224.615158
06-20 16:52:59.560 31630 31630 I HandWritingStubImpl: isKeyboardTypeChanged: false
06-20 16:52:59.783  2018  3127 D libsensor-displayalgo: the value of  brightness:438.000000,R:75130885.425204,G:75130828.191609,B:75151203.782317,EVENT_C:7018.000000,EVENT_R:2733.500000,EVENT_G:3542.000000,EVENT_B:1416.500000
06-20 16:52:59.784  2018  3127 I libsensor-displayalgo: the value of  Coef1:1107.681000,Coef4:2.383000, scale1:0.935522, scale4:0.923264
06-20 16:52:59.784  2018  3127 E libsensor-displayalgo: RGB_test_0407_400_oldzy!
06-20 16:52:59.785  2018  3127 I libsensor-displayalgo: the value of  RESULT3057.798439,1207.945203,1483.663145,554.102721
06-20 16:52:59.785  2018  3127 I libsensor-displayalgo: the value of  getChannelDataCalibrated3205.934733,1118.790087,1724.467874,604.765833
06-20 16:52:59.785  2018  3127 I libsensor-displayalgo: the value of  REAL LUX224.913940
06-20 16:52:59.785  2018  3127 I libsensor-displayalgo: the value of  CAL REAL LUX224.913940
06-20 16:53:00.008  4233  4233 D KeyguardUpdateMonitor: received broadcast android.intent.action.TIME_TICK
06-20 16:53:00.026  4233  4233 D KeyguardUpdateMonitor: handleTimeUpdate
06-20 16:53:00.056  1265  2358 I vendor.qti.hardware.display.composer-service: FrameNotifyProcess Sensor: notify citsensorservice to trigger cwb
06-20 16:53:00.057  2018  7182 I libcitsensorservice@2.0-impl: msg_transfer
06-20 16:53:00.057  2018  3098 D vendor.xiaomi.sensor.citsensorservice@2.0-service: handle id:9 wxh:1280x2400 uwxuh:1080x2400 size: 9216000 fd:15 fd_meta:16 flags:0x4000228 usage:0x33  format:0x3 layer_count: 1
06-20 16:53:00.058  1265  1887 I SDM     : HWCSession::SetCWBOutputBuffer: CWB config passed by cwb_client : tappoint 1  CWB_ROI : (829.000000 4.000000 915.000000 90.000000)
06-20 16:53:00.060  1265 17439 I SDM     : HWCSession::ProcessRequests: Successfully configured CWB buffer.
06-20 16:53:00.071  1265 17439 I SDM     : HWCSession::ProcessRequests: Pushing release fence in fenece wait queue.
06-20 16:53:00.072  1265 17439 I SDM     : HWCSession::ProcessRequests: Creating AsyncFenceWaits async thread.
06-20 16:53:00.075  1265 17439 I SDM     : HWCSession::ProcessRequests: Remove current CWB request from the pending request queue.
06-20 16:53:00.075  1265 17439 I SDM     : HWCSession::ProcessRequests: No pending cwb requests found in the queue.
06-20 16:53:00.082  2018  3127 D libsensor-displayalgo: the value of  brightness:438.000000,R:75130885.425204,G:75130828.191609,B:75151203.782317,EVENT_C:7021.000000,EVENT_R:2733.000000,EVENT_G:3544.500000,EVENT_B:1417.000000
06-20 16:53:00.082  2018  3127 I libsensor-displayalgo: the value of  Coef1:1107.681000,Coef4:2.383000, scale1:0.935522, scale4:0.923264
