06-20 16:52:36.384  2018  3127 I libsensor-displayalgo: the value of  getChannelDataCalibrated3206.033525,1118.824639,1724.517380,604.785259
06-20 16:52:36.384  2018  3127 I libsensor-displayalgo: the value of  REAL LUX226.070190
06-20 16:52:36.384  2018  3127 I libsensor-displayalgo: the value of  CAL REAL LUX226.070190
06-20 16:52:36.487 31630 31630 I HandWritingStubImpl: isKeyboardTypeChanged: false
06-20 16:52:36.683  2018  3127 D libsensor-displayalgo: the value of  brightness:438.000000,R:75134332.949482,G:75134278.057904,B:75154644.087053,EVENT_C:7038.000000,EVENT_R:2739.000000,EVENT_G:3546.500000,EVENT_B:1419.500000
06-20 16:52:36.683  2018  3127 I libsensor-displayalgo: the value of  Coef1:1107.681000,Coef4:2.383000, scale1:0.935522, scale4:0.923264
06-20 16:52:36.683  2018  3127 E libsensor-displayalgo: RGB_test_0407_400_oldzy!
06-20 16:52:36.684  2018  3127 I libsensor-displayalgo: the value of  RESULT3057.892665,1207.982508,1483.705738,554.120520
06-20 16:52:36.684  2018  3127 I libsensor-displayalgo: the value of  getChannelDataCalibrated3206.033525,1118.824639,1724.517380,604.785259
06-20 16:52:36.684  2018  3127 I libsensor-displayalgo: the value of  REAL LUX226.072800
06-20 16:52:36.684  2018  3127 I libsensor-displayalgo: the value of  CAL REAL LUX226.072800
06-20 16:52:36.694  2431  2650 W ProcessStats: Tracking association SourceState{6098218 com.android.systemui/1000 BTopFgs #174022} whose proc state 2 is better than process ProcessState{e3fe471 com.miui.notification:remote/1000 pkg=com.miui.notification} proc state 3 (7 skipped)
06-20 16:52:36.708  5858  5858 I PowerKeeperBackgroundService: onStartCommand()
06-20 16:52:36.708  5858  5858 I PowerKeeperService: onAlarm
06-20 16:52:36.984  2018  3127 D libsensor-displayalgo: the value of  brightness:438.000000,R:75134332.949482,G:75134278.057904,B:75154644.087053,EVENT_C:7037.500000,EVENT_R:2739.000000,EVENT_G:3550.000000,EVENT_B:1420.000000
06-20 16:52:36.984  2018  3127 I libsensor-displayalgo: the value of  Coef1:1107.681000,Coef4:2.383000, scale1:0.935522, scale4:0.923264
06-20 16:52:36.984  2018  3127 E libsensor-displayalgo: RGB_test_0407_400_oldzy!
06-20 16:52:36.985  2018  3127 I libsensor-displayalgo: the value of  RESULT3057.892665,1207.982508,1483.705738,554.120520
06-20 16:52:36.985  2018  3127 I libsensor-displayalgo: the value of  getChannelDataCalibrated3206.033525,1118.824639,1724.517380,604.785259
06-20 16:52:36.985  2018  3127 I libsensor-displayalgo: the value of  REAL LUX226.156128
06-20 16:52:36.985  2018  3127 I libsensor-displayalgo: the value of  CAL REAL LUX226.156128
06-20 16:52:37.022 31630 31630 I HandWritingStubImpl: isKeyboardTypeChanged: false
06-20 16:52:37.284  2018  3127 D libsensor-displayalgo: the value of  brightness:438.000000,R:75134332.949482,G:75134278.057904,B:75154644.087053,EVENT_C:7036.000000,EVENT_R:2737.000000,EVENT_G:3550.500000,EVENT_B:1418.500000
06-20 16:52:37.284  2018  3127 I libsensor-displayalgo: the value of  Coef1:1107.681000,Coef4:2.383000, scale1:0.935522, scale4:0.923264
06-20 16:52:37.284  2018  3127 E libsensor-displayalgo: RGB_test_0407_400_oldzy!
06-20 16:52:37.285  2018  3127 I libsensor-displayalgo: the value of  RESULT3057.892665,1207.982508,1483.705738,554.120520
06-20 16:52:37.285  2018  3127 I libsensor-displayalgo: the value of  getChannelDataCalibrated3206.033525,1118.824639,1724.517380,604.785259
06-20 16:52:37.285  2018  3127 I libsensor-displayalgo: the value of  REAL LUX226.270279
06-20 16:52:37.285  2018  3127 I libsensor-displayalgo: the value of  CAL REAL LUX226.270279
06-20 16:52:37.573 31630 31630 I HandWritingStubImpl: isKeyboardTypeChanged: false
06-20 16:52:37.583  2018  3127 D libsensor-displayalgo: the value of  brightness:438.000000,R:75134332.949482,G:75134278.057904,B:75154644.087053,EVENT_C:7034.000000,EVENT_R:2740.000000,EVENT_G:3552.500000,EVENT_B:1417.500000
06-20 16:52:37.583  2018  3127 I libsensor-displayalgo: the value of  Coef1:1107.681000,Coef4:2.383000, scale1:0.935522, scale4:0.923264
06-20 16:52:37.583  2018  3127 E libsensor-displayalgo: RGB_test_0407_400_oldzy!
06-20 16:52:37.584  2018  3127 I libsensor-displayalgo: the value of  RESULT3057.892665,1207.982508,1483.705738,554.120520
06-20 16:52:37.584  2018  3127 I libsensor-displayalgo: the value of  getChannelDataCalibrated3206.033525,1118.824639,1724.517380,604.785259
06-20 16:52:37.584  2018  3127 I libsensor-displayalgo: the value of  REAL LUX226.188248
06-20 16:52:37.584  2018  3127 I libsensor-displayalgo: the value of  CAL REAL LUX226.188248
06-20 16:52:37.883  2018  3127 D libsensor-displayalgo: the value of  brightness:438.000000,R:75134332.949482,G:75134278.057904,B:75154644.087053,EVENT_C:7038.500000,EVENT_R:2738.000000,EVENT_G:3553.500000,EVENT_B:1420.000000
06-20 16:52:37.884  2018  3127 I libsensor-displayalgo: the value of  Coef1:1107.681000,Coef4:2.383000, scale1:0.935522, scale4:0.923264
06-20 16:52:37.884  2018  3127 E libsensor-displayalgo: RGB_test_0407_400_oldzy!
06-20 16:52:37.884  2018  3127 I libsensor-displayalgo: the value of  RESULT3057.892665,1207.982508,1483.705738,554.120520
06-20 16:52:37.884  2018  3127 I libsensor-displayalgo: the value of  getChannelDataCalibrated3206.033525,1118.824639,1724.517380,604.785259
06-20 16:52:37.885  2018  3127 I libsensor-displayalgo: the value of  REAL LUX226.423676
06-20 16:52:37.885  2018  3127 I libsensor-displayalgo: the value of  CAL REAL LUX226.423676
06-20 16:52:38.073 31630 31630 I HandWritingStubImpl: isKeyboardTypeChanged: false
06-20 16:52:38.170  8680  8709 D com.milink.runtime:new_milink:MessengerService: tick for 10123-5809
06-20 16:52:38.176  8680  8709 D com.milink.runtime:new_milink:MessengerService: tick for 1000-4824
06-20 16:52:38.185  2018  3127 D libsensor-displayalgo: the value of  brightness:438.000000,R:75134332.949482,G:75134278.057904,B:75154644.087053,EVENT_C:7035.000000,EVENT_R:2739.000000,EVENT_G:3552.000000,EVENT_B:1420.000000
06-20 16:52:38.185  8680  8709 D com.milink.runtime:new_milink:MessengerService: tick for 10114-31630
06-20 16:52:38.187  8680  8693 I com.milink.runtime:new_milink:DataContentProvider: Call content://provider.milink.mi.com/messenger#poll from com.milink.service, content://provider.milink.mi.com/messenger#poll
06-20 16:52:38.188  2018  3127 I libsensor-displayalgo: the value of  Coef1:1107.681000,Coef4:2.383000, scale1:0.935522, scale4:0.923264
06-20 16:52:38.188  2018  3127 E libsensor-displayalgo: RGB_test_0407_400_oldzy!
06-20 16:52:38.190  2018  3127 I libsensor-displayalgo: the value of  RESULT3057.892665,1207.982508,1483.705738,554.120520
06-20 16:52:38.190  2018  3127 I libsensor-displayalgo: the value of  getChannelDataCalibrated3206.033525,1118.824639,1724.517380,604.785259
06-20 16:52:38.190  2018  3127 I libsensor-displayalgo: the value of  REAL LUX226.070724
06-20 16:52:38.190  2018  3127 I libsensor-displayalgo: the value of  CAL REAL LUX226.070724
06-20 16:52:38.194  5809  8723 I com.milink.service:audio:new_milink:MessengerClient: empty packet, skip it.
06-20 16:52:38.195  8680  8709 D com.milink.runtime:new_milink:MessengerService: set next timeout check task
06-20 16:52:38.201  8680  8693 I com.milink.runtime:new_milink:DataContentProvider: Call content://provider.milink.mi.com/messenger#poll from com.xiaomi.mirror, content://provider.milink.mi.com/messenger#poll
06-20 16:52:38.204  4824  8722 I com.xiaomi.mirror:new_milink:MessengerClient: empty packet, skip it.
06-20 16:52:38.450  1175  4320 I vendor.qti.bluetooth@1.0-ibs_handler: ProcessIbsCmd: Received IBS_WAKE_IND: 0xFD
06-20 16:52:38.450  1175  4320 D vendor.qti.bluetooth@1.0-ibs_handler: SerialClockVote: vote for UART CLK ON
06-20 16:52:38.450  1175  4320 D vendor.qti.bluetooth@1.0-wake_lock: Acquire wakelock is acquired
06-20 16:52:38.450  1175  4320 I vendor.qti.bluetooth@1.0-ibs_handler: ProcessIbsCmd: Writing IBS_WAKE_ACK
06-20 16:52:38.459 10074  4831 E MiuiFastConnectService: check adv data not fast connect
06-20 16:52:38.483  2018  3127 D libsensor-displayalgo: the value of  brightness:438.000000,R:75134332.949482,G:75134278.057904,B:75154644.087053,EVENT_C:7038.500000,EVENT_R:2743.000000,EVENT_G:3553.000000,EVENT_B:1419.500000
06-20 16:52:38.483  2018  3127 I libsensor-displayalgo: the value of  Coef1:1107.681000,Coef4:2.383000, scale1:0.935522, scale4:0.923264
06-20 16:52:38.483  2018  3127 E libsensor-displayalgo: RGB_test_0407_400_oldzy!
06-20 16:52:38.484  2018  3127 I libsensor-displayalgo: the value of  RESULT3057.892665,1207.982508,1483.705738,554.120520
06-20 16:52:38.484  2018  3127 I libsensor-displayalgo: the value of  getChannelDataCalibrated3206.033525,1118.824639,1724.517380,604.785259
06-20 16:52:38.484  2018  3127 I libsensor-displayalgo: the value of  REAL LUX226.253006
06-20 16:52:38.484  2018  3127 I libsensor-displayalgo: the value of  CAL REAL LUX226.253006
06-20 16:52:38.491  1175  4320 I vendor.qti.bluetooth@1.0-ibs_handler: ProcessIbsCmd: Received IBS_SLEEP_IND: 0xFE
06-20 16:52:38.491  1175  4320 D vendor.qti.bluetooth@1.0-ibs_handler: SerialClockVote: vote for UART CLK OFF
06-20 16:52:38.590 31630 31630 I HandWritingStubImpl: isKeyboardTypeChanged: false
06-20 16:52:38.641  1175  4241 D vendor.qti.bluetooth@1.0-wake_lock: Release wakelock is released
06-20 16:52:38.783  2018  3127 D libsensor-displayalgo: the value of  brightness:438.000000,R:75134332.949482,G:75134278.057904,B:75154644.087053,EVENT_C:7037.000000,EVENT_R:2741.500000,EVENT_G:3552.000000,EVENT_B:1420.500000
06-20 16:52:38.783  2018  3127 I libsensor-displayalgo: the value of  Coef1:1107.681000,Coef4:2.383000, scale1:0.935522, scale4:0.923264
06-20 16:52:38.783  2018  3127 E libsensor-displayalgo: RGB_test_0407_400_oldzy!
06-20 16:52:38.784  2018  3127 I libsensor-displayalgo: the value of  RESULT3057.892665,1207.982508,1483.705738,554.120520
06-20 16:52:38.784  2018  3127 I libsensor-displayalgo: the value of  getChannelDataCalibrated3206.033525,1118.824639,1724.517380,604.785259
06-20 16:52:38.784  2018  3127 I libsensor-displayalgo: the value of  REAL LUX226.076965
06-20 16:52:38.784  2018  3127 I libsensor-displayalgo: the value of  CAL REAL LUX226.076965
06-20 16:52:39.082  2018  3127 D libsensor-displayalgo: the value of  brightness:438.000000,R:75134332.949482,G:75134278.057904,B:75154644.087053,EVENT_C:7042.000000,EVENT_R:2741.500000,EVENT_G:3555.000000,EVENT_B:1420.500000
06-20 16:52:39.083  2018  3127 I libsensor-displayalgo: the value of  Coef1:1107.681000,Coef4:2.383000, scale1:0.935522, scale4:0.923264
06-20 16:52:39.083  2018  3127 E libsensor-displayalgo: RGB_test_0407_400_oldzy!
06-20 16:52:39.083  2018  3127 I libsensor-displayalgo: the value of  RESULT3057.892665,1207.982508,1483.705738,554.120520
06-20 16:52:39.083  2018  3127 I libsensor-displayalgo: the value of  getChannelDataCalibrated3206.033525,1118.824639,1724.517380,604.785259
06-20 16:52:39.083  2018  3127 I libsensor-displayalgo: the value of  REAL LUX226.566345
06-20 16:52:39.083  2018  3127 I libsensor-displayalgo: the value of  CAL REAL LUX226.566345
06-20 16:52:39.103 31630 31630 I HandWritingStubImpl: isKeyboardTypeChanged: false
06-20 16:52:39.382  2018  3127 D libsensor-displayalgo: the value of  brightness:438.000000,R:75134332.949482,G:75134278.057904,B:75154644.087053,EVENT_C:7039.000000,EVENT_R:2740.000000,EVENT_G:3551.000000,EVENT_B:1419.500000
06-20 16:52:39.382  2018  3127 I libsensor-displayalgo: the value of  Coef1:1107.681000,Coef4:2.383000, scale1:0.935522, scale4:0.923264
06-20 16:52:39.382  2018  3127 E libsensor-displayalgo: RGB_test_0407_400_oldzy!
06-20 16:52:39.383  2018  3127 I libsensor-displayalgo: the value of  RESULT3057.892665,1207.982508,1483.705738,554.120520
06-20 16:52:39.383  2018  3127 I libsensor-displayalgo: the value of  getChannelDataCalibrated3206.033525,1118.824639,1724.517380,604.785259
06-20 16:52:39.383  2018  3127 I libsensor-displayalgo: the value of  REAL LUX226.310410
06-20 16:52:39.383  2018  3127 I libsensor-displayalgo: the value of  CAL REAL LUX226.310410
06-20 16:52:39.621 31630 31630 I HandWritingStubImpl: isKeyboardTypeChanged: false
06-20 16:52:39.683  2018  3127 D libsensor-displayalgo: the value of  brightness:438.000000,R:75134332.949482,G:75134278.057904,B:75154644.087053,EVENT_C:7041.500000,EVENT_R:2742.000000,EVENT_G:3551.500000,EVENT_B:1420.000000
06-20 16:52:39.683  2018  3127 I libsensor-displayalgo: the value of  Coef1:1107.681000,Coef4:2.383000, scale1:0.935522, scale4:0.923264
06-20 16:52:39.683  2018  3127 E libsensor-displayalgo: RGB_test_0407_400_oldzy!
06-20 16:52:39.684  2018  3127 I libsensor-displayalgo: the value of  RESULT3057.892665,1207.982508,1483.705738,554.120520
06-20 16:52:39.684  2018  3127 I libsensor-displayalgo: the value of  getChannelDataCalibrated3206.033525,1118.824639,1724.517380,604.785259
06-20 16:52:39.684  2018  3127 I libsensor-displayalgo: the value of  REAL LUX226.393600
06-20 16:52:39.684  2018  3127 I libsensor-displayalgo: the value of  CAL REAL LUX226.393600
06-20 16:52:39.983  2018  3127 D libsensor-displayalgo: the value of  brightness:438.000000,R:75134332.949482,G:75134278.057904,B:75154644.087053,EVENT_C:7035.500000,EVENT_R:2739.500000,EVENT_G:3550.500000,EVENT_B:1420.000000
06-20 16:52:39.983  2018  3127 I libsensor-displayalgo: the value of  Coef1:1107.681000,Coef4:2.383000, scale1:0.935522, scale4:0.923264
06-20 16:52:39.983  2018  3127 E libsensor-displayalgo: RGB_test_0407_400_oldzy!
06-20 16:52:39.984  2018  3127 I libsensor-displayalgo: the value of  RESULT3057.892665,1207.982508,1483.705738,554.120520
06-20 16:52:39.984  2018  3127 I libsensor-displayalgo: the value of  getChannelDataCalibrated3206.033525,1118.824639,1724.517380,604.785259
06-20 16:52:39.984  2018  3127 I libsensor-displayalgo: the value of  REAL LUX226.018890
06-20 16:52:39.984  2018  3127 I libsensor-displayalgo: the value of  CAL REAL LUX226.018890
06-20 16:52:40.137 31630 31630 I HandWritingStubImpl: isKeyboardTypeChanged: false
06-20 16:52:40.283  2018  3127 D libsensor-displayalgo: the value of  brightness:438.000000,R:75134332.949482,G:75134278.057904,B:75154644.087053,EVENT_C:7037.000000,EVENT_R:2741.000000,EVENT_G:3552.500000,EVENT_B:1421.000000
06-20 16:52:40.283  2018  3127 I libsensor-displayalgo: the value of  Coef1:1107.681000,Coef4:2.383000, scale1:0.935522, scale4:0.923264
06-20 16:52:40.283  2018  3127 E libsensor-displayalgo: RGB_test_0407_400_oldzy!
06-20 16:52:40.284  2018  3127 I libsensor-displayalgo: the value of  RESULT3057.892665,1207.982508,1483.705738,554.120520
06-20 16:52:40.284  2018  3127 I libsensor-displayalgo: the value of  getChannelDataCalibrated3206.033525,1118.824639,1724.517380,604.785259
06-20 16:52:40.284  2018  3127 I libsensor-displayalgo: the value of  REAL LUX226.077942
06-20 16:52:40.284  2018  3127 I libsensor-displayalgo: the value of  CAL REAL LUX226.077942
06-20 16:52:40.486  1175  4320 I vendor.qti.bluetooth@1.0-ibs_handler: ProcessIbsCmd: Received IBS_WAKE_IND: 0xFD
06-20 16:52:40.487  1175  4320 D vendor.qti.bluetooth@1.0-ibs_handler: SerialClockVote: vote for UART CLK ON
06-20 16:52:40.487  1175  4320 D vendor.qti.bluetooth@1.0-wake_lock: Acquire wakelock is acquired
06-20 16:52:40.487  1175  4320 I vendor.qti.bluetooth@1.0-ibs_handler: ProcessIbsCmd: Writing IBS_WAKE_ACK
06-20 16:52:40.497 10074  4831 E MiuiFastConnectService: check adv data not fast connect
06-20 16:52:40.528  1175  4320 I vendor.qti.bluetooth@1.0-ibs_handler: ProcessIbsCmd: Received IBS_SLEEP_IND: 0xFE
06-20 16:52:40.528  1175  4320 D vendor.qti.bluetooth@1.0-ibs_handler: SerialClockVote: vote for UART CLK OFF
06-20 16:52:40.583  2018  3127 D libsensor-displayalgo: the value of  brightness:438.000000,R:75134332.949482,G:75134278.057904,B:75154644.087053,EVENT_C:7042.000000,EVENT_R:2742.000000,EVENT_G:3554.000000,EVENT_B:1419.000000
06-20 16:52:40.583  2018  3127 I libsensor-displayalgo: the value of  Coef1:1107.681000,Coef4:2.383000, scale1:0.935522, scale4:0.923264
06-20 16:52:40.583  2018  3127 E libsensor-displayalgo: RGB_test_0407_400_oldzy!
06-20 16:52:40.584  2018  3127 I libsensor-displayalgo: the value of  RESULT3057.892665,1207.982508,1483.705738,554.120520
06-20 16:52:40.584  2018  3127 I libsensor-displayalgo: the value of  getChannelDataCalibrated3206.033525,1118.824639,1724.517380,604.785259
06-20 16:52:40.584  2018  3127 I libsensor-displayalgo: the value of  REAL LUX226.623840
06-20 16:52:40.584  2018  3127 I libsensor-displayalgo: the value of  CAL REAL LUX226.623840
06-20 16:52:40.670 31630 31630 I HandWritingStubImpl: isKeyboardTypeChanged: false
06-20 16:52:40.678  1175  4241 D vendor.qti.bluetooth@1.0-wake_lock: Release wakelock is released
06-20 16:52:40.883  2018  3127 D libsensor-displayalgo: the value of  brightness:438.000000,R:75134332.949482,G:75134278.057904,B:75154644.087053,EVENT_C:7040.500000,EVENT_R:2741.500000,EVENT_G:3551.500000,EVENT_B:1420.000000
06-20 16:52:40.883  2018  3127 I libsensor-displayalgo: the value of  Coef1:1107.681000,Coef4:2.383000, scale1:0.935522, scale4:0.923264
06-20 16:52:40.883  2018  3127 E libsensor-displayalgo: RGB_test_0407_400_oldzy!
06-20 16:52:40.884  2018  3127 I libsensor-displayalgo: the value of  RESULT3057.892665,1207.982508,1483.705738,554.120520
06-20 16:52:40.884  2018  3127 I libsensor-displayalgo: the value of  getChannelDataCalibrated3206.033525,1118.824639,1724.517380,604.785259
06-20 16:52:40.884  2018  3127 I libsensor-displayalgo: the value of  REAL LUX226.341873
06-20 16:52:40.884  2018  3127 I libsensor-displayalgo: the value of  CAL REAL LUX226.341873
06-20 16:52:41.032 10662 10806 D MemoryCeilingMonitor: [handleMemoryCalculate]
06-20 16:52:41.032 10662 10806 D MemoryCeilingMonitor: [calculate] tot: 5952416, max: 268435456, free: 1336720, heap: 4615696, per: 0.017194807529449463
06-20 16:52:41.183  2018  3127 D libsensor-displayalgo: the value of  brightness:438.000000,R:75134332.949482,G:75134278.057904,B:75154644.087053,EVENT_C:7040.000000,EVENT_R:2740.500000,EVENT_G:3556.000000,EVENT_B:1420.000000
06-20 16:52:41.183  2018  3127 I libsensor-displayalgo: the value of  Coef1:1107.681000,Coef4:2.383000, scale1:0.935522, scale4:0.923264
06-20 16:52:41.183  2018  3127 E libsensor-displayalgo: RGB_test_0407_400_oldzy!
06-20 16:52:41.184  2018  3127 I libsensor-displayalgo: the value of  RESULT3057.892665,1207.982508,1483.705738,554.120520
06-20 16:52:41.184  2018  3127 I libsensor-displayalgo: the value of  getChannelDataCalibrated3206.033525,1118.824639,1724.517380,604.785259
06-20 16:52:41.184  2018  3127 I libsensor-displayalgo: the value of  REAL LUX226.549026
06-20 16:52:41.184  2018  3127 I libsensor-displayalgo: the value of  CAL REAL LUX226.549026
06-20 16:52:41.187 31630 31630 I HandWritingStubImpl: isKeyboardTypeChanged: false
06-20 16:52:41.221  5405  9716 D SLM-SRV-SLAService: checktemp temperature = 34163 temperature_average = 34270 isPerformanceMode = false thermal_enable_slm = true
06-20 16:52:41.483  2018  3127 D libsensor-displayalgo: the value of  brightness:438.000000,R:75134332.949482,G:75134278.057904,B:75154644.087053,EVENT_C:7040.000000,EVENT_R:2742.000000,EVENT_G:3551.500000,EVENT_B:1419.000000
06-20 16:52:41.483  2018  3127 I libsensor-displayalgo: the value of  Coef1:1107.681000,Coef4:2.383000, scale1:0.935522, scale4:0.923264
06-20 16:52:41.483  2018  3127 E libsensor-displayalgo: RGB_test_0407_400_oldzy!
06-20 16:52:41.483  2018  3127 I libsensor-displayalgo: the value of  RESULT3057.892665,1207.982508,1483.705738,554.120520
06-20 16:52:41.484  2018  3127 I libsensor-displayalgo: the value of  getChannelDataCalibrated3206.033525,1118.824639,1724.517380,604.785259
06-20 16:52:41.484  2018  3127 I libsensor-displayalgo: the value of  REAL LUX226.368942
06-20 16:52:41.484  2018  3127 I libsensor-displayalgo: the value of  CAL REAL LUX226.368942
06-20 16:52:41.704 31630 31630 I HandWritingStubImpl: isKeyboardTypeChanged: false
06-20 16:52:41.783  2018  3127 D libsensor-displayalgo: the value of  brightness:438.000000,R:75134332.949482,G:75134278.057904,B:75154644.087053,EVENT_C:7039.000000,EVENT_R:2741.500000,EVENT_G:3549.000000,EVENT_B:1418.500000
06-20 16:52:41.783  2018  3127 I libsensor-displayalgo: the value of  Coef1:1107.681000,Coef4:2.383000, scale1:0.935522, scale4:0.923264
06-20 16:52:41.783  2018  3127 E libsensor-displayalgo: RGB_test_0407_400_oldzy!
06-20 16:52:41.783  2018  3127 I libsensor-displayalgo: the value of  RESULT3057.892665,1207.982508,1483.705738,554.120520
06-20 16:52:41.783  2018  3127 I libsensor-displayalgo: the value of  getChannelDataCalibrated3206.033525,1118.824639,1724.517380,604.785259
06-20 16:52:41.783  2018  3127 I libsensor-displayalgo: the value of  REAL LUX226.244080
06-20 16:52:41.784  2018  3127 I libsensor-displayalgo: the value of  CAL REAL LUX226.244080
06-20 16:52:42.083  2018  3127 D libsensor-displayalgo: the value of  brightness:438.000000,R:75134332.949482,G:75134278.057904,B:75154644.087053,EVENT_C:7038.500000,EVENT_R:2739.000000,EVENT_G:3550.500000,EVENT_B:1420.000000
06-20 16:52:42.083  2018  3127 I libsensor-displayalgo: the value of  Coef1:1107.681000,Coef4:2.383000, scale1:0.935522, scale4:0.923264
06-20 16:52:42.083  2018  3127 E libsensor-displayalgo: RGB_test_0407_400_oldzy!
06-20 16:52:42.084  2018  3127 I libsensor-displayalgo: the value of  RESULT3057.892665,1207.982508,1483.705738,554.120520
06-20 16:52:42.084  2018  3127 I libsensor-displayalgo: the value of  getChannelDataCalibrated3206.033525,1118.824639,1724.517380,604.785259
06-20 16:52:42.084  2018  3127 I libsensor-displayalgo: the value of  REAL LUX226.249451
06-20 16:52:42.084  2018  3127 I libsensor-displayalgo: the value of  CAL REAL LUX226.249451
06-20 16:52:42.237 31630 31630 I HandWritingStubImpl: isKeyboardTypeChanged: false
06-20 16:52:42.300  1930  1967 I mstatdaemon: Entering time loop
06-20 16:52:42.301  1930  1967 I mstatdaemon: t = 1687251162
06-20 16:52:42.301  1930  1967 I mstatdaemon: translated_t = 1371261162
06-20 16:52:42.301  1930  1967 I mstat_log: mstatcommitLog log_alloc() failed
06-20 16:52:42.383  2018  3127 D libsensor-displayalgo: the value of  brightness:438.000000,R:75134332.949482,G:75134278.057904,B:75154644.087053,EVENT_C:7041.000000,EVENT_R:2740.000000,EVENT_G:3549.500000,EVENT_B:1418.500000
06-20 16:52:42.383  2018  3127 I libsensor-displayalgo: the value of  Coef1:1107.681000,Coef4:2.383000, scale1:0.935522, scale4:0.923264
06-20 16:52:42.383  2018  3127 E libsensor-displayalgo: RGB_test_0407_400_oldzy!
06-20 16:52:42.384  2018  3127 I libsensor-displayalgo: the value of  RESULT3057.892665,1207.982508,1483.705738,554.120520
06-20 16:52:42.384  2018  3127 I libsensor-displayalgo: the value of  getChannelDataCalibrated3206.033525,1118.824639,1724.517380,604.785259
06-20 16:52:42.384  2018  3127 I libsensor-displayalgo: the value of  REAL LUX226.464554
06-20 16:52:42.384  2018  3127 I libsensor-displayalgo: the value of  CAL REAL LUX226.464554
06-20 16:52:42.683  2018  3127 D libsensor-displayalgo: the value of  brightness:438.000000,R:75134332.949482,G:75134278.057904,B:75154644.087053,EVENT_C:7045.500000,EVENT_R:2740.000000,EVENT_G:3552.000000,EVENT_B:1421.000000
06-20 16:52:42.683  2018  3127 I libsensor-displayalgo: the value of  Coef1:1107.681000,Coef4:2.383000, scale1:0.935522, scale4:0.923264
06-20 16:52:42.683  2018  3127 E libsensor-displayalgo: RGB_test_0407_400_oldzy!
06-20 16:52:42.684  2018  3127 I libsensor-displayalgo: the value of  RESULT3057.892665,1207.982508,1483.705738,554.120520
06-20 16:52:42.684  2018  3127 I libsensor-displayalgo: the value of  getChannelDataCalibrated3206.033525,1118.824639,1724.517380,604.785259
06-20 16:52:42.684  2018  3127 I libsensor-displayalgo: the value of  REAL LUX226.692810
06-20 16:52:42.684  2018  3127 I libsensor-displayalgo: the value of  CAL REAL LUX226.692810
06-20 16:52:42.770 31630 31630 I HandWritingStubImpl: isKeyboardTypeChanged: false
06-20 16:52:42.983  2018  3127 D libsensor-displayalgo: the value of  brightness:438.000000,R:75134332.949482,G:75134278.057904,B:75154644.087053,EVENT_C:7040.500000,EVENT_R:2742.000000,EVENT_G:3553.500000,EVENT_B:1419.500000
06-20 16:52:42.983  2018  3127 I libsensor-displayalgo: the value of  Coef1:1107.681000,Coef4:2.383000, scale1:0.935522, scale4:0.923264
06-20 16:52:42.983  2018  3127 E libsensor-displayalgo: RGB_test_0407_400_oldzy!
06-20 16:52:42.984  2018  3127 I libsensor-displayalgo: the value of  RESULT3057.892665,1207.982508,1483.705738,554.120520
06-20 16:52:42.984  2018  3127 I libsensor-displayalgo: the value of  getChannelDataCalibrated3206.033525,1118.824639,1724.517380,604.785259
06-20 16:52:42.984  2018  3127 I libsensor-displayalgo: the value of  REAL LUX226.454605
06-20 16:52:42.984  2018  3127 I libsensor-displayalgo: the value of  CAL REAL LUX226.454605
06-20 16:52:43.282  2018  3127 D libsensor-displayalgo: the value of  brightness:438.000000,R:75134332.949482,G:75134278.057904,B:75154644.087053,EVENT_C:7040.500000,EVENT_R:2741.500000,EVENT_G:3552.500000,EVENT_B:1421.000000
06-20 16:52:43.283  2018  3127 I libsensor-displayalgo: the value of  Coef1:1107.681000,Coef4:2.383000, scale1:0.935522, scale4:0.923264
06-20 16:52:43.283  2018  3127 E libsensor-displayalgo: RGB_test_0407_400_oldzy!
06-20 16:52:43.283  2018  3127 I libsensor-displayalgo: the value of  RESULT3057.892665,1207.982508,1483.705738,554.120520
06-20 16:52:43.283  2018  3127 I libsensor-displayalgo: the value of  getChannelDataCalibrated3206.033525,1118.824639,1724.517380,604.785259
06-20 16:52:43.283  2018  3127 I libsensor-displayalgo: the value of  REAL LUX226.306107
06-20 16:52:43.283  2018  3127 I libsensor-displayalgo: the value of  CAL REAL LUX226.306107
06-20 16:52:43.288 31630 31630 I HandWritingStubImpl: isKeyboardTypeChanged: false
06-20 16:52:43.583  2018  3127 D libsensor-displayalgo: the value of  brightness:438.000000,R:75134332.949482,G:75134278.057904,B:75154644.087053,EVENT_C:7039.000000,EVENT_R:2741.000000,EVENT_G:3549.500000,EVENT_B:1418.500000
06-20 16:52:43.583  2018  3127 I libsensor-displayalgo: the value of  Coef1:1107.681000,Coef4:2.383000, scale1:0.935522, scale4:0.923264
06-20 16:52:43.583  2018  3127 E libsensor-displayalgo: RGB_test_0407_400_oldzy!
06-20 16:52:43.584  2018  3127 I libsensor-displayalgo: the value of  RESULT3057.892665,1207.982508,1483.705738,554.120520
06-20 16:52:43.584  2018  3127 I libsensor-displayalgo: the value of  getChannelDataCalibrated3206.033525,1118.824639,1724.517380,604.785259
06-20 16:52:43.584  2018  3127 I libsensor-displayalgo: the value of  REAL LUX226.285690
06-20 16:52:43.584  2018  3127 I libsensor-displayalgo: the value of  CAL REAL LUX226.285690
06-20 16:52:43.787 31630 31630 I HandWritingStubImpl: isKeyboardTypeChanged: false
06-20 16:52:43.883  2018  3127 D libsensor-displayalgo: the value of  brightness:438.000000,R:75134332.949482,G:75134278.057904,B:75154644.087053,EVENT_C:7035.500000,EVENT_R:2739.500000,EVENT_G:3551.500000,EVENT_B:1419.500000
06-20 16:52:43.883  2018  3127 I libsensor-displayalgo: the value of  Coef1:1107.681000,Coef4:2.383000, scale1:0.935522, scale4:0.923264
06-20 16:52:43.883  2018  3127 E libsensor-displayalgo: RGB_test_0407_400_oldzy!
06-20 16:52:43.884  2018  3127 I libsensor-displayalgo: the value of  RESULT3057.892665,1207.982508,1483.705738,554.120520
06-20 16:52:43.884  2018  3127 I libsensor-displayalgo: the value of  getChannelDataCalibrated3206.033525,1118.824639,1724.517380,604.785259
06-20 16:52:43.884  2018  3127 I libsensor-displayalgo: the value of  REAL LUX226.104996
06-20 16:52:43.884  2018  3127 I libsensor-displayalgo: the value of  CAL REAL LUX226.104996
06-20 16:52:44.183  2018  3127 D libsensor-displayalgo: the value of  brightness:438.000000,R:75134332.949482,G:75134278.057904,B:75154644.087053,EVENT_C:7041.500000,EVENT_R:2742.000000,EVENT_G:3551.500000,EVENT_B:1420.000000
06-20 16:52:44.183  2018  3127 I libsensor-displayalgo: the value of  Coef1:1107.681000,Coef4:2.383000, scale1:0.935522, scale4:0.923264
06-20 16:52:44.183  2018  3127 E libsensor-displayalgo: RGB_test_0407_400_oldzy!
06-20 16:52:44.184  2018  3127 I libsensor-displayalgo: the value of  RESULT3057.892665,1207.982508,1483.705738,554.120520
06-20 16:52:44.184  2018  3127 I libsensor-displayalgo: the value of  getChannelDataCalibrated3206.033525,1118.824639,1724.517380,604.785259
06-20 16:52:44.184  2018  3127 I libsensor-displayalgo: the value of  REAL LUX226.393600
06-20 16:52:44.184  2018  3127 I libsensor-displayalgo: the value of  CAL REAL LUX226.393600
06-20 16:52:44.287 31630 31630 I HandWritingStubImpl: isKeyboardTypeChanged: false
06-20 16:52:44.483  2018  3127 D libsensor-displayalgo: the value of  brightness:438.000000,R:75134332.949482,G:75134278.057904,B:75154644.087053,EVENT_C:7041.500000,EVENT_R:2742.000000,EVENT_G:3554.000000,EVENT_B:1422.000000
06-20 16:52:44.483  2018  3127 I libsensor-displayalgo: the value of  Coef1:1107.681000,Coef4:2.383000, scale1:0.935522, scale4:0.923264
06-20 16:52:44.484  2018  3127 E libsensor-displayalgo: RGB_test_0407_400_oldzy!
06-20 16:52:44.485  2018  3127 I libsensor-displayalgo: the value of  RESULT3057.892665,1207.982508,1483.705738,554.120520
06-20 16:52:44.485  2018  3127 I libsensor-displayalgo: the value of  getChannelDataCalibrated3206.033525,1118.824639,1724.517380,604.785259
06-20 16:52:44.485  2018  3127 I libsensor-displayalgo: the value of  REAL LUX226.344864
06-20 16:52:44.485  2018  3127 I libsensor-displayalgo: the value of  CAL REAL LUX226.344864
06-20 16:52:44.783  2018  3127 D libsensor-displayalgo: the value of  brightness:438.000000,R:75134332.949482,G:75134278.057904,B:75154644.087053,EVENT_C:7038.000000,EVENT_R:2739.000000,EVENT_G:3553.000000,EVENT_B:1419.500000
06-20 16:52:44.783  2018  3127 I libsensor-displayalgo: the value of  Coef1:1107.681000,Coef4:2.383000, scale1:0.935522, scale4:0.923264
06-20 16:52:44.783  2018  3127 E libsensor-displayalgo: RGB_test_0407_400_oldzy!
06-20 16:52:44.784  2018  3127 I libsensor-displayalgo: the value of  RESULT3057.892665,1207.982508,1483.705738,554.120520
06-20 16:52:44.784  2018  3127 I libsensor-displayalgo: the value of  getChannelDataCalibrated3206.033525,1118.824639,1724.517380,604.785259
06-20 16:52:44.784  2018  3127 I libsensor-displayalgo: the value of  REAL LUX226.368530
06-20 16:52:44.784  2018  3127 I libsensor-displayalgo: the value of  CAL REAL LUX226.368530
06-20 16:52:44.804 31630 31630 I HandWritingStubImpl: isKeyboardTypeChanged: false
06-20 16:52:45.083  2018  3127 D libsensor-displayalgo: the value of  brightness:438.000000,R:75134332.949482,G:75134278.057904,B:75154644.087053,EVENT_C:7041.000000,EVENT_R:2739.500000,EVENT_G:3551.500000,EVENT_B:1418.500000
06-20 16:52:45.083  2018  3127 I libsensor-displayalgo: the value of  Coef1:1107.681000,Coef4:2.383000, scale1:0.935522, scale4:0.923264
06-20 16:52:45.083  2018  3127 E libsensor-displayalgo: RGB_test_0407_400_oldzy!
06-20 16:52:45.084  2018  3127 I libsensor-displayalgo: the value of  RESULT3057.892665,1207.982508,1483.705738,554.120520
06-20 16:52:45.084  2018  3127 I libsensor-displayalgo: the value of  getChannelDataCalibrated3206.033525,1118.824639,1724.517380,604.785259
06-20 16:52:45.084  2018  3127 I libsensor-displayalgo: the value of  REAL LUX226.574402
06-20 16:52:45.084  2018  3127 I libsensor-displayalgo: the value of  CAL REAL LUX226.574402
06-20 16:52:45.339 31630 31630 I HandWritingStubImpl: isKeyboardTypeChanged: false
06-20 16:52:45.383  2018  3127 D libsensor-displayalgo: the value of  brightness:438.000000,R:75134332.949482,G:75134278.057904,B:75154644.087053,EVENT_C:7041.000000,EVENT_R:2742.500000,EVENT_G:3557.000000,EVENT_B:1419.500000
06-20 16:52:45.383  2018  3127 I libsensor-displayalgo: the value of  Coef1:1107.681000,Coef4:2.383000, scale1:0.935522, scale4:0.923264
06-20 16:52:45.383  2018  3127 E libsensor-displayalgo: RGB_test_0407_400_oldzy!
06-20 16:52:45.384  2018  3127 I libsensor-displayalgo: the value of  RESULT3057.892665,1207.982508,1483.705738,554.120520
06-20 16:52:45.384  2018  3127 I libsensor-displayalgo: the value of  getChannelDataCalibrated3206.033525,1118.824639,1724.517380,604.785259
06-20 16:52:45.384  2018  3127 I libsensor-displayalgo: the value of  REAL LUX226.630295
06-20 16:52:45.384  2018  3127 I libsensor-displayalgo: the value of  CAL REAL LUX226.630295
06-20 16:52:45.683  2018  3127 D libsensor-displayalgo: the value of  brightness:438.000000,R:75134332.949482,G:75134278.057904,B:75154644.087053,EVENT_C:7044.500000,EVENT_R:2741.500000,EVENT_G:3554.000000,EVENT_B:1421.000000
06-20 16:52:45.683  2018  3127 I libsensor-displayalgo: the value of  Coef1:1107.681000,Coef4:2.383000, scale1:0.935522, scale4:0.923264
06-20 16:52:45.683  2018  3127 E libsensor-displayalgo: RGB_test_0407_400_oldzy!
06-20 16:52:45.684  2018  3127 I libsensor-displayalgo: the value of  RESULT3057.892665,1207.982508,1483.705738,554.120520
06-20 16:52:45.684  2018  3127 I libsensor-displayalgo: the value of  getChannelDataCalibrated3206.033525,1118.824639,1724.517380,604.785259
06-20 16:52:45.684  2018  3127 I libsensor-displayalgo: the value of  REAL LUX226.656677
06-20 16:52:45.684  2018  3127 I libsensor-displayalgo: the value of  CAL REAL LUX226.656677
06-20 16:52:45.872 31630 31630 I HandWritingStubImpl: isKeyboardTypeChanged: false
06-20 16:52:45.983  2018  3127 D libsensor-displayalgo: the value of  brightness:438.000000,R:75134332.949482,G:75134278.057904,B:75154644.087053,EVENT_C:7029.500000,EVENT_R:2740.500000,EVENT_G:3551.500000,EVENT_B:1419.500000
06-20 16:52:45.983  2018  3127 I libsensor-displayalgo: the value of  Coef1:1107.681000,Coef4:2.383000, scale1:0.935522, scale4:0.923264
06-20 16:52:45.983  2018  3127 E libsensor-displayalgo: RGB_test_0407_400_oldzy!
06-20 16:52:45.984  2018  3127 I libsensor-displayalgo: the value of  RESULT3057.892665,1207.982508,1483.705738,554.120520
06-20 16:52:45.984  2018  3127 I libsensor-displayalgo: the value of  getChannelDataCalibrated3206.033525,1118.824639,1724.517380,604.785259
06-20 16:52:45.984  2018  3127 I libsensor-displayalgo: the value of  REAL LUX225.643845
06-20 16:52:45.984  2018  3127 I libsensor-displayalgo: the value of  CAL REAL LUX225.643845
06-20 16:52:46.283  2018  3127 D libsensor-displayalgo: the value of  brightness:438.000000,R:75134332.949482,G:75134278.057904,B:75154644.087053,EVENT_C:7042.500000,EVENT_R:2740.000000,EVENT_G:3554.500000,EVENT_B:1421.000000
06-20 16:52:46.284  2018  3127 I libsensor-displayalgo: the value of  Coef1:1107.681000,Coef4:2.383000, scale1:0.935522, scale4:0.923264
06-20 16:52:46.284  2018  3127 E libsensor-displayalgo: RGB_test_0407_400_oldzy!
06-20 16:52:46.284  2018  3127 I libsensor-displayalgo: the value of  RESULT3057.892665,1207.982508,1483.705738,554.120520
06-20 16:52:46.284  2018  3127 I libsensor-displayalgo: the value of  getChannelDataCalibrated3206.033525,1118.824639,1724.517380,604.785259
06-20 16:52:46.284  2018  3127 I libsensor-displayalgo: the value of  REAL LUX226.594849
06-20 16:52:46.285  2018  3127 I libsensor-displayalgo: the value of  CAL REAL LUX226.594849
06-20 16:52:46.406 31630 31630 I HandWritingStubImpl: isKeyboardTypeChanged: false
06-20 16:52:46.583  2018  3127 D libsensor-displayalgo: the value of  brightness:438.000000,R:75134332.949482,G:75134278.057904,B:75154644.087053,EVENT_C:7038.000000,EVENT_R:2738.000000,EVENT_G:3551.500000,EVENT_B:1418.500000
06-20 16:52:46.583  2018  3127 I libsensor-displayalgo: the value of  Coef1:1107.681000,Coef4:2.383000, scale1:0.935522, scale4:0.923264
06-20 16:52:46.583  2018  3127 E libsensor-displayalgo: RGB_test_0407_400_oldzy!
06-20 16:52:46.583  2018  3127 I libsensor-displayalgo: the value of  RESULT3057.892665,1207.982508,1483.705738,554.120520
06-20 16:52:46.584  2018  3127 I libsensor-displayalgo: the value of  getChannelDataCalibrated3206.033525,1118.824639,1724.517380,604.785259
06-20 16:52:46.584  2018  3127 I libsensor-displayalgo: the value of  REAL LUX226.419235
06-20 16:52:46.584  2018  3127 I libsensor-displayalgo: the value of  CAL REAL LUX226.419235
06-20 16:52:46.884  2018  3127 D libsensor-displayalgo: the value of  brightness:438.000000,R:75134332.949482,G:75134278.057904,B:75154644.087053,EVENT_C:7039.000000,EVENT_R:2740.500000,EVENT_G:3550.500000,EVENT_B:1421.000000
06-20 16:52:46.884  2018  3127 I libsensor-displayalgo: the value of  Coef1:1107.681000,Coef4:2.383000, scale1:0.935522, scale4:0.923264
06-20 16:52:46.884  2018  3127 E libsensor-displayalgo: RGB_test_0407_400_oldzy!
06-20 16:52:46.885  2018  3127 I libsensor-displayalgo: the value of  RESULT3057.892665,1207.982508,1483.705738,554.120520
06-20 16:52:46.885  2018  3127 I libsensor-displayalgo: the value of  getChannelDataCalibrated3206.033525,1118.824639,1724.517380,604.785259
06-20 16:52:46.885  2018  3127 I libsensor-displayalgo: the value of  REAL LUX226.146957
06-20 16:52:46.885  2018  3127 I libsensor-displayalgo: the value of  CAL REAL LUX226.146957
06-20 16:52:46.939 31630 31630 I HandWritingStubImpl: isKeyboardTypeChanged: false
06-20 16:52:47.183  2018  3127 D libsensor-displayalgo: the value of  brightness:438.000000,R:75134332.949482,G:75134278.057904,B:75154644.087053,EVENT_C:7039.000000,EVENT_R:2741.500000,EVENT_G:3554.500000,EVENT_B:1419.000000
06-20 16:52:47.183  2018  3127 I libsensor-displayalgo: the value of  Coef1:1107.681000,Coef4:2.383000, scale1:0.935522, scale4:0.923264
06-20 16:52:47.183  2018  3127 E libsensor-displayalgo: RGB_test_0407_400_oldzy!
06-20 16:52:47.184  2018  3127 I libsensor-displayalgo: the value of  RESULT3057.892665,1207.982508,1483.705738,554.120520
06-20 16:52:47.184  2018  3127 I libsensor-displayalgo: the value of  getChannelDataCalibrated3206.033525,1118.824639,1724.517380,604.785259
06-20 16:52:47.184  2018  3127 I libsensor-displayalgo: the value of  REAL LUX226.453735
06-20 16:52:47.184  2018  3127 I libsensor-displayalgo: the value of  CAL REAL LUX226.453735
06-20 16:52:47.473 31630 31630 I HandWritingStubImpl: isKeyboardTypeChanged: false
06-20 16:52:47.483  2018  3127 D libsensor-displayalgo: the value of  brightness:438.000000,R:75134332.949482,G:75134278.057904,B:75154644.087053,EVENT_C:7038.000000,EVENT_R:2742.000000,EVENT_G:3552.000000,EVENT_B:1420.000000
06-20 16:52:47.483  2018  3127 I libsensor-displayalgo: the value of  Coef1:1107.681000,Coef4:2.383000, scale1:0.935522, scale4:0.923264
06-20 16:52:47.483  2018  3127 E libsensor-displayalgo: RGB_test_0407_400_oldzy!
06-20 16:52:47.484  2018  3127 I libsensor-displayalgo: the value of  RESULT3057.892665,1207.982508,1483.705738,554.120520
06-20 16:52:47.484  2018  3127 I libsensor-displayalgo: the value of  getChannelDataCalibrated3206.033525,1118.824639,1724.517380,604.785259
06-20 16:52:47.484  2018  3127 I libsensor-displayalgo: the value of  REAL LUX226.169312
06-20 16:52:47.484  2018  3127 I libsensor-displayalgo: the value of  CAL REAL LUX226.169312
06-20 16:52:47.782  2018  3127 D libsensor-displayalgo: the value of  brightness:438.000000,R:75134332.949482,G:75134278.057904,B:75154644.087053,EVENT_C:7044.500000,EVENT_R:2743.000000,EVENT_G:3556.500000,EVENT_B:1421.000000
06-20 16:52:47.782  2018  3127 I libsensor-displayalgo: the value of  Coef1:1107.681000,Coef4:2.383000, scale1:0.935522, scale4:0.923264
06-20 16:52:47.782  2018  3127 E libsensor-displayalgo: RGB_test_0407_400_oldzy!
06-20 16:52:47.783  2018  3127 I libsensor-displayalgo: the value of  RESULT3057.892665,1207.982508,1483.705738,554.120520
06-20 16:52:47.783  2018  3127 I libsensor-displayalgo: the value of  getChannelDataCalibrated3206.033525,1118.824639,1724.517380,604.785259
06-20 16:52:47.783  2018  3127 I libsensor-displayalgo: the value of  REAL LUX226.713867
06-20 16:52:47.783  2018  3127 I libsensor-displayalgo: the value of  CAL REAL LUX226.713867
06-20 16:52:47.972 31630 31630 I HandWritingStubImpl: isKeyboardTypeChanged: false
06-20 16:52:48.084  2018  3127 D libsensor-displayalgo: the value of  brightness:438.000000,R:75134332.949482,G:75134278.057904,B:75154644.087053,EVENT_C:7041.500000,EVENT_R:2738.500000,EVENT_G:3553.500000,EVENT_B:1420.500000
06-20 16:52:48.084  2018  3127 I libsensor-displayalgo: the value of  Coef1:1107.681000,Coef4:2.383000, scale1:0.935522, scale4:0.923264
06-20 16:52:48.084  2018  3127 E libsensor-displayalgo: RGB_test_0407_400_oldzy!
06-20 16:52:48.085  2018  3127 I libsensor-displayalgo: the value of  RESULT3057.892665,1207.982508,1483.705738,554.120520
06-20 16:52:48.085  2018  3127 I libsensor-displayalgo: the value of  getChannelDataCalibrated3206.033525,1118.824639,1724.517380,604.785259
06-20 16:52:48.085  2018  3127 I libsensor-displayalgo: the value of  REAL LUX226.575912
06-20 16:52:48.085  2018  3127 I libsensor-displayalgo: the value of  CAL REAL LUX226.575912
06-20 16:52:48.252  8680  8693 I com.milink.runtime:new_milink:DataContentProvider: Call content://provider.milink.mi.com/messenger#poll from com.xiaomi.market, content://provider.milink.mi.com/messenger#poll
06-20 16:52:48.254 31630 31705 I com.xiaomi.market:new_milink:MessengerClient: empty packet, skip it.
06-20 16:52:48.383  2018  3127 D libsensor-displayalgo: the value of  brightness:438.000000,R:75134332.949482,G:75134278.057904,B:75154644.087053,EVENT_C:7041.000000,EVENT_R:2742.500000,EVENT_G:3553.000000,EVENT_B:1421.000000
06-20 16:52:48.383  2018  3127 I libsensor-displayalgo: the value of  Coef1:1107.681000,Coef4:2.383000, scale1:0.935522, scale4:0.923264
06-20 16:52:48.383  2018  3127 E libsensor-displayalgo: RGB_test_0407_400_oldzy!
06-20 16:52:48.384  2018  3127 I libsensor-displayalgo: the value of  RESULT3057.892665,1207.982508,1483.705738,554.120520
06-20 16:52:48.384  2018  3127 I libsensor-displayalgo: the value of  getChannelDataCalibrated3206.033525,1118.824639,1724.517380,604.785259
06-20 16:52:48.384  2018  3127 I libsensor-displayalgo: the value of  REAL LUX226.326447
06-20 16:52:48.384  2018  3127 I libsensor-displayalgo: the value of  CAL REAL LUX226.326447
06-20 16:52:48.523 31630 31630 I HandWritingStubImpl: isKeyboardTypeChanged: false
06-20 16:52:48.683  2018  3127 D libsensor-displayalgo: the value of  brightness:438.000000,R:75134332.949482,G:75134278.057904,B:75154644.087053,EVENT_C:7049.500000,EVENT_R:2744.500000,EVENT_G:3552.500000,EVENT_B:1420.500000
06-20 16:52:48.683  2018  3127 I libsensor-displayalgo: the value of  Coef1:1107.681000,Coef4:2.383000, scale1:0.935522, scale4:0.923264
06-20 16:52:48.683  2018  3127 E libsensor-displayalgo: RGB_test_0407_400_oldzy!
06-20 16:52:48.684  2018  3127 I libsensor-displayalgo: the value of  RESULT3057.892665,1207.982508,1483.705738,554.120520
06-20 16:52:48.684  2018  3127 I libsensor-displayalgo: the value of  getChannelDataCalibrated3206.033525,1118.824639,1724.517380,604.785259
06-20 16:52:48.684  2018  3127 I libsensor-displayalgo: the value of  REAL LUX226.868790
06-20 16:52:48.684  2018  3127 I libsensor-displayalgo: the value of  CAL REAL LUX226.868790
06-20 16:52:48.983  2018  3127 D libsensor-displayalgo: the value of  brightness:438.000000,R:75134332.949482,G:75134278.057904,B:75154644.087053,EVENT_C:7059.500000,EVENT_R:2746.500000,EVENT_G:3558.500000,EVENT_B:1423.500000
06-20 16:52:48.983  2018  3127 I libsensor-displayalgo: the value of  Coef1:1107.681000,Coef4:2.383000, scale1:0.935522, scale4:0.923264
06-20 16:52:48.983  2018  3127 E libsensor-displayalgo: RGB_test_0407_400_oldzy!
06-20 16:52:48.984  2018  3127 I libsensor-displayalgo: the value of  RESULT3057.892665,1207.982508,1483.705738,554.120520
06-20 16:52:48.984  2018  3127 I libsensor-displayalgo: the value of  getChannelDataCalibrated3206.033525,1118.824639,1724.517380,604.785259
06-20 16:52:48.984  2018  3127 I libsensor-displayalgo: the value of  REAL LUX227.528442
06-20 16:52:48.984  2018  3127 I libsensor-displayalgo: the value of  CAL REAL LUX227.528442
06-20 16:52:49.021 31630 31630 I HandWritingStubImpl: isKeyboardTypeChanged: false
06-20 16:52:49.194  2431  3286 D MiuiNetworkPolicy: updateLimit mLimitEnabled=true,enabled=false,mNetworkPriorityMode=1
06-20 16:52:49.283  2018  3127 D libsensor-displayalgo: the value of  brightness:438.000000,R:75134332.949482,G:75134278.057904,B:75154644.087053,EVENT_C:7054.000000,EVENT_R:2745.500000,EVENT_G:3556.000000,EVENT_B:1422.000000
06-20 16:52:49.283  2018  3127 I libsensor-displayalgo: the value of  Coef1:1107.681000,Coef4:2.383000, scale1:0.935522, scale4:0.923264
06-20 16:52:49.283  2018  3127 E libsensor-displayalgo: RGB_test_0407_400_oldzy!
06-20 16:52:49.284  2018  3127 I libsensor-displayalgo: the value of  RESULT3057.892665,1207.982508,1483.705738,554.120520
06-20 16:52:49.284  2018  3127 I libsensor-displayalgo: the value of  getChannelDataCalibrated3206.033525,1118.824639,1724.517380,604.785259
06-20 16:52:49.284  2018  3127 I libsensor-displayalgo: the value of  REAL LUX227.186096
06-20 16:52:49.284  2018  3127 I libsensor-displayalgo: the value of  CAL REAL LUX227.186096
06-20 16:52:49.554 31630 31630 I HandWritingStubImpl: isKeyboardTypeChanged: false
06-20 16:52:49.583  2018  3127 D libsensor-displayalgo: the value of  brightness:438.000000,R:75134332.949482,G:75134278.057904,B:75154644.087053,EVENT_C:7037.500000,EVENT_R:2739.500000,EVENT_G:3550.000000,EVENT_B:1420.000000
06-20 16:52:49.583  2018  3127 I libsensor-displayalgo: the value of  Coef1:1107.681000,Coef4:2.383000, scale1:0.935522, scale4:0.923264
06-20 16:52:49.583  2018  3127 E libsensor-displayalgo: RGB_test_0407_400_oldzy!
06-20 16:52:49.584  2018  3127 I libsensor-displayalgo: the value of  RESULT3057.892665,1207.982508,1483.705738,554.120520
06-20 16:52:49.584  2018  3127 I libsensor-displayalgo: the value of  getChannelDataCalibrated3206.033525,1118.824639,1724.517380,604.785259
06-20 16:52:49.584  2018  3127 I libsensor-displayalgo: the value of  REAL LUX226.137283
06-20 16:52:49.584  2018  3127 I libsensor-displayalgo: the value of  CAL REAL LUX226.137283
06-20 16:52:49.883  2018  3127 D libsensor-displayalgo: the value of  brightness:438.000000,R:75134332.949482,G:75134278.057904,B:75154644.087053,EVENT_C:7024.500000,EVENT_R:2734.000000,EVENT_G:3543.000000,EVENT_B:1417.500000
06-20 16:52:49.883  2018  3127 I libsensor-displayalgo: the value of  Coef1:1107.681000,Coef4:2.383000, scale1:0.935522, scale4:0.923264
06-20 16:52:49.883  2018  3127 E libsensor-displayalgo: RGB_test_0407_400_oldzy!
06-20 16:52:49.884  2018  3127 I libsensor-displayalgo: the value of  RESULT3057.892665,1207.982508,1483.705738,554.120520
06-20 16:52:49.884  2018  3127 I libsensor-displayalgo: the value of  getChannelDataCalibrated3206.033525,1118.824639,1724.517380,604.785259
06-20 16:52:49.884  2018  3127 I libsensor-displayalgo: the value of  REAL LUX225.311752
06-20 16:52:49.884  2018  3127 I libsensor-displayalgo: the value of  CAL REAL LUX225.311752
06-20 16:52:50.087 31630 31630 I HandWritingStubImpl: isKeyboardTypeChanged: false
06-20 16:52:50.183  2018  3127 D libsensor-displayalgo: the value of  brightness:438.000000,R:75134332.949482,G:75134278.057904,B:75154644.087053,EVENT_C:7023.500000,EVENT_R:2732.500000,EVENT_G:3541.500000,EVENT_B:1417.000000
06-20 16:52:50.183  2018  3127 I libsensor-displayalgo: the value of  Coef1:1107.681000,Coef4:2.383000, scale1:0.935522, scale4:0.923264
06-20 16:52:50.183  2018  3127 E libsensor-displayalgo: RGB_test_0407_400_oldzy!
06-20 16:52:50.184  2018  3127 I libsensor-displayalgo: the value of  RESULT3057.892665,1207.982508,1483.705738,554.120520
06-20 16:52:50.184  2018  3127 I libsensor-displayalgo: the value of  getChannelDataCalibrated3206.033525,1118.824639,1724.517380,604.785259
06-20 16:52:50.184  2018  3127 I libsensor-displayalgo: the value of  REAL LUX225.270111
06-20 16:52:50.184  2018  3127 I libsensor-displayalgo: the value of  CAL REAL LUX225.270111
06-20 16:52:50.483  2018  3127 D libsensor-displayalgo: the value of  brightness:438.000000,R:75134332.949482,G:75134278.057904,B:75154644.087053,EVENT_C:7029.500000,EVENT_R:2734.000000,EVENT_G:3543.500000,EVENT_B:1419.500000
06-20 16:52:50.483  2018  3127 I libsensor-displayalgo: the value of  Coef1:1107.681000,Coef4:2.383000, scale1:0.935522, scale4:0.923264
06-20 16:52:50.483  2018  3127 E libsensor-displayalgo: RGB_test_0407_400_oldzy!
06-20 16:52:50.484  2018  3127 I libsensor-displayalgo: the value of  RESULT3057.892665,1207.982508,1483.705738,554.120520
06-20 16:52:50.484  2018  3127 I libsensor-displayalgo: the value of  getChannelDataCalibrated3206.033525,1118.824639,1724.517380,604.785259
06-20 16:52:50.484  2018  3127 I libsensor-displayalgo: the value of  REAL LUX225.524918
06-20 16:52:50.484  2018  3127 I libsensor-displayalgo: the value of  CAL REAL LUX225.524918
06-20 16:52:50.604 31630 31630 I HandWritingStubImpl: isKeyboardTypeChanged: false
06-20 16:52:50.783  2018  3127 D libsensor-displayalgo: the value of  brightness:438.000000,R:75134332.949482,G:75134278.057904,B:75154644.087053,EVENT_C:7020.500000,EVENT_R:2732.000000,EVENT_G:3542.500000,EVENT_B:1417.000000
06-20 16:52:50.783  2018  3127 I libsensor-displayalgo: the value of  Coef1:1107.681000,Coef4:2.383000, scale1:0.935522, scale4:0.923264
06-20 16:52:50.783  2018  3127 E libsensor-displayalgo: RGB_test_0407_400_oldzy!
06-20 16:52:50.784  2018  3127 I libsensor-displayalgo: the value of  RESULT3057.892665,1207.982508,1483.705738,554.120520
06-20 16:52:50.784  2018  3127 I libsensor-displayalgo: the value of  getChannelDataCalibrated3206.033525,1118.824639,1724.517380,604.785259
06-20 16:52:50.784  2018  3127 I libsensor-displayalgo: the value of  REAL LUX225.122742
06-20 16:52:50.784  2018  3127 I libsensor-displayalgo: the value of  CAL REAL LUX225.122742
06-20 16:52:51.057 10662 10806 D MemoryCeilingMonitor: [handleMemoryCalculate]
06-20 16:52:51.057 10662 10806 D MemoryCeilingMonitor: [calculate] tot: 5952416, max: 268435456, free: 1287568, heap: 4664848, per: 0.017377912998199463
