06-08 18:08:23.444  1245 22544 I SDM     : HWCSession::NotifyCWBStatus: Notify the client about buffer status 0.
06-08 18:08:23.445  1245 22544 I SDM     : HWCSession::PerformFenceWaits: Remove current release fence from the pending fence wait queue.
06-08 18:08:23.445  1245 22544 I SDM     : HWCSession::PerformFenceWaits: CWB fence queue is empty. No pending release fence to wait on.
06-08 18:08:23.605  1977  2997 D libsensor-displayalgo: the value of  brightness:400.000000,R:5839427.745025,G:5838004.606291,B:5844250.476950,EVENT_C:4066.000000,EVENT_R:1693.500000,EVENT_G:1963.000000,EVENT_B:809.000000
06-08 18:08:23.605  1977  2997 I libsensor-displayalgo: the value of  Coef1:1107.681000,Coef4:2.383000, scale1:0.935522, scale4:0.923264
06-08 18:08:23.606  1977  2997 E libsensor-displayalgo: RGB_black_white_scenario_0822!
06-08 18:08:23.606  1977  2997 I libsensor-displayalgo: the value of  RESULT180.445235,64.704759,96.719156,32.964019
06-08 18:08:23.606  1977  2997 I libsensor-displayalgo: the value of  getChannelDataCalibrated188.560035,59.959021,111.913424,35.729273
06-08 18:08:23.606  1977  2997 I libsensor-displayalgo: the value of  REAL LUX233.469101
06-08 18:08:23.606  1977  2997 I libsensor-displayalgo: the value of  CAL REAL LUX233.469101
06-08 18:08:23.736  1245  2285 I vendor.qti.hardware.display.composer-service: FrameNotifyProcess Sensor: notify citsensorservice to trigger cwb
06-08 18:08:23.738  1977  2106 I libcitsensorservice@2.0-impl: msg_transfer
06-08 18:08:23.738  1977  2987 D vendor.xiaomi.sensor.citsensorservice@2.0-service: handle id:8 wxh:1280x2400 uwxuh:1080x2400 size: 9216000 fd:15 fd_meta:16 flags:0x4000228 usage:0x33  format:0x3 layer_count: 1
06-08 18:08:23.738  1245  1846 I SDM     : HWCSession::SetCWBOutputBuffer: CWB config passed by cwb_client : tappoint 1  CWB_ROI : (829.000000 4.000000 915.000000 90.000000)
06-08 18:08:23.742  1245 22549 I SDM     : HWCSession::ProcessRequests: Successfully configured CWB buffer.
06-08 18:08:23.751  1245 22549 I SDM     : HWCSession::ProcessRequests: Pushing release fence in fenece wait queue.
06-08 18:08:23.751  1245 22549 I SDM     : HWCSession::ProcessRequests: Creating AsyncFenceWaits async thread.
06-08 18:08:23.751  1245 22549 I SDM     : HWCSession::ProcessRequests: Remove current CWB request from the pending request queue.
06-08 18:08:23.752  1245 22549 I SDM     : HWCSession::ProcessRequests: No pending cwb requests found in the queue.
06-08 18:08:23.758  1245  1464 I SDM     : HWDeviceDRM::SetupConcurrentWriteback: Tear down the Concurrent Writeback topology
06-08 18:08:23.761  4164  4164 D MiPlayDetailViewModel: onPositionChange(): position = 134804
06-08 18:08:23.761  6952 20004 I SafeBinderCall: onPositionChange binder cost:1
06-08 18:08:23.766  1245 22550 I SDM     : HWCSession::NotifyCWBStatus: Notify the client about buffer status 0.
06-08 18:08:23.766  1245 22550 I SDM     : HWCSession::PerformFenceWaits: Remove current release fence from the pending fence wait queue.
06-08 18:08:23.766  1245 22550 I SDM     : HWCSession::PerformFenceWaits: CWB fence queue is empty. No pending release fence to wait on.
06-08 18:08:23.903  1977  2997 D libsensor-displayalgo: the value of  brightness:400.000000,R:5839427.745025,G:5838004.606291,B:5844250.476950,EVENT_C:4115.000000,EVENT_R:1704.000000,EVENT_G:1989.000000,EVENT_B:824.000000
06-08 18:08:23.904  1977  2997 I libsensor-displayalgo: the value of  Coef1:1107.681000,Coef4:2.383000, scale1:0.935522, scale4:0.923264
06-08 18:08:23.904  1977  2997 E libsensor-displayalgo: RGB_black_white_scenario_0822!
06-08 18:08:23.904  1977  2997 I libsensor-displayalgo: the value of  RESULT180.445235,64.704759,96.719156,32.964019
06-08 18:08:23.904  1977  2997 I libsensor-displayalgo: the value of  getChannelDataCalibrated188.560035,59.959021,111.913424,35.729273
06-08 18:08:23.904  1977  2997 I libsensor-displayalgo: the value of  REAL LUX236.495880
06-08 18:08:23.904  1977  2997 I libsensor-displayalgo: the value of  CAL REAL LUX236.495880
06-08 18:08:24.040  1245  2285 I vendor.qti.hardware.display.composer-service: FrameNotifyProcess Sensor: notify citsensorservice to trigger cwb
06-08 18:08:24.040  1977 18363 I libcitsensorservice@2.0-impl: msg_transfer
06-08 18:08:24.041  1977  2987 D vendor.xiaomi.sensor.citsensorservice@2.0-service: handle id:8 wxh:1280x2400 uwxuh:1080x2400 size: 9216000 fd:15 fd_meta:16 flags:0x4000228 usage:0x33  format:0x3 layer_count: 1
06-08 18:08:24.041  1245  1846 I SDM     : HWCSession::SetCWBOutputBuffer: CWB config passed by cwb_client : tappoint 1  CWB_ROI : (829.000000 4.000000 915.000000 90.000000)
06-08 18:08:24.042  1245 22554 I SDM     : HWCSession::ProcessRequests: Successfully configured CWB buffer.
06-08 18:08:24.049  1245 22554 I SDM     : HWCSession::ProcessRequests: Pushing release fence in fenece wait queue.
06-08 18:08:24.049  1245 22554 I SDM     : HWCSession::ProcessRequests: Creating AsyncFenceWaits async thread.
06-08 18:08:24.049  1245 22554 I SDM     : HWCSession::ProcessRequests: Remove current CWB request from the pending request queue.
06-08 18:08:24.050  1245 22554 I SDM     : HWCSession::ProcessRequests: No pending cwb requests found in the queue.
06-08 18:08:24.055  1245  1464 I SDM     : HWDeviceDRM::SetupConcurrentWriteback: Tear down the Concurrent Writeback topology
06-08 18:08:24.062  1245 22556 I SDM     : HWCSession::NotifyCWBStatus: Notify the client about buffer status 0.
06-08 18:08:24.062  1245 22556 I SDM     : HWCSession::PerformFenceWaits: Remove current release fence from the pending fence wait queue.
06-08 18:08:24.062  1245 22556 I SDM     : HWCSession::PerformFenceWaits: CWB fence queue is empty. No pending release fence to wait on.
06-08 18:08:24.305  1977  2997 D libsensor-displayalgo: the value of  brightness:400.000000,R:5839427.745025,G:5838004.606291,B:5844250.476950,EVENT_C:4087.000000,EVENT_R:1698.000000,EVENT_G:1975.000000,EVENT_B:815.000000
06-08 18:08:24.305  1977  2997 I libsensor-displayalgo: the value of  Coef1:1107.681000,Coef4:2.383000, scale1:0.935522, scale4:0.923264
06-08 18:08:24.305  1977  2997 E libsensor-displayalgo: RGB_black_white_scenario_0822!
06-08 18:08:24.305  1977  2997 I libsensor-displayalgo: the value of  RESULT180.445235,64.704759,96.719156,32.964019
06-08 18:08:24.305  1977  2997 I libsensor-displayalgo: the value of  getChannelDataCalibrated188.560035,59.959021,111.913424,35.729273
06-08 18:08:24.305  1977  2997 I libsensor-displayalgo: the value of  REAL LUX234.840134
06-08 18:08:24.306  1977  2997 I libsensor-displayalgo: the value of  CAL REAL LUX234.840134
06-08 18:08:24.343  1245  2285 I vendor.qti.hardware.display.composer-service: FrameNotifyProcess Sensor: notify citsensorservice to trigger cwb
06-08 18:08:24.344  1977  2106 I libcitsensorservice@2.0-impl: msg_transfer
06-08 18:08:24.345  1977  2987 D vendor.xiaomi.sensor.citsensorservice@2.0-service: handle id:8 wxh:1280x2400 uwxuh:1080x2400 size: 9216000 fd:15 fd_meta:16 flags:0x4000228 usage:0x33  format:0x3 layer_count: 1
06-08 18:08:24.346  1245  1846 I SDM     : HWCSession::SetCWBOutputBuffer: CWB config passed by cwb_client : tappoint 1  CWB_ROI : (829.000000 4.000000 915.000000 90.000000)
06-08 18:08:24.347  1245 22560 I SDM     : HWCSession::ProcessRequests: Successfully configured CWB buffer.
06-08 18:08:24.353  1245 22560 I SDM     : HWCSession::ProcessRequests: Pushing release fence in fenece wait queue.
06-08 18:08:24.354  1245 22560 I SDM     : HWCSession::ProcessRequests: Creating AsyncFenceWaits async thread.
06-08 18:08:24.356  1245 22560 I SDM     : HWCSession::ProcessRequests: Remove current CWB request from the pending request queue.
06-08 18:08:24.356  1245 22560 I SDM     : HWCSession::ProcessRequests: No pending cwb requests found in the queue.
06-08 18:08:24.359  1245  1464 I SDM     : HWDeviceDRM::SetupConcurrentWriteback: Tear down the Concurrent Writeback topology
06-08 18:08:24.366  1245 22561 I SDM     : HWCSession::NotifyCWBStatus: Notify the client about buffer status 0.
06-08 18:08:24.367  1245 22561 I SDM     : HWCSession::PerformFenceWaits: Remove current release fence from the pending fence wait queue.
06-08 18:08:24.367  1245 22561 I SDM     : HWCSession::PerformFenceWaits: CWB fence queue is empty. No pending release fence to wait on.
06-08 18:08:24.497 18647 19599 D AudioTrack: [audioTrackData][fine] 55s(f:55041 m:1791 s:282 k:0) : pid 18647 uid 10462 sessionId 9321 sr 44100 ch 2 fmt 1
06-08 18:08:24.604  1977  2997 D libsensor-displayalgo: the value of  brightness:400.000000,R:5839427.745025,G:5838004.606291,B:5844250.476950,EVENT_C:4054.500000,EVENT_R:1689.500000,EVENT_G:1956.500000,EVENT_B:804.500000
06-08 18:08:24.605  1977  2997 I libsensor-displayalgo: the value of  Coef1:1107.681000,Coef4:2.383000, scale1:0.935522, scale4:0.923264
06-08 18:08:24.605  1977  2997 E libsensor-displayalgo: RGB_black_white_scenario_0822!
06-08 18:08:24.605  1977  2997 I libsensor-displayalgo: the value of  RESULT180.445235,64.704759,96.719156,32.964019
06-08 18:08:24.605  1977  2997 I libsensor-displayalgo: the value of  getChannelDataCalibrated188.560035,59.959021,111.913424,35.729273
06-08 18:08:24.605  1977  2997 I libsensor-displayalgo: the value of  REAL LUX232.878128
06-08 18:08:24.605  1977  2997 I libsensor-displayalgo: the value of  CAL REAL LUX232.878128
06-08 18:08:24.658  1245  2285 I vendor.qti.hardware.display.composer-service: FrameNotifyProcess Sensor: notify citsensorservice to trigger cwb
06-08 18:08:24.658  1977  2106 I libcitsensorservice@2.0-impl: msg_transfer
06-08 18:08:24.659  1977  2987 D vendor.xiaomi.sensor.citsensorservice@2.0-service: handle id:8 wxh:1280x2400 uwxuh:1080x2400 size: 9216000 fd:15 fd_meta:16 flags:0x4000228 usage:0x33  format:0x3 layer_count: 1
06-08 18:08:24.659  1245  1846 I SDM     : HWCSession::SetCWBOutputBuffer: CWB config passed by cwb_client : tappoint 1  CWB_ROI : (829.000000 4.000000 915.000000 90.000000)
06-08 18:08:24.663  1245 22565 I SDM     : HWCSession::ProcessRequests: Successfully configured CWB buffer.
06-08 18:08:24.673  1245 22565 I SDM     : HWCSession::ProcessRequests: Pushing release fence in fenece wait queue.
06-08 18:08:24.673  1245 22565 I SDM     : HWCSession::ProcessRequests: Creating AsyncFenceWaits async thread.
06-08 18:08:24.674  1245 22565 I SDM     : HWCSession::ProcessRequests: Remove current CWB request from the pending request queue.
06-08 18:08:24.674  1245 22565 I SDM     : HWCSession::ProcessRequests: No pending cwb requests found in the queue.
06-08 18:08:24.680  1245  1464 I SDM     : HWDeviceDRM::SetupConcurrentWriteback: Tear down the Concurrent Writeback topology
06-08 18:08:24.687  1245 22566 I SDM     : HWCSession::NotifyCWBStatus: Notify the client about buffer status 0.
06-08 18:08:24.688  1245 22566 I SDM     : HWCSession::PerformFenceWaits: Remove current release fence from the pending fence wait queue.
06-08 18:08:24.688  1245 22566 I SDM     : HWCSession::PerformFenceWaits: CWB fence queue is empty. No pending release fence to wait on.
06-08 18:08:24.759  4164  4164 D MiPlayDetailViewModel: onPositionChange(): position = 135804
06-08 18:08:24.759  6952 20004 I SafeBinderCall: onPositionChange binder cost:0
06-08 18:08:24.905  1977  2997 D libsensor-displayalgo: the value of  brightness:400.000000,R:5839427.745025,G:5838004.606291,B:5844250.476950,EVENT_C:4086.000000,EVENT_R:1697.500000,EVENT_G:1976.000000,EVENT_B:816.500000
06-08 18:08:24.905  1977  2997 I libsensor-displayalgo: the value of  Coef1:1107.681000,Coef4:2.383000, scale1:0.935522, scale4:0.923264
06-08 18:08:24.905  1977  2997 E libsensor-displayalgo: RGB_black_white_scenario_0822!
06-08 18:08:24.905  1977  2997 I libsensor-displayalgo: the value of  RESULT180.445235,64.704759,96.719156,32.964019
06-08 18:08:24.905  1977  2997 I libsensor-displayalgo: the value of  getChannelDataCalibrated188.560035,59.959021,111.913424,35.729273
06-08 18:08:24.905  1977  2997 I libsensor-displayalgo: the value of  REAL LUX234.712006
06-08 18:08:24.905  1977  2997 I libsensor-displayalgo: the value of  CAL REAL LUX234.712006
06-08 18:08:24.963  1245  2285 I vendor.qti.hardware.display.composer-service: FrameNotifyProcess Sensor: notify citsensorservice to trigger cwb
06-08 18:08:24.964  1977  3798 I libcitsensorservice@2.0-impl: msg_transfer
06-08 18:08:24.964  1977  2987 D vendor.xiaomi.sensor.citsensorservice@2.0-service: handle id:8 wxh:1280x2400 uwxuh:1080x2400 size: 9216000 fd:15 fd_meta:16 flags:0x4000228 usage:0x33  format:0x3 layer_count: 1
06-08 18:08:24.966  1245  1846 I SDM     : HWCSession::SetCWBOutputBuffer: CWB config passed by cwb_client : tappoint 1  CWB_ROI : (829.000000 4.000000 915.000000 90.000000)
06-08 18:08:24.967  1245 22569 I SDM     : HWCSession::ProcessRequests: Successfully configured CWB buffer.
06-08 18:08:24.978  1245 22569 I SDM     : HWCSession::ProcessRequests: Pushing release fence in fenece wait queue.
06-08 18:08:24.979  1245 22569 I SDM     : HWCSession::ProcessRequests: Creating AsyncFenceWaits async thread.
06-08 18:08:24.979  1245 22569 I SDM     : HWCSession::ProcessRequests: Remove current CWB request from the pending request queue.
06-08 18:08:24.979  1245 22569 I SDM     : HWCSession::ProcessRequests: No pending cwb requests found in the queue.
06-08 18:08:24.985  1245  1464 I SDM     : HWDeviceDRM::SetupConcurrentWriteback: Tear down the Concurrent Writeback topology
06-08 18:08:24.992  1245 22570 I SDM     : HWCSession::NotifyCWBStatus: Notify the client about buffer status 0.
06-08 18:08:24.992  1245 22570 I SDM     : HWCSession::PerformFenceWaits: Remove current release fence from the pending fence wait queue.
06-08 18:08:24.992  1245 22570 I SDM     : HWCSession::PerformFenceWaits: CWB fence queue is empty. No pending release fence to wait on.
06-08 18:08:25.204  1977  2997 D libsensor-displayalgo: the value of  brightness:400.000000,R:5839427.745025,G:5838004.606291,B:5844250.476950,EVENT_C:4063.500000,EVENT_R:1691.000000,EVENT_G:1963.500000,EVENT_B:810.500000
06-08 18:08:25.204  1977  2997 I libsensor-displayalgo: the value of  Coef1:1107.681000,Coef4:2.383000, scale1:0.935522, scale4:0.923264
06-08 18:08:25.204  1977  2997 E libsensor-displayalgo: RGB_black_white_scenario_0822!
06-08 18:08:25.205  1977  2997 I libsensor-displayalgo: the value of  RESULT180.445235,64.704759,96.719156,32.964019
06-08 18:08:25.205  1977  2997 I libsensor-displayalgo: the value of  getChannelDataCalibrated188.560035,59.959021,111.913424,35.729273
06-08 18:08:25.205  1977  2997 I libsensor-displayalgo: the value of  REAL LUX233.287811
06-08 18:08:25.205  1977  2997 I libsensor-displayalgo: the value of  CAL REAL LUX233.287811
06-08 18:08:25.274  1245  2285 I vendor.qti.hardware.display.composer-service: FrameNotifyProcess Sensor: notify citsensorservice to trigger cwb
06-08 18:08:25.274  1977  3798 I libcitsensorservice@2.0-impl: msg_transfer
06-08 18:08:25.274  1977  2987 D vendor.xiaomi.sensor.citsensorservice@2.0-service: handle id:8 wxh:1280x2400 uwxuh:1080x2400 size: 9216000 fd:15 fd_meta:16 flags:0x4000228 usage:0x33  format:0x3 layer_count: 1
06-08 18:08:25.274  1245  1846 I SDM     : HWCSession::SetCWBOutputBuffer: CWB config passed by cwb_client : tappoint 1  CWB_ROI : (829.000000 4.000000 915.000000 90.000000)
06-08 18:08:25.275  1245 22574 I SDM     : HWCSession::ProcessRequests: Successfully configured CWB buffer.
06-08 18:08:25.283  1245 22574 I SDM     : HWCSession::ProcessRequests: Pushing release fence in fenece wait queue.
06-08 18:08:25.283  1245 22574 I SDM     : HWCSession::ProcessRequests: Creating AsyncFenceWaits async thread.
06-08 18:08:25.284  1245 22574 I SDM     : HWCSession::ProcessRequests: Remove current CWB request from the pending request queue.
06-08 18:08:25.284  1245 22574 I SDM     : HWCSession::ProcessRequests: No pending cwb requests found in the queue.
06-08 18:08:25.289  1245  1464 I SDM     : HWDeviceDRM::SetupConcurrentWriteback: Tear down the Concurrent Writeback topology
06-08 18:08:25.296  1245 22576 I SDM     : HWCSession::NotifyCWBStatus: Notify the client about buffer status 0.
06-08 18:08:25.297  1245 22576 I SDM     : HWCSession::PerformFenceWaits: Remove current release fence from the pending fence wait queue.
06-08 18:08:25.297  1245 22576 I SDM     : HWCSession::PerformFenceWaits: CWB fence queue is empty. No pending release fence to wait on.
06-08 18:08:25.504  1977  2997 D libsensor-displayalgo: the value of  brightness:400.000000,R:5839427.745025,G:5838004.606291,B:5844250.476950,EVENT_C:4037.500000,EVENT_R:1684.000000,EVENT_G:1950.000000,EVENT_B:802.500000
06-08 18:08:25.504  1977  2997 I libsensor-displayalgo: the value of  Coef1:1107.681000,Coef4:2.383000, scale1:0.935522, scale4:0.923264
06-08 18:08:25.505  1977  2997 E libsensor-displayalgo: RGB_black_white_scenario_0822!
06-08 18:08:25.505  1977  2997 I libsensor-displayalgo: the value of  RESULT180.445235,64.704759,96.719156,32.964019
06-08 18:08:25.505  1977  2997 I libsensor-displayalgo: the value of  getChannelDataCalibrated188.560035,59.959021,111.913424,35.729273
06-08 18:08:25.505  1977  2997 I libsensor-displayalgo: the value of  REAL LUX231.752426
06-08 18:08:25.505  1977  2997 I libsensor-displayalgo: the value of  CAL REAL LUX231.752426
06-08 18:08:25.587  1245  2285 I vendor.qti.hardware.display.composer-service: FrameNotifyProcess Sensor: notify citsensorservice to trigger cwb
06-08 18:08:25.588  1977  3798 I libcitsensorservice@2.0-impl: msg_transfer
06-08 18:08:25.588  1977  2987 D vendor.xiaomi.sensor.citsensorservice@2.0-service: handle id:8 wxh:1280x2400 uwxuh:1080x2400 size: 9216000 fd:15 fd_meta:16 flags:0x4000228 usage:0x33  format:0x3 layer_count: 1
06-08 18:08:25.589  1245  1846 I SDM     : HWCSession::SetCWBOutputBuffer: CWB config passed by cwb_client : tappoint 1  CWB_ROI : (829.000000 4.000000 915.000000 90.000000)
06-08 18:08:25.590  1245 22581 I SDM     : HWCSession::ProcessRequests: Successfully configured CWB buffer.
06-08 18:08:25.597  1245 22581 I SDM     : HWCSession::ProcessRequests: Pushing release fence in fenece wait queue.
06-08 18:08:25.597  1245 22581 I SDM     : HWCSession::ProcessRequests: Creating AsyncFenceWaits async thread.
06-08 18:08:25.598  1245 22581 I SDM     : HWCSession::ProcessRequests: Remove current CWB request from the pending request queue.
06-08 18:08:25.598  1245 22581 I SDM     : HWCSession::ProcessRequests: No pending cwb requests found in the queue.
06-08 18:08:25.602  1245  1464 I SDM     : HWDeviceDRM::SetupConcurrentWriteback: Tear down the Concurrent Writeback topology
06-08 18:08:25.609  1245 22582 I SDM     : HWCSession::NotifyCWBStatus: Notify the client about buffer status 0.
06-08 18:08:25.609  1245 22582 I SDM     : HWCSession::PerformFenceWaits: Remove current release fence from the pending fence wait queue.
06-08 18:08:25.609  1245 22582 I SDM     : HWCSession::PerformFenceWaits: CWB fence queue is empty. No pending release fence to wait on.
06-08 18:08:25.760  6952 20004 I SafeBinderCall: onPositionChange binder cost:0
06-08 18:08:25.761  4164  4164 D MiPlayDetailViewModel: onPositionChange(): position = 136805
06-08 18:08:25.804  1977  2997 D libsensor-displayalgo: the value of  brightness:400.000000,R:5839427.745025,G:5838004.606291,B:5844250.476950,EVENT_C:4066.500000,EVENT_R:1689.500000,EVENT_G:1963.000000,EVENT_B:810.500000
06-08 18:08:25.804  1977  2997 I libsensor-displayalgo: the value of  Coef1:1107.681000,Coef4:2.383000, scale1:0.935522, scale4:0.923264
06-08 18:08:25.804  1977  2997 E libsensor-displayalgo: RGB_black_white_scenario_0822!
06-08 18:08:25.805  1977  2997 I libsensor-displayalgo: the value of  RESULT180.445235,64.704759,96.719156,32.964019
06-08 18:08:25.805  1977  2997 I libsensor-displayalgo: the value of  getChannelDataCalibrated188.560035,59.959021,111.913424,35.729273
06-08 18:08:25.805  1977  2997 I libsensor-displayalgo: the value of  REAL LUX233.533340
06-08 18:08:25.805  1977  2997 I libsensor-displayalgo: the value of  CAL REAL LUX233.533340
06-08 18:08:25.891  1245  2285 I vendor.qti.hardware.display.composer-service: FrameNotifyProcess Sensor: notify citsensorservice to trigger cwb
06-08 18:08:25.894  1977  3798 I libcitsensorservice@2.0-impl: msg_transfer
06-08 18:08:25.894  1977  2987 D vendor.xiaomi.sensor.citsensorservice@2.0-service: handle id:8 wxh:1280x2400 uwxuh:1080x2400 size: 9216000 fd:15 fd_meta:16 flags:0x4000228 usage:0x33  format:0x3 layer_count: 1
06-08 18:08:25.895  1245  1846 I SDM     : HWCSession::SetCWBOutputBuffer: CWB config passed by cwb_client : tappoint 1  CWB_ROI : (829.000000 4.000000 915.000000 90.000000)
06-08 18:08:25.897  1245 22586 I SDM     : HWCSession::ProcessRequests: Successfully configured CWB buffer.
06-08 18:08:25.908  1245 22586 I SDM     : HWCSession::ProcessRequests: Pushing release fence in fenece wait queue.
06-08 18:08:25.908  1245 22586 I SDM     : HWCSession::ProcessRequests: Creating AsyncFenceWaits async thread.
06-08 18:08:25.908  1245 22586 I SDM     : HWCSession::ProcessRequests: Remove current CWB request from the pending request queue.
06-08 18:08:25.908  1245 22586 I SDM     : HWCSession::ProcessRequests: No pending cwb requests found in the queue.
06-08 18:08:25.915  1245  1464 I SDM     : HWDeviceDRM::SetupConcurrentWriteback: Tear down the Concurrent Writeback topology
06-08 18:08:25.922  1245 22587 I SDM     : HWCSession::NotifyCWBStatus: Notify the client about buffer status 0.
06-08 18:08:25.922  1245 22587 I SDM     : HWCSession::PerformFenceWaits: Remove current release fence from the pending fence wait queue.
06-08 18:08:25.922  1245 22587 I SDM     : HWCSession::PerformFenceWaits: CWB fence queue is empty. No pending release fence to wait on.
06-08 18:08:26.196  1245  2285 I vendor.qti.hardware.display.composer-service: FrameNotifyProcess Sensor: notify citsensorservice to trigger cwb
06-08 18:08:26.197  1977  3798 I libcitsensorservice@2.0-impl: msg_transfer
06-08 18:08:26.197  1977  2987 D vendor.xiaomi.sensor.citsensorservice@2.0-service: handle id:8 wxh:1280x2400 uwxuh:1080x2400 size: 9216000 fd:15 fd_meta:16 flags:0x4000228 usage:0x33  format:0x3 layer_count: 1
06-08 18:08:26.198  1245  1846 I SDM     : HWCSession::SetCWBOutputBuffer: CWB config passed by cwb_client : tappoint 1  CWB_ROI : (829.000000 4.000000 915.000000 90.000000)
06-08 18:08:26.200  1245 22590 I SDM     : HWCSession::ProcessRequests: Successfully configured CWB buffer.
06-08 18:08:26.204  1977  2997 D libsensor-displayalgo: the value of  brightness:400.000000,R:5839427.745025,G:5838004.606291,B:5844250.476950,EVENT_C:4092.500000,EVENT_R:1698.000000,EVENT_G:1981.500000,EVENT_B:817.500000
06-08 18:08:26.204  1977  2997 I libsensor-displayalgo: the value of  Coef1:1107.681000,Coef4:2.383000, scale1:0.935522, scale4:0.923264
06-08 18:08:26.204  1977  2997 E libsensor-displayalgo: RGB_black_white_scenario_0822!
06-08 18:08:26.204  1977  2997 I libsensor-displayalgo: the value of  RESULT180.445235,64.704759,96.719156,32.964019
06-08 18:08:26.204  1977  2997 I libsensor-displayalgo: the value of  getChannelDataCalibrated188.560035,59.959021,111.913424,35.729273
06-08 18:08:26.204  1977  2997 I libsensor-displayalgo: the value of  REAL LUX235.320923
06-08 18:08:26.204  1977  2997 I libsensor-displayalgo: the value of  CAL REAL LUX235.320923
06-08 18:08:26.206  1245 22590 I SDM     : HWCSession::ProcessRequests: Pushing release fence in fenece wait queue.
06-08 18:08:26.206  1245 22590 I SDM     : HWCSession::ProcessRequests: Creating AsyncFenceWaits async thread.
06-08 18:08:26.206  1245 22590 I SDM     : HWCSession::ProcessRequests: Remove current CWB request from the pending request queue.
06-08 18:08:26.207  1245 22590 I SDM     : HWCSession::ProcessRequests: No pending cwb requests found in the queue.
06-08 18:08:26.211  1245  1464 I SDM     : HWDeviceDRM::SetupConcurrentWriteback: Tear down the Concurrent Writeback topology
06-08 18:08:26.218  1245 22591 I SDM     : HWCSession::NotifyCWBStatus: Notify the client about buffer status 0.
06-08 18:08:26.219  1245 22591 I SDM     : HWCSession::PerformFenceWaits: Remove current release fence from the pending fence wait queue.
06-08 18:08:26.219  1245 22591 I SDM     : HWCSession::PerformFenceWaits: CWB fence queue is empty. No pending release fence to wait on.
06-08 18:08:26.501  1245  2285 I vendor.qti.hardware.display.composer-service: FrameNotifyProcess Sensor: notify citsensorservice to trigger cwb
06-08 18:08:26.501  1977 18363 I libcitsensorservice@2.0-impl: msg_transfer
06-08 18:08:26.502  1977  2987 D vendor.xiaomi.sensor.citsensorservice@2.0-service: handle id:8 wxh:1280x2400 uwxuh:1080x2400 size: 9216000 fd:15 fd_meta:16 flags:0x4000228 usage:0x33  format:0x3 layer_count: 1
06-08 18:08:26.502  1245  1846 I SDM     : HWCSession::SetCWBOutputBuffer: CWB config passed by cwb_client : tappoint 1  CWB_ROI : (829.000000 4.000000 915.000000 90.000000)
06-08 18:08:26.504  1245 22594 I SDM     : HWCSession::ProcessRequests: Successfully configured CWB buffer.
06-08 18:08:26.505  1977  2997 D libsensor-displayalgo: the value of  brightness:400.000000,R:5839427.745025,G:5838004.606291,B:5844250.476950,EVENT_C:4066.500000,EVENT_R:1691.000000,EVENT_G:1965.500000,EVENT_B:810.000000
06-08 18:08:26.505  1977  2997 I libsensor-displayalgo: the value of  Coef1:1107.681000,Coef4:2.383000, scale1:0.935522, scale4:0.923264
06-08 18:08:26.505  1977  2997 E libsensor-displayalgo: RGB_black_white_scenario_0822!
06-08 18:08:26.505  1977  2997 I libsensor-displayalgo: the value of  RESULT180.445235,64.704759,96.719156,32.964019
06-08 18:08:26.505  1977  2997 I libsensor-displayalgo: the value of  getChannelDataCalibrated188.560035,59.959021,111.913424,35.729273
06-08 18:08:26.505  1977  2997 I libsensor-displayalgo: the value of  REAL LUX233.631149
06-08 18:08:26.506  1977  2997 I libsensor-displayalgo: the value of  CAL REAL LUX233.631149
06-08 18:08:26.514  1245 22594 I SDM     : HWCSession::ProcessRequests: Pushing release fence in fenece wait queue.
06-08 18:08:26.514  1245 22594 I SDM     : HWCSession::ProcessRequests: Creating AsyncFenceWaits async thread.
06-08 18:08:26.515  1245 22594 I SDM     : HWCSession::ProcessRequests: Remove current CWB request from the pending request queue.
06-08 18:08:26.515  1245 22594 I SDM     : HWCSession::ProcessRequests: No pending cwb requests found in the queue.
06-08 18:08:26.523  1245 22595 I SDM     : HWCSession::NotifyCWBStatus: Notify the client about buffer status 0.
06-08 18:08:26.523  1245 22595 I SDM     : HWCSession::PerformFenceWaits: Remove current release fence from the pending fence wait queue.
06-08 18:08:26.524  1245 22595 I SDM     : HWCSession::PerformFenceWaits: CWB fence queue is empty. No pending release fence to wait on.
06-08 18:08:26.524  1245  1464 I SDM     : HWDeviceDRM::SetupConcurrentWriteback: Tear down the Concurrent Writeback topology
06-08 18:08:26.673  4164  4173 I ndroid.systemu: This is sticky GC, maxfree is 8388608 minfree is 2097152
06-08 18:08:26.760  4164  4164 D MiPlayDetailViewModel: onPositionChange(): position = 137804
06-08 18:08:26.760  6952 20004 I SafeBinderCall: onPositionChange binder cost:1
06-08 18:08:26.803  1977  2997 D libsensor-displayalgo: the value of  brightness:400.000000,R:5839427.745025,G:5838004.606291,B:5844250.476950,EVENT_C:4038.000000,EVENT_R:1683.000000,EVENT_G:1947.000000,EVENT_B:800.000000
06-08 18:08:26.803  1977  2997 I libsensor-displayalgo: the value of  Coef1:1107.681000,Coef4:2.383000, scale1:0.935522, scale4:0.923264
06-08 18:08:26.803  1977  2997 E libsensor-displayalgo: RGB_black_white_scenario_0822!
06-08 18:08:26.804  1977  2997 I libsensor-displayalgo: the value of  RESULT180.445235,64.704759,96.719156,32.964019
06-08 18:08:26.804  1977  2997 I libsensor-displayalgo: the value of  getChannelDataCalibrated188.560035,59.959021,111.913424,35.729273
06-08 18:08:26.804  1977  2997 I libsensor-displayalgo: the value of  REAL LUX231.891998
06-08 18:08:26.804  1977  2997 I libsensor-displayalgo: the value of  CAL REAL LUX231.891998
06-08 18:08:26.805  1245  2285 I vendor.qti.hardware.display.composer-service: FrameNotifyProcess Sensor: notify citsensorservice to trigger cwb
06-08 18:08:26.805  1977 18363 I libcitsensorservice@2.0-impl: msg_transfer
06-08 18:08:26.806  1977  2987 D vendor.xiaomi.sensor.citsensorservice@2.0-service: handle id:8 wxh:1280x2400 uwxuh:1080x2400 size: 9216000 fd:15 fd_meta:16 flags:0x4000228 usage:0x33  format:0x3 layer_count: 1
06-08 18:08:26.806  1245  1846 I SDM     : HWCSession::SetCWBOutputBuffer: CWB config passed by cwb_client : tappoint 1  CWB_ROI : (829.000000 4.000000 915.000000 90.000000)
06-08 18:08:26.807  1245 22599 I SDM     : HWCSession::ProcessRequests: Successfully configured CWB buffer.
06-08 18:08:26.814  1245 22599 I SDM     : HWCSession::ProcessRequests: Pushing release fence in fenece wait queue.
06-08 18:08:26.814  1245 22599 I SDM     : HWCSession::ProcessRequests: Creating AsyncFenceWaits async thread.
06-08 18:08:26.815  1245 22599 I SDM     : HWCSession::ProcessRequests: Remove current CWB request from the pending request queue.
06-08 18:08:26.815  1245 22599 I SDM     : HWCSession::ProcessRequests: No pending cwb requests found in the queue.
06-08 18:08:26.820  1245  1464 I SDM     : HWDeviceDRM::SetupConcurrentWriteback: Tear down the Concurrent Writeback topology
06-08 18:08:26.828  1245 22600 I SDM     : HWCSession::NotifyCWBStatus: Notify the client about buffer status 0.
06-08 18:08:26.828  1245 22600 I SDM     : HWCSession::PerformFenceWaits: Remove current release fence from the pending fence wait queue.
06-08 18:08:26.828  1245 22600 I SDM     : HWCSession::PerformFenceWaits: CWB fence queue is empty. No pending release fence to wait on.
06-08 18:08:27.104  1977  2997 D libsensor-displayalgo: the value of  brightness:400.000000,R:5839427.745025,G:5838004.606291,B:5844250.476950,EVENT_C:4073.000000,EVENT_R:1693.500000,EVENT_G:1967.500000,EVENT_B:810.500000
06-08 18:08:27.104  1977  2997 I libsensor-displayalgo: the value of  Coef1:1107.681000,Coef4:2.383000, scale1:0.935522, scale4:0.923264
06-08 18:08:27.105  1977  2997 E libsensor-displayalgo: RGB_black_white_scenario_0822!
06-08 18:08:27.105  1977  2997 I libsensor-displayalgo: the value of  RESULT180.445235,64.704759,96.719156,32.964019
06-08 18:08:27.105  1977  2997 I libsensor-displayalgo: the value of  getChannelDataCalibrated188.560035,59.959021,111.913424,35.729273
06-08 18:08:27.105  1977  2997 I libsensor-displayalgo: the value of  REAL LUX234.046036
06-08 18:08:27.105  1977  2997 I libsensor-displayalgo: the value of  CAL REAL LUX234.046036
06-08 18:08:27.117  1245  2285 I vendor.qti.hardware.display.composer-service: FrameNotifyProcess Sensor: notify citsensorservice to trigger cwb
06-08 18:08:27.117  1977  2106 I libcitsensorservice@2.0-impl: msg_transfer
06-08 18:08:27.117  1977  2987 D vendor.xiaomi.sensor.citsensorservice@2.0-service: handle id:8 wxh:1280x2400 uwxuh:1080x2400 size: 9216000 fd:15 fd_meta:16 flags:0x4000228 usage:0x33  format:0x3 layer_count: 1
06-08 18:08:27.118  1245  1846 I SDM     : HWCSession::SetCWBOutputBuffer: CWB config passed by cwb_client : tappoint 1  CWB_ROI : (829.000000 4.000000 915.000000 90.000000)
06-08 18:08:27.119  1245 22604 I SDM     : HWCSession::ProcessRequests: Successfully configured CWB buffer.
06-08 18:08:27.126  1245 22604 I SDM     : HWCSession::ProcessRequests: Pushing release fence in fenece wait queue.
06-08 18:08:27.126  1245 22604 I SDM     : HWCSession::ProcessRequests: Creating AsyncFenceWaits async thread.
06-08 18:08:27.127  1245 22604 I SDM     : HWCSession::ProcessRequests: Remove current CWB request from the pending request queue.
06-08 18:08:27.127  1245 22604 I SDM     : HWCSession::ProcessRequests: No pending cwb requests found in the queue.
06-08 18:08:27.133  1245  1464 I SDM     : HWDeviceDRM::SetupConcurrentWriteback: Tear down the Concurrent Writeback topology
06-08 18:08:27.140  1245 22605 I SDM     : HWCSession::NotifyCWBStatus: Notify the client about buffer status 0.
06-08 18:08:27.141  1245 22605 I SDM     : HWCSession::PerformFenceWaits: Remove current release fence from the pending fence wait queue.
06-08 18:08:27.141  1245 22605 I SDM     : HWCSession::PerformFenceWaits: CWB fence queue is empty. No pending release fence to wait on.
06-08 18:08:27.404  1977  2997 D libsensor-displayalgo: the value of  brightness:400.000000,R:5839427.745025,G:5838004.606291,B:5844250.476950,EVENT_C:4103.000000,EVENT_R:1701.000000,EVENT_G:1985.000000,EVENT_B:820.500000
06-08 18:08:27.404  1977  2997 I libsensor-displayalgo: the value of  Coef1:1107.681000,Coef4:2.383000, scale1:0.935522, scale4:0.923264
06-08 18:08:27.404  1977  2997 E libsensor-displayalgo: RGB_black_white_scenario_0822!
06-08 18:08:27.404  1977  2997 I libsensor-displayalgo: the value of  RESULT180.445235,64.704759,96.719156,32.964019
06-08 18:08:27.404  1977  2997 I libsensor-displayalgo: the value of  getChannelDataCalibrated188.560035,59.959021,111.913424,35.729273
06-08 18:08:27.404  1977  2997 I libsensor-displayalgo: the value of  REAL LUX235.864395
06-08 18:08:27.404  1977  2997 I libsensor-displayalgo: the value of  CAL REAL LUX235.864395
06-08 18:08:27.422  1245  2285 I vendor.qti.hardware.display.composer-service: FrameNotifyProcess Sensor: notify citsensorservice to trigger cwb
06-08 18:08:27.422  1977  2106 I libcitsensorservice@2.0-impl: msg_transfer
06-08 18:08:27.422  1977  2987 D vendor.xiaomi.sensor.citsensorservice@2.0-service: handle id:8 wxh:1280x2400 uwxuh:1080x2400 size: 9216000 fd:15 fd_meta:16 flags:0x4000228 usage:0x33  format:0x3 layer_count: 1
06-08 18:08:27.424  1245  1846 I SDM     : HWCSession::SetCWBOutputBuffer: CWB config passed by cwb_client : tappoint 1  CWB_ROI : (829.000000 4.000000 915.000000 90.000000)
06-08 18:08:27.427  1245 22609 I SDM     : HWCSession::ProcessRequests: Successfully configured CWB buffer.
06-08 18:08:27.439  1245 22609 I SDM     : HWCSession::ProcessRequests: Pushing release fence in fenece wait queue.
06-08 18:08:27.440  1245 22609 I SDM     : HWCSession::ProcessRequests: Creating AsyncFenceWaits async thread.
06-08 18:08:27.441  1245 22609 I SDM     : HWCSession::ProcessRequests: Remove current CWB request from the pending request queue.
06-08 18:08:27.442  1245 22609 I SDM     : HWCSession::ProcessRequests: No pending cwb requests found in the queue.
06-08 18:08:27.446  1245  1464 I SDM     : HWDeviceDRM::SetupConcurrentWriteback: Tear down the Concurrent Writeback topology
06-08 18:08:27.453  1245 22610 I SDM     : HWCSession::NotifyCWBStatus: Notify the client about buffer status 0.
06-08 18:08:27.453  1245 22610 I SDM     : HWCSession::PerformFenceWaits: Remove current release fence from the pending fence wait queue.
06-08 18:08:27.453  1245 22610 I SDM     : HWCSession::PerformFenceWaits: CWB fence queue is empty. No pending release fence to wait on.
06-08 18:08:27.568  2403  3057 D MiuiNetworkPolicy: updateLimit mLimitEnabled=false,enabled=true,mNetworkPriorityMode=1
06-08 18:08:27.726  1245  2285 I vendor.qti.hardware.display.composer-service: FrameNotifyProcess Sensor: notify citsensorservice to trigger cwb
06-08 18:08:27.727  1977  2106 I libcitsensorservice@2.0-impl: msg_transfer
06-08 18:08:27.728  1977  2987 D vendor.xiaomi.sensor.citsensorservice@2.0-service: handle id:8 wxh:1280x2400 uwxuh:1080x2400 size: 9216000 fd:15 fd_meta:16 flags:0x4000228 usage:0x33  format:0x3 layer_count: 1
06-08 18:08:27.728  1245  1846 I SDM     : HWCSession::SetCWBOutputBuffer: CWB config passed by cwb_client : tappoint 1  CWB_ROI : (829.000000 4.000000 915.000000 90.000000)
06-08 18:08:27.729  1245 22614 I SDM     : HWCSession::ProcessRequests: Successfully configured CWB buffer.
06-08 18:08:27.736  1245 22614 I SDM     : HWCSession::ProcessRequests: Pushing release fence in fenece wait queue.
06-08 18:08:27.736  1245 22614 I SDM     : HWCSession::ProcessRequests: Creating AsyncFenceWaits async thread.
06-08 18:08:27.736  1245 22614 I SDM     : HWCSession::ProcessRequests: Remove current CWB request from the pending request queue.
06-08 18:08:27.736  1245 22614 I SDM     : HWCSession::ProcessRequests: No pending cwb requests found in the queue.
06-08 18:08:27.742  1245  1464 I SDM     : HWDeviceDRM::SetupConcurrentWriteback: Tear down the Concurrent Writeback topology
06-08 18:08:27.749  1245 22615 I SDM     : HWCSession::NotifyCWBStatus: Notify the client about buffer status 0.
06-08 18:08:27.750  1245 22615 I SDM     : HWCSession::PerformFenceWaits: Remove current release fence from the pending fence wait queue.
06-08 18:08:27.750  1245 22615 I SDM     : HWCSession::PerformFenceWaits: CWB fence queue is empty. No pending release fence to wait on.
06-08 18:08:27.759  6952 20004 I SafeBinderCall: onPositionChange binder cost:0
06-08 18:08:27.760  4164  4164 D MiPlayDetailViewModel: onPositionChange(): position = 138804
06-08 18:08:27.805  1977  2997 D libsensor-displayalgo: the value of  brightness:400.000000,R:5839427.745025,G:5838004.606291,B:5844250.476950,EVENT_C:4086.500000,EVENT_R:1697.000000,EVENT_G:1974.500000,EVENT_B:815.000000
06-08 18:08:27.805  1977  2997 I libsensor-displayalgo: the value of  Coef1:1107.681000,Coef4:2.383000, scale1:0.935522, scale4:0.923264
06-08 18:08:27.805  1977  2997 E libsensor-displayalgo: RGB_black_white_scenario_0822!
06-08 18:08:27.805  1977  2997 I libsensor-displayalgo: the value of  RESULT180.445235,64.704759,96.719156,32.964019
06-08 18:08:27.805  1977  2997 I libsensor-displayalgo: the value of  getChannelDataCalibrated188.560035,59.959021,111.913424,35.729273
06-08 18:08:27.805  1977  2997 I libsensor-displayalgo: the value of  REAL LUX234.819809
06-08 18:08:27.805  1977  2997 I libsensor-displayalgo: the value of  CAL REAL LUX234.819809
06-08 18:08:28.040  1245  2285 I vendor.qti.hardware.display.composer-service: FrameNotifyProcess Sensor: notify citsensorservice to trigger cwb
06-08 18:08:28.041  1977  2106 I libcitsensorservice@2.0-impl: msg_transfer
06-08 18:08:28.043  1977  2987 D vendor.xiaomi.sensor.citsensorservice@2.0-service: handle id:8 wxh:1280x2400 uwxuh:1080x2400 size: 9216000 fd:15 fd_meta:16 flags:0x4000228 usage:0x33  format:0x3 layer_count: 1
06-08 18:08:28.043  1245  1846 I SDM     : HWCSession::SetCWBOutputBuffer: CWB config passed by cwb_client : tappoint 1  CWB_ROI : (829.000000 4.000000 915.000000 90.000000)
06-08 18:08:28.044  1245 22619 I SDM     : HWCSession::ProcessRequests: Successfully configured CWB buffer.
06-08 18:08:28.056  1245 22619 I SDM     : HWCSession::ProcessRequests: Pushing release fence in fenece wait queue.
06-08 18:08:28.056  1245 22619 I SDM     : HWCSession::ProcessRequests: Creating AsyncFenceWaits async thread.
06-08 18:08:28.057  1245 22619 I SDM     : HWCSession::ProcessRequests: Remove current CWB request from the pending request queue.
06-08 18:08:28.057  1245 22619 I SDM     : HWCSession::ProcessRequests: No pending cwb requests found in the queue.
06-08 18:08:28.063  1245  1464 I SDM     : HWDeviceDRM::SetupConcurrentWriteback: Tear down the Concurrent Writeback topology
06-08 18:08:28.070  1245 22620 I SDM     : HWCSession::NotifyCWBStatus: Notify the client about buffer status 0.
06-08 18:08:28.071  1245 22620 I SDM     : HWCSession::PerformFenceWaits: Remove current release fence from the pending fence wait queue.
06-08 18:08:28.071  1245 22620 I SDM     : HWCSession::PerformFenceWaits: CWB fence queue is empty. No pending release fence to wait on.
06-08 18:08:28.105  1977  2997 D libsensor-displayalgo: the value of  brightness:400.000000,R:5839427.745025,G:5838004.606291,B:5844250.476950,EVENT_C:4083.500000,EVENT_R:1697.000000,EVENT_G:1975.500000,EVENT_B:816.000000
06-08 18:08:28.105  1977  2997 I libsensor-displayalgo: the value of  Coef1:1107.681000,Coef4:2.383000, scale1:0.935522, scale4:0.923264
06-08 18:08:28.105  1977  2997 E libsensor-displayalgo: RGB_black_white_scenario_0822!
06-08 18:08:28.105  1977  2997 I libsensor-displayalgo: the value of  RESULT180.445235,64.704759,96.719156,32.964019
06-08 18:08:28.105  1977  2997 I libsensor-displayalgo: the value of  getChannelDataCalibrated188.560035,59.959021,111.913424,35.729273
06-08 18:08:28.105  1977  2997 I libsensor-displayalgo: the value of  REAL LUX234.572342
06-08 18:08:28.105  1977  2997 I libsensor-displayalgo: the value of  CAL REAL LUX234.572342
06-08 18:08:28.353  1245  2285 I vendor.qti.hardware.display.composer-service: FrameNotifyProcess Sensor: notify citsensorservice to trigger cwb
06-08 18:08:28.354  1977  3798 I libcitsensorservice@2.0-impl: msg_transfer
06-08 18:08:28.355  1977  2987 D vendor.xiaomi.sensor.citsensorservice@2.0-service: handle id:8 wxh:1280x2400 uwxuh:1080x2400 size: 9216000 fd:15 fd_meta:16 flags:0x4000228 usage:0x33  format:0x3 layer_count: 1
06-08 18:08:28.356  1245  1846 I SDM     : HWCSession::SetCWBOutputBuffer: CWB config passed by cwb_client : tappoint 1  CWB_ROI : (829.000000 4.000000 915.000000 90.000000)
06-08 18:08:28.357  1245 22623 I SDM     : HWCSession::ProcessRequests: Successfully configured CWB buffer.
06-08 18:08:28.364  1245 22623 I SDM     : HWCSession::ProcessRequests: Pushing release fence in fenece wait queue.
06-08 18:08:28.364  1245 22623 I SDM     : HWCSession::ProcessRequests: Creating AsyncFenceWaits async thread.
06-08 18:08:28.365  1245 22623 I SDM     : HWCSession::ProcessRequests: Remove current CWB request from the pending request queue.
06-08 18:08:28.365  1245 22623 I SDM     : HWCSession::ProcessRequests: No pending cwb requests found in the queue.
06-08 18:08:28.369  1245  1464 I SDM     : HWDeviceDRM::SetupConcurrentWriteback: Tear down the Concurrent Writeback topology
06-08 18:08:28.375  1245 22624 I SDM     : HWCSession::NotifyCWBStatus: Notify the client about buffer status 0.
06-08 18:08:28.376  1245 22624 I SDM     : HWCSession::PerformFenceWaits: Remove current release fence from the pending fence wait queue.
06-08 18:08:28.376  1245 22624 I SDM     : HWCSession::PerformFenceWaits: CWB fence queue is empty. No pending release fence to wait on.
06-08 18:08:28.405  1977  2997 D libsensor-displayalgo: the value of  brightness:400.000000,R:5839427.745025,G:5838004.606291,B:5844250.476950,EVENT_C:4047.500000,EVENT_R:1685.500000,EVENT_G:1952.000000,EVENT_B:803.500000
06-08 18:08:28.405  1977  2997 I libsensor-displayalgo: the value of  Coef1:1107.681000,Coef4:2.383000, scale1:0.935522, scale4:0.923264
06-08 18:08:28.405  1977  2997 E libsensor-displayalgo: RGB_black_white_scenario_0822!
06-08 18:08:28.405  1977  2997 I libsensor-displayalgo: the value of  RESULT180.445235,64.704759,96.719156,32.964019
06-08 18:08:28.405  1977  2997 I libsensor-displayalgo: the value of  getChannelDataCalibrated188.560035,59.959021,111.913424,35.729273
06-08 18:08:28.405  1977  2997 I libsensor-displayalgo: the value of  REAL LUX232.411392
06-08 18:08:28.405  1977  2997 I libsensor-displayalgo: the value of  CAL REAL LUX232.411392
06-08 18:08:28.658  1245  2285 I vendor.qti.hardware.display.composer-service: FrameNotifyProcess Sensor: notify citsensorservice to trigger cwb
06-08 18:08:28.659  1977  2106 I libcitsensorservice@2.0-impl: msg_transfer
06-08 18:08:28.660  1977  2987 D vendor.xiaomi.sensor.citsensorservice@2.0-service: handle id:8 wxh:1280x2400 uwxuh:1080x2400 size: 9216000 fd:15 fd_meta:16 flags:0x4000228 usage:0x33  format:0x3 layer_count: 1
06-08 18:08:28.660  1245  1846 I SDM     : HWCSession::SetCWBOutputBuffer: CWB config passed by cwb_client : tappoint 1  CWB_ROI : (829.000000 4.000000 915.000000 90.000000)
06-08 18:08:28.661  1245 22627 I SDM     : HWCSession::ProcessRequests: Successfully configured CWB buffer.
06-08 18:08:28.666  1245 22627 I SDM     : HWCSession::ProcessRequests: Pushing release fence in fenece wait queue.
06-08 18:08:28.666  1245 22627 I SDM     : HWCSession::ProcessRequests: Creating AsyncFenceWaits async thread.
06-08 18:08:28.668  1245 22627 I SDM     : HWCSession::ProcessRequests: Remove current CWB request from the pending request queue.
06-08 18:08:28.668  1245 22627 I SDM     : HWCSession::ProcessRequests: No pending cwb requests found in the queue.
06-08 18:08:28.672  1245  1464 I SDM     : HWDeviceDRM::SetupConcurrentWriteback: Tear down the Concurrent Writeback topology
06-08 18:08:28.679  1245 22628 I SDM     : HWCSession::NotifyCWBStatus: Notify the client about buffer status 0.
06-08 18:08:28.680  1245 22628 I SDM     : HWCSession::PerformFenceWaits: Remove current release fence from the pending fence wait queue.
06-08 18:08:28.680  1245 22628 I SDM     : HWCSession::PerformFenceWaits: CWB fence queue is empty. No pending release fence to wait on.
06-08 18:08:28.704  1977  2997 D libsensor-displayalgo: the value of  brightness:400.000000,R:5839427.745025,G:5838004.606291,B:5844250.476950,EVENT_C:4057.500000,EVENT_R:1692.000000,EVENT_G:1959.000000,EVENT_B:805.000000
06-08 18:08:28.705  1977  2997 I libsensor-displayalgo: the value of  Coef1:1107.681000,Coef4:2.383000, scale1:0.935522, scale4:0.923264
06-08 18:08:28.705  1977  2997 E libsensor-displayalgo: RGB_black_white_scenario_0822!
06-08 18:08:28.705  1977  2997 I libsensor-displayalgo: the value of  RESULT180.445235,64.704759,96.719156,32.964019
06-08 18:08:28.705  1977  2997 I libsensor-displayalgo: the value of  getChannelDataCalibrated188.560035,59.959021,111.913424,35.729273
06-08 18:08:28.705  1977  2997 I libsensor-displayalgo: the value of  REAL LUX233.068710
06-08 18:08:28.705  1977  2997 I libsensor-displayalgo: the value of  CAL REAL LUX233.068710
06-08 18:08:28.760  6952 20004 I SafeBinderCall: onPositionChange binder cost:1
06-08 18:08:28.760  4164  4164 D MiPlayDetailViewModel: onPositionChange(): position = 139804
06-08 18:08:28.962  1245  2285 I vendor.qti.hardware.display.composer-service: FrameNotifyProcess Sensor: notify citsensorservice to trigger cwb
06-08 18:08:28.964  1977  2106 I libcitsensorservice@2.0-impl: msg_transfer
06-08 18:08:28.964  1977  2987 D vendor.xiaomi.sensor.citsensorservice@2.0-service: handle id:8 wxh:1280x2400 uwxuh:1080x2400 size: 9216000 fd:15 fd_meta:16 flags:0x4000228 usage:0x33  format:0x3 layer_count: 1
06-08 18:08:28.964  1245  1846 I SDM     : HWCSession::SetCWBOutputBuffer: CWB config passed by cwb_client : tappoint 1  CWB_ROI : (829.000000 4.000000 915.000000 90.000000)
06-08 18:08:28.965  1245 22632 I SDM     : HWCSession::ProcessRequests: Successfully configured CWB buffer.
06-08 18:08:28.971  1245 22632 I SDM     : HWCSession::ProcessRequests: Pushing release fence in fenece wait queue.
06-08 18:08:28.971  1245 22632 I SDM     : HWCSession::ProcessRequests: Creating AsyncFenceWaits async thread.
06-08 18:08:28.972  1245 22632 I SDM     : HWCSession::ProcessRequests: Remove current CWB request from the pending request queue.
06-08 18:08:28.972  1245 22632 I SDM     : HWCSession::ProcessRequests: No pending cwb requests found in the queue.
06-08 18:08:28.978  1245  1464 I SDM     : HWDeviceDRM::SetupConcurrentWriteback: Tear down the Concurrent Writeback topology
06-08 18:08:28.984  1245 22633 I SDM     : HWCSession::NotifyCWBStatus: Notify the client about buffer status 0.
06-08 18:08:28.984  1245 22633 I SDM     : HWCSession::PerformFenceWaits: Remove current release fence from the pending fence wait queue.
06-08 18:08:28.984  1245 22633 I SDM     : HWCSession::PerformFenceWaits: CWB fence queue is empty. No pending release fence to wait on.
06-08 18:08:29.005  1977  2997 D libsensor-displayalgo: the value of  brightness:400.000000,R:5839427.745025,G:5838004.606291,B:5844250.476950,EVENT_C:4103.500000,EVENT_R:1701.500000,EVENT_G:1986.000000,EVENT_B:820.500000
06-08 18:08:29.005  1977  2997 I libsensor-displayalgo: the value of  Coef1:1107.681000,Coef4:2.383000, scale1:0.935522, scale4:0.923264
06-08 18:08:29.005  1977  2997 E libsensor-displayalgo: RGB_black_white_scenario_0822!
06-08 18:08:29.005  1977  2997 I libsensor-displayalgo: the value of  RESULT180.445235,64.704759,96.719156,32.964019
06-08 18:08:29.005  1977  2997 I libsensor-displayalgo: the value of  getChannelDataCalibrated188.560035,59.959021,111.913424,35.729273
06-08 18:08:29.005  1977  2997 I libsensor-displayalgo: the value of  REAL LUX235.926346
06-08 18:08:29.005  1977  2997 I libsensor-displayalgo: the value of  CAL REAL LUX235.926346
06-08 18:08:29.274  1245  2285 I vendor.qti.hardware.display.composer-service: FrameNotifyProcess Sensor: notify citsensorservice to trigger cwb
06-08 18:08:29.274  1977  2106 I libcitsensorservice@2.0-impl: msg_transfer
06-08 18:08:29.275  1977  2987 D vendor.xiaomi.sensor.citsensorservice@2.0-service: handle id:8 wxh:1280x2400 uwxuh:1080x2400 size: 9216000 fd:15 fd_meta:16 flags:0x4000228 usage:0x33  format:0x3 layer_count: 1
06-08 18:08:29.276  1245  1846 I SDM     : HWCSession::SetCWBOutputBuffer: CWB config passed by cwb_client : tappoint 1  CWB_ROI : (829.000000 4.000000 915.000000 90.000000)
06-08 18:08:29.277  1245 22637 I SDM     : HWCSession::ProcessRequests: Successfully configured CWB buffer.
06-08 18:08:29.283  1245 22637 I SDM     : HWCSession::ProcessRequests: Pushing release fence in fenece wait queue.
06-08 18:08:29.284  1245 22637 I SDM     : HWCSession::ProcessRequests: Creating AsyncFenceWaits async thread.
06-08 18:08:29.284  1245 22637 I SDM     : HWCSession::ProcessRequests: Remove current CWB request from the pending request queue.
06-08 18:08:29.284  1245 22637 I SDM     : HWCSession::ProcessRequests: No pending cwb requests found in the queue.
06-08 18:08:29.289  1245  1464 I SDM     : HWDeviceDRM::SetupConcurrentWriteback: Tear down the Concurrent Writeback topology
06-08 18:08:29.297  1245 22638 I SDM     : HWCSession::NotifyCWBStatus: Notify the client about buffer status 0.
06-08 18:08:29.297  1245 22638 I SDM     : HWCSession::PerformFenceWaits: Remove current release fence from the pending fence wait queue.
