06-08 18:08:17.600  1245 22447 I SDM     : HWCSession::PerformFenceWaits: CWB fence queue is empty. No pending release fence to wait on.
06-08 18:08:17.760  6952 20004 I SafeBinderCall: onPositionChange binder cost:1
06-08 18:08:17.760  4164  4164 D MiPlayDetailViewModel: onPositionChange(): position = 128804
06-08 18:08:17.881  1245  2285 I vendor.qti.hardware.display.composer-service: FrameNotifyProcess Sensor: notify citsensorservice to trigger cwb
06-08 18:08:17.882  1977 18363 I libcitsensorservice@2.0-impl: msg_transfer
06-08 18:08:17.883  1977  2987 D vendor.xiaomi.sensor.citsensorservice@2.0-service: handle id:8 wxh:1280x2400 uwxuh:1080x2400 size: 9216000 fd:15 fd_meta:16 flags:0x4000228 usage:0x33  format:0x3 layer_count: 1
06-08 18:08:17.884  1245  1846 I SDM     : HWCSession::SetCWBOutputBuffer: CWB config passed by cwb_client : tappoint 1  CWB_ROI : (829.000000 4.000000 915.000000 90.000000)
06-08 18:08:17.891  1245 22450 I SDM     : HWCSession::ProcessRequests: Successfully configured CWB buffer.
06-08 18:08:17.899  1245 22450 I SDM     : HWCSession::ProcessRequests: Pushing release fence in fenece wait queue.
06-08 18:08:17.901  1245 22450 I SDM     : HWCSession::ProcessRequests: Creating AsyncFenceWaits async thread.
06-08 18:08:17.904  1245 22450 I SDM     : HWCSession::ProcessRequests: Remove current CWB request from the pending request queue.
06-08 18:08:17.904  1977  2997 D libsensor-displayalgo: the value of  brightness:400.000000,R:5839427.745025,G:5838004.606291,B:5844250.476950,EVENT_C:4121.000000,EVENT_R:1709.500000,EVENT_G:1994.500000,EVENT_B:824.000000
06-08 18:08:17.904  1977  2997 I libsensor-displayalgo: the value of  Coef1:1107.681000,Coef4:2.383000, scale1:0.935522, scale4:0.923264
06-08 18:08:17.904  1977  2997 E libsensor-displayalgo: RGB_black_white_scenario_0822!
06-08 18:08:17.904  1977  2997 I libsensor-displayalgo: the value of  RESULT180.445235,64.704759,96.719156,32.964019
06-08 18:08:17.904  1977  2997 I libsensor-displayalgo: the value of  getChannelDataCalibrated188.560035,59.959021,111.913424,35.729273
06-08 18:08:17.904  1977  2997 I libsensor-displayalgo: the value of  REAL LUX236.962204
06-08 18:08:17.904  1245 22450 I SDM     : HWCSession::ProcessRequests: No pending cwb requests found in the queue.
06-08 18:08:17.904  1977  2997 I libsensor-displayalgo: the value of  CAL REAL LUX236.962204
06-08 18:08:17.906  1245  1464 I SDM     : HWDeviceDRM::SetupConcurrentWriteback: Tear down the Concurrent Writeback topology
06-08 18:08:17.913  1245 22451 I SDM     : HWCSession::NotifyCWBStatus: Notify the client about buffer status 0.
06-08 18:08:17.913  1245 22451 I SDM     : HWCSession::PerformFenceWaits: Remove current release fence from the pending fence wait queue.
06-08 18:08:17.913  1245 22451 I SDM     : HWCSession::PerformFenceWaits: CWB fence queue is empty. No pending release fence to wait on.
06-08 18:08:18.188  1245  2285 I vendor.qti.hardware.display.composer-service: FrameNotifyProcess Sensor: notify citsensorservice to trigger cwb
06-08 18:08:18.189  1977 18363 I libcitsensorservice@2.0-impl: msg_transfer
06-08 18:08:18.189  1977  2987 D vendor.xiaomi.sensor.citsensorservice@2.0-service: handle id:8 wxh:1280x2400 uwxuh:1080x2400 size: 9216000 fd:15 fd_meta:16 flags:0x4000228 usage:0x33  format:0x3 layer_count: 1
06-08 18:08:18.189  1245  1846 I SDM     : HWCSession::SetCWBOutputBuffer: CWB config passed by cwb_client : tappoint 1  CWB_ROI : (829.000000 4.000000 915.000000 90.000000)
06-08 18:08:18.190  1245 22454 I SDM     : HWCSession::ProcessRequests: Successfully configured CWB buffer.
06-08 18:08:18.197  1245 22454 I SDM     : HWCSession::ProcessRequests: Pushing release fence in fenece wait queue.
06-08 18:08:18.197  1245 22454 I SDM     : HWCSession::ProcessRequests: Creating AsyncFenceWaits async thread.
06-08 18:08:18.198  1245 22454 I SDM     : HWCSession::ProcessRequests: Remove current CWB request from the pending request queue.
06-08 18:08:18.198  1245 22454 I SDM     : HWCSession::ProcessRequests: No pending cwb requests found in the queue.
06-08 18:08:18.202  1245  1464 I SDM     : HWDeviceDRM::SetupConcurrentWriteback: Tear down the Concurrent Writeback topology
06-08 18:08:18.204  1977  2997 D libsensor-displayalgo: the value of  brightness:400.000000,R:5839427.745025,G:5838004.606291,B:5844250.476950,EVENT_C:4055.000000,EVENT_R:1691.000000,EVENT_G:1957.000000,EVENT_B:806.000000
06-08 18:08:18.204  1977  2997 I libsensor-displayalgo: the value of  Coef1:1107.681000,Coef4:2.383000, scale1:0.935522, scale4:0.923264
06-08 18:08:18.204  1977  2997 E libsensor-displayalgo: RGB_black_white_scenario_0822!
06-08 18:08:18.204  1977  2997 I libsensor-displayalgo: the value of  RESULT180.445235,64.704759,96.719156,32.964019
06-08 18:08:18.204  1977  2997 I libsensor-displayalgo: the value of  getChannelDataCalibrated188.560035,59.959021,111.913424,35.729273
06-08 18:08:18.204  1977  2997 I libsensor-displayalgo: the value of  REAL LUX232.757751
06-08 18:08:18.204  1977  2997 I libsensor-displayalgo: the value of  CAL REAL LUX232.757751
06-08 18:08:18.209  1245 22455 I SDM     : HWCSession::NotifyCWBStatus: Notify the client about buffer status 0.
06-08 18:08:18.210  1245 22455 I SDM     : HWCSession::PerformFenceWaits: Remove current release fence from the pending fence wait queue.
06-08 18:08:18.210  1245 22455 I SDM     : HWCSession::PerformFenceWaits: CWB fence queue is empty. No pending release fence to wait on.
06-08 18:08:18.500  1245  2285 I vendor.qti.hardware.display.composer-service: FrameNotifyProcess Sensor: notify citsensorservice to trigger cwb
06-08 18:08:18.501  1977  2106 I libcitsensorservice@2.0-impl: msg_transfer
06-08 18:08:18.501  1977  2987 D vendor.xiaomi.sensor.citsensorservice@2.0-service: handle id:8 wxh:1280x2400 uwxuh:1080x2400 size: 9216000 fd:15 fd_meta:16 flags:0x4000228 usage:0x33  format:0x3 layer_count: 1
06-08 18:08:18.502  1245  1846 I SDM     : HWCSession::SetCWBOutputBuffer: CWB config passed by cwb_client : tappoint 1  CWB_ROI : (829.000000 4.000000 915.000000 90.000000)
06-08 18:08:18.504  1977  2997 D libsensor-displayalgo: the value of  brightness:400.000000,R:5839427.745025,G:5838004.606291,B:5844250.476950,EVENT_C:4088.000000,EVENT_R:1700.000000,EVENT_G:1976.000000,EVENT_B:814.000000
06-08 18:08:18.505  1977  2997 I libsensor-displayalgo: the value of  Coef1:1107.681000,Coef4:2.383000, scale1:0.935522, scale4:0.923264
06-08 18:08:18.505  1977  2997 E libsensor-displayalgo: RGB_black_white_scenario_0822!
06-08 18:08:18.505  1977  2997 I libsensor-displayalgo: the value of  RESULT180.445235,64.704759,96.719156,32.964019
06-08 18:08:18.505  1977  2997 I libsensor-displayalgo: the value of  getChannelDataCalibrated188.560035,59.959021,111.913424,35.729273
06-08 18:08:18.505  1977  2997 I libsensor-displayalgo: the value of  REAL LUX234.962006
06-08 18:08:18.505  1977  2997 I libsensor-displayalgo: the value of  CAL REAL LUX234.962006
06-08 18:08:18.508  1245 22459 I SDM     : HWCSession::ProcessRequests: Successfully configured CWB buffer.
06-08 18:08:18.516  1245 22459 I SDM     : HWCSession::ProcessRequests: Pushing release fence in fenece wait queue.
06-08 18:08:18.516  1245 22459 I SDM     : HWCSession::ProcessRequests: Creating AsyncFenceWaits async thread.
06-08 18:08:18.517  1245 22459 I SDM     : HWCSession::ProcessRequests: Remove current CWB request from the pending request queue.
06-08 18:08:18.517  1245 22459 I SDM     : HWCSession::ProcessRequests: No pending cwb requests found in the queue.
06-08 18:08:18.523  1245  1464 I SDM     : HWDeviceDRM::SetupConcurrentWriteback: Tear down the Concurrent Writeback topology
06-08 18:08:18.530  1245 22460 I SDM     : HWCSession::NotifyCWBStatus: Notify the client about buffer status 0.
06-08 18:08:18.531  1245 22460 I SDM     : HWCSession::PerformFenceWaits: Remove current release fence from the pending fence wait queue.
06-08 18:08:18.531  1245 22460 I SDM     : HWCSession::PerformFenceWaits: CWB fence queue is empty. No pending release fence to wait on.
06-08 18:08:18.760  4164  4164 D MiPlayDetailViewModel: onPositionChange(): position = 129804
06-08 18:08:18.760  6952 20004 I SafeBinderCall: onPositionChange binder cost:1
06-08 18:08:18.804  1977  2997 D libsensor-displayalgo: the value of  brightness:400.000000,R:5839427.745025,G:5838004.606291,B:5844250.476950,EVENT_C:4118.500000,EVENT_R:1706.000000,EVENT_G:1995.000000,EVENT_B:825.000000
06-08 18:08:18.805  1977  2997 I libsensor-displayalgo: the value of  Coef1:1107.681000,Coef4:2.383000, scale1:0.935522, scale4:0.923264
06-08 18:08:18.805  1977  2997 E libsensor-displayalgo: RGB_black_white_scenario_0822!
06-08 18:08:18.805  1977  2997 I libsensor-displayalgo: the value of  RESULT180.445235,64.704759,96.719156,32.964019
06-08 18:08:18.805  1977  2997 I libsensor-displayalgo: the value of  getChannelDataCalibrated188.560035,59.959021,111.913424,35.729273
06-08 18:08:18.805  1977  2997 I libsensor-displayalgo: the value of  REAL LUX236.859238
06-08 18:08:18.805  1977  2997 I libsensor-displayalgo: the value of  CAL REAL LUX236.859238
06-08 18:08:18.806  1245  2285 I vendor.qti.hardware.display.composer-service: FrameNotifyProcess Sensor: notify citsensorservice to trigger cwb
06-08 18:08:18.807  1977  2106 I libcitsensorservice@2.0-impl: msg_transfer
06-08 18:08:18.807  1977  2987 D vendor.xiaomi.sensor.citsensorservice@2.0-service: handle id:8 wxh:1280x2400 uwxuh:1080x2400 size: 9216000 fd:15 fd_meta:16 flags:0x4000228 usage:0x33  format:0x3 layer_count: 1
06-08 18:08:18.808  1245  1846 I SDM     : HWCSession::SetCWBOutputBuffer: CWB config passed by cwb_client : tappoint 1  CWB_ROI : (829.000000 4.000000 915.000000 90.000000)
06-08 18:08:18.809  1245 22463 I SDM     : HWCSession::ProcessRequests: Successfully configured CWB buffer.
06-08 18:08:18.816  1245 22463 I SDM     : HWCSession::ProcessRequests: Pushing release fence in fenece wait queue.
06-08 18:08:18.817  1245 22463 I SDM     : HWCSession::ProcessRequests: Creating AsyncFenceWaits async thread.
06-08 18:08:18.818  1245 22463 I SDM     : HWCSession::ProcessRequests: Remove current CWB request from the pending request queue.
06-08 18:08:18.818  1245 22463 I SDM     : HWCSession::ProcessRequests: No pending cwb requests found in the queue.
06-08 18:08:18.820  1245  1464 I SDM     : HWDeviceDRM::SetupConcurrentWriteback: Tear down the Concurrent Writeback topology
06-08 18:08:18.827  1245 22464 I SDM     : HWCSession::NotifyCWBStatus: Notify the client about buffer status 0.
06-08 18:08:18.828  1245 22464 I SDM     : HWCSession::PerformFenceWaits: Remove current release fence from the pending fence wait queue.
06-08 18:08:18.828  1245 22464 I SDM     : HWCSession::PerformFenceWaits: CWB fence queue is empty. No pending release fence to wait on.
06-08 18:08:19.104  1977  2997 D libsensor-displayalgo: the value of  brightness:400.000000,R:5839427.745025,G:5838004.606291,B:5844250.476950,EVENT_C:4089.000000,EVENT_R:1699.000000,EVENT_G:1976.500000,EVENT_B:815.000000
06-08 18:08:19.104  1977  2997 I libsensor-displayalgo: the value of  Coef1:1107.681000,Coef4:2.383000, scale1:0.935522, scale4:0.923264
06-08 18:08:19.104  1977  2997 E libsensor-displayalgo: RGB_black_white_scenario_0822!
06-08 18:08:19.104  1977  2997 I libsensor-displayalgo: the value of  RESULT180.445235,64.704759,96.719156,32.964019
06-08 18:08:19.104  1977  2997 I libsensor-displayalgo: the value of  getChannelDataCalibrated188.560035,59.959021,111.913424,35.729273
06-08 18:08:19.104  1977  2997 I libsensor-displayalgo: the value of  REAL LUX235.011841
06-08 18:08:19.104  1977  2997 I libsensor-displayalgo: the value of  CAL REAL LUX235.011841
06-08 18:08:19.116  1245  2285 I vendor.qti.hardware.display.composer-service: FrameNotifyProcess Sensor: notify citsensorservice to trigger cwb
06-08 18:08:19.117  1977 18363 I libcitsensorservice@2.0-impl: msg_transfer
06-08 18:08:19.117  1977  2987 D vendor.xiaomi.sensor.citsensorservice@2.0-service: handle id:8 wxh:1280x2400 uwxuh:1080x2400 size: 9216000 fd:15 fd_meta:16 flags:0x4000228 usage:0x33  format:0x3 layer_count: 1
06-08 18:08:19.118  1245  1846 I SDM     : HWCSession::SetCWBOutputBuffer: CWB config passed by cwb_client : tappoint 1  CWB_ROI : (829.000000 4.000000 915.000000 90.000000)
06-08 18:08:19.120  1245 22468 I SDM     : HWCSession::ProcessRequests: Successfully configured CWB buffer.
06-08 18:08:19.125  1245 22468 I SDM     : HWCSession::ProcessRequests: Pushing release fence in fenece wait queue.
06-08 18:08:19.125  1245 22468 I SDM     : HWCSession::ProcessRequests: Creating AsyncFenceWaits async thread.
06-08 18:08:19.126  1245 22468 I SDM     : HWCSession::ProcessRequests: Remove current CWB request from the pending request queue.
06-08 18:08:19.126  1245 22468 I SDM     : HWCSession::ProcessRequests: No pending cwb requests found in the queue.
06-08 18:08:19.132  1245  1464 I SDM     : HWDeviceDRM::SetupConcurrentWriteback: Tear down the Concurrent Writeback topology
06-08 18:08:19.139  1245 22469 I SDM     : HWCSession::NotifyCWBStatus: Notify the client about buffer status 0.
06-08 18:08:19.140  1245 22469 I SDM     : HWCSession::PerformFenceWaits: Remove current release fence from the pending fence wait queue.
06-08 18:08:19.140  1245 22469 I SDM     : HWCSession::PerformFenceWaits: CWB fence queue is empty. No pending release fence to wait on.
06-08 18:08:19.421  1245  2285 I vendor.qti.hardware.display.composer-service: FrameNotifyProcess Sensor: notify citsensorservice to trigger cwb
06-08 18:08:19.421  1977 18363 I libcitsensorservice@2.0-impl: msg_transfer
06-08 18:08:19.421  1977  2987 D vendor.xiaomi.sensor.citsensorservice@2.0-service: handle id:8 wxh:1280x2400 uwxuh:1080x2400 size: 9216000 fd:15 fd_meta:16 flags:0x4000228 usage:0x33  format:0x3 layer_count: 1
06-08 18:08:19.422  1245  1846 I SDM     : HWCSession::SetCWBOutputBuffer: CWB config passed by cwb_client : tappoint 1  CWB_ROI : (829.000000 4.000000 915.000000 90.000000)
06-08 18:08:19.423  1245 22473 I SDM     : HWCSession::ProcessRequests: Successfully configured CWB buffer.
06-08 18:08:19.430  1245 22473 I SDM     : HWCSession::ProcessRequests: Pushing release fence in fenece wait queue.
06-08 18:08:19.430  1245 22473 I SDM     : HWCSession::ProcessRequests: Creating AsyncFenceWaits async thread.
06-08 18:08:19.431  1245 22473 I SDM     : HWCSession::ProcessRequests: Remove current CWB request from the pending request queue.
06-08 18:08:19.431  1245 22473 I SDM     : HWCSession::ProcessRequests: No pending cwb requests found in the queue.
06-08 18:08:19.437  1245  1464 I SDM     : HWDeviceDRM::SetupConcurrentWriteback: Tear down the Concurrent Writeback topology
06-08 18:08:19.444  1245 22474 I SDM     : HWCSession::NotifyCWBStatus: Notify the client about buffer status 0.
06-08 18:08:19.444  1245 22474 I SDM     : HWCSession::PerformFenceWaits: Remove current release fence from the pending fence wait queue.
06-08 18:08:19.444  1245 22474 I SDM     : HWCSession::PerformFenceWaits: CWB fence queue is empty. No pending release fence to wait on.
06-08 18:08:19.455 18647 19599 D AudioTrack: [audioTrackData][fine] 50s(f:50000 m:1791 s:282 k:0) : pid 18647 uid 10462 sessionId 9321 sr 44100 ch 2 fmt 1
06-08 18:08:19.505  1977  2997 D libsensor-displayalgo: the value of  brightness:400.000000,R:5839427.745025,G:5838004.606291,B:5844250.476950,EVENT_C:4096.500000,EVENT_R:1699.500000,EVENT_G:1982.500000,EVENT_B:817.000000
06-08 18:08:19.505  1977  2997 I libsensor-displayalgo: the value of  Coef1:1107.681000,Coef4:2.383000, scale1:0.935522, scale4:0.923264
06-08 18:08:19.505  1977  2997 E libsensor-displayalgo: RGB_black_white_scenario_0822!
06-08 18:08:19.505  1977  2997 I libsensor-displayalgo: the value of  RESULT180.445235,64.704759,96.719156,32.964019
06-08 18:08:19.505  1977  2997 I libsensor-displayalgo: the value of  getChannelDataCalibrated188.560035,59.959021,111.913424,35.729273
06-08 18:08:19.505  1977  2997 I libsensor-displayalgo: the value of  REAL LUX235.632812
06-08 18:08:19.505  1977  2997 I libsensor-displayalgo: the value of  CAL REAL LUX235.632812
06-08 18:08:19.519  5452  9748 D SLM-SRV-SLAService: checktemp temperature = 37095 temperature_average = 37159 isPerformanceMode = false thermal_enable_slm = true
06-08 18:08:19.734  1245  2285 I vendor.qti.hardware.display.composer-service: FrameNotifyProcess Sensor: notify citsensorservice to trigger cwb
06-08 18:08:19.735  1977  2106 I libcitsensorservice@2.0-impl: msg_transfer
06-08 18:08:19.736  1977  2987 D vendor.xiaomi.sensor.citsensorservice@2.0-service: handle id:8 wxh:1280x2400 uwxuh:1080x2400 size: 9216000 fd:15 fd_meta:16 flags:0x4000228 usage:0x33  format:0x3 layer_count: 1
06-08 18:08:19.736  1245  1846 I SDM     : HWCSession::SetCWBOutputBuffer: CWB config passed by cwb_client : tappoint 1  CWB_ROI : (829.000000 4.000000 915.000000 90.000000)
06-08 18:08:19.739  1245 22483 I SDM     : HWCSession::ProcessRequests: Successfully configured CWB buffer.
06-08 18:08:19.744  1245 22483 I SDM     : HWCSession::ProcessRequests: Pushing release fence in fenece wait queue.
06-08 18:08:19.744  1245 22483 I SDM     : HWCSession::ProcessRequests: Creating AsyncFenceWaits async thread.
06-08 18:08:19.745  1245 22483 I SDM     : HWCSession::ProcessRequests: Remove current CWB request from the pending request queue.
06-08 18:08:19.745  1245 22483 I SDM     : HWCSession::ProcessRequests: No pending cwb requests found in the queue.
06-08 18:08:19.749  1245  1464 I SDM     : HWDeviceDRM::SetupConcurrentWriteback: Tear down the Concurrent Writeback topology
06-08 18:08:19.756  1245 22484 I SDM     : HWCSession::NotifyCWBStatus: Notify the client about buffer status 0.
06-08 18:08:19.757  1245 22484 I SDM     : HWCSession::PerformFenceWaits: Remove current release fence from the pending fence wait queue.
06-08 18:08:19.757  1245 22484 I SDM     : HWCSession::PerformFenceWaits: CWB fence queue is empty. No pending release fence to wait on.
06-08 18:08:19.760  6952 20004 I SafeBinderCall: onPositionChange binder cost:1
06-08 18:08:19.760  4164  4164 D MiPlayDetailViewModel: onPositionChange(): position = 130804
06-08 18:08:19.804  1977  2997 D libsensor-displayalgo: the value of  brightness:400.000000,R:5839427.745025,G:5838004.606291,B:5844250.476950,EVENT_C:4068.000000,EVENT_R:1692.000000,EVENT_G:1966.000000,EVENT_B:809.500000
06-08 18:08:19.804  1977  2997 I libsensor-displayalgo: the value of  Coef1:1107.681000,Coef4:2.383000, scale1:0.935522, scale4:0.923264
06-08 18:08:19.804  1977  2997 E libsensor-displayalgo: RGB_black_white_scenario_0822!
06-08 18:08:19.804  1977  2997 I libsensor-displayalgo: the value of  RESULT180.445235,64.704759,96.719156,32.964019
06-08 18:08:19.804  1977  2997 I libsensor-displayalgo: the value of  getChannelDataCalibrated188.560035,59.959021,111.913424,35.729273
06-08 18:08:19.804  1977  2997 I libsensor-displayalgo: the value of  REAL LUX233.762680
06-08 18:08:19.805  1977  2997 I libsensor-displayalgo: the value of  CAL REAL LUX233.762680
06-08 18:08:19.831  1906  1953 I mstatdaemon: Entering time loop
06-08 18:08:19.831  1906  1953 I mstatdaemon: t = 1686218899
06-08 18:08:19.831  1906  1953 I mstatdaemon: translated_t = 1370228899
06-08 18:08:19.831  1906  1953 I mstat_log: mstatcommitLog log_alloc() failed
06-08 18:08:20.038  1245  2285 I vendor.qti.hardware.display.composer-service: FrameNotifyProcess Sensor: notify citsensorservice to trigger cwb
06-08 18:08:20.038  1977  2106 I libcitsensorservice@2.0-impl: msg_transfer
06-08 18:08:20.038  1977  2987 D vendor.xiaomi.sensor.citsensorservice@2.0-service: handle id:8 wxh:1280x2400 uwxuh:1080x2400 size: 9216000 fd:15 fd_meta:16 flags:0x4000228 usage:0x33  format:0x3 layer_count: 1
06-08 18:08:20.039  1245  1846 I SDM     : HWCSession::SetCWBOutputBuffer: CWB config passed by cwb_client : tappoint 1  CWB_ROI : (829.000000 4.000000 915.000000 90.000000)
06-08 18:08:20.040  1245 22488 I SDM     : HWCSession::ProcessRequests: Successfully configured CWB buffer.
06-08 18:08:20.047  1245 22488 I SDM     : HWCSession::ProcessRequests: Pushing release fence in fenece wait queue.
06-08 18:08:20.047  1245 22488 I SDM     : HWCSession::ProcessRequests: Creating AsyncFenceWaits async thread.
06-08 18:08:20.047  1245 22488 I SDM     : HWCSession::ProcessRequests: Remove current CWB request from the pending request queue.
06-08 18:08:20.047  1245 22488 I SDM     : HWCSession::ProcessRequests: No pending cwb requests found in the queue.
06-08 18:08:20.053  1245  1464 I SDM     : HWDeviceDRM::SetupConcurrentWriteback: Tear down the Concurrent Writeback topology
06-08 18:08:20.061  1245 22489 I SDM     : HWCSession::NotifyCWBStatus: Notify the client about buffer status 0.
06-08 18:08:20.061  1245 22489 I SDM     : HWCSession::PerformFenceWaits: Remove current release fence from the pending fence wait queue.
06-08 18:08:20.061  1245 22489 I SDM     : HWCSession::PerformFenceWaits: CWB fence queue is empty. No pending release fence to wait on.
06-08 18:08:20.104  1977  2997 D libsensor-displayalgo: the value of  brightness:400.000000,R:5839427.745025,G:5838004.606291,B:5844250.476950,EVENT_C:4043.500000,EVENT_R:1686.000000,EVENT_G:1954.000000,EVENT_B:801.500000
06-08 18:08:20.104  1977  2997 I libsensor-displayalgo: the value of  Coef1:1107.681000,Coef4:2.383000, scale1:0.935522, scale4:0.923264
06-08 18:08:20.104  1977  2997 E libsensor-displayalgo: RGB_black_white_scenario_0822!
06-08 18:08:20.104  1977  2997 I libsensor-displayalgo: the value of  RESULT180.445235,64.704759,96.719156,32.964019
06-08 18:08:20.104  1977  2997 I libsensor-displayalgo: the value of  getChannelDataCalibrated188.560035,59.959021,111.913424,35.729273
06-08 18:08:20.104  1977  2997 I libsensor-displayalgo: the value of  REAL LUX232.363724
06-08 18:08:20.104  1977  2997 I libsensor-displayalgo: the value of  CAL REAL LUX232.363724
06-08 18:08:20.351  1245  2285 I vendor.qti.hardware.display.composer-service: FrameNotifyProcess Sensor: notify citsensorservice to trigger cwb
06-08 18:08:20.352  1977  3798 I libcitsensorservice@2.0-impl: msg_transfer
06-08 18:08:20.352  1977  2987 D vendor.xiaomi.sensor.citsensorservice@2.0-service: handle id:8 wxh:1280x2400 uwxuh:1080x2400 size: 9216000 fd:15 fd_meta:16 flags:0x4000228 usage:0x33  format:0x3 layer_count: 1
06-08 18:08:20.352  1245  1846 I SDM     : HWCSession::SetCWBOutputBuffer: CWB config passed by cwb_client : tappoint 1  CWB_ROI : (829.000000 4.000000 915.000000 90.000000)
06-08 18:08:20.354  1245 22493 I SDM     : HWCSession::ProcessRequests: Successfully configured CWB buffer.
06-08 18:08:20.360  1245 22493 I SDM     : HWCSession::ProcessRequests: Pushing release fence in fenece wait queue.
06-08 18:08:20.361  1245 22493 I SDM     : HWCSession::ProcessRequests: Creating AsyncFenceWaits async thread.
06-08 18:08:20.362  1245 22493 I SDM     : HWCSession::ProcessRequests: Remove current CWB request from the pending request queue.
06-08 18:08:20.362  1245 22493 I SDM     : HWCSession::ProcessRequests: No pending cwb requests found in the queue.
06-08 18:08:20.366  1245  1464 I SDM     : HWDeviceDRM::SetupConcurrentWriteback: Tear down the Concurrent Writeback topology
06-08 18:08:20.374  1245 22494 I SDM     : HWCSession::NotifyCWBStatus: Notify the client about buffer status 0.
06-08 18:08:20.374  1245 22494 I SDM     : HWCSession::PerformFenceWaits: Remove current release fence from the pending fence wait queue.
06-08 18:08:20.374  1245 22494 I SDM     : HWCSession::PerformFenceWaits: CWB fence queue is empty. No pending release fence to wait on.
06-08 18:08:20.404  1977  2997 D libsensor-displayalgo: the value of  brightness:400.000000,R:5839427.745025,G:5838004.606291,B:5844250.476950,EVENT_C:4071.000000,EVENT_R:1694.000000,EVENT_G:1967.000000,EVENT_B:808.500000
06-08 18:08:20.405  1977  2997 I libsensor-displayalgo: the value of  Coef1:1107.681000,Coef4:2.383000, scale1:0.935522, scale4:0.923264
06-08 18:08:20.405  1977  2997 E libsensor-displayalgo: RGB_black_white_scenario_0822!
06-08 18:08:20.405  1977  2997 I libsensor-displayalgo: the value of  RESULT180.445235,64.704759,96.719156,32.964019
06-08 18:08:20.405  1977  2997 I libsensor-displayalgo: the value of  getChannelDataCalibrated188.560035,59.959021,111.913424,35.729273
06-08 18:08:20.405  1977  2997 I libsensor-displayalgo: the value of  REAL LUX234.025726
06-08 18:08:20.405  1977  2997 I libsensor-displayalgo: the value of  CAL REAL LUX234.025726
06-08 18:08:20.656  1245  2285 I vendor.qti.hardware.display.composer-service: FrameNotifyProcess Sensor: notify citsensorservice to trigger cwb
06-08 18:08:20.656  1977  2106 I libcitsensorservice@2.0-impl: msg_transfer
06-08 18:08:20.657  1977  2987 D vendor.xiaomi.sensor.citsensorservice@2.0-service: handle id:8 wxh:1280x2400 uwxuh:1080x2400 size: 9216000 fd:15 fd_meta:16 flags:0x4000228 usage:0x33  format:0x3 layer_count: 1
06-08 18:08:20.657  1245  1846 I SDM     : HWCSession::SetCWBOutputBuffer: CWB config passed by cwb_client : tappoint 1  CWB_ROI : (829.000000 4.000000 915.000000 90.000000)
06-08 18:08:20.660  1245 22498 I SDM     : HWCSession::ProcessRequests: Successfully configured CWB buffer.
06-08 18:08:20.665  1245 22498 I SDM     : HWCSession::ProcessRequests: Pushing release fence in fenece wait queue.
06-08 18:08:20.666  1245 22498 I SDM     : HWCSession::ProcessRequests: Creating AsyncFenceWaits async thread.
06-08 18:08:20.668  1245 22498 I SDM     : HWCSession::ProcessRequests: Remove current CWB request from the pending request queue.
06-08 18:08:20.668  1245 22498 I SDM     : HWCSession::ProcessRequests: No pending cwb requests found in the queue.
06-08 18:08:20.671  1245  1464 I SDM     : HWDeviceDRM::SetupConcurrentWriteback: Tear down the Concurrent Writeback topology
06-08 18:08:20.678  1245 22499 I SDM     : HWCSession::NotifyCWBStatus: Notify the client about buffer status 0.
06-08 18:08:20.678  1245 22499 I SDM     : HWCSession::PerformFenceWaits: Remove current release fence from the pending fence wait queue.
06-08 18:08:20.678  1245 22499 I SDM     : HWCSession::PerformFenceWaits: CWB fence queue is empty. No pending release fence to wait on.
06-08 18:08:20.704  1977  2997 D libsensor-displayalgo: the value of  brightness:400.000000,R:5839427.745025,G:5838004.606291,B:5844250.476950,EVENT_C:4101.000000,EVENT_R:1702.500000,EVENT_G:1985.000000,EVENT_B:819.500000
06-08 18:08:20.705  1977  2997 I libsensor-displayalgo: the value of  Coef1:1107.681000,Coef4:2.383000, scale1:0.935522, scale4:0.923264
06-08 18:08:20.705  1977  2997 E libsensor-displayalgo: RGB_black_white_scenario_0822!
06-08 18:08:20.705  1977  2997 I libsensor-displayalgo: the value of  RESULT180.445235,64.704759,96.719156,32.964019
06-08 18:08:20.705  1977  2997 I libsensor-displayalgo: the value of  getChannelDataCalibrated188.560035,59.959021,111.913424,35.729273
06-08 18:08:20.705  1977  2997 I libsensor-displayalgo: the value of  REAL LUX235.747955
06-08 18:08:20.705  1977  2997 I libsensor-displayalgo: the value of  CAL REAL LUX235.747955
06-08 18:08:20.759  4164  4164 D MiPlayDetailViewModel: onPositionChange(): position = 131804
06-08 18:08:20.759  6952 20004 I SafeBinderCall: onPositionChange binder cost:0
06-08 18:08:20.868 21969 22263 D MemoryCeilingMonitor: [handleMemoryCalculate]
06-08 18:08:20.868 21969 22263 D MemoryCeilingMonitor: [calculate] tot: 5893928, max: 268435456, free: 1670816, heap: 4223112, per: 0.01573231816291809
06-08 18:08:20.962  1245  2285 I vendor.qti.hardware.display.composer-service: FrameNotifyProcess Sensor: notify citsensorservice to trigger cwb
06-08 18:08:20.963  1977  2106 I libcitsensorservice@2.0-impl: msg_transfer
06-08 18:08:20.964  1977  2987 D vendor.xiaomi.sensor.citsensorservice@2.0-service: handle id:8 wxh:1280x2400 uwxuh:1080x2400 size: 9216000 fd:15 fd_meta:16 flags:0x4000228 usage:0x33  format:0x3 layer_count: 1
06-08 18:08:20.964  1245  1846 I SDM     : HWCSession::SetCWBOutputBuffer: CWB config passed by cwb_client : tappoint 1  CWB_ROI : (829.000000 4.000000 915.000000 90.000000)
06-08 18:08:20.965  1245 22503 I SDM     : HWCSession::ProcessRequests: Successfully configured CWB buffer.
06-08 18:08:20.970  1245 22503 I SDM     : HWCSession::ProcessRequests: Pushing release fence in fenece wait queue.
06-08 18:08:20.970  1245 22503 I SDM     : HWCSession::ProcessRequests: Creating AsyncFenceWaits async thread.
06-08 18:08:20.970  1245 22503 I SDM     : HWCSession::ProcessRequests: Remove current CWB request from the pending request queue.
06-08 18:08:20.970  1245 22503 I SDM     : HWCSession::ProcessRequests: No pending cwb requests found in the queue.
06-08 18:08:20.976  1245  1464 I SDM     : HWDeviceDRM::SetupConcurrentWriteback: Tear down the Concurrent Writeback topology
06-08 18:08:20.983  1245 22504 I SDM     : HWCSession::NotifyCWBStatus: Notify the client about buffer status 0.
06-08 18:08:20.983  1245 22504 I SDM     : HWCSession::PerformFenceWaits: Remove current release fence from the pending fence wait queue.
06-08 18:08:20.983  1245 22504 I SDM     : HWCSession::PerformFenceWaits: CWB fence queue is empty. No pending release fence to wait on.
06-08 18:08:21.105  1977  2997 D libsensor-displayalgo: the value of  brightness:400.000000,R:5839427.745025,G:5838004.606291,B:5844250.476950,EVENT_C:4071.500000,EVENT_R:1695.000000,EVENT_G:1969.000000,EVENT_B:811.000000
06-08 18:08:21.105  1977  2997 I libsensor-displayalgo: the value of  Coef1:1107.681000,Coef4:2.383000, scale1:0.935522, scale4:0.923264
06-08 18:08:21.105  1977  2997 E libsensor-displayalgo: RGB_black_white_scenario_0822!
06-08 18:08:21.105  1977  2997 I libsensor-displayalgo: the value of  RESULT180.445235,64.704759,96.719156,32.964019
06-08 18:08:21.105  1977  2997 I libsensor-displayalgo: the value of  getChannelDataCalibrated188.560035,59.959021,111.913424,35.729273
06-08 18:08:21.105  1977  2997 I libsensor-displayalgo: the value of  REAL LUX233.911270
06-08 18:08:21.105  1977  2997 I libsensor-displayalgo: the value of  CAL REAL LUX233.911270
06-08 18:08:21.273  1245  2285 I vendor.qti.hardware.display.composer-service: FrameNotifyProcess Sensor: notify citsensorservice to trigger cwb
06-08 18:08:21.273  1977  2106 I libcitsensorservice@2.0-impl: msg_transfer
06-08 18:08:21.274  1977  2987 D vendor.xiaomi.sensor.citsensorservice@2.0-service: handle id:8 wxh:1280x2400 uwxuh:1080x2400 size: 9216000 fd:15 fd_meta:16 flags:0x4000228 usage:0x33  format:0x3 layer_count: 1
06-08 18:08:21.275  1245  1846 I SDM     : HWCSession::SetCWBOutputBuffer: CWB config passed by cwb_client : tappoint 1  CWB_ROI : (829.000000 4.000000 915.000000 90.000000)
06-08 18:08:21.276  1245 22508 I SDM     : HWCSession::ProcessRequests: Successfully configured CWB buffer.
06-08 18:08:21.282  1245 22508 I SDM     : HWCSession::ProcessRequests: Pushing release fence in fenece wait queue.
06-08 18:08:21.282  1245 22508 I SDM     : HWCSession::ProcessRequests: Creating AsyncFenceWaits async thread.
06-08 18:08:21.282  1245 22508 I SDM     : HWCSession::ProcessRequests: Remove current CWB request from the pending request queue.
06-08 18:08:21.282  1245 22508 I SDM     : HWCSession::ProcessRequests: No pending cwb requests found in the queue.
06-08 18:08:21.288  1245  1464 I SDM     : HWDeviceDRM::SetupConcurrentWriteback: Tear down the Concurrent Writeback topology
06-08 18:08:21.296  1245 22509 I SDM     : HWCSession::NotifyCWBStatus: Notify the client about buffer status 0.
06-08 18:08:21.296  1245 22509 I SDM     : HWCSession::PerformFenceWaits: Remove current release fence from the pending fence wait queue.
06-08 18:08:21.296  1245 22509 I SDM     : HWCSession::PerformFenceWaits: CWB fence queue is empty. No pending release fence to wait on.
06-08 18:08:21.405  1977  2997 D libsensor-displayalgo: the value of  brightness:400.000000,R:5839427.745025,G:5838004.606291,B:5844250.476950,EVENT_C:4091.000000,EVENT_R:1700.500000,EVENT_G:1978.000000,EVENT_B:815.500000
06-08 18:08:21.405  1977  2997 I libsensor-displayalgo: the value of  Coef1:1107.681000,Coef4:2.383000, scale1:0.935522, scale4:0.923264
06-08 18:08:21.405  1977  2997 E libsensor-displayalgo: RGB_black_white_scenario_0822!
06-08 18:08:21.405  1977  2997 I libsensor-displayalgo: the value of  RESULT180.445235,64.704759,96.719156,32.964019
06-08 18:08:21.405  1977  2997 I libsensor-displayalgo: the value of  getChannelDataCalibrated188.560035,59.959021,111.913424,35.729273
06-08 18:08:21.405  1977  2997 I libsensor-displayalgo: the value of  REAL LUX235.124069
06-08 18:08:21.405  1977  2997 I libsensor-displayalgo: the value of  CAL REAL LUX235.124069
06-08 18:08:21.579  1245  2285 I vendor.qti.hardware.display.composer-service: FrameNotifyProcess Sensor: notify citsensorservice to trigger cwb
06-08 18:08:21.581  1977 18363 I libcitsensorservice@2.0-impl: msg_transfer
06-08 18:08:21.581  1977  2987 D vendor.xiaomi.sensor.citsensorservice@2.0-service: handle id:8 wxh:1280x2400 uwxuh:1080x2400 size: 9216000 fd:15 fd_meta:16 flags:0x4000228 usage:0x33  format:0x3 layer_count: 1
06-08 18:08:21.581  1245  1846 I SDM     : HWCSession::SetCWBOutputBuffer: CWB config passed by cwb_client : tappoint 1  CWB_ROI : (829.000000 4.000000 915.000000 90.000000)
06-08 18:08:21.585  1245 22514 I SDM     : HWCSession::ProcessRequests: Successfully configured CWB buffer.
06-08 18:08:21.595  1245 22514 I SDM     : HWCSession::ProcessRequests: Pushing release fence in fenece wait queue.
06-08 18:08:21.595  1245 22514 I SDM     : HWCSession::ProcessRequests: Creating AsyncFenceWaits async thread.
06-08 18:08:21.595  1245 22514 I SDM     : HWCSession::ProcessRequests: Remove current CWB request from the pending request queue.
06-08 18:08:21.595  1245 22514 I SDM     : HWCSession::ProcessRequests: No pending cwb requests found in the queue.
06-08 18:08:21.602  1245  1464 I SDM     : HWDeviceDRM::SetupConcurrentWriteback: Tear down the Concurrent Writeback topology
06-08 18:08:21.608  1245 22515 I SDM     : HWCSession::NotifyCWBStatus: Notify the client about buffer status 0.
06-08 18:08:21.609  1245 22515 I SDM     : HWCSession::PerformFenceWaits: Remove current release fence from the pending fence wait queue.
06-08 18:08:21.609  1245 22515 I SDM     : HWCSession::PerformFenceWaits: CWB fence queue is empty. No pending release fence to wait on.
06-08 18:08:21.704  1977  2997 D libsensor-displayalgo: the value of  brightness:400.000000,R:5839427.745025,G:5838004.606291,B:5844250.476950,EVENT_C:4088.000000,EVENT_R:1698.500000,EVENT_G:1975.500000,EVENT_B:815.500000
06-08 18:08:21.704  1977  2997 I libsensor-displayalgo: the value of  Coef1:1107.681000,Coef4:2.383000, scale1:0.935522, scale4:0.923264
06-08 18:08:21.704  1977  2997 E libsensor-displayalgo: RGB_black_white_scenario_0822!
06-08 18:08:21.704  1977  2997 I libsensor-displayalgo: the value of  RESULT180.445235,64.704759,96.719156,32.964019
06-08 18:08:21.705  1977  2997 I libsensor-displayalgo: the value of  getChannelDataCalibrated188.560035,59.959021,111.913424,35.729273
06-08 18:08:21.705  1977  2997 I libsensor-displayalgo: the value of  REAL LUX234.873962
06-08 18:08:21.705  1977  2997 I libsensor-displayalgo: the value of  CAL REAL LUX234.873962
06-08 18:08:21.760  6952 20004 I SafeBinderCall: onPositionChange binder cost:0
06-08 18:08:21.760  4164  4164 D MiPlayDetailViewModel: onPositionChange(): position = 132805
06-08 18:08:21.883  1245  2285 I vendor.qti.hardware.display.composer-service: FrameNotifyProcess Sensor: notify citsensorservice to trigger cwb
06-08 18:08:21.885  1977 18363 I libcitsensorservice@2.0-impl: msg_transfer
06-08 18:08:21.885  1977  2987 D vendor.xiaomi.sensor.citsensorservice@2.0-service: handle id:8 wxh:1280x2400 uwxuh:1080x2400 size: 9216000 fd:15 fd_meta:16 flags:0x4000228 usage:0x33  format:0x3 layer_count: 1
06-08 18:08:21.885  1245  1846 I SDM     : HWCSession::SetCWBOutputBuffer: CWB config passed by cwb_client : tappoint 1  CWB_ROI : (829.000000 4.000000 915.000000 90.000000)
06-08 18:08:21.887  1245 22519 I SDM     : HWCSession::ProcessRequests: Successfully configured CWB buffer.
06-08 18:08:21.893  1245 22519 I SDM     : HWCSession::ProcessRequests: Pushing release fence in fenece wait queue.
06-08 18:08:21.893  1245 22519 I SDM     : HWCSession::ProcessRequests: Creating AsyncFenceWaits async thread.
06-08 18:08:21.893  1245 22519 I SDM     : HWCSession::ProcessRequests: Remove current CWB request from the pending request queue.
06-08 18:08:21.894  1245 22519 I SDM     : HWCSession::ProcessRequests: No pending cwb requests found in the queue.
06-08 18:08:21.898  1245  1464 I SDM     : HWDeviceDRM::SetupConcurrentWriteback: Tear down the Concurrent Writeback topology
06-08 18:08:21.905  1245 22520 I SDM     : HWCSession::NotifyCWBStatus: Notify the client about buffer status 0.
06-08 18:08:21.906  1245 22520 I SDM     : HWCSession::PerformFenceWaits: Remove current release fence from the pending fence wait queue.
06-08 18:08:21.906  1245 22520 I SDM     : HWCSession::PerformFenceWaits: CWB fence queue is empty. No pending release fence to wait on.
06-08 18:08:22.004  1977  2997 D libsensor-displayalgo: the value of  brightness:400.000000,R:5839427.745025,G:5838004.606291,B:5844250.476950,EVENT_C:4110.500000,EVENT_R:1705.000000,EVENT_G:1991.000000,EVENT_B:822.000000
06-08 18:08:22.004  1977  2997 I libsensor-displayalgo: the value of  Coef1:1107.681000,Coef4:2.383000, scale1:0.935522, scale4:0.923264
06-08 18:08:22.004  1977  2997 E libsensor-displayalgo: RGB_black_white_scenario_0822!
06-08 18:08:22.004  1977  2997 I libsensor-displayalgo: the value of  RESULT180.445235,64.704759,96.719156,32.964019
06-08 18:08:22.004  1977  2997 I libsensor-displayalgo: the value of  getChannelDataCalibrated188.560035,59.959021,111.913424,35.729273
06-08 18:08:22.004  1977  2997 I libsensor-displayalgo: the value of  REAL LUX236.394058
06-08 18:08:22.004  1977  2997 I libsensor-displayalgo: the value of  CAL REAL LUX236.394058
06-08 18:08:22.195  1245  2285 I vendor.qti.hardware.display.composer-service: FrameNotifyProcess Sensor: notify citsensorservice to trigger cwb
06-08 18:08:22.195  1977 18363 I libcitsensorservice@2.0-impl: msg_transfer
06-08 18:08:22.196  1977  2987 D vendor.xiaomi.sensor.citsensorservice@2.0-service: handle id:8 wxh:1280x2400 uwxuh:1080x2400 size: 9216000 fd:15 fd_meta:16 flags:0x4000228 usage:0x33  format:0x3 layer_count: 1
06-08 18:08:22.196  1245  1846 I SDM     : HWCSession::SetCWBOutputBuffer: CWB config passed by cwb_client : tappoint 1  CWB_ROI : (829.000000 4.000000 915.000000 90.000000)
06-08 18:08:22.200  1245 22524 I SDM     : HWCSession::ProcessRequests: Successfully configured CWB buffer.
06-08 18:08:22.205  1245 22524 I SDM     : HWCSession::ProcessRequests: Pushing release fence in fenece wait queue.
06-08 18:08:22.206  1245 22524 I SDM     : HWCSession::ProcessRequests: Creating AsyncFenceWaits async thread.
06-08 18:08:22.208  1245 22524 I SDM     : HWCSession::ProcessRequests: Remove current CWB request from the pending request queue.
06-08 18:08:22.208  1245 22524 I SDM     : HWCSession::ProcessRequests: No pending cwb requests found in the queue.
06-08 18:08:22.211  1245  1464 I SDM     : HWDeviceDRM::SetupConcurrentWriteback: Tear down the Concurrent Writeback topology
06-08 18:08:22.218  1245 22525 I SDM     : HWCSession::NotifyCWBStatus: Notify the client about buffer status 0.
06-08 18:08:22.218  1245 22525 I SDM     : HWCSession::PerformFenceWaits: Remove current release fence from the pending fence wait queue.
06-08 18:08:22.218  1245 22525 I SDM     : HWCSession::PerformFenceWaits: CWB fence queue is empty. No pending release fence to wait on.
06-08 18:08:22.304  1977  2997 D libsensor-displayalgo: the value of  brightness:400.000000,R:5839427.745025,G:5838004.606291,B:5844250.476950,EVENT_C:4071.500000,EVENT_R:1693.500000,EVENT_G:1969.500000,EVENT_B:810.000000
06-08 18:08:22.304  1977  2997 I libsensor-displayalgo: the value of  Coef1:1107.681000,Coef4:2.383000, scale1:0.935522, scale4:0.923264
06-08 18:08:22.304  1977  2997 E libsensor-displayalgo: RGB_black_white_scenario_0822!
06-08 18:08:22.304  1977  2997 I libsensor-displayalgo: the value of  RESULT180.445235,64.704759,96.719156,32.964019
06-08 18:08:22.304  1977  2997 I libsensor-displayalgo: the value of  getChannelDataCalibrated188.560035,59.959021,111.913424,35.729273
06-08 18:08:22.304  1977  2997 I libsensor-displayalgo: the value of  REAL LUX234.071823
06-08 18:08:22.304  1977  2997 I libsensor-displayalgo: the value of  CAL REAL LUX234.071823
06-08 18:08:22.500  1245  2285 I vendor.qti.hardware.display.composer-service: FrameNotifyProcess Sensor: notify citsensorservice to trigger cwb
06-08 18:08:22.501  1977 18363 I libcitsensorservice@2.0-impl: msg_transfer
06-08 18:08:22.501  1977  2987 D vendor.xiaomi.sensor.citsensorservice@2.0-service: handle id:8 wxh:1280x2400 uwxuh:1080x2400 size: 9216000 fd:15 fd_meta:16 flags:0x4000228 usage:0x33  format:0x3 layer_count: 1
06-08 18:08:22.501  1245  1846 I SDM     : HWCSession::SetCWBOutputBuffer: CWB config passed by cwb_client : tappoint 1  CWB_ROI : (829.000000 4.000000 915.000000 90.000000)
06-08 18:08:22.503  1245 22528 I SDM     : HWCSession::ProcessRequests: Successfully configured CWB buffer.
06-08 18:08:22.508  1245 22528 I SDM     : HWCSession::ProcessRequests: Pushing release fence in fenece wait queue.
06-08 18:08:22.508  1245 22528 I SDM     : HWCSession::ProcessRequests: Creating AsyncFenceWaits async thread.
06-08 18:08:22.509  1245 22528 I SDM     : HWCSession::ProcessRequests: Remove current CWB request from the pending request queue.
06-08 18:08:22.509  1245 22528 I SDM     : HWCSession::ProcessRequests: No pending cwb requests found in the queue.
06-08 18:08:22.515  1245  1464 I SDM     : HWDeviceDRM::SetupConcurrentWriteback: Tear down the Concurrent Writeback topology
06-08 18:08:22.522  1245 22529 I SDM     : HWCSession::NotifyCWBStatus: Notify the client about buffer status 0.
06-08 18:08:22.523  1245 22529 I SDM     : HWCSession::PerformFenceWaits: Remove current release fence from the pending fence wait queue.
06-08 18:08:22.523  1245 22529 I SDM     : HWCSession::PerformFenceWaits: CWB fence queue is empty. No pending release fence to wait on.
06-08 18:08:22.558  2403  3057 D MiuiNetworkPolicy: updateLimit mLimitEnabled=true,enabled=false,mNetworkPriorityMode=1
06-08 18:08:22.704  1977  2997 D libsensor-displayalgo: the value of  brightness:400.000000,R:5839427.745025,G:5838004.606291,B:5844250.476950,EVENT_C:4057.000000,EVENT_R:1691.000000,EVENT_G:1958.500000,EVENT_B:804.500000
06-08 18:08:22.704  1977  2997 I libsensor-displayalgo: the value of  Coef1:1107.681000,Coef4:2.383000, scale1:0.935522, scale4:0.923264
06-08 18:08:22.704  1977  2997 E libsensor-displayalgo: RGB_black_white_scenario_0822!
06-08 18:08:22.704  1977  2997 I libsensor-displayalgo: the value of  RESULT180.445235,64.704759,96.719156,32.964019
06-08 18:08:22.704  1977  2997 I libsensor-displayalgo: the value of  getChannelDataCalibrated188.560035,59.959021,111.913424,35.729273
06-08 18:08:22.704  1977  2997 I libsensor-displayalgo: the value of  REAL LUX233.088989
06-08 18:08:22.704  1977  2997 I libsensor-displayalgo: the value of  CAL REAL LUX233.088989
06-08 18:08:22.760  4164  4164 D MiPlayDetailViewModel: onPositionChange(): position = 133804
06-08 18:08:22.760  6952 20004 I SafeBinderCall: onPositionChange binder cost:1
06-08 18:08:22.805  1245  2285 I vendor.qti.hardware.display.composer-service: FrameNotifyProcess Sensor: notify citsensorservice to trigger cwb
06-08 18:08:22.805  1977 18363 I libcitsensorservice@2.0-impl: msg_transfer
06-08 18:08:22.806  1977  2987 D vendor.xiaomi.sensor.citsensorservice@2.0-service: handle id:8 wxh:1280x2400 uwxuh:1080x2400 size: 9216000 fd:15 fd_meta:16 flags:0x4000228 usage:0x33  format:0x3 layer_count: 1
06-08 18:08:22.806  1245  1846 I SDM     : HWCSession::SetCWBOutputBuffer: CWB config passed by cwb_client : tappoint 1  CWB_ROI : (829.000000 4.000000 915.000000 90.000000)
06-08 18:08:22.809  1245 22533 I SDM     : HWCSession::ProcessRequests: Successfully configured CWB buffer.
06-08 18:08:22.822  1245 22533 I SDM     : HWCSession::ProcessRequests: Pushing release fence in fenece wait queue.
06-08 18:08:22.822  1245 22533 I SDM     : HWCSession::ProcessRequests: Creating AsyncFenceWaits async thread.
06-08 18:08:22.823  1245 22533 I SDM     : HWCSession::ProcessRequests: Remove current CWB request from the pending request queue.
06-08 18:08:22.823  1245 22533 I SDM     : HWCSession::ProcessRequests: No pending cwb requests found in the queue.
06-08 18:08:22.829  1245  1464 I SDM     : HWDeviceDRM::SetupConcurrentWriteback: Tear down the Concurrent Writeback topology
06-08 18:08:22.835  1245 22534 I SDM     : HWCSession::NotifyCWBStatus: Notify the client about buffer status 0.
06-08 18:08:22.836  1245 22534 I SDM     : HWCSession::PerformFenceWaits: Remove current release fence from the pending fence wait queue.
06-08 18:08:22.836  1245 22534 I SDM     : HWCSession::PerformFenceWaits: CWB fence queue is empty. No pending release fence to wait on.
06-08 18:08:23.004  1977  2997 D libsensor-displayalgo: the value of  brightness:400.000000,R:5839427.745025,G:5838004.606291,B:5844250.476950,EVENT_C:4080.000000,EVENT_R:1695.500000,EVENT_G:1973.000000,EVENT_B:815.000000
06-08 18:08:23.004  1977  2997 I libsensor-displayalgo: the value of  Coef1:1107.681000,Coef4:2.383000, scale1:0.935522, scale4:0.923264
06-08 18:08:23.004  1977  2997 E libsensor-displayalgo: RGB_black_white_scenario_0822!
06-08 18:08:23.004  1977  2997 I libsensor-displayalgo: the value of  RESULT180.445235,64.704759,96.719156,32.964019
06-08 18:08:23.004  1977  2997 I libsensor-displayalgo: the value of  getChannelDataCalibrated188.560035,59.959021,111.913424,35.729273
06-08 18:08:23.004  1977  2997 I libsensor-displayalgo: the value of  REAL LUX234.349350
06-08 18:08:23.004  1977  2997 I libsensor-displayalgo: the value of  CAL REAL LUX234.349350
06-08 18:08:23.118  1245  2285 I vendor.qti.hardware.display.composer-service: FrameNotifyProcess Sensor: notify citsensorservice to trigger cwb
06-08 18:08:23.119  1977  3798 I libcitsensorservice@2.0-impl: msg_transfer
06-08 18:08:23.119  1977  2987 D vendor.xiaomi.sensor.citsensorservice@2.0-service: handle id:8 wxh:1280x2400 uwxuh:1080x2400 size: 9216000 fd:15 fd_meta:16 flags:0x4000228 usage:0x33  format:0x3 layer_count: 1
06-08 18:08:23.120  1245  1846 I SDM     : HWCSession::SetCWBOutputBuffer: CWB config passed by cwb_client : tappoint 1  CWB_ROI : (829.000000 4.000000 915.000000 90.000000)
06-08 18:08:23.121  1245 22538 I SDM     : HWCSession::ProcessRequests: Successfully configured CWB buffer.
06-08 18:08:23.127  1245 22538 I SDM     : HWCSession::ProcessRequests: Pushing release fence in fenece wait queue.
06-08 18:08:23.127  1245 22538 I SDM     : HWCSession::ProcessRequests: Creating AsyncFenceWaits async thread.
06-08 18:08:23.127  1245 22538 I SDM     : HWCSession::ProcessRequests: Remove current CWB request from the pending request queue.
06-08 18:08:23.127  1245 22538 I SDM     : HWCSession::ProcessRequests: No pending cwb requests found in the queue.
06-08 18:08:23.132  1245  1464 I SDM     : HWDeviceDRM::SetupConcurrentWriteback: Tear down the Concurrent Writeback topology
06-08 18:08:23.140  1245 22539 I SDM     : HWCSession::NotifyCWBStatus: Notify the client about buffer status 0.
06-08 18:08:23.140  1245 22539 I SDM     : HWCSession::PerformFenceWaits: Remove current release fence from the pending fence wait queue.
06-08 18:08:23.140  1245 22539 I SDM     : HWCSession::PerformFenceWaits: CWB fence queue is empty. No pending release fence to wait on.
06-08 18:08:23.305  1977  2997 D libsensor-displayalgo: the value of  brightness:400.000000,R:5839427.745025,G:5838004.606291,B:5844250.476950,EVENT_C:4047.500000,EVENT_R:1687.500000,EVENT_G:1954.500000,EVENT_B:804.000000
06-08 18:08:23.305  1977  2997 I libsensor-displayalgo: the value of  Coef1:1107.681000,Coef4:2.383000, scale1:0.935522, scale4:0.923264
06-08 18:08:23.305  1977  2997 E libsensor-displayalgo: RGB_black_white_scenario_0822!
06-08 18:08:23.305  1977  2997 I libsensor-displayalgo: the value of  RESULT180.445235,64.704759,96.719156,32.964019
06-08 18:08:23.305  1977  2997 I libsensor-displayalgo: the value of  getChannelDataCalibrated188.560035,59.959021,111.913424,35.729273
06-08 18:08:23.305  1977  2997 I libsensor-displayalgo: the value of  REAL LUX232.409134
06-08 18:08:23.305  1977  2997 I libsensor-displayalgo: the value of  CAL REAL LUX232.409134
06-08 18:08:23.422  1245  2285 I vendor.qti.hardware.display.composer-service: FrameNotifyProcess Sensor: notify citsensorservice to trigger cwb
06-08 18:08:23.422  1977  3798 I libcitsensorservice@2.0-impl: msg_transfer
06-08 18:08:23.422  1977  2987 D vendor.xiaomi.sensor.citsensorservice@2.0-service: handle id:8 wxh:1280x2400 uwxuh:1080x2400 size: 9216000 fd:15 fd_meta:16 flags:0x4000228 usage:0x33  format:0x3 layer_count: 1
06-08 18:08:23.423  1245  1846 I SDM     : HWCSession::SetCWBOutputBuffer: CWB config passed by cwb_client : tappoint 1  CWB_ROI : (829.000000 4.000000 915.000000 90.000000)
06-08 18:08:23.424  1245 22543 I SDM     : HWCSession::ProcessRequests: Successfully configured CWB buffer.
06-08 18:08:23.431  1245 22543 I SDM     : HWCSession::ProcessRequests: Pushing release fence in fenece wait queue.
06-08 18:08:23.431  1245 22543 I SDM     : HWCSession::ProcessRequests: Creating AsyncFenceWaits async thread.
06-08 18:08:23.432  1245 22543 I SDM     : HWCSession::ProcessRequests: Remove current CWB request from the pending request queue.
06-08 18:08:23.432  1245 22543 I SDM     : HWCSession::ProcessRequests: No pending cwb requests found in the queue.
06-08 18:08:23.438  1245  1464 I SDM     : HWDeviceDRM::SetupConcurrentWriteback: Tear down the Concurrent Writeback topology
