11-22 13:20:46.637  2438  2680 D NpdcpAliveManager: ro.odm.npdcp_alive_cfg_enable is false
11-22 13:20:47.214  1778  2294 I chatty  : uid=1000(system) Binder:1778_8 expire 6 lines
11-22 13:20:47.661  2438  2680 D NpdcpAliveManager: ro.odm.npdcp_alive_cfg_enable is false
11-22 13:20:48.687  2438  2680 D NpdcpAliveManager: ro.odm.npdcp_alive_cfg_enable is false
11-22 13:20:49.709  2438  2680 D NpdcpAliveManager: ro.odm.npdcp_alive_cfg_enable is false
11-22 13:20:50.734  2438  2680 D NpdcpAliveManager: ro.odm.npdcp_alive_cfg_enable is false
11-22 13:20:51.761  2438  2680 D NpdcpAliveManager: ro.odm.npdcp_alive_cfg_enable is false
11-22 13:20:52.780  2438  2680 D NpdcpAliveManager: ro.odm.npdcp_alive_cfg_enable is false
11-22 13:20:53.811  2438  2680 D NpdcpAliveManager: ro.odm.npdcp_alive_cfg_enable is false
11-22 13:20:54.806  1778  1819 I chatty  : uid=1000(system) android.display expire 3 lines
11-22 13:20:54.829  2438  2680 D NpdcpAliveManager: ro.odm.npdcp_alive_cfg_enable is false
11-22 13:20:55.811  1778  1935 I chatty  : uid=1000(system) Binder:1778_3 expire 11 lines
11-22 13:20:55.831  2438  2438 I HwCoreAppHelperService: LocalReceiver receives:android.intent.action.PACKAGE_RESTARTED,pkg:io.appium.uiautomator2.server.test,uid:10873
11-22 13:20:55.857  2438  2680 D NpdcpAliveManager: ro.odm.npdcp_alive_cfg_enable is false
11-22 13:20:56.702 20927 20927 D ActivityThread: Attach thread to application
11-22 13:20:56.730 20927 20948 I ActivityThread: Init compatible state: true
11-22 13:20:56.882  2438  2680 D NpdcpAliveManager: ro.odm.npdcp_alive_cfg_enable is false
11-22 13:20:57.448 20927 20927 I ActivityThread: finishPreloaded preloadStatus 0
11-22 13:20:57.905  2438  2680 D NpdcpAliveManager: ro.odm.npdcp_alive_cfg_enable is false
11-22 13:20:58.927  2438  2680 D NpdcpAliveManager: ro.odm.npdcp_alive_cfg_enable is false
11-22 13:20:59.952  2438  2680 D NpdcpAliveManager: ro.odm.npdcp_alive_cfg_enable is false
11-22 13:21:00.010  1778  1849 I chatty  : uid=1000(system) PowerManagerSer expire 2 lines
11-22 13:21:00.139  1778 11458 I chatty  : uid=1000(system) MobileQosDetect expire 7 lines
11-22 13:21:00.696  1778  1935 I chatty  : uid=1000(system) Binder:1778_3 expire 19 lines
11-22 13:21:00.698  1778  1849 I chatty  : uid=1000(system) PowerManagerSer expire 13 lines
11-22 13:21:00.764  1778  2240 I chatty  : uid=1000(system) NetworkStatsObs expire 2 lines
11-22 13:21:00.972  2438  2680 D NpdcpAliveManager: ro.odm.npdcp_alive_cfg_enable is false
11-22 13:21:02.003  2438  2680 D NpdcpAliveManager: ro.odm.npdcp_alive_cfg_enable is false
11-22 13:21:02.288  1778  1939 I chatty  : uid=1000(system) UEventObserver expire 6 lines
11-22 13:21:02.310  1778  6458 I chatty  : uid=1000(system) Binder:1778_1F expire 1 line
11-22 13:21:03.024  2438  2680 D NpdcpAliveManager: ro.odm.npdcp_alive_cfg_enable is false
11-22 13:21:03.343  1778  2294 I chatty  : uid=1000(system) Binder:1778_8 expire 17 lines
11-22 13:21:03.349  1778  1817 I chatty  : uid=1000(system) android.ui expire 12 lines
11-22 13:21:03.350  2204 32357 D HwCommandQueue: CommandQueue, set Launcher StatusBar Color
11-22 13:21:03.362 18987 18987 I ViewRootImpl: dispatchDetachedFromWindow in doDie
11-22 13:21:03.382  2204 32357 I HwCommandQueue: updateBarBgColor
11-22 13:21:03.382  2204 32357 D HwCommandQueue: CommandQueue, setBarBackgroundColor
11-22 13:21:03.388  2204  9433 D HwCommandQueue: CommandQueue, set Launcher StatusBar Color
11-22 13:21:03.401  1778  5933 I chatty  : uid=1000(system) Binder:1778_1B expire 10 lines
11-22 13:21:03.409  2204 32357 D HwCommandQueue: CommandQueue, set Launcher StatusBar Color
11-22 13:21:03.439  1778  2353 I chatty  : uid=1000(system) Binder:1778_9 expire 11 lines
11-22 13:21:03.519  1778  1820 I chatty  : uid=1000(system) android.anim expire 10 lines
11-22 13:21:03.537  2204  4603 D HwCommandQueue: CommandQueue, set Launcher StatusBar Color
11-22 13:21:04.045  2438  2680 D NpdcpAliveManager: ro.odm.npdcp_alive_cfg_enable is false
11-22 13:21:04.142  1778  1837 I chatty  : uid=1000(system) ActivityManager expire 12 lines
11-22 13:21:04.208  1778  1980 I chatty  : uid=1000(system) AlarmManager expire 6 lines
11-22 13:21:04.238 18987 18987 D HwCustConnectivityManagerImpl: isBlockNetworkRequestByNonAis, INVALID_SUBSCRIPTION_ID
11-22 13:21:04.241  1778  6470 I chatty  : uid=1000(system) Binder:1778_21 expire 1 line
11-22 13:21:04.242  1778  2034 I chatty  : uid=1000(system) ConnectivitySer expire 63 lines
11-22 13:21:04.243 18987 18987 D HwCustConnectivityManagerImpl: isBlockNetworkRequestByNonAis, INVALID_SUBSCRIPTION_ID
11-22 13:21:04.372  1778  1838 I chatty  : uid=1000(system) ActivityManager expire 1 line
11-22 13:21:04.406 21026 21026 D ActivityThread: Attach thread to application
11-22 13:21:04.417  1778  5897 I chatty  : uid=1000(system) Binder:1778_1A expire 1 line
11-22 13:21:04.419 18987 18987 I ViewRootImpl: dispatchDetachedFromWindow in doDie
11-22 13:21:04.433  1778  1812 I chatty  : uid=1000(system) Binder:1778_2 expire 8 lines
11-22 13:21:04.439 21026 21046 E ActivityThread: getApplicationInfo metadata error
11-22 13:21:04.439 21026 21046 I ActivityThread: Init compatible state: false
11-22 13:21:04.439  2204  4603 I HwCommandQueue: updateBarBgColor
11-22 13:21:04.439  2204  4603 D HwCommandQueue: CommandQueue, setBarBackgroundColor
11-22 13:21:04.440  2204  9433 D HwCommandQueue: CommandQueue, set Launcher StatusBar Color
11-22 13:21:04.451  2204 32357 D HwCommandQueue: CommandQueue, set Launcher StatusBar Color
11-22 13:21:04.475 21026 21026 I ActivityThread: finishPreloaded preloadStatus 0
11-22 13:21:04.482  1778  1843 I chatty  : uid=1000(system) ActivityManager expire 2 lines
11-22 13:21:04.719  1778  2048 I chatty  : uid=1000(system) Thread-6 expire 5 lines
11-22 13:21:05.068  2438  2680 D NpdcpAliveManager: ro.odm.npdcp_alive_cfg_enable is false
11-22 13:21:06.094  2438  2680 D NpdcpAliveManager: ro.odm.npdcp_alive_cfg_enable is false
11-22 13:21:07.118  2438  2680 D NpdcpAliveManager: ro.odm.npdcp_alive_cfg_enable is false
11-22 13:21:08.147  2438  2680 D NpdcpAliveManager: ro.odm.npdcp_alive_cfg_enable is false
11-22 13:21:09.163  2438  2680 D NpdcpAliveManager: ro.odm.npdcp_alive_cfg_enable is false
11-22 13:21:10.189  2438  2680 D NpdcpAliveManager: ro.odm.npdcp_alive_cfg_enable is false
11-22 13:21:10.511  1778  2021 I chatty  : uid=1000(system) NetworkStats expire 9 lines
11-22 13:21:11.225  2438  2680 D NpdcpAliveManager: ro.odm.npdcp_alive_cfg_enable is false
11-22 13:21:12.241  2438  2680 D NpdcpAliveManager: ro.odm.npdcp_alive_cfg_enable is false
11-22 13:21:13.270  2438  2680 D NpdcpAliveManager: ro.odm.npdcp_alive_cfg_enable is false
11-22 13:21:13.704  1778  2032 I chatty  : uid=1000(system) ConnectivityThr expire 16 lines
11-22 13:21:13.752  1778  1935 I chatty  : uid=1000(system) Binder:1778_3 expire 11 lines
11-22 13:21:13.948  1099  1123 I storaged: storaged_t::event: storage_info refreshed.
11-22 13:21:14.290  2438  2680 D NpdcpAliveManager: ro.odm.npdcp_alive_cfg_enable is false
11-22 13:21:15.230  1778  1849 I chatty  : uid=1000(system) PowerManagerSer expire 10 lines
11-22 13:21:15.315  2438  2680 I NetworkQoeChr: onNetworkQoeUpdate, mNetworkQoeSlowCount:1
11-22 13:21:15.316  2438  2680 D NpdcpAliveManager: ro.odm.npdcp_alive_cfg_enable is false
11-22 13:21:16.338  2438  2680 I NetworkQoeChr: onNetworkQoeUpdate, mNetworkQoeSlowCount:2
11-22 13:21:16.338  2438  2680 D NpdcpAliveManager: ro.odm.npdcp_alive_cfg_enable is false
11-22 13:21:17.355  2438  2680 D NpdcpAliveManager: ro.odm.npdcp_alive_cfg_enable is false
11-22 13:21:17.816  2438  2680 I NetworkQoeChr: onNetworkQoeEvaluationTimeOut, mNetworkQoeSlowCount:2
11-22 13:21:18.388  2438  2680 D NpdcpAliveManager: ro.odm.npdcp_alive_cfg_enable is false
11-22 13:21:19.407  2438  2680 D NpdcpAliveManager: ro.odm.npdcp_alive_cfg_enable is false
11-22 13:21:19.715  1778  1817 I chatty  : uid=1000(system) android.ui expire 8 lines
11-22 13:21:19.716  2204  4603 D HwCommandQueue: CommandQueue, set Launcher StatusBar Color
11-22 13:21:19.803  2204 32357 D HwCommandQueue: CommandQueue, set Launcher StatusBar Color
11-22 13:21:20.379 18987 18987 I ViewRootImpl: dispatchDetachedFromWindow in doDie
11-22 13:21:20.399  2204 32357 I HwCommandQueue: updateBarBgColor
11-22 13:21:20.400  2204 32357 D HwCommandQueue: CommandQueue, setBarBackgroundColor
11-22 13:21:20.400  2204 32357 D HwCommandQueue: CommandQueue, set Launcher StatusBar Color
11-22 13:21:20.407  2204 32357 D HwCommandQueue: CommandQueue, set Launcher StatusBar Color
11-22 13:21:20.423  1778  5933 I chatty  : uid=1000(system) Binder:1778_1B expire 1 line
11-22 13:21:20.433  2438  2680 D NpdcpAliveManager: ro.odm.npdcp_alive_cfg_enable is false
11-22 13:21:20.439  1778  1837 I chatty  : uid=1000(system) ActivityManager expire 2 lines
11-22 13:21:20.458  1778  1778 I chatty  : uid=1000(system) Binder:1778_18 expire 6 lines
11-22 13:21:20.512  1778  2353 I chatty  : uid=1000(system) Binder:1778_9 expire 3 lines
11-22 13:21:20.982  1778  2034 I chatty  : uid=1000(system) ConnectivitySer expire 3 lines
11-22 13:21:21.066  1778  1829 I chatty  : uid=1000(system) HwActivityTaskM expire 1 line
11-22 13:21:21.456  2438  2680 D NpdcpAliveManager: ro.odm.npdcp_alive_cfg_enable is false
11-22 13:21:22.479  2438  2680 D NpdcpAliveManager: ro.odm.npdcp_alive_cfg_enable is false
11-22 13:21:23.453  1778  2560 I chatty  : uid=1000(system) Binder:1778_D expire 10 lines
11-22 13:21:23.503  2438  2680 D NpdcpAliveManager: ro.odm.npdcp_alive_cfg_enable is false
11-22 13:21:24.529  2438  2680 D NpdcpAliveManager: ro.odm.npdcp_alive_cfg_enable is false
11-22 13:21:25.547  2438  2680 D NpdcpAliveManager: ro.odm.npdcp_alive_cfg_enable is false
11-22 13:21:26.578  2438  2680 D NpdcpAliveManager: ro.odm.npdcp_alive_cfg_enable is false
11-22 13:21:27.013  1778  1935 I chatty  : uid=1000(system) Binder:1778_3 expire 3 lines
11-22 13:21:27.024  1778  2048 I HwAudioServiceEx: sendAppKilledIntentForKit, isKitPackageOnPause = false, isKitPackageKill = false, isKitPackageOnResume = false
11-22 13:21:27.025  1778  1829 I HwPowerManagerService: appdie release wakelock, pid = 20927, uid = 10963
11-22 13:21:27.030  1778  1935 I ActivityManager: Start to clean activity stack when force stop the app io.appium.uiautomator2.server , reason:finished inst
11-22 13:21:27.033  1778  1819 V ActivityTaskManager: Activity idle: null
11-22 13:21:27.436  1778  2353 I ActivityManager: Force stopping io.appium.uiautomator2.server.test appid=10873 user=0: from pid 21197by app
11-22 13:21:27.438  1778  2353 I ActivityManager: Start to clean activity stack when force stop the app io.appium.uiautomator2.server.test , reason:from pid 21197by app
11-22 13:21:27.440  1778  1819 V ActivityTaskManager: Activity idle: null
11-22 13:21:27.446  1778  1778 I AlarmManager: UninstallReceiver onReceive action:android.intent.action.PACKAGE_RESTARTED
11-22 13:21:27.458  2438  2438 I HwCoreAppHelperService: LocalReceiver receives:android.intent.action.PACKAGE_RESTARTED,pkg:io.appium.uiautomator2.server.test,uid:10873
11-22 13:21:27.527  1778  2048 I HwAudioServiceEx: HwAudioHandlerEx receive unknown msg
11-22 13:21:27.595  2438  2680 D NpdcpAliveManager: ro.odm.npdcp_alive_cfg_enable is false
11-22 13:21:28.063  1778  1935 I ActivityManager: Force stopping io.appium.uiautomator2.server appid=10963 user=0: start instr
11-22 13:21:28.066  1778  1935 I ActivityManager: Start to clean activity stack when force stop the app io.appium.uiautomator2.server , reason:start instr
11-22 13:21:28.068  1778  1819 V ActivityTaskManager: Activity idle: null
11-22 13:21:28.068  1778  1935 I BigFontUtils: adjustAppProcessConfiguration appInfo:io.appium.uiautomator2.server
11-22 13:21:28.117  1778  1838 I ActivityManager: Start proc 21214:io.appium.uiautomator2.server/u0a963 for added application io.appium.uiautomator2.server
11-22 13:21:28.166  1778 11458 D HwConnectivityServiceEx: set 1000 wlan0 value false
11-22 13:21:28.205 21214 21214 D ActivityThread: Attach thread to application
11-22 13:21:28.227 21214 21233 I ActivityThread: Init compatible state: true
11-22 13:21:28.625  2438  2680 D NpdcpAliveManager: ro.odm.npdcp_alive_cfg_enable is false
11-22 13:21:28.902 21214 21214 I ActivityThread: finishPreloaded preloadStatus 0
11-22 13:21:29.490  1778  2353 D HwConnectivityServiceEx: set 10972 wlan0 value false
11-22 13:21:29.644  2438  2680 D NpdcpAliveManager: ro.odm.npdcp_alive_cfg_enable is false
11-22 13:21:30.288  1778  2353 I WindowManager: addWindowToken: displayid:0 binder:android.os.Binder@b4beef1 token:WindowToken{ad71437 android.os.Binder@b4beef1}
11-22 13:21:30.295  1778  2353 I AccessibilityManagerService: volume_debug removeServiceLocked:com.huawei.hiai
11-22 13:21:30.295  1778  2353 I WindowManager: removeWindowToken: displayid:0 binder:android.os.Binder@b4c5f51 token:WindowToken{ad71562 android.os.Binder@b4c5f51}
11-22 13:21:30.296  1778  2353 I WindowManager: removeWindowToken: displayid:0 binder:android.os.Binder@b4c5f51 token:null
11-22 13:21:30.296  1778  2353 W WindowManager: removeWindowToken: Attempted to remove non-existing token: android.os.Binder@b4c5f51
11-22 13:21:30.296  1778  2353 D AccessibilityManagerService: removeServiceLocked not handle else
11-22 13:21:30.297  1778  2353 I [SPMN]  : insert SECURE -- name = accessibility_enabled, package = android, user = 0, value = 1
11-22 13:21:30.323  1778  1935 I [SPMN]  : insert SECURE -- name = accessibility_enabled, package = android, user = 0, value = 1
11-22 13:21:30.372  1778  1849 I PowerManagerService: handleSandman: wakefulness: 1,startDreaming: false
11-22 13:21:30.390  1778  1980 I ActivityManager: sendIntentSender target:PendingIntentRecord{b249e99 com.huawei.nearby broadcastIntent}, intent:flg=0x4 hwFlg=0x810
11-22 13:21:30.391  1778  1980 E HwActivityTaskManagerServiceEx: isNeedInterceptStart isNeedInterceptAlarm getPackageUid exception
11-22 13:21:30.397  1778  1935 V BroadcastQueue: Finished with ordered broadcast BroadcastRecord{b1ea857 u0 DeviceMonitorPowerKit.AdvertiseAlarmReceiver}
11-22 13:21:30.398  1778  1849 I PowerManagerService: handleSandman: wakefulness: 1,startDreaming: false
11-22 13:21:30.411  1778  1849 I PowerManagerService: handleSandman: wakefulness: 1,startDreaming: false
11-22 13:21:30.425  1778  1980 I ActivityManager: sendIntentSender target:PendingIntentRecord{b2500b1 com.huawei.nearby broadcastIntent}, intent:flg=0x4 hwFlg=0x810
11-22 13:21:30.425  1778  1980 E HwActivityTaskManagerServiceEx: isNeedInterceptStart isNeedInterceptAlarm getPackageUid exception
11-22 13:21:30.430  1778  6458 V BroadcastQueue: Finished with ordered broadcast BroadcastRecord{b1ea95b u0 DeviceMonitorService.MonitorStrategy.NormalAlarm}
11-22 13:21:30.446  1778  1849 I PowerManagerService: handleSandman: wakefulness: 1,startDreaming: false
11-22 13:21:30.448  1778  1849 I PowerManagerService: handleSandman: wakefulness: 1,startDreaming: false
11-22 13:21:30.457  1778  6458 D HwConnectivityServiceEx: set 5520 wlan0 value false
11-22 13:21:30.669  2438  2680 D NpdcpAliveManager: ro.odm.npdcp_alive_cfg_enable is false
11-22 13:21:30.722  1778  6458 V ActivityManager: Successfully start provider ContentProviderRecord{b105663 u0 com.android.providers.settings/.hwext.HwSettingsProvider} launchingApp=null caller pid= 21214
11-22 13:21:30.739  1778  6458 D HwConnectivityServiceEx: set 10963 wlan0 value false
11-22 13:21:30.741  1778  6458 D HwConnectivityServiceEx: set 10963 rmnet0 value false
11-22 13:21:31.028  1778  6458 D HwConnectivityServiceEx: set 10137 wlan0 value false
11-22 13:21:31.700  2438  2680 D NpdcpAliveManager: ro.odm.npdcp_alive_cfg_enable is false
11-22 13:21:31.966  1778  6458 D HwConnectivityServiceEx: set 10169 wlan0 value false
11-22 13:21:32.174  1778 11458 D HwConnectivityServiceEx: set 1000 wlan0 value false
11-22 13:21:32.511  1778  6458 D HwConnectivityServiceEx: set 10972 wlan0 value false
11-22 13:21:32.521  1778  1849 I PowerManagerService: handleSandman: wakefulness: 1,startDreaming: false
11-22 13:21:32.717  2438  2680 D NpdcpAliveManager: ro.odm.npdcp_alive_cfg_enable is false
11-22 13:21:32.991  1778  1939 I HwBatteryService: power_ui state= 1 mQuickChargeStatus=1
11-22 13:21:32.991  1778  1939 I HwBatteryService: handleWirelessTxStatus
11-22 13:21:32.991  1778  1939 I HwBatteryService: switch not open, return, mWirelessTxFlag : 0
11-22 13:21:32.992  1778  1939 W HwBatteryService: need return. Invalid value: -1
11-22 13:21:32.992  1778  1939 D HwBatteryService: setHwChargeTimeRemaining, time = -1 String time: -1
11-22 13:21:32.993  1778  1939 I HwBatteryService: IS_WATCH : false
11-22 13:21:33.324  1778  6458 D HwConnectivityServiceEx: set 10972 NULL value false
11-22 13:21:33.633  1778  2353 E WindowManager: App trying to use insecure INPUT_FEATURE_NO_INPUT_CHANNEL flag. Ignoring
11-22 13:21:33.636  1778  2353 I WindowManager: Changing focus from Window{b390f59 u0 cn.missevan/cn.missevan.activity.MainActivity} to Window{aebe65d u0 cn.missevan/cn.missevan.activity.MainActivity} displayId=0 Callers=com.android.server.wm.RootWindowContainer.updateFocusedWindowLocked:6667012 com.android.server.wm.WindowManagerService.updateFocusedWindowLocked:6666488 com.android.server.wm.WindowManagerService.addWindow:5409616 com.android.server.wm.HwWindowManagerService.addWindow:2064832
11-22 13:21:33.638  1778  2353 I HwDisplayContentEx: currentFocus windowstate not null
11-22 13:21:33.638  1778  1817 D StatusBarManagerService: win:Window{aebe65d u0 cn.missevan/cn.missevan.activity.MainActivity}mIsColorEnable:truelight:true
11-22 13:21:33.638  1778  2353 I HwDisplayContentEx: trans currentFocus windowstate not null
11-22 13:21:33.638  1778  1817 I StatusBarDisable: setFlags what=0 which=1 pkg=Window{aebe65d u0 cn.missevan/cn.missevan.activity.MainActivity}
11-22 13:21:33.638  2204  4603 D HwCommandQueue: CommandQueue, set Launcher StatusBar Color
11-22 13:21:33.638  1778  2353 I WindowManager: addWindow: Window{aebe65d u0 cn.missevan/cn.missevan.activity.MainActivity} client:android.os.BinderProxy@af02a79 currentDisplayId:0 requestDisplayId:0 token:Token{b5874ef ActivityRecord{b4564c6 u0 cn.missevan/.activity.MainActivity t658}}
11-22 13:21:33.655 18987 18987 I ViewRootImpl: dispatchDetachedFromWindow in doDie
11-22 13:21:33.658  1778  2560 I WindowManager: removeIfPossible: Window{aebe65d u0 cn.missevan/cn.missevan.activity.MainActivity} callers=com.android.server.wm.WindowState.removeIfPossible:5161036 com.android.server.wm.WindowManagerService.removeWindow:4763208 android.view.IWindowSession$Stub.onTransact:5317364 com.android.server.wm.Session.onTransact:6793748 android.os.Binder.execTransactInternal:6255996
11-22 13:21:33.660  1778  2560 I WindowManager: postWindowRemoveCleanupLocked: Window{aebe65d u0 cn.missevan/cn.missevan.activity.MainActivity}
11-22 13:21:33.660  1778  2560 I WindowManager: Removing Window{aebe65d u0 cn.missevan/cn.missevan.activity.MainActivity} from AppWindowToken{aedca79 token=Token{b5874ef ActivityRecord{b4564c6 u0 cn.missevan/.activity.MainActivity t658}}}
11-22 13:21:33.673  1778  2560 I WindowManager: Changing focus from Window{aebe65d u0 cn.missevan/cn.missevan.activity.MainActivity} to Window{b390f59 u0 cn.missevan/cn.missevan.activity.MainActivity} displayId=0 Callers=com.android.server.wm.RootWindowContainer.updateFocusedWindowLocked:6667012 com.android.server.wm.WindowManagerService.updateFocusedWindowLocked:6666488 com.android.server.wm.WindowState.removeIfPossible:5165440 com.android.server.wm.WindowState.removeIfPossible:5161036
11-22 13:21:33.674  1778  2560 V HwPhoneWindowManager: updateSystemUiColorLw window=Window{b390f59 u0 cn.missevan/cn.missevan.activity.MainActivity},EmuiStyle=0,StatusBarColor=0x0,NavigationBarColor=0xffffffff, mForceNotchStatusBar=false
11-22 13:21:33.674  1778  2560 I HwDisplayContentEx: currentFocus windowstate not null
11-22 13:21:33.675  1778  2560 I HwDisplayContentEx: trans currentFocus windowstate not null
11-22 13:21:33.675  2204  9433 I HwCommandQueue: updateBarBgColor
11-22 13:21:33.675  2204  9433 D HwCommandQueue: CommandQueue, setBarBackgroundColor
11-22 13:21:33.678  1778  1817 D StatusBarManagerService: win:Window{b390f59 u0 cn.missevan/cn.missevan.activity.MainActivity}mIsColorEnable:truelight:true
11-22 13:21:33.679  1778  1817 I StatusBarDisable: setFlags what=0 which=1 pkg=Window{b390f59 u0 cn.missevan/cn.missevan.activity.MainActivity}
11-22 13:21:33.679  2204  9433 D HwCommandQueue: CommandQueue, set Launcher StatusBar Color
11-22 13:21:33.693  1778  5897 E WindowManager: App trying to use insecure INPUT_FEATURE_NO_INPUT_CHANNEL flag. Ignoring
11-22 13:21:33.696  1778  5897 I WindowManager: Changing focus from Window{b390f59 u0 cn.missevan/cn.missevan.activity.MainActivity} to Window{b4a1359 u0 cn.missevan/cn.missevan.activity.MainActivity} displayId=0 Callers=com.android.server.wm.RootWindowContainer.updateFocusedWindowLocked:6667012 com.android.server.wm.WindowManagerService.updateFocusedWindowLocked:6666488 com.android.server.wm.WindowManagerService.addWindow:5409616 com.android.server.wm.HwWindowManagerService.addWindow:2064832
11-22 13:21:33.698  1778  5897 I HwDisplayContentEx: currentFocus windowstate not null
11-22 13:21:33.698  1778  5897 I HwDisplayContentEx: trans currentFocus windowstate not null
11-22 13:21:33.698  1778  1817 D StatusBarManagerService: win:Window{b4a1359 u0 cn.missevan/cn.missevan.activity.MainActivity}mIsColorEnable:truelight:true
11-22 13:21:33.698  1778  5897 I WindowManager: addWindow: Window{b4a1359 u0 cn.missevan/cn.missevan.activity.MainActivity} client:android.os.BinderProxy@b27f4a5 currentDisplayId:0 requestDisplayId:0 token:Token{b5874ef ActivityRecord{b4564c6 u0 cn.missevan/.activity.MainActivity t658}}
11-22 13:21:33.699  1778  1817 I StatusBarDisable: setFlags what=0 which=1 pkg=Window{b4a1359 u0 cn.missevan/cn.missevan.activity.MainActivity}
11-22 13:21:33.699  2204 32357 D HwCommandQueue: CommandQueue, set Launcher StatusBar Color
11-22 13:21:33.728  1778  5962 I DebugKeepScreenOn: setHoldScreenLocked newHoldScreen:Session{ae7a31d 18987:u0a10972} currentHoldScreen:null wakeLockState:false
11-22 13:21:33.728  1778  5962 I DebugKeepScreenOn: Acquiring screen wakelock due to Window{b390f59 u0 cn.missevan/cn.missevan.activity.MainActivity}
11-22 13:21:33.729  1778  1849 I PowerManagerService: handleSandman: wakefulness: 1,startDreaming: false
11-22 13:21:33.739  2438  2680 D NpdcpAliveManager: ro.odm.npdcp_alive_cfg_enable is false
11-22 13:21:33.786  1778  1820 I WindowManager: dispatchResized : win = Window{b4a1359 u0 cn.missevan/cn.missevan.activity.MainActivity} drawState = READY_TO_SHOW
11-22 13:21:33.813  1778  1817 D StatusBarManagerService: win:Window{b4a1359 u0 cn.missevan/cn.missevan.activity.MainActivity}mIsColorEnable:truelight:false
11-22 13:21:33.813  1778  1817 I StatusBarDisable: setFlags what=0 which=1 pkg=Window{b4a1359 u0 cn.missevan/cn.missevan.activity.MainActivity}
11-22 13:21:33.814  2204  9433 D HwCommandQueue: CommandQueue, set Launcher StatusBar Color
11-22 13:21:34.164  1778  5962 D HwConnectivityServiceEx: set 10972 NULL value false
11-22 13:21:34.165  1778  5962 D HwConnectivityServiceEx: set 10972 wlan0 value false
11-22 13:21:34.320  1778  1837 I NotificationService: enqueueNotificationInternal: pkg=cn.missevan id=154802862 notification=Notification(channel=missevan_global_channel pri=2 contentView=cn.missevan/0x7f0e033e vibrate=null sound=null defaults=0x0 flags=0x42 color=0x00000000 groupKey=missevan_live_group vis=PRIVATE)
11-22 13:21:34.323  1778  1837 I NotificationService: enqueueNotificationInternal Channel Info : pkg=cn.missevan id=154802862 importance =2
11-22 13:21:34.340  1778  1837 I NotificationService: enqueueNotificationInternal: pkg=cn.missevan id=154802862 notification=Notification(channel=missevan_global_channel pri=2 contentView=cn.missevan/0x7f0e033e vibrate=null sound=null defaults=0x0 flags=0x42 color=0x00000000 groupKey=missevan_live_group vis=PRIVATE)
11-22 13:21:34.342  1778  1837 I NotificationService: enqueueNotificationInternal Channel Info : pkg=cn.missevan id=154802862 importance =2
11-22 13:21:34.366  1778  1837 I NotificationService: enqueueNotificationInternal: pkg=cn.missevan id=154802862 notification=Notification(channel=missevan_global_channel pri=2 contentView=cn.missevan/0x7f0e033e vibrate=null sound=null defaults=0x0 flags=0x42 color=0x00000000 groupKey=missevan_live_group vis=PRIVATE)
11-22 13:21:34.368  1778  1837 I NotificationService: enqueueNotificationInternal Channel Info : pkg=cn.missevan id=154802862 importance =2
11-22 13:21:34.399 18987 18987 D HwCustConnectivityManagerImpl: isBlockNetworkRequestByNonAis, INVALID_SUBSCRIPTION_ID
11-22 13:21:34.401  1778  2353 I ConnectivityService: requestNetwork for uid/pid:10972/18987 NetworkRequest [ TRACK_DEFAULT id=1593, [ Capabilities: INTERNET&NOT_RESTRICTED&TRUSTED Uid: 10972 DNN:  SSCMODE: 0 SNSSAI:  PduSessionType: 0 RouteBitmap: 0] ]
11-22 13:21:34.401  1778  2034 I ConnectivityService: rematching NetworkAgentInfo [WIFI () - 143]
11-22 13:21:34.402  1778  2034 I ConnectivityService: CS = 0, NS = 60
11-22 13:21:34.402  1778  2034 I ConnectivityService: rematch for NetworkAgentInfo [WIFI () - 143]
11-22 13:21:34.402 18987 18987 D HwCustConnectivityManagerImpl: isBlockNetworkRequestByNonAis, INVALID_SUBSCRIPTION_ID
11-22 13:21:34.402  1778  2034 I ConnectivityService: NetworkAgentInfo [WIFI () - 143] NC all is: 1583 1556 9 1485 29 32 1580 1481 4 23 1557 1551 1 8 1529 45 49 26 14 1514 34 11 1479 10 1585
11-22 13:21:34.403  1778  2034 I ConnectivityService: rematching NetworkAgentInfo [MOBILE (LTE) - 146]
11-22 13:21:34.403  1778  2034 I ConnectivityService: CS = 60, NS = 50
11-22 13:21:34.403  1778  2034 I chatty  : uid=1000(system) ConnectivitySer identical 12 lines
11-22 13:21:34.403  1778  2034 I ConnectivityService: CS = 60, NS = 50
11-22 13:21:34.403  1778  6458 I ConnectivityService: listenForNetwork for uid/pid:10972/18987 NetworkRequest [ LISTEN id=1594, [ Capabilities: INTERNET&NOT_RESTRICTED&TRUSTED Uid: 10972 DNN:  SSCMODE: 0 SNSSAI:  PduSessionType: 0 RouteBitmap: 0] ]
11-22 13:21:34.403  1778  2034 I ConnectivityService: CS = 60, NS = 50
11-22 13:21:34.403  1778  2034 I chatty  : uid=1000(system) ConnectivitySer identical 10 lines
11-22 13:21:34.403  1778  2034 I ConnectivityService: CS = 60, NS = 50
11-22 13:21:34.403  1778  2034 I ConnectivityService: NetworkAgentInfo [MOBILE (LTE) - 146] NC all is: 1570
11-22 13:21:34.404  1778  2034 I ConnectivityService: rematching NetworkAgentInfo [WIFI () - 143]
11-22 13:21:34.405  1778  2034 I ConnectivityService: NetworkAgentInfo [WIFI () - 143] NC all is: 1583 1556 9 1485 29 32 1580 1481 4 23 1557 1551 1 8 1529 45 49 26 14 1514 34 11 1479 10 1593 1585
11-22 13:21:34.408  1778  2034 I ConnectivityService: rematching NetworkAgentInfo [MOBILE (LTE) - 146]
11-22 13:21:34.408  1778  2034 I ConnectivityService: CS = 60, NS = 50
11-22 13:21:34.408  1778  2034 I chatty  : uid=1000(system) ConnectivitySer identical 24 lines
11-22 13:21:34.408  1778  2034 I ConnectivityService: CS = 60, NS = 50
11-22 13:21:34.409  1778  2034 I ConnectivityService: NetworkAgentInfo [MOBILE (LTE) - 146] NC all is: 1570
11-22 13:21:34.480  1778  2353 V ActivityManager: startProcess: name=com.huawei.webview:sandboxed_process0:org.chromium.content.app.SandboxedProcessService0:3 app=null knownToBeDead=true thread=null pid=-1 preloadStatus=-1
11-22 13:21:34.509  1778  1838 I ActivityManager: Start proc 21290:com.huawei.webview:sandboxed_process0:org.chromium.content.app.SandboxedProcessService0:3/u0i175 for  {cn.missevan/org.chromium.content.app.SandboxedProcessService0:3}
11-22 13:21:34.536 21290 21290 D ActivityThread: Attach thread to application
11-22 13:21:34.552 21290 21315 E ActivityThread: getApplicationInfo metadata error
11-22 13:21:34.552 21290 21315 I ActivityThread: Init compatible state: false
11-22 13:21:34.583  1778  2353 D HwConnectivityServiceEx: set 10972 rmnet0 value false
11-22 13:21:34.586 21290 21290 I ActivityThread: finishPreloaded preloadStatus 0
11-22 13:21:34.593  1778  6458 I NotificationService: enqueueNotificationInternal: pkg=cn.missevan id=154802862 notification=Notification(channel=missevan_global_channel pri=2 contentView=cn.missevan/0x7f0e033e vibrate=null sound=null defaults=0x0 flags=0x2 color=0x00000000 groupKey=missevan_live_group vis=PRIVATE)
11-22 13:21:34.597  1778  1843 D ActivityManager: setPrivilegeType r: ServiceRecord{b35ef09 u0 cn.missevan/org.chromium.content.app.SandboxedProcessService0:3}, interfaceDescriptor : org.chromium.base.process_launcher.IChildProcessService
11-22 13:21:34.597  1778  6458 I NotificationService: enqueueNotificationInternal Channel Info : pkg=cn.missevan id=154802862 importance =2
11-22 13:21:34.606 18987 18987 I ViewRootImpl: dispatchDetachedFromWindow in doDie
11-22 13:21:34.614  1778  1812 I WindowManager: removeIfPossible: Window{b4a1359 u0 cn.missevan/cn.missevan.activity.MainActivity} callers=com.android.server.wm.WindowState.removeIfPossible:5161036 com.android.server.wm.WindowManagerService.removeWindow:4763208 android.view.IWindowSession$Stub.onTransact:5317364 com.android.server.wm.Session.onTransact:6793748 android.os.Binder.execTransactInternal:6255996
11-22 13:21:34.618  1778  1812 I WindowManager: Not removing Window{b4a1359 u0 cn.missevan/cn.missevan.activity.MainActivity EXITING} due to exit animation
11-22 13:21:34.619  1778  1812 I WindowManager: Changing focus from Window{b4a1359 u0 cn.missevan/cn.missevan.activity.MainActivity EXITING} to Window{b390f59 u0 cn.missevan/cn.missevan.activity.MainActivity} displayId=0 Callers=com.android.server.wm.RootWindowContainer.updateFocusedWindowLocked:6667012 com.android.server.wm.WindowManagerService.updateFocusedWindowLocked:6666488 com.android.server.wm.WindowState.setupWindowForRemoveOnExit:4971232 com.android.server.wm.WindowState.removeIfPossible:5164920
11-22 13:21:34.620  1778  1812 V HwPhoneWindowManager: updateSystemUiColorLw window=Window{b390f59 u0 cn.missevan/cn.missevan.activity.MainActivity},EmuiStyle=0,StatusBarColor=0x0,NavigationBarColor=0xffffffff, mForceNotchStatusBar=false
11-22 13:21:34.621  1778  1812 I HwDisplayContentEx: currentFocus windowstate not null
11-22 13:21:34.621  1778  1812 I HwDisplayContentEx: trans currentFocus windowstate not null
11-22 13:21:34.621  2204  4603 I HwCommandQueue: updateBarBgColor
11-22 13:21:34.621  2204  4603 D HwCommandQueue: CommandQueue, setBarBackgroundColor
11-22 13:21:34.622  1778  1817 D StatusBarManagerService: win:Window{b390f59 u0 cn.missevan/cn.missevan.activity.MainActivity}mIsColorEnable:truelight:false
11-22 13:21:34.622  2204  9433 D HwCommandQueue: CommandQueue, set Launcher StatusBar Color
11-22 13:21:34.622  1778  1817 I StatusBarDisable: setFlags what=0 which=1 pkg=Window{b390f59 u0 cn.missevan/cn.missevan.activity.MainActivity}
11-22 13:21:34.632  1778  1817 D StatusBarManagerService: win:Window{b390f59 u0 cn.missevan/cn.missevan.activity.MainActivity}mIsColorEnable:truelight:true
11-22 13:21:34.633  1778  1817 I StatusBarDisable: setFlags what=0 which=1 pkg=Window{b390f59 u0 cn.missevan/cn.missevan.activity.MainActivity}
11-22 13:21:34.635  2204 16585 D HwCommandQueue: CommandQueue, set Launcher StatusBar Color
11-22 13:21:34.652  1778  6470 D HwInputMethodManagerService: isSecMethodUsing = false
11-22 13:21:34.733  1778  1849 I PowerManagerService: handleSandman: wakefulness: 1,startDreaming: false
11-22 13:21:34.767  2438  2680 D NpdcpAliveManager: ro.odm.npdcp_alive_cfg_enable is false
11-22 13:21:34.859  1778  1820 I WindowManager: Exit animation finished in Window{b4a1359 u0 cn.missevan/cn.missevan.activity.MainActivity EXITING}: remove=true
11-22 13:21:34.859  1778  1820 E WindowManager: win=Window{b4a1359 u0 cn.missevan/cn.missevan.activity.MainActivity EXITING} destroySurfaces: appStopped=false win.mWindowRemovalAllowed=true win.mRemoveOnExit=true
11-22 13:21:34.862  1778  1820 I WindowManager: postWindowRemoveCleanupLocked: Window{b4a1359 u0 cn.missevan/cn.missevan.activity.MainActivity}
11-22 13:21:34.862  1778  1820 I WindowManager: Removing Window{b4a1359 u0 cn.missevan/cn.missevan.activity.MainActivity} from AppWindowToken{aedca79 token=Token{b5874ef ActivityRecord{b4564c6 u0 cn.missevan/.activity.MainActivity t658}}}
11-22 13:21:34.910  1778  2048 I HwAudioServiceEx: restart dms isMusicActive : true, isRingActive : false, isAlarmActive : false
11-22 13:21:35.598  1778  1849 I PowerManagerService: handleSandman: wakefulness: 1,startDreaming: false
11-22 13:21:35.640  1778  1935 E WindowManager: App trying to use insecure INPUT_FEATURE_NO_INPUT_CHANNEL flag. Ignoring
11-22 13:21:35.642  1778  1935 I WindowManager: Changing focus from Window{b390f59 u0 cn.missevan/cn.missevan.activity.MainActivity} to Window{ad9ae09 u0 cn.missevan/cn.missevan.activity.MainActivity} displayId=0 Callers=com.android.server.wm.RootWindowContainer.updateFocusedWindowLocked:6667012 com.android.server.wm.WindowManagerService.updateFocusedWindowLocked:6666488 com.android.server.wm.WindowManagerService.addWindow:5409616 com.android.server.wm.HwWindowManagerService.addWindow:2064832
11-22 13:21:35.644  1778  1935 I HwDisplayContentEx: currentFocus windowstate not null
11-22 13:21:35.644  1778  1817 D StatusBarManagerService: win:Window{ad9ae09 u0 cn.missevan/cn.missevan.activity.MainActivity}mIsColorEnable:truelight:true
11-22 13:21:35.644  1778  1935 I HwDisplayContentEx: trans currentFocus windowstate not null
11-22 13:21:35.644  1778  1817 I StatusBarDisable: setFlags what=0 which=1 pkg=Window{ad9ae09 u0 cn.missevan/cn.missevan.activity.MainActivity}
11-22 13:21:35.644  1778  1935 I WindowManager: addWindow: Window{ad9ae09 u0 cn.missevan/cn.missevan.activity.MainActivity} client:android.os.BinderProxy@b1237e1 currentDisplayId:0 requestDisplayId:0 token:Token{b5874ef ActivityRecord{b4564c6 u0 cn.missevan/.activity.MainActivity t658}}
11-22 13:21:35.644  2204 32357 D HwCommandQueue: CommandQueue, set Launcher StatusBar Color
11-22 13:21:35.717  1778  1820 I WindowManager: dispatchResized : win = Window{ad9ae09 u0 cn.missevan/cn.missevan.activity.MainActivity} drawState = READY_TO_SHOW
11-22 13:21:35.738  1778  1817 D StatusBarManagerService: win:Window{ad9ae09 u0 cn.missevan/cn.missevan.activity.MainActivity}mIsColorEnable:truelight:false
11-22 13:21:35.738  2204 32357 D HwCommandQueue: CommandQueue, set Launcher StatusBar Color
11-22 13:21:35.739  1778  1817 I StatusBarDisable: setFlags what=0 which=1 pkg=Window{ad9ae09 u0 cn.missevan/cn.missevan.activity.MainActivity}
11-22 13:21:35.789  2438  2680 D NpdcpAliveManager: ro.odm.npdcp_alive_cfg_enable is false
11-22 13:21:36.182  1778 11458 D HwConnectivityServiceEx: set 1000 wlan0 value false
11-22 13:21:36.449  1778  1849 I PowerManagerService: handleSandman: wakefulness: 1,startDreaming: false
11-22 13:21:36.482 18987 18987 I ViewRootImpl: dispatchDetachedFromWindow in doDie
11-22 13:21:36.495  1778  5962 I WindowManager: removeIfPossible: Window{ad9ae09 u0 cn.missevan/cn.missevan.activity.MainActivity} callers=com.android.server.wm.WindowState.removeIfPossible:5161036 com.android.server.wm.WindowManagerService.removeWindow:4763208 android.view.IWindowSession$Stub.onTransact:5317364 com.android.server.wm.Session.onTransact:6793748 android.os.Binder.execTransactInternal:6255996
11-22 13:21:36.501  1778  5962 I WindowManager: Not removing Window{ad9ae09 u0 cn.missevan/cn.missevan.activity.MainActivity EXITING} due to exit animation
11-22 13:21:36.502  1778  5962 I WindowManager: Changing focus from Window{ad9ae09 u0 cn.missevan/cn.missevan.activity.MainActivity EXITING} to Window{b390f59 u0 cn.missevan/cn.missevan.activity.MainActivity} displayId=0 Callers=com.android.server.wm.RootWindowContainer.updateFocusedWindowLocked:6667012 com.android.server.wm.WindowManagerService.updateFocusedWindowLocked:6666488 com.android.server.wm.WindowState.setupWindowForRemoveOnExit:4971232 com.android.server.wm.WindowState.removeIfPossible:5164920
11-22 13:21:36.504  1778  5962 V HwPhoneWindowManager: updateSystemUiColorLw window=Window{b390f59 u0 cn.missevan/cn.missevan.activity.MainActivity},EmuiStyle=0,StatusBarColor=0x0,NavigationBarColor=0xffffffff, mForceNotchStatusBar=false
11-22 13:21:36.505  1778  5962 I HwDisplayContentEx: currentFocus windowstate not null
11-22 13:21:36.505  1778  5962 I HwDisplayContentEx: trans currentFocus windowstate not null
11-22 13:21:36.505  2204  4603 I HwCommandQueue: updateBarBgColor
11-22 13:21:36.505  2204  4603 D HwCommandQueue: CommandQueue, setBarBackgroundColor
11-22 13:21:36.509  1778  1817 D StatusBarManagerService: win:Window{b390f59 u0 cn.missevan/cn.missevan.activity.MainActivity}mIsColorEnable:truelight:false
11-22 13:21:36.509  1778  1817 I StatusBarDisable: setFlags what=0 which=1 pkg=Window{b390f59 u0 cn.missevan/cn.missevan.activity.MainActivity}
11-22 13:21:36.510  2204  4603 D HwCommandQueue: CommandQueue, set Launcher StatusBar Color
11-22 13:21:36.515  1778  1817 D StatusBarManagerService: win:Window{b390f59 u0 cn.missevan/cn.missevan.activity.MainActivity}mIsColorEnable:truelight:true
11-22 13:21:36.517  2204  4603 D HwCommandQueue: CommandQueue, set Launcher StatusBar Color
11-22 13:21:36.517  1778  1817 I StatusBarDisable: setFlags what=0 which=1 pkg=Window{b390f59 u0 cn.missevan/cn.missevan.activity.MainActivity}
11-22 13:21:36.546  1778  5962 D HwInputMethodManagerService: isSecMethodUsing = false
11-22 13:21:36.568  1778  1837 I NotificationService: enqueueNotificationInternal: pkg=cn.missevan id=154802862 notification=Notification(channel=missevan_global_channel pri=2 contentView=cn.missevan/0x7f0e033e vibrate=null sound=null defaults=0x0 flags=0x42 color=0x00000000 groupKey=missevan_live_group vis=PRIVATE)
11-22 13:21:36.572  1778  1837 I NotificationService: enqueueNotificationInternal Channel Info : pkg=cn.missevan id=154802862 importance =2
11-22 13:21:36.577  1778  1778 I NotificationService: cancelNotificationLocked called,tell the app,reason = 8,sbn key = 0|cn.missevan|154802862|null|10972
11-22 13:21:36.579  1778  1778 I NotificationService: Cannot find enqueued record for key: 0|cn.missevan|154802862|null|10972
11-22 13:21:36.580  1778  1935 D HwConnectivityServiceEx: set 10972 wlan0 value false
11-22 13:21:36.629  1778  5962 I DebugKeepScreenOn: setHoldScreenLocked newHoldScreen:null currentHoldScreen:Session{ae7a31d 18987:u0a10972} wakeLockState:true
11-22 13:21:36.630  1778  5962 I DebugKeepScreenOn: Releasing screen wakelock, obscured by Window{b390f59 u0 cn.missevan/cn.missevan.activity.MainActivity}
11-22 13:21:36.632  1778  1849 I PowerManagerService: handleSandman: wakefulness: 1,startDreaming: false
11-22 13:21:36.740  1778  1820 I WindowManager: Exit animation finished in Window{ad9ae09 u0 cn.missevan/cn.missevan.activity.MainActivity EXITING}: remove=true
11-22 13:21:36.740  1778  1820 E WindowManager: win=Window{ad9ae09 u0 cn.missevan/cn.missevan.activity.MainActivity EXITING} destroySurfaces: appStopped=false win.mWindowRemovalAllowed=true win.mRemoveOnExit=true
11-22 13:21:36.741  1778  1820 I WindowManager: postWindowRemoveCleanupLocked: Window{ad9ae09 u0 cn.missevan/cn.missevan.activity.MainActivity}
11-22 13:21:36.742  1778  1820 I WindowManager: Removing Window{ad9ae09 u0 cn.missevan/cn.missevan.activity.MainActivity} from AppWindowToken{aedca79 token=Token{b5874ef ActivityRecord{b4564c6 u0 cn.missevan/.activity.MainActivity t658}}}
11-22 13:21:36.812  2438  2680 D NpdcpAliveManager: ro.odm.npdcp_alive_cfg_enable is false
11-22 13:21:36.936  1778  2353 D BatteryStatsService: begin noteStopAudio
11-22 13:21:36.937  1778  2353 D BatteryStatsService: end noteStopAudio
11-22 13:21:37.101  1778  2034 I ConnectivityService: releasing NetworkRequest [ LISTEN id=1594, [ Capabilities: INTERNET&NOT_RESTRICTED&TRUSTED Uid: 10972 DNN:  SSCMODE: 0 SNSSAI:  PduSessionType: 0 RouteBitmap: 0] ] (release request)
11-22 13:21:37.102  1778  2034 I ConnectivityService: releasing NetworkRequest [ TRACK_DEFAULT id=1593, [ Capabilities: INTERNET&NOT_RESTRICTED&TRUSTED Uid: 10972 DNN:  SSCMODE: 0 SNSSAI:  PduSessionType: 0 RouteBitmap: 0] ] (release request)
11-22 13:21:37.103  1778  2034 I ConnectivityService:  Removing from current network NetworkAgentInfo [WIFI () - 143], leaving 60 requests.
11-22 13:21:37.119  1778  5933 I ActivityManager: Killing 21290:com.huawei.webview:sandboxed_process0:org.chromium.content.app.SandboxedProcessService0:3/u0a972i175 (adj 0): isolated not needed
11-22 13:21:37.145  1778  6458 D ActivityManager: cleanUpApplicationRecord app: 21290:com.huawei.webview:sandboxed_process0:org.chromium.content.app.SandboxedProcessService0:3/u0a972i175, bad: false, restarting: false, allowRestart: true
11-22 13:21:37.145  1778  2048 W HwAudioServiceEx: SoundEffectState bundle get reserved is invalid
11-22 13:21:37.145  1778  2048 I HwAudioServiceEx: sendAppKilledIntentForKit, isKitPackageOnPause = false, isKitPackageKill = false, isKitPackageOnResume = false
11-22 13:21:37.146  1778  1829 I HwPowerManagerService: appdie release wakelock, pid = 21290, uid = 99175
11-22 13:21:37.251  1778  1980 I ActivityManager: sendIntentSender target:PendingIntentRecord{af9c959 com.android.phone broadcastIntent}, intent:flg=0x4 hwFlg=0x810
11-22 13:21:37.252  1778  1980 E HwActivityTaskManagerServiceEx: isNeedInterceptStart isNeedInterceptAlarm getPackageUid exception
11-22 13:21:37.257  1778  1849 I PowerManagerService: handleSandman: wakefulness: 1,startDreaming: false
11-22 13:21:37.259  1778  6458 V BroadcastQueue: Finished with ordered broadcast BroadcastRecord{b28df0d u0 com.android.internal.telephony.data-stall}
11-22 13:21:37.263  1778  1849 I PowerManagerService: handleSandman: wakefulness: 1,startDreaming: false
11-22 13:21:37.650  1778  2048 I HwAudioServiceEx: HwAudioHandlerEx receive unknown msg
11-22 13:21:37.839  2438  2680 D NpdcpAliveManager: ro.odm.npdcp_alive_cfg_enable is false
11-22 13:21:38.229  1778  1849 I PowerManagerService: handleSandman: wakefulness: 1,startDreaming: false
11-22 13:21:38.323  1778  1817 D StatusBarManagerService: win:Window{b390f59 u0 cn.missevan/cn.missevan.activity.MainActivity}mIsColorEnable:truelight:true
11-22 13:21:38.324  2204  9433 D HwCommandQueue: CommandQueue, set Launcher StatusBar Color
11-22 13:21:38.324  1778  1817 I StatusBarDisable: setFlags what=0 which=1 pkg=Window{b390f59 u0 cn.missevan/cn.missevan.activity.MainActivity}
11-22 13:21:38.864  2438  2680 D NpdcpAliveManager: ro.odm.npdcp_alive_cfg_enable is false
11-22 13:21:39.886  2438  2680 D NpdcpAliveManager: ro.odm.npdcp_alive_cfg_enable is false
11-22 13:21:39.992  1778  1849 I PowerManagerService: handleSandman: wakefulness: 1,startDreaming: false
11-22 13:21:40.176  1778 11458 D HwConnectivityServiceEx: set 1000 wlan0 value false
11-22 13:21:40.508  1778  1849 I PowerManagerService: handleSandman: wakefulness: 1,startDreaming: false
11-22 13:21:40.559  1778  6458 E WindowManager: App trying to use insecure INPUT_FEATURE_NO_INPUT_CHANNEL flag. Ignoring
11-22 13:21:40.562  1778  6458 I WindowManager: Changing focus from Window{b390f59 u0 cn.missevan/cn.missevan.activity.MainActivity} to Window{aecacb1 u0 cn.missevan/cn.missevan.activity.MainActivity} displayId=0 Callers=com.android.server.wm.RootWindowContainer.updateFocusedWindowLocked:6667012 com.android.server.wm.WindowManagerService.updateFocusedWindowLocked:6666488 com.android.server.wm.WindowManagerService.addWindow:5409616 com.android.server.wm.HwWindowManagerService.addWindow:2064832
11-22 13:21:40.564  1778  6458 I HwDisplayContentEx: currentFocus windowstate not null
11-22 13:21:40.564  1778  1817 D StatusBarManagerService: win:Window{aecacb1 u0 cn.missevan/cn.missevan.activity.MainActivity}mIsColorEnable:truelight:true
11-22 13:21:40.564  1778  6458 I HwDisplayContentEx: trans currentFocus windowstate not null
11-22 13:21:40.564  1778  6458 I WindowManager: addWindow: Window{aecacb1 u0 cn.missevan/cn.missevan.activity.MainActivity} client:android.os.BinderProxy@ae842a5 currentDisplayId:0 requestDisplayId:0 token:Token{b5874ef ActivityRecord{b4564c6 u0 cn.missevan/.activity.MainActivity t658}}
11-22 13:21:40.565  1778  1817 I StatusBarDisable: setFlags what=0 which=1 pkg=Window{aecacb1 u0 cn.missevan/cn.missevan.activity.MainActivity}
11-22 13:21:40.565  2204 32357 D HwCommandQueue: CommandQueue, set Launcher StatusBar Color
11-22 13:21:40.588 18987 18987 I ViewRootImpl: dispatchDetachedFromWindow in doDie
11-22 13:21:40.590  1778  1935 I WindowManager: removeIfPossible: Window{aecacb1 u0 cn.missevan/cn.missevan.activity.MainActivity} callers=com.android.server.wm.WindowState.removeIfPossible:5161036 com.android.server.wm.WindowManagerService.removeWindow:4763208 android.view.IWindowSession$Stub.onTransact:5317364 com.android.server.wm.Session.onTransact:6793748 android.os.Binder.execTransactInternal:6255996
11-22 13:21:40.592  1778  1935 I WindowManager: postWindowRemoveCleanupLocked: Window{aecacb1 u0 cn.missevan/cn.missevan.activity.MainActivity}
11-22 13:21:40.592  1778  1935 I WindowManager: Removing Window{aecacb1 u0 cn.missevan/cn.missevan.activity.MainActivity} from AppWindowToken{aedca79 token=Token{b5874ef ActivityRecord{b4564c6 u0 cn.missevan/.activity.MainActivity t658}}}
11-22 13:21:40.606  1778  1935 I WindowManager: Changing focus from Window{aecacb1 u0 cn.missevan/cn.missevan.activity.MainActivity} to Window{b390f59 u0 cn.missevan/cn.missevan.activity.MainActivity} displayId=0 Callers=com.android.server.wm.RootWindowContainer.updateFocusedWindowLocked:6667012 com.android.server.wm.WindowManagerService.updateFocusedWindowLocked:6666488 com.android.server.wm.WindowState.removeIfPossible:5165440 com.android.server.wm.WindowState.removeIfPossible:5161036
11-22 13:21:40.607  1778  1935 V HwPhoneWindowManager: updateSystemUiColorLw window=Window{b390f59 u0 cn.missevan/cn.missevan.activity.MainActivity},EmuiStyle=0,StatusBarColor=0x0,NavigationBarColor=0xffffffff, mForceNotchStatusBar=false
11-22 13:21:40.608  1778  1935 I HwDisplayContentEx: currentFocus windowstate not null
11-22 13:21:40.608  1778  1935 I HwDisplayContentEx: trans currentFocus windowstate not null
11-22 13:21:40.609  2204  9433 I HwCommandQueue: updateBarBgColor
11-22 13:21:40.609  2204  9433 D HwCommandQueue: CommandQueue, setBarBackgroundColor
11-22 13:21:40.610  1778  1817 D StatusBarManagerService: win:Window{b390f59 u0 cn.missevan/cn.missevan.activity.MainActivity}mIsColorEnable:truelight:true
11-22 13:21:40.610  1778  1817 I StatusBarDisable: setFlags what=0 which=1 pkg=Window{b390f59 u0 cn.missevan/cn.missevan.activity.MainActivity}
11-22 13:21:40.610  2204 32357 D HwCommandQueue: CommandQueue, set Launcher StatusBar Color
11-22 13:21:40.668  1778  1817 D StatusBarManagerService: win:Window{b390f59 u0 cn.missevan/cn.missevan.activity.MainActivity}mIsColorEnable:truelight:true
11-22 13:21:40.669  2204 32357 D HwCommandQueue: CommandQueue, set Launcher StatusBar Color
11-22 13:21:40.669  1778  1817 I StatusBarDisable: setFlags what=0 which=1 pkg=Window{b390f59 u0 cn.missevan/cn.missevan.activity.MainActivity}
11-22 13:21:40.694  1778  5933 D HwInputMethodManagerService: isSecMethodUsing = false
11-22 13:21:40.911  2438  2680 D NpdcpAliveManager: ro.odm.npdcp_alive_cfg_enable is false
11-22 13:21:41.275  1778  1849 I PowerManagerService: handleSandman: wakefulness: 1,startDreaming: false
11-22 13:21:41.567  1778  1935 D HwConnectivityServiceEx: set 10972 wlan0 value false
11-22 13:21:41.931  2438  2680 D NpdcpAliveManager: ro.odm.npdcp_alive_cfg_enable is false
11-22 13:21:42.160  1778  1935 D HwConnectivityServiceEx: set 10972 NULL value false
11-22 13:21:42.959  2438  2680 D NpdcpAliveManager: ro.odm.npdcp_alive_cfg_enable is false
11-22 13:21:43.053  1778  1849 I PowerManagerService: handleSandman: wakefulness: 1,startDreaming: false
11-22 13:21:43.130  1778  1817 D StatusBarManagerService: win:Window{b390f59 u0 cn.missevan/cn.missevan.activity.MainActivity}mIsColorEnable:truelight:true
11-22 13:21:43.130  2204  9433 D HwCommandQueue: CommandQueue, set Launcher StatusBar Color
11-22 13:21:43.130  1778  1817 I StatusBarDisable: setFlags what=0 which=1 pkg=Window{b390f59 u0 cn.missevan/cn.missevan.activity.MainActivity}
11-22 13:21:43.981  2438  2680 D NpdcpAliveManager: ro.odm.npdcp_alive_cfg_enable is false
11-22 13:21:44.182  1778 11458 D HwConnectivityServiceEx: set 1000 wlan0 value false
11-22 13:21:44.588  1778  1935 D HwConnectivityServiceEx: set 10972 wlan0 value false
11-22 13:21:45.005  2438  2680 D NpdcpAliveManager: ro.odm.npdcp_alive_cfg_enable is false
11-22 13:21:45.309  1778  1935 I NetworkStats: openSessionForUsageStats, pid = 29882, pkg = com.tencent.mm
11-22 13:21:45.309  1778  1935 I NetworkStats: openSessionInternal, pid = 29882 pkg = com.tencent.mm
11-22 13:21:45.311  1778  1935 I NetworkStats: performPollLocked, pid = 1778
11-22 13:21:45.311  1778  1849 I PowerManagerService: handleSandman: wakefulness: 1,startDreaming: false
11-22 13:21:45.404  1778  1935 I HwNetworkStatsServiceEx: hwRecordUidAndProcSnapshotLocked currentTime = 1669094505148
11-22 13:21:45.424  1778  1935 I HwNetworkManagementService: request swap success.
11-22 13:21:45.427  1778  2240 I NetworkStatsCollection: getSummary, uid = 1000stats size = 2
11-22 13:21:45.489  1778  1935 I HwNetworkStatsServiceEx: hwMaybeUidAndProcPersistLocked currentTime = 1669094505148
11-22 13:21:45.490  1778  1935 I NetworkStatsCollection: getSummary, uid = 1000stats size = 6
11-22 13:21:45.490  1778  1935 I NetworkStatsCollection: getSummary, uid = 1000stats size = 6
11-22 13:21:45.491  1778  1935 I NetworkStatsCollection: getSummary, uid = 1000stats size = 189
11-22 13:21:45.492  1778  1935 I NetworkStatsCollection: getSummary, uid = 1000stats size = 6
11-22 13:21:45.492  1778  1935 I NetworkStatsCollection: getSummary, uid = 1000stats size = 6
