--------- beginning of crash
11-21 16:04:45.760 24990 24990 E AndroidRuntime: FATAL EXCEPTION: main
11-21 16:04:45.760 24990 24990 E AndroidRuntime: Process: cn.missevan, PID: 24990
11-21 16:04:45.760 24990 24990 E AndroidRuntime: java.lang.RuntimeException: Unable to start activity ComponentInfo{cn.missevan/cn.missevan.activity.MainActivity}: java.lang.RuntimeException: YourApplication is not configured as <application>. Please check AndroidManifest.xml <application> section.
11-21 16:04:45.760 24990 24990 E AndroidRuntime: & YourApplication must inherit PlayApplication.
11-21 16:04:45.760 24990 24990 E AndroidRuntime: 	at android.app.ActivityThread.performLaunchActivity(ActivityThread.java:4060)
11-21 16:04:45.760 24990 24990 E AndroidRuntime: 	at android.app.ActivityThread.handleLaunchActivity(ActivityThread.java:4247)
11-21 16:04:45.760 24990 24990 E AndroidRuntime: 	at android.app.servertransaction.LaunchActivityItem.execute(LaunchActivityItem.java:91)
11-21 16:04:45.760 24990 24990 E AndroidRuntime: 	at android.app.servertransaction.TransactionExecutor.executeCallbacks(TransactionExecutor.java:149)
11-21 16:04:45.760 24990 24990 E AndroidRuntime: 	at android.app.servertransaction.TransactionExecutor.execute(TransactionExecutor.java:103)
11-21 16:04:45.760 24990 24990 E AndroidRuntime: 	at android.app.ActivityThread$H.handleMessage(ActivityThread.java:2613)
11-21 16:04:45.760 24990 24990 E AndroidRuntime: 	at android.os.Handler.dispatchMessage(Handler.java:110)
11-21 16:04:45.760 24990 24990 E AndroidRuntime: 	at android.os.Looper.loop(Looper.java:219)
11-21 16:04:45.760 24990 24990 E AndroidRuntime: 	at android.app.ActivityThread.main(ActivityThread.java:8668)
11-21 16:04:45.760 24990 24990 E AndroidRuntime: 	at java.lang.reflect.Method.invoke(Native Method)
11-21 16:04:45.760 24990 24990 E AndroidRuntime: 	at com.android.internal.os.RuntimeInit$MethodAndArgsCaller.run(RuntimeInit.java:513)
11-21 16:04:45.760 24990 24990 E AndroidRuntime: 	at com.android.internal.os.ZygoteInit.main(ZygoteInit.java:1109)
11-21 16:04:45.760 24990 24990 E AndroidRuntime: Caused by: java.lang.RuntimeException: YourApplication is not configured as <application>. Please check AndroidManifest.xml <application> section.
11-21 16:04:45.760 24990 24990 E AndroidRuntime: & YourApplication must inherit PlayApplication.
11-21 16:04:45.760 24990 24990 E AndroidRuntime: 	at cn.missevan.play.PlayApplication.getApplication(SourceFile:147)
11-21 16:04:45.760 24990 24990 E AndroidRuntime: 	at cn.missevan.viewmodels.MainActivityViewModel.Vq(SourceFile:102)
11-21 16:04:45.760 24990 24990 E AndroidRuntime: 	at cn.missevan.activity.MainActivity.onCreate(SourceFile:230)
11-21 16:04:45.760 24990 24990 E AndroidRuntime: 	at android.app.Activity.performCreate(Activity.java:8214)
11-21 16:04:45.760 24990 24990 E AndroidRuntime: 	at android.app.Activity.performCreate(Activity.java:8202)
11-21 16:04:45.760 24990 24990 E AndroidRuntime: 	at android.app.Instrumentation.callActivityOnCreate(Instrumentation.java:1320)
11-21 16:04:45.760 24990 24990 E AndroidRuntime: 	at android.app.ActivityThread.performLaunchActivity(ActivityThread.java:4033)
11-21 16:04:45.760 24990 24990 E AndroidRuntime: 	... 11 more
11-21 16:22:43.729 28595 28595 E AndroidRuntime: FATAL EXCEPTION: main
11-21 16:22:43.729 28595 28595 E AndroidRuntime: Process: cn.missevan, PID: 28595
11-21 16:22:43.729 28595 28595 E AndroidRuntime: java.lang.RuntimeException: Unable to start activity ComponentInfo{cn.missevan/cn.missevan.activity.MainActivity}: java.lang.RuntimeException: YourApplication is not configured as <application>. Please check AndroidManifest.xml <application> section.
11-21 16:22:43.729 28595 28595 E AndroidRuntime: & YourApplication must inherit PlayApplication.
11-21 16:22:43.729 28595 28595 E AndroidRuntime: 	at android.app.ActivityThread.performLaunchActivity(ActivityThread.java:4060)
11-21 16:22:43.729 28595 28595 E AndroidRuntime: 	at android.app.ActivityThread.handleLaunchActivity(ActivityThread.java:4247)
11-21 16:22:43.729 28595 28595 E AndroidRuntime: 	at android.app.servertransaction.LaunchActivityItem.execute(LaunchActivityItem.java:91)
11-21 16:22:43.729 28595 28595 E AndroidRuntime: 	at android.app.servertransaction.TransactionExecutor.executeCallbacks(TransactionExecutor.java:149)
11-21 16:22:43.729 28595 28595 E AndroidRuntime: 	at android.app.servertransaction.TransactionExecutor.execute(TransactionExecutor.java:103)
11-21 16:22:43.729 28595 28595 E AndroidRuntime: 	at android.app.ActivityThread$H.handleMessage(ActivityThread.java:2613)
11-21 16:22:43.729 28595 28595 E AndroidRuntime: 	at android.os.Handler.dispatchMessage(Handler.java:110)
11-21 16:22:43.729 28595 28595 E AndroidRuntime: 	at android.os.Looper.loop(Looper.java:219)
11-21 16:22:43.729 28595 28595 E AndroidRuntime: 	at android.app.ActivityThread.main(ActivityThread.java:8668)
11-21 16:22:43.729 28595 28595 E AndroidRuntime: 	at java.lang.reflect.Method.invoke(Native Method)
11-21 16:22:43.729 28595 28595 E AndroidRuntime: 	at com.android.internal.os.RuntimeInit$MethodAndArgsCaller.run(RuntimeInit.java:513)
11-21 16:22:43.729 28595 28595 E AndroidRuntime: 	at com.android.internal.os.ZygoteInit.main(ZygoteInit.java:1109)
11-21 16:22:43.729 28595 28595 E AndroidRuntime: Caused by: java.lang.RuntimeException: YourApplication is not configured as <application>. Please check AndroidManifest.xml <application> section.
11-21 16:22:43.729 28595 28595 E AndroidRuntime: & YourApplication must inherit PlayApplication.
11-21 16:22:43.729 28595 28595 E AndroidRuntime: 	at cn.missevan.play.PlayApplication.getApplication(SourceFile:147)
11-21 16:22:43.729 28595 28595 E AndroidRuntime: 	at cn.missevan.viewmodels.MainActivityViewModel.Vq(SourceFile:102)
11-21 16:22:43.729 28595 28595 E AndroidRuntime: 	at cn.missevan.activity.MainActivity.onCreate(SourceFile:230)
11-21 16:22:43.729 28595 28595 E AndroidRuntime: 	at android.app.Activity.performCreate(Activity.java:8214)
11-21 16:22:43.729 28595 28595 E AndroidRuntime: 	at android.app.Activity.performCreate(Activity.java:8202)
11-21 16:22:43.729 28595 28595 E AndroidRuntime: 	at android.app.Instrumentation.callActivityOnCreate(Instrumentation.java:1320)
11-21 16:22:43.729 28595 28595 E AndroidRuntime: 	at android.app.ActivityThread.performLaunchActivity(ActivityThread.java:4033)
11-21 16:22:43.729 28595 28595 E AndroidRuntime: 	... 11 more
11-21 16:29:50.953 30809 30809 E AndroidRuntime: FATAL EXCEPTION: main
11-21 16:29:50.953 30809 30809 E AndroidRuntime: Process: cn.missevan, PID: 30809
11-21 16:29:50.953 30809 30809 E AndroidRuntime: java.lang.RuntimeException: Unable to start activity ComponentInfo{cn.missevan/cn.missevan.activity.MainActivity}: java.lang.RuntimeException: YourApplication is not configured as <application>. Please check AndroidManifest.xml <application> section.
11-21 16:29:50.953 30809 30809 E AndroidRuntime: & YourApplication must inherit PlayApplication.
11-21 16:29:50.953 30809 30809 E AndroidRuntime: 	at android.app.ActivityThread.performLaunchActivity(ActivityThread.java:4060)
11-21 16:29:50.953 30809 30809 E AndroidRuntime: 	at android.app.ActivityThread.handleLaunchActivity(ActivityThread.java:4247)
11-21 16:29:50.953 30809 30809 E AndroidRuntime: 	at android.app.servertransaction.LaunchActivityItem.execute(LaunchActivityItem.java:91)
11-21 16:29:50.953 30809 30809 E AndroidRuntime: 	at android.app.servertransaction.TransactionExecutor.executeCallbacks(TransactionExecutor.java:149)
11-21 16:29:50.953 30809 30809 E AndroidRuntime: 	at android.app.servertransaction.TransactionExecutor.execute(TransactionExecutor.java:103)
11-21 16:29:50.953 30809 30809 E AndroidRuntime: 	at android.app.ActivityThread$H.handleMessage(ActivityThread.java:2613)
11-21 16:29:50.953 30809 30809 E AndroidRuntime: 	at android.os.Handler.dispatchMessage(Handler.java:110)
11-21 16:29:50.953 30809 30809 E AndroidRuntime: 	at android.os.Looper.loop(Looper.java:219)
11-21 16:29:50.953 30809 30809 E AndroidRuntime: 	at android.app.ActivityThread.main(ActivityThread.java:8668)
11-21 16:29:50.953 30809 30809 E AndroidRuntime: 	at java.lang.reflect.Method.invoke(Native Method)
11-21 16:29:50.953 30809 30809 E AndroidRuntime: 	at com.android.internal.os.RuntimeInit$MethodAndArgsCaller.run(RuntimeInit.java:513)
11-21 16:29:50.953 30809 30809 E AndroidRuntime: 	at com.android.internal.os.ZygoteInit.main(ZygoteInit.java:1109)
11-21 16:29:50.953 30809 30809 E AndroidRuntime: Caused by: java.lang.RuntimeException: YourApplication is not configured as <application>. Please check AndroidManifest.xml <application> section.
11-21 16:29:50.953 30809 30809 E AndroidRuntime: & YourApplication must inherit PlayApplication.
11-21 16:29:50.953 30809 30809 E AndroidRuntime: 	at cn.missevan.play.PlayApplication.getApplication(SourceFile:147)
11-21 16:29:50.953 30809 30809 E AndroidRuntime: 	at cn.missevan.viewmodels.MainActivityViewModel.Vq(SourceFile:102)
11-21 16:29:50.953 30809 30809 E AndroidRuntime: 	at cn.missevan.activity.MainActivity.onCreate(SourceFile:230)
11-21 16:29:50.953 30809 30809 E AndroidRuntime: 	at android.app.Activity.performCreate(Activity.java:8214)
11-21 16:29:50.953 30809 30809 E AndroidRuntime: 	at android.app.Activity.performCreate(Activity.java:8202)
11-21 16:29:50.953 30809 30809 E AndroidRuntime: 	at android.app.Instrumentation.callActivityOnCreate(Instrumentation.java:1320)
11-21 16:29:50.953 30809 30809 E AndroidRuntime: 	at android.app.ActivityThread.performLaunchActivity(ActivityThread.java:4033)
11-21 16:29:50.953 30809 30809 E AndroidRuntime: 	... 11 more
--------- beginning of main
11-21 19:19:12.668 16427 16427 W AGConnectInstance: please call `initialize()` first
11-21 19:19:12.670 16427 16427 E HMSSDK_AGCUtils: Get appId with AGConnectServicesConfig failed
11-21 19:19:12.672 16427 16427 E HMSSDK_AGCUtils: In getMetaDataAppId, Failed to read meta data for the AppID.
11-21 19:19:12.674 16427 16427 E HMSSDK_AGCUtils: Get client/app_id failed: java.io.FileNotFoundException: agconnect-services.json
11-21 19:19:12.675 16427 16427 E HMSSDK_AGCUtils: The client/app_id is null.
11-21 19:19:12.676 16427 16427 I HiAction_PushRemoteApiService: turnOffPush Complete
11-21 19:19:12.859   658   692 I chatty  : uid=1000(system) HwBinder:658_1 expire 10 lines
11-21 19:19:13.157   671   771 I AudioModuleManager: [AudioModuleGetParameters:71]: list size: 13
11-21 19:19:13.157   671   771 I audio_hw_usbaudio_hw: [get_typec_parameters:587]: check show hires (false)
11-21 19:19:14.126   621 30955 I netd    : trafficSwapActiveStatsMap() <15.90ms>
11-21 19:19:14.203  1778  2024 I chatty  : uid=1000(system) WifiService expire 45 lines
11-21 19:19:14.394   621 30955 I netd    : trafficSwapActiveStatsMap() <11.70ms>
11-21 19:19:15.562   704   777 I chatty  : uid=1000(system) /system/bin/displayservice expire 10 lines
11-21 19:19:16.334  5382  6281 I ContentSensor_MemoryUtil: totalPss : 20479
11-21 19:19:16.335  5382  6281 I ContentSensor_MemoryUtil: memoryStats : {summary.code=636, summary.stack=20, summary.graphics=0, summary.java-heap=3380, summary.native-heap=2292, summary.system=12199, summary.total-pss=20479, summary.private-other=1952, summary.total-swap=28848}
11-21 19:19:16.336  5382  6281 I ContentSensor_MemoryUtil: release memory now
11-21 19:19:16.362  5382  6281 I huawei.hiactio: Explicit concurrent copying GC freed 877(95KB) AllocSpace objects, 0(0B) LOS objects, 71% free, 2464KB/8608KB, paused 88us total 26.216ms
11-21 19:19:17.909  1778  2025 I chatty  : uid=1000(system) ClientModeImpl expire 11 lines
11-21 19:19:19.158   621 30955 I netd    : trafficSwapActiveStatsMap() <14.66ms>
11-21 19:19:19.159  1778  2137 I chatty  : uid=1000(system) HuaweiWifiWatch expire 15 lines
11-21 19:19:21.351 16427 16447 D ZrHung.AppEyeUiProbe: stop UiProbe
11-21 19:19:21.352 16427 16447 D ZrHung.AppEyeUiProbe: not watching, wait.
11-21 19:19:24.049  1100  1100 E Thermal-daemon:hw_thermal: [shell_frame] tempNew :36  tempOld :35
11-21 19:19:24.051  1100  1100 E Thermal-daemon:hw_thermal: Report temperature: [shell_frame] temp :36  reportThreshold:1
11-21 19:19:24.052  1100  1100 E Thermal-daemon:hw_thermal: [ap] tempNew :39  tempOld :40
11-21 19:19:24.053  1100  1100 E Thermal-daemon:hw_thermal: Report temperature: [ap] temp :39  reportThreshold:1
11-21 19:19:24.191   621 30955 I netd    : trafficSwapActiveStatsMap() <13.45ms>
11-21 19:19:24.426   621 30955 I netd    : trafficSwapActiveStatsMap() <10.75ms>
11-21 19:19:24.878   658   692 I chatty  : uid=1000(system) HwBinder:658_1 expire 12 lines
11-21 19:19:25.162  2570  2714 I mars::stn: [longlink_connect_monitor.cc:474, OnHeartbeatAlarmReceived]:longlink_progress on_heartbeat_alarm, time: 1151575001, is_noop_timeout:false
11-21 19:19:25.222  2570 21313 I mars::stn: [longlink_connect_monitor.cc:470, OnHeartbeatAlarmSet]:longlink_progress on_heartbeat_set, time: 1151575061, time interval:210000
11-21 19:19:25.227  1778  2024 I chatty  : uid=1000(system) WifiService expire 46 lines
11-21 19:19:25.246  2570 21313 I mars::stn: [longlink_connect_monitor.cc:470, OnHeartbeatAlarmSet]:longlink_progress on_heartbeat_set, time: 1151575085, time interval:210000
11-21 19:19:28.225  2836  3257 D DeviceMonitorPowerKit: run, sCountNum is 1
11-21 19:19:28.225  2836  3257 D DeviceMonitorPowerKit: interval is 459961, ElapsedRealtime is 1151118103, isNeedRepeat: false
11-21 19:19:28.225  2836  3257 E DeviceMonitorPowerKit: not Satify ApplyResource
11-21 19:19:29.054  1100  1100 E Thermal-daemon:hw_thermal: [shell_frame] tempNew :35  tempOld :36
11-21 19:19:29.055  1100  1100 E Thermal-daemon:hw_thermal: Report temperature: [shell_frame] temp :35  reportThreshold:1
11-21 19:19:29.057  1100  1100 E Thermal-daemon:hw_thermal: [ap] tempNew :40  tempOld :39
11-21 19:19:29.061  1100  1100 E Thermal-daemon:hw_thermal: Report temperature: [ap] temp :40  reportThreshold:1
11-21 19:19:29.222   621 30955 I netd    : trafficSwapActiveStatsMap() <16.62ms>
11-21 19:19:30.000  1778  2025 I chatty  : uid=1000(system) ClientModeImpl expire 11 lines
11-21 19:19:31.171  1778  2137 I chatty  : uid=1000(system) HuaweiWifiWatch expire 14 lines
11-21 19:19:31.471   661   661 W libc    : Unable to set property "sys.check.usbupdate" to "start": connection failed; errno=13 (Permission denied)
11-21 19:19:31.467   661   661 W health@2.0-serv: type=1400 audit(0.0:138427): avc: denied { write } for pid=661 name="property_service" dev="tmpfs" ino=11434 scontext=u:r:hal_health_default:s0 tcontext=u:object_r:property_socket:s0 tclass=sock_file permissive=0
11-21 19:19:31.571  3070  6681 I HwNaturalBase: [Timer-1]: MultiUserManagerService:  getNotActiveUser start
11-21 19:19:34.064  1100  1100 E Thermal-daemon:hw_thermal: [ap] tempNew :39  tempOld :40
11-21 19:19:34.065  1100  1100 E Thermal-daemon:hw_thermal: Report temperature: [ap] temp :39  reportThreshold:1
11-21 19:19:34.266   621 30955 I netd    : trafficSwapActiveStatsMap() <18.15ms>
11-21 19:19:34.470   621 30955 I netd    : trafficSwapActiveStatsMap() <19.00ms>
11-21 19:19:34.573 14708 20551 I SocketReaderNewtrue: SocketReader(11463) continue
11-21 19:19:34.574 14708 20551 D MSF.C.NetConnTag.true: MsfCoreSocketReaderNew closeConn socketEngineID: 0 socket hashcode: 0 for reason: readError
11-21 19:19:34.575 14708 20551 E MSF.C.NetConnTag.true: conn is already closed on readError closeConn socketEngineID: 0 socket hashcode: 0java.lang.Throwable
11-21 19:19:34.575 14708 20551 E MSF.C.NetConnTag.true: 	at com.tencent.mobileqq.msf.core.net.m.a(P:285)
11-21 19:19:34.575 14708 20551 E MSF.C.NetConnTag.true: 	at com.tencent.mobileqq.msf.core.net.m$d.run(P:23)
11-21 19:19:34.575 14708 20551 E SocketReaderNewtrue: socketEngine: 0socket hashCode: 0SocketReader(11463) errorjava.net.SocketException: Socket is closed
11-21 19:19:34.575 14708 20551 I SocketReaderNewtrue: SocketReader(11463) wait
11-21 19:19:35.572   704   777 I chatty  : uid=1000(system) /system/bin/displayservice expire 10 lines
11-21 19:19:35.863 14708 14875 D MemoryCeilingMonitor: [handleMemoryCalculate]
11-21 19:19:35.863 14708 14875 D MemoryCeilingMonitor: [calculate] tot: 4504592, max: 402653184, free: 135728, heap: 4368864, per: 0.010850191116333008
11-21 19:19:36.272  1778  2024 I chatty  : uid=1000(system) WifiService expire 32 lines
11-21 19:19:36.867   658   692 I chatty  : uid=1000(system) HwBinder:658_1 expire 10 lines
11-21 19:19:39.121  1778  1788 I chatty  : uid=1000(system) GC expire 5 lines
11-21 19:19:39.302   621 30955 I netd    : trafficSwapActiveStatsMap() <15.64ms>
11-21 19:19:40.999   621  1193 I         : ApiCount[0, 0, 0, 267, 0, 0, 0, 3, 0, 0, 842, 768, 0, 162, 109, 0, 132, 0, 3416, 28878]
11-21 19:19:41.800 14708 14728 I PERF_LOG: GC.happened gc!!!!!!!!!
11-21 19:19:42.087  1778  2025 I chatty  : uid=1000(system) ClientModeImpl expire 11 lines
11-21 19:19:42.326   621 30955 I netd    : trafficSwapActiveStatsMap() <7.28ms>
11-21 19:19:42.364 16478 16478 D HiTraceC: entered HiTraceInit, Log Registered: 1
11-21 19:19:42.365 16478 16478 I         : iptables cmd:iptables-restore
11-21 19:19:42.385 16479 16479 D HiTraceC: entered HiTraceInit, Log Registered: 1
11-21 19:19:42.385 16479 16479 I         : iptables cmd:ip6tables-restore
11-21 19:19:42.387   621 30955 I netd    : tetherGetStats() <56.85ms>
11-21 19:19:42.444  2371  2960 I chatty  : uid=1000(system) DefaultDispatch expire 1 line
11-21 19:19:44.070  1100  1100 E Thermal-daemon:hw_thermal: [ap] tempNew :38  tempOld :39
11-21 19:19:44.073  1100  1100 E Thermal-daemon:hw_thermal: Report temperature: [ap] temp :38  reportThreshold:1
11-21 19:19:44.330   621 30955 I netd    : trafficSwapActiveStatsMap() <13.93ms>
11-21 19:19:44.502   621 30955 I netd    : trafficSwapActiveStatsMap() <14.60ms>
11-21 19:19:47.192  1778  2145 I chatty  : uid=1000(system) HwDualBandState expire 15 lines
11-21 19:19:48.225  2836  3257 D DeviceMonitorPowerKit: run, sCountNum is 1
11-21 19:19:48.225  2836  3257 D DeviceMonitorPowerKit: interval is 479961, ElapsedRealtime is 1151118103, isNeedRepeat: false
11-21 19:19:48.225  2836  3257 E DeviceMonitorPowerKit: not Satify ApplyResource
11-21 19:19:49.362   621 30955 I netd    : trafficSwapActiveStatsMap() <16.19ms>
11-21 19:19:51.186  1778  2024 I chatty  : uid=1000(system) WifiService expire 89 lines
11-21 19:19:51.882   658   692 I chatty  : uid=1000(system) HwBinder:658_1 expire 14 lines
11-21 19:19:51.928  2438  2471 I chatty  : uid=1000(system) com.huawei.systemserver expire 26 lines
11-21 19:19:53.063  1778  2160 I chatty  : uid=1000(system) HwSelfCureEngin expire 14 lines
11-21 19:19:53.121  3267  3399 I HotspotComponent: handleEvent
11-21 19:19:53.121  3267  3399 I HotspotComponent: handleEvent not handle the event:1121
11-21 19:19:53.122  3267  3399 I WifiProComponent: default event
11-21 19:19:53.122  3267  3399 I HotspotComponent: handleEvent
11-21 19:19:53.122  3267  3399 I HotspotComponent: handleEvent not handle the event:1128
11-21 19:19:53.122  3267  3404 D HwCHRWifiRSSIGroupSummery: updatArpSummery rssi:-1 HwCHRWifiRSSIGroup [mRssiIndex=4, mRttTcpPackets=0, mRttTcpDuration=0, mRttLanDuration=11218, mRttLanFailures=1, mRttLanSucc=916, mRttLanMax=254, mRttLanMin=4,mSameFrequency=26,mAdjacentFrequency=0]
11-21 19:19:54.076  1100  1100 E Thermal-daemon:hw_thermal: [ap] tempNew :39  tempOld :38
11-21 19:19:54.077  1100  1100 E Thermal-daemon:hw_thermal: Report temperature: [ap] temp :39  reportThreshold:1
11-21 19:19:54.177  1778  2025 I chatty  : uid=1000(system) ClientModeImpl expire 19 lines
11-21 19:19:54.390   621 30955 I netd    : trafficSwapActiveStatsMap() <13.00ms>
11-21 19:19:54.526   621 30955 I netd    : trafficSwapActiveStatsMap() <13.43ms>
11-21 19:19:55.582   704   777 I chatty  : uid=1000(system) /system/bin/displayservice expire 10 lines
11-21 19:19:56.229  3905  3905 I wpa_supplicant: TDLS: Discard message - TDLS disabled or unsupported by driver
11-21 19:19:59.198  1778  2137 I chatty  : uid=1000(system) HuaweiWifiWatch expire 22 lines
11-21 19:19:59.422   621 30955 I netd    : trafficSwapActiveStatsMap() <16.44ms>
11-21 19:20:00.029  5981  5981 I HwLauncher: CalenderDynamicUpdater setHasUpdateSuccess, success: true
11-21 19:20:00.030  5981  5981 I HwLauncher: CalenderDynamicUpdater setHasUpdateSuccess, success: true
11-21 19:20:00.033  2204  2204 E DateView: DateView,mCurrentTime: 1669029600033
11-21 19:20:00.046  2204  2204 E ndroid.systemu: No package ID ff found for ID 0xffffffff.
11-21 19:20:00.048  2204  2204 E ndroid.systemu: No package ID ff found for ID 0xffffffff.
11-21 19:20:00.062  5981  5981 E ndroid.launche: No package ID ff found for ID 0xffffffff.
11-21 19:20:02.207   661   661 W health@2.0-serv: type=1400 audit(0.0:138428): avc: denied { read } for pid=661 name="u:object_r:system_prop:s0" dev="tmpfs" ino=12642 scontext=u:r:hal_health_default:s0 tcontext=u:object_r:system_prop:s0 tclass=file permissive=0
11-21 19:20:02.212   661   661 E libc    : Access denied finding property "sys.check.usbupdate"
11-21 19:20:02.207   661   661 W health@2.0-serv: type=1400 audit(0.0:138429): avc: denied { write } for pid=661 name="property_service" dev="tmpfs" ino=11434 scontext=u:r:hal_health_default:s0 tcontext=u:object_r:property_socket:s0 tclass=sock_file permissive=0
11-21 19:20:02.212   661   661 W libc    : Unable to set property "sys.check.usbupdate" to "start": connection failed; errno=13 (Permission denied)
11-21 19:20:02.699 14708 14892 D WorkerThreadMonitor: Kill MSF check result[ senderSize:0,sendInterval:2880412,receiveInterval=1979933,addCmdCount=738
11-21 19:20:03.716  3070  9281 I HwSearchService: [IndexServiceGuarderHandler]: IndexRAMMonitor: 36MB ram is used
11-21 19:20:03.901   658   692 I chatty  : uid=1000(system) HwBinder:658_1 expire 10 lines
11-21 19:20:04.454   621 30955 I netd    : trafficSwapActiveStatsMap() <13.24ms>
11-21 19:20:04.562   621 30955 I netd    : trafficSwapActiveStatsMap() <18.62ms>
11-21 19:20:04.576 14708 20551 I SocketReaderNewtrue: SocketReader(11463) continue
11-21 19:20:04.577 14708 20551 D MSF.C.NetConnTag.true: MsfCoreSocketReaderNew closeConn socketEngineID: 0 socket hashcode: 0 for reason: readError
11-21 19:20:04.577 14708 20551 E MSF.C.NetConnTag.true: conn is already closed on readError closeConn socketEngineID: 0 socket hashcode: 0java.lang.Throwable
11-21 19:20:04.577 14708 20551 E MSF.C.NetConnTag.true: 	at com.tencent.mobileqq.msf.core.net.m.a(P:285)
11-21 19:20:04.577 14708 20551 E MSF.C.NetConnTag.true: 	at com.tencent.mobileqq.msf.core.net.m$d.run(P:23)
11-21 19:20:04.577 14708 20551 E SocketReaderNewtrue: socketEngine: 0socket hashCode: 0SocketReader(11463) errorjava.net.SocketException: Socket is closed
11-21 19:20:04.577 14708 20551 I SocketReaderNewtrue: SocketReader(11463) wait
11-21 19:20:05.728 14708 14875 D MSF.C.DeepSleepDetector: [run] count after++: 239
11-21 19:20:05.863 14708 14875 D MemoryCeilingMonitor: [handleMemoryCalculate]
11-21 19:20:05.864 14708 14875 D MemoryCeilingMonitor: [calculate] tot: 4504592, max: 402653184, free: 1928928, heap: 2575664, per: 0.006396730740865071
11-21 19:20:06.431   661   661 W health@2.0-serv: type=1400 audit(0.0:138430): avc: denied { read } for pid=661 name="u:object_r:system_prop:s0" dev="tmpfs" ino=12642 scontext=u:r:hal_health_default:s0 tcontext=u:object_r:system_prop:s0 tclass=file permissive=0
11-21 19:20:06.431   661   661 W health@2.0-serv: type=1400 audit(0.0:138431): avc: denied { write } for pid=661 name="property_service" dev="tmpfs" ino=11434 scontext=u:r:hal_health_default:s0 tcontext=u:object_r:property_socket:s0 tclass=sock_file permissive=0
11-21 19:20:06.436   661   661 E libc    : Access denied finding property "sys.check.usbupdate"
11-21 19:20:06.436   661   661 W libc    : Unable to set property "sys.check.usbupdate" to "start": connection failed; errno=13 (Permission denied)
11-21 19:20:08.065  3070  6307 I HwNaturalBase: [CommonHandler]: 37569Kb ram is used.
11-21 19:20:08.225  2836  3257 D DeviceMonitorPowerKit: run, sCountNum is 1
11-21 19:20:08.225  2836  3257 D DeviceMonitorPowerKit: interval is 499961, ElapsedRealtime is 1151118103, isNeedRepeat: false
11-21 19:20:08.225  2836  3257 E DeviceMonitorPowerKit: not Satify ApplyResource
11-21 19:20:08.733 17922 16481 I CAWARENESS_30427_DeviceInfoUtil: isUsbConnected isConnected = true
11-21 19:20:08.734 17922 16481 I CAWARENESS_30427_MemoryMonitor: release memory
11-21 19:20:08.778 11715  5037 I FWK-BackOffDelayTimerTask: Run task returns: true, with delay: 60
11-21 19:20:08.779 17922 16481 I i.engineservic: Explicit concurrent copying GC freed 1414(167KB) AllocSpace objects, 4(80KB) LOS objects, 60% free, 4064KB/10208KB, paused 81us total 44.491ms
11-21 19:20:08.779 17922 16481 I CAWARENESS_30427_MemoryMonitor: VersionCode: 1000030427 Hiai name: 12.0.4.205 memory(kB) static totalPss: 44027, dalvikPss: 4111, nativePss: 11936
11-21 19:20:08.782 11715  5035 I FWK-BackOffDelayTimerTask: Run task returns: true, with delay: 60
11-21 19:20:08.917  1033  1184 I dubaid  : [DubaiStorage.cpp] DoFlushEntriesBuffer# Flush all entries into database: /data/system_ce/0/dubai/dubai.db
11-21 19:20:09.082  1100  1100 E Thermal-daemon:hw_thermal: [ap] tempNew :38  tempOld :39
11-21 19:20:09.084  1100  1100 E Thermal-daemon:hw_thermal: Report temperature: [ap] temp :38  reportThreshold:1
11-21 19:20:09.486   621 30955 I netd    : trafficSwapActiveStatsMap() <16.41ms>
11-21 19:20:11.002   621  1193 I         : ApiCount[0, 0, 0, 267, 0, 0, 0, 3, 0, 0, 842, 768, 0, 162, 109, 0, 132, 0, 3417, 28878]
11-21 19:20:11.314  2527  3172 I CoreService: CoreService pss : 32318, charging:true
11-21 19:20:11.388  2527  3172 I m.huawei.iawar: Explicit concurrent copying GC freed 40060(1952KB) AllocSpace objects, 15(300KB) LOS objects, 60% free, 4014KB/10158KB, paused 332us total 73.185ms
11-21 19:20:11.876  2371  3115 I chatty  : uid=1000(system) Thread-11 expire 15 lines
11-21 19:20:11.880   700   700 I power_hidl: ExeSetState type=vterm_dec, value=lvc 0
11-21 19:20:11.880   700   700 I power_hidl: start write compatible, scene: vterm_dec, value: lvc 0
11-21 19:20:11.881   700   700 I power_hidl: ExeSetState success, type=vterm_dec, index=45
11-21 19:20:11.886   700   700 I power_hidl: ExeSetState type=vterm_dec, value=sc 0
11-21 19:20:11.886   700   700 I power_hidl: start write compatible, scene: vterm_dec, value: sc 0
11-21 19:20:11.886   700   700 I power_hidl: ExeSetState success, type=vterm_dec, index=45
11-21 19:20:11.889   700   700 I power_hidl: ExeSetState type=vterm_dec, value=wl_sc 0
11-21 19:20:11.890   700   700 I power_hidl: start write compatible, scene: vterm_dec, value: wl_sc 0
11-21 19:20:11.890   700   700 I power_hidl: ExeSetState success, type=vterm_dec, index=45
11-21 19:20:11.893   700   700 I power_hidl: ExeSetState type=ichg_ratio, value=all 90
11-21 19:20:11.893   700   700 I power_hidl: start write compatible, scene: ichg_ratio, value: all 90
11-21 19:20:11.894   700   700 I power_hidl: ExeSetState success, type=ichg_ratio, index=46
11-21 19:20:11.897   700   700 I power_hidl: ExeSetState type=vterm_dec, value=dcp 0
11-21 19:20:11.898   700   700 I power_hidl: start write compatible, scene: vterm_dec, value: dcp 0
11-21 19:20:11.898   700   700 I power_hidl: ExeSetState success, type=vterm_dec, index=45
11-21 19:20:11.901   700   700 I power_hidl: ExeSetState type=vterm_dec, value=fcp 0
11-21 19:20:11.901   700   700 I power_hidl: start write compatible, scene: vterm_dec, value: fcp 0
11-21 19:20:11.902   700   700 E power_hidl: file /sys/devices/virtual/hw_power/interface/vterm_dec write failed
11-21 19:20:11.902   700   700 E power_hidl: write fcp 0 to /sys/class/hw_power/interface/vterm_dec fail
11-21 19:20:11.902   700   700 I power_hidl: ExeSetState success, type=vterm_dec, index=45
11-21 19:20:11.905   700   700 I power_hidl: ExeSetState type=vterm_dec, value=pd 0
11-21 19:20:11.905   700   700 I power_hidl: start write compatible, scene: vterm_dec, value: pd 0
11-21 19:20:11.905   700   700 I power_hidl: ExeSetState success, type=vterm_dec, index=45
11-21 19:20:11.908   700   700 I power_hidl: ExeSetState type=vterm_dec, value=wl 0
11-21 19:20:11.908   700   700 I power_hidl: start write compatible, scene: vterm_dec, value: wl 0
11-21 19:20:11.909   700   700 I power_hidl: ExeSetState success, type=vterm_dec, index=45
11-21 19:20:11.912   700   700 I power_hidl: ExeSetState type=basp_coul_vdec, value=0
11-21 19:20:11.912   700   700 I power_hidl: start hvdp mmi test, type=basp_coul_vdec, value=0
11-21 19:20:11.912   700   700 I power_hidl: ExeSetState success, type=basp_coul_vdec, index=52
11-21 19:20:11.914  2371  3079 I chatty  : uid=1000(system) Thread-11 expire 4 lines
11-21 19:20:12.391   621  1191 W IptablesRestoreController: iptables-restore process 16478 terminated status=15
11-21 19:20:12.393   621  1191 W IptablesRestoreController: iptables-restore process 16479 terminated status=15
11-21 19:20:14.518   621 30955 I netd    : trafficSwapActiveStatsMap() <16.87ms>
11-21 19:20:14.594   621 30955 I netd    : trafficSwapActiveStatsMap() <14.13ms>
11-21 19:20:15.209  1778  2025 I chatty  : uid=1000(system) ClientModeImpl expire 19 lines
11-21 19:20:15.213  1778  2137 I chatty  : uid=1000(system) HuaweiWifiWatch expire 17 lines
11-21 19:20:15.213  1778  2024 I chatty  : uid=1000(system) WifiService expire 47 lines
11-21 19:20:15.592   704   777 I chatty  : uid=1000(system) /system/bin/displayservice expire 10 lines
11-21 19:20:18.902   658   692 I chatty  : uid=1000(system) HwBinder:658_1 expire 10 lines
11-21 19:20:19.546   621 30955 I netd    : trafficSwapActiveStatsMap() <14.43ms>
11-21 19:20:22.648  3905  3905 I wpa_supplicant: TDLS: Discard message - TDLS disabled or unsupported by driver
11-21 19:20:24.582   621 30955 I netd    : trafficSwapActiveStatsMap() <19.96ms>
11-21 19:20:24.626   621 30955 I netd    : trafficSwapActiveStatsMap() <14.82ms>
11-21 19:20:27.228  1778  2024 I chatty  : uid=1000(system) WifiService expire 41 lines
11-21 19:20:27.228  1778  2137 I chatty  : uid=1000(system) HuaweiWifiWatch expire 17 lines
11-21 19:20:28.225  2836  3257 D DeviceMonitorPowerKit: run, sCountNum is 1
11-21 19:20:28.225  2836  3257 D DeviceMonitorPowerKit: interval is 519961, ElapsedRealtime is 1151118103, isNeedRepeat: false
11-21 19:20:28.225  2836  3257 E DeviceMonitorPowerKit: not Satify ApplyResource
11-21 19:20:29.634   621 30955 I netd    : trafficSwapActiveStatsMap() <23.14ms>
11-21 19:20:31.572  3070  6681 I HwNaturalBase: [Timer-1]: MultiUserManagerService:  getNotActiveUser start
11-21 19:20:32.919   661   661 W health@2.0-serv: type=1400 audit(0.0:138432): avc: denied { read } for pid=661 name="u:object_r:system_prop:s0" dev="tmpfs" ino=12642 scontext=u:r:hal_health_default:s0 tcontext=u:object_r:system_prop:s0 tclass=file permissive=0
11-21 19:20:32.926   661   661 E libc    : Access denied finding property "sys.check.usbupdate"
11-21 19:20:32.926   661   661 W libc    : Unable to set property "sys.check.usbupdate" to "start": connection failed; errno=13 (Permission denied)
11-21 19:20:32.923   661   661 W health@2.0-serv: type=1400 audit(0.0:138433): avc: denied { write } for pid=661 name="property_service" dev="tmpfs" ino=11434 scontext=u:r:hal_health_default:s0 tcontext=u:object_r:property_socket:s0 tclass=sock_file permissive=0
11-21 19:20:33.919   658   692 I chatty  : uid=1000(system) HwBinder:658_1 expire 10 lines
11-21 19:20:34.578 14708 20551 I SocketReaderNewtrue: SocketReader(11463) continue
11-21 19:20:34.578 14708 20551 D MSF.C.NetConnTag.true: MsfCoreSocketReaderNew closeConn socketEngineID: 0 socket hashcode: 0 for reason: readError
11-21 19:20:34.579 14708 20551 E MSF.C.NetConnTag.true: conn is already closed on readError closeConn socketEngineID: 0 socket hashcode: 0java.lang.Throwable
11-21 19:20:34.579 14708 20551 E MSF.C.NetConnTag.true: 	at com.tencent.mobileqq.msf.core.net.m.a(P:285)
11-21 19:20:34.579 14708 20551 E MSF.C.NetConnTag.true: 	at com.tencent.mobileqq.msf.core.net.m$d.run(P:23)
11-21 19:20:34.579 14708 20551 E SocketReaderNewtrue: socketEngine: 0socket hashCode: 0SocketReader(11463) errorjava.net.SocketException: Socket is closed
11-21 19:20:34.579 14708 20551 I SocketReaderNewtrue: SocketReader(11463) wait
11-21 19:20:34.658   621 30955 I netd    : trafficSwapActiveStatsMap() <14.38ms>
11-21 19:20:34.674   621 30955 I netd    : trafficSwapActiveStatsMap() <12.39ms>
11-21 19:20:35.230  1778  2025 I chatty  : uid=1000(system) ClientModeImpl expire 11 lines
11-21 19:20:35.601   704   777 I chatty  : uid=1000(system) /system/bin/displayservice expire 10 lines
11-21 19:20:35.893 14708 14875 D MemoryCeilingMonitor: [handleMemoryCalculate]
11-21 19:20:35.894 14708 14875 D MemoryCeilingMonitor: [calculate] tot: 4504592, max: 402653184, free: 1830112, heap: 2674480, per: 0.00664214293162028
11-21 19:20:37.599  2438  2471 I chatty  : uid=1000(system) com.huawei.systemserver expire 13 lines
11-21 19:20:38.410  1778  2024 I chatty  : uid=1000(system) WifiService expire 55 lines
11-21 19:20:39.243  1778  2137 I chatty  : uid=1000(system) HuaweiWifiWatch expire 15 lines
11-21 19:20:39.703   621 30955 I netd    : trafficSwapActiveStatsMap() <13.85ms>
11-21 19:20:41.005   621  1193 I         : ApiCount[0, 0, 0, 267, 0, 0, 0, 3, 0, 0, 842, 768, 0, 162, 109, 0, 132, 0, 3418, 28878]
11-21 19:20:41.490  3905  3905 I wpa_supplicant: TDLS: Discard message - TDLS disabled or unsupported by driver
11-21 19:20:42.382   621 30955 I netd    : trafficSwapActiveStatsMap() <15.84ms>
11-21 19:20:42.419 16485 16485 D HiTraceC: entered HiTraceInit, Log Registered: 1
11-21 19:20:42.420 16485 16485 I         : iptables cmd:iptables-restore
11-21 19:20:42.441 16486 16486 D HiTraceC: entered HiTraceInit, Log Registered: 1
11-21 19:20:42.442 16486 16486 I         : iptables cmd:ip6tables-restore
11-21 19:20:42.443   621 30955 I netd    : tetherGetStats() <57.72ms>
11-21 19:20:42.528  2371  2877 I chatty  : uid=1000(system) DefaultDispatch expire 1 line
11-21 19:20:44.097  1100  1100 E Thermal-daemon:hw_thermal: [ap] tempNew :39  tempOld :38
11-21 19:20:44.099  1100  1100 E Thermal-daemon:hw_thermal: Report temperature: [ap] temp :39  reportThreshold:1
11-21 19:20:44.691   621 30955 I netd    : trafficSwapActiveStatsMap() <16.42ms>
11-21 19:20:44.746   621 30955 I netd    : trafficSwapActiveStatsMap() <16.52ms>
11-21 19:20:45.045  2438  2680 I chatty  : uid=1000(system) OllieAwareThrea expire 4 lines
11-21 19:20:45.920   658   692 I chatty  : uid=1000(system) HwBinder:658_1 expire 12 lines
11-21 19:20:47.248  1778  2025 I chatty  : uid=1000(system) ClientModeImpl expire 11 lines
11-21 19:20:47.254  1778  2145 I chatty  : uid=1000(system) HwDualBandState expire 13 lines
11-21 19:20:47.262  1778 11458 I chatty  : uid=1000(system) MobileQosDetect expire 13 lines
11-21 19:20:48.225  2836  3257 D DeviceMonitorPowerKit: run, sCountNum is 1
11-21 19:20:48.225  2836  3257 D DeviceMonitorPowerKit: interval is 539961, ElapsedRealtime is 1151118103, isNeedRepeat: false
11-21 19:20:48.225  2836  3257 E DeviceMonitorPowerKit: not Satify ApplyResource
11-21 19:20:49.101  1100  1100 E Thermal-daemon:hw_thermal: [ap] tempNew :38  tempOld :39
11-21 19:20:49.102  1100  1100 E Thermal-daemon:hw_thermal: Report temperature: [ap] temp :38  reportThreshold:1
11-21 19:20:49.451  1778  2024 I chatty  : uid=1000(system) WifiService expire 47 lines
11-21 19:20:49.782   621 30955 I netd    : trafficSwapActiveStatsMap() <19.84ms>
11-21 19:20:50.298  2438  2471 I chatty  : uid=1000(system) com.huawei.systemserver expire 24 lines
11-21 19:20:50.454  2527  3172 I DeviceStateService: no user activity duration:1322198 timeout:602000
11-21 19:20:50.463  2527  3172 W APwTrigger: block the screen timeout, no user activity duraion:1322198
11-21 19:20:51.252  1778  2137 I chatty  : uid=1000(system) HuaweiWifiWatch expire 17 lines
11-21 19:20:51.730  3905  3905 I wpa_supplicant: TDLS: Discard message - TDLS disabled or unsupported by driver
11-21 19:20:53.225  3267  3399 I HotspotComponent: handleEvent
11-21 19:20:53.225  3267  3399 I HotspotComponent: handleEvent not handle the event:1121
11-21 19:20:53.226  3267  3399 I WifiProComponent: default event
11-21 19:20:53.226  3267  3399 I HotspotComponent: handleEvent
11-21 19:20:53.226  3267  3399 I HotspotComponent: handleEvent not handle the event:1128
11-21 19:20:53.226  3267  3404 D HwCHRWifiRSSIGroupSummery: updatArpSummery rssi:-1 HwCHRWifiRSSIGroup [mRssiIndex=4, mRttTcpPackets=0, mRttTcpDuration=0, mRttLanDuration=11227, mRttLanFailures=1, mRttLanSucc=917, mRttLanMax=254, mRttLanMin=4,mSameFrequency=26,mAdjacentFrequency=0]
11-21 19:20:54.103  1100  1100 E Thermal-daemon:hw_thermal: [ap] tempNew :39  tempOld :38
11-21 19:20:54.104  1100  1100 E Thermal-daemon:hw_thermal: Report temperature: [ap] temp :39  reportThreshold:1
11-21 19:20:54.722   621 30955 I netd    : trafficSwapActiveStatsMap() <22.38ms>
11-21 19:20:54.814   621 30955 I netd    : trafficSwapActiveStatsMap() <17.51ms>
11-21 19:20:55.612   704   777 I chatty  : uid=1000(system) /system/bin/displayservice expire 10 lines
11-21 19:20:57.923   658   692 I chatty  : uid=1000(system) HwBinder:658_1 expire 12 lines
11-21 19:20:59.106  1100  1100 E Thermal-daemon:hw_thermal: [charger_ic] tempNew :36  tempOld :37
11-21 19:20:59.107  1100  1100 E Thermal-daemon:hw_thermal: Report temperature: [charger_ic] temp :36  reportThreshold:1
11-21 19:20:59.253  1778  2025 I chatty  : uid=1000(system) ClientModeImpl expire 11 lines
11-21 19:20:59.842   621 30955 I netd    : trafficSwapActiveStatsMap() <13.92ms>
11-21 19:21:00.005  2204  2204 E ndroid.systemu: No package ID ff found for ID 0xffffffff.
11-21 19:21:00.010  2204  2204 E ndroid.systemu: No package ID ff found for ID 0xffffffff.
11-21 19:21:00.011  2204  2204 E DateView: DateView,mCurrentTime: 1669029660011
11-21 19:21:00.028  5981  5981 I HwLauncher: CalenderDynamicUpdater setHasUpdateSuccess, success: true
11-21 19:21:00.028  5981  5981 I HwLauncher: CalenderDynamicUpdater setHasUpdateSuccess, success: true
11-21 19:21:00.062  5981  5981 E ndroid.launche: No package ID ff found for ID 0xffffffff.
11-21 19:21:00.491  1778  2024 I chatty  : uid=1000(system) WifiService expire 42 lines
11-21 19:21:02.701 14708 14892 D WorkerThreadMonitor: Kill MSF check result[ senderSize:0,sendInterval:2940413,receiveInterval=2039934,addCmdCount=738
11-21 19:21:03.261  1778  2137 I chatty  : uid=1000(system) HuaweiWifiWatch expire 17 lines
11-21 19:21:03.663   661   661 W health@2.0-serv: type=1400 audit(0.0:138434): avc: denied { read } for pid=661 name="u:object_r:system_prop:s0" dev="tmpfs" ino=12642 scontext=u:r:hal_health_default:s0 tcontext=u:object_r:system_prop:s0 tclass=file permissive=0
11-21 19:21:03.669   661   661 E libc    : Access denied finding property "sys.check.usbupdate"
11-21 19:21:03.669   661   661 W libc    : Unable to set property "sys.check.usbupdate" to "start": connection failed; errno=13 (Permission denied)
11-21 19:21:03.663   661   661 W health@2.0-serv: type=1400 audit(0.0:138435): avc: denied { write } for pid=661 name="property_service" dev="tmpfs" ino=11434 scontext=u:r:hal_health_default:s0 tcontext=u:object_r:property_socket:s0 tclass=sock_file permissive=0
11-21 19:21:03.796  3070  9281 I HwSearchService: [IndexServiceGuarderHandler]: IndexRAMMonitor: 36MB ram is used
11-21 19:21:04.121  3905  3905 I wpa_supplicant: TDLS: Discard message - TDLS disabled or unsupported by driver
11-21 19:21:04.580 14708 20551 I SocketReaderNewtrue: SocketReader(11463) continue
11-21 19:21:04.580 14708 20551 D MSF.C.NetConnTag.true: MsfCoreSocketReaderNew closeConn socketEngineID: 0 socket hashcode: 0 for reason: readError
11-21 19:21:04.581 14708 20551 E MSF.C.NetConnTag.true: conn is already closed on readError closeConn socketEngineID: 0 socket hashcode: 0java.lang.Throwable
11-21 19:21:04.581 14708 20551 E MSF.C.NetConnTag.true: 	at com.tencent.mobileqq.msf.core.net.m.a(P:285)
11-21 19:21:04.581 14708 20551 E MSF.C.NetConnTag.true: 	at com.tencent.mobileqq.msf.core.net.m$d.run(P:23)
11-21 19:21:04.581 14708 20551 E SocketReaderNewtrue: socketEngine: 0socket hashCode: 0SocketReader(11463) errorjava.net.SocketException: Socket is closed
11-21 19:21:04.582 14708 20551 I SocketReaderNewtrue: SocketReader(11463) wait
11-21 19:21:04.760   621 30955 I netd    : trafficSwapActiveStatsMap() <21.65ms>
11-21 19:21:04.870   621 30955 I netd    : trafficSwapActiveStatsMap() <12.72ms>
11-21 19:21:05.758 14708 14875 D MSF.C.DeepSleepDetector: [run] count after++: 240
11-21 19:21:05.895 14708 14875 D MemoryCeilingMonitor: [handleMemoryCalculate]
11-21 19:21:05.895 14708 14875 D MemoryCeilingMonitor: [calculate] tot: 4504592, max: 402653184, free: 1747552, heap: 2757040, per: 0.006847182909647624
11-21 19:21:06.435   661   661 W health@2.0-serv: type=1400 audit(0.0:138436): avc: denied { read } for pid=661 name="u:object_r:system_prop:s0" dev="tmpfs" ino=12642 scontext=u:r:hal_health_default:s0 tcontext=u:object_r:system_prop:s0 tclass=file permissive=0
11-21 19:21:06.435   661   661 W health@2.0-serv: type=1400 audit(0.0:138437): avc: denied { write } for pid=661 name="property_service" dev="tmpfs" ino=11434 scontext=u:r:hal_health_default:s0 tcontext=u:object_r:property_socket:s0 tclass=sock_file permissive=0
11-21 19:21:06.440   661   661 E libc    : Access denied finding property "sys.check.usbupdate"
11-21 19:21:06.440   661   661 W libc    : Unable to set property "sys.check.usbupdate" to "start": connection failed; errno=13 (Permission denied)
11-21 19:21:08.145  3070  6307 I HwNaturalBase: [CommonHandler]: 37577Kb ram is used.
11-21 19:21:08.225  2836  3257 D DeviceMonitorPowerKit: run, sCountNum is 1
11-21 19:21:08.225  2836  3257 D DeviceMonitorPowerKit: interval is 559961, ElapsedRealtime is 1151118103, isNeedRepeat: false
11-21 19:21:08.225  2836  3257 E DeviceMonitorPowerKit: not Satify ApplyResource
11-21 19:21:08.778 11715  5037 I FWK-BackOffDelayTimerTask: Run task returns: true, with delay: 60
11-21 19:21:08.782 11715  5035 I FWK-BackOffDelayTimerTask: Run task returns: true, with delay: 60
11-21 19:21:08.793 17922 16488 I CAWARENESS_30427_DeviceInfoUtil: isUsbConnected isConnected = true
11-21 19:21:08.794 17922 16488 I CAWARENESS_30427_MemoryMonitor: release memory
11-21 19:21:08.839 17922 16488 I i.engineservic: Explicit concurrent copying GC freed 796(116KB) AllocSpace objects, 3(60KB) LOS objects, 60% free, 4064KB/10208KB, paused 871us total 44.671ms
11-21 19:21:08.839 17922 16488 I CAWARENESS_30427_MemoryMonitor: VersionCode: 1000030427 Hiai name: 12.0.4.205 memory(kB) static totalPss: 43991, dalvikPss: 4075, nativePss: 11936
11-21 19:21:09.202 10969  4957 I CastDatabase: Saving the database
11-21 19:21:09.221 10969  4957 E SQLiteCastStore: Skip saving CastDeviceInfo: "附近的设备" (__cast_nearby___V_153138fc-52a9-406e-b51f-d788ad281c76)
11-21 19:21:09.232 10969  4957 I SQLiteCastStore: [CastNetworkInfo] saved: 13, skipped: 0, [CastDeviceInfo]: saved 8, skipped 1, [Paired Guest Mode DeviceInfo] saved: 0, skipped: 0. [ProbedNetworks]: saved 0, skipped: 0, [ProbedSocketAddress]: saved 15, skipped: 0, [Network-Device pairs]: saved: 13
11-21 19:21:09.914   621 30955 I netd    : trafficSwapActiveStatsMap() <19.62ms>
11-21 19:21:09.942   658   692 I chatty  : uid=1000(system) HwBinder:658_1 expire 10 lines
11-21 19:21:11.008   621  1193 I         : ApiCount[0, 0, 0, 267, 0, 0, 0, 3, 0, 0, 842, 768, 0, 162, 109, 0, 132, 0, 3419, 28878]
11-21 19:21:11.266  1778  2025 I chatty  : uid=1000(system) ClientModeImpl expire 11 lines
11-21 19:21:11.270  1778  2024 I chatty  : uid=1000(system) WifiService expire 45 lines
11-21 19:21:11.972  2371  3115 I chatty  : uid=1000(system) Thread-11 expire 15 lines
11-21 19:21:11.975   700   700 I power_hidl: ExeSetState type=vterm_dec, value=lvc 0
11-21 19:21:11.975   700   700 I power_hidl: start write compatible, scene: vterm_dec, value: lvc 0
11-21 19:21:11.976   700   700 I power_hidl: ExeSetState success, type=vterm_dec, index=45
11-21 19:21:11.979   700   700 I power_hidl: ExeSetState type=vterm_dec, value=sc 0
11-21 19:21:11.979   700   700 I power_hidl: start write compatible, scene: vterm_dec, value: sc 0
11-21 19:21:11.979   700   700 I power_hidl: ExeSetState success, type=vterm_dec, index=45
11-21 19:21:11.982   700   700 I power_hidl: ExeSetState type=vterm_dec, value=wl_sc 0
11-21 19:21:11.983   700   700 I power_hidl: start write compatible, scene: vterm_dec, value: wl_sc 0
11-21 19:21:11.983   700   700 I power_hidl: ExeSetState success, type=vterm_dec, index=45
11-21 19:21:11.987   700   700 I power_hidl: ExeSetState type=ichg_ratio, value=all 90
11-21 19:21:11.987   700   700 I power_hidl: start write compatible, scene: ichg_ratio, value: all 90
11-21 19:21:11.988   700   700 I power_hidl: ExeSetState success, type=ichg_ratio, index=46
11-21 19:21:11.992   700   700 I power_hidl: ExeSetState type=vterm_dec, value=dcp 0
11-21 19:21:11.992   700   700 I power_hidl: start write compatible, scene: vterm_dec, value: dcp 0
11-21 19:21:11.993   700   700 I power_hidl: ExeSetState success, type=vterm_dec, index=45
11-21 19:21:11.996   700   700 I power_hidl: ExeSetState type=vterm_dec, value=fcp 0
11-21 19:21:11.996   700   700 I power_hidl: start write compatible, scene: vterm_dec, value: fcp 0
11-21 19:21:11.996   700   700 E power_hidl: file /sys/devices/virtual/hw_power/interface/vterm_dec write failed
11-21 19:21:11.996   700   700 E power_hidl: write fcp 0 to /sys/class/hw_power/interface/vterm_dec fail
11-21 19:21:11.996   700   700 I power_hidl: ExeSetState success, type=vterm_dec, index=45
11-21 19:21:11.999   700   700 I power_hidl: ExeSetState type=vterm_dec, value=pd 0
11-21 19:21:11.999   700   700 I power_hidl: start write compatible, scene: vterm_dec, value: pd 0
11-21 19:21:12.000   700   700 I power_hidl: ExeSetState success, type=vterm_dec, index=45
11-21 19:21:12.003   700   700 I power_hidl: ExeSetState type=vterm_dec, value=wl 0
11-21 19:21:12.003   700   700 I power_hidl: start write compatible, scene: vterm_dec, value: wl 0
11-21 19:21:12.004   700   700 I power_hidl: ExeSetState success, type=vterm_dec, index=45
11-21 19:21:12.009   700   700 I power_hidl: ExeSetState type=basp_coul_vdec, value=0
11-21 19:21:12.009   700   700 I power_hidl: start hvdp mmi test, type=basp_coul_vdec, value=0
11-21 19:21:12.010   700   700 I power_hidl: ExeSetState success, type=basp_coul_vdec, index=52
11-21 19:21:12.012  2371  3079 I chatty  : uid=1000(system) Thread-11 expire 4 lines
11-21 19:21:12.446   621  1191 W IptablesRestoreController: iptables-restore process 16485 terminated status=15
11-21 19:21:12.448   621  1191 W IptablesRestoreController: iptables-restore process 16486 terminated status=15
11-21 19:21:14.666  3070  3070 I DiscoverManager: stopDiscovery: moduleName: com.huawei.msdp.waveProxy+beckon subscribeId: 1002
11-21 19:21:14.668  2836  3313 D UniBleUtils: checkPermission: 1000
11-21 19:21:14.668  2836  3313 I DiscoverService: stopDiscovery: moduleName: com.huawei.msdp.waveProxy+beckon subscribeId: 1002
11-21 19:21:14.669  3070  3070 I DiscoverManager: startDiscovery: moduleName: com.huawei.msdp.waveProxy+beckon subscribeId: 1002
11-21 19:21:14.670  2836  3313 D UniBleUtils: checkPermission: 1000
11-21 19:21:14.671  2836  3313 I DiscoverService: startDiscovery: moduleName: com.huawei.msdp.waveProxy+beckon subscribeId:1002
11-21 19:21:14.671  2836  3313 I CoapManager: startDiscovery, moduleName: com.huawei.msdp.waveProxy+beckon, subscribeId: 1002
11-21 19:21:14.671  2836  3313 I HwConnection: startDiscovery
11-21 19:21:14.671  2836  3067 I HwConnection: rebindService
11-21 19:21:14.671  2836  3065 I CoapManager: reportDiscoveryResult, startDiscovery success. publishId: 1002
11-21 19:21:14.672  2836  3067 I HwConnection: handleStartDiscovery
11-21 19:21:14.674  2438  3061 I chatty  : uid=1000(system) ConnService expire 19 lines
11-21 19:21:14.674  2836  3067 I HwConnection: handleStartDiscovery moduleName: com.huawei.msdp.waveProxy+beckon resultCode: 0
11-21 19:21:14.675  2438  2471 I chatty  : uid=1000(system) com.huawei.systemserver expire 61 lines
11-21 19:21:14.676  2438 16492 I chatty  : uid=1000(system) com.huawei.systemserver expire 1 line
11-21 19:21:14.790   621 30955 I netd    : trafficSwapActiveStatsMap() <15.18ms>
11-21 19:21:14.954   621 30955 I netd    : trafficSwapActiveStatsMap() <14.73ms>
11-21 19:21:15.273  1778  2137 I chatty  : uid=1000(system) HuaweiWifiWatch expire 29 lines
11-21 19:21:15.622   704   777 I chatty  : uid=1000(system) /system/bin/displayservice expire 4 lines
11-21 19:21:15.773  2438  2471 D HicomNf_c_to_java: Detach Current Thread
11-21 19:21:15.773  2438  2471 I nStackXDFinder: NotifyDeviceFound:[832] :finish to notify device found
11-21 19:21:16.210  2438  2471 I nStackXCoAP: CoapServiceDiscoverTimerHandle:[663] :the 6 times for device discover.
11-21 19:21:16.226  2438  2471 E nStackXCoAP: ParseExtendServiceDataJsonData:[288] :Cannot get service data
11-21 19:21:16.715  2438  2471 I nStackXCoAP: CoapServiceDiscoverTimerHandle:[663] :the 7 times for device discover.
11-21 19:21:16.754  2438  2471 E nStackXCoAP: ParseExtendServiceDataJsonData:[288] :Cannot get service data
11-21 19:21:17.219  2438  2471 I nStackXCoAP: CoapServiceDiscoverTimerHandle:[663] :the 8 times for device discover.
11-21 19:21:17.236  2438  2471 E nStackXCoAP: ParseExtendServiceDataJsonData:[288] :Cannot get service data
11-21 19:21:17.569  1778  1980 I chatty  : uid=1000(system) AlarmManager expire 3 lines
11-21 19:21:17.576  4468  4468 I PushLog110112306: [main-1]action is com.huawei.push.alarm.HEARTBEAT
11-21 19:21:17.582  4468  4549 I PushLog110112306: [ReceiverDispatcher-203]heartbeatArrive, send heart beat
11-21 19:21:17.582  4468  4549 I PushLog110112306: [ReceiverDispatcher-203]enter AlarmTools:setExactAlarm(action:com.huawei.android.push.intent.HEARTBEAT_RSP_TIMEOUT interval:10000ms
