12-22 12:25:07.989  4496  4496 V ShadeControllerImpl: NotificationShadeWindow: com.android.systemui.statusbar.phone.NotificationShadeWindowView{219c5db V.E...... ........ 0,0-1080,2400} canPanelBeCollapsed(): false
12-22 12:25:07.990  4496  4496 I OneHandedController: stopOneHanded mState=STATE_NONE, uiEvent=ONE_HANDED_TRIGGER_APP_TAPS_OUT
12-22 12:25:07.993  9868  9868 D Launcher.Lifecycle: onPause:UserHandle{0},77bb0e6,true
12-22 12:25:07.993  9868  9868 D Launcher_UnlockAnimationStateMachine: setState:PAUSE_WAIT
12-22 12:25:07.995 20304 20444 D IdProviderImpl: getOAID from com.miui.analytics
12-22 12:25:07.995  5996  6024 D LauncherOverlay: setActivityState:1
12-22 12:25:07.995  5996  5996 D LauncherOverlay.Window: onPause
12-22 12:25:07.998  2475  4722 D PerfImpl: perfWarmLaunchBoost: com.miui.gallery, -1, 1
12-22 12:25:07.998  1267  1540 E ANDR-PERF-OPTSHANDLER: Perflock resource /sys/class/devfreq/soc:qcom,cpubw/max_freq not supported
12-22 12:25:07.998  1267  1540 E ANDR-PERF-RESOURCEQS: Failed to apply optimization [6, 6]
12-22 12:25:07.998  1267  1540 E ANDR-PERF-OPTSHANDLER: Perflock resource /sys/class/devfreq/soc:qcom,cpubw/min_freq not supported
12-22 12:25:07.998  1267  1540 E ANDR-PERF-RESOURCEQS: Failed to apply optimization [6, 0]
12-22 12:25:07.998  1267  1540 E ANDR-PERF-OPTSHANDLER: Perflock resource /sys/class/devfreq/soc:qcom,cpu0-llcc-ddr-lat/min_freq not supported
12-22 12:25:07.998  1267  1540 E ANDR-PERF-RESOURCEQS: Failed to apply optimization [13, 12]
12-22 12:25:07.998  2475  4722 D PerfImpl: perfAnimBoost: com.miui.gallery
12-22 12:25:07.999  2475  4722 D PerfImpl: perfColdLaunchBoost: com.miui.gallery, 32044, 102
12-22 12:25:08.016  9868 10737 D TaskStackChangeListeners: onTaskDisplayChanged =  taskId = 350 newDisplayId = 0
12-22 12:25:08.017  1131  4325 E traffic : traffic monitor has been disabled or argment error.
12-22 12:25:08.021  1251  2448 I vendor.qti.hardware.display.composer-service: FrameNotifyProcess Sensor: notify citsensorservice to trigger cwb
12-22 12:25:08.021  2027  2096 I libcitsensorservice@2.0-impl: msg_transfer
12-22 12:25:08.022  2027  3266 D vendor.xiaomi.sensor.citsensorservice@2.0-service: handle id:10 wxh:1280x2400 uwxuh:1080x2400 size: 9216000 fd:15 fd_meta:16 flags:0x4000228 usage:0x33  format:0x3 layer_count: 1
12-22 12:25:08.022  1251  2216 I SDM     : HWCSession::SetCWBOutputBuffer: CWB config passed by cwb_client : tappoint 1  CWB_ROI : (829.000000 4.000000 915.000000 90.000000)
12-22 12:25:08.023  1251  3611 I SDM     : HWCSession::ProcessRequests: Successfully configured CWB buffer.
12-22 12:25:08.028  4176  4247 D HomeWallpaperRenderer: OFFSET  x: 0.0  y: 0.0
12-22 12:25:08.028  4176  4881 W OpenGLRenderer: Surface doesn't have any previously queued frames, nothing to readback from
12-22 12:25:08.030  1251  3611 I SDM     : HWCSession::ProcessRequests: Pushing release fence in fenece wait queue.
12-22 12:25:08.030  1251  3611 I SDM     : HWCSession::ProcessRequests: Creating AsyncFenceWaits async thread.
12-22 12:25:08.030  1251  3611 I SDM     : HWCSession::ProcessRequests: Remove current CWB request from the pending request queue.
12-22 12:25:08.030  1251  3611 I SDM     : HWCSession::ProcessRequests: No pending cwb requests found in the queue.
12-22 12:25:08.034  4496  4496 I OneHandedController: stopOneHanded mState=STATE_NONE, uiEvent=ONE_HANDED_TRIGGER_APP_TAPS_OUT
12-22 12:25:08.034 32044 32158 D AppScoutStateMachine: 32044-ScoutStateMachinecreated
12-22 12:25:08.035  1251  1467 I SDM     : HWDeviceDRM::SetupConcurrentWriteback: Tear down the Concurrent Writeback topology
12-22 12:25:08.035  9868  9868 D Launcher.Lifecycle: onWindowFocusChanged:false,UserHandle{0},77bb0e6,true
12-22 12:25:08.035  9868  9868 D DecorView[Launcher]: onWindowFocusChanged hasWindowFocus false
12-22 12:25:08.040  4176  4247 D HomeWallpaperRenderer: OFFSET  x: 0.0  y: 0.0
12-22 12:25:08.040  4176  4881 W OpenGLRenderer: Surface doesn't have any previously queued frames, nothing to readback from
12-22 12:25:08.044  1251  3613 I SDM     : HWCSession::NotifyCWBStatus: Notify the client about buffer status 0.
12-22 12:25:08.044  1251  3613 I SDM     : HWCSession::PerformFenceWaits: Remove current release fence from the pending fence wait queue.
12-22 12:25:08.044  1251  3613 I SDM     : HWCSession::PerformFenceWaits: CWB fence queue is empty. No pending release fence to wait on.
12-22 12:25:08.045  4496  4496 W TouchableRegionManager: onHeadsUpPinnedModeChanged
12-22 12:25:08.045  4176  4247 D HomeWallpaperRenderer: OFFSET  x: 0.0  y: 0.0
12-22 12:25:08.045  4176  4881 W OpenGLRenderer: Surface doesn't have any previously queued frames, nothing to readback from
12-22 12:25:08.046  4496  4496 D NotificationFilterController: filter group summary suppressed key=0|com.miui.securitycenter|2147483647|ranker_group|1000|ranker_group
12-22 12:25:08.050  4496  4496 D NotificationFilterController: filter group summary suppressed key=0|com.android.browser|-1010951121|null|10077
12-22 12:25:08.050  4496  4496 D NotificationFilterController: filter group summary suppressed key=0|com.quark.browser|1893866727|null|10253
12-22 12:25:08.050  4496  4496 D NotificationFilterController: filter group summary suppressed key=0|com.miui.screenrecorder|2147483647|ranker_group|1000|ranker_group
12-22 12:25:08.052  4176  4247 D HomeWallpaperRenderer: OFFSET  x: 0.0  y: 0.0
12-22 12:25:08.052  4176  4881 W OpenGLRenderer: Surface doesn't have any previously queued frames, nothing to readback from
12-22 12:25:08.054  4496  4496 I OneHandedController: stopOneHanded mState=STATE_NONE, uiEvent=ONE_HANDED_TRIGGER_APP_TAPS_OUT
12-22 12:25:08.062  9868 10737 D AppObserver: ForegroundInfo{mForegroundPackageName='com.miui.gallery', mForegroundUid=10221, mForegroundPid=32044, mLastForegroundPackageName='com.miui.home', mLastForegroundUid=10079, mLastForegroundPid=9868, mMultiWindowForegroundPackageName='com.miui.gallery', mMultiWindowForegroundUid=10221, mFlags=0}
12-22 12:25:08.062  7579  7617 I GST     : forePkg: com.miui.gallery, preForePkg: com.miui.home
12-22 12:25:08.062  6206  7182 D ThermalIECHandler: IECAll48Allowed: false; IECMonitorAllowed: false; IECTestState: false
12-22 12:25:08.062  5773  5791 I SLM-SRV-SLAToast: foreground uid:10221, isColdStart:false, isLinkTurboEnable:false
12-22 12:25:08.062  6206  7200 I ThermalInfoCollector: collectForgroundAppsInfo: com.miui.home
12-22 12:25:08.062  6171  6258 I ProcessMonitor: onForegroundInfoChanged: ForegroundInfo{mForegroundPackageName='com.miui.gallery', mForegroundUid=10221, mForegroundPid=32044, mLastForegroundPackageName='com.miui.home', mLastForegroundUid=10079, mLastForegroundPid=9868, mMultiWindowForegroundPackageName='com.miui.gallery', mMultiWindowForegroundUid=10221, mFlags=0}
12-22 12:25:08.062 25677 25691 D AutoInstallService: onForegroundInfoChanged: com.miui.gallery
12-22 12:25:08.063  6171  6258 I GameBoosterService: onForegroundInfoChanged: Cur=com.miui.gallery	 last=com.miui.home
12-22 12:25:08.064  6206  7150 D LS-ForegroundStatusManager: handleMessage ForegroundInfoChanged. pkg = com.miui.gallery, uid = 10221, mCurrentForegroundUid = 10079
12-22 12:25:08.067  6206  7150 D LS-ForegroundStatusManager: onForegroundChanged mCurrentForegroundUid = 10079, new uid = 10221
12-22 12:25:08.068  6206  7117 D BL-BatteryLifeChecker:  onMessage. what = -10
12-22 12:25:08.068  6206  7117 D BL-BatteryLifeChecker:  onMessage. Foreground uid = 10079, isForeground = false
12-22 12:25:08.068  6206  7117 D BL-BatteryLifeChecker:  onMessage. what = -10
12-22 12:25:08.068  6206  7117 D BL-BatteryLifeChecker:  onMessage. Foreground uid = 10221, isForeground = true
12-22 12:25:08.069  6206 10185 D PerfEngineController: ForegroundInfo{mForegroundPackageName='com.miui.gallery', mForegroundUid=10221, mForegroundPid=32044, mLastForegroundPackageName='com.miui.home', mLastForegroundUid=10079, mLastForegroundPid=9868, mMultiWindowForegroundPackageName='com.miui.gallery', mMultiWindowForegroundUid=10221, mFlags=0}
12-22 12:25:08.073  6206  7182 I ThermalSwitchHandler: writeThermalId success id=12
12-22 12:25:08.077  4176  4881 W OpenGLRenderer: Surface doesn't have any previously queued frames, nothing to readback from
12-22 12:25:08.077  4176  4247 D HomeWallpaperRenderer: OFFSET  x: 0.0  y: 0.0
12-22 12:25:08.085  6206  7182 D ThermalIECHandler: storeDataStyle: thermal_iec_monitor_persistence_data_style_iec_state; startIECTime: -1; IECScreenOffOverPeriodTime: 1410825231
12-22 12:25:08.086  6206  7182 I DisplayStandardVideoHandler: platform_set_standard_video_state value=5
12-22 12:25:08.093  1328  1328 D DisplayFeatureHal: setFeatureEnable displayId = 0, FeatureId=ACTIVE_APP_STATE modeId=5 cookie=255
12-22 12:25:08.094  1328  1328 D DisplayFeatureHal: setWCGState current wcg state 0, setting to 0
12-22 12:25:08.094  1328  1328 D DisplayFeatureHal: notifySFWcgState enable = 0
12-22 12:25:08.095  1328  2237 D DisplayEffect: onMessageReceived ACTIVE_APP 1094931521
12-22 12:25:08.095  1328  2237 D DisplayFeatureHal: HandleActiveApp current active app 5
12-22 12:25:08.096  6206  7182 D ThermalIECHandler: storeDataStyle: thermal_iec_monitor_persistence_data_style_iec_state; startIECTime: -1; IECScreenOffOverPeriodTime: 1410825231
12-22 12:25:08.100  6171  6258 D GameBoosterService: onGameStatusChange foreground:ForegroundInfo{mForegroundPackageName='com.miui.gallery', mForegroundUid=10221, mForegroundPid=32044, mLastForegroundPackageName='com.miui.home', mLastForegroundUid=10079, mLastForegroundPid=9868, mMultiWindowForegroundPackageName='com.miui.gallery', mMultiWindowForegroundUid=10221, mFlags=0}
12-22 12:25:08.100  6171  6258 I VideoBoxUtils: isSupportVideoBox: true
12-22 12:25:08.100  4176  4881 W OpenGLRenderer: Surface doesn't have any previously queued frames, nothing to readback from
12-22 12:25:08.101  9868 10229 D Launcher.Boost: bindcore 29
12-22 12:25:08.102 20304 20444 D IdProviderImpl: getOAID from com.miui.analytics
12-22 12:25:08.103  4176  4247 D HomeWallpaperRenderer: OFFSET  x: 0.0  y: 0.0
12-22 12:25:08.114  9868 10058 D StatusBarController: handleMessage: flag 800000  disable false
12-22 12:25:08.114  9868  9868 D Launcher_WallpaperUtils: changeStatusBarMode:false
12-22 12:25:08.121  2475  4827 I WindowManagerService: Physical orientation applied, rotation=0 sfOrientation=ORIENTATION_0
12-22 12:25:08.126  4496  4496 D StatusBar: disable<e i a s b h r c!s > disable2<q i n >
12-22 12:25:08.126  4496  4496 D CollapsedStatusBarFragment: adjustDisableFlags: mStatusBarView.getState() = 0 mHideIconsForBouncer = false mWereIconsJustHidden = false, mWakeUpCoordinator.getNotificationsFullyHidden = false, mIsExpanded = false, mBypassController.getBypassEnabled = false, mStatusBarStateController.getState() = 0, mKeyguardStateController.isKeyguardGoingAway() = false, mHeadsUpManager.hasPinnedHeadsUp = false, mIsLaunchAnimationRunning = false, mHideIconsDuringLaunchAnimation = true, isFullWidth()true, mShowIconsWhenExpanded = true, mControlPanelExpand = false
12-22 12:25:08.138  2475  4661 I WindowManagerService: Physical orientation applied, rotation=0 sfOrientation=ORIENTATION_0
12-22 12:25:08.142  4176  4247 D HomeWallpaperRenderer: OFFSET  x: 0.0  y: 0.0
12-22 12:25:08.142  4176  4881 W OpenGLRenderer: Surface doesn't have any previously queued frames, nothing to readback from
12-22 12:25:08.145  4496  4496 W RenderThread: type=1400 audit(0.0:121320): avc: denied { read write } for name="metis" dev="tmpfs" ino=820 scontext=u:r:system_app:s0 tcontext=u:object_r:migt_dev:s0 tclass=chr_file permissive=0
12-22 12:25:08.160  2475  4680 I WindowManagerService: Physical orientation applied, rotation=0 sfOrientation=ORIENTATION_0
12-22 12:25:08.160  6171  6258 I VideoToolBoxService: splitMode: onfalse
12-22 12:25:08.160  6171  6258 I VideoToolBoxService: onForegroundInfoChanged: Exit Vtb
12-22 12:25:08.162  6171  6258 W ContextImpl: Calling a method in the system process without a qualified user: android.app.ContextImpl.startService:1827 android.content.ContextWrapper.startService:786 e.d.d.n.k.b:39 e.d.d.n.k$c.onForegroundInfoChanged:21 com.miui.gamebooster.mutiwindow.h$a.onForegroundInfoChanged:152
12-22 12:25:08.181  2475  3650 I MiuiNetworkPolicy: force mThermalForceMode = 1
12-22 12:25:08.182  2475  3650 I MiuiNetworkPolicy: thermal networkPriorityMode = 2 mNetworkPriorityMode =1 mWifiConnected=true
12-22 12:25:08.192  2475  4635 I SmartPower.com.miui.gallery/10221(32044): invisible->visible(250ms) R(become visible) adj=0.
12-22 12:25:08.192  2475  3758 I SmartPower: com.miui.gallery/10221 state=background adj=0 proc size=1 move to foreground become visible
12-22 12:25:08.196  9868 10210 E Launcher.Transfer: transfer is closed
12-22 12:25:08.207  9868 10737 E LauncherAnimationRunner: onAnimationStart
12-22 12:25:08.207  9868 10737 E LauncherAnimationRunner: onAnimationStart:   mode=1   taskId=2   isTranslucent=false
12-22 12:25:08.207  9868 10737 E LauncherAnimationRunner: onAnimationStart:   mode=0   taskId=350   isTranslucent=false
12-22 12:25:08.207  9868  9868 E QuickstepAppTransitionManagerImpl: startIconLaunchAnimator:launcherClosing=true   iconLoc=Rect(331, 1058 - 503, 1230)
12-22 12:25:08.207  9868  9868 E QuickstepAppTransitionManagerImpl: startOpeningWindowAnimators:iconLoc=Rect(331, 1058 - 503, 1230)
12-22 12:25:08.208  9868  9868 E ClipAnimationHelper: updateSourceStack  mSourceInsets=Rect(0, 104 - 0, 44), mSourceStackBounds=Rect(0, 0 - 1080, 2400)
12-22 12:25:08.208  9868  9868 E ClipAnimationHelper: updateHomeStack  mSourceInsets=Rect(0, 104 - 0, 44), mHomeStackBounds=Rect(0, 0 - 1080, 2400)
12-22 12:25:08.208  9868  9868 E ClipAnimationHelper: updateTargetRect  mSourceRect=RectF(0.0, 104.0, 1080.0, 2504.0)   mTargetRect=RectF(0.0, 0.0, 1080.0, 2400.0)   mSourceWindowClipInsets=RectF(0.0, 104.0, 0.0, 0.0)   mHomeStackBounds=Rect(0, 0 - 1080, 2400)   targetRect=Rect(0, 0 - 1080, 2400)
12-22 12:25:08.208  2475  3752 D SchedBoost: startBoostInternal 2000
12-22 12:25:08.208  2475  3752 D SchedBoost: ready to boost
12-22 12:25:08.208  9868  9868 I QuickstepAppTransitionManagerImpl: startOpeningWindowAnimators, currentDisplayRotation=0, homeRotation=0, startRectF=RectF(337.0, 1064.0, 497.0, 1224.0), endRectF=RectF(0.0, 0.0, 1080.0, 2400.0), startRadius = 243.0, endRadius = 90.0, isUseTranslucentAnim = false
12-22 12:25:08.208  9868  9868 E QuickstepAppTransitionManagerImpl: startLauncherContentAnimator:isAppOpening=true
12-22 12:25:08.208  2475  3752 D SchedBoost: startBoostInternal 2000
12-22 12:25:08.208  2475  3752 D SchedBoost: ready to boost
12-22 12:25:08.209  1267  1540 E ANDR-PERF-OPTSHANDLER: checkAlreadySetCpuset: fopen failed, errno Permission denied, trying pgid as pid to check
12-22 12:25:08.209  9868 11169 W FloatingIconLayer: getFloatingIconLayer
12-22 12:25:08.212  9868 11169 W FloatingIconLayer: drawIcon
12-22 12:25:08.209  9868  9868 W RenderThread: type=1400 audit(0.0:121321): avc: denied { read write } for name="metis" dev="tmpfs" ino=820 scontext=u:r:platform_app:s0:c512,c768 tcontext=u:object_r:migt_dev:s0 tclass=chr_file permissive=0 app=com.miui.home
12-22 12:25:08.219  2475  4722 W ProcessStats: Tracking association SourceState{e489c9e android.process.mediaUI/10243 BTopFgs #321463} whose proc state 2 is better than process ProcessState{808d5ba android.process.media/10059 pkg=com.android.providers.downloads (sub)} proc state 3 (85 skipped)
12-22 12:25:08.222 32044 32044 E MiuiMultiWindowUtils: initFreeFormResolutionArgs failed, device is ziyi
12-22 12:25:08.223 32044 32044 D IS_CTS_MODE: true
12-22 12:25:08.223 32044 32044 D MULTI_WINDOW_SWITCH_ENABLED: false
12-22 12:25:08.223  4176  4247 D HomeWallpaperRenderer: OFFSET  x: 0.0  y: 0.0
12-22 12:25:08.224 32044 32044 D IS_CTS_MODE: true
12-22 12:25:08.224 32044 32044 D MULTI_WINDOW_SWITCH_ENABLED: false
12-22 12:25:08.224  4176  4881 W OpenGLRenderer: Surface doesn't have any previously queued frames, nothing to readback from
12-22 12:25:08.226  5652 10224 W MiuiPerfServiceClient: interceptAndQueuing:9868|com.miui.home|84|64|586612384049712|Slow main thread|2
12-22 12:25:08.229  9868 10737 D RecentsModel: onTaskStackChangedBackground
12-22 12:25:08.230  9868 10982 D RecentsModel: onTaskStackChangedBackground    MSG_TASK_STACK_CHANGE
12-22 12:25:08.230  9868 10982 D RecentsModel: preloadRecents
12-22 12:25:08.230  9868 10982 W RecentsModel: getRunningTask
12-22 12:25:08.230  6171 16293 I SCTaskStackListener: onTaskStackChanged! inSplit = false
12-22 12:25:08.232  6206 10185 I MultiScreenObserver: onTaskStackChanged, splitScreenMode: false isCameraFloat: false isSmallScreen: false
12-22 12:25:08.233  9868 10982 W RecentsModel: getRunningTask   taskInfo=TaskInfo{userId=0 pcFlags:0 taskId=350 displayId=0 isRunning=true baseIntent=Intent { act=android.intent.action.MAIN cat=[android.intent.category.LAUNCHER] flg=0x10200000 cmp=com.miui.gallery/.activity.HomePageActivity } baseActivity=ComponentInfo{com.miui.gallery/com.miui.gallery.activity.HomePageActivity} topActivity=ComponentInfo{com.miui.gallery/com.miui.gallery.activity.HomePageActivity} origActivity=null realActivity=ComponentInfo{com.miui.gallery/com.miui.gallery.activity.HomePageActivity} numActivities=1 lastActiveTime=1415958700 supportsSplitScreenMultiWindow=true supportsMultiWindow=true resizeMode=2 isResizeable=true token=WCT{android.window.IWindowContainerToken$Stub$Proxy@94e6a50} topActivityType=1 pictureInPictureParams=PictureInPictureParams( aspectRatio=null sourceRectHint=null hasSetActions=false isAutoPipEnabled=false isSeamlessResizeEnabled=true) displayCutoutSafeInsets=null topActivityInfo=ActivityInfo{4a7d449 com.miui.gallery.activity.HomePageActivity} launchCookies=[] positionInParent=Point(0, 0) parentTaskId=-1 isFocused=false isVisible=true topActivityInSizeCompat=false topActivityInMiuiSizeCompat=false locusId= null windowMode=0}
12-22 12:25:08.233  9868 10982 W RecentsModel: getTaskInfoIgnoreHomeAndFreeform   taskInfo=ComponentInfo{com.miui.gallery/com.miui.gallery.activity.HomePageActivity}
12-22 12:25:08.234  9868 10982 E ActivityManagerWrapper: get all recent tasks force including 350
12-22 12:25:08.238 32044 32044 D DecorView[]: getWindowModeFromSystem  windowmode is 1
12-22 12:25:08.238  6171 21901 I SCTaskStackListener: onTaskStackChanged! inSplit = false
12-22 12:25:08.243  4176  4881 W OpenGLRenderer: Surface doesn't have any previously queued frames, nothing to readback from
12-22 12:25:08.244  4176  4881 W OpenGLRenderer: Surface doesn't have any previously queued frames, nothing to readback from
12-22 12:25:08.244  4176  4247 D HomeWallpaperRenderer: OFFSET  x: 0.0  y: 0.0
12-22 12:25:08.244  4176  4247 D HomeWallpaperRenderer: OFFSET  x: 0.0  y: 0.0
12-22 12:25:08.247  4176  4247 D HomeWallpaperRenderer: OFFSET  x: 0.0  y: 0.0
12-22 12:25:08.249  4176  4881 W OpenGLRenderer: Surface doesn't have any previously queued frames, nothing to readback from
12-22 12:25:08.249  9868 10982 E ActivityManagerWrapper: getRecentTasks: size=4
12-22 12:25:08.249  9868 10982 E ActivityManagerWrapper: getRecentTasks: taskId=350   userId=0   baseIntent=Intent { act=android.intent.action.MAIN cat=[android.intent.category.LAUNCHER] flg=0x10200000 cmp=com.miui.gallery/.activity.HomePageActivity }
12-22 12:25:08.249  9868 10982 E ActivityManagerWrapper: getRecentTasks: taskId=349   userId=0   baseIntent=Intent { act=android.intent.action.MAIN cat=[android.intent.category.LAUNCHER] flg=0x10200000 cmp=cn.missevan/.activity.MainActivity }
12-22 12:25:08.249  9868 10982 E ActivityManagerWrapper: getRecentTasks: taskId=322   userId=0   baseIntent=Intent { act=android.settings.APPLICATION_DETAILS_SETTINGS dat=package:cn.missevan flg=0x10008000 cmp=com.android.settings/.applications.InstalledAppDetails }
12-22 12:25:08.249  9868 10982 E ActivityManagerWrapper: getRecentTasks: taskId=302   userId=0   baseIntent=Intent { act=android.intent.action.MAIN cat=[android.intent.category.LAUNCHER] flg=0x10200000 cmp=com.android.settings/.MainSettings }
12-22 12:25:08.250  4176  4881 W OpenGLRenderer: Surface doesn't have any previously queued frames, nothing to readback from
12-22 12:25:08.252  4176  4247 D HomeWallpaperRenderer: OFFSET  x: 0.0  y: 0.0
12-22 12:25:08.260  4176  4881 W OpenGLRenderer: Surface doesn't have any previously queued frames, nothing to readback from
12-22 12:25:08.260  4176  4247 D HomeWallpaperRenderer: OFFSET  x: 0.0  y: 0.0
12-22 12:25:08.261  4176  4881 W OpenGLRenderer: Surface doesn't have any previously queued frames, nothing to readback from
12-22 12:25:08.261  4176  4247 D HomeWallpaperRenderer: OFFSET  x: 0.0  y: 0.0
12-22 12:25:08.263  4176  4247 D HomeWallpaperRenderer: OFFSET  x: 0.0  y: 0.0
12-22 12:25:08.263  4176  4881 W OpenGLRenderer: Surface doesn't have any previously queued frames, nothing to readback from
12-22 12:25:08.265  4176  4247 D HomeWallpaperRenderer: OFFSET  x: 0.0  y: 0.0
12-22 12:25:08.266  4176  4881 W OpenGLRenderer: Surface doesn't have any previously queued frames, nothing to readback from
12-22 12:25:08.271  4176  4881 W OpenGLRenderer: Surface doesn't have any previously queued frames, nothing to readback from
12-22 12:25:08.271  4176  4247 D HomeWallpaperRenderer: OFFSET  x: 0.0  y: 0.0
12-22 12:25:08.273  4176  4247 D HomeWallpaperRenderer: OFFSET  x: 0.0  y: 0.0
12-22 12:25:08.275  4176  4881 W OpenGLRenderer: Surface doesn't have any previously queued frames, nothing to readback from
12-22 12:25:08.276  4176  4881 W OpenGLRenderer: Surface doesn't have any previously queued frames, nothing to readback from
12-22 12:25:08.278  4176  4247 D HomeWallpaperRenderer: OFFSET  x: 0.0  y: 0.0
12-22 12:25:08.279  4176  4247 D HomeWallpaperRenderer: OFFSET  x: 0.0  y: 0.0
12-22 12:25:08.280  4176  4881 W OpenGLRenderer: Surface doesn't have any previously queued frames, nothing to readback from
12-22 12:25:08.282  2027  3285 D libsensor-displayalgo: the value of  brightness:384.000000,R:49400229.804449,G:48784901.533832,B:45294623.830247,EVENT_C:3500.000000,EVENT_R:1544.000000,EVENT_G:1849.000000,EVENT_B:795.000000
12-22 12:25:08.282  2027  3285 I libsensor-displayalgo: the value of  Coef1:1107.681000,Coef4:2.383000, scale1:0.935522, scale4:0.923264
12-22 12:25:08.282  2027  3285 E libsensor-displayalgo: RGB_test_0407_400_oldzy!
12-22 12:25:08.282  2027  3285 I libsensor-displayalgo: the value of  RESULT2099.771008,827.352456,1043.636352,371.057531
12-22 12:25:08.282  2027  3285 I libsensor-displayalgo: the value of  getChannelDataCalibrated2192.728611,767.234745,1205.578502,401.920086
12-22 12:25:08.282  2027  3285 I libsensor-displayalgo: the value of  REAL LUX60.318275
12-22 12:25:08.282  2027  3285 I libsensor-displayalgo: the value of  CAL REAL LUX60.318275
12-22 12:25:08.284  4176  4247 D HomeWallpaperRenderer: OFFSET  x: 0.0  y: 0.0
12-22 12:25:08.284  4176  4881 W OpenGLRenderer: Surface doesn't have any previously queued frames, nothing to readback from
12-22 12:25:08.286  9868 11169 W FloatingIconLayer: release
12-22 12:25:08.290  4176  4247 D HomeWallpaperRenderer: OFFSET  x: 0.0  y: 0.0
12-22 12:25:08.290  4176  4881 W OpenGLRenderer: Surface doesn't have any previously queued frames, nothing to readback from
12-22 12:25:08.293  9868  9868 D Launcher_UnlockAnimationStateMachine: mResetIdleStateRunnable
12-22 12:25:08.294  4176  4881 W OpenGLRenderer: Surface doesn't have any previously queued frames, nothing to readback from
12-22 12:25:08.300  4176  4247 D HomeWallpaperRenderer: OFFSET  x: 0.0  y: 0.0
12-22 12:25:08.301  4176  4247 D HomeWallpaperRenderer: OFFSET  x: 0.0  y: 0.0
12-22 12:25:08.302  4176  4881 W OpenGLRenderer: Surface doesn't have any previously queued frames, nothing to readback from
12-22 12:25:08.303  4176  4881 W OpenGLRenderer: Surface doesn't have any previously queued frames, nothing to readback from
12-22 12:25:08.303  4176  4247 D HomeWallpaperRenderer: OFFSET  x: 0.0  y: 0.0
12-22 12:25:08.306  9868 10103 W TaskResourceLoader: callObjectMethod
12-22 12:25:08.306  9868 10103 W TaskResourceLoader: java.lang.IllegalArgumentException: width and height must be > 0
12-22 12:25:08.306  9868 10103 W TaskResourceLoader: 	at android.graphics.Bitmap.createBitmap(Bitmap.java:1111)
12-22 12:25:08.306  9868 10103 W TaskResourceLoader: 	at android.graphics.Bitmap.createBitmap(Bitmap.java:1078)
12-22 12:25:08.306  9868 10103 W TaskResourceLoader: 	at android.graphics.Bitmap.createBitmap(Bitmap.java:1028)
12-22 12:25:08.306  9868 10103 W TaskResourceLoader: 	at android.graphics.Bitmap.createBitmap(Bitmap.java:989)
12-22 12:25:08.306  9868 10103 W TaskResourceLoader: 	at com.android.systemui.shared.recents.utilities.Graphics.scaleBitmap(Graphics.java:166)
12-22 12:25:08.306  9868 10103 W TaskResourceLoader: 	at com.android.systemui.shared.recents.model.BackgroundTaskLoader.run(RecentsTaskLoader.java:197)
12-22 12:25:08.306  9868 10103 W TaskResourceLoader: 	at android.os.Handler.handleCallback(Handler.java:938)
12-22 12:25:08.306  9868 10103 W TaskResourceLoader: 	at android.os.Handler.dispatchMessage(Handler.java:99)
12-22 12:25:08.306  9868 10103 W TaskResourceLoader: 	at android.os.Looper.loopOnce(Looper.java:211)
12-22 12:25:08.306  9868 10103 W TaskResourceLoader: 	at android.os.Looper.loop(Looper.java:300)
12-22 12:25:08.306  9868 10103 W TaskResourceLoader: 	at android.os.HandlerThread.run(HandlerThread.java:67)
12-22 12:25:08.311  4176  4881 W OpenGLRenderer: Surface doesn't have any previously queued frames, nothing to readback from
12-22 12:25:08.311  4176  4247 D HomeWallpaperRenderer: OFFSET  x: 0.0  y: 0.0
12-22 12:25:08.317 32044 32044 D CompatibilityChangeReporter: Compat change id reported: 171228096; UID 10221; state: ENABLED
12-22 12:25:08.319  4176  4247 D HomeWallpaperRenderer: OFFSET  x: 0.0  y: 0.0
12-22 12:25:08.322  1251  2448 I vendor.qti.hardware.display.composer-service: FrameNotifyProcess Sensor: notify citsensorservice to trigger cwb
12-22 12:25:08.324  4176  4881 W OpenGLRenderer: Surface doesn't have any previously queued frames, nothing to readback from
12-22 12:25:08.325  2027  2027 I libcitsensorservice@2.0-impl: msg_transfer
12-22 12:25:08.325  2027  3266 D vendor.xiaomi.sensor.citsensorservice@2.0-service: handle id:10 wxh:1280x2400 uwxuh:1080x2400 size: 9216000 fd:15 fd_meta:16 flags:0x4000228 usage:0x33  format:0x3 layer_count: 1
12-22 12:25:08.326  1251  2216 I SDM     : HWCSession::SetCWBOutputBuffer: CWB config passed by cwb_client : tappoint 1  CWB_ROI : (829.000000 4.000000 915.000000 90.000000)
12-22 12:25:08.327  1251  3617 I SDM     : HWCSession::ProcessRequests: Successfully configured CWB buffer.
12-22 12:25:08.333  4176  4881 W OpenGLRenderer: Surface doesn't have any previously queued frames, nothing to readback from
12-22 12:25:08.333  4176  4247 D HomeWallpaperRenderer: OFFSET  x: 0.0  y: 0.0
12-22 12:25:08.334  1251  3617 I SDM     : HWCSession::ProcessRequests: Pushing release fence in fenece wait queue.
12-22 12:25:08.334  1251  3617 I SDM     : HWCSession::ProcessRequests: Creating AsyncFenceWaits async thread.
12-22 12:25:08.334  1251  3617 I SDM     : HWCSession::ProcessRequests: Remove current CWB request from the pending request queue.
12-22 12:25:08.334  1251  3617 I SDM     : HWCSession::ProcessRequests: No pending cwb requests found in the queue.
12-22 12:25:08.335  4176  4247 D HomeWallpaperRenderer: OFFSET  x: 0.0  y: 0.0
12-22 12:25:08.335  4176  4881 W OpenGLRenderer: Surface doesn't have any previously queued frames, nothing to readback from
12-22 12:25:08.338  1251  1467 I SDM     : HWDeviceDRM::SetupConcurrentWriteback: Tear down the Concurrent Writeback topology
12-22 12:25:08.348  1251  3619 I SDM     : HWCSession::NotifyCWBStatus: Notify the client about buffer status 0.
12-22 12:25:08.348  1251  3619 I SDM     : HWCSession::PerformFenceWaits: Remove current release fence from the pending fence wait queue.
12-22 12:25:08.348  1251  3619 I SDM     : HWCSession::PerformFenceWaits: CWB fence queue is empty. No pending release fence to wait on.
12-22 12:25:08.349  4176  4881 W OpenGLRenderer: Surface doesn't have any previously queued frames, nothing to readback from
12-22 12:25:08.349  4176  4247 D HomeWallpaperRenderer: OFFSET  x: 0.0  y: 0.0
12-22 12:25:08.352  4176  4247 D HomeWallpaperRenderer: OFFSET  x: 0.0  y: 0.0
12-22 12:25:08.352  4176  4881 W OpenGLRenderer: Surface doesn't have any previously queued frames, nothing to readback from
12-22 12:25:08.362  4176  4881 W OpenGLRenderer: Surface doesn't have any previously queued frames, nothing to readback from
12-22 12:25:08.363  4176  4247 D HomeWallpaperRenderer: OFFSET  x: 0.0  y: 0.0
12-22 12:25:08.368 32044  3618 D miuix_anim: logLevel =
12-22 12:25:08.373  4176  4881 W OpenGLRenderer: Surface doesn't have any previously queued frames, nothing to readback from
12-22 12:25:08.373  4176  4247 D HomeWallpaperRenderer: OFFSET  x: 0.0  y: 0.0
12-22 12:25:08.378  4176  4881 W OpenGLRenderer: Surface doesn't have any previously queued frames, nothing to readback from
12-22 12:25:08.379  4176  4247 D HomeWallpaperRenderer: OFFSET  x: 0.0  y: 0.0
12-22 12:25:08.384  4176  4247 D HomeWallpaperRenderer: OFFSET  x: 0.0  y: 0.0
12-22 12:25:08.384  4176  4881 W OpenGLRenderer: Surface doesn't have any previously queued frames, nothing to readback from
12-22 12:25:08.384 32044 32044 I AdrenoGLES-0: QUALCOMM build                   : ab32fc8fad, Ie934a85479
12-22 12:25:08.384 32044 32044 I AdrenoGLES-0: Build Date                       : 07/28/22
12-22 12:25:08.384 32044 32044 I AdrenoGLES-0: OpenGL ES Shader Compiler Version: EV031.36.08.09
12-22 12:25:08.384 32044 32044 I AdrenoGLES-0: Local Branch                     :
12-22 12:25:08.384 32044 32044 I AdrenoGLES-0: Remote Branch                    :
12-22 12:25:08.384 32044 32044 I AdrenoGLES-0: Remote Branch                    :
12-22 12:25:08.384 32044 32044 I AdrenoGLES-0: Reconstruct Branch               :
12-22 12:25:08.384 32044 32044 I AdrenoGLES-0: Build Config                     : S P 12.1.1 AArch64
12-22 12:25:08.384 32044 32044 I AdrenoGLES-0: Driver Path                      : /vendor/lib64/egl/libGLESv2_adreno.so
12-22 12:25:08.384 32044 32044 I AdrenoGLES-0: Driver Version                   : 0615.0
12-22 12:25:08.391 32044 32044 I AdrenoGLES-0: PFP: 0x016dc109, ME: 0x00000000
12-22 12:25:08.394  4176  4247 D HomeWallpaperRenderer: OFFSET  x: 0.0  y: 0.0
12-22 12:25:08.394  4176  4881 W OpenGLRenderer: Surface doesn't have any previously queued frames, nothing to readback from
12-22 12:25:08.401  4176  4247 D HomeWallpaperRenderer: OFFSET  x: 0.0  y: 0.0
12-22 12:25:08.401  4176  4881 W OpenGLRenderer: Surface doesn't have any previously queued frames, nothing to readback from
12-22 12:25:08.411 32044 32044 D MarketSdk-MarketUpdateAgent: start to check update
12-22 12:25:08.414  4176  4881 W OpenGLRenderer: Surface doesn't have any previously queued frames, nothing to readback from
12-22 12:25:08.414  4176  4247 D HomeWallpaperRenderer: OFFSET  x: 0.0  y: 0.0
12-22 12:25:08.418  4176  4247 D HomeWallpaperRenderer: OFFSET  x: 0.0  y: 0.0
12-22 12:25:08.419  4176  4881 W OpenGLRenderer: Surface doesn't have any previously queued frames, nothing to readback from
12-22 12:25:08.427 32044 32044 W libc    : Access denied finding property "persist.vendor.EnableP3ColorSpace"
12-22 12:25:08.427  4176  4881 W OpenGLRenderer: Surface doesn't have any previously queued frames, nothing to readback from
12-22 12:25:08.427 32044 32044 D class com.miui.gallery.activity.HomePageActivity: isWCGEnabled == false
12-22 12:25:08.429  4176  4247 D HomeWallpaperRenderer: OFFSET  x: 0.0  y: 0.0
12-22 12:25:08.438  4176  4881 W OpenGLRenderer: Surface doesn't have any previously queued frames, nothing to readback from
12-22 12:25:08.438  4176  4247 D HomeWallpaperRenderer: OFFSET  x: 0.0  y: 0.0
12-22 12:25:08.442 20304 20444 D IdProviderImpl: getOAID from com.miui.analytics
12-22 12:25:08.442  4176  4247 D HomeWallpaperRenderer: OFFSET  x: 0.0  y: 0.0
12-22 12:25:08.443  4176  4881 W OpenGLRenderer: Surface doesn't have any previously queued frames, nothing to readback from
12-22 12:25:08.444 32044  3632 E QXPerf  : Couldn't load BLASTBufferQueue Class
12-22 12:25:08.444 32044  3632 E QXPerf  : Couldn't find UndequeuedBufferCount functions
12-22 12:25:08.448 32044 32044 D DecorView[]: getWindowModeFromSystem  windowmode is 1
12-22 12:25:08.448 32044 32044 D DecorView[]: updateDecorCaptionStatus displayWindowDecor is false
12-22 12:25:08.456  4176  4247 D HomeWallpaperRenderer: OFFSET  x: 0.0  y: 0.0
12-22 12:25:08.456  4176  4881 W OpenGLRenderer: Surface doesn't have any previously queued frames, nothing to readback from
12-22 12:25:08.457 20304 20444 D IdProviderImpl: getOAID from com.miui.analytics
12-22 12:25:08.463 20304 20444 D IdProviderImpl: getOAID from com.miui.analytics
12-22 12:25:08.465 32044 32044 W Looper  : PerfMonitor looperActivity : package=com.miui.gallery/.activity.HomePageActivity time=0ms latency=460ms running=0ms  procState=-1  historyMsgCount=1 (msgIndex=1 wall=461ms seq=452 running=167ms runnable=27ms io=63ms late=1ms h=android.app.ActivityThread$H w=159)
12-22 12:25:08.466  4176  4881 W OpenGLRenderer: Surface doesn't have any previously queued frames, nothing to readback from
12-22 12:25:08.466  4176  4247 D HomeWallpaperRenderer: OFFSET  x: 0.0  y: 0.0
12-22 12:25:08.469  4176  4881 W OpenGLRenderer: Surface doesn't have any previously queued frames, nothing to readback from
12-22 12:25:08.469  4176  4247 D HomeWallpaperRenderer: OFFSET  x: 0.0  y: 0.0
12-22 12:25:08.472  9868  9868 D RecentsImpl: mActivityStateObserver com.miui.gallery.activity.HomePageActivity
12-22 12:25:08.472  9868  9868 W RecentsImpl: onResumed className=com.miui.gallery.activity.HomePageActivity   mIsInAnotherPro=false   isKeyguardLocked=false
12-22 12:25:08.473  9868  9868 D RecentsImpl: showNavStubView
12-22 12:25:08.473  9868  9868 D NavStubView_Touch: setKeepHidden    old=false   new=false
12-22 12:25:08.473  9868 10133 W RecentsImpl: disableTouchBySwipeStatusBar    disable=false
12-22 12:25:08.473  9868 10133 D GestureStubView_Touch: disableTouchBySwipeStatusBar    old=false   new=false
12-22 12:25:08.473  9868 10133 D GestureStubView_Touch: disableTouchBySwipeStatusBar    old=false   new=false
12-22 12:25:08.473  9868 10133 W RecentsImpl: disableBackStubWindow    disableTouch=false
12-22 12:25:08.473  9868 10133 D GestureStubView_Touch: disableTouch    old=true   new=false
12-22 12:25:08.473  9868 10133 D GestureStubView_Touch: updateTouchable    old=true   new=true
12-22 12:25:08.473  9868 10133 D GestureStubView_Touch: disableTouch    old=true   new=false
12-22 12:25:08.473  9868 10133 D GestureStubView_Touch: updateTouchable    old=true   new=true
12-22 12:25:08.473  9868 10133 D RecentsImpl: showBackStubWindow  hasNavigationBar=true
12-22 12:25:08.473  9868 10133 D GestureStubView_Touch: setKeepHidden    old=true   new=false
12-22 12:25:08.473  9868 10133 D GestureStubView_Touch: updateTouchable    old=true   new=false
12-22 12:25:08.473  9868 10133 D GestureStubView_Touch:   updateTouchable---requestApplyInsets
12-22 12:25:08.473  9868 10133 W GestureStubView: adaptRotation   currentRotation=0   mRotation=0
12-22 12:25:08.473  9868 10133 D GestureStubView: resetRenderProperty: showGestureStub   isLayoutParamChanged=false
12-22 12:25:08.473  9868 10133 D GestureStubView_Touch: disableTouch    old=false   new=false
12-22 12:25:08.473  9868 10133 D GestureStubView: showGestureStub
12-22 12:25:08.473  9868 10133 D GestureStubView_Touch: setKeepHidden    old=true   new=false
12-22 12:25:08.473  9868 10133 D GestureStubView_Touch: updateTouchable    old=true   new=false
12-22 12:25:08.473  9868 10133 D GestureStubView_Touch:   updateTouchable---requestApplyInsets
12-22 12:25:08.473  9868 10133 W GestureStubView: adaptRotation   currentRotation=0   mRotation=0
12-22 12:25:08.473  9868 10133 D GestureStubView: resetRenderProperty: showGestureStub   isLayoutParamChanged=false
12-22 12:25:08.473  9868 10133 D GestureStubView_Touch: disableTouch    old=false   new=false
12-22 12:25:08.473  9868 10133 D GestureStubView: showGestureStub
12-22 12:25:08.480  4176  4247 D HomeWallpaperRenderer: OFFSET  x: 0.0  y: 0.0
12-22 12:25:08.480  4176  4881 W OpenGLRenderer: Surface doesn't have any previously queued frames, nothing to readback from
12-22 12:25:08.484  9868 10133 D GestureStubView: gatherTransparentRegion: need render w:54  h:1440
12-22 12:25:08.484  9868 10133 D GestureStubView: gatherTransparentRegion: need render w:54  h:1440
12-22 12:25:08.486 32044 32044 E DynamicRefreshRate recy: dynamic params is false
12-22 12:25:08.486 32044 32044 E DynamicRefreshRate recy: dynamic is not enable
12-22 12:25:08.487  4176  4881 W OpenGLRenderer: Surface doesn't have any previously queued frames, nothing to readback from
12-22 12:25:08.488  4176  4247 D HomeWallpaperRenderer: OFFSET  x: 0.0  y: 0.0
12-22 12:25:08.541  4176  4247 D HomeWallpaperRenderer: OFFSET  x: 0.0  y: 0.0
12-22 12:25:08.541  4176  4881 W OpenGLRenderer: Surface doesn't have any previously queued frames, nothing to readback from
12-22 12:25:08.541  4176  4247 D HomeWallpaperRenderer: OFFSET  x: 0.0  y: 0.0
12-22 12:25:08.542  4176  4881 W OpenGLRenderer: Surface doesn't have any previously queued frames, nothing to readback from
12-22 12:25:08.542  4176  4247 D HomeWallpaperRenderer: OFFSET  x: 0.0  y: 0.0
12-22 12:25:08.542  4176  4881 W OpenGLRenderer: Surface doesn't have any previously queued frames, nothing to readback from
12-22 12:25:08.544  4176  4247 D HomeWallpaperRenderer: OFFSET  x: 0.0  y: 0.0
12-22 12:25:08.544  4176  4881 W OpenGLRenderer: Surface doesn't have any previously queued frames, nothing to readback from
12-22 12:25:08.552  4176  4247 D HomeWallpaperRenderer: OFFSET  x: 0.0  y: 0.0
12-22 12:25:08.552  4176  4881 W OpenGLRenderer: Surface doesn't have any previously queued frames, nothing to readback from
12-22 12:25:08.557  4176  4881 W OpenGLRenderer: Surface doesn't have any previously queued frames, nothing to readback from
12-22 12:25:08.558  4176  4247 D HomeWallpaperRenderer: OFFSET  x: 0.0  y: 0.0
12-22 12:25:08.569  4176  4247 D HomeWallpaperRenderer: OFFSET  x: 0.0  y: 0.0
12-22 12:25:08.570  4176  4881 W OpenGLRenderer: Surface doesn't have any previously queued frames, nothing to readback from
12-22 12:25:08.575  4176  4247 D HomeWallpaperRenderer: OFFSET  x: 0.0  y: 0.0
12-22 12:25:08.575  4176  4881 W OpenGLRenderer: Surface doesn't have any previously queued frames, nothing to readback from
12-22 12:25:08.576  5561  5833 I FuseDaemon: make_node_entry name tencent node->GetName() Tencent
12-22 12:25:08.581  2027  3285 D libsensor-displayalgo: the value of  brightness:384.000000,R:63374575.620479,G:59111436.316637,B:49827407.913046,EVENT_C:3439.500000,EVENT_R:1500.000000,EVENT_G:1826.000000,EVENT_B:775.000000
12-22 12:25:08.581  2027  3285 I libsensor-displayalgo: the value of  Coef1:1107.681000,Coef4:2.383000, scale1:0.935522, scale4:0.923264
12-22 12:25:08.581  2027  3285 E libsensor-displayalgo: RGB_test_0407_400_oldzy!
12-22 12:25:08.581  2027  3285 I libsensor-displayalgo: the value of  RESULT2416.481370,972.423056,1180.803301,421.200879
12-22 12:25:08.581  2027  3285 I libsensor-displayalgo: the value of  getChannelDataCalibrated2523.459853,901.764115,1364.029790,456.234085
12-22 12:25:08.581  2027  3285 I libsensor-displayalgo: the value of  REAL LUX37.219051
12-22 12:25:08.581  2027  3285 I libsensor-displayalgo: the value of  CAL REAL LUX37.219051
12-22 12:25:08.582  5561 30757 I FuseDaemon: make_node_entry name miui node->GetName() MIUI
12-22 12:25:08.587  4176  4247 D HomeWallpaperRenderer: OFFSET  x: 0.0  y: 0.0
12-22 12:25:08.590  4176  4881 W OpenGLRenderer: Surface doesn't have any previously queued frames, nothing to readback from
12-22 12:25:08.599  2475  5746 I WindowManagerService: Physical orientation applied, rotation=0 sfOrientation=ORIENTATION_0
12-22 12:25:08.600 20304 20444 D IdProviderImpl: getOAID from com.miui.analytics
12-22 12:25:08.602  4176  4247 D HomeWallpaperRenderer: OFFSET  x: 0.0  y: 0.0
12-22 12:25:08.602 32044 32083 I AdrenoGLES-0: QUALCOMM build                   : ab32fc8fad, Ie934a85479
12-22 12:25:08.602 32044 32083 I AdrenoGLES-0: Build Date                       : 07/28/22
12-22 12:25:08.602 32044 32083 I AdrenoGLES-0: OpenGL ES Shader Compiler Version: EV031.36.08.09
12-22 12:25:08.602 32044 32083 I AdrenoGLES-0: Local Branch                     :
12-22 12:25:08.602 32044 32083 I AdrenoGLES-0: Remote Branch                    :
12-22 12:25:08.602 32044 32083 I AdrenoGLES-0: Remote Branch                    :
12-22 12:25:08.602 32044 32083 I AdrenoGLES-0: Reconstruct Branch               :
12-22 12:25:08.602 32044 32083 I AdrenoGLES-0: Build Config                     : S P 12.1.1 AArch64
12-22 12:25:08.603 32044 32083 I AdrenoGLES-0: Driver Path                      : /vendor/lib64/egl/libGLESv2_adreno.so
12-22 12:25:08.603 32044 32083 I AdrenoGLES-0: Driver Version                   : 0615.0
12-22 12:25:08.605  4176  4881 W OpenGLRenderer: Surface doesn't have any previously queued frames, nothing to readback from
12-22 12:25:08.607 13055 13339 D MemoryCeilingMonitor: [handleMemoryCalculate]
12-22 12:25:08.608 13055 13339 D MemoryCeilingMonitor: [calculate] tot: 6051664, max: 268435456, free: 1064960, heap: 4986704, per: 0.01857692003250122
12-22 12:25:08.609  4176  4881 W OpenGLRenderer: Surface doesn't have any previously queued frames, nothing to readback from
12-22 12:25:08.612  4176  4247 D HomeWallpaperRenderer: OFFSET  x: 0.0  y: 0.0
12-22 12:25:08.614 32044 32083 I AdrenoGLES-0: PFP: 0x016dc109, ME: 0x00000000
12-22 12:25:08.616  4176  4247 D HomeWallpaperRenderer: OFFSET  x: 0.0  y: 0.0
12-22 12:25:08.617  4176  4881 W OpenGLRenderer: Surface doesn't have any previously queued frames, nothing to readback from
12-22 12:25:08.636  4176  4247 D HomeWallpaperRenderer: OFFSET  x: 0.0  y: 0.0
12-22 12:25:08.637  4176  4881 W OpenGLRenderer: Surface doesn't have any previously queued frames, nothing to readback from
12-22 12:25:08.641  4176  4247 D HomeWallpaperRenderer: OFFSET  x: 0.0  y: 0.0
12-22 12:25:08.642  1251  2216 I SDM     : HWCColorModeStc::GetColorModeCount: Supported color mode count = 3
12-22 12:25:08.642  1251  2216 I SDM     : HWCColorModeStc::GetColorModes: Color mode = 0 is supported
12-22 12:25:08.642  1251  2216 I SDM     : HWCColorModeStc::GetColorModes: Color mode = 7 is supported
12-22 12:25:08.642  1251  2216 I SDM     : HWCColorModeStc::GetColorModes: Color mode = 9 is supported
12-22 12:25:08.642  1431  2740 D MI-SF   : addDolbyVisionHdr enter hdrTypes 2
12-22 12:25:08.642  1431  2740 E MI-SF   : hdrTypes:2
12-22 12:25:08.642  1431  2740 E MI-SF   : hdrTypes:3
12-22 12:25:08.642  1431  2740 E MI-SF   : hdrTypes:4
12-22 12:25:08.643  1251  2448 I vendor.qti.hardware.display.composer-service: FrameNotifyProcess Sensor: notify citsensorservice to trigger cwb
12-22 12:25:08.643  2027  2027 I libcitsensorservice@2.0-impl: msg_transfer
12-22 12:25:08.643  2027  3266 D vendor.xiaomi.sensor.citsensorservice@2.0-service: handle id:10 wxh:1280x2400 uwxuh:1080x2400 size: 9216000 fd:15 fd_meta:16 flags:0x4000228 usage:0x33  format:0x3 layer_count: 1
12-22 12:25:08.644  1251  2216 I SDM     : HWCSession::SetCWBOutputBuffer: CWB config passed by cwb_client : tappoint 1  CWB_ROI : (829.000000 4.000000 915.000000 90.000000)
12-22 12:25:08.648  1251  3640 I SDM     : HWCSession::ProcessRequests: Successfully configured CWB buffer.
12-22 12:25:08.653  4176  4881 W OpenGLRenderer: Surface doesn't have any previously queued frames, nothing to readback from
12-22 12:25:08.654  4176  4247 D HomeWallpaperRenderer: OFFSET  x: 0.0  y: 0.0
12-22 12:25:08.654  1251  3640 I SDM     : HWCSession::ProcessRequests: Pushing release fence in fenece wait queue.
12-22 12:25:08.654  1251  3640 I SDM     : HWCSession::ProcessRequests: Creating AsyncFenceWaits async thread.
12-22 12:25:08.655  1251  3640 I SDM     : HWCSession::ProcessRequests: Remove current CWB request from the pending request queue.
12-22 12:25:08.655  1251  3640 I SDM     : HWCSession::ProcessRequests: No pending cwb requests found in the queue.
12-22 12:25:08.655  4176  4881 W OpenGLRenderer: Surface doesn't have any previously queued frames, nothing to readback from
12-22 12:25:08.659  1251  1467 I SDM     : HWDeviceDRM::SetupConcurrentWriteback: Tear down the Concurrent Writeback topology
12-22 12:25:08.665  4176  4881 W OpenGLRenderer: Surface doesn't have any previously queued frames, nothing to readback from
12-22 12:25:08.666  4176  4247 D HomeWallpaperRenderer: OFFSET  x: 0.0  y: 0.0
12-22 12:25:08.669  1251  3642 I SDM     : HWCSession::NotifyCWBStatus: Notify the client about buffer status 0.
12-22 12:25:08.669  1251  3642 I SDM     : HWCSession::PerformFenceWaits: Remove current release fence from the pending fence wait queue.
12-22 12:25:08.669  1251  3642 I SDM     : HWCSession::PerformFenceWaits: CWB fence queue is empty. No pending release fence to wait on.
12-22 12:25:08.674  2475  4680 W InputManager: Input event injection from pid 3373 failed.
12-22 12:25:08.674  3388  3419 I appium  : [586613041 (fail)] Synthesized: MotionEvent { action=ACTION_MOVE, actionButton=0, id[0]=0, x[0]=945.0, y[0]=1759.0, toolType[0]=TOOL_TYPE_FINGER, buttonState=0, classification=NONE, metaState=0, flags=0x0, edgeFlags=0x0, pointerCount=1, historySize=0, eventTime=586613041, downTime=586612039, deviceId=0, source=0x1002, displayId=0, eventId=-298950092 }
12-22 12:25:08.676  1973  2871 D BufferPoolAccessor2.0: evictor expired: 1, evicted: 0
12-22 12:25:08.689  4176  4247 D HomeWallpaperRenderer: OFFSET  x: 0.0  y: 0.0
12-22 12:25:08.689  4176  4881 W OpenGLRenderer: Surface doesn't have any previously queued frames, nothing to readback from
12-22 12:25:08.689  4176  4247 D HomeWallpaperRenderer: OFFSET  x: 0.0  y: 0.0
12-22 12:25:08.689  4176  4881 W OpenGLRenderer: Surface doesn't have any previously queued frames, nothing to readback from
12-22 12:25:08.696  2475  5741 W InputManager: Input event injection from pid 3373 failed.
12-22 12:25:08.696 32044 32054 I om.miui.galler: This is non sticky GC, maxfree is 8388608 minfree is 2097152
12-22 12:25:08.696 32044 32054 I om.miui.galler: Background concurrent copying GC freed 78979(3830KB) AllocSpace objects, 18(1260KB) LOS objects, 42% free, 32MB/56MB, paused 129us,390us total 201.974ms
12-22 12:25:08.689 32044 32044 W RenderThread: type=1400 audit(0.0:121322): avc: denied { read write } for name="metis" dev="tmpfs" ino=820 scontext=u:r:platform_app:s0:c512,c768 tcontext=u:object_r:migt_dev:s0 tclass=chr_file permissive=0 app=com.xiaomi.market
12-22 12:25:08.698  3388  3419 I appium  : [586613061 (fail)] Synthesized: MotionEvent { action=ACTION_MOVE, actionButton=0, id[0]=0, x[0]=820.38464, y[0]=1759.0, toolType[0]=TOOL_TYPE_FINGER, buttonState=0, classification=NONE, metaState=0, flags=0x0, edgeFlags=0x0, pointerCount=1, historySize=0, eventTime=586613061, downTime=586612039, deviceId=0, source=0x1002, displayId=0, eventId=-672480810 }
12-22 12:25:08.699 32044 32083 D om.miui.galler: MiuiProcessManagerServiceStub setSchedFifo
12-22 12:25:08.699 32044 32083 I MiuiProcessManagerImpl: setSchedFifo pid:32044, mode:3
12-22 12:25:08.701  4176  4247 D HomeWallpaperRenderer: OFFSET  x: 0.0  y: 0.0
12-22 12:25:08.702  9868  9868 E LauncherAnimationRunner: finish: mFinishRunnable.run
12-22 12:25:08.705  4176  4881 W OpenGLRenderer: Surface doesn't have any previously queued frames, nothing to readback from
12-22 12:25:08.722 32044 32202 I MarketSdk-MarketUpdateAgent: UpdateInfo:
12-22 12:25:08.722 32044 32202 I MarketSdk-MarketUpdateAgent: host =
12-22 12:25:08.722 32044 32202 I MarketSdk-MarketUpdateAgent: fitness = 1
12-22 12:25:08.722 32044 32202 I MarketSdk-MarketUpdateAgent: updateLog =
12-22 12:25:08.722 32044 32202 I MarketSdk-MarketUpdateAgent: versionCode = 0
12-22 12:25:08.722 32044 32202 I MarketSdk-MarketUpdateAgent: versionName =
12-22 12:25:08.722 32044 32202 I MarketSdk-MarketUpdateAgent: apkUrl =
12-22 12:25:08.722 32044 32202 I MarketSdk-MarketUpdateAgent: apkHash =
12-22 12:25:08.722 32044 32202 I MarketSdk-MarketUpdateAgent: apkSize = 0
12-22 12:25:08.722 32044 32202 I MarketSdk-MarketUpdateAgent: diffUrl =
12-22 12:25:08.722 32044 32202 I MarketSdk-MarketUpdateAgent: diffHash =
12-22 12:25:08.722 32044 32202 I MarketSdk-MarketUpdateAgent: diffSize = 0
12-22 12:25:08.722 32044 32202 I MarketSdk-MarketUpdateAgent: matchLanguage = false
12-22 12:25:08.723 32044 32083 E LB      : fail to open file: Permission denied
12-22 12:25:08.717 32044 32044 W RenderThread: type=1400 audit(0.0:121323): avc: denied { search } for name="migt" dev="dm-25" ino=378 scontext=u:r:platform_app:s0:c512,c768 tcontext=u:object_r:migt_file:s0 tclass=dir permissive=0 app=com.xiaomi.market
12-22 12:25:08.723  2475  5741 W InputManager: Input event injection from pid 3373 failed.
12-22 12:25:08.725  2475  4635 I WindowManagerService: Physical orientation applied, rotation=0 sfOrientation=ORIENTATION_0
12-22 12:25:08.726  3388  3419 I appium  : [586613090 (fail)] Synthesized: MotionEvent { action=ACTION_MOVE, actionButton=0, id[0]=0, x[0]=758.0769, y[0]=1759.0, toolType[0]=TOOL_TYPE_FINGER, buttonState=0, classification=NONE, metaState=0, flags=0x0, edgeFlags=0x0, pointerCount=1, historySize=0, eventTime=586613090, downTime=586612039, deviceId=0, source=0x1002, displayId=0, eventId=-394622313 }
12-22 12:25:08.726  2475  5746 I SmartPower.com.miui.personalassistant/10068(5996): visible->invisible(38794ms) R(become invisible) adj=100.
12-22 12:25:08.727  2475  5746 I SmartPower.com.miui.personalassistant/10068(5996): invisible->background(0ms) R(become background) adj=100.
12-22 12:25:08.727  2475  3758 I SmartPower: com.miui.personalassistant/10068 state=foreground adj=100 proc size=1 move to inactive become invisible
