12-22 12:25:05.083  2038  3547 D AudioTrack: stop(sessionID=7753)
12-22 12:25:05.083  2038  3547 D AudioTrack: stop(989): prior state:STATE_FLUSHED
12-22 12:25:05.084  8079 11222 D Avrcp_ext: AudioManager isPlaying: false, mAudioPlaybackIsActive: true, isMusiActive: false
12-22 12:25:05.084  8079 11222 D Avrcp_ext: AudioManager Reset Active Player
12-22 12:25:05.086  1191  3675 D AHAL: AudioStream: astream_out_set_parameters: 808: enter: usecase(1: low-latency-playback) kvpairs: suspend_playback=true
12-22 12:25:05.086  1191  3675 D AHAL: AudioStream: SetParameters: 2204: enter
12-22 12:25:05.086  1191  3675 I AHAL: AudioStream: SetParameters: 2213: ret 0, plugin device cont -1 stream -1
12-22 12:25:05.086  1191  3675 D AHAL: AudioStream: SetParameters: 2252: exit 0
12-22 12:25:05.086  1191  3675 D AHAL: AudioStream: astream_out_set_parameters: 825: Exit ret: 0
12-22 12:25:05.086  2038  3549 I hw-BpHwBinder: onLastStrongRef automatically unlinking death recipients
12-22 12:25:05.087  1973  4238 I hw-BpHwBinder: onLastStrongRef automatically unlinking death recipients
12-22 12:25:05.088  8079 11222 V Avrcp_ext: updateCurrentMediaState: mMediaController: MediaController (cn.missevan.coexist@42412d4) null
12-22 12:25:05.088  8079 11222 V Avrcp_ext: updateCurrentMediaState: isPlaying = false
12-22 12:25:05.088  8079 11222 W Avrcp_ext: isMusicActive: false getBluetoothPlayState: 0 A2dp State: 11 mAudioPlaybackIsActive: false
12-22 12:25:05.088  2038  3549 D MediaCodec: kWhatReleaseCompleted
12-22 12:25:05.088  8079 11222 D Avrcp_ext: isMusicActive = false mAudioPlaybackIsActive = false player state = PlaybackState {state=0, position=0, buffered position=0, speed=0.0, updated=0, actions=2363190, custom actions=[], active item id=-1, error=null}
12-22 12:25:05.088  2038  3549 D MediaImpl: FRC not support: valueSupport :
12-22 12:25:05.088  2038  3549 D MediaImpl: AIE not support: valueSupport :
12-22 12:25:05.088  2038  3549 D MediaImpl: AIS not support: valueSupport :
12-22 12:25:05.089  2038  3548 D MediaCodec: ~MediaCodec
12-22 12:25:05.089  8079 11222 I Avrcp_ext: Skipping update due to invalid playback state
12-22 12:25:05.091  8079 11222 V Avrcp_ext: updatePlaybackState, state: PlaybackState {state=0, position=0, buffered position=0, speed=0.0, updated=0, actions=2363190, custom actions=[], active item id=-1, error=null} device: null
12-22 12:25:05.091  8079 11222 V Avrcp_ext: Device: no name:
12-22 12:25:05.091  8079 11222 V Avrcp_ext: Device: no name:
12-22 12:25:05.091  8079 11222 V Avrcp_ext: Device: no name:
12-22 12:25:05.091  8079 11222 V Avrcp_ext: Device: no name:
12-22 12:25:05.091  8079 11222 V Avrcp_ext: Device: no name:
12-22 12:25:05.091  8079 11222 V Avrcp_ext: updatePlayerStateAndPosition, old=PlaybackState {state=0, position=0, buffered position=0, speed=0.0, updated=0, actions=2363190, custom actions=[], active item id=-1, error=null}, state=PlaybackState {state=0, position=0, buffered position=0, speed=0.0, updated=0, actions=2363190, custom actions=[], active item id=-1, error=null}
12-22 12:25:05.091  8079 11222 V Avrcp_ext: old state = PlaybackState {state=0, position=0, buffered position=0, speed=0.0, updated=0, actions=2363190, custom actions=[], active item id=-1, error=null}, new state= PlaybackState {state=0, position=0, buffered position=0, speed=0.0, updated=0, actions=2363190, custom actions=[], active item id=-1, error=null}
12-22 12:25:05.091  8079 11222 D HeadsetService: getHeadsetService(): returning com.android.bluetooth.hfp.HeadsetService@edaeae5
12-22 12:25:05.091  8079 11222 D HeadsetService:  isAudioOn: The number of audio connected devices 0
12-22 12:25:05.091  8079 11222 D HeadsetService: isScoOrCallActive(): Call Active:falseCall is Ringing:falseSCO is Active:false
12-22 12:25:05.091  8079 11222 D HeadsetService:  isAudioOn: The number of audio connected devices 0
12-22 12:25:05.091  8079 11222 I Avrcp_ext: updatePlayStatusForDevice: device: null
12-22 12:25:05.091  8079 11222 V Avrcp_ext: updatePlaybackState (1): old=PlaybackState {state=0, position=0, buffered position=0, speed=0.0, updated=0, actions=2363190, custom actions=[], active item id=-1, error=null}(0), new=PlaybackState {state=0, position=0, buffered position=0, speed=0.0, updated=0, actions=2363190, custom actions=[], active item id=-1, error=null}(0)
12-22 12:25:05.091  8079 11222 I Avrcp_ext: Exit updatePlayStatusForDevice
12-22 12:25:05.091  8079 11222 D HeadsetService:  isAudioOn: The number of audio connected devices 0
12-22 12:25:05.091  8079 11222 D HeadsetService: isScoOrCallActive(): Call Active:falseCall is Ringing:falseSCO is Active:false
12-22 12:25:05.091  8079 11222 D HeadsetService:  isAudioOn: The number of audio connected devices 0
12-22 12:25:05.091  8079 11222 I Avrcp_ext: updatePlayStatusForDevice: device: null
12-22 12:25:05.091  8079 11222 V Avrcp_ext: updatePlaybackState (1): old=PlaybackState {state=0, position=0, buffered position=0, speed=0.0, updated=0, actions=2363190, custom actions=[], active item id=-1, error=null}(0), new=PlaybackState {state=0, position=0, buffered position=0, speed=0.0, updated=0, actions=2363190, custom actions=[], active item id=-1, error=null}(0)
12-22 12:25:05.091  8079 11222 I Avrcp_ext: Exit updatePlayStatusForDevice
12-22 12:25:05.091  8079 11222 D HeadsetService:  isAudioOn: The number of audio connected devices 0
12-22 12:25:05.091  8079 11222 D HeadsetService: isScoOrCallActive(): Call Active:falseCall is Ringing:falseSCO is Active:false
12-22 12:25:05.091  8079 11222 D HeadsetService:  isAudioOn: The number of audio connected devices 0
12-22 12:25:05.091  8079 11222 I Avrcp_ext: updatePlayStatusForDevice: device: null
12-22 12:25:05.091  2038  3547 D AudioTrack: stop(sessionID=7753)
12-22 12:25:05.091  8079 11222 V Avrcp_ext: updatePlaybackState (1): old=PlaybackState {state=0, position=0, buffered position=0, speed=0.0, updated=0, actions=2363190, custom actions=[], active item id=-1, error=null}(0), new=PlaybackState {state=0, position=0, buffered position=0, speed=0.0, updated=0, actions=2363190, custom actions=[], active item id=-1, error=null}(0)
12-22 12:25:05.091  8079 11222 I Avrcp_ext: Exit updatePlayStatusForDevice
12-22 12:25:05.091  2038  3547 D AudioTrack: stop(989): prior state:STATE_FLUSHED
12-22 12:25:05.091  8079 11222 D HeadsetService:  isAudioOn: The number of audio connected devices 0
12-22 12:25:05.091  8079 11222 D HeadsetService: isScoOrCallActive(): Call Active:falseCall is Ringing:falseSCO is Active:false
12-22 12:25:05.091  8079 11222 D HeadsetService:  isAudioOn: The number of audio connected devices 0
12-22 12:25:05.091  8079 11222 I Avrcp_ext: updatePlayStatusForDevice: device: null
12-22 12:25:05.091  8079 11222 V Avrcp_ext: updatePlaybackState (1): old=PlaybackState {state=0, position=0, buffered position=0, speed=0.0, updated=0, actions=2363190, custom actions=[], active item id=-1, error=null}(0), new=PlaybackState {state=0, position=0, buffered position=0, speed=0.0, updated=0, actions=2363190, custom actions=[], active item id=-1, error=null}(0)
12-22 12:25:05.091  8079 11222 I Avrcp_ext: Exit updatePlayStatusForDevice
12-22 12:25:05.091  8079 11222 D HeadsetService:  isAudioOn: The number of audio connected devices 0
12-22 12:25:05.091  8079 11222 D HeadsetService: isScoOrCallActive(): Call Active:falseCall is Ringing:falseSCO is Active:false
12-22 12:25:05.091  2038  3547 D AudioTrack: ~AudioTrack(sessionID=7753)
12-22 12:25:05.091  8079 11222 D HeadsetService:  isAudioOn: The number of audio connected devices 0
12-22 12:25:05.091  8079 11222 I Avrcp_ext: updatePlayStatusForDevice: device: null
12-22 12:25:05.091  8079 11222 V Avrcp_ext: updatePlaybackState (1): old=PlaybackState {state=0, position=0, buffered position=0, speed=0.0, updated=0, actions=2363190, custom actions=[], active item id=-1, error=null}(0), new=PlaybackState {state=0, position=0, buffered position=0, speed=0.0, updated=0, actions=2363190, custom actions=[], active item id=-1, error=null}(0)
12-22 12:25:05.091  8079 11222 I Avrcp_ext: Exit updatePlayStatusForDevice
12-22 12:25:05.091  8079 11222 D Avrcp_ext: Enter sendPlayPosNotificationRsp
12-22 12:25:05.091  8079 11222 D Avrcp_ext: sendPlayPosNotificationRsp: Not registered or requesting.
12-22 12:25:05.091  8079 11222 D Avrcp_ext: Enter sendPlayPosNotificationRsp
12-22 12:25:05.091  2038  3547 D AudioTrack: stop(sessionID=7753)
12-22 12:25:05.091  8079 11222 D Avrcp_ext: sendPlayPosNotificationRsp: Not registered or requesting.
12-22 12:25:05.091  2038  3547 D AudioTrack: stop(989): prior state:STATE_FLUSHED
12-22 12:25:05.091  8079 11222 D Avrcp_ext: Enter sendPlayPosNotificationRsp
12-22 12:25:05.091  8079 11222 D Avrcp_ext: sendPlayPosNotificationRsp: Not registered or requesting.
12-22 12:25:05.091  8079 11222 D Avrcp_ext: Enter sendPlayPosNotificationRsp
12-22 12:25:05.091  8079 11222 D Avrcp_ext: sendPlayPosNotificationRsp: Not registered or requesting.
12-22 12:25:05.091  8079 11222 D Avrcp_ext: Enter sendPlayPosNotificationRsp
12-22 12:25:05.091  8079 11222 D Avrcp_ext: sendPlayPosNotificationRsp: Not registered or requesting.
12-22 12:25:05.091  8079 11222 V Avrcp_ext: Exit updatePlayerStateAndPosition
12-22 12:25:05.091  8079 11222 D Avrcp_ext: AudioManager Player: AudioPlaybackConfiguration piid:111 deviceId:0 type:android.media.SoundPool u/pid:1000/4496 state:idle attr:AudioAttributes: usage=USAGE_ASSISTANCE_SONIFICATION content=CONTENT_TYPE_SONIFICATION flags=0x800 tags= bundle=null sessionId:0
12-22 12:25:05.091  8079 11222 D Avrcp_ext: AudioManager Player: AudioPlaybackConfiguration piid:1527 deviceId:0 type:android.media.SoundPool u/pid:10079/9868 state:idle attr:AudioAttributes: usage=USAGE_ASSISTANCE_SONIFICATION content=CONTENT_TYPE_SONIFICATION flags=0x800 tags= bundle=null sessionId:0
12-22 12:25:05.091  8079 11222 D Avrcp_ext: AudioManager Player: AudioPlaybackConfiguration piid:95 deviceId:0 type:android.media.SoundPool u/pid:1000/2475 state:idle attr:AudioAttributes: usage=USAGE_ASSISTANCE_SONIFICATION content=CONTENT_TYPE_SONIFICATION flags=0x800 tags= bundle=null sessionId:0
12-22 12:25:05.091  8079 11222 D Avrcp_ext: AudioManager Player: AudioPlaybackConfiguration piid:1535 deviceId:0 type:android.media.SoundPool u/pid:1027/9739 state:idle attr:AudioAttributes: usage=USAGE_ASSISTANCE_SONIFICATION content=CONTENT_TYPE_SONIFICATION flags=0x800 tags= bundle=null sessionId:0
12-22 12:25:05.092  1973  4238 V C2Store : in ~ComponentModule
12-22 12:25:05.092  1973  4238 V C2Store : unloading dll
12-22 12:25:05.093  8079 11222 D Avrcp_ext: AudioManager isPlaying: false, mAudioPlaybackIsActive: false, isMusiActive: false
12-22 12:25:05.093  8079 11222 D Avrcp_ext: AudioManager Reset Active Player
12-22 12:25:05.095  2038  3538 D NuPlayerDriver: notifyResetComplete(0xb400007b4169bc00)
12-22 12:25:05.095  2038 19714 W AMessage: failed to post message as target looper for handler 0 is gone.
12-22 12:25:05.096  1191  2217 D AHAL: AudioStream: astream_out_set_parameters: 808: enter: usecase(1: low-latency-playback) kvpairs: suspend_playback=true
12-22 12:25:05.096  1191  2217 D AHAL: AudioStream: SetParameters: 2204: enter
12-22 12:25:05.096  1191  2217 I AHAL: AudioStream: SetParameters: 2213: ret 0, plugin device cont -1 stream -1
12-22 12:25:05.096  1191  2217 D AHAL: AudioStream: SetParameters: 2252: exit 0
12-22 12:25:05.096  1191  2217 D AHAL: AudioStream: astream_out_set_parameters: 825: Exit ret: 0
12-22 12:25:05.096  2038 22668 D AudioSink: delete mCallbackData at ~AudioOutput
12-22 12:25:05.106  1191  2217 D AHAL: AudioStream: astream_out_set_parameters: 808: enter: usecase(1: low-latency-playback) kvpairs: suspend_playback=true
12-22 12:25:05.106  1191  2217 D AHAL: AudioStream: SetParameters: 2204: enter
12-22 12:25:05.106  1191  2217 I AHAL: AudioStream: SetParameters: 2213: ret 0, plugin device cont -1 stream -1
12-22 12:25:05.106  1191  2217 D AHAL: AudioStream: SetParameters: 2252: exit 0
12-22 12:25:05.106  1191  2217 D AHAL: AudioStream: astream_out_set_parameters: 825: Exit ret: 0
12-22 12:25:05.116  1191  2217 D AHAL: AudioStream: astream_out_set_parameters: 808: enter: usecase(1: low-latency-playback) kvpairs: suspend_playback=true
12-22 12:25:05.116  1191  2217 D AHAL: AudioStream: SetParameters: 2204: enter
12-22 12:25:05.116  1191  2217 I AHAL: AudioStream: SetParameters: 2213: ret 0, plugin device cont -1 stream -1
12-22 12:25:05.116  1191  2217 D AHAL: AudioStream: SetParameters: 2252: exit 0
12-22 12:25:05.116  1191  2217 D AHAL: AudioStream: astream_out_set_parameters: 825: Exit ret: 0
12-22 12:25:05.126  1411  2246 D AudioFlinger: updateWakeLockUids_l AudioOut_D uids:
12-22 12:25:05.126  1411  2035 V APM::EffectDescriptor: setEffectEnabled(false) total CPU 0
12-22 12:25:05.154  1191  2217 D AHAL: AudioStream: astream_out_set_parameters: 808: enter: usecase(1: low-latency-playback) kvpairs: suspend_playback=true
12-22 12:25:05.155  1191  2217 D AHAL: AudioStream: SetParameters: 2204: enter
12-22 12:25:05.155  1191  2217 I AHAL: AudioStream: SetParameters: 2213: ret 0, plugin device cont -1 stream -1
12-22 12:25:05.155  1191  2217 D AHAL: AudioStream: SetParameters: 2252: exit 0
12-22 12:25:05.155  1191  2217 D AHAL: AudioStream: astream_out_set_parameters: 825: Exit ret: 0
12-22 12:25:05.155  1191  2217 D PAL: API: pal_set_param: 829: Enter: param id 27 (PAL_PARAM_ID_GAIN_LVL_CAL)
12-22 12:25:05.155  1191  2217 I PAL: ResourceManager: setParameter: 7783: Enter param id: 27 (PAL_PARAM_ID_GAIN_LVL_CAL)
12-22 12:25:05.155  1191  2217 D PAL: Stream: getAssociatedDevices: 492: no. of devices 1
12-22 12:25:05.155  1191  2217 D PAL: Stream: getAssociatedSession: 553: session 0xb40000724c04fe00K
12-22 12:25:05.155  1191  2217 D PAL: SessionAlsaPcm: setConfig: 436: Enter tag: -1073741781
12-22 12:25:05.155  1191  2217 D PAL: Stream: getVolumeData: 574: num config 1
12-22 12:25:05.155  1243  8486 E ACDB    : AcdbCmdGetSubgraphCalDataNonPersist:6151 Error[19]: No calibration found
12-22 12:25:05.155  1243  8486 I gsl     : gsl_graph_send_persist_cal:857 Skipping persist cal for SG_ID -1342177278: already started
12-22 12:25:05.155  1243  8486 I gsl     : gsl_graph_send_persist_cal:857 Skipping persist cal for SG_ID -1342177243: already started
12-22 12:25:05.155  1243  8486 I gsl     : gsl_graph_send_persist_cal:857 Skipping persist cal for SG_ID -1342177244: already started
12-22 12:25:05.155  1243  8486 I gsl     : gsl_graph_send_persist_cal:857 Skipping persist cal for SG_ID -1342177245: already started
12-22 12:25:05.155  1191  2217 D PAL: SessionAlsaPcm: setConfig: 561: exit status: 0
12-22 12:25:05.155  1191  2217 D PAL: ResourceManager: setParameter: 8559: Exit status: 0
12-22 12:25:05.155  1191  2217 D PAL: API: pal_set_param: 844: Exit, status 0
12-22 12:25:05.156  1411  2035 V APM::EffectDescriptor: unregisterEffect() effect Volume listener for notification, ID 6219, memory 1 total memory 3
12-22 12:25:05.156  1411  2035 D APM_AudioPolicyManager: stopOutput portId 989
12-22 12:25:05.156  1411  2035 D APM_AudioPolicyManager: stopOutput() output 13, stream 5, session 7753
12-22 12:25:05.156  1411  2035 D APM_AudioPolicyManager: getNewOutputDevices selected devices AUDIO_DEVICE_NONE
12-22 12:25:05.156  1411  2035 D APM_AudioPolicyManager: setOutputDevices output 13 device AUDIO_DEVICE_NONE delayMs 122 force 0 requiresMuteCheck 1
12-22 12:25:05.156  1411  2035 D APM_AudioPolicyManager: setOutputDevices() prevDevice {type:0x2,@:}
12-22 12:25:05.157  1411  2035 D APM::AudioPolicyEngine: getDevicesForStrategyInt: STRATEGY_SONIFICATION_RESPECTFUL :Use STRATEGY_SONIFICATION to getDevice
12-22 12:25:05.157  1411  2035 D APM_AudioPolicyManager: releaseOutput portId 989
12-22 12:25:05.157  1411  2035 D APM_AudioPolicyManager: releaseOutput() output 13, stream 5, session 7753 [uid=1000]
12-22 12:25:05.381  2027  3285 D libsensor-displayalgo: the value of  brightness:384.000000,R:48632084.116024,G:48233483.799726,B:45042345.083134,EVENT_C:3414.500000,EVENT_R:1499.500000,EVENT_G:1799.500000,EVENT_B:767.500000
12-22 12:25:05.381  2027  3285 I libsensor-displayalgo: the value of  Coef1:1107.681000,Coef4:2.383000, scale1:0.935522, scale4:0.923264
12-22 12:25:05.381  2027  3285 E libsensor-displayalgo: RGB_test_0407_400_oldzy!
12-22 12:25:05.382  2027  3285 I libsensor-displayalgo: the value of  RESULT2081.996100,819.134400,1036.004240,368.263066
12-22 12:25:05.382  2027  3285 I libsensor-displayalgo: the value of  getChannelDataCalibrated2174.166802,759.613835,1196.762107,398.893192
12-22 12:25:05.382  2027  3285 I libsensor-displayalgo: the value of  REAL LUX57.121536
12-22 12:25:05.382  2027  3285 I libsensor-displayalgo: the value of  CAL REAL LUX57.121536
12-22 12:25:05.592  8079 11222 V Avrcp_ext: AvrcpMessageHandler: received message=29
12-22 12:25:05.593  8079 11222 V Avrcp_ext: updateCurrentMediaState: mMediaController: MediaController (cn.missevan.coexist@42412d4) null
12-22 12:25:05.593  8079 11222 V Avrcp_ext: updateCurrentMediaState: isPlaying = false
12-22 12:25:05.593  8079 11222 W Avrcp_ext: isMusicActive: false getBluetoothPlayState: 0 A2dp State: 11 mAudioPlaybackIsActive: false
12-22 12:25:05.593  8079 11222 D Avrcp_ext: isMusicActive = false mAudioPlaybackIsActive = false player state = PlaybackState {state=0, position=0, buffered position=0, speed=0.0, updated=0, actions=2363190, custom actions=[], active item id=-1, error=null}
12-22 12:25:05.593  8079 11222 I Avrcp_ext: Skipping update due to invalid playback state
12-22 12:25:05.594  8079 11222 V Avrcp_ext: updatePlaybackState, state: PlaybackState {state=0, position=0, buffered position=0, speed=0.0, updated=0, actions=2363190, custom actions=[], active item id=-1, error=null} device: null
12-22 12:25:05.595  8079 11222 V Avrcp_ext: Device: no name:
12-22 12:25:05.595  8079 11222 V Avrcp_ext: Device: no name:
12-22 12:25:05.595  8079 11222 V Avrcp_ext: Device: no name:
12-22 12:25:05.595  8079 11222 V Avrcp_ext: Device: no name:
12-22 12:25:05.595  8079 11222 V Avrcp_ext: Device: no name:
12-22 12:25:05.595  8079 11222 V Avrcp_ext: updatePlayerStateAndPosition, old=PlaybackState {state=0, position=0, buffered position=0, speed=0.0, updated=0, actions=2363190, custom actions=[], active item id=-1, error=null}, state=PlaybackState {state=0, position=0, buffered position=0, speed=0.0, updated=0, actions=2363190, custom actions=[], active item id=-1, error=null}
12-22 12:25:05.595  8079 11222 V Avrcp_ext: old state = PlaybackState {state=0, position=0, buffered position=0, speed=0.0, updated=0, actions=2363190, custom actions=[], active item id=-1, error=null}, new state= PlaybackState {state=0, position=0, buffered position=0, speed=0.0, updated=0, actions=2363190, custom actions=[], active item id=-1, error=null}
12-22 12:25:05.595  8079 11222 D HeadsetService: getHeadsetService(): returning com.android.bluetooth.hfp.HeadsetService@edaeae5
12-22 12:25:05.595  8079 11222 D HeadsetService:  isAudioOn: The number of audio connected devices 0
12-22 12:25:05.595  8079 11222 D HeadsetService: isScoOrCallActive(): Call Active:falseCall is Ringing:falseSCO is Active:false
12-22 12:25:05.595  8079 11222 D HeadsetService:  isAudioOn: The number of audio connected devices 0
12-22 12:25:05.595  8079 11222 I Avrcp_ext: updatePlayStatusForDevice: device: null
12-22 12:25:05.595  8079 11222 V Avrcp_ext: updatePlaybackState (1): old=PlaybackState {state=0, position=0, buffered position=0, speed=0.0, updated=0, actions=2363190, custom actions=[], active item id=-1, error=null}(0), new=PlaybackState {state=0, position=0, buffered position=0, speed=0.0, updated=0, actions=2363190, custom actions=[], active item id=-1, error=null}(0)
12-22 12:25:05.595  8079 11222 I Avrcp_ext: Exit updatePlayStatusForDevice
12-22 12:25:05.595  8079 11222 D HeadsetService:  isAudioOn: The number of audio connected devices 0
12-22 12:25:05.595  8079 11222 D HeadsetService: isScoOrCallActive(): Call Active:falseCall is Ringing:falseSCO is Active:false
12-22 12:25:05.595  8079 11222 D HeadsetService:  isAudioOn: The number of audio connected devices 0
12-22 12:25:05.595  8079 11222 I Avrcp_ext: updatePlayStatusForDevice: device: null
12-22 12:25:05.595  8079 11222 V Avrcp_ext: updatePlaybackState (1): old=PlaybackState {state=0, position=0, buffered position=0, speed=0.0, updated=0, actions=2363190, custom actions=[], active item id=-1, error=null}(0), new=PlaybackState {state=0, position=0, buffered position=0, speed=0.0, updated=0, actions=2363190, custom actions=[], active item id=-1, error=null}(0)
12-22 12:25:05.595  8079 11222 I Avrcp_ext: Exit updatePlayStatusForDevice
12-22 12:25:05.595  8079 11222 D HeadsetService:  isAudioOn: The number of audio connected devices 0
12-22 12:25:05.595  8079 11222 D HeadsetService: isScoOrCallActive(): Call Active:falseCall is Ringing:falseSCO is Active:false
12-22 12:25:05.595  8079 11222 D HeadsetService:  isAudioOn: The number of audio connected devices 0
12-22 12:25:05.595  8079 11222 I Avrcp_ext: updatePlayStatusForDevice: device: null
12-22 12:25:05.595  8079 11222 V Avrcp_ext: updatePlaybackState (1): old=PlaybackState {state=0, position=0, buffered position=0, speed=0.0, updated=0, actions=2363190, custom actions=[], active item id=-1, error=null}(0), new=PlaybackState {state=0, position=0, buffered position=0, speed=0.0, updated=0, actions=2363190, custom actions=[], active item id=-1, error=null}(0)
12-22 12:25:05.595  8079 11222 I Avrcp_ext: Exit updatePlayStatusForDevice
12-22 12:25:05.595  8079 11222 D HeadsetService:  isAudioOn: The number of audio connected devices 0
12-22 12:25:05.595  8079 11222 D HeadsetService: isScoOrCallActive(): Call Active:falseCall is Ringing:falseSCO is Active:false
12-22 12:25:05.595  8079 11222 D HeadsetService:  isAudioOn: The number of audio connected devices 0
12-22 12:25:05.595  8079 11222 I Avrcp_ext: updatePlayStatusForDevice: device: null
12-22 12:25:05.595  8079 11222 V Avrcp_ext: updatePlaybackState (1): old=PlaybackState {state=0, position=0, buffered position=0, speed=0.0, updated=0, actions=2363190, custom actions=[], active item id=-1, error=null}(0), new=PlaybackState {state=0, position=0, buffered position=0, speed=0.0, updated=0, actions=2363190, custom actions=[], active item id=-1, error=null}(0)
12-22 12:25:05.596  8079 11222 I Avrcp_ext: Exit updatePlayStatusForDevice
12-22 12:25:05.596  8079 11222 D HeadsetService:  isAudioOn: The number of audio connected devices 0
12-22 12:25:05.596  8079 11222 D HeadsetService: isScoOrCallActive(): Call Active:falseCall is Ringing:falseSCO is Active:false
12-22 12:25:05.596  8079 11222 D HeadsetService:  isAudioOn: The number of audio connected devices 0
12-22 12:25:05.596  8079 11222 I Avrcp_ext: updatePlayStatusForDevice: device: null
12-22 12:25:05.596  8079 11222 V Avrcp_ext: updatePlaybackState (1): old=PlaybackState {state=0, position=0, buffered position=0, speed=0.0, updated=0, actions=2363190, custom actions=[], active item id=-1, error=null}(0), new=PlaybackState {state=0, position=0, buffered position=0, speed=0.0, updated=0, actions=2363190, custom actions=[], active item id=-1, error=null}(0)
12-22 12:25:05.596  8079 11222 I Avrcp_ext: Exit updatePlayStatusForDevice
12-22 12:25:05.596  8079 11222 D Avrcp_ext: Enter sendPlayPosNotificationRsp
12-22 12:25:05.596  8079 11222 D Avrcp_ext: sendPlayPosNotificationRsp: Not registered or requesting.
12-22 12:25:05.596  8079 11222 D Avrcp_ext: Enter sendPlayPosNotificationRsp
12-22 12:25:05.596  8079 11222 D Avrcp_ext: sendPlayPosNotificationRsp: Not registered or requesting.
12-22 12:25:05.596  8079 11222 D Avrcp_ext: Enter sendPlayPosNotificationRsp
12-22 12:25:05.596  8079 11222 D Avrcp_ext: sendPlayPosNotificationRsp: Not registered or requesting.
12-22 12:25:05.596  8079 11222 D Avrcp_ext: Enter sendPlayPosNotificationRsp
12-22 12:25:05.596  8079 11222 D Avrcp_ext: sendPlayPosNotificationRsp: Not registered or requesting.
12-22 12:25:05.596  8079 11222 D Avrcp_ext: Enter sendPlayPosNotificationRsp
12-22 12:25:05.596  8079 11222 D Avrcp_ext: sendPlayPosNotificationRsp: Not registered or requesting.
12-22 12:25:05.596  8079 11222 V Avrcp_ext: Exit updatePlayerStateAndPosition
12-22 12:25:05.596  8079 11222 V Avrcp_ext: Exit handleMessage
12-22 12:25:05.681  2027  3285 D libsensor-displayalgo: the value of  brightness:384.000000,R:48632084.116024,G:48233483.799726,B:45042345.083134,EVENT_C:3414.500000,EVENT_R:1499.500000,EVENT_G:1799.500000,EVENT_B:767.500000
12-22 12:25:05.681  2027  3285 I libsensor-displayalgo: the value of  Coef1:1107.681000,Coef4:2.383000, scale1:0.935522, scale4:0.923264
12-22 12:25:05.681  2027  3285 E libsensor-displayalgo: RGB_test_0407_400_oldzy!
12-22 12:25:05.681  2027  3285 I libsensor-displayalgo: the value of  RESULT2081.996100,819.134400,1036.004240,368.263066
12-22 12:25:05.681  2027  3285 I libsensor-displayalgo: the value of  getChannelDataCalibrated2174.166802,759.613835,1196.762107,398.893192
12-22 12:25:05.681  2027  3285 I libsensor-displayalgo: the value of  REAL LUX57.121536
12-22 12:25:05.681  2027  3285 I libsensor-displayalgo: the value of  CAL REAL LUX57.121536
12-22 12:25:06.050  5773  8966 D SLM-SRV-SLAService: checktemp temperature = 35714 temperature_average = 35937 isPerformanceMode = false thermal_enable_slm = true
12-22 12:25:06.081  2475  3037 D MIUIInput: [MotionEvent] publisher action=0x4, 586610448, channel 'a6e61f2 NavigationBar0 (server)'
12-22 12:25:06.082  2475  3037 D MIUIInput: [MotionEvent] publisher action=0x4, 586610448, channel '5846fe4 NotificationShade (server)'
12-22 12:25:06.082  2475  3037 D MIUIInput: [MotionEvent] publisher action=0x4, 586610448, channel '14a5261 LauncherOverlayWindow:com.miui.personalassistant (server)'
12-22 12:25:06.082  2475  3037 D MIUIInput: [MotionEvent] publisher action=0x0, 586610448, channel '648a1ac com.miui.home/com.miui.home.launcher.Launcher (server)'
12-22 12:25:06.082  2027  3285 D libsensor-displayalgo: the value of  brightness:384.000000,R:48632084.116024,G:48233483.799726,B:45042345.083134,EVENT_C:3645.500000,EVENT_R:1640.000000,EVENT_G:1910.500000,EVENT_B:827.000000
12-22 12:25:06.083  2027  3285 I libsensor-displayalgo: the value of  Coef1:1107.681000,Coef4:2.383000, scale1:0.935522, scale4:0.923264
12-22 12:25:06.083  2027  3285 E libsensor-displayalgo: RGB_test_0407_400_oldzy!
12-22 12:25:06.083  2027  3285 I libsensor-displayalgo: the value of  RESULT2081.996100,819.134400,1036.004240,368.263066
12-22 12:25:06.083  2027  3285 I libsensor-displayalgo: the value of  getChannelDataCalibrated2174.166802,759.613835,1196.762107,398.893192
12-22 12:25:06.083  2027  3285 I libsensor-displayalgo: the value of  REAL LUX68.344124
12-22 12:25:06.083  2027  3285 I libsensor-displayalgo: the value of  CAL REAL LUX68.344124
12-22 12:25:06.083  1431  2431 D RefreshRateConfigs: TouchBoost - choose 120.00fps
12-22 12:25:06.085  9868  9868 D EventBus: No subscribers registered for event class com.miui.home.launcher.common.messages.EndSpringAnimatorMessage
12-22 12:25:06.085  9868  9868 D EventBus: No subscribers registered for event class org.greenrobot.eventbus.NoSubscriberEvent
12-22 12:25:06.085  9868  9868 D Launcher.Feed: touchState : 0 scrolling : false normalEditing : false WidgetThumbnailViewShowing : false UninstallDialogShowing : false isMinusScreenShowing: false
12-22 12:25:06.087  9868  9868 D Launcher.StatusBarController: try intercept touch, isProxySurvive=true
12-22 12:25:06.088  9868  9868 D Launcher.Workspace: Workspace touch down
12-22 12:25:06.088  9868  9868 D ScreenView_Workspace: onIntercept:0.0
12-22 12:25:06.088  9868  9868 D ScreenView_Workspace: not intercept
12-22 12:25:06.089  9868 10229 D Launcher.Boost: bindcore 200
12-22 12:25:06.092  1251  2216 I SDM     : HWCDisplay::SetActiveConfigWithConstraints: config: 1, WxH 1080x2400, fps 120
12-22 12:25:06.093  1251  2216 W SDM     : HWDeviceDRM::GetSupportedBitClkRate: Requested rate not supported: 831000000
12-22 12:25:06.093  1251  2216 I SDM     : HWDeviceDRM::UpdateMixerAttributes: Mixer WxH 1080x2400-0 for Peripheral
12-22 12:25:06.094  1251  2216 I SDM     : HWCDisplay::SubmitDisplayConfig: Active configuration changed from config 0 to 1
12-22 12:25:06.094  1251  2216 I SDM     : HWCDisplay::SubmitDisplayConfig: Active WxH 1080x2400 fps 120
12-22 12:25:06.096  1251  1467 I SDM     : HWDeviceDRM::SetupAtomic: Setting mode: WxH: 1080x2400, vrefresh: 120, hskew: 0
12-22 12:25:06.096  1251  2448 I vendor.qti.hardware.display.composer-service: FrameNotifyProcess Sensor: notify citsensorservice to trigger cwb
12-22 12:25:06.097  2027  4130 I libcitsensorservice@2.0-impl: msg_transfer
12-22 12:25:06.098  1328  2240 D FPSMonitor: threadFuncFpsMonitor display 0, fps 120
12-22 12:25:06.098  2027  3267 I libsensor-displayalgo: displayInfoCallback::display info won't handle!!!
12-22 12:25:06.099  2027  3266 D vendor.xiaomi.sensor.citsensorservice@2.0-service: handle id:10 wxh:1280x2400 uwxuh:1080x2400 size: 9216000 fd:15 fd_meta:16 flags:0x4000228 usage:0x33  format:0x3 layer_count: 1
12-22 12:25:06.100  1251  2216 I SDM     : HWCSession::SetCWBOutputBuffer: CWB config passed by cwb_client : tappoint 1  CWB_ROI : (829.000000 4.000000 915.000000 90.000000)
12-22 12:25:06.100  1251  3572 I SDM     : HWCSession::ProcessRequests: Successfully configured CWB buffer.
12-22 12:25:06.106  2475  2677 D PerfImpl: perfGetWorkLoadType
12-22 12:25:06.106  2475  2677 D PerfImpl: perfScrollBoost: com.miui.home, -1, 4
12-22 12:25:06.107  2475  2677 D PerfImpl: perfGetWorkLoadType
12-22 12:25:06.107  2475  2677 D PerfImpl: perfDragBoost: com.miui.home, -1, 1
12-22 12:25:06.108  9868 10228 D MiBridge: requestCpuHighFreq---- uid: 10079 level: 1 timeoutms:400
12-22 12:25:06.110  1914  1940 W MiuiBooster: "MiuiBoosterService requestCpuHighFreq: 10079, 1, 400"
12-22 12:25:06.110  1914  1940 W MiuiBooster: "requestCpuHighFreq,final level:1,final timeoutms:400"
12-22 12:25:06.110  1914  1940 W MiuiBooster: "perf_hint_hc start"
12-22 12:25:06.110  1914  1940 W MiuiBooster: "big_core_value[level-1]:4095"
12-22 12:25:06.110  1914  1940 W MiuiBooster: "little_core_value[level-1]:4095"
12-22 12:25:06.110  1914  1940 W MiuiBooster: "prime_core_value[level - 1]:4095"
12-22 12:25:06.105  1267  1267 W perf-hal-servic: type=1400 audit(0.0:121316): avc: denied { search } for name="1914" dev="proc" ino=22416270 scontext=u:r:vendor_hal_perf_default:s0 tcontext=u:r:miuibooster:s0 tclass=dir permissive=0
12-22 12:25:06.105  1267  1267 W perf-hal-servic: type=1400 audit(0.0:121317): avc: denied { search } for name="1914" dev="proc" ino=22416270 scontext=u:r:vendor_hal_perf_default:s0 tcontext=u:r:miuibooster:s0 tclass=dir permissive=0
12-22 12:25:06.110  1914  1940 W MiuiBooster: "perf_handle:256077"
12-22 12:25:06.110  9868 10228 D MiBridge: requestCpuHighFreq handle: 1
12-22 12:25:06.110  9868 10228 D Launcher_CPUBooster: boostCpuToMax:0
12-22 12:25:06.127  9868  9868 D Launcher.StatusBarController: dx(77.16394) over mTouchSlop(44.0), don't intercept
12-22 12:25:06.132  4176  4247 D HomeWallpaperRenderer: OFFSET  x: 0.96435183  y: 0.0
12-22 12:25:06.143  1251  3572 I SDM     : HWCSession::ProcessRequests: Pushing release fence in fenece wait queue.
12-22 12:25:06.143  1251  3572 I SDM     : HWCSession::ProcessRequests: Creating AsyncFenceWaits async thread.
12-22 12:25:06.148  1251  3572 I SDM     : HWCSession::ProcessRequests: Remove current CWB request from the pending request queue.
12-22 12:25:06.148  4176  4247 D HomeWallpaperRenderer: OFFSET  x: 0.92638886  y: 0.0
12-22 12:25:06.148  1251  3572 I SDM     : HWCSession::ProcessRequests: No pending cwb requests found in the queue.
12-22 12:25:06.149  1251  1467 I SDM     : HWDeviceDRM::SetupConcurrentWriteback: Tear down the Concurrent Writeback topology
12-22 12:25:06.151  2475  3037 D MIUIInput: [MotionEvent] publisher action=0x1, 586610519, channel '648a1ac com.miui.home/com.miui.home.launcher.Launcher (server)'
12-22 12:25:06.151  9868  9868 D Launcher.Workspace: Workspace touch up or cancel
12-22 12:25:06.151  9868  9868 D ScreenView_Workspace: on touch up
12-22 12:25:06.151  9868  9868 D ScreenView_Workspace: snapByVelocity
12-22 12:25:06.152  9868  9868 D ScreenView_Workspace: startScroll:1080
12-22 12:25:06.152  9868 10058 D StatusBarController: handleMessage: flag 800000  disable false
12-22 12:25:06.153  2475  2677 D PerfImpl: perfGetWorkLoadType
12-22 12:25:06.154  9868  9868 D Launcher_WallpaperUtils: changeStatusBarMode:false
12-22 12:25:06.154  2475  2677 D PerfImpl: perfScrollBoost: com.miui.home, 1081, 2
12-22 12:25:06.155  1251  3575 I SDM     : HWCSession::NotifyCWBStatus: Notify the client about buffer status 0.
12-22 12:25:06.155  1191  3675 D AHAL: AudioStream: astream_out_set_parameters: 808: enter: usecase(1: low-latency-playback) kvpairs: suspend_playback=true
12-22 12:25:06.155  1191  3675 D AHAL: AudioStream: SetParameters: 2204: enter
12-22 12:25:06.155  1191  3675 I AHAL: AudioStream: SetParameters: 2213: ret 0, plugin device cont -1 stream -1
12-22 12:25:06.155  1191  3675 D AHAL: AudioStream: SetParameters: 2252: exit 0
12-22 12:25:06.155  1191  3675 D AHAL: AudioStream: astream_out_set_parameters: 825: Exit ret: 0
12-22 12:25:06.155  1251  3575 I SDM     : HWCSession::PerformFenceWaits: Remove current release fence from the pending fence wait queue.
12-22 12:25:06.155  1251  3575 I SDM     : HWCSession::PerformFenceWaits: CWB fence queue is empty. No pending release fence to wait on.
12-22 12:25:06.155  2475  2677 D PerfImpl: perfGetWorkLoadType
12-22 12:25:06.157  2475  2677 D PerfImpl: perfScrollBoost: com.miui.home, -1, 4
12-22 12:25:06.157  2475  2677 D PerfImpl: perfGetWorkLoadType
12-22 12:25:06.158  2475  2677 D PerfImpl: perfLockRelease
12-22 12:25:06.165  4176  4247 D HomeWallpaperRenderer: OFFSET  x: 0.90416664  y: 0.0
12-22 12:25:06.171  4176  4247 D HomeWallpaperRenderer: OFFSET  x: 0.87685186  y: 0.0
12-22 12:25:06.179  4176  4247 D HomeWallpaperRenderer: OFFSET  x: 0.8513889  y: 0.0
12-22 12:25:06.188  4176  4247 D HomeWallpaperRenderer: OFFSET  x: 0.825  y: 0.0
12-22 12:25:06.195  1191  3675 D AHAL: AudioStream: astream_out_set_parameters: 808: enter: usecase(1: low-latency-playback) kvpairs: suspend_playback=true
12-22 12:25:06.196  1191  3675 D AHAL: AudioStream: SetParameters: 2204: enter
12-22 12:25:06.196  1191  3675 I AHAL: AudioStream: SetParameters: 2213: ret 0, plugin device cont -1 stream -1
12-22 12:25:06.196  1191  3675 D AHAL: AudioStream: SetParameters: 2252: exit 0
12-22 12:25:06.196  1191  3675 D AHAL: AudioStream: astream_out_set_parameters: 825: Exit ret: 0
12-22 12:25:06.196  4176  4247 D HomeWallpaperRenderer: OFFSET  x: 0.7986111  y: 0.0
12-22 12:25:06.204  4176  4247 D HomeWallpaperRenderer: OFFSET  x: 0.7731481  y: 0.0
12-22 12:25:06.212  4176  4247 D HomeWallpaperRenderer: OFFSET  x: 0.7486111  y: 0.0
12-22 12:25:06.220  4176  4247 D HomeWallpaperRenderer: OFFSET  x: 0.725  y: 0.0
12-22 12:25:06.228  4176  4247 D HomeWallpaperRenderer: OFFSET  x: 0.7  y: 0.0
12-22 12:25:06.237  4176  4247 D HomeWallpaperRenderer: OFFSET  x: 0.6791667  y: 0.0
12-22 12:25:06.245  4176  4247 D HomeWallpaperRenderer: OFFSET  x: 0.6597222  y: 0.0
12-22 12:25:06.253  4176  4247 D HomeWallpaperRenderer: OFFSET  x: 0.6421296  y: 0.0
12-22 12:25:06.261  4176  4247 D HomeWallpaperRenderer: OFFSET  x: 0.6236111  y: 0.0
12-22 12:25:06.269  4176  4247 D HomeWallpaperRenderer: OFFSET  x: 0.60925925  y: 0.0
12-22 12:25:06.278  4176  4247 D HomeWallpaperRenderer: OFFSET  x: 0.59583336  y: 0.0
12-22 12:25:06.286  4176  4247 D HomeWallpaperRenderer: OFFSET  x: 0.5837963  y: 0.0
12-22 12:25:06.289  9868 10229 D Launcher.Boost: bindcore 64
12-22 12:25:06.294  4176  4247 D HomeWallpaperRenderer: OFFSET  x: 0.5717593  y: 0.0
12-22 12:25:06.304  4176  4247 D HomeWallpaperRenderer: OFFSET  x: 0.56203705  y: 0.0
12-22 12:25:06.310  4176  4247 D HomeWallpaperRenderer: OFFSET  x: 0.5537037  y: 0.0
12-22 12:25:06.318  4176  4881 W OpenGLRenderer: Surface doesn't have any previously queued frames, nothing to readback from
12-22 12:25:06.319  4176  4247 D HomeWallpaperRenderer: OFFSET  x: 0.54583335  y: 0.0
12-22 12:25:06.327  4176  4881 W OpenGLRenderer: Surface doesn't have any previously queued frames, nothing to readback from
12-22 12:25:06.327  4176  4247 D HomeWallpaperRenderer: OFFSET  x: 0.5384259  y: 0.0
12-22 12:25:06.335  4176  4247 D HomeWallpaperRenderer: OFFSET  x: 0.53287035  y: 0.0
12-22 12:25:06.336  4176  4881 W OpenGLRenderer: Surface doesn't have any previously queued frames, nothing to readback from
12-22 12:25:06.344  4176  4881 W OpenGLRenderer: Surface doesn't have any previously queued frames, nothing to readback from
12-22 12:25:06.344  4176  4247 D HomeWallpaperRenderer: OFFSET  x: 0.5277778  y: 0.0
12-22 12:25:06.352  4176  4247 D HomeWallpaperRenderer: OFFSET  x: 0.5231481  y: 0.0
12-22 12:25:06.352  4176  4881 W OpenGLRenderer: Surface doesn't have any previously queued frames, nothing to readback from
12-22 12:25:06.360  4176  4881 W OpenGLRenderer: Surface doesn't have any previously queued frames, nothing to readback from
12-22 12:25:06.360  4176  4247 D HomeWallpaperRenderer: OFFSET  x: 0.51898146  y: 0.0
12-22 12:25:06.368  4176  4247 D HomeWallpaperRenderer: OFFSET  x: 0.51574075  y: 0.0
12-22 12:25:06.368  4176  4881 W OpenGLRenderer: Surface doesn't have any previously queued frames, nothing to readback from
12-22 12:25:06.376  4176  4247 D HomeWallpaperRenderer: OFFSET  x: 0.51296294  y: 0.0
12-22 12:25:06.376  4176  4881 W OpenGLRenderer: Surface doesn't have any previously queued frames, nothing to readback from
12-22 12:25:06.381  2027  3285 D libsensor-displayalgo: the value of  brightness:384.000000,R:48632084.116024,G:48233483.799726,B:45042345.083134,EVENT_C:3600.500000,EVENT_R:1612.000000,EVENT_G:1891.000000,EVENT_B:815.500000
12-22 12:25:06.381  2027  3285 I libsensor-displayalgo: the value of  Coef1:1107.681000,Coef4:2.383000, scale1:0.935522, scale4:0.923264
12-22 12:25:06.381  2027  3285 E libsensor-displayalgo: RGB_test_0407_400_oldzy!
12-22 12:25:06.381  2027  3285 I libsensor-displayalgo: the value of  RESULT2081.996100,819.134400,1036.004240,368.263066
12-22 12:25:06.381  2027  3285 I libsensor-displayalgo: the value of  getChannelDataCalibrated2174.166802,759.613835,1196.762107,398.893192
12-22 12:25:06.381  2027  3285 I libsensor-displayalgo: the value of  REAL LUX66.270889
12-22 12:25:06.381  2027  3285 I libsensor-displayalgo: the value of  CAL REAL LUX66.270889
12-22 12:25:06.384  4176  4247 D HomeWallpaperRenderer: OFFSET  x: 0.51064813  y: 0.0
12-22 12:25:06.384  4176  4881 W OpenGLRenderer: Surface doesn't have any previously queued frames, nothing to readback from
12-22 12:25:06.393  4176  4247 D HomeWallpaperRenderer: OFFSET  x: 0.5083333  y: 0.0
12-22 12:25:06.393  4176  4881 W OpenGLRenderer: Surface doesn't have any previously queued frames, nothing to readback from
12-22 12:25:06.398  1251  2448 I vendor.qti.hardware.display.composer-service: FrameNotifyProcess Sensor: notify citsensorservice to trigger cwb
12-22 12:25:06.398  2027  2027 I libcitsensorservice@2.0-impl: msg_transfer
12-22 12:25:06.398  2027  3266 D vendor.xiaomi.sensor.citsensorservice@2.0-service: handle id:10 wxh:1280x2400 uwxuh:1080x2400 size: 9216000 fd:15 fd_meta:16 flags:0x4000228 usage:0x33  format:0x3 layer_count: 1
12-22 12:25:06.398  1251  2216 I SDM     : HWCSession::SetCWBOutputBuffer: CWB config passed by cwb_client : tappoint 1  CWB_ROI : (829.000000 4.000000 915.000000 90.000000)
12-22 12:25:06.401  4176  4247 D HomeWallpaperRenderer: OFFSET  x: 0.50648147  y: 0.0
12-22 12:25:06.402  4176  4881 W OpenGLRenderer: Surface doesn't have any previously queued frames, nothing to readback from
12-22 12:25:06.409  4176  4247 D HomeWallpaperRenderer: OFFSET  x: 0.5050926  y: 0.0
12-22 12:25:06.409  4176  4881 W OpenGLRenderer: Surface doesn't have any previously queued frames, nothing to readback from
12-22 12:25:06.415  1251  3578 I SDM     : HWCSession::ProcessRequests: Successfully configured CWB buffer.
12-22 12:25:06.417  4176  4247 D HomeWallpaperRenderer: OFFSET  x: 0.5037037  y: 0.0
12-22 12:25:06.417  4176  4881 W OpenGLRenderer: Surface doesn't have any previously queued frames, nothing to readback from
12-22 12:25:06.424  1251  3578 I SDM     : HWCSession::ProcessRequests: Pushing release fence in fenece wait queue.
12-22 12:25:06.424  1251  3578 I SDM     : HWCSession::ProcessRequests: Creating AsyncFenceWaits async thread.
12-22 12:25:06.425  1251  3578 I SDM     : HWCSession::ProcessRequests: Remove current CWB request from the pending request queue.
12-22 12:25:06.425  1251  3578 I SDM     : HWCSession::ProcessRequests: No pending cwb requests found in the queue.
12-22 12:25:06.426  4176  4247 D HomeWallpaperRenderer: OFFSET  x: 0.50277776  y: 0.0
12-22 12:25:06.426  4176  4881 W OpenGLRenderer: Surface doesn't have any previously queued frames, nothing to readback from
12-22 12:25:06.431  1251  1467 I SDM     : HWDeviceDRM::SetupConcurrentWriteback: Tear down the Concurrent Writeback topology
12-22 12:25:06.434  4176  4247 D HomeWallpaperRenderer: OFFSET  x: 0.50185186  y: 0.0
12-22 12:25:06.434  4176  4881 W OpenGLRenderer: Surface doesn't have any previously queued frames, nothing to readback from
12-22 12:25:06.438  1251  3579 I SDM     : HWCSession::NotifyCWBStatus: Notify the client about buffer status 0.
12-22 12:25:06.439  1251  3579 I SDM     : HWCSession::PerformFenceWaits: Remove current release fence from the pending fence wait queue.
12-22 12:25:06.439  1251  3579 I SDM     : HWCSession::PerformFenceWaits: CWB fence queue is empty. No pending release fence to wait on.
12-22 12:25:06.442  4176  4247 D HomeWallpaperRenderer: OFFSET  x: 0.5013889  y: 0.0
12-22 12:25:06.442  4176  4881 W OpenGLRenderer: Surface doesn't have any previously queued frames, nothing to readback from
12-22 12:25:06.450  4176  4247 D HomeWallpaperRenderer: OFFSET  x: 0.5009259  y: 0.0
12-22 12:25:06.450  4176  4881 W OpenGLRenderer: Surface doesn't have any previously queued frames, nothing to readback from
12-22 12:25:06.459  4176  4247 D HomeWallpaperRenderer: OFFSET  x: 0.50046295  y: 0.0
12-22 12:25:06.460  4176  4881 W OpenGLRenderer: Surface doesn't have any previously queued frames, nothing to readback from
12-22 12:25:06.467  4176  4247 D HomeWallpaperRenderer: OFFSET  x: 0.5  y: 0.0
12-22 12:25:06.468  4176  4881 W OpenGLRenderer: Surface doesn't have any previously queued frames, nothing to readback from
12-22 12:25:06.474  9868  9868 D ScreenView_Workspace: setCurrentScreenInner:1
12-22 12:25:06.475  9868  9868 D Launcher.XOutUtils: canRecommendScreenShow, isShowXout=false
12-22 12:25:06.475  9868  9868 D Launcher.RecommendController: request, because cached data expired true recommend data too few false cloud data expired false
12-22 12:25:06.475  9868  9868 D Launcher.XOutUtils: canRecommendScreenShow, isShowXout=false
12-22 12:25:06.476  9868  9868 D Launcher.RecommendController:  mode 1
12-22 12:25:06.476  9868  9868 D Launcher.RecommendController: request CN guess data
12-22 12:25:06.476  9868  9868 D Launcher.RecommendController: folder display and try to request recommend list
12-22 12:25:06.476  9868  9868 D Launcher.XOutUtils: canRecommendScreenShow, isShowXout=false
12-22 12:25:06.476  9868  9868 D Launcher.XOutUtils: canRecommendScreenShow, isShowXout=false
12-22 12:25:06.476  9868  9868 D Launcher.RecommendController: folder display and try to request recommend list
12-22 12:25:06.476  9868  9868 D EventBus: No subscribers registered for event class com.miui.home.launcher.common.messages.CurrentScreenIdMessage
12-22 12:25:06.476  9868  9868 D EventBus: No subscribers registered for event class org.greenrobot.eventbus.NoSubscriberEvent
12-22 12:25:06.476  9868  9868 D Launcher.UserPresentAnimation: checkMissingIcon
12-22 12:25:06.476 20304 20444 D IdProviderImpl: getOAID from com.miui.analytics
12-22 12:25:06.476  9868 11305 I MSA-AD-SDK-v2.InternalPreInstallAdHelper: loadDesktopRecommendAdInfo
12-22 12:25:06.477  9868 11305 I MSA-AD-SDK-MsaUtils: versionCode=2022111610,isNew=true
12-22 12:25:06.478  9868 11305 I MSA-AD-SDK-InternalPreInstallAdHelperV2: loadDesktopRecommendAdInfo
12-22 12:25:06.478  9868 11305 I RemoteMethodInvoker: package com.miui.msa.internal.preinstall.v2, Unknown, version 0.0interface com.miui.msa.internal.preinstall.v2.IInternalPreInstallAdV2
12-22 12:25:06.484 20304 20444 D IdProviderImpl: getOAID from com.miui.analytics
12-22 12:25:06.487  2475  3650 I MiuiNetworkPolicyTrafficLimit: updateWhiteListUidForMobileTraffic uid=10119,add=true
12-22 12:25:06.488  2475  3650 D MiuiNetworkPolicyTrafficLimit: updateWhiteListUidForMobileTraffic rst=true
12-22 12:25:06.493  9868  3580 I RemoteMethodInvoker: com.miui.msa.internal.preinstall.v2.IInternalPreInstallAdV2
12-22 12:25:06.493  9868  3580 I RemoteMethodInvoker: mService: com.miui.msa.internal.preinstall.v2.IInternalPreInstallAdV2$Stub$Proxy@4709287, service: android.os.BinderProxy@bfdb5b4
12-22 12:25:06.497  2773  2865 I Ad      : isPersonalizedAdEnabled getAdSettings: 1
12-22 12:25:06.503  2773  2865 D IdProviderImpl: getUDID from com.miui.systemAdSolution
12-22 12:25:06.504  2773  2865 D IdProviderImpl: getOAID from com.miui.systemAdSolution
12-22 12:25:06.506  2773  2865 D IdProviderImpl: getVAID from com.miui.systemAdSolution
12-22 12:25:06.565  2773  2865 W AD-PLUGIN-InternalPreInstallServer@ASEV30: response error, message: request limit is exceeded
12-22 12:25:06.565  2773  2865 E AD-PLUGIN-InternalPreInstallImplV2: response is Null
12-22 12:25:06.570  9868 11305 D Launcher.RecommendController: Guess AdInfoList null
12-22 12:25:06.570  9868 11305 D Launcher.CommercialCommons: don't filter data, requested data is empty
12-22 12:25:06.571  9868  9868 D Launcher.RecommendController: requested data is empty
12-22 12:25:06.573  2475  3650 I MiuiNetworkPolicyTrafficLimit: updateWhiteListUidForMobileTraffic uid=10119,add=false
12-22 12:25:06.573  2475  3650 D MiuiNetworkPolicyTrafficLimit: updateWhiteListUidForMobileTraffic rst=true
12-22 12:25:06.574 20304 20444 D IdProviderImpl: getOAID from com.miui.analytics
12-22 12:25:06.577  9868 10058 D StatusBarController: handleMessage: flag 800000  disable false
12-22 12:25:06.577  9868  9868 D Launcher_WallpaperUtils: changeStatusBarMode:false
12-22 12:25:06.622  9660  9660 D MiuiImsPhoneCallTrackerStubImpl: onReceive : android.net.wifi.RSSI_CHANGED
12-22 12:25:06.622  9660  9660 D MiuiImsPhoneCallTrackerStubImpl: onReceive : android.net.wifi.RSSI_CHANGED
12-22 12:25:06.626  1267  5427 E ANDR-PERF-LM: SilkyScrolls: emptyContentDetection() 636: empty Content found
12-22 12:25:06.627  4371  5534 D QCNEJ/NativeHalConnector: -> SND notifyDefaultNetworkChanged(1)
12-22 12:25:06.631  5773  8961 I SLM-SRV-SLAService: onCapabilitiesChanged WIFI master
12-22 12:25:06.642 19413 19468 D TAB.NetworkUtils: network onCapabilitiesChanged
12-22 12:25:06.647  1251  2448 I vendor.qti.hardware.display.composer-service: FrameNotifyProcess Sensor: notify citsensorservice to trigger cwb
12-22 12:25:06.648  2027  2027 I libcitsensorservice@2.0-impl: msg_transfer
12-22 12:25:06.648  2027  3266 D vendor.xiaomi.sensor.citsensorservice@2.0-service: handle id:10 wxh:1280x2400 uwxuh:1080x2400 size: 9216000 fd:15 fd_meta:16 flags:0x4000228 usage:0x33  format:0x3 layer_count: 1
12-22 12:25:06.648  1251  2216 I SDM     : HWCSession::SetCWBOutputBuffer: CWB config passed by cwb_client : tappoint 1  CWB_ROI : (829.000000 4.000000 915.000000 90.000000)
12-22 12:25:06.649  1251  3583 I SDM     : HWCSession::ProcessRequests: Successfully configured CWB buffer.
12-22 12:25:06.662  1251  3583 I SDM     : HWCSession::ProcessRequests: Pushing release fence in fenece wait queue.
12-22 12:25:06.662  1251  3583 I SDM     : HWCSession::ProcessRequests: Creating AsyncFenceWaits async thread.
12-22 12:25:06.663  1251  3583 I SDM     : HWCSession::ProcessRequests: Remove current CWB request from the pending request queue.
12-22 12:25:06.663  1251  3583 I SDM     : HWCSession::ProcessRequests: No pending cwb requests found in the queue.
12-22 12:25:06.670  1251  1467 I SDM     : HWDeviceDRM::SetupConcurrentWriteback: Tear down the Concurrent Writeback topology
12-22 12:25:06.672  1251  3584 I SDM     : HWCSession::NotifyCWBStatus: Notify the client about buffer status 0.
12-22 12:25:06.672  1251  3584 I SDM     : HWCSession::PerformFenceWaits: Remove current release fence from the pending fence wait queue.
12-22 12:25:06.672  1251  3584 I SDM     : HWCSession::PerformFenceWaits: CWB fence queue is empty. No pending release fence to wait on.
12-22 12:25:06.681  2027  3285 D libsensor-displayalgo: the value of  brightness:384.000000,R:49400229.804449,G:48784901.533832,B:45294623.830247,EVENT_C:3345.000000,EVENT_R:1468.000000,EVENT_G:1773.000000,EVENT_B:754.500000
12-22 12:25:06.681  2027  3285 I libsensor-displayalgo: the value of  Coef1:1107.681000,Coef4:2.383000, scale1:0.935522, scale4:0.923264
12-22 12:25:06.681  2027  3285 E libsensor-displayalgo: RGB_test_0407_400_oldzy!
12-22 12:25:06.681  2027  3285 I libsensor-displayalgo: the value of  RESULT2099.771008,827.352456,1043.636352,371.057531
12-22 12:25:06.681  2027  3285 I libsensor-displayalgo: the value of  getChannelDataCalibrated2192.728611,767.234745,1205.578502,401.920086
12-22 12:25:06.681  2027  3285 I libsensor-displayalgo: the value of  REAL LUX52.076588
12-22 12:25:06.681  2027  3285 I libsensor-displayalgo: the value of  CAL REAL LUX52.076588
12-22 12:25:06.746  2475  3037 D MIUIInput: [MotionEvent] publisher action=0x4, 586611113, channel 'a6e61f2 NavigationBar0 (server)'
12-22 12:25:06.746  2475  3037 D MIUIInput: [MotionEvent] publisher action=0x4, 586611113, channel '5846fe4 NotificationShade (server)'
