06-14 16:34:44.194  3844  4724 V Avrcp_ext: updatePlayerStateAndPosition, old=PlaybackState {state=3, position=24, buffered position=0, speed=1.0, updated=20257544, actions=894, custom actions=[], active item id=-1, error=null}, state=PlaybackState {state=2, position=417, buffered position=0, speed=1.0, updated=20257782, actions=894, custom actions=[], active item id=-1, error=null}
06-14 16:34:44.194  3844  4724 V Avrcp_ext: old state = PlaybackState {state=3, position=24, buffered position=0, speed=1.0, updated=20257544, actions=894, custom actions=[], active item id=-1, error=null}, new state= PlaybackState {state=2, position=417, buffered position=0, speed=1.0, updated=20257782, actions=894, custom actions=[], active item id=-1, error=null}
06-14 16:34:44.194  3844  4724 D HeadsetService: getHeadsetService(): returning com.android.bluetooth.hfp.HeadsetService@7e2faf
06-14 16:34:44.194  3844  4724 D HeadsetService:  isAudioOn: The number of audio connected devices 0
06-14 16:34:44.194  3844  4724 D HeadsetService: isScoOrCallActive(): Call Active:falseCall is Ringing:falseSCO is Active:false
06-14 16:34:44.194  3844  4724 D HeadsetService:  isAudioOn: The number of audio connected devices 0
06-14 16:34:44.194  3844  4724 I Avrcp_ext: updatePlayStatusForDevice: device: null
06-14 16:34:44.194  3844  4724 V Avrcp_ext: updatePlaybackState (1): old=PlaybackState {state=0, position=0, buffered position=0, speed=0.0, updated=0, actions=894, custom actions=[], active item id=-1, error=null}(0), new=PlaybackState {state=2, position=417, buffered position=0, speed=1.0, updated=20257782, actions=894, custom actions=[], active item id=-1, error=null}(2)
06-14 16:34:44.194  3844  4724 I Avrcp_ext: Exit updatePlayStatusForDevice
06-14 16:34:44.194  3844  4724 D HeadsetService:  isAudioOn: The number of audio connected devices 0
06-14 16:34:44.194  3844  4724 D HeadsetService: isScoOrCallActive(): Call Active:falseCall is Ringing:falseSCO is Active:false
06-14 16:34:44.194  3844  4724 D HeadsetService:  isAudioOn: The number of audio connected devices 0
06-14 16:34:44.194  3844  4724 I Avrcp_ext: updatePlayStatusForDevice: device: null
06-14 16:34:44.194  3844  4724 V Avrcp_ext: updatePlaybackState (1): old=PlaybackState {state=0, position=0, buffered position=0, speed=0.0, updated=0, actions=894, custom actions=[], active item id=-1, error=null}(0), new=PlaybackState {state=2, position=417, buffered position=0, speed=1.0, updated=20257782, actions=894, custom actions=[], active item id=-1, error=null}(2)
06-14 16:34:44.194  3844  4724 I Avrcp_ext: Exit updatePlayStatusForDevice
06-14 16:34:44.194  3844  4724 D HeadsetService:  isAudioOn: The number of audio connected devices 0
06-14 16:34:44.194  3844  4724 D HeadsetService: isScoOrCallActive(): Call Active:falseCall is Ringing:falseSCO is Active:false
06-14 16:34:44.194  3844  4724 D HeadsetService:  isAudioOn: The number of audio connected devices 0
06-14 16:34:44.194  3844  4724 I Avrcp_ext: updatePlayStatusForDevice: device: null
06-14 16:34:44.194  3844  4724 V Avrcp_ext: updatePlaybackState (1): old=PlaybackState {state=0, position=0, buffered position=0, speed=0.0, updated=0, actions=894, custom actions=[], active item id=-1, error=null}(0), new=PlaybackState {state=2, position=417, buffered position=0, speed=1.0, updated=20257782, actions=894, custom actions=[], active item id=-1, error=null}(2)
06-14 16:34:44.194  3844  4724 I Avrcp_ext: Exit updatePlayStatusForDevice
06-14 16:34:44.194  3844  4724 D HeadsetService:  isAudioOn: The number of audio connected devices 0
06-14 16:34:44.194  3844  4724 D HeadsetService: isScoOrCallActive(): Call Active:falseCall is Ringing:falseSCO is Active:false
06-14 16:34:44.195  3844  4724 D HeadsetService:  isAudioOn: The number of audio connected devices 0
06-14 16:34:44.195  3844  4724 I Avrcp_ext: updatePlayStatusForDevice: device: null
06-14 16:34:44.195  3844  4724 V Avrcp_ext: updatePlaybackState (1): old=PlaybackState {state=0, position=0, buffered position=0, speed=0.0, updated=0, actions=894, custom actions=[], active item id=-1, error=null}(0), new=PlaybackState {state=2, position=417, buffered position=0, speed=1.0, updated=20257782, actions=894, custom actions=[], active item id=-1, error=null}(2)
06-14 16:34:44.195  3844  4724 I Avrcp_ext: Exit updatePlayStatusForDevice
06-14 16:34:44.195  3844  4724 D HeadsetService:  isAudioOn: The number of audio connected devices 0
06-14 16:34:44.195  3844  4724 D HeadsetService: isScoOrCallActive(): Call Active:falseCall is Ringing:falseSCO is Active:false
06-14 16:34:44.195  3844  4724 D HeadsetService:  isAudioOn: The number of audio connected devices 0
06-14 16:34:44.195  3844  4724 I Avrcp_ext: updatePlayStatusForDevice: device: null
06-14 16:34:44.195  3844  4724 V Avrcp_ext: updatePlaybackState (1): old=PlaybackState {state=0, position=0, buffered position=0, speed=0.0, updated=0, actions=894, custom actions=[], active item id=-1, error=null}(0), new=PlaybackState {state=2, position=417, buffered position=0, speed=1.0, updated=20257782, actions=894, custom actions=[], active item id=-1, error=null}(2)
06-14 16:34:44.195  3844  4724 I Avrcp_ext: Exit updatePlayStatusForDevice
06-14 16:34:44.195  3844  4724 D Avrcp_ext: Enter sendPlayPosNotificationRsp
06-14 16:34:44.195  3844  4724 D Avrcp_ext: sendPlayPosNotificationRsp: Not registered or requesting.
06-14 16:34:44.195  3844  4724 D Avrcp_ext: Enter sendPlayPosNotificationRsp
06-14 16:34:44.195  3844  4724 D Avrcp_ext: sendPlayPosNotificationRsp: Not registered or requesting.
06-14 16:34:44.195  3844  4724 D Avrcp_ext: Enter sendPlayPosNotificationRsp
06-14 16:34:44.195  3844  4724 D Avrcp_ext: sendPlayPosNotificationRsp: Not registered or requesting.
06-14 16:34:44.195  3844  4724 D Avrcp_ext: Enter sendPlayPosNotificationRsp
06-14 16:34:44.195  3844  4724 D Avrcp_ext: sendPlayPosNotificationRsp: Not registered or requesting.
06-14 16:34:44.195  3844  4724 D Avrcp_ext: Enter sendPlayPosNotificationRsp
06-14 16:34:44.195  3844  4724 D Avrcp_ext: sendPlayPosNotificationRsp: Not registered or requesting.
06-14 16:34:44.195  3844  4724 V Avrcp_ext: Exit updatePlayerStateAndPosition
06-14 16:34:44.195  3844  4724 V Avrcp_ext:  Exit onPlaybackStateChanged
06-14 16:34:44.196  2018  3127 D libsensor-displayalgo: the value of  brightness:438.000000,R:16500712.411647,G:14659967.980128,B:30852130.283025,EVENT_C:3927.000000,EVENT_R:1582.500000,EVENT_G:1941.500000,EVENT_B:785.500000
06-14 16:34:44.196  2018  3127 I libsensor-displayalgo: the value of  Coef1:1107.681000,Coef4:2.383000, scale1:0.935522, scale4:0.923264
06-14 16:34:44.196  2018  3127 E libsensor-displayalgo: RGB_test_0407_400_oldzy!
06-14 16:34:44.196  2018  3127 I libsensor-displayalgo: the value of  RESULT1049.699172,403.281214,525.938003,194.177702
06-14 16:34:44.196  2018  3127 I libsensor-displayalgo: the value of  getChannelDataCalibrated1100.552278,373.516136,611.299939,211.931895
06-14 16:34:44.196  2018  3127 I libsensor-displayalgo: the value of  REAL LUX167.824829
06-14 16:34:44.196  2018  3127 I libsensor-displayalgo: the value of  CAL REAL LUX167.824829
06-14 16:34:44.197  4233  4233 D MiPlayDetailViewModel: onPlaybackStateChange(): state = 2
06-14 16:34:44.198  2431  5845 I WindowManagerService: Physical orientation applied, rotation=0 sfOrientation=ORIENTATION_0
06-14 16:34:44.207  2431  5845 I WindowManagerService: Physical orientation applied, rotation=0 sfOrientation=ORIENTATION_0
06-14 16:34:44.218  2431  4801 I WindowManagerService: Physical orientation applied, rotation=0 sfOrientation=ORIENTATION_0
06-14 16:34:44.233  5735  9202 W Parcel  : **** enforceInterface() expected 'com.miui.gamebooster.service.ISecurityCenterNotificationListener' but read 'android.service.notification.INotificationListener'
06-14 16:34:44.233  5735  9202 W Binder  : Caught a RuntimeException from the binder stub implementation.
06-14 16:34:44.233  5735  9202 W Binder  : java.lang.SecurityException: Binder invocation to an incorrect interface
06-14 16:34:44.233  5735  9202 W Binder  : 	at android.os.Parcel.nativeEnforceInterface(Native Method)
06-14 16:34:44.233  5735  9202 W Binder  : 	at android.os.Parcel.enforceInterface(Parcel.java:699)
06-14 16:34:44.233  5735  9202 W Binder  : 	at com.miui.gamebooster.service.ISecurityCenterNotificationListener$Stub.onTransact(Unknown Source:18)
06-14 16:34:44.233  5735  9202 W Binder  : 	at android.os.Binder.execTransactInternal(Binder.java:1190)
06-14 16:34:44.233  5735  9202 W Binder  : 	at android.os.Binder.execTransact(Binder.java:1149)
06-14 16:34:44.234  5285  5285 D MiBarrage: No barrage: not in game scene or in video scene
06-14 16:34:44.236  4233  4233 D InterruptionStateProvider: No alerting: filtered notification: 0|cn.missevan|1500|null|10486
06-14 16:34:44.237  4233  4233 D InterruptionStateProvider: No alerting: filtered notification: 0|cn.missevan|1500|null|10486
06-14 16:34:44.241  5285  5285 D MiBarrage: No barrage: not in game scene or in video scene
06-14 16:34:44.241  5735  9202 W Parcel  : **** enforceInterface() expected 'com.miui.gamebooster.service.ISecurityCenterNotificationListener' but read 'android.service.notification.INotificationListener'
06-14 16:34:44.241  5735  9202 W Binder  : Caught a RuntimeException from the binder stub implementation.
06-14 16:34:44.241  5735  9202 W Binder  : java.lang.SecurityException: Binder invocation to an incorrect interface
06-14 16:34:44.241  5735  9202 W Binder  : 	at android.os.Parcel.nativeEnforceInterface(Native Method)
06-14 16:34:44.241  5735  9202 W Binder  : 	at android.os.Parcel.enforceInterface(Parcel.java:699)
06-14 16:34:44.241  5735  9202 W Binder  : 	at com.miui.gamebooster.service.ISecurityCenterNotificationListener$Stub.onTransact(Unknown Source:18)
06-14 16:34:44.241  5735  9202 W Binder  : 	at android.os.Binder.execTransactInternal(Binder.java:1190)
06-14 16:34:44.241  5735  9202 W Binder  : 	at android.os.Binder.execTransact(Binder.java:1149)
06-14 16:34:44.245  4233  4475 D PeopleSpaceWidgetMgr: Sbn doesn't contain valid PeopleTileKey: null/0/cn.missevan
06-14 16:34:44.251  5735  8037 V onNotificationPostedCallBack: flags=98
06-14 16:34:44.255  5735  8037 V m       : ret=0
06-14 16:34:44.256  5735  8037 V onNotificationPostedCallBack: flags=98
06-14 16:34:44.256  4233  4233 D InterruptionStateProvider: No alerting: filtered notification: 0|cn.missevan|1500|null|10486
06-14 16:34:44.258  4233  4233 D InterruptionStateProvider: No alerting: filtered notification: 0|cn.missevan|1500|null|10486
06-14 16:34:44.262  5735  8037 V m       : ret=0
06-14 16:34:44.264  4233  4233 I MediaCarouselController: media_data_arrive: addOrUpdatePlayer
06-14 16:34:44.264  4233  4233 I MiuiMediaControlPanel: media_data_arrive: bindPlayer: mPlayerViewHolder=com.android.systemui.media.PlayerViewHolder@48e003a
06-14 16:34:44.264  4233  4233 I MiuiMediaControlPanel: media_data_arrive: bindPlayer: 猫耳FM, 他似晨风起 | 第一期ED 《我爱你的四种写法》, Megrezz
06-14 16:34:44.264  4233  4233 I MiuiMediaControlPanel: MediaAction: contentDesc=快退; MediaAction: contentDesc=上一首; MediaAction: contentDesc=暂停; MediaAction: contentDesc=下一首; MediaAction: contentDesc=快进;
06-14 16:34:44.266  4233  4233 D MiuiMediaControlPanel: setArtwork---ProcessArtworkTask
06-14 16:34:44.266  4233  4475 D PeopleSpaceWidgetMgr: Sbn doesn't contain valid PeopleTileKey: null/0/cn.missevan
06-14 16:34:44.268  1265  2358 I vendor.qti.hardware.display.composer-service: FrameNotifyProcess Sensor: notify citsensorservice to trigger cwb
06-14 16:34:44.269  2018  2108 I libcitsensorservice@2.0-impl: msg_transfer
06-14 16:34:44.269  2018  3098 D vendor.xiaomi.sensor.citsensorservice@2.0-service: handle id:9 wxh:1280x2400 uwxuh:1080x2400 size: 9216000 fd:15 fd_meta:16 flags:0x4000228 usage:0x33  format:0x3 layer_count: 1
06-14 16:34:44.270  1383  2232 D AudioTrackShared: tallyUnderrunFrames(1541) at uf = 89976, bump mUnderrunCount = 5
06-14 16:34:44.270  1265  1889 I SDM     : HWCSession::SetCWBOutputBuffer: CWB config passed by cwb_client : tappoint 1  CWB_ROI : (829.000000 4.000000 915.000000 90.000000)
06-14 16:34:44.272  1265 32274 I SDM     : HWCSession::ProcessRequests: Successfully configured CWB buffer.
06-14 16:34:44.277  1265 32274 I SDM     : HWCSession::ProcessRequests: Pushing release fence in fenece wait queue.
06-14 16:34:44.278  1265 32274 I SDM     : HWCSession::ProcessRequests: Creating AsyncFenceWaits async thread.
06-14 16:34:44.278  1265 32274 I SDM     : HWCSession::ProcessRequests: Remove current CWB request from the pending request queue.
06-14 16:34:44.278  1265 32274 I SDM     : HWCSession::ProcessRequests: No pending cwb requests found in the queue.
06-14 16:34:44.279  4233  4233 I MediaCarouselController: media_data_arrive: addOrUpdatePlayer
06-14 16:34:44.279  4233  4233 I MiuiMediaControlPanel: media_data_arrive: bindPlayer: mPlayerViewHolder=com.android.systemui.media.PlayerViewHolder@48e003a
06-14 16:34:44.279  4233  4233 I MiuiMediaControlPanel: media_data_arrive: bindPlayer: 猫耳FM, 他似晨风起 | 第一期ED 《我爱你的四种写法》, Megrezz
06-14 16:34:44.279  4233  4233 I MiuiMediaControlPanel: MediaAction: contentDesc=快退; MediaAction: contentDesc=上一首; MediaAction: contentDesc=暂停; MediaAction: contentDesc=下一首; MediaAction: contentDesc=快进;
06-14 16:34:44.283  1265  1584 I SDM     : HWDeviceDRM::SetupConcurrentWriteback: Tear down the Concurrent Writeback topology
06-14 16:34:44.289 12128 12208 D IdProviderImpl: getOAID from com.miui.analytics
06-14 16:34:44.291  1265 32275 I SDM     : HWCSession::NotifyCWBStatus: Notify the client about buffer status 0.
06-14 16:34:44.291  1265 32275 I SDM     : HWCSession::PerformFenceWaits: Remove current release fence from the pending fence wait queue.
06-14 16:34:44.291  1265 32275 I SDM     : HWCSession::PerformFenceWaits: CWB fence queue is empty. No pending release fence to wait on.
06-14 16:34:44.295  5405  9716 D SLM-SRV-SLAService: checktemp temperature = 36747 temperature_average = 36414 isPerformanceMode = false thermal_enable_slm = true
06-14 16:34:44.295 30995 31912 I @@@BBPLOG: Info TAE46BCB0 CTCPSocket L69 Connect server: data.bilibili.com, port: 443, enable ssl: 1
06-14 16:34:44.298 12128 12208 D IdProviderImpl: getOAID from com.miui.analytics
06-14 16:34:44.360 30995 31912 I @@@BBPLOG: Info TAE46BCB0 CMbedSSL L29 Create SSL: CMbedSSL
06-14 16:34:44.376 30780 30811 W QueryController: Could not detect idle state.
06-14 16:34:44.377 30780 30811 I appium  : AppiumResponse: {"sessionId":"ce6bd700-92e1-4f6c-87ef-ecfb0d8c7165","value":null}
06-14 16:34:44.386  1930  1967 I mstatdaemon: Entering time loop
06-14 16:34:44.386  1930  1967 I mstatdaemon: t = 1686731684
06-14 16:34:44.386  1930  1967 I mstatdaemon: translated_t = 1370741684
06-14 16:34:44.386  1930  1967 I mstat_log: mstatcommitLog log_alloc() failed
06-14 16:34:44.401 30995 31206 I @@@BBPLOG: Info T19E44CB0 CCronetHttpIO L271 [0x71138d15c0] OnRequestFinished, connect time: 51, dns time: 42, remote ip: 116.207.143.88
06-14 16:34:44.401 30995 31206 I @@@BBPLOG: Info T19E44CB0 CCronetHttpIO L214 [0x71138d15c0] OnSucceeded
06-14 16:34:44.402 30995 32271 I @@@BBPLOG: Info TAE231CB0 CBPMFileIO L326 Cache done!
06-14 16:34:44.402 30995 32271 I @@@BBPLOG: Info TAE231CB0 CCacheIO L142 Finish cache, file name /data/user/0/cn.missevan/cache/bbp/player/main/d5f0a26f1542b2d1be5977fbe0bd8903.bpm
06-14 16:34:44.407  2431  2637 W WindowManager: Unable to start animation, surface is null or no children.
06-14 16:34:44.435  5735  9202 W Parcel  : **** enforceInterface() expected 'com.miui.gamebooster.service.ISecurityCenterNotificationListener' but read 'android.service.notification.INotificationListener'
06-14 16:34:44.438  5285  5285 D MiBarrage: No barrage: not in game scene or in video scene
06-14 16:34:44.440  5735  8037 V onNotificationPostedCallBack: flags=98
06-14 16:34:44.440  5735  9202 W Binder  : Caught a RuntimeException from the binder stub implementation.
06-14 16:34:44.440  5735  9202 W Binder  : java.lang.SecurityException: Binder invocation to an incorrect interface
06-14 16:34:44.440  5735  9202 W Binder  : 	at android.os.Parcel.nativeEnforceInterface(Native Method)
06-14 16:34:44.440  5735  9202 W Binder  : 	at android.os.Parcel.enforceInterface(Parcel.java:699)
06-14 16:34:44.440  5735  9202 W Binder  : 	at com.miui.gamebooster.service.ISecurityCenterNotificationListener$Stub.onTransact(Unknown Source:18)
06-14 16:34:44.440  5735  9202 W Binder  : 	at android.os.Binder.execTransactInternal(Binder.java:1190)
06-14 16:34:44.440  5735  9202 W Binder  : 	at android.os.Binder.execTransact(Binder.java:1149)
06-14 16:34:44.441  5735  9202 W Parcel  : **** enforceInterface() expected 'com.miui.gamebooster.service.ISecurityCenterNotificationListener' but read 'android.service.notification.INotificationListener'
06-14 16:34:44.442  5735  8037 V m       : ret=0
06-14 16:34:44.442  5735  8037 V onNotificationPostedCallBack: flags=98
06-14 16:34:44.443  5735  9202 W Binder  : Caught a RuntimeException from the binder stub implementation.
06-14 16:34:44.443  5735  9202 W Binder  : java.lang.SecurityException: Binder invocation to an incorrect interface
06-14 16:34:44.443  5735  9202 W Binder  : 	at android.os.Parcel.nativeEnforceInterface(Native Method)
06-14 16:34:44.443  5735  9202 W Binder  : 	at android.os.Parcel.enforceInterface(Parcel.java:699)
06-14 16:34:44.443  5735  9202 W Binder  : 	at com.miui.gamebooster.service.ISecurityCenterNotificationListener$Stub.onTransact(Unknown Source:18)
06-14 16:34:44.443  5735  9202 W Binder  : 	at android.os.Binder.execTransactInternal(Binder.java:1190)
06-14 16:34:44.443  5735  9202 W Binder  : 	at android.os.Binder.execTransact(Binder.java:1149)
06-14 16:34:44.449  5735  8037 V m       : ret=0
06-14 16:34:44.452  5285  5285 D MiBarrage: No barrage: not in game scene or in video scene
06-14 16:34:44.454  4233  4233 D InterruptionStateProvider: No alerting: filtered notification: 0|cn.missevan|1500|null|10486
06-14 16:34:44.456  4233  4233 D InterruptionStateProvider: No alerting: filtered notification: 0|cn.missevan|1500|null|10486
06-14 16:34:44.460  4233  4475 D PeopleSpaceWidgetMgr: Sbn doesn't contain valid PeopleTileKey: null/0/cn.missevan
06-14 16:34:44.461  4233  4233 D InterruptionStateProvider: No alerting: filtered notification: 0|cn.missevan|1500|null|10486
06-14 16:34:44.462  4233  4233 D InterruptionStateProvider: No alerting: filtered notification: 0|cn.missevan|1500|null|10486
06-14 16:34:44.466  4233  4475 D PeopleSpaceWidgetMgr: Sbn doesn't contain valid PeopleTileKey: null/0/cn.missevan
06-14 16:34:44.474  4233  4233 I MediaCarouselController: media_data_arrive: addOrUpdatePlayer
06-14 16:34:44.474  4233  4233 I MiuiMediaControlPanel: media_data_arrive: bindPlayer: mPlayerViewHolder=com.android.systemui.media.PlayerViewHolder@48e003a
06-14 16:34:44.474  4233  4233 I MiuiMediaControlPanel: media_data_arrive: bindPlayer: 猫耳FM, 他似晨风起 | 第一期ED 《我爱你的四种写法》, Megrezz
06-14 16:34:44.474  4233  4233 I MiuiMediaControlPanel: MediaAction: contentDesc=快退; MediaAction: contentDesc=上一首; MediaAction: contentDesc=播放; MediaAction: contentDesc=下一首; MediaAction: contentDesc=快进;
06-14 16:34:44.480  4233  4233 I MediaCarouselController: media_data_arrive: addOrUpdatePlayer
06-14 16:34:44.480  4233  4233 I MiuiMediaControlPanel: media_data_arrive: bindPlayer: mPlayerViewHolder=com.android.systemui.media.PlayerViewHolder@48e003a
06-14 16:34:44.481  4233  4233 I MiuiMediaControlPanel: media_data_arrive: bindPlayer: 猫耳FM, 他似晨风起 | 第一期ED 《我爱你的四种写法》, Megrezz
06-14 16:34:44.481  4233  4233 I MiuiMediaControlPanel: MediaAction: contentDesc=快退; MediaAction: contentDesc=上一首; MediaAction: contentDesc=播放; MediaAction: contentDesc=下一首; MediaAction: contentDesc=快进;
06-14 16:34:44.491 12128 12208 D IdProviderImpl: getOAID from com.miui.analytics
06-14 16:34:44.495 12128 12208 D IdProviderImpl: getOAID from com.miui.analytics
06-14 16:34:44.495  2018  3127 D libsensor-displayalgo: the value of  brightness:438.000000,R:16500712.411647,G:14659967.980128,B:30852130.283025,EVENT_C:3931.500000,EVENT_R:1585.000000,EVENT_G:1944.000000,EVENT_B:787.000000
06-14 16:34:44.495  2018  3127 I libsensor-displayalgo: the value of  Coef1:1107.681000,Coef4:2.383000, scale1:0.935522, scale4:0.923264
06-14 16:34:44.495  2018  3127 E libsensor-displayalgo: RGB_test_0407_400_oldzy!
06-14 16:34:44.496  2018  3127 I libsensor-displayalgo: the value of  RESULT1049.699172,403.281214,525.938003,194.177702
06-14 16:34:44.496  2018  3127 I libsensor-displayalgo: the value of  getChannelDataCalibrated1100.552278,373.516136,611.299939,211.931895
06-14 16:34:44.496  2018  3127 I libsensor-displayalgo: the value of  REAL LUX168.040039
06-14 16:34:44.496  2018  3127 I libsensor-displayalgo: the value of  CAL REAL LUX168.040039
06-14 16:34:44.554 30995 31912 I @@@BBPLOG: Info TAE46BCB0 CDataLogSender L88 Send log data 715 and response code is 200
06-14 16:34:44.556 30995 31912 I @@@BBPLOG: Info TAE46BCB0 CDataLogMng L341 Delete log file 1686731683893.ovw
06-14 16:34:44.571  1265  2358 I vendor.qti.hardware.display.composer-service: FrameNotifyProcess Sensor: notify citsensorservice to trigger cwb
06-14 16:34:44.572  2018  2108 I libcitsensorservice@2.0-impl: msg_transfer
06-14 16:34:44.572  2018  3098 D vendor.xiaomi.sensor.citsensorservice@2.0-service: handle id:9 wxh:1280x2400 uwxuh:1080x2400 size: 9216000 fd:15 fd_meta:16 flags:0x4000228 usage:0x33  format:0x3 layer_count: 1
06-14 16:34:44.573  1265  1889 I SDM     : HWCSession::SetCWBOutputBuffer: CWB config passed by cwb_client : tappoint 1  CWB_ROI : (829.000000 4.000000 915.000000 90.000000)
06-14 16:34:44.575  1265 32276 I SDM     : HWCSession::ProcessRequests: Successfully configured CWB buffer.
06-14 16:34:44.582  1265 32276 I SDM     : HWCSession::ProcessRequests: Pushing release fence in fenece wait queue.
06-14 16:34:44.582  1265 32276 I SDM     : HWCSession::ProcessRequests: Creating AsyncFenceWaits async thread.
06-14 16:34:44.583  1265 32276 I SDM     : HWCSession::ProcessRequests: Remove current CWB request from the pending request queue.
06-14 16:34:44.583  1265 32276 I SDM     : HWCSession::ProcessRequests: No pending cwb requests found in the queue.
06-14 16:34:44.588  1265  1584 I SDM     : HWDeviceDRM::SetupConcurrentWriteback: Tear down the Concurrent Writeback topology
06-14 16:34:44.595  1265 32277 I SDM     : HWCSession::NotifyCWBStatus: Notify the client about buffer status 0.
06-14 16:34:44.596  1265 32277 I SDM     : HWCSession::PerformFenceWaits: Remove current release fence from the pending fence wait queue.
06-14 16:34:44.596  1265 32277 I SDM     : HWCSession::PerformFenceWaits: CWB fence queue is empty. No pending release fence to wait on.
06-14 16:34:44.647 13036 13188 D MemoryCeilingMonitor: [handleMemoryCalculate]
06-14 16:34:44.648 13036 13188 D MemoryCeilingMonitor: [calculate] tot: 5801800, max: 268435456, free: 1785856, heap: 4015944, per: 0.014960557222366333
06-14 16:34:44.796  2018  3127 D libsensor-displayalgo: the value of  brightness:438.000000,R:16500712.411647,G:14659967.980128,B:30852130.283025,EVENT_C:3927.500000,EVENT_R:1583.500000,EVENT_G:1942.000000,EVENT_B:786.000000
06-14 16:34:44.796  2018  3127 I libsensor-displayalgo: the value of  Coef1:1107.681000,Coef4:2.383000, scale1:0.935522, scale4:0.923264
06-14 16:34:44.796  2018  3127 E libsensor-displayalgo: RGB_test_0407_400_oldzy!
06-14 16:34:44.797  2018  3127 I libsensor-displayalgo: the value of  RESULT1049.699172,403.281214,525.938003,194.177702
06-14 16:34:44.797  2018  3127 I libsensor-displayalgo: the value of  getChannelDataCalibrated1100.552278,373.516136,611.299939,211.931895
06-14 16:34:44.797  2018  3127 I libsensor-displayalgo: the value of  REAL LUX167.804535
06-14 16:34:44.797  2018  3127 I libsensor-displayalgo: the value of  CAL REAL LUX167.804535
06-14 16:34:44.877  1265  2358 I vendor.qti.hardware.display.composer-service: FrameNotifyProcess Sensor: notify citsensorservice to trigger cwb
06-14 16:34:44.877  2018  2108 I libcitsensorservice@2.0-impl: msg_transfer
06-14 16:34:44.878  2018  3098 D vendor.xiaomi.sensor.citsensorservice@2.0-service: handle id:9 wxh:1280x2400 uwxuh:1080x2400 size: 9216000 fd:15 fd_meta:16 flags:0x4000228 usage:0x33  format:0x3 layer_count: 1
06-14 16:34:44.878  1265  1889 I SDM     : HWCSession::SetCWBOutputBuffer: CWB config passed by cwb_client : tappoint 1  CWB_ROI : (829.000000 4.000000 915.000000 90.000000)
06-14 16:34:44.880  1265 32278 I SDM     : HWCSession::ProcessRequests: Successfully configured CWB buffer.
06-14 16:34:44.887  1265 32278 I SDM     : HWCSession::ProcessRequests: Pushing release fence in fenece wait queue.
06-14 16:34:44.887  1265 32278 I SDM     : HWCSession::ProcessRequests: Creating AsyncFenceWaits async thread.
06-14 16:34:44.887  1265 32278 I SDM     : HWCSession::ProcessRequests: Remove current CWB request from the pending request queue.
06-14 16:34:44.887  1265 32278 I SDM     : HWCSession::ProcessRequests: No pending cwb requests found in the queue.
06-14 16:34:44.893  1265  1584 I SDM     : HWDeviceDRM::SetupConcurrentWriteback: Tear down the Concurrent Writeback topology
06-14 16:34:44.900  1265 32279 I SDM     : HWCSession::NotifyCWBStatus: Notify the client about buffer status 0.
06-14 16:34:44.900  1265 32279 I SDM     : HWCSession::PerformFenceWaits: Remove current release fence from the pending fence wait queue.
06-14 16:34:44.900  1265 32279 I SDM     : HWCSession::PerformFenceWaits: CWB fence queue is empty. No pending release fence to wait on.
06-14 16:34:45.096  2018  3127 D libsensor-displayalgo: the value of  brightness:438.000000,R:16500712.411647,G:14659967.980128,B:30852130.283025,EVENT_C:3930.500000,EVENT_R:1585.500000,EVENT_G:1945.500000,EVENT_B:786.500000
06-14 16:34:45.096  2018  3127 I libsensor-displayalgo: the value of  Coef1:1107.681000,Coef4:2.383000, scale1:0.935522, scale4:0.923264
06-14 16:34:45.096  2018  3127 E libsensor-displayalgo: RGB_test_0407_400_oldzy!
06-14 16:34:45.097  2018  3127 I libsensor-displayalgo: the value of  RESULT1049.699172,403.281214,525.938003,194.177702
06-14 16:34:45.097  2018  3127 I libsensor-displayalgo: the value of  getChannelDataCalibrated1100.552278,373.516136,611.299939,211.931895
06-14 16:34:45.097  2018  3127 I libsensor-displayalgo: the value of  REAL LUX168.059448
06-14 16:34:45.097  2018  3127 I libsensor-displayalgo: the value of  CAL REAL LUX168.059448
06-14 16:34:45.181  1265  2358 I vendor.qti.hardware.display.composer-service: FrameNotifyProcess Sensor: notify citsensorservice to trigger cwb
06-14 16:34:45.183  2018  2108 I libcitsensorservice@2.0-impl: msg_transfer
06-14 16:34:45.183  2018  3098 D vendor.xiaomi.sensor.citsensorservice@2.0-service: handle id:9 wxh:1280x2400 uwxuh:1080x2400 size: 9216000 fd:15 fd_meta:16 flags:0x4000228 usage:0x33  format:0x3 layer_count: 1
06-14 16:34:45.184  1265  1889 I SDM     : HWCSession::SetCWBOutputBuffer: CWB config passed by cwb_client : tappoint 1  CWB_ROI : (829.000000 4.000000 915.000000 90.000000)
06-14 16:34:45.184  1265 32280 I SDM     : HWCSession::ProcessRequests: Successfully configured CWB buffer.
06-14 16:34:45.192  1265 32280 I SDM     : HWCSession::ProcessRequests: Pushing release fence in fenece wait queue.
06-14 16:34:45.192  1265 32280 I SDM     : HWCSession::ProcessRequests: Creating AsyncFenceWaits async thread.
06-14 16:34:45.193  1265 32280 I SDM     : HWCSession::ProcessRequests: Remove current CWB request from the pending request queue.
06-14 16:34:45.193  1265 32280 I SDM     : HWCSession::ProcessRequests: No pending cwb requests found in the queue.
06-14 16:34:45.198  1265  1584 I SDM     : HWDeviceDRM::SetupConcurrentWriteback: Tear down the Concurrent Writeback topology
06-14 16:34:45.204  1265 32281 I SDM     : HWCSession::NotifyCWBStatus: Notify the client about buffer status 0.
06-14 16:34:45.205  1265 32281 I SDM     : HWCSession::PerformFenceWaits: Remove current release fence from the pending fence wait queue.
06-14 16:34:45.205  1265 32281 I SDM     : HWCSession::PerformFenceWaits: CWB fence queue is empty. No pending release fence to wait on.
06-14 16:34:45.241  1383  2232 I AudioFlinger: BUFFER TIMEOUT: remove(109) from active list on thread 0xb400007df1289740
06-14 16:34:45.243  1383  2232 D AudioFlinger: updateWakeLockUids_l AudioOut_25 uids:
06-14 16:34:45.243  1383  2007 V APM::EffectDescriptor: setEffectEnabled(false) total CPU 0
06-14 16:34:45.247  1174  4973 D PAL: API: pal_set_param: 829: Enter: param id 27 (PAL_PARAM_ID_GAIN_LVL_CAL)
06-14 16:34:45.247  1174  4973 I PAL: ResourceManager: setParameter: 7783: Enter param id: 27 (PAL_PARAM_ID_GAIN_LVL_CAL)
06-14 16:34:45.247  1174  4973 D PAL: Stream: getAssociatedDevices: 492: no. of devices 1
06-14 16:34:45.247  1174  4973 D PAL: Stream: getAssociatedSession: 553: session 0xb400007152d0d800K
06-14 16:34:45.247  1174  4973 D PAL: SessionAlsaPcm: setConfig: 436: Enter tag: -1073741781
06-14 16:34:45.247  1174  4973 D PAL: Stream: getVolumeData: 574: num config 1
06-14 16:34:45.247  1258 22057 E ACDB    : AcdbComputeDeltaCKV:5762 Error[19]: No calibration data can be found. There is no difference between CKV[new] and CKV[old].
06-14 16:34:45.247  1258 22057 E ACDB    : AcdbCmdGetSubgraphCalDataNonPersist:5964 Error[19]: Failed to get the delta CKV
06-14 16:34:45.247  1258 22057 I gsl     : gsl_graph_send_persist_cal:857 Skipping persist cal for SG_ID -1342177278: already started
06-14 16:34:45.247  1258 22057 I gsl     : gsl_graph_send_persist_cal:857 Skipping persist cal for SG_ID -1342177272: already started
06-14 16:34:45.247  1258 22057 I gsl     : gsl_graph_send_persist_cal:857 Skipping persist cal for SG_ID -1342177252: already started
06-14 16:34:45.247  1258 22057 I gsl     : gsl_graph_send_persist_cal:857 Skipping persist cal for SG_ID -1342177279: already started
06-14 16:34:45.247  1174  4973 D PAL: SessionAlsaPcm: setConfig: 561: exit status: 0
06-14 16:34:45.247  1174  4973 D PAL: ResourceManager: setParameter: 8559: Exit status: 0
06-14 16:34:45.247  1174  4973 D PAL: API: pal_set_param: 844: Exit, status 0
06-14 16:34:45.248  1174  4973 D PAL: API: pal_set_param: 829: Enter: param id 27 (PAL_PARAM_ID_GAIN_LVL_CAL)
06-14 16:34:45.248  1174  4973 I PAL: ResourceManager: setParameter: 7783: Enter param id: 27 (PAL_PARAM_ID_GAIN_LVL_CAL)
06-14 16:34:45.248  1174  4973 D PAL: Stream: getAssociatedDevices: 492: no. of devices 1
06-14 16:34:45.248  1174  4973 D PAL: Stream: getAssociatedSession: 553: session 0xb400007152d0d800K
06-14 16:34:45.248  1174  4973 D PAL: SessionAlsaPcm: setConfig: 436: Enter tag: -1073741781
06-14 16:34:45.248  1174  4973 D PAL: Stream: getVolumeData: 574: num config 1
06-14 16:34:45.248  1258 22057 E ACDB    : AcdbComputeDeltaCKV:5762 Error[19]: No calibration data can be found. There is no difference between CKV[new] and CKV[old].
06-14 16:34:45.248  1258 22057 E ACDB    : AcdbCmdGetSubgraphCalDataNonPersist:5964 Error[19]: Failed to get the delta CKV
06-14 16:34:45.248  1258 22057 I gsl     : gsl_graph_send_persist_cal:857 Skipping persist cal for SG_ID -1342177278: already started
06-14 16:34:45.248  1258 22057 I gsl     : gsl_graph_send_persist_cal:857 Skipping persist cal for SG_ID -1342177272: already started
06-14 16:34:45.248  1258 22057 I gsl     : gsl_graph_send_persist_cal:857 Skipping persist cal for SG_ID -1342177252: already started
06-14 16:34:45.248  1258 22057 I gsl     : gsl_graph_send_persist_cal:857 Skipping persist cal for SG_ID -1342177279: already started
06-14 16:34:45.248  1174  4973 D PAL: SessionAlsaPcm: setConfig: 561: exit status: 0
06-14 16:34:45.248  1174  4973 D PAL: ResourceManager: setParameter: 8559: Exit status: 0
06-14 16:34:45.248  1174  4973 D PAL: API: pal_set_param: 844: Exit, status 0
06-14 16:34:45.249  1383  2007 V APM::EffectDescriptor: unregisterEffect() effect Volume listener for Music, ID 459, memory 1 total memory 1
06-14 16:34:45.249  1383  2007 D APM_AudioPolicyManager: stopOutput portId 93
06-14 16:34:45.249  1383  2007 D APM_AudioPolicyManager: stopOutput() output 37, stream 3, session 553
06-14 16:34:45.249  1383  2007 D APM_AudioPolicyManager: getNewOutputDevices selected devices AUDIO_DEVICE_NONE
06-14 16:34:45.249  1383  2007 D APM_AudioPolicyManager: setOutputDevices output 37 device AUDIO_DEVICE_NONE delayMs 218 force 0 requiresMuteCheck 1
06-14 16:34:45.249  1383  2007 D APM_AudioPolicyManager: setOutputDevices() prevDevice {type:0x2,@:}
06-14 16:34:45.250  5858  7043 I PowerCheckerService: uid:10486change to inactive
06-14 16:34:45.251  5858  6474 I a       : uid:10486change to inactive
06-14 16:34:45.257  1174  4973 V EffectMiSound: MiSound_command() start, cmdCode=20
06-14 16:34:45.257  1174  4973 V EffectMiSound: MiSound_Command EFFECT_CMD_OFFLOAD
06-14 16:34:45.257  1174  4973 V EffectMiSound: MiSound_command() start, cmdCode=1
06-14 16:34:45.257  1174  4973 V EffectMiSound: MiSound_setConfig start
06-14 16:34:45.257  1174  4973 V EffectMiSound: MiSound_command() start, cmdCode=9
06-14 16:34:45.257  1174  4973 V EffectMiSound: MiSound_Command EFFECT_CMD_SET_DEVICE: 0x00000002
06-14 16:34:45.257  1174  4973 D MiSoundQdspGefDriver: setDevice(device=0x00000002): old device 0x00000002
06-14 16:34:45.257  1174  4973 V EffectMiSound: MiSound_command() start, cmdCode=11
06-14 16:34:45.257  1174  4973 V EffectMiSound: MiSound_Command EFFECT_CMD_SET_AUDIO_MODE: 0
06-14 16:34:45.257  1174  4973 D DlbDlbEffect: effectCommand(handle=0xb40000715496f110, cmdCode=5, cmdSize=20, pCmdData=0xb4000071549fae40, replySize=4, pReplyData=0xb400007152c12308)
06-14 16:34:45.257  1174  4973 D DlbDlbEffect: handle_EFFECT_CMD_SET_PARAM()
06-14 16:34:45.257  1174  4973 V DlbDapEffectContext: setParam() received parameter EFFECT_PARAM_SKIP_HARD_BYPASS
06-14 16:34:45.257  1174  4973 V DlbEffectQdspDap: setPreferredOffType()
06-14 16:34:45.257  1174  4973 D DlbQdspGefDriver: setPreferredOffType(type=2)
06-14 16:34:45.257  1174  4973 D DlbDlbEffect: effectCommand(handle=0xb40000715496f110, cmdCode=4, cmdSize=0, pCmdData=0x0, replySize=4, pReplyData=0xb400007152c12300)
06-14 16:34:45.257  1174  4973 D DlbDlbEffect: handle_EFFECT_CMD_DISABLE()
06-14 16:34:45.257  1174  4973 V DlbEffectQdspDap: setEnabled()
06-14 16:34:45.257  1174  4973 V DlbEffectQdspDap: updateEnabled(enabled=0, bypassed=0)
06-14 16:34:45.257  1174  4973 D DlbQdspGefDriver: setEnabled(enable=0)
06-14 16:34:45.258  1174  4973 D DlbQdspGefDriver: setEnabled(): Skip the transient enabled state 0
06-14 16:34:45.258  1174  4973 D DlbDlbEffect: effectCommand(handle=0xb40000715496f110, cmdCode=20, cmdSize=8, pCmdData=0xb400007152c12308, replySize=4, pReplyData=0xb400007152c12300)
06-14 16:34:45.258  1174  4973 D DlbDlbEffect: handle_EFFECT_CMD_OFFLOAD(offload=0, ioHandle=13)
06-14 16:34:45.258  1174  4973 V EffectMiSound: MiSound_command() start, cmdCode=1
06-14 16:34:45.258  1174  4973 V EffectMiSound: MiSound_setConfig start
06-14 16:34:45.258  1174  4973 D DlbDlbEffect: effectCommand(handle=0xb40000715496f110, cmdCode=1, cmdSize=112, pCmdData=0x71371890a0, replySize=4, pReplyData=0x713718911c)
06-14 16:34:45.258  1174  4973 D DlbDlbEffect: handle_EFFECT_CMD_SET_CONFIG()
06-14 16:34:45.258  1174  4973 D DlbDlbEffect: effectCommand(handle=0xb40000715496f110, cmdCode=9, cmdSize=4, pCmdData=0xb400007152c12308, replySize=4, pReplyData=0xb400007152c12300)
06-14 16:34:45.258  1174  4973 D DlbDlbEffect: handle_EFFECT_CMD_SET_DEVICE(device=0x00000002)
06-14 16:34:45.258  1174  4973 V DlbDapEffectContext: setDevice(00000002)
06-14 16:34:45.258  1174  4973 V DlbEffectQdspDap: setBypass(bypass = 0)
06-14 16:34:45.258  1174  4973 V DlbEffectQdspDap: setDevice()
06-14 16:34:45.258  1174  4973 D DlbQdspGefDriver: setDevice(device=0x00000002): old device 0x00000002
06-14 16:34:45.258  1241  1241 D DMSService: setActiveDevice called with device = 0x2 (original 0x2)
06-14 16:34:45.258  1174  4973 D DlbDlbEffect: effectCommand(handle=0xb40000715496f110, cmdCode=11, cmdSize=4, pCmdData=0xb400007152c12308, replySize=4, pReplyData=0xb400007152c12300)
06-14 16:34:45.258  1174  4973 V DlbDlbEffect: handle_EFFECT_CMD_SET_AUDIO_MODE(mode=0x00000000)
06-14 16:34:45.258  1174  4973 D DlbDlbEffect: effectCommand(handle=0xb40000715496f110, cmdCode=20, cmdSize=8, pCmdData=0xb400007152c12308, replySize=4, pReplyData=0xb400007152c12300)
06-14 16:34:45.258  1174  4973 D DlbDlbEffect: handle_EFFECT_CMD_OFFLOAD(offload=1, ioHandle=13)
06-14 16:34:45.259  1174  4973 D DlbDlbEffect: effectCommand(handle=0xb40000715496f110, cmdCode=3, cmdSize=0, pCmdData=0x0, replySize=4, pReplyData=0xb400007152c12300)
06-14 16:34:45.259  1174  4973 D DlbDlbEffect: handle_EFFECT_CMD_ENABLE()
06-14 16:34:45.259  1174  4973 V DlbEffectQdspDap: setEnabled()
06-14 16:34:45.259  1174  4973 V DlbEffectQdspDap: updateEnabled(enabled=1, bypassed=0)
06-14 16:34:45.259  1174  4973 D DlbQdspGefDriver: setEnabled(enable=1)
06-14 16:34:45.259  1174  4973 D DlbQdspGefDriver: setEnabled(): the enabled state is already 1
06-14 16:34:45.259  1383  2007 V APM::EffectDescriptor: moveEffects session 0 srcOutput 37 dstOutput 13
06-14 16:34:45.269  1174  4973 D AHAL: AudioStream: astream_out_set_parameters: 808: enter: usecase(0: deep-buffer-playback) kvpairs: appname=-cn.missevan
06-14 16:34:45.269  1174  4973 D AHAL: AudioStreamCustom: SetParameters: 198: SetParameters(): set app name -cn.missevan
06-14 16:34:45.269  1174  4973 D AHAL: AudioStreamCustom: isSupportMisoundAsc mode is0
06-14 16:34:45.269  1174  4973 D AHAL: AudioStream: SetParameters: 2204: enter
06-14 16:34:45.269  1174  4973 I AHAL: AudioStream: SetParameters: 2213: ret 0, plugin device cont -1 stream -1
06-14 16:34:45.269  1174  4973 D AHAL: AudioStream: SetParameters: 2252: exit 0
06-14 16:34:45.269  1174  4973 D AHAL: AudioStream: astream_out_set_parameters: 825: Exit ret: 0
06-14 16:34:45.396  2018  3127 D libsensor-displayalgo: the value of  brightness:438.000000,R:16500712.411647,G:14659967.980128,B:30852130.283025,EVENT_C:3923.000000,EVENT_R:1583.500000,EVENT_G:1941.000000,EVENT_B:786.500000
06-14 16:34:45.396  2018  3127 I libsensor-displayalgo: the value of  Coef1:1107.681000,Coef4:2.383000, scale1:0.935522, scale4:0.923264
06-14 16:34:45.396  2018  3127 E libsensor-displayalgo: RGB_test_0407_400_oldzy!
06-14 16:34:45.397  2018  3127 I libsensor-displayalgo: the value of  RESULT1049.699172,403.281214,525.938003,194.177702
06-14 16:34:45.397  2018  3127 I libsensor-displayalgo: the value of  getChannelDataCalibrated1100.552278,373.516136,611.299939,211.931895
06-14 16:34:45.397  2018  3127 I libsensor-displayalgo: the value of  REAL LUX167.400833
06-14 16:34:45.397  2018  3127 I libsensor-displayalgo: the value of  CAL REAL LUX167.400833
06-14 16:34:45.485  1265  2358 I vendor.qti.hardware.display.composer-service: FrameNotifyProcess Sensor: notify citsensorservice to trigger cwb
06-14 16:34:45.486  2018  2108 I libcitsensorservice@2.0-impl: msg_transfer
06-14 16:34:45.486  2018  3098 D vendor.xiaomi.sensor.citsensorservice@2.0-service: handle id:9 wxh:1280x2400 uwxuh:1080x2400 size: 9216000 fd:15 fd_meta:16 flags:0x4000228 usage:0x33  format:0x3 layer_count: 1
06-14 16:34:45.487  1265  1889 I SDM     : HWCSession::SetCWBOutputBuffer: CWB config passed by cwb_client : tappoint 1  CWB_ROI : (829.000000 4.000000 915.000000 90.000000)
06-14 16:34:45.489  1265 32282 I SDM     : HWCSession::ProcessRequests: Successfully configured CWB buffer.
06-14 16:34:45.498  1265 32282 I SDM     : HWCSession::ProcessRequests: Pushing release fence in fenece wait queue.
06-14 16:34:45.498  1265 32282 I SDM     : HWCSession::ProcessRequests: Creating AsyncFenceWaits async thread.
06-14 16:34:45.498  1265 32282 I SDM     : HWCSession::ProcessRequests: Remove current CWB request from the pending request queue.
06-14 16:34:45.498  1265 32282 I SDM     : HWCSession::ProcessRequests: No pending cwb requests found in the queue.
06-14 16:34:45.503  1265  1584 I SDM     : HWDeviceDRM::SetupConcurrentWriteback: Tear down the Concurrent Writeback topology
06-14 16:34:45.510  1265 32283 I SDM     : HWCSession::NotifyCWBStatus: Notify the client about buffer status 0.
06-14 16:34:45.510  1265 32283 I SDM     : HWCSession::PerformFenceWaits: Remove current release fence from the pending fence wait queue.
06-14 16:34:45.510  1265 32283 I SDM     : HWCSession::PerformFenceWaits: CWB fence queue is empty. No pending release fence to wait on.
06-14 16:34:45.697  2018  3127 D libsensor-displayalgo: the value of  brightness:438.000000,R:16500712.411647,G:14659967.980128,B:30852130.283025,EVENT_C:3934.500000,EVENT_R:1586.500000,EVENT_G:1948.000000,EVENT_B:787.500000
06-14 16:34:45.697  2018  3127 I libsensor-displayalgo: the value of  Coef1:1107.681000,Coef4:2.383000, scale1:0.935522, scale4:0.923264
06-14 16:34:45.697  2018  3127 E libsensor-displayalgo: RGB_test_0407_400_oldzy!
06-14 16:34:45.698  2018  3127 I libsensor-displayalgo: the value of  RESULT1049.699172,403.281214,525.938003,194.177702
06-14 16:34:45.698  2018  3127 I libsensor-displayalgo: the value of  getChannelDataCalibrated1100.552278,373.516136,611.299939,211.931895
06-14 16:34:45.698  2018  3127 I libsensor-displayalgo: the value of  REAL LUX168.336578
06-14 16:34:45.698  2018  3127 I libsensor-displayalgo: the value of  CAL REAL LUX168.336578
06-14 16:34:45.790  1265  2358 I vendor.qti.hardware.display.composer-service: FrameNotifyProcess Sensor: notify citsensorservice to trigger cwb
06-14 16:34:45.790  2018  2108 I libcitsensorservice@2.0-impl: msg_transfer
06-14 16:34:45.791  2018  3098 D vendor.xiaomi.sensor.citsensorservice@2.0-service: handle id:9 wxh:1280x2400 uwxuh:1080x2400 size: 9216000 fd:15 fd_meta:16 flags:0x4000228 usage:0x33  format:0x3 layer_count: 1
06-14 16:34:45.791  1265  1889 I SDM     : HWCSession::SetCWBOutputBuffer: CWB config passed by cwb_client : tappoint 1  CWB_ROI : (829.000000 4.000000 915.000000 90.000000)
06-14 16:34:45.792  1265 32284 I SDM     : HWCSession::ProcessRequests: Successfully configured CWB buffer.
06-14 16:34:45.801  1265 32284 I SDM     : HWCSession::ProcessRequests: Pushing release fence in fenece wait queue.
06-14 16:34:45.801  1265 32284 I SDM     : HWCSession::ProcessRequests: Creating AsyncFenceWaits async thread.
06-14 16:34:45.802  1265 32284 I SDM     : HWCSession::ProcessRequests: Remove current CWB request from the pending request queue.
06-14 16:34:45.802  1265 32284 I SDM     : HWCSession::ProcessRequests: No pending cwb requests found in the queue.
06-14 16:34:45.807  1265  1584 I SDM     : HWDeviceDRM::SetupConcurrentWriteback: Tear down the Concurrent Writeback topology
06-14 16:34:45.814  1265 32285 I SDM     : HWCSession::NotifyCWBStatus: Notify the client about buffer status 0.
06-14 16:34:45.814  1265 32285 I SDM     : HWCSession::PerformFenceWaits: Remove current release fence from the pending fence wait queue.
06-14 16:34:45.814  1265 32285 I SDM     : HWCSession::PerformFenceWaits: CWB fence queue is empty. No pending release fence to wait on.
06-14 16:34:45.998  2018  3127 D libsensor-displayalgo: the value of  brightness:438.000000,R:16500712.411647,G:14659967.980128,B:30852130.283025,EVENT_C:3926.500000,EVENT_R:1585.000000,EVENT_G:1943.500000,EVENT_B:787.500000
06-14 16:34:45.998  2018  3127 I libsensor-displayalgo: the value of  Coef1:1107.681000,Coef4:2.383000, scale1:0.935522, scale4:0.923264
06-14 16:34:45.998  2018  3127 E libsensor-displayalgo: RGB_test_0407_400_oldzy!
06-14 16:34:45.999  2018  3127 I libsensor-displayalgo: the value of  RESULT1049.699172,403.281214,525.938003,194.177702
06-14 16:34:45.999  2018  3127 I libsensor-displayalgo: the value of  getChannelDataCalibrated1100.552278,373.516136,611.299939,211.931895
06-14 16:34:45.999  2018  3127 I libsensor-displayalgo: the value of  REAL LUX167.623795
06-14 16:34:45.999  2018  3127 I libsensor-displayalgo: the value of  CAL REAL LUX167.623795
06-14 16:34:46.094  1265  2358 I vendor.qti.hardware.display.composer-service: FrameNotifyProcess Sensor: notify citsensorservice to trigger cwb
06-14 16:34:46.095  2018  2108 I libcitsensorservice@2.0-impl: msg_transfer
06-14 16:34:46.096  2018  3098 D vendor.xiaomi.sensor.citsensorservice@2.0-service: handle id:9 wxh:1280x2400 uwxuh:1080x2400 size: 9216000 fd:15 fd_meta:16 flags:0x4000228 usage:0x33  format:0x3 layer_count: 1
06-14 16:34:46.097  1265  1889 I SDM     : HWCSession::SetCWBOutputBuffer: CWB config passed by cwb_client : tappoint 1  CWB_ROI : (829.000000 4.000000 915.000000 90.000000)
06-14 16:34:46.099  1265 32286 I SDM     : HWCSession::ProcessRequests: Successfully configured CWB buffer.
06-14 16:34:46.105  1265 32286 I SDM     : HWCSession::ProcessRequests: Pushing release fence in fenece wait queue.
06-14 16:34:46.105  1265 32286 I SDM     : HWCSession::ProcessRequests: Creating AsyncFenceWaits async thread.
06-14 16:34:46.106  1265 32286 I SDM     : HWCSession::ProcessRequests: Remove current CWB request from the pending request queue.
06-14 16:34:46.106  1265 32286 I SDM     : HWCSession::ProcessRequests: No pending cwb requests found in the queue.
06-14 16:34:46.112  1265  1584 I SDM     : HWDeviceDRM::SetupConcurrentWriteback: Tear down the Concurrent Writeback topology
06-14 16:34:46.118  1265 32287 I SDM     : HWCSession::NotifyCWBStatus: Notify the client about buffer status 0.
06-14 16:34:46.119  1265 32287 I SDM     : HWCSession::PerformFenceWaits: Remove current release fence from the pending fence wait queue.
06-14 16:34:46.119  1265 32287 I SDM     : HWCSession::PerformFenceWaits: CWB fence queue is empty. No pending release fence to wait on.
06-14 16:34:46.291  1174  4973 D AHAL: AudioStream: astream_out_standby: 615: enter: stream (0xb400007154970600), usecase(0: deep-buffer-playback)
06-14 16:34:46.291  1174  4973 D AHAL: AudioStreamCustom: Standby: 345: usecase_ is 0
06-14 16:34:46.291  1174  4973 D android.hardware.audio.service_64: send_music_to_xlog : devices:0x2
06-14 16:34:46.291  1174  4973 D android.hardware.audio.service_64: get_headset_type the type is speaker
06-14 16:34:46.291  1174  4973 D android.hardware.audio.service_64: send_music_to_xlog, the headset type is speaker
06-14 16:34:46.291  1174  4973 D android.hardware.audio.service_64: device_out_is the device(0x2) is speaker
06-14 16:34:46.291  1174  4973 E android.hardware.audio.service_64: get_int_by_key: unable to get property persist.vendor.audio.scenario
06-14 16:34:46.291  1174  4973 I android.hardware.audio.service_64: get property key: persist.vendor.audio.scenario, value: 4
06-14 16:34:46.292  1174  4973 E android.hardware.audio.service_64: get_int_by_key: unable to get property persist.vendor.audio.scenario
06-14 16:34:46.292  1174  4973 I android.hardware.audio.service_64: get property key: vendor.volume.stream.music.device.speaker, value: 0
06-14 16:34:46.292  1174  4973 E android.hardware.audio.service_64: get speaker volume in music failed.
06-14 16:34:46.292  1174  4973 D AHAL: AudioStreamCustom: Standby: 353: onetrack rbis
06-14 16:34:46.292  1174  4973 D AHAL: AudioStream: Standby: 1961: Enter
06-14 16:34:46.292  1174  4973 I PAL: API: pal_stream_stop: 289: Enter. Stream handle :0xb400007152c23200K
06-14 16:34:46.292  1174  4973 D PAL: StreamPCM: stop: 673: Enter. session handle - 0xb400007152d0d800K mStreamAttr->direction - 1 state 3 (STREAM_STARTED)
06-14 16:34:46.292  1174  4973 D PAL: ResourceManager: isDeviceActive_l: 3332: Enter.
06-14 16:34:46.292  1174  4973 D PAL: ResourceManager: isDeviceActive_l: 3339: Exit. device 3 (PAL_DEVICE_OUT_SPEAKER) is active 1
06-14 16:34:46.292  1174  4973 D PAL: ResourceManager: deregisterDevice: 3190: Enter. dev id: 3
06-14 16:34:46.292  1174  4973 D PAL: ResourceManager: deregisterDevice: 3290: Exit. status: 0
06-14 16:34:46.292  1174  4973 D PAL: SessionAlsaPcm: stop: 1330: Enter
06-14 16:34:46.292  1258  2171 D AGM: graph: graph_stop: 909 entry graph_handle 0x147534c
06-14 16:34:46.292  1258  2171 I gsl     : gsl_send_spf_cmd:156 sending pkt with token 0x46d
06-14 16:34:46.298  2018  3127 D libsensor-displayalgo: the value of  brightness:438.000000,R:16500712.411647,G:14659967.980128,B:30852130.283025,EVENT_C:3936.500000,EVENT_R:1586.500000,EVENT_G:1946.500000,EVENT_B:787.000000
06-14 16:34:46.298  2018  3127 I libsensor-displayalgo: the value of  Coef1:1107.681000,Coef4:2.383000, scale1:0.935522, scale4:0.923264
06-14 16:34:46.298  2018  3127 E libsensor-displayalgo: RGB_test_0407_400_oldzy!
06-14 16:34:46.298  2018  3127 I libsensor-displayalgo: the value of  RESULT1049.699172,403.281214,525.938003,194.177702
06-14 16:34:46.298  2018  3127 I libsensor-displayalgo: the value of  getChannelDataCalibrated1100.552278,373.516136,611.299939,211.931895
06-14 16:34:46.298  2018  3127 I libsensor-displayalgo: the value of  REAL LUX168.450119
06-14 16:34:46.298  2018  3127 I libsensor-displayalgo: the value of  CAL REAL LUX168.450119
06-14 16:34:46.303  1258  2171 I gsl     : gsl_send_spf_cmd:183 rcvd pkt token : 0x46d
06-14 16:34:46.304  1258  2171 D AGM: graph: graph_stop: 953 exit, ret 0
06-14 16:34:46.305  1174  4973 D PAL: ResourceManager: getDeviceNameFromID: 1185: pcm id name is PCM117
06-14 16:34:46.305  1174  4973 D PAL: ResourceManager: getDeviceNameFromID: 1185: pcm id name is PCM117
06-14 16:34:46.305  1174  4973 D PAL: SessionAlsaUtils: setStreamMetadataType: 1224: - mixer -PCM117 control-
06-14 16:34:46.305  1174  4973 E PLUGIN: mixer: amp_pcm_mtd_control_put: 1085 pcm id 117, idx 8, value 9
06-14 16:34:46.305  1174  4973 D PAL: SessionAlsaUtils: getModuleInstanceId: 1053: - mixer -PCM117 getTaggedInfo-
06-14 16:34:46.310  1174  4973 D PAL: SessionAlsaUtils: getModuleInstanceId: 1075: num of tags associated with stream 117 is 20
06-14 16:34:46.310  1174  4973 D PAL: SessionAlsaUtils: getModuleInstanceId: 1081: tag id[0] = 0xc0000001, num_modules = 0x1
06-14 16:34:46.310  1174  4973 D PAL: SessionAlsaUtils: getModuleInstanceId: 1081: tag id[1] = 0xc0000002, num_modules = 0x1
