06-19 16:26:15.667  1265  1584 I SDM     : HWDeviceDRM::SetupConcurrentWriteback: Tear down the Concurrent Writeback topology
06-19 16:26:15.669  2431  4801 I WindowManagerService: Physical orientation applied, rotation=0 sfOrientation=ORIENTATION_0
06-19 16:26:15.673  1265  9856 I SDM     : HWCSession::NotifyCWBStatus: Notify the client about buffer status 0.
06-19 16:26:15.673  1265  9856 I SDM     : HWCSession::PerformFenceWaits: Remove current release fence from the pending fence wait queue.
06-19 16:26:15.673  1265  9856 I SDM     : HWCSession::PerformFenceWaits: CWB fence queue is empty. No pending release fence to wait on.
06-19 16:26:15.690  7268  7414 W RenderInspector: DequeueBuffer time out on cn.missevan/cn.missevan.activity.MainActivity, count=1, avg=10 ms, max=10 ms.
06-19 16:26:15.772  2431  2892 I WindowManagerService: Physical orientation applied, rotation=0 sfOrientation=ORIENTATION_0
06-19 16:26:15.774  2018  3127 D libsensor-displayalgo: the value of  brightness:438.000000,R:4456668.068117,G:4060294.018250,B:4471644.124366,EVENT_C:3581.000000,EVENT_R:1475.500000,EVENT_G:1737.000000,EVENT_B:706.000000
06-19 16:26:15.774  2018  3127 I libsensor-displayalgo: the value of  Coef1:1107.681000,Coef4:2.383000, scale1:0.935522, scale4:0.923264
06-19 16:26:15.774  2018  3127 E libsensor-displayalgo: RGB_black_white_scenario_0822!
06-19 16:26:15.774  2018  3127 I libsensor-displayalgo: the value of  RESULT125.879612,44.085727,66.414523,22.635340
06-19 16:26:15.775  2018  3127 I libsensor-displayalgo: the value of  getChannelDataCalibrated131.977901,40.831881,77.193877,24.704950
06-19 16:26:15.775  2018  3127 I libsensor-displayalgo: the value of  REAL LUX209.499985
06-19 16:26:15.775  2018  3127 I libsensor-displayalgo: the value of  CAL REAL LUX209.499985
06-19 16:26:15.782  7179  7220 W QueryController: Could not detect idle state.
06-19 16:26:15.799  2431  2892 D MIUIInput: Input event injection from pid 7155, MotionEvent: DOWN
06-19 16:26:15.799  2431  2938 D MIUIInput: [MotionEvent] publisher action=0x4, 356160390, channel '7c87e50 NavigationBar0 (server)'
06-19 16:26:15.799  2431  2938 D MIUIInput: [MotionEvent] publisher action=0x0, 356160390, channel 'e2b8b15 NotificationShade (server)'
06-19 16:26:15.800  4233  4233 D MIUIInput: [MotionEvent] ViewRootImpl windowName 'NotificationShade', { action=ACTION_DOWN, id[0]=0, pointerCount=1, eventTime=356160390, downTime=356160389, phoneEventTime=16:26:15.790 } moveCount:0
06-19 16:26:15.801  4233  4233 D PanelView: cancelFlingSpring
06-19 16:26:15.803  2431  4801 D MIUIInput: Input event injection from pid 7155, MotionEvent: UP
06-19 16:26:15.803  2431  2938 D MIUIInput: [MotionEvent] publisher action=0x1, 356160390, channel 'e2b8b15 NotificationShade (server)'
06-19 16:26:15.804  4233  4233 D MIUIInput: [MotionEvent] ViewRootImpl windowName 'NotificationShade', { action=ACTION_UP, id[0]=0, pointerCount=1, eventTime=356160390, downTime=356160389, phoneEventTime=16:26:15.789 } moveCount:0
06-19 16:26:15.806  4233  4233 D MiuiMediaControlPanel: media_btn_click: pendingIntent=PendingIntent{6b9e423: android.os.BinderProxy@86ad1b3}
06-19 16:26:15.811  2431  6149 W ProcessStats: Tracking association SourceState{6098218 com.android.systemui/1000 BTopFgs #139871} whose proc state 2 is better than process ProcessState{e3fe471 com.miui.notification:remote/1000 pkg=com.miui.notification} proc state 3 (35 skipped)
06-19 16:26:15.825  7179  7220 I appium  : Waiting up to 100ms for the device to idle
06-19 16:26:15.835  2431  6149 I MediaFocusControl: abandonAudioFocus() from uid/pid 10494/7474 clientId=android.media.AudioManager@e1add18cn.missevan.lib.utils.AudioFocusManager@95da371
06-19 16:26:15.838  7474  7474 I @@@BBPLOG: Info T847DE4F8 CPlayMain L367 Set audio track usage: 2
06-19 16:26:15.842  2431  4801 W InputManager-JNI: Input channel object 'e2d50f4 PopupWindow:ade028e (client)' was disposed without first being removed with the input manager!
06-19 16:26:15.855  7268  7268 I HandWritingStubImpl: isKeyboardTypeChanged: false
06-19 16:26:15.855  7268  7268 I HandWritingStubImpl: isKeyboardTypeChanged: false
06-19 16:26:15.856  7268  7268 I HandWritingStubImpl: isKeyboardTypeChanged: false
06-19 16:26:15.856  7268  7268 I HandWritingStubImpl: isKeyboardTypeChanged: false
06-19 16:26:15.857  7268  7268 I HandWritingStubImpl: isKeyboardTypeChanged: false
06-19 16:26:15.857  7268  7268 I HandWritingStubImpl: isKeyboardTypeChanged: false
06-19 16:26:15.857  7268  7268 I HandWritingStubImpl: isKeyboardTypeChanged: false
06-19 16:26:15.857  7268  7268 I HandWritingStubImpl: isKeyboardTypeChanged: false
06-19 16:26:15.936  1265  2358 I vendor.qti.hardware.display.composer-service: FrameNotifyProcess Sensor: notify citsensorservice to trigger cwb
06-19 16:26:15.936  2018  2111 I libcitsensorservice@2.0-impl: msg_transfer
06-19 16:26:15.936  2018  3098 D vendor.xiaomi.sensor.citsensorservice@2.0-service: handle id:9 wxh:1280x2400 uwxuh:1080x2400 size: 9216000 fd:15 fd_meta:16 flags:0x4000228 usage:0x33  format:0x3 layer_count: 1
06-19 16:26:15.937  1265  1887 I SDM     : HWCSession::SetCWBOutputBuffer: CWB config passed by cwb_client : tappoint 1  CWB_ROI : (829.000000 4.000000 915.000000 90.000000)
06-19 16:26:15.946  1265  9858 I SDM     : HWCSession::ProcessRequests: Successfully configured CWB buffer.
06-19 16:26:15.951  1265  9858 I SDM     : HWCSession::ProcessRequests: Pushing release fence in fenece wait queue.
06-19 16:26:15.951  1265  9858 I SDM     : HWCSession::ProcessRequests: Creating AsyncFenceWaits async thread.
06-19 16:26:15.951  1265  9858 I SDM     : HWCSession::ProcessRequests: Remove current CWB request from the pending request queue.
06-19 16:26:15.952  1265  9858 I SDM     : HWCSession::ProcessRequests: No pending cwb requests found in the queue.
06-19 16:26:15.954  1265  1584 I SDM     : HWDeviceDRM::SetupConcurrentWriteback: Tear down the Concurrent Writeback topology
06-19 16:26:15.958  7474  7474 I @@@BBPLOG: Info T847DE4F8 CPlayMain L283 The Session UUID: 8ce11efc-bdf0-4f69-b854-70db87e52f89
06-19 16:26:15.959  1383  2232 D AudioTrackShared: tallyUnderrunFrames(1557) at uf = 154572, bump mUnderrunCount = 6
06-19 16:26:15.959  7474  7474 I @@@BBPLOG: Info T847DE4F8 bbPlayer L143 Open source: http://cn-hbyc-ct-02-10.bilivideo.com/mefmxcodeboss/aod/202008/09/a8ed53e7fcc22eaf6755411db3a5a8b8200456-128k.m4a?e=ig8euxZM2rNcNbdlhoNvNC8BqJIzNbfqXBvEuENvNC8aNEVEtEvE9IMvXBvE2ENvNCImNEVEIj0Y2J_aug859r1qXg8xNEVE5XREto8GuFGv2U7SuxI72X6fTr859IB_&uipk=5&nbs=1&deadline=1687170297&gen=playurlv2&os=bcache&oi=3729190097&trid=000088f81657b3dc49fd86d0ee23dcbb852aB&mid=0&platform=android&upsig=c618df414bdcf0a0699f7fd751be5213&uparams=e,uipk,nbs,deadline,gen,os,oi,trid,mid,platform&cdnid=7278&bvc=vod&nettype=0&orderid=0,1&logo=00000000
06-19 16:26:15.960  7474  7640 I @@@BBPLOG: Info TAA2D1CB0 CPlayMain L707 Open task cache enable
06-19 16:26:15.965  1265  9859 I SDM     : HWCSession::NotifyCWBStatus: Notify the client about buffer status 0.
06-19 16:26:15.966  1265  9859 I SDM     : HWCSession::PerformFenceWaits: Remove current release fence from the pending fence wait queue.
06-19 16:26:15.966  1265  9859 I SDM     : HWCSession::PerformFenceWaits: CWB fence queue is empty. No pending release fence to wait on.
06-19 16:26:15.972  7474  7640 I @@@BBPLOG: Info TAA2D1CB0 CFileSrc L53 Open url: http://cn-hbyc-ct-02-10.bilivideo.com/mefmxcodeboss/aod/202008/09/a8ed53e7fcc22eaf6755411db3a5a8b8200456-128k.m4a?e=ig8euxZM2rNcNbdlhoNvNC8BqJIzNbfqXBvEuENvNC8aNEVEtEvE9IMvXBvE2ENvNCImNEVEIj0Y2J_aug859r1qXg8xNEVE5XREto8GuFGv2U7SuxI72X6fTr859IB_&uipk=5&nbs=1&deadline=1687170297&gen=playurlv2&os=bcache&oi=3729190097&trid=000088f81657b3dc49fd86d0ee23dcbb852aB&mid=0&platform=android&upsig=c618df414bdcf0a0699f7fd751be5213&uparams=e,uipk,nbs,deadline,gen,os,oi,trid,mid,platform&cdnid=7278&bvc=vod&nettype=0&orderid=0,1&logo=00000000, flag: 0x1000
06-19 16:26:15.972  7474  7640 I @@@BBPLOG: Info TAA2D1CB0 CBPMFileIO L76 Get .bpm cache, header size: 328, media size: 50145976, cache chunk size: 262144, cached chunk cnt: 192, cache chunk cnt: 192
06-19 16:26:15.972  7474  7640 I @@@BBPLOG: Info TAA2D1CB0 CCacheIO L224 Read from cache, file name /data/user/0/cn.missevan/cache/bbp/player/main/fdb1adbaead748a0e5664bc9dd97ac2a.bpm
06-19 16:26:15.972  7474  7640 I @@@BBPLOG: Info TAA2D1CB0 CCacheIO L238 Open done, IOProtocol: file+cache
06-19 16:26:15.980  8770  8973 V Avrcp_ext: onMetadataChanged
06-19 16:26:15.978  5809  5809 I MiPlayProxyDeviceManager: onTopActiveSessionChange, cn.missevan
06-19 16:26:15.981  7179  7220 W QueryController: Could not detect idle state.
06-19 16:26:15.982  7179  7220 I appium  : AppiumResponse: {"sessionId":"5b4435f2-193b-43a0-8ff9-87bfecdbe48a","value":null}
06-19 16:26:15.984  5809  5809 I SafeBinderCall: onTopActiveSessionChange binder cost:0
06-19 16:26:15.989  7474  7640 I @@@BBPLOG: Info TAA2D1CB0 CSrcEng L115 The source format is: 1, size: 262144, 70797466
06-19 16:26:15.989  4233  4233 D MiPlayDetailViewModel: onMediaMetaChange(): metaData.title = 他似晨风起 | 第一期
06-19 16:26:15.990  4233  4233 D MiPlayDetailViewModel: onActiveAudioSessionChange(): audioSessionList?.size = 1
06-19 16:26:15.990  5809  6131 I SafeBinderCall: onActiveAudioSessionChange binder cost:3
06-19 16:26:15.990  5809  5809 I SafeBinderCall: onMediaMetaChange binder cost:2
06-19 16:26:15.993  5809  5809 I Cir_Miplay_ActiveAudioSessionManager: dispatchTopActiveSessionChangeCallbackLocked, size:1
06-19 16:26:15.995  4233  4233 I SafeBinderCall: call getMediaMetaData binder cost:4
06-19 16:26:15.996  4233  4233 I SafeBinderCall: call getPosition binder cost:1
06-19 16:26:15.996  4233  4233 I SafeBinderCall: call getPlaybackState binder cost:0
06-19 16:26:15.998  5809  5809 I Cir_Miplay_MiPlayAudioService: onTopActiveSessionChange, cn.missevan
06-19 16:26:15.998  5809  5809 I Cir_Miplay_MiPlayAudioService: topActiveSessionChange appId:cn.missevan
06-19 16:26:16.000  5809  5809 I Cir_Miplay_MiPlayAudioStatUtils: recordPackageName:cn.missevan
06-19 16:26:16.000  7474  7640 I @@@BBPLOG: Info TAA2D1CB0 BBPFuncLog L113 ----CMP4ParserBase::ReadBoxMoov Value is 00000000 start.
06-19 16:26:16.001  5809  5809 I Cir_Miplay_MiPlayAudioStatUtils: packageNameEquals.
06-19 16:26:16.003  5809  5809 I Cir_Miplay_ActiveSessionRecord: dispatch meta change, MediaMetaData{mArtist='Megrezz', mAlbum='null', mTitle='他似晨风起 | 第一期', mArt=valid, mDuration=2968630, mLrc='null'}
06-19 16:26:16.003  5809  5809 I Cir_Miplay_MiPlayAudioService: dispatchMetaChange:cn.missevan  ActiveSsionPackageName:cn.missevan
06-19 16:26:16.017  8770  8973 V Avrcp_ext: updateCurrentMediaState: mMediaController: MediaController (cn.missevan@104b84e) 他似晨风起 | 第一期, Megrezz, null
06-19 16:26:16.017  8770  8973 V Avrcp_ext: updateCurrentMediaState: isPlaying = false
06-19 16:26:16.017  8770  8973 W Avrcp_ext: isMusicActive: true getBluetoothPlayState: 1 A2dp State: 11 mAudioPlaybackIsActive: true
06-19 16:26:16.018  8770  8973 D Avrcp_ext: isMusicActive = true mAudioPlaybackIsActive = true player state = PlaybackState {state=3, position=1874, buffered position=0, speed=1.0, updated=451749621, actions=894, custom actions=[], active item id=-1, error=null}
06-19 16:26:16.020  8770  8973 D Avrcp_ext: overwrite album_artist :if album is blank
06-19 16:26:16.023  5809 14611 I Cir_Miplay_MiPlayAudioService: dispatchMetaChange:MediaMetaData{mArtist='Megrezz', mAlbum='null', mTitle='他似晨风起 | 第一期', mArt=valid, mDuration=2968630, mLrc='null'}
06-19 16:26:16.023  8770  8973 V Avrcp_ext: Media update: id -1➡-1? [MediaAttributes: 他⋯期 -  by M⋯z (2968630 0/0) - ] : [MediaAttributes: 他⋯告 -  by M⋯z (90093 0/0) - ]
06-19 16:26:16.023  8770  8973 D Avrcp_ext: isPackageNameValid: browsedPackage = cn.missevanisValid = true
06-19 16:26:16.023  5809  5809 I MiPlayClientSDK: =======================================================================
06-19 16:26:16.023  8770  8973 V Avrcp_ext: isBrowseSupported for cn.missevan: false
06-19 16:26:16.023  5809  5809 I MiPlayClientSDK: onMediaInfoChange start
06-19 16:26:16.023  8770  8973 V Avrcp_ext: Send track changed
06-19 16:26:16.023  5809 14611 I Cir_Miplay_MetaInfoManager: setMetadata.
06-19 16:26:16.024  8770  8973 V Avrcp_ext: updatePlaybackState, state: PlaybackState {state=3, position=1874, buffered position=0, speed=1.0, updated=451749621, actions=894, custom actions=[], active item id=-1, error=null} device: null
06-19 16:26:16.024  5809  5809 I MiPlayClientSDK: local_device_id, MediaMetaData{mArtist='Megrezz', mAlbum='null', mTitle='他似晨风起 | 第一期', mDuration=2968630, mId='', mCoverUrl='', mStatus=0, mVolume=0, mArt=android.graphics.Bitmap@3de75d9, mPosition=0, mLrc='null', mPackgeName='cn.missevan', mSourceName='2738969101的Xiaomi Civi 2', mDeviceState=2}
06-19 16:26:16.024  5809  5809 I MiPlayClientSDK: onMediaInfoChange end
06-19 16:26:16.024  8770  8973 V Avrcp_ext: Device: no name:
06-19 16:26:16.024  8770  8973 V Avrcp_ext: Device: no name:
06-19 16:26:16.024  5809  5809 I MiPlayClientSDK: =======================================================================
06-19 16:26:16.024  8770  8973 V Avrcp_ext: Device: no name:
06-19 16:26:16.024  8770  8973 V Avrcp_ext: Device: no name:
06-19 16:26:16.024  5809  5809 I MiPlayProxyDeviceManager: onMediaInfoChange
06-19 16:26:16.024  8770  8973 V Avrcp_ext: Device: no name:
06-19 16:26:16.024  5809  5809 I MiPlay  : onMediaMetaChanged,local_device_id, meta:MediaMetaData{mArtist='Megrezz', mAlbum='null', mTitle='他似晨风起 | 第一期', mDuration=2968630, art:valid}
06-19 16:26:16.024  8770  8973 V Avrcp_ext: updatePlayerStateAndPosition, old=PlaybackState {state=3, position=75, buffered position=0, speed=1.0, updated=451747822, actions=894, custom actions=[], active item id=-1, error=null}, state=PlaybackState {state=3, position=1874, buffered position=0, speed=1.0, updated=451749621, actions=894, custom actions=[], active item id=-1, error=null}
06-19 16:26:16.024  8770  8973 V Avrcp_ext: old state = PlaybackState {state=3, position=75, buffered position=0, speed=1.0, updated=451747822, actions=894, custom actions=[], active item id=-1, error=null}, new state= PlaybackState {state=3, position=1874, buffered position=0, speed=1.0, updated=451749621, actions=894, custom actions=[], active item id=-1, error=null}
06-19 16:26:16.024  8770  8973 D HeadsetService: getHeadsetService(): returning com.android.bluetooth.hfp.HeadsetService@7e2faf
06-19 16:26:16.024  8770  8973 D HeadsetService:  isAudioOn: The number of audio connected devices 0
06-19 16:26:16.024  8770  8973 D HeadsetService: isScoOrCallActive(): Call Active:falseCall is Ringing:falseSCO is Active:false
06-19 16:26:16.024  8770  8973 D HeadsetService:  isAudioOn: The number of audio connected devices 0
06-19 16:26:16.024  8770  8973 V Avrcp_ext: isPlayStateTobeUpdated: device: null
06-19 16:26:16.024  8770  8973 V Avrcp_ext: Single connection exists
06-19 16:26:16.024  8770  8973 D HeadsetService:  isAudioOn: The number of audio connected devices 0
06-19 16:26:16.024  8770  8973 D HeadsetService: isScoOrCallActive(): Call Active:falseCall is Ringing:falseSCO is Active:false
06-19 16:26:16.024  8770  8973 D HeadsetService:  isAudioOn: The number of audio connected devices 0
06-19 16:26:16.024  8770  8973 V Avrcp_ext: isPlayStateTobeUpdated: device: null
06-19 16:26:16.024  8770  8973 V Avrcp_ext: Single connection exists
06-19 16:26:16.024  8770  8973 D HeadsetService:  isAudioOn: The number of audio connected devices 0
06-19 16:26:16.024  8770  8973 D HeadsetService: isScoOrCallActive(): Call Active:falseCall is Ringing:falseSCO is Active:false
06-19 16:26:16.024  8770  8973 D HeadsetService:  isAudioOn: The number of audio connected devices 0
06-19 16:26:16.024  8770  8973 V Avrcp_ext: isPlayStateTobeUpdated: device: null
06-19 16:26:16.024  8770  8973 V Avrcp_ext: Single connection exists
06-19 16:26:16.024  8770  8973 D HeadsetService:  isAudioOn: The number of audio connected devices 0
06-19 16:26:16.024  8770  8973 D HeadsetService: isScoOrCallActive(): Call Active:falseCall is Ringing:falseSCO is Active:false
06-19 16:26:16.024  8770  8973 D HeadsetService:  isAudioOn: The number of audio connected devices 0
06-19 16:26:16.024  8770  8973 V Avrcp_ext: isPlayStateTobeUpdated: device: null
06-19 16:26:16.024  8770  8973 V Avrcp_ext: Single connection exists
06-19 16:26:16.024  8770  8973 D HeadsetService:  isAudioOn: The number of audio connected devices 0
06-19 16:26:16.024  8770  8973 D HeadsetService: isScoOrCallActive(): Call Active:falseCall is Ringing:falseSCO is Active:false
06-19 16:26:16.024  8770  8973 D HeadsetService:  isAudioOn: The number of audio connected devices 0
06-19 16:26:16.024  8770  8973 V Avrcp_ext: isPlayStateTobeUpdated: device: null
06-19 16:26:16.024  8770  8973 V Avrcp_ext: Single connection exists
06-19 16:26:16.024  8770  8973 D Avrcp_ext: Enter sendPlayPosNotificationRsp
06-19 16:26:16.024  8770  8973 D Avrcp_ext: sendPlayPosNotificationRsp: Not registered or requesting.
06-19 16:26:16.024  8770  8973 D Avrcp_ext: Enter sendPlayPosNotificationRsp
06-19 16:26:16.024  8770  8973 D Avrcp_ext: sendPlayPosNotificationRsp: Not registered or requesting.
06-19 16:26:16.024  8770  8973 D Avrcp_ext: Enter sendPlayPosNotificationRsp
06-19 16:26:16.024  8770  8973 D Avrcp_ext: sendPlayPosNotificationRsp: Not registered or requesting.
06-19 16:26:16.024  8770  8973 D Avrcp_ext: Enter sendPlayPosNotificationRsp
06-19 16:26:16.024  8770  8973 D Avrcp_ext: sendPlayPosNotificationRsp: Not registered or requesting.
06-19 16:26:16.024  8770  8973 D Avrcp_ext: Enter sendPlayPosNotificationRsp
06-19 16:26:16.024  8770  8973 D Avrcp_ext: sendPlayPosNotificationRsp: Not registered or requesting.
06-19 16:26:16.024  8770  8973 V Avrcp_ext: Exit updatePlayerStateAndPosition
06-19 16:26:16.024  7474  7640 I @@@BBPLOG: Info TAA2D1CB0 BBPFuncLog L140 ----CMP4ParserBase::ReadBoxMoov leave! no return. Ussed Time: 25
06-19 16:26:16.030  7474  8517 I @@@BBPLOG: Info TAF491CB0 CRndNDK L129 First Frame: 69 ms, dns: 0 ms, req: 0 ms, rsp: 0 ms, dat: 0 ms
06-19 16:26:16.039  8770  8973 V Avrcp_ext: onMetadataChanged
06-19 16:26:16.041  8770  8973 V Avrcp_ext: updateCurrentMediaState: mMediaController: MediaController (cn.missevan@104b84e) 他似晨风起 | 第一期, Megrezz, null
06-19 16:26:16.042  8770  8973 V Avrcp_ext: updateCurrentMediaState: isPlaying = false
06-19 16:26:16.042  8770  8973 W Avrcp_ext: isMusicActive: true getBluetoothPlayState: 1 A2dp State: 11 mAudioPlaybackIsActive: true
06-19 16:26:16.046  8770  8973 D Avrcp_ext: isMusicActive = true mAudioPlaybackIsActive = true player state = PlaybackState {state=3, position=1898, buffered position=0, speed=1.0, updated=451749645, actions=894, custom actions=[], active item id=-1, error=null}
06-19 16:26:16.047  2431  6149 I MediaFocusControl: requestAudioFocus() from uid/pid 10494/7474 AA=USAGE_MEDIA/CONTENT_TYPE_MUSIC clientId=android.media.AudioManager@e1add18cn.missevan.lib.utils.AudioFocusManager@95da371 callingPack=cn.missevan req=1 flags=0x1 sdk=28
06-19 16:26:16.047  8770  8973 D Avrcp_ext: overwrite album_artist :if album is blank
06-19 16:26:16.048  8770  8973 V Avrcp_ext: Media update: id -1➡-1? [MediaAttributes: 他⋯期 -  by M⋯z (2968630 0/0) - ] : [MediaAttributes: 他⋯期 -  by M⋯z (2968630 0/0) - ]
06-19 16:26:16.048  8770  8973 D Avrcp_ext: isPackageNameValid: browsedPackage = cn.missevanisValid = true
06-19 16:26:16.048  8770  8973 V Avrcp_ext: isBrowseSupported for cn.missevan: false
06-19 16:26:16.048  8770  8973 V Avrcp_ext: updatePlaybackState, state: PlaybackState {state=3, position=1898, buffered position=0, speed=1.0, updated=451749645, actions=894, custom actions=[], active item id=-1, error=null} device: null
06-19 16:26:16.048  8770  8973 V Avrcp_ext: Device: no name:
06-19 16:26:16.048  8770  8973 V Avrcp_ext: Device: no name:
06-19 16:26:16.048  8770  8973 V Avrcp_ext: Device: no name:
06-19 16:26:16.048  8770  8973 V Avrcp_ext: Device: no name:
06-19 16:26:16.048  8770  8973 V Avrcp_ext: Device: no name:
06-19 16:26:16.048  8770  8973 V Avrcp_ext: updatePlayerStateAndPosition, old=PlaybackState {state=3, position=1874, buffered position=0, speed=1.0, updated=451749621, actions=894, custom actions=[], active item id=-1, error=null}, state=PlaybackState {state=3, position=1898, buffered position=0, speed=1.0, updated=451749645, actions=894, custom actions=[], active item id=-1, error=null}
06-19 16:26:16.048  8770  8973 V Avrcp_ext: old state = PlaybackState {state=3, position=1874, buffered position=0, speed=1.0, updated=451749621, actions=894, custom actions=[], active item id=-1, error=null}, new state= PlaybackState {state=3, position=1898, buffered position=0, speed=1.0, updated=451749645, actions=894, custom actions=[], active item id=-1, error=null}
06-19 16:26:16.048  8770  8973 D HeadsetService: getHeadsetService(): returning com.android.bluetooth.hfp.HeadsetService@7e2faf
06-19 16:26:16.048  8770  8973 D HeadsetService:  isAudioOn: The number of audio connected devices 0
06-19 16:26:16.048  8770  8973 D HeadsetService: isScoOrCallActive(): Call Active:falseCall is Ringing:falseSCO is Active:false
06-19 16:26:16.048  8770  8973 D HeadsetService:  isAudioOn: The number of audio connected devices 0
06-19 16:26:16.048  8770  8973 V Avrcp_ext: isPlayStateTobeUpdated: device: null
06-19 16:26:16.048  8770  8973 V Avrcp_ext: Single connection exists
06-19 16:26:16.048  8770  8973 D HeadsetService:  isAudioOn: The number of audio connected devices 0
06-19 16:26:16.048  8770  8973 D HeadsetService: isScoOrCallActive(): Call Active:falseCall is Ringing:falseSCO is Active:false
06-19 16:26:16.048  8770  8973 D HeadsetService:  isAudioOn: The number of audio connected devices 0
06-19 16:26:16.048  8770  8973 V Avrcp_ext: isPlayStateTobeUpdated: device: null
06-19 16:26:16.048  8770  8973 V Avrcp_ext: Single connection exists
06-19 16:26:16.048  8770  8973 D HeadsetService:  isAudioOn: The number of audio connected devices 0
06-19 16:26:16.048  8770  8973 D HeadsetService: isScoOrCallActive(): Call Active:falseCall is Ringing:falseSCO is Active:false
06-19 16:26:16.048  8770  8973 D HeadsetService:  isAudioOn: The number of audio connected devices 0
06-19 16:26:16.048  8770  8973 V Avrcp_ext: isPlayStateTobeUpdated: device: null
06-19 16:26:16.048  8770  8973 V Avrcp_ext: Single connection exists
06-19 16:26:16.048  8770  8973 D HeadsetService:  isAudioOn: The number of audio connected devices 0
06-19 16:26:16.048  8770  8973 D HeadsetService: isScoOrCallActive(): Call Active:falseCall is Ringing:falseSCO is Active:false
06-19 16:26:16.048  8770  8973 D HeadsetService:  isAudioOn: The number of audio connected devices 0
06-19 16:26:16.048  8770  8973 V Avrcp_ext: isPlayStateTobeUpdated: device: null
06-19 16:26:16.048  8770  8973 V Avrcp_ext: Single connection exists
06-19 16:26:16.048  8770  8973 D HeadsetService:  isAudioOn: The number of audio connected devices 0
06-19 16:26:16.048  8770  8973 D HeadsetService: isScoOrCallActive(): Call Active:falseCall is Ringing:falseSCO is Active:false
06-19 16:26:16.048  8770  8973 D HeadsetService:  isAudioOn: The number of audio connected devices 0
06-19 16:26:16.048  8770  8973 V Avrcp_ext: isPlayStateTobeUpdated: device: null
06-19 16:26:16.048  8770  8973 V Avrcp_ext: Single connection exists
06-19 16:26:16.048  8770  8973 D Avrcp_ext: Enter sendPlayPosNotificationRsp
06-19 16:26:16.048  8770  8973 D Avrcp_ext: sendPlayPosNotificationRsp: Not registered or requesting.
06-19 16:26:16.048  8770  8973 D Avrcp_ext: Enter sendPlayPosNotificationRsp
06-19 16:26:16.048  8770  8973 D Avrcp_ext: sendPlayPosNotificationRsp: Not registered or requesting.
06-19 16:26:16.048  8770  8973 D Avrcp_ext: Enter sendPlayPosNotificationRsp
06-19 16:26:16.048  8770  8973 D Avrcp_ext: sendPlayPosNotificationRsp: Not registered or requesting.
06-19 16:26:16.048  8770  8973 D Avrcp_ext: Enter sendPlayPosNotificationRsp
06-19 16:26:16.048  8770  8973 D Avrcp_ext: sendPlayPosNotificationRsp: Not registered or requesting.
06-19 16:26:16.048  8770  8973 D Avrcp_ext: Enter sendPlayPosNotificationRsp
06-19 16:26:16.048  8770  8973 D Avrcp_ext: sendPlayPosNotificationRsp: Not registered or requesting.
06-19 16:26:16.048  8770  8973 V Avrcp_ext: Exit updatePlayerStateAndPosition
06-19 16:26:16.049  1880 17332 D AudioAnalytics: gc(1700, 2000): log size:1700 item map size:60, item map items:1700
06-19 16:26:16.055  2431  6149 I AudioService.FadeOutManager: unfadeOutUid() uid:10494
06-19 16:26:16.064  5809  5809 I MiPlayProxyDeviceManager: onTopActiveSessionChange, cn.missevan
06-19 16:26:16.065  5809  5809 I SafeBinderCall: onTopActiveSessionChange binder cost:0
06-19 16:26:16.067  4233  4233 D MiPlayDetailViewModel: onMediaMetaChange(): metaData.title = 他似晨风起 | 第一期
06-19 16:26:16.069  4233  4233 D MiPlayDetailViewModel: onActiveAudioSessionChange(): audioSessionList?.size = 1
06-19 16:26:16.070  2431  6149 I WindowManagerService: Physical orientation applied, rotation=0 sfOrientation=ORIENTATION_0
06-19 16:26:16.071  4233  4233 I SafeBinderCall: call getMediaMetaData binder cost:1
06-19 16:26:16.073  2018  3127 D libsensor-displayalgo: the value of  brightness:438.000000,R:5604626.706126,G:5614981.854879,B:5689387.536127,EVENT_C:3574.500000,EVENT_R:1476.000000,EVENT_G:1735.500000,EVENT_B:707.000000
06-19 16:26:16.073  2018  3127 I libsensor-displayalgo: the value of  Coef1:1107.681000,Coef4:2.383000, scale1:0.935522, scale4:0.923264
06-19 16:26:16.073  2018  3127 E libsensor-displayalgo: RGB_black_white_scenario_0822!
06-19 16:26:16.073  2018  3127 I libsensor-displayalgo: the value of  RESULT179.854505,63.293642,96.595012,32.511256
06-19 16:26:16.073  2018  3127 I libsensor-displayalgo: the value of  getChannelDataCalibrated188.567630,58.622112,112.272786,35.483849
06-19 16:26:16.073  2018  3127 I libsensor-displayalgo: the value of  REAL LUX204.829330
06-19 16:26:16.073  2018  3127 I libsensor-displayalgo: the value of  CAL REAL LUX204.829330
06-19 16:26:16.074  4233  4233 I SafeBinderCall: call getPosition binder cost:2
06-19 16:26:16.075  5809  6131 I SafeBinderCall: onActiveAudioSessionChange binder cost:10
06-19 16:26:16.075  4233  4233 I SafeBinderCall: call getPlaybackState binder cost:1
06-19 16:26:16.080  5809  5809 I SafeBinderCall: onMediaMetaChange binder cost:12
06-19 16:26:16.082  5809  5809 I Cir_Miplay_ActiveAudioSessionManager: dispatchTopActiveSessionChangeCallbackLocked, size:1
06-19 16:26:16.091  8770  8973 V Avrcp_ext: onPlaybackStateChanged: state PlaybackState {state=3, position=12, buffered position=0, speed=1.0, updated=451749679, actions=894, custom actions=[], active item id=-1, error=null}
06-19 16:26:16.092  4233  4233 V MediaTimeout: processState 0|cn.missevan|1500|null|10494: PlaybackState {state=3, position=12, buffered position=0, speed=1.0, updated=451749679, actions=894, custom actions=[], active item id=-1, error=null}
06-19 16:26:16.093  5809  5809 I Cir_Miplay_MiPlayAudioService: onTopActiveSessionChange, cn.missevan
06-19 16:26:16.093  5809  5809 I Cir_Miplay_MiPlayAudioService: topActiveSessionChange appId:cn.missevan
06-19 16:26:16.093  5809  5809 I Cir_Miplay_MiPlayAudioStatUtils: recordPackageName:cn.missevan
06-19 16:26:16.093  5809  5809 I Cir_Miplay_MiPlayAudioStatUtils: packageNameEquals.
06-19 16:26:16.093  5809  5809 I Cir_Miplay_ActiveSessionRecord: dispatch meta change, MediaMetaData{mArtist='Megrezz', mAlbum='null', mTitle='他似晨风起 | 第一期', mArt=valid, mDuration=2968630, mLrc='null'}
06-19 16:26:16.093  5809  5809 I Cir_Miplay_MiPlayAudioService: dispatchMetaChange:cn.missevan  ActiveSsionPackageName:cn.missevan
06-19 16:26:16.093  8770  8973 V Avrcp_ext: updateCurrentMediaState: mMediaController: MediaController (cn.missevan@104b84e) 他似晨风起 | 第一期, Megrezz, null
06-19 16:26:16.093  8770  8973 V Avrcp_ext: updateCurrentMediaState: isPlaying = false
06-19 16:26:16.093  8770  8973 W Avrcp_ext: isMusicActive: true getBluetoothPlayState: 1 A2dp State: 11 mAudioPlaybackIsActive: true
06-19 16:26:16.100  5809 14611 I Cir_Miplay_MiPlayAudioService: dispatchMetaChange:MediaMetaData{mArtist='Megrezz', mAlbum='null', mTitle='他似晨风起 | 第一期', mArt=valid, mDuration=2968630, mLrc='null'}
06-19 16:26:16.100  5809  5809 I ActiveSessionRecord: onPlaybackStateChanged: PlaybackState {state=3, position=12, buffered position=0, speed=1.0, updated=451749679, actions=894, custom actions=[], active item id=-1, error=null}
06-19 16:26:16.100  5809 14611 I Cir_Miplay_MetaInfoManager: setMetadata.
06-19 16:26:16.101  8770  8973 D Avrcp_ext: isMusicActive = true mAudioPlaybackIsActive = true player state = PlaybackState {state=3, position=38, buffered position=0, speed=1.0, updated=451749705, actions=894, custom actions=[], active item id=-1, error=null}
06-19 16:26:16.104  8770  8973 D Avrcp_ext: overwrite album_artist :if album is blank
06-19 16:26:16.106  8770  8973 V Avrcp_ext: Media update: id -1➡-1? [MediaAttributes: 他⋯期 -  by M⋯z (2968630 0/0) - ] : [MediaAttributes: 他⋯期 -  by M⋯z (2968630 0/0) - ]
06-19 16:26:16.106  8770  8973 D Avrcp_ext: isPackageNameValid: browsedPackage = cn.missevanisValid = true
06-19 16:26:16.106  8770  8973 V Avrcp_ext: isBrowseSupported for cn.missevan: false
06-19 16:26:16.106  8770  8973 V Avrcp_ext: updatePlaybackState, state: PlaybackState {state=3, position=38, buffered position=0, speed=1.0, updated=451749705, actions=894, custom actions=[], active item id=-1, error=null} device: null
06-19 16:26:16.106  8770  8973 V Avrcp_ext: Device: no name:
06-19 16:26:16.106  8770  8973 V Avrcp_ext: Device: no name:
06-19 16:26:16.106  8770  8973 V Avrcp_ext: Device: no name:
06-19 16:26:16.106  8770  8973 V Avrcp_ext: Device: no name:
06-19 16:26:16.106  8770  8973 V Avrcp_ext: Device: no name:
06-19 16:26:16.106  8770  8973 V Avrcp_ext: updatePlayerStateAndPosition, old=PlaybackState {state=3, position=1898, buffered position=0, speed=1.0, updated=451749645, actions=894, custom actions=[], active item id=-1, error=null}, state=PlaybackState {state=3, position=38, buffered position=0, speed=1.0, updated=451749705, actions=894, custom actions=[], active item id=-1, error=null}
06-19 16:26:16.106  8770  8973 V Avrcp_ext: old state = PlaybackState {state=3, position=1898, buffered position=0, speed=1.0, updated=451749645, actions=894, custom actions=[], active item id=-1, error=null}, new state= PlaybackState {state=3, position=38, buffered position=0, speed=1.0, updated=451749705, actions=894, custom actions=[], active item id=-1, error=null}
06-19 16:26:16.106  8770  8973 D HeadsetService: getHeadsetService(): returning com.android.bluetooth.hfp.HeadsetService@7e2faf
06-19 16:26:16.106  8770  8973 D HeadsetService:  isAudioOn: The number of audio connected devices 0
06-19 16:26:16.106  8770  8973 D HeadsetService: isScoOrCallActive(): Call Active:falseCall is Ringing:falseSCO is Active:false
06-19 16:26:16.106  8770  8973 D HeadsetService:  isAudioOn: The number of audio connected devices 0
06-19 16:26:16.106  8770  8973 V Avrcp_ext: isPlayStateTobeUpdated: device: null
06-19 16:26:16.106  8770  8973 V Avrcp_ext: Single connection exists
06-19 16:26:16.106  8770  8973 D HeadsetService:  isAudioOn: The number of audio connected devices 0
06-19 16:26:16.106  8770  8973 D HeadsetService: isScoOrCallActive(): Call Active:falseCall is Ringing:falseSCO is Active:false
06-19 16:26:16.106  8770  8973 D HeadsetService:  isAudioOn: The number of audio connected devices 0
06-19 16:26:16.106  8770  8973 V Avrcp_ext: isPlayStateTobeUpdated: device: null
06-19 16:26:16.106  8770  8973 V Avrcp_ext: Single connection exists
06-19 16:26:16.106  8770  8973 D HeadsetService:  isAudioOn: The number of audio connected devices 0
06-19 16:26:16.106  8770  8973 D HeadsetService: isScoOrCallActive(): Call Active:falseCall is Ringing:falseSCO is Active:false
06-19 16:26:16.106  8770  8973 D HeadsetService:  isAudioOn: The number of audio connected devices 0
06-19 16:26:16.106  8770  8973 V Avrcp_ext: isPlayStateTobeUpdated: device: null
06-19 16:26:16.106  8770  8973 V Avrcp_ext: Single connection exists
06-19 16:26:16.106  8770  8973 D HeadsetService:  isAudioOn: The number of audio connected devices 0
06-19 16:26:16.106  8770  8973 D HeadsetService: isScoOrCallActive(): Call Active:falseCall is Ringing:falseSCO is Active:false
06-19 16:26:16.106  8770  8973 D HeadsetService:  isAudioOn: The number of audio connected devices 0
06-19 16:26:16.106  8770  8973 V Avrcp_ext: isPlayStateTobeUpdated: device: null
06-19 16:26:16.106  8770  8973 V Avrcp_ext: Single connection exists
06-19 16:26:16.106  8770  8973 D HeadsetService:  isAudioOn: The number of audio connected devices 0
06-19 16:26:16.106  8770  8973 D HeadsetService: isScoOrCallActive(): Call Active:falseCall is Ringing:falseSCO is Active:false
06-19 16:26:16.106  8770  8973 D HeadsetService:  isAudioOn: The number of audio connected devices 0
06-19 16:26:16.106  8770  8973 V Avrcp_ext: isPlayStateTobeUpdated: device: null
06-19 16:26:16.106  8770  8973 V Avrcp_ext: Single connection exists
06-19 16:26:16.106  8770  8973 D Avrcp_ext: Enter sendPlayPosNotificationRsp
06-19 16:26:16.106  8770  8973 D Avrcp_ext: sendPlayPosNotificationRsp: Not registered or requesting.
06-19 16:26:16.106  8770  8973 D Avrcp_ext: Enter sendPlayPosNotificationRsp
06-19 16:26:16.106  8770  8973 D Avrcp_ext: sendPlayPosNotificationRsp: Not registered or requesting.
06-19 16:26:16.106  8770  8973 D Avrcp_ext: Enter sendPlayPosNotificationRsp
06-19 16:26:16.106  8770  8973 D Avrcp_ext: sendPlayPosNotificationRsp: Not registered or requesting.
06-19 16:26:16.106  8770  8973 D Avrcp_ext: Enter sendPlayPosNotificationRsp
06-19 16:26:16.106  8770  8973 D Avrcp_ext: sendPlayPosNotificationRsp: Not registered or requesting.
06-19 16:26:16.106  8770  8973 D Avrcp_ext: Enter sendPlayPosNotificationRsp
06-19 16:26:16.106  8770  8973 D Avrcp_ext: sendPlayPosNotificationRsp: Not registered or requesting.
06-19 16:26:16.106  8770  8973 V Avrcp_ext: Exit updatePlayerStateAndPosition
06-19 16:26:16.106  8770  8973 V Avrcp_ext:  Exit onPlaybackStateChanged
06-19 16:26:16.108  5809  5809 I ActiveAudioSessionManager: startPositionCallbackTask
06-19 16:26:16.109  4233  4233 D MiPlayDetailViewModel: onPlaybackStateChange(): state = 3
06-19 16:26:16.109  5809  5809 I SafeBinderCall: onPlaybackStateChange binder cost:0
06-19 16:26:16.109  5809  5809 I Cir_Miplay_ActiveSessionRecord: onPlaybackStateChanged:3
06-19 16:26:16.110  5809  5809 I Cir_Miplay_ActiveSessionRecordStack: onPlaybackStateChange.
06-19 16:26:16.114  5809  5809 I Cir_Miplay_ActiveAudioSessionManager: TopAudioSession play change
06-19 16:26:16.114  5809  5809 I Cir_Miplay_MiPlayAudioService: dispatchPlaybackStateChange:3
06-19 16:26:16.114  5809  5809 I Cir_Miplay_MiPlayAudioService: localPlayStateChange state:3
06-19 16:26:16.114  5809  5809 I Cir_Miplay_MiPlayAudioService: playStateNotify state:3  ,id:,uuid:local_device_id
06-19 16:26:16.115  5809  5809 I MiPlayClientSDK: =======================================================================
06-19 16:26:16.116  5809  5809 I MiPlayClientSDK: onMediaInfoChange start
06-19 16:26:16.116  5809  5809 I MiPlayClientSDK: local_device_id, MediaMetaData{mArtist='Megrezz', mAlbum='null', mTitle='他似晨风起 | 第一期', mDuration=2968630, mId='', mCoverUrl='', mStatus=0, mVolume=0, mArt=android.graphics.Bitmap@ccdd64c, mPosition=0, mLrc='null', mPackgeName='cn.missevan', mSourceName='2738969101的Xiaomi Civi 2', mDeviceState=2}
06-19 16:26:16.116  5809  5809 I MiPlayClientSDK: onMediaInfoChange end
06-19 16:26:16.116  5809  5809 I MiPlayClientSDK: =======================================================================
06-19 16:26:16.116  5809  5809 I MiPlayProxyDeviceManager: onMediaInfoChange
06-19 16:26:16.116  5809  5809 I MiPlay  : onMediaMetaChanged,local_device_id, meta:MediaMetaData{mArtist='Megrezz', mAlbum='null', mTitle='他似晨风起 | 第一期', mDuration=2968630, art:valid}
06-19 16:26:16.116  5809  5809 I MiPlayClientSDK: =======================================================================
06-19 16:26:16.116  5809  5809 I MiPlayClientSDK: onPlayStateChange start
06-19 16:26:16.116  5809  5809 I MiPlayClientSDK: local_device_id, state:3
06-19 16:26:16.116  5809  5809 I MiPlayClientSDK: onPlayStateChange end
06-19 16:26:16.116  5809  5809 I MiPlayClientSDK: =======================================================================
06-19 16:26:16.116  5809  5809 I MiPlayProxyDeviceManager: onPlayStateChange
06-19 16:26:16.116  5809  5809 I MiPlay  : onPlaybackStateChanged,local_device_id, state:pause
06-19 16:26:16.207  4233  4233 D MiPlayDetailViewModel: onPositionChange(): position = 142
06-19 16:26:16.207  5809  9185 I SafeBinderCall: onPositionChange binder cost:2
06-19 16:26:16.237  1265  2358 I vendor.qti.hardware.display.composer-service: FrameNotifyProcess Sensor: notify citsensorservice to trigger cwb
06-19 16:26:16.240  2018  2018 I libcitsensorservice@2.0-impl: msg_transfer
06-19 16:26:16.242  5294  6636 W MiuiPerfServiceClient: interceptAndQueuing:7268|cn.missevan|166|92|356158520305801|Slow main thread|2
06-19 16:26:16.244  5294  6636 W MiuiPerfServiceClient: interceptAndQueuing:7268|cn.missevan|398|91|356160710839706|Slow main thread|8
06-19 16:26:16.245  2018  3098 D vendor.xiaomi.sensor.citsensorservice@2.0-service: handle id:9 wxh:1280x2400 uwxuh:1080x2400 size: 9216000 fd:15 fd_meta:16 flags:0x4000228 usage:0x33  format:0x3 layer_count: 1
06-19 16:26:16.245  1265  1887 I SDM     : HWCSession::SetCWBOutputBuffer: CWB config passed by cwb_client : tappoint 1  CWB_ROI : (829.000000 4.000000 915.000000 90.000000)
06-19 16:26:16.248  1265  9862 I SDM     : HWCSession::ProcessRequests: Successfully configured CWB buffer.
06-19 16:26:16.256  1265  9862 I SDM     : HWCSession::ProcessRequests: Pushing release fence in fenece wait queue.
06-19 16:26:16.256  1265  9862 I SDM     : HWCSession::ProcessRequests: Creating AsyncFenceWaits async thread.
06-19 16:26:16.256  1265  9862 I SDM     : HWCSession::ProcessRequests: Remove current CWB request from the pending request queue.
06-19 16:26:16.256  1265  9862 I SDM     : HWCSession::ProcessRequests: No pending cwb requests found in the queue.
06-19 16:26:16.260  1265  1584 I SDM     : HWDeviceDRM::SetupConcurrentWriteback: Tear down the Concurrent Writeback topology
06-19 16:26:16.272  1265  9863 I SDM     : HWCSession::NotifyCWBStatus: Notify the client about buffer status 0.
06-19 16:26:16.272  1265  9863 I SDM     : HWCSession::PerformFenceWaits: Remove current release fence from the pending fence wait queue.
06-19 16:26:16.272  1265  9863 I SDM     : HWCSession::PerformFenceWaits: CWB fence queue is empty. No pending release fence to wait on.
06-19 16:26:16.293  2431  4793 I WindowManagerService: Physical orientation applied, rotation=0 sfOrientation=ORIENTATION_0
06-19 16:26:16.332  5735 14209 W Parcel  : **** enforceInterface() expected 'com.miui.gamebooster.service.ISecurityCenterNotificationListener' but read 'android.service.notification.INotificationListener'
06-19 16:26:16.332  5735 14209 W Binder  : Caught a RuntimeException from the binder stub implementation.
06-19 16:26:16.332  5735 14209 W Binder  : java.lang.SecurityException: Binder invocation to an incorrect interface
06-19 16:26:16.332  5735 14209 W Binder  : 	at android.os.Parcel.nativeEnforceInterface(Native Method)
06-19 16:26:16.332  5735 14209 W Binder  : 	at android.os.Parcel.enforceInterface(Parcel.java:699)
06-19 16:26:16.332  5735 14209 W Binder  : 	at com.miui.gamebooster.service.ISecurityCenterNotificationListener$Stub.onTransact(Unknown Source:18)
06-19 16:26:16.332  5735 14209 W Binder  : 	at android.os.Binder.execTransactInternal(Binder.java:1190)
06-19 16:26:16.332  5735 14209 W Binder  : 	at android.os.Binder.execTransact(Binder.java:1149)
06-19 16:26:16.341  4233  4233 D InterruptionStateProvider: No alerting: filtered notification: 0|cn.missevan|1500|null|10494
06-19 16:26:16.341  4233  4233 D InterruptionStateProvider: No alerting: filtered notification: 0|cn.missevan|1500|null|10494
06-19 16:26:16.345  5735  8037 V onNotificationPostedCallBack: flags=98
06-19 16:26:16.349  1280  1280 W perf-hal-servic: type=1400 audit(0.0:53926): avc: denied { search } for name="1893" dev="proc" ino=9354853 scontext=u:r:vendor_hal_perf_default:s0 tcontext=u:r:miuibooster:s0 tclass=dir permissive=0
06-19 16:26:16.349  1280  1280 W perf-hal-servic: type=1400 audit(0.0:53927): avc: denied { search } for name="1893" dev="proc" ino=9354853 scontext=u:r:vendor_hal_perf_default:s0 tcontext=u:r:miuibooster:s0 tclass=dir permissive=0
06-19 16:26:16.348  4233  4988 D MiBridge: requestCpuHighFreq---- uid: 1000 level: 1 timeoutms:2000
06-19 16:26:16.349  1893  1925 W MiuiBooster: "MiuiBoosterService requestCpuHighFreq: 1000, 1, 2000"
06-19 16:26:16.350  1893  1925 W MiuiBooster: "requestCpuHighFreq,final level:1,final timeoutms:2000"
06-19 16:26:16.351  1893  1925 W MiuiBooster: "perf_hint_hc start"
06-19 16:26:16.351  1893  1925 W MiuiBooster: "big_core_value[level-1]:4095"
06-19 16:26:16.351  1893  1925 W MiuiBooster: "little_core_value[level-1]:4095"
06-19 16:26:16.351  1893  1925 W MiuiBooster: "prime_core_value[level - 1]:4095"
06-19 16:26:16.351  1893  1925 W MiuiBooster: "perf_handle:430464"
06-19 16:26:16.353  4233  4988 D MiBridge: requestCpuHighFreq handle: 1
06-19 16:26:16.353  4233  4988 D CpuBoostUtil: boostCpuToMax:0
06-19 16:26:16.354  4233  4475 D PeopleSpaceWidgetMgr: Sbn doesn't contain valid PeopleTileKey: null/0/cn.missevan
06-19 16:26:16.354  4233  4988 D MiBridge: cancelCpuHighFreq---uid: 1000
06-19 16:26:16.355  2431  4801 I WindowManagerService: Physical orientation applied, rotation=0 sfOrientation=ORIENTATION_0
06-19 16:26:16.357  4233  4988 D MiBridge: cancelCpuHighFreq ret: 0
06-19 16:26:16.357  4233  4233 I MediaCarouselController: media_data_arrive: addOrUpdatePlayer
06-19 16:26:16.357  4233  4233 I MiuiMediaControlPanel: media_data_arrive: bindPlayer: mPlayerViewHolder=com.android.systemui.media.PlayerViewHolder@28e3cdb
06-19 16:26:16.357  4233  4233 I MiuiMediaControlPanel: media_data_arrive: bindPlayer: 猫耳FM, 他似晨风起 | 第一期, Megrezz
06-19 16:26:16.357  4233  4233 I MiuiMediaControlPanel: MediaAction: contentDesc=快退; MediaAction: contentDesc=上一首; MediaAction: contentDesc=暂停; MediaAction: contentDesc=下一首; MediaAction: contentDesc=快进;
06-19 16:26:16.358  4233  4988 D CpuBoostUtil: cancelCpuHighFreq:0
06-19 16:26:16.358  4233  4233 D MiuiMediaControlPanel: setArtwork---ProcessArtworkTask
06-19 16:26:16.363  5735 14209 W Parcel  : **** enforceInterface() expected 'com.miui.gamebooster.service.ISecurityCenterNotificationListener' but read 'android.service.notification.INotificationListener'
06-19 16:26:16.363  5735 14209 W Binder  : Caught a RuntimeException from the binder stub implementation.
06-19 16:26:16.363  5735 14209 W Binder  : java.lang.SecurityException: Binder invocation to an incorrect interface
06-19 16:26:16.363  5735 14209 W Binder  : 	at android.os.Parcel.nativeEnforceInterface(Native Method)
06-19 16:26:16.363  5735 14209 W Binder  : 	at android.os.Parcel.enforceInterface(Parcel.java:699)
06-19 16:26:16.363  5735 14209 W Binder  : 	at com.miui.gamebooster.service.ISecurityCenterNotificationListener$Stub.onTransact(Unknown Source:18)
06-19 16:26:16.363  5735 14209 W Binder  : 	at android.os.Binder.execTransactInternal(Binder.java:1190)
06-19 16:26:16.363  5735 14209 W Binder  : 	at android.os.Binder.execTransact(Binder.java:1149)
06-19 16:26:16.369  4233  4233 D InterruptionStateProvider: No alerting: filtered notification: 0|cn.missevan|1500|null|10494
06-19 16:26:16.370  4233  4233 D InterruptionStateProvider: No alerting: filtered notification: 0|cn.missevan|1500|null|10494
06-19 16:26:16.373  2018  3127 D libsensor-displayalgo: the value of  brightness:438.000000,R:4732613.847124,G:4515939.299445,B:4801234.874927,EVENT_C:3609.000000,EVENT_R:1486.000000,EVENT_G:1755.500000,EVENT_B:713.000000
06-19 16:26:16.373  2018  3127 I libsensor-displayalgo: the value of  Coef1:1107.681000,Coef4:2.383000, scale1:0.935522, scale4:0.923264
06-19 16:26:16.373  2018  3127 E libsensor-displayalgo: RGB_black_white_scenario_0822!
06-19 16:26:16.373  2018  3127 I libsensor-displayalgo: the value of  RESULT141.228143,49.457224,75.155211,25.521711
06-19 16:26:16.373  2018  3127 I libsensor-displayalgo: the value of  getChannelDataCalibrated148.069998,45.806922,87.353216,27.855230
06-19 16:26:16.373  2018  3127 I libsensor-displayalgo: the value of  REAL LUX210.198807
06-19 16:26:16.373  2018  3127 I libsensor-displayalgo: the value of  CAL REAL LUX210.198807
06-19 16:26:16.381  1280  1280 W perf-hal-servic: type=1400 audit(0.0:53928): avc: denied { search } for name="1893" dev="proc" ino=9354853 scontext=u:r:vendor_hal_perf_default:s0 tcontext=u:r:miuibooster:s0 tclass=dir permissive=0
06-19 16:26:16.381  1280  1280 W perf-hal-servic: type=1400 audit(0.0:53929): avc: denied { search } for name="1893" dev="proc" ino=9354853 scontext=u:r:vendor_hal_perf_default:s0 tcontext=u:r:miuibooster:s0 tclass=dir permissive=0
06-19 16:26:16.381  4233  4988 D MiBridge: requestCpuHighFreq---- uid: 1000 level: 1 timeoutms:2000
06-19 16:26:16.381  1893  1925 W MiuiBooster: "MiuiBoosterService requestCpuHighFreq: 1000, 1, 2000"
06-19 16:26:16.381  1893  1925 W MiuiBooster: "requestCpuHighFreq,final level:1,final timeoutms:2000"
06-19 16:26:16.381  1893  1925 W MiuiBooster: "perf_hint_hc start"
06-19 16:26:16.381  1893  1925 W MiuiBooster: "big_core_value[level-1]:4095"
06-19 16:26:16.381  1893  1925 W MiuiBooster: "little_core_value[level-1]:4095"
06-19 16:26:16.381  1893  1925 W MiuiBooster: "prime_core_value[level - 1]:4095"
06-19 16:26:16.384  1893  1925 W MiuiBooster: "perf_handle:430465"
06-19 16:26:16.384  4233  4988 D MiBridge: requestCpuHighFreq handle: 1
06-19 16:26:16.384  4233  4988 D CpuBoostUtil: boostCpuToMax:0
06-19 16:26:16.384  2431  4801 I WindowManagerService: Physical orientation applied, rotation=0 sfOrientation=ORIENTATION_0
06-19 16:26:16.384  4233  4988 D MiBridge: cancelCpuHighFreq---uid: 1000
06-19 16:26:16.385  4233  4988 D MiBridge: cancelCpuHighFreq ret: 0
06-19 16:26:16.385  4233  4988 D CpuBoostUtil: cancelCpuHighFreq:0
06-19 16:26:16.388  5735  8037 V m       : ret=0
06-19 16:26:16.389  5735  8037 V onNotificationPostedCallBack: flags=98
06-19 16:26:16.392  5735  8037 V m       : ret=0
06-19 16:26:16.393  5285  5285 D MiBarrage: No barrage: not in game scene or in video scene
06-19 16:26:16.395  5285  5285 D MiBarrage: No barrage: not in game scene or in video scene
06-19 16:26:16.400 30661 30744 D IdProviderImpl: getOAID from com.miui.analytics
06-19 16:26:16.414  4233  4475 D PeopleSpaceWidgetMgr: Sbn doesn't contain valid PeopleTileKey: null/0/cn.missevan
06-19 16:26:16.427  2431  6206 I WindowManagerService: Physical orientation applied, rotation=0 sfOrientation=ORIENTATION_0
06-19 16:26:16.429  4233  4233 I MediaCarouselController: media_data_arrive: addOrUpdatePlayer
06-19 16:26:16.429  4233  4233 I MiuiMediaControlPanel: media_data_arrive: bindPlayer: mPlayerViewHolder=com.android.systemui.media.PlayerViewHolder@28e3cdb
06-19 16:26:16.429  4233  4233 I MiuiMediaControlPanel: media_data_arrive: bindPlayer: 猫耳FM, 他似晨风起 | 第一期, Megrezz
06-19 16:26:16.429  4233  4233 I MiuiMediaControlPanel: MediaAction: contentDesc=快退; MediaAction: contentDesc=上一首; MediaAction: contentDesc=暂停; MediaAction: contentDesc=下一首; MediaAction: contentDesc=快进;
06-19 16:26:16.450  7268  7414 W RenderInspector: DequeueBuffer time out on PopupWindow:ade028e, count=1, avg=11 ms, max=11 ms.
06-19 16:26:16.452 30661 30744 D IdProviderImpl: getOAID from com.miui.analytics
06-19 16:26:16.462  2431  3286 D MiuiNetworkPolicy: updateLimit mLimitEnabled=false,enabled=true,mNetworkPriorityMode=1
06-19 16:26:16.472  7268  7268 I HandWritingStubImpl: isKeyboardTypeChanged: false
06-19 16:26:16.473  7268  7268 I HandWritingStubImpl: isKeyboardTypeChanged: false
06-19 16:26:16.474  7268  7268 I HandWritingStubImpl: isKeyboardTypeChanged: false
06-19 16:26:16.474  7268  7268 I HandWritingStubImpl: isKeyboardTypeChanged: false
06-19 16:26:16.476  7268  7268 I HandWritingStubImpl: isKeyboardTypeChanged: false
06-19 16:26:16.476  7268  7268 I HandWritingStubImpl: isKeyboardTypeChanged: false
06-19 16:26:16.477  7268  7268 I HandWritingStubImpl: isKeyboardTypeChanged: false
06-19 16:26:16.477  7268  7268 I HandWritingStubImpl: isKeyboardTypeChanged: false
06-19 16:26:16.491  4233  4725 W RenderInspector: QueueBuffer time out on NotificationShade, count=1, avg=9 ms, max=9 ms.
06-19 16:26:16.516  8770  8973 V Avrcp_ext: onMetadataChanged
06-19 16:26:16.517  8770  8973 V Avrcp_ext: updateCurrentMediaState: mMediaController: MediaController (cn.missevan@104b84e) 他似晨风起 | 第一期, Megrezz, null
06-19 16:26:16.517  8770  8973 V Avrcp_ext: updateCurrentMediaState: isPlaying = false
06-19 16:26:16.517  8770  8973 W Avrcp_ext: isMusicActive: true getBluetoothPlayState: 1 A2dp State: 11 mAudioPlaybackIsActive: true
06-19 16:26:16.518  8770  8973 D Avrcp_ext: isMusicActive = true mAudioPlaybackIsActive = true player state = PlaybackState {state=3, position=454, buffered position=0, speed=1.0, updated=451750121, actions=894, custom actions=[], active item id=-1, error=null}
06-19 16:26:16.519  8770  8973 D Avrcp_ext: overwrite album_artist :if album is blank
06-19 16:26:16.522  8770  8973 V Avrcp_ext: Media update: id -1➡-1? [MediaAttributes: 他⋯期 -  by M⋯z (2968630 0/0) - ] : [MediaAttributes: 他⋯期 -  by M⋯z (2968630 0/0) - ]
06-19 16:26:16.522  8770  8973 D Avrcp_ext: isPackageNameValid: browsedPackage = cn.missevanisValid = true
06-19 16:26:16.522  8770  8973 V Avrcp_ext: isBrowseSupported for cn.missevan: false
