06-20 17:48:12.783  2018  3127 D libsensor-displayalgo: the value of  brightness:438.000000,R:1031558.687032,G:1099076.508278,B:1035907.930986,EVENT_C:3287.500000,EVENT_R:1372.500000,EVENT_G:1588.000000,EVENT_B:652.500000
06-20 17:48:12.783  2018  3127 I libsensor-displayalgo: the value of  Coef1:1107.681000,Coef4:2.383000, scale1:0.935522, scale4:0.923264
06-20 17:48:12.783  2018  3127 E libsensor-displayalgo: RGB_black_white_scenario_0822!
06-20 17:48:12.783  2018  3127 I libsensor-displayalgo: the value of  RESULT34.858815,11.192549,19.210957,6.840670
06-20 17:48:12.783  2018  3127 I libsensor-displayalgo: the value of  getChannelDataCalibrated36.547565,10.366458,22.328976,7.466131
06-20 17:48:12.783  2018  3127 I libsensor-displayalgo: the value of  REAL LUX196.918472
06-20 17:48:12.783  2018  3127 I libsensor-displayalgo: the value of  CAL REAL LUX196.918472
06-20 17:48:12.839  2431  2637 W WindowManager: Unable to start animation, surface is null or no children.
06-20 17:48:13.050 31630 31630 I HandWritingStubImpl: isKeyboardTypeChanged: false
06-20 17:48:13.083  2018  3127 D libsensor-displayalgo: the value of  brightness:438.000000,R:1031558.687032,G:1099076.508278,B:1035907.930986,EVENT_C:3287.500000,EVENT_R:1372.500000,EVENT_G:1588.000000,EVENT_B:652.500000
06-20 17:48:13.083  2018  3127 I libsensor-displayalgo: the value of  Coef1:1107.681000,Coef4:2.383000, scale1:0.935522, scale4:0.923264
06-20 17:48:13.083  2018  3127 E libsensor-displayalgo: RGB_black_white_scenario_0822!
06-20 17:48:13.084  2018  3127 I libsensor-displayalgo: the value of  RESULT34.858815,11.192549,19.210957,6.840670
06-20 17:48:13.084  2018  3127 I libsensor-displayalgo: the value of  getChannelDataCalibrated36.547565,10.366458,22.328976,7.466131
06-20 17:48:13.084  2018  3127 I libsensor-displayalgo: the value of  REAL LUX196.918472
06-20 17:48:13.084  2018  3127 I libsensor-displayalgo: the value of  CAL REAL LUX196.918472
06-20 17:48:13.383  2018  3127 D libsensor-displayalgo: the value of  brightness:438.000000,R:1031558.687032,G:1099076.508278,B:1035907.930986,EVENT_C:3301.500000,EVENT_R:1374.500000,EVENT_G:1595.000000,EVENT_B:654.000000
06-20 17:48:13.384  2018  3127 I libsensor-displayalgo: the value of  Coef1:1107.681000,Coef4:2.383000, scale1:0.935522, scale4:0.923264
06-20 17:48:13.384  2018  3127 E libsensor-displayalgo: RGB_black_white_scenario_0822!
06-20 17:48:13.384  2018  3127 I libsensor-displayalgo: the value of  RESULT34.858815,11.192549,19.210957,6.840670
06-20 17:48:13.384  2018  3127 I libsensor-displayalgo: the value of  getChannelDataCalibrated36.547565,10.366458,22.328976,7.466131
06-20 17:48:13.384  2018  3127 I libsensor-displayalgo: the value of  REAL LUX198.027771
06-20 17:48:13.384  2018  3127 I libsensor-displayalgo: the value of  CAL REAL LUX198.027771
06-20 17:48:13.583 31630 31630 I HandWritingStubImpl: isKeyboardTypeChanged: false
06-20 17:48:13.683  2018  3127 D libsensor-displayalgo: the value of  brightness:438.000000,R:1031558.687032,G:1099076.508278,B:1035907.930986,EVENT_C:3291.000000,EVENT_R:1373.000000,EVENT_G:1592.000000,EVENT_B:652.000000
06-20 17:48:13.683  2018  3127 I libsensor-displayalgo: the value of  Coef1:1107.681000,Coef4:2.383000, scale1:0.935522, scale4:0.923264
06-20 17:48:13.683  2018  3127 E libsensor-displayalgo: RGB_black_white_scenario_0822!
06-20 17:48:13.683  2018  3127 I libsensor-displayalgo: the value of  RESULT34.858815,11.192549,19.210957,6.840670
06-20 17:48:13.683  2018  3127 I libsensor-displayalgo: the value of  getChannelDataCalibrated36.547565,10.366458,22.328976,7.466131
06-20 17:48:13.683  2018  3127 I libsensor-displayalgo: the value of  REAL LUX197.369263
06-20 17:48:13.684  2018  3127 I libsensor-displayalgo: the value of  CAL REAL LUX197.369263
06-20 17:48:13.983  2018  3127 D libsensor-displayalgo: the value of  brightness:438.000000,R:1031558.687032,G:1099076.508278,B:1035907.930986,EVENT_C:3293.000000,EVENT_R:1373.000000,EVENT_G:1592.500000,EVENT_B:651.500000
06-20 17:48:13.983  2018  3127 I libsensor-displayalgo: the value of  Coef1:1107.681000,Coef4:2.383000, scale1:0.935522, scale4:0.923264
06-20 17:48:13.983  2018  3127 E libsensor-displayalgo: RGB_black_white_scenario_0822!
06-20 17:48:13.983  2018  3127 I libsensor-displayalgo: the value of  RESULT34.858815,11.192549,19.210957,6.840670
06-20 17:48:13.983  2018  3127 I libsensor-displayalgo: the value of  getChannelDataCalibrated36.547565,10.366458,22.328976,7.466131
06-20 17:48:13.984  2018  3127 I libsensor-displayalgo: the value of  REAL LUX197.573792
06-20 17:48:13.984  2018  3127 I libsensor-displayalgo: the value of  CAL REAL LUX197.573792
06-20 17:48:14.134 31630 31630 I HandWritingStubImpl: isKeyboardTypeChanged: false
06-20 17:48:14.283  2018  3127 D libsensor-displayalgo: the value of  brightness:438.000000,R:1031558.687032,G:1099076.508278,B:1035907.930986,EVENT_C:3296.000000,EVENT_R:1374.000000,EVENT_G:1591.500000,EVENT_B:653.000000
06-20 17:48:14.283  2018  3127 I libsensor-displayalgo: the value of  Coef1:1107.681000,Coef4:2.383000, scale1:0.935522, scale4:0.923264
06-20 17:48:14.283  2018  3127 E libsensor-displayalgo: RGB_black_white_scenario_0822!
06-20 17:48:14.283  2018  3127 I libsensor-displayalgo: the value of  RESULT34.858815,11.192549,19.210957,6.840670
06-20 17:48:14.283  2018  3127 I libsensor-displayalgo: the value of  getChannelDataCalibrated36.547565,10.366458,22.328976,7.466131
06-20 17:48:14.283  2018  3127 I libsensor-displayalgo: the value of  REAL LUX197.580429
06-20 17:48:14.283  2018  3127 I libsensor-displayalgo: the value of  CAL REAL LUX197.580429
06-20 17:48:14.583  2018  3127 D libsensor-displayalgo: the value of  brightness:438.000000,R:1031558.687032,G:1099076.508278,B:1035907.930986,EVENT_C:3301.000000,EVENT_R:1374.500000,EVENT_G:1593.000000,EVENT_B:653.500000
06-20 17:48:14.584  2018  3127 I libsensor-displayalgo: the value of  Coef1:1107.681000,Coef4:2.383000, scale1:0.935522, scale4:0.923264
06-20 17:48:14.584  2018  3127 E libsensor-displayalgo: RGB_black_white_scenario_0822!
06-20 17:48:14.584  2018  3127 I libsensor-displayalgo: the value of  RESULT34.858815,11.192549,19.210957,6.840670
06-20 17:48:14.584  2018  3127 I libsensor-displayalgo: the value of  getChannelDataCalibrated36.547565,10.366458,22.328976,7.466131
06-20 17:48:14.584  2018  3127 I libsensor-displayalgo: the value of  REAL LUX197.942108
06-20 17:48:14.584  2018  3127 I libsensor-displayalgo: the value of  CAL REAL LUX197.942108
06-20 17:48:14.650 31630 31630 I HandWritingStubImpl: isKeyboardTypeChanged: false
06-20 17:48:14.769  1265  2358 I vendor.qti.hardware.display.composer-service: FrameNotifyProcess Sensor: notify citsensorservice to trigger cwb
06-20 17:48:14.770  2018  7182 I libcitsensorservice@2.0-impl: msg_transfer
06-20 17:48:14.771  2018  3098 D vendor.xiaomi.sensor.citsensorservice@2.0-service: handle id:9 wxh:1280x2400 uwxuh:1080x2400 size: 9216000 fd:15 fd_meta:16 flags:0x4000228 usage:0x33  format:0x3 layer_count: 1
06-20 17:48:14.771  1265  1887 I SDM     : HWCSession::SetCWBOutputBuffer: CWB config passed by cwb_client : tappoint 1  CWB_ROI : (829.000000 4.000000 915.000000 90.000000)
06-20 17:48:14.773  1265  6087 I SDM     : HWCSession::ProcessRequests: Successfully configured CWB buffer.
06-20 17:48:14.786  1265  6087 I SDM     : HWCSession::ProcessRequests: Pushing release fence in fenece wait queue.
06-20 17:48:14.786  1265  6087 I SDM     : HWCSession::ProcessRequests: Creating AsyncFenceWaits async thread.
06-20 17:48:14.787  1265  6087 I SDM     : HWCSession::ProcessRequests: Remove current CWB request from the pending request queue.
06-20 17:48:14.787  1265  6087 I SDM     : HWCSession::ProcessRequests: No pending cwb requests found in the queue.
06-20 17:48:14.801  1265  1584 I SDM     : HWDeviceDRM::SetupConcurrentWriteback: Tear down the Concurrent Writeback topology
06-20 17:48:14.811  1265  6090 I SDM     : HWCSession::NotifyCWBStatus: Notify the client about buffer status 0.
06-20 17:48:14.811  1265  6090 I SDM     : HWCSession::PerformFenceWaits: Remove current release fence from the pending fence wait queue.
06-20 17:48:14.811  1265  6090 I SDM     : HWCSession::PerformFenceWaits: CWB fence queue is empty. No pending release fence to wait on.
06-20 17:48:14.883  2018  3127 D libsensor-displayalgo: the value of  brightness:438.000000,R:1031577.607171,G:1099097.363237,B:1035927.644978,EVENT_C:3298.500000,EVENT_R:1375.000000,EVENT_G:1594.000000,EVENT_B:653.500000
06-20 17:48:14.883  2018  3127 I libsensor-displayalgo: the value of  Coef1:1107.681000,Coef4:2.383000, scale1:0.935522, scale4:0.923264
06-20 17:48:14.883  2018  3127 E libsensor-displayalgo: RGB_black_white_scenario_0822!
06-20 17:48:14.884  2018  3127 I libsensor-displayalgo: the value of  RESULT34.859466,11.192772,19.211319,6.840798
06-20 17:48:14.884  2018  3127 I libsensor-displayalgo: the value of  getChannelDataCalibrated36.548247,10.366665,22.329397,7.466270
06-20 17:48:14.884  2018  3127 I libsensor-displayalgo: the value of  REAL LUX197.792267
06-20 17:48:14.884  2018  3127 I libsensor-displayalgo: the value of  CAL REAL LUX197.792267
06-20 17:48:15.167 31630 31630 I HandWritingStubImpl: isKeyboardTypeChanged: false
06-20 17:48:15.182  2018  3127 D libsensor-displayalgo: the value of  brightness:438.000000,R:1031577.607171,G:1099097.363237,B:1035927.644978,EVENT_C:3298.500000,EVENT_R:1375.000000,EVENT_G:1594.000000,EVENT_B:653.500000
06-20 17:48:15.182  2018  3127 I libsensor-displayalgo: the value of  Coef1:1107.681000,Coef4:2.383000, scale1:0.935522, scale4:0.923264
06-20 17:48:15.182  2018  3127 E libsensor-displayalgo: RGB_black_white_scenario_0822!
06-20 17:48:15.182  2018  3127 I libsensor-displayalgo: the value of  RESULT34.859466,11.192772,19.211319,6.840798
06-20 17:48:15.182  2018  3127 I libsensor-displayalgo: the value of  getChannelDataCalibrated36.548247,10.366665,22.329397,7.466270
06-20 17:48:15.182  2018  3127 I libsensor-displayalgo: the value of  REAL LUX197.792267
06-20 17:48:15.182  2018  3127 I libsensor-displayalgo: the value of  CAL REAL LUX197.792267
06-20 17:48:15.483  2018  3127 D libsensor-displayalgo: the value of  brightness:438.000000,R:1031577.607171,G:1099097.363237,B:1035927.644978,EVENT_C:3298.500000,EVENT_R:1375.000000,EVENT_G:1594.000000,EVENT_B:653.500000
06-20 17:48:15.483  2018  3127 I libsensor-displayalgo: the value of  Coef1:1107.681000,Coef4:2.383000, scale1:0.935522, scale4:0.923264
06-20 17:48:15.483  2018  3127 E libsensor-displayalgo: RGB_black_white_scenario_0822!
06-20 17:48:15.483  2018  3127 I libsensor-displayalgo: the value of  RESULT34.859466,11.192772,19.211319,6.840798
06-20 17:48:15.483  2018  3127 I libsensor-displayalgo: the value of  getChannelDataCalibrated36.548247,10.366665,22.329397,7.466270
06-20 17:48:15.483  2018  3127 I libsensor-displayalgo: the value of  REAL LUX197.792267
06-20 17:48:15.483  2018  3127 I libsensor-displayalgo: the value of  CAL REAL LUX197.792267
06-20 17:48:15.701 31630 31630 I HandWritingStubImpl: isKeyboardTypeChanged: false
06-20 17:48:15.783  2018  3127 D libsensor-displayalgo: the value of  brightness:438.000000,R:1031577.607171,G:1099097.363237,B:1035927.644978,EVENT_C:3298.500000,EVENT_R:1375.000000,EVENT_G:1594.000000,EVENT_B:653.500000
06-20 17:48:15.783  2018  3127 I libsensor-displayalgo: the value of  Coef1:1107.681000,Coef4:2.383000, scale1:0.935522, scale4:0.923264
06-20 17:48:15.783  2018  3127 E libsensor-displayalgo: RGB_black_white_scenario_0822!
06-20 17:48:15.783  2018  3127 I libsensor-displayalgo: the value of  RESULT34.859466,11.192772,19.211319,6.840798
06-20 17:48:15.783  2018  3127 I libsensor-displayalgo: the value of  getChannelDataCalibrated36.548247,10.366665,22.329397,7.466270
06-20 17:48:15.783  2018  3127 I libsensor-displayalgo: the value of  REAL LUX197.792267
06-20 17:48:15.783  2018  3127 I libsensor-displayalgo: the value of  CAL REAL LUX197.792267
06-20 17:48:16.035 10662 10818 D WorkerThreadMonitor: Kill MSF check result[ senderSize:0,sendInterval:175498,receiveInterval=25299,addCmdCount=187
06-20 17:48:16.083  2018  3127 D libsensor-displayalgo: the value of  brightness:438.000000,R:1031577.607171,G:1099097.363237,B:1035927.644978,EVENT_C:3296.500000,EVENT_R:1372.500000,EVENT_G:1593.500000,EVENT_B:653.000000
06-20 17:48:16.083  2018  3127 I libsensor-displayalgo: the value of  Coef1:1107.681000,Coef4:2.383000, scale1:0.935522, scale4:0.923264
06-20 17:48:16.083  2018  3127 E libsensor-displayalgo: RGB_black_white_scenario_0822!
06-20 17:48:16.083  2018  3127 I libsensor-displayalgo: the value of  RESULT34.859466,11.192772,19.211319,6.840798
06-20 17:48:16.084  2018  3127 I libsensor-displayalgo: the value of  getChannelDataCalibrated36.548247,10.366665,22.329397,7.466270
06-20 17:48:16.084  2018  3127 I libsensor-displayalgo: the value of  REAL LUX197.763245
06-20 17:48:16.084  2018  3127 I libsensor-displayalgo: the value of  CAL REAL LUX197.763245
06-20 17:48:16.251 31630 31630 I HandWritingStubImpl: isKeyboardTypeChanged: false
06-20 17:48:16.383  2018  3127 D libsensor-displayalgo: the value of  brightness:438.000000,R:1031577.607171,G:1099097.363237,B:1035927.644978,EVENT_C:3296.500000,EVENT_R:1374.000000,EVENT_G:1594.000000,EVENT_B:653.500000
06-20 17:48:16.383  2018  3127 I libsensor-displayalgo: the value of  Coef1:1107.681000,Coef4:2.383000, scale1:0.935522, scale4:0.923264
06-20 17:48:16.383  2018  3127 E libsensor-displayalgo: RGB_black_white_scenario_0822!
06-20 17:48:16.383  2018  3127 I libsensor-displayalgo: the value of  RESULT34.859466,11.192772,19.211319,6.840798
06-20 17:48:16.383  2018  3127 I libsensor-displayalgo: the value of  getChannelDataCalibrated36.548247,10.366665,22.329397,7.466270
06-20 17:48:16.383  2018  3127 I libsensor-displayalgo: the value of  REAL LUX197.688828
06-20 17:48:16.383  2018  3127 I libsensor-displayalgo: the value of  CAL REAL LUX197.688828
06-20 17:48:16.497  2431  2431 W WindowManager: removeWindowToken: Attempted to remove non-existing token: android.os.Binder@f790f8c
06-20 17:48:16.683  2018  3127 D libsensor-displayalgo: the value of  brightness:438.000000,R:1031577.607171,G:1099097.363237,B:1035927.644978,EVENT_C:3291.000000,EVENT_R:1374.000000,EVENT_G:1591.500000,EVENT_B:651.500000
06-20 17:48:16.683  2018  3127 I libsensor-displayalgo: the value of  Coef1:1107.681000,Coef4:2.383000, scale1:0.935522, scale4:0.923264
06-20 17:48:16.683  2018  3127 E libsensor-displayalgo: RGB_black_white_scenario_0822!
06-20 17:48:16.683  2018  3127 I libsensor-displayalgo: the value of  RESULT34.859466,11.192772,19.211319,6.840798
06-20 17:48:16.683  2018  3127 I libsensor-displayalgo: the value of  getChannelDataCalibrated36.548247,10.366665,22.329397,7.466270
06-20 17:48:16.683  2018  3127 I libsensor-displayalgo: the value of  REAL LUX197.349396
06-20 17:48:16.683  2018  3127 I libsensor-displayalgo: the value of  CAL REAL LUX197.349396
06-20 17:48:16.784 31630 31630 I HandWritingStubImpl: isKeyboardTypeChanged: false
06-20 17:48:16.983  2018  3127 D libsensor-displayalgo: the value of  brightness:438.000000,R:1031577.607171,G:1099097.363237,B:1035927.644978,EVENT_C:3297.000000,EVENT_R:1373.000000,EVENT_G:1593.000000,EVENT_B:653.500000
06-20 17:48:16.983  2018  3127 I libsensor-displayalgo: the value of  Coef1:1107.681000,Coef4:2.383000, scale1:0.935522, scale4:0.923264
06-20 17:48:16.983  2018  3127 E libsensor-displayalgo: RGB_black_white_scenario_0822!
06-20 17:48:16.983  2018  3127 I libsensor-displayalgo: the value of  RESULT34.859466,11.192772,19.211319,6.840798
06-20 17:48:16.983  2018  3127 I libsensor-displayalgo: the value of  getChannelDataCalibrated36.548247,10.366665,22.329397,7.466270
06-20 17:48:16.983  2018  3127 I libsensor-displayalgo: the value of  REAL LUX197.716293
06-20 17:48:16.983  2018  3127 I libsensor-displayalgo: the value of  CAL REAL LUX197.716293
06-20 17:48:17.283  2018  3127 D libsensor-displayalgo: the value of  brightness:438.000000,R:1031577.607171,G:1099097.363237,B:1035927.644978,EVENT_C:3295.500000,EVENT_R:1374.000000,EVENT_G:1594.500000,EVENT_B:652.500000
06-20 17:48:17.283  2018  3127 I libsensor-displayalgo: the value of  Coef1:1107.681000,Coef4:2.383000, scale1:0.935522, scale4:0.923264
06-20 17:48:17.283  2018  3127 E libsensor-displayalgo: RGB_black_white_scenario_0822!
06-20 17:48:17.283  2018  3127 I libsensor-displayalgo: the value of  RESULT34.859466,11.192772,19.211319,6.840798
06-20 17:48:17.283  2018  3127 I libsensor-displayalgo: the value of  getChannelDataCalibrated36.548247,10.366665,22.329397,7.466270
06-20 17:48:17.283  2018  3127 I libsensor-displayalgo: the value of  REAL LUX197.722244
06-20 17:48:17.283  2018  3127 I libsensor-displayalgo: the value of  CAL REAL LUX197.722244
06-20 17:48:17.284 31630 31630 I HandWritingStubImpl: isKeyboardTypeChanged: false
06-20 17:48:17.583  2018  3127 D libsensor-displayalgo: the value of  brightness:438.000000,R:1031577.607171,G:1099097.363237,B:1035927.644978,EVENT_C:3297.500000,EVENT_R:1374.500000,EVENT_G:1593.500000,EVENT_B:652.000000
06-20 17:48:17.583  2018  3127 I libsensor-displayalgo: the value of  Coef1:1107.681000,Coef4:2.383000, scale1:0.935522, scale4:0.923264
06-20 17:48:17.583  2018  3127 E libsensor-displayalgo: RGB_black_white_scenario_0822!
06-20 17:48:17.583  2018  3127 I libsensor-displayalgo: the value of  RESULT34.859466,11.192772,19.211319,6.840798
06-20 17:48:17.583  2018  3127 I libsensor-displayalgo: the value of  getChannelDataCalibrated36.548247,10.366665,22.329397,7.466270
06-20 17:48:17.583  2018  3127 I libsensor-displayalgo: the value of  REAL LUX197.839645
06-20 17:48:17.583  2018  3127 I libsensor-displayalgo: the value of  CAL REAL LUX197.839645
06-20 17:48:17.834 31630 31630 I HandWritingStubImpl: isKeyboardTypeChanged: false
06-20 17:48:17.883  2018  3127 D libsensor-displayalgo: the value of  brightness:438.000000,R:1031577.607171,G:1099097.363237,B:1035927.644978,EVENT_C:3298.500000,EVENT_R:1374.500000,EVENT_G:1594.500000,EVENT_B:654.000000
06-20 17:48:17.883  2018  3127 I libsensor-displayalgo: the value of  Coef1:1107.681000,Coef4:2.383000, scale1:0.935522, scale4:0.923264
06-20 17:48:17.883  2018  3127 E libsensor-displayalgo: RGB_black_white_scenario_0822!
06-20 17:48:17.883  2018  3127 I libsensor-displayalgo: the value of  RESULT34.859466,11.192772,19.211319,6.840798
06-20 17:48:17.883  2018  3127 I libsensor-displayalgo: the value of  getChannelDataCalibrated36.548247,10.366665,22.329397,7.466270
06-20 17:48:17.883  2018  3127 I libsensor-displayalgo: the value of  REAL LUX197.793259
06-20 17:48:17.883  2018  3127 I libsensor-displayalgo: the value of  CAL REAL LUX197.793259
06-20 17:48:18.183  2018  3127 D libsensor-displayalgo: the value of  brightness:438.000000,R:1031577.607171,G:1099097.363237,B:1035927.644978,EVENT_C:3298.000000,EVENT_R:1374.000000,EVENT_G:1594.500000,EVENT_B:653.500000
06-20 17:48:18.183  2018  3127 I libsensor-displayalgo: the value of  Coef1:1107.681000,Coef4:2.383000, scale1:0.935522, scale4:0.923264
06-20 17:48:18.183  2018  3127 E libsensor-displayalgo: RGB_black_white_scenario_0822!
06-20 17:48:18.183  2018  3127 I libsensor-displayalgo: the value of  RESULT34.859466,11.192772,19.211319,6.840798
06-20 17:48:18.183  2018  3127 I libsensor-displayalgo: the value of  getChannelDataCalibrated36.548247,10.366665,22.329397,7.466270
06-20 17:48:18.183  2018  3127 I libsensor-displayalgo: the value of  REAL LUX197.817444
06-20 17:48:18.183  2018  3127 I libsensor-displayalgo: the value of  CAL REAL LUX197.817444
06-20 17:48:18.368 31630 31630 I HandWritingStubImpl: isKeyboardTypeChanged: false
06-20 17:48:18.483  2018  3127 D libsensor-displayalgo: the value of  brightness:438.000000,R:1031577.607171,G:1099097.363237,B:1035927.644978,EVENT_C:3297.000000,EVENT_R:1373.500000,EVENT_G:1594.000000,EVENT_B:653.000000
06-20 17:48:18.483  2018  3127 I libsensor-displayalgo: the value of  Coef1:1107.681000,Coef4:2.383000, scale1:0.935522, scale4:0.923264
06-20 17:48:18.483  2018  3127 E libsensor-displayalgo: RGB_black_white_scenario_0822!
06-20 17:48:18.483  2018  3127 I libsensor-displayalgo: the value of  RESULT34.859466,11.192772,19.211319,6.840798
06-20 17:48:18.483  2018  3127 I libsensor-displayalgo: the value of  getChannelDataCalibrated36.548247,10.366665,22.329397,7.466270
06-20 17:48:18.483  2018  3127 I libsensor-displayalgo: the value of  REAL LUX197.783569
06-20 17:48:18.483  2018  3127 I libsensor-displayalgo: the value of  CAL REAL LUX197.783569
06-20 17:48:18.783  2018  3127 D libsensor-displayalgo: the value of  brightness:438.000000,R:1031577.607171,G:1099097.363237,B:1035927.644978,EVENT_C:3297.500000,EVENT_R:1373.500000,EVENT_G:1594.500000,EVENT_B:653.500000
06-20 17:48:18.783  2018  3127 I libsensor-displayalgo: the value of  Coef1:1107.681000,Coef4:2.383000, scale1:0.935522, scale4:0.923264
06-20 17:48:18.783  2018  3127 E libsensor-displayalgo: RGB_black_white_scenario_0822!
06-20 17:48:18.783  2018  3127 I libsensor-displayalgo: the value of  RESULT34.859466,11.192772,19.211319,6.840798
06-20 17:48:18.783  2018  3127 I libsensor-displayalgo: the value of  getChannelDataCalibrated36.548247,10.366665,22.329397,7.466270
06-20 17:48:18.784  2018  3127 I libsensor-displayalgo: the value of  REAL LUX197.801010
06-20 17:48:18.784  2018  3127 I libsensor-displayalgo: the value of  CAL REAL LUX197.801010
06-20 17:48:18.885 31630 31630 I HandWritingStubImpl: isKeyboardTypeChanged: false
06-20 17:48:19.083  2018  3127 D libsensor-displayalgo: the value of  brightness:438.000000,R:1031577.607171,G:1099097.363237,B:1035927.644978,EVENT_C:3294.500000,EVENT_R:1375.000000,EVENT_G:1592.500000,EVENT_B:653.500000
06-20 17:48:19.084  2018  3127 I libsensor-displayalgo: the value of  Coef1:1107.681000,Coef4:2.383000, scale1:0.935522, scale4:0.923264
06-20 17:48:19.084  2018  3127 E libsensor-displayalgo: RGB_black_white_scenario_0822!
06-20 17:48:19.084  2018  3127 I libsensor-displayalgo: the value of  RESULT34.859466,11.192772,19.211319,6.840798
06-20 17:48:19.084  2018  3127 I libsensor-displayalgo: the value of  getChannelDataCalibrated36.548247,10.366665,22.329397,7.466270
06-20 17:48:19.084  2018  3127 I libsensor-displayalgo: the value of  REAL LUX197.441696
06-20 17:48:19.084  2018  3127 I libsensor-displayalgo: the value of  CAL REAL LUX197.441696
06-20 17:48:19.233  2431  2945 I BatteryService: current mPlugType2current mHealthInfo.batteryLevel100current mHealthInfo.batteryTemperature342
06-20 17:48:19.239  5858  7526 D ThermalIECHandler: storeDataStyle: thermal_iec_monitor_persistence_data_style_iec_state; startIECTime: -1; IECScreenOffOverPeriodTime: 518734563
06-20 17:48:19.239  4190  4190 D DynamicService:  ACTION_BATTERY_CHANGED change,USB plug = 2
06-20 17:48:19.241  4145  4145 D QtiCarrierConfigHelper: WARNING, no carrier configs on phone Id: 1
06-20 17:48:19.242  5735  5735 I BatteryInfoReceiver: ACTION_BATTERY_CHANGED
06-20 17:48:19.243  5735  5735 I PowerNoticeUI: handleBatteryChanged oldPlugType 2 mPlugType 2 oldBatteryLevel 100 mBatteryLevel 100 temperature 342
06-20 17:48:19.247  5858  7218 D PowerCheckerService: onBatteryChanged, mBatteryLevel = 100, status = 5, level = 100, plug = 2, scale = 100
06-20 17:48:19.247  2431  2647 I android_os_HwBinder: HwBinder: Starting thread pool for getting: vendor.xiaomi.hardware.micharge@1.0::IMiCharge/default
06-20 17:48:19.248  5858  6736 D PowerKeeper.FrozenApp: onBatteryChanged plug=true mBatteryPlugged=2
06-20 17:48:19.248  1322  1351 E vendor.xiaomi.hardware.micharge@1.0-service: Failed to open node /sys/class/qcom-battery/reverse_chg_mode
06-20 17:48:19.248  1322  1351 I vendor.xiaomi.hardware.micharge@1.0-service: ReadFilePathValue path = /sys/class/qcom-battery/reverse_chg_mode value =
06-20 17:48:19.251  5858  7667 D PowerKeeper.Thermal: mBatteryTemperature: 34
06-20 17:48:19.252  4176  4176 V DeviceStatisticsService: chargerType=2 batteryLevel=100 totalBatteryCapacity=4158000
06-20 17:48:19.263  5735 11103 I android_os_HwBinder: HwBinder: Starting thread pool for getting: vendor.xiaomi.hardware.micharge@1.0::IMiCharge/default
06-20 17:48:19.264  1322  1351 I vendor.xiaomi.hardware.micharge@1.0-service: ReadFilePathValue path = /sys/class/qcom-battery/night_charging value = 0
06-20 17:48:19.264  5735 11103 I ChargeProtectionUtils: getNightChargingState: 0
06-20 17:48:19.265  2431  2647 I android_os_HwBinder: HwBinder: Starting thread pool for getting: vendor.xiaomi.hardware.micharge@1.0::IMiCharge/default
06-20 17:48:19.265  1322  1351 I vendor.xiaomi.hardware.micharge@1.0-service: ReadFilePathValue path = /sys/class/qcom-battery/fastchg_mode value = 0
06-20 17:48:19.382  2018  3127 D libsensor-displayalgo: the value of  brightness:438.000000,R:1031577.607171,G:1099097.363237,B:1035927.644978,EVENT_C:3294.500000,EVENT_R:1373.500000,EVENT_G:1592.500000,EVENT_B:652.000000
06-20 17:48:19.382  2018  3127 I libsensor-displayalgo: the value of  Coef1:1107.681000,Coef4:2.383000, scale1:0.935522, scale4:0.923264
06-20 17:48:19.382  2018  3127 E libsensor-displayalgo: RGB_black_white_scenario_0822!
06-20 17:48:19.383  2018  3127 I libsensor-displayalgo: the value of  RESULT34.859466,11.192772,19.211319,6.840798
06-20 17:48:19.383  2018  3127 I libsensor-displayalgo: the value of  getChannelDataCalibrated36.548247,10.366665,22.329397,7.466270
06-20 17:48:19.383  2018  3127 I libsensor-displayalgo: the value of  REAL LUX197.620117
06-20 17:48:19.383  2018  3127 I libsensor-displayalgo: the value of  CAL REAL LUX197.620117
06-20 17:48:19.418 31630 31630 I HandWritingStubImpl: isKeyboardTypeChanged: false
06-20 17:48:19.683  2018  3127 D libsensor-displayalgo: the value of  brightness:438.000000,R:1031577.607171,G:1099097.363237,B:1035927.644978,EVENT_C:3296.000000,EVENT_R:1374.000000,EVENT_G:1593.500000,EVENT_B:653.000000
06-20 17:48:19.683  2018  3127 I libsensor-displayalgo: the value of  Coef1:1107.681000,Coef4:2.383000, scale1:0.935522, scale4:0.923264
06-20 17:48:19.683  2018  3127 E libsensor-displayalgo: RGB_black_white_scenario_0822!
06-20 17:48:19.683  2018  3127 I libsensor-displayalgo: the value of  RESULT34.859466,11.192772,19.211319,6.840798
06-20 17:48:19.683  2018  3127 I libsensor-displayalgo: the value of  getChannelDataCalibrated36.548247,10.366665,22.329397,7.466270
06-20 17:48:19.683  2018  3127 I libsensor-displayalgo: the value of  REAL LUX197.671402
06-20 17:48:19.684  2018  3127 I libsensor-displayalgo: the value of  CAL REAL LUX197.671402
06-20 17:48:19.935 31630 31630 I HandWritingStubImpl: isKeyboardTypeChanged: false
06-20 17:48:19.983  2018  3127 D libsensor-displayalgo: the value of  brightness:438.000000,R:1031577.607171,G:1099097.363237,B:1035927.644978,EVENT_C:3295.000000,EVENT_R:1374.000000,EVENT_G:1591.500000,EVENT_B:651.500000
06-20 17:48:19.983  2018  3127 I libsensor-displayalgo: the value of  Coef1:1107.681000,Coef4:2.383000, scale1:0.935522, scale4:0.923264
06-20 17:48:19.983  2018  3127 E libsensor-displayalgo: RGB_black_white_scenario_0822!
06-20 17:48:19.983  2018  3127 I libsensor-displayalgo: the value of  RESULT34.859466,11.192772,19.211319,6.840798
06-20 17:48:19.983  2018  3127 I libsensor-displayalgo: the value of  getChannelDataCalibrated36.548247,10.366665,22.329397,7.466270
06-20 17:48:19.983  2018  3127 I libsensor-displayalgo: the value of  REAL LUX197.631699
06-20 17:48:19.983  2018  3127 I libsensor-displayalgo: the value of  CAL REAL LUX197.631699
06-20 17:48:20.283  2018  3127 D libsensor-displayalgo: the value of  brightness:438.000000,R:1031577.607171,G:1099097.363237,B:1035927.644978,EVENT_C:3294.000000,EVENT_R:1373.500000,EVENT_G:1594.000000,EVENT_B:653.000000
06-20 17:48:20.283  2018  3127 I libsensor-displayalgo: the value of  Coef1:1107.681000,Coef4:2.383000, scale1:0.935522, scale4:0.923264
06-20 17:48:20.283  2018  3127 E libsensor-displayalgo: RGB_black_white_scenario_0822!
06-20 17:48:20.283  2018  3127 I libsensor-displayalgo: the value of  RESULT34.859466,11.192772,19.211319,6.840798
06-20 17:48:20.283  2018  3127 I libsensor-displayalgo: the value of  getChannelDataCalibrated36.548247,10.366665,22.329397,7.466270
06-20 17:48:20.283  2018  3127 I libsensor-displayalgo: the value of  REAL LUX197.571854
06-20 17:48:20.283  2018  3127 I libsensor-displayalgo: the value of  CAL REAL LUX197.571854
06-20 17:48:20.452 31630 31630 I HandWritingStubImpl: isKeyboardTypeChanged: false
06-20 17:48:20.583  2018  3127 D libsensor-displayalgo: the value of  brightness:438.000000,R:1031577.607171,G:1099097.363237,B:1035927.644978,EVENT_C:3296.000000,EVENT_R:1376.000000,EVENT_G:1593.500000,EVENT_B:654.500000
06-20 17:48:20.583  2018  3127 I libsensor-displayalgo: the value of  Coef1:1107.681000,Coef4:2.383000, scale1:0.935522, scale4:0.923264
06-20 17:48:20.583  2018  3127 E libsensor-displayalgo: RGB_black_white_scenario_0822!
06-20 17:48:20.583  2018  3127 I libsensor-displayalgo: the value of  RESULT34.859466,11.192772,19.211319,6.840798
06-20 17:48:20.583  2018  3127 I libsensor-displayalgo: the value of  getChannelDataCalibrated36.548247,10.366665,22.329397,7.466270
06-20 17:48:20.583  2018  3127 I libsensor-displayalgo: the value of  REAL LUX197.474121
06-20 17:48:20.584  2018  3127 I libsensor-displayalgo: the value of  CAL REAL LUX197.474121
06-20 17:48:20.883  2018  3127 D libsensor-displayalgo: the value of  brightness:438.000000,R:1031577.607171,G:1099097.363237,B:1035927.644978,EVENT_C:3304.000000,EVENT_R:1380.500000,EVENT_G:1600.000000,EVENT_B:660.500000
06-20 17:48:20.883  2018  3127 I libsensor-displayalgo: the value of  Coef1:1107.681000,Coef4:2.383000, scale1:0.935522, scale4:0.923264
06-20 17:48:20.883  2018  3127 E libsensor-displayalgo: RGB_black_white_scenario_0822!
06-20 17:48:20.883  2018  3127 I libsensor-displayalgo: the value of  RESULT34.859466,11.192772,19.211319,6.840798
06-20 17:48:20.883  2018  3127 I libsensor-displayalgo: the value of  getChannelDataCalibrated36.548247,10.366665,22.329397,7.466270
06-20 17:48:20.883  2018  3127 I libsensor-displayalgo: the value of  REAL LUX197.677429
06-20 17:48:20.883  2018  3127 I libsensor-displayalgo: the value of  CAL REAL LUX197.677429
06-20 17:48:20.985 31630 31630 I HandWritingStubImpl: isKeyboardTypeChanged: false
06-20 17:48:21.183  2018  3127 D libsensor-displayalgo: the value of  brightness:438.000000,R:1031577.607171,G:1099097.363237,B:1035927.644978,EVENT_C:3307.000000,EVENT_R:1388.500000,EVENT_G:1605.500000,EVENT_B:667.500000
06-20 17:48:21.183  2018  3127 I libsensor-displayalgo: the value of  Coef1:1107.681000,Coef4:2.383000, scale1:0.935522, scale4:0.923264
06-20 17:48:21.183  2018  3127 E libsensor-displayalgo: RGB_black_white_scenario_0822!
06-20 17:48:21.183  2018  3127 I libsensor-displayalgo: the value of  RESULT34.859466,11.192772,19.211319,6.840798
06-20 17:48:21.183  2018  3127 I libsensor-displayalgo: the value of  getChannelDataCalibrated36.548247,10.366665,22.329397,7.466270
06-20 17:48:21.183  2018  3127 I libsensor-displayalgo: the value of  REAL LUX197.269119
06-20 17:48:21.183  2018  3127 I libsensor-displayalgo: the value of  CAL REAL LUX197.269119
06-20 17:48:21.345  5405  9716 D SLM-SRV-SLAService: checktemp temperature = 34634 temperature_average = 34444 isPerformanceMode = false thermal_enable_slm = true
06-20 17:48:21.483  2018  3127 D libsensor-displayalgo: the value of  brightness:438.000000,R:1031577.607171,G:1099097.363237,B:1035927.644978,EVENT_C:3311.000000,EVENT_R:1388.500000,EVENT_G:1608.500000,EVENT_B:667.000000
06-20 17:48:21.483  2018  3127 I libsensor-displayalgo: the value of  Coef1:1107.681000,Coef4:2.383000, scale1:0.935522, scale4:0.923264
06-20 17:48:21.483  2018  3127 E libsensor-displayalgo: RGB_black_white_scenario_0822!
06-20 17:48:21.483  2018  3127 I libsensor-displayalgo: the value of  RESULT34.859466,11.192772,19.211319,6.840798
06-20 17:48:21.483  2018  3127 I libsensor-displayalgo: the value of  getChannelDataCalibrated36.548247,10.366665,22.329397,7.466270
06-20 17:48:21.483  2018  3127 I libsensor-displayalgo: the value of  REAL LUX197.728531
06-20 17:48:21.483  2018  3127 I libsensor-displayalgo: the value of  CAL REAL LUX197.728531
06-20 17:48:21.518 31630 31630 I HandWritingStubImpl: isKeyboardTypeChanged: false
06-20 17:48:21.577 10662 10806 D MemoryCeilingMonitor: [handleMemoryCalculate]
06-20 17:48:21.578 10662 10806 D MemoryCeilingMonitor: [calculate] tot: 6056264, max: 268435456, free: 1589248, heap: 4467016, per: 0.016640931367874146
06-20 17:48:21.783  2018  3127 D libsensor-displayalgo: the value of  brightness:438.000000,R:1031577.607171,G:1099097.363237,B:1035927.644978,EVENT_C:3295.500000,EVENT_R:1373.000000,EVENT_G:1592.500000,EVENT_B:652.500000
06-20 17:48:21.783  2018  3127 I libsensor-displayalgo: the value of  Coef1:1107.681000,Coef4:2.383000, scale1:0.935522, scale4:0.923264
06-20 17:48:21.783  2018  3127 E libsensor-displayalgo: RGB_black_white_scenario_0822!
06-20 17:48:21.783  2018  3127 I libsensor-displayalgo: the value of  RESULT34.859466,11.192772,19.211319,6.840798
06-20 17:48:21.783  2018  3127 I libsensor-displayalgo: the value of  getChannelDataCalibrated36.548247,10.366665,22.329397,7.466270
06-20 17:48:21.783  2018  3127 I libsensor-displayalgo: the value of  REAL LUX197.668930
06-20 17:48:21.783  2018  3127 I libsensor-displayalgo: the value of  CAL REAL LUX197.668930
06-20 17:48:21.850  2431  2431 W WindowManager: removeWindowToken: Attempted to remove non-existing token: android.os.Binder@9f82484
06-20 17:48:21.907  2431  3286 D MiuiNetworkPolicy: updateLimit mLimitEnabled=true,enabled=false,mNetworkPriorityMode=1
06-20 17:48:22.069 31630 31630 I HandWritingStubImpl: isKeyboardTypeChanged: false
06-20 17:48:22.083  2018  3127 D libsensor-displayalgo: the value of  brightness:438.000000,R:1031577.607171,G:1099097.363237,B:1035927.644978,EVENT_C:3295.500000,EVENT_R:1374.000000,EVENT_G:1592.000000,EVENT_B:652.500000
06-20 17:48:22.083  2018  3127 I libsensor-displayalgo: the value of  Coef1:1107.681000,Coef4:2.383000, scale1:0.935522, scale4:0.923264
06-20 17:48:22.083  2018  3127 E libsensor-displayalgo: RGB_black_white_scenario_0822!
06-20 17:48:22.083  2018  3127 I libsensor-displayalgo: the value of  RESULT34.859466,11.192772,19.211319,6.840798
06-20 17:48:22.083  2018  3127 I libsensor-displayalgo: the value of  getChannelDataCalibrated36.548247,10.366665,22.329397,7.466270
06-20 17:48:22.083  2018  3127 I libsensor-displayalgo: the value of  REAL LUX197.608475
06-20 17:48:22.083  2018  3127 I libsensor-displayalgo: the value of  CAL REAL LUX197.608475
06-20 17:48:22.383  2018  3127 D libsensor-displayalgo: the value of  brightness:438.000000,R:1031577.607171,G:1099097.363237,B:1035927.644978,EVENT_C:3306.500000,EVENT_R:1386.500000,EVENT_G:1603.500000,EVENT_B:664.500000
06-20 17:48:22.383  2018  3127 I libsensor-displayalgo: the value of  Coef1:1107.681000,Coef4:2.383000, scale1:0.935522, scale4:0.923264
06-20 17:48:22.383  2018  3127 E libsensor-displayalgo: RGB_black_white_scenario_0822!
06-20 17:48:22.383  2018  3127 I libsensor-displayalgo: the value of  RESULT34.859466,11.192772,19.211319,6.840798
06-20 17:48:22.383  2018  3127 I libsensor-displayalgo: the value of  getChannelDataCalibrated36.548247,10.366665,22.329397,7.466270
06-20 17:48:22.383  2018  3127 I libsensor-displayalgo: the value of  REAL LUX197.461960
06-20 17:48:22.383  2018  3127 I libsensor-displayalgo: the value of  CAL REAL LUX197.461960
06-20 17:48:22.498  1930  1967 I mstatdaemon: Entering time loop
06-20 17:48:22.498  1930  1967 I mstatdaemon: t = 1687254502
06-20 17:48:22.498  1930  1967 I mstatdaemon: translated_t = 1371264502
06-20 17:48:22.498  1930  1967 I mstat_log: mstatcommitLog log_alloc() failed
06-20 17:48:22.569 31630 31630 I HandWritingStubImpl: isKeyboardTypeChanged: false
06-20 17:48:22.683  2018  3127 D libsensor-displayalgo: the value of  brightness:438.000000,R:1031577.607171,G:1099097.363237,B:1035927.644978,EVENT_C:3295.500000,EVENT_R:1374.000000,EVENT_G:1594.000000,EVENT_B:653.500000
06-20 17:48:22.683  2018  3127 I libsensor-displayalgo: the value of  Coef1:1107.681000,Coef4:2.383000, scale1:0.935522, scale4:0.923264
06-20 17:48:22.683  2018  3127 E libsensor-displayalgo: RGB_black_white_scenario_0822!
06-20 17:48:22.683  2018  3127 I libsensor-displayalgo: the value of  RESULT34.859466,11.192772,19.211319,6.840798
06-20 17:48:22.683  2018  3127 I libsensor-displayalgo: the value of  getChannelDataCalibrated36.548247,10.366665,22.329397,7.466270
06-20 17:48:22.683  2018  3127 I libsensor-displayalgo: the value of  REAL LUX197.618256
06-20 17:48:22.683  2018  3127 I libsensor-displayalgo: the value of  CAL REAL LUX197.618256
06-20 17:48:22.983  2018  3127 D libsensor-displayalgo: the value of  brightness:438.000000,R:1031577.607171,G:1099097.363237,B:1035927.644978,EVENT_C:3296.500000,EVENT_R:1373.500000,EVENT_G:1593.000000,EVENT_B:653.000000
06-20 17:48:22.983  2018  3127 I libsensor-displayalgo: the value of  Coef1:1107.681000,Coef4:2.383000, scale1:0.935522, scale4:0.923264
06-20 17:48:22.983  2018  3127 E libsensor-displayalgo: RGB_black_white_scenario_0822!
06-20 17:48:22.983  2018  3127 I libsensor-displayalgo: the value of  RESULT34.859466,11.192772,19.211319,6.840798
06-20 17:48:22.983  2018  3127 I libsensor-displayalgo: the value of  getChannelDataCalibrated36.548247,10.366665,22.329397,7.466270
06-20 17:48:22.983  2018  3127 I libsensor-displayalgo: the value of  REAL LUX197.702789
06-20 17:48:22.983  2018  3127 I libsensor-displayalgo: the value of  CAL REAL LUX197.702789
06-20 17:48:23.102 31630 31630 I HandWritingStubImpl: isKeyboardTypeChanged: false
06-20 17:48:23.283  2018  3127 D libsensor-displayalgo: the value of  brightness:438.000000,R:1031577.607171,G:1099097.363237,B:1035927.644978,EVENT_C:3307.500000,EVENT_R:1382.500000,EVENT_G:1601.500000,EVENT_B:662.000000
06-20 17:48:23.283  2018  3127 I libsensor-displayalgo: the value of  Coef1:1107.681000,Coef4:2.383000, scale1:0.935522, scale4:0.923264
06-20 17:48:23.283  2018  3127 E libsensor-displayalgo: RGB_black_white_scenario_0822!
06-20 17:48:23.283  2018  3127 I libsensor-displayalgo: the value of  RESULT34.859466,11.192772,19.211319,6.840798
06-20 17:48:23.283  2018  3127 I libsensor-displayalgo: the value of  getChannelDataCalibrated36.548247,10.366665,22.329397,7.466270
06-20 17:48:23.283  2018  3127 I libsensor-displayalgo: the value of  REAL LUX197.795410
06-20 17:48:23.283  2018  3127 I libsensor-displayalgo: the value of  CAL REAL LUX197.795410
06-20 17:48:23.583  2018  3127 D libsensor-displayalgo: the value of  brightness:438.000000,R:1031577.607171,G:1099097.363237,B:1035927.644978,EVENT_C:3298.500000,EVENT_R:1374.000000,EVENT_G:1593.000000,EVENT_B:653.000000
06-20 17:48:23.583  2018  3127 I libsensor-displayalgo: the value of  Coef1:1107.681000,Coef4:2.383000, scale1:0.935522, scale4:0.923264
06-20 17:48:23.583  2018  3127 E libsensor-displayalgo: RGB_black_white_scenario_0822!
06-20 17:48:23.583  2018  3127 I libsensor-displayalgo: the value of  RESULT34.859466,11.192772,19.211319,6.840798
06-20 17:48:23.583  2018  3127 I libsensor-displayalgo: the value of  getChannelDataCalibrated36.548247,10.366665,22.329397,7.466270
06-20 17:48:23.583  2018  3127 I libsensor-displayalgo: the value of  REAL LUX197.825104
06-20 17:48:23.583  2018  3127 I libsensor-displayalgo: the value of  CAL REAL LUX197.825104
06-20 17:48:23.653 31630 31630 I HandWritingStubImpl: isKeyboardTypeChanged: false
06-20 17:48:23.882  2018  3127 D libsensor-displayalgo: the value of  brightness:438.000000,R:1031577.607171,G:1099097.363237,B:1035927.644978,EVENT_C:3303.500000,EVENT_R:1377.500000,EVENT_G:1594.500000,EVENT_B:654.000000
06-20 17:48:23.883  2018  3127 I libsensor-displayalgo: the value of  Coef1:1107.681000,Coef4:2.383000, scale1:0.935522, scale4:0.923264
06-20 17:48:23.883  2018  3127 E libsensor-displayalgo: RGB_black_white_scenario_0822!
06-20 17:48:23.883  2018  3127 I libsensor-displayalgo: the value of  RESULT34.859466,11.192772,19.211319,6.840798
06-20 17:48:23.883  2018  3127 I libsensor-displayalgo: the value of  getChannelDataCalibrated36.548247,10.366665,22.329397,7.466270
06-20 17:48:23.883  2018  3127 I libsensor-displayalgo: the value of  REAL LUX198.033020
06-20 17:48:23.883  2018  3127 I libsensor-displayalgo: the value of  CAL REAL LUX198.033020
06-20 17:48:24.152 31630 31630 I HandWritingStubImpl: isKeyboardTypeChanged: false
06-20 17:48:24.183  2018  3127 D libsensor-displayalgo: the value of  brightness:438.000000,R:1031577.607171,G:1099097.363237,B:1035927.644978,EVENT_C:3302.000000,EVENT_R:1381.000000,EVENT_G:1598.000000,EVENT_B:660.500000
06-20 17:48:24.183  2018  3127 I libsensor-displayalgo: the value of  Coef1:1107.681000,Coef4:2.383000, scale1:0.935522, scale4:0.923264
06-20 17:48:24.183  2018  3127 E libsensor-displayalgo: RGB_black_white_scenario_0822!
06-20 17:48:24.183  2018  3127 I libsensor-displayalgo: the value of  RESULT34.859466,11.192772,19.211319,6.840798
06-20 17:48:24.184  2018  3127 I libsensor-displayalgo: the value of  getChannelDataCalibrated36.548247,10.366665,22.329397,7.466270
06-20 17:48:24.184  2018  3127 I libsensor-displayalgo: the value of  REAL LUX197.426422
06-20 17:48:24.184  2018  3127 I libsensor-displayalgo: the value of  CAL REAL LUX197.426422
06-20 17:48:24.483  2018  3127 D libsensor-displayalgo: the value of  brightness:438.000000,R:1031577.607171,G:1099097.363237,B:1035927.644978,EVENT_C:3313.500000,EVENT_R:1380.000000,EVENT_G:1600.500000,EVENT_B:655.500000
06-20 17:48:24.483  2018  3127 I libsensor-displayalgo: the value of  Coef1:1107.681000,Coef4:2.383000, scale1:0.935522, scale4:0.923264
06-20 17:48:24.483  2018  3127 E libsensor-displayalgo: RGB_black_white_scenario_0822!
06-20 17:48:24.483  2018  3127 I libsensor-displayalgo: the value of  RESULT34.859466,11.192772,19.211319,6.840798
06-20 17:48:24.483  2018  3127 I libsensor-displayalgo: the value of  getChannelDataCalibrated36.548247,10.366665,22.329397,7.466270
06-20 17:48:24.483  2018  3127 I libsensor-displayalgo: the value of  REAL LUX198.795639
06-20 17:48:24.483  2018  3127 I libsensor-displayalgo: the value of  CAL REAL LUX198.795639
06-20 17:48:24.686 31630 31630 I HandWritingStubImpl: isKeyboardTypeChanged: false
06-20 17:48:24.783  2018  3127 D libsensor-displayalgo: the value of  brightness:438.000000,R:1031577.607171,G:1099097.363237,B:1035927.644978,EVENT_C:3313.000000,EVENT_R:1385.500000,EVENT_G:1605.500000,EVENT_B:663.000000
06-20 17:48:24.783  2018  3127 I libsensor-displayalgo: the value of  Coef1:1107.681000,Coef4:2.383000, scale1:0.935522, scale4:0.923264
06-20 17:48:24.783  2018  3127 E libsensor-displayalgo: RGB_black_white_scenario_0822!
06-20 17:48:24.783  2018  3127 I libsensor-displayalgo: the value of  RESULT34.859466,11.192772,19.211319,6.840798
06-20 17:48:24.783  2018  3127 I libsensor-displayalgo: the value of  getChannelDataCalibrated36.548247,10.366665,22.329397,7.466270
06-20 17:48:24.783  2018  3127 I libsensor-displayalgo: the value of  REAL LUX198.171234
06-20 17:48:24.784  2018  3127 I libsensor-displayalgo: the value of  CAL REAL LUX198.171234
06-20 17:48:25.083  2018  3127 D libsensor-displayalgo: the value of  brightness:438.000000,R:1031577.607171,G:1099097.363237,B:1035927.644978,EVENT_C:3312.500000,EVENT_R:1379.500000,EVENT_G:1600.000000,EVENT_B:657.000000
06-20 17:48:25.083  2018  3127 I libsensor-displayalgo: the value of  Coef1:1107.681000,Coef4:2.383000, scale1:0.935522, scale4:0.923264
06-20 17:48:25.083  2018  3127 E libsensor-displayalgo: RGB_black_white_scenario_0822!
06-20 17:48:25.083  2018  3127 I libsensor-displayalgo: the value of  RESULT34.859466,11.192772,19.211319,6.840798
06-20 17:48:25.083  2018  3127 I libsensor-displayalgo: the value of  getChannelDataCalibrated36.548247,10.366665,22.329397,7.466270
06-20 17:48:25.083  2018  3127 I libsensor-displayalgo: the value of  REAL LUX198.599350
06-20 17:48:25.083  2018  3127 I libsensor-displayalgo: the value of  CAL REAL LUX198.599350
06-20 17:48:25.236 31630 31630 I HandWritingStubImpl: isKeyboardTypeChanged: false
06-20 17:48:25.383  2018  3127 D libsensor-displayalgo: the value of  brightness:438.000000,R:1031577.607171,G:1099097.363237,B:1035927.644978,EVENT_C:3315.000000,EVENT_R:1384.500000,EVENT_G:1605.000000,EVENT_B:661.500000
06-20 17:48:25.383  2018  3127 I libsensor-displayalgo: the value of  Coef1:1107.681000,Coef4:2.383000, scale1:0.935522, scale4:0.923264
06-20 17:48:25.383  2018  3127 E libsensor-displayalgo: RGB_black_white_scenario_0822!
06-20 17:48:25.383  2018  3127 I libsensor-displayalgo: the value of  RESULT34.859466,11.192772,19.211319,6.840798
06-20 17:48:25.383  2018  3127 I libsensor-displayalgo: the value of  getChannelDataCalibrated36.548247,10.366665,22.329397,7.466270
06-20 17:48:25.383  2018  3127 I libsensor-displayalgo: the value of  REAL LUX198.449203
06-20 17:48:25.383  2018  3127 I libsensor-displayalgo: the value of  CAL REAL LUX198.449203
06-20 17:48:25.620 30661  6094 D IdProviderImpl: getOAID from com.miui.analytics
06-20 17:48:25.626 30661 30744 D IdProviderImpl: getOAID from com.miui.analytics
06-20 17:48:25.662 30661 30744 D IdProviderImpl: getOAID from com.miui.analytics
06-20 17:48:25.664 30661 30744 D IdProviderImpl: getVAID from com.miui.analytics
06-20 17:48:25.666 30661 30744 D IdProviderImpl: getUDID from com.miui.analytics
06-20 17:48:25.682  2018  3127 D libsensor-displayalgo: the value of  brightness:438.000000,R:1031577.607171,G:1099097.363237,B:1035927.644978,EVENT_C:3311.500000,EVENT_R:1381.000000,EVENT_G:1600.500000,EVENT_B:656.500000
06-20 17:48:25.682  2018  3127 I libsensor-displayalgo: the value of  Coef1:1107.681000,Coef4:2.383000, scale1:0.935522, scale4:0.923264
06-20 17:48:25.682  2018  3127 E libsensor-displayalgo: RGB_black_white_scenario_0822!
06-20 17:48:25.682  2018  3127 I libsensor-displayalgo: the value of  RESULT34.859466,11.192772,19.211319,6.840798
06-20 17:48:25.682  2018  3127 I libsensor-displayalgo: the value of  getChannelDataCalibrated36.548247,10.366665,22.329397,7.466270
06-20 17:48:25.682  2018  3127 I libsensor-displayalgo: the value of  REAL LUX198.535568
06-20 17:48:25.682  2018  3127 I libsensor-displayalgo: the value of  CAL REAL LUX198.535568
06-20 17:48:25.730  2431  2939 D MIUIInput: [MotionEvent] notifyMotion - eventTime=394494957406000, deviceId=8, source=0x1002, policyFlags=0x0, action=0x0, flags=0x0, downTime=394494957406000, moveCount:0
06-20 17:48:25.731  2431  2938 D MIUIInput: [MotionEvent] publisher action=0x0, 394494957, channel '8b333f4 GestureStubBottom (server)'
06-20 17:48:25.732  1408  2342 D RefreshRateConfigs: TouchBoost - choose 120.00fps
06-20 17:48:25.733  1265  1887 I SDM     : HWCDisplay::SetActiveConfigWithConstraints: config: 1, WxH 1080x2400, fps 120
06-20 17:48:25.734  4258  4386 D MIUIInput: [MotionEvent] ViewRootImpl windowName 'GestureStubLeft', { action=ACTION_DOWN, id[0]=0, pointerCount=1, eventTime=394494957, downTime=394494957, phoneEventTime=17:48:25.730 } moveCount:0
06-20 17:48:25.734  4258  4386 D GestureStubView: onTouch ACTION_DOWN sendMessageDelayed MSG_CHECK_GESTURE_STUB_TOUCHABLE
06-20 17:48:25.734  4258  4386 D GesturesBackController: onPointerEvent swipeStatus:16
06-20 17:48:25.734  4258  4386 D GesturesBackController: mSwipeStatus == SWIPE_STATUS_ANIMATING, processPointerEvent
06-20 17:48:25.734  1265  1887 W SDM     : HWDeviceDRM::GetSupportedBitClkRate: Requested rate not supported: 831000000
06-20 17:48:25.734  1265  1887 I SDM     : HWDeviceDRM::UpdateMixerAttributes: Mixer WxH 1080x2400-0 for Peripheral
06-20 17:48:25.735  1265  1887 I SDM     : HWCDisplay::SubmitDisplayConfig: Active configuration changed from config 0 to 1
06-20 17:48:25.735  1265  1887 I SDM     : HWCDisplay::SubmitDisplayConfig: Active WxH 1080x2400 fps 120
06-20 17:48:25.736  2431  2938 I InputDispatcher: checkEvent4GestureLocked, downTime:394494957406000, downX:5, downY:1862, nowAct:2 nowX=6, nowY=1862, nowTime:394494963517374, deltaX:1 deltaY:0 deltaT:6111374, GestureSt:2
06-20 17:48:25.736  1265  1584 I SDM     : HWDeviceDRM::SetupAtomic: Setting mode: WxH: 1080x2400, vrefresh: 120, hskew: 0
06-20 17:48:25.737  2431  2938 I InputDispatcher: checkEvent4GestureLocked, downTime:394494957406000, downX:5, downY:1862, nowAct:2 nowX=10, nowY=1861, nowTime:394494964521854, deltaX:5 deltaY:1 deltaT:7115854, GestureSt:2
06-20 17:48:25.738  1265  2358 I vendor.qti.hardware.display.composer-service: FrameNotifyProcess Sensor: notify citsensorservice to trigger cwb
06-20 17:48:25.739  2018  2111 I libcitsensorservice@2.0-impl: msg_transfer
06-20 17:48:25.739  2018  3098 D vendor.xiaomi.sensor.citsensorservice@2.0-service: handle id:9 wxh:1280x2400 uwxuh:1080x2400 size: 9216000 fd:15 fd_meta:16 flags:0x4000228 usage:0x33  format:0x3 layer_count: 1
06-20 17:48:25.740  1265  1887 I SDM     : HWCSession::SetCWBOutputBuffer: CWB config passed by cwb_client : tappoint 1  CWB_ROI : (829.000000 4.000000 915.000000 90.000000)
06-20 17:48:25.741  1309  1914 D FPSMonitor: threadFuncFpsMonitor display 0, fps 120
06-20 17:48:25.741  2018  3099 I libsensor-displayalgo: displayInfoCallback::display info won't handle!!!
06-20 17:48:25.742  2431  2938 I InputDispatcher: checkEvent4GestureLocked, downTime:394494957406000, downX:5, downY:1862, nowAct:2 nowX=15, nowY=1861, nowTime:394494969568156, deltaX:10 deltaY:1 deltaT:12162156, GestureSt:2
06-20 17:48:25.743  1265  6096 I SDM     : HWCSession::ProcessRequests: Successfully configured CWB buffer.
06-20 17:48:25.746  2431  2938 I InputDispatcher: checkEvent4GestureLocked, downTime:394494957406000, downX:5, downY:1862, nowAct:2 nowX=23, nowY=1860, nowTime:394494973261645, deltaX:18 deltaY:2 deltaT:15855645, GestureSt:2
06-20 17:48:25.749  2431  2938 I InputDispatcher: checkEvent4GestureLocked, downTime:394494957406000, downX:5, downY:1862, nowAct:2 nowX=33, nowY=1858, nowTime:394494977147895, deltaX:28 deltaY:4 deltaT:19741895, GestureSt:5
