06-14 17:30:11.296  2018  3127 I libsensor-displayalgo: the value of  RESULT187.441018,65.845872,100.816915,33.677715
06-14 17:30:11.296  2018  3127 I libsensor-displayalgo: the value of  getChannelDataCalibrated196.521674,60.985969,117.179922,36.756960
06-14 17:30:11.296  2018  3127 I libsensor-displayalgo: the value of  REAL LUX249.141998
06-14 17:30:11.296  2018  3127 I libsensor-displayalgo: the value of  CAL REAL LUX249.141998
06-14 17:30:11.298 19428 19428 I HandWritingStubImpl: isKeyboardTypeChanged: false
06-14 17:30:11.299 19428 19428 I HandWritingStubImpl: getCurrentKeyboardType: 1
06-14 17:30:11.301  2431  4792 I InputMethodManagerService: IMMS.showCurrentInputLocked(), curMethod = com.android.internal.view.IInputMethod$Stub$Proxy@8bff430, flags = 2
06-14 17:30:11.302  2431  4792 I InputMethodManagerService: IMMS.showCurrentInputLocked request ims to show inputMethod.
06-14 17:30:11.302 13581 13581 E BaseInputMethodService: onStartInput
06-14 17:30:11.302  5858  8057 D MirrorManager:  sendAcceptInput 1 0
06-14 17:30:11.303 13581 13581 E BaseInputMethodService: onStartInputView
06-14 17:30:11.304 13581 13581 I InputMethodService: customizeBottomViewColor, isCustom : true
06-14 17:30:11.304 13581 13581 I IMEBottomManager: customizeBottomViewColor, isCustom : true
06-14 17:30:11.305 19428 19428 I HandWritingStubImpl: isKeyboardTypeChanged: false
06-14 17:30:11.305 19428 19428 I HandWritingStubImpl: isKeyboardTypeChanged: false
06-14 17:30:11.309 19428 19428 I HandWritingStubImpl: isKeyboardTypeChanged: false
06-14 17:30:11.311  2431  2921 W InputManager-JNI: Input channel object '76b2835 PopupWindow:2d2db3a (client)' was disposed without first being removed with the input manager!
06-14 17:30:11.316  2431  2921 I SmartPower.com.sohu.inputmethod.sogou.xiaomi:scrashly/10132(13802): visible->invisible(711ms) R(become invisible) adj=925.
06-14 17:30:11.318 13581 13581 V InputMethod: IMS.showSoftInput()
06-14 17:30:11.319 13581 13581 E BaseInputMethodService: onComputeInsets
06-14 17:30:11.319  2431  2921 I InputMethodManagerService: IMMS.applyImeVisibility(), setVisible = true, mCurclient = ClientState{a7ed99 uid=10486 pid=19428 displayId=0}
06-14 17:30:11.319  2431  2921 I WindowManager: WMS.showImePostLayout(), imeTarget = Window{284c74 u0 cn.missevan/cn.missevan.activity.MainActivity}
06-14 17:30:11.321  2431  2638 I ImeInsetsSourceProvider: ImeInsetsSourceProvider.scheduleShowImePostLayout() Run showImeRunner.
06-14 17:30:11.321  2431  2638 I ImeInsetsSourceProvider: ImeInsetsSourceProvider.scheduleShowImePostLayout() isReadyToShowIme.
06-14 17:30:11.323 19428 19428 D InsetsController: show(ime(), fromIme=true)
06-14 17:30:11.325  4233  4233 I OneHandedController: stopOneHanded mState=STATE_NONE, uiEvent=ONE_HANDED_TRIGGER_POP_IME_OUT
06-14 17:30:11.336  2431  4792 I WindowManagerService: Physical orientation applied, rotation=0 sfOrientation=ORIENTATION_0
06-14 17:30:11.442  2431  2431 W WindowManager: removeWindowToken: Attempted to remove non-existing token: android.os.Binder@3e15c92
06-14 17:30:11.497  1265  2358 I vendor.qti.hardware.display.composer-service: FrameNotifyProcess Sensor: notify citsensorservice to trigger cwb
06-14 17:30:11.498  2018  2108 I libcitsensorservice@2.0-impl: msg_transfer
06-14 17:30:11.498  2018  3098 D vendor.xiaomi.sensor.citsensorservice@2.0-service: handle id:9 wxh:1280x2400 uwxuh:1080x2400 size: 9216000 fd:15 fd_meta:16 flags:0x4000228 usage:0x33  format:0x3 layer_count: 1
06-14 17:30:11.498  1265  1890 I SDM     : HWCSession::SetCWBOutputBuffer: CWB config passed by cwb_client : tappoint 1  CWB_ROI : (829.000000 4.000000 915.000000 90.000000)
06-14 17:30:11.501  1265 21320 I SDM     : HWCSession::ProcessRequests: Successfully configured CWB buffer.
06-14 17:30:11.506  1265 21320 I SDM     : HWCSession::ProcessRequests: Pushing release fence in fenece wait queue.
06-14 17:30:11.506  1265 21320 I SDM     : HWCSession::ProcessRequests: Creating AsyncFenceWaits async thread.
06-14 17:30:11.506  1265 21320 I SDM     : HWCSession::ProcessRequests: Remove current CWB request from the pending request queue.
06-14 17:30:11.506  1265 21320 I SDM     : HWCSession::ProcessRequests: No pending cwb requests found in the queue.
06-14 17:30:11.512  1265  1584 I SDM     : HWDeviceDRM::SetupConcurrentWriteback: Tear down the Concurrent Writeback topology
06-14 17:30:11.519  1265 21321 I SDM     : HWCSession::NotifyCWBStatus: Notify the client about buffer status 0.
06-14 17:30:11.519  1265 21321 I SDM     : HWCSession::PerformFenceWaits: Remove current release fence from the pending fence wait queue.
06-14 17:30:11.519  1265 21321 I SDM     : HWCSession::PerformFenceWaits: CWB fence queue is empty. No pending release fence to wait on.
06-14 17:30:11.596  2018  3127 D libsensor-displayalgo: the value of  brightness:438.000000,R:5839427.745025,G:5838004.606291,B:5844250.476950,EVENT_C:4276.000000,EVENT_R:1721.000000,EVENT_G:2108.000000,EVENT_B:862.500000
06-14 17:30:11.596  2018  3127 I libsensor-displayalgo: the value of  Coef1:1107.681000,Coef4:2.383000, scale1:0.935522, scale4:0.923264
06-14 17:30:11.596  2018  3127 E libsensor-displayalgo: RGB_black_white_scenario_0822!
06-14 17:30:11.596  2018  3127 I libsensor-displayalgo: the value of  RESULT187.441018,65.845872,100.816915,33.677715
06-14 17:30:11.596  2018  3127 I libsensor-displayalgo: the value of  getChannelDataCalibrated196.521674,60.985969,117.179922,36.756960
06-14 17:30:11.596  2018  3127 I libsensor-displayalgo: the value of  REAL LUX248.825150
06-14 17:30:11.596  2018  3127 I libsensor-displayalgo: the value of  CAL REAL LUX248.825150
06-14 17:30:11.808 19428 19428 I HandWritingStubImpl: isKeyboardTypeChanged: false
06-14 17:30:11.808 19428 19428 I HandWritingStubImpl: isKeyboardTypeChanged: false
06-14 17:30:11.809  1265  2358 I vendor.qti.hardware.display.composer-service: FrameNotifyProcess Sensor: notify citsensorservice to trigger cwb
06-14 17:30:11.810  2018  2108 I libcitsensorservice@2.0-impl: msg_transfer
06-14 17:30:11.811  2018  3098 D vendor.xiaomi.sensor.citsensorservice@2.0-service: handle id:9 wxh:1280x2400 uwxuh:1080x2400 size: 9216000 fd:15 fd_meta:16 flags:0x4000228 usage:0x33  format:0x3 layer_count: 1
06-14 17:30:11.812  1265  1890 I SDM     : HWCSession::SetCWBOutputBuffer: CWB config passed by cwb_client : tappoint 1  CWB_ROI : (829.000000 4.000000 915.000000 90.000000)
06-14 17:30:11.818  1265 21325 I SDM     : HWCSession::ProcessRequests: Successfully configured CWB buffer.
06-14 17:30:11.825  1265 21325 I SDM     : HWCSession::ProcessRequests: Pushing release fence in fenece wait queue.
06-14 17:30:11.825  1265 21325 I SDM     : HWCSession::ProcessRequests: Creating AsyncFenceWaits async thread.
06-14 17:30:11.825  1265 21325 I SDM     : HWCSession::ProcessRequests: Remove current CWB request from the pending request queue.
06-14 17:30:11.826  1265 21325 I SDM     : HWCSession::ProcessRequests: No pending cwb requests found in the queue.
06-14 17:30:11.832  1265  1584 I SDM     : HWDeviceDRM::SetupConcurrentWriteback: Tear down the Concurrent Writeback topology
06-14 17:30:11.833  4233  4233 D MiPlayDetailViewModel: onPositionChange(): position = 20011
06-14 17:30:11.834  5809 21096 I SafeBinderCall: onPositionChange binder cost:1
06-14 17:30:11.835  1265 21326 I SDM     : HWCSession::NotifyCWBStatus: Notify the client about buffer status 0.
06-14 17:30:11.836  1265 21326 I SDM     : HWCSession::PerformFenceWaits: Remove current release fence from the pending fence wait queue.
06-14 17:30:11.836  1265 21326 I SDM     : HWCSession::PerformFenceWaits: CWB fence queue is empty. No pending release fence to wait on.
06-14 17:30:11.841 19380 19409 W QueryController: Could not detect idle state.
06-14 17:30:11.847 19428 19428 I HandWritingAllyKeyboardTypeStubImpl: isInterceptPerformAccessibilityActionUiThread gesture type: 0
06-14 17:30:11.848 19428 19428 I HandWritingStubImpl: isKeyboardTypeChanged: false
06-14 17:30:11.848 19428 19428 I HandWritingStubImpl: isKeyboardTypeChanged: false
06-14 17:30:11.848 19428 19428 I HandWritingStubImpl: isKeyboardTypeChanged: false
06-14 17:30:11.849 19428 19428 I HandWritingStubImpl: getCurrentKeyboardType: 1
06-14 17:30:11.850  2431  4925 I InputMethodManagerService: IMMS.showCurrentInputLocked(), curMethod = com.android.internal.view.IInputMethod$Stub$Proxy@8bff430, flags = 2
06-14 17:30:11.850  2431  4925 I SmartPower.com.sohu.inputmethod.sogou.xiaomi:scrashly/10132(13802): invisible->visible(534ms) R(show input method) adj=925.
06-14 17:30:11.851  2431  4925 I InputMethodManagerService: IMMS.showCurrentInputLocked request ims to show inputMethod.
06-14 17:30:11.851 13581 13581 E BaseInputMethodService: onStartInput
06-14 17:30:11.852 13581 13581 E BaseInputMethodService: onStartInputView
06-14 17:30:11.852 19428 19428 I HandWritingStubImpl: isKeyboardTypeChanged: false
06-14 17:30:11.852 13581 13581 I InputMethodService: customizeBottomViewColor, isCustom : true
06-14 17:30:11.852 13581 13581 I IMEBottomManager: customizeBottomViewColor, isCustom : true
06-14 17:30:11.853 19428 19428 I HandWritingStubImpl: isKeyboardTypeChanged: false
06-14 17:30:11.853  5858  8057 D MirrorManager:  sendAcceptInput 1 0
06-14 17:30:11.853 19428 19428 I HandWritingStubImpl: isKeyboardTypeChanged: false
06-14 17:30:11.855  4824  5896 W Binder  : Caught a RuntimeException from the binder stub implementation.
06-14 17:30:11.855  4824  5896 W Binder  : java.lang.SecurityException: Permission denial
06-14 17:30:11.855  4824  5896 W Binder  : 	at com.xiaomi.mirror.MirrorAppService.enforceSignature(MirrorAppService.java:30)
06-14 17:30:11.855  4824  5896 W Binder  : 	at com.xiaomi.mirror.MirrorAppService.isWorking(MirrorAppService.java:35)
06-14 17:30:11.855  4824  5896 W Binder  : 	at com.xiaomi.mirror.MirrorAppService.notifyInputTypeAndPos(MirrorAppService.java:88)
06-14 17:30:11.855  4824  5896 W Binder  : 	at com.xiaomi.mirror.IMirrorAppService$Stub.onTransact(IMirrorAppService.java:135)
06-14 17:30:11.855  4824  5896 W Binder  : 	at android.os.Binder.execTransactInternal(Binder.java:1190)
06-14 17:30:11.855  4824  5896 W Binder  : 	at android.os.Binder.execTransact(Binder.java:1149)
06-14 17:30:11.855 19380 19409 I appium  : AppiumResponse: {"sessionId":"894ce2d8-ad4e-487d-b469-10b66a201f99","value":null}
06-14 17:30:11.857 19428 19428 I HandWritingStubImpl: isKeyboardTypeChanged: false
06-14 17:30:11.859  2431  6206 W InputManager-JNI: Input channel object 'ffa3d85 PopupWindow:2d2db3a (client)' was disposed without first being removed with the input manager!
06-14 17:30:11.862  2431  6206 I SmartPower.com.sohu.inputmethod.sogou.xiaomi:scrashly/10132(13802): visible->invisible(12ms) R(become invisible) adj=925.
06-14 17:30:11.866 13581 13581 V InputMethod: IMS.showSoftInput()
06-14 17:30:11.867  2431  6206 I InputMethodManagerService: IMMS.applyImeVisibility(), setVisible = true, mCurclient = ClientState{a7ed99 uid=10486 pid=19428 displayId=0}
06-14 17:30:11.867  2431  6206 I WindowManager: WMS.showImePostLayout(), imeTarget = Window{284c74 u0 cn.missevan/cn.missevan.activity.MainActivity}
06-14 17:30:11.868 13581 13581 E BaseInputMethodService: onComputeInsets
06-14 17:30:11.869  2431  2638 I ImeInsetsSourceProvider: ImeInsetsSourceProvider.scheduleShowImePostLayout() Run showImeRunner.
06-14 17:30:11.869  2431  2638 I ImeInsetsSourceProvider: ImeInsetsSourceProvider.scheduleShowImePostLayout() isReadyToShowIme.
06-14 17:30:11.870 19428 19428 D InsetsController: show(ime(), fromIme=true)
06-14 17:30:11.878  4233  4233 I OneHandedController: stopOneHanded mState=STATE_NONE, uiEvent=ONE_HANDED_TRIGGER_POP_IME_OUT
06-14 17:30:11.884  2431  2921 I WindowManagerService: Physical orientation applied, rotation=0 sfOrientation=ORIENTATION_0
06-14 17:30:11.887 19380 19409 I appium  : channel read: POST /wd/hub/session/894ce2d8-ad4e-487d-b469-10b66a201f99/element
06-14 17:30:11.889 19380 19409 I appium  : FindElement command
06-14 17:30:11.890 19380 19409 I appium  : method: 'id', selector: 'cn.missevan:id/send'
06-14 17:30:11.890 19380 19409 I appium  : Waiting up to 100ms for the device to idle
06-14 17:30:11.895  2018  3127 D libsensor-displayalgo: the value of  brightness:438.000000,R:5839427.745025,G:5838004.606291,B:5844250.476950,EVENT_C:4279.500000,EVENT_R:1720.000000,EVENT_G:2111.000000,EVENT_B:863.000000
06-14 17:30:11.895  2018  3127 I libsensor-displayalgo: the value of  Coef1:1107.681000,Coef4:2.383000, scale1:0.935522, scale4:0.923264
06-14 17:30:11.895  2018  3127 E libsensor-displayalgo: RGB_black_white_scenario_0822!
06-14 17:30:11.895  2018  3127 I libsensor-displayalgo: the value of  RESULT187.441018,65.845872,100.816915,33.677715
06-14 17:30:11.895  2018  3127 I libsensor-displayalgo: the value of  getChannelDataCalibrated196.521674,60.985969,117.179922,36.756960
06-14 17:30:11.895  2018  3127 I libsensor-displayalgo: the value of  REAL LUX249.205765
06-14 17:30:11.895  2018  3127 I libsensor-displayalgo: the value of  CAL REAL LUX249.205765
06-14 17:30:12.150 19614 20699 D AudioTrack: [audioTrackData][fine] 60s(f:60022 m:2311 s:244 k:0) : pid 19614 uid 10486 sessionId 649 sr 44100 ch 2 fmt 1
06-14 17:30:12.196  2018  3127 D libsensor-displayalgo: the value of  brightness:438.000000,R:5839427.745025,G:5838004.606291,B:5844250.476950,EVENT_C:4279.500000,EVENT_R:1720.000000,EVENT_G:2111.000000,EVENT_B:863.000000
06-14 17:30:12.197  2018  3127 I libsensor-displayalgo: the value of  Coef1:1107.681000,Coef4:2.383000, scale1:0.935522, scale4:0.923264
06-14 17:30:12.197  2018  3127 E libsensor-displayalgo: RGB_black_white_scenario_0822!
06-14 17:30:12.197  2018  3127 I libsensor-displayalgo: the value of  RESULT187.441018,65.845872,100.816915,33.677715
06-14 17:30:12.197  2018  3127 I libsensor-displayalgo: the value of  getChannelDataCalibrated196.521674,60.985969,117.179922,36.756960
06-14 17:30:12.197  2018  3127 I libsensor-displayalgo: the value of  REAL LUX249.205765
06-14 17:30:12.197  2018  3127 I libsensor-displayalgo: the value of  CAL REAL LUX249.205765
06-14 17:30:12.213  1265  2358 I vendor.qti.hardware.display.composer-service: FrameNotifyProcess Sensor: notify citsensorservice to trigger cwb
06-14 17:30:12.213  2018  2111 I libcitsensorservice@2.0-impl: msg_transfer
06-14 17:30:12.213  2018  3098 D vendor.xiaomi.sensor.citsensorservice@2.0-service: handle id:9 wxh:1280x2400 uwxuh:1080x2400 size: 9216000 fd:15 fd_meta:16 flags:0x4000228 usage:0x33  format:0x3 layer_count: 1
06-14 17:30:12.214  1265  1890 I SDM     : HWCSession::SetCWBOutputBuffer: CWB config passed by cwb_client : tappoint 1  CWB_ROI : (829.000000 4.000000 915.000000 90.000000)
06-14 17:30:12.214  1265 21334 I SDM     : HWCSession::ProcessRequests: Successfully configured CWB buffer.
06-14 17:30:12.221  1265 21334 I SDM     : HWCSession::ProcessRequests: Pushing release fence in fenece wait queue.
06-14 17:30:12.222  1265 21334 I SDM     : HWCSession::ProcessRequests: Creating AsyncFenceWaits async thread.
06-14 17:30:12.222  1265 21334 I SDM     : HWCSession::ProcessRequests: Remove current CWB request from the pending request queue.
06-14 17:30:12.222  1265 21334 I SDM     : HWCSession::ProcessRequests: No pending cwb requests found in the queue.
06-14 17:30:12.227  1265  1584 I SDM     : HWDeviceDRM::SetupConcurrentWriteback: Tear down the Concurrent Writeback topology
06-14 17:30:12.234  1265 21335 I SDM     : HWCSession::NotifyCWBStatus: Notify the client about buffer status 0.
06-14 17:30:12.235  1265 21335 I SDM     : HWCSession::PerformFenceWaits: Remove current release fence from the pending fence wait queue.
06-14 17:30:12.235  1265 21335 I SDM     : HWCSession::PerformFenceWaits: CWB fence queue is empty. No pending release fence to wait on.
06-14 17:30:12.353 19428 19428 I HandWritingStubImpl: isKeyboardTypeChanged: false
06-14 17:30:12.353 19428 19428 I HandWritingStubImpl: isKeyboardTypeChanged: false
06-14 17:30:12.392 19380 19409 W QueryController: Could not detect idle state.
06-14 17:30:12.412 19380 19409 I appium  : AppiumResponse: {"sessionId":"894ce2d8-ad4e-487d-b469-10b66a201f99","value":{"ELEMENT":"00000000-0000-02ab-ffff-ffff00001003","element-6066-11e4-a52e-4f735466cecf":"00000000-0000-02ab-ffff-ffff00001003"}}
06-14 17:30:12.425 19380 19409 I appium  : channel read: POST /wd/hub/session/894ce2d8-ad4e-487d-b469-10b66a201f99/element/00000000-0000-02ab-ffff-ffff00001003/click
06-14 17:30:12.429 19380 19409 I appium  : Click command
06-14 17:30:12.448  2431  4792 D MIUIInput: Input event injection from pid 19365, MotionEvent: DOWN
06-14 17:30:12.450  2431  2938 D MIUIInput: [MotionEvent] publisher action=0x4, 14499276, channel '7c87e50 NavigationBar0 (server)'
06-14 17:30:12.450  2431  2938 D MIUIInput: [MotionEvent] publisher action=0x0, 14499276, channel '284c74 cn.missevan/cn.missevan.activity.MainActivity (server)'
06-14 17:30:12.451 19428 19428 D MIUIInput: [MotionEvent] ViewRootImpl windowName 'cn.missevan/cn.missevan.activity.MainActivity', { action=ACTION_DOWN, id[0]=0, pointerCount=1, eventTime=14499276, downTime=14499275, phoneEventTime=17:30:12.438 } moveCount:0
06-14 17:30:12.458  2431  4792 D MIUIInput: Input event injection from pid 19365, MotionEvent: UP
06-14 17:30:12.458  2431  2938 D MIUIInput: [MotionEvent] publisher action=0x1, 14499276, channel '284c74 cn.missevan/cn.missevan.activity.MainActivity (server)'
06-14 17:30:12.459 19428 19428 D MIUIInput: [MotionEvent] ViewRootImpl windowName 'cn.missevan/cn.missevan.activity.MainActivity', { action=ACTION_UP, id[0]=0, pointerCount=1, eventTime=14499276, downTime=14499275, phoneEventTime=17:30:12.437 } moveCount:0
06-14 17:30:12.464 19428 19428 I HandWritingStubImpl: isKeyboardTypeChanged: false
06-14 17:30:12.468  2431  2892 W InputManager-JNI: Input channel object '284c74 cn.missevan/cn.missevan.activity.MainActivity (client)' was disposed without first being removed with the input manager!
06-14 17:30:12.475 19380 19409 I appium  : Waiting up to 100ms for the device to idle
06-14 17:30:12.478 19380 19409 I appium  : AppiumResponse: {"sessionId":"894ce2d8-ad4e-487d-b469-10b66a201f99","value":null}
06-14 17:30:12.491  2431  2637 I WindowManager: input method visible height changed 0
06-14 17:30:12.492 19380 19409 I appium  : channel read: POST /wd/hub/session/894ce2d8-ad4e-487d-b469-10b66a201f99/element
06-14 17:30:12.496  2018  3127 D libsensor-displayalgo: the value of  brightness:438.000000,R:5839427.745025,G:5838004.606291,B:5844250.476950,EVENT_C:4273.500000,EVENT_R:1721.500000,EVENT_G:2110.500000,EVENT_B:861.500000
06-14 17:30:12.496  2018  3127 I libsensor-displayalgo: the value of  Coef1:1107.681000,Coef4:2.383000, scale1:0.935522, scale4:0.923264
06-14 17:30:12.496  2018  3127 E libsensor-displayalgo: RGB_black_white_scenario_0822!
06-14 17:30:12.496 19380 19409 I appium  : FindElement command
06-14 17:30:12.496  2018  3127 I libsensor-displayalgo: the value of  RESULT187.441018,65.845872,100.816915,33.677715
06-14 17:30:12.496  2018  3127 I libsensor-displayalgo: the value of  getChannelDataCalibrated196.521674,60.985969,117.179922,36.756960
06-14 17:30:12.496  2018  3127 I libsensor-displayalgo: the value of  REAL LUX248.824860
06-14 17:30:12.496  2018  3127 I libsensor-displayalgo: the value of  CAL REAL LUX248.824860
06-14 17:30:12.498 19380 19409 I appium  : method: 'xpath', selector: '//*[@class="android.widget.Toast"]'
06-14 17:30:12.498  5735  5735 I f       : endRecord usedTime: 78986
06-14 17:30:12.498 19380 19409 I appium  : Waiting up to 100ms for the device to idle
06-14 17:30:12.515  1265  2358 I vendor.qti.hardware.display.composer-service: FrameNotifyProcess Sensor: notify citsensorservice to trigger cwb
06-14 17:30:12.516  2018  2018 I libcitsensorservice@2.0-impl: msg_transfer
06-14 17:30:12.516  2018  3098 D vendor.xiaomi.sensor.citsensorservice@2.0-service: handle id:9 wxh:1280x2400 uwxuh:1080x2400 size: 9216000 fd:15 fd_meta:16 flags:0x4000228 usage:0x33  format:0x3 layer_count: 1
06-14 17:30:12.516  1265  1890 I SDM     : HWCSession::SetCWBOutputBuffer: CWB config passed by cwb_client : tappoint 1  CWB_ROI : (829.000000 4.000000 915.000000 90.000000)
06-14 17:30:12.517 19428 19428 D DecorView[MainActivity]: onWindowFocusChanged hasWindowFocus true
06-14 17:30:12.519  1265 21337 I SDM     : HWCSession::ProcessRequests: Successfully configured CWB buffer.
06-14 17:30:12.519 19428 19428 I HandWritingStubImpl: isKeyboardTypeChanged: false
06-14 17:30:12.519 19428 19428 I HandWritingStubImpl: refreshLastKeyboardType: 1
06-14 17:30:12.519 19428 19428 I HandWritingStubImpl: getCurrentKeyboardType: 1
06-14 17:30:12.520  5858  8057 D MirrorManager:  sendAcceptInput 0 0
06-14 17:30:12.520  2431  4792 I InputMethodManagerService: IMMS.applyImeVisibility(), setVisible = false, mCurclient = ClientState{a7ed99 uid=10486 pid=19428 displayId=0}
06-14 17:30:12.520 13581 13581 E BaseInputMethodService: onFinishInputView
06-14 17:30:12.523 19428 19428 I HandWritingStubImpl: isKeyboardTypeChanged: false
06-14 17:30:12.525  2431  4792 W InputManager-JNI: Input channel object '78c9832 PopupWindow:2d2db3a (client)' was disposed without first being removed with the input manager!
06-14 17:30:12.528  1265 21337 I SDM     : HWCSession::ProcessRequests: Pushing release fence in fenece wait queue.
06-14 17:30:12.528  1265 21337 I SDM     : HWCSession::ProcessRequests: Creating AsyncFenceWaits async thread.
06-14 17:30:12.528  1265 21337 I SDM     : HWCSession::ProcessRequests: Remove current CWB request from the pending request queue.
06-14 17:30:12.528  1265 21337 I SDM     : HWCSession::ProcessRequests: No pending cwb requests found in the queue.
06-14 17:30:12.533  1265  1584 I SDM     : HWDeviceDRM::SetupConcurrentWriteback: Tear down the Concurrent Writeback topology
06-14 17:30:12.536 13581 13581 E BaseInputMethodService: onConfigureWindow
06-14 17:30:12.537 13581 13581 E BaseInputMethodService: onFinishInput
06-14 17:30:12.537 13581 13581 E BaseInputMethodService: onStartInput
06-14 17:30:12.542  1265 21339 I SDM     : HWCSession::NotifyCWBStatus: Notify the client about buffer status 0.
06-14 17:30:12.543  1265 21339 I SDM     : HWCSession::PerformFenceWaits: Remove current release fence from the pending fence wait queue.
06-14 17:30:12.543  1265 21339 I SDM     : HWCSession::PerformFenceWaits: CWB fence queue is empty. No pending release fence to wait on.
06-14 17:30:12.547  2431  4792 I WindowManagerService: Physical orientation applied, rotation=0 sfOrientation=ORIENTATION_0
06-14 17:30:12.548 13581 13581 E BaseInputMethodService: onComputeInsets
06-14 17:30:12.554 13581 13581 E BaseInputMethodService: onComputeInsets
06-14 17:30:12.557 13581 13600 D BLASTBufferQueue: releaseBufferCallback ReleaseCallbackId: bufferId:58329950847206 framenumber:3
06-14 17:30:12.625 19380 19409 W QueryController: Could not detect idle state.
06-14 17:30:12.627 19380 19409 I appium  : The following attributes will be included to the page source: [class]
06-14 17:30:12.647 19380 19409 I appium  : Clearing toast message: [发送成功]
06-14 17:30:12.777  2431  6206 I WindowManagerService: Physical orientation applied, rotation=0 sfOrientation=ORIENTATION_0
06-14 17:30:12.795  2018  3127 D libsensor-displayalgo: the value of  brightness:438.000000,R:5839427.745025,G:5838004.606291,B:5844250.476950,EVENT_C:4280.000000,EVENT_R:1722.500000,EVENT_G:2112.500000,EVENT_B:863.000000
06-14 17:30:12.796  2018  3127 I libsensor-displayalgo: the value of  Coef1:1107.681000,Coef4:2.383000, scale1:0.935522, scale4:0.923264
06-14 17:30:12.796  2018  3127 E libsensor-displayalgo: RGB_black_white_scenario_0822!
06-14 17:30:12.796  2018  3127 I libsensor-displayalgo: the value of  RESULT187.441018,65.845872,100.816915,33.677715
06-14 17:30:12.796  2018  3127 I libsensor-displayalgo: the value of  getChannelDataCalibrated196.521674,60.985969,117.179922,36.756960
06-14 17:30:12.796  2018  3127 I libsensor-displayalgo: the value of  REAL LUX249.215027
06-14 17:30:12.796  2018  3127 I libsensor-displayalgo: the value of  CAL REAL LUX249.215027
06-14 17:30:12.811 19380 19409 I appium  : The child node #7 of android.view.accessibility.AccessibilityNodeInfo@3a7579; boundsInParent: Rect(0, 0 - 1080, 421); boundsInScreen: Rect(0, 1793 - 1080, 2214); packageName: cn.missevan; className: android.view.ViewGroup; text: null; error: null; maxTextLength: -1; stateDescription: null; contentDescription: null; tooltipText: null; viewIdResName: null; checkable: false; checked: false; focusable: true; focused: false; selected: false; clickable: true; longClickable: true; contextClickable: false; enabled: true; password: false; scrollable: false; importantForAccessibility: true; visible: true; actions: [AccessibilityAction: ACTION_FOCUS - null, AccessibilityAction: ACTION_SELECT - null, AccessibilityAction: ACTION_CLEAR_SELECTION - null, AccessibilityAction: ACTION_CLICK - null, AccessibilityAction: ACTION_LONG_CLICK - null, AccessibilityAction: ACTION_ACCESSIBILITY_FOCUS - null, AccessibilityAction: ACTION_SHOW_ON_SCREEN - null] is null
06-14 17:30:12.820  1265  2358 I vendor.qti.hardware.display.composer-service: FrameNotifyProcess Sensor: notify citsensorservice to trigger cwb
06-14 17:30:12.820  2018  2018 I libcitsensorservice@2.0-impl: msg_transfer
06-14 17:30:12.821  2018  3098 D vendor.xiaomi.sensor.citsensorservice@2.0-service: handle id:9 wxh:1280x2400 uwxuh:1080x2400 size: 9216000 fd:15 fd_meta:16 flags:0x4000228 usage:0x33  format:0x3 layer_count: 1
06-14 17:30:12.821  1265  1890 I SDM     : HWCSession::SetCWBOutputBuffer: CWB config passed by cwb_client : tappoint 1  CWB_ROI : (829.000000 4.000000 915.000000 90.000000)
06-14 17:30:12.822  1265 21345 I SDM     : HWCSession::ProcessRequests: Successfully configured CWB buffer.
06-14 17:30:12.830  1265 21345 I SDM     : HWCSession::ProcessRequests: Pushing release fence in fenece wait queue.
06-14 17:30:12.830  1265 21345 I SDM     : HWCSession::ProcessRequests: Creating AsyncFenceWaits async thread.
06-14 17:30:12.830  1265 21345 I SDM     : HWCSession::ProcessRequests: Remove current CWB request from the pending request queue.
06-14 17:30:12.831  1265 21345 I SDM     : HWCSession::ProcessRequests: No pending cwb requests found in the queue.
06-14 17:30:12.835  4233  4233 D MiPlayDetailViewModel: onPositionChange(): position = 21011
06-14 17:30:12.836  5809 21096 I SafeBinderCall: onPositionChange binder cost:3
06-14 17:30:12.836  1265  1584 I SDM     : HWDeviceDRM::SetupConcurrentWriteback: Tear down the Concurrent Writeback topology
06-14 17:30:12.842 19380 19409 I appium  : Adding toast message to root: 发送成功
06-14 17:30:12.843  1265 21346 I SDM     : HWCSession::NotifyCWBStatus: Notify the client about buffer status 0.
06-14 17:30:12.843  1265 21346 I SDM     : HWCSession::PerformFenceWaits: Remove current release fence from the pending fence wait queue.
06-14 17:30:12.844  1265 21346 I SDM     : HWCSession::PerformFenceWaits: CWB fence queue is empty. No pending release fence to wait on.
06-14 17:30:12.899 19380 19409 I appium  : Took 0ms to retrieve 1 matches for '//*[@class="android.widget.Toast"]' XPath query
06-14 17:30:12.900 19380 19409 I appium  : AppiumResponse: {"sessionId":"894ce2d8-ad4e-487d-b469-10b66a201f99","value":{"ELEMENT":"592eabde-def4-49a1-a382-e1a6454938d1","element-6066-11e4-a52e-4f735466cecf":"592eabde-def4-49a1-a382-e1a6454938d1"}}
06-14 17:30:12.935 19380 19409 I appium  : channel read: GET /wd/hub/session/894ce2d8-ad4e-487d-b469-10b66a201f99/element/592eabde-def4-49a1-a382-e1a6454938d1/attribute/text
06-14 17:30:12.936 19380 19409 I appium  : GetElementAttribute command
06-14 17:30:13.096  2018  3127 D libsensor-displayalgo: the value of  brightness:438.000000,R:66484191.662218,G:66776998.509489,B:66666072.999208,EVENT_C:6420.500000,EVENT_R:2452.500000,EVENT_G:3276.000000,EVENT_B:1288.000000
06-14 17:30:13.097  2018  3127 I libsensor-displayalgo: the value of  Coef1:1107.681000,Coef4:2.383000, scale1:0.935522, scale4:0.923264
06-14 17:30:13.097  2018  3127 E libsensor-displayalgo: RGB_test_0407_400_oldzy!
06-14 17:30:13.097  2018  3127 I libsensor-displayalgo: the value of  RESULT2817.590456,1109.866949,1375.797748,508.761897
06-14 17:30:13.097  2018  3127 I libsensor-displayalgo: the value of  getChannelDataCalibrated2954.089777,1027.950719,1599.095473,555.279375
06-14 17:30:13.097  2018  3127 I libsensor-displayalgo: the value of  REAL LUX207.709030
06-14 17:30:13.098  2018  3127 I libsensor-displayalgo: the value of  CAL REAL LUX207.709030
06-14 17:30:13.124  1265  2358 I vendor.qti.hardware.display.composer-service: FrameNotifyProcess Sensor: notify citsensorservice to trigger cwb
06-14 17:30:13.124  2018  2108 I libcitsensorservice@2.0-impl: msg_transfer
06-14 17:30:13.124  2018  3098 D vendor.xiaomi.sensor.citsensorservice@2.0-service: handle id:9 wxh:1280x2400 uwxuh:1080x2400 size: 9216000 fd:15 fd_meta:16 flags:0x4000228 usage:0x33  format:0x3 layer_count: 1
06-14 17:30:13.124  1265  1890 I SDM     : HWCSession::SetCWBOutputBuffer: CWB config passed by cwb_client : tappoint 1  CWB_ROI : (829.000000 4.000000 915.000000 90.000000)
06-14 17:30:13.125  1265 21347 I SDM     : HWCSession::ProcessRequests: Successfully configured CWB buffer.
06-14 17:30:13.134 19380 19409 W QueryController: Could not detect idle state.
06-14 17:30:13.134 19380 19409 I appium  : The element identified by '592eabde-def4-49a1-a382-e1a6454938d1' has been reported as stale (null). Trying to restore it
06-14 17:30:13.134  1265 21347 I SDM     : HWCSession::ProcessRequests: Pushing release fence in fenece wait queue.
06-14 17:30:13.135  1265 21347 I SDM     : HWCSession::ProcessRequests: Creating AsyncFenceWaits async thread.
06-14 17:30:13.135 19380 19409 I appium  : The following attributes will be included to the page source: [class]
06-14 17:30:13.136  1265 21347 I SDM     : HWCSession::ProcessRequests: Remove current CWB request from the pending request queue.
06-14 17:30:13.136  1265 21347 I SDM     : HWCSession::ProcessRequests: No pending cwb requests found in the queue.
06-14 17:30:13.141  1265  1584 I SDM     : HWDeviceDRM::SetupConcurrentWriteback: Tear down the Concurrent Writeback topology
06-14 17:30:13.148  1265 21348 I SDM     : HWCSession::NotifyCWBStatus: Notify the client about buffer status 0.
06-14 17:30:13.148  1265 21348 I SDM     : HWCSession::PerformFenceWaits: Remove current release fence from the pending fence wait queue.
06-14 17:30:13.148  1265 21348 I SDM     : HWCSession::PerformFenceWaits: CWB fence queue is empty. No pending release fence to wait on.
06-14 17:30:13.237 19380 19409 I appium  : Adding toast message to root: 发送成功
06-14 17:30:13.287 19380 19409 I appium  : Took 1ms to retrieve 1 matches for '//*[@class="android.widget.Toast"]' XPath query
06-14 17:30:13.288 19380 19409 I appium  : AppiumResponse: {"sessionId":"894ce2d8-ad4e-487d-b469-10b66a201f99","value":"发送成功"}
06-14 17:30:13.305 19380 19409 I appium  : channel read: POST /wd/hub/session/894ce2d8-ad4e-487d-b469-10b66a201f99/element
06-14 17:30:13.305 19380 19409 I appium  : FindElement command
06-14 17:30:13.307 19380 19409 I appium  : method: 'id', selector: 'cn.missevan:id/more'
06-14 17:30:13.307 19380 19409 I appium  : Waiting up to 100ms for the device to idle
06-14 17:30:13.397  2018  3127 D libsensor-displayalgo: the value of  brightness:438.000000,R:83161860.091973,G:83161860.091973,B:83161860.091973,EVENT_C:7225.000000,EVENT_R:2717.500000,EVENT_G:3715.000000,EVENT_B:1460.500000
06-14 17:30:13.397  2018  3127 I libsensor-displayalgo: the value of  Coef1:1107.681000,Coef4:2.383000, scale1:0.935522, scale4:0.923264
06-14 17:30:13.397  2018  3127 E libsensor-displayalgo: RGB_test_0407_400_oldzy!
06-14 17:30:13.398  2018  3127 I libsensor-displayalgo: the value of  RESULT3273.639703,1289.339135,1580.357804,594.090241
06-14 17:30:13.398  2018  3127 I libsensor-displayalgo: the value of  getChannelDataCalibrated3432.232516,1194.176557,1836.856480,648.409521
06-14 17:30:13.398  2018  3127 I libsensor-displayalgo: the value of  REAL LUX229.726425
06-14 17:30:13.398  2018  3127 I libsensor-displayalgo: the value of  CAL REAL LUX229.726425
06-14 17:30:13.447  1265  2358 I vendor.qti.hardware.display.composer-service: FrameNotifyProcess Sensor: notify citsensorservice to trigger cwb
06-14 17:30:13.448 19380 19409 W QueryController: Could not detect idle state.
06-14 17:30:13.448  2018  2108 I libcitsensorservice@2.0-impl: msg_transfer
06-14 17:30:13.449  2018  3098 D vendor.xiaomi.sensor.citsensorservice@2.0-service: handle id:9 wxh:1280x2400 uwxuh:1080x2400 size: 9216000 fd:15 fd_meta:16 flags:0x4000228 usage:0x33  format:0x3 layer_count: 1
06-14 17:30:13.449  1265  1890 I SDM     : HWCSession::SetCWBOutputBuffer: CWB config passed by cwb_client : tappoint 1  CWB_ROI : (829.000000 4.000000 915.000000 90.000000)
06-14 17:30:13.452  1265 21349 I SDM     : HWCSession::ProcessRequests: Successfully configured CWB buffer.
06-14 17:30:13.457  2431  2431 W WindowManager: removeWindowToken: Attempted to remove non-existing token: android.os.Binder@1bb239a
06-14 17:30:13.463  1265 21349 I SDM     : HWCSession::ProcessRequests: Pushing release fence in fenece wait queue.
06-14 17:30:13.463  1265 21349 I SDM     : HWCSession::ProcessRequests: Creating AsyncFenceWaits async thread.
06-14 17:30:13.464  1265 21349 I SDM     : HWCSession::ProcessRequests: Remove current CWB request from the pending request queue.
06-14 17:30:13.464  1265 21349 I SDM     : HWCSession::ProcessRequests: No pending cwb requests found in the queue.
06-14 17:30:13.469  1265  1584 I SDM     : HWDeviceDRM::SetupConcurrentWriteback: Tear down the Concurrent Writeback topology
06-14 17:30:13.477  1265 21350 I SDM     : HWCSession::NotifyCWBStatus: Notify the client about buffer status 0.
06-14 17:30:13.477  1265 21350 I SDM     : HWCSession::PerformFenceWaits: Remove current release fence from the pending fence wait queue.
06-14 17:30:13.477  1265 21350 I SDM     : HWCSession::PerformFenceWaits: CWB fence queue is empty. No pending release fence to wait on.
06-14 17:30:13.488 19380 19409 I appium  : AppiumResponse: {"sessionId":"894ce2d8-ad4e-487d-b469-10b66a201f99","value":{"ELEMENT":"00000000-0000-0286-ffff-ffff00000f5d","element-6066-11e4-a52e-4f735466cecf":"00000000-0000-0286-ffff-ffff00000f5d"}}
06-14 17:30:13.516 19380 19409 I appium  : channel read: POST /wd/hub/session/894ce2d8-ad4e-487d-b469-10b66a201f99/element/00000000-0000-0286-ffff-ffff00000f5d/click
06-14 17:30:13.518 19380 19409 I appium  : Click command
06-14 17:30:13.555 13036 13188 D MemoryCeilingMonitor: [handleMemoryCalculate]
06-14 17:30:13.556 13036 13188 D MemoryCeilingMonitor: [calculate] tot: 7043528, max: 268435456, free: 1268368, heap: 5775160, per: 0.021514147520065308
06-14 17:30:13.649 19380 19409 W QueryController: Could not detect idle state.
06-14 17:30:13.697  2018  3127 D libsensor-displayalgo: the value of  brightness:438.000000,R:83161860.091973,G:83161860.091973,B:83161860.091973,EVENT_C:7220.500000,EVENT_R:2716.000000,EVENT_G:3711.500000,EVENT_B:1461.000000
06-14 17:30:13.697  2018  3127 I libsensor-displayalgo: the value of  Coef1:1107.681000,Coef4:2.383000, scale1:0.935522, scale4:0.923264
06-14 17:30:13.697  2018  3127 E libsensor-displayalgo: RGB_test_0407_400_oldzy!
06-14 17:30:13.698  2018  3127 I libsensor-displayalgo: the value of  RESULT3273.639703,1289.339135,1580.357804,594.090241
06-14 17:30:13.698  2018  3127 I libsensor-displayalgo: the value of  getChannelDataCalibrated3432.232516,1194.176557,1836.856480,648.409521
06-14 17:30:13.698  2018  3127 I libsensor-displayalgo: the value of  REAL LUX229.265503
06-14 17:30:13.698  2018  3127 I libsensor-displayalgo: the value of  CAL REAL LUX229.265503
06-14 17:30:13.752  1265  2358 I vendor.qti.hardware.display.composer-service: FrameNotifyProcess Sensor: notify citsensorservice to trigger cwb
06-14 17:30:13.753  2018  2018 I libcitsensorservice@2.0-impl: msg_transfer
06-14 17:30:13.754  2018  3098 D vendor.xiaomi.sensor.citsensorservice@2.0-service: handle id:9 wxh:1280x2400 uwxuh:1080x2400 size: 9216000 fd:15 fd_meta:16 flags:0x4000228 usage:0x33  format:0x3 layer_count: 1
06-14 17:30:13.754  1265  1890 I SDM     : HWCSession::SetCWBOutputBuffer: CWB config passed by cwb_client : tappoint 1  CWB_ROI : (829.000000 4.000000 915.000000 90.000000)
06-14 17:30:13.756  1265 21353 I SDM     : HWCSession::ProcessRequests: Successfully configured CWB buffer.
06-14 17:30:13.758 19380 19409 W QueryController: Could not detect idle state.
06-14 17:30:13.767  1265 21353 I SDM     : HWCSession::ProcessRequests: Pushing release fence in fenece wait queue.
06-14 17:30:13.767  1265 21353 I SDM     : HWCSession::ProcessRequests: Creating AsyncFenceWaits async thread.
06-14 17:30:13.768  1265 21353 I SDM     : HWCSession::ProcessRequests: Remove current CWB request from the pending request queue.
06-14 17:30:13.768  1265 21353 I SDM     : HWCSession::ProcessRequests: No pending cwb requests found in the queue.
06-14 17:30:13.774  1265  1584 I SDM     : HWDeviceDRM::SetupConcurrentWriteback: Tear down the Concurrent Writeback topology
06-14 17:30:13.781  1265 21354 I SDM     : HWCSession::NotifyCWBStatus: Notify the client about buffer status 0.
06-14 17:30:13.782  1265 21354 I SDM     : HWCSession::PerformFenceWaits: Remove current release fence from the pending fence wait queue.
06-14 17:30:13.782  1265 21354 I SDM     : HWCSession::PerformFenceWaits: CWB fence queue is empty. No pending release fence to wait on.
06-14 17:30:13.790  2431  4925 D MIUIInput: Input event injection from pid 19365, MotionEvent: DOWN
06-14 17:30:13.791  2431  2938 D MIUIInput: [MotionEvent] publisher action=0x4, 14500618, channel '7c87e50 NavigationBar0 (server)'
06-14 17:30:13.791  2431  2938 D MIUIInput: [MotionEvent] publisher action=0x0, 14500618, channel '697bc7c cn.missevan/cn.missevan.activity.MainActivity (server)'
06-14 17:30:13.792 19428 19428 D MIUIInput: [MotionEvent] ViewRootImpl windowName 'cn.missevan/cn.missevan.activity.MainActivity', { action=ACTION_DOWN, id[0]=0, pointerCount=1, eventTime=14500618, downTime=14500617, phoneEventTime=17:30:13.779 } moveCount:0
06-14 17:30:13.797  2431  4925 D MIUIInput: Input event injection from pid 19365, MotionEvent: UP
06-14 17:30:13.798  2431  2938 D MIUIInput: [MotionEvent] publisher action=0x1, 14500618, channel '697bc7c cn.missevan/cn.missevan.activity.MainActivity (server)'
06-14 17:30:13.799 19428 19428 D MIUIInput: [MotionEvent] ViewRootImpl windowName 'cn.missevan/cn.missevan.activity.MainActivity', { action=ACTION_UP, id[0]=0, pointerCount=1, eventTime=14500618, downTime=14500617, phoneEventTime=17:30:13.779 } moveCount:0
06-14 17:30:13.799 19428 19428 E cn.missevan: No package ID ff found for ID 0xffffffff.
06-14 17:30:13.808 19380 19409 I appium  : Waiting up to 100ms for the device to idle
06-14 17:30:13.814 19428 19428 D IS_CTS_MODE: true
06-14 17:30:13.814 19428 19428 D MULTI_WINDOW_SWITCH_ENABLED: false
06-14 17:30:13.821 19428 19428 D DecorView[]: updateDecorCaptionStatus displayWindowDecor is false
06-14 17:30:13.833  4233  4233 D MiPlayDetailViewModel: onPositionChange(): position = 22011
06-14 17:30:13.833  5809 21096 I SafeBinderCall: onPositionChange binder cost:0
06-14 17:30:13.835  2431  4925 I WindowManagerService: Physical orientation applied, rotation=0 sfOrientation=ORIENTATION_0
06-14 17:30:13.858 19428 19428 D DecorView[MainActivity]: onWindowFocusChanged hasWindowFocus false
06-14 17:30:13.862 19428 19428 D DecorView[]: onWindowFocusChanged hasWindowFocus true
06-14 17:30:13.862 19428 19428 I HandWritingStubImpl: refreshLastKeyboardType: 1
06-14 17:30:13.862 19428 19428 I HandWritingStubImpl: getCurrentKeyboardType: 1
06-14 17:30:13.863 19428 19428 I HandWritingStubImpl: isKeyboardTypeChanged: false
06-14 17:30:13.865 13581 13581 E BaseInputMethodService: onFinishInput
06-14 17:30:13.865 13581 13581 E BaseInputMethodService: onStartInput
06-14 17:30:13.866 13581 13581 E BaseInputMethodService: onComputeInsets
06-14 17:30:13.882 13581 13600 D BLASTBufferQueue: releaseBufferCallback ReleaseCallbackId: bufferId:58329950847204 framenumber:4
06-14 17:30:13.916  2431  3286 D MiuiNetworkPolicy: updateLimit mLimitEnabled=true,enabled=false,mNetworkPriorityMode=1
06-14 17:30:13.997  2018  3127 D libsensor-displayalgo: the value of  brightness:438.000000,R:83161860.091973,G:83161860.091973,B:83161860.091973,EVENT_C:7219.000000,EVENT_R:2715.500000,EVENT_G:3711.000000,EVENT_B:1459.500000
06-14 17:30:13.998  2018  3127 I libsensor-displayalgo: the value of  Coef1:1107.681000,Coef4:2.383000, scale1:0.935522, scale4:0.923264
06-14 17:30:13.998  2018  3127 E libsensor-displayalgo: RGB_test_0407_400_oldzy!
06-14 17:30:13.999  2018  3127 I libsensor-displayalgo: the value of  RESULT3273.639703,1289.339135,1580.357804,594.090241
06-14 17:30:13.999  2018  3127 I libsensor-displayalgo: the value of  getChannelDataCalibrated3432.232516,1194.176557,1836.856480,648.409521
06-14 17:30:13.999  2018  3127 I libsensor-displayalgo: the value of  REAL LUX229.277618
06-14 17:30:13.999  2018  3127 I libsensor-displayalgo: the value of  CAL REAL LUX229.277618
06-14 17:30:14.073  1265  2358 I vendor.qti.hardware.display.composer-service: FrameNotifyProcess Sensor: notify citsensorservice to trigger cwb
06-14 17:30:14.073  2018  2018 I libcitsensorservice@2.0-impl: msg_transfer
06-14 17:30:14.074  2018  3098 D vendor.xiaomi.sensor.citsensorservice@2.0-service: handle id:9 wxh:1280x2400 uwxuh:1080x2400 size: 9216000 fd:15 fd_meta:16 flags:0x4000228 usage:0x33  format:0x3 layer_count: 1
06-14 17:30:14.074  1265  1890 I SDM     : HWCSession::SetCWBOutputBuffer: CWB config passed by cwb_client : tappoint 1  CWB_ROI : (829.000000 4.000000 915.000000 90.000000)
06-14 17:30:14.076  1265 21356 I SDM     : HWCSession::ProcessRequests: Successfully configured CWB buffer.
06-14 17:30:14.082  1265 21356 I SDM     : HWCSession::ProcessRequests: Pushing release fence in fenece wait queue.
06-14 17:30:14.082  1265 21356 I SDM     : HWCSession::ProcessRequests: Creating AsyncFenceWaits async thread.
06-14 17:30:14.083  1265 21356 I SDM     : HWCSession::ProcessRequests: Remove current CWB request from the pending request queue.
06-14 17:30:14.083  1265 21356 I SDM     : HWCSession::ProcessRequests: No pending cwb requests found in the queue.
06-14 17:30:14.087  1265  1584 I SDM     : HWDeviceDRM::SetupConcurrentWriteback: Tear down the Concurrent Writeback topology
06-14 17:30:14.094  1265 21357 I SDM     : HWCSession::NotifyCWBStatus: Notify the client about buffer status 0.
06-14 17:30:14.095  1265 21357 I SDM     : HWCSession::PerformFenceWaits: Remove current release fence from the pending fence wait queue.
06-14 17:30:14.095  1265 21357 I SDM     : HWCSession::PerformFenceWaits: CWB fence queue is empty. No pending release fence to wait on.
06-14 17:30:14.119  2431  2647 W ActivityManager: Unable to start service Intent { cmp=com.miui.powerkeeper/.perfshielder.PerfShielderStatisticsService } U=0: not found
06-14 17:30:14.296  2018  3127 D libsensor-displayalgo: the value of  brightness:438.000000,R:16891279.626345,G:16863887.893350,B:17040011.857215,EVENT_C:4966.500000,EVENT_R:1963.000000,EVENT_G:2482.500000,EVENT_B:989.000000
06-14 17:30:14.296  2018  3127 I libsensor-displayalgo: the value of  Coef1:1107.681000,Coef4:2.383000, scale1:0.935522, scale4:0.923264
06-14 17:30:14.296  2018  3127 E libsensor-displayalgo: RGB_test_0407_400_oldzy!
06-14 17:30:14.297  2018  3127 I libsensor-displayalgo: the value of  RESULT1101.579038,426.470217,561.851771,190.512433
06-14 17:30:14.297  2018  3127 I libsensor-displayalgo: the value of  getChannelDataCalibrated1154.945485,394.993622,653.042662,207.931501
06-14 17:30:14.297  2018  3127 I libsensor-displayalgo: the value of  REAL LUX229.672485
06-14 17:30:14.297  2018  3127 I libsensor-displayalgo: the value of  CAL REAL LUX229.672485
06-14 17:30:14.341 19380 19409 W QueryController: Could not detect idle state.
06-14 17:30:14.347 19380 19409 I appium  : AppiumResponse: {"sessionId":"894ce2d8-ad4e-487d-b469-10b66a201f99","value":null}
06-14 17:30:14.378 19380 19409 I appium  : channel read: POST /wd/hub/session/894ce2d8-ad4e-487d-b469-10b66a201f99/element
06-14 17:30:14.379 19380 19409 I appium  : FindElement command
06-14 17:30:14.381 19380 19409 I appium  : method: 'id', selector: 'cn.missevan:id/delete_comment'
06-14 17:30:14.382 19380 19409 I appium  : Waiting up to 100ms for the device to idle
06-14 17:30:14.387  1265  2358 I vendor.qti.hardware.display.composer-service: FrameNotifyProcess Sensor: notify citsensorservice to trigger cwb
06-14 17:30:14.387  2018  2108 I libcitsensorservice@2.0-impl: msg_transfer
06-14 17:30:14.389  2018  3098 D vendor.xiaomi.sensor.citsensorservice@2.0-service: handle id:9 wxh:1280x2400 uwxuh:1080x2400 size: 9216000 fd:15 fd_meta:16 flags:0x4000228 usage:0x33  format:0x3 layer_count: 1
06-14 17:30:14.389  1265  1890 I SDM     : HWCSession::SetCWBOutputBuffer: CWB config passed by cwb_client : tappoint 1  CWB_ROI : (829.000000 4.000000 915.000000 90.000000)
06-14 17:30:14.393  1265 21361 I SDM     : HWCSession::ProcessRequests: Successfully configured CWB buffer.
06-14 17:30:14.399 19380 19409 I appium  : AppiumResponse: {"sessionId":"894ce2d8-ad4e-487d-b469-10b66a201f99","value":{"ELEMENT":"00000000-0000-02b0-ffff-ffff0000104b","element-6066-11e4-a52e-4f735466cecf":"00000000-0000-02b0-ffff-ffff0000104b"}}
06-14 17:30:14.402  1265 21361 I SDM     : HWCSession::ProcessRequests: Pushing release fence in fenece wait queue.
06-14 17:30:14.403  1265 21361 I SDM     : HWCSession::ProcessRequests: Creating AsyncFenceWaits async thread.
06-14 17:30:14.403  1265 21361 I SDM     : HWCSession::ProcessRequests: Remove current CWB request from the pending request queue.
06-14 17:30:14.403  1265 21361 I SDM     : HWCSession::ProcessRequests: No pending cwb requests found in the queue.
06-14 17:30:14.407  1265  1584 I SDM     : HWDeviceDRM::SetupConcurrentWriteback: Tear down the Concurrent Writeback topology
06-14 17:30:14.414 19380 19409 I appium  : channel read: POST /wd/hub/session/894ce2d8-ad4e-487d-b469-10b66a201f99/element/00000000-0000-02b0-ffff-ffff0000104b/click
06-14 17:30:14.414 19380 19409 I appium  : Click command
06-14 17:30:14.415  1265 21362 I SDM     : HWCSession::NotifyCWBStatus: Notify the client about buffer status 0.
06-14 17:30:14.417  1265 21362 I SDM     : HWCSession::PerformFenceWaits: Remove current release fence from the pending fence wait queue.
06-14 17:30:14.417  1265 21362 I SDM     : HWCSession::PerformFenceWaits: CWB fence queue is empty. No pending release fence to wait on.
06-14 17:30:14.424  2431  6206 D MIUIInput: Input event injection from pid 19365, MotionEvent: DOWN
06-14 17:30:14.425  2431  2938 D MIUIInput: [MotionEvent] publisher action=0x4, 14501258, channel '7c87e50 NavigationBar0 (server)'
06-14 17:30:14.425  2431  2938 D MIUIInput: [MotionEvent] publisher action=0x0, 14501258, channel 'a002ed5 cn.missevan/cn.missevan.activity.MainActivity (server)'
06-14 17:30:14.426 19428 19428 D MIUIInput: [MotionEvent] ViewRootImpl windowName 'cn.missevan/cn.missevan.activity.MainActivity', { action=ACTION_DOWN, id[0]=0, pointerCount=1, eventTime=14501258, downTime=14501257, phoneEventTime=17:30:14.419 } moveCount:0
06-14 17:30:14.428  2431  6206 D MIUIInput: Input event injection from pid 19365, MotionEvent: UP
06-14 17:30:14.428  2431  2938 D MIUIInput: [MotionEvent] publisher action=0x1, 14501258, channel 'a002ed5 cn.missevan/cn.missevan.activity.MainActivity (server)'
06-14 17:30:14.429 19428 19428 D MIUIInput: [MotionEvent] ViewRootImpl windowName 'cn.missevan/cn.missevan.activity.MainActivity', { action=ACTION_UP, id[0]=0, pointerCount=1, eventTime=14501258, downTime=14501257, phoneEventTime=17:30:14.419 } moveCount:0
06-14 17:30:14.433 19380 19409 I appium  : Waiting up to 100ms for the device to idle
06-14 17:30:14.526  5405  9716 D SLM-SRV-SLAService: checktemp temperature = 36115 temperature_average = 36007 isPerformanceMode = false thermal_enable_slm = true
06-14 17:30:14.586  2431  2921 W InputManager-JNI: Input channel object 'a002ed5 cn.missevan/cn.missevan.activity.MainActivity (client)' was disposed without first being removed with the input manager!
06-14 17:30:14.596  2018  3127 D libsensor-displayalgo: the value of  brightness:438.000000,R:16891279.626345,G:16863887.893350,B:17040011.857215,EVENT_C:4961.000000,EVENT_R:1963.500000,EVENT_G:2482.000000,EVENT_B:988.000000
06-14 17:30:14.596  2018  3127 I libsensor-displayalgo: the value of  Coef1:1107.681000,Coef4:2.383000, scale1:0.935522, scale4:0.923264
06-14 17:30:14.596  2018  3127 E libsensor-displayalgo: RGB_test_0407_400_oldzy!
06-14 17:30:14.597  2018  3127 I libsensor-displayalgo: the value of  RESULT1101.579038,426.470217,561.851771,190.512433
06-14 17:30:14.597  2018  3127 I libsensor-displayalgo: the value of  getChannelDataCalibrated1154.945485,394.993622,653.042662,207.931501
06-14 17:30:14.597  2018  3127 I libsensor-displayalgo: the value of  REAL LUX229.323959
06-14 17:30:14.597  2018  3127 I libsensor-displayalgo: the value of  CAL REAL LUX229.323959
06-14 17:30:14.604 19380 19409 W QueryController: Could not detect idle state.
06-14 17:30:14.605 19380 19409 I appium  : AppiumResponse: {"sessionId":"894ce2d8-ad4e-487d-b469-10b66a201f99","value":null}
06-14 17:30:14.613 19380 19409 I appium  : channel read: POST /wd/hub/session/894ce2d8-ad4e-487d-b469-10b66a201f99/element
06-14 17:30:14.613 19380 19409 I appium  : FindElement command
06-14 17:30:14.614 19380 19409 I appium  : method: 'xpath', selector: '//*[@class="android.widget.Toast"]'
06-14 17:30:14.614 19380 19409 I appium  : Waiting up to 100ms for the device to idle
06-14 17:30:14.673 19428 19428 D DecorView[MainActivity]: onWindowFocusChanged hasWindowFocus true
06-14 17:30:14.675 19428 19428 I HandWritingStubImpl: isKeyboardTypeChanged: false
