06-14 17:30:25.536  3844  4724 V Avrcp_ext: Exit updatePlayerStateAndPosition
06-14 17:30:25.536  5809  5809 I Cir_Miplay_ActiveAudioSessionManager: dispatchTopActiveSessionChangeCallbackLocked, size:1
06-14 17:30:25.537  5809  5809 I Cir_Miplay_MiPlayAudioService: onTopActiveSessionChange, cn.missevan
06-14 17:30:25.537  5809  5809 I Cir_Miplay_MiPlayAudioService: topActiveSessionChange appId:cn.missevan
06-14 17:30:25.537  5809  5809 I Cir_Miplay_MiPlayAudioStatUtils: recordPackageName:cn.missevan
06-14 17:30:25.537  5809  5809 I Cir_Miplay_MiPlayAudioStatUtils: packageNameEquals.
06-14 17:30:25.537  5809  5809 I Cir_Miplay_ActiveSessionRecord: dispatch meta change, MediaMetaData{mArtist='Megrezz', mAlbum='null', mTitle='他似晨风起 | 第一期', mArt=valid, mDuration=2968630, mLrc='null'}
06-14 17:30:25.537  5809  5809 I Cir_Miplay_MiPlayAudioService: dispatchMetaChange:cn.missevan  ActiveSsionPackageName:cn.missevan
06-14 17:30:25.541  5809 14611 I Cir_Miplay_MiPlayAudioService: dispatchMetaChange:MediaMetaData{mArtist='Megrezz', mAlbum='null', mTitle='他似晨风起 | 第一期', mArt=valid, mDuration=2968630, mLrc='null'}
06-14 17:30:25.541  5809 14611 I Cir_Miplay_MetaInfoManager: setMetadata.
06-14 17:30:25.541  5809  5809 I MiPlayClientSDK: =======================================================================
06-14 17:30:25.541  5809  5809 I MiPlayClientSDK: onMediaInfoChange start
06-14 17:30:25.541  5809  5809 I MiPlayClientSDK: local_device_id, MediaMetaData{mArtist='Megrezz', mAlbum='null', mTitle='他似晨风起 | 第一期', mDuration=2968630, mId='', mCoverUrl='', mStatus=0, mVolume=0, mArt=android.graphics.Bitmap@ebc93f0, mPosition=0, mLrc='null', mPackgeName='cn.missevan', mSourceName='2738969101的Xiaomi Civi 2', mDeviceState=2}
06-14 17:30:25.541  5809  5809 I MiPlayClientSDK: onMediaInfoChange end
06-14 17:30:25.541  5809  5809 I MiPlayClientSDK: =======================================================================
06-14 17:30:25.541  5809  5809 I MiPlayProxyDeviceManager: onMediaInfoChange
06-14 17:30:25.541  5809  5809 I MiPlay  : onMediaMetaChanged,local_device_id, meta:MediaMetaData{mArtist='Megrezz', mAlbum='null', mTitle='他似晨风起 | 第一期', mDuration=2968630, art:valid}
06-14 17:30:25.549  1383  2232 D AudioTrackShared: tallyUnderrunFrames( 17) at uf = 150960, bump mUnderrunCount = 6
06-14 17:30:25.550  4233  4233 D MiPlayDetailViewModel: onActiveAudioSessionChange(): audioSessionList?.size = 1
06-14 17:30:25.551  5809  6131 I SafeBinderCall: onActiveAudioSessionChange binder cost:15
06-14 17:30:25.553  4233  4233 I SafeBinderCall: call getMediaMetaData binder cost:2
06-14 17:30:25.553  4233  4233 I SafeBinderCall: call getPosition binder cost:0
06-14 17:30:25.554  4233  4233 I SafeBinderCall: call getPlaybackState binder cost:1
06-14 17:30:25.556 19614 19814 I @@@BBPLOG: Info TABF09CB0 CFileSrc L53 Open url: http://cn-hljheb-ct-01-02.bilivideo.com/mefmxcodeboss/aod/202008/09/a8ed53e7fcc22eaf6755411db3a5a8b8200456-128k.m4a?e=ig8euxZM2rNcNbdlhoNvNC8BqJIzNbfqXBvEuENvNC8aNEVEtEvE9IMvXBvE2ENvNCImNEVEIj0Y2J_aug859r1qXg8xNEVE5XREto8GuFGv2U7SuxI72X6fTr859IB_&uipk=5&nbs=1&deadline=1686742177&gen=playurlv2&os=bcache&oi=3729190097&trid=00003d2b1ccc70ba45f59ad92b6c5ae7cb23B&mid=0&platform=android&upsig=636857f8c4c4f0b562530be4d97cf664&uparams=e,uipk,nbs,deadline,gen,os,oi,trid,mid,platform&cdnid=3841&bvc=vod&nettype=0&orderid=0,1&logo=00000000, flag: 0x1000
06-14 17:30:25.556 19614 19814 I @@@BBPLOG: Info TABF09CB0 CBPMFileIO L76 Get .bpm cache, header size: 328, media size: 50145976, cache chunk size: 262144, cached chunk cnt: 192, cache chunk cnt: 192
06-14 17:30:25.556 19614 19814 I @@@BBPLOG: Info TABF09CB0 CCacheIO L224 Read from cache, file name /data/user/0/cn.missevan/cache/bbp/player/main/fdb1adbaead748a0e5664bc9dd97ac2a.bpm
06-14 17:30:25.556 19614 19814 I @@@BBPLOG: Info TABF09CB0 CCacheIO L238 Open done, IOProtocol: file+cache
06-14 17:30:25.565 13036 13231 D WorkerThreadMonitor: Kill MSF check result[ senderSize:0,sendInterval:114177,receiveInterval=24044,addCmdCount=160
06-14 17:30:25.572 19614 19814 I @@@BBPLOG: Info TABF09CB0 CSrcEng L115 The source format is: 1, size: 262144, 70797466
06-14 17:30:25.581 19380 19409 W QueryController: Could not detect idle state.
06-14 17:30:25.585 19380 19409 I appium  : AppiumResponse: {"sessionId":"894ce2d8-ad4e-487d-b469-10b66a201f99","value":null}
06-14 17:30:25.587 19614 19814 I @@@BBPLOG: Info TABF09CB0 BBPFuncLog L113 ----CMP4ParserBase::ReadBoxMoov Value is 00000000 start.
06-14 17:30:25.604 19614 19814 I @@@BBPLOG: Info TABF09CB0 BBPFuncLog L140 ----CMP4ParserBase::ReadBoxMoov leave! no return. Ussed Time: 17
06-14 17:30:25.606 19614 20677 I @@@BBPLOG: Info TAEAB1CB0 CRndNDK L129 First Frame: 74 ms, dns: 0 ms, req: 0 ms, rsp: 0 ms, dat: 0 ms
06-14 17:30:25.619  3844  4724 V Avrcp_ext: onMetadataChanged
06-14 17:30:25.620  3844  4724 V Avrcp_ext: updateCurrentMediaState: mMediaController: MediaController (cn.missevan@938b0ca) 他似晨风起 | 第一期, Megrezz, null
06-14 17:30:25.620  3844  4724 V Avrcp_ext: updateCurrentMediaState: isPlaying = false
06-14 17:30:25.620  3844  4724 W Avrcp_ext: isMusicActive: true getBluetoothPlayState: 1 A2dp State: 11 mAudioPlaybackIsActive: true
06-14 17:30:25.621  3844  4724 D Avrcp_ext: isMusicActive = true mAudioPlaybackIsActive = true player state = PlaybackState {state=3, position=1503, buffered position=0, speed=1.0, updated=23599224, actions=894, custom actions=[], active item id=-1, error=null}
06-14 17:30:25.622  2431  5693 I WindowManagerService: Physical orientation applied, rotation=0 sfOrientation=ORIENTATION_0
06-14 17:30:25.622  3844  4724 D Avrcp_ext: overwrite album_artist :if album is blank
06-14 17:30:25.625  3844  4724 V Avrcp_ext: Media update: id -1➡-1? [MediaAttributes: 他⋯期 -  by M⋯z (2968630 0/0) - ] : [MediaAttributes: 他⋯期 -  by M⋯z (2968630 0/0) - ]
06-14 17:30:25.625  3844  4724 D Avrcp_ext: isPackageNameValid: browsedPackage = cn.missevanisValid = true
06-14 17:30:25.625  3844  4724 V Avrcp_ext: isBrowseSupported for cn.missevan: false
06-14 17:30:25.625  3844  4724 V Avrcp_ext: updatePlaybackState, state: PlaybackState {state=3, position=1503, buffered position=0, speed=1.0, updated=23599224, actions=894, custom actions=[], active item id=-1, error=null} device: null
06-14 17:30:25.625  3844  4724 V Avrcp_ext: Device: no name:
06-14 17:30:25.625  3844  4724 V Avrcp_ext: Device: no name:
06-14 17:30:25.625  3844  4724 V Avrcp_ext: Device: no name:
06-14 17:30:25.625  3844  4724 V Avrcp_ext: Device: no name:
06-14 17:30:25.625  3844  4724 V Avrcp_ext: Device: no name:
06-14 17:30:25.625  3844  4724 V Avrcp_ext: updatePlayerStateAndPosition, old=PlaybackState {state=3, position=1416, buffered position=0, speed=1.0, updated=23599137, actions=894, custom actions=[], active item id=-1, error=null}, state=PlaybackState {state=3, position=1503, buffered position=0, speed=1.0, updated=23599224, actions=894, custom actions=[], active item id=-1, error=null}
06-14 17:30:25.625  3844  4724 V Avrcp_ext: old state = PlaybackState {state=3, position=1416, buffered position=0, speed=1.0, updated=23599137, actions=894, custom actions=[], active item id=-1, error=null}, new state= PlaybackState {state=3, position=1503, buffered position=0, speed=1.0, updated=23599224, actions=894, custom actions=[], active item id=-1, error=null}
06-14 17:30:25.625  3844  4724 D HeadsetService: getHeadsetService(): returning com.android.bluetooth.hfp.HeadsetService@7e2faf
06-14 17:30:25.626  3844  4724 D HeadsetService:  isAudioOn: The number of audio connected devices 0
06-14 17:30:25.626  3844  4724 D HeadsetService: isScoOrCallActive(): Call Active:falseCall is Ringing:falseSCO is Active:false
06-14 17:30:25.626  3844  4724 D HeadsetService:  isAudioOn: The number of audio connected devices 0
06-14 17:30:25.626  3844  4724 V Avrcp_ext: isPlayStateTobeUpdated: device: null
06-14 17:30:25.626  3844  4724 V Avrcp_ext: Single connection exists
06-14 17:30:25.626  3844  4724 D HeadsetService:  isAudioOn: The number of audio connected devices 0
06-14 17:30:25.626  3844  4724 D HeadsetService: isScoOrCallActive(): Call Active:falseCall is Ringing:falseSCO is Active:false
06-14 17:30:25.626  3844  4724 D HeadsetService:  isAudioOn: The number of audio connected devices 0
06-14 17:30:25.626  3844  4724 V Avrcp_ext: isPlayStateTobeUpdated: device: null
06-14 17:30:25.626  3844  4724 V Avrcp_ext: Single connection exists
06-14 17:30:25.626  3844  4724 D HeadsetService:  isAudioOn: The number of audio connected devices 0
06-14 17:30:25.626  3844  4724 D HeadsetService: isScoOrCallActive(): Call Active:falseCall is Ringing:falseSCO is Active:false
06-14 17:30:25.626  3844  4724 D HeadsetService:  isAudioOn: The number of audio connected devices 0
06-14 17:30:25.626  3844  4724 V Avrcp_ext: isPlayStateTobeUpdated: device: null
06-14 17:30:25.626  3844  4724 V Avrcp_ext: Single connection exists
06-14 17:30:25.626  3844  4724 D HeadsetService:  isAudioOn: The number of audio connected devices 0
06-14 17:30:25.626  3844  4724 D HeadsetService: isScoOrCallActive(): Call Active:falseCall is Ringing:falseSCO is Active:false
06-14 17:30:25.626  3844  4724 D HeadsetService:  isAudioOn: The number of audio connected devices 0
06-14 17:30:25.626  3844  4724 V Avrcp_ext: isPlayStateTobeUpdated: device: null
06-14 17:30:25.626  3844  4724 V Avrcp_ext: Single connection exists
06-14 17:30:25.626  3844  4724 D HeadsetService:  isAudioOn: The number of audio connected devices 0
06-14 17:30:25.626  3844  4724 D HeadsetService: isScoOrCallActive(): Call Active:falseCall is Ringing:falseSCO is Active:false
06-14 17:30:25.626  3844  4724 D HeadsetService:  isAudioOn: The number of audio connected devices 0
06-14 17:30:25.626  3844  4724 V Avrcp_ext: isPlayStateTobeUpdated: device: null
06-14 17:30:25.626  3844  4724 V Avrcp_ext: Single connection exists
06-14 17:30:25.626  3844  4724 D Avrcp_ext: Enter sendPlayPosNotificationRsp
06-14 17:30:25.626  3844  4724 D Avrcp_ext: sendPlayPosNotificationRsp: Not registered or requesting.
06-14 17:30:25.626  3844  4724 D Avrcp_ext: Enter sendPlayPosNotificationRsp
06-14 17:30:25.626  3844  4724 D Avrcp_ext: sendPlayPosNotificationRsp: Not registered or requesting.
06-14 17:30:25.626  3844  4724 D Avrcp_ext: Enter sendPlayPosNotificationRsp
06-14 17:30:25.626  3844  4724 D Avrcp_ext: sendPlayPosNotificationRsp: Not registered or requesting.
06-14 17:30:25.626  3844  4724 D Avrcp_ext: Enter sendPlayPosNotificationRsp
06-14 17:30:25.626  3844  4724 D Avrcp_ext: sendPlayPosNotificationRsp: Not registered or requesting.
06-14 17:30:25.626  3844  4724 D Avrcp_ext: Enter sendPlayPosNotificationRsp
06-14 17:30:25.626  3844  4724 D Avrcp_ext: sendPlayPosNotificationRsp: Not registered or requesting.
06-14 17:30:25.626  3844  4724 V Avrcp_ext: Exit updatePlayerStateAndPosition
06-14 17:30:25.628  5809  5809 I MiPlayProxyDeviceManager: onTopActiveSessionChange, cn.missevan
06-14 17:30:25.630  5809  5809 I SafeBinderCall: onTopActiveSessionChange binder cost:0
06-14 17:30:25.630  4233  4233 D MiPlayDetailViewModel: onActiveAudioSessionChange(): audioSessionList?.size = 1
06-14 17:30:25.631  5809  5809 I SafeBinderCall: onMediaMetaChange binder cost:1
06-14 17:30:25.631  5809  5809 I Cir_Miplay_ActiveAudioSessionManager: dispatchTopActiveSessionChangeCallbackLocked, size:1
06-14 17:30:25.632  4233  4233 I SafeBinderCall: call getMediaMetaData binder cost:1
06-14 17:30:25.632  5809  5809 I Cir_Miplay_MiPlayAudioService: onTopActiveSessionChange, cn.missevan
06-14 17:30:25.632  5809  5809 I Cir_Miplay_MiPlayAudioService: topActiveSessionChange appId:cn.missevan
06-14 17:30:25.632  5809  5809 I Cir_Miplay_MiPlayAudioStatUtils: recordPackageName:cn.missevan
06-14 17:30:25.632  5809  5809 I Cir_Miplay_MiPlayAudioStatUtils: packageNameEquals.
06-14 17:30:25.634  2431  4792 I MediaFocusControl: requestAudioFocus() from uid/pid 10486/19614 AA=USAGE_MEDIA/CONTENT_TYPE_MUSIC clientId=android.media.AudioManager@bcb80dbcn.missevan.lib.utils.AudioFocusManager@b4ac778 callingPack=cn.missevan req=1 flags=0x1 sdk=28
06-14 17:30:25.633  5809  6131 I SafeBinderCall: onActiveAudioSessionChange binder cost:3
06-14 17:30:25.635  2431  4792 I AudioService.FadeOutManager: unfadeOutUid() uid:10486
06-14 17:30:25.635 19380 19409 I appium  : channel read: POST /wd/hub/session/894ce2d8-ad4e-487d-b469-10b66a201f99/element
06-14 17:30:25.635 19380 19409 I appium  : FindElement command
06-14 17:30:25.636 19380 19409 I appium  : method: 'id', selector: 'com.android.systemui:id/header_title'
06-14 17:30:25.637 19380 19409 I appium  : Waiting up to 100ms for the device to idle
06-14 17:30:25.637  5809  5809 I Cir_Miplay_ActiveSessionRecord: dispatch meta change, MediaMetaData{mArtist='Megrezz', mAlbum='null', mTitle='他似晨风起 | 第一期', mArt=valid, mDuration=2968630, mLrc='null'}
06-14 17:30:25.638  5809  5809 I Cir_Miplay_MiPlayAudioService: dispatchMetaChange:cn.missevan  ActiveSsionPackageName:cn.missevan
06-14 17:30:25.638  4233  4233 I SafeBinderCall: call getPosition binder cost:6
06-14 17:30:25.639  4233  4233 I SafeBinderCall: call getPlaybackState binder cost:1
06-14 17:30:25.642  5809 14611 I Cir_Miplay_MiPlayAudioService: dispatchMetaChange:MediaMetaData{mArtist='Megrezz', mAlbum='null', mTitle='他似晨风起 | 第一期', mArt=valid, mDuration=2968630, mLrc='null'}
06-14 17:30:25.642  5809 14611 I Cir_Miplay_MetaInfoManager: setMetadata.
06-14 17:30:25.642  5809  5809 I MiPlayClientSDK: =======================================================================
06-14 17:30:25.642  5809  5809 I MiPlayClientSDK: onMediaInfoChange start
06-14 17:30:25.642  5809  5809 I MiPlayClientSDK: local_device_id, MediaMetaData{mArtist='Megrezz', mAlbum='null', mTitle='他似晨风起 | 第一期', mDuration=2968630, mId='', mCoverUrl='', mStatus=0, mVolume=0, mArt=android.graphics.Bitmap@6fe4d69, mPosition=0, mLrc='null', mPackgeName='cn.missevan', mSourceName='2738969101的Xiaomi Civi 2', mDeviceState=2}
06-14 17:30:25.642  5809  5809 I MiPlayClientSDK: onMediaInfoChange end
06-14 17:30:25.642  5809  5809 I MiPlayClientSDK: =======================================================================
06-14 17:30:25.642  5809  5809 I MiPlayProxyDeviceManager: onMediaInfoChange
06-14 17:30:25.642  5809  5809 I MiPlay  : onMediaMetaChanged,local_device_id, meta:MediaMetaData{mArtist='Megrezz', mAlbum='null', mTitle='他似晨风起 | 第一期', mDuration=2968630, art:valid}
06-14 17:30:25.650  3844  4724 V Avrcp_ext: onPlaybackStateChanged: state PlaybackState {state=3, position=19, buffered position=0, speed=1.0, updated=23599250, actions=894, custom actions=[], active item id=-1, error=null}
06-14 17:30:25.652  3844  4724 V Avrcp_ext: updateCurrentMediaState: mMediaController: MediaController (cn.missevan@938b0ca) 他似晨风起 | 第一期, Megrezz, null
06-14 17:30:25.652  3844  4724 V Avrcp_ext: updateCurrentMediaState: isPlaying = false
06-14 17:30:25.652  3844  4724 W Avrcp_ext: isMusicActive: true getBluetoothPlayState: 1 A2dp State: 11 mAudioPlaybackIsActive: true
06-14 17:30:25.652  3844  4724 D Avrcp_ext: isMusicActive = true mAudioPlaybackIsActive = true player state = PlaybackState {state=3, position=25, buffered position=0, speed=1.0, updated=23599256, actions=894, custom actions=[], active item id=-1, error=null}
06-14 17:30:25.655  3844  4724 D Avrcp_ext: overwrite album_artist :if album is blank
06-14 17:30:25.655  4233  4233 V MediaTimeout: processState 0|cn.missevan|1500|null|10486: PlaybackState {state=3, position=19, buffered position=0, speed=1.0, updated=23599250, actions=894, custom actions=[], active item id=-1, error=null}
06-14 17:30:25.655  1265  2358 I vendor.qti.hardware.display.composer-service: FrameNotifyProcess Sensor: notify citsensorservice to trigger cwb
06-14 17:30:25.656  2018  2018 I libcitsensorservice@2.0-impl: msg_transfer
06-14 17:30:25.656  5809  5809 I Cir_Miplay_ActiveSessionRecord: onPlaybackStateChanged:3
06-14 17:30:25.656  5809  5809 I Cir_Miplay_ActiveSessionRecordStack: onPlaybackStateChange.
06-14 17:30:25.656  3844  4724 V Avrcp_ext: Media update: id -1➡-1? [MediaAttributes: 他⋯期 -  by M⋯z (2968630 0/0) - ] : [MediaAttributes: 他⋯期 -  by M⋯z (2968630 0/0) - ]
06-14 17:30:25.657  3844  4724 D Avrcp_ext: isPackageNameValid: browsedPackage = cn.missevanisValid = true
06-14 17:30:25.657  2018  3098 D vendor.xiaomi.sensor.citsensorservice@2.0-service: handle id:9 wxh:1280x2400 uwxuh:1080x2400 size: 9216000 fd:15 fd_meta:16 flags:0x4000228 usage:0x33  format:0x3 layer_count: 1
06-14 17:30:25.657  1265  1890 I SDM     : HWCSession::SetCWBOutputBuffer: CWB config passed by cwb_client : tappoint 1  CWB_ROI : (829.000000 4.000000 915.000000 90.000000)
06-14 17:30:25.658  3844  4724 V Avrcp_ext: isBrowseSupported for cn.missevan: false
06-14 17:30:25.658  3844  4724 V Avrcp_ext: updatePlaybackState, state: PlaybackState {state=3, position=25, buffered position=0, speed=1.0, updated=23599256, actions=894, custom actions=[], active item id=-1, error=null} device: null
06-14 17:30:25.658  3844  4724 V Avrcp_ext: Device: no name:
06-14 17:30:25.658  3844  4724 V Avrcp_ext: Device: no name:
06-14 17:30:25.658  3844  4724 V Avrcp_ext: Device: no name:
06-14 17:30:25.658  3844  4724 V Avrcp_ext: Device: no name:
06-14 17:30:25.658  3844  4724 V Avrcp_ext: Device: no name:
06-14 17:30:25.658  3844  4724 V Avrcp_ext: updatePlayerStateAndPosition, old=PlaybackState {state=3, position=1503, buffered position=0, speed=1.0, updated=23599224, actions=894, custom actions=[], active item id=-1, error=null}, state=PlaybackState {state=3, position=25, buffered position=0, speed=1.0, updated=23599256, actions=894, custom actions=[], active item id=-1, error=null}
06-14 17:30:25.658  3844  4724 V Avrcp_ext: old state = PlaybackState {state=3, position=1503, buffered position=0, speed=1.0, updated=23599224, actions=894, custom actions=[], active item id=-1, error=null}, new state= PlaybackState {state=3, position=25, buffered position=0, speed=1.0, updated=23599256, actions=894, custom actions=[], active item id=-1, error=null}
06-14 17:30:25.658  3844  4724 D HeadsetService: getHeadsetService(): returning com.android.bluetooth.hfp.HeadsetService@7e2faf
06-14 17:30:25.658  3844  4724 D HeadsetService:  isAudioOn: The number of audio connected devices 0
06-14 17:30:25.658  3844  4724 D HeadsetService: isScoOrCallActive(): Call Active:falseCall is Ringing:falseSCO is Active:false
06-14 17:30:25.658  3844  4724 D HeadsetService:  isAudioOn: The number of audio connected devices 0
06-14 17:30:25.658  3844  4724 V Avrcp_ext: isPlayStateTobeUpdated: device: null
06-14 17:30:25.658  3844  4724 V Avrcp_ext: Single connection exists
06-14 17:30:25.658  3844  4724 D HeadsetService:  isAudioOn: The number of audio connected devices 0
06-14 17:30:25.658  3844  4724 D HeadsetService: isScoOrCallActive(): Call Active:falseCall is Ringing:falseSCO is Active:false
06-14 17:30:25.658  3844  4724 D HeadsetService:  isAudioOn: The number of audio connected devices 0
06-14 17:30:25.658  3844  4724 V Avrcp_ext: isPlayStateTobeUpdated: device: null
06-14 17:30:25.658  3844  4724 V Avrcp_ext: Single connection exists
06-14 17:30:25.658 19428 21241 D BLASTBufferQueue: releaseBufferCallback ReleaseCallbackId: bufferId:83442624626821 framenumber:1
06-14 17:30:25.658  3844  4724 D HeadsetService:  isAudioOn: The number of audio connected devices 0
06-14 17:30:25.658  3844  4724 D HeadsetService: isScoOrCallActive(): Call Active:falseCall is Ringing:falseSCO is Active:false
06-14 17:30:25.658  3844  4724 D HeadsetService:  isAudioOn: The number of audio connected devices 0
06-14 17:30:25.658  3844  4724 V Avrcp_ext: isPlayStateTobeUpdated: device: null
06-14 17:30:25.658  3844  4724 V Avrcp_ext: Single connection exists
06-14 17:30:25.658  3844  4724 D HeadsetService:  isAudioOn: The number of audio connected devices 0
06-14 17:30:25.658  3844  4724 D HeadsetService: isScoOrCallActive(): Call Active:falseCall is Ringing:falseSCO is Active:false
06-14 17:30:25.658  3844  4724 D HeadsetService:  isAudioOn: The number of audio connected devices 0
06-14 17:30:25.658  3844  4724 V Avrcp_ext: isPlayStateTobeUpdated: device: null
06-14 17:30:25.658  3844  4724 V Avrcp_ext: Single connection exists
06-14 17:30:25.658  3844  4724 D HeadsetService:  isAudioOn: The number of audio connected devices 0
06-14 17:30:25.658  3844  4724 D HeadsetService: isScoOrCallActive(): Call Active:falseCall is Ringing:falseSCO is Active:false
06-14 17:30:25.658  3844  4724 D HeadsetService:  isAudioOn: The number of audio connected devices 0
06-14 17:30:25.658  3844  4724 V Avrcp_ext: isPlayStateTobeUpdated: device: null
06-14 17:30:25.658  3844  4724 V Avrcp_ext: Single connection exists
06-14 17:30:25.658  3844  4724 D Avrcp_ext: Enter sendPlayPosNotificationRsp
06-14 17:30:25.658  3844  4724 D Avrcp_ext: sendPlayPosNotificationRsp: Not registered or requesting.
06-14 17:30:25.658  3844  4724 D Avrcp_ext: Enter sendPlayPosNotificationRsp
06-14 17:30:25.658  3844  4724 D Avrcp_ext: sendPlayPosNotificationRsp: Not registered or requesting.
06-14 17:30:25.658  3844  4724 D Avrcp_ext: Enter sendPlayPosNotificationRsp
06-14 17:30:25.658  3844  4724 D Avrcp_ext: sendPlayPosNotificationRsp: Not registered or requesting.
06-14 17:30:25.658  3844  4724 D Avrcp_ext: Enter sendPlayPosNotificationRsp
06-14 17:30:25.658  3844  4724 D Avrcp_ext: sendPlayPosNotificationRsp: Not registered or requesting.
06-14 17:30:25.658  3844  4724 D Avrcp_ext: Enter sendPlayPosNotificationRsp
06-14 17:30:25.658  3844  4724 D Avrcp_ext: sendPlayPosNotificationRsp: Not registered or requesting.
06-14 17:30:25.658  3844  4724 V Avrcp_ext: Exit updatePlayerStateAndPosition
06-14 17:30:25.658  3844  4724 V Avrcp_ext:  Exit onPlaybackStateChanged
06-14 17:30:25.661  1265 21480 I SDM     : HWCSession::ProcessRequests: Successfully configured CWB buffer.
06-14 17:30:25.662  2431  4067 I WindowManagerService: Physical orientation applied, rotation=0 sfOrientation=ORIENTATION_0
06-14 17:30:25.663  5809  5809 I Cir_Miplay_ActiveAudioSessionManager: TopAudioSession play change
06-14 17:30:25.663  5809  5809 I Cir_Miplay_MiPlayAudioService: dispatchPlaybackStateChange:3
06-14 17:30:25.663  5809  5809 I Cir_Miplay_MiPlayAudioService: localPlayStateChange state:3
06-14 17:30:25.663  5809  5809 I Cir_Miplay_MiPlayAudioService: playStateNotify state:3  ,id:,uuid:local_device_id
06-14 17:30:25.664  5809  5809 I ActiveSessionRecord: onPlaybackStateChanged: PlaybackState {state=3, position=19, buffered position=0, speed=1.0, updated=23599250, actions=894, custom actions=[], active item id=-1, error=null}
06-14 17:30:25.665  5809  5809 I ActiveAudioSessionManager: startPositionCallbackTask
06-14 17:30:25.666  4233  4233 D MiPlayDetailViewModel: onPlaybackStateChange(): state = 3
06-14 17:30:25.668  5809  5809 I SafeBinderCall: onPlaybackStateChange binder cost:3
06-14 17:30:25.668  5809  5809 I MiPlayClientSDK: =======================================================================
06-14 17:30:25.668  5809  5809 I MiPlayClientSDK: onPlayStateChange start
06-14 17:30:25.668  5809  5809 I MiPlayClientSDK: local_device_id, state:3
06-14 17:30:25.668  5809  5809 I MiPlayClientSDK: onPlayStateChange end
06-14 17:30:25.668  5809  5809 I MiPlayClientSDK: =======================================================================
06-14 17:30:25.668  5809  5809 I MiPlayProxyDeviceManager: onPlayStateChange
06-14 17:30:25.668  5809  5809 I MiPlay  : onPlaybackStateChanged,local_device_id, state:pause
06-14 17:30:25.669  1175  1175 D vendor.qti.bluetooth@1.0-ibs_handler: SerialClockVote: vote for UART CLK ON
06-14 17:30:25.673  1175  1175 D vendor.qti.bluetooth@1.0-wake_lock: Acquire wakelock is acquired
06-14 17:30:25.673  1175  1175 I vendor.qti.bluetooth@1.0-ibs_handler: DeviceWakeUp: Writing IBS_WAKE_IND
06-14 17:30:25.675  1265 21480 I SDM     : HWCSession::ProcessRequests: Pushing release fence in fenece wait queue.
06-14 17:30:25.675  1265 21480 I SDM     : HWCSession::ProcessRequests: Creating AsyncFenceWaits async thread.
06-14 17:30:25.675  1265 21480 I SDM     : HWCSession::ProcessRequests: Remove current CWB request from the pending request queue.
06-14 17:30:25.675  1265 21480 I SDM     : HWCSession::ProcessRequests: No pending cwb requests found in the queue.
06-14 17:30:25.680  1265  1584 I SDM     : HWDeviceDRM::SetupConcurrentWriteback: Tear down the Concurrent Writeback topology
06-14 17:30:25.682  2431  5693 I WindowManagerService: Physical orientation applied, rotation=0 sfOrientation=ORIENTATION_0
06-14 17:30:25.682  1175  4546 I vendor.qti.bluetooth@1.0-ibs_handler: ProcessIbsCmd: Received IBS_WAKE_ACK: 0xFC
06-14 17:30:25.682  1175  4546 I vendor.qti.bluetooth@1.0-ibs_handler: ProcessIbsCmd: Signal wack_cond_
06-14 17:30:25.682  1175  1175 D vendor.qti.bluetooth@1.0-ibs_handler: DeviceWakeUp: Unblocked from waiting for FC, pthread_cond_timedwait ret = 0
06-14 17:30:25.685  1175  4546 I vendor.qti.bluetooth@1.0-ibs_handler: ProcessIbsCmd: Received IBS_WAKE_IND: 0xFD
06-14 17:30:25.685  1175  4546 I vendor.qti.bluetooth@1.0-ibs_handler: ProcessIbsCmd: Writing IBS_WAKE_ACK
06-14 17:30:25.686  1265 21481 I SDM     : HWCSession::NotifyCWBStatus: Notify the client about buffer status 0.
06-14 17:30:25.687  1265 21481 I SDM     : HWCSession::PerformFenceWaits: Remove current release fence from the pending fence wait queue.
06-14 17:30:25.687  1265 21481 I SDM     : HWCSession::PerformFenceWaits: CWB fence queue is empty. No pending release fence to wait on.
06-14 17:30:25.688  3844  4552 I bt_stack: [INFO:btm_ble_bgconn.cc(429)] Already connection initiated (or) No Pending connections(or) Resources of lcb are exhausted
06-14 17:30:25.696  2018  3127 D libsensor-displayalgo: the value of  brightness:438.000000,R:5115979.613280,G:5070999.682578,B:5188440.814649,EVENT_C:4392.000000,EVENT_R:1768.000000,EVENT_G:2166.500000,EVENT_B:873.000000
06-14 17:30:25.696  2018  3127 I libsensor-displayalgo: the value of  Coef1:1107.681000,Coef4:2.383000, scale1:0.935522, scale4:0.923264
06-14 17:30:25.696  2018  3127 E libsensor-displayalgo: RGB_black_white_scenario_0822!
06-14 17:30:25.696  2018  3127 I libsensor-displayalgo: the value of  RESULT160.322707,56.102945,86.048111,28.996568
06-14 17:30:25.696  2018  3127 I libsensor-displayalgo: the value of  getChannelDataCalibrated168.089606,51.962141,100.014079,31.647803
06-14 17:30:25.696  2018  3127 I libsensor-displayalgo: the value of  REAL LUX259.080963
06-14 17:30:25.696  2018  3127 I libsensor-displayalgo: the value of  CAL REAL LUX259.080963
06-14 17:30:25.738  1175  4546 I vendor.qti.bluetooth@1.0-ibs_handler: ProcessIbsCmd: Received IBS_SLEEP_IND: 0xFE
06-14 17:30:25.741  2431  2431 W WindowManager: removeWindowToken: Attempted to remove non-existing token: android.os.Binder@2f8e265
06-14 17:30:25.782 19380 19409 W QueryController: Could not detect idle state.
06-14 17:30:25.804 19380 19409 I appium  : AppiumResponse: {"sessionId":"894ce2d8-ad4e-487d-b469-10b66a201f99","value":{"ELEMENT":"00000000-0000-0283-ffff-ffff00001d2f","element-6066-11e4-a52e-4f735466cecf":"00000000-0000-0283-ffff-ffff00001d2f"}}
06-14 17:30:25.807  2431  4067 I WindowManagerService: Physical orientation applied, rotation=0 sfOrientation=ORIENTATION_0
06-14 17:30:25.826 19380 19409 I appium  : channel read: GET /wd/hub/session/894ce2d8-ad4e-487d-b469-10b66a201f99/element/00000000-0000-0283-ffff-ffff00001d2f/text
06-14 17:30:25.827 19380 19409 I appium  : GetText command
06-14 17:30:25.833  4233  4233 D MiPlayDetailViewModel: onPositionChange(): position = 205
06-14 17:30:25.833  5809 21096 I SafeBinderCall: onPositionChange binder cost:0
06-14 17:30:25.904  2431  6206 I WindowManagerService: Physical orientation applied, rotation=0 sfOrientation=ORIENTATION_0
06-14 17:30:25.923  2431  6149 I WindowManagerService: Physical orientation applied, rotation=0 sfOrientation=ORIENTATION_0
06-14 17:30:25.940  5285  5285 D MiBarrage: No barrage: not in game scene or in video scene
06-14 17:30:25.944  4233  4233 D InterruptionStateProvider: No alerting: filtered notification: 0|cn.missevan|1500|null|10486
06-14 17:30:25.944  4233  4233 D InterruptionStateProvider: No alerting: filtered notification: 0|cn.missevan|1500|null|10486
06-14 17:30:25.956  4233  4475 D PeopleSpaceWidgetMgr: Sbn doesn't contain valid PeopleTileKey: null/0/cn.missevan
06-14 17:30:25.958  4233  4988 D MiBridge: requestCpuHighFreq---- uid: 1000 level: 1 timeoutms:2000
06-14 17:30:25.960  1265  2358 I vendor.qti.hardware.display.composer-service: FrameNotifyProcess Sensor: notify citsensorservice to trigger cwb
06-14 17:30:25.960  2018  2111 I libcitsensorservice@2.0-impl: msg_transfer
06-14 17:30:25.961  1893  1925 W MiuiBooster: "MiuiBoosterService requestCpuHighFreq: 1000, 1, 2000"
06-14 17:30:25.961  1893  1925 W MiuiBooster: "requestCpuHighFreq,final level:1,final timeoutms:2000"
06-14 17:30:25.961  1893  1925 W MiuiBooster: "perf_hint_hc start"
06-14 17:30:25.961  1893  1925 W MiuiBooster: "big_core_value[level-1]:4095"
06-14 17:30:25.961  1893  1925 W MiuiBooster: "little_core_value[level-1]:4095"
06-14 17:30:25.961  1893  1925 W MiuiBooster: "prime_core_value[level - 1]:4095"
06-14 17:30:25.961  2018  3098 D vendor.xiaomi.sensor.citsensorservice@2.0-service: handle id:9 wxh:1280x2400 uwxuh:1080x2400 size: 9216000 fd:15 fd_meta:16 flags:0x4000228 usage:0x33  format:0x3 layer_count: 1
06-14 17:30:25.961  1265  1890 I SDM     : HWCSession::SetCWBOutputBuffer: CWB config passed by cwb_client : tappoint 1  CWB_ROI : (829.000000 4.000000 915.000000 90.000000)
06-14 17:30:25.962  1893  1925 W MiuiBooster: "perf_handle:14391"
06-14 17:30:25.962  4233  4988 D MiBridge: requestCpuHighFreq handle: 1
06-14 17:30:25.962  4233  4988 D CpuBoostUtil: boostCpuToMax:0
06-14 17:30:25.962  4233  4988 D MiBridge: cancelCpuHighFreq---uid: 1000
06-14 17:30:25.963  5735  5754 W Parcel  : **** enforceInterface() expected 'com.miui.gamebooster.service.ISecurityCenterNotificationListener' but read 'android.service.notification.INotificationListener'
06-14 17:30:25.963  5735  5754 W Binder  : Caught a RuntimeException from the binder stub implementation.
06-14 17:30:25.963  5735  5754 W Binder  : java.lang.SecurityException: Binder invocation to an incorrect interface
06-14 17:30:25.963  5735  5754 W Binder  : 	at android.os.Parcel.nativeEnforceInterface(Native Method)
06-14 17:30:25.963  5735  5754 W Binder  : 	at android.os.Parcel.enforceInterface(Parcel.java:699)
06-14 17:30:25.963  5735  5754 W Binder  : 	at com.miui.gamebooster.service.ISecurityCenterNotificationListener$Stub.onTransact(Unknown Source:18)
06-14 17:30:25.963  5735  5754 W Binder  : 	at android.os.Binder.execTransactInternal(Binder.java:1190)
06-14 17:30:25.963  5735  5754 W Binder  : 	at android.os.Binder.execTransact(Binder.java:1149)
06-14 17:30:25.965  4233  4233 I MediaCarouselController: media_data_arrive: addOrUpdatePlayer
06-14 17:30:25.965  4233  4233 I MiuiMediaControlPanel: media_data_arrive: bindPlayer: mPlayerViewHolder=com.android.systemui.media.PlayerViewHolder@f0f354d
06-14 17:30:25.965  4233  4233 I MiuiMediaControlPanel: media_data_arrive: bindPlayer: 猫耳FM, 他似晨风起 | 第一期, Megrezz
06-14 17:30:25.965  4233  4233 I MiuiMediaControlPanel: MediaAction: contentDesc=快退; MediaAction: contentDesc=上一首; MediaAction: contentDesc=暂停; MediaAction: contentDesc=下一首; MediaAction: contentDesc=快进;
06-14 17:30:25.960  1280  1280 W perf-hal-servic: type=1400 audit(0.0:6171): avc: denied { search } for name="1893" dev="proc" ino=2139132 scontext=u:r:vendor_hal_perf_default:s0 tcontext=u:r:miuibooster:s0 tclass=dir permissive=0
06-14 17:30:25.960  1280  1280 W perf-hal-servic: type=1400 audit(0.0:6172): avc: denied { search } for name="1893" dev="proc" ino=2139132 scontext=u:r:vendor_hal_perf_default:s0 tcontext=u:r:miuibooster:s0 tclass=dir permissive=0
06-14 17:30:25.966  4233  4233 D MiuiMediaControlPanel: setArtwork---ProcessArtworkTask
06-14 17:30:25.967  4233  4988 D MiBridge: cancelCpuHighFreq ret: 0
06-14 17:30:25.967  4233  4988 D CpuBoostUtil: cancelCpuHighFreq:0
06-14 17:30:25.967  1265 21484 I SDM     : HWCSession::ProcessRequests: Successfully configured CWB buffer.
06-14 17:30:25.971  5735  5754 W Parcel  : **** enforceInterface() expected 'com.miui.gamebooster.service.ISecurityCenterNotificationListener' but read 'android.service.notification.INotificationListener'
06-14 17:30:25.971  5735  5754 W Binder  : Caught a RuntimeException from the binder stub implementation.
06-14 17:30:25.971  5735  5754 W Binder  : java.lang.SecurityException: Binder invocation to an incorrect interface
06-14 17:30:25.971  5735  5754 W Binder  : 	at android.os.Parcel.nativeEnforceInterface(Native Method)
06-14 17:30:25.971  5735  5754 W Binder  : 	at android.os.Parcel.enforceInterface(Parcel.java:699)
06-14 17:30:25.971  5735  5754 W Binder  : 	at com.miui.gamebooster.service.ISecurityCenterNotificationListener$Stub.onTransact(Unknown Source:18)
06-14 17:30:25.971  5735  5754 W Binder  : 	at android.os.Binder.execTransactInternal(Binder.java:1190)
06-14 17:30:25.971  5735  5754 W Binder  : 	at android.os.Binder.execTransact(Binder.java:1149)
06-14 17:30:25.972  5285  5285 D MiBarrage: No barrage: not in game scene or in video scene
06-14 17:30:25.974  1265 21484 I SDM     : HWCSession::ProcessRequests: Pushing release fence in fenece wait queue.
06-14 17:30:25.974  1265 21484 I SDM     : HWCSession::ProcessRequests: Creating AsyncFenceWaits async thread.
06-14 17:30:25.974  1265 21484 I SDM     : HWCSession::ProcessRequests: Remove current CWB request from the pending request queue.
06-14 17:30:25.976  1265  1584 I SDM     : HWDeviceDRM::SetupConcurrentWriteback: Tear down the Concurrent Writeback topology
06-14 17:30:25.979  5735  8037 V onNotificationPostedCallBack: flags=98
06-14 17:30:25.980  1265 21484 I SDM     : HWCSession::ProcessRequests: No pending cwb requests found in the queue.
06-14 17:30:25.981  5735  8037 V m       : ret=0
06-14 17:30:25.981  5735  8037 V onNotificationPostedCallBack: flags=98
06-14 17:30:25.982  5735  8037 V m       : ret=0
06-14 17:30:25.986  1265 21485 I SDM     : HWCSession::NotifyCWBStatus: Notify the client about buffer status 0.
06-14 17:30:25.986  1265 21485 I SDM     : HWCSession::PerformFenceWaits: Remove current release fence from the pending fence wait queue.
06-14 17:30:25.986  1265 21485 I SDM     : HWCSession::PerformFenceWaits: CWB fence queue is empty. No pending release fence to wait on.
06-14 17:30:25.988 19380 19409 W QueryController: Could not detect idle state.
06-14 17:30:25.988 12128 12208 D IdProviderImpl: getOAID from com.miui.analytics
06-14 17:30:25.990  4233  4233 D InterruptionStateProvider: No alerting: filtered notification: 0|cn.missevan|1500|null|10486
06-14 17:30:25.991  4233  4233 D InterruptionStateProvider: No alerting: filtered notification: 0|cn.missevan|1500|null|10486
06-14 17:30:25.997  2018  3127 D libsensor-displayalgo: the value of  brightness:438.000000,R:4566343.156802,G:4161465.698798,B:4578217.851969,EVENT_C:4330.500000,EVENT_R:1748.500000,EVENT_G:2135.000000,EVENT_B:861.500000
06-14 17:30:25.997  2018  3127 I libsensor-displayalgo: the value of  Coef1:1107.681000,Coef4:2.383000, scale1:0.935522, scale4:0.923264
06-14 17:30:25.997  2018  3127 E libsensor-displayalgo: RGB_black_white_scenario_0822!
06-14 17:30:25.997  2018  3127 I libsensor-displayalgo: the value of  RESULT129.121265,45.256013,68.089392,23.180612
06-14 17:30:25.997  2018  3127 I libsensor-displayalgo: the value of  getChannelDataCalibrated135.376598,41.915791,79.140585,25.300078
06-14 17:30:25.997  2018  3127 I libsensor-displayalgo: the value of  REAL LUX257.340790
06-14 17:30:25.997  2018  3127 I libsensor-displayalgo: the value of  CAL REAL LUX257.340790
06-14 17:30:26.001 19428 19437 I cn.missevan: This is sticky GC, maxfree is 8388608 minfree is 2097152
06-14 17:30:26.001 19428 19437 I cn.missevan: Background young concurrent copying GC freed 151951(7988KB) AllocSpace objects, 44(11MB) LOS objects, 17% free, 48MB/58MB, paused 137us,98us total 100.616ms
06-14 17:30:26.003  4233  4475 D PeopleSpaceWidgetMgr: Sbn doesn't contain valid PeopleTileKey: null/0/cn.missevan
06-14 17:30:26.004  1280  1280 W perf-hal-servic: type=1400 audit(0.0:6173): avc: denied { search } for name="1893" dev="proc" ino=2139132 scontext=u:r:vendor_hal_perf_default:s0 tcontext=u:r:miuibooster:s0 tclass=dir permissive=0
06-14 17:30:26.004  1280  1280 W perf-hal-servic: type=1400 audit(0.0:6174): avc: denied { search } for name="1893" dev="proc" ino=2139132 scontext=u:r:vendor_hal_perf_default:s0 tcontext=u:r:miuibooster:s0 tclass=dir permissive=0
06-14 17:30:26.005  4233  4988 D MiBridge: requestCpuHighFreq---- uid: 1000 level: 1 timeoutms:2000
06-14 17:30:26.005  1893  1925 W MiuiBooster: "MiuiBoosterService requestCpuHighFreq: 1000, 1, 2000"
06-14 17:30:26.005  1893  1925 W MiuiBooster: "requestCpuHighFreq,final level:1,final timeoutms:2000"
06-14 17:30:26.005  1893  1925 W MiuiBooster: "perf_hint_hc start"
06-14 17:30:26.005  1893  1925 W MiuiBooster: "big_core_value[level-1]:4095"
06-14 17:30:26.005  1893  1925 W MiuiBooster: "little_core_value[level-1]:4095"
06-14 17:30:26.005  1893  1925 W MiuiBooster: "prime_core_value[level - 1]:4095"
06-14 17:30:26.006  1893  1925 W MiuiBooster: "perf_handle:14392"
06-14 17:30:26.007  4233  4988 D MiBridge: requestCpuHighFreq handle: 1
06-14 17:30:26.007  4233  4988 D CpuBoostUtil: boostCpuToMax:0
06-14 17:30:26.007  4233  4988 D MiBridge: cancelCpuHighFreq---uid: 1000
06-14 17:30:26.007  4233  4988 D MiBridge: cancelCpuHighFreq ret: 0
06-14 17:30:26.007  4233  4988 D CpuBoostUtil: cancelCpuHighFreq:0
06-14 17:30:26.013 19614 20678 I @@@BBPLOG: Info TAEA8BCB0 CTCPSocket L69 Connect server: data.bilibili.com, port: 443, enable ssl: 1
06-14 17:30:26.022  4233  4233 I MediaCarouselController: media_data_arrive: addOrUpdatePlayer
06-14 17:30:26.022  4233  4233 I MiuiMediaControlPanel: media_data_arrive: bindPlayer: mPlayerViewHolder=com.android.systemui.media.PlayerViewHolder@f0f354d
06-14 17:30:26.022  4233  4233 I MiuiMediaControlPanel: media_data_arrive: bindPlayer: 猫耳FM, 他似晨风起 | 第一期, Megrezz
06-14 17:30:26.022  4233  4233 I MiuiMediaControlPanel: MediaAction: contentDesc=快退; MediaAction: contentDesc=上一首; MediaAction: contentDesc=暂停; MediaAction: contentDesc=下一首; MediaAction: contentDesc=快进;
06-14 17:30:26.032 19614 20678 I @@@BBPLOG: Info TAEA8BCB0 CMbedSSL L29 Create SSL: CMbedSSL
06-14 17:30:26.040 12128 12208 D IdProviderImpl: getOAID from com.miui.analytics
06-14 17:30:26.059  2431  2445 I WindowManagerService: Physical orientation applied, rotation=0 sfOrientation=ORIENTATION_0
06-14 17:30:26.098  2431  4067 I WindowManagerService: Physical orientation applied, rotation=0 sfOrientation=ORIENTATION_0
06-14 17:30:26.112 19428 19428 I HandWritingStubImpl: isKeyboardTypeChanged: false
06-14 17:30:26.112 19428 19428 I HandWritingStubImpl: isKeyboardTypeChanged: false
06-14 17:30:26.112 19428 19428 I HandWritingStubImpl: isKeyboardTypeChanged: false
06-14 17:30:26.113 19428 19428 I HandWritingStubImpl: isKeyboardTypeChanged: false
06-14 17:30:26.113 19428 19428 I HandWritingStubImpl: isKeyboardTypeChanged: false
06-14 17:30:26.113 19428 19428 I HandWritingStubImpl: isKeyboardTypeChanged: false
06-14 17:30:26.114 19428 19428 I HandWritingStubImpl: isKeyboardTypeChanged: false
06-14 17:30:26.114 19428 19428 I HandWritingStubImpl: isKeyboardTypeChanged: false
06-14 17:30:26.127  3844  4724 V Avrcp_ext: onMetadataChanged
06-14 17:30:26.129  3844  4724 V Avrcp_ext: updateCurrentMediaState: mMediaController: MediaController (cn.missevan@938b0ca) 他似晨风起 | 第一期, Megrezz, null
06-14 17:30:26.129  3844  4724 V Avrcp_ext: updateCurrentMediaState: isPlaying = false
06-14 17:30:26.129  3844  4724 W Avrcp_ext: isMusicActive: true getBluetoothPlayState: 1 A2dp State: 11 mAudioPlaybackIsActive: true
06-14 17:30:26.129  3844  4724 D Avrcp_ext: isMusicActive = true mAudioPlaybackIsActive = true player state = PlaybackState {state=3, position=501, buffered position=0, speed=1.0, updated=23599732, actions=894, custom actions=[], active item id=-1, error=null}
06-14 17:30:26.129  5809  5809 I MiPlayProxyDeviceManager: onTopActiveSessionChange, cn.missevan
06-14 17:30:26.130  3844  4724 D Avrcp_ext: overwrite album_artist :if album is blank
06-14 17:30:26.130  3844  4724 V Avrcp_ext: Media update: id -1➡-1? [MediaAttributes: 他⋯期 -  by M⋯z (2968630 0/0) - ] : [MediaAttributes: 他⋯期 -  by M⋯z (2968630 0/0) - ]
06-14 17:30:26.130  3844  4724 D Avrcp_ext: isPackageNameValid: browsedPackage = cn.missevanisValid = true
06-14 17:30:26.130  3844  4724 V Avrcp_ext: isBrowseSupported for cn.missevan: false
06-14 17:30:26.130  3844  4724 V Avrcp_ext: updatePlaybackState, state: PlaybackState {state=3, position=501, buffered position=0, speed=1.0, updated=23599732, actions=894, custom actions=[], active item id=-1, error=null} device: null
06-14 17:30:26.130  3844  4724 V Avrcp_ext: Device: no name:
06-14 17:30:26.130  3844  4724 V Avrcp_ext: Device: no name:
06-14 17:30:26.130  3844  4724 V Avrcp_ext: Device: no name:
06-14 17:30:26.130  3844  4724 V Avrcp_ext: Device: no name:
06-14 17:30:26.130  3844  4724 V Avrcp_ext: Device: no name:
06-14 17:30:26.130  3844  4724 V Avrcp_ext: updatePlayerStateAndPosition, old=PlaybackState {state=3, position=25, buffered position=0, speed=1.0, updated=23599256, actions=894, custom actions=[], active item id=-1, error=null}, state=PlaybackState {state=3, position=501, buffered position=0, speed=1.0, updated=23599732, actions=894, custom actions=[], active item id=-1, error=null}
06-14 17:30:26.130  3844  4724 V Avrcp_ext: old state = PlaybackState {state=3, position=25, buffered position=0, speed=1.0, updated=23599256, actions=894, custom actions=[], active item id=-1, error=null}, new state= PlaybackState {state=3, position=501, buffered position=0, speed=1.0, updated=23599732, actions=894, custom actions=[], active item id=-1, error=null}
06-14 17:30:26.130  3844  4724 D HeadsetService: getHeadsetService(): returning com.android.bluetooth.hfp.HeadsetService@7e2faf
06-14 17:30:26.130  3844  4724 D HeadsetService:  isAudioOn: The number of audio connected devices 0
06-14 17:30:26.130  3844  4724 D HeadsetService: isScoOrCallActive(): Call Active:falseCall is Ringing:falseSCO is Active:false
06-14 17:30:26.130  3844  4724 D HeadsetService:  isAudioOn: The number of audio connected devices 0
06-14 17:30:26.131  3844  4724 V Avrcp_ext: isPlayStateTobeUpdated: device: null
06-14 17:30:26.131  3844  4724 V Avrcp_ext: Single connection exists
06-14 17:30:26.131  3844  4724 D HeadsetService:  isAudioOn: The number of audio connected devices 0
06-14 17:30:26.131  3844  4724 D HeadsetService: isScoOrCallActive(): Call Active:falseCall is Ringing:falseSCO is Active:false
06-14 17:30:26.131  3844  4724 D HeadsetService:  isAudioOn: The number of audio connected devices 0
06-14 17:30:26.131  3844  4724 V Avrcp_ext: isPlayStateTobeUpdated: device: null
06-14 17:30:26.131  3844  4724 V Avrcp_ext: Single connection exists
06-14 17:30:26.131  3844  4724 D HeadsetService:  isAudioOn: The number of audio connected devices 0
06-14 17:30:26.131  3844  4724 D HeadsetService: isScoOrCallActive(): Call Active:falseCall is Ringing:falseSCO is Active:false
06-14 17:30:26.131  3844  4724 D HeadsetService:  isAudioOn: The number of audio connected devices 0
06-14 17:30:26.131  3844  4724 V Avrcp_ext: isPlayStateTobeUpdated: device: null
06-14 17:30:26.131  3844  4724 V Avrcp_ext: Single connection exists
06-14 17:30:26.131  3844  4724 D HeadsetService:  isAudioOn: The number of audio connected devices 0
06-14 17:30:26.131  3844  4724 D HeadsetService: isScoOrCallActive(): Call Active:falseCall is Ringing:falseSCO is Active:false
06-14 17:30:26.131  3844  4724 D HeadsetService:  isAudioOn: The number of audio connected devices 0
06-14 17:30:26.131  3844  4724 V Avrcp_ext: isPlayStateTobeUpdated: device: null
06-14 17:30:26.131  3844  4724 V Avrcp_ext: Single connection exists
06-14 17:30:26.131  3844  4724 D HeadsetService:  isAudioOn: The number of audio connected devices 0
06-14 17:30:26.131  3844  4724 D HeadsetService: isScoOrCallActive(): Call Active:falseCall is Ringing:falseSCO is Active:false
06-14 17:30:26.131  3844  4724 D HeadsetService:  isAudioOn: The number of audio connected devices 0
06-14 17:30:26.131  3844  4724 V Avrcp_ext: isPlayStateTobeUpdated: device: null
06-14 17:30:26.131  3844  4724 V Avrcp_ext: Single connection exists
06-14 17:30:26.131  3844  4724 D Avrcp_ext: Enter sendPlayPosNotificationRsp
06-14 17:30:26.131  3844  4724 D Avrcp_ext: sendPlayPosNotificationRsp: Not registered or requesting.
06-14 17:30:26.131  3844  4724 D Avrcp_ext: Enter sendPlayPosNotificationRsp
06-14 17:30:26.131  3844  4724 D Avrcp_ext: sendPlayPosNotificationRsp: Not registered or requesting.
06-14 17:30:26.131  3844  4724 D Avrcp_ext: Enter sendPlayPosNotificationRsp
06-14 17:30:26.131  3844  4724 D Avrcp_ext: sendPlayPosNotificationRsp: Not registered or requesting.
06-14 17:30:26.131  3844  4724 D Avrcp_ext: Enter sendPlayPosNotificationRsp
06-14 17:30:26.131  3844  4724 D Avrcp_ext: sendPlayPosNotificationRsp: Not registered or requesting.
06-14 17:30:26.131  3844  4724 D Avrcp_ext: Enter sendPlayPosNotificationRsp
06-14 17:30:26.131  3844  4724 D Avrcp_ext: sendPlayPosNotificationRsp: Not registered or requesting.
06-14 17:30:26.131  3844  4724 V Avrcp_ext: Exit updatePlayerStateAndPosition
06-14 17:30:26.137  5809  5809 I SafeBinderCall: onTopActiveSessionChange binder cost:0
06-14 17:30:26.138  4233  4233 D MiPlayDetailViewModel: onMediaMetaChange(): metaData.title = 他似晨风起 | 第一期
06-14 17:30:26.139  5809  5809 I SafeBinderCall: onMediaMetaChange binder cost:2
06-14 17:30:26.140  5809  5809 I Cir_Miplay_ActiveAudioSessionManager: dispatchTopActiveSessionChangeCallbackLocked, size:1
06-14 17:30:26.141  4233  4233 D MiPlayDetailViewModel: onActiveAudioSessionChange(): audioSessionList?.size = 1
06-14 17:30:26.142  5809  5809 I Cir_Miplay_MiPlayAudioService: onTopActiveSessionChange, cn.missevan
06-14 17:30:26.142  5809  5809 I Cir_Miplay_MiPlayAudioService: topActiveSessionChange appId:cn.missevan
06-14 17:30:26.142  5809  5809 I Cir_Miplay_MiPlayAudioStatUtils: recordPackageName:cn.missevan
06-14 17:30:26.142  5809  5809 I Cir_Miplay_MiPlayAudioStatUtils: packageNameEquals.
06-14 17:30:26.142  5809  5809 I Cir_Miplay_ActiveSessionRecord: dispatch meta change, MediaMetaData{mArtist='Megrezz', mAlbum='null', mTitle='他似晨风起 | 第一期', mArt=valid, mDuration=2968630, mLrc='null'}
06-14 17:30:26.142  5809  5809 I Cir_Miplay_MiPlayAudioService: dispatchMetaChange:cn.missevan  ActiveSsionPackageName:cn.missevan
06-14 17:30:26.142  5809  6131 I SafeBinderCall: onActiveAudioSessionChange binder cost:1
06-14 17:30:26.146  5809 14611 I Cir_Miplay_MiPlayAudioService: dispatchMetaChange:MediaMetaData{mArtist='Megrezz', mAlbum='null', mTitle='他似晨风起 | 第一期', mArt=valid, mDuration=2968630, mLrc='null'}
06-14 17:30:26.146  5809 14611 I Cir_Miplay_MetaInfoManager: setMetadata.
06-14 17:30:26.146  4233  4233 I SafeBinderCall: call getMediaMetaData binder cost:4
06-14 17:30:26.147  4233  4233 I SafeBinderCall: call getPosition binder cost:0
06-14 17:30:26.148  4233  4233 I SafeBinderCall: call getPlaybackState binder cost:1
06-14 17:30:26.149  5809  5809 I MiPlayClientSDK: =======================================================================
06-14 17:30:26.149  5809  5809 I MiPlayClientSDK: onMediaInfoChange start
06-14 17:30:26.150  5809  5809 I MiPlayClientSDK: local_device_id, MediaMetaData{mArtist='Megrezz', mAlbum='null', mTitle='他似晨风起 | 第一期', mDuration=2968630, mId='', mCoverUrl='', mStatus=0, mVolume=0, mArt=android.graphics.Bitmap@5eeff1c, mPosition=0, mLrc='null', mPackgeName='cn.missevan', mSourceName='2738969101的Xiaomi Civi 2', mDeviceState=2}
06-14 17:30:26.150  5809  5809 I MiPlayClientSDK: onMediaInfoChange end
06-14 17:30:26.150  5809  5809 I MiPlayClientSDK: =======================================================================
06-14 17:30:26.150  5809  5809 I MiPlayProxyDeviceManager: onMediaInfoChange
06-14 17:30:26.150  5809  5809 I MiPlay  : onMediaMetaChanged,local_device_id, meta:MediaMetaData{mArtist='Megrezz', mAlbum='null', mTitle='他似晨风起 | 第一期', mDuration=2968630, art:valid}
06-14 17:30:26.156  2431  6149 I WindowManagerService: Physical orientation applied, rotation=0 sfOrientation=ORIENTATION_0
06-14 17:30:26.175  2431  6149 I WindowManagerService: Physical orientation applied, rotation=0 sfOrientation=ORIENTATION_0
06-14 17:30:26.190  2431  6149 I WindowManagerService: Physical orientation applied, rotation=0 sfOrientation=ORIENTATION_0
06-14 17:30:26.197 19380 19409 W QueryController: Could not detect idle state.
06-14 17:30:26.199  2431  2445 I WindowManagerService: Physical orientation applied, rotation=0 sfOrientation=ORIENTATION_0
06-14 17:30:26.206 19614 20678 I @@@BBPLOG: Info TAEA8BCB0 CDataLogSender L88 Send log data 732 and response code is 200
06-14 17:30:26.207 19614 20678 I @@@BBPLOG: Info TAEA8BCB0 CDataLogMng L341 Delete log file 1686735023316.ovw
06-14 17:30:26.214 19380 19409 I appium  : AppiumResponse: {"sessionId":"894ce2d8-ad4e-487d-b469-10b66a201f99","value":"他似晨风起 | 第一期"}
06-14 17:30:26.261  1280  1420 E ANDR-PERF-OPTSHANDLER: checkAlreadySetCpuset: fopen failed, errno Permission denied, trying pgid as pid to check
06-14 17:30:26.265  1265  2358 I vendor.qti.hardware.display.composer-service: FrameNotifyProcess Sensor: notify citsensorservice to trigger cwb
06-14 17:30:26.265  2018  2108 I libcitsensorservice@2.0-impl: msg_transfer
06-14 17:30:26.265  2018  3098 D vendor.xiaomi.sensor.citsensorservice@2.0-service: handle id:9 wxh:1280x2400 uwxuh:1080x2400 size: 9216000 fd:15 fd_meta:16 flags:0x4000228 usage:0x33  format:0x3 layer_count: 1
