06-14 17:30:14.675 19428 19428 I HandWritingStubImpl: refreshLastKeyboardType: 1
06-14 17:30:14.675 19428 19428 I HandWritingStubImpl: getCurrentKeyboardType: 1
06-14 17:30:14.677 13581 13581 E BaseInputMethodService: onFinishInput
06-14 17:30:14.678 13581 13581 E BaseInputMethodService: onStartInput
06-14 17:30:14.680 13581 13581 E BaseInputMethodService: onComputeInsets
06-14 17:30:14.685 19428 19437 I cn.missevan: This is sticky GC, maxfree is 8388608 minfree is 2097152
06-14 17:30:14.687 19428 19428 I HandWritingStubImpl: isKeyboardTypeChanged: false
06-14 17:30:14.689  1265  2358 I vendor.qti.hardware.display.composer-service: FrameNotifyProcess Sensor: notify citsensorservice to trigger cwb
06-14 17:30:14.689  2018  2108 I libcitsensorservice@2.0-impl: msg_transfer
06-14 17:30:14.689  2018  3098 D vendor.xiaomi.sensor.citsensorservice@2.0-service: handle id:9 wxh:1280x2400 uwxuh:1080x2400 size: 9216000 fd:15 fd_meta:16 flags:0x4000228 usage:0x33  format:0x3 layer_count: 1
06-14 17:30:14.690  1265  1890 I SDM     : HWCSession::SetCWBOutputBuffer: CWB config passed by cwb_client : tappoint 1  CWB_ROI : (829.000000 4.000000 915.000000 90.000000)
06-14 17:30:14.692  1265 21364 I SDM     : HWCSession::ProcessRequests: Successfully configured CWB buffer.
06-14 17:30:14.697 13581 21242 D BLASTBufferQueue: releaseBufferCallback ReleaseCallbackId: bufferId:58329950847205 framenumber:5
06-14 17:30:14.698  1265 21364 I SDM     : HWCSession::ProcessRequests: Pushing release fence in fenece wait queue.
06-14 17:30:14.698  1265 21364 I SDM     : HWCSession::ProcessRequests: Creating AsyncFenceWaits async thread.
06-14 17:30:14.700  1265 21364 I SDM     : HWCSession::ProcessRequests: Remove current CWB request from the pending request queue.
06-14 17:30:14.700  1265 21364 I SDM     : HWCSession::ProcessRequests: No pending cwb requests found in the queue.
06-14 17:30:14.705  1265  1584 I SDM     : HWDeviceDRM::SetupConcurrentWriteback: Tear down the Concurrent Writeback topology
06-14 17:30:14.711  1265 21366 I SDM     : HWCSession::NotifyCWBStatus: Notify the client about buffer status 0.
06-14 17:30:14.711  1265 21366 I SDM     : HWCSession::PerformFenceWaits: Remove current release fence from the pending fence wait queue.
06-14 17:30:14.711  1265 21366 I SDM     : HWCSession::PerformFenceWaits: CWB fence queue is empty. No pending release fence to wait on.
06-14 17:30:14.719  1930  1967 I mstatdaemon: Entering time loop
06-14 17:30:14.719  1930  1967 I mstatdaemon: t = 1686735014
06-14 17:30:14.719  1930  1967 I mstatdaemon: translated_t = 1370745014
06-14 17:30:14.719  1930  1967 I mstat_log: mstatcommitLog log_alloc() failed
06-14 17:30:14.744  2431  6206 W InputManager-JNI: Input channel object '28f6548 Toast (client)' was disposed without first being removed with the input manager!
06-14 17:30:14.755  2431  6206 W NotificationService: Toast already killed. pkg=cn.missevan token=android.os.BinderProxy@50f5e31
06-14 17:30:14.778 19380 19409 W QueryController: Could not detect idle state.
06-14 17:30:14.780 19380 19409 I appium  : The following attributes will be included to the page source: [class]
06-14 17:30:14.783  2431  6206 I WindowManagerService: Physical orientation applied, rotation=0 sfOrientation=ORIENTATION_0
06-14 17:30:14.834  4233  4233 D MiPlayDetailViewModel: onPositionChange(): position = 23011
06-14 17:30:14.834  5809 21096 I SafeBinderCall: onPositionChange binder cost:1
06-14 17:30:14.896  2018  3127 D libsensor-displayalgo: the value of  brightness:438.000000,R:45315629.216813,G:45323787.713930,B:45553142.729036,EVENT_C:6381.000000,EVENT_R:2442.500000,EVENT_G:3254.000000,EVENT_B:1279.500000
06-14 17:30:14.896  2018  3127 I libsensor-displayalgo: the value of  Coef1:1107.681000,Coef4:2.383000, scale1:0.935522, scale4:0.923264
06-14 17:30:14.896  2018  3127 E libsensor-displayalgo: RGB_test_0407_400_oldzy!
06-14 17:30:14.896  2018  3127 I libsensor-displayalgo: the value of  RESULT2160.555030,845.852656,1073.229889,384.973792
06-14 17:30:14.896  2018  3127 I libsensor-displayalgo: the value of  getChannelDataCalibrated2265.224001,783.422596,1247.419585,420.172988
06-14 17:30:14.896  2018  3127 I libsensor-displayalgo: the value of  REAL LUX249.411057
06-14 17:30:14.896  2018  3127 I libsensor-displayalgo: the value of  CAL REAL LUX249.411057
06-14 17:30:14.984 19380 19409 I appium  : Adding toast message to root: 删除成功
06-14 17:30:14.992  1265  2358 I vendor.qti.hardware.display.composer-service: FrameNotifyProcess Sensor: notify citsensorservice to trigger cwb
06-14 17:30:14.993  2018  2108 I libcitsensorservice@2.0-impl: msg_transfer
06-14 17:30:14.993  2018  3098 D vendor.xiaomi.sensor.citsensorservice@2.0-service: handle id:9 wxh:1280x2400 uwxuh:1080x2400 size: 9216000 fd:15 fd_meta:16 flags:0x4000228 usage:0x33  format:0x3 layer_count: 1
06-14 17:30:14.994  1265  1890 I SDM     : HWCSession::SetCWBOutputBuffer: CWB config passed by cwb_client : tappoint 1  CWB_ROI : (829.000000 4.000000 915.000000 90.000000)
06-14 17:30:14.996  1265 21368 I SDM     : HWCSession::ProcessRequests: Successfully configured CWB buffer.
06-14 17:30:15.002  1265 21368 I SDM     : HWCSession::ProcessRequests: Pushing release fence in fenece wait queue.
06-14 17:30:15.002  1265 21368 I SDM     : HWCSession::ProcessRequests: Creating AsyncFenceWaits async thread.
06-14 17:30:15.003  1265 21368 I SDM     : HWCSession::ProcessRequests: Remove current CWB request from the pending request queue.
06-14 17:30:15.003  1265 21368 I SDM     : HWCSession::ProcessRequests: No pending cwb requests found in the queue.
06-14 17:30:15.009  1265  1584 I SDM     : HWDeviceDRM::SetupConcurrentWriteback: Tear down the Concurrent Writeback topology
06-14 17:30:15.015  1265 21369 I SDM     : HWCSession::NotifyCWBStatus: Notify the client about buffer status 0.
06-14 17:30:15.016  1265 21369 I SDM     : HWCSession::PerformFenceWaits: Remove current release fence from the pending fence wait queue.
06-14 17:30:15.016  1265 21369 I SDM     : HWCSession::PerformFenceWaits: CWB fence queue is empty. No pending release fence to wait on.
06-14 17:30:15.037 19380 19389 I tomator2.serve: This is sticky GC, maxfree is 8388608 minfree is 2097152
06-14 17:30:15.044 19380 19409 I appium  : Took 0ms to retrieve 1 matches for '//*[@class="android.widget.Toast"]' XPath query
06-14 17:30:15.045 19380 19409 I appium  : AppiumResponse: {"sessionId":"894ce2d8-ad4e-487d-b469-10b66a201f99","value":{"ELEMENT":"191a4435-a7ee-4a10-ba50-c72a37b06ebe","element-6066-11e4-a52e-4f735466cecf":"191a4435-a7ee-4a10-ba50-c72a37b06ebe"}}
06-14 17:30:15.054 19380 19409 I appium  : channel read: GET /wd/hub/session/894ce2d8-ad4e-487d-b469-10b66a201f99/element/191a4435-a7ee-4a10-ba50-c72a37b06ebe/attribute/text
06-14 17:30:15.054 19380 19409 I appium  : GetElementAttribute command
06-14 17:30:15.059 16540 16549 I atcher:autofil: This is non sticky GC, maxfree is 8388608 minfree is 2097152
06-14 17:30:15.196  2018  3127 D libsensor-displayalgo: the value of  brightness:438.000000,R:83161860.091973,G:83161860.091973,B:83161860.091973,EVENT_C:7219.000000,EVENT_R:2714.500000,EVENT_G:3711.500000,EVENT_B:1460.000000
06-14 17:30:15.196  2018  3127 I libsensor-displayalgo: the value of  Coef1:1107.681000,Coef4:2.383000, scale1:0.935522, scale4:0.923264
06-14 17:30:15.196  2018  3127 E libsensor-displayalgo: RGB_test_0407_400_oldzy!
06-14 17:30:15.196  2018  3127 I libsensor-displayalgo: the value of  RESULT3273.639703,1289.339135,1580.357804,594.090241
06-14 17:30:15.196  2018  3127 I libsensor-displayalgo: the value of  getChannelDataCalibrated3432.232516,1194.176557,1836.856480,648.409521
06-14 17:30:15.197  2018  3127 I libsensor-displayalgo: the value of  REAL LUX229.297455
06-14 17:30:15.197  2018  3127 I libsensor-displayalgo: the value of  CAL REAL LUX229.297455
06-14 17:30:15.210 19380 19409 W QueryController: Could not detect idle state.
06-14 17:30:15.211 19380 19409 I appium  : The element identified by '191a4435-a7ee-4a10-ba50-c72a37b06ebe' has been reported as stale (null). Trying to restore it
06-14 17:30:15.211 19380 19409 I appium  : The following attributes will be included to the page source: [class]
06-14 17:30:15.224  5294  5333 W MiuiPerfServiceClient: interceptAndQueuing:19428|cn.missevan|114|98|14501526713060|Slow handle traversal|2
06-14 17:30:15.296  1265  2358 I vendor.qti.hardware.display.composer-service: FrameNotifyProcess Sensor: notify citsensorservice to trigger cwb
06-14 17:30:15.297  2018  2108 I libcitsensorservice@2.0-impl: msg_transfer
06-14 17:30:15.297  2018  3098 D vendor.xiaomi.sensor.citsensorservice@2.0-service: handle id:9 wxh:1280x2400 uwxuh:1080x2400 size: 9216000 fd:15 fd_meta:16 flags:0x4000228 usage:0x33  format:0x3 layer_count: 1
06-14 17:30:15.298  1265  1890 I SDM     : HWCSession::SetCWBOutputBuffer: CWB config passed by cwb_client : tappoint 1  CWB_ROI : (829.000000 4.000000 915.000000 90.000000)
06-14 17:30:15.302  1265 21370 I SDM     : HWCSession::ProcessRequests: Successfully configured CWB buffer.
06-14 17:30:15.307  1265 21370 I SDM     : HWCSession::ProcessRequests: Pushing release fence in fenece wait queue.
06-14 17:30:15.307  1265 21370 I SDM     : HWCSession::ProcessRequests: Creating AsyncFenceWaits async thread.
06-14 17:30:15.307  1265 21370 I SDM     : HWCSession::ProcessRequests: Remove current CWB request from the pending request queue.
06-14 17:30:15.307  1265 21370 I SDM     : HWCSession::ProcessRequests: No pending cwb requests found in the queue.
06-14 17:30:15.313  1265  1584 I SDM     : HWDeviceDRM::SetupConcurrentWriteback: Tear down the Concurrent Writeback topology
06-14 17:30:15.319 19380 19409 I appium  : Adding toast message to root: 删除成功
06-14 17:30:15.320  1265 21371 I SDM     : HWCSession::NotifyCWBStatus: Notify the client about buffer status 0.
06-14 17:30:15.320  1265 21371 I SDM     : HWCSession::PerformFenceWaits: Remove current release fence from the pending fence wait queue.
06-14 17:30:15.320  1265 21371 I SDM     : HWCSession::PerformFenceWaits: CWB fence queue is empty. No pending release fence to wait on.
06-14 17:30:15.368 19380 19409 I appium  : Took 0ms to retrieve 1 matches for '//*[@class="android.widget.Toast"]' XPath query
06-14 17:30:15.369 19380 19409 I appium  : AppiumResponse: {"sessionId":"894ce2d8-ad4e-487d-b469-10b66a201f99","value":"删除成功"}
06-14 17:30:15.380 19380 19409 I appium  : channel read: POST /wd/hub/session/894ce2d8-ad4e-487d-b469-10b66a201f99/element
06-14 17:30:15.381 19380 19409 I appium  : FindElement command
06-14 17:30:15.382 19380 19409 I appium  : method: 'id', selector: 'cn.missevan:id/more'
06-14 17:30:15.382 19380 19409 I appium  : Waiting up to 100ms for the device to idle
06-14 17:30:15.496  2018  3127 D libsensor-displayalgo: the value of  brightness:438.000000,R:83161860.091973,G:83161860.091973,B:83161860.091973,EVENT_C:7214.500000,EVENT_R:2715.500000,EVENT_G:3708.500000,EVENT_B:1458.500000
06-14 17:30:15.496  2018  3127 I libsensor-displayalgo: the value of  Coef1:1107.681000,Coef4:2.383000, scale1:0.935522, scale4:0.923264
06-14 17:30:15.496  2018  3127 E libsensor-displayalgo: RGB_test_0407_400_oldzy!
06-14 17:30:15.496  2018  3127 I libsensor-displayalgo: the value of  RESULT3273.639703,1289.339135,1580.357804,594.090241
06-14 17:30:15.496  2018  3127 I libsensor-displayalgo: the value of  getChannelDataCalibrated3432.232516,1194.176557,1836.856480,648.409521
06-14 17:30:15.496  2018  3127 I libsensor-displayalgo: the value of  REAL LUX228.927521
06-14 17:30:15.496  2018  3127 I libsensor-displayalgo: the value of  CAL REAL LUX228.927521
06-14 17:30:15.502 19380 19409 W QueryController: Could not detect idle state.
06-14 17:30:15.542 19380 19409 I appium  : AppiumResponse: {"sessionId":"894ce2d8-ad4e-487d-b469-10b66a201f99","value":{"ELEMENT":"00000000-0000-0286-ffff-ffff00000f6f","element-6066-11e4-a52e-4f735466cecf":"00000000-0000-0286-ffff-ffff00000f6f"}}
06-14 17:30:15.555 19380 19409 I appium  : channel read: POST /wd/hub/session/894ce2d8-ad4e-487d-b469-10b66a201f99/element/00000000-0000-0286-ffff-ffff00000f6f/click
06-14 17:30:15.556 19380 19409 I appium  : Click command
06-14 17:30:15.651  1265  2358 I vendor.qti.hardware.display.composer-service: FrameNotifyProcess Sensor: notify citsensorservice to trigger cwb
06-14 17:30:15.651  2018  2018 I libcitsensorservice@2.0-impl: msg_transfer
06-14 17:30:15.652  2018  3098 D vendor.xiaomi.sensor.citsensorservice@2.0-service: handle id:9 wxh:1280x2400 uwxuh:1080x2400 size: 9216000 fd:15 fd_meta:16 flags:0x4000228 usage:0x33  format:0x3 layer_count: 1
06-14 17:30:15.652  1265  1890 I SDM     : HWCSession::SetCWBOutputBuffer: CWB config passed by cwb_client : tappoint 1  CWB_ROI : (829.000000 4.000000 915.000000 90.000000)
06-14 17:30:15.655  1265 21374 I SDM     : HWCSession::ProcessRequests: Successfully configured CWB buffer.
06-14 17:30:15.660  1265 21374 I SDM     : HWCSession::ProcessRequests: Pushing release fence in fenece wait queue.
06-14 17:30:15.660  1265 21374 I SDM     : HWCSession::ProcessRequests: Creating AsyncFenceWaits async thread.
06-14 17:30:15.661  1265 21374 I SDM     : HWCSession::ProcessRequests: Remove current CWB request from the pending request queue.
06-14 17:30:15.661  1265 21374 I SDM     : HWCSession::ProcessRequests: No pending cwb requests found in the queue.
06-14 17:30:15.666  1265  1584 I SDM     : HWDeviceDRM::SetupConcurrentWriteback: Tear down the Concurrent Writeback topology
06-14 17:30:15.674  1265 21375 I SDM     : HWCSession::NotifyCWBStatus: Notify the client about buffer status 0.
06-14 17:30:15.674  1265 21375 I SDM     : HWCSession::PerformFenceWaits: Remove current release fence from the pending fence wait queue.
06-14 17:30:15.674  1265 21375 I SDM     : HWCSession::PerformFenceWaits: CWB fence queue is empty. No pending release fence to wait on.
06-14 17:30:15.701 19380 19409 W QueryController: Could not detect idle state.
06-14 17:30:15.796  2018  3127 D libsensor-displayalgo: the value of  brightness:438.000000,R:83161860.091973,G:83161860.091973,B:83161860.091973,EVENT_C:7211.500000,EVENT_R:2711.500000,EVENT_G:3707.000000,EVENT_B:1460.000000
06-14 17:30:15.796  2018  3127 I libsensor-displayalgo: the value of  Coef1:1107.681000,Coef4:2.383000, scale1:0.935522, scale4:0.923264
06-14 17:30:15.796  2018  3127 E libsensor-displayalgo: RGB_test_0407_400_oldzy!
06-14 17:30:15.797  2018  3127 I libsensor-displayalgo: the value of  RESULT3273.639703,1289.339135,1580.357804,594.090241
06-14 17:30:15.797  2018  3127 I libsensor-displayalgo: the value of  getChannelDataCalibrated3432.232516,1194.176557,1836.856480,648.409521
06-14 17:30:15.797  2018  3127 I libsensor-displayalgo: the value of  REAL LUX228.676483
06-14 17:30:15.797  2018  3127 I libsensor-displayalgo: the value of  CAL REAL LUX228.676483
06-14 17:30:15.834  4233  4233 D MiPlayDetailViewModel: onPositionChange(): position = 24011
06-14 17:30:15.834  5809 21096 I SafeBinderCall: onPositionChange binder cost:1
06-14 17:30:15.905 19380 19409 W QueryController: Could not detect idle state.
06-14 17:30:15.953  2431  6206 D MIUIInput: Input event injection from pid 19365, MotionEvent: DOWN
06-14 17:30:15.954  1265  2358 I vendor.qti.hardware.display.composer-service: FrameNotifyProcess Sensor: notify citsensorservice to trigger cwb
06-14 17:30:15.954  2018  2018 I libcitsensorservice@2.0-impl: msg_transfer
06-14 17:30:15.954  2431  2938 D MIUIInput: [MotionEvent] publisher action=0x4, 14502780, channel '7c87e50 NavigationBar0 (server)'
06-14 17:30:15.954  2018  3098 D vendor.xiaomi.sensor.citsensorservice@2.0-service: handle id:9 wxh:1280x2400 uwxuh:1080x2400 size: 9216000 fd:15 fd_meta:16 flags:0x4000228 usage:0x33  format:0x3 layer_count: 1
06-14 17:30:15.955  1265  1890 I SDM     : HWCSession::SetCWBOutputBuffer: CWB config passed by cwb_client : tappoint 1  CWB_ROI : (829.000000 4.000000 915.000000 90.000000)
06-14 17:30:15.955  2431  2938 D MIUIInput: [MotionEvent] publisher action=0x0, 14502780, channel '697bc7c cn.missevan/cn.missevan.activity.MainActivity (server)'
06-14 17:30:15.956 19428 19428 D MIUIInput: [MotionEvent] ViewRootImpl windowName 'cn.missevan/cn.missevan.activity.MainActivity', { action=ACTION_DOWN, id[0]=0, pointerCount=1, eventTime=14502780, downTime=14502779, phoneEventTime=17:30:15.942 } moveCount:0
06-14 17:30:15.958  1265 21378 I SDM     : HWCSession::ProcessRequests: Successfully configured CWB buffer.
06-14 17:30:15.962  2431  6206 D MIUIInput: Input event injection from pid 19365, MotionEvent: UP
06-14 17:30:15.962  2431  2938 D MIUIInput: [MotionEvent] publisher action=0x1, 14502780, channel '697bc7c cn.missevan/cn.missevan.activity.MainActivity (server)'
06-14 17:30:15.964 19428 19428 D MIUIInput: [MotionEvent] ViewRootImpl windowName 'cn.missevan/cn.missevan.activity.MainActivity', { action=ACTION_UP, id[0]=0, pointerCount=1, eventTime=14502780, downTime=14502779, phoneEventTime=17:30:15.942 } moveCount:0
06-14 17:30:15.964 19428 19428 E cn.missevan: No package ID ff found for ID 0xffffffff.
06-14 17:30:15.969  1265 21378 I SDM     : HWCSession::ProcessRequests: Pushing release fence in fenece wait queue.
06-14 17:30:15.970  1265 21378 I SDM     : HWCSession::ProcessRequests: Creating AsyncFenceWaits async thread.
06-14 17:30:15.970  1265 21378 I SDM     : HWCSession::ProcessRequests: Remove current CWB request from the pending request queue.
06-14 17:30:15.970  1265 21378 I SDM     : HWCSession::ProcessRequests: No pending cwb requests found in the queue.
06-14 17:30:15.975 19428 19428 D IS_CTS_MODE: true
06-14 17:30:15.975 19428 19428 D MULTI_WINDOW_SWITCH_ENABLED: false
06-14 17:30:15.978  1265 21379 I SDM     : HWCSession::NotifyCWBStatus: Notify the client about buffer status 0.
06-14 17:30:15.979  1265  1584 I SDM     : HWDeviceDRM::SetupConcurrentWriteback: Tear down the Concurrent Writeback topology
06-14 17:30:15.980  1265 21379 I SDM     : HWCSession::PerformFenceWaits: Remove current release fence from the pending fence wait queue.
06-14 17:30:15.980  1265 21379 I SDM     : HWCSession::PerformFenceWaits: CWB fence queue is empty. No pending release fence to wait on.
06-14 17:30:15.981 19380 19409 I appium  : Waiting up to 100ms for the device to idle
06-14 17:30:15.982 19428 19428 D DecorView[]: updateDecorCaptionStatus displayWindowDecor is false
06-14 17:30:15.999  2431  4925 I WindowManagerService: Physical orientation applied, rotation=0 sfOrientation=ORIENTATION_0
06-14 17:30:16.015 19428 19428 D DecorView[MainActivity]: onWindowFocusChanged hasWindowFocus false
06-14 17:30:16.033 19428 19428 D DecorView[]: onWindowFocusChanged hasWindowFocus true
06-14 17:30:16.033 19428 19428 I HandWritingStubImpl: refreshLastKeyboardType: 1
06-14 17:30:16.033 19428 19428 I HandWritingStubImpl: getCurrentKeyboardType: 1
06-14 17:30:16.037 19428 19428 I HandWritingStubImpl: isKeyboardTypeChanged: false
06-14 17:30:16.038 13581 13581 E BaseInputMethodService: onFinishInput
06-14 17:30:16.038 13581 13581 E BaseInputMethodService: onStartInput
06-14 17:30:16.046 13581 13581 E BaseInputMethodService: onComputeInsets
06-14 17:30:16.064 13581 21242 D BLASTBufferQueue: releaseBufferCallback ReleaseCallbackId: bufferId:58329950847207 framenumber:6
06-14 17:30:16.096  2018  3127 D libsensor-displayalgo: the value of  brightness:438.000000,R:83161860.091973,G:83161860.091973,B:83161860.091973,EVENT_C:7207.500000,EVENT_R:2711.500000,EVENT_G:3707.000000,EVENT_B:1457.500000
06-14 17:30:16.096  2018  3127 I libsensor-displayalgo: the value of  Coef1:1107.681000,Coef4:2.383000, scale1:0.935522, scale4:0.923264
06-14 17:30:16.096  2018  3127 E libsensor-displayalgo: RGB_test_0407_400_oldzy!
06-14 17:30:16.098  2018  3127 I libsensor-displayalgo: the value of  RESULT3273.639703,1289.339135,1580.357804,594.090241
06-14 17:30:16.099  2018  3127 I libsensor-displayalgo: the value of  getChannelDataCalibrated3432.232516,1194.176557,1836.856480,648.409521
06-14 17:30:16.099  2018  3127 I libsensor-displayalgo: the value of  REAL LUX228.597260
06-14 17:30:16.099  2018  3127 I libsensor-displayalgo: the value of  CAL REAL LUX228.597260
06-14 17:30:16.367  1265  2358 I vendor.qti.hardware.display.composer-service: FrameNotifyProcess Sensor: notify citsensorservice to trigger cwb
06-14 17:30:16.367  2018  2018 I libcitsensorservice@2.0-impl: msg_transfer
06-14 17:30:16.367  2018  3098 D vendor.xiaomi.sensor.citsensorservice@2.0-service: handle id:9 wxh:1280x2400 uwxuh:1080x2400 size: 9216000 fd:15 fd_meta:16 flags:0x4000228 usage:0x33  format:0x3 layer_count: 1
06-14 17:30:16.368  1265  1890 I SDM     : HWCSession::SetCWBOutputBuffer: CWB config passed by cwb_client : tappoint 1  CWB_ROI : (829.000000 4.000000 915.000000 90.000000)
06-14 17:30:16.370  1265 21382 I SDM     : HWCSession::ProcessRequests: Successfully configured CWB buffer.
06-14 17:30:16.384  1265 21382 I SDM     : HWCSession::ProcessRequests: Pushing release fence in fenece wait queue.
06-14 17:30:16.384  1265 21382 I SDM     : HWCSession::ProcessRequests: Creating AsyncFenceWaits async thread.
06-14 17:30:16.385  1265 21382 I SDM     : HWCSession::ProcessRequests: Remove current CWB request from the pending request queue.
06-14 17:30:16.385  1265 21382 I SDM     : HWCSession::ProcessRequests: No pending cwb requests found in the queue.
06-14 17:30:16.391  1265  1584 I SDM     : HWDeviceDRM::SetupConcurrentWriteback: Tear down the Concurrent Writeback topology
06-14 17:30:16.395  2018  3127 D libsensor-displayalgo: the value of  brightness:438.000000,R:83161860.091973,G:83161860.091973,B:83161860.091973,EVENT_C:7207.500000,EVENT_R:2711.500000,EVENT_G:3707.000000,EVENT_B:1457.500000
06-14 17:30:16.396  2018  3127 I libsensor-displayalgo: the value of  Coef1:1107.681000,Coef4:2.383000, scale1:0.935522, scale4:0.923264
06-14 17:30:16.396  2018  3127 E libsensor-displayalgo: RGB_test_0407_400_oldzy!
06-14 17:30:16.396  2018  3127 I libsensor-displayalgo: the value of  RESULT3273.639703,1289.339135,1580.357804,594.090241
06-14 17:30:16.396  2018  3127 I libsensor-displayalgo: the value of  getChannelDataCalibrated3432.232516,1194.176557,1836.856480,648.409521
06-14 17:30:16.396  2018  3127 I libsensor-displayalgo: the value of  REAL LUX228.597260
06-14 17:30:16.396  2018  3127 I libsensor-displayalgo: the value of  CAL REAL LUX228.597260
06-14 17:30:16.398  1265 21383 I SDM     : HWCSession::NotifyCWBStatus: Notify the client about buffer status 0.
06-14 17:30:16.398  1265 21383 I SDM     : HWCSession::PerformFenceWaits: Remove current release fence from the pending fence wait queue.
06-14 17:30:16.398  1265 21383 I SDM     : HWCSession::PerformFenceWaits: CWB fence queue is empty. No pending release fence to wait on.
06-14 17:30:16.507 19380 19409 W QueryController: Could not detect idle state.
06-14 17:30:16.513 19380 19409 I appium  : AppiumResponse: {"sessionId":"894ce2d8-ad4e-487d-b469-10b66a201f99","value":null}
06-14 17:30:16.543 19380 19409 I appium  : channel read: POST /wd/hub/session/894ce2d8-ad4e-487d-b469-10b66a201f99/element
06-14 17:30:16.544 19380 19409 I appium  : FindElement command
06-14 17:30:16.546 19380 19409 I appium  : method: 'id', selector: 'cn.missevan:id/report_comment'
06-14 17:30:16.546 19380 19409 I appium  : Waiting up to 100ms for the device to idle
06-14 17:30:16.576 19380 19409 I appium  : AppiumResponse: {"sessionId":"894ce2d8-ad4e-487d-b469-10b66a201f99","value":{"ELEMENT":"00000000-0000-02b2-ffff-ffff000010c5","element-6066-11e4-a52e-4f735466cecf":"00000000-0000-02b2-ffff-ffff000010c5"}}
06-14 17:30:16.588 19380 19409 I appium  : channel read: POST /wd/hub/session/894ce2d8-ad4e-487d-b469-10b66a201f99/element/00000000-0000-02b2-ffff-ffff000010c5/click
06-14 17:30:16.589 19380 19409 I appium  : Click command
06-14 17:30:16.612  2431  4925 D MIUIInput: Input event injection from pid 19365, MotionEvent: DOWN
06-14 17:30:16.613  2431  2938 D MIUIInput: [MotionEvent] publisher action=0x4, 14503441, channel '7c87e50 NavigationBar0 (server)'
06-14 17:30:16.613  2431  2938 D MIUIInput: [MotionEvent] publisher action=0x0, 14503441, channel 'd3bf7d9 cn.missevan/cn.missevan.activity.MainActivity (server)'
06-14 17:30:16.614 19428 19428 D MIUIInput: [MotionEvent] ViewRootImpl windowName 'cn.missevan/cn.missevan.activity.MainActivity', { action=ACTION_DOWN, id[0]=0, pointerCount=1, eventTime=14503441, downTime=14503440, phoneEventTime=17:30:16.603 } moveCount:0
06-14 17:30:16.620  2431  4925 D MIUIInput: Input event injection from pid 19365, MotionEvent: UP
06-14 17:30:16.622  2431  2938 D MIUIInput: [MotionEvent] publisher action=0x1, 14503441, channel 'd3bf7d9 cn.missevan/cn.missevan.activity.MainActivity (server)'
06-14 17:30:16.622 19428 19428 D MIUIInput: [MotionEvent] ViewRootImpl windowName 'cn.missevan/cn.missevan.activity.MainActivity', { action=ACTION_UP, id[0]=0, pointerCount=1, eventTime=14503441, downTime=14503440, phoneEventTime=17:30:16.603 } moveCount:0
06-14 17:30:16.630 19380 19409 I appium  : Waiting up to 100ms for the device to idle
06-14 17:30:16.631  2431  4925 W InputManager-JNI: Input channel object 'd3bf7d9 cn.missevan/cn.missevan.activity.MainActivity (client)' was disposed without first being removed with the input manager!
06-14 17:30:16.636 19380 19409 I appium  : AppiumResponse: {"sessionId":"894ce2d8-ad4e-487d-b469-10b66a201f99","value":null}
06-14 17:30:16.646 19428 19428 D IS_CTS_MODE: true
06-14 17:30:16.647 19428 19428 D MULTI_WINDOW_SWITCH_ENABLED: false
06-14 17:30:16.647 19380 19409 I appium  : channel read: POST /wd/hub/session/894ce2d8-ad4e-487d-b469-10b66a201f99/element
06-14 17:30:16.647 19380 19409 I appium  : FindElement command
06-14 17:30:16.648 19380 19409 I appium  : method: 'id', selector: 'cn.missevan:id/confirm'
06-14 17:30:16.648 19380 19409 I appium  : Waiting up to 100ms for the device to idle
06-14 17:30:16.671  1265  2358 I vendor.qti.hardware.display.composer-service: FrameNotifyProcess Sensor: notify citsensorservice to trigger cwb
06-14 17:30:16.671  2018  2018 I libcitsensorservice@2.0-impl: msg_transfer
06-14 17:30:16.671  2018  3098 D vendor.xiaomi.sensor.citsensorservice@2.0-service: handle id:9 wxh:1280x2400 uwxuh:1080x2400 size: 9216000 fd:15 fd_meta:16 flags:0x4000228 usage:0x33  format:0x3 layer_count: 1
06-14 17:30:16.672  1265  1890 I SDM     : HWCSession::SetCWBOutputBuffer: CWB config passed by cwb_client : tappoint 1  CWB_ROI : (829.000000 4.000000 915.000000 90.000000)
06-14 17:30:16.672  1265 21385 I SDM     : HWCSession::ProcessRequests: Successfully configured CWB buffer.
06-14 17:30:16.680  1265 21385 I SDM     : HWCSession::ProcessRequests: Pushing release fence in fenece wait queue.
06-14 17:30:16.681  1265 21385 I SDM     : HWCSession::ProcessRequests: Creating AsyncFenceWaits async thread.
06-14 17:30:16.682  1265 21385 I SDM     : HWCSession::ProcessRequests: Remove current CWB request from the pending request queue.
06-14 17:30:16.683  1265 21385 I SDM     : HWCSession::ProcessRequests: No pending cwb requests found in the queue.
06-14 17:30:16.687  1265  1584 I SDM     : HWDeviceDRM::SetupConcurrentWriteback: Tear down the Concurrent Writeback topology
06-14 17:30:16.690  2431  6206 I WindowManagerService: Physical orientation applied, rotation=0 sfOrientation=ORIENTATION_0
06-14 17:30:16.695  1265 21387 I SDM     : HWCSession::NotifyCWBStatus: Notify the client about buffer status 0.
06-14 17:30:16.698  1265 21387 I SDM     : HWCSession::PerformFenceWaits: Remove current release fence from the pending fence wait queue.
06-14 17:30:16.698  2018  3127 D libsensor-displayalgo: the value of  brightness:438.000000,R:16891279.626345,G:16863887.893350,B:17040011.857215,EVENT_C:4955.500000,EVENT_R:1958.500000,EVENT_G:2479.500000,EVENT_B:987.000000
06-14 17:30:16.698  2018  3127 I libsensor-displayalgo: the value of  Coef1:1107.681000,Coef4:2.383000, scale1:0.935522, scale4:0.923264
06-14 17:30:16.698  2018  3127 E libsensor-displayalgo: RGB_test_0407_400_oldzy!
06-14 17:30:16.698  1265 21387 I SDM     : HWCSession::PerformFenceWaits: CWB fence queue is empty. No pending release fence to wait on.
06-14 17:30:16.698  2018  3127 I libsensor-displayalgo: the value of  RESULT1101.579038,426.470217,561.851771,190.512433
06-14 17:30:16.698  2018  3127 I libsensor-displayalgo: the value of  getChannelDataCalibrated1154.945485,394.993622,653.042662,207.931501
06-14 17:30:16.698  2018  3127 I libsensor-displayalgo: the value of  REAL LUX229.091797
06-14 17:30:16.698  2018  3127 I libsensor-displayalgo: the value of  CAL REAL LUX229.091797
06-14 17:30:16.710 19380 19409 W ByMatcher: Node returned null child: android.view.accessibility.AccessibilityNodeInfo@80006f44; boundsInParent: Rect(0, 0 - 1080, 2400); boundsInScreen: Rect(0, 0 - 1080, 2400); packageName: cn.missevan; className: android.widget.FrameLayout; text: null; error: null; maxTextLength: -1; stateDescription: null; contentDescription: null; tooltipText: null; viewIdResName: null; checkable: false; checked: false; focusable: false; focused: false; selected: false; clickable: false; longClickable: false; contextClickable: false; enabled: true; password: false; scrollable: false; importantForAccessibility: true; visible: true; actions: [AccessibilityAction: ACTION_SELECT - null, AccessibilityAction: ACTION_CLEAR_SELECTION - null, AccessibilityAction: ACTION_ACCESSIBILITY_FOCUS - null, AccessibilityAction: ACTION_SHOW_ON_SCREEN - null]
06-14 17:30:16.710 19380 19409 W ByMatcher: Skipping null child (0 of 2)
06-14 17:30:16.711 19380 19409 W ByMatcher: Skipping null child (1 of 2)
06-14 17:30:16.712 19380 19409 W ByMatcher: Node returned null child: android.view.accessibility.AccessibilityNodeInfo@80006f44; boundsInParent: Rect(0, 0 - 1080, 2400); boundsInScreen: Rect(0, 0 - 1080, 2400); packageName: cn.missevan; className: android.widget.FrameLayout; text: null; error: null; maxTextLength: -1; stateDescription: null; contentDescription: null; tooltipText: null; viewIdResName: null; checkable: false; checked: false; focusable: false; focused: false; selected: false; clickable: false; longClickable: false; contextClickable: false; enabled: true; password: false; scrollable: false; importantForAccessibility: true; visible: true; actions: [AccessibilityAction: ACTION_SELECT - null, AccessibilityAction: ACTION_CLEAR_SELECTION - null, AccessibilityAction: ACTION_ACCESSIBILITY_FOCUS - null, AccessibilityAction: ACTION_SHOW_ON_SCREEN - null]
06-14 17:30:16.712 19380 19409 W ByMatcher: Skipping null child (0 of 2)
06-14 17:30:16.713 19380 19409 W ByMatcher: Skipping null child (1 of 2)
06-14 17:30:16.714 19428 19428 D DecorView[MainActivity]: onWindowFocusChanged hasWindowFocus false
06-14 17:30:16.717 19380 19409 I appium  : AppiumResponse: {"sessionId":"894ce2d8-ad4e-487d-b469-10b66a201f99","value":{"error":"no such element","message":"An element could not be located on the page using the given search parameters","stacktrace":"io.appium.uiautomator2.common.exceptions.ElementNotFoundException: An element could not be located on the page using the given search parameters\n\tat io.appium.uiautomator2.handler.FindElement.safeHandle(FindElement.java:70)\n\tat io.appium.uiautomator2.handler.request.SafeRequestHandler.handle(SafeRequestHandler.java:59)\n\tat io.appium.uiautomator2.server.AppiumServlet.handleRequest(AppiumServlet.java:266)\n\tat io.appium.uiautomator2.server.AppiumServlet.handleHttpRequest(AppiumServlet.java:260)\n\tat io.appium.uiautomator2.http.ServerHandler.channelRead(ServerHandler.java:68)\n\tat io.netty.channel.AbstractChannelHandlerContext.invokeChannelRead(AbstractChannelHandlerContext.java:366)\n\tat io.netty.channel.AbstractChannelHandlerContext.invokeChannelRead(AbstractChannelHandlerContext.java:352)\n\tat io.netty.channel.AbstractChannelHandlerContext.fireChannelRead(AbstractChannelHandlerContext.java:345)\n\tat io.netty.handler.codec.MessageToMessageDecoder.channelRead(MessageToMessageDecoder.java:102)\n\tat io.netty.channel.AbstractChannelHandlerContext.invokeChannelRead(AbstractChannelHandlerContext.java:366)\n\tat io.netty.channel.AbstractChannelHandlerContext.invokeChannelRead(AbstractChannelHandlerContext.java:352)\n\tat io.netty.channel.AbstractChannelHandlerContext.fireChannelRead(AbstractChannelHandlerContext.java:345)\n\tat io.netty.channel.CombinedChannelDuplexHandler$DelegatingChannelHandlerContext.fireChannelRead(CombinedChannelDuplexHandler.java:435)\n\tat io.netty.handler.codec.ByteToMessageDecoder.fireChannelRead(ByteToMessageDecoder.java:293)\n\tat io.netty.handler.codec.ByteToMessageDecoder.channelRead(ByteToMessageDecoder.java:267)\n\tat io.netty.channel.CombinedChannelDuplexHandler.channelRead(CombinedChannelDuplexHandler.java:250)\n\tat io.netty.channel.AbstractChannelHandlerContext.invokeChannelRead(AbstractChannelHandlerContext.java:366)\n\tat io.netty.channel.AbstractChannelHandlerContext.invokeChannelRead(AbstractChannelHandlerContext.java:352)\n\tat io.netty.channel.AbstractChannelHandlerContext.fireChannelRead(AbstractChannelHandlerContext.java:345)\n\tat io.netty.handler.timeout.IdleStateHandler.channelRead(IdleStateHandler.java:266)\n\tat io.netty.channel.AbstractChannelHandlerContext.invokeChannelRead(AbstractChannelHandlerContext.java:366)\n\tat io.netty.channel.AbstractChannelHandlerContext.invokeChannelRead(AbstractChannelHandlerContext.java:352)\n\tat io.netty.channel.AbstractChannelHandlerContext.fireChannelRead(AbstractChannelHandlerContext.java:345)\n\tat io.netty.channel.DefaultChannelPipeline$HeadContext.channelRead(DefaultChannelPipeline.java:1294)\n\tat io.netty.channel.AbstractChannelHandlerContext.invokeChannelRead(AbstractChannelHandlerContext.java:366)\n\tat io.netty.channel.AbstractChannelHandlerContext.invokeChannelRead(AbstractChannelHandlerContext.java:352)\n\tat io.netty.channel.DefaultChannelPipeline.fireChannelRead(DefaultChannelPipeline.java:911)\n\tat io.netty.channel.nio.AbstractNioByteChannel$NioByteUnsafe.read(AbstractNioByteChannel.java:131)\n\tat io.netty.channel.nio.NioEventLoop.processSelectedKey(NioEventLoop.java:611)\n\tat io.netty.channel.nio.NioEventLoop.processSelectedKeysOptimized(NioEventLoop.java:552)\n\tat io.netty.channel.nio.NioEventLoop.processSelectedKeys(NioEventLoop.java:466)\n\tat io.netty.channel.nio.NioEventLoop.run(NioEventLoop.java:438)\n\tat io.netty.util.concurrent.SingleThreadEventExecutor$2.run(SingleThreadEventExecutor.java:140)\n\tat io.netty.util.concurrent.DefaultThreadFactory$DefaultRunnableDecorator.run(DefaultThreadFactory.java:144)\n\tat java.lang.Thread.run(Thread.java:920)\n"}}
06-14 17:30:16.724  2431  4925 I WindowManagerService: Physical orientation applied, rotation=0 sfOrientation=ORIENTATION_0
06-14 17:30:16.735  2431  4067 I WindowManagerService: Physical orientation applied, rotation=0 sfOrientation=ORIENTATION_0
06-14 17:30:16.736  2431  2637 W WindowManager: Unable to start animation, surface is null or no children.
06-14 17:30:16.738 19428 19428 D DecorView[]: onWindowFocusChanged hasWindowFocus true
06-14 17:30:16.739 19428 19428 I HandWritingStubImpl: refreshLastKeyboardType: 1
06-14 17:30:16.739 19428 19428 I HandWritingStubImpl: getCurrentKeyboardType: 1
06-14 17:30:16.742 13581 13581 E BaseInputMethodService: onFinishInput
06-14 17:30:16.743 13581 13581 E BaseInputMethodService: onStartInput
06-14 17:30:16.746 13581 13581 E BaseInputMethodService: onComputeInsets
06-14 17:30:16.748 19428 19428 I HandWritingStubImpl: isKeyboardTypeChanged: false
06-14 17:30:16.761  2431  4925 W InputManager-JNI: Input channel object '672a269 Toast (client)' was disposed without first being removed with the input manager!
06-14 17:30:16.764 13581 29828 D BLASTBufferQueue: releaseBufferCallback ReleaseCallbackId: bufferId:58329950847206 framenumber:7
06-14 17:30:16.770  2431  4925 W NotificationService: Toast already killed. pkg=cn.missevan token=android.os.BinderProxy@b440dc
06-14 17:30:16.833  4233  4233 D MiPlayDetailViewModel: onPositionChange(): position = 25011
06-14 17:30:16.833  5809 21096 I SafeBinderCall: onPositionChange binder cost:1
06-14 17:30:16.933  5294  5333 W MiuiPerfServiceClient: interceptAndQueuing:19428|cn.missevan|155|86|14503616440403|Slow main thread|5
06-14 17:30:16.978  1265  2358 I vendor.qti.hardware.display.composer-service: FrameNotifyProcess Sensor: notify citsensorservice to trigger cwb
06-14 17:30:16.978  2018  2108 I libcitsensorservice@2.0-impl: msg_transfer
06-14 17:30:16.978  2018  3098 D vendor.xiaomi.sensor.citsensorservice@2.0-service: handle id:9 wxh:1280x2400 uwxuh:1080x2400 size: 9216000 fd:15 fd_meta:16 flags:0x4000228 usage:0x33  format:0x3 layer_count: 1
06-14 17:30:16.979  1265  1889 I SDM     : HWCSession::SetCWBOutputBuffer: CWB config passed by cwb_client : tappoint 1  CWB_ROI : (829.000000 4.000000 915.000000 90.000000)
06-14 17:30:16.980  1265 21390 I SDM     : HWCSession::ProcessRequests: Successfully configured CWB buffer.
06-14 17:30:16.988  1265 21390 I SDM     : HWCSession::ProcessRequests: Pushing release fence in fenece wait queue.
06-14 17:30:16.989  1265 21390 I SDM     : HWCSession::ProcessRequests: Creating AsyncFenceWaits async thread.
06-14 17:30:16.989  1265 21390 I SDM     : HWCSession::ProcessRequests: Remove current CWB request from the pending request queue.
06-14 17:30:16.990  1265 21390 I SDM     : HWCSession::ProcessRequests: No pending cwb requests found in the queue.
06-14 17:30:16.993  1265  1584 I SDM     : HWDeviceDRM::SetupConcurrentWriteback: Tear down the Concurrent Writeback topology
06-14 17:30:16.996  2018  3127 D libsensor-displayalgo: the value of  brightness:438.000000,R:23310602.628748,G:23202664.187722,B:23457866.705807,EVENT_C:5752.000000,EVENT_R:2231.000000,EVENT_G:2910.500000,EVENT_B:1148.000000
06-14 17:30:16.996  2018  3127 I libsensor-displayalgo: the value of  Coef1:1107.681000,Coef4:2.383000, scale1:0.935522, scale4:0.923264
06-14 17:30:16.996  2018  3127 E libsensor-displayalgo: RGB_test_0407_400_oldzy!
06-14 17:30:16.997  2018  3127 I libsensor-displayalgo: the value of  RESULT1369.721292,532.865181,695.026536,238.036711
06-14 17:30:16.997  2018  3127 I libsensor-displayalgo: the value of  getChannelDataCalibrated1436.078000,493.535866,807.832248,259.801052
06-14 17:30:16.997  2018  3127 I libsensor-displayalgo: the value of  REAL LUX262.607544
06-14 17:30:16.997  2018  3127 I libsensor-displayalgo: the value of  CAL REAL LUX262.607544
06-14 17:30:17.003  1265 21391 I SDM     : HWCSession::NotifyCWBStatus: Notify the client about buffer status 0.
06-14 17:30:17.003  1265 21391 I SDM     : HWCSession::PerformFenceWaits: Remove current release fence from the pending fence wait queue.
06-14 17:30:17.003  1265 21391 I SDM     : HWCSession::PerformFenceWaits: CWB fence queue is empty. No pending release fence to wait on.
06-14 17:30:17.190 19614 20699 D AudioTrack: [audioTrackData][fine] 5s(f:5040 m:2311 s:244 k:0) : pid 19614 uid 10486 sessionId 649 sr 44100 ch 2 fmt 1
06-14 17:30:17.234  2431  3408 I BatteryService: current mPlugType2current mHealthInfo.batteryLevel100current mHealthInfo.batteryTemperature350
06-14 17:30:17.239  5858  7526 D ThermalIECHandler: storeDataStyle: thermal_iec_monitor_persistence_data_style_iec_state; startIECTime: -1; IECScreenOffOverPeriodTime: 15568078
06-14 17:30:17.239  4190  4190 D DynamicService:  ACTION_BATTERY_CHANGED change,USB plug = 2
06-14 17:30:17.242  4145  4145 D QtiCarrierConfigHelper: WARNING, no carrier configs on phone Id: 1
06-14 17:30:17.246  2431  2647 I android_os_HwBinder: HwBinder: Starting thread pool for getting: vendor.xiaomi.hardware.micharge@1.0::IMiCharge/default
06-14 17:30:17.246  5735  5735 I BatteryInfoReceiver: ACTION_BATTERY_CHANGED
06-14 17:30:17.246  1322  1322 E vendor.xiaomi.hardware.micharge@1.0-service: Failed to open node /sys/class/qcom-battery/reverse_chg_mode
06-14 17:30:17.246  1322  1322 I vendor.xiaomi.hardware.micharge@1.0-service: ReadFilePathValue path = /sys/class/qcom-battery/reverse_chg_mode value =
06-14 17:30:17.247  5735  5735 I PowerNoticeUI: handleBatteryChanged oldPlugType 2 mPlugType 2 oldBatteryLevel 100 mBatteryLevel 100 temperature 350
06-14 17:30:17.247  5858  6736 D PowerKeeper.FrozenApp: onBatteryChanged plug=true mBatteryPlugged=2
06-14 17:30:17.249  5858  7667 D PowerKeeper.Thermal: mBatteryTemperature: 35
06-14 17:30:17.249  5858  7218 D PowerCheckerService: onBatteryChanged, mBatteryLevel = 100, status = 2, level = 100, plug = 2, scale = 100
06-14 17:30:17.252 19380 19409 I appium  : channel read: POST /wd/hub/session/894ce2d8-ad4e-487d-b469-10b66a201f99/element
06-14 17:30:17.252 19380 19409 I appium  : FindElement command
06-14 17:30:17.255 19380 19409 I appium  : method: 'id', selector: 'cn.missevan:id/confirm'
06-14 17:30:17.256 19380 19409 I appium  : Waiting up to 100ms for the device to idle
06-14 17:30:17.258  4176  4176 V DeviceStatisticsService: chargerType=2 batteryLevel=100 totalBatteryCapacity=4275000
06-14 17:30:17.259  2431  2647 I android_os_HwBinder: HwBinder: Starting thread pool for getting: vendor.xiaomi.hardware.micharge@1.0::IMiCharge/default
06-14 17:30:17.259  1322  1322 I vendor.xiaomi.hardware.micharge@1.0-service: ReadFilePathValue path = /sys/class/qcom-battery/fastchg_mode value = 0
06-14 17:30:17.264 19380 19409 I appium  : AppiumResponse: {"sessionId":"894ce2d8-ad4e-487d-b469-10b66a201f99","value":{"ELEMENT":"00000000-0000-02b3-ffff-ffff000010e1","element-6066-11e4-a52e-4f735466cecf":"00000000-0000-02b3-ffff-ffff000010e1"}}
06-14 17:30:17.277 19380 19409 I appium  : channel read: POST /wd/hub/session/894ce2d8-ad4e-487d-b469-10b66a201f99/element/00000000-0000-02b3-ffff-ffff000010e1/click
06-14 17:30:17.278 19380 19409 I appium  : Click command
06-14 17:30:17.296  1265  2358 I vendor.qti.hardware.display.composer-service: FrameNotifyProcess Sensor: notify citsensorservice to trigger cwb
06-14 17:30:17.296  2431  6206 D MIUIInput: Input event injection from pid 19365, MotionEvent: DOWN
06-14 17:30:17.297  2431  2938 D MIUIInput: [MotionEvent] publisher action=0x4, 14504126, channel '7c87e50 NavigationBar0 (server)'
06-14 17:30:17.298  2431  2938 D MIUIInput: [MotionEvent] publisher action=0x0, 14504126, channel '6fcbbbd cn.missevan/cn.missevan.activity.MainActivity (server)'
06-14 17:30:17.298  2018  2108 I libcitsensorservice@2.0-impl: msg_transfer
06-14 17:30:17.298  2018  3098 D vendor.xiaomi.sensor.citsensorservice@2.0-service: handle id:9 wxh:1280x2400 uwxuh:1080x2400 size: 9216000 fd:15 fd_meta:16 flags:0x4000228 usage:0x33  format:0x3 layer_count: 1
06-14 17:30:17.299 19428 19428 D MIUIInput: [MotionEvent] ViewRootImpl windowName 'cn.missevan/cn.missevan.activity.MainActivity', { action=ACTION_DOWN, id[0]=0, pointerCount=1, eventTime=14504126, downTime=14504125, phoneEventTime=17:30:17.287 } moveCount:0
06-14 17:30:17.299  1265  1889 I SDM     : HWCSession::SetCWBOutputBuffer: CWB config passed by cwb_client : tappoint 1  CWB_ROI : (829.000000 4.000000 915.000000 90.000000)
06-14 17:30:17.300  2018  3127 D libsensor-displayalgo: the value of  brightness:438.000000,R:41729582.170898,G:41737537.775561,B:41955120.917833,EVENT_C:5919.000000,EVENT_R:2289.000000,EVENT_G:3001.500000,EVENT_B:1180.500000
06-14 17:30:17.300  2018  3127 I libsensor-displayalgo: the value of  Coef1:1107.681000,Coef4:2.383000, scale1:0.935522, scale4:0.923264
06-14 17:30:17.300  2018  3127 E libsensor-displayalgo: RGB_test_0407_400_oldzy!
06-14 17:30:17.300  1265 21394 I SDM     : HWCSession::ProcessRequests: Successfully configured CWB buffer.
06-14 17:30:17.301  2018  3127 I libsensor-displayalgo: the value of  RESULT2041.447871,798.026692,1017.941416,362.694904
06-14 17:30:17.301  2018  3127 I libsensor-displayalgo: the value of  getChannelDataCalibrated2140.346647,739.126535,1183.157562,395.857081
06-14 17:30:17.301  2018  3127 I libsensor-displayalgo: the value of  REAL LUX227.238052
06-14 17:30:17.301  2018  3127 I libsensor-displayalgo: the value of  CAL REAL LUX227.238052
06-14 17:30:17.302  2431  4925 D MIUIInput: Input event injection from pid 19365, MotionEvent: UP
06-14 17:30:17.303  2431  2938 D MIUIInput: [MotionEvent] publisher action=0x1, 14504126, channel '6fcbbbd cn.missevan/cn.missevan.activity.MainActivity (server)'
06-14 17:30:17.304 19428 19428 D MIUIInput: [MotionEvent] ViewRootImpl windowName 'cn.missevan/cn.missevan.activity.MainActivity', { action=ACTION_UP, id[0]=0, pointerCount=1, eventTime=14504126, downTime=14504125, phoneEventTime=17:30:17.287 } moveCount:0
06-14 17:30:17.309  1265 21394 I SDM     : HWCSession::ProcessRequests: Pushing release fence in fenece wait queue.
06-14 17:30:17.309  1265 21394 I SDM     : HWCSession::ProcessRequests: Creating AsyncFenceWaits async thread.
06-14 17:30:17.310  1265 21394 I SDM     : HWCSession::ProcessRequests: Remove current CWB request from the pending request queue.
06-14 17:30:17.310  1265 21394 I SDM     : HWCSession::ProcessRequests: No pending cwb requests found in the queue.
06-14 17:30:17.313  1265  1584 I SDM     : HWDeviceDRM::SetupConcurrentWriteback: Tear down the Concurrent Writeback topology
06-14 17:30:17.321  2431  4925 W InputManager-JNI: Input channel object '6fcbbbd cn.missevan/cn.missevan.activity.MainActivity (client)' was disposed without first being removed with the input manager!
06-14 17:30:17.323 19380 19409 I appium  : Waiting up to 100ms for the device to idle
06-14 17:30:17.323  1265 21395 I SDM     : HWCSession::NotifyCWBStatus: Notify the client about buffer status 0.
06-14 17:30:17.323  1265 21395 I SDM     : HWCSession::PerformFenceWaits: Remove current release fence from the pending fence wait queue.
06-14 17:30:17.323  1265 21395 I SDM     : HWCSession::PerformFenceWaits: CWB fence queue is empty. No pending release fence to wait on.
06-14 17:30:17.324 19380 19409 I appium  : AppiumResponse: {"sessionId":"894ce2d8-ad4e-487d-b469-10b66a201f99","value":null}
06-14 17:30:17.339 19380 19409 I appium  : channel read: POST /wd/hub/session/894ce2d8-ad4e-487d-b469-10b66a201f99/element
06-14 17:30:17.339 19380 19409 I appium  : FindElement command
06-14 17:30:17.340 19380 19409 I appium  : method: 'xpath', selector: '//*[@class="android.widget.Toast"]'
06-14 17:30:17.340 19380 19409 I appium  : Waiting up to 100ms for the device to idle
06-14 17:30:17.347 19428 19428 D DecorView[MainActivity]: onWindowFocusChanged hasWindowFocus true
06-14 17:30:17.349 19428 19428 I HandWritingStubImpl: isKeyboardTypeChanged: false
06-14 17:30:17.349 19428 19428 I HandWritingStubImpl: refreshLastKeyboardType: 1
06-14 17:30:17.349 19428 19428 I HandWritingStubImpl: getCurrentKeyboardType: 1
06-14 17:30:17.351 13581 13581 E BaseInputMethodService: onFinishInput
06-14 17:30:17.351 13581 13581 E BaseInputMethodService: onStartInput
06-14 17:30:17.355 13581 13581 E BaseInputMethodService: onComputeInsets
06-14 17:30:17.358 19428 19428 I HandWritingStubImpl: isKeyboardTypeChanged: false
06-14 17:30:17.371 13581 13605 D BLASTBufferQueue: releaseBufferCallback ReleaseCallbackId: bufferId:58329950847204 framenumber:8
06-14 17:30:17.445 19380 19409 W QueryController: Could not detect idle state.
06-14 17:30:17.446 19380 19409 I appium  : The following attributes will be included to the page source: [class]
06-14 17:30:17.451  2431  4792 I WindowManagerService: Physical orientation applied, rotation=0 sfOrientation=ORIENTATION_0
06-14 17:30:17.562 19380 19409 I appium  : Adding toast message to root: 举报成功
06-14 17:30:17.568  2431  4792 I WindowManagerService: Physical orientation applied, rotation=0 sfOrientation=ORIENTATION_0
06-14 17:30:17.570 13581 13581 E BaseInputMethodService: onComputeInsets
06-14 17:30:17.595  2018  3127 D libsensor-displayalgo: the value of  brightness:438.000000,R:41729582.170898,G:41737537.775561,B:41955120.917833,EVENT_C:5931.500000,EVENT_R:2292.000000,EVENT_G:3007.500000,EVENT_B:1183.500000
06-14 17:30:17.595  2018  3127 I libsensor-displayalgo: the value of  Coef1:1107.681000,Coef4:2.383000, scale1:0.935522, scale4:0.923264
06-14 17:30:17.595  2018  3127 E libsensor-displayalgo: RGB_test_0407_400_oldzy!
06-14 17:30:17.596  2018  3127 I libsensor-displayalgo: the value of  RESULT2041.447871,798.026692,1017.941416,362.694904
06-14 17:30:17.596  2018  3127 I libsensor-displayalgo: the value of  getChannelDataCalibrated2140.346647,739.126535,1183.157562,395.857081
06-14 17:30:17.596  2018  3127 I libsensor-displayalgo: the value of  REAL LUX228.036423
06-14 17:30:17.596  2018  3127 I libsensor-displayalgo: the value of  CAL REAL LUX228.036423
06-14 17:30:17.601  1265  2358 I vendor.qti.hardware.display.composer-service: FrameNotifyProcess Sensor: notify citsensorservice to trigger cwb
06-14 17:30:17.602  2018  2108 I libcitsensorservice@2.0-impl: msg_transfer
06-14 17:30:17.602  2018  3098 D vendor.xiaomi.sensor.citsensorservice@2.0-service: handle id:9 wxh:1280x2400 uwxuh:1080x2400 size: 9216000 fd:15 fd_meta:16 flags:0x4000228 usage:0x33  format:0x3 layer_count: 1
06-14 17:30:17.603  1265  1889 I SDM     : HWCSession::SetCWBOutputBuffer: CWB config passed by cwb_client : tappoint 1  CWB_ROI : (829.000000 4.000000 915.000000 90.000000)
06-14 17:30:17.604  1265 21397 I SDM     : HWCSession::ProcessRequests: Successfully configured CWB buffer.
06-14 17:30:17.605 19380 19409 I appium  : Took 0ms to retrieve 1 matches for '//*[@class="android.widget.Toast"]' XPath query
06-14 17:30:17.606 19380 19409 I appium  : AppiumResponse: {"sessionId":"894ce2d8-ad4e-487d-b469-10b66a201f99","value":{"ELEMENT":"a22b8422-5c36-4ce5-addc-c402ccfc9a69","element-6066-11e4-a52e-4f735466cecf":"a22b8422-5c36-4ce5-addc-c402ccfc9a69"}}
06-14 17:30:17.610  1265 21397 I SDM     : HWCSession::ProcessRequests: Pushing release fence in fenece wait queue.
06-14 17:30:17.611  1265 21397 I SDM     : HWCSession::ProcessRequests: Creating AsyncFenceWaits async thread.
06-14 17:30:17.612  1265 21397 I SDM     : HWCSession::ProcessRequests: Remove current CWB request from the pending request queue.
