06-20 18:41:54.106  1308  1430 E ANDR-PERF-RESOURCEQS: Failed to reset optimization [10, 11]
06-20 18:41:54.107  1289 25107 I SDM     : HWCSession::ProcessRequests: Pushing release fence in fenece wait queue.
06-20 18:41:54.108  1289 25107 I SDM     : HWCSession::ProcessRequests: Creating AsyncFenceWaits async thread.
06-20 18:41:54.109  1289 25107 I SDM     : HWCSession::ProcessRequests: Remove current CWB request from the pending request queue.
06-20 18:41:54.109  1289 25107 I SDM     : HWCSession::ProcessRequests: No pending cwb requests found in the queue.
06-20 18:41:54.113  1289  1506 I SDM     : HWDeviceDRM::SetupConcurrentWriteback: Tear down the Concurrent Writeback topology
06-20 18:41:54.119  1289 25108 I SDM     : HWCSession::NotifyCWBStatus: Notify the client about buffer status 0.
06-20 18:41:54.120  1289 25108 I SDM     : HWCSession::PerformFenceWaits: Remove current release fence from the pending fence wait queue.
06-20 18:41:54.120  1289 25108 I SDM     : HWCSession::PerformFenceWaits: CWB fence queue is empty. No pending release fence to wait on.
06-20 18:41:54.338  2055  3327 D libsensor-displayalgo: the value of  brightness:438.000000,R:72536851.760397,G:72648098.129250,B:72595750.200933,EVENT_C:5465.500000,EVENT_R:2092.000000,EVENT_G:2791.000000,EVENT_B:1100.000000
06-20 18:41:54.338  2055  3327 I libsensor-displayalgo: the value of  Coef1:1107.681000,Coef4:2.383000, scale1:0.935522, scale4:0.923264
06-20 18:41:54.338  2055  3327 E libsensor-displayalgo: RGB_test_0407_400_oldzy!
06-20 18:41:54.338  2055  3327 I libsensor-displayalgo: the value of  RESULT2987.512537,1179.308888,1452.244713,540.827852
06-20 18:41:54.338  2055  3327 I libsensor-displayalgo: the value of  getChannelDataCalibrated3132.243803,1092.267340,1687.950099,590.277207
06-20 18:41:54.338  2055  3327 I libsensor-displayalgo: the value of  REAL LUX135.758301
06-20 18:41:54.338  2055  3327 I libsensor-displayalgo: the value of  CAL REAL LUX135.758301
06-20 18:41:54.404  1308  1430 E ANDR-PERF-UTIL: Failed to update node /sys/class/kgsl/kgsl-3d0/idle_timer with value 32
06-20 18:41:54.404  1308  1430 E ANDR-PERF-UTIL: 0
06-20 18:41:54.404  1308  1430 E ANDR-PERF-RESOURCEQS: Failed to reset optimization [10, 11]
06-20 18:41:54.470  5797  6579 D UidObserver: onUidIdle uid=10259 uidstate=100
06-20 18:41:54.491  1289  2256 I vendor.qti.hardware.display.composer-service: FrameNotifyProcess Sensor: notify citsensorservice to trigger cwb
06-20 18:41:54.492  2055  2137 I libcitsensorservice@2.0-impl: msg_transfer
06-20 18:41:54.493  2055  3319 D vendor.xiaomi.sensor.citsensorservice@2.0-service: handle id:11 wxh:1280x2400 uwxuh:1080x2400 size: 9216000 fd:15 fd_meta:16 flags:0x4000228 usage:0x33  format:0x3 layer_count: 1
06-20 18:41:54.493  1289  1865 I SDM     : HWCSession::SetCWBOutputBuffer: CWB config passed by cwb_client : tappoint 1  CWB_ROI : (829.000000 4.000000 915.000000 90.000000)
06-20 18:41:54.496  1289 25111 I SDM     : HWCSession::ProcessRequests: Successfully configured CWB buffer.
06-20 18:41:54.502  1289 25111 I SDM     : HWCSession::ProcessRequests: Pushing release fence in fenece wait queue.
06-20 18:41:54.502  1308  1430 E ANDR-PERF-UTIL: Failed to update node /sys/class/kgsl/kgsl-3d0/idle_timer with value 32
06-20 18:41:54.502  1308  1430 E ANDR-PERF-UTIL: 0
06-20 18:41:54.502  1308  1430 E ANDR-PERF-RESOURCEQS: Failed to reset optimization [10, 11]
06-20 18:41:54.502  1289 25111 I SDM     : HWCSession::ProcessRequests: Creating AsyncFenceWaits async thread.
06-20 18:41:54.503  1289 25111 I SDM     : HWCSession::ProcessRequests: Remove current CWB request from the pending request queue.
06-20 18:41:54.505  1289 25111 I SDM     : HWCSession::ProcessRequests: No pending cwb requests found in the queue.
06-20 18:41:54.507  1289  1506 I SDM     : HWDeviceDRM::SetupConcurrentWriteback: Tear down the Concurrent Writeback topology
06-20 18:41:54.514  1289 25112 I SDM     : HWCSession::NotifyCWBStatus: Notify the client about buffer status 0.
06-20 18:41:54.515  1289 25112 I SDM     : HWCSession::PerformFenceWaits: Remove current release fence from the pending fence wait queue.
06-20 18:41:54.515  1289 25112 I SDM     : HWCSession::PerformFenceWaits: CWB fence queue is empty. No pending release fence to wait on.
06-20 18:41:54.631  5419  8536 D SLM-SRV-SLAService: checktemp temperature = 36156 temperature_average = 36273 isPerformanceMode = false thermal_enable_slm = true
06-20 18:41:54.638  2055  3327 D libsensor-displayalgo: the value of  brightness:438.000000,R:72538547.892610,G:72649806.001498,B:72597443.069483,EVENT_C:5468.500000,EVENT_R:2091.000000,EVENT_G:2792.500000,EVENT_B:1101.000000
06-20 18:41:54.638  2055  3327 I libsensor-displayalgo: the value of  Coef1:1107.681000,Coef4:2.383000, scale1:0.935522, scale4:0.923264
06-20 18:41:54.638  2055  3327 E libsensor-displayalgo: RGB_test_0407_400_oldzy!
06-20 18:41:54.638  2055  3327 I libsensor-displayalgo: the value of  RESULT2987.560742,1179.328359,1452.266560,540.836993
06-20 18:41:54.639  2055  3327 I libsensor-displayalgo: the value of  getChannelDataCalibrated3132.294343,1092.285374,1687.975492,590.287184
06-20 18:41:54.639  2055  3327 I libsensor-displayalgo: the value of  REAL LUX135.991516
06-20 18:41:54.639  2055  3327 I libsensor-displayalgo: the value of  CAL REAL LUX135.991516
06-20 18:41:54.707  1308  1430 E ANDR-PERF-UTIL: Failed to update node /sys/class/kgsl/kgsl-3d0/idle_timer with value 32
06-20 18:41:54.707  1308  1430 E ANDR-PERF-UTIL: 0
06-20 18:41:54.707  1308  1430 E ANDR-PERF-RESOURCEQS: Failed to reset optimization [10, 11]
06-20 18:41:54.796  1289  2256 I vendor.qti.hardware.display.composer-service: FrameNotifyProcess Sensor: notify citsensorservice to trigger cwb
06-20 18:41:54.796  2055  2055 I libcitsensorservice@2.0-impl: msg_transfer
06-20 18:41:54.798  2055  3319 D vendor.xiaomi.sensor.citsensorservice@2.0-service: handle id:11 wxh:1280x2400 uwxuh:1080x2400 size: 9216000 fd:15 fd_meta:16 flags:0x4000228 usage:0x33  format:0x3 layer_count: 1
06-20 18:41:54.798  1289  1865 I SDM     : HWCSession::SetCWBOutputBuffer: CWB config passed by cwb_client : tappoint 1  CWB_ROI : (829.000000 4.000000 915.000000 90.000000)
06-20 18:41:54.801  1289 25115 I SDM     : HWCSession::ProcessRequests: Successfully configured CWB buffer.
06-20 18:41:54.805  1308  1430 E ANDR-PERF-UTIL: Failed to update node /sys/class/kgsl/kgsl-3d0/idle_timer with value 32
06-20 18:41:54.805  1308  1430 E ANDR-PERF-UTIL: 0
06-20 18:41:54.805  1308  1430 E ANDR-PERF-RESOURCEQS: Failed to reset optimization [10, 11]
06-20 18:41:54.807  1289 25115 I SDM     : HWCSession::ProcessRequests: Pushing release fence in fenece wait queue.
06-20 18:41:54.807  1289 25115 I SDM     : HWCSession::ProcessRequests: Creating AsyncFenceWaits async thread.
06-20 18:41:54.807  1289 25115 I SDM     : HWCSession::ProcessRequests: Remove current CWB request from the pending request queue.
06-20 18:41:54.807  1289 25115 I SDM     : HWCSession::ProcessRequests: No pending cwb requests found in the queue.
06-20 18:41:54.812  1289  1506 I SDM     : HWDeviceDRM::SetupConcurrentWriteback: Tear down the Concurrent Writeback topology
06-20 18:41:54.819  1289 25116 I SDM     : HWCSession::NotifyCWBStatus: Notify the client about buffer status 0.
06-20 18:41:54.820  1289 25116 I SDM     : HWCSession::PerformFenceWaits: Remove current release fence from the pending fence wait queue.
06-20 18:41:54.820  1289 25116 I SDM     : HWCSession::PerformFenceWaits: CWB fence queue is empty. No pending release fence to wait on.
06-20 18:41:54.938  2055  3327 D libsensor-displayalgo: the value of  brightness:438.000000,R:72538547.892610,G:72649806.001498,B:72597443.069483,EVENT_C:5463.000000,EVENT_R:2088.500000,EVENT_G:2789.500000,EVENT_B:1100.000000
06-20 18:41:54.938  2055  3327 I libsensor-displayalgo: the value of  Coef1:1107.681000,Coef4:2.383000, scale1:0.935522, scale4:0.923264
06-20 18:41:54.938  2055  3327 E libsensor-displayalgo: RGB_test_0407_400_oldzy!
06-20 18:41:54.938  2055  3327 I libsensor-displayalgo: the value of  RESULT2987.560742,1179.328359,1452.266560,540.836993
06-20 18:41:54.938  2055  3327 I libsensor-displayalgo: the value of  getChannelDataCalibrated3132.294343,1092.285374,1687.975492,590.287184
06-20 18:41:54.938  2055  3327 I libsensor-displayalgo: the value of  REAL LUX135.642334
06-20 18:41:54.938  2055  3327 I libsensor-displayalgo: the value of  CAL REAL LUX135.642334
06-20 18:41:55.002  1308  1430 E ANDR-PERF-UTIL: Failed to update node /sys/class/kgsl/kgsl-3d0/idle_timer with value 32
06-20 18:41:55.002  1308  1430 E ANDR-PERF-UTIL: 0
06-20 18:41:55.002  1308  1430 E ANDR-PERF-RESOURCEQS: Failed to reset optimization [10, 11]
06-20 18:41:55.102  1308  1430 E ANDR-PERF-UTIL: Failed to update node /sys/class/kgsl/kgsl-3d0/idle_timer with value 32
06-20 18:41:55.102  1308  1430 E ANDR-PERF-UTIL: 0
06-20 18:41:55.102  1308  1430 E ANDR-PERF-RESOURCEQS: Failed to reset optimization [10, 11]
06-20 18:41:55.200  1289  2256 I vendor.qti.hardware.display.composer-service: FrameNotifyProcess Sensor: notify citsensorservice to trigger cwb
06-20 18:41:55.200  2055  2137 I libcitsensorservice@2.0-impl: msg_transfer
06-20 18:41:55.203  2055  3319 D vendor.xiaomi.sensor.citsensorservice@2.0-service: handle id:11 wxh:1280x2400 uwxuh:1080x2400 size: 9216000 fd:15 fd_meta:16 flags:0x4000228 usage:0x33  format:0x3 layer_count: 1
06-20 18:41:55.204  1289  1865 I SDM     : HWCSession::SetCWBOutputBuffer: CWB config passed by cwb_client : tappoint 1  CWB_ROI : (829.000000 4.000000 915.000000 90.000000)
06-20 18:41:55.206  1289 25120 I SDM     : HWCSession::ProcessRequests: Successfully configured CWB buffer.
06-20 18:41:55.209  1308  1430 E ANDR-PERF-UTIL: Failed to update node /sys/class/kgsl/kgsl-3d0/idle_timer with value 32
06-20 18:41:55.209  1308  1430 E ANDR-PERF-UTIL: 0
06-20 18:41:55.209  1308  1430 E ANDR-PERF-RESOURCEQS: Failed to reset optimization [10, 11]
06-20 18:41:55.218  1289 25120 I SDM     : HWCSession::ProcessRequests: Pushing release fence in fenece wait queue.
06-20 18:41:55.218  1289 25120 I SDM     : HWCSession::ProcessRequests: Creating AsyncFenceWaits async thread.
06-20 18:41:55.218  1289 25120 I SDM     : HWCSession::ProcessRequests: Remove current CWB request from the pending request queue.
06-20 18:41:55.219  1289 25120 I SDM     : HWCSession::ProcessRequests: No pending cwb requests found in the queue.
06-20 18:41:55.224  1289  1506 I SDM     : HWDeviceDRM::SetupConcurrentWriteback: Tear down the Concurrent Writeback topology
06-20 18:41:55.231  1289 25121 I SDM     : HWCSession::NotifyCWBStatus: Notify the client about buffer status 0.
06-20 18:41:55.231  1289 25121 I SDM     : HWCSession::PerformFenceWaits: Remove current release fence from the pending fence wait queue.
06-20 18:41:55.231  1289 25121 I SDM     : HWCSession::PerformFenceWaits: CWB fence queue is empty. No pending release fence to wait on.
06-20 18:41:55.237  2055  3327 D libsensor-displayalgo: the value of  brightness:438.000000,R:72538547.892610,G:72649806.001498,B:72597443.069483,EVENT_C:5470.500000,EVENT_R:2092.500000,EVENT_G:2795.500000,EVENT_B:1103.000000
06-20 18:41:55.237  2055  3327 I libsensor-displayalgo: the value of  Coef1:1107.681000,Coef4:2.383000, scale1:0.935522, scale4:0.923264
06-20 18:41:55.237  2055  3327 E libsensor-displayalgo: RGB_test_0407_400_oldzy!
06-20 18:41:55.237  2055  3327 I libsensor-displayalgo: the value of  RESULT2987.560742,1179.328359,1452.266560,540.836993
06-20 18:41:55.237  2055  3327 I libsensor-displayalgo: the value of  getChannelDataCalibrated3132.294343,1092.285374,1687.975492,590.287184
06-20 18:41:55.237  2055  3327 I libsensor-displayalgo: the value of  REAL LUX136.050140
06-20 18:41:55.237  2055  3327 I libsensor-displayalgo: the value of  CAL REAL LUX136.050140
06-20 18:41:55.409  1308  1430 E ANDR-PERF-UTIL: Failed to update node /sys/class/kgsl/kgsl-3d0/idle_timer with value 32
06-20 18:41:55.409  1308  1430 E ANDR-PERF-UTIL: 0
06-20 18:41:55.409  1308  1430 E ANDR-PERF-RESOURCEQS: Failed to reset optimization [10, 11]
06-20 18:41:55.504  1308  1430 E ANDR-PERF-UTIL: Failed to update node /sys/class/kgsl/kgsl-3d0/idle_timer with value 32
06-20 18:41:55.504  1308  1430 E ANDR-PERF-UTIL: 0
06-20 18:41:55.505  1308  1430 E ANDR-PERF-RESOURCEQS: Failed to reset optimization [10, 11]
06-20 18:41:55.514  1933  1975 I mstatdaemon: Entering time loop
06-20 18:41:55.514  1933  1975 I mstatdaemon: t = 1687257715
06-20 18:41:55.514  1933  1975 I mstatdaemon: translated_t = 1371267715
06-20 18:41:55.514  1933  1975 I mstat_log: mstatcommitLog log_alloc() failed
06-20 18:41:55.538  2055  3327 D libsensor-displayalgo: the value of  brightness:438.000000,R:72538547.892610,G:72649806.001498,B:72597443.069483,EVENT_C:5470.500000,EVENT_R:2092.500000,EVENT_G:2795.500000,EVENT_B:1103.000000
06-20 18:41:55.538  2055  3327 I libsensor-displayalgo: the value of  Coef1:1107.681000,Coef4:2.383000, scale1:0.935522, scale4:0.923264
06-20 18:41:55.538  2055  3327 E libsensor-displayalgo: RGB_test_0407_400_oldzy!
06-20 18:41:55.538  2055  3327 I libsensor-displayalgo: the value of  RESULT2987.560742,1179.328359,1452.266560,540.836993
06-20 18:41:55.538  2055  3327 I libsensor-displayalgo: the value of  getChannelDataCalibrated3132.294343,1092.285374,1687.975492,590.287184
06-20 18:41:55.538  2055  3327 I libsensor-displayalgo: the value of  REAL LUX136.050140
06-20 18:41:55.539  2055  3327 I libsensor-displayalgo: the value of  CAL REAL LUX136.050140
06-20 18:41:55.595  1289  2256 I vendor.qti.hardware.display.composer-service: FrameNotifyProcess Sensor: notify citsensorservice to trigger cwb
06-20 18:41:55.597  2055 15083 I libcitsensorservice@2.0-impl: msg_transfer
06-20 18:41:55.598  2055  3319 D vendor.xiaomi.sensor.citsensorservice@2.0-service: handle id:11 wxh:1280x2400 uwxuh:1080x2400 size: 9216000 fd:15 fd_meta:16 flags:0x4000228 usage:0x33  format:0x3 layer_count: 1
06-20 18:41:55.598  1289  1865 I SDM     : HWCSession::SetCWBOutputBuffer: CWB config passed by cwb_client : tappoint 1  CWB_ROI : (829.000000 4.000000 915.000000 90.000000)
06-20 18:41:55.601  1289 25125 I SDM     : HWCSession::ProcessRequests: Successfully configured CWB buffer.
06-20 18:41:55.602  1308  1430 E ANDR-PERF-UTIL: Failed to update node /sys/class/kgsl/kgsl-3d0/idle_timer with value 32
06-20 18:41:55.602  1308  1430 E ANDR-PERF-UTIL: 0
06-20 18:41:55.602  1308  1430 E ANDR-PERF-RESOURCEQS: Failed to reset optimization [10, 11]
06-20 18:41:55.611  1289 25125 I SDM     : HWCSession::ProcessRequests: Pushing release fence in fenece wait queue.
06-20 18:41:55.612  1289 25125 I SDM     : HWCSession::ProcessRequests: Creating AsyncFenceWaits async thread.
06-20 18:41:55.612  1289 25125 I SDM     : HWCSession::ProcessRequests: Remove current CWB request from the pending request queue.
06-20 18:41:55.612  1289 25125 I SDM     : HWCSession::ProcessRequests: No pending cwb requests found in the queue.
06-20 18:41:55.618  1289  1506 I SDM     : HWDeviceDRM::SetupConcurrentWriteback: Tear down the Concurrent Writeback topology
06-20 18:41:55.626  1289 25126 I SDM     : HWCSession::NotifyCWBStatus: Notify the client about buffer status 0.
06-20 18:41:55.626  1289 25126 I SDM     : HWCSession::PerformFenceWaits: Remove current release fence from the pending fence wait queue.
06-20 18:41:55.626  1289 25126 I SDM     : HWCSession::PerformFenceWaits: CWB fence queue is empty. No pending release fence to wait on.
06-20 18:41:55.809  1308  1430 E ANDR-PERF-UTIL: Failed to update node /sys/class/kgsl/kgsl-3d0/idle_timer with value 32
06-20 18:41:55.809  1308  1430 E ANDR-PERF-UTIL: 0
06-20 18:41:55.809  1308  1430 E ANDR-PERF-RESOURCEQS: Failed to reset optimization [10, 11]
06-20 18:41:55.838  2055  3327 D libsensor-displayalgo: the value of  brightness:438.000000,R:72538547.892610,G:72649806.001498,B:72597443.069483,EVENT_C:5468.000000,EVENT_R:2090.000000,EVENT_G:2791.000000,EVENT_B:1101.000000
06-20 18:41:55.838  2055  3327 I libsensor-displayalgo: the value of  Coef1:1107.681000,Coef4:2.383000, scale1:0.935522, scale4:0.923264
06-20 18:41:55.838  2055  3327 E libsensor-displayalgo: RGB_test_0407_400_oldzy!
06-20 18:41:55.838  2055  3327 I libsensor-displayalgo: the value of  RESULT2987.560742,1179.328359,1452.266560,540.836993
06-20 18:41:55.838  2055  3327 I libsensor-displayalgo: the value of  getChannelDataCalibrated3132.294343,1092.285374,1687.975492,590.287184
06-20 18:41:55.838  2055  3327 I libsensor-displayalgo: the value of  REAL LUX135.925690
06-20 18:41:55.839  2055  3327 I libsensor-displayalgo: the value of  CAL REAL LUX135.925690
06-20 18:41:55.900  1289  2256 I vendor.qti.hardware.display.composer-service: FrameNotifyProcess Sensor: notify citsensorservice to trigger cwb
06-20 18:41:55.904  2055  2137 I libcitsensorservice@2.0-impl: msg_transfer
06-20 18:41:55.905  2055  3319 D vendor.xiaomi.sensor.citsensorservice@2.0-service: handle id:11 wxh:1280x2400 uwxuh:1080x2400 size: 9216000 fd:15 fd_meta:16 flags:0x4000228 usage:0x33  format:0x3 layer_count: 1
06-20 18:41:55.905  1289  1865 I SDM     : HWCSession::SetCWBOutputBuffer: CWB config passed by cwb_client : tappoint 1  CWB_ROI : (829.000000 4.000000 915.000000 90.000000)
06-20 18:41:55.907  1289 25129 I SDM     : HWCSession::ProcessRequests: Successfully configured CWB buffer.
06-20 18:41:55.908  1308  1430 E ANDR-PERF-UTIL: Failed to update node /sys/class/kgsl/kgsl-3d0/idle_timer with value 32
06-20 18:41:55.908  1308  1430 E ANDR-PERF-UTIL: 0
06-20 18:41:55.908  1308  1430 E ANDR-PERF-RESOURCEQS: Failed to reset optimization [10, 11]
06-20 18:41:55.916  1289 25129 I SDM     : HWCSession::ProcessRequests: Pushing release fence in fenece wait queue.
06-20 18:41:55.917  1289 25129 I SDM     : HWCSession::ProcessRequests: Creating AsyncFenceWaits async thread.
06-20 18:41:55.918  1289 25129 I SDM     : HWCSession::ProcessRequests: Remove current CWB request from the pending request queue.
06-20 18:41:55.918  1289 25129 I SDM     : HWCSession::ProcessRequests: No pending cwb requests found in the queue.
06-20 18:41:55.923  1289  1506 I SDM     : HWDeviceDRM::SetupConcurrentWriteback: Tear down the Concurrent Writeback topology
06-20 18:41:55.930  1289 25130 I SDM     : HWCSession::NotifyCWBStatus: Notify the client about buffer status 0.
06-20 18:41:55.931  1289 25130 I SDM     : HWCSession::PerformFenceWaits: Remove current release fence from the pending fence wait queue.
06-20 18:41:55.931  1289 25130 I SDM     : HWCSession::PerformFenceWaits: CWB fence queue is empty. No pending release fence to wait on.
06-20 18:41:56.112  1308  1430 E ANDR-PERF-UTIL: Failed to update node /sys/class/kgsl/kgsl-3d0/idle_timer with value 32
06-20 18:41:56.112  1308  1430 E ANDR-PERF-UTIL: 0
06-20 18:41:56.113  1308  1430 E ANDR-PERF-RESOURCEQS: Failed to reset optimization [10, 11]
06-20 18:41:56.137  2055  3327 D libsensor-displayalgo: the value of  brightness:438.000000,R:72538547.892610,G:72649806.001498,B:72597443.069483,EVENT_C:5464.000000,EVENT_R:2091.000000,EVENT_G:2794.000000,EVENT_B:1102.000000
06-20 18:41:56.137  2055  3327 I libsensor-displayalgo: the value of  Coef1:1107.681000,Coef4:2.383000, scale1:0.935522, scale4:0.923264
06-20 18:41:56.137  2055  3327 E libsensor-displayalgo: RGB_test_0407_400_oldzy!
06-20 18:41:56.138  2055  3327 I libsensor-displayalgo: the value of  RESULT2987.560742,1179.328359,1452.266560,540.836993
06-20 18:41:56.138  2055  3327 I libsensor-displayalgo: the value of  getChannelDataCalibrated3132.294343,1092.285374,1687.975492,590.287184
06-20 18:41:56.138  2055  3327 I libsensor-displayalgo: the value of  REAL LUX135.660934
06-20 18:41:56.138  2055  3327 I libsensor-displayalgo: the value of  CAL REAL LUX135.660934
06-20 18:41:56.204  1289  2256 I vendor.qti.hardware.display.composer-service: FrameNotifyProcess Sensor: notify citsensorservice to trigger cwb
06-20 18:41:56.206  2055  2137 I libcitsensorservice@2.0-impl: msg_transfer
06-20 18:41:56.207  2055  3319 D vendor.xiaomi.sensor.citsensorservice@2.0-service: handle id:11 wxh:1280x2400 uwxuh:1080x2400 size: 9216000 fd:15 fd_meta:16 flags:0x4000228 usage:0x33  format:0x3 layer_count: 1
06-20 18:41:56.207  1289  1865 I SDM     : HWCSession::SetCWBOutputBuffer: CWB config passed by cwb_client : tappoint 1  CWB_ROI : (829.000000 4.000000 915.000000 90.000000)
06-20 18:41:56.213  1289 25133 I SDM     : HWCSession::ProcessRequests: Successfully configured CWB buffer.
06-20 18:41:56.214  1308  1430 E ANDR-PERF-UTIL: Failed to update node /sys/class/kgsl/kgsl-3d0/idle_timer with value 32
06-20 18:41:56.214  1308  1430 E ANDR-PERF-UTIL: 0
06-20 18:41:56.214  1308  1430 E ANDR-PERF-RESOURCEQS: Failed to reset optimization [10, 11]
06-20 18:41:56.221  1289 25133 I SDM     : HWCSession::ProcessRequests: Pushing release fence in fenece wait queue.
06-20 18:41:56.221  1289 25133 I SDM     : HWCSession::ProcessRequests: Creating AsyncFenceWaits async thread.
06-20 18:41:56.221  1289 25133 I SDM     : HWCSession::ProcessRequests: Remove current CWB request from the pending request queue.
06-20 18:41:56.222  1289 25133 I SDM     : HWCSession::ProcessRequests: No pending cwb requests found in the queue.
06-20 18:41:56.228  1289  1506 I SDM     : HWDeviceDRM::SetupConcurrentWriteback: Tear down the Concurrent Writeback topology
06-20 18:41:56.235  1289 25134 I SDM     : HWCSession::NotifyCWBStatus: Notify the client about buffer status 0.
06-20 18:41:56.235  1289 25134 I SDM     : HWCSession::PerformFenceWaits: Remove current release fence from the pending fence wait queue.
06-20 18:41:56.235  1289 25134 I SDM     : HWCSession::PerformFenceWaits: CWB fence queue is empty. No pending release fence to wait on.
06-20 18:41:56.238 11109 11634 D MemoryCeilingMonitor: [handleMemoryCalculate]
06-20 18:41:56.238 11109 11634 D MemoryCeilingMonitor: [calculate] tot: 5942760, max: 268435456, free: 937632, heap: 5005128, per: 0.018645554780960083
06-20 18:41:56.413  1308  1430 E ANDR-PERF-UTIL: Failed to update node /sys/class/kgsl/kgsl-3d0/idle_timer with value 32
06-20 18:41:56.413  1308  1430 E ANDR-PERF-UTIL: 0
06-20 18:41:56.413  1308  1430 E ANDR-PERF-RESOURCEQS: Failed to reset optimization [10, 11]
06-20 18:41:56.437  2055  3327 D libsensor-displayalgo: the value of  brightness:438.000000,R:72538547.892610,G:72649806.001498,B:72597443.069483,EVENT_C:5465.500000,EVENT_R:2091.000000,EVENT_G:2794.000000,EVENT_B:1102.500000
06-20 18:41:56.437  2055  3327 I libsensor-displayalgo: the value of  Coef1:1107.681000,Coef4:2.383000, scale1:0.935522, scale4:0.923264
06-20 18:41:56.437  2055  3327 E libsensor-displayalgo: RGB_test_0407_400_oldzy!
06-20 18:41:56.438  2055  3327 I libsensor-displayalgo: the value of  RESULT2987.560742,1179.328359,1452.266560,540.836993
06-20 18:41:56.438  2055  3327 I libsensor-displayalgo: the value of  getChannelDataCalibrated3132.294343,1092.285374,1687.975492,590.287184
06-20 18:41:56.438  2055  3327 I libsensor-displayalgo: the value of  REAL LUX135.726181
06-20 18:41:56.438  2055  3327 I libsensor-displayalgo: the value of  CAL REAL LUX135.726181
06-20 18:41:56.510  1308  1430 E ANDR-PERF-UTIL: Failed to update node /sys/class/kgsl/kgsl-3d0/idle_timer with value 32
06-20 18:41:56.510  1308  1430 E ANDR-PERF-UTIL: 0
06-20 18:41:56.510  1308  1430 E ANDR-PERF-RESOURCEQS: Failed to reset optimization [10, 11]
06-20 18:41:56.599  1289  2256 I vendor.qti.hardware.display.composer-service: FrameNotifyProcess Sensor: notify citsensorservice to trigger cwb
06-20 18:41:56.599  2055  2055 I libcitsensorservice@2.0-impl: msg_transfer
06-20 18:41:56.600  2055  3319 D vendor.xiaomi.sensor.citsensorservice@2.0-service: handle id:11 wxh:1280x2400 uwxuh:1080x2400 size: 9216000 fd:15 fd_meta:16 flags:0x4000228 usage:0x33  format:0x3 layer_count: 1
06-20 18:41:56.600  1289  1865 I SDM     : HWCSession::SetCWBOutputBuffer: CWB config passed by cwb_client : tappoint 1  CWB_ROI : (829.000000 4.000000 915.000000 90.000000)
06-20 18:41:56.601  1289 25138 I SDM     : HWCSession::ProcessRequests: Successfully configured CWB buffer.
06-20 18:41:56.608  1308  1430 E ANDR-PERF-UTIL: Failed to update node /sys/class/kgsl/kgsl-3d0/idle_timer with value 32
06-20 18:41:56.608  1308  1430 E ANDR-PERF-UTIL: 0
06-20 18:41:56.608  1308  1430 E ANDR-PERF-RESOURCEQS: Failed to reset optimization [10, 11]
06-20 18:41:56.608  1289 25138 I SDM     : HWCSession::ProcessRequests: Pushing release fence in fenece wait queue.
06-20 18:41:56.608  1289 25138 I SDM     : HWCSession::ProcessRequests: Creating AsyncFenceWaits async thread.
06-20 18:41:56.609  1289 25138 I SDM     : HWCSession::ProcessRequests: Remove current CWB request from the pending request queue.
06-20 18:41:56.609  1289 25138 I SDM     : HWCSession::ProcessRequests: No pending cwb requests found in the queue.
06-20 18:41:56.615  1289  1506 I SDM     : HWDeviceDRM::SetupConcurrentWriteback: Tear down the Concurrent Writeback topology
06-20 18:41:56.622  1289 25139 I SDM     : HWCSession::NotifyCWBStatus: Notify the client about buffer status 0.
06-20 18:41:56.622  1289 25139 I SDM     : HWCSession::PerformFenceWaits: Remove current release fence from the pending fence wait queue.
06-20 18:41:56.623  1289 25139 I SDM     : HWCSession::PerformFenceWaits: CWB fence queue is empty. No pending release fence to wait on.
06-20 18:41:56.714  1308  1430 E ANDR-PERF-UTIL: Failed to update node /sys/class/kgsl/kgsl-3d0/idle_timer with value 32
06-20 18:41:56.714  1308  1430 E ANDR-PERF-UTIL: 0
06-20 18:41:56.715  1308  1430 E ANDR-PERF-RESOURCEQS: Failed to reset optimization [10, 11]
06-20 18:41:56.738  2055  3327 D libsensor-displayalgo: the value of  brightness:438.000000,R:72538547.892610,G:72649806.001498,B:72597443.069483,EVENT_C:5464.000000,EVENT_R:2089.500000,EVENT_G:2790.000000,EVENT_B:1101.500000
06-20 18:41:56.738  2055  3327 I libsensor-displayalgo: the value of  Coef1:1107.681000,Coef4:2.383000, scale1:0.935522, scale4:0.923264
06-20 18:41:56.738  2055  3327 E libsensor-displayalgo: RGB_test_0407_400_oldzy!
06-20 18:41:56.738  2055  3327 I libsensor-displayalgo: the value of  RESULT2987.560742,1179.328359,1452.266560,540.836993
06-20 18:41:56.738  2055  3327 I libsensor-displayalgo: the value of  getChannelDataCalibrated3132.294343,1092.285374,1687.975492,590.287184
06-20 18:41:56.738  2055  3327 I libsensor-displayalgo: the value of  REAL LUX135.576111
06-20 18:41:56.738  2055  3327 I libsensor-displayalgo: the value of  CAL REAL LUX135.576111
06-20 18:41:56.812  1308  1430 E ANDR-PERF-UTIL: Failed to update node /sys/class/kgsl/kgsl-3d0/idle_timer with value 32
06-20 18:41:56.812  1308  1430 E ANDR-PERF-UTIL: 0
06-20 18:41:56.812  1308  1430 E ANDR-PERF-RESOURCEQS: Failed to reset optimization [10, 11]
06-20 18:41:56.903  1289  2256 I vendor.qti.hardware.display.composer-service: FrameNotifyProcess Sensor: notify citsensorservice to trigger cwb
06-20 18:41:56.904  2055  2137 I libcitsensorservice@2.0-impl: msg_transfer
06-20 18:41:56.905  2055  3319 D vendor.xiaomi.sensor.citsensorservice@2.0-service: handle id:11 wxh:1280x2400 uwxuh:1080x2400 size: 9216000 fd:15 fd_meta:16 flags:0x4000228 usage:0x33  format:0x3 layer_count: 1
06-20 18:41:56.906  1289  1865 I SDM     : HWCSession::SetCWBOutputBuffer: CWB config passed by cwb_client : tappoint 1  CWB_ROI : (829.000000 4.000000 915.000000 90.000000)
06-20 18:41:56.907  1289 25143 I SDM     : HWCSession::ProcessRequests: Successfully configured CWB buffer.
06-20 18:41:56.913  1308  1430 E ANDR-PERF-UTIL: Failed to update node /sys/class/kgsl/kgsl-3d0/idle_timer with value 32
06-20 18:41:56.913  1308  1430 E ANDR-PERF-UTIL: 0
06-20 18:41:56.913  1308  1430 E ANDR-PERF-RESOURCEQS: Failed to reset optimization [10, 11]
06-20 18:41:56.913  1289 25143 I SDM     : HWCSession::ProcessRequests: Pushing release fence in fenece wait queue.
06-20 18:41:56.913  1289 25143 I SDM     : HWCSession::ProcessRequests: Creating AsyncFenceWaits async thread.
06-20 18:41:56.914  1289 25143 I SDM     : HWCSession::ProcessRequests: Remove current CWB request from the pending request queue.
06-20 18:41:56.914  1289 25143 I SDM     : HWCSession::ProcessRequests: No pending cwb requests found in the queue.
06-20 18:41:56.919  1289  1506 I SDM     : HWDeviceDRM::SetupConcurrentWriteback: Tear down the Concurrent Writeback topology
06-20 18:41:56.926  1289 25144 I SDM     : HWCSession::NotifyCWBStatus: Notify the client about buffer status 0.
06-20 18:41:56.927  1289 25144 I SDM     : HWCSession::PerformFenceWaits: Remove current release fence from the pending fence wait queue.
06-20 18:41:56.927  1289 25144 I SDM     : HWCSession::PerformFenceWaits: CWB fence queue is empty. No pending release fence to wait on.
06-20 18:41:57.038  2055  3327 D libsensor-displayalgo: the value of  brightness:438.000000,R:72538547.892610,G:72649806.001498,B:72597443.069483,EVENT_C:5467.500000,EVENT_R:2089.500000,EVENT_G:2791.000000,EVENT_B:1102.500000
06-20 18:41:57.038  2055  3327 I libsensor-displayalgo: the value of  Coef1:1107.681000,Coef4:2.383000, scale1:0.935522, scale4:0.923264
06-20 18:41:57.038  2055  3327 E libsensor-displayalgo: RGB_test_0407_400_oldzy!
06-20 18:41:57.039  2055  3327 I libsensor-displayalgo: the value of  RESULT2987.560742,1179.328359,1452.266560,540.836993
06-20 18:41:57.039  2055  3327 I libsensor-displayalgo: the value of  getChannelDataCalibrated3132.294343,1092.285374,1687.975492,590.287184
06-20 18:41:57.039  2055  3327 I libsensor-displayalgo: the value of  REAL LUX135.787399
06-20 18:41:57.039  2055  3327 I libsensor-displayalgo: the value of  CAL REAL LUX135.787399
06-20 18:41:57.110  1308  1430 E ANDR-PERF-UTIL: Failed to update node /sys/class/kgsl/kgsl-3d0/idle_timer with value 32
06-20 18:41:57.110  1308  1430 E ANDR-PERF-UTIL: 0
06-20 18:41:57.110  1308  1430 E ANDR-PERF-RESOURCEQS: Failed to reset optimization [10, 11]
06-20 18:41:57.208  1289  2256 I vendor.qti.hardware.display.composer-service: FrameNotifyProcess Sensor: notify citsensorservice to trigger cwb
06-20 18:41:57.208  2055  2137 I libcitsensorservice@2.0-impl: msg_transfer
06-20 18:41:57.209  2055  3319 D vendor.xiaomi.sensor.citsensorservice@2.0-service: handle id:11 wxh:1280x2400 uwxuh:1080x2400 size: 9216000 fd:15 fd_meta:16 flags:0x4000228 usage:0x33  format:0x3 layer_count: 1
06-20 18:41:57.210  1289  1865 I SDM     : HWCSession::SetCWBOutputBuffer: CWB config passed by cwb_client : tappoint 1  CWB_ROI : (829.000000 4.000000 915.000000 90.000000)
06-20 18:41:57.212  1289 25147 I SDM     : HWCSession::ProcessRequests: Successfully configured CWB buffer.
06-20 18:41:57.218  1308  1430 E ANDR-PERF-UTIL: Failed to update node /sys/class/kgsl/kgsl-3d0/idle_timer with value 32
06-20 18:41:57.218  1308  1430 E ANDR-PERF-UTIL: 0
06-20 18:41:57.218  1308  1430 E ANDR-PERF-RESOURCEQS: Failed to reset optimization [10, 11]
06-20 18:41:57.219  1289 25147 I SDM     : HWCSession::ProcessRequests: Pushing release fence in fenece wait queue.
06-20 18:41:57.219  1289 25147 I SDM     : HWCSession::ProcessRequests: Creating AsyncFenceWaits async thread.
06-20 18:41:57.220  1289 25147 I SDM     : HWCSession::ProcessRequests: Remove current CWB request from the pending request queue.
06-20 18:41:57.220  1289 25147 I SDM     : HWCSession::ProcessRequests: No pending cwb requests found in the queue.
06-20 18:41:57.224  1289  1506 I SDM     : HWDeviceDRM::SetupConcurrentWriteback: Tear down the Concurrent Writeback topology
06-20 18:41:57.231  1289 25148 I SDM     : HWCSession::NotifyCWBStatus: Notify the client about buffer status 0.
06-20 18:41:57.231  1289 25148 I SDM     : HWCSession::PerformFenceWaits: Remove current release fence from the pending fence wait queue.
06-20 18:41:57.231  1289 25148 I SDM     : HWCSession::PerformFenceWaits: CWB fence queue is empty. No pending release fence to wait on.
06-20 18:41:57.337  2055  3327 D libsensor-displayalgo: the value of  brightness:438.000000,R:72538547.892610,G:72649806.001498,B:72597443.069483,EVENT_C:5482.000000,EVENT_R:2096.500000,EVENT_G:2797.500000,EVENT_B:1106.000000
06-20 18:41:57.338  2055  3327 I libsensor-displayalgo: the value of  Coef1:1107.681000,Coef4:2.383000, scale1:0.935522, scale4:0.923264
06-20 18:41:57.338  2055  3327 E libsensor-displayalgo: RGB_test_0407_400_oldzy!
06-20 18:41:57.338  2055  3327 I libsensor-displayalgo: the value of  RESULT2987.560742,1179.328359,1452.266560,540.836993
06-20 18:41:57.338  2055  3327 I libsensor-displayalgo: the value of  getChannelDataCalibrated3132.294343,1092.285374,1687.975492,590.287184
06-20 18:41:57.338  2055  3327 I libsensor-displayalgo: the value of  REAL LUX136.558228
06-20 18:41:57.338  2055  3327 I libsensor-displayalgo: the value of  CAL REAL LUX136.558228
06-20 18:41:57.416  1308  1430 E ANDR-PERF-UTIL: Failed to update node /sys/class/kgsl/kgsl-3d0/idle_timer with value 32
06-20 18:41:57.416  1308  1430 E ANDR-PERF-UTIL: 0
06-20 18:41:57.417  1308  1430 E ANDR-PERF-RESOURCEQS: Failed to reset optimization [10, 11]
06-20 18:41:57.514  1308  1430 E ANDR-PERF-UTIL: Failed to update node /sys/class/kgsl/kgsl-3d0/idle_timer with value 32
06-20 18:41:57.514  1308  1430 E ANDR-PERF-UTIL: 0
06-20 18:41:57.515  1308  1430 E ANDR-PERF-RESOURCEQS: Failed to reset optimization [10, 11]
06-20 18:41:57.604  1289  2256 I vendor.qti.hardware.display.composer-service: FrameNotifyProcess Sensor: notify citsensorservice to trigger cwb
06-20 18:41:57.604  2055  2055 I libcitsensorservice@2.0-impl: msg_transfer
06-20 18:41:57.605  2055  3319 D vendor.xiaomi.sensor.citsensorservice@2.0-service: handle id:11 wxh:1280x2400 uwxuh:1080x2400 size: 9216000 fd:15 fd_meta:16 flags:0x4000228 usage:0x33  format:0x3 layer_count: 1
06-20 18:41:57.606  1289  1865 I SDM     : HWCSession::SetCWBOutputBuffer: CWB config passed by cwb_client : tappoint 1  CWB_ROI : (829.000000 4.000000 915.000000 90.000000)
06-20 18:41:57.610  1289 25152 I SDM     : HWCSession::ProcessRequests: Successfully configured CWB buffer.
06-20 18:41:57.612  1308  1430 E ANDR-PERF-UTIL: Failed to update node /sys/class/kgsl/kgsl-3d0/idle_timer with value 32
06-20 18:41:57.612  1308  1430 E ANDR-PERF-UTIL: 0
06-20 18:41:57.613  1308  1430 E ANDR-PERF-RESOURCEQS: Failed to reset optimization [10, 11]
06-20 18:41:57.621  1289 25152 I SDM     : HWCSession::ProcessRequests: Pushing release fence in fenece wait queue.
06-20 18:41:57.621  1289 25152 I SDM     : HWCSession::ProcessRequests: Creating AsyncFenceWaits async thread.
06-20 18:41:57.622  1289 25152 I SDM     : HWCSession::ProcessRequests: Remove current CWB request from the pending request queue.
06-20 18:41:57.622  1289 25152 I SDM     : HWCSession::ProcessRequests: No pending cwb requests found in the queue.
06-20 18:41:57.627  1289  1506 I SDM     : HWDeviceDRM::SetupConcurrentWriteback: Tear down the Concurrent Writeback topology
06-20 18:41:57.634  1289 25153 I SDM     : HWCSession::NotifyCWBStatus: Notify the client about buffer status 0.
06-20 18:41:57.634  1289 25153 I SDM     : HWCSession::PerformFenceWaits: Remove current release fence from the pending fence wait queue.
06-20 18:41:57.634  1289 25153 I SDM     : HWCSession::PerformFenceWaits: CWB fence queue is empty. No pending release fence to wait on.
06-20 18:41:57.636  2055  2055 D libsensor-displayalgo: the value of  brightness:438.000000,R:72538547.892610,G:72649806.001498,B:72597443.069483,EVENT_C:5482.000000,EVENT_R:2096.500000,EVENT_G:2797.500000,EVENT_B:1106.000000
06-20 18:41:57.636  2055  2055 I libsensor-displayalgo: the value of  Coef1:1107.681000,Coef4:2.383000, scale1:0.935522, scale4:0.923264
06-20 18:41:57.636  2055  2055 E libsensor-displayalgo: RGB_test_0407_400_oldzy!
06-20 18:41:57.637  2055  2055 I libsensor-displayalgo: the value of  RESULT2987.560742,1179.328359,1452.266560,540.836993
06-20 18:41:57.637  2055  2055 I libsensor-displayalgo: the value of  getChannelDataCalibrated3132.294343,1092.285374,1687.975492,590.287184
06-20 18:41:57.637  2055  2055 I libsensor-displayalgo: the value of  REAL LUX136.558228
06-20 18:41:57.637  2055  2055 I libsensor-displayalgo: the value of  CAL REAL LUX136.558228
06-20 18:41:57.818  1308  1430 E ANDR-PERF-UTIL: Failed to update node /sys/class/kgsl/kgsl-3d0/idle_timer with value 32
06-20 18:41:57.818  1308  1430 E ANDR-PERF-UTIL: 0
06-20 18:41:57.818  1308  1430 E ANDR-PERF-RESOURCEQS: Failed to reset optimization [10, 11]
06-20 18:41:57.910  1289  2256 I vendor.qti.hardware.display.composer-service: FrameNotifyProcess Sensor: notify citsensorservice to trigger cwb
06-20 18:41:57.910  2055  2055 I libcitsensorservice@2.0-impl: msg_transfer
06-20 18:41:57.910  2055  3319 D vendor.xiaomi.sensor.citsensorservice@2.0-service: handle id:11 wxh:1280x2400 uwxuh:1080x2400 size: 9216000 fd:15 fd_meta:16 flags:0x4000228 usage:0x33  format:0x3 layer_count: 1
06-20 18:41:57.910  1289  1865 I SDM     : HWCSession::SetCWBOutputBuffer: CWB config passed by cwb_client : tappoint 1  CWB_ROI : (829.000000 4.000000 915.000000 90.000000)
06-20 18:41:57.913  1289 25156 I SDM     : HWCSession::ProcessRequests: Successfully configured CWB buffer.
06-20 18:41:57.915  1308  1430 E ANDR-PERF-UTIL: Failed to update node /sys/class/kgsl/kgsl-3d0/idle_timer with value 32
06-20 18:41:57.915  1308  1430 E ANDR-PERF-UTIL: 0
06-20 18:41:57.916  1308  1430 E ANDR-PERF-RESOURCEQS: Failed to reset optimization [10, 11]
06-20 18:41:57.918  1289 25156 I SDM     : HWCSession::ProcessRequests: Pushing release fence in fenece wait queue.
06-20 18:41:57.918  1289 25156 I SDM     : HWCSession::ProcessRequests: Creating AsyncFenceWaits async thread.
06-20 18:41:57.919  1289 25156 I SDM     : HWCSession::ProcessRequests: Remove current CWB request from the pending request queue.
06-20 18:41:57.919  1289 25156 I SDM     : HWCSession::ProcessRequests: No pending cwb requests found in the queue.
06-20 18:41:57.923  1289  1506 I SDM     : HWDeviceDRM::SetupConcurrentWriteback: Tear down the Concurrent Writeback topology
06-20 18:41:57.930  1289 25157 I SDM     : HWCSession::NotifyCWBStatus: Notify the client about buffer status 0.
06-20 18:41:57.931  1289 25157 I SDM     : HWCSession::PerformFenceWaits: Remove current release fence from the pending fence wait queue.
06-20 18:41:57.931  1289 25157 I SDM     : HWCSession::PerformFenceWaits: CWB fence queue is empty. No pending release fence to wait on.
06-20 18:41:57.936  2055  3327 D libsensor-displayalgo: the value of  brightness:438.000000,R:72536851.760397,G:72648098.129250,B:72595750.200933,EVENT_C:5483.000000,EVENT_R:2097.000000,EVENT_G:2798.500000,EVENT_B:1104.000000
06-20 18:41:57.936  2055  3327 I libsensor-displayalgo: the value of  Coef1:1107.681000,Coef4:2.383000, scale1:0.935522, scale4:0.923264
06-20 18:41:57.936  2055  3327 E libsensor-displayalgo: RGB_test_0407_400_oldzy!
06-20 18:41:57.937  2055  3327 I libsensor-displayalgo: the value of  RESULT2987.512537,1179.308888,1452.244713,540.827852
06-20 18:41:57.937  2055  3327 I libsensor-displayalgo: the value of  getChannelDataCalibrated3132.243803,1092.267340,1687.950099,590.277207
06-20 18:41:57.937  2055  3327 I libsensor-displayalgo: the value of  REAL LUX136.821152
06-20 18:41:57.937  2055  3327 I libsensor-displayalgo: the value of  CAL REAL LUX136.821152
06-20 18:41:58.114  1308  1430 E ANDR-PERF-UTIL: Failed to update node /sys/class/kgsl/kgsl-3d0/idle_timer with value 32
06-20 18:41:58.114  1308  1430 E ANDR-PERF-UTIL: 0
06-20 18:41:58.114  1308  1430 E ANDR-PERF-RESOURCEQS: Failed to reset optimization [10, 11]
06-20 18:41:58.213  1289  2256 I vendor.qti.hardware.display.composer-service: FrameNotifyProcess Sensor: notify citsensorservice to trigger cwb
06-20 18:41:58.214  2055  2055 I libcitsensorservice@2.0-impl: msg_transfer
06-20 18:41:58.216  2055  3319 D vendor.xiaomi.sensor.citsensorservice@2.0-service: handle id:11 wxh:1280x2400 uwxuh:1080x2400 size: 9216000 fd:15 fd_meta:16 flags:0x4000228 usage:0x33  format:0x3 layer_count: 1
06-20 18:41:58.216  1289  1865 I SDM     : HWCSession::SetCWBOutputBuffer: CWB config passed by cwb_client : tappoint 1  CWB_ROI : (829.000000 4.000000 915.000000 90.000000)
06-20 18:41:58.219  1289 25160 I SDM     : HWCSession::ProcessRequests: Successfully configured CWB buffer.
06-20 18:41:58.222  1308  1430 E ANDR-PERF-UTIL: Failed to update node /sys/class/kgsl/kgsl-3d0/idle_timer with value 32
06-20 18:41:58.222  1308  1430 E ANDR-PERF-UTIL: 0
06-20 18:41:58.222  1308  1430 E ANDR-PERF-RESOURCEQS: Failed to reset optimization [10, 11]
06-20 18:41:58.230  1289 25160 I SDM     : HWCSession::ProcessRequests: Pushing release fence in fenece wait queue.
06-20 18:41:58.230  1289 25160 I SDM     : HWCSession::ProcessRequests: Creating AsyncFenceWaits async thread.
06-20 18:41:58.230  1289 25160 I SDM     : HWCSession::ProcessRequests: Remove current CWB request from the pending request queue.
06-20 18:41:58.231  1289 25160 I SDM     : HWCSession::ProcessRequests: No pending cwb requests found in the queue.
06-20 18:41:58.236  2055  3327 D libsensor-displayalgo: the value of  brightness:438.000000,R:72536851.760397,G:72648098.129250,B:72595750.200933,EVENT_C:5483.000000,EVENT_R:2097.000000,EVENT_G:2798.500000,EVENT_B:1104.000000
06-20 18:41:58.236  2055  3327 I libsensor-displayalgo: the value of  Coef1:1107.681000,Coef4:2.383000, scale1:0.935522, scale4:0.923264
06-20 18:41:58.236  2055  3327 E libsensor-displayalgo: RGB_test_0407_400_oldzy!
06-20 18:41:58.237  1289  1506 I SDM     : HWDeviceDRM::SetupConcurrentWriteback: Tear down the Concurrent Writeback topology
06-20 18:41:58.237  2055  3327 I libsensor-displayalgo: the value of  RESULT2987.512537,1179.308888,1452.244713,540.827852
06-20 18:41:58.237  2055  3327 I libsensor-displayalgo: the value of  getChannelDataCalibrated3132.243803,1092.267340,1687.950099,590.277207
06-20 18:41:58.237  2055  3327 I libsensor-displayalgo: the value of  REAL LUX136.821152
06-20 18:41:58.237  2055  3327 I libsensor-displayalgo: the value of  CAL REAL LUX136.821152
06-20 18:41:58.243  1289 25161 I SDM     : HWCSession::NotifyCWBStatus: Notify the client about buffer status 0.
06-20 18:41:58.244  1289 25161 I SDM     : HWCSession::PerformFenceWaits: Remove current release fence from the pending fence wait queue.
06-20 18:41:58.244  1289 25161 I SDM     : HWCSession::PerformFenceWaits: CWB fence queue is empty. No pending release fence to wait on.
06-20 18:41:58.421  1308  1430 E ANDR-PERF-UTIL: Failed to update node /sys/class/kgsl/kgsl-3d0/idle_timer with value 32
06-20 18:41:58.421  1308  1430 E ANDR-PERF-UTIL: 0
06-20 18:41:58.421  1308  1430 E ANDR-PERF-RESOURCEQS: Failed to reset optimization [10, 11]
06-20 18:41:58.503  2423  3334 D MiuiNetworkPolicy: updateLimit mLimitEnabled=false,enabled=true,mNetworkPriorityMode=1
06-20 18:41:58.520  1308  1430 E ANDR-PERF-UTIL: Failed to update node /sys/class/kgsl/kgsl-3d0/idle_timer with value 32
06-20 18:41:58.520  1308  1430 E ANDR-PERF-UTIL: 0
06-20 18:41:58.520  1308  1430 E ANDR-PERF-RESOURCEQS: Failed to reset optimization [10, 11]
06-20 18:41:58.537  2055  3327 D libsensor-displayalgo: the value of  brightness:438.000000,R:72536851.760397,G:72648098.129250,B:72595750.200933,EVENT_C:5479.500000,EVENT_R:2097.500000,EVENT_G:2798.000000,EVENT_B:1103.500000
06-20 18:41:58.537  2055  3327 I libsensor-displayalgo: the value of  Coef1:1107.681000,Coef4:2.383000, scale1:0.935522, scale4:0.923264
06-20 18:41:58.537  2055  3327 E libsensor-displayalgo: RGB_test_0407_400_oldzy!
06-20 18:41:58.538  2055  3327 I libsensor-displayalgo: the value of  RESULT2987.512537,1179.308888,1452.244713,540.827852
06-20 18:41:58.538  2055  3327 I libsensor-displayalgo: the value of  getChannelDataCalibrated3132.243803,1092.267340,1687.950099,590.277207
06-20 18:41:58.538  2055  3327 I libsensor-displayalgo: the value of  REAL LUX136.573166
06-20 18:41:58.538  2055  3327 I libsensor-displayalgo: the value of  CAL REAL LUX136.573166
06-20 18:41:58.608  1289  2256 I vendor.qti.hardware.display.composer-service: FrameNotifyProcess Sensor: notify citsensorservice to trigger cwb
06-20 18:41:58.608  2055  2055 I libcitsensorservice@2.0-impl: msg_transfer
06-20 18:41:58.609  2055  3319 D vendor.xiaomi.sensor.citsensorservice@2.0-service: handle id:11 wxh:1280x2400 uwxuh:1080x2400 size: 9216000 fd:15 fd_meta:16 flags:0x4000228 usage:0x33  format:0x3 layer_count: 1
06-20 18:41:58.609  1289  1865 I SDM     : HWCSession::SetCWBOutputBuffer: CWB config passed by cwb_client : tappoint 1  CWB_ROI : (829.000000 4.000000 915.000000 90.000000)
06-20 18:41:58.612  1289 25165 I SDM     : HWCSession::ProcessRequests: Successfully configured CWB buffer.
06-20 18:41:58.616  1308  1430 E ANDR-PERF-UTIL: Failed to update node /sys/class/kgsl/kgsl-3d0/idle_timer with value 32
06-20 18:41:58.616  1308  1430 E ANDR-PERF-UTIL: 0
06-20 18:41:58.617  1308  1430 E ANDR-PERF-RESOURCEQS: Failed to reset optimization [10, 11]
06-20 18:41:58.618  1289 25165 I SDM     : HWCSession::ProcessRequests: Pushing release fence in fenece wait queue.
06-20 18:41:58.618  1289 25165 I SDM     : HWCSession::ProcessRequests: Creating AsyncFenceWaits async thread.
06-20 18:41:58.618  1289 25165 I SDM     : HWCSession::ProcessRequests: Remove current CWB request from the pending request queue.
06-20 18:41:58.619  1289 25165 I SDM     : HWCSession::ProcessRequests: No pending cwb requests found in the queue.
06-20 18:41:58.623  1289  1506 I SDM     : HWDeviceDRM::SetupConcurrentWriteback: Tear down the Concurrent Writeback topology
06-20 18:41:58.630  1289 25166 I SDM     : HWCSession::NotifyCWBStatus: Notify the client about buffer status 0.
06-20 18:41:58.631  1289 25166 I SDM     : HWCSession::PerformFenceWaits: Remove current release fence from the pending fence wait queue.
06-20 18:41:58.631  1289 25166 I SDM     : HWCSession::PerformFenceWaits: CWB fence queue is empty. No pending release fence to wait on.
06-20 18:41:58.723  1308  1430 E ANDR-PERF-UTIL: Failed to update node /sys/class/kgsl/kgsl-3d0/idle_timer with value 32
06-20 18:41:58.723  1308  1430 E ANDR-PERF-UTIL: 0
06-20 18:41:58.723  1308  1430 E ANDR-PERF-RESOURCEQS: Failed to reset optimization [10, 11]
06-20 18:41:58.822  1308  1430 E ANDR-PERF-UTIL: Failed to update node /sys/class/kgsl/kgsl-3d0/idle_timer with value 32
06-20 18:41:58.822  1308  1430 E ANDR-PERF-UTIL: 0
06-20 18:41:58.823  1308  1430 E ANDR-PERF-RESOURCEQS: Failed to reset optimization [10, 11]
06-20 18:41:58.836  2055  3327 D libsensor-displayalgo: the value of  brightness:438.000000,R:72536851.760397,G:72648098.129250,B:72595750.200933,EVENT_C:5464.500000,EVENT_R:2091.000000,EVENT_G:2790.500000,EVENT_B:1102.000000
06-20 18:41:58.836  2055  3327 I libsensor-displayalgo: the value of  Coef1:1107.681000,Coef4:2.383000, scale1:0.935522, scale4:0.923264
06-20 18:41:58.836  2055  3327 E libsensor-displayalgo: RGB_test_0407_400_oldzy!
06-20 18:41:58.837  2055  3327 I libsensor-displayalgo: the value of  RESULT2987.512537,1179.308888,1452.244713,540.827852
06-20 18:41:58.837  2055  3327 I libsensor-displayalgo: the value of  getChannelDataCalibrated3132.243803,1092.267340,1687.950099,590.277207
06-20 18:41:58.837  2055  3327 I libsensor-displayalgo: the value of  REAL LUX135.540192
06-20 18:41:58.837  2055  3327 I libsensor-displayalgo: the value of  CAL REAL LUX135.540192
06-20 18:41:58.912  1289  2256 I vendor.qti.hardware.display.composer-service: FrameNotifyProcess Sensor: notify citsensorservice to trigger cwb
06-20 18:41:58.913  2055  2055 I libcitsensorservice@2.0-impl: msg_transfer
06-20 18:41:58.914  2055  3319 D vendor.xiaomi.sensor.citsensorservice@2.0-service: handle id:11 wxh:1280x2400 uwxuh:1080x2400 size: 9216000 fd:15 fd_meta:16 flags:0x4000228 usage:0x33  format:0x3 layer_count: 1
06-20 18:41:58.915  1289  1865 I SDM     : HWCSession::SetCWBOutputBuffer: CWB config passed by cwb_client : tappoint 1  CWB_ROI : (829.000000 4.000000 915.000000 90.000000)
06-20 18:41:58.918  1289 25170 I SDM     : HWCSession::ProcessRequests: Successfully configured CWB buffer.
06-20 18:41:58.921  1308  1430 E ANDR-PERF-UTIL: Failed to update node /sys/class/kgsl/kgsl-3d0/idle_timer with value 32
06-20 18:41:58.921  1308  1430 E ANDR-PERF-UTIL: 0
06-20 18:41:58.921  1308  1430 E ANDR-PERF-RESOURCEQS: Failed to reset optimization [10, 11]
06-20 18:41:58.929  1289 25170 I SDM     : HWCSession::ProcessRequests: Pushing release fence in fenece wait queue.
06-20 18:41:58.929  1289 25170 I SDM     : HWCSession::ProcessRequests: Creating AsyncFenceWaits async thread.
06-20 18:41:58.930  1289 25170 I SDM     : HWCSession::ProcessRequests: Remove current CWB request from the pending request queue.
06-20 18:41:58.930  1289 25170 I SDM     : HWCSession::ProcessRequests: No pending cwb requests found in the queue.
06-20 18:41:58.936  1289  1506 I SDM     : HWDeviceDRM::SetupConcurrentWriteback: Tear down the Concurrent Writeback topology
06-20 18:41:58.943  1289 25171 I SDM     : HWCSession::NotifyCWBStatus: Notify the client about buffer status 0.
06-20 18:41:58.943  1289 25171 I SDM     : HWCSession::PerformFenceWaits: Remove current release fence from the pending fence wait queue.
06-20 18:41:58.943  1289 25171 I SDM     : HWCSession::PerformFenceWaits: CWB fence queue is empty. No pending release fence to wait on.
06-20 18:41:59.119  1308  1430 E ANDR-PERF-UTIL: Failed to update node /sys/class/kgsl/kgsl-3d0/idle_timer with value 32
06-20 18:41:59.119  1308  1430 E ANDR-PERF-UTIL: 0
06-20 18:41:59.119  1308  1430 E ANDR-PERF-RESOURCEQS: Failed to reset optimization [10, 11]
06-20 18:41:59.137  2055  3327 D libsensor-displayalgo: the value of  brightness:438.000000,R:72536851.760397,G:72648098.129250,B:72595750.200933,EVENT_C:5480.500000,EVENT_R:2098.000000,EVENT_G:2798.000000,EVENT_B:1103.500000
06-20 18:41:59.137  2055  3327 I libsensor-displayalgo: the value of  Coef1:1107.681000,Coef4:2.383000, scale1:0.935522, scale4:0.923264
