07-14 18:56:04.188  1894  2342 W InputDispatcher: checkSynergyInfo mode:0 info:0 0, id:-1
07-14 18:56:04.188  1894  2342 D MIUIInput: [MotionEvent] publisher action=0x1, 115737364, channel 'ec23831 cn.missevan/cn.missevan.activity.MainActivity (server)'
07-14 18:56:04.190  1894  1923 E PointerController: [doFadingAnimationLocked:632]
07-14 18:56:04.190  1894  1923 E PointerController: [updatePointerLocked:811] mLocked.pointerIconChanged = 0
07-14 18:56:04.190  1894  1923 E PointerController: [updatePointerLocked:812] mLocked.presentationChanged = 0
07-14 18:56:04.190  1894  1923 E PointerController: [updatePointerLocked:813] mLocked.presentation = 3
07-14 18:56:04.190  1894  1923 E PointerController: [updatePointerLocked:814] mLocked.requestedPointerType = 1000
07-14 18:56:04.197   995   995 D CompositionEngine: writeOutputDependentGeometryStateToHWC layer[cn.missevan/cn.missevan.activity.MainActivity#0] set Z 134217728 miFodLayer 134217728
07-14 18:56:04.197   995   995 D CompositionEngine: writeOutputDependentGeometryStateToHWC layer[#0] set Z 134217729 miFodLayer 134217728
07-14 18:56:04.197   995   995 D CompositionEngine: writeOutputDependentGeometryStateToHWC layer[StatusBar#0] set Z 134217730 miFodLayer 134217728
07-14 18:56:04.197   995   995 D CompositionEngine: writeOutputDependentGeometryStateToHWC layer[Sprite#3] set Z 134217731 miFodLayer 134217728
07-14 18:56:04.197   995   995 D CompositionEngine: writeOutputDependentGeometryStateToHWC layer[Sprite#4] set Z 134217732 miFodLayer 134217728
07-14 18:56:04.198   995   995 D CompositionEngine: writeOutputDependentGeometryStateToHWC layer[RoundCorner#0] set Z 134217733 miFodLayer 134217728
07-14 18:56:04.198   995   995 D CompositionEngine: writeOutputDependentGeometryStateToHWC layer[RoundCorner#1] set Z 134217734 miFodLayer 134217728
07-14 18:56:04.208   995   995 D CompositionEngine: writeOutputDependentGeometryStateToHWC layer[cn.missevan/cn.missevan.activity.MainActivity#0] set Z 134217728 miFodLayer 134217728
07-14 18:56:04.208   995   995 D CompositionEngine: writeOutputDependentGeometryStateToHWC layer[#0] set Z 134217729 miFodLayer 134217728
07-14 18:56:04.208   995   995 D CompositionEngine: writeOutputDependentGeometryStateToHWC layer[StatusBar#0] set Z 134217730 miFodLayer 134217728
07-14 18:56:04.208   995   995 D CompositionEngine: writeOutputDependentGeometryStateToHWC layer[Sprite#3] set Z 134217731 miFodLayer 134217728
07-14 18:56:04.208   995   995 D CompositionEngine: writeOutputDependentGeometryStateToHWC layer[Sprite#4] set Z 134217732 miFodLayer 134217728
07-14 18:56:04.208   995   995 D CompositionEngine: writeOutputDependentGeometryStateToHWC layer[RoundCorner#0] set Z 134217733 miFodLayer 134217728
07-14 18:56:04.208   995   995 D CompositionEngine: writeOutputDependentGeometryStateToHWC layer[RoundCorner#1] set Z 134217734 miFodLayer 134217728
07-14 18:56:04.220   995   995 D CompositionEngine: writeOutputDependentGeometryStateToHWC layer[cn.missevan/cn.missevan.activity.MainActivity#0] set Z 134217728 miFodLayer 134217728
07-14 18:56:04.220   995   995 D CompositionEngine: writeOutputDependentGeometryStateToHWC layer[#0] set Z 134217729 miFodLayer 134217728
07-14 18:56:04.220   995   995 D CompositionEngine: writeOutputDependentGeometryStateToHWC layer[StatusBar#0] set Z 134217730 miFodLayer 134217728
07-14 18:56:04.220   995   995 D CompositionEngine: writeOutputDependentGeometryStateToHWC layer[Sprite#3] set Z 134217731 miFodLayer 134217728
07-14 18:56:04.220   995   995 D CompositionEngine: writeOutputDependentGeometryStateToHWC layer[Sprite#4] set Z 134217732 miFodLayer 134217728
07-14 18:56:04.220   995   995 D CompositionEngine: writeOutputDependentGeometryStateToHWC layer[RoundCorner#0] set Z 134217733 miFodLayer 134217728
07-14 18:56:04.220   995   995 D CompositionEngine: writeOutputDependentGeometryStateToHWC layer[RoundCorner#1] set Z 134217734 miFodLayer 134217728
07-14 18:56:04.230 24263 24577 D CronetEngine: [thread_background]
07-14 18:56:04.230 24263 24577 D CronetEngine: url: https://static-test.maoercdn.com/avatars/202104/01/3b794d98420d9891a1bf9dd9013bb02b173544.png?x-oss-process=image/resize,w_33/format,webp
07-14 18:56:04.230 24263 24577 D CronetEngine:  ip: 10.21.251.43
07-14 18:56:04.230 24263 24577 D CronetEngine:  hostResolverProvider:
07-14 18:56:04.230 24263 24577 D CronetEngine:  hostResolveIps: []
07-14 18:56:04.230 24263 24577 D CronetEngine: exception: null
07-14 18:56:04.231   995   995 D CompositionEngine: writeOutputDependentGeometryStateToHWC layer[cn.missevan/cn.missevan.activity.MainActivity#0] set Z 134217728 miFodLayer 134217728
07-14 18:56:04.231   995   995 D CompositionEngine: writeOutputDependentGeometryStateToHWC layer[#0] set Z 134217729 miFodLayer 134217728
07-14 18:56:04.231   995   995 D CompositionEngine: writeOutputDependentGeometryStateToHWC layer[StatusBar#0] set Z 134217730 miFodLayer 134217728
07-14 18:56:04.231   995   995 D CompositionEngine: writeOutputDependentGeometryStateToHWC layer[Sprite#3] set Z 134217731 miFodLayer 134217728
07-14 18:56:04.231   995   995 D CompositionEngine: writeOutputDependentGeometryStateToHWC layer[Sprite#4] set Z 134217732 miFodLayer 134217728
07-14 18:56:04.231   995   995 D CompositionEngine: writeOutputDependentGeometryStateToHWC layer[RoundCorner#0] set Z 134217733 miFodLayer 134217728
07-14 18:56:04.231   995   995 D CompositionEngine: writeOutputDependentGeometryStateToHWC layer[RoundCorner#1] set Z 134217734 miFodLayer 134217728
07-14 18:56:04.233 24263 24263 W ViewPager2Helper: [main] ReplaceSnapHelper success
07-14 18:56:04.236 24263 24263 I Banner  : [main] banner resume loop
07-14 18:56:04.237 24263 24263 I chatty  : uid=10837(cn.missevan) identical 1 line
07-14 18:56:04.237 24263 24263 I Banner  : [main] banner resume loop
07-14 18:56:04.242   995   995 D CompositionEngine: writeOutputDependentGeometryStateToHWC layer[cn.missevan/cn.missevan.activity.MainActivity#0] set Z 134217728 miFodLayer 134217728
07-14 18:56:04.242   995   995 D CompositionEngine: writeOutputDependentGeometryStateToHWC layer[#0] set Z 134217729 miFodLayer 134217728
07-14 18:56:04.242   995   995 D CompositionEngine: writeOutputDependentGeometryStateToHWC layer[StatusBar#0] set Z 134217730 miFodLayer 134217728
07-14 18:56:04.242   995   995 D CompositionEngine: writeOutputDependentGeometryStateToHWC layer[Sprite#3] set Z 134217731 miFodLayer 134217728
07-14 18:56:04.242   995   995 D CompositionEngine: writeOutputDependentGeometryStateToHWC layer[Sprite#4] set Z 134217732 miFodLayer 134217728
07-14 18:56:04.242   995   995 D CompositionEngine: writeOutputDependentGeometryStateToHWC layer[RoundCorner#0] set Z 134217733 miFodLayer 134217728
07-14 18:56:04.242   995   995 D CompositionEngine: writeOutputDependentGeometryStateToHWC layer[RoundCorner#1] set Z 134217734 miFodLayer 134217728
07-14 18:56:04.253   995   995 D CompositionEngine: writeOutputDependentGeometryStateToHWC layer[cn.missevan/cn.missevan.activity.MainActivity#0] set Z 134217728 miFodLayer 134217728
07-14 18:56:04.253   995   995 D CompositionEngine: writeOutputDependentGeometryStateToHWC layer[#0] set Z 134217729 miFodLayer 134217728
07-14 18:56:04.253   995   995 D CompositionEngine: writeOutputDependentGeometryStateToHWC layer[StatusBar#0] set Z 134217730 miFodLayer 134217728
07-14 18:56:04.253   995   995 D CompositionEngine: writeOutputDependentGeometryStateToHWC layer[Sprite#3] set Z 134217731 miFodLayer 134217728
07-14 18:56:04.253   995   995 D CompositionEngine: writeOutputDependentGeometryStateToHWC layer[Sprite#4] set Z 134217732 miFodLayer 134217728
07-14 18:56:04.253   995   995 D CompositionEngine: writeOutputDependentGeometryStateToHWC layer[RoundCorner#0] set Z 134217733 miFodLayer 134217728
07-14 18:56:04.253   995   995 D CompositionEngine: writeOutputDependentGeometryStateToHWC layer[RoundCorner#1] set Z 134217734 miFodLayer 134217728
07-14 18:56:04.262 24263 24263 E cn.missevan: No package ID ff found for ID 0xffffffff.
07-14 18:56:04.262 24263 24263 E cn.missevan: No package ID ff found for ID 0xffffffff.
07-14 18:56:04.264   995   995 D CompositionEngine: writeOutputDependentGeometryStateToHWC layer[cn.missevan/cn.missevan.activity.MainActivity#0] set Z 134217728 miFodLayer 134217728
07-14 18:56:04.264   995   995 D CompositionEngine: writeOutputDependentGeometryStateToHWC layer[#0] set Z 134217729 miFodLayer 134217728
07-14 18:56:04.264   995   995 D CompositionEngine: writeOutputDependentGeometryStateToHWC layer[StatusBar#0] set Z 134217730 miFodLayer 134217728
07-14 18:56:04.264   995   995 D CompositionEngine: writeOutputDependentGeometryStateToHWC layer[Sprite#3] set Z 134217731 miFodLayer 134217728
07-14 18:56:04.264   995   995 D CompositionEngine: writeOutputDependentGeometryStateToHWC layer[Sprite#4] set Z 134217732 miFodLayer 134217728
07-14 18:56:04.265   995   995 D CompositionEngine: writeOutputDependentGeometryStateToHWC layer[RoundCorner#0] set Z 134217733 miFodLayer 134217728
07-14 18:56:04.265   995   995 D CompositionEngine: writeOutputDependentGeometryStateToHWC layer[RoundCorner#1] set Z 134217734 miFodLayer 134217728
07-14 18:56:04.273 24263 24263 E cn.missevan: No package ID ff found for ID 0xffffffff.
07-14 18:56:04.273 24263 24263 E cn.missevan: No package ID ff found for ID 0xffffffff.
07-14 18:56:04.275 24263 24577 D CronetEngine: [thread_background]
07-14 18:56:04.275 24263 24577 D CronetEngine: url: http://static-test.maoercdn.com/coversmini/202112/13/abd802f46f1330393cbd311c7924b99c152110.png?x-oss-process=image/resize,w_310/format,webp
07-14 18:56:04.275 24263 24577 D CronetEngine:  ip: 10.21.251.43
07-14 18:56:04.275 24263 24577 D CronetEngine:  hostResolverProvider:
07-14 18:56:04.275 24263 24577 D CronetEngine:  hostResolveIps: []
07-14 18:56:04.275 24263 24577 D CronetEngine: exception: null
07-14 18:56:04.275   995   995 D CompositionEngine: writeOutputDependentGeometryStateToHWC layer[cn.missevan/cn.missevan.activity.MainActivity#0] set Z 134217728 miFodLayer 134217728
07-14 18:56:04.275   995   995 D CompositionEngine: writeOutputDependentGeometryStateToHWC layer[#0] set Z 134217729 miFodLayer 134217728
07-14 18:56:04.275   995   995 D CompositionEngine: writeOutputDependentGeometryStateToHWC layer[StatusBar#0] set Z 134217730 miFodLayer 134217728
07-14 18:56:04.275   995   995 D CompositionEngine: writeOutputDependentGeometryStateToHWC layer[Sprite#3] set Z 134217731 miFodLayer 134217728
07-14 18:56:04.275   995   995 D CompositionEngine: writeOutputDependentGeometryStateToHWC layer[Sprite#4] set Z 134217732 miFodLayer 134217728
07-14 18:56:04.275   995   995 D CompositionEngine: writeOutputDependentGeometryStateToHWC layer[RoundCorner#0] set Z 134217733 miFodLayer 134217728
07-14 18:56:04.275   995   995 D CompositionEngine: writeOutputDependentGeometryStateToHWC layer[RoundCorner#1] set Z 134217734 miFodLayer 134217728
07-14 18:56:04.280 24263 24577 D CronetEngine: [thread_background]
07-14 18:56:04.280 24263 24577 D CronetEngine: url: https://static-test.maoercdn.com/avatars/202206/30/57bce417a8dafdb0ef3c805f59381298155204.png?x-oss-process=image/resize,w_33/format,webp
07-14 18:56:04.280 24263 24577 D CronetEngine:  ip: 10.21.251.43
07-14 18:56:04.280 24263 24577 D CronetEngine:  hostResolverProvider:
07-14 18:56:04.280 24263 24577 D CronetEngine:  hostResolveIps: []
07-14 18:56:04.280 24263 24577 D CronetEngine: exception: null
07-14 18:56:04.283 24263 24263 E cn.missevan: No package ID ff found for ID 0xffffffff.
07-14 18:56:04.283 24263 24263 E cn.missevan: No package ID ff found for ID 0xffffffff.
07-14 18:56:04.287   995   995 D CompositionEngine: writeOutputDependentGeometryStateToHWC layer[cn.missevan/cn.missevan.activity.MainActivity#0] set Z 134217728 miFodLayer 134217728
07-14 18:56:04.287   995   995 D CompositionEngine: writeOutputDependentGeometryStateToHWC layer[#0] set Z 134217729 miFodLayer 134217728
07-14 18:56:04.287   995   995 D CompositionEngine: writeOutputDependentGeometryStateToHWC layer[StatusBar#0] set Z 134217730 miFodLayer 134217728
07-14 18:56:04.287   995   995 D CompositionEngine: writeOutputDependentGeometryStateToHWC layer[Sprite#4] set Z 134217731 miFodLayer 134217728
07-14 18:56:04.287   995   995 D CompositionEngine: writeOutputDependentGeometryStateToHWC layer[RoundCorner#0] set Z 134217732 miFodLayer 134217728
07-14 18:56:04.287   995   995 D CompositionEngine: writeOutputDependentGeometryStateToHWC layer[RoundCorner#1] set Z 134217733 miFodLayer 134217728
07-14 18:56:04.294 24263 24263 E cn.missevan: No package ID ff found for ID 0xffffffff.
07-14 18:56:04.294 24263 24263 E cn.missevan: No package ID ff found for ID 0xffffffff.
07-14 18:56:04.297   995   995 D CompositionEngine: writeOutputDependentGeometryStateToHWC layer[cn.missevan/cn.missevan.activity.MainActivity#0] set Z 134217728 miFodLayer 134217728
07-14 18:56:04.298   995   995 D CompositionEngine: writeOutputDependentGeometryStateToHWC layer[#0] set Z 134217729 miFodLayer 134217728
07-14 18:56:04.298   995   995 D CompositionEngine: writeOutputDependentGeometryStateToHWC layer[StatusBar#0] set Z 134217730 miFodLayer 134217728
07-14 18:56:04.298   995   995 D CompositionEngine: writeOutputDependentGeometryStateToHWC layer[Sprite#4] set Z 134217731 miFodLayer 134217728
07-14 18:56:04.298   995   995 D CompositionEngine: writeOutputDependentGeometryStateToHWC layer[RoundCorner#0] set Z 134217732 miFodLayer 134217728
07-14 18:56:04.298   995   995 D CompositionEngine: writeOutputDependentGeometryStateToHWC layer[RoundCorner#1] set Z 134217733 miFodLayer 134217728
07-14 18:56:04.301 24263 24577 D CronetEngine: [thread_background]
07-14 18:56:04.301 24263 24577 D CronetEngine: url: https://static-test.maoercdn.com/avatars/202012/14/01be5a0548435f1eeb9536b1275bc521151915.png?x-oss-process=image/resize,w_33/format,webp
07-14 18:56:04.301 24263 24577 D CronetEngine:  ip: 10.21.251.43
07-14 18:56:04.301 24263 24577 D CronetEngine:  hostResolverProvider:
07-14 18:56:04.301 24263 24577 D CronetEngine:  hostResolveIps: []
07-14 18:56:04.301 24263 24577 D CronetEngine: exception: null
07-14 18:56:04.305 24263 24263 E cn.missevan: No package ID ff found for ID 0xffffffff.
07-14 18:56:04.305 24263 24263 E cn.missevan: No package ID ff found for ID 0xffffffff.
07-14 18:56:04.309   995   995 D CompositionEngine: writeOutputDependentGeometryStateToHWC layer[cn.missevan/cn.missevan.activity.MainActivity#0] set Z 134217728 miFodLayer 134217728
07-14 18:56:04.309   995   995 D CompositionEngine: writeOutputDependentGeometryStateToHWC layer[#0] set Z 134217729 miFodLayer 134217728
07-14 18:56:04.309   995   995 D CompositionEngine: writeOutputDependentGeometryStateToHWC layer[StatusBar#0] set Z 134217730 miFodLayer 134217728
07-14 18:56:04.309   995   995 D CompositionEngine: writeOutputDependentGeometryStateToHWC layer[Sprite#4] set Z 134217731 miFodLayer 134217728
07-14 18:56:04.309   995   995 D CompositionEngine: writeOutputDependentGeometryStateToHWC layer[RoundCorner#0] set Z 134217732 miFodLayer 134217728
07-14 18:56:04.309   995   995 D CompositionEngine: writeOutputDependentGeometryStateToHWC layer[RoundCorner#1] set Z 134217733 miFodLayer 134217728
07-14 18:56:04.316 24263 24263 E cn.missevan: No package ID ff found for ID 0xffffffff.
07-14 18:56:04.316 24263 24263 E cn.missevan: No package ID ff found for ID 0xffffffff.
07-14 18:56:04.320   995   995 D CompositionEngine: writeOutputDependentGeometryStateToHWC layer[cn.missevan/cn.missevan.activity.MainActivity#0] set Z 134217728 miFodLayer 134217728
07-14 18:56:04.320   995   995 D CompositionEngine: writeOutputDependentGeometryStateToHWC layer[#0] set Z 134217729 miFodLayer 134217728
07-14 18:56:04.320   995   995 D CompositionEngine: writeOutputDependentGeometryStateToHWC layer[StatusBar#0] set Z 134217730 miFodLayer 134217728
07-14 18:56:04.320   995   995 D CompositionEngine: writeOutputDependentGeometryStateToHWC layer[Sprite#4] set Z 134217731 miFodLayer 134217728
07-14 18:56:04.320   995   995 D CompositionEngine: writeOutputDependentGeometryStateToHWC layer[RoundCorner#0] set Z 134217732 miFodLayer 134217728
07-14 18:56:04.320   995   995 D CompositionEngine: writeOutputDependentGeometryStateToHWC layer[RoundCorner#1] set Z 134217733 miFodLayer 134217728
07-14 18:56:04.324 24263 24263 E cn.missevan: No package ID ff found for ID 0xffffffff.
07-14 18:56:04.325 24263 24263 E cn.missevan: No package ID ff found for ID 0xffffffff.
07-14 18:56:04.329  4928  4928 V onNotificationPostedCallBack: flags=16
07-14 18:56:04.331  4928  6159 W Parcel  : **** enforceInterface() expected 'com.miui.gamebooster.service.ISecurityCenterNotificationListener' but read 'android.service.notification.INotificationListener'
07-14 18:56:04.331  4928  6159 W Binder  : Caught a RuntimeException from the binder stub implementation.
07-14 18:56:04.331  4928  6159 W Binder  : java.lang.SecurityException: Binder invocation to an incorrect interface
07-14 18:56:04.331  4928  6159 W Binder  : 	at android.os.Parcel.nativeEnforceInterface(Native Method)
07-14 18:56:04.331  4928  6159 W Binder  : 	at android.os.Parcel.enforceInterface(Parcel.java:653)
07-14 18:56:04.331  4928  6159 W Binder  : 	at com.miui.gamebooster.service.ISecurityCenterNotificationListener$Stub.onTransact(Unknown Source:18)
07-14 18:56:04.331  4928  6159 W Binder  : 	at android.os.Binder.execTransactInternal(Binder.java:1159)
07-14 18:56:04.331  4928  6159 W Binder  : 	at android.os.Binder.execTransact(Binder.java:1123)
07-14 18:56:04.331   995   995 D CompositionEngine: writeOutputDependentGeometryStateToHWC layer[cn.missevan/cn.missevan.activity.MainActivity#0] set Z 134217728 miFodLayer 134217728
07-14 18:56:04.332   995   995 D CompositionEngine: writeOutputDependentGeometryStateToHWC layer[#0] set Z 134217729 miFodLayer 134217728
07-14 18:56:04.332   995   995 D CompositionEngine: writeOutputDependentGeometryStateToHWC layer[StatusBar#0] set Z 134217730 miFodLayer 134217728
07-14 18:56:04.332   995   995 D CompositionEngine: writeOutputDependentGeometryStateToHWC layer[Sprite#4] set Z 134217731 miFodLayer 134217728
07-14 18:56:04.332   995   995 D CompositionEngine: writeOutputDependentGeometryStateToHWC layer[RoundCorner#0] set Z 134217732 miFodLayer 134217728
07-14 18:56:04.332   995   995 D CompositionEngine: writeOutputDependentGeometryStateToHWC layer[RoundCorner#1] set Z 134217733 miFodLayer 134217728
07-14 18:56:04.333  2565  2565 D InterruptionStateProvider: No bubble up: not allowed to bubble: 0|cn.missevan|2131429483|null|10837
07-14 18:56:04.334  2565  2565 D InterruptionStateProvider: No heads up: unimportant notification: 0|cn.missevan|2131429483|null|10837
07-14 18:56:04.335 24263 24577 D CronetEngine: [thread_background]
07-14 18:56:04.335 24263 24577 D CronetEngine: url: http://static-test.maoercdn.com/topic/202011/26/127292306dd5c1b80259001964e67b94175000.png?x-oss-process=style/webp
07-14 18:56:04.335 24263 24577 D CronetEngine:  ip: 10.21.251.43
07-14 18:56:04.335 24263 24577 D CronetEngine:  hostResolverProvider:
07-14 18:56:04.335 24263 24577 D CronetEngine:  hostResolveIps: []
07-14 18:56:04.335 24263 24577 D CronetEngine: exception: null
07-14 18:56:04.336 24263 24263 E cn.missevan: No package ID ff found for ID 0xffffffff.
07-14 18:56:04.337 24263 24263 E cn.missevan: No package ID ff found for ID 0xffffffff.
07-14 18:56:04.337 24263 24577 D CronetEngine: [thread_background]
07-14 18:56:04.337 24263 24577 D CronetEngine: url: http://static-test.maoercdn.com/topic/202011/26/a09b1ef278802f91aba8c935637017b3175016.png?x-oss-process=style/webp
07-14 18:56:04.337 24263 24577 D CronetEngine:  ip: 10.21.251.43
07-14 18:56:04.337 24263 24577 D CronetEngine:  hostResolverProvider:
07-14 18:56:04.337 24263 24577 D CronetEngine:  hostResolveIps: []
07-14 18:56:04.337 24263 24577 D CronetEngine: exception: null
07-14 18:56:04.342   995   995 D CompositionEngine: writeOutputDependentGeometryStateToHWC layer[cn.missevan/cn.missevan.activity.MainActivity#0] set Z 134217728 miFodLayer 134217728
07-14 18:56:04.342   995   995 D CompositionEngine: writeOutputDependentGeometryStateToHWC layer[#0] set Z 134217729 miFodLayer 134217728
07-14 18:56:04.342   995   995 D CompositionEngine: writeOutputDependentGeometryStateToHWC layer[StatusBar#0] set Z 134217730 miFodLayer 134217728
07-14 18:56:04.342   995   995 D CompositionEngine: writeOutputDependentGeometryStateToHWC layer[Sprite#4] set Z 134217731 miFodLayer 134217728
07-14 18:56:04.342   995   995 D CompositionEngine: writeOutputDependentGeometryStateToHWC layer[RoundCorner#0] set Z 134217732 miFodLayer 134217728
07-14 18:56:04.342   995   995 D CompositionEngine: writeOutputDependentGeometryStateToHWC layer[RoundCorner#1] set Z 134217733 miFodLayer 134217728
07-14 18:56:04.346 24263 24263 E cn.missevan: No package ID ff found for ID 0xffffffff.
07-14 18:56:04.346 24263 24263 E cn.missevan: No package ID ff found for ID 0xffffffff.
07-14 18:56:04.353   995   995 D CompositionEngine: writeOutputDependentGeometryStateToHWC layer[cn.missevan/cn.missevan.activity.MainActivity#0] set Z 134217728 miFodLayer 134217728
07-14 18:56:04.353   995   995 D CompositionEngine: writeOutputDependentGeometryStateToHWC layer[#0] set Z 134217729 miFodLayer 134217728
07-14 18:56:04.353   995   995 D CompositionEngine: writeOutputDependentGeometryStateToHWC layer[StatusBar#0] set Z 134217730 miFodLayer 134217728
07-14 18:56:04.353   995   995 D CompositionEngine: writeOutputDependentGeometryStateToHWC layer[Sprite#4] set Z 134217731 miFodLayer 134217728
07-14 18:56:04.353   995   995 D CompositionEngine: writeOutputDependentGeometryStateToHWC layer[RoundCorner#0] set Z 134217732 miFodLayer 134217728
07-14 18:56:04.353   995   995 D CompositionEngine: writeOutputDependentGeometryStateToHWC layer[RoundCorner#1] set Z 134217733 miFodLayer 134217728
07-14 18:56:04.353 24263 24263 E cn.missevan: No package ID ff found for ID 0xffffffff.
07-14 18:56:04.353 24263 24263 E cn.missevan: No package ID ff found for ID 0xffffffff.
07-14 18:56:04.364   995   995 D CompositionEngine: writeOutputDependentGeometryStateToHWC layer[cn.missevan/cn.missevan.activity.MainActivity#0] set Z 134217728 miFodLayer 134217728
07-14 18:56:04.364   995   995 D CompositionEngine: writeOutputDependentGeometryStateToHWC layer[#0] set Z 134217729 miFodLayer 134217728
07-14 18:56:04.364   995   995 D CompositionEngine: writeOutputDependentGeometryStateToHWC layer[StatusBar#0] set Z 134217730 miFodLayer 134217728
07-14 18:56:04.364   995   995 D CompositionEngine: writeOutputDependentGeometryStateToHWC layer[Sprite#4] set Z 134217731 miFodLayer 134217728
07-14 18:56:04.364   995   995 D CompositionEngine: writeOutputDependentGeometryStateToHWC layer[RoundCorner#0] set Z 134217732 miFodLayer 134217728
07-14 18:56:04.364   995   995 D CompositionEngine: writeOutputDependentGeometryStateToHWC layer[RoundCorner#1] set Z 134217733 miFodLayer 134217728
07-14 18:56:04.365 24263 24263 W ViewPager2Helper: [main] ReplaceSnapHelper success
07-14 18:56:04.368 24263 24263 I Banner  : [main] banner resume loop
07-14 18:56:04.369 24263 24263 I chatty  : uid=10837(cn.missevan) identical 1 line
07-14 18:56:04.369 24263 24263 I Banner  : [main] banner resume loop
07-14 18:56:04.376   995   995 D CompositionEngine: writeOutputDependentGeometryStateToHWC layer[cn.missevan/cn.missevan.activity.MainActivity#0] set Z 134217728 miFodLayer 134217728
07-14 18:56:04.376   995   995 D CompositionEngine: writeOutputDependentGeometryStateToHWC layer[#0] set Z 134217729 miFodLayer 134217728
07-14 18:56:04.376   995   995 D CompositionEngine: writeOutputDependentGeometryStateToHWC layer[StatusBar#0] set Z 134217730 miFodLayer 134217728
07-14 18:56:04.376   995   995 D CompositionEngine: writeOutputDependentGeometryStateToHWC layer[Sprite#4] set Z 134217731 miFodLayer 134217728
07-14 18:56:04.376   995   995 D CompositionEngine: writeOutputDependentGeometryStateToHWC layer[RoundCorner#0] set Z 134217732 miFodLayer 134217728
07-14 18:56:04.376   995   995 D CompositionEngine: writeOutputDependentGeometryStateToHWC layer[RoundCorner#1] set Z 134217733 miFodLayer 134217728
07-14 18:56:04.386   995   995 D CompositionEngine: writeOutputDependentGeometryStateToHWC layer[cn.missevan/cn.missevan.activity.MainActivity#0] set Z 134217728 miFodLayer 134217728
07-14 18:56:04.386   995   995 D CompositionEngine: writeOutputDependentGeometryStateToHWC layer[#0] set Z 134217729 miFodLayer 134217728
07-14 18:56:04.386   995   995 D CompositionEngine: writeOutputDependentGeometryStateToHWC layer[StatusBar#0] set Z 134217730 miFodLayer 134217728
07-14 18:56:04.386   995   995 D CompositionEngine: writeOutputDependentGeometryStateToHWC layer[Sprite#4] set Z 134217731 miFodLayer 134217728
07-14 18:56:04.386   995   995 D CompositionEngine: writeOutputDependentGeometryStateToHWC layer[RoundCorner#0] set Z 134217732 miFodLayer 134217728
07-14 18:56:04.386   995   995 D CompositionEngine: writeOutputDependentGeometryStateToHWC layer[RoundCorner#1] set Z 134217733 miFodLayer 134217728
07-14 18:56:04.387   601   601 E SELinux : avc:  denied  { find } for pid=4514 uid=10181 name=tethering scontext=u:r:vendor_systemhelper_app:s0:c512,c768 tcontext=u:object_r:tethering_service:s0 tclass=service_manager permissive=0
07-14 18:56:04.391 24263 24577 D CronetEngine: [thread_background]
07-14 18:56:04.391 24263 24577 D CronetEngine: url: http://static-test.maoercdn.com/coversmini/201409/13/9cdbc494f1212df0fcaf95c5b1628b87175520.jpg?x-oss-process=image/resize,w_310/format,webp
07-14 18:56:04.391 24263 24577 D CronetEngine:  ip: 10.21.251.43
07-14 18:56:04.391 24263 24577 D CronetEngine:  hostResolverProvider:
07-14 18:56:04.391 24263 24577 D CronetEngine:  hostResolveIps: []
07-14 18:56:04.391 24263 24577 D CronetEngine: exception: null
07-14 18:56:04.397   995   995 D CompositionEngine: writeOutputDependentGeometryStateToHWC layer[cn.missevan/cn.missevan.activity.MainActivity#0] set Z 134217728 miFodLayer 134217728
07-14 18:56:04.398   995   995 D CompositionEngine: writeOutputDependentGeometryStateToHWC layer[#0] set Z 134217729 miFodLayer 134217728
07-14 18:56:04.398   995   995 D CompositionEngine: writeOutputDependentGeometryStateToHWC layer[StatusBar#0] set Z 134217730 miFodLayer 134217728
07-14 18:56:04.398   995   995 D CompositionEngine: writeOutputDependentGeometryStateToHWC layer[Sprite#4] set Z 134217731 miFodLayer 134217728
07-14 18:56:04.398   995   995 D CompositionEngine: writeOutputDependentGeometryStateToHWC layer[RoundCorner#0] set Z 134217732 miFodLayer 134217728
07-14 18:56:04.398   995   995 D CompositionEngine: writeOutputDependentGeometryStateToHWC layer[RoundCorner#1] set Z 134217733 miFodLayer 134217728
07-14 18:56:04.409   995   995 D CompositionEngine: writeOutputDependentGeometryStateToHWC layer[cn.missevan/cn.missevan.activity.MainActivity#0] set Z 134217728 miFodLayer 134217728
07-14 18:56:04.409   995   995 D CompositionEngine: writeOutputDependentGeometryStateToHWC layer[#0] set Z 134217729 miFodLayer 134217728
07-14 18:56:04.409   995   995 D CompositionEngine: writeOutputDependentGeometryStateToHWC layer[StatusBar#0] set Z 134217730 miFodLayer 134217728
07-14 18:56:04.409   995   995 D CompositionEngine: writeOutputDependentGeometryStateToHWC layer[RoundCorner#0] set Z 134217731 miFodLayer 134217728
07-14 18:56:04.409   995   995 D CompositionEngine: writeOutputDependentGeometryStateToHWC layer[RoundCorner#1] set Z 134217732 miFodLayer 134217728
07-14 18:56:04.422 24263 24263 W Looper  : PerfMonitor doFrame : time=477ms vsyncFrame=0 latency=22ms procState=2 historyMsgCount=4
07-14 18:56:04.422 24263 24263 W InputEventReceiver: App Input: 370ms before dispatchInputEvent (MotionEvent: event_seq=129, seq=50950, action=ACTION_DOWN)
07-14 18:56:04.422 24263 24263 D MIUIInput: [MotionEvent] ViewRootImpl { action=ACTION_DOWN, id[0]=0, pointerCount=1, eventTime=115737228, downTime=115737228 } moveCount:0
07-14 18:56:04.423 24263 24263 W InputEventReceiver: App Input: 359ms before dispatchInputEvent (MotionEvent: event_seq=133, seq=50953, action=ACTION_UP)
07-14 18:56:04.423 24263 24263 D MIUIInput: [MotionEvent] ViewRootImpl { action=ACTION_UP, id[0]=0, pointerCount=1, eventTime=115737240, downTime=115737228 } moveCount:0
07-14 18:56:04.424 24263 24263 D MIUIInput: [MotionEvent] ViewRootImpl { action=ACTION_DOWN, id[0]=0, pointerCount=1, eventTime=115737358, downTime=115737358 } moveCount:0
07-14 18:56:04.424 24263 24263 D MIUIInput: [MotionEvent] ViewRootImpl { action=ACTION_UP, id[0]=0, pointerCount=1, eventTime=115737364, downTime=115737358 } moveCount:0
07-14 18:56:04.427 24263 24263 I Choreographer: Skipped 43 frames!  The application may be doing too much work on its main thread.
07-14 18:56:04.433 24263 24263 W Looper  : PerfMonitor doFrame : time=6ms vsyncFrame=0 latency=482ms procState=2 historyMsgCount=7 (msgIndex=2 wall=477ms seq=2547 running=399ms runnable=16ms io=10ms late=22ms h=android.view.Choreographer$FrameHandler c=android.view.Choreographer$FrameDisplayEventReceiver)
07-14 18:56:04.435 24263 24577 D CronetEngine: [thread_background]
07-14 18:56:04.435 24263 24577 D CronetEngine: url: http://static-test.maoercdn.com/homepage/icons/202110/19/21ad5dcca9b0731c663080fe00486129225402.png?x-oss-process=style/webp
07-14 18:56:04.435 24263 24577 D CronetEngine:  ip: 10.21.251.43
07-14 18:56:04.435 24263 24577 D CronetEngine:  hostResolverProvider:
07-14 18:56:04.435 24263 24577 D CronetEngine:  hostResolveIps: []
07-14 18:56:04.435 24263 24577 D CronetEngine: exception: null
07-14 18:56:04.441 24263 24263 W Glide   : Load failed for http://static-test.maoercdn.com/coversmini/201409/13/9cdbc494f1212df0fcaf95c5b1628b87175520.jpg with size [310x310]
07-14 18:56:04.441 24263 24263 W Glide   : class com.bumptech.glide.load.a.q: Failed to load resource
07-14 18:56:04.441 24263 24263 W Glide   : There was 1 root cause:
07-14 18:56:04.441 24263 24263 W Glide   : com.bumptech.glide.load.e(Not Found, status code: 404)
07-14 18:56:04.441 24263 24263 W Glide   :  call GlideException#logRootCauses(String) for more detail
07-14 18:56:04.441 24263 24263 W Glide   :   Cause (1 of 1): class com.bumptech.glide.load.a.q: Fetching data failed, class java.io.InputStream, REMOTE
07-14 18:56:04.441 24263 24263 W Glide   : There was 1 root cause:
07-14 18:56:04.441 24263 24263 W Glide   : com.bumptech.glide.load.e(Not Found, status code: 404)
07-14 18:56:04.441 24263 24263 W Glide   :  call GlideException#logRootCauses(String) for more detail
07-14 18:56:04.441 24263 24263 W Glide   :     Cause (1 of 1): class com.bumptech.glide.load.e: Not Found, status code: 404
07-14 18:56:04.441 24263 24263 I Glide   : Root cause (1 of 1)
07-14 18:56:04.441 24263 24263 I Glide   : com.bumptech.glide.load.e: Not Found, status code: 404
07-14 18:56:04.441 24263 24263 I Glide   : 	at com.bumptech.glide.integration.okhttp3.b.onResponse(SourceFile:71)
07-14 18:56:04.441 24263 24263 I Glide   : 	at okhttp3.ac$a.execute(SourceFile:221)
07-14 18:56:04.441 24263 24263 I Glide   : 	at okhttp3.internal.b.run(SourceFile:32)
07-14 18:56:04.441 24263 24263 I Glide   : 	at java.util.concurrent.ThreadPoolExecutor.runWorker(ThreadPoolExecutor.java:1167)
07-14 18:56:04.441 24263 24263 I Glide   : 	at java.util.concurrent.ThreadPoolExecutor$Worker.run(ThreadPoolExecutor.java:641)
07-14 18:56:04.441 24263 24263 I Glide   : 	at java.lang.Thread.run(Thread.java:923)
07-14 18:56:04.463 24263 24577 D CronetEngine: [thread_background]
07-14 18:56:04.463 24263 24577 D CronetEngine: url: http://static-test.maoercdn.com/homepage/icons/202110/19/61f61a6bce36654cefcc49de028f91f8225135.png?x-oss-process=style/webp
07-14 18:56:04.463 24263 24577 D CronetEngine:  ip: 10.21.251.43
07-14 18:56:04.463 24263 24577 D CronetEngine:  hostResolverProvider:
07-14 18:56:04.463 24263 24577 D CronetEngine:  hostResolveIps: []
07-14 18:56:04.463 24263 24577 D CronetEngine: exception: null
07-14 18:56:04.472 24263 24577 D CronetEngine: [thread_background]
07-14 18:56:04.472 24263 24577 D CronetEngine: url: http://static-test.maoercdn.com/homepage/icons/202110/19/1c2c33fc4f1d426d509ee39cdd7de79c225512.png?x-oss-process=style/webp
07-14 18:56:04.472 24263 24577 D CronetEngine:  ip: 10.21.251.43
07-14 18:56:04.472 24263 24577 D CronetEngine:  hostResolverProvider:
07-14 18:56:04.472 24263 24577 D CronetEngine:  hostResolveIps: []
07-14 18:56:04.472 24263 24577 D CronetEngine: exception: null
07-14 18:56:04.519   904  3454 I vendor.qti.bluetooth@1.0-ibs_handler: ProcessIbsCmd: Received IBS_WAKE_IND: 0xFD
07-14 18:56:04.519   904  3454 D vendor.qti.bluetooth@1.0-ibs_handler: SerialClockVote: vote for UART CLK ON
07-14 18:56:04.519   904  3454 D vendor.qti.bluetooth@1.0-wake_lock: Acquire wakelock is acquired
07-14 18:56:04.519   904  3454 I vendor.qti.bluetooth@1.0-ibs_handler: ProcessIbsCmd: Writing IBS_WAKE_ACK
07-14 18:56:04.520  2502  3457 V bt_stack: [VERBOSE1:btm_ble_gap.cc(1924)] btm_ble_process_ext_adv_pkt: bda=18:1b:ff:1b:3e:12
07-14 18:56:04.520  2502  3457 V bt_stack: [VERBOSE1:btm_ble_gap.cc(1848)] btm_ble_process_adv_addr: bda=18:1b:ff:1b:3e:12
07-14 18:56:04.520  2502  3457 V bt_stack: [VERBOSE1:btm_inq.cc(1019)] BTM_InqDbRead: bd addr 18:1b:ff:1b:3e:12
07-14 18:56:04.533 24263 24577 D CronetEngine: [thread_background]
07-14 18:56:04.533 24263 24577 D CronetEngine: url: http://static-test.maoercdn.com/coversmini/201409/13/c0f14cde5ce8dc0d6b89b3d15cbfe801182705.jpg?x-oss-process=image/resize,w_310/format,webp
07-14 18:56:04.533 24263 24577 D CronetEngine:  ip: 10.21.251.43
07-14 18:56:04.533 24263 24577 D CronetEngine:  hostResolverProvider:
07-14 18:56:04.533 24263 24577 D CronetEngine:  hostResolveIps: []
07-14 18:56:04.533 24263 24577 D CronetEngine: exception: null
07-14 18:56:04.534  1894  2363 I MiuiNetworkPolicy: bandwidth: 58 KB/s, Max bandwidth: 1412 KB/s
07-14 18:56:04.537 24263 24263 W Glide   : Load failed for http://static-test.maoercdn.com/coversmini/201409/13/c0f14cde5ce8dc0d6b89b3d15cbfe801182705.jpg with size [310x310]
07-14 18:56:04.537 24263 24263 W Glide   : class com.bumptech.glide.load.a.q: Failed to load resource
07-14 18:56:04.537 24263 24263 W Glide   : There was 1 root cause:
07-14 18:56:04.537 24263 24263 W Glide   : com.bumptech.glide.load.e(Not Found, status code: 404)
07-14 18:56:04.537 24263 24263 W Glide   :  call GlideException#logRootCauses(String) for more detail
07-14 18:56:04.537 24263 24263 W Glide   :   Cause (1 of 1): class com.bumptech.glide.load.a.q: Fetching data failed, class java.io.InputStream, REMOTE
07-14 18:56:04.537 24263 24263 W Glide   : There was 1 root cause:
07-14 18:56:04.537 24263 24263 W Glide   : com.bumptech.glide.load.e(Not Found, status code: 404)
07-14 18:56:04.537 24263 24263 W Glide   :  call GlideException#logRootCauses(String) for more detail
07-14 18:56:04.537 24263 24263 W Glide   :     Cause (1 of 1): class com.bumptech.glide.load.e: Not Found, status code: 404
07-14 18:56:04.538 24263 24263 I Glide   : Root cause (1 of 1)
07-14 18:56:04.538 24263 24263 I Glide   : com.bumptech.glide.load.e: Not Found, status code: 404
07-14 18:56:04.538 24263 24263 I Glide   : 	at com.bumptech.glide.integration.okhttp3.b.onResponse(SourceFile:71)
07-14 18:56:04.538 24263 24263 I Glide   : 	at okhttp3.ac$a.execute(SourceFile:221)
07-14 18:56:04.538 24263 24263 I Glide   : 	at okhttp3.internal.b.run(SourceFile:32)
07-14 18:56:04.538 24263 24263 I Glide   : 	at java.util.concurrent.ThreadPoolExecutor.runWorker(ThreadPoolExecutor.java:1167)
07-14 18:56:04.538 24263 24263 I Glide   : 	at java.util.concurrent.ThreadPoolExecutor$Worker.run(ThreadPoolExecutor.java:641)
07-14 18:56:04.538 24263 24263 I Glide   : 	at java.lang.Thread.run(Thread.java:923)
07-14 18:56:04.540 24263 24577 D CronetEngine: [thread_background]
07-14 18:56:04.540 24263 24577 D CronetEngine: url: http://static-test.maoercdn.com/topic/202011/26/9441c54fb7a3ef479f18eb2f7d58bbc8175454.png?x-oss-process=style/webp
07-14 18:56:04.540 24263 24577 D CronetEngine:  ip: 10.21.251.43
07-14 18:56:04.540 24263 24577 D CronetEngine:  hostResolverProvider:
07-14 18:56:04.540 24263 24577 D CronetEngine:  hostResolveIps: []
07-14 18:56:04.540 24263 24577 D CronetEngine: exception: null
07-14 18:56:04.587 24263 24577 D CronetEngine: [thread_background]
07-14 18:56:04.587 24263 24577 D CronetEngine: url: https://static-test.maoercdn.com/avatars/202009/03/2179735e3ea1343e4fe4332857153fed172852.png?x-oss-process=image/resize,w_33/format,webp
07-14 18:56:04.587 24263 24577 D CronetEngine:  ip: 10.21.251.43
07-14 18:56:04.587 24263 24577 D CronetEngine:  hostResolverProvider:
07-14 18:56:04.587 24263 24577 D CronetEngine:  hostResolveIps: []
07-14 18:56:04.587 24263 24577 D CronetEngine: exception: null
07-14 18:56:04.588   601   601 E SELinux : avc:  denied  { find } for pid=4514 uid=10181 name=tethering scontext=u:r:vendor_systemhelper_app:s0:c512,c768 tcontext=u:object_r:tethering_service:s0 tclass=service_manager permissive=0
07-14 18:56:04.589 24263 24577 D CronetEngine: [thread_background]
07-14 18:56:04.589 24263 24577 D CronetEngine: url: http://static-test.maoercdn.com/app/catalog/icon/46.png?x-oss-process=image/resize,w_110/format,webp
07-14 18:56:04.589 24263 24577 D CronetEngine:  ip: 10.21.251.43
07-14 18:56:04.589 24263 24577 D CronetEngine:  hostResolverProvider:
07-14 18:56:04.589 24263 24577 D CronetEngine:  hostResolveIps: []
07-14 18:56:04.589 24263 24577 D CronetEngine: exception: null
07-14 18:56:04.596 24263 24577 D CronetEngine: [thread_background]
07-14 18:56:04.596 24263 24577 D CronetEngine: url: http://static-test.maoercdn.com/topic/202011/26/987c9ad85bb9c973080e0355c36f0e7a175525.png?x-oss-process=style/webp
07-14 18:56:04.596 24263 24577 D CronetEngine:  ip: 10.21.251.43
07-14 18:56:04.596 24263 24577 D CronetEngine:  hostResolverProvider:
07-14 18:56:04.596 24263 24577 D CronetEngine:  hostResolveIps: []
07-14 18:56:04.596 24263 24577 D CronetEngine: exception: null
07-14 18:56:04.600   904  3454 I vendor.qti.bluetooth@1.0-ibs_handler: ProcessIbsCmd: Received IBS_SLEEP_IND: 0xFE
07-14 18:56:04.600   904  3454 D vendor.qti.bluetooth@1.0-ibs_handler: SerialClockVote: vote for UART CLK OFF
07-14 18:56:04.636 24263 24577 D CronetEngine: [thread_background]
07-14 18:56:04.636 24263 24577 D CronetEngine: url: http://static-test.missevan.com/avatars/icon01.png?x-oss-process=image/resize,w_481/format,webp
07-14 18:56:04.636 24263 24577 D CronetEngine:  ip: 10.21.251.43
07-14 18:56:04.636 24263 24577 D CronetEngine:  hostResolverProvider:
07-14 18:56:04.636 24263 24577 D CronetEngine:  hostResolveIps: []
07-14 18:56:04.636 24263 24577 D CronetEngine: exception: null
07-14 18:56:04.644 24263 24577 D CronetEngine: [thread_background]
07-14 18:56:04.644 24263 24577 D CronetEngine: url: http://static-test.maoercdn.com/app/catalog/icon/8.png?x-oss-process=image/resize,w_110/format,webp
07-14 18:56:04.644 24263 24577 D CronetEngine:  ip: 10.21.251.43
07-14 18:56:04.644 24263 24577 D CronetEngine:  hostResolverProvider:
07-14 18:56:04.644 24263 24577 D CronetEngine:  hostResolveIps: []
07-14 18:56:04.644 24263 24577 D CronetEngine: exception: null
07-14 18:56:04.678 24263 24577 D CronetEngine: [thread_background]
07-14 18:56:04.678 24263 24577 D CronetEngine: url: http://static-test.maoercdn.com/topic/202011/26/4d4c8c96eb2a92a89d5323a553768d22180412.gif?x-oss-process=style/webp
07-14 18:56:04.678 24263 24577 D CronetEngine:  ip: 10.21.251.43
07-14 18:56:04.678 24263 24577 D CronetEngine:  hostResolverProvider:
07-14 18:56:04.678 24263 24577 D CronetEngine:  hostResolveIps: []
07-14 18:56:04.678 24263 24577 D CronetEngine: exception: null
07-14 18:56:04.711 24263 24577 D CronetEngine: [thread_background]
07-14 18:56:04.711 24263 24577 D CronetEngine: url: http://static-test.maoercdn.com/app/catalog/icon/5.png?x-oss-process=image/resize,w_110/format,webp
07-14 18:56:04.711 24263 24577 D CronetEngine:  ip: 10.21.251.43
07-14 18:56:04.711 24263 24577 D CronetEngine:  hostResolverProvider:
07-14 18:56:04.711 24263 24577 D CronetEngine:  hostResolveIps: []
07-14 18:56:04.711 24263 24577 D CronetEngine: exception: null
07-14 18:56:04.719 24263 24577 D CronetEngine: [thread_background]
07-14 18:56:04.719 24263 24577 D CronetEngine: url: https://static-test.missevan.com/mimages/202107/08/90a786846445482a0786fbf9e07e9d47115205.png?x-oss-process=image/resize,w_1003/format,webp
07-14 18:56:04.719 24263 24577 D CronetEngine:  ip: 10.21.251.43
07-14 18:56:04.719 24263 24577 D CronetEngine:  hostResolverProvider:
07-14 18:56:04.719 24263 24577 D CronetEngine:  hostResolveIps: []
07-14 18:56:04.719 24263 24577 D CronetEngine: exception: null
07-14 18:56:04.737 24263 24292 D LeakCanary: Setting up flushing for Thread[DplusCacheApi,5,main]
07-14 18:56:04.741 24263 24577 D CronetEngine: [thread_background]
07-14 18:56:04.741 24263 24577 D CronetEngine: url: https://static-test.missevan.com/coversmini/202108/11/128d81ce30c32ea51ef6ba90ba95e740153013.jpg?x-oss-process=image/resize,w_310/format,webp
07-14 18:56:04.741 24263 24577 D CronetEngine:  ip: 10.21.251.43
07-14 18:56:04.741 24263 24577 D CronetEngine:  hostResolverProvider:
07-14 18:56:04.741 24263 24577 D CronetEngine:  hostResolveIps: []
07-14 18:56:04.741 24263 24577 D CronetEngine: exception: null
07-14 18:56:04.745 24263 24577 D CronetEngine: [thread_background]
07-14 18:56:04.745 24263 24577 D CronetEngine: url: https://static-test.missevan.com/coversmini/202108/11/4d316dd52c850e4feea8b5046d3e8ab1143853.jpg?x-oss-process=image/resize,w_310/format,webp
07-14 18:56:04.745 24263 24577 D CronetEngine:  ip: 10.21.251.43
07-14 18:56:04.745 24263 24577 D CronetEngine:  hostResolverProvider:
07-14 18:56:04.745 24263 24577 D CronetEngine:  hostResolveIps: []
07-14 18:56:04.745 24263 24577 D CronetEngine: exception: null
07-14 18:56:04.750   904  3130 D vendor.qti.bluetooth@1.0-wake_lock: Release wakelock is released
07-14 18:56:04.754 24263 24577 D CronetEngine: [thread_background]
07-14 18:56:04.754 24263 24577 D CronetEngine: url: https://static-test.missevan.com/coversmini/202101/25/801040e6e64ff115256fe8501ccc8ba1121457.jpeg?x-oss-process=image/resize,w_310/format,webp
07-14 18:56:04.754 24263 24577 D CronetEngine:  ip: 10.21.251.43
07-14 18:56:04.754 24263 24577 D CronetEngine:  hostResolverProvider:
07-14 18:56:04.754 24263 24577 D CronetEngine:  hostResolveIps: []
07-14 18:56:04.754 24263 24577 D CronetEngine: exception: null
07-14 18:56:04.757 24263 24577 D CronetEngine: [thread_background]
07-14 18:56:04.757 24263 24577 D CronetEngine: url: http://static-test.maoercdn.com/topic/202012/18/7b6aa9234339217ca2ebf445243f1bdf162641.png?x-oss-process=style/webp
07-14 18:56:04.757 24263 24577 D CronetEngine:  ip: 10.21.251.43
07-14 18:56:04.757 24263 24577 D CronetEngine:  hostResolverProvider:
07-14 18:56:04.757 24263 24577 D CronetEngine:  hostResolveIps: []
07-14 18:56:04.757 24263 24577 D CronetEngine: exception: null
07-14 18:56:04.760 24263 24577 D CronetEngine: [thread_background]
07-14 18:56:04.760 24263 24577 D CronetEngine: url: https://static-test.missevan.com/coversmini/202108/11/bfe54f463ea8bf754e76aac0f0d83ceb154507.jpg?x-oss-process=image/resize,w_310/format,webp
07-14 18:56:04.760 24263 24577 D CronetEngine:  ip: 10.21.251.43
07-14 18:56:04.760 24263 24577 D CronetEngine:  hostResolverProvider:
07-14 18:56:04.760 24263 24577 D CronetEngine:  hostResolveIps: []
07-14 18:56:04.760 24263 24577 D CronetEngine: exception: null
07-14 18:56:04.775 24263 24577 D CronetEngine: [thread_background]
07-14 18:56:04.775 24263 24577 D CronetEngine: url: https://static-test.missevan.com/coversmini/202108/24/b5cec83356f634c81add1f56cfda3cfe133214.jpg?x-oss-process=image/resize,w_310/format,webp
07-14 18:56:04.775 24263 24577 D CronetEngine:  ip: 10.21.251.43
07-14 18:56:04.775 24263 24577 D CronetEngine:  hostResolverProvider:
07-14 18:56:04.775 24263 24577 D CronetEngine:  hostResolveIps: []
07-14 18:56:04.775 24263 24577 D CronetEngine: exception: null
07-14 18:56:04.784 24263 24577 D CronetEngine: [thread_background]
07-14 18:56:04.784 24263 24577 D CronetEngine: url: http://static-test.maoercdn.com/topic/202012/18/b360e02a83c98b8724a6209a65d3c455111355.png?x-oss-process=style/webp
07-14 18:56:04.784 24263 24577 D CronetEngine:  ip: 10.21.251.43
07-14 18:56:04.784 24263 24577 D CronetEngine:  hostResolverProvider:
07-14 18:56:04.784 24263 24577 D CronetEngine:  hostResolveIps: []
07-14 18:56:04.784 24263 24577 D CronetEngine: exception: null
07-14 18:56:04.789   601   601 E SELinux : avc:  denied  { find } for pid=4514 uid=10181 name=tethering scontext=u:r:vendor_systemhelper_app:s0:c512,c768 tcontext=u:object_r:tethering_service:s0 tclass=service_manager permissive=0
07-14 18:56:04.805 24263 24577 D CronetEngine: [thread_background]
07-14 18:56:04.805 24263 24577 D CronetEngine: url: http://static-test.maoercdn.com/app/catalog/icon/108.png?x-oss-process=image/resize,w_110/format,webp
07-14 18:56:04.805 24263 24577 D CronetEngine:  ip: 10.21.251.43
07-14 18:56:04.805 24263 24577 D CronetEngine:  hostResolverProvider:
07-14 18:56:04.805 24263 24577 D CronetEngine:  hostResolveIps: []
07-14 18:56:04.805 24263 24577 D CronetEngine: exception: null
07-14 18:56:04.806 24263 24577 D CronetEngine: [thread_background]
07-14 18:56:04.806 24263 24577 D CronetEngine: url: https://static-test.missevan.com/coversmini/202108/19/9ef9c64ac67368dee83e0bd487b96a89191751.jpg?x-oss-process=image/resize,w_310/format,webp
07-14 18:56:04.806 24263 24577 D CronetEngine:  ip: 10.21.251.43
07-14 18:56:04.806 24263 24577 D CronetEngine:  hostResolverProvider:
07-14 18:56:04.806 24263 24577 D CronetEngine:  hostResolveIps: []
07-14 18:56:04.806 24263 24577 D CronetEngine: exception: null
07-14 18:56:04.819 24717 24779 D NAccs.InAppConn_default:  startChannelService
07-14 18:56:04.820 24717 24779 D NAccs.Config:  getAgooAppKey appkey:umeng:546d7dd7fd98c58fc800082c
07-14 18:56:04.821 24717 24779 I NAccs.a :  dispatchIntent bind service start intent:Intent { act=com.taobao.accs.intent.action.START_SERVICE cmp=cn.missevan/com.taobao.accs.ChannelService (has extras) }
07-14 18:56:04.828 24717 24779 D NAccs.AdapterGlobalClientInfo:  getAgooCustomServiceName serviceName:com.umeng.message.UmengIntentService
07-14 18:56:04.828 24717 24717 D NAccs.a :  bindService connected componentName:ComponentInfo{cn.missevan/com.taobao.accs.ChannelService}
07-14 18:56:04.828 24717 24779 I NAccs.a :  dispatchIntent bind service start intent:Intent { act=org.agoo.android.intent.action.REPORT pkg=cn.missevan cmp=cn.missevan/com.umeng.message.UmengIntentService }
07-14 18:56:04.833 24836 24836 I NAccs.BaseService:  handleMessage on receive msg msg:{ when=0 what=0 target=com.taobao.accs.base.BaseService$1 }
07-14 18:56:04.834 24836 24836 I NAccs.BaseService:  handleMessage get intent success intent:Intent { act=com.taobao.accs.intent.action.START_SERVICE cmp=cn.missevan/com.taobao.accs.ChannelService (has extras) }
07-14 18:56:04.835 24836 24883 I NAccs.ElectionServiceImpl:  onStartCommand begin action:com.taobao.accs.intent.action.START_SERVICE
07-14 18:56:04.836 24836 24883 I NAccs.ElectionServiceImpl:  handleStartCommand configTag:default appkey:umeng:546d7dd7fd98c58fc800082c appSecret:64e8358a59d434e5546720db97ab5996 ttid:android@umeng pkg:cn.missevan
07-14 18:56:04.836 24717 24717 D NAccs.a :  bindService connected componentName:ComponentInfo{cn.missevan/com.umeng.message.UmengIntentService}
07-14 18:56:04.836 24836 24883 I NAccs.ElectionServiceImpl:  getConnection configTag:default start:false
07-14 18:56:04.836 24836 24883 I NAccs.ServiceImpl:  onHostStartCommand intent:Intent { act=com.taobao.accs.intent.action.START_SERVICE cmp=cn.missevan/com.taobao.accs.ChannelService (has extras) }
07-14 18:56:04.837 24836 24883 D NAccs.ServiceImpl:  onHostStartCommand key:appKey  value:umeng:546d7dd7fd98c58fc800082c
07-14 18:56:04.837 24836 24883 D NAccs.ServiceImpl:  onHostStartCommand key:configTag  value:default
07-14 18:56:04.837 24836 24883 D NAccs.ServiceImpl:  onHostStartCommand key:mode  value:0
07-14 18:56:04.837 24836 24883 D NAccs.ServiceImpl:  onHostStartCommand key:ttid  value:android@umeng
07-14 18:56:04.837 24836 24836 I NAccs.BaseIntentService:  handleMessage on receive msg msg:{ when=0 what=0 target=org.android.agoo.control.g }
07-14 18:56:04.837 24836 24883 D NAccs.ServiceImpl:  onHostStartCommand key:packageName  value:cn.missevan
07-14 18:56:04.837 24836 24836 I NAccs.BaseIntentService:  handleMessage get intent success intent:Intent { act=org.agoo.android.intent.action.REPORT pkg=cn.missevan cmp=cn.missevan/com.umeng.message.UmengIntentService }
07-14 18:56:04.837 24836 24883 D NAccs.ServiceImpl:  onHostStartCommand key:app_sercet  value:64e8358a59d434e5546720db97ab5996
07-14 18:56:04.837 24836 24883 D NAccs.ServiceImpl:  onHostStartCommand key:agoo_app_key  value:umeng:546d7dd7fd98c58fc800082c
07-14 18:56:04.838 24836 24883 I NAccs.LoadSoFailUtil:  getSoFailTimes times:0
07-14 18:56:04.838 24836 24883 D NAccs.ServiceImpl:  handleAction action:com.taobao.accs.intent.action.START_SERVICE
07-14 18:56:04.838 24836 24883 I NAccs.ServiceImpl:  tryConnect appkey:umeng:546d7dd7fd98c58fc800082c configTag:default|0
07-14 18:56:04.838 24836 24883 D NAccs.SilenceConn_default:  start
07-14 18:56:04.838 24836 24883 D NAccs.SilenceConn_default:  try ping, force:false
07-14 18:56:04.839 24836 24883 D NAccs.SilenceConn_default:  sendMessage ready dataId:1657796164838.5 type:PING delay:0
07-14 18:56:04.840 24836 24883 I NAccs.BaseIntentService:  onHandleIntent,action=org.agoo.android.intent.action.REPORT,agooCommand=cn.missevan.intent.action.COMMAND,mipushCommand=cn.missevan.intent.thirdPush.action.COMMAND
07-14 18:56:04.840 24836 24883 I NAccs.BaseIntentService:  is report cache msg,Config.isReportCacheMsg(mContext)=false
07-14 18:56:04.840 24836 24883 D NAccs.isClearTime:  now=1657796164840,now - lastTime=3603100,istrue=false
