07-14 18:56:05.662 24263 24342 I NAccs.a :  dispatchIntent bind service start intent:Intent { act=com.taobao.accs.intent.action.START_SERVICE cmp=cn.missevan/com.taobao.accs.ChannelService (has extras) }
07-14 18:56:05.667 24263 24263 D NAccs.a :  bindService connected componentName:ComponentInfo{cn.missevan/com.taobao.accs.ChannelService}
07-14 18:56:05.668 24836 24836 I NAccs.BaseService:  handleMessage on receive msg msg:{ when=-1ms what=0 target=com.taobao.accs.base.BaseService$1 }
07-14 18:56:05.668 24836 24836 I NAccs.BaseService:  handleMessage get intent success intent:Intent { act=com.taobao.accs.intent.action.START_SERVICE cmp=cn.missevan/com.taobao.accs.ChannelService (has extras) }
07-14 18:56:05.669 24836 24883 I NAccs.ElectionServiceImpl:  onStartCommand begin action:com.taobao.accs.intent.action.START_SERVICE
07-14 18:56:05.669 24836 24883 I NAccs.ElectionServiceImpl:  handleStartCommand configTag:default appkey:umeng:546d7dd7fd98c58fc800082c appSecret:64e8358a59d434e5546720db97ab5996 ttid:android@umeng pkg:cn.missevan
07-14 18:56:05.670 24836 24883 I NAccs.ElectionServiceImpl:  getConnection configTag:default start:false
07-14 18:56:05.670 24836 24883 I NAccs.ServiceImpl:  onHostStartCommand intent:Intent { act=com.taobao.accs.intent.action.START_SERVICE cmp=cn.missevan/com.taobao.accs.ChannelService (has extras) }
07-14 18:56:05.670 24836 24883 D NAccs.ServiceImpl:  onHostStartCommand key:appKey  value:umeng:546d7dd7fd98c58fc800082c
07-14 18:56:05.670 24836 24883 D NAccs.ServiceImpl:  onHostStartCommand key:configTag  value:default
07-14 18:56:05.670 24836 24883 D NAccs.ServiceImpl:  onHostStartCommand key:mode  value:0
07-14 18:56:05.670 24836 24883 D NAccs.ServiceImpl:  onHostStartCommand key:ttid  value:android@umeng
07-14 18:56:05.671 24836 24883 D NAccs.ServiceImpl:  onHostStartCommand key:packageName  value:cn.missevan
07-14 18:56:05.671 24836 24883 D NAccs.ServiceImpl:  onHostStartCommand key:app_sercet  value:64e8358a59d434e5546720db97ab5996
07-14 18:56:05.671 24836 24883 D NAccs.ServiceImpl:  onHostStartCommand key:agoo_app_key  value:umeng:546d7dd7fd98c58fc800082c
07-14 18:56:05.671 24836 24883 I NAccs.LoadSoFailUtil:  getSoFailTimes times:0
07-14 18:56:05.671 24836 24883 D NAccs.ServiceImpl:  handleAction action:com.taobao.accs.intent.action.START_SERVICE
07-14 18:56:05.671 24836 24883 I NAccs.ServiceImpl:  tryConnect appkey:umeng:546d7dd7fd98c58fc800082c configTag:default|0
07-14 18:56:05.671 24836 24883 D NAccs.SilenceConn_default:  start
07-14 18:56:05.671 24836 24883 D NAccs.SilenceConn_default:  try ping, force:false
07-14 18:56:05.672 24263 24342 D NAccs.AdapterGlobalClientInfo:  getAgooCustomServiceName serviceName:com.umeng.message.UmengIntentService
07-14 18:56:05.672 24263 24342 I NAccs.a :  dispatchIntent bind service start intent:Intent { act=org.agoo.android.intent.action.REPORT pkg=cn.missevan cmp=cn.missevan/com.umeng.message.UmengIntentService }
07-14 18:56:05.672 24836 24883 D NAccs.SilenceConn_default:  sendMessage ready dataId:1657796165671.6 type:PING delay:0
07-14 18:56:05.673 24836 24883 D NAccs.SilenceConn_default:  clearRepeatControlCommand message:201/
07-14 18:56:05.676 24263 24263 D NAccs.a :  bindService connected componentName:ComponentInfo{cn.missevan/com.umeng.message.UmengIntentService}
07-14 18:56:05.684 24836 24836 I NAccs.BaseIntentService:  handleMessage on receive msg msg:{ when=-1ms what=0 target=org.android.agoo.control.g }
07-14 18:56:05.684 24836 24836 I NAccs.BaseIntentService:  handleMessage get intent success intent:Intent { act=org.agoo.android.intent.action.REPORT pkg=cn.missevan cmp=cn.missevan/com.umeng.message.UmengIntentService }
07-14 18:56:05.684 24836 24883 I NAccs.BaseIntentService:  onHandleIntent,action=org.agoo.android.intent.action.REPORT,agooCommand=cn.missevan.intent.action.COMMAND,mipushCommand=cn.missevan.intent.thirdPush.action.COMMAND
07-14 18:56:05.685 24836 24883 I NAccs.BaseIntentService:  is report cache msg,Config.isReportCacheMsg(mContext)=false
07-14 18:56:05.685 24836 24883 D NAccs.isClearTime:  now=1657796165685,now - lastTime=3603945,istrue=false
07-14 18:56:05.685 24836 24883 I NAccs.BaseIntentService:  is clear all msg=false
07-14 18:56:05.685 24836 24883 D NAccs.isClearTime:  now=1657796165685,now - lastTime=3603945,istrue=false
07-14 18:56:05.715   904  3454 I vendor.qti.bluetooth@1.0-ibs_handler: ProcessIbsCmd: Received IBS_WAKE_IND: 0xFD
07-14 18:56:05.715   904  3454 D vendor.qti.bluetooth@1.0-ibs_handler: SerialClockVote: vote for UART CLK ON
07-14 18:56:05.716   904  3454 D vendor.qti.bluetooth@1.0-wake_lock: Acquire wakelock is acquired
07-14 18:56:05.716   904  3454 I vendor.qti.bluetooth@1.0-ibs_handler: ProcessIbsCmd: Writing IBS_WAKE_ACK
07-14 18:56:05.717  2502  3457 V bt_stack: [VERBOSE1:btm_ble_gap.cc(1924)] btm_ble_process_ext_adv_pkt: bda=c8:28:32:16:78:36
07-14 18:56:05.717  2502  3457 V bt_stack: [VERBOSE1:btm_ble_gap.cc(1848)] btm_ble_process_adv_addr: bda=c8:28:32:16:78:36
07-14 18:56:05.717  2502  3457 V bt_stack: [VERBOSE1:btm_ble_gap.cc(2058)]  Waiting for scan response c8:28:32:16:78:36
07-14 18:56:05.717  2502  3457 V bt_stack: [VERBOSE1:btm_ble_gap.cc(1924)] btm_ble_process_ext_adv_pkt: bda=c8:28:32:16:78:36
07-14 18:56:05.717  2502  3457 V bt_stack: [VERBOSE1:btm_ble_gap.cc(1848)] btm_ble_process_adv_addr: bda=c8:28:32:16:78:36
07-14 18:56:05.718  2502  3457 V bt_stack: [VERBOSE1:btm_ble_gap.cc(2058)]  Waiting for scan response c8:28:32:16:78:36
07-14 18:56:05.718  2502  3457 V bt_stack: [VERBOSE1:btm_ble_gap.cc(1924)] btm_ble_process_ext_adv_pkt: bda=c8:28:32:16:78:36
07-14 18:56:05.718  2502  3457 V bt_stack: [VERBOSE1:btm_ble_gap.cc(1848)] btm_ble_process_adv_addr: bda=c8:28:32:16:78:36
07-14 18:56:05.718  2502  3457 V bt_stack: [VERBOSE1:btm_inq.cc(1019)] BTM_InqDbRead: bd addr c8:28:32:16:78:36
07-14 18:56:05.718  2502  3457 V bt_stack: [VERBOSE1:btm_ble_gap.cc(1924)] btm_ble_process_ext_adv_pkt: bda=33:a5:42:f3:e5:c6
07-14 18:56:05.718  2502  3457 V bt_stack: [VERBOSE1:btm_ble_gap.cc(1848)] btm_ble_process_adv_addr: bda=33:a5:42:f3:e5:c6
07-14 18:56:05.718  2502  3457 V bt_stack: [VERBOSE1:btm_inq.cc(1019)] BTM_InqDbRead: bd addr 33:a5:42:f3:e5:c6
07-14 18:56:05.725  3471  3587 D MiuiMiHomeConnectController: getDeviceTimes
07-14 18:56:05.726  3471  3587 D MiuiMiHomeConnectController: result.getRssi = -7600:00:00:16:78:36
07-14 18:56:05.727  3471  3587 D MiuiMiHomeDownloadManager: check local file : null
07-14 18:56:05.727  3471  3587 D MiuiMiHomeDownloadManager: device: 41646    return rssiNum: -50
07-14 18:56:05.727  3471  3587 D MiuiMiHomeConnectController: rssi num is not fit cloud data
07-14 18:56:05.793   601   601 E SELinux : avc:  denied  { find } for pid=4514 uid=10181 name=tethering scontext=u:r:vendor_systemhelper_app:s0:c512,c768 tcontext=u:object_r:tethering_service:s0 tclass=service_manager permissive=0
07-14 18:56:05.797   904  3454 I vendor.qti.bluetooth@1.0-ibs_handler: ProcessIbsCmd: Received IBS_SLEEP_IND: 0xFE
07-14 18:56:05.797   904  3454 D vendor.qti.bluetooth@1.0-ibs_handler: SerialClockVote: vote for UART CLK OFF
07-14 18:56:05.948   904  3130 D vendor.qti.bluetooth@1.0-wake_lock: Release wakelock is released
07-14 18:56:05.994   601   601 E SELinux : avc:  denied  { find } for pid=4514 uid=10181 name=tethering scontext=u:r:vendor_systemhelper_app:s0:c512,c768 tcontext=u:object_r:tethering_service:s0 tclass=service_manager permissive=0
07-14 18:56:05.995  5340 19143 I SafeBinderCall: onPositionChange binder cost:0
07-14 18:56:05.996  2565  2565 D MiPlayDetailViewModel: onPositionChange(): position = 0
07-14 18:56:06.187 24263 24297 I cn.missevan: Explicit concurrent copying GC freed 26252(2412KB) AllocSpace objects, 36(1676KB) LOS objects, 50% free, 23MB/46MB, paused 115us total 71.334ms
07-14 18:56:06.195   601   601 E SELinux : avc:  denied  { find } for pid=4514 uid=10181 name=tethering scontext=u:r:vendor_systemhelper_app:s0:c512,c768 tcontext=u:object_r:tethering_service:s0 tclass=service_manager permissive=0
07-14 18:56:06.396   601   601 E SELinux : avc:  denied  { find } for pid=4514 uid=10181 name=tethering scontext=u:r:vendor_systemhelper_app:s0:c512,c768 tcontext=u:object_r:tethering_service:s0 tclass=service_manager permissive=0
07-14 18:56:06.518  4928 32313 W Parcel  : **** enforceInterface() expected 'com.miui.gamebooster.service.ISecurityCenterNotificationListener' but read 'android.service.notification.INotificationListener'
07-14 18:56:06.518  4928  4928 V onNotificationPostedCallBack: flags=16
07-14 18:56:06.518  4928 32313 W Binder  : Caught a RuntimeException from the binder stub implementation.
07-14 18:56:06.518  4928 32313 W Binder  : java.lang.SecurityException: Binder invocation to an incorrect interface
07-14 18:56:06.518  4928 32313 W Binder  : 	at android.os.Parcel.nativeEnforceInterface(Native Method)
07-14 18:56:06.518  4928 32313 W Binder  : 	at android.os.Parcel.enforceInterface(Parcel.java:653)
07-14 18:56:06.518  4928 32313 W Binder  : 	at com.miui.gamebooster.service.ISecurityCenterNotificationListener$Stub.onTransact(Unknown Source:18)
07-14 18:56:06.518  4928 32313 W Binder  : 	at android.os.Binder.execTransactInternal(Binder.java:1159)
07-14 18:56:06.518  4928 32313 W Binder  : 	at android.os.Binder.execTransact(Binder.java:1123)
07-14 18:56:06.524  2565  2565 D InterruptionStateProvider: No bubble up: not allowed to bubble: 0|cn.missevan|2131429483|null|10837
07-14 18:56:06.524  2565  2565 D InterruptionStateProvider: No heads up: unimportant notification: 0|cn.missevan|2131429483|null|10837
07-14 18:56:06.597   601   601 E SELinux : avc:  denied  { find } for pid=4514 uid=10181 name=tethering scontext=u:r:vendor_systemhelper_app:s0:c512,c768 tcontext=u:object_r:tethering_service:s0 tclass=service_manager permissive=0
07-14 18:56:06.598 24836 24900 I NAccs.SilenceConn_default:  getChannelHost host:umengjmacs.m.taobao.com
07-14 18:56:06.602 24836 24900 D getConnStrategyListByHost: |[seq:host] umengjmacs.m.taobao.com:result [{203.119.128.3 80 spdy_0rtt_acs}, {203.119.205.0 80 spdy_0rtt_acs}, {203.119.128.3 443 spdy_0rtt_acs}, {203.119.205.0 443 spdy_0rtt_acs}]
07-14 18:56:06.603 24836 24900 E NAccs.SilenceConn_default:  connect ip:203.119.128.3 port:80
07-14 18:56:06.603 24836 24900 E NAccs.SilenceConn_default:  connect ip:203.119.205.0 port:80
07-14 18:56:06.603 24836 24900 E NAccs.SilenceConn_default:  connect ip:203.119.128.3 port:443
07-14 18:56:06.603 24836 24900 E NAccs.SilenceConn_default:  connect ip:203.119.205.0 port:443
07-14 18:56:06.604 24836 24900 E NAccs.SilenceConn_default:  connect from amdc succ ip:203.119.128.3 port:80 originPos:0
07-14 18:56:06.604 24836 24900 E NAccs.SilenceConn_default:  connect URL:https://203.119.128.3:80/accs/
07-14 18:56:06.606 24836 24900 E NAccs.SilenceConn_default:  notifyStatus start status:CONNECTING
07-14 18:56:06.607 24836 24900 I NAccs.SilenceConn_default:  notifyStatus end status:CONNECTING
07-14 18:56:06.607 24836 24900 E NAccs.SilenceConn_default:  connect normal
07-14 18:56:06.607 24836 24900 I NAccs.SilenceConn_default:  getChannelHost host:umengjmacs.m.taobao.com
07-14 18:56:06.608 24836 24900 I NAccs.SilenceConn_default:  getPublicKeyType use custom pub key pubKey:11
07-14 18:56:06.612 24836 24900 I tnet-jni: 2922 -  create new session: 203.119.128.3:80
07-14 18:56:06.667 24836 24893 I tnet-jni: 2916 - [SpdySessionCallBack.getSSLMeta] - org.android.spdy.SpdySession@476a7c
07-14 18:56:06.668 24836 24893 I tnet-jni: 2916 - [spdySessionConnectCB] -
07-14 18:56:06.668 24836 24893 I tnet-jni: 2916 - [SpdySessionCallBack.spdySessionConnectCB] - org.android.spdy.SpdySession@476a7c
07-14 18:56:06.669 24836 24893 E NAccs.SilenceConn_default:  spdySessionConnectCB sessionConnectInterval:56 sslTime:2 reuse:0
07-14 18:56:06.675 24836 24893 E NAccs.SilenceConn_default:  auth url:https://203.119.128.3:80/accs/auth?1=YBDcoH9kD04DAL3KyNHgNEPF&2=6887e25545f63ef542cdf5ff9197bc076d4329a396ddf2c1c5048c8b1ec15361&3=umeng:546d7dd7fd98c58fc800082c&5=0&6=wifi&7=null&8=221&9=1657796166674&10=1&11=30&12=cn.missevan&13=5.7.0&14=android@umeng&15=Mi+10&16=Xiaomi&17=221&19=0&20=
07-14 18:56:06.676 24836 24893 I NAccs.SilenceConn_default:  getChannelHost host:umengjmacs.m.taobao.com
07-14 18:56:06.676 24836 24893 I NAccs.SilenceConn_default:  getChannelHost host:umengjmacs.m.taobao.com
07-14 18:56:06.678 24836 24893 I tnet-jni: 2916 - index=1  starttime=1657796166677
07-14 18:56:06.678 24836 24893 I tnet-jni: 2916 - index=1   calltime=1657796166678
07-14 18:56:06.719 24836 24893 I tnet-jni: 2916 - [SpdySessionCallBack.putSSLMeta] - org.android.spdy.SpdySession@476a7c
07-14 18:56:06.722 24836 24893 I tnet-jni: 2916 - [spdyStreamResponseRecv] -
07-14 18:56:06.722 24836 24893 I tnet-jni: 2916 - [SpdySessionCallBack.spdyOnStreamResponse] - org.android.spdy.SpdySession@476a7c
07-14 18:56:06.724 24836 24893 D NAccs.SilenceConn_:  spdyOnStreamResponse header:{date=[Thu, 14 Jul 2022 10:56:06 GMT], content-length=[0], server=[Tengine/Aserver/3.2.17_20210810105531], :version=[HTTP/1.1], s-accs-retcode=[SUCCESS], :status=[200], x-workerid=[218425681623741464], x-at=[YBDcoH9kD04DAL3KyNHgNEPFumeng:546d7dd7fd98c58fc800082c1657810566]}
07-14 18:56:06.724 24836 24893 E NAccs.SilenceConn_default:  spdyOnStreamResponse httpStatusCode:200
07-14 18:56:06.725 24836 24893 E NAccs.SilenceConn_default:  notifyStatus start status:CONNECTED
07-14 18:56:06.725 24836 24893 D NAccs.HeartbeatManager:  resetLevel
07-14 18:56:06.725 24836 24893 D NAccs.OrangeAdapter:  isSmartHb result:true
07-14 18:56:06.725 24836 24893 D NAccs.HeartbeatManager:  set 270
07-14 18:56:06.757 24836 24893 I NAccs.SilenceConn_default:  notifyStatus end status:CONNECTED
07-14 18:56:06.757 24836 24900 D NAccs.OrangeAdapter:  isSmartHb result:true
07-14 18:56:06.758 24836 24900 D NAccs.OrangeAdapter:  isSmartHb result:true
07-14 18:56:06.758 24836 24900 D NAccs.HeartbeatManager:  set 270
07-14 18:56:06.759 24836 24893 D NAccs.SilenceConn_default:  spdyOnStreamResponse
07-14 18:56:06.760 24836 24893 I tnet-jni: 2916 - [spdyStreamCloseCallback] -
07-14 18:56:06.760 24836 24893 I tnet-jni: 2916 - [SpdySessionCallBack.spdyStreamCloseCallback] - org.android.spdy.SpdySession@476a7c
07-14 18:56:06.760 24836 24893 I tnet-jni: 2916 - index=1    endtime=1657796166760
07-14 18:56:06.760 24836 24893 D NAccs.SilenceConn_default:  spdyStreamCloseCallback
07-14 18:56:06.773 24836 24900 D NAccs.NetworkThread_default:  send succ, remove it
07-14 18:56:06.773 24836 24900 D NAccs.NetworkThread_default:  ready to get message
07-14 18:56:06.773 24836 24900 D NAccs.NetworkThread_default:  no message, wait
07-14 18:56:06.799   601   601 E SELinux : avc:  denied  { find } for pid=4514 uid=10181 name=tethering scontext=u:r:vendor_systemhelper_app:s0:c512,c768 tcontext=u:object_r:tethering_service:s0 tclass=service_manager permissive=0
07-14 18:56:06.996  5340 19143 I SafeBinderCall: onPositionChange binder cost:1
07-14 18:56:06.996  2565  2565 D MiPlayDetailViewModel: onPositionChange(): position = 0
07-14 18:56:07.000   601   601 E SELinux : avc:  denied  { find } for pid=4514 uid=10181 name=tethering scontext=u:r:vendor_systemhelper_app:s0:c512,c768 tcontext=u:object_r:tethering_service:s0 tclass=service_manager permissive=0
07-14 18:56:07.042 26418 26459 D MemoryCeilingMonitor: [handleMemoryCalculate]
07-14 18:56:07.043 26418 26459 D MemoryCeilingMonitor: [calculate] tot: 5418538, max: 268435456, free: 584490, heap: 4834048, per: 0.01800823211669922
07-14 18:56:07.201   601   601 E SELinux : avc:  denied  { find } for pid=4514 uid=10181 name=tethering scontext=u:r:vendor_systemhelper_app:s0:c512,c768 tcontext=u:object_r:tethering_service:s0 tclass=service_manager permissive=0
07-14 18:56:07.403   601   601 E SELinux : avc:  denied  { find } for pid=4514 uid=10181 name=tethering scontext=u:r:vendor_systemhelper_app:s0:c512,c768 tcontext=u:object_r:tethering_service:s0 tclass=service_manager permissive=0
07-14 18:56:07.537  1894  2363 I MiuiNetworkPolicy: bandwidth: 279 KB/s, Max bandwidth: 1412 KB/s
07-14 18:56:07.604   601   601 E SELinux : avc:  denied  { find } for pid=4514 uid=10181 name=tethering scontext=u:r:vendor_systemhelper_app:s0:c512,c768 tcontext=u:object_r:tethering_service:s0 tclass=service_manager permissive=0
07-14 18:56:07.733   904  3454 I vendor.qti.bluetooth@1.0-ibs_handler: ProcessIbsCmd: Received IBS_WAKE_IND: 0xFD
07-14 18:56:07.733   904  3454 D vendor.qti.bluetooth@1.0-ibs_handler: SerialClockVote: vote for UART CLK ON
07-14 18:56:07.734   904  3454 D vendor.qti.bluetooth@1.0-wake_lock: Acquire wakelock is acquired
07-14 18:56:07.734   904  3454 I vendor.qti.bluetooth@1.0-ibs_handler: ProcessIbsCmd: Writing IBS_WAKE_ACK
07-14 18:56:07.735  2502  3457 V bt_stack: [VERBOSE1:btm_ble_gap.cc(1924)] btm_ble_process_ext_adv_pkt: bda=7b:22:c5:1e:4d:f8
07-14 18:56:07.735  2502  3457 V bt_stack: [VERBOSE1:btm_ble_gap.cc(1848)] btm_ble_process_adv_addr: bda=7b:22:c5:1e:4d:f8
07-14 18:56:07.735  2502  3457 V bt_stack: [VERBOSE1:btm_ble_gap.cc(2058)]  Waiting for scan response 7b:22:c5:1e:4d:f8
07-14 18:56:07.735  2502  3457 V bt_stack: [VERBOSE1:btm_ble_gap.cc(1924)] btm_ble_process_ext_adv_pkt: bda=7b:22:c5:1e:4d:f8
07-14 18:56:07.735  2502  3457 V bt_stack: [VERBOSE1:btm_ble_gap.cc(1848)] btm_ble_process_adv_addr: bda=7b:22:c5:1e:4d:f8
07-14 18:56:07.736  2502  3457 V bt_stack: [VERBOSE1:btm_inq.cc(1019)] BTM_InqDbRead: bd addr 7b:22:c5:1e:4d:f8
07-14 18:56:07.739  2502  3457 V bt_stack: [VERBOSE1:btm_ble_gap.cc(1924)] btm_ble_process_ext_adv_pkt: bda=18:1b:ff:1b:3e:12
07-14 18:56:07.739  2502  3457 V bt_stack: [VERBOSE1:btm_ble_gap.cc(1848)] btm_ble_process_adv_addr: bda=18:1b:ff:1b:3e:12
07-14 18:56:07.739  2502  3457 V bt_stack: [VERBOSE1:btm_inq.cc(1019)] BTM_InqDbRead: bd addr 18:1b:ff:1b:3e:12
07-14 18:56:07.739  3471  3587 E MiuiFastConnectService: check adv data not fast connect
07-14 18:56:07.740  3471  3587 D MiuiNearbyService: getNearbyService() - returning com.android.bluetooth.ble.app.MiuiNearbyService@32df939
07-14 18:56:07.741  5834  6616 E IDM-BleBackGround: MiConnect EndPoint found
07-14 18:56:07.805   601   601 E SELinux : avc:  denied  { find } for pid=4514 uid=10181 name=tethering scontext=u:r:vendor_systemhelper_app:s0:c512,c768 tcontext=u:object_r:tethering_service:s0 tclass=service_manager permissive=0
07-14 18:56:07.819   904  3454 I vendor.qti.bluetooth@1.0-ibs_handler: ProcessIbsCmd: Received IBS_SLEEP_IND: 0xFE
07-14 18:56:07.819   904  3454 D vendor.qti.bluetooth@1.0-ibs_handler: SerialClockVote: vote for UART CLK OFF
07-14 18:56:07.969   904  3130 D vendor.qti.bluetooth@1.0-wake_lock: Release wakelock is released
07-14 18:56:07.994  5340 19143 I SafeBinderCall: onPositionChange binder cost:0
07-14 18:56:07.994  2565  2565 D MiPlayDetailViewModel: onPositionChange(): position = 0
07-14 18:56:08.006   601   601 E SELinux : avc:  denied  { find } for pid=4514 uid=10181 name=tethering scontext=u:r:vendor_systemhelper_app:s0:c512,c768 tcontext=u:object_r:tethering_service:s0 tclass=service_manager permissive=0
07-14 18:56:08.072 24263 24577 D CronetEngine: [thread_background]
07-14 18:56:08.072 24263 24577 D CronetEngine: url: http://static.missevan.com/mimages/201912/31/097104de56b5514ce0738d09ba97f00f203614.jpg?x-oss-process=image/resize,w_1003/format,webp
07-14 18:56:08.072 24263 24577 D CronetEngine:  ip: 10.21.251.43
07-14 18:56:08.072 24263 24577 D CronetEngine:  hostResolverProvider:
07-14 18:56:08.072 24263 24577 D CronetEngine:  hostResolveIps: []
07-14 18:56:08.072 24263 24577 D CronetEngine: exception: null
07-14 18:56:08.097  1894  2393 D WifiScoreReportInjector: Fast switch not enabled
07-14 18:56:08.207   601   601 E SELinux : avc:  denied  { find } for pid=4514 uid=10181 name=tethering scontext=u:r:vendor_systemhelper_app:s0:c512,c768 tcontext=u:object_r:tethering_service:s0 tclass=service_manager permissive=0
07-14 18:56:08.355   904  3454 I vendor.qti.bluetooth@1.0-ibs_handler: ProcessIbsCmd: Received IBS_WAKE_IND: 0xFD
07-14 18:56:08.355   904  3454 D vendor.qti.bluetooth@1.0-ibs_handler: SerialClockVote: vote for UART CLK ON
07-14 18:56:08.355   904  3454 D vendor.qti.bluetooth@1.0-wake_lock: Acquire wakelock is acquired
07-14 18:56:08.355   904  3454 I vendor.qti.bluetooth@1.0-ibs_handler: ProcessIbsCmd: Writing IBS_WAKE_ACK
07-14 18:56:08.356  2502  3457 V bt_stack: [VERBOSE1:btm_ble_gap.cc(1924)] btm_ble_process_ext_adv_pkt: bda=d4:5e:ec:42:d1:94
07-14 18:56:08.356  2502  3457 V bt_stack: [VERBOSE1:btm_ble_gap.cc(1848)] btm_ble_process_adv_addr: bda=d4:5e:ec:42:d1:94
07-14 18:56:08.356  2502  3457 V bt_stack: [VERBOSE1:btm_ble_gap.cc(2058)]  Waiting for scan response d4:5e:ec:42:d1:94
07-14 18:56:08.356  2502  3457 V bt_stack: [VERBOSE1:btm_ble_gap.cc(1924)] btm_ble_process_ext_adv_pkt: bda=82:77:16:df:41:1c
07-14 18:56:08.356  2502  3457 V bt_stack: [VERBOSE1:btm_ble_gap.cc(1848)] btm_ble_process_adv_addr: bda=82:77:16:df:41:1c
07-14 18:56:08.356  2502  3457 V bt_stack: [VERBOSE1:btm_ble_gap.cc(2058)]  Waiting for scan response 82:77:16:df:41:1c
07-14 18:56:08.356  2502  3457 V bt_stack: [VERBOSE1:btm_ble_gap.cc(1924)] btm_ble_process_ext_adv_pkt: bda=82:77:16:df:41:1c
07-14 18:56:08.357  2502  3457 V bt_stack: [VERBOSE1:btm_ble_gap.cc(1848)] btm_ble_process_adv_addr: bda=82:77:16:df:41:1c
07-14 18:56:08.357  2502  3457 V bt_stack: [VERBOSE1:btm_inq.cc(1019)] BTM_InqDbRead: bd addr 82:77:16:df:41:1c
07-14 18:56:08.362  3471  3587 D MiuiMiHomeConnectController: getDeviceTimes
07-14 18:56:08.363  3471  3587 D MiuiMiHomeConnectController: result.getRssi = -7100:00:00:DF:41:1C
07-14 18:56:08.366  3471  3587 D MiuiMiHomeDownloadManager: check local file : null
07-14 18:56:08.366  3471  3587 D MiuiMiHomeDownloadManager: device: 5306    return rssiNum: -50
07-14 18:56:08.366  3471  3587 D MiuiMiHomeConnectController: rssi num is not fit cloud data
07-14 18:56:08.378 24263 24297 I cn.missevan: Explicit concurrent copying GC freed 7712(1245KB) AllocSpace objects, 6(324KB) LOS objects, 49% free, 23MB/46MB, paused 122us total 77.564ms
07-14 18:56:08.409   601   601 E SELinux : avc:  denied  { find } for pid=4514 uid=10181 name=tethering scontext=u:r:vendor_systemhelper_app:s0:c512,c768 tcontext=u:object_r:tethering_service:s0 tclass=service_manager permissive=0
07-14 18:56:08.436   904  3454 I vendor.qti.bluetooth@1.0-ibs_handler: ProcessIbsCmd: Received IBS_SLEEP_IND: 0xFE
07-14 18:56:08.436   904  3454 D vendor.qti.bluetooth@1.0-ibs_handler: SerialClockVote: vote for UART CLK OFF
07-14 18:56:08.454   915  2384 E CamX    : [ERROR][NCS    ] camxncsintfqsee.cpp:2208 FillSensorData() Invalid sensor index -1
07-14 18:56:08.586   904  3130 D vendor.qti.bluetooth@1.0-wake_lock: Release wakelock is released
07-14 18:56:08.610   601   601 E SELinux : avc:  denied  { find } for pid=4514 uid=10181 name=tethering scontext=u:r:vendor_systemhelper_app:s0:c512,c768 tcontext=u:object_r:tethering_service:s0 tclass=service_manager permissive=0
07-14 18:56:08.654   915  2384 E CamX    : [ERROR][NCS    ] camxncsintfqsee.cpp:2208 FillSensorData() Invalid sensor index -1
07-14 18:56:08.705  4928  6159 W Parcel  : **** enforceInterface() expected 'com.miui.gamebooster.service.ISecurityCenterNotificationListener' but read 'android.service.notification.INotificationListener'
07-14 18:56:08.705  4928  6159 W Binder  : Caught a RuntimeException from the binder stub implementation.
07-14 18:56:08.705  4928  6159 W Binder  : java.lang.SecurityException: Binder invocation to an incorrect interface
07-14 18:56:08.705  4928  6159 W Binder  : 	at android.os.Parcel.nativeEnforceInterface(Native Method)
07-14 18:56:08.705  4928  6159 W Binder  : 	at android.os.Parcel.enforceInterface(Parcel.java:653)
07-14 18:56:08.705  4928  6159 W Binder  : 	at com.miui.gamebooster.service.ISecurityCenterNotificationListener$Stub.onTransact(Unknown Source:18)
07-14 18:56:08.705  4928  6159 W Binder  : 	at android.os.Binder.execTransactInternal(Binder.java:1159)
07-14 18:56:08.705  4928  6159 W Binder  : 	at android.os.Binder.execTransact(Binder.java:1123)
07-14 18:56:08.706  4928  4928 V onNotificationPostedCallBack: flags=16
07-14 18:56:08.711  2565  2565 D InterruptionStateProvider: No bubble up: not allowed to bubble: 0|cn.missevan|2131429483|null|10837
07-14 18:56:08.712  2565  2565 D InterruptionStateProvider: No heads up: unimportant notification: 0|cn.missevan|2131429483|null|10837
07-14 18:56:08.811   601   601 E SELinux : avc:  denied  { find } for pid=4514 uid=10181 name=tethering scontext=u:r:vendor_systemhelper_app:s0:c512,c768 tcontext=u:object_r:tethering_service:s0 tclass=service_manager permissive=0
07-14 18:56:08.995  5340 19143 I SafeBinderCall: onPositionChange binder cost:0
07-14 18:56:08.996  2565  2565 D MiPlayDetailViewModel: onPositionChange(): position = 0
07-14 18:56:09.012   601   601 E SELinux : avc:  denied  { find } for pid=4514 uid=10181 name=tethering scontext=u:r:vendor_systemhelper_app:s0:c512,c768 tcontext=u:object_r:tethering_service:s0 tclass=service_manager permissive=0
07-14 18:56:09.214   601   601 E SELinux : avc:  denied  { find } for pid=4514 uid=10181 name=tethering scontext=u:r:vendor_systemhelper_app:s0:c512,c768 tcontext=u:object_r:tethering_service:s0 tclass=service_manager permissive=0
07-14 18:56:09.379 24263 24577 D CronetEngine: [thread_background]
07-14 18:56:09.379 24263 24577 D CronetEngine: url: http://static-test.maoercdn.com/app/homepage/banners/202107/30/4c557b6517273f67d9401a78f9c37a0d160522.png?x-oss-process=image/resize,w_1002/format,webp
07-14 18:56:09.379 24263 24577 D CronetEngine:  ip: 10.21.251.43
07-14 18:56:09.379 24263 24577 D CronetEngine:  hostResolverProvider:
07-14 18:56:09.379 24263 24577 D CronetEngine:  hostResolveIps: []
07-14 18:56:09.379 24263 24577 D CronetEngine: exception: null
07-14 18:56:09.415   601   601 E SELinux : avc:  denied  { find } for pid=4514 uid=10181 name=tethering scontext=u:r:vendor_systemhelper_app:s0:c512,c768 tcontext=u:object_r:tethering_service:s0 tclass=service_manager permissive=0
07-14 18:56:09.423 24263 24577 D CronetEngine: [thread_background]
07-14 18:56:09.423 24263 24577 D CronetEngine: url: http://static-test.maoercdn.com/app/homepage/banners/202107/30/e045ec0b661dee3c8045d1074b1aabee155406.jpg?x-oss-process=image/resize,w_1002/format,webp
07-14 18:56:09.423 24263 24577 D CronetEngine:  ip: 10.21.251.43
07-14 18:56:09.423 24263 24577 D CronetEngine:  hostResolverProvider:
07-14 18:56:09.423 24263 24577 D CronetEngine:  hostResolveIps: []
07-14 18:56:09.423 24263 24577 D CronetEngine: exception: null
07-14 18:56:09.458 24263 24577 D CronetEngine: [thread_background]
07-14 18:56:09.458 24263 24577 D CronetEngine: url: https://static-test.missevan.com/catalog/banners/202202/07/b6f61596311ab9eb0a65f1eac9a6cd90154654.jpg?x-oss-process=image/resize,w_1002/format,webp
07-14 18:56:09.458 24263 24577 D CronetEngine:  ip: 10.21.251.43
07-14 18:56:09.458 24263 24577 D CronetEngine:  hostResolverProvider:
07-14 18:56:09.458 24263 24577 D CronetEngine:  hostResolveIps: []
07-14 18:56:09.458 24263 24577 D CronetEngine: exception: null
07-14 18:56:09.459 24263 24577 D CronetEngine: [thread_background]
07-14 18:56:09.459 24263 24577 D CronetEngine: url: https://static-test.missevan.com/app/homepage/banners/202107/27/b9149fd9759e3b9e78102bb8fc2540d9184218.jpg?x-oss-process=image/resize,w_1002/format,webp
07-14 18:56:09.459 24263 24577 D CronetEngine:  ip: 10.21.251.43
07-14 18:56:09.459 24263 24577 D CronetEngine:  hostResolverProvider:
07-14 18:56:09.459 24263 24577 D CronetEngine:  hostResolveIps: []
07-14 18:56:09.459 24263 24577 D CronetEngine: exception: null
07-14 18:56:09.616   601   601 E SELinux : avc:  denied  { find } for pid=4514 uid=10181 name=tethering scontext=u:r:vendor_systemhelper_app:s0:c512,c768 tcontext=u:object_r:tethering_service:s0 tclass=service_manager permissive=0
07-14 18:56:09.807   904  3454 I vendor.qti.bluetooth@1.0-ibs_handler: ProcessIbsCmd: Received IBS_WAKE_IND: 0xFD
07-14 18:56:09.807   904  3454 D vendor.qti.bluetooth@1.0-ibs_handler: SerialClockVote: vote for UART CLK ON
07-14 18:56:09.807   904  3454 D vendor.qti.bluetooth@1.0-wake_lock: Acquire wakelock is acquired
07-14 18:56:09.807   904  3454 I vendor.qti.bluetooth@1.0-ibs_handler: ProcessIbsCmd: Writing IBS_WAKE_ACK
07-14 18:56:09.808  2502  3457 V bt_stack: [VERBOSE1:btm_ble_gap.cc(1924)] btm_ble_process_ext_adv_pkt: bda=c8:28:32:16:78:36
07-14 18:56:09.808  2502  3457 V bt_stack: [VERBOSE1:btm_ble_gap.cc(1848)] btm_ble_process_adv_addr: bda=c8:28:32:16:78:36
07-14 18:56:09.808  2502  3457 V bt_stack: [VERBOSE1:btm_ble_gap.cc(2058)]  Waiting for scan response c8:28:32:16:78:36
07-14 18:56:09.817   601   601 E SELinux : avc:  denied  { find } for pid=4514 uid=10181 name=tethering scontext=u:r:vendor_systemhelper_app:s0:c512,c768 tcontext=u:object_r:tethering_service:s0 tclass=service_manager permissive=0
07-14 18:56:09.888   904  3454 I vendor.qti.bluetooth@1.0-ibs_handler: ProcessIbsCmd: Received IBS_SLEEP_IND: 0xFE
07-14 18:56:09.888   904  3454 D vendor.qti.bluetooth@1.0-ibs_handler: SerialClockVote: vote for UART CLK OFF
07-14 18:56:09.996  2565  2565 D MiPlayDetailViewModel: onPositionChange(): position = 0
07-14 18:56:09.996  5340 19143 I SafeBinderCall: onPositionChange binder cost:0
07-14 18:56:10.018   601   601 E SELinux : avc:  denied  { find } for pid=4514 uid=10181 name=tethering scontext=u:r:vendor_systemhelper_app:s0:c512,c768 tcontext=u:object_r:tethering_service:s0 tclass=service_manager permissive=0
07-14 18:56:10.038   904  3130 D vendor.qti.bluetooth@1.0-wake_lock: Release wakelock is released
07-14 18:56:10.219   601   601 E SELinux : avc:  denied  { find } for pid=4514 uid=10181 name=tethering scontext=u:r:vendor_systemhelper_app:s0:c512,c768 tcontext=u:object_r:tethering_service:s0 tclass=service_manager permissive=0
07-14 18:56:10.255   915  2384 E CamX    : [ERROR][NCS    ] camxncsintfqsee.cpp:2208 FillSensorData() Invalid sensor index -1
07-14 18:56:10.420   601   601 E SELinux : avc:  denied  { find } for pid=4514 uid=10181 name=tethering scontext=u:r:vendor_systemhelper_app:s0:c512,c768 tcontext=u:object_r:tethering_service:s0 tclass=service_manager permissive=0
07-14 18:56:10.480   915  2384 E CamX    : [ERROR][NCS    ] camxncsintfqsee.cpp:2208 FillSensorData() Invalid sensor index -1
07-14 18:56:10.481   966  1761 D DisplayFeatureHal: HandleSunlightScreen enter modeId 0, cookie = 0
07-14 18:56:10.482   966  1761 D DisplayFeatureHal: HandleSunlightScreen exit ret -1
07-14 18:56:10.540  1894  2363 I MiuiNetworkPolicy: bandwidth: 108 KB/s, Max bandwidth: 1412 KB/s
07-14 18:56:10.571 24263 24297 I cn.missevan: Explicit concurrent copying GC freed 12157(1650KB) AllocSpace objects, 23(1348KB) LOS objects, 50% free, 23MB/46MB, paused 114us total 79.837ms
07-14 18:56:10.621   601   601 E SELinux : avc:  denied  { find } for pid=4514 uid=10181 name=tethering scontext=u:r:vendor_systemhelper_app:s0:c512,c768 tcontext=u:object_r:tethering_service:s0 tclass=service_manager permissive=0
07-14 18:56:10.823   601   601 E SELinux : avc:  denied  { find } for pid=4514 uid=10181 name=tethering scontext=u:r:vendor_systemhelper_app:s0:c512,c768 tcontext=u:object_r:tethering_service:s0 tclass=service_manager permissive=0
07-14 18:56:10.897  4928  6159 W Parcel  : **** enforceInterface() expected 'com.miui.gamebooster.service.ISecurityCenterNotificationListener' but read 'android.service.notification.INotificationListener'
07-14 18:56:10.898  4928  6159 W Binder  : Caught a RuntimeException from the binder stub implementation.
07-14 18:56:10.898  4928  6159 W Binder  : java.lang.SecurityException: Binder invocation to an incorrect interface
07-14 18:56:10.898  4928  6159 W Binder  : 	at android.os.Parcel.nativeEnforceInterface(Native Method)
07-14 18:56:10.898  4928  6159 W Binder  : 	at android.os.Parcel.enforceInterface(Parcel.java:653)
07-14 18:56:10.898  4928  6159 W Binder  : 	at com.miui.gamebooster.service.ISecurityCenterNotificationListener$Stub.onTransact(Unknown Source:18)
07-14 18:56:10.898  4928  6159 W Binder  : 	at android.os.Binder.execTransactInternal(Binder.java:1159)
07-14 18:56:10.898  4928  6159 W Binder  : 	at android.os.Binder.execTransact(Binder.java:1123)
07-14 18:56:10.900  4928  4928 V onNotificationPostedCallBack: flags=16
07-14 18:56:10.901  2565  2565 D InterruptionStateProvider: No bubble up: not allowed to bubble: 0|cn.missevan|2131429483|null|10837
07-14 18:56:10.902  2565  2565 D InterruptionStateProvider: No heads up: unimportant notification: 0|cn.missevan|2131429483|null|10837
07-14 18:56:10.994  5340 19143 I SafeBinderCall: onPositionChange binder cost:0
07-14 18:56:10.994  2565  2565 D MiPlayDetailViewModel: onPositionChange(): position = 0
07-14 18:56:11.024   601   601 E SELinux : avc:  denied  { find } for pid=4514 uid=10181 name=tethering scontext=u:r:vendor_systemhelper_app:s0:c512,c768 tcontext=u:object_r:tethering_service:s0 tclass=service_manager permissive=0
07-14 18:56:11.111  1894  2393 D WifiScoreReportInjector: Fast switch not enabled
07-14 18:56:11.123  2565  2565 D KeyguardUpdateMonitor: received broadcast android.intent.action.BATTERY_CHANGED
07-14 18:56:11.123  2565  2565 D BatteryController: onReceive: Intent = Intent { act=android.intent.action.BATTERY_CHANGED flg=0x60000010 (has extras) } action = android.intent.action.BATTERY_CHANGED
07-14 18:56:11.123  2963  2963 D NetworkSpeedTracker: receive actionandroid.intent.action.BATTERY_CHANGED
07-14 18:56:11.124  2963  2963 D NetworkSpeedTracker: onReceive ACTION_BATTERY_CHANGED mBatteryLevel = 91;mIsCharging =true
07-14 18:56:11.124  2829  2829 D QtiCarrierConfigHelper: WARNING, no carrier configs on phone Id: 0
07-14 18:56:11.125  4928  4928 I BatteryInfoReceiver: ACTION_BATTERY_CHANGED
07-14 18:56:11.126 19310 19310 D VA_UploadVoiceJobService: uploadVoiceDatas onReceive time cost : 0
07-14 18:56:11.126  2906  2906 D DeviceStatisticsService: chargerType=2 batteryLevel=91 totalBatteryCapacity=4170300
07-14 18:56:11.126  2906  2906 D DeviceInfoHidlClient: getPowerInfoSupportStatus()=-1
07-14 18:56:11.127 19310 19498 D VA_UploadVoiceJobService: needUploadVoice timeSinceLastUpload = 711152
07-14 18:56:11.127  6407  6935 D PowerKeeper.FrozenApp: onBatteryChanged plug=true mBatteryPlugged=2
07-14 18:56:11.127  6407  7011 D PowerCheckerService: onBatteryChanged, mBatteryLevel = 91, status = 2, level = 91, plug = 2, scale = 100
07-14 18:56:11.129  4928  8197 I android_os_HwBinder: HwBinder: Starting thread pool for getting: vendor.xiaomi.hardware.micharge@1.0::IMiCharge/default
07-14 18:56:11.129   968   968 I vendor.xiaomi.hardware.micharge@1.0-service: ReadFilePathValue path = /sys/class/power_supply/battery/night_charging value = 0
07-14 18:56:11.129  4928  8197 I ChargeProtectionUtils: getNightChargingState: 0
07-14 18:56:11.225   601   601 E SELinux : avc:  denied  { find } for pid=4514 uid=10181 name=tethering scontext=u:r:vendor_systemhelper_app:s0:c512,c768 tcontext=u:object_r:tethering_service:s0 tclass=service_manager permissive=0
07-14 18:56:11.426   601   601 E SELinux : avc:  denied  { find } for pid=4514 uid=10181 name=tethering scontext=u:r:vendor_systemhelper_app:s0:c512,c768 tcontext=u:object_r:tethering_service:s0 tclass=service_manager permissive=0
07-14 18:56:11.505 24836 24883 D NAccs.InAppConn_default:  startChannelService
07-14 18:56:11.506 24836 24883 D NAccs.Config:  getAgooAppKey appkey:umeng:546d7dd7fd98c58fc800082c
07-14 18:56:11.507 24836 24883 I NAccs.a :  dispatchIntent bind service start intent:Intent { act=com.taobao.accs.intent.action.START_SERVICE cmp=cn.missevan/com.taobao.accs.ChannelService (has extras) }
07-14 18:56:11.513 24836 24883 D NAccs.AdapterGlobalClientInfo:  getAgooCustomServiceName serviceName:com.umeng.message.UmengIntentService
07-14 18:56:11.514 24836 24883 I NAccs.a :  dispatchIntent bind service start intent:Intent { act=org.agoo.android.intent.action.REPORT pkg=cn.missevan cmp=cn.missevan/com.umeng.message.UmengIntentService }
07-14 18:56:11.514 24836 24836 D NAccs.a :  bindService connected componentName:ComponentInfo{cn.missevan/com.taobao.accs.ChannelService}
07-14 18:56:11.518 24836 24836 I NAccs.BaseService:  handleMessage on receive msg msg:{ when=-4ms what=0 target=com.taobao.accs.base.BaseService$1 }
07-14 18:56:11.519 24836 24836 I NAccs.BaseService:  handleMessage get intent success intent:Intent { act=com.taobao.accs.intent.action.START_SERVICE cmp=cn.missevan/com.taobao.accs.ChannelService (has extras) }
07-14 18:56:11.519 24836 24836 D NAccs.a :  bindService connected componentName:ComponentInfo{cn.missevan/com.umeng.message.UmengIntentService}
07-14 18:56:11.520 24836 24883 I NAccs.ElectionServiceImpl:  onStartCommand begin action:com.taobao.accs.intent.action.START_SERVICE
07-14 18:56:11.521 24836 24883 I NAccs.ElectionServiceImpl:  handleStartCommand configTag:default appkey:umeng:546d7dd7fd98c58fc800082c appSecret:64e8358a59d434e5546720db97ab5996 ttid:android@umeng pkg:cn.missevan
07-14 18:56:11.522 24836 24883 I NAccs.ElectionServiceImpl:  getConnection configTag:default start:false
07-14 18:56:11.522 24836 24883 I NAccs.ServiceImpl:  onHostStartCommand intent:Intent { act=com.taobao.accs.intent.action.START_SERVICE cmp=cn.missevan/com.taobao.accs.ChannelService (has extras) }
07-14 18:56:11.522 24836 24883 D NAccs.ServiceImpl:  onHostStartCommand key:appKey  value:umeng:546d7dd7fd98c58fc800082c
07-14 18:56:11.523 24836 24883 D NAccs.ServiceImpl:  onHostStartCommand key:configTag  value:default
07-14 18:56:11.523 24836 24883 D NAccs.ServiceImpl:  onHostStartCommand key:mode  value:0
07-14 18:56:11.523 24836 24883 D NAccs.ServiceImpl:  onHostStartCommand key:ttid  value:android@umeng
07-14 18:56:11.523 24836 24883 D NAccs.ServiceImpl:  onHostStartCommand key:packageName  value:cn.missevan
07-14 18:56:11.523 24836 24883 D NAccs.ServiceImpl:  onHostStartCommand key:app_sercet  value:64e8358a59d434e5546720db97ab5996
07-14 18:56:11.523 24836 24836 I NAccs.BaseIntentService:  handleMessage on receive msg msg:{ when=-4ms what=0 target=org.android.agoo.control.g }
07-14 18:56:11.524 24836 24883 D NAccs.ServiceImpl:  onHostStartCommand key:agoo_app_key  value:umeng:546d7dd7fd98c58fc800082c
07-14 18:56:11.524 24836 24836 I NAccs.BaseIntentService:  handleMessage get intent success intent:Intent { act=org.agoo.android.intent.action.REPORT pkg=cn.missevan cmp=cn.missevan/com.umeng.message.UmengIntentService }
07-14 18:56:11.524 24836 24883 I NAccs.LoadSoFailUtil:  getSoFailTimes times:0
07-14 18:56:11.525 24836 24883 D NAccs.ServiceImpl:  handleAction action:com.taobao.accs.intent.action.START_SERVICE
07-14 18:56:11.525 24836 24883 I NAccs.ServiceImpl:  tryConnect appkey:umeng:546d7dd7fd98c58fc800082c configTag:default|0
07-14 18:56:11.525 24836 24883 D NAccs.SilenceConn_default:  start
07-14 18:56:11.525 24836 24883 D NAccs.SilenceConn_default:  try ping, force:false
07-14 18:56:11.526 24836 24883 D NAccs.SilenceConn_default:  sendMessage ready dataId:1657796171525.7 type:PING delay:0
07-14 18:56:11.526 24836 24883 I NAccs.BaseIntentService:  onHandleIntent,action=org.agoo.android.intent.action.REPORT,agooCommand=cn.missevan.intent.action.COMMAND,mipushCommand=cn.missevan.intent.thirdPush.action.COMMAND
07-14 18:56:11.527 24836 24883 I NAccs.BaseIntentService:  is report cache msg,Config.isReportCacheMsg(mContext)=false
07-14 18:56:11.527 24836 24883 D NAccs.isClearTime:  now=1657796171527,now - lastTime=3609787,istrue=false
07-14 18:56:11.527 24836 24883 I NAccs.BaseIntentService:  is clear all msg=false
07-14 18:56:11.528 24836 24883 D NAccs.isClearTime:  now=1657796171527,now - lastTime=3609787,istrue=false
07-14 18:56:11.628   601   601 E SELinux : avc:  denied  { find } for pid=4514 uid=10181 name=tethering scontext=u:r:vendor_systemhelper_app:s0:c512,c768 tcontext=u:object_r:tethering_service:s0 tclass=service_manager permissive=0
07-14 18:56:11.699 24263 24577 D CronetEngine: [thread_background]
07-14 18:56:11.699 24263 24577 D CronetEngine: url: https://data.uat.missevan.com/statistics/collect-events
07-14 18:56:11.699 24263 24577 D CronetEngine:  ip: 10.21.251.43
07-14 18:56:11.699 24263 24577 D CronetEngine:  hostResolverProvider:
07-14 18:56:11.699 24263 24577 D CronetEngine:  hostResolveIps: []
07-14 18:56:11.699 24263 24577 D CronetEngine: exception: null
07-14 18:56:11.829   601   601 E SELinux : avc:  denied  { find } for pid=4514 uid=10181 name=tethering scontext=u:r:vendor_systemhelper_app:s0:c512,c768 tcontext=u:object_r:tethering_service:s0 tclass=service_manager permissive=0
07-14 18:56:11.997  5340 19143 I SafeBinderCall: onPositionChange binder cost:0
07-14 18:56:11.997  2565  2565 D MiPlayDetailViewModel: onPositionChange(): position = 0
07-14 18:56:12.030   601   601 E SELinux : avc:  denied  { find } for pid=4514 uid=10181 name=tethering scontext=u:r:vendor_systemhelper_app:s0:c512,c768 tcontext=u:object_r:tethering_service:s0 tclass=service_manager permissive=0
07-14 18:56:12.156  5340  5340 I MiPlayAudioService: onTick:569s
07-14 18:56:12.215 24263 24577 D CronetEngine: [thread_background]
07-14 18:56:12.215 24263 24577 D CronetEngine: url: http://static-test.maoercdn.com/app/homepage/banners/202108/04/a71605e39db1cc8db702bbf4282803ec183441.jpeg?x-oss-process=image/resize,w_1002/format,webp
07-14 18:56:12.215 24263 24577 D CronetEngine:  ip: 10.21.251.43
07-14 18:56:12.215 24263 24577 D CronetEngine:  hostResolverProvider:
07-14 18:56:12.215 24263 24577 D CronetEngine:  hostResolveIps: []
07-14 18:56:12.215 24263 24577 D CronetEngine: exception: null
07-14 18:56:12.231   601   601 E SELinux : avc:  denied  { find } for pid=4514 uid=10181 name=tethering scontext=u:r:vendor_systemhelper_app:s0:c512,c768 tcontext=u:object_r:tethering_service:s0 tclass=service_manager permissive=0
07-14 18:56:12.243 24263 24577 D CronetEngine: [thread_background]
07-14 18:56:12.243 24263 24577 D CronetEngine: url: http://static-test.maoercdn.com/app/homepage/banners/202108/04/af286632ad9bee96054270148030dab2175136.jpg?x-oss-process=image/resize,w_1002/format,webp
07-14 18:56:12.243 24263 24577 D CronetEngine:  ip: 10.21.251.43
07-14 18:56:12.243 24263 24577 D CronetEngine:  hostResolverProvider:
07-14 18:56:12.243 24263 24577 D CronetEngine:  hostResolveIps: []
07-14 18:56:12.243 24263 24577 D CronetEngine: exception: null
07-14 18:56:12.275 24263 24577 D CronetEngine: [thread_background]
07-14 18:56:12.275 24263 24577 D CronetEngine: url: http://static-test.maoercdn.com/app/homepage/banners/202108/04/d298ca9dab102f4d29ac53790a630b23174515.jpg?x-oss-process=image/resize,w_1002/format,webp
07-14 18:56:12.275 24263 24577 D CronetEngine:  ip: 10.21.251.43
07-14 18:56:12.275 24263 24577 D CronetEngine:  hostResolverProvider:
07-14 18:56:12.275 24263 24577 D CronetEngine:  hostResolveIps: []
07-14 18:56:12.275 24263 24577 D CronetEngine: exception: null
07-14 18:56:12.432   601   601 E SELinux : avc:  denied  { find } for pid=4514 uid=10181 name=tethering scontext=u:r:vendor_systemhelper_app:s0:c512,c768 tcontext=u:object_r:tethering_service:s0 tclass=service_manager permissive=0
07-14 18:56:12.633   601   601 E SELinux : avc:  denied  { find } for pid=4514 uid=10181 name=tethering scontext=u:r:vendor_systemhelper_app:s0:c512,c768 tcontext=u:object_r:tethering_service:s0 tclass=service_manager permissive=0
07-14 18:56:12.752 24263 24297 I cn.missevan: Explicit concurrent copying GC freed 14844(1729KB) AllocSpace objects, 15(792KB) LOS objects, 50% free, 23MB/46MB, paused 124us total 70.462ms
07-14 18:56:12.834   601   601 E SELinux : avc:  denied  { find } for pid=4514 uid=10181 name=tethering scontext=u:r:vendor_systemhelper_app:s0:c512,c768 tcontext=u:object_r:tethering_service:s0 tclass=service_manager permissive=0
07-14 18:56:12.969   904  3454 I vendor.qti.bluetooth@1.0-ibs_handler: ProcessIbsCmd: Received IBS_WAKE_IND: 0xFD
07-14 18:56:12.969   904  3454 D vendor.qti.bluetooth@1.0-ibs_handler: SerialClockVote: vote for UART CLK ON
07-14 18:56:12.969   904  3454 D vendor.qti.bluetooth@1.0-wake_lock: Acquire wakelock is acquired
07-14 18:56:12.970   904  3454 I vendor.qti.bluetooth@1.0-ibs_handler: ProcessIbsCmd: Writing IBS_WAKE_ACK
07-14 18:56:12.971  2502  3457 V bt_stack: [VERBOSE1:btm_ble_gap.cc(1924)] btm_ble_process_ext_adv_pkt: bda=d4:5e:ec:42:d1:94
07-14 18:56:12.971  2502  3457 V bt_stack: [VERBOSE1:btm_ble_gap.cc(1848)] btm_ble_process_adv_addr: bda=d4:5e:ec:42:d1:94
07-14 18:56:12.972  2502  3457 V bt_stack: [VERBOSE1:btm_ble_gap.cc(2058)]  Waiting for scan response d4:5e:ec:42:d1:94
07-14 18:56:12.997  5340 19143 I SafeBinderCall: onPositionChange binder cost:0
07-14 18:56:12.997  2565  2565 D MiPlayDetailViewModel: onPositionChange(): position = 0
07-14 18:56:13.035   601   601 E SELinux : avc:  denied  { find } for pid=4514 uid=10181 name=tethering scontext=u:r:vendor_systemhelper_app:s0:c512,c768 tcontext=u:object_r:tethering_service:s0 tclass=service_manager permissive=0
07-14 18:56:13.050   904  3454 I vendor.qti.bluetooth@1.0-ibs_handler: ProcessIbsCmd: Received IBS_SLEEP_IND: 0xFE
07-14 18:56:13.050   904  3454 D vendor.qti.bluetooth@1.0-ibs_handler: SerialClockVote: vote for UART CLK OFF
07-14 18:56:13.078  4928  4928 V onNotificationPostedCallBack: flags=16
07-14 18:56:13.078  4928 26692 W Parcel  : **** enforceInterface() expected 'com.miui.gamebooster.service.ISecurityCenterNotificationListener' but read 'android.service.notification.INotificationListener'
07-14 18:56:13.079  4928 26692 W Binder  : Caught a RuntimeException from the binder stub implementation.
07-14 18:56:13.079  4928 26692 W Binder  : java.lang.SecurityException: Binder invocation to an incorrect interface
07-14 18:56:13.079  4928 26692 W Binder  : 	at android.os.Parcel.nativeEnforceInterface(Native Method)
07-14 18:56:13.079  4928 26692 W Binder  : 	at android.os.Parcel.enforceInterface(Parcel.java:653)
07-14 18:56:13.079  4928 26692 W Binder  : 	at com.miui.gamebooster.service.ISecurityCenterNotificationListener$Stub.onTransact(Unknown Source:18)
07-14 18:56:13.079  4928 26692 W Binder  : 	at android.os.Binder.execTransactInternal(Binder.java:1159)
07-14 18:56:13.079  4928 26692 W Binder  : 	at android.os.Binder.execTransact(Binder.java:1123)
07-14 18:56:13.081  2565  2565 D InterruptionStateProvider: No bubble up: not allowed to bubble: 0|cn.missevan|2131429483|null|10837
07-14 18:56:13.082  2565  2565 D InterruptionStateProvider: No heads up: unimportant notification: 0|cn.missevan|2131429483|null|10837
07-14 18:56:13.175 24263 24577 D CronetEngine: [thread_background]
07-14 18:56:13.175 24263 24577 D CronetEngine: url: http://static-test.maoercdn.com/app/homepage/banners/202203/04/de597c32a7bf7be94aca8986bb89d035172055.jpg?x-oss-process=image/resize,w_1002/format,webp
07-14 18:56:13.175 24263 24577 D CronetEngine:  ip: 10.21.251.43
07-14 18:56:13.175 24263 24577 D CronetEngine:  hostResolverProvider:
07-14 18:56:13.175 24263 24577 D CronetEngine:  hostResolveIps: []
07-14 18:56:13.175 24263 24577 D CronetEngine: exception: null
07-14 18:56:13.200   904  3130 D vendor.qti.bluetooth@1.0-wake_lock: Release wakelock is released
07-14 18:56:13.236   601   601 E SELinux : avc:  denied  { find } for pid=4514 uid=10181 name=tethering scontext=u:r:vendor_systemhelper_app:s0:c512,c768 tcontext=u:object_r:tethering_service:s0 tclass=service_manager permissive=0
07-14 18:56:13.438   601   601 E SELinux : avc:  denied  { find } for pid=4514 uid=10181 name=tethering scontext=u:r:vendor_systemhelper_app:s0:c512,c768 tcontext=u:object_r:tethering_service:s0 tclass=service_manager permissive=0
07-14 18:56:13.544  1894  2363 I MiuiNetworkPolicy: bandwidth: 92 KB/s, Max bandwidth: 1412 KB/s
07-14 18:56:13.639   601   601 E SELinux : avc:  denied  { find } for pid=4514 uid=10181 name=tethering scontext=u:r:vendor_systemhelper_app:s0:c512,c768 tcontext=u:object_r:tethering_service:s0 tclass=service_manager permissive=0
07-14 18:56:13.659   904  3454 I vendor.qti.bluetooth@1.0-ibs_handler: ProcessIbsCmd: Received IBS_WAKE_IND: 0xFD
07-14 18:56:13.659   904  3454 D vendor.qti.bluetooth@1.0-ibs_handler: SerialClockVote: vote for UART CLK ON
07-14 18:56:13.660   904  3454 D vendor.qti.bluetooth@1.0-wake_lock: Acquire wakelock is acquired
07-14 18:56:13.660   904  3454 I vendor.qti.bluetooth@1.0-ibs_handler: ProcessIbsCmd: Writing IBS_WAKE_ACK
07-14 18:56:13.661  2502  3457 V bt_stack: [VERBOSE1:btm_ble_gap.cc(1924)] btm_ble_process_ext_adv_pkt: bda=7c:25:da:77:03:3c
07-14 18:56:13.661  2502  3457 V bt_stack: [VERBOSE1:btm_ble_gap.cc(1848)] btm_ble_process_adv_addr: bda=7c:25:da:77:03:3c
07-14 18:56:13.661  2502  3457 V bt_stack: [VERBOSE1:btm_inq.cc(1019)] BTM_InqDbRead: bd addr 7c:25:da:77:03:3c
07-14 18:56:13.664  3471  3587 E MiuiFastConnectService: check adv data not fast connect
07-14 18:56:13.740   904  3454 I vendor.qti.bluetooth@1.0-ibs_handler: ProcessIbsCmd: Received IBS_SLEEP_IND: 0xFE
07-14 18:56:13.740   904  3454 D vendor.qti.bluetooth@1.0-ibs_handler: SerialClockVote: vote for UART CLK OFF
07-14 18:56:13.840   601   601 E SELinux : avc:  denied  { find } for pid=4514 uid=10181 name=tethering scontext=u:r:vendor_systemhelper_app:s0:c512,c768 tcontext=u:object_r:tethering_service:s0 tclass=service_manager permissive=0
07-14 18:56:13.891   904  3130 D vendor.qti.bluetooth@1.0-wake_lock: Release wakelock is released
07-14 18:56:13.994  5340 19143 I SafeBinderCall: onPositionChange binder cost:0
07-14 18:56:13.995  2565  2565 D MiPlayDetailViewModel: onPositionChange(): position = 0
07-14 18:56:14.043   601   601 E SELinux : avc:  denied  { find } for pid=4514 uid=10181 name=tethering scontext=u:r:vendor_systemhelper_app:s0:c512,c768 tcontext=u:object_r:tethering_service:s0 tclass=service_manager permissive=0
07-14 18:56:14.120  1894  2393 D WifiScoreReportInjector: Fast switch not enabled
07-14 18:56:14.181 24263 24577 D CronetEngine: [thread_background]
