12-22 12:02:34.663 12432 12432 I HandWritingStubImpl: isKeyboardTypeChanged: false
12-22 12:02:34.671 12432 12432 I HandWritingStubImpl: isKeyboardTypeChanged: false
12-22 12:02:34.679 12432 12432 I HandWritingStubImpl: isKeyboardTypeChanged: false
12-22 12:02:34.681  2027  3285 D libsensor-displayalgo: the value of  brightness:366.000000,R:34501303.808028,G:28784058.998259,B:25083914.350636,EVENT_C:2364.000000,EVENT_R:1044.000000,EVENT_G:1233.500000,EVENT_B:525.000000
12-22 12:02:34.681  2027  3285 I libsensor-displayalgo: the value of  Coef1:1107.681000,Coef4:2.383000, scale1:0.935522, scale4:0.923264
12-22 12:02:34.681  2027  3285 E libsensor-displayalgo: RGB_test_0407_400_oldzy!
12-22 12:02:34.682  2027  3285 I libsensor-displayalgo: the value of  RESULT1464.367663,596.685550,726.581224,246.931818
12-22 12:02:34.682  2027  3285 I libsensor-displayalgo: the value of  getChannelDataCalibrated1527.986359,553.808811,837.678521,267.261996
12-22 12:02:34.682  2027  3285 I libsensor-displayalgo: the value of  REAL LUX37.592606
12-22 12:02:34.682  2027  3285 I libsensor-displayalgo: the value of  CAL REAL LUX37.592606
12-22 12:02:34.688 12432 12432 I HandWritingStubImpl: isKeyboardTypeChanged: false
12-22 12:02:34.696 12432 12432 I HandWritingStubImpl: isKeyboardTypeChanged: false
12-22 12:02:34.704 12432 12432 I HandWritingStubImpl: isKeyboardTypeChanged: false
12-22 12:02:34.712 12432 12432 I HandWritingStubImpl: isKeyboardTypeChanged: false
12-22 12:02:34.720 12432 12432 I HandWritingStubImpl: isKeyboardTypeChanged: false
12-22 12:02:34.729 12432 12432 I HandWritingStubImpl: isKeyboardTypeChanged: false
12-22 12:02:34.737 12432 12432 I HandWritingStubImpl: isKeyboardTypeChanged: false
12-22 12:02:34.745 12432 12432 I HandWritingStubImpl: isKeyboardTypeChanged: false
12-22 12:02:34.754 12432 12432 I HandWritingStubImpl: isKeyboardTypeChanged: false
12-22 12:02:34.762 12432 12432 I HandWritingStubImpl: isKeyboardTypeChanged: false
12-22 12:02:34.770 12432 12432 I HandWritingStubImpl: isKeyboardTypeChanged: false
12-22 12:02:34.778 12432 12432 I HandWritingStubImpl: isKeyboardTypeChanged: false
12-22 12:02:34.786 12432 12432 I HandWritingStubImpl: isKeyboardTypeChanged: false
12-22 12:02:34.794 12432 12432 I HandWritingStubImpl: isKeyboardTypeChanged: false
12-22 12:02:34.803 12432 12432 I HandWritingStubImpl: isKeyboardTypeChanged: false
12-22 12:02:34.811 12432 12432 I HandWritingStubImpl: isKeyboardTypeChanged: false
12-22 12:02:34.819 12432 12432 I HandWritingStubImpl: isKeyboardTypeChanged: false
12-22 12:02:34.821  2475  3037 D MIUIInput: [MotionEvent] publisher action=0x1, 585259189, channel 'c1aa6a0 cn.missevan/cn.missevan.activity.MainActivity (server)'
12-22 12:02:34.823  2475  2677 D PerfImpl: perfGetWorkLoadType
12-22 12:02:34.823  2475  2677 D PerfImpl: perfScrollBoost: cn.missevan, -1, 4
12-22 12:02:34.824  2475  2677 D PerfImpl: perfGetWorkLoadType
12-22 12:02:34.824  2475  2677 D PerfImpl: perfLockRelease
12-22 12:02:34.827 12432 12432 I HandWritingStubImpl: isKeyboardTypeChanged: false
12-22 12:02:34.835 12432 12432 I HandWritingStubImpl: isKeyboardTypeChanged: false
12-22 12:02:34.843 12432 12432 I HandWritingStubImpl: isKeyboardTypeChanged: false
12-22 12:02:34.852 12432 12432 I HandWritingStubImpl: isKeyboardTypeChanged: false
12-22 12:02:34.860 12432 12432 I HandWritingStubImpl: isKeyboardTypeChanged: false
12-22 12:02:34.866  1251  2448 I vendor.qti.hardware.display.composer-service: FrameNotifyProcess Sensor: notify citsensorservice to trigger cwb
12-22 12:02:34.866  2027  2027 I libcitsensorservice@2.0-impl: msg_transfer
12-22 12:02:34.866  2027  3266 D vendor.xiaomi.sensor.citsensorservice@2.0-service: handle id:10 wxh:1280x2400 uwxuh:1080x2400 size: 9216000 fd:15 fd_meta:16 flags:0x4000228 usage:0x33  format:0x3 layer_count: 1
12-22 12:02:34.867  1251  2216 I SDM     : HWCSession::SetCWBOutputBuffer: CWB config passed by cwb_client : tappoint 1  CWB_ROI : (829.000000 4.000000 915.000000 90.000000)
12-22 12:02:34.868  1251 13221 I SDM     : HWCSession::ProcessRequests: Successfully configured CWB buffer.
12-22 12:02:34.868 12432 12432 I HandWritingStubImpl: isKeyboardTypeChanged: false
12-22 12:02:34.877 12432 12432 I HandWritingStubImpl: isKeyboardTypeChanged: false
12-22 12:02:34.877  1251 13221 I SDM     : HWCSession::ProcessRequests: Pushing release fence in fenece wait queue.
12-22 12:02:34.877  1251 13221 I SDM     : HWCSession::ProcessRequests: Creating AsyncFenceWaits async thread.
12-22 12:02:34.877  1251 13221 I SDM     : HWCSession::ProcessRequests: Remove current CWB request from the pending request queue.
12-22 12:02:34.877  1251 13221 I SDM     : HWCSession::ProcessRequests: No pending cwb requests found in the queue.
12-22 12:02:34.883  1251  1467 I SDM     : HWDeviceDRM::SetupConcurrentWriteback: Tear down the Concurrent Writeback topology
12-22 12:02:34.885 12432 12432 I HandWritingStubImpl: isKeyboardTypeChanged: false
12-22 12:02:34.893 12432 12432 I HandWritingStubImpl: isKeyboardTypeChanged: false
12-22 12:02:34.894  1251 13222 I SDM     : HWCSession::NotifyCWBStatus: Notify the client about buffer status 0.
12-22 12:02:34.894  1251 13222 I SDM     : HWCSession::PerformFenceWaits: Remove current release fence from the pending fence wait queue.
12-22 12:02:34.894  1251 13222 I SDM     : HWCSession::PerformFenceWaits: CWB fence queue is empty. No pending release fence to wait on.
12-22 12:02:34.901 12432 12432 I HandWritingStubImpl: isKeyboardTypeChanged: false
12-22 12:02:34.909 12432 12432 I HandWritingStubImpl: isKeyboardTypeChanged: false
12-22 12:02:34.918 12432 12432 I HandWritingStubImpl: isKeyboardTypeChanged: false
12-22 12:02:34.926 12432 12432 I HandWritingStubImpl: isKeyboardTypeChanged: false
12-22 12:02:34.934 12432 12432 I HandWritingStubImpl: isKeyboardTypeChanged: false
12-22 12:02:34.943 12432 12432 I HandWritingStubImpl: isKeyboardTypeChanged: false
12-22 12:02:34.951 12432 12432 I HandWritingStubImpl: isKeyboardTypeChanged: false
12-22 12:02:34.960 12432 12432 I HandWritingStubImpl: isKeyboardTypeChanged: false
12-22 12:02:34.968 12432 12432 I HandWritingStubImpl: isKeyboardTypeChanged: false
12-22 12:02:34.976 12432 12432 I HandWritingStubImpl: isKeyboardTypeChanged: false
12-22 12:02:34.982  2027  3285 D libsensor-displayalgo: the value of  brightness:366.000000,R:34501303.808028,G:28784058.998259,B:25083914.350636,EVENT_C:2361.500000,EVENT_R:1044.000000,EVENT_G:1232.000000,EVENT_B:525.500000
12-22 12:02:34.983  2027  3285 I libsensor-displayalgo: the value of  Coef1:1107.681000,Coef4:2.383000, scale1:0.935522, scale4:0.923264
12-22 12:02:34.983  2027  3285 E libsensor-displayalgo: RGB_test_0407_400_oldzy!
12-22 12:02:34.983  2027  3285 I libsensor-displayalgo: the value of  RESULT1464.367663,596.685550,726.581224,246.931818
12-22 12:02:34.983  2027  3285 I libsensor-displayalgo: the value of  getChannelDataCalibrated1527.986359,553.808811,837.678521,267.261996
12-22 12:02:34.983  2027  3285 I libsensor-displayalgo: the value of  REAL LUX37.307304
12-22 12:02:34.983  2027  3285 I libsensor-displayalgo: the value of  CAL REAL LUX37.307304
12-22 12:02:34.984 12432 12432 I HandWritingStubImpl: isKeyboardTypeChanged: false
12-22 12:02:34.992 12432 12432 I HandWritingStubImpl: isKeyboardTypeChanged: false
12-22 12:02:35.000 12432 12432 I HandWritingStubImpl: isKeyboardTypeChanged: false
12-22 12:02:35.008 12432 12432 I HandWritingStubImpl: isKeyboardTypeChanged: false
12-22 12:02:35.017 12432 12432 I HandWritingStubImpl: isKeyboardTypeChanged: false
12-22 12:02:35.025 12432 12432 I HandWritingStubImpl: isKeyboardTypeChanged: false
12-22 12:02:35.033 12432 12432 I HandWritingStubImpl: isKeyboardTypeChanged: false
12-22 12:02:35.041 12432 12432 I HandWritingStubImpl: isKeyboardTypeChanged: false
12-22 12:02:35.050 12432 12432 I HandWritingStubImpl: isKeyboardTypeChanged: false
12-22 12:02:35.058 12432 12432 I HandWritingStubImpl: isKeyboardTypeChanged: false
12-22 12:02:35.224  1251  2448 I vendor.qti.hardware.display.composer-service: FrameNotifyProcess Sensor: notify citsensorservice to trigger cwb
12-22 12:02:35.224  2027  2027 I libcitsensorservice@2.0-impl: msg_transfer
12-22 12:02:35.224  2027  3266 D vendor.xiaomi.sensor.citsensorservice@2.0-service: handle id:10 wxh:1280x2400 uwxuh:1080x2400 size: 9216000 fd:15 fd_meta:16 flags:0x4000228 usage:0x33  format:0x3 layer_count: 1
12-22 12:02:35.225  1251  2216 I SDM     : HWCSession::SetCWBOutputBuffer: CWB config passed by cwb_client : tappoint 1  CWB_ROI : (829.000000 4.000000 915.000000 90.000000)
12-22 12:02:35.226  1251 13223 I SDM     : HWCSession::ProcessRequests: Successfully configured CWB buffer.
12-22 12:02:35.231  1251  2448 I vendor.qti.hardware.display.composer-service: FrameNotifyProcess Sensor: notify citsensorservice to trigger cwb
12-22 12:02:35.232  2027  2027 I libcitsensorservice@2.0-impl: msg_transfer
12-22 12:02:35.233  1251 13223 I SDM     : HWCSession::ProcessRequests: Pushing release fence in fenece wait queue.
12-22 12:02:35.233  1251 13223 I SDM     : HWCSession::ProcessRequests: Creating AsyncFenceWaits async thread.
12-22 12:02:35.234  1251 13223 I SDM     : HWCSession::ProcessRequests: Remove current CWB request from the pending request queue.
12-22 12:02:35.234  1251 13223 I SDM     : HWCSession::ProcessRequests: No pending cwb requests found in the queue.
12-22 12:02:35.238  1251  1467 I SDM     : HWDeviceDRM::SetupConcurrentWriteback: Tear down the Concurrent Writeback topology
12-22 12:02:35.244  1251 13225 I SDM     : HWCSession::NotifyCWBStatus: Notify the client about buffer status 0.
12-22 12:02:35.245  1251 13225 I SDM     : HWCSession::PerformFenceWaits: Remove current release fence from the pending fence wait queue.
12-22 12:02:35.245  1251 13225 I SDM     : HWCSession::PerformFenceWaits: CWB fence queue is empty. No pending release fence to wait on.
12-22 12:02:35.383  2027  3285 D libsensor-displayalgo: the value of  brightness:366.000000,R:34501303.808028,G:28784058.998259,B:25083914.350636,EVENT_C:2366.500000,EVENT_R:1044.500000,EVENT_G:1236.500000,EVENT_B:525.000000
12-22 12:02:35.383  2027  3285 I libsensor-displayalgo: the value of  Coef1:1107.681000,Coef4:2.383000, scale1:0.935522, scale4:0.923264
12-22 12:02:35.383  2027  3285 E libsensor-displayalgo: RGB_test_0407_400_oldzy!
12-22 12:02:35.383  2027  3285 I libsensor-displayalgo: the value of  RESULT1464.367663,596.685550,726.581224,246.931818
12-22 12:02:35.383  2027  3285 I libsensor-displayalgo: the value of  getChannelDataCalibrated1527.986359,553.808811,837.678521,267.261996
12-22 12:02:35.383  2027  3285 I libsensor-displayalgo: the value of  REAL LUX37.886696
12-22 12:02:35.383  2027  3285 I libsensor-displayalgo: the value of  CAL REAL LUX37.886696
12-22 12:02:35.557  9843  9860 I com.milink.runtime:new_milink:DataContentProvider: Call content://provider.milink.mi.com/messenger#poll from com.xiaomi.market, content://provider.milink.mi.com/messenger#poll
12-22 12:02:35.559  4665  4763 I com.xiaomi.market:new_milink:MessengerClient: empty packet, skip it.
12-22 12:02:35.683  2027  3285 D libsensor-displayalgo: the value of  brightness:366.000000,R:34501303.808028,G:28784058.998259,B:25083914.350636,EVENT_C:2366.500000,EVENT_R:1044.500000,EVENT_G:1236.500000,EVENT_B:525.000000
12-22 12:02:35.683  2027  3285 I libsensor-displayalgo: the value of  Coef1:1107.681000,Coef4:2.383000, scale1:0.935522, scale4:0.923264
12-22 12:02:35.683  2027  3285 E libsensor-displayalgo: RGB_test_0407_400_oldzy!
12-22 12:02:35.684  2027  3285 I libsensor-displayalgo: the value of  RESULT1464.367663,596.685550,726.581224,246.931818
12-22 12:02:35.684  2027  3285 I libsensor-displayalgo: the value of  getChannelDataCalibrated1527.986359,553.808811,837.678521,267.261996
12-22 12:02:35.684  2027  3285 I libsensor-displayalgo: the value of  REAL LUX37.886696
12-22 12:02:35.684  2027  3285 I libsensor-displayalgo: the value of  CAL REAL LUX37.886696
12-22 12:02:35.849  2475  3037 D MIUIInput: [MotionEvent] publisher action=0x4, 585260216, channel 'a6e61f2 NavigationBar0 (server)'
12-22 12:02:35.849  2475  3037 D MIUIInput: [MotionEvent] publisher action=0x0, 585260216, channel 'c1aa6a0 cn.missevan/cn.missevan.activity.MainActivity (server)'
12-22 12:02:35.929  2475  2677 D PerfImpl: perfGetWorkLoadType
12-22 12:02:35.931  2475  2677 D PerfImpl: perfScrollBoost: cn.missevan, -1, 4
12-22 12:02:35.932  2475  2677 D PerfImpl: perfGetWorkLoadType
12-22 12:02:35.933  2475  2677 D PerfImpl: perfDragBoost: cn.missevan, -1, 1
12-22 12:02:35.949 12432 12432 I HandWritingStubImpl: isKeyboardTypeChanged: false
12-22 12:02:35.956 12432 12432 I HandWritingStubImpl: isKeyboardTypeChanged: false
12-22 12:02:35.963  1251  2448 I vendor.qti.hardware.display.composer-service: FrameNotifyProcess Sensor: notify citsensorservice to trigger cwb
12-22 12:02:35.963  2027  4130 I libcitsensorservice@2.0-impl: msg_transfer
12-22 12:02:35.964 12432 12432 I HandWritingStubImpl: isKeyboardTypeChanged: false
12-22 12:02:35.965  2027  3266 D vendor.xiaomi.sensor.citsensorservice@2.0-service: handle id:10 wxh:1280x2400 uwxuh:1080x2400 size: 9216000 fd:15 fd_meta:16 flags:0x4000228 usage:0x33  format:0x3 layer_count: 1
12-22 12:02:35.965  1251  2216 I SDM     : HWCSession::SetCWBOutputBuffer: CWB config passed by cwb_client : tappoint 1  CWB_ROI : (829.000000 4.000000 915.000000 90.000000)
12-22 12:02:35.972 12432 12432 I HandWritingStubImpl: isKeyboardTypeChanged: false
12-22 12:02:35.976  1251 13228 I SDM     : HWCSession::ProcessRequests: Successfully configured CWB buffer.
12-22 12:02:35.980  1251 13228 I SDM     : HWCSession::ProcessRequests: Pushing release fence in fenece wait queue.
12-22 12:02:35.980  1251 13228 I SDM     : HWCSession::ProcessRequests: Creating AsyncFenceWaits async thread.
12-22 12:02:35.980  1251 13228 I SDM     : HWCSession::ProcessRequests: Remove current CWB request from the pending request queue.
12-22 12:02:35.980  1251 13228 I SDM     : HWCSession::ProcessRequests: No pending cwb requests found in the queue.
12-22 12:02:35.981 12432 12432 I HandWritingStubImpl: isKeyboardTypeChanged: false
12-22 12:02:35.986  1251  1467 I SDM     : HWDeviceDRM::SetupConcurrentWriteback: Tear down the Concurrent Writeback topology
12-22 12:02:35.988 12432 12432 I HandWritingStubImpl: isKeyboardTypeChanged: false
12-22 12:02:35.989  2027  3285 D libsensor-displayalgo: the value of  brightness:366.000000,R:34501303.808028,G:28784058.998259,B:25083914.350636,EVENT_C:2366.500000,EVENT_R:1044.500000,EVENT_G:1236.500000,EVENT_B:525.000000
12-22 12:02:35.989  2027  3285 I libsensor-displayalgo: the value of  Coef1:1107.681000,Coef4:2.383000, scale1:0.935522, scale4:0.923264
12-22 12:02:35.989  2027  3285 E libsensor-displayalgo: RGB_test_0407_400_oldzy!
12-22 12:02:35.989  2027  3285 I libsensor-displayalgo: the value of  RESULT1464.367663,596.685550,726.581224,246.931818
12-22 12:02:35.989  2027  3285 I libsensor-displayalgo: the value of  getChannelDataCalibrated1527.986359,553.808811,837.678521,267.261996
12-22 12:02:35.989  2027  3285 I libsensor-displayalgo: the value of  REAL LUX37.886696
12-22 12:02:35.989  2027  3285 I libsensor-displayalgo: the value of  CAL REAL LUX37.886696
12-22 12:02:35.994  1251 13229 I SDM     : HWCSession::NotifyCWBStatus: Notify the client about buffer status 0.
12-22 12:02:35.994  1251 13229 I SDM     : HWCSession::PerformFenceWaits: Remove current release fence from the pending fence wait queue.
12-22 12:02:35.994  1251 13229 I SDM     : HWCSession::PerformFenceWaits: CWB fence queue is empty. No pending release fence to wait on.
12-22 12:02:35.997 12432 12432 I HandWritingStubImpl: isKeyboardTypeChanged: false
12-22 12:02:35.999  5773  8966 D SLM-SRV-SLAService: checktemp temperature = 31931 temperature_average = 32000 isPerformanceMode = false thermal_enable_slm = true
12-22 12:02:36.005 12432 12432 I HandWritingStubImpl: isKeyboardTypeChanged: false
12-22 12:02:36.013 12432 12432 I HandWritingStubImpl: isKeyboardTypeChanged: false
12-22 12:02:36.018  5773  5786 I .slas   : This is sticky GC, maxfree is 8388608 minfree is 2097152
12-22 12:02:36.018  5773  5786 W .slas   : Reducing the number of considered missed Gc histogram windows from 157 to 100
12-22 12:02:36.021 12432 12432 I HandWritingStubImpl: isKeyboardTypeChanged: false
12-22 12:02:36.029 12432 12432 I HandWritingStubImpl: isKeyboardTypeChanged: false
12-22 12:02:36.038 12432 12432 I HandWritingStubImpl: isKeyboardTypeChanged: false
12-22 12:02:36.046 12432 12432 I HandWritingStubImpl: isKeyboardTypeChanged: false
12-22 12:02:36.063 12432 12432 I HandWritingStubImpl: isKeyboardTypeChanged: false
12-22 12:02:36.071 12432 12432 I HandWritingStubImpl: isKeyboardTypeChanged: false
12-22 12:02:36.079 12432 12432 I HandWritingStubImpl: isKeyboardTypeChanged: false
12-22 12:02:36.088 12432 12432 I HandWritingStubImpl: isKeyboardTypeChanged: false
12-22 12:02:36.095 12432 12432 I HandWritingStubImpl: isKeyboardTypeChanged: false
12-22 12:02:36.101  1878  5650 I CameraImpl: checkAllClientsStoppedAndReclaimMem reclaim camera provider anon memory.
12-22 12:02:36.104 12432 12432 I HandWritingStubImpl: isKeyboardTypeChanged: false
12-22 12:02:36.112 12432 12432 I HandWritingStubImpl: isKeyboardTypeChanged: false
12-22 12:02:36.120 12432 12432 I HandWritingStubImpl: isKeyboardTypeChanged: false
12-22 12:02:36.128 12432 12432 I HandWritingStubImpl: isKeyboardTypeChanged: false
12-22 12:02:36.136 12432 12432 I HandWritingStubImpl: isKeyboardTypeChanged: false
12-22 12:02:36.145 12432 12432 I HandWritingStubImpl: isKeyboardTypeChanged: false
12-22 12:02:36.153 12432 12432 I HandWritingStubImpl: isKeyboardTypeChanged: false
12-22 12:02:36.161 12432 12432 I HandWritingStubImpl: isKeyboardTypeChanged: false
12-22 12:02:36.170 12432 12432 I HandWritingStubImpl: isKeyboardTypeChanged: false
12-22 12:02:36.178 12432 12432 I HandWritingStubImpl: isKeyboardTypeChanged: false
12-22 12:02:36.186 12432 12432 I HandWritingStubImpl: isKeyboardTypeChanged: false
12-22 12:02:36.194 12432 12432 I HandWritingStubImpl: isKeyboardTypeChanged: false
12-22 12:02:36.202 12432 12432 I HandWritingStubImpl: isKeyboardTypeChanged: false
12-22 12:02:36.211 12432 12432 I HandWritingStubImpl: isKeyboardTypeChanged: false
12-22 12:02:36.212  2475  3650 D MiuiNetworkPolicy: updateLimit mLimitEnabled=false,enabled=true,mNetworkPriorityMode=1
12-22 12:02:36.219 12432 12432 I HandWritingStubImpl: isKeyboardTypeChanged: false
12-22 12:02:36.227 12432 12432 I HandWritingStubImpl: isKeyboardTypeChanged: false
12-22 12:02:36.235 12432 12432 I HandWritingStubImpl: isKeyboardTypeChanged: false
12-22 12:02:36.243 12432 12432 I HandWritingStubImpl: isKeyboardTypeChanged: false
12-22 12:02:36.252 12432 12432 I HandWritingStubImpl: isKeyboardTypeChanged: false
12-22 12:02:36.260 12432 12432 I HandWritingStubImpl: isKeyboardTypeChanged: false
12-22 12:02:36.266  1251  2448 I vendor.qti.hardware.display.composer-service: FrameNotifyProcess Sensor: notify citsensorservice to trigger cwb
12-22 12:02:36.266  2027  4130 I libcitsensorservice@2.0-impl: msg_transfer
12-22 12:02:36.266  2027  3266 D vendor.xiaomi.sensor.citsensorservice@2.0-service: handle id:10 wxh:1280x2400 uwxuh:1080x2400 size: 9216000 fd:15 fd_meta:16 flags:0x4000228 usage:0x33  format:0x3 layer_count: 1
12-22 12:02:36.268  1251  2216 I SDM     : HWCSession::SetCWBOutputBuffer: CWB config passed by cwb_client : tappoint 1  CWB_ROI : (829.000000 4.000000 915.000000 90.000000)
12-22 12:02:36.268  1251 13231 I SDM     : HWCSession::ProcessRequests: Successfully configured CWB buffer.
12-22 12:02:36.269 12432 12432 I HandWritingStubImpl: isKeyboardTypeChanged: false
12-22 12:02:36.276 12432 12432 I HandWritingStubImpl: isKeyboardTypeChanged: false
12-22 12:02:36.277  1251 13231 I SDM     : HWCSession::ProcessRequests: Pushing release fence in fenece wait queue.
12-22 12:02:36.277  1251 13231 I SDM     : HWCSession::ProcessRequests: Creating AsyncFenceWaits async thread.
12-22 12:02:36.278  1251 13231 I SDM     : HWCSession::ProcessRequests: Remove current CWB request from the pending request queue.
12-22 12:02:36.278  1251 13231 I SDM     : HWCSession::ProcessRequests: No pending cwb requests found in the queue.
12-22 12:02:36.282  1251  1467 I SDM     : HWDeviceDRM::SetupConcurrentWriteback: Tear down the Concurrent Writeback topology
12-22 12:02:36.283  2027  3285 D libsensor-displayalgo: the value of  brightness:366.000000,R:34501303.808028,G:28784058.998259,B:25083914.350636,EVENT_C:2369.500000,EVENT_R:1047.500000,EVENT_G:1236.000000,EVENT_B:527.500000
12-22 12:02:36.283  2027  3285 I libsensor-displayalgo: the value of  Coef1:1107.681000,Coef4:2.383000, scale1:0.935522, scale4:0.923264
12-22 12:02:36.283  2027  3285 E libsensor-displayalgo: RGB_test_0407_400_oldzy!
12-22 12:02:36.283  2027  3285 I libsensor-displayalgo: the value of  RESULT1464.367663,596.685550,726.581224,246.931818
12-22 12:02:36.283  2027  3285 I libsensor-displayalgo: the value of  getChannelDataCalibrated1527.986359,553.808811,837.678521,267.261996
12-22 12:02:36.283  2027  3285 I libsensor-displayalgo: the value of  REAL LUX37.759468
12-22 12:02:36.283  2027  3285 I libsensor-displayalgo: the value of  CAL REAL LUX37.759468
12-22 12:02:36.285 12432 12432 I HandWritingStubImpl: isKeyboardTypeChanged: false
12-22 12:02:36.290  1251 13234 I SDM     : HWCSession::NotifyCWBStatus: Notify the client about buffer status 0.
12-22 12:02:36.291  1251 13234 I SDM     : HWCSession::PerformFenceWaits: Remove current release fence from the pending fence wait queue.
12-22 12:02:36.291  1251 13234 I SDM     : HWCSession::PerformFenceWaits: CWB fence queue is empty. No pending release fence to wait on.
12-22 12:02:36.292  2475  3037 D MIUIInput: [MotionEvent] publisher action=0x1, 585260660, channel 'c1aa6a0 cn.missevan/cn.missevan.activity.MainActivity (server)'
12-22 12:02:36.293 12432 12432 I HandWritingStubImpl: isKeyboardTypeChanged: false
12-22 12:02:36.293  2475  2677 D PerfImpl: perfGetWorkLoadType
12-22 12:02:36.294  2475  2677 D PerfImpl: perfScrollBoost: cn.missevan, -1, 4
12-22 12:02:36.294  2475  2677 D PerfImpl: perfGetWorkLoadType
12-22 12:02:36.294  2475  2677 D PerfImpl: perfLockRelease
12-22 12:02:36.457  1251  2448 I vendor.qti.hardware.display.composer-service: FrameNotifyProcess Sensor: notify citsensorservice to trigger cwb
12-22 12:02:36.457  2027  2096 I libcitsensorservice@2.0-impl: msg_transfer
12-22 12:02:36.457  2027  3266 D vendor.xiaomi.sensor.citsensorservice@2.0-service: handle id:10 wxh:1280x2400 uwxuh:1080x2400 size: 9216000 fd:15 fd_meta:16 flags:0x4000228 usage:0x33  format:0x3 layer_count: 1
12-22 12:02:36.458  1251  2216 I SDM     : HWCSession::SetCWBOutputBuffer: CWB config passed by cwb_client : tappoint 1  CWB_ROI : (829.000000 4.000000 915.000000 90.000000)
12-22 12:02:36.458  1251 13236 I SDM     : HWCSession::ProcessRequests: Successfully configured CWB buffer.
12-22 12:02:36.469  1251 13236 I SDM     : HWCSession::ProcessRequests: Pushing release fence in fenece wait queue.
12-22 12:02:36.470  1251 13236 I SDM     : HWCSession::ProcessRequests: Creating AsyncFenceWaits async thread.
12-22 12:02:36.470  1251 13236 I SDM     : HWCSession::ProcessRequests: Remove current CWB request from the pending request queue.
12-22 12:02:36.470  1251 13236 I SDM     : HWCSession::ProcessRequests: No pending cwb requests found in the queue.
12-22 12:02:36.473  1251  1467 I SDM     : HWDeviceDRM::SetupConcurrentWriteback: Tear down the Concurrent Writeback topology
12-22 12:02:36.480  1251 13238 I SDM     : HWCSession::NotifyCWBStatus: Notify the client about buffer status 0.
12-22 12:02:36.480  1251 13238 I SDM     : HWCSession::PerformFenceWaits: Remove current release fence from the pending fence wait queue.
12-22 12:02:36.480  1251 13238 I SDM     : HWCSession::PerformFenceWaits: CWB fence queue is empty. No pending release fence to wait on.
12-22 12:02:36.582  2027  3285 D libsensor-displayalgo: the value of  brightness:366.000000,R:34501303.808028,G:28784058.998259,B:25083914.350636,EVENT_C:2390.500000,EVENT_R:1056.500000,EVENT_G:1248.000000,EVENT_B:532.000000
12-22 12:02:36.583  2027  3285 I libsensor-displayalgo: the value of  Coef1:1107.681000,Coef4:2.383000, scale1:0.935522, scale4:0.923264
12-22 12:02:36.583  2027  3285 E libsensor-displayalgo: RGB_test_0407_400_oldzy!
12-22 12:02:36.583  2027  3285 I libsensor-displayalgo: the value of  RESULT1464.367663,596.685550,726.581224,246.931818
12-22 12:02:36.583  2027  3285 I libsensor-displayalgo: the value of  getChannelDataCalibrated1527.986359,553.808811,837.678521,267.261996
12-22 12:02:36.583  2027  3285 I libsensor-displayalgo: the value of  REAL LUX39.082664
12-22 12:02:36.583  2027  3285 I libsensor-displayalgo: the value of  CAL REAL LUX39.082664
12-22 12:02:36.983  2027  3285 D libsensor-displayalgo: the value of  brightness:366.000000,R:34501303.808028,G:28784058.998259,B:25083914.350636,EVENT_C:2390.500000,EVENT_R:1056.500000,EVENT_G:1248.000000,EVENT_B:532.000000
12-22 12:02:36.983  2027  3285 I libsensor-displayalgo: the value of  Coef1:1107.681000,Coef4:2.383000, scale1:0.935522, scale4:0.923264
12-22 12:02:36.983  2027  3285 E libsensor-displayalgo: RGB_test_0407_400_oldzy!
12-22 12:02:36.984  2027  3285 I libsensor-displayalgo: the value of  RESULT1464.367663,596.685550,726.581224,246.931818
12-22 12:02:36.984  2027  3285 I libsensor-displayalgo: the value of  getChannelDataCalibrated1527.986359,553.808811,837.678521,267.261996
12-22 12:02:36.984  2027  3285 I libsensor-displayalgo: the value of  REAL LUX39.082664
12-22 12:02:36.984  2027  3285 I libsensor-displayalgo: the value of  CAL REAL LUX39.082664
12-22 12:02:37.017  2475  3663 D ConnectivityService: NetReassign [no changes]
12-22 12:02:37.042  1251  2448 I vendor.qti.hardware.display.composer-service: FrameNotifyProcess Sensor: notify citsensorservice to trigger cwb
12-22 12:02:37.042  2027  2027 I libcitsensorservice@2.0-impl: msg_transfer
12-22 12:02:37.043  2027  3266 D vendor.xiaomi.sensor.citsensorservice@2.0-service: handle id:10 wxh:1280x2400 uwxuh:1080x2400 size: 9216000 fd:15 fd_meta:16 flags:0x4000228 usage:0x33  format:0x3 layer_count: 1
12-22 12:02:37.043  1251  2216 I SDM     : HWCSession::SetCWBOutputBuffer: CWB config passed by cwb_client : tappoint 1  CWB_ROI : (829.000000 4.000000 915.000000 90.000000)
12-22 12:02:37.045  1251 13240 I SDM     : HWCSession::ProcessRequests: Successfully configured CWB buffer.
12-22 12:02:37.056  1251 13240 I SDM     : HWCSession::ProcessRequests: Pushing release fence in fenece wait queue.
12-22 12:02:37.056  1251 13240 I SDM     : HWCSession::ProcessRequests: Creating AsyncFenceWaits async thread.
12-22 12:02:37.057  1251 13240 I SDM     : HWCSession::ProcessRequests: Remove current CWB request from the pending request queue.
12-22 12:02:37.057  1251 13240 I SDM     : HWCSession::ProcessRequests: No pending cwb requests found in the queue.
12-22 12:02:37.065  1251  1467 I SDM     : HWDeviceDRM::SetupConcurrentWriteback: Tear down the Concurrent Writeback topology
12-22 12:02:37.066  1251 13241 I SDM     : HWCSession::NotifyCWBStatus: Notify the client about buffer status 0.
12-22 12:02:37.067  1251 13241 I SDM     : HWCSession::PerformFenceWaits: Remove current release fence from the pending fence wait queue.
12-22 12:02:37.067  1251 13241 I SDM     : HWCSession::PerformFenceWaits: CWB fence queue is empty. No pending release fence to wait on.
12-22 12:02:37.283  2027  3285 D libsensor-displayalgo: the value of  brightness:366.000000,R:34501906.641875,G:28784567.986444,B:25084356.962208,EVENT_C:2393.000000,EVENT_R:1058.500000,EVENT_G:1249.500000,EVENT_B:533.000000
12-22 12:02:37.283  2027  3285 I libsensor-displayalgo: the value of  Coef1:1107.681000,Coef4:2.383000, scale1:0.935522, scale4:0.923264
12-22 12:02:37.283  2027  3285 E libsensor-displayalgo: RGB_test_0407_400_oldzy!
12-22 12:02:37.284  2027  3285 I libsensor-displayalgo: the value of  RESULT1464.385586,596.693177,726.589636,246.934836
12-22 12:02:37.284  2027  3285 I libsensor-displayalgo: the value of  getChannelDataCalibrated1528.005061,553.815889,837.688218,267.265263
12-22 12:02:37.284  2027  3285 I libsensor-displayalgo: the value of  REAL LUX39.169483
12-22 12:02:37.284  2027  3285 I libsensor-displayalgo: the value of  CAL REAL LUX39.169483
12-22 12:02:37.399  1251  2216 I SDM     : HWCDisplay::SetActiveConfigWithConstraints: config: 0, WxH 1080x2400, fps 60
12-22 12:02:37.401  1251  2216 W SDM     : HWDeviceDRM::GetSupportedBitClkRate: Requested rate not supported: 831000000
12-22 12:02:37.401  1251  2216 I SDM     : HWDeviceDRM::UpdateMixerAttributes: Mixer WxH 1080x2400-0 for Peripheral
12-22 12:02:37.402  1251  2216 I SDM     : HWCDisplay::SubmitDisplayConfig: Active configuration changed from config 1 to 0
12-22 12:02:37.402  1251  2216 I SDM     : HWCDisplay::SubmitDisplayConfig: Active WxH 1080x2400 fps 60
12-22 12:02:37.404  1251  1467 I SDM     : HWDeviceDRM::SetupAtomic: Setting mode: WxH: 1080x2400, vrefresh: 60, hskew: 0
12-22 12:02:37.404  1251  2448 I vendor.qti.hardware.display.composer-service: FrameNotifyProcess Sensor: notify citsensorservice to trigger cwb
12-22 12:02:37.405  2027  2027 I libcitsensorservice@2.0-impl: msg_transfer
12-22 12:02:37.405  2027  3266 D vendor.xiaomi.sensor.citsensorservice@2.0-service: handle id:10 wxh:1280x2400 uwxuh:1080x2400 size: 9216000 fd:15 fd_meta:16 flags:0x4000228 usage:0x33  format:0x3 layer_count: 1
12-22 12:02:37.405  1251  2216 I SDM     : HWCSession::SetCWBOutputBuffer: CWB config passed by cwb_client : tappoint 1  CWB_ROI : (829.000000 4.000000 915.000000 90.000000)
12-22 12:02:37.410  1328  2240 D FPSMonitor: threadFuncFpsMonitor display 0, fps 60
12-22 12:02:37.410  2027  3267 I libsensor-displayalgo: displayInfoCallback::display info won't handle!!!
12-22 12:02:37.414  1251 13244 I SDM     : HWCSession::ProcessRequests: Successfully configured CWB buffer.
12-22 12:02:37.438  1251 13244 I SDM     : HWCSession::ProcessRequests: Pushing release fence in fenece wait queue.
12-22 12:02:37.438  1251 13244 I SDM     : HWCSession::ProcessRequests: Creating AsyncFenceWaits async thread.
12-22 12:02:37.438  1251 13244 I SDM     : HWCSession::ProcessRequests: Remove current CWB request from the pending request queue.
12-22 12:02:37.439  1251 13244 I SDM     : HWCSession::ProcessRequests: No pending cwb requests found in the queue.
12-22 12:02:37.455  1251  1467 I SDM     : HWDeviceDRM::SetupConcurrentWriteback: Tear down the Concurrent Writeback topology
12-22 12:02:37.465  1251 13245 I SDM     : HWCSession::NotifyCWBStatus: Notify the client about buffer status 0.
12-22 12:02:37.465  1251 13245 I SDM     : HWCSession::PerformFenceWaits: Remove current release fence from the pending fence wait queue.
12-22 12:02:37.465  1251 13245 I SDM     : HWCSession::PerformFenceWaits: CWB fence queue is empty. No pending release fence to wait on.
12-22 12:02:37.582  2027  3285 D libsensor-displayalgo: the value of  brightness:366.000000,R:34501906.641875,G:28784567.986444,B:25084356.962208,EVENT_C:2389.000000,EVENT_R:1057.500000,EVENT_G:1247.500000,EVENT_B:532.500000
12-22 12:02:37.582  2027  3285 I libsensor-displayalgo: the value of  Coef1:1107.681000,Coef4:2.383000, scale1:0.935522, scale4:0.923264
12-22 12:02:37.582  2027  3285 E libsensor-displayalgo: RGB_test_0407_400_oldzy!
12-22 12:02:37.582  2027  3285 I libsensor-displayalgo: the value of  RESULT1464.385586,596.693177,726.589636,246.934836
12-22 12:02:37.582  2027  3285 I libsensor-displayalgo: the value of  getChannelDataCalibrated1528.005061,553.815889,837.688218,267.265263
12-22 12:02:37.582  2027  3285 I libsensor-displayalgo: the value of  REAL LUX38.874504
12-22 12:02:37.582  2027  3285 I libsensor-displayalgo: the value of  CAL REAL LUX38.874504
12-22 12:02:37.743 19413 19710 D Q.fts.BgCpu.Total: 2022-12-22 12:02:37 cpu:55 - wall:59  b transCount:0 transCost:0 transAvg:0.0 FTSTroopOperator transCount:0 transCost:0 transAvg:0.0
12-22 12:02:37.882  2027  3285 D libsensor-displayalgo: the value of  brightness:366.000000,R:34501906.641875,G:28784567.986444,B:25084356.962208,EVENT_C:2389.000000,EVENT_R:1057.500000,EVENT_G:1247.500000,EVENT_B:532.500000
12-22 12:02:37.882  2027  3285 I libsensor-displayalgo: the value of  Coef1:1107.681000,Coef4:2.383000, scale1:0.935522, scale4:0.923264
12-22 12:02:37.882  2027  3285 E libsensor-displayalgo: RGB_test_0407_400_oldzy!
12-22 12:02:37.883  2027  3285 I libsensor-displayalgo: the value of  RESULT1464.385586,596.693177,726.589636,246.934836
12-22 12:02:37.883  2027  3285 I libsensor-displayalgo: the value of  getChannelDataCalibrated1528.005061,553.815889,837.688218,267.265263
12-22 12:02:37.883  2027  3285 I libsensor-displayalgo: the value of  REAL LUX38.874504
12-22 12:02:37.883  2027  3285 I libsensor-displayalgo: the value of  CAL REAL LUX38.874504
12-22 12:02:38.183  2027  3285 D libsensor-displayalgo: the value of  brightness:366.000000,R:34501906.641875,G:28784567.986444,B:25084356.962208,EVENT_C:2389.000000,EVENT_R:1057.500000,EVENT_G:1247.500000,EVENT_B:532.500000
12-22 12:02:38.183  2027  3285 I libsensor-displayalgo: the value of  Coef1:1107.681000,Coef4:2.383000, scale1:0.935522, scale4:0.923264
12-22 12:02:38.183  2027  3285 E libsensor-displayalgo: RGB_test_0407_400_oldzy!
12-22 12:02:38.184  2027  3285 I libsensor-displayalgo: the value of  RESULT1464.385586,596.693177,726.589636,246.934836
12-22 12:02:38.184  2027  3285 I libsensor-displayalgo: the value of  getChannelDataCalibrated1528.005061,553.815889,837.688218,267.265263
12-22 12:02:38.184  2027  3285 I libsensor-displayalgo: the value of  REAL LUX38.874504
12-22 12:02:38.184  2027  3285 I libsensor-displayalgo: the value of  CAL REAL LUX38.874504
12-22 12:02:38.362  2475  3040 I BatteryService: current mPlugType2current mHealthInfo.batteryLevel27current mHealthInfo.batteryTemperature317
12-22 12:02:38.367  6206  7099 D PowerCheckerService: onBatteryChanged, mBatteryLevel = 27, status = 2, level = 27, plug = 2, scale = 100
12-22 12:02:38.367  6206  6950 D PowerKeeper.FrozenApp: onBatteryChanged plug=true mBatteryPlugged=2
12-22 12:02:38.367  6171  6171 I BatteryInfoReceiver: ACTION_BATTERY_CHANGED
12-22 12:02:38.368  6206  7182 D ThermalIECHandler: storeDataStyle: thermal_iec_monitor_persistence_data_style_iec_state; startIECTime: -1; IECScreenOffOverPeriodTime: 1410825231
12-22 12:02:38.370  6206  7192 D PowerKeeper.Thermal: mBatteryTemperature: 31
12-22 12:02:38.374  6171  7523 I android_os_HwBinder: HwBinder: Starting thread pool for getting: vendor.xiaomi.hardware.micharge@1.0::IMiCharge/default
12-22 12:02:38.375  1344  1360 I vendor.xiaomi.hardware.micharge@1.0-service: ReadFilePathValue path = /sys/class/qcom-battery/night_charging value = 0
12-22 12:02:38.376  4453  4453 V DeviceStatisticsService: chargerType=2 batteryLevel=27 totalBatteryCapacity=4229600
12-22 12:02:38.378  9660  9660 D DynamicService:  ACTION_BATTERY_CHANGED change,USB plug = 2
12-22 12:02:38.378  4409  4409 D QtiCarrierConfigHelper: WARNING, no carrier configs on phone Id: 1
12-22 12:02:38.378  6171  6171 I PowerNoticeUI: handleBatteryChanged oldPlugType 2 mPlugType 2 oldBatteryLevel 27 mBatteryLevel 27 temperature 317
12-22 12:02:38.379  6171  7523 I ChargeProtectionUtils: getNightChargingState: 0
12-22 12:02:38.583  2027  3285 D libsensor-displayalgo: the value of  brightness:366.000000,R:34501906.641875,G:28784567.986444,B:25084356.962208,EVENT_C:2403.500000,EVENT_R:1061.500000,EVENT_G:1255.000000,EVENT_B:534.000000
12-22 12:02:38.583  2027  3285 I libsensor-displayalgo: the value of  Coef1:1107.681000,Coef4:2.383000, scale1:0.935522, scale4:0.923264
12-22 12:02:38.583  2027  3285 E libsensor-displayalgo: RGB_test_0407_400_oldzy!
12-22 12:02:38.584  2027  3285 I libsensor-displayalgo: the value of  RESULT1464.385586,596.693177,726.589636,246.934836
12-22 12:02:38.584  2027  3285 I libsensor-displayalgo: the value of  getChannelDataCalibrated1528.005061,553.815889,837.688218,267.265263
12-22 12:02:38.584  2027  3285 I libsensor-displayalgo: the value of  REAL LUX39.966427
12-22 12:02:38.584  2027  3285 I libsensor-displayalgo: the value of  CAL REAL LUX39.966427
12-22 12:02:38.637 28881 11959 D MiuiFastConnectService: stopBleScan: scanning: true
12-22 12:02:38.637 28881 11959 D BluetoothAdapter: isLeEnabled(): ON
12-22 12:02:38.639  8079 11197 D BtGatt.GattService: stopScan() - queue size =1
12-22 12:02:38.641  8079 11126 I BtGatt.ScanManager: msg.what = 1, msg.arg1 = 0(mMiuiControllingType)
12-22 12:02:38.641  8079 11126 D BtGatt.ScanManager: track LE scan event: callerPackage = [com.xiaomi.bluetooth], scanMode = [0], reportDelayMillis = [0], behavior = [2], scannerId = [7], duration = [59909]
12-22 12:02:38.642  8079 11126 D BtGatt.ScanManager: stop scan
12-22 12:02:38.643  1192  1192 D vendor.qti.bluetooth@1.0-ibs_handler: SerialClockVote: vote for UART CLK ON
12-22 12:02:38.643  8079 11197 D BtGatt.GattService: unregisterScanner() - scannerId=7
12-22 12:02:38.647 20304 20444 D IdProviderImpl: getOAID from com.miui.analytics
12-22 12:02:38.650  1192  1192 D vendor.qti.bluetooth@1.0-wake_lock: Acquire wakelock is acquired
12-22 12:02:38.650  1192  1192 I vendor.qti.bluetooth@1.0-ibs_handler: DeviceWakeUp: Writing IBS_WAKE_IND
12-22 12:02:38.654 20304 20444 D IdProviderImpl: getOAID from com.miui.analytics
12-22 12:02:38.659  1192 11175 I vendor.qti.bluetooth@1.0-ibs_handler: ProcessIbsCmd: Received IBS_WAKE_ACK: 0xFC
12-22 12:02:38.659  1192 11175 I vendor.qti.bluetooth@1.0-ibs_handler: ProcessIbsCmd: Signal wack_cond_
12-22 12:02:38.659  1192  1192 D vendor.qti.bluetooth@1.0-ibs_handler: DeviceWakeUp: Unblocked from waiting for FC, pthread_cond_timedwait ret = 0
12-22 12:02:38.660  1192 11175 I vendor.qti.bluetooth@1.0-ibs_handler: ProcessIbsCmd: Received IBS_WAKE_IND: 0xFD
12-22 12:02:38.660  1192 11175 I vendor.qti.bluetooth@1.0-ibs_handler: ProcessIbsCmd: Writing IBS_WAKE_ACK
12-22 12:02:38.662  8079 11099 D BtGatt.GattService: onScanFilterParamsConfigured() - clientIf=7, status=0, action=1, availableSpace=59
12-22 12:02:38.662  8079 11099 D BtGatt.ScanManager: callback done for scannerId - 7 status - 0
12-22 12:02:38.664  8079 11099 D BtGatt.GattService: onScanFilterParamsConfigured() - clientIf=7, status=0, action=1, availableSpace=60
12-22 12:02:38.664  8079 11099 D BtGatt.ScanManager: callback done for scannerId - 7 status - 0
12-22 12:02:38.665  8079 11099 D BtGatt.GattService: onScanFilterParamsConfigured() - clientIf=7, status=0, action=1, availableSpace=61
12-22 12:02:38.665  8079 11099 D BtGatt.ScanManager: callback done for scannerId - 7 status - 0
12-22 12:02:38.666  8079 11099 D BtGatt.GattService: onScanFilterParamsConfigured() - clientIf=7, status=0, action=1, availableSpace=62
12-22 12:02:38.666  8079 11099 D BtGatt.ScanManager: callback done for scannerId - 7 status - 0
12-22 12:02:38.667  8079 11099 D BtGatt.GattService: onScanFilterParamsConfigured() - clientIf=7, status=0, action=1, availableSpace=63
12-22 12:02:38.667  8079 11099 D BtGatt.ScanManager: callback done for scannerId - 7 status - 0
12-22 12:02:38.668  8079 11099 D BtGatt.GattService: onScanFilterParamsConfigured() - clientIf=7, status=0, action=1, availableSpace=64
12-22 12:02:38.668  8079 11099 D BtGatt.ScanManager: callback done for scannerId - 7 status - 0
12-22 12:02:38.668  8079 11126 D BtGatt.ScanManager: configureRegularScanParams() - queue=0
12-22 12:02:38.668  8079 11126 D BtGatt.ScanManager: configureRegularScanParams() - ScanSetting LE 1M Scan mode=-2147483648 ScanSetting LE Coded Scan mode=-2147483648 mLastConfiguredScanSettingLE1M=0 mLastConfiguredScanSettingLECoded=0 scanPhy=1
12-22 12:02:38.668  8079 11126 D BtGatt.ScanManager: configureRegularScanParams() - queue emtpy, scan stopped
12-22 12:02:38.668  8079 11126 D BtGatt.ScanManager: configureRegularScanParams() - queue emtpy, scan stopped
12-22 12:02:38.708  1192 11175 I vendor.qti.bluetooth@1.0-ibs_handler: ProcessIbsCmd: Received IBS_SLEEP_IND: 0xFE
12-22 12:02:38.709 28881 11959 D MiuiFastConnectService: handleMessage: MSG_START_BLE_SCAN mode: 0
12-22 12:02:38.709 28881 11959 D BluetoothAdapter: isLeEnabled(): ON
12-22 12:02:38.709 28881 11959 D BluetoothLeImp: isRoutingAllowedForScanStub
12-22 12:02:38.710  8079 11197 D BtGatt.GattService: registerScanner() - UUID=c831b31f-ef2f-49cf-b064-cd12606c55ce
12-22 12:02:38.711  8079 11099 D BtGatt.GattService: onScannerRegistered() - UUID=c831b31f-ef2f-49cf-b064-cd12606c55ce, scannerId=7, status=0
12-22 12:02:38.711 28881 12573 D BluetoothLeScanner: onScannerRegistered() - status=0 scannerId=7 mScannerId=0
12-22 12:02:38.714  8079 11197 D BtGatt.GattService: start scan with filters. callingPackage: com.xiaomi.bluetooth
12-22 12:02:38.716  8079 11197 D BtGatt.GattService: enforcePrivilegedPermissionIfNeeded([BluetoothLeScanFilter [mDeviceName=null, mDeviceAddress=null, mUuid=null, mUuidMask=null, mServiceSolicitationUuid=null, mServiceSolicitationUuidMask=null, mServiceDataUuid=null, mServiceData=null, mServiceDataMask=null, mManufacturerId=911, mManufacturerData=[], mManufacturerDataMask=null, mOrganizationId=-1, mTDSFlags=-1, mTDSFlagsMask=-1, mWifiNANHash=null], mGroupBasedFiltering=false, BluetoothLeScanFilter [mDeviceName=null, mDeviceAddress=null, mUuid=null, mUuidMask=null, mServiceSolicitationUuid=null, mServiceSolicitationUuidMask=null, mServiceDataUuid=null, mServiceData=null, mServiceDataMask=null, mManufacturerId=65535, mManufacturerData=[77], mManufacturerDataMask=null, mOrganizationId=-1, mTDSFlags=-1, mTDSFlagsMask=-1, mWifiNANHash=null], mGroupBasedFiltering=false, BluetoothLeScanFilter [mDeviceName=null, mDeviceAddress=null, mUuid=null, mUuidMask=null, mServiceSolicitationUuid=null, mServiceSolicitationUuidMask=null, mServiceDataUuid=0000fe95-0000-1000-8000-00805f9b34fb, mServiceData=[], mServiceDataMask=null, mManufacturerId=-1, mManufacturerData=null, mManufacturerDataMask=null, mOrganizationId=-1, mTDSFlags=-1, mTDSFlagsMask=-1, mWifiNANHash=null], mGroupBasedFiltering=false, BluetoothLeScanFilter [mDeviceName=null, mDeviceAddress=null, mUuid=null, mUuidMask=null, mServiceSolicitationUuid=null, mServiceSolicitationUuidMask=null, mServiceDataUuid=0000fdaa-0000-1000-8000-00805f9b34fb, mServiceData=[], mServiceDataMask=null, mManufacturerId=-1, mManufacturerData=null, mManufacturerDataMask=null, mOrganizationId=-1, mTDSFlags=-1, mTDSFlagsMask=-1, mWifiNANHash=null], mGroupBasedFiltering=false, BluetoothLeScanFilter [mDeviceName=null, mDeviceAddress=null, mUuid=null, mUuidMask=null, mServiceSolicitationUuid=null, mServiceSolicitationUuidMask=null, mServiceDataUuid=0000fdee-0000-1000-8000-00805f9b34fb, mServiceData=[1, 1, 1], mServiceDataMask=null, mManufacturerId=-1, mManufacturerData=null, mManufacturerDataMask=null, mOrganizationId=-1, mTDSFlags=-1, mTDSFlagsMask=-1, mWifiNANHash=null], mGroupBasedFiltering=false, BluetoothLeScanFilter [mDeviceName=null, mDeviceAddress=null, mUuid=null, mUuidMask=null, mServiceSolicitationUuid=null, mServiceSolicitationUuidMask=null, mServiceDataUuid=0000fd2d-0000-1000-8000-00805f9b34fb, mServiceData=[], mServiceDataMask=null, mManufacturerId=-1, mManufacturerData=null, mManufacturerDataMask=null, mOrganizationId=-1, mTDSFlags=-1, mTDSFlagsMask=-1, mWifiNANHash=null], mGroupBasedFiltering=false])
12-22 12:02:38.717  8079 11197 W BluetoothUtils: callingUid is Process.BLUETOOTH_UID
12-22 12:02:38.720  8079 11126 I BtGatt.ScanManager: msg.what = 9, msg.arg1 = 0(mMiuiControllingType)
12-22 12:02:38.720  8079 11126 I BtGatt.ScanManager: msg.what = 0, msg.arg1 = 0(mMiuiControllingType)
12-22 12:02:38.721  8079 11126 D BtGatt.ScanManager: handling starting scan
12-22 12:02:38.721  8079 11126 D BtGatt.ScanManager: isAptXLowLatencyModeEnabled: false
12-22 12:02:38.721  8079 11126 D BtGatt.ScanManager: track LE scan event: callerPackage = [com.xiaomi.bluetooth], scanMode = [0], reportDelayMillis = [0], behavior = [1], scannerId = [7], duration = [0]
12-22 12:02:38.722  1192 11175 I vendor.qti.bluetooth@1.0-ibs_handler: ProcessIbsCmd: Received IBS_WAKE_IND: 0xFD
12-22 12:02:38.722  1192 11175 I vendor.qti.bluetooth@1.0-ibs_handler: ProcessIbsCmd: Writing IBS_WAKE_ACK
12-22 12:02:38.722  8079 11099 D BtGatt.GattService: onScanFilterEnableDisabled() - clientIf=7, status=0, action=1
12-22 12:02:38.722  8079 11099 D BtGatt.ScanManager: callback done for scannerId - 7 status - 0
12-22 12:02:38.723  8079 11126 D BtGatt.ScanManager: configureScanFilters rssiThreshold: -60, 15
12-22 12:02:38.723  8079 11126 D BtGatt.ScanManager: Available Filter size: 61
12-22 12:02:38.723  8079 11099 D BtGatt.GattService: onScanFilterConfig() - clientIf=7, action = 0 status = 0, filterType=0, availableSpace=0
12-22 12:02:38.723  8079 11099 D BtGatt.ScanManager: callback done for scannerId - 7 status - 0
12-22 12:02:38.723  8079 11126 D BtGatt.ScanManager: configureFilterParamter 500 10000 1 0, deliveryMode=0
12-22 12:02:38.724 20304 20444 D IdProviderImpl: getOAID from com.miui.analytics
12-22 12:02:38.725  8079 11099 D BtGatt.GattService: onScanFilterParamsConfigured() - clientIf=7, status=0, action=0, availableSpace=63
12-22 12:02:38.725  8079 11099 D BtGatt.ScanManager: callback done for scannerId - 7 status - 0
12-22 12:02:38.726  8079 11099 D BtGatt.GattService: onScanFilterConfig() - clientIf=7, action = 0 status = 0, filterType=0, availableSpace=0
12-22 12:02:38.726  8079 11099 D BtGatt.ScanManager: callback done for scannerId - 7 status - 0
12-22 12:02:38.726  8079 11126 D BtGatt.ScanManager: configureFilterParamter 500 10000 1 0, deliveryMode=0
12-22 12:02:38.728  8079 11099 D BtGatt.GattService: onScanFilterParamsConfigured() - clientIf=7, status=0, action=0, availableSpace=62
12-22 12:02:38.728  8079 11099 D BtGatt.ScanManager: callback done for scannerId - 7 status - 0
12-22 12:02:38.728  8079 11099 D BtGatt.GattService: onScanFilterConfig() - clientIf=7, action = 0 status = 0, filterType=0, availableSpace=0
12-22 12:02:38.728  8079 11099 D BtGatt.ScanManager: callback done for scannerId - 7 status - 0
12-22 12:02:38.728  8079 11126 D BtGatt.ScanManager: configureFilterParamter 500 10000 1 0, deliveryMode=0
12-22 12:02:38.730  8079 11099 D BtGatt.GattService: onScanFilterParamsConfigured() - clientIf=7, status=0, action=0, availableSpace=61
12-22 12:02:38.730  8079 11099 D BtGatt.ScanManager: callback done for scannerId - 7 status - 0
12-22 12:02:38.730  8079 11099 D BtGatt.GattService: onScanFilterConfig() - clientIf=7, action = 0 status = 0, filterType=0, availableSpace=0
12-22 12:02:38.730  8079 11099 D BtGatt.ScanManager: callback done for scannerId - 7 status - 0
12-22 12:02:38.731  8079 11126 D BtGatt.ScanManager: configureFilterParamter 500 10000 1 0, deliveryMode=0
12-22 12:02:38.732  8079 11099 D BtGatt.GattService: onScanFilterParamsConfigured() - clientIf=7, status=0, action=0, availableSpace=60
12-22 12:02:38.732  8079 11099 D BtGatt.ScanManager: callback done for scannerId - 7 status - 0
12-22 12:02:38.733  8079 11099 D BtGatt.GattService: onScanFilterConfig() - clientIf=7, action = 0 status = 0, filterType=0, availableSpace=0
12-22 12:02:38.733  8079 11099 D BtGatt.ScanManager: callback done for scannerId - 7 status - 0
12-22 12:02:38.733  8079 11126 D BtGatt.ScanManager: configureFilterParamter 500 10000 1 0, deliveryMode=0
12-22 12:02:38.734  8079 11099 D BtGatt.GattService: onScanFilterParamsConfigured() - clientIf=7, status=0, action=0, availableSpace=59
12-22 12:02:38.734  8079 11099 D BtGatt.ScanManager: callback done for scannerId - 7 status - 0
12-22 12:02:38.735  8079 11099 D BtGatt.GattService: onScanFilterConfig() - clientIf=7, action = 0 status = 0, filterType=0, availableSpace=0
12-22 12:02:38.735  8079 11099 D BtGatt.ScanManager: callback done for scannerId - 7 status - 0
12-22 12:02:38.735  8079 11126 D BtGatt.ScanManager: configureFilterParamter 500 10000 1 0, deliveryMode=0
12-22 12:02:38.736  8079 11099 D BtGatt.GattService: onScanFilterParamsConfigured() - clientIf=7, status=0, action=0, availableSpace=58
12-22 12:02:38.736  8079 11099 D BtGatt.ScanManager: callback done for scannerId - 7 status - 0
12-22 12:02:38.737  8079 11126 D BtGatt.ScanManager: configureRegularScanParams() - queue=1
12-22 12:02:38.737  8079 11126 D BtGatt.ScanManager: configureRegularScanParams() - ScanSetting LE 1M Scan mode=0 ScanSetting LE Coded Scan mode=0 mLastConfiguredScanSettingLE1M=-2147483648 mLastConfiguredScanSettingLECoded=-2147483648 scanPhy=255
12-22 12:02:38.738  8079 11126 W BtGatt.ScanManager: trackLeScan() - mLastStartTime = 0
12-22 12:02:38.738  8079 11126 D BtGatt.ScanManager: configureRegularScanParams - scanInterval LE 1M = 660 configureRegularScanParams - scanWindow LE 1M= 66 configureRegularScanParams - scanInterval LE Coded= 660 configureRegularScanParams - scanWindow LE Coded= 66
12-22 12:02:38.739  8079 11099 D BtGatt.GattService: onScanParamSetupCompleted : 0
12-22 12:02:38.757  8079 11099 D BluetoothRemoteDevices: Property type: 1
12-22 12:02:38.757  8079 11099 D BluetoothRemoteDevices: Skip name update for B8:7C:6F:7E:5C:B0
12-22 12:02:38.757  8079 11099 D BluetoothRemoteDevices: Property type: 4
12-22 12:02:38.757  8079 11099 D BluetoothRemoteDevices: Skip class update for B8:7C:6F:7E:5C:B0
12-22 12:02:38.757  8079 11099 D BluetoothRemoteDevices: Property type: 5
12-22 12:02:38.757  8079 11099 D BluetoothRemoteDevices: BT_PROPERTY_TYPE_OF_DEVICE B8:7C:6F:7E:5C:B0
12-22 12:02:38.759 28881 11959 E MiuiConfigNetConnectController : empty last pop
12-22 12:02:38.759 28881 11959 D MiuiConfigNetConnectController : getDeviceTimes B8:7C:6F:7E:5C:B0
12-22 12:02:38.760 28881 11959 D MiuiConfigNetConnectController : device is in the DeviceBlackList: B8:7C:6F:7E:5C:B0
12-22 12:02:38.796  1192 11175 I vendor.qti.bluetooth@1.0-ibs_handler: ProcessIbsCmd: Received IBS_SLEEP_IND: 0xFE
