11-17 17:33:06.102  4667  4954 E BoosterUtil: convertSubIdToSlotId failed, subId:0, slotId:-1
11-17 17:33:06.102  4667  4954 E BoosterUtil: getDefaultDataSlotId failed, invalid slotId:-1, subId:0
11-17 17:33:06.481  2010  2653 I chatty  : uid=1000(system) PowerManagerSer expire 21 lines
11-17 17:33:07.116  4667  4954 E BoosterUtil: convertSubIdToSlotId failed, subId:0, slotId:-1
11-17 17:33:07.116  4667  4954 E BoosterUtil: getDefaultDataSlotId failed, invalid slotId:-1, subId:0
11-17 17:33:08.143  4667  4954 E BoosterUtil: convertSubIdToSlotId failed, subId:0, slotId:-1
11-17 17:33:08.143  4667  4954 E BoosterUtil: getDefaultDataSlotId failed, invalid slotId:-1, subId:0
11-17 17:33:09.166  4667  4954 E BoosterUtil: convertSubIdToSlotId failed, subId:0, slotId:-1
11-17 17:33:09.166  4667  4954 E BoosterUtil: getDefaultDataSlotId failed, invalid slotId:-1, subId:0
11-17 17:33:10.190  4667  4954 E BoosterUtil: convertSubIdToSlotId failed, subId:0, slotId:-1
11-17 17:33:10.190  4667  4954 E BoosterUtil: getDefaultDataSlotId failed, invalid slotId:-1, subId:0
11-17 17:33:11.212  4667  4954 E BoosterUtil: convertSubIdToSlotId failed, subId:0, slotId:-1
11-17 17:33:11.212  4667  4954 E BoosterUtil: getDefaultDataSlotId failed, invalid slotId:-1, subId:0
11-17 17:33:12.236  4667  4954 E BoosterUtil: convertSubIdToSlotId failed, subId:0, slotId:-1
11-17 17:33:12.236  4667  4954 E BoosterUtil: getDefaultDataSlotId failed, invalid slotId:-1, subId:0
11-17 17:33:13.266  4667  4954 E BoosterUtil: convertSubIdToSlotId failed, subId:0, slotId:-1
11-17 17:33:13.266  4667  4954 E BoosterUtil: getDefaultDataSlotId failed, invalid slotId:-1, subId:0
11-17 17:33:14.287  4667  4954 E BoosterUtil: convertSubIdToSlotId failed, subId:0, slotId:-1
11-17 17:33:14.287  4667  4954 E BoosterUtil: getDefaultDataSlotId failed, invalid slotId:-1, subId:0
11-17 17:33:15.309  4667  4954 E BoosterUtil: convertSubIdToSlotId failed, subId:0, slotId:-1
11-17 17:33:15.309  4667  4954 E BoosterUtil: getDefaultDataSlotId failed, invalid slotId:-1, subId:0
11-17 17:33:16.341  4667  4954 E BoosterUtil: convertSubIdToSlotId failed, subId:0, slotId:-1
11-17 17:33:16.341  4667  4954 E BoosterUtil: getDefaultDataSlotId failed, invalid slotId:-1, subId:0
11-17 17:33:17.359  4667  4954 E BoosterUtil: convertSubIdToSlotId failed, subId:0, slotId:-1
11-17 17:33:17.359  4667  4954 E BoosterUtil: getDefaultDataSlotId failed, invalid slotId:-1, subId:0
11-17 17:33:17.482  2010  2653 I chatty  : uid=1000(system) PowerManagerSer expire 21 lines
11-17 17:33:18.390  4667  4954 E BoosterUtil: convertSubIdToSlotId failed, subId:0, slotId:-1
11-17 17:33:18.390  4667  4954 E BoosterUtil: getDefaultDataSlotId failed, invalid slotId:-1, subId:0
11-17 17:33:19.405  4667  4954 E BoosterUtil: convertSubIdToSlotId failed, subId:0, slotId:-1
11-17 17:33:19.405  4667  4954 E BoosterUtil: getDefaultDataSlotId failed, invalid slotId:-1, subId:0
11-17 17:33:20.430  4667  4954 E BoosterUtil: convertSubIdToSlotId failed, subId:0, slotId:-1
11-17 17:33:20.430  4667  4954 E BoosterUtil: getDefaultDataSlotId failed, invalid slotId:-1, subId:0
11-17 17:33:21.454  4667  4954 E BoosterUtil: convertSubIdToSlotId failed, subId:0, slotId:-1
11-17 17:33:21.454  4667  4954 E BoosterUtil: getDefaultDataSlotId failed, invalid slotId:-1, subId:0
11-17 17:33:21.825  2010  2752 I chatty  : uid=1000(system) UEventObserver expire 12 lines
11-17 17:33:22.477  4667  4954 E BoosterUtil: convertSubIdToSlotId failed, subId:0, slotId:-1
11-17 17:33:22.477  4667  4954 E BoosterUtil: getDefaultDataSlotId failed, invalid slotId:-1, subId:0
11-17 17:33:23.500  4667  4954 E BoosterUtil: convertSubIdToSlotId failed, subId:0, slotId:-1
11-17 17:33:23.501  4667  4954 E BoosterUtil: getDefaultDataSlotId failed, invalid slotId:-1, subId:0
11-17 17:33:24.527  4667  4954 E BoosterUtil: convertSubIdToSlotId failed, subId:0, slotId:-1
11-17 17:33:24.527  4667  4954 E BoosterUtil: getDefaultDataSlotId failed, invalid slotId:-1, subId:0
11-17 17:33:25.549  4667  4954 E BoosterUtil: convertSubIdToSlotId failed, subId:0, slotId:-1
11-17 17:33:25.550  4667  4954 E BoosterUtil: getDefaultDataSlotId failed, invalid slotId:-1, subId:0
11-17 17:33:26.573  4667  4954 E BoosterUtil: convertSubIdToSlotId failed, subId:0, slotId:-1
11-17 17:33:26.573  4667  4954 E BoosterUtil: getDefaultDataSlotId failed, invalid slotId:-1, subId:0
11-17 17:33:27.372  2010  6465 I chatty  : uid=1000(system) Binder:2010_20 expire 11 lines
11-17 17:33:27.596  4667  4954 E BoosterUtil: convertSubIdToSlotId failed, subId:0, slotId:-1
11-17 17:33:27.596  4667  4954 E BoosterUtil: getDefaultDataSlotId failed, invalid slotId:-1, subId:0
11-17 17:33:28.472  2010  2653 I chatty  : uid=1000(system) PowerManagerSer expire 21 lines
11-17 17:33:28.623  4667  4954 E BoosterUtil: convertSubIdToSlotId failed, subId:0, slotId:-1
11-17 17:33:28.624  4667  4954 E BoosterUtil: getDefaultDataSlotId failed, invalid slotId:-1, subId:0
11-17 17:33:29.646  4667  4954 E BoosterUtil: convertSubIdToSlotId failed, subId:0, slotId:-1
11-17 17:33:29.646  4667  4954 E BoosterUtil: getDefaultDataSlotId failed, invalid slotId:-1, subId:0
11-17 17:33:30.670  4667  4954 E BoosterUtil: convertSubIdToSlotId failed, subId:0, slotId:-1
11-17 17:33:30.670  4667  4954 E BoosterUtil: getDefaultDataSlotId failed, invalid slotId:-1, subId:0
11-17 17:33:31.693  4667  4954 E BoosterUtil: convertSubIdToSlotId failed, subId:0, slotId:-1
11-17 17:33:31.693  4667  4954 E BoosterUtil: getDefaultDataSlotId failed, invalid slotId:-1, subId:0
11-17 17:33:32.719  4667  4954 E BoosterUtil: convertSubIdToSlotId failed, subId:0, slotId:-1
11-17 17:33:32.719  4667  4954 E BoosterUtil: getDefaultDataSlotId failed, invalid slotId:-1, subId:0
11-17 17:33:33.741  4667  4954 E BoosterUtil: convertSubIdToSlotId failed, subId:0, slotId:-1
11-17 17:33:33.741  4667  4954 E BoosterUtil: getDefaultDataSlotId failed, invalid slotId:-1, subId:0
11-17 17:33:34.766  4667  4954 E BoosterUtil: convertSubIdToSlotId failed, subId:0, slotId:-1
11-17 17:33:34.766  4667  4954 E BoosterUtil: getDefaultDataSlotId failed, invalid slotId:-1, subId:0
11-17 17:33:35.789  4667  4954 E BoosterUtil: convertSubIdToSlotId failed, subId:0, slotId:-1
11-17 17:33:35.790  4667  4954 E BoosterUtil: getDefaultDataSlotId failed, invalid slotId:-1, subId:0
11-17 17:33:36.814  4667  4954 E BoosterUtil: convertSubIdToSlotId failed, subId:0, slotId:-1
11-17 17:33:36.814  4667  4954 E BoosterUtil: getDefaultDataSlotId failed, invalid slotId:-1, subId:0
11-17 17:33:37.835  4667  4954 E BoosterUtil: convertSubIdToSlotId failed, subId:0, slotId:-1
11-17 17:33:37.836  4667  4954 E BoosterUtil: getDefaultDataSlotId failed, invalid slotId:-1, subId:0
11-17 17:33:38.862  4667  4954 E BoosterUtil: convertSubIdToSlotId failed, subId:0, slotId:-1
11-17 17:33:38.862  4667  4954 E BoosterUtil: getDefaultDataSlotId failed, invalid slotId:-1, subId:0
11-17 17:33:39.479  2010  2653 I chatty  : uid=1000(system) PowerManagerSer expire 22 lines
11-17 17:33:39.885  4667  4954 E BoosterUtil: convertSubIdToSlotId failed, subId:0, slotId:-1
11-17 17:33:39.885  4667  4954 E BoosterUtil: getDefaultDataSlotId failed, invalid slotId:-1, subId:0
11-17 17:33:40.910  4667  4954 E BoosterUtil: convertSubIdToSlotId failed, subId:0, slotId:-1
11-17 17:33:40.910  4667  4954 E BoosterUtil: getDefaultDataSlotId failed, invalid slotId:-1, subId:0
11-17 17:33:41.937  4667  4954 E BoosterUtil: convertSubIdToSlotId failed, subId:0, slotId:-1
11-17 17:33:41.937  4667  4954 E BoosterUtil: getDefaultDataSlotId failed, invalid slotId:-1, subId:0
11-17 17:33:42.957  4667  4954 E BoosterUtil: convertSubIdToSlotId failed, subId:0, slotId:-1
11-17 17:33:42.957  4667  4954 E BoosterUtil: getDefaultDataSlotId failed, invalid slotId:-1, subId:0
11-17 17:33:43.980  4667  4954 E BoosterUtil: convertSubIdToSlotId failed, subId:0, slotId:-1
11-17 17:33:43.981  4667  4954 E BoosterUtil: getDefaultDataSlotId failed, invalid slotId:-1, subId:0
11-17 17:33:45.009  4667  4954 E BoosterUtil: convertSubIdToSlotId failed, subId:0, slotId:-1
11-17 17:33:45.010  4667  4954 E BoosterUtil: getDefaultDataSlotId failed, invalid slotId:-1, subId:0
11-17 17:33:46.028  4667  4954 E BoosterUtil: convertSubIdToSlotId failed, subId:0, slotId:-1
11-17 17:33:46.029  4667  4954 E BoosterUtil: getDefaultDataSlotId failed, invalid slotId:-1, subId:0
11-17 17:33:47.055  4667  4954 E BoosterUtil: convertSubIdToSlotId failed, subId:0, slotId:-1
11-17 17:33:47.055  4667  4954 E BoosterUtil: getDefaultDataSlotId failed, invalid slotId:-1, subId:0
11-17 17:33:48.077  4667  4954 E BoosterUtil: convertSubIdToSlotId failed, subId:0, slotId:-1
11-17 17:33:48.077  4667  4954 E BoosterUtil: getDefaultDataSlotId failed, invalid slotId:-1, subId:0
11-17 17:33:49.102  4667  4954 E BoosterUtil: convertSubIdToSlotId failed, subId:0, slotId:-1
11-17 17:33:49.103  4667  4954 E BoosterUtil: getDefaultDataSlotId failed, invalid slotId:-1, subId:0
11-17 17:33:50.125  4667  4954 E BoosterUtil: convertSubIdToSlotId failed, subId:0, slotId:-1
11-17 17:33:50.125  4667  4954 E BoosterUtil: getDefaultDataSlotId failed, invalid slotId:-1, subId:0
11-17 17:33:50.474  2010  2653 I chatty  : uid=1000(system) PowerManagerSer expire 16 lines
11-17 17:33:51.150  4667  4954 E BoosterUtil: convertSubIdToSlotId failed, subId:0, slotId:-1
11-17 17:33:51.150  4667  4954 E BoosterUtil: getDefaultDataSlotId failed, invalid slotId:-1, subId:0
11-17 17:33:51.202  2010  2781 I chatty  : uid=1000(system) AlarmManager expire 2 lines
11-17 17:33:51.206  2010  3901 I chatty  : uid=1000(system) LocationHander expire 1 line
11-17 17:33:51.240  2010  2010 I chatty  : uid=1000(system) Binder:2010_F expire 5 lines
11-17 17:33:51.251  2010  2647 I chatty  : uid=1000(system) ActivityManager expire 1 line
11-17 17:33:51.259  2010  4209 I chatty  : uid=1000(system) Binder:2010_7 expire 11 lines
11-17 17:33:52.175  4667  4954 E BoosterUtil: convertSubIdToSlotId failed, subId:0, slotId:-1
11-17 17:33:52.175  4667  4954 E BoosterUtil: getDefaultDataSlotId failed, invalid slotId:-1, subId:0
11-17 17:33:53.199  4667  4954 E BoosterUtil: convertSubIdToSlotId failed, subId:0, slotId:-1
11-17 17:33:53.199  4667  4954 E BoosterUtil: getDefaultDataSlotId failed, invalid slotId:-1, subId:0
11-17 17:33:54.221  4667  4954 E BoosterUtil: convertSubIdToSlotId failed, subId:0, slotId:-1
11-17 17:33:54.222  4667  4954 E BoosterUtil: getDefaultDataSlotId failed, invalid slotId:-1, subId:0
11-17 17:33:54.544  2010  6465 I chatty  : uid=1000(system) Binder:2010_20 expire 1 line
11-17 17:33:55.247  4667  4954 E BoosterUtil: convertSubIdToSlotId failed, subId:0, slotId:-1
11-17 17:33:55.247  4667  4954 E BoosterUtil: getDefaultDataSlotId failed, invalid slotId:-1, subId:0
11-17 17:33:55.286  2010 11971 I chatty  : uid=1000(system) MobileQosDetect expire 6 lines
11-17 17:33:56.267  4667  4954 E BoosterUtil: convertSubIdToSlotId failed, subId:0, slotId:-1
11-17 17:33:56.267  4667  4954 E BoosterUtil: getDefaultDataSlotId failed, invalid slotId:-1, subId:0
11-17 17:33:57.292  4667  4954 E BoosterUtil: convertSubIdToSlotId failed, subId:0, slotId:-1
11-17 17:33:57.292  4667  4954 E BoosterUtil: getDefaultDataSlotId failed, invalid slotId:-1, subId:0
11-17 17:33:57.564  2010  6388 I chatty  : uid=1000(system) Binder:2010_17 expire 5 lines
11-17 17:33:58.317  4667  4954 E BoosterUtil: convertSubIdToSlotId failed, subId:0, slotId:-1
11-17 17:33:58.317  4667  4954 E BoosterUtil: getDefaultDataSlotId failed, invalid slotId:-1, subId:0
11-17 17:33:59.343  4667  4954 E BoosterUtil: convertSubIdToSlotId failed, subId:0, slotId:-1
11-17 17:33:59.343  4667  4954 E BoosterUtil: getDefaultDataSlotId failed, invalid slotId:-1, subId:0
11-17 17:34:00.369  4667  4954 E BoosterUtil: convertSubIdToSlotId failed, subId:0, slotId:-1
11-17 17:34:00.369  4667  4954 E BoosterUtil: getDefaultDataSlotId failed, invalid slotId:-1, subId:0
11-17 17:34:00.468  1046  1131 I storaged: storaged_t::event: storage_info refreshed.
11-17 17:34:01.391  4667  4954 E BoosterUtil: convertSubIdToSlotId failed, subId:0, slotId:-1
11-17 17:34:01.391  4667  4954 E BoosterUtil: getDefaultDataSlotId failed, invalid slotId:-1, subId:0
11-17 17:34:02.413  4667  4954 E BoosterUtil: convertSubIdToSlotId failed, subId:0, slotId:-1
11-17 17:34:02.413  4667  4954 E BoosterUtil: getDefaultDataSlotId failed, invalid slotId:-1, subId:0
11-17 17:34:03.437  4667  4954 E BoosterUtil: convertSubIdToSlotId failed, subId:0, slotId:-1
11-17 17:34:03.437  4667  4954 E BoosterUtil: getDefaultDataSlotId failed, invalid slotId:-1, subId:0
11-17 17:34:04.461  4667  4954 E BoosterUtil: convertSubIdToSlotId failed, subId:0, slotId:-1
11-17 17:34:04.461  4667  4954 E BoosterUtil: getDefaultDataSlotId failed, invalid slotId:-1, subId:0
11-17 17:34:05.487  4667  4954 E BoosterUtil: convertSubIdToSlotId failed, subId:0, slotId:-1
11-17 17:34:05.487  4667  4954 E BoosterUtil: getDefaultDataSlotId failed, invalid slotId:-1, subId:0
11-17 17:34:06.509  4667  4954 E BoosterUtil: convertSubIdToSlotId failed, subId:0, slotId:-1
11-17 17:34:06.510  4667  4954 E BoosterUtil: getDefaultDataSlotId failed, invalid slotId:-1, subId:0
11-17 17:34:07.534  4667  4954 E BoosterUtil: convertSubIdToSlotId failed, subId:0, slotId:-1
11-17 17:34:07.535  4667  4954 E BoosterUtil: getDefaultDataSlotId failed, invalid slotId:-1, subId:0
11-17 17:34:08.558  4667  4954 E BoosterUtil: convertSubIdToSlotId failed, subId:0, slotId:-1
11-17 17:34:08.558  4667  4954 E BoosterUtil: getDefaultDataSlotId failed, invalid slotId:-1, subId:0
11-17 17:34:09.583  4667  4954 E BoosterUtil: convertSubIdToSlotId failed, subId:0, slotId:-1
11-17 17:34:09.583  4667  4954 E BoosterUtil: getDefaultDataSlotId failed, invalid slotId:-1, subId:0
11-17 17:34:10.605  4667  4954 E BoosterUtil: convertSubIdToSlotId failed, subId:0, slotId:-1
11-17 17:34:10.605  4667  4954 E BoosterUtil: getDefaultDataSlotId failed, invalid slotId:-1, subId:0
11-17 17:34:11.630  4667  4954 E BoosterUtil: convertSubIdToSlotId failed, subId:0, slotId:-1
11-17 17:34:11.630  4667  4954 E BoosterUtil: getDefaultDataSlotId failed, invalid slotId:-1, subId:0
11-17 17:34:12.654  4667  4954 E BoosterUtil: convertSubIdToSlotId failed, subId:0, slotId:-1
11-17 17:34:12.654  4667  4954 E BoosterUtil: getDefaultDataSlotId failed, invalid slotId:-1, subId:0
11-17 17:34:12.662  2010  2747 I chatty  : uid=1000(system) Binder:2010_3 expire 4 lines
11-17 17:34:13.679  4667  4954 E BoosterUtil: convertSubIdToSlotId failed, subId:0, slotId:-1
11-17 17:34:13.679  4667  4954 E BoosterUtil: getDefaultDataSlotId failed, invalid slotId:-1, subId:0
11-17 17:34:14.702  4667  4954 E BoosterUtil: convertSubIdToSlotId failed, subId:0, slotId:-1
11-17 17:34:14.702  4667  4954 E BoosterUtil: getDefaultDataSlotId failed, invalid slotId:-1, subId:0
11-17 17:34:15.727  4667  4954 E BoosterUtil: convertSubIdToSlotId failed, subId:0, slotId:-1
11-17 17:34:15.727  4667  4954 E BoosterUtil: getDefaultDataSlotId failed, invalid slotId:-1, subId:0
11-17 17:34:16.750  4667  4954 E BoosterUtil: convertSubIdToSlotId failed, subId:0, slotId:-1
11-17 17:34:16.750  4667  4954 E BoosterUtil: getDefaultDataSlotId failed, invalid slotId:-1, subId:0
11-17 17:34:17.774  4667  4954 E BoosterUtil: convertSubIdToSlotId failed, subId:0, slotId:-1
11-17 17:34:17.774  4667  4954 E BoosterUtil: getDefaultDataSlotId failed, invalid slotId:-1, subId:0
11-17 17:34:18.802  4667  4954 E BoosterUtil: convertSubIdToSlotId failed, subId:0, slotId:-1
11-17 17:34:18.802  4667  4954 E BoosterUtil: getDefaultDataSlotId failed, invalid slotId:-1, subId:0
11-17 17:34:19.309  2010 11971 I chatty  : uid=1000(system) MobileQosDetect expire 1 line
11-17 17:34:19.826  4667  4954 E BoosterUtil: convertSubIdToSlotId failed, subId:0, slotId:-1
11-17 17:34:19.826  4667  4954 E BoosterUtil: getDefaultDataSlotId failed, invalid slotId:-1, subId:0
11-17 17:34:20.845  4667  4954 E BoosterUtil: convertSubIdToSlotId failed, subId:0, slotId:-1
11-17 17:34:20.845  4667  4954 E BoosterUtil: getDefaultDataSlotId failed, invalid slotId:-1, subId:0
11-17 17:34:21.869  4667  4954 E BoosterUtil: convertSubIdToSlotId failed, subId:0, slotId:-1
11-17 17:34:21.869  4667  4954 E BoosterUtil: getDefaultDataSlotId failed, invalid slotId:-1, subId:0
11-17 17:34:22.893  4667  4954 E BoosterUtil: convertSubIdToSlotId failed, subId:0, slotId:-1
11-17 17:34:22.893  4667  4954 E BoosterUtil: getDefaultDataSlotId failed, invalid slotId:-1, subId:0
11-17 17:34:23.269  2010  2752 I chatty  : uid=1000(system) UEventObserver expire 6 lines
11-17 17:34:23.313  2010 11971 I chatty  : uid=1000(system) MobileQosDetect expire 2 lines
11-17 17:34:23.918  4667  4954 E BoosterUtil: convertSubIdToSlotId failed, subId:0, slotId:-1
11-17 17:34:23.918  4667  4954 E BoosterUtil: getDefaultDataSlotId failed, invalid slotId:-1, subId:0
11-17 17:34:24.726  2010  2747 I chatty  : uid=1000(system) Binder:2010_3 expire 10 lines
11-17 17:34:24.942  4667  4954 E BoosterUtil: convertSubIdToSlotId failed, subId:0, slotId:-1
11-17 17:34:24.942  4667  4954 E BoosterUtil: getDefaultDataSlotId failed, invalid slotId:-1, subId:0
11-17 17:34:25.967  4667  4954 E BoosterUtil: convertSubIdToSlotId failed, subId:0, slotId:-1
11-17 17:34:25.967  4667  4954 E BoosterUtil: getDefaultDataSlotId failed, invalid slotId:-1, subId:0
11-17 17:34:26.990  4667  4954 E BoosterUtil: convertSubIdToSlotId failed, subId:0, slotId:-1
11-17 17:34:26.990  4667  4954 E BoosterUtil: getDefaultDataSlotId failed, invalid slotId:-1, subId:0
11-17 17:34:28.013  4667  4954 E BoosterUtil: convertSubIdToSlotId failed, subId:0, slotId:-1
11-17 17:34:28.013  4667  4954 E BoosterUtil: getDefaultDataSlotId failed, invalid slotId:-1, subId:0
11-17 17:34:29.036  4667  4954 E BoosterUtil: convertSubIdToSlotId failed, subId:0, slotId:-1
11-17 17:34:29.036  4667  4954 E BoosterUtil: getDefaultDataSlotId failed, invalid slotId:-1, subId:0
11-17 17:34:30.061  4667  4954 E BoosterUtil: convertSubIdToSlotId failed, subId:0, slotId:-1
11-17 17:34:30.062  4667  4954 E BoosterUtil: getDefaultDataSlotId failed, invalid slotId:-1, subId:0
11-17 17:34:31.085  4667  4954 E BoosterUtil: convertSubIdToSlotId failed, subId:0, slotId:-1
11-17 17:34:31.086  4667  4954 E BoosterUtil: getDefaultDataSlotId failed, invalid slotId:-1, subId:0
11-17 17:34:31.320  2010 11971 I chatty  : uid=1000(system) MobileQosDetect expire 10 lines
11-17 17:34:32.112  4667  4954 E BoosterUtil: convertSubIdToSlotId failed, subId:0, slotId:-1
11-17 17:34:32.112  4667  4954 E BoosterUtil: getDefaultDataSlotId failed, invalid slotId:-1, subId:0
11-17 17:34:33.136  4667  4954 E BoosterUtil: convertSubIdToSlotId failed, subId:0, slotId:-1
11-17 17:34:33.136  4667  4954 E BoosterUtil: getDefaultDataSlotId failed, invalid slotId:-1, subId:0
11-17 17:34:34.162  4667  4954 E BoosterUtil: convertSubIdToSlotId failed, subId:0, slotId:-1
11-17 17:34:34.162  4667  4954 E BoosterUtil: getDefaultDataSlotId failed, invalid slotId:-1, subId:0
11-17 17:34:35.180  4667  4954 E BoosterUtil: convertSubIdToSlotId failed, subId:0, slotId:-1
11-17 17:34:35.180  4667  4954 E BoosterUtil: getDefaultDataSlotId failed, invalid slotId:-1, subId:0
11-17 17:34:36.206  4667  4954 E BoosterUtil: convertSubIdToSlotId failed, subId:0, slotId:-1
11-17 17:34:36.206  4667  4954 E BoosterUtil: getDefaultDataSlotId failed, invalid slotId:-1, subId:0
11-17 17:34:37.234  4667  4954 E BoosterUtil: convertSubIdToSlotId failed, subId:0, slotId:-1
11-17 17:34:37.235  4667  4954 E BoosterUtil: getDefaultDataSlotId failed, invalid slotId:-1, subId:0
11-17 17:34:38.254  4667  4954 E BoosterUtil: convertSubIdToSlotId failed, subId:0, slotId:-1
11-17 17:34:38.255  4667  4954 E BoosterUtil: getDefaultDataSlotId failed, invalid slotId:-1, subId:0
11-17 17:34:39.276  4667  4954 E BoosterUtil: convertSubIdToSlotId failed, subId:0, slotId:-1
11-17 17:34:39.276  4667  4954 E BoosterUtil: getDefaultDataSlotId failed, invalid slotId:-1, subId:0
11-17 17:34:40.302  4667  4954 E BoosterUtil: convertSubIdToSlotId failed, subId:0, slotId:-1
11-17 17:34:40.302  4667  4954 E BoosterUtil: getDefaultDataSlotId failed, invalid slotId:-1, subId:0
11-17 17:34:41.324  4667  4954 E BoosterUtil: convertSubIdToSlotId failed, subId:0, slotId:-1
11-17 17:34:41.324  4667  4954 E BoosterUtil: getDefaultDataSlotId failed, invalid slotId:-1, subId:0
11-17 17:34:42.350  4667  4954 E BoosterUtil: convertSubIdToSlotId failed, subId:0, slotId:-1
11-17 17:34:42.350  4667  4954 E BoosterUtil: getDefaultDataSlotId failed, invalid slotId:-1, subId:0
11-17 17:34:43.373  4667  4954 E BoosterUtil: convertSubIdToSlotId failed, subId:0, slotId:-1
11-17 17:34:43.373  4667  4954 E BoosterUtil: getDefaultDataSlotId failed, invalid slotId:-1, subId:0
11-17 17:34:44.396  4667  4954 E BoosterUtil: convertSubIdToSlotId failed, subId:0, slotId:-1
11-17 17:34:44.396  4667  4954 E BoosterUtil: getDefaultDataSlotId failed, invalid slotId:-1, subId:0
11-17 17:34:45.422  4667  4954 E BoosterUtil: convertSubIdToSlotId failed, subId:0, slotId:-1
11-17 17:34:45.422  4667  4954 E BoosterUtil: getDefaultDataSlotId failed, invalid slotId:-1, subId:0
11-17 17:34:46.446  4667  4954 E BoosterUtil: convertSubIdToSlotId failed, subId:0, slotId:-1
11-17 17:34:46.446  4667  4954 E BoosterUtil: getDefaultDataSlotId failed, invalid slotId:-1, subId:0
11-17 17:34:47.475  4667  4954 E BoosterUtil: convertSubIdToSlotId failed, subId:0, slotId:-1
11-17 17:34:47.475  4667  4954 E BoosterUtil: getDefaultDataSlotId failed, invalid slotId:-1, subId:0
11-17 17:34:48.494  4667  4954 E BoosterUtil: convertSubIdToSlotId failed, subId:0, slotId:-1
11-17 17:34:48.495  4667  4954 E BoosterUtil: getDefaultDataSlotId failed, invalid slotId:-1, subId:0
11-17 17:34:49.517  4667  4954 E BoosterUtil: convertSubIdToSlotId failed, subId:0, slotId:-1
11-17 17:34:49.517  4667  4954 E BoosterUtil: getDefaultDataSlotId failed, invalid slotId:-1, subId:0
11-17 17:34:50.542  4667  4954 E BoosterUtil: convertSubIdToSlotId failed, subId:0, slotId:-1
11-17 17:34:50.543  4667  4954 E BoosterUtil: getDefaultDataSlotId failed, invalid slotId:-1, subId:0
11-17 17:34:51.568  4667  4954 E BoosterUtil: convertSubIdToSlotId failed, subId:0, slotId:-1
11-17 17:34:51.569  4667  4954 E BoosterUtil: getDefaultDataSlotId failed, invalid slotId:-1, subId:0
11-17 17:34:51.906  2010  2747 I chatty  : uid=1000(system) Binder:2010_3 expire 12 lines
11-17 17:34:52.598  4667  4954 E BoosterUtil: convertSubIdToSlotId failed, subId:0, slotId:-1
11-17 17:34:52.598  4667  4954 E BoosterUtil: getDefaultDataSlotId failed, invalid slotId:-1, subId:0
11-17 17:34:53.613  4667  4954 E BoosterUtil: convertSubIdToSlotId failed, subId:0, slotId:-1
11-17 17:34:53.613  4667  4954 E BoosterUtil: getDefaultDataSlotId failed, invalid slotId:-1, subId:0
11-17 17:34:53.982  2010  2752 I chatty  : uid=1000(system) UEventObserver expire 12 lines
11-17 17:34:54.637  4667  4954 E BoosterUtil: convertSubIdToSlotId failed, subId:0, slotId:-1
11-17 17:34:54.637  4667  4954 E BoosterUtil: getDefaultDataSlotId failed, invalid slotId:-1, subId:0
11-17 17:34:55.661  4667  4954 E BoosterUtil: convertSubIdToSlotId failed, subId:0, slotId:-1
11-17 17:34:55.662  4667  4954 E BoosterUtil: getDefaultDataSlotId failed, invalid slotId:-1, subId:0
11-17 17:34:56.693  4667  4954 E BoosterUtil: convertSubIdToSlotId failed, subId:0, slotId:-1
11-17 17:34:56.693  4667  4954 E BoosterUtil: getDefaultDataSlotId failed, invalid slotId:-1, subId:0
11-17 17:34:57.709  4667  4954 E BoosterUtil: convertSubIdToSlotId failed, subId:0, slotId:-1
11-17 17:34:57.709  4667  4954 E BoosterUtil: getDefaultDataSlotId failed, invalid slotId:-1, subId:0
11-17 17:34:58.738  4667  4954 E BoosterUtil: convertSubIdToSlotId failed, subId:0, slotId:-1
11-17 17:34:58.739  4667  4954 E BoosterUtil: getDefaultDataSlotId failed, invalid slotId:-1, subId:0
11-17 17:34:59.757  4667  4954 E BoosterUtil: convertSubIdToSlotId failed, subId:0, slotId:-1
11-17 17:34:59.757  4667  4954 E BoosterUtil: getDefaultDataSlotId failed, invalid slotId:-1, subId:0
11-17 17:35:00.015  2010  2653 I chatty  : uid=1000(system) PowerManagerSer expire 10 lines
11-17 17:35:00.469  1046  1131 I storaged: storaged_t::event: storage_info refreshed.
11-17 17:35:00.783  4667  4954 E BoosterUtil: convertSubIdToSlotId failed, subId:0, slotId:-1
11-17 17:35:00.783  4667  4954 E BoosterUtil: getDefaultDataSlotId failed, invalid slotId:-1, subId:0
11-17 17:35:01.806  4667  4954 E BoosterUtil: convertSubIdToSlotId failed, subId:0, slotId:-1
11-17 17:35:01.806  4667  4954 E BoosterUtil: getDefaultDataSlotId failed, invalid slotId:-1, subId:0
11-17 17:35:02.830  4667  4954 E BoosterUtil: convertSubIdToSlotId failed, subId:0, slotId:-1
11-17 17:35:02.830  4667  4954 E BoosterUtil: getDefaultDataSlotId failed, invalid slotId:-1, subId:0
11-17 17:35:03.857  4667  4954 E BoosterUtil: convertSubIdToSlotId failed, subId:0, slotId:-1
11-17 17:35:03.857  4667  4954 E BoosterUtil: getDefaultDataSlotId failed, invalid slotId:-1, subId:0
11-17 17:35:04.878  4667  4954 E BoosterUtil: convertSubIdToSlotId failed, subId:0, slotId:-1
11-17 17:35:04.878  4667  4954 E BoosterUtil: getDefaultDataSlotId failed, invalid slotId:-1, subId:0
11-17 17:35:05.900  4667  4954 E BoosterUtil: convertSubIdToSlotId failed, subId:0, slotId:-1
11-17 17:35:05.900  4667  4954 E BoosterUtil: getDefaultDataSlotId failed, invalid slotId:-1, subId:0
11-17 17:35:06.925  4667  4954 E BoosterUtil: convertSubIdToSlotId failed, subId:0, slotId:-1
11-17 17:35:06.925  4667  4954 E BoosterUtil: getDefaultDataSlotId failed, invalid slotId:-1, subId:0
11-17 17:35:07.954  4667  4954 E BoosterUtil: convertSubIdToSlotId failed, subId:0, slotId:-1
11-17 17:35:07.955  4667  4954 E BoosterUtil: getDefaultDataSlotId failed, invalid slotId:-1, subId:0
11-17 17:35:08.975  4667  4954 E BoosterUtil: convertSubIdToSlotId failed, subId:0, slotId:-1
11-17 17:35:08.975  4667  4954 E BoosterUtil: getDefaultDataSlotId failed, invalid slotId:-1, subId:0
11-17 17:35:09.996  4667  4954 E BoosterUtil: convertSubIdToSlotId failed, subId:0, slotId:-1
11-17 17:35:09.996  4667  4954 E BoosterUtil: getDefaultDataSlotId failed, invalid slotId:-1, subId:0
11-17 17:35:10.015  2010  6388 I chatty  : uid=1000(system) Binder:2010_17 expire 6 lines
11-17 17:35:11.027  4667  4954 E BoosterUtil: convertSubIdToSlotId failed, subId:0, slotId:-1
11-17 17:35:11.027  4667  4954 E BoosterUtil: getDefaultDataSlotId failed, invalid slotId:-1, subId:0
11-17 17:35:12.046  4667  4954 E BoosterUtil: convertSubIdToSlotId failed, subId:0, slotId:-1
11-17 17:35:12.046  4667  4954 E BoosterUtil: getDefaultDataSlotId failed, invalid slotId:-1, subId:0
11-17 17:35:13.071  4667  4954 E BoosterUtil: convertSubIdToSlotId failed, subId:0, slotId:-1
11-17 17:35:13.071  4667  4954 E BoosterUtil: getDefaultDataSlotId failed, invalid slotId:-1, subId:0
11-17 17:35:14.094  4667  4954 E BoosterUtil: convertSubIdToSlotId failed, subId:0, slotId:-1
11-17 17:35:14.094  4667  4954 E BoosterUtil: getDefaultDataSlotId failed, invalid slotId:-1, subId:0
11-17 17:35:15.122  4667  4954 E BoosterUtil: convertSubIdToSlotId failed, subId:0, slotId:-1
11-17 17:35:15.122  4667  4954 E BoosterUtil: getDefaultDataSlotId failed, invalid slotId:-1, subId:0
11-17 17:35:16.141  4667  4954 E BoosterUtil: convertSubIdToSlotId failed, subId:0, slotId:-1
11-17 17:35:16.142  4667  4954 E BoosterUtil: getDefaultDataSlotId failed, invalid slotId:-1, subId:0
11-17 17:35:17.166  4667  4954 E BoosterUtil: convertSubIdToSlotId failed, subId:0, slotId:-1
11-17 17:35:17.167  4667  4954 E BoosterUtil: getDefaultDataSlotId failed, invalid slotId:-1, subId:0
11-17 17:35:17.940  2010  2781 I chatty  : uid=1000(system) AlarmManager expire 7 lines
11-17 17:35:18.190  4667  4954 E BoosterUtil: convertSubIdToSlotId failed, subId:0, slotId:-1
11-17 17:35:18.191  4667  4954 E BoosterUtil: getDefaultDataSlotId failed, invalid slotId:-1, subId:0
11-17 17:35:19.213  4667  4954 E BoosterUtil: convertSubIdToSlotId failed, subId:0, slotId:-1
11-17 17:35:19.213  4667  4954 E BoosterUtil: getDefaultDataSlotId failed, invalid slotId:-1, subId:0
11-17 17:35:19.367  2010 11971 I chatty  : uid=1000(system) MobileQosDetect expire 4 lines
11-17 17:35:20.236  4667  4954 E BoosterUtil: convertSubIdToSlotId failed, subId:0, slotId:-1
11-17 17:35:20.236  4667  4954 E BoosterUtil: getDefaultDataSlotId failed, invalid slotId:-1, subId:0
11-17 17:35:21.211  2010  2653 I chatty  : uid=1000(system) PowerManagerSer expire 22 lines
11-17 17:35:21.213  2010  3901 I chatty  : uid=1000(system) LocationHander expire 2 lines
11-17 17:35:21.238  2010  6465 I chatty  : uid=1000(system) Binder:2010_20 expire 1 line
11-17 17:35:21.260  4667  4954 E BoosterUtil: convertSubIdToSlotId failed, subId:0, slotId:-1
11-17 17:35:21.260  4667  4954 E BoosterUtil: getDefaultDataSlotId failed, invalid slotId:-1, subId:0
11-17 17:35:21.267  2010  2647 I chatty  : uid=1000(system) ActivityManager expire 1 line
11-17 17:35:22.285  4667  4954 E BoosterUtil: convertSubIdToSlotId failed, subId:0, slotId:-1
11-17 17:35:22.285  4667  4954 E BoosterUtil: getDefaultDataSlotId failed, invalid slotId:-1, subId:0
11-17 17:35:23.315  4667  4954 E BoosterUtil: convertSubIdToSlotId failed, subId:0, slotId:-1
11-17 17:35:23.315  4667  4954 E BoosterUtil: getDefaultDataSlotId failed, invalid slotId:-1, subId:0
11-17 17:35:24.335  4667  4954 E BoosterUtil: convertSubIdToSlotId failed, subId:0, slotId:-1
11-17 17:35:24.335  4667  4954 E BoosterUtil: getDefaultDataSlotId failed, invalid slotId:-1, subId:0
11-17 17:35:25.117  2010  2747 I chatty  : uid=1000(system) Binder:2010_3 expire 9 lines
11-17 17:35:25.357  4667  4954 E BoosterUtil: convertSubIdToSlotId failed, subId:0, slotId:-1
11-17 17:35:25.357  4667  4954 E BoosterUtil: getDefaultDataSlotId failed, invalid slotId:-1, subId:0
11-17 17:35:26.382  4667  4954 E BoosterUtil: convertSubIdToSlotId failed, subId:0, slotId:-1
11-17 17:35:26.382  4667  4954 E BoosterUtil: getDefaultDataSlotId failed, invalid slotId:-1, subId:0
11-17 17:35:27.406  4667  4954 E BoosterUtil: convertSubIdToSlotId failed, subId:0, slotId:-1
11-17 17:35:27.406  4667  4954 E BoosterUtil: getDefaultDataSlotId failed, invalid slotId:-1, subId:0
11-17 17:35:28.428  4667  4954 E BoosterUtil: convertSubIdToSlotId failed, subId:0, slotId:-1
11-17 17:35:28.428  4667  4954 E BoosterUtil: getDefaultDataSlotId failed, invalid slotId:-1, subId:0
11-17 17:35:29.455  4667  4954 E BoosterUtil: convertSubIdToSlotId failed, subId:0, slotId:-1
11-17 17:35:29.455  4667  4954 E BoosterUtil: getDefaultDataSlotId failed, invalid slotId:-1, subId:0
11-17 17:35:30.476  4667  4954 E BoosterUtil: convertSubIdToSlotId failed, subId:0, slotId:-1
11-17 17:35:30.476  4667  4954 E BoosterUtil: getDefaultDataSlotId failed, invalid slotId:-1, subId:0
11-17 17:35:31.506  4667  4954 E BoosterUtil: convertSubIdToSlotId failed, subId:0, slotId:-1
11-17 17:35:31.506  4667  4954 E BoosterUtil: getDefaultDataSlotId failed, invalid slotId:-1, subId:0
11-17 17:35:32.327  2010  2653 I chatty  : uid=1000(system) PowerManagerSer expire 22 lines
11-17 17:35:32.525  4667  4954 E BoosterUtil: convertSubIdToSlotId failed, subId:0, slotId:-1
11-17 17:35:32.525  4667  4954 E BoosterUtil: getDefaultDataSlotId failed, invalid slotId:-1, subId:0
11-17 17:35:33.558  4667  4954 E BoosterUtil: convertSubIdToSlotId failed, subId:0, slotId:-1
11-17 17:35:33.558  4667  4954 E BoosterUtil: getDefaultDataSlotId failed, invalid slotId:-1, subId:0
11-17 17:35:34.573  4667  4954 E BoosterUtil: convertSubIdToSlotId failed, subId:0, slotId:-1
11-17 17:35:34.573  4667  4954 E BoosterUtil: getDefaultDataSlotId failed, invalid slotId:-1, subId:0
11-17 17:35:35.598  4667  4954 E BoosterUtil: convertSubIdToSlotId failed, subId:0, slotId:-1
11-17 17:35:35.598  4667  4954 E BoosterUtil: getDefaultDataSlotId failed, invalid slotId:-1, subId:0
11-17 17:35:36.621  4667  4954 E BoosterUtil: convertSubIdToSlotId failed, subId:0, slotId:-1
11-17 17:35:36.621  4667  4954 E BoosterUtil: getDefaultDataSlotId failed, invalid slotId:-1, subId:0
11-17 17:35:37.646  4667  4954 E BoosterUtil: convertSubIdToSlotId failed, subId:0, slotId:-1
11-17 17:35:37.646  4667  4954 E BoosterUtil: getDefaultDataSlotId failed, invalid slotId:-1, subId:0
11-17 17:35:38.669  4667  4954 E BoosterUtil: convertSubIdToSlotId failed, subId:0, slotId:-1
11-17 17:35:38.669  4667  4954 E BoosterUtil: getDefaultDataSlotId failed, invalid slotId:-1, subId:0
11-17 17:35:39.694  4667  4954 E BoosterUtil: convertSubIdToSlotId failed, subId:0, slotId:-1
11-17 17:35:39.694  4667  4954 E BoosterUtil: getDefaultDataSlotId failed, invalid slotId:-1, subId:0
11-17 17:35:40.721  4667  4954 E BoosterUtil: convertSubIdToSlotId failed, subId:0, slotId:-1
11-17 17:35:40.721  4667  4954 E BoosterUtil: getDefaultDataSlotId failed, invalid slotId:-1, subId:0
11-17 17:35:41.743  4667  4954 E BoosterUtil: convertSubIdToSlotId failed, subId:0, slotId:-1
11-17 17:35:41.743  4667  4954 E BoosterUtil: getDefaultDataSlotId failed, invalid slotId:-1, subId:0
11-17 17:35:42.766  4667  4954 E BoosterUtil: convertSubIdToSlotId failed, subId:0, slotId:-1
11-17 17:35:42.766  4667  4954 E BoosterUtil: getDefaultDataSlotId failed, invalid slotId:-1, subId:0
11-17 17:35:43.328  2010  2653 I chatty  : uid=1000(system) PowerManagerSer expire 18 lines
11-17 17:35:43.791  4667  4954 E BoosterUtil: convertSubIdToSlotId failed, subId:0, slotId:-1
11-17 17:35:43.791  4667  4954 E BoosterUtil: getDefaultDataSlotId failed, invalid slotId:-1, subId:0
11-17 17:35:44.812  4667  4954 E BoosterUtil: convertSubIdToSlotId failed, subId:0, slotId:-1
11-17 17:35:44.812  4667  4954 E BoosterUtil: getDefaultDataSlotId failed, invalid slotId:-1, subId:0
11-17 17:35:45.837  4667  4954 E BoosterUtil: convertSubIdToSlotId failed, subId:0, slotId:-1
11-17 17:35:45.837  4667  4954 E BoosterUtil: getDefaultDataSlotId failed, invalid slotId:-1, subId:0
11-17 17:35:46.865  4667  4954 E BoosterUtil: convertSubIdToSlotId failed, subId:0, slotId:-1
11-17 17:35:46.865  4667  4954 E BoosterUtil: getDefaultDataSlotId failed, invalid slotId:-1, subId:0
11-17 17:35:47.886  4667  4954 E BoosterUtil: convertSubIdToSlotId failed, subId:0, slotId:-1
11-17 17:35:47.886  4667  4954 E BoosterUtil: getDefaultDataSlotId failed, invalid slotId:-1, subId:0
11-17 17:35:48.909  4667  4954 E BoosterUtil: convertSubIdToSlotId failed, subId:0, slotId:-1
11-17 17:35:48.909  4667  4954 E BoosterUtil: getDefaultDataSlotId failed, invalid slotId:-1, subId:0
11-17 17:35:49.935  4667  4954 E BoosterUtil: convertSubIdToSlotId failed, subId:0, slotId:-1
11-17 17:35:49.935  4667  4954 E BoosterUtil: getDefaultDataSlotId failed, invalid slotId:-1, subId:0
11-17 17:35:50.957  4667  4954 E BoosterUtil: convertSubIdToSlotId failed, subId:0, slotId:-1
11-17 17:35:50.958  4667  4954 E BoosterUtil: getDefaultDataSlotId failed, invalid slotId:-1, subId:0
11-17 17:35:51.397  2010 11971 I chatty  : uid=1000(system) MobileQosDetect expire 1 line
11-17 17:35:51.983  4667  4954 E BoosterUtil: convertSubIdToSlotId failed, subId:0, slotId:-1
11-17 17:35:51.984  4667  4954 E BoosterUtil: getDefaultDataSlotId failed, invalid slotId:-1, subId:0
11-17 17:35:52.270  2010  2747 I chatty  : uid=1000(system) Binder:2010_3 expire 1 line
11-17 17:35:52.324  2010  2653 I chatty  : uid=1000(system) PowerManagerSer expire 5 lines
11-17 17:35:53.005  4667  4954 E BoosterUtil: convertSubIdToSlotId failed, subId:0, slotId:-1
11-17 17:35:53.006  4667  4954 E BoosterUtil: getDefaultDataSlotId failed, invalid slotId:-1, subId:0
11-17 17:35:54.035  4667  4954 E BoosterUtil: convertSubIdToSlotId failed, subId:0, slotId:-1
11-17 17:35:54.035  4667  4954 E BoosterUtil: getDefaultDataSlotId failed, invalid slotId:-1, subId:0
11-17 17:35:55.052  4667  4954 E BoosterUtil: convertSubIdToSlotId failed, subId:0, slotId:-1
11-17 17:35:55.052  4667  4954 E BoosterUtil: getDefaultDataSlotId failed, invalid slotId:-1, subId:0
11-17 17:35:55.288  2010  2747 I chatty  : uid=1000(system) Binder:2010_3 expire 1 line
11-17 17:35:55.326  2010  2653 I chatty  : uid=1000(system) PowerManagerSer expire 2 lines
11-17 17:35:55.402  2010 11971 I chatty  : uid=1000(system) MobileQosDetect expire 1 line
11-17 17:35:55.429  2010  2752 I chatty  : uid=1000(system) UEventObserver expire 6 lines
11-17 17:35:56.078  4667  4954 E BoosterUtil: convertSubIdToSlotId failed, subId:0, slotId:-1
11-17 17:35:56.078  4667  4954 E BoosterUtil: getDefaultDataSlotId failed, invalid slotId:-1, subId:0
11-17 17:35:56.328  2010  2653 I chatty  : uid=1000(system) PowerManagerSer expire 6 lines
11-17 17:35:57.106  4667  4954 E BoosterUtil: convertSubIdToSlotId failed, subId:0, slotId:-1
11-17 17:35:57.106  4667  4954 E BoosterUtil: getDefaultDataSlotId failed, invalid slotId:-1, subId:0
11-17 17:35:58.134  4667  4954 E BoosterUtil: convertSubIdToSlotId failed, subId:0, slotId:-1
11-17 17:35:58.134  4667  4954 E BoosterUtil: getDefaultDataSlotId failed, invalid slotId:-1, subId:0
11-17 17:35:58.308  2010  2747 I chatty  : uid=1000(system) Binder:2010_3 expire 1 line
11-17 17:35:59.150  4667  4954 E BoosterUtil: convertSubIdToSlotId failed, subId:0, slotId:-1
11-17 17:35:59.150  4667  4954 E BoosterUtil: getDefaultDataSlotId failed, invalid slotId:-1, subId:0
11-17 17:35:59.327  2010  2653 I chatty  : uid=1000(system) PowerManagerSer expire 2 lines
11-17 17:35:59.413  2010 11971 I chatty  : uid=1000(system) MobileQosDetect expire 1 line
11-17 17:36:00.015  2010  2653 I chatty  : uid=1000(system) PowerManagerSer expire 5 lines
11-17 17:36:00.174  4667  4954 E BoosterUtil: convertSubIdToSlotId failed, subId:0, slotId:-1
11-17 17:36:00.174  4667  4954 E BoosterUtil: getDefaultDataSlotId failed, invalid slotId:-1, subId:0
11-17 17:36:00.471  1046  1131 I storaged: storaged_t::event: storage_info refreshed.
11-17 17:36:01.196  4667  4954 E BoosterUtil: convertSubIdToSlotId failed, subId:0, slotId:-1
11-17 17:36:01.196  4667  4954 E BoosterUtil: getDefaultDataSlotId failed, invalid slotId:-1, subId:0
11-17 17:36:01.331  2010  4209 I chatty  : uid=1000(system) Binder:2010_7 expire 1 line
11-17 17:36:01.336  2010  2653 I chatty  : uid=1000(system) PowerManagerSer expire 1 line
11-17 17:36:01.899  2010  3884 I chatty  : uid=1000(system) WifiScanningSer expire 1 line
11-17 17:36:01.926  2010  3970 I chatty  : uid=1000(system) wifipro_feature expire 1 line
11-17 17:36:01.929  4667  4954 I PositionFenceSignalCollect: wifiDatas size 22 for recognize
11-17 17:36:01.929  4667  4954 E PositionFenceRecognize: RecognizeByWifi fail, highPrecisionConfirmedFence is empty
11-17 17:36:01.929  4667  4954 E PositionFenceRecognize: RecognizeByCellAndServeAp fail, cellDatas is empty
11-17 17:36:02.222  4667  4954 E BoosterUtil: convertSubIdToSlotId failed, subId:0, slotId:-1
11-17 17:36:02.222  4667  4954 E BoosterUtil: getDefaultDataSlotId failed, invalid slotId:-1, subId:0
11-17 17:36:02.326  2010  2653 I chatty  : uid=1000(system) PowerManagerSer expire 4 lines
11-17 17:36:03.246  4667  4954 E BoosterUtil: convertSubIdToSlotId failed, subId:0, slotId:-1
11-17 17:36:03.246  4667  4954 E BoosterUtil: getDefaultDataSlotId failed, invalid slotId:-1, subId:0
11-17 17:36:03.409  2010 11971 I chatty  : uid=1000(system) MobileQosDetect expire 1 line
11-17 17:36:04.269  4667  4954 E BoosterUtil: convertSubIdToSlotId failed, subId:0, slotId:-1
11-17 17:36:04.270  4667  4954 E BoosterUtil: getDefaultDataSlotId failed, invalid slotId:-1, subId:0
11-17 17:36:04.330  2010  2653 I chatty  : uid=1000(system) PowerManagerSer expire 2 lines
11-17 17:36:04.348  2010  6388 I chatty  : uid=1000(system) Binder:2010_17 expire 1 line
11-17 17:36:05.293  4667  4954 E BoosterUtil: convertSubIdToSlotId failed, subId:0, slotId:-1
11-17 17:36:05.293  4667  4954 E BoosterUtil: getDefaultDataSlotId failed, invalid slotId:-1, subId:0
11-17 17:36:05.321  2010  2653 I chatty  : uid=1000(system) PowerManagerSer expire 3 lines
11-17 17:36:06.317  4667  4954 E BoosterUtil: convertSubIdToSlotId failed, subId:0, slotId:-1
11-17 17:36:06.317  4667  4954 E BoosterUtil: getDefaultDataSlotId failed, invalid slotId:-1, subId:0
11-17 17:36:07.330  2010  2653 I chatty  : uid=1000(system) PowerManagerSer expire 2 lines
11-17 17:36:07.339  2010  2653 I PowerManagerService: handleSandman: wakefulness: 1,startDreaming: false
11-17 17:36:07.341  4667  4954 E BoosterUtil: convertSubIdToSlotId failed, subId:0, slotId:-1
11-17 17:36:07.341  4667  4954 E BoosterUtil: getDefaultDataSlotId failed, invalid slotId:-1, subId:0
11-17 17:36:07.364  2010  6388 D HwConnectivityServiceEx: set 10238 wlan0 value false
11-17 17:36:07.412  2010 11971 D HwConnectivityServiceEx: set 1000 wlan0 value false
11-17 17:36:08.319  2010  2653 I PowerManagerService: handleSandman: wakefulness: 1,startDreaming: false
11-17 17:36:08.325  2010  2653 I PowerManagerService: handleSandman: wakefulness: 1,startDreaming: false
11-17 17:36:08.367  4667  4954 E BoosterUtil: convertSubIdToSlotId failed, subId:0, slotId:-1
11-17 17:36:08.367  4667  4954 E BoosterUtil: getDefaultDataSlotId failed, invalid slotId:-1, subId:0
11-17 17:36:09.327  2010  2653 I PowerManagerService: handleSandman: wakefulness: 1,startDreaming: false
11-17 17:36:09.336  2010  2653 I PowerManagerService: handleSandman: wakefulness: 1,startDreaming: false
11-17 17:36:09.390  4667  4954 E BoosterUtil: convertSubIdToSlotId failed, subId:0, slotId:-1
11-17 17:36:09.390  4667  4954 E BoosterUtil: getDefaultDataSlotId failed, invalid slotId:-1, subId:0
11-17 17:36:09.457  2010  2752 D HwBatteryService: mPowerSupplyObserver,event:com.huawei.android.os.UEventObserverExt$UEvent@eeaeff
11-17 17:36:09.457  2010  2752 D HwBatteryService: mPowerSupplyObserver,UI_HEATING_STATUS is not 1 neither 0
11-17 17:36:09.462  2010  2752 I HwUsbDeviceManager: water_intrused state= 0
11-17 17:36:10.332  2010  2653 I PowerManagerService: handleSandman: wakefulness: 1,startDreaming: false
11-17 17:36:10.340  2010  2653 I PowerManagerService: handleSandman: wakefulness: 1,startDreaming: false
11-17 17:36:10.380  2010  6388 D HwConnectivityServiceEx: set 10238 wlan0 value false
11-17 17:36:10.414  4667  4954 E BoosterUtil: convertSubIdToSlotId failed, subId:0, slotId:-1
11-17 17:36:10.415  4667  4954 E BoosterUtil: getDefaultDataSlotId failed, invalid slotId:-1, subId:0
11-17 17:36:11.333  2010  2653 I PowerManagerService: handleSandman: wakefulness: 1,startDreaming: false
11-17 17:36:11.342  2010  2653 I PowerManagerService: handleSandman: wakefulness: 1,startDreaming: false
11-17 17:36:11.420  2010 11971 D HwConnectivityServiceEx: set 1000 wlan0 value false
11-17 17:36:11.436  4667  4954 E BoosterUtil: convertSubIdToSlotId failed, subId:0, slotId:-1
11-17 17:36:11.436  4667  4954 E BoosterUtil: getDefaultDataSlotId failed, invalid slotId:-1, subId:0
11-17 17:36:12.324  2010  2653 I PowerManagerService: handleSandman: wakefulness: 1,startDreaming: false
11-17 17:36:12.331  2010  2653 I PowerManagerService: handleSandman: wakefulness: 1,startDreaming: false
11-17 17:36:12.462  4667  4954 E BoosterUtil: convertSubIdToSlotId failed, subId:0, slotId:-1
11-17 17:36:12.462  4667  4954 E BoosterUtil: getDefaultDataSlotId failed, invalid slotId:-1, subId:0
11-17 17:36:13.329  2010  2653 I PowerManagerService: handleSandman: wakefulness: 1,startDreaming: false
11-17 17:36:13.331  2010  2653 I PowerManagerService: handleSandman: wakefulness: 1,startDreaming: false
11-17 17:36:13.400  2010  6388 D HwConnectivityServiceEx: set 10238 wlan0 value false
11-17 17:36:13.485  4667  4954 E BoosterUtil: convertSubIdToSlotId failed, subId:0, slotId:-1
11-17 17:36:13.485  4667  4954 E BoosterUtil: getDefaultDataSlotId failed, invalid slotId:-1, subId:0
11-17 17:36:14.308  2010  2653 I PowerManagerService: handleSandman: wakefulness: 1,startDreaming: false
11-17 17:36:14.323  2010  2653 I chatty  : uid=1000(system) PowerManagerSer identical 1 line
11-17 17:36:14.324  2010  2653 I PowerManagerService: handleSandman: wakefulness: 1,startDreaming: false
11-17 17:36:14.510  4667  4954 E BoosterUtil: convertSubIdToSlotId failed, subId:0, slotId:-1
11-17 17:36:14.510  4667  4954 E BoosterUtil: getDefaultDataSlotId failed, invalid slotId:-1, subId:0
11-17 17:36:15.322  2010  2653 I PowerManagerService: handleSandman: wakefulness: 1,startDreaming: false
11-17 17:36:15.423  2010 11971 D HwConnectivityServiceEx: set 1000 wlan0 value false
11-17 17:36:15.533  4667  4954 E BoosterUtil: convertSubIdToSlotId failed, subId:0, slotId:-1
11-17 17:36:15.533  4667  4954 E BoosterUtil: getDefaultDataSlotId failed, invalid slotId:-1, subId:0
11-17 17:36:16.325  2010  2653 I PowerManagerService: handleSandman: wakefulness: 1,startDreaming: false
11-17 17:36:16.330  2010  2653 I PowerManagerService: handleSandman: wakefulness: 1,startDreaming: false
11-17 17:36:16.416  2010  6388 D HwConnectivityServiceEx: set 10238 wlan0 value false
11-17 17:36:16.558  4667  4954 E BoosterUtil: convertSubIdToSlotId failed, subId:0, slotId:-1
11-17 17:36:16.558  4667  4954 E BoosterUtil: getDefaultDataSlotId failed, invalid slotId:-1, subId:0
11-17 17:36:17.321  2010  2653 I PowerManagerService: handleSandman: wakefulness: 1,startDreaming: false
11-17 17:36:17.329  2010  2653 I PowerManagerService: handleSandman: wakefulness: 1,startDreaming: false
11-17 17:36:17.581  4667  4954 E BoosterUtil: convertSubIdToSlotId failed, subId:0, slotId:-1
11-17 17:36:17.581  4667  4954 E BoosterUtil: getDefaultDataSlotId failed, invalid slotId:-1, subId:0
11-17 17:36:18.329  2010  2653 I PowerManagerService: handleSandman: wakefulness: 1,startDreaming: false
11-17 17:36:18.336  2010  2653 I PowerManagerService: handleSandman: wakefulness: 1,startDreaming: false
11-17 17:36:18.606  4667  4954 E BoosterUtil: convertSubIdToSlotId failed, subId:0, slotId:-1
11-17 17:36:18.606  4667  4954 E BoosterUtil: getDefaultDataSlotId failed, invalid slotId:-1, subId:0
11-17 17:36:19.327  2010  2653 I PowerManagerService: handleSandman: wakefulness: 1,startDreaming: false
11-17 17:36:19.338  2010  2653 I PowerManagerService: handleSandman: wakefulness: 1,startDreaming: false
11-17 17:36:19.425  2010 11971 D HwConnectivityServiceEx: set 1000 wlan0 value false
11-17 17:36:19.436  2010  6388 D HwConnectivityServiceEx: set 10238 wlan0 value false
11-17 17:36:19.628  4667  4954 E BoosterUtil: convertSubIdToSlotId failed, subId:0, slotId:-1
11-17 17:36:19.628  4667  4954 E BoosterUtil: getDefaultDataSlotId failed, invalid slotId:-1, subId:0
11-17 17:36:20.328  2010  2653 I PowerManagerService: handleSandman: wakefulness: 1,startDreaming: false
11-17 17:36:20.340  2010  2653 I PowerManagerService: handleSandman: wakefulness: 1,startDreaming: false
11-17 17:36:20.660  4667  4954 E BoosterUtil: convertSubIdToSlotId failed, subId:0, slotId:-1
11-17 17:36:20.660  4667  4954 E BoosterUtil: getDefaultDataSlotId failed, invalid slotId:-1, subId:0
11-17 17:36:21.226  2010  2781 I ActivityManager: sendIntentSender target:PendingIntentRecord{134d815 android broadcastIntent}, intent:flg=0x4 hwFlg=0x810
11-17 17:36:21.227  2010  2781 E HwActivityTaskManagerServiceEx: isNeedInterceptStart isNeedInterceptAlarm getPackageUid exception
11-17 17:36:21.230  2010  2653 I PowerManagerService: handleSandman: wakefulness: 1,startDreaming: false
11-17 17:36:21.231  2010  2653 I PowerManagerService: handleSandman: wakefulness: 1,startDreaming: false
11-17 17:36:21.231  2010  2781 I ActivityManager: sendIntentSender target:PendingIntentRecord{13ae111 com.tencent.mm broadcastIntent}, intent:flg=0x4 hwFlg=0x810
11-17 17:36:21.232  2010  3901 V BroadcastQueue: Finished with ordered broadcast BroadcastRecord{13b6a09 u0 com.android.internal.location.ALARM_TIMEOUT}
11-17 17:36:21.232  2010  2781 E HwActivityTaskManagerServiceEx: isNeedInterceptStart isNeedInterceptAlarm getPackageUid exception
11-17 17:36:21.239  2010  2646 V BroadcastQueue: Finished with ordered broadcast BroadcastRecord{13b6b8f u0 com.tencent.mm.TrafficStatsReceiver}
11-17 17:36:21.247  2010  2653 I PowerManagerService: handleSandman: wakefulness: 1,startDreaming: false
11-17 17:36:21.267  2010  2653 I PowerManagerService: handleSandman: wakefulness: 1,startDreaming: false
11-17 17:36:21.269  2010  4209 I HwActivityTaskManagerServiceEx: unregisterHwActivityNotifier notifier: android.app.IHwActivityNotifier$Stub$Proxy@14daf47, callingUid: 1000 callingPid: 4439
11-17 17:36:21.269  2010  4209 I HwActivityTaskManagerServiceEx: unregisterHwActivityNotifier notifier: android.app.IHwActivityNotifier$Stub$Proxy@14daf47, callingUid: 1000 callingPid: 4439
11-17 17:36:21.676  4667  4954 E BoosterUtil: convertSubIdToSlotId failed, subId:0, slotId:-1
11-17 17:36:21.676  4667  4954 E BoosterUtil: getDefaultDataSlotId failed, invalid slotId:-1, subId:0
11-17 17:36:22.457  2010  4209 D HwConnectivityServiceEx: set 10238 wlan0 value false
11-17 17:36:22.702  4667  4954 E BoosterUtil: convertSubIdToSlotId failed, subId:0, slotId:-1
11-17 17:36:22.702  4667  4954 E BoosterUtil: getDefaultDataSlotId failed, invalid slotId:-1, subId:0
11-17 17:36:22.912  2010  2781 I ActivityManager: sendIntentSender target:PendingIntentRecord{1048f65 com.huawei.nearby broadcastIntent}, intent:flg=0x4 hwFlg=0x810
11-17 17:36:22.913  2010  2781 E HwActivityTaskManagerServiceEx: isNeedInterceptStart isNeedInterceptAlarm getPackageUid exception
11-17 17:36:22.917  2010  2653 I PowerManagerService: handleSandman: wakefulness: 1,startDreaming: false
11-17 17:36:22.917  2010  4209 V BroadcastQueue: Finished with ordered broadcast BroadcastRecord{13b6b41 u0 DeviceMonitorService.MonitorStrategy.NormalAlarm}
11-17 17:36:22.927  2010  2653 I PowerManagerService: handleSandman: wakefulness: 1,startDreaming: false
11-17 17:36:22.938  2010  4209 D HwConnectivityServiceEx: set 5520 wlan0 value false
