11-17 18:36:01.010  2010  4213 I ConnectivityService: requestNetwork for uid/pid:10238/32052 NetworkRequest [ TRACK_DEFAULT id=1372, [ Capabilities: INTERNET&NOT_RESTRICTED&TRUSTED Uid: 10238 DNN:  SSCMODE: 0 SNSSAI:  PduSessionType: 0 RouteBitmap: 0] ]
11-17 18:36:01.010  2010  3889 I ConnectivityService: rematching NetworkAgentInfo [WIFI () - 107]
11-17 18:36:01.010 32052 32052 D HwCustConnectivityManagerImpl: isBlockNetworkRequestByNonAis, INVALID_SUBSCRIPTION_ID
11-17 18:36:01.010  2010  3889 I ConnectivityService: CS = 0, NS = 60
11-17 18:36:01.011  2010  3889 I ConnectivityService: rematch for NetworkAgentInfo [WIFI () - 107]
11-17 18:36:01.011  2010  4213 I ConnectivityService: listenForNetwork for uid/pid:10238/32052 NetworkRequest [ LISTEN id=1373, [ Capabilities: INTERNET&NOT_RESTRICTED&TRUSTED Uid: 10238 DNN:  SSCMODE: 0 SNSSAI:  PduSessionType: 0 RouteBitmap: 0] ]
11-17 18:36:01.011  2010  3889 I ConnectivityService: NetworkAgentInfo [WIFI () - 107] NC all is: 1369 8 4 47 1370 21 9 28 25 1367 10 14 33 1346 1364 1 12 1365 758 54
11-17 18:36:01.012  2010  3889 I ConnectivityService: rematching NetworkAgentInfo [WIFI () - 107]
11-17 18:36:01.013  2010  3889 I ConnectivityService: NetworkAgentInfo [WIFI () - 107] NC all is: 1369 8 4 47 1370 21 9 28 25 1367 10 14 33 1346 1364 1372 1 12 1365 758 54
11-17 18:36:01.418  2010  3889 I ConnectivityService: releasing NetworkRequest [ LISTEN id=1366, [ Capabilities: INTERNET&NOT_RESTRICTED&TRUSTED Uid: 10238 DNN:  SSCMODE: 0 SNSSAI:  PduSessionType: 0 RouteBitmap: 0] ] (release request)
11-17 18:36:01.419  2010  3889 I ConnectivityService: releasing NetworkRequest [ TRACK_DEFAULT id=1365, [ Capabilities: INTERNET&NOT_RESTRICTED&TRUSTED Uid: 10238 DNN:  SSCMODE: 0 SNSSAI:  PduSessionType: 0 RouteBitmap: 0] ] (release request)
11-17 18:36:01.420  2010  3889 I ConnectivityService:  Removing from current network NetworkAgentInfo [WIFI () - 107], leaving 46 requests.
11-17 18:36:01.778  4667  4954 E BoosterUtil: convertSubIdToSlotId failed, subId:0, slotId:-1
11-17 18:36:01.778  4667  4954 E BoosterUtil: getDefaultDataSlotId failed, invalid slotId:-1, subId:0
11-17 18:36:01.822  2010  6392 D BatteryStatsService: begin noteStopAudio
11-17 18:36:01.824  2010  6392 D BatteryStatsService: end noteStopAudio
11-17 18:36:01.857  2010  2653 I PowerManagerService: handleSandman: wakefulness: 1,startDreaming: false
11-17 18:36:02.454  2010  4213 V ActivityManager: startProcess: name=cn.missevan:pushservice app=null knownToBeDead=true thread=null pid=-1 preloadStatus=-1
11-17 18:36:02.455  2010  4213 I BigFontUtils: adjustAppProcessConfiguration appInfo:cn.missevan
11-17 18:36:02.476  2010  2641 I ActivityManager: Start proc 32634:cn.missevan:pushservice/u0a238 for service {cn.missevan/com.bilibili.lib.neuron.internal.NeuronRemoteService}
11-17 18:36:02.504 32634 32634 D ActivityThread: Attach thread to application
11-17 18:36:02.514  2010  4213 D HwConnectivityServiceEx: set 10238 wlan0 value false
11-17 18:36:02.516 32634 32652 I ActivityThread: Init compatible state: true
11-17 18:36:02.566  2010  6392 V ActivityManager: Successfully start provider ContentProviderRecord{13ad090 u0 cn.missevan/net.grandcentrix.tray.provider.TrayContentProvider} launchingApp=null caller pid= 32634
11-17 18:36:02.640  2010  6392 I HwSwingFaceRotationHub: handleFenceResult FaceDirection 0
11-17 18:36:02.641  2010  2620 D HwWindowManagerServiceEx: notifySwingRotation rotation:0
11-17 18:36:02.641  2010  2620 I HwDisplayRotationEx: swingRotationForSensor desireRotation 0 swingRotation 0 sensorRotation -1 lastRotation 0
11-17 18:36:02.641  2010  2620 I HwWindowManagerServiceEx: setLandAnimationInfo : false
11-17 18:36:02.692  2010  4605 V ActivityManager: Successfully start provider ContentProviderRecord{13ad0d8 u0 cn.missevan/com.umeng.message.component.UmengMessageProvider} launchingApp=null caller pid= 32634
11-17 18:36:02.706  2010  4605 V ActivityManager: Successfully start provider ContentProviderRecord{127f036 u0 com.android.providers.settings/.hwext.HwSettingsProvider} launchingApp=null caller pid= 32634
11-17 18:36:02.739 32634 32634 I ActivityThread: finishPreloaded preloadStatus 0
11-17 18:36:02.745  2010  6392 V ActivityManager: Successfully start provider ContentProviderRecord{116fdc2 u0 com.huawei.hwid/com.huawei.hms.fwkit.kams.provideragent.StubContentProvider} launchingApp=null caller pid= 19377
11-17 18:36:02.756  2010  6392 V ActivityManager: Successfully start provider ContentProviderRecord{13ad051 u0 cn.missevan/com.bilibili.xpref.XprefProvider} launchingApp=null caller pid= 32634
11-17 18:36:02.801  4667  4954 E BoosterUtil: convertSubIdToSlotId failed, subId:0, slotId:-1
11-17 18:36:02.801  4667  4954 E BoosterUtil: getDefaultDataSlotId failed, invalid slotId:-1, subId:0
11-17 18:36:02.860  2010  2653 I PowerManagerService: handleSandman: wakefulness: 1,startDreaming: false
11-17 18:36:02.870  2010  2653 I PowerManagerService: handleSandman: wakefulness: 1,startDreaming: false
11-17 18:36:02.949  2010 11971 D HwConnectivityServiceEx: set 1000 wlan0 value false
11-17 18:36:03.072  2010  2747 D HwConnectivityServiceEx: set 10039 wlan0 value false
11-17 18:36:03.297  2010  2653 I PowerManagerService: handleSandman: wakefulness: 1,startDreaming: false
11-17 18:36:03.335  2010  4213 I HwSwingFaceRotationHub: handleFenceResult FaceDirection -2
11-17 18:36:03.335  2010  2620 D HwWindowManagerServiceEx: notifySwingRotation rotation:-2
11-17 18:36:03.335  2010  2620 I HwDisplayRotationEx: swingRotationForSensor desireRotation 0 swingRotation -2 sensorRotation -1 lastRotation 0
11-17 18:36:03.336  2010  2620 I HwWindowManagerServiceEx: setLandAnimationInfo : false
11-17 18:36:03.411  2010  4213 I WindowManager: dispatchResized : win = Window{113dd05 u0 cn.missevan/cn.missevan.activity.MainActivity} drawState = HAS_DRAWN
11-17 18:36:03.692  2010  6392 I HWMW_HomePageDetect: putDetectedResult is host homeActivity =ActivityRecord{e35583 u0 cn.missevan/.activity.MainActivity t162}
11-17 18:36:03.740  2010  4605 D HwConnectivityServiceEx: set 10238 NULL value false
11-17 18:36:03.821  4667  4954 E BoosterUtil: convertSubIdToSlotId failed, subId:0, slotId:-1
11-17 18:36:03.821  4667  4954 E BoosterUtil: getDefaultDataSlotId failed, invalid slotId:-1, subId:0
11-17 18:36:03.848  2010  2621 D StatusBarManagerService: win:Window{113dd05 u0 cn.missevan/cn.missevan.activity.MainActivity}mIsColorEnable:truelight:true
11-17 18:36:03.849  2010  2621 I StatusBarDisable: setFlags what=0 which=1 pkg=Window{113dd05 u0 cn.missevan/cn.missevan.activity.MainActivity}
11-17 18:36:03.850  4088 18566 D HwCommandQueue: CommandQueue, set Launcher StatusBar Color
11-17 18:36:03.856  2010  3884 D SmartHeartBeat: isPendingAlarm, false, pkg:com.android.deskclock, action:com.android.deskclock.ALARM_ALERT,not pending alarm with AlarmClockInfo
11-17 18:36:03.861  2010  2653 I PowerManagerService: handleSandman: wakefulness: 1,startDreaming: false
11-17 18:36:03.871  2010  2653 I chatty  : uid=1000(system) PowerManagerSer identical 1 line
11-17 18:36:03.872  2010  2653 I PowerManagerService: handleSandman: wakefulness: 1,startDreaming: false
11-17 18:36:03.884  4667  4954 I PositionFenceSignalCollect: wifiDatas size 23 for recognize
11-17 18:36:03.884  4667  4954 E PositionFenceRecognize: RecognizeByWifi fail, highPrecisionConfirmedFence is empty
11-17 18:36:03.884  4667  4954 E PositionFenceRecognize: RecognizeByCellAndServeAp fail, cellDatas is empty
11-17 18:36:04.154  2010  3889 I ConnectivityService: releasing NetworkRequest [ LISTEN id=1373, [ Capabilities: INTERNET&NOT_RESTRICTED&TRUSTED Uid: 10238 DNN:  SSCMODE: 0 SNSSAI:  PduSessionType: 0 RouteBitmap: 0] ] (release request)
11-17 18:36:04.155  2010  3889 I ConnectivityService: releasing NetworkRequest [ TRACK_DEFAULT id=1372, [ Capabilities: INTERNET&NOT_RESTRICTED&TRUSTED Uid: 10238 DNN:  SSCMODE: 0 SNSSAI:  PduSessionType: 0 RouteBitmap: 0] ] (release request)
11-17 18:36:04.155  2010  3889 I ConnectivityService:  Removing from current network NetworkAgentInfo [WIFI () - 107], leaving 44 requests.
11-17 18:36:04.518  2010  2616 D HwConnectivityServiceEx: set 10238 wlan0 value false
11-17 18:36:04.629  2010  6413 V ActivityManager: Successfully start provider ContentProviderRecord{116fdc2 u0 com.huawei.hwid/com.huawei.hms.fwkit.kams.provideragent.StubContentProvider} launchingApp=null caller pid= 19377
11-17 18:36:04.832  2010  5456 W ProcBatteryStats: timer is not running , not stop, name: audioserver, uid: 1041, tag: AudioMix
11-17 18:36:04.833  2010  2653 I PowerManagerService: handleSandman: wakefulness: 1,startDreaming: false
11-17 18:36:04.844  4667  4954 E BoosterUtil: convertSubIdToSlotId failed, subId:0, slotId:-1
11-17 18:36:04.844  4667  4954 E BoosterUtil: getDefaultDataSlotId failed, invalid slotId:-1, subId:0
11-17 18:36:04.857  2010  2653 I PowerManagerService: handleSandman: wakefulness: 1,startDreaming: false
11-17 18:36:05.098  2010  5456 D HwConnectivityServiceEx: set 10238 wlan0 value false
11-17 18:36:05.180  2010  6392 D HwConnectivityServiceEx: set 1000 wlan0 value false
11-17 18:36:05.183  2010  2653 I PowerManagerService: handleSandman: wakefulness: 1,startDreaming: false
--------- beginning of main
11-17 18:36:05.313  8708  8833 I SecurityComp10105310: Aj: check server i : 0
11-17 18:36:05.313  8708  8833 I SecurityComp10105310: Aj: client root ca size is : 31
11-17 18:36:05.317  8708  8833 I SecurityComp10105310: Aj: checkServerTrusted succeed ,root ca issuer is : CN=GlobalSign, O=GlobalSign, OU=GlobalSign Root CA - R3
11-17 18:36:05.410  8708  8833 I PushLog110113300: [AsyncSeqTask-376]close connection
11-17 18:36:05.411  8708  8833 I PushLog110113300: [AsyncSeqTask-376]local dns request succeeded
11-17 18:36:05.412  8708  8833 I PushLog110113300: [AsyncSeqTask-376]queryTrs success!
11-17 18:36:05.438  8708  8831 D PushLog110113300: Begin to init logger, whether write file log:true
11-17 18:36:05.442  8708  8831 I PushLog110113300: external file directory is /storage/emulated/0/Android/data/android/files
11-17 18:36:05.446  8708  8831 I PushLog110113300: [ReceiverDispatcher-375]send to nc, type:1
11-17 18:36:05.452  8708  8831 I PushLog110113300: [ReceiverDispatcher-375]Alarm com.huawei.action.push.intent.QUERY_TASK requestCode 0 set: true
11-17 18:36:05.453  8708  8831 I PushLog110113300: [ReceiverDispatcher-375]Alarm com.huawei.push.action.AWARENESS_DELAY requestCode 0 set: false
11-17 18:36:05.454  8708  8831 I PushLog110113300: [ReceiverDispatcher-375]start delay alarm wiseDelayTimer is: 600000
11-17 18:36:05.454  8708  8831 I PushLog110113300: [ReceiverDispatcher-375]enter AlarmTools:setInexactAlarm(action:com.huawei.push.action.AWARENESS_DELAY interval:600000ms
11-17 18:36:05.459 17977 17977 I PushLogNC110113301: [main-1]receive NC control info, controlType:1
11-17 18:36:05.185  2010  2653 I chatty  : uid=1000(system) PowerManagerSer identical 2 lines
11-17 18:36:05.434  2010  2653 I PowerManagerService: handleSandman: wakefulness: 1,startDreaming: false
11-17 18:36:05.460  2010  6392 V BroadcastQueue: Finished with ordered broadcast BroadcastRecord{113f8d9 u0 com.huawei.android.push.intent.NC_CONTROL_INFO}
11-17 18:36:05.462  8708  8831 I PushLog110113300: [ReceiverDispatcher-375]Alarm com.huawei.push.action.POLLING requestCode 0 set: true
11-17 18:36:05.463  2010  2747 D HwConnectivityServiceEx: set 10043 wlan0 value false
11-17 18:36:05.464  2010  2653 I PowerManagerService: handleSandman: wakefulness: 1,startDreaming: false
11-17 18:36:05.465   765 18531 D AudioPolicyService: getUidState(10043) !cacheIter->second.first, return PROCESS_STATE_UNKNOWN
11-17 18:36:05.466  8708  8831 I PushLog110113300: [ReceiverDispatcher-375]No launch info need report
11-17 18:36:05.470   681  1277 W /system/bin/netd: A binder object at 0x7df992ff80 is being transacted on, however, this object is in the same process as its proxy. Transacting with this binder is expensive compared to just calling the corresponding functionality in the same process.
11-17 18:36:05.471   681  1277 I PreDnsController: CanPreDnsQuery,persist.sys.predns is false!
11-17 18:36:05.478  8708  8833 I PushLog110113300: [AsyncSeqTask-376]delete exceed messages
11-17 18:36:05.483  8708  8831 I PushLog110113300: [ReceiverDispatcher-375]reload heartbeat info: lastBestHBTime: 1668586457446,hasFindHeartBeat: true,localBestHB: 300000,minHeartBeat: 180000,maxHeartBeat: 300000,controlKey: wifi_e***********aa:d4
11-17 18:36:05.483  8708  8831 I PushLog110113300: [ReceiverDispatcher-375]after load heartBeat, next heartBeatInterval:300000
11-17 18:36:05.483  8708  8831 I PushLog110113300: [ReceiverDispatcher-375]enter resetReconnectConfig
11-17 18:36:05.485  8708  8831 I PushLog110113300: [ReceiverDispatcher-375]after load new heartbeat, check if need update heartbeat to power genie
11-17 18:36:05.485  8708  8831 I PushLog110113300: [ReceiverDispatcher-375]not support bastet in wifi
11-17 18:36:05.486  8708  8831 I PushLog110113300: [ReceiverDispatcher-375]send best heartBeat to powergenie, currentNetType:1
11-17 18:36:05.486  8708  8831 I PushLog110113300: [ReceiverDispatcher-375]send current push bestHeartBeat to powergenie:300000
11-17 18:36:05.484  2010  2653 I PowerManagerService: handleSandman: wakefulness: 1,startDreaming: false
11-17 18:36:05.486  8708  8831 W ContextImpl: Calling a method in the system process without a qualified user: android.app.ContextImpl.sendBroadcast:1168 android.content.ContextWrapper.sendBroadcast:448 Fe.a:73 Fe.n:71 Qg.uf:10
11-17 18:36:05.488  8708  8831 I PushLog110113300: [ReceiverDispatcher-375]trs success time is 17,last query task time is 16,is support awareness true
11-17 18:36:05.488  4297  4981 I StateActionFactory: not make action for msgId: 382
11-17 18:36:05.489  4297  4981 I AlarmConfigUnifier: rev best push heartbeat, natTime: 300000
11-17 18:36:05.494  8708  8831 I PushLog110113300: [ReceiverDispatcher-375]send msg to server:0x42, subCmdId:0xE0
11-17 18:36:05.495  8708  8831 I PushLog110113300: [ReceiverDispatcher-375]send query wise task success
11-17 18:36:05.496  2010  2653 I PowerManagerService: handleSandman: wakefulness: 1,startDreaming: false
11-17 18:36:05.496  2010  4605 I HwNetworkPolicy: onTransact, code = 203
11-17 18:36:05.496  8708  8831 I HwNetworkPolicyManager: getHwUidPolicy uid = 1000 policy = 0
11-17 18:36:05.496  8708  8831 I PushLog110113300: [ReceiverDispatcher-375]lastnetWorkType:1 curNetWorkType:1, [-1:NONE, 0:MOBILE, 1:WIFI], network policy: 0
11-17 18:36:05.497  8708  8831 I PushLog110113300: [ReceiverDispatcher-375]reload heartbeat info: lastBestHBTime: 1668586457446,hasFindHeartBeat: true,localBestHB: 300000,minHeartBeat: 180000,maxHeartBeat: 300000,controlKey: wifi_e***********aa:d4
11-17 18:36:05.497  8708  8831 I PushLog110113300: [ReceiverDispatcher-375]after load heartBeat, next heartBeatInterval:300000
11-17 18:36:05.497   681   681 I netd    : trafficSwapActiveStatsMap() <0.32ms>
11-17 18:36:05.498  2010  2653 I PowerManagerService: handleSandman: wakefulness: 1,startDreaming: false
11-17 18:36:05.527 17977   483 I SecurityComp10105310: a: createSocket: s , host , port , autoClose
11-17 18:36:05.528 17977   483 I SecurityComp10105310: a: set default protocols
11-17 18:36:05.528 17977   483 I SecurityComp10105310: a: set default cipher suites
11-17 18:36:05.533  8708  8867 I PushLog110113300: [SocketRead_19:51:28-383]parse decoupled msg payload.
11-17 18:36:05.533  8708  8867 I PushLog110113300: [SocketRead_19:51:28-383]enter cancelAlarm(Action=com.huawei.android.push.intent.RESPONSE_FAIL
11-17 18:36:05.535  8708  8867 I PushLog110113300: [SocketRead_19:51:28-383]msg received from server:0x43, subCmdId:0xE1
11-17 18:36:05.539  8708  8831 I PushLog110113300: [ReceiverDispatcher-375]query task response process.
11-17 18:36:05.542  8708  8831 I PushLog110113300: [ReceiverDispatcher-375]enter AlarmTools:setInexactAlarm(action:com.huawei.action.push.intent.CHECK_CHANNEL_CYCLE interval:1200000ms
11-17 18:36:05.533  2010  2653 I chatty  : uid=1000(system) PowerManagerSer identical 1 line
11-17 18:36:05.538  2010  2653 I PowerManagerService: handleSandman: wakefulness: 1,startDreaming: false
11-17 18:36:05.546  2010  6392 I AlarmManager: remove alarm:Alarm{10b5251 type 1 when 1668682415032 PendingIntent{c44ef9: PendingIntentRecord{10b06e1 android broadcastIntent}}android procName com.huawei.android.pushagent.PushService} according to operation:d25b8d
11-17 18:36:05.549  2010  6392 D SmartHeartBeat: isPendingAlarm, false, pkg:com.android.deskclock, action:com.android.deskclock.ALARM_ALERT,not pending alarm with AlarmClockInfo
11-17 18:36:05.553  2010  2653 I PowerManagerService: handleSandman: wakefulness: 1,startDreaming: false
11-17 18:36:05.568 17977   483 I SecurityComp10105310: f: checkServerTrusted begin ,server ca chain size is : 2 ,auth type is : GENERIC
11-17 18:36:05.569 17977   483 I SecurityComp10105310: f: check server i : 0
11-17 18:36:05.569 17977   483 I SecurityComp10105310: f: client root ca size is : 139
11-17 18:36:05.600 17977   483 I SecurityComp10105310: f: checkServerTrusted succeed ,root ca issuer is : CN=GlobalSign Root CA, OU=Root CA, O=GlobalSign nv-sa, C=BE
11-17 18:36:05.614 17977 17989 W droid.pushagen: Reducing the number of considered missed Gc histogram windows from 126 to 100
11-17 18:36:05.668 17977   483 I PushLogNC110113301: [SeqIO-pool-9-11546]statisticDataReport: success
11-17 18:36:05.759   681  1277 W /system/bin/netd: A binder object at 0x7df992ff80 is being transacted on, however, this object is in the same process as its proxy. Transacting with this binder is expensive compared to just calling the corresponding functionality in the same process.
11-17 18:36:05.759   681  1277 I PreDnsController: CanPreDnsQuery,persist.sys.predns is false!
11-17 18:36:05.805   681  1277 W /system/bin/netd: A binder object at 0x7df992ff80 is being transacted on, however, this object is in the same process as its proxy. Transacting with this binder is expensive compared to just calling the corresponding functionality in the same process.
11-17 18:36:05.806   681  1277 I PreDnsController: CanPreDnsQuery,persist.sys.predns is false!
11-17 18:36:05.850  2220  2220 W HIGNSS  : LS:[LSQ_SOLUTION] satellite num: 0 < 4
11-17 18:36:05.850  2220  2220 W HIGNSS  : CHR:[TCXO-BIAS-CHANGE] time: 55, cnt: 55, valid: 0, freq_bias:0.000000, tempr:0.000000, sats_num: 0, qop: 0
11-17 18:36:05.855  2220  2220 W HIGNSS  : FUS:fusion results invalid, flag = 0!
11-17 18:36:05.855  2220  2220 W HIGNSS  : PE_CDPP:[NORMAL]rcvr int time invalid or acc:60000110014 over 15s!
11-17 18:36:05.857  2220  2220 W HIGNSS  : PE_MSA:[MSA_SELECT]the num of sat can be reported is less than 4, report all valid data!
11-17 18:36:05.857  2220  2220 W HIGNSS  : PE_MSA:[MSA-DOPPLER]No location and no acq data, not do doppler consistence!
11-17 18:36:05.857  2220  2220 W HIGNSS  : PE_MSA:[MSA-REPORT] no gnss msr data to be report!
11-17 18:36:05.858  2220  2287 W HIGNSS  : CTL:can't find dst, 0x11110021
11-17 18:36:05.862  2010  2804 I chatty  : uid=1000(system) HwBinder:2010_3 expire 17 lines
11-17 18:36:05.863  2010  2653 I PowerManagerService: handleSandman: wakefulness: 1,startDreaming: false
11-17 18:36:05.870  4667  4954 E BoosterUtil: convertSubIdToSlotId failed, subId:0, slotId:-1
11-17 18:36:05.870  4667  4954 E BoosterUtil: getDefaultDataSlotId failed, invalid slotId:-1, subId:0
11-17 18:36:05.876  2010  2653 I PowerManagerService: handleSandman: wakefulness: 1,startDreaming: false
11-17 18:36:05.887  1021  1062 E bastetd : [ProxySocket    ] NotifySocketErrState# No record found by comm prop, state=196619
11-17 18:36:06.031 32634 32685 D config.Worker: config,ver: null
11-17 18:36:06.035 32634 32685 D ab.Worker: ab,ver: null
11-17 18:36:06.048  2010  6392 V ActivityManager: Successfully start provider ContentProviderRecord{13ad051 u0 cn.missevan/com.bilibili.xpref.XprefProvider} launchingApp=null caller pid= 32634
11-17 18:36:06.370  1021  1062 E bastetd : [ProxySocket    ] NotifySocketErrState# No record found by comm prop, state=196619
11-17 18:36:06.642  1059 18693 D aiserver: IgsService fusionId:4, notifyType:0
11-17 18:36:06.643  1059 18693 I aiserver: #IgsEventManager#GetParsersByFusionType fusionId:4,notifyType:0
11-17 18:36:06.643  1059 18693 I aiserver: #IgsEventManager#SmartScreenParser::parseFusionResult begin....
11-17 18:36:06.643  1059 18693 I aiserver: IgsRegisterParamManager reportRPVecotor size = 1
11-17 18:36:06.643  1059 18693 I aiserver: #IgsEventManager# SmartScreenParser: event_id:5, event_msg=faceDirection:0
11-17 18:36:06.643  1059 18693 I aiserver: IgsService IgsEventThread eventId =5
11-17 18:36:06.643  1059 18693 I aiserver: IgsService IgsEventThread Find listener,pid=6950, eventId=5
11-17 18:36:06.645  1059 18693 I aiserver: IgsService onIgsEventDoneV2 call
11-17 18:36:06.646  6950 18691 I swingclient: IgsListenerProxy::onIgsEventDoneV2
11-17 18:36:06.646  6950 18691 D HWSWINGCA: -----onSwingEventDone----
11-17 18:36:06.646  6950 18691 I CAWARENESS_SwingManager: onSwingEventDone eventId = 5 eventStr=faceDirection:0
11-17 18:36:06.646  6950 18691 I CAWARENESS_AbilityContext: [1668681367479] publishing {dataId=100000093, mode=0}
11-17 18:36:06.647  6950 18689 I CAWARENESS_SwingManager: handleMessage msg:2
11-17 18:36:06.647  6950 18691 I CAWARENESS_AbilityContext: [1668681367479] deliver {dataId=100000093, mode=0} to 1 receivers
11-17 18:36:06.647  6950 18691 I swingclient: IgsListenerProxy::onIgsEventDone eventId = 5
11-17 18:36:06.648  6950   517 I CAWARENESS_CompatibleFenceTrigger: fenceName 13 pid 2010 uid 1000
11-17 18:36:06.648  6950   517 I CAWARENESS_CacheReportDataService: insertData
11-17 18:36:06.648  6950  7857 I CAWARENESS_CompatibleFenceTrigger: triggerForSwing with IAwarenessListener
11-17 18:36:06.649  2010  6392 I HwSwingFaceRotationHub: handleFenceResult FaceDirection 0
11-17 18:36:06.650  2010  2620 D HwWindowManagerServiceEx: notifySwingRotation rotation:0
11-17 18:36:06.650  2010  2620 I HwDisplayRotationEx: swingRotationForSensor desireRotation 0 swingRotation 0 sensorRotation -1 lastRotation 0
11-17 18:36:06.652  6950   521 I CAWARENESS_AwarenessSQLiteDatabase: insert recId is 40384
11-17 18:36:06.653  6950   521 I CAWARENESS_CacheReportDataService: Current count 118
11-17 18:36:06.652  2010  2620 I HwWindowManagerServiceEx: setLandAnimationInfo : false
11-17 18:36:06.747   882   882 I aptouch_daemon: check_afe_status, idle out.
11-17 18:36:06.757   882   882 I aptouch_daemon: print_log, touch:1, down:1 (+0)
11-17 18:36:06.761 32052 32052 D stylus  : init stylus touchlistener.
11-17 18:36:06.762 32052 32052 I Hwaps   : APS: EventAnalyzed: initAPS: version is 11.0.0.4
11-17 18:36:06.763  2010  2653 I PowerManagerService: handleSandman: wakefulness: 1,startDreaming: false
11-17 18:36:06.764 32052 32052 D Hwaps   : Fpsrequest create,type:EXACTLY_IDENTIFY
11-17 18:36:06.765 32052 32052 D Hwaps   : Fpsrequest create,type:EXACTLY_IDENTIFY
11-17 18:36:06.765 32052 32052 D Hwaps   : Fpsrequest create,type:OPENGL_SETTING
11-17 18:36:06.765 32052 32052 D Hwaps   : FpsController create
11-17 18:36:06.768 32052 32052 D Hwaps   : APS: EventAnalyzed: reInitFpsPara :mBaseFps = 60; mMaxFps = 60
11-17 18:36:06.769 32052 32052 W Settings: Setting device_provisioned has moved from android.provider.Settings.Secure to android.provider.Settings.Global.
11-17 18:36:06.769 32052 32052 V HiTouch_HiTouchSensor: User setup is finished.
11-17 18:36:06.814   882   882 I aptouch_daemon: print_log, touch:0, down:0
11-17 18:36:06.816 32052 32052 W HwApsManager: HwApsManagerService, registerCallback, start !
11-17 18:36:06.817  2010  6392 I HwApsManagerConfig: registerCallbackLocked success, pkgName:cn.missevan, callback_count:26
11-17 18:36:06.817  2010  6392 I HwApsManagerConfig: doCallbackAtFirstRegisterLocked, start ! pkgName:cn.missevan
11-17 18:36:06.818 32052 32052 D Hwaps   : APS: EventAnalyzed: registerCallbackInApsManagerService, mPkgName:cn.missevan; result = true
11-17 18:36:06.826 32052 32052 V AudioManager: querySoundEffectsEnabled...
11-17 18:36:06.850  2220  2220 W HIGNSS  : LS:[LSQ_SOLUTION] satellite num: 0 < 4
11-17 18:36:06.851  2220  2220 W HIGNSS  : CHR:[TCXO-BIAS-CHANGE] time: 56, cnt: 56, valid: 0, freq_bias:0.000000, tempr:0.000000, sats_num: 0, qop: 0
11-17 18:36:06.852  2220  2220 W HIGNSS  : FUS:fusion results invalid, flag = 0!
11-17 18:36:06.852  2220  2220 W HIGNSS  : PE_CDPP:[NORMAL]rcvr int time invalid or acc:60000112014 over 15s!
11-17 18:36:06.853  2220  2220 W HIGNSS  : PE_MSA:[MSA_SELECT]the num of sat can be reported is less than 4, report all valid data!
11-17 18:36:06.853  2220  2220 W HIGNSS  : PE_MSA:[MSA-DOPPLER]No location and no acq data, not do doppler consistence!
11-17 18:36:06.853  2220  2220 W HIGNSS  : PE_MSA:[MSA-REPORT] no gnss msr data to be report!
11-17 18:36:06.854  2220  2287 W HIGNSS  : CTL:can't find dst, 0x11110021
11-17 18:36:06.857  2010  2653 I PowerManagerService: handleSandman: wakefulness: 1,startDreaming: false
11-17 18:36:06.886  2010  6392 D HwConnectivityServiceEx: set 10238 NULL value false
11-17 18:36:06.895  4667  4954 E BoosterUtil: convertSubIdToSlotId failed, subId:0, slotId:-1
11-17 18:36:06.895  4667  4954 E BoosterUtil: getDefaultDataSlotId failed, invalid slotId:-1, subId:0
11-17 18:36:07.018  1047  2874 E Thermal-daemon:ambient: UpdateAmbientInformation: is first history!!
11-17 18:36:07.019  1047  2874 E Thermal-daemon:ambient: UpdateAmbientInformation: devCurrent -22, last_avg_current -512, clear history input array
11-17 18:36:07.288 18343 18788 I FWK-BackOffDelayTimerTask: Run task returns: true, with delay: 60
11-17 18:36:07.312    54    54 W migration/7: type=1400 audit(0.0:103150): avc: granted { setsched } for pid=54 scontext=u:r:kernel:s0 tcontext=u:r:kernel:s0 tclass=process
11-17 18:36:07.312    48    48 W migration/6: type=1400 audit(0.0:103151): avc: granted { setsched } for pid=48 scontext=u:r:kernel:s0 tcontext=u:r:kernel:s0 tclass=process
11-17 18:36:07.339 18343 18784 I FWK-BackOffDelayTimerTask: Run task returns: true, with delay: 60
11-17 18:36:07.475  1047  1047 E Thermal-daemon:hw_thermal: [ap] tempNew :39  tempOld :38
11-17 18:36:07.475  1047  1047 E Thermal-daemon:hw_thermal: Report temperature: [ap] temp :39  reportThreshold:1
11-17 18:36:07.536 32634 32655 I van:pushservic: Waiting for a blocking GC ProfileSaver
11-17 18:36:07.568 32634 32655 I van:pushservic: WaitForGcToComplete blocked ProfileSaver on ClassLinker for 32.536ms
11-17 18:36:07.726   882   882 I aptouch_daemon: print_log, touch:1, down:1 (+0)
11-17 18:36:07.733  2010  2653 I PowerManagerService: handleSandman: wakefulness: 1,startDreaming: false
11-17 18:36:07.797   882   882 I aptouch_daemon: print_log, touch:0, down:0
11-17 18:36:07.803 32052 32052 V AudioManager: querySoundEffectsEnabled...
11-17 18:36:07.817 32052 32052 I HWRME LIBHWRME_CLIENT: ResMngAction: check app type: pid=32052;appType=7
11-17 18:36:07.819  2010  2747 D HwConnectivityServiceEx: set 10238 wlan0 value false
11-17 18:36:07.832    48    48 W migration/6: type=1400 audit(0.0:103152): avc: granted { setsched } for pid=48 scontext=u:r:kernel:s0 tcontext=u:r:kernel:s0 tclass=process
11-17 18:36:07.849  2220  2220 W HIGNSS  : LS:[LSQ_SOLUTION] satellite num: 0 < 4
11-17 18:36:07.850  2220  2220 W HIGNSS  : CHR:[TCXO-BIAS-CHANGE] time: 57, cnt: 57, valid: 0, freq_bias:0.000000, tempr:0.000000, sats_num: 0, qop: 0
11-17 18:36:07.850 32052 32052 E cn.missevan: No package ID ff found for ID 0xffffffff.
11-17 18:36:07.850 32052 32052 E cn.missevan: No package ID ff found for ID 0xffffffff.
11-17 18:36:07.851  2220  2220 W HIGNSS  : FUS:fusion results invalid, flag = 0!
11-17 18:36:07.851  2220  2220 W HIGNSS  : PE_CDPP:[NORMAL]rcvr int time invalid or acc:60000114014 over 15s!
11-17 18:36:07.851  2220  2220 W HIGNSS  : PE_MSA:[MSA_SELECT]the num of sat can be reported is less than 4, report all valid data!
11-17 18:36:07.851  2220  2220 W HIGNSS  : PE_MSA:[MSA-DOPPLER]No location and no acq data, not do doppler consistence!
11-17 18:36:07.851  2220  2220 W HIGNSS  : PE_MSA:[MSA-REPORT] no gnss msr data to be report!
11-17 18:36:07.854  2220  2287 W HIGNSS  : CTL:can't find dst, 0x11110021
11-17 18:36:07.858  2010  2653 I PowerManagerService: handleSandman: wakefulness: 1,startDreaming: false
11-17 18:36:07.859 32052 32052 E cn.missevan: No package ID ff found for ID 0xffffffff.
11-17 18:36:07.859 32052 32052 E cn.missevan: No package ID ff found for ID 0xffffffff.
11-17 18:36:07.866 32052 32052 E cn.missevan: No package ID ff found for ID 0xffffffff.
11-17 18:36:07.872 32052 32052 E cn.missevan: No package ID ff found for ID 0xffffffff.
11-17 18:36:07.872    54    54 W migration/7: type=1400 audit(0.0:103153): avc: granted { setsched } for pid=54 scontext=u:r:kernel:s0 tcontext=u:r:kernel:s0 tclass=process
11-17 18:36:07.878 32052 32052 E cn.missevan: No package ID ff found for ID 0xffffffff.
11-17 18:36:07.878 32052 32052 E cn.missevan: No package ID ff found for ID 0xffffffff.
11-17 18:36:07.862  2010  2653 I PowerManagerService: handleSandman: wakefulness: 1,startDreaming: false
11-17 18:36:07.916  4667  4954 E BoosterUtil: convertSubIdToSlotId failed, subId:0, slotId:-1
11-17 18:36:07.916  4667  4954 E BoosterUtil: getDefaultDataSlotId failed, invalid slotId:-1, subId:0
11-17 18:36:07.958  1064  1450 E ScreemCommon: fail to extract lcd fps mode!
11-17 18:36:07.958  1064  1450 W ScreemCommon: ProcessEntry, not beta version or commercial log off
11-17 18:36:07.993 32052 32194 I RmeSchedManager: SetMarginData, input:3, animation:4, traversal:4, util:600, frameRate:60
11-17 18:36:08.021  1052  1076 D AwareLog: iawared: WorkingsetProcessCommand subCmd = 352, userId=10238, pid=32052, cn.missevan/.activity.MainActivity
11-17 18:36:08.022  1052  1076 D AwareLog: iawared: WorkingsetStop cn.missevan/.activity.MainActivity
11-17 18:36:08.069 32052 32052 I RmeSchedManager: SetMarginData, input:3, animation:4, traversal:4, util:600, frameRate:60
11-17 18:36:08.153 32052 32052 I RmeSchedManager: SetMarginData, input:3, animation:4, traversal:4, util:600, frameRate:60
11-17 18:36:08.227 32052 32194 I RmeSchedManager: SetMarginData, input:3, animation:4, traversal:4, util:600, frameRate:60
11-17 18:36:08.272    54    54 W migration/7: type=1400 audit(0.0:103154): avc: granted { setsched } for pid=54 scontext=u:r:kernel:s0 tcontext=u:r:kernel:s0 tclass=process
11-17 18:36:08.293 32052 32194 I RmeSchedManager: SetMarginData, input:3, animation:4, traversal:4, util:600, frameRate:60
11-17 18:36:08.359 32052 32194 I RmeSchedManager: SetMarginData, input:3, animation:4, traversal:4, util:600, frameRate:60
11-17 18:36:08.392    54    54 W migration/7: type=1400 audit(0.0:103155): avc: granted { setsched } for pid=54 scontext=u:r:kernel:s0 tcontext=u:r:kernel:s0 tclass=process
11-17 18:36:08.427 32052 32194 I RmeSchedManager: SetMarginData, input:3, animation:4, traversal:4, util:600, frameRate:60
11-17 18:36:08.494 32052 32194 I RmeSchedManager: SetMarginData, input:3, animation:4, traversal:4, util:600, frameRate:60
11-17 18:36:08.492    54    54 W migration/7: type=1400 audit(0.0:103156): avc: granted { setsched } for pid=54 scontext=u:r:kernel:s0 tcontext=u:r:kernel:s0 tclass=process
11-17 18:36:08.508   882   882 I aptouch_daemon: print_log, touch:1, down:1 (+0)
11-17 18:36:08.512  2010  2653 I PowerManagerService: handleSandman: wakefulness: 1,startDreaming: false
11-17 18:36:08.560 32052 32194 I RmeSchedManager: SetMarginData, input:3, animation:4, traversal:4, util:600, frameRate:60
11-17 18:36:08.614   882   882 I aptouch_daemon: print_log, touch:0, down:0
11-17 18:36:08.616 32052 32052 E cn.missevan: No package ID ff found for ID 0xffffffff.
11-17 18:36:08.616 32052 32052 I Resource: printErrorResource, maybe not an error because module has entative action to load resource.
11-17 18:36:08.616 32052 32052 I Resources_debug: The apk asset path = ApkAssets{path=/system/framework/framework-res.apk}
11-17 18:36:08.616 32052 32052 I Resources_debug: The apk asset path = ApkAssets{path=/system/framework/framework-res-hwext.apk}
11-17 18:36:08.616 32052 32052 I Resources_debug: The apk asset path = ApkAssets{path=/hw_product/overlay/frameworkResOverlay.apk}
11-17 18:36:08.616 32052 32052 I Resources_debug: The apk asset path = ApkAssets{path=/data/app/cn.missevan--JpakSjKEB2_1WCghtg5rg==/base.apk}
11-17 18:36:08.616 32052 32052 I Resources_debug: The apk asset path = ApkAssets{path=/data/app/com.huawei.webview-B0mYPuQe_TfsHqgHcGUBCA==/base.apk}
11-17 18:36:08.622 32052 32052 V AudioManager: querySoundEffectsEnabled...
11-17 18:36:08.691 32198 32225 D ZrHung.AppEyeUiProbe: stop UiProbe
11-17 18:36:08.691 32198 32225 D ZrHung.AppEyeUiProbe: not watching, wait.
11-17 18:36:08.700 32052 32066 W System  : A resource failed to call close.
11-17 18:36:08.743 32052 32052 W View    : requestLayout() improperly called by skin.support.widget.SkinCompatLinearLayout{9b70fc2 V.E...... ......ID 0,240-1176,681 #7f0b084f app:id/ll_parent} during layout: running second layout pass
11-17 18:36:08.743 32052 32052 W View    : requestLayout() improperly called by skin.support.widget.SkinCompatTextView{d5da7eb V.ED..... ......ID 108,24-288,85 #7f0b0f57 app:id/tvTitle} during layout: running second layout pass
11-17 18:36:08.802  1064  1450 E ScreemCommon: fail to extract lcd fps mode!
11-17 18:36:08.802  1064  1450 W ScreemCommon: ProcessEntry, not beta version or commercial log off
11-17 18:36:08.849  2220  2220 W HIGNSS  : LS:[LSQ_SOLUTION] satellite num: 0 < 4
11-17 18:36:08.850  2220  2220 W HIGNSS  : CHR:[TCXO-BIAS-CHANGE] time: 58, cnt: 58, valid: 0, freq_bias:0.000000, tempr:0.000000, sats_num: 0, qop: 0
11-17 18:36:08.851  2220  2220 W HIGNSS  : FUS:fusion results invalid, flag = 0!
11-17 18:36:08.851  2220  2220 W HIGNSS  : PE_CDPP:[NORMAL]rcvr int time invalid or acc:60000116014 over 15s!
11-17 18:36:08.852  2220  2220 W HIGNSS  : PE_MSA:[MSA_SELECT]the num of sat can be reported is less than 4, report all valid data!
11-17 18:36:08.852  2220  2220 W HIGNSS  : PE_MSA:[MSA-DOPPLER]No location and no acq data, not do doppler consistence!
11-17 18:36:08.852  2220  2220 W HIGNSS  : PE_MSA:[MSA-REPORT] no gnss msr data to be report!
11-17 18:36:08.854  2220  2287 W HIGNSS  : CTL:can't find dst, 0x11110021
11-17 18:36:08.930 32294 32325 D ZrHung.AppEyeUiProbe: stop UiProbe
11-17 18:36:08.930 32294 32325 D ZrHung.AppEyeUiProbe: not watching, wait.
11-17 18:36:08.617  2010  2653 I chatty  : uid=1000(system) PowerManagerSer identical 1 line
11-17 18:36:08.856  2010  2653 I PowerManagerService: handleSandman: wakefulness: 1,startDreaming: false
11-17 18:36:08.939  4667  4954 E BoosterUtil: convertSubIdToSlotId failed, subId:0, slotId:-1
11-17 18:36:08.939  4667  4954 E BoosterUtil: getDefaultDataSlotId failed, invalid slotId:-1, subId:0
11-17 18:36:09.052 32353 32404 D ZrHung.AppEyeUiProbe: stop UiProbe
11-17 18:36:09.052 32353 32404 D ZrHung.AppEyeUiProbe: not watching, wait.
11-17 18:36:09.112    54    54 W migration/7: type=1400 audit(0.0:103158): avc: granted { setsched } for pid=54 scontext=u:r:kernel:s0 tcontext=u:r:kernel:s0 tclass=process
11-17 18:36:09.112    48    48 W migration/6: type=1400 audit(0.0:103159): avc: granted { setsched } for pid=48 scontext=u:r:kernel:s0 tcontext=u:r:kernel:s0 tclass=process
11-17 18:36:09.145  2010  4605 D HwConnectivityServiceEx: set 10238 NULL value false
11-17 18:36:09.172    48    48 W migration/6: type=1400 audit(0.0:103160): avc: granted { setsched } for pid=48 scontext=u:r:kernel:s0 tcontext=u:r:kernel:s0 tclass=process
11-17 18:36:09.252    54    54 W migration/7: type=1400 audit(0.0:103161): avc: granted { setsched } for pid=54 scontext=u:r:kernel:s0 tcontext=u:r:kernel:s0 tclass=process
11-17 18:36:09.366  1064  1450 E ScreemCommon: fail to extract lcd fps mode!
11-17 18:36:09.366  1064  1450 W ScreemCommon: ProcessEntry, not beta version or commercial log off
11-17 18:36:09.472    54    54 W migration/7: type=1400 audit(0.0:103162): avc: granted { setsched } for pid=54 scontext=u:r:kernel:s0 tcontext=u:r:kernel:s0 tclass=process
11-17 18:36:09.635  2010  5456 V ActivityManager: startProcess: name=cn.missevan:channel app=null knownToBeDead=true thread=null pid=-1 preloadStatus=-1
11-17 18:36:09.635  2010  5456 I BigFontUtils: adjustAppProcessConfiguration appInfo:cn.missevan
11-17 18:36:09.655   682   682 D Zygote  : Forked child process 546
11-17 18:36:09.655 20109 20278 D MemoryCeilingMonitor: [handleMemoryCalculate]
11-17 18:36:09.656 20109 20278 D MemoryCeilingMonitor: [calculate] tot: 4054120, max: 402653184, free: 1520848, heap: 2533272, per: 0.006291449069976807
11-17 18:36:09.657  2010  2641 I ActivityManager: Start proc 546:cn.missevan:channel/u0a238 for service {cn.missevan/com.taobao.accs.ChannelService}
11-17 18:36:09.666   546   546 E libc    : Access denied finding property "persist.device_config.runtime_native.use_app_image_startup_cache"
11-17 18:36:09.666   546   546 E issevan:channe: LoadAppImageStartupCache enabled : 1
11-17 18:36:09.668   546   546 I issevan:channe: Reinit property: dalvik.vm.checkjni= false
11-17 18:36:09.668   546   546 I issevan:channe: ReInitProperties: persist.vm.debug.dumpapi= false
11-17 18:36:09.671   546   546 E issevan:channe: Not starting debugger since process cannot load the jdwp agent.
11-17 18:36:09.683   546   546 D ActivityThread: Attach thread to application
11-17 18:36:09.697   546   607 I ActivityThread: Init compatible state: true
11-17 18:36:09.698   546   607 D HwFrameworkSecurityPartsFactory: HwFrameworkSecurityPartsFactory in.
11-17 18:36:09.698   546   607 I HwFrameworkSecurityPartsFactory: add HwFrameworkSecurityPartsFactory to memory.
11-17 18:36:09.698   546   607 D BehaviorCollectManager: hook process for AI virus second
11-17 18:36:09.703   546   546 D ApplicationLoaders: createClassLoader zip: /system/framework/org.apache.http.legacy.jar librarySearchPath: /data/app/cn.missevan--JpakSjKEB2_1WCghtg5rg==/lib/arm64:/data/app/cn.missevan--JpakSjKEB2_1WCghtg5rg==/base.apk!/lib/arm64-v8a libraryPermittedPath: /data/user/0/cn.missevan parent: java.lang.BootClassLoader@fa80f32 targetSdkVersion: 28 isBundled: false classLoaderName: null sharedLibraries: null
11-17 18:36:09.705   546   546 I issevan:channe: The ClassLoaderContext is a special shared library.
11-17 18:36:09.705   546   607 I BehaviorCollectManager: bindAnalyzerService: huawei.android.security.IAppBehaviorDataAnalyzer$Stub$Proxy@93d5c08 pid:546
11-17 18:36:09.708   546   546 D ApplicationLoaders: createClassLoader zip: /data/app/cn.missevan--JpakSjKEB2_1WCghtg5rg==/base.apk librarySearchPath: /data/app/cn.missevan--JpakSjKEB2_1WCghtg5rg==/lib/arm64:/data/app/cn.missevan--JpakSjKEB2_1WCghtg5rg==/base.apk!/lib/arm64-v8a libraryPermittedPath: /data/user/0/cn.missevan parent: java.lang.BootClassLoader@fa80f32 targetSdkVersion: 28 isBundled: false classLoaderName: null sharedLibraries: [dalvik.system.PathClassLoader[DexPathList[[zip file "/system/framework/org.apache.http.legacy.jar"],nativeLibraryDirectories=[/data/app/cn.missevan--JpakSjKEB2_1WCghtg5rg==/lib/arm64, /data/app/cn.missevan--JpakSjKEB2_1WCghtg5rg==/base.apk!/lib/arm64-v8a, /system/lib64, /hw_product/lib64, /system/product/lib64]]]]
11-17 18:36:09.724   546   607 I HwApiCacheMangerEx: apicache path=/storage/emulated/0 state=mounted key=cn.missevan#10238#256
11-17 18:36:09.724   546   607 I HwApiCacheMangerEx: need clear apicache,because volumes changed,oldCnt=0 newCnt=1
11-17 18:36:09.725   546   607 I HwApiCacheMangerEx: apicache path=/storage/emulated/0 state=mounted key=cn.missevan#10238#0
11-17 18:36:09.725   546   607 I HwApiCacheMangerEx: need clear apicache,because volumes changed,oldCnt=1 newCnt=1
11-17 18:36:09.751   546   607 I HwPartIawareFactory: add android.common.HwPartIawareFactoryImpl to memory.
11-17 18:36:09.751   546   607 I AwareBitmapCacher: init processName:cn.missevan:channel pid=546 uid=10238
11-17 18:36:09.754   546   546 I StubController: system app validUid:10238, isFriend:false
11-17 18:36:09.754  2010  4605 V ActivityManager: Successfully start provider ContentProviderRecord{13ad090 u0 cn.missevan/net.grandcentrix.tray.provider.TrayContentProvider} launchingApp=null caller pid= 546
11-17 18:36:09.768   546   546 I HwApiCacheMangerEx: apicache path=/storage/emulated/0 state=mounted key=cn.missevan#10238#256
11-17 18:36:09.768   546   546 I HwApiCacheMangerEx: need clear apicache,because volumes changed,oldCnt=1 newCnt=1
11-17 18:36:09.847   505   505 E SELinux : avc:  denied  { find } for interface=vendor.huawei.hardware.sensors::ISensors sid=u:r:untrusted_app_27:s0:c238,c256,c512,c768 pid=546 scontext=u:r:untrusted_app_27:s0:c238,c256,c512,c768 tcontext=u:object_r:default_hisi_hwservice:s0 tclass=hwservice_manager permissive=0
11-17 18:36:09.851  2220  2220 W HIGNSS  : LS:[LSQ_SOLUTION] satellite num: 0 < 4
11-17 18:36:09.852  2220  2220 W HIGNSS  : CHR:[TCXO-BIAS-CHANGE] time: 59, cnt: 59, valid: 0, freq_bias:0.000000, tempr:0.000000, sats_num: 0, qop: 0
11-17 18:36:09.853  2220  2220 W HIGNSS  : FUS:fusion results invalid, flag = 0!
11-17 18:36:09.854  2220  2220 W HIGNSS  : PE_CDPP:[NORMAL]rcvr int time invalid or acc:60000118016 over 15s!
11-17 18:36:09.855  2220  2220 W HIGNSS  : PE_MSA:[MSA_SELECT]the num of sat can be reported is less than 4, report all valid data!
11-17 18:36:09.855  2220  2220 W HIGNSS  : PE_MSA:[MSA-DOPPLER]No location and no acq data, not do doppler consistence!
11-17 18:36:09.855  2220  2220 W HIGNSS  : PE_MSA:[MSA-REPORT] no gnss msr data to be report!
11-17 18:36:09.857  2220  2287 W HIGNSS  : CTL:can't find dst, 0x11110021
11-17 18:36:09.866  2010  2653 I PowerManagerService: handleSandman: wakefulness: 1,startDreaming: false
11-17 18:36:09.890   546   546 I HwApiCacheMangerEx: apicache path=/storage/emulated/0 state=mounted key=cn.missevan#10238#0
11-17 18:36:09.891   546   546 I HwApiCacheMangerEx: need clear apicache,because volumes changed,oldCnt=1 newCnt=1
11-17 18:36:09.891   546   546 I HwApiCacheMangerEx: apicache path=/storage/emulated/0 state=mounted key=cn.missevan#10238#256
11-17 18:36:09.891   546   546 I HwApiCacheMangerEx: need clear apicache,because volumes changed,oldCnt=1 newCnt=1
11-17 18:36:09.868  2010  2653 I PowerManagerService: handleSandman: wakefulness: 1,startDreaming: false
11-17 18:36:09.914  2010  5456 V ActivityManager: Successfully start provider ContentProviderRecord{13ad0d8 u0 cn.missevan/com.umeng.message.component.UmengMessageProvider} launchingApp=null caller pid= 546
11-17 18:36:09.935  2010  5456 V ActivityManager: Successfully start provider ContentProviderRecord{127f036 u0 com.android.providers.settings/.hwext.HwSettingsProvider} launchingApp=null caller pid= 546
11-17 18:36:09.943   546   546 D NetworkSecurityConfig: Using Network Security Config from resource network_security_config debugBuild: false
11-17 18:36:09.967  4667  4954 E BoosterUtil: convertSubIdToSlotId failed, subId:0, slotId:-1
11-17 18:36:09.967  4667  4954 E BoosterUtil: getDefaultDataSlotId failed, invalid slotId:-1, subId:0
11-17 18:36:09.969  2010  3970 I chatty  : uid=1000(system) wifipro_feature expire 56 lines
11-17 18:36:10.008  2010  4605 D HwConnectivityServiceEx: set 10238 wlan0 value false
11-17 18:36:10.028   546   546 I HwTypeface: updateFont: scale=1.0
11-17 18:36:10.028   546   546 D SystemFonts: areFontsVariable: script=Hans
11-17 18:36:10.029   546   546 I ActivityThread: finishPreloaded preloadStatus 0
11-17 18:36:10.034  2010  2647 D ActivityManager: setPrivilegeType r: ServiceRecord{12ec769 u0 cn.missevan/com.taobao.accs.ChannelService}, interfaceDescriptor : android.os.IMessenger
11-17 18:36:10.040 19377 32083 I HiAdKit.OpenDeviceIdentifierServiceImpl:  get oaid from:cn.missevan
11-17 18:36:10.041  2010  2647 D ActivityManager: setPrivilegeType r: ServiceRecord{12ec6e9 u0 cn.missevan/com.umeng.message.component.UmengIntentService}, interfaceDescriptor : android.os.IMessenger
11-17 18:36:10.041 19377 19420 I HiAdKit.SystemUtil:  isDeviceProvisioned: true
11-17 18:36:10.042  2010  2647 D ActivityManager: setPrivilegeType r: ServiceRecord{12ec769 u0 cn.missevan/com.taobao.accs.ChannelService}, interfaceDescriptor : android.os.IMessenger
11-17 18:36:10.042  2010  2647 D ActivityManager: setPrivilegeType r: ServiceRecord{12ec6e9 u0 cn.missevan/com.umeng.message.component.UmengIntentService}, interfaceDescriptor : android.os.IMessenger
11-17 18:36:10.046 19377 19420 I HiAdKit.HiAdTools:  Target provider service's package name is : com.huawei.hwid
11-17 18:36:10.047  2010  5456 V ActivityManager: Successfully start provider ContentProviderRecord{116fdc2 u0 com.huawei.hwid/com.huawei.hms.fwkit.kams.provideragent.StubContentProvider} launchingApp=null caller pid= 19377
11-17 18:36:10.051 20069  8579 I fwkit_AbsContentProvider: [I/fwkit/fwkit_AbsContentProvider 20069:10076 AbsContentProvider.java:54] KitProcessAgentCoreProvider; callerPackage: com.huawei.hwid; method: query; uri: content://com.huawei.hms.runtimekit.kitcontainerservice.KitProcessAgentCoreProvider/com.huawei.hwid.pps.oaid/oaid/query
11-17 18:36:10.051 20069  8579 I HiAdKit.DC.OaidDataProvider:  query code: 1
11-17 18:36:10.051   546   662 D HwCustConnectivityManagerImpl: isBlockNetworkRequestByNonAis, INVALID_SUBSCRIPTION_ID
11-17 18:36:10.051   546   662 I ConnectivityManager: requestNetwork and the calling app is: cn.missevan
11-17 18:36:10.052  2010  6392 I ConnectivityService: requestNetwork for uid/pid:10238/546 NetworkRequest [ TRACK_DEFAULT id=1374, [ Capabilities: INTERNET&NOT_RESTRICTED&TRUSTED Uid: 10238 DNN:  SSCMODE: 0 SNSSAI:  PduSessionType: 0 RouteBitmap: 0] ]
11-17 18:36:10.053  2010  3889 I ConnectivityService: rematching NetworkAgentInfo [WIFI () - 107]
11-17 18:36:10.054  2010  3889 I ConnectivityService: CS = 0, NS = 60
11-17 18:36:10.054  2010  3889 I ConnectivityService: rematch for NetworkAgentInfo [WIFI () - 107]
11-17 18:36:10.055  2010  3889 I ConnectivityService: NetworkAgentInfo [WIFI () - 107] NC all is: 1369 8 4 47 1370 21 9 28 25 1367 10 14 33 1346 1364 1 12 758 54
11-17 18:36:10.056  4760  4760 D PhoneSwitcherNetworkRequstListener: got request NetworkRequest [ TRACK_DEFAULT id=1374, [ Capabilities: INTERNET&NOT_RESTRICTED&TRUSTED Uid: 10238 DNN:  SSCMODE: 0 SNSSAI:  PduSessionType: 0 RouteBitmap: 0] ] with score 60 and serial -1
11-17 18:36:10.057  4760  4760 D PhoneSwitcherNetworkRequstListener: got request NetworkRequest [ TRACK_DEFAULT id=1374, [ Capabilities: INTERNET&NOT_RESTRICTED&TRUSTED Uid: 10238 DNN:  SSCMODE: 0 SNSSAI:  PduSessionType: 0 RouteBitmap: 0] ] with score 60 and serial -1
11-17 18:36:10.057  2010  3880 I chatty  : uid=1000(system) ClientModeImpl expire 11 lines
11-17 18:36:10.127  2010  3879 I chatty  : uid=1000(system) WifiService expire 52 lines
11-17 18:36:10.230  1059 18693 D aiserver: IgsService fusionId:4, notifyType:0
11-17 18:36:10.231  1059 18693 I aiserver: #IgsEventManager#GetParsersByFusionType fusionId:4,notifyType:0
11-17 18:36:10.231  1059 18693 I aiserver: #IgsEventManager#SmartScreenParser::parseFusionResult begin....
11-17 18:36:10.231  1059 18693 I aiserver: IgsRegisterParamManager reportRPVecotor size = 1
11-17 18:36:10.231  1059 18693 I aiserver: #IgsEventManager# SmartScreenParser: event_id:5, event_msg=faceDirection:-2
11-17 18:36:10.231  1059 18693 I aiserver: IgsService IgsEventThread eventId =5
11-17 18:36:10.231  1059 18693 I aiserver: IgsService IgsEventThread Find listener,pid=6950, eventId=5
11-17 18:36:10.234  1059 18693 I aiserver: IgsService onIgsEventDoneV2 call
11-17 18:36:10.234  6950 18691 I swingclient: IgsListenerProxy::onIgsEventDoneV2
11-17 18:36:10.234  6950 18691 D HWSWINGCA: -----onSwingEventDone----
11-17 18:36:10.234  6950 18691 I CAWARENESS_SwingManager: onSwingEventDone eventId = 5 eventStr=faceDirection:-2
11-17 18:36:10.235  6950 18691 I CAWARENESS_AbilityContext: [1668681371067] publishing {dataId=100000093, mode=0}
11-17 18:36:10.235  6950 18691 I CAWARENESS_AbilityContext: [1668681371067] deliver {dataId=100000093, mode=0} to 1 receivers
11-17 18:36:10.235  6950 18691 I swingclient: IgsListenerProxy::onIgsEventDone eventId = 5
11-17 18:36:10.236  6950   679 I CAWARENESS_CompatibleFenceTrigger: fenceName 13 pid 2010 uid 1000
11-17 18:36:10.236  6950   679 I CAWARENESS_CacheReportDataService: insertData
11-17 18:36:10.236  6950  7857 I CAWARENESS_CompatibleFenceTrigger: triggerForSwing with IAwarenessListener
11-17 18:36:10.237  2010  4605 I HwSwingFaceRotationHub: handleFenceResult FaceDirection -2
11-17 18:36:10.237  2010  2620 D HwWindowManagerServiceEx: notifySwingRotation rotation:-2
11-17 18:36:10.238  2010  2620 I HwDisplayRotationEx: swingRotationForSensor desireRotation 0 swingRotation -2 sensorRotation -1 lastRotation 0
11-17 18:36:10.238  2010  2620 I HwWindowManagerServiceEx: setLandAnimationInfo : false
11-17 18:36:10.239  6950   680 I CAWARENESS_AwarenessSQLiteDatabase: insert recId is 40385
11-17 18:36:10.239  6950   680 I CAWARENESS_CacheReportDataService: Current count 119
11-17 18:36:10.352    54    54 W migration/7: type=1400 audit(0.0:103172): avc: granted { setsched } for pid=54 scontext=u:r:kernel:s0 tcontext=u:r:kernel:s0 tclass=process
11-17 18:36:10.352    48    48 W migration/6: type=1400 audit(0.0:103173): avc: granted { setsched } for pid=48 scontext=u:r:kernel:s0 tcontext=u:r:kernel:s0 tclass=process
11-17 18:36:10.388   882   882 I aptouch_daemon: check_afe_status, idle in. 133
11-17 18:36:10.504   681   681 I netd    : trafficSwapActiveStatsMap() <0.52ms>
11-17 18:36:10.851  2220  2220 W HIGNSS  : LS:[LSQ_SOLUTION] satellite num: 0 < 4
11-17 18:36:10.852  2220  2220 W HIGNSS  : CHR:[TCXO-BIAS-CHANGE] time: 60, cnt: 60, valid: 0, freq_bias:0.000000, tempr:0.000000, sats_num: 0, qop: 0
11-17 18:36:10.854  2220  2220 W HIGNSS  : FUS:fusion results invalid, flag = 0!
