06-21 15:40:42.104  2055  3327 I libsensor-displayalgo: the value of  CAL REAL LUX208.651932
06-21 15:40:42.106  2423  4492 I WindowManagerService: Physical orientation applied, rotation=0 sfOrientation=ORIENTATION_0
06-21 15:40:42.107  1289 14936 I SDM     : HWCSession::ProcessRequests: Successfully configured CWB buffer.
06-21 15:40:42.108 13579 14694 I CCodecBufferChannel: pipelineRoom(2) is <= numClientBuffers(2). Not signalling any more buffers to client
06-21 15:40:42.109 13579 14694 I CCodecBufferChannel: pipelineRoom(2) is <= numClientBuffers(2). Not signalling any more buffers to client
06-21 15:40:42.112 13579 14923 I CCodecBufferChannel: pipelineRoom(2) is <= numClientBuffers(2). Not signalling any more buffers to client
06-21 15:40:42.112 13579 14694 I CCodecBufferChannel: pipelineRoom(2) is <= numClientBuffers(2). Not signalling any more buffers to client
06-21 15:40:42.119  1289 14936 I SDM     : HWCSession::ProcessRequests: Pushing release fence in fenece wait queue.
06-21 15:40:42.119  1289 14936 I SDM     : HWCSession::ProcessRequests: Creating AsyncFenceWaits async thread.
06-21 15:40:42.121  1289 14936 I SDM     : HWCSession::ProcessRequests: Remove current CWB request from the pending request queue.
06-21 15:40:42.122  1289 14936 I SDM     : HWCSession::ProcessRequests: No pending cwb requests found in the queue.
06-21 15:40:42.126  1289  1506 I SDM     : HWDeviceDRM::SetupConcurrentWriteback: Tear down the Concurrent Writeback topology
06-21 15:40:42.133  1289 14937 I SDM     : HWCSession::NotifyCWBStatus: Notify the client about buffer status 0.
06-21 15:40:42.133  1289 14937 I SDM     : HWCSession::PerformFenceWaits: Remove current release fence from the pending fence wait queue.
06-21 15:40:42.133  1289 14937 I SDM     : HWCSession::PerformFenceWaits: CWB fence queue is empty. No pending release fence to wait on.
06-21 15:40:42.213  2423  4492 I WindowManagerService: Physical orientation applied, rotation=0 sfOrientation=ORIENTATION_0
06-21 15:40:42.313  2423  4492 I WindowManagerService: Physical orientation applied, rotation=0 sfOrientation=ORIENTATION_0
06-21 15:40:42.325  5322 25217 W MiuiPerfServiceClient: interceptAndQueuing:13334|cn.missevan|61|42|74210067157939|Slow handle traversal|3
06-21 15:40:42.327  5322 25217 W MiuiPerfServiceClient: interceptAndQueuing:13334|cn.missevan|285|56|74210529993043|Slow main thread|11
06-21 15:40:42.337 13579 14694 I CCodecBufferChannel: pipelineRoom(2) is <= numClientBuffers(3). Not signalling any more buffers to client
06-21 15:40:42.338 13579 14923 I CCodecBufferChannel: pipelineRoom(2) is <= numClientBuffers(2). Not signalling any more buffers to client
06-21 15:40:42.339 13579 14694 I CCodecBufferChannel: pipelineRoom(2) is <= numClientBuffers(2). Not signalling any more buffers to client
06-21 15:40:42.340 13579 14923 I CCodecBufferChannel: pipelineRoom(3) is <= numClientBuffers(3). Not signalling any more buffers to client
06-21 15:40:42.346  5790 14929 I SafeBinderCall: onPositionChange binder cost:0
06-21 15:40:42.347 13257 13297 I appium  : channel read: POST /wd/hub/session/1d2a3f75-c72b-4169-80d4-473b93e1be2e/actions
06-21 15:40:42.346  4190  4190 D MiPlayDetailViewModel: onPositionChange(): position = 986
06-21 15:40:42.348 13257 13297 I appium  : W3CActions command
06-21 15:40:42.403  2055  3327 D libsensor-displayalgo: the value of  brightness:438.000000,R:70082218.666920,G:66168129.876803,B:70381242.575963,EVENT_C:6515.000000,EVENT_R:2535.000000,EVENT_G:3278.000000,EVENT_B:1318.000000
06-21 15:40:42.404  2055  3327 I libsensor-displayalgo: the value of  Coef1:1107.681000,Coef4:2.383000, scale1:0.935522, scale4:0.923264
06-21 15:40:42.404  2055  3327 E libsensor-displayalgo: RGB_test_0407_400_oldzy!
06-21 15:40:42.404  2055  3327 I libsensor-displayalgo: the value of  RESULT2840.604491,1133.565499,1371.634173,512.833554
06-21 15:40:42.405  2055  3327 I libsensor-displayalgo: the value of  getChannelDataCalibrated2978.218736,1049.900145,1594.256132,559.723314
06-21 15:40:42.405  2055  3327 I libsensor-displayalgo: the value of  REAL LUX208.627670
06-21 15:40:42.405  2055  3327 I libsensor-displayalgo: the value of  CAL REAL LUX208.627670
06-21 15:40:42.405  1289  2256 I vendor.qti.hardware.display.composer-service: FrameNotifyProcess Sensor: notify citsensorservice to trigger cwb
06-21 15:40:42.406  2055  2137 I libcitsensorservice@2.0-impl: msg_transfer
06-21 15:40:42.406  2055  3319 D vendor.xiaomi.sensor.citsensorservice@2.0-service: handle id:11 wxh:1280x2400 uwxuh:1080x2400 size: 9216000 fd:15 fd_meta:16 flags:0x4000228 usage:0x33  format:0x3 layer_count: 1
06-21 15:40:42.407  1289  1865 I SDM     : HWCSession::SetCWBOutputBuffer: CWB config passed by cwb_client : tappoint 1  CWB_ROI : (829.000000 4.000000 915.000000 90.000000)
06-21 15:40:42.408  1289 14938 I SDM     : HWCSession::ProcessRequests: Successfully configured CWB buffer.
06-21 15:40:42.416  1289 14938 I SDM     : HWCSession::ProcessRequests: Pushing release fence in fenece wait queue.
06-21 15:40:42.416  1289 14938 I SDM     : HWCSession::ProcessRequests: Creating AsyncFenceWaits async thread.
06-21 15:40:42.416  1289 14938 I SDM     : HWCSession::ProcessRequests: Remove current CWB request from the pending request queue.
06-21 15:40:42.416  1289 14938 I SDM     : HWCSession::ProcessRequests: No pending cwb requests found in the queue.
06-21 15:40:42.417  2423  5922 I WindowManagerService: Physical orientation applied, rotation=0 sfOrientation=ORIENTATION_0
06-21 15:40:42.422  1289  1506 I SDM     : HWDeviceDRM::SetupConcurrentWriteback: Tear down the Concurrent Writeback topology
06-21 15:40:42.426 13579 14694 I CCodecBufferChannel: pipelineRoom(2) is <= numClientBuffers(3). Not signalling any more buffers to client
06-21 15:40:42.427 13579 14923 I CCodecBufferChannel: pipelineRoom(2) is <= numClientBuffers(2). Not signalling any more buffers to client
06-21 15:40:42.429  1289 14939 I SDM     : HWCSession::NotifyCWBStatus: Notify the client about buffer status 0.
06-21 15:40:42.429  1289 14939 I SDM     : HWCSession::PerformFenceWaits: Remove current release fence from the pending fence wait queue.
06-21 15:40:42.429  1289 14939 I SDM     : HWCSession::PerformFenceWaits: CWB fence queue is empty. No pending release fence to wait on.
06-21 15:40:42.517  2423  5922 I WindowManagerService: Physical orientation applied, rotation=0 sfOrientation=ORIENTATION_0
06-21 15:40:42.538 13579 14694 I CCodecBufferChannel: pipelineRoom(2) is <= numClientBuffers(2). Not signalling any more buffers to client
06-21 15:40:42.541 13579 14923 I CCodecBufferChannel: pipelineRoom(1) is <= numClientBuffers(1). Not signalling any more buffers to client
06-21 15:40:42.541 13579 14694 I CCodecBufferChannel: pipelineRoom(1) is <= numClientBuffers(1). Not signalling any more buffers to client
06-21 15:40:42.616  2423  5922 I WindowManagerService: Physical orientation applied, rotation=0 sfOrientation=ORIENTATION_0
06-21 15:40:42.634  2423  4492 D MIUIInput: Input event injection from pid 13242, MotionEvent: DOWN
06-21 15:40:42.635  2423  3213 D MIUIInput: [MotionEvent] publisher action=0x4, 74211569, channel 'f33ef00 NavigationBar0 (server)'
06-21 15:40:42.635  2423  3213 D MIUIInput: [MotionEvent] publisher action=0x0, 74211569, channel '3a63790 cn.missevan/cn.missevan.activity.MainActivity (server)'
06-21 15:40:42.636 13334 13334 D MIUIInput: [MotionEvent] ViewRootImpl windowName 'cn.missevan/cn.missevan.activity.MainActivity', { action=ACTION_DOWN, id[0]=0, pointerCount=1, eventTime=74211569, downTime=74211568, phoneEventTime=15:40:42.612 } moveCount:0
06-21 15:40:42.639 13257 13297 I appium  : [74211569 (success)] Synthesized: MotionEvent { action=ACTION_DOWN, actionButton=0, id[0]=0, x[0]=540.0, y[0]=1692.0, toolType[0]=TOOL_TYPE_FINGER, buttonState=0, classification=NONE, metaState=0, flags=0x0, edgeFlags=0x0, pointerCount=1, historySize=0, eventTime=74211569, downTime=74211568, deviceId=0, source=0x1002, displayId=0, eventId=-184749312 }
06-21 15:40:42.639 13257 13297 I appium  : The event has been delayed for 27ms
06-21 15:40:42.656 13579 14694 I CCodecBufferChannel: pipelineRoom(1) is <= numClientBuffers(2). Not signalling any more buffers to client
06-21 15:40:42.656 13579 14923 I CCodecBufferChannel: pipelineRoom(1) is <= numClientBuffers(1). Not signalling any more buffers to client
06-21 15:40:42.659 13579 14694 I CCodecBufferChannel: pipelineRoom(2) is <= numClientBuffers(2). Not signalling any more buffers to client
06-21 15:40:42.703  2055  3327 D libsensor-displayalgo: the value of  brightness:438.000000,R:70082218.666920,G:66168129.876803,B:70381242.575963,EVENT_C:6511.500000,EVENT_R:2535.000000,EVENT_G:3275.500000,EVENT_B:1316.000000
06-21 15:40:42.704  2055  3327 I libsensor-displayalgo: the value of  Coef1:1107.681000,Coef4:2.383000, scale1:0.935522, scale4:0.923264
06-21 15:40:42.704  2055  3327 E libsensor-displayalgo: RGB_test_0407_400_oldzy!
06-21 15:40:42.704  2055  3327 I libsensor-displayalgo: the value of  RESULT2840.604491,1133.565499,1371.634173,512.833554
06-21 15:40:42.704  2055  3327 I libsensor-displayalgo: the value of  getChannelDataCalibrated2978.218736,1049.900145,1594.256132,559.723314
06-21 15:40:42.704  2055  3327 I libsensor-displayalgo: the value of  REAL LUX208.429398
06-21 15:40:42.704  2055  3327 I libsensor-displayalgo: the value of  CAL REAL LUX208.429398
06-21 15:40:42.709  1289  2256 I vendor.qti.hardware.display.composer-service: FrameNotifyProcess Sensor: notify citsensorservice to trigger cwb
06-21 15:40:42.710  2055  2137 I libcitsensorservice@2.0-impl: msg_transfer
06-21 15:40:42.710  2055  3319 D vendor.xiaomi.sensor.citsensorservice@2.0-service: handle id:11 wxh:1280x2400 uwxuh:1080x2400 size: 9216000 fd:15 fd_meta:16 flags:0x4000228 usage:0x33  format:0x3 layer_count: 1
06-21 15:40:42.710  1289  1865 I SDM     : HWCSession::SetCWBOutputBuffer: CWB config passed by cwb_client : tappoint 1  CWB_ROI : (829.000000 4.000000 915.000000 90.000000)
06-21 15:40:42.711  1289 14940 I SDM     : HWCSession::ProcessRequests: Successfully configured CWB buffer.
06-21 15:40:42.719  2423  5922 I WindowManagerService: Physical orientation applied, rotation=0 sfOrientation=ORIENTATION_0
06-21 15:40:42.719  1289 14940 I SDM     : HWCSession::ProcessRequests: Pushing release fence in fenece wait queue.
06-21 15:40:42.719  1289 14940 I SDM     : HWCSession::ProcessRequests: Creating AsyncFenceWaits async thread.
06-21 15:40:42.720  1289 14940 I SDM     : HWCSession::ProcessRequests: Remove current CWB request from the pending request queue.
06-21 15:40:42.720  1289 14940 I SDM     : HWCSession::ProcessRequests: No pending cwb requests found in the queue.
06-21 15:40:42.726  1289  1506 I SDM     : HWDeviceDRM::SetupConcurrentWriteback: Tear down the Concurrent Writeback topology
06-21 15:40:42.733  1289 14941 I SDM     : HWCSession::NotifyCWBStatus: Notify the client about buffer status 0.
06-21 15:40:42.734  1289 14941 I SDM     : HWCSession::PerformFenceWaits: Remove current release fence from the pending fence wait queue.
06-21 15:40:42.734  1289 14941 I SDM     : HWCSession::PerformFenceWaits: CWB fence queue is empty. No pending release fence to wait on.
06-21 15:40:42.781 13579 14694 I CCodecBufferChannel: pipelineRoom(1) is <= numClientBuffers(2). Not signalling any more buffers to client
06-21 15:40:42.782 13579 14923 I CCodecBufferChannel: pipelineRoom(1) is <= numClientBuffers(1). Not signalling any more buffers to client
06-21 15:40:42.831  2423  5922 I WindowManagerService: Physical orientation applied, rotation=0 sfOrientation=ORIENTATION_0
06-21 15:40:42.863 13579 14694 I CCodecBufferChannel: pipelineRoom(1) is <= numClientBuffers(2). Not signalling any more buffers to client
06-21 15:40:42.865 13579 14923 I CCodecBufferChannel: pipelineRoom(1) is <= numClientBuffers(1). Not signalling any more buffers to client
06-21 15:40:42.867 13579 14694 I CCodecBufferChannel: pipelineRoom(1) is <= numClientBuffers(1). Not signalling any more buffers to client
06-21 15:40:42.941  2423  5922 I WindowManagerService: Physical orientation applied, rotation=0 sfOrientation=ORIENTATION_0
06-21 15:40:42.979 13579 14694 I CCodecBufferChannel: pipelineRoom(1) is <= numClientBuffers(2). Not signalling any more buffers to client
06-21 15:40:42.980 13579 14923 I CCodecBufferChannel: pipelineRoom(1) is <= numClientBuffers(1). Not signalling any more buffers to client
06-21 15:40:42.984 13579 14694 I CCodecBufferChannel: pipelineRoom(1) is <= numClientBuffers(2). Not signalling any more buffers to client
06-21 15:40:42.984 13579 14923 I CCodecBufferChannel: pipelineRoom(1) is <= numClientBuffers(1). Not signalling any more buffers to client
06-21 15:40:43.003  2055  3327 D libsensor-displayalgo: the value of  brightness:438.000000,R:70082218.666920,G:66168129.876803,B:70381242.575963,EVENT_C:6509.000000,EVENT_R:2534.500000,EVENT_G:3275.500000,EVENT_B:1316.500000
06-21 15:40:43.004  2055  3327 I libsensor-displayalgo: the value of  Coef1:1107.681000,Coef4:2.383000, scale1:0.935522, scale4:0.923264
06-21 15:40:43.004  2055  3327 E libsensor-displayalgo: RGB_test_0407_400_oldzy!
06-21 15:40:43.005  2055  3327 I libsensor-displayalgo: the value of  RESULT2840.604491,1133.565499,1371.634173,512.833554
06-21 15:40:43.006  2055  3327 I libsensor-displayalgo: the value of  getChannelDataCalibrated2978.218736,1049.900145,1594.256132,559.723314
06-21 15:40:43.006  2055  3327 I libsensor-displayalgo: the value of  REAL LUX208.231186
06-21 15:40:43.006  2055  3327 I libsensor-displayalgo: the value of  CAL REAL LUX208.231186
06-21 15:40:43.014  1289  2256 I vendor.qti.hardware.display.composer-service: FrameNotifyProcess Sensor: notify citsensorservice to trigger cwb
06-21 15:40:43.015  2055  3808 I libcitsensorservice@2.0-impl: msg_transfer
06-21 15:40:43.015  2055  3319 D vendor.xiaomi.sensor.citsensorservice@2.0-service: handle id:11 wxh:1280x2400 uwxuh:1080x2400 size: 9216000 fd:15 fd_meta:16 flags:0x4000228 usage:0x33  format:0x3 layer_count: 1
06-21 15:40:43.015  1289  1865 I SDM     : HWCSession::SetCWBOutputBuffer: CWB config passed by cwb_client : tappoint 1  CWB_ROI : (829.000000 4.000000 915.000000 90.000000)
06-21 15:40:43.016  1289 14942 I SDM     : HWCSession::ProcessRequests: Successfully configured CWB buffer.
06-21 15:40:43.024  1289 14942 I SDM     : HWCSession::ProcessRequests: Pushing release fence in fenece wait queue.
06-21 15:40:43.024  1289 14942 I SDM     : HWCSession::ProcessRequests: Creating AsyncFenceWaits async thread.
06-21 15:40:43.024  1289 14942 I SDM     : HWCSession::ProcessRequests: Remove current CWB request from the pending request queue.
06-21 15:40:43.025  1289 14942 I SDM     : HWCSession::ProcessRequests: No pending cwb requests found in the queue.
06-21 15:40:43.031  1289  1506 I SDM     : HWDeviceDRM::SetupConcurrentWriteback: Tear down the Concurrent Writeback topology
06-21 15:40:43.036  2423  4492 I WindowManagerService: Physical orientation applied, rotation=0 sfOrientation=ORIENTATION_0
06-21 15:40:43.038  1289 14943 I SDM     : HWCSession::NotifyCWBStatus: Notify the client about buffer status 0.
06-21 15:40:43.038  1289 14943 I SDM     : HWCSession::PerformFenceWaits: Remove current release fence from the pending fence wait queue.
06-21 15:40:43.038  1289 14943 I SDM     : HWCSession::PerformFenceWaits: CWB fence queue is empty. No pending release fence to wait on.
06-21 15:40:43.103 13579 14923 I CCodecBufferChannel: pipelineRoom(1) is <= numClientBuffers(1). Not signalling any more buffers to client
06-21 15:40:43.104 13579 14694 I CCodecBufferChannel: pipelineRoom(1) is <= numClientBuffers(1). Not signalling any more buffers to client
06-21 15:40:43.149  2423  4492 I WindowManagerService: Physical orientation applied, rotation=0 sfOrientation=ORIENTATION_0
06-21 15:40:43.223 13579 14694 I CCodecBufferChannel: pipelineRoom(1) is <= numClientBuffers(2). Not signalling any more buffers to client
06-21 15:40:43.223 13579 14923 I CCodecBufferChannel: pipelineRoom(1) is <= numClientBuffers(1). Not signalling any more buffers to client
06-21 15:40:43.239  2423  5922 I WindowManagerService: Physical orientation applied, rotation=0 sfOrientation=ORIENTATION_0
06-21 15:40:43.301 13579 14694 I CCodecBufferChannel: pipelineRoom(1) is <= numClientBuffers(2). Not signalling any more buffers to client
06-21 15:40:43.303  2055  3327 D libsensor-displayalgo: the value of  brightness:438.000000,R:70082218.666920,G:66168129.876803,B:70381242.575963,EVENT_C:6509.000000,EVENT_R:2535.000000,EVENT_G:3277.500000,EVENT_B:1316.000000
06-21 15:40:43.304  2055  3327 I libsensor-displayalgo: the value of  Coef1:1107.681000,Coef4:2.383000, scale1:0.935522, scale4:0.923264
06-21 15:40:43.304  2055  3327 E libsensor-displayalgo: RGB_test_0407_400_oldzy!
06-21 15:40:43.304  2055  3327 I libsensor-displayalgo: the value of  RESULT2840.604491,1133.565499,1371.634173,512.833554
06-21 15:40:43.304  2055  3327 I libsensor-displayalgo: the value of  getChannelDataCalibrated2978.218736,1049.900145,1594.256132,559.723314
06-21 15:40:43.304  2055  3327 I libsensor-displayalgo: the value of  REAL LUX208.343964
06-21 15:40:43.304  2055  3327 I libsensor-displayalgo: the value of  CAL REAL LUX208.343964
06-21 15:40:43.305 13579 14923 I CCodecBufferChannel: pipelineRoom(1) is <= numClientBuffers(1). Not signalling any more buffers to client
06-21 15:40:43.318  1289  2256 I vendor.qti.hardware.display.composer-service: FrameNotifyProcess Sensor: notify citsensorservice to trigger cwb
06-21 15:40:43.319  2055  2137 I libcitsensorservice@2.0-impl: msg_transfer
06-21 15:40:43.319  2055  3319 D vendor.xiaomi.sensor.citsensorservice@2.0-service: handle id:11 wxh:1280x2400 uwxuh:1080x2400 size: 9216000 fd:15 fd_meta:16 flags:0x4000228 usage:0x33  format:0x3 layer_count: 1
06-21 15:40:43.319  1289  1865 I SDM     : HWCSession::SetCWBOutputBuffer: CWB config passed by cwb_client : tappoint 1  CWB_ROI : (829.000000 4.000000 915.000000 90.000000)
06-21 15:40:43.320  1289 14944 I SDM     : HWCSession::ProcessRequests: Successfully configured CWB buffer.
06-21 15:40:43.329  1289 14944 I SDM     : HWCSession::ProcessRequests: Pushing release fence in fenece wait queue.
06-21 15:40:43.329  1289 14944 I SDM     : HWCSession::ProcessRequests: Creating AsyncFenceWaits async thread.
06-21 15:40:43.330  1289 14944 I SDM     : HWCSession::ProcessRequests: Remove current CWB request from the pending request queue.
06-21 15:40:43.330  1289 14944 I SDM     : HWCSession::ProcessRequests: No pending cwb requests found in the queue.
06-21 15:40:43.335  1289  1506 I SDM     : HWDeviceDRM::SetupConcurrentWriteback: Tear down the Concurrent Writeback topology
06-21 15:40:43.341  2423  4492 I WindowManagerService: Physical orientation applied, rotation=0 sfOrientation=ORIENTATION_0
06-21 15:40:43.342  1289 14945 I SDM     : HWCSession::NotifyCWBStatus: Notify the client about buffer status 0.
06-21 15:40:43.343  1289 14945 I SDM     : HWCSession::PerformFenceWaits: Remove current release fence from the pending fence wait queue.
06-21 15:40:43.343  1289 14945 I SDM     : HWCSession::PerformFenceWaits: CWB fence queue is empty. No pending release fence to wait on.
06-21 15:40:43.346  5790 14929 I SafeBinderCall: onPositionChange binder cost:0
06-21 15:40:43.346  4190  4190 D MiPlayDetailViewModel: onPositionChange(): position = 1986
06-21 15:40:43.420 13579 14694 I CCodecBufferChannel: pipelineRoom(2) is <= numClientBuffers(3). Not signalling any more buffers to client
06-21 15:40:43.421 13579 14923 I CCodecBufferChannel: pipelineRoom(2) is <= numClientBuffers(2). Not signalling any more buffers to client
06-21 15:40:43.446  2423  3451 I WindowManagerService: Physical orientation applied, rotation=0 sfOrientation=ORIENTATION_0
06-21 15:40:43.543 13579 14694 I CCodecBufferChannel: pipelineRoom(2) is <= numClientBuffers(3). Not signalling any more buffers to client
06-21 15:40:43.543 13579 14923 I CCodecBufferChannel: pipelineRoom(2) is <= numClientBuffers(2). Not signalling any more buffers to client
06-21 15:40:43.558  2423  3451 I WindowManagerService: Physical orientation applied, rotation=0 sfOrientation=ORIENTATION_0
06-21 15:40:43.603  2055  3327 D libsensor-displayalgo: the value of  brightness:438.000000,R:70082218.666920,G:66168129.876803,B:70381242.575963,EVENT_C:6514.000000,EVENT_R:2535.500000,EVENT_G:3278.000000,EVENT_B:1317.000000
06-21 15:40:43.603  2055  3327 I libsensor-displayalgo: the value of  Coef1:1107.681000,Coef4:2.383000, scale1:0.935522, scale4:0.923264
06-21 15:40:43.603  2055  3327 E libsensor-displayalgo: RGB_test_0407_400_oldzy!
06-21 15:40:43.604  2055  3327 I libsensor-displayalgo: the value of  RESULT2840.604491,1133.565499,1371.634173,512.833554
06-21 15:40:43.604  2055  3327 I libsensor-displayalgo: the value of  getChannelDataCalibrated2978.218736,1049.900145,1594.256132,559.723314
06-21 15:40:43.604  2055  3327 I libsensor-displayalgo: the value of  REAL LUX208.619476
06-21 15:40:43.604  2055  3327 I libsensor-displayalgo: the value of  CAL REAL LUX208.619476
06-21 15:40:43.618 13257 13297 I appium  : [74212569 (success)] Synthesized: MotionEvent { action=ACTION_MOVE, actionButton=0, id[0]=0, x[0]=540.0, y[0]=1692.0, toolType[0]=TOOL_TYPE_FINGER, buttonState=0, classification=NONE, metaState=0, flags=0x0, edgeFlags=0x0, pointerCount=1, historySize=0, eventTime=74212569, downTime=74211568, deviceId=0, source=0x1002, displayId=0, eventId=-978550946 }
06-21 15:40:43.623  1289  2256 I vendor.qti.hardware.display.composer-service: FrameNotifyProcess Sensor: notify citsensorservice to trigger cwb
06-21 15:40:43.623  2055  2137 I libcitsensorservice@2.0-impl: msg_transfer
06-21 15:40:43.623  2055  3319 D vendor.xiaomi.sensor.citsensorservice@2.0-service: handle id:11 wxh:1280x2400 uwxuh:1080x2400 size: 9216000 fd:15 fd_meta:16 flags:0x4000228 usage:0x33  format:0x3 layer_count: 1
06-21 15:40:43.624  1289  1865 I SDM     : HWCSession::SetCWBOutputBuffer: CWB config passed by cwb_client : tappoint 1  CWB_ROI : (829.000000 4.000000 915.000000 90.000000)
06-21 15:40:43.624  1289 14946 I SDM     : HWCSession::ProcessRequests: Successfully configured CWB buffer.
06-21 15:40:43.633  1289 14946 I SDM     : HWCSession::ProcessRequests: Pushing release fence in fenece wait queue.
06-21 15:40:43.633  1289 14946 I SDM     : HWCSession::ProcessRequests: Creating AsyncFenceWaits async thread.
06-21 15:40:43.634  1289 14946 I SDM     : HWCSession::ProcessRequests: Remove current CWB request from the pending request queue.
06-21 15:40:43.634  1289 14946 I SDM     : HWCSession::ProcessRequests: No pending cwb requests found in the queue.
06-21 15:40:43.640  1289  1506 I SDM     : HWDeviceDRM::SetupConcurrentWriteback: Tear down the Concurrent Writeback topology
06-21 15:40:43.644 13257 13297 I appium  : [74212589 (success)] Synthesized: MotionEvent { action=ACTION_MOVE, actionButton=0, id[0]=0, x[0]=540.0, y[0]=1518.4615, toolType[0]=TOOL_TYPE_FINGER, buttonState=0, classification=NONE, metaState=0, flags=0x0, edgeFlags=0x0, pointerCount=1, historySize=0, eventTime=74212589, downTime=74211568, deviceId=0, source=0x1002, displayId=0, eventId=-971680966 }
06-21 15:40:43.647  1289 14947 I SDM     : HWCSession::NotifyCWBStatus: Notify the client about buffer status 0.
06-21 15:40:43.647  1289 14947 I SDM     : HWCSession::PerformFenceWaits: Remove current release fence from the pending fence wait queue.
06-21 15:40:43.647  1289 14947 I SDM     : HWCSession::PerformFenceWaits: CWB fence queue is empty. No pending release fence to wait on.
06-21 15:40:43.655 13579 14694 I CCodecBufferChannel: pipelineRoom(1) is <= numClientBuffers(2). Not signalling any more buffers to client
06-21 15:40:43.655 13579 14923 I CCodecBufferChannel: pipelineRoom(1) is <= numClientBuffers(1). Not signalling any more buffers to client
06-21 15:40:43.657 13579 14694 I CCodecBufferChannel: pipelineRoom(2) is <= numClientBuffers(2). Not signalling any more buffers to client
06-21 15:40:43.659 13579 14923 I CCodecBufferChannel: pipelineRoom(1) is <= numClientBuffers(1). Not signalling any more buffers to client
06-21 15:40:43.659  2423  3451 I WindowManagerService: Physical orientation applied, rotation=0 sfOrientation=ORIENTATION_0
06-21 15:40:43.666 13257 13297 I appium  : [74212608 (success)] Synthesized: MotionEvent { action=ACTION_MOVE, actionButton=0, id[0]=0, x[0]=540.0, y[0]=1431.6923, toolType[0]=TOOL_TYPE_FINGER, buttonState=0, classification=NONE, metaState=0, flags=0x0, edgeFlags=0x0, pointerCount=1, historySize=0, eventTime=74212608, downTime=74211568, deviceId=0, source=0x1002, displayId=0, eventId=-538704107 }
06-21 15:40:43.685 13257 13297 I appium  : [74212629 (success)] Synthesized: MotionEvent { action=ACTION_MOVE, actionButton=0, id[0]=0, x[0]=540.0, y[0]=1344.9231, toolType[0]=TOOL_TYPE_FINGER, buttonState=0, classification=NONE, metaState=0, flags=0x0, edgeFlags=0x0, pointerCount=1, historySize=0, eventTime=74212629, downTime=74211568, deviceId=0, source=0x1002, displayId=0, eventId=-230332173 }
06-21 15:40:43.701 13257 13297 I appium  : [74212648 (success)] Synthesized: MotionEvent { action=ACTION_MOVE, actionButton=0, id[0]=0, x[0]=540.0, y[0]=1258.1538, toolType[0]=TOOL_TYPE_FINGER, buttonState=0, classification=NONE, metaState=0, flags=0x0, edgeFlags=0x0, pointerCount=1, historySize=0, eventTime=74212648, downTime=74211568, deviceId=0, source=0x1002, displayId=0, eventId=-698161888 }
06-21 15:40:43.727 13257 13297 I appium  : [74212669 (success)] Synthesized: MotionEvent { action=ACTION_MOVE, actionButton=0, id[0]=0, x[0]=540.0, y[0]=1171.3845, toolType[0]=TOOL_TYPE_FINGER, buttonState=0, classification=NONE, metaState=0, flags=0x0, edgeFlags=0x0, pointerCount=1, historySize=0, eventTime=74212669, downTime=74211568, deviceId=0, source=0x1002, displayId=0, eventId=-411232520 }
06-21 15:40:43.743 13257 13297 I appium  : [74212691 (success)] Synthesized: MotionEvent { action=ACTION_MOVE, actionButton=0, id[0]=0, x[0]=540.0, y[0]=1084.6154, toolType[0]=TOOL_TYPE_FINGER, buttonState=0, classification=NONE, metaState=0, flags=0x0, edgeFlags=0x0, pointerCount=1, historySize=0, eventTime=74212691, downTime=74211568, deviceId=0, source=0x1002, displayId=0, eventId=-779137136 }
06-21 15:40:43.750 13579 14694 I CCodecBufferChannel: pipelineRoom(1) is <= numClientBuffers(2). Not signalling any more buffers to client
06-21 15:40:43.751 13579 14923 I CCodecBufferChannel: pipelineRoom(1) is <= numClientBuffers(1). Not signalling any more buffers to client
06-21 15:40:43.767  2423  5922 I WindowManagerService: Physical orientation applied, rotation=0 sfOrientation=ORIENTATION_0
06-21 15:40:43.774 13257 13297 I appium  : [74212710 (success)] Synthesized: MotionEvent { action=ACTION_MOVE, actionButton=0, id[0]=0, x[0]=540.0, y[0]=997.8461, toolType[0]=TOOL_TYPE_FINGER, buttonState=0, classification=NONE, metaState=0, flags=0x0, edgeFlags=0x0, pointerCount=1, historySize=0, eventTime=74212710, downTime=74211568, deviceId=0, source=0x1002, displayId=0, eventId=-970043762 }
06-21 15:40:43.775 13257 13297 I appium  : The event has been delayed for 21ms
06-21 15:40:43.792 13257 13297 I appium  : [74212734 (success)] Synthesized: MotionEvent { action=ACTION_MOVE, actionButton=0, id[0]=0, x[0]=540.0, y[0]=911.0769, toolType[0]=TOOL_TYPE_FINGER, buttonState=0, classification=NONE, metaState=0, flags=0x0, edgeFlags=0x0, pointerCount=1, historySize=0, eventTime=74212734, downTime=74211568, deviceId=0, source=0x1002, displayId=0, eventId=-180092510 }
06-21 15:40:43.809 13257 13297 I appium  : [74212751 (success)] Synthesized: MotionEvent { action=ACTION_MOVE, actionButton=0, id[0]=0, x[0]=540.0, y[0]=824.3077, toolType[0]=TOOL_TYPE_FINGER, buttonState=0, classification=NONE, metaState=0, flags=0x0, edgeFlags=0x0, pointerCount=1, historySize=0, eventTime=74212751, downTime=74211568, deviceId=0, source=0x1002, displayId=0, eventId=-43004163 }
06-21 15:40:43.824 13257 13297 I appium  : [74212768 (success)] Synthesized: MotionEvent { action=ACTION_MOVE, actionButton=0, id[0]=0, x[0]=540.0, y[0]=737.53845, toolType[0]=TOOL_TYPE_FINGER, buttonState=0, classification=NONE, metaState=0, flags=0x0, edgeFlags=0x0, pointerCount=1, historySize=0, eventTime=74212768, downTime=74211568, deviceId=0, source=0x1002, displayId=0, eventId=-793943358 }
06-21 15:40:43.841 13257 13297 I appium  : [74212789 (success)] Synthesized: MotionEvent { action=ACTION_MOVE, actionButton=0, id[0]=0, x[0]=540.0, y[0]=650.76917, toolType[0]=TOOL_TYPE_FINGER, buttonState=0, classification=NONE, metaState=0, flags=0x0, edgeFlags=0x0, pointerCount=1, historySize=0, eventTime=74212789, downTime=74211568, deviceId=0, source=0x1002, displayId=0, eventId=-781865140 }
06-21 15:40:43.857 13579 14694 I CCodecBufferChannel: pipelineRoom(2) is <= numClientBuffers(2). Not signalling any more buffers to client
06-21 15:40:43.859 13579 14923 I CCodecBufferChannel: pipelineRoom(1) is <= numClientBuffers(1). Not signalling any more buffers to client
06-21 15:40:43.861 13579 14923 I CCodecBufferChannel: pipelineRoom(2) is <= numClientBuffers(2). Not signalling any more buffers to client
06-21 15:40:43.873  2423  5922 I WindowManagerService: Physical orientation applied, rotation=0 sfOrientation=ORIENTATION_0
06-21 15:40:43.879 13257 13297 I appium  : [74212811 (success)] Synthesized: MotionEvent { action=ACTION_MOVE, actionButton=0, id[0]=0, x[0]=540.0, y[0]=564.0, toolType[0]=TOOL_TYPE_FINGER, buttonState=0, classification=NONE, metaState=0, flags=0x0, edgeFlags=0x0, pointerCount=1, historySize=0, eventTime=74212811, downTime=74211568, deviceId=0, source=0x1002, displayId=0, eventId=-709417034 }
06-21 15:40:43.880 13257 13297 I appium  : The event has been delayed for 26ms
06-21 15:40:43.884  2423  4492 D MIUIInput: Input event injection from pid 13242, MotionEvent: UP
06-21 15:40:43.885  2423  3213 D MIUIInput: [MotionEvent] publisher action=0x1, 74212840, channel '3a63790 cn.missevan/cn.missevan.activity.MainActivity (server)'
06-21 15:40:43.888 13334 13334 D MIUIInput: [MotionEvent] ViewRootImpl windowName 'cn.missevan/cn.missevan.activity.MainActivity', { action=ACTION_UP, id[0]=0, pointerCount=1, eventTime=74212840, downTime=74211568, phoneEventTime=15:40:43.882 } moveCount:13
06-21 15:40:43.902 13257 13297 I appium  : [74212840 (success)] Synthesized: MotionEvent { action=ACTION_UP, actionButton=0, id[0]=0, x[0]=540.0, y[0]=564.0, toolType[0]=TOOL_TYPE_FINGER, buttonState=0, classification=NONE, metaState=0, flags=0x0, edgeFlags=0x0, pointerCount=1, historySize=0, eventTime=74212840, downTime=74211568, deviceId=0, source=0x1002, displayId=0, eventId=-573382706 }
06-21 15:40:43.903 13257 13297 I appium  : AppiumResponse: {"sessionId":"1d2a3f75-c72b-4169-80d4-473b93e1be2e","value":null}
06-21 15:40:43.904  2055  3327 D libsensor-displayalgo: the value of  brightness:438.000000,R:70082218.666920,G:66168129.876803,B:70381242.575963,EVENT_C:6515.000000,EVENT_R:2537.500000,EVENT_G:3280.000000,EVENT_B:1317.000000
06-21 15:40:43.904  2055  3327 I libsensor-displayalgo: the value of  Coef1:1107.681000,Coef4:2.383000, scale1:0.935522, scale4:0.923264
06-21 15:40:43.904  2055  3327 E libsensor-displayalgo: RGB_test_0407_400_oldzy!
06-21 15:40:43.905  2055  3327 I libsensor-displayalgo: the value of  RESULT2840.604491,1133.565499,1371.634173,512.833554
06-21 15:40:43.905  2055  3327 I libsensor-displayalgo: the value of  getChannelDataCalibrated2978.218736,1049.900145,1594.256132,559.723314
06-21 15:40:43.905  2055  3327 I libsensor-displayalgo: the value of  REAL LUX208.705643
06-21 15:40:43.905  2055  3327 I libsensor-displayalgo: the value of  CAL REAL LUX208.705643
06-21 15:40:43.927  1289  2256 I vendor.qti.hardware.display.composer-service: FrameNotifyProcess Sensor: notify citsensorservice to trigger cwb
06-21 15:40:43.928  2055 15083 I libcitsensorservice@2.0-impl: msg_transfer
06-21 15:40:43.929  2055  3319 D vendor.xiaomi.sensor.citsensorservice@2.0-service: handle id:11 wxh:1280x2400 uwxuh:1080x2400 size: 9216000 fd:15 fd_meta:16 flags:0x4000228 usage:0x33  format:0x3 layer_count: 1
06-21 15:40:43.930  1289  1865 I SDM     : HWCSession::SetCWBOutputBuffer: CWB config passed by cwb_client : tappoint 1  CWB_ROI : (829.000000 4.000000 915.000000 90.000000)
06-21 15:40:43.931  1289 14948 I SDM     : HWCSession::ProcessRequests: Successfully configured CWB buffer.
06-21 15:40:43.939  1289 14948 I SDM     : HWCSession::ProcessRequests: Pushing release fence in fenece wait queue.
06-21 15:40:43.939  1289 14948 I SDM     : HWCSession::ProcessRequests: Creating AsyncFenceWaits async thread.
06-21 15:40:43.939  1289 14948 I SDM     : HWCSession::ProcessRequests: Remove current CWB request from the pending request queue.
06-21 15:40:43.939  1289 14948 I SDM     : HWCSession::ProcessRequests: No pending cwb requests found in the queue.
06-21 15:40:43.944  1289  1506 I SDM     : HWDeviceDRM::SetupConcurrentWriteback: Tear down the Concurrent Writeback topology
06-21 15:40:43.951  1289 14949 I SDM     : HWCSession::NotifyCWBStatus: Notify the client about buffer status 0.
06-21 15:40:43.951  1289 14949 I SDM     : HWCSession::PerformFenceWaits: Remove current release fence from the pending fence wait queue.
06-21 15:40:43.951  1289 14949 I SDM     : HWCSession::PerformFenceWaits: CWB fence queue is empty. No pending release fence to wait on.
06-21 15:40:43.972  2423  4492 I WindowManagerService: Physical orientation applied, rotation=0 sfOrientation=ORIENTATION_0
06-21 15:40:43.988 13579 14694 I CCodecBufferChannel: pipelineRoom(1) is <= numClientBuffers(2). Not signalling any more buffers to client
06-21 15:40:43.988 13579 14923 I CCodecBufferChannel: pipelineRoom(1) is <= numClientBuffers(1). Not signalling any more buffers to client
06-21 15:40:44.081  2423  5922 I WindowManagerService: Physical orientation applied, rotation=0 sfOrientation=ORIENTATION_0
06-21 15:40:44.101 13579 14694 I CCodecBufferChannel: pipelineRoom(1) is <= numClientBuffers(2). Not signalling any more buffers to client
06-21 15:40:44.102 13579 14923 I CCodecBufferChannel: pipelineRoom(1) is <= numClientBuffers(1). Not signalling any more buffers to client
06-21 15:40:44.105 13579 14694 I CCodecBufferChannel: pipelineRoom(2) is <= numClientBuffers(2). Not signalling any more buffers to client
06-21 15:40:44.106 13579 14923 I CCodecBufferChannel: pipelineRoom(2) is <= numClientBuffers(2). Not signalling any more buffers to client
06-21 15:40:44.179  2423  4492 I WindowManagerService: Physical orientation applied, rotation=0 sfOrientation=ORIENTATION_0
06-21 15:40:44.204  2055  3327 D libsensor-displayalgo: the value of  brightness:438.000000,R:82380394.901343,G:82364196.532426,B:82380599.896621,EVENT_C:6738.000000,EVENT_R:2602.000000,EVENT_G:3401.000000,EVENT_B:1367.500000
06-21 15:40:44.204  2055  3327 I libsensor-displayalgo: the value of  Coef1:1107.681000,Coef4:2.383000, scale1:0.935522, scale4:0.923264
06-21 15:40:44.204  2055  3327 E libsensor-displayalgo: RGB_test_0407_400_oldzy!
06-21 15:40:44.204  2423  4492 I WindowManagerService: Physical orientation applied, rotation=0 sfOrientation=ORIENTATION_0
06-21 15:40:44.204  2055  3327 I libsensor-displayalgo: the value of  RESULT3252.630693,1282.473270,1571.067053,590.396477
06-21 15:40:44.204  2055  3327 I libsensor-displayalgo: the value of  getChannelDataCalibrated3410.205716,1187.817442,1826.057801,644.378026
06-21 15:40:44.204  2055  3327 I libsensor-displayalgo: the value of  REAL LUX194.457504
06-21 15:40:44.204  2055  3327 I libsensor-displayalgo: the value of  CAL REAL LUX194.457504
06-21 15:40:44.219 13579 14694 I CCodecBufferChannel: pipelineRoom(2) is <= numClientBuffers(3). Not signalling any more buffers to client
06-21 15:40:44.220 13579 14923 I CCodecBufferChannel: pipelineRoom(2) is <= numClientBuffers(2). Not signalling any more buffers to client
06-21 15:40:44.222 13579 14694 I CCodecBufferChannel: pipelineRoom(3) is <= numClientBuffers(3). Not signalling any more buffers to client
06-21 15:40:44.223 13579 14923 I CCodecBufferChannel: pipelineRoom(3) is <= numClientBuffers(3). Not signalling any more buffers to client
06-21 15:40:44.231  1289  2256 I vendor.qti.hardware.display.composer-service: FrameNotifyProcess Sensor: notify citsensorservice to trigger cwb
06-21 15:40:44.231  2055 15083 I libcitsensorservice@2.0-impl: msg_transfer
06-21 15:40:44.232  2055  3319 D vendor.xiaomi.sensor.citsensorservice@2.0-service: handle id:11 wxh:1280x2400 uwxuh:1080x2400 size: 9216000 fd:15 fd_meta:16 flags:0x4000228 usage:0x33  format:0x3 layer_count: 1
06-21 15:40:44.232  1289  1865 I SDM     : HWCSession::SetCWBOutputBuffer: CWB config passed by cwb_client : tappoint 1  CWB_ROI : (829.000000 4.000000 915.000000 90.000000)
06-21 15:40:44.233  2423  4492 I WindowManagerService: Physical orientation applied, rotation=0 sfOrientation=ORIENTATION_0
06-21 15:40:44.234  1289 14950 I SDM     : HWCSession::ProcessRequests: Successfully configured CWB buffer.
06-21 15:40:44.241  1289 14950 I SDM     : HWCSession::ProcessRequests: Pushing release fence in fenece wait queue.
06-21 15:40:44.241  1289 14950 I SDM     : HWCSession::ProcessRequests: Creating AsyncFenceWaits async thread.
06-21 15:40:44.242  1289 14950 I SDM     : HWCSession::ProcessRequests: Remove current CWB request from the pending request queue.
06-21 15:40:44.242  1289 14950 I SDM     : HWCSession::ProcessRequests: No pending cwb requests found in the queue.
06-21 15:40:44.247  1289  1506 I SDM     : HWDeviceDRM::SetupConcurrentWriteback: Tear down the Concurrent Writeback topology
06-21 15:40:44.255  1289 14951 I SDM     : HWCSession::NotifyCWBStatus: Notify the client about buffer status 0.
06-21 15:40:44.256  1289 14951 I SDM     : HWCSession::PerformFenceWaits: Remove current release fence from the pending fence wait queue.
06-21 15:40:44.256  1289 14951 I SDM     : HWCSession::PerformFenceWaits: CWB fence queue is empty. No pending release fence to wait on.
06-21 15:40:44.286  2423  4492 I WindowManagerService: Physical orientation applied, rotation=0 sfOrientation=ORIENTATION_0
06-21 15:40:44.309 13579 14694 I CCodecBufferChannel: pipelineRoom(1) is <= numClientBuffers(2). Not signalling any more buffers to client
06-21 15:40:44.309 13579 14923 I CCodecBufferChannel: pipelineRoom(1) is <= numClientBuffers(1). Not signalling any more buffers to client
06-21 15:40:44.312 13579 14694 I CCodecBufferChannel: pipelineRoom(1) is <= numClientBuffers(1). Not signalling any more buffers to client
06-21 15:40:44.346  5790 14929 I SafeBinderCall: onPositionChange binder cost:0
06-21 15:40:44.349  4190  4190 D MiPlayDetailViewModel: onPositionChange(): position = 2986
06-21 15:40:44.380  2423  5922 I WindowManagerService: Physical orientation applied, rotation=0 sfOrientation=ORIENTATION_0
06-21 15:40:44.417 13579 14694 I CCodecBufferChannel: pipelineRoom(1) is <= numClientBuffers(2). Not signalling any more buffers to client
06-21 15:40:44.418 13579 14923 I CCodecBufferChannel: pipelineRoom(1) is <= numClientBuffers(1). Not signalling any more buffers to client
06-21 15:40:44.424 13579 14694 I CCodecBufferChannel: pipelineRoom(1) is <= numClientBuffers(1). Not signalling any more buffers to client
06-21 15:40:44.492  2423  5922 I WindowManagerService: Physical orientation applied, rotation=0 sfOrientation=ORIENTATION_0
06-21 15:40:44.503  2055  3327 D libsensor-displayalgo: the value of  brightness:438.000000,R:83162080.520815,G:83162080.520815,B:83162080.520815,EVENT_C:7017.000000,EVENT_R:2685.000000,EVENT_G:3560.000000,EVENT_B:1426.000000
06-21 15:40:44.503  2055  3327 I libsensor-displayalgo: the value of  Coef1:1107.681000,Coef4:2.383000, scale1:0.935522, scale4:0.923264
06-21 15:40:44.503  2055  3327 E libsensor-displayalgo: RGB_test_0407_400_oldzy!
06-21 15:40:44.503  2055  3327 I libsensor-displayalgo: the value of  RESULT3273.645540,1289.341055,1580.360370,594.091267
06-21 15:40:44.503  2055  3327 I libsensor-displayalgo: the value of  getChannelDataCalibrated3432.238635,1194.178335,1836.859462,648.410640
06-21 15:40:44.503  2055  3327 I libsensor-displayalgo: the value of  REAL LUX212.021851
06-21 15:40:44.503  2055  3327 I libsensor-displayalgo: the value of  CAL REAL LUX212.021851
06-21 15:40:44.536  1289  2256 I vendor.qti.hardware.display.composer-service: FrameNotifyProcess Sensor: notify citsensorservice to trigger cwb
06-21 15:40:44.537  2055  2137 I libcitsensorservice@2.0-impl: msg_transfer
06-21 15:40:44.537  2055  3319 D vendor.xiaomi.sensor.citsensorservice@2.0-service: handle id:11 wxh:1280x2400 uwxuh:1080x2400 size: 9216000 fd:15 fd_meta:16 flags:0x4000228 usage:0x33  format:0x3 layer_count: 1
06-21 15:40:44.538  1289  1865 I SDM     : HWCSession::SetCWBOutputBuffer: CWB config passed by cwb_client : tappoint 1  CWB_ROI : (829.000000 4.000000 915.000000 90.000000)
06-21 15:40:44.540  1289 14952 I SDM     : HWCSession::ProcessRequests: Successfully configured CWB buffer.
06-21 15:40:44.548  1289 14952 I SDM     : HWCSession::ProcessRequests: Pushing release fence in fenece wait queue.
06-21 15:40:44.548  1289 14952 I SDM     : HWCSession::ProcessRequests: Creating AsyncFenceWaits async thread.
06-21 15:40:44.549  1289 14952 I SDM     : HWCSession::ProcessRequests: Remove current CWB request from the pending request queue.
06-21 15:40:44.550  1289 14952 I SDM     : HWCSession::ProcessRequests: No pending cwb requests found in the queue.
06-21 15:40:44.550 13579 14694 I CCodecBufferChannel: pipelineRoom(2) is <= numClientBuffers(3). Not signalling any more buffers to client
06-21 15:40:44.551 13579 14923 I CCodecBufferChannel: pipelineRoom(2) is <= numClientBuffers(2). Not signalling any more buffers to client
06-21 15:40:44.553  1289  1506 I SDM     : HWDeviceDRM::SetupConcurrentWriteback: Tear down the Concurrent Writeback topology
06-21 15:40:44.553 13579 14694 I CCodecBufferChannel: pipelineRoom(2) is <= numClientBuffers(3). Not signalling any more buffers to client
06-21 15:40:44.554 13579 14923 I CCodecBufferChannel: pipelineRoom(2) is <= numClientBuffers(2). Not signalling any more buffers to client
06-21 15:40:44.560  1289 14953 I SDM     : HWCSession::NotifyCWBStatus: Notify the client about buffer status 0.
06-21 15:40:44.560  1289 14953 I SDM     : HWCSession::PerformFenceWaits: Remove current release fence from the pending fence wait queue.
06-21 15:40:44.560  1289 14953 I SDM     : HWCSession::PerformFenceWaits: CWB fence queue is empty. No pending release fence to wait on.
06-21 15:40:44.591  2423  5922 I WindowManagerService: Physical orientation applied, rotation=0 sfOrientation=ORIENTATION_0
06-21 15:40:44.697  2423  5922 I WindowManagerService: Physical orientation applied, rotation=0 sfOrientation=ORIENTATION_0
06-21 15:40:44.747 13579 14694 I CCodecBufferChannel: pipelineRoom(1) is <= numClientBuffers(2). Not signalling any more buffers to client
06-21 15:40:44.749 13579 14923 I CCodecBufferChannel: pipelineRoom(1) is <= numClientBuffers(1). Not signalling any more buffers to client
06-21 15:40:44.801  2423  5922 I WindowManagerService: Physical orientation applied, rotation=0 sfOrientation=ORIENTATION_0
06-21 15:40:44.804  2055  3327 D libsensor-displayalgo: the value of  brightness:438.000000,R:83162080.520815,G:83162080.520815,B:83162080.520815,EVENT_C:7007.500000,EVENT_R:2683.500000,EVENT_G:3554.500000,EVENT_B:1426.500000
06-21 15:40:44.804  2055  3327 I libsensor-displayalgo: the value of  Coef1:1107.681000,Coef4:2.383000, scale1:0.935522, scale4:0.923264
06-21 15:40:44.804  2055  3327 E libsensor-displayalgo: RGB_test_0407_400_oldzy!
06-21 15:40:44.805  2055  3327 I libsensor-displayalgo: the value of  RESULT3273.645540,1289.341055,1580.360370,594.091267
06-21 15:40:44.805  2055  3327 I libsensor-displayalgo: the value of  getChannelDataCalibrated3432.238635,1194.178335,1836.859462,648.410640
06-21 15:40:44.805  2055  3327 I libsensor-displayalgo: the value of  REAL LUX211.117065
06-21 15:40:44.805  2055  3327 I libsensor-displayalgo: the value of  CAL REAL LUX211.117065
06-21 15:40:44.841  1289  2256 I vendor.qti.hardware.display.composer-service: FrameNotifyProcess Sensor: notify citsensorservice to trigger cwb
06-21 15:40:44.842  2055 15083 I libcitsensorservice@2.0-impl: msg_transfer
06-21 15:40:44.842  2055  3319 D vendor.xiaomi.sensor.citsensorservice@2.0-service: handle id:11 wxh:1280x2400 uwxuh:1080x2400 size: 9216000 fd:15 fd_meta:16 flags:0x4000228 usage:0x33  format:0x3 layer_count: 1
06-21 15:40:44.843  1289  1865 I SDM     : HWCSession::SetCWBOutputBuffer: CWB config passed by cwb_client : tappoint 1  CWB_ROI : (829.000000 4.000000 915.000000 90.000000)
06-21 15:40:44.843  1289 14954 I SDM     : HWCSession::ProcessRequests: Successfully configured CWB buffer.
06-21 15:40:44.849 13579 14691 D CCodecBufferChannel: [c2.android.aac.decoder#296] DEBUG: elapsed: n=6 [in=0 pipeline=0 out=2]
06-21 15:40:44.849 13579 14691 D PipelineWatcher: DEBUG: elapsed 2 / 6
06-21 15:40:44.851  1289 14954 I SDM     : HWCSession::ProcessRequests: Pushing release fence in fenece wait queue.
06-21 15:40:44.851  1289 14954 I SDM     : HWCSession::ProcessRequests: Creating AsyncFenceWaits async thread.
06-21 15:40:44.851  1289 14954 I SDM     : HWCSession::ProcessRequests: Remove current CWB request from the pending request queue.
06-21 15:40:44.851  1289 14954 I SDM     : HWCSession::ProcessRequests: No pending cwb requests found in the queue.
06-21 15:40:44.857  1289  1506 I SDM     : HWDeviceDRM::SetupConcurrentWriteback: Tear down the Concurrent Writeback topology
06-21 15:40:44.864  1289 14955 I SDM     : HWCSession::NotifyCWBStatus: Notify the client about buffer status 0.
06-21 15:40:44.865  1289 14955 I SDM     : HWCSession::PerformFenceWaits: Remove current release fence from the pending fence wait queue.
06-21 15:40:44.865  1289 14955 I SDM     : HWCSession::PerformFenceWaits: CWB fence queue is empty. No pending release fence to wait on.
06-21 15:40:44.866 13579 14694 I CCodecBufferChannel: pipelineRoom(3) is <= numClientBuffers(3). Not signalling any more buffers to client
06-21 15:40:44.869 13579 14694 I CCodecBufferChannel: pipelineRoom(2) is <= numClientBuffers(3). Not signalling any more buffers to client
06-21 15:40:44.870 13579 14923 I CCodecBufferChannel: pipelineRoom(2) is <= numClientBuffers(2). Not signalling any more buffers to client
06-21 15:40:44.894  2423  4492 I WindowManagerService: Physical orientation applied, rotation=0 sfOrientation=ORIENTATION_0
06-21 15:40:45.004  2423  4492 I WindowManagerService: Physical orientation applied, rotation=0 sfOrientation=ORIENTATION_0
06-21 15:40:45.103  2055  3327 D libsensor-displayalgo: the value of  brightness:438.000000,R:83162080.520815,G:83162080.520815,B:83162080.520815,EVENT_C:7008.000000,EVENT_R:2684.500000,EVENT_G:3557.500000,EVENT_B:1426.000000
06-21 15:40:45.104  2055  3327 I libsensor-displayalgo: the value of  Coef1:1107.681000,Coef4:2.383000, scale1:0.935522, scale4:0.923264
06-21 15:40:45.104  2055  3327 E libsensor-displayalgo: RGB_test_0407_400_oldzy!
06-21 15:40:45.104  2055  3327 I libsensor-displayalgo: the value of  RESULT3273.645540,1289.341055,1580.360370,594.091267
06-21 15:40:45.104  2055  3327 I libsensor-displayalgo: the value of  getChannelDataCalibrated3432.238635,1194.178335,1836.859462,648.410640
06-21 15:40:45.105  2055  3327 I libsensor-displayalgo: the value of  REAL LUX211.291779
06-21 15:40:45.105  2055  3327 I libsensor-displayalgo: the value of  CAL REAL LUX211.291779
06-21 15:40:45.105  2423  4492 I WindowManagerService: Physical orientation applied, rotation=0 sfOrientation=ORIENTATION_0
06-21 15:40:45.113 13579 14694 I CCodecBufferChannel: pipelineRoom(3) is <= numClientBuffers(3). Not signalling any more buffers to client
06-21 15:40:45.145  1289  2256 I vendor.qti.hardware.display.composer-service: FrameNotifyProcess Sensor: notify citsensorservice to trigger cwb
06-21 15:40:45.146  2055  2137 I libcitsensorservice@2.0-impl: msg_transfer
06-21 15:40:45.146  2055  3319 D vendor.xiaomi.sensor.citsensorservice@2.0-service: handle id:11 wxh:1280x2400 uwxuh:1080x2400 size: 9216000 fd:15 fd_meta:16 flags:0x4000228 usage:0x33  format:0x3 layer_count: 1
06-21 15:40:45.147  1289  1865 I SDM     : HWCSession::SetCWBOutputBuffer: CWB config passed by cwb_client : tappoint 1  CWB_ROI : (829.000000 4.000000 915.000000 90.000000)
06-21 15:40:45.148  1289 14956 I SDM     : HWCSession::ProcessRequests: Successfully configured CWB buffer.
06-21 15:40:45.156  1289 14956 I SDM     : HWCSession::ProcessRequests: Pushing release fence in fenece wait queue.
06-21 15:40:45.156  1289 14956 I SDM     : HWCSession::ProcessRequests: Creating AsyncFenceWaits async thread.
06-21 15:40:45.157  1289 14956 I SDM     : HWCSession::ProcessRequests: Remove current CWB request from the pending request queue.
06-21 15:40:45.157  1289 14956 I SDM     : HWCSession::ProcessRequests: No pending cwb requests found in the queue.
06-21 15:40:45.162  1289  1506 I SDM     : HWDeviceDRM::SetupConcurrentWriteback: Tear down the Concurrent Writeback topology
06-21 15:40:45.169  1289 14957 I SDM     : HWCSession::NotifyCWBStatus: Notify the client about buffer status 0.
06-21 15:40:45.169  1289 14957 I SDM     : HWCSession::PerformFenceWaits: Remove current release fence from the pending fence wait queue.
06-21 15:40:45.169  1289 14957 I SDM     : HWCSession::PerformFenceWaits: CWB fence queue is empty. No pending release fence to wait on.
06-21 15:40:45.210  2423  4492 I WindowManagerService: Physical orientation applied, rotation=0 sfOrientation=ORIENTATION_0
06-21 15:40:45.298 13579 14694 I CCodecBufferChannel: pipelineRoom(1) is <= numClientBuffers(2). Not signalling any more buffers to client
06-21 15:40:45.299 13579 14923 I CCodecBufferChannel: pipelineRoom(1) is <= numClientBuffers(1). Not signalling any more buffers to client
