06-19 15:33:33.015 21324 21324 I HandWritingStubImpl: isKeyboardTypeChanged: false
06-19 15:33:33.024 21324 21324 I HandWritingStubImpl: isKeyboardTypeChanged: false
06-19 15:33:33.032 21324 21324 I HandWritingStubImpl: isKeyboardTypeChanged: false
06-19 15:33:33.040 21324 21324 I HandWritingStubImpl: isKeyboardTypeChanged: false
06-19 15:33:33.048 21324 21324 I HandWritingStubImpl: isKeyboardTypeChanged: false
06-19 15:33:33.056 21324 21324 I HandWritingStubImpl: isKeyboardTypeChanged: false
06-19 15:33:33.057 21263 21295 I appium  : AppiumResponse: {"sessionId":"f8b112d5-1915-4650-999b-fc78bf049b38","value":{"ELEMENT":"00000000-0000-0596-ffff-ffff00000970","element-6066-11e4-a52e-4f735466cecf":"00000000-0000-0596-ffff-ffff00000970"}}
06-19 15:33:33.065 21324 21324 I HandWritingStubImpl: isKeyboardTypeChanged: false
06-19 15:33:33.066 21263 21295 I appium  : channel read: POST /wd/hub/session/f8b112d5-1915-4650-999b-fc78bf049b38/element/00000000-0000-0596-ffff-ffff00000970/click
06-19 15:33:33.066 21263 21295 I appium  : Click command
06-19 15:33:33.073 21324 21324 I HandWritingStubImpl: isKeyboardTypeChanged: false
06-19 15:33:33.075  2018  3127 D libsensor-displayalgo: the value of  brightness:438.000000,R:77296384.557271,G:77297133.237939,B:77313059.061408,EVENT_C:5802.500000,EVENT_R:2205.000000,EVENT_G:2979.000000,EVENT_B:1177.000000
06-19 15:33:33.075  2018  3127 I libsensor-displayalgo: the value of  Coef1:1107.681000,Coef4:2.383000, scale1:0.935522, scale4:0.923264
06-19 15:33:33.075  2018  3127 E libsensor-displayalgo: RGB_test_0407_400_oldzy!
06-19 15:33:33.076  2018  3127 I libsensor-displayalgo: the value of  RESULT3116.697536,1231.266004,1510.266625,565.233393
06-19 15:33:33.076  2018  3127 I libsensor-displayalgo: the value of  getChannelDataCalibrated3267.687221,1140.389644,1755.389210,616.914213
06-19 15:33:33.076  2018  3127 I libsensor-displayalgo: the value of  REAL LUX148.931381
06-19 15:33:33.076  2018  3127 I libsensor-displayalgo: the value of  CAL REAL LUX148.931381
06-19 15:33:33.081  1265  2358 I vendor.qti.hardware.display.composer-service: FrameNotifyProcess Sensor: notify citsensorservice to trigger cwb
06-19 15:33:33.082 21324 21324 I HandWritingStubImpl: isKeyboardTypeChanged: false
06-19 15:33:33.082  2018  2111 I libcitsensorservice@2.0-impl: msg_transfer
06-19 15:33:33.082  2018  3098 D vendor.xiaomi.sensor.citsensorservice@2.0-service: handle id:9 wxh:1280x2400 uwxuh:1080x2400 size: 9216000 fd:15 fd_meta:16 flags:0x4000228 usage:0x33  format:0x3 layer_count: 1
06-19 15:33:33.082  1265  1887 I SDM     : HWCSession::SetCWBOutputBuffer: CWB config passed by cwb_client : tappoint 1  CWB_ROI : (829.000000 4.000000 915.000000 90.000000)
06-19 15:33:33.083  1265 22396 I SDM     : HWCSession::ProcessRequests: Successfully configured CWB buffer.
06-19 15:33:33.090 21324 21324 I HandWritingStubImpl: isKeyboardTypeChanged: false
06-19 15:33:33.090  1265  2358 I vendor.qti.hardware.display.composer-service: FrameNotifyProcess Sensor: notify citsensorservice to trigger cwb
06-19 15:33:33.091  2018  2111 I libcitsensorservice@2.0-impl: msg_transfer
06-19 15:33:33.091  1265 22396 I SDM     : HWCSession::ProcessRequests: Pushing release fence in fenece wait queue.
06-19 15:33:33.091  1265 22396 I SDM     : HWCSession::ProcessRequests: Creating AsyncFenceWaits async thread.
06-19 15:33:33.092  1265 22396 I SDM     : HWCSession::ProcessRequests: Remove current CWB request from the pending request queue.
06-19 15:33:33.092  1265 22396 I SDM     : HWCSession::ProcessRequests: No pending cwb requests found in the queue.
06-19 15:33:33.095  1265  1584 I SDM     : HWDeviceDRM::SetupConcurrentWriteback: Tear down the Concurrent Writeback topology
06-19 15:33:33.098 21324 21324 I HandWritingStubImpl: isKeyboardTypeChanged: false
06-19 15:33:33.103  1265 22398 I SDM     : HWCSession::NotifyCWBStatus: Notify the client about buffer status 0.
06-19 15:33:33.104  1265 22398 I SDM     : HWCSession::PerformFenceWaits: Remove current release fence from the pending fence wait queue.
06-19 15:33:33.104  1265 22398 I SDM     : HWCSession::PerformFenceWaits: CWB fence queue is empty. No pending release fence to wait on.
06-19 15:33:33.106 21324 21324 I HandWritingStubImpl: isKeyboardTypeChanged: false
06-19 15:33:33.114 21324 21324 I HandWritingStubImpl: isKeyboardTypeChanged: false
06-19 15:33:33.123 21324 21324 I HandWritingStubImpl: isKeyboardTypeChanged: false
06-19 15:33:33.131 21324 21324 I HandWritingStubImpl: isKeyboardTypeChanged: false
06-19 15:33:33.139 21324 21324 I HandWritingStubImpl: isKeyboardTypeChanged: false
06-19 15:33:33.147 21324 21324 I HandWritingStubImpl: isKeyboardTypeChanged: false
06-19 15:33:33.156 21324 21324 I HandWritingStubImpl: isKeyboardTypeChanged: false
06-19 15:33:33.164 21324 21324 I HandWritingStubImpl: isKeyboardTypeChanged: false
06-19 15:33:33.172 21324 21324 I HandWritingStubImpl: isKeyboardTypeChanged: false
06-19 15:33:33.180 21324 21324 I HandWritingStubImpl: isKeyboardTypeChanged: false
06-19 15:33:33.189 21324 21324 I HandWritingStubImpl: isKeyboardTypeChanged: false
06-19 15:33:33.197 21324 21324 I HandWritingStubImpl: isKeyboardTypeChanged: false
06-19 15:33:33.205 21324 21324 I HandWritingStubImpl: isKeyboardTypeChanged: false
06-19 15:33:33.213 21324 21324 I HandWritingStubImpl: isKeyboardTypeChanged: false
06-19 15:33:33.221 21324 21324 I HandWritingStubImpl: isKeyboardTypeChanged: false
06-19 15:33:33.229 21324 21324 I HandWritingStubImpl: isKeyboardTypeChanged: false
06-19 15:33:33.237 21324 21324 I HandWritingStubImpl: isKeyboardTypeChanged: false
06-19 15:33:33.246 21324 21324 I HandWritingStubImpl: isKeyboardTypeChanged: false
06-19 15:33:33.254 21324 21324 I HandWritingStubImpl: isKeyboardTypeChanged: false
06-19 15:33:33.263 21324 21324 I HandWritingStubImpl: isKeyboardTypeChanged: false
06-19 15:33:33.271 21324 21324 I HandWritingStubImpl: isKeyboardTypeChanged: false
06-19 15:33:33.279 21324 21324 I HandWritingStubImpl: isKeyboardTypeChanged: false
06-19 15:33:33.287 21324 21324 I HandWritingStubImpl: isKeyboardTypeChanged: false
06-19 15:33:33.295 21324 21324 I HandWritingStubImpl: isKeyboardTypeChanged: false
06-19 15:33:33.304 21324 21324 I HandWritingStubImpl: isKeyboardTypeChanged: false
06-19 15:33:33.312 21324 21324 I HandWritingStubImpl: isKeyboardTypeChanged: false
06-19 15:33:33.320 21324 21324 I HandWritingStubImpl: isKeyboardTypeChanged: false
06-19 15:33:33.329 21324 21324 I HandWritingStubImpl: isKeyboardTypeChanged: false
06-19 15:33:33.337 21324 21324 I HandWritingStubImpl: isKeyboardTypeChanged: false
06-19 15:33:33.345 21324 21324 I HandWritingStubImpl: isKeyboardTypeChanged: false
06-19 15:33:33.353 21324 21324 I HandWritingStubImpl: isKeyboardTypeChanged: false
06-19 15:33:33.361 21324 21324 I HandWritingStubImpl: isKeyboardTypeChanged: false
06-19 15:33:33.369 21324 21324 I HandWritingStubImpl: isKeyboardTypeChanged: false
06-19 15:33:33.374  2018  3127 D libsensor-displayalgo: the value of  brightness:438.000000,R:77296384.557271,G:77297133.237939,B:77313059.061408,EVENT_C:5823.000000,EVENT_R:2208.000000,EVENT_G:2985.500000,EVENT_B:1180.500000
06-19 15:33:33.374  2018  3127 I libsensor-displayalgo: the value of  Coef1:1107.681000,Coef4:2.383000, scale1:0.935522, scale4:0.923264
06-19 15:33:33.374  2018  3127 E libsensor-displayalgo: RGB_test_0407_400_oldzy!
06-19 15:33:33.375  2018  3127 I libsensor-displayalgo: the value of  RESULT3116.697536,1231.266004,1510.266625,565.233393
06-19 15:33:33.375  2018  3127 I libsensor-displayalgo: the value of  getChannelDataCalibrated3267.687221,1140.389644,1755.389210,616.914213
06-19 15:33:33.375  2018  3127 I libsensor-displayalgo: the value of  REAL LUX150.276489
06-19 15:33:33.375  2018  3127 I libsensor-displayalgo: the value of  CAL REAL LUX150.276489
06-19 15:33:33.378 21324 21324 I HandWritingStubImpl: isKeyboardTypeChanged: false
06-19 15:33:33.386 21324 21324 I HandWritingStubImpl: isKeyboardTypeChanged: false
06-19 15:33:33.394 21324 21324 I HandWritingStubImpl: isKeyboardTypeChanged: false
06-19 15:33:33.402 21324 21324 I HandWritingStubImpl: isKeyboardTypeChanged: false
06-19 15:33:33.410 21324 21324 I HandWritingStubImpl: isKeyboardTypeChanged: false
06-19 15:33:33.418 21324 21324 I HandWritingStubImpl: isKeyboardTypeChanged: false
06-19 15:33:33.427 21324 21324 I HandWritingStubImpl: isKeyboardTypeChanged: false
06-19 15:33:33.436 21324 21324 I HandWritingStubImpl: isKeyboardTypeChanged: false
06-19 15:33:33.444 21324 21324 I HandWritingStubImpl: isKeyboardTypeChanged: false
06-19 15:33:33.452 21324 21324 I HandWritingStubImpl: isKeyboardTypeChanged: false
06-19 15:33:33.460 21324 21324 I HandWritingStubImpl: isKeyboardTypeChanged: false
06-19 15:33:33.468 21324 21324 I HandWritingStubImpl: isKeyboardTypeChanged: false
06-19 15:33:33.476 21324 21324 I HandWritingStubImpl: isKeyboardTypeChanged: false
06-19 15:33:33.484 21324 21324 I HandWritingStubImpl: isKeyboardTypeChanged: false
06-19 15:33:33.486 21263 21295 W QueryController: Could not detect idle state.
06-19 15:33:33.496 21324 21324 I HandWritingStubImpl: isKeyboardTypeChanged: false
06-19 15:33:33.501 21324 21324 I HandWritingStubImpl: isKeyboardTypeChanged: false
06-19 15:33:33.506  2431  6208 D MIUIInput: Input event injection from pid 21248, MotionEvent: DOWN
06-19 15:33:33.507  2431  2938 D MIUIInput: [MotionEvent] publisher action=0x4, 352998097, channel '7c87e50 NavigationBar0 (server)'
06-19 15:33:33.507  2431  2938 D MIUIInput: [MotionEvent] publisher action=0x0, 352998097, channel '85d50d9 cn.missevan/cn.missevan.activity.MainActivity (server)'
06-19 15:33:33.509  1265  2358 I vendor.qti.hardware.display.composer-service: FrameNotifyProcess Sensor: notify citsensorservice to trigger cwb
06-19 15:33:33.509  2018  2018 I libcitsensorservice@2.0-impl: msg_transfer
06-19 15:33:33.509 21324 21324 D MIUIInput: [MotionEvent] ViewRootImpl windowName 'cn.missevan/cn.missevan.activity.MainActivity', { action=ACTION_DOWN, id[0]=0, pointerCount=1, eventTime=352998097, downTime=352998096, phoneEventTime=15:33:33.496 } moveCount:0
06-19 15:33:33.509  2018  3098 D vendor.xiaomi.sensor.citsensorservice@2.0-service: handle id:9 wxh:1280x2400 uwxuh:1080x2400 size: 9216000 fd:15 fd_meta:16 flags:0x4000228 usage:0x33  format:0x3 layer_count: 1
06-19 15:33:33.510  1265  1887 I SDM     : HWCSession::SetCWBOutputBuffer: CWB config passed by cwb_client : tappoint 1  CWB_ROI : (829.000000 4.000000 915.000000 90.000000)
06-19 15:33:33.511  1265 22400 I SDM     : HWCSession::ProcessRequests: Successfully configured CWB buffer.
06-19 15:33:33.512  2431  6208 D MIUIInput: Input event injection from pid 21248, MotionEvent: UP
06-19 15:33:33.512  2431  2938 D MIUIInput: [MotionEvent] publisher action=0x1, 352998097, channel '85d50d9 cn.missevan/cn.missevan.activity.MainActivity (server)'
06-19 15:33:33.513 21324 21324 I HandWritingStubImpl: isKeyboardTypeChanged: false
06-19 15:33:33.517 21324 21324 D MIUIInput: [MotionEvent] ViewRootImpl windowName 'cn.missevan/cn.missevan.activity.MainActivity', { action=ACTION_UP, id[0]=0, pointerCount=1, eventTime=352998097, downTime=352998096, phoneEventTime=15:33:33.497 } moveCount:0
06-19 15:33:33.518 21324 21324 E cn.missevan: No package ID ff found for ID 0xffffffff.
06-19 15:33:33.519 21324 21324 I HandWritingStubImpl: isKeyboardTypeChanged: false
06-19 15:33:33.523 21324 21324 I HandWritingStubImpl: isKeyboardTypeChanged: false
06-19 15:33:33.525 21263 21295 I appium  : Waiting up to 100ms for the device to idle
06-19 15:33:33.526  1265 22400 I SDM     : HWCSession::ProcessRequests: Pushing release fence in fenece wait queue.
06-19 15:33:33.526  1265 22400 I SDM     : HWCSession::ProcessRequests: Creating AsyncFenceWaits async thread.
06-19 15:33:33.526  1265 22400 I SDM     : HWCSession::ProcessRequests: Remove current CWB request from the pending request queue.
06-19 15:33:33.526  1265 22400 I SDM     : HWCSession::ProcessRequests: No pending cwb requests found in the queue.
06-19 15:33:33.527 21263 21295 I appium  : AppiumResponse: {"sessionId":"f8b112d5-1915-4650-999b-fc78bf049b38","value":null}
06-19 15:33:33.532  1265  1584 I SDM     : HWDeviceDRM::SetupConcurrentWriteback: Tear down the Concurrent Writeback topology
06-19 15:33:33.534  1265 22401 I SDM     : HWCSession::NotifyCWBStatus: Notify the client about buffer status 0.
06-19 15:33:33.534  1265 22401 I SDM     : HWCSession::PerformFenceWaits: Remove current release fence from the pending fence wait queue.
06-19 15:33:33.534  1265 22401 I SDM     : HWCSession::PerformFenceWaits: CWB fence queue is empty. No pending release fence to wait on.
06-19 15:33:33.537 21263 21295 I appium  : channel read: POST /wd/hub/session/f8b112d5-1915-4650-999b-fc78bf049b38/element
06-19 15:33:33.538 21324 21324 I HandWritingStubImpl: isKeyboardTypeChanged: false
06-19 15:33:33.538 21263 21295 I appium  : FindElement command
06-19 15:33:33.539 21263 21295 I appium  : method: 'id', selector: 'cn.missevan:id/header_download'
06-19 15:33:33.539 21263 21295 I appium  : Waiting up to 100ms for the device to idle
06-19 15:33:33.541 21324 21324 D DecorView[MainActivity]: getWindowModeFromSystem  windowmode is 1
06-19 15:33:33.541 21324 21324 D DecorView[MainActivity]: updateDecorCaptionStatus displayWindowDecor is false
06-19 15:33:33.544  2431  4801 I WindowManagerService: Physical orientation applied, rotation=0 sfOrientation=ORIENTATION_0
06-19 15:33:33.546 21324 21324 I HandWritingStubImpl: isKeyboardTypeChanged: false
06-19 15:33:33.546 21324 21324 I HandWritingStubImpl: isKeyboardTypeChanged: false
06-19 15:33:33.551 21324 21324 I HandWritingStubImpl: isKeyboardTypeChanged: false
06-19 15:33:33.551 21324 21324 I HandWritingStubImpl: isKeyboardTypeChanged: false
06-19 15:33:33.556 21324 21324 I HandWritingStubImpl: isKeyboardTypeChanged: false
06-19 15:33:33.566 21324 21324 I HandWritingStubImpl: isKeyboardTypeChanged: false
06-19 15:33:33.574 21324 21324 I HandWritingStubImpl: isKeyboardTypeChanged: false
06-19 15:33:33.583 21324 21324 I HandWritingStubImpl: isKeyboardTypeChanged: false
06-19 15:33:33.591 21324 21324 I HandWritingStubImpl: isKeyboardTypeChanged: false
06-19 15:33:33.600 21324 21324 I HandWritingStubImpl: isKeyboardTypeChanged: false
06-19 15:33:33.608 21324 21324 I HandWritingStubImpl: isKeyboardTypeChanged: false
06-19 15:33:33.616 21324 21324 I HandWritingStubImpl: isKeyboardTypeChanged: false
06-19 15:33:33.624 21324 21324 I HandWritingStubImpl: isKeyboardTypeChanged: false
06-19 15:33:33.632 21324 21324 I HandWritingStubImpl: isKeyboardTypeChanged: false
06-19 15:33:33.641 21324 21324 I HandWritingStubImpl: isKeyboardTypeChanged: false
06-19 15:33:33.649 21324 21324 I HandWritingStubImpl: isKeyboardTypeChanged: false
06-19 15:33:33.657 21324 21324 I HandWritingStubImpl: isKeyboardTypeChanged: false
06-19 15:33:33.665 21324 21324 I HandWritingStubImpl: isKeyboardTypeChanged: false
06-19 15:33:33.673 21324 21324 I HandWritingStubImpl: isKeyboardTypeChanged: false
06-19 15:33:33.675  2018  3127 D libsensor-displayalgo: the value of  brightness:438.000000,R:77296384.557271,G:77297133.237939,B:77313059.061408,EVENT_C:5817.500000,EVENT_R:2207.000000,EVENT_G:2983.500000,EVENT_B:1178.500000
06-19 15:33:33.675  2018  3127 I libsensor-displayalgo: the value of  Coef1:1107.681000,Coef4:2.383000, scale1:0.935522, scale4:0.923264
06-19 15:33:33.675  2018  3127 E libsensor-displayalgo: RGB_test_0407_400_oldzy!
06-19 15:33:33.676  2018  3127 I libsensor-displayalgo: the value of  RESULT3116.697536,1231.266004,1510.266625,565.233393
06-19 15:33:33.676  2018  3127 I libsensor-displayalgo: the value of  getChannelDataCalibrated3267.687221,1140.389644,1755.389210,616.914213
06-19 15:33:33.676  2018  3127 I libsensor-displayalgo: the value of  REAL LUX149.997482
06-19 15:33:33.676  2018  3127 I libsensor-displayalgo: the value of  CAL REAL LUX149.997482
06-19 15:33:33.682 21324 21324 I HandWritingStubImpl: isKeyboardTypeChanged: false
06-19 15:33:33.690 21324 21324 I HandWritingStubImpl: isKeyboardTypeChanged: false
06-19 15:33:33.698 21324 21324 I HandWritingStubImpl: isKeyboardTypeChanged: false
06-19 15:33:33.706 21324 21324 I HandWritingStubImpl: isKeyboardTypeChanged: false
06-19 15:33:33.714 21324 21324 I HandWritingStubImpl: isKeyboardTypeChanged: false
06-19 15:33:33.716  5405  9716 D SLM-SRV-SLAService: checktemp temperature = 37369 temperature_average = 37376 isPerformanceMode = false thermal_enable_slm = true
06-19 15:33:33.723 21324 21324 I HandWritingStubImpl: isKeyboardTypeChanged: false
06-19 15:33:33.731 21324 21324 I HandWritingStubImpl: isKeyboardTypeChanged: false
06-19 15:33:33.739 21324 21324 I HandWritingStubImpl: isKeyboardTypeChanged: false
06-19 15:33:33.748 21324 21324 I HandWritingStubImpl: isKeyboardTypeChanged: false
06-19 15:33:33.756 21324 21324 I HandWritingStubImpl: isKeyboardTypeChanged: false
06-19 15:33:33.761  1930  1967 I mstatdaemon: Entering time loop
06-19 15:33:33.761  1930  1967 I mstatdaemon: t = 1687160013
06-19 15:33:33.761  1930  1967 I mstatdaemon: translated_t = 1371170013
06-19 15:33:33.761  1930  1967 I mstat_log: mstatcommitLog log_alloc() failed
06-19 15:33:33.764 21324 21324 I HandWritingStubImpl: isKeyboardTypeChanged: false
06-19 15:33:33.772 21324 21324 I HandWritingStubImpl: isKeyboardTypeChanged: false
06-19 15:33:33.786 24537 24546 I atcher:autofil: This is non sticky GC, maxfree is 8388608 minfree is 2097152
06-19 15:33:33.867 21324 21324 I HandWritingStubImpl: isKeyboardTypeChanged: false
06-19 15:33:33.869 21263 21295 W QueryController: Could not detect idle state.
06-19 15:33:33.870 21324 21324 I HandWritingStubImpl: isKeyboardTypeChanged: false
06-19 15:33:33.878 21324 21324 E cn.missevan: Invalid ID 0x00000000.
06-19 15:33:33.879 21324 21324 E BLOG    : [main] Resource ID #0x0
06-19 15:33:33.879 21324 21324 E BLOG    : android.content.res.Resources$NotFoundException: Resource ID #0x0
06-19 15:33:33.879 21324 21324 E BLOG    : 	at android.content.res.ResourcesImpl.getValue(ResourcesImpl.java:244)
06-19 15:33:33.879 21324 21324 E BLOG    : 	at android.content.res.MiuiResourcesImpl.getValue(MiuiResourcesImpl.java:96)
06-19 15:33:33.879 21324 21324 E BLOG    : 	at android.content.res.Resources.loadXmlResourceParser(Resources.java:2534)
06-19 15:33:33.879 21324 21324 E BLOG    : 	at android.content.res.Resources.getAnimation(Resources.java:1328)
06-19 15:33:33.879 21324 21324 E BLOG    : 	at android.view.animation.AnimationUtils.loadAnimation(AnimationUtils.java:138)
06-19 15:33:33.879 21324 21324 E BLOG    : 	at me.yokeyword.fragmentation.SupportFragmentDelegate.o(SourceFile:4)
06-19 15:33:33.879 21324 21324 E BLOG    : 	at me.yokeyword.fragmentation.SupportFragmentDelegate.h(Unknown Source:0)
06-19 15:33:33.879 21324 21324 E BLOG    : 	at me.yokeyword.fragmentation.SupportFragmentDelegate$3.run(SourceFile:6)
06-19 15:33:33.879 21324 21324 E BLOG    : 	at android.os.Handler.handleCallback(Handler.java:938)
06-19 15:33:33.879 21324 21324 E BLOG    : 	at android.os.Handler.dispatchMessage(Handler.java:99)
06-19 15:33:33.879 21324 21324 E BLOG    : 	at android.os.Looper.loopOnce(Looper.java:211)
06-19 15:33:33.879 21324 21324 E BLOG    : 	at android.os.Looper.loop(Looper.java:300)
06-19 15:33:33.879 21324 21324 E BLOG    : 	at android.app.ActivityThread.main(ActivityThread.java:8258)
06-19 15:33:33.879 21324 21324 E BLOG    : 	at java.lang.reflect.Method.invoke(Native Method)
06-19 15:33:33.879 21324 21324 E BLOG    : 	at com.android.internal.os.RuntimeInit$MethodAndArgsCaller.run(RuntimeInit.java:556)
06-19 15:33:33.879 21324 21324 E BLOG    : 	at com.android.internal.os.ZygoteInit.main(ZygoteInit.java:1049)
06-19 15:33:33.892 21324 21324 I HandWritingStubImpl: isKeyboardTypeChanged: false
06-19 15:33:33.907 29212 29398 D MemoryCeilingMonitor: [handleMemoryCalculate]
06-19 15:33:33.907 29212 29398 D MemoryCeilingMonitor: [calculate] tot: 6305856, max: 268435456, free: 949568, heap: 5356288, per: 0.01995372772216797
06-19 15:33:33.911 21324 21324 I HandWritingStubImpl: isKeyboardTypeChanged: false
06-19 15:33:33.912  1265  2358 I vendor.qti.hardware.display.composer-service: FrameNotifyProcess Sensor: notify citsensorservice to trigger cwb
06-19 15:33:33.912  2018  2018 I libcitsensorservice@2.0-impl: msg_transfer
06-19 15:33:33.912  2018  3098 D vendor.xiaomi.sensor.citsensorservice@2.0-service: handle id:9 wxh:1280x2400 uwxuh:1080x2400 size: 9216000 fd:15 fd_meta:16 flags:0x4000228 usage:0x33  format:0x3 layer_count: 1
06-19 15:33:33.913  1265  1887 I SDM     : HWCSession::SetCWBOutputBuffer: CWB config passed by cwb_client : tappoint 1  CWB_ROI : (829.000000 4.000000 915.000000 90.000000)
06-19 15:33:33.916  1265 22403 I SDM     : HWCSession::ProcessRequests: Successfully configured CWB buffer.
06-19 15:33:33.923  1265 22403 I SDM     : HWCSession::ProcessRequests: Pushing release fence in fenece wait queue.
06-19 15:33:33.926  1265 22403 I SDM     : HWCSession::ProcessRequests: Creating AsyncFenceWaits async thread.
06-19 15:33:33.926  1265 22403 I SDM     : HWCSession::ProcessRequests: Remove current CWB request from the pending request queue.
06-19 15:33:33.928  1265  1584 I SDM     : HWDeviceDRM::SetupConcurrentWriteback: Tear down the Concurrent Writeback topology
06-19 15:33:33.928  1265 22403 I SDM     : HWCSession::ProcessRequests: No pending cwb requests found in the queue.
06-19 15:33:33.930 21324 21324 I HandWritingStubImpl: isKeyboardTypeChanged: false
06-19 15:33:33.937  1265 22404 I SDM     : HWCSession::NotifyCWBStatus: Notify the client about buffer status 0.
06-19 15:33:33.937  1265 22404 I SDM     : HWCSession::PerformFenceWaits: Remove current release fence from the pending fence wait queue.
06-19 15:33:33.937  1265 22404 I SDM     : HWCSession::PerformFenceWaits: CWB fence queue is empty. No pending release fence to wait on.
06-19 15:33:33.940 21324 21324 I HandWritingStubImpl: isKeyboardTypeChanged: false
06-19 15:33:33.941 21324 21334 I cn.missevan: This is sticky GC, maxfree is 8388608 minfree is 2097152
06-19 15:33:33.946 21324 21324 I HandWritingStubImpl: isKeyboardTypeChanged: false
06-19 15:33:33.954 21324 21324 I HandWritingStubImpl: isKeyboardTypeChanged: false
06-19 15:33:33.974  2018  3127 D libsensor-displayalgo: the value of  brightness:438.000000,R:47988757.326200,G:48145027.100294,B:48161513.952380,EVENT_C:5514.000000,EVENT_R:2108.000000,EVENT_G:2816.500000,EVENT_B:1113.500000
06-19 15:33:33.974  2018  3127 I libsensor-displayalgo: the value of  Coef1:1107.681000,Coef4:2.383000, scale1:0.935522, scale4:0.923264
06-19 15:33:33.974  2018  3127 E libsensor-displayalgo: RGB_test_0407_400_oldzy!
06-19 15:33:33.975  2018  3127 I libsensor-displayalgo: the value of  RESULT2250.470701,881.481425,1115.434704,401.761931
06-19 15:33:33.975  2018  3127 I libsensor-displayalgo: the value of  getChannelDataCalibrated2359.495674,816.421703,1296.474418,438.496112
06-19 15:33:33.975  2018  3127 I libsensor-displayalgo: the value of  REAL LUX188.260269
06-19 15:33:33.975  2018  3127 I libsensor-displayalgo: the value of  CAL REAL LUX188.260269
06-19 15:33:34.037 21324 21324 I HandWritingStubImpl: isKeyboardTypeChanged: false
06-19 15:33:34.046  5294 22578 W MiuiPerfServiceClient: interceptAndQueuing:21324|cn.missevan|159|117|352998547681798|Slow main thread|5
06-19 15:33:34.180 21263 21295 I appium  : AppiumResponse: {"sessionId":"f8b112d5-1915-4650-999b-fc78bf049b38","value":{"ELEMENT":"00000000-0000-0596-ffff-ffff00000a03","element-6066-11e4-a52e-4f735466cecf":"00000000-0000-0596-ffff-ffff00000a03"}}
06-19 15:33:34.201  1265  2358 I vendor.qti.hardware.display.composer-service: FrameNotifyProcess Sensor: notify citsensorservice to trigger cwb
06-19 15:33:34.202  2018  2108 I libcitsensorservice@2.0-impl: msg_transfer
06-19 15:33:34.202  2018  3098 D vendor.xiaomi.sensor.citsensorservice@2.0-service: handle id:9 wxh:1280x2400 uwxuh:1080x2400 size: 9216000 fd:15 fd_meta:16 flags:0x4000228 usage:0x33  format:0x3 layer_count: 1
06-19 15:33:34.203  1265  1887 I SDM     : HWCSession::SetCWBOutputBuffer: CWB config passed by cwb_client : tappoint 1  CWB_ROI : (829.000000 4.000000 915.000000 90.000000)
06-19 15:33:34.204  1265 22406 I SDM     : HWCSession::ProcessRequests: Successfully configured CWB buffer.
06-19 15:33:34.210  1265 22406 I SDM     : HWCSession::ProcessRequests: Pushing release fence in fenece wait queue.
06-19 15:33:34.210  1265 22406 I SDM     : HWCSession::ProcessRequests: Creating AsyncFenceWaits async thread.
06-19 15:33:34.214  1265 22406 I SDM     : HWCSession::ProcessRequests: Remove current CWB request from the pending request queue.
06-19 15:33:34.215 21263 21295 I appium  : channel read: POST /wd/hub/session/f8b112d5-1915-4650-999b-fc78bf049b38/element
06-19 15:33:34.215  1265 22406 I SDM     : HWCSession::ProcessRequests: No pending cwb requests found in the queue.
06-19 15:33:34.217 21263 21295 I appium  : FindElement command
06-19 15:33:34.222 21263 21295 I appium  : method: 'id', selector: 'cn.missevan:id/layout'
06-19 15:33:34.223 21263 21295 I appium  : Waiting up to 100ms for the device to idle
06-19 15:33:34.223  1265 22408 I SDM     : HWCSession::NotifyCWBStatus: Notify the client about buffer status 0.
06-19 15:33:34.223  1265  1584 I SDM     : HWDeviceDRM::SetupConcurrentWriteback: Tear down the Concurrent Writeback topology
06-19 15:33:34.223  1265  2358 I vendor.qti.hardware.display.composer-service: FrameNotifyProcess Sensor: notify citsensorservice to trigger cwb
06-19 15:33:34.223  1265 22408 I SDM     : HWCSession::PerformFenceWaits: Remove current release fence from the pending fence wait queue.
06-19 15:33:34.223  1265 22408 I SDM     : HWCSession::PerformFenceWaits: CWB fence queue is empty. No pending release fence to wait on.
06-19 15:33:34.224  2018  2108 I libcitsensorservice@2.0-impl: msg_transfer
06-19 15:33:34.225  2018  3098 D vendor.xiaomi.sensor.citsensorservice@2.0-service: handle id:9 wxh:1280x2400 uwxuh:1080x2400 size: 9216000 fd:15 fd_meta:16 flags:0x4000228 usage:0x33  format:0x3 layer_count: 1
06-19 15:33:34.225  1265  1887 I SDM     : HWCSession::SetCWBOutputBuffer: CWB config passed by cwb_client : tappoint 1  CWB_ROI : (829.000000 4.000000 915.000000 90.000000)
06-19 15:33:34.234  1265 22409 I SDM     : HWCSession::ProcessRequests: Successfully configured CWB buffer.
06-19 15:33:34.241  1265 22409 I SDM     : HWCSession::ProcessRequests: Pushing release fence in fenece wait queue.
06-19 15:33:34.241  1265 22409 I SDM     : HWCSession::ProcessRequests: Creating AsyncFenceWaits async thread.
06-19 15:33:34.241  1265 22409 I SDM     : HWCSession::ProcessRequests: Remove current CWB request from the pending request queue.
06-19 15:33:34.241  1265 22409 I SDM     : HWCSession::ProcessRequests: No pending cwb requests found in the queue.
06-19 15:33:34.248  1265  1584 I SDM     : HWDeviceDRM::SetupConcurrentWriteback: Tear down the Concurrent Writeback topology
06-19 15:33:34.255  1265 22410 I SDM     : HWCSession::NotifyCWBStatus: Notify the client about buffer status 0.
06-19 15:33:34.256  1265 22410 I SDM     : HWCSession::PerformFenceWaits: Remove current release fence from the pending fence wait queue.
06-19 15:33:34.256  1265 22410 I SDM     : HWCSession::PerformFenceWaits: CWB fence queue is empty. No pending release fence to wait on.
06-19 15:33:34.275  2018  3127 D libsensor-displayalgo: the value of  brightness:438.000000,R:38509569.398290,G:35844221.926418,B:38350710.247489,EVENT_C:4530.000000,EVENT_R:1796.500000,EVENT_G:2272.000000,EVENT_B:900.000000
06-19 15:33:34.275  2018  3127 I libsensor-displayalgo: the value of  Coef1:1107.681000,Coef4:2.383000, scale1:0.935522, scale4:0.923264
06-19 15:33:34.275  2018  3127 E libsensor-displayalgo: RGB_test_0407_400_oldzy!
06-19 15:33:34.276  2018  3127 I libsensor-displayalgo: the value of  RESULT1868.960827,740.209405,926.269137,329.910132
06-19 15:33:34.276  2018  3127 I libsensor-displayalgo: the value of  getChannelDataCalibrated1959.503398,685.576583,1076.606489,360.074708
06-19 15:33:34.276  2018  3127 I libsensor-displayalgo: the value of  REAL LUX150.057480
06-19 15:33:34.276  2018  3127 I libsensor-displayalgo: the value of  CAL REAL LUX150.057480
06-19 15:33:34.568 21263 21295 W QueryController: Could not detect idle state.
06-19 15:33:34.576  2018  3127 D libsensor-displayalgo: the value of  brightness:438.000000,R:38509569.398290,G:35844221.926418,B:38350710.247489,EVENT_C:4530.000000,EVENT_R:1796.500000,EVENT_G:2272.000000,EVENT_B:900.000000
06-19 15:33:34.576  2018  3127 I libsensor-displayalgo: the value of  Coef1:1107.681000,Coef4:2.383000, scale1:0.935522, scale4:0.923264
06-19 15:33:34.576  2018  3127 E libsensor-displayalgo: RGB_test_0407_400_oldzy!
06-19 15:33:34.576  2018  3127 I libsensor-displayalgo: the value of  RESULT1868.960827,740.209405,926.269137,329.910132
06-19 15:33:34.577  2018  3127 I libsensor-displayalgo: the value of  getChannelDataCalibrated1959.503398,685.576583,1076.606489,360.074708
06-19 15:33:34.577  2018  3127 I libsensor-displayalgo: the value of  REAL LUX150.057480
06-19 15:33:34.577  2018  3127 I libsensor-displayalgo: the value of  CAL REAL LUX150.057480
06-19 15:33:34.633 21263 21295 I appium  : AppiumResponse: {"sessionId":"f8b112d5-1915-4650-999b-fc78bf049b38","value":{"ELEMENT":"00000000-0000-0596-ffff-ffff00000a2b","element-6066-11e4-a52e-4f735466cecf":"00000000-0000-0596-ffff-ffff00000a2b"}}
06-19 15:33:34.646 21263 21295 I appium  : channel read: POST /wd/hub/session/f8b112d5-1915-4650-999b-fc78bf049b38/element/00000000-0000-0596-ffff-ffff00000a2b/click
06-19 15:33:34.647 21263 21295 I appium  : Click command
06-19 15:33:34.666  2431  5951 D MIUIInput: Input event injection from pid 21248, MotionEvent: DOWN
06-19 15:33:34.667  2431  2938 D MIUIInput: [MotionEvent] publisher action=0x4, 352999262, channel '7c87e50 NavigationBar0 (server)'
06-19 15:33:34.668  2431  2938 D MIUIInput: [MotionEvent] publisher action=0x0, 352999262, channel '85d50d9 cn.missevan/cn.missevan.activity.MainActivity (server)'
06-19 15:33:34.669  1265  2358 I vendor.qti.hardware.display.composer-service: FrameNotifyProcess Sensor: notify citsensorservice to trigger cwb
06-19 15:33:34.669  2018  2111 I libcitsensorservice@2.0-impl: msg_transfer
06-19 15:33:34.670  2018  3098 D vendor.xiaomi.sensor.citsensorservice@2.0-service: handle id:9 wxh:1280x2400 uwxuh:1080x2400 size: 9216000 fd:15 fd_meta:16 flags:0x4000228 usage:0x33  format:0x3 layer_count: 1
06-19 15:33:34.670  1265  1887 I SDM     : HWCSession::SetCWBOutputBuffer: CWB config passed by cwb_client : tappoint 1  CWB_ROI : (829.000000 4.000000 915.000000 90.000000)
06-19 15:33:34.670 21324 21324 D MIUIInput: [MotionEvent] ViewRootImpl windowName 'cn.missevan/cn.missevan.activity.MainActivity', { action=ACTION_DOWN, id[0]=0, pointerCount=1, eventTime=352999262, downTime=352999261, phoneEventTime=15:33:34.661 } moveCount:0
06-19 15:33:34.672  1265 22412 I SDM     : HWCSession::ProcessRequests: Successfully configured CWB buffer.
06-19 15:33:34.674  2431  5951 D MIUIInput: Input event injection from pid 21248, MotionEvent: UP
06-19 15:33:34.675  2431  2938 D MIUIInput: [MotionEvent] publisher action=0x1, 352999262, channel '85d50d9 cn.missevan/cn.missevan.activity.MainActivity (server)'
06-19 15:33:34.676 21324 21324 D MIUIInput: [MotionEvent] ViewRootImpl windowName 'cn.missevan/cn.missevan.activity.MainActivity', { action=ACTION_UP, id[0]=0, pointerCount=1, eventTime=352999262, downTime=352999261, phoneEventTime=15:33:34.662 } moveCount:0
06-19 15:33:34.677 21324 21324 E cn.missevan: No package ID ff found for ID 0xffffffff.
06-19 15:33:34.679  1265 22412 I SDM     : HWCSession::ProcessRequests: Pushing release fence in fenece wait queue.
06-19 15:33:34.679  1265 22412 I SDM     : HWCSession::ProcessRequests: Creating AsyncFenceWaits async thread.
06-19 15:33:34.679  1265 22412 I SDM     : HWCSession::ProcessRequests: Remove current CWB request from the pending request queue.
06-19 15:33:34.679  1265 22412 I SDM     : HWCSession::ProcessRequests: No pending cwb requests found in the queue.
06-19 15:33:34.684  1265  1584 I SDM     : HWDeviceDRM::SetupConcurrentWriteback: Tear down the Concurrent Writeback topology
06-19 15:33:34.691  1265 22413 I SDM     : HWCSession::NotifyCWBStatus: Notify the client about buffer status 0.
06-19 15:33:34.692  1265 22413 I SDM     : HWCSession::PerformFenceWaits: Remove current release fence from the pending fence wait queue.
06-19 15:33:34.692  1265 22413 I SDM     : HWCSession::PerformFenceWaits: CWB fence queue is empty. No pending release fence to wait on.
06-19 15:33:34.692 21263 21295 I appium  : Waiting up to 100ms for the device to idle
06-19 15:33:34.693 21263 21295 I appium  : AppiumResponse: {"sessionId":"f8b112d5-1915-4650-999b-fc78bf049b38","value":null}
06-19 15:33:34.697 21534 21534 I @@@BBPLOG: Info T847DE4F8 CPlayMain L330 It sets resume
06-19 15:33:34.703 21263 21295 I appium  : channel read: POST /wd/hub/session/f8b112d5-1915-4650-999b-fc78bf049b38/element
06-19 15:33:34.703 21263 21295 I appium  : FindElement command
06-19 15:33:34.705 21263 21295 I appium  : method: 'id', selector: 'cn.missevan:id/playViewsContainer'
06-19 15:33:34.705 21263 21295 I appium  : Waiting up to 100ms for the device to idle
06-19 15:33:34.762 21324 21324 I HandWritingStubImpl: isKeyboardTypeChanged: false
06-19 15:33:34.774 21324 21324 D IS_CTS_MODE: true
06-19 15:33:34.774 21324 21324 D MULTI_WINDOW_SWITCH_ENABLED: false
06-19 15:33:34.791  2431  6208 W InputManager-JNI: Input channel object '4208783 cn.missevan/cn.missevan.activity.MainActivity (client)' was disposed without first being removed with the input manager!
06-19 15:33:34.812 21324 21324 D DecorView[MainActivity]: getWindowModeFromSystem  windowmode is 1
06-19 15:33:34.812 21324 21324 D DecorView[MainActivity]: updateDecorCaptionStatus displayWindowDecor is false
06-19 15:33:34.816  2431  5951 I WindowManagerService: Physical orientation applied, rotation=0 sfOrientation=ORIENTATION_0
06-19 15:33:34.819 21324 21324 I HandWritingStubImpl: refreshLastKeyboardType: 1
06-19 15:33:34.819 21324 21324 I HandWritingStubImpl: getCurrentKeyboardType: 1
06-19 15:33:34.822 13581 13581 E BaseInputMethodService: onFinishInput
06-19 15:33:34.822 13581 13581 E BaseInputMethodService: onStartInput
06-19 15:33:34.825 13581 13581 E BaseInputMethodService: onComputeInsets
06-19 15:33:34.829 21324 21324 I HandWritingStubImpl: isKeyboardTypeChanged: false
06-19 15:33:34.840 13581 14378 D BLASTBufferQueue: releaseBufferCallback ReleaseCallbackId: bufferId:58329950847509 framenumber:16
06-19 15:33:34.852  2431  2645 W ProcessStats: Tracking association SourceState{bfb3302 com.android.phone/1001 BTopFgs #134104} whose proc state 2 is better than process ProcessState{90b8413 com.xiaomi.mirror/1000 pkg=com.xiaomi.mirror} proc state 3 (41 skipped)
06-19 15:33:34.875  2018  3127 D libsensor-displayalgo: the value of  brightness:438.000000,R:38509569.398290,G:35844221.926418,B:38350710.247489,EVENT_C:4531.000000,EVENT_R:1795.500000,EVENT_G:2270.500000,EVENT_B:900.000000
06-19 15:33:34.875  2018  3127 I libsensor-displayalgo: the value of  Coef1:1107.681000,Coef4:2.383000, scale1:0.935522, scale4:0.923264
06-19 15:33:34.875  2018  3127 E libsensor-displayalgo: RGB_test_0407_400_oldzy!
06-19 15:33:34.875  2018  3127 I libsensor-displayalgo: the value of  RESULT1868.960827,740.209405,926.269137,329.910132
06-19 15:33:34.875  2018  3127 I libsensor-displayalgo: the value of  getChannelDataCalibrated1959.503398,685.576583,1076.606489,360.074708
06-19 15:33:34.875  2018  3127 I libsensor-displayalgo: the value of  REAL LUX150.097504
06-19 15:33:34.876  2018  3127 I libsensor-displayalgo: the value of  CAL REAL LUX150.097504
06-19 15:33:34.896  5294 22578 W MiuiPerfServiceClient: interceptAndQueuing:4233|com.android.systemui|55|44|352951983077857|Slow handle traversal|3
06-19 15:33:34.912 21324 21324 I HandWritingStubImpl: refreshLastKeyboardType: 1
06-19 15:33:34.912 21324 21324 I HandWritingStubImpl: getCurrentKeyboardType: 1
06-19 15:33:34.914 13581 13581 E BaseInputMethodService: onFinishInput
06-19 15:33:34.915 13581 13581 E BaseInputMethodService: onStartInput
06-19 15:33:34.915 13581 13581 E BaseInputMethodService: onComputeInsets
06-19 15:33:34.920 21324 21324 I HandWritingStubImpl: isKeyboardTypeChanged: false
06-19 15:33:34.922 21324 21324 I HandWritingStubImpl: isKeyboardTypeChanged: false
06-19 15:33:34.925 21324 21324 I HandWritingStubImpl: isKeyboardTypeChanged: false
06-19 15:33:34.930 13581 14378 D BLASTBufferQueue: releaseBufferCallback ReleaseCallbackId: bufferId:58329950847510 framenumber:17
06-19 15:33:34.935 21324 21324 I HandWritingStubImpl: isKeyboardTypeChanged: false
06-19 15:33:34.940 21324 21324 I HandWritingStubImpl: isKeyboardTypeChanged: false
06-19 15:33:34.948 21324 21324 I HandWritingStubImpl: isKeyboardTypeChanged: false
06-19 15:33:34.956 21324 21324 I HandWritingStubImpl: isKeyboardTypeChanged: false
06-19 15:33:34.965 21324 21324 I HandWritingStubImpl: isKeyboardTypeChanged: false
06-19 15:33:34.971  1265  2358 I vendor.qti.hardware.display.composer-service: FrameNotifyProcess Sensor: notify citsensorservice to trigger cwb
06-19 15:33:34.972  2018  2111 I libcitsensorservice@2.0-impl: msg_transfer
06-19 15:33:34.973  2018  3098 D vendor.xiaomi.sensor.citsensorservice@2.0-service: handle id:9 wxh:1280x2400 uwxuh:1080x2400 size: 9216000 fd:15 fd_meta:16 flags:0x4000228 usage:0x33  format:0x3 layer_count: 1
06-19 15:33:34.973  1265  1887 I SDM     : HWCSession::SetCWBOutputBuffer: CWB config passed by cwb_client : tappoint 1  CWB_ROI : (829.000000 4.000000 915.000000 90.000000)
06-19 15:33:34.973 21324 21324 I HandWritingStubImpl: isKeyboardTypeChanged: false
06-19 15:33:34.974  1265 22415 I SDM     : HWCSession::ProcessRequests: Successfully configured CWB buffer.
06-19 15:33:34.981 21324 21324 I HandWritingStubImpl: isKeyboardTypeChanged: false
06-19 15:33:34.983  1265 22415 I SDM     : HWCSession::ProcessRequests: Pushing release fence in fenece wait queue.
06-19 15:33:34.983  1265 22415 I SDM     : HWCSession::ProcessRequests: Creating AsyncFenceWaits async thread.
06-19 15:33:34.984  1265 22415 I SDM     : HWCSession::ProcessRequests: Remove current CWB request from the pending request queue.
06-19 15:33:34.984  1265 22415 I SDM     : HWCSession::ProcessRequests: No pending cwb requests found in the queue.
06-19 15:33:34.988  1265  1584 I SDM     : HWDeviceDRM::SetupConcurrentWriteback: Tear down the Concurrent Writeback topology
06-19 15:33:34.990 21324 21324 I HandWritingStubImpl: isKeyboardTypeChanged: false
06-19 15:33:34.995  1265 22416 I SDM     : HWCSession::NotifyCWBStatus: Notify the client about buffer status 0.
06-19 15:33:34.996  1265 22416 I SDM     : HWCSession::PerformFenceWaits: Remove current release fence from the pending fence wait queue.
06-19 15:33:34.996  1265 22416 I SDM     : HWCSession::PerformFenceWaits: CWB fence queue is empty. No pending release fence to wait on.
06-19 15:33:34.998 21324 21324 I HandWritingStubImpl: isKeyboardTypeChanged: false
06-19 15:33:35.006 21324 21324 I HandWritingStubImpl: isKeyboardTypeChanged: false
06-19 15:33:35.014 21324 21324 I HandWritingStubImpl: isKeyboardTypeChanged: false
06-19 15:33:35.022 21324 21324 I HandWritingStubImpl: isKeyboardTypeChanged: false
06-19 15:33:35.031 21324 21324 I HandWritingStubImpl: isKeyboardTypeChanged: false
06-19 15:33:35.039 21324 21324 I HandWritingStubImpl: isKeyboardTypeChanged: false
06-19 15:33:35.047 21324 21324 I HandWritingStubImpl: isKeyboardTypeChanged: false
06-19 15:33:35.056 21324 21324 I HandWritingStubImpl: isKeyboardTypeChanged: false
06-19 15:33:35.064 21324 21324 I HandWritingStubImpl: isKeyboardTypeChanged: false
06-19 15:33:35.072 21324 21324 I HandWritingStubImpl: isKeyboardTypeChanged: false
06-19 15:33:35.080 21324 21324 I HandWritingStubImpl: isKeyboardTypeChanged: false
06-19 15:33:35.088 21324 21324 I HandWritingStubImpl: isKeyboardTypeChanged: false
06-19 15:33:35.097 21324 21324 I HandWritingStubImpl: isKeyboardTypeChanged: false
06-19 15:33:35.105 21324 21324 I HandWritingStubImpl: isKeyboardTypeChanged: false
06-19 15:33:35.114 21324 21324 I HandWritingStubImpl: isKeyboardTypeChanged: false
06-19 15:33:35.121 21324 21324 I HandWritingStubImpl: isKeyboardTypeChanged: false
06-19 15:33:35.129 21324 21324 I HandWritingStubImpl: isKeyboardTypeChanged: false
06-19 15:33:35.138 21324 21324 I HandWritingStubImpl: isKeyboardTypeChanged: false
06-19 15:33:35.146 21324 21324 I HandWritingStubImpl: isKeyboardTypeChanged: false
06-19 15:33:35.152 21263 21295 I appium  : AppiumResponse: {"sessionId":"f8b112d5-1915-4650-999b-fc78bf049b38","value":{"ELEMENT":"00000000-0000-0596-ffff-ffff00000ab1","element-6066-11e4-a52e-4f735466cecf":"00000000-0000-0596-ffff-ffff00000ab1"}}
06-19 15:33:35.154 21324 21324 I HandWritingStubImpl: isKeyboardTypeChanged: false
06-19 15:33:35.162 21324 21324 I HandWritingStubImpl: isKeyboardTypeChanged: false
06-19 15:33:35.170 21324 21324 I HandWritingStubImpl: isKeyboardTypeChanged: false
06-19 15:33:35.174  2018  3127 D libsensor-displayalgo: the value of  brightness:438.000000,R:55462108.002963,G:53276657.611459,B:55456050.625393,EVENT_C:5443.000000,EVENT_R:2089.000000,EVENT_G:2783.000000,EVENT_B:1101.500000
06-19 15:33:35.174  2018  3127 I libsensor-displayalgo: the value of  Coef1:1107.681000,Coef4:2.383000, scale1:0.935522, scale4:0.923264
06-19 15:33:35.174  2018  3127 E libsensor-displayalgo: RGB_test_0407_400_oldzy!
06-19 15:33:35.175  2018  3127 I libsensor-displayalgo: the value of  RESULT2437.111561,965.444375,1192.743071,436.488658
06-19 15:33:35.175  2018  3127 I libsensor-displayalgo: the value of  getChannelDataCalibrated2555.178427,894.187579,1386.330256,476.397998
06-19 15:33:35.175  2018  3127 I libsensor-displayalgo: the value of  REAL LUX171.528580
06-19 15:33:35.176  2018  3127 I libsensor-displayalgo: the value of  CAL REAL LUX171.528580
06-19 15:33:35.179 21324 21324 I HandWritingStubImpl: isKeyboardTypeChanged: false
06-19 15:33:35.188 21324 21324 I HandWritingStubImpl: isKeyboardTypeChanged: false
06-19 15:33:35.195 21324 21324 I HandWritingStubImpl: isKeyboardTypeChanged: false
06-19 15:33:35.203 21324 21324 I HandWritingStubImpl: isKeyboardTypeChanged: false
06-19 15:33:35.212 21324 21324 I HandWritingStubImpl: isKeyboardTypeChanged: false
06-19 15:33:35.220 21324 21324 I HandWritingStubImpl: isKeyboardTypeChanged: false
06-19 15:33:35.229 21324 21324 I HandWritingStubImpl: isKeyboardTypeChanged: false
06-19 15:33:35.237 21324 21324 I HandWritingStubImpl: isKeyboardTypeChanged: false
06-19 15:33:35.245 21324 21324 I HandWritingStubImpl: isKeyboardTypeChanged: false
06-19 15:33:35.253 21324 21324 I HandWritingStubImpl: isKeyboardTypeChanged: false
06-19 15:33:35.262 21324 21324 I HandWritingStubImpl: isKeyboardTypeChanged: false
06-19 15:33:35.270 21324 21324 I HandWritingStubImpl: isKeyboardTypeChanged: false
06-19 15:33:35.278 21324 21324 I HandWritingStubImpl: isKeyboardTypeChanged: false
06-19 15:33:35.285  1265  2358 I vendor.qti.hardware.display.composer-service: FrameNotifyProcess Sensor: notify citsensorservice to trigger cwb
06-19 15:33:35.285  2018  2108 I libcitsensorservice@2.0-impl: msg_transfer
06-19 15:33:35.285  2018  3098 D vendor.xiaomi.sensor.citsensorservice@2.0-service: handle id:9 wxh:1280x2400 uwxuh:1080x2400 size: 9216000 fd:15 fd_meta:16 flags:0x4000228 usage:0x33  format:0x3 layer_count: 1
06-19 15:33:35.286  1265  1887 I SDM     : HWCSession::SetCWBOutputBuffer: CWB config passed by cwb_client : tappoint 1  CWB_ROI : (829.000000 4.000000 915.000000 90.000000)
06-19 15:33:35.286 21324 21324 I HandWritingStubImpl: isKeyboardTypeChanged: false
06-19 15:33:35.287  1265 22417 I SDM     : HWCSession::ProcessRequests: Successfully configured CWB buffer.
06-19 15:33:35.294  1265 22417 I SDM     : HWCSession::ProcessRequests: Pushing release fence in fenece wait queue.
06-19 15:33:35.294  1265 22417 I SDM     : HWCSession::ProcessRequests: Creating AsyncFenceWaits async thread.
06-19 15:33:35.294  1265 22417 I SDM     : HWCSession::ProcessRequests: Remove current CWB request from the pending request queue.
06-19 15:33:35.294 21324 21324 I HandWritingStubImpl: isKeyboardTypeChanged: false
06-19 15:33:35.294  1265 22417 I SDM     : HWCSession::ProcessRequests: No pending cwb requests found in the queue.
06-19 15:33:35.300  1265  1584 I SDM     : HWDeviceDRM::SetupConcurrentWriteback: Tear down the Concurrent Writeback topology
06-19 15:33:35.308  1265 22418 I SDM     : HWCSession::NotifyCWBStatus: Notify the client about buffer status 0.
06-19 15:33:35.309  1265 22418 I SDM     : HWCSession::PerformFenceWaits: Remove current release fence from the pending fence wait queue.
06-19 15:33:35.309  1265 22418 I SDM     : HWCSession::PerformFenceWaits: CWB fence queue is empty. No pending release fence to wait on.
06-19 15:33:35.320 21324 21324 I HandWritingStubImpl: isKeyboardTypeChanged: false
06-19 15:33:35.346 21324 21324 I HandWritingStubImpl: isKeyboardTypeChanged: false
06-19 15:33:35.358 21324 21324 I HandWritingStubImpl: isKeyboardTypeChanged: false
06-19 15:33:35.362 21324 21324 I HandWritingStubImpl: isKeyboardTypeChanged: false
06-19 15:33:35.372 21324 21324 I HandWritingStubImpl: isKeyboardTypeChanged: false
06-19 15:33:35.382 21534 21534 I @@@BBPLOG: Info T847DE4F8 CPlayMain L283 The Session UUID: 5682e812-bb6b-4aca-9cc9-09a32758aaed
06-19 15:33:35.385 21324 21324 I HandWritingStubImpl: isKeyboardTypeChanged: false
06-19 15:33:35.388 21534 21534 I @@@BBPLOG: Info T847DE4F8 bbPlayer L143 Open source: http://cn-jsnt-ct-01-30.bilivideo.com/mefmxcodeboss/aod/202011/07/749a44ed0e4b2c0ccb9c960e94035c5a104613-128k.m4a?e=ig8euxZM2rNcNbdlhoNvNC8BqJIzNbfqXBvEuENvNC8aNEVEtEvE9IMvXBvE2ENvNCImNEVEIj0Y2J_aug859r1qXg8xNEVE5XREto8GuFGv2U7SuxI72X6fTr859IB_&uipk=5&nbs=1&deadline=1687167215&gen=playurlv2&os=bcache&oi=3729190097&trid=0000d0a0c2fc03d049fb95d1d67883a2fe63B&mid=0&platform=android&upsig=8fcc3588efcaddaeb5b7e9a791623b35&uparams=e,uipk,nbs,deadline,gen,os,oi,trid,mid,platform&cdnid=9924&bvc=vod&nettype=0&orderid=0,1&logo=00000000
06-19 15:33:35.390 21534 21719 I @@@BBPLOG: Info TAA2D1CB0 CPlayMain L707 Open task cache enable
06-19 15:33:35.393 21324 21324 I HandWritingStubImpl: isKeyboardTypeChanged: false
06-19 15:33:35.395  2431  4801 D ConnectivityService: requestNetwork for uid/pid:10494/21534 activeRequest: null callbackRequest: 2337 [NetworkRequest [ REQUEST id=2338, [ Capabilities: INTERNET&NOT_RESTRICTED&TRUSTED&NOT_VCN_MANAGED Uid: 10494 RequestorUid: 10494 RequestorPkg: cn.missevan] ]] callback flags: 0 priority: 2147483647
06-19 15:33:35.396 21534 21719 I @@@BBPLOG: Info TAA2D1CB0 CFileSrc L53 Open url: http://cn-jsnt-ct-01-30.bilivideo.com/mefmxcodeboss/aod/202011/07/749a44ed0e4b2c0ccb9c960e94035c5a104613-128k.m4a?e=ig8euxZM2rNcNbdlhoNvNC8BqJIzNbfqXBvEuENvNC8aNEVEtEvE9IMvXBvE2ENvNCImNEVEIj0Y2J_aug859r1qXg8xNEVE5XREto8GuFGv2U7SuxI72X6fTr859IB_&uipk=5&nbs=1&deadline=1687167215&gen=playurlv2&os=bcache&oi=3729190097&trid=0000d0a0c2fc03d049fb95d1d67883a2fe63B&mid=0&platform=android&upsig=8fcc3588efcaddaeb5b7e9a791623b35&uparams=e,uipk,nbs,deadline,gen,os,oi,trid,mid,platform&cdnid=9924&bvc=vod&nettype=0&orderid=0,1&logo=00000000, flag: 0x1000
06-19 15:33:35.397  2431  3373 D ConnectivityService: NetReassign [2338 : null  142]
06-19 15:33:35.397 21534 21719 I @@@BBPLOG: Info TAA2D1CB0 CBPMFileIO L76 Get .bpm cache, header size: 671, media size: 1528161, cache chunk size: 262144, cached chunk cnt: 6, cache chunk cnt: 6
06-19 15:33:35.397 21534 21719 I @@@BBPLOG: Info TAA2D1CB0 CCacheIO L224 Read from cache, file name /data/user/0/cn.missevan/cache/bbp/player/main/08ffebf1fbe39343f4454bec538160dd.bpm
06-19 15:33:35.397 21534 21719 I @@@BBPLOG: Info TAA2D1CB0 CCacheIO L238 Open done, IOProtocol: file+cache
06-19 15:33:35.399  2431  3346 D WifiNetworkFactory: got request NetworkRequest [ REQUEST id=2338, [ Capabilities: INTERNET&NOT_RESTRICTED&TRUSTED&NOT_VCN_MANAGED Uid: 10494 RequestorUid: 10494 RequestorPkg: cn.missevan] ]
06-19 15:33:35.399  2431  3346 D UntrustedWifiNetworkFactory: got request NetworkRequest [ REQUEST id=2338, [ Capabilities: INTERNET&NOT_RESTRICTED&TRUSTED&NOT_VCN_MANAGED Uid: 10494 RequestorUid: 10494 RequestorPkg: cn.missevan] ]
06-19 15:33:35.399  2431  3346 D OemPaidWifiNetworkFactory: got request NetworkRequest [ REQUEST id=2338, [ Capabilities: INTERNET&NOT_RESTRICTED&TRUSTED&NOT_VCN_MANAGED Uid: 10494 RequestorUid: 10494 RequestorPkg: cn.missevan] ]
06-19 15:33:35.401 21324 21324 I HandWritingStubImpl: isKeyboardTypeChanged: false
06-19 15:33:35.409 21324 21324 I HandWritingStubImpl: isKeyboardTypeChanged: false
06-19 15:33:35.417 21534 21719 I @@@BBPLOG: Info TAA2D1CB0 CSrcEng L115 The source format is: 1, size: 262144, 70797466
06-19 15:33:35.417 21324 21324 I HandWritingStubImpl: isKeyboardTypeChanged: false
06-19 15:33:35.417 21534 21719 I @@@BBPLOG: Info TAA2D1CB0 BBPFuncLog L113 ----CMP4ParserBase::ReadBoxMoov Value is 00000000 start.
06-19 15:33:35.418 21534 21719 I @@@BBPLOG: Info TAA2D1CB0 BBPFuncLog L140 ----CMP4ParserBase::ReadBoxMoov leave! no return. Ussed Time: 1
06-19 15:33:35.425 21534 22425 I @@@BBPLOG: Info TAC231CB0 CAudioTrackRnd L40 Create audio render: CAudioTrackRnd
06-19 15:33:35.425 21534 22419 I @@@BBPLOG: Info TAE491CB0 CRndNDK L129 First Frame: 36 ms, dns: 0 ms, req: 0 ms, rsp: 0 ms, dat: 0 ms
06-19 15:33:35.425 21324 21324 I HandWritingStubImpl: isKeyboardTypeChanged: false
06-19 15:33:35.426 21534 22425 I @@@BBPLOG: Info TAC231CB0 CAudioTrackRnd L73 Init audio, sample rate: 44100, channels: 2, sizePerSecond: 176400
06-19 15:33:35.430  1383  1383 D APM_AudioPolicyManager: selectOutput flags 8
06-19 15:33:35.434 21324 21324 I HandWritingStubImpl: isKeyboardTypeChanged: false
06-19 15:33:35.436  1383  2199 D AudioFlinger: updateWakeLockUids_l AudioOut_D uids:
