06-19 15:33:25.245  1265 22300 I SDM     : HWCSession::PerformFenceWaits: CWB fence queue is empty. No pending release fence to wait on.
06-19 15:33:25.248 21324 21324 I HandWritingStubImpl: isKeyboardTypeChanged: false
06-19 15:33:25.256 21324 21324 I HandWritingStubImpl: isKeyboardTypeChanged: false
06-19 15:33:25.265 21324 21324 I HandWritingStubImpl: isKeyboardTypeChanged: false
06-19 15:33:25.273 21324 21324 I HandWritingStubImpl: isKeyboardTypeChanged: false
06-19 15:33:25.275  2018  3127 D libsensor-displayalgo: the value of  brightness:438.000000,R:77296384.557271,G:77297133.237939,B:77313059.061408,EVENT_C:5851.000000,EVENT_R:2217.000000,EVENT_G:3001.000000,EVENT_B:1185.000000
06-19 15:33:25.275  2018  3127 I libsensor-displayalgo: the value of  Coef1:1107.681000,Coef4:2.383000, scale1:0.935522, scale4:0.923264
06-19 15:33:25.275  2018  3127 E libsensor-displayalgo: RGB_test_0407_400_oldzy!
06-19 15:33:25.276  2018  3127 I libsensor-displayalgo: the value of  RESULT3116.697536,1231.266004,1510.266625,565.233393
06-19 15:33:25.276  2018  3127 I libsensor-displayalgo: the value of  getChannelDataCalibrated3267.687221,1140.389644,1755.389210,616.914213
06-19 15:33:25.276  2018  3127 I libsensor-displayalgo: the value of  REAL LUX152.252945
06-19 15:33:25.276  2018  3127 I libsensor-displayalgo: the value of  CAL REAL LUX152.252945
06-19 15:33:25.282 21324 21324 I HandWritingStubImpl: isKeyboardTypeChanged: false
06-19 15:33:25.290 21324 21324 I HandWritingStubImpl: isKeyboardTypeChanged: false
06-19 15:33:25.297 21324 21324 I HandWritingStubImpl: isKeyboardTypeChanged: false
06-19 15:33:25.305 21324 21324 I HandWritingStubImpl: isKeyboardTypeChanged: false
06-19 15:33:25.313 21324 21324 I HandWritingStubImpl: isKeyboardTypeChanged: false
06-19 15:33:25.322 21324 21324 I HandWritingStubImpl: isKeyboardTypeChanged: false
06-19 15:33:25.330 21324 21324 I HandWritingStubImpl: isKeyboardTypeChanged: false
06-19 15:33:25.338 21324 21324 I HandWritingStubImpl: isKeyboardTypeChanged: false
06-19 15:33:25.346 21324 21324 I HandWritingStubImpl: isKeyboardTypeChanged: false
06-19 15:33:25.354 21324 21324 I HandWritingStubImpl: isKeyboardTypeChanged: false
06-19 15:33:25.363 21324 21324 I HandWritingStubImpl: isKeyboardTypeChanged: false
06-19 15:33:25.371 21324 21324 I HandWritingStubImpl: isKeyboardTypeChanged: false
06-19 15:33:25.380 21324 21324 I HandWritingStubImpl: isKeyboardTypeChanged: false
06-19 15:33:25.388 21324 21324 I HandWritingStubImpl: isKeyboardTypeChanged: false
06-19 15:33:25.396 21324 21324 I HandWritingStubImpl: isKeyboardTypeChanged: false
06-19 15:33:25.404 21324 21324 I HandWritingStubImpl: isKeyboardTypeChanged: false
06-19 15:33:25.412 21324 21324 I HandWritingStubImpl: isKeyboardTypeChanged: false
06-19 15:33:25.420 21324 21324 I HandWritingStubImpl: isKeyboardTypeChanged: false
06-19 15:33:25.429 21324 21324 I HandWritingStubImpl: isKeyboardTypeChanged: false
06-19 15:33:25.437 21324 21324 I HandWritingStubImpl: isKeyboardTypeChanged: false
06-19 15:33:25.445 21324 21324 I HandWritingStubImpl: isKeyboardTypeChanged: false
06-19 15:33:25.454 21324 21324 I HandWritingStubImpl: isKeyboardTypeChanged: false
06-19 15:33:25.462 21324 21324 I HandWritingStubImpl: isKeyboardTypeChanged: false
06-19 15:33:25.470 21324 21324 I HandWritingStubImpl: isKeyboardTypeChanged: false
06-19 15:33:25.478 21324 21324 I HandWritingStubImpl: isKeyboardTypeChanged: false
06-19 15:33:25.486 21324 21324 I HandWritingStubImpl: isKeyboardTypeChanged: false
06-19 15:33:25.494 21324 21324 I HandWritingStubImpl: isKeyboardTypeChanged: false
06-19 15:33:25.503 21324 21324 I HandWritingStubImpl: isKeyboardTypeChanged: false
06-19 15:33:25.511 21324 21324 I HandWritingStubImpl: isKeyboardTypeChanged: false
06-19 15:33:25.519 21324 21324 I HandWritingStubImpl: isKeyboardTypeChanged: false
06-19 15:33:25.528 21324 21324 I HandWritingStubImpl: isKeyboardTypeChanged: false
06-19 15:33:25.536 21324 21324 I HandWritingStubImpl: isKeyboardTypeChanged: false
06-19 15:33:25.544 21324 21324 I HandWritingStubImpl: isKeyboardTypeChanged: false
06-19 15:33:25.552 21324 21324 I HandWritingStubImpl: isKeyboardTypeChanged: false
06-19 15:33:25.560 21324 21324 I HandWritingStubImpl: isKeyboardTypeChanged: false
06-19 15:33:25.568 21324 21324 I HandWritingStubImpl: isKeyboardTypeChanged: false
06-19 15:33:25.574  2018  3127 D libsensor-displayalgo: the value of  brightness:438.000000,R:77296384.557271,G:77297133.237939,B:77313059.061408,EVENT_C:5851.000000,EVENT_R:2217.000000,EVENT_G:3001.000000,EVENT_B:1185.000000
06-19 15:33:25.575  2018  3127 I libsensor-displayalgo: the value of  Coef1:1107.681000,Coef4:2.383000, scale1:0.935522, scale4:0.923264
06-19 15:33:25.575  2018  3127 E libsensor-displayalgo: RGB_test_0407_400_oldzy!
06-19 15:33:25.575  2018  3127 I libsensor-displayalgo: the value of  RESULT3116.697536,1231.266004,1510.266625,565.233393
06-19 15:33:25.575  2018  3127 I libsensor-displayalgo: the value of  getChannelDataCalibrated3267.687221,1140.389644,1755.389210,616.914213
06-19 15:33:25.575  2018  3127 I libsensor-displayalgo: the value of  REAL LUX152.252945
06-19 15:33:25.575  2018  3127 I libsensor-displayalgo: the value of  CAL REAL LUX152.252945
06-19 15:33:25.577 21324 21324 I HandWritingStubImpl: isKeyboardTypeChanged: false
06-19 15:33:25.585 21324 21324 I HandWritingStubImpl: isKeyboardTypeChanged: false
06-19 15:33:25.593 21324 21324 I HandWritingStubImpl: isKeyboardTypeChanged: false
06-19 15:33:25.601 21263 21295 I appium  : channel read: POST /wd/hub/session/f8b112d5-1915-4650-999b-fc78bf049b38/appium/device/press_keycode
06-19 15:33:25.601 21324 21324 I HandWritingStubImpl: isKeyboardTypeChanged: false
06-19 15:33:25.602 21263 21295 I appium  : PressKeyCode command
06-19 15:33:25.602 21263 21295 I appium  : Calling PressKeyCode...
06-19 15:33:25.610 21324 21324 I HandWritingStubImpl: isKeyboardTypeChanged: false
06-19 15:33:25.618 21324 21324 I HandWritingStubImpl: isKeyboardTypeChanged: false
06-19 15:33:25.626 21324 21324 I HandWritingStubImpl: isKeyboardTypeChanged: false
06-19 15:33:25.634  2431  6205 W MiuiInputKeyEventLog: keyCode:4 down:true eventTime:352990227 downTime:352990227 policyFlags:2b000000 flags:0 metaState:0 deviceId:-1 isScreenOn:true keyguardActive:false repeatCount:0
06-19 15:33:25.635 21324 21324 I HandWritingStubImpl: isKeyboardTypeChanged: false
06-19 15:33:25.635  1265  2358 I vendor.qti.hardware.display.composer-service: FrameNotifyProcess Sensor: notify citsensorservice to trigger cwb
06-19 15:33:25.635  2018  2018 I libcitsensorservice@2.0-impl: msg_transfer
06-19 15:33:25.636  2431  6205 D WindowManager: interceptKeyTq keycode=4 interactive=true keyguardActive=false policyFlags=2b000000
06-19 15:33:25.637  2018  3098 D vendor.xiaomi.sensor.citsensorservice@2.0-service: handle id:9 wxh:1280x2400 uwxuh:1080x2400 size: 9216000 fd:15 fd_meta:16 flags:0x4000228 usage:0x33  format:0x3 layer_count: 1
06-19 15:33:25.637  2431  6205 D MIUIInput: Input event injection from pid 21248, KeyEvent:DOWN, keycode:4
06-19 15:33:25.637  1265  1887 I SDM     : HWCSession::SetCWBOutputBuffer: CWB config passed by cwb_client : tappoint 1  CWB_ROI : (829.000000 4.000000 915.000000 90.000000)
06-19 15:33:25.637  2431  2635 W ActivityManager: Sending non-protected broadcast miui.intent.KEYCODE_BACK from system 2431:system/1000 pkg android. Callers=com.android.server.am.ActivityManagerService.broadcastIntentLocked:13794 com.android.server.am.ActivityManagerService.broadcastIntentLocked:13204 com.android.server.am.ActivityManagerService.broadcastIntentWithFeature:14053 android.app.ContextImpl.sendBroadcastAsUser:1400 com.android.server.policy.BaseMiuiPhoneWindowManager$16.run:2837
06-19 15:33:25.637  2431  2635 W ActivityManager: Sending non-protected broadcast miui.intent.KEYCODE_BACK from system 2431:system/1000 pkg android. Callers=com.android.server.am.ActivityManagerService.broadcastIntentLocked:13893 com.android.server.am.ActivityManagerService.broadcastIntentLocked:13204 com.android.server.am.ActivityManagerService.broadcastIntentWithFeature:14053 android.app.ContextImpl.sendBroadcastAsUser:1400 com.android.server.policy.BaseMiuiPhoneWindowManager$16.run:2837
06-19 15:33:25.638  2431  2938 D WindowManager: interceptKeyTi keyCode=4 down=true repeatCount=0 keyguardOn=false canceled=false
06-19 15:33:25.639  1265 22302 I SDM     : HWCSession::ProcessRequests: Successfully configured CWB buffer.
06-19 15:33:25.640  2431  2938 D MIUIInput: [KeyEvent] publisher action:0x0,  keyCode:4 , 352990227,channel '85d50d9 cn.missevan/cn.missevan.activity.MainActivity (server)'
06-19 15:33:25.641 21324 21324 D MIUIInput: [KeyEvent] ViewRootImpl windowName 'cn.missevan/cn.missevan.activity.MainActivity', KeyEvent { action=ACTION_DOWN, keyCode=KEYCODE_BACK, scanCode=0, metaState=0, flags=0x0, repeatCount=0, eventTime=352990227, downTime=352990227, deviceId=-1, source=0x101, displayId=-1 }, phoneEventTime=15:33:25.626
06-19 15:33:25.643 21324 21324 I HandWritingStubImpl: isKeyboardTypeChanged: false
06-19 15:33:25.644  2431  4792 W MiuiInputKeyEventLog: keyCode:4 down:false eventTime:352990227 downTime:352990227 policyFlags:2b000000 flags:0 metaState:0 deviceId:-1 isScreenOn:true keyguardActive:false repeatCount:0
06-19 15:33:25.645  2431  4792 D WindowManager: interceptKeyTq keycode=4 interactive=true keyguardActive=false policyFlags=2b000000
06-19 15:33:25.645  1265 22302 I SDM     : HWCSession::ProcessRequests: Pushing release fence in fenece wait queue.
06-19 15:33:25.645  1265 22302 I SDM     : HWCSession::ProcessRequests: Creating AsyncFenceWaits async thread.
06-19 15:33:25.645  2431  4792 D MIUIInput: Input event injection from pid 21248, KeyEvent:UP, keycode:4
06-19 15:33:25.646  1265 22302 I SDM     : HWCSession::ProcessRequests: Remove current CWB request from the pending request queue.
06-19 15:33:25.646  2431  2938 D WindowManager: interceptKeyTi keyCode=4 down=false repeatCount=0 keyguardOn=false canceled=false
06-19 15:33:25.646  1265 22302 I SDM     : HWCSession::ProcessRequests: No pending cwb requests found in the queue.
06-19 15:33:25.646  2431  2938 D MIUIInput: [KeyEvent] publisher action:0x1,  keyCode:4 , 352990227,channel '85d50d9 cn.missevan/cn.missevan.activity.MainActivity (server)'
06-19 15:33:25.647  2431  2635 W ActivityManager: Sending non-protected broadcast miui.intent.KEYCODE_BACK from system 2431:system/1000 pkg android. Callers=com.android.server.am.ActivityManagerService.broadcastIntentLocked:13794 com.android.server.am.ActivityManagerService.broadcastIntentLocked:13204 com.android.server.am.ActivityManagerService.broadcastIntentWithFeature:14053 android.app.ContextImpl.sendBroadcastAsUser:1400 com.android.server.policy.BaseMiuiPhoneWindowManager$16.run:2837
06-19 15:33:25.647 21324 21324 D MIUIInput: [KeyEvent] ViewRootImpl windowName 'cn.missevan/cn.missevan.activity.MainActivity', KeyEvent { action=ACTION_UP, keyCode=KEYCODE_BACK, scanCode=0, metaState=0, flags=0x0, repeatCount=0, eventTime=352990227, downTime=352990227, deviceId=-1, source=0x101, displayId=-1 }, phoneEventTime=15:33:25.627
06-19 15:33:25.648  2431  2635 W ActivityManager: Sending non-protected broadcast miui.intent.KEYCODE_BACK from system 2431:system/1000 pkg android. Callers=com.android.server.am.ActivityManagerService.broadcastIntentLocked:13893 com.android.server.am.ActivityManagerService.broadcastIntentLocked:13204 com.android.server.am.ActivityManagerService.broadcastIntentWithFeature:14053 android.app.ContextImpl.sendBroadcastAsUser:1400 com.android.server.policy.BaseMiuiPhoneWindowManager$16.run:2837
06-19 15:33:25.650 21324 21324 I HandWritingStubImpl: isKeyboardTypeChanged: false
06-19 15:33:25.651 21324 21324 I HandWritingStubImpl: getCurrentKeyboardType: 1
06-19 15:33:25.651  1265  1584 I SDM     : HWDeviceDRM::SetupConcurrentWriteback: Tear down the Concurrent Writeback topology
06-19 15:33:25.654 13581 13581 E BaseInputMethodService: onStartInput
06-19 15:33:25.656 21324 21324 I HandWritingStubImpl: isKeyboardTypeChanged: false
06-19 15:33:25.657 21324 21324 I HandWritingStubImpl: isKeyboardTypeChanged: false
06-19 15:33:25.657  1265 22303 I SDM     : HWCSession::NotifyCWBStatus: Notify the client about buffer status 0.
06-19 15:33:25.657  1265 22303 I SDM     : HWCSession::PerformFenceWaits: Remove current release fence from the pending fence wait queue.
06-19 15:33:25.658 21324 21324 I HandWritingStubImpl: isKeyboardTypeChanged: false
06-19 15:33:25.659 21324 21324 I HandWritingStubImpl: isKeyboardTypeChanged: false
06-19 15:33:25.662 21263 21295 I appium  : AppiumResponse: {"sessionId":"f8b112d5-1915-4650-999b-fc78bf049b38","value":null}
06-19 15:33:25.657  1265 22303 I SDM     : HWCSession::PerformFenceWaits: CWB fence queue is empty. No pending release fence to wait on.
06-19 15:33:25.662  5294 22578 W MiuiPerfServiceClient: interceptAndQueuing:21324|cn.missevan|89|58|352989566303572|Slow handle traversal|2
06-19 15:33:25.830  1265  2358 I vendor.qti.hardware.display.composer-service: FrameNotifyProcess Sensor: notify citsensorservice to trigger cwb
06-19 15:33:25.831  2018  2018 I libcitsensorservice@2.0-impl: msg_transfer
06-19 15:33:25.832  2018  3098 D vendor.xiaomi.sensor.citsensorservice@2.0-service: handle id:9 wxh:1280x2400 uwxuh:1080x2400 size: 9216000 fd:15 fd_meta:16 flags:0x4000228 usage:0x33  format:0x3 layer_count: 1
06-19 15:33:25.832  1265  1887 I SDM     : HWCSession::SetCWBOutputBuffer: CWB config passed by cwb_client : tappoint 1  CWB_ROI : (829.000000 4.000000 915.000000 90.000000)
06-19 15:33:25.833  1265 22304 I SDM     : HWCSession::ProcessRequests: Successfully configured CWB buffer.
06-19 15:33:25.841  1265 22304 I SDM     : HWCSession::ProcessRequests: Pushing release fence in fenece wait queue.
06-19 15:33:25.843  1265 22304 I SDM     : HWCSession::ProcessRequests: Creating AsyncFenceWaits async thread.
06-19 15:33:25.844  1265 22304 I SDM     : HWCSession::ProcessRequests: Remove current CWB request from the pending request queue.
06-19 15:33:25.844  1265 22304 I SDM     : HWCSession::ProcessRequests: No pending cwb requests found in the queue.
06-19 15:33:25.847  1265  1584 I SDM     : HWDeviceDRM::SetupConcurrentWriteback: Tear down the Concurrent Writeback topology
06-19 15:33:25.854 21324 21324 I HandWritingStubImpl: isKeyboardTypeChanged: false
06-19 15:33:25.854  1265 22306 I SDM     : HWCSession::NotifyCWBStatus: Notify the client about buffer status 0.
06-19 15:33:25.854 21324 21324 D InputMethodManager: showSoftInput() view=cn.missevan.view.widget.SkinCompatClearableEditText{83bbf89 VFED..CL. .F...... 28,19-942,102 #7f0b0468 app:id/et_search aid=1073741943} flags=2 reason=SHOW_SOFT_INPUT
06-19 15:33:25.854  1265 22306 I SDM     : HWCSession::PerformFenceWaits: Remove current release fence from the pending fence wait queue.
06-19 15:33:25.854  1265 22306 I SDM     : HWCSession::PerformFenceWaits: CWB fence queue is empty. No pending release fence to wait on.
06-19 15:33:25.854  2431  4792 I InputMethodManagerService: IMMS.showSoftInput(), client = com.android.internal.view.IInputMethodClient$Stub$Proxy@fa8c337
06-19 15:33:25.854  2431  4792 I InputMethodManagerService: IMMS.showCurrentInputLocked(), curMethod = com.android.internal.view.IInputMethod$Stub$Proxy@ce34ce5, flags = 2
06-19 15:33:25.855  2431  4792 I InputMethodManagerService: IMMS.showCurrentInputLocked request ims to show inputMethod.
06-19 15:33:25.856  5858  5878 D MirrorManager:  sendAcceptInput 1 0
06-19 15:33:25.857 13581 13581 V InputMethod: IMS.showSoftInput()
06-19 15:33:25.857 13581 13581 E BaseInputMethodService: onConfigureWindow
06-19 15:33:25.857 13581 13581 E BaseInputMethodService: onStartInputView
06-19 15:33:25.858 13581 13581 I InputMethodService: customizeBottomViewColor, isCustom : true
06-19 15:33:25.858 13581 13581 I IMEBottomManager: customizeBottomViewColor, isCustom : true
06-19 15:33:25.858 21324 21324 I HandWritingStubImpl: isKeyboardTypeChanged: false
06-19 15:33:25.862 13581 13581 I RichImeStatus: onConfigImeType:[curLanId: 0, imeType: 2]
06-19 15:33:25.864 13581 22088 W System.err: java.lang.SecurityException: getDataNetworkTypeForSubscriber
06-19 15:33:25.864 13581 22088 W System.err: 	at android.os.Parcel.createExceptionOrNull(Parcel.java:2426)
06-19 15:33:25.864 13581 22088 W System.err: 	at android.os.Parcel.createException(Parcel.java:2410)
06-19 15:33:25.864 13581 22088 W System.err: 	at android.os.Parcel.readException(Parcel.java:2393)
06-19 15:33:25.864 13581 22088 W System.err: 	at android.os.Parcel.readException(Parcel.java:2335)
06-19 15:33:25.864 13581 22088 W System.err: 	at com.android.internal.telephony.ITelephony$Stub$Proxy.getNetworkTypeForSubscriber(ITelephony.java:9323)
06-19 15:33:25.864 13581 22088 W System.err: 	at android.telephony.TelephonyManager.getNetworkType(TelephonyManager.java:2971)
06-19 15:33:25.864 13581 22088 W System.err: 	at android.telephony.TelephonyManager.getNetworkType(TelephonyManager.java:2935)
06-19 15:33:25.864 13581 22088 W System.err: 	at com.sogou.bu.basic.util.InfoManager.t(SogouSource:468)
06-19 15:33:25.864 13581 22088 W System.err: 	at com.sohu.inputmethod.flx.b.n(SogouSource:203)
06-19 15:33:25.864 13581 22088 W System.err: 	at cnh$j.a(SogouSource:750)
06-19 15:33:25.864 13581 22088 W System.err: 	at cnh.a(SogouSource:1931)
06-19 15:33:25.864 13581 22088 W System.err: 	at cnl.a(SogouSource:562)
06-19 15:33:25.864 13581 22088 W System.err: 	at com.sohu.inputmethod.sogou.MainImeServiceDel.hQ(SogouSource:9765)
06-19 15:33:25.865 13581 22088 W System.err: 	at com.sohu.inputmethod.sogou.MainImeServiceDel.lambda$hDNuEpXxMoRkwa0gwYA6-uVthVo(Unknown Source:0)
06-19 15:33:25.865 13581 22088 W System.err: 	at com.sohu.inputmethod.sogou.-$$Lambda$MainImeServiceDel$hDNuEpXxMoRkwa0gwYA6-uVthVo.call(Unknown Source:2)
06-19 15:33:25.865 13581 22088 W System.err: 	at bad.call(SogouSource:82)
06-19 15:33:25.865 13581 22088 W System.err: 	at bab.a(SogouSource:143)
06-19 15:33:25.865 13581 22088 W System.err: 	at bab.a(SogouSource:128)
06-19 15:33:25.865 13581 22088 W System.err: 	at bay$a.run(SogouSource:77)
06-19 15:33:25.865 13581 22088 W System.err: 	at bbd.run(SogouSource:70)
06-19 15:33:25.865 13581 22088 W System.err: 	at java.util.concurrent.ThreadPoolExecutor.runWorker(ThreadPoolExecutor.java:1167)
06-19 15:33:25.865 13581 22088 W System.err: 	at java.util.concurrent.ThreadPoolExecutor$Worker.run(ThreadPoolExecutor.java:641)
06-19 15:33:25.865 13581 22088 W System.err: 	at java.lang.Thread.run(Thread.java:920)
06-19 15:33:25.870  2431  4792 I InputMethodManagerService: IMMS.applyImeVisibility(), setVisible = true, mCurclient = ClientState{de00bc8 uid=10494 pid=21324 displayId=0}
06-19 15:33:25.871  2431  4792 I WindowManager: WMS.showImePostLayout(), imeTarget = Window{85d50d9 u0 cn.missevan/cn.missevan.activity.MainActivity}
06-19 15:33:25.872  2431  2638 I ImeInsetsSourceProvider: ImeInsetsSourceProvider.scheduleShowImePostLayout() Run showImeRunner.
06-19 15:33:25.872  2431  2638 I ImeInsetsSourceProvider: ImeInsetsSourceProvider.scheduleShowImePostLayout() isReadyToShowIme.
06-19 15:33:25.873 21324 21324 D InsetsController: show(ime(), fromIme=true)
06-19 15:33:25.874  2018  3127 D libsensor-displayalgo: the value of  brightness:438.000000,R:77296384.557271,G:77297133.237939,B:77313059.061408,EVENT_C:5884.000000,EVENT_R:2232.000000,EVENT_G:3018.500000,EVENT_B:1192.500000
06-19 15:33:25.874  2018  3127 I libsensor-displayalgo: the value of  Coef1:1107.681000,Coef4:2.383000, scale1:0.935522, scale4:0.923264
06-19 15:33:25.874  2018  3127 E libsensor-displayalgo: RGB_test_0407_400_oldzy!
06-19 15:33:25.874  2018  3127 I libsensor-displayalgo: the value of  RESULT3116.697536,1231.266004,1510.266625,565.233393
06-19 15:33:25.874  2018  3127 I libsensor-displayalgo: the value of  getChannelDataCalibrated3267.687221,1140.389644,1755.389210,616.914213
06-19 15:33:25.874  2018  3127 I libsensor-displayalgo: the value of  REAL LUX154.203369
06-19 15:33:25.874  2018  3127 I libsensor-displayalgo: the value of  CAL REAL LUX154.203369
06-19 15:33:25.875 21324 21324 I HandWritingStubImpl: isKeyboardTypeChanged: false
06-19 15:33:25.876  2431  2893 I WindowManagerService: Physical orientation applied, rotation=0 sfOrientation=ORIENTATION_0
06-19 15:33:25.877 13581 13581 E BaseInputMethodService: onComputeInsets
06-19 15:33:25.887 13581 13581 E BaseInputMethodService: onComputeInsets
06-19 15:33:25.888  2431  2637 I WindowManager: input method visible height changed 885
06-19 15:33:25.888 13581 13600 D BLASTBufferQueue: releaseBufferCallback ReleaseCallbackId: bufferId:58329950847505 framenumber:3
06-19 15:33:25.890  5735  5735 I f       : startRecord newCounts: 43
06-19 15:33:25.939  1265  2358 I vendor.qti.hardware.display.composer-service: FrameNotifyProcess Sensor: notify citsensorservice to trigger cwb
06-19 15:33:25.939  4233  4233 I OneHandedController: stopOneHanded mState=STATE_NONE, uiEvent=ONE_HANDED_TRIGGER_POP_IME_OUT
06-19 15:33:25.940  2018  2111 I libcitsensorservice@2.0-impl: msg_transfer
06-19 15:33:25.940  2018  3098 D vendor.xiaomi.sensor.citsensorservice@2.0-service: handle id:9 wxh:1280x2400 uwxuh:1080x2400 size: 9216000 fd:15 fd_meta:16 flags:0x4000228 usage:0x33  format:0x3 layer_count: 1
06-19 15:33:25.940  1265  1887 I SDM     : HWCSession::SetCWBOutputBuffer: CWB config passed by cwb_client : tappoint 1  CWB_ROI : (829.000000 4.000000 915.000000 90.000000)
06-19 15:33:25.941  1265 22307 I SDM     : HWCSession::ProcessRequests: Successfully configured CWB buffer.
06-19 15:33:25.949  1265 22307 I SDM     : HWCSession::ProcessRequests: Pushing release fence in fenece wait queue.
06-19 15:33:25.949  1265 22307 I SDM     : HWCSession::ProcessRequests: Creating AsyncFenceWaits async thread.
06-19 15:33:25.949  1265 22307 I SDM     : HWCSession::ProcessRequests: Remove current CWB request from the pending request queue.
06-19 15:33:25.949  1265 22307 I SDM     : HWCSession::ProcessRequests: No pending cwb requests found in the queue.
06-19 15:33:25.954  1265  1584 I SDM     : HWDeviceDRM::SetupConcurrentWriteback: Tear down the Concurrent Writeback topology
06-19 15:33:25.961  1265 22308 I SDM     : HWCSession::NotifyCWBStatus: Notify the client about buffer status 0.
06-19 15:33:25.961  1265 22308 I SDM     : HWCSession::PerformFenceWaits: Remove current release fence from the pending fence wait queue.
06-19 15:33:25.961  1265 22308 I SDM     : HWCSession::PerformFenceWaits: CWB fence queue is empty. No pending release fence to wait on.
06-19 15:33:26.161 21324 21324 I HandWritingStubImpl: isKeyboardTypeChanged: false
06-19 15:33:26.162 21324 21324 I HandWritingStubImpl: isKeyboardTypeChanged: false
06-19 15:33:26.175  2018  3127 D libsensor-displayalgo: the value of  brightness:438.000000,R:77296384.557271,G:77297133.237939,B:77313059.061408,EVENT_C:5892.000000,EVENT_R:2238.000000,EVENT_G:3021.000000,EVENT_B:1195.000000
06-19 15:33:26.175  2018  3127 I libsensor-displayalgo: the value of  Coef1:1107.681000,Coef4:2.383000, scale1:0.935522, scale4:0.923264
06-19 15:33:26.175  2018  3127 E libsensor-displayalgo: RGB_test_0407_400_oldzy!
06-19 15:33:26.175  2018  3127 I libsensor-displayalgo: the value of  RESULT3116.697536,1231.266004,1510.266625,565.233393
06-19 15:33:26.175  2018  3127 I libsensor-displayalgo: the value of  getChannelDataCalibrated3267.687221,1140.389644,1755.389210,616.914213
06-19 15:33:26.175  2018  3127 I libsensor-displayalgo: the value of  REAL LUX154.452393
06-19 15:33:26.175  2018  3127 I libsensor-displayalgo: the value of  CAL REAL LUX154.452393
06-19 15:33:26.327  1265  2358 I vendor.qti.hardware.display.composer-service: FrameNotifyProcess Sensor: notify citsensorservice to trigger cwb
06-19 15:33:26.328  2018  2018 I libcitsensorservice@2.0-impl: msg_transfer
06-19 15:33:26.328  2018  3098 D vendor.xiaomi.sensor.citsensorservice@2.0-service: handle id:9 wxh:1280x2400 uwxuh:1080x2400 size: 9216000 fd:15 fd_meta:16 flags:0x4000228 usage:0x33  format:0x3 layer_count: 1
06-19 15:33:26.329  1265  1887 I SDM     : HWCSession::SetCWBOutputBuffer: CWB config passed by cwb_client : tappoint 1  CWB_ROI : (829.000000 4.000000 915.000000 90.000000)
06-19 15:33:26.329  1265 22310 I SDM     : HWCSession::ProcessRequests: Successfully configured CWB buffer.
06-19 15:33:26.336  1265 22310 I SDM     : HWCSession::ProcessRequests: Pushing release fence in fenece wait queue.
06-19 15:33:26.336  1265 22310 I SDM     : HWCSession::ProcessRequests: Creating AsyncFenceWaits async thread.
06-19 15:33:26.336  1265  2358 I vendor.qti.hardware.display.composer-service: FrameNotifyProcess Sensor: notify citsensorservice to trigger cwb
06-19 15:33:26.336  1265 22310 I SDM     : HWCSession::ProcessRequests: Remove current CWB request from the pending request queue.
06-19 15:33:26.336  1265 22310 I SDM     : HWCSession::ProcessRequests: No pending cwb requests found in the queue.
06-19 15:33:26.337  2018  2018 I libcitsensorservice@2.0-impl: msg_transfer
06-19 15:33:26.340  1265  1584 I SDM     : HWDeviceDRM::SetupConcurrentWriteback: Tear down the Concurrent Writeback topology
06-19 15:33:26.347  1265 22312 I SDM     : HWCSession::NotifyCWBStatus: Notify the client about buffer status 0.
06-19 15:33:26.348  1265 22312 I SDM     : HWCSession::PerformFenceWaits: Remove current release fence from the pending fence wait queue.
06-19 15:33:26.348  1265 22312 I SDM     : HWCSession::PerformFenceWaits: CWB fence queue is empty. No pending release fence to wait on.
06-19 15:33:26.475  2018  3127 D libsensor-displayalgo: the value of  brightness:438.000000,R:77296384.557271,G:77297133.237939,B:77313059.061408,EVENT_C:5910.000000,EVENT_R:2241.500000,EVENT_G:3029.500000,EVENT_B:1198.000000
06-19 15:33:26.476  2018  3127 I libsensor-displayalgo: the value of  Coef1:1107.681000,Coef4:2.383000, scale1:0.935522, scale4:0.923264
06-19 15:33:26.476  2018  3127 E libsensor-displayalgo: RGB_test_0407_400_oldzy!
06-19 15:33:26.476  2018  3127 I libsensor-displayalgo: the value of  RESULT3116.697536,1231.266004,1510.266625,565.233393
06-19 15:33:26.476  2018  3127 I libsensor-displayalgo: the value of  getChannelDataCalibrated3267.687221,1140.389644,1755.389210,616.914213
06-19 15:33:26.476  2018  3127 I libsensor-displayalgo: the value of  REAL LUX155.733856
06-19 15:33:26.476  2018  3127 I libsensor-displayalgo: the value of  CAL REAL LUX155.733856
06-19 15:33:26.655 21324 21324 I HandWritingStubImpl: isKeyboardTypeChanged: false
06-19 15:33:26.656 21324 21324 I HandWritingStubImpl: isKeyboardTypeChanged: false
06-19 15:33:26.669  1265  2358 I vendor.qti.hardware.display.composer-service: FrameNotifyProcess Sensor: notify citsensorservice to trigger cwb
06-19 15:33:26.670  2018  2111 I libcitsensorservice@2.0-impl: msg_transfer
06-19 15:33:26.670  2018  3098 D vendor.xiaomi.sensor.citsensorservice@2.0-service: handle id:9 wxh:1280x2400 uwxuh:1080x2400 size: 9216000 fd:15 fd_meta:16 flags:0x4000228 usage:0x33  format:0x3 layer_count: 1
06-19 15:33:26.670  1265  1887 I SDM     : HWCSession::SetCWBOutputBuffer: CWB config passed by cwb_client : tappoint 1  CWB_ROI : (829.000000 4.000000 915.000000 90.000000)
06-19 15:33:26.671  1265 22314 I SDM     : HWCSession::ProcessRequests: Successfully configured CWB buffer.
06-19 15:33:26.679  1265 22314 I SDM     : HWCSession::ProcessRequests: Pushing release fence in fenece wait queue.
06-19 15:33:26.680  1265 22314 I SDM     : HWCSession::ProcessRequests: Creating AsyncFenceWaits async thread.
06-19 15:33:26.680  1265 22314 I SDM     : HWCSession::ProcessRequests: Remove current CWB request from the pending request queue.
06-19 15:33:26.680  1265 22314 I SDM     : HWCSession::ProcessRequests: No pending cwb requests found in the queue.
06-19 15:33:26.686  1265  1584 I SDM     : HWDeviceDRM::SetupConcurrentWriteback: Tear down the Concurrent Writeback topology
06-19 15:33:26.693  1265 22315 I SDM     : HWCSession::NotifyCWBStatus: Notify the client about buffer status 0.
06-19 15:33:26.694  1265 22315 I SDM     : HWCSession::PerformFenceWaits: Remove current release fence from the pending fence wait queue.
06-19 15:33:26.694  1265 22315 I SDM     : HWCSession::PerformFenceWaits: CWB fence queue is empty. No pending release fence to wait on.
06-19 15:33:26.776  2018  3127 D libsensor-displayalgo: the value of  brightness:438.000000,R:77296384.557271,G:77297133.237939,B:77313059.061408,EVENT_C:5859.000000,EVENT_R:2221.000000,EVENT_G:3004.000000,EVENT_B:1187.000000
06-19 15:33:26.776  2018  3127 I libsensor-displayalgo: the value of  Coef1:1107.681000,Coef4:2.383000, scale1:0.935522, scale4:0.923264
06-19 15:33:26.776  2018  3127 E libsensor-displayalgo: RGB_test_0407_400_oldzy!
06-19 15:33:26.776  2018  3127 I libsensor-displayalgo: the value of  RESULT3116.697536,1231.266004,1510.266625,565.233393
06-19 15:33:26.776  2018  3127 I libsensor-displayalgo: the value of  getChannelDataCalibrated3267.687221,1140.389644,1755.389210,616.914213
06-19 15:33:26.776  2018  3127 I libsensor-displayalgo: the value of  REAL LUX152.640747
06-19 15:33:26.776  2018  3127 I libsensor-displayalgo: the value of  CAL REAL LUX152.640747
06-19 15:33:26.799 21263 21295 I appium  : channel read: POST /wd/hub/session/f8b112d5-1915-4650-999b-fc78bf049b38/appium/device/press_keycode
06-19 15:33:26.800 21263 21295 I appium  : PressKeyCode command
06-19 15:33:26.800 21263 21295 I appium  : Calling PressKeyCode...
06-19 15:33:26.811  2431  2893 W MiuiInputKeyEventLog: keyCode:4 down:true eventTime:352991403 downTime:352991403 policyFlags:2b000000 flags:0 metaState:0 deviceId:-1 isScreenOn:true keyguardActive:false repeatCount:0
06-19 15:33:26.812  2431  2893 D WindowManager: interceptKeyTq keycode=4 interactive=true keyguardActive=false policyFlags=2b000000
06-19 15:33:26.812  2431  2893 D MIUIInput: Input event injection from pid 21248, KeyEvent:DOWN, keycode:4
06-19 15:33:26.812  2431  2635 W ActivityManager: Sending non-protected broadcast miui.intent.KEYCODE_BACK from system 2431:system/1000 pkg android. Callers=com.android.server.am.ActivityManagerService.broadcastIntentLocked:13794 com.android.server.am.ActivityManagerService.broadcastIntentLocked:13204 com.android.server.am.ActivityManagerService.broadcastIntentWithFeature:14053 android.app.ContextImpl.sendBroadcastAsUser:1400 com.android.server.policy.BaseMiuiPhoneWindowManager$16.run:2837
06-19 15:33:26.813  2431  2635 W ActivityManager: Sending non-protected broadcast miui.intent.KEYCODE_BACK from system 2431:system/1000 pkg android. Callers=com.android.server.am.ActivityManagerService.broadcastIntentLocked:13893 com.android.server.am.ActivityManagerService.broadcastIntentLocked:13204 com.android.server.am.ActivityManagerService.broadcastIntentWithFeature:14053 android.app.ContextImpl.sendBroadcastAsUser:1400 com.android.server.policy.BaseMiuiPhoneWindowManager$16.run:2837
06-19 15:33:26.813  2431  2938 D WindowManager: interceptKeyTi keyCode=4 down=true repeatCount=0 keyguardOn=false canceled=false
06-19 15:33:26.814  2431  2938 D MIUIInput: [KeyEvent] publisher action:0x0,  keyCode:4 , 352991403,channel '85d50d9 cn.missevan/cn.missevan.activity.MainActivity (server)'
06-19 15:33:26.815 21324 21324 D MIUIInput: [KeyEvent] ViewRootImpl windowName 'cn.missevan/cn.missevan.activity.MainActivity', KeyEvent { action=ACTION_DOWN, keyCode=KEYCODE_BACK, scanCode=0, metaState=0, flags=0x0, repeatCount=0, eventTime=352991403, downTime=352991403, deviceId=-1, source=0x101, displayId=-1 }, phoneEventTime=15:33:26.803
06-19 15:33:26.818  2431  6205 W MiuiInputKeyEventLog: keyCode:4 down:false eventTime:352991403 downTime:352991403 policyFlags:2b000000 flags:0 metaState:0 deviceId:-1 isScreenOn:true keyguardActive:false repeatCount:0
06-19 15:33:26.820  2431  2635 W ActivityManager: Sending non-protected broadcast miui.intent.KEYCODE_BACK from system 2431:system/1000 pkg android. Callers=com.android.server.am.ActivityManagerService.broadcastIntentLocked:13794 com.android.server.am.ActivityManagerService.broadcastIntentLocked:13204 com.android.server.am.ActivityManagerService.broadcastIntentWithFeature:14053 android.app.ContextImpl.sendBroadcastAsUser:1400 com.android.server.policy.BaseMiuiPhoneWindowManager$16.run:2837
06-19 15:33:26.820  2431  2635 W ActivityManager: Sending non-protected broadcast miui.intent.KEYCODE_BACK from system 2431:system/1000 pkg android. Callers=com.android.server.am.ActivityManagerService.broadcastIntentLocked:13893 com.android.server.am.ActivityManagerService.broadcastIntentLocked:13204 com.android.server.am.ActivityManagerService.broadcastIntentWithFeature:14053 android.app.ContextImpl.sendBroadcastAsUser:1400 com.android.server.policy.BaseMiuiPhoneWindowManager$16.run:2837
06-19 15:33:26.821  2431  6205 D WindowManager: interceptKeyTq keycode=4 interactive=true keyguardActive=false policyFlags=2b000000
06-19 15:33:26.822  2431  6205 D MIUIInput: Input event injection from pid 21248, KeyEvent:UP, keycode:4
06-19 15:33:26.822  2431  2938 D WindowManager: interceptKeyTi keyCode=4 down=false repeatCount=0 keyguardOn=false canceled=false
06-19 15:33:26.822  2431  2938 D MIUIInput: [KeyEvent] publisher action:0x1,  keyCode:4 , 352991403,channel '85d50d9 cn.missevan/cn.missevan.activity.MainActivity (server)'
06-19 15:33:26.823 21324 21324 D MIUIInput: [KeyEvent] ViewRootImpl windowName 'cn.missevan/cn.missevan.activity.MainActivity', KeyEvent { action=ACTION_UP, keyCode=KEYCODE_BACK, scanCode=0, metaState=0, flags=0x0, repeatCount=0, eventTime=352991403, downTime=352991403, deviceId=-1, source=0x101, displayId=-1 }, phoneEventTime=15:33:26.802
06-19 15:33:26.823 13581 13581 E BaseInputMethodService: onFinishInputView
06-19 15:33:26.824 21324 21324 I HandWritingStubImpl: isKeyboardTypeChanged: false
06-19 15:33:26.826 21324 21324 I HandWritingStubImpl: isKeyboardTypeChanged: false
06-19 15:33:26.829  5858  5878 D MirrorManager:  sendAcceptInput 0 0
06-19 15:33:26.830 13581 13581 E BaseInputMethodService: onComputeInsets
06-19 15:33:26.833  2431  5951 I InputMethodManagerService: IMMS.applyImeVisibility(), setVisible = false, mCurclient = ClientState{de00bc8 uid=10494 pid=21324 displayId=0}
06-19 15:33:26.833 13581 13581 E BaseInputMethodService: onConfigureWindow
06-19 15:33:26.837 21324 21324 I HandWritingStubImpl: isKeyboardTypeChanged: false
06-19 15:33:26.838  2431  2893 I WindowManagerService: Physical orientation applied, rotation=0 sfOrientation=ORIENTATION_0
06-19 15:33:26.839 13581 13581 D DecorView[InputMethod]: updateDecorCaptionStatus displayWindowDecor is false
06-19 15:33:26.839 13581 13581 E BaseInputMethodService: onComputeInsets
06-19 15:33:26.844  2431  2637 I WindowManager: input method visible height changed 0
06-19 15:33:26.847 21263 21295 I appium  : AppiumResponse: {"sessionId":"f8b112d5-1915-4650-999b-fc78bf049b38","value":null}
06-19 15:33:26.848  5735  5735 I f       : endRecord usedTime: 143783
06-19 15:33:26.852  2431  6205 I WindowManagerService: Physical orientation applied, rotation=0 sfOrientation=ORIENTATION_0
06-19 15:33:26.853 13581 13581 E BaseInputMethodService: onComputeInsets
06-19 15:33:26.976  1265  2358 I vendor.qti.hardware.display.composer-service: FrameNotifyProcess Sensor: notify citsensorservice to trigger cwb
06-19 15:33:26.976  2018  2018 I libcitsensorservice@2.0-impl: msg_transfer
06-19 15:33:26.977  2018  3098 D vendor.xiaomi.sensor.citsensorservice@2.0-service: handle id:9 wxh:1280x2400 uwxuh:1080x2400 size: 9216000 fd:15 fd_meta:16 flags:0x4000228 usage:0x33  format:0x3 layer_count: 1
06-19 15:33:26.977  1265  1887 I SDM     : HWCSession::SetCWBOutputBuffer: CWB config passed by cwb_client : tappoint 1  CWB_ROI : (829.000000 4.000000 915.000000 90.000000)
06-19 15:33:26.979  1265 22318 I SDM     : HWCSession::ProcessRequests: Successfully configured CWB buffer.
06-19 15:33:26.986  1265 22318 I SDM     : HWCSession::ProcessRequests: Pushing release fence in fenece wait queue.
06-19 15:33:26.986  1265 22318 I SDM     : HWCSession::ProcessRequests: Creating AsyncFenceWaits async thread.
06-19 15:33:26.986  1265 22318 I SDM     : HWCSession::ProcessRequests: Remove current CWB request from the pending request queue.
06-19 15:33:26.986  1265 22318 I SDM     : HWCSession::ProcessRequests: No pending cwb requests found in the queue.
06-19 15:33:26.991  1265  1584 I SDM     : HWDeviceDRM::SetupConcurrentWriteback: Tear down the Concurrent Writeback topology
06-19 15:33:26.999  1265 22319 I SDM     : HWCSession::NotifyCWBStatus: Notify the client about buffer status 0.
06-19 15:33:26.999  1265 22319 I SDM     : HWCSession::PerformFenceWaits: Remove current release fence from the pending fence wait queue.
06-19 15:33:26.999  1265 22319 I SDM     : HWCSession::PerformFenceWaits: CWB fence queue is empty. No pending release fence to wait on.
06-19 15:33:27.075  2018  3127 D libsensor-displayalgo: the value of  brightness:438.000000,R:77296384.557271,G:77297133.237939,B:77313059.061408,EVENT_C:5890.500000,EVENT_R:2232.000000,EVENT_G:3020.000000,EVENT_B:1194.000000
06-19 15:33:27.075  2018  3127 I libsensor-displayalgo: the value of  Coef1:1107.681000,Coef4:2.383000, scale1:0.935522, scale4:0.923264
06-19 15:33:27.075  2018  3127 E libsensor-displayalgo: RGB_test_0407_400_oldzy!
06-19 15:33:27.076  2018  3127 I libsensor-displayalgo: the value of  RESULT3116.697536,1231.266004,1510.266625,565.233393
06-19 15:33:27.076  2018  3127 I libsensor-displayalgo: the value of  getChannelDataCalibrated3267.687221,1140.389644,1755.389210,616.914213
06-19 15:33:27.076  2018  3127 I libsensor-displayalgo: the value of  REAL LUX154.608490
06-19 15:33:27.076  2018  3127 I libsensor-displayalgo: the value of  CAL REAL LUX154.608490
06-19 15:33:27.156 21324 21324 I HandWritingStubImpl: isKeyboardTypeChanged: false
06-19 15:33:27.157 21324 21324 I HandWritingStubImpl: isKeyboardTypeChanged: false
06-19 15:33:27.322  1265  2358 I vendor.qti.hardware.display.composer-service: FrameNotifyProcess Sensor: notify citsensorservice to trigger cwb
06-19 15:33:27.322  2018  2018 I libcitsensorservice@2.0-impl: msg_transfer
06-19 15:33:27.322  2018  3098 D vendor.xiaomi.sensor.citsensorservice@2.0-service: handle id:9 wxh:1280x2400 uwxuh:1080x2400 size: 9216000 fd:15 fd_meta:16 flags:0x4000228 usage:0x33  format:0x3 layer_count: 1
06-19 15:33:27.323  1265  1887 I SDM     : HWCSession::SetCWBOutputBuffer: CWB config passed by cwb_client : tappoint 1  CWB_ROI : (829.000000 4.000000 915.000000 90.000000)
06-19 15:33:27.324  1265 22321 I SDM     : HWCSession::ProcessRequests: Successfully configured CWB buffer.
06-19 15:33:27.329  1265  2358 I vendor.qti.hardware.display.composer-service: FrameNotifyProcess Sensor: notify citsensorservice to trigger cwb
06-19 15:33:27.330  2018  2018 I libcitsensorservice@2.0-impl: msg_transfer
06-19 15:33:27.331  1265 22321 I SDM     : HWCSession::ProcessRequests: Pushing release fence in fenece wait queue.
06-19 15:33:27.331  1265 22321 I SDM     : HWCSession::ProcessRequests: Creating AsyncFenceWaits async thread.
06-19 15:33:27.331  1265 22321 I SDM     : HWCSession::ProcessRequests: Remove current CWB request from the pending request queue.
06-19 15:33:27.331  1265 22321 I SDM     : HWCSession::ProcessRequests: No pending cwb requests found in the queue.
06-19 15:33:27.336  1265  1584 I SDM     : HWDeviceDRM::SetupConcurrentWriteback: Tear down the Concurrent Writeback topology
06-19 15:33:27.343  1265 22323 I SDM     : HWCSession::NotifyCWBStatus: Notify the client about buffer status 0.
06-19 15:33:27.343  1265 22323 I SDM     : HWCSession::PerformFenceWaits: Remove current release fence from the pending fence wait queue.
06-19 15:33:27.344  1265 22323 I SDM     : HWCSession::PerformFenceWaits: CWB fence queue is empty. No pending release fence to wait on.
06-19 15:33:27.374  2018  3127 D libsensor-displayalgo: the value of  brightness:438.000000,R:77296384.557271,G:77297133.237939,B:77313059.061408,EVENT_C:5888.500000,EVENT_R:2232.500000,EVENT_G:3022.000000,EVENT_B:1193.500000
06-19 15:33:27.374  2018  3127 I libsensor-displayalgo: the value of  Coef1:1107.681000,Coef4:2.383000, scale1:0.935522, scale4:0.923264
06-19 15:33:27.374  2018  3127 E libsensor-displayalgo: RGB_test_0407_400_oldzy!
06-19 15:33:27.374  2018  3127 I libsensor-displayalgo: the value of  RESULT3116.697536,1231.266004,1510.266625,565.233393
06-19 15:33:27.374  2018  3127 I libsensor-displayalgo: the value of  getChannelDataCalibrated3267.687221,1140.389644,1755.389210,616.914213
06-19 15:33:27.374  2018  3127 I libsensor-displayalgo: the value of  REAL LUX154.580124
06-19 15:33:27.374  2018  3127 I libsensor-displayalgo: the value of  CAL REAL LUX154.580124
06-19 15:33:27.658 21324 21324 I HandWritingStubImpl: isKeyboardTypeChanged: false
06-19 15:33:27.659 21324 21324 I HandWritingStubImpl: isKeyboardTypeChanged: false
06-19 15:33:27.674  1265  2358 I vendor.qti.hardware.display.composer-service: FrameNotifyProcess Sensor: notify citsensorservice to trigger cwb
06-19 15:33:27.674  2018  2111 I libcitsensorservice@2.0-impl: msg_transfer
06-19 15:33:27.675  2018  3098 D vendor.xiaomi.sensor.citsensorservice@2.0-service: handle id:9 wxh:1280x2400 uwxuh:1080x2400 size: 9216000 fd:15 fd_meta:16 flags:0x4000228 usage:0x33  format:0x3 layer_count: 1
06-19 15:33:27.675  2018  3127 D libsensor-displayalgo: the value of  brightness:438.000000,R:77296384.557271,G:77297133.237939,B:77313059.061408,EVENT_C:5888.500000,EVENT_R:2232.500000,EVENT_G:3022.000000,EVENT_B:1193.500000
06-19 15:33:27.675  2018  3127 I libsensor-displayalgo: the value of  Coef1:1107.681000,Coef4:2.383000, scale1:0.935522, scale4:0.923264
06-19 15:33:27.675  2018  3127 E libsensor-displayalgo: RGB_test_0407_400_oldzy!
06-19 15:33:27.675  1265  1887 I SDM     : HWCSession::SetCWBOutputBuffer: CWB config passed by cwb_client : tappoint 1  CWB_ROI : (829.000000 4.000000 915.000000 90.000000)
06-19 15:33:27.676  1265 22325 I SDM     : HWCSession::ProcessRequests: Successfully configured CWB buffer.
06-19 15:33:27.677  2018  3127 I libsensor-displayalgo: the value of  RESULT3116.697536,1231.266004,1510.266625,565.233393
06-19 15:33:27.677  2018  3127 I libsensor-displayalgo: the value of  getChannelDataCalibrated3267.687221,1140.389644,1755.389210,616.914213
06-19 15:33:27.677  2018  3127 I libsensor-displayalgo: the value of  REAL LUX154.580124
06-19 15:33:27.677  2018  3127 I libsensor-displayalgo: the value of  CAL REAL LUX154.580124
06-19 15:33:27.691  1265 22325 I SDM     : HWCSession::ProcessRequests: Pushing release fence in fenece wait queue.
06-19 15:33:27.691  1265 22325 I SDM     : HWCSession::ProcessRequests: Creating AsyncFenceWaits async thread.
06-19 15:33:27.692  1265 22325 I SDM     : HWCSession::ProcessRequests: Remove current CWB request from the pending request queue.
06-19 15:33:27.692  1265 22325 I SDM     : HWCSession::ProcessRequests: No pending cwb requests found in the queue.
06-19 15:33:27.697  1265 22326 I SDM     : HWCSession::NotifyCWBStatus: Notify the client about buffer status 0.
06-19 15:33:27.697  1265 22326 I SDM     : HWCSession::PerformFenceWaits: Remove current release fence from the pending fence wait queue.
06-19 15:33:27.697  1265 22326 I SDM     : HWCSession::PerformFenceWaits: CWB fence queue is empty. No pending release fence to wait on.
06-19 15:33:27.698  1265  1584 I SDM     : HWDeviceDRM::SetupConcurrentWriteback: Tear down the Concurrent Writeback topology
06-19 15:33:27.895 21263 21295 I appium  : channel read: POST /wd/hub/session/f8b112d5-1915-4650-999b-fc78bf049b38/appium/device/press_keycode
06-19 15:33:27.896 21263 21295 I appium  : PressKeyCode command
06-19 15:33:27.896 21263 21295 I appium  : Calling PressKeyCode...
06-19 15:33:27.904  2431  6205 W MiuiInputKeyEventLog: keyCode:4 down:true eventTime:352992498 downTime:352992498 policyFlags:2b000000 flags:0 metaState:0 deviceId:-1 isScreenOn:true keyguardActive:false repeatCount:0
06-19 15:33:27.906  2431  6205 D WindowManager: interceptKeyTq keycode=4 interactive=true keyguardActive=false policyFlags=2b000000
06-19 15:33:27.906  2431  6205 D MIUIInput: Input event injection from pid 21248, KeyEvent:DOWN, keycode:4
06-19 15:33:27.907  2431  2938 D WindowManager: interceptKeyTi keyCode=4 down=true repeatCount=0 keyguardOn=false canceled=false
06-19 15:33:27.908  2431  2938 D MIUIInput: [KeyEvent] publisher action:0x0,  keyCode:4 , 352992498,channel '85d50d9 cn.missevan/cn.missevan.activity.MainActivity (server)'
06-19 15:33:27.909  2431  2635 W ActivityManager: Sending non-protected broadcast miui.intent.KEYCODE_BACK from system 2431:system/1000 pkg android. Callers=com.android.server.am.ActivityManagerService.broadcastIntentLocked:13794 com.android.server.am.ActivityManagerService.broadcastIntentLocked:13204 com.android.server.am.ActivityManagerService.broadcastIntentWithFeature:14053 android.app.ContextImpl.sendBroadcastAsUser:1400 com.android.server.policy.BaseMiuiPhoneWindowManager$16.run:2837
06-19 15:33:27.910 21324 21324 D MIUIInput: [KeyEvent] ViewRootImpl windowName 'cn.missevan/cn.missevan.activity.MainActivity', KeyEvent { action=ACTION_DOWN, keyCode=KEYCODE_BACK, scanCode=0, metaState=0, flags=0x0, repeatCount=0, eventTime=352992498, downTime=352992498, deviceId=-1, source=0x101, displayId=-1 }, phoneEventTime=15:33:27.898
06-19 15:33:27.910  2431  2635 W ActivityManager: Sending non-protected broadcast miui.intent.KEYCODE_BACK from system 2431:system/1000 pkg android. Callers=com.android.server.am.ActivityManagerService.broadcastIntentLocked:13893 com.android.server.am.ActivityManagerService.broadcastIntentLocked:13204 com.android.server.am.ActivityManagerService.broadcastIntentWithFeature:14053 android.app.ContextImpl.sendBroadcastAsUser:1400 com.android.server.policy.BaseMiuiPhoneWindowManager$16.run:2837
06-19 15:33:27.917 21324 21324 I HandWritingStubImpl: isKeyboardTypeChanged: false
06-19 15:33:27.919  2431  4801 W MiuiInputKeyEventLog: keyCode:4 down:false eventTime:352992498 downTime:352992498 policyFlags:2b000000 flags:0 metaState:0 deviceId:-1 isScreenOn:true keyguardActive:false repeatCount:0
06-19 15:33:27.919  2431  4801 D WindowManager: interceptKeyTq keycode=4 interactive=true keyguardActive=false policyFlags=2b000000
06-19 15:33:27.920  2431  4801 D MIUIInput: Input event injection from pid 21248, KeyEvent:UP, keycode:4
06-19 15:33:27.920  2431  2635 W ActivityManager: Sending non-protected broadcast miui.intent.KEYCODE_BACK from system 2431:system/1000 pkg android. Callers=com.android.server.am.ActivityManagerService.broadcastIntentLocked:13794 com.android.server.am.ActivityManagerService.broadcastIntentLocked:13204 com.android.server.am.ActivityManagerService.broadcastIntentWithFeature:14053 android.app.ContextImpl.sendBroadcastAsUser:1400 com.android.server.policy.BaseMiuiPhoneWindowManager$16.run:2837
06-19 15:33:27.920  2431  2635 W ActivityManager: Sending non-protected broadcast miui.intent.KEYCODE_BACK from system 2431:system/1000 pkg android. Callers=com.android.server.am.ActivityManagerService.broadcastIntentLocked:13893 com.android.server.am.ActivityManagerService.broadcastIntentLocked:13204 com.android.server.am.ActivityManagerService.broadcastIntentWithFeature:14053 android.app.ContextImpl.sendBroadcastAsUser:1400 com.android.server.policy.BaseMiuiPhoneWindowManager$16.run:2837
06-19 15:33:27.920  2431  2938 D WindowManager: interceptKeyTi keyCode=4 down=false repeatCount=0 keyguardOn=false canceled=false
06-19 15:33:27.921  2431  2938 D MIUIInput: [KeyEvent] publisher action:0x1,  keyCode:4 , 352992498,channel '85d50d9 cn.missevan/cn.missevan.activity.MainActivity (server)'
06-19 15:33:27.922 21324 21324 D MIUIInput: [KeyEvent] ViewRootImpl windowName 'cn.missevan/cn.missevan.activity.MainActivity', KeyEvent { action=ACTION_UP, keyCode=KEYCODE_BACK, scanCode=0, metaState=0, flags=0x0, repeatCount=0, eventTime=352992498, downTime=352992498, deviceId=-1, source=0x101, displayId=-1 }, phoneEventTime=15:33:27.898
06-19 15:33:27.924 21324 21324 I HandWritingStubImpl: isKeyboardTypeChanged: false
06-19 15:33:27.927 21324 21324 I HandWritingStubImpl: isKeyboardTypeChanged: false
06-19 15:33:27.932 21263 21295 I appium  : AppiumResponse: {"sessionId":"f8b112d5-1915-4650-999b-fc78bf049b38","value":null}
06-19 15:33:27.935 21324 21324 I HandWritingStubImpl: isKeyboardTypeChanged: false
06-19 15:33:27.940 21324 21324 I HandWritingStubImpl: isKeyboardTypeChanged: false
06-19 15:33:27.941 21324 21324 I HandWritingStubImpl: isKeyboardTypeChanged: false
06-19 15:33:27.942 21324 21324 I HandWritingStubImpl: isKeyboardTypeChanged: false
06-19 15:33:27.946 21324 21324 I HandWritingStubImpl: isKeyboardTypeChanged: false
06-19 15:33:27.955 21263 21295 I appium  : channel read: POST /wd/hub/session/f8b112d5-1915-4650-999b-fc78bf049b38/element
06-19 15:33:27.956 21324 21324 I HandWritingStubImpl: isKeyboardTypeChanged: false
06-19 15:33:27.956 21263 21295 I appium  : FindElement command
06-19 15:33:27.957 21263 21295 I appium  : method: 'id', selector: 'cn.missevan:id/fl_search'
06-19 15:33:27.958 21263 21295 I appium  : Waiting up to 100ms for the device to idle
06-19 15:33:27.964 21324 21324 I HandWritingStubImpl: isKeyboardTypeChanged: false
06-19 15:33:27.971 21324 21324 I HandWritingStubImpl: isKeyboardTypeChanged: false
06-19 15:33:27.974  2018  3127 D libsensor-displayalgo: the value of  brightness:438.000000,R:77296384.557271,G:77297133.237939,B:77313059.061408,EVENT_C:5873.000000,EVENT_R:2225.500000,EVENT_G:3013.500000,EVENT_B:1190.500000
06-19 15:33:27.974  2018  3127 I libsensor-displayalgo: the value of  Coef1:1107.681000,Coef4:2.383000, scale1:0.935522, scale4:0.923264
06-19 15:33:27.974  2018  3127 E libsensor-displayalgo: RGB_test_0407_400_oldzy!
06-19 15:33:27.974  2018  3127 I libsensor-displayalgo: the value of  RESULT3116.697536,1231.266004,1510.266625,565.233393
