06-19 15:33:35.436  1383  2222 D AudioFlinger: updateWakeLockUids_l AudioOut_15 uids:
06-19 15:33:35.436  1383  2199 D AudioFlinger: PlaybackThread::ioConfigChanged, thread 0xb400007e18137c80, event 0
06-19 15:33:35.436  1383  2222 D AudioFlinger: PlaybackThread::ioConfigChanged, thread 0xb400007df10b4240, event 0
06-19 15:33:35.437  1383  2230 D AudioFlinger: updateWakeLockUids_l AudioOut_1D uids:
06-19 15:33:35.437  1383  2230 D AudioFlinger: PlaybackThread::ioConfigChanged, thread 0xb400007df1184c80, event 0
06-19 15:33:35.437  1174  4964 D DlbDlbEffect: effectCommand(handle=0xb40000715496f110, cmdCode=10, cmdSize=8, pCmdData=0xb400007152c125b8, replySize=0, pReplyData=0x0)
06-19 15:33:35.437  1174  4964 V DlbDlbEffect: handle_EFFECT_CMD_SET_VOLUME(vl=16777216, vr=16777216)
06-19 15:33:35.438  1383  2232 D AudioFlinger: updateWakeLockUids_l AudioOut_25 uids:
06-19 15:33:35.439  1383  2232 D AudioFlinger: PlaybackThread::ioConfigChanged, thread 0xb400007df1289740, event 0
06-19 15:33:35.439  1383  2240 D AudioFlinger: updateWakeLockUids_l AudioOut_45 uids:
06-19 15:33:35.439  1383  2240 D AudioFlinger: PlaybackThread::ioConfigChanged, thread 0xb400007deb7c7f00, event 0
06-19 15:33:35.441  1383  2242 D AudioFlinger: updateWakeLockUids_l AudioOut_55 uids:
06-19 15:33:35.441  1383  2242 D AudioFlinger: PlaybackThread::ioConfigChanged, thread 0xb400007deb818e80, event 0
06-19 15:33:35.442 21324 21324 I HandWritingStubImpl: isKeyboardTypeChanged: false
06-19 15:33:35.444  1383  1383 D APM_AudioPolicyManager: selectOutput flags 8
06-19 15:33:35.450 21324 21324 I HandWritingStubImpl: isKeyboardTypeChanged: false
06-19 15:33:35.453  2431  2945 I BatteryService: current mPlugType2current mHealthInfo.batteryLevel100current mHealthInfo.batteryTemperature366
06-19 15:33:35.454  1383  1383 D APM_AudioPolicyManager: selectOutput flags 8
06-19 15:33:35.454 21534 22425 I @@@BBPLOG: Info TAC231CB0 CAudioTrackRnd L148 The audio track offset time is: 180, sys offset time is: 0
06-19 15:33:35.455 21534 22425 I @@@BBPLOG: Info TAC231CB0 CAudioTrackRnd L172 Create an AudioTrack using the new api from api 21, with usage: 1
06-19 15:33:35.455 21534 22425 D AudioTrack: set(sessionId=0)
06-19 15:33:35.455 21534 22425 D AudioTrack: set(): streamType -1, sampleRate 44100, format 0x1, channelMask 0x3, frameCount 3536, flags #0, notificationFrames 0, sessionId 0, transferType 3, uid 10494(cn.missevan), pid 21534
06-19 15:33:35.456  5858  7526 D ThermalIECHandler: storeDataStyle: thermal_iec_monitor_persistence_data_style_iec_state; startIECTime: -1; IECScreenOffOverPeriodTime: 197512392
06-19 15:33:35.458  8770  8973 V Avrcp_ext: onMetadataChanged
06-19 15:33:35.458  5809  5809 I MiPlayProxyDeviceManager: onTopActiveSessionChange, cn.missevan
06-19 15:33:35.459 21324 21324 I HandWritingStubImpl: isKeyboardTypeChanged: false
06-19 15:33:35.459  5809  5809 I SafeBinderCall: onTopActiveSessionChange binder cost:0
06-19 15:33:35.460  4190  4190 D DynamicService:  ACTION_BATTERY_CHANGED change,USB plug = 2
06-19 15:33:35.461  8770  8973 V Avrcp_ext: updateCurrentMediaState: mMediaController: MediaController (cn.missevan@8cc111a)  | , null, null
06-19 15:33:35.461  8770  8973 V Avrcp_ext: updateCurrentMediaState: isPlaying = false
06-19 15:33:35.461  8770  8973 W Avrcp_ext: isMusicActive: false getBluetoothPlayState: 0 A2dp State: 11 mAudioPlaybackIsActive: false
06-19 15:33:35.462  8770  8973 D Avrcp_ext: isMusicActive = false mAudioPlaybackIsActive = false player state = PlaybackState {state=0, position=0, buffered position=0, speed=0.0, updated=0, actions=894, custom actions=[], active item id=-1, error=null}
06-19 15:33:35.462  4145  4145 D QtiCarrierConfigHelper: WARNING, no carrier configs on phone Id: 1
06-19 15:33:35.463  8770  8973 D Avrcp_ext: overwrite album_artist :if album is blank
06-19 15:33:35.463  5809  6131 I SafeBinderCall: onActiveAudioSessionChange binder cost:4
06-19 15:33:35.463  4233  4233 D MiPlayDetailViewModel: onActiveAudioSessionChange(): audioSessionList?.size = 1
06-19 15:33:35.464  8770  8973 I Avrcp_ext: Skipping update due to invalid playback state
06-19 15:33:35.466  5809  5809 I Cir_Miplay_ActiveAudioSessionManager: dispatchTopActiveSessionChangeCallbackLocked, size:1
06-19 15:33:35.466  8770  8973 V Avrcp_ext: updatePlaybackState, state: PlaybackState {state=0, position=0, buffered position=0, speed=0.0, updated=0, actions=894, custom actions=[], active item id=-1, error=null} device: null
06-19 15:33:35.466  8770  8973 V Avrcp_ext: Device: no name:
06-19 15:33:35.466  8770  8973 V Avrcp_ext: Device: no name:
06-19 15:33:35.466  8770  8973 V Avrcp_ext: Device: no name:
06-19 15:33:35.467  8770  8973 V Avrcp_ext: Device: no name:
06-19 15:33:35.467  8770  8973 V Avrcp_ext: Device: no name:
06-19 15:33:35.467  8770  8973 V Avrcp_ext: updatePlayerStateAndPosition, old=PlaybackState {state=0, position=0, buffered position=0, speed=0.0, updated=0, actions=894, custom actions=[], active item id=-1, error=null}, state=PlaybackState {state=0, position=0, buffered position=0, speed=0.0, updated=0, actions=894, custom actions=[], active item id=-1, error=null}
06-19 15:33:35.467  8770  8973 V Avrcp_ext: old state = PlaybackState {state=0, position=0, buffered position=0, speed=0.0, updated=0, actions=894, custom actions=[], active item id=-1, error=null}, new state= PlaybackState {state=0, position=0, buffered position=0, speed=0.0, updated=0, actions=894, custom actions=[], active item id=-1, error=null}
06-19 15:33:35.467  8770  8973 D HeadsetService: getHeadsetService(): returning com.android.bluetooth.hfp.HeadsetService@7e2faf
06-19 15:33:35.467  8770  8973 D HeadsetService:  isAudioOn: The number of audio connected devices 0
06-19 15:33:35.467  8770  8973 D HeadsetService: isScoOrCallActive(): Call Active:falseCall is Ringing:falseSCO is Active:false
06-19 15:33:35.467  8770  8973 D HeadsetService:  isAudioOn: The number of audio connected devices 0
06-19 15:33:35.467  8770  8973 I Avrcp_ext: updatePlayStatusForDevice: device: null
06-19 15:33:35.467 21324 21324 I HandWritingStubImpl: isKeyboardTypeChanged: false
06-19 15:33:35.467  8770  8973 V Avrcp_ext: updatePlaybackState (1): old=PlaybackState {state=0, position=0, buffered position=0, speed=0.0, updated=0, actions=894, custom actions=[], active item id=-1, error=null}(0), new=PlaybackState {state=0, position=0, buffered position=0, speed=0.0, updated=0, actions=894, custom actions=[], active item id=-1, error=null}(0)
06-19 15:33:35.467  8770  8973 I Avrcp_ext: Exit updatePlayStatusForDevice
06-19 15:33:35.467  8770  8973 D HeadsetService:  isAudioOn: The number of audio connected devices 0
06-19 15:33:35.467  8770  8973 D HeadsetService: isScoOrCallActive(): Call Active:falseCall is Ringing:falseSCO is Active:false
06-19 15:33:35.467  8770  8973 D HeadsetService:  isAudioOn: The number of audio connected devices 0
06-19 15:33:35.467  8770  8973 I Avrcp_ext: updatePlayStatusForDevice: device: null
06-19 15:33:35.467  8770  8973 V Avrcp_ext: updatePlaybackState (1): old=PlaybackState {state=0, position=0, buffered position=0, speed=0.0, updated=0, actions=894, custom actions=[], active item id=-1, error=null}(0), new=PlaybackState {state=0, position=0, buffered position=0, speed=0.0, updated=0, actions=894, custom actions=[], active item id=-1, error=null}(0)
06-19 15:33:35.467  8770  8973 I Avrcp_ext: Exit updatePlayStatusForDevice
06-19 15:33:35.467  8770  8973 D HeadsetService:  isAudioOn: The number of audio connected devices 0
06-19 15:33:35.467  8770  8973 D HeadsetService: isScoOrCallActive(): Call Active:falseCall is Ringing:falseSCO is Active:false
06-19 15:33:35.467  8770  8973 D HeadsetService:  isAudioOn: The number of audio connected devices 0
06-19 15:33:35.467  8770  8973 I Avrcp_ext: updatePlayStatusForDevice: device: null
06-19 15:33:35.467  8770  8973 V Avrcp_ext: updatePlaybackState (1): old=PlaybackState {state=0, position=0, buffered position=0, speed=0.0, updated=0, actions=894, custom actions=[], active item id=-1, error=null}(0), new=PlaybackState {state=0, position=0, buffered position=0, speed=0.0, updated=0, actions=894, custom actions=[], active item id=-1, error=null}(0)
06-19 15:33:35.467  8770  8973 I Avrcp_ext: Exit updatePlayStatusForDevice
06-19 15:33:35.467  8770  8973 D HeadsetService:  isAudioOn: The number of audio connected devices 0
06-19 15:33:35.467  8770  8973 D HeadsetService: isScoOrCallActive(): Call Active:falseCall is Ringing:falseSCO is Active:false
06-19 15:33:35.467  8770  8973 D HeadsetService:  isAudioOn: The number of audio connected devices 0
06-19 15:33:35.467  8770  8973 I Avrcp_ext: updatePlayStatusForDevice: device: null
06-19 15:33:35.467  8770  8973 V Avrcp_ext: updatePlaybackState (1): old=PlaybackState {state=0, position=0, buffered position=0, speed=0.0, updated=0, actions=894, custom actions=[], active item id=-1, error=null}(0), new=PlaybackState {state=0, position=0, buffered position=0, speed=0.0, updated=0, actions=894, custom actions=[], active item id=-1, error=null}(0)
06-19 15:33:35.467  8770  8973 I Avrcp_ext: Exit updatePlayStatusForDevice
06-19 15:33:35.467  8770  8973 D HeadsetService:  isAudioOn: The number of audio connected devices 0
06-19 15:33:35.467  8770  8973 D HeadsetService: isScoOrCallActive(): Call Active:falseCall is Ringing:falseSCO is Active:false
06-19 15:33:35.467  8770  8973 D HeadsetService:  isAudioOn: The number of audio connected devices 0
06-19 15:33:35.467  8770  8973 I Avrcp_ext: updatePlayStatusForDevice: device: null
06-19 15:33:35.467  8770  8973 V Avrcp_ext: updatePlaybackState (1): old=PlaybackState {state=0, position=0, buffered position=0, speed=0.0, updated=0, actions=894, custom actions=[], active item id=-1, error=null}(0), new=PlaybackState {state=0, position=0, buffered position=0, speed=0.0, updated=0, actions=894, custom actions=[], active item id=-1, error=null}(0)
06-19 15:33:35.467  8770  8973 I Avrcp_ext: Exit updatePlayStatusForDevice
06-19 15:33:35.467  8770  8973 D Avrcp_ext: Enter sendPlayPosNotificationRsp
06-19 15:33:35.467  8770  8973 D Avrcp_ext: sendPlayPosNotificationRsp: Not registered or requesting.
06-19 15:33:35.467  8770  8973 D Avrcp_ext: Enter sendPlayPosNotificationRsp
06-19 15:33:35.467  8770  8973 D Avrcp_ext: sendPlayPosNotificationRsp: Not registered or requesting.
06-19 15:33:35.467  8770  8973 D Avrcp_ext: Enter sendPlayPosNotificationRsp
06-19 15:33:35.467  8770  8973 D Avrcp_ext: sendPlayPosNotificationRsp: Not registered or requesting.
06-19 15:33:35.467  8770  8973 D Avrcp_ext: Enter sendPlayPosNotificationRsp
06-19 15:33:35.467  8770  8973 D Avrcp_ext: sendPlayPosNotificationRsp: Not registered or requesting.
06-19 15:33:35.467  8770  8973 D Avrcp_ext: Enter sendPlayPosNotificationRsp
06-19 15:33:35.467  8770  8973 D Avrcp_ext: sendPlayPosNotificationRsp: Not registered or requesting.
06-19 15:33:35.467  8770  8973 V Avrcp_ext: Exit updatePlayerStateAndPosition
06-19 15:33:35.467  8770  8973 V Avrcp_ext: onMetadataChanged
06-19 15:33:35.468  5809  5809 I Cir_Miplay_MiPlayAudioService: onTopActiveSessionChange, cn.missevan
06-19 15:33:35.468  5809  5809 I Cir_Miplay_MiPlayAudioService: topActiveSessionChange appId:cn.missevan
06-19 15:33:35.468  5809  5809 I Cir_Miplay_MiPlayAudioStatUtils: recordPackageName:cn.missevan
06-19 15:33:35.468  4233  4233 I SafeBinderCall: call getMediaMetaData binder cost:4
06-19 15:33:35.468  5809  5809 I Cir_Miplay_MiPlayAudioStatUtils: packageNameEquals.
06-19 15:33:35.469  5809  5809 I Cir_Miplay_ActiveSessionRecord: dispatch meta change, MediaMetaData{mArtist='null', mAlbum='null', mTitle=' | ', mArt=valid, mDuration=90044, mLrc='null'}
06-19 15:33:35.469  5809  5809 I Cir_Miplay_MiPlayAudioService: dispatchMetaChange:cn.missevan  ActiveSsionPackageName:cn.missevan
06-19 15:33:35.470  5858  7218 D PowerCheckerService: onBatteryChanged, mBatteryLevel = 100, status = 2, level = 100, plug = 2, scale = 100
06-19 15:33:35.470  4233  4233 I SafeBinderCall: call getPosition binder cost:1
06-19 15:33:35.470  4233  4233 I SafeBinderCall: call getPlaybackState binder cost:0
06-19 15:33:35.471  5735  5735 I BatteryInfoReceiver: ACTION_BATTERY_CHANGED
06-19 15:33:35.471  5735  5735 I PowerNoticeUI: handleBatteryChanged oldPlugType 2 mPlugType 2 oldBatteryLevel 100 mBatteryLevel 100 temperature 366
06-19 15:33:35.472  4176  4176 V DeviceStatisticsService: chargerType=2 batteryLevel=100 totalBatteryCapacity=4175000
06-19 15:33:35.472  5858  6736 D PowerKeeper.FrozenApp: onBatteryChanged plug=true mBatteryPlugged=2
06-19 15:33:35.473  5809  5809 I MiPlayProxyDeviceManager: onTopActiveSessionChange, cn.missevan
06-19 15:33:35.473  5858  7667 D PowerKeeper.Thermal: mBatteryTemperature: 36
06-19 15:33:35.474  5809  5809 I SafeBinderCall: onTopActiveSessionChange binder cost:0
06-19 15:33:35.474  2018  3127 D libsensor-displayalgo: the value of  brightness:438.000000,R:83161860.091973,G:83161860.091973,B:83161860.091973,EVENT_C:6034.000000,EVENT_R:2275.000000,EVENT_G:3106.000000,EVENT_B:1229.000000
06-19 15:33:35.474  2018  3127 I libsensor-displayalgo: the value of  Coef1:1107.681000,Coef4:2.383000, scale1:0.935522, scale4:0.923264
06-19 15:33:35.474  2018  3127 E libsensor-displayalgo: RGB_test_0407_400_oldzy!
06-19 15:33:35.475 21324 21324 I HandWritingStubImpl: isKeyboardTypeChanged: false
06-19 15:33:35.475  5809 14611 I Cir_Miplay_MiPlayAudioService: dispatchMetaChange:MediaMetaData{mArtist='null', mAlbum='null', mTitle=' | ', mArt=valid, mDuration=90044, mLrc='null'}
06-19 15:33:35.475  4233  4233 D MiPlayDetailViewModel: onMediaMetaChange(): metaData.title =  | 
06-19 15:33:35.475  5809  5809 I SafeBinderCall: onMediaMetaChange binder cost:1
06-19 15:33:35.475  5809 14611 I Cir_Miplay_MetaInfoManager: setMetadata.
06-19 15:33:35.475  2018  3127 I libsensor-displayalgo: the value of  RESULT3273.639703,1289.339135,1580.357804,594.090241
06-19 15:33:35.475  2018  3127 I libsensor-displayalgo: the value of  getChannelDataCalibrated3432.232516,1194.176557,1836.856480,648.409521
06-19 15:33:35.475  2018  3127 I libsensor-displayalgo: the value of  REAL LUX153.451462
06-19 15:33:35.475  2018  3127 I libsensor-displayalgo: the value of  CAL REAL LUX153.451462
06-19 15:33:35.476  4233  4233 D MiPlayDetailViewModel: onActiveAudioSessionChange(): audioSessionList?.size = 1
06-19 15:33:35.476  5809  6131 I SafeBinderCall: onActiveAudioSessionChange binder cost:1
06-19 15:33:35.479  5809  5809 I Cir_Miplay_ActiveAudioSessionManager: dispatchTopActiveSessionChangeCallbackLocked, size:1
06-19 15:33:35.479  8770  8973 V Avrcp_ext: updateCurrentMediaState: mMediaController: MediaController (cn.missevan@8cc111a)  | , null, null
06-19 15:33:35.479  8770  8973 V Avrcp_ext: updateCurrentMediaState: isPlaying = false
06-19 15:33:35.479  8770  8973 W Avrcp_ext: isMusicActive: false getBluetoothPlayState: 0 A2dp State: 11 mAudioPlaybackIsActive: false
06-19 15:33:35.479  8770  8973 D Avrcp_ext: isMusicActive = false mAudioPlaybackIsActive = false player state = PlaybackState {state=0, position=0, buffered position=0, speed=0.0, updated=0, actions=894, custom actions=[], active item id=-1, error=null}
06-19 15:33:35.480  8770  8973 D Avrcp_ext: overwrite album_artist :if album is blank
06-19 15:33:35.480  5809  5809 I Cir_Miplay_MiPlayAudioService: onTopActiveSessionChange, cn.missevan
06-19 15:33:35.480  4233  4233 I SafeBinderCall: call getMediaMetaData binder cost:3
06-19 15:33:35.480  5809  5809 I Cir_Miplay_MiPlayAudioService: topActiveSessionChange appId:cn.missevan
06-19 15:33:35.480  5809  5809 I Cir_Miplay_MiPlayAudioStatUtils: recordPackageName:cn.missevan
06-19 15:33:35.480  5809  5809 I Cir_Miplay_MiPlayAudioStatUtils: packageNameEquals.
06-19 15:33:35.480  5809  5809 I Cir_Miplay_ActiveSessionRecord: dispatch meta change, MediaMetaData{mArtist='null', mAlbum='null', mTitle=' | ', mArt=valid, mDuration=90093, mLrc='null'}
06-19 15:33:35.480  5809  5809 I Cir_Miplay_MiPlayAudioService: dispatchMetaChange:cn.missevan  ActiveSsionPackageName:cn.missevan
06-19 15:33:35.480  5809  5809 I MiPlayClientSDK: =======================================================================
06-19 15:33:35.480  5809  5809 I MiPlayClientSDK: onMediaInfoChange start
06-19 15:33:35.480  5809  5809 I MiPlayClientSDK: local_device_id, MediaMetaData{mArtist='null', mAlbum='null', mTitle=' | ', mDuration=90044, mId='', mCoverUrl='', mStatus=0, mVolume=0, mArt=android.graphics.Bitmap@7b4261f, mPosition=0, mLrc='null', mPackgeName='cn.missevan', mSourceName='2738969101Xiaomi Civi 2', mDeviceState=0}
06-19 15:33:35.480  5809  5809 I MiPlayClientSDK: onMediaInfoChange end
06-19 15:33:35.480  5809  5809 I MiPlayClientSDK: =======================================================================
06-19 15:33:35.480  5809  5809 I MiPlayProxyDeviceManager: onMediaInfoChange
06-19 15:33:35.480  5809  5809 I MiPlay  : onMediaMetaChanged,local_device_id, meta:MediaMetaData{mArtist='null', mAlbum='null', mTitle=' | ', mDuration=90044, art:valid}
06-19 15:33:35.480  8770  8973 I Avrcp_ext: Skipping update due to invalid playback state
06-19 15:33:35.481  8770  8973 V Avrcp_ext: updatePlaybackState, state: PlaybackState {state=0, position=0, buffered position=0, speed=0.0, updated=0, actions=894, custom actions=[], active item id=-1, error=null} device: null
06-19 15:33:35.481  8770  8973 V Avrcp_ext: Device: no name:
06-19 15:33:35.481  8770  8973 V Avrcp_ext: Device: no name:
06-19 15:33:35.481  8770  8973 V Avrcp_ext: Device: no name:
06-19 15:33:35.481  8770  8973 V Avrcp_ext: Device: no name:
06-19 15:33:35.481  8770  8973 V Avrcp_ext: Device: no name:
06-19 15:33:35.481  8770  8973 V Avrcp_ext: updatePlayerStateAndPosition, old=PlaybackState {state=0, position=0, buffered position=0, speed=0.0, updated=0, actions=894, custom actions=[], active item id=-1, error=null}, state=PlaybackState {state=0, position=0, buffered position=0, speed=0.0, updated=0, actions=894, custom actions=[], active item id=-1, error=null}
06-19 15:33:35.481  8770  8973 V Avrcp_ext: old state = PlaybackState {state=0, position=0, buffered position=0, speed=0.0, updated=0, actions=894, custom actions=[], active item id=-1, error=null}, new state= PlaybackState {state=0, position=0, buffered position=0, speed=0.0, updated=0, actions=894, custom actions=[], active item id=-1, error=null}
06-19 15:33:35.481  8770  8973 D HeadsetService: getHeadsetService(): returning com.android.bluetooth.hfp.HeadsetService@7e2faf
06-19 15:33:35.481  8770  8973 D HeadsetService:  isAudioOn: The number of audio connected devices 0
06-19 15:33:35.481  8770  8973 D HeadsetService: isScoOrCallActive(): Call Active:falseCall is Ringing:falseSCO is Active:false
06-19 15:33:35.481  8770  8973 D HeadsetService:  isAudioOn: The number of audio connected devices 0
06-19 15:33:35.481  8770  8973 I Avrcp_ext: updatePlayStatusForDevice: device: null
06-19 15:33:35.481  8770  8973 V Avrcp_ext: updatePlaybackState (1): old=PlaybackState {state=0, position=0, buffered position=0, speed=0.0, updated=0, actions=894, custom actions=[], active item id=-1, error=null}(0), new=PlaybackState {state=0, position=0, buffered position=0, speed=0.0, updated=0, actions=894, custom actions=[], active item id=-1, error=null}(0)
06-19 15:33:35.481  8770  8973 I Avrcp_ext: Exit updatePlayStatusForDevice
06-19 15:33:35.481  8770  8973 D HeadsetService:  isAudioOn: The number of audio connected devices 0
06-19 15:33:35.481  8770  8973 D HeadsetService: isScoOrCallActive(): Call Active:falseCall is Ringing:falseSCO is Active:false
06-19 15:33:35.481  8770  8973 D HeadsetService:  isAudioOn: The number of audio connected devices 0
06-19 15:33:35.481  8770  8973 I Avrcp_ext: updatePlayStatusForDevice: device: null
06-19 15:33:35.481  8770  8973 V Avrcp_ext: updatePlaybackState (1): old=PlaybackState {state=0, position=0, buffered position=0, speed=0.0, updated=0, actions=894, custom actions=[], active item id=-1, error=null}(0), new=PlaybackState {state=0, position=0, buffered position=0, speed=0.0, updated=0, actions=894, custom actions=[], active item id=-1, error=null}(0)
06-19 15:33:35.481  8770  8973 I Avrcp_ext: Exit updatePlayStatusForDevice
06-19 15:33:35.481  8770  8973 D HeadsetService:  isAudioOn: The number of audio connected devices 0
06-19 15:33:35.481  8770  8973 D HeadsetService: isScoOrCallActive(): Call Active:falseCall is Ringing:falseSCO is Active:false
06-19 15:33:35.481  8770  8973 D HeadsetService:  isAudioOn: The number of audio connected devices 0
06-19 15:33:35.481  8770  8973 I Avrcp_ext: updatePlayStatusForDevice: device: null
06-19 15:33:35.481  8770  8973 V Avrcp_ext: updatePlaybackState (1): old=PlaybackState {state=0, position=0, buffered position=0, speed=0.0, updated=0, actions=894, custom actions=[], active item id=-1, error=null}(0), new=PlaybackState {state=0, position=0, buffered position=0, speed=0.0, updated=0, actions=894, custom actions=[], active item id=-1, error=null}(0)
06-19 15:33:35.481  8770  8973 I Avrcp_ext: Exit updatePlayStatusForDevice
06-19 15:33:35.481  8770  8973 D HeadsetService:  isAudioOn: The number of audio connected devices 0
06-19 15:33:35.481  8770  8973 D HeadsetService: isScoOrCallActive(): Call Active:falseCall is Ringing:falseSCO is Active:false
06-19 15:33:35.481  8770  8973 D HeadsetService:  isAudioOn: The number of audio connected devices 0
06-19 15:33:35.481  8770  8973 I Avrcp_ext: updatePlayStatusForDevice: device: null
06-19 15:33:35.481  8770  8973 V Avrcp_ext: updatePlaybackState (1): old=PlaybackState {state=0, position=0, buffered position=0, speed=0.0, updated=0, actions=894, custom actions=[], active item id=-1, error=null}(0), new=PlaybackState {state=0, position=0, buffered position=0, speed=0.0, updated=0, actions=894, custom actions=[], active item id=-1, error=null}(0)
06-19 15:33:35.481  8770  8973 I Avrcp_ext: Exit updatePlayStatusForDevice
06-19 15:33:35.481  8770  8973 D HeadsetService:  isAudioOn: The number of audio connected devices 0
06-19 15:33:35.481  8770  8973 D HeadsetService: isScoOrCallActive(): Call Active:falseCall is Ringing:falseSCO is Active:false
06-19 15:33:35.481  8770  8973 D HeadsetService:  isAudioOn: The number of audio connected devices 0
06-19 15:33:35.481  8770  8973 I Avrcp_ext: updatePlayStatusForDevice: device: null
06-19 15:33:35.481  8770  8973 V Avrcp_ext: updatePlaybackState (1): old=PlaybackState {state=0, position=0, buffered position=0, speed=0.0, updated=0, actions=894, custom actions=[], active item id=-1, error=null}(0), new=PlaybackState {state=0, position=0, buffered position=0, speed=0.0, updated=0, actions=894, custom actions=[], active item id=-1, error=null}(0)
06-19 15:33:35.481  8770  8973 I Avrcp_ext: Exit updatePlayStatusForDevice
06-19 15:33:35.482  8770  8973 D Avrcp_ext: Enter sendPlayPosNotificationRsp
06-19 15:33:35.482  8770  8973 D Avrcp_ext: sendPlayPosNotificationRsp: Not registered or requesting.
06-19 15:33:35.482  8770  8973 D Avrcp_ext: Enter sendPlayPosNotificationRsp
06-19 15:33:35.482  8770  8973 D Avrcp_ext: sendPlayPosNotificationRsp: Not registered or requesting.
06-19 15:33:35.482  8770  8973 D Avrcp_ext: Enter sendPlayPosNotificationRsp
06-19 15:33:35.482  8770  8973 D Avrcp_ext: sendPlayPosNotificationRsp: Not registered or requesting.
06-19 15:33:35.482  8770  8973 D Avrcp_ext: Enter sendPlayPosNotificationRsp
06-19 15:33:35.482  8770  8973 D Avrcp_ext: sendPlayPosNotificationRsp: Not registered or requesting.
06-19 15:33:35.482  8770  8973 D Avrcp_ext: Enter sendPlayPosNotificationRsp
06-19 15:33:35.482  8770  8973 D Avrcp_ext: sendPlayPosNotificationRsp: Not registered or requesting.
06-19 15:33:35.482  8770  8973 V Avrcp_ext: Exit updatePlayerStateAndPosition
06-19 15:33:35.482  4233  4233 I SafeBinderCall: call getPosition binder cost:2
06-19 15:33:35.482  4233  4233 I SafeBinderCall: call getPlaybackState binder cost:0
06-19 15:33:35.483 21324 21324 I HandWritingStubImpl: isKeyboardTypeChanged: false
06-19 15:33:35.484  5809 14611 I Cir_Miplay_MiPlayAudioService: dispatchMetaChange:MediaMetaData{mArtist='null', mAlbum='null', mTitle=' | ', mArt=valid, mDuration=90093, mLrc='null'}
06-19 15:33:35.484  5809 14611 I Cir_Miplay_MetaInfoManager: setMetadata.
06-19 15:33:35.484  5809  5809 I MiPlayClientSDK: =======================================================================
06-19 15:33:35.484  5809  5809 I MiPlayClientSDK: onMediaInfoChange start
06-19 15:33:35.484  5809  5809 I MiPlayClientSDK: local_device_id, MediaMetaData{mArtist='null', mAlbum='null', mTitle=' | ', mDuration=90093, mId='', mCoverUrl='', mStatus=0, mVolume=0, mArt=android.graphics.Bitmap@64bdd6c, mPosition=0, mLrc='null', mPackgeName='cn.missevan', mSourceName='2738969101Xiaomi Civi 2', mDeviceState=0}
06-19 15:33:35.484  5809  5809 I MiPlayClientSDK: onMediaInfoChange end
06-19 15:33:35.484  5809  5809 I MiPlayClientSDK: =======================================================================
06-19 15:33:35.484  5809  5809 I MiPlayProxyDeviceManager: onMediaInfoChange
06-19 15:33:35.485  5809  5809 I MiPlay  : onMediaMetaChanged,local_device_id, meta:MediaMetaData{mArtist='null', mAlbum='null', mTitle=' | ', mDuration=90093, art:valid}
06-19 15:33:35.486  5735 11103 I android_os_HwBinder: HwBinder: Starting thread pool for getting: vendor.xiaomi.hardware.micharge@1.0::IMiCharge/default
06-19 15:33:35.487  1322 19976 I vendor.xiaomi.hardware.micharge@1.0-service: ReadFilePathValue path = /sys/class/qcom-battery/night_charging value = 0
06-19 15:33:35.488  5735 11103 I ChargeProtectionUtils: getNightChargingState: 0
06-19 15:33:35.491 21324 21324 I HandWritingStubImpl: isKeyboardTypeChanged: false
06-19 15:33:35.494  2431  2893 I MediaFocusControl: requestAudioFocus() from uid/pid 10494/21534 AA=USAGE_MEDIA/CONTENT_TYPE_MUSIC clientId=android.media.AudioManager@e1add18cn.missevan.lib.utils.AudioFocusManager@95da371 callingPack=cn.missevan req=1 flags=0x1 sdk=28
06-19 15:33:35.495  2431  2893 I AudioService.FadeOutManager: unfadeOutUid() uid:10494
06-19 15:33:35.496  1383  1383 D MediaImpl: setPlaybackCaptureAllowed: playbackCaptureAllowed 0
06-19 15:33:35.500  5809  5809 I ActiveSessionRecord: onPlaybackStateChanged: PlaybackState {state=3, position=64, buffered position=0, speed=1.0, updated=448589101, actions=894, custom actions=[], active item id=-1, error=null}
06-19 15:33:35.503  8770  8973 V Avrcp_ext: onPlaybackStateChanged: state PlaybackState {state=3, position=64, buffered position=0, speed=1.0, updated=448589101, actions=894, custom actions=[], active item id=-1, error=null}
06-19 15:33:35.505  5809  5809 I ActiveAudioSessionManager: startPositionCallbackTask
06-19 15:33:35.506  5809  5809 I SafeBinderCall: onPlaybackStateChange binder cost:0
06-19 15:33:35.506  5809  5809 I Cir_Miplay_ActiveSessionRecord: onPlaybackStateChanged:3
06-19 15:33:35.506  5809  5809 I Cir_Miplay_ActiveSessionRecordStack: onPlaybackStateChange.
06-19 15:33:35.508  5809  5809 I Cir_Miplay_ActiveAudioSessionManager: TopAudioSession play change
06-19 15:33:35.508  5809  5809 I Cir_Miplay_MiPlayAudioService: dispatchPlaybackStateChange:3
06-19 15:33:35.508  5809  5809 I Cir_Miplay_MiPlayAudioService: localPlayStateChange state:3
06-19 15:33:35.508  5809  5809 I Cir_Miplay_MiPlayAudioService: playStateNotify state:3  ,id:,uuid:local_device_id
06-19 15:33:35.508  5809  5809 I Cir_Miplay_MiPlayAudioService: cancleDownTimer.
06-19 15:33:35.508  5809  5809 I MiPlayClientSDK: =======================================================================
06-19 15:33:35.508  5809  5809 I MiPlayClientSDK: onPlayStateChange start
06-19 15:33:35.508  5809  5809 I MiPlayClientSDK: local_device_id, state:3
06-19 15:33:35.508  5809  5809 I MiPlayClientSDK: onPlayStateChange end
06-19 15:33:35.508  5809  5809 I MiPlayClientSDK: =======================================================================
06-19 15:33:35.508  5809  5809 I MiPlayProxyDeviceManager: onPlayStateChange
06-19 15:33:35.508  5809  5809 I MiPlay  : onPlaybackStateChanged,local_device_id, state:pause
06-19 15:33:35.509  4233  4233 D MiPlayDetailViewModel: onPlaybackStateChange(): state = 3
06-19 15:33:35.510  5809 22428 I SafeBinderCall: onPositionChange binder cost:1
06-19 15:33:35.510  4233  4233 D MiPlayDetailViewModel: onPositionChange(): position = 75
06-19 15:33:35.513  2431  2893 I WindowManagerService: Physical orientation applied, rotation=0 sfOrientation=ORIENTATION_0
06-19 15:33:35.514 21324 21324 I HandWritingStubImpl: isKeyboardTypeChanged: false
06-19 15:33:35.517 21324 21324 I HandWritingStubImpl: isKeyboardTypeChanged: false
06-19 15:33:35.524 21324 21324 I HandWritingStubImpl: isKeyboardTypeChanged: false
06-19 15:33:35.529  1383  1383 D APM_AudioPolicyManager: getOutputForAttrInt()+ attributes={ Content type: AUDIO_CONTENT_TYPE_MUSIC Usage: AUDIO_USAGE_MEDIA Source: AUDIO_SOURCE_INVALID Flags: 0xc00 Tags:  } stream=AUDIO_STREAM_MUSIC session 1457 output 0 selectedDeviceId 0 device AUDIO_DEVICE_NONE sampling rate 44100 format 0x1channel mask 0x3 flags 0 stream AUDIO_STREAM_MUSIC uid 10494
06-19 15:33:35.529  1383  1383 D APM_AudioPolicyManager: getOutputForAttrInt() device {type:0x2,@:}, sampling rate 44100, format 0x1, channel mask 0x3, flags 0 stream AUDIO_STREAM_MUSIC
06-19 15:33:35.531  1174  1223 D AHAL: FM: fm_get_parameters: 232: enter
06-19 15:33:35.531  1174  1223 D AHAL: FM: fm_get_parameters: 239: exit
06-19 15:33:35.531  1174  1223 D AHAL: Loopback_karaoke: karaoke_get_parameters: Enter
06-19 15:33:35.531  1174  1223 D AHAL: Loopback_karaoke: karaoke_get_parameters: Exit
06-19 15:33:35.532  1174  1223 D AHAL: FM: fm_get_parameters: 232: enter
06-19 15:33:35.532  1174  1223 D AHAL: FM: fm_get_parameters: 239: exit
06-19 15:33:35.532  1174  1223 D AHAL: Loopback_karaoke: karaoke_get_parameters: Enter
06-19 15:33:35.532  1174  1223 D AHAL: Loopback_karaoke: karaoke_get_parameters: Exit
06-19 15:33:35.533  1383  1383 I AudioPolicyManagerCustom: setting force DEEP buffer now
06-19 15:33:35.533  1383  1383 D APM_AudioPolicyManager: selectOutput flags 8
06-19 15:33:35.533  1383  1383 V AudioPolicyManagerCustom: getOutputForDevice() returns output 37
06-19 15:33:35.533  1383  1383 D APM_AudioPolicyManager: getOutputForAttrInt()- attributes={ Content type: AUDIO_CONTENT_TYPE_MUSIC Usage: AUDIO_USAGE_MEDIA Source: AUDIO_SOURCE_INVALID Flags: 0xc00 Tags:  } stream=AUDIO_STREAM_MUSIC session 1457 output 37 selectedDeviceId 0 device {type:0x2,@:} sampling rate 44100 format 0x1channel mask 0x3 flags 0x8 stream AUDIO_STREAM_MUSIC uid 10494
06-19 15:33:35.533  1383  1383 D APM_AudioPolicyManager: getOutputForAttr() returns output 37 requestedPortId 0 selectedDeviceId 3 for port ID 168
06-19 15:33:35.534  1383  1383 I AudioFlinger: create audiotrack for cn.missevan  uid 10494
06-19 15:33:35.534  1383  1383 D AudioFlinger: Client defaulted notificationFrames to 1768 for frameCount 3536
06-19 15:33:35.535  8770  8973 V Avrcp_ext: updateCurrentMediaState: mMediaController: MediaController (cn.missevan@8cc111a)  | , null, null
06-19 15:33:35.535  8770  8973 V Avrcp_ext: updateCurrentMediaState: isPlaying = false
06-19 15:33:35.536  8770  8973 W Avrcp_ext: isMusicActive: false getBluetoothPlayState: 0 A2dp State: 11 mAudioPlaybackIsActive: false
06-19 15:33:35.536  8770  8973 D Avrcp_ext: isMusicActive = false mAudioPlaybackIsActive = false player state = PlaybackState {state=3, position=102, buffered position=0, speed=1.0, updated=448589139, actions=894, custom actions=[], active item id=-1, error=null}
06-19 15:33:35.540 13375 13574 D MyLog   : -->log(1): [Tid:54] [KeepAliveManager] -->onProcessDied(), pid=21324, uid=10494
06-19 15:33:35.540  2431  2635 D MediaProjectionManagerServiceStubImpl: handleForegroundServicesChanged
06-19 15:33:35.540 21324 21324 I HandWritingStubImpl: isKeyboardTypeChanged: false
06-19 15:33:35.542  8770  8973 D Avrcp_ext: overwrite album_artist :if album is blank
06-19 15:33:35.544  1383  1383 D AF::TrackHandle: OpPlayAudio: track:176 usage:1 not muted
06-19 15:33:35.546  8770  8973 V Avrcp_ext: Media update: id -1-1? [MediaAttributes:  -  by  (90093 0/0) - ] : [MediaAttributes: none]
06-19 15:33:35.546  8770  8973 D Avrcp_ext: isPackageNameValid: browsedPackage = cn.missevanisValid = true
06-19 15:33:35.546  8770  8973 V Avrcp_ext: isBrowseSupported for cn.missevan: false
06-19 15:33:35.546  8770  8973 V Avrcp_ext: Send track changed
06-19 15:33:35.546  8770  8973 V Avrcp_ext: updatePlaybackState, state: PlaybackState {state=3, position=102, buffered position=0, speed=1.0, updated=448589139, actions=894, custom actions=[], active item id=-1, error=null} device: null
06-19 15:33:35.546  8770  8973 V Avrcp_ext: Device: no name:
06-19 15:33:35.546  8770  8973 V Avrcp_ext: Device: no name:
06-19 15:33:35.546  8770  8973 V Avrcp_ext: Device: no name:
06-19 15:33:35.546  8770  8973 V Avrcp_ext: Device: no name:
06-19 15:33:35.546  8770  8973 V Avrcp_ext: Device: no name:
06-19 15:33:35.546  8770  8973 V Avrcp_ext: updatePlayerStateAndPosition, old=PlaybackState {state=0, position=0, buffered position=0, speed=0.0, updated=0, actions=894, custom actions=[], active item id=-1, error=null}, state=PlaybackState {state=3, position=102, buffered position=0, speed=1.0, updated=448589139, actions=894, custom actions=[], active item id=-1, error=null}
06-19 15:33:35.546  8770  8973 V Avrcp_ext: old state = PlaybackState {state=0, position=0, buffered position=0, speed=0.0, updated=0, actions=894, custom actions=[], active item id=-1, error=null}, new state= PlaybackState {state=3, position=102, buffered position=0, speed=1.0, updated=448589139, actions=894, custom actions=[], active item id=-1, error=null}
06-19 15:33:35.546  8770  8973 D HeadsetService: getHeadsetService(): returning com.android.bluetooth.hfp.HeadsetService@7e2faf
06-19 15:33:35.546  8770  8973 D HeadsetService:  isAudioOn: The number of audio connected devices 0
06-19 15:33:35.546  8770  8973 D HeadsetService: isScoOrCallActive(): Call Active:falseCall is Ringing:falseSCO is Active:false
06-19 15:33:35.546  8770  8973 D HeadsetService:  isAudioOn: The number of audio connected devices 0
06-19 15:33:35.546  8770  8973 V Avrcp_ext: isPlayStateTobeUpdated: device: null
06-19 15:33:35.546  8770  8973 V Avrcp_ext: Single connection exists
06-19 15:33:35.546  8770  8973 D HeadsetService:  isAudioOn: The number of audio connected devices 0
06-19 15:33:35.546  8770  8973 D HeadsetService: isScoOrCallActive(): Call Active:falseCall is Ringing:falseSCO is Active:false
06-19 15:33:35.546  8770  8973 D HeadsetService:  isAudioOn: The number of audio connected devices 0
06-19 15:33:35.546  8770  8973 V Avrcp_ext: isPlayStateTobeUpdated: device: null
06-19 15:33:35.546  8770  8973 V Avrcp_ext: Single connection exists
06-19 15:33:35.546  8770  8973 D HeadsetService:  isAudioOn: The number of audio connected devices 0
06-19 15:33:35.546  8770  8973 D HeadsetService: isScoOrCallActive(): Call Active:falseCall is Ringing:falseSCO is Active:false
06-19 15:33:35.546  8770  8973 D HeadsetService:  isAudioOn: The number of audio connected devices 0
06-19 15:33:35.546  8770  8973 V Avrcp_ext: isPlayStateTobeUpdated: device: null
06-19 15:33:35.546  8770  8973 V Avrcp_ext: Single connection exists
06-19 15:33:35.546  8770  8973 D HeadsetService:  isAudioOn: The number of audio connected devices 0
06-19 15:33:35.546  8770  8973 D HeadsetService: isScoOrCallActive(): Call Active:falseCall is Ringing:falseSCO is Active:false
06-19 15:33:35.546  8770  8973 D HeadsetService:  isAudioOn: The number of audio connected devices 0
06-19 15:33:35.546  8770  8973 V Avrcp_ext: isPlayStateTobeUpdated: device: null
06-19 15:33:35.546  8770  8973 V Avrcp_ext: Single connection exists
06-19 15:33:35.546  8770  8973 D HeadsetService:  isAudioOn: The number of audio connected devices 0
06-19 15:33:35.546  8770  8973 D HeadsetService: isScoOrCallActive(): Call Active:falseCall is Ringing:falseSCO is Active:false
06-19 15:33:35.546  8770  8973 D HeadsetService:  isAudioOn: The number of audio connected devices 0
06-19 15:33:35.546  8770  8973 V Avrcp_ext: isPlayStateTobeUpdated: device: null
06-19 15:33:35.546  8770  8973 V Avrcp_ext: Single connection exists
06-19 15:33:35.546  8770  8973 I Avrcp_ext: No active device found, update playstate to stack
06-19 15:33:35.546  8770  8973 E BluetoothAvrcpServiceJni: updatePlayStatusToStack
06-19 15:33:35.546  8770  8973 E bt_btif : update_play_status_to_stack:invalid index,remote suspend not set
06-19 15:33:35.546  8770  8973 E BluetoothAvrcpServiceJni: updatePlayStatusToStack: status: 1
06-19 15:33:35.546  8770  8973 D Avrcp_ext: Enter sendPlayPosNotificationRsp
06-19 15:33:35.546  8770  8973 D Avrcp_ext: sendPlayPosNotificationRsp: Not registered or requesting.
06-19 15:33:35.546  8770  8973 D Avrcp_ext: Enter sendPlayPosNotificationRsp
06-19 15:33:35.546  8770  8973 D Avrcp_ext: sendPlayPosNotificationRsp: Not registered or requesting.
06-19 15:33:35.546  8770  8973 D Avrcp_ext: Enter sendPlayPosNotificationRsp
06-19 15:33:35.546  8770  8973 D Avrcp_ext: sendPlayPosNotificationRsp: Not registered or requesting.
06-19 15:33:35.546  8770  8973 D Avrcp_ext: Enter sendPlayPosNotificationRsp
06-19 15:33:35.546  8770  8973 D Avrcp_ext: sendPlayPosNotificationRsp: Not registered or requesting.
06-19 15:33:35.546  8770  8973 D Avrcp_ext: Enter sendPlayPosNotificationRsp
06-19 15:33:35.546  8770  8973 D Avrcp_ext: sendPlayPosNotificationRsp: Not registered or requesting.
06-19 15:33:35.546  8770  8973 V Avrcp_ext: Exit updatePlayerStateAndPosition
06-19 15:33:35.546  8770  8973 V Avrcp_ext:  Exit onPlaybackStateChanged
06-19 15:33:35.548  1383  1383 I AudioFlinger: create audiotrack for cn.missevan  uid 10494
06-19 15:33:35.548  1383  1383 I AF::Track: isInWhiteList curPkgName cn.missevan  uid 10494
06-19 15:33:35.548  1383  1383 D AF::Track: Track(176): usage = 1 mbIsAttrNeedFade = 0
06-19 15:33:35.549 21324 21324 I HandWritingStubImpl: isKeyboardTypeChanged: false
06-19 15:33:35.550  1383  1383 D AudioFlinger: before exit flags=0
06-19 15:33:35.551  1383  1383 D AudioFlinger: [APM] reScheduleCpu()  audioCpuSet = 0xf8
06-19 15:33:35.552  1174  1223 D AHAL: AudioStream: astream_out_get_parameters: 839: enter
06-19 15:33:35.552  1174  1223 D AHAL: AudioStream: astream_out_get_parameters: 861: keys: is_direct_pcm_track
06-19 15:33:35.552  1174  1223 D AHAL: AudioStream: astream_out_get_parameters: 898: exit: returns - is_direct_pcm_track=false
06-19 15:33:35.553 21534 22425 D AudioTrack: isWhiteListPackage() Uid 10494, package name cn.missevan
06-19 15:33:35.554 21534 22425 D AudioTrack: [APM]-AT reScheduleCpu() cpuSet=248 tid=22426
06-19 15:33:35.554 21534 22425 E libprocessgroup: set_timerslack_ns write failed: Operation not permitted
06-19 15:33:35.557 21324 21324 I HandWritingStubImpl: isKeyboardTypeChanged: false
06-19 15:33:35.564 13375 13574 D MyLog   : -->log(1): [Tid:54] [KeepAliveManager] -->onProcessDied(), pid=21534, uid=10494
06-19 15:33:35.564  2431  2635 D MediaProjectionManagerServiceStubImpl: handleForegroundServicesChanged
06-19 15:33:35.565 21324 21324 I HandWritingStubImpl: isKeyboardTypeChanged: false
06-19 15:33:35.574 21324 21324 I HandWritingStubImpl: isKeyboardTypeChanged: false
06-19 15:33:35.581  2431  4792 I WifiService: acquireWifiLock uid=10494 lockMode=3
06-19 15:33:35.588  1265  2358 I vendor.qti.hardware.display.composer-service: FrameNotifyProcess Sensor: notify citsensorservice to trigger cwb
06-19 15:33:35.588  2018  2111 I libcitsensorservice@2.0-impl: msg_transfer
06-19 15:33:35.589  2018  3098 D vendor.xiaomi.sensor.citsensorservice@2.0-service: handle id:9 wxh:1280x2400 uwxuh:1080x2400 size: 9216000 fd:15 fd_meta:16 flags:0x4000228 usage:0x33  format:0x3 layer_count: 1
06-19 15:33:35.589  1265  1887 I SDM     : HWCSession::SetCWBOutputBuffer: CWB config passed by cwb_client : tappoint 1  CWB_ROI : (829.000000 4.000000 915.000000 90.000000)
06-19 15:33:35.600  1265 22431 I SDM     : HWCSession::ProcessRequests: Successfully configured CWB buffer.
06-19 15:33:35.606  1265 22431 I SDM     : HWCSession::ProcessRequests: Pushing release fence in fenece wait queue.
06-19 15:33:35.606  1265 22431 I SDM     : HWCSession::ProcessRequests: Creating AsyncFenceWaits async thread.
06-19 15:33:35.606  1265 22431 I SDM     : HWCSession::ProcessRequests: Remove current CWB request from the pending request queue.
06-19 15:33:35.607  1265 22431 I SDM     : HWCSession::ProcessRequests: No pending cwb requests found in the queue.
06-19 15:33:35.608 21324 21324 I HandWritingStubImpl: isKeyboardTypeChanged: false
06-19 15:33:35.611  1383  2199 D AudioFlinger: PlaybackThread::ioConfigChanged, thread 0xb400007e18137c80, event 0
06-19 15:33:35.611  1383  2222 D AudioFlinger: PlaybackThread::ioConfigChanged, thread 0xb400007df10b4240, event 0
06-19 15:33:35.611  1383  2230 D AudioFlinger: PlaybackThread::ioConfigChanged, thread 0xb400007df1184c80, event 0
06-19 15:33:35.612  1383  2232 D AudioFlinger: PlaybackThread::ioConfigChanged, thread 0xb400007df1289740, event 0
06-19 15:33:35.612  1383  2240 D AudioFlinger: PlaybackThread::ioConfigChanged, thread 0xb400007deb7c7f00, event 0
06-19 15:33:35.612  1383  2242 D AudioFlinger: PlaybackThread::ioConfigChanged, thread 0xb400007deb818e80, event 0
06-19 15:33:35.613  1265  1584 I SDM     : HWDeviceDRM::SetupConcurrentWriteback: Tear down the Concurrent Writeback topology
06-19 15:33:35.615  8770  8973 D Avrcp_ext: AudioManager Player: AudioPlaybackConfiguration piid:55 deviceId:0 type:android.media.SoundPool u/pid:1000/2431 state:idle attr:AudioAttributes: usage=USAGE_ASSISTANCE_SONIFICATION content=CONTENT_TYPE_SONIFICATION flags=0x800 tags= bundle=null sessionId:0
06-19 15:33:35.615  8770  8973 D Avrcp_ext: AudioManager Player: AudioPlaybackConfiguration piid:71 deviceId:0 type:android.media.SoundPool u/pid:1000/4233 state:idle attr:AudioAttributes: usage=USAGE_ASSISTANCE_SONIFICATION content=CONTENT_TYPE_SONIFICATION flags=0x800 tags= bundle=null sessionId:0
06-19 15:33:35.615  8770  8973 D Avrcp_ext: AudioManager Player: AudioPlaybackConfiguration piid:87 deviceId:0 type:android.media.SoundPool u/pid:1027/5302 state:idle attr:AudioAttributes: usage=USAGE_ASSISTANCE_SONIFICATION content=CONTENT_TYPE_SONIFICATION flags=0x800 tags= bundle=null sessionId:0
06-19 15:33:35.615  8770  8973 D Avrcp_ext: AudioManager Player: AudioPlaybackConfiguration piid:1351 deviceId:0 type:android.media.AudioTrack u/pid:10494/21534 state:started attr:AudioAttributes: usage=USAGE_MEDIA content=CONTENT_TYPE_MUSIC flags=0x800 tags= bundle=null sessionId:1457
06-19 15:33:35.615 21534 22425 D AudioTrack: start(168): prior state:STATE_STOPPED
06-19 15:33:35.615  1383  1383 D AF::Track: setFadeType isFadeNeeded = 0 type = 1 mFadeType = 0
06-19 15:33:35.616  8770  8973 D Avrcp_ext: AudioManager Player in started state: cn.missevan
06-19 15:33:35.616  8770  8973 D Avrcp_ext: AudioManager Active Player: cn.missevan
06-19 15:33:35.616  8770  8973 D Avrcp_ext: AudioManager Player: AudioPlaybackConfiguration piid:79 deviceId:0 type:android.media.SoundPool u/pid:10079/4258 state:idle attr:AudioAttributes: usage=USAGE_ASSISTANCE_SONIFICATION content=CONTENT_TYPE_SONIFICATION flags=0x800 tags= bundle=null sessionId:0
06-19 15:33:35.617  8770  8973 D Avrcp_ext: AudioManager isPlaying: true, mAudioPlaybackIsActive: false, isMusiActive: false
06-19 15:33:35.617  2431  3386 D AudioServiceStubImpl: disableBTSpatialAudio enter listAudioPorts
06-19 15:33:35.619  8770  8973 V Avrcp_ext: updateCurrentMediaState: mMediaController: MediaController (cn.missevan@8cc111a)  | , null, null
06-19 15:33:35.619  8770  8973 V Avrcp_ext: updateCurrentMediaState: isPlaying = false
06-19 15:33:35.619  8770  8973 W Avrcp_ext: isMusicActive: false getBluetoothPlayState: 1 A2dp State: 11 mAudioPlaybackIsActive: true
06-19 15:33:35.619  8770  8973 D Avrcp_ext: isMusicActive = false mAudioPlaybackIsActive = true player state = PlaybackState {state=3, position=186, buffered position=0, speed=1.0, updated=448589223, actions=894, custom actions=[], active item id=-1, error=null}
06-19 15:33:35.620  8770  8973 D Avrcp_ext: overwrite album_artist :if album is blank
06-19 15:33:35.621  8770  8973 V Avrcp_ext: Media update: id -1-1? [MediaAttributes:  -  by  (90093 0/0) - ] : [MediaAttributes:  -  by  (90093 0/0) - ]
06-19 15:33:35.621  8770  8973 D Avrcp_ext: isPackageNameValid: browsedPackage = cn.missevanisValid = true
06-19 15:33:35.621  8770  8973 V Avrcp_ext: isBrowseSupported for cn.missevan: false
06-19 15:33:35.621  8770  8973 V Avrcp_ext: updatePlaybackState, state: PlaybackState {state=3, position=186, buffered position=0, speed=1.0, updated=448589223, actions=894, custom actions=[], active item id=-1, error=null} device: null
06-19 15:33:35.621  8770  8973 V Avrcp_ext: Device: no name:
06-19 15:33:35.621  8770  8973 V Avrcp_ext: Device: no name:
06-19 15:33:35.621  8770  8973 V Avrcp_ext: Device: no name:
06-19 15:33:35.621  8770  8973 V Avrcp_ext: Device: no name:
06-19 15:33:35.621  8770  8973 V Avrcp_ext: Device: no name:
06-19 15:33:35.621  8770  8973 V Avrcp_ext: updatePlayerStateAndPosition, old=PlaybackState {state=3, position=102, buffered position=0, speed=1.0, updated=448589139, actions=894, custom actions=[], active item id=-1, error=null}, state=PlaybackState {state=3, position=186, buffered position=0, speed=1.0, updated=448589223, actions=894, custom actions=[], active item id=-1, error=null}
06-19 15:33:35.621  8770  8973 V Avrcp_ext: old state = PlaybackState {state=3, position=102, buffered position=0, speed=1.0, updated=448589139, actions=894, custom actions=[], active item id=-1, error=null}, new state= PlaybackState {state=3, position=186, buffered position=0, speed=1.0, updated=448589223, actions=894, custom actions=[], active item id=-1, error=null}
06-19 15:33:35.621  8770  8973 D HeadsetService: getHeadsetService(): returning com.android.bluetooth.hfp.HeadsetService@7e2faf
06-19 15:33:35.621  8770  8973 D HeadsetService:  isAudioOn: The number of audio connected devices 0
06-19 15:33:35.621  8770  8973 D HeadsetService: isScoOrCallActive(): Call Active:falseCall is Ringing:falseSCO is Active:false
06-19 15:33:35.621  8770  8973 D HeadsetService:  isAudioOn: The number of audio connected devices 0
06-19 15:33:35.621  8770  8973 V Avrcp_ext: isPlayStateTobeUpdated: device: null
06-19 15:33:35.621  8770  8973 V Avrcp_ext: Single connection exists
06-19 15:33:35.621  8770  8973 D HeadsetService:  isAudioOn: The number of audio connected devices 0
06-19 15:33:35.621  8770  8973 D HeadsetService: isScoOrCallActive(): Call Active:falseCall is Ringing:falseSCO is Active:false
06-19 15:33:35.621  8770  8973 D HeadsetService:  isAudioOn: The number of audio connected devices 0
06-19 15:33:35.621  8770  8973 V Avrcp_ext: isPlayStateTobeUpdated: device: null
06-19 15:33:35.621  8770  8973 V Avrcp_ext: Single connection exists
06-19 15:33:35.621  8770  8973 D HeadsetService:  isAudioOn: The number of audio connected devices 0
06-19 15:33:35.621 21324 21324 I HandWritingStubImpl: isKeyboardTypeChanged: false
06-19 15:33:35.621  8770  8973 D HeadsetService: isScoOrCallActive(): Call Active:falseCall is Ringing:falseSCO is Active:false
06-19 15:33:35.621  8770  8973 D HeadsetService:  isAudioOn: The number of audio connected devices 0
06-19 15:33:35.621  8770  8973 V Avrcp_ext: isPlayStateTobeUpdated: device: null
06-19 15:33:35.621  8770  8973 V Avrcp_ext: Single connection exists
06-19 15:33:35.621  8770  8973 D HeadsetService:  isAudioOn: The number of audio connected devices 0
06-19 15:33:35.621  8770  8973 D HeadsetService: isScoOrCallActive(): Call Active:falseCall is Ringing:falseSCO is Active:false
06-19 15:33:35.621  8770  8973 D HeadsetService:  isAudioOn: The number of audio connected devices 0
06-19 15:33:35.621  8770  8973 V Avrcp_ext: isPlayStateTobeUpdated: device: null
06-19 15:33:35.621  8770  8973 V Avrcp_ext: Single connection exists
06-19 15:33:35.621  8770  8973 D HeadsetService:  isAudioOn: The number of audio connected devices 0
06-19 15:33:35.621  8770  8973 D HeadsetService: isScoOrCallActive(): Call Active:falseCall is Ringing:falseSCO is Active:false
06-19 15:33:35.621  8770  8973 D HeadsetService:  isAudioOn: The number of audio connected devices 0
06-19 15:33:35.621  8770  8973 V Avrcp_ext: isPlayStateTobeUpdated: device: null
06-19 15:33:35.621  8770  8973 V Avrcp_ext: Single connection exists
06-19 15:33:35.621  8770  8973 D Avrcp_ext: Enter sendPlayPosNotificationRsp
06-19 15:33:35.621  8770  8973 D Avrcp_ext: sendPlayPosNotificationRsp: Not registered or requesting.
06-19 15:33:35.621  8770  8973 D Avrcp_ext: Enter sendPlayPosNotificationRsp
06-19 15:33:35.621  8770  8973 D Avrcp_ext: sendPlayPosNotificationRsp: Not registered or requesting.
06-19 15:33:35.621  8770  8973 D Avrcp_ext: Enter sendPlayPosNotificationRsp
06-19 15:33:35.621  8770  8973 D Avrcp_ext: sendPlayPosNotificationRsp: Not registered or requesting.
06-19 15:33:35.621  8770  8973 D Avrcp_ext: Enter sendPlayPosNotificationRsp
06-19 15:33:35.621  8770  8973 D Avrcp_ext: sendPlayPosNotificationRsp: Not registered or requesting.
06-19 15:33:35.622  8770  8973 D Avrcp_ext: Enter sendPlayPosNotificationRsp
06-19 15:33:35.622  8770  8973 D Avrcp_ext: sendPlayPosNotificationRsp: Not registered or requesting.
06-19 15:33:35.622  8770  8973 V Avrcp_ext: Exit updatePlayerStateAndPosition
06-19 15:33:35.622  1265 22432 I SDM     : HWCSession::NotifyCWBStatus: Notify the client about buffer status 0.
06-19 15:33:35.623  1265 22432 I SDM     : HWCSession::PerformFenceWaits: Remove current release fence from the pending fence wait queue.
06-19 15:33:35.623  1265 22432 I SDM     : HWCSession::PerformFenceWaits: CWB fence queue is empty. No pending release fence to wait on.
06-19 15:33:35.627  2431  3386 D AudioServiceStubImpl: disableBTSpatialAudio listAudioPorts return 0
