06-19 15:33:36.279  2431  4926 D WindowManager: interceptKeyTq keycode=4 interactive=true keyguardActive=false policyFlags=2b000000
06-19 15:33:36.280  2431  2635 W ActivityManager: Sending non-protected broadcast miui.intent.KEYCODE_BACK from system 2431:system/1000 pkg android. Callers=com.android.server.am.ActivityManagerService.broadcastIntentLocked:13893 com.android.server.am.ActivityManagerService.broadcastIntentLocked:13204 com.android.server.am.ActivityManagerService.broadcastIntentWithFeature:14053 android.app.ContextImpl.sendBroadcastAsUser:1400 com.android.server.policy.BaseMiuiPhoneWindowManager$16.run:2837
06-19 15:33:36.280  2431  4926 D MIUIInput: Input event injection from pid 21248, KeyEvent:DOWN, keycode:4
06-19 15:33:36.280  2431  2938 D WindowManager: interceptKeyTi keyCode=4 down=true repeatCount=0 keyguardOn=false canceled=false
06-19 15:33:36.281  2431  2938 D MIUIInput: [KeyEvent] publisher action:0x0,  keyCode:4 , 353000874,channel '85d50d9 cn.missevan/cn.missevan.activity.MainActivity (server)'
06-19 15:33:36.281 21324 21324 I HandWritingStubImpl: isKeyboardTypeChanged: false
06-19 15:33:36.286 21324 21324 D MIUIInput: [KeyEvent] ViewRootImpl windowName 'cn.missevan/cn.missevan.activity.MainActivity', KeyEvent { action=ACTION_DOWN, keyCode=KEYCODE_BACK, scanCode=0, metaState=0, flags=0x0, repeatCount=0, eventTime=353000874, downTime=353000874, deviceId=-1, source=0x101, displayId=-1 }, phoneEventTime=15:33:36.273
06-19 15:33:36.288  2431  4926 W MiuiInputKeyEventLog: keyCode:4 down:false eventTime:353000874 downTime:353000874 policyFlags:2b000000 flags:0 metaState:0 deviceId:-1 isScreenOn:true keyguardActive:false repeatCount:0
06-19 15:33:36.289  2431  4926 D WindowManager: interceptKeyTq keycode=4 interactive=true keyguardActive=false policyFlags=2b000000
06-19 15:33:36.289  2431  2635 W ActivityManager: Sending non-protected broadcast miui.intent.KEYCODE_BACK from system 2431:system/1000 pkg android. Callers=com.android.server.am.ActivityManagerService.broadcastIntentLocked:13794 com.android.server.am.ActivityManagerService.broadcastIntentLocked:13204 com.android.server.am.ActivityManagerService.broadcastIntentWithFeature:14053 android.app.ContextImpl.sendBroadcastAsUser:1400 com.android.server.policy.BaseMiuiPhoneWindowManager$16.run:2837
06-19 15:33:36.289 21324 21324 I HandWritingStubImpl: isKeyboardTypeChanged: false
06-19 15:33:36.290  2431  2635 W ActivityManager: Sending non-protected broadcast miui.intent.KEYCODE_BACK from system 2431:system/1000 pkg android. Callers=com.android.server.am.ActivityManagerService.broadcastIntentLocked:13893 com.android.server.am.ActivityManagerService.broadcastIntentLocked:13204 com.android.server.am.ActivityManagerService.broadcastIntentWithFeature:14053 android.app.ContextImpl.sendBroadcastAsUser:1400 com.android.server.policy.BaseMiuiPhoneWindowManager$16.run:2837
06-19 15:33:36.292  2431  4926 D MIUIInput: Input event injection from pid 21248, KeyEvent:UP, keycode:4
06-19 15:33:36.292  2431  2938 D WindowManager: interceptKeyTi keyCode=4 down=false repeatCount=0 keyguardOn=false canceled=false
06-19 15:33:36.292  2431  2938 D MIUIInput: [KeyEvent] publisher action:0x1,  keyCode:4 , 353000874,channel '85d50d9 cn.missevan/cn.missevan.activity.MainActivity (server)'
06-19 15:33:36.294 21324 21324 D MIUIInput: [KeyEvent] ViewRootImpl windowName 'cn.missevan/cn.missevan.activity.MainActivity', KeyEvent { action=ACTION_UP, keyCode=KEYCODE_BACK, scanCode=0, metaState=0, flags=0x0, repeatCount=0, eventTime=353000874, downTime=353000874, deviceId=-1, source=0x101, displayId=-1 }, phoneEventTime=15:33:36.274
06-19 15:33:36.298 21324 21324 I HandWritingStubImpl: isKeyboardTypeChanged: false
06-19 15:33:36.305 21263 21295 I appium  : AppiumResponse: {"sessionId":"f8b112d5-1915-4650-999b-fc78bf049b38","value":null}
06-19 15:33:36.308  2431  5698 W InputManager-JNI: Input channel object '6724065 PopupWindow:f47fde5 (client)' was disposed without first being removed with the input manager!
06-19 15:33:36.322 21324 21324 D DecorView[MainActivity]: getWindowModeFromSystem  windowmode is 1
06-19 15:33:36.322 21324 21324 D DecorView[MainActivity]: updateDecorCaptionStatus displayWindowDecor is false
06-19 15:33:36.326  2431  5698 I WindowManagerService: Physical orientation applied, rotation=0 sfOrientation=ORIENTATION_0
06-19 15:33:36.334 21324 21324 I HandWritingStubImpl: isKeyboardTypeChanged: false
06-19 15:33:36.339 21324 21324 I HandWritingStubImpl: isKeyboardTypeChanged: false
06-19 15:33:36.349 21324 21324 I HandWritingStubImpl: isKeyboardTypeChanged: false
06-19 15:33:36.355 21324 21324 I HandWritingStubImpl: isKeyboardTypeChanged: false
06-19 15:33:36.363 21324 21324 I HandWritingStubImpl: isKeyboardTypeChanged: false
06-19 15:33:36.372 21324 21324 I HandWritingStubImpl: isKeyboardTypeChanged: false
06-19 15:33:36.373  2018  3127 D libsensor-displayalgo: the value of  brightness:438.000000,R:69592130.647572,G:65531357.307960,B:69899856.859952,EVENT_C:5511.000000,EVENT_R:2118.500000,EVENT_G:2811.000000,EVENT_B:1113.000000
06-19 15:33:36.373  2018  3127 I libsensor-displayalgo: the value of  Coef1:1107.681000,Coef4:2.383000, scale1:0.935522, scale4:0.923264
06-19 15:33:36.373  2018  3127 E libsensor-displayalgo: RGB_test_0407_400_oldzy!
06-19 15:33:36.374  2018  3127 I libsensor-displayalgo: the value of  RESULT2823.531098,1127.197978,1363.334581,509.596778
06-19 15:33:36.374  2018  3127 I libsensor-displayalgo: the value of  getChannelDataCalibrated2960.318216,1044.002592,1584.609481,556.190591
06-19 15:33:36.374  2018  3127 I libsensor-displayalgo: the value of  REAL LUX150.071198
06-19 15:33:36.374  2018  3127 I libsensor-displayalgo: the value of  CAL REAL LUX150.071198
06-19 15:33:36.380 21324 21324 I HandWritingStubImpl: isKeyboardTypeChanged: false
06-19 15:33:36.388 21324 21324 I HandWritingStubImpl: isKeyboardTypeChanged: false
06-19 15:33:36.396 21324 21324 I HandWritingStubImpl: isKeyboardTypeChanged: false
06-19 15:33:36.405 21324 21324 I HandWritingStubImpl: isKeyboardTypeChanged: false
06-19 15:33:36.413 21324 21324 I HandWritingStubImpl: isKeyboardTypeChanged: false
06-19 15:33:36.421 21324 21324 I HandWritingStubImpl: isKeyboardTypeChanged: false
06-19 15:33:36.429 21324 21324 I HandWritingStubImpl: isKeyboardTypeChanged: false
06-19 15:33:36.438 21324 21324 I HandWritingStubImpl: isKeyboardTypeChanged: false
06-19 15:33:36.446 21324 21324 I HandWritingStubImpl: isKeyboardTypeChanged: false
06-19 15:33:36.454 21324 21324 I HandWritingStubImpl: isKeyboardTypeChanged: false
06-19 15:33:36.462 21324 21324 I HandWritingStubImpl: isKeyboardTypeChanged: false
06-19 15:33:36.471 21324 21324 I HandWritingStubImpl: isKeyboardTypeChanged: false
06-19 15:33:36.479 21324 21324 I HandWritingStubImpl: isKeyboardTypeChanged: false
06-19 15:33:36.487 21324 21324 I HandWritingStubImpl: isKeyboardTypeChanged: false
06-19 15:33:36.495 21324 21324 I HandWritingStubImpl: isKeyboardTypeChanged: false
06-19 15:33:36.503  1265  2358 I vendor.qti.hardware.display.composer-service: FrameNotifyProcess Sensor: notify citsensorservice to trigger cwb
06-19 15:33:36.503  2018  2111 I libcitsensorservice@2.0-impl: msg_transfer
06-19 15:33:36.503  2018  3098 D vendor.xiaomi.sensor.citsensorservice@2.0-service: handle id:9 wxh:1280x2400 uwxuh:1080x2400 size: 9216000 fd:15 fd_meta:16 flags:0x4000228 usage:0x33  format:0x3 layer_count: 1
06-19 15:33:36.504 21324 21324 I HandWritingStubImpl: isKeyboardTypeChanged: false
06-19 15:33:36.504  1265  1889 I SDM     : HWCSession::SetCWBOutputBuffer: CWB config passed by cwb_client : tappoint 1  CWB_ROI : (829.000000 4.000000 915.000000 90.000000)
06-19 15:33:36.505  1265 22446 I SDM     : HWCSession::ProcessRequests: Successfully configured CWB buffer.
06-19 15:33:36.506  5809 22428 I SafeBinderCall: onPositionChange binder cost:0
06-19 15:33:36.506  4233  4233 D MiPlayDetailViewModel: onPositionChange(): position = 1072
06-19 15:33:36.512 21324 21324 I HandWritingStubImpl: isKeyboardTypeChanged: false
06-19 15:33:36.515  1265 22446 I SDM     : HWCSession::ProcessRequests: Pushing release fence in fenece wait queue.
06-19 15:33:36.515  1265 22446 I SDM     : HWCSession::ProcessRequests: Creating AsyncFenceWaits async thread.
06-19 15:33:36.516  1265 22446 I SDM     : HWCSession::ProcessRequests: Remove current CWB request from the pending request queue.
06-19 15:33:36.516  1265 22446 I SDM     : HWCSession::ProcessRequests: No pending cwb requests found in the queue.
06-19 15:33:36.519  1265  1584 I SDM     : HWDeviceDRM::SetupConcurrentWriteback: Tear down the Concurrent Writeback topology
06-19 15:33:36.520 21324 21324 I HandWritingStubImpl: isKeyboardTypeChanged: false
06-19 15:33:36.528 21324 21324 I HandWritingStubImpl: isKeyboardTypeChanged: false
06-19 15:33:36.529  1265 22447 I SDM     : HWCSession::NotifyCWBStatus: Notify the client about buffer status 0.
06-19 15:33:36.529  1265 22447 I SDM     : HWCSession::PerformFenceWaits: Remove current release fence from the pending fence wait queue.
06-19 15:33:36.529  1265 22447 I SDM     : HWCSession::PerformFenceWaits: CWB fence queue is empty. No pending release fence to wait on.
06-19 15:33:36.536 21324 21324 I HandWritingStubImpl: isKeyboardTypeChanged: false
06-19 15:33:36.544 21324 21324 I HandWritingStubImpl: isKeyboardTypeChanged: false
06-19 15:33:36.553 21324 21324 I HandWritingStubImpl: isKeyboardTypeChanged: false
06-19 15:33:36.556  2431  4926 I SmartPower.com.sohu.inputmethod.sogou.xiaomi:identifier/10132(29315): visible->invisible(13061ms) R(become invisible) adj=0.
06-19 15:33:36.556  2431  4926 I SmartPower.com.sohu.inputmethod.sogou.xiaomi:scrashly/10132(20363): visible->invisible(13061ms) R(become invisible) adj=999.
06-19 15:33:36.561 21324 21324 I HandWritingStubImpl: isKeyboardTypeChanged: false
06-19 15:33:36.563  2431  4926 I WindowManagerService: Physical orientation applied, rotation=0 sfOrientation=ORIENTATION_0
06-19 15:33:36.564 13581 13581 E BaseInputMethodService: onComputeInsets
06-19 15:33:36.569 13581 13581 E BaseInputMethodService: onComputeInsets
06-19 15:33:36.569 21324 21324 I HandWritingStubImpl: isKeyboardTypeChanged: false
06-19 15:33:36.578 21324 21324 I HandWritingStubImpl: isKeyboardTypeChanged: false
06-19 15:33:36.589 21324 21324 I HandWritingStubImpl: refreshLastKeyboardType: 1
06-19 15:33:36.589 21534 21534 I @@@BBPLOG: Info T847DE4F8 CPlayEngn L398 It will start suspend
06-19 15:33:36.591 21324 21324 I HandWritingStubImpl: isKeyboardTypeChanged: false
06-19 15:33:36.594 21324 21324 I HandWritingStubImpl: isKeyboardTypeChanged: false
06-19 15:33:36.602 21324 21324 I HandWritingStubImpl: isKeyboardTypeChanged: false
06-19 15:33:36.610 21324 21324 I HandWritingStubImpl: isKeyboardTypeChanged: false
06-19 15:33:36.618 21324 21324 I HandWritingStubImpl: isKeyboardTypeChanged: false
06-19 15:33:36.628 21324 21324 I HandWritingStubImpl: isKeyboardTypeChanged: false
06-19 15:33:36.635 21324 21324 I HandWritingStubImpl: isKeyboardTypeChanged: false
06-19 15:33:36.643 21324 21324 I HandWritingStubImpl: isKeyboardTypeChanged: false
06-19 15:33:36.674  2018  3127 D libsensor-displayalgo: the value of  brightness:438.000000,R:40546513.592207,G:37563249.079423,B:40255205.246216,EVENT_C:4713.500000,EVENT_R:1855.500000,EVENT_G:2371.000000,EVENT_B:940.000000
06-19 15:33:36.674  2018  3127 I libsensor-displayalgo: the value of  Coef1:1107.681000,Coef4:2.383000, scale1:0.935522, scale4:0.923264
06-19 15:33:36.674  2018  3127 E libsensor-displayalgo: RGB_test_0407_400_oldzy!
06-19 15:33:36.676  2018  3127 I libsensor-displayalgo: the value of  RESULT1932.098735,766.722330,954.705077,341.490223
06-19 15:33:36.676  2018  3127 I libsensor-displayalgo: the value of  getChannelDataCalibrated2025.700047,710.132661,1109.657701,372.713599
06-19 15:33:36.676  2018  3127 I libsensor-displayalgo: the value of  REAL LUX157.815521
06-19 15:33:36.676  2018  3127 I libsensor-displayalgo: the value of  CAL REAL LUX157.815521
06-19 15:33:36.685 21324 21324 I HandWritingStubImpl: isKeyboardTypeChanged: false
06-19 15:33:36.726 21324 21324 I HandWritingStubImpl: isKeyboardTypeChanged: false
06-19 15:33:36.768 21324 21324 I HandWritingStubImpl: isKeyboardTypeChanged: false
06-19 15:33:36.806  1265  2358 I vendor.qti.hardware.display.composer-service: FrameNotifyProcess Sensor: notify citsensorservice to trigger cwb
06-19 15:33:36.807  2018  2111 I libcitsensorservice@2.0-impl: msg_transfer
06-19 15:33:36.808  2018  3098 D vendor.xiaomi.sensor.citsensorservice@2.0-service: handle id:9 wxh:1280x2400 uwxuh:1080x2400 size: 9216000 fd:15 fd_meta:16 flags:0x4000228 usage:0x33  format:0x3 layer_count: 1
06-19 15:33:36.809  1265  1889 I SDM     : HWCSession::SetCWBOutputBuffer: CWB config passed by cwb_client : tappoint 1  CWB_ROI : (829.000000 4.000000 915.000000 90.000000)
06-19 15:33:36.809 21324 21324 I HandWritingStubImpl: isKeyboardTypeChanged: false
06-19 15:33:36.810  1265 22448 I SDM     : HWCSession::ProcessRequests: Successfully configured CWB buffer.
06-19 15:33:36.819  1265 22448 I SDM     : HWCSession::ProcessRequests: Pushing release fence in fenece wait queue.
06-19 15:33:36.821  1265 22448 I SDM     : HWCSession::ProcessRequests: Creating AsyncFenceWaits async thread.
06-19 15:33:36.823  1265 22448 I SDM     : HWCSession::ProcessRequests: Remove current CWB request from the pending request queue.
06-19 15:33:36.823  1265 22448 I SDM     : HWCSession::ProcessRequests: No pending cwb requests found in the queue.
06-19 15:33:36.824  1265  1584 I SDM     : HWDeviceDRM::SetupConcurrentWriteback: Tear down the Concurrent Writeback topology
06-19 15:33:36.832  1265 22449 I SDM     : HWCSession::NotifyCWBStatus: Notify the client about buffer status 0.
06-19 15:33:36.833  1265 22449 I SDM     : HWCSession::PerformFenceWaits: Remove current release fence from the pending fence wait queue.
06-19 15:33:36.833  1265 22449 I SDM     : HWCSession::PerformFenceWaits: CWB fence queue is empty. No pending release fence to wait on.
06-19 15:33:36.849 21324 21324 I HandWritingStubImpl: isKeyboardTypeChanged: false
06-19 15:33:36.891 21324 21324 I HandWritingStubImpl: isKeyboardTypeChanged: false
06-19 15:33:36.933 21324 21324 I HandWritingStubImpl: isKeyboardTypeChanged: false
06-19 15:33:36.974  2018  3127 D libsensor-displayalgo: the value of  brightness:438.000000,R:38509569.398290,G:35844221.926418,B:38350710.247489,EVENT_C:4510.000000,EVENT_R:1787.000000,EVENT_G:2260.500000,EVENT_B:897.000000
06-19 15:33:36.974  2018  3127 I libsensor-displayalgo: the value of  Coef1:1107.681000,Coef4:2.383000, scale1:0.935522, scale4:0.923264
06-19 15:33:36.974  2018  3127 E libsensor-displayalgo: RGB_test_0407_400_oldzy!
06-19 15:33:36.975  2018  3127 I libsensor-displayalgo: the value of  RESULT1868.960827,740.209405,926.269137,329.910132
06-19 15:33:36.975  2018  3127 I libsensor-displayalgo: the value of  getChannelDataCalibrated1959.503398,685.576583,1076.606489,360.074708
06-19 15:33:36.975  2018  3127 I libsensor-displayalgo: the value of  REAL LUX148.724594
06-19 15:33:36.975  2018  3127 I libsensor-displayalgo: the value of  CAL REAL LUX148.724594
06-19 15:33:36.982 21324 21324 I HandWritingStubImpl: isKeyboardTypeChanged: false
06-19 15:33:37.022 21324 21324 I HandWritingStubImpl: isKeyboardTypeChanged: false
06-19 15:33:37.064 21324 21324 I HandWritingStubImpl: isKeyboardTypeChanged: false
06-19 15:33:37.105 21324 21324 I HandWritingStubImpl: isKeyboardTypeChanged: false
06-19 15:33:37.119  1265  2358 I vendor.qti.hardware.display.composer-service: FrameNotifyProcess Sensor: notify citsensorservice to trigger cwb
06-19 15:33:37.120  2018  2108 I libcitsensorservice@2.0-impl: msg_transfer
06-19 15:33:37.120  2018  3098 D vendor.xiaomi.sensor.citsensorservice@2.0-service: handle id:9 wxh:1280x2400 uwxuh:1080x2400 size: 9216000 fd:15 fd_meta:16 flags:0x4000228 usage:0x33  format:0x3 layer_count: 1
06-19 15:33:37.121  1265  1889 I SDM     : HWCSession::SetCWBOutputBuffer: CWB config passed by cwb_client : tappoint 1  CWB_ROI : (829.000000 4.000000 915.000000 90.000000)
06-19 15:33:37.123  1265 22450 I SDM     : HWCSession::ProcessRequests: Successfully configured CWB buffer.
06-19 15:33:37.129  1265 22450 I SDM     : HWCSession::ProcessRequests: Pushing release fence in fenece wait queue.
06-19 15:33:37.129  1265 22450 I SDM     : HWCSession::ProcessRequests: Creating AsyncFenceWaits async thread.
06-19 15:33:37.130  1265 22450 I SDM     : HWCSession::ProcessRequests: Remove current CWB request from the pending request queue.
06-19 15:33:37.131  1265 22450 I SDM     : HWCSession::ProcessRequests: No pending cwb requests found in the queue.
06-19 15:33:37.136  1265  1584 I SDM     : HWDeviceDRM::SetupConcurrentWriteback: Tear down the Concurrent Writeback topology
06-19 15:33:37.143  1265 22451 I SDM     : HWCSession::NotifyCWBStatus: Notify the client about buffer status 0.
06-19 15:33:37.143  1265 22451 I SDM     : HWCSession::PerformFenceWaits: Remove current release fence from the pending fence wait queue.
06-19 15:33:37.143  1265 22451 I SDM     : HWCSession::PerformFenceWaits: CWB fence queue is empty. No pending release fence to wait on.
06-19 15:33:37.145 21324 21324 I HandWritingStubImpl: isKeyboardTypeChanged: false
06-19 15:33:37.187 21324 21324 I HandWritingStubImpl: isKeyboardTypeChanged: false
06-19 15:33:37.236 21324 21324 I HandWritingStubImpl: isKeyboardTypeChanged: false
06-19 15:33:37.274  2018  3127 D libsensor-displayalgo: the value of  brightness:438.000000,R:38509569.398290,G:35844221.926418,B:38350710.247489,EVENT_C:4504.000000,EVENT_R:1787.500000,EVENT_G:2259.000000,EVENT_B:894.500000
06-19 15:33:37.274  2018  3127 I libsensor-displayalgo: the value of  Coef1:1107.681000,Coef4:2.383000, scale1:0.935522, scale4:0.923264
06-19 15:33:37.274  2018  3127 E libsensor-displayalgo: RGB_test_0407_400_oldzy!
06-19 15:33:37.274  2018  3127 I libsensor-displayalgo: the value of  RESULT1868.960827,740.209405,926.269137,329.910132
06-19 15:33:37.274  2018  3127 I libsensor-displayalgo: the value of  getChannelDataCalibrated1959.503398,685.576583,1076.606489,360.074708
06-19 15:33:37.274  2018  3127 I libsensor-displayalgo: the value of  REAL LUX148.417160
06-19 15:33:37.274  2018  3127 I libsensor-displayalgo: the value of  CAL REAL LUX148.417160
06-19 15:33:37.278 21324 21324 I HandWritingStubImpl: isKeyboardTypeChanged: false
06-19 15:33:37.318 21324 21324 I HandWritingStubImpl: isKeyboardTypeChanged: false
06-19 15:33:37.360 21324 21324 I HandWritingStubImpl: isKeyboardTypeChanged: false
06-19 15:33:37.401 21324 21324 I HandWritingStubImpl: isKeyboardTypeChanged: false
06-19 15:33:37.410 21263 21295 I appium  : channel read: POST /wd/hub/session/f8b112d5-1915-4650-999b-fc78bf049b38/appium/device/press_keycode
06-19 15:33:37.412 21263 21295 I appium  : PressKeyCode command
06-19 15:33:37.412 21263 21295 I appium  : Calling PressKeyCode...
06-19 15:33:37.424  2431  5698 W MiuiInputKeyEventLog: keyCode:4 down:true eventTime:353002018 downTime:353002018 policyFlags:2b000000 flags:0 metaState:0 deviceId:-1 isScreenOn:true keyguardActive:false repeatCount:0
06-19 15:33:37.424  1265  2358 I vendor.qti.hardware.display.composer-service: FrameNotifyProcess Sensor: notify citsensorservice to trigger cwb
06-19 15:33:37.424  2018  2108 I libcitsensorservice@2.0-impl: msg_transfer
06-19 15:33:37.425  2018  3098 D vendor.xiaomi.sensor.citsensorservice@2.0-service: handle id:9 wxh:1280x2400 uwxuh:1080x2400 size: 9216000 fd:15 fd_meta:16 flags:0x4000228 usage:0x33  format:0x3 layer_count: 1
06-19 15:33:37.425  2431  5698 D WindowManager: interceptKeyTq keycode=4 interactive=true keyguardActive=false policyFlags=2b000000
06-19 15:33:37.425  1265  1889 I SDM     : HWCSession::SetCWBOutputBuffer: CWB config passed by cwb_client : tappoint 1  CWB_ROI : (829.000000 4.000000 915.000000 90.000000)
06-19 15:33:37.425  2431  2635 W ActivityManager: Sending non-protected broadcast miui.intent.KEYCODE_BACK from system 2431:system/1000 pkg android. Callers=com.android.server.am.ActivityManagerService.broadcastIntentLocked:13794 com.android.server.am.ActivityManagerService.broadcastIntentLocked:13204 com.android.server.am.ActivityManagerService.broadcastIntentWithFeature:14053 android.app.ContextImpl.sendBroadcastAsUser:1400 com.android.server.policy.BaseMiuiPhoneWindowManager$16.run:2837
06-19 15:33:37.425  2431  5698 D MIUIInput: Input event injection from pid 21248, KeyEvent:DOWN, keycode:4
06-19 15:33:37.425  2431  2635 W ActivityManager: Sending non-protected broadcast miui.intent.KEYCODE_BACK from system 2431:system/1000 pkg android. Callers=com.android.server.am.ActivityManagerService.broadcastIntentLocked:13893 com.android.server.am.ActivityManagerService.broadcastIntentLocked:13204 com.android.server.am.ActivityManagerService.broadcastIntentWithFeature:14053 android.app.ContextImpl.sendBroadcastAsUser:1400 com.android.server.policy.BaseMiuiPhoneWindowManager$16.run:2837
06-19 15:33:37.426  1265 22452 I SDM     : HWCSession::ProcessRequests: Successfully configured CWB buffer.
06-19 15:33:37.426  2431  2938 D WindowManager: interceptKeyTi keyCode=4 down=true repeatCount=0 keyguardOn=false canceled=false
06-19 15:33:37.427  2431  2938 D MIUIInput: [KeyEvent] publisher action:0x0,  keyCode:4 , 353002018,channel '85d50d9 cn.missevan/cn.missevan.activity.MainActivity (server)'
06-19 15:33:37.428 21324 21324 D MIUIInput: [KeyEvent] ViewRootImpl windowName 'cn.missevan/cn.missevan.activity.MainActivity', KeyEvent { action=ACTION_DOWN, keyCode=KEYCODE_BACK, scanCode=0, metaState=0, flags=0x0, repeatCount=0, eventTime=353002018, downTime=353002018, deviceId=-1, source=0x101, displayId=-1 }, phoneEventTime=15:33:37.417
06-19 15:33:37.429  2431  5698 W MiuiInputKeyEventLog: keyCode:4 down:false eventTime:353002018 downTime:353002018 policyFlags:2b000000 flags:0 metaState:0 deviceId:-1 isScreenOn:true keyguardActive:false repeatCount:0
06-19 15:33:37.430  2431  5698 D WindowManager: interceptKeyTq keycode=4 interactive=true keyguardActive=false policyFlags=2b000000
06-19 15:33:37.431  2431  5698 D MIUIInput: Input event injection from pid 21248, KeyEvent:UP, keycode:4
06-19 15:33:37.431  2431  2635 W ActivityManager: Sending non-protected broadcast miui.intent.KEYCODE_BACK from system 2431:system/1000 pkg android. Callers=com.android.server.am.ActivityManagerService.broadcastIntentLocked:13794 com.android.server.am.ActivityManagerService.broadcastIntentLocked:13204 com.android.server.am.ActivityManagerService.broadcastIntentWithFeature:14053 android.app.ContextImpl.sendBroadcastAsUser:1400 com.android.server.policy.BaseMiuiPhoneWindowManager$16.run:2837
06-19 15:33:37.431  2431  2938 D WindowManager: interceptKeyTi keyCode=4 down=false repeatCount=0 keyguardOn=false canceled=false
06-19 15:33:37.431  2431  2635 W ActivityManager: Sending non-protected broadcast miui.intent.KEYCODE_BACK from system 2431:system/1000 pkg android. Callers=com.android.server.am.ActivityManagerService.broadcastIntentLocked:13893 com.android.server.am.ActivityManagerService.broadcastIntentLocked:13204 com.android.server.am.ActivityManagerService.broadcastIntentWithFeature:14053 android.app.ContextImpl.sendBroadcastAsUser:1400 com.android.server.policy.BaseMiuiPhoneWindowManager$16.run:2837
06-19 15:33:37.432  2431  2938 D MIUIInput: [KeyEvent] publisher action:0x1,  keyCode:4 , 353002018,channel '85d50d9 cn.missevan/cn.missevan.activity.MainActivity (server)'
06-19 15:33:37.432 21324 21324 D MIUIInput: [KeyEvent] ViewRootImpl windowName 'cn.missevan/cn.missevan.activity.MainActivity', KeyEvent { action=ACTION_UP, keyCode=KEYCODE_BACK, scanCode=0, metaState=0, flags=0x0, repeatCount=0, eventTime=353002018, downTime=353002018, deviceId=-1, source=0x101, displayId=-1 }, phoneEventTime=15:33:37.418
06-19 15:33:37.433  1265 22452 I SDM     : HWCSession::ProcessRequests: Pushing release fence in fenece wait queue.
06-19 15:33:37.433  1265 22452 I SDM     : HWCSession::ProcessRequests: Creating AsyncFenceWaits async thread.
06-19 15:33:37.433  1265 22452 I SDM     : HWCSession::ProcessRequests: Remove current CWB request from the pending request queue.
06-19 15:33:37.434  1265 22452 I SDM     : HWCSession::ProcessRequests: No pending cwb requests found in the queue.
06-19 15:33:37.440  1265  1584 I SDM     : HWDeviceDRM::SetupConcurrentWriteback: Tear down the Concurrent Writeback topology
06-19 15:33:37.442 21263 21295 I appium  : AppiumResponse: {"sessionId":"f8b112d5-1915-4650-999b-fc78bf049b38","value":null}
06-19 15:33:37.442 21324 21324 I HandWritingStubImpl: isKeyboardTypeChanged: false
06-19 15:33:37.442 21324 21324 I HandWritingStubImpl: isKeyboardTypeChanged: false
06-19 15:33:37.450 21324 21324 I HandWritingStubImpl: isKeyboardTypeChanged: false
06-19 15:33:37.450  1265 22453 I SDM     : HWCSession::NotifyCWBStatus: Notify the client about buffer status 0.
06-19 15:33:37.450  1265 22453 I SDM     : HWCSession::PerformFenceWaits: Remove current release fence from the pending fence wait queue.
06-19 15:33:37.450  1265 22453 I SDM     : HWCSession::PerformFenceWaits: CWB fence queue is empty. No pending release fence to wait on.
06-19 15:33:37.458 21324 21324 I HandWritingStubImpl: isKeyboardTypeChanged: false
06-19 15:33:37.466 21324 21324 I HandWritingStubImpl: isKeyboardTypeChanged: false
06-19 15:33:37.474 21324 21324 I HandWritingStubImpl: isKeyboardTypeChanged: false
06-19 15:33:37.482 21324 21324 I HandWritingStubImpl: isKeyboardTypeChanged: false
06-19 15:33:37.491 21324 21324 I HandWritingStubImpl: isKeyboardTypeChanged: false
06-19 15:33:37.499 21324 21324 I HandWritingStubImpl: isKeyboardTypeChanged: false
06-19 15:33:37.506  5809 22428 I SafeBinderCall: onPositionChange binder cost:0
06-19 15:33:37.506  4233  4233 D MiPlayDetailViewModel: onPositionChange(): position = 2072
06-19 15:33:37.507 21324 21324 I HandWritingStubImpl: isKeyboardTypeChanged: false
06-19 15:33:37.516 21324 21324 I HandWritingStubImpl: isKeyboardTypeChanged: false
06-19 15:33:37.524 21324 21324 I HandWritingStubImpl: isKeyboardTypeChanged: false
06-19 15:33:37.532 21324 21324 I HandWritingStubImpl: isKeyboardTypeChanged: false
06-19 15:33:37.540 21324 21324 I HandWritingStubImpl: isKeyboardTypeChanged: false
06-19 15:33:37.548 21324 21324 I HandWritingStubImpl: isKeyboardTypeChanged: false
06-19 15:33:37.557 21324 21324 I HandWritingStubImpl: isKeyboardTypeChanged: false
06-19 15:33:37.565 21324 21324 I HandWritingStubImpl: isKeyboardTypeChanged: false
06-19 15:33:37.573 21324 21324 I HandWritingStubImpl: isKeyboardTypeChanged: false
06-19 15:33:37.574  2018  3127 D libsensor-displayalgo: the value of  brightness:438.000000,R:38509569.398290,G:35844221.926418,B:38350710.247489,EVENT_C:4505.000000,EVENT_R:1785.000000,EVENT_G:2257.500000,EVENT_B:895.500000
06-19 15:33:37.574  2018  3127 I libsensor-displayalgo: the value of  Coef1:1107.681000,Coef4:2.383000, scale1:0.935522, scale4:0.923264
06-19 15:33:37.574  2018  3127 E libsensor-displayalgo: RGB_test_0407_400_oldzy!
06-19 15:33:37.574  2018  3127 I libsensor-displayalgo: the value of  RESULT1868.960827,740.209405,926.269137,329.910132
06-19 15:33:37.574  2018  3127 I libsensor-displayalgo: the value of  getChannelDataCalibrated1959.503398,685.576583,1076.606489,360.074708
06-19 15:33:37.574  2018  3127 I libsensor-displayalgo: the value of  REAL LUX148.432465
06-19 15:33:37.574  2018  3127 I libsensor-displayalgo: the value of  CAL REAL LUX148.432465
06-19 15:33:37.582 21324 21324 I HandWritingStubImpl: isKeyboardTypeChanged: false
06-19 15:33:37.590 21324 21324 I HandWritingStubImpl: isKeyboardTypeChanged: false
06-19 15:33:37.598 21324 21324 I HandWritingStubImpl: isKeyboardTypeChanged: false
06-19 15:33:37.606 21324 21324 I HandWritingStubImpl: isKeyboardTypeChanged: false
06-19 15:33:37.614 21324 21324 I HandWritingStubImpl: isKeyboardTypeChanged: false
06-19 15:33:37.623 21324 21324 I HandWritingStubImpl: isKeyboardTypeChanged: false
06-19 15:33:37.631 21324 21324 I HandWritingStubImpl: isKeyboardTypeChanged: false
06-19 15:33:37.639 21324 21324 I HandWritingStubImpl: isKeyboardTypeChanged: false
06-19 15:33:37.648 21324 21324 I HandWritingStubImpl: isKeyboardTypeChanged: false
06-19 15:33:37.656 21324 21324 I HandWritingStubImpl: isKeyboardTypeChanged: false
06-19 15:33:37.664 21324 21324 I HandWritingStubImpl: isKeyboardTypeChanged: false
06-19 15:33:37.672 21324 21324 I HandWritingStubImpl: isKeyboardTypeChanged: false
06-19 15:33:37.681 21324 21324 I HandWritingStubImpl: isKeyboardTypeChanged: false
06-19 15:33:37.689 21324 21324 I HandWritingStubImpl: isKeyboardTypeChanged: false
06-19 15:33:37.697 21324 21324 I HandWritingStubImpl: isKeyboardTypeChanged: false
06-19 15:33:37.705 21324 21324 I HandWritingStubImpl: isKeyboardTypeChanged: false
06-19 15:33:37.713 21324 21324 I HandWritingStubImpl: isKeyboardTypeChanged: false
06-19 15:33:37.722 21324 21324 I HandWritingStubImpl: isKeyboardTypeChanged: false
06-19 15:33:37.728  1265  2358 I vendor.qti.hardware.display.composer-service: FrameNotifyProcess Sensor: notify citsensorservice to trigger cwb
06-19 15:33:37.728  2018  2111 I libcitsensorservice@2.0-impl: msg_transfer
06-19 15:33:37.730 21324 21324 I HandWritingStubImpl: isKeyboardTypeChanged: false
06-19 15:33:37.730  2018  3098 D vendor.xiaomi.sensor.citsensorservice@2.0-service: handle id:9 wxh:1280x2400 uwxuh:1080x2400 size: 9216000 fd:15 fd_meta:16 flags:0x4000228 usage:0x33  format:0x3 layer_count: 1
06-19 15:33:37.730  1265  1889 I SDM     : HWCSession::SetCWBOutputBuffer: CWB config passed by cwb_client : tappoint 1  CWB_ROI : (829.000000 4.000000 915.000000 90.000000)
06-19 15:33:37.733  1265 22454 I SDM     : HWCSession::ProcessRequests: Successfully configured CWB buffer.
06-19 15:33:37.738 21324 21324 I HandWritingStubImpl: isKeyboardTypeChanged: false
06-19 15:33:37.739  1265 22454 I SDM     : HWCSession::ProcessRequests: Pushing release fence in fenece wait queue.
06-19 15:33:37.739  1265 22454 I SDM     : HWCSession::ProcessRequests: Creating AsyncFenceWaits async thread.
06-19 15:33:37.739  1265 22454 I SDM     : HWCSession::ProcessRequests: Remove current CWB request from the pending request queue.
06-19 15:33:37.740  1265 22454 I SDM     : HWCSession::ProcessRequests: No pending cwb requests found in the queue.
06-19 15:33:37.745  1265  1584 I SDM     : HWDeviceDRM::SetupConcurrentWriteback: Tear down the Concurrent Writeback topology
06-19 15:33:37.746 21324 21324 I HandWritingStubImpl: isKeyboardTypeChanged: false
06-19 15:33:37.752  1265 22455 I SDM     : HWCSession::NotifyCWBStatus: Notify the client about buffer status 0.
06-19 15:33:37.752  1265 22455 I SDM     : HWCSession::PerformFenceWaits: Remove current release fence from the pending fence wait queue.
06-19 15:33:37.752  1265 22455 I SDM     : HWCSession::PerformFenceWaits: CWB fence queue is empty. No pending release fence to wait on.
06-19 15:33:37.754 21324 21324 I HandWritingStubImpl: isKeyboardTypeChanged: false
06-19 15:33:37.763 21324 21324 I HandWritingStubImpl: isKeyboardTypeChanged: false
06-19 15:33:37.771 21324 21324 I HandWritingStubImpl: isKeyboardTypeChanged: false
06-19 15:33:37.779 21324 21324 I HandWritingStubImpl: isKeyboardTypeChanged: false
06-19 15:33:37.788 21324 21324 I HandWritingStubImpl: isKeyboardTypeChanged: false
06-19 15:33:37.796 21324 21324 I HandWritingStubImpl: isKeyboardTypeChanged: false
06-19 15:33:37.804 21324 21324 I HandWritingStubImpl: isKeyboardTypeChanged: false
06-19 15:33:37.813 21324 21324 I HandWritingStubImpl: isKeyboardTypeChanged: false
06-19 15:33:37.821 21324 21324 I HandWritingStubImpl: isKeyboardTypeChanged: false
06-19 15:33:37.829 21324 21324 I HandWritingStubImpl: isKeyboardTypeChanged: false
06-19 15:33:37.837 21324 21324 I HandWritingStubImpl: isKeyboardTypeChanged: false
06-19 15:33:37.845 21324 21324 I HandWritingStubImpl: isKeyboardTypeChanged: false
06-19 15:33:37.854 21324 21324 I HandWritingStubImpl: isKeyboardTypeChanged: false
06-19 15:33:37.862 21324 21324 I HandWritingStubImpl: isKeyboardTypeChanged: false
06-19 15:33:37.870 21324 21324 I HandWritingStubImpl: isKeyboardTypeChanged: false
06-19 15:33:37.874  2018  3127 D libsensor-displayalgo: the value of  brightness:438.000000,R:77296384.557271,G:77297133.237939,B:77313059.061408,EVENT_C:5358.500000,EVENT_R:2058.500000,EVENT_G:2732.000000,EVENT_B:1080.000000
06-19 15:33:37.875  2018  3127 I libsensor-displayalgo: the value of  Coef1:1107.681000,Coef4:2.383000, scale1:0.935522, scale4:0.923264
06-19 15:33:37.875  2018  3127 E libsensor-displayalgo: RGB_test_0407_400_oldzy!
06-19 15:33:37.875  2018  3127 I libsensor-displayalgo: the value of  RESULT3116.697536,1231.266004,1510.266625,565.233393
06-19 15:33:37.875  2018  3127 I libsensor-displayalgo: the value of  getChannelDataCalibrated3267.687221,1140.389644,1755.389210,616.914213
06-19 15:33:37.875  2018  3127 I libsensor-displayalgo: the value of  REAL LUX119.760811
06-19 15:33:37.875  2018  3127 I libsensor-displayalgo: the value of  CAL REAL LUX119.760811
06-19 15:33:37.878 21324 21324 I HandWritingStubImpl: isKeyboardTypeChanged: false
06-19 15:33:37.886 21324 21324 I HandWritingStubImpl: isKeyboardTypeChanged: false
06-19 15:33:37.895 21324 21324 I HandWritingStubImpl: isKeyboardTypeChanged: false
06-19 15:33:37.903 21324 21324 I HandWritingStubImpl: isKeyboardTypeChanged: false
06-19 15:33:37.911 21324 21324 I HandWritingStubImpl: isKeyboardTypeChanged: false
06-19 15:33:37.919 21324 21324 I HandWritingStubImpl: isKeyboardTypeChanged: false
06-19 15:33:37.919  1265  2358 I vendor.qti.hardware.display.composer-service: FrameNotifyProcess Sensor: notify citsensorservice to trigger cwb
06-19 15:33:37.920  2018  2108 I libcitsensorservice@2.0-impl: msg_transfer
06-19 15:33:37.920  2018  3098 D vendor.xiaomi.sensor.citsensorservice@2.0-service: handle id:9 wxh:1280x2400 uwxuh:1080x2400 size: 9216000 fd:15 fd_meta:16 flags:0x4000228 usage:0x33  format:0x3 layer_count: 1
06-19 15:33:37.920  1265  1889 I SDM     : HWCSession::SetCWBOutputBuffer: CWB config passed by cwb_client : tappoint 1  CWB_ROI : (829.000000 4.000000 915.000000 90.000000)
06-19 15:33:37.921  1265 22456 I SDM     : HWCSession::ProcessRequests: Successfully configured CWB buffer.
06-19 15:33:37.928 21324 21324 I HandWritingStubImpl: isKeyboardTypeChanged: false
06-19 15:33:37.929  1265 22456 I SDM     : HWCSession::ProcessRequests: Pushing release fence in fenece wait queue.
06-19 15:33:37.929  1265 22456 I SDM     : HWCSession::ProcessRequests: Creating AsyncFenceWaits async thread.
06-19 15:33:37.929  1265 22456 I SDM     : HWCSession::ProcessRequests: Remove current CWB request from the pending request queue.
06-19 15:33:37.929  1265 22456 I SDM     : HWCSession::ProcessRequests: No pending cwb requests found in the queue.
06-19 15:33:37.933  1265  1584 I SDM     : HWDeviceDRM::SetupConcurrentWriteback: Tear down the Concurrent Writeback topology
06-19 15:33:37.936 21324 21324 I HandWritingStubImpl: isKeyboardTypeChanged: false
06-19 15:33:37.941  1265 22458 I SDM     : HWCSession::NotifyCWBStatus: Notify the client about buffer status 0.
06-19 15:33:37.942  1265 22458 I SDM     : HWCSession::PerformFenceWaits: Remove current release fence from the pending fence wait queue.
06-19 15:33:37.942  1265 22458 I SDM     : HWCSession::PerformFenceWaits: CWB fence queue is empty. No pending release fence to wait on.
06-19 15:33:37.944 21324 21324 I HandWritingStubImpl: isKeyboardTypeChanged: false
06-19 15:33:37.952 21324 21324 I HandWritingStubImpl: isKeyboardTypeChanged: false
06-19 15:33:37.960 21324 21324 I HandWritingStubImpl: isKeyboardTypeChanged: false
06-19 15:33:37.969 21324 21324 I HandWritingStubImpl: isKeyboardTypeChanged: false
06-19 15:33:37.977 21324 21324 I HandWritingStubImpl: isKeyboardTypeChanged: false
06-19 15:33:37.985 21324 21324 I HandWritingStubImpl: isKeyboardTypeChanged: false
06-19 15:33:37.993 21324 21324 I HandWritingStubImpl: isKeyboardTypeChanged: false
06-19 15:33:38.001 21324 21324 I HandWritingStubImpl: isKeyboardTypeChanged: false
06-19 15:33:38.009 21324 21324 I HandWritingStubImpl: isKeyboardTypeChanged: false
06-19 15:33:38.018 21324 21324 I HandWritingStubImpl: isKeyboardTypeChanged: false
06-19 15:33:38.026 21324 21324 I HandWritingStubImpl: isKeyboardTypeChanged: false
06-19 15:33:38.035 21324 21324 I HandWritingStubImpl: isKeyboardTypeChanged: false
06-19 15:33:38.043 21324 21324 I HandWritingStubImpl: isKeyboardTypeChanged: false
06-19 15:33:38.051 21324 21324 I HandWritingStubImpl: isKeyboardTypeChanged: false
06-19 15:33:38.059 21324 21324 I HandWritingStubImpl: isKeyboardTypeChanged: false
06-19 15:33:38.067 21324 21324 I HandWritingStubImpl: isKeyboardTypeChanged: false
06-19 15:33:38.076 21324 21324 I HandWritingStubImpl: isKeyboardTypeChanged: false
06-19 15:33:38.084 21324 21324 I HandWritingStubImpl: isKeyboardTypeChanged: false
06-19 15:33:38.092 21324 21324 I HandWritingStubImpl: isKeyboardTypeChanged: false
06-19 15:33:38.100 21324 21324 I HandWritingStubImpl: isKeyboardTypeChanged: false
06-19 15:33:38.108 21324 21324 I HandWritingStubImpl: isKeyboardTypeChanged: false
06-19 15:33:38.117 21324 21324 I HandWritingStubImpl: isKeyboardTypeChanged: false
06-19 15:33:38.125 21324 21324 I HandWritingStubImpl: isKeyboardTypeChanged: false
06-19 15:33:38.134 21324 21324 I HandWritingStubImpl: isKeyboardTypeChanged: false
06-19 15:33:38.142 21324 21324 I HandWritingStubImpl: isKeyboardTypeChanged: false
06-19 15:33:38.150 21324 21324 I HandWritingStubImpl: isKeyboardTypeChanged: false
06-19 15:33:38.158 21324 21324 I HandWritingStubImpl: isKeyboardTypeChanged: false
06-19 15:33:38.166 21324 21324 I HandWritingStubImpl: isKeyboardTypeChanged: false
06-19 15:33:38.174  2018  3127 D libsensor-displayalgo: the value of  brightness:438.000000,R:77296384.557271,G:77297133.237939,B:77313059.061408,EVENT_C:5793.000000,EVENT_R:2196.500000,EVENT_G:2975.500000,EVENT_B:1175.500000
06-19 15:33:38.174  2018  3127 I libsensor-displayalgo: the value of  Coef1:1107.681000,Coef4:2.383000, scale1:0.935522, scale4:0.923264
06-19 15:33:38.174  2018  3127 E libsensor-displayalgo: RGB_test_0407_400_oldzy!
06-19 15:33:38.174  2018  3127 I libsensor-displayalgo: the value of  RESULT3116.697536,1231.266004,1510.266625,565.233393
06-19 15:33:38.174  2018  3127 I libsensor-displayalgo: the value of  getChannelDataCalibrated3267.687221,1140.389644,1755.389210,616.914213
06-19 15:33:38.174  2018  3127 I libsensor-displayalgo: the value of  REAL LUX148.543991
06-19 15:33:38.174  2018  3127 I libsensor-displayalgo: the value of  CAL REAL LUX148.543991
06-19 15:33:38.175 21324 21324 I HandWritingStubImpl: isKeyboardTypeChanged: false
06-19 15:33:38.183 21324 21324 I HandWritingStubImpl: isKeyboardTypeChanged: false
06-19 15:33:38.190 21324 21324 I HandWritingStubImpl: isKeyboardTypeChanged: false
06-19 15:33:38.199 21324 21324 I HandWritingStubImpl: isKeyboardTypeChanged: false
06-19 15:33:38.207 21324 21324 I HandWritingStubImpl: isKeyboardTypeChanged: false
06-19 15:33:38.215 21324 21324 I HandWritingStubImpl: isKeyboardTypeChanged: false
06-19 15:33:38.224 21324 21324 I HandWritingStubImpl: isKeyboardTypeChanged: false
06-19 15:33:38.232 21324 21324 I HandWritingStubImpl: isKeyboardTypeChanged: false
06-19 15:33:38.240 21324 21324 I HandWritingStubImpl: isKeyboardTypeChanged: false
06-19 15:33:38.249 21324 21324 I HandWritingStubImpl: isKeyboardTypeChanged: false
06-19 15:33:38.257 21324 21324 I HandWritingStubImpl: isKeyboardTypeChanged: false
06-19 15:33:38.265 21324 21324 I HandWritingStubImpl: isKeyboardTypeChanged: false
06-19 15:33:38.273 21324 21324 I HandWritingStubImpl: isKeyboardTypeChanged: false
06-19 15:33:38.281 21324 21324 I HandWritingStubImpl: isKeyboardTypeChanged: false
06-19 15:33:38.290 21324 21324 I HandWritingStubImpl: isKeyboardTypeChanged: false
06-19 15:33:38.298 21324 21324 I HandWritingStubImpl: isKeyboardTypeChanged: false
06-19 15:33:38.306 21324 21324 I HandWritingStubImpl: isKeyboardTypeChanged: false
06-19 15:33:38.314 21324 21324 I HandWritingStubImpl: isKeyboardTypeChanged: false
06-19 15:33:38.322 21324 21324 I HandWritingStubImpl: isKeyboardTypeChanged: false
06-19 15:33:38.331 21324 21324 I HandWritingStubImpl: isKeyboardTypeChanged: false
06-19 15:33:38.339 21324 21324 I HandWritingStubImpl: isKeyboardTypeChanged: false
06-19 15:33:38.347 21324 21324 I HandWritingStubImpl: isKeyboardTypeChanged: false
06-19 15:33:38.355 21324 21324 I HandWritingStubImpl: isKeyboardTypeChanged: false
06-19 15:33:38.364 21324 21324 I HandWritingStubImpl: isKeyboardTypeChanged: false
06-19 15:33:38.373 21324 21324 I HandWritingStubImpl: isKeyboardTypeChanged: false
06-19 15:33:38.380 21324 21324 I HandWritingStubImpl: isKeyboardTypeChanged: false
06-19 15:33:38.388 21324 21324 I HandWritingStubImpl: isKeyboardTypeChanged: false
06-19 15:33:38.396 21324 21324 I HandWritingStubImpl: isKeyboardTypeChanged: false
06-19 15:33:38.405 21324 21324 I HandWritingStubImpl: isKeyboardTypeChanged: false
06-19 15:33:38.413 21324 21324 I HandWritingStubImpl: isKeyboardTypeChanged: false
06-19 15:33:38.421 21324 21324 I HandWritingStubImpl: isKeyboardTypeChanged: false
06-19 15:33:38.430 21324 21324 I HandWritingStubImpl: isKeyboardTypeChanged: false
06-19 15:33:38.438 21324 21324 I HandWritingStubImpl: isKeyboardTypeChanged: false
06-19 15:33:38.445 21324 21324 I HandWritingStubImpl: isKeyboardTypeChanged: false
06-19 15:33:38.454 21324 21324 I HandWritingStubImpl: isKeyboardTypeChanged: false
06-19 15:33:38.462 21324 21324 I HandWritingStubImpl: isKeyboardTypeChanged: false
06-19 15:33:38.470 21324 21324 I HandWritingStubImpl: isKeyboardTypeChanged: false
06-19 15:33:38.474  2018  3127 D libsensor-displayalgo: the value of  brightness:438.000000,R:77296384.557271,G:77297133.237939,B:77313059.061408,EVENT_C:5793.000000,EVENT_R:2196.500000,EVENT_G:2975.500000,EVENT_B:1175.500000
06-19 15:33:38.474  2018  3127 I libsensor-displayalgo: the value of  Coef1:1107.681000,Coef4:2.383000, scale1:0.935522, scale4:0.923264
06-19 15:33:38.474  2018  3127 E libsensor-displayalgo: RGB_test_0407_400_oldzy!
06-19 15:33:38.474  2018  3127 I libsensor-displayalgo: the value of  RESULT3116.697536,1231.266004,1510.266625,565.233393
06-19 15:33:38.474  2018  3127 I libsensor-displayalgo: the value of  getChannelDataCalibrated3267.687221,1140.389644,1755.389210,616.914213
06-19 15:33:38.474  2018  3127 I libsensor-displayalgo: the value of  REAL LUX148.543991
06-19 15:33:38.474  2018  3127 I libsensor-displayalgo: the value of  CAL REAL LUX148.543991
06-19 15:33:38.479 21324 21324 I HandWritingStubImpl: isKeyboardTypeChanged: false
06-19 15:33:38.488 21324 21324 I HandWritingStubImpl: isKeyboardTypeChanged: false
06-19 15:33:38.496 21324 21324 I HandWritingStubImpl: isKeyboardTypeChanged: false
06-19 15:33:38.501 21263 21295 I appium  : channel read: POST /wd/hub/session/f8b112d5-1915-4650-999b-fc78bf049b38/appium/device/press_keycode
06-19 15:33:38.501 21263 21295 I appium  : PressKeyCode command
06-19 15:33:38.501 21263 21295 I appium  : Calling PressKeyCode...
06-19 15:33:38.503 21324 21324 I HandWritingStubImpl: isKeyboardTypeChanged: false
06-19 15:33:38.506  5809 22428 I SafeBinderCall: onPositionChange binder cost:0
06-19 15:33:38.506  4233  4233 D MiPlayDetailViewModel: onPositionChange(): position = 3072
06-19 15:33:38.510  1265  2358 I vendor.qti.hardware.display.composer-service: FrameNotifyProcess Sensor: notify citsensorservice to trigger cwb
06-19 15:33:38.510  2018  2111 I libcitsensorservice@2.0-impl: msg_transfer
06-19 15:33:38.511  2018  3098 D vendor.xiaomi.sensor.citsensorservice@2.0-service: handle id:9 wxh:1280x2400 uwxuh:1080x2400 size: 9216000 fd:15 fd_meta:16 flags:0x4000228 usage:0x33  format:0x3 layer_count: 1
06-19 15:33:38.511  1265  1889 I SDM     : HWCSession::SetCWBOutputBuffer: CWB config passed by cwb_client : tappoint 1  CWB_ROI : (829.000000 4.000000 915.000000 90.000000)
06-19 15:33:38.511 21324 21324 I HandWritingStubImpl: isKeyboardTypeChanged: false
06-19 15:33:38.512  1265 22461 I SDM     : HWCSession::ProcessRequests: Successfully configured CWB buffer.
06-19 15:33:38.512  2431  5698 W MiuiInputKeyEventLog: keyCode:4 down:true eventTime:353003104 downTime:353003104 policyFlags:2b000000 flags:0 metaState:0 deviceId:-1 isScreenOn:true keyguardActive:false repeatCount:0
06-19 15:33:38.514  2431  5698 D WindowManager: interceptKeyTq keycode=4 interactive=true keyguardActive=false policyFlags=2b000000
06-19 15:33:38.514  2431  2635 W ActivityManager: Sending non-protected broadcast miui.intent.KEYCODE_BACK from system 2431:system/1000 pkg android. Callers=com.android.server.am.ActivityManagerService.broadcastIntentLocked:13794 com.android.server.am.ActivityManagerService.broadcastIntentLocked:13204 com.android.server.am.ActivityManagerService.broadcastIntentWithFeature:14053 android.app.ContextImpl.sendBroadcastAsUser:1400 com.android.server.policy.BaseMiuiPhoneWindowManager$16.run:2837
06-19 15:33:38.514  2431  2635 W ActivityManager: Sending non-protected broadcast miui.intent.KEYCODE_BACK from system 2431:system/1000 pkg android. Callers=com.android.server.am.ActivityManagerService.broadcastIntentLocked:13893 com.android.server.am.ActivityManagerService.broadcastIntentLocked:13204 com.android.server.am.ActivityManagerService.broadcastIntentWithFeature:14053 android.app.ContextImpl.sendBroadcastAsUser:1400 com.android.server.policy.BaseMiuiPhoneWindowManager$16.run:2837
06-19 15:33:38.515  2431  5698 D MIUIInput: Input event injection from pid 21248, KeyEvent:DOWN, keycode:4
06-19 15:33:38.516  2431  2938 D WindowManager: interceptKeyTi keyCode=4 down=true repeatCount=0 keyguardOn=false canceled=false
06-19 15:33:38.516  2431  2938 D MIUIInput: [KeyEvent] publisher action:0x0,  keyCode:4 , 353003104,channel '85d50d9 cn.missevan/cn.missevan.activity.MainActivity (server)'
06-19 15:33:38.517 21324 21324 D MIUIInput: [KeyEvent] ViewRootImpl windowName 'cn.missevan/cn.missevan.activity.MainActivity', KeyEvent { action=ACTION_DOWN, keyCode=KEYCODE_BACK, scanCode=0, metaState=0, flags=0x0, repeatCount=0, eventTime=353003104, downTime=353003104, deviceId=-1, source=0x101, displayId=-1 }, phoneEventTime=15:33:38.503
06-19 15:33:38.519  2431  5698 W MiuiInputKeyEventLog: keyCode:4 down:false eventTime:353003104 downTime:353003104 policyFlags:2b000000 flags:0 metaState:0 deviceId:-1 isScreenOn:true keyguardActive:false repeatCount:0
06-19 15:33:38.519 21324 21324 I HandWritingStubImpl: isKeyboardTypeChanged: false
06-19 15:33:38.520  2431  5698 D WindowManager: interceptKeyTq keycode=4 interactive=true keyguardActive=false policyFlags=2b000000
06-19 15:33:38.520  2431  2635 W ActivityManager: Sending non-protected broadcast miui.intent.KEYCODE_BACK from system 2431:system/1000 pkg android. Callers=com.android.server.am.ActivityManagerService.broadcastIntentLocked:13794 com.android.server.am.ActivityManagerService.broadcastIntentLocked:13204 com.android.server.am.ActivityManagerService.broadcastIntentWithFeature:14053 android.app.ContextImpl.sendBroadcastAsUser:1400 com.android.server.policy.BaseMiuiPhoneWindowManager$16.run:2837
06-19 15:33:38.520  2431  2635 W ActivityManager: Sending non-protected broadcast miui.intent.KEYCODE_BACK from system 2431:system/1000 pkg android. Callers=com.android.server.am.ActivityManagerService.broadcastIntentLocked:13893 com.android.server.am.ActivityManagerService.broadcastIntentLocked:13204 com.android.server.am.ActivityManagerService.broadcastIntentWithFeature:14053 android.app.ContextImpl.sendBroadcastAsUser:1400 com.android.server.policy.BaseMiuiPhoneWindowManager$16.run:2837
06-19 15:33:38.521  2431  5698 D MIUIInput: Input event injection from pid 21248, KeyEvent:UP, keycode:4
06-19 15:33:38.521  2431  2938 D WindowManager: interceptKeyTi keyCode=4 down=false repeatCount=0 keyguardOn=false canceled=false
06-19 15:33:38.521  2431  2938 D MIUIInput: [KeyEvent] publisher action:0x1,  keyCode:4 , 353003104,channel '85d50d9 cn.missevan/cn.missevan.activity.MainActivity (server)'
06-19 15:33:38.522 21324 21324 D MIUIInput: [KeyEvent] ViewRootImpl windowName 'cn.missevan/cn.missevan.activity.MainActivity', KeyEvent { action=ACTION_UP, keyCode=KEYCODE_BACK, scanCode=0, metaState=0, flags=0x0, repeatCount=0, eventTime=353003104, downTime=353003104, deviceId=-1, source=0x101, displayId=-1 }, phoneEventTime=15:33:38.503
06-19 15:33:38.525 21324 21324 I HandWritingStubImpl: isKeyboardTypeChanged: false
06-19 15:33:38.527 21263 21295 I appium  : AppiumResponse: {"sessionId":"f8b112d5-1915-4650-999b-fc78bf049b38","value":null}
06-19 15:33:38.527  1265 22461 I SDM     : HWCSession::ProcessRequests: Pushing release fence in fenece wait queue.
06-19 15:33:38.527  1265 22461 I SDM     : HWCSession::ProcessRequests: Creating AsyncFenceWaits async thread.
06-19 15:33:38.528  1265 22461 I SDM     : HWCSession::ProcessRequests: Remove current CWB request from the pending request queue.
06-19 15:33:38.528  1265 22461 I SDM     : HWCSession::ProcessRequests: No pending cwb requests found in the queue.
06-19 15:33:38.529 21324 21324 I HandWritingStubImpl: refreshLastKeyboardType: 1
06-19 15:33:38.530 21324 21324 I HandWritingStubImpl: getCurrentKeyboardType: 1
06-19 15:33:38.533 21324 21324 I HandWritingStubImpl: isKeyboardTypeChanged: false
06-19 15:33:38.534 13581 13581 E BaseInputMethodService: onFinishInput
06-19 15:33:38.534 13581 13581 E BaseInputMethodService: onStartInput
06-19 15:33:38.535 21324 21324 I HandWritingStubImpl: isKeyboardTypeChanged: false
06-19 15:33:38.535  4824  5287 W Binder  : Caught a RuntimeException from the binder stub implementation.
06-19 15:33:38.535  4824  5287 W Binder  : java.lang.SecurityException: Permission denial
06-19 15:33:38.535  4824  5287 W Binder  : 	at com.xiaomi.mirror.MirrorAppService.enforceSignature(MirrorAppService.java:30)
