07-11 19:26:48.323  1374  1903 D libsensor-B2SNotifier: Backlight2SlpiNotifier brightness = 405
07-11 19:26:48.330  1374  1903 D libsensor-B2SNotifier: Backlight2SlpiNotifier brightness = 404
07-11 19:26:48.333  1374  1903 D libsensor-B2SNotifier: Backlight2SlpiNotifier brightness = 404
07-11 19:26:48.352  1374  1903 D libsensor-B2SNotifier: Backlight2SlpiNotifier brightness = 404
07-11 19:26:48.356  1374  1903 D libsensor-B2SNotifier: Backlight2SlpiNotifier brightness = 404
07-11 19:26:48.364  1374  1903 D libsensor-B2SNotifier: Backlight2SlpiNotifier brightness = 403
07-11 19:26:48.367  1374  1903 D libsensor-B2SNotifier: Backlight2SlpiNotifier brightness = 403
07-11 19:26:48.374  1374  1903 D libsensor-B2SNotifier: Backlight2SlpiNotifier brightness = 403
07-11 19:26:48.378  1374  1903 D libsensor-B2SNotifier: Backlight2SlpiNotifier brightness = 403
07-11 19:26:48.390   599   599 I chatty  : uid=1000(system) /system/bin/servicemanager expire 49 lines
07-11 19:26:48.397  1374  1903 D libsensor-B2SNotifier: Backlight2SlpiNotifier brightness = 402
07-11 19:26:48.400  1374  1903 D libsensor-B2SNotifier: Backlight2SlpiNotifier brightness = 402
07-11 19:26:48.408  1374  1903 D libsensor-B2SNotifier: Backlight2SlpiNotifier brightness = 402
07-11 19:26:48.413  1374  1903 D libsensor-B2SNotifier: Backlight2SlpiNotifier brightness = 402
07-11 19:26:48.419  1374  1903 D libsensor-B2SNotifier: Backlight2SlpiNotifier brightness = 401
07-11 19:26:48.423  1374  1903 D libsensor-B2SNotifier: Backlight2SlpiNotifier brightness = 401
07-11 19:26:48.441  1374  1903 D libsensor-B2SNotifier: Backlight2SlpiNotifier brightness = 401
07-11 19:26:48.444  1374  1903 D libsensor-B2SNotifier: Backlight2SlpiNotifier brightness = 401
07-11 19:26:48.452  1374  1903 D libsensor-B2SNotifier: Backlight2SlpiNotifier brightness = 400
07-11 19:26:48.456  1374  1903 D libsensor-B2SNotifier: Backlight2SlpiNotifier brightness = 400
07-11 19:26:48.463  1374  1903 D libsensor-B2SNotifier: Backlight2SlpiNotifier brightness = 400
07-11 19:26:48.467  1374  1903 D libsensor-B2SNotifier: Backlight2SlpiNotifier brightness = 400
07-11 19:26:48.485  1374  1903 D libsensor-B2SNotifier: Backlight2SlpiNotifier brightness = 399
07-11 19:26:48.489  1374  1903 D libsensor-B2SNotifier: Backlight2SlpiNotifier brightness = 399
07-11 19:26:48.495   910  2332 E CamX    : [ERROR][NCS    ] camxncsservice.cpp:594 EnqueueJob() Can not enqueue jobs when thread is stopped
07-11 19:26:48.495   910  2332 W CamX    : [ WARN][NCS    ] camxncsintfqsee.cpp:2263 FillSensorData() Buffer queue for sensor 7 has been freed: bufh=0x0, bufsize=1248, stride=4
07-11 19:26:48.497  1374  1903 D libsensor-B2SNotifier: Backlight2SlpiNotifier brightness = 399
07-11 19:26:48.500   969  1771 D DisplayFeatureHal: HandleSunlightScreen enter modeId 0, cookie = 0
07-11 19:26:48.500   969  1771 D DisplayFeatureHal: HandleSunlightScreen exit ret -1
07-11 19:26:48.503  1374  1903 D libsensor-B2SNotifier: Backlight2SlpiNotifier brightness = 399
07-11 19:26:48.508  1374  1903 D libsensor-B2SNotifier: Backlight2SlpiNotifier brightness = 398
07-11 19:26:48.513  1374  1903 D libsensor-B2SNotifier: Backlight2SlpiNotifier brightness = 398
07-11 19:26:48.530  1374  1903 D libsensor-B2SNotifier: Backlight2SlpiNotifier brightness = 398
07-11 19:26:48.533  1374  1903 D libsensor-B2SNotifier: Backlight2SlpiNotifier brightness = 398
07-11 19:26:48.541  1374  1903 D libsensor-B2SNotifier: Backlight2SlpiNotifier brightness = 397
07-11 19:26:48.545  1374  1903 D libsensor-B2SNotifier: Backlight2SlpiNotifier brightness = 397
07-11 19:26:48.563  1374  1903 D libsensor-B2SNotifier: Backlight2SlpiNotifier brightness = 397
07-11 19:26:48.567  1374  1903 D libsensor-B2SNotifier: Backlight2SlpiNotifier brightness = 397
07-11 19:26:48.574  1374  1903 D libsensor-B2SNotifier: Backlight2SlpiNotifier brightness = 396
07-11 19:26:48.578  1374  1903 D libsensor-B2SNotifier: Backlight2SlpiNotifier brightness = 396
07-11 19:26:48.586  1374  1903 D libsensor-B2SNotifier: Backlight2SlpiNotifier brightness = 396
07-11 19:26:48.589  1374  1903 D libsensor-B2SNotifier: Backlight2SlpiNotifier brightness = 396
07-11 19:26:48.608  1374  1903 D libsensor-B2SNotifier: Backlight2SlpiNotifier brightness = 395
07-11 19:26:48.613  1374  1903 D libsensor-B2SNotifier: Backlight2SlpiNotifier brightness = 395
07-11 19:26:48.619  1374  1903 D libsensor-B2SNotifier: Backlight2SlpiNotifier brightness = 395
07-11 19:26:48.623  1374  1903 D libsensor-B2SNotifier: Backlight2SlpiNotifier brightness = 395
07-11 19:26:48.626   910  2332 E CamX    : [ERROR][NCS    ] camxncsservice.cpp:594 EnqueueJob() Can not enqueue jobs when thread is stopped
07-11 19:26:48.626   910  2332 W CamX    : [ WARN][NCS    ] camxncsintfqsee.cpp:2263 FillSensorData() Buffer queue for sensor 10 has been freed: bufh=0x0, bufsize=360, stride=4
07-11 19:26:48.631  1374  1903 D libsensor-B2SNotifier: Backlight2SlpiNotifier brightness = 394
07-11 19:26:48.634  1374  1903 D libsensor-B2SNotifier: Backlight2SlpiNotifier brightness = 394
07-11 19:26:48.652  1374  1903 D libsensor-B2SNotifier: Backlight2SlpiNotifier brightness = 394
07-11 19:26:48.656  1374  1903 D libsensor-B2SNotifier: Backlight2SlpiNotifier brightness = 394
07-11 19:26:48.662  1374  1903 D libsensor-B2SNotifier: Backlight2SlpiNotifier brightness = 393
07-11 19:26:48.665  1374  1903 D libsensor-B2SNotifier: Backlight2SlpiNotifier brightness = 393
07-11 19:26:48.678  1374  1903 D libsensor-B2SNotifier: Backlight2SlpiNotifier brightness = 393
07-11 19:26:48.695  1374  1903 D libsensor-B2SNotifier: Backlight2SlpiNotifier brightness = 392
07-11 19:26:48.706  1374  1903 D libsensor-B2SNotifier: Backlight2SlpiNotifier brightness = 392
07-11 19:26:48.709  1374  1903 D libsensor-B2SNotifier: Backlight2SlpiNotifier brightness = 392
07-11 19:26:48.715   910  2332 E CamX    : [ERROR][NCS    ] camxncsservice.cpp:594 EnqueueJob() Can not enqueue jobs when thread is stopped
07-11 19:26:48.715   910  2332 W CamX    : [ WARN][NCS    ] camxncsintfqsee.cpp:2263 FillSensorData() Buffer queue for sensor 7 has been freed: bufh=0x0, bufsize=1248, stride=4
07-11 19:26:48.715   969  1771 D DisplayFeatureHal: HandleSunlightScreen enter modeId 0, cookie = 0
07-11 19:26:48.715   969  1771 D DisplayFeatureHal: HandleSunlightScreen exit ret -1
07-11 19:26:48.728  1374  1903 D libsensor-B2SNotifier: Backlight2SlpiNotifier brightness = 391
07-11 19:26:48.733  1374  1903 D libsensor-B2SNotifier: Backlight2SlpiNotifier brightness = 391
07-11 19:26:48.739  1374  1903 D libsensor-B2SNotifier: Backlight2SlpiNotifier brightness = 391
07-11 19:26:48.743  1374  1903 D libsensor-B2SNotifier: Backlight2SlpiNotifier brightness = 391
07-11 19:26:48.753  1374  1903 D libsensor-B2SNotifier: Backlight2SlpiNotifier brightness = 390
07-11 19:26:48.757  1374  1903 D libsensor-B2SNotifier: Backlight2SlpiNotifier brightness = 390
07-11 19:26:48.778  1374  1903 D libsensor-B2SNotifier: Backlight2SlpiNotifier brightness = 390
07-11 19:26:48.789  1374  1903 D libsensor-B2SNotifier: Backlight2SlpiNotifier brightness = 389
07-11 19:26:48.806   908 12402 I vendor.qti.bluetooth@1.0-ibs_handler: ProcessIbsCmd: Received IBS_WAKE_IND: 0xFD
07-11 19:26:48.806   908 12402 D vendor.qti.bluetooth@1.0-ibs_handler: SerialClockVote: vote for UART CLK ON
07-11 19:26:48.806   908 12402 D vendor.qti.bluetooth@1.0-wake_lock: Acquire wakelock is acquired
07-11 19:26:48.806   908 12402 I vendor.qti.bluetooth@1.0-ibs_handler: ProcessIbsCmd: Writing IBS_WAKE_ACK
07-11 19:26:48.808 12146 12405 V bt_stack: [VERBOSE1:btm_ble_gap.cc(1924)] btm_ble_process_ext_adv_pkt: bda=a4:c1:38:46:89:ea
07-11 19:26:48.808 12146 12405 V bt_stack: [VERBOSE1:btm_ble_gap.cc(1848)] btm_ble_process_adv_addr: bda=a4:c1:38:46:89:ea
07-11 19:26:48.808 12146 12405 V bt_stack: [VERBOSE1:btm_ble_gap.cc(2058)]  Waiting for scan response a4:c1:38:46:89:ea
07-11 19:26:48.808 12146 12405 V bt_stack: [VERBOSE1:btm_ble_gap.cc(1924)] btm_ble_process_ext_adv_pkt: bda=a4:c1:38:46:89:ea
07-11 19:26:48.808 12146 12405 V bt_stack: [VERBOSE1:btm_ble_gap.cc(1848)] btm_ble_process_adv_addr: bda=a4:c1:38:46:89:ea
07-11 19:26:48.808 12146 12405 V bt_stack: [VERBOSE1:btm_inq.cc(1019)] BTM_InqDbRead: bd addr a4:c1:38:46:89:ea
07-11 19:26:48.808 12146 12405 V bt_stack: [VERBOSE1:btm_ble_gap.cc(1924)] btm_ble_process_ext_adv_pkt: bda=d4:5e:ec:42:d1:94
07-11 19:26:48.808 12146 12405 V bt_stack: [VERBOSE1:btm_ble_gap.cc(1848)] btm_ble_process_adv_addr: bda=d4:5e:ec:42:d1:94
07-11 19:26:48.808 12146 12405 V bt_stack: [VERBOSE1:btm_ble_gap.cc(2058)]  Waiting for scan response d4:5e:ec:42:d1:94
07-11 19:26:48.808 12146 12405 V bt_stack: [VERBOSE1:btm_ble_gap.cc(1924)] btm_ble_process_ext_adv_pkt: bda=d4:5e:ec:42:d1:94
07-11 19:26:48.808 12146 12405 V bt_stack: [VERBOSE1:btm_ble_gap.cc(1848)] btm_ble_process_adv_addr: bda=d4:5e:ec:42:d1:94
07-11 19:26:48.808 12146 12405 V bt_stack: [VERBOSE1:btm_inq.cc(1019)] BTM_InqDbRead: bd addr d4:5e:ec:42:d1:94
07-11 19:26:48.808 12146 12405 V bt_stack: [VERBOSE1:btm_ble_gap.cc(1924)] btm_ble_process_ext_adv_pkt: bda=d4:5e:ec:42:d1:94
07-11 19:26:48.808 12146 12405 V bt_stack: [VERBOSE1:btm_ble_gap.cc(1848)] btm_ble_process_adv_addr: bda=d4:5e:ec:42:d1:94
07-11 19:26:48.808 12146 12405 V bt_stack: [VERBOSE1:btm_ble_gap.cc(2058)]  Waiting for scan response d4:5e:ec:42:d1:94
07-11 19:26:48.808 12146 12405 V bt_stack: [VERBOSE1:btm_ble_gap.cc(1924)] btm_ble_process_ext_adv_pkt: bda=d4:5e:ec:42:d1:94
07-11 19:26:48.808 12146 12405 V bt_stack: [VERBOSE1:btm_ble_gap.cc(1848)] btm_ble_process_adv_addr: bda=d4:5e:ec:42:d1:94
07-11 19:26:48.808 12146 12405 V bt_stack: [VERBOSE1:btm_inq.cc(1019)] BTM_InqDbRead: bd addr d4:5e:ec:42:d1:94
07-11 19:26:48.810  3576 12463 D MiuiMiHomeConnectController: getDeviceTimes
07-11 19:26:48.811  3576 12463 D MiuiMiHomeConnectController: result.getRssi = -6700:00:00:46:89:EA
07-11 19:26:48.812  1374  1903 D libsensor-B2SNotifier: Backlight2SlpiNotifier brightness = 389
07-11 19:26:48.812  3576 12463 D MiuiMiHomeDownloadManager: check local file : null
07-11 19:26:48.812  3576 12463 D MiuiMiHomeDownloadManager: device: 1371    return rssiNum: -50
07-11 19:26:48.812  3576 12463 D MiuiMiHomeConnectController: rssi num is not fit cloud data
07-11 19:26:48.814  3576 12463 D MiuiMiHomeConnectController: getDeviceTimes
07-11 19:26:48.814  3576 12463 D MiuiMiHomeConnectController: result.getRssi = -6400:00:00:42:D1:94
07-11 19:26:48.815  3576 12463 D MiuiMiHomeDownloadManager: check local file : null
07-11 19:26:48.815  3576 12463 D MiuiMiHomeDownloadManager: device: 41646    return rssiNum: -50
07-11 19:26:48.815  3576 12463 D MiuiMiHomeConnectController: rssi num is not fit cloud data
07-11 19:26:48.815  3576 12463 E MiuiFastConnectService: check adv data not fast connect
07-11 19:26:48.815  3576 12463 D MiuiNearbyService: getNearbyService() - returning com.android.bluetooth.ble.app.MiuiNearbyService@99639a
07-11 19:26:48.816  8006  8935 E IDM-BleBackGround: MiConnect EndPoint found
07-11 19:26:48.822  1374  1903 D libsensor-B2SNotifier: Backlight2SlpiNotifier brightness = 388
07-11 19:26:48.833  1374  1903 D libsensor-B2SNotifier: Backlight2SlpiNotifier brightness = 388
07-11 19:26:48.856  1374  1903 D libsensor-B2SNotifier: Backlight2SlpiNotifier brightness = 387
07-11 19:26:48.867  1374  1903 D libsensor-B2SNotifier: Backlight2SlpiNotifier brightness = 387
07-11 19:26:48.878  1374  1903 D libsensor-B2SNotifier: Backlight2SlpiNotifier brightness = 386
07-11 19:26:48.888   908 12402 I vendor.qti.bluetooth@1.0-ibs_handler: ProcessIbsCmd: Received IBS_SLEEP_IND: 0xFE
07-11 19:26:48.888   908 12402 D vendor.qti.bluetooth@1.0-ibs_handler: SerialClockVote: vote for UART CLK OFF
07-11 19:26:48.900  1374  1903 D libsensor-B2SNotifier: Backlight2SlpiNotifier brightness = 386
07-11 19:26:48.911  1374  1903 D libsensor-B2SNotifier: Backlight2SlpiNotifier brightness = 385
07-11 19:26:48.926   910  2332 E CamX    : [ERROR][NCS    ] camxncsservice.cpp:594 EnqueueJob() Can not enqueue jobs when thread is stopped
07-11 19:26:48.926   910  2332 W CamX    : [ WARN][NCS    ] camxncsintfqsee.cpp:2263 FillSensorData() Buffer queue for sensor 10 has been freed: bufh=0x0, bufsize=360, stride=4
07-11 19:26:48.934  1374  1903 D libsensor-B2SNotifier: Backlight2SlpiNotifier brightness = 385
07-11 19:26:48.946  1374  1903 D libsensor-B2SNotifier: Backlight2SlpiNotifier brightness = 384
07-11 19:26:48.956  1374  1903 D libsensor-B2SNotifier: Backlight2SlpiNotifier brightness = 384
07-11 19:26:48.964  1374  1903 D libsensor-B2SNotifier: Backlight2SlpiNotifier brightness = 384
07-11 19:26:48.979  1374  1903 D libsensor-B2SNotifier: Backlight2SlpiNotifier brightness = 383
07-11 19:26:48.987  1374  1903 D libsensor-B2SNotifier: Backlight2SlpiNotifier brightness = 383
07-11 19:26:48.995  1374  1903 D libsensor-B2SNotifier: Backlight2SlpiNotifier brightness = 383
07-11 19:26:49.012  1374  1903 D libsensor-B2SNotifier: Backlight2SlpiNotifier brightness = 382
07-11 19:26:49.019  1374  1903 D libsensor-B2SNotifier: Backlight2SlpiNotifier brightness = 382
07-11 19:26:49.027  1374  1903 D libsensor-B2SNotifier: Backlight2SlpiNotifier brightness = 381
07-11 19:26:49.035  1374  1903 D libsensor-B2SNotifier: Backlight2SlpiNotifier brightness = 381
07-11 19:26:49.038   908 12312 D vendor.qti.bluetooth@1.0-wake_lock: Release wakelock is released
07-11 19:26:49.050  1374  1903 D libsensor-B2SNotifier: Backlight2SlpiNotifier brightness = 381
07-11 19:26:49.062  1374  1903 D libsensor-B2SNotifier: Backlight2SlpiNotifier brightness = 380
07-11 19:26:49.084  1374  1903 D libsensor-B2SNotifier: Backlight2SlpiNotifier brightness = 380
07-11 19:26:49.095  1374  1903 D libsensor-B2SNotifier: Backlight2SlpiNotifier brightness = 379
07-11 19:26:49.104  1374  1903 D libsensor-B2SNotifier: Backlight2SlpiNotifier brightness = 379
07-11 19:26:49.111  1374  1903 D libsensor-B2SNotifier: Backlight2SlpiNotifier brightness = 379
07-11 19:26:49.121  1374  1903 D libsensor-B2SNotifier: Backlight2SlpiNotifier brightness = 379
07-11 19:26:49.126   910  2332 E CamX    : [ERROR][NCS    ] camxncsservice.cpp:594 EnqueueJob() Can not enqueue jobs when thread is stopped
07-11 19:26:49.126   910  2332 W CamX    : [ WARN][NCS    ] camxncsintfqsee.cpp:2263 FillSensorData() Buffer queue for sensor 10 has been freed: bufh=0x0, bufsize=360, stride=4
07-11 19:26:49.129  1374  1903 D libsensor-B2SNotifier: Backlight2SlpiNotifier brightness = 378
07-11 19:26:49.135  1374  1903 D libsensor-B2SNotifier: Backlight2SlpiNotifier brightness = 378
07-11 19:26:49.139  1374  1903 D libsensor-B2SNotifier: Backlight2SlpiNotifier brightness = 378
07-11 19:26:49.145  1374  1903 I chatty  : uid=1000(system) backlight-notif identical 3 lines
07-11 19:26:49.149  1374  1903 D libsensor-B2SNotifier: Backlight2SlpiNotifier brightness = 378
07-11 19:26:49.169  1374  1903 D libsensor-B2SNotifier: Backlight2SlpiNotifier brightness = 377
07-11 19:26:49.175  1374  1903 D libsensor-B2SNotifier: Backlight2SlpiNotifier brightness = 377
07-11 19:26:49.186  1374  1903 D libsensor-B2SNotifier: Backlight2SlpiNotifier brightness = 377
07-11 19:26:49.201  1374  1903 D libsensor-B2SNotifier: Backlight2SlpiNotifier brightness = 376
07-11 19:26:49.208  1374  1903 D libsensor-B2SNotifier: Backlight2SlpiNotifier brightness = 376
07-11 19:26:49.217  1374  1903 D libsensor-B2SNotifier: Backlight2SlpiNotifier brightness = 376
07-11 19:26:49.219  2988  2988 D NetworkSpeedTracker: receive actionandroid.intent.action.BATTERY_CHANGED
07-11 19:26:49.219  2988  2988 D NetworkSpeedTracker: onReceive ACTION_BATTERY_CHANGED mBatteryLevel = 100;mIsCharging =true
07-11 19:26:49.220  2878  2878 D QtiCarrierConfigHelper: WARNING, no carrier configs on phone Id: 0
07-11 19:26:49.221  2687  2687 D KeyguardUpdateMonitor: received broadcast android.intent.action.BATTERY_CHANGED
07-11 19:26:49.221  2687  2687 D BatteryController: onReceive: Intent = Intent { act=android.intent.action.BATTERY_CHANGED flg=0x60000010 (has extras) } action = android.intent.action.BATTERY_CHANGED
07-11 19:26:49.221  6950  6950 D VA_UploadVoiceJobService: uploadVoiceDatas onReceive time cost : 0
07-11 19:26:49.222  7437  7437 I BatteryInfoReceiver: ACTION_BATTERY_CHANGED
07-11 19:26:49.222  7687  7759 D PowerCheckerService: onBatteryChanged, mBatteryLevel = 100, status = 5, level = 100, plug = 2, scale = 100
07-11 19:26:49.223  6950  7153 D VA_UploadVoiceJobService: needUploadVoice timeSinceLastUpload = 2682817
07-11 19:26:49.223  7687  7722 D PowerKeeper.FrozenApp: onBatteryChanged plug=true mBatteryPlugged=2
07-11 19:26:49.223  2951  2951 D DeviceStatisticsService: chargerType=2 batteryLevel=100 totalBatteryCapacity=4297000
07-11 19:26:49.223  2951  2951 D DeviceInfoHidlClient: isPowerInfoNeverSent()=true
07-11 19:26:49.223  2951  2951 D DeviceInfoHidlClient: getPowerInfoSupportStatus()=-1
07-11 19:26:49.225   971  7810 I vendor.xiaomi.hardware.micharge@1.0-service: ReadFilePathValue path = /sys/class/power_supply/wireless/reverse_chg_mode value = 0
07-11 19:26:49.226   971  7810 I vendor.xiaomi.hardware.micharge@1.0-service: ReadFilePathValue path = /sys/class/power_supply/bms/fastcharge_mode value = 0
07-11 19:26:49.230  1374  1903 D libsensor-B2SNotifier: Backlight2SlpiNotifier brightness = 375
07-11 19:26:49.236  1374  1903 D libsensor-B2SNotifier: Backlight2SlpiNotifier brightness = 375
07-11 19:26:49.245  1374  1903 D libsensor-B2SNotifier: Backlight2SlpiNotifier brightness = 375
07-11 19:26:49.250  1374  1903 D libsensor-B2SNotifier: Backlight2SlpiNotifier brightness = 374
07-11 19:26:49.255  1374  1903 D libsensor-B2SNotifier: Backlight2SlpiNotifier brightness = 374
07-11 19:26:49.261  1374  1903 D libsensor-B2SNotifier: Backlight2SlpiNotifier brightness = 374
07-11 19:26:49.280  1374  1903 D libsensor-B2SNotifier: Backlight2SlpiNotifier brightness = 374
07-11 19:26:49.285  1374  1903 D libsensor-B2SNotifier: Backlight2SlpiNotifier brightness = 373
07-11 19:26:49.297  1374  1903 D libsensor-B2SNotifier: Backlight2SlpiNotifier brightness = 373
07-11 19:26:49.315  1374  1903 D libsensor-B2SNotifier: Backlight2SlpiNotifier brightness = 373
07-11 19:26:49.328  1374  1903 D libsensor-B2SNotifier: Backlight2SlpiNotifier brightness = 372
07-11 19:26:49.349  1374  1903 D libsensor-B2SNotifier: Backlight2SlpiNotifier brightness = 372
07-11 19:26:49.356   910  2332 E CamX    : [ERROR][NCS    ] camxncsservice.cpp:594 EnqueueJob() Can not enqueue jobs when thread is stopped
07-11 19:26:49.356   910  2332 W CamX    : [ WARN][NCS    ] camxncsintfqsee.cpp:2263 FillSensorData() Buffer queue for sensor 7 has been freed: bufh=0x0, bufsize=1248, stride=4
07-11 19:26:49.358  1374  1903 D libsensor-B2SNotifier: Backlight2SlpiNotifier brightness = 371
07-11 19:26:49.364   969  1771 D DisplayFeatureHal: HandleSunlightScreen enter modeId 0, cookie = 0
07-11 19:26:49.364   969  1771 D DisplayFeatureHal: HandleSunlightScreen exit ret -1
07-11 19:26:49.365  1374  1903 D libsensor-B2SNotifier: Backlight2SlpiNotifier brightness = 371
07-11 19:26:49.380  1374  1903 D libsensor-B2SNotifier: Backlight2SlpiNotifier brightness = 371
07-11 19:26:49.387  1374  1903 D libsensor-B2SNotifier: Backlight2SlpiNotifier brightness = 370
07-11 19:26:49.394  1374  1903 D libsensor-B2SNotifier: Backlight2SlpiNotifier brightness = 370
07-11 19:26:49.399  1374  1903 D libsensor-B2SNotifier: Backlight2SlpiNotifier brightness = 370
07-11 19:26:49.406  1374  1903 D libsensor-B2SNotifier: Backlight2SlpiNotifier brightness = 370
07-11 19:26:49.411  1374  1903 D libsensor-B2SNotifier: Backlight2SlpiNotifier brightness = 370
07-11 19:26:49.422  1374  1903 D libsensor-B2SNotifier: Backlight2SlpiNotifier brightness = 369
07-11 19:26:49.428  1374  1903 D libsensor-B2SNotifier: Backlight2SlpiNotifier brightness = 369
07-11 19:26:49.437  1374  1903 D libsensor-B2SNotifier: Backlight2SlpiNotifier brightness = 369
07-11 19:26:49.443  1374  1903 D libsensor-B2SNotifier: Backlight2SlpiNotifier brightness = 369
07-11 19:26:49.457  1374  1903 D libsensor-B2SNotifier: Backlight2SlpiNotifier brightness = 368
07-11 19:26:49.466  1374  1903 D libsensor-B2SNotifier: Backlight2SlpiNotifier brightness = 368
07-11 19:26:49.473  1374  1903 D libsensor-B2SNotifier: Backlight2SlpiNotifier brightness = 368
07-11 19:26:49.490  1374  1903 D libsensor-B2SNotifier: Backlight2SlpiNotifier brightness = 367
07-11 19:26:49.498  1374  1903 D libsensor-B2SNotifier: Backlight2SlpiNotifier brightness = 367
07-11 19:26:49.506  1374  1903 D libsensor-B2SNotifier: Backlight2SlpiNotifier brightness = 367
07-11 19:26:49.513  1374  1903 D libsensor-B2SNotifier: Backlight2SlpiNotifier brightness = 367
07-11 19:26:49.521  1374  1903 D libsensor-B2SNotifier: Backlight2SlpiNotifier brightness = 366
07-11 19:26:49.527  1374  1903 D libsensor-B2SNotifier: Backlight2SlpiNotifier brightness = 366
07-11 19:26:50.156 20727 27260 D IdProviderImpl: getOAID
07-11 19:26:50.243 19301 19341 D MemoryCeilingMonitor: [handleMemoryCalculate]
07-11 19:26:50.244 19301 19341 D MemoryCeilingMonitor: [calculate] tot: 4496693, max: 268435456, free: 763597, heap: 3733096, per: 0.013906866312026978
07-11 19:26:50.395 30125 30125 D MIUIInput: [MotionEvent] ViewRootImpl { action=ACTION_DOWN, id[0]=0, pointerCount=1, eventTime=535802069, downTime=535802069 } moveCount:0
07-11 19:26:50.396   953   953 I ANDR-PERF-LM: LMPerfGlue: perfmodule_submit_request() 132: perfmodule_submit_request()
07-11 19:26:50.396   953   953 I ANDR-PERF-LM: Core: getInstance() 84: LM getInstance
07-11 19:26:50.396   953   953 I ANDR-PERF-LM: WQ: push() 59: LMTriggerQ push() size=0
07-11 19:26:50.396   953   953 I ANDR-PERF-LM: WQ: push() 61: LMTriggerQ push() done size=1
07-11 19:26:50.396   953  1543 I ANDR-PERF-LM: WQ: pop() 42: LMTriggerQ pop() done size=0
07-11 19:26:50.396   953  1543 I ANDR-PERF-LM: Core: lmMain() 381: Calling runAsync for GameOptimization
07-11 19:26:50.396   953  1543 E ANDR-PERF-LM: GamePerfEngine: runAsync() 488: Hint is for  = 0x1043 PID=1969
07-11 19:26:50.396   953  1543 I ANDR-PERF-LM: Core: lmMain() 391: runAsync for GameOptimization returned
07-11 19:26:50.396   953  1543 I ANDR-PERF-LM: Core: lmMain() 381: Calling runAsync for AdaptLaunch
07-11 19:26:50.396   953  1543 I ANDR-PERF-LM: Core: lmMain() 391: runAsync for AdaptLaunch returned
07-11 19:26:50.396   953  1543 I ANDR-PERF-LM: Core: lmMain() 373: Waiting on trigger Queue
07-11 19:26:50.396   953  1543 I ANDR-PERF-LM: WQ: pop() 31: LMTriggerQ pop() size=0
07-11 19:26:48.148  1969  2243 I chatty  : uid=1000(system) PowerManagerSer identical 2 lines
07-11 19:26:49.515  1969  2243 I BackLightController:  grayScale = 0.6 factor = 1.0 inBrightness = 0.1790425 outBrightness = 0
07-11 19:26:50.398  1969  2461 W SchedBoost: SchedBoost begin: proc: 30125/30156, mode: 2 aff:[4, 5, 6]
07-11 19:26:50.431   953   953 I ANDR-PERF-LM: LMPerfGlue: perfmodule_submit_request() 132: perfmodule_submit_request()
07-11 19:26:50.431   953   953 I ANDR-PERF-LM: Core: getInstance() 84: LM getInstance
07-11 19:26:50.431  1969  2461 W SchedBoost: SchedBoost continue: proc: 30125/30156
07-11 19:26:50.431   953   953 D ANDR-PERF-LM: Feature: lookup() 101: Feature Name = AppClassifier, total featuers = 3, featureFound = 1
07-11 19:26:50.431   953   953 D ANDR-PERF-LM: Feature: getData() 112: data.data = 1
07-11 19:26:50.431   953   953 I ANDR-PERF-LM: FeedbackAPI: getFeedback() 60: app:com.miui.securitycenter feature:AppClassifier feedback = 1
07-11 19:26:50.432   953   953 I ANDR-PERF-LM: LMPerfGlue: perfmodule_submit_request() 132: perfmodule_submit_request()
07-11 19:26:50.432   953   953 I ANDR-PERF-LM: Core: getInstance() 84: LM getInstance
07-11 19:26:50.432   953   953 I ANDR-PERF-LM: WQ: push() 59: LMTriggerQ push() size=0
07-11 19:26:50.432   953   953 I ANDR-PERF-LM: WQ: push() 61: LMTriggerQ push() done size=1
07-11 19:26:50.432   953   953 I ANDR-PERF-LM: LMPerfGlue: perfmodule_submit_request() 132: perfmodule_submit_request()
07-11 19:26:50.432   953   953 I ANDR-PERF-LM: Core: getInstance() 84: LM getInstance
07-11 19:26:50.432   953   953 D ANDR-PERF-LM: Feature: lookup() 101: Feature Name = AppClassifier, total featuers = 3, featureFound = 1
07-11 19:26:50.432   953   953 D ANDR-PERF-LM: Feature: getData() 112: data.data = 1
07-11 19:26:50.432   953   953 I ANDR-PERF-LM: FeedbackAPI: getFeedback() 60: app:com.miui.securitycenter feature:AppClassifier feedback = 1
07-11 19:26:50.433   953  1543 I ANDR-PERF-LM: WQ: pop() 42: LMTriggerQ pop() done size=0
07-11 19:26:50.433   953  1543 I ANDR-PERF-LM: Core: lmMain() 373: Waiting on trigger Queue
07-11 19:26:50.433   953  1543 I ANDR-PERF-LM: WQ: pop() 31: LMTriggerQ pop() size=0
07-11 19:26:50.602 30125 30125 D MIUIInput: [MotionEvent] ViewRootImpl { action=ACTION_UP, id[0]=0, pointerCount=1, eventTime=535802279, downTime=535802069 } moveCount:17
07-11 19:26:50.603   953   953 I ANDR-PERF-LM: LMPerfGlue: perfmodule_submit_request() 132: perfmodule_submit_request()
07-11 19:26:50.603   953   953 I ANDR-PERF-LM: Core: getInstance() 84: LM getInstance
07-11 19:26:50.603   953   953 D ANDR-PERF-LM: Feature: lookup() 101: Feature Name = AppClassifier, total featuers = 3, featureFound = 1
07-11 19:26:50.603   953   953 D ANDR-PERF-LM: Feature: getData() 112: data.data = 1
07-11 19:26:50.603   953   953 I ANDR-PERF-LM: FeedbackAPI: getFeedback() 60: app:com.miui.securitycenter feature:AppClassifier feedback = 1
07-11 19:26:50.604   953   953 I ANDR-PERF-LM: LMPerfGlue: perfmodule_submit_request() 132: perfmodule_submit_request()
07-11 19:26:50.604   953   953 I ANDR-PERF-LM: Core: getInstance() 84: LM getInstance
07-11 19:26:50.604   953   953 I ANDR-PERF-LM: WQ: push() 59: LMTriggerQ push() size=0
07-11 19:26:50.604   953   953 I ANDR-PERF-LM: WQ: push() 61: LMTriggerQ push() done size=1
07-11 19:26:50.604   953  1543 I ANDR-PERF-LM: WQ: pop() 42: LMTriggerQ pop() done size=0
07-11 19:26:50.604   953  1543 I ANDR-PERF-LM: Core: lmMain() 373: Waiting on trigger Queue
07-11 19:26:50.604   953  1543 I ANDR-PERF-LM: WQ: pop() 31: LMTriggerQ pop() size=0
07-11 19:26:50.605   953   953 I ANDR-PERF-LM: LMPerfGlue: perfmodule_submit_request() 132: perfmodule_submit_request()
07-11 19:26:50.605   953   953 I ANDR-PERF-LM: Core: getInstance() 84: LM getInstance
07-11 19:26:50.605   953   953 D ANDR-PERF-LM: Feature: lookup() 101: Feature Name = AppClassifier, total featuers = 3, featureFound = 1
07-11 19:26:50.605   953   953 D ANDR-PERF-LM: Feature: getData() 112: data.data = 1
07-11 19:26:50.605   953   953 I ANDR-PERF-LM: FeedbackAPI: getFeedback() 60: app:com.miui.securitycenter feature:AppClassifier feedback = 1
07-11 19:26:50.606   953   953 I ANDR-PERF-LM: LMPerfGlue: perfmodule_submit_request() 132: perfmodule_submit_request()
07-11 19:26:50.606   953   953 I ANDR-PERF-LM: Core: getInstance() 84: LM getInstance
07-11 19:26:50.606   953   953 I ANDR-PERF-LM: WQ: push() 59: LMTriggerQ push() size=0
07-11 19:26:50.606   953   953 I ANDR-PERF-LM: WQ: push() 61: LMTriggerQ push() done size=1
07-11 19:26:50.606   953  1543 I ANDR-PERF-LM: WQ: pop() 42: LMTriggerQ pop() done size=0
07-11 19:26:50.606   953  1543 I ANDR-PERF-LM: Core: lmMain() 373: Waiting on trigger Queue
07-11 19:26:50.606   953  1543 I ANDR-PERF-LM: WQ: pop() 31: LMTriggerQ pop() size=0
07-11 19:26:50.606   953   953 I ANDR-PERF-LM: LMPerfGlue: perfmodule_submit_request() 132: perfmodule_submit_request()
07-11 19:26:50.606   953   953 I ANDR-PERF-LM: Core: getInstance() 84: LM getInstance
07-11 19:26:50.606   953   953 D ANDR-PERF-LM: Feature: lookup() 101: Feature Name = AppClassifier, total featuers = 3, featureFound = 1
07-11 19:26:50.606   953   953 D ANDR-PERF-LM: Feature: getData() 112: data.data = 1
07-11 19:26:50.606   953   953 I ANDR-PERF-LM: FeedbackAPI: getFeedback() 60: app:com.miui.securitycenter feature:AppClassifier feedback = 1
07-11 19:26:50.626   910  2332 E CamX    : [ERROR][NCS    ] camxncsservice.cpp:594 EnqueueJob() Can not enqueue jobs when thread is stopped
07-11 19:26:50.626   910  2332 W CamX    : [ WARN][NCS    ] camxncsintfqsee.cpp:2263 FillSensorData() Buffer queue for sensor 10 has been freed: bufh=0x0, bufsize=360, stride=4
07-11 19:26:50.808  1969  2374 I chatty  : uid=1000(system) InputReader expire 26 lines
07-11 19:26:50.809 30125 30125 D MIUIInput: [MotionEvent] ViewRootImpl { action=ACTION_DOWN, id[0]=0, pointerCount=1, eventTime=535802485, downTime=535802485 } moveCount:0
07-11 19:26:50.826   910  2332 E CamX    : [ERROR][NCS    ] camxncsservice.cpp:594 EnqueueJob() Can not enqueue jobs when thread is stopped
07-11 19:26:50.827   910  2332 W CamX    : [ WARN][NCS    ] camxncsintfqsee.cpp:2263 FillSensorData() Buffer queue for sensor 10 has been freed: bufh=0x0, bufsize=360, stride=4
07-11 19:26:50.864   908 12402 I vendor.qti.bluetooth@1.0-ibs_handler: ProcessIbsCmd: Received IBS_WAKE_IND: 0xFD
07-11 19:26:50.865   908 12402 D vendor.qti.bluetooth@1.0-ibs_handler: SerialClockVote: vote for UART CLK ON
07-11 19:26:50.865   908 12402 D vendor.qti.bluetooth@1.0-wake_lock: Acquire wakelock is acquired
07-11 19:26:50.865   908 12402 I vendor.qti.bluetooth@1.0-ibs_handler: ProcessIbsCmd: Writing IBS_WAKE_ACK
07-11 19:26:50.866 12146 12405 V bt_stack: [VERBOSE1:btm_ble_gap.cc(1924)] btm_ble_process_ext_adv_pkt: bda=0f:56:ff:8e:ee:e2
07-11 19:26:50.866 12146 12405 V bt_stack: [VERBOSE1:btm_ble_gap.cc(1848)] btm_ble_process_adv_addr: bda=0f:56:ff:8e:ee:e2
07-11 19:26:50.866 12146 12405 V bt_stack: [VERBOSE1:btm_inq.cc(1019)] BTM_InqDbRead: bd addr 0f:56:ff:8e:ee:e2
07-11 19:26:50.919   953   953 I ANDR-PERF-LM: LMPerfGlue: perfmodule_submit_request() 132: perfmodule_submit_request()
07-11 19:26:50.919   953   953 I ANDR-PERF-LM: Core: getInstance() 84: LM getInstance
07-11 19:26:50.920   953   953 D ANDR-PERF-LM: Feature: lookup() 101: Feature Name = AppClassifier, total featuers = 3, featureFound = 1
07-11 19:26:50.920   953   953 D ANDR-PERF-LM: Feature: getData() 112: data.data = 1
07-11 19:26:50.920   953   953 I ANDR-PERF-LM: FeedbackAPI: getFeedback() 60: app:com.miui.securitycenter feature:AppClassifier feedback = 1
07-11 19:26:50.920   953   953 I ANDR-PERF-LM: LMPerfGlue: perfmodule_submit_request() 132: perfmodule_submit_request()
07-11 19:26:50.920   953   953 I ANDR-PERF-LM: Core: getInstance() 84: LM getInstance
07-11 19:26:50.920   953   953 I ANDR-PERF-LM: WQ: push() 59: LMTriggerQ push() size=0
07-11 19:26:50.920   953   953 I ANDR-PERF-LM: WQ: push() 61: LMTriggerQ push() done size=1
07-11 19:26:50.920   953  1543 I ANDR-PERF-LM: WQ: pop() 42: LMTriggerQ pop() done size=0
07-11 19:26:50.920   953  1543 I ANDR-PERF-LM: Core: lmMain() 373: Waiting on trigger Queue
07-11 19:26:50.920   953  1543 I ANDR-PERF-LM: WQ: pop() 31: LMTriggerQ pop() size=0
07-11 19:26:50.920   953   953 I ANDR-PERF-LM: LMPerfGlue: perfmodule_submit_request() 132: perfmodule_submit_request()
07-11 19:26:50.920   953   953 I ANDR-PERF-LM: Core: getInstance() 84: LM getInstance
07-11 19:26:50.920   953   953 D ANDR-PERF-LM: Feature: lookup() 101: Feature Name = AppClassifier, total featuers = 3, featureFound = 1
07-11 19:26:50.921   953   953 D ANDR-PERF-LM: Feature: getData() 112: data.data = 1
07-11 19:26:50.921   953   953 I ANDR-PERF-LM: FeedbackAPI: getFeedback() 60: app:com.miui.securitycenter feature:AppClassifier feedback = 1
07-11 19:26:50.945   908 12402 I vendor.qti.bluetooth@1.0-ibs_handler: ProcessIbsCmd: Received IBS_SLEEP_IND: 0xFE
07-11 19:26:50.945   908 12402 D vendor.qti.bluetooth@1.0-ibs_handler: SerialClockVote: vote for UART CLK OFF
07-11 19:26:51.026   910  2332 E CamX    : [ERROR][NCS    ] camxncsservice.cpp:594 EnqueueJob() Can not enqueue jobs when thread is stopped
07-11 19:26:51.026   910  2332 W CamX    : [ WARN][NCS    ] camxncsintfqsee.cpp:2263 FillSensorData() Buffer queue for sensor 10 has been freed: bufh=0x0, bufsize=360, stride=4
07-11 19:26:51.096   908 12312 D vendor.qti.bluetooth@1.0-wake_lock: Release wakelock is released
07-11 19:26:51.196 30125 30125 D MIUIInput: [MotionEvent] ViewRootImpl { action=ACTION_UP, id[0]=0, pointerCount=1, eventTime=535802873, downTime=535802485 } moveCount:28
07-11 19:26:51.197   953   953 I ANDR-PERF-LM: LMPerfGlue: perfmodule_submit_request() 132: perfmodule_submit_request()
07-11 19:26:51.198   953   953 I ANDR-PERF-LM: Core: getInstance() 84: LM getInstance
07-11 19:26:51.198   953   953 D ANDR-PERF-LM: Feature: lookup() 101: Feature Name = AppClassifier, total featuers = 3, featureFound = 1
07-11 19:26:51.198   953   953 D ANDR-PERF-LM: Feature: getData() 112: data.data = 1
07-11 19:26:51.198   953   953 I ANDR-PERF-LM: FeedbackAPI: getFeedback() 60: app:com.miui.securitycenter feature:AppClassifier feedback = 1
07-11 19:26:51.199   953   953 I ANDR-PERF-LM: LMPerfGlue: perfmodule_submit_request() 132: perfmodule_submit_request()
07-11 19:26:51.199   953   953 I ANDR-PERF-LM: Core: getInstance() 84: LM getInstance
07-11 19:26:51.199   953   953 I ANDR-PERF-LM: WQ: push() 59: LMTriggerQ push() size=0
07-11 19:26:51.199   953   953 I ANDR-PERF-LM: WQ: push() 61: LMTriggerQ push() done size=1
07-11 19:26:51.199   953   953 I ANDR-PERF-LM: LMPerfGlue: perfmodule_submit_request() 132: perfmodule_submit_request()
07-11 19:26:51.199   953   953 I ANDR-PERF-LM: Core: getInstance() 84: LM getInstance
07-11 19:26:51.199   953   953 D ANDR-PERF-LM: Feature: lookup() 101: Feature Name = AppClassifier, total featuers = 3, featureFound = 1
07-11 19:26:51.200   953   953 D ANDR-PERF-LM: Feature: getData() 112: data.data = 1
07-11 19:26:51.200   953   953 I ANDR-PERF-LM: FeedbackAPI: getFeedback() 60: app:com.miui.securitycenter feature:AppClassifier feedback = 1
07-11 19:26:51.200   953  1543 I ANDR-PERF-LM: WQ: pop() 42: LMTriggerQ pop() done size=0
07-11 19:26:51.200   953  1543 I ANDR-PERF-LM: Core: lmMain() 373: Waiting on trigger Queue
07-11 19:26:51.200   953  1543 I ANDR-PERF-LM: WQ: pop() 31: LMTriggerQ pop() size=0
07-11 19:26:51.326   910  2332 E CamX    : [ERROR][NCS    ] camxncsservice.cpp:594 EnqueueJob() Can not enqueue jobs when thread is stopped
07-11 19:26:51.327   910  2332 W CamX    : [ WARN][NCS    ] camxncsintfqsee.cpp:2263 FillSensorData() Buffer queue for sensor 10 has been freed: bufh=0x0, bufsize=360, stride=4
07-11 19:26:51.614 30125 30125 D MIUIInput: [MotionEvent] ViewRootImpl { action=ACTION_DOWN, id[0]=0, pointerCount=1, eventTime=535803289, downTime=535803289 } moveCount:0
07-11 19:26:51.724   953   953 I ANDR-PERF-LM: LMPerfGlue: perfmodule_submit_request() 132: perfmodule_submit_request()
07-11 19:26:51.724   953   953 I ANDR-PERF-LM: Core: getInstance() 84: LM getInstance
07-11 19:26:51.724   953   953 D ANDR-PERF-LM: Feature: lookup() 101: Feature Name = AppClassifier, total featuers = 3, featureFound = 1
07-11 19:26:51.724   953   953 D ANDR-PERF-LM: Feature: getData() 112: data.data = 1
07-11 19:26:51.724   953   953 I ANDR-PERF-LM: FeedbackAPI: getFeedback() 60: app:com.miui.securitycenter feature:AppClassifier feedback = 1
07-11 19:26:51.725   953   953 I ANDR-PERF-LM: LMPerfGlue: perfmodule_submit_request() 132: perfmodule_submit_request()
07-11 19:26:51.725   953   953 I ANDR-PERF-LM: Core: getInstance() 84: LM getInstance
07-11 19:26:51.725   953   953 I ANDR-PERF-LM: WQ: push() 59: LMTriggerQ push() size=0
07-11 19:26:51.725   953   953 I ANDR-PERF-LM: WQ: push() 61: LMTriggerQ push() done size=1
07-11 19:26:51.725   953  1543 I ANDR-PERF-LM: WQ: pop() 42: LMTriggerQ pop() done size=0
07-11 19:26:51.725   953  1543 I ANDR-PERF-LM: Core: lmMain() 373: Waiting on trigger Queue
07-11 19:26:51.725   953  1543 I ANDR-PERF-LM: WQ: pop() 31: LMTriggerQ pop() size=0
07-11 19:26:51.725   953   953 I ANDR-PERF-LM: LMPerfGlue: perfmodule_submit_request() 132: perfmodule_submit_request()
07-11 19:26:51.725   953   953 I ANDR-PERF-LM: Core: getInstance() 84: LM getInstance
07-11 19:26:51.725   953   953 D ANDR-PERF-LM: Feature: lookup() 101: Feature Name = AppClassifier, total featuers = 3, featureFound = 1
07-11 19:26:51.725   953   953 D ANDR-PERF-LM: Feature: getData() 112: data.data = 1
07-11 19:26:51.725   953   953 I ANDR-PERF-LM: FeedbackAPI: getFeedback() 60: app:com.miui.securitycenter feature:AppClassifier feedback = 1
07-11 19:26:51.926   910  2332 E CamX    : [ERROR][NCS    ] camxncsservice.cpp:594 EnqueueJob() Can not enqueue jobs when thread is stopped
07-11 19:26:51.926   910  2332 W CamX    : [ WARN][NCS    ] camxncsintfqsee.cpp:2263 FillSensorData() Buffer queue for sensor 10 has been freed: bufh=0x0, bufsize=360, stride=4
07-11 19:26:51.934 30125 30125 D MIUIInput: [MotionEvent] ViewRootImpl { action=ACTION_UP, id[0]=0, pointerCount=1, eventTime=535803611, downTime=535803289 } moveCount:22
07-11 19:26:51.936   953   953 I ANDR-PERF-LM: LMPerfGlue: perfmodule_submit_request() 132: perfmodule_submit_request()
07-11 19:26:51.936   953   953 I ANDR-PERF-LM: Core: getInstance() 84: LM getInstance
07-11 19:26:51.936   953   953 D ANDR-PERF-LM: Feature: lookup() 101: Feature Name = AppClassifier, total featuers = 3, featureFound = 1
07-11 19:26:51.936   953   953 D ANDR-PERF-LM: Feature: getData() 112: data.data = 1
07-11 19:26:51.936   953   953 I ANDR-PERF-LM: FeedbackAPI: getFeedback() 60: app:com.miui.securitycenter feature:AppClassifier feedback = 1
07-11 19:26:51.937   953   953 I ANDR-PERF-LM: LMPerfGlue: perfmodule_submit_request() 132: perfmodule_submit_request()
07-11 19:26:51.937   953   953 I ANDR-PERF-LM: Core: getInstance() 84: LM getInstance
07-11 19:26:51.937   953   953 I ANDR-PERF-LM: WQ: push() 59: LMTriggerQ push() size=0
07-11 19:26:51.937   953   953 I ANDR-PERF-LM: WQ: push() 61: LMTriggerQ push() done size=1
07-11 19:26:51.937   953  1543 I ANDR-PERF-LM: WQ: pop() 42: LMTriggerQ pop() done size=0
07-11 19:26:51.937   953  1543 I ANDR-PERF-LM: Core: lmMain() 373: Waiting on trigger Queue
07-11 19:26:51.937   953  1543 I ANDR-PERF-LM: WQ: pop() 31: LMTriggerQ pop() size=0
07-11 19:26:51.938   953   953 I ANDR-PERF-LM: LMPerfGlue: perfmodule_submit_request() 132: perfmodule_submit_request()
07-11 19:26:51.938   953   953 I ANDR-PERF-LM: Core: getInstance() 84: LM getInstance
07-11 19:26:51.938   953   953 D ANDR-PERF-LM: Feature: lookup() 101: Feature Name = AppClassifier, total featuers = 3, featureFound = 1
07-11 19:26:51.938   953   953 D ANDR-PERF-LM: Feature: getData() 112: data.data = 1
07-11 19:26:51.938   953   953 I ANDR-PERF-LM: FeedbackAPI: getFeedback() 60: app:com.miui.securitycenter feature:AppClassifier feedback = 1
07-11 19:26:51.938   953   953 I ANDR-PERF-LM: LMPerfGlue: perfmodule_submit_request() 132: perfmodule_submit_request()
07-11 19:26:51.938   953   953 I ANDR-PERF-LM: Core: getInstance() 84: LM getInstance
07-11 19:26:51.938   953   953 I ANDR-PERF-LM: WQ: push() 59: LMTriggerQ push() size=0
07-11 19:26:51.938   953   953 I ANDR-PERF-LM: WQ: push() 61: LMTriggerQ push() done size=1
07-11 19:26:51.939   953  1543 I ANDR-PERF-LM: WQ: pop() 42: LMTriggerQ pop() done size=0
07-11 19:26:51.939   953  1543 I ANDR-PERF-LM: Core: lmMain() 373: Waiting on trigger Queue
07-11 19:26:51.939   953  1543 I ANDR-PERF-LM: WQ: pop() 31: LMTriggerQ pop() size=0
07-11 19:26:51.939   953   953 I ANDR-PERF-LM: LMPerfGlue: perfmodule_submit_request() 132: perfmodule_submit_request()
07-11 19:26:51.939   953   953 I ANDR-PERF-LM: Core: getInstance() 84: LM getInstance
07-11 19:26:51.939   953   953 D ANDR-PERF-LM: Feature: lookup() 101: Feature Name = AppClassifier, total featuers = 3, featureFound = 1
07-11 19:26:51.939   953   953 D ANDR-PERF-LM: Feature: getData() 112: data.data = 1
07-11 19:26:51.939   953   953 I ANDR-PERF-LM: FeedbackAPI: getFeedback() 60: app:com.miui.securitycenter feature:AppClassifier feedback = 1
07-11 19:26:52.194   908 12402 I vendor.qti.bluetooth@1.0-ibs_handler: ProcessIbsCmd: Received IBS_WAKE_IND: 0xFD
07-11 19:26:52.195   908 12402 D vendor.qti.bluetooth@1.0-ibs_handler: SerialClockVote: vote for UART CLK ON
07-11 19:26:52.195   908 12402 D vendor.qti.bluetooth@1.0-wake_lock: Acquire wakelock is acquired
07-11 19:26:52.195   908 12402 I vendor.qti.bluetooth@1.0-ibs_handler: ProcessIbsCmd: Writing IBS_WAKE_ACK
07-11 19:26:52.196 12146 12405 V bt_stack: [VERBOSE1:btm_ble_gap.cc(1924)] btm_ble_process_ext_adv_pkt: bda=7c:25:da:a1:a6:8e
07-11 19:26:52.196 12146 12405 V bt_stack: [VERBOSE1:btm_ble_gap.cc(1848)] btm_ble_process_adv_addr: bda=7c:25:da:a1:a6:8e
07-11 19:26:52.196 12146 12405 V bt_stack: [VERBOSE1:btm_inq.cc(1019)] BTM_InqDbRead: bd addr 7c:25:da:a1:a6:8e
07-11 19:26:52.198  3576 12463 E MiuiFastConnectService: check adv data not fast connect
07-11 19:26:52.226   910  2332 E CamX    : [ERROR][NCS    ] camxncsservice.cpp:594 EnqueueJob() Can not enqueue jobs when thread is stopped
07-11 19:26:52.226   910  2332 W CamX    : [ WARN][NCS    ] camxncsintfqsee.cpp:2263 FillSensorData() Buffer queue for sensor 10 has been freed: bufh=0x0, bufsize=360, stride=4
07-11 19:26:52.276   908 12402 I vendor.qti.bluetooth@1.0-ibs_handler: ProcessIbsCmd: Received IBS_SLEEP_IND: 0xFE
07-11 19:26:52.276   908 12402 D vendor.qti.bluetooth@1.0-ibs_handler: SerialClockVote: vote for UART CLK OFF
07-11 19:26:52.426   908 12312 D vendor.qti.bluetooth@1.0-wake_lock: Release wakelock is released
07-11 19:26:52.727   910  2332 E CamX    : [ERROR][NCS    ] camxncsservice.cpp:594 EnqueueJob() Can not enqueue jobs when thread is stopped
07-11 19:26:52.727   910  2332 W CamX    : [ WARN][NCS    ] camxncsintfqsee.cpp:2263 FillSensorData() Buffer queue for sensor 10 has been freed: bufh=0x0, bufsize=360, stride=4
07-11 19:26:52.805   908 12402 I vendor.qti.bluetooth@1.0-ibs_handler: ProcessIbsCmd: Received IBS_WAKE_IND: 0xFD
07-11 19:26:52.805   908 12402 D vendor.qti.bluetooth@1.0-ibs_handler: SerialClockVote: vote for UART CLK ON
07-11 19:26:52.806   908 12402 D vendor.qti.bluetooth@1.0-wake_lock: Acquire wakelock is acquired
07-11 19:26:52.806   908 12402 I vendor.qti.bluetooth@1.0-ibs_handler: ProcessIbsCmd: Writing IBS_WAKE_ACK
07-11 19:26:52.808 12146 12405 V bt_stack: [VERBOSE1:btm_ble_gap.cc(1924)] btm_ble_process_ext_adv_pkt: bda=7c:25:da:a1:a6:8e
07-11 19:26:52.808 12146 12405 V bt_stack: [VERBOSE1:btm_ble_gap.cc(1848)] btm_ble_process_adv_addr: bda=7c:25:da:a1:a6:8e
07-11 19:26:52.809 12146 12405 V bt_stack: [VERBOSE1:btm_inq.cc(1019)] BTM_InqDbRead: bd addr 7c:25:da:a1:a6:8e
07-11 19:26:52.813  3576 12463 E MiuiFastConnectService: check adv data not fast connect
07-11 19:26:52.831  2988  2988 D NetworkSpeedTracker: receive actionandroid.intent.action.BATTERY_CHANGED
07-11 19:26:52.831  2687  2687 D KeyguardUpdateMonitor: received broadcast android.intent.action.BATTERY_CHANGED
07-11 19:26:52.831  2988  2988 D NetworkSpeedTracker: onReceive ACTION_BATTERY_CHANGED mBatteryLevel = 100;mIsCharging =true
07-11 19:26:52.831  2878  2878 D QtiCarrierConfigHelper: WARNING, no carrier configs on phone Id: 0
07-11 19:26:52.831  2687  2687 D BatteryController: onReceive: Intent = Intent { act=android.intent.action.BATTERY_CHANGED flg=0x60000010 (has extras) } action = android.intent.action.BATTERY_CHANGED
07-11 19:26:52.832  7437  7437 I BatteryInfoReceiver: ACTION_BATTERY_CHANGED
07-11 19:26:52.835  7687  7759 D PowerCheckerService: onBatteryChanged, mBatteryLevel = 100, status = 5, level = 100, plug = 2, scale = 100
07-11 19:26:52.836  6950  6950 D VA_UploadVoiceJobService: uploadVoiceDatas onReceive time cost : 1
07-11 19:26:52.836  7687  7722 D PowerKeeper.FrozenApp: onBatteryChanged plug=true mBatteryPlugged=2
07-11 19:26:52.836  2951  2951 D DeviceStatisticsService: chargerType=2 batteryLevel=100 totalBatteryCapacity=4297000
07-11 19:26:52.836  2951  2951 D DeviceInfoHidlClient: isPowerInfoNeverSent()=true
07-11 19:26:52.836  2951  2951 D DeviceInfoHidlClient: getPowerInfoSupportStatus()=-1
07-11 19:26:52.838  6950  7153 D VA_UploadVoiceJobService: needUploadVoice timeSinceLastUpload = 2686432
07-11 19:26:52.886   908 12402 I vendor.qti.bluetooth@1.0-ibs_handler: ProcessIbsCmd: Received IBS_SLEEP_IND: 0xFE
07-11 19:26:52.886   908 12402 D vendor.qti.bluetooth@1.0-ibs_handler: SerialClockVote: vote for UART CLK OFF
07-11 19:26:53.027   910  2332 E CamX    : [ERROR][NCS    ] camxncsservice.cpp:594 EnqueueJob() Can not enqueue jobs when thread is stopped
07-11 19:26:53.027   910  2332 W CamX    : [ WARN][NCS    ] camxncsintfqsee.cpp:2263 FillSensorData() Buffer queue for sensor 10 has been freed: bufh=0x0, bufsize=360, stride=4
07-11 19:26:53.037   908 12312 D vendor.qti.bluetooth@1.0-wake_lock: Release wakelock is released
07-11 19:26:53.417   908 12402 I vendor.qti.bluetooth@1.0-ibs_handler: ProcessIbsCmd: Received IBS_WAKE_IND: 0xFD
07-11 19:26:53.417   908 12402 D vendor.qti.bluetooth@1.0-ibs_handler: SerialClockVote: vote for UART CLK ON
07-11 19:26:53.418   908 12402 D vendor.qti.bluetooth@1.0-wake_lock: Acquire wakelock is acquired
07-11 19:26:53.418   908 12402 I vendor.qti.bluetooth@1.0-ibs_handler: ProcessIbsCmd: Writing IBS_WAKE_ACK
07-11 19:26:53.419 12146 12405 V bt_stack: [VERBOSE1:btm_ble_gap.cc(1924)] btm_ble_process_ext_adv_pkt: bda=7c:25:da:a1:a6:8e
07-11 19:26:53.419 12146 12405 V bt_stack: [VERBOSE1:btm_ble_gap.cc(1848)] btm_ble_process_adv_addr: bda=7c:25:da:a1:a6:8e
07-11 19:26:53.420 12146 12405 V bt_stack: [VERBOSE1:btm_inq.cc(1019)] BTM_InqDbRead: bd addr 7c:25:da:a1:a6:8e
07-11 19:26:53.425  3576 12463 E MiuiFastConnectService: check adv data not fast connect
07-11 19:26:53.499   908 12402 I vendor.qti.bluetooth@1.0-ibs_handler: ProcessIbsCmd: Received IBS_SLEEP_IND: 0xFE
07-11 19:26:53.499   908 12402 D vendor.qti.bluetooth@1.0-ibs_handler: SerialClockVote: vote for UART CLK OFF
07-11 19:26:53.649   908 12312 D vendor.qti.bluetooth@1.0-wake_lock: Release wakelock is released
07-11 19:26:53.926  2687  2867 D NetworkController: onReceive: intent=Intent { act=android.net.wifi.RSSI_CHANGED flg=0x4000010 (has extras) }
07-11 19:26:53.926  2963  4300 D QCNEJ/WlanStaInfoRelay: Received action: android.net.wifi.RSSI_CHANGED
07-11 19:26:53.932  6950  7008 D VA_NetworkStateReceiver: sWifiStrengthLevel = 3
07-11 19:26:53.934  7150 12368 I SLAService: onCapabilitiesChanged name : WIFI
07-11 19:26:54.339 30125 30125 D MIUIInput: [MotionEvent] ViewRootImpl { action=ACTION_DOWN, id[0]=0, pointerCount=1, eventTime=535806013, downTime=535806013 } moveCount:0
07-11 19:26:54.348  1000  1000 I chatty  : uid=1000(system) /system/bin/surfaceflinger expire 2984 lines
07-11 19:26:54.391   953   953 I ANDR-PERF-LM: LMPerfGlue: perfmodule_submit_request() 132: perfmodule_submit_request()
07-11 19:26:54.392   953   953 I ANDR-PERF-LM: Core: getInstance() 84: LM getInstance
07-11 19:26:54.392   953   953 D ANDR-PERF-LM: Feature: lookup() 101: Feature Name = AppClassifier, total featuers = 3, featureFound = 1
07-11 19:26:54.392   953   953 D ANDR-PERF-LM: Feature: getData() 112: data.data = 1
07-11 19:26:54.392   953   953 I ANDR-PERF-LM: FeedbackAPI: getFeedback() 60: app:com.miui.securitycenter feature:AppClassifier feedback = 1
07-11 19:26:54.392   953   953 I ANDR-PERF-LM: LMPerfGlue: perfmodule_submit_request() 132: perfmodule_submit_request()
07-11 19:26:54.392   953   953 I ANDR-PERF-LM: Core: getInstance() 84: LM getInstance
07-11 19:26:54.392   953   953 I ANDR-PERF-LM: WQ: push() 59: LMTriggerQ push() size=0
07-11 19:26:54.392   953   953 I ANDR-PERF-LM: WQ: push() 61: LMTriggerQ push() done size=1
07-11 19:26:54.392   953  1543 I ANDR-PERF-LM: WQ: pop() 42: LMTriggerQ pop() done size=0
07-11 19:26:54.393   953  1543 I ANDR-PERF-LM: Core: lmMain() 373: Waiting on trigger Queue
07-11 19:26:54.393   953  1543 I ANDR-PERF-LM: WQ: pop() 31: LMTriggerQ pop() size=0
07-11 19:26:54.393   953   953 I ANDR-PERF-LM: LMPerfGlue: perfmodule_submit_request() 132: perfmodule_submit_request()
07-11 19:26:54.393   953   953 I ANDR-PERF-LM: Core: getInstance() 84: LM getInstance
07-11 19:26:54.393   953   953 D ANDR-PERF-LM: Feature: lookup() 101: Feature Name = AppClassifier, total featuers = 3, featureFound = 1
07-11 19:26:54.393   953   953 D ANDR-PERF-LM: Feature: getData() 112: data.data = 1
07-11 19:26:54.393   953   953 I ANDR-PERF-LM: FeedbackAPI: getFeedback() 60: app:com.miui.securitycenter feature:AppClassifier feedback = 1
07-11 19:26:54.426   910  2332 E CamX    : [ERROR][NCS    ] camxncsservice.cpp:594 EnqueueJob() Can not enqueue jobs when thread is stopped
07-11 19:26:54.426   910  2332 W CamX    : [ WARN][NCS    ] camxncsintfqsee.cpp:2263 FillSensorData() Buffer queue for sensor 10 has been freed: bufh=0x0, bufsize=360, stride=4
07-11 19:26:54.547 30125 30125 D MIUIInput: [MotionEvent] ViewRootImpl { action=ACTION_UP, id[0]=0, pointerCount=1, eventTime=535806224, downTime=535806013 } moveCount:17
07-11 19:26:54.548   953   953 I ANDR-PERF-LM: LMPerfGlue: perfmodule_submit_request() 132: perfmodule_submit_request()
07-11 19:26:54.548   953   953 I ANDR-PERF-LM: Core: getInstance() 84: LM getInstance
07-11 19:26:54.548   953   953 D ANDR-PERF-LM: Feature: lookup() 101: Feature Name = AppClassifier, total featuers = 3, featureFound = 1
07-11 19:26:54.549   953   953 D ANDR-PERF-LM: Feature: getData() 112: data.data = 1
07-11 19:26:54.549   953   953 I ANDR-PERF-LM: FeedbackAPI: getFeedback() 60: app:com.miui.securitycenter feature:AppClassifier feedback = 1
07-11 19:26:54.549   953   953 I ANDR-PERF-LM: LMPerfGlue: perfmodule_submit_request() 132: perfmodule_submit_request()
07-11 19:26:54.549   953   953 I ANDR-PERF-LM: Core: getInstance() 84: LM getInstance
07-11 19:26:54.549   953   953 I ANDR-PERF-LM: WQ: push() 59: LMTriggerQ push() size=0
07-11 19:26:54.549   953   953 I ANDR-PERF-LM: WQ: push() 61: LMTriggerQ push() done size=1
07-11 19:26:54.549   953  1543 I ANDR-PERF-LM: WQ: pop() 42: LMTriggerQ pop() done size=0
07-11 19:26:54.549   953  1543 I ANDR-PERF-LM: Core: lmMain() 373: Waiting on trigger Queue
07-11 19:26:54.549   953  1543 I ANDR-PERF-LM: WQ: pop() 31: LMTriggerQ pop() size=0
