07-11 19:27:01.134   953  4011 I ANDR-PERF-LM: Meter: asyncTriggerUpdate() 55:  stop notification on VmRss
07-11 19:27:01.134   953  4012 I ANDR-PERF-LM: Meter: asyncTriggerUpdate() 55:  stop notification on VmRss
07-11 19:27:01.134   953  4011 D ANDR-PERF-LM: MetaMeter: notifyReceiver() 148: AdaptLaunch : (Id : total,started,returned,state) = (0,1,0,0,0)
07-11 19:27:01.134   953  4012 D ANDR-PERF-LM: MetaMeter: notifyReceiver() 162: AdaptLaunch : (Id : total,started,returned,state) = (1,1,0,0,0)
07-11 19:27:01.134   953  4011 D ANDR-PERF-LM: ThreadHelper: thread_callback() 162: Returned from Start:(Meter,Helper,Name,pending)=(0xb400007aa662c700,0xb400007aa6667180,AdaptLaunch VmRss,0)
07-11 19:27:01.134   953  4012 D ANDR-PERF-LM: ThreadHelper: thread_callback() 162: Returned from Start:(Meter,Helper,Name,pending)=(0xb400007aa662c8c0,0xb400007aa66672c0,AdaptLaunch VmRss,0)
07-11 19:27:01.134   953  4011 D ANDR-PERF-LM: ThreadHelper: thread_callback() 134: Waiting:(Meter,Helper,Name,pending)=(0xb400007aa662c700,0xb400007aa6667180,AdaptLaunch VmRss,0)
07-11 19:27:01.134   953  4012 D ANDR-PERF-LM: ThreadHelper: thread_callback() 134: Waiting:(Meter,Helper,Name,pending)=(0xb400007aa662c8c0,0xb400007aa66672c0,AdaptLaunch VmRss,0)
07-11 19:27:01.227   910  2332 E CamX    : [ERROR][NCS    ] camxncsservice.cpp:594 EnqueueJob() Can not enqueue jobs when thread is stopped
07-11 19:27:01.227   910  2332 W CamX    : [ WARN][NCS    ] camxncsintfqsee.cpp:2263 FillSensorData() Buffer queue for sensor 10 has been freed: bufh=0x0, bufsize=360, stride=4
07-11 19:27:01.635  3005  3196 D MIUIInput: [MotionEvent] ViewRootImpl { action=ACTION_DOWN, id[0]=0, pointerCount=1, eventTime=535813310, downTime=535813310 } moveCount:0
07-11 19:27:01.636  3005  3196 D GestureStubView: onTouch ACTION_DOWN sendMessageDelayed MSG_CHECK_GESTURE_STUB_TOUCHABLE
07-11 19:27:01.636  3005  3196 D GesturesBackController: onPointerEvent swipeStatus:16
07-11 19:27:01.636  3005  3196 D GesturesBackController: mSwipeStatus == SWIPE_STATUS_ANIMATING, processPointerEvent
07-11 19:27:01.638  3005  3196 D GesturesBackController: onPointerEvent swipeStatus:8
07-11 19:27:01.638  3005  3196 D GesturesBackController: mSwipeStatus != SWIPE_STATUS_ANIMATING, processPointerEvent
07-11 19:27:01.676  3005  3196 D GesturesBackController: onPointerEvent swipeStatus:8
07-11 19:27:01.676  3005  3196 D GestureStubView: onSwipeStart: needAnimation: true
07-11 19:27:01.677   953   953 I ANDR-PERF-LM: LMPerfGlue: perfmodule_submit_request() 132: perfmodule_submit_request()
07-11 19:27:01.677   953   953 I ANDR-PERF-LM: Core: getInstance() 84: LM getInstance
07-11 19:27:01.677   953   953 D ANDR-PERF-LM: Feature: lookup() 101: Feature Name = AppClassifier, total featuers = 3, featureFound = 1
07-11 19:27:01.677   953   953 D ANDR-PERF-LM: Feature: getData() 112: data.data = 1
07-11 19:27:01.677   953   953 I ANDR-PERF-LM: FeedbackAPI: getFeedback() 60: app:com.baidu.input_mi feature:AppClassifier feedback = 1
07-11 19:27:01.678  3005  3196 D GestureStubView: renderView
07-11 19:27:01.678  3005  3196 D GesturesBackController: onPointerEvent MotionEvent.ACTION_MOVE processMiuiGestures
07-11 19:27:01.678  3005  3196 D GesturesBackController: mSwipeStatus != SWIPE_STATUS_ANIMATING, processPointerEvent
07-11 19:27:01.678   953   953 I ANDR-PERF-LM: LMPerfGlue: perfmodule_submit_request() 132: perfmodule_submit_request()
07-11 19:27:01.678   953   953 I ANDR-PERF-LM: Core: getInstance() 84: LM getInstance
07-11 19:27:01.678   953   953 I ANDR-PERF-LM: WQ: push() 59: LMTriggerQ push() size=0
07-11 19:27:01.678   953   953 I ANDR-PERF-LM: WQ: push() 61: LMTriggerQ push() done size=1
07-11 19:27:01.678   953  1543 I ANDR-PERF-LM: WQ: pop() 42: LMTriggerQ pop() done size=0
07-11 19:27:01.678   953  1543 I ANDR-PERF-LM: Core: lmMain() 373: Waiting on trigger Queue
07-11 19:27:01.678   953  1543 I ANDR-PERF-LM: WQ: pop() 31: LMTriggerQ pop() size=0
07-11 19:27:01.678   953   953 I ANDR-PERF-LM: LMPerfGlue: perfmodule_submit_request() 132: perfmodule_submit_request()
07-11 19:27:01.678   953   953 I ANDR-PERF-LM: Core: getInstance() 84: LM getInstance
07-11 19:27:01.678   953   953 D ANDR-PERF-LM: Feature: lookup() 101: Feature Name = AppClassifier, total featuers = 3, featureFound = 1
07-11 19:27:01.678   953   953 D ANDR-PERF-LM: Feature: getData() 112: data.data = 1
07-11 19:27:01.678   953   953 I ANDR-PERF-LM: FeedbackAPI: getFeedback() 60: app:com.baidu.input_mi feature:AppClassifier feedback = 1
07-11 19:27:01.687  3005  3196 D GesturesBackController: onPointerEvent swipeStatus:2
07-11 19:27:01.687  3005  3196 D GesturesBackController: onPointerEvent MotionEvent.ACTION_MOVE processMiuiGestures
07-11 19:27:01.687  3005  3196 D GesturesBackController: mSwipeStatus != SWIPE_STATUS_ANIMATING, processPointerEvent
07-11 19:27:01.698  3005  3196 D GesturesBackController: onPointerEvent swipeStatus:2
07-11 19:27:01.698  3005  3196 D GesturesBackController: onPointerEvent MotionEvent.ACTION_MOVE processMiuiGestures
07-11 19:27:01.699  3005  3196 D GesturesBackController: mSwipeStatus != SWIPE_STATUS_ANIMATING, processPointerEvent
07-11 19:27:01.709  3005  3196 D GesturesBackController: onPointerEvent swipeStatus:2
07-11 19:27:01.709  3005  3196 D GesturesBackController: onPointerEvent MotionEvent.ACTION_MOVE processMiuiGestures
07-11 19:27:01.710  3005  3196 D GesturesBackController: mSwipeStatus != SWIPE_STATUS_ANIMATING, processPointerEvent
07-11 19:27:01.720  3005  3196 D GesturesBackController: onPointerEvent swipeStatus:2
07-11 19:27:01.720  3005  3196 D GesturesBackController: onPointerEvent MotionEvent.ACTION_MOVE processMiuiGestures
07-11 19:27:01.720  3005  3196 D GesturesBackController: mSwipeStatus != SWIPE_STATUS_ANIMATING, processPointerEvent
07-11 19:27:01.731  3005  3196 D GesturesBackController: onPointerEvent swipeStatus:2
07-11 19:27:01.731  3005  3196 D GesturesBackController: onPointerEvent MotionEvent.ACTION_MOVE processMiuiGestures
07-11 19:27:01.731  3005  3196 D GesturesBackController: mSwipeStatus != SWIPE_STATUS_ANIMATING, processPointerEvent
07-11 19:27:01.742  3005  3196 D GesturesBackController: onPointerEvent swipeStatus:2
07-11 19:27:01.742  3005  3196 D GesturesBackController: onPointerEvent MotionEvent.ACTION_MOVE processMiuiGestures
07-11 19:27:01.742  3005  3196 D GesturesBackController: mSwipeStatus != SWIPE_STATUS_ANIMATING, processPointerEvent
07-11 19:27:01.754  3005  3196 D GesturesBackController: onPointerEvent swipeStatus:2
07-11 19:27:01.754  3005  3196 D GesturesBackController: onPointerEvent MotionEvent.ACTION_MOVE processMiuiGestures
07-11 19:27:01.755  3005  3196 D GesturesBackController: mSwipeStatus != SWIPE_STATUS_ANIMATING, processPointerEvent
07-11 19:27:01.765  3005  3196 D GesturesBackController: onPointerEvent swipeStatus:2
07-11 19:27:01.765  3005  3196 D GesturesBackController: onPointerEvent MotionEvent.ACTION_MOVE processMiuiGestures
07-11 19:27:01.765  3005  3196 D GesturesBackController: mSwipeStatus != SWIPE_STATUS_ANIMATING, processPointerEvent
07-11 19:27:01.776  3005  3196 D GesturesBackController: onPointerEvent swipeStatus:2
07-11 19:27:01.776  3005  3196 D GesturesBackController: onPointerEvent MotionEvent.ACTION_MOVE processMiuiGestures
07-11 19:27:01.777  3005  3196 D GesturesBackController: mSwipeStatus != SWIPE_STATUS_ANIMATING, processPointerEvent
07-11 19:27:01.787  3005  3196 D GesturesBackController: onPointerEvent swipeStatus:2
07-11 19:27:01.787  3005  3196 D GesturesBackController: onPointerEvent MotionEvent.ACTION_MOVE processMiuiGestures
07-11 19:27:01.788  3005  3196 D GesturesBackController: mSwipeStatus != SWIPE_STATUS_ANIMATING, processPointerEvent
07-11 19:27:01.798  3005  3196 D GesturesBackController: onPointerEvent swipeStatus:2
07-11 19:27:01.798  3005  3196 D GesturesBackController: onPointerEvent MotionEvent.ACTION_MOVE processMiuiGestures
07-11 19:27:01.798  3005  3196 D GesturesBackController: mSwipeStatus != SWIPE_STATUS_ANIMATING, processPointerEvent
07-11 19:27:01.809  3005  3196 D GesturesBackController: onPointerEvent swipeStatus:2
07-11 19:27:01.809  3005  3196 D GesturesBackController: onPointerEvent MotionEvent.ACTION_MOVE processMiuiGestures
07-11 19:27:01.810  3005  3196 D GesturesBackController: mSwipeStatus != SWIPE_STATUS_ANIMATING, processPointerEvent
07-11 19:27:01.821  3005  3196 D GesturesBackController: onPointerEvent swipeStatus:2
07-11 19:27:01.821  3005  3196 D GesturesBackController: onPointerEvent MotionEvent.ACTION_MOVE processMiuiGestures
07-11 19:27:01.821  3005  3196 D GesturesBackController: mSwipeStatus != SWIPE_STATUS_ANIMATING, processPointerEvent
07-11 19:27:01.831  3005  3196 D GesturesBackController: onPointerEvent swipeStatus:2
07-11 19:27:01.831  3005  3196 D GesturesBackController: onPointerEvent MotionEvent.ACTION_MOVE processMiuiGestures
07-11 19:27:01.832  3005  3196 D GesturesBackController: mSwipeStatus != SWIPE_STATUS_ANIMATING, processPointerEvent
07-11 19:27:01.843  3005  3196 D GesturesBackController: onPointerEvent swipeStatus:2
07-11 19:27:01.843  3005  3196 D GesturesBackController: onPointerEvent MotionEvent.ACTION_MOVE processMiuiGestures
07-11 19:27:01.843  3005  3196 D GesturesBackController: mSwipeStatus != SWIPE_STATUS_ANIMATING, processPointerEvent
07-11 19:27:01.854  3005  3196 D GesturesBackController: onPointerEvent swipeStatus:2
07-11 19:27:01.854  3005  3196 D GesturesBackController: onPointerEvent MotionEvent.ACTION_MOVE processMiuiGestures
07-11 19:27:01.855  3005  3196 D GesturesBackController: mSwipeStatus != SWIPE_STATUS_ANIMATING, processPointerEvent
07-11 19:27:01.865  3005  3196 D GesturesBackController: onPointerEvent swipeStatus:2
07-11 19:27:01.865  3005  3196 D GesturesBackController: onPointerEvent MotionEvent.ACTION_MOVE processMiuiGestures
07-11 19:27:01.865  3005  3196 D GesturesBackController: mSwipeStatus != SWIPE_STATUS_ANIMATING, processPointerEvent
07-11 19:27:01.876  3005  3196 D GesturesBackController: onPointerEvent swipeStatus:2
07-11 19:27:01.876  3005  3196 D GesturesBackController: onPointerEvent MotionEvent.ACTION_MOVE processMiuiGestures
07-11 19:27:01.876  3005  3196 D GesturesBackController: mSwipeStatus != SWIPE_STATUS_ANIMATING, processPointerEvent
07-11 19:27:01.887  3005  3196 D GesturesBackController: onPointerEvent swipeStatus:2
07-11 19:27:01.887  3005  3196 D GesturesBackController: onPointerEvent MotionEvent.ACTION_MOVE processMiuiGestures
07-11 19:27:01.887  3005  3196 D GesturesBackController: mSwipeStatus != SWIPE_STATUS_ANIMATING, processPointerEvent
07-11 19:27:01.898  3005  3196 D GesturesBackController: onPointerEvent swipeStatus:2
07-11 19:27:01.898  3005  3196 D GesturesBackController: onPointerEvent MotionEvent.ACTION_MOVE processMiuiGestures
07-11 19:27:01.898  3005  3196 D GesturesBackController: mSwipeStatus != SWIPE_STATUS_ANIMATING, processPointerEvent
07-11 19:27:01.909  3005  3196 D GesturesBackController: onPointerEvent swipeStatus:2
07-11 19:27:01.909  3005  3196 D GesturesBackController: onPointerEvent MotionEvent.ACTION_MOVE processMiuiGestures
07-11 19:27:01.910  3005  3196 D GesturesBackController: mSwipeStatus != SWIPE_STATUS_ANIMATING, processPointerEvent
07-11 19:27:01.920  3005  3196 D GesturesBackController: onPointerEvent swipeStatus:2
07-11 19:27:01.920  3005  3196 D GesturesBackController: onPointerEvent MotionEvent.ACTION_MOVE processMiuiGestures
07-11 19:27:01.921  3005  3196 D GesturesBackController: mSwipeStatus != SWIPE_STATUS_ANIMATING, processPointerEvent
07-11 19:27:01.932  3005  3196 D GesturesBackController: onPointerEvent swipeStatus:2
07-11 19:27:01.932  3005  3196 D GesturesBackController: onPointerEvent MotionEvent.ACTION_MOVE processMiuiGestures
07-11 19:27:01.932  3005  3196 D GesturesBackController: mSwipeStatus != SWIPE_STATUS_ANIMATING, processPointerEvent
07-11 19:27:01.943  3005  3196 D GesturesBackController: onPointerEvent swipeStatus:2
07-11 19:27:01.943  3005  3196 D GesturesBackController: onPointerEvent MotionEvent.ACTION_MOVE processMiuiGestures
07-11 19:27:01.943  3005  3196 D GesturesBackController: mSwipeStatus != SWIPE_STATUS_ANIMATING, processPointerEvent
07-11 19:27:01.954  3005  3196 D GesturesBackController: onPointerEvent swipeStatus:2
07-11 19:27:01.954  3005  3196 D GesturesBackController: onPointerEvent MotionEvent.ACTION_MOVE processMiuiGestures
07-11 19:27:01.955  3005  3196 D GesturesBackController: mSwipeStatus != SWIPE_STATUS_ANIMATING, processPointerEvent
07-11 19:27:01.965  3005  3196 D GesturesBackController: onPointerEvent swipeStatus:2
07-11 19:27:01.965  3005  3196 D GesturesBackController: onPointerEvent MotionEvent.ACTION_MOVE processMiuiGestures
07-11 19:27:01.966  3005  3196 D GesturesBackController: mSwipeStatus != SWIPE_STATUS_ANIMATING, processPointerEvent
07-11 19:27:01.976  3005  3196 D GesturesBackController: onPointerEvent swipeStatus:2
07-11 19:27:01.976  3005  3196 D GesturesBackController: onPointerEvent MotionEvent.ACTION_MOVE processMiuiGestures
07-11 19:27:01.976  3005  3196 D GesturesBackController: mSwipeStatus != SWIPE_STATUS_ANIMATING, processPointerEvent
07-11 19:27:01.987  3005  3196 D GesturesBackController: onPointerEvent swipeStatus:2
07-11 19:27:01.987  3005  3196 D GesturesBackController: onPointerEvent MotionEvent.ACTION_MOVE processMiuiGestures
07-11 19:27:01.988  3005  3196 D GesturesBackController: mSwipeStatus != SWIPE_STATUS_ANIMATING, processPointerEvent
07-11 19:27:01.999  3005  3196 D GesturesBackController: onPointerEvent swipeStatus:2
07-11 19:27:01.999  3005  3196 D GesturesBackController: onPointerEvent MotionEvent.ACTION_MOVE processMiuiGestures
07-11 19:27:01.999  3005  3196 D GesturesBackController: mSwipeStatus != SWIPE_STATUS_ANIMATING, processPointerEvent
07-11 19:27:02.009  3005  3196 D GesturesBackController: onPointerEvent swipeStatus:2
07-11 19:27:02.009  3005  3196 D GesturesBackController: onPointerEvent MotionEvent.ACTION_MOVE processMiuiGestures
07-11 19:27:02.010  3005  3196 D GesturesBackController: mSwipeStatus != SWIPE_STATUS_ANIMATING, processPointerEvent
07-11 19:27:02.020  3005  3196 D GesturesBackController: onPointerEvent swipeStatus:2
07-11 19:27:02.020  3005  3196 D GesturesBackController: onPointerEvent MotionEvent.ACTION_MOVE processMiuiGestures
07-11 19:27:02.020  3005  3196 D GesturesBackController: mSwipeStatus != SWIPE_STATUS_ANIMATING, processPointerEvent
07-11 19:27:02.031  3005  3196 D GesturesBackController: onPointerEvent swipeStatus:2
07-11 19:27:02.031  3005  3196 D GesturesBackController: onPointerEvent MotionEvent.ACTION_MOVE processMiuiGestures
07-11 19:27:02.032  3005  3196 D GesturesBackController: mSwipeStatus != SWIPE_STATUS_ANIMATING, processPointerEvent
07-11 19:27:02.042  3005  3196 D GesturesBackController: onPointerEvent swipeStatus:2
07-11 19:27:02.042  3005  3196 D GesturesBackController: onPointerEvent MotionEvent.ACTION_MOVE processMiuiGestures
07-11 19:27:02.043  3005  3196 D GesturesBackController: mSwipeStatus != SWIPE_STATUS_ANIMATING, processPointerEvent
07-11 19:27:02.054  3005  3196 D GesturesBackController: onPointerEvent swipeStatus:2
07-11 19:27:02.054  3005  3196 D GesturesBackController: onPointerEvent MotionEvent.ACTION_MOVE processMiuiGestures
07-11 19:27:02.055  3005  3196 D GesturesBackController: mSwipeStatus != SWIPE_STATUS_ANIMATING, processPointerEvent
07-11 19:27:02.065  3005  3196 D GesturesBackController: onPointerEvent swipeStatus:2
07-11 19:27:02.065  3005  3196 D GesturesBackController: onPointerEvent MotionEvent.ACTION_MOVE processMiuiGestures
07-11 19:27:02.065  3005  3196 D GesturesBackController: mSwipeStatus != SWIPE_STATUS_ANIMATING, processPointerEvent
07-11 19:27:02.076  3005  3196 D GesturesBackController: onPointerEvent swipeStatus:2
07-11 19:27:02.076  3005  3196 D GesturesBackController: onPointerEvent MotionEvent.ACTION_MOVE processMiuiGestures
07-11 19:27:02.077  3005  3196 D GesturesBackController: mSwipeStatus != SWIPE_STATUS_ANIMATING, processPointerEvent
07-11 19:27:02.087  3005  3196 D GesturesBackController: onPointerEvent swipeStatus:2
07-11 19:27:02.087  3005  3196 D GesturesBackController: onPointerEvent MotionEvent.ACTION_MOVE processMiuiGestures
07-11 19:27:02.088  3005  3196 D GesturesBackController: mSwipeStatus != SWIPE_STATUS_ANIMATING, processPointerEvent
07-11 19:27:02.098  3005  3196 D GesturesBackController: onPointerEvent swipeStatus:2
07-11 19:27:02.098  3005  3196 D GesturesBackController: onPointerEvent MotionEvent.ACTION_MOVE processMiuiGestures
07-11 19:27:02.098  3005  3196 D GesturesBackController: mSwipeStatus != SWIPE_STATUS_ANIMATING, processPointerEvent
07-11 19:27:02.109  3005  3196 D GesturesBackController: onPointerEvent swipeStatus:2
07-11 19:27:02.109  3005  3196 D GesturesBackController: onPointerEvent MotionEvent.ACTION_MOVE processMiuiGestures
07-11 19:27:02.109  3005  3196 D GesturesBackController: mSwipeStatus != SWIPE_STATUS_ANIMATING, processPointerEvent
07-11 19:27:02.120  3005  3196 D GesturesBackController: onPointerEvent swipeStatus:2
07-11 19:27:02.120  3005  3196 D GesturesBackController: onPointerEvent MotionEvent.ACTION_MOVE processMiuiGestures
07-11 19:27:02.120  3005  3196 D GesturesBackController: mSwipeStatus != SWIPE_STATUS_ANIMATING, processPointerEvent
07-11 19:27:02.131  3005  3196 D GesturesBackController: onPointerEvent swipeStatus:2
07-11 19:27:02.131  3005  3196 D GesturesBackController: onPointerEvent MotionEvent.ACTION_MOVE processMiuiGestures
07-11 19:27:02.131  3005  3196 D GesturesBackController: mSwipeStatus != SWIPE_STATUS_ANIMATING, processPointerEvent
07-11 19:27:02.142  3005  3196 D GesturesBackController: onPointerEvent swipeStatus:2
07-11 19:27:02.142  3005  3196 D GesturesBackController: onPointerEvent MotionEvent.ACTION_MOVE processMiuiGestures
07-11 19:27:02.143  3005  3196 D GesturesBackController: mSwipeStatus != SWIPE_STATUS_ANIMATING, processPointerEvent
07-11 19:27:02.153  3005  3196 D GesturesBackController: onPointerEvent swipeStatus:2
07-11 19:27:02.153  3005  3196 D GesturesBackController: onPointerEvent MotionEvent.ACTION_MOVE processMiuiGestures
07-11 19:27:02.154  3005  3196 D GesturesBackController: mSwipeStatus != SWIPE_STATUS_ANIMATING, processPointerEvent
07-11 19:27:02.165  3005  3196 D GesturesBackController: onPointerEvent swipeStatus:2
07-11 19:27:02.165  3005  3196 D GesturesBackController: onPointerEvent MotionEvent.ACTION_MOVE processMiuiGestures
07-11 19:27:02.165  3005  3196 D GesturesBackController: mSwipeStatus != SWIPE_STATUS_ANIMATING, processPointerEvent
07-11 19:27:02.176  3005  3196 D GesturesBackController: onPointerEvent swipeStatus:2
07-11 19:27:02.176  3005  3196 D GesturesBackController: onPointerEvent MotionEvent.ACTION_MOVE processMiuiGestures
07-11 19:27:02.176  3005  3196 D GesturesBackController: mSwipeStatus != SWIPE_STATUS_ANIMATING, processPointerEvent
07-11 19:27:02.187  3005  3196 D GesturesBackController: onPointerEvent swipeStatus:2
07-11 19:27:02.187  3005  3196 D GesturesBackController: onPointerEvent MotionEvent.ACTION_MOVE processMiuiGestures
07-11 19:27:02.187  3005  3196 D GesturesBackController: mSwipeStatus != SWIPE_STATUS_ANIMATING, processPointerEvent
07-11 19:27:02.198  3005  3196 D GesturesBackController: onPointerEvent swipeStatus:2
07-11 19:27:02.198  3005  3196 D GesturesBackController: onPointerEvent MotionEvent.ACTION_MOVE processMiuiGestures
07-11 19:27:02.198  3005  3196 D GesturesBackController: mSwipeStatus != SWIPE_STATUS_ANIMATING, processPointerEvent
07-11 19:27:02.209  3005  3196 D GesturesBackController: onPointerEvent swipeStatus:2
07-11 19:27:02.209  3005  3196 D GesturesBackController: onPointerEvent MotionEvent.ACTION_MOVE processMiuiGestures
07-11 19:27:02.209  3005  3196 D GesturesBackController: mSwipeStatus != SWIPE_STATUS_ANIMATING, processPointerEvent
07-11 19:27:02.211  3005  3150 I HapticFeedbackUtil: rtp:162
07-11 19:27:02.212   961   961 D vendor.qti.vibrator: QTI Vibrator off
07-11 19:27:02.213   982   982 E VibratorService.mi: VibratorFeature::off
07-11 19:27:02.213   982   982 E VibratorService.mi: VibratorFeature::play timeoutMs 0, mCurrAppId -1, mCurrEffectId -1
07-11 19:27:02.213   982   982 D DynamicEffectDevice: FFDevice pause
07-11 19:27:02.214   982   982 D VibratorService.mi: perform_infinite_ext effect: 162, strength: 1.000000
07-11 19:27:02.214   982   982 E VibratorService.mi: VibratorFeature::play timeoutMs -1, mCurrAppId -1, mCurrEffectId 162
07-11 19:27:02.214   982   982 E VibratorService.mi: VibratorFeature::play effect.type = FF_PERIODIC
07-11 19:27:02.214   982   982 E VibratorService.mi: VibratorFeature::play effect.id 0
07-11 19:27:02.214   982   982 E VibratorService.mi: VibratorFeature::perform_infinite_ext, ok!
07-11 19:27:02.220  3005  3196 D GesturesBackController: onPointerEvent swipeStatus:2
07-11 19:27:02.221  3005  3196 D GesturesBackController: onPointerEvent MotionEvent.ACTION_MOVE processMiuiGestures
07-11 19:27:02.221  3005  3196 D GesturesBackController: mSwipeStatus != SWIPE_STATUS_ANIMATING, processPointerEvent
07-11 19:27:02.232  3005  3196 D GesturesBackController: onPointerEvent swipeStatus:2
07-11 19:27:02.232  3005  3196 D GesturesBackController: onPointerEvent MotionEvent.ACTION_MOVE processMiuiGestures
07-11 19:27:02.233  3005  3196 D GesturesBackController: mSwipeStatus != SWIPE_STATUS_ANIMATING, processPointerEvent
07-11 19:27:02.242  3005  3196 D GesturesBackController: onPointerEvent swipeStatus:2
07-11 19:27:02.242  3005  3196 D GesturesBackController: onPointerEvent MotionEvent.ACTION_MOVE processMiuiGestures
07-11 19:27:02.243  3005  3196 D GesturesBackController: mSwipeStatus != SWIPE_STATUS_ANIMATING, processPointerEvent
07-11 19:27:02.254  3005  3196 D GesturesBackController: onPointerEvent swipeStatus:2
07-11 19:27:02.254  3005  3196 D GesturesBackController: onPointerEvent MotionEvent.ACTION_MOVE processMiuiGestures
07-11 19:27:02.254  3005  3196 D GesturesBackController: mSwipeStatus != SWIPE_STATUS_ANIMATING, processPointerEvent
07-11 19:27:02.265  3005  3196 D GesturesBackController: onPointerEvent swipeStatus:2
07-11 19:27:02.265  3005  3196 D GesturesBackController: onPointerEvent MotionEvent.ACTION_MOVE processMiuiGestures
07-11 19:27:02.265  3005  3196 D GesturesBackController: mSwipeStatus != SWIPE_STATUS_ANIMATING, processPointerEvent
07-11 19:27:02.277  3005  3196 D GesturesBackController: onPointerEvent swipeStatus:2
07-11 19:27:02.277  3005  3196 D GesturesBackController: onPointerEvent MotionEvent.ACTION_MOVE processMiuiGestures
07-11 19:27:02.277  3005  3196 D GesturesBackController: mSwipeStatus != SWIPE_STATUS_ANIMATING, processPointerEvent
07-11 19:27:02.287  3005  3196 D GesturesBackController: onPointerEvent swipeStatus:2
07-11 19:27:02.287  3005  3196 D GesturesBackController: onPointerEvent MotionEvent.ACTION_MOVE processMiuiGestures
07-11 19:27:02.287  3005  3196 D GesturesBackController: mSwipeStatus != SWIPE_STATUS_ANIMATING, processPointerEvent
07-11 19:27:02.287  1969  2393 I chatty  : uid=1000(system) MiuiNetworkPoli expire 1 line
07-11 19:27:02.298  3005  3196 D GesturesBackController: onPointerEvent swipeStatus:2
07-11 19:27:02.298  3005  3196 D GesturesBackController: onPointerEvent MotionEvent.ACTION_MOVE processMiuiGestures
07-11 19:27:02.299  3005  3196 D GesturesBackController: mSwipeStatus != SWIPE_STATUS_ANIMATING, processPointerEvent
07-11 19:27:02.309  3005  3196 D GesturesBackController: onPointerEvent swipeStatus:2
07-11 19:27:02.309  3005  3196 D GesturesBackController: onPointerEvent MotionEvent.ACTION_MOVE processMiuiGestures
07-11 19:27:02.309  3005  3196 D GesturesBackController: mSwipeStatus != SWIPE_STATUS_ANIMATING, processPointerEvent
07-11 19:27:02.320  3005  3196 D GesturesBackController: onPointerEvent swipeStatus:2
07-11 19:27:02.320  3005  3196 D GesturesBackController: onPointerEvent MotionEvent.ACTION_MOVE processMiuiGestures
07-11 19:27:02.320  3005  3196 D GesturesBackController: mSwipeStatus != SWIPE_STATUS_ANIMATING, processPointerEvent
07-11 19:27:02.331  3005  3196 D GesturesBackController: onPointerEvent swipeStatus:2
07-11 19:27:02.331  3005  3196 D GesturesBackController: onPointerEvent MotionEvent.ACTION_MOVE processMiuiGestures
07-11 19:27:02.332  3005  3196 D GesturesBackController: mSwipeStatus != SWIPE_STATUS_ANIMATING, processPointerEvent
07-11 19:27:02.342  3005  3196 D GesturesBackController: onPointerEvent swipeStatus:2
07-11 19:27:02.342  3005  3196 D GesturesBackController: onPointerEvent MotionEvent.ACTION_MOVE processMiuiGestures
07-11 19:27:02.343  3005  3196 D GesturesBackController: mSwipeStatus != SWIPE_STATUS_ANIMATING, processPointerEvent
07-11 19:27:02.354  3005  3196 D GesturesBackController: onPointerEvent swipeStatus:2
07-11 19:27:02.354  3005  3196 D GesturesBackController: onPointerEvent MotionEvent.ACTION_MOVE processMiuiGestures
07-11 19:27:02.354  1969  2131 E PointerController: [updatePointerLocked:812] mLocked.presentationChanged = 0
07-11 19:27:02.354  1969  2131 E PointerController: [updatePointerLocked:813] mLocked.presentation = 3
07-11 19:27:02.354  1969  2131 E PointerController: [updatePointerLocked:814] mLocked.requestedPointerType = 1000
07-11 19:27:02.354  3005  3196 D GesturesBackController: mSwipeStatus != SWIPE_STATUS_ANIMATING, processPointerEvent
07-11 19:27:02.359  1969  2373 W InputDispatcher: checkSynergyInfo mode:0 info:0 0, id:-1
07-11 19:27:02.365  3005  3196 D GesturesBackController: onPointerEvent swipeStatus:2
07-11 19:27:02.365  1969  2373 W InputDispatcher: checkSynergyInfo mode:0 info:0 0, id:-1
07-11 19:27:02.365  3005  3196 D GesturesBackController: onPointerEvent MotionEvent.ACTION_MOVE processMiuiGestures
07-11 19:27:02.365  3005  3196 D GesturesBackController: mSwipeStatus != SWIPE_STATUS_ANIMATING, processPointerEvent
07-11 19:27:02.366  1969  2131 E PointerController: [doFadingAnimationLocked:632]
07-11 19:27:02.366  1969  2131 E PointerController: [updatePointerLocked:811] mLocked.pointerIconChanged = 0
07-11 19:27:02.366  1969  2131 E PointerController: [updatePointerLocked:812] mLocked.presentationChanged = 0
07-11 19:27:02.366  1969  2131 E PointerController: [updatePointerLocked:813] mLocked.presentation = 3
07-11 19:27:02.366  1969  2131 E PointerController: [updatePointerLocked:814] mLocked.requestedPointerType = 1000
07-11 19:27:02.370  1969  2373 W InputDispatcher: checkSynergyInfo mode:0 info:0 0, id:-1
07-11 19:27:02.376  3005  3196 D GesturesBackController: onPointerEvent swipeStatus:2
07-11 19:27:02.376  3005  3196 D GesturesBackController: onPointerEvent MotionEvent.ACTION_MOVE processMiuiGestures
07-11 19:27:02.376  1969  2373 W InputDispatcher: checkSynergyInfo mode:0 info:0 0, id:-1
07-11 19:27:02.376  1969  2131 E PointerController: [doFadingAnimationLocked:632]
07-11 19:27:02.376  3005  3196 D GesturesBackController: mSwipeStatus != SWIPE_STATUS_ANIMATING, processPointerEvent
07-11 19:27:02.376  1969  2131 E PointerController: [updatePointerLocked:811] mLocked.pointerIconChanged = 0
07-11 19:27:02.376  1969  2131 E PointerController: [updatePointerLocked:812] mLocked.presentationChanged = 0
07-11 19:27:02.376  1969  2131 E PointerController: [updatePointerLocked:813] mLocked.presentation = 3
07-11 19:27:02.376  1969  2131 E PointerController: [updatePointerLocked:814] mLocked.requestedPointerType = 1000
07-11 19:27:02.381  1969  2373 W InputDispatcher: checkSynergyInfo mode:0 info:0 0, id:-1
07-11 19:27:02.387  3005  3196 D GesturesBackController: onPointerEvent swipeStatus:2
07-11 19:27:02.387  3005  3196 D GesturesBackController: onPointerEvent MotionEvent.ACTION_MOVE processMiuiGestures
07-11 19:27:02.387  1969  2373 W InputDispatcher: checkSynergyInfo mode:0 info:0 0, id:-1
07-11 19:27:02.388  3005  3196 D GesturesBackController: mSwipeStatus != SWIPE_STATUS_ANIMATING, processPointerEvent
07-11 19:27:02.388  1969  2131 E PointerController: [doFadingAnimationLocked:632]
07-11 19:27:02.388  1969  2131 E PointerController: [updatePointerLocked:811] mLocked.pointerIconChanged = 0
07-11 19:27:02.388  1969  2131 E PointerController: [updatePointerLocked:812] mLocked.presentationChanged = 0
07-11 19:27:02.388  1969  2131 E PointerController: [updatePointerLocked:813] mLocked.presentation = 3
07-11 19:27:02.388  1969  2131 E PointerController: [updatePointerLocked:814] mLocked.requestedPointerType = 1000
07-11 19:27:02.392  1969  2373 W InputDispatcher: checkSynergyInfo mode:0 info:0 0, id:-1
07-11 19:27:02.398  3005  3196 D GesturesBackController: onPointerEvent swipeStatus:2
07-11 19:27:02.398  3005  3196 D GesturesBackController: onPointerEvent MotionEvent.ACTION_MOVE processMiuiGestures
07-11 19:27:02.398  3005  3196 D GesturesBackController: mSwipeStatus != SWIPE_STATUS_ANIMATING, processPointerEvent
07-11 19:27:02.398  1969  2373 W InputDispatcher: checkSynergyInfo mode:0 info:0 0, id:-1
07-11 19:27:02.398  1969  2131 E PointerController: [doFadingAnimationLocked:632]
07-11 19:27:02.398  1969  2131 E PointerController: [updatePointerLocked:811] mLocked.pointerIconChanged = 0
07-11 19:27:02.398  1969  2131 E PointerController: [updatePointerLocked:812] mLocked.presentationChanged = 0
07-11 19:27:02.398  1969  2131 E PointerController: [updatePointerLocked:813] mLocked.presentation = 3
07-11 19:27:02.399  1969  2131 E PointerController: [updatePointerLocked:814] mLocked.requestedPointerType = 1000
07-11 19:27:02.403  1969  2373 W InputDispatcher: checkSynergyInfo mode:0 info:0 0, id:-1
07-11 19:27:02.409  1969  2373 W InputDispatcher: checkSynergyInfo mode:0 info:0 0, id:-1
07-11 19:27:02.409  1969  2131 E PointerController: [doFadingAnimationLocked:632]
07-11 19:27:02.409  1969  2131 E PointerController: [updatePointerLocked:811] mLocked.pointerIconChanged = 0
07-11 19:27:02.409  1969  2131 E PointerController: [updatePointerLocked:812] mLocked.presentationChanged = 0
07-11 19:27:02.409  1969  2131 E PointerController: [updatePointerLocked:813] mLocked.presentation = 3
07-11 19:27:02.409  1969  2131 E PointerController: [updatePointerLocked:814] mLocked.requestedPointerType = 1000
07-11 19:27:02.409  3005  3196 D GesturesBackController: onPointerEvent swipeStatus:2
07-11 19:27:02.409  3005  3196 D GesturesBackController: onPointerEvent MotionEvent.ACTION_MOVE processMiuiGestures
07-11 19:27:02.409  3005  3196 D GesturesBackController: mSwipeStatus != SWIPE_STATUS_ANIMATING, processPointerEvent
07-11 19:27:02.414   961   961 D vendor.qti.vibrator: QTI Vibrator off
07-11 19:27:02.414   982   982 E VibratorService.mi: VibratorFeature::off
07-11 19:27:02.414   982   982 E VibratorService.mi: VibratorFeature::play timeoutMs 0, mCurrAppId 0, mCurrEffectId -1
07-11 19:27:02.414   982   982 D DynamicEffectDevice: FFDevice pause
07-11 19:27:02.415  1969  2373 W InputDispatcher: checkSynergyInfo mode:0 info:0 0, id:-1
07-11 19:27:02.420  1969  2373 W InputDispatcher: checkSynergyInfo mode:0 info:0 0, id:-1
07-11 19:27:02.420  1969  2131 E PointerController: [doFadingAnimationLocked:632]
07-11 19:27:02.420  1969  2131 E PointerController: [updatePointerLocked:811] mLocked.pointerIconChanged = 0
07-11 19:27:02.420  1969  2131 E PointerController: [updatePointerLocked:812] mLocked.presentationChanged = 0
07-11 19:27:02.420  1969  2131 E PointerController: [updatePointerLocked:813] mLocked.presentation = 3
07-11 19:27:02.420  1969  2131 E PointerController: [updatePointerLocked:814] mLocked.requestedPointerType = 1000
07-11 19:27:02.420  3005  3196 D GesturesBackController: onPointerEvent swipeStatus:2
07-11 19:27:02.420  3005  3196 D GesturesBackController: onPointerEvent MotionEvent.ACTION_MOVE processMiuiGestures
07-11 19:27:02.421  3005  3196 D GesturesBackController: mSwipeStatus != SWIPE_STATUS_ANIMATING, processPointerEvent
07-11 19:27:02.425  1969  2373 W InputDispatcher: checkSynergyInfo mode:0 info:0 0, id:-1
07-11 19:27:02.431  1969  2373 W InputDispatcher: checkSynergyInfo mode:0 info:0 0, id:-1
07-11 19:27:02.431  1969  2131 E PointerController: [doFadingAnimationLocked:632]
07-11 19:27:02.431  1969  2131 E PointerController: [updatePointerLocked:811] mLocked.pointerIconChanged = 0
07-11 19:27:02.431  1969  2131 E PointerController: [updatePointerLocked:812] mLocked.presentationChanged = 0
07-11 19:27:02.431  1969  2131 E PointerController: [updatePointerLocked:813] mLocked.presentation = 3
07-11 19:27:02.431  1969  2131 E PointerController: [updatePointerLocked:814] mLocked.requestedPointerType = 1000
07-11 19:27:02.431  3005  3196 D GesturesBackController: onPointerEvent swipeStatus:2
07-11 19:27:02.431  3005  3196 D GesturesBackController: onPointerEvent MotionEvent.ACTION_MOVE processMiuiGestures
07-11 19:27:02.432  3005  3196 D GesturesBackController: mSwipeStatus != SWIPE_STATUS_ANIMATING, processPointerEvent
07-11 19:27:02.436  1969  2373 W InputDispatcher: checkSynergyInfo mode:0 info:0 0, id:-1
07-11 19:27:02.442  1969  2131 E PointerController: [doFadingAnimationLocked:632]
07-11 19:27:02.442  3005  3196 D GesturesBackController: onPointerEvent swipeStatus:2
07-11 19:27:02.443  1969  2131 E PointerController: [updatePointerLocked:811] mLocked.pointerIconChanged = 0
07-11 19:27:02.443  3005  3196 D GesturesBackController: onPointerEvent MotionEvent.ACTION_MOVE processMiuiGestures
07-11 19:27:02.443  1969  2131 E PointerController: [updatePointerLocked:812] mLocked.presentationChanged = 0
07-11 19:27:02.443  1969  2131 E PointerController: [updatePointerLocked:813] mLocked.presentation = 3
07-11 19:27:02.443  1969  2131 E PointerController: [updatePointerLocked:814] mLocked.requestedPointerType = 1000
07-11 19:27:02.443  1969  2373 W InputDispatcher: checkSynergyInfo mode:0 info:0 0, id:-1
07-11 19:27:02.443  3005  3196 D GesturesBackController: mSwipeStatus != SWIPE_STATUS_ANIMATING, processPointerEvent
07-11 19:27:02.447  1969  2373 W InputDispatcher: checkSynergyInfo mode:0 info:0 0, id:-1
07-11 19:27:02.453  1969  2373 W InputDispatcher: checkSynergyInfo mode:0 info:0 0, id:-1
07-11 19:27:02.453  1969  2131 E PointerController: [doFadingAnimationLocked:632]
07-11 19:27:02.453  1969  2131 E PointerController: [updatePointerLocked:811] mLocked.pointerIconChanged = 0
07-11 19:27:02.453  1969  2131 E PointerController: [updatePointerLocked:812] mLocked.presentationChanged = 0
07-11 19:27:02.453  1969  2131 E PointerController: [updatePointerLocked:813] mLocked.presentation = 3
07-11 19:27:02.454  1969  2131 E PointerController: [updatePointerLocked:814] mLocked.requestedPointerType = 1000
07-11 19:27:02.454  3005  3196 D GesturesBackController: onPointerEvent swipeStatus:2
07-11 19:27:02.454  3005  3196 D GesturesBackController: onPointerEvent MotionEvent.ACTION_MOVE processMiuiGestures
07-11 19:27:02.454  3005  3196 D GesturesBackController: mSwipeStatus != SWIPE_STATUS_ANIMATING, processPointerEvent
07-11 19:27:02.458  1969  2373 W InputDispatcher: checkSynergyInfo mode:0 info:0 0, id:-1
07-11 19:27:02.464  1969  2373 W InputDispatcher: checkSynergyInfo mode:0 info:0 0, id:-1
07-11 19:27:02.465  1969  2131 E PointerController: [doFadingAnimationLocked:632]
07-11 19:27:02.465  1969  2131 E PointerController: [updatePointerLocked:811] mLocked.pointerIconChanged = 0
07-11 19:27:02.465  1969  2131 E PointerController: [updatePointerLocked:812] mLocked.presentationChanged = 0
07-11 19:27:02.465  1969  2131 E PointerController: [updatePointerLocked:813] mLocked.presentation = 3
07-11 19:27:02.465  1969  2131 E PointerController: [updatePointerLocked:814] mLocked.requestedPointerType = 1000
07-11 19:27:02.465  3005  3196 D GesturesBackController: onPointerEvent swipeStatus:2
07-11 19:27:02.465  3005  3196 D GesturesBackController: onPointerEvent MotionEvent.ACTION_MOVE processMiuiGestures
07-11 19:27:02.465  3005  3196 D GesturesBackController: mSwipeStatus != SWIPE_STATUS_ANIMATING, processPointerEvent
07-11 19:27:02.470  1969  2373 W InputDispatcher: checkSynergyInfo mode:0 info:0 0, id:-1
07-11 19:27:02.475  1969  2373 W InputDispatcher: checkSynergyInfo mode:0 info:0 0, id:-1
07-11 19:27:02.476  1969  2131 E PointerController: [doFadingAnimationLocked:632]
07-11 19:27:02.476  1969  2131 E PointerController: [updatePointerLocked:811] mLocked.pointerIconChanged = 0
07-11 19:27:02.476  1969  2131 E PointerController: [updatePointerLocked:812] mLocked.presentationChanged = 0
07-11 19:27:02.476  1969  2131 E PointerController: [updatePointerLocked:813] mLocked.presentation = 3
07-11 19:27:02.476  1969  2131 E PointerController: [updatePointerLocked:814] mLocked.requestedPointerType = 1000
07-11 19:27:02.476  3005  3196 D GesturesBackController: onPointerEvent swipeStatus:2
07-11 19:27:02.476  3005  3196 D GesturesBackController: onPointerEvent MotionEvent.ACTION_MOVE processMiuiGestures
07-11 19:27:02.476  3005  3196 D GesturesBackController: mSwipeStatus != SWIPE_STATUS_ANIMATING, processPointerEvent
07-11 19:27:02.481  1969  2373 W InputDispatcher: checkSynergyInfo mode:0 info:0 0, id:-1
07-11 19:27:02.486  1969  2373 W InputDispatcher: checkSynergyInfo mode:0 info:0 0, id:-1
07-11 19:27:02.487  1969  2131 E PointerController: [doFadingAnimationLocked:632]
07-11 19:27:02.487  1969  2131 E PointerController: [updatePointerLocked:811] mLocked.pointerIconChanged = 0
07-11 19:27:02.487  1969  2131 E PointerController: [updatePointerLocked:812] mLocked.presentationChanged = 0
07-11 19:27:02.487  1969  2131 E PointerController: [updatePointerLocked:813] mLocked.presentation = 3
07-11 19:27:02.487  1969  2131 E PointerController: [updatePointerLocked:814] mLocked.requestedPointerType = 1000
07-11 19:27:02.487  3005  3196 D GesturesBackController: onPointerEvent swipeStatus:2
07-11 19:27:02.487  3005  3196 D GesturesBackController: onPointerEvent MotionEvent.ACTION_MOVE processMiuiGestures
07-11 19:27:02.487  3005  3196 D GesturesBackController: mSwipeStatus != SWIPE_STATUS_ANIMATING, processPointerEvent
07-11 19:27:02.492  1969  2373 W InputDispatcher: checkSynergyInfo mode:0 info:0 0, id:-1
07-11 19:27:02.497  1969  2373 W InputDispatcher: checkSynergyInfo mode:0 info:0 0, id:-1
07-11 19:27:02.498  1969  2131 E PointerController: [doFadingAnimationLocked:632]
07-11 19:27:02.498  3005  3196 D GesturesBackController: onPointerEvent swipeStatus:2
07-11 19:27:02.498  3005  3196 D GesturesBackController: onPointerEvent MotionEvent.ACTION_MOVE processMiuiGestures
07-11 19:27:02.498  1969  2131 E PointerController: [updatePointerLocked:811] mLocked.pointerIconChanged = 0
07-11 19:27:02.498  1969  2131 E PointerController: [updatePointerLocked:812] mLocked.presentationChanged = 0
07-11 19:27:02.498  1969  2131 E PointerController: [updatePointerLocked:813] mLocked.presentation = 3
07-11 19:27:02.498  1969  2131 E PointerController: [updatePointerLocked:814] mLocked.requestedPointerType = 1000
07-11 19:27:02.498  3005  3196 D GesturesBackController: mSwipeStatus != SWIPE_STATUS_ANIMATING, processPointerEvent
07-11 19:27:02.503  1969  2373 W InputDispatcher: checkSynergyInfo mode:0 info:0 0, id:-1
07-11 19:27:02.508  1969  2373 W InputDispatcher: checkSynergyInfo mode:0 info:0 0, id:-1
07-11 19:27:02.509  1969  2131 E PointerController: [doFadingAnimationLocked:632]
07-11 19:27:02.509  1969  2131 E PointerController: [updatePointerLocked:811] mLocked.pointerIconChanged = 0
07-11 19:27:02.509  1969  2131 E PointerController: [updatePointerLocked:812] mLocked.presentationChanged = 0
07-11 19:27:02.509  1969  2131 E PointerController: [updatePointerLocked:813] mLocked.presentation = 3
07-11 19:27:02.509  1969  2131 E PointerController: [updatePointerLocked:814] mLocked.requestedPointerType = 1000
07-11 19:27:02.509  3005  3196 D GesturesBackController: onPointerEvent swipeStatus:2
07-11 19:27:02.509  3005  3196 D GesturesBackController: onPointerEvent MotionEvent.ACTION_MOVE processMiuiGestures
07-11 19:27:02.509  3005  3196 D GesturesBackController: mSwipeStatus != SWIPE_STATUS_ANIMATING, processPointerEvent
07-11 19:27:02.514  1969  2373 W InputDispatcher: checkSynergyInfo mode:0 info:0 0, id:-1
07-11 19:27:02.519  1969  2373 W InputDispatcher: checkSynergyInfo mode:0 info:0 0, id:-1
07-11 19:27:02.520  1969  2131 E PointerController: [doFadingAnimationLocked:632]
07-11 19:27:02.520  1969  2131 E PointerController: [updatePointerLocked:811] mLocked.pointerIconChanged = 0
07-11 19:27:02.520  1969  2131 E PointerController: [updatePointerLocked:812] mLocked.presentationChanged = 0
07-11 19:27:02.520  1969  2131 E PointerController: [updatePointerLocked:813] mLocked.presentation = 3
07-11 19:27:02.520  1969  2131 E PointerController: [updatePointerLocked:814] mLocked.requestedPointerType = 1000
07-11 19:27:02.520  3005  3196 D GesturesBackController: onPointerEvent swipeStatus:2
07-11 19:27:02.520  3005  3196 D GesturesBackController: onPointerEvent MotionEvent.ACTION_MOVE processMiuiGestures
07-11 19:27:02.520  3005  3196 D GesturesBackController: mSwipeStatus != SWIPE_STATUS_ANIMATING, processPointerEvent
07-11 19:27:02.525  1969  2373 W InputDispatcher: checkSynergyInfo mode:0 info:0 0, id:-1
07-11 19:27:02.526   910  2332 E CamX    : [ERROR][NCS    ] camxncsservice.cpp:594 EnqueueJob() Can not enqueue jobs when thread is stopped
07-11 19:27:02.527   910  2332 W CamX    : [ WARN][NCS    ] camxncsintfqsee.cpp:2263 FillSensorData() Buffer queue for sensor 10 has been freed: bufh=0x0, bufsize=360, stride=4
07-11 19:27:02.531  1969  2373 W InputDispatcher: checkSynergyInfo mode:0 info:0 0, id:-1
07-11 19:27:02.531  1969  2131 E PointerController: [doFadingAnimationLocked:632]
07-11 19:27:02.531  1969  2131 E PointerController: [updatePointerLocked:811] mLocked.pointerIconChanged = 0
07-11 19:27:02.531  1969  2131 E PointerController: [updatePointerLocked:812] mLocked.presentationChanged = 0
07-11 19:27:02.531  1969  2131 E PointerController: [updatePointerLocked:813] mLocked.presentation = 3
07-11 19:27:02.531  1969  2131 E PointerController: [updatePointerLocked:814] mLocked.requestedPointerType = 1000
07-11 19:27:02.532  3005  3196 D GesturesBackController: onPointerEvent swipeStatus:2
07-11 19:27:02.532  3005  3196 D GesturesBackController: onPointerEvent MotionEvent.ACTION_MOVE processMiuiGestures
07-11 19:27:02.532  3005  3196 D GesturesBackController: mSwipeStatus != SWIPE_STATUS_ANIMATING, processPointerEvent
07-11 19:27:02.536  1969  2373 W InputDispatcher: checkSynergyInfo mode:0 info:0 0, id:-1
07-11 19:27:02.541  1969  2373 W InputDispatcher: checkSynergyInfo mode:0 info:0 0, id:-1
07-11 19:27:02.542  1969  2131 E PointerController: [doFadingAnimationLocked:632]
07-11 19:27:02.542  1969  2131 E PointerController: [updatePointerLocked:811] mLocked.pointerIconChanged = 0
07-11 19:27:02.543  1969  2131 E PointerController: [updatePointerLocked:812] mLocked.presentationChanged = 0
07-11 19:27:02.543  1969  2131 E PointerController: [updatePointerLocked:813] mLocked.presentation = 3
07-11 19:27:02.543  1969  2131 E PointerController: [updatePointerLocked:814] mLocked.requestedPointerType = 1000
07-11 19:27:02.543  3005  3196 D GesturesBackController: onPointerEvent swipeStatus:2
07-11 19:27:02.543  3005  3196 D GesturesBackController: onPointerEvent MotionEvent.ACTION_MOVE processMiuiGestures
07-11 19:27:02.543  3005  3196 D GesturesBackController: mSwipeStatus != SWIPE_STATUS_ANIMATING, processPointerEvent
07-11 19:27:02.547  1969  2373 W InputDispatcher: checkSynergyInfo mode:0 info:0 0, id:-1
07-11 19:27:02.552  1969  2373 W InputDispatcher: checkSynergyInfo mode:0 info:0 0, id:-1
07-11 19:27:02.554  1969  2131 E PointerController: [doFadingAnimationLocked:632]
07-11 19:27:02.554  1969  2131 E PointerController: [updatePointerLocked:811] mLocked.pointerIconChanged = 0
07-11 19:27:02.554  1969  2131 E PointerController: [updatePointerLocked:812] mLocked.presentationChanged = 0
07-11 19:27:02.554  1969  2131 E PointerController: [updatePointerLocked:813] mLocked.presentation = 3
07-11 19:27:02.554  1969  2131 E PointerController: [updatePointerLocked:814] mLocked.requestedPointerType = 1000
07-11 19:27:02.554  3005  3196 D GesturesBackController: onPointerEvent swipeStatus:2
07-11 19:27:02.554  3005  3196 D GesturesBackController: onPointerEvent MotionEvent.ACTION_MOVE processMiuiGestures
07-11 19:27:02.554  3005  3196 D GesturesBackController: mSwipeStatus != SWIPE_STATUS_ANIMATING, processPointerEvent
07-11 19:27:02.558  1969  2373 W InputDispatcher: checkSynergyInfo mode:0 info:0 0, id:-1
07-11 19:27:02.563  1969  2373 W InputDispatcher: checkSynergyInfo mode:0 info:0 0, id:-1
07-11 19:27:02.565  1969  2131 E PointerController: [doFadingAnimationLocked:632]
07-11 19:27:02.565  1969  2131 E PointerController: [updatePointerLocked:811] mLocked.pointerIconChanged = 0
07-11 19:27:02.565  1969  2131 E PointerController: [updatePointerLocked:812] mLocked.presentationChanged = 0
07-11 19:27:02.565  1969  2131 E PointerController: [updatePointerLocked:813] mLocked.presentation = 3
07-11 19:27:02.565  1969  2131 E PointerController: [updatePointerLocked:814] mLocked.requestedPointerType = 1000
07-11 19:27:02.565  3005  3196 D GesturesBackController: onPointerEvent swipeStatus:2
07-11 19:27:02.565  3005  3196 D GesturesBackController: onPointerEvent MotionEvent.ACTION_MOVE processMiuiGestures
07-11 19:27:02.565  3005  3196 D GesturesBackController: mSwipeStatus != SWIPE_STATUS_ANIMATING, processPointerEvent
07-11 19:27:02.569  1969  2373 W InputDispatcher: checkSynergyInfo mode:0 info:0 0, id:-1
07-11 19:27:02.574  1969  2373 W InputDispatcher: checkSynergyInfo mode:0 info:0 0, id:-1
07-11 19:27:02.576  1969  2131 E PointerController: [doFadingAnimationLocked:632]
07-11 19:27:02.576  1969  2131 E PointerController: [updatePointerLocked:811] mLocked.pointerIconChanged = 0
07-11 19:27:02.576  1969  2131 E PointerController: [updatePointerLocked:812] mLocked.presentationChanged = 0
07-11 19:27:02.576  1969  2131 E PointerController: [updatePointerLocked:813] mLocked.presentation = 3
07-11 19:27:02.576  1969  2131 E PointerController: [updatePointerLocked:814] mLocked.requestedPointerType = 1000
07-11 19:27:02.576  3005  3196 D GesturesBackController: onPointerEvent swipeStatus:2
07-11 19:27:02.576  3005  3196 D GesturesBackController: onPointerEvent MotionEvent.ACTION_MOVE processMiuiGestures
07-11 19:27:02.576  3005  3196 D GesturesBackController: mSwipeStatus != SWIPE_STATUS_ANIMATING, processPointerEvent
07-11 19:27:02.580  1969  2373 W InputDispatcher: checkSynergyInfo mode:0 info:0 0, id:-1
07-11 19:27:02.585  1969  2373 W InputDispatcher: checkSynergyInfo mode:0 info:0 0, id:-1
07-11 19:27:02.587  1969  2131 E PointerController: [doFadingAnimationLocked:632]
07-11 19:27:02.587  1969  2131 E PointerController: [updatePointerLocked:811] mLocked.pointerIconChanged = 0
07-11 19:27:02.587  1969  2131 E PointerController: [updatePointerLocked:812] mLocked.presentationChanged = 0
07-11 19:27:02.587  1969  2131 E PointerController: [updatePointerLocked:813] mLocked.presentation = 3
07-11 19:27:02.587  1969  2131 E PointerController: [updatePointerLocked:814] mLocked.requestedPointerType = 1000
07-11 19:27:02.587  3005  3196 D GesturesBackController: onPointerEvent swipeStatus:2
07-11 19:27:02.587  3005  3196 D GesturesBackController: onPointerEvent MotionEvent.ACTION_MOVE processMiuiGestures
07-11 19:27:02.587  3005  3196 D GesturesBackController: mSwipeStatus != SWIPE_STATUS_ANIMATING, processPointerEvent
07-11 19:27:02.591  1969  2373 W InputDispatcher: checkSynergyInfo mode:0 info:0 0, id:-1
07-11 19:27:02.596  1969  2373 W InputDispatcher: checkSynergyInfo mode:0 info:0 0, id:-1
07-11 19:27:02.598  1969  2131 E PointerController: [doFadingAnimationLocked:632]
07-11 19:27:02.598  1969  2131 E PointerController: [updatePointerLocked:811] mLocked.pointerIconChanged = 0
07-11 19:27:02.598  1969  2131 E PointerController: [updatePointerLocked:812] mLocked.presentationChanged = 0
07-11 19:27:02.598  1969  2131 E PointerController: [updatePointerLocked:813] mLocked.presentation = 3
07-11 19:27:02.598  1969  2131 E PointerController: [updatePointerLocked:814] mLocked.requestedPointerType = 1000
07-11 19:27:02.598  3005  3196 D GesturesBackController: onPointerEvent swipeStatus:2
07-11 19:27:02.598  3005  3196 D GesturesBackController: onPointerEvent MotionEvent.ACTION_MOVE processMiuiGestures
07-11 19:27:02.598  3005  3196 D GesturesBackController: mSwipeStatus != SWIPE_STATUS_ANIMATING, processPointerEvent
07-11 19:27:02.602  1969  2373 W InputDispatcher: checkSynergyInfo mode:0 info:0 0, id:-1
07-11 19:27:02.608  1969  2373 W InputDispatcher: checkSynergyInfo mode:0 info:0 0, id:-1
07-11 19:27:02.609  1969  2131 E PointerController: [doFadingAnimationLocked:632]
07-11 19:27:02.609  1969  2131 E PointerController: [updatePointerLocked:811] mLocked.pointerIconChanged = 0
07-11 19:27:02.609  1969  2131 E PointerController: [updatePointerLocked:812] mLocked.presentationChanged = 0
07-11 19:27:02.609  1969  2131 E PointerController: [updatePointerLocked:813] mLocked.presentation = 3
07-11 19:27:02.609  1969  2131 E PointerController: [updatePointerLocked:814] mLocked.requestedPointerType = 1000
07-11 19:27:02.610  3005  3196 D GesturesBackController: onPointerEvent swipeStatus:2
07-11 19:27:02.610  3005  3196 D GesturesBackController: onPointerEvent MotionEvent.ACTION_MOVE processMiuiGestures
07-11 19:27:02.610  3005  3196 D GesturesBackController: mSwipeStatus != SWIPE_STATUS_ANIMATING, processPointerEvent
07-11 19:27:02.620  3005  3196 D GesturesBackController: onPointerEvent swipeStatus:2
07-11 19:27:02.620  3005  3196 D GesturesBackController: onPointerEvent MotionEvent.ACTION_MOVE processMiuiGestures
07-11 19:27:02.620  1969  2374 D MIUIInput: [MotionEvent] notifyMotion - eventTime=535814298677000, deviceId=3, source=0x1002, policyFlags=0x0, action=0x1, flags=0x0, downTime=535813310664000, moveCount:171
07-11 19:27:02.620  3005  3196 D GesturesBackController: mSwipeStatus != SWIPE_STATUS_ANIMATING, processPointerEvent
07-11 19:27:02.621  1969  2373 W InputDispatcher: checkSynergyInfo mode:0 info:0 0, id:-1
