11-16 16:51:55.878  4088 17536 I HwCommandQueue: updateBarBgColor
11-16 16:51:55.878  4088 17536 D HwCommandQueue: CommandQueue, setBarBackgroundColor
11-16 16:51:55.879  4088 23004 D HwCommandQueue: CommandQueue, set Launcher StatusBar Color
11-16 16:51:55.979 29205 29205 D ActivityThread: Won't deliver top position change in state=5
11-16 16:51:56.005  4088 13407 D HwCommandQueue: CommandQueue, set Launcher StatusBar Color
11-16 16:51:56.034  4439  5396 I HwNetworkPolicyManager: getHwUidPolicy uid = 10231 policy = 0
11-16 16:51:56.037 29205 29205 I RtgSchedEvent: current pid:29205 AppType:7
11-16 16:51:56.041  4667  4954 E BoosterUtil: convertSubIdToSlotId failed, subId:0, slotId:-1
11-16 16:51:56.041  4667  4954 E BoosterUtil: getDefaultDataSlotId failed, invalid slotId:-1, subId:0
11-16 16:51:56.042  4667  4954 I UidCloseNrStateMachine: setConfigValue, appConfig is AppConfig packageName:None mPeriodM:5 mPeriodN:3 mThresholdX:32000 mThresholdY:56000 mTimerA:30 mTimerB:30 mCloseNrCount:7 mLteQoeTimerA:10 mLteQoeCloseNrCnt:4 mLteQoeOpenNrCnt:4
11-16 16:51:56.042  4667  4954 I UidCloseNrStateMachine: UID hot switch, uid:10231, pkgName:cn.missevan
11-16 16:51:56.042  4667  4954 I NetworkQoeChr: checkForegroundApp timer end
11-16 16:51:56.042  4667  4954 E Booster_NetworkQoe: [checkModemParaCollecEnable]sendModemParaCollecEnable invalid defaultDataSlotId=-1
11-16 16:51:56.045  4088  4588 I HwCommandQueue: updateBarBgColor
11-16 16:51:56.045  4088  4588 D HwCommandQueue: CommandQueue, setBarBackgroundColor
11-16 16:51:56.055  4667  4954 E Booster_BroadcastProxy: [isDataOn]isDataOn failed, invalid slotId=-1
11-16 16:51:56.059  4667  4954 I SmartDualCardConfig: getAppType,pkgName=cn.missevan,appType=7
11-16 16:51:56.059  4667  4954 E SmartDualCardConfig: isAppInBlackList false,items==null
11-16 16:51:56.059  4667  4954 I BoosterProps: isCloudPropEnable, propName is:hw_sc.tx_power_ctrl, propValue is:false, default value is:false
11-16 16:51:56.060  4667  4954 I PowerMsgAdapter: UID hot switch, uid:10231, pkgName:cn.missevan
11-16 16:51:56.060  4667  4954 E Booster_MatterAppRecommend: [isMatterPackage]invalid mMatterPackagesConfig
11-16 16:51:56.061  4667  4954 E BoosterUtil: convertSubIdToSlotId failed, subId:0, slotId:-1
11-16 16:51:56.061  4667  4954 E BoosterUtil: getDefaultDataSlotId failed, invalid slotId:-1, subId:0
11-16 16:51:56.061  4667  4954 I BoosterProps: isCloudPropEnable, propName is:hw_sc.sa_4r_2r_handover, propValue is:true, default value is:false
11-16 16:51:56.061  4667  4954 I Power2r4rHandover: 4rTo2rCondition, usbStatus = true, foreGrountApp = cn.missevan, 4rTo2rCtrlRule = 1, is4rTo2rCheck = false, batteryMode = 1, mIs4r2rHandover = false
11-16 16:51:56.360  4667  4954 I SmartDualCardConfig: getAppType,pkgName=com.huawei.android.launcher,appType=28
11-16 16:51:56.360  4667  4954 E SmartDualCardConfig: isAppInBlackList false,items==null
11-16 16:51:56.360  4667  4954 E ScgQuickAddManager: uidInfo.isForeGroundUid() is false
11-16 16:51:57.078  4667  4954 E BoosterUtil: convertSubIdToSlotId failed, subId:0, slotId:-1
11-16 16:51:57.078  4667  4954 E BoosterUtil: getDefaultDataSlotId failed, invalid slotId:-1, subId:0
11-16 16:51:57.124 30244 30244 W HwApsManager: HwApsManagerService, registerCallback, start !
11-16 16:51:58.102  4667  4954 E BoosterUtil: convertSubIdToSlotId failed, subId:0, slotId:-1
11-16 16:51:58.102  4667  4954 E BoosterUtil: getDefaultDataSlotId failed, invalid slotId:-1, subId:0
11-16 16:51:58.786  2010  6413 I chatty  : uid=1000(system) Binder:2010_1C expire 15 lines
11-16 16:51:59.131  4667  4954 E BoosterUtil: convertSubIdToSlotId failed, subId:0, slotId:-1
11-16 16:51:59.132  4667  4954 E BoosterUtil: getDefaultDataSlotId failed, invalid slotId:-1, subId:0
11-16 16:52:00.150  4667  4954 E BoosterUtil: convertSubIdToSlotId failed, subId:0, slotId:-1
11-16 16:52:00.150  4667  4954 E BoosterUtil: getDefaultDataSlotId failed, invalid slotId:-1, subId:0
11-16 16:52:01.158  4088  4588 D HwCommandQueue: CommandQueue, set Launcher StatusBar Color
11-16 16:52:01.175  4667  4954 E BoosterUtil: convertSubIdToSlotId failed, subId:0, slotId:-1
11-16 16:52:01.175  4667  4954 E BoosterUtil: getDefaultDataSlotId failed, invalid slotId:-1, subId:0
11-16 16:52:02.207  4667  4954 E BoosterUtil: convertSubIdToSlotId failed, subId:0, slotId:-1
11-16 16:52:02.207  4667  4954 E BoosterUtil: getDefaultDataSlotId failed, invalid slotId:-1, subId:0
11-16 16:52:02.276  4088 17536 D HwCommandQueue: CommandQueue, set Launcher StatusBar Color
11-16 16:52:02.322  4088  4588 D HwCommandQueue: CommandQueue, set Launcher StatusBar Color
11-16 16:52:03.224  4667  4954 E BoosterUtil: convertSubIdToSlotId failed, subId:0, slotId:-1
11-16 16:52:03.224  4667  4954 E BoosterUtil: getDefaultDataSlotId failed, invalid slotId:-1, subId:0
11-16 16:52:03.693  9372  9372 I ActivityThread: Handle window ActivityRecord{987fcd4 token=android.os.BinderProxy@1d5be79 {com.huawei.android.launcher/com.huawei.android.launcher.unihome.UniHomeLauncher}} visibility: true
11-16 16:52:03.707  2010  5442 I chatty  : uid=1000(system) Binder:2010_12 expire 11 lines
11-16 16:52:03.729  2010  2623 I chatty  : uid=1000(system) android.display expire 14 lines
11-16 16:52:03.730  2010  2786 I chatty  : uid=1000(system) sManagerService expire 6 lines
11-16 16:52:03.742 29205 29205 I ViewRootImpl: dispatchDetachedFromWindow in doDie
11-16 16:52:03.746  2010  6387 I chatty  : uid=1000(system) Binder:2010_16 expire 10 lines
11-16 16:52:03.748  4439  5343 I HwNetworkPolicyManager: getHwUidPolicy uid = 10096 policy = 0
11-16 16:52:03.749  4088 17536 I HwCommandQueue: updateBarBgColor
11-16 16:52:03.749  4088 17536 D HwCommandQueue: CommandQueue, setBarBackgroundColor
11-16 16:52:03.749  2010  2621 I chatty  : uid=1000(system) android.ui expire 12 lines
11-16 16:52:03.750  4088 17536 D HwCommandQueue: CommandQueue, set Launcher StatusBar Color
11-16 16:52:03.753  4088 17536 D HwCommandQueue: CommandQueue, set Launcher StatusBar Color
11-16 16:52:03.762  2010  2624 I chatty  : uid=1000(system) android.anim expire 27 lines
11-16 16:52:03.772  2010  6392 I chatty  : uid=1000(system) Binder:2010_19 expire 7 lines
11-16 16:52:04.245  4667  4954 E BoosterUtil: convertSubIdToSlotId failed, subId:0, slotId:-1
11-16 16:52:04.245  4667  4954 E BoosterUtil: getDefaultDataSlotId failed, invalid slotId:-1, subId:0
11-16 16:52:04.545  4088 13407 D HwCommandQueue: CommandQueue, set Launcher StatusBar Color
11-16 16:52:04.554 29205 29205 I ViewRootImpl: dispatchDetachedFromWindow in doDie
11-16 16:52:04.563  4088 13407 I HwCommandQueue: updateBarBgColor
11-16 16:52:04.563  4088 13407 D HwCommandQueue: CommandQueue, setBarBackgroundColor
11-16 16:52:04.564  4088 13407 D HwCommandQueue: CommandQueue, set Launcher StatusBar Color
11-16 16:52:04.588  4088  4588 D HwCommandQueue: CommandQueue, set Launcher StatusBar Color
11-16 16:52:05.270  4667  4954 E BoosterUtil: convertSubIdToSlotId failed, subId:0, slotId:-1
11-16 16:52:05.270  4667  4954 E BoosterUtil: getDefaultDataSlotId failed, invalid slotId:-1, subId:0
11-16 16:52:05.505  2010  2789 I chatty  : uid=1000(system) GestureNavManag expire 10 lines
11-16 16:52:05.773  2010  2010 I chatty  : uid=1000(system) Binder:2010_F expire 10 lines
11-16 16:52:05.773 29205 29205 I ViewRootImpl: dispatchDetachedFromWindow in doDie
11-16 16:52:05.794  2010  2747 I chatty  : uid=1000(system) Binder:2010_3 expire 17 lines
11-16 16:52:05.926  2010  2653 I chatty  : uid=1000(system) PowerManagerSer expire 15 lines
11-16 16:52:05.953  2010  3876 I chatty  : uid=1000(system) NetworkStats expire 18 lines
11-16 16:52:06.296  4667  4954 E BoosterUtil: convertSubIdToSlotId failed, subId:0, slotId:-1
11-16 16:52:06.296  4667  4954 E BoosterUtil: getDefaultDataSlotId failed, invalid slotId:-1, subId:0
11-16 16:52:07.322  4667  4954 E BoosterUtil: convertSubIdToSlotId failed, subId:0, slotId:-1
11-16 16:52:07.322  4667  4954 E BoosterUtil: getDefaultDataSlotId failed, invalid slotId:-1, subId:0
11-16 16:52:08.344  4667  4954 E BoosterUtil: convertSubIdToSlotId failed, subId:0, slotId:-1
11-16 16:52:08.344  4667  4954 E BoosterUtil: getDefaultDataSlotId failed, invalid slotId:-1, subId:0
11-16 16:52:09.372  4667  4954 E BoosterUtil: convertSubIdToSlotId failed, subId:0, slotId:-1
11-16 16:52:09.372  4667  4954 E BoosterUtil: getDefaultDataSlotId failed, invalid slotId:-1, subId:0
11-16 16:52:09.990  2010  2752 I chatty  : uid=1000(system) UEventObserver expire 18 lines
11-16 16:52:10.390  4667  4954 E BoosterUtil: convertSubIdToSlotId failed, subId:0, slotId:-1
11-16 16:52:10.390  4667  4954 E BoosterUtil: getDefaultDataSlotId failed, invalid slotId:-1, subId:0
11-16 16:52:11.414  4667  4954 E BoosterUtil: convertSubIdToSlotId failed, subId:0, slotId:-1
11-16 16:52:11.414  4667  4954 E BoosterUtil: getDefaultDataSlotId failed, invalid slotId:-1, subId:0
11-16 16:52:12.440  4667  4954 E BoosterUtil: convertSubIdToSlotId failed, subId:0, slotId:-1
11-16 16:52:12.441  4667  4954 E BoosterUtil: getDefaultDataSlotId failed, invalid slotId:-1, subId:0
11-16 16:52:13.466  4667  4954 E BoosterUtil: convertSubIdToSlotId failed, subId:0, slotId:-1
11-16 16:52:13.466  4667  4954 E BoosterUtil: getDefaultDataSlotId failed, invalid slotId:-1, subId:0
11-16 16:52:14.488  4667  4954 E BoosterUtil: convertSubIdToSlotId failed, subId:0, slotId:-1
11-16 16:52:14.488  4667  4954 E BoosterUtil: getDefaultDataSlotId failed, invalid slotId:-1, subId:0
11-16 16:52:15.202  2010  2620 I chatty  : uid=1000(system) android.fg expire 12 lines
11-16 16:52:15.512  4667  4954 E BoosterUtil: convertSubIdToSlotId failed, subId:0, slotId:-1
11-16 16:52:15.512  4667  4954 E BoosterUtil: getDefaultDataSlotId failed, invalid slotId:-1, subId:0
11-16 16:52:16.276  2010 11971 I chatty  : uid=1000(system) MobileQosDetect expire 11 lines
11-16 16:52:16.537  4667  4954 E BoosterUtil: convertSubIdToSlotId failed, subId:0, slotId:-1
11-16 16:52:16.537  4667  4954 E BoosterUtil: getDefaultDataSlotId failed, invalid slotId:-1, subId:0
11-16 16:52:17.568  4667  4954 E BoosterUtil: convertSubIdToSlotId failed, subId:0, slotId:-1
11-16 16:52:17.568  4667  4954 E BoosterUtil: getDefaultDataSlotId failed, invalid slotId:-1, subId:0
11-16 16:52:18.584  4667  4954 E BoosterUtil: convertSubIdToSlotId failed, subId:0, slotId:-1
11-16 16:52:18.584  4667  4954 E BoosterUtil: getDefaultDataSlotId failed, invalid slotId:-1, subId:0
11-16 16:52:19.610  4667  4954 E BoosterUtil: convertSubIdToSlotId failed, subId:0, slotId:-1
11-16 16:52:19.610  4667  4954 E BoosterUtil: getDefaultDataSlotId failed, invalid slotId:-1, subId:0
11-16 16:52:20.632  4667  4954 E BoosterUtil: convertSubIdToSlotId failed, subId:0, slotId:-1
11-16 16:52:20.632  4667  4954 E BoosterUtil: getDefaultDataSlotId failed, invalid slotId:-1, subId:0
11-16 16:52:21.657  4667  4954 E BoosterUtil: convertSubIdToSlotId failed, subId:0, slotId:-1
11-16 16:52:21.657  4667  4954 E BoosterUtil: getDefaultDataSlotId failed, invalid slotId:-1, subId:0
11-16 16:52:22.680  4667  4954 E BoosterUtil: convertSubIdToSlotId failed, subId:0, slotId:-1
11-16 16:52:22.680  4667  4954 E BoosterUtil: getDefaultDataSlotId failed, invalid slotId:-1, subId:0
11-16 16:52:23.706  4667  4954 E BoosterUtil: convertSubIdToSlotId failed, subId:0, slotId:-1
11-16 16:52:23.706  4667  4954 E BoosterUtil: getDefaultDataSlotId failed, invalid slotId:-1, subId:0
11-16 16:52:24.729  4667  4954 E BoosterUtil: convertSubIdToSlotId failed, subId:0, slotId:-1
11-16 16:52:24.729  4667  4954 E BoosterUtil: getDefaultDataSlotId failed, invalid slotId:-1, subId:0
11-16 16:52:25.753  4667  4954 E BoosterUtil: convertSubIdToSlotId failed, subId:0, slotId:-1
11-16 16:52:25.753  4667  4954 E BoosterUtil: getDefaultDataSlotId failed, invalid slotId:-1, subId:0
11-16 16:52:26.777  4667  4954 E BoosterUtil: convertSubIdToSlotId failed, subId:0, slotId:-1
11-16 16:52:26.777  4667  4954 E BoosterUtil: getDefaultDataSlotId failed, invalid slotId:-1, subId:0
11-16 16:52:27.803  4667  4954 E BoosterUtil: convertSubIdToSlotId failed, subId:0, slotId:-1
11-16 16:52:27.803  4667  4954 E BoosterUtil: getDefaultDataSlotId failed, invalid slotId:-1, subId:0
11-16 16:52:28.824  4667  4954 E BoosterUtil: convertSubIdToSlotId failed, subId:0, slotId:-1
11-16 16:52:28.824  4667  4954 E BoosterUtil: getDefaultDataSlotId failed, invalid slotId:-1, subId:0
11-16 16:52:29.735  2010  6398 I chatty  : uid=1000(system) Binder:2010_1B expire 10 lines
11-16 16:52:29.849  4667  4954 E BoosterUtil: convertSubIdToSlotId failed, subId:0, slotId:-1
11-16 16:52:29.849  4667  4954 E BoosterUtil: getDefaultDataSlotId failed, invalid slotId:-1, subId:0
11-16 16:52:30.876  4667  4954 E BoosterUtil: convertSubIdToSlotId failed, subId:0, slotId:-1
11-16 16:52:30.876  4667  4954 E BoosterUtil: getDefaultDataSlotId failed, invalid slotId:-1, subId:0
11-16 16:52:31.897  4667  4954 E BoosterUtil: convertSubIdToSlotId failed, subId:0, slotId:-1
11-16 16:52:31.898  4667  4954 E BoosterUtil: getDefaultDataSlotId failed, invalid slotId:-1, subId:0
11-16 16:52:32.924  4667  4954 E BoosterUtil: convertSubIdToSlotId failed, subId:0, slotId:-1
11-16 16:52:32.924  4667  4954 E BoosterUtil: getDefaultDataSlotId failed, invalid slotId:-1, subId:0
11-16 16:52:33.946  4667  4954 E BoosterUtil: convertSubIdToSlotId failed, subId:0, slotId:-1
11-16 16:52:33.946  4667  4954 E BoosterUtil: getDefaultDataSlotId failed, invalid slotId:-1, subId:0
11-16 16:52:34.974  4667  4954 E BoosterUtil: convertSubIdToSlotId failed, subId:0, slotId:-1
11-16 16:52:34.974  4667  4954 E BoosterUtil: getDefaultDataSlotId failed, invalid slotId:-1, subId:0
11-16 16:52:35.994  4667  4954 E BoosterUtil: convertSubIdToSlotId failed, subId:0, slotId:-1
11-16 16:52:35.995  4667  4954 E BoosterUtil: getDefaultDataSlotId failed, invalid slotId:-1, subId:0
11-16 16:52:37.016  4667  4954 E BoosterUtil: convertSubIdToSlotId failed, subId:0, slotId:-1
11-16 16:52:37.016  4667  4954 E BoosterUtil: getDefaultDataSlotId failed, invalid slotId:-1, subId:0
11-16 16:52:38.042  4667  4954 E BoosterUtil: convertSubIdToSlotId failed, subId:0, slotId:-1
11-16 16:52:38.042  4667  4954 E BoosterUtil: getDefaultDataSlotId failed, invalid slotId:-1, subId:0
11-16 16:52:39.065  4667  4954 E BoosterUtil: convertSubIdToSlotId failed, subId:0, slotId:-1
11-16 16:52:39.065  4667  4954 E BoosterUtil: getDefaultDataSlotId failed, invalid slotId:-1, subId:0
11-16 16:52:39.805  1046  1131 I storaged: storaged_t::event: storage_info refreshed.
11-16 16:52:40.090  4667  4954 E BoosterUtil: convertSubIdToSlotId failed, subId:0, slotId:-1
11-16 16:52:40.091  4667  4954 E BoosterUtil: getDefaultDataSlotId failed, invalid slotId:-1, subId:0
11-16 16:52:41.113  4667  4954 E BoosterUtil: convertSubIdToSlotId failed, subId:0, slotId:-1
11-16 16:52:41.113  4667  4954 E BoosterUtil: getDefaultDataSlotId failed, invalid slotId:-1, subId:0
11-16 16:52:42.139  4667  4954 E BoosterUtil: convertSubIdToSlotId failed, subId:0, slotId:-1
11-16 16:52:42.140  4667  4954 E BoosterUtil: getDefaultDataSlotId failed, invalid slotId:-1, subId:0
11-16 16:52:43.161  4667  4954 E BoosterUtil: convertSubIdToSlotId failed, subId:0, slotId:-1
11-16 16:52:43.161  4667  4954 E BoosterUtil: getDefaultDataSlotId failed, invalid slotId:-1, subId:0
11-16 16:52:44.024  2010  2653 I chatty  : uid=1000(system) PowerManagerSer expire 28 lines
11-16 16:52:44.183  4667  4954 E BoosterUtil: convertSubIdToSlotId failed, subId:0, slotId:-1
11-16 16:52:44.183  4667  4954 E BoosterUtil: getDefaultDataSlotId failed, invalid slotId:-1, subId:0
11-16 16:52:44.831  2010  6413 I chatty  : uid=1000(system) Binder:2010_1C expire 12 lines
11-16 16:52:45.210  4667  4954 E BoosterUtil: convertSubIdToSlotId failed, subId:0, slotId:-1
11-16 16:52:45.210  4667  4954 E BoosterUtil: getDefaultDataSlotId failed, invalid slotId:-1, subId:0
11-16 16:52:46.234  4667  4954 E BoosterUtil: convertSubIdToSlotId failed, subId:0, slotId:-1
11-16 16:52:46.234  4667  4954 E BoosterUtil: getDefaultDataSlotId failed, invalid slotId:-1, subId:0
11-16 16:52:47.256  4667  4954 E BoosterUtil: convertSubIdToSlotId failed, subId:0, slotId:-1
11-16 16:52:47.256  4667  4954 E BoosterUtil: getDefaultDataSlotId failed, invalid slotId:-1, subId:0
11-16 16:52:48.281  4667  4954 E BoosterUtil: convertSubIdToSlotId failed, subId:0, slotId:-1
11-16 16:52:48.281  4667  4954 E BoosterUtil: getDefaultDataSlotId failed, invalid slotId:-1, subId:0
11-16 16:52:49.304  4667  4954 E BoosterUtil: convertSubIdToSlotId failed, subId:0, slotId:-1
11-16 16:52:49.304  4667  4954 E BoosterUtil: getDefaultDataSlotId failed, invalid slotId:-1, subId:0
11-16 16:52:50.331  4667  4954 E BoosterUtil: convertSubIdToSlotId failed, subId:0, slotId:-1
11-16 16:52:50.331  4667  4954 E BoosterUtil: getDefaultDataSlotId failed, invalid slotId:-1, subId:0
11-16 16:52:51.357  4667  4954 E BoosterUtil: convertSubIdToSlotId failed, subId:0, slotId:-1
11-16 16:52:51.358  4667  4954 E BoosterUtil: getDefaultDataSlotId failed, invalid slotId:-1, subId:0
11-16 16:52:52.379  4667  4954 E BoosterUtil: convertSubIdToSlotId failed, subId:0, slotId:-1
11-16 16:52:52.379  4667  4954 E BoosterUtil: getDefaultDataSlotId failed, invalid slotId:-1, subId:0
11-16 16:52:53.401  4667  4954 E BoosterUtil: convertSubIdToSlotId failed, subId:0, slotId:-1
11-16 16:52:53.401  4667  4954 E BoosterUtil: getDefaultDataSlotId failed, invalid slotId:-1, subId:0
11-16 16:52:54.430  4667  4954 E BoosterUtil: convertSubIdToSlotId failed, subId:0, slotId:-1
11-16 16:52:54.430  4667  4954 E BoosterUtil: getDefaultDataSlotId failed, invalid slotId:-1, subId:0
11-16 16:52:55.152  2010  2653 I chatty  : uid=1000(system) PowerManagerSer expire 21 lines
11-16 16:52:55.187  2010  3881 I chatty  : uid=1000(system) WifiP2pService expire 33 lines
11-16 16:52:55.449  4667  4954 E BoosterUtil: convertSubIdToSlotId failed, subId:0, slotId:-1
11-16 16:52:55.449  4667  4954 E BoosterUtil: getDefaultDataSlotId failed, invalid slotId:-1, subId:0
11-16 16:52:56.473  4667  4954 E BoosterUtil: convertSubIdToSlotId failed, subId:0, slotId:-1
11-16 16:52:56.473  4667  4954 E BoosterUtil: getDefaultDataSlotId failed, invalid slotId:-1, subId:0
11-16 16:52:57.498  4667  4954 E BoosterUtil: convertSubIdToSlotId failed, subId:0, slotId:-1
11-16 16:52:57.498  4667  4954 E BoosterUtil: getDefaultDataSlotId failed, invalid slotId:-1, subId:0
11-16 16:52:58.522  4667  4954 E BoosterUtil: convertSubIdToSlotId failed, subId:0, slotId:-1
11-16 16:52:58.523  4667  4954 E BoosterUtil: getDefaultDataSlotId failed, invalid slotId:-1, subId:0
11-16 16:52:59.544  4667  4954 E BoosterUtil: convertSubIdToSlotId failed, subId:0, slotId:-1
11-16 16:52:59.544  4667  4954 E BoosterUtil: getDefaultDataSlotId failed, invalid slotId:-1, subId:0
11-16 16:53:00.322  2010 11971 I chatty  : uid=1000(system) MobileQosDetect expire 10 lines
11-16 16:53:00.573  4667  4954 E BoosterUtil: convertSubIdToSlotId failed, subId:0, slotId:-1
11-16 16:53:00.573  4667  4954 E BoosterUtil: getDefaultDataSlotId failed, invalid slotId:-1, subId:0
11-16 16:53:01.594  4667  4954 E BoosterUtil: convertSubIdToSlotId failed, subId:0, slotId:-1
11-16 16:53:01.594  4667  4954 E BoosterUtil: getDefaultDataSlotId failed, invalid slotId:-1, subId:0
11-16 16:53:02.617  4667  4954 E BoosterUtil: convertSubIdToSlotId failed, subId:0, slotId:-1
11-16 16:53:02.617  4667  4954 E BoosterUtil: getDefaultDataSlotId failed, invalid slotId:-1, subId:0
11-16 16:53:02.951  2010  6398 I chatty  : uid=1000(system) Binder:2010_1B expire 11 lines
11-16 16:53:03.643  4667  4954 E BoosterUtil: convertSubIdToSlotId failed, subId:0, slotId:-1
11-16 16:53:03.643  4667  4954 E BoosterUtil: getDefaultDataSlotId failed, invalid slotId:-1, subId:0
11-16 16:53:04.665  4667  4954 E BoosterUtil: convertSubIdToSlotId failed, subId:0, slotId:-1
11-16 16:53:04.665  4667  4954 E BoosterUtil: getDefaultDataSlotId failed, invalid slotId:-1, subId:0
11-16 16:53:05.689  4667  4954 E BoosterUtil: convertSubIdToSlotId failed, subId:0, slotId:-1
11-16 16:53:05.689  4667  4954 E BoosterUtil: getDefaultDataSlotId failed, invalid slotId:-1, subId:0
11-16 16:53:06.147  2010  2653 I chatty  : uid=1000(system) PowerManagerSer expire 66 lines
11-16 16:53:06.179  2010  3881 I chatty  : uid=1000(system) WifiP2pService expire 33 lines
11-16 16:53:06.714  4667  4954 E BoosterUtil: convertSubIdToSlotId failed, subId:0, slotId:-1
11-16 16:53:06.714  4667  4954 E BoosterUtil: getDefaultDataSlotId failed, invalid slotId:-1, subId:0
11-16 16:53:07.737  4667  4954 E BoosterUtil: convertSubIdToSlotId failed, subId:0, slotId:-1
11-16 16:53:07.737  4667  4954 E BoosterUtil: getDefaultDataSlotId failed, invalid slotId:-1, subId:0
11-16 16:53:08.761  4667  4954 E BoosterUtil: convertSubIdToSlotId failed, subId:0, slotId:-1
11-16 16:53:08.761  4667  4954 E BoosterUtil: getDefaultDataSlotId failed, invalid slotId:-1, subId:0
11-16 16:53:09.783  4667  4954 E BoosterUtil: convertSubIdToSlotId failed, subId:0, slotId:-1
11-16 16:53:09.783  4667  4954 E BoosterUtil: getDefaultDataSlotId failed, invalid slotId:-1, subId:0
11-16 16:53:10.811  4667  4954 E BoosterUtil: convertSubIdToSlotId failed, subId:0, slotId:-1
11-16 16:53:10.811  4667  4954 E BoosterUtil: getDefaultDataSlotId failed, invalid slotId:-1, subId:0
11-16 16:53:11.836  4667  4954 E BoosterUtil: convertSubIdToSlotId failed, subId:0, slotId:-1
11-16 16:53:11.836  4667  4954 E BoosterUtil: getDefaultDataSlotId failed, invalid slotId:-1, subId:0
11-16 16:53:12.859  4667  4954 E BoosterUtil: convertSubIdToSlotId failed, subId:0, slotId:-1
11-16 16:53:12.859  4667  4954 E BoosterUtil: getDefaultDataSlotId failed, invalid slotId:-1, subId:0
11-16 16:53:12.915  2010  2624 I chatty  : uid=1000(system) android.anim expire 12 lines
11-16 16:53:13.885  4667  4954 E BoosterUtil: convertSubIdToSlotId failed, subId:0, slotId:-1
11-16 16:53:13.885  4667  4954 E BoosterUtil: getDefaultDataSlotId failed, invalid slotId:-1, subId:0
11-16 16:53:14.904  4667  4954 E BoosterUtil: convertSubIdToSlotId failed, subId:0, slotId:-1
11-16 16:53:14.904  4667  4954 E BoosterUtil: getDefaultDataSlotId failed, invalid slotId:-1, subId:0
11-16 16:53:15.933  4667  4954 E BoosterUtil: convertSubIdToSlotId failed, subId:0, slotId:-1
11-16 16:53:15.933  4667  4954 E BoosterUtil: getDefaultDataSlotId failed, invalid slotId:-1, subId:0
11-16 16:53:16.612  2010  2789 I chatty  : uid=1000(system) GestureNavManag expire 2 lines
11-16 16:53:16.951  4667  4954 E BoosterUtil: convertSubIdToSlotId failed, subId:0, slotId:-1
11-16 16:53:16.951  4667  4954 E BoosterUtil: getDefaultDataSlotId failed, invalid slotId:-1, subId:0
11-16 16:53:17.156  2010  3881 I chatty  : uid=1000(system) WifiP2pService expire 33 lines
11-16 16:53:17.974  4667  4954 E BoosterUtil: convertSubIdToSlotId failed, subId:0, slotId:-1
11-16 16:53:17.974  4667  4954 E BoosterUtil: getDefaultDataSlotId failed, invalid slotId:-1, subId:0
11-16 16:53:18.312 29205 29205 I ViewRootImpl: dispatchDetachedFromWindow in doDie
11-16 16:53:18.568  2010  2781 I chatty  : uid=1000(system) AlarmManager expire 2 lines
11-16 16:53:18.999  4667  4954 E BoosterUtil: convertSubIdToSlotId failed, subId:0, slotId:-1
11-16 16:53:18.999  4667  4954 E BoosterUtil: getDefaultDataSlotId failed, invalid slotId:-1, subId:0
11-16 16:53:20.022  4667  4954 E BoosterUtil: convertSubIdToSlotId failed, subId:0, slotId:-1
11-16 16:53:20.022  4667  4954 E BoosterUtil: getDefaultDataSlotId failed, invalid slotId:-1, subId:0
11-16 16:53:21.049  4667  4954 E BoosterUtil: convertSubIdToSlotId failed, subId:0, slotId:-1
11-16 16:53:21.049  4667  4954 E BoosterUtil: getDefaultDataSlotId failed, invalid slotId:-1, subId:0
11-16 16:53:22.071  4667  4954 E BoosterUtil: convertSubIdToSlotId failed, subId:0, slotId:-1
11-16 16:53:22.071  4667  4954 E BoosterUtil: getDefaultDataSlotId failed, invalid slotId:-1, subId:0
11-16 16:53:23.094  2010  5442 I chatty  : uid=1000(system) Binder:2010_12 expire 28 lines
11-16 16:53:23.099  4667  4954 E BoosterUtil: convertSubIdToSlotId failed, subId:0, slotId:-1
11-16 16:53:23.099  4667  4954 E BoosterUtil: getDefaultDataSlotId failed, invalid slotId:-1, subId:0
11-16 16:53:23.110  2010  3903 I chatty  : uid=1000(system) Thread-6 expire 8 lines
11-16 16:53:23.110  2010  2633 I chatty  : uid=1000(system) HwActivityTaskM expire 2 lines
11-16 16:53:24.114  4667  4667 I HwCoreAppHelperService: LocalReceiver receives:android.intent.action.PACKAGE_RESTARTED,pkg:io.appium.uiautomator2.server.test,uid:10234
11-16 16:53:24.121  4667  4954 E BoosterUtil: convertSubIdToSlotId failed, subId:0, slotId:-1
11-16 16:53:24.121  4667  4954 E BoosterUtil: getDefaultDataSlotId failed, invalid slotId:-1, subId:0
11-16 16:53:24.589 30607 30607 D ActivityThread: Attach thread to application
11-16 16:53:24.603 30607 30626 I ActivityThread: Init compatible state: true
11-16 16:53:25.026 30607 30607 I ActivityThread: finishPreloaded preloadStatus 0
11-16 16:53:25.146  4667  4954 E BoosterUtil: convertSubIdToSlotId failed, subId:0, slotId:-1
11-16 16:53:25.146  4667  4954 E BoosterUtil: getDefaultDataSlotId failed, invalid slotId:-1, subId:0
11-16 16:53:26.171  4667  4954 E BoosterUtil: convertSubIdToSlotId failed, subId:0, slotId:-1
11-16 16:53:26.171  4667  4954 E BoosterUtil: getDefaultDataSlotId failed, invalid slotId:-1, subId:0
11-16 16:53:27.192  4667  4954 E BoosterUtil: convertSubIdToSlotId failed, subId:0, slotId:-1
11-16 16:53:27.192  4667  4954 E BoosterUtil: getDefaultDataSlotId failed, invalid slotId:-1, subId:0
11-16 16:53:28.120  2010  2653 I chatty  : uid=1000(system) PowerManagerSer expire 53 lines
11-16 16:53:28.156  2010  3881 I chatty  : uid=1000(system) WifiP2pService expire 45 lines
11-16 16:53:28.213  4667  4954 E BoosterUtil: convertSubIdToSlotId failed, subId:0, slotId:-1
11-16 16:53:28.213  4667  4954 E BoosterUtil: getDefaultDataSlotId failed, invalid slotId:-1, subId:0
11-16 16:53:28.420  2010  2624 I chatty  : uid=1000(system) android.anim expire 17 lines
11-16 16:53:28.469  2010  2747 I chatty  : uid=1000(system) Binder:2010_3 expire 8 lines
11-16 16:53:29.239  4667  4954 E BoosterUtil: convertSubIdToSlotId failed, subId:0, slotId:-1
11-16 16:53:29.239  4667  4954 E BoosterUtil: getDefaultDataSlotId failed, invalid slotId:-1, subId:0
11-16 16:53:29.282  2010  6388 I chatty  : uid=1000(system) Binder:2010_17 expire 3 lines
11-16 16:53:29.326  2010  6413 I chatty  : uid=1000(system) Binder:2010_1C expire 8 lines
11-16 16:53:29.853  2010  6387 I chatty  : uid=1000(system) Binder:2010_16 expire 11 lines
11-16 16:53:30.265  4667  4954 E BoosterUtil: convertSubIdToSlotId failed, subId:0, slotId:-1
11-16 16:53:30.265  4667  4954 E BoosterUtil: getDefaultDataSlotId failed, invalid slotId:-1, subId:0
11-16 16:53:30.557 30244 30244 I ViewRootImpl: dispatchDetachedFromWindow in doDie
11-16 16:53:30.558  2010  2621 I chatty  : uid=1000(system) android.ui expire 10 lines
11-16 16:53:30.578  2010  2647 I chatty  : uid=1000(system) ActivityManager expire 1 line
11-16 16:53:30.666  2010  2617 I chatty  : uid=1000(system) Binder:2010_2 expire 11 lines
11-16 16:53:30.695  2010  2623 I chatty  : uid=1000(system) android.display expire 3 lines
11-16 16:53:31.288  4667  4954 E BoosterUtil: convertSubIdToSlotId failed, subId:0, slotId:-1
11-16 16:53:31.288  4667  4954 E BoosterUtil: getDefaultDataSlotId failed, invalid slotId:-1, subId:0
11-16 16:53:32.289  4088  6833 D HwCommandQueue: CommandQueue, set Launcher StatusBar Color
11-16 16:53:32.309  4667  4954 E BoosterUtil: convertSubIdToSlotId failed, subId:0, slotId:-1
11-16 16:53:32.309  4667  4954 E BoosterUtil: getDefaultDataSlotId failed, invalid slotId:-1, subId:0
11-16 16:53:32.320 29571 30678 D HwCustConnectivityManagerImpl: isBlockNetworkRequestByNonAis, INVALID_SUBSCRIPTION_ID
11-16 16:53:32.322 29571 30678 D HwCustConnectivityManagerImpl: isBlockNetworkRequestByNonAis, INVALID_SUBSCRIPTION_ID
11-16 16:53:32.594 29571 29571 D HwCustConnectivityManagerImpl: isBlockNetworkRequestByNonAis, INVALID_SUBSCRIPTION_ID
11-16 16:53:32.808  2010  4557 I chatty  : uid=1000(system) Binder:2010_C expire 5 lines
11-16 16:53:32.953  2010  5433 I chatty  : uid=1000(system) Binder:2010_11 expire 15 lines
11-16 16:53:33.334  4667  4954 E BoosterUtil: convertSubIdToSlotId failed, subId:0, slotId:-1
11-16 16:53:33.334  4667  4954 E BoosterUtil: getDefaultDataSlotId failed, invalid slotId:-1, subId:0
11-16 16:53:34.358  4667  4954 E BoosterUtil: convertSubIdToSlotId failed, subId:0, slotId:-1
11-16 16:53:34.358  4667  4954 E BoosterUtil: getDefaultDataSlotId failed, invalid slotId:-1, subId:0
11-16 16:53:35.383  4667  4954 E BoosterUtil: convertSubIdToSlotId failed, subId:0, slotId:-1
11-16 16:53:35.383  4667  4954 E BoosterUtil: getDefaultDataSlotId failed, invalid slotId:-1, subId:0
11-16 16:53:35.464 29205 29205 I ViewRootImpl: dispatchDetachedFromWindow in doDie
11-16 16:53:35.469  2010  5442 I chatty  : uid=1000(system) Binder:2010_12 expire 11 lines
11-16 16:53:35.495  4088  4588 D HwCommandQueue: CommandQueue, set Launcher StatusBar Color
11-16 16:53:35.521 29205 29205 I ViewRootImpl: dispatchDetachedFromWindow in doDie
11-16 16:53:35.989  2010  3876 I chatty  : uid=1000(system) NetworkStats expire 18 lines
11-16 16:53:36.406  4667  4954 E BoosterUtil: convertSubIdToSlotId failed, subId:0, slotId:-1
11-16 16:53:36.406  4667  4954 E BoosterUtil: getDefaultDataSlotId failed, invalid slotId:-1, subId:0
11-16 16:53:37.438  4667  4954 E BoosterUtil: convertSubIdToSlotId failed, subId:0, slotId:-1
11-16 16:53:37.438  4667  4954 E BoosterUtil: getDefaultDataSlotId failed, invalid slotId:-1, subId:0
11-16 16:53:38.454  4667  4954 E BoosterUtil: convertSubIdToSlotId failed, subId:0, slotId:-1
11-16 16:53:38.454  4667  4954 E BoosterUtil: getDefaultDataSlotId failed, invalid slotId:-1, subId:0
11-16 16:53:38.703  2010  5176 I chatty  : uid=1000(system) Binder:2010_10 expire 7 lines
11-16 16:53:39.478  4667  4954 E BoosterUtil: convertSubIdToSlotId failed, subId:0, slotId:-1
11-16 16:53:39.478  4667  4954 E BoosterUtil: getDefaultDataSlotId failed, invalid slotId:-1, subId:0
11-16 16:53:39.805  1046  1131 I storaged: storaged_t::event: storage_info refreshed.
11-16 16:53:40.508  4667  4954 E BoosterUtil: convertSubIdToSlotId failed, subId:0, slotId:-1
11-16 16:53:40.508  4667  4954 E BoosterUtil: getDefaultDataSlotId failed, invalid slotId:-1, subId:0
11-16 16:53:40.853  2010  6387 I chatty  : uid=1000(system) Binder:2010_16 expire 8 lines
11-16 16:53:41.529  4667  4954 E BoosterUtil: convertSubIdToSlotId failed, subId:0, slotId:-1
11-16 16:53:41.529  4667  4954 E BoosterUtil: getDefaultDataSlotId failed, invalid slotId:-1, subId:0
11-16 16:53:41.919  4088 13407 D HwCommandQueue: CommandQueue, set Launcher StatusBar Color
11-16 16:53:42.158  2010  2752 I chatty  : uid=1000(system) UEventObserver expire 6 lines
11-16 16:53:42.550  4667  4954 E BoosterUtil: convertSubIdToSlotId failed, subId:0, slotId:-1
11-16 16:53:42.550  4667  4954 E BoosterUtil: getDefaultDataSlotId failed, invalid slotId:-1, subId:0
11-16 16:53:43.141  2010  2653 I chatty  : uid=1000(system) PowerManagerSer expire 37 lines
11-16 16:53:43.155  2010  3881 I chatty  : uid=1000(system) WifiP2pService expire 33 lines
11-16 16:53:43.576  4667  4954 E BoosterUtil: convertSubIdToSlotId failed, subId:0, slotId:-1
11-16 16:53:43.576  4667  4954 E BoosterUtil: getDefaultDataSlotId failed, invalid slotId:-1, subId:0
11-16 16:53:43.679  2010  2624 I chatty  : uid=1000(system) android.anim expire 7 lines
11-16 16:53:44.364  2010 11971 I chatty  : uid=1000(system) MobileQosDetect expire 6 lines
11-16 16:53:44.599  4667  4954 E BoosterUtil: convertSubIdToSlotId failed, subId:0, slotId:-1
11-16 16:53:44.599  4667  4954 E BoosterUtil: getDefaultDataSlotId failed, invalid slotId:-1, subId:0
11-16 16:53:45.625  4667  4954 E BoosterUtil: convertSubIdToSlotId failed, subId:0, slotId:-1
11-16 16:53:45.625  4667  4954 E BoosterUtil: getDefaultDataSlotId failed, invalid slotId:-1, subId:0
11-16 16:53:46.519  2010  2010 I chatty  : uid=1000(system) Binder:2010_F expire 2 lines
11-16 16:53:46.648  4667  4954 E BoosterUtil: convertSubIdToSlotId failed, subId:0, slotId:-1
11-16 16:53:46.648  4667  4954 E BoosterUtil: getDefaultDataSlotId failed, invalid slotId:-1, subId:0
11-16 16:53:47.671  4667  4954 E BoosterUtil: convertSubIdToSlotId failed, subId:0, slotId:-1
11-16 16:53:47.671  4667  4954 E BoosterUtil: getDefaultDataSlotId failed, invalid slotId:-1, subId:0
11-16 16:53:48.677 29205 29205 I ViewRootImpl: dispatchDetachedFromWindow in doDie
11-16 16:53:48.682  2010  5442 I chatty  : uid=1000(system) Binder:2010_12 expire 6 lines
11-16 16:53:48.699  4667  4954 E BoosterUtil: convertSubIdToSlotId failed, subId:0, slotId:-1
11-16 16:53:48.699  4667  4954 E BoosterUtil: getDefaultDataSlotId failed, invalid slotId:-1, subId:0
11-16 16:53:48.700  4088  4588 D HwCommandQueue: CommandQueue, set Launcher StatusBar Color
11-16 16:53:49.413  2010  2747 I chatty  : uid=1000(system) Binder:2010_3 expire 17 lines
11-16 16:53:49.436  2010  2621 I chatty  : uid=1000(system) android.ui expire 6 lines
11-16 16:53:49.436  4088  4588 D HwCommandQueue: CommandQueue, set Launcher StatusBar Color
11-16 16:53:49.719  4667  4954 E BoosterUtil: convertSubIdToSlotId failed, subId:0, slotId:-1
11-16 16:53:49.719  4667  4954 E BoosterUtil: getDefaultDataSlotId failed, invalid slotId:-1, subId:0
11-16 16:53:50.742  4667  4954 E BoosterUtil: convertSubIdToSlotId failed, subId:0, slotId:-1
11-16 16:53:50.742  4667  4954 E BoosterUtil: getDefaultDataSlotId failed, invalid slotId:-1, subId:0
11-16 16:53:51.766  4667  4954 E BoosterUtil: convertSubIdToSlotId failed, subId:0, slotId:-1
11-16 16:53:51.766  4667  4954 E BoosterUtil: getDefaultDataSlotId failed, invalid slotId:-1, subId:0
11-16 16:53:52.794  4667  4954 E BoosterUtil: convertSubIdToSlotId failed, subId:0, slotId:-1
11-16 16:53:52.794  4667  4954 E BoosterUtil: getDefaultDataSlotId failed, invalid slotId:-1, subId:0
11-16 16:53:53.538  4088 13407 D HwCommandQueue: CommandQueue, set Launcher StatusBar Color
11-16 16:53:53.547 29205 29205 I ViewRootImpl: dispatchDetachedFromWindow in doDie
11-16 16:53:53.558  4088  4588 I HwCommandQueue: updateBarBgColor
11-16 16:53:53.558  4088  4588 D HwCommandQueue: CommandQueue, setBarBackgroundColor
11-16 16:53:53.558  4088  4588 D HwCommandQueue: CommandQueue, set Launcher StatusBar Color
11-16 16:53:53.821  4667  4954 E BoosterUtil: convertSubIdToSlotId failed, subId:0, slotId:-1
11-16 16:53:53.821  4667  4954 E BoosterUtil: getDefaultDataSlotId failed, invalid slotId:-1, subId:0
11-16 16:53:53.858  2010  2789 I chatty  : uid=1000(system) GestureNavManag expire 2 lines
11-16 16:53:54.151  2010  2653 I chatty  : uid=1000(system) PowerManagerSer expire 27 lines
11-16 16:53:54.169  2010  3881 I chatty  : uid=1000(system) WifiP2pService expire 33 lines
11-16 16:53:54.841  4667  4954 E BoosterUtil: convertSubIdToSlotId failed, subId:0, slotId:-1
11-16 16:53:54.841  4667  4954 E BoosterUtil: getDefaultDataSlotId failed, invalid slotId:-1, subId:0
11-16 16:53:55.866  4667  4954 E BoosterUtil: convertSubIdToSlotId failed, subId:0, slotId:-1
11-16 16:53:55.866  4667  4954 E BoosterUtil: getDefaultDataSlotId failed, invalid slotId:-1, subId:0
11-16 16:53:56.888  4667  4954 E BoosterUtil: convertSubIdToSlotId failed, subId:0, slotId:-1
11-16 16:53:56.888  4667  4954 E BoosterUtil: getDefaultDataSlotId failed, invalid slotId:-1, subId:0
11-16 16:53:57.915  4667  4954 E BoosterUtil: convertSubIdToSlotId failed, subId:0, slotId:-1
11-16 16:53:57.915  4667  4954 E BoosterUtil: getDefaultDataSlotId failed, invalid slotId:-1, subId:0
11-16 16:53:58.936  4667  4954 E BoosterUtil: convertSubIdToSlotId failed, subId:0, slotId:-1
11-16 16:53:58.936  4667  4954 E BoosterUtil: getDefaultDataSlotId failed, invalid slotId:-1, subId:0
11-16 16:53:59.962  4667  4954 E BoosterUtil: convertSubIdToSlotId failed, subId:0, slotId:-1
11-16 16:53:59.962  4667  4954 E BoosterUtil: getDefaultDataSlotId failed, invalid slotId:-1, subId:0
11-16 16:54:00.989  4667  4954 E BoosterUtil: convertSubIdToSlotId failed, subId:0, slotId:-1
11-16 16:54:00.989  4667  4954 E BoosterUtil: getDefaultDataSlotId failed, invalid slotId:-1, subId:0
11-16 16:54:02.009  4667  4954 E BoosterUtil: convertSubIdToSlotId failed, subId:0, slotId:-1
11-16 16:54:02.009  4667  4954 E BoosterUtil: getDefaultDataSlotId failed, invalid slotId:-1, subId:0
11-16 16:54:03.032  4667  4954 E BoosterUtil: convertSubIdToSlotId failed, subId:0, slotId:-1
11-16 16:54:03.033  4667  4954 E BoosterUtil: getDefaultDataSlotId failed, invalid slotId:-1, subId:0
11-16 16:54:03.311  2010  2747 I chatty  : uid=1000(system) Binder:2010_3 expire 1 line
11-16 16:54:04.057  4667  4954 E BoosterUtil: convertSubIdToSlotId failed, subId:0, slotId:-1
11-16 16:54:04.057  4667  4954 E BoosterUtil: getDefaultDataSlotId failed, invalid slotId:-1, subId:0
11-16 16:54:05.080  4667  4954 E BoosterUtil: convertSubIdToSlotId failed, subId:0, slotId:-1
11-16 16:54:05.080  4667  4954 E BoosterUtil: getDefaultDataSlotId failed, invalid slotId:-1, subId:0
11-16 16:54:05.144  2010  2653 I chatty  : uid=1000(system) PowerManagerSer expire 3 lines
11-16 16:54:05.168  2010  3881 I chatty  : uid=1000(system) WifiP2pService expire 6 lines
11-16 16:54:06.105  4667  4954 E BoosterUtil: convertSubIdToSlotId failed, subId:0, slotId:-1
11-16 16:54:06.105  4667  4954 E BoosterUtil: getDefaultDataSlotId failed, invalid slotId:-1, subId:0
11-16 16:54:06.331  2010  4557 I chatty  : uid=1000(system) Binder:2010_C expire 1 line
11-16 16:54:07.130  4667  4954 E BoosterUtil: convertSubIdToSlotId failed, subId:0, slotId:-1
11-16 16:54:07.130  4667  4954 E BoosterUtil: getDefaultDataSlotId failed, invalid slotId:-1, subId:0
11-16 16:54:07.159  2010  2653 I chatty  : uid=1000(system) PowerManagerSer expire 2 lines
11-16 16:54:07.184  2010  3881 I chatty  : uid=1000(system) WifiP2pService expire 3 lines
11-16 16:54:07.270  2010  2781 I chatty  : uid=1000(system) AlarmManager expire 3 lines
11-16 16:54:07.275  2010  2653 I chatty  : uid=1000(system) PowerManagerSer expire 1 line
11-16 16:54:07.276  2010  3901 I chatty  : uid=1000(system) LocationHander expire 1 line
11-16 16:54:07.279  2010  2781 I chatty  : uid=1000(system) AlarmManager expire 1 line
11-16 16:54:07.310  2010  2747 I chatty  : uid=1000(system) Binder:2010_3 expire 1 line
11-16 16:54:07.315  2010  2653 I chatty  : uid=1000(system) PowerManagerSer expire 2 lines
11-16 16:54:07.320  2010  2747 I chatty  : uid=1000(system) Binder:2010_3 expire 4 lines
11-16 16:54:08.154  4667  4954 E BoosterUtil: convertSubIdToSlotId failed, subId:0, slotId:-1
11-16 16:54:08.154  4667  4954 E BoosterUtil: getDefaultDataSlotId failed, invalid slotId:-1, subId:0
11-16 16:54:08.390  2010 11971 I chatty  : uid=1000(system) MobileQosDetect expire 1 line
11-16 16:54:09.175  4667  4954 E BoosterUtil: convertSubIdToSlotId failed, subId:0, slotId:-1
11-16 16:54:09.175  4667  4954 E BoosterUtil: getDefaultDataSlotId failed, invalid slotId:-1, subId:0
11-16 16:54:10.203  4667  4954 E BoosterUtil: convertSubIdToSlotId failed, subId:0, slotId:-1
11-16 16:54:10.203  4667  4954 E BoosterUtil: getDefaultDataSlotId failed, invalid slotId:-1, subId:0
11-16 16:54:11.224  4667  4954 E BoosterUtil: convertSubIdToSlotId failed, subId:0, slotId:-1
11-16 16:54:11.224  4667  4954 E BoosterUtil: getDefaultDataSlotId failed, invalid slotId:-1, subId:0
11-16 16:54:12.249  4667  4954 E BoosterUtil: convertSubIdToSlotId failed, subId:0, slotId:-1
11-16 16:54:12.249  4667  4954 E BoosterUtil: getDefaultDataSlotId failed, invalid slotId:-1, subId:0
11-16 16:54:12.878  2010  2752 I chatty  : uid=1000(system) UEventObserver expire 6 lines
11-16 16:54:13.272  4667  4954 E BoosterUtil: convertSubIdToSlotId failed, subId:0, slotId:-1
11-16 16:54:13.272  4667  4954 E BoosterUtil: getDefaultDataSlotId failed, invalid slotId:-1, subId:0
11-16 16:54:14.301  4667  4954 E BoosterUtil: convertSubIdToSlotId failed, subId:0, slotId:-1
11-16 16:54:14.301  4667  4954 E BoosterUtil: getDefaultDataSlotId failed, invalid slotId:-1, subId:0
11-16 16:54:15.320  4667  4954 E BoosterUtil: convertSubIdToSlotId failed, subId:0, slotId:-1
11-16 16:54:15.320  4667  4954 E BoosterUtil: getDefaultDataSlotId failed, invalid slotId:-1, subId:0
11-16 16:54:15.382  2010  2747 I chatty  : uid=1000(system) Binder:2010_3 expire 5 lines
11-16 16:54:16.348  4667  4954 E BoosterUtil: convertSubIdToSlotId failed, subId:0, slotId:-1
11-16 16:54:16.348  4667  4954 E BoosterUtil: getDefaultDataSlotId failed, invalid slotId:-1, subId:0
11-16 16:54:17.372  4667  4954 E BoosterUtil: convertSubIdToSlotId failed, subId:0, slotId:-1
11-16 16:54:17.372  4667  4954 E BoosterUtil: getDefaultDataSlotId failed, invalid slotId:-1, subId:0
11-16 16:54:18.394  4667  4954 E BoosterUtil: convertSubIdToSlotId failed, subId:0, slotId:-1
11-16 16:54:18.394  4667  4954 E BoosterUtil: getDefaultDataSlotId failed, invalid slotId:-1, subId:0
11-16 16:54:19.419  4667  4954 E BoosterUtil: convertSubIdToSlotId failed, subId:0, slotId:-1
11-16 16:54:19.419  4667  4954 E BoosterUtil: getDefaultDataSlotId failed, invalid slotId:-1, subId:0
11-16 16:54:20.440  4667  4954 E BoosterUtil: convertSubIdToSlotId failed, subId:0, slotId:-1
11-16 16:54:20.440  4667  4954 E BoosterUtil: getDefaultDataSlotId failed, invalid slotId:-1, subId:0
11-16 16:54:21.464  4667  4954 E BoosterUtil: convertSubIdToSlotId failed, subId:0, slotId:-1
11-16 16:54:21.464  4667  4954 E BoosterUtil: getDefaultDataSlotId failed, invalid slotId:-1, subId:0
11-16 16:54:22.494  4667  4954 E BoosterUtil: convertSubIdToSlotId failed, subId:0, slotId:-1
11-16 16:54:22.495  4667  4954 E BoosterUtil: getDefaultDataSlotId failed, invalid slotId:-1, subId:0
11-16 16:54:22.512  2010  2620 I chatty  : uid=1000(system) android.fg expire 5 lines
11-16 16:54:23.516  4667  4954 E BoosterUtil: convertSubIdToSlotId failed, subId:0, slotId:-1
11-16 16:54:23.516  4667  4954 E BoosterUtil: getDefaultDataSlotId failed, invalid slotId:-1, subId:0
11-16 16:54:24.439  2010  2747 I chatty  : uid=1000(system) Binder:2010_3 expire 3 lines
11-16 16:54:24.509  2010  2620 I chatty  : uid=1000(system) android.fg expire 4 lines
11-16 16:54:24.537  4667  4954 E BoosterUtil: convertSubIdToSlotId failed, subId:0, slotId:-1
11-16 16:54:24.537  4667  4954 E BoosterUtil: getDefaultDataSlotId failed, invalid slotId:-1, subId:0
11-16 16:54:25.560  4667  4954 E BoosterUtil: convertSubIdToSlotId failed, subId:0, slotId:-1
11-16 16:54:25.560  4667  4954 E BoosterUtil: getDefaultDataSlotId failed, invalid slotId:-1, subId:0
11-16 16:54:26.589  4667  4954 E BoosterUtil: convertSubIdToSlotId failed, subId:0, slotId:-1
11-16 16:54:26.589  4667  4954 E BoosterUtil: getDefaultDataSlotId failed, invalid slotId:-1, subId:0
11-16 16:54:27.455  2010  2747 I chatty  : uid=1000(system) Binder:2010_3 expire 1 line
11-16 16:54:27.612  4667  4954 E BoosterUtil: convertSubIdToSlotId failed, subId:0, slotId:-1
11-16 16:54:27.612  4667  4954 E BoosterUtil: getDefaultDataSlotId failed, invalid slotId:-1, subId:0
11-16 16:54:28.410  2010 11971 I chatty  : uid=1000(system) MobileQosDetect expire 1 line
11-16 16:54:28.637  4667  4954 E BoosterUtil: convertSubIdToSlotId failed, subId:0, slotId:-1
11-16 16:54:28.637  4667  4954 E BoosterUtil: getDefaultDataSlotId failed, invalid slotId:-1, subId:0
11-16 16:54:29.203  2010  2747 I chatty  : uid=1000(system) Binder:2010_3 expire 2 lines
11-16 16:54:29.203  2010  2620 I chatty  : uid=1000(system) android.fg expire 3 lines
11-16 16:54:29.656  4667  4954 E BoosterUtil: convertSubIdToSlotId failed, subId:0, slotId:-1
11-16 16:54:29.656  4667  4954 E BoosterUtil: getDefaultDataSlotId failed, invalid slotId:-1, subId:0
11-16 16:54:30.682  4667  4954 E BoosterUtil: convertSubIdToSlotId failed, subId:0, slotId:-1
11-16 16:54:30.682  4667  4954 E BoosterUtil: getDefaultDataSlotId failed, invalid slotId:-1, subId:0
11-16 16:54:31.704  4667  4954 E BoosterUtil: convertSubIdToSlotId failed, subId:0, slotId:-1
11-16 16:54:31.704  4667  4954 E BoosterUtil: getDefaultDataSlotId failed, invalid slotId:-1, subId:0
11-16 16:54:32.412  2010 11971 I chatty  : uid=1000(system) MobileQosDetect expire 1 line
11-16 16:54:32.728  4667  4954 E BoosterUtil: convertSubIdToSlotId failed, subId:0, slotId:-1
11-16 16:54:32.729  4667  4954 E BoosterUtil: getDefaultDataSlotId failed, invalid slotId:-1, subId:0
11-16 16:54:33.495  2010  2747 I chatty  : uid=1000(system) Binder:2010_3 expire 1 line
11-16 16:54:33.751  4667  4954 E BoosterUtil: convertSubIdToSlotId failed, subId:0, slotId:-1
11-16 16:54:33.751  4667  4954 E BoosterUtil: getDefaultDataSlotId failed, invalid slotId:-1, subId:0
11-16 16:54:34.779  4667  4954 E BoosterUtil: convertSubIdToSlotId failed, subId:0, slotId:-1
11-16 16:54:34.779  4667  4954 E BoosterUtil: getDefaultDataSlotId failed, invalid slotId:-1, subId:0
11-16 16:54:35.395  2010  2653 I chatty  : uid=1000(system) PowerManagerSer expire 3 lines
11-16 16:54:35.800  4667  4954 E BoosterUtil: convertSubIdToSlotId failed, subId:0, slotId:-1
11-16 16:54:35.800  4667  4954 E BoosterUtil: getDefaultDataSlotId failed, invalid slotId:-1, subId:0
11-16 16:54:36.417  2010 11971 I chatty  : uid=1000(system) MobileQosDetect expire 1 line
11-16 16:54:36.511  2010  4557 I chatty  : uid=1000(system) Binder:2010_C expire 1 line
11-16 16:54:36.825  4667  4954 E BoosterUtil: convertSubIdToSlotId failed, subId:0, slotId:-1
11-16 16:54:36.825  4667  4954 E BoosterUtil: getDefaultDataSlotId failed, invalid slotId:-1, subId:0
11-16 16:54:37.355  2010  3950 I chatty  : uid=1000(system) SecurityCenterA expire 1 line
11-16 16:54:37.402  2010  6453 I chatty  : uid=1000(system) Binder:2010_1F expire 7 lines
11-16 16:54:37.402  2010  3889 I chatty  : uid=1000(system) ConnectivitySer expire 1 line
11-16 16:54:37.402  2010  4214 I chatty  : uid=1000(system) Binder:2010_B expire 11 lines
11-16 16:54:37.402  2010  3903 I chatty  : uid=1000(system) Thread-6 expire 11 lines
11-16 16:54:37.403  2010  2633 I chatty  : uid=1000(system) HwActivityTaskM expire 5 lines
11-16 16:54:37.848  4667  4954 E BoosterUtil: convertSubIdToSlotId failed, subId:0, slotId:-1
11-16 16:54:37.848  4667  4954 E BoosterUtil: getDefaultDataSlotId failed, invalid slotId:-1, subId:0
11-16 16:54:38.874  4667  4954 E BoosterUtil: convertSubIdToSlotId failed, subId:0, slotId:-1
11-16 16:54:38.874  4667  4954 E BoosterUtil: getDefaultDataSlotId failed, invalid slotId:-1, subId:0
11-16 16:54:39.531  2010  5442 I chatty  : uid=1000(system) Binder:2010_12 expire 12 lines
11-16 16:54:39.807  1046  1131 I storaged: storaged_t::event: storage_info refreshed.
11-16 16:54:39.895  4667  4954 E BoosterUtil: convertSubIdToSlotId failed, subId:0, slotId:-1
11-16 16:54:39.895  4667  4954 E BoosterUtil: getDefaultDataSlotId failed, invalid slotId:-1, subId:0
11-16 16:54:40.425  2010 11971 I chatty  : uid=1000(system) MobileQosDetect expire 7 lines
11-16 16:54:40.923  4667  4954 E BoosterUtil: convertSubIdToSlotId failed, subId:0, slotId:-1
11-16 16:54:40.923  4667  4954 E BoosterUtil: getDefaultDataSlotId failed, invalid slotId:-1, subId:0
11-16 16:54:41.821  2010  2653 I chatty  : uid=1000(system) PowerManagerSer expire 10 lines
11-16 16:54:41.945  4667  4954 E BoosterUtil: convertSubIdToSlotId failed, subId:0, slotId:-1
11-16 16:54:41.945  4667  4954 E BoosterUtil: getDefaultDataSlotId failed, invalid slotId:-1, subId:0
11-16 16:54:42.967  4667  4954 E BoosterUtil: convertSubIdToSlotId failed, subId:0, slotId:-1
11-16 16:54:42.967  4667  4954 E BoosterUtil: getDefaultDataSlotId failed, invalid slotId:-1, subId:0
11-16 16:54:43.003  2010  2624 I chatty  : uid=1000(system) android.anim expire 1 line
11-16 16:54:43.410  2010  2789 I chatty  : uid=1000(system) GestureNavManag expire 2 lines
11-16 16:54:43.593  2010  2752 I chatty  : uid=1000(system) UEventObserver expire 6 lines
11-16 16:54:43.994  4667  4954 E BoosterUtil: convertSubIdToSlotId failed, subId:0, slotId:-1
11-16 16:54:43.995  4667  4954 E BoosterUtil: getDefaultDataSlotId failed, invalid slotId:-1, subId:0
11-16 16:54:45.017  4667  4954 E BoosterUtil: convertSubIdToSlotId failed, subId:0, slotId:-1
11-16 16:54:45.017  4667  4954 E BoosterUtil: getDefaultDataSlotId failed, invalid slotId:-1, subId:0
11-16 16:54:46.043  4667  4954 E BoosterUtil: convertSubIdToSlotId failed, subId:0, slotId:-1
11-16 16:54:46.044  4667  4954 E BoosterUtil: getDefaultDataSlotId failed, invalid slotId:-1, subId:0
11-16 16:54:47.064  4667  4954 E BoosterUtil: convertSubIdToSlotId failed, subId:0, slotId:-1
11-16 16:54:47.064  4667  4954 E BoosterUtil: getDefaultDataSlotId failed, invalid slotId:-1, subId:0
11-16 16:54:48.089  4667  4954 E BoosterUtil: convertSubIdToSlotId failed, subId:0, slotId:-1
11-16 16:54:48.089  4667  4954 E BoosterUtil: getDefaultDataSlotId failed, invalid slotId:-1, subId:0
11-16 16:54:49.004  2010  2620 I chatty  : uid=1000(system) android.fg expire 6 lines
11-16 16:54:49.115  4667  4954 E BoosterUtil: convertSubIdToSlotId failed, subId:0, slotId:-1
11-16 16:54:49.115  4667  4954 E BoosterUtil: getDefaultDataSlotId failed, invalid slotId:-1, subId:0
11-16 16:54:50.135  4667  4954 E BoosterUtil: convertSubIdToSlotId failed, subId:0, slotId:-1
11-16 16:54:50.135  4667  4954 E BoosterUtil: getDefaultDataSlotId failed, invalid slotId:-1, subId:0
11-16 16:54:50.316  2010  2623 I chatty  : uid=1000(system) android.display expire 3 lines
11-16 16:54:50.792  2010  2747 I chatty  : uid=1000(system) Binder:2010_3 expire 8 lines
11-16 16:54:50.798  2010  2010 I chatty  : uid=1000(system) Binder:2010_F expire 1 line
11-16 16:54:50.808  4667  4667 I HwCoreAppHelperService: LocalReceiver receives:android.intent.action.PACKAGE_RESTARTED,pkg:io.appium.uiautomator2.server.test,uid:10234
