12-22 11:33:37.613 16268 16268 W tomator2.serve: ClassLoaderContext classpath size mismatch. expected=0, found=3 (PCL[]{PCL[/system/framework/android.test.base.jar*3790657674]#PCL[/system/framework/android.test.mock.jar*2170516817]#PCL[/system/framework/android.test.runner.jar*1585996318]{PCL[/system/framework/android.test.base.jar*3790657674]#PCL[/system/framework/android.test.mock.jar*2170516817]}} | PCL[/system/framework/android.test.runner.jar*1585996318:/system/framework/android.test.mock.jar*2170516817:/system/framework/android.test.base.jar*3790657674]{PCL[/system/framework/android.test.base.jar*3790657674]#PCL[/system/framework/android.test.mock.jar*2170516817]#PCL[/system/framework/android.test.runner.jar*1585996318]{PCL[/system/framework/android.test.base.jar*3790657674]#PCL[/system/framework/android.test.mock.jar*2170516817]}};PCL[/system/framework/android.test.runner.jar*1585996318:/system/framework/android.test.mock.jar*2170516817:/system/framework/android.test.base.jar*3790657674:/data/app/~~ROW1rPjIG3KC56VjVxkdgw==/io.appium.uiautomator2.server.test-wNcJn2WyYF0rhD7FevjBMw==/base.apk*2420800719:/data/app/~~ROW1rPjIG3KC56VjVxkdgw==/io.appium.uiautomator2.server.test-wNcJn2WyYF0rhD7FevjBMw==/base.apk!classes2.dex*3565191145:/data/app/~~ROW1rPjIG3KC56VjVxkdgw==/io.appium.uiautomator2.server.test-wNcJn2WyYF0rhD7FevjBMw==/base.apk!classes3.dex*2088283515:/data/app/~~ROW1rPjIG3KC56VjVxkdgw==/io.appium.uiautomator2.server.test-wNcJn2WyYF0rhD7FevjBMw==/base.apk!classes4.dex*767698402:/data/app/~~Gget0yRBHvjE4FH4G6LANA==/io.appium.uiautomator2.server-vBAWeCZEUMAhy0EtXP_WhQ==/base.apk*3663158453:/data/app/~~Gget0yRBHvjE4FH4G6LANA==/io.appium.uiautomator2.server-vBAWeCZEUMAhy0EtXP_WhQ==/base.apk!classes2.dex*3556852049:/data/app/~~Gget0yRBHvjE4FH4G6LANA==/io.appium.uiautomator2.server-vBAWeCZEUMAhy0EtXP_WhQ==/base.apk!classes3.dex*2469406986:/data/app/~~Gget0yRBHvjE4FH4G6LANA==/io.appium.uiautomator2.server-vBAWeCZEUMAhy0EtXP_WhQ==/base.apk!classes4.dex*1406396985:/data/app/~~Gget0yRBHvjE4FH4G6LANA==/io.appium.uiautomator2.server-vBAWeCZEUMAhy0EtXP_WhQ==/base.apk!classes5.dex*3219128311:/data/app/~~Gget0yRBHvjE4FH4G6LANA==/io.appium.uiautomator2.server-vBAWeCZEUMAhy0EtXP_WhQ==/base.apk!classes6.dex*3582357742:/data/app/~~Gget0yRBHvjE4FH4G6LANA==/io.appium.uiautomator2.server-vBAWeCZEUMAhy0EtXP_WhQ==/base.apk!classes7.dex*1319860673:/data/app/~~Gget0yRBHvjE4FH4G6LANA==/io.appium.uiautomator2.server-vBAWeCZEUMAhy0EtXP_WhQ==/base.apk!classes8.dex*3050564850:/data/app/~~Gget0yRBHvjE4FH4G6LANA==/io.appium.uiautomator2.server-vBAWeCZEUMAhy0EtXP_WhQ==/base.apk!classes9.dex*3802833555:/data/app/~~Gget0yRBHvjE4FH4G6LANA==/io.appium.uiautomator2.server-vBAWeCZEUMAhy0EtXP_WhQ==/base.apk!classes10.dex*2813494147:/data/app/~~Gget0yRBHvjE4FH4G6LANA==/io.appium.uiautomator2.server-vBAWeCZEUMAhy0EtXP_WhQ==/base.apk!classes11.dex*4219401486:/data/app/~~Gget0yRBHvjE4FH4G6LANA==/io.appium.uiautomator2.server-vBAWeCZEUMAhy0EtXP_WhQ==/base.apk!classes12.dex*659451162:/data/app/~~Gget0yRBHvjE4FH4G6LANA==/io.appium.uiautomator2.server-vBAWeCZEUMAhy0EtXP_WhQ==/base.apk!classes13.dex*3470666919:/data/app/~~Gget0yRBHvjE4FH4G6LANA==/io.appium.uiautomator2.server-vBAWeCZEUMAhy0EtXP_WhQ==/base.apk!classes14.dex*3636932523])
12-22 11:33:37.614 16268 16268 W tomator2.serve: ClassLoaderContext classpath size mismatch. expected=0, found=7 (PCL[] | PCL[/system/framework/android.test.runner.jar*1585996318:/system/framework/android.test.mock.jar*2170516817:/system/framework/android.test.base.jar*3790657674:/data/app/~~ROW1rPjIG3KC56VjVxkdgw==/io.appium.uiautomator2.server.test-wNcJn2WyYF0rhD7FevjBMw==/base.apk*2420800719:/data/app/~~ROW1rPjIG3KC56VjVxkdgw==/io.appium.uiautomator2.server.test-wNcJn2WyYF0rhD7FevjBMw==/base.apk!classes2.dex*3565191145:/data/app/~~ROW1rPjIG3KC56VjVxkdgw==/io.appium.uiautomator2.server.test-wNcJn2WyYF0rhD7FevjBMw==/base.apk!classes3.dex*2088283515:/data/app/~~ROW1rPjIG3KC56VjVxkdgw==/io.appium.uiautomator2.server.test-wNcJn2WyYF0rhD7FevjBMw==/base.apk!classes4.dex*767698402]{PCL[/system/framework/android.test.base.jar*3790657674]#PCL[/system/framework/android.test.mock.jar*2170516817]#PCL[/system/framework/android.test.runner.jar*1585996318]{PCL[/system/framework/android.test.base.jar*3790657674]#PCL[/system/framework/android.test.mock.jar*2170516817]}};PCL[/system/framework/android.test.runner.jar*1585996318:/system/framework/android.test.mock.jar*2170516817:/system/framework/android.test.base.jar*3790657674:/data/app/~~ROW1rPjIG3KC56VjVxkdgw==/io.appium.uiautomator2.server.test-wNcJn2WyYF0rhD7FevjBMw==/base.apk*2420800719:/data/app/~~ROW1rPjIG3KC56VjVxkdgw==/io.appium.uiautomator2.server.test-wNcJn2WyYF0rhD7FevjBMw==/base.apk!classes2.dex*3565191145:/data/app/~~ROW1rPjIG3KC56VjVxkdgw==/io.appium.uiautomator2.server.test-wNcJn2WyYF0rhD7FevjBMw==/base.apk!classes3.dex*2088283515:/data/app/~~ROW1rPjIG3KC56VjVxkdgw==/io.appium.uiautomator2.server.test-wNcJn2WyYF0rhD7FevjBMw==/base.apk!classes4.dex*767698402:/data/app/~~Gget0yRBHvjE4FH4G6LANA==/io.appium.uiautomator2.server-vBAWeCZEUMAhy0EtXP_WhQ==/base.apk*3663158453:/data/app/~~Gget0yRBHvjE4FH4G6LANA==/io.appium.uiautomator2.server-vBAWeCZEUMAhy0EtXP_WhQ==/base.apk!classes2.dex*3556852049:/data/app/~~Gget0yRBHvjE4FH4G6LANA==/io.appium.uiautomator2.server-vBAWeCZEUMAhy0EtXP_WhQ==/base.apk!classes3.dex*2469406986:/data/app/~~Gget0yRBHvjE4FH4G6LANA==/io.appium.uiautomator2.server-vBAWeCZEUMAhy0EtXP_WhQ==/base.apk!classes4.dex*1406396985:/data/app/~~Gget0yRBHvjE4FH4G6LANA==/io.appium.uiautomator2.server-vBAWeCZEUMAhy0EtXP_WhQ==/base.apk!classes5.dex*3219128311:/data/app/~~Gget0yRBHvjE4FH4G6LANA==/io.appium.uiautomator2.server-vBAWeCZEUMAhy0EtXP_WhQ==/base.apk!classes6.dex*3582357742:/data/app/~~Gget0yRBHvjE4FH4G6LANA==/io.appium.uiautomator2.server-vBAWeCZEUMAhy0EtXP_WhQ==/base.apk!classes7.dex*1319860673:/data/app/~~Gget0yRBHvjE4FH4G6LANA==/io.appium.uiautomator2.server-vBAWeCZEUMAhy0EtXP_WhQ==/base.apk!classes8.dex*3050564850:/data/app/~~Gget0yRBHvjE4FH4G6LANA==/io.appium.uiautomator2.server-vBAWeCZEUMAhy0EtXP_WhQ==/base.apk!classes9.dex*3802833555:/data/app/~~Gget0yRBHvjE4FH4G6LANA==/io.appium.uiautomator2.server-vBAWeCZEUMAhy0EtXP_WhQ==/base.apk!classes10.dex*2813494147:/data/app/~~Gget0yRBHvjE4FH4G6LANA==/io.appium.uiautomator2.server-vBAWeCZEUMAhy0EtXP_WhQ==/base.apk!classes11.dex*4219401486:/data/app/~~Gget0yRBHvjE4FH4G6LANA==/io.appium.uiautomator2.server-vBAWeCZEUMAhy0EtXP_WhQ==/base.apk!classes12.dex*659451162:/data/app/~~Gget0yRBHvjE4FH4G6LANA==/io.appium.uiautomator2.server-vBAWeCZEUMAhy0EtXP_WhQ==/base.apk!classes13.dex*3470666919:/data/app/~~Gget0yRBHvjE4FH4G6LANA==/io.appium.uiautomator2.server-vBAWeCZEUMAhy0EtXP_WhQ==/base.apk!classes14.dex*3636932523])
12-22 11:33:37.623 16268 16268 I ForceDarkHelperStubImpl: initialize for io.appium.uiautomator2.server , ForceDarkOrigin
12-22 11:33:37.624 16268 16268 D OpenGLRenderer: JNI_OnLoad success
12-22 11:33:37.624 16268 16268 I MiuiForceDarkConfig: setConfig density:2.750000, mainRule:0, secondaryRule:0, tertiaryRule:0
12-22 11:33:37.627 16268 16268 D NetworkSecurityConfig: No Network Security Config specified, using platform default
12-22 11:33:37.627 16268 16268 D NetworkSecurityConfig: No Network Security Config specified, using platform default
12-22 11:33:37.628 16268 16268 I MonitoringInstr: Instrumentation started!
12-22 11:33:37.634 16268 16268 V TestEventClient: No service name argument was given (testDiscoveryService, testRunEventService or orchestratorService)
12-22 11:33:37.645  1251  2448 I vendor.qti.hardware.display.composer-service: FrameNotifyProcess Sensor: notify citsensorservice to trigger cwb
12-22 11:33:37.646  2027  2097 I libcitsensorservice@2.0-impl: msg_transfer
12-22 11:33:37.647  2027  3266 D vendor.xiaomi.sensor.citsensorservice@2.0-service: handle id:10 wxh:1280x2400 uwxuh:1080x2400 size: 9216000 fd:15 fd_meta:16 flags:0x4000228 usage:0x33  format:0x3 layer_count: 1
12-22 11:33:37.647  1251  2216 I SDM     : HWCSession::SetCWBOutputBuffer: CWB config passed by cwb_client : tappoint 1  CWB_ROI : (829.000000 4.000000 915.000000 90.000000)
12-22 11:33:37.648  1251 16287 I SDM     : HWCSession::ProcessRequests: Successfully configured CWB buffer.
12-22 11:33:37.657  1251 16287 I SDM     : HWCSession::ProcessRequests: Pushing release fence in fenece wait queue.
12-22 11:33:37.657  1251 16287 I SDM     : HWCSession::ProcessRequests: Creating AsyncFenceWaits async thread.
12-22 11:33:37.657  1251 16287 I SDM     : HWCSession::ProcessRequests: Remove current CWB request from the pending request queue.
12-22 11:33:37.657  1251 16287 I SDM     : HWCSession::ProcessRequests: No pending cwb requests found in the queue.
12-22 11:33:37.662  1251  1467 I SDM     : HWDeviceDRM::SetupConcurrentWriteback: Tear down the Concurrent Writeback topology
12-22 11:33:37.665 16268 16284 I UsageTrackerFacilitator: Usage tracking disabled
12-22 11:33:37.668 16268 16284 I TestRequestBuilder: Scanning classpath to find tests in paths [/data/app/~~ROW1rPjIG3KC56VjVxkdgw==/io.appium.uiautomator2.server.test-wNcJn2WyYF0rhD7FevjBMw==/base.apk]
12-22 11:33:37.669  1251 16288 I SDM     : HWCSession::NotifyCWBStatus: Notify the client about buffer status 0.
12-22 11:33:37.670  1251 16288 I SDM     : HWCSession::PerformFenceWaits: Remove current release fence from the pending fence wait queue.
12-22 11:33:37.670  1251 16288 I SDM     : HWCSession::PerformFenceWaits: CWB fence queue is empty. No pending release fence to wait on.
12-22 11:33:37.671 16268 16284 W tomator2.serve: Opening an oat file without a class loader. Are you using the deprecated DexFile APIs?
12-22 11:33:37.781  2027  3285 D libsensor-displayalgo: the value of  brightness:369.000000,R:15875545.844099,G:13208790.953697,B:24171774.331665,EVENT_C:1491.000000,EVENT_R:666.000000,EVENT_G:778.000000,EVENT_B:340.500000
12-22 11:33:37.781  2027  3285 I libsensor-displayalgo: the value of  Coef1:1107.681000,Coef4:2.383000, scale1:0.935522, scale4:0.923264
12-22 11:33:37.781  2027  3285 E libsensor-displayalgo: RGB_test_0407_400_oldzy!
12-22 11:33:37.782  2027  3285 I libsensor-displayalgo: the value of  RESULT887.946646,350.245656,444.171039,158.131599
12-22 11:33:37.782  2027  3285 I libsensor-displayalgo: the value of  getChannelDataCalibrated926.647816,325.029662,512.257874,171.173494
12-22 11:33:37.782  2027  3285 I libsensor-displayalgo: the value of  REAL LUX25.309643
12-22 11:33:37.782  2027  3285 I libsensor-displayalgo: the value of  CAL REAL LUX25.309643
12-22 11:33:37.848  9768 15974 I SafeBinderCall: onPositionChange binder cost:1
12-22 11:33:37.848  4496  4496 D MiPlayDetailViewModel: onPositionChange(): position = 25305
12-22 11:33:37.903 16268 16284 D TestExecutor: Adding listener androidx.test.internal.runner.listener.LogRunListener
12-22 11:33:37.904 16268 16284 D TestExecutor: Adding listener androidx.test.internal.runner.listener.InstrumentationResultPrinter
12-22 11:33:37.904 16268 16284 D TestExecutor: Adding listener androidx.test.internal.runner.listener.ActivityFinisherRunListener
12-22 11:33:37.905 16268 16284 I TestRunner: run started: 1 tests
12-22 11:33:37.907 16268 16284 I TestRunner: started: startServer(io.appium.uiautomator2.server.test.AppiumUiAutomator2Server)
12-22 11:33:37.911 16268 16284 I appium  : [AppiumUiAutomator2Server] Starting Server
12-22 11:33:37.930 10640 11203 I CCodecBufferChannel: pipelineRoom(2) is <= numClientBuffers(3). Not signalling any more buffers to client
12-22 11:33:37.931 10640 15921 I CCodecBufferChannel: pipelineRoom(2) is <= numClientBuffers(2). Not signalling any more buffers to client
12-22 11:33:37.950  1251  2448 I vendor.qti.hardware.display.composer-service: FrameNotifyProcess Sensor: notify citsensorservice to trigger cwb
12-22 11:33:37.951  2027  2097 I libcitsensorservice@2.0-impl: msg_transfer
12-22 11:33:37.952  2027  3266 D vendor.xiaomi.sensor.citsensorservice@2.0-service: handle id:10 wxh:1280x2400 uwxuh:1080x2400 size: 9216000 fd:15 fd_meta:16 flags:0x4000228 usage:0x33  format:0x3 layer_count: 1
12-22 11:33:37.952  1251  2216 I SDM     : HWCSession::SetCWBOutputBuffer: CWB config passed by cwb_client : tappoint 1  CWB_ROI : (829.000000 4.000000 915.000000 90.000000)
12-22 11:33:37.953  1251 16289 I SDM     : HWCSession::ProcessRequests: Successfully configured CWB buffer.
12-22 11:33:37.961  1251 16289 I SDM     : HWCSession::ProcessRequests: Pushing release fence in fenece wait queue.
12-22 11:33:37.961  1251 16289 I SDM     : HWCSession::ProcessRequests: Creating AsyncFenceWaits async thread.
12-22 11:33:37.962  1251 16289 I SDM     : HWCSession::ProcessRequests: Remove current CWB request from the pending request queue.
12-22 11:33:37.962  1251 16289 I SDM     : HWCSession::ProcessRequests: No pending cwb requests found in the queue.
12-22 11:33:37.967  1251  1467 I SDM     : HWDeviceDRM::SetupConcurrentWriteback: Tear down the Concurrent Writeback topology
12-22 11:33:37.975  1251 16290 I SDM     : HWCSession::NotifyCWBStatus: Notify the client about buffer status 0.
12-22 11:33:37.975  1251 16290 I SDM     : HWCSession::PerformFenceWaits: Remove current release fence from the pending fence wait queue.
12-22 11:33:37.975  1251 16290 I SDM     : HWCSession::PerformFenceWaits: CWB fence queue is empty. No pending release fence to wait on.
12-22 11:33:38.011 10640 11203 I CCodecBufferChannel: pipelineRoom(2) is <= numClientBuffers(3). Not signalling any more buffers to client
12-22 11:33:38.011 10640 15921 I CCodecBufferChannel: pipelineRoom(2) is <= numClientBuffers(2). Not signalling any more buffers to client
12-22 11:33:38.066  9282 10275 I QzoneConfig: key = qzonesetting secondaryKey= qzone_lastgetfeedtime value= null
12-22 11:33:38.081  2027  3285 D libsensor-displayalgo: the value of  brightness:369.000000,R:15875545.844099,G:13208790.953697,B:24171774.331665,EVENT_C:1479.000000,EVENT_R:661.500000,EVENT_G:773.500000,EVENT_B:338.500000
12-22 11:33:38.081  2027  3285 I libsensor-displayalgo: the value of  Coef1:1107.681000,Coef4:2.383000, scale1:0.935522, scale4:0.923264
12-22 11:33:38.081  2027  3285 E libsensor-displayalgo: RGB_test_0407_400_oldzy!
12-22 11:33:38.082  2027  3285 I libsensor-displayalgo: the value of  RESULT887.946646,350.245656,444.171039,158.131599
12-22 11:33:38.082  2027  3285 I libsensor-displayalgo: the value of  getChannelDataCalibrated926.647816,325.029662,512.257874,171.173494
12-22 11:33:38.082  2027  3285 I libsensor-displayalgo: the value of  REAL LUX24.590126
12-22 11:33:38.082  2027  3285 I libsensor-displayalgo: the value of  CAL REAL LUX24.590126
12-22 11:33:38.133 10640 11203 I CCodecBufferChannel: pipelineRoom(1) is <= numClientBuffers(1). Not signalling any more buffers to client
12-22 11:33:38.199 28881 11959 D MiuiFastConnectService: stopBleScan: scanning: true
12-22 11:33:38.199 28881 11959 D BluetoothAdapter: isLeEnabled(): ON
12-22 11:33:38.202  8079 11197 D BtGatt.GattService: stopScan() - queue size =1
12-22 11:33:38.203  8079 11126 I BtGatt.ScanManager: msg.what = 1, msg.arg1 = 0(mMiuiControllingType)
12-22 11:33:38.204  8079 11126 D BtGatt.ScanManager: track LE scan event: callerPackage = [com.xiaomi.bluetooth], scanMode = [0], reportDelayMillis = [0], behavior = [2], scannerId = [7], duration = [59933]
12-22 11:33:38.204  8079 11126 D BtGatt.ScanManager: stop scan
12-22 11:33:38.204  1192  1192 D vendor.qti.bluetooth@1.0-ibs_handler: SerialClockVote: vote for UART CLK ON
12-22 11:33:38.205  8079 11197 D BtGatt.GattService: unregisterScanner() - scannerId=7
12-22 11:33:38.205  1192  1192 D vendor.qti.bluetooth@1.0-wake_lock: Acquire wakelock is acquired
12-22 11:33:38.205  1192  1192 I vendor.qti.bluetooth@1.0-ibs_handler: DeviceWakeUp: Writing IBS_WAKE_IND
12-22 11:33:38.208 20304 20444 D IdProviderImpl: getOAID from com.miui.analytics
12-22 11:33:38.214  1192 11175 I vendor.qti.bluetooth@1.0-ibs_handler: ProcessIbsCmd: Received IBS_WAKE_ACK: 0xFC
12-22 11:33:38.215  1192 11175 I vendor.qti.bluetooth@1.0-ibs_handler: ProcessIbsCmd: Signal wack_cond_
12-22 11:33:38.215  1192  1192 D vendor.qti.bluetooth@1.0-ibs_handler: DeviceWakeUp: Unblocked from waiting for FC, pthread_cond_timedwait ret = 0
12-22 11:33:38.215 20304 20444 D IdProviderImpl: getOAID from com.miui.analytics
12-22 11:33:38.216  1192 11175 I vendor.qti.bluetooth@1.0-ibs_handler: ProcessIbsCmd: Received IBS_WAKE_IND: 0xFD
12-22 11:33:38.216  1192 11175 I vendor.qti.bluetooth@1.0-ibs_handler: ProcessIbsCmd: Writing IBS_WAKE_ACK
12-22 11:33:38.220  8079 11099 D BtGatt.GattService: onScanFilterParamsConfigured() - clientIf=7, status=0, action=1, availableSpace=59
12-22 11:33:38.220  8079 11099 D BtGatt.ScanManager: callback done for scannerId - 7 status - 0
12-22 11:33:38.221  7911  7911 E adbd    : failed to connect to socket 'tcp:6790': Connection refused
12-22 11:33:38.222  8079 11099 D BtGatt.GattService: onScanFilterParamsConfigured() - clientIf=7, status=0, action=1, availableSpace=60
12-22 11:33:38.222  8079 11099 D BtGatt.ScanManager: callback done for scannerId - 7 status - 0
12-22 11:33:38.224  8079 11099 D BtGatt.GattService: onScanFilterParamsConfigured() - clientIf=7, status=0, action=1, availableSpace=61
12-22 11:33:38.224  8079 11099 D BtGatt.ScanManager: callback done for scannerId - 7 status - 0
12-22 11:33:38.225  8079 11099 D BtGatt.GattService: onScanFilterParamsConfigured() - clientIf=7, status=0, action=1, availableSpace=62
12-22 11:33:38.225  8079 11099 D BtGatt.ScanManager: callback done for scannerId - 7 status - 0
12-22 11:33:38.228  8079 11099 D BtGatt.GattService: onScanFilterParamsConfigured() - clientIf=7, status=0, action=1, availableSpace=63
12-22 11:33:38.228  8079 11099 D BtGatt.ScanManager: callback done for scannerId - 7 status - 0
12-22 11:33:38.229  8079 11099 D BtGatt.GattService: onScanFilterParamsConfigured() - clientIf=7, status=0, action=1, availableSpace=64
12-22 11:33:38.229  8079 11099 D BtGatt.ScanManager: callback done for scannerId - 7 status - 0
12-22 11:33:38.229  8079 11126 D BtGatt.ScanManager: configureRegularScanParams() - queue=0
12-22 11:33:38.229  8079 11126 D BtGatt.ScanManager: configureRegularScanParams() - ScanSetting LE 1M Scan mode=-2147483648 ScanSetting LE Coded Scan mode=-2147483648 mLastConfiguredScanSettingLE1M=0 mLastConfiguredScanSettingLECoded=0 scanPhy=1
12-22 11:33:38.229  8079 11126 D BtGatt.ScanManager: configureRegularScanParams() - queue emtpy, scan stopped
12-22 11:33:38.229  8079 11126 D BtGatt.ScanManager: configureRegularScanParams() - queue emtpy, scan stopped
12-22 11:33:38.242 10640 11203 I CCodecBufferChannel: pipelineRoom(1) is <= numClientBuffers(1). Not signalling any more buffers to client
12-22 11:33:38.255  1251  2448 I vendor.qti.hardware.display.composer-service: FrameNotifyProcess Sensor: notify citsensorservice to trigger cwb
12-22 11:33:38.255  2027  2097 I libcitsensorservice@2.0-impl: msg_transfer
12-22 11:33:38.256  2027  3266 D vendor.xiaomi.sensor.citsensorservice@2.0-service: handle id:10 wxh:1280x2400 uwxuh:1080x2400 size: 9216000 fd:15 fd_meta:16 flags:0x4000228 usage:0x33  format:0x3 layer_count: 1
12-22 11:33:38.256  1251  2216 I SDM     : HWCSession::SetCWBOutputBuffer: CWB config passed by cwb_client : tappoint 1  CWB_ROI : (829.000000 4.000000 915.000000 90.000000)
12-22 11:33:38.261  1251 16291 I SDM     : HWCSession::ProcessRequests: Successfully configured CWB buffer.
12-22 11:33:38.265  1251 16291 I SDM     : HWCSession::ProcessRequests: Pushing release fence in fenece wait queue.
12-22 11:33:38.265  1251 16291 I SDM     : HWCSession::ProcessRequests: Creating AsyncFenceWaits async thread.
12-22 11:33:38.265  1251 16291 I SDM     : HWCSession::ProcessRequests: Remove current CWB request from the pending request queue.
12-22 11:33:38.266  1251 16291 I SDM     : HWCSession::ProcessRequests: No pending cwb requests found in the queue.
12-22 11:33:38.269  1192 11175 I vendor.qti.bluetooth@1.0-ibs_handler: ProcessIbsCmd: Received IBS_SLEEP_IND: 0xFE
12-22 11:33:38.269 28881 11959 D MiuiFastConnectService: handleMessage: MSG_START_BLE_SCAN mode: 0
12-22 11:33:38.269 28881 11959 D BluetoothAdapter: isLeEnabled(): ON
12-22 11:33:38.270 28881 11959 D BluetoothLeImp: isRoutingAllowedForScanStub
12-22 11:33:38.271  8079 11197 D BtGatt.GattService: registerScanner() - UUID=4b0163d8-0ee5-4ca1-8bcd-464f0d8d32b9
12-22 11:33:38.271  8079 11099 D BtGatt.GattService: onScannerRegistered() - UUID=4b0163d8-0ee5-4ca1-8bcd-464f0d8d32b9, scannerId=7, status=0
12-22 11:33:38.272 28881 28893 D BluetoothLeScanner: onScannerRegistered() - status=0 scannerId=7 mScannerId=0
12-22 11:33:38.272  1251  1467 I SDM     : HWDeviceDRM::SetupConcurrentWriteback: Tear down the Concurrent Writeback topology
12-22 11:33:38.280  1251 16294 I SDM     : HWCSession::NotifyCWBStatus: Notify the client about buffer status 0.
12-22 11:33:38.281  1251 16294 I SDM     : HWCSession::PerformFenceWaits: Remove current release fence from the pending fence wait queue.
12-22 11:33:38.281  1251 16294 I SDM     : HWCSession::PerformFenceWaits: CWB fence queue is empty. No pending release fence to wait on.
12-22 11:33:38.291  8079 11197 D BtGatt.GattService: start scan with filters. callingPackage: com.xiaomi.bluetooth
12-22 11:33:38.292  8079 11197 D BtGatt.GattService: enforcePrivilegedPermissionIfNeeded([BluetoothLeScanFilter [mDeviceName=null, mDeviceAddress=null, mUuid=null, mUuidMask=null, mServiceSolicitationUuid=null, mServiceSolicitationUuidMask=null, mServiceDataUuid=null, mServiceData=null, mServiceDataMask=null, mManufacturerId=911, mManufacturerData=[], mManufacturerDataMask=null, mOrganizationId=-1, mTDSFlags=-1, mTDSFlagsMask=-1, mWifiNANHash=null], mGroupBasedFiltering=false, BluetoothLeScanFilter [mDeviceName=null, mDeviceAddress=null, mUuid=null, mUuidMask=null, mServiceSolicitationUuid=null, mServiceSolicitationUuidMask=null, mServiceDataUuid=null, mServiceData=null, mServiceDataMask=null, mManufacturerId=65535, mManufacturerData=[77], mManufacturerDataMask=null, mOrganizationId=-1, mTDSFlags=-1, mTDSFlagsMask=-1, mWifiNANHash=null], mGroupBasedFiltering=false, BluetoothLeScanFilter [mDeviceName=null, mDeviceAddress=null, mUuid=null, mUuidMask=null, mServiceSolicitationUuid=null, mServiceSolicitationUuidMask=null, mServiceDataUuid=0000fe95-0000-1000-8000-00805f9b34fb, mServiceData=[], mServiceDataMask=null, mManufacturerId=-1, mManufacturerData=null, mManufacturerDataMask=null, mOrganizationId=-1, mTDSFlags=-1, mTDSFlagsMask=-1, mWifiNANHash=null], mGroupBasedFiltering=false, BluetoothLeScanFilter [mDeviceName=null, mDeviceAddress=null, mUuid=null, mUuidMask=null, mServiceSolicitationUuid=null, mServiceSolicitationUuidMask=null, mServiceDataUuid=0000fdaa-0000-1000-8000-00805f9b34fb, mServiceData=[], mServiceDataMask=null, mManufacturerId=-1, mManufacturerData=null, mManufacturerDataMask=null, mOrganizationId=-1, mTDSFlags=-1, mTDSFlagsMask=-1, mWifiNANHash=null], mGroupBasedFiltering=false, BluetoothLeScanFilter [mDeviceName=null, mDeviceAddress=null, mUuid=null, mUuidMask=null, mServiceSolicitationUuid=null, mServiceSolicitationUuidMask=null, mServiceDataUuid=0000fdee-0000-1000-8000-00805f9b34fb, mServiceData=[1, 1, 1], mServiceDataMask=null, mManufacturerId=-1, mManufacturerData=null, mManufacturerDataMask=null, mOrganizationId=-1, mTDSFlags=-1, mTDSFlagsMask=-1, mWifiNANHash=null], mGroupBasedFiltering=false, BluetoothLeScanFilter [mDeviceName=null, mDeviceAddress=null, mUuid=null, mUuidMask=null, mServiceSolicitationUuid=null, mServiceSolicitationUuidMask=null, mServiceDataUuid=0000fd2d-0000-1000-8000-00805f9b34fb, mServiceData=[], mServiceDataMask=null, mManufacturerId=-1, mManufacturerData=null, mManufacturerDataMask=null, mOrganizationId=-1, mTDSFlags=-1, mTDSFlagsMask=-1, mWifiNANHash=null], mGroupBasedFiltering=false])
12-22 11:33:38.293  8079 11197 W BluetoothUtils: callingUid is Process.BLUETOOTH_UID
12-22 11:33:38.294  8079 11126 I BtGatt.ScanManager: msg.what = 9, msg.arg1 = 0(mMiuiControllingType)
12-22 11:33:38.294  8079 11126 I BtGatt.ScanManager: msg.what = 0, msg.arg1 = 0(mMiuiControllingType)
12-22 11:33:38.294  8079 11126 D BtGatt.ScanManager: handling starting scan
12-22 11:33:38.294  8079 11126 D BtGatt.ScanManager: isAptXLowLatencyModeEnabled: false
12-22 11:33:38.294  8079 11126 D BtGatt.ScanManager: track LE scan event: callerPackage = [com.xiaomi.bluetooth], scanMode = [0], reportDelayMillis = [0], behavior = [1], scannerId = [7], duration = [0]
12-22 11:33:38.296  1192 11175 I vendor.qti.bluetooth@1.0-ibs_handler: ProcessIbsCmd: Received IBS_WAKE_IND: 0xFD
12-22 11:33:38.296  1192 11175 I vendor.qti.bluetooth@1.0-ibs_handler: ProcessIbsCmd: Writing IBS_WAKE_ACK
12-22 11:33:38.297  8079 11099 D BtGatt.GattService: onScanFilterEnableDisabled() - clientIf=7, status=0, action=1
12-22 11:33:38.297  8079 11099 D BtGatt.ScanManager: callback done for scannerId - 7 status - 0
12-22 11:33:38.297  8079 11126 D BtGatt.ScanManager: configureScanFilters rssiThreshold: -60, 15
12-22 11:33:38.297  8079 11126 D BtGatt.ScanManager: Available Filter size: 61
12-22 11:33:38.297  8079 11099 D BtGatt.GattService: onScanFilterConfig() - clientIf=7, action = 0 status = 0, filterType=0, availableSpace=0
12-22 11:33:38.297  8079 11099 D BtGatt.ScanManager: callback done for scannerId - 7 status - 0
12-22 11:33:38.298  8079 11126 D BtGatt.ScanManager: configureFilterParamter 500 10000 1 0, deliveryMode=0
12-22 11:33:38.299 20304 20444 D IdProviderImpl: getOAID from com.miui.analytics
12-22 11:33:38.301  8079 11099 D BtGatt.GattService: onScanFilterParamsConfigured() - clientIf=7, status=0, action=0, availableSpace=63
12-22 11:33:38.301  8079 11099 D BtGatt.ScanManager: callback done for scannerId - 7 status - 0
12-22 11:33:38.302  8079 11099 D BtGatt.GattService: onScanFilterConfig() - clientIf=7, action = 0 status = 0, filterType=0, availableSpace=0
12-22 11:33:38.302  8079 11099 D BtGatt.ScanManager: callback done for scannerId - 7 status - 0
12-22 11:33:38.302  8079 11126 D BtGatt.ScanManager: configureFilterParamter 500 10000 1 0, deliveryMode=0
12-22 11:33:38.304  8079 11099 D BtGatt.GattService: onScanFilterParamsConfigured() - clientIf=7, status=0, action=0, availableSpace=62
12-22 11:33:38.304  8079 11099 D BtGatt.ScanManager: callback done for scannerId - 7 status - 0
12-22 11:33:38.304  8079 11099 D BtGatt.GattService: onScanFilterConfig() - clientIf=7, action = 0 status = 0, filterType=0, availableSpace=0
12-22 11:33:38.304  8079 11099 D BtGatt.ScanManager: callback done for scannerId - 7 status - 0
12-22 11:33:38.305  8079 11126 D BtGatt.ScanManager: configureFilterParamter 500 10000 1 0, deliveryMode=0
12-22 11:33:38.307  8079 11099 D BtGatt.GattService: onScanFilterParamsConfigured() - clientIf=7, status=0, action=0, availableSpace=61
12-22 11:33:38.307  8079 11099 D BtGatt.ScanManager: callback done for scannerId - 7 status - 0
12-22 11:33:38.307  8079 11099 D BtGatt.GattService: onScanFilterConfig() - clientIf=7, action = 0 status = 0, filterType=0, availableSpace=0
12-22 11:33:38.308  8079 11099 D BtGatt.ScanManager: callback done for scannerId - 7 status - 0
12-22 11:33:38.308  8079 11126 D BtGatt.ScanManager: configureFilterParamter 500 10000 1 0, deliveryMode=0
12-22 11:33:38.311  8079 11099 D BtGatt.GattService: onScanFilterParamsConfigured() - clientIf=7, status=0, action=0, availableSpace=60
12-22 11:33:38.311  8079 11099 D BtGatt.ScanManager: callback done for scannerId - 7 status - 0
12-22 11:33:38.311  8079 11099 D BtGatt.GattService: onScanFilterConfig() - clientIf=7, action = 0 status = 0, filterType=0, availableSpace=0
12-22 11:33:38.312  8079 11099 D BtGatt.ScanManager: callback done for scannerId - 7 status - 0
12-22 11:33:38.312  8079 11126 D BtGatt.ScanManager: configureFilterParamter 500 10000 1 0, deliveryMode=0
12-22 11:33:38.313  8079 11099 D BtGatt.GattService: onScanFilterParamsConfigured() - clientIf=7, status=0, action=0, availableSpace=59
12-22 11:33:38.313  8079 11099 D BtGatt.ScanManager: callback done for scannerId - 7 status - 0
12-22 11:33:38.314  8079 11099 D BtGatt.GattService: onScanFilterConfig() - clientIf=7, action = 0 status = 0, filterType=0, availableSpace=0
12-22 11:33:38.314  8079 11099 D BtGatt.ScanManager: callback done for scannerId - 7 status - 0
12-22 11:33:38.314  8079 11126 D BtGatt.ScanManager: configureFilterParamter 500 10000 1 0, deliveryMode=0
12-22 11:33:38.317  8079 11099 D BtGatt.GattService: onScanFilterParamsConfigured() - clientIf=7, status=0, action=0, availableSpace=58
12-22 11:33:38.317  8079 11099 D BtGatt.ScanManager: callback done for scannerId - 7 status - 0
12-22 11:33:38.318  8079 11126 D BtGatt.ScanManager: configureRegularScanParams() - queue=1
12-22 11:33:38.318  8079 11126 D BtGatt.ScanManager: configureRegularScanParams() - ScanSetting LE 1M Scan mode=0 ScanSetting LE Coded Scan mode=0 mLastConfiguredScanSettingLE1M=-2147483648 mLastConfiguredScanSettingLECoded=-2147483648 scanPhy=255
12-22 11:33:38.322  8079 11126 W BtGatt.ScanManager: trackLeScan() - mLastStartTime = 0
12-22 11:33:38.322  8079 11126 D BtGatt.ScanManager: configureRegularScanParams - scanInterval LE 1M = 660 configureRegularScanParams - scanWindow LE 1M= 66 configureRegularScanParams - scanInterval LE Coded= 660 configureRegularScanParams - scanWindow LE Coded= 66
12-22 11:33:38.323  8079 11099 D BtGatt.GattService: onScanParamSetupCompleted : 0
12-22 11:33:38.366  1192 11175 I vendor.qti.bluetooth@1.0-ibs_handler: ProcessIbsCmd: Received IBS_SLEEP_IND: 0xFE
12-22 11:33:38.368 10640 11203 I CCodecBufferChannel: pipelineRoom(3) is <= numClientBuffers(3). Not signalling any more buffers to client
12-22 11:33:38.381  2027  3285 D libsensor-displayalgo: the value of  brightness:369.000000,R:15875545.844099,G:13208790.953697,B:24171774.331665,EVENT_C:1488.000000,EVENT_R:664.000000,EVENT_G:777.500000,EVENT_B:339.000000
12-22 11:33:38.381  2027  3285 I libsensor-displayalgo: the value of  Coef1:1107.681000,Coef4:2.383000, scale1:0.935522, scale4:0.923264
12-22 11:33:38.381  2027  3285 E libsensor-displayalgo: RGB_test_0407_400_oldzy!
12-22 11:33:38.381  2027  3285 I libsensor-displayalgo: the value of  RESULT887.946646,350.245656,444.171039,158.131599
12-22 11:33:38.381  2027  3285 I libsensor-displayalgo: the value of  getChannelDataCalibrated926.647816,325.029662,512.257874,171.173494
12-22 11:33:38.381  2027  3285 I libsensor-displayalgo: the value of  REAL LUX25.272427
12-22 11:33:38.381  2027  3285 I libsensor-displayalgo: the value of  CAL REAL LUX25.272427
12-22 11:33:38.388  1192 11175 I vendor.qti.bluetooth@1.0-ibs_handler: ProcessIbsCmd: Received IBS_WAKE_IND: 0xFD
12-22 11:33:38.388  1192 11175 I vendor.qti.bluetooth@1.0-ibs_handler: ProcessIbsCmd: Writing IBS_WAKE_ACK
12-22 11:33:38.390  8079 11099 D BluetoothRemoteDevices: Property type: 1
12-22 11:33:38.390  8079 11099 D BluetoothRemoteDevices: Skip name update for B8:7C:6F:7E:5C:B0
12-22 11:33:38.390  8079 11099 D BluetoothRemoteDevices: Property type: 4
12-22 11:33:38.390  8079 11099 D BluetoothRemoteDevices: Skip class update for B8:7C:6F:7E:5C:B0
12-22 11:33:38.390  8079 11099 D BluetoothRemoteDevices: Property type: 5
12-22 11:33:38.390  8079 11099 D BluetoothRemoteDevices: BT_PROPERTY_TYPE_OF_DEVICE B8:7C:6F:7E:5C:B0
12-22 11:33:38.393 28881 11959 E MiuiConfigNetConnectController : empty last pop
12-22 11:33:38.393 28881 11959 D MiuiConfigNetConnectController : getDeviceTimes B8:7C:6F:7E:5C:B0
12-22 11:33:38.393 28881 11959 D MiuiConfigNetConnectController : device is in the DeviceBlackList: B8:7C:6F:7E:5C:B0
12-22 11:33:38.429  1192 11175 I vendor.qti.bluetooth@1.0-ibs_handler: ProcessIbsCmd: Received IBS_SLEEP_IND: 0xFE
12-22 11:33:38.490 10640 11203 I CCodecBufferChannel: pipelineRoom(2) is <= numClientBuffers(3). Not signalling any more buffers to client
12-22 11:33:38.490 10640 15921 I CCodecBufferChannel: pipelineRoom(2) is <= numClientBuffers(2). Not signalling any more buffers to client
12-22 11:33:38.492 10640 11203 I CCodecBufferChannel: pipelineRoom(3) is <= numClientBuffers(3). Not signalling any more buffers to client
12-22 11:33:38.492 10640 15921 I CCodecBufferChannel: pipelineRoom(3) is <= numClientBuffers(3). Not signalling any more buffers to client
12-22 11:33:38.496 10640 15921 I CCodecBufferChannel: pipelineRoom(2) is <= numClientBuffers(2). Not signalling any more buffers to client
12-22 11:33:38.559  1251  2448 I vendor.qti.hardware.display.composer-service: FrameNotifyProcess Sensor: notify citsensorservice to trigger cwb
12-22 11:33:38.560  2027  2027 I libcitsensorservice@2.0-impl: msg_transfer
12-22 11:33:38.560  2027  3266 D vendor.xiaomi.sensor.citsensorservice@2.0-service: handle id:10 wxh:1280x2400 uwxuh:1080x2400 size: 9216000 fd:15 fd_meta:16 flags:0x4000228 usage:0x33  format:0x3 layer_count: 1
12-22 11:33:38.561  1251  2216 I SDM     : HWCSession::SetCWBOutputBuffer: CWB config passed by cwb_client : tappoint 1  CWB_ROI : (829.000000 4.000000 915.000000 90.000000)
12-22 11:33:38.562  1251 16295 I SDM     : HWCSession::ProcessRequests: Successfully configured CWB buffer.
12-22 11:33:38.569 10640 11203 I CCodecBufferChannel: pipelineRoom(2) is <= numClientBuffers(3). Not signalling any more buffers to client
12-22 11:33:38.570 10640 15921 I CCodecBufferChannel: pipelineRoom(2) is <= numClientBuffers(2). Not signalling any more buffers to client
12-22 11:33:38.570  1251 16295 I SDM     : HWCSession::ProcessRequests: Pushing release fence in fenece wait queue.
12-22 11:33:38.570  1251 16295 I SDM     : HWCSession::ProcessRequests: Creating AsyncFenceWaits async thread.
12-22 11:33:38.571  1251 16295 I SDM     : HWCSession::ProcessRequests: Remove current CWB request from the pending request queue.
12-22 11:33:38.576  1251  1467 I SDM     : HWDeviceDRM::SetupConcurrentWriteback: Tear down the Concurrent Writeback topology
12-22 11:33:38.581  1251 16295 I SDM     : HWCSession::ProcessRequests: No pending cwb requests found in the queue.
12-22 11:33:38.584  1251 16296 I SDM     : HWCSession::NotifyCWBStatus: Notify the client about buffer status 0.
12-22 11:33:38.584  1251 16296 I SDM     : HWCSession::PerformFenceWaits: Remove current release fence from the pending fence wait queue.
12-22 11:33:38.584  1251 16296 I SDM     : HWCSession::PerformFenceWaits: CWB fence queue is empty. No pending release fence to wait on.
12-22 11:33:38.639  2475  3040 I BatteryService: current mPlugType2current mHealthInfo.batteryLevel28current mHealthInfo.batteryTemperature316
12-22 11:33:38.641  6206  7182 D ThermalIECHandler: storeDataStyle: thermal_iec_monitor_persistence_data_style_iec_state; startIECTime: -1; IECScreenOffOverPeriodTime: 1410825231
12-22 11:33:38.643  6171  6171 I BatteryInfoReceiver: ACTION_BATTERY_CHANGED
12-22 11:33:38.643  9660  9660 D DynamicService:  ACTION_BATTERY_CHANGED change,USB plug = 2
12-22 11:33:38.644  6206  6950 D PowerKeeper.FrozenApp: onBatteryChanged plug=true mBatteryPlugged=2
12-22 11:33:38.644  6206  7099 D PowerCheckerService: onBatteryChanged, mBatteryLevel = 28, status = 2, level = 28, plug = 2, scale = 100
12-22 11:33:38.644  6206  7192 D PowerKeeper.Thermal: mBatteryTemperature: 31
12-22 11:33:38.647  6171  6171 I PowerNoticeUI: handleBatteryChanged oldPlugType 2 mPlugType 2 oldBatteryLevel 28 mBatteryLevel 28 temperature 316
12-22 11:33:38.645  4409  4409 D QtiCarrierConfigHelper: WARNING, no carrier configs on phone Id: 1
12-22 11:33:38.649  4453  4453 V DeviceStatisticsService: chargerType=2 batteryLevel=28 totalBatteryCapacity=4167800
12-22 11:33:38.656  2475  2688 I android_os_HwBinder: HwBinder: Starting thread pool for getting: vendor.xiaomi.hardware.micharge@1.0::IMiCharge/default
12-22 11:33:38.656  1344 28451 E vendor.xiaomi.hardware.micharge@1.0-service: Failed to open node /sys/class/qcom-battery/reverse_chg_mode
12-22 11:33:38.656  1344 28451 I vendor.xiaomi.hardware.micharge@1.0-service: ReadFilePathValue path = /sys/class/qcom-battery/reverse_chg_mode value =
12-22 11:33:38.660  6171  8095 I android_os_HwBinder: HwBinder: Starting thread pool for getting: vendor.xiaomi.hardware.micharge@1.0::IMiCharge/default
12-22 11:33:38.660  1344 28451 I vendor.xiaomi.hardware.micharge@1.0-service: ReadFilePathValue path = /sys/class/qcom-battery/night_charging value = 0
12-22 11:33:38.660  6171  8095 I ChargeProtectionUtils: getNightChargingState: 0
12-22 11:33:38.661  2475  2688 I android_os_HwBinder: HwBinder: Starting thread pool for getting: vendor.xiaomi.hardware.micharge@1.0::IMiCharge/default
12-22 11:33:38.662  1344 28451 I vendor.xiaomi.hardware.micharge@1.0-service: ReadFilePathValue path = /sys/class/qcom-battery/fastchg_mode value = 0
12-22 11:33:38.681  2027  3285 D libsensor-displayalgo: the value of  brightness:369.000000,R:15875545.844099,G:13208790.953697,B:24171774.331665,EVENT_C:1474.500000,EVENT_R:660.000000,EVENT_G:771.000000,EVENT_B:337.000000
12-22 11:33:38.681  2027  3285 I libsensor-displayalgo: the value of  Coef1:1107.681000,Coef4:2.383000, scale1:0.935522, scale4:0.923264
12-22 11:33:38.681  2027  3285 E libsensor-displayalgo: RGB_test_0407_400_oldzy!
12-22 11:33:38.682  2027  3285 I libsensor-displayalgo: the value of  RESULT887.946646,350.245656,444.171039,158.131599
12-22 11:33:38.682  2027  3285 I libsensor-displayalgo: the value of  getChannelDataCalibrated926.647816,325.029662,512.257874,171.173494
12-22 11:33:38.682  2027  3285 I libsensor-displayalgo: the value of  REAL LUX24.337194
12-22 11:33:38.682  2027  3285 I libsensor-displayalgo: the value of  CAL REAL LUX24.337194
12-22 11:33:38.690 10640 11203 I CCodecBufferChannel: pipelineRoom(2) is <= numClientBuffers(3). Not signalling any more buffers to client
12-22 11:33:38.690 10640 15921 I CCodecBufferChannel: pipelineRoom(2) is <= numClientBuffers(2). Not signalling any more buffers to client
12-22 11:33:38.808 10640 11203 I CCodecBufferChannel: pipelineRoom(2) is <= numClientBuffers(3). Not signalling any more buffers to client
12-22 11:33:38.809 10640 15921 I CCodecBufferChannel: pipelineRoom(2) is <= numClientBuffers(2). Not signalling any more buffers to client
12-22 11:33:38.849  4496  4496 D MiPlayDetailViewModel: onPositionChange(): position = 26305
12-22 11:33:38.849  9768 15974 I SafeBinderCall: onPositionChange binder cost:1
12-22 11:33:38.864  1251  2448 I vendor.qti.hardware.display.composer-service: FrameNotifyProcess Sensor: notify citsensorservice to trigger cwb
12-22 11:33:38.864  2027  2027 I libcitsensorservice@2.0-impl: msg_transfer
12-22 11:33:38.865  2027  3266 D vendor.xiaomi.sensor.citsensorservice@2.0-service: handle id:10 wxh:1280x2400 uwxuh:1080x2400 size: 9216000 fd:15 fd_meta:16 flags:0x4000228 usage:0x33  format:0x3 layer_count: 1
12-22 11:33:38.865  1251  2216 I SDM     : HWCSession::SetCWBOutputBuffer: CWB config passed by cwb_client : tappoint 1  CWB_ROI : (829.000000 4.000000 915.000000 90.000000)
12-22 11:33:38.870  1251 16297 I SDM     : HWCSession::ProcessRequests: Successfully configured CWB buffer.
12-22 11:33:38.875  1251 16297 I SDM     : HWCSession::ProcessRequests: Pushing release fence in fenece wait queue.
12-22 11:33:38.875  1251 16297 I SDM     : HWCSession::ProcessRequests: Creating AsyncFenceWaits async thread.
12-22 11:33:38.875  1251 16297 I SDM     : HWCSession::ProcessRequests: Remove current CWB request from the pending request queue.
12-22 11:33:38.875  1251 16297 I SDM     : HWCSession::ProcessRequests: No pending cwb requests found in the queue.
12-22 11:33:38.881  1251  1467 I SDM     : HWDeviceDRM::SetupConcurrentWriteback: Tear down the Concurrent Writeback topology
12-22 11:33:38.888  1251 16298 I SDM     : HWCSession::NotifyCWBStatus: Notify the client about buffer status 0.
12-22 11:33:38.889  1251 16298 I SDM     : HWCSession::PerformFenceWaits: Remove current release fence from the pending fence wait queue.
12-22 11:33:38.889  1251 16298 I SDM     : HWCSession::PerformFenceWaits: CWB fence queue is empty. No pending release fence to wait on.
12-22 11:33:38.911 16268 16284 I appium  : Starting MJPEG Server
12-22 11:33:38.917 10640 10840 D AudioTrack: [audioTrackData][fine] 30s(f:30009 m:20 s:1 k:0) : pid 10640 uid 10269 sessionId 7289 sr 44100 ch 2 fmt 1
12-22 11:33:38.927 10640 11203 I CCodecBufferChannel: pipelineRoom(2) is <= numClientBuffers(3). Not signalling any more buffers to client
12-22 11:33:38.933 10640 15921 I CCodecBufferChannel: pipelineRoom(2) is <= numClientBuffers(2). Not signalling any more buffers to client
12-22 11:33:38.936 10640 15921 I CCodecBufferChannel: pipelineRoom(3) is <= numClientBuffers(3). Not signalling any more buffers to client
12-22 11:33:38.940 10640 11203 I CCodecBufferChannel: pipelineRoom(3) is <= numClientBuffers(3). Not signalling any more buffers to client
12-22 11:33:38.962 16268 16284 I appium  : MJPEG Server started
12-22 11:33:38.971 16268 16284 I appium  : AndroidServer created on port 6790
12-22 11:33:38.971 16268 16284 I appium  : io.appium.uiautomator2.server started:
12-22 11:33:38.973 16268 16300 I appium  : ServerSocket created on port 7810
12-22 11:33:38.973   693   693 I servicemanager: Notifying apexservice they have clients: 1
12-22 11:33:38.975  2475  2475 D AS.AudioService: Accessibility volume enabled = false
12-22 11:33:38.981  2027  3285 D libsensor-displayalgo: the value of  brightness:369.000000,R:15875545.844099,G:13208790.953697,B:24171774.331665,EVENT_C:1478.500000,EVENT_R:662.000000,EVENT_G:774.000000,EVENT_B:337.500000
12-22 11:33:38.981  2027  3285 I libsensor-displayalgo: the value of  Coef1:1107.681000,Coef4:2.383000, scale1:0.935522, scale4:0.923264
12-22 11:33:38.981  2027  3285 E libsensor-displayalgo: RGB_test_0407_400_oldzy!
12-22 11:33:38.981  2027  3285 I libsensor-displayalgo: the value of  RESULT887.946646,350.245656,444.171039,158.131599
12-22 11:33:38.981  2027  3285 I libsensor-displayalgo: the value of  getChannelDataCalibrated926.647816,325.029662,512.257874,171.173494
12-22 11:33:38.982  2027  3285 I libsensor-displayalgo: the value of  REAL LUX24.639973
12-22 11:33:38.982  2027  3285 I libsensor-displayalgo: the value of  CAL REAL LUX24.639973
12-22 11:33:38.985 16268 16301 I appium  : Started UiAutomator2 io.appium.uiautomator2.http io.appium.uiautomator2.server on port 6790
12-22 11:33:39.000 13055 13339 D MemoryCeilingMonitor: [handleMemoryCalculate]
12-22 11:33:39.000 13055 13339 D MemoryCeilingMonitor: [calculate] tot: 5998208, max: 268435456, free: 1179616, heap: 4818592, per: 0.01795065402984619
12-22 11:33:39.001 16268 16304 W tomator2.serve: Accessing hidden method Lsun/misc/VM;->maxDirectMemory()J (unsupported, reflection, allowed)
12-22 11:33:39.007 16268 16304 W tomator2.serve: Accessing hidden field Lsun/nio/ch/SelectorImpl;->selectedKeys:Ljava/util/Set; (unsupported, reflection, allowed)
12-22 11:33:39.007 16268 16304 W tomator2.serve: Accessing hidden field Lsun/nio/ch/SelectorImpl;->publicSelectedKeys:Ljava/util/Set; (unsupported, reflection, allowed)
12-22 11:33:39.017 16268 16268 W Thread-5: type=1400 audit(0.0:119886): avc: denied { read } for name="somaxconn" dev="proc" ino=21684032 scontext=u:r:untrusted_app:s0:c3,c257,c512,c768 tcontext=u:object_r:proc_net:s0 tclass=file permissive=0 app=io.appium.uiautomator2.server
12-22 11:33:39.127 10640 11203 I CCodecBufferChannel: pipelineRoom(2) is <= numClientBuffers(3). Not signalling any more buffers to client
12-22 11:33:39.127 10640 15921 I CCodecBufferChannel: pipelineRoom(2) is <= numClientBuffers(2). Not signalling any more buffers to client
12-22 11:33:39.169  1251  2448 I vendor.qti.hardware.display.composer-service: FrameNotifyProcess Sensor: notify citsensorservice to trigger cwb
12-22 11:33:39.169  2027  2027 I libcitsensorservice@2.0-impl: msg_transfer
12-22 11:33:39.169  2027  3266 D vendor.xiaomi.sensor.citsensorservice@2.0-service: handle id:10 wxh:1280x2400 uwxuh:1080x2400 size: 9216000 fd:15 fd_meta:16 flags:0x4000228 usage:0x33  format:0x3 layer_count: 1
12-22 11:33:39.170  1251  2216 I SDM     : HWCSession::SetCWBOutputBuffer: CWB config passed by cwb_client : tappoint 1  CWB_ROI : (829.000000 4.000000 915.000000 90.000000)
12-22 11:33:39.170  1251 16308 I SDM     : HWCSession::ProcessRequests: Successfully configured CWB buffer.
12-22 11:33:39.180  1251 16308 I SDM     : HWCSession::ProcessRequests: Pushing release fence in fenece wait queue.
12-22 11:33:39.180  1251 16308 I SDM     : HWCSession::ProcessRequests: Creating AsyncFenceWaits async thread.
12-22 11:33:39.180  1251 16308 I SDM     : HWCSession::ProcessRequests: Remove current CWB request from the pending request queue.
12-22 11:33:39.180  1251 16308 I SDM     : HWCSession::ProcessRequests: No pending cwb requests found in the queue.
12-22 11:33:39.186  1251  1467 I SDM     : HWDeviceDRM::SetupConcurrentWriteback: Tear down the Concurrent Writeback topology
12-22 11:33:39.193  1251 16309 I SDM     : HWCSession::NotifyCWBStatus: Notify the client about buffer status 0.
12-22 11:33:39.194  1251 16309 I SDM     : HWCSession::PerformFenceWaits: Remove current release fence from the pending fence wait queue.
12-22 11:33:39.194  1251 16309 I SDM     : HWCSession::PerformFenceWaits: CWB fence queue is empty. No pending release fence to wait on.
12-22 11:33:39.243 10640 11203 I CCodecBufferChannel: pipelineRoom(2) is <= numClientBuffers(3). Not signalling any more buffers to client
12-22 11:33:39.243 10640 15921 I CCodecBufferChannel: pipelineRoom(2) is <= numClientBuffers(2). Not signalling any more buffers to client
12-22 11:33:39.262 16268 16313 I appium  : channel read: GET /wd/hub/status
12-22 11:33:39.264 16268 16313 I appium  : Status command
12-22 11:33:39.273 16268 16313 I appium  : AppiumResponse: {"sessionId":"None","value":{"message":"UiAutomator2 Server is ready to accept commands","ready":true}}
12-22 11:33:39.287 16268 16313 I appium  : channel read: POST /wd/hub/session
12-22 11:33:39.287 16268 16313 I appium  : NewSession command
12-22 11:33:39.295 16268 16313 W tomator2.serve: Accessing hidden field Landroid/app/UiAutomation;->mOnAccessibilityEventListener:Landroid/app/UiAutomation$OnAccessibilityEventListener; (max-target-o, reflection, allowed)
12-22 11:33:39.296 16268 16313 I appium  : Created the new session with id d7c29cd5-49f7-48ff-b358-09c6421c45ff and capabilities {appPackage=cn.missevan, networkConnectionEnabled=true, noReset=true, warnings={}, databaseEnabled=false, deviceName=b8fc130c, platform=LINUX, deviceUDID=b8fc130c, appActivity=.activity.MainActivity, desired={platformName=Android, appActivity=.activity.MainActivity, appPackage=cn.missevan, autoGrantPermissions=true, autoLaunch=false, automationName=UiAutomator2, deviceName=b8fc130c, noReset=true, platformVersion=12, newCommandTimeout=3000.0, waitForIdleTimeout=100.0, udid=b8fc130c}, autoLaunch=false, newCommandTimeout=3000.0, platformVersion=12, webStorageEnabled=false, locationContextEnabled=false, automationName=UiAutomator2, takesScreenshot=true, autoGrantPermissions=true, javascriptEnabled=true, platformName=Android, udid=b8fc130c}
12-22 11:33:39.301 16268 16313 I appium  : AppiumResponse: {"sessionId":"d7c29cd5-49f7-48ff-b358-09c6421c45ff","value":{"capabilities":{"firstMatch":[{"platform":"LINUX","webStorageEnabled":false,"takesScreenshot":true,"javascriptEnabled":true,"databaseEnabled":false,"networkConnectionEnabled":true,"locationContextEnabled":false,"warnings":{},"desired":{"pl…
12-22 11:33:39.325  1192 11182 I vendor.qti.bluetooth@1.0-ibs_handler: DeviceSleep: TX Awake, Sending SLEEP_IND
12-22 11:33:39.325  1192 11182 D vendor.qti.bluetooth@1.0-ibs_handler: SerialClockVote: vote for UART CLK OFF
12-22 11:33:39.331 16268 16313 I appium  : channel read: GET /wd/hub/session/d7c29cd5-49f7-48ff-b358-09c6421c45ff/appium/device/info
12-22 11:33:39.332 16268 16313 I appium  : GetDeviceInfo command
12-22 11:33:39.345 16268 16313 W tomator2.serve: Accessing hidden field Landroid/net/NetworkCapabilities;->mSignalStrength:I (max-target-p, reflection, allowed)
12-22 11:33:39.345 16268 16313 W tomator2.serve: Accessing hidden field Landroid/net/NetworkCapabilities;->mSSID:Ljava/lang/String; (max-target-o, reflection, allowed)
12-22 11:33:39.361 16268 16313 I appium  : AppiumResponse: {"sessionId":"d7c29cd5-49f7-48ff-b358-09c6421c45ff","value":{"androidId":"1c4d77ab270f7597","apiVersion":"31","bluetooth":{"state":"ON"},"brand":"Xiaomi","carrierName":"中国移动","displayDensity":440,"locale":"zh_CN","manufacturer":"Xiaomi","model":"2209129SC","networks":[{"capabilities":{"SSID":null,"l…
12-22 11:33:39.373 10640 11203 I CCodecBufferChannel: pipelineRoom(2) is <= numClientBuffers(2). Not signalling any more buffers to client
12-22 11:33:39.377 10640 11203 I CCodecBufferChannel: pipelineRoom(2) is <= numClientBuffers(3). Not signalling any more buffers to client
12-22 11:33:39.377 10640 15921 I CCodecBufferChannel: pipelineRoom(2) is <= numClientBuffers(2). Not signalling any more buffers to client
12-22 11:33:39.381  2027  3285 D libsensor-displayalgo: the value of  brightness:369.000000,R:15875545.844099,G:13208790.953697,B:24171774.331665,EVENT_C:1479.500000,EVENT_R:661.000000,EVENT_G:773.000000,EVENT_B:338.000000
12-22 11:33:39.381  2027  3285 I libsensor-displayalgo: the value of  Coef1:1107.681000,Coef4:2.383000, scale1:0.935522, scale4:0.923264
12-22 11:33:39.381  2027  3285 E libsensor-displayalgo: RGB_test_0407_400_oldzy!
12-22 11:33:39.381  2027  3285 I libsensor-displayalgo: the value of  RESULT887.946646,350.245656,444.171039,158.131599
12-22 11:33:39.381  2027  3285 I libsensor-displayalgo: the value of  getChannelDataCalibrated926.647816,325.029662,512.257874,171.173494
12-22 11:33:39.382  2027  3285 I libsensor-displayalgo: the value of  REAL LUX24.662132
12-22 11:33:39.382  2027  3285 I libsensor-displayalgo: the value of  CAL REAL LUX24.662132
12-22 11:33:39.474  1251  2448 I vendor.qti.hardware.display.composer-service: FrameNotifyProcess Sensor: notify citsensorservice to trigger cwb
12-22 11:33:39.474  2027  2097 I libcitsensorservice@2.0-impl: msg_transfer
