06-20 17:57:26.986  2018  3127 I libsensor-displayalgo: the value of  Coef1:1107.681000,Coef4:2.383000, scale1:0.935522, scale4:0.923264
06-20 17:57:26.986  2018  3127 E libsensor-displayalgo: RGB_test_0407_400_oldzy!
06-20 17:57:26.987  2018  3127 I libsensor-displayalgo: the value of  RESULT2533.951356,969.525134,1257.480364,465.556487
06-20 17:57:26.987  2018  3127 I libsensor-displayalgo: the value of  getChannelDataCalibrated2656.709664,897.967148,1461.574683,508.123577
06-20 17:57:26.987  2018  3127 I libsensor-displayalgo: the value of  REAL LUX179.796249
06-20 17:57:26.987  2018  3127 I libsensor-displayalgo: the value of  CAL REAL LUX179.796249
06-20 17:57:27.271  1265  2358 I vendor.qti.hardware.display.composer-service: FrameNotifyProcess Sensor: notify citsensorservice to trigger cwb
06-20 17:57:27.272  2018  2108 I libcitsensorservice@2.0-impl: msg_transfer
06-20 17:57:27.272  2018  3098 D vendor.xiaomi.sensor.citsensorservice@2.0-service: handle id:9 wxh:1280x2400 uwxuh:1080x2400 size: 9216000 fd:15 fd_meta:16 flags:0x4000228 usage:0x33  format:0x3 layer_count: 1
06-20 17:57:27.273  1265  1889 I SDM     : HWCSession::SetCWBOutputBuffer: CWB config passed by cwb_client : tappoint 1  CWB_ROI : (829.000000 4.000000 915.000000 90.000000)
06-20 17:57:27.273  1265 17078 I SDM     : HWCSession::ProcessRequests: Successfully configured CWB buffer.
06-20 17:57:27.282  2431  3286 D MiuiNetworkPolicy: updateLimit mLimitEnabled=false,enabled=true,mNetworkPriorityMode=1
06-20 17:57:27.283  2018  3127 D libsensor-displayalgo: the value of  brightness:438.000000,R:53461186.505908,G:58359330.953192,B:65345878.508638,EVENT_C:5718.500000,EVENT_R:2209.500000,EVENT_G:2903.500000,EVENT_B:1153.000000
06-20 17:57:27.283  2018  3127 I libsensor-displayalgo: the value of  Coef1:1107.681000,Coef4:2.383000, scale1:0.935522, scale4:0.923264
06-20 17:57:27.283  2018  3127 E libsensor-displayalgo: RGB_test_0407_400_oldzy!
06-20 17:57:27.283  2018  3127 I libsensor-displayalgo: the value of  RESULT2533.951356,969.525134,1257.480364,465.556487
06-20 17:57:27.283  2018  3127 I libsensor-displayalgo: the value of  getChannelDataCalibrated2656.709664,897.967148,1461.574683,508.123577
06-20 17:57:27.284  2018  3127 I libsensor-displayalgo: the value of  REAL LUX179.858521
06-20 17:57:27.284  2018  3127 I libsensor-displayalgo: the value of  CAL REAL LUX179.858521
06-20 17:57:27.294  1265 17078 I SDM     : HWCSession::ProcessRequests: Pushing release fence in fenece wait queue.
06-20 17:57:27.294  1265 17078 I SDM     : HWCSession::ProcessRequests: Creating AsyncFenceWaits async thread.
06-20 17:57:27.295  1265 17078 I SDM     : HWCSession::ProcessRequests: Remove current CWB request from the pending request queue.
06-20 17:57:27.295  1265 17078 I SDM     : HWCSession::ProcessRequests: No pending cwb requests found in the queue.
06-20 17:57:27.310  1265  1584 I SDM     : HWDeviceDRM::SetupConcurrentWriteback: Tear down the Concurrent Writeback topology
06-20 17:57:27.322  1265 17079 I SDM     : HWCSession::NotifyCWBStatus: Notify the client about buffer status 0.
06-20 17:57:27.323  1265 17079 I SDM     : HWCSession::PerformFenceWaits: Remove current release fence from the pending fence wait queue.
06-20 17:57:27.323  1265 17079 I SDM     : HWCSession::PerformFenceWaits: CWB fence queue is empty. No pending release fence to wait on.
06-20 17:57:27.570  1113  1113 D Zygote  : Forked child process 17080
06-20 17:57:27.573  2431  2651 I ActivityManager: Start proc 17080:com.qualcomm.qti.autoregistration/1001 for service {com.qualcomm.qti.autoregistration/com.qualcomm.qti.autoregistration.RegistrationService} caller=com.qualcomm.qti.autoregistration
06-20 17:57:27.577  2431  4125 W MiuiMemoryService: com.android.settings is system app!
06-20 17:57:27.582  2018  3127 D libsensor-displayalgo: the value of  brightness:438.000000,R:53460989.281127,G:58359158.043723,B:65345750.697288,EVENT_C:5725.500000,EVENT_R:2210.500000,EVENT_G:2904.000000,EVENT_B:1155.500000
06-20 17:57:27.582  2018  3127 I libsensor-displayalgo: the value of  Coef1:1107.681000,Coef4:2.383000, scale1:0.935522, scale4:0.923264
06-20 17:57:27.582  2018  3127 E libsensor-displayalgo: RGB_test_0407_400_oldzy!
06-20 17:57:27.583  2018  3127 I libsensor-displayalgo: the value of  RESULT2533.945896,969.522769,1257.477939,465.555527
06-20 17:57:27.583  2018  3127 I libsensor-displayalgo: the value of  getChannelDataCalibrated2656.703940,897.964958,1461.571864,508.122530
06-20 17:57:27.583  2018  3127 I libsensor-displayalgo: the value of  REAL LUX180.134842
06-20 17:57:27.583  2018  3127 I libsensor-displayalgo: the value of  CAL REAL LUX180.134842
06-20 17:57:27.601 17080 17080 E utoregistratio: Not starting debugger since process cannot load the jdwp agent.
06-20 17:57:27.611 17080 17080 I MessageMonitor: Load libmiui_runtime
06-20 17:57:27.618  2431  5696 D SymlinkUtils: attachApplication file op go pass: 0 ms
06-20 17:57:27.619  2431  5696 I SmartPower.com.qualcomm.qti.autoregistration/1001(17080): died->background(44102ms) R(process start ) adj=-10000.
06-20 17:57:27.641 17080 17080 D CompatibilityChangeReporter: Compat change id reported: 171979766; UID 1001; state: ENABLED
06-20 17:57:27.641  5294  5582 W MQSService: CallerName:android.uid.phone:1001,calling Uid:1001
06-20 17:57:27.642  5294  5582 D MQSService: registerApplicationScoutThread pid = 17080, packageName = android.uid.phone:1001
06-20 17:57:27.675 17080 17080 W utoregistratio: ClassLoaderContext shared library size mismatch. Expected=0, found=2 (PCL[] | PCL[]{PCL[/system_ext/framework/qti-telephony-utils.jar*896794286]#PCL[/system_ext/framework/qti-telephony-hidl-wrapper.jar*2334420719]})
06-20 17:57:27.705 17080 17080 V GraphicsEnvironment: ANGLE Developer option for 'com.qualcomm.qti.autoregistration' set to: 'default'
06-20 17:57:27.706 17080 17080 V GraphicsEnvironment: ANGLE GameManagerService for com.qualcomm.qti.autoregistration: false
06-20 17:57:27.712 17080 17080 I ForceDarkHelperStubImpl: initialize for com.qualcomm.qti.autoregistration , ForceDarkOrigin
06-20 17:57:27.716 17080 17080 D OpenGLRenderer: JNI_OnLoad success
06-20 17:57:27.716 17080 17080 I MiuiForceDarkConfig: setConfig density:2.750000, mainRule:0, secondaryRule:0, tertiaryRule:0
06-20 17:57:27.718 17080 17080 D NetworkSecurityConfig: No Network Security Config specified, using platform default
06-20 17:57:27.718 17080 17080 D NetworkSecurityConfig: No Network Security Config specified, using platform default
06-20 17:57:27.726 17080 17080 D AutoReg_RegistrationService: onCreate
06-20 17:57:27.728 17080 17080 D AutoReg_RegistrationTracker: RegistrationTracker constructor
06-20 17:57:27.734 17080 17080 D AutoReg_RegistrationTracker: Build fingerprint. old: Xiaomi/ziyi/ziyi:12/SKQ1.220303.001/V13.0.10.0.SLLCNXM:user/release-keys new: Xiaomi/ziyi/ziyi:12/SKQ1.220303.001/V13.0.10.0.SLLCNXM:user/release-keys
06-20 17:57:27.738 17080 17080 D AutoReg_Utils: getFormatIncremental = 13.0.10.0(SLLCNXM)
06-20 17:57:27.738 17080 17080 D AutoReg_Utils: getFormatIncremental  SWname = MIUI13.0.10.0(SLLCNXM)
06-20 17:57:27.739 17080 17080 D AutoReg_RegistrationTracker: Latest autoreg time:2023-06-16 15:08:27
06-20 17:57:27.740 17080 17080 D AutoReg_RegistrationTracker: Time from latest autoreg:355740   thresh:2592000   trig:false
06-20 17:57:27.740 17080 17080 D CompatibilityChangeReporter: Compat change id reported: 160794467; UID 1001; state: ENABLED
06-20 17:57:27.741 17080 17080 D AutoReg_RegistrationTracker: set the pending intent: ACTION_AUTO_REGISTERATION_PERIOD_TRIGGER
06-20 17:57:27.744 17080 17080 D AutoReg_RegistrationTracker: Try to register since dds changed
06-20 17:57:27.749 17080 17080 D RegistrationOverIms: [0]RegistrationOverIms constructor
06-20 17:57:27.753  2431  5696 W ActivityManager: Unable to start service Intent { cmp=com.qualcomm.qti.qtisystemservice/.SystemService } U=0: not found
06-20 17:57:27.758  4190  4660 I ImsFeatureBinderRepo: [0] registerForConnectionUpdates, type= MMTEL, conn= ListenerContainer{cb=com.android.ims.internal.IImsServiceFeatureCallback$Stub$Proxy@f13e4ec}
06-20 17:57:27.759 17080 17080 D RegistrationOverIms: [1]RegistrationOverIms constructor
06-20 17:57:27.762  2431  5696 W ActivityManager: Unable to start service Intent { cmp=com.qualcomm.qti.qtisystemservice/.SystemService } U=0: not found
06-20 17:57:27.764 17080 17097 D RegistrationOverIms: ImsManager: connection ready.
06-20 17:57:27.764  4190  4660 I ImsFeatureBinderRepo: [1] registerForConnectionUpdates, type= MMTEL, conn= ListenerContainer{cb=com.android.ims.internal.IImsServiceFeatureCallback$Stub$Proxy@5c090b5}
06-20 17:57:27.765 17080 17097 D RegistrationOverIms: exception happened: android.os.RemoteException: ImsServiceProxy is not ready to accept commands.
06-20 17:57:27.766 17080 17097 I ImsCallbackAM [0]: Local callback added: android.telephony.ims.ImsMmTelManager$CapabilityCallback$CapabilityBinder@547842a
06-20 17:57:27.767 17080 17097 D RegistrationOverIms: ims sms capability is true;last time ims cap is false
06-20 17:57:27.767 17080 17097 D RegistrationOverIms: [0]try to register
06-20 17:57:27.773 17080 17080 D AutoReg_ModemDebugService: onCreate
06-20 17:57:27.774 17080 17080 D AutoReg_RegistrationTracker: Try to register since CONNECTIVITY_ACTION
06-20 17:57:27.778 17080 17080 D AutoReg_RegistrationTracker: ACTION_SIM_STATE_CHANGED state:LOADED
06-20 17:57:27.795 17080 17097 D RegistrationOverIms: [0]imsi not change or no ct card, not register
06-20 17:57:27.885  2018  3127 D libsensor-displayalgo: the value of  brightness:438.000000,R:53460989.281127,G:58359158.043723,B:65345750.697288,EVENT_C:5725.500000,EVENT_R:2210.500000,EVENT_G:2904.000000,EVENT_B:1155.500000
06-20 17:57:27.885  2018  3127 I libsensor-displayalgo: the value of  Coef1:1107.681000,Coef4:2.383000, scale1:0.935522, scale4:0.923264
06-20 17:57:27.885  2018  3127 E libsensor-displayalgo: RGB_test_0407_400_oldzy!
06-20 17:57:27.885  2018  3127 I libsensor-displayalgo: the value of  RESULT2533.945896,969.522769,1257.477939,465.555527
06-20 17:57:27.885  2018  3127 I libsensor-displayalgo: the value of  getChannelDataCalibrated2656.703940,897.964958,1461.571864,508.122530
06-20 17:57:27.885  2018  3127 I libsensor-displayalgo: the value of  REAL LUX180.134842
06-20 17:57:27.885  2018  3127 I libsensor-displayalgo: the value of  CAL REAL LUX180.134842
06-20 17:57:28.182  2018  3127 D libsensor-displayalgo: the value of  brightness:438.000000,R:53460989.281127,G:58359158.043723,B:65345750.697288,EVENT_C:5725.500000,EVENT_R:2210.500000,EVENT_G:2904.000000,EVENT_B:1155.500000
06-20 17:57:28.182  2018  3127 I libsensor-displayalgo: the value of  Coef1:1107.681000,Coef4:2.383000, scale1:0.935522, scale4:0.923264
06-20 17:57:28.182  2018  3127 E libsensor-displayalgo: RGB_test_0407_400_oldzy!
06-20 17:57:28.183  2018  3127 I libsensor-displayalgo: the value of  RESULT2533.945896,969.522769,1257.477939,465.555527
06-20 17:57:28.183  2018  3127 I libsensor-displayalgo: the value of  getChannelDataCalibrated2656.703940,897.964958,1461.571864,508.122530
06-20 17:57:28.183  2018  3127 I libsensor-displayalgo: the value of  REAL LUX180.134842
06-20 17:57:28.183  2018  3127 I libsensor-displayalgo: the value of  CAL REAL LUX180.134842
06-20 17:57:28.483  2018  3127 D libsensor-displayalgo: the value of  brightness:438.000000,R:53460989.281127,G:58359158.043723,B:65345750.697288,EVENT_C:5711.500000,EVENT_R:2206.500000,EVENT_G:2899.000000,EVENT_B:1153.500000
06-20 17:57:28.483  2018  3127 I libsensor-displayalgo: the value of  Coef1:1107.681000,Coef4:2.383000, scale1:0.935522, scale4:0.923264
06-20 17:57:28.484  2018  3127 E libsensor-displayalgo: RGB_test_0407_400_oldzy!
06-20 17:57:28.485  2018  3127 I libsensor-displayalgo: the value of  RESULT2533.945896,969.522769,1257.477939,465.555527
06-20 17:57:28.485  2018  3127 I libsensor-displayalgo: the value of  getChannelDataCalibrated2656.703940,897.964958,1461.571864,508.122530
06-20 17:57:28.485  2018  3127 I libsensor-displayalgo: the value of  REAL LUX179.232574
06-20 17:57:28.485  2018  3127 I libsensor-displayalgo: the value of  CAL REAL LUX179.232574
06-20 17:57:28.784  2018  3127 D libsensor-displayalgo: the value of  brightness:438.000000,R:53460989.281127,G:58359158.043723,B:65345750.697288,EVENT_C:5713.000000,EVENT_R:2205.000000,EVENT_G:2902.500000,EVENT_B:1151.500000
06-20 17:57:28.785  2018  3127 I libsensor-displayalgo: the value of  Coef1:1107.681000,Coef4:2.383000, scale1:0.935522, scale4:0.923264
06-20 17:57:28.785  2018  3127 E libsensor-displayalgo: RGB_test_0407_400_oldzy!
06-20 17:57:28.785  2018  3127 I libsensor-displayalgo: the value of  RESULT2533.945896,969.522769,1257.477939,465.555527
06-20 17:57:28.785  2018  3127 I libsensor-displayalgo: the value of  getChannelDataCalibrated2656.703940,897.964958,1461.571864,508.122530
06-20 17:57:28.785  2018  3127 I libsensor-displayalgo: the value of  REAL LUX179.716721
06-20 17:57:28.785  2018  3127 I libsensor-displayalgo: the value of  CAL REAL LUX179.716721
06-20 17:57:29.084  2018  3127 D libsensor-displayalgo: the value of  brightness:438.000000,R:53460989.281127,G:58359158.043723,B:65345750.697288,EVENT_C:5716.500000,EVENT_R:2206.500000,EVENT_G:2904.000000,EVENT_B:1153.500000
06-20 17:57:29.084  2018  3127 I libsensor-displayalgo: the value of  Coef1:1107.681000,Coef4:2.383000, scale1:0.935522, scale4:0.923264
06-20 17:57:29.084  2018  3127 E libsensor-displayalgo: RGB_test_0407_400_oldzy!
06-20 17:57:29.085  2018  3127 I libsensor-displayalgo: the value of  RESULT2533.945896,969.522769,1257.477939,465.555527
06-20 17:57:29.085  2018  3127 I libsensor-displayalgo: the value of  getChannelDataCalibrated2656.703940,897.964958,1461.571864,508.122530
06-20 17:57:29.085  2018  3127 I libsensor-displayalgo: the value of  REAL LUX179.812973
06-20 17:57:29.085  2018  3127 I libsensor-displayalgo: the value of  CAL REAL LUX179.812973
06-20 17:57:29.383  2018  3127 D libsensor-displayalgo: the value of  brightness:438.000000,R:53460989.281127,G:58359158.043723,B:65345750.697288,EVENT_C:5720.000000,EVENT_R:2209.500000,EVENT_G:2902.000000,EVENT_B:1154.000000
06-20 17:57:29.383  2018  3127 I libsensor-displayalgo: the value of  Coef1:1107.681000,Coef4:2.383000, scale1:0.935522, scale4:0.923264
06-20 17:57:29.383  2018  3127 E libsensor-displayalgo: RGB_test_0407_400_oldzy!
06-20 17:57:29.384  2018  3127 I libsensor-displayalgo: the value of  RESULT2533.945896,969.522769,1257.477939,465.555527
06-20 17:57:29.384  2018  3127 I libsensor-displayalgo: the value of  getChannelDataCalibrated2656.703940,897.964958,1461.571864,508.122530
06-20 17:57:29.384  2018  3127 I libsensor-displayalgo: the value of  REAL LUX179.815216
06-20 17:57:29.384  2018  3127 I libsensor-displayalgo: the value of  CAL REAL LUX179.815216
06-20 17:57:29.639 17080 17088 I utoregistratio: This is sticky GC, maxfree is 8388608 minfree is 2097152
06-20 17:57:29.683  2018  3127 D libsensor-displayalgo: the value of  brightness:438.000000,R:53460989.281127,G:58359158.043723,B:65345750.697288,EVENT_C:5719.500000,EVENT_R:2208.500000,EVENT_G:2903.000000,EVENT_B:1154.000000
06-20 17:57:29.683  2018  3127 I libsensor-displayalgo: the value of  Coef1:1107.681000,Coef4:2.383000, scale1:0.935522, scale4:0.923264
06-20 17:57:29.683  2018  3127 E libsensor-displayalgo: RGB_test_0407_400_oldzy!
06-20 17:57:29.684  2018  3127 I libsensor-displayalgo: the value of  RESULT2533.945896,969.522769,1257.477939,465.555527
06-20 17:57:29.684  2018  3127 I libsensor-displayalgo: the value of  getChannelDataCalibrated2656.703940,897.964958,1461.571864,508.122530
06-20 17:57:29.684  2018  3127 I libsensor-displayalgo: the value of  REAL LUX179.863144
06-20 17:57:29.684  2018  3127 I libsensor-displayalgo: the value of  CAL REAL LUX179.863144
06-20 17:57:29.983  2018  3127 D libsensor-displayalgo: the value of  brightness:438.000000,R:53460989.281127,G:58359158.043723,B:65345750.697288,EVENT_C:5717.000000,EVENT_R:2209.500000,EVENT_G:2902.000000,EVENT_B:1152.500000
06-20 17:57:29.983  2018  3127 I libsensor-displayalgo: the value of  Coef1:1107.681000,Coef4:2.383000, scale1:0.935522, scale4:0.923264
06-20 17:57:29.983  2018  3127 E libsensor-displayalgo: RGB_test_0407_400_oldzy!
06-20 17:57:29.983  2018  3127 I libsensor-displayalgo: the value of  RESULT2533.945896,969.522769,1257.477939,465.555527
06-20 17:57:29.984  2018  3127 I libsensor-displayalgo: the value of  getChannelDataCalibrated2656.703940,897.964958,1461.571864,508.122530
06-20 17:57:29.984  2018  3127 I libsensor-displayalgo: the value of  REAL LUX179.725372
06-20 17:57:29.984  2018  3127 I libsensor-displayalgo: the value of  CAL REAL LUX179.725372
06-20 17:57:30.283  2018  3127 D libsensor-displayalgo: the value of  brightness:438.000000,R:53460989.281127,G:58359158.043723,B:65345750.697288,EVENT_C:5718.500000,EVENT_R:2209.000000,EVENT_G:2901.000000,EVENT_B:1154.000000
06-20 17:57:30.283  2018  3127 I libsensor-displayalgo: the value of  Coef1:1107.681000,Coef4:2.383000, scale1:0.935522, scale4:0.923264
06-20 17:57:30.283  2018  3127 E libsensor-displayalgo: RGB_test_0407_400_oldzy!
06-20 17:57:30.284  2018  3127 I libsensor-displayalgo: the value of  RESULT2533.945896,969.522769,1257.477939,465.555527
06-20 17:57:30.284  2018  3127 I libsensor-displayalgo: the value of  getChannelDataCalibrated2656.703940,897.964958,1461.571864,508.122530
06-20 17:57:30.284  2018  3127 I libsensor-displayalgo: the value of  REAL LUX179.682739
06-20 17:57:30.284  2018  3127 I libsensor-displayalgo: the value of  CAL REAL LUX179.682739
06-20 17:57:30.293  1265  2358 I vendor.qti.hardware.display.composer-service: FrameNotifyProcess Sensor: notify citsensorservice to trigger cwb
06-20 17:57:30.294  2018  2111 I libcitsensorservice@2.0-impl: msg_transfer
06-20 17:57:30.295  2018  3098 D vendor.xiaomi.sensor.citsensorservice@2.0-service: handle id:9 wxh:1280x2400 uwxuh:1080x2400 size: 9216000 fd:15 fd_meta:16 flags:0x4000228 usage:0x33  format:0x3 layer_count: 1
06-20 17:57:30.295  1265  1889 I SDM     : HWCSession::SetCWBOutputBuffer: CWB config passed by cwb_client : tappoint 1  CWB_ROI : (829.000000 4.000000 915.000000 90.000000)
06-20 17:57:30.297  1265 17100 I SDM     : HWCSession::ProcessRequests: Successfully configured CWB buffer.
06-20 17:57:30.311  1265 17100 I SDM     : HWCSession::ProcessRequests: Pushing release fence in fenece wait queue.
06-20 17:57:30.311  1265 17100 I SDM     : HWCSession::ProcessRequests: Creating AsyncFenceWaits async thread.
06-20 17:57:30.312  1265 17100 I SDM     : HWCSession::ProcessRequests: Remove current CWB request from the pending request queue.
06-20 17:57:30.312  1265 17100 I SDM     : HWCSession::ProcessRequests: No pending cwb requests found in the queue.
06-20 17:57:30.324  1265  1584 I SDM     : HWDeviceDRM::SetupConcurrentWriteback: Tear down the Concurrent Writeback topology
06-20 17:57:30.332  1265 17101 I SDM     : HWCSession::NotifyCWBStatus: Notify the client about buffer status 0.
06-20 17:57:30.333  1265 17101 I SDM     : HWCSession::PerformFenceWaits: Remove current release fence from the pending fence wait queue.
06-20 17:57:30.333  1265 17101 I SDM     : HWCSession::PerformFenceWaits: CWB fence queue is empty. No pending release fence to wait on.
06-20 17:57:30.514 12234 12311 I ZPlanGuardManager: onLiteTimeTick, tick=24
06-20 17:57:30.583  2018  3127 D libsensor-displayalgo: the value of  brightness:438.000000,R:53461510.016621,G:58359605.414545,B:65346075.829370,EVENT_C:5717.000000,EVENT_R:2207.500000,EVENT_G:2902.000000,EVENT_B:1152.500000
06-20 17:57:30.583  2018  3127 I libsensor-displayalgo: the value of  Coef1:1107.681000,Coef4:2.383000, scale1:0.935522, scale4:0.923264
06-20 17:57:30.583  2018  3127 E libsensor-displayalgo: RGB_test_0407_400_oldzy!
06-20 17:57:30.584  2018  3127 I libsensor-displayalgo: the value of  RESULT2533.960116,969.528976,1257.484225,465.558014
06-20 17:57:30.584  2018  3127 I libsensor-displayalgo: the value of  getChannelDataCalibrated2656.718849,897.970707,1461.579170,508.125243
06-20 17:57:30.584  2018  3127 I libsensor-displayalgo: the value of  REAL LUX179.799820
06-20 17:57:30.584  2018  3127 I libsensor-displayalgo: the value of  CAL REAL LUX179.799820
06-20 17:57:30.886  2018  3127 D libsensor-displayalgo: the value of  brightness:438.000000,R:53461510.016621,G:58359605.414545,B:65346075.829370,EVENT_C:5717.000000,EVENT_R:2207.500000,EVENT_G:2902.000000,EVENT_B:1152.500000
06-20 17:57:30.886  2018  3127 I libsensor-displayalgo: the value of  Coef1:1107.681000,Coef4:2.383000, scale1:0.935522, scale4:0.923264
06-20 17:57:30.886  2018  3127 E libsensor-displayalgo: RGB_test_0407_400_oldzy!
06-20 17:57:30.887  2018  3127 I libsensor-displayalgo: the value of  RESULT2533.960116,969.528976,1257.484225,465.558014
06-20 17:57:30.887  2018  3127 I libsensor-displayalgo: the value of  getChannelDataCalibrated2656.718849,897.970707,1461.579170,508.125243
06-20 17:57:30.887  2018  3127 I libsensor-displayalgo: the value of  REAL LUX179.799820
06-20 17:57:30.887  2018  3127 I libsensor-displayalgo: the value of  CAL REAL LUX179.799820
06-20 17:57:31.185  2018  3127 D libsensor-displayalgo: the value of  brightness:438.000000,R:53461510.016621,G:58359605.414545,B:65346075.829370,EVENT_C:5717.000000,EVENT_R:2207.500000,EVENT_G:2902.000000,EVENT_B:1152.500000
06-20 17:57:31.185  2018  3127 I libsensor-displayalgo: the value of  Coef1:1107.681000,Coef4:2.383000, scale1:0.935522, scale4:0.923264
06-20 17:57:31.185  2018  3127 E libsensor-displayalgo: RGB_test_0407_400_oldzy!
06-20 17:57:31.186  2018  3127 I libsensor-displayalgo: the value of  RESULT2533.960116,969.528976,1257.484225,465.558014
06-20 17:57:31.186  2018  3127 I libsensor-displayalgo: the value of  getChannelDataCalibrated2656.718849,897.970707,1461.579170,508.125243
06-20 17:57:31.186  2018  3127 I libsensor-displayalgo: the value of  REAL LUX179.799820
06-20 17:57:31.186  2018  3127 I libsensor-displayalgo: the value of  CAL REAL LUX179.799820
06-20 17:57:31.374  5405  9716 D SLM-SRV-SLAService: checktemp temperature = 35522 temperature_average = 35878 isPerformanceMode = false thermal_enable_slm = true
06-20 17:57:31.483  2018  3127 D libsensor-displayalgo: the value of  brightness:438.000000,R:53461510.016621,G:58359605.414545,B:65346075.829370,EVENT_C:5716.000000,EVENT_R:2205.500000,EVENT_G:2905.000000,EVENT_B:1153.000000
06-20 17:57:31.483  2018  3127 I libsensor-displayalgo: the value of  Coef1:1107.681000,Coef4:2.383000, scale1:0.935522, scale4:0.923264
06-20 17:57:31.483  2018  3127 E libsensor-displayalgo: RGB_test_0407_400_oldzy!
06-20 17:57:31.484  2018  3127 I libsensor-displayalgo: the value of  RESULT2533.960116,969.528976,1257.484225,465.558014
06-20 17:57:31.484  2018  3127 I libsensor-displayalgo: the value of  getChannelDataCalibrated2656.718849,897.970707,1461.579170,508.125243
06-20 17:57:31.484  2018  3127 I libsensor-displayalgo: the value of  REAL LUX179.900543
06-20 17:57:31.484  2018  3127 I libsensor-displayalgo: the value of  CAL REAL LUX179.900543
06-20 17:57:31.784  2018  3127 D libsensor-displayalgo: the value of  brightness:438.000000,R:53461510.016621,G:58359605.414545,B:65346075.829370,EVENT_C:5713.500000,EVENT_R:2208.000000,EVENT_G:2901.500000,EVENT_B:1153.000000
06-20 17:57:31.784  2018  3127 I libsensor-displayalgo: the value of  Coef1:1107.681000,Coef4:2.383000, scale1:0.935522, scale4:0.923264
06-20 17:57:31.784  2018  3127 E libsensor-displayalgo: RGB_test_0407_400_oldzy!
06-20 17:57:31.785  2018  3127 I libsensor-displayalgo: the value of  RESULT2533.960116,969.528976,1257.484225,465.558014
06-20 17:57:31.785  2018  3127 I libsensor-displayalgo: the value of  getChannelDataCalibrated2656.718849,897.970707,1461.579170,508.125243
06-20 17:57:31.785  2018  3127 I libsensor-displayalgo: the value of  REAL LUX179.470612
06-20 17:57:31.785  2018  3127 I libsensor-displayalgo: the value of  CAL REAL LUX179.470612
06-20 17:57:31.935  2431  3408 I BatteryService: current mPlugType2current mHealthInfo.batteryLevel100current mHealthInfo.batteryTemperature356
06-20 17:57:31.941  5858  7526 D ThermalIECHandler: storeDataStyle: thermal_iec_monitor_persistence_data_style_iec_state; startIECTime: -1; IECScreenOffOverPeriodTime: 518734563
06-20 17:57:31.942  4190  4190 D DynamicService:  ACTION_BATTERY_CHANGED change,USB plug = 2
06-20 17:57:31.943  4145  4145 D QtiCarrierConfigHelper: WARNING, no carrier configs on phone Id: 1
06-20 17:57:31.946  5735  5735 I BatteryInfoReceiver: ACTION_BATTERY_CHANGED
06-20 17:57:31.946  5858  6736 D PowerKeeper.FrozenApp: onBatteryChanged plug=true mBatteryPlugged=2
06-20 17:57:31.946  5858  7218 D PowerCheckerService: onBatteryChanged, mBatteryLevel = 100, status = 2, level = 100, plug = 2, scale = 100
06-20 17:57:31.947  5735  5735 I PowerNoticeUI: handleBatteryChanged oldPlugType 2 mPlugType 2 oldBatteryLevel 100 mBatteryLevel 100 temperature 356
06-20 17:57:31.947  5858  7667 D PowerKeeper.Thermal: mBatteryTemperature: 35
06-20 17:57:31.951  2431  2647 I android_os_HwBinder: HwBinder: Starting thread pool for getting: vendor.xiaomi.hardware.micharge@1.0::IMiCharge/default
06-20 17:57:31.951  4176  4176 V DeviceStatisticsService: chargerType=2 batteryLevel=100 totalBatteryCapacity=4151000
06-20 17:57:31.952  4176  4176 D DeviceInfoHidlClient: isRadioOn()=true
06-20 17:57:31.952  4176  4176 I DeviceInfoHidlClient: isPowerInfoNeverSent=false batteryLevel=100 batteryLevelIndex=6 chargingMode=2 totalCapacity=4151000 powerSaveMode=false
06-20 17:57:31.953  1322 19976 E vendor.xiaomi.hardware.micharge@1.0-service: Failed to open node /sys/class/qcom-battery/reverse_chg_mode
06-20 17:57:31.953  1322 19976 I vendor.xiaomi.hardware.micharge@1.0-service: ReadFilePathValue path = /sys/class/qcom-battery/reverse_chg_mode value =
06-20 17:57:31.957  2431  2647 I android_os_HwBinder: HwBinder: Starting thread pool for getting: vendor.xiaomi.hardware.micharge@1.0::IMiCharge/default
06-20 17:57:31.959  1322 19976 I vendor.xiaomi.hardware.micharge@1.0-service: ReadFilePathValue path = /sys/class/qcom-battery/fastchg_mode value = 0
06-20 17:57:32.086  2018  3127 D libsensor-displayalgo: the value of  brightness:438.000000,R:53461510.016621,G:58359605.414545,B:65346075.829370,EVENT_C:5711.000000,EVENT_R:2206.000000,EVENT_G:2901.000000,EVENT_B:1153.500000
06-20 17:57:32.087  2018  3127 I libsensor-displayalgo: the value of  Coef1:1107.681000,Coef4:2.383000, scale1:0.935522, scale4:0.923264
06-20 17:57:32.087  2018  3127 E libsensor-displayalgo: RGB_test_0407_400_oldzy!
06-20 17:57:32.087  2018  3127 I libsensor-displayalgo: the value of  RESULT2533.960116,969.528976,1257.484225,465.558014
06-20 17:57:32.087  2018  3127 I libsensor-displayalgo: the value of  getChannelDataCalibrated2656.718849,897.970707,1461.579170,508.125243
06-20 17:57:32.087  2018  3127 I libsensor-displayalgo: the value of  REAL LUX179.306168
06-20 17:57:32.087  2018  3127 I libsensor-displayalgo: the value of  CAL REAL LUX179.306168
06-20 17:57:32.186 12181 12413 D MemoryCeilingMonitor: [handleMemoryCalculate]
06-20 17:57:32.187 12181 12413 D MemoryCeilingMonitor: [calculate] tot: 5676832, max: 268435456, free: 540672, heap: 5136160, per: 0.019133687019348145
06-20 17:57:32.386  2018  3127 D libsensor-displayalgo: the value of  brightness:438.000000,R:53461510.016621,G:58359605.414545,B:65346075.829370,EVENT_C:5714.000000,EVENT_R:2207.000000,EVENT_G:2900.500000,EVENT_B:1154.000000
06-20 17:57:32.386  2018  3127 I libsensor-displayalgo: the value of  Coef1:1107.681000,Coef4:2.383000, scale1:0.935522, scale4:0.923264
06-20 17:57:32.386  2018  3127 E libsensor-displayalgo: RGB_test_0407_400_oldzy!
06-20 17:57:32.387  2018  3127 I libsensor-displayalgo: the value of  RESULT2533.960116,969.528976,1257.484225,465.558014
06-20 17:57:32.387  2018  3127 I libsensor-displayalgo: the value of  getChannelDataCalibrated2656.718849,897.970707,1461.579170,508.125243
06-20 17:57:32.387  2018  3127 I libsensor-displayalgo: the value of  REAL LUX179.416840
06-20 17:57:32.387  2018  3127 I libsensor-displayalgo: the value of  CAL REAL LUX179.416840
06-20 17:57:32.548  1930  1967 I mstatdaemon: Entering time loop
06-20 17:57:32.549  1930  1967 I mstatdaemon: t = 1687255052
06-20 17:57:32.549  1930  1967 I mstatdaemon: translated_t = 1371265052
06-20 17:57:32.549  1930  1967 I mstat_log: mstatcommitLog log_alloc() failed
06-20 17:57:32.684  2018  3127 D libsensor-displayalgo: the value of  brightness:438.000000,R:53461510.016621,G:58359605.414545,B:65346075.829370,EVENT_C:5719.000000,EVENT_R:2208.000000,EVENT_G:2902.000000,EVENT_B:1153.500000
06-20 17:57:32.684  2018  3127 I libsensor-displayalgo: the value of  Coef1:1107.681000,Coef4:2.383000, scale1:0.935522, scale4:0.923264
06-20 17:57:32.684  2018  3127 E libsensor-displayalgo: RGB_test_0407_400_oldzy!
06-20 17:57:32.685  2018  3127 I libsensor-displayalgo: the value of  RESULT2533.960116,969.528976,1257.484225,465.558014
06-20 17:57:32.685  2018  3127 I libsensor-displayalgo: the value of  getChannelDataCalibrated2656.718849,897.970707,1461.579170,508.125243
06-20 17:57:32.685  2018  3127 I libsensor-displayalgo: the value of  REAL LUX179.840897
06-20 17:57:32.685  2018  3127 I libsensor-displayalgo: the value of  CAL REAL LUX179.840897
06-20 17:57:32.697 17080 17088 I utoregistratio: This is non sticky GC, maxfree is 8388608 minfree is 2097152
06-20 17:57:32.986  2018  3127 D libsensor-displayalgo: the value of  brightness:438.000000,R:53461510.016621,G:58359605.414545,B:65346075.829370,EVENT_C:5709.500000,EVENT_R:2206.000000,EVENT_G:2898.500000,EVENT_B:1152.000000
06-20 17:57:32.986  2018  3127 I libsensor-displayalgo: the value of  Coef1:1107.681000,Coef4:2.383000, scale1:0.935522, scale4:0.923264
06-20 17:57:32.986  2018  3127 E libsensor-displayalgo: RGB_test_0407_400_oldzy!
06-20 17:57:32.987  2018  3127 I libsensor-displayalgo: the value of  RESULT2533.960116,969.528976,1257.484225,465.558014
06-20 17:57:32.987  2018  3127 I libsensor-displayalgo: the value of  getChannelDataCalibrated2656.718849,897.970707,1461.579170,508.125243
06-20 17:57:32.987  2018  3127 I libsensor-displayalgo: the value of  REAL LUX179.208435
06-20 17:57:32.987  2018  3127 I libsensor-displayalgo: the value of  CAL REAL LUX179.208435
06-20 17:57:33.283  2018  3127 D libsensor-displayalgo: the value of  brightness:438.000000,R:53461510.016621,G:58359605.414545,B:65346075.829370,EVENT_C:5704.500000,EVENT_R:2207.000000,EVENT_G:2897.000000,EVENT_B:1150.000000
06-20 17:57:33.283  2018  3127 I libsensor-displayalgo: the value of  Coef1:1107.681000,Coef4:2.383000, scale1:0.935522, scale4:0.923264
06-20 17:57:33.283  2018  3127 E libsensor-displayalgo: RGB_test_0407_400_oldzy!
06-20 17:57:33.283  2018  3127 I libsensor-displayalgo: the value of  RESULT2533.960116,969.528976,1257.484225,465.558014
06-20 17:57:33.284  2018  3127 I libsensor-displayalgo: the value of  getChannelDataCalibrated2656.718849,897.970707,1461.579170,508.125243
06-20 17:57:33.284  2018  3127 I libsensor-displayalgo: the value of  REAL LUX178.912064
06-20 17:57:33.284  2018  3127 I libsensor-displayalgo: the value of  CAL REAL LUX178.912064
06-20 17:57:33.334  1265  2358 I vendor.qti.hardware.display.composer-service: FrameNotifyProcess Sensor: notify citsensorservice to trigger cwb
06-20 17:57:33.335  2018  7182 I libcitsensorservice@2.0-impl: msg_transfer
06-20 17:57:33.335  2018  3098 D vendor.xiaomi.sensor.citsensorservice@2.0-service: handle id:9 wxh:1280x2400 uwxuh:1080x2400 size: 9216000 fd:15 fd_meta:16 flags:0x4000228 usage:0x33  format:0x3 layer_count: 1
06-20 17:57:33.336  1265  1889 I SDM     : HWCSession::SetCWBOutputBuffer: CWB config passed by cwb_client : tappoint 1  CWB_ROI : (829.000000 4.000000 915.000000 90.000000)
06-20 17:57:33.337  1265 17106 I SDM     : HWCSession::ProcessRequests: Successfully configured CWB buffer.
06-20 17:57:33.353  1265 17106 I SDM     : HWCSession::ProcessRequests: Pushing release fence in fenece wait queue.
06-20 17:57:33.353  1265 17106 I SDM     : HWCSession::ProcessRequests: Creating AsyncFenceWaits async thread.
06-20 17:57:33.354  1265 17106 I SDM     : HWCSession::ProcessRequests: Remove current CWB request from the pending request queue.
06-20 17:57:33.354  1265 17106 I SDM     : HWCSession::ProcessRequests: No pending cwb requests found in the queue.
06-20 17:57:33.367  1265  1584 I SDM     : HWDeviceDRM::SetupConcurrentWriteback: Tear down the Concurrent Writeback topology
06-20 17:57:33.375  1265 17107 I SDM     : HWCSession::NotifyCWBStatus: Notify the client about buffer status 0.
06-20 17:57:33.376  1265 17107 I SDM     : HWCSession::PerformFenceWaits: Remove current release fence from the pending fence wait queue.
06-20 17:57:33.376  1265 17107 I SDM     : HWCSession::PerformFenceWaits: CWB fence queue is empty. No pending release fence to wait on.
06-20 17:57:33.584  2018  3127 D libsensor-displayalgo: the value of  brightness:438.000000,R:53460989.281127,G:58359158.043723,B:65345750.697288,EVENT_C:5708.500000,EVENT_R:2209.000000,EVENT_G:2900.500000,EVENT_B:1151.500000
06-20 17:57:33.584  2018  3127 I libsensor-displayalgo: the value of  Coef1:1107.681000,Coef4:2.383000, scale1:0.935522, scale4:0.923264
06-20 17:57:33.584  2018  3127 E libsensor-displayalgo: RGB_test_0407_400_oldzy!
06-20 17:57:33.585  2018  3127 I libsensor-displayalgo: the value of  RESULT2533.945896,969.522769,1257.477939,465.555527
06-20 17:57:33.585  2018  3127 I libsensor-displayalgo: the value of  getChannelDataCalibrated2656.703940,897.964958,1461.571864,508.122530
06-20 17:57:33.586  2018  3127 I libsensor-displayalgo: the value of  REAL LUX179.157318
06-20 17:57:33.586  2018  3127 I libsensor-displayalgo: the value of  CAL REAL LUX179.157318
06-20 17:57:33.883  2018  3127 D libsensor-displayalgo: the value of  brightness:438.000000,R:53460989.281127,G:58359158.043723,B:65345750.697288,EVENT_C:5708.500000,EVENT_R:2209.000000,EVENT_G:2900.500000,EVENT_B:1151.500000
06-20 17:57:33.883  2018  3127 I libsensor-displayalgo: the value of  Coef1:1107.681000,Coef4:2.383000, scale1:0.935522, scale4:0.923264
06-20 17:57:33.883  2018  3127 E libsensor-displayalgo: RGB_test_0407_400_oldzy!
06-20 17:57:33.884  2018  3127 I libsensor-displayalgo: the value of  RESULT2533.945896,969.522769,1257.477939,465.555527
06-20 17:57:33.884  2018  3127 I libsensor-displayalgo: the value of  getChannelDataCalibrated2656.703940,897.964958,1461.571864,508.122530
06-20 17:57:33.884  2018  3127 I libsensor-displayalgo: the value of  REAL LUX179.157318
06-20 17:57:33.884  2018  3127 I libsensor-displayalgo: the value of  CAL REAL LUX179.157318
06-20 17:57:34.186  2018  3127 D libsensor-displayalgo: the value of  brightness:438.000000,R:53460989.281127,G:58359158.043723,B:65345750.697288,EVENT_C:5708.500000,EVENT_R:2209.000000,EVENT_G:2900.500000,EVENT_B:1151.500000
06-20 17:57:34.186  2018  3127 I libsensor-displayalgo: the value of  Coef1:1107.681000,Coef4:2.383000, scale1:0.935522, scale4:0.923264
06-20 17:57:34.186  2018  3127 E libsensor-displayalgo: RGB_test_0407_400_oldzy!
06-20 17:57:34.187  2018  3127 I libsensor-displayalgo: the value of  RESULT2533.945896,969.522769,1257.477939,465.555527
06-20 17:57:34.187  2018  3127 I libsensor-displayalgo: the value of  getChannelDataCalibrated2656.703940,897.964958,1461.571864,508.122530
06-20 17:57:34.187  2018  3127 I libsensor-displayalgo: the value of  REAL LUX179.157318
06-20 17:57:34.187  2018  3127 I libsensor-displayalgo: the value of  CAL REAL LUX179.157318
06-20 17:57:34.486  2018  3127 D libsensor-displayalgo: the value of  brightness:438.000000,R:53460989.281127,G:58359158.043723,B:65345750.697288,EVENT_C:5713.500000,EVENT_R:2207.000000,EVENT_G:2901.000000,EVENT_B:1151.000000
06-20 17:57:34.486  2018  3127 I libsensor-displayalgo: the value of  Coef1:1107.681000,Coef4:2.383000, scale1:0.935522, scale4:0.923264
06-20 17:57:34.486  2018  3127 E libsensor-displayalgo: RGB_test_0407_400_oldzy!
06-20 17:57:34.486  2018  3127 I libsensor-displayalgo: the value of  RESULT2533.945896,969.522769,1257.477939,465.555527
06-20 17:57:34.487  2018  3127 I libsensor-displayalgo: the value of  getChannelDataCalibrated2656.703940,897.964958,1461.571864,508.122530
06-20 17:57:34.487  2018  3127 I libsensor-displayalgo: the value of  REAL LUX179.648941
06-20 17:57:34.487  2018  3127 I libsensor-displayalgo: the value of  CAL REAL LUX179.648941
06-20 17:57:34.786  2018  3127 D libsensor-displayalgo: the value of  brightness:438.000000,R:53460989.281127,G:58359158.043723,B:65345750.697288,EVENT_C:5719.000000,EVENT_R:2209.500000,EVENT_G:2904.500000,EVENT_B:1154.500000
06-20 17:57:34.786  2018  3127 I libsensor-displayalgo: the value of  Coef1:1107.681000,Coef4:2.383000, scale1:0.935522, scale4:0.923264
06-20 17:57:34.786  2018  3127 E libsensor-displayalgo: RGB_test_0407_400_oldzy!
06-20 17:57:34.787  2018  3127 I libsensor-displayalgo: the value of  RESULT2533.945896,969.522769,1257.477939,465.555527
06-20 17:57:34.787  2018  3127 I libsensor-displayalgo: the value of  getChannelDataCalibrated2656.703940,897.964958,1461.571864,508.122530
06-20 17:57:34.787  2018  3127 I libsensor-displayalgo: the value of  REAL LUX179.817795
06-20 17:57:34.787  2018  3127 I libsensor-displayalgo: the value of  CAL REAL LUX179.817795
06-20 17:57:35.086  2018  3127 D libsensor-displayalgo: the value of  brightness:438.000000,R:53460989.281127,G:58359158.043723,B:65345750.697288,EVENT_C:5733.000000,EVENT_R:2214.000000,EVENT_G:2908.500000,EVENT_B:1156.000000
06-20 17:57:35.086  2018  3127 I libsensor-displayalgo: the value of  Coef1:1107.681000,Coef4:2.383000, scale1:0.935522, scale4:0.923264
06-20 17:57:35.086  2018  3127 E libsensor-displayalgo: RGB_test_0407_400_oldzy!
06-20 17:57:35.087  2018  3127 I libsensor-displayalgo: the value of  RESULT2533.945896,969.522769,1257.477939,465.555527
06-20 17:57:35.087  2018  3127 I libsensor-displayalgo: the value of  getChannelDataCalibrated2656.703940,897.964958,1461.571864,508.122530
06-20 17:57:35.087  2018  3127 I libsensor-displayalgo: the value of  REAL LUX180.696304
06-20 17:57:35.087  2018  3127 I libsensor-displayalgo: the value of  CAL REAL LUX180.696304
06-20 17:57:35.384  2018  3127 D libsensor-displayalgo: the value of  brightness:438.000000,R:53460989.281127,G:58359158.043723,B:65345750.697288,EVENT_C:5734.500000,EVENT_R:2215.500000,EVENT_G:2915.500000,EVENT_B:1157.500000
06-20 17:57:35.384  2018  3127 I libsensor-displayalgo: the value of  Coef1:1107.681000,Coef4:2.383000, scale1:0.935522, scale4:0.923264
06-20 17:57:35.385  2018  3127 E libsensor-displayalgo: RGB_test_0407_400_oldzy!
06-20 17:57:35.385  2018  3127 I libsensor-displayalgo: the value of  RESULT2533.945896,969.522769,1257.477939,465.555527
06-20 17:57:35.385  2018  3127 I libsensor-displayalgo: the value of  getChannelDataCalibrated2656.703940,897.964958,1461.571864,508.122530
06-20 17:57:35.385  2018  3127 I libsensor-displayalgo: the value of  REAL LUX180.942291
06-20 17:57:35.385  2018  3127 I libsensor-displayalgo: the value of  CAL REAL LUX180.942291
06-20 17:57:35.683  2018  3127 D libsensor-displayalgo: the value of  brightness:438.000000,R:53460989.281127,G:58359158.043723,B:65345750.697288,EVENT_C:5741.000000,EVENT_R:2218.000000,EVENT_G:2917.000000,EVENT_B:1159.500000
06-20 17:57:35.683  2018  3127 I libsensor-displayalgo: the value of  Coef1:1107.681000,Coef4:2.383000, scale1:0.935522, scale4:0.923264
06-20 17:57:35.683  2018  3127 E libsensor-displayalgo: RGB_test_0407_400_oldzy!
06-20 17:57:35.684  2018  3127 I libsensor-displayalgo: the value of  RESULT2533.945896,969.522769,1257.477939,465.555527
06-20 17:57:35.684  2018  3127 I libsensor-displayalgo: the value of  getChannelDataCalibrated2656.703940,897.964958,1461.571864,508.122530
06-20 17:57:35.684  2018  3127 I libsensor-displayalgo: the value of  REAL LUX181.212540
06-20 17:57:35.684  2018  3127 I libsensor-displayalgo: the value of  CAL REAL LUX181.212540
06-20 17:57:35.986  2018  3127 D libsensor-displayalgo: the value of  brightness:438.000000,R:53460989.281127,G:58359158.043723,B:65345750.697288,EVENT_C:5737.500000,EVENT_R:2216.500000,EVENT_G:2913.000000,EVENT_B:1158.500000
06-20 17:57:35.986  2018  3127 I libsensor-displayalgo: the value of  Coef1:1107.681000,Coef4:2.383000, scale1:0.935522, scale4:0.923264
06-20 17:57:35.986  2018  3127 E libsensor-displayalgo: RGB_test_0407_400_oldzy!
06-20 17:57:35.987  2018  3127 I libsensor-displayalgo: the value of  RESULT2533.945896,969.522769,1257.477939,465.555527
06-20 17:57:35.987  2018  3127 I libsensor-displayalgo: the value of  getChannelDataCalibrated2656.703940,897.964958,1461.571864,508.122530
06-20 17:57:35.987  2018  3127 I libsensor-displayalgo: the value of  REAL LUX180.921310
06-20 17:57:35.987  2018  3127 I libsensor-displayalgo: the value of  CAL REAL LUX180.921310
06-20 17:57:36.286  2018  3127 D libsensor-displayalgo: the value of  brightness:438.000000,R:53460989.281127,G:58359158.043723,B:65345750.697288,EVENT_C:5735.500000,EVENT_R:2213.000000,EVENT_G:2912.500000,EVENT_B:1157.000000
06-20 17:57:36.286  2018  3127 I libsensor-displayalgo: the value of  Coef1:1107.681000,Coef4:2.383000, scale1:0.935522, scale4:0.923264
06-20 17:57:36.286  2018  3127 E libsensor-displayalgo: RGB_test_0407_400_oldzy!
06-20 17:57:36.287  2018  3127 I libsensor-displayalgo: the value of  RESULT2533.945896,969.522769,1257.477939,465.555527
06-20 17:57:36.287  2018  3127 I libsensor-displayalgo: the value of  getChannelDataCalibrated2656.703940,897.964958,1461.571864,508.122530
06-20 17:57:36.287  2018  3127 I libsensor-displayalgo: the value of  REAL LUX181.011215
06-20 17:57:36.287  2018  3127 I libsensor-displayalgo: the value of  CAL REAL LUX181.011215
06-20 17:57:36.584  2018  3127 D libsensor-displayalgo: the value of  brightness:438.000000,R:53460989.281127,G:58359158.043723,B:65345750.697288,EVENT_C:5726.500000,EVENT_R:2211.500000,EVENT_G:2909.500000,EVENT_B:1156.500000
06-20 17:57:36.584  2018  3127 I libsensor-displayalgo: the value of  Coef1:1107.681000,Coef4:2.383000, scale1:0.935522, scale4:0.923264
06-20 17:57:36.585  2018  3127 E libsensor-displayalgo: RGB_test_0407_400_oldzy!
06-20 17:57:36.585  2018  3127 I libsensor-displayalgo: the value of  RESULT2533.945896,969.522769,1257.477939,465.555527
06-20 17:57:36.585  2018  3127 I libsensor-displayalgo: the value of  getChannelDataCalibrated2656.703940,897.964958,1461.571864,508.122530
06-20 17:57:36.585  2018  3127 I libsensor-displayalgo: the value of  REAL LUX180.336700
06-20 17:57:36.585  2018  3127 I libsensor-displayalgo: the value of  CAL REAL LUX180.336700
06-20 17:57:36.885  2018  3127 D libsensor-displayalgo: the value of  brightness:438.000000,R:53460989.281127,G:58359158.043723,B:65345750.697288,EVENT_C:5729.000000,EVENT_R:2213.000000,EVENT_G:2908.500000,EVENT_B:1156.000000
06-20 17:57:36.885  2018  3127 I libsensor-displayalgo: the value of  Coef1:1107.681000,Coef4:2.383000, scale1:0.935522, scale4:0.923264
06-20 17:57:36.885  2018  3127 E libsensor-displayalgo: RGB_test_0407_400_oldzy!
06-20 17:57:36.886  2018  3127 I libsensor-displayalgo: the value of  RESULT2533.945896,969.522769,1257.477939,465.555527
06-20 17:57:36.886  2018  3127 I libsensor-displayalgo: the value of  getChannelDataCalibrated2656.703940,897.964958,1461.571864,508.122530
06-20 17:57:36.886  2018  3127 I libsensor-displayalgo: the value of  REAL LUX180.451721
06-20 17:57:36.886  2018  3127 I libsensor-displayalgo: the value of  CAL REAL LUX180.451721
06-20 17:57:37.186  2018  3127 D libsensor-displayalgo: the value of  brightness:438.000000,R:53460989.281127,G:58359158.043723,B:65345750.697288,EVENT_C:5728.500000,EVENT_R:2211.000000,EVENT_G:2911.000000,EVENT_B:1155.000000
06-20 17:57:37.186  2018  3127 I libsensor-displayalgo: the value of  Coef1:1107.681000,Coef4:2.383000, scale1:0.935522, scale4:0.923264
06-20 17:57:37.186  2018  3127 E libsensor-displayalgo: RGB_test_0407_400_oldzy!
06-20 17:57:37.186  2018  3127 I libsensor-displayalgo: the value of  RESULT2533.945896,969.522769,1257.477939,465.555527
06-20 17:57:37.187  2018  3127 I libsensor-displayalgo: the value of  getChannelDataCalibrated2656.703940,897.964958,1461.571864,508.122530
06-20 17:57:37.187  2018  3127 I libsensor-displayalgo: the value of  REAL LUX180.686829
06-20 17:57:37.187  2018  3127 I libsensor-displayalgo: the value of  CAL REAL LUX180.686829
06-20 17:57:37.486  2018  3127 D libsensor-displayalgo: the value of  brightness:438.000000,R:53460989.281127,G:58359158.043723,B:65345750.697288,EVENT_C:5730.000000,EVENT_R:2215.000000,EVENT_G:2910.500000,EVENT_B:1157.000000
06-20 17:57:37.486  2018  3127 I libsensor-displayalgo: the value of  Coef1:1107.681000,Coef4:2.383000, scale1:0.935522, scale4:0.923264
06-20 17:57:37.486  2018  3127 E libsensor-displayalgo: RGB_test_0407_400_oldzy!
06-20 17:57:37.487  2018  3127 I libsensor-displayalgo: the value of  RESULT2533.945896,969.522769,1257.477939,465.555527
06-20 17:57:37.487  2018  3127 I libsensor-displayalgo: the value of  getChannelDataCalibrated2656.703940,897.964958,1461.571864,508.122530
06-20 17:57:37.487  2018  3127 I libsensor-displayalgo: the value of  REAL LUX180.456665
06-20 17:57:37.487  2018  3127 I libsensor-displayalgo: the value of  CAL REAL LUX180.456665
06-20 17:57:37.786  2018  3127 D libsensor-displayalgo: the value of  brightness:438.000000,R:53460989.281127,G:58359158.043723,B:65345750.697288,EVENT_C:5730.000000,EVENT_R:2214.000000,EVENT_G:2911.500000,EVENT_B:1156.500000
06-20 17:57:37.786  2018  3127 I libsensor-displayalgo: the value of  Coef1:1107.681000,Coef4:2.383000, scale1:0.935522, scale4:0.923264
06-20 17:57:37.786  2018  3127 E libsensor-displayalgo: RGB_test_0407_400_oldzy!
06-20 17:57:37.787  2018  3127 I libsensor-displayalgo: the value of  RESULT2533.945896,969.522769,1257.477939,465.555527
06-20 17:57:37.787  2018  3127 I libsensor-displayalgo: the value of  getChannelDataCalibrated2656.703940,897.964958,1461.571864,508.122530
06-20 17:57:37.787  2018  3127 I libsensor-displayalgo: the value of  REAL LUX180.580475
06-20 17:57:37.787  2018  3127 I libsensor-displayalgo: the value of  CAL REAL LUX180.580475
06-20 17:57:38.086  2018  3127 D libsensor-displayalgo: the value of  brightness:438.000000,R:53460989.281127,G:58359158.043723,B:65345750.697288,EVENT_C:5729.500000,EVENT_R:2213.500000,EVENT_G:2912.500000,EVENT_B:1155.500000
06-20 17:57:38.086  2018  3127 I libsensor-displayalgo: the value of  Coef1:1107.681000,Coef4:2.383000, scale1:0.935522, scale4:0.923264
06-20 17:57:38.086  2018  3127 E libsensor-displayalgo: RGB_test_0407_400_oldzy!
06-20 17:57:38.087  2018  3127 I libsensor-displayalgo: the value of  RESULT2533.945896,969.522769,1257.477939,465.555527
06-20 17:57:38.087  2018  3127 I libsensor-displayalgo: the value of  getChannelDataCalibrated2656.703940,897.964958,1461.571864,508.122530
06-20 17:57:38.087  2018  3127 I libsensor-displayalgo: the value of  REAL LUX180.690781
06-20 17:57:38.087  2018  3127 I libsensor-displayalgo: the value of  CAL REAL LUX180.690781
06-20 17:57:38.382  2018  3127 D libsensor-displayalgo: the value of  brightness:438.000000,R:53460989.281127,G:58359158.043723,B:65345750.697288,EVENT_C:5718.500000,EVENT_R:2210.500000,EVENT_G:2905.500000,EVENT_B:1154.500000
06-20 17:57:38.382  2018  3127 I libsensor-displayalgo: the value of  Coef1:1107.681000,Coef4:2.383000, scale1:0.935522, scale4:0.923264
06-20 17:57:38.382  2018  3127 E libsensor-displayalgo: RGB_test_0407_400_oldzy!
06-20 17:57:38.383  2018  3127 I libsensor-displayalgo: the value of  RESULT2533.945896,969.522769,1257.477939,465.555527
06-20 17:57:38.383  2018  3127 I libsensor-displayalgo: the value of  getChannelDataCalibrated2656.703940,897.964958,1461.571864,508.122530
06-20 17:57:38.383  2018  3127 I libsensor-displayalgo: the value of  REAL LUX179.790329
06-20 17:57:38.383  2018  3127 I libsensor-displayalgo: the value of  CAL REAL LUX179.790329
06-20 17:57:38.580  2431  3408 I BatteryService: current mPlugType2current mHealthInfo.batteryLevel100current mHealthInfo.batteryTemperature355
06-20 17:57:38.587  5858  7526 D ThermalIECHandler: storeDataStyle: thermal_iec_monitor_persistence_data_style_iec_state; startIECTime: -1; IECScreenOffOverPeriodTime: 518734563
06-20 17:57:38.589  4145  4145 D QtiCarrierConfigHelper: WARNING, no carrier configs on phone Id: 1
06-20 17:57:38.589  4190  4190 D DynamicService:  ACTION_BATTERY_CHANGED change,USB plug = 2
06-20 17:57:38.592  5858  6736 D PowerKeeper.FrozenApp: onBatteryChanged plug=true mBatteryPlugged=2
06-20 17:57:38.592  5735  5735 I BatteryInfoReceiver: ACTION_BATTERY_CHANGED
06-20 17:57:38.593  5858  7218 D PowerCheckerService: onBatteryChanged, mBatteryLevel = 100, status = 2, level = 100, plug = 2, scale = 100
06-20 17:57:38.593  5858  7667 D PowerKeeper.Thermal: mBatteryTemperature: 35
06-20 17:57:38.596  5735  5735 I PowerNoticeUI: handleBatteryChanged oldPlugType 2 mPlugType 2 oldBatteryLevel 100 mBatteryLevel 100 temperature 355
06-20 17:57:38.597  2431  2647 I android_os_HwBinder: HwBinder: Starting thread pool for getting: vendor.xiaomi.hardware.micharge@1.0::IMiCharge/default
06-20 17:57:38.598  1322 19976 E vendor.xiaomi.hardware.micharge@1.0-service: Failed to open node /sys/class/qcom-battery/reverse_chg_mode
06-20 17:57:38.598  1322 19976 I vendor.xiaomi.hardware.micharge@1.0-service: ReadFilePathValue path = /sys/class/qcom-battery/reverse_chg_mode value =
06-20 17:57:38.599  4176  4176 V DeviceStatisticsService: chargerType=2 batteryLevel=100 totalBatteryCapacity=4151000
06-20 17:57:38.603  2431  2647 I android_os_HwBinder: HwBinder: Starting thread pool for getting: vendor.xiaomi.hardware.micharge@1.0::IMiCharge/default
06-20 17:57:38.603  1322 19976 I vendor.xiaomi.hardware.micharge@1.0-service: ReadFilePathValue path = /sys/class/qcom-battery/fastchg_mode value = 0
